[2023-11-09T11:02:06.631+0000][0.109s][info][gc,heap] Heap region size: 1M
[2023-11-09T11:02:06.637+0000][0.115s][info][gc     ] Using G1
[2023-11-09T11:02:06.638+0000][0.116s][info][gc,heap,coops] Heap address: 0x0000000085a00000, size: 1958 MB, Compressed Oops mode: 32-bit
[2023-11-09T11:02:06.643+0000][0.121s][info][gc,cds       ] Mark closed archive regions in map: [0x00000000ffc00000, 0x00000000ffc6aff8]
[2023-11-09T11:02:06.643+0000][0.121s][info][gc,cds       ] Mark open archive regions in map: [0x00000000ff800000, 0x00000000ff847ff8]
[2023-11-09T11:02:06.739+0000][0.216s][debug][safepoint    ] Safepoint synchronization initiated. (9 threads)
[2023-11-09T11:02:06.739+0000][0.217s][info ][safepoint    ] Application time: 0.0379910 seconds
[2023-11-09T11:02:06.740+0000][0.217s][info ][safepoint    ] Entering safepoint region: Deoptimize
[2023-11-09T11:02:06.740+0000][0.218s][info ][safepoint    ] Leaving safepoint region
[2023-11-09T11:02:06.741+0000][0.218s][info ][safepoint    ] Total time for which application threads were stopped: 0.0009572 seconds, Stopping threads took: 0.0003716 seconds
[2023-11-09T11:02:07.294+0000][0.772s][debug][safepoint    ] Safepoint synchronization initiated. (11 threads)
[2023-11-09T11:02:07.295+0000][0.773s][info ][safepoint    ] Application time: 0.5540392 seconds
[2023-11-09T11:02:07.295+0000][0.773s][info ][safepoint    ] Entering safepoint region: G1CollectForAllocation
[2023-11-09T11:02:07.296+0000][0.774s][info ][gc,start     ] GC(0) Pause Young (Normal) (G1 Evacuation Pause)
[2023-11-09T11:02:07.297+0000][0.774s][info ][gc,task      ] GC(0) Using 3 workers of 8 for evacuation
[2023-11-09T11:02:07.307+0000][0.784s][info ][gc,phases    ] GC(0)   Pre Evacuate Collection Set: 0.0ms
[2023-11-09T11:02:07.307+0000][0.785s][info ][gc,phases    ] GC(0)   Evacuate Collection Set: 8.5ms
[2023-11-09T11:02:07.307+0000][0.785s][info ][gc,phases    ] GC(0)   Post Evacuate Collection Set: 0.8ms
[2023-11-09T11:02:07.308+0000][0.785s][info ][gc,phases    ] GC(0)   Other: 1.2ms
[2023-11-09T11:02:07.308+0000][0.786s][info ][gc,heap      ] GC(0) Eden regions: 59->0(66)
[2023-11-09T11:02:07.308+0000][0.786s][info ][gc,heap      ] GC(0) Survivor regions: 0->8(8)
[2023-11-09T11:02:07.308+0000][0.786s][info ][gc,heap      ] GC(0) Old regions: 2->2
[2023-11-09T11:02:07.309+0000][0.787s][info ][gc,heap      ] GC(0) Humongous regions: 2->0
[2023-11-09T11:02:07.309+0000][0.787s][info ][gc,metaspace ] GC(0) Metaspace: 2426K(5760K)->2426K(5760K) NonClass: 2223K(5120K)->2223K(5120K) Class: 203K(640K)->203K(640K)
[2023-11-09T11:02:07.309+0000][0.787s][info ][gc           ] GC(0) Pause Young (Normal) (G1 Evacuation Pause) 61M->8M(126M) 13.287ms
[2023-11-09T11:02:07.309+0000][0.787s][info ][gc,cpu       ] GC(0) User=0.06s Sys=0.00s Real=0.01s
[2023-11-09T11:02:07.310+0000][0.788s][info ][safepoint    ] Leaving safepoint region
[2023-11-09T11:02:07.310+0000][0.788s][info ][safepoint    ] Total time for which application threads were stopped: 0.0146887 seconds, Stopping threads took: 0.0003889 seconds
[2023-11-09T11:02:07.371+0000][0.849s][debug][safepoint    ] Safepoint synchronization initiated. (11 threads)
[2023-11-09T11:02:07.371+0000][0.849s][info ][safepoint    ] Application time: 0.0608721 seconds
[2023-11-09T11:02:07.372+0000][0.849s][info ][safepoint    ] Entering safepoint region: Deoptimize
[2023-11-09T11:02:07.372+0000][0.850s][info ][safepoint    ] Leaving safepoint region
[2023-11-09T11:02:07.372+0000][0.850s][info ][safepoint    ] Total time for which application threads were stopped: 0.0008492 seconds, Stopping threads took: 0.0003312 seconds
[2023-11-09T11:02:07.378+0000][0.856s][debug][safepoint    ] Safepoint synchronization initiated. (11 threads)
[2023-11-09T11:02:07.378+0000][0.856s][info ][safepoint    ] Application time: 0.0055887 seconds
[2023-11-09T11:02:07.379+0000][0.857s][info ][safepoint    ] Entering safepoint region: Deoptimize
[2023-11-09T11:02:07.379+0000][0.857s][info ][safepoint    ] Leaving safepoint region
[2023-11-09T11:02:07.380+0000][0.858s][info ][safepoint    ] Total time for which application threads were stopped: 0.0010336 seconds, Stopping threads took: 0.0003526 seconds
[2023-11-09T11:02:07.437+0000][0.915s][debug][safepoint    ] Safepoint synchronization initiated. (11 threads)
[2023-11-09T11:02:07.438+0000][0.915s][info ][safepoint    ] Application time: 0.0574791 seconds
[2023-11-09T11:02:07.438+0000][0.916s][info ][safepoint    ] Entering safepoint region: Deoptimize
[2023-11-09T11:02:07.438+0000][0.916s][info ][safepoint    ] Leaving safepoint region
[2023-11-09T11:02:07.439+0000][0.917s][info ][safepoint    ] Total time for which application threads were stopped: 0.0008273 seconds, Stopping threads took: 0.0003052 seconds
[2023-11-09T11:02:07.446+0000][0.923s][debug][safepoint    ] Safepoint synchronization initiated. (11 threads)
[2023-11-09T11:02:07.446+0000][0.924s][info ][safepoint    ] Application time: 0.0070260 seconds
[2023-11-09T11:02:07.446+0000][0.924s][info ][safepoint    ] Entering safepoint region: Deoptimize
[2023-11-09T11:02:07.447+0000][0.925s][info ][safepoint    ] Leaving safepoint region
[2023-11-09T11:02:07.447+0000][0.925s][info ][safepoint    ] Total time for which application threads were stopped: 0.0009395 seconds, Stopping threads took: 0.0003214 seconds
[2023-11-09T11:02:07.586+0000][1.064s][debug][safepoint    ] Safepoint synchronization initiated. (12 threads)
[2023-11-09T11:02:07.587+0000][1.065s][info ][safepoint    ] Application time: 0.1392576 seconds
[2023-11-09T11:02:07.587+0000][1.065s][info ][safepoint    ] Entering safepoint region: G1CollectForAllocation
[2023-11-09T11:02:07.588+0000][1.066s][info ][gc,start     ] GC(1) Pause Young (Normal) (G1 Evacuation Pause)
[2023-11-09T11:02:07.588+0000][1.066s][info ][gc,task      ] GC(1) Using 3 workers of 8 for evacuation
[2023-11-09T11:02:07.598+0000][1.076s][info ][gc,phases    ] GC(1)   Pre Evacuate Collection Set: 0.0ms
[2023-11-09T11:02:07.599+0000][1.077s][info ][gc,phases    ] GC(1)   Evacuate Collection Set: 9.0ms
[2023-11-09T11:02:07.599+0000][1.077s][info ][gc,phases    ] GC(1)   Post Evacuate Collection Set: 0.8ms
[2023-11-09T11:02:07.600+0000][1.077s][info ][gc,phases    ] GC(1)   Other: 0.7ms
[2023-11-09T11:02:07.600+0000][1.078s][info ][gc,heap      ] GC(1) Eden regions: 66->0(69)
[2023-11-09T11:02:07.600+0000][1.078s][info ][gc,heap      ] GC(1) Survivor regions: 8->2(10)
[2023-11-09T11:02:07.601+0000][1.078s][info ][gc,heap      ] GC(1) Old regions: 2->10
[2023-11-09T11:02:07.601+0000][1.079s][info ][gc,heap      ] GC(1) Humongous regions: 0->0
[2023-11-09T11:02:07.601+0000][1.079s][info ][gc,metaspace ] GC(1) Metaspace: 5225K(7552K)->5225K(7552K) NonClass: 4662K(6656K)->4662K(6656K) Class: 563K(896K)->563K(896K)
[2023-11-09T11:02:07.602+0000][1.079s][info ][gc           ] GC(1) Pause Young (Normal) (G1 Evacuation Pause) 74M->9M(126M) 13.694ms
[2023-11-09T11:02:07.602+0000][1.080s][info ][gc,cpu       ] GC(1) User=0.06s Sys=0.02s Real=0.02s
[2023-11-09T11:02:07.602+0000][1.080s][info ][safepoint    ] Leaving safepoint region
[2023-11-09T11:02:07.603+0000][1.081s][info ][safepoint    ] Total time for which application threads were stopped: 0.0153469 seconds, Stopping threads took: 0.0003481 seconds
[2023-11-09T11:02:07.603+0000][1.081s][info ][gc,stringdedup] Concurrent String Deduplication (1.081s)
[2023-11-09T11:02:07.616+0000][1.094s][info ][gc,stringdedup] Concurrent String Deduplication 2183.4K->2008.8K(174.6K) avg 7.1% (1.081s, 1.094s) 13.291ms
[2023-11-09T11:02:07.948+0000][1.426s][debug][safepoint     ] Safepoint synchronization initiated. (12 threads)
[2023-11-09T11:02:07.949+0000][1.427s][info ][safepoint     ] Application time: 0.3458762 seconds
[2023-11-09T11:02:07.949+0000][1.427s][info ][safepoint     ] Entering safepoint region: G1CollectForAllocation
[2023-11-09T11:02:07.950+0000][1.428s][info ][gc,start      ] GC(2) Pause Young (Normal) (G1 Evacuation Pause)
[2023-11-09T11:02:07.950+0000][1.428s][info ][gc,task       ] GC(2) Using 3 workers of 8 for evacuation
[2023-11-09T11:02:07.954+0000][1.432s][info ][gc,phases     ] GC(2)   Pre Evacuate Collection Set: 0.0ms
[2023-11-09T11:02:07.954+0000][1.432s][info ][gc,phases     ] GC(2)   Evacuate Collection Set: 2.6ms
[2023-11-09T11:02:07.955+0000][1.432s][info ][gc,phases     ] GC(2)   Post Evacuate Collection Set: 0.9ms
[2023-11-09T11:02:07.955+0000][1.433s][info ][gc,phases     ] GC(2)   Other: 0.7ms
[2023-11-09T11:02:07.955+0000][1.433s][info ][gc,heap       ] GC(2) Eden regions: 69->0(72)
[2023-11-09T11:02:07.955+0000][1.433s][info ][gc,heap       ] GC(2) Survivor regions: 2->2(9)
[2023-11-09T11:02:07.956+0000][1.433s][info ][gc,heap       ] GC(2) Old regions: 10->10
[2023-11-09T11:02:07.956+0000][1.434s][info ][gc,heap       ] GC(2) Humongous regions: 0->0
[2023-11-09T11:02:07.956+0000][1.434s][info ][gc,metaspace  ] GC(2) Metaspace: 7296K(9088K)->7296K(9088K) NonClass: 6461K(7936K)->6461K(7936K) Class: 834K(1152K)->834K(1152K)
[2023-11-09T11:02:07.956+0000][1.434s][info ][gc            ] GC(2) Pause Young (Normal) (G1 Evacuation Pause) 78M->10M(126M) 6.678ms
[2023-11-09T11:02:07.957+0000][1.434s][info ][gc,cpu        ] GC(2) User=0.01s Sys=0.00s Real=0.00s
[2023-11-09T11:02:07.957+0000][1.435s][info ][safepoint     ] Leaving safepoint region
[2023-11-09T11:02:07.957+0000][1.435s][info ][safepoint     ] Total time for which application threads were stopped: 0.0079921 seconds, Stopping threads took: 0.0003235 seconds
[2023-11-09T11:02:08.208+0000][1.685s][debug][safepoint     ] Safepoint synchronization initiated. (12 threads)
[2023-11-09T11:02:08.208+0000][1.686s][info ][safepoint     ] Application time: 0.2506429 seconds
[2023-11-09T11:02:08.208+0000][1.686s][info ][safepoint     ] Entering safepoint region: G1CollectForAllocation
[2023-11-09T11:02:08.209+0000][1.687s][info ][gc,start      ] GC(3) Pause Young (Normal) (G1 Evacuation Pause)
[2023-11-09T11:02:08.210+0000][1.688s][info ][gc,task       ] GC(3) Using 3 workers of 8 for evacuation
[2023-11-09T11:02:08.215+0000][1.693s][info ][gc,phases     ] GC(3)   Pre Evacuate Collection Set: 0.0ms
[2023-11-09T11:02:08.215+0000][1.693s][info ][gc,phases     ] GC(3)   Evacuate Collection Set: 3.3ms
[2023-11-09T11:02:08.216+0000][1.694s][info ][gc,phases     ] GC(3)   Post Evacuate Collection Set: 1.2ms
[2023-11-09T11:02:08.216+0000][1.694s][info ][gc,phases     ] GC(3)   Other: 1.0ms
[2023-11-09T11:02:08.217+0000][1.695s][info ][gc,heap       ] GC(3) Eden regions: 72->0(71)
[2023-11-09T11:02:08.217+0000][1.695s][info ][gc,heap       ] GC(3) Survivor regions: 2->3(10)
[2023-11-09T11:02:08.218+0000][1.695s][info ][gc,heap       ] GC(3) Old regions: 10->10
[2023-11-09T11:02:08.218+0000][1.696s][info ][gc,heap       ] GC(3) Humongous regions: 0->0
[2023-11-09T11:02:08.218+0000][1.696s][info ][gc,metaspace  ] GC(3) Metaspace: 10488K(11776K)->10488K(11776K) NonClass: 9199K(10240K)->9199K(10240K) Class: 1288K(1536K)->1288K(1536K)
[2023-11-09T11:02:08.219+0000][1.696s][info ][gc            ] GC(3) Pause Young (Normal) (G1 Evacuation Pause) 82M->11M(126M) 9.309ms
[2023-11-09T11:02:08.219+0000][1.697s][info ][gc,cpu        ] GC(3) User=0.02s Sys=0.00s Real=0.01s
[2023-11-09T11:02:08.219+0000][1.697s][info ][safepoint     ] Leaving safepoint region
[2023-11-09T11:02:08.220+0000][1.697s][info ][safepoint     ] Total time for which application threads were stopped: 0.0111445 seconds, Stopping threads took: 0.0006810 seconds
[2023-11-09T11:02:08.220+0000][1.698s][info ][gc,stringdedup] Concurrent String Deduplication (1.698s)
[2023-11-09T11:02:08.221+0000][1.699s][info ][gc,stringdedup] Concurrent String Deduplication 55760.0B->21968.0B(33792.0B) avg 8.3% (1.698s, 1.699s) 1.102ms
[2023-11-09T11:02:08.330+0000][1.807s][debug][safepoint     ] Safepoint synchronization initiated. (12 threads)
[2023-11-09T11:02:08.330+0000][1.808s][info ][safepoint     ] Application time: 0.1102991 seconds
[2023-11-09T11:02:08.331+0000][1.808s][info ][safepoint     ] Entering safepoint region: Deoptimize
[2023-11-09T11:02:08.332+0000][1.809s][info ][safepoint     ] Leaving safepoint region
[2023-11-09T11:02:08.332+0000][1.810s][info ][safepoint     ] Total time for which application threads were stopped: 0.0013490 seconds, Stopping threads took: 0.0005140 seconds
[2023-11-09T11:02:08.400+0000][1.878s][debug][safepoint     ] Safepoint synchronization initiated. (12 threads)
[2023-11-09T11:02:08.401+0000][1.878s][info ][safepoint     ] Application time: 0.0680323 seconds
[2023-11-09T11:02:08.401+0000][1.879s][info ][safepoint     ] Entering safepoint region: ICBufferFull
[2023-11-09T11:02:08.401+0000][1.879s][info ][safepoint     ] Leaving safepoint region
[2023-11-09T11:02:08.402+0000][1.880s][info ][safepoint     ] Total time for which application threads were stopped: 0.0008165 seconds, Stopping threads took: 0.0003232 seconds
[2023-11-09T11:02:08.485+0000][1.962s][debug][safepoint     ] Safepoint synchronization initiated. (13 threads)
[2023-11-09T11:02:08.485+0000][1.963s][info ][safepoint     ] Application time: 0.0830721 seconds
[2023-11-09T11:02:08.485+0000][1.963s][info ][safepoint     ] Entering safepoint region: G1CollectForAllocation
[2023-11-09T11:02:08.486+0000][1.964s][info ][gc,start      ] GC(4) Pause Young (Normal) (G1 Evacuation Pause)
[2023-11-09T11:02:08.486+0000][1.964s][info ][gc,task       ] GC(4) Using 4 workers of 8 for evacuation
[2023-11-09T11:02:08.492+0000][1.970s][info ][gc,phases     ] GC(4)   Pre Evacuate Collection Set: 0.0ms
[2023-11-09T11:02:08.492+0000][1.970s][info ][gc,phases     ] GC(4)   Evacuate Collection Set: 3.8ms
[2023-11-09T11:02:08.493+0000][1.971s][info ][gc,phases     ] GC(4)   Post Evacuate Collection Set: 1.4ms
[2023-11-09T11:02:08.493+0000][1.971s][info ][gc,phases     ] GC(4)   Other: 0.8ms
[2023-11-09T11:02:08.494+0000][1.971s][info ][gc,heap       ] GC(4) Eden regions: 71->0(82)
[2023-11-09T11:02:08.494+0000][1.972s][info ][gc,heap       ] GC(4) Survivor regions: 3->6(10)
[2023-11-09T11:02:08.494+0000][1.972s][info ][gc,heap       ] GC(4) Old regions: 10->10
[2023-11-09T11:02:08.494+0000][1.972s][info ][gc,heap       ] GC(4) Humongous regions: 0->0
[2023-11-09T11:02:08.495+0000][1.973s][info ][gc,metaspace  ] GC(4) Metaspace: 12536K(13312K)->12536K(13312K) NonClass: 10990K(11520K)->10990K(11520K) Class: 1545K(1792K)->1545K(1792K)
[2023-11-09T11:02:08.495+0000][1.973s][info ][gc            ] GC(4) Pause Young (Normal) (G1 Evacuation Pause) 82M->13M(152M) 9.309ms
[2023-11-09T11:02:08.495+0000][1.973s][info ][gc,cpu        ] GC(4) User=0.04s Sys=0.01s Real=0.01s
[2023-11-09T11:02:08.496+0000][1.974s][info ][safepoint     ] Leaving safepoint region
[2023-11-09T11:02:08.496+0000][1.974s][info ][safepoint     ] Total time for which application threads were stopped: 0.0107243 seconds, Stopping threads took: 0.0003023 seconds
[2023-11-09T11:02:08.497+0000][1.974s][info ][gc,stringdedup] Concurrent String Deduplication (1.974s)
[2023-11-09T11:02:08.500+0000][1.978s][info ][gc,stringdedup] Concurrent String Deduplication 114.3K->35840.0B(81216.0B) avg 10.9% (1.974s, 1.977s) 3.130ms
[2023-11-09T11:02:08.661+0000][2.139s][debug][safepoint     ] Safepoint synchronization initiated. (14 threads)
[2023-11-09T11:02:08.662+0000][2.140s][info ][safepoint     ] Application time: 0.1652501 seconds
[2023-11-09T11:02:08.662+0000][2.140s][debug][safepoint     ] ... found polling page return exception at pc = 0x00007fb4f02c9f94, stub =0x00007fb4e8840600
[2023-11-09T11:02:08.663+0000][2.140s][debug][safepoint     ] Waiting for 1 thread(s) to block
[2023-11-09T11:02:08.663+0000][2.141s][info ][safepoint     ] Entering safepoint region: G1CollectForAllocation
[2023-11-09T11:02:08.663+0000][2.141s][info ][gc,start      ] GC(5) Pause Young (Normal) (G1 Evacuation Pause)
[2023-11-09T11:02:08.664+0000][2.142s][info ][gc,task       ] GC(5) Using 4 workers of 8 for evacuation
[2023-11-09T11:02:08.669+0000][2.147s][info ][gc,phases     ] GC(5)   Pre Evacuate Collection Set: 0.0ms
[2023-11-09T11:02:08.670+0000][2.147s][info ][gc,phases     ] GC(5)   Evacuate Collection Set: 3.6ms
[2023-11-09T11:02:08.670+0000][2.148s][info ][gc,phases     ] GC(5)   Post Evacuate Collection Set: 0.9ms
[2023-11-09T11:02:08.670+0000][2.148s][info ][gc,phases     ] GC(5)   Other: 1.0ms
[2023-11-09T11:02:08.671+0000][2.148s][info ][gc,heap       ] GC(5) Eden regions: 82->0(85)
[2023-11-09T11:02:08.671+0000][2.149s][info ][gc,heap       ] GC(5) Survivor regions: 6->6(11)
[2023-11-09T11:02:08.672+0000][2.150s][info ][gc,heap       ] GC(5) Old regions: 10->10
[2023-11-09T11:02:08.672+0000][2.150s][info ][gc,heap       ] GC(5) Humongous regions: 0->0
[2023-11-09T11:02:08.673+0000][2.151s][info ][gc,metaspace  ] GC(5) Metaspace: 15294K(16000K)->15294K(16000K) NonClass: 13380K(13824K)->13380K(13824K) Class: 1913K(2176K)->1913K(2176K)
[2023-11-09T11:02:08.673+0000][2.151s][info ][gc            ] GC(5) Pause Young (Normal) (G1 Evacuation Pause) 95M->14M(152M) 9.678ms
[2023-11-09T11:02:08.673+0000][2.151s][info ][gc,cpu        ] GC(5) User=0.02s Sys=0.00s Real=0.01s
[2023-11-09T11:02:08.674+0000][2.152s][info ][safepoint     ] Leaving safepoint region
[2023-11-09T11:02:08.674+0000][2.152s][info ][safepoint     ] Total time for which application threads were stopped: 0.0118601 seconds, Stopping threads took: 0.0011914 seconds
[2023-11-09T11:02:08.674+0000][2.152s][info ][gc,stringdedup] Concurrent String Deduplication (2.152s)
[2023-11-09T11:02:08.675+0000][2.153s][info ][gc,stringdedup] Concurrent String Deduplication 97920.0B->33264.0B(64656.0B) avg 12.9% (2.152s, 2.153s) 1.138ms
[2023-11-09T11:02:08.806+0000][2.284s][debug][safepoint     ] Safepoint synchronization initiated. (14 threads)
[2023-11-09T11:02:08.807+0000][2.285s][info ][safepoint     ] Application time: 0.1326012 seconds
[2023-11-09T11:02:08.807+0000][2.285s][info ][safepoint     ] Entering safepoint region: Deoptimize
[2023-11-09T11:02:08.807+0000][2.286s][info ][safepoint     ] Leaving safepoint region
[2023-11-09T11:02:08.808+0000][2.286s][info ][safepoint     ] Total time for which application threads were stopped: 0.0009312 seconds, Stopping threads took: 0.0002789 seconds
[2023-11-09T11:02:08.819+0000][2.297s][debug][safepoint     ] Safepoint synchronization initiated. (14 threads)
[2023-11-09T11:02:08.820+0000][2.298s][info ][safepoint     ] Application time: 0.0114580 seconds
[2023-11-09T11:02:08.820+0000][2.298s][info ][safepoint     ] Entering safepoint region: Deoptimize
[2023-11-09T11:02:08.821+0000][2.299s][info ][safepoint     ] Leaving safepoint region
[2023-11-09T11:02:08.821+0000][2.299s][info ][safepoint     ] Total time for which application threads were stopped: 0.0011846 seconds, Stopping threads took: 0.0003732 seconds
[2023-11-09T11:02:08.842+0000][2.320s][debug][safepoint     ] Safepoint synchronization initiated. (14 threads)
[2023-11-09T11:02:08.842+0000][2.320s][info ][safepoint     ] Application time: 0.0207094 seconds
[2023-11-09T11:02:08.843+0000][2.321s][debug][safepoint     ] ... found polling page return exception at pc = 0x00007fb4f0303d49, stub =0x00007fb4e8840600
[2023-11-09T11:02:08.843+0000][2.321s][debug][safepoint     ] Waiting for 1 thread(s) to block
[2023-11-09T11:02:08.843+0000][2.322s][info ][safepoint     ] Entering safepoint region: G1CollectForAllocation
[2023-11-09T11:02:08.844+0000][2.322s][info ][gc,start      ] GC(6) Pause Young (Normal) (G1 Evacuation Pause)
[2023-11-09T11:02:08.844+0000][2.322s][info ][gc,task       ] GC(6) Using 4 workers of 8 for evacuation
[2023-11-09T11:02:08.849+0000][2.327s][info ][gc,phases     ] GC(6)   Pre Evacuate Collection Set: 0.0ms
[2023-11-09T11:02:08.850+0000][2.328s][info ][gc,phases     ] GC(6)   Evacuate Collection Set: 3.8ms
[2023-11-09T11:02:08.850+0000][2.328s][info ][gc,phases     ] GC(6)   Post Evacuate Collection Set: 0.9ms
[2023-11-09T11:02:08.850+0000][2.328s][info ][gc,phases     ] GC(6)   Other: 0.7ms
[2023-11-09T11:02:08.851+0000][2.329s][info ][gc,heap       ] GC(6) Eden regions: 85->0(84)
[2023-11-09T11:02:08.851+0000][2.329s][info ][gc,heap       ] GC(6) Survivor regions: 6->7(12)
[2023-11-09T11:02:08.851+0000][2.329s][info ][gc,heap       ] GC(6) Old regions: 10->10
[2023-11-09T11:02:08.852+0000][2.330s][info ][gc,heap       ] GC(6) Humongous regions: 0->0
[2023-11-09T11:02:08.852+0000][2.330s][info ][gc,metaspace  ] GC(6) Metaspace: 17271K(18176K)->17271K(18176K) NonClass: 15023K(15616K)->15023K(15616K) Class: 2248K(2560K)->2248K(2560K)
[2023-11-09T11:02:08.852+0000][2.330s][info ][gc            ] GC(6) Pause Young (Normal) (G1 Evacuation Pause) 99M->15M(152M) 8.437ms
[2023-11-09T11:02:08.853+0000][2.331s][info ][gc,cpu        ] GC(6) User=0.01s Sys=0.01s Real=0.01s
[2023-11-09T11:02:08.853+0000][2.331s][info ][safepoint     ] Leaving safepoint region
[2023-11-09T11:02:08.853+0000][2.331s][info ][safepoint     ] Total time for which application threads were stopped: 0.0106048 seconds, Stopping threads took: 0.0011084 seconds
[2023-11-09T11:02:08.854+0000][2.332s][info ][gc,stringdedup] Concurrent String Deduplication (2.332s)
[2023-11-09T11:02:08.855+0000][2.334s][info ][gc,stringdedup] Concurrent String Deduplication 137.3K->104.3K(33792.0B) avg 13.4% (2.332s, 2.334s) 1.906ms
[2023-11-09T11:02:08.975+0000][2.453s][debug][safepoint     ] Safepoint synchronization initiated. (14 threads)
[2023-11-09T11:02:08.976+0000][2.454s][info ][safepoint     ] Application time: 0.1221823 seconds
[2023-11-09T11:02:08.976+0000][2.454s][info ][safepoint     ] Entering safepoint region: Deoptimize
[2023-11-09T11:02:08.977+0000][2.455s][info ][safepoint     ] Leaving safepoint region
[2023-11-09T11:02:08.977+0000][2.455s][info ][safepoint     ] Total time for which application threads were stopped: 0.0010414 seconds, Stopping threads took: 0.0003289 seconds
[2023-11-09T11:02:09.042+0000][2.520s][debug][safepoint     ] Safepoint synchronization initiated. (14 threads)
[2023-11-09T11:02:09.042+0000][2.521s][info ][safepoint     ] Application time: 0.0650280 seconds
[2023-11-09T11:02:09.043+0000][2.521s][debug][safepoint     ] ... found polling page return exception at pc = 0x00007fb4f047fe54, stub =0x00007fb4e8840600
[2023-11-09T11:02:09.043+0000][2.521s][debug][safepoint     ] Waiting for 1 thread(s) to block
[2023-11-09T11:02:09.044+0000][2.522s][info ][safepoint     ] Entering safepoint region: G1CollectForAllocation
[2023-11-09T11:02:09.044+0000][2.522s][info ][gc,start      ] GC(7) Pause Young (Normal) (G1 Evacuation Pause)
[2023-11-09T11:02:09.044+0000][2.522s][info ][gc,task       ] GC(7) Using 4 workers of 8 for evacuation
[2023-11-09T11:02:09.050+0000][2.528s][info ][gc,phases     ] GC(7)   Pre Evacuate Collection Set: 0.0ms
[2023-11-09T11:02:09.050+0000][2.528s][info ][gc,phases     ] GC(7)   Evacuate Collection Set: 4.3ms
[2023-11-09T11:02:09.051+0000][2.529s][info ][gc,phases     ] GC(7)   Post Evacuate Collection Set: 1.0ms
[2023-11-09T11:02:09.051+0000][2.529s][info ][gc,phases     ] GC(7)   Other: 0.7ms
[2023-11-09T11:02:09.051+0000][2.529s][info ][gc,heap       ] GC(7) Eden regions: 84->0(83)
[2023-11-09T11:02:09.052+0000][2.530s][info ][gc,heap       ] GC(7) Survivor regions: 7->8(12)
[2023-11-09T11:02:09.052+0000][2.530s][info ][gc,heap       ] GC(7) Old regions: 10->10
[2023-11-09T11:02:09.052+0000][2.530s][info ][gc,heap       ] GC(7) Humongous regions: 0->0
[2023-11-09T11:02:09.053+0000][2.531s][info ][gc,metaspace  ] GC(7) Metaspace: 19582K(20480K)->19582K(20480K) NonClass: 17075K(17664K)->17075K(17664K) Class: 2507K(2816K)->2507K(2816K)
[2023-11-09T11:02:09.053+0000][2.531s][info ][gc            ] GC(7) Pause Young (Normal) (G1 Evacuation Pause) 99M->16M(152M) 8.939ms
[2023-11-09T11:02:09.053+0000][2.531s][info ][gc,cpu        ] GC(7) User=0.03s Sys=0.00s Real=0.01s
[2023-11-09T11:02:09.054+0000][2.532s][info ][safepoint     ] Leaving safepoint region
[2023-11-09T11:02:09.054+0000][2.532s][info ][safepoint     ] Total time for which application threads were stopped: 0.0110052 seconds, Stopping threads took: 0.0009531 seconds
[2023-11-09T11:02:09.054+0000][2.532s][info ][gc,stringdedup] Concurrent String Deduplication (2.532s)
[2023-11-09T11:02:09.055+0000][2.533s][info ][gc,stringdedup] Concurrent String Deduplication 57168.0B->16048.0B(41120.0B) avg 14.5% (2.532s, 2.533s) 1.070ms
[2023-11-09T11:02:09.106+0000][2.585s][debug][safepoint     ] Safepoint synchronization initiated. (14 threads)
[2023-11-09T11:02:09.107+0000][2.585s][info ][safepoint     ] Application time: 0.0527562 seconds
[2023-11-09T11:02:09.107+0000][2.585s][info ][safepoint     ] Entering safepoint region: CollectForMetadataAllocation
[2023-11-09T11:02:09.108+0000][2.586s][info ][gc,start      ] GC(8) Pause Young (Concurrent Start) (Metadata GC Threshold)
[2023-11-09T11:02:09.108+0000][2.586s][info ][gc,task       ] GC(8) Using 4 workers of 8 for evacuation
[2023-11-09T11:02:09.115+0000][2.593s][info ][gc,phases     ] GC(8)   Pre Evacuate Collection Set: 0.1ms
[2023-11-09T11:02:09.115+0000][2.594s][info ][gc,phases     ] GC(8)   Evacuate Collection Set: 5.5ms
[2023-11-09T11:02:09.116+0000][2.594s][info ][gc,phases     ] GC(8)   Post Evacuate Collection Set: 1.0ms
[2023-11-09T11:02:09.116+0000][2.594s][info ][gc,phases     ] GC(8)   Other: 0.7ms
[2023-11-09T11:02:09.116+0000][2.594s][info ][gc,heap       ] GC(8) Eden regions: 17->0(95)
[2023-11-09T11:02:09.117+0000][2.595s][info ][gc,heap       ] GC(8) Survivor regions: 8->7(12)
[2023-11-09T11:02:09.117+0000][2.595s][info ][gc,heap       ] GC(8) Old regions: 10->12
[2023-11-09T11:02:09.117+0000][2.595s][info ][gc,heap       ] GC(8) Humongous regions: 0->0
[2023-11-09T11:02:09.117+0000][2.596s][info ][gc,metaspace  ] GC(8) Metaspace: 20511K(21248K)->20511K(21248K) NonClass: 17928K(18432K)->17928K(18432K) Class: 2583K(2816K)->2583K(2816K)
[2023-11-09T11:02:09.118+0000][2.596s][info ][gc            ] GC(8) Pause Young (Concurrent Start) (Metadata GC Threshold) 32M->16M(183M) 10.078ms
[2023-11-09T11:02:09.118+0000][2.596s][info ][gc,cpu        ] GC(8) User=0.04s Sys=0.00s Real=0.01s
[2023-11-09T11:02:09.118+0000][2.597s][info ][gc            ] GC(9) Concurrent Cycle
[2023-11-09T11:02:09.118+0000][2.597s][info ][safepoint     ] Leaving safepoint region
[2023-11-09T11:02:09.119+0000][2.597s][info ][safepoint     ] Total time for which application threads were stopped: 0.0117227 seconds, Stopping threads took: 0.0003543 seconds
[2023-11-09T11:02:09.119+0000][2.597s][info ][gc,marking    ] GC(9) Concurrent Clear Claimed Marks
[2023-11-09T11:02:09.119+0000][2.597s][info ][gc,stringdedup] Concurrent String Deduplication (2.597s)
[2023-11-09T11:02:09.120+0000][2.598s][info ][gc,marking    ] GC(9) Concurrent Clear Claimed Marks 1.072ms
[2023-11-09T11:02:09.120+0000][2.598s][info ][gc,marking    ] GC(9) Concurrent Scan Root Regions
[2023-11-09T11:02:09.120+0000][2.598s][debug][safepoint     ] Safepoint synchronization initiated. (14 threads)
[2023-11-09T11:02:09.121+0000][2.599s][info ][safepoint     ] Application time: 0.0017629 seconds
[2023-11-09T11:02:09.121+0000][2.599s][debug][safepoint     ] Waiting for 1 thread(s) to block
[2023-11-09T11:02:09.122+0000][2.600s][info ][safepoint     ] Entering safepoint region: CollectForMetadataAllocation
[2023-11-09T11:02:09.122+0000][2.600s][info ][safepoint     ] Leaving safepoint region
[2023-11-09T11:02:09.123+0000][2.601s][info ][safepoint     ] Total time for which application threads were stopped: 0.0013543 seconds, Stopping threads took: 0.0008801 seconds
[2023-11-09T11:02:09.124+0000][2.602s][info ][gc,marking    ] GC(9) Concurrent Scan Root Regions 3.278ms
[2023-11-09T11:02:09.124+0000][2.602s][info ][gc,marking    ] GC(9) Concurrent Mark (2.602s)
[2023-11-09T11:02:09.124+0000][2.603s][info ][gc,marking    ] GC(9) Concurrent Mark From Roots
[2023-11-09T11:02:09.125+0000][2.603s][info ][gc,task       ] GC(9) Using 2 workers of 2 for marking
[2023-11-09T11:02:09.124+0000][2.602s][info ][gc,stringdedup] Concurrent String Deduplication 173.8K->85984.0B(92000.0B) avg 16.6% (2.597s, 2.602s) 1.773ms
[2023-11-09T11:02:09.134+0000][2.612s][info ][gc,marking    ] GC(9) Concurrent Mark From Roots 9.634ms
[2023-11-09T11:02:09.135+0000][2.613s][info ][gc,marking    ] GC(9) Concurrent Preclean
[2023-11-09T11:02:09.135+0000][2.613s][info ][gc,marking    ] GC(9) Concurrent Preclean 0.535ms
[2023-11-09T11:02:09.136+0000][2.614s][info ][gc,marking    ] GC(9) Concurrent Mark (2.602s, 2.614s) 11.646ms
[2023-11-09T11:02:09.136+0000][2.614s][debug][safepoint     ] Safepoint synchronization initiated. (14 threads)
[2023-11-09T11:02:09.136+0000][2.615s][info ][safepoint     ] Application time: 0.0134868 seconds
[2023-11-09T11:02:09.137+0000][2.615s][debug][safepoint     ] Waiting for 3 thread(s) to block
[2023-11-09T11:02:09.137+0000][2.615s][info ][safepoint     ] Entering safepoint region: CGC_Operation
[2023-11-09T11:02:09.138+0000][2.616s][info ][gc,start      ] GC(9) Pause Remark
[2023-11-09T11:02:09.140+0000][2.618s][info ][gc,stringtable] GC(9) Cleaned string and symbol table, strings: 8317 processed, 6 removed, symbols: 54903 processed, 114 removed
[2023-11-09T11:02:09.141+0000][2.619s][info ][gc            ] GC(9) Pause Remark 21M->21M(183M) 3.125ms
[2023-11-09T11:02:09.141+0000][2.619s][info ][gc,cpu        ] GC(9) User=0.03s Sys=0.00s Real=0.01s
[2023-11-09T11:02:09.141+0000][2.620s][info ][safepoint     ] Leaving safepoint region
[2023-11-09T11:02:09.142+0000][2.620s][info ][safepoint     ] Total time for which application threads were stopped: 0.0049194 seconds, Stopping threads took: 0.0007455 seconds
[2023-11-09T11:02:09.142+0000][2.620s][info ][gc,marking    ] GC(9) Concurrent Rebuild Remembered Sets
[2023-11-09T11:02:09.146+0000][2.624s][info ][gc,marking    ] GC(9) Concurrent Rebuild Remembered Sets 3.821ms
[2023-11-09T11:02:09.147+0000][2.625s][debug][safepoint     ] Safepoint synchronization initiated. (14 threads)
[2023-11-09T11:02:09.148+0000][2.626s][info ][safepoint     ] Application time: 0.0054602 seconds
[2023-11-09T11:02:09.148+0000][2.626s][debug][safepoint     ] ... found polling page return exception at pc = 0x00007fb4e8f24153, stub =0x00007fb4e8840600
[2023-11-09T11:02:09.149+0000][2.627s][debug][safepoint     ] Waiting for 2 thread(s) to block
[2023-11-09T11:02:09.149+0000][2.627s][info ][safepoint     ] Entering safepoint region: CGC_Operation
[2023-11-09T11:02:09.150+0000][2.628s][info ][gc,start      ] GC(9) Pause Cleanup
[2023-11-09T11:02:09.150+0000][2.628s][info ][gc            ] GC(9) Pause Cleanup 22M->22M(183M) 0.458ms
[2023-11-09T11:02:09.150+0000][2.628s][info ][gc,cpu        ] GC(9) User=0.00s Sys=0.00s Real=0.00s
[2023-11-09T11:02:09.151+0000][2.629s][info ][safepoint     ] Leaving safepoint region
[2023-11-09T11:02:09.151+0000][2.629s][info ][safepoint     ] Total time for which application threads were stopped: 0.0029152 seconds, Stopping threads took: 0.0013467 seconds
[2023-11-09T11:02:09.151+0000][2.630s][info ][gc,marking    ] GC(9) Concurrent Cleanup for Next Mark
[2023-11-09T11:02:09.155+0000][2.633s][info ][gc,marking    ] GC(9) Concurrent Cleanup for Next Mark 3.339ms
[2023-11-09T11:02:09.155+0000][2.634s][info ][gc            ] GC(9) Concurrent Cycle 37.081ms
[2023-11-09T11:02:09.376+0000][2.854s][debug][safepoint     ] Safepoint synchronization initiated. (14 threads)
[2023-11-09T11:02:09.376+0000][2.854s][info ][safepoint     ] Application time: 0.2248715 seconds
[2023-11-09T11:02:09.377+0000][2.855s][info ][safepoint     ] Entering safepoint region: Deoptimize
[2023-11-09T11:02:09.377+0000][2.856s][info ][safepoint     ] Leaving safepoint region
[2023-11-09T11:02:09.378+0000][2.856s][info ][safepoint     ] Total time for which application threads were stopped: 0.0011021 seconds, Stopping threads took: 0.0003055 seconds
[2023-11-09T11:02:09.440+0000][2.918s][debug][safepoint     ] Safepoint synchronization initiated. (14 threads)
[2023-11-09T11:02:09.441+0000][2.919s][info ][safepoint     ] Application time: 0.0626485 seconds
[2023-11-09T11:02:09.441+0000][2.919s][info ][safepoint     ] Entering safepoint region: G1CollectForAllocation
[2023-11-09T11:02:09.442+0000][2.920s][info ][gc,start      ] GC(10) Pause Young (Normal) (G1 Evacuation Pause)
[2023-11-09T11:02:09.442+0000][2.920s][info ][gc,task       ] GC(10) Using 4 workers of 8 for evacuation
[2023-11-09T11:02:09.453+0000][2.931s][info ][gc,phases     ] GC(10)   Pre Evacuate Collection Set: 0.0ms
[2023-11-09T11:02:09.454+0000][2.932s][info ][gc,phases     ] GC(10)   Evacuate Collection Set: 8.7ms
[2023-11-09T11:02:09.454+0000][2.932s][info ][gc,phases     ] GC(10)   Post Evacuate Collection Set: 1.9ms
[2023-11-09T11:02:09.454+0000][2.933s][info ][gc,phases     ] GC(10)   Other: 0.9ms
[2023-11-09T11:02:09.455+0000][2.933s][info ][gc,heap       ] GC(10) Eden regions: 95->0(98)
[2023-11-09T11:02:09.455+0000][2.933s][info ][gc,heap       ] GC(10) Survivor regions: 7->9(13)
[2023-11-09T11:02:09.455+0000][2.934s][info ][gc,heap       ] GC(10) Old regions: 12->12
[2023-11-09T11:02:09.456+0000][2.934s][info ][gc,heap       ] GC(10) Humongous regions: 0->0
[2023-11-09T11:02:09.456+0000][2.934s][info ][gc,metaspace  ] GC(10) Metaspace: 24049K(25084K)->24049K(25084K) NonClass: 21032K(21756K)->21032K(21756K) Class: 3016K(3328K)->3016K(3328K)
[2023-11-09T11:02:09.456+0000][2.935s][info ][gc            ] GC(10) Pause Young (Normal) (G1 Evacuation Pause) 111M->18M(183M) 14.653ms
[2023-11-09T11:02:09.457+0000][2.935s][info ][gc,cpu        ] GC(10) User=0.07s Sys=0.00s Real=0.01s
[2023-11-09T11:02:09.457+0000][2.935s][info ][safepoint     ] Leaving safepoint region
[2023-11-09T11:02:09.457+0000][2.936s][info ][safepoint     ] Total time for which application threads were stopped: 0.0161808 seconds, Stopping threads took: 0.0003537 seconds
[2023-11-09T11:02:09.458+0000][2.936s][info ][gc,stringdedup] Concurrent String Deduplication (2.936s)
[2023-11-09T11:02:09.461+0000][2.939s][info ][gc,stringdedup] Concurrent String Deduplication 729.2K->687.7K(42552.0B) avg 14.5% (2.936s, 2.939s) 3.461ms
[2023-11-09T11:02:09.714+0000][3.192s][debug][safepoint     ] Safepoint synchronization initiated. (13 threads)
[2023-11-09T11:02:09.715+0000][3.193s][info ][safepoint     ] Application time: 0.2571309 seconds
[2023-11-09T11:02:09.715+0000][3.193s][info ][safepoint     ] Entering safepoint region: G1CollectForAllocation
[2023-11-09T11:02:09.716+0000][3.194s][info ][gc,start      ] GC(11) Pause Young (Normal) (G1 Evacuation Pause)
[2023-11-09T11:02:09.716+0000][3.194s][info ][gc,task       ] GC(11) Using 4 workers of 8 for evacuation
[2023-11-09T11:02:09.725+0000][3.203s][info ][gc,phases     ] GC(11)   Pre Evacuate Collection Set: 0.0ms
[2023-11-09T11:02:09.726+0000][3.204s][info ][gc,phases     ] GC(11)   Evacuate Collection Set: 7.7ms
[2023-11-09T11:02:09.726+0000][3.204s][info ][gc,phases     ] GC(11)   Post Evacuate Collection Set: 1.1ms
[2023-11-09T11:02:09.726+0000][3.204s][info ][gc,phases     ] GC(11)   Other: 0.8ms
[2023-11-09T11:02:09.727+0000][3.205s][info ][gc,heap       ] GC(11) Eden regions: 98->0(100)
[2023-11-09T11:02:09.727+0000][3.205s][info ][gc,heap       ] GC(11) Survivor regions: 9->9(14)
[2023-11-09T11:02:09.727+0000][3.205s][info ][gc,heap       ] GC(11) Old regions: 12->15
[2023-11-09T11:02:09.727+0000][3.206s][info ][gc,heap       ] GC(11) Humongous regions: 0->0
[2023-11-09T11:02:09.728+0000][3.206s][info ][gc,metaspace  ] GC(11) Metaspace: 24346K(25468K)->24346K(25468K) NonClass: 21284K(22012K)->21284K(22012K) Class: 3062K(3456K)->3062K(3456K)
[2023-11-09T11:02:09.728+0000][3.206s][info ][gc            ] GC(11) Pause Young (Normal) (G1 Evacuation Pause) 116M->21M(183M) 12.357ms
[2023-11-09T11:02:09.728+0000][3.206s][info ][gc,cpu        ] GC(11) User=0.05s Sys=0.03s Real=0.01s
[2023-11-09T11:02:09.728+0000][3.207s][info ][safepoint     ] Leaving safepoint region
[2023-11-09T11:02:09.729+0000][3.207s][info ][safepoint     ] Total time for which application threads were stopped: 0.0135880 seconds, Stopping threads took: 0.0003108 seconds
[2023-11-09T11:02:09.729+0000][3.207s][info ][gc,stringdedup] Concurrent String Deduplication (3.207s)
[2023-11-09T11:02:09.730+0000][3.208s][info ][gc,stringdedup] Concurrent String Deduplication 83496.0B->59288.0B(24208.0B) avg 14.8% (3.207s, 3.208s) 0.743ms
[2023-11-09T11:02:10.030+0000][3.509s][debug][safepoint     ] Safepoint synchronization initiated. (13 threads)
[2023-11-09T11:02:10.031+0000][3.509s][info ][safepoint     ] Application time: 0.3020671 seconds
[2023-11-09T11:02:10.031+0000][3.510s][info ][safepoint     ] Entering safepoint region: G1CollectForAllocation
[2023-11-09T11:02:10.032+0000][3.510s][info ][gc,start      ] GC(12) Pause Young (Normal) (G1 Evacuation Pause)
[2023-11-09T11:02:10.032+0000][3.511s][info ][gc,task       ] GC(12) Using 4 workers of 8 for evacuation
[2023-11-09T11:02:10.041+0000][3.519s][info ][gc,phases     ] GC(12)   Pre Evacuate Collection Set: 0.0ms
[2023-11-09T11:02:10.041+0000][3.519s][info ][gc,phases     ] GC(12)   Evacuate Collection Set: 6.5ms
[2023-11-09T11:02:10.042+0000][3.520s][info ][gc,phases     ] GC(12)   Post Evacuate Collection Set: 1.1ms
[2023-11-09T11:02:10.042+0000][3.520s][info ][gc,phases     ] GC(12)   Other: 1.0ms
[2023-11-09T11:02:10.042+0000][3.521s][info ][gc,heap       ] GC(12) Eden regions: 100->0(99)
[2023-11-09T11:02:10.043+0000][3.521s][info ][gc,heap       ] GC(12) Survivor regions: 9->10(14)
[2023-11-09T11:02:10.043+0000][3.521s][info ][gc,heap       ] GC(12) Old regions: 15->16
[2023-11-09T11:02:10.044+0000][3.522s][info ][gc,heap       ] GC(12) Humongous regions: 0->0
[2023-11-09T11:02:10.044+0000][3.522s][info ][gc,metaspace  ] GC(12) Metaspace: 24755K(25724K)->24755K(25724K) NonClass: 21663K(22268K)->21663K(22268K) Class: 3092K(3456K)->3092K(3456K)
[2023-11-09T11:02:10.044+0000][3.522s][info ][gc            ] GC(12) Pause Young (Normal) (G1 Evacuation Pause) 121M->24M(183M) 12.239ms
[2023-11-09T11:02:10.045+0000][3.523s][info ][gc,cpu        ] GC(12) User=0.06s Sys=0.00s Real=0.01s
[2023-11-09T11:02:10.045+0000][3.523s][info ][safepoint     ] Leaving safepoint region
[2023-11-09T11:02:10.045+0000][3.523s][info ][safepoint     ] Total time for which application threads were stopped: 0.0138165 seconds, Stopping threads took: 0.0003888 seconds
[2023-11-09T11:02:10.046+0000][3.524s][info ][gc,stringdedup] Concurrent String Deduplication (3.524s)
[2023-11-09T11:02:10.049+0000][3.527s][info ][gc,stringdedup] Concurrent String Deduplication 614.1K->389.8K(224.3K) avg 17.8% (3.524s, 3.527s) 3.335ms
[2023-11-09T11:02:10.371+0000][3.850s][debug][safepoint     ] Safepoint synchronization initiated. (13 threads)
[2023-11-09T11:02:10.372+0000][3.850s][info ][safepoint     ] Application time: 0.3263823 seconds
[2023-11-09T11:02:10.372+0000][3.850s][info ][safepoint     ] Entering safepoint region: G1CollectForAllocation
[2023-11-09T11:02:10.373+0000][3.851s][info ][gc,start      ] GC(13) Pause Young (Normal) (G1 Evacuation Pause)
[2023-11-09T11:02:10.373+0000][3.851s][info ][gc,task       ] GC(13) Using 4 workers of 8 for evacuation
[2023-11-09T11:02:10.385+0000][3.863s][info ][gc,phases     ] GC(13)   Pre Evacuate Collection Set: 0.0ms
[2023-11-09T11:02:10.385+0000][3.863s][info ][gc,phases     ] GC(13)   Evacuate Collection Set: 9.4ms
[2023-11-09T11:02:10.386+0000][3.864s][info ][gc,phases     ] GC(13)   Post Evacuate Collection Set: 1.9ms
[2023-11-09T11:02:10.386+0000][3.864s][info ][gc,phases     ] GC(13)   Other: 0.8ms
[2023-11-09T11:02:10.386+0000][3.865s][info ][gc,heap       ] GC(13) Eden regions: 99->0(127)
[2023-11-09T11:02:10.387+0000][3.865s][info ][gc,heap       ] GC(13) Survivor regions: 10->9(14)
[2023-11-09T11:02:10.387+0000][3.865s][info ][gc,heap       ] GC(13) Old regions: 16->20
[2023-11-09T11:02:10.388+0000][3.866s][info ][gc,heap       ] GC(13) Humongous regions: 0->0
[2023-11-09T11:02:10.388+0000][3.866s][info ][gc,metaspace  ] GC(13) Metaspace: 24892K(25980K)->24892K(25980K) NonClass: 21784K(22524K)->21784K(22524K) Class: 3107K(3456K)->3107K(3456K)
[2023-11-09T11:02:10.388+0000][3.866s][info ][gc            ] GC(13) Pause Young (Normal) (G1 Evacuation Pause) 123M->26M(228M) 15.431ms
[2023-11-09T11:02:10.389+0000][3.867s][info ][gc,cpu        ] GC(13) User=0.07s Sys=0.00s Real=0.01s
[2023-11-09T11:02:10.389+0000][3.867s][info ][safepoint     ] Leaving safepoint region
[2023-11-09T11:02:10.389+0000][3.868s][info ][safepoint     ] Total time for which application threads were stopped: 0.0171547 seconds, Stopping threads took: 0.0003739 seconds
[2023-11-09T11:02:10.390+0000][3.868s][info ][gc,stringdedup] Concurrent String Deduplication (3.868s)
[2023-11-09T11:02:10.395+0000][3.874s][info ][gc,stringdedup] Concurrent String Deduplication 841.9K->359.7K(482.2K) avg 24.0% (3.868s, 3.874s) 5.517ms
[2023-11-09T11:02:10.623+0000][4.101s][debug][safepoint     ] Safepoint synchronization initiated. (14 threads)
[2023-11-09T11:02:10.624+0000][4.102s][info ][safepoint     ] Application time: 0.2338187 seconds
[2023-11-09T11:02:10.624+0000][4.102s][info ][safepoint     ] Entering safepoint region: G1CollectForAllocation
[2023-11-09T11:02:10.624+0000][4.103s][info ][gc,start      ] GC(14) Pause Young (Normal) (G1 Evacuation Pause)
[2023-11-09T11:02:10.625+0000][4.103s][info ][gc,task       ] GC(14) Using 5 workers of 8 for evacuation
[2023-11-09T11:02:10.631+0000][4.109s][info ][gc,phases     ] GC(14)   Pre Evacuate Collection Set: 0.0ms
[2023-11-09T11:02:10.631+0000][4.110s][info ][gc,phases     ] GC(14)   Evacuate Collection Set: 4.5ms
[2023-11-09T11:02:10.632+0000][4.110s][info ][gc,phases     ] GC(14)   Post Evacuate Collection Set: 1.1ms
[2023-11-09T11:02:10.632+0000][4.110s][info ][gc,phases     ] GC(14)   Other: 0.9ms
[2023-11-09T11:02:10.633+0000][4.111s][info ][gc,heap       ] GC(14) Eden regions: 127->0(128)
[2023-11-09T11:02:10.633+0000][4.111s][info ][gc,heap       ] GC(14) Survivor regions: 9->8(17)
[2023-11-09T11:02:10.633+0000][4.112s][info ][gc,heap       ] GC(14) Old regions: 20->20
[2023-11-09T11:02:10.634+0000][4.112s][info ][gc,heap       ] GC(14) Humongous regions: 0->0
[2023-11-09T11:02:10.634+0000][4.112s][info ][gc,metaspace  ] GC(14) Metaspace: 25995K(27132K)->25995K(27132K) NonClass: 22808K(23548K)->22808K(23548K) Class: 3186K(3584K)->3186K(3584K)
[2023-11-09T11:02:10.634+0000][4.112s][info ][gc            ] GC(14) Pause Young (Normal) (G1 Evacuation Pause) 153M->26M(228M) 9.845ms
[2023-11-09T11:02:10.635+0000][4.113s][info ][gc,cpu        ] GC(14) User=0.04s Sys=0.00s Real=0.01s
[2023-11-09T11:02:10.635+0000][4.113s][info ][safepoint     ] Leaving safepoint region
[2023-11-09T11:02:10.635+0000][4.113s][info ][safepoint     ] Total time for which application threads were stopped: 0.0112397 seconds, Stopping threads took: 0.0003334 seconds
[2023-11-09T11:02:10.636+0000][4.114s][info ][gc,stringdedup] Concurrent String Deduplication (4.114s)
[2023-11-09T11:02:10.640+0000][4.118s][info ][gc,stringdedup] Concurrent String Deduplication 820.0K->211.4K(608.6K) avg 30.7% (4.114s, 4.118s) 4.165ms
[2023-11-09T11:02:10.801+0000][4.280s][debug][safepoint     ] Safepoint synchronization initiated. (14 threads)
[2023-11-09T11:02:10.802+0000][4.280s][info ][safepoint     ] Application time: 0.1665074 seconds
[2023-11-09T11:02:10.802+0000][4.281s][debug][safepoint     ] Waiting for 1 thread(s) to block
[2023-11-09T11:02:10.803+0000][4.281s][info ][safepoint     ] Entering safepoint region: G1CollectForAllocation
[2023-11-09T11:02:10.804+0000][4.282s][info ][gc,start      ] GC(15) Pause Young (Normal) (G1 Evacuation Pause)
[2023-11-09T11:02:10.804+0000][4.282s][info ][gc,task       ] GC(15) Using 5 workers of 8 for evacuation
[2023-11-09T11:02:10.809+0000][4.287s][info ][gc,phases     ] GC(15)   Pre Evacuate Collection Set: 0.0ms
[2023-11-09T11:02:10.810+0000][4.288s][info ][gc,phases     ] GC(15)   Evacuate Collection Set: 3.5ms
[2023-11-09T11:02:10.810+0000][4.288s][info ][gc,phases     ] GC(15)   Post Evacuate Collection Set: 1.2ms
[2023-11-09T11:02:10.810+0000][4.289s][info ][gc,phases     ] GC(15)   Other: 0.9ms
[2023-11-09T11:02:10.811+0000][4.289s][info ][gc,heap       ] GC(15) Eden regions: 128->0(128)
[2023-11-09T11:02:10.811+0000][4.289s][info ][gc,heap       ] GC(15) Survivor regions: 8->8(17)
[2023-11-09T11:02:10.811+0000][4.290s][info ][gc,heap       ] GC(15) Old regions: 20->20
[2023-11-09T11:02:10.812+0000][4.290s][info ][gc,heap       ] GC(15) Humongous regions: 0->0
[2023-11-09T11:02:10.812+0000][4.290s][info ][gc,metaspace  ] GC(15) Metaspace: 26418K(27388K)->26418K(27388K) NonClass: 23195K(23804K)->23195K(23804K) Class: 3223K(3584K)->3223K(3584K)
[2023-11-09T11:02:10.813+0000][4.291s][info ][gc            ] GC(15) Pause Young (Normal) (G1 Evacuation Pause) 154M->26M(228M) 9.007ms
[2023-11-09T11:02:10.813+0000][4.291s][info ][gc,cpu        ] GC(15) User=0.03s Sys=0.00s Real=0.01s
[2023-11-09T11:02:10.813+0000][4.292s][info ][safepoint     ] Leaving safepoint region
[2023-11-09T11:02:10.814+0000][4.292s][info ][safepoint     ] Total time for which application threads were stopped: 0.0113838 seconds, Stopping threads took: 0.0009135 seconds
[2023-11-09T11:02:10.814+0000][4.292s][info ][gc,stringdedup] Concurrent String Deduplication (4.292s)
[2023-11-09T11:02:10.818+0000][4.296s][info ][gc,stringdedup] Concurrent String Deduplication 1194.8K->242.8K(952.0K) avg 38.6% (4.292s, 4.296s) 3.688ms
[2023-11-09T11:02:10.982+0000][4.460s][debug][safepoint     ] Safepoint synchronization initiated. (13 threads)
[2023-11-09T11:02:10.982+0000][4.460s][info ][safepoint     ] Application time: 0.1681380 seconds
[2023-11-09T11:02:10.983+0000][4.461s][info ][safepoint     ] Entering safepoint region: G1CollectForAllocation
[2023-11-09T11:02:10.983+0000][4.462s][info ][gc,start      ] GC(16) Pause Young (Normal) (G1 Evacuation Pause)
[2023-11-09T11:02:10.984+0000][4.462s][info ][gc,task       ] GC(16) Using 5 workers of 8 for evacuation
[2023-11-09T11:02:10.990+0000][4.468s][info ][gc,phases     ] GC(16)   Pre Evacuate Collection Set: 0.0ms
[2023-11-09T11:02:10.990+0000][4.468s][info ][gc,phases     ] GC(16)   Evacuate Collection Set: 4.0ms
[2023-11-09T11:02:10.990+0000][4.469s][info ][gc,phases     ] GC(16)   Post Evacuate Collection Set: 1.2ms
[2023-11-09T11:02:10.991+0000][4.469s][info ][gc,phases     ] GC(16)   Other: 0.9ms
[2023-11-09T11:02:10.991+0000][4.469s][info ][gc,heap       ] GC(16) Eden regions: 128->0(128)
[2023-11-09T11:02:10.991+0000][4.470s][info ][gc,heap       ] GC(16) Survivor regions: 8->8(17)
[2023-11-09T11:02:10.992+0000][4.470s][info ][gc,heap       ] GC(16) Old regions: 20->20
[2023-11-09T11:02:10.992+0000][4.470s][info ][gc,heap       ] GC(16) Humongous regions: 0->0
[2023-11-09T11:02:10.993+0000][4.471s][info ][gc,metaspace  ] GC(16) Metaspace: 26595K(27644K)->26595K(27644K) NonClass: 23351K(24060K)->23351K(24060K) Class: 3244K(3584K)->3244K(3584K)
[2023-11-09T11:02:10.993+0000][4.471s][info ][gc            ] GC(16) Pause Young (Normal) (G1 Evacuation Pause) 154M->25M(228M) 9.484ms
[2023-11-09T11:02:10.993+0000][4.471s][info ][gc,cpu        ] GC(16) User=0.04s Sys=0.00s Real=0.01s
[2023-11-09T11:02:10.994+0000][4.472s][info ][safepoint     ] Leaving safepoint region
[2023-11-09T11:02:10.994+0000][4.472s][info ][safepoint     ] Total time for which application threads were stopped: 0.0111289 seconds, Stopping threads took: 0.0004573 seconds
[2023-11-09T11:02:10.994+0000][4.472s][info ][gc,stringdedup] Concurrent String Deduplication (4.472s)
[2023-11-09T11:02:10.996+0000][4.474s][info ][gc,stringdedup] Concurrent String Deduplication 147.9K->39496.0B(109.3K) avg 39.3% (4.472s, 4.474s) 1.394ms
[2023-11-09T11:02:11.455+0000][4.933s][debug][safepoint     ] Safepoint synchronization initiated. (13 threads)
[2023-11-09T11:02:11.456+0000][4.934s][info ][safepoint     ] Application time: 0.4613489 seconds
[2023-11-09T11:02:11.456+0000][4.934s][debug][safepoint     ] Waiting for 1 thread(s) to block
[2023-11-09T11:02:11.457+0000][4.935s][info ][safepoint     ] Entering safepoint region: G1CollectForAllocation
[2023-11-09T11:02:11.457+0000][4.936s][info ][gc,start      ] GC(17) Pause Young (Normal) (G1 Evacuation Pause)
[2023-11-09T11:02:11.458+0000][4.936s][info ][gc,task       ] GC(17) Using 5 workers of 8 for evacuation
[2023-11-09T11:02:11.464+0000][4.942s][info ][gc,phases     ] GC(17)   Pre Evacuate Collection Set: 0.0ms
[2023-11-09T11:02:11.464+0000][4.943s][info ][gc,phases     ] GC(17)   Evacuate Collection Set: 4.2ms
[2023-11-09T11:02:11.465+0000][4.943s][info ][gc,phases     ] GC(17)   Post Evacuate Collection Set: 1.5ms
[2023-11-09T11:02:11.465+0000][4.943s][info ][gc,phases     ] GC(17)   Other: 0.8ms
[2023-11-09T11:02:11.466+0000][4.944s][info ][gc,heap       ] GC(17) Eden regions: 128->0(156)
[2023-11-09T11:02:11.466+0000][4.944s][info ][gc,heap       ] GC(17) Survivor regions: 8->8(17)
[2023-11-09T11:02:11.466+0000][4.944s][info ][gc,heap       ] GC(17) Old regions: 20->20
[2023-11-09T11:02:11.467+0000][4.945s][info ][gc,heap       ] GC(17) Humongous regions: 0->0
[2023-11-09T11:02:11.467+0000][4.945s][info ][gc,metaspace  ] GC(17) Metaspace: 32032K(33148K)->32032K(33148K) NonClass: 28203K(28924K)->28203K(28924K) Class: 3829K(4224K)->3829K(4224K)
[2023-11-09T11:02:11.467+0000][4.945s][info ][gc            ] GC(17) Pause Young (Normal) (G1 Evacuation Pause) 153M->26M(274M) 9.784ms
[2023-11-09T11:02:11.468+0000][4.946s][info ][gc,cpu        ] GC(17) User=0.04s Sys=0.00s Real=0.01s
[2023-11-09T11:02:11.468+0000][4.946s][info ][safepoint     ] Leaving safepoint region
[2023-11-09T11:02:11.468+0000][4.946s][info ][safepoint     ] Total time for which application threads were stopped: 0.0121194 seconds, Stopping threads took: 0.0010991 seconds
[2023-11-09T11:02:11.469+0000][4.947s][info ][gc,stringdedup] Concurrent String Deduplication (4.947s)
[2023-11-09T11:02:11.470+0000][4.948s][info ][gc,stringdedup] Concurrent String Deduplication 37848.0B->7088.0B(30760.0B) avg 39.5% (4.947s, 4.948s) 1.094ms
[2023-11-09T11:02:11.763+0000][5.241s][debug][safepoint     ] Safepoint synchronization initiated. (13 threads)
[2023-11-09T11:02:11.764+0000][5.242s][info ][safepoint     ] Application time: 0.2950896 seconds
[2023-11-09T11:02:11.764+0000][5.242s][info ][safepoint     ] Entering safepoint region: Deoptimize
[2023-11-09T11:02:11.765+0000][5.243s][info ][safepoint     ] Leaving safepoint region
[2023-11-09T11:02:11.766+0000][5.244s][info ][safepoint     ] Total time for which application threads were stopped: 0.0016518 seconds, Stopping threads took: 0.0004169 seconds
[2023-11-09T11:02:11.925+0000][5.403s][debug][safepoint     ] Safepoint synchronization initiated. (13 threads)
[2023-11-09T11:02:11.926+0000][5.404s][info ][safepoint     ] Application time: 0.1595871 seconds
[2023-11-09T11:02:11.926+0000][5.404s][info ][safepoint     ] Entering safepoint region: G1CollectForAllocation
[2023-11-09T11:02:11.927+0000][5.405s][info ][gc,start      ] GC(18) Pause Young (Normal) (G1 Evacuation Pause)
[2023-11-09T11:02:11.927+0000][5.406s][info ][gc,task       ] GC(18) Using 6 workers of 8 for evacuation
[2023-11-09T11:02:11.935+0000][5.413s][info ][gc,phases     ] GC(18)   Pre Evacuate Collection Set: 0.0ms
[2023-11-09T11:02:11.936+0000][5.414s][info ][gc,phases     ] GC(18)   Evacuate Collection Set: 5.5ms
[2023-11-09T11:02:11.936+0000][5.414s][info ][gc,phases     ] GC(18)   Post Evacuate Collection Set: 1.6ms
[2023-11-09T11:02:11.937+0000][5.415s][info ][gc,phases     ] GC(18)   Other: 1.1ms
[2023-11-09T11:02:11.937+0000][5.415s][info ][gc,heap       ] GC(18) Eden regions: 156->0(154)
[2023-11-09T11:02:11.938+0000][5.416s][info ][gc,heap       ] GC(18) Survivor regions: 8->10(21)
[2023-11-09T11:02:11.938+0000][5.416s][info ][gc,heap       ] GC(18) Old regions: 20->20
[2023-11-09T11:02:11.939+0000][5.417s][info ][gc,heap       ] GC(18) Humongous regions: 0->0
[2023-11-09T11:02:11.939+0000][5.417s][info ][gc,metaspace  ] GC(18) Metaspace: 32936K(34044K)->32936K(34044K) NonClass: 28983K(29692K)->28983K(29692K) Class: 3953K(4352K)->3953K(4352K)
[2023-11-09T11:02:11.940+0000][5.418s][info ][gc            ] GC(18) Pause Young (Normal) (G1 Evacuation Pause) 182M->27M(274M) 12.732ms
[2023-11-09T11:02:11.940+0000][5.418s][info ][gc,cpu        ] GC(18) User=0.08s Sys=0.00s Real=0.02s
[2023-11-09T11:02:11.940+0000][5.419s][info ][safepoint     ] Leaving safepoint region
[2023-11-09T11:02:11.941+0000][5.419s][info ][safepoint     ] Total time for which application threads were stopped: 0.0148460 seconds, Stopping threads took: 0.0004842 seconds
[2023-11-09T11:02:11.941+0000][5.420s][info ][gc,stringdedup] Concurrent String Deduplication (5.420s)
[2023-11-09T11:02:11.943+0000][5.421s][info ][gc,stringdedup] Concurrent String Deduplication 284.0K->12472.0B(271.8K) avg 41.6% (5.420s, 5.421s) 1.330ms
[2023-11-09T11:02:12.126+0000][5.605s][debug][safepoint     ] Safepoint synchronization initiated. (13 threads)
[2023-11-09T11:02:12.127+0000][5.605s][info ][safepoint     ] Application time: 0.1856631 seconds
[2023-11-09T11:02:12.127+0000][5.606s][info ][safepoint     ] Entering safepoint region: Deoptimize
[2023-11-09T11:02:12.128+0000][5.607s][info ][safepoint     ] Leaving safepoint region
[2023-11-09T11:02:12.129+0000][5.607s][info ][safepoint     ] Total time for which application threads were stopped: 0.0014204 seconds, Stopping threads took: 0.0003875 seconds
[2023-11-09T11:02:12.260+0000][5.738s][debug][safepoint     ] Safepoint synchronization initiated. (13 threads)
[2023-11-09T11:02:12.261+0000][5.739s][info ][safepoint     ] Application time: 0.1315548 seconds
[2023-11-09T11:02:12.261+0000][5.739s][info ][safepoint     ] Entering safepoint region: G1CollectForAllocation
[2023-11-09T11:02:12.262+0000][5.740s][info ][gc,start      ] GC(19) Pause Young (Normal) (G1 Evacuation Pause)
[2023-11-09T11:02:12.262+0000][5.740s][info ][gc,task       ] GC(19) Using 6 workers of 8 for evacuation
[2023-11-09T11:02:12.269+0000][5.747s][info ][gc,phases     ] GC(19)   Pre Evacuate Collection Set: 0.0ms
[2023-11-09T11:02:12.270+0000][5.748s][info ][gc,phases     ] GC(19)   Evacuate Collection Set: 5.1ms
[2023-11-09T11:02:12.271+0000][5.749s][info ][gc,phases     ] GC(19)   Post Evacuate Collection Set: 1.6ms
[2023-11-09T11:02:12.271+0000][5.749s][info ][gc,phases     ] GC(19)   Other: 0.9ms
[2023-11-09T11:02:12.271+0000][5.750s][info ][gc,heap       ] GC(19) Eden regions: 154->0(153)
[2023-11-09T11:02:12.272+0000][5.750s][info ][gc,heap       ] GC(19) Survivor regions: 10->11(21)
[2023-11-09T11:02:12.272+0000][5.751s][info ][gc,heap       ] GC(19) Old regions: 20->20
[2023-11-09T11:02:12.273+0000][5.751s][info ][gc,heap       ] GC(19) Humongous regions: 0->0
[2023-11-09T11:02:12.273+0000][5.752s][info ][gc,metaspace  ] GC(19) Metaspace: 33992K(34940K)->33992K(34940K) NonClass: 29915K(30460K)->29915K(30460K) Class: 4077K(4480K)->4077K(4480K)
[2023-11-09T11:02:12.274+0000][5.752s][info ][gc            ] GC(19) Pause Young (Normal) (G1 Evacuation Pause) 181M->28M(274M) 12.231ms
[2023-11-09T11:02:12.274+0000][5.753s][info ][gc,cpu        ] GC(19) User=0.04s Sys=0.00s Real=0.01s
[2023-11-09T11:02:12.275+0000][5.753s][info ][safepoint     ] Leaving safepoint region
[2023-11-09T11:02:12.275+0000][5.753s][info ][safepoint     ] Total time for which application threads were stopped: 0.0142235 seconds, Stopping threads took: 0.0003394 seconds
[2023-11-09T11:02:12.276+0000][5.754s][info ][gc,stringdedup] Concurrent String Deduplication (5.754s)
[2023-11-09T11:02:12.277+0000][5.755s][info ][gc,stringdedup] Concurrent String Deduplication 144.5K->24328.0B(120.7K) avg 42.3% (5.754s, 5.755s) 1.211ms
[2023-11-09T11:02:12.373+0000][5.851s][debug][safepoint     ] Safepoint synchronization initiated. (13 threads)
[2023-11-09T11:02:12.373+0000][5.851s][info ][safepoint     ] Application time: 0.0975669 seconds
[2023-11-09T11:02:12.374+0000][5.852s][info ][safepoint     ] Entering safepoint region: Deoptimize
[2023-11-09T11:02:12.375+0000][5.853s][info ][safepoint     ] Leaving safepoint region
[2023-11-09T11:02:12.375+0000][5.853s][info ][safepoint     ] Total time for which application threads were stopped: 0.0014490 seconds, Stopping threads took: 0.0003886 seconds
[2023-11-09T11:02:12.381+0000][5.860s][debug][safepoint     ] Safepoint synchronization initiated. (13 threads)
[2023-11-09T11:02:12.382+0000][5.860s][info ][safepoint     ] Application time: 0.0064743 seconds
[2023-11-09T11:02:12.382+0000][5.861s][info ][safepoint     ] Entering safepoint region: Deoptimize
[2023-11-09T11:02:12.383+0000][5.861s][info ][safepoint     ] Leaving safepoint region
[2023-11-09T11:02:12.384+0000][5.862s][info ][safepoint     ] Total time for which application threads were stopped: 0.0012087 seconds, Stopping threads took: 0.0003166 seconds
[2023-11-09T11:02:12.406+0000][5.884s][debug][safepoint     ] Safepoint synchronization initiated. (13 threads)
[2023-11-09T11:02:12.406+0000][5.885s][info ][safepoint     ] Application time: 0.0224954 seconds
[2023-11-09T11:02:12.407+0000][5.885s][info ][safepoint     ] Entering safepoint region: Deoptimize
[2023-11-09T11:02:12.408+0000][5.886s][info ][safepoint     ] Leaving safepoint region
[2023-11-09T11:02:12.408+0000][5.886s][info ][safepoint     ] Total time for which application threads were stopped: 0.0012263 seconds, Stopping threads took: 0.0003163 seconds
[2023-11-09T11:02:12.447+0000][5.925s][debug][safepoint     ] Safepoint synchronization initiated. (13 threads)
[2023-11-09T11:02:12.448+0000][5.926s][info ][safepoint     ] Application time: 0.0395183 seconds
[2023-11-09T11:02:12.448+0000][5.926s][info ][safepoint     ] Entering safepoint region: Deoptimize
[2023-11-09T11:02:12.449+0000][5.927s][info ][safepoint     ] Leaving safepoint region
[2023-11-09T11:02:12.450+0000][5.928s][info ][safepoint     ] Total time for which application threads were stopped: 0.0013332 seconds, Stopping threads took: 0.0003315 seconds
[2023-11-09T11:02:12.475+0000][5.954s][debug][safepoint     ] Safepoint synchronization initiated. (13 threads)
[2023-11-09T11:02:12.476+0000][5.954s][info ][safepoint     ] Application time: 0.0259212 seconds
[2023-11-09T11:02:12.476+0000][5.954s][info ][safepoint     ] Entering safepoint region: CollectForMetadataAllocation
[2023-11-09T11:02:12.477+0000][5.955s][info ][gc,start      ] GC(20) Pause Young (Concurrent Start) (Metadata GC Threshold)
[2023-11-09T11:02:12.477+0000][5.956s][info ][gc,task       ] GC(20) Using 6 workers of 8 for evacuation
[2023-11-09T11:02:12.485+0000][5.963s][info ][gc,phases     ] GC(20)   Pre Evacuate Collection Set: 0.1ms
[2023-11-09T11:02:12.485+0000][5.964s][info ][gc,phases     ] GC(20)   Evacuate Collection Set: 5.5ms
[2023-11-09T11:02:12.486+0000][5.964s][info ][gc,phases     ] GC(20)   Post Evacuate Collection Set: 1.3ms
[2023-11-09T11:02:12.486+0000][5.965s][info ][gc,phases     ] GC(20)   Other: 1.2ms
[2023-11-09T11:02:12.487+0000][5.965s][info ][gc,heap       ] GC(20) Eden regions: 55->0(153)
[2023-11-09T11:02:12.487+0000][5.965s][info ][gc,heap       ] GC(20) Survivor regions: 11->11(21)
[2023-11-09T11:02:12.488+0000][5.966s][info ][gc,heap       ] GC(20) Old regions: 20->20
[2023-11-09T11:02:12.488+0000][5.966s][info ][gc,heap       ] GC(20) Humongous regions: 0->0
[2023-11-09T11:02:12.489+0000][5.967s][info ][gc,metaspace  ] GC(20) Metaspace: 35173K(36048K)->35173K(36048K) NonClass: 30945K(31440K)->30945K(31440K) Class: 4228K(4608K)->4228K(4608K)
[2023-11-09T11:02:12.489+0000][5.967s][info ][gc            ] GC(20) Pause Young (Concurrent Start) (Metadata GC Threshold) 83M->28M(274M) 12.169ms
[2023-11-09T11:02:12.489+0000][5.968s][info ][gc,cpu        ] GC(20) User=0.04s Sys=0.01s Real=0.02s
[2023-11-09T11:02:12.490+0000][5.968s][info ][safepoint     ] Leaving safepoint region
[2023-11-09T11:02:12.490+0000][5.969s][info ][safepoint     ] Total time for which application threads were stopped: 0.0140791 seconds, Stopping threads took: 0.0004074 seconds
[2023-11-09T11:02:12.490+0000][5.968s][info ][gc            ] GC(21) Concurrent Cycle
[2023-11-09T11:02:12.491+0000][5.969s][info ][gc,marking    ] GC(21) Concurrent Clear Claimed Marks
[2023-11-09T11:02:12.491+0000][5.969s][info ][gc,stringdedup] Concurrent String Deduplication (5.969s)
[2023-11-09T11:02:12.492+0000][5.970s][info ][gc,marking    ] GC(21) Concurrent Clear Claimed Marks 0.600ms
[2023-11-09T11:02:12.493+0000][5.971s][info ][gc,marking    ] GC(21) Concurrent Scan Root Regions
[2023-11-09T11:02:12.495+0000][5.973s][info ][gc,stringdedup] Concurrent String Deduplication 363.9K->170.3K(193.6K) avg 42.8% (5.969s, 5.973s) 3.844ms
[2023-11-09T11:02:12.498+0000][5.976s][info ][gc,marking    ] GC(21) Concurrent Scan Root Regions 5.162ms
[2023-11-09T11:02:12.498+0000][5.977s][info ][gc,marking    ] GC(21) Concurrent Mark (5.977s)
[2023-11-09T11:02:12.499+0000][5.977s][info ][gc,marking    ] GC(21) Concurrent Mark From Roots
[2023-11-09T11:02:12.499+0000][5.977s][info ][gc,task       ] GC(21) Using 2 workers of 2 for marking
[2023-11-09T11:02:12.516+0000][5.994s][info ][gc,marking    ] GC(21) Concurrent Mark From Roots 17.111ms
[2023-11-09T11:02:12.517+0000][5.995s][info ][gc,marking    ] GC(21) Concurrent Preclean
[2023-11-09T11:02:12.517+0000][5.995s][info ][gc,marking    ] GC(21) Concurrent Preclean 0.571ms
[2023-11-09T11:02:12.518+0000][5.996s][info ][gc,marking    ] GC(21) Concurrent Mark (5.977s, 5.996s) 19.095ms
[2023-11-09T11:02:12.518+0000][5.996s][debug][safepoint     ] Safepoint synchronization initiated. (13 threads)
[2023-11-09T11:02:12.518+0000][5.997s][info ][safepoint     ] Application time: 0.0275495 seconds
[2023-11-09T11:02:12.519+0000][5.997s][debug][safepoint     ] ... found polling page loop exception at pc = 0x00007fb4f0462ae7, stub =0x00007fb4e8843680
[2023-11-09T11:02:12.519+0000][5.997s][debug][safepoint     ] Waiting for 1 thread(s) to block
[2023-11-09T11:02:12.520+0000][5.998s][info ][safepoint     ] Entering safepoint region: CGC_Operation
[2023-11-09T11:02:12.520+0000][5.998s][info ][gc,start      ] GC(21) Pause Remark
[2023-11-09T11:02:12.525+0000][6.003s][info ][gc,stringtable] GC(21) Cleaned string and symbol table, strings: 12666 processed, 29 removed, symbols: 122600 processed, 337 removed
[2023-11-09T11:02:12.526+0000][6.004s][info ][gc            ] GC(21) Pause Remark 36M->36M(274M) 5.837ms
[2023-11-09T11:02:12.526+0000][6.004s][info ][gc,cpu        ] GC(21) User=0.02s Sys=0.00s Real=0.00s
[2023-11-09T11:02:12.527+0000][6.005s][info ][safepoint     ] Leaving safepoint region
[2023-11-09T11:02:12.527+0000][6.005s][info ][safepoint     ] Total time for which application threads were stopped: 0.0082580 seconds, Stopping threads took: 0.0011748 seconds
[2023-11-09T11:02:12.527+0000][6.006s][info ][gc,marking    ] GC(21) Concurrent Rebuild Remembered Sets
[2023-11-09T11:02:12.536+0000][6.014s][info ][gc,marking    ] GC(21) Concurrent Rebuild Remembered Sets 8.347ms
[2023-11-09T11:02:12.536+0000][6.015s][debug][safepoint     ] Safepoint synchronization initiated. (13 threads)
[2023-11-09T11:02:12.537+0000][6.015s][info ][safepoint     ] Application time: 0.0093999 seconds
[2023-11-09T11:02:12.537+0000][6.015s][debug][safepoint     ] ... found polling page loop exception at pc = 0x00007fb4f05cdcdd, stub =0x00007fb4e8843680
[2023-11-09T11:02:12.537+0000][6.016s][debug][safepoint     ] Waiting for 1 thread(s) to block
[2023-11-09T11:02:12.538+0000][6.016s][info ][safepoint     ] Entering safepoint region: CGC_Operation
[2023-11-09T11:02:12.538+0000][6.016s][info ][gc,start      ] GC(21) Pause Cleanup
[2023-11-09T11:02:12.539+0000][6.017s][info ][gc            ] GC(21) Pause Cleanup 39M->39M(274M) 0.506ms
[2023-11-09T11:02:12.539+0000][6.017s][info ][gc,cpu        ] GC(21) User=0.00s Sys=0.00s Real=0.00s
[2023-11-09T11:02:12.539+0000][6.018s][info ][safepoint     ] Leaving safepoint region
[2023-11-09T11:02:12.540+0000][6.018s][info ][safepoint     ] Total time for which application threads were stopped: 0.0025526 seconds, Stopping threads took: 0.0009917 seconds
[2023-11-09T11:02:12.540+0000][6.018s][info ][gc,marking    ] GC(21) Concurrent Cleanup for Next Mark
[2023-11-09T11:02:12.542+0000][6.020s][info ][gc,marking    ] GC(21) Concurrent Cleanup for Next Mark 1.865ms
[2023-11-09T11:02:12.542+0000][6.021s][info ][gc            ] GC(21) Concurrent Cycle 52.436ms
[2023-11-09T11:02:12.688+0000][6.166s][debug][safepoint     ] Safepoint synchronization initiated. (13 threads)
[2023-11-09T11:02:12.689+0000][6.167s][info ][safepoint     ] Application time: 0.1486789 seconds
[2023-11-09T11:02:12.689+0000][6.167s][info ][safepoint     ] Entering safepoint region: Deoptimize
[2023-11-09T11:02:12.690+0000][6.168s][info ][safepoint     ] Leaving safepoint region
[2023-11-09T11:02:12.690+0000][6.169s][info ][safepoint     ] Total time for which application threads were stopped: 0.0014573 seconds, Stopping threads took: 0.0004314 seconds
[2023-11-09T11:02:12.847+0000][6.325s][debug][safepoint     ] Safepoint synchronization initiated. (13 threads)
[2023-11-09T11:02:12.847+0000][6.326s][info ][safepoint     ] Application time: 0.1565530 seconds
[2023-11-09T11:02:12.848+0000][6.326s][info ][safepoint     ] Entering safepoint region: G1CollectForAllocation
[2023-11-09T11:02:12.848+0000][6.327s][info ][gc,start      ] GC(22) Pause Young (Normal) (G1 Evacuation Pause)
[2023-11-09T11:02:12.849+0000][6.327s][info ][gc,task       ] GC(22) Using 6 workers of 8 for evacuation
[2023-11-09T11:02:12.858+0000][6.336s][info ][gc,phases     ] GC(22)   Pre Evacuate Collection Set: 0.0ms
[2023-11-09T11:02:12.859+0000][6.337s][info ][gc,phases     ] GC(22)   Evacuate Collection Set: 7.1ms
[2023-11-09T11:02:12.859+0000][6.337s][info ][gc,phases     ] GC(22)   Post Evacuate Collection Set: 1.5ms
[2023-11-09T11:02:12.860+0000][6.338s][info ][gc,phases     ] GC(22)   Other: 0.9ms
[2023-11-09T11:02:12.860+0000][6.338s][info ][gc,heap       ] GC(22) Eden regions: 153->0(155)
[2023-11-09T11:02:12.861+0000][6.339s][info ][gc,heap       ] GC(22) Survivor regions: 11->9(21)
[2023-11-09T11:02:12.861+0000][6.339s][info ][gc,heap       ] GC(22) Old regions: 20->22
[2023-11-09T11:02:12.862+0000][6.340s][info ][gc,heap       ] GC(22) Humongous regions: 0->0
[2023-11-09T11:02:12.862+0000][6.340s][info ][gc,metaspace  ] GC(22) Metaspace: 37415K(38480K)->37415K(38480K) NonClass: 32831K(33488K)->32831K(33488K) Class: 4583K(4992K)->4583K(4992K)
[2023-11-09T11:02:12.863+0000][6.341s][info ][gc            ] GC(22) Pause Young (Normal) (G1 Evacuation Pause) 181M->28M(274M) 14.413ms
[2023-11-09T11:02:12.863+0000][6.342s][info ][gc,cpu        ] GC(22) User=0.04s Sys=0.00s Real=0.02s
[2023-11-09T11:02:12.864+0000][6.342s][info ][safepoint     ] Leaving safepoint region
[2023-11-09T11:02:12.864+0000][6.342s][info ][safepoint     ] Total time for which application threads were stopped: 0.0164949 seconds, Stopping threads took: 0.0004170 seconds
[2023-11-09T11:02:12.865+0000][6.343s][info ][gc,stringdedup] Concurrent String Deduplication (6.343s)
[2023-11-09T11:02:12.866+0000][6.344s][info ][gc,stringdedup] Concurrent String Deduplication 209.8K->92592.0B(119.4K) avg 43.1% (6.343s, 6.344s) 1.029ms
[2023-11-09T11:02:12.975+0000][6.454s][debug][safepoint     ] Safepoint synchronization initiated. (13 threads)
[2023-11-09T11:02:12.976+0000][6.454s][info ][safepoint     ] Application time: 0.1111916 seconds
[2023-11-09T11:02:12.976+0000][6.455s][info ][safepoint     ] Entering safepoint region: Deoptimize
[2023-11-09T11:02:12.978+0000][6.456s][info ][safepoint     ] Leaving safepoint region
[2023-11-09T11:02:12.978+0000][6.456s][info ][safepoint     ] Total time for which application threads were stopped: 0.0016240 seconds, Stopping threads took: 0.0004243 seconds
[2023-11-09T11:02:13.278+0000][6.756s][debug][safepoint     ] Safepoint synchronization initiated. (13 threads)
[2023-11-09T11:02:13.278+0000][6.757s][info ][safepoint     ] Application time: 0.2997297 seconds
[2023-11-09T11:02:13.279+0000][6.757s][info ][safepoint     ] Entering safepoint region: ICBufferFull
[2023-11-09T11:02:13.280+0000][6.758s][info ][safepoint     ] Leaving safepoint region
[2023-11-09T11:02:13.280+0000][6.758s][info ][safepoint     ] Total time for which application threads were stopped: 0.0010781 seconds, Stopping threads took: 0.0004131 seconds
[2023-11-09T11:02:13.425+0000][6.904s][debug][safepoint     ] Safepoint synchronization initiated. (13 threads)
[2023-11-09T11:02:13.426+0000][6.904s][info ][safepoint     ] Application time: 0.1454877 seconds
[2023-11-09T11:02:13.426+0000][6.904s][info ][safepoint     ] Entering safepoint region: G1CollectForAllocation
[2023-11-09T11:02:13.427+0000][6.905s][info ][gc,start      ] GC(23) Pause Young (Normal) (G1 Evacuation Pause)
[2023-11-09T11:02:13.427+0000][6.905s][info ][gc,task       ] GC(23) Using 6 workers of 8 for evacuation
[2023-11-09T11:02:13.436+0000][6.914s][info ][gc,phases     ] GC(23)   Pre Evacuate Collection Set: 0.0ms
[2023-11-09T11:02:13.437+0000][6.915s][info ][gc,phases     ] GC(23)   Evacuate Collection Set: 6.7ms
[2023-11-09T11:02:13.437+0000][6.915s][info ][gc,phases     ] GC(23)   Post Evacuate Collection Set: 1.6ms
[2023-11-09T11:02:13.437+0000][6.916s][info ][gc,phases     ] GC(23)   Other: 0.8ms
[2023-11-09T11:02:13.438+0000][6.916s][info ][gc,heap       ] GC(23) Eden regions: 155->0(188)
[2023-11-09T11:02:13.438+0000][6.917s][info ][gc,heap       ] GC(23) Survivor regions: 9->9(21)
[2023-11-09T11:02:13.439+0000][6.917s][info ][gc,heap       ] GC(23) Old regions: 22->24
[2023-11-09T11:02:13.439+0000][6.917s][info ][gc,heap       ] GC(23) Humongous regions: 0->0
[2023-11-09T11:02:13.439+0000][6.918s][info ][gc,metaspace  ] GC(23) Metaspace: 39676K(40784K)->39676K(40784K) NonClass: 34818K(35536K)->34818K(35536K) Class: 4857K(5248K)->4857K(5248K)
[2023-11-09T11:02:13.440+0000][6.918s][info ][gc            ] GC(23) Pause Young (Normal) (G1 Evacuation Pause) 183M->30M(329M) 13.066ms
[2023-11-09T11:02:13.440+0000][6.918s][info ][gc,cpu        ] GC(23) User=0.06s Sys=0.00s Real=0.02s
[2023-11-09T11:02:13.441+0000][6.919s][info ][safepoint     ] Leaving safepoint region
[2023-11-09T11:02:13.441+0000][6.919s][info ][safepoint     ] Total time for which application threads were stopped: 0.0146380 seconds, Stopping threads took: 0.0003246 seconds
[2023-11-09T11:02:13.441+0000][6.920s][info ][gc,stringdedup] Concurrent String Deduplication (6.920s)
[2023-11-09T11:02:13.442+0000][6.921s][info ][gc,stringdedup] Concurrent String Deduplication 66592.0B->24616.0B(41976.0B) avg 43.3% (6.920s, 6.921s) 1.022ms
[2023-11-09T11:02:14.024+0000][7.502s][debug][safepoint     ] Safepoint synchronization initiated. (13 threads)
[2023-11-09T11:02:14.024+0000][7.503s][info ][safepoint     ] Application time: 0.5832119 seconds
[2023-11-09T11:02:14.025+0000][7.503s][info ][safepoint     ] Entering safepoint region: Deoptimize
[2023-11-09T11:02:14.026+0000][7.504s][info ][safepoint     ] Leaving safepoint region
[2023-11-09T11:02:14.027+0000][7.505s][info ][safepoint     ] Total time for which application threads were stopped: 0.0016668 seconds, Stopping threads took: 0.0004088 seconds
[2023-11-09T11:02:14.043+0000][7.522s][debug][safepoint     ] Safepoint synchronization initiated. (13 threads)
[2023-11-09T11:02:14.044+0000][7.522s][info ][safepoint     ] Application time: 0.0169879 seconds
[2023-11-09T11:02:14.044+0000][7.523s][info ][safepoint     ] Entering safepoint region: Deoptimize
[2023-11-09T11:02:14.046+0000][7.524s][info ][safepoint     ] Leaving safepoint region
[2023-11-09T11:02:14.046+0000][7.524s][info ][safepoint     ] Total time for which application threads were stopped: 0.0016773 seconds, Stopping threads took: 0.0004567 seconds
[2023-11-09T11:02:14.069+0000][7.547s][debug][safepoint     ] Safepoint synchronization initiated. (13 threads)
[2023-11-09T11:02:14.070+0000][7.548s][info ][safepoint     ] Application time: 0.0229867 seconds
[2023-11-09T11:02:14.070+0000][7.548s][info ][safepoint     ] Entering safepoint region: Deoptimize
[2023-11-09T11:02:14.071+0000][7.549s][info ][safepoint     ] Leaving safepoint region
[2023-11-09T11:02:14.072+0000][7.550s][info ][safepoint     ] Total time for which application threads were stopped: 0.0015505 seconds, Stopping threads took: 0.0003966 seconds
[2023-11-09T11:02:14.305+0000][7.784s][debug][safepoint     ] Safepoint synchronization initiated. (13 threads)
[2023-11-09T11:02:14.306+0000][7.784s][info ][safepoint     ] Application time: 0.2339791 seconds
[2023-11-09T11:02:14.306+0000][7.785s][info ][safepoint     ] Entering safepoint region: Deoptimize
[2023-11-09T11:02:14.308+0000][7.786s][info ][safepoint     ] Leaving safepoint region
[2023-11-09T11:02:14.308+0000][7.786s][info ][safepoint     ] Total time for which application threads were stopped: 0.0016497 seconds, Stopping threads took: 0.0003841 seconds
[2023-11-09T11:02:14.310+0000][7.789s][debug][safepoint     ] Safepoint synchronization initiated. (13 threads)
[2023-11-09T11:02:14.311+0000][7.789s][info ][safepoint     ] Application time: 0.0023814 seconds
[2023-11-09T11:02:14.311+0000][7.790s][info ][safepoint     ] Entering safepoint region: Deoptimize
[2023-11-09T11:02:14.313+0000][7.791s][info ][safepoint     ] Leaving safepoint region
[2023-11-09T11:02:14.313+0000][7.791s][info ][safepoint     ] Total time for which application threads were stopped: 0.0018363 seconds, Stopping threads took: 0.0005010 seconds
[2023-11-09T11:02:14.345+0000][7.824s][debug][safepoint     ] Safepoint synchronization initiated. (13 threads)
[2023-11-09T11:02:14.346+0000][7.824s][info ][safepoint     ] Application time: 0.0324416 seconds
[2023-11-09T11:02:14.347+0000][7.825s][info ][safepoint     ] Entering safepoint region: G1CollectForAllocation
[2023-11-09T11:02:14.347+0000][7.825s][info ][gc,start      ] GC(24) Pause Young (Normal) (G1 Evacuation Pause)
[2023-11-09T11:02:14.348+0000][7.826s][info ][gc,task       ] GC(24) Using 7 workers of 8 for evacuation
[2023-11-09T11:02:14.361+0000][7.839s][info ][gc,phases     ] GC(24)   Pre Evacuate Collection Set: 0.0ms
[2023-11-09T11:02:14.362+0000][7.840s][info ][gc,phases     ] GC(24)   Evacuate Collection Set: 9.8ms
[2023-11-09T11:02:14.362+0000][7.841s][info ][gc,phases     ] GC(24)   Post Evacuate Collection Set: 2.9ms
[2023-11-09T11:02:14.363+0000][7.841s][info ][gc,phases     ] GC(24)   Other: 1.3ms
[2023-11-09T11:02:14.364+0000][7.842s][info ][gc,heap       ] GC(24) Eden regions: 188->0(186)
[2023-11-09T11:02:14.364+0000][7.842s][info ][gc,heap       ] GC(24) Survivor regions: 9->11(25)
[2023-11-09T11:02:14.364+0000][7.843s][info ][gc,heap       ] GC(24) Old regions: 24->25
[2023-11-09T11:02:14.365+0000][7.843s][info ][gc,heap       ] GC(24) Humongous regions: 0->0
[2023-11-09T11:02:14.365+0000][7.843s][info ][gc,metaspace  ] GC(24) Metaspace: 43815K(45008K)->43815K(45008K) NonClass: 38398K(39120K)->38398K(39120K) Class: 5416K(5888K)->5416K(5888K)
[2023-11-09T11:02:14.366+0000][7.844s][info ][gc            ] GC(24) Pause Young (Normal) (G1 Evacuation Pause) 218M->33M(329M) 18.645ms
[2023-11-09T11:02:14.366+0000][7.844s][info ][gc,cpu        ] GC(24) User=0.12s Sys=0.00s Real=0.02s
[2023-11-09T11:02:14.367+0000][7.845s][info ][safepoint     ] Leaving safepoint region
[2023-11-09T11:02:14.367+0000][7.845s][info ][safepoint     ] Total time for which application threads were stopped: 0.0205200 seconds, Stopping threads took: 0.0004283 seconds
[2023-11-09T11:02:14.367+0000][7.846s][info ][gc,stringdedup] Concurrent String Deduplication (7.846s)
[2023-11-09T11:02:14.369+0000][7.847s][info ][gc,stringdedup] Concurrent String Deduplication 87120.0B->25920.0B(61200.0B) avg 43.6% (7.846s, 7.847s) 1.227ms
[2023-11-09T11:02:14.411+0000][7.889s][debug][safepoint     ] Safepoint synchronization initiated. (13 threads)
[2023-11-09T11:02:14.411+0000][7.890s][info ][safepoint     ] Application time: 0.0440293 seconds
[2023-11-09T11:02:14.412+0000][7.890s][info ][safepoint     ] Entering safepoint region: Deoptimize
[2023-11-09T11:02:14.414+0000][7.892s][info ][safepoint     ] Leaving safepoint region
[2023-11-09T11:02:14.414+0000][7.892s][info ][safepoint     ] Total time for which application threads were stopped: 0.0023894 seconds, Stopping threads took: 0.0004391 seconds
[2023-11-09T11:02:14.769+0000][8.247s][debug][safepoint     ] Safepoint synchronization initiated. (13 threads)
[2023-11-09T11:02:14.770+0000][8.248s][info ][safepoint     ] Application time: 0.3549900 seconds
[2023-11-09T11:02:14.770+0000][8.248s][info ][safepoint     ] Entering safepoint region: Deoptimize
[2023-11-09T11:02:14.772+0000][8.250s][info ][safepoint     ] Leaving safepoint region
[2023-11-09T11:02:14.773+0000][8.251s][info ][safepoint     ] Total time for which application threads were stopped: 0.0025454 seconds, Stopping threads took: 0.0004596 seconds
[2023-11-09T11:02:14.775+0000][8.253s][debug][safepoint     ] Safepoint synchronization initiated. (13 threads)
[2023-11-09T11:02:14.775+0000][8.253s][info ][safepoint     ] Application time: 0.0019665 seconds
[2023-11-09T11:02:14.776+0000][8.254s][info ][safepoint     ] Entering safepoint region: Deoptimize
[2023-11-09T11:02:14.777+0000][8.255s][info ][safepoint     ] Leaving safepoint region
[2023-11-09T11:02:14.777+0000][8.255s][info ][safepoint     ] Total time for which application threads were stopped: 0.0016420 seconds, Stopping threads took: 0.0004521 seconds
[2023-11-09T11:02:14.929+0000][8.407s][debug][safepoint     ] Safepoint synchronization initiated. (13 threads)
[2023-11-09T11:02:14.929+0000][8.408s][info ][safepoint     ] Application time: 0.1517568 seconds
[2023-11-09T11:02:14.930+0000][8.408s][info ][safepoint     ] Entering safepoint region: Deoptimize
[2023-11-09T11:02:14.931+0000][8.409s][info ][safepoint     ] Leaving safepoint region
[2023-11-09T11:02:14.931+0000][8.410s][info ][safepoint     ] Total time for which application threads were stopped: 0.0015763 seconds, Stopping threads took: 0.0003946 seconds
[2023-11-09T11:02:15.057+0000][8.535s][debug][safepoint     ] Safepoint synchronization initiated. (13 threads)
[2023-11-09T11:02:15.058+0000][8.536s][info ][safepoint     ] Application time: 0.1260170 seconds
[2023-11-09T11:02:15.058+0000][8.536s][info ][safepoint     ] Entering safepoint region: Deoptimize
[2023-11-09T11:02:15.060+0000][8.538s][info ][safepoint     ] Leaving safepoint region
[2023-11-09T11:02:15.060+0000][8.538s][info ][safepoint     ] Total time for which application threads were stopped: 0.0017504 seconds, Stopping threads took: 0.0003891 seconds
[2023-11-09T11:02:15.243+0000][8.721s][debug][safepoint     ] Safepoint synchronization initiated. (13 threads)
[2023-11-09T11:02:15.244+0000][8.722s][info ][safepoint     ] Application time: 0.1830487 seconds
[2023-11-09T11:02:15.244+0000][8.722s][info ][safepoint     ] Entering safepoint region: G1CollectForAllocation
[2023-11-09T11:02:15.245+0000][8.723s][info ][gc,start      ] GC(25) Pause Young (Normal) (G1 Evacuation Pause)
[2023-11-09T11:02:15.245+0000][8.723s][info ][gc,task       ] GC(25) Using 7 workers of 8 for evacuation
[2023-11-09T11:02:15.258+0000][8.736s][info ][gc,phases     ] GC(25)   Pre Evacuate Collection Set: 0.0ms
[2023-11-09T11:02:15.258+0000][8.737s][info ][gc,phases     ] GC(25)   Evacuate Collection Set: 10.7ms
[2023-11-09T11:02:15.259+0000][8.737s][info ][gc,phases     ] GC(25)   Post Evacuate Collection Set: 1.6ms
[2023-11-09T11:02:15.259+0000][8.737s][info ][gc,phases     ] GC(25)   Other: 1.0ms
[2023-11-09T11:02:15.260+0000][8.738s][info ][gc,heap       ] GC(25) Eden regions: 186->0(184)
[2023-11-09T11:02:15.260+0000][8.738s][info ][gc,heap       ] GC(25) Survivor regions: 11->13(25)
[2023-11-09T11:02:15.260+0000][8.738s][info ][gc,heap       ] GC(25) Old regions: 25->25
[2023-11-09T11:02:15.261+0000][8.739s][info ][gc,heap       ] GC(25) Humongous regions: 0->0
[2023-11-09T11:02:15.261+0000][8.739s][info ][gc,metaspace  ] GC(25) Metaspace: 49202K(50640K)->49202K(50640K) NonClass: 43098K(43984K)->43098K(43984K) Class: 6104K(6656K)->6104K(6656K)
[2023-11-09T11:02:15.261+0000][8.739s][info ][gc            ] GC(25) Pause Young (Normal) (G1 Evacuation Pause) 219M->35M(329M) 16.595ms
[2023-11-09T11:02:15.262+0000][8.740s][info ][gc,cpu        ] GC(25) User=0.10s Sys=0.01s Real=0.02s
[2023-11-09T11:02:15.262+0000][8.740s][info ][safepoint     ] Leaving safepoint region
[2023-11-09T11:02:15.262+0000][8.741s][info ][safepoint     ] Total time for which application threads were stopped: 0.0184942 seconds, Stopping threads took: 0.0005007 seconds
[2023-11-09T11:02:15.263+0000][8.741s][info ][gc,stringdedup] Concurrent String Deduplication (8.741s)
[2023-11-09T11:02:15.265+0000][8.744s][info ][gc,stringdedup] Concurrent String Deduplication 265.9K->71680.0B(195.9K) avg 44.4% (8.741s, 8.744s) 2.520ms
[2023-11-09T11:02:15.426+0000][8.905s][debug][safepoint     ] Safepoint synchronization initiated. (13 threads)
[2023-11-09T11:02:15.427+0000][8.905s][info ][safepoint     ] Application time: 0.1642078 seconds
[2023-11-09T11:02:15.428+0000][8.906s][info ][safepoint     ] Entering safepoint region: Deoptimize
[2023-11-09T11:02:15.429+0000][8.907s][info ][safepoint     ] Leaving safepoint region
[2023-11-09T11:02:15.430+0000][8.908s][info ][safepoint     ] Total time for which application threads were stopped: 0.0019312 seconds, Stopping threads took: 0.0005746 seconds
[2023-11-09T11:02:16.430+0000][9.909s][debug][safepoint     ] Safepoint synchronization initiated. (15 threads)
[2023-11-09T11:02:16.432+0000][9.910s][info ][safepoint     ] Application time: 1.0015449 seconds
[2023-11-09T11:02:16.433+0000][9.911s][info ][safepoint     ] Entering safepoint region: Cleanup
[2023-11-09T11:02:16.434+0000][9.912s][info ][safepoint     ] Leaving safepoint region
[2023-11-09T11:02:16.434+0000][9.913s][info ][safepoint     ] Total time for which application threads were stopped: 0.0017997 seconds, Stopping threads took: 0.0009676 seconds
[2023-11-09T11:02:16.503+0000][9.981s][debug][safepoint     ] Safepoint synchronization initiated. (14 threads)
[2023-11-09T11:02:16.503+0000][9.982s][info ][safepoint     ] Application time: 0.0684710 seconds
[2023-11-09T11:02:16.504+0000][9.982s][info ][safepoint     ] Entering safepoint region: Deoptimize
[2023-11-09T11:02:16.505+0000][9.984s][info ][safepoint     ] Leaving safepoint region
[2023-11-09T11:02:16.506+0000][9.984s][info ][safepoint     ] Total time for which application threads were stopped: 0.0019252 seconds, Stopping threads took: 0.0005217 seconds
[2023-11-09T11:02:16.561+0000][10.040s][debug][safepoint     ] Safepoint synchronization initiated. (15 threads)
[2023-11-09T11:02:16.562+0000][10.040s][info ][safepoint     ] Application time: 0.0554455 seconds
[2023-11-09T11:02:16.562+0000][10.040s][info ][safepoint     ] Entering safepoint region: Deoptimize
[2023-11-09T11:02:16.564+0000][10.042s][info ][safepoint     ] Leaving safepoint region
[2023-11-09T11:02:16.564+0000][10.042s][info ][safepoint     ] Total time for which application threads were stopped: 0.0016684 seconds, Stopping threads took: 0.0004661 seconds
[2023-11-09T11:02:16.784+0000][10.262s][debug][safepoint     ] Safepoint synchronization initiated. (15 threads)
[2023-11-09T11:02:16.784+0000][10.262s][info ][safepoint     ] Application time: 0.2198652 seconds
[2023-11-09T11:02:16.785+0000][10.263s][info ][safepoint     ] Entering safepoint region: ICBufferFull
[2023-11-09T11:02:16.785+0000][10.263s][info ][safepoint     ] Leaving safepoint region
[2023-11-09T11:02:16.785+0000][10.264s][info ][safepoint     ] Total time for which application threads were stopped: 0.0008442 seconds, Stopping threads took: 0.0002893 seconds
[2023-11-09T11:02:17.096+0000][10.574s][debug][safepoint     ] Safepoint synchronization initiated. (15 threads)
[2023-11-09T11:02:17.096+0000][10.574s][info ][safepoint     ] Application time: 0.3106529 seconds
[2023-11-09T11:02:17.097+0000][10.575s][info ][safepoint     ] Entering safepoint region: G1CollectForAllocation
[2023-11-09T11:02:17.097+0000][10.575s][info ][gc,start      ] GC(26) Pause Young (Normal) (G1 Evacuation Pause)
[2023-11-09T11:02:17.097+0000][10.576s][info ][gc,task       ] GC(26) Using 7 workers of 8 for evacuation
[2023-11-09T11:02:17.106+0000][10.584s][info ][gc,phases     ] GC(26)   Pre Evacuate Collection Set: 0.0ms
[2023-11-09T11:02:17.106+0000][10.585s][info ][gc,phases     ] GC(26)   Evacuate Collection Set: 6.7ms
[2023-11-09T11:02:17.107+0000][10.585s][info ][gc,phases     ] GC(26)   Post Evacuate Collection Set: 1.5ms
[2023-11-09T11:02:17.107+0000][10.585s][info ][gc,phases     ] GC(26)   Other: 0.7ms
[2023-11-09T11:02:17.108+0000][10.586s][info ][gc,heap       ] GC(26) Eden regions: 184->0(182)
[2023-11-09T11:02:17.108+0000][10.586s][info ][gc,heap       ] GC(26) Survivor regions: 13->15(25)
[2023-11-09T11:02:17.108+0000][10.586s][info ][gc,heap       ] GC(26) Old regions: 25->25
[2023-11-09T11:02:17.109+0000][10.587s][info ][gc,heap       ] GC(26) Humongous regions: 0->0
[2023-11-09T11:02:17.109+0000][10.587s][info ][gc,metaspace  ] GC(26) Metaspace: 54535K(56144K)->54535K(56144K) NonClass: 47829K(48848K)->47829K(48848K) Class: 6706K(7296K)->6706K(7296K)
[2023-11-09T11:02:17.109+0000][10.587s][info ][gc            ] GC(26) Pause Young (Normal) (G1 Evacuation Pause) 219M->38M(329M) 12.191ms
[2023-11-09T11:02:17.110+0000][10.588s][info ][gc,cpu        ] GC(26) User=0.07s Sys=0.00s Real=0.02s
[2023-11-09T11:02:17.110+0000][10.588s][info ][safepoint     ] Leaving safepoint region
[2023-11-09T11:02:17.110+0000][10.588s][info ][safepoint     ] Total time for which application threads were stopped: 0.0136476 seconds, Stopping threads took: 0.0003046 seconds
[2023-11-09T11:02:17.111+0000][10.589s][info ][gc,stringdedup] Concurrent String Deduplication (10.589s)
[2023-11-09T11:02:17.113+0000][10.592s][info ][gc,stringdedup] Concurrent String Deduplication 219.0K->94752.0B(126.5K) avg 44.8% (10.589s, 10.592s) 2.741ms
[2023-11-09T11:02:17.504+0000][10.983s][debug][safepoint     ] Safepoint synchronization initiated. (13 threads)
[2023-11-09T11:02:17.505+0000][10.983s][info ][safepoint     ] Application time: 0.3944852 seconds
[2023-11-09T11:02:17.505+0000][10.984s][info ][safepoint     ] Entering safepoint region: G1CollectForAllocation
[2023-11-09T11:02:17.506+0000][10.984s][info ][gc,start      ] GC(27) Pause Young (Normal) (G1 Evacuation Pause)
[2023-11-09T11:02:17.506+0000][10.985s][info ][gc,task       ] GC(27) Using 7 workers of 8 for evacuation
[2023-11-09T11:02:17.516+0000][10.994s][info ][gc,phases     ] GC(27)   Pre Evacuate Collection Set: 0.0ms
[2023-11-09T11:02:17.516+0000][10.995s][info ][gc,phases     ] GC(27)   Evacuate Collection Set: 7.2ms
[2023-11-09T11:02:17.517+0000][10.995s][info ][gc,phases     ] GC(27)   Post Evacuate Collection Set: 1.7ms
[2023-11-09T11:02:17.517+0000][10.995s][info ][gc,phases     ] GC(27)   Other: 0.8ms
[2023-11-09T11:02:17.518+0000][10.996s][info ][gc,heap       ] GC(27) Eden regions: 182->0(183)
[2023-11-09T11:02:17.518+0000][10.996s][info ][gc,heap       ] GC(27) Survivor regions: 15->14(25)
[2023-11-09T11:02:17.519+0000][10.997s][info ][gc,heap       ] GC(27) Old regions: 25->27
[2023-11-09T11:02:17.519+0000][10.997s][info ][gc,heap       ] GC(27) Humongous regions: 0->0
[2023-11-09T11:02:17.519+0000][10.998s][info ][gc,metaspace  ] GC(27) Metaspace: 57925K(59600K)->57925K(59600K) NonClass: 50590K(51664K)->50590K(51664K) Class: 7334K(7936K)->7334K(7936K)
[2023-11-09T11:02:17.520+0000][10.998s][info ][gc            ] GC(27) Pause Young (Normal) (G1 Evacuation Pause) 220M->39M(329M) 13.790ms
[2023-11-09T11:02:17.520+0000][10.998s][info ][gc,cpu        ] GC(27) User=0.05s Sys=0.01s Real=0.02s
[2023-11-09T11:02:17.521+0000][10.999s][info ][safepoint     ] Leaving safepoint region
[2023-11-09T11:02:17.521+0000][10.999s][info ][safepoint     ] Total time for which application threads were stopped: 0.0155091 seconds, Stopping threads took: 0.0003944 seconds
[2023-11-09T11:02:17.521+0000][11.000s][info ][gc,stringdedup] Concurrent String Deduplication (11.000s)
[2023-11-09T11:02:17.523+0000][11.001s][info ][gc,stringdedup] Concurrent String Deduplication 228.2K->109.6K(118.7K) avg 44.9% (11.000s, 11.001s) 1.688ms
[2023-11-09T11:02:17.619+0000][11.097s][debug][safepoint     ] Safepoint synchronization initiated. (13 threads)
[2023-11-09T11:02:17.620+0000][11.098s][info ][safepoint     ] Application time: 0.0982392 seconds
[2023-11-09T11:02:17.620+0000][11.098s][info ][safepoint     ] Entering safepoint region: CollectForMetadataAllocation
[2023-11-09T11:02:17.620+0000][11.099s][info ][gc,start      ] GC(28) Pause Young (Concurrent Start) (Metadata GC Threshold)
[2023-11-09T11:02:17.621+0000][11.099s][info ][gc,task       ] GC(28) Using 7 workers of 8 for evacuation
[2023-11-09T11:02:17.631+0000][11.109s][info ][gc,phases     ] GC(28)   Pre Evacuate Collection Set: 0.1ms
[2023-11-09T11:02:17.631+0000][11.109s][info ][gc,phases     ] GC(28)   Evacuate Collection Set: 7.7ms
[2023-11-09T11:02:17.632+0000][11.110s][info ][gc,phases     ] GC(28)   Post Evacuate Collection Set: 1.7ms
[2023-11-09T11:02:17.632+0000][11.110s][info ][gc,phases     ] GC(28)   Other: 0.7ms
[2023-11-09T11:02:17.633+0000][11.111s][info ][gc,heap       ] GC(28) Eden regions: 30->0(184)
[2023-11-09T11:02:17.633+0000][11.111s][info ][gc,heap       ] GC(28) Survivor regions: 14->13(25)
[2023-11-09T11:02:17.633+0000][11.112s][info ][gc,heap       ] GC(28) Old regions: 27->28
[2023-11-09T11:02:17.634+0000][11.112s][info ][gc,heap       ] GC(28) Humongous regions: 0->0
[2023-11-09T11:02:17.634+0000][11.112s][info ][gc,metaspace  ] GC(28) Metaspace: 59014K(60496K)->59014K(60496K) NonClass: 51546K(52432K)->51546K(52432K) Class: 7467K(8064K)->7467K(8064K)
[2023-11-09T11:02:17.634+0000][11.112s][info ][gc            ] GC(28) Pause Young (Concurrent Start) (Metadata GC Threshold) 68M->39M(329M) 13.751ms
[2023-11-09T11:02:17.635+0000][11.113s][info ][gc,cpu        ] GC(28) User=0.05s Sys=0.00s Real=0.01s
[2023-11-09T11:02:17.635+0000][11.113s][info ][safepoint     ] Leaving safepoint region
[2023-11-09T11:02:17.635+0000][11.113s][info ][safepoint     ] Total time for which application threads were stopped: 0.0152013 seconds, Stopping threads took: 0.0003507 seconds
[2023-11-09T11:02:17.635+0000][11.113s][info ][gc            ] GC(29) Concurrent Cycle
[2023-11-09T11:02:17.636+0000][11.114s][info ][gc,marking    ] GC(29) Concurrent Clear Claimed Marks
[2023-11-09T11:02:17.636+0000][11.114s][info ][gc,stringdedup] Concurrent String Deduplication (11.114s)
[2023-11-09T11:02:17.636+0000][11.115s][info ][gc,marking    ] GC(29) Concurrent Clear Claimed Marks 0.491ms
[2023-11-09T11:02:17.637+0000][11.115s][info ][gc,marking    ] GC(29) Concurrent Scan Root Regions
[2023-11-09T11:02:17.639+0000][11.117s][info ][gc,stringdedup] Concurrent String Deduplication 267.8K->100800.0B(169.4K) avg 45.4% (11.114s, 11.117s) 2.995ms
[2023-11-09T11:02:17.642+0000][11.120s][info ][gc,marking    ] GC(29) Concurrent Scan Root Regions 4.902ms
[2023-11-09T11:02:17.642+0000][11.120s][info ][gc,marking    ] GC(29) Concurrent Mark (11.120s)
[2023-11-09T11:02:17.643+0000][11.121s][info ][gc,marking    ] GC(29) Concurrent Mark From Roots
[2023-11-09T11:02:17.643+0000][11.121s][info ][gc,task       ] GC(29) Using 2 workers of 2 for marking
[2023-11-09T11:02:17.665+0000][11.143s][info ][gc,marking    ] GC(29) Concurrent Mark From Roots 22.605ms
[2023-11-09T11:02:17.666+0000][11.144s][info ][gc,marking    ] GC(29) Concurrent Preclean
[2023-11-09T11:02:17.666+0000][11.145s][info ][gc,marking    ] GC(29) Concurrent Preclean 0.546ms
[2023-11-09T11:02:17.667+0000][11.145s][info ][gc,marking    ] GC(29) Concurrent Mark (11.120s, 11.145s) 24.633ms
[2023-11-09T11:02:17.667+0000][11.146s][debug][safepoint     ] Safepoint synchronization initiated. (13 threads)
[2023-11-09T11:02:17.668+0000][11.146s][info ][safepoint     ] Application time: 0.0323738 seconds
[2023-11-09T11:02:17.668+0000][11.146s][info ][safepoint     ] Entering safepoint region: CGC_Operation
[2023-11-09T11:02:17.669+0000][11.147s][info ][gc,start      ] GC(29) Pause Remark
[2023-11-09T11:02:17.675+0000][11.153s][info ][gc,stringtable] GC(29) Cleaned string and symbol table, strings: 23339 processed, 1 removed, symbols: 191605 processed, 181 removed
[2023-11-09T11:02:17.676+0000][11.154s][info ][gc            ] GC(29) Pause Remark 40M->40M(329M) 6.866ms
[2023-11-09T11:02:17.676+0000][11.154s][info ][gc,cpu        ] GC(29) User=0.03s Sys=0.00s Real=0.01s
[2023-11-09T11:02:17.677+0000][11.155s][info ][safepoint     ] Leaving safepoint region
[2023-11-09T11:02:17.677+0000][11.155s][info ][safepoint     ] Total time for which application threads were stopped: 0.0088136 seconds, Stopping threads took: 0.0003027 seconds
[2023-11-09T11:02:17.678+0000][11.156s][info ][gc,marking    ] GC(29) Concurrent Rebuild Remembered Sets
[2023-11-09T11:02:17.690+0000][11.168s][info ][gc,marking    ] GC(29) Concurrent Rebuild Remembered Sets 12.372ms
[2023-11-09T11:02:17.690+0000][11.169s][debug][safepoint     ] Safepoint synchronization initiated. (13 threads)
[2023-11-09T11:02:17.691+0000][11.169s][info ][safepoint     ] Application time: 0.0135304 seconds
[2023-11-09T11:02:17.691+0000][11.170s][info ][safepoint     ] Entering safepoint region: CGC_Operation
[2023-11-09T11:02:17.692+0000][11.170s][info ][gc,start      ] GC(29) Pause Cleanup
[2023-11-09T11:02:17.693+0000][11.171s][info ][gc            ] GC(29) Pause Cleanup 40M->40M(329M) 0.566ms
[2023-11-09T11:02:17.693+0000][11.171s][info ][gc,cpu        ] GC(29) User=0.00s Sys=0.00s Real=0.00s
[2023-11-09T11:02:17.693+0000][11.172s][info ][safepoint     ] Leaving safepoint region
[2023-11-09T11:02:17.694+0000][11.172s][info ][safepoint     ] Total time for which application threads were stopped: 0.0025035 seconds, Stopping threads took: 0.0004635 seconds
[2023-11-09T11:02:17.694+0000][11.173s][info ][gc,marking    ] GC(29) Concurrent Cleanup for Next Mark
[2023-11-09T11:02:17.696+0000][11.174s][info ][gc,marking    ] GC(29) Concurrent Cleanup for Next Mark 1.822ms
[2023-11-09T11:02:17.697+0000][11.175s][info ][gc            ] GC(29) Concurrent Cycle 61.953ms
[2023-11-09T11:02:18.371+0000][11.849s][debug][safepoint     ] Safepoint synchronization initiated. (17 threads)
[2023-11-09T11:02:18.372+0000][11.850s][info ][safepoint     ] Application time: 0.6771520 seconds
[2023-11-09T11:02:18.372+0000][11.850s][info ][safepoint     ] Entering safepoint region: ICBufferFull
[2023-11-09T11:02:18.373+0000][11.851s][info ][safepoint     ] Leaving safepoint region
[2023-11-09T11:02:18.373+0000][11.851s][info ][safepoint     ] Total time for which application threads were stopped: 0.0011185 seconds, Stopping threads took: 0.0004771 seconds
[2023-11-09T11:02:18.481+0000][11.959s][debug][safepoint     ] Safepoint synchronization initiated. (18 threads)
[2023-11-09T11:02:18.481+0000][11.960s][info ][safepoint     ] Application time: 0.1078401 seconds
[2023-11-09T11:02:18.482+0000][11.960s][info ][safepoint     ] Entering safepoint region: Deoptimize
[2023-11-09T11:02:18.486+0000][11.964s][info ][safepoint     ] Leaving safepoint region
[2023-11-09T11:02:18.486+0000][11.964s][info ][safepoint     ] Total time for which application threads were stopped: 0.0042426 seconds, Stopping threads took: 0.0004585 seconds
[2023-11-09T11:02:18.536+0000][12.015s][debug][safepoint     ] Safepoint synchronization initiated. (18 threads)
[2023-11-09T11:02:18.537+0000][12.015s][info ][safepoint     ] Application time: 0.0505649 seconds
[2023-11-09T11:02:18.537+0000][12.015s][info ][safepoint     ] Entering safepoint region: Deoptimize
[2023-11-09T11:02:18.539+0000][12.017s][info ][safepoint     ] Leaving safepoint region
[2023-11-09T11:02:18.539+0000][12.018s][info ][safepoint     ] Total time for which application threads were stopped: 0.0021434 seconds, Stopping threads took: 0.0004719 seconds
[2023-11-09T11:02:18.663+0000][12.141s][debug][safepoint     ] Safepoint synchronization initiated. (18 threads)
[2023-11-09T11:02:18.663+0000][12.142s][info ][safepoint     ] Application time: 0.1235188 seconds
[2023-11-09T11:02:18.664+0000][12.142s][info ][safepoint     ] Entering safepoint region: G1CollectForAllocation
[2023-11-09T11:02:18.664+0000][12.143s][info ][gc,start      ] GC(30) Pause Young (Normal) (G1 Evacuation Pause)
[2023-11-09T11:02:18.665+0000][12.143s][info ][gc,task       ] GC(30) Using 7 workers of 8 for evacuation
[2023-11-09T11:02:18.679+0000][12.157s][info ][gc,phases     ] GC(30)   Pre Evacuate Collection Set: 0.0ms
[2023-11-09T11:02:18.679+0000][12.157s][info ][gc,phases     ] GC(30)   Evacuate Collection Set: 10.9ms
[2023-11-09T11:02:18.680+0000][12.158s][info ][gc,phases     ] GC(30)   Post Evacuate Collection Set: 2.5ms
[2023-11-09T11:02:18.680+0000][12.158s][info ][gc,phases     ] GC(30)   Other: 1.0ms
[2023-11-09T11:02:18.680+0000][12.159s][info ][gc,heap       ] GC(30) Eden regions: 184->0(181)
[2023-11-09T11:02:18.681+0000][12.159s][info ][gc,heap       ] GC(30) Survivor regions: 13->16(25)
[2023-11-09T11:02:18.681+0000][12.159s][info ][gc,heap       ] GC(30) Old regions: 28->28
[2023-11-09T11:02:18.681+0000][12.160s][info ][gc,heap       ] GC(30) Humongous regions: 0->0
[2023-11-09T11:02:18.682+0000][12.160s][info ][gc,metaspace  ] GC(30) Metaspace: 64862K(66640K)->64862K(66640K) NonClass: 56618K(57808K)->56618K(57808K) Class: 8244K(8832K)->8244K(8832K)
[2023-11-09T11:02:18.682+0000][12.161s][info ][gc            ] GC(30) Pause Young (Normal) (G1 Evacuation Pause) 223M->42M(329M) 18.033ms
[2023-11-09T11:02:18.683+0000][12.161s][info ][gc,cpu        ] GC(30) User=0.11s Sys=0.00s Real=0.02s
[2023-11-09T11:02:18.683+0000][12.161s][info ][safepoint     ] Leaving safepoint region
[2023-11-09T11:02:18.684+0000][12.162s][info ][safepoint     ] Total time for which application threads were stopped: 0.0199270 seconds, Stopping threads took: 0.0005052 seconds
[2023-11-09T11:02:18.684+0000][12.162s][info ][gc,stringdedup] Concurrent String Deduplication (12.162s)
[2023-11-09T11:02:18.686+0000][12.164s][info ][gc,stringdedup] Concurrent String Deduplication 70808.0B->11168.0B(59640.0B) avg 45.7% (12.162s, 12.164s) 1.616ms
[2023-11-09T11:02:18.978+0000][12.456s][debug][safepoint     ] Safepoint synchronization initiated. (18 threads)
[2023-11-09T11:02:18.979+0000][12.457s][info ][safepoint     ] Application time: 0.2947143 seconds
[2023-11-09T11:02:18.979+0000][12.458s][info ][safepoint     ] Entering safepoint region: ICBufferFull
[2023-11-09T11:02:18.980+0000][12.458s][info ][safepoint     ] Leaving safepoint region
[2023-11-09T11:02:18.981+0000][12.459s][info ][safepoint     ] Total time for which application threads were stopped: 0.0013580 seconds, Stopping threads took: 0.0005689 seconds
[2023-11-09T11:02:19.527+0000][13.005s][debug][safepoint     ] Safepoint synchronization initiated. (18 threads)
[2023-11-09T11:02:19.527+0000][13.006s][info ][safepoint     ] Application time: 0.5462289 seconds
[2023-11-09T11:02:19.528+0000][13.006s][info ][safepoint     ] Entering safepoint region: G1CollectForAllocation
[2023-11-09T11:02:19.529+0000][13.007s][info ][gc,start      ] GC(31) Pause Young (Normal) (G1 Evacuation Pause)
[2023-11-09T11:02:19.529+0000][13.007s][info ][gc,task       ] GC(31) Using 7 workers of 8 for evacuation
[2023-11-09T11:02:19.549+0000][13.027s][info ][gc,phases     ] GC(31)   Pre Evacuate Collection Set: 0.0ms
[2023-11-09T11:02:19.549+0000][13.028s][info ][gc,phases     ] GC(31)   Evacuate Collection Set: 14.8ms
[2023-11-09T11:02:19.550+0000][13.028s][info ][gc,phases     ] GC(31)   Post Evacuate Collection Set: 4.4ms
[2023-11-09T11:02:19.550+0000][13.029s][info ][gc,phases     ] GC(31)   Other: 1.2ms
[2023-11-09T11:02:19.551+0000][13.029s][info ][gc,heap       ] GC(31) Eden regions: 181->0(181)
[2023-11-09T11:02:19.551+0000][13.029s][info ][gc,heap       ] GC(31) Survivor regions: 16->16(25)
[2023-11-09T11:02:19.552+0000][13.030s][info ][gc,heap       ] GC(31) Old regions: 28->31
[2023-11-09T11:02:19.552+0000][13.030s][info ][gc,heap       ] GC(31) Humongous regions: 0->0
[2023-11-09T11:02:19.553+0000][13.031s][info ][gc,metaspace  ] GC(31) Metaspace: 68273K(69968K)->68273K(69968K) NonClass: 59520K(60624K)->59520K(60624K) Class: 8753K(9344K)->8753K(9344K)
[2023-11-09T11:02:19.553+0000][13.031s][info ][gc            ] GC(31) Pause Young (Normal) (G1 Evacuation Pause) 223M->45M(329M) 24.566ms
[2023-11-09T11:02:19.554+0000][13.032s][info ][gc,cpu        ] GC(31) User=0.12s Sys=0.00s Real=0.03s
[2023-11-09T11:02:19.554+0000][13.032s][info ][safepoint     ] Leaving safepoint region
[2023-11-09T11:02:19.554+0000][13.033s][info ][safepoint     ] Total time for which application threads were stopped: 0.0265444 seconds, Stopping threads took: 0.0004312 seconds
[2023-11-09T11:02:19.555+0000][13.033s][info ][gc,stringdedup] Concurrent String Deduplication (13.033s)
[2023-11-09T11:02:19.556+0000][13.034s][info ][gc,stringdedup] Concurrent String Deduplication 23216.0B->10112.0B(13104.0B) avg 45.7% (13.033s, 13.034s) 0.991ms
[2023-11-09T11:02:19.751+0000][13.230s][debug][safepoint     ] Safepoint synchronization initiated. (18 threads)
[2023-11-09T11:02:19.752+0000][13.230s][info ][safepoint     ] Application time: 0.1970597 seconds
[2023-11-09T11:02:19.752+0000][13.231s][info ][safepoint     ] Entering safepoint region: ICBufferFull
[2023-11-09T11:02:19.753+0000][13.231s][info ][safepoint     ] Leaving safepoint region
[2023-11-09T11:02:19.754+0000][13.232s][info ][safepoint     ] Total time for which application threads were stopped: 0.0012213 seconds, Stopping threads took: 0.0004624 seconds
[2023-11-09T11:02:19.822+0000][13.300s][debug][safepoint     ] Safepoint synchronization initiated. (18 threads)
[2023-11-09T11:02:19.822+0000][13.300s][info ][safepoint     ] Application time: 0.0681527 seconds
[2023-11-09T11:02:19.823+0000][13.301s][debug][safepoint     ] Waiting for 1 thread(s) to block
[2023-11-09T11:02:19.823+0000][13.301s][info ][safepoint     ] Entering safepoint region: ICBufferFull
[2023-11-09T11:02:19.824+0000][13.302s][info ][safepoint     ] Leaving safepoint region
[2023-11-09T11:02:19.824+0000][13.302s][info ][safepoint     ] Total time for which application threads were stopped: 0.0013717 seconds, Stopping threads took: 0.0007816 seconds
[2023-11-09T11:02:19.895+0000][13.373s][debug][safepoint     ] Safepoint synchronization initiated. (18 threads)
[2023-11-09T11:02:19.895+0000][13.373s][info ][safepoint     ] Application time: 0.0706274 seconds
[2023-11-09T11:02:19.896+0000][13.374s][info ][safepoint     ] Entering safepoint region: ICBufferFull
[2023-11-09T11:02:19.896+0000][13.374s][info ][safepoint     ] Leaving safepoint region
[2023-11-09T11:02:19.897+0000][13.375s][info ][safepoint     ] Total time for which application threads were stopped: 0.0011018 seconds, Stopping threads took: 0.0004265 seconds
[2023-11-09T11:02:19.960+0000][13.438s][debug][safepoint     ] Safepoint synchronization initiated. (18 threads)
[2023-11-09T11:02:19.960+0000][13.439s][info ][safepoint     ] Application time: 0.0632403 seconds
[2023-11-09T11:02:19.961+0000][13.439s][debug][safepoint     ] Waiting for 2 thread(s) to block
[2023-11-09T11:02:19.961+0000][13.439s][info ][safepoint     ] Entering safepoint region: ICBufferFull
[2023-11-09T11:02:19.962+0000][13.440s][info ][safepoint     ] Leaving safepoint region
[2023-11-09T11:02:19.963+0000][13.441s][info ][safepoint     ] Total time for which application threads were stopped: 0.0017942 seconds, Stopping threads took: 0.0010081 seconds
[2023-11-09T11:02:20.063+0000][13.541s][debug][safepoint     ] Safepoint synchronization initiated. (18 threads)
[2023-11-09T11:02:20.064+0000][13.542s][info ][safepoint     ] Application time: 0.1007718 seconds
[2023-11-09T11:02:20.064+0000][13.542s][info ][safepoint     ] Entering safepoint region: ICBufferFull
[2023-11-09T11:02:20.065+0000][13.543s][info ][safepoint     ] Leaving safepoint region
[2023-11-09T11:02:20.065+0000][13.544s][info ][safepoint     ] Total time for which application threads were stopped: 0.0011960 seconds, Stopping threads took: 0.0004598 seconds
[2023-11-09T11:02:20.441+0000][13.919s][debug][safepoint     ] Safepoint synchronization initiated. (18 threads)
[2023-11-09T11:02:20.441+0000][13.920s][info ][safepoint     ] Application time: 0.3754542 seconds
[2023-11-09T11:02:20.442+0000][13.920s][info ][safepoint     ] Entering safepoint region: G1CollectForAllocation
[2023-11-09T11:02:20.443+0000][13.921s][info ][gc,start      ] GC(32) Pause Young (Normal) (G1 Evacuation Pause)
[2023-11-09T11:02:20.443+0000][13.921s][info ][gc,task       ] GC(32) Using 7 workers of 8 for evacuation
[2023-11-09T11:02:20.455+0000][13.934s][info ][gc,phases     ] GC(32)   Pre Evacuate Collection Set: 0.0ms
[2023-11-09T11:02:20.456+0000][13.934s][info ][gc,phases     ] GC(32)   Evacuate Collection Set: 9.9ms
[2023-11-09T11:02:20.457+0000][13.935s][info ][gc,phases     ] GC(32)   Post Evacuate Collection Set: 1.8ms
[2023-11-09T11:02:20.457+0000][13.935s][info ][gc,phases     ] GC(32)   Other: 1.1ms
[2023-11-09T11:02:20.458+0000][13.936s][info ][gc,heap       ] GC(32) Eden regions: 181->0(183)
[2023-11-09T11:02:20.458+0000][13.937s][info ][gc,heap       ] GC(32) Survivor regions: 16->14(25)
[2023-11-09T11:02:20.459+0000][13.937s][info ][gc,heap       ] GC(32) Old regions: 31->34
[2023-11-09T11:02:20.459+0000][13.938s][info ][gc,heap       ] GC(32) Humongous regions: 0->0
[2023-11-09T11:02:20.460+0000][13.938s][info ][gc,metaspace  ] GC(32) Metaspace: 71046K(72912K)->71046K(72912K) NonClass: 61980K(63184K)->61980K(63184K) Class: 9065K(9728K)->9065K(9728K)
[2023-11-09T11:02:20.460+0000][13.939s][info ][gc            ] GC(32) Pause Young (Normal) (G1 Evacuation Pause) 226M->46M(329M) 17.822ms
[2023-11-09T11:02:20.461+0000][13.939s][info ][gc,cpu        ] GC(32) User=0.07s Sys=0.00s Real=0.02s
[2023-11-09T11:02:20.462+0000][13.940s][info ][safepoint     ] Leaving safepoint region
[2023-11-09T11:02:20.462+0000][13.941s][info ][safepoint     ] Total time for which application threads were stopped: 0.0204875 seconds, Stopping threads took: 0.0004548 seconds
[2023-11-09T11:02:20.463+0000][13.941s][info ][gc,stringdedup] Concurrent String Deduplication (13.941s)
[2023-11-09T11:02:20.465+0000][13.943s][info ][gc,stringdedup] Concurrent String Deduplication 204.7K->56328.0B(149.7K) avg 46.3% (13.941s, 13.943s) 1.871ms
[2023-11-09T11:02:20.667+0000][14.146s][debug][safepoint     ] Safepoint synchronization initiated. (18 threads)
[2023-11-09T11:02:20.668+0000][14.146s][info ][safepoint     ] Application time: 0.2051317 seconds
[2023-11-09T11:02:20.668+0000][14.147s][info ][safepoint     ] Entering safepoint region: Deoptimize
[2023-11-09T11:02:20.670+0000][14.148s][info ][safepoint     ] Leaving safepoint region
[2023-11-09T11:02:20.671+0000][14.149s][info ][safepoint     ] Total time for which application threads were stopped: 0.0022330 seconds, Stopping threads took: 0.0004218 seconds
[2023-11-09T11:02:20.673+0000][14.151s][debug][safepoint     ] Safepoint synchronization initiated. (18 threads)
[2023-11-09T11:02:20.673+0000][14.151s][info ][safepoint     ] Application time: 0.0019195 seconds
[2023-11-09T11:02:20.674+0000][14.152s][info ][safepoint     ] Entering safepoint region: Deoptimize
[2023-11-09T11:02:20.675+0000][14.153s][info ][safepoint     ] Leaving safepoint region
[2023-11-09T11:02:20.676+0000][14.154s][info ][safepoint     ] Total time for which application threads were stopped: 0.0021465 seconds, Stopping threads took: 0.0004793 seconds
[2023-11-09T11:02:20.688+0000][14.166s][debug][safepoint     ] Safepoint synchronization initiated. (18 threads)
[2023-11-09T11:02:20.689+0000][14.167s][info ][safepoint     ] Application time: 0.0128730 seconds
[2023-11-09T11:02:20.690+0000][14.168s][debug][safepoint     ] Waiting for 1 thread(s) to block
[2023-11-09T11:02:20.690+0000][14.168s][info ][safepoint     ] Entering safepoint region: ICBufferFull
[2023-11-09T11:02:20.691+0000][14.169s][info ][safepoint     ] Leaving safepoint region
[2023-11-09T11:02:20.691+0000][14.170s][info ][safepoint     ] Total time for which application threads were stopped: 0.0017486 seconds, Stopping threads took: 0.0009427 seconds
[2023-11-09T11:02:20.953+0000][14.432s][debug][safepoint     ] Safepoint synchronization initiated. (18 threads)
[2023-11-09T11:02:20.954+0000][14.432s][info ][safepoint     ] Application time: 0.2621628 seconds
[2023-11-09T11:02:20.954+0000][14.433s][info ][safepoint     ] Entering safepoint region: Deoptimize
[2023-11-09T11:02:20.956+0000][14.434s][info ][safepoint     ] Leaving safepoint region
[2023-11-09T11:02:20.956+0000][14.435s][info ][safepoint     ] Total time for which application threads were stopped: 0.0020921 seconds, Stopping threads took: 0.0003967 seconds
[2023-11-09T11:02:21.140+0000][14.619s][debug][safepoint     ] Safepoint synchronization initiated. (18 threads)
[2023-11-09T11:02:21.141+0000][14.619s][info ][safepoint     ] Application time: 0.1840332 seconds
[2023-11-09T11:02:21.141+0000][14.619s][info ][safepoint     ] Entering safepoint region: Deoptimize
[2023-11-09T11:02:21.143+0000][14.621s][info ][safepoint     ] Leaving safepoint region
[2023-11-09T11:02:21.143+0000][14.621s][info ][safepoint     ] Total time for which application threads were stopped: 0.0018238 seconds, Stopping threads took: 0.0003877 seconds
[2023-11-09T11:02:21.251+0000][14.729s][debug][safepoint     ] Safepoint synchronization initiated. (18 threads)
[2023-11-09T11:02:21.251+0000][14.730s][info ][safepoint     ] Application time: 0.1079968 seconds
[2023-11-09T11:02:21.252+0000][14.730s][info ][safepoint     ] Entering safepoint region: Deoptimize
[2023-11-09T11:02:21.253+0000][14.731s][info ][safepoint     ] Leaving safepoint region
[2023-11-09T11:02:21.254+0000][14.732s][info ][safepoint     ] Total time for which application threads were stopped: 0.0019250 seconds, Stopping threads took: 0.0004272 seconds
[2023-11-09T11:02:21.333+0000][14.811s][debug][safepoint     ] Safepoint synchronization initiated. (18 threads)
[2023-11-09T11:02:21.333+0000][14.811s][info ][safepoint     ] Application time: 0.0789031 seconds
[2023-11-09T11:02:21.334+0000][14.812s][info ][safepoint     ] Entering safepoint region: G1CollectForAllocation
[2023-11-09T11:02:21.334+0000][14.812s][info ][gc,start      ] GC(33) Pause Young (Normal) (G1 Evacuation Pause)
[2023-11-09T11:02:21.335+0000][14.813s][info ][gc,task       ] GC(33) Using 7 workers of 8 for evacuation
[2023-11-09T11:02:21.347+0000][14.825s][info ][gc,phases     ] GC(33)   Pre Evacuate Collection Set: 0.0ms
[2023-11-09T11:02:21.347+0000][14.826s][info ][gc,phases     ] GC(33)   Evacuate Collection Set: 9.1ms
[2023-11-09T11:02:21.348+0000][14.826s][info ][gc,phases     ] GC(33)   Post Evacuate Collection Set: 2.5ms
[2023-11-09T11:02:21.348+0000][14.826s][info ][gc,phases     ] GC(33)   Other: 1.0ms
[2023-11-09T11:02:21.349+0000][14.827s][info ][gc,heap       ] GC(33) Eden regions: 183->0(183)
[2023-11-09T11:02:21.349+0000][14.827s][info ][gc,heap       ] GC(33) Survivor regions: 14->14(25)
[2023-11-09T11:02:21.349+0000][14.827s][info ][gc,heap       ] GC(33) Old regions: 34->34
[2023-11-09T11:02:21.350+0000][14.828s][info ][gc,heap       ] GC(33) Humongous regions: 0->0
[2023-11-09T11:02:21.350+0000][14.828s][info ][gc,metaspace  ] GC(33) Metaspace: 76703K(78800K)->76703K(78800K) NonClass: 66940K(68304K)->66940K(68304K) Class: 9763K(10496K)->9763K(10496K)
[2023-11-09T11:02:21.350+0000][14.829s][info ][gc            ] GC(33) Pause Young (Normal) (G1 Evacuation Pause) 229M->46M(329M) 16.059ms
[2023-11-09T11:02:21.351+0000][14.829s][info ][gc,cpu        ] GC(33) User=0.08s Sys=0.00s Real=0.02s
[2023-11-09T11:02:21.351+0000][14.829s][info ][safepoint     ] Leaving safepoint region
[2023-11-09T11:02:21.352+0000][14.830s][info ][safepoint     ] Total time for which application threads were stopped: 0.0179715 seconds, Stopping threads took: 0.0004471 seconds
[2023-11-09T11:02:21.352+0000][14.830s][info ][gc,stringdedup] Concurrent String Deduplication (14.830s)
[2023-11-09T11:02:21.353+0000][14.832s][info ][gc,stringdedup] Concurrent String Deduplication 191.3K->45376.0B(147.0K) avg 46.9% (14.830s, 14.832s) 1.567ms
[2023-11-09T11:02:21.733+0000][15.212s][debug][safepoint     ] Safepoint synchronization initiated. (18 threads)
[2023-11-09T11:02:21.734+0000][15.212s][info ][safepoint     ] Application time: 0.3820642 seconds
[2023-11-09T11:02:21.734+0000][15.213s][info ][safepoint     ] Entering safepoint region: ICBufferFull
[2023-11-09T11:02:21.735+0000][15.213s][info ][safepoint     ] Leaving safepoint region
[2023-11-09T11:02:21.735+0000][15.214s][info ][safepoint     ] Total time for which application threads were stopped: 0.0010866 seconds, Stopping threads took: 0.0003744 seconds
[2023-11-09T11:02:22.245+0000][15.723s][debug][safepoint     ] Safepoint synchronization initiated. (18 threads)
[2023-11-09T11:02:22.247+0000][15.726s][info ][safepoint     ] Application time: 0.5114563 seconds
[2023-11-09T11:02:22.250+0000][15.728s][debug][safepoint     ] Waiting for 1 thread(s) to block
[2023-11-09T11:02:22.251+0000][15.729s][info ][safepoint     ] Entering safepoint region: ICBufferFull
[2023-11-09T11:02:22.252+0000][15.730s][info ][safepoint     ] Leaving safepoint region
[2023-11-09T11:02:22.252+0000][15.730s][info ][safepoint     ] Total time for which application threads were stopped: 0.0019370 seconds, Stopping threads took: 0.0012141 seconds
[2023-11-09T11:02:22.562+0000][16.040s][debug][safepoint     ] Safepoint synchronization initiated. (18 threads)
[2023-11-09T11:02:22.562+0000][16.041s][info ][safepoint     ] Application time: 0.3098389 seconds
[2023-11-09T11:02:22.563+0000][16.041s][info ][safepoint     ] Entering safepoint region: G1CollectForAllocation
[2023-11-09T11:02:22.564+0000][16.042s][info ][gc,start      ] GC(34) Pause Young (Normal) (G1 Evacuation Pause)
[2023-11-09T11:02:22.564+0000][16.043s][info ][gc,task       ] GC(34) Using 7 workers of 8 for evacuation
[2023-11-09T11:02:22.587+0000][16.065s][info ][gc,phases     ] GC(34)   Pre Evacuate Collection Set: 0.0ms
[2023-11-09T11:02:22.588+0000][16.066s][info ][gc,phases     ] GC(34)   Evacuate Collection Set: 19.4ms
[2023-11-09T11:02:22.588+0000][16.066s][info ][gc,phases     ] GC(34)   Post Evacuate Collection Set: 2.7ms
[2023-11-09T11:02:22.588+0000][16.067s][info ][gc,phases     ] GC(34)   Other: 1.0ms
[2023-11-09T11:02:22.589+0000][16.067s][info ][gc,heap       ] GC(34) Eden regions: 183->0(180)
[2023-11-09T11:02:22.589+0000][16.067s][info ][gc,heap       ] GC(34) Survivor regions: 14->17(25)
[2023-11-09T11:02:22.590+0000][16.068s][info ][gc,heap       ] GC(34) Old regions: 34->36
[2023-11-09T11:02:22.590+0000][16.068s][info ][gc,heap       ] GC(34) Humongous regions: 0->0
[2023-11-09T11:02:22.590+0000][16.068s][info ][gc,metaspace  ] GC(34) Metaspace: 78736K(80720K)->78736K(80720K) NonClass: 68857K(70096K)->68857K(70096K) Class: 9879K(10624K)->9879K(10624K)
[2023-11-09T11:02:22.591+0000][16.069s][info ][gc            ] GC(34) Pause Young (Normal) (G1 Evacuation Pause) 229M->51M(329M) 26.654ms
[2023-11-09T11:02:22.591+0000][16.069s][info ][gc,cpu        ] GC(34) User=0.18s Sys=0.00s Real=0.03s
[2023-11-09T11:02:22.591+0000][16.070s][info ][safepoint     ] Leaving safepoint region
[2023-11-09T11:02:22.592+0000][16.070s][info ][safepoint     ] Total time for which application threads were stopped: 0.0287749 seconds, Stopping threads took: 0.0005182 seconds
[2023-11-09T11:02:22.592+0000][16.071s][info ][gc,stringdedup] Concurrent String Deduplication (16.071s)
[2023-11-09T11:02:22.595+0000][16.073s][info ][gc,stringdedup] Concurrent String Deduplication 229.4K->162.0K(69056.0B) avg 46.5% (16.071s, 16.073s) 2.896ms
[2023-11-09T11:02:22.948+0000][16.426s][debug][safepoint     ] Safepoint synchronization initiated. (18 threads)
[2023-11-09T11:02:22.948+0000][16.426s][info ][safepoint     ] Application time: 0.3559153 seconds
[2023-11-09T11:02:22.949+0000][16.427s][info ][safepoint     ] Entering safepoint region: ICBufferFull
[2023-11-09T11:02:22.949+0000][16.428s][info ][safepoint     ] Leaving safepoint region
[2023-11-09T11:02:22.950+0000][16.428s][info ][safepoint     ] Total time for which application threads were stopped: 0.0011640 seconds, Stopping threads took: 0.0004922 seconds
[2023-11-09T11:02:23.365+0000][16.843s][debug][safepoint     ] Safepoint synchronization initiated. (18 threads)
[2023-11-09T11:02:23.366+0000][16.844s][info ][safepoint     ] Application time: 0.4154293 seconds
[2023-11-09T11:02:23.367+0000][16.845s][info ][safepoint     ] Entering safepoint region: ICBufferFull
[2023-11-09T11:02:23.368+0000][16.846s][info ][safepoint     ] Leaving safepoint region
[2023-11-09T11:02:23.368+0000][16.846s][info ][safepoint     ] Total time for which application threads were stopped: 0.0013960 seconds, Stopping threads took: 0.0005146 seconds
[2023-11-09T11:02:23.449+0000][16.927s][debug][safepoint     ] Safepoint synchronization initiated. (18 threads)
[2023-11-09T11:02:23.450+0000][16.928s][info ][safepoint     ] Application time: 0.0811521 seconds
[2023-11-09T11:02:23.450+0000][16.928s][info ][safepoint     ] Entering safepoint region: G1CollectForAllocation
[2023-11-09T11:02:23.451+0000][16.929s][info ][gc,start      ] GC(35) Pause Young (Normal) (G1 Evacuation Pause)
[2023-11-09T11:02:23.451+0000][16.930s][info ][gc,task       ] GC(35) Using 7 workers of 8 for evacuation
[2023-11-09T11:02:23.472+0000][16.950s][info ][gc,phases     ] GC(35)   Pre Evacuate Collection Set: 0.0ms
[2023-11-09T11:02:23.473+0000][16.951s][info ][gc,phases     ] GC(35)   Evacuate Collection Set: 17.8ms
[2023-11-09T11:02:23.473+0000][16.951s][info ][gc,phases     ] GC(35)   Post Evacuate Collection Set: 2.1ms
[2023-11-09T11:02:23.474+0000][16.952s][info ][gc,phases     ] GC(35)   Other: 1.2ms
[2023-11-09T11:02:23.474+0000][16.952s][info ][gc,heap       ] GC(35) Eden regions: 180->0(178)
[2023-11-09T11:02:23.475+0000][16.953s][info ][gc,heap       ] GC(35) Survivor regions: 17->19(25)
[2023-11-09T11:02:23.475+0000][16.953s][info ][gc,heap       ] GC(35) Old regions: 36->40
[2023-11-09T11:02:23.475+0000][16.954s][info ][gc,heap       ] GC(35) Humongous regions: 0->0
[2023-11-09T11:02:23.476+0000][16.954s][info ][gc,metaspace  ] GC(35) Metaspace: 80305K(82384K)->80305K(82384K) NonClass: 70331K(71632K)->70331K(71632K) Class: 9973K(10752K)->9973K(10752K)
[2023-11-09T11:02:23.476+0000][16.954s][info ][gc            ] GC(35) Pause Young (Normal) (G1 Evacuation Pause) 231M->56M(329M) 25.281ms
[2023-11-09T11:02:23.477+0000][16.955s][info ][gc,cpu        ] GC(35) User=0.13s Sys=0.00s Real=0.02s
[2023-11-09T11:02:23.477+0000][16.955s][info ][safepoint     ] Leaving safepoint region
[2023-11-09T11:02:23.477+0000][16.956s][info ][safepoint     ] Total time for which application threads were stopped: 0.0272158 seconds, Stopping threads took: 0.0004811 seconds
[2023-11-09T11:02:23.478+0000][16.956s][info ][gc,stringdedup] Concurrent String Deduplication (16.956s)
[2023-11-09T11:02:23.481+0000][16.959s][info ][gc,stringdedup] Concurrent String Deduplication 180.4K->64040.0B(117.8K) avg 46.8% (16.956s, 16.959s) 2.956ms
[2023-11-09T11:02:23.559+0000][17.037s][debug][safepoint     ] Safepoint synchronization initiated. (18 threads)
[2023-11-09T11:02:23.560+0000][17.038s][info ][safepoint     ] Application time: 0.0818654 seconds
[2023-11-09T11:02:23.560+0000][17.038s][info ][safepoint     ] Entering safepoint region: Deoptimize
[2023-11-09T11:02:23.562+0000][17.040s][info ][safepoint     ] Leaving safepoint region
[2023-11-09T11:02:23.563+0000][17.041s][info ][safepoint     ] Total time for which application threads were stopped: 0.0024312 seconds, Stopping threads took: 0.0003335 seconds
[2023-11-09T11:02:24.275+0000][17.753s][debug][safepoint     ] Safepoint synchronization initiated. (18 threads)
[2023-11-09T11:02:24.275+0000][17.754s][info ][safepoint     ] Application time: 0.7124431 seconds
[2023-11-09T11:02:24.276+0000][17.754s][info ][safepoint     ] Entering safepoint region: Deoptimize
[2023-11-09T11:02:24.278+0000][17.756s][info ][safepoint     ] Leaving safepoint region
[2023-11-09T11:02:24.279+0000][17.758s][info ][safepoint     ] Total time for which application threads were stopped: 0.0033619 seconds, Stopping threads took: 0.0004809 seconds
[2023-11-09T11:02:24.424+0000][17.902s][debug][safepoint     ] Safepoint synchronization initiated. (22 threads)
[2023-11-09T11:02:24.425+0000][17.903s][info ][safepoint     ] Application time: 0.1448400 seconds
[2023-11-09T11:02:24.425+0000][17.903s][info ][safepoint     ] Entering safepoint region: ICBufferFull
[2023-11-09T11:02:24.426+0000][17.904s][info ][safepoint     ] Leaving safepoint region
[2023-11-09T11:02:24.426+0000][17.904s][info ][safepoint     ] Total time for which application threads were stopped: 0.0010765 seconds, Stopping threads took: 0.0004666 seconds
[2023-11-09T11:02:24.520+0000][17.998s][debug][safepoint     ] Safepoint synchronization initiated. (22 threads)
[2023-11-09T11:02:24.521+0000][17.999s][info ][safepoint     ] Application time: 0.0941706 seconds
[2023-11-09T11:02:24.521+0000][17.999s][info ][safepoint     ] Entering safepoint region: G1CollectForAllocation
[2023-11-09T11:02:24.522+0000][18.000s][info ][gc,start      ] GC(36) Pause Young (Normal) (G1 Evacuation Pause)
[2023-11-09T11:02:24.523+0000][18.001s][info ][gc,task       ] GC(36) Using 8 workers of 8 for evacuation
[2023-11-09T11:02:24.540+0000][18.018s][info ][gc,phases     ] GC(36)   Pre Evacuate Collection Set: 0.0ms
[2023-11-09T11:02:24.541+0000][18.019s][info ][gc,phases     ] GC(36)   Evacuate Collection Set: 14.3ms
[2023-11-09T11:02:24.541+0000][18.019s][info ][gc,phases     ] GC(36)   Post Evacuate Collection Set: 2.6ms
[2023-11-09T11:02:24.542+0000][18.020s][info ][gc,phases     ] GC(36)   Other: 1.2ms
[2023-11-09T11:02:24.542+0000][18.021s][info ][gc,heap       ] GC(36) Eden regions: 178->0(179)
[2023-11-09T11:02:24.543+0000][18.021s][info ][gc,heap       ] GC(36) Survivor regions: 19->18(25)
[2023-11-09T11:02:24.543+0000][18.022s][info ][gc,heap       ] GC(36) Old regions: 40->45
[2023-11-09T11:02:24.544+0000][18.022s][info ][gc,heap       ] GC(36) Humongous regions: 0->0
[2023-11-09T11:02:24.544+0000][18.023s][info ][gc,metaspace  ] GC(36) Metaspace: 82881K(85328K)->82881K(85328K) NonClass: 72585K(74192K)->72585K(74192K) Class: 10296K(11136K)->10296K(11136K)
[2023-11-09T11:02:24.545+0000][18.023s][info ][gc            ] GC(36) Pause Young (Normal) (G1 Evacuation Pause) 234M->60M(329M) 23.019ms
[2023-11-09T11:02:24.545+0000][18.024s][info ][gc,cpu        ] GC(36) User=0.12s Sys=0.00s Real=0.02s
[2023-11-09T11:02:24.546+0000][18.024s][info ][safepoint     ] Leaving safepoint region
[2023-11-09T11:02:24.546+0000][18.024s][info ][safepoint     ] Total time for which application threads were stopped: 0.0249807 seconds, Stopping threads took: 0.0004073 seconds
[2023-11-09T11:02:24.547+0000][18.025s][info ][gc,stringdedup] Concurrent String Deduplication (18.025s)
[2023-11-09T11:02:24.551+0000][18.029s][info ][gc,stringdedup] Concurrent String Deduplication 421.3K->105.6K(315.7K) avg 47.9% (18.025s, 18.029s) 3.867ms
[2023-11-09T11:02:24.754+0000][18.232s][debug][safepoint     ] Safepoint synchronization initiated. (22 threads)
[2023-11-09T11:02:24.754+0000][18.232s][info ][safepoint     ] Application time: 0.2074681 seconds
[2023-11-09T11:02:24.754+0000][18.233s][debug][safepoint     ] Waiting for 1 thread(s) to block
[2023-11-09T11:02:24.755+0000][18.233s][info ][safepoint     ] Entering safepoint region: ICBufferFull
[2023-11-09T11:02:24.755+0000][18.234s][info ][safepoint     ] Leaving safepoint region
[2023-11-09T11:02:24.756+0000][18.234s][info ][safepoint     ] Total time for which application threads were stopped: 0.0013465 seconds, Stopping threads took: 0.0007895 seconds
[2023-11-09T11:02:25.430+0000][18.908s][debug][safepoint     ] Safepoint synchronization initiated. (21 threads)
[2023-11-09T11:02:25.433+0000][18.911s][info ][safepoint     ] Application time: 0.6765108 seconds
[2023-11-09T11:02:25.433+0000][18.911s][info ][safepoint     ] Entering safepoint region: ICBufferFull
[2023-11-09T11:02:25.434+0000][18.912s][info ][safepoint     ] Leaving safepoint region
[2023-11-09T11:02:25.435+0000][18.913s][info ][safepoint     ] Total time for which application threads were stopped: 0.0013267 seconds, Stopping threads took: 0.0005063 seconds
[2023-11-09T11:02:25.461+0000][18.939s][debug][safepoint     ] Safepoint synchronization initiated. (21 threads)
[2023-11-09T11:02:25.462+0000][18.940s][info ][safepoint     ] Application time: 0.0264540 seconds
[2023-11-09T11:02:25.462+0000][18.940s][info ][safepoint     ] Entering safepoint region: Deoptimize
[2023-11-09T11:02:25.465+0000][18.943s][info ][safepoint     ] Leaving safepoint region
[2023-11-09T11:02:25.466+0000][18.944s][info ][safepoint     ] Total time for which application threads were stopped: 0.0032665 seconds, Stopping threads took: 0.0006811 seconds
[2023-11-09T11:02:25.604+0000][19.082s][debug][safepoint     ] Safepoint synchronization initiated. (21 threads)
[2023-11-09T11:02:25.609+0000][19.087s][info ][safepoint     ] Application time: 0.1424535 seconds
[2023-11-09T11:02:25.610+0000][19.088s][info ][safepoint     ] Entering safepoint region: G1CollectForAllocation
[2023-11-09T11:02:25.610+0000][19.088s][info ][gc,start      ] GC(37) Pause Young (Normal) (G1 Evacuation Pause)
[2023-11-09T11:02:25.611+0000][19.089s][info ][gc,task       ] GC(37) Using 8 workers of 8 for evacuation
[2023-11-09T11:02:25.655+0000][19.133s][info ][gc,phases     ] GC(37)   Pre Evacuate Collection Set: 0.0ms
[2023-11-09T11:02:25.656+0000][19.134s][info ][gc,phases     ] GC(37)   Evacuate Collection Set: 35.8ms
[2023-11-09T11:02:25.656+0000][19.134s][info ][gc,phases     ] GC(37)   Post Evacuate Collection Set: 2.8ms
[2023-11-09T11:02:25.657+0000][19.135s][info ][gc,phases     ] GC(37)   Other: 6.1ms
[2023-11-09T11:02:25.657+0000][19.135s][info ][gc,heap       ] GC(37) Eden regions: 179->0(182)
[2023-11-09T11:02:25.657+0000][19.136s][info ][gc,heap       ] GC(37) Survivor regions: 18->15(25)
[2023-11-09T11:02:25.658+0000][19.136s][info ][gc,heap       ] GC(37) Old regions: 45->52
[2023-11-09T11:02:25.658+0000][19.137s][info ][gc,heap       ] GC(37) Humongous regions: 0->0
[2023-11-09T11:02:25.659+0000][19.137s][info ][gc,metaspace  ] GC(37) Metaspace: 84232K(86480K)->84232K(86480K) NonClass: 73826K(75216K)->73826K(75216K) Class: 10405K(11264K)->10405K(11264K)
[2023-11-09T11:02:25.659+0000][19.138s][info ][gc            ] GC(37) Pause Young (Normal) (G1 Evacuation Pause) 239M->64M(329M) 49.192ms
[2023-11-09T11:02:25.660+0000][19.138s][info ][gc,cpu        ] GC(37) User=0.29s Sys=0.03s Real=0.05s
[2023-11-09T11:02:25.660+0000][19.139s][info ][safepoint     ] Leaving safepoint region
[2023-11-09T11:02:25.661+0000][19.139s][info ][safepoint     ] Total time for which application threads were stopped: 0.0512304 seconds, Stopping threads took: 0.0005057 seconds
[2023-11-09T11:02:25.661+0000][19.139s][info ][gc,stringdedup] Concurrent String Deduplication (19.139s)
[2023-11-09T11:02:25.667+0000][19.145s][info ][gc,stringdedup] Concurrent String Deduplication 511.5K->120.3K(391.3K) avg 49.2% (19.139s, 19.145s) 5.850ms
[2023-11-09T11:02:26.007+0000][19.485s][debug][safepoint     ] Safepoint synchronization initiated. (21 threads)
[2023-11-09T11:02:26.008+0000][19.486s][info ][safepoint     ] Application time: 0.3466697 seconds
[2023-11-09T11:02:26.008+0000][19.487s][debug][safepoint     ] Waiting for 1 thread(s) to block
[2023-11-09T11:02:26.009+0000][19.487s][info ][safepoint     ] Entering safepoint region: ICBufferFull
[2023-11-09T11:02:26.010+0000][19.488s][info ][safepoint     ] Leaving safepoint region
[2023-11-09T11:02:26.010+0000][19.488s][info ][safepoint     ] Total time for which application threads were stopped: 0.0018655 seconds, Stopping threads took: 0.0010215 seconds
[2023-11-09T11:02:26.059+0000][19.537s][debug][safepoint     ] Safepoint synchronization initiated. (21 threads)
[2023-11-09T11:02:26.059+0000][19.537s][info ][safepoint     ] Application time: 0.0486189 seconds
[2023-11-09T11:02:26.060+0000][19.538s][info ][safepoint     ] Entering safepoint region: Deoptimize
[2023-11-09T11:02:26.062+0000][19.540s][info ][safepoint     ] Leaving safepoint region
[2023-11-09T11:02:26.062+0000][19.540s][info ][safepoint     ] Total time for which application threads were stopped: 0.0025054 seconds, Stopping threads took: 0.0004136 seconds
[2023-11-09T11:02:26.197+0000][19.675s][debug][safepoint     ] Safepoint synchronization initiated. (22 threads)
[2023-11-09T11:02:26.198+0000][19.676s][info ][safepoint     ] Application time: 0.1349861 seconds
[2023-11-09T11:02:26.198+0000][19.676s][info ][safepoint     ] Entering safepoint region: Deoptimize
[2023-11-09T11:02:26.200+0000][19.678s][info ][safepoint     ] Leaving safepoint region
[2023-11-09T11:02:26.200+0000][19.679s][info ][safepoint     ] Total time for which application threads were stopped: 0.0023121 seconds, Stopping threads took: 0.0003973 seconds
[2023-11-09T11:02:26.498+0000][19.977s][debug][safepoint     ] Safepoint synchronization initiated. (22 threads)
[2023-11-09T11:02:26.499+0000][19.977s][info ][safepoint     ] Application time: 0.2982926 seconds
[2023-11-09T11:02:26.500+0000][19.978s][info ][safepoint     ] Entering safepoint region: Deoptimize
[2023-11-09T11:02:26.502+0000][19.980s][info ][safepoint     ] Leaving safepoint region
[2023-11-09T11:02:26.505+0000][19.984s][info ][safepoint     ] Total time for which application threads were stopped: 0.0056682 seconds, Stopping threads took: 0.0006296 seconds
[2023-11-09T11:02:27.135+0000][20.613s][debug][safepoint     ] Safepoint synchronization initiated. (24 threads)
[2023-11-09T11:02:27.135+0000][20.614s][info ][safepoint     ] Application time: 0.6249796 seconds
[2023-11-09T11:02:27.136+0000][20.614s][info ][safepoint     ] Entering safepoint region: Deoptimize
[2023-11-09T11:02:27.138+0000][20.616s][info ][safepoint     ] Leaving safepoint region
[2023-11-09T11:02:27.139+0000][20.617s][info ][safepoint     ] Total time for which application threads were stopped: 0.0027214 seconds, Stopping threads took: 0.0005163 seconds
[2023-11-09T11:02:27.156+0000][20.634s][debug][safepoint     ] Safepoint synchronization initiated. (24 threads)
[2023-11-09T11:02:27.156+0000][20.634s][info ][safepoint     ] Application time: 0.0171652 seconds
[2023-11-09T11:02:27.157+0000][20.635s][info ][safepoint     ] Entering safepoint region: Deoptimize
[2023-11-09T11:02:27.159+0000][20.637s][info ][safepoint     ] Leaving safepoint region
[2023-11-09T11:02:27.159+0000][20.637s][info ][safepoint     ] Total time for which application threads were stopped: 0.0026379 seconds, Stopping threads took: 0.0003929 seconds
[2023-11-09T11:02:27.361+0000][20.840s][debug][safepoint     ] Safepoint synchronization initiated. (24 threads)
[2023-11-09T11:02:27.362+0000][20.840s][info ][safepoint     ] Application time: 0.2021059 seconds
[2023-11-09T11:02:27.363+0000][20.841s][info ][safepoint     ] Entering safepoint region: G1CollectForAllocation
[2023-11-09T11:02:27.363+0000][20.841s][info ][gc,start      ] GC(38) Pause Young (Normal) (G1 Evacuation Pause)
[2023-11-09T11:02:27.364+0000][20.842s][info ][gc,task       ] GC(38) Using 8 workers of 8 for evacuation
[2023-11-09T11:02:27.404+0000][20.882s][info ][gc,phases     ] GC(38)   Pre Evacuate Collection Set: 0.0ms
[2023-11-09T11:02:27.404+0000][20.883s][info ][gc,phases     ] GC(38)   Evacuate Collection Set: 35.2ms
[2023-11-09T11:02:27.405+0000][20.883s][info ][gc,phases     ] GC(38)   Post Evacuate Collection Set: 3.5ms
[2023-11-09T11:02:27.405+0000][20.884s][info ][gc,phases     ] GC(38)   Other: 1.5ms
[2023-11-09T11:02:27.406+0000][20.884s][info ][gc,heap       ] GC(38) Eden regions: 182->0(183)
[2023-11-09T11:02:27.407+0000][20.885s][info ][gc,heap       ] GC(38) Survivor regions: 15->14(25)
[2023-11-09T11:02:27.407+0000][20.885s][info ][gc,heap       ] GC(38) Old regions: 52->57
[2023-11-09T11:02:27.407+0000][20.886s][info ][gc,heap       ] GC(38) Humongous regions: 0->0
[2023-11-09T11:02:27.408+0000][20.886s][info ][gc,metaspace  ] GC(38) Metaspace: 90235K(93008K)->90235K(93008K) NonClass: 79023K(80848K)->79023K(80848K) Class: 11211K(12160K)->11211K(12160K)
[2023-11-09T11:02:27.408+0000][20.886s][info ][gc            ] GC(38) Pause Young (Normal) (G1 Evacuation Pause) 246M->68M(329M) 44.999ms
[2023-11-09T11:02:27.409+0000][20.887s][info ][gc,cpu        ] GC(38) User=0.29s Sys=0.01s Real=0.04s
[2023-11-09T11:02:27.409+0000][20.887s][info ][safepoint     ] Leaving safepoint region
[2023-11-09T11:02:27.410+0000][20.888s][info ][safepoint     ] Total time for which application threads were stopped: 0.0470098 seconds, Stopping threads took: 0.0005269 seconds
[2023-11-09T11:02:27.410+0000][20.888s][info ][gc,stringdedup] Concurrent String Deduplication (20.888s)
[2023-11-09T11:02:27.415+0000][20.893s][info ][gc,stringdedup] Concurrent String Deduplication 327.9K->101.5K(226.4K) avg 49.7% (20.888s, 20.893s) 4.921ms
[2023-11-09T11:02:27.553+0000][21.031s][debug][safepoint     ] Safepoint synchronization initiated. (24 threads)
[2023-11-09T11:02:27.554+0000][21.032s][info ][safepoint     ] Application time: 0.1440878 seconds
[2023-11-09T11:02:27.556+0000][21.034s][info ][safepoint     ] Entering safepoint region: Deoptimize
[2023-11-09T11:02:27.558+0000][21.037s][info ][safepoint     ] Leaving safepoint region
[2023-11-09T11:02:27.559+0000][21.037s][info ][safepoint     ] Total time for which application threads were stopped: 0.0033427 seconds, Stopping threads took: 0.0010361 seconds
[2023-11-09T11:02:27.820+0000][21.298s][debug][safepoint     ] Safepoint synchronization initiated. (22 threads)
[2023-11-09T11:02:27.821+0000][21.299s][info ][safepoint     ] Application time: 0.2608771 seconds
[2023-11-09T11:02:27.821+0000][21.300s][info ][safepoint     ] Entering safepoint region: Deoptimize
[2023-11-09T11:02:27.824+0000][21.302s][info ][safepoint     ] Leaving safepoint region
[2023-11-09T11:02:27.824+0000][21.302s][info ][safepoint     ] Total time for which application threads were stopped: 0.0028611 seconds, Stopping threads took: 0.0005848 seconds
[2023-11-09T11:02:28.461+0000][21.939s][debug][safepoint     ] Safepoint synchronization initiated. (25 threads)
[2023-11-09T11:02:28.461+0000][21.939s][info ][safepoint     ] Application time: 0.6363020 seconds
[2023-11-09T11:02:28.462+0000][21.940s][info ][safepoint     ] Entering safepoint region: Deoptimize
[2023-11-09T11:02:28.463+0000][21.942s][info ][safepoint     ] Leaving safepoint region
[2023-11-09T11:02:28.464+0000][21.942s][info ][safepoint     ] Total time for which application threads were stopped: 0.0022540 seconds, Stopping threads took: 0.0004139 seconds
[2023-11-09T11:02:28.589+0000][22.067s][debug][safepoint     ] Safepoint synchronization initiated. (25 threads)
[2023-11-09T11:02:28.589+0000][22.068s][info ][safepoint     ] Application time: 0.1251370 seconds
[2023-11-09T11:02:28.591+0000][22.069s][info ][safepoint     ] Entering safepoint region: Deoptimize
[2023-11-09T11:02:28.593+0000][22.072s][info ][safepoint     ] Leaving safepoint region
[2023-11-09T11:02:28.594+0000][22.072s][info ][safepoint     ] Total time for which application threads were stopped: 0.0025959 seconds, Stopping threads took: 0.0005909 seconds
[2023-11-09T11:02:28.752+0000][22.230s][debug][safepoint     ] Safepoint synchronization initiated. (24 threads)
[2023-11-09T11:02:28.752+0000][22.230s][info ][safepoint     ] Application time: 0.1578462 seconds
[2023-11-09T11:02:28.753+0000][22.231s][info ][safepoint     ] Entering safepoint region: Deoptimize
[2023-11-09T11:02:28.755+0000][22.233s][info ][safepoint     ] Leaving safepoint region
[2023-11-09T11:02:28.756+0000][22.234s][info ][safepoint     ] Total time for which application threads were stopped: 0.0027898 seconds, Stopping threads took: 0.0005039 seconds
[2023-11-09T11:02:29.105+0000][22.583s][debug][safepoint     ] Safepoint synchronization initiated. (25 threads)
[2023-11-09T11:02:29.106+0000][22.584s][info ][safepoint     ] Application time: 0.3485889 seconds
[2023-11-09T11:02:29.106+0000][22.585s][info ][safepoint     ] Entering safepoint region: ICBufferFull
[2023-11-09T11:02:29.107+0000][22.585s][info ][safepoint     ] Leaving safepoint region
[2023-11-09T11:02:29.108+0000][22.586s][info ][safepoint     ] Total time for which application threads were stopped: 0.0011408 seconds, Stopping threads took: 0.0004353 seconds
[2023-11-09T11:02:29.113+0000][22.591s][debug][safepoint     ] Safepoint synchronization initiated. (25 threads)
[2023-11-09T11:02:29.114+0000][22.592s][info ][safepoint     ] Application time: 0.0056341 seconds
[2023-11-09T11:02:29.114+0000][22.592s][info ][safepoint     ] Entering safepoint region: G1CollectForAllocation
[2023-11-09T11:02:29.115+0000][22.593s][info ][gc,start      ] GC(39) Pause Young (Normal) (G1 Evacuation Pause)
[2023-11-09T11:02:29.115+0000][22.593s][info ][gc,task       ] GC(39) Using 8 workers of 8 for evacuation
[2023-11-09T11:02:29.136+0000][22.614s][info ][gc,phases     ] GC(39)   Pre Evacuate Collection Set: 0.0ms
[2023-11-09T11:02:29.136+0000][22.614s][info ][gc,phases     ] GC(39)   Evacuate Collection Set: 17.3ms
[2023-11-09T11:02:29.137+0000][22.615s][info ][gc,phases     ] GC(39)   Post Evacuate Collection Set: 2.8ms
[2023-11-09T11:02:29.137+0000][22.615s][info ][gc,phases     ] GC(39)   Other: 0.9ms
[2023-11-09T11:02:29.138+0000][22.616s][info ][gc,heap       ] GC(39) Eden regions: 183->0(180)
[2023-11-09T11:02:29.138+0000][22.616s][info ][gc,heap       ] GC(39) Survivor regions: 14->17(25)
[2023-11-09T11:02:29.138+0000][22.617s][info ][gc,heap       ] GC(39) Old regions: 57->57
[2023-11-09T11:02:29.139+0000][22.617s][info ][gc,heap       ] GC(39) Humongous regions: 0->0
[2023-11-09T11:02:29.139+0000][22.617s][info ][gc,metaspace  ] GC(39) Metaspace: 95680K(98640K)->95680K(98640K) NonClass: 83822K(85712K)->83822K(85712K) Class: 11857K(12928K)->11857K(12928K)
[2023-11-09T11:02:29.139+0000][22.618s][info ][gc            ] GC(39) Pause Young (Normal) (G1 Evacuation Pause) 251M->71M(329M) 24.762ms
[2023-11-09T11:02:29.140+0000][22.618s][info ][gc,cpu        ] GC(39) User=0.16s Sys=0.00s Real=0.03s
[2023-11-09T11:02:29.140+0000][22.618s][info ][safepoint     ] Leaving safepoint region
[2023-11-09T11:02:29.141+0000][22.619s][info ][safepoint     ] Total time for which application threads were stopped: 0.0267466 seconds, Stopping threads took: 0.0004701 seconds
[2023-11-09T11:02:29.141+0000][22.620s][info ][gc,stringdedup] Concurrent String Deduplication (22.620s)
[2023-11-09T11:02:29.144+0000][22.623s][info ][gc,stringdedup] Concurrent String Deduplication 265.4K->69880.0B(197.1K) avg 50.3% (22.620s, 22.623s) 3.010ms
[2023-11-09T11:02:29.747+0000][23.225s][debug][safepoint     ] Safepoint synchronization initiated. (34 threads)
[2023-11-09T11:02:29.747+0000][23.225s][info ][safepoint     ] Application time: 0.6059926 seconds
[2023-11-09T11:02:29.748+0000][23.226s][info ][safepoint     ] Entering safepoint region: ICBufferFull
[2023-11-09T11:02:29.748+0000][23.227s][info ][safepoint     ] Leaving safepoint region
[2023-11-09T11:02:29.749+0000][23.227s][info ][safepoint     ] Total time for which application threads were stopped: 0.0011909 seconds, Stopping threads took: 0.0004115 seconds
[2023-11-09T11:02:29.899+0000][23.377s][debug][safepoint     ] Safepoint synchronization initiated. (35 threads)
[2023-11-09T11:02:29.899+0000][23.378s][info ][safepoint     ] Application time: 0.1501075 seconds
[2023-11-09T11:02:29.900+0000][23.378s][info ][safepoint     ] Entering safepoint region: Deoptimize
[2023-11-09T11:02:29.902+0000][23.380s][info ][safepoint     ] Leaving safepoint region
[2023-11-09T11:02:29.902+0000][23.381s][info ][safepoint     ] Total time for which application threads were stopped: 0.0025372 seconds, Stopping threads took: 0.0004426 seconds
[2023-11-09T11:02:30.010+0000][23.488s][debug][safepoint     ] Safepoint synchronization initiated. (35 threads)
[2023-11-09T11:02:30.011+0000][23.489s][info ][safepoint     ] Application time: 0.1077138 seconds
[2023-11-09T11:02:30.011+0000][23.489s][info ][safepoint     ] Entering safepoint region: Deoptimize
[2023-11-09T11:02:30.013+0000][23.491s][info ][safepoint     ] Leaving safepoint region
[2023-11-09T11:02:30.014+0000][23.492s][info ][safepoint     ] Total time for which application threads were stopped: 0.0028489 seconds, Stopping threads took: 0.0005403 seconds
[2023-11-09T11:02:30.418+0000][23.896s][debug][safepoint     ] Safepoint synchronization initiated. (35 threads)
[2023-11-09T11:02:30.420+0000][23.898s][info ][safepoint     ] Application time: 0.4052792 seconds
[2023-11-09T11:02:30.420+0000][23.899s][info ][safepoint     ] Entering safepoint region: G1CollectForAllocation
[2023-11-09T11:02:30.422+0000][23.900s][info ][gc,start      ] GC(40) Pause Young (Normal) (G1 Evacuation Pause)
[2023-11-09T11:02:30.423+0000][23.901s][info ][gc,task       ] GC(40) Using 8 workers of 8 for evacuation
[2023-11-09T11:02:30.470+0000][23.948s][info ][gc,phases     ] GC(40)   Pre Evacuate Collection Set: 0.0ms
[2023-11-09T11:02:30.471+0000][23.949s][info ][gc,phases     ] GC(40)   Evacuate Collection Set: 36.9ms
[2023-11-09T11:02:30.472+0000][23.950s][info ][gc,phases     ] GC(40)   Post Evacuate Collection Set: 10.0ms
[2023-11-09T11:02:30.472+0000][23.950s][info ][gc,phases     ] GC(40)   Other: 1.2ms
[2023-11-09T11:02:30.473+0000][23.951s][info ][gc,heap       ] GC(40) Eden regions: 180->0(179)
[2023-11-09T11:02:30.473+0000][23.951s][info ][gc,heap       ] GC(40) Survivor regions: 17->18(25)
[2023-11-09T11:02:30.473+0000][23.952s][info ][gc,heap       ] GC(40) Old regions: 57->61
[2023-11-09T11:02:30.474+0000][23.952s][info ][gc,heap       ] GC(40) Humongous regions: 0->0
[2023-11-09T11:02:30.474+0000][23.952s][info ][gc,metaspace  ] GC(40) Metaspace: 98206K(101200K)->98206K(101200K) NonClass: 86086K(88016K)->86086K(88016K) Class: 12119K(13184K)->12119K(13184K)
[2023-11-09T11:02:30.475+0000][23.953s][info ][gc            ] GC(40) Pause Young (Normal) (G1 Evacuation Pause) 251M->76M(329M) 52.589ms
[2023-11-09T11:02:30.475+0000][23.953s][info ][gc,cpu        ] GC(40) User=0.35s Sys=0.00s Real=0.05s
[2023-11-09T11:02:30.475+0000][23.954s][info ][safepoint     ] Leaving safepoint region
[2023-11-09T11:02:30.476+0000][23.954s][info ][safepoint     ] Total time for which application threads were stopped: 0.0553676 seconds, Stopping threads took: 0.0012919 seconds
[2023-11-09T11:02:30.476+0000][23.954s][info ][gc,stringdedup] Concurrent String Deduplication (23.954s)
[2023-11-09T11:02:30.483+0000][23.961s][info ][gc,stringdedup] Concurrent String Deduplication 483.2K->254.3K(228.9K) avg 50.1% (23.954s, 23.961s) 6.338ms
[2023-11-09T11:02:30.725+0000][24.203s][debug][safepoint     ] Safepoint synchronization initiated. (35 threads)
[2023-11-09T11:02:30.725+0000][24.204s][info ][safepoint     ] Application time: 0.2493946 seconds
[2023-11-09T11:02:30.726+0000][24.204s][info ][safepoint     ] Entering safepoint region: CollectForMetadataAllocation
[2023-11-09T11:02:30.727+0000][24.205s][info ][gc,start      ] GC(41) Pause Young (Concurrent Start) (Metadata GC Threshold)
[2023-11-09T11:02:30.727+0000][24.205s][info ][gc,task       ] GC(41) Using 8 workers of 8 for evacuation
[2023-11-09T11:02:30.770+0000][24.248s][info ][gc,phases     ] GC(41)   Pre Evacuate Collection Set: 0.5ms
[2023-11-09T11:02:30.771+0000][24.249s][info ][gc,phases     ] GC(41)   Evacuate Collection Set: 36.8ms
[2023-11-09T11:02:30.771+0000][24.250s][info ][gc,phases     ] GC(41)   Post Evacuate Collection Set: 4.5ms
[2023-11-09T11:02:30.772+0000][24.250s][info ][gc,phases     ] GC(41)   Other: 1.6ms
[2023-11-09T11:02:30.772+0000][24.251s][info ][gc,heap       ] GC(41) Eden regions: 38->0(183)
[2023-11-09T11:02:30.773+0000][24.251s][info ][gc,heap       ] GC(41) Survivor regions: 18->14(25)
[2023-11-09T11:02:30.773+0000][24.252s][info ][gc,heap       ] GC(41) Old regions: 61->65
[2023-11-09T11:02:30.774+0000][24.252s][info ][gc,heap       ] GC(41) Humongous regions: 0->0
[2023-11-09T11:02:30.774+0000][24.252s][info ][gc,metaspace  ] GC(41) Metaspace: 98444K(101200K)->98444K(101200K) NonClass: 86304K(88016K)->86304K(88016K) Class: 12139K(13184K)->12139K(13184K)
[2023-11-09T11:02:30.775+0000][24.253s][info ][gc            ] GC(41) Pause Young (Concurrent Start) (Metadata GC Threshold) 114M->77M(329M) 48.127ms
[2023-11-09T11:02:30.775+0000][24.253s][info ][gc,cpu        ] GC(41) User=0.32s Sys=0.00s Real=0.05s
[2023-11-09T11:02:30.776+0000][24.254s][info ][gc            ] GC(42) Concurrent Cycle
[2023-11-09T11:02:30.776+0000][24.254s][info ][gc,marking    ] GC(42) Concurrent Clear Claimed Marks
[2023-11-09T11:02:30.776+0000][24.254s][info ][safepoint     ] Leaving safepoint region
[2023-11-09T11:02:30.777+0000][24.255s][info ][safepoint     ] Total time for which application threads were stopped: 0.0512592 seconds, Stopping threads took: 0.0004336 seconds
[2023-11-09T11:02:30.777+0000][24.255s][info ][gc,marking    ] GC(42) Concurrent Clear Claimed Marks 0.971ms
[2023-11-09T11:02:30.778+0000][24.256s][info ][gc,stringdedup] Concurrent String Deduplication (24.256s)
[2023-11-09T11:02:30.778+0000][24.256s][info ][gc,marking    ] GC(42) Concurrent Scan Root Regions
[2023-11-09T11:02:30.788+0000][24.266s][info ][gc,stringdedup] Concurrent String Deduplication 434.2K->291.9K(142.3K) avg 49.6% (24.256s, 24.266s) 9.688ms
[2023-11-09T11:02:30.792+0000][24.270s][info ][gc,marking    ] GC(42) Concurrent Scan Root Regions 13.699ms
[2023-11-09T11:02:30.793+0000][24.271s][info ][gc,marking    ] GC(42) Concurrent Mark (24.271s)
[2023-11-09T11:02:30.793+0000][24.272s][info ][gc,marking    ] GC(42) Concurrent Mark From Roots
[2023-11-09T11:02:30.794+0000][24.272s][info ][gc,task       ] GC(42) Using 2 workers of 2 for marking
[2023-11-09T11:02:30.860+0000][24.339s][debug][safepoint     ] Safepoint synchronization initiated. (35 threads)
[2023-11-09T11:02:30.861+0000][24.340s][info ][safepoint     ] Application time: 0.0837127 seconds
[2023-11-09T11:02:30.862+0000][24.341s][info ][safepoint     ] Entering safepoint region: CollectForMetadataAllocation
[2023-11-09T11:02:30.864+0000][24.342s][info ][safepoint     ] Leaving safepoint region
[2023-11-09T11:02:30.864+0000][24.342s][info ][safepoint     ] Total time for which application threads were stopped: 0.0017903 seconds, Stopping threads took: 0.0007233 seconds
[2023-11-09T11:02:30.901+0000][24.379s][info ][gc,marking    ] GC(42) Concurrent Mark From Roots 107.842ms
[2023-11-09T11:02:30.902+0000][24.380s][info ][gc,marking    ] GC(42) Concurrent Preclean
[2023-11-09T11:02:30.903+0000][24.381s][info ][gc,marking    ] GC(42) Concurrent Preclean 0.840ms
[2023-11-09T11:02:30.903+0000][24.382s][info ][gc,marking    ] GC(42) Concurrent Mark (24.271s, 24.382s) 110.543ms
[2023-11-09T11:02:30.904+0000][24.382s][debug][safepoint     ] Safepoint synchronization initiated. (35 threads)
[2023-11-09T11:02:30.905+0000][24.383s][info ][safepoint     ] Application time: 0.0398401 seconds
[2023-11-09T11:02:30.905+0000][24.383s][info ][safepoint     ] Entering safepoint region: CGC_Operation
[2023-11-09T11:02:30.906+0000][24.384s][info ][gc,start      ] GC(42) Pause Remark
[2023-11-09T11:02:30.951+0000][24.429s][info ][gc,stringtable] GC(42) Cleaned string and symbol table, strings: 48445 processed, 82 removed, symbols: 277279 processed, 323 removed
[2023-11-09T11:02:30.961+0000][24.439s][info ][gc            ] GC(42) Pause Remark 92M->92M(329M) 55.563ms
[2023-11-09T11:02:30.962+0000][24.440s][info ][gc,cpu        ] GC(42) User=0.30s Sys=0.04s Real=0.06s
[2023-11-09T11:02:30.963+0000][24.442s][info ][safepoint     ] Leaving safepoint region
[2023-11-09T11:02:30.964+0000][24.442s][info ][safepoint     ] Total time for which application threads were stopped: 0.0589499 seconds, Stopping threads took: 0.0005151 seconds
[2023-11-09T11:02:30.965+0000][24.443s][info ][gc,marking    ] GC(42) Concurrent Rebuild Remembered Sets
[2023-11-09T11:02:31.021+0000][24.499s][debug][safepoint     ] Safepoint synchronization initiated. (35 threads)
[2023-11-09T11:02:31.022+0000][24.501s][info ][safepoint     ] Application time: 0.0578610 seconds
[2023-11-09T11:02:31.024+0000][24.502s][info ][safepoint     ] Entering safepoint region: Deoptimize
[2023-11-09T11:02:31.026+0000][24.504s][info ][safepoint     ] Leaving safepoint region
[2023-11-09T11:02:31.026+0000][24.504s][info ][safepoint     ] Total time for which application threads were stopped: 0.0027058 seconds, Stopping threads took: 0.0004524 seconds
[2023-11-09T11:02:31.030+0000][24.508s][info ][gc,marking    ] GC(42) Concurrent Rebuild Remembered Sets 65.154ms
[2023-11-09T11:02:31.030+0000][24.509s][debug][safepoint     ] Safepoint synchronization initiated. (35 threads)
[2023-11-09T11:02:31.031+0000][24.509s][info ][safepoint     ] Application time: 0.0043307 seconds
[2023-11-09T11:02:31.031+0000][24.510s][debug][safepoint     ] Waiting for 1 thread(s) to block
[2023-11-09T11:02:31.032+0000][24.510s][info ][safepoint     ] Entering safepoint region: CGC_Operation
[2023-11-09T11:02:31.033+0000][24.511s][info ][gc,start      ] GC(42) Pause Cleanup
[2023-11-09T11:02:31.033+0000][24.511s][info ][gc            ] GC(42) Pause Cleanup 96M->96M(329M) 0.696ms
[2023-11-09T11:02:31.034+0000][24.512s][info ][gc,cpu        ] GC(42) User=0.00s Sys=0.00s Real=0.00s
[2023-11-09T11:02:31.034+0000][24.512s][info ][safepoint     ] Leaving safepoint region
[2023-11-09T11:02:31.035+0000][24.513s][info ][safepoint     ] Total time for which application threads were stopped: 0.0032177 seconds, Stopping threads took: 0.0010034 seconds
[2023-11-09T11:02:31.035+0000][24.513s][info ][gc,marking    ] GC(42) Concurrent Cleanup for Next Mark
[2023-11-09T11:02:31.037+0000][24.515s][info ][gc,marking    ] GC(42) Concurrent Cleanup for Next Mark 1.848ms
[2023-11-09T11:02:31.038+0000][24.516s][info ][gc            ] GC(42) Concurrent Cycle 261.781ms
[2023-11-09T11:02:31.361+0000][24.839s][debug][safepoint     ] Safepoint synchronization initiated. (38 threads)
[2023-11-09T11:02:31.362+0000][24.840s][info ][safepoint     ] Application time: 0.3266156 seconds
[2023-11-09T11:02:31.364+0000][24.842s][info ][safepoint     ] Entering safepoint region: Deoptimize
[2023-11-09T11:02:31.366+0000][24.844s][info ][safepoint     ] Leaving safepoint region
[2023-11-09T11:02:31.367+0000][24.845s][info ][safepoint     ] Total time for which application threads were stopped: 0.0032712 seconds, Stopping threads took: 0.0009419 seconds
[2023-11-09T11:02:31.958+0000][25.436s][debug][safepoint     ] Safepoint synchronization initiated. (39 threads)
[2023-11-09T11:02:31.959+0000][25.437s][info ][safepoint     ] Application time: 0.5917532 seconds
[2023-11-09T11:02:31.959+0000][25.438s][info ][safepoint     ] Entering safepoint region: G1CollectForAllocation
[2023-11-09T11:02:31.960+0000][25.439s][info ][gc,start      ] GC(43) Pause Young (Concurrent Start) (G1 Evacuation Pause)
[2023-11-09T11:02:31.962+0000][25.440s][info ][gc,task       ] GC(43) Using 8 workers of 8 for evacuation
[2023-11-09T11:02:31.991+0000][25.469s][info ][gc,phases     ] GC(43)   Pre Evacuate Collection Set: 0.4ms
[2023-11-09T11:02:31.992+0000][25.470s][info ][gc,phases     ] GC(43)   Evacuate Collection Set: 24.5ms
[2023-11-09T11:02:31.992+0000][25.471s][info ][gc,phases     ] GC(43)   Post Evacuate Collection Set: 3.8ms
[2023-11-09T11:02:31.993+0000][25.471s][info ][gc,phases     ] GC(43)   Other: 2.2ms
[2023-11-09T11:02:31.993+0000][25.472s][info ][gc,heap       ] GC(43) Eden regions: 183->0(223)
[2023-11-09T11:02:31.994+0000][25.472s][info ][gc,heap       ] GC(43) Survivor regions: 14->14(25)
[2023-11-09T11:02:31.994+0000][25.473s][info ][gc,heap       ] GC(43) Old regions: 65->69
[2023-11-09T11:02:31.995+0000][25.473s][info ][gc,heap       ] GC(43) Humongous regions: 1->0
[2023-11-09T11:02:31.995+0000][25.474s][info ][gc,metaspace  ] GC(43) Metaspace: 102932K(105936K)->102932K(105936K) NonClass: 90397K(92368K)->90397K(92368K) Class: 12535K(13568K)->12535K(13568K)
[2023-11-09T11:02:31.996+0000][25.474s][info ][gc            ] GC(43) Pause Young (Concurrent Start) (G1 Evacuation Pause) 261M->80M(395M) 35.647ms
[2023-11-09T11:02:31.997+0000][25.475s][info ][gc,cpu        ] GC(43) User=0.19s Sys=0.00s Real=0.03s
[2023-11-09T11:02:31.997+0000][25.475s][info ][safepoint     ] Leaving safepoint region
[2023-11-09T11:02:31.998+0000][25.476s][info ][safepoint     ] Total time for which application threads were stopped: 0.0381910 seconds, Stopping threads took: 0.0006029 seconds
[2023-11-09T11:02:31.997+0000][25.475s][info ][gc            ] GC(44) Concurrent Cycle
[2023-11-09T11:02:31.998+0000][25.476s][info ][gc,stringdedup] Concurrent String Deduplication (25.476s)
[2023-11-09T11:02:31.999+0000][25.477s][info ][gc,marking    ] GC(44) Concurrent Clear Claimed Marks
[2023-11-09T11:02:32.003+0000][25.482s][info ][gc,marking    ] GC(44) Concurrent Clear Claimed Marks 4.162ms
[2023-11-09T11:02:32.004+0000][25.482s][info ][gc,marking    ] GC(44) Concurrent Scan Root Regions
[2023-11-09T11:02:32.006+0000][25.484s][info ][gc,stringdedup] Concurrent String Deduplication 360.5K->107.2K(253.3K) avg 50.1% (25.476s, 25.484s) 7.613ms
[2023-11-09T11:02:32.023+0000][25.501s][info ][gc,marking    ] GC(44) Concurrent Scan Root Regions 18.932ms
[2023-11-09T11:02:32.024+0000][25.502s][info ][gc,marking    ] GC(44) Concurrent Mark (25.502s)
[2023-11-09T11:02:32.025+0000][25.503s][info ][gc,marking    ] GC(44) Concurrent Mark From Roots
[2023-11-09T11:02:32.026+0000][25.504s][info ][gc,task       ] GC(44) Using 2 workers of 2 for marking
[2023-11-09T11:02:32.136+0000][25.615s][info ][gc,marking    ] GC(44) Concurrent Mark From Roots 111.370ms
[2023-11-09T11:02:32.137+0000][25.615s][info ][gc,marking    ] GC(44) Concurrent Preclean
[2023-11-09T11:02:32.138+0000][25.616s][info ][gc,marking    ] GC(44) Concurrent Preclean 0.597ms
[2023-11-09T11:02:32.138+0000][25.616s][info ][gc,marking    ] GC(44) Concurrent Mark (25.502s, 25.616s) 114.151ms
[2023-11-09T11:02:32.139+0000][25.617s][debug][safepoint     ] Safepoint synchronization initiated. (39 threads)
[2023-11-09T11:02:32.139+0000][25.617s][info ][safepoint     ] Application time: 0.1410046 seconds
[2023-11-09T11:02:32.140+0000][25.618s][debug][safepoint     ] ... found polling page return exception at pc = 0x00007fb4e8e476eb, stub =0x00007fb4e8840600
[2023-11-09T11:02:32.140+0000][25.618s][debug][safepoint     ] Waiting for 1 thread(s) to block
[2023-11-09T11:02:32.141+0000][25.619s][info ][safepoint     ] Entering safepoint region: CGC_Operation
[2023-11-09T11:02:32.141+0000][25.620s][info ][gc,start      ] GC(44) Pause Remark
[2023-11-09T11:02:32.164+0000][25.642s][info ][gc,stringtable] GC(44) Cleaned string and symbol table, strings: 50165 processed, 1 removed, symbols: 293357 processed, 21 removed
[2023-11-09T11:02:32.165+0000][25.643s][info ][gc            ] GC(44) Pause Remark 91M->91M(395M) 23.915ms
[2023-11-09T11:02:32.166+0000][25.644s][info ][gc,cpu        ] GC(44) User=0.15s Sys=0.00s Real=0.02s
[2023-11-09T11:02:32.166+0000][25.645s][info ][safepoint     ] Leaving safepoint region
[2023-11-09T11:02:32.167+0000][25.645s][info ][safepoint     ] Total time for which application threads were stopped: 0.0272808 seconds, Stopping threads took: 0.0015087 seconds
[2023-11-09T11:02:32.167+0000][25.646s][info ][gc,marking    ] GC(44) Concurrent Rebuild Remembered Sets
[2023-11-09T11:02:32.237+0000][25.715s][info ][gc,marking    ] GC(44) Concurrent Rebuild Remembered Sets 69.211ms
[2023-11-09T11:02:32.237+0000][25.716s][debug][safepoint     ] Safepoint synchronization initiated. (39 threads)
[2023-11-09T11:02:32.238+0000][25.716s][info ][safepoint     ] Application time: 0.0706243 seconds
[2023-11-09T11:02:32.238+0000][25.717s][debug][safepoint     ] ... found polling page loop exception at pc = 0x00007fb4f09ac627, stub =0x00007fb4e8843680
[2023-11-09T11:02:32.239+0000][25.717s][debug][safepoint     ] Waiting for 1 thread(s) to block
[2023-11-09T11:02:32.239+0000][25.718s][info ][safepoint     ] Entering safepoint region: CGC_Operation
[2023-11-09T11:02:32.240+0000][25.718s][info ][gc,start      ] GC(44) Pause Cleanup
[2023-11-09T11:02:32.241+0000][25.719s][info ][gc            ] GC(44) Pause Cleanup 108M->108M(395M) 0.677ms
[2023-11-09T11:02:32.241+0000][25.719s][info ][gc,cpu        ] GC(44) User=0.01s Sys=0.00s Real=0.00s
[2023-11-09T11:02:32.242+0000][25.720s][info ][safepoint     ] Leaving safepoint region
[2023-11-09T11:02:32.242+0000][25.720s][info ][safepoint     ] Total time for which application threads were stopped: 0.0035832 seconds, Stopping threads took: 0.0014381 seconds
[2023-11-09T11:02:32.243+0000][25.721s][info ][gc,marking    ] GC(44) Concurrent Cleanup for Next Mark
[2023-11-09T11:02:32.244+0000][25.722s][info ][gc,marking    ] GC(44) Concurrent Cleanup for Next Mark 1.321ms
[2023-11-09T11:02:32.245+0000][25.723s][info ][gc            ] GC(44) Concurrent Cycle 247.348ms
[2023-11-09T11:02:33.067+0000][26.545s][debug][safepoint     ] Safepoint synchronization initiated. (39 threads)
[2023-11-09T11:02:33.068+0000][26.546s][info ][safepoint     ] Application time: 0.8253949 seconds
[2023-11-09T11:02:33.069+0000][26.547s][info ][safepoint     ] Entering safepoint region: ICBufferFull
[2023-11-09T11:02:33.070+0000][26.548s][info ][safepoint     ] Leaving safepoint region
[2023-11-09T11:02:33.070+0000][26.548s][info ][safepoint     ] Total time for which application threads were stopped: 0.0016006 seconds, Stopping threads took: 0.0004718 seconds
[2023-11-09T11:02:33.918+0000][27.396s][debug][safepoint     ] Safepoint synchronization initiated. (39 threads)
[2023-11-09T11:02:33.918+0000][27.397s][info ][safepoint     ] Application time: 0.8477256 seconds
[2023-11-09T11:02:33.919+0000][27.397s][info ][safepoint     ] Entering safepoint region: Deoptimize
[2023-11-09T11:02:33.921+0000][27.399s][info ][safepoint     ] Leaving safepoint region
[2023-11-09T11:02:33.921+0000][27.400s][info ][safepoint     ] Total time for which application threads were stopped: 0.0026842 seconds, Stopping threads took: 0.0004288 seconds
[2023-11-09T11:02:34.035+0000][27.513s][debug][safepoint     ] Safepoint synchronization initiated. (39 threads)
[2023-11-09T11:02:34.036+0000][27.514s][info ][safepoint     ] Application time: 0.1140732 seconds
[2023-11-09T11:02:34.038+0000][27.516s][info ][safepoint     ] Entering safepoint region: Deoptimize
[2023-11-09T11:02:34.041+0000][27.519s][info ][safepoint     ] Leaving safepoint region
[2023-11-09T11:02:34.041+0000][27.519s][info ][safepoint     ] Total time for which application threads were stopped: 0.0036401 seconds, Stopping threads took: 0.0009742 seconds
[2023-11-09T11:02:34.058+0000][27.536s][debug][safepoint     ] Safepoint synchronization initiated. (41 threads)
[2023-11-09T11:02:34.059+0000][27.537s][info ][safepoint     ] Application time: 0.0170172 seconds
[2023-11-09T11:02:34.059+0000][27.537s][info ][safepoint     ] Entering safepoint region: G1CollectForAllocation
[2023-11-09T11:02:34.060+0000][27.538s][info ][gc,start      ] GC(45) Pause Young (Normal) (G1 Evacuation Pause)
[2023-11-09T11:02:34.060+0000][27.538s][info ][gc,task       ] GC(45) Using 8 workers of 8 for evacuation
[2023-11-09T11:02:34.087+0000][27.566s][info ][gc,phases     ] GC(45)   Pre Evacuate Collection Set: 0.0ms
[2023-11-09T11:02:34.088+0000][27.566s][info ][gc,phases     ] GC(45)   Evacuate Collection Set: 22.4ms
[2023-11-09T11:02:34.089+0000][27.567s][info ][gc,phases     ] GC(45)   Post Evacuate Collection Set: 3.8ms
[2023-11-09T11:02:34.089+0000][27.568s][info ][gc,phases     ] GC(45)   Other: 1.4ms
[2023-11-09T11:02:34.090+0000][27.568s][info ][gc,heap       ] GC(45) Eden regions: 223->0(219)
[2023-11-09T11:02:34.090+0000][27.568s][info ][gc,heap       ] GC(45) Survivor regions: 14->18(30)
[2023-11-09T11:02:34.091+0000][27.569s][info ][gc,heap       ] GC(45) Old regions: 69->69
[2023-11-09T11:02:34.091+0000][27.569s][info ][gc,heap       ] GC(45) Humongous regions: 0->0
[2023-11-09T11:02:34.091+0000][27.570s][info ][gc,metaspace  ] GC(45) Metaspace: 104937K(107984K)->104937K(107984K) NonClass: 92201K(94160K)->92201K(94160K) Class: 12735K(13824K)->12735K(13824K)
[2023-11-09T11:02:34.092+0000][27.570s][info ][gc            ] GC(45) Pause Young (Normal) (G1 Evacuation Pause) 303M->84M(395M) 32.112ms
[2023-11-09T11:02:34.092+0000][27.570s][info ][gc,cpu        ] GC(45) User=0.18s Sys=0.00s Real=0.03s
[2023-11-09T11:02:34.093+0000][27.571s][info ][safepoint     ] Leaving safepoint region
[2023-11-09T11:02:34.093+0000][27.571s][info ][safepoint     ] Total time for which application threads were stopped: 0.0339985 seconds, Stopping threads took: 0.0003964 seconds
[2023-11-09T11:02:34.094+0000][27.572s][info ][gc,stringdedup] Concurrent String Deduplication (27.572s)
[2023-11-09T11:02:34.097+0000][27.575s][info ][gc,stringdedup] Concurrent String Deduplication 87360.0B->19760.0B(67600.0B) avg 50.3% (27.572s, 27.575s) 2.967ms
[2023-11-09T11:02:35.029+0000][28.508s][debug][safepoint     ] Safepoint synchronization initiated. (41 threads)
[2023-11-09T11:02:35.030+0000][28.508s][info ][safepoint     ] Application time: 0.9364841 seconds
[2023-11-09T11:02:35.031+0000][28.509s][info ][safepoint     ] Entering safepoint region: ICBufferFull
[2023-11-09T11:02:35.032+0000][28.510s][info ][safepoint     ] Leaving safepoint region
[2023-11-09T11:02:35.033+0000][28.511s][info ][safepoint     ] Total time for which application threads were stopped: 0.0023017 seconds, Stopping threads took: 0.0006576 seconds
[2023-11-09T11:02:35.234+0000][28.712s][debug][safepoint     ] Safepoint synchronization initiated. (42 threads)
[2023-11-09T11:02:35.234+0000][28.712s][info ][safepoint     ] Application time: 0.1999948 seconds
[2023-11-09T11:02:35.235+0000][28.713s][info ][safepoint     ] Entering safepoint region: Deoptimize
[2023-11-09T11:02:35.236+0000][28.715s][info ][safepoint     ] Leaving safepoint region
[2023-11-09T11:02:35.237+0000][28.715s][info ][safepoint     ] Total time for which application threads were stopped: 0.0024323 seconds, Stopping threads took: 0.0003493 seconds
[2023-11-09T11:02:35.578+0000][29.056s][debug][safepoint     ] Safepoint synchronization initiated. (40 threads)
[2023-11-09T11:02:35.578+0000][29.056s][info ][safepoint     ] Application time: 0.3408057 seconds
[2023-11-09T11:02:35.579+0000][29.057s][info ][safepoint     ] Entering safepoint region: ICBufferFull
[2023-11-09T11:02:35.579+0000][29.058s][info ][safepoint     ] Leaving safepoint region
[2023-11-09T11:02:35.580+0000][29.058s][info ][safepoint     ] Total time for which application threads were stopped: 0.0012564 seconds, Stopping threads took: 0.0004749 seconds
[2023-11-09T11:02:35.796+0000][29.274s][debug][safepoint     ] Safepoint synchronization initiated. (41 threads)
[2023-11-09T11:02:35.797+0000][29.275s][info ][safepoint     ] Application time: 0.2162802 seconds
[2023-11-09T11:02:35.797+0000][29.275s][debug][safepoint     ] Waiting for 1 thread(s) to block
[2023-11-09T11:02:35.798+0000][29.276s][info ][safepoint     ] Entering safepoint region: ICBufferFull
[2023-11-09T11:02:35.798+0000][29.276s][info ][safepoint     ] Leaving safepoint region
[2023-11-09T11:02:35.799+0000][29.277s][info ][safepoint     ] Total time for which application threads were stopped: 0.0015874 seconds, Stopping threads took: 0.0008555 seconds
[2023-11-09T11:02:36.364+0000][29.842s][debug][safepoint     ] Safepoint synchronization initiated. (43 threads)
[2023-11-09T11:02:36.365+0000][29.843s][info ][safepoint     ] Application time: 0.5654288 seconds
[2023-11-09T11:02:36.365+0000][29.843s][info ][safepoint     ] Entering safepoint region: G1CollectForAllocation
[2023-11-09T11:02:36.366+0000][29.844s][info ][gc,start      ] GC(46) Pause Young (Normal) (G1 Evacuation Pause)
[2023-11-09T11:02:36.366+0000][29.844s][info ][gc,task       ] GC(46) Using 8 workers of 8 for evacuation
[2023-11-09T11:02:36.395+0000][29.873s][info ][gc,phases     ] GC(46)   Pre Evacuate Collection Set: 0.0ms
[2023-11-09T11:02:36.395+0000][29.873s][info ][gc,phases     ] GC(46)   Evacuate Collection Set: 23.7ms
[2023-11-09T11:02:36.396+0000][29.874s][info ][gc,phases     ] GC(46)   Post Evacuate Collection Set: 4.1ms
[2023-11-09T11:02:36.397+0000][29.875s][info ][gc,phases     ] GC(46)   Other: 1.1ms
[2023-11-09T11:02:36.397+0000][29.875s][info ][gc,heap       ] GC(46) Eden regions: 219->0(216)
[2023-11-09T11:02:36.398+0000][29.876s][info ][gc,heap       ] GC(46) Survivor regions: 18->21(30)
[2023-11-09T11:02:36.398+0000][29.876s][info ][gc,heap       ] GC(46) Old regions: 69->73
[2023-11-09T11:02:36.398+0000][29.876s][info ][gc,heap       ] GC(46) Humongous regions: 0->0
[2023-11-09T11:02:36.399+0000][29.877s][info ][gc,metaspace  ] GC(46) Metaspace: 110223K(113360K)->110223K(113360K) NonClass: 96993K(99024K)->96993K(99024K) Class: 13230K(14336K)->13230K(14336K)
[2023-11-09T11:02:36.399+0000][29.877s][info ][gc            ] GC(46) Pause Young (Normal) (G1 Evacuation Pause) 303M->91M(395M) 33.451ms
[2023-11-09T11:02:36.399+0000][29.878s][info ][gc,cpu        ] GC(46) User=0.24s Sys=0.00s Real=0.04s
[2023-11-09T11:02:36.400+0000][29.878s][info ][safepoint     ] Leaving safepoint region
[2023-11-09T11:02:36.400+0000][29.879s][info ][safepoint     ] Total time for which application threads were stopped: 0.0354189 seconds, Stopping threads took: 0.0003966 seconds
[2023-11-09T11:02:36.401+0000][29.879s][info ][gc,stringdedup] Concurrent String Deduplication (29.879s)
[2023-11-09T11:02:36.410+0000][29.889s][info ][gc,stringdedup] Concurrent String Deduplication 466.6K->370.4K(98456.0B) avg 49.3% (29.879s, 29.889s) 9.498ms
[2023-11-09T11:02:37.106+0000][30.585s][debug][safepoint     ] Safepoint synchronization initiated. (43 threads)
[2023-11-09T11:02:37.107+0000][30.585s][info ][safepoint     ] Application time: 0.7061964 seconds
[2023-11-09T11:02:37.107+0000][30.586s][info ][safepoint     ] Entering safepoint region: Deoptimize
[2023-11-09T11:02:37.110+0000][30.588s][info ][safepoint     ] Leaving safepoint region
[2023-11-09T11:02:37.110+0000][30.588s][info ][safepoint     ] Total time for which application threads were stopped: 0.0026419 seconds, Stopping threads took: 0.0005105 seconds
[2023-11-09T11:02:37.218+0000][30.696s][debug][safepoint     ] Safepoint synchronization initiated. (43 threads)
[2023-11-09T11:02:37.218+0000][30.696s][info ][safepoint     ] Application time: 0.1072980 seconds
[2023-11-09T11:02:37.219+0000][30.697s][info ][safepoint     ] Entering safepoint region: Deoptimize
[2023-11-09T11:02:37.221+0000][30.699s][info ][safepoint     ] Leaving safepoint region
[2023-11-09T11:02:37.221+0000][30.699s][info ][safepoint     ] Total time for which application threads were stopped: 0.0027221 seconds, Stopping threads took: 0.0003968 seconds
[2023-11-09T11:02:37.269+0000][30.747s][debug][safepoint     ] Safepoint synchronization initiated. (43 threads)
[2023-11-09T11:02:37.270+0000][30.748s][info ][safepoint     ] Application time: 0.0479923 seconds
[2023-11-09T11:02:37.270+0000][30.748s][info ][safepoint     ] Entering safepoint region: Deoptimize
[2023-11-09T11:02:37.273+0000][30.751s][info ][safepoint     ] Leaving safepoint region
[2023-11-09T11:02:37.274+0000][30.752s][info ][safepoint     ] Total time for which application threads were stopped: 0.0033363 seconds, Stopping threads took: 0.0006085 seconds
[2023-11-09T11:02:37.322+0000][30.801s][debug][safepoint     ] Safepoint synchronization initiated. (43 threads)
[2023-11-09T11:02:37.323+0000][30.801s][info ][safepoint     ] Application time: 0.0490312 seconds
[2023-11-09T11:02:37.323+0000][30.802s][info ][safepoint     ] Entering safepoint region: Deoptimize
[2023-11-09T11:02:37.326+0000][30.804s][info ][safepoint     ] Leaving safepoint region
[2023-11-09T11:02:37.327+0000][30.805s][info ][safepoint     ] Total time for which application threads were stopped: 0.0034496 seconds, Stopping threads took: 0.0003889 seconds
[2023-11-09T11:02:37.555+0000][31.033s][debug][safepoint     ] Safepoint synchronization initiated. (43 threads)
[2023-11-09T11:02:37.556+0000][31.034s][info ][safepoint     ] Application time: 0.2283783 seconds
[2023-11-09T11:02:37.556+0000][31.034s][info ][safepoint     ] Entering safepoint region: Deoptimize
[2023-11-09T11:02:37.558+0000][31.037s][info ][safepoint     ] Leaving safepoint region
[2023-11-09T11:02:37.559+0000][31.037s][info ][safepoint     ] Total time for which application threads were stopped: 0.0025998 seconds, Stopping threads took: 0.0004175 seconds
[2023-11-09T11:02:37.561+0000][31.039s][debug][safepoint     ] Safepoint synchronization initiated. (43 threads)
[2023-11-09T11:02:37.562+0000][31.040s][info ][safepoint     ] Application time: 0.0026539 seconds
[2023-11-09T11:02:37.563+0000][31.041s][debug][safepoint     ] Waiting for 1 thread(s) to block
[2023-11-09T11:02:37.563+0000][31.041s][info ][safepoint     ] Entering safepoint region: Deoptimize
[2023-11-09T11:02:37.565+0000][31.043s][info ][safepoint     ] Leaving safepoint region
[2023-11-09T11:02:37.566+0000][31.044s][info ][safepoint     ] Total time for which application threads were stopped: 0.0030486 seconds, Stopping threads took: 0.0008519 seconds
[2023-11-09T11:02:37.589+0000][31.067s][debug][safepoint     ] Safepoint synchronization initiated. (43 threads)
[2023-11-09T11:02:37.590+0000][31.068s][info ][safepoint     ] Application time: 0.0236116 seconds
[2023-11-09T11:02:37.591+0000][31.069s][debug][safepoint     ] ... found polling page return exception at pc = 0x00007fb4f0df5a9b, stub =0x00007fb4e8840600
[2023-11-09T11:02:37.591+0000][31.070s][debug][safepoint     ] Waiting for 1 thread(s) to block
[2023-11-09T11:02:37.592+0000][31.071s][info ][safepoint     ] Entering safepoint region: ICBufferFull
[2023-11-09T11:02:37.593+0000][31.072s][info ][safepoint     ] Leaving safepoint region
[2023-11-09T11:02:37.594+0000][31.072s][info ][safepoint     ] Total time for which application threads were stopped: 0.0032795 seconds, Stopping threads took: 0.0021975 seconds
[2023-11-09T11:02:38.437+0000][31.916s][debug][safepoint     ] Safepoint synchronization initiated. (43 threads)
[2023-11-09T11:02:38.438+0000][31.916s][info ][safepoint     ] Application time: 0.8434379 seconds
[2023-11-09T11:02:38.438+0000][31.917s][info ][safepoint     ] Entering safepoint region: G1CollectForAllocation
[2023-11-09T11:02:38.439+0000][31.917s][info ][gc,start      ] GC(47) Pause Young (Normal) (G1 Evacuation Pause)
[2023-11-09T11:02:38.440+0000][31.918s][info ][gc,task       ] GC(47) Using 8 workers of 8 for evacuation
[2023-11-09T11:02:38.464+0000][31.942s][info ][gc,phases     ] GC(47)   Pre Evacuate Collection Set: 0.0ms
[2023-11-09T11:02:38.465+0000][31.943s][info ][gc,phases     ] GC(47)   Evacuate Collection Set: 19.3ms
[2023-11-09T11:02:38.465+0000][31.943s][info ][gc,phases     ] GC(47)   Post Evacuate Collection Set: 4.6ms
[2023-11-09T11:02:38.465+0000][31.943s][info ][gc,phases     ] GC(47)   Other: 1.0ms
[2023-11-09T11:02:38.466+0000][31.944s][info ][gc,heap       ] GC(47) Eden regions: 216->0(215)
[2023-11-09T11:02:38.466+0000][31.944s][info ][gc,heap       ] GC(47) Survivor regions: 21->22(30)
[2023-11-09T11:02:38.466+0000][31.944s][info ][gc,heap       ] GC(47) Old regions: 73->77
[2023-11-09T11:02:38.467+0000][31.945s][info ][gc,heap       ] GC(47) Humongous regions: 0->0
[2023-11-09T11:02:38.467+0000][31.945s][info ][gc,metaspace  ] GC(47) Metaspace: 119797K(123216K)->119797K(123216K) NonClass: 105547K(107728K)->105547K(107728K) Class: 14249K(15488K)->14249K(15488K)
[2023-11-09T11:02:38.467+0000][31.946s][info ][gc            ] GC(47) Pause Young (Normal) (G1 Evacuation Pause) 307M->97M(395M) 28.176ms
[2023-11-09T11:02:38.468+0000][31.946s][info ][gc,cpu        ] GC(47) User=0.18s Sys=0.01s Real=0.03s
[2023-11-09T11:02:38.468+0000][31.946s][info ][safepoint     ] Leaving safepoint region
[2023-11-09T11:02:38.468+0000][31.947s][info ][safepoint     ] Total time for which application threads were stopped: 0.0300280 seconds, Stopping threads took: 0.0004728 seconds
[2023-11-09T11:02:38.469+0000][31.947s][info ][gc,stringdedup] Concurrent String Deduplication (31.947s)
[2023-11-09T11:02:38.473+0000][31.951s][info ][gc,stringdedup] Concurrent String Deduplication 475.3K->148.9K(326.5K) avg 49.9% (31.947s, 31.951s) 4.418ms
[2023-11-09T11:02:38.649+0000][32.128s][debug][safepoint     ] Safepoint synchronization initiated. (44 threads)
[2023-11-09T11:02:38.650+0000][32.128s][info ][safepoint     ] Application time: 0.1813221 seconds
[2023-11-09T11:02:38.650+0000][32.129s][info ][safepoint     ] Entering safepoint region: Deoptimize
[2023-11-09T11:02:38.652+0000][32.131s][info ][safepoint     ] Leaving safepoint region
[2023-11-09T11:02:38.653+0000][32.131s][info ][safepoint     ] Total time for which application threads were stopped: 0.0024195 seconds, Stopping threads took: 0.0003815 seconds
[2023-11-09T11:02:38.870+0000][32.348s][debug][safepoint     ] Safepoint synchronization initiated. (43 threads)
[2023-11-09T11:02:38.871+0000][32.349s][info ][safepoint     ] Application time: 0.2175657 seconds
[2023-11-09T11:02:38.871+0000][32.349s][info ][safepoint     ] Entering safepoint region: Deoptimize
[2023-11-09T11:02:38.873+0000][32.351s][info ][safepoint     ] Leaving safepoint region
[2023-11-09T11:02:38.873+0000][32.352s][info ][safepoint     ] Total time for which application threads were stopped: 0.0023485 seconds, Stopping threads took: 0.0003700 seconds
[2023-11-09T11:02:39.500+0000][32.978s][debug][safepoint     ] Safepoint synchronization initiated. (45 threads)
[2023-11-09T11:02:39.500+0000][32.978s][info ][safepoint     ] Application time: 0.6262691 seconds
[2023-11-09T11:02:39.501+0000][32.979s][debug][safepoint     ] Waiting for 1 thread(s) to block
[2023-11-09T11:02:39.501+0000][32.979s][info ][safepoint     ] Entering safepoint region: G1CollectForAllocation
[2023-11-09T11:02:39.502+0000][32.980s][info ][gc,start      ] GC(48) Pause Young (Normal) (G1 Evacuation Pause)
[2023-11-09T11:02:39.502+0000][32.980s][info ][gc,task       ] GC(48) Using 8 workers of 8 for evacuation
[2023-11-09T11:02:39.533+0000][33.011s][info ][gc,phases     ] GC(48)   Pre Evacuate Collection Set: 0.1ms
[2023-11-09T11:02:39.534+0000][33.012s][info ][gc,phases     ] GC(48)   Evacuate Collection Set: 24.9ms
[2023-11-09T11:02:39.534+0000][33.012s][info ][gc,phases     ] GC(48)   Post Evacuate Collection Set: 5.6ms
[2023-11-09T11:02:39.534+0000][33.013s][info ][gc,phases     ] GC(48)   Other: 0.9ms
[2023-11-09T11:02:39.535+0000][33.013s][info ][gc,heap       ] GC(48) Eden regions: 215->0(219)
[2023-11-09T11:02:39.535+0000][33.014s][info ][gc,heap       ] GC(48) Survivor regions: 22->18(30)
[2023-11-09T11:02:39.536+0000][33.014s][info ][gc,heap       ] GC(48) Old regions: 77->86
[2023-11-09T11:02:39.536+0000][33.014s][info ][gc,heap       ] GC(48) Humongous regions: 0->0
[2023-11-09T11:02:39.537+0000][33.015s][info ][gc,metaspace  ] GC(48) Metaspace: 124791K(128336K)->124791K(128336K) NonClass: 110039K(112336K)->110039K(112336K) Class: 14751K(16000K)->14751K(16000K)
[2023-11-09T11:02:39.537+0000][33.015s][info ][gc            ] GC(48) Pause Young (Normal) (G1 Evacuation Pause) 312M->102M(395M) 35.443ms
[2023-11-09T11:02:39.538+0000][33.016s][info ][gc,cpu        ] GC(48) User=0.19s Sys=0.02s Real=0.03s
[2023-11-09T11:02:39.538+0000][33.017s][info ][safepoint     ] Leaving safepoint region
[2023-11-09T11:02:39.539+0000][33.017s][info ][safepoint     ] Total time for which application threads were stopped: 0.0384609 seconds, Stopping threads took: 0.0008958 seconds
[2023-11-09T11:02:39.540+0000][33.018s][info ][gc,stringdedup] Concurrent String Deduplication (33.018s)
[2023-11-09T11:02:39.551+0000][33.030s][info ][gc,stringdedup] Concurrent String Deduplication 628.8K->193.7K(435.2K) avg 50.7% (33.018s, 33.030s) 11.731ms
[2023-11-09T11:02:40.540+0000][34.018s][debug][safepoint     ] Safepoint synchronization initiated. (49 threads)
[2023-11-09T11:02:40.540+0000][34.019s][info ][safepoint     ] Application time: 1.0007680 seconds
[2023-11-09T11:02:40.541+0000][34.019s][debug][safepoint     ] Waiting for 1 thread(s) to block
[2023-11-09T11:02:40.541+0000][34.020s][info ][safepoint     ] Entering safepoint region: Cleanup
[2023-11-09T11:02:40.542+0000][34.020s][info ][safepoint     ] Leaving safepoint region
[2023-11-09T11:02:40.543+0000][34.021s][info ][safepoint     ] Total time for which application threads were stopped: 0.0017753 seconds, Stopping threads took: 0.0009714 seconds
[2023-11-09T11:02:40.565+0000][34.044s][debug][safepoint     ] Safepoint synchronization initiated. (49 threads)
[2023-11-09T11:02:40.566+0000][34.044s][info ][safepoint     ] Application time: 0.0228930 seconds
[2023-11-09T11:02:40.566+0000][34.045s][info ][safepoint     ] Entering safepoint region: Deoptimize
[2023-11-09T11:02:40.568+0000][34.047s][info ][safepoint     ] Leaving safepoint region
[2023-11-09T11:02:40.569+0000][34.047s][info ][safepoint     ] Total time for which application threads were stopped: 0.0025116 seconds, Stopping threads took: 0.0004509 seconds
[2023-11-09T11:02:41.569+0000][35.048s][debug][safepoint     ] Safepoint synchronization initiated. (54 threads)
[2023-11-09T11:02:41.570+0000][35.048s][info ][safepoint     ] Application time: 1.0006381 seconds
[2023-11-09T11:02:41.570+0000][35.049s][debug][safepoint     ] Waiting for 1 thread(s) to block
[2023-11-09T11:02:41.571+0000][35.049s][info ][safepoint     ] Entering safepoint region: Cleanup
[2023-11-09T11:02:41.571+0000][35.050s][info ][safepoint     ] Leaving safepoint region
[2023-11-09T11:02:41.572+0000][35.050s][info ][safepoint     ] Total time for which application threads were stopped: 0.0015116 seconds, Stopping threads took: 0.0008571 seconds
[2023-11-09T11:02:41.587+0000][35.065s][debug][safepoint     ] Safepoint synchronization initiated. (55 threads)
[2023-11-09T11:02:41.587+0000][35.066s][info ][safepoint     ] Application time: 0.0150592 seconds
[2023-11-09T11:02:41.588+0000][35.066s][info ][safepoint     ] Entering safepoint region: G1CollectForAllocation
[2023-11-09T11:02:41.588+0000][35.067s][info ][gc,start      ] GC(49) Pause Young (Normal) (G1 Evacuation Pause)
[2023-11-09T11:02:41.589+0000][35.067s][info ][gc,task       ] GC(49) Using 8 workers of 8 for evacuation
[2023-11-09T11:02:41.621+0000][35.099s][info ][gc,phases     ] GC(49)   Pre Evacuate Collection Set: 0.0ms
[2023-11-09T11:02:41.621+0000][35.100s][info ][gc,phases     ] GC(49)   Evacuate Collection Set: 27.5ms
[2023-11-09T11:02:41.622+0000][35.100s][info ][gc,phases     ] GC(49)   Post Evacuate Collection Set: 4.0ms
[2023-11-09T11:02:41.622+0000][35.100s][info ][gc,phases     ] GC(49)   Other: 1.0ms
[2023-11-09T11:02:41.623+0000][35.101s][info ][gc,heap       ] GC(49) Eden regions: 219->0(218)
[2023-11-09T11:02:41.623+0000][35.101s][info ][gc,heap       ] GC(49) Survivor regions: 18->19(30)
[2023-11-09T11:02:41.623+0000][35.102s][info ][gc,heap       ] GC(49) Old regions: 86->92
[2023-11-09T11:02:41.624+0000][35.102s][info ][gc,heap       ] GC(49) Humongous regions: 0->0
[2023-11-09T11:02:41.624+0000][35.102s][info ][gc,metaspace  ] GC(49) Metaspace: 133396K(137168K)->133396K(137168K) NonClass: 117863K(120272K)->117863K(120272K) Class: 15532K(16896K)->15532K(16896K)
[2023-11-09T11:02:41.624+0000][35.103s][info ][gc            ] GC(49) Pause Young (Normal) (G1 Evacuation Pause) 321M->109M(395M) 36.069ms
[2023-11-09T11:02:41.625+0000][35.103s][info ][gc,cpu        ] GC(49) User=0.24s Sys=0.00s Real=0.04s
[2023-11-09T11:02:41.625+0000][35.103s][info ][safepoint     ] Leaving safepoint region
[2023-11-09T11:02:41.626+0000][35.104s][info ][safepoint     ] Total time for which application threads were stopped: 0.0378150 seconds, Stopping threads took: 0.0004439 seconds
[2023-11-09T11:02:41.628+0000][35.106s][info ][gc,stringdedup] Concurrent String Deduplication (35.106s)
[2023-11-09T11:02:41.636+0000][35.114s][info ][gc,stringdedup] Concurrent String Deduplication 303.4K->126.6K(176.7K) avg 50.9% (35.106s, 35.114s) 7.604ms
[2023-11-09T11:02:41.756+0000][35.234s][debug][safepoint     ] Safepoint synchronization initiated. (55 threads)
[2023-11-09T11:02:41.756+0000][35.234s][info ][safepoint     ] Application time: 0.1280763 seconds
[2023-11-09T11:02:41.756+0000][35.235s][info ][safepoint     ] Entering safepoint region: Deoptimize
[2023-11-09T11:02:41.758+0000][35.237s][info ][safepoint     ] Leaving safepoint region
[2023-11-09T11:02:41.759+0000][35.237s][info ][safepoint     ] Total time for which application threads were stopped: 0.0023084 seconds, Stopping threads took: 0.0003527 seconds
[2023-11-09T11:02:42.451+0000][35.929s][debug][safepoint     ] Safepoint synchronization initiated. (67 threads)
[2023-11-09T11:02:42.452+0000][35.930s][info ][safepoint     ] Application time: 0.6930479 seconds
[2023-11-09T11:02:42.453+0000][35.931s][info ][safepoint     ] Entering safepoint region: Deoptimize
[2023-11-09T11:02:42.455+0000][35.933s][info ][safepoint     ] Leaving safepoint region
[2023-11-09T11:02:42.456+0000][35.934s][info ][safepoint     ] Total time for which application threads were stopped: 0.0027080 seconds, Stopping threads took: 0.0004414 seconds
[2023-11-09T11:02:42.456+0000][35.934s][debug][safepoint     ] Safepoint synchronization initiated. (67 threads)
[2023-11-09T11:02:42.456+0000][35.935s][info ][safepoint     ] Application time: 0.0005592 seconds
[2023-11-09T11:02:42.457+0000][35.935s][info ][safepoint     ] Entering safepoint region: Deoptimize
[2023-11-09T11:02:42.459+0000][35.937s][info ][safepoint     ] Leaving safepoint region
[2023-11-09T11:02:42.459+0000][35.937s][info ][safepoint     ] Total time for which application threads were stopped: 0.0023158 seconds, Stopping threads took: 0.0003265 seconds
[2023-11-09T11:02:42.463+0000][35.941s][debug][safepoint     ] Safepoint synchronization initiated. (67 threads)
[2023-11-09T11:02:42.464+0000][35.942s][info ][safepoint     ] Application time: 0.0036147 seconds
[2023-11-09T11:02:42.464+0000][35.942s][info ][safepoint     ] Entering safepoint region: Deoptimize
[2023-11-09T11:02:42.467+0000][35.945s][info ][safepoint     ] Leaving safepoint region
[2023-11-09T11:02:42.467+0000][35.945s][info ][safepoint     ] Total time for which application threads were stopped: 0.0030221 seconds, Stopping threads took: 0.0004621 seconds
[2023-11-09T11:02:42.509+0000][35.987s][debug][safepoint     ] Safepoint synchronization initiated. (67 threads)
[2023-11-09T11:02:42.510+0000][35.988s][info ][safepoint     ] Application time: 0.0421933 seconds
[2023-11-09T11:02:42.510+0000][35.988s][info ][safepoint     ] Entering safepoint region: Deoptimize
[2023-11-09T11:02:42.513+0000][35.991s][info ][safepoint     ] Leaving safepoint region
[2023-11-09T11:02:42.513+0000][35.992s][info ][safepoint     ] Total time for which application threads were stopped: 0.0031436 seconds, Stopping threads took: 0.0005693 seconds
[2023-11-09T11:02:42.848+0000][36.327s][debug][safepoint     ] Safepoint synchronization initiated. (67 threads)
[2023-11-09T11:02:42.849+0000][36.327s][info ][safepoint     ] Application time: 0.3352743 seconds
[2023-11-09T11:02:42.850+0000][36.328s][info ][safepoint     ] Entering safepoint region: Deoptimize
[2023-11-09T11:02:42.853+0000][36.331s][info ][safepoint     ] Leaving safepoint region
[2023-11-09T11:02:42.854+0000][36.332s][info ][safepoint     ] Total time for which application threads were stopped: 0.0043561 seconds, Stopping threads took: 0.0005889 seconds
[2023-11-09T11:02:42.865+0000][36.343s][debug][safepoint     ] Safepoint synchronization initiated. (67 threads)
[2023-11-09T11:02:42.867+0000][36.346s][info ][safepoint     ] Application time: 0.0127996 seconds
[2023-11-09T11:02:42.868+0000][36.346s][info ][safepoint     ] Entering safepoint region: G1CollectForAllocation
[2023-11-09T11:02:42.869+0000][36.347s][info ][gc,start      ] GC(50) Pause Young (Normal) (G1 Evacuation Pause)
[2023-11-09T11:02:42.869+0000][36.348s][info ][gc,task       ] GC(50) Using 8 workers of 8 for evacuation
[2023-11-09T11:02:42.908+0000][36.386s][info ][gc,phases     ] GC(50)   Pre Evacuate Collection Set: 0.0ms
[2023-11-09T11:02:42.909+0000][36.387s][info ][gc,phases     ] GC(50)   Evacuate Collection Set: 30.7ms
[2023-11-09T11:02:42.910+0000][36.388s][info ][gc,phases     ] GC(50)   Post Evacuate Collection Set: 7.5ms
[2023-11-09T11:02:42.910+0000][36.389s][info ][gc,phases     ] GC(50)   Other: 1.0ms
[2023-11-09T11:02:42.911+0000][36.389s][info ][gc,heap       ] GC(50) Eden regions: 218->0(219)
[2023-11-09T11:02:42.912+0000][36.390s][info ][gc,heap       ] GC(50) Survivor regions: 19->18(30)
[2023-11-09T11:02:42.913+0000][36.391s][info ][gc,heap       ] GC(50) Old regions: 92->98
[2023-11-09T11:02:42.914+0000][36.393s][info ][gc,heap       ] GC(50) Humongous regions: 0->0
[2023-11-09T11:02:42.915+0000][36.393s][info ][gc,metaspace  ] GC(50) Metaspace: 136800K(140624K)->136800K(140624K) NonClass: 120876K(123344K)->120876K(123344K) Class: 15924K(17280K)->15924K(17280K)
[2023-11-09T11:02:42.915+0000][36.394s][info ][gc            ] GC(50) Pause Young (Normal) (G1 Evacuation Pause) 327M->114M(395M) 46.495ms
[2023-11-09T11:02:42.916+0000][36.394s][info ][gc,cpu        ] GC(50) User=0.30s Sys=0.00s Real=0.05s
[2023-11-09T11:02:42.916+0000][36.394s][info ][safepoint     ] Leaving safepoint region
[2023-11-09T11:02:42.917+0000][36.395s][info ][safepoint     ] Total time for which application threads were stopped: 0.0484308 seconds, Stopping threads took: 0.0004955 seconds
[2023-11-09T11:02:42.917+0000][36.395s][info ][gc,stringdedup] Concurrent String Deduplication (36.395s)
[2023-11-09T11:02:42.921+0000][36.399s][info ][gc,stringdedup] Concurrent String Deduplication 294.1K->49032.0B(246.2K) avg 51.5% (36.395s, 36.399s) 3.674ms
[2023-11-09T11:02:43.775+0000][37.253s][debug][safepoint     ] Safepoint synchronization initiated. (66 threads)
[2023-11-09T11:02:43.775+0000][37.253s][info ][safepoint     ] Application time: 0.8582626 seconds
[2023-11-09T11:02:43.776+0000][37.254s][info ][safepoint     ] Entering safepoint region: Deoptimize
[2023-11-09T11:02:43.778+0000][37.256s][info ][safepoint     ] Leaving safepoint region
[2023-11-09T11:02:43.779+0000][37.257s][info ][safepoint     ] Total time for which application threads were stopped: 0.0032789 seconds, Stopping threads took: 0.0004374 seconds
[2023-11-09T11:02:43.858+0000][37.337s][debug][safepoint     ] Safepoint synchronization initiated. (66 threads)
[2023-11-09T11:02:43.859+0000][37.337s][info ][safepoint     ] Application time: 0.0796132 seconds
[2023-11-09T11:02:43.859+0000][37.338s][info ][safepoint     ] Entering safepoint region: G1CollectForAllocation
[2023-11-09T11:02:43.860+0000][37.338s][info ][gc,start      ] GC(51) Pause Young (Normal) (G1 Evacuation Pause)
[2023-11-09T11:02:43.861+0000][37.339s][info ][gc,task       ] GC(51) Using 8 workers of 8 for evacuation
[2023-11-09T11:02:43.880+0000][37.359s][info ][gc,phases     ] GC(51)   Pre Evacuate Collection Set: 0.0ms
[2023-11-09T11:02:43.881+0000][37.359s][info ][gc,phases     ] GC(51)   Evacuate Collection Set: 14.3ms
[2023-11-09T11:02:43.881+0000][37.360s][info ][gc,phases     ] GC(51)   Post Evacuate Collection Set: 4.9ms
[2023-11-09T11:02:43.882+0000][37.360s][info ][gc,phases     ] GC(51)   Other: 1.1ms
[2023-11-09T11:02:43.882+0000][37.361s][info ][gc,heap       ] GC(51) Eden regions: 219->0(220)
[2023-11-09T11:02:43.883+0000][37.361s][info ][gc,heap       ] GC(51) Survivor regions: 18->16(30)
[2023-11-09T11:02:43.883+0000][37.361s][info ][gc,heap       ] GC(51) Old regions: 98->103
[2023-11-09T11:02:43.884+0000][37.362s][info ][gc,heap       ] GC(51) Humongous regions: 0->0
[2023-11-09T11:02:43.884+0000][37.362s][info ][gc,metaspace  ] GC(51) Metaspace: 139064K(142800K)->139064K(142800K) NonClass: 122813K(125136K)->122813K(125136K) Class: 16251K(17664K)->16251K(17664K)
[2023-11-09T11:02:43.884+0000][37.363s][info ][gc            ] GC(51) Pause Young (Normal) (G1 Evacuation Pause) 333M->117M(395M) 24.036ms
[2023-11-09T11:02:43.885+0000][37.363s][info ][gc,cpu        ] GC(51) User=0.12s Sys=0.01s Real=0.02s
[2023-11-09T11:02:43.885+0000][37.363s][info ][safepoint     ] Leaving safepoint region
[2023-11-09T11:02:43.885+0000][37.364s][info ][safepoint     ] Total time for which application threads were stopped: 0.0260147 seconds, Stopping threads took: 0.0005569 seconds
[2023-11-09T11:02:43.886+0000][37.364s][info ][gc,stringdedup] Concurrent String Deduplication (37.364s)
[2023-11-09T11:02:43.890+0000][37.368s][info ][gc,stringdedup] Concurrent String Deduplication 587.7K->164.3K(423.4K) avg 52.3% (37.364s, 37.368s) 3.864ms
[2023-11-09T11:02:44.186+0000][37.664s][debug][safepoint     ] Safepoint synchronization initiated. (67 threads)
[2023-11-09T11:02:44.187+0000][37.665s][info ][safepoint     ] Application time: 0.3009491 seconds
[2023-11-09T11:02:44.187+0000][37.665s][info ][safepoint     ] Entering safepoint region: Deoptimize
[2023-11-09T11:02:44.189+0000][37.668s][info ][safepoint     ] Leaving safepoint region
[2023-11-09T11:02:44.190+0000][37.668s][info ][safepoint     ] Total time for which application threads were stopped: 0.0026344 seconds, Stopping threads took: 0.0004154 seconds
[2023-11-09T11:02:44.243+0000][37.721s][debug][safepoint     ] Safepoint synchronization initiated. (67 threads)
[2023-11-09T11:02:44.243+0000][37.721s][info ][safepoint     ] Application time: 0.0529162 seconds
[2023-11-09T11:02:44.244+0000][37.722s][info ][safepoint     ] Entering safepoint region: Deoptimize
[2023-11-09T11:02:44.245+0000][37.724s][info ][safepoint     ] Leaving safepoint region
[2023-11-09T11:02:44.246+0000][37.724s][info ][safepoint     ] Total time for which application threads were stopped: 0.0023811 seconds, Stopping threads took: 0.0003372 seconds
[2023-11-09T11:02:44.864+0000][38.343s][debug][safepoint     ] Safepoint synchronization initiated. (76 threads)
[2023-11-09T11:02:44.865+0000][38.344s][info ][safepoint     ] Application time: 0.6191121 seconds
[2023-11-09T11:02:44.866+0000][38.345s][info ][safepoint     ] Entering safepoint region: G1CollectForAllocation
[2023-11-09T11:02:44.868+0000][38.346s][info ][gc,start      ] GC(52) Pause Young (Normal) (G1 Evacuation Pause)
[2023-11-09T11:02:44.868+0000][38.346s][info ][gc,task       ] GC(52) Using 8 workers of 8 for evacuation
[2023-11-09T11:02:44.895+0000][38.373s][info ][gc,phases     ] GC(52)   Pre Evacuate Collection Set: 0.0ms
[2023-11-09T11:02:44.895+0000][38.374s][info ][gc,phases     ] GC(52)   Evacuate Collection Set: 21.7ms
[2023-11-09T11:02:44.896+0000][38.374s][info ][gc,phases     ] GC(52)   Post Evacuate Collection Set: 4.6ms
[2023-11-09T11:02:44.896+0000][38.375s][info ][gc,phases     ] GC(52)   Other: 1.0ms
[2023-11-09T11:02:44.897+0000][38.375s][info ][gc,heap       ] GC(52) Eden regions: 220->0(214)
[2023-11-09T11:02:44.898+0000][38.376s][info ][gc,heap       ] GC(52) Survivor regions: 16->19(30)
[2023-11-09T11:02:44.899+0000][38.377s][info ][gc,heap       ] GC(52) Old regions: 103->103
[2023-11-09T11:02:44.900+0000][38.378s][info ][gc,heap       ] GC(52) Humongous regions: 0->0
[2023-11-09T11:02:44.900+0000][38.378s][info ][gc,metaspace  ] GC(52) Metaspace: 141504K(145616K)->141504K(145616K) NonClass: 124872K(127440K)->124872K(127440K) Class: 16631K(18176K)->16631K(18176K)
[2023-11-09T11:02:44.901+0000][38.379s][info ][gc            ] GC(52) Pause Young (Normal) (G1 Evacuation Pause) 337M->119M(395M) 32.937ms
[2023-11-09T11:02:44.901+0000][38.380s][info ][gc,cpu        ] GC(52) User=0.22s Sys=0.00s Real=0.04s
[2023-11-09T11:02:44.902+0000][38.380s][info ][safepoint     ] Leaving safepoint region
[2023-11-09T11:02:44.902+0000][38.380s][info ][safepoint     ] Total time for which application threads were stopped: 0.0358285 seconds, Stopping threads took: 0.0009834 seconds
[2023-11-09T11:02:44.903+0000][38.381s][info ][gc,stringdedup] Concurrent String Deduplication (38.381s)
[2023-11-09T11:02:44.907+0000][38.385s][info ][gc,stringdedup] Concurrent String Deduplication 329.5K->186.6K(142.9K) avg 52.1% (38.381s, 38.385s) 4.138ms
[2023-11-09T11:02:45.256+0000][38.734s][debug][safepoint     ] Safepoint synchronization initiated. (76 threads)
[2023-11-09T11:02:45.257+0000][38.735s][info ][safepoint     ] Application time: 0.3543641 seconds
[2023-11-09T11:02:45.258+0000][38.736s][info ][safepoint     ] Entering safepoint region: Deoptimize
[2023-11-09T11:02:45.262+0000][38.740s][info ][safepoint     ] Leaving safepoint region
[2023-11-09T11:02:45.262+0000][38.741s][info ][safepoint     ] Total time for which application threads were stopped: 0.0047983 seconds, Stopping threads took: 0.0011004 seconds
[2023-11-09T11:02:45.306+0000][38.785s][debug][safepoint     ] Safepoint synchronization initiated. (76 threads)
[2023-11-09T11:02:45.307+0000][38.785s][info ][safepoint     ] Application time: 0.0440594 seconds
[2023-11-09T11:02:45.307+0000][38.786s][info ][safepoint     ] Entering safepoint region: Deoptimize
[2023-11-09T11:02:45.309+0000][38.788s][info ][safepoint     ] Leaving safepoint region
[2023-11-09T11:02:45.310+0000][38.788s][info ][safepoint     ] Total time for which application threads were stopped: 0.0025709 seconds, Stopping threads took: 0.0004484 seconds
[2023-11-09T11:02:45.659+0000][39.138s][debug][safepoint     ] Safepoint synchronization initiated. (88 threads)
[2023-11-09T11:02:45.660+0000][39.138s][info ][safepoint     ] Application time: 0.3497257 seconds
[2023-11-09T11:02:45.660+0000][39.139s][debug][safepoint     ] Waiting for 2 thread(s) to block
[2023-11-09T11:02:45.661+0000][39.139s][info ][safepoint     ] Entering safepoint region: ICBufferFull
[2023-11-09T11:02:45.661+0000][39.140s][info ][safepoint     ] Leaving safepoint region
[2023-11-09T11:02:45.662+0000][39.140s][info ][safepoint     ] Total time for which application threads were stopped: 0.0015023 seconds, Stopping threads took: 0.0008716 seconds
[2023-11-09T11:02:46.003+0000][39.481s][debug][safepoint     ] Safepoint synchronization initiated. (88 threads)
[2023-11-09T11:02:46.003+0000][39.482s][info ][safepoint     ] Application time: 0.3411660 seconds
[2023-11-09T11:02:46.004+0000][39.482s][info ][safepoint     ] Entering safepoint region: ICBufferFull
[2023-11-09T11:02:46.005+0000][39.483s][info ][safepoint     ] Leaving safepoint region
[2023-11-09T11:02:46.005+0000][39.483s][info ][safepoint     ] Total time for which application threads were stopped: 0.0011407 seconds, Stopping threads took: 0.0004144 seconds
[2023-11-09T11:02:46.177+0000][39.655s][debug][safepoint     ] Safepoint synchronization initiated. (88 threads)
[2023-11-09T11:02:46.178+0000][39.656s][info ][safepoint     ] Application time: 0.1723582 seconds
[2023-11-09T11:02:46.178+0000][39.657s][info ][safepoint     ] Entering safepoint region: G1CollectForAllocation
[2023-11-09T11:02:46.179+0000][39.658s][info ][gc,start      ] GC(53) Pause Young (Normal) (G1 Evacuation Pause)
[2023-11-09T11:02:46.180+0000][39.658s][info ][gc,task       ] GC(53) Using 8 workers of 8 for evacuation
[2023-11-09T11:02:46.224+0000][39.702s][info ][gc,phases     ] GC(53)   Pre Evacuate Collection Set: 0.0ms
[2023-11-09T11:02:46.225+0000][39.703s][info ][gc,phases     ] GC(53)   Evacuate Collection Set: 34.8ms
[2023-11-09T11:02:46.225+0000][39.703s][info ][gc,phases     ] GC(53)   Post Evacuate Collection Set: 8.2ms
[2023-11-09T11:02:46.226+0000][39.704s][info ][gc,phases     ] GC(53)   Other: 1.9ms
[2023-11-09T11:02:46.226+0000][39.704s][info ][gc,heap       ] GC(53) Eden regions: 214->0(207)
[2023-11-09T11:02:46.227+0000][39.705s][info ][gc,heap       ] GC(53) Survivor regions: 19->19(30)
[2023-11-09T11:02:46.227+0000][39.705s][info ][gc,heap       ] GC(53) Old regions: 103->110
[2023-11-09T11:02:46.227+0000][39.706s][info ][gc,heap       ] GC(53) Humongous regions: 0->0
[2023-11-09T11:02:46.228+0000][39.706s][info ][gc,metaspace  ] GC(53) Metaspace: 144777K(149072K)->144777K(149072K) NonClass: 127700K(130256K)->127700K(130256K) Class: 17076K(18816K)->17076K(18816K)
[2023-11-09T11:02:46.228+0000][39.707s][info ][gc            ] GC(53) Pause Young (Normal) (G1 Evacuation Pause) 333M->127M(395M) 48.947ms
[2023-11-09T11:02:46.229+0000][39.707s][info ][gc,cpu        ] GC(53) User=0.32s Sys=0.00s Real=0.04s
[2023-11-09T11:02:46.229+0000][39.707s][info ][safepoint     ] Leaving safepoint region
[2023-11-09T11:02:46.229+0000][39.708s][info ][safepoint     ] Total time for which application threads were stopped: 0.0510924 seconds, Stopping threads took: 0.0005922 seconds
[2023-11-09T11:02:46.230+0000][39.709s][info ][gc,stringdedup] Concurrent String Deduplication (39.709s)
[2023-11-09T11:02:46.234+0000][39.712s][info ][gc,stringdedup] Concurrent String Deduplication 236.1K->98336.0B(140.1K) avg 52.2% (39.709s, 39.712s) 3.636ms
[2023-11-09T11:02:46.599+0000][40.078s][debug][safepoint     ] Safepoint synchronization initiated. (88 threads)
[2023-11-09T11:02:46.600+0000][40.078s][info ][safepoint     ] Application time: 0.3696803 seconds
[2023-11-09T11:02:46.600+0000][40.079s][info ][safepoint     ] Entering safepoint region: ICBufferFull
[2023-11-09T11:02:46.601+0000][40.079s][info ][safepoint     ] Leaving safepoint region
[2023-11-09T11:02:46.601+0000][40.080s][info ][safepoint     ] Total time for which application threads were stopped: 0.0010667 seconds, Stopping threads took: 0.0004137 seconds
[2023-11-09T11:02:47.007+0000][40.485s][debug][safepoint     ] Safepoint synchronization initiated. (88 threads)
[2023-11-09T11:02:47.007+0000][40.486s][info ][safepoint     ] Application time: 0.4056846 seconds
[2023-11-09T11:02:47.008+0000][40.486s][debug][safepoint     ] Waiting for 1 thread(s) to block
[2023-11-09T11:02:47.008+0000][40.487s][info ][safepoint     ] Entering safepoint region: ICBufferFull
[2023-11-09T11:02:47.009+0000][40.488s][info ][safepoint     ] Leaving safepoint region
[2023-11-09T11:02:47.010+0000][40.488s][info ][safepoint     ] Total time for which application threads were stopped: 0.0018667 seconds, Stopping threads took: 0.0009934 seconds
[2023-11-09T11:02:47.405+0000][40.884s][debug][safepoint     ] Safepoint synchronization initiated. (88 threads)
[2023-11-09T11:02:47.406+0000][40.884s][info ][safepoint     ] Application time: 0.3956983 seconds
[2023-11-09T11:02:47.406+0000][40.885s][info ][safepoint     ] Entering safepoint region: G1CollectForAllocation
[2023-11-09T11:02:47.407+0000][40.885s][info ][gc,start      ] GC(54) Pause Young (Normal) (G1 Evacuation Pause)
[2023-11-09T11:02:47.407+0000][40.886s][info ][gc,task       ] GC(54) Using 8 workers of 8 for evacuation
[2023-11-09T11:02:47.433+0000][40.911s][info ][gc,phases     ] GC(54)   Pre Evacuate Collection Set: 0.0ms
[2023-11-09T11:02:47.433+0000][40.911s][info ][gc,phases     ] GC(54)   Evacuate Collection Set: 20.1ms
[2023-11-09T11:02:47.434+0000][40.912s][info ][gc,phases     ] GC(54)   Post Evacuate Collection Set: 4.5ms
[2023-11-09T11:02:47.434+0000][40.912s][info ][gc,phases     ] GC(54)   Other: 0.8ms
[2023-11-09T11:02:47.435+0000][40.913s][info ][gc,heap       ] GC(54) Eden regions: 207->0(200)
[2023-11-09T11:02:47.435+0000][40.913s][info ][gc,heap       ] GC(54) Survivor regions: 19->20(29)
[2023-11-09T11:02:47.435+0000][40.913s][info ][gc,heap       ] GC(54) Old regions: 110->115
[2023-11-09T11:02:47.436+0000][40.914s][info ][gc,heap       ] GC(54) Humongous regions: 0->0
[2023-11-09T11:02:47.436+0000][40.914s][info ][gc,metaspace  ] GC(54) Metaspace: 145688K(150096K)->145688K(150096K) NonClass: 128576K(131280K)->128576K(131280K) Class: 17111K(18816K)->17111K(18816K)
[2023-11-09T11:02:47.436+0000][40.915s][info ][gc            ] GC(54) Pause Young (Normal) (G1 Evacuation Pause) 334M->132M(395M) 29.237ms
[2023-11-09T11:02:47.437+0000][40.915s][info ][gc,cpu        ] GC(54) User=0.20s Sys=0.00s Real=0.03s
[2023-11-09T11:02:47.437+0000][40.915s][info ][safepoint     ] Leaving safepoint region
[2023-11-09T11:02:47.438+0000][40.916s][info ][safepoint     ] Total time for which application threads were stopped: 0.0311715 seconds, Stopping threads took: 0.0004064 seconds
[2023-11-09T11:02:47.438+0000][40.916s][info ][gc,stringdedup] Concurrent String Deduplication (40.916s)
[2023-11-09T11:02:47.441+0000][40.919s][info ][gc,stringdedup] Concurrent String Deduplication 233.1K->100152.0B(135.3K) avg 52.3% (40.916s, 40.919s) 3.042ms
[2023-11-09T11:02:48.046+0000][41.525s][debug][safepoint     ] Safepoint synchronization initiated. (88 threads)
[2023-11-09T11:02:48.047+0000][41.525s][info ][safepoint     ] Application time: 0.6089049 seconds
[2023-11-09T11:02:48.048+0000][41.526s][info ][safepoint     ] Entering safepoint region: ICBufferFull
[2023-11-09T11:02:48.048+0000][41.527s][info ][safepoint     ] Leaving safepoint region
[2023-11-09T11:02:48.049+0000][41.527s][info ][safepoint     ] Total time for which application threads were stopped: 0.0012721 seconds, Stopping threads took: 0.0004995 seconds
[2023-11-09T11:02:48.320+0000][41.798s][debug][safepoint     ] Safepoint synchronization initiated. (88 threads)
[2023-11-09T11:02:48.321+0000][41.799s][info ][safepoint     ] Application time: 0.2712182 seconds
[2023-11-09T11:02:48.321+0000][41.799s][info ][safepoint     ] Entering safepoint region: G1CollectForAllocation
[2023-11-09T11:02:48.322+0000][41.800s][info ][gc,start      ] GC(55) Pause Young (Normal) (G1 Evacuation Pause)
[2023-11-09T11:02:48.322+0000][41.800s][info ][gc,task       ] GC(55) Using 8 workers of 8 for evacuation
[2023-11-09T11:02:48.351+0000][41.829s][info ][gc,phases     ] GC(55)   Pre Evacuate Collection Set: 0.0ms
[2023-11-09T11:02:48.352+0000][41.830s][info ][gc,phases     ] GC(55)   Evacuate Collection Set: 24.4ms
[2023-11-09T11:02:48.352+0000][41.830s][info ][gc,phases     ] GC(55)   Post Evacuate Collection Set: 3.9ms
[2023-11-09T11:02:48.353+0000][41.831s][info ][gc,phases     ] GC(55)   Other: 1.0ms
[2023-11-09T11:02:48.353+0000][41.831s][info ][gc,heap       ] GC(55) Eden regions: 200->0(203)
[2023-11-09T11:02:48.353+0000][41.832s][info ][gc,heap       ] GC(55) Survivor regions: 20->16(28)
[2023-11-09T11:02:48.354+0000][41.832s][info ][gc,heap       ] GC(55) Old regions: 115->120
[2023-11-09T11:02:48.354+0000][41.832s][info ][gc,heap       ] GC(55) Humongous regions: 0->0
[2023-11-09T11:02:48.354+0000][41.833s][info ][gc,metaspace  ] GC(55) Metaspace: 146105K(150736K)->146105K(150736K) NonClass: 128945K(131792K)->128945K(131792K) Class: 17160K(18944K)->17160K(18944K)
[2023-11-09T11:02:48.355+0000][41.833s][info ][gc            ] GC(55) Pause Young (Normal) (G1 Evacuation Pause) 332M->134M(395M) 33.343ms
[2023-11-09T11:02:48.355+0000][41.834s][info ][gc,cpu        ] GC(55) User=0.22s Sys=0.00s Real=0.03s
[2023-11-09T11:02:48.356+0000][41.834s][info ][safepoint     ] Leaving safepoint region
[2023-11-09T11:02:48.356+0000][41.834s][info ][safepoint     ] Total time for which application threads were stopped: 0.0352669 seconds, Stopping threads took: 0.0004681 seconds
[2023-11-09T11:02:48.357+0000][41.835s][info ][gc,stringdedup] Concurrent String Deduplication (41.835s)
[2023-11-09T11:02:48.363+0000][41.841s][info ][gc,stringdedup] Concurrent String Deduplication 597.7K->143.4K(454.3K) avg 53.1% (41.835s, 41.841s) 6.245ms
[2023-11-09T11:02:48.947+0000][42.426s][debug][safepoint     ] Safepoint synchronization initiated. (89 threads)
[2023-11-09T11:02:48.948+0000][42.426s][info ][safepoint     ] Application time: 0.5914241 seconds
[2023-11-09T11:02:48.948+0000][42.427s][info ][safepoint     ] Entering safepoint region: G1CollectForAllocation
[2023-11-09T11:02:48.949+0000][42.427s][info ][gc,start      ] GC(56) Pause Young (Normal) (G1 Evacuation Pause)
[2023-11-09T11:02:48.949+0000][42.428s][info ][gc,task       ] GC(56) Using 8 workers of 8 for evacuation
[2023-11-09T11:02:48.967+0000][42.445s][info ][gc,phases     ] GC(56)   Pre Evacuate Collection Set: 0.0ms
[2023-11-09T11:02:48.967+0000][42.445s][info ][gc,phases     ] GC(56)   Evacuate Collection Set: 13.8ms
[2023-11-09T11:02:48.967+0000][42.446s][info ][gc,phases     ] GC(56)   Post Evacuate Collection Set: 2.9ms
[2023-11-09T11:02:48.968+0000][42.446s][info ][gc,phases     ] GC(56)   Other: 0.8ms
[2023-11-09T11:02:48.968+0000][42.446s][info ][gc,heap       ] GC(56) Eden regions: 203->0(201)
[2023-11-09T11:02:48.968+0000][42.447s][info ][gc,heap       ] GC(56) Survivor regions: 16->13(28)
[2023-11-09T11:02:48.969+0000][42.447s][info ][gc,heap       ] GC(56) Old regions: 120->128
[2023-11-09T11:02:48.969+0000][42.447s][info ][gc,heap       ] GC(56) Humongous regions: 0->0
[2023-11-09T11:02:48.969+0000][42.447s][info ][gc,metaspace  ] GC(56) Metaspace: 146317K(150736K)->146317K(150736K) NonClass: 129136K(131792K)->129136K(131792K) Class: 17180K(18944K)->17180K(18944K)
[2023-11-09T11:02:48.970+0000][42.448s][info ][gc            ] GC(56) Pause Young (Normal) (G1 Evacuation Pause) 337M->138M(395M) 20.576ms
[2023-11-09T11:02:48.970+0000][42.448s][info ][gc,cpu        ] GC(56) User=0.16s Sys=0.00s Real=0.03s
[2023-11-09T11:02:48.970+0000][42.448s][info ][safepoint     ] Leaving safepoint region
[2023-11-09T11:02:48.971+0000][42.449s][info ][safepoint     ] Total time for which application threads were stopped: 0.0221781 seconds, Stopping threads took: 0.0003633 seconds
[2023-11-09T11:02:48.971+0000][42.449s][info ][gc,stringdedup] Concurrent String Deduplication (42.449s)
[2023-11-09T11:02:48.977+0000][42.455s][info ][gc,stringdedup] Concurrent String Deduplication 446.3K->160.1K(286.2K) avg 53.3% (42.449s, 42.455s) 5.814ms
[2023-11-09T11:02:49.488+0000][42.966s][debug][safepoint     ] Safepoint synchronization initiated. (89 threads)
[2023-11-09T11:02:49.488+0000][42.967s][info ][safepoint     ] Application time: 0.5175763 seconds
[2023-11-09T11:02:49.489+0000][42.967s][info ][safepoint     ] Entering safepoint region: G1CollectForAllocation
[2023-11-09T11:02:49.490+0000][42.968s][info ][gc,start      ] GC(57) Pause Young (Normal) (G1 Evacuation Pause)
[2023-11-09T11:02:49.490+0000][42.968s][info ][gc,task       ] GC(57) Using 8 workers of 8 for evacuation
[2023-11-09T11:02:49.508+0000][42.986s][info ][gc,phases     ] GC(57)   Pre Evacuate Collection Set: 0.0ms
[2023-11-09T11:02:49.510+0000][42.988s][info ][gc,phases     ] GC(57)   Evacuate Collection Set: 12.9ms
[2023-11-09T11:02:49.510+0000][42.989s][info ][gc,phases     ] GC(57)   Post Evacuate Collection Set: 4.6ms
[2023-11-09T11:02:49.511+0000][42.989s][info ][gc,phases     ] GC(57)   Other: 1.0ms
[2023-11-09T11:02:49.511+0000][42.989s][info ][gc,heap       ] GC(57) Eden regions: 201->0(199)
[2023-11-09T11:02:49.512+0000][42.990s][info ][gc,heap       ] GC(57) Survivor regions: 13->14(27)
[2023-11-09T11:02:49.512+0000][42.990s][info ][gc,heap       ] GC(57) Old regions: 128->128
[2023-11-09T11:02:49.512+0000][42.991s][info ][gc,heap       ] GC(57) Humongous regions: 0->0
[2023-11-09T11:02:49.513+0000][42.991s][info ][gc,metaspace  ] GC(57) Metaspace: 146503K(150992K)->146503K(150992K) NonClass: 129313K(132048K)->129313K(132048K) Class: 17190K(18944K)->17190K(18944K)
[2023-11-09T11:02:49.513+0000][42.991s][info ][gc            ] GC(57) Pause Young (Normal) (G1 Evacuation Pause) 339M->140M(395M) 23.417ms
[2023-11-09T11:02:49.513+0000][42.992s][info ][gc,cpu        ] GC(57) User=0.13s Sys=0.01s Real=0.02s
[2023-11-09T11:02:49.514+0000][42.992s][info ][safepoint     ] Leaving safepoint region
[2023-11-09T11:02:49.514+0000][42.992s][info ][safepoint     ] Total time for which application threads were stopped: 0.0252181 seconds, Stopping threads took: 0.0004555 seconds
[2023-11-09T11:02:49.514+0000][42.993s][info ][gc,stringdedup] Concurrent String Deduplication (42.993s)
[2023-11-09T11:02:49.518+0000][42.997s][info ][gc,stringdedup] Concurrent String Deduplication 400.0K->135.9K(264.1K) avg 53.6% (42.993s, 42.997s) 3.836ms
[2023-11-09T11:02:50.180+0000][43.659s][debug][safepoint     ] Safepoint synchronization initiated. (89 threads)
[2023-11-09T11:02:50.181+0000][43.659s][info ][safepoint     ] Application time: 0.6665245 seconds
[2023-11-09T11:02:50.181+0000][43.660s][info ][safepoint     ] Entering safepoint region: G1CollectForAllocation
[2023-11-09T11:02:50.182+0000][43.660s][info ][gc,start      ] GC(58) Pause Young (Normal) (G1 Evacuation Pause)
[2023-11-09T11:02:50.183+0000][43.661s][info ][gc,task       ] GC(58) Using 8 workers of 8 for evacuation
[2023-11-09T11:02:50.204+0000][43.683s][info ][gc,phases     ] GC(58)   Pre Evacuate Collection Set: 0.0ms
[2023-11-09T11:02:50.205+0000][43.683s][info ][gc,phases     ] GC(58)   Evacuate Collection Set: 15.3ms
[2023-11-09T11:02:50.206+0000][43.684s][info ][gc,phases     ] GC(58)   Post Evacuate Collection Set: 5.6ms
[2023-11-09T11:02:50.206+0000][43.684s][info ][gc,phases     ] GC(58)   Other: 1.5ms
[2023-11-09T11:02:50.206+0000][43.685s][info ][gc,heap       ] GC(58) Eden regions: 199->0(195)
[2023-11-09T11:02:50.207+0000][43.685s][info ][gc,heap       ] GC(58) Survivor regions: 14->16(27)
[2023-11-09T11:02:50.207+0000][43.685s][info ][gc,heap       ] GC(58) Old regions: 128->128
[2023-11-09T11:02:50.207+0000][43.686s][info ][gc,heap       ] GC(58) Humongous regions: 0->0
[2023-11-09T11:02:50.208+0000][43.686s][info ][gc,metaspace  ] GC(58) Metaspace: 146721K(151248K)->146721K(151248K) NonClass: 129496K(132304K)->129496K(132304K) Class: 17224K(18944K)->17224K(18944K)
[2023-11-09T11:02:50.208+0000][43.686s][info ][gc            ] GC(58) Pause Young (Normal) (G1 Evacuation Pause) 339M->142M(395M) 25.849ms
[2023-11-09T11:02:50.208+0000][43.687s][info ][gc,cpu        ] GC(58) User=0.14s Sys=0.01s Real=0.02s
[2023-11-09T11:02:50.209+0000][43.687s][info ][safepoint     ] Leaving safepoint region
[2023-11-09T11:02:50.209+0000][43.688s][info ][safepoint     ] Total time for which application threads were stopped: 0.0279647 seconds, Stopping threads took: 0.0004778 seconds
[2023-11-09T11:02:50.210+0000][43.688s][info ][gc,stringdedup] Concurrent String Deduplication (43.688s)
[2023-11-09T11:02:50.214+0000][43.692s][info ][gc,stringdedup] Concurrent String Deduplication 306.9K->102120.0B(207.2K) avg 53.8% (43.688s, 43.692s) 3.989ms
[2023-11-09T11:02:50.574+0000][44.052s][debug][safepoint     ] Safepoint synchronization initiated. (89 threads)
[2023-11-09T11:02:50.575+0000][44.053s][info ][safepoint     ] Application time: 0.3648751 seconds
[2023-11-09T11:02:50.575+0000][44.053s][info ][safepoint     ] Entering safepoint region: Deoptimize
[2023-11-09T11:02:50.579+0000][44.057s][info ][safepoint     ] Leaving safepoint region
[2023-11-09T11:02:50.580+0000][44.058s][info ][safepoint     ] Total time for which application threads were stopped: 0.0044959 seconds, Stopping threads took: 0.0005178 seconds
[2023-11-09T11:02:50.707+0000][44.185s][debug][safepoint     ] Safepoint synchronization initiated. (89 threads)
[2023-11-09T11:02:50.707+0000][44.185s][info ][safepoint     ] Application time: 0.1269845 seconds
[2023-11-09T11:02:50.707+0000][44.186s][info ][safepoint     ] Entering safepoint region: G1CollectForAllocation
[2023-11-09T11:02:50.708+0000][44.186s][info ][gc,start      ] GC(59) Pause Young (Normal) (G1 Evacuation Pause)
[2023-11-09T11:02:50.708+0000][44.186s][info ][gc,task       ] GC(59) Using 8 workers of 8 for evacuation
[2023-11-09T11:02:50.722+0000][44.200s][info ][gc,phases     ] GC(59)   Pre Evacuate Collection Set: 0.0ms
[2023-11-09T11:02:50.722+0000][44.201s][info ][gc,phases     ] GC(59)   Evacuate Collection Set: 10.0ms
[2023-11-09T11:02:50.723+0000][44.201s][info ][gc,phases     ] GC(59)   Post Evacuate Collection Set: 2.9ms
[2023-11-09T11:02:50.723+0000][44.201s][info ][gc,phases     ] GC(59)   Other: 0.9ms
[2023-11-09T11:02:50.723+0000][44.202s][info ][gc,heap       ] GC(59) Eden regions: 195->0(195)
[2023-11-09T11:02:50.724+0000][44.202s][info ][gc,heap       ] GC(59) Survivor regions: 16->14(27)
[2023-11-09T11:02:50.724+0000][44.202s][info ][gc,heap       ] GC(59) Old regions: 128->132
[2023-11-09T11:02:50.724+0000][44.203s][info ][gc,heap       ] GC(59) Humongous regions: 0->0
[2023-11-09T11:02:50.725+0000][44.203s][info ][gc,metaspace  ] GC(59) Metaspace: 146760K(151248K)->146760K(151248K) NonClass: 129532K(132304K)->129532K(132304K) Class: 17227K(18944K)->17227K(18944K)
[2023-11-09T11:02:50.725+0000][44.203s][info ][gc            ] GC(59) Pause Young (Normal) (G1 Evacuation Pause) 337M->143M(395M) 17.119ms
[2023-11-09T11:02:50.725+0000][44.204s][info ][gc,cpu        ] GC(59) User=0.09s Sys=0.01s Real=0.02s
[2023-11-09T11:02:50.726+0000][44.204s][info ][safepoint     ] Leaving safepoint region
[2023-11-09T11:02:50.726+0000][44.204s][info ][safepoint     ] Total time for which application threads were stopped: 0.0189111 seconds, Stopping threads took: 0.0004134 seconds
[2023-11-09T11:02:50.727+0000][44.205s][info ][gc,stringdedup] Concurrent String Deduplication (44.205s)
[2023-11-09T11:02:50.730+0000][44.208s][info ][gc,stringdedup] Concurrent String Deduplication 252.1K->90280.0B(164.0K) avg 54.0% (44.205s, 44.208s) 3.107ms
[2023-11-09T11:02:51.126+0000][44.604s][debug][safepoint     ] Safepoint synchronization initiated. (89 threads)
[2023-11-09T11:02:51.127+0000][44.605s][info ][safepoint     ] Application time: 0.4000870 seconds
[2023-11-09T11:02:51.127+0000][44.605s][info ][safepoint     ] Entering safepoint region: G1CollectForAllocation
[2023-11-09T11:02:51.128+0000][44.606s][info ][gc,start      ] GC(60) Pause Young (Normal) (G1 Evacuation Pause)
[2023-11-09T11:02:51.128+0000][44.607s][info ][gc,task       ] GC(60) Using 8 workers of 8 for evacuation
[2023-11-09T11:02:51.140+0000][44.618s][info ][gc,phases     ] GC(60)   Pre Evacuate Collection Set: 0.0ms
[2023-11-09T11:02:51.140+0000][44.618s][info ][gc,phases     ] GC(60)   Evacuate Collection Set: 8.1ms
[2023-11-09T11:02:51.140+0000][44.619s][info ][gc,phases     ] GC(60)   Post Evacuate Collection Set: 2.5ms
[2023-11-09T11:02:51.141+0000][44.619s][info ][gc,phases     ] GC(60)   Other: 0.9ms
[2023-11-09T11:02:51.141+0000][44.619s][info ][gc,heap       ] GC(60) Eden regions: 195->0(193)
[2023-11-09T11:02:51.141+0000][44.619s][info ][gc,heap       ] GC(60) Survivor regions: 14->15(27)
[2023-11-09T11:02:51.141+0000][44.620s][info ][gc,heap       ] GC(60) Old regions: 132->132
[2023-11-09T11:02:51.142+0000][44.620s][info ][gc,heap       ] GC(60) Humongous regions: 0->0
[2023-11-09T11:02:51.142+0000][44.620s][info ][gc,metaspace  ] GC(60) Metaspace: 146832K(151248K)->146832K(151248K) NonClass: 129595K(132304K)->129595K(132304K) Class: 17236K(18944K)->17236K(18944K)
[2023-11-09T11:02:51.143+0000][44.621s][info ][gc            ] GC(60) Pause Young (Normal) (G1 Evacuation Pause) 338M->145M(395M) 14.660ms
[2023-11-09T11:02:51.143+0000][44.621s][info ][gc,cpu        ] GC(60) User=0.09s Sys=0.01s Real=0.02s
[2023-11-09T11:02:51.143+0000][44.622s][info ][safepoint     ] Leaving safepoint region
[2023-11-09T11:02:51.144+0000][44.622s][info ][safepoint     ] Total time for which application threads were stopped: 0.0167304 seconds, Stopping threads took: 0.0006855 seconds
[2023-11-09T11:02:51.144+0000][44.623s][info ][gc,stringdedup] Concurrent String Deduplication (44.623s)
[2023-11-09T11:02:51.148+0000][44.626s][info ][gc,stringdedup] Concurrent String Deduplication 299.3K->97048.0B(204.6K) avg 54.2% (44.623s, 44.626s) 3.212ms
[2023-11-09T11:02:51.540+0000][45.018s][debug][safepoint     ] Safepoint synchronization initiated. (89 threads)
[2023-11-09T11:02:51.541+0000][45.019s][info ][safepoint     ] Application time: 0.3963998 seconds
[2023-11-09T11:02:51.541+0000][45.019s][info ][safepoint     ] Entering safepoint region: G1CollectForAllocation
[2023-11-09T11:02:51.542+0000][45.020s][info ][gc,start      ] GC(61) Pause Young (Normal) (G1 Evacuation Pause)
[2023-11-09T11:02:51.542+0000][45.020s][info ][gc,task       ] GC(61) Using 8 workers of 8 for evacuation
[2023-11-09T11:02:51.557+0000][45.035s][info ][gc,phases     ] GC(61)   Pre Evacuate Collection Set: 0.0ms
[2023-11-09T11:02:51.558+0000][45.036s][info ][gc,phases     ] GC(61)   Evacuate Collection Set: 11.5ms
[2023-11-09T11:02:51.558+0000][45.036s][info ][gc,phases     ] GC(61)   Post Evacuate Collection Set: 2.9ms
[2023-11-09T11:02:51.559+0000][45.037s][info ][gc,phases     ] GC(61)   Other: 1.1ms
[2023-11-09T11:02:51.559+0000][45.037s][info ][gc,heap       ] GC(61) Eden regions: 193->0(194)
[2023-11-09T11:02:51.559+0000][45.038s][info ][gc,heap       ] GC(61) Survivor regions: 15->13(26)
[2023-11-09T11:02:51.560+0000][45.038s][info ][gc,heap       ] GC(61) Old regions: 132->135
[2023-11-09T11:02:51.560+0000][45.039s][info ][gc,heap       ] GC(61) Humongous regions: 0->0
[2023-11-09T11:02:51.561+0000][45.039s][info ][gc,metaspace  ] GC(61) Metaspace: 146884K(151248K)->146884K(151248K) NonClass: 129647K(132304K)->129647K(132304K) Class: 17237K(18944K)->17237K(18944K)
[2023-11-09T11:02:51.561+0000][45.039s][info ][gc            ] GC(61) Pause Young (Normal) (G1 Evacuation Pause) 338M->146M(395M) 19.597ms
[2023-11-09T11:02:51.562+0000][45.040s][info ][gc,cpu        ] GC(61) User=0.10s Sys=0.00s Real=0.02s
[2023-11-09T11:02:51.562+0000][45.040s][info ][safepoint     ] Leaving safepoint region
[2023-11-09T11:02:51.562+0000][45.041s][info ][safepoint     ] Total time for which application threads were stopped: 0.0212393 seconds, Stopping threads took: 0.0003436 seconds
[2023-11-09T11:02:51.563+0000][45.041s][info ][gc,stringdedup] Concurrent String Deduplication (45.041s)
[2023-11-09T11:02:51.564+0000][45.043s][info ][gc,stringdedup] Concurrent String Deduplication 169.8K->70312.0B(101.2K) avg 54.3% (45.041s, 45.043s) 1.608ms
[2023-11-09T11:02:51.843+0000][45.321s][debug][safepoint     ] Safepoint synchronization initiated. (97 threads)
[2023-11-09T11:02:51.844+0000][45.322s][info ][safepoint     ] Application time: 0.2808562 seconds
[2023-11-09T11:02:51.844+0000][45.322s][info ][safepoint     ] Entering safepoint region: Deoptimize
[2023-11-09T11:02:51.846+0000][45.325s][info ][safepoint     ] Leaving safepoint region
[2023-11-09T11:02:51.847+0000][45.325s][info ][safepoint     ] Total time for which application threads were stopped: 0.0029888 seconds, Stopping threads took: 0.0004134 seconds
[2023-11-09T11:02:51.925+0000][45.403s][debug][safepoint     ] Safepoint synchronization initiated. (99 threads)
[2023-11-09T11:02:51.926+0000][45.404s][info ][safepoint     ] Application time: 0.0784542 seconds
[2023-11-09T11:02:51.926+0000][45.405s][debug][safepoint     ] ... found polling page return exception at pc = 0x00007fb4f0406502, stub =0x00007fb4e8840600
[2023-11-09T11:02:51.927+0000][45.405s][debug][safepoint     ] Waiting for 1 thread(s) to block
[2023-11-09T11:02:51.927+0000][45.405s][info ][safepoint     ] Entering safepoint region: ICBufferFull
[2023-11-09T11:02:51.928+0000][45.406s][info ][safepoint     ] Leaving safepoint region
[2023-11-09T11:02:51.928+0000][45.406s][info ][safepoint     ] Total time for which application threads were stopped: 0.0019808 seconds, Stopping threads took: 0.0012481 seconds
[2023-11-09T11:02:52.039+0000][45.517s][debug][safepoint     ] Safepoint synchronization initiated. (122 threads)
[2023-11-09T11:02:52.040+0000][45.518s][info ][safepoint     ] Application time: 0.1112793 seconds
[2023-11-09T11:02:52.040+0000][45.519s][debug][safepoint     ] Waiting for 1 thread(s) to block
[2023-11-09T11:02:52.041+0000][45.519s][info ][safepoint     ] Entering safepoint region: Deoptimize
[2023-11-09T11:02:52.044+0000][45.522s][info ][safepoint     ] Leaving safepoint region
[2023-11-09T11:02:52.044+0000][45.523s][info ][safepoint     ] Total time for which application threads were stopped: 0.0041850 seconds, Stopping threads took: 0.0007801 seconds
[2023-11-09T11:02:52.494+0000][45.972s][debug][safepoint     ] Safepoint synchronization initiated. (134 threads)
[2023-11-09T11:02:52.494+0000][45.973s][info ][safepoint     ] Application time: 0.4494468 seconds
[2023-11-09T11:02:52.495+0000][45.973s][info ][safepoint     ] Entering safepoint region: Deoptimize
[2023-11-09T11:02:52.498+0000][45.976s][info ][safepoint     ] Leaving safepoint region
[2023-11-09T11:02:52.498+0000][45.977s][info ][safepoint     ] Total time for which application threads were stopped: 0.0036680 seconds, Stopping threads took: 0.0005360 seconds
[2023-11-09T11:02:52.522+0000][46.000s][debug][safepoint     ] Safepoint synchronization initiated. (134 threads)
[2023-11-09T11:02:52.522+0000][46.001s][info ][safepoint     ] Application time: 0.0235464 seconds
[2023-11-09T11:02:52.523+0000][46.001s][info ][safepoint     ] Entering safepoint region: Deoptimize
[2023-11-09T11:02:52.527+0000][46.005s][info ][safepoint     ] Leaving safepoint region
[2023-11-09T11:02:52.527+0000][46.005s][info ][safepoint     ] Total time for which application threads were stopped: 0.0042843 seconds, Stopping threads took: 0.0005630 seconds
[2023-11-09T11:02:52.917+0000][46.395s][debug][safepoint     ] Safepoint synchronization initiated. (144 threads)
[2023-11-09T11:02:52.918+0000][46.396s][info ][safepoint     ] Application time: 0.3900901 seconds
[2023-11-09T11:02:52.918+0000][46.396s][info ][safepoint     ] Entering safepoint region: G1CollectForAllocation
[2023-11-09T11:02:52.919+0000][46.397s][info ][gc,start      ] GC(62) Pause Young (Normal) (G1 Evacuation Pause)
[2023-11-09T11:02:52.919+0000][46.397s][info ][gc,task       ] GC(62) Using 8 workers of 8 for evacuation
[2023-11-09T11:02:52.934+0000][46.412s][info ][gc,phases     ] GC(62)   Pre Evacuate Collection Set: 0.0ms
[2023-11-09T11:02:52.934+0000][46.412s][info ][gc,phases     ] GC(62)   Evacuate Collection Set: 10.3ms
[2023-11-09T11:02:52.935+0000][46.413s][info ][gc,phases     ] GC(62)   Post Evacuate Collection Set: 3.8ms
[2023-11-09T11:02:52.935+0000][46.414s][info ][gc,phases     ] GC(62)   Other: 0.9ms
[2023-11-09T11:02:52.936+0000][46.414s][info ][gc,heap       ] GC(62) Eden regions: 194->0(188)
[2023-11-09T11:02:52.936+0000][46.415s][info ][gc,heap       ] GC(62) Survivor regions: 13->16(26)
[2023-11-09T11:02:52.937+0000][46.415s][info ][gc,heap       ] GC(62) Old regions: 135->135
[2023-11-09T11:02:52.938+0000][46.416s][info ][gc,heap       ] GC(62) Humongous regions: 0->0
[2023-11-09T11:02:52.938+0000][46.416s][info ][gc,metaspace  ] GC(62) Metaspace: 152190K(157008K)->152190K(157008K) NonClass: 134287K(137168K)->134287K(137168K) Class: 17903K(19840K)->17903K(19840K)
[2023-11-09T11:02:52.939+0000][46.417s][info ][gc            ] GC(62) Pause Young (Normal) (G1 Evacuation Pause) 340M->149M(395M) 20.073ms
[2023-11-09T11:02:52.939+0000][46.417s][info ][gc,cpu        ] GC(62) User=0.10s Sys=0.01s Real=0.03s
[2023-11-09T11:02:52.940+0000][46.418s][info ][safepoint     ] Leaving safepoint region
[2023-11-09T11:02:52.940+0000][46.419s][info ][safepoint     ] Total time for which application threads were stopped: 0.0224002 seconds, Stopping threads took: 0.0004574 seconds
[2023-11-09T11:02:52.941+0000][46.419s][info ][gc,stringdedup] Concurrent String Deduplication (46.419s)
[2023-11-09T11:02:52.943+0000][46.422s][info ][gc,stringdedup] Concurrent String Deduplication 184.1K->61488.0B(124.0K) avg 54.4% (46.419s, 46.422s) 2.481ms
[2023-11-09T11:02:53.941+0000][47.419s][debug][safepoint     ] Safepoint synchronization initiated. (168 threads)
[2023-11-09T11:02:53.942+0000][47.420s][info ][safepoint     ] Application time: 1.0010259 seconds
[2023-11-09T11:02:53.942+0000][47.421s][info ][safepoint     ] Entering safepoint region: Cleanup
[2023-11-09T11:02:53.943+0000][47.422s][info ][safepoint     ] Leaving safepoint region
[2023-11-09T11:02:53.944+0000][47.422s][info ][safepoint     ] Total time for which application threads were stopped: 0.0013603 seconds, Stopping threads took: 0.0005724 seconds
[2023-11-09T11:02:54.945+0000][48.423s][debug][safepoint     ] Safepoint synchronization initiated. (168 threads)
[2023-11-09T11:02:54.945+0000][48.423s][info ][safepoint     ] Application time: 1.0007524 seconds
[2023-11-09T11:02:54.946+0000][48.424s][info ][safepoint     ] Entering safepoint region: Cleanup
[2023-11-09T11:02:54.947+0000][48.425s][info ][safepoint     ] Leaving safepoint region
[2023-11-09T11:02:54.947+0000][48.425s][info ][safepoint     ] Total time for which application threads were stopped: 0.0012361 seconds, Stopping threads took: 0.0005570 seconds
[2023-11-09T11:02:55.948+0000][49.426s][debug][safepoint     ] Safepoint synchronization initiated. (168 threads)
[2023-11-09T11:02:55.948+0000][49.427s][info ][safepoint     ] Application time: 1.0008857 seconds
[2023-11-09T11:02:55.949+0000][49.428s][info ][safepoint     ] Entering safepoint region: Cleanup
[2023-11-09T11:02:55.950+0000][49.428s][info ][safepoint     ] Leaving safepoint region
[2023-11-09T11:02:55.951+0000][49.429s][info ][safepoint     ] Total time for which application threads were stopped: 0.0013922 seconds, Stopping threads took: 0.0006490 seconds
[2023-11-09T11:02:58.952+0000][52.430s][debug][safepoint     ] Safepoint synchronization initiated. (168 threads)
[2023-11-09T11:02:58.952+0000][52.431s][info ][safepoint     ] Application time: 3.0010828 seconds
[2023-11-09T11:02:58.953+0000][52.431s][info ][safepoint     ] Entering safepoint region: Cleanup
[2023-11-09T11:02:58.954+0000][52.432s][info ][safepoint     ] Leaving safepoint region
[2023-11-09T11:02:58.954+0000][52.432s][info ][safepoint     ] Total time for which application threads were stopped: 0.0012774 seconds, Stopping threads took: 0.0005385 seconds
[2023-11-09T11:03:12.956+0000][66.435s][debug][safepoint     ] Safepoint synchronization initiated. (169 threads)
[2023-11-09T11:03:12.957+0000][66.436s][info ][safepoint     ] Application time: 14.0029670 seconds
[2023-11-09T11:03:12.958+0000][66.437s][info ][safepoint     ] Entering safepoint region: Cleanup
[2023-11-09T11:03:12.959+0000][66.437s][info ][safepoint     ] Leaving safepoint region
[2023-11-09T11:03:12.959+0000][66.438s][info ][safepoint     ] Total time for which application threads were stopped: 0.0013969 seconds, Stopping threads took: 0.0006972 seconds
[2023-11-09T11:03:19.961+0000][73.439s][debug][safepoint     ] Safepoint synchronization initiated. (168 threads)
[2023-11-09T11:03:19.962+0000][73.440s][info ][safepoint     ] Application time: 7.0017262 seconds
[2023-11-09T11:03:19.962+0000][73.441s][info ][safepoint     ] Entering safepoint region: Cleanup
[2023-11-09T11:03:19.963+0000][73.441s][info ][safepoint     ] Leaving safepoint region
[2023-11-09T11:03:19.963+0000][73.442s][info ][safepoint     ] Total time for which application threads were stopped: 0.0013019 seconds, Stopping threads took: 0.0006167 seconds
[2023-11-09T11:03:21.964+0000][75.443s][debug][safepoint     ] Safepoint synchronization initiated. (168 threads)
[2023-11-09T11:03:21.965+0000][75.443s][info ][safepoint     ] Application time: 2.0008615 seconds
[2023-11-09T11:03:21.965+0000][75.444s][info ][safepoint     ] Entering safepoint region: Cleanup
[2023-11-09T11:03:21.966+0000][75.444s][info ][safepoint     ] Leaving safepoint region
[2023-11-09T11:03:21.966+0000][75.445s][info ][safepoint     ] Total time for which application threads were stopped: 0.0009946 seconds, Stopping threads took: 0.0004250 seconds
[2023-11-09T11:03:33.969+0000][87.447s][debug][safepoint     ] Safepoint synchronization initiated. (168 threads)
[2023-11-09T11:03:33.969+0000][87.448s][info ][safepoint     ] Application time: 12.0028527 seconds
[2023-11-09T11:03:33.970+0000][87.448s][info ][safepoint     ] Entering safepoint region: Cleanup
[2023-11-09T11:03:33.971+0000][87.449s][info ][safepoint     ] Leaving safepoint region
[2023-11-09T11:03:33.971+0000][87.449s][info ][safepoint     ] Total time for which application threads were stopped: 0.0010906 seconds, Stopping threads took: 0.0004609 seconds
[2023-11-09T11:03:36.972+0000][90.450s][debug][safepoint     ] Safepoint synchronization initiated. (168 threads)
[2023-11-09T11:03:36.972+0000][90.451s][info ][safepoint     ] Application time: 3.0009402 seconds
[2023-11-09T11:03:36.973+0000][90.451s][info ][safepoint     ] Entering safepoint region: Cleanup
[2023-11-09T11:03:36.974+0000][90.452s][info ][safepoint     ] Leaving safepoint region
[2023-11-09T11:03:36.974+0000][90.453s][info ][safepoint     ] Total time for which application threads were stopped: 0.0012222 seconds, Stopping threads took: 0.0006187 seconds
[2023-11-09T11:03:51.977+0000][105.456s][debug][safepoint     ] Safepoint synchronization initiated. (168 threads)
[2023-11-09T11:03:51.977+0000][105.456s][info ][safepoint     ] Application time: 15.0032693 seconds
[2023-11-09T11:03:51.978+0000][105.457s][info ][safepoint     ] Entering safepoint region: Cleanup
[2023-11-09T11:03:51.979+0000][105.458s][info ][safepoint     ] Leaving safepoint region
[2023-11-09T11:03:51.979+0000][105.458s][info ][safepoint     ] Total time for which application threads were stopped: 0.0010700 seconds, Stopping threads took: 0.0003908 seconds
[2023-11-09T11:03:52.979+0000][106.458s][debug][safepoint     ] Safepoint synchronization initiated. (167 threads)
[2023-11-09T11:03:52.980+0000][106.459s][info ][safepoint     ] Application time: 1.0007291 seconds
[2023-11-09T11:03:52.980+0000][106.459s][info ][safepoint     ] Entering safepoint region: Cleanup
[2023-11-09T11:03:52.981+0000][106.460s][info ][safepoint     ] Leaving safepoint region
[2023-11-09T11:03:52.982+0000][106.461s][info ][safepoint     ] Total time for which application threads were stopped: 0.0014344 seconds, Stopping threads took: 0.0005822 seconds
[2023-11-09T11:03:53.983+0000][107.462s][debug][safepoint     ] Safepoint synchronization initiated. (167 threads)
[2023-11-09T11:03:53.983+0000][107.462s][info ][safepoint     ] Application time: 1.0007728 seconds
[2023-11-09T11:03:53.984+0000][107.463s][debug][safepoint     ] ... found polling page return exception at pc = 0x00007fb4f08d7496, stub =0x00007fb4e8840600
[2023-11-09T11:03:53.985+0000][107.464s][debug][safepoint     ] Waiting for 1 thread(s) to block
[2023-11-09T11:03:53.986+0000][107.465s][info ][safepoint     ] Entering safepoint region: Cleanup
[2023-11-09T11:03:53.987+0000][107.466s][info ][safepoint     ] Leaving safepoint region
[2023-11-09T11:03:53.988+0000][107.467s][info ][safepoint     ] Total time for which application threads were stopped: 0.0036635 seconds, Stopping threads took: 0.0026806 seconds
[2023-11-09T11:03:59.989+0000][113.468s][debug][safepoint     ] Safepoint synchronization initiated. (167 threads)
[2023-11-09T11:03:59.990+0000][113.469s][info ][safepoint     ] Application time: 6.0021916 seconds
[2023-11-09T11:03:59.992+0000][113.470s][info ][safepoint     ] Entering safepoint region: Cleanup
[2023-11-09T11:03:59.993+0000][113.472s][info ][safepoint     ] Leaving safepoint region
[2023-11-09T11:03:59.994+0000][113.473s][info ][safepoint     ] Total time for which application threads were stopped: 0.0023119 seconds, Stopping threads took: 0.0011242 seconds
[2023-11-09T11:04:34.003+0000][147.482s][debug][safepoint     ] Safepoint synchronization initiated. (167 threads)
[2023-11-09T11:04:34.003+0000][147.482s][info ][safepoint     ] Application time: 34.0088774 seconds
[2023-11-09T11:04:34.004+0000][147.483s][info ][safepoint     ] Entering safepoint region: Cleanup
[2023-11-09T11:04:34.004+0000][147.483s][info ][safepoint     ] Leaving safepoint region
[2023-11-09T11:04:34.005+0000][147.484s][info ][safepoint     ] Total time for which application threads were stopped: 0.0010349 seconds, Stopping threads took: 0.0004484 seconds
[2023-11-09T11:04:46.008+0000][159.487s][debug][safepoint     ] Safepoint synchronization initiated. (167 threads)
[2023-11-09T11:04:46.009+0000][159.488s][info ][safepoint     ] Application time: 12.0040065 seconds
[2023-11-09T11:04:46.010+0000][159.489s][info ][safepoint     ] Entering safepoint region: Cleanup
[2023-11-09T11:04:46.011+0000][159.490s][info ][safepoint     ] Leaving safepoint region
[2023-11-09T11:04:46.011+0000][159.491s][info ][safepoint     ] Total time for which application threads were stopped: 0.0016018 seconds, Stopping threads took: 0.0007591 seconds
[2023-11-09T11:04:53.014+0000][166.493s][debug][safepoint     ] Safepoint synchronization initiated. (165 threads)
[2023-11-09T11:04:53.014+0000][166.494s][info ][safepoint     ] Application time: 7.0027817 seconds
[2023-11-09T11:04:53.015+0000][166.494s][info ][safepoint     ] Entering safepoint region: Cleanup
[2023-11-09T11:04:53.016+0000][166.495s][info ][safepoint     ] Leaving safepoint region
[2023-11-09T11:04:53.017+0000][166.496s][info ][safepoint     ] Total time for which application threads were stopped: 0.0017680 seconds, Stopping threads took: 0.0006557 seconds
[2023-11-09T11:04:54.018+0000][167.497s][debug][safepoint     ] Safepoint synchronization initiated. (165 threads)
[2023-11-09T11:04:54.018+0000][167.498s][info ][safepoint     ] Application time: 1.0010072 seconds
[2023-11-09T11:04:54.019+0000][167.498s][info ][safepoint     ] Entering safepoint region: Cleanup
[2023-11-09T11:04:54.020+0000][167.499s][info ][safepoint     ] Leaving safepoint region
[2023-11-09T11:04:54.020+0000][167.500s][info ][safepoint     ] Total time for which application threads were stopped: 0.0013908 seconds, Stopping threads took: 0.0005648 seconds
[2023-11-09T11:05:44.030+0000][217.511s][debug][safepoint     ] Safepoint synchronization initiated. (165 threads)
[2023-11-09T11:05:44.031+0000][217.511s][info ][safepoint     ] Application time: 50.0111128 seconds
[2023-11-09T11:05:44.031+0000][217.512s][info ][safepoint     ] Entering safepoint region: Cleanup
[2023-11-09T11:05:44.032+0000][217.513s][info ][safepoint     ] Leaving safepoint region
[2023-11-09T11:05:44.032+0000][217.513s][info ][safepoint     ] Total time for which application threads were stopped: 0.0011713 seconds, Stopping threads took: 0.0005356 seconds
[2023-11-09T11:05:50.034+0000][223.514s][debug][safepoint     ] Safepoint synchronization initiated. (165 threads)
[2023-11-09T11:05:50.035+0000][223.515s][info ][safepoint     ] Application time: 6.0017859 seconds
[2023-11-09T11:05:50.035+0000][223.516s][info ][safepoint     ] Entering safepoint region: Cleanup
[2023-11-09T11:05:50.036+0000][223.517s][info ][safepoint     ] Leaving safepoint region
[2023-11-09T11:05:50.037+0000][223.517s][info ][safepoint     ] Total time for which application threads were stopped: 0.0015503 seconds, Stopping threads took: 0.0006229 seconds
[2023-11-09T11:05:53.038+0000][226.518s][debug][safepoint     ] Safepoint synchronization initiated. (164 threads)
[2023-11-09T11:05:53.038+0000][226.519s][info ][safepoint     ] Application time: 3.0009662 seconds
[2023-11-09T11:05:53.039+0000][226.519s][info ][safepoint     ] Entering safepoint region: Cleanup
[2023-11-09T11:05:53.039+0000][226.520s][info ][safepoint     ] Leaving safepoint region
[2023-11-09T11:05:53.040+0000][226.520s][info ][safepoint     ] Total time for which application threads were stopped: 0.0009711 seconds, Stopping threads took: 0.0003727 seconds
[2023-11-09T11:05:54.040+0000][227.521s][debug][safepoint     ] Safepoint synchronization initiated. (164 threads)
[2023-11-09T11:05:54.041+0000][227.521s][info ][safepoint     ] Application time: 1.0008088 seconds
[2023-11-09T11:05:54.041+0000][227.522s][info ][safepoint     ] Entering safepoint region: Cleanup
[2023-11-09T11:05:54.042+0000][227.522s][info ][safepoint     ] Leaving safepoint region
[2023-11-09T11:05:54.042+0000][227.523s][info ][safepoint     ] Total time for which application threads were stopped: 0.0011236 seconds, Stopping threads took: 0.0004877 seconds
[2023-11-09T11:06:00.044+0000][233.524s][debug][safepoint     ] Safepoint synchronization initiated. (164 threads)
[2023-11-09T11:06:00.045+0000][233.525s][info ][safepoint     ] Application time: 6.0018148 seconds
[2023-11-09T11:06:00.045+0000][233.526s][info ][safepoint     ] Entering safepoint region: Cleanup
[2023-11-09T11:06:00.046+0000][233.526s][info ][safepoint     ] Leaving safepoint region
[2023-11-09T11:06:00.046+0000][233.527s][info ][safepoint     ] Total time for which application threads were stopped: 0.0010318 seconds, Stopping threads took: 0.0004180 seconds
[2023-11-09T11:06:05.048+0000][238.528s][debug][safepoint     ] Safepoint synchronization initiated. (164 threads)
[2023-11-09T11:06:05.048+0000][238.529s][info ][safepoint     ] Application time: 5.0016685 seconds
[2023-11-09T11:06:05.049+0000][238.529s][info ][safepoint     ] Entering safepoint region: Cleanup
[2023-11-09T11:06:05.050+0000][238.530s][info ][safepoint     ] Leaving safepoint region
[2023-11-09T11:06:05.050+0000][238.531s][info ][safepoint     ] Total time for which application threads were stopped: 0.0013839 seconds, Stopping threads took: 0.0006244 seconds
[2023-11-09T11:06:08.051+0000][241.531s][debug][safepoint     ] Safepoint synchronization initiated. (164 threads)
[2023-11-09T11:06:08.052+0000][241.532s][info ][safepoint     ] Application time: 3.0010463 seconds
[2023-11-09T11:06:08.052+0000][241.533s][info ][safepoint     ] Entering safepoint region: Cleanup
[2023-11-09T11:06:08.053+0000][241.533s][info ][safepoint     ] Leaving safepoint region
[2023-11-09T11:06:08.053+0000][241.534s][info ][safepoint     ] Total time for which application threads were stopped: 0.0010900 seconds, Stopping threads took: 0.0005396 seconds
[2023-11-09T11:06:15.055+0000][248.535s][debug][safepoint     ] Safepoint synchronization initiated. (164 threads)
[2023-11-09T11:06:15.056+0000][248.536s][info ][safepoint     ] Application time: 7.0020284 seconds
[2023-11-09T11:06:15.056+0000][248.537s][info ][safepoint     ] Entering safepoint region: Cleanup
[2023-11-09T11:06:15.057+0000][248.537s][info ][safepoint     ] Leaving safepoint region
[2023-11-09T11:06:15.057+0000][248.538s][info ][safepoint     ] Total time for which application threads were stopped: 0.0010572 seconds, Stopping threads took: 0.0004176 seconds
[2023-11-09T11:06:15.234+0000][248.715s][debug][safepoint     ] Safepoint synchronization initiated. (164 threads)
[2023-11-09T11:06:15.235+0000][248.715s][info ][safepoint     ] Application time: 0.1770612 seconds
[2023-11-09T11:06:15.235+0000][248.716s][info ][safepoint     ] Entering safepoint region: G1CollectForAllocation
[2023-11-09T11:06:15.236+0000][248.717s][info ][gc,start      ] GC(63) Pause Young (Normal) (G1 Evacuation Pause)
[2023-11-09T11:06:15.236+0000][248.717s][info ][gc,task       ] GC(63) Using 8 workers of 8 for evacuation
[2023-11-09T11:06:15.246+0000][248.727s][info ][gc,phases     ] GC(63)   Pre Evacuate Collection Set: 0.0ms
[2023-11-09T11:06:15.247+0000][248.728s][info ][gc,phases     ] GC(63)   Evacuate Collection Set: 6.5ms
[2023-11-09T11:06:15.248+0000][248.728s][info ][gc,phases     ] GC(63)   Post Evacuate Collection Set: 2.9ms
[2023-11-09T11:06:15.248+0000][248.729s][info ][gc,phases     ] GC(63)   Other: 1.2ms
[2023-11-09T11:06:15.248+0000][248.729s][info ][gc,heap       ] GC(63) Eden regions: 188->0(189)
[2023-11-09T11:06:15.249+0000][248.730s][info ][gc,heap       ] GC(63) Survivor regions: 16->14(26)
[2023-11-09T11:06:15.250+0000][248.730s][info ][gc,heap       ] GC(63) Old regions: 135->138
[2023-11-09T11:06:15.250+0000][248.731s][info ][gc,heap       ] GC(63) Humongous regions: 0->0
[2023-11-09T11:06:15.251+0000][248.731s][info ][gc,metaspace  ] GC(63) Metaspace: 152682K(157520K)->152682K(157520K) NonClass: 134738K(137680K)->134738K(137680K) Class: 17943K(19840K)->17943K(19840K)
[2023-11-09T11:06:15.251+0000][248.732s][info ][gc            ] GC(63) Pause Young (Normal) (G1 Evacuation Pause) 337M->149M(395M) 15.347ms
[2023-11-09T11:06:15.252+0000][248.732s][info ][gc,cpu        ] GC(63) User=0.06s Sys=0.00s Real=0.02s
[2023-11-09T11:06:15.252+0000][248.733s][info ][safepoint     ] Leaving safepoint region
[2023-11-09T11:06:15.253+0000][248.733s][info ][safepoint     ] Total time for which application threads were stopped: 0.0176444 seconds, Stopping threads took: 0.0004946 seconds
[2023-11-09T11:06:15.253+0000][248.734s][info ][gc,stringdedup] Concurrent String Deduplication (248.734s)
[2023-11-09T11:06:15.255+0000][248.735s][info ][gc,stringdedup] Concurrent String Deduplication 145.9K->54496.0B(94904.0B) avg 54.4% (248.734s, 248.735s) 1.227ms
[2023-11-09T11:06:16.253+0000][249.734s][debug][safepoint     ] Safepoint synchronization initiated. (164 threads)
[2023-11-09T11:06:16.254+0000][249.735s][info ][safepoint     ] Application time: 1.0007040 seconds
[2023-11-09T11:06:16.255+0000][249.735s][info ][safepoint     ] Entering safepoint region: Cleanup
[2023-11-09T11:06:16.255+0000][249.736s][info ][safepoint     ] Leaving safepoint region
[2023-11-09T11:06:16.256+0000][249.736s][info ][safepoint     ] Total time for which application threads were stopped: 0.0010899 seconds, Stopping threads took: 0.0003475 seconds
[2023-11-09T11:06:17.256+0000][250.737s][debug][safepoint     ] Safepoint synchronization initiated. (164 threads)
[2023-11-09T11:06:17.257+0000][250.738s][info ][safepoint     ] Application time: 1.0013239 seconds
[2023-11-09T11:06:17.258+0000][250.739s][info ][safepoint     ] Entering safepoint region: Cleanup
[2023-11-09T11:06:17.259+0000][250.740s][info ][safepoint     ] Leaving safepoint region
[2023-11-09T11:06:17.259+0000][250.740s][info ][safepoint     ] Total time for which application threads were stopped: 0.0015200 seconds, Stopping threads took: 0.0007407 seconds
[2023-11-09T11:06:18.260+0000][251.741s][debug][safepoint     ] Safepoint synchronization initiated. (164 threads)
[2023-11-09T11:06:18.261+0000][251.742s][info ][safepoint     ] Application time: 1.0009702 seconds
[2023-11-09T11:06:18.262+0000][251.742s][info ][safepoint     ] Entering safepoint region: Cleanup
[2023-11-09T11:06:18.262+0000][251.743s][info ][safepoint     ] Leaving safepoint region
[2023-11-09T11:06:18.263+0000][251.744s][info ][safepoint     ] Total time for which application threads were stopped: 0.0012784 seconds, Stopping threads took: 0.0005125 seconds
[2023-11-09T11:06:22.264+0000][255.745s][debug][safepoint     ] Safepoint synchronization initiated. (164 threads)
[2023-11-09T11:06:22.265+0000][255.746s][info ][safepoint     ] Application time: 4.0014246 seconds
[2023-11-09T11:06:22.265+0000][255.746s][info ][safepoint     ] Entering safepoint region: Cleanup
[2023-11-09T11:06:22.266+0000][255.747s][info ][safepoint     ] Leaving safepoint region
[2023-11-09T11:06:22.267+0000][255.748s][info ][safepoint     ] Total time for which application threads were stopped: 0.0018006 seconds, Stopping threads took: 0.0005829 seconds
[2023-11-09T11:06:34.270+0000][267.751s][debug][safepoint     ] Safepoint synchronization initiated. (164 threads)
[2023-11-09T11:06:34.271+0000][267.752s][info ][safepoint     ] Application time: 12.0034802 seconds
[2023-11-09T11:06:34.272+0000][267.752s][info ][safepoint     ] Entering safepoint region: Cleanup
[2023-11-09T11:06:34.272+0000][267.753s][info ][safepoint     ] Leaving safepoint region
[2023-11-09T11:06:34.273+0000][267.754s][info ][safepoint     ] Total time for which application threads were stopped: 0.0012467 seconds, Stopping threads took: 0.0005319 seconds
[2023-11-09T11:06:53.277+0000][286.757s][debug][safepoint     ] Safepoint synchronization initiated. (162 threads)
[2023-11-09T11:06:53.277+0000][286.758s][info ][safepoint     ] Application time: 19.0039318 seconds
[2023-11-09T11:06:53.278+0000][286.758s][info ][safepoint     ] Entering safepoint region: Cleanup
[2023-11-09T11:06:53.278+0000][286.759s][info ][safepoint     ] Leaving safepoint region
[2023-11-09T11:06:53.279+0000][286.760s][info ][safepoint     ] Total time for which application threads were stopped: 0.0013229 seconds, Stopping threads took: 0.0005111 seconds
[2023-11-09T11:06:54.280+0000][287.760s][debug][safepoint     ] Safepoint synchronization initiated. (162 threads)
[2023-11-09T11:06:54.280+0000][287.761s][info ][safepoint     ] Application time: 1.0008379 seconds
[2023-11-09T11:06:54.281+0000][287.762s][info ][safepoint     ] Entering safepoint region: Cleanup
[2023-11-09T11:06:54.282+0000][287.762s][info ][safepoint     ] Leaving safepoint region
[2023-11-09T11:06:54.282+0000][287.763s][info ][safepoint     ] Total time for which application threads were stopped: 0.0014349 seconds, Stopping threads took: 0.0006408 seconds
[2023-11-09T11:07:10.286+0000][303.767s][debug][safepoint     ] Safepoint synchronization initiated. (162 threads)
[2023-11-09T11:07:10.287+0000][303.767s][info ][safepoint     ] Application time: 16.0037565 seconds
[2023-11-09T11:07:10.287+0000][303.768s][info ][safepoint     ] Entering safepoint region: Cleanup
[2023-11-09T11:07:10.288+0000][303.768s][info ][safepoint     ] Leaving safepoint region
[2023-11-09T11:07:10.288+0000][303.769s][info ][safepoint     ] Total time for which application threads were stopped: 0.0011323 seconds, Stopping threads took: 0.0004830 seconds
[2023-11-09T11:07:25.292+0000][318.773s][debug][safepoint     ] Safepoint synchronization initiated. (162 threads)
[2023-11-09T11:07:25.293+0000][318.773s][info ][safepoint     ] Application time: 15.0039674 seconds
[2023-11-09T11:07:25.293+0000][318.774s][info ][safepoint     ] Entering safepoint region: Cleanup
[2023-11-09T11:07:25.294+0000][318.775s][info ][safepoint     ] Leaving safepoint region
[2023-11-09T11:07:25.295+0000][318.775s][info ][safepoint     ] Total time for which application threads were stopped: 0.0016229 seconds, Stopping threads took: 0.0008418 seconds
[2023-11-09T11:07:30.297+0000][323.777s][debug][safepoint     ] Safepoint synchronization initiated. (162 threads)
[2023-11-09T11:07:30.298+0000][323.778s][info ][safepoint     ] Application time: 5.0023282 seconds
[2023-11-09T11:07:30.298+0000][323.779s][info ][safepoint     ] Entering safepoint region: Cleanup
[2023-11-09T11:07:30.300+0000][323.780s][info ][safepoint     ] Leaving safepoint region
[2023-11-09T11:07:30.300+0000][323.781s][info ][safepoint     ] Total time for which application threads were stopped: 0.0020789 seconds, Stopping threads took: 0.0008849 seconds
[2023-11-09T11:07:34.302+0000][327.783s][debug][safepoint     ] Safepoint synchronization initiated. (162 threads)
[2023-11-09T11:07:34.303+0000][327.784s][info ][safepoint     ] Application time: 4.0016663 seconds
[2023-11-09T11:07:34.303+0000][327.784s][info ][safepoint     ] Entering safepoint region: Cleanup
[2023-11-09T11:07:34.304+0000][327.785s][info ][safepoint     ] Leaving safepoint region
[2023-11-09T11:07:34.304+0000][327.785s][info ][safepoint     ] Total time for which application threads were stopped: 0.0009669 seconds, Stopping threads took: 0.0004206 seconds
[2023-11-09T11:07:40.306+0000][333.786s][debug][safepoint     ] Safepoint synchronization initiated. (162 threads)
[2023-11-09T11:07:40.306+0000][333.787s][info ][safepoint     ] Application time: 6.0015460 seconds
[2023-11-09T11:07:40.307+0000][333.788s][info ][safepoint     ] Entering safepoint region: Cleanup
[2023-11-09T11:07:40.308+0000][333.788s][info ][safepoint     ] Leaving safepoint region
[2023-11-09T11:07:40.308+0000][333.789s][info ][safepoint     ] Total time for which application threads were stopped: 0.0012044 seconds, Stopping threads took: 0.0005259 seconds
[2023-11-09T11:07:49.310+0000][342.791s][debug][safepoint     ] Safepoint synchronization initiated. (162 threads)
[2023-11-09T11:07:49.311+0000][342.791s][info ][safepoint     ] Application time: 9.0023246 seconds
[2023-11-09T11:07:49.311+0000][342.792s][info ][safepoint     ] Entering safepoint region: Cleanup
[2023-11-09T11:07:49.312+0000][342.793s][info ][safepoint     ] Leaving safepoint region
[2023-11-09T11:07:49.313+0000][342.793s][info ][safepoint     ] Total time for which application threads were stopped: 0.0014054 seconds, Stopping threads took: 0.0005793 seconds
[2023-11-09T11:07:50.314+0000][343.794s][debug][safepoint     ] Safepoint synchronization initiated. (162 threads)
[2023-11-09T11:07:50.314+0000][343.795s][info ][safepoint     ] Application time: 1.0009241 seconds
[2023-11-09T11:07:50.315+0000][343.795s][info ][safepoint     ] Entering safepoint region: Cleanup
[2023-11-09T11:07:50.316+0000][343.796s][info ][safepoint     ] Leaving safepoint region
[2023-11-09T11:07:50.316+0000][343.797s][info ][safepoint     ] Total time for which application threads were stopped: 0.0013216 seconds, Stopping threads took: 0.0005824 seconds
[2023-11-09T11:07:53.317+0000][346.798s][debug][safepoint     ] Safepoint synchronization initiated. (161 threads)
[2023-11-09T11:07:53.318+0000][346.798s][info ][safepoint     ] Application time: 3.0013335 seconds
[2023-11-09T11:07:53.318+0000][346.799s][info ][safepoint     ] Entering safepoint region: Cleanup
[2023-11-09T11:07:53.319+0000][346.800s][info ][safepoint     ] Leaving safepoint region
[2023-11-09T11:07:53.320+0000][346.800s][info ][safepoint     ] Total time for which application threads were stopped: 0.0011838 seconds, Stopping threads took: 0.0004968 seconds
[2023-11-09T11:07:54.320+0000][347.801s][debug][safepoint     ] Safepoint synchronization initiated. (161 threads)
[2023-11-09T11:07:54.321+0000][347.802s][info ][safepoint     ] Application time: 1.0009938 seconds
[2023-11-09T11:07:54.322+0000][347.802s][info ][safepoint     ] Entering safepoint region: Cleanup
[2023-11-09T11:07:54.322+0000][347.803s][info ][safepoint     ] Leaving safepoint region
[2023-11-09T11:07:54.323+0000][347.803s][info ][safepoint     ] Total time for which application threads were stopped: 0.0011555 seconds, Stopping threads took: 0.0004600 seconds
[2023-11-09T11:08:10.326+0000][363.807s][debug][safepoint     ] Safepoint synchronization initiated. (161 threads)
[2023-11-09T11:08:10.327+0000][363.808s][info ][safepoint     ] Application time: 16.0040451 seconds
[2023-11-09T11:08:10.328+0000][363.808s][info ][safepoint     ] Entering safepoint region: Cleanup
[2023-11-09T11:08:10.328+0000][363.809s][info ][safepoint     ] Leaving safepoint region
[2023-11-09T11:08:10.329+0000][363.810s][info ][safepoint     ] Total time for which application threads were stopped: 0.0013064 seconds, Stopping threads took: 0.0005988 seconds
[2023-11-09T11:08:28.333+0000][381.814s][debug][safepoint     ] Safepoint synchronization initiated. (161 threads)
[2023-11-09T11:08:28.334+0000][381.814s][info ][safepoint     ] Application time: 18.0044425 seconds
[2023-11-09T11:08:28.334+0000][381.815s][info ][safepoint     ] Entering safepoint region: Cleanup
[2023-11-09T11:08:28.335+0000][381.816s][info ][safepoint     ] Leaving safepoint region
[2023-11-09T11:08:28.336+0000][381.817s][info ][safepoint     ] Total time for which application threads were stopped: 0.0015728 seconds, Stopping threads took: 0.0006919 seconds
[2023-11-09T11:08:54.342+0000][407.823s][debug][safepoint     ] Safepoint synchronization initiated. (161 threads)
[2023-11-09T11:08:54.343+0000][407.823s][info ][safepoint     ] Application time: 26.0063587 seconds
[2023-11-09T11:08:54.343+0000][407.824s][info ][safepoint     ] Entering safepoint region: Cleanup
[2023-11-09T11:08:54.344+0000][407.825s][info ][safepoint     ] Leaving safepoint region
[2023-11-09T11:08:54.345+0000][407.826s][info ][safepoint     ] Total time for which application threads were stopped: 0.0014930 seconds, Stopping threads took: 0.0007206 seconds
[2023-11-09T11:09:04.203+0000][417.683s][debug][safepoint     ] Safepoint synchronization initiated. (161 threads)
[2023-11-09T11:09:04.203+0000][417.684s][info ][safepoint     ] Application time: 9.8577541 seconds
[2023-11-09T11:09:04.204+0000][417.684s][info ][safepoint     ] Entering safepoint region: Deoptimize
[2023-11-09T11:09:04.209+0000][417.690s][info ][safepoint     ] Leaving safepoint region
[2023-11-09T11:09:04.210+0000][417.691s][info ][safepoint     ] Total time for which application threads were stopped: 0.0061019 seconds, Stopping threads took: 0.0004661 seconds
[2023-11-09T11:09:04.238+0000][417.719s][debug][safepoint     ] Safepoint synchronization initiated. (161 threads)
[2023-11-09T11:09:04.239+0000][417.719s][info ][safepoint     ] Application time: 0.0282736 seconds
[2023-11-09T11:09:04.239+0000][417.720s][info ][safepoint     ] Entering safepoint region: Deoptimize
[2023-11-09T11:09:04.241+0000][417.722s][info ][safepoint     ] Leaving safepoint region
[2023-11-09T11:09:04.242+0000][417.722s][info ][safepoint     ] Total time for which application threads were stopped: 0.0026712 seconds, Stopping threads took: 0.0003769 seconds
[2023-11-09T11:09:04.277+0000][417.757s][debug][safepoint     ] Safepoint synchronization initiated. (161 threads)
[2023-11-09T11:09:04.277+0000][417.758s][info ][safepoint     ] Application time: 0.0353565 seconds
[2023-11-09T11:09:04.278+0000][417.758s][info ][safepoint     ] Entering safepoint region: Deoptimize
[2023-11-09T11:09:04.280+0000][417.760s][info ][safepoint     ] Leaving safepoint region
[2023-11-09T11:09:04.280+0000][417.761s][info ][safepoint     ] Total time for which application threads were stopped: 0.0025861 seconds, Stopping threads took: 0.0003807 seconds
[2023-11-09T11:09:04.295+0000][417.775s][debug][safepoint     ] Safepoint synchronization initiated. (161 threads)
[2023-11-09T11:09:04.295+0000][417.776s][info ][safepoint     ] Application time: 0.0147397 seconds
[2023-11-09T11:09:04.296+0000][417.777s][info ][safepoint     ] Entering safepoint region: Deoptimize
[2023-11-09T11:09:04.298+0000][417.779s][info ][safepoint     ] Leaving safepoint region
[2023-11-09T11:09:04.299+0000][417.780s][info ][safepoint     ] Total time for which application threads were stopped: 0.0031144 seconds, Stopping threads took: 0.0004848 seconds
[2023-11-09T11:09:04.400+0000][417.880s][debug][safepoint     ] Safepoint synchronization initiated. (163 threads)
[2023-11-09T11:09:04.400+0000][417.881s][info ][safepoint     ] Application time: 0.1008776 seconds
[2023-11-09T11:09:04.401+0000][417.881s][info ][safepoint     ] Entering safepoint region: Deoptimize
[2023-11-09T11:09:04.403+0000][417.884s][info ][safepoint     ] Leaving safepoint region
[2023-11-09T11:09:04.403+0000][417.884s][info ][safepoint     ] Total time for which application threads were stopped: 0.0027355 seconds, Stopping threads took: 0.0004199 seconds
[2023-11-09T11:09:04.433+0000][417.913s][debug][safepoint     ] Safepoint synchronization initiated. (163 threads)
[2023-11-09T11:09:04.433+0000][417.914s][info ][safepoint     ] Application time: 0.0291495 seconds
[2023-11-09T11:09:04.434+0000][417.914s][info ][safepoint     ] Entering safepoint region: G1CollectForAllocation
[2023-11-09T11:09:04.434+0000][417.915s][info ][gc,start      ] GC(64) Pause Young (Normal) (G1 Evacuation Pause)
[2023-11-09T11:09:04.434+0000][417.915s][info ][gc,task       ] GC(64) Using 8 workers of 8 for evacuation
[2023-11-09T11:09:04.444+0000][417.925s][info ][gc,phases     ] GC(64)   Pre Evacuate Collection Set: 0.1ms
[2023-11-09T11:09:04.445+0000][417.925s][info ][gc,phases     ] GC(64)   Evacuate Collection Set: 6.1ms
[2023-11-09T11:09:04.445+0000][417.926s][info ][gc,phases     ] GC(64)   Post Evacuate Collection Set: 3.1ms
[2023-11-09T11:09:04.446+0000][417.927s][info ][gc,phases     ] GC(64)   Other: 0.9ms
[2023-11-09T11:09:04.447+0000][417.927s][info ][gc,heap       ] GC(64) Eden regions: 189->0(189)
[2023-11-09T11:09:04.447+0000][417.928s][info ][gc,heap       ] GC(64) Survivor regions: 14->14(26)
[2023-11-09T11:09:04.448+0000][417.928s][info ][gc,heap       ] GC(64) Old regions: 138->138
[2023-11-09T11:09:04.448+0000][417.929s][info ][gc,heap       ] GC(64) Humongous regions: 0->0
[2023-11-09T11:09:04.449+0000][417.929s][info ][gc,metaspace  ] GC(64) Metaspace: 155463K(160464K)->155463K(160464K) NonClass: 137185K(140240K)->137185K(140240K) Class: 18277K(20224K)->18277K(20224K)
[2023-11-09T11:09:04.449+0000][417.930s][info ][gc            ] GC(64) Pause Young (Normal) (G1 Evacuation Pause) 338M->149M(395M) 15.036ms
[2023-11-09T11:09:04.450+0000][417.930s][info ][gc,cpu        ] GC(64) User=0.06s Sys=0.00s Real=0.02s
[2023-11-09T11:09:04.450+0000][417.931s][info ][safepoint     ] Leaving safepoint region
[2023-11-09T11:09:04.451+0000][417.931s][info ][safepoint     ] Total time for which application threads were stopped: 0.0170477 seconds, Stopping threads took: 0.0004127 seconds
[2023-11-09T11:09:04.451+0000][417.932s][info ][gc,stringdedup] Concurrent String Deduplication (417.932s)
[2023-11-09T11:09:04.453+0000][417.934s][info ][gc,stringdedup] Concurrent String Deduplication 282.0K->155.4K(126.6K) avg 54.3% (417.932s, 417.934s) 2.396ms
[2023-11-09T11:09:04.951+0000][418.431s][debug][safepoint     ] Safepoint synchronization initiated. (163 threads)
[2023-11-09T11:09:04.951+0000][418.432s][info ][safepoint     ] Application time: 0.5005145 seconds
[2023-11-09T11:09:04.952+0000][418.433s][info ][safepoint     ] Entering safepoint region: Deoptimize
[2023-11-09T11:09:04.956+0000][418.436s][info ][safepoint     ] Leaving safepoint region
[2023-11-09T11:09:04.956+0000][418.437s][info ][safepoint     ] Total time for which application threads were stopped: 0.0043662 seconds, Stopping threads took: 0.0004905 seconds
[2023-11-09T11:09:05.127+0000][418.608s][debug][safepoint     ] Safepoint synchronization initiated. (163 threads)
[2023-11-09T11:09:05.128+0000][418.608s][info ][safepoint     ] Application time: 0.1703570 seconds
[2023-11-09T11:09:05.128+0000][418.609s][info ][safepoint     ] Entering safepoint region: Deoptimize
[2023-11-09T11:09:05.131+0000][418.612s][info ][safepoint     ] Leaving safepoint region
[2023-11-09T11:09:05.131+0000][418.612s][info ][safepoint     ] Total time for which application threads were stopped: 0.0031414 seconds, Stopping threads took: 0.0005726 seconds
[2023-11-09T11:09:05.750+0000][419.230s][debug][safepoint     ] Safepoint synchronization initiated. (162 threads)
[2023-11-09T11:09:05.750+0000][419.231s][info ][safepoint     ] Application time: 0.6188628 seconds
[2023-11-09T11:09:05.751+0000][419.232s][debug][safepoint     ] Waiting for 1 thread(s) to block
[2023-11-09T11:09:05.751+0000][419.232s][info ][safepoint     ] Entering safepoint region: ICBufferFull
[2023-11-09T11:09:05.752+0000][419.233s][info ][safepoint     ] Leaving safepoint region
[2023-11-09T11:09:05.753+0000][419.233s][info ][safepoint     ] Total time for which application threads were stopped: 0.0017299 seconds, Stopping threads took: 0.0009702 seconds
[2023-11-09T11:09:05.776+0000][419.257s][debug][safepoint     ] Safepoint synchronization initiated. (163 threads)
[2023-11-09T11:09:05.776+0000][419.257s][info ][safepoint     ] Application time: 0.0233579 seconds
[2023-11-09T11:09:05.777+0000][419.257s][debug][safepoint     ] ... found polling page loop exception at pc = 0x00007fb4f0d56ad2, stub =0x00007fb4e8843680
[2023-11-09T11:09:05.777+0000][419.258s][debug][safepoint     ] Waiting for 1 thread(s) to block
[2023-11-09T11:09:05.778+0000][419.258s][info ][safepoint     ] Entering safepoint region: Deoptimize
[2023-11-09T11:09:05.781+0000][419.261s][info ][safepoint     ] Leaving safepoint region
[2023-11-09T11:09:05.781+0000][419.262s][info ][safepoint     ] Total time for which application threads were stopped: 0.0042247 seconds, Stopping threads took: 0.0013296 seconds
[2023-11-09T11:09:05.865+0000][419.346s][debug][safepoint     ] Safepoint synchronization initiated. (163 threads)
[2023-11-09T11:09:05.866+0000][419.347s][info ][safepoint     ] Application time: 0.0851774 seconds
[2023-11-09T11:09:05.867+0000][419.348s][debug][safepoint     ] Waiting for 1 thread(s) to block
[2023-11-09T11:09:05.868+0000][419.348s][info ][safepoint     ] Entering safepoint region: G1CollectForAllocation
[2023-11-09T11:09:05.868+0000][419.349s][info ][gc,start      ] GC(65) Pause Young (Normal) (G1 Evacuation Pause)
[2023-11-09T11:09:05.869+0000][419.349s][info ][gc,task       ] GC(65) Using 8 workers of 8 for evacuation
[2023-11-09T11:09:05.886+0000][419.366s][info ][gc,phases     ] GC(65)   Pre Evacuate Collection Set: 0.0ms
[2023-11-09T11:09:05.886+0000][419.367s][info ][gc,phases     ] GC(65)   Evacuate Collection Set: 12.2ms
[2023-11-09T11:09:05.887+0000][419.368s][info ][gc,phases     ] GC(65)   Post Evacuate Collection Set: 4.2ms
[2023-11-09T11:09:05.887+0000][419.368s][info ][gc,phases     ] GC(65)   Other: 1.2ms
[2023-11-09T11:09:05.888+0000][419.368s][info ][gc,heap       ] GC(65) Eden regions: 189->0(183)
[2023-11-09T11:09:05.888+0000][419.369s][info ][gc,heap       ] GC(65) Survivor regions: 14->17(26)
[2023-11-09T11:09:05.888+0000][419.369s][info ][gc,heap       ] GC(65) Old regions: 138->138
[2023-11-09T11:09:05.889+0000][419.369s][info ][gc,heap       ] GC(65) Humongous regions: 0->0
[2023-11-09T11:09:05.889+0000][419.370s][info ][gc,metaspace  ] GC(65) Metaspace: 158285K(163408K)->158285K(163408K) NonClass: 139712K(142800K)->139712K(142800K) Class: 18573K(20608K)->18573K(20608K)
[2023-11-09T11:09:05.889+0000][419.370s][info ][gc            ] GC(65) Pause Young (Normal) (G1 Evacuation Pause) 338M->152M(395M) 21.262ms
[2023-11-09T11:09:05.890+0000][419.370s][info ][gc,cpu        ] GC(65) User=0.11s Sys=0.00s Real=0.02s
[2023-11-09T11:09:05.890+0000][419.371s][info ][safepoint     ] Leaving safepoint region
[2023-11-09T11:09:05.891+0000][419.371s][info ][safepoint     ] Total time for which application threads were stopped: 0.0235756 seconds, Stopping threads took: 0.0009342 seconds
[2023-11-09T11:09:05.891+0000][419.372s][info ][gc,stringdedup] Concurrent String Deduplication (419.372s)
[2023-11-09T11:09:05.892+0000][419.373s][info ][gc,stringdedup] Concurrent String Deduplication 16368.0B->12176.0B(4192.0B) avg 54.3% (419.372s, 419.373s) 0.952ms
[2023-11-09T11:09:06.786+0000][420.266s][debug][safepoint     ] Safepoint synchronization initiated. (164 threads)
[2023-11-09T11:09:06.786+0000][420.267s][info ][safepoint     ] Application time: 0.8951534 seconds
[2023-11-09T11:09:06.787+0000][420.267s][info ][safepoint     ] Entering safepoint region: Deoptimize
[2023-11-09T11:09:06.790+0000][420.271s][info ][safepoint     ] Leaving safepoint region
[2023-11-09T11:09:06.790+0000][420.271s][info ][safepoint     ] Total time for which application threads were stopped: 0.0037953 seconds, Stopping threads took: 0.0005122 seconds
[2023-11-09T11:09:07.791+0000][421.272s][debug][safepoint     ] Safepoint synchronization initiated. (167 threads)
[2023-11-09T11:09:07.792+0000][421.273s][info ][safepoint     ] Application time: 1.0012600 seconds
[2023-11-09T11:09:07.793+0000][421.273s][info ][safepoint     ] Entering safepoint region: Cleanup
[2023-11-09T11:09:07.794+0000][421.275s][info ][safepoint     ] Leaving safepoint region
[2023-11-09T11:09:07.795+0000][421.275s][info ][safepoint     ] Total time for which application threads were stopped: 0.0020217 seconds, Stopping threads took: 0.0008291 seconds
[2023-11-09T11:09:10.796+0000][424.277s][debug][safepoint     ] Safepoint synchronization initiated. (169 threads)
[2023-11-09T11:09:10.797+0000][424.278s][info ][safepoint     ] Application time: 3.0017752 seconds
[2023-11-09T11:09:10.798+0000][424.279s][info ][safepoint     ] Entering safepoint region: Cleanup
[2023-11-09T11:09:10.799+0000][424.280s][info ][safepoint     ] Leaving safepoint region
[2023-11-09T11:09:10.800+0000][424.280s][info ][safepoint     ] Total time for which application threads were stopped: 0.0017029 seconds, Stopping threads took: 0.0007369 seconds
[2023-11-09T11:09:11.801+0000][425.281s][debug][safepoint     ] Safepoint synchronization initiated. (168 threads)
[2023-11-09T11:09:11.801+0000][425.282s][info ][safepoint     ] Application time: 1.0010843 seconds
[2023-11-09T11:09:11.802+0000][425.283s][info ][safepoint     ] Entering safepoint region: Cleanup
[2023-11-09T11:09:11.803+0000][425.283s][info ][safepoint     ] Leaving safepoint region
[2023-11-09T11:09:11.803+0000][425.284s][info ][safepoint     ] Total time for which application threads were stopped: 0.0011737 seconds, Stopping threads took: 0.0005251 seconds
[2023-11-09T11:09:14.804+0000][428.285s][debug][safepoint     ] Safepoint synchronization initiated. (168 threads)
[2023-11-09T11:09:14.805+0000][428.286s][info ][safepoint     ] Application time: 3.0016399 seconds
[2023-11-09T11:09:14.806+0000][428.286s][info ][safepoint     ] Entering safepoint region: Cleanup
[2023-11-09T11:09:14.806+0000][428.287s][info ][safepoint     ] Leaving safepoint region
[2023-11-09T11:09:14.807+0000][428.288s][info ][safepoint     ] Total time for which application threads were stopped: 0.0011913 seconds, Stopping threads took: 0.0005517 seconds
[2023-11-09T11:09:14.807+0000][428.287s][debug][safepoint     ] ... found polling page return exception at pc = 0x00007fb4f0d6dc84, stub =0x00007fb4e8840600
[2023-11-09T11:09:14.807+0000][428.287s][debug][safepoint     ] ... found polling page return exception at pc = 0x00007fb4f0d6dc84, stub =0x00007fb4e8840600
[2023-11-09T11:09:14.807+0000][428.287s][debug][safepoint     ] ... found polling page return exception at pc = 0x00007fb4f0d6dc84, stub =0x00007fb4e8840600
[2023-11-09T11:09:14.807+0000][428.287s][debug][safepoint     ] ... found polling page return exception at pc = 0x00007fb4f0d6dc84, stub =0x00007fb4e8840600
[2023-11-09T11:09:14.807+0000][428.287s][debug][safepoint     ] ... found polling page return exception at pc = 0x00007fb4f0d6dc84, stub =0x00007fb4e8840600
[2023-11-09T11:09:15.808+0000][429.288s][debug][safepoint     ] Safepoint synchronization initiated. (168 threads)
[2023-11-09T11:09:15.809+0000][429.289s][info ][safepoint     ] Application time: 1.0013535 seconds
[2023-11-09T11:09:15.810+0000][429.291s][info ][safepoint     ] Entering safepoint region: Cleanup
[2023-11-09T11:09:15.812+0000][429.292s][info ][safepoint     ] Leaving safepoint region
[2023-11-09T11:09:15.812+0000][429.293s][info ][safepoint     ] Total time for which application threads were stopped: 0.0024125 seconds, Stopping threads took: 0.0011878 seconds
[2023-11-09T11:09:16.813+0000][430.294s][debug][safepoint     ] Safepoint synchronization initiated. (168 threads)
[2023-11-09T11:09:16.814+0000][430.295s][info ][safepoint     ] Application time: 1.0011095 seconds
[2023-11-09T11:09:16.815+0000][430.296s][info ][safepoint     ] Entering safepoint region: Cleanup
[2023-11-09T11:09:16.816+0000][430.297s][info ][safepoint     ] Leaving safepoint region
[2023-11-09T11:09:16.817+0000][430.297s][info ][safepoint     ] Total time for which application threads were stopped: 0.0017636 seconds, Stopping threads took: 0.0007540 seconds
[2023-11-09T11:09:20.818+0000][434.299s][debug][safepoint     ] Safepoint synchronization initiated. (168 threads)
[2023-11-09T11:09:20.819+0000][434.300s][info ][safepoint     ] Application time: 4.0015279 seconds
[2023-11-09T11:09:20.820+0000][434.300s][info ][safepoint     ] Entering safepoint region: Cleanup
[2023-11-09T11:09:20.821+0000][434.302s][info ][safepoint     ] Leaving safepoint region
[2023-11-09T11:09:20.822+0000][434.302s][info ][safepoint     ] Total time for which application threads were stopped: 0.0020177 seconds, Stopping threads took: 0.0008391 seconds
[2023-11-09T11:09:21.823+0000][435.303s][debug][safepoint     ] Safepoint synchronization initiated. (168 threads)
[2023-11-09T11:09:21.823+0000][435.304s][info ][safepoint     ] Application time: 1.0008961 seconds
[2023-11-09T11:09:21.824+0000][435.305s][info ][safepoint     ] Entering safepoint region: Cleanup
[2023-11-09T11:09:21.825+0000][435.305s][info ][safepoint     ] Leaving safepoint region
[2023-11-09T11:09:21.825+0000][435.306s][info ][safepoint     ] Total time for which application threads were stopped: 0.0011080 seconds, Stopping threads took: 0.0005468 seconds
[2023-11-09T11:09:22.826+0000][436.306s][debug][safepoint     ] Safepoint synchronization initiated. (168 threads)
[2023-11-09T11:09:22.827+0000][436.307s][info ][safepoint     ] Application time: 1.0012109 seconds
[2023-11-09T11:09:22.827+0000][436.308s][info ][safepoint     ] Entering safepoint region: Cleanup
[2023-11-09T11:09:22.828+0000][436.309s][info ][safepoint     ] Leaving safepoint region
[2023-11-09T11:09:22.829+0000][436.310s][info ][safepoint     ] Total time for which application threads were stopped: 0.0017990 seconds, Stopping threads took: 0.0008097 seconds
[2023-11-09T11:09:23.830+0000][437.311s][debug][safepoint     ] Safepoint synchronization initiated. (168 threads)
[2023-11-09T11:09:23.831+0000][437.311s][info ][safepoint     ] Application time: 1.0007375 seconds
[2023-11-09T11:09:23.831+0000][437.312s][info ][safepoint     ] Entering safepoint region: Cleanup
[2023-11-09T11:09:23.832+0000][437.313s][info ][safepoint     ] Leaving safepoint region
[2023-11-09T11:09:23.833+0000][437.313s][info ][safepoint     ] Total time for which application threads were stopped: 0.0012510 seconds, Stopping threads took: 0.0006153 seconds
[2023-11-09T11:09:24.834+0000][438.314s][debug][safepoint     ] Safepoint synchronization initiated. (168 threads)
[2023-11-09T11:09:24.835+0000][438.315s][info ][safepoint     ] Application time: 1.0013817 seconds
[2023-11-09T11:09:24.835+0000][438.316s][info ][safepoint     ] Entering safepoint region: Cleanup
[2023-11-09T11:09:24.837+0000][438.317s][info ][safepoint     ] Leaving safepoint region
[2023-11-09T11:09:24.838+0000][438.318s][info ][safepoint     ] Total time for which application threads were stopped: 0.0021980 seconds, Stopping threads took: 0.0008872 seconds
[2023-11-09T11:09:25.839+0000][439.319s][debug][safepoint     ] Safepoint synchronization initiated. (168 threads)
[2023-11-09T11:09:25.840+0000][439.320s][info ][safepoint     ] Application time: 1.0014509 seconds
[2023-11-09T11:09:25.840+0000][439.321s][info ][safepoint     ] Entering safepoint region: Cleanup
[2023-11-09T11:09:25.842+0000][439.322s][info ][safepoint     ] Leaving safepoint region
[2023-11-09T11:09:25.842+0000][439.323s][info ][safepoint     ] Total time for which application threads were stopped: 0.0018657 seconds, Stopping threads took: 0.0007928 seconds
[2023-11-09T11:09:26.843+0000][440.324s][debug][safepoint     ] Safepoint synchronization initiated. (168 threads)
[2023-11-09T11:09:26.844+0000][440.325s][info ][safepoint     ] Application time: 1.0012501 seconds
[2023-11-09T11:09:26.845+0000][440.326s][info ][safepoint     ] Entering safepoint region: Cleanup
[2023-11-09T11:09:26.846+0000][440.326s][info ][safepoint     ] Leaving safepoint region
[2023-11-09T11:09:26.846+0000][440.327s][info ][safepoint     ] Total time for which application threads were stopped: 0.0014877 seconds, Stopping threads took: 0.0006215 seconds
[2023-11-09T11:09:27.847+0000][441.328s][debug][safepoint     ] Safepoint synchronization initiated. (168 threads)
[2023-11-09T11:09:27.848+0000][441.329s][info ][safepoint     ] Application time: 1.0011476 seconds
[2023-11-09T11:09:27.849+0000][441.330s][info ][safepoint     ] Entering safepoint region: Cleanup
[2023-11-09T11:09:27.850+0000][441.331s][info ][safepoint     ] Leaving safepoint region
[2023-11-09T11:09:27.851+0000][441.331s][info ][safepoint     ] Total time for which application threads were stopped: 0.0019562 seconds, Stopping threads took: 0.0008913 seconds
[2023-11-09T11:09:28.852+0000][442.333s][debug][safepoint     ] Safepoint synchronization initiated. (168 threads)
[2023-11-09T11:09:28.853+0000][442.334s][info ][safepoint     ] Application time: 1.0014102 seconds
[2023-11-09T11:09:28.854+0000][442.335s][info ][safepoint     ] Entering safepoint region: Cleanup
[2023-11-09T11:09:28.856+0000][442.336s][info ][safepoint     ] Leaving safepoint region
[2023-11-09T11:09:28.856+0000][442.337s][info ][safepoint     ] Total time for which application threads were stopped: 0.0022924 seconds, Stopping threads took: 0.0010680 seconds
[2023-11-09T11:09:29.857+0000][443.338s][debug][safepoint     ] Safepoint synchronization initiated. (168 threads)
[2023-11-09T11:09:29.859+0000][443.339s][info ][safepoint     ] Application time: 1.0014811 seconds
[2023-11-09T11:09:29.860+0000][443.340s][info ][safepoint     ] Entering safepoint region: Cleanup
[2023-11-09T11:09:29.861+0000][443.341s][info ][safepoint     ] Leaving safepoint region
[2023-11-09T11:09:29.862+0000][443.342s][info ][safepoint     ] Total time for which application threads were stopped: 0.0019500 seconds, Stopping threads took: 0.0008638 seconds
[2023-11-09T11:09:30.863+0000][444.343s][debug][safepoint     ] Safepoint synchronization initiated. (168 threads)
[2023-11-09T11:09:30.864+0000][444.344s][info ][safepoint     ] Application time: 1.0013373 seconds
[2023-11-09T11:09:30.865+0000][444.345s][info ][safepoint     ] Entering safepoint region: Cleanup
[2023-11-09T11:09:30.866+0000][444.347s][info ][safepoint     ] Leaving safepoint region
[2023-11-09T11:09:30.867+0000][444.347s][info ][safepoint     ] Total time for which application threads were stopped: 0.0020388 seconds, Stopping threads took: 0.0009420 seconds
[2023-11-09T11:09:31.868+0000][445.348s][debug][safepoint     ] Safepoint synchronization initiated. (168 threads)
[2023-11-09T11:09:31.869+0000][445.350s][info ][safepoint     ] Application time: 1.0014468 seconds
[2023-11-09T11:09:31.870+0000][445.351s][info ][safepoint     ] Entering safepoint region: Cleanup
[2023-11-09T11:09:31.871+0000][445.352s][info ][safepoint     ] Leaving safepoint region
[2023-11-09T11:09:31.872+0000][445.353s][info ][safepoint     ] Total time for which application threads were stopped: 0.0023777 seconds, Stopping threads took: 0.0010165 seconds
[2023-11-09T11:09:32.873+0000][446.354s][debug][safepoint     ] Safepoint synchronization initiated. (168 threads)
[2023-11-09T11:09:32.874+0000][446.355s][info ][safepoint     ] Application time: 1.0014113 seconds
[2023-11-09T11:09:32.875+0000][446.356s][info ][safepoint     ] Entering safepoint region: Cleanup
[2023-11-09T11:09:32.876+0000][446.357s][info ][safepoint     ] Leaving safepoint region
[2023-11-09T11:09:32.877+0000][446.358s][info ][safepoint     ] Total time for which application threads were stopped: 0.0016911 seconds, Stopping threads took: 0.0006733 seconds
[2023-11-09T11:09:33.878+0000][447.358s][debug][safepoint     ] Safepoint synchronization initiated. (168 threads)
[2023-11-09T11:09:33.879+0000][447.359s][info ][safepoint     ] Application time: 1.0013500 seconds
[2023-11-09T11:09:33.880+0000][447.360s][info ][safepoint     ] Entering safepoint region: Cleanup
[2023-11-09T11:09:33.881+0000][447.361s][info ][safepoint     ] Leaving safepoint region
[2023-11-09T11:09:33.882+0000][447.362s][info ][safepoint     ] Total time for which application threads were stopped: 0.0020050 seconds, Stopping threads took: 0.0008517 seconds
[2023-11-09T11:09:34.883+0000][448.363s][debug][safepoint     ] Safepoint synchronization initiated. (168 threads)
[2023-11-09T11:09:34.884+0000][448.364s][info ][safepoint     ] Application time: 1.0011892 seconds
[2023-11-09T11:09:34.885+0000][448.365s][info ][safepoint     ] Entering safepoint region: Cleanup
[2023-11-09T11:09:34.886+0000][448.366s][info ][safepoint     ] Leaving safepoint region
[2023-11-09T11:09:34.886+0000][448.367s][info ][safepoint     ] Total time for which application threads were stopped: 0.0019127 seconds, Stopping threads took: 0.0008393 seconds
[2023-11-09T11:09:35.887+0000][449.368s][debug][safepoint     ] Safepoint synchronization initiated. (168 threads)
[2023-11-09T11:09:35.888+0000][449.369s][info ][safepoint     ] Application time: 1.0012191 seconds
[2023-11-09T11:09:35.889+0000][449.370s][info ][safepoint     ] Entering safepoint region: Cleanup
[2023-11-09T11:09:35.890+0000][449.371s][info ][safepoint     ] Leaving safepoint region
[2023-11-09T11:09:35.891+0000][449.372s][info ][safepoint     ] Total time for which application threads were stopped: 0.0017959 seconds, Stopping threads took: 0.0007169 seconds
[2023-11-09T11:09:36.892+0000][450.373s][debug][safepoint     ] Safepoint synchronization initiated. (168 threads)
[2023-11-09T11:09:36.893+0000][450.373s][info ][safepoint     ] Application time: 1.0009603 seconds
[2023-11-09T11:09:36.893+0000][450.374s][info ][safepoint     ] Entering safepoint region: Cleanup
[2023-11-09T11:09:36.894+0000][450.375s][info ][safepoint     ] Leaving safepoint region
[2023-11-09T11:09:36.895+0000][450.375s][info ][safepoint     ] Total time for which application threads were stopped: 0.0014143 seconds, Stopping threads took: 0.0006704 seconds
[2023-11-09T11:09:37.895+0000][451.376s][debug][safepoint     ] Safepoint synchronization initiated. (168 threads)
[2023-11-09T11:09:37.896+0000][451.377s][info ][safepoint     ] Application time: 1.0011915 seconds
[2023-11-09T11:09:37.897+0000][451.378s][info ][safepoint     ] Entering safepoint region: Cleanup
[2023-11-09T11:09:37.898+0000][451.378s][info ][safepoint     ] Leaving safepoint region
[2023-11-09T11:09:37.898+0000][451.379s][info ][safepoint     ] Total time for which application threads were stopped: 0.0012000 seconds, Stopping threads took: 0.0004888 seconds
[2023-11-09T11:09:38.899+0000][452.380s][debug][safepoint     ] Safepoint synchronization initiated. (168 threads)
[2023-11-09T11:09:38.900+0000][452.381s][info ][safepoint     ] Application time: 1.0013735 seconds
[2023-11-09T11:09:38.901+0000][452.382s][info ][safepoint     ] Entering safepoint region: Cleanup
[2023-11-09T11:09:38.902+0000][452.383s][info ][safepoint     ] Leaving safepoint region
[2023-11-09T11:09:38.903+0000][452.383s][info ][safepoint     ] Total time for which application threads were stopped: 0.0018224 seconds, Stopping threads took: 0.0007716 seconds
[2023-11-09T11:09:39.903+0000][453.384s][debug][safepoint     ] Safepoint synchronization initiated. (168 threads)
[2023-11-09T11:09:39.904+0000][453.385s][info ][safepoint     ] Application time: 1.0013293 seconds
[2023-11-09T11:09:39.905+0000][453.386s][info ][safepoint     ] Entering safepoint region: Cleanup
[2023-11-09T11:09:39.907+0000][453.388s][info ][safepoint     ] Leaving safepoint region
[2023-11-09T11:09:39.908+0000][453.388s][info ][safepoint     ] Total time for which application threads were stopped: 0.0022385 seconds, Stopping threads took: 0.0010118 seconds
[2023-11-09T11:09:40.909+0000][454.389s][debug][safepoint     ] Safepoint synchronization initiated. (168 threads)
[2023-11-09T11:09:40.909+0000][454.390s][info ][safepoint     ] Application time: 1.0007957 seconds
[2023-11-09T11:09:40.910+0000][454.391s][info ][safepoint     ] Entering safepoint region: Cleanup
[2023-11-09T11:09:40.911+0000][454.391s][info ][safepoint     ] Leaving safepoint region
[2023-11-09T11:09:40.911+0000][454.392s][info ][safepoint     ] Total time for which application threads were stopped: 0.0013047 seconds, Stopping threads took: 0.0006647 seconds
[2023-11-09T11:09:41.912+0000][455.393s][debug][safepoint     ] Safepoint synchronization initiated. (168 threads)
[2023-11-09T11:09:41.913+0000][455.393s][info ][safepoint     ] Application time: 1.0010371 seconds
[2023-11-09T11:09:41.913+0000][455.394s][info ][safepoint     ] Entering safepoint region: Cleanup
[2023-11-09T11:09:41.914+0000][455.395s][info ][safepoint     ] Leaving safepoint region
[2023-11-09T11:09:41.915+0000][455.395s][info ][safepoint     ] Total time for which application threads were stopped: 0.0014581 seconds, Stopping threads took: 0.0006380 seconds
[2023-11-09T11:09:42.916+0000][456.396s][debug][safepoint     ] Safepoint synchronization initiated. (168 threads)
[2023-11-09T11:09:42.917+0000][456.397s][info ][safepoint     ] Application time: 1.0013344 seconds
[2023-11-09T11:09:42.918+0000][456.398s][info ][safepoint     ] Entering safepoint region: Cleanup
[2023-11-09T11:09:42.919+0000][456.400s][info ][safepoint     ] Leaving safepoint region
[2023-11-09T11:09:42.920+0000][456.400s][info ][safepoint     ] Total time for which application threads were stopped: 0.0020355 seconds, Stopping threads took: 0.0007603 seconds
[2023-11-09T11:09:43.921+0000][457.401s][debug][safepoint     ] Safepoint synchronization initiated. (168 threads)
[2023-11-09T11:09:43.922+0000][457.403s][info ][safepoint     ] Application time: 1.0015262 seconds
[2023-11-09T11:09:43.923+0000][457.404s][info ][safepoint     ] Entering safepoint region: Cleanup
[2023-11-09T11:09:43.924+0000][457.405s][info ][safepoint     ] Leaving safepoint region
[2023-11-09T11:09:43.925+0000][457.406s][info ][safepoint     ] Total time for which application threads were stopped: 0.0023730 seconds, Stopping threads took: 0.0010784 seconds
[2023-11-09T11:09:44.926+0000][458.407s][debug][safepoint     ] Safepoint synchronization initiated. (168 threads)
[2023-11-09T11:09:44.927+0000][458.408s][info ][safepoint     ] Application time: 1.0011932 seconds
[2023-11-09T11:09:44.928+0000][458.408s][info ][safepoint     ] Entering safepoint region: Cleanup
[2023-11-09T11:09:44.928+0000][458.409s][info ][safepoint     ] Leaving safepoint region
[2023-11-09T11:09:44.929+0000][458.410s][info ][safepoint     ] Total time for which application threads were stopped: 0.0012148 seconds, Stopping threads took: 0.0005314 seconds
[2023-11-09T11:09:45.930+0000][459.410s][debug][safepoint     ] Safepoint synchronization initiated. (168 threads)
[2023-11-09T11:09:45.931+0000][459.412s][info ][safepoint     ] Application time: 1.0014904 seconds
[2023-11-09T11:09:45.932+0000][459.413s][info ][safepoint     ] Entering safepoint region: Cleanup
[2023-11-09T11:09:45.933+0000][459.414s][info ][safepoint     ] Leaving safepoint region
[2023-11-09T11:09:45.934+0000][459.415s][info ][safepoint     ] Total time for which application threads were stopped: 0.0021467 seconds, Stopping threads took: 0.0010333 seconds
[2023-11-09T11:09:46.935+0000][460.416s][debug][safepoint     ] Safepoint synchronization initiated. (168 threads)
[2023-11-09T11:09:46.936+0000][460.417s][info ][safepoint     ] Application time: 1.0011789 seconds
[2023-11-09T11:09:46.937+0000][460.418s][info ][safepoint     ] Entering safepoint region: Cleanup
[2023-11-09T11:09:46.938+0000][460.418s][info ][safepoint     ] Leaving safepoint region
[2023-11-09T11:09:46.939+0000][460.419s][info ][safepoint     ] Total time for which application threads were stopped: 0.0015509 seconds, Stopping threads took: 0.0005735 seconds
[2023-11-09T11:09:47.939+0000][461.420s][debug][safepoint     ] Safepoint synchronization initiated. (168 threads)
[2023-11-09T11:09:47.940+0000][461.421s][info ][safepoint     ] Application time: 1.0011481 seconds
[2023-11-09T11:09:47.941+0000][461.422s][info ][safepoint     ] Entering safepoint region: Cleanup
[2023-11-09T11:09:47.942+0000][461.423s][info ][safepoint     ] Leaving safepoint region
[2023-11-09T11:09:47.943+0000][461.423s][info ][safepoint     ] Total time for which application threads were stopped: 0.0016718 seconds, Stopping threads took: 0.0007940 seconds
[2023-11-09T11:09:48.943+0000][462.424s][debug][safepoint     ] Safepoint synchronization initiated. (168 threads)
[2023-11-09T11:09:48.944+0000][462.425s][info ][safepoint     ] Application time: 1.0010713 seconds
[2023-11-09T11:09:48.945+0000][462.426s][info ][safepoint     ] Entering safepoint region: Cleanup
[2023-11-09T11:09:48.946+0000][462.427s][info ][safepoint     ] Leaving safepoint region
[2023-11-09T11:09:48.946+0000][462.427s][info ][safepoint     ] Total time for which application threads were stopped: 0.0015152 seconds, Stopping threads took: 0.0006197 seconds
[2023-11-09T11:09:49.947+0000][463.428s][debug][safepoint     ] Safepoint synchronization initiated. (168 threads)
[2023-11-09T11:09:49.948+0000][463.429s][info ][safepoint     ] Application time: 1.0010129 seconds
[2023-11-09T11:09:49.949+0000][463.430s][info ][safepoint     ] Entering safepoint region: Cleanup
[2023-11-09T11:09:49.950+0000][463.431s][info ][safepoint     ] Leaving safepoint region
[2023-11-09T11:09:49.950+0000][463.431s][info ][safepoint     ] Total time for which application threads were stopped: 0.0014389 seconds, Stopping threads took: 0.0005961 seconds
[2023-11-09T11:09:50.951+0000][464.432s][debug][safepoint     ] Safepoint synchronization initiated. (168 threads)
[2023-11-09T11:09:50.952+0000][464.433s][info ][safepoint     ] Application time: 1.0011585 seconds
[2023-11-09T11:09:50.953+0000][464.434s][info ][safepoint     ] Entering safepoint region: Cleanup
[2023-11-09T11:09:50.954+0000][464.435s][info ][safepoint     ] Leaving safepoint region
[2023-11-09T11:09:50.955+0000][464.436s][info ][safepoint     ] Total time for which application threads were stopped: 0.0018924 seconds, Stopping threads took: 0.0008859 seconds
[2023-11-09T11:09:51.956+0000][465.437s][debug][safepoint     ] Safepoint synchronization initiated. (168 threads)
[2023-11-09T11:09:51.956+0000][465.437s][info ][safepoint     ] Application time: 1.0008059 seconds
[2023-11-09T11:09:51.957+0000][465.438s][info ][safepoint     ] Entering safepoint region: Cleanup
[2023-11-09T11:09:51.958+0000][465.439s][info ][safepoint     ] Leaving safepoint region
[2023-11-09T11:09:51.959+0000][465.439s][info ][safepoint     ] Total time for which application threads were stopped: 0.0014762 seconds, Stopping threads took: 0.0006221 seconds
[2023-11-09T11:09:52.959+0000][466.440s][debug][safepoint     ] Safepoint synchronization initiated. (168 threads)
[2023-11-09T11:09:52.960+0000][466.441s][info ][safepoint     ] Application time: 1.0008586 seconds
[2023-11-09T11:09:52.961+0000][466.441s][info ][safepoint     ] Entering safepoint region: Cleanup
[2023-11-09T11:09:52.961+0000][466.442s][info ][safepoint     ] Leaving safepoint region
[2023-11-09T11:09:52.962+0000][466.442s][info ][safepoint     ] Total time for which application threads were stopped: 0.0010919 seconds, Stopping threads took: 0.0005789 seconds
[2023-11-09T11:09:53.962+0000][467.443s][debug][safepoint     ] Safepoint synchronization initiated. (168 threads)
[2023-11-09T11:09:53.963+0000][467.444s][info ][safepoint     ] Application time: 1.0011035 seconds
[2023-11-09T11:09:53.964+0000][467.445s][info ][safepoint     ] Entering safepoint region: Cleanup
[2023-11-09T11:09:53.965+0000][467.445s][info ][safepoint     ] Leaving safepoint region
[2023-11-09T11:09:53.965+0000][467.446s][info ][safepoint     ] Total time for which application threads were stopped: 0.0011873 seconds, Stopping threads took: 0.0005998 seconds
[2023-11-09T11:09:54.966+0000][468.447s][debug][safepoint     ] Safepoint synchronization initiated. (168 threads)
[2023-11-09T11:09:54.967+0000][468.448s][info ][safepoint     ] Application time: 1.0014056 seconds
[2023-11-09T11:09:54.968+0000][468.448s][info ][safepoint     ] Entering safepoint region: Cleanup
[2023-11-09T11:09:54.969+0000][468.449s][info ][safepoint     ] Leaving safepoint region
[2023-11-09T11:09:54.969+0000][468.450s][info ][safepoint     ] Total time for which application threads were stopped: 0.0016550 seconds, Stopping threads took: 0.0007273 seconds
[2023-11-09T11:09:55.970+0000][469.451s][debug][safepoint     ] Safepoint synchronization initiated. (168 threads)
[2023-11-09T11:09:55.971+0000][469.452s][info ][safepoint     ] Application time: 1.0012493 seconds
[2023-11-09T11:09:55.972+0000][469.453s][info ][safepoint     ] Entering safepoint region: Cleanup
[2023-11-09T11:09:55.973+0000][469.454s][info ][safepoint     ] Leaving safepoint region
[2023-11-09T11:09:55.974+0000][469.455s][info ][safepoint     ] Total time for which application threads were stopped: 0.0019586 seconds, Stopping threads took: 0.0008909 seconds
[2023-11-09T11:09:56.975+0000][470.456s][debug][safepoint     ] Safepoint synchronization initiated. (168 threads)
[2023-11-09T11:09:56.975+0000][470.456s][info ][safepoint     ] Application time: 1.0006851 seconds
[2023-11-09T11:09:56.976+0000][470.457s][info ][safepoint     ] Entering safepoint region: Cleanup
[2023-11-09T11:09:56.976+0000][470.457s][info ][safepoint     ] Leaving safepoint region
[2023-11-09T11:09:56.977+0000][470.457s][info ][safepoint     ] Total time for which application threads were stopped: 0.0009651 seconds, Stopping threads took: 0.0004241 seconds
[2023-11-09T11:09:57.977+0000][471.458s][debug][safepoint     ] Safepoint synchronization initiated. (168 threads)
[2023-11-09T11:09:57.978+0000][471.458s][info ][safepoint     ] Application time: 1.0005947 seconds
[2023-11-09T11:09:57.978+0000][471.459s][info ][safepoint     ] Entering safepoint region: Cleanup
[2023-11-09T11:09:57.979+0000][471.459s][info ][safepoint     ] Leaving safepoint region
[2023-11-09T11:09:57.979+0000][471.460s][info ][safepoint     ] Total time for which application threads were stopped: 0.0011120 seconds, Stopping threads took: 0.0004662 seconds
[2023-11-09T11:09:58.980+0000][472.461s][debug][safepoint     ] Safepoint synchronization initiated. (168 threads)
[2023-11-09T11:09:58.981+0000][472.462s][info ][safepoint     ] Application time: 1.0010478 seconds
[2023-11-09T11:09:58.982+0000][472.462s][info ][safepoint     ] Entering safepoint region: Cleanup
[2023-11-09T11:09:58.983+0000][472.464s][info ][safepoint     ] Leaving safepoint region
[2023-11-09T11:09:58.983+0000][472.464s][info ][safepoint     ] Total time for which application threads were stopped: 0.0020529 seconds, Stopping threads took: 0.0014134 seconds
[2023-11-09T11:09:59.984+0000][473.465s][debug][safepoint     ] Safepoint synchronization initiated. (168 threads)
[2023-11-09T11:09:59.985+0000][473.465s][info ][safepoint     ] Application time: 1.0007013 seconds
[2023-11-09T11:09:59.985+0000][473.466s][info ][safepoint     ] Entering safepoint region: Cleanup
[2023-11-09T11:09:59.986+0000][473.466s][info ][safepoint     ] Leaving safepoint region
[2023-11-09T11:09:59.986+0000][473.467s][info ][safepoint     ] Total time for which application threads were stopped: 0.0011688 seconds, Stopping threads took: 0.0005537 seconds
[2023-11-09T11:10:00.987+0000][474.467s][debug][safepoint     ] Safepoint synchronization initiated. (168 threads)
[2023-11-09T11:10:00.988+0000][474.468s][info ][safepoint     ] Application time: 1.0010579 seconds
[2023-11-09T11:10:00.988+0000][474.469s][info ][safepoint     ] Entering safepoint region: Cleanup
[2023-11-09T11:10:00.989+0000][474.469s][info ][safepoint     ] Leaving safepoint region
[2023-11-09T11:10:00.989+0000][474.470s][info ][safepoint     ] Total time for which application threads were stopped: 0.0011130 seconds, Stopping threads took: 0.0005010 seconds
[2023-11-09T11:10:01.990+0000][475.470s][debug][safepoint     ] Safepoint synchronization initiated. (168 threads)
[2023-11-09T11:10:01.996+0000][475.477s][info ][safepoint     ] Application time: 1.0067015 seconds
[2023-11-09T11:10:01.997+0000][475.478s][info ][safepoint     ] Entering safepoint region: Cleanup
[2023-11-09T11:10:01.998+0000][475.479s][info ][safepoint     ] Leaving safepoint region
[2023-11-09T11:10:02.002+0000][475.482s][info ][safepoint     ] Total time for which application threads were stopped: 0.0050481 seconds, Stopping threads took: 0.0015273 seconds
[2023-11-09T11:10:03.003+0000][476.483s][debug][safepoint     ] Safepoint synchronization initiated. (168 threads)
[2023-11-09T11:10:03.005+0000][476.485s][info ][safepoint     ] Application time: 1.0022893 seconds
[2023-11-09T11:10:03.006+0000][476.486s][info ][safepoint     ] Entering safepoint region: Cleanup
[2023-11-09T11:10:03.006+0000][476.487s][info ][safepoint     ] Leaving safepoint region
[2023-11-09T11:10:03.007+0000][476.487s][info ][safepoint     ] Total time for which application threads were stopped: 0.0013222 seconds, Stopping threads took: 0.0006270 seconds
[2023-11-09T11:10:04.008+0000][477.488s][debug][safepoint     ] Safepoint synchronization initiated. (168 threads)
[2023-11-09T11:10:04.008+0000][477.489s][info ][safepoint     ] Application time: 1.0005201 seconds
[2023-11-09T11:10:04.008+0000][477.489s][info ][safepoint     ] Entering safepoint region: Cleanup
[2023-11-09T11:10:04.009+0000][477.490s][info ][safepoint     ] Leaving safepoint region
[2023-11-09T11:10:04.009+0000][477.490s][info ][safepoint     ] Total time for which application threads were stopped: 0.0008840 seconds, Stopping threads took: 0.0003964 seconds
[2023-11-09T11:10:05.010+0000][478.490s][debug][safepoint     ] Safepoint synchronization initiated. (168 threads)
[2023-11-09T11:10:05.010+0000][478.491s][info ][safepoint     ] Application time: 1.0006580 seconds
[2023-11-09T11:10:05.011+0000][478.491s][info ][safepoint     ] Entering safepoint region: Cleanup
[2023-11-09T11:10:05.011+0000][478.492s][info ][safepoint     ] Leaving safepoint region
[2023-11-09T11:10:05.012+0000][478.492s][info ][safepoint     ] Total time for which application threads were stopped: 0.0010162 seconds, Stopping threads took: 0.0003615 seconds
[2023-11-09T11:10:06.012+0000][479.493s][debug][safepoint     ] Safepoint synchronization initiated. (168 threads)
[2023-11-09T11:10:06.013+0000][479.493s][info ][safepoint     ] Application time: 1.0007985 seconds
[2023-11-09T11:10:06.013+0000][479.494s][info ][safepoint     ] Entering safepoint region: Cleanup
[2023-11-09T11:10:06.014+0000][479.494s][info ][safepoint     ] Leaving safepoint region
[2023-11-09T11:10:06.014+0000][479.495s][info ][safepoint     ] Total time for which application threads were stopped: 0.0009592 seconds, Stopping threads took: 0.0003906 seconds
[2023-11-09T11:10:07.015+0000][480.496s][debug][safepoint     ] Safepoint synchronization initiated. (168 threads)
[2023-11-09T11:10:07.016+0000][480.497s][info ][safepoint     ] Application time: 1.0012992 seconds
[2023-11-09T11:10:07.017+0000][480.498s][info ][safepoint     ] Entering safepoint region: Cleanup
[2023-11-09T11:10:07.018+0000][480.499s][info ][safepoint     ] Leaving safepoint region
[2023-11-09T11:10:07.019+0000][480.499s][info ][safepoint     ] Total time for which application threads were stopped: 0.0019453 seconds, Stopping threads took: 0.0008995 seconds
[2023-11-09T11:10:08.020+0000][481.500s][debug][safepoint     ] Safepoint synchronization initiated. (168 threads)
[2023-11-09T11:10:08.021+0000][481.501s][info ][safepoint     ] Application time: 1.0010813 seconds
[2023-11-09T11:10:08.021+0000][481.502s][info ][safepoint     ] Entering safepoint region: Cleanup
[2023-11-09T11:10:08.022+0000][481.503s][info ][safepoint     ] Leaving safepoint region
[2023-11-09T11:10:08.023+0000][481.504s][info ][safepoint     ] Total time for which application threads were stopped: 0.0015095 seconds, Stopping threads took: 0.0007174 seconds
[2023-11-09T11:10:09.024+0000][482.504s][debug][safepoint     ] Safepoint synchronization initiated. (168 threads)
[2023-11-09T11:10:09.024+0000][482.505s][info ][safepoint     ] Application time: 1.0008191 seconds
[2023-11-09T11:10:09.025+0000][482.506s][info ][safepoint     ] Entering safepoint region: Cleanup
[2023-11-09T11:10:09.026+0000][482.506s][info ][safepoint     ] Leaving safepoint region
[2023-11-09T11:10:09.026+0000][482.507s][info ][safepoint     ] Total time for which application threads were stopped: 0.0013662 seconds, Stopping threads took: 0.0005534 seconds
[2023-11-09T11:10:10.028+0000][483.509s][debug][safepoint     ] Safepoint synchronization initiated. (168 threads)
[2023-11-09T11:10:10.029+0000][483.509s][info ][safepoint     ] Application time: 1.0007906 seconds
[2023-11-09T11:10:10.029+0000][483.510s][debug][safepoint     ] ... found polling page return exception at pc = 0x00007fb4eb546edd, stub =0x00007fb4e8840600
[2023-11-09T11:10:10.029+0000][483.510s][debug][safepoint     ] Waiting for 1 thread(s) to block
[2023-11-09T11:10:10.030+0000][483.511s][info ][safepoint     ] Entering safepoint region: Cleanup
[2023-11-09T11:10:10.031+0000][483.511s][info ][safepoint     ] Leaving safepoint region
[2023-11-09T11:10:10.031+0000][483.512s][info ][safepoint     ] Total time for which application threads were stopped: 0.0019785 seconds, Stopping threads took: 0.0013317 seconds
[2023-11-09T11:10:11.032+0000][484.512s][debug][safepoint     ] Safepoint synchronization initiated. (168 threads)
[2023-11-09T11:10:11.032+0000][484.513s][info ][safepoint     ] Application time: 1.0007137 seconds
[2023-11-09T11:10:11.033+0000][484.513s][info ][safepoint     ] Entering safepoint region: Cleanup
[2023-11-09T11:10:11.033+0000][484.514s][info ][safepoint     ] Leaving safepoint region
[2023-11-09T11:10:11.034+0000][484.514s][info ][safepoint     ] Total time for which application threads were stopped: 0.0011468 seconds, Stopping threads took: 0.0005483 seconds
[2023-11-09T11:10:12.034+0000][485.515s][debug][safepoint     ] Safepoint synchronization initiated. (168 threads)
[2023-11-09T11:10:12.035+0000][485.515s][info ][safepoint     ] Application time: 1.0004873 seconds
[2023-11-09T11:10:12.035+0000][485.516s][info ][safepoint     ] Entering safepoint region: Cleanup
[2023-11-09T11:10:12.035+0000][485.516s][info ][safepoint     ] Leaving safepoint region
[2023-11-09T11:10:12.036+0000][485.516s][info ][safepoint     ] Total time for which application threads were stopped: 0.0008556 seconds, Stopping threads took: 0.0003748 seconds
[2023-11-09T11:10:13.036+0000][486.517s][debug][safepoint     ] Safepoint synchronization initiated. (168 threads)
[2023-11-09T11:10:13.037+0000][486.518s][info ][safepoint     ] Application time: 1.0007161 seconds
[2023-11-09T11:10:13.037+0000][486.518s][info ][safepoint     ] Entering safepoint region: Cleanup
[2023-11-09T11:10:13.038+0000][486.519s][info ][safepoint     ] Leaving safepoint region
[2023-11-09T11:10:13.038+0000][486.519s][info ][safepoint     ] Total time for which application threads were stopped: 0.0010378 seconds, Stopping threads took: 0.0004163 seconds
[2023-11-09T11:10:14.039+0000][487.520s][debug][safepoint     ] Safepoint synchronization initiated. (168 threads)
[2023-11-09T11:10:14.040+0000][487.520s][info ][safepoint     ] Application time: 1.0008587 seconds
[2023-11-09T11:10:14.040+0000][487.521s][info ][safepoint     ] Entering safepoint region: Cleanup
[2023-11-09T11:10:14.041+0000][487.521s][info ][safepoint     ] Leaving safepoint region
[2023-11-09T11:10:14.041+0000][487.522s][info ][safepoint     ] Total time for which application threads were stopped: 0.0011845 seconds, Stopping threads took: 0.0005342 seconds
[2023-11-09T11:10:15.042+0000][488.523s][debug][safepoint     ] Safepoint synchronization initiated. (168 threads)
[2023-11-09T11:10:15.042+0000][488.523s][info ][safepoint     ] Application time: 1.0007628 seconds
[2023-11-09T11:10:15.043+0000][488.524s][info ][safepoint     ] Entering safepoint region: Cleanup
[2023-11-09T11:10:15.043+0000][488.524s][info ][safepoint     ] Leaving safepoint region
[2023-11-09T11:10:15.044+0000][488.525s][info ][safepoint     ] Total time for which application threads were stopped: 0.0012059 seconds, Stopping threads took: 0.0004643 seconds
[2023-11-09T11:10:16.045+0000][489.526s][debug][safepoint     ] Safepoint synchronization initiated. (168 threads)
[2023-11-09T11:10:16.045+0000][489.526s][info ][safepoint     ] Application time: 1.0005976 seconds
[2023-11-09T11:10:16.046+0000][489.526s][info ][safepoint     ] Entering safepoint region: Cleanup
[2023-11-09T11:10:16.046+0000][489.527s][info ][safepoint     ] Leaving safepoint region
[2023-11-09T11:10:16.046+0000][489.527s][info ][safepoint     ] Total time for which application threads were stopped: 0.0008641 seconds, Stopping threads took: 0.0003485 seconds
[2023-11-09T11:10:17.047+0000][490.528s][debug][safepoint     ] Safepoint synchronization initiated. (168 threads)
[2023-11-09T11:10:17.048+0000][490.528s][info ][safepoint     ] Application time: 1.0009732 seconds
[2023-11-09T11:10:17.048+0000][490.529s][info ][safepoint     ] Entering safepoint region: Cleanup
[2023-11-09T11:10:17.049+0000][490.530s][info ][safepoint     ] Leaving safepoint region
[2023-11-09T11:10:17.050+0000][490.530s][info ][safepoint     ] Total time for which application threads were stopped: 0.0011421 seconds, Stopping threads took: 0.0004931 seconds
[2023-11-09T11:10:18.050+0000][491.531s][debug][safepoint     ] Safepoint synchronization initiated. (168 threads)
[2023-11-09T11:10:18.051+0000][491.531s][info ][safepoint     ] Application time: 1.0006407 seconds
[2023-11-09T11:10:18.051+0000][491.532s][info ][safepoint     ] Entering safepoint region: Cleanup
[2023-11-09T11:10:18.052+0000][491.532s][info ][safepoint     ] Leaving safepoint region
[2023-11-09T11:10:18.052+0000][491.533s][info ][safepoint     ] Total time for which application threads were stopped: 0.0009751 seconds, Stopping threads took: 0.0004350 seconds
[2023-11-09T11:10:19.053+0000][492.533s][debug][safepoint     ] Safepoint synchronization initiated. (168 threads)
[2023-11-09T11:10:19.054+0000][492.534s][info ][safepoint     ] Application time: 1.0014418 seconds
[2023-11-09T11:10:19.055+0000][492.535s][info ][safepoint     ] Entering safepoint region: Cleanup
[2023-11-09T11:10:19.056+0000][492.536s][info ][safepoint     ] Leaving safepoint region
[2023-11-09T11:10:19.056+0000][492.537s][info ][safepoint     ] Total time for which application threads were stopped: 0.0018907 seconds, Stopping threads took: 0.0008202 seconds
[2023-11-09T11:10:20.057+0000][493.538s][debug][safepoint     ] Safepoint synchronization initiated. (168 threads)
[2023-11-09T11:10:20.058+0000][493.539s][info ][safepoint     ] Application time: 1.0011302 seconds
[2023-11-09T11:10:20.059+0000][493.540s][info ][safepoint     ] Entering safepoint region: Cleanup
[2023-11-09T11:10:20.061+0000][493.541s][info ][safepoint     ] Leaving safepoint region
[2023-11-09T11:10:20.061+0000][493.542s][info ][safepoint     ] Total time for which application threads were stopped: 0.0019938 seconds, Stopping threads took: 0.0009007 seconds
[2023-11-09T11:10:21.062+0000][494.543s][debug][safepoint     ] Safepoint synchronization initiated. (168 threads)
[2023-11-09T11:10:21.063+0000][494.544s][info ][safepoint     ] Application time: 1.0012330 seconds
[2023-11-09T11:10:21.064+0000][494.545s][info ][safepoint     ] Entering safepoint region: Cleanup
[2023-11-09T11:10:21.065+0000][494.546s][info ][safepoint     ] Leaving safepoint region
[2023-11-09T11:10:21.066+0000][494.546s][info ][safepoint     ] Total time for which application threads were stopped: 0.0015238 seconds, Stopping threads took: 0.0007284 seconds
[2023-11-09T11:10:22.066+0000][495.547s][debug][safepoint     ] Safepoint synchronization initiated. (168 threads)
[2023-11-09T11:10:22.067+0000][495.547s][info ][safepoint     ] Application time: 1.0005271 seconds
[2023-11-09T11:10:22.067+0000][495.548s][info ][safepoint     ] Entering safepoint region: Cleanup
[2023-11-09T11:10:22.068+0000][495.548s][info ][safepoint     ] Leaving safepoint region
[2023-11-09T11:10:22.068+0000][495.549s][info ][safepoint     ] Total time for which application threads were stopped: 0.0008872 seconds, Stopping threads took: 0.0004291 seconds
[2023-11-09T11:10:23.068+0000][496.549s][debug][safepoint     ] Safepoint synchronization initiated. (168 threads)
[2023-11-09T11:10:23.069+0000][496.550s][info ][safepoint     ] Application time: 1.0007243 seconds
[2023-11-09T11:10:23.069+0000][496.550s][info ][safepoint     ] Entering safepoint region: Cleanup
[2023-11-09T11:10:23.070+0000][496.551s][info ][safepoint     ] Leaving safepoint region
[2023-11-09T11:10:23.070+0000][496.551s][info ][safepoint     ] Total time for which application threads were stopped: 0.0010403 seconds, Stopping threads took: 0.0004850 seconds
[2023-11-09T11:10:24.071+0000][497.552s][debug][safepoint     ] Safepoint synchronization initiated. (168 threads)
[2023-11-09T11:10:24.072+0000][497.552s][info ][safepoint     ] Application time: 1.0006498 seconds
[2023-11-09T11:10:24.072+0000][497.553s][info ][safepoint     ] Entering safepoint region: Cleanup
[2023-11-09T11:10:24.073+0000][497.553s][info ][safepoint     ] Leaving safepoint region
[2023-11-09T11:10:24.073+0000][497.554s][info ][safepoint     ] Total time for which application threads were stopped: 0.0012471 seconds, Stopping threads took: 0.0005623 seconds
[2023-11-09T11:10:25.074+0000][498.554s][debug][safepoint     ] Safepoint synchronization initiated. (168 threads)
[2023-11-09T11:10:25.074+0000][498.555s][info ][safepoint     ] Application time: 1.0008680 seconds
[2023-11-09T11:10:25.075+0000][498.556s][info ][safepoint     ] Entering safepoint region: Cleanup
[2023-11-09T11:10:25.076+0000][498.557s][info ][safepoint     ] Leaving safepoint region
[2023-11-09T11:10:25.076+0000][498.557s][info ][safepoint     ] Total time for which application threads were stopped: 0.0012794 seconds, Stopping threads took: 0.0005982 seconds
[2023-11-09T11:10:26.077+0000][499.558s][debug][safepoint     ] Safepoint synchronization initiated. (168 threads)
[2023-11-09T11:10:26.078+0000][499.558s][info ][safepoint     ] Application time: 1.0007746 seconds
[2023-11-09T11:10:26.078+0000][499.559s][info ][safepoint     ] Entering safepoint region: Cleanup
[2023-11-09T11:10:26.079+0000][499.559s][info ][safepoint     ] Leaving safepoint region
[2023-11-09T11:10:26.079+0000][499.560s][info ][safepoint     ] Total time for which application threads were stopped: 0.0009385 seconds, Stopping threads took: 0.0003521 seconds
[2023-11-09T11:10:27.079+0000][500.560s][debug][safepoint     ] Safepoint synchronization initiated. (168 threads)
[2023-11-09T11:10:27.080+0000][500.561s][info ][safepoint     ] Application time: 1.0011245 seconds
[2023-11-09T11:10:27.081+0000][500.562s][info ][safepoint     ] Entering safepoint region: Cleanup
[2023-11-09T11:10:27.082+0000][500.563s][info ][safepoint     ] Leaving safepoint region
[2023-11-09T11:10:27.083+0000][500.563s][info ][safepoint     ] Total time for which application threads were stopped: 0.0015802 seconds, Stopping threads took: 0.0007029 seconds
[2023-11-09T11:10:28.083+0000][501.564s][debug][safepoint     ] Safepoint synchronization initiated. (168 threads)
[2023-11-09T11:10:28.084+0000][501.565s][info ][safepoint     ] Application time: 1.0009936 seconds
[2023-11-09T11:10:28.085+0000][501.566s][info ][safepoint     ] Entering safepoint region: Cleanup
[2023-11-09T11:10:28.086+0000][501.566s][info ][safepoint     ] Leaving safepoint region
[2023-11-09T11:10:28.086+0000][501.567s][info ][safepoint     ] Total time for which application threads were stopped: 0.0012279 seconds, Stopping threads took: 0.0005307 seconds
[2023-11-09T11:10:29.087+0000][502.567s][debug][safepoint     ] Safepoint synchronization initiated. (168 threads)
[2023-11-09T11:10:29.088+0000][502.568s][info ][safepoint     ] Application time: 1.0011742 seconds
[2023-11-09T11:10:29.088+0000][502.569s][info ][safepoint     ] Entering safepoint region: Cleanup
[2023-11-09T11:10:29.089+0000][502.570s][info ][safepoint     ] Leaving safepoint region
[2023-11-09T11:10:29.090+0000][502.570s][info ][safepoint     ] Total time for which application threads were stopped: 0.0015136 seconds, Stopping threads took: 0.0007210 seconds
[2023-11-09T11:10:30.090+0000][503.571s][debug][safepoint     ] Safepoint synchronization initiated. (168 threads)
[2023-11-09T11:10:30.091+0000][503.572s][info ][safepoint     ] Application time: 1.0010704 seconds
[2023-11-09T11:10:30.092+0000][503.573s][info ][safepoint     ] Entering safepoint region: Cleanup
[2023-11-09T11:10:30.093+0000][503.574s][info ][safepoint     ] Leaving safepoint region
[2023-11-09T11:10:30.094+0000][503.575s][info ][safepoint     ] Total time for which application threads were stopped: 0.0018827 seconds, Stopping threads took: 0.0007611 seconds
[2023-11-09T11:10:31.095+0000][504.576s][debug][safepoint     ] Safepoint synchronization initiated. (168 threads)
[2023-11-09T11:10:31.096+0000][504.577s][info ][safepoint     ] Application time: 1.0014376 seconds
[2023-11-09T11:10:31.097+0000][504.578s][info ][safepoint     ] Entering safepoint region: Cleanup
[2023-11-09T11:10:31.099+0000][504.579s][info ][safepoint     ] Leaving safepoint region
[2023-11-09T11:10:31.100+0000][504.580s][info ][safepoint     ] Total time for which application threads were stopped: 0.0022944 seconds, Stopping threads took: 0.0009038 seconds
[2023-11-09T11:10:32.100+0000][505.581s][debug][safepoint     ] Safepoint synchronization initiated. (168 threads)
[2023-11-09T11:10:32.102+0000][505.583s][info ][safepoint     ] Application time: 1.0017452 seconds
[2023-11-09T11:10:32.103+0000][505.584s][info ][safepoint     ] Entering safepoint region: Cleanup
[2023-11-09T11:10:32.104+0000][505.585s][info ][safepoint     ] Leaving safepoint region
[2023-11-09T11:10:32.105+0000][505.586s][info ][safepoint     ] Total time for which application threads were stopped: 0.0019235 seconds, Stopping threads took: 0.0009138 seconds
[2023-11-09T11:10:33.106+0000][506.587s][debug][safepoint     ] Safepoint synchronization initiated. (168 threads)
[2023-11-09T11:10:33.107+0000][506.588s][info ][safepoint     ] Application time: 1.0014533 seconds
[2023-11-09T11:10:33.108+0000][506.589s][debug][safepoint     ] ... found polling page loop exception at pc = 0x00007fb4e994cab1, stub =0x00007fb4e8843680
[2023-11-09T11:10:33.108+0000][506.589s][debug][safepoint     ] ... found polling page return exception at pc = 0x00007fb4f0a0f376, stub =0x00007fb4e8840600
[2023-11-09T11:10:33.108+0000][506.589s][debug][safepoint     ] ... found polling page return exception at pc = 0x00007fb4f0a0f376, stub =0x00007fb4e8840600
[2023-11-09T11:10:33.108+0000][506.589s][debug][safepoint     ] ... found polling page return exception at pc = 0x00007fb4f0a0f376, stub =0x00007fb4e8840600
[2023-11-09T11:10:33.112+0000][506.592s][debug][safepoint     ] Waiting for 7 thread(s) to block
[2023-11-09T11:10:33.113+0000][506.594s][info ][safepoint     ] Entering safepoint region: Cleanup
[2023-11-09T11:10:33.114+0000][506.595s][info ][safepoint     ] Leaving safepoint region
[2023-11-09T11:10:33.114+0000][506.595s][info ][safepoint     ] Total time for which application threads were stopped: 0.0063367 seconds, Stopping threads took: 0.0056930 seconds
[2023-11-09T11:10:34.115+0000][507.596s][debug][safepoint     ] Safepoint synchronization initiated. (168 threads)
[2023-11-09T11:10:34.116+0000][507.597s][info ][safepoint     ] Application time: 1.0012834 seconds
[2023-11-09T11:10:34.117+0000][507.598s][info ][safepoint     ] Entering safepoint region: Cleanup
[2023-11-09T11:10:34.118+0000][507.599s][info ][safepoint     ] Leaving safepoint region
[2023-11-09T11:10:34.119+0000][507.600s][info ][safepoint     ] Total time for which application threads were stopped: 0.0019647 seconds, Stopping threads took: 0.0008159 seconds
[2023-11-09T11:10:35.120+0000][508.601s][debug][safepoint     ] Safepoint synchronization initiated. (168 threads)
[2023-11-09T11:10:35.121+0000][508.602s][info ][safepoint     ] Application time: 1.0014802 seconds
[2023-11-09T11:10:35.123+0000][508.604s][info ][safepoint     ] Entering safepoint region: Cleanup
[2023-11-09T11:10:35.125+0000][508.606s][info ][safepoint     ] Leaving safepoint region
[2023-11-09T11:10:35.126+0000][508.607s][info ][safepoint     ] Total time for which application threads were stopped: 0.0031049 seconds, Stopping threads took: 0.0020708 seconds
[2023-11-09T11:10:36.127+0000][509.607s][debug][safepoint     ] Safepoint synchronization initiated. (168 threads)
[2023-11-09T11:10:36.127+0000][509.608s][info ][safepoint     ] Application time: 1.0007997 seconds
[2023-11-09T11:10:36.128+0000][509.608s][info ][safepoint     ] Entering safepoint region: Cleanup
[2023-11-09T11:10:36.128+0000][509.609s][info ][safepoint     ] Leaving safepoint region
[2023-11-09T11:10:36.129+0000][509.610s][info ][safepoint     ] Total time for which application threads were stopped: 0.0013010 seconds, Stopping threads took: 0.0005498 seconds
[2023-11-09T11:10:37.130+0000][510.610s][debug][safepoint     ] Safepoint synchronization initiated. (168 threads)
[2023-11-09T11:10:37.130+0000][510.611s][info ][safepoint     ] Application time: 1.0006766 seconds
[2023-11-09T11:10:37.131+0000][510.611s][info ][safepoint     ] Entering safepoint region: Cleanup
[2023-11-09T11:10:37.131+0000][510.612s][info ][safepoint     ] Leaving safepoint region
[2023-11-09T11:10:37.132+0000][510.612s][info ][safepoint     ] Total time for which application threads were stopped: 0.0010679 seconds, Stopping threads took: 0.0005502 seconds
[2023-11-09T11:10:38.132+0000][511.613s][debug][safepoint     ] Safepoint synchronization initiated. (168 threads)
[2023-11-09T11:10:38.133+0000][511.613s][info ][safepoint     ] Application time: 1.0007374 seconds
[2023-11-09T11:10:38.133+0000][511.614s][info ][safepoint     ] Entering safepoint region: Cleanup
[2023-11-09T11:10:38.134+0000][511.614s][info ][safepoint     ] Leaving safepoint region
[2023-11-09T11:10:38.134+0000][511.615s][info ][safepoint     ] Total time for which application threads were stopped: 0.0011885 seconds, Stopping threads took: 0.0004399 seconds
[2023-11-09T11:10:39.135+0000][512.616s][debug][safepoint     ] Safepoint synchronization initiated. (168 threads)
[2023-11-09T11:10:39.136+0000][512.616s][info ][safepoint     ] Application time: 1.0009371 seconds
[2023-11-09T11:10:39.136+0000][512.617s][info ][safepoint     ] Entering safepoint region: Cleanup
[2023-11-09T11:10:39.137+0000][512.618s][info ][safepoint     ] Leaving safepoint region
[2023-11-09T11:10:39.138+0000][512.618s][info ][safepoint     ] Total time for which application threads were stopped: 0.0014396 seconds, Stopping threads took: 0.0007556 seconds
[2023-11-09T11:10:40.138+0000][513.619s][debug][safepoint     ] Safepoint synchronization initiated. (168 threads)
[2023-11-09T11:10:40.139+0000][513.620s][info ][safepoint     ] Application time: 1.0011642 seconds
[2023-11-09T11:10:40.140+0000][513.621s][info ][safepoint     ] Entering safepoint region: Cleanup
[2023-11-09T11:10:40.141+0000][513.622s][info ][safepoint     ] Leaving safepoint region
[2023-11-09T11:10:40.142+0000][513.623s][info ][safepoint     ] Total time for which application threads were stopped: 0.0017069 seconds, Stopping threads took: 0.0008111 seconds
[2023-11-09T11:10:41.143+0000][514.623s][debug][safepoint     ] Safepoint synchronization initiated. (168 threads)
[2023-11-09T11:10:41.144+0000][514.625s][info ][safepoint     ] Application time: 1.0013543 seconds
[2023-11-09T11:10:41.145+0000][514.626s][info ][safepoint     ] Entering safepoint region: Cleanup
[2023-11-09T11:10:41.146+0000][514.627s][info ][safepoint     ] Leaving safepoint region
[2023-11-09T11:10:41.147+0000][514.628s][info ][safepoint     ] Total time for which application threads were stopped: 0.0020974 seconds, Stopping threads took: 0.0009894 seconds
[2023-11-09T11:10:42.148+0000][515.628s][debug][safepoint     ] Safepoint synchronization initiated. (168 threads)
[2023-11-09T11:10:42.148+0000][515.629s][info ][safepoint     ] Application time: 1.0007830 seconds
[2023-11-09T11:10:42.149+0000][515.630s][info ][safepoint     ] Entering safepoint region: Cleanup
[2023-11-09T11:10:42.150+0000][515.630s][info ][safepoint     ] Leaving safepoint region
[2023-11-09T11:10:42.150+0000][515.631s][info ][safepoint     ] Total time for which application threads were stopped: 0.0011109 seconds, Stopping threads took: 0.0004957 seconds
[2023-11-09T11:10:43.151+0000][516.631s][debug][safepoint     ] Safepoint synchronization initiated. (168 threads)
[2023-11-09T11:10:43.151+0000][516.632s][info ][safepoint     ] Application time: 1.0006948 seconds
[2023-11-09T11:10:43.152+0000][516.632s][info ][safepoint     ] Entering safepoint region: Cleanup
[2023-11-09T11:10:43.152+0000][516.633s][info ][safepoint     ] Leaving safepoint region
[2023-11-09T11:10:43.153+0000][516.633s][info ][safepoint     ] Total time for which application threads were stopped: 0.0011408 seconds, Stopping threads took: 0.0004113 seconds
[2023-11-09T11:10:44.153+0000][517.634s][debug][safepoint     ] Safepoint synchronization initiated. (168 threads)
[2023-11-09T11:10:44.154+0000][517.635s][info ][safepoint     ] Application time: 1.0008148 seconds
[2023-11-09T11:10:44.154+0000][517.635s][info ][safepoint     ] Entering safepoint region: Cleanup
[2023-11-09T11:10:44.155+0000][517.635s][info ][safepoint     ] Leaving safepoint region
[2023-11-09T11:10:44.155+0000][517.636s][info ][safepoint     ] Total time for which application threads were stopped: 0.0007923 seconds, Stopping threads took: 0.0003234 seconds
[2023-11-09T11:10:45.156+0000][518.636s][debug][safepoint     ] Safepoint synchronization initiated. (168 threads)
[2023-11-09T11:10:45.157+0000][518.638s][info ][safepoint     ] Application time: 1.0017606 seconds
[2023-11-09T11:10:45.158+0000][518.639s][info ][safepoint     ] Entering safepoint region: Cleanup
[2023-11-09T11:10:45.159+0000][518.640s][info ][safepoint     ] Leaving safepoint region
[2023-11-09T11:10:45.160+0000][518.641s][info ][safepoint     ] Total time for which application threads were stopped: 0.0021160 seconds, Stopping threads took: 0.0009997 seconds
[2023-11-09T11:10:46.161+0000][519.642s][debug][safepoint     ] Safepoint synchronization initiated. (168 threads)
[2023-11-09T11:10:46.161+0000][519.642s][info ][safepoint     ] Application time: 1.0004610 seconds
[2023-11-09T11:10:46.162+0000][519.642s][info ][safepoint     ] Entering safepoint region: Cleanup
[2023-11-09T11:10:46.162+0000][519.643s][info ][safepoint     ] Leaving safepoint region
[2023-11-09T11:10:46.163+0000][519.643s][info ][safepoint     ] Total time for which application threads were stopped: 0.0007875 seconds, Stopping threads took: 0.0003010 seconds
[2023-11-09T11:10:47.163+0000][520.644s][debug][safepoint     ] Safepoint synchronization initiated. (168 threads)
[2023-11-09T11:10:47.164+0000][520.645s][info ][safepoint     ] Application time: 1.0013928 seconds
[2023-11-09T11:10:47.165+0000][520.646s][info ][safepoint     ] Entering safepoint region: Cleanup
[2023-11-09T11:10:47.167+0000][520.647s][info ][safepoint     ] Leaving safepoint region
[2023-11-09T11:10:47.167+0000][520.648s][info ][safepoint     ] Total time for which application threads were stopped: 0.0020650 seconds, Stopping threads took: 0.0010100 seconds
[2023-11-09T11:10:48.168+0000][521.649s][debug][safepoint     ] Safepoint synchronization initiated. (168 threads)
[2023-11-09T11:10:48.169+0000][521.649s][info ][safepoint     ] Application time: 1.0006785 seconds
[2023-11-09T11:10:48.169+0000][521.650s][info ][safepoint     ] Entering safepoint region: Cleanup
[2023-11-09T11:10:48.170+0000][521.650s][info ][safepoint     ] Leaving safepoint region
[2023-11-09T11:10:48.170+0000][521.651s][info ][safepoint     ] Total time for which application threads were stopped: 0.0010330 seconds, Stopping threads took: 0.0004046 seconds
[2023-11-09T11:10:49.171+0000][522.651s][debug][safepoint     ] Safepoint synchronization initiated. (168 threads)
[2023-11-09T11:10:49.171+0000][522.652s][info ][safepoint     ] Application time: 1.0007567 seconds
[2023-11-09T11:10:49.172+0000][522.652s][info ][safepoint     ] Entering safepoint region: Cleanup
[2023-11-09T11:10:49.172+0000][522.653s][info ][safepoint     ] Leaving safepoint region
[2023-11-09T11:10:49.172+0000][522.653s][info ][safepoint     ] Total time for which application threads were stopped: 0.0009355 seconds, Stopping threads took: 0.0004425 seconds
[2023-11-09T11:10:50.173+0000][523.654s][debug][safepoint     ] Safepoint synchronization initiated. (168 threads)
[2023-11-09T11:10:50.174+0000][523.655s][info ][safepoint     ] Application time: 1.0012209 seconds
[2023-11-09T11:10:50.175+0000][523.656s][info ][safepoint     ] Entering safepoint region: Cleanup
[2023-11-09T11:10:50.176+0000][523.657s][info ][safepoint     ] Leaving safepoint region
[2023-11-09T11:10:50.177+0000][523.658s][info ][safepoint     ] Total time for which application threads were stopped: 0.0020295 seconds, Stopping threads took: 0.0009524 seconds
[2023-11-09T11:10:51.178+0000][524.659s][debug][safepoint     ] Safepoint synchronization initiated. (168 threads)
[2023-11-09T11:10:51.179+0000][524.659s][info ][safepoint     ] Application time: 1.0008268 seconds
[2023-11-09T11:10:51.179+0000][524.660s][info ][safepoint     ] Entering safepoint region: Cleanup
[2023-11-09T11:10:51.180+0000][524.660s][info ][safepoint     ] Leaving safepoint region
[2023-11-09T11:10:51.180+0000][524.661s][info ][safepoint     ] Total time for which application threads were stopped: 0.0010945 seconds, Stopping threads took: 0.0004349 seconds
[2023-11-09T11:10:52.181+0000][525.662s][debug][safepoint     ] Safepoint synchronization initiated. (168 threads)
[2023-11-09T11:10:52.182+0000][525.662s][info ][safepoint     ] Application time: 1.0010067 seconds
[2023-11-09T11:10:52.183+0000][525.663s][info ][safepoint     ] Entering safepoint region: Cleanup
[2023-11-09T11:10:52.184+0000][525.664s][info ][safepoint     ] Leaving safepoint region
[2023-11-09T11:10:52.184+0000][525.665s][info ][safepoint     ] Total time for which application threads were stopped: 0.0016828 seconds, Stopping threads took: 0.0007219 seconds
[2023-11-09T11:10:53.185+0000][526.666s][debug][safepoint     ] Safepoint synchronization initiated. (168 threads)
[2023-11-09T11:10:53.186+0000][526.667s][info ][safepoint     ] Application time: 1.0013084 seconds
[2023-11-09T11:10:53.187+0000][526.668s][info ][safepoint     ] Entering safepoint region: Cleanup
[2023-11-09T11:10:53.188+0000][526.668s][info ][safepoint     ] Leaving safepoint region
[2023-11-09T11:10:53.188+0000][526.669s][info ][safepoint     ] Total time for which application threads were stopped: 0.0012827 seconds, Stopping threads took: 0.0005770 seconds
[2023-11-09T11:10:54.189+0000][527.669s][debug][safepoint     ] Safepoint synchronization initiated. (168 threads)
[2023-11-09T11:10:54.189+0000][527.670s][info ][safepoint     ] Application time: 1.0007875 seconds
[2023-11-09T11:10:54.190+0000][527.671s][debug][safepoint     ] ... found polling page return exception at pc = 0x00007fb4f0383a9b, stub =0x00007fb4e8840600
[2023-11-09T11:10:54.193+0000][527.673s][debug][safepoint     ] Waiting for 1 thread(s) to block
[2023-11-09T11:10:54.193+0000][527.674s][info ][safepoint     ] Entering safepoint region: Cleanup
[2023-11-09T11:10:54.194+0000][527.674s][info ][safepoint     ] Leaving safepoint region
[2023-11-09T11:10:54.194+0000][527.675s][info ][safepoint     ] Total time for which application threads were stopped: 0.0038825 seconds, Stopping threads took: 0.0033918 seconds
[2023-11-09T11:10:55.195+0000][528.675s][debug][safepoint     ] Safepoint synchronization initiated. (168 threads)
[2023-11-09T11:10:55.195+0000][528.676s][info ][safepoint     ] Application time: 1.0008289 seconds
[2023-11-09T11:10:55.196+0000][528.676s][info ][safepoint     ] Entering safepoint region: Cleanup
[2023-11-09T11:10:55.197+0000][528.677s][info ][safepoint     ] Leaving safepoint region
[2023-11-09T11:10:55.197+0000][528.678s][info ][safepoint     ] Total time for which application threads were stopped: 0.0013313 seconds, Stopping threads took: 0.0005843 seconds
[2023-11-09T11:10:56.198+0000][529.678s][debug][safepoint     ] Safepoint synchronization initiated. (168 threads)
[2023-11-09T11:10:56.199+0000][529.679s][info ][safepoint     ] Application time: 1.0010771 seconds
[2023-11-09T11:10:56.200+0000][529.680s][info ][safepoint     ] Entering safepoint region: Cleanup
[2023-11-09T11:10:56.201+0000][529.681s][info ][safepoint     ] Leaving safepoint region
[2023-11-09T11:10:56.201+0000][529.682s][info ][safepoint     ] Total time for which application threads were stopped: 0.0018477 seconds, Stopping threads took: 0.0008327 seconds
[2023-11-09T11:10:56.201+0000][529.681s][debug][safepoint     ] ... found polling page return exception at pc = 0x00007fb4f0d6dc84, stub =0x00007fb4e8840600
[2023-11-09T11:10:56.201+0000][529.681s][debug][safepoint     ] ... found polling page return exception at pc = 0x00007fb4f0d6dc84, stub =0x00007fb4e8840600
[2023-11-09T11:10:56.201+0000][529.681s][debug][safepoint     ] ... found polling page return exception at pc = 0x00007fb4f0d6dc84, stub =0x00007fb4e8840600
[2023-11-09T11:10:56.201+0000][529.681s][debug][safepoint     ] ... found polling page return exception at pc = 0x00007fb4f0d6dc84, stub =0x00007fb4e8840600
[2023-11-09T11:10:56.201+0000][529.681s][debug][safepoint     ] ... found polling page return exception at pc = 0x00007fb4f0d6dc84, stub =0x00007fb4e8840600
[2023-11-09T11:10:56.201+0000][529.681s][debug][safepoint     ] ... found polling page return exception at pc = 0x00007fb4f0d6dc84, stub =0x00007fb4e8840600
[2023-11-09T11:10:56.201+0000][529.681s][debug][safepoint     ] ... found polling page return exception at pc = 0x00007fb4f0d6dc84, stub =0x00007fb4e8840600
[2023-11-09T11:10:57.202+0000][530.683s][debug][safepoint     ] Safepoint synchronization initiated. (168 threads)
[2023-11-09T11:10:57.203+0000][530.684s][info ][safepoint     ] Application time: 1.0013134 seconds
[2023-11-09T11:10:57.204+0000][530.685s][info ][safepoint     ] Entering safepoint region: Cleanup
[2023-11-09T11:10:57.205+0000][530.686s][info ][safepoint     ] Leaving safepoint region
[2023-11-09T11:10:57.206+0000][530.686s][info ][safepoint     ] Total time for which application threads were stopped: 0.0016828 seconds, Stopping threads took: 0.0005803 seconds
[2023-11-09T11:10:58.207+0000][531.687s][debug][safepoint     ] Safepoint synchronization initiated. (168 threads)
[2023-11-09T11:10:58.207+0000][531.688s][info ][safepoint     ] Application time: 1.0006248 seconds
[2023-11-09T11:10:58.208+0000][531.688s][info ][safepoint     ] Entering safepoint region: Cleanup
[2023-11-09T11:10:58.208+0000][531.689s][info ][safepoint     ] Leaving safepoint region
[2023-11-09T11:10:58.209+0000][531.689s][info ][safepoint     ] Total time for which application threads were stopped: 0.0010122 seconds, Stopping threads took: 0.0004114 seconds
[2023-11-09T11:10:59.209+0000][532.690s][debug][safepoint     ] Safepoint synchronization initiated. (168 threads)
[2023-11-09T11:10:59.211+0000][532.691s][info ][safepoint     ] Application time: 1.0015696 seconds
[2023-11-09T11:10:59.214+0000][532.694s][info ][safepoint     ] Entering safepoint region: Cleanup
[2023-11-09T11:10:59.215+0000][532.696s][info ][safepoint     ] Leaving safepoint region
[2023-11-09T11:10:59.215+0000][532.696s][info ][safepoint     ] Total time for which application threads were stopped: 0.0019421 seconds, Stopping threads took: 0.0012839 seconds
[2023-11-09T11:11:00.216+0000][533.697s][debug][safepoint     ] Safepoint synchronization initiated. (168 threads)
[2023-11-09T11:11:00.217+0000][533.697s][info ][safepoint     ] Application time: 1.0006358 seconds
[2023-11-09T11:11:00.217+0000][533.698s][info ][safepoint     ] Entering safepoint region: Cleanup
[2023-11-09T11:11:00.218+0000][533.698s][info ][safepoint     ] Leaving safepoint region
[2023-11-09T11:11:00.218+0000][533.699s][info ][safepoint     ] Total time for which application threads were stopped: 0.0010522 seconds, Stopping threads took: 0.0004503 seconds
[2023-11-09T11:11:01.219+0000][534.699s][debug][safepoint     ] Safepoint synchronization initiated. (168 threads)
[2023-11-09T11:11:01.219+0000][534.700s][info ][safepoint     ] Application time: 1.0008975 seconds
[2023-11-09T11:11:01.220+0000][534.701s][info ][safepoint     ] Entering safepoint region: Cleanup
[2023-11-09T11:11:01.221+0000][534.702s][info ][safepoint     ] Leaving safepoint region
[2023-11-09T11:11:01.222+0000][534.703s][info ][safepoint     ] Total time for which application threads were stopped: 0.0018866 seconds, Stopping threads took: 0.0010213 seconds
[2023-11-09T11:11:02.223+0000][535.703s][debug][safepoint     ] Safepoint synchronization initiated. (168 threads)
[2023-11-09T11:11:02.224+0000][535.705s][info ][safepoint     ] Application time: 1.0015256 seconds
[2023-11-09T11:11:02.225+0000][535.706s][info ][safepoint     ] Entering safepoint region: Cleanup
[2023-11-09T11:11:02.226+0000][535.707s][info ][safepoint     ] Leaving safepoint region
[2023-11-09T11:11:02.227+0000][535.708s][info ][safepoint     ] Total time for which application threads were stopped: 0.0020377 seconds, Stopping threads took: 0.0009671 seconds
[2023-11-09T11:11:03.228+0000][536.709s][debug][safepoint     ] Safepoint synchronization initiated. (168 threads)
[2023-11-09T11:11:03.229+0000][536.710s][info ][safepoint     ] Application time: 1.0011809 seconds
[2023-11-09T11:11:03.230+0000][536.710s][info ][safepoint     ] Entering safepoint region: Cleanup
[2023-11-09T11:11:03.231+0000][536.712s][info ][safepoint     ] Leaving safepoint region
[2023-11-09T11:11:03.231+0000][536.712s][info ][safepoint     ] Total time for which application threads were stopped: 0.0017111 seconds, Stopping threads took: 0.0008599 seconds
[2023-11-09T11:11:04.232+0000][537.713s][debug][safepoint     ] Safepoint synchronization initiated. (168 threads)
[2023-11-09T11:11:04.233+0000][537.714s][info ][safepoint     ] Application time: 1.0009069 seconds
[2023-11-09T11:11:04.234+0000][537.714s][info ][safepoint     ] Entering safepoint region: Cleanup
[2023-11-09T11:11:04.235+0000][537.715s][info ][safepoint     ] Leaving safepoint region
[2023-11-09T11:11:04.235+0000][537.716s][info ][safepoint     ] Total time for which application threads were stopped: 0.0014024 seconds, Stopping threads took: 0.0006531 seconds
[2023-11-09T11:11:05.236+0000][538.716s][debug][safepoint     ] Safepoint synchronization initiated. (168 threads)
[2023-11-09T11:11:05.237+0000][538.718s][info ][safepoint     ] Application time: 1.0012961 seconds
[2023-11-09T11:11:05.238+0000][538.719s][info ][safepoint     ] Entering safepoint region: Cleanup
[2023-11-09T11:11:05.239+0000][538.720s][info ][safepoint     ] Leaving safepoint region
[2023-11-09T11:11:05.240+0000][538.720s][info ][safepoint     ] Total time for which application threads were stopped: 0.0017652 seconds, Stopping threads took: 0.0008094 seconds
[2023-11-09T11:11:06.241+0000][539.721s][debug][safepoint     ] Safepoint synchronization initiated. (168 threads)
[2023-11-09T11:11:06.241+0000][539.722s][info ][safepoint     ] Application time: 1.0006866 seconds
[2023-11-09T11:11:06.242+0000][539.722s][info ][safepoint     ] Entering safepoint region: Cleanup
[2023-11-09T11:11:06.242+0000][539.723s][info ][safepoint     ] Leaving safepoint region
[2023-11-09T11:11:06.242+0000][539.723s][info ][safepoint     ] Total time for which application threads were stopped: 0.0009648 seconds, Stopping threads took: 0.0003981 seconds
[2023-11-09T11:11:07.243+0000][540.724s][debug][safepoint     ] Safepoint synchronization initiated. (168 threads)
[2023-11-09T11:11:07.244+0000][540.725s][info ][safepoint     ] Application time: 1.0014246 seconds
[2023-11-09T11:11:07.245+0000][540.726s][info ][safepoint     ] Entering safepoint region: Cleanup
[2023-11-09T11:11:07.247+0000][540.727s][info ][safepoint     ] Leaving safepoint region
[2023-11-09T11:11:07.248+0000][540.728s][info ][safepoint     ] Total time for which application threads were stopped: 0.0023140 seconds, Stopping threads took: 0.0009718 seconds
[2023-11-09T11:11:08.248+0000][541.729s][debug][safepoint     ] Safepoint synchronization initiated. (168 threads)
[2023-11-09T11:11:08.249+0000][541.729s][info ][safepoint     ] Application time: 1.0005349 seconds
[2023-11-09T11:11:08.249+0000][541.730s][info ][safepoint     ] Entering safepoint region: Cleanup
[2023-11-09T11:11:08.250+0000][541.730s][info ][safepoint     ] Leaving safepoint region
[2023-11-09T11:11:08.250+0000][541.731s][info ][safepoint     ] Total time for which application threads were stopped: 0.0009601 seconds, Stopping threads took: 0.0004095 seconds
[2023-11-09T11:11:09.251+0000][542.731s][debug][safepoint     ] Safepoint synchronization initiated. (168 threads)
[2023-11-09T11:11:09.251+0000][542.732s][info ][safepoint     ] Application time: 1.0011078 seconds
[2023-11-09T11:11:09.252+0000][542.733s][info ][safepoint     ] Entering safepoint region: Cleanup
[2023-11-09T11:11:09.253+0000][542.734s][info ][safepoint     ] Leaving safepoint region
[2023-11-09T11:11:09.254+0000][542.734s][info ][safepoint     ] Total time for which application threads were stopped: 0.0014130 seconds, Stopping threads took: 0.0005689 seconds
[2023-11-09T11:11:10.254+0000][543.735s][debug][safepoint     ] Safepoint synchronization initiated. (168 threads)
[2023-11-09T11:11:10.255+0000][543.736s][info ][safepoint     ] Application time: 1.0007194 seconds
[2023-11-09T11:11:10.255+0000][543.736s][info ][safepoint     ] Entering safepoint region: Cleanup
[2023-11-09T11:11:10.256+0000][543.737s][info ][safepoint     ] Leaving safepoint region
[2023-11-09T11:11:10.256+0000][543.737s][info ][safepoint     ] Total time for which application threads were stopped: 0.0009318 seconds, Stopping threads took: 0.0004274 seconds
[2023-11-09T11:11:11.257+0000][544.738s][debug][safepoint     ] Safepoint synchronization initiated. (168 threads)
[2023-11-09T11:11:11.257+0000][544.738s][info ][safepoint     ] Application time: 1.0005548 seconds
[2023-11-09T11:11:11.258+0000][544.738s][info ][safepoint     ] Entering safepoint region: Cleanup
[2023-11-09T11:11:11.258+0000][544.739s][info ][safepoint     ] Leaving safepoint region
[2023-11-09T11:11:11.258+0000][544.739s][info ][safepoint     ] Total time for which application threads were stopped: 0.0008376 seconds, Stopping threads took: 0.0003232 seconds
[2023-11-09T11:11:12.259+0000][545.740s][debug][safepoint     ] Safepoint synchronization initiated. (168 threads)
[2023-11-09T11:11:12.260+0000][545.740s][info ][safepoint     ] Application time: 1.0007910 seconds
[2023-11-09T11:11:12.260+0000][545.741s][info ][safepoint     ] Entering safepoint region: Cleanup
[2023-11-09T11:11:12.261+0000][545.742s][info ][safepoint     ] Leaving safepoint region
[2023-11-09T11:11:12.261+0000][545.742s][info ][safepoint     ] Total time for which application threads were stopped: 0.0012130 seconds, Stopping threads took: 0.0005109 seconds
[2023-11-09T11:11:13.262+0000][546.743s][debug][safepoint     ] Safepoint synchronization initiated. (168 threads)
[2023-11-09T11:11:13.262+0000][546.743s][info ][safepoint     ] Application time: 1.0006027 seconds
[2023-11-09T11:11:13.263+0000][546.744s][info ][safepoint     ] Entering safepoint region: Cleanup
[2023-11-09T11:11:13.264+0000][546.744s][info ][safepoint     ] Leaving safepoint region
[2023-11-09T11:11:13.264+0000][546.745s][info ][safepoint     ] Total time for which application threads were stopped: 0.0010302 seconds, Stopping threads took: 0.0005160 seconds
[2023-11-09T11:11:14.265+0000][547.745s][debug][safepoint     ] Safepoint synchronization initiated. (168 threads)
[2023-11-09T11:11:14.266+0000][547.746s][info ][safepoint     ] Application time: 1.0011645 seconds
[2023-11-09T11:11:14.266+0000][547.747s][info ][safepoint     ] Entering safepoint region: Cleanup
[2023-11-09T11:11:14.268+0000][547.748s][info ][safepoint     ] Leaving safepoint region
[2023-11-09T11:11:14.268+0000][547.749s][info ][safepoint     ] Total time for which application threads were stopped: 0.0019555 seconds, Stopping threads took: 0.0010133 seconds
[2023-11-09T11:11:15.269+0000][548.750s][debug][safepoint     ] Safepoint synchronization initiated. (168 threads)
[2023-11-09T11:11:15.270+0000][548.750s][info ][safepoint     ] Application time: 1.0009635 seconds
[2023-11-09T11:11:15.270+0000][548.751s][info ][safepoint     ] Entering safepoint region: Cleanup
[2023-11-09T11:11:15.271+0000][548.752s][info ][safepoint     ] Leaving safepoint region
[2023-11-09T11:11:15.271+0000][548.752s][info ][safepoint     ] Total time for which application threads were stopped: 0.0011701 seconds, Stopping threads took: 0.0005442 seconds
[2023-11-09T11:11:16.272+0000][549.753s][debug][safepoint     ] Safepoint synchronization initiated. (168 threads)
[2023-11-09T11:11:16.273+0000][549.754s][info ][safepoint     ] Application time: 1.0010491 seconds
[2023-11-09T11:11:16.274+0000][549.755s][info ][safepoint     ] Entering safepoint region: Cleanup
[2023-11-09T11:11:16.275+0000][549.756s][info ][safepoint     ] Leaving safepoint region
[2023-11-09T11:11:16.276+0000][549.756s][info ][safepoint     ] Total time for which application threads were stopped: 0.0018740 seconds, Stopping threads took: 0.0008366 seconds
[2023-11-09T11:11:17.277+0000][550.757s][debug][safepoint     ] Safepoint synchronization initiated. (168 threads)
[2023-11-09T11:11:17.277+0000][550.758s][info ][safepoint     ] Application time: 1.0009897 seconds
[2023-11-09T11:11:17.278+0000][550.759s][info ][safepoint     ] Entering safepoint region: Cleanup
[2023-11-09T11:11:17.278+0000][550.759s][info ][safepoint     ] Leaving safepoint region
[2023-11-09T11:11:17.279+0000][550.760s][info ][safepoint     ] Total time for which application threads were stopped: 0.0010261 seconds, Stopping threads took: 0.0004516 seconds
[2023-11-09T11:11:18.279+0000][551.760s][debug][safepoint     ] Safepoint synchronization initiated. (168 threads)
[2023-11-09T11:11:18.280+0000][551.761s][info ][safepoint     ] Application time: 1.0004698 seconds
[2023-11-09T11:11:18.280+0000][551.761s][info ][safepoint     ] Entering safepoint region: Cleanup
[2023-11-09T11:11:18.280+0000][551.761s][info ][safepoint     ] Leaving safepoint region
[2023-11-09T11:11:18.281+0000][551.761s][info ][safepoint     ] Total time for which application threads were stopped: 0.0007042 seconds, Stopping threads took: 0.0003030 seconds
[2023-11-09T11:11:19.281+0000][552.762s][debug][safepoint     ] Safepoint synchronization initiated. (168 threads)
[2023-11-09T11:11:19.282+0000][552.763s][info ][safepoint     ] Application time: 1.0009850 seconds
[2023-11-09T11:11:19.283+0000][552.763s][info ][safepoint     ] Entering safepoint region: Cleanup
[2023-11-09T11:11:19.283+0000][552.764s][info ][safepoint     ] Leaving safepoint region
[2023-11-09T11:11:19.284+0000][552.765s][info ][safepoint     ] Total time for which application threads were stopped: 0.0013410 seconds, Stopping threads took: 0.0006465 seconds
[2023-11-09T11:11:20.285+0000][553.765s][debug][safepoint     ] Safepoint synchronization initiated. (168 threads)
[2023-11-09T11:11:20.285+0000][553.766s][info ][safepoint     ] Application time: 1.0007533 seconds
[2023-11-09T11:11:20.286+0000][553.766s][info ][safepoint     ] Entering safepoint region: Cleanup
[2023-11-09T11:11:20.286+0000][553.767s][info ][safepoint     ] Leaving safepoint region
[2023-11-09T11:11:20.286+0000][553.767s][info ][safepoint     ] Total time for which application threads were stopped: 0.0009795 seconds, Stopping threads took: 0.0004190 seconds
[2023-11-09T11:11:21.287+0000][554.768s][debug][safepoint     ] Safepoint synchronization initiated. (168 threads)
[2023-11-09T11:11:21.288+0000][554.768s][info ][safepoint     ] Application time: 1.0006611 seconds
[2023-11-09T11:11:21.288+0000][554.769s][info ][safepoint     ] Entering safepoint region: Cleanup
[2023-11-09T11:11:21.289+0000][554.770s][info ][safepoint     ] Leaving safepoint region
[2023-11-09T11:11:21.289+0000][554.770s][info ][safepoint     ] Total time for which application threads were stopped: 0.0011647 seconds, Stopping threads took: 0.0005769 seconds
[2023-11-09T11:11:22.290+0000][555.771s][debug][safepoint     ] Safepoint synchronization initiated. (168 threads)
[2023-11-09T11:11:22.290+0000][555.771s][info ][safepoint     ] Application time: 1.0006391 seconds
[2023-11-09T11:11:22.291+0000][555.772s][info ][safepoint     ] Entering safepoint region: Cleanup
[2023-11-09T11:11:22.291+0000][555.772s][info ][safepoint     ] Leaving safepoint region
[2023-11-09T11:11:22.292+0000][555.772s][info ][safepoint     ] Total time for which application threads were stopped: 0.0008590 seconds, Stopping threads took: 0.0003171 seconds
[2023-11-09T11:11:23.292+0000][556.773s][debug][safepoint     ] Safepoint synchronization initiated. (168 threads)
[2023-11-09T11:11:23.293+0000][556.774s][info ][safepoint     ] Application time: 1.0009432 seconds
[2023-11-09T11:11:23.294+0000][556.774s][info ][safepoint     ] Entering safepoint region: Cleanup
[2023-11-09T11:11:23.294+0000][556.775s][info ][safepoint     ] Leaving safepoint region
[2023-11-09T11:11:23.295+0000][556.776s][info ][safepoint     ] Total time for which application threads were stopped: 0.0012483 seconds, Stopping threads took: 0.0004737 seconds
[2023-11-09T11:11:24.295+0000][557.776s][debug][safepoint     ] Safepoint synchronization initiated. (168 threads)
[2023-11-09T11:11:24.296+0000][557.777s][info ][safepoint     ] Application time: 1.0006369 seconds
[2023-11-09T11:11:24.296+0000][557.777s][info ][safepoint     ] Entering safepoint region: Cleanup
[2023-11-09T11:11:24.297+0000][557.778s][info ][safepoint     ] Leaving safepoint region
[2023-11-09T11:11:24.297+0000][557.778s][info ][safepoint     ] Total time for which application threads were stopped: 0.0010766 seconds, Stopping threads took: 0.0004899 seconds
[2023-11-09T11:11:25.298+0000][558.779s][debug][safepoint     ] Safepoint synchronization initiated. (168 threads)
[2023-11-09T11:11:25.299+0000][558.780s][info ][safepoint     ] Application time: 1.0015040 seconds
[2023-11-09T11:11:25.300+0000][558.781s][info ][safepoint     ] Entering safepoint region: Cleanup
[2023-11-09T11:11:25.301+0000][558.782s][info ][safepoint     ] Leaving safepoint region
[2023-11-09T11:11:25.302+0000][558.783s][info ][safepoint     ] Total time for which application threads were stopped: 0.0020810 seconds, Stopping threads took: 0.0009818 seconds
[2023-11-09T11:11:26.303+0000][559.784s][debug][safepoint     ] Safepoint synchronization initiated. (168 threads)
[2023-11-09T11:11:26.304+0000][559.785s][info ][safepoint     ] Application time: 1.0014810 seconds
[2023-11-09T11:11:26.306+0000][559.786s][info ][safepoint     ] Entering safepoint region: Cleanup
[2023-11-09T11:11:26.307+0000][559.788s][info ][safepoint     ] Leaving safepoint region
[2023-11-09T11:11:26.308+0000][559.788s][info ][safepoint     ] Total time for which application threads were stopped: 0.0021998 seconds, Stopping threads took: 0.0009839 seconds
[2023-11-09T11:11:27.309+0000][560.790s][debug][safepoint     ] Safepoint synchronization initiated. (168 threads)
[2023-11-09T11:11:27.310+0000][560.790s][info ][safepoint     ] Application time: 1.0010430 seconds
[2023-11-09T11:11:27.310+0000][560.791s][debug][safepoint     ] ... found polling page return exception at pc = 0x00007fb4f0b14274, stub =0x00007fb4e8840600
[2023-11-09T11:11:27.311+0000][560.792s][debug][safepoint     ] Waiting for 1 thread(s) to block
[2023-11-09T11:11:27.311+0000][560.792s][info ][safepoint     ] Entering safepoint region: Cleanup
[2023-11-09T11:11:27.312+0000][560.793s][info ][safepoint     ] Leaving safepoint region
[2023-11-09T11:11:27.313+0000][560.794s][info ][safepoint     ] Total time for which application threads were stopped: 0.0024267 seconds, Stopping threads took: 0.0017775 seconds
[2023-11-09T11:11:28.313+0000][561.794s][debug][safepoint     ] Safepoint synchronization initiated. (168 threads)
[2023-11-09T11:11:28.314+0000][561.795s][info ][safepoint     ] Application time: 1.0008389 seconds
[2023-11-09T11:11:28.315+0000][561.796s][info ][safepoint     ] Entering safepoint region: Cleanup
[2023-11-09T11:11:28.316+0000][561.796s][info ][safepoint     ] Leaving safepoint region
[2023-11-09T11:11:28.316+0000][561.797s][info ][safepoint     ] Total time for which application threads were stopped: 0.0014441 seconds, Stopping threads took: 0.0006838 seconds
[2023-11-09T11:11:29.317+0000][562.798s][debug][safepoint     ] Safepoint synchronization initiated. (168 threads)
[2023-11-09T11:11:29.318+0000][562.798s][info ][safepoint     ] Application time: 1.0010164 seconds
[2023-11-09T11:11:29.318+0000][562.799s][info ][safepoint     ] Entering safepoint region: Cleanup
[2023-11-09T11:11:29.319+0000][562.800s][info ][safepoint     ] Leaving safepoint region
[2023-11-09T11:11:29.320+0000][562.800s][info ][safepoint     ] Total time for which application threads were stopped: 0.0013088 seconds, Stopping threads took: 0.0005427 seconds
[2023-11-09T11:11:30.320+0000][563.801s][debug][safepoint     ] Safepoint synchronization initiated. (168 threads)
[2023-11-09T11:11:30.321+0000][563.802s][info ][safepoint     ] Application time: 1.0008335 seconds
[2023-11-09T11:11:30.322+0000][563.803s][info ][safepoint     ] Entering safepoint region: Cleanup
[2023-11-09T11:11:30.323+0000][563.803s][info ][safepoint     ] Leaving safepoint region
[2023-11-09T11:11:30.323+0000][563.804s][info ][safepoint     ] Total time for which application threads were stopped: 0.0015188 seconds, Stopping threads took: 0.0006820 seconds
[2023-11-09T11:11:31.324+0000][564.805s][debug][safepoint     ] Safepoint synchronization initiated. (168 threads)
[2023-11-09T11:11:31.325+0000][564.806s][info ][safepoint     ] Application time: 1.0010533 seconds
[2023-11-09T11:11:31.326+0000][564.807s][info ][safepoint     ] Entering safepoint region: Cleanup
[2023-11-09T11:11:31.327+0000][564.808s][info ][safepoint     ] Leaving safepoint region
[2023-11-09T11:11:31.328+0000][564.808s][info ][safepoint     ] Total time for which application threads were stopped: 0.0017168 seconds, Stopping threads took: 0.0007462 seconds
[2023-11-09T11:11:32.329+0000][565.809s][debug][safepoint     ] Safepoint synchronization initiated. (168 threads)
[2023-11-09T11:11:32.330+0000][565.811s][info ][safepoint     ] Application time: 1.0013792 seconds
[2023-11-09T11:11:32.330+0000][565.811s][info ][safepoint     ] Entering safepoint region: Cleanup
[2023-11-09T11:11:32.331+0000][565.812s][info ][safepoint     ] Leaving safepoint region
[2023-11-09T11:11:32.331+0000][565.812s][info ][safepoint     ] Total time for which application threads were stopped: 0.0010511 seconds, Stopping threads took: 0.0004494 seconds
[2023-11-09T11:11:33.332+0000][566.813s][debug][safepoint     ] Safepoint synchronization initiated. (168 threads)
[2023-11-09T11:11:33.333+0000][566.813s][info ][safepoint     ] Application time: 1.0010668 seconds
[2023-11-09T11:11:33.333+0000][566.814s][info ][safepoint     ] Entering safepoint region: Cleanup
[2023-11-09T11:11:33.334+0000][566.815s][info ][safepoint     ] Leaving safepoint region
[2023-11-09T11:11:33.335+0000][566.816s][info ][safepoint     ] Total time for which application threads were stopped: 0.0015096 seconds, Stopping threads took: 0.0006961 seconds
[2023-11-09T11:11:34.336+0000][567.816s][debug][safepoint     ] Safepoint synchronization initiated. (168 threads)
[2023-11-09T11:11:34.336+0000][567.817s][info ][safepoint     ] Application time: 1.0011365 seconds
[2023-11-09T11:11:34.337+0000][567.818s][info ][safepoint     ] Entering safepoint region: Cleanup
[2023-11-09T11:11:34.338+0000][567.819s][info ][safepoint     ] Leaving safepoint region
[2023-11-09T11:11:34.339+0000][567.820s][info ][safepoint     ] Total time for which application threads were stopped: 0.0017957 seconds, Stopping threads took: 0.0007334 seconds
[2023-11-09T11:11:35.340+0000][568.821s][debug][safepoint     ] Safepoint synchronization initiated. (168 threads)
[2023-11-09T11:11:35.341+0000][568.822s][info ][safepoint     ] Application time: 1.0014150 seconds
[2023-11-09T11:11:35.342+0000][568.823s][info ][safepoint     ] Entering safepoint region: Cleanup
[2023-11-09T11:11:35.344+0000][568.824s][info ][safepoint     ] Leaving safepoint region
[2023-11-09T11:11:35.345+0000][568.825s][info ][safepoint     ] Total time for which application threads were stopped: 0.0022651 seconds, Stopping threads took: 0.0010708 seconds
[2023-11-09T11:11:35.344+0000][568.825s][debug][safepoint     ] ... found polling page return exception at pc = 0x00007fb4f0d6dc84, stub =0x00007fb4e8840600
[2023-11-09T11:11:35.344+0000][568.825s][debug][safepoint     ] ... found polling page return exception at pc = 0x00007fb4f0d6dc84, stub =0x00007fb4e8840600
[2023-11-09T11:11:36.346+0000][569.827s][debug][safepoint     ] Safepoint synchronization initiated. (168 threads)
[2023-11-09T11:11:36.346+0000][569.827s][info ][safepoint     ] Application time: 1.0007665 seconds
[2023-11-09T11:11:36.347+0000][569.827s][info ][safepoint     ] Entering safepoint region: Cleanup
[2023-11-09T11:11:36.347+0000][569.828s][info ][safepoint     ] Leaving safepoint region
[2023-11-09T11:11:36.348+0000][569.829s][info ][safepoint     ] Total time for which application threads were stopped: 0.0011760 seconds, Stopping threads took: 0.0005376 seconds
[2023-11-09T11:11:37.348+0000][570.829s][debug][safepoint     ] Safepoint synchronization initiated. (168 threads)
[2023-11-09T11:11:37.349+0000][570.830s][info ][safepoint     ] Application time: 1.0008555 seconds
[2023-11-09T11:11:37.349+0000][570.830s][info ][safepoint     ] Entering safepoint region: Cleanup
[2023-11-09T11:11:37.350+0000][570.831s][info ][safepoint     ] Leaving safepoint region
[2023-11-09T11:11:37.351+0000][570.832s][info ][safepoint     ] Total time for which application threads were stopped: 0.0012919 seconds, Stopping threads took: 0.0005100 seconds
[2023-11-09T11:11:38.351+0000][571.832s][debug][safepoint     ] Safepoint synchronization initiated. (168 threads)
[2023-11-09T11:11:38.352+0000][571.833s][info ][safepoint     ] Application time: 1.0006835 seconds
[2023-11-09T11:11:38.352+0000][571.833s][info ][safepoint     ] Entering safepoint region: Cleanup
[2023-11-09T11:11:38.353+0000][571.834s][info ][safepoint     ] Leaving safepoint region
[2023-11-09T11:11:38.353+0000][571.834s][info ][safepoint     ] Total time for which application threads were stopped: 0.0010145 seconds, Stopping threads took: 0.0004536 seconds
[2023-11-09T11:11:39.354+0000][572.835s][debug][safepoint     ] Safepoint synchronization initiated. (168 threads)
[2023-11-09T11:11:39.355+0000][572.836s][info ][safepoint     ] Application time: 1.0010035 seconds
[2023-11-09T11:11:39.355+0000][572.836s][info ][safepoint     ] Entering safepoint region: Cleanup
[2023-11-09T11:11:39.356+0000][572.837s][info ][safepoint     ] Leaving safepoint region
[2023-11-09T11:11:39.357+0000][572.838s][info ][safepoint     ] Total time for which application threads were stopped: 0.0015627 seconds, Stopping threads took: 0.0006911 seconds
[2023-11-09T11:11:40.358+0000][573.838s][debug][safepoint     ] Safepoint synchronization initiated. (168 threads)
[2023-11-09T11:11:40.358+0000][573.839s][info ][safepoint     ] Application time: 1.0006201 seconds
[2023-11-09T11:11:40.359+0000][573.839s][info ][safepoint     ] Entering safepoint region: Cleanup
[2023-11-09T11:11:40.359+0000][573.840s][info ][safepoint     ] Leaving safepoint region
[2023-11-09T11:11:40.359+0000][573.840s][info ][safepoint     ] Total time for which application threads were stopped: 0.0008530 seconds, Stopping threads took: 0.0003493 seconds
[2023-11-09T11:11:41.360+0000][574.841s][debug][safepoint     ] Safepoint synchronization initiated. (168 threads)
[2023-11-09T11:11:41.360+0000][574.841s][info ][safepoint     ] Application time: 1.0004839 seconds
[2023-11-09T11:11:41.361+0000][574.841s][info ][safepoint     ] Entering safepoint region: Cleanup
[2023-11-09T11:11:41.361+0000][574.842s][info ][safepoint     ] Leaving safepoint region
[2023-11-09T11:11:41.361+0000][574.842s][info ][safepoint     ] Total time for which application threads were stopped: 0.0009162 seconds, Stopping threads took: 0.0003914 seconds
[2023-11-09T11:11:42.362+0000][575.843s][debug][safepoint     ] Safepoint synchronization initiated. (168 threads)
[2023-11-09T11:11:42.363+0000][575.843s][info ][safepoint     ] Application time: 1.0007429 seconds
[2023-11-09T11:11:42.363+0000][575.844s][info ][safepoint     ] Entering safepoint region: Cleanup
[2023-11-09T11:11:42.364+0000][575.845s][info ][safepoint     ] Leaving safepoint region
[2023-11-09T11:11:42.364+0000][575.845s][info ][safepoint     ] Total time for which application threads were stopped: 0.0012820 seconds, Stopping threads took: 0.0005479 seconds
[2023-11-09T11:11:43.365+0000][576.846s][debug][safepoint     ] Safepoint synchronization initiated. (168 threads)
[2023-11-09T11:11:43.366+0000][576.846s][info ][safepoint     ] Application time: 1.0008394 seconds
[2023-11-09T11:11:43.366+0000][576.847s][info ][safepoint     ] Entering safepoint region: Cleanup
[2023-11-09T11:11:43.367+0000][576.848s][info ][safepoint     ] Leaving safepoint region
[2023-11-09T11:11:43.367+0000][576.848s][info ][safepoint     ] Total time for which application threads were stopped: 0.0011615 seconds, Stopping threads took: 0.0004976 seconds
[2023-11-09T11:11:44.368+0000][577.849s][debug][safepoint     ] Safepoint synchronization initiated. (168 threads)
[2023-11-09T11:11:44.368+0000][577.849s][info ][safepoint     ] Application time: 1.0005843 seconds
[2023-11-09T11:11:44.369+0000][577.849s][info ][safepoint     ] Entering safepoint region: Cleanup
[2023-11-09T11:11:44.369+0000][577.850s][info ][safepoint     ] Leaving safepoint region
[2023-11-09T11:11:44.369+0000][577.850s][info ][safepoint     ] Total time for which application threads were stopped: 0.0007354 seconds, Stopping threads took: 0.0003051 seconds
[2023-11-09T11:11:45.370+0000][578.850s][debug][safepoint     ] Safepoint synchronization initiated. (168 threads)
[2023-11-09T11:11:45.370+0000][578.851s][info ][safepoint     ] Application time: 1.0009935 seconds
[2023-11-09T11:11:45.371+0000][578.852s][info ][safepoint     ] Entering safepoint region: Cleanup
[2023-11-09T11:11:45.372+0000][578.853s][info ][safepoint     ] Leaving safepoint region
[2023-11-09T11:11:45.373+0000][578.854s][info ][safepoint     ] Total time for which application threads were stopped: 0.0016363 seconds, Stopping threads took: 0.0007408 seconds
[2023-11-09T11:11:46.374+0000][579.855s][debug][safepoint     ] Safepoint synchronization initiated. (168 threads)
[2023-11-09T11:11:46.374+0000][579.855s][info ][safepoint     ] Application time: 1.0008960 seconds
[2023-11-09T11:11:46.375+0000][579.856s][info ][safepoint     ] Entering safepoint region: Cleanup
[2023-11-09T11:11:46.376+0000][579.857s][info ][safepoint     ] Leaving safepoint region
[2023-11-09T11:11:46.376+0000][579.857s][info ][safepoint     ] Total time for which application threads were stopped: 0.0013848 seconds, Stopping threads took: 0.0006205 seconds
[2023-11-09T11:11:47.377+0000][580.858s][debug][safepoint     ] Safepoint synchronization initiated. (168 threads)
[2023-11-09T11:11:47.378+0000][580.858s][info ][safepoint     ] Application time: 1.0005785 seconds
[2023-11-09T11:11:47.378+0000][580.859s][info ][safepoint     ] Entering safepoint region: Cleanup
[2023-11-09T11:11:47.378+0000][580.859s][info ][safepoint     ] Leaving safepoint region
[2023-11-09T11:11:47.379+0000][580.859s][info ][safepoint     ] Total time for which application threads were stopped: 0.0007667 seconds, Stopping threads took: 0.0003223 seconds
[2023-11-09T11:11:48.379+0000][581.860s][debug][safepoint     ] Safepoint synchronization initiated. (168 threads)
[2023-11-09T11:11:48.380+0000][581.860s][info ][safepoint     ] Application time: 1.0006259 seconds
[2023-11-09T11:11:48.380+0000][581.861s][info ][safepoint     ] Entering safepoint region: Cleanup
[2023-11-09T11:11:48.381+0000][581.861s][info ][safepoint     ] Leaving safepoint region
[2023-11-09T11:11:48.381+0000][581.862s][info ][safepoint     ] Total time for which application threads were stopped: 0.0010518 seconds, Stopping threads took: 0.0004171 seconds
[2023-11-09T11:11:49.382+0000][582.862s][debug][safepoint     ] Safepoint synchronization initiated. (168 threads)
[2023-11-09T11:11:49.382+0000][582.863s][info ][safepoint     ] Application time: 1.0006563 seconds
[2023-11-09T11:11:49.383+0000][582.863s][info ][safepoint     ] Entering safepoint region: Cleanup
[2023-11-09T11:11:49.383+0000][582.864s][info ][safepoint     ] Leaving safepoint region
[2023-11-09T11:11:49.384+0000][582.864s][info ][safepoint     ] Total time for which application threads were stopped: 0.0009372 seconds, Stopping threads took: 0.0004164 seconds
[2023-11-09T11:11:50.384+0000][583.865s][debug][safepoint     ] Safepoint synchronization initiated. (168 threads)
[2023-11-09T11:11:50.385+0000][583.866s][info ][safepoint     ] Application time: 1.0009170 seconds
[2023-11-09T11:11:50.385+0000][583.866s][info ][safepoint     ] Entering safepoint region: Cleanup
[2023-11-09T11:11:50.386+0000][583.867s][info ][safepoint     ] Leaving safepoint region
[2023-11-09T11:11:50.387+0000][583.868s][info ][safepoint     ] Total time for which application threads were stopped: 0.0014101 seconds, Stopping threads took: 0.0006984 seconds
[2023-11-09T11:11:51.387+0000][584.868s][debug][safepoint     ] Safepoint synchronization initiated. (168 threads)
[2023-11-09T11:11:51.388+0000][584.869s][info ][safepoint     ] Application time: 1.0006106 seconds
[2023-11-09T11:11:51.388+0000][584.869s][info ][safepoint     ] Entering safepoint region: Cleanup
[2023-11-09T11:11:51.389+0000][584.870s][info ][safepoint     ] Leaving safepoint region
[2023-11-09T11:11:51.389+0000][584.870s][info ][safepoint     ] Total time for which application threads were stopped: 0.0010590 seconds, Stopping threads took: 0.0004759 seconds
[2023-11-09T11:11:52.390+0000][585.871s][debug][safepoint     ] Safepoint synchronization initiated. (168 threads)
[2023-11-09T11:11:52.390+0000][585.871s][info ][safepoint     ] Application time: 1.0006681 seconds
[2023-11-09T11:11:52.391+0000][585.872s][info ][safepoint     ] Entering safepoint region: Cleanup
[2023-11-09T11:11:52.391+0000][585.872s][info ][safepoint     ] Leaving safepoint region
[2023-11-09T11:11:52.392+0000][585.873s][info ][safepoint     ] Total time for which application threads were stopped: 0.0010922 seconds, Stopping threads took: 0.0004950 seconds
[2023-11-09T11:11:53.392+0000][586.873s][debug][safepoint     ] Safepoint synchronization initiated. (169 threads)
[2023-11-09T11:11:53.393+0000][586.874s][info ][safepoint     ] Application time: 1.0007790 seconds
[2023-11-09T11:11:53.394+0000][586.874s][info ][safepoint     ] Entering safepoint region: Cleanup
[2023-11-09T11:11:53.394+0000][586.875s][info ][safepoint     ] Leaving safepoint region
[2023-11-09T11:11:53.395+0000][586.876s][info ][safepoint     ] Total time for which application threads were stopped: 0.0014065 seconds, Stopping threads took: 0.0006109 seconds
[2023-11-09T11:11:54.396+0000][587.877s][debug][safepoint     ] Safepoint synchronization initiated. (169 threads)
[2023-11-09T11:11:54.397+0000][587.877s][info ][safepoint     ] Application time: 1.0011778 seconds
[2023-11-09T11:11:54.398+0000][587.878s][info ][safepoint     ] Entering safepoint region: Cleanup
[2023-11-09T11:11:54.398+0000][587.879s][info ][safepoint     ] Leaving safepoint region
[2023-11-09T11:11:54.399+0000][587.880s][info ][safepoint     ] Total time for which application threads were stopped: 0.0014864 seconds, Stopping threads took: 0.0006900 seconds
[2023-11-09T11:11:55.400+0000][588.881s][debug][safepoint     ] Safepoint synchronization initiated. (169 threads)
[2023-11-09T11:11:55.400+0000][588.881s][info ][safepoint     ] Application time: 1.0008794 seconds
[2023-11-09T11:11:55.401+0000][588.882s][info ][safepoint     ] Entering safepoint region: Cleanup
[2023-11-09T11:11:55.402+0000][588.883s][info ][safepoint     ] Leaving safepoint region
[2023-11-09T11:11:55.403+0000][588.884s][info ][safepoint     ] Total time for which application threads were stopped: 0.0016557 seconds, Stopping threads took: 0.0006695 seconds
[2023-11-09T11:11:56.404+0000][589.884s][debug][safepoint     ] Safepoint synchronization initiated. (169 threads)
[2023-11-09T11:11:56.404+0000][589.885s][info ][safepoint     ] Application time: 1.0008829 seconds
[2023-11-09T11:11:56.405+0000][589.886s][info ][safepoint     ] Entering safepoint region: Cleanup
[2023-11-09T11:11:56.405+0000][589.886s][info ][safepoint     ] Leaving safepoint region
[2023-11-09T11:11:56.406+0000][589.887s][info ][safepoint     ] Total time for which application threads were stopped: 0.0010196 seconds, Stopping threads took: 0.0004537 seconds
[2023-11-09T11:11:57.406+0000][590.887s][debug][safepoint     ] Safepoint synchronization initiated. (169 threads)
[2023-11-09T11:11:57.407+0000][590.888s][info ][safepoint     ] Application time: 1.0010215 seconds
[2023-11-09T11:11:57.408+0000][590.889s][info ][safepoint     ] Entering safepoint region: Cleanup
[2023-11-09T11:11:57.409+0000][590.890s][info ][safepoint     ] Leaving safepoint region
[2023-11-09T11:11:57.410+0000][590.890s][info ][safepoint     ] Total time for which application threads were stopped: 0.0017824 seconds, Stopping threads took: 0.0007630 seconds
[2023-11-09T11:11:58.410+0000][591.891s][debug][safepoint     ] Safepoint synchronization initiated. (169 threads)
[2023-11-09T11:11:58.411+0000][591.892s][info ][safepoint     ] Application time: 1.0006681 seconds
[2023-11-09T11:11:58.411+0000][591.892s][info ][safepoint     ] Entering safepoint region: Cleanup
[2023-11-09T11:11:58.412+0000][591.893s][info ][safepoint     ] Leaving safepoint region
[2023-11-09T11:11:58.412+0000][591.893s][info ][safepoint     ] Total time for which application threads were stopped: 0.0010468 seconds, Stopping threads took: 0.0004337 seconds
[2023-11-09T11:11:59.413+0000][592.894s][debug][safepoint     ] Safepoint synchronization initiated. (169 threads)
[2023-11-09T11:11:59.414+0000][592.895s][info ][safepoint     ] Application time: 1.0008811 seconds
[2023-11-09T11:11:59.414+0000][592.895s][info ][safepoint     ] Entering safepoint region: Cleanup
[2023-11-09T11:11:59.415+0000][592.896s][info ][safepoint     ] Leaving safepoint region
[2023-11-09T11:11:59.415+0000][592.896s][info ][safepoint     ] Total time for which application threads were stopped: 0.0011839 seconds, Stopping threads took: 0.0005334 seconds
[2023-11-09T11:12:00.416+0000][593.897s][debug][safepoint     ] Safepoint synchronization initiated. (169 threads)
[2023-11-09T11:12:00.417+0000][593.897s][info ][safepoint     ] Application time: 1.0007531 seconds
[2023-11-09T11:12:00.417+0000][593.898s][info ][safepoint     ] Entering safepoint region: Cleanup
[2023-11-09T11:12:00.418+0000][593.899s][info ][safepoint     ] Leaving safepoint region
[2023-11-09T11:12:00.418+0000][593.899s][info ][safepoint     ] Total time for which application threads were stopped: 0.0010945 seconds, Stopping threads took: 0.0004869 seconds
[2023-11-09T11:12:01.419+0000][594.900s][debug][safepoint     ] Safepoint synchronization initiated. (169 threads)
[2023-11-09T11:12:01.419+0000][594.900s][info ][safepoint     ] Application time: 1.0007036 seconds
[2023-11-09T11:12:01.420+0000][594.901s][info ][safepoint     ] Entering safepoint region: Cleanup
[2023-11-09T11:12:01.420+0000][594.901s][info ][safepoint     ] Leaving safepoint region
[2023-11-09T11:12:01.421+0000][594.902s][info ][safepoint     ] Total time for which application threads were stopped: 0.0013288 seconds, Stopping threads took: 0.0004525 seconds
[2023-11-09T11:12:02.032+0000][595.513s][debug][safepoint     ] Safepoint synchronization initiated. (169 threads)
[2023-11-09T11:12:02.032+0000][595.513s][info ][safepoint     ] Application time: 0.6107118 seconds
[2023-11-09T11:12:02.032+0000][595.513s][info ][safepoint     ] Entering safepoint region: G1CollectForAllocation
[2023-11-09T11:12:02.033+0000][595.514s][info ][gc,start      ] GC(66) Pause Young (Normal) (G1 Evacuation Pause)
[2023-11-09T11:12:02.033+0000][595.514s][info ][gc,task       ] GC(66) Using 8 workers of 8 for evacuation
[2023-11-09T11:12:02.051+0000][595.532s][info ][gc,phases     ] GC(66)   Pre Evacuate Collection Set: 0.0ms
[2023-11-09T11:12:02.052+0000][595.533s][info ][gc,phases     ] GC(66)   Evacuate Collection Set: 13.3ms
[2023-11-09T11:12:02.053+0000][595.533s][info ][gc,phases     ] GC(66)   Post Evacuate Collection Set: 4.2ms
[2023-11-09T11:12:02.053+0000][595.534s][info ][gc,phases     ] GC(66)   Other: 0.8ms
[2023-11-09T11:12:02.053+0000][595.534s][info ][gc,heap       ] GC(66) Eden regions: 183->0(185)
[2023-11-09T11:12:02.054+0000][595.535s][info ][gc,heap       ] GC(66) Survivor regions: 17->14(25)
[2023-11-09T11:12:02.054+0000][595.535s][info ][gc,heap       ] GC(66) Old regions: 138->142
[2023-11-09T11:12:02.055+0000][595.536s][info ][gc,heap       ] GC(66) Humongous regions: 0->0
[2023-11-09T11:12:02.055+0000][595.536s][info ][gc,metaspace  ] GC(66) Metaspace: 159167K(164432K)->159167K(164432K) NonClass: 140533K(143824K)->140533K(143824K) Class: 18634K(20608K)->18634K(20608K)
[2023-11-09T11:12:02.056+0000][595.537s][info ][gc            ] GC(66) Pause Young (Normal) (G1 Evacuation Pause) 335M->154M(395M) 22.948ms
[2023-11-09T11:12:02.056+0000][595.537s][info ][gc,cpu        ] GC(66) User=0.12s Sys=0.01s Real=0.02s
[2023-11-09T11:12:02.057+0000][595.538s][info ][safepoint     ] Leaving safepoint region
[2023-11-09T11:12:02.058+0000][595.538s][info ][safepoint     ] Total time for which application threads were stopped: 0.0252302 seconds, Stopping threads took: 0.0003486 seconds
[2023-11-09T11:12:02.058+0000][595.539s][info ][gc,stringdedup] Concurrent String Deduplication (595.539s)
[2023-11-09T11:12:02.059+0000][595.540s][info ][gc,stringdedup] Concurrent String Deduplication 21328.0B->7680.0B(13648.0B) avg 54.3% (595.539s, 595.540s) 0.907ms
[2023-11-09T11:12:03.058+0000][596.539s][debug][safepoint     ] Safepoint synchronization initiated. (169 threads)
[2023-11-09T11:12:03.059+0000][596.540s][info ][safepoint     ] Application time: 1.0007460 seconds
[2023-11-09T11:12:03.059+0000][596.540s][info ][safepoint     ] Entering safepoint region: Cleanup
[2023-11-09T11:12:03.060+0000][596.541s][info ][safepoint     ] Leaving safepoint region
[2023-11-09T11:12:03.060+0000][596.541s][info ][safepoint     ] Total time for which application threads were stopped: 0.0011512 seconds, Stopping threads took: 0.0005613 seconds
[2023-11-09T11:12:04.061+0000][597.542s][debug][safepoint     ] Safepoint synchronization initiated. (169 threads)
[2023-11-09T11:12:04.061+0000][597.542s][info ][safepoint     ] Application time: 1.0007676 seconds
[2023-11-09T11:12:04.062+0000][597.543s][info ][safepoint     ] Entering safepoint region: Cleanup
[2023-11-09T11:12:04.063+0000][597.544s][info ][safepoint     ] Leaving safepoint region
[2023-11-09T11:12:04.063+0000][597.544s][info ][safepoint     ] Total time for which application threads were stopped: 0.0011250 seconds, Stopping threads took: 0.0005095 seconds
[2023-11-09T11:12:05.064+0000][598.545s][debug][safepoint     ] Safepoint synchronization initiated. (169 threads)
[2023-11-09T11:12:05.064+0000][598.545s][info ][safepoint     ] Application time: 1.0007574 seconds
[2023-11-09T11:12:05.065+0000][598.546s][info ][safepoint     ] Entering safepoint region: Cleanup
[2023-11-09T11:12:05.066+0000][598.546s][info ][safepoint     ] Leaving safepoint region
[2023-11-09T11:12:05.066+0000][598.547s][info ][safepoint     ] Total time for which application threads were stopped: 0.0010837 seconds, Stopping threads took: 0.0004887 seconds
[2023-11-09T11:12:06.066+0000][599.547s][debug][safepoint     ] Safepoint synchronization initiated. (169 threads)
[2023-11-09T11:12:06.067+0000][599.548s][info ][safepoint     ] Application time: 1.0009120 seconds
[2023-11-09T11:12:06.068+0000][599.548s][info ][safepoint     ] Entering safepoint region: Cleanup
[2023-11-09T11:12:06.068+0000][599.549s][info ][safepoint     ] Leaving safepoint region
[2023-11-09T11:12:06.069+0000][599.550s][info ][safepoint     ] Total time for which application threads were stopped: 0.0011655 seconds, Stopping threads took: 0.0004846 seconds
[2023-11-09T11:12:07.069+0000][600.550s][debug][safepoint     ] Safepoint synchronization initiated. (169 threads)
[2023-11-09T11:12:07.070+0000][600.551s][info ][safepoint     ] Application time: 1.0009197 seconds
[2023-11-09T11:12:07.071+0000][600.552s][info ][safepoint     ] Entering safepoint region: Cleanup
[2023-11-09T11:12:07.071+0000][600.552s][info ][safepoint     ] Leaving safepoint region
[2023-11-09T11:12:07.072+0000][600.553s][info ][safepoint     ] Total time for which application threads were stopped: 0.0013338 seconds, Stopping threads took: 0.0006103 seconds
[2023-11-09T11:12:08.073+0000][601.554s][debug][safepoint     ] Safepoint synchronization initiated. (169 threads)
[2023-11-09T11:12:08.073+0000][601.554s][info ][safepoint     ] Application time: 1.0007335 seconds
[2023-11-09T11:12:08.074+0000][601.555s][info ][safepoint     ] Entering safepoint region: Cleanup
[2023-11-09T11:12:08.074+0000][601.555s][info ][safepoint     ] Leaving safepoint region
[2023-11-09T11:12:08.075+0000][601.556s][info ][safepoint     ] Total time for which application threads were stopped: 0.0011207 seconds, Stopping threads took: 0.0004781 seconds
[2023-11-09T11:12:09.075+0000][602.556s][debug][safepoint     ] Safepoint synchronization initiated. (169 threads)
[2023-11-09T11:12:09.076+0000][602.557s][info ][safepoint     ] Application time: 1.0006364 seconds
[2023-11-09T11:12:09.076+0000][602.557s][info ][safepoint     ] Entering safepoint region: Cleanup
[2023-11-09T11:12:09.077+0000][602.558s][info ][safepoint     ] Leaving safepoint region
[2023-11-09T11:12:09.078+0000][602.559s][info ][safepoint     ] Total time for which application threads were stopped: 0.0013897 seconds, Stopping threads took: 0.0005890 seconds
[2023-11-09T11:12:10.078+0000][603.559s][debug][safepoint     ] Safepoint synchronization initiated. (169 threads)
[2023-11-09T11:12:10.079+0000][603.560s][info ][safepoint     ] Application time: 1.0009063 seconds
[2023-11-09T11:12:10.080+0000][603.561s][info ][safepoint     ] Entering safepoint region: Cleanup
[2023-11-09T11:12:10.080+0000][603.561s][info ][safepoint     ] Leaving safepoint region
[2023-11-09T11:12:10.081+0000][603.562s][info ][safepoint     ] Total time for which application threads were stopped: 0.0013496 seconds, Stopping threads took: 0.0005599 seconds
[2023-11-09T11:12:11.082+0000][604.563s][debug][safepoint     ] Safepoint synchronization initiated. (169 threads)
[2023-11-09T11:12:11.083+0000][604.564s][info ][safepoint     ] Application time: 1.0012787 seconds
[2023-11-09T11:12:11.084+0000][604.565s][info ][safepoint     ] Entering safepoint region: Cleanup
[2023-11-09T11:12:11.085+0000][604.566s][info ][safepoint     ] Leaving safepoint region
[2023-11-09T11:12:11.085+0000][604.566s][info ][safepoint     ] Total time for which application threads were stopped: 0.0016464 seconds, Stopping threads took: 0.0007306 seconds
[2023-11-09T11:12:12.086+0000][605.567s][debug][safepoint     ] Safepoint synchronization initiated. (169 threads)
[2023-11-09T11:12:12.087+0000][605.568s][info ][safepoint     ] Application time: 1.0006967 seconds
[2023-11-09T11:12:12.087+0000][605.568s][info ][safepoint     ] Entering safepoint region: Cleanup
[2023-11-09T11:12:12.087+0000][605.568s][info ][safepoint     ] Leaving safepoint region
[2023-11-09T11:12:12.088+0000][605.569s][info ][safepoint     ] Total time for which application threads were stopped: 0.0007436 seconds, Stopping threads took: 0.0003263 seconds
[2023-11-09T11:12:13.088+0000][606.569s][debug][safepoint     ] Safepoint synchronization initiated. (169 threads)
[2023-11-09T11:12:13.089+0000][606.570s][info ][safepoint     ] Application time: 1.0008490 seconds
[2023-11-09T11:12:13.090+0000][606.571s][info ][safepoint     ] Entering safepoint region: Cleanup
[2023-11-09T11:12:13.090+0000][606.571s][info ][safepoint     ] Leaving safepoint region
[2023-11-09T11:12:13.091+0000][606.572s][info ][safepoint     ] Total time for which application threads were stopped: 0.0011116 seconds, Stopping threads took: 0.0004445 seconds
[2023-11-09T11:12:14.091+0000][607.572s][debug][safepoint     ] Safepoint synchronization initiated. (169 threads)
[2023-11-09T11:12:14.092+0000][607.573s][info ][safepoint     ] Application time: 1.0011756 seconds
[2023-11-09T11:12:14.093+0000][607.574s][info ][safepoint     ] Entering safepoint region: Cleanup
[2023-11-09T11:12:14.094+0000][607.575s][info ][safepoint     ] Leaving safepoint region
[2023-11-09T11:12:14.095+0000][607.576s][info ][safepoint     ] Total time for which application threads were stopped: 0.0018546 seconds, Stopping threads took: 0.0008770 seconds
[2023-11-09T11:12:15.096+0000][608.577s][debug][safepoint     ] Safepoint synchronization initiated. (169 threads)
[2023-11-09T11:12:15.097+0000][608.578s][info ][safepoint     ] Application time: 1.0014524 seconds
[2023-11-09T11:12:15.098+0000][608.579s][info ][safepoint     ] Entering safepoint region: Cleanup
[2023-11-09T11:12:15.100+0000][608.581s][info ][safepoint     ] Leaving safepoint region
[2023-11-09T11:12:15.101+0000][608.582s][info ][safepoint     ] Total time for which application threads were stopped: 0.0024647 seconds, Stopping threads took: 0.0009552 seconds
[2023-11-09T11:12:16.102+0000][609.583s][debug][safepoint     ] Safepoint synchronization initiated. (169 threads)
[2023-11-09T11:12:16.103+0000][609.584s][info ][safepoint     ] Application time: 1.0013012 seconds
[2023-11-09T11:12:16.104+0000][609.585s][info ][safepoint     ] Entering safepoint region: Cleanup
[2023-11-09T11:12:16.105+0000][609.586s][info ][safepoint     ] Leaving safepoint region
[2023-11-09T11:12:16.105+0000][609.586s][info ][safepoint     ] Total time for which application threads were stopped: 0.0017084 seconds, Stopping threads took: 0.0007356 seconds
[2023-11-09T11:12:17.106+0000][610.587s][debug][safepoint     ] Safepoint synchronization initiated. (169 threads)
[2023-11-09T11:12:17.108+0000][610.589s][info ][safepoint     ] Application time: 1.0017342 seconds
[2023-11-09T11:12:17.109+0000][610.590s][info ][safepoint     ] Entering safepoint region: Cleanup
[2023-11-09T11:12:17.110+0000][610.591s][info ][safepoint     ] Leaving safepoint region
[2023-11-09T11:12:17.111+0000][610.592s][info ][safepoint     ] Total time for which application threads were stopped: 0.0019478 seconds, Stopping threads took: 0.0007965 seconds
[2023-11-09T11:12:18.112+0000][611.593s][debug][safepoint     ] Safepoint synchronization initiated. (169 threads)
[2023-11-09T11:12:18.113+0000][611.594s][info ][safepoint     ] Application time: 1.0015089 seconds
[2023-11-09T11:12:18.114+0000][611.595s][info ][safepoint     ] Entering safepoint region: Cleanup
[2023-11-09T11:12:18.115+0000][611.596s][info ][safepoint     ] Leaving safepoint region
[2023-11-09T11:12:18.116+0000][611.597s][info ][safepoint     ] Total time for which application threads were stopped: 0.0022012 seconds, Stopping threads took: 0.0010391 seconds
[2023-11-09T11:12:19.117+0000][612.598s][debug][safepoint     ] Safepoint synchronization initiated. (169 threads)
[2023-11-09T11:12:19.118+0000][612.600s][info ][safepoint     ] Application time: 1.0015390 seconds
[2023-11-09T11:12:19.120+0000][612.601s][info ][safepoint     ] Entering safepoint region: Cleanup
[2023-11-09T11:12:19.121+0000][612.602s][info ][safepoint     ] Leaving safepoint region
[2023-11-09T11:12:19.122+0000][612.603s][info ][safepoint     ] Total time for which application threads were stopped: 0.0022448 seconds, Stopping threads took: 0.0010934 seconds
[2023-11-09T11:12:20.123+0000][613.604s][debug][safepoint     ] Safepoint synchronization initiated. (169 threads)
[2023-11-09T11:12:20.124+0000][613.605s][info ][safepoint     ] Application time: 1.0014693 seconds
[2023-11-09T11:12:20.125+0000][613.606s][info ][safepoint     ] Entering safepoint region: Cleanup
[2023-11-09T11:12:20.127+0000][613.608s][info ][safepoint     ] Leaving safepoint region
[2023-11-09T11:12:20.127+0000][613.608s][info ][safepoint     ] Total time for which application threads were stopped: 0.0023441 seconds, Stopping threads took: 0.0009476 seconds
[2023-11-09T11:12:21.128+0000][614.610s][debug][safepoint     ] Safepoint synchronization initiated. (169 threads)
[2023-11-09T11:12:21.129+0000][614.611s][info ][safepoint     ] Application time: 1.0013210 seconds
[2023-11-09T11:12:21.130+0000][614.611s][info ][safepoint     ] Entering safepoint region: Cleanup
[2023-11-09T11:12:21.131+0000][614.612s][info ][safepoint     ] Leaving safepoint region
[2023-11-09T11:12:21.132+0000][614.613s][info ][safepoint     ] Total time for which application threads were stopped: 0.0015684 seconds, Stopping threads took: 0.0006621 seconds
[2023-11-09T11:12:22.133+0000][615.614s][debug][safepoint     ] Safepoint synchronization initiated. (169 threads)
[2023-11-09T11:12:22.134+0000][615.615s][info ][safepoint     ] Application time: 1.0011434 seconds
[2023-11-09T11:12:22.134+0000][615.616s][info ][safepoint     ] Entering safepoint region: Cleanup
[2023-11-09T11:12:22.135+0000][615.617s][info ][safepoint     ] Leaving safepoint region
[2023-11-09T11:12:22.136+0000][615.617s][info ][safepoint     ] Total time for which application threads were stopped: 0.0018103 seconds, Stopping threads took: 0.0007734 seconds
[2023-11-09T11:12:23.137+0000][616.618s][debug][safepoint     ] Safepoint synchronization initiated. (169 threads)
[2023-11-09T11:12:23.138+0000][616.619s][info ][safepoint     ] Application time: 1.0013980 seconds
[2023-11-09T11:12:23.140+0000][616.621s][info ][safepoint     ] Entering safepoint region: Cleanup
[2023-11-09T11:12:23.141+0000][616.622s][info ][safepoint     ] Leaving safepoint region
[2023-11-09T11:12:23.142+0000][616.623s][info ][safepoint     ] Total time for which application threads were stopped: 0.0024547 seconds, Stopping threads took: 0.0011424 seconds
[2023-11-09T11:12:24.143+0000][617.624s][debug][safepoint     ] Safepoint synchronization initiated. (169 threads)
[2023-11-09T11:12:24.144+0000][617.625s][info ][safepoint     ] Application time: 1.0013356 seconds
[2023-11-09T11:12:24.145+0000][617.626s][info ][safepoint     ] Entering safepoint region: Cleanup
[2023-11-09T11:12:24.146+0000][617.627s][info ][safepoint     ] Leaving safepoint region
[2023-11-09T11:12:24.147+0000][617.628s][info ][safepoint     ] Total time for which application threads were stopped: 0.0020783 seconds, Stopping threads took: 0.0007936 seconds
[2023-11-09T11:12:25.147+0000][618.628s][debug][safepoint     ] Safepoint synchronization initiated. (169 threads)
[2023-11-09T11:12:25.148+0000][618.629s][info ][safepoint     ] Application time: 1.0004938 seconds
[2023-11-09T11:12:25.148+0000][618.629s][info ][safepoint     ] Entering safepoint region: Cleanup
[2023-11-09T11:12:25.148+0000][618.629s][info ][safepoint     ] Leaving safepoint region
[2023-11-09T11:12:25.149+0000][618.630s][info ][safepoint     ] Total time for which application threads were stopped: 0.0007005 seconds, Stopping threads took: 0.0002647 seconds
[2023-11-09T11:12:26.149+0000][619.630s][debug][safepoint     ] Safepoint synchronization initiated. (169 threads)
[2023-11-09T11:12:26.150+0000][619.631s][info ][safepoint     ] Application time: 1.0011647 seconds
[2023-11-09T11:12:26.151+0000][619.632s][info ][safepoint     ] Entering safepoint region: Cleanup
[2023-11-09T11:12:26.152+0000][619.633s][info ][safepoint     ] Leaving safepoint region
[2023-11-09T11:12:26.153+0000][619.634s][info ][safepoint     ] Total time for which application threads were stopped: 0.0018568 seconds, Stopping threads took: 0.0007696 seconds
[2023-11-09T11:12:27.153+0000][620.635s][debug][safepoint     ] Safepoint synchronization initiated. (169 threads)
[2023-11-09T11:12:27.155+0000][620.636s][info ][safepoint     ] Application time: 1.0014715 seconds
[2023-11-09T11:12:27.155+0000][620.636s][info ][safepoint     ] Entering safepoint region: Cleanup
[2023-11-09T11:12:27.157+0000][620.638s][info ][safepoint     ] Leaving safepoint region
[2023-11-09T11:12:27.157+0000][620.639s][info ][safepoint     ] Total time for which application threads were stopped: 0.0021584 seconds, Stopping threads took: 0.0010144 seconds
[2023-11-09T11:12:28.158+0000][621.639s][debug][safepoint     ] Safepoint synchronization initiated. (169 threads)
[2023-11-09T11:12:28.159+0000][621.640s][info ][safepoint     ] Application time: 1.0009954 seconds
[2023-11-09T11:12:28.160+0000][621.641s][info ][safepoint     ] Entering safepoint region: Cleanup
[2023-11-09T11:12:28.161+0000][621.642s][info ][safepoint     ] Leaving safepoint region
[2023-11-09T11:12:28.161+0000][621.642s][info ][safepoint     ] Total time for which application threads were stopped: 0.0014187 seconds, Stopping threads took: 0.0007186 seconds
[2023-11-09T11:12:29.162+0000][622.643s][debug][safepoint     ] Safepoint synchronization initiated. (169 threads)
[2023-11-09T11:12:29.163+0000][622.644s][info ][safepoint     ] Application time: 1.0009432 seconds
[2023-11-09T11:12:29.163+0000][622.644s][info ][safepoint     ] Entering safepoint region: Cleanup
[2023-11-09T11:12:29.164+0000][622.645s][info ][safepoint     ] Leaving safepoint region
[2023-11-09T11:12:29.164+0000][622.646s][info ][safepoint     ] Total time for which application threads were stopped: 0.0013084 seconds, Stopping threads took: 0.0005140 seconds
[2023-11-09T11:12:30.165+0000][623.646s][debug][safepoint     ] Safepoint synchronization initiated. (169 threads)
[2023-11-09T11:12:30.166+0000][623.648s][info ][safepoint     ] Application time: 1.0014041 seconds
[2023-11-09T11:12:30.168+0000][623.649s][info ][safepoint     ] Entering safepoint region: Cleanup
[2023-11-09T11:12:30.169+0000][623.650s][info ][safepoint     ] Leaving safepoint region
[2023-11-09T11:12:30.170+0000][623.651s][info ][safepoint     ] Total time for which application threads were stopped: 0.0019790 seconds, Stopping threads took: 0.0009597 seconds
[2023-11-09T11:12:31.170+0000][624.652s][debug][safepoint     ] Safepoint synchronization initiated. (169 threads)
[2023-11-09T11:12:31.171+0000][624.652s][info ][safepoint     ] Application time: 1.0010891 seconds
[2023-11-09T11:12:31.172+0000][624.653s][info ][safepoint     ] Entering safepoint region: Cleanup
[2023-11-09T11:12:31.173+0000][624.654s][info ][safepoint     ] Leaving safepoint region
[2023-11-09T11:12:31.174+0000][624.655s][info ][safepoint     ] Total time for which application threads were stopped: 0.0016537 seconds, Stopping threads took: 0.0007757 seconds
[2023-11-09T11:12:32.175+0000][625.656s][debug][safepoint     ] Safepoint synchronization initiated. (169 threads)
[2023-11-09T11:12:32.176+0000][625.657s][info ][safepoint     ] Application time: 1.0015783 seconds
[2023-11-09T11:12:32.177+0000][625.658s][info ][safepoint     ] Entering safepoint region: Cleanup
[2023-11-09T11:12:32.178+0000][625.659s][info ][safepoint     ] Leaving safepoint region
[2023-11-09T11:12:32.179+0000][625.660s][info ][safepoint     ] Total time for which application threads were stopped: 0.0019493 seconds, Stopping threads took: 0.0008600 seconds
[2023-11-09T11:12:33.180+0000][626.661s][debug][safepoint     ] Safepoint synchronization initiated. (169 threads)
[2023-11-09T11:12:33.181+0000][626.662s][info ][safepoint     ] Application time: 1.0017374 seconds
[2023-11-09T11:12:33.182+0000][626.663s][info ][safepoint     ] Entering safepoint region: Cleanup
[2023-11-09T11:12:33.184+0000][626.665s][info ][safepoint     ] Leaving safepoint region
[2023-11-09T11:12:33.185+0000][626.666s][info ][safepoint     ] Total time for which application threads were stopped: 0.0025148 seconds, Stopping threads took: 0.0011482 seconds
[2023-11-09T11:12:34.186+0000][627.667s][debug][safepoint     ] Safepoint synchronization initiated. (169 threads)
[2023-11-09T11:12:34.186+0000][627.667s][info ][safepoint     ] Application time: 1.0006373 seconds
[2023-11-09T11:12:34.187+0000][627.668s][info ][safepoint     ] Entering safepoint region: Cleanup
[2023-11-09T11:12:34.187+0000][627.668s][info ][safepoint     ] Leaving safepoint region
[2023-11-09T11:12:34.188+0000][627.669s][info ][safepoint     ] Total time for which application threads were stopped: 0.0010704 seconds, Stopping threads took: 0.0004983 seconds
[2023-11-09T11:12:35.188+0000][628.669s][debug][safepoint     ] Safepoint synchronization initiated. (169 threads)
[2023-11-09T11:12:35.189+0000][628.670s][info ][safepoint     ] Application time: 1.0008684 seconds
[2023-11-09T11:12:35.190+0000][628.671s][info ][safepoint     ] Entering safepoint region: Cleanup
[2023-11-09T11:12:35.190+0000][628.671s][info ][safepoint     ] Leaving safepoint region
[2023-11-09T11:12:35.191+0000][628.672s][info ][safepoint     ] Total time for which application threads were stopped: 0.0010342 seconds, Stopping threads took: 0.0004117 seconds
[2023-11-09T11:12:36.191+0000][629.673s][debug][safepoint     ] Safepoint synchronization initiated. (169 threads)
[2023-11-09T11:12:36.192+0000][629.673s][info ][safepoint     ] Application time: 1.0011018 seconds
[2023-11-09T11:12:36.193+0000][629.674s][info ][safepoint     ] Entering safepoint region: Cleanup
[2023-11-09T11:12:36.194+0000][629.675s][info ][safepoint     ] Leaving safepoint region
[2023-11-09T11:12:36.194+0000][629.675s][info ][safepoint     ] Total time for which application threads were stopped: 0.0015275 seconds, Stopping threads took: 0.0006858 seconds
[2023-11-09T11:12:37.195+0000][630.676s][debug][safepoint     ] Safepoint synchronization initiated. (169 threads)
[2023-11-09T11:12:37.196+0000][630.677s][info ][safepoint     ] Application time: 1.0013553 seconds
[2023-11-09T11:12:37.197+0000][630.679s][info ][safepoint     ] Entering safepoint region: Cleanup
[2023-11-09T11:12:37.199+0000][630.680s][info ][safepoint     ] Leaving safepoint region
[2023-11-09T11:12:37.200+0000][630.681s][info ][safepoint     ] Total time for which application threads were stopped: 0.0022773 seconds, Stopping threads took: 0.0009342 seconds
[2023-11-09T11:12:38.201+0000][631.682s][debug][safepoint     ] Safepoint synchronization initiated. (169 threads)
[2023-11-09T11:12:38.201+0000][631.682s][info ][safepoint     ] Application time: 1.0006605 seconds
[2023-11-09T11:12:38.202+0000][631.683s][info ][safepoint     ] Entering safepoint region: Cleanup
[2023-11-09T11:12:38.202+0000][631.683s][info ][safepoint     ] Leaving safepoint region
[2023-11-09T11:12:38.203+0000][631.684s][info ][safepoint     ] Total time for which application threads were stopped: 0.0012272 seconds, Stopping threads took: 0.0004045 seconds
[2023-11-09T11:12:39.203+0000][632.684s][debug][safepoint     ] Safepoint synchronization initiated. (169 threads)
[2023-11-09T11:12:39.204+0000][632.685s][info ][safepoint     ] Application time: 1.0005044 seconds
[2023-11-09T11:12:39.204+0000][632.685s][info ][safepoint     ] Entering safepoint region: Cleanup
[2023-11-09T11:12:39.205+0000][632.686s][info ][safepoint     ] Leaving safepoint region
[2023-11-09T11:12:39.205+0000][632.686s][info ][safepoint     ] Total time for which application threads were stopped: 0.0008156 seconds, Stopping threads took: 0.0003281 seconds
[2023-11-09T11:12:40.205+0000][633.686s][debug][safepoint     ] Safepoint synchronization initiated. (169 threads)
[2023-11-09T11:12:40.207+0000][633.687s][info ][safepoint     ] Application time: 1.0011943 seconds
[2023-11-09T11:12:40.207+0000][633.688s][info ][safepoint     ] Entering safepoint region: Cleanup
[2023-11-09T11:12:40.208+0000][633.689s][info ][safepoint     ] Leaving safepoint region
[2023-11-09T11:12:40.209+0000][633.690s][info ][safepoint     ] Total time for which application threads were stopped: 0.0017968 seconds, Stopping threads took: 0.0008586 seconds
[2023-11-09T11:12:41.210+0000][634.691s][debug][safepoint     ] Safepoint synchronization initiated. (169 threads)
[2023-11-09T11:12:41.211+0000][634.692s][info ][safepoint     ] Application time: 1.0011640 seconds
[2023-11-09T11:12:41.212+0000][634.692s][info ][safepoint     ] Entering safepoint region: Cleanup
[2023-11-09T11:12:41.213+0000][634.694s][info ][safepoint     ] Leaving safepoint region
[2023-11-09T11:12:41.213+0000][634.694s][info ][safepoint     ] Total time for which application threads were stopped: 0.0018168 seconds, Stopping threads took: 0.0007582 seconds
[2023-11-09T11:12:42.214+0000][635.695s][debug][safepoint     ] Safepoint synchronization initiated. (169 threads)
[2023-11-09T11:12:42.215+0000][635.696s][info ][safepoint     ] Application time: 1.0012007 seconds
[2023-11-09T11:12:42.216+0000][635.697s][info ][safepoint     ] Entering safepoint region: Cleanup
[2023-11-09T11:12:42.217+0000][635.698s][info ][safepoint     ] Leaving safepoint region
[2023-11-09T11:12:42.217+0000][635.698s][info ][safepoint     ] Total time for which application threads were stopped: 0.0014300 seconds, Stopping threads took: 0.0006307 seconds
[2023-11-09T11:12:43.218+0000][636.699s][debug][safepoint     ] Safepoint synchronization initiated. (169 threads)
[2023-11-09T11:12:43.219+0000][636.700s][info ][safepoint     ] Application time: 1.0011519 seconds
[2023-11-09T11:12:43.220+0000][636.701s][info ][safepoint     ] Entering safepoint region: Cleanup
[2023-11-09T11:12:43.221+0000][636.702s][info ][safepoint     ] Leaving safepoint region
[2023-11-09T11:12:43.222+0000][636.703s][info ][safepoint     ] Total time for which application threads were stopped: 0.0017734 seconds, Stopping threads took: 0.0007561 seconds
[2023-11-09T11:12:44.223+0000][637.704s][debug][safepoint     ] Safepoint synchronization initiated. (169 threads)
[2023-11-09T11:12:44.224+0000][637.705s][info ][safepoint     ] Application time: 1.0017094 seconds
[2023-11-09T11:12:44.225+0000][637.706s][info ][safepoint     ] Entering safepoint region: Cleanup
[2023-11-09T11:12:44.226+0000][637.707s][info ][safepoint     ] Leaving safepoint region
[2023-11-09T11:12:44.227+0000][637.708s][info ][safepoint     ] Total time for which application threads were stopped: 0.0022048 seconds, Stopping threads took: 0.0010684 seconds
[2023-11-09T11:12:44.226+0000][637.707s][debug][safepoint     ] ... found polling page loop exception at pc = 0x00007fb4f0c8d017, stub =0x00007fb4e8843680
[2023-11-09T11:12:44.226+0000][637.707s][debug][safepoint     ] ... found polling page return exception at pc = 0x00007fb4f0d6dc84, stub =0x00007fb4e8840600
[2023-11-09T11:12:44.226+0000][637.707s][debug][safepoint     ] ... found polling page return exception at pc = 0x00007fb4f0d6dc84, stub =0x00007fb4e8840600
[2023-11-09T11:12:44.226+0000][637.707s][debug][safepoint     ] ... found polling page return exception at pc = 0x00007fb4f0d6dc84, stub =0x00007fb4e8840600
[2023-11-09T11:12:45.228+0000][638.709s][debug][safepoint     ] Safepoint synchronization initiated. (169 threads)
[2023-11-09T11:12:45.229+0000][638.710s][info ][safepoint     ] Application time: 1.0014197 seconds
[2023-11-09T11:12:45.230+0000][638.711s][info ][safepoint     ] Entering safepoint region: Cleanup
[2023-11-09T11:12:45.231+0000][638.712s][info ][safepoint     ] Leaving safepoint region
[2023-11-09T11:12:45.232+0000][638.713s][info ][safepoint     ] Total time for which application threads were stopped: 0.0018328 seconds, Stopping threads took: 0.0007575 seconds
[2023-11-09T11:12:46.233+0000][639.714s][debug][safepoint     ] Safepoint synchronization initiated. (169 threads)
[2023-11-09T11:12:46.234+0000][639.715s][info ][safepoint     ] Application time: 1.0013526 seconds
[2023-11-09T11:12:46.235+0000][639.716s][info ][safepoint     ] Entering safepoint region: Cleanup
[2023-11-09T11:12:46.236+0000][639.717s][info ][safepoint     ] Leaving safepoint region
[2023-11-09T11:12:46.237+0000][639.718s][info ][safepoint     ] Total time for which application threads were stopped: 0.0021253 seconds, Stopping threads took: 0.0009257 seconds
[2023-11-09T11:12:47.238+0000][640.719s][debug][safepoint     ] Safepoint synchronization initiated. (169 threads)
[2023-11-09T11:12:47.239+0000][640.720s][info ][safepoint     ] Application time: 1.0014092 seconds
[2023-11-09T11:12:47.240+0000][640.721s][info ][safepoint     ] Entering safepoint region: Cleanup
[2023-11-09T11:12:47.242+0000][640.722s][info ][safepoint     ] Leaving safepoint region
[2023-11-09T11:12:47.242+0000][640.723s][info ][safepoint     ] Total time for which application threads were stopped: 0.0021202 seconds, Stopping threads took: 0.0010483 seconds
[2023-11-09T11:12:48.243+0000][641.724s][debug][safepoint     ] Safepoint synchronization initiated. (169 threads)
[2023-11-09T11:12:48.244+0000][641.725s][info ][safepoint     ] Application time: 1.0006234 seconds
[2023-11-09T11:12:48.244+0000][641.725s][info ][safepoint     ] Entering safepoint region: Cleanup
[2023-11-09T11:12:48.245+0000][641.726s][info ][safepoint     ] Leaving safepoint region
[2023-11-09T11:12:48.245+0000][641.726s][info ][safepoint     ] Total time for which application threads were stopped: 0.0011123 seconds, Stopping threads took: 0.0004303 seconds
[2023-11-09T11:12:49.246+0000][642.727s][debug][safepoint     ] Safepoint synchronization initiated. (169 threads)
[2023-11-09T11:12:49.247+0000][642.728s][info ][safepoint     ] Application time: 1.0013129 seconds
[2023-11-09T11:12:49.248+0000][642.729s][info ][safepoint     ] Entering safepoint region: Cleanup
[2023-11-09T11:12:49.249+0000][642.730s][info ][safepoint     ] Leaving safepoint region
[2023-11-09T11:12:49.250+0000][642.731s][info ][safepoint     ] Total time for which application threads were stopped: 0.0020623 seconds, Stopping threads took: 0.0009724 seconds
[2023-11-09T11:12:50.251+0000][643.732s][debug][safepoint     ] Safepoint synchronization initiated. (169 threads)
[2023-11-09T11:12:50.251+0000][643.732s][info ][safepoint     ] Application time: 1.0007494 seconds
[2023-11-09T11:12:50.252+0000][643.733s][info ][safepoint     ] Entering safepoint region: Cleanup
[2023-11-09T11:12:50.253+0000][643.733s][info ][safepoint     ] Leaving safepoint region
[2023-11-09T11:12:50.253+0000][643.734s][info ][safepoint     ] Total time for which application threads were stopped: 0.0011620 seconds, Stopping threads took: 0.0005064 seconds
[2023-11-09T11:12:51.254+0000][644.735s][debug][safepoint     ] Safepoint synchronization initiated. (169 threads)
[2023-11-09T11:12:51.254+0000][644.735s][info ][safepoint     ] Application time: 1.0006023 seconds
[2023-11-09T11:12:51.255+0000][644.735s][info ][safepoint     ] Entering safepoint region: Cleanup
[2023-11-09T11:12:51.255+0000][644.736s][info ][safepoint     ] Leaving safepoint region
[2023-11-09T11:12:51.256+0000][644.736s][info ][safepoint     ] Total time for which application threads were stopped: 0.0010487 seconds, Stopping threads took: 0.0004908 seconds
[2023-11-09T11:12:52.256+0000][645.737s][debug][safepoint     ] Safepoint synchronization initiated. (169 threads)
[2023-11-09T11:12:52.257+0000][645.738s][info ][safepoint     ] Application time: 1.0013343 seconds
[2023-11-09T11:12:52.258+0000][645.739s][info ][safepoint     ] Entering safepoint region: Cleanup
[2023-11-09T11:12:52.259+0000][645.740s][info ][safepoint     ] Leaving safepoint region
[2023-11-09T11:12:52.259+0000][645.740s][info ][safepoint     ] Total time for which application threads were stopped: 0.0011792 seconds, Stopping threads took: 0.0006332 seconds
[2023-11-09T11:12:53.260+0000][646.741s][debug][safepoint     ] Safepoint synchronization initiated. (169 threads)
[2023-11-09T11:12:53.260+0000][646.741s][info ][safepoint     ] Application time: 1.0006160 seconds
[2023-11-09T11:12:53.261+0000][646.742s][info ][safepoint     ] Entering safepoint region: Cleanup
[2023-11-09T11:12:53.261+0000][646.742s][info ][safepoint     ] Leaving safepoint region
[2023-11-09T11:12:53.262+0000][646.743s][info ][safepoint     ] Total time for which application threads were stopped: 0.0010083 seconds, Stopping threads took: 0.0004214 seconds
[2023-11-09T11:12:54.262+0000][647.743s][debug][safepoint     ] Safepoint synchronization initiated. (169 threads)
[2023-11-09T11:12:54.263+0000][647.744s][info ][safepoint     ] Application time: 1.0008609 seconds
[2023-11-09T11:12:54.263+0000][647.744s][info ][safepoint     ] Entering safepoint region: Cleanup
[2023-11-09T11:12:54.264+0000][647.745s][info ][safepoint     ] Leaving safepoint region
[2023-11-09T11:12:54.265+0000][647.746s][info ][safepoint     ] Total time for which application threads were stopped: 0.0013039 seconds, Stopping threads took: 0.0005799 seconds
[2023-11-09T11:12:55.265+0000][648.746s][debug][safepoint     ] Safepoint synchronization initiated. (169 threads)
[2023-11-09T11:12:55.271+0000][648.752s][info ][safepoint     ] Application time: 1.0054397 seconds
[2023-11-09T11:12:55.272+0000][648.753s][info ][safepoint     ] Entering safepoint region: Cleanup
[2023-11-09T11:12:55.273+0000][648.754s][info ][safepoint     ] Leaving safepoint region
[2023-11-09T11:12:55.274+0000][648.755s][info ][safepoint     ] Total time for which application threads were stopped: 0.0017018 seconds, Stopping threads took: 0.0008504 seconds
[2023-11-09T11:12:56.274+0000][649.755s][debug][safepoint     ] Safepoint synchronization initiated. (169 threads)
[2023-11-09T11:12:56.275+0000][649.756s][info ][safepoint     ] Application time: 1.0008469 seconds
[2023-11-09T11:12:56.275+0000][649.756s][info ][safepoint     ] Entering safepoint region: Cleanup
[2023-11-09T11:12:56.276+0000][649.757s][info ][safepoint     ] Leaving safepoint region
[2023-11-09T11:12:56.276+0000][649.757s][info ][safepoint     ] Total time for which application threads were stopped: 0.0010597 seconds, Stopping threads took: 0.0004092 seconds
[2023-11-09T11:12:57.277+0000][650.758s][debug][safepoint     ] Safepoint synchronization initiated. (169 threads)
[2023-11-09T11:12:57.280+0000][650.761s][info ][safepoint     ] Application time: 1.0034427 seconds
[2023-11-09T11:12:57.281+0000][650.762s][info ][safepoint     ] Entering safepoint region: Cleanup
[2023-11-09T11:12:57.282+0000][650.763s][info ][safepoint     ] Leaving safepoint region
[2023-11-09T11:12:57.283+0000][650.764s][info ][safepoint     ] Total time for which application threads were stopped: 0.0012584 seconds, Stopping threads took: 0.0004881 seconds
[2023-11-09T11:12:58.283+0000][651.764s][debug][safepoint     ] Safepoint synchronization initiated. (169 threads)
[2023-11-09T11:12:58.284+0000][651.765s][info ][safepoint     ] Application time: 1.0005167 seconds
[2023-11-09T11:12:58.284+0000][651.765s][info ][safepoint     ] Entering safepoint region: Cleanup
[2023-11-09T11:12:58.284+0000][651.765s][info ][safepoint     ] Leaving safepoint region
[2023-11-09T11:12:58.285+0000][651.766s][info ][safepoint     ] Total time for which application threads were stopped: 0.0008273 seconds, Stopping threads took: 0.0003254 seconds
[2023-11-09T11:12:59.285+0000][652.766s][debug][safepoint     ] Safepoint synchronization initiated. (169 threads)
[2023-11-09T11:12:59.292+0000][652.773s][info ][safepoint     ] Application time: 1.0065015 seconds
[2023-11-09T11:12:59.300+0000][652.781s][info ][safepoint     ] Entering safepoint region: Cleanup
[2023-11-09T11:12:59.313+0000][652.794s][info ][safepoint     ] Leaving safepoint region
[2023-11-09T11:12:59.324+0000][652.805s][info ][safepoint     ] Total time for which application threads were stopped: 0.0236829 seconds, Stopping threads took: 0.0125048 seconds
[2023-11-09T11:13:00.328+0000][653.809s][debug][safepoint     ] Safepoint synchronization initiated. (169 threads)
[2023-11-09T11:13:00.329+0000][653.810s][info ][safepoint     ] Application time: 1.0006445 seconds
[2023-11-09T11:13:00.329+0000][653.810s][info ][safepoint     ] Entering safepoint region: Cleanup
[2023-11-09T11:13:00.330+0000][653.811s][info ][safepoint     ] Leaving safepoint region
[2023-11-09T11:13:00.330+0000][653.811s][info ][safepoint     ] Total time for which application threads were stopped: 0.0008688 seconds, Stopping threads took: 0.0003395 seconds
[2023-11-09T11:13:01.331+0000][654.812s][debug][safepoint     ] Safepoint synchronization initiated. (169 threads)
[2023-11-09T11:13:01.331+0000][654.812s][info ][safepoint     ] Application time: 1.0005722 seconds
[2023-11-09T11:13:01.332+0000][654.813s][info ][safepoint     ] Entering safepoint region: Cleanup
[2023-11-09T11:13:01.332+0000][654.813s][info ][safepoint     ] Leaving safepoint region
[2023-11-09T11:13:01.333+0000][654.814s][info ][safepoint     ] Total time for which application threads were stopped: 0.0010841 seconds, Stopping threads took: 0.0004278 seconds
[2023-11-09T11:13:02.333+0000][655.814s][debug][safepoint     ] Safepoint synchronization initiated. (169 threads)
[2023-11-09T11:13:02.334+0000][655.815s][info ][safepoint     ] Application time: 1.0004953 seconds
[2023-11-09T11:13:02.334+0000][655.815s][info ][safepoint     ] Entering safepoint region: Cleanup
[2023-11-09T11:13:02.335+0000][655.816s][info ][safepoint     ] Leaving safepoint region
[2023-11-09T11:13:02.335+0000][655.816s][info ][safepoint     ] Total time for which application threads were stopped: 0.0010281 seconds, Stopping threads took: 0.0005360 seconds
[2023-11-09T11:13:03.335+0000][656.816s][debug][safepoint     ] Safepoint synchronization initiated. (169 threads)
[2023-11-09T11:13:03.336+0000][656.817s][info ][safepoint     ] Application time: 1.0008558 seconds
[2023-11-09T11:13:03.337+0000][656.817s][info ][safepoint     ] Entering safepoint region: Cleanup
[2023-11-09T11:13:03.337+0000][656.818s][info ][safepoint     ] Leaving safepoint region
[2023-11-09T11:13:03.338+0000][656.819s][info ][safepoint     ] Total time for which application threads were stopped: 0.0014966 seconds, Stopping threads took: 0.0007167 seconds
[2023-11-09T11:13:04.339+0000][657.819s][debug][safepoint     ] Safepoint synchronization initiated. (169 threads)
[2023-11-09T11:13:04.339+0000][657.820s][info ][safepoint     ] Application time: 1.0007508 seconds
[2023-11-09T11:13:04.340+0000][657.821s][debug][safepoint     ] ... found polling page return exception at pc = 0x00007fb4f0b9cc44, stub =0x00007fb4e8840600
[2023-11-09T11:13:04.340+0000][657.821s][debug][safepoint     ] ... found polling page return exception at pc = 0x00007fb4f0c27368, stub =0x00007fb4e8840600
[2023-11-09T11:13:04.340+0000][657.821s][debug][safepoint     ] ... found polling page return exception at pc = 0x00007fb4f0b14274, stub =0x00007fb4e8840600
[2023-11-09T11:13:04.340+0000][657.821s][debug][safepoint     ] ... found polling page return exception at pc = 0x00007fb4f0c27368, stub =0x00007fb4e8840600
[2023-11-09T11:13:04.340+0000][657.821s][debug][safepoint     ] ... found polling page return exception at pc = 0x00007fb4f0b14274, stub =0x00007fb4e8840600
[2023-11-09T11:13:04.340+0000][657.821s][debug][safepoint     ] ... found polling page return exception at pc = 0x00007fb4f0c27368, stub =0x00007fb4e8840600
[2023-11-09T11:13:04.340+0000][657.821s][debug][safepoint     ] ... found polling page return exception at pc = 0x00007fb4f0c27368, stub =0x00007fb4e8840600
[2023-11-09T11:13:04.345+0000][657.826s][debug][safepoint     ] Waiting for 7 thread(s) to block
[2023-11-09T11:13:04.346+0000][657.827s][info ][safepoint     ] Entering safepoint region: Cleanup
[2023-11-09T11:13:04.346+0000][657.827s][info ][safepoint     ] Leaving safepoint region
[2023-11-09T11:13:04.347+0000][657.828s][info ][safepoint     ] Total time for which application threads were stopped: 0.0071362 seconds, Stopping threads took: 0.0065282 seconds
[2023-11-09T11:13:05.347+0000][658.828s][debug][safepoint     ] Safepoint synchronization initiated. (169 threads)
[2023-11-09T11:13:05.348+0000][658.829s][info ][safepoint     ] Application time: 1.0010550 seconds
[2023-11-09T11:13:05.349+0000][658.830s][info ][safepoint     ] Entering safepoint region: Cleanup
[2023-11-09T11:13:05.350+0000][658.831s][info ][safepoint     ] Leaving safepoint region
[2023-11-09T11:13:05.351+0000][658.832s][info ][safepoint     ] Total time for which application threads were stopped: 0.0016546 seconds, Stopping threads took: 0.0009435 seconds
[2023-11-09T11:13:06.351+0000][659.832s][debug][safepoint     ] Safepoint synchronization initiated. (169 threads)
[2023-11-09T11:13:06.352+0000][659.833s][info ][safepoint     ] Application time: 1.0008284 seconds
[2023-11-09T11:13:06.353+0000][659.834s][info ][safepoint     ] Entering safepoint region: Cleanup
[2023-11-09T11:13:06.353+0000][659.834s][info ][safepoint     ] Leaving safepoint region
[2023-11-09T11:13:06.354+0000][659.835s][info ][safepoint     ] Total time for which application threads were stopped: 0.0015536 seconds, Stopping threads took: 0.0007039 seconds
[2023-11-09T11:13:07.355+0000][660.836s][debug][safepoint     ] Safepoint synchronization initiated. (169 threads)
[2023-11-09T11:13:07.355+0000][660.836s][info ][safepoint     ] Application time: 1.0005958 seconds
[2023-11-09T11:13:07.356+0000][660.836s][info ][safepoint     ] Entering safepoint region: Cleanup
[2023-11-09T11:13:07.356+0000][660.837s][info ][safepoint     ] Leaving safepoint region
[2023-11-09T11:13:07.356+0000][660.837s][info ][safepoint     ] Total time for which application threads were stopped: 0.0008404 seconds, Stopping threads took: 0.0003732 seconds
[2023-11-09T11:13:08.357+0000][661.838s][debug][safepoint     ] Safepoint synchronization initiated. (169 threads)
[2023-11-09T11:13:08.357+0000][661.838s][info ][safepoint     ] Application time: 1.0007568 seconds
[2023-11-09T11:13:08.358+0000][661.839s][info ][safepoint     ] Entering safepoint region: Cleanup
[2023-11-09T11:13:08.359+0000][661.840s][info ][safepoint     ] Leaving safepoint region
[2023-11-09T11:13:08.359+0000][661.840s][info ][safepoint     ] Total time for which application threads were stopped: 0.0010652 seconds, Stopping threads took: 0.0004916 seconds
[2023-11-09T11:13:09.360+0000][662.840s][debug][safepoint     ] Safepoint synchronization initiated. (169 threads)
[2023-11-09T11:13:09.360+0000][662.841s][info ][safepoint     ] Application time: 1.0007574 seconds
[2023-11-09T11:13:09.361+0000][662.842s][info ][safepoint     ] Entering safepoint region: Cleanup
[2023-11-09T11:13:09.361+0000][662.842s][info ][safepoint     ] Leaving safepoint region
[2023-11-09T11:13:09.362+0000][662.843s][info ][safepoint     ] Total time for which application threads were stopped: 0.0013072 seconds, Stopping threads took: 0.0004904 seconds
[2023-11-09T11:13:10.363+0000][663.843s][debug][safepoint     ] Safepoint synchronization initiated. (169 threads)
[2023-11-09T11:13:10.363+0000][663.844s][info ][safepoint     ] Application time: 1.0008482 seconds
[2023-11-09T11:13:10.364+0000][663.845s][info ][safepoint     ] Entering safepoint region: Cleanup
[2023-11-09T11:13:10.364+0000][663.845s][info ][safepoint     ] Leaving safepoint region
[2023-11-09T11:13:10.365+0000][663.846s][info ][safepoint     ] Total time for which application threads were stopped: 0.0011638 seconds, Stopping threads took: 0.0005068 seconds
[2023-11-09T11:13:11.366+0000][664.846s][debug][safepoint     ] Safepoint synchronization initiated. (169 threads)
[2023-11-09T11:13:11.366+0000][664.847s][info ][safepoint     ] Application time: 1.0008937 seconds
[2023-11-09T11:13:11.367+0000][664.848s][info ][safepoint     ] Entering safepoint region: Cleanup
[2023-11-09T11:13:11.368+0000][664.849s][info ][safepoint     ] Leaving safepoint region
[2023-11-09T11:13:11.368+0000][664.849s][info ][safepoint     ] Total time for which application threads were stopped: 0.0013219 seconds, Stopping threads took: 0.0005719 seconds
[2023-11-09T11:13:12.369+0000][665.850s][debug][safepoint     ] Safepoint synchronization initiated. (169 threads)
[2023-11-09T11:13:12.370+0000][665.851s][info ][safepoint     ] Application time: 1.0012591 seconds
[2023-11-09T11:13:12.371+0000][665.852s][info ][safepoint     ] Entering safepoint region: Cleanup
[2023-11-09T11:13:12.372+0000][665.853s][info ][safepoint     ] Leaving safepoint region
[2023-11-09T11:13:12.372+0000][665.853s][info ][safepoint     ] Total time for which application threads were stopped: 0.0017386 seconds, Stopping threads took: 0.0008070 seconds
[2023-11-09T11:13:13.373+0000][666.854s][debug][safepoint     ] Safepoint synchronization initiated. (169 threads)
[2023-11-09T11:13:13.374+0000][666.854s][info ][safepoint     ] Application time: 1.0005854 seconds
[2023-11-09T11:13:13.374+0000][666.855s][info ][safepoint     ] Entering safepoint region: Cleanup
[2023-11-09T11:13:13.374+0000][666.855s][info ][safepoint     ] Leaving safepoint region
[2023-11-09T11:13:13.375+0000][666.856s][info ][safepoint     ] Total time for which application threads were stopped: 0.0008592 seconds, Stopping threads took: 0.0003851 seconds
[2023-11-09T11:13:14.375+0000][667.856s][debug][safepoint     ] Safepoint synchronization initiated. (169 threads)
[2023-11-09T11:13:14.376+0000][667.857s][info ][safepoint     ] Application time: 1.0009491 seconds
[2023-11-09T11:13:14.377+0000][667.858s][info ][safepoint     ] Entering safepoint region: Cleanup
[2023-11-09T11:13:14.378+0000][667.859s][info ][safepoint     ] Leaving safepoint region
[2023-11-09T11:13:14.378+0000][667.859s][info ][safepoint     ] Total time for which application threads were stopped: 0.0018348 seconds, Stopping threads took: 0.0008636 seconds
[2023-11-09T11:13:15.379+0000][668.860s][debug][safepoint     ] Safepoint synchronization initiated. (169 threads)
[2023-11-09T11:13:15.381+0000][668.861s][info ][safepoint     ] Application time: 1.0015206 seconds
[2023-11-09T11:13:15.382+0000][668.862s][info ][safepoint     ] Entering safepoint region: Cleanup
[2023-11-09T11:13:15.383+0000][668.864s][info ][safepoint     ] Leaving safepoint region
[2023-11-09T11:13:15.384+0000][668.865s][info ][safepoint     ] Total time for which application threads were stopped: 0.0024534 seconds, Stopping threads took: 0.0010283 seconds
[2023-11-09T11:13:16.385+0000][669.866s][debug][safepoint     ] Safepoint synchronization initiated. (169 threads)
[2023-11-09T11:13:16.386+0000][669.867s][info ][safepoint     ] Application time: 1.0011579 seconds
[2023-11-09T11:13:16.387+0000][669.868s][info ][safepoint     ] Entering safepoint region: Cleanup
[2023-11-09T11:13:16.388+0000][669.869s][info ][safepoint     ] Leaving safepoint region
[2023-11-09T11:13:16.388+0000][669.869s][info ][safepoint     ] Total time for which application threads were stopped: 0.0013153 seconds, Stopping threads took: 0.0005439 seconds
[2023-11-09T11:13:17.389+0000][670.870s][debug][safepoint     ] Safepoint synchronization initiated. (169 threads)
[2023-11-09T11:13:17.390+0000][670.871s][info ][safepoint     ] Application time: 1.0012929 seconds
[2023-11-09T11:13:17.391+0000][670.872s][info ][safepoint     ] Entering safepoint region: Cleanup
[2023-11-09T11:13:17.392+0000][670.873s][info ][safepoint     ] Leaving safepoint region
[2023-11-09T11:13:17.393+0000][670.874s][info ][safepoint     ] Total time for which application threads were stopped: 0.0018800 seconds, Stopping threads took: 0.0008190 seconds
[2023-11-09T11:13:18.394+0000][671.875s][debug][safepoint     ] Safepoint synchronization initiated. (169 threads)
[2023-11-09T11:13:18.395+0000][671.875s][info ][safepoint     ] Application time: 1.0008962 seconds
[2023-11-09T11:13:18.395+0000][671.876s][info ][safepoint     ] Entering safepoint region: Cleanup
[2023-11-09T11:13:18.396+0000][671.877s][info ][safepoint     ] Leaving safepoint region
[2023-11-09T11:13:18.397+0000][671.878s][info ][safepoint     ] Total time for which application threads were stopped: 0.0014654 seconds, Stopping threads took: 0.0006170 seconds
[2023-11-09T11:13:19.398+0000][672.878s][debug][safepoint     ] Safepoint synchronization initiated. (169 threads)
[2023-11-09T11:13:19.398+0000][672.879s][info ][safepoint     ] Application time: 1.0009570 seconds
[2023-11-09T11:13:19.399+0000][672.880s][info ][safepoint     ] Entering safepoint region: Cleanup
[2023-11-09T11:13:19.400+0000][672.880s][info ][safepoint     ] Leaving safepoint region
[2023-11-09T11:13:19.400+0000][672.881s][info ][safepoint     ] Total time for which application threads were stopped: 0.0012109 seconds, Stopping threads took: 0.0005166 seconds
[2023-11-09T11:13:20.401+0000][673.882s][debug][safepoint     ] Safepoint synchronization initiated. (169 threads)
[2023-11-09T11:13:20.402+0000][673.883s][info ][safepoint     ] Application time: 1.0011721 seconds
[2023-11-09T11:13:20.403+0000][673.883s][info ][safepoint     ] Entering safepoint region: Cleanup
[2023-11-09T11:13:20.404+0000][673.884s][info ][safepoint     ] Leaving safepoint region
[2023-11-09T11:13:20.404+0000][673.885s][info ][safepoint     ] Total time for which application threads were stopped: 0.0017620 seconds, Stopping threads took: 0.0007518 seconds
[2023-11-09T11:13:21.405+0000][674.886s][debug][safepoint     ] Safepoint synchronization initiated. (169 threads)
[2023-11-09T11:13:21.406+0000][674.887s][info ][safepoint     ] Application time: 1.0009432 seconds
[2023-11-09T11:13:21.406+0000][674.887s][info ][safepoint     ] Entering safepoint region: Cleanup
[2023-11-09T11:13:21.408+0000][674.889s][info ][safepoint     ] Leaving safepoint region
[2023-11-09T11:13:21.408+0000][674.889s][info ][safepoint     ] Total time for which application threads were stopped: 0.0019093 seconds, Stopping threads took: 0.0009089 seconds
[2023-11-09T11:13:22.409+0000][675.890s][debug][safepoint     ] Safepoint synchronization initiated. (169 threads)
[2023-11-09T11:13:22.410+0000][675.891s][info ][safepoint     ] Application time: 1.0010023 seconds
[2023-11-09T11:13:22.410+0000][675.891s][info ][safepoint     ] Entering safepoint region: Cleanup
[2023-11-09T11:13:22.411+0000][675.892s][info ][safepoint     ] Leaving safepoint region
[2023-11-09T11:13:22.412+0000][675.892s][info ][safepoint     ] Total time for which application threads were stopped: 0.0010769 seconds, Stopping threads took: 0.0005449 seconds
[2023-11-09T11:13:23.412+0000][676.893s][debug][safepoint     ] Safepoint synchronization initiated. (169 threads)
[2023-11-09T11:13:23.413+0000][676.893s][info ][safepoint     ] Application time: 1.0007800 seconds
[2023-11-09T11:13:23.414+0000][676.894s][info ][safepoint     ] Entering safepoint region: Cleanup
[2023-11-09T11:13:23.414+0000][676.895s][info ][safepoint     ] Leaving safepoint region
[2023-11-09T11:13:23.415+0000][676.896s][info ][safepoint     ] Total time for which application threads were stopped: 0.0011992 seconds, Stopping threads took: 0.0004633 seconds
[2023-11-09T11:13:24.415+0000][677.896s][debug][safepoint     ] Safepoint synchronization initiated. (169 threads)
[2023-11-09T11:13:24.416+0000][677.897s][info ][safepoint     ] Application time: 1.0008950 seconds
[2023-11-09T11:13:24.417+0000][677.897s][info ][safepoint     ] Entering safepoint region: Cleanup
[2023-11-09T11:13:24.418+0000][677.898s][info ][safepoint     ] Leaving safepoint region
[2023-11-09T11:13:24.418+0000][677.899s][info ][safepoint     ] Total time for which application threads were stopped: 0.0015193 seconds, Stopping threads took: 0.0008255 seconds
[2023-11-09T11:13:25.419+0000][678.900s][debug][safepoint     ] Safepoint synchronization initiated. (169 threads)
[2023-11-09T11:13:25.419+0000][678.900s][info ][safepoint     ] Application time: 1.0007752 seconds
[2023-11-09T11:13:25.420+0000][678.901s][info ][safepoint     ] Entering safepoint region: Cleanup
[2023-11-09T11:13:25.421+0000][678.901s][info ][safepoint     ] Leaving safepoint region
[2023-11-09T11:13:25.421+0000][678.902s][info ][safepoint     ] Total time for which application threads were stopped: 0.0014091 seconds, Stopping threads took: 0.0005929 seconds
[2023-11-09T11:13:26.422+0000][679.903s][debug][safepoint     ] Safepoint synchronization initiated. (169 threads)
[2023-11-09T11:13:26.423+0000][679.904s][info ][safepoint     ] Application time: 1.0011458 seconds
[2023-11-09T11:13:26.424+0000][679.904s][info ][safepoint     ] Entering safepoint region: Cleanup
[2023-11-09T11:13:26.424+0000][679.905s][info ][safepoint     ] Leaving safepoint region
[2023-11-09T11:13:26.425+0000][679.906s][info ][safepoint     ] Total time for which application threads were stopped: 0.0013740 seconds, Stopping threads took: 0.0006200 seconds
[2023-11-09T11:13:27.426+0000][680.907s][debug][safepoint     ] Safepoint synchronization initiated. (169 threads)
[2023-11-09T11:13:27.426+0000][680.907s][info ][safepoint     ] Application time: 1.0007547 seconds
[2023-11-09T11:13:27.427+0000][680.907s][debug][safepoint     ] ... found polling page return exception at pc = 0x00007fb4f0c81c84, stub =0x00007fb4e8840600
[2023-11-09T11:13:27.427+0000][680.908s][debug][safepoint     ] Waiting for 1 thread(s) to block
[2023-11-09T11:13:27.427+0000][680.908s][info ][safepoint     ] Entering safepoint region: Cleanup
[2023-11-09T11:13:27.428+0000][680.909s][info ][safepoint     ] Leaving safepoint region
[2023-11-09T11:13:27.428+0000][680.909s][info ][safepoint     ] Total time for which application threads were stopped: 0.0016061 seconds, Stopping threads took: 0.0011658 seconds
[2023-11-09T11:13:28.429+0000][681.909s][debug][safepoint     ] Safepoint synchronization initiated. (169 threads)
[2023-11-09T11:13:28.429+0000][681.910s][info ][safepoint     ] Application time: 1.0005935 seconds
[2023-11-09T11:13:28.429+0000][681.910s][info ][safepoint     ] Entering safepoint region: Cleanup
[2023-11-09T11:13:28.430+0000][681.911s][info ][safepoint     ] Leaving safepoint region
[2023-11-09T11:13:28.430+0000][681.911s][info ][safepoint     ] Total time for which application threads were stopped: 0.0009345 seconds, Stopping threads took: 0.0003451 seconds
[2023-11-09T11:13:29.431+0000][682.912s][debug][safepoint     ] Safepoint synchronization initiated. (169 threads)
[2023-11-09T11:13:29.432+0000][682.912s][info ][safepoint     ] Application time: 1.0010005 seconds
[2023-11-09T11:13:29.432+0000][682.913s][info ][safepoint     ] Entering safepoint region: Cleanup
[2023-11-09T11:13:29.433+0000][682.914s][info ][safepoint     ] Leaving safepoint region
[2023-11-09T11:13:29.433+0000][682.914s][info ][safepoint     ] Total time for which application threads were stopped: 0.0012197 seconds, Stopping threads took: 0.0005193 seconds
[2023-11-09T11:13:30.434+0000][683.915s][debug][safepoint     ] Safepoint synchronization initiated. (169 threads)
[2023-11-09T11:13:30.435+0000][683.916s][info ][safepoint     ] Application time: 1.0012399 seconds
[2023-11-09T11:13:30.436+0000][683.917s][info ][safepoint     ] Entering safepoint region: Cleanup
[2023-11-09T11:13:30.437+0000][683.917s][info ][safepoint     ] Leaving safepoint region
[2023-11-09T11:13:30.437+0000][683.918s][info ][safepoint     ] Total time for which application threads were stopped: 0.0015943 seconds, Stopping threads took: 0.0006790 seconds
[2023-11-09T11:13:31.438+0000][684.919s][debug][safepoint     ] Safepoint synchronization initiated. (169 threads)
[2023-11-09T11:13:31.439+0000][684.920s][info ][safepoint     ] Application time: 1.0009625 seconds
[2023-11-09T11:13:31.439+0000][684.920s][info ][safepoint     ] Entering safepoint region: Cleanup
[2023-11-09T11:13:31.440+0000][684.921s][info ][safepoint     ] Leaving safepoint region
[2023-11-09T11:13:31.441+0000][684.922s][info ][safepoint     ] Total time for which application threads were stopped: 0.0016143 seconds, Stopping threads took: 0.0006064 seconds
[2023-11-09T11:13:32.442+0000][685.923s][debug][safepoint     ] Safepoint synchronization initiated. (169 threads)
[2023-11-09T11:13:32.443+0000][685.924s][info ][safepoint     ] Application time: 1.0012051 seconds
[2023-11-09T11:13:32.444+0000][685.924s][info ][safepoint     ] Entering safepoint region: Cleanup
[2023-11-09T11:13:32.445+0000][685.925s][info ][safepoint     ] Leaving safepoint region
[2023-11-09T11:13:32.445+0000][685.926s][info ][safepoint     ] Total time for which application threads were stopped: 0.0016927 seconds, Stopping threads took: 0.0008262 seconds
[2023-11-09T11:13:33.446+0000][686.927s][debug][safepoint     ] Safepoint synchronization initiated. (169 threads)
[2023-11-09T11:13:33.447+0000][686.928s][info ][safepoint     ] Application time: 1.0011810 seconds
[2023-11-09T11:13:33.448+0000][686.928s][info ][safepoint     ] Entering safepoint region: Cleanup
[2023-11-09T11:13:33.449+0000][686.930s][info ][safepoint     ] Leaving safepoint region
[2023-11-09T11:13:33.449+0000][686.930s][info ][safepoint     ] Total time for which application threads were stopped: 0.0018620 seconds, Stopping threads took: 0.0009030 seconds
[2023-11-09T11:13:34.451+0000][687.931s][debug][safepoint     ] Safepoint synchronization initiated. (169 threads)
[2023-11-09T11:13:34.451+0000][687.932s][info ][safepoint     ] Application time: 1.0013809 seconds
[2023-11-09T11:13:34.452+0000][687.933s][info ][safepoint     ] Entering safepoint region: Cleanup
[2023-11-09T11:13:34.453+0000][687.934s][info ][safepoint     ] Leaving safepoint region
[2023-11-09T11:13:34.454+0000][687.935s][info ][safepoint     ] Total time for which application threads were stopped: 0.0020142 seconds, Stopping threads took: 0.0007927 seconds
[2023-11-09T11:13:35.455+0000][688.936s][debug][safepoint     ] Safepoint synchronization initiated. (169 threads)
[2023-11-09T11:13:35.456+0000][688.937s][info ][safepoint     ] Application time: 1.0013860 seconds
[2023-11-09T11:13:35.457+0000][688.938s][info ][safepoint     ] Entering safepoint region: Cleanup
[2023-11-09T11:13:35.458+0000][688.939s][info ][safepoint     ] Leaving safepoint region
[2023-11-09T11:13:35.459+0000][688.940s][info ][safepoint     ] Total time for which application threads were stopped: 0.0020910 seconds, Stopping threads took: 0.0008948 seconds
[2023-11-09T11:13:36.460+0000][689.941s][debug][safepoint     ] Safepoint synchronization initiated. (169 threads)
[2023-11-09T11:13:36.461+0000][689.942s][info ][safepoint     ] Application time: 1.0012995 seconds
[2023-11-09T11:13:36.462+0000][689.943s][info ][safepoint     ] Entering safepoint region: Cleanup
[2023-11-09T11:13:36.464+0000][689.945s][info ][safepoint     ] Leaving safepoint region
[2023-11-09T11:13:36.465+0000][689.945s][info ][safepoint     ] Total time for which application threads were stopped: 0.0021028 seconds, Stopping threads took: 0.0009931 seconds
[2023-11-09T11:13:37.466+0000][690.946s][debug][safepoint     ] Safepoint synchronization initiated. (169 threads)
[2023-11-09T11:13:37.467+0000][690.947s][info ][safepoint     ] Application time: 1.0013165 seconds
[2023-11-09T11:13:37.468+0000][690.949s][info ][safepoint     ] Entering safepoint region: Cleanup
[2023-11-09T11:13:37.469+0000][690.950s][info ][safepoint     ] Leaving safepoint region
[2023-11-09T11:13:37.470+0000][690.951s][info ][safepoint     ] Total time for which application threads were stopped: 0.0021743 seconds, Stopping threads took: 0.0011026 seconds
[2023-11-09T11:13:38.471+0000][691.952s][debug][safepoint     ] Safepoint synchronization initiated. (169 threads)
[2023-11-09T11:13:38.471+0000][691.952s][info ][safepoint     ] Application time: 1.0005892 seconds
[2023-11-09T11:13:38.471+0000][691.952s][info ][safepoint     ] Entering safepoint region: Cleanup
[2023-11-09T11:13:38.472+0000][691.953s][info ][safepoint     ] Leaving safepoint region
[2023-11-09T11:13:38.472+0000][691.953s][info ][safepoint     ] Total time for which application threads were stopped: 0.0007855 seconds, Stopping threads took: 0.0003652 seconds
[2023-11-09T11:13:39.473+0000][692.953s][debug][safepoint     ] Safepoint synchronization initiated. (169 threads)
[2023-11-09T11:13:39.474+0000][692.954s][info ][safepoint     ] Application time: 1.0010253 seconds
[2023-11-09T11:13:39.475+0000][692.955s][info ][safepoint     ] Entering safepoint region: Cleanup
[2023-11-09T11:13:39.476+0000][692.956s][info ][safepoint     ] Leaving safepoint region
[2023-11-09T11:13:39.476+0000][692.957s][info ][safepoint     ] Total time for which application threads were stopped: 0.0018450 seconds, Stopping threads took: 0.0008551 seconds
[2023-11-09T11:13:40.477+0000][693.958s][debug][safepoint     ] Safepoint synchronization initiated. (169 threads)
[2023-11-09T11:13:40.478+0000][693.959s][info ][safepoint     ] Application time: 1.0013436 seconds
[2023-11-09T11:13:40.479+0000][693.960s][info ][safepoint     ] Entering safepoint region: Cleanup
[2023-11-09T11:13:40.480+0000][693.961s][info ][safepoint     ] Leaving safepoint region
[2023-11-09T11:13:40.481+0000][693.962s][info ][safepoint     ] Total time for which application threads were stopped: 0.0018033 seconds, Stopping threads took: 0.0008936 seconds
[2023-11-09T11:13:41.482+0000][694.963s][debug][safepoint     ] Safepoint synchronization initiated. (169 threads)
[2023-11-09T11:13:41.483+0000][694.963s][info ][safepoint     ] Application time: 1.0009426 seconds
[2023-11-09T11:13:41.483+0000][694.964s][info ][safepoint     ] Entering safepoint region: Cleanup
[2023-11-09T11:13:41.484+0000][694.965s][info ][safepoint     ] Leaving safepoint region
[2023-11-09T11:13:41.485+0000][694.965s][info ][safepoint     ] Total time for which application threads were stopped: 0.0014086 seconds, Stopping threads took: 0.0006101 seconds
[2023-11-09T11:13:42.486+0000][695.966s][debug][safepoint     ] Safepoint synchronization initiated. (169 threads)
[2023-11-09T11:13:42.487+0000][695.968s][info ][safepoint     ] Application time: 1.0016335 seconds
[2023-11-09T11:13:42.488+0000][695.969s][info ][safepoint     ] Entering safepoint region: Cleanup
[2023-11-09T11:13:42.489+0000][695.970s][info ][safepoint     ] Leaving safepoint region
[2023-11-09T11:13:42.490+0000][695.970s][info ][safepoint     ] Total time for which application threads were stopped: 0.0018727 seconds, Stopping threads took: 0.0008291 seconds
[2023-11-09T11:13:43.491+0000][696.971s][debug][safepoint     ] Safepoint synchronization initiated. (169 threads)
[2023-11-09T11:13:43.492+0000][696.973s][info ][safepoint     ] Application time: 1.0014936 seconds
[2023-11-09T11:13:43.493+0000][696.973s][info ][safepoint     ] Entering safepoint region: Cleanup
[2023-11-09T11:13:43.494+0000][696.975s][info ][safepoint     ] Leaving safepoint region
[2023-11-09T11:13:43.494+0000][696.975s][info ][safepoint     ] Total time for which application threads were stopped: 0.0019098 seconds, Stopping threads took: 0.0008269 seconds
[2023-11-09T11:13:44.495+0000][697.976s][debug][safepoint     ] Safepoint synchronization initiated. (169 threads)
[2023-11-09T11:13:44.496+0000][697.977s][info ][safepoint     ] Application time: 1.0012175 seconds
[2023-11-09T11:13:44.497+0000][697.978s][info ][safepoint     ] Entering safepoint region: Cleanup
[2023-11-09T11:13:44.498+0000][697.979s][info ][safepoint     ] Leaving safepoint region
[2023-11-09T11:13:44.499+0000][697.980s][info ][safepoint     ] Total time for which application threads were stopped: 0.0015842 seconds, Stopping threads took: 0.0006902 seconds
[2023-11-09T11:13:45.500+0000][698.981s][debug][safepoint     ] Safepoint synchronization initiated. (169 threads)
[2023-11-09T11:13:45.501+0000][698.982s][info ][safepoint     ] Application time: 1.0015934 seconds
[2023-11-09T11:13:45.502+0000][698.983s][info ][safepoint     ] Entering safepoint region: Cleanup
[2023-11-09T11:13:45.504+0000][698.984s][info ][safepoint     ] Leaving safepoint region
[2023-11-09T11:13:45.504+0000][698.985s][info ][safepoint     ] Total time for which application threads were stopped: 0.0025067 seconds, Stopping threads took: 0.0011795 seconds
[2023-11-09T11:13:46.506+0000][699.987s][debug][safepoint     ] Safepoint synchronization initiated. (169 threads)
[2023-11-09T11:13:46.507+0000][699.988s][info ][safepoint     ] Application time: 1.0014353 seconds
[2023-11-09T11:13:46.508+0000][699.989s][info ][safepoint     ] Entering safepoint region: Cleanup
[2023-11-09T11:13:46.509+0000][699.989s][info ][safepoint     ] Leaving safepoint region
[2023-11-09T11:13:46.509+0000][699.990s][info ][safepoint     ] Total time for which application threads were stopped: 0.0015179 seconds, Stopping threads took: 0.0006890 seconds
[2023-11-09T11:13:47.510+0000][700.991s][debug][safepoint     ] Safepoint synchronization initiated. (169 threads)
[2023-11-09T11:13:47.510+0000][700.991s][info ][safepoint     ] Application time: 1.0007542 seconds
[2023-11-09T11:13:47.511+0000][700.992s][info ][safepoint     ] Entering safepoint region: Cleanup
[2023-11-09T11:13:47.511+0000][700.992s][info ][safepoint     ] Leaving safepoint region
[2023-11-09T11:13:47.512+0000][700.993s][info ][safepoint     ] Total time for which application threads were stopped: 0.0010833 seconds, Stopping threads took: 0.0004066 seconds
[2023-11-09T11:13:48.513+0000][701.993s][debug][safepoint     ] Safepoint synchronization initiated. (169 threads)
[2023-11-09T11:13:48.513+0000][701.994s][info ][safepoint     ] Application time: 1.0009122 seconds
[2023-11-09T11:13:48.514+0000][701.995s][info ][safepoint     ] Entering safepoint region: Cleanup
[2023-11-09T11:13:48.515+0000][701.995s][info ][safepoint     ] Leaving safepoint region
[2023-11-09T11:13:48.515+0000][701.996s][info ][safepoint     ] Total time for which application threads were stopped: 0.0013357 seconds, Stopping threads took: 0.0006288 seconds
[2023-11-09T11:13:49.516+0000][702.997s][debug][safepoint     ] Safepoint synchronization initiated. (169 threads)
[2023-11-09T11:13:49.517+0000][702.998s][info ][safepoint     ] Application time: 1.0015706 seconds
[2023-11-09T11:13:49.519+0000][702.999s][info ][safepoint     ] Entering safepoint region: Cleanup
[2023-11-09T11:13:49.520+0000][703.001s][info ][safepoint     ] Leaving safepoint region
[2023-11-09T11:13:49.521+0000][703.002s][info ][safepoint     ] Total time for which application threads were stopped: 0.0026133 seconds, Stopping threads took: 0.0011339 seconds
[2023-11-09T11:13:50.522+0000][704.003s][debug][safepoint     ] Safepoint synchronization initiated. (169 threads)
[2023-11-09T11:13:50.523+0000][704.003s][info ][safepoint     ] Application time: 1.0006312 seconds
[2023-11-09T11:13:50.523+0000][704.004s][info ][safepoint     ] Entering safepoint region: Cleanup
[2023-11-09T11:13:50.524+0000][704.004s][info ][safepoint     ] Leaving safepoint region
[2023-11-09T11:13:50.524+0000][704.005s][info ][safepoint     ] Total time for which application threads were stopped: 0.0008719 seconds, Stopping threads took: 0.0003615 seconds
[2023-11-09T11:13:51.524+0000][705.005s][debug][safepoint     ] Safepoint synchronization initiated. (169 threads)
[2023-11-09T11:13:51.525+0000][705.006s][info ][safepoint     ] Application time: 1.0005610 seconds
[2023-11-09T11:13:51.525+0000][705.006s][info ][safepoint     ] Entering safepoint region: Cleanup
[2023-11-09T11:13:51.526+0000][705.007s][info ][safepoint     ] Leaving safepoint region
[2023-11-09T11:13:51.526+0000][705.007s][info ][safepoint     ] Total time for which application threads were stopped: 0.0011052 seconds, Stopping threads took: 0.0004932 seconds
[2023-11-09T11:13:52.527+0000][706.008s][debug][safepoint     ] Safepoint synchronization initiated. (169 threads)
[2023-11-09T11:13:52.528+0000][706.009s][info ][safepoint     ] Application time: 1.0014187 seconds
[2023-11-09T11:13:52.528+0000][706.009s][info ][safepoint     ] Entering safepoint region: Cleanup
[2023-11-09T11:13:52.529+0000][706.010s][info ][safepoint     ] Leaving safepoint region
[2023-11-09T11:13:52.530+0000][706.010s][info ][safepoint     ] Total time for which application threads were stopped: 0.0010478 seconds, Stopping threads took: 0.0004661 seconds
[2023-11-09T11:13:53.530+0000][707.011s][debug][safepoint     ] Safepoint synchronization initiated. (168 threads)
[2023-11-09T11:13:53.530+0000][707.011s][info ][safepoint     ] Application time: 1.0006076 seconds
[2023-11-09T11:13:53.531+0000][707.012s][info ][safepoint     ] Entering safepoint region: Cleanup
[2023-11-09T11:13:53.532+0000][707.012s][info ][safepoint     ] Leaving safepoint region
[2023-11-09T11:13:53.532+0000][707.013s][info ][safepoint     ] Total time for which application threads were stopped: 0.0010837 seconds, Stopping threads took: 0.0004632 seconds
[2023-11-09T11:13:54.532+0000][708.013s][debug][safepoint     ] Safepoint synchronization initiated. (168 threads)
[2023-11-09T11:13:54.535+0000][708.016s][info ][safepoint     ] Application time: 1.0024285 seconds
[2023-11-09T11:13:54.535+0000][708.016s][debug][safepoint     ] ... found polling page return exception at pc = 0x00007fb4f0a9c474, stub =0x00007fb4e8840600
[2023-11-09T11:13:54.536+0000][708.017s][debug][safepoint     ] Waiting for 1 thread(s) to block
[2023-11-09T11:13:54.537+0000][708.018s][info ][safepoint     ] Entering safepoint region: Cleanup
[2023-11-09T11:13:54.538+0000][708.018s][info ][safepoint     ] Leaving safepoint region
[2023-11-09T11:13:54.538+0000][708.019s][info ][safepoint     ] Total time for which application threads were stopped: 0.0027393 seconds, Stopping threads took: 0.0020132 seconds
[2023-11-09T11:13:55.539+0000][709.020s][debug][safepoint     ] Safepoint synchronization initiated. (168 threads)
[2023-11-09T11:13:55.540+0000][709.021s][info ][safepoint     ] Application time: 1.0015897 seconds
[2023-11-09T11:13:55.541+0000][709.022s][info ][safepoint     ] Entering safepoint region: Cleanup
[2023-11-09T11:13:55.543+0000][709.023s][info ][safepoint     ] Leaving safepoint region
[2023-11-09T11:13:55.550+0000][709.031s][info ][safepoint     ] Total time for which application threads were stopped: 0.0090250 seconds, Stopping threads took: 0.0013236 seconds
[2023-11-09T11:13:56.553+0000][710.034s][debug][safepoint     ] Safepoint synchronization initiated. (168 threads)
[2023-11-09T11:13:56.564+0000][710.044s][info ][safepoint     ] Application time: 1.0103455 seconds
[2023-11-09T11:13:56.566+0000][710.047s][info ][safepoint     ] Entering safepoint region: Cleanup
[2023-11-09T11:13:56.570+0000][710.051s][info ][safepoint     ] Leaving safepoint region
[2023-11-09T11:13:56.571+0000][710.052s][info ][safepoint     ] Total time for which application threads were stopped: 0.0048105 seconds, Stopping threads took: 0.0034187 seconds
[2023-11-09T11:13:57.572+0000][711.052s][debug][safepoint     ] Safepoint synchronization initiated. (168 threads)
[2023-11-09T11:13:57.573+0000][711.054s][info ][safepoint     ] Application time: 1.0013715 seconds
[2023-11-09T11:13:57.574+0000][711.055s][info ][safepoint     ] Entering safepoint region: Cleanup
[2023-11-09T11:13:57.580+0000][711.061s][info ][safepoint     ] Leaving safepoint region
[2023-11-09T11:13:57.585+0000][711.066s][info ][safepoint     ] Total time for which application threads were stopped: 0.0105301 seconds, Stopping threads took: 0.0038722 seconds
[2023-11-09T11:13:58.591+0000][712.072s][debug][safepoint     ] Safepoint synchronization initiated. (168 threads)
[2023-11-09T11:13:58.591+0000][712.072s][info ][safepoint     ] Application time: 1.0006231 seconds
[2023-11-09T11:13:58.592+0000][712.073s][info ][safepoint     ] Entering safepoint region: Cleanup
[2023-11-09T11:13:58.592+0000][712.073s][info ][safepoint     ] Leaving safepoint region
[2023-11-09T11:13:58.593+0000][712.074s][info ][safepoint     ] Total time for which application threads were stopped: 0.0009969 seconds, Stopping threads took: 0.0003735 seconds
[2023-11-09T11:13:59.593+0000][713.074s][debug][safepoint     ] Safepoint synchronization initiated. (168 threads)
[2023-11-09T11:13:59.594+0000][713.075s][info ][safepoint     ] Application time: 1.0005065 seconds
[2023-11-09T11:13:59.594+0000][713.075s][info ][safepoint     ] Entering safepoint region: Cleanup
[2023-11-09T11:13:59.595+0000][713.075s][info ][safepoint     ] Leaving safepoint region
[2023-11-09T11:13:59.595+0000][713.076s][info ][safepoint     ] Total time for which application threads were stopped: 0.0008556 seconds, Stopping threads took: 0.0003300 seconds
[2023-11-09T11:14:00.595+0000][714.076s][debug][safepoint     ] Safepoint synchronization initiated. (168 threads)
[2023-11-09T11:14:00.596+0000][714.077s][info ][safepoint     ] Application time: 1.0005693 seconds
[2023-11-09T11:14:00.596+0000][714.077s][info ][safepoint     ] Entering safepoint region: Cleanup
[2023-11-09T11:14:00.597+0000][714.077s][info ][safepoint     ] Leaving safepoint region
[2023-11-09T11:14:00.597+0000][714.078s][info ][safepoint     ] Total time for which application threads were stopped: 0.0010893 seconds, Stopping threads took: 0.0003675 seconds
[2023-11-09T11:14:01.598+0000][715.078s][debug][safepoint     ] Safepoint synchronization initiated. (168 threads)
[2023-11-09T11:14:01.598+0000][715.079s][info ][safepoint     ] Application time: 1.0005997 seconds
[2023-11-09T11:14:01.598+0000][715.079s][info ][safepoint     ] Entering safepoint region: Cleanup
[2023-11-09T11:14:01.599+0000][715.080s][info ][safepoint     ] Leaving safepoint region
[2023-11-09T11:14:01.599+0000][715.080s][info ][safepoint     ] Total time for which application threads were stopped: 0.0010363 seconds, Stopping threads took: 0.0003488 seconds
[2023-11-09T11:14:02.600+0000][716.081s][debug][safepoint     ] Safepoint synchronization initiated. (168 threads)
[2023-11-09T11:14:02.600+0000][716.081s][info ][safepoint     ] Application time: 1.0006077 seconds
[2023-11-09T11:14:02.601+0000][716.082s][info ][safepoint     ] Entering safepoint region: Cleanup
[2023-11-09T11:14:02.601+0000][716.082s][info ][safepoint     ] Leaving safepoint region
[2023-11-09T11:14:02.602+0000][716.083s][info ][safepoint     ] Total time for which application threads were stopped: 0.0009218 seconds, Stopping threads took: 0.0003700 seconds
[2023-11-09T11:14:03.602+0000][717.083s][debug][safepoint     ] Safepoint synchronization initiated. (168 threads)
[2023-11-09T11:14:03.603+0000][717.084s][info ][safepoint     ] Application time: 1.0010766 seconds
[2023-11-09T11:14:03.604+0000][717.085s][debug][safepoint     ] ... found polling page return exception at pc = 0x00007fb4f0a0f376, stub =0x00007fb4e8840600
[2023-11-09T11:14:03.604+0000][717.085s][debug][safepoint     ] ... found polling page return exception at pc = 0x00007fb4f0a0f376, stub =0x00007fb4e8840600
[2023-11-09T11:14:03.604+0000][717.085s][debug][safepoint     ] ... found polling page return exception at pc = 0x00007fb4f0a0f376, stub =0x00007fb4e8840600
[2023-11-09T11:14:03.604+0000][717.085s][debug][safepoint     ] ... found polling page return exception at pc = 0x00007fb4f0350a1d, stub =0x00007fb4e8840600
[2023-11-09T11:14:03.604+0000][717.085s][debug][safepoint     ] ... found polling page return exception at pc = 0x00007fb4f0a0f376, stub =0x00007fb4e8840600
[2023-11-09T11:14:03.604+0000][717.085s][debug][safepoint     ] ... found polling page return exception at pc = 0x00007fb4f0a0f376, stub =0x00007fb4e8840600
[2023-11-09T11:14:03.607+0000][717.088s][debug][safepoint     ] Waiting for 6 thread(s) to block
[2023-11-09T11:14:03.608+0000][717.089s][info ][safepoint     ] Entering safepoint region: Cleanup
[2023-11-09T11:14:03.609+0000][717.090s][info ][safepoint     ] Leaving safepoint region
[2023-11-09T11:14:03.609+0000][717.090s][info ][safepoint     ] Total time for which application threads were stopped: 0.0057589 seconds, Stopping threads took: 0.0051634 seconds
[2023-11-09T11:14:04.610+0000][718.091s][debug][safepoint     ] Safepoint synchronization initiated. (168 threads)
[2023-11-09T11:14:04.611+0000][718.092s][info ][safepoint     ] Application time: 1.0007997 seconds
[2023-11-09T11:14:04.611+0000][718.092s][info ][safepoint     ] Entering safepoint region: Cleanup
[2023-11-09T11:14:04.612+0000][718.093s][info ][safepoint     ] Leaving safepoint region
[2023-11-09T11:14:04.612+0000][718.093s][info ][safepoint     ] Total time for which application threads were stopped: 0.0012334 seconds, Stopping threads took: 0.0005423 seconds
[2023-11-09T11:14:05.613+0000][719.094s][debug][safepoint     ] Safepoint synchronization initiated. (168 threads)
[2023-11-09T11:14:05.614+0000][719.094s][info ][safepoint     ] Application time: 1.0007148 seconds
[2023-11-09T11:14:05.614+0000][719.095s][info ][safepoint     ] Entering safepoint region: Cleanup
[2023-11-09T11:14:05.615+0000][719.096s][info ][safepoint     ] Leaving safepoint region
[2023-11-09T11:14:05.615+0000][719.096s][info ][safepoint     ] Total time for which application threads were stopped: 0.0012074 seconds, Stopping threads took: 0.0004792 seconds
[2023-11-09T11:14:06.616+0000][720.097s][debug][safepoint     ] Safepoint synchronization initiated. (168 threads)
[2023-11-09T11:14:06.617+0000][720.097s][info ][safepoint     ] Application time: 1.0008433 seconds
[2023-11-09T11:14:06.617+0000][720.098s][info ][safepoint     ] Entering safepoint region: Cleanup
[2023-11-09T11:14:06.618+0000][720.099s][info ][safepoint     ] Leaving safepoint region
[2023-11-09T11:14:06.618+0000][720.099s][info ][safepoint     ] Total time for which application threads were stopped: 0.0011824 seconds, Stopping threads took: 0.0005830 seconds
[2023-11-09T11:14:07.619+0000][721.100s][debug][safepoint     ] Safepoint synchronization initiated. (168 threads)
[2023-11-09T11:14:07.620+0000][721.101s][info ][safepoint     ] Application time: 1.0010123 seconds
[2023-11-09T11:14:07.621+0000][721.101s][info ][safepoint     ] Entering safepoint region: Cleanup
[2023-11-09T11:14:07.621+0000][721.102s][info ][safepoint     ] Leaving safepoint region
[2023-11-09T11:14:07.622+0000][721.103s][info ][safepoint     ] Total time for which application threads were stopped: 0.0014433 seconds, Stopping threads took: 0.0005859 seconds
[2023-11-09T11:14:08.623+0000][722.104s][debug][safepoint     ] Safepoint synchronization initiated. (168 threads)
[2023-11-09T11:14:08.624+0000][722.104s][info ][safepoint     ] Application time: 1.0010353 seconds
[2023-11-09T11:14:08.624+0000][722.105s][info ][safepoint     ] Entering safepoint region: Cleanup
[2023-11-09T11:14:08.625+0000][722.106s][info ][safepoint     ] Leaving safepoint region
[2023-11-09T11:14:08.626+0000][722.106s][info ][safepoint     ] Total time for which application threads were stopped: 0.0014713 seconds, Stopping threads took: 0.0007032 seconds
[2023-11-09T11:14:09.626+0000][723.107s][debug][safepoint     ] Safepoint synchronization initiated. (168 threads)
[2023-11-09T11:14:09.627+0000][723.108s][info ][safepoint     ] Application time: 1.0009021 seconds
[2023-11-09T11:14:09.628+0000][723.108s][info ][safepoint     ] Entering safepoint region: Cleanup
[2023-11-09T11:14:09.628+0000][723.109s][info ][safepoint     ] Leaving safepoint region
[2023-11-09T11:14:09.629+0000][723.110s][info ][safepoint     ] Total time for which application threads were stopped: 0.0013406 seconds, Stopping threads took: 0.0006159 seconds
[2023-11-09T11:14:10.630+0000][724.110s][debug][safepoint     ] Safepoint synchronization initiated. (168 threads)
[2023-11-09T11:14:10.630+0000][724.111s][info ][safepoint     ] Application time: 1.0010154 seconds
[2023-11-09T11:14:10.631+0000][724.112s][info ][safepoint     ] Entering safepoint region: Cleanup
[2023-11-09T11:14:10.632+0000][724.113s][info ][safepoint     ] Leaving safepoint region
[2023-11-09T11:14:10.632+0000][724.113s][info ][safepoint     ] Total time for which application threads were stopped: 0.0013124 seconds, Stopping threads took: 0.0005878 seconds
[2023-11-09T11:14:11.633+0000][725.114s][debug][safepoint     ] Safepoint synchronization initiated. (168 threads)
[2023-11-09T11:14:11.634+0000][725.114s][info ][safepoint     ] Application time: 1.0008793 seconds
[2023-11-09T11:14:11.634+0000][725.115s][info ][safepoint     ] Entering safepoint region: Cleanup
[2023-11-09T11:14:11.635+0000][725.116s][info ][safepoint     ] Leaving safepoint region
[2023-11-09T11:14:11.636+0000][725.116s][info ][safepoint     ] Total time for which application threads were stopped: 0.0012592 seconds, Stopping threads took: 0.0005690 seconds
[2023-11-09T11:14:12.636+0000][726.117s][debug][safepoint     ] Safepoint synchronization initiated. (168 threads)
[2023-11-09T11:14:12.637+0000][726.118s][info ][safepoint     ] Application time: 1.0008292 seconds
[2023-11-09T11:14:12.637+0000][726.118s][info ][safepoint     ] Entering safepoint region: Cleanup
[2023-11-09T11:14:12.638+0000][726.119s][info ][safepoint     ] Leaving safepoint region
[2023-11-09T11:14:12.639+0000][726.119s][info ][safepoint     ] Total time for which application threads were stopped: 0.0013241 seconds, Stopping threads took: 0.0005564 seconds
[2023-11-09T11:14:13.639+0000][727.120s][debug][safepoint     ] Safepoint synchronization initiated. (168 threads)
[2023-11-09T11:14:13.640+0000][727.121s][info ][safepoint     ] Application time: 1.0009909 seconds
[2023-11-09T11:14:13.641+0000][727.121s][info ][safepoint     ] Entering safepoint region: Cleanup
[2023-11-09T11:14:13.641+0000][727.122s][info ][safepoint     ] Leaving safepoint region
[2023-11-09T11:14:13.642+0000][727.123s][info ][safepoint     ] Total time for which application threads were stopped: 0.0012338 seconds, Stopping threads took: 0.0005326 seconds
[2023-11-09T11:14:14.643+0000][728.123s][debug][safepoint     ] Safepoint synchronization initiated. (168 threads)
[2023-11-09T11:14:14.643+0000][728.124s][info ][safepoint     ] Application time: 1.0008978 seconds
[2023-11-09T11:14:14.644+0000][728.125s][info ][safepoint     ] Entering safepoint region: Cleanup
[2023-11-09T11:14:14.645+0000][728.125s][info ][safepoint     ] Leaving safepoint region
[2023-11-09T11:14:14.645+0000][728.126s][info ][safepoint     ] Total time for which application threads were stopped: 0.0014079 seconds, Stopping threads took: 0.0006601 seconds
[2023-11-09T11:14:15.646+0000][729.127s][debug][safepoint     ] Safepoint synchronization initiated. (168 threads)
[2023-11-09T11:14:15.647+0000][729.127s][info ][safepoint     ] Application time: 1.0008665 seconds
[2023-11-09T11:14:15.647+0000][729.128s][debug][safepoint     ] ... found polling page return exception at pc = 0x00007fb4f0d698e2, stub =0x00007fb4e8840600
[2023-11-09T11:14:15.648+0000][729.128s][debug][safepoint     ] Waiting for 1 thread(s) to block
[2023-11-09T11:14:15.648+0000][729.129s][info ][safepoint     ] Entering safepoint region: Cleanup
[2023-11-09T11:14:15.649+0000][729.130s][info ][safepoint     ] Leaving safepoint region
[2023-11-09T11:14:15.650+0000][729.130s][info ][safepoint     ] Total time for which application threads were stopped: 0.0023924 seconds, Stopping threads took: 0.0016919 seconds
[2023-11-09T11:14:16.651+0000][730.131s][debug][safepoint     ] Safepoint synchronization initiated. (168 threads)
[2023-11-09T11:14:16.651+0000][730.132s][info ][safepoint     ] Application time: 1.0010077 seconds
[2023-11-09T11:14:16.652+0000][730.133s][info ][safepoint     ] Entering safepoint region: Cleanup
[2023-11-09T11:14:16.653+0000][730.133s][info ][safepoint     ] Leaving safepoint region
[2023-11-09T11:14:16.653+0000][730.134s][info ][safepoint     ] Total time for which application threads were stopped: 0.0012650 seconds, Stopping threads took: 0.0005337 seconds
[2023-11-09T11:14:17.654+0000][731.135s][debug][safepoint     ] Safepoint synchronization initiated. (168 threads)
[2023-11-09T11:14:17.655+0000][731.135s][info ][safepoint     ] Application time: 1.0010139 seconds
[2023-11-09T11:14:17.655+0000][731.136s][info ][safepoint     ] Entering safepoint region: Cleanup
[2023-11-09T11:14:17.656+0000][731.137s][info ][safepoint     ] Leaving safepoint region
[2023-11-09T11:14:17.657+0000][731.137s][info ][safepoint     ] Total time for which application threads were stopped: 0.0013023 seconds, Stopping threads took: 0.0005679 seconds
[2023-11-09T11:14:18.657+0000][732.138s][debug][safepoint     ] Safepoint synchronization initiated. (168 threads)
[2023-11-09T11:14:18.658+0000][732.139s][info ][safepoint     ] Application time: 1.0008122 seconds
[2023-11-09T11:14:18.659+0000][732.139s][info ][safepoint     ] Entering safepoint region: Cleanup
[2023-11-09T11:14:18.659+0000][732.140s][info ][safepoint     ] Leaving safepoint region
[2023-11-09T11:14:18.660+0000][732.140s][info ][safepoint     ] Total time for which application threads were stopped: 0.0011873 seconds, Stopping threads took: 0.0004982 seconds
[2023-11-09T11:14:19.660+0000][733.141s][debug][safepoint     ] Safepoint synchronization initiated. (168 threads)
[2023-11-09T11:14:19.661+0000][733.142s][info ][safepoint     ] Application time: 1.0008143 seconds
[2023-11-09T11:14:19.661+0000][733.142s][info ][safepoint     ] Entering safepoint region: Cleanup
[2023-11-09T11:14:19.662+0000][733.143s][info ][safepoint     ] Leaving safepoint region
[2023-11-09T11:14:19.663+0000][733.143s][info ][safepoint     ] Total time for which application threads were stopped: 0.0012203 seconds, Stopping threads took: 0.0004617 seconds
[2023-11-09T11:14:20.663+0000][734.144s][debug][safepoint     ] Safepoint synchronization initiated. (168 threads)
[2023-11-09T11:14:20.664+0000][734.145s][info ][safepoint     ] Application time: 1.0008608 seconds
[2023-11-09T11:14:20.665+0000][734.145s][info ][safepoint     ] Entering safepoint region: Cleanup
[2023-11-09T11:14:20.665+0000][734.146s][info ][safepoint     ] Leaving safepoint region
[2023-11-09T11:14:20.666+0000][734.147s][info ][safepoint     ] Total time for which application threads were stopped: 0.0013113 seconds, Stopping threads took: 0.0005000 seconds
[2023-11-09T11:14:21.666+0000][735.147s][debug][safepoint     ] Safepoint synchronization initiated. (168 threads)
[2023-11-09T11:14:21.667+0000][735.148s][info ][safepoint     ] Application time: 1.0009296 seconds
[2023-11-09T11:14:21.668+0000][735.149s][info ][safepoint     ] Entering safepoint region: Cleanup
[2023-11-09T11:14:21.669+0000][735.149s][info ][safepoint     ] Leaving safepoint region
[2023-11-09T11:14:21.669+0000][735.150s][info ][safepoint     ] Total time for which application threads were stopped: 0.0012994 seconds, Stopping threads took: 0.0006848 seconds
[2023-11-09T11:14:22.670+0000][736.150s][debug][safepoint     ] Safepoint synchronization initiated. (168 threads)
[2023-11-09T11:14:22.670+0000][736.151s][info ][safepoint     ] Application time: 1.0009191 seconds
[2023-11-09T11:14:22.671+0000][736.152s][info ][safepoint     ] Entering safepoint region: Cleanup
[2023-11-09T11:14:22.672+0000][736.152s][info ][safepoint     ] Leaving safepoint region
[2023-11-09T11:14:22.672+0000][736.153s][info ][safepoint     ] Total time for which application threads were stopped: 0.0012312 seconds, Stopping threads took: 0.0005647 seconds
[2023-11-09T11:14:23.673+0000][737.154s][debug][safepoint     ] Safepoint synchronization initiated. (168 threads)
[2023-11-09T11:14:23.674+0000][737.154s][info ][safepoint     ] Application time: 1.0010124 seconds
[2023-11-09T11:14:23.674+0000][737.155s][debug][safepoint     ] ... found polling page return exception at pc = 0x00007fb4f1424a52, stub =0x00007fb4e8840600
[2023-11-09T11:14:23.675+0000][737.156s][debug][safepoint     ] Waiting for 1 thread(s) to block
[2023-11-09T11:14:23.675+0000][737.156s][info ][safepoint     ] Entering safepoint region: Cleanup
[2023-11-09T11:14:23.676+0000][737.157s][info ][safepoint     ] Leaving safepoint region
[2023-11-09T11:14:23.677+0000][737.157s][info ][safepoint     ] Total time for which application threads were stopped: 0.0022900 seconds, Stopping threads took: 0.0016387 seconds
[2023-11-09T11:14:24.677+0000][738.158s][debug][safepoint     ] Safepoint synchronization initiated. (168 threads)
[2023-11-09T11:14:24.678+0000][738.159s][info ][safepoint     ] Application time: 1.0007672 seconds
[2023-11-09T11:14:24.678+0000][738.159s][debug][safepoint     ] ... found polling page return exception at pc = 0x00007fb4f0c27368, stub =0x00007fb4e8840600
[2023-11-09T11:14:24.679+0000][738.159s][debug][safepoint     ] Waiting for 2 thread(s) to block
[2023-11-09T11:14:24.679+0000][738.160s][info ][safepoint     ] Entering safepoint region: Cleanup
[2023-11-09T11:14:24.680+0000][738.161s][info ][safepoint     ] Leaving safepoint region
[2023-11-09T11:14:24.680+0000][738.161s][info ][safepoint     ] Total time for which application threads were stopped: 0.0021748 seconds, Stopping threads took: 0.0015122 seconds
[2023-11-09T11:14:25.681+0000][739.162s][debug][safepoint     ] Safepoint synchronization initiated. (168 threads)
[2023-11-09T11:14:25.682+0000][739.163s][info ][safepoint     ] Application time: 1.0010163 seconds
[2023-11-09T11:14:25.683+0000][739.163s][info ][safepoint     ] Entering safepoint region: Cleanup
[2023-11-09T11:14:25.683+0000][739.164s][info ][safepoint     ] Leaving safepoint region
[2023-11-09T11:14:25.684+0000][739.165s][info ][safepoint     ] Total time for which application threads were stopped: 0.0012887 seconds, Stopping threads took: 0.0005217 seconds
[2023-11-09T11:14:26.685+0000][740.165s][debug][safepoint     ] Safepoint synchronization initiated. (168 threads)
[2023-11-09T11:14:26.685+0000][740.166s][info ][safepoint     ] Application time: 1.0007489 seconds
[2023-11-09T11:14:26.686+0000][740.166s][info ][safepoint     ] Entering safepoint region: Cleanup
[2023-11-09T11:14:26.686+0000][740.167s][info ][safepoint     ] Leaving safepoint region
[2023-11-09T11:14:26.687+0000][740.168s][info ][safepoint     ] Total time for which application threads were stopped: 0.0011646 seconds, Stopping threads took: 0.0005150 seconds
[2023-11-09T11:14:27.688+0000][741.168s][debug][safepoint     ] Safepoint synchronization initiated. (168 threads)
[2023-11-09T11:14:27.688+0000][741.169s][info ][safepoint     ] Application time: 1.0010167 seconds
[2023-11-09T11:14:27.689+0000][741.170s][info ][safepoint     ] Entering safepoint region: Cleanup
[2023-11-09T11:14:27.690+0000][741.170s][info ][safepoint     ] Leaving safepoint region
[2023-11-09T11:14:27.690+0000][741.171s][info ][safepoint     ] Total time for which application threads were stopped: 0.0013423 seconds, Stopping threads took: 0.0006213 seconds
[2023-11-09T11:14:28.691+0000][742.172s][debug][safepoint     ] Safepoint synchronization initiated. (168 threads)
[2023-11-09T11:14:28.692+0000][742.172s][info ][safepoint     ] Application time: 1.0009405 seconds
[2023-11-09T11:14:28.692+0000][742.173s][debug][safepoint     ] ... found polling page return exception at pc = 0x00007fb4f1434f98, stub =0x00007fb4e8840600
[2023-11-09T11:14:28.693+0000][742.173s][debug][safepoint     ] Waiting for 1 thread(s) to block
[2023-11-09T11:14:28.693+0000][742.174s][info ][safepoint     ] Entering safepoint region: Cleanup
[2023-11-09T11:14:28.694+0000][742.175s][info ][safepoint     ] Leaving safepoint region
[2023-11-09T11:14:28.695+0000][742.176s][info ][safepoint     ] Total time for which application threads were stopped: 0.0025853 seconds, Stopping threads took: 0.0017900 seconds
[2023-11-09T11:14:29.696+0000][743.176s][debug][safepoint     ] Safepoint synchronization initiated. (168 threads)
[2023-11-09T11:14:29.696+0000][743.177s][info ][safepoint     ] Application time: 1.0006716 seconds
[2023-11-09T11:14:29.697+0000][743.177s][info ][safepoint     ] Entering safepoint region: Cleanup
[2023-11-09T11:14:29.697+0000][743.178s][info ][safepoint     ] Leaving safepoint region
[2023-11-09T11:14:29.698+0000][743.179s][info ][safepoint     ] Total time for which application threads were stopped: 0.0012609 seconds, Stopping threads took: 0.0005495 seconds
[2023-11-09T11:14:30.699+0000][744.179s][debug][safepoint     ] Safepoint synchronization initiated. (168 threads)
[2023-11-09T11:14:30.699+0000][744.180s][info ][safepoint     ] Application time: 1.0011393 seconds
[2023-11-09T11:14:30.700+0000][744.181s][info ][safepoint     ] Entering safepoint region: Cleanup
[2023-11-09T11:14:30.701+0000][744.182s][info ][safepoint     ] Leaving safepoint region
[2023-11-09T11:14:30.701+0000][744.182s][info ][safepoint     ] Total time for which application threads were stopped: 0.0012805 seconds, Stopping threads took: 0.0006102 seconds
[2023-11-09T11:14:31.702+0000][745.183s][debug][safepoint     ] Safepoint synchronization initiated. (168 threads)
[2023-11-09T11:14:31.703+0000][745.183s][info ][safepoint     ] Application time: 1.0008204 seconds
[2023-11-09T11:14:31.703+0000][745.184s][info ][safepoint     ] Entering safepoint region: Cleanup
[2023-11-09T11:14:31.704+0000][745.185s][info ][safepoint     ] Leaving safepoint region
[2023-11-09T11:14:31.705+0000][745.185s][info ][safepoint     ] Total time for which application threads were stopped: 0.0014136 seconds, Stopping threads took: 0.0005022 seconds
[2023-11-09T11:14:32.705+0000][746.186s][debug][safepoint     ] Safepoint synchronization initiated. (168 threads)
[2023-11-09T11:14:32.706+0000][746.187s][info ][safepoint     ] Application time: 1.0009118 seconds
[2023-11-09T11:14:32.707+0000][746.188s][info ][safepoint     ] Entering safepoint region: Cleanup
[2023-11-09T11:14:32.708+0000][746.188s][info ][safepoint     ] Leaving safepoint region
[2023-11-09T11:14:32.708+0000][746.189s][info ][safepoint     ] Total time for which application threads were stopped: 0.0012094 seconds, Stopping threads took: 0.0005583 seconds
[2023-11-09T11:14:33.709+0000][747.189s][debug][safepoint     ] Safepoint synchronization initiated. (168 threads)
[2023-11-09T11:14:33.709+0000][747.190s][info ][safepoint     ] Application time: 1.0006602 seconds
[2023-11-09T11:14:33.710+0000][747.190s][info ][safepoint     ] Entering safepoint region: Cleanup
[2023-11-09T11:14:33.710+0000][747.191s][info ][safepoint     ] Leaving safepoint region
[2023-11-09T11:14:33.711+0000][747.192s][info ][safepoint     ] Total time for which application threads were stopped: 0.0013324 seconds, Stopping threads took: 0.0006393 seconds
[2023-11-09T11:14:34.712+0000][748.192s][debug][safepoint     ] Safepoint synchronization initiated. (168 threads)
[2023-11-09T11:14:34.712+0000][748.193s][info ][safepoint     ] Application time: 1.0009031 seconds
[2023-11-09T11:14:34.713+0000][748.194s][info ][safepoint     ] Entering safepoint region: Cleanup
[2023-11-09T11:14:34.714+0000][748.194s][info ][safepoint     ] Leaving safepoint region
[2023-11-09T11:14:34.714+0000][748.195s][info ][safepoint     ] Total time for which application threads were stopped: 0.0012792 seconds, Stopping threads took: 0.0005008 seconds
[2023-11-09T11:14:35.715+0000][749.196s][debug][safepoint     ] Safepoint synchronization initiated. (168 threads)
[2023-11-09T11:14:35.716+0000][749.196s][info ][safepoint     ] Application time: 1.0007523 seconds
[2023-11-09T11:14:35.716+0000][749.197s][info ][safepoint     ] Entering safepoint region: Cleanup
[2023-11-09T11:14:35.717+0000][749.198s][info ][safepoint     ] Leaving safepoint region
[2023-11-09T11:14:35.717+0000][749.198s][info ][safepoint     ] Total time for which application threads were stopped: 0.0012081 seconds, Stopping threads took: 0.0005534 seconds
[2023-11-09T11:14:36.718+0000][750.199s][debug][safepoint     ] Safepoint synchronization initiated. (168 threads)
[2023-11-09T11:14:36.718+0000][750.199s][info ][safepoint     ] Application time: 1.0005848 seconds
[2023-11-09T11:14:36.719+0000][750.199s][info ][safepoint     ] Entering safepoint region: Cleanup
[2023-11-09T11:14:36.719+0000][750.200s][info ][safepoint     ] Leaving safepoint region
[2023-11-09T11:14:36.720+0000][750.200s][info ][safepoint     ] Total time for which application threads were stopped: 0.0010974 seconds, Stopping threads took: 0.0004108 seconds
[2023-11-09T11:14:37.720+0000][751.201s][debug][safepoint     ] Safepoint synchronization initiated. (168 threads)
[2023-11-09T11:14:37.721+0000][751.202s][info ][safepoint     ] Application time: 1.0009105 seconds
[2023-11-09T11:14:37.722+0000][751.202s][info ][safepoint     ] Entering safepoint region: Cleanup
[2023-11-09T11:14:37.722+0000][751.203s][info ][safepoint     ] Leaving safepoint region
[2023-11-09T11:14:37.723+0000][751.204s][info ][safepoint     ] Total time for which application threads were stopped: 0.0013078 seconds, Stopping threads took: 0.0005824 seconds
[2023-11-09T11:14:38.724+0000][752.204s][debug][safepoint     ] Safepoint synchronization initiated. (168 threads)
[2023-11-09T11:14:38.724+0000][752.205s][info ][safepoint     ] Application time: 1.0009710 seconds
[2023-11-09T11:14:38.725+0000][752.206s][info ][safepoint     ] Entering safepoint region: Cleanup
[2023-11-09T11:14:38.726+0000][752.206s][info ][safepoint     ] Leaving safepoint region
[2023-11-09T11:14:38.726+0000][752.207s][info ][safepoint     ] Total time for which application threads were stopped: 0.0013679 seconds, Stopping threads took: 0.0005878 seconds
[2023-11-09T11:14:39.727+0000][753.208s][debug][safepoint     ] Safepoint synchronization initiated. (168 threads)
[2023-11-09T11:14:39.728+0000][753.209s][info ][safepoint     ] Application time: 1.0014978 seconds
[2023-11-09T11:14:39.729+0000][753.210s][info ][safepoint     ] Entering safepoint region: Cleanup
[2023-11-09T11:14:39.730+0000][753.210s][info ][safepoint     ] Leaving safepoint region
[2023-11-09T11:14:39.730+0000][753.211s][info ][safepoint     ] Total time for which application threads were stopped: 0.0013774 seconds, Stopping threads took: 0.0006119 seconds
[2023-11-09T11:14:40.731+0000][754.212s][debug][safepoint     ] Safepoint synchronization initiated. (168 threads)
[2023-11-09T11:14:40.732+0000][754.212s][info ][safepoint     ] Application time: 1.0007427 seconds
[2023-11-09T11:14:40.732+0000][754.213s][info ][safepoint     ] Entering safepoint region: Cleanup
[2023-11-09T11:14:40.733+0000][754.214s][info ][safepoint     ] Leaving safepoint region
[2023-11-09T11:14:40.734+0000][754.214s][info ][safepoint     ] Total time for which application threads were stopped: 0.0013997 seconds, Stopping threads took: 0.0005546 seconds
[2023-11-09T11:14:41.734+0000][755.215s][debug][safepoint     ] Safepoint synchronization initiated. (168 threads)
[2023-11-09T11:14:41.735+0000][755.216s][info ][safepoint     ] Application time: 1.0009995 seconds
[2023-11-09T11:14:41.736+0000][755.216s][info ][safepoint     ] Entering safepoint region: Cleanup
[2023-11-09T11:14:41.736+0000][755.217s][info ][safepoint     ] Leaving safepoint region
[2023-11-09T11:14:41.737+0000][755.218s][info ][safepoint     ] Total time for which application threads were stopped: 0.0013486 seconds, Stopping threads took: 0.0005478 seconds
[2023-11-09T11:14:42.738+0000][756.218s][debug][safepoint     ] Safepoint synchronization initiated. (168 threads)
[2023-11-09T11:14:42.738+0000][756.219s][info ][safepoint     ] Application time: 1.0007971 seconds
[2023-11-09T11:14:42.739+0000][756.220s][info ][safepoint     ] Entering safepoint region: Cleanup
[2023-11-09T11:14:42.740+0000][756.220s][info ][safepoint     ] Leaving safepoint region
[2023-11-09T11:14:42.740+0000][756.221s][info ][safepoint     ] Total time for which application threads were stopped: 0.0011185 seconds, Stopping threads took: 0.0005155 seconds
[2023-11-09T11:14:43.741+0000][757.221s][debug][safepoint     ] Safepoint synchronization initiated. (168 threads)
[2023-11-09T11:14:43.741+0000][757.222s][info ][safepoint     ] Application time: 1.0008976 seconds
[2023-11-09T11:14:43.742+0000][757.223s][info ][safepoint     ] Entering safepoint region: Cleanup
[2023-11-09T11:14:43.743+0000][757.223s][info ][safepoint     ] Leaving safepoint region
[2023-11-09T11:14:43.743+0000][757.224s][info ][safepoint     ] Total time for which application threads were stopped: 0.0012993 seconds, Stopping threads took: 0.0005807 seconds
[2023-11-09T11:14:44.744+0000][758.225s][debug][safepoint     ] Safepoint synchronization initiated. (168 threads)
[2023-11-09T11:14:44.745+0000][758.225s][info ][safepoint     ] Application time: 1.0008898 seconds
[2023-11-09T11:14:44.745+0000][758.226s][info ][safepoint     ] Entering safepoint region: Cleanup
[2023-11-09T11:14:44.746+0000][758.227s][info ][safepoint     ] Leaving safepoint region
[2023-11-09T11:14:44.747+0000][758.227s][info ][safepoint     ] Total time for which application threads were stopped: 0.0013963 seconds, Stopping threads took: 0.0006079 seconds
[2023-11-09T11:14:45.747+0000][759.228s][debug][safepoint     ] Safepoint synchronization initiated. (168 threads)
[2023-11-09T11:14:45.748+0000][759.229s][info ][safepoint     ] Application time: 1.0007901 seconds
[2023-11-09T11:14:45.748+0000][759.229s][info ][safepoint     ] Entering safepoint region: Cleanup
[2023-11-09T11:14:45.749+0000][759.230s][info ][safepoint     ] Leaving safepoint region
[2023-11-09T11:14:45.750+0000][759.230s][info ][safepoint     ] Total time for which application threads were stopped: 0.0013382 seconds, Stopping threads took: 0.0006307 seconds
[2023-11-09T11:14:46.751+0000][760.231s][debug][safepoint     ] Safepoint synchronization initiated. (168 threads)
[2023-11-09T11:14:46.751+0000][760.232s][info ][safepoint     ] Application time: 1.0009160 seconds
[2023-11-09T11:14:46.752+0000][760.233s][debug][safepoint     ] ... found polling page return exception at pc = 0x00007fb4f0b14274, stub =0x00007fb4e8840600
[2023-11-09T11:14:46.752+0000][760.233s][debug][safepoint     ] ... found polling page return exception at pc = 0x00007fb4f0a0f376, stub =0x00007fb4e8840600
[2023-11-09T11:14:46.753+0000][760.234s][debug][safepoint     ] Waiting for 2 thread(s) to block
[2023-11-09T11:14:46.754+0000][760.234s][info ][safepoint     ] Entering safepoint region: Cleanup
[2023-11-09T11:14:46.754+0000][760.235s][info ][safepoint     ] Leaving safepoint region
[2023-11-09T11:14:46.755+0000][760.236s][info ][safepoint     ] Total time for which application threads were stopped: 0.0030280 seconds, Stopping threads took: 0.0023371 seconds
[2023-11-09T11:14:47.756+0000][761.236s][debug][safepoint     ] Safepoint synchronization initiated. (168 threads)
[2023-11-09T11:14:47.756+0000][761.237s][info ][safepoint     ] Application time: 1.0009447 seconds
[2023-11-09T11:14:47.757+0000][761.237s][info ][safepoint     ] Entering safepoint region: Cleanup
[2023-11-09T11:14:47.758+0000][761.238s][info ][safepoint     ] Leaving safepoint region
[2023-11-09T11:14:47.758+0000][761.239s][info ][safepoint     ] Total time for which application threads were stopped: 0.0012874 seconds, Stopping threads took: 0.0005862 seconds
[2023-11-09T11:14:48.759+0000][762.239s][debug][safepoint     ] Safepoint synchronization initiated. (168 threads)
[2023-11-09T11:14:48.759+0000][762.240s][info ][safepoint     ] Application time: 1.0006301 seconds
[2023-11-09T11:14:48.760+0000][762.241s][info ][safepoint     ] Entering safepoint region: Cleanup
[2023-11-09T11:14:48.761+0000][762.241s][info ][safepoint     ] Leaving safepoint region
[2023-11-09T11:14:48.761+0000][762.242s][info ][safepoint     ] Total time for which application threads were stopped: 0.0012111 seconds, Stopping threads took: 0.0004694 seconds
[2023-11-09T11:14:49.762+0000][763.242s][debug][safepoint     ] Safepoint synchronization initiated. (168 threads)
[2023-11-09T11:14:49.762+0000][763.243s][info ][safepoint     ] Application time: 1.0006869 seconds
[2023-11-09T11:14:49.763+0000][763.243s][info ][safepoint     ] Entering safepoint region: Cleanup
[2023-11-09T11:14:49.763+0000][763.244s][info ][safepoint     ] Leaving safepoint region
[2023-11-09T11:14:49.764+0000][763.245s][info ][safepoint     ] Total time for which application threads were stopped: 0.0012465 seconds, Stopping threads took: 0.0005641 seconds
[2023-11-09T11:14:50.765+0000][764.245s][debug][safepoint     ] Safepoint synchronization initiated. (168 threads)
[2023-11-09T11:14:50.765+0000][764.246s][info ][safepoint     ] Application time: 1.0008736 seconds
[2023-11-09T11:14:50.766+0000][764.247s][info ][safepoint     ] Entering safepoint region: Cleanup
[2023-11-09T11:14:50.767+0000][764.247s][info ][safepoint     ] Leaving safepoint region
[2023-11-09T11:14:50.767+0000][764.248s][info ][safepoint     ] Total time for which application threads were stopped: 0.0011838 seconds, Stopping threads took: 0.0005554 seconds
[2023-11-09T11:14:51.768+0000][765.248s][debug][safepoint     ] Safepoint synchronization initiated. (168 threads)
[2023-11-09T11:14:51.768+0000][765.249s][info ][safepoint     ] Application time: 1.0008530 seconds
[2023-11-09T11:14:51.769+0000][765.250s][info ][safepoint     ] Entering safepoint region: Cleanup
[2023-11-09T11:14:51.770+0000][765.250s][info ][safepoint     ] Leaving safepoint region
[2023-11-09T11:14:51.770+0000][765.251s][info ][safepoint     ] Total time for which application threads were stopped: 0.0013214 seconds, Stopping threads took: 0.0005994 seconds
[2023-11-09T11:14:52.771+0000][766.252s][debug][safepoint     ] Safepoint synchronization initiated. (168 threads)
[2023-11-09T11:14:52.772+0000][766.252s][info ][safepoint     ] Application time: 1.0008533 seconds
[2023-11-09T11:14:52.772+0000][766.253s][info ][safepoint     ] Entering safepoint region: Cleanup
[2023-11-09T11:14:52.773+0000][766.254s][info ][safepoint     ] Leaving safepoint region
[2023-11-09T11:14:52.773+0000][766.254s][info ][safepoint     ] Total time for which application threads were stopped: 0.0010440 seconds, Stopping threads took: 0.0005112 seconds
[2023-11-09T11:14:53.774+0000][767.254s][debug][safepoint     ] Safepoint synchronization initiated. (168 threads)
[2023-11-09T11:14:53.774+0000][767.255s][info ][safepoint     ] Application time: 1.0008353 seconds
[2023-11-09T11:14:53.775+0000][767.256s][info ][safepoint     ] Entering safepoint region: Cleanup
[2023-11-09T11:14:53.776+0000][767.256s][info ][safepoint     ] Leaving safepoint region
[2023-11-09T11:14:53.776+0000][767.257s][info ][safepoint     ] Total time for which application threads were stopped: 0.0012629 seconds, Stopping threads took: 0.0005450 seconds
[2023-11-09T11:14:54.777+0000][768.258s][debug][safepoint     ] Safepoint synchronization initiated. (168 threads)
[2023-11-09T11:14:54.778+0000][768.258s][info ][safepoint     ] Application time: 1.0009363 seconds
[2023-11-09T11:14:54.778+0000][768.259s][info ][safepoint     ] Entering safepoint region: Cleanup
[2023-11-09T11:14:54.779+0000][768.260s][info ][safepoint     ] Leaving safepoint region
[2023-11-09T11:14:54.780+0000][768.260s][info ][safepoint     ] Total time for which application threads were stopped: 0.0013680 seconds, Stopping threads took: 0.0006064 seconds
[2023-11-09T11:14:55.780+0000][769.261s][debug][safepoint     ] Safepoint synchronization initiated. (168 threads)
[2023-11-09T11:14:55.781+0000][769.262s][info ][safepoint     ] Application time: 1.0009121 seconds
[2023-11-09T11:14:55.782+0000][769.262s][info ][safepoint     ] Entering safepoint region: Cleanup
[2023-11-09T11:14:55.782+0000][769.263s][info ][safepoint     ] Leaving safepoint region
[2023-11-09T11:14:55.783+0000][769.264s][info ][safepoint     ] Total time for which application threads were stopped: 0.0012749 seconds, Stopping threads took: 0.0005277 seconds
[2023-11-09T11:14:56.784+0000][770.264s][debug][safepoint     ] Safepoint synchronization initiated. (168 threads)
[2023-11-09T11:14:56.784+0000][770.265s][info ][safepoint     ] Application time: 1.0008610 seconds
[2023-11-09T11:14:56.785+0000][770.265s][info ][safepoint     ] Entering safepoint region: Cleanup
[2023-11-09T11:14:56.785+0000][770.266s][info ][safepoint     ] Leaving safepoint region
[2023-11-09T11:14:56.786+0000][770.267s][info ][safepoint     ] Total time for which application threads were stopped: 0.0012732 seconds, Stopping threads took: 0.0005654 seconds
[2023-11-09T11:14:57.787+0000][771.267s][debug][safepoint     ] Safepoint synchronization initiated. (168 threads)
[2023-11-09T11:14:57.787+0000][771.268s][info ][safepoint     ] Application time: 1.0008708 seconds
[2023-11-09T11:14:57.788+0000][771.269s][info ][safepoint     ] Entering safepoint region: Cleanup
[2023-11-09T11:14:57.789+0000][771.269s][info ][safepoint     ] Leaving safepoint region
[2023-11-09T11:14:57.789+0000][771.270s][info ][safepoint     ] Total time for which application threads were stopped: 0.0013670 seconds, Stopping threads took: 0.0006721 seconds
[2023-11-09T11:14:58.790+0000][772.270s][debug][safepoint     ] Safepoint synchronization initiated. (168 threads)
[2023-11-09T11:14:58.790+0000][772.271s][info ][safepoint     ] Application time: 1.0006616 seconds
[2023-11-09T11:14:58.791+0000][772.271s][info ][safepoint     ] Entering safepoint region: Cleanup
[2023-11-09T11:14:58.791+0000][772.272s][info ][safepoint     ] Leaving safepoint region
[2023-11-09T11:14:58.792+0000][772.272s][info ][safepoint     ] Total time for which application threads were stopped: 0.0009809 seconds, Stopping threads took: 0.0004206 seconds
[2023-11-09T11:14:59.792+0000][773.273s][debug][safepoint     ] Safepoint synchronization initiated. (168 threads)
[2023-11-09T11:14:59.793+0000][773.274s][info ][safepoint     ] Application time: 1.0008990 seconds
[2023-11-09T11:14:59.794+0000][773.274s][info ][safepoint     ] Entering safepoint region: Cleanup
[2023-11-09T11:14:59.794+0000][773.275s][info ][safepoint     ] Leaving safepoint region
[2023-11-09T11:14:59.795+0000][773.275s][info ][safepoint     ] Total time for which application threads were stopped: 0.0012121 seconds, Stopping threads took: 0.0005682 seconds
[2023-11-09T11:15:00.795+0000][774.276s][debug][safepoint     ] Safepoint synchronization initiated. (168 threads)
[2023-11-09T11:15:00.796+0000][774.277s][info ][safepoint     ] Application time: 1.0007753 seconds
[2023-11-09T11:15:00.796+0000][774.277s][info ][safepoint     ] Entering safepoint region: Cleanup
[2023-11-09T11:15:00.797+0000][774.278s][info ][safepoint     ] Leaving safepoint region
[2023-11-09T11:15:00.798+0000][774.278s][info ][safepoint     ] Total time for which application threads were stopped: 0.0012068 seconds, Stopping threads took: 0.0005580 seconds
[2023-11-09T11:15:01.798+0000][775.279s][debug][safepoint     ] Safepoint synchronization initiated. (168 threads)
[2023-11-09T11:15:01.799+0000][775.279s][info ][safepoint     ] Application time: 1.0007866 seconds
[2023-11-09T11:15:01.799+0000][775.280s][info ][safepoint     ] Entering safepoint region: Cleanup
[2023-11-09T11:15:01.800+0000][775.281s][info ][safepoint     ] Leaving safepoint region
[2023-11-09T11:15:01.801+0000][775.281s][info ][safepoint     ] Total time for which application threads were stopped: 0.0013586 seconds, Stopping threads took: 0.0005333 seconds
[2023-11-09T11:15:02.801+0000][776.282s][debug][safepoint     ] Safepoint synchronization initiated. (168 threads)
[2023-11-09T11:15:02.802+0000][776.283s][info ][safepoint     ] Application time: 1.0008235 seconds
[2023-11-09T11:15:02.802+0000][776.283s][info ][safepoint     ] Entering safepoint region: Cleanup
[2023-11-09T11:15:02.803+0000][776.284s][info ][safepoint     ] Leaving safepoint region
[2023-11-09T11:15:02.804+0000][776.284s][info ][safepoint     ] Total time for which application threads were stopped: 0.0012968 seconds, Stopping threads took: 0.0005591 seconds
[2023-11-09T11:15:03.804+0000][777.285s][debug][safepoint     ] Safepoint synchronization initiated. (168 threads)
[2023-11-09T11:15:03.805+0000][777.286s][info ][safepoint     ] Application time: 1.0009211 seconds
[2023-11-09T11:15:03.806+0000][777.286s][info ][safepoint     ] Entering safepoint region: Cleanup
[2023-11-09T11:15:03.806+0000][777.287s][info ][safepoint     ] Leaving safepoint region
[2023-11-09T11:15:03.807+0000][777.288s][info ][safepoint     ] Total time for which application threads were stopped: 0.0013017 seconds, Stopping threads took: 0.0005552 seconds
[2023-11-09T11:15:04.808+0000][778.288s][debug][safepoint     ] Safepoint synchronization initiated. (168 threads)
[2023-11-09T11:15:04.808+0000][778.289s][info ][safepoint     ] Application time: 1.0007988 seconds
[2023-11-09T11:15:04.809+0000][778.289s][info ][safepoint     ] Entering safepoint region: Cleanup
[2023-11-09T11:15:04.809+0000][778.290s][info ][safepoint     ] Leaving safepoint region
[2023-11-09T11:15:04.810+0000][778.291s][info ][safepoint     ] Total time for which application threads were stopped: 0.0011869 seconds, Stopping threads took: 0.0005375 seconds
[2023-11-09T11:15:05.811+0000][779.291s][debug][safepoint     ] Safepoint synchronization initiated. (168 threads)
[2023-11-09T11:15:05.811+0000][779.292s][info ][safepoint     ] Application time: 1.0007535 seconds
[2023-11-09T11:15:05.812+0000][779.292s][info ][safepoint     ] Entering safepoint region: Cleanup
[2023-11-09T11:15:05.812+0000][779.293s][info ][safepoint     ] Leaving safepoint region
[2023-11-09T11:15:05.813+0000][779.293s][info ][safepoint     ] Total time for which application threads were stopped: 0.0010389 seconds, Stopping threads took: 0.0005161 seconds
[2023-11-09T11:15:05.812+0000][779.293s][debug][safepoint     ] ... found polling page loop exception at pc = 0x00007fb4f0c8d017, stub =0x00007fb4e8843680
[2023-11-09T11:15:05.812+0000][779.293s][debug][safepoint     ] ... found polling page return exception at pc = 0x00007fb4f0d6dc84, stub =0x00007fb4e8840600
[2023-11-09T11:15:06.813+0000][780.294s][debug][safepoint     ] Safepoint synchronization initiated. (168 threads)
[2023-11-09T11:15:06.814+0000][780.294s][info ][safepoint     ] Application time: 1.0005685 seconds
[2023-11-09T11:15:06.814+0000][780.295s][info ][safepoint     ] Entering safepoint region: Cleanup
[2023-11-09T11:15:06.815+0000][780.295s][info ][safepoint     ] Leaving safepoint region
[2023-11-09T11:15:06.815+0000][780.296s][info ][safepoint     ] Total time for which application threads were stopped: 0.0011130 seconds, Stopping threads took: 0.0004403 seconds
[2023-11-09T11:15:07.816+0000][781.296s][debug][safepoint     ] Safepoint synchronization initiated. (168 threads)
[2023-11-09T11:15:07.816+0000][781.297s][info ][safepoint     ] Application time: 1.0006331 seconds
[2023-11-09T11:15:07.817+0000][781.297s][info ][safepoint     ] Entering safepoint region: Cleanup
[2023-11-09T11:15:07.817+0000][781.298s][info ][safepoint     ] Leaving safepoint region
[2023-11-09T11:15:07.818+0000][781.299s][info ][safepoint     ] Total time for which application threads were stopped: 0.0012781 seconds, Stopping threads took: 0.0006213 seconds
[2023-11-09T11:15:08.819+0000][782.299s][debug][safepoint     ] Safepoint synchronization initiated. (168 threads)
[2023-11-09T11:15:08.820+0000][782.300s][info ][safepoint     ] Application time: 1.0013419 seconds
[2023-11-09T11:15:08.820+0000][782.301s][info ][safepoint     ] Entering safepoint region: Cleanup
[2023-11-09T11:15:08.821+0000][782.302s][info ][safepoint     ] Leaving safepoint region
[2023-11-09T11:15:08.821+0000][782.302s][info ][safepoint     ] Total time for which application threads were stopped: 0.0012155 seconds, Stopping threads took: 0.0005074 seconds
[2023-11-09T11:15:09.822+0000][783.303s][debug][safepoint     ] Safepoint synchronization initiated. (168 threads)
[2023-11-09T11:15:09.823+0000][783.303s][info ][safepoint     ] Application time: 1.0007056 seconds
[2023-11-09T11:15:09.823+0000][783.304s][info ][safepoint     ] Entering safepoint region: Cleanup
[2023-11-09T11:15:09.824+0000][783.305s][info ][safepoint     ] Leaving safepoint region
[2023-11-09T11:15:09.825+0000][783.305s][info ][safepoint     ] Total time for which application threads were stopped: 0.0013870 seconds, Stopping threads took: 0.0005462 seconds
[2023-11-09T11:15:10.825+0000][784.306s][debug][safepoint     ] Safepoint synchronization initiated. (168 threads)
[2023-11-09T11:15:10.826+0000][784.306s][info ][safepoint     ] Application time: 1.0006228 seconds
[2023-11-09T11:15:10.826+0000][784.307s][info ][safepoint     ] Entering safepoint region: Cleanup
[2023-11-09T11:15:10.827+0000][784.307s][info ][safepoint     ] Leaving safepoint region
[2023-11-09T11:15:10.827+0000][784.308s][info ][safepoint     ] Total time for which application threads were stopped: 0.0010321 seconds, Stopping threads took: 0.0004617 seconds
[2023-11-09T11:15:11.827+0000][785.308s][debug][safepoint     ] Safepoint synchronization initiated. (168 threads)
[2023-11-09T11:15:11.828+0000][785.308s][info ][safepoint     ] Application time: 1.0005505 seconds
[2023-11-09T11:15:11.828+0000][785.309s][info ][safepoint     ] Entering safepoint region: Cleanup
[2023-11-09T11:15:11.829+0000][785.309s][info ][safepoint     ] Leaving safepoint region
[2023-11-09T11:15:11.829+0000][785.310s][info ][safepoint     ] Total time for which application threads were stopped: 0.0008870 seconds, Stopping threads took: 0.0003667 seconds
[2023-11-09T11:15:12.830+0000][786.310s][debug][safepoint     ] Safepoint synchronization initiated. (168 threads)
[2023-11-09T11:15:12.830+0000][786.311s][info ][safepoint     ] Application time: 1.0007871 seconds
[2023-11-09T11:15:12.831+0000][786.311s][info ][safepoint     ] Entering safepoint region: Cleanup
[2023-11-09T11:15:12.831+0000][786.312s][info ][safepoint     ] Leaving safepoint region
[2023-11-09T11:15:12.832+0000][786.312s][info ][safepoint     ] Total time for which application threads were stopped: 0.0010996 seconds, Stopping threads took: 0.0004623 seconds
[2023-11-09T11:15:13.832+0000][787.313s][debug][safepoint     ] Safepoint synchronization initiated. (168 threads)
[2023-11-09T11:15:13.833+0000][787.314s][info ][safepoint     ] Application time: 1.0011214 seconds
[2023-11-09T11:15:13.834+0000][787.315s][info ][safepoint     ] Entering safepoint region: Cleanup
[2023-11-09T11:15:13.835+0000][787.316s][info ][safepoint     ] Leaving safepoint region
[2023-11-09T11:15:13.836+0000][787.316s][info ][safepoint     ] Total time for which application threads were stopped: 0.0014568 seconds, Stopping threads took: 0.0006720 seconds
[2023-11-09T11:15:14.836+0000][788.317s][debug][safepoint     ] Safepoint synchronization initiated. (168 threads)
[2023-11-09T11:15:14.837+0000][788.318s][info ][safepoint     ] Application time: 1.0008892 seconds
[2023-11-09T11:15:14.837+0000][788.318s][info ][safepoint     ] Entering safepoint region: Cleanup
[2023-11-09T11:15:14.838+0000][788.319s][info ][safepoint     ] Leaving safepoint region
[2023-11-09T11:15:14.838+0000][788.319s][info ][safepoint     ] Total time for which application threads were stopped: 0.0010426 seconds, Stopping threads took: 0.0004392 seconds
[2023-11-09T11:15:15.839+0000][789.320s][debug][safepoint     ] Safepoint synchronization initiated. (168 threads)
[2023-11-09T11:15:15.840+0000][789.320s][info ][safepoint     ] Application time: 1.0007810 seconds
[2023-11-09T11:15:15.840+0000][789.321s][info ][safepoint     ] Entering safepoint region: Cleanup
[2023-11-09T11:15:15.841+0000][789.321s][info ][safepoint     ] Leaving safepoint region
[2023-11-09T11:15:15.841+0000][789.322s][info ][safepoint     ] Total time for which application threads were stopped: 0.0010735 seconds, Stopping threads took: 0.0004506 seconds
[2023-11-09T11:15:16.842+0000][790.323s][debug][safepoint     ] Safepoint synchronization initiated. (168 threads)
[2023-11-09T11:15:16.843+0000][790.323s][info ][safepoint     ] Application time: 1.0009451 seconds
[2023-11-09T11:15:16.843+0000][790.324s][info ][safepoint     ] Entering safepoint region: Cleanup
[2023-11-09T11:15:16.844+0000][790.324s][info ][safepoint     ] Leaving safepoint region
[2023-11-09T11:15:16.844+0000][790.325s][info ][safepoint     ] Total time for which application threads were stopped: 0.0011502 seconds, Stopping threads took: 0.0004610 seconds
[2023-11-09T11:15:17.845+0000][791.325s][debug][safepoint     ] Safepoint synchronization initiated. (168 threads)
[2023-11-09T11:15:17.845+0000][791.326s][info ][safepoint     ] Application time: 1.0008341 seconds
[2023-11-09T11:15:17.846+0000][791.327s][info ][safepoint     ] Entering safepoint region: Cleanup
[2023-11-09T11:15:17.847+0000][791.328s][info ][safepoint     ] Leaving safepoint region
[2023-11-09T11:15:17.847+0000][791.328s][info ][safepoint     ] Total time for which application threads were stopped: 0.0014306 seconds, Stopping threads took: 0.0006577 seconds
[2023-11-09T11:15:18.848+0000][792.329s][debug][safepoint     ] Safepoint synchronization initiated. (168 threads)
[2023-11-09T11:15:18.849+0000][792.329s][info ][safepoint     ] Application time: 1.0008775 seconds
[2023-11-09T11:15:18.849+0000][792.330s][info ][safepoint     ] Entering safepoint region: Cleanup
[2023-11-09T11:15:18.850+0000][792.331s][info ][safepoint     ] Leaving safepoint region
[2023-11-09T11:15:18.851+0000][792.331s][info ][safepoint     ] Total time for which application threads were stopped: 0.0012615 seconds, Stopping threads took: 0.0005193 seconds
[2023-11-09T11:15:19.851+0000][793.332s][debug][safepoint     ] Safepoint synchronization initiated. (168 threads)
[2023-11-09T11:15:19.852+0000][793.333s][info ][safepoint     ] Application time: 1.0010210 seconds
[2023-11-09T11:15:19.853+0000][793.333s][info ][safepoint     ] Entering safepoint region: Cleanup
[2023-11-09T11:15:19.854+0000][793.334s][info ][safepoint     ] Leaving safepoint region
[2023-11-09T11:15:19.854+0000][793.335s][info ][safepoint     ] Total time for which application threads were stopped: 0.0013585 seconds, Stopping threads took: 0.0005693 seconds
[2023-11-09T11:15:20.855+0000][794.336s][debug][safepoint     ] Safepoint synchronization initiated. (168 threads)
[2023-11-09T11:15:20.856+0000][794.336s][info ][safepoint     ] Application time: 1.0009805 seconds
[2023-11-09T11:15:20.856+0000][794.337s][info ][safepoint     ] Entering safepoint region: Cleanup
[2023-11-09T11:15:20.857+0000][794.338s][info ][safepoint     ] Leaving safepoint region
[2023-11-09T11:15:20.858+0000][794.338s][info ][safepoint     ] Total time for which application threads were stopped: 0.0013940 seconds, Stopping threads took: 0.0007037 seconds
[2023-11-09T11:15:21.858+0000][795.339s][debug][safepoint     ] Safepoint synchronization initiated. (168 threads)
[2023-11-09T11:15:21.859+0000][795.339s][info ][safepoint     ] Application time: 1.0006220 seconds
[2023-11-09T11:15:21.859+0000][795.340s][info ][safepoint     ] Entering safepoint region: Cleanup
[2023-11-09T11:15:21.860+0000][795.340s][info ][safepoint     ] Leaving safepoint region
[2023-11-09T11:15:21.860+0000][795.341s][info ][safepoint     ] Total time for which application threads were stopped: 0.0009190 seconds, Stopping threads took: 0.0003960 seconds
[2023-11-09T11:15:22.860+0000][796.341s][debug][safepoint     ] Safepoint synchronization initiated. (168 threads)
[2023-11-09T11:15:22.861+0000][796.342s][info ][safepoint     ] Application time: 1.0008166 seconds
[2023-11-09T11:15:22.862+0000][796.342s][info ][safepoint     ] Entering safepoint region: Cleanup
[2023-11-09T11:15:22.862+0000][796.343s][info ][safepoint     ] Leaving safepoint region
[2023-11-09T11:15:22.863+0000][796.343s][info ][safepoint     ] Total time for which application threads were stopped: 0.0012163 seconds, Stopping threads took: 0.0005075 seconds
[2023-11-09T11:15:23.864+0000][797.345s][debug][safepoint     ] Safepoint synchronization initiated. (168 threads)
[2023-11-09T11:15:23.865+0000][797.345s][info ][safepoint     ] Application time: 1.0014448 seconds
[2023-11-09T11:15:23.865+0000][797.346s][info ][safepoint     ] Entering safepoint region: Cleanup
[2023-11-09T11:15:23.866+0000][797.347s][info ][safepoint     ] Leaving safepoint region
[2023-11-09T11:15:23.866+0000][797.347s][info ][safepoint     ] Total time for which application threads were stopped: 0.0012723 seconds, Stopping threads took: 0.0005606 seconds
[2023-11-09T11:15:24.867+0000][798.348s][debug][safepoint     ] Safepoint synchronization initiated. (168 threads)
[2023-11-09T11:15:24.868+0000][798.348s][info ][safepoint     ] Application time: 1.0008182 seconds
[2023-11-09T11:15:24.868+0000][798.349s][info ][safepoint     ] Entering safepoint region: Cleanup
[2023-11-09T11:15:24.869+0000][798.350s][info ][safepoint     ] Leaving safepoint region
[2023-11-09T11:15:24.869+0000][798.350s][info ][safepoint     ] Total time for which application threads were stopped: 0.0013192 seconds, Stopping threads took: 0.0005664 seconds
[2023-11-09T11:15:25.870+0000][799.351s][debug][safepoint     ] Safepoint synchronization initiated. (168 threads)
[2023-11-09T11:15:25.871+0000][799.352s][info ][safepoint     ] Application time: 1.0010122 seconds
[2023-11-09T11:15:25.872+0000][799.352s][info ][safepoint     ] Entering safepoint region: Cleanup
[2023-11-09T11:15:25.872+0000][799.353s][info ][safepoint     ] Leaving safepoint region
[2023-11-09T11:15:25.873+0000][799.354s][info ][safepoint     ] Total time for which application threads were stopped: 0.0013984 seconds, Stopping threads took: 0.0006436 seconds
[2023-11-09T11:15:26.874+0000][800.354s][debug][safepoint     ] Safepoint synchronization initiated. (168 threads)
[2023-11-09T11:15:26.874+0000][800.355s][info ][safepoint     ] Application time: 1.0007945 seconds
[2023-11-09T11:15:26.875+0000][800.356s][info ][safepoint     ] Entering safepoint region: Cleanup
[2023-11-09T11:15:26.876+0000][800.356s][info ][safepoint     ] Leaving safepoint region
[2023-11-09T11:15:26.876+0000][800.357s][info ][safepoint     ] Total time for which application threads were stopped: 0.0013523 seconds, Stopping threads took: 0.0005947 seconds
[2023-11-09T11:15:27.877+0000][801.358s][debug][safepoint     ] Safepoint synchronization initiated. (168 threads)
[2023-11-09T11:15:27.878+0000][801.358s][info ][safepoint     ] Application time: 1.0007613 seconds
[2023-11-09T11:15:27.878+0000][801.359s][info ][safepoint     ] Entering safepoint region: Cleanup
[2023-11-09T11:15:27.879+0000][801.360s][info ][safepoint     ] Leaving safepoint region
[2023-11-09T11:15:27.879+0000][801.360s][info ][safepoint     ] Total time for which application threads were stopped: 0.0013583 seconds, Stopping threads took: 0.0006315 seconds
[2023-11-09T11:15:28.797+0000][802.278s][debug][safepoint     ] Safepoint synchronization initiated. (168 threads)
[2023-11-09T11:15:28.798+0000][802.278s][info ][safepoint     ] Application time: 0.9177561 seconds
[2023-11-09T11:15:28.798+0000][802.279s][info ][safepoint     ] Entering safepoint region: G1CollectForAllocation
[2023-11-09T11:15:28.799+0000][802.280s][info ][gc,start      ] GC(67) Pause Young (Normal) (G1 Evacuation Pause)
[2023-11-09T11:15:28.800+0000][802.280s][info ][gc,task       ] GC(67) Using 8 workers of 8 for evacuation
[2023-11-09T11:15:28.815+0000][802.295s][info ][gc,phases     ] GC(67)   Pre Evacuate Collection Set: 0.0ms
[2023-11-09T11:15:28.815+0000][802.296s][info ][gc,phases     ] GC(67)   Evacuate Collection Set: 10.6ms
[2023-11-09T11:15:28.816+0000][802.297s][info ][gc,phases     ] GC(67)   Post Evacuate Collection Set: 3.4ms
[2023-11-09T11:15:28.816+0000][802.297s][info ][gc,phases     ] GC(67)   Other: 1.4ms
[2023-11-09T11:15:28.817+0000][802.298s][info ][gc,heap       ] GC(67) Eden regions: 185->0(187)
[2023-11-09T11:15:28.817+0000][802.298s][info ][gc,heap       ] GC(67) Survivor regions: 14->13(25)
[2023-11-09T11:15:28.818+0000][802.299s][info ][gc,heap       ] GC(67) Old regions: 142->142
[2023-11-09T11:15:28.818+0000][802.299s][info ][gc,heap       ] GC(67) Humongous regions: 0->0
[2023-11-09T11:15:28.819+0000][802.300s][info ][gc,metaspace  ] GC(67) Metaspace: 159320K(164432K)->159320K(164432K) NonClass: 140681K(143824K)->140681K(143824K) Class: 18638K(20608K)->18638K(20608K)
[2023-11-09T11:15:28.820+0000][802.300s][info ][gc            ] GC(67) Pause Young (Normal) (G1 Evacuation Pause) 339M->153M(395M) 20.392ms
[2023-11-09T11:15:28.820+0000][802.301s][info ][gc,cpu        ] GC(67) User=0.10s Sys=0.00s Real=0.02s
[2023-11-09T11:15:28.821+0000][802.301s][info ][safepoint     ] Leaving safepoint region
[2023-11-09T11:15:28.821+0000][802.302s][info ][safepoint     ] Total time for which application threads were stopped: 0.0229488 seconds, Stopping threads took: 0.0005847 seconds
[2023-11-09T11:15:28.822+0000][802.303s][info ][gc,stringdedup] Concurrent String Deduplication (802.303s)
[2023-11-09T11:15:28.826+0000][802.306s][info ][gc,stringdedup] Concurrent String Deduplication 254.4K->115.7K(138.6K) avg 54.3% (802.303s, 802.306s) 3.778ms
[2023-11-09T11:15:29.822+0000][803.303s][debug][safepoint     ] Safepoint synchronization initiated. (168 threads)
[2023-11-09T11:15:29.823+0000][803.304s][info ][safepoint     ] Application time: 1.0010810 seconds
[2023-11-09T11:15:29.823+0000][803.304s][info ][safepoint     ] Entering safepoint region: Cleanup
[2023-11-09T11:15:29.824+0000][803.305s][info ][safepoint     ] Leaving safepoint region
[2023-11-09T11:15:29.825+0000][803.306s][info ][safepoint     ] Total time for which application threads were stopped: 0.0016821 seconds, Stopping threads took: 0.0005472 seconds
[2023-11-09T11:15:30.826+0000][804.306s][debug][safepoint     ] Safepoint synchronization initiated. (168 threads)
[2023-11-09T11:15:30.826+0000][804.307s][info ][safepoint     ] Application time: 1.0007705 seconds
[2023-11-09T11:15:30.827+0000][804.308s][info ][safepoint     ] Entering safepoint region: Cleanup
[2023-11-09T11:15:30.828+0000][804.308s][info ][safepoint     ] Leaving safepoint region
[2023-11-09T11:15:30.828+0000][804.309s][info ][safepoint     ] Total time for which application threads were stopped: 0.0012718 seconds, Stopping threads took: 0.0005508 seconds
[2023-11-09T11:15:31.829+0000][805.310s][debug][safepoint     ] Safepoint synchronization initiated. (168 threads)
[2023-11-09T11:15:31.830+0000][805.310s][info ][safepoint     ] Application time: 1.0009352 seconds
[2023-11-09T11:15:31.830+0000][805.311s][info ][safepoint     ] Entering safepoint region: Cleanup
[2023-11-09T11:15:31.831+0000][805.312s][info ][safepoint     ] Leaving safepoint region
[2023-11-09T11:15:31.832+0000][805.312s][info ][safepoint     ] Total time for which application threads were stopped: 0.0014430 seconds, Stopping threads took: 0.0006045 seconds
[2023-11-09T11:15:32.832+0000][806.313s][debug][safepoint     ] Safepoint synchronization initiated. (168 threads)
[2023-11-09T11:15:32.833+0000][806.314s][info ][safepoint     ] Application time: 1.0007700 seconds
[2023-11-09T11:15:32.834+0000][806.314s][info ][safepoint     ] Entering safepoint region: Cleanup
[2023-11-09T11:15:32.834+0000][806.315s][info ][safepoint     ] Leaving safepoint region
[2023-11-09T11:15:32.835+0000][806.316s][info ][safepoint     ] Total time for which application threads were stopped: 0.0013795 seconds, Stopping threads took: 0.0005151 seconds
[2023-11-09T11:15:33.836+0000][807.316s][debug][safepoint     ] Safepoint synchronization initiated. (168 threads)
[2023-11-09T11:15:33.837+0000][807.317s][info ][safepoint     ] Application time: 1.0010373 seconds
[2023-11-09T11:15:33.837+0000][807.318s][info ][safepoint     ] Entering safepoint region: Cleanup
[2023-11-09T11:15:33.838+0000][807.319s][info ][safepoint     ] Leaving safepoint region
[2023-11-09T11:15:33.839+0000][807.319s][info ][safepoint     ] Total time for which application threads were stopped: 0.0013791 seconds, Stopping threads took: 0.0007706 seconds
[2023-11-09T11:15:34.839+0000][808.320s][debug][safepoint     ] Safepoint synchronization initiated. (168 threads)
[2023-11-09T11:15:34.840+0000][808.321s][info ][safepoint     ] Application time: 1.0008531 seconds
[2023-11-09T11:15:34.841+0000][808.321s][info ][safepoint     ] Entering safepoint region: Cleanup
[2023-11-09T11:15:34.842+0000][808.322s][info ][safepoint     ] Leaving safepoint region
[2023-11-09T11:15:34.842+0000][808.323s][info ][safepoint     ] Total time for which application threads were stopped: 0.0014720 seconds, Stopping threads took: 0.0006404 seconds
[2023-11-09T11:15:35.843+0000][809.324s][debug][safepoint     ] Safepoint synchronization initiated. (168 threads)
[2023-11-09T11:15:35.843+0000][809.324s][info ][safepoint     ] Application time: 1.0007959 seconds
[2023-11-09T11:15:35.844+0000][809.325s][info ][safepoint     ] Entering safepoint region: Cleanup
[2023-11-09T11:15:35.845+0000][809.325s][info ][safepoint     ] Leaving safepoint region
[2023-11-09T11:15:35.845+0000][809.326s][info ][safepoint     ] Total time for which application threads were stopped: 0.0012686 seconds, Stopping threads took: 0.0005710 seconds
[2023-11-09T11:15:36.846+0000][810.327s][debug][safepoint     ] Safepoint synchronization initiated. (168 threads)
[2023-11-09T11:15:36.846+0000][810.327s][info ][safepoint     ] Application time: 1.0006426 seconds
[2023-11-09T11:15:36.847+0000][810.328s][info ][safepoint     ] Entering safepoint region: Cleanup
[2023-11-09T11:15:36.848+0000][810.328s][info ][safepoint     ] Leaving safepoint region
[2023-11-09T11:15:36.848+0000][810.329s][info ][safepoint     ] Total time for which application threads were stopped: 0.0012767 seconds, Stopping threads took: 0.0005667 seconds
[2023-11-09T11:15:37.849+0000][811.330s][debug][safepoint     ] Safepoint synchronization initiated. (168 threads)
[2023-11-09T11:15:37.850+0000][811.330s][info ][safepoint     ] Application time: 1.0010258 seconds
[2023-11-09T11:15:37.850+0000][811.331s][info ][safepoint     ] Entering safepoint region: Cleanup
[2023-11-09T11:15:37.851+0000][811.332s][info ][safepoint     ] Leaving safepoint region
[2023-11-09T11:15:37.852+0000][811.332s][info ][safepoint     ] Total time for which application threads were stopped: 0.0012913 seconds, Stopping threads took: 0.0005378 seconds
[2023-11-09T11:15:38.852+0000][812.333s][debug][safepoint     ] Safepoint synchronization initiated. (168 threads)
[2023-11-09T11:15:38.853+0000][812.334s][info ][safepoint     ] Application time: 1.0007603 seconds
[2023-11-09T11:15:38.853+0000][812.334s][info ][safepoint     ] Entering safepoint region: Cleanup
[2023-11-09T11:15:38.854+0000][812.335s][info ][safepoint     ] Leaving safepoint region
[2023-11-09T11:15:38.855+0000][812.335s][info ][safepoint     ] Total time for which application threads were stopped: 0.0012617 seconds, Stopping threads took: 0.0005196 seconds
[2023-11-09T11:15:39.855+0000][813.336s][debug][safepoint     ] Safepoint synchronization initiated. (168 threads)
[2023-11-09T11:15:39.856+0000][813.337s][info ][safepoint     ] Application time: 1.0009289 seconds
[2023-11-09T11:15:39.857+0000][813.337s][info ][safepoint     ] Entering safepoint region: Cleanup
[2023-11-09T11:15:39.857+0000][813.338s][info ][safepoint     ] Leaving safepoint region
[2023-11-09T11:15:39.858+0000][813.339s][info ][safepoint     ] Total time for which application threads were stopped: 0.0014478 seconds, Stopping threads took: 0.0005502 seconds
[2023-11-09T11:15:40.859+0000][814.339s][debug][safepoint     ] Safepoint synchronization initiated. (168 threads)
[2023-11-09T11:15:40.859+0000][814.340s][info ][safepoint     ] Application time: 1.0008802 seconds
[2023-11-09T11:15:40.860+0000][814.341s][info ][safepoint     ] Entering safepoint region: Cleanup
[2023-11-09T11:15:40.861+0000][814.341s][info ][safepoint     ] Leaving safepoint region
[2023-11-09T11:15:40.861+0000][814.342s][info ][safepoint     ] Total time for which application threads were stopped: 0.0014072 seconds, Stopping threads took: 0.0006020 seconds
[2023-11-09T11:15:41.862+0000][815.343s][debug][safepoint     ] Safepoint synchronization initiated. (168 threads)
[2023-11-09T11:15:41.863+0000][815.343s][info ][safepoint     ] Application time: 1.0007330 seconds
[2023-11-09T11:15:41.863+0000][815.344s][info ][safepoint     ] Entering safepoint region: Cleanup
[2023-11-09T11:15:41.864+0000][815.345s][info ][safepoint     ] Leaving safepoint region
[2023-11-09T11:15:41.864+0000][815.345s][info ][safepoint     ] Total time for which application threads were stopped: 0.0013174 seconds, Stopping threads took: 0.0005662 seconds
[2023-11-09T11:15:42.865+0000][816.346s][debug][safepoint     ] Safepoint synchronization initiated. (168 threads)
[2023-11-09T11:15:42.866+0000][816.347s][info ][safepoint     ] Application time: 1.0009107 seconds
[2023-11-09T11:15:42.866+0000][816.347s][info ][safepoint     ] Entering safepoint region: Cleanup
[2023-11-09T11:15:42.867+0000][816.348s][info ][safepoint     ] Leaving safepoint region
[2023-11-09T11:15:42.868+0000][816.348s][info ][safepoint     ] Total time for which application threads were stopped: 0.0013808 seconds, Stopping threads took: 0.0006283 seconds
[2023-11-09T11:15:43.869+0000][817.349s][debug][safepoint     ] Safepoint synchronization initiated. (168 threads)
[2023-11-09T11:15:43.869+0000][817.350s][info ][safepoint     ] Application time: 1.0007221 seconds
[2023-11-09T11:15:43.870+0000][817.350s][info ][safepoint     ] Entering safepoint region: Cleanup
[2023-11-09T11:15:43.870+0000][817.351s][info ][safepoint     ] Leaving safepoint region
[2023-11-09T11:15:43.871+0000][817.351s][info ][safepoint     ] Total time for which application threads were stopped: 0.0011363 seconds, Stopping threads took: 0.0005228 seconds
[2023-11-09T11:15:44.871+0000][818.352s][debug][safepoint     ] Safepoint synchronization initiated. (168 threads)
[2023-11-09T11:15:44.872+0000][818.353s][info ][safepoint     ] Application time: 1.0008798 seconds
[2023-11-09T11:15:44.873+0000][818.353s][info ][safepoint     ] Entering safepoint region: Cleanup
[2023-11-09T11:15:44.873+0000][818.354s][info ][safepoint     ] Leaving safepoint region
[2023-11-09T11:15:44.874+0000][818.355s][info ][safepoint     ] Total time for which application threads were stopped: 0.0013659 seconds, Stopping threads took: 0.0006635 seconds
[2023-11-09T11:15:45.875+0000][819.355s][debug][safepoint     ] Safepoint synchronization initiated. (168 threads)
[2023-11-09T11:15:45.875+0000][819.356s][info ][safepoint     ] Application time: 1.0008093 seconds
[2023-11-09T11:15:45.876+0000][819.356s][info ][safepoint     ] Entering safepoint region: Cleanup
[2023-11-09T11:15:45.876+0000][819.357s][info ][safepoint     ] Leaving safepoint region
[2023-11-09T11:15:45.877+0000][819.358s][info ][safepoint     ] Total time for which application threads were stopped: 0.0011689 seconds, Stopping threads took: 0.0004854 seconds
[2023-11-09T11:15:46.877+0000][820.358s][debug][safepoint     ] Safepoint synchronization initiated. (168 threads)
[2023-11-09T11:15:46.879+0000][820.359s][info ][safepoint     ] Application time: 1.0012067 seconds
[2023-11-09T11:15:46.879+0000][820.360s][info ][safepoint     ] Entering safepoint region: Cleanup
[2023-11-09T11:15:46.880+0000][820.361s][info ][safepoint     ] Leaving safepoint region
[2023-11-09T11:15:46.880+0000][820.361s][info ][safepoint     ] Total time for which application threads were stopped: 0.0012873 seconds, Stopping threads took: 0.0005511 seconds
[2023-11-09T11:15:47.881+0000][821.362s][debug][safepoint     ] Safepoint synchronization initiated. (168 threads)
[2023-11-09T11:15:47.882+0000][821.363s][info ][safepoint     ] Application time: 1.0012785 seconds
[2023-11-09T11:15:47.883+0000][821.364s][info ][safepoint     ] Entering safepoint region: Cleanup
[2023-11-09T11:15:47.884+0000][821.365s][info ][safepoint     ] Leaving safepoint region
[2023-11-09T11:15:47.885+0000][821.366s][info ][safepoint     ] Total time for which application threads were stopped: 0.0021549 seconds, Stopping threads took: 0.0009353 seconds
[2023-11-09T11:15:48.886+0000][822.367s][debug][safepoint     ] Safepoint synchronization initiated. (168 threads)
[2023-11-09T11:15:48.888+0000][822.369s][info ][safepoint     ] Application time: 1.0019068 seconds
[2023-11-09T11:15:48.889+0000][822.370s][info ][safepoint     ] Entering safepoint region: Cleanup
[2023-11-09T11:15:48.890+0000][822.371s][info ][safepoint     ] Leaving safepoint region
[2023-11-09T11:15:48.891+0000][822.372s][info ][safepoint     ] Total time for which application threads were stopped: 0.0021964 seconds, Stopping threads took: 0.0010612 seconds
[2023-11-09T11:15:49.892+0000][823.373s][debug][safepoint     ] Safepoint synchronization initiated. (168 threads)
[2023-11-09T11:15:49.893+0000][823.374s][info ][safepoint     ] Application time: 1.0013801 seconds
[2023-11-09T11:15:49.894+0000][823.375s][info ][safepoint     ] Entering safepoint region: Cleanup
[2023-11-09T11:15:49.896+0000][823.376s][info ][safepoint     ] Leaving safepoint region
[2023-11-09T11:15:49.896+0000][823.377s][info ][safepoint     ] Total time for which application threads were stopped: 0.0021739 seconds, Stopping threads took: 0.0008976 seconds
[2023-11-09T11:15:50.897+0000][824.378s][debug][safepoint     ] Safepoint synchronization initiated. (168 threads)
[2023-11-09T11:15:50.899+0000][824.380s][info ][safepoint     ] Application time: 1.0017200 seconds
[2023-11-09T11:15:50.900+0000][824.381s][info ][safepoint     ] Entering safepoint region: Cleanup
[2023-11-09T11:15:50.901+0000][824.382s][info ][safepoint     ] Leaving safepoint region
[2023-11-09T11:15:50.902+0000][824.383s][info ][safepoint     ] Total time for which application threads were stopped: 0.0021532 seconds, Stopping threads took: 0.0010530 seconds
[2023-11-09T11:15:51.903+0000][825.384s][debug][safepoint     ] Safepoint synchronization initiated. (168 threads)
[2023-11-09T11:15:51.904+0000][825.385s][info ][safepoint     ] Application time: 1.0010647 seconds
[2023-11-09T11:15:51.905+0000][825.385s][info ][safepoint     ] Entering safepoint region: Cleanup
[2023-11-09T11:15:51.906+0000][825.386s][info ][safepoint     ] Leaving safepoint region
[2023-11-09T11:15:51.906+0000][825.387s][info ][safepoint     ] Total time for which application threads were stopped: 0.0013827 seconds, Stopping threads took: 0.0006616 seconds
[2023-11-09T11:15:52.907+0000][826.388s][debug][safepoint     ] Safepoint synchronization initiated. (168 threads)
[2023-11-09T11:15:52.908+0000][826.388s][info ][safepoint     ] Application time: 1.0009629 seconds
[2023-11-09T11:15:52.908+0000][826.389s][info ][safepoint     ] Entering safepoint region: Cleanup
[2023-11-09T11:15:52.909+0000][826.390s][info ][safepoint     ] Leaving safepoint region
[2023-11-09T11:15:52.909+0000][826.390s][info ][safepoint     ] Total time for which application threads were stopped: 0.0011771 seconds, Stopping threads took: 0.0005550 seconds
[2023-11-09T11:15:53.910+0000][827.391s][debug][safepoint     ] Safepoint synchronization initiated. (168 threads)
[2023-11-09T11:15:53.911+0000][827.391s][info ][safepoint     ] Application time: 1.0009125 seconds
[2023-11-09T11:15:53.911+0000][827.392s][info ][safepoint     ] Entering safepoint region: Cleanup
[2023-11-09T11:15:53.912+0000][827.393s][info ][safepoint     ] Leaving safepoint region
[2023-11-09T11:15:53.912+0000][827.393s][info ][safepoint     ] Total time for which application threads were stopped: 0.0012610 seconds, Stopping threads took: 0.0005427 seconds
[2023-11-09T11:15:54.913+0000][828.394s][debug][safepoint     ] Safepoint synchronization initiated. (168 threads)
[2023-11-09T11:15:54.914+0000][828.395s][info ][safepoint     ] Application time: 1.0011683 seconds
[2023-11-09T11:15:54.915+0000][828.396s][info ][safepoint     ] Entering safepoint region: Cleanup
[2023-11-09T11:15:54.916+0000][828.397s][info ][safepoint     ] Leaving safepoint region
[2023-11-09T11:15:54.917+0000][828.397s][info ][safepoint     ] Total time for which application threads were stopped: 0.0018535 seconds, Stopping threads took: 0.0008238 seconds
[2023-11-09T11:15:55.918+0000][829.399s][debug][safepoint     ] Safepoint synchronization initiated. (168 threads)
[2023-11-09T11:15:55.919+0000][829.400s][info ][safepoint     ] Application time: 1.0011876 seconds
[2023-11-09T11:15:55.920+0000][829.400s][info ][safepoint     ] Entering safepoint region: Cleanup
[2023-11-09T11:15:55.921+0000][829.401s][info ][safepoint     ] Leaving safepoint region
[2023-11-09T11:15:55.921+0000][829.402s][info ][safepoint     ] Total time for which application threads were stopped: 0.0016535 seconds, Stopping threads took: 0.0007137 seconds
[2023-11-09T11:15:56.922+0000][830.403s][debug][safepoint     ] Safepoint synchronization initiated. (168 threads)
[2023-11-09T11:15:56.923+0000][830.404s][info ][safepoint     ] Application time: 1.0012028 seconds
[2023-11-09T11:15:56.924+0000][830.405s][info ][safepoint     ] Entering safepoint region: Cleanup
[2023-11-09T11:15:56.925+0000][830.406s][info ][safepoint     ] Leaving safepoint region
[2023-11-09T11:15:56.926+0000][830.406s][info ][safepoint     ] Total time for which application threads were stopped: 0.0018101 seconds, Stopping threads took: 0.0008031 seconds
[2023-11-09T11:15:57.927+0000][831.407s][debug][safepoint     ] Safepoint synchronization initiated. (168 threads)
[2023-11-09T11:15:57.928+0000][831.408s][info ][safepoint     ] Application time: 1.0012060 seconds
[2023-11-09T11:15:57.929+0000][831.409s][info ][safepoint     ] Entering safepoint region: Cleanup
[2023-11-09T11:15:57.930+0000][831.410s][info ][safepoint     ] Leaving safepoint region
[2023-11-09T11:15:57.930+0000][831.411s][info ][safepoint     ] Total time for which application threads were stopped: 0.0018234 seconds, Stopping threads took: 0.0008563 seconds
[2023-11-09T11:15:58.931+0000][832.412s][debug][safepoint     ] Safepoint synchronization initiated. (168 threads)
[2023-11-09T11:15:58.932+0000][832.413s][info ][safepoint     ] Application time: 1.0012628 seconds
[2023-11-09T11:15:58.933+0000][832.414s][info ][safepoint     ] Entering safepoint region: Cleanup
[2023-11-09T11:15:58.934+0000][832.415s][info ][safepoint     ] Leaving safepoint region
[2023-11-09T11:15:58.934+0000][832.415s][info ][safepoint     ] Total time for which application threads were stopped: 0.0014870 seconds, Stopping threads took: 0.0007333 seconds
[2023-11-09T11:15:59.935+0000][833.416s][debug][safepoint     ] Safepoint synchronization initiated. (168 threads)
[2023-11-09T11:15:59.936+0000][833.417s][info ][safepoint     ] Application time: 1.0012903 seconds
[2023-11-09T11:15:59.937+0000][833.418s][info ][safepoint     ] Entering safepoint region: Cleanup
[2023-11-09T11:15:59.938+0000][833.419s][info ][safepoint     ] Leaving safepoint region
[2023-11-09T11:15:59.939+0000][833.420s][info ][safepoint     ] Total time for which application threads were stopped: 0.0017133 seconds, Stopping threads took: 0.0006345 seconds
[2023-11-09T11:16:00.940+0000][834.421s][debug][safepoint     ] Safepoint synchronization initiated. (168 threads)
[2023-11-09T11:16:00.941+0000][834.422s][info ][safepoint     ] Application time: 1.0012747 seconds
[2023-11-09T11:16:00.942+0000][834.423s][info ][safepoint     ] Entering safepoint region: Cleanup
[2023-11-09T11:16:00.943+0000][834.424s][info ][safepoint     ] Leaving safepoint region
[2023-11-09T11:16:00.944+0000][834.424s][info ][safepoint     ] Total time for which application threads were stopped: 0.0018736 seconds, Stopping threads took: 0.0008459 seconds
[2023-11-09T11:16:01.945+0000][835.425s][debug][safepoint     ] Safepoint synchronization initiated. (168 threads)
[2023-11-09T11:16:01.946+0000][835.426s][info ][safepoint     ] Application time: 1.0012580 seconds
[2023-11-09T11:16:01.947+0000][835.427s][info ][safepoint     ] Entering safepoint region: Cleanup
[2023-11-09T11:16:01.948+0000][835.429s][info ][safepoint     ] Leaving safepoint region
[2023-11-09T11:16:01.949+0000][835.429s][info ][safepoint     ] Total time for which application threads were stopped: 0.0019774 seconds, Stopping threads took: 0.0009380 seconds
[2023-11-09T11:16:02.950+0000][836.430s][debug][safepoint     ] Safepoint synchronization initiated. (168 threads)
[2023-11-09T11:16:02.951+0000][836.431s][info ][safepoint     ] Application time: 1.0013578 seconds
[2023-11-09T11:16:02.952+0000][836.432s][info ][safepoint     ] Entering safepoint region: Cleanup
[2023-11-09T11:16:02.953+0000][836.434s][info ][safepoint     ] Leaving safepoint region
[2023-11-09T11:16:02.954+0000][836.435s][info ][safepoint     ] Total time for which application threads were stopped: 0.0020653 seconds, Stopping threads took: 0.0009094 seconds
[2023-11-09T11:16:03.955+0000][837.436s][debug][safepoint     ] Safepoint synchronization initiated. (168 threads)
[2023-11-09T11:16:03.956+0000][837.437s][info ][safepoint     ] Application time: 1.0014114 seconds
[2023-11-09T11:16:03.957+0000][837.438s][info ][safepoint     ] Entering safepoint region: Cleanup
[2023-11-09T11:16:03.958+0000][837.439s][info ][safepoint     ] Leaving safepoint region
[2023-11-09T11:16:03.959+0000][837.440s][info ][safepoint     ] Total time for which application threads were stopped: 0.0021058 seconds, Stopping threads took: 0.0008718 seconds
[2023-11-09T11:16:04.960+0000][838.441s][debug][safepoint     ] Safepoint synchronization initiated. (168 threads)
[2023-11-09T11:16:04.961+0000][838.442s][info ][safepoint     ] Application time: 1.0012010 seconds
[2023-11-09T11:16:04.962+0000][838.443s][info ][safepoint     ] Entering safepoint region: Cleanup
[2023-11-09T11:16:04.963+0000][838.444s][info ][safepoint     ] Leaving safepoint region
[2023-11-09T11:16:04.964+0000][838.445s][info ][safepoint     ] Total time for which application threads were stopped: 0.0020766 seconds, Stopping threads took: 0.0008639 seconds
[2023-11-09T11:16:05.966+0000][839.446s][debug][safepoint     ] Safepoint synchronization initiated. (168 threads)
[2023-11-09T11:16:05.966+0000][839.447s][info ][safepoint     ] Application time: 1.0012166 seconds
[2023-11-09T11:16:05.967+0000][839.448s][info ][safepoint     ] Entering safepoint region: Cleanup
[2023-11-09T11:16:05.968+0000][839.448s][info ][safepoint     ] Leaving safepoint region
[2023-11-09T11:16:05.968+0000][839.449s][info ][safepoint     ] Total time for which application threads were stopped: 0.0012163 seconds, Stopping threads took: 0.0005137 seconds
[2023-11-09T11:16:06.969+0000][840.450s][debug][safepoint     ] Safepoint synchronization initiated. (168 threads)
[2023-11-09T11:16:06.970+0000][840.451s][info ][safepoint     ] Application time: 1.0014383 seconds
[2023-11-09T11:16:06.971+0000][840.452s][info ][safepoint     ] Entering safepoint region: Cleanup
[2023-11-09T11:16:06.972+0000][840.453s][info ][safepoint     ] Leaving safepoint region
[2023-11-09T11:16:06.973+0000][840.454s][info ][safepoint     ] Total time for which application threads were stopped: 0.0019786 seconds, Stopping threads took: 0.0008900 seconds
[2023-11-09T11:16:07.974+0000][841.455s][debug][safepoint     ] Safepoint synchronization initiated. (168 threads)
[2023-11-09T11:16:07.975+0000][841.456s][info ][safepoint     ] Application time: 1.0011439 seconds
[2023-11-09T11:16:07.976+0000][841.457s][info ][safepoint     ] Entering safepoint region: Cleanup
[2023-11-09T11:16:07.977+0000][841.458s][info ][safepoint     ] Leaving safepoint region
[2023-11-09T11:16:07.977+0000][841.458s][info ][safepoint     ] Total time for which application threads were stopped: 0.0015846 seconds, Stopping threads took: 0.0007539 seconds
[2023-11-09T11:16:08.978+0000][842.459s][debug][safepoint     ] Safepoint synchronization initiated. (168 threads)
[2023-11-09T11:16:08.979+0000][842.459s][info ][safepoint     ] Application time: 1.0006958 seconds
[2023-11-09T11:16:08.979+0000][842.460s][info ][safepoint     ] Entering safepoint region: Cleanup
[2023-11-09T11:16:08.980+0000][842.461s][info ][safepoint     ] Leaving safepoint region
[2023-11-09T11:16:08.980+0000][842.461s][info ][safepoint     ] Total time for which application threads were stopped: 0.0012072 seconds, Stopping threads took: 0.0005416 seconds
[2023-11-09T11:16:09.981+0000][843.462s][debug][safepoint     ] Safepoint synchronization initiated. (168 threads)
[2023-11-09T11:16:09.982+0000][843.462s][info ][safepoint     ] Application time: 1.0006791 seconds
[2023-11-09T11:16:09.982+0000][843.463s][info ][safepoint     ] Entering safepoint region: Cleanup
[2023-11-09T11:16:09.982+0000][843.463s][info ][safepoint     ] Leaving safepoint region
[2023-11-09T11:16:09.983+0000][843.463s][info ][safepoint     ] Total time for which application threads were stopped: 0.0008422 seconds, Stopping threads took: 0.0003519 seconds
[2023-11-09T11:16:10.983+0000][844.464s][debug][safepoint     ] Safepoint synchronization initiated. (168 threads)
[2023-11-09T11:16:10.984+0000][844.465s][info ][safepoint     ] Application time: 1.0010905 seconds
[2023-11-09T11:16:10.985+0000][844.466s][info ][safepoint     ] Entering safepoint region: Cleanup
[2023-11-09T11:16:10.986+0000][844.467s][info ][safepoint     ] Leaving safepoint region
[2023-11-09T11:16:10.987+0000][844.468s][info ][safepoint     ] Total time for which application threads were stopped: 0.0021687 seconds, Stopping threads took: 0.0008529 seconds
[2023-11-09T11:16:11.988+0000][845.469s][debug][safepoint     ] Safepoint synchronization initiated. (168 threads)
[2023-11-09T11:16:11.989+0000][845.470s][info ][safepoint     ] Application time: 1.0011450 seconds
[2023-11-09T11:16:11.990+0000][845.470s][info ][safepoint     ] Entering safepoint region: Cleanup
[2023-11-09T11:16:11.991+0000][845.472s][info ][safepoint     ] Leaving safepoint region
[2023-11-09T11:16:11.992+0000][845.472s][info ][safepoint     ] Total time for which application threads were stopped: 0.0019723 seconds, Stopping threads took: 0.0009435 seconds
[2023-11-09T11:16:11.991+0000][845.472s][debug][safepoint     ] ... found polling page return exception at pc = 0x00007fb4f0d6dc84, stub =0x00007fb4e8840600
[2023-11-09T11:16:11.991+0000][845.472s][debug][safepoint     ] ... found polling page return exception at pc = 0x00007fb4f0d6dc84, stub =0x00007fb4e8840600
[2023-11-09T11:16:11.991+0000][845.472s][debug][safepoint     ] ... found polling page return exception at pc = 0x00007fb4f0d6dc84, stub =0x00007fb4e8840600
[2023-11-09T11:16:11.991+0000][845.472s][debug][safepoint     ] ... found polling page return exception at pc = 0x00007fb4f0d6dc84, stub =0x00007fb4e8840600
[2023-11-09T11:16:11.991+0000][845.472s][debug][safepoint     ] ... found polling page return exception at pc = 0x00007fb4f0d6dc84, stub =0x00007fb4e8840600
[2023-11-09T11:16:12.993+0000][846.473s][debug][safepoint     ] Safepoint synchronization initiated. (168 threads)
[2023-11-09T11:16:12.993+0000][846.474s][info ][safepoint     ] Application time: 1.0007166 seconds
[2023-11-09T11:16:12.994+0000][846.474s][info ][safepoint     ] Entering safepoint region: Cleanup
[2023-11-09T11:16:12.994+0000][846.475s][info ][safepoint     ] Leaving safepoint region
[2023-11-09T11:16:12.995+0000][846.475s][info ][safepoint     ] Total time for which application threads were stopped: 0.0010886 seconds, Stopping threads took: 0.0004656 seconds
[2023-11-09T11:16:13.995+0000][847.476s][debug][safepoint     ] Safepoint synchronization initiated. (168 threads)
[2023-11-09T11:16:13.996+0000][847.477s][info ][safepoint     ] Application time: 1.0007820 seconds
[2023-11-09T11:16:13.997+0000][847.477s][info ][safepoint     ] Entering safepoint region: Cleanup
[2023-11-09T11:16:13.997+0000][847.478s][info ][safepoint     ] Leaving safepoint region
[2023-11-09T11:16:13.998+0000][847.478s][info ][safepoint     ] Total time for which application threads were stopped: 0.0011726 seconds, Stopping threads took: 0.0005679 seconds
[2023-11-09T11:16:14.998+0000][848.479s][debug][safepoint     ] Safepoint synchronization initiated. (168 threads)
[2023-11-09T11:16:14.999+0000][848.480s][info ][safepoint     ] Application time: 1.0010722 seconds
[2023-11-09T11:16:15.000+0000][848.481s][info ][safepoint     ] Entering safepoint region: Cleanup
[2023-11-09T11:16:15.001+0000][848.482s][info ][safepoint     ] Leaving safepoint region
[2023-11-09T11:16:15.002+0000][848.483s][info ][safepoint     ] Total time for which application threads were stopped: 0.0021284 seconds, Stopping threads took: 0.0009370 seconds
[2023-11-09T11:16:16.003+0000][849.484s][debug][safepoint     ] Safepoint synchronization initiated. (168 threads)
[2023-11-09T11:16:16.004+0000][849.485s][info ][safepoint     ] Application time: 1.0014402 seconds
[2023-11-09T11:16:16.005+0000][849.486s][info ][safepoint     ] Entering safepoint region: Cleanup
[2023-11-09T11:16:16.006+0000][849.487s][info ][safepoint     ] Leaving safepoint region
[2023-11-09T11:16:16.007+0000][849.488s][info ][safepoint     ] Total time for which application threads were stopped: 0.0018740 seconds, Stopping threads took: 0.0007763 seconds
[2023-11-09T11:16:17.008+0000][850.488s][debug][safepoint     ] Safepoint synchronization initiated. (168 threads)
[2023-11-09T11:16:17.009+0000][850.489s][info ][safepoint     ] Application time: 1.0010787 seconds
[2023-11-09T11:16:17.009+0000][850.490s][info ][safepoint     ] Entering safepoint region: Cleanup
[2023-11-09T11:16:17.010+0000][850.491s][info ][safepoint     ] Leaving safepoint region
[2023-11-09T11:16:17.011+0000][850.492s][info ][safepoint     ] Total time for which application threads were stopped: 0.0015986 seconds, Stopping threads took: 0.0007004 seconds
[2023-11-09T11:16:18.012+0000][851.493s][debug][safepoint     ] Safepoint synchronization initiated. (168 threads)
[2023-11-09T11:16:18.013+0000][851.494s][info ][safepoint     ] Application time: 1.0012477 seconds
[2023-11-09T11:16:18.014+0000][851.495s][info ][safepoint     ] Entering safepoint region: Cleanup
[2023-11-09T11:16:18.015+0000][851.496s][info ][safepoint     ] Leaving safepoint region
[2023-11-09T11:16:18.016+0000][851.497s][info ][safepoint     ] Total time for which application threads were stopped: 0.0023703 seconds, Stopping threads took: 0.0010993 seconds
[2023-11-09T11:16:19.017+0000][852.498s][debug][safepoint     ] Safepoint synchronization initiated. (168 threads)
[2023-11-09T11:16:19.018+0000][852.499s][info ][safepoint     ] Application time: 1.0009657 seconds
[2023-11-09T11:16:19.019+0000][852.500s][info ][safepoint     ] Entering safepoint region: Cleanup
[2023-11-09T11:16:19.020+0000][852.501s][info ][safepoint     ] Leaving safepoint region
[2023-11-09T11:16:19.020+0000][852.501s][info ][safepoint     ] Total time for which application threads were stopped: 0.0016524 seconds, Stopping threads took: 0.0008299 seconds
[2023-11-09T11:16:20.021+0000][853.502s][debug][safepoint     ] Safepoint synchronization initiated. (168 threads)
[2023-11-09T11:16:20.022+0000][853.503s][info ][safepoint     ] Application time: 1.0008542 seconds
[2023-11-09T11:16:20.023+0000][853.503s][info ][safepoint     ] Entering safepoint region: Cleanup
[2023-11-09T11:16:20.023+0000][853.504s][info ][safepoint     ] Leaving safepoint region
[2023-11-09T11:16:20.024+0000][853.505s][info ][safepoint     ] Total time for which application threads were stopped: 0.0014285 seconds, Stopping threads took: 0.0006189 seconds
[2023-11-09T11:16:21.025+0000][854.505s][debug][safepoint     ] Safepoint synchronization initiated. (168 threads)
[2023-11-09T11:16:21.026+0000][854.506s][info ][safepoint     ] Application time: 1.0012989 seconds
[2023-11-09T11:16:21.027+0000][854.507s][info ][safepoint     ] Entering safepoint region: Cleanup
[2023-11-09T11:16:21.028+0000][854.509s][info ][safepoint     ] Leaving safepoint region
[2023-11-09T11:16:21.029+0000][854.510s][info ][safepoint     ] Total time for which application threads were stopped: 0.0025204 seconds, Stopping threads took: 0.0012026 seconds
[2023-11-09T11:16:22.030+0000][855.511s][debug][safepoint     ] Safepoint synchronization initiated. (168 threads)
[2023-11-09T11:16:22.031+0000][855.512s][info ][safepoint     ] Application time: 1.0008735 seconds
[2023-11-09T11:16:22.031+0000][855.512s][info ][safepoint     ] Entering safepoint region: Cleanup
[2023-11-09T11:16:22.032+0000][855.513s][info ][safepoint     ] Leaving safepoint region
[2023-11-09T11:16:22.033+0000][855.513s][info ][safepoint     ] Total time for which application threads were stopped: 0.0013210 seconds, Stopping threads took: 0.0005162 seconds
[2023-11-09T11:16:23.033+0000][856.514s][debug][safepoint     ] Safepoint synchronization initiated. (168 threads)
[2023-11-09T11:16:23.034+0000][856.515s][info ][safepoint     ] Application time: 1.0008210 seconds
[2023-11-09T11:16:23.035+0000][856.515s][info ][safepoint     ] Entering safepoint region: Cleanup
[2023-11-09T11:16:23.035+0000][856.516s][info ][safepoint     ] Leaving safepoint region
[2023-11-09T11:16:23.036+0000][856.516s][info ][safepoint     ] Total time for which application threads were stopped: 0.0012570 seconds, Stopping threads took: 0.0004420 seconds
[2023-11-09T11:16:24.036+0000][857.517s][debug][safepoint     ] Safepoint synchronization initiated. (168 threads)
[2023-11-09T11:16:24.037+0000][857.518s][info ][safepoint     ] Application time: 1.0009991 seconds
[2023-11-09T11:16:24.038+0000][857.519s][info ][safepoint     ] Entering safepoint region: Cleanup
[2023-11-09T11:16:24.039+0000][857.520s][info ][safepoint     ] Leaving safepoint region
[2023-11-09T11:16:24.039+0000][857.520s][info ][safepoint     ] Total time for which application threads were stopped: 0.0013759 seconds, Stopping threads took: 0.0006340 seconds
[2023-11-09T11:16:25.040+0000][858.521s][debug][safepoint     ] Safepoint synchronization initiated. (168 threads)
[2023-11-09T11:16:25.041+0000][858.522s][info ][safepoint     ] Application time: 1.0009626 seconds
[2023-11-09T11:16:25.041+0000][858.522s][info ][safepoint     ] Entering safepoint region: Cleanup
[2023-11-09T11:16:25.042+0000][858.523s][info ][safepoint     ] Leaving safepoint region
[2023-11-09T11:16:25.043+0000][858.523s][info ][safepoint     ] Total time for which application threads were stopped: 0.0011912 seconds, Stopping threads took: 0.0006098 seconds
[2023-11-09T11:16:26.043+0000][859.524s][debug][safepoint     ] Safepoint synchronization initiated. (168 threads)
[2023-11-09T11:16:26.044+0000][859.525s][info ][safepoint     ] Application time: 1.0009645 seconds
[2023-11-09T11:16:26.044+0000][859.525s][info ][safepoint     ] Entering safepoint region: Cleanup
[2023-11-09T11:16:26.045+0000][859.526s][info ][safepoint     ] Leaving safepoint region
[2023-11-09T11:16:26.046+0000][859.527s][info ][safepoint     ] Total time for which application threads were stopped: 0.0013086 seconds, Stopping threads took: 0.0004946 seconds
[2023-11-09T11:16:27.047+0000][860.527s][debug][safepoint     ] Safepoint synchronization initiated. (168 threads)
[2023-11-09T11:16:27.047+0000][860.528s][info ][safepoint     ] Application time: 1.0010228 seconds
[2023-11-09T11:16:27.048+0000][860.529s][info ][safepoint     ] Entering safepoint region: Cleanup
[2023-11-09T11:16:27.049+0000][860.530s][info ][safepoint     ] Leaving safepoint region
[2023-11-09T11:16:27.050+0000][860.531s][info ][safepoint     ] Total time for which application threads were stopped: 0.0016659 seconds, Stopping threads took: 0.0008051 seconds
[2023-11-09T11:16:28.051+0000][861.531s][debug][safepoint     ] Safepoint synchronization initiated. (168 threads)
[2023-11-09T11:16:28.052+0000][861.532s][info ][safepoint     ] Application time: 1.0010255 seconds
[2023-11-09T11:16:28.052+0000][861.533s][info ][safepoint     ] Entering safepoint region: Cleanup
[2023-11-09T11:16:28.053+0000][861.534s][info ][safepoint     ] Leaving safepoint region
[2023-11-09T11:16:28.053+0000][861.534s][info ][safepoint     ] Total time for which application threads were stopped: 0.0013005 seconds, Stopping threads took: 0.0006716 seconds
[2023-11-09T11:16:29.054+0000][862.535s][debug][safepoint     ] Safepoint synchronization initiated. (168 threads)
[2023-11-09T11:16:29.055+0000][862.536s][info ][safepoint     ] Application time: 1.0012692 seconds
[2023-11-09T11:16:29.056+0000][862.537s][info ][safepoint     ] Entering safepoint region: Cleanup
[2023-11-09T11:16:29.057+0000][862.537s][info ][safepoint     ] Leaving safepoint region
[2023-11-09T11:16:29.057+0000][862.538s][info ][safepoint     ] Total time for which application threads were stopped: 0.0011220 seconds, Stopping threads took: 0.0004697 seconds
[2023-11-09T11:16:30.058+0000][863.538s][debug][safepoint     ] Safepoint synchronization initiated. (168 threads)
[2023-11-09T11:16:30.058+0000][863.539s][info ][safepoint     ] Application time: 1.0009897 seconds
[2023-11-09T11:16:30.059+0000][863.540s][info ][safepoint     ] Entering safepoint region: Cleanup
[2023-11-09T11:16:30.060+0000][863.540s][info ][safepoint     ] Leaving safepoint region
[2023-11-09T11:16:30.060+0000][863.541s][info ][safepoint     ] Total time for which application threads were stopped: 0.0013230 seconds, Stopping threads took: 0.0005881 seconds
[2023-11-09T11:16:31.061+0000][864.542s][debug][safepoint     ] Safepoint synchronization initiated. (168 threads)
[2023-11-09T11:16:31.062+0000][864.543s][info ][safepoint     ] Application time: 1.0009174 seconds
[2023-11-09T11:16:31.062+0000][864.543s][info ][safepoint     ] Entering safepoint region: Cleanup
[2023-11-09T11:16:31.063+0000][864.544s][info ][safepoint     ] Leaving safepoint region
[2023-11-09T11:16:31.064+0000][864.544s][info ][safepoint     ] Total time for which application threads were stopped: 0.0012534 seconds, Stopping threads took: 0.0005655 seconds
[2023-11-09T11:16:32.064+0000][865.545s][debug][safepoint     ] Safepoint synchronization initiated. (168 threads)
[2023-11-09T11:16:32.065+0000][865.546s][info ][safepoint     ] Application time: 1.0010527 seconds
[2023-11-09T11:16:32.066+0000][865.547s][info ][safepoint     ] Entering safepoint region: Cleanup
[2023-11-09T11:16:32.067+0000][865.548s][info ][safepoint     ] Leaving safepoint region
[2023-11-09T11:16:32.068+0000][865.548s][info ][safepoint     ] Total time for which application threads were stopped: 0.0015829 seconds, Stopping threads took: 0.0008363 seconds
[2023-11-09T11:16:33.068+0000][866.549s][debug][safepoint     ] Safepoint synchronization initiated. (168 threads)
[2023-11-09T11:16:33.069+0000][866.550s][info ][safepoint     ] Application time: 1.0008950 seconds
[2023-11-09T11:16:33.070+0000][866.550s][debug][safepoint     ] ... found polling page return exception at pc = 0x00007fb4f1424a52, stub =0x00007fb4e8840600
[2023-11-09T11:16:33.070+0000][866.551s][debug][safepoint     ] Waiting for 1 thread(s) to block
[2023-11-09T11:16:33.071+0000][866.552s][info ][safepoint     ] Entering safepoint region: Cleanup
[2023-11-09T11:16:33.072+0000][866.552s][info ][safepoint     ] Leaving safepoint region
[2023-11-09T11:16:33.072+0000][866.553s][info ][safepoint     ] Total time for which application threads were stopped: 0.0024599 seconds, Stopping threads took: 0.0018566 seconds
[2023-11-09T11:16:34.073+0000][867.554s][debug][safepoint     ] Safepoint synchronization initiated. (168 threads)
[2023-11-09T11:16:34.074+0000][867.554s][info ][safepoint     ] Application time: 1.0010573 seconds
[2023-11-09T11:16:34.074+0000][867.555s][info ][safepoint     ] Entering safepoint region: Cleanup
[2023-11-09T11:16:34.075+0000][867.556s][info ][safepoint     ] Leaving safepoint region
[2023-11-09T11:16:34.076+0000][867.557s][info ][safepoint     ] Total time for which application threads were stopped: 0.0015633 seconds, Stopping threads took: 0.0006785 seconds
[2023-11-09T11:16:34.075+0000][867.556s][debug][safepoint     ] ... found polling page return exception at pc = 0x00007fb4f0d6dc84, stub =0x00007fb4e8840600
[2023-11-09T11:16:34.075+0000][867.556s][debug][safepoint     ] ... found polling page return exception at pc = 0x00007fb4f0d6dc84, stub =0x00007fb4e8840600
[2023-11-09T11:16:35.077+0000][868.558s][debug][safepoint     ] Safepoint synchronization initiated. (168 threads)
[2023-11-09T11:16:35.078+0000][868.559s][info ][safepoint     ] Application time: 1.0015178 seconds
[2023-11-09T11:16:35.079+0000][868.560s][info ][safepoint     ] Entering safepoint region: Cleanup
[2023-11-09T11:16:35.080+0000][868.561s][info ][safepoint     ] Leaving safepoint region
[2023-11-09T11:16:35.081+0000][868.561s][info ][safepoint     ] Total time for which application threads were stopped: 0.0017598 seconds, Stopping threads took: 0.0007558 seconds
[2023-11-09T11:16:36.082+0000][869.562s][debug][safepoint     ] Safepoint synchronization initiated. (168 threads)
[2023-11-09T11:16:36.083+0000][869.563s][info ][safepoint     ] Application time: 1.0013618 seconds
[2023-11-09T11:16:36.084+0000][869.564s][info ][safepoint     ] Entering safepoint region: Cleanup
[2023-11-09T11:16:36.085+0000][869.566s][info ][safepoint     ] Leaving safepoint region
[2023-11-09T11:16:36.086+0000][869.566s][info ][safepoint     ] Total time for which application threads were stopped: 0.0020895 seconds, Stopping threads took: 0.0009149 seconds
[2023-11-09T11:16:37.087+0000][870.568s][debug][safepoint     ] Safepoint synchronization initiated. (168 threads)
[2023-11-09T11:16:37.088+0000][870.569s][info ][safepoint     ] Application time: 1.0015175 seconds
[2023-11-09T11:16:37.089+0000][870.570s][info ][safepoint     ] Entering safepoint region: Cleanup
[2023-11-09T11:16:37.090+0000][870.571s][info ][safepoint     ] Leaving safepoint region
[2023-11-09T11:16:37.091+0000][870.572s][info ][safepoint     ] Total time for which application threads were stopped: 0.0020959 seconds, Stopping threads took: 0.0009012 seconds
[2023-11-09T11:16:38.092+0000][871.573s][debug][safepoint     ] Safepoint synchronization initiated. (168 threads)
[2023-11-09T11:16:38.092+0000][871.573s][info ][safepoint     ] Application time: 1.0007597 seconds
[2023-11-09T11:16:38.093+0000][871.574s][info ][safepoint     ] Entering safepoint region: Cleanup
[2023-11-09T11:16:38.094+0000][871.574s][info ][safepoint     ] Leaving safepoint region
[2023-11-09T11:16:38.094+0000][871.575s][info ][safepoint     ] Total time for which application threads were stopped: 0.0010765 seconds, Stopping threads took: 0.0005225 seconds
[2023-11-09T11:16:39.095+0000][872.575s][debug][safepoint     ] Safepoint synchronization initiated. (168 threads)
[2023-11-09T11:16:39.095+0000][872.576s][info ][safepoint     ] Application time: 1.0008042 seconds
[2023-11-09T11:16:39.096+0000][872.576s][info ][safepoint     ] Entering safepoint region: Cleanup
[2023-11-09T11:16:39.096+0000][872.577s][info ][safepoint     ] Leaving safepoint region
[2023-11-09T11:16:39.097+0000][872.577s][info ][safepoint     ] Total time for which application threads were stopped: 0.0009947 seconds, Stopping threads took: 0.0004681 seconds
[2023-11-09T11:16:40.097+0000][873.578s][debug][safepoint     ] Safepoint synchronization initiated. (168 threads)
[2023-11-09T11:16:40.098+0000][873.579s][info ][safepoint     ] Application time: 1.0008856 seconds
[2023-11-09T11:16:40.099+0000][873.579s][info ][safepoint     ] Entering safepoint region: Cleanup
[2023-11-09T11:16:40.099+0000][873.580s][info ][safepoint     ] Leaving safepoint region
[2023-11-09T11:16:40.100+0000][873.581s][info ][safepoint     ] Total time for which application threads were stopped: 0.0012425 seconds, Stopping threads took: 0.0005723 seconds
[2023-11-09T11:16:41.100+0000][874.581s][debug][safepoint     ] Safepoint synchronization initiated. (168 threads)
[2023-11-09T11:16:41.101+0000][874.582s][info ][safepoint     ] Application time: 1.0006138 seconds
[2023-11-09T11:16:41.102+0000][874.582s][info ][safepoint     ] Entering safepoint region: Cleanup
[2023-11-09T11:16:41.102+0000][874.583s][info ][safepoint     ] Leaving safepoint region
[2023-11-09T11:16:41.103+0000][874.583s][info ][safepoint     ] Total time for which application threads were stopped: 0.0011407 seconds, Stopping threads took: 0.0004968 seconds
[2023-11-09T11:16:42.103+0000][875.584s][debug][safepoint     ] Safepoint synchronization initiated. (168 threads)
[2023-11-09T11:16:42.104+0000][875.585s][info ][safepoint     ] Application time: 1.0012759 seconds
[2023-11-09T11:16:42.105+0000][875.586s][info ][safepoint     ] Entering safepoint region: Cleanup
[2023-11-09T11:16:42.106+0000][875.587s][info ][safepoint     ] Leaving safepoint region
[2023-11-09T11:16:42.107+0000][875.588s][info ][safepoint     ] Total time for which application threads were stopped: 0.0017615 seconds, Stopping threads took: 0.0008091 seconds
[2023-11-09T11:16:43.108+0000][876.589s][debug][safepoint     ] Safepoint synchronization initiated. (168 threads)
[2023-11-09T11:16:43.109+0000][876.590s][info ][safepoint     ] Application time: 1.0015897 seconds
[2023-11-09T11:16:43.110+0000][876.591s][info ][safepoint     ] Entering safepoint region: Cleanup
[2023-11-09T11:16:43.112+0000][876.592s][info ][safepoint     ] Leaving safepoint region
[2023-11-09T11:16:43.112+0000][876.593s][info ][safepoint     ] Total time for which application threads were stopped: 0.0022106 seconds, Stopping threads took: 0.0009410 seconds
[2023-11-09T11:16:44.114+0000][877.594s][debug][safepoint     ] Safepoint synchronization initiated. (168 threads)
[2023-11-09T11:16:44.115+0000][877.596s][info ][safepoint     ] Application time: 1.0014861 seconds
[2023-11-09T11:16:44.116+0000][877.597s][info ][safepoint     ] Entering safepoint region: Cleanup
[2023-11-09T11:16:44.117+0000][877.598s][info ][safepoint     ] Leaving safepoint region
[2023-11-09T11:16:44.118+0000][877.599s][info ][safepoint     ] Total time for which application threads were stopped: 0.0021051 seconds, Stopping threads took: 0.0009681 seconds
[2023-11-09T11:16:45.119+0000][878.599s][debug][safepoint     ] Safepoint synchronization initiated. (168 threads)
[2023-11-09T11:16:45.119+0000][878.600s][info ][safepoint     ] Application time: 1.0007164 seconds
[2023-11-09T11:16:45.120+0000][878.601s][info ][safepoint     ] Entering safepoint region: Cleanup
[2023-11-09T11:16:45.121+0000][878.601s][info ][safepoint     ] Leaving safepoint region
[2023-11-09T11:16:45.121+0000][878.602s][info ][safepoint     ] Total time for which application threads were stopped: 0.0012203 seconds, Stopping threads took: 0.0005572 seconds
[2023-11-09T11:16:46.122+0000][879.603s][debug][safepoint     ] Safepoint synchronization initiated. (168 threads)
[2023-11-09T11:16:46.123+0000][879.604s][info ][safepoint     ] Application time: 1.0013538 seconds
[2023-11-09T11:16:46.124+0000][879.605s][info ][safepoint     ] Entering safepoint region: Cleanup
[2023-11-09T11:16:46.125+0000][879.606s][info ][safepoint     ] Leaving safepoint region
[2023-11-09T11:16:46.126+0000][879.607s][info ][safepoint     ] Total time for which application threads were stopped: 0.0019020 seconds, Stopping threads took: 0.0008828 seconds
[2023-11-09T11:16:47.127+0000][880.608s][debug][safepoint     ] Safepoint synchronization initiated. (168 threads)
[2023-11-09T11:16:47.128+0000][880.609s][info ][safepoint     ] Application time: 1.0014690 seconds
[2023-11-09T11:16:47.129+0000][880.610s][info ][safepoint     ] Entering safepoint region: Cleanup
[2023-11-09T11:16:47.130+0000][880.611s][info ][safepoint     ] Leaving safepoint region
[2023-11-09T11:16:47.131+0000][880.612s][info ][safepoint     ] Total time for which application threads were stopped: 0.0019598 seconds, Stopping threads took: 0.0007615 seconds
[2023-11-09T11:16:48.132+0000][881.613s][debug][safepoint     ] Safepoint synchronization initiated. (168 threads)
[2023-11-09T11:16:48.133+0000][881.613s][info ][safepoint     ] Application time: 1.0011111 seconds
[2023-11-09T11:16:48.134+0000][881.614s][info ][safepoint     ] Entering safepoint region: Cleanup
[2023-11-09T11:16:48.135+0000][881.615s][info ][safepoint     ] Leaving safepoint region
[2023-11-09T11:16:48.136+0000][881.616s][info ][safepoint     ] Total time for which application threads were stopped: 0.0020108 seconds, Stopping threads took: 0.0008584 seconds
[2023-11-09T11:16:49.137+0000][882.617s][debug][safepoint     ] Safepoint synchronization initiated. (168 threads)
[2023-11-09T11:16:49.138+0000][882.619s][info ][safepoint     ] Application time: 1.0018040 seconds
[2023-11-09T11:16:49.140+0000][882.620s][info ][safepoint     ] Entering safepoint region: Cleanup
[2023-11-09T11:16:49.141+0000][882.621s][info ][safepoint     ] Leaving safepoint region
[2023-11-09T11:16:49.141+0000][882.622s][info ][safepoint     ] Total time for which application threads were stopped: 0.0019737 seconds, Stopping threads took: 0.0008788 seconds
[2023-11-09T11:16:50.142+0000][883.623s][debug][safepoint     ] Safepoint synchronization initiated. (168 threads)
[2023-11-09T11:16:50.143+0000][883.624s][info ][safepoint     ] Application time: 1.0009452 seconds
[2023-11-09T11:16:50.144+0000][883.625s][info ][safepoint     ] Entering safepoint region: Cleanup
[2023-11-09T11:16:50.145+0000][883.625s][info ][safepoint     ] Leaving safepoint region
[2023-11-09T11:16:50.145+0000][883.626s][info ][safepoint     ] Total time for which application threads were stopped: 0.0013943 seconds, Stopping threads took: 0.0006344 seconds
[2023-11-09T11:16:51.146+0000][884.627s][debug][safepoint     ] Safepoint synchronization initiated. (168 threads)
[2023-11-09T11:16:51.147+0000][884.627s][info ][safepoint     ] Application time: 1.0008904 seconds
[2023-11-09T11:16:51.147+0000][884.628s][info ][safepoint     ] Entering safepoint region: Cleanup
[2023-11-09T11:16:51.148+0000][884.629s][info ][safepoint     ] Leaving safepoint region
[2023-11-09T11:16:51.148+0000][884.629s][info ][safepoint     ] Total time for which application threads were stopped: 0.0012959 seconds, Stopping threads took: 0.0005719 seconds
[2023-11-09T11:16:52.149+0000][885.630s][debug][safepoint     ] Safepoint synchronization initiated. (168 threads)
[2023-11-09T11:16:52.151+0000][885.631s][info ][safepoint     ] Application time: 1.0017201 seconds
[2023-11-09T11:16:52.152+0000][885.632s][info ][safepoint     ] Entering safepoint region: Cleanup
[2023-11-09T11:16:52.153+0000][885.633s][info ][safepoint     ] Leaving safepoint region
[2023-11-09T11:16:52.154+0000][885.634s][info ][safepoint     ] Total time for which application threads were stopped: 0.0021285 seconds, Stopping threads took: 0.0008420 seconds
[2023-11-09T11:16:53.154+0000][886.635s][debug][safepoint     ] Safepoint synchronization initiated. (168 threads)
[2023-11-09T11:16:53.155+0000][886.636s][info ][safepoint     ] Application time: 1.0007444 seconds
[2023-11-09T11:16:53.155+0000][886.636s][info ][safepoint     ] Entering safepoint region: Cleanup
[2023-11-09T11:16:53.156+0000][886.637s][info ][safepoint     ] Leaving safepoint region
[2023-11-09T11:16:53.157+0000][886.637s][info ][safepoint     ] Total time for which application threads were stopped: 0.0012843 seconds, Stopping threads took: 0.0005737 seconds
[2023-11-09T11:16:54.157+0000][887.638s][debug][safepoint     ] Safepoint synchronization initiated. (168 threads)
[2023-11-09T11:16:54.158+0000][887.639s][info ][safepoint     ] Application time: 1.0011116 seconds
[2023-11-09T11:16:54.159+0000][887.640s][info ][safepoint     ] Entering safepoint region: Cleanup
[2023-11-09T11:16:54.161+0000][887.641s][info ][safepoint     ] Leaving safepoint region
[2023-11-09T11:16:54.161+0000][887.642s][info ][safepoint     ] Total time for which application threads were stopped: 0.0022398 seconds, Stopping threads took: 0.0009741 seconds
[2023-11-09T11:16:55.162+0000][888.643s][debug][safepoint     ] Safepoint synchronization initiated. (168 threads)
[2023-11-09T11:16:55.163+0000][888.644s][info ][safepoint     ] Application time: 1.0007895 seconds
[2023-11-09T11:16:55.163+0000][888.644s][info ][safepoint     ] Entering safepoint region: Cleanup
[2023-11-09T11:16:55.164+0000][888.645s][info ][safepoint     ] Leaving safepoint region
[2023-11-09T11:16:55.164+0000][888.645s][info ][safepoint     ] Total time for which application threads were stopped: 0.0010025 seconds, Stopping threads took: 0.0004101 seconds
[2023-11-09T11:16:56.165+0000][889.646s][debug][safepoint     ] Safepoint synchronization initiated. (168 threads)
[2023-11-09T11:16:56.166+0000][889.647s][info ][safepoint     ] Application time: 1.0014949 seconds
[2023-11-09T11:16:56.168+0000][889.648s][info ][safepoint     ] Entering safepoint region: Cleanup
[2023-11-09T11:16:56.169+0000][889.650s][info ][safepoint     ] Leaving safepoint region
[2023-11-09T11:16:56.170+0000][889.651s][info ][safepoint     ] Total time for which application threads were stopped: 0.0024215 seconds, Stopping threads took: 0.0011063 seconds
[2023-11-09T11:16:57.171+0000][890.652s][debug][safepoint     ] Safepoint synchronization initiated. (168 threads)
[2023-11-09T11:16:57.172+0000][890.653s][info ][safepoint     ] Application time: 1.0012342 seconds
[2023-11-09T11:16:57.173+0000][890.654s][info ][safepoint     ] Entering safepoint region: Cleanup
[2023-11-09T11:16:57.174+0000][890.655s][info ][safepoint     ] Leaving safepoint region
[2023-11-09T11:16:57.175+0000][890.655s][info ][safepoint     ] Total time for which application threads were stopped: 0.0019152 seconds, Stopping threads took: 0.0007958 seconds
[2023-11-09T11:16:58.176+0000][891.656s][debug][safepoint     ] Safepoint synchronization initiated. (168 threads)
[2023-11-09T11:16:58.177+0000][891.658s][info ][safepoint     ] Application time: 1.0015632 seconds
[2023-11-09T11:16:58.178+0000][891.659s][info ][safepoint     ] Entering safepoint region: Cleanup
[2023-11-09T11:16:58.180+0000][891.660s][info ][safepoint     ] Leaving safepoint region
[2023-11-09T11:16:58.180+0000][891.661s][info ][safepoint     ] Total time for which application threads were stopped: 0.0020728 seconds, Stopping threads took: 0.0009776 seconds
[2023-11-09T11:16:59.181+0000][892.662s][debug][safepoint     ] Safepoint synchronization initiated. (168 threads)
[2023-11-09T11:16:59.182+0000][892.663s][info ][safepoint     ] Application time: 1.0007803 seconds
[2023-11-09T11:16:59.182+0000][892.663s][info ][safepoint     ] Entering safepoint region: Cleanup
[2023-11-09T11:16:59.183+0000][892.664s][info ][safepoint     ] Leaving safepoint region
[2023-11-09T11:16:59.184+0000][892.664s][info ][safepoint     ] Total time for which application threads were stopped: 0.0012210 seconds, Stopping threads took: 0.0005682 seconds
[2023-11-09T11:17:00.184+0000][893.665s][debug][safepoint     ] Safepoint synchronization initiated. (168 threads)
[2023-11-09T11:17:00.185+0000][893.666s][info ][safepoint     ] Application time: 1.0008295 seconds
[2023-11-09T11:17:00.186+0000][893.666s][info ][safepoint     ] Entering safepoint region: Cleanup
[2023-11-09T11:17:00.186+0000][893.667s][info ][safepoint     ] Leaving safepoint region
[2023-11-09T11:17:00.187+0000][893.667s][info ][safepoint     ] Total time for which application threads were stopped: 0.0011121 seconds, Stopping threads took: 0.0004507 seconds
[2023-11-09T11:17:01.187+0000][894.668s][debug][safepoint     ] Safepoint synchronization initiated. (168 threads)
[2023-11-09T11:17:01.188+0000][894.669s][info ][safepoint     ] Application time: 1.0008814 seconds
[2023-11-09T11:17:01.188+0000][894.669s][info ][safepoint     ] Entering safepoint region: Cleanup
[2023-11-09T11:17:01.189+0000][894.670s][info ][safepoint     ] Leaving safepoint region
[2023-11-09T11:17:01.189+0000][894.670s][info ][safepoint     ] Total time for which application threads were stopped: 0.0011145 seconds, Stopping threads took: 0.0004619 seconds
[2023-11-09T11:17:02.190+0000][895.671s][debug][safepoint     ] Safepoint synchronization initiated. (168 threads)
[2023-11-09T11:17:02.191+0000][895.672s][info ][safepoint     ] Application time: 1.0012507 seconds
[2023-11-09T11:17:02.192+0000][895.673s][info ][safepoint     ] Entering safepoint region: Cleanup
[2023-11-09T11:17:02.193+0000][895.674s][info ][safepoint     ] Leaving safepoint region
[2023-11-09T11:17:02.194+0000][895.674s][info ][safepoint     ] Total time for which application threads were stopped: 0.0017537 seconds, Stopping threads took: 0.0007865 seconds
[2023-11-09T11:17:03.195+0000][896.675s][debug][safepoint     ] Safepoint synchronization initiated. (168 threads)
[2023-11-09T11:17:03.196+0000][896.677s][info ][safepoint     ] Application time: 1.0016677 seconds
[2023-11-09T11:17:03.197+0000][896.678s][info ][safepoint     ] Entering safepoint region: Cleanup
[2023-11-09T11:17:03.198+0000][896.679s][info ][safepoint     ] Leaving safepoint region
[2023-11-09T11:17:03.199+0000][896.680s][info ][safepoint     ] Total time for which application threads were stopped: 0.0018403 seconds, Stopping threads took: 0.0007933 seconds
[2023-11-09T11:17:04.200+0000][897.681s][debug][safepoint     ] Safepoint synchronization initiated. (168 threads)
[2023-11-09T11:17:04.201+0000][897.682s][info ][safepoint     ] Application time: 1.0016348 seconds
[2023-11-09T11:17:04.202+0000][897.683s][info ][safepoint     ] Entering safepoint region: Cleanup
[2023-11-09T11:17:04.203+0000][897.684s][info ][safepoint     ] Leaving safepoint region
[2023-11-09T11:17:04.204+0000][897.685s][info ][safepoint     ] Total time for which application threads were stopped: 0.0019916 seconds, Stopping threads took: 0.0008900 seconds
[2023-11-09T11:17:05.205+0000][898.686s][debug][safepoint     ] Safepoint synchronization initiated. (168 threads)
[2023-11-09T11:17:05.207+0000][898.687s][info ][safepoint     ] Application time: 1.0015760 seconds
[2023-11-09T11:17:05.208+0000][898.688s][info ][safepoint     ] Entering safepoint region: Cleanup
[2023-11-09T11:17:05.209+0000][898.690s][info ][safepoint     ] Leaving safepoint region
[2023-11-09T11:17:05.210+0000][898.691s][info ][safepoint     ] Total time for which application threads were stopped: 0.0024241 seconds, Stopping threads took: 0.0010461 seconds
[2023-11-09T11:17:06.211+0000][899.692s][debug][safepoint     ] Safepoint synchronization initiated. (168 threads)
[2023-11-09T11:17:06.212+0000][899.692s][info ][safepoint     ] Application time: 1.0008141 seconds
[2023-11-09T11:17:06.212+0000][899.693s][info ][safepoint     ] Entering safepoint region: Cleanup
[2023-11-09T11:17:06.213+0000][899.693s][info ][safepoint     ] Leaving safepoint region
[2023-11-09T11:17:06.213+0000][899.694s][info ][safepoint     ] Total time for which application threads were stopped: 0.0007821 seconds, Stopping threads took: 0.0003079 seconds
[2023-11-09T11:17:07.214+0000][900.694s][debug][safepoint     ] Safepoint synchronization initiated. (168 threads)
[2023-11-09T11:17:07.215+0000][900.695s][info ][safepoint     ] Application time: 1.0016211 seconds
[2023-11-09T11:17:07.216+0000][900.696s][info ][safepoint     ] Entering safepoint region: Cleanup
[2023-11-09T11:17:07.217+0000][900.698s][info ][safepoint     ] Leaving safepoint region
[2023-11-09T11:17:07.218+0000][900.698s][info ][safepoint     ] Total time for which application threads were stopped: 0.0020798 seconds, Stopping threads took: 0.0008444 seconds
[2023-11-09T11:17:08.219+0000][901.699s][debug][safepoint     ] Safepoint synchronization initiated. (168 threads)
[2023-11-09T11:17:08.219+0000][901.700s][info ][safepoint     ] Application time: 1.0007277 seconds
[2023-11-09T11:17:08.220+0000][901.700s][info ][safepoint     ] Entering safepoint region: Cleanup
[2023-11-09T11:17:08.220+0000][901.701s][info ][safepoint     ] Leaving safepoint region
[2023-11-09T11:17:08.221+0000][901.701s][info ][safepoint     ] Total time for which application threads were stopped: 0.0011213 seconds, Stopping threads took: 0.0005497 seconds
[2023-11-09T11:17:09.221+0000][902.702s][debug][safepoint     ] Safepoint synchronization initiated. (168 threads)
[2023-11-09T11:17:09.222+0000][902.703s][info ][safepoint     ] Application time: 1.0012266 seconds
[2023-11-09T11:17:09.223+0000][902.704s][info ][safepoint     ] Entering safepoint region: Cleanup
[2023-11-09T11:17:09.224+0000][902.705s][info ][safepoint     ] Leaving safepoint region
[2023-11-09T11:17:09.224+0000][902.705s][info ][safepoint     ] Total time for which application threads were stopped: 0.0013383 seconds, Stopping threads took: 0.0006076 seconds
[2023-11-09T11:17:10.225+0000][903.706s][debug][safepoint     ] Safepoint synchronization initiated. (168 threads)
[2023-11-09T11:17:10.226+0000][903.707s][info ][safepoint     ] Application time: 1.0012045 seconds
[2023-11-09T11:17:10.227+0000][903.708s][info ][safepoint     ] Entering safepoint region: Cleanup
[2023-11-09T11:17:10.228+0000][903.709s][info ][safepoint     ] Leaving safepoint region
[2023-11-09T11:17:10.229+0000][903.710s][info ][safepoint     ] Total time for which application threads were stopped: 0.0018987 seconds, Stopping threads took: 0.0008135 seconds
[2023-11-09T11:17:11.230+0000][904.711s][debug][safepoint     ] Safepoint synchronization initiated. (168 threads)
[2023-11-09T11:17:11.231+0000][904.712s][info ][safepoint     ] Application time: 1.0015078 seconds
[2023-11-09T11:17:11.232+0000][904.713s][info ][safepoint     ] Entering safepoint region: Cleanup
[2023-11-09T11:17:11.233+0000][904.714s][info ][safepoint     ] Leaving safepoint region
[2023-11-09T11:17:11.234+0000][904.715s][info ][safepoint     ] Total time for which application threads were stopped: 0.0018021 seconds, Stopping threads took: 0.0008674 seconds
[2023-11-09T11:17:12.235+0000][905.715s][debug][safepoint     ] Safepoint synchronization initiated. (168 threads)
[2023-11-09T11:17:12.235+0000][905.716s][info ][safepoint     ] Application time: 1.0005822 seconds
[2023-11-09T11:17:12.236+0000][905.716s][info ][safepoint     ] Entering safepoint region: Cleanup
[2023-11-09T11:17:12.236+0000][905.717s][info ][safepoint     ] Leaving safepoint region
[2023-11-09T11:17:12.237+0000][905.717s][info ][safepoint     ] Total time for which application threads were stopped: 0.0009903 seconds, Stopping threads took: 0.0004237 seconds
[2023-11-09T11:17:13.237+0000][906.718s][debug][safepoint     ] Safepoint synchronization initiated. (168 threads)
[2023-11-09T11:17:13.238+0000][906.719s][info ][safepoint     ] Application time: 1.0010313 seconds
[2023-11-09T11:17:13.239+0000][906.719s][info ][safepoint     ] Entering safepoint region: Cleanup
[2023-11-09T11:17:13.240+0000][906.720s][info ][safepoint     ] Leaving safepoint region
[2023-11-09T11:17:13.240+0000][906.721s][info ][safepoint     ] Total time for which application threads were stopped: 0.0015136 seconds, Stopping threads took: 0.0006820 seconds
[2023-11-09T11:17:14.241+0000][907.722s][debug][safepoint     ] Safepoint synchronization initiated. (168 threads)
[2023-11-09T11:17:14.242+0000][907.722s][info ][safepoint     ] Application time: 1.0008580 seconds
[2023-11-09T11:17:14.242+0000][907.723s][info ][safepoint     ] Entering safepoint region: Cleanup
[2023-11-09T11:17:14.243+0000][907.724s][info ][safepoint     ] Leaving safepoint region
[2023-11-09T11:17:14.243+0000][907.724s][info ][safepoint     ] Total time for which application threads were stopped: 0.0011710 seconds, Stopping threads took: 0.0005387 seconds
[2023-11-09T11:17:15.244+0000][908.725s][debug][safepoint     ] Safepoint synchronization initiated. (168 threads)
[2023-11-09T11:17:15.244+0000][908.725s][info ][safepoint     ] Application time: 1.0006448 seconds
[2023-11-09T11:17:15.245+0000][908.725s][info ][safepoint     ] Entering safepoint region: Cleanup
[2023-11-09T11:17:15.245+0000][908.726s][info ][safepoint     ] Leaving safepoint region
[2023-11-09T11:17:15.246+0000][908.726s][info ][safepoint     ] Total time for which application threads were stopped: 0.0008157 seconds, Stopping threads took: 0.0003571 seconds
[2023-11-09T11:17:16.246+0000][909.727s][debug][safepoint     ] Safepoint synchronization initiated. (168 threads)
[2023-11-09T11:17:16.248+0000][909.728s][info ][safepoint     ] Application time: 1.0016479 seconds
[2023-11-09T11:17:16.248+0000][909.729s][info ][safepoint     ] Entering safepoint region: Cleanup
[2023-11-09T11:17:16.250+0000][909.730s][info ][safepoint     ] Leaving safepoint region
[2023-11-09T11:17:16.251+0000][909.731s][info ][safepoint     ] Total time for which application threads were stopped: 0.0021195 seconds, Stopping threads took: 0.0009016 seconds
[2023-11-09T11:17:17.252+0000][910.732s][debug][safepoint     ] Safepoint synchronization initiated. (168 threads)
[2023-11-09T11:17:17.252+0000][910.733s][info ][safepoint     ] Application time: 1.0007912 seconds
[2023-11-09T11:17:17.253+0000][910.733s][info ][safepoint     ] Entering safepoint region: Cleanup
[2023-11-09T11:17:17.253+0000][910.734s][info ][safepoint     ] Leaving safepoint region
[2023-11-09T11:17:17.254+0000][910.735s][info ][safepoint     ] Total time for which application threads were stopped: 0.0012853 seconds, Stopping threads took: 0.0005599 seconds
[2023-11-09T11:17:18.255+0000][911.735s][debug][safepoint     ] Safepoint synchronization initiated. (168 threads)
[2023-11-09T11:17:18.256+0000][911.736s][info ][safepoint     ] Application time: 1.0010723 seconds
[2023-11-09T11:17:18.256+0000][911.737s][info ][safepoint     ] Entering safepoint region: Cleanup
[2023-11-09T11:17:18.257+0000][911.738s][info ][safepoint     ] Leaving safepoint region
[2023-11-09T11:17:18.258+0000][911.739s][info ][safepoint     ] Total time for which application threads were stopped: 0.0017492 seconds, Stopping threads took: 0.0008343 seconds
[2023-11-09T11:17:19.259+0000][912.739s][debug][safepoint     ] Safepoint synchronization initiated. (168 threads)
[2023-11-09T11:17:19.259+0000][912.740s][info ][safepoint     ] Application time: 1.0006460 seconds
[2023-11-09T11:17:19.260+0000][912.740s][info ][safepoint     ] Entering safepoint region: Cleanup
[2023-11-09T11:17:19.260+0000][912.741s][info ][safepoint     ] Leaving safepoint region
[2023-11-09T11:17:19.260+0000][912.741s][info ][safepoint     ] Total time for which application threads were stopped: 0.0008813 seconds, Stopping threads took: 0.0003424 seconds
[2023-11-09T11:17:20.261+0000][913.742s][debug][safepoint     ] Safepoint synchronization initiated. (168 threads)
[2023-11-09T11:17:20.261+0000][913.742s][info ][safepoint     ] Application time: 1.0005638 seconds
[2023-11-09T11:17:20.262+0000][913.742s][info ][safepoint     ] Entering safepoint region: Cleanup
[2023-11-09T11:17:20.262+0000][913.743s][info ][safepoint     ] Leaving safepoint region
[2023-11-09T11:17:20.263+0000][913.743s][info ][safepoint     ] Total time for which application threads were stopped: 0.0008341 seconds, Stopping threads took: 0.0003784 seconds
[2023-11-09T11:17:21.263+0000][914.744s][debug][safepoint     ] Safepoint synchronization initiated. (168 threads)
[2023-11-09T11:17:21.264+0000][914.744s][info ][safepoint     ] Application time: 1.0009007 seconds
[2023-11-09T11:17:21.264+0000][914.745s][info ][safepoint     ] Entering safepoint region: Cleanup
[2023-11-09T11:17:21.265+0000][914.746s][info ][safepoint     ] Leaving safepoint region
[2023-11-09T11:17:21.265+0000][914.746s][info ][safepoint     ] Total time for which application threads were stopped: 0.0012300 seconds, Stopping threads took: 0.0004971 seconds
[2023-11-09T11:17:22.266+0000][915.747s][debug][safepoint     ] Safepoint synchronization initiated. (168 threads)
[2023-11-09T11:17:22.267+0000][915.747s][info ][safepoint     ] Application time: 1.0006540 seconds
[2023-11-09T11:17:22.267+0000][915.748s][info ][safepoint     ] Entering safepoint region: Cleanup
[2023-11-09T11:17:22.268+0000][915.748s][info ][safepoint     ] Leaving safepoint region
[2023-11-09T11:17:22.268+0000][915.748s][info ][safepoint     ] Total time for which application threads were stopped: 0.0008766 seconds, Stopping threads took: 0.0004259 seconds
[2023-11-09T11:17:23.268+0000][916.749s][debug][safepoint     ] Safepoint synchronization initiated. (168 threads)
[2023-11-09T11:17:23.269+0000][916.750s][info ][safepoint     ] Application time: 1.0012789 seconds
[2023-11-09T11:17:23.270+0000][916.751s][info ][safepoint     ] Entering safepoint region: Cleanup
[2023-11-09T11:17:23.271+0000][916.752s][info ][safepoint     ] Leaving safepoint region
[2023-11-09T11:17:23.272+0000][916.753s][info ][safepoint     ] Total time for which application threads were stopped: 0.0017931 seconds, Stopping threads took: 0.0008115 seconds
[2023-11-09T11:17:24.273+0000][917.754s][debug][safepoint     ] Safepoint synchronization initiated. (168 threads)
[2023-11-09T11:17:24.274+0000][917.755s][info ][safepoint     ] Application time: 1.0014861 seconds
[2023-11-09T11:17:24.275+0000][917.756s][info ][safepoint     ] Entering safepoint region: Cleanup
[2023-11-09T11:17:24.276+0000][917.757s][info ][safepoint     ] Leaving safepoint region
[2023-11-09T11:17:24.277+0000][917.758s][info ][safepoint     ] Total time for which application threads were stopped: 0.0020132 seconds, Stopping threads took: 0.0009684 seconds
[2023-11-09T11:17:25.278+0000][918.759s][debug][safepoint     ] Safepoint synchronization initiated. (168 threads)
[2023-11-09T11:17:25.279+0000][918.759s][info ][safepoint     ] Application time: 1.0011473 seconds
[2023-11-09T11:17:25.280+0000][918.760s][info ][safepoint     ] Entering safepoint region: Cleanup
[2023-11-09T11:17:25.281+0000][918.761s][info ][safepoint     ] Leaving safepoint region
[2023-11-09T11:17:25.282+0000][918.762s][info ][safepoint     ] Total time for which application threads were stopped: 0.0019208 seconds, Stopping threads took: 0.0008434 seconds
[2023-11-09T11:17:26.283+0000][919.763s][debug][safepoint     ] Safepoint synchronization initiated. (168 threads)
[2023-11-09T11:17:26.283+0000][919.764s][info ][safepoint     ] Application time: 1.0006796 seconds
[2023-11-09T11:17:26.283+0000][919.764s][info ][safepoint     ] Entering safepoint region: Cleanup
[2023-11-09T11:17:26.284+0000][919.765s][info ][safepoint     ] Leaving safepoint region
[2023-11-09T11:17:26.284+0000][919.765s][info ][safepoint     ] Total time for which application threads were stopped: 0.0009058 seconds, Stopping threads took: 0.0003960 seconds
[2023-11-09T11:17:27.285+0000][920.766s][debug][safepoint     ] Safepoint synchronization initiated. (168 threads)
[2023-11-09T11:17:27.286+0000][920.767s][info ][safepoint     ] Application time: 1.0014460 seconds
[2023-11-09T11:17:27.287+0000][920.768s][info ][safepoint     ] Entering safepoint region: Cleanup
[2023-11-09T11:17:27.288+0000][920.769s][info ][safepoint     ] Leaving safepoint region
[2023-11-09T11:17:27.289+0000][920.770s][info ][safepoint     ] Total time for which application threads were stopped: 0.0020873 seconds, Stopping threads took: 0.0009833 seconds
[2023-11-09T11:17:28.290+0000][921.771s][debug][safepoint     ] Safepoint synchronization initiated. (168 threads)
[2023-11-09T11:17:28.298+0000][921.779s][info ][safepoint     ] Application time: 1.0080374 seconds
[2023-11-09T11:17:28.299+0000][921.779s][info ][safepoint     ] Entering safepoint region: Cleanup
[2023-11-09T11:17:28.299+0000][921.780s][info ][safepoint     ] Leaving safepoint region
[2023-11-09T11:17:28.300+0000][921.780s][info ][safepoint     ] Total time for which application threads were stopped: 0.0011953 seconds, Stopping threads took: 0.0005619 seconds
[2023-11-09T11:17:29.300+0000][922.781s][debug][safepoint     ] Safepoint synchronization initiated. (168 threads)
[2023-11-09T11:17:29.301+0000][922.782s][info ][safepoint     ] Application time: 1.0010275 seconds
[2023-11-09T11:17:29.302+0000][922.783s][info ][safepoint     ] Entering safepoint region: Cleanup
[2023-11-09T11:17:29.303+0000][922.784s][info ][safepoint     ] Leaving safepoint region
[2023-11-09T11:17:29.304+0000][922.784s][info ][safepoint     ] Total time for which application threads were stopped: 0.0017916 seconds, Stopping threads took: 0.0008118 seconds
[2023-11-09T11:17:30.305+0000][923.786s][debug][safepoint     ] Safepoint synchronization initiated. (168 threads)
[2023-11-09T11:17:30.306+0000][923.786s][info ][safepoint     ] Application time: 1.0011565 seconds
[2023-11-09T11:17:30.307+0000][923.787s][info ][safepoint     ] Entering safepoint region: Cleanup
[2023-11-09T11:17:30.308+0000][923.788s][info ][safepoint     ] Leaving safepoint region
[2023-11-09T11:17:30.308+0000][923.789s][info ][safepoint     ] Total time for which application threads were stopped: 0.0019595 seconds, Stopping threads took: 0.0009972 seconds
[2023-11-09T11:17:31.309+0000][924.790s][debug][safepoint     ] Safepoint synchronization initiated. (168 threads)
[2023-11-09T11:17:31.310+0000][924.791s][info ][safepoint     ] Application time: 1.0011725 seconds
[2023-11-09T11:17:31.311+0000][924.792s][info ][safepoint     ] Entering safepoint region: Cleanup
[2023-11-09T11:17:31.312+0000][924.793s][info ][safepoint     ] Leaving safepoint region
[2023-11-09T11:17:31.313+0000][924.793s][info ][safepoint     ] Total time for which application threads were stopped: 0.0017020 seconds, Stopping threads took: 0.0007485 seconds
[2023-11-09T11:17:32.314+0000][925.794s][debug][safepoint     ] Safepoint synchronization initiated. (168 threads)
[2023-11-09T11:17:32.314+0000][925.795s][info ][safepoint     ] Application time: 1.0007145 seconds
[2023-11-09T11:17:32.315+0000][925.796s][info ][safepoint     ] Entering safepoint region: Cleanup
[2023-11-09T11:17:32.316+0000][925.796s][info ][safepoint     ] Leaving safepoint region
[2023-11-09T11:17:32.316+0000][925.797s][info ][safepoint     ] Total time for which application threads were stopped: 0.0013673 seconds, Stopping threads took: 0.0006928 seconds
[2023-11-09T11:17:33.317+0000][926.798s][debug][safepoint     ] Safepoint synchronization initiated. (168 threads)
[2023-11-09T11:17:33.318+0000][926.799s][info ][safepoint     ] Application time: 1.0012321 seconds
[2023-11-09T11:17:33.319+0000][926.800s][info ][safepoint     ] Entering safepoint region: Cleanup
[2023-11-09T11:17:33.320+0000][926.800s][info ][safepoint     ] Leaving safepoint region
[2023-11-09T11:17:33.320+0000][926.801s][info ][safepoint     ] Total time for which application threads were stopped: 0.0015023 seconds, Stopping threads took: 0.0005456 seconds
[2023-11-09T11:17:34.321+0000][927.802s][debug][safepoint     ] Safepoint synchronization initiated. (168 threads)
[2023-11-09T11:17:34.322+0000][927.803s][info ][safepoint     ] Application time: 1.0012226 seconds
[2023-11-09T11:17:34.323+0000][927.804s][info ][safepoint     ] Entering safepoint region: Cleanup
[2023-11-09T11:17:34.324+0000][927.804s][info ][safepoint     ] Leaving safepoint region
[2023-11-09T11:17:34.324+0000][927.805s][info ][safepoint     ] Total time for which application threads were stopped: 0.0014767 seconds, Stopping threads took: 0.0006899 seconds
[2023-11-09T11:17:35.325+0000][928.806s][debug][safepoint     ] Safepoint synchronization initiated. (168 threads)
[2023-11-09T11:17:35.326+0000][928.807s][info ][safepoint     ] Application time: 1.0014589 seconds
[2023-11-09T11:17:35.328+0000][928.808s][info ][safepoint     ] Entering safepoint region: Cleanup
[2023-11-09T11:17:35.329+0000][928.809s][info ][safepoint     ] Leaving safepoint region
[2023-11-09T11:17:35.330+0000][928.810s][info ][safepoint     ] Total time for which application threads were stopped: 0.0022976 seconds, Stopping threads took: 0.0009929 seconds
[2023-11-09T11:17:36.331+0000][929.811s][debug][safepoint     ] Safepoint synchronization initiated. (168 threads)
[2023-11-09T11:17:36.331+0000][929.812s][info ][safepoint     ] Application time: 1.0010288 seconds
[2023-11-09T11:17:36.332+0000][929.813s][info ][safepoint     ] Entering safepoint region: Cleanup
[2023-11-09T11:17:36.333+0000][929.814s][info ][safepoint     ] Leaving safepoint region
[2023-11-09T11:17:36.334+0000][929.814s][info ][safepoint     ] Total time for which application threads were stopped: 0.0014355 seconds, Stopping threads took: 0.0005678 seconds
[2023-11-09T11:17:37.334+0000][930.815s][debug][safepoint     ] Safepoint synchronization initiated. (168 threads)
[2023-11-09T11:17:37.335+0000][930.816s][info ][safepoint     ] Application time: 1.0012420 seconds
[2023-11-09T11:17:37.336+0000][930.817s][info ][safepoint     ] Entering safepoint region: Cleanup
[2023-11-09T11:17:37.337+0000][930.818s][info ][safepoint     ] Leaving safepoint region
[2023-11-09T11:17:37.338+0000][930.818s][info ][safepoint     ] Total time for which application threads were stopped: 0.0017953 seconds, Stopping threads took: 0.0007254 seconds
[2023-11-09T11:17:38.339+0000][931.819s][debug][safepoint     ] Safepoint synchronization initiated. (168 threads)
[2023-11-09T11:17:38.340+0000][931.820s][info ][safepoint     ] Application time: 1.0013178 seconds
[2023-11-09T11:17:38.340+0000][931.821s][info ][safepoint     ] Entering safepoint region: Cleanup
[2023-11-09T11:17:38.341+0000][931.822s][info ][safepoint     ] Leaving safepoint region
[2023-11-09T11:17:38.342+0000][931.823s][info ][safepoint     ] Total time for which application threads were stopped: 0.0017336 seconds, Stopping threads took: 0.0007849 seconds
[2023-11-09T11:17:39.343+0000][932.824s][debug][safepoint     ] Safepoint synchronization initiated. (168 threads)
[2023-11-09T11:17:39.344+0000][932.824s][info ][safepoint     ] Application time: 1.0009119 seconds
[2023-11-09T11:17:39.344+0000][932.825s][info ][safepoint     ] Entering safepoint region: Cleanup
[2023-11-09T11:17:39.345+0000][932.825s][info ][safepoint     ] Leaving safepoint region
[2023-11-09T11:17:39.345+0000][932.826s][info ][safepoint     ] Total time for which application threads were stopped: 0.0010881 seconds, Stopping threads took: 0.0004547 seconds
[2023-11-09T11:17:40.346+0000][933.827s][debug][safepoint     ] Safepoint synchronization initiated. (168 threads)
[2023-11-09T11:17:40.347+0000][933.827s][info ][safepoint     ] Application time: 1.0010909 seconds
[2023-11-09T11:17:40.348+0000][933.828s][info ][safepoint     ] Entering safepoint region: Cleanup
[2023-11-09T11:17:40.349+0000][933.829s][info ][safepoint     ] Leaving safepoint region
[2023-11-09T11:17:40.349+0000][933.830s][info ][safepoint     ] Total time for which application threads were stopped: 0.0015822 seconds, Stopping threads took: 0.0007426 seconds
[2023-11-09T11:17:41.350+0000][934.831s][debug][safepoint     ] Safepoint synchronization initiated. (168 threads)
[2023-11-09T11:17:41.351+0000][934.832s][info ][safepoint     ] Application time: 1.0011545 seconds
[2023-11-09T11:17:41.352+0000][934.833s][info ][safepoint     ] Entering safepoint region: Cleanup
[2023-11-09T11:17:41.353+0000][934.834s][info ][safepoint     ] Leaving safepoint region
[2023-11-09T11:17:41.354+0000][934.834s][info ][safepoint     ] Total time for which application threads were stopped: 0.0017955 seconds, Stopping threads took: 0.0008401 seconds
[2023-11-09T11:17:42.355+0000][935.835s][debug][safepoint     ] Safepoint synchronization initiated. (168 threads)
[2023-11-09T11:17:42.355+0000][935.836s][info ][safepoint     ] Application time: 1.0011530 seconds
[2023-11-09T11:17:42.356+0000][935.837s][info ][safepoint     ] Entering safepoint region: Cleanup
[2023-11-09T11:17:42.358+0000][935.838s][info ][safepoint     ] Leaving safepoint region
[2023-11-09T11:17:42.358+0000][935.839s][info ][safepoint     ] Total time for which application threads were stopped: 0.0017799 seconds, Stopping threads took: 0.0009327 seconds
[2023-11-09T11:17:43.359+0000][936.840s][debug][safepoint     ] Safepoint synchronization initiated. (168 threads)
[2023-11-09T11:17:43.360+0000][936.841s][info ][safepoint     ] Application time: 1.0010860 seconds
[2023-11-09T11:17:43.360+0000][936.841s][info ][safepoint     ] Entering safepoint region: Cleanup
[2023-11-09T11:17:43.361+0000][936.842s][info ][safepoint     ] Leaving safepoint region
[2023-11-09T11:17:43.362+0000][936.843s][info ][safepoint     ] Total time for which application threads were stopped: 0.0015527 seconds, Stopping threads took: 0.0007255 seconds
[2023-11-09T11:17:44.363+0000][937.844s][debug][safepoint     ] Safepoint synchronization initiated. (168 threads)
[2023-11-09T11:17:44.364+0000][937.845s][info ][safepoint     ] Application time: 1.0013404 seconds
[2023-11-09T11:17:44.365+0000][937.846s][info ][safepoint     ] Entering safepoint region: Cleanup
[2023-11-09T11:17:44.366+0000][937.847s][info ][safepoint     ] Leaving safepoint region
[2023-11-09T11:17:44.367+0000][937.848s][info ][safepoint     ] Total time for which application threads were stopped: 0.0020906 seconds, Stopping threads took: 0.0009005 seconds
[2023-11-09T11:17:45.368+0000][938.849s][debug][safepoint     ] Safepoint synchronization initiated. (168 threads)
[2023-11-09T11:17:45.369+0000][938.850s][info ][safepoint     ] Application time: 1.0012819 seconds
[2023-11-09T11:17:45.370+0000][938.851s][info ][safepoint     ] Entering safepoint region: Cleanup
[2023-11-09T11:17:45.371+0000][938.852s][info ][safepoint     ] Leaving safepoint region
[2023-11-09T11:17:45.372+0000][938.852s][info ][safepoint     ] Total time for which application threads were stopped: 0.0019719 seconds, Stopping threads took: 0.0009212 seconds
[2023-11-09T11:17:46.373+0000][939.853s][debug][safepoint     ] Safepoint synchronization initiated. (168 threads)
[2023-11-09T11:17:46.374+0000][939.854s][info ][safepoint     ] Application time: 1.0012300 seconds
[2023-11-09T11:17:46.375+0000][939.855s][info ][safepoint     ] Entering safepoint region: Cleanup
[2023-11-09T11:17:46.376+0000][939.856s][info ][safepoint     ] Leaving safepoint region
[2023-11-09T11:17:46.377+0000][939.857s][info ][safepoint     ] Total time for which application threads were stopped: 0.0020101 seconds, Stopping threads took: 0.0008355 seconds
[2023-11-09T11:17:47.378+0000][940.858s][debug][safepoint     ] Safepoint synchronization initiated. (168 threads)
[2023-11-09T11:17:47.379+0000][940.859s][info ][safepoint     ] Application time: 1.0011951 seconds
[2023-11-09T11:17:47.380+0000][940.860s][info ][safepoint     ] Entering safepoint region: Cleanup
[2023-11-09T11:17:47.381+0000][940.861s][info ][safepoint     ] Leaving safepoint region
[2023-11-09T11:17:47.381+0000][940.862s][info ][safepoint     ] Total time for which application threads were stopped: 0.0017898 seconds, Stopping threads took: 0.0007651 seconds
[2023-11-09T11:17:48.382+0000][941.863s][debug][safepoint     ] Safepoint synchronization initiated. (168 threads)
[2023-11-09T11:17:48.383+0000][941.864s][info ][safepoint     ] Application time: 1.0012225 seconds
[2023-11-09T11:17:48.384+0000][941.865s][info ][safepoint     ] Entering safepoint region: Cleanup
[2023-11-09T11:17:48.385+0000][941.866s][info ][safepoint     ] Leaving safepoint region
[2023-11-09T11:17:48.386+0000][941.866s][info ][safepoint     ] Total time for which application threads were stopped: 0.0017752 seconds, Stopping threads took: 0.0008446 seconds
[2023-11-09T11:17:49.387+0000][942.867s][debug][safepoint     ] Safepoint synchronization initiated. (168 threads)
[2023-11-09T11:17:49.388+0000][942.868s][info ][safepoint     ] Application time: 1.0013431 seconds
[2023-11-09T11:17:49.389+0000][942.869s][info ][safepoint     ] Entering safepoint region: Cleanup
[2023-11-09T11:17:49.390+0000][942.870s][info ][safepoint     ] Leaving safepoint region
[2023-11-09T11:17:49.390+0000][942.871s][info ][safepoint     ] Total time for which application threads were stopped: 0.0014438 seconds, Stopping threads took: 0.0007644 seconds
[2023-11-09T11:17:50.391+0000][943.871s][debug][safepoint     ] Safepoint synchronization initiated. (168 threads)
[2023-11-09T11:17:50.392+0000][943.872s][info ][safepoint     ] Application time: 1.0011868 seconds
[2023-11-09T11:17:50.393+0000][943.873s][info ][safepoint     ] Entering safepoint region: Cleanup
[2023-11-09T11:17:50.394+0000][943.874s][info ][safepoint     ] Leaving safepoint region
[2023-11-09T11:17:50.395+0000][943.875s][info ][safepoint     ] Total time for which application threads were stopped: 0.0019374 seconds, Stopping threads took: 0.0008483 seconds
[2023-11-09T11:17:51.396+0000][944.876s][debug][safepoint     ] Safepoint synchronization initiated. (168 threads)
[2023-11-09T11:17:51.397+0000][944.878s][info ][safepoint     ] Application time: 1.0016137 seconds
[2023-11-09T11:17:51.398+0000][944.879s][info ][safepoint     ] Entering safepoint region: Cleanup
[2023-11-09T11:17:51.399+0000][944.880s][info ][safepoint     ] Leaving safepoint region
[2023-11-09T11:17:51.400+0000][944.880s][info ][safepoint     ] Total time for which application threads were stopped: 0.0018109 seconds, Stopping threads took: 0.0007354 seconds
[2023-11-09T11:17:52.401+0000][945.882s][debug][safepoint     ] Safepoint synchronization initiated. (168 threads)
[2023-11-09T11:17:52.402+0000][945.882s][info ][safepoint     ] Application time: 1.0010258 seconds
[2023-11-09T11:17:52.402+0000][945.883s][info ][safepoint     ] Entering safepoint region: Cleanup
[2023-11-09T11:17:52.403+0000][945.883s][info ][safepoint     ] Leaving safepoint region
[2023-11-09T11:17:52.403+0000][945.884s][info ][safepoint     ] Total time for which application threads were stopped: 0.0008840 seconds, Stopping threads took: 0.0003333 seconds
[2023-11-09T11:17:53.404+0000][946.884s][debug][safepoint     ] Safepoint synchronization initiated. (168 threads)
[2023-11-09T11:17:53.405+0000][946.885s][info ][safepoint     ] Application time: 1.0011528 seconds
[2023-11-09T11:17:53.405+0000][946.886s][info ][safepoint     ] Entering safepoint region: Cleanup
[2023-11-09T11:17:53.407+0000][946.887s][info ][safepoint     ] Leaving safepoint region
[2023-11-09T11:17:53.407+0000][946.888s][info ][safepoint     ] Total time for which application threads were stopped: 0.0019526 seconds, Stopping threads took: 0.0008916 seconds
[2023-11-09T11:17:54.408+0000][947.889s][debug][safepoint     ] Safepoint synchronization initiated. (168 threads)
[2023-11-09T11:17:54.409+0000][947.890s][info ][safepoint     ] Application time: 1.0012212 seconds
[2023-11-09T11:17:54.410+0000][947.891s][info ][safepoint     ] Entering safepoint region: Cleanup
[2023-11-09T11:17:54.411+0000][947.892s][info ][safepoint     ] Leaving safepoint region
[2023-11-09T11:17:54.412+0000][947.893s][info ][safepoint     ] Total time for which application threads were stopped: 0.0020840 seconds, Stopping threads took: 0.0009845 seconds
[2023-11-09T11:17:55.413+0000][948.894s][debug][safepoint     ] Safepoint synchronization initiated. (168 threads)
[2023-11-09T11:17:55.414+0000][948.895s][info ][safepoint     ] Application time: 1.0012955 seconds
[2023-11-09T11:17:55.415+0000][948.896s][info ][safepoint     ] Entering safepoint region: Cleanup
[2023-11-09T11:17:55.416+0000][948.897s][info ][safepoint     ] Leaving safepoint region
[2023-11-09T11:17:55.417+0000][948.897s][info ][safepoint     ] Total time for which application threads were stopped: 0.0017454 seconds, Stopping threads took: 0.0007655 seconds
[2023-11-09T11:17:56.418+0000][949.898s][debug][safepoint     ] Safepoint synchronization initiated. (168 threads)
[2023-11-09T11:17:56.419+0000][949.899s][info ][safepoint     ] Application time: 1.0011326 seconds
[2023-11-09T11:17:56.419+0000][949.900s][info ][safepoint     ] Entering safepoint region: Cleanup
[2023-11-09T11:17:56.421+0000][949.901s][info ][safepoint     ] Leaving safepoint region
[2023-11-09T11:17:56.421+0000][949.902s][info ][safepoint     ] Total time for which application threads were stopped: 0.0018226 seconds, Stopping threads took: 0.0007399 seconds
[2023-11-09T11:17:57.422+0000][950.903s][debug][safepoint     ] Safepoint synchronization initiated. (168 threads)
[2023-11-09T11:17:57.423+0000][950.904s][info ][safepoint     ] Application time: 1.0012067 seconds
[2023-11-09T11:17:57.424+0000][950.905s][info ][safepoint     ] Entering safepoint region: Cleanup
[2023-11-09T11:17:57.425+0000][950.906s][info ][safepoint     ] Leaving safepoint region
[2023-11-09T11:17:57.426+0000][950.906s][info ][safepoint     ] Total time for which application threads were stopped: 0.0014508 seconds, Stopping threads took: 0.0006582 seconds
[2023-11-09T11:17:58.426+0000][951.907s][debug][safepoint     ] Safepoint synchronization initiated. (168 threads)
[2023-11-09T11:17:58.428+0000][951.908s][info ][safepoint     ] Application time: 1.0013142 seconds
[2023-11-09T11:17:58.428+0000][951.909s][info ][safepoint     ] Entering safepoint region: Cleanup
[2023-11-09T11:17:58.429+0000][951.909s][info ][safepoint     ] Leaving safepoint region
[2023-11-09T11:17:58.429+0000][951.910s][info ][safepoint     ] Total time for which application threads were stopped: 0.0012690 seconds, Stopping threads took: 0.0004979 seconds
[2023-11-09T11:17:59.430+0000][952.910s][debug][safepoint     ] Safepoint synchronization initiated. (168 threads)
[2023-11-09T11:17:59.430+0000][952.911s][info ][safepoint     ] Application time: 1.0007333 seconds
[2023-11-09T11:17:59.431+0000][952.911s][info ][safepoint     ] Entering safepoint region: Cleanup
[2023-11-09T11:17:59.432+0000][952.912s][info ][safepoint     ] Leaving safepoint region
[2023-11-09T11:17:59.432+0000][952.913s][info ][safepoint     ] Total time for which application threads were stopped: 0.0015084 seconds, Stopping threads took: 0.0004480 seconds
[2023-11-09T11:18:00.433+0000][953.914s][debug][safepoint     ] Safepoint synchronization initiated. (168 threads)
[2023-11-09T11:18:00.433+0000][953.914s][info ][safepoint     ] Application time: 1.0007521 seconds
[2023-11-09T11:18:00.434+0000][953.914s][info ][safepoint     ] Entering safepoint region: Cleanup
[2023-11-09T11:18:00.434+0000][953.915s][info ][safepoint     ] Leaving safepoint region
[2023-11-09T11:18:00.435+0000][953.915s][info ][safepoint     ] Total time for which application threads were stopped: 0.0008368 seconds, Stopping threads took: 0.0003677 seconds
[2023-11-09T11:18:01.435+0000][954.916s][debug][safepoint     ] Safepoint synchronization initiated. (168 threads)
[2023-11-09T11:18:01.436+0000][954.916s][info ][safepoint     ] Application time: 1.0006700 seconds
[2023-11-09T11:18:01.436+0000][954.917s][info ][safepoint     ] Entering safepoint region: Cleanup
[2023-11-09T11:18:01.437+0000][954.917s][info ][safepoint     ] Leaving safepoint region
[2023-11-09T11:18:01.437+0000][954.918s][info ][safepoint     ] Total time for which application threads were stopped: 0.0010563 seconds, Stopping threads took: 0.0004825 seconds
[2023-11-09T11:18:02.438+0000][955.918s][debug][safepoint     ] Safepoint synchronization initiated. (168 threads)
[2023-11-09T11:18:02.438+0000][955.919s][info ][safepoint     ] Application time: 1.0008359 seconds
[2023-11-09T11:18:02.439+0000][955.919s][info ][safepoint     ] Entering safepoint region: Cleanup
[2023-11-09T11:18:02.439+0000][955.920s][info ][safepoint     ] Leaving safepoint region
[2023-11-09T11:18:02.440+0000][955.920s][info ][safepoint     ] Total time for which application threads were stopped: 0.0010937 seconds, Stopping threads took: 0.0005318 seconds
[2023-11-09T11:18:03.440+0000][956.921s][debug][safepoint     ] Safepoint synchronization initiated. (168 threads)
[2023-11-09T11:18:03.441+0000][956.922s][info ][safepoint     ] Application time: 1.0008077 seconds
[2023-11-09T11:18:03.442+0000][956.922s][info ][safepoint     ] Entering safepoint region: Cleanup
[2023-11-09T11:18:03.442+0000][956.923s][info ][safepoint     ] Leaving safepoint region
[2023-11-09T11:18:03.443+0000][956.924s][info ][safepoint     ] Total time for which application threads were stopped: 0.0013022 seconds, Stopping threads took: 0.0006090 seconds
[2023-11-09T11:18:04.444+0000][957.924s][debug][safepoint     ] Safepoint synchronization initiated. (168 threads)
[2023-11-09T11:18:04.444+0000][957.925s][info ][safepoint     ] Application time: 1.0010495 seconds
[2023-11-09T11:18:04.445+0000][957.926s][info ][safepoint     ] Entering safepoint region: Cleanup
[2023-11-09T11:18:04.446+0000][957.927s][info ][safepoint     ] Leaving safepoint region
[2023-11-09T11:18:04.446+0000][957.927s][info ][safepoint     ] Total time for which application threads were stopped: 0.0014958 seconds, Stopping threads took: 0.0006699 seconds
[2023-11-09T11:18:05.447+0000][958.928s][debug][safepoint     ] Safepoint synchronization initiated. (168 threads)
[2023-11-09T11:18:05.448+0000][958.929s][info ][safepoint     ] Application time: 1.0013151 seconds
[2023-11-09T11:18:05.449+0000][958.930s][info ][safepoint     ] Entering safepoint region: Cleanup
[2023-11-09T11:18:05.450+0000][958.931s][info ][safepoint     ] Leaving safepoint region
[2023-11-09T11:18:05.451+0000][958.932s][info ][safepoint     ] Total time for which application threads were stopped: 0.0018254 seconds, Stopping threads took: 0.0007348 seconds
[2023-11-09T11:18:06.452+0000][959.932s][debug][safepoint     ] Safepoint synchronization initiated. (168 threads)
[2023-11-09T11:18:06.453+0000][959.933s][info ][safepoint     ] Application time: 1.0009190 seconds
[2023-11-09T11:18:06.453+0000][959.934s][info ][safepoint     ] Entering safepoint region: Cleanup
[2023-11-09T11:18:06.454+0000][959.934s][info ][safepoint     ] Leaving safepoint region
[2023-11-09T11:18:06.454+0000][959.935s][info ][safepoint     ] Total time for which application threads were stopped: 0.0012611 seconds, Stopping threads took: 0.0005805 seconds
[2023-11-09T11:18:07.455+0000][960.936s][debug][safepoint     ] Safepoint synchronization initiated. (168 threads)
[2023-11-09T11:18:07.456+0000][960.936s][info ][safepoint     ] Application time: 1.0010388 seconds
[2023-11-09T11:18:07.457+0000][960.937s][info ][safepoint     ] Entering safepoint region: Cleanup
[2023-11-09T11:18:07.457+0000][960.938s][info ][safepoint     ] Leaving safepoint region
[2023-11-09T11:18:07.458+0000][960.939s][info ][safepoint     ] Total time for which application threads were stopped: 0.0014584 seconds, Stopping threads took: 0.0006088 seconds
[2023-11-09T11:18:08.459+0000][961.939s][debug][safepoint     ] Safepoint synchronization initiated. (168 threads)
[2023-11-09T11:18:08.459+0000][961.940s][info ][safepoint     ] Application time: 1.0007264 seconds
[2023-11-09T11:18:08.460+0000][961.940s][info ][safepoint     ] Entering safepoint region: Cleanup
[2023-11-09T11:18:08.460+0000][961.941s][info ][safepoint     ] Leaving safepoint region
[2023-11-09T11:18:08.461+0000][961.941s][info ][safepoint     ] Total time for which application threads were stopped: 0.0010143 seconds, Stopping threads took: 0.0004468 seconds
[2023-11-09T11:18:09.461+0000][962.942s][debug][safepoint     ] Safepoint synchronization initiated. (168 threads)
[2023-11-09T11:18:09.462+0000][962.943s][info ][safepoint     ] Application time: 1.0011954 seconds
[2023-11-09T11:18:09.463+0000][962.944s][info ][safepoint     ] Entering safepoint region: Cleanup
[2023-11-09T11:18:09.464+0000][962.945s][info ][safepoint     ] Leaving safepoint region
[2023-11-09T11:18:09.465+0000][962.946s][info ][safepoint     ] Total time for which application threads were stopped: 0.0020014 seconds, Stopping threads took: 0.0008628 seconds
[2023-11-09T11:18:10.466+0000][963.947s][debug][safepoint     ] Safepoint synchronization initiated. (168 threads)
[2023-11-09T11:18:10.467+0000][963.948s][info ][safepoint     ] Application time: 1.0011667 seconds
[2023-11-09T11:18:10.468+0000][963.948s][info ][safepoint     ] Entering safepoint region: Cleanup
[2023-11-09T11:18:10.469+0000][963.949s][info ][safepoint     ] Leaving safepoint region
[2023-11-09T11:18:10.469+0000][963.950s][info ][safepoint     ] Total time for which application threads were stopped: 0.0015384 seconds, Stopping threads took: 0.0006829 seconds
[2023-11-09T11:18:11.470+0000][964.951s][debug][safepoint     ] Safepoint synchronization initiated. (168 threads)
[2023-11-09T11:18:11.471+0000][964.952s][info ][safepoint     ] Application time: 1.0014355 seconds
[2023-11-09T11:18:11.472+0000][964.953s][info ][safepoint     ] Entering safepoint region: Cleanup
[2023-11-09T11:18:11.473+0000][964.954s][info ][safepoint     ] Leaving safepoint region
[2023-11-09T11:18:11.474+0000][964.955s][info ][safepoint     ] Total time for which application threads were stopped: 0.0019812 seconds, Stopping threads took: 0.0009486 seconds
[2023-11-09T11:18:12.475+0000][965.956s][debug][safepoint     ] Safepoint synchronization initiated. (168 threads)
[2023-11-09T11:18:12.476+0000][965.956s][info ][safepoint     ] Application time: 1.0011167 seconds
[2023-11-09T11:18:12.477+0000][965.957s][info ][safepoint     ] Entering safepoint region: Cleanup
[2023-11-09T11:18:12.478+0000][965.958s][info ][safepoint     ] Leaving safepoint region
[2023-11-09T11:18:12.478+0000][965.959s][info ][safepoint     ] Total time for which application threads were stopped: 0.0017489 seconds, Stopping threads took: 0.0007015 seconds
[2023-11-09T11:18:13.479+0000][966.960s][debug][safepoint     ] Safepoint synchronization initiated. (168 threads)
[2023-11-09T11:18:13.480+0000][966.960s][info ][safepoint     ] Application time: 1.0007426 seconds
[2023-11-09T11:18:13.480+0000][966.961s][info ][safepoint     ] Entering safepoint region: Cleanup
[2023-11-09T11:18:13.481+0000][966.961s][info ][safepoint     ] Leaving safepoint region
[2023-11-09T11:18:13.481+0000][966.962s][info ][safepoint     ] Total time for which application threads were stopped: 0.0010197 seconds, Stopping threads took: 0.0004170 seconds
[2023-11-09T11:18:14.482+0000][967.962s][debug][safepoint     ] Safepoint synchronization initiated. (168 threads)
[2023-11-09T11:18:14.483+0000][967.964s][info ][safepoint     ] Application time: 1.0013986 seconds
[2023-11-09T11:18:14.484+0000][967.964s][info ][safepoint     ] Entering safepoint region: Cleanup
[2023-11-09T11:18:14.485+0000][967.965s][info ][safepoint     ] Leaving safepoint region
[2023-11-09T11:18:14.485+0000][967.966s][info ][safepoint     ] Total time for which application threads were stopped: 0.0017192 seconds, Stopping threads took: 0.0008124 seconds
[2023-11-09T11:18:15.486+0000][968.967s][debug][safepoint     ] Safepoint synchronization initiated. (168 threads)
[2023-11-09T11:18:15.487+0000][968.968s][info ][safepoint     ] Application time: 1.0011924 seconds
[2023-11-09T11:18:15.488+0000][968.969s][info ][safepoint     ] Entering safepoint region: Cleanup
[2023-11-09T11:18:15.489+0000][968.969s][info ][safepoint     ] Leaving safepoint region
[2023-11-09T11:18:15.489+0000][968.970s][info ][safepoint     ] Total time for which application threads were stopped: 0.0014340 seconds, Stopping threads took: 0.0005847 seconds
[2023-11-09T11:18:16.490+0000][969.971s][debug][safepoint     ] Safepoint synchronization initiated. (168 threads)
[2023-11-09T11:18:16.491+0000][969.972s][info ][safepoint     ] Application time: 1.0012326 seconds
[2023-11-09T11:18:16.492+0000][969.972s][info ][safepoint     ] Entering safepoint region: Cleanup
[2023-11-09T11:18:16.493+0000][969.974s][info ][safepoint     ] Leaving safepoint region
[2023-11-09T11:18:16.494+0000][969.974s][info ][safepoint     ] Total time for which application threads were stopped: 0.0019018 seconds, Stopping threads took: 0.0008237 seconds
[2023-11-09T11:18:17.494+0000][970.975s][debug][safepoint     ] Safepoint synchronization initiated. (168 threads)
[2023-11-09T11:18:17.495+0000][970.976s][info ][safepoint     ] Application time: 1.0010059 seconds
[2023-11-09T11:18:17.496+0000][970.977s][info ][safepoint     ] Entering safepoint region: Cleanup
[2023-11-09T11:18:17.497+0000][970.978s][info ][safepoint     ] Leaving safepoint region
[2023-11-09T11:18:17.497+0000][970.978s][info ][safepoint     ] Total time for which application threads were stopped: 0.0015823 seconds, Stopping threads took: 0.0007231 seconds
[2023-11-09T11:18:18.498+0000][971.979s][debug][safepoint     ] Safepoint synchronization initiated. (168 threads)
[2023-11-09T11:18:18.499+0000][971.979s][info ][safepoint     ] Application time: 1.0005980 seconds
[2023-11-09T11:18:18.499+0000][971.980s][info ][safepoint     ] Entering safepoint region: Cleanup
[2023-11-09T11:18:18.500+0000][971.980s][info ][safepoint     ] Leaving safepoint region
[2023-11-09T11:18:18.500+0000][971.981s][info ][safepoint     ] Total time for which application threads were stopped: 0.0008608 seconds, Stopping threads took: 0.0003701 seconds
[2023-11-09T11:18:19.500+0000][972.981s][debug][safepoint     ] Safepoint synchronization initiated. (168 threads)
[2023-11-09T11:18:19.501+0000][972.982s][info ][safepoint     ] Application time: 1.0007230 seconds
[2023-11-09T11:18:19.501+0000][972.982s][info ][safepoint     ] Entering safepoint region: Cleanup
[2023-11-09T11:18:19.502+0000][972.983s][info ][safepoint     ] Leaving safepoint region
[2023-11-09T11:18:19.502+0000][972.983s][info ][safepoint     ] Total time for which application threads were stopped: 0.0009593 seconds, Stopping threads took: 0.0004021 seconds
[2023-11-09T11:18:20.503+0000][973.984s][debug][safepoint     ] Safepoint synchronization initiated. (168 threads)
[2023-11-09T11:18:20.504+0000][973.984s][info ][safepoint     ] Application time: 1.0010509 seconds
[2023-11-09T11:18:20.504+0000][973.985s][info ][safepoint     ] Entering safepoint region: Cleanup
[2023-11-09T11:18:20.506+0000][973.986s][info ][safepoint     ] Leaving safepoint region
[2023-11-09T11:18:20.506+0000][973.987s][info ][safepoint     ] Total time for which application threads were stopped: 0.0020208 seconds, Stopping threads took: 0.0008850 seconds
[2023-11-09T11:18:21.507+0000][974.988s][debug][safepoint     ] Safepoint synchronization initiated. (168 threads)
[2023-11-09T11:18:21.508+0000][974.989s][info ][safepoint     ] Application time: 1.0009586 seconds
[2023-11-09T11:18:21.509+0000][974.990s][info ][safepoint     ] Entering safepoint region: Cleanup
[2023-11-09T11:18:21.510+0000][974.991s][info ][safepoint     ] Leaving safepoint region
[2023-11-09T11:18:21.511+0000][974.991s][info ][safepoint     ] Total time for which application threads were stopped: 0.0015845 seconds, Stopping threads took: 0.0007720 seconds
[2023-11-09T11:18:22.511+0000][975.992s][debug][safepoint     ] Safepoint synchronization initiated. (168 threads)
[2023-11-09T11:18:22.512+0000][975.993s][info ][safepoint     ] Application time: 1.0011493 seconds
[2023-11-09T11:18:22.513+0000][975.994s][info ][safepoint     ] Entering safepoint region: Cleanup
[2023-11-09T11:18:22.514+0000][975.995s][info ][safepoint     ] Leaving safepoint region
[2023-11-09T11:18:22.515+0000][975.996s][info ][safepoint     ] Total time for which application threads were stopped: 0.0017971 seconds, Stopping threads took: 0.0007593 seconds
[2023-11-09T11:18:23.516+0000][976.997s][debug][safepoint     ] Safepoint synchronization initiated. (168 threads)
[2023-11-09T11:18:23.517+0000][976.998s][info ][safepoint     ] Application time: 1.0012635 seconds
[2023-11-09T11:18:23.518+0000][976.999s][info ][safepoint     ] Entering safepoint region: Cleanup
[2023-11-09T11:18:23.519+0000][977.000s][info ][safepoint     ] Leaving safepoint region
[2023-11-09T11:18:23.520+0000][977.000s][info ][safepoint     ] Total time for which application threads were stopped: 0.0015728 seconds, Stopping threads took: 0.0007795 seconds
[2023-11-09T11:18:24.520+0000][978.001s][debug][safepoint     ] Safepoint synchronization initiated. (168 threads)
[2023-11-09T11:18:24.521+0000][978.002s][info ][safepoint     ] Application time: 1.0012206 seconds
[2023-11-09T11:18:24.522+0000][978.003s][info ][safepoint     ] Entering safepoint region: Cleanup
[2023-11-09T11:18:24.523+0000][978.004s][info ][safepoint     ] Leaving safepoint region
[2023-11-09T11:18:24.524+0000][978.004s][info ][safepoint     ] Total time for which application threads were stopped: 0.0016046 seconds, Stopping threads took: 0.0006472 seconds
[2023-11-09T11:18:25.525+0000][979.005s][debug][safepoint     ] Safepoint synchronization initiated. (168 threads)
[2023-11-09T11:18:25.525+0000][979.006s][info ][safepoint     ] Application time: 1.0009610 seconds
[2023-11-09T11:18:25.526+0000][979.007s][info ][safepoint     ] Entering safepoint region: Cleanup
[2023-11-09T11:18:25.527+0000][979.008s][info ][safepoint     ] Leaving safepoint region
[2023-11-09T11:18:25.528+0000][979.008s][info ][safepoint     ] Total time for which application threads were stopped: 0.0014975 seconds, Stopping threads took: 0.0007278 seconds
[2023-11-09T11:18:26.528+0000][980.009s][debug][safepoint     ] Safepoint synchronization initiated. (168 threads)
[2023-11-09T11:18:26.529+0000][980.009s][info ][safepoint     ] Application time: 1.0006029 seconds
[2023-11-09T11:18:26.529+0000][980.010s][info ][safepoint     ] Entering safepoint region: Cleanup
[2023-11-09T11:18:26.530+0000][980.011s][info ][safepoint     ] Leaving safepoint region
[2023-11-09T11:18:26.530+0000][980.011s][info ][safepoint     ] Total time for which application threads were stopped: 0.0009056 seconds, Stopping threads took: 0.0004980 seconds
[2023-11-09T11:18:27.531+0000][981.011s][debug][safepoint     ] Safepoint synchronization initiated. (168 threads)
[2023-11-09T11:18:27.531+0000][981.012s][info ][safepoint     ] Application time: 1.0008900 seconds
[2023-11-09T11:18:27.532+0000][981.013s][info ][safepoint     ] Entering safepoint region: Cleanup
[2023-11-09T11:18:27.532+0000][981.013s][info ][safepoint     ] Leaving safepoint region
[2023-11-09T11:18:27.533+0000][981.014s][info ][safepoint     ] Total time for which application threads were stopped: 0.0011364 seconds, Stopping threads took: 0.0005161 seconds
[2023-11-09T11:18:28.533+0000][982.014s][debug][safepoint     ] Safepoint synchronization initiated. (168 threads)
[2023-11-09T11:18:28.534+0000][982.015s][info ][safepoint     ] Application time: 1.0006714 seconds
[2023-11-09T11:18:28.535+0000][982.015s][info ][safepoint     ] Entering safepoint region: Cleanup
[2023-11-09T11:18:28.535+0000][982.016s][info ][safepoint     ] Leaving safepoint region
[2023-11-09T11:18:28.536+0000][982.017s][info ][safepoint     ] Total time for which application threads were stopped: 0.0012624 seconds, Stopping threads took: 0.0004928 seconds
[2023-11-09T11:18:29.536+0000][983.017s][debug][safepoint     ] Safepoint synchronization initiated. (168 threads)
[2023-11-09T11:18:29.538+0000][983.018s][info ][safepoint     ] Application time: 1.0013335 seconds
[2023-11-09T11:18:29.538+0000][983.019s][info ][safepoint     ] Entering safepoint region: Cleanup
[2023-11-09T11:18:29.539+0000][983.020s][info ][safepoint     ] Leaving safepoint region
[2023-11-09T11:18:29.540+0000][983.021s][info ][safepoint     ] Total time for which application threads were stopped: 0.0019324 seconds, Stopping threads took: 0.0008554 seconds
[2023-11-09T11:18:30.541+0000][984.022s][debug][safepoint     ] Safepoint synchronization initiated. (168 threads)
[2023-11-09T11:18:30.542+0000][984.023s][info ][safepoint     ] Application time: 1.0009669 seconds
[2023-11-09T11:18:30.543+0000][984.023s][info ][safepoint     ] Entering safepoint region: Cleanup
[2023-11-09T11:18:30.543+0000][984.024s][info ][safepoint     ] Leaving safepoint region
[2023-11-09T11:18:30.544+0000][984.025s][info ][safepoint     ] Total time for which application threads were stopped: 0.0013650 seconds, Stopping threads took: 0.0005797 seconds
[2023-11-09T11:18:31.544+0000][985.025s][debug][safepoint     ] Safepoint synchronization initiated. (168 threads)
[2023-11-09T11:18:31.545+0000][985.026s][info ][safepoint     ] Application time: 1.0005831 seconds
[2023-11-09T11:18:31.545+0000][985.026s][info ][safepoint     ] Entering safepoint region: Cleanup
[2023-11-09T11:18:31.546+0000][985.026s][info ][safepoint     ] Leaving safepoint region
[2023-11-09T11:18:31.546+0000][985.027s][info ][safepoint     ] Total time for which application threads were stopped: 0.0007297 seconds, Stopping threads took: 0.0002950 seconds
[2023-11-09T11:18:32.546+0000][986.027s][debug][safepoint     ] Safepoint synchronization initiated. (168 threads)
[2023-11-09T11:18:32.547+0000][986.028s][info ][safepoint     ] Application time: 1.0012095 seconds
[2023-11-09T11:18:32.548+0000][986.029s][info ][safepoint     ] Entering safepoint region: Cleanup
[2023-11-09T11:18:32.549+0000][986.030s][info ][safepoint     ] Leaving safepoint region
[2023-11-09T11:18:32.550+0000][986.031s][info ][safepoint     ] Total time for which application threads were stopped: 0.0018221 seconds, Stopping threads took: 0.0008829 seconds
[2023-11-09T11:18:33.551+0000][987.031s][debug][safepoint     ] Safepoint synchronization initiated. (168 threads)
[2023-11-09T11:18:33.552+0000][987.032s][info ][safepoint     ] Application time: 1.0009862 seconds
[2023-11-09T11:18:33.552+0000][987.033s][info ][safepoint     ] Entering safepoint region: Cleanup
[2023-11-09T11:18:33.553+0000][987.034s][info ][safepoint     ] Leaving safepoint region
[2023-11-09T11:18:33.554+0000][987.034s][info ][safepoint     ] Total time for which application threads were stopped: 0.0014014 seconds, Stopping threads took: 0.0006176 seconds
[2023-11-09T11:18:34.554+0000][988.035s][debug][safepoint     ] Safepoint synchronization initiated. (168 threads)
[2023-11-09T11:18:34.555+0000][988.036s][info ][safepoint     ] Application time: 1.0007994 seconds
[2023-11-09T11:18:34.555+0000][988.036s][info ][safepoint     ] Entering safepoint region: Cleanup
[2023-11-09T11:18:34.556+0000][988.037s][info ][safepoint     ] Leaving safepoint region
[2023-11-09T11:18:34.557+0000][988.037s][info ][safepoint     ] Total time for which application threads were stopped: 0.0013181 seconds, Stopping threads took: 0.0005614 seconds
[2023-11-09T11:18:35.557+0000][989.038s][debug][safepoint     ] Safepoint synchronization initiated. (168 threads)
[2023-11-09T11:18:35.558+0000][989.039s][info ][safepoint     ] Application time: 1.0013359 seconds
[2023-11-09T11:18:35.559+0000][989.040s][info ][safepoint     ] Entering safepoint region: Cleanup
[2023-11-09T11:18:35.561+0000][989.042s][info ][safepoint     ] Leaving safepoint region
[2023-11-09T11:18:35.562+0000][989.043s][info ][safepoint     ] Total time for which application threads were stopped: 0.0028867 seconds, Stopping threads took: 0.0011406 seconds
[2023-11-09T11:18:36.563+0000][990.044s][debug][safepoint     ] Safepoint synchronization initiated. (168 threads)
[2023-11-09T11:18:36.564+0000][990.045s][info ][safepoint     ] Application time: 1.0011030 seconds
[2023-11-09T11:18:36.565+0000][990.045s][info ][safepoint     ] Entering safepoint region: Cleanup
[2023-11-09T11:18:36.565+0000][990.046s][info ][safepoint     ] Leaving safepoint region
[2023-11-09T11:18:36.566+0000][990.046s][info ][safepoint     ] Total time for which application threads were stopped: 0.0012390 seconds, Stopping threads took: 0.0006177 seconds
[2023-11-09T11:18:37.566+0000][991.047s][debug][safepoint     ] Safepoint synchronization initiated. (168 threads)
[2023-11-09T11:18:37.568+0000][991.048s][info ][safepoint     ] Application time: 1.0015119 seconds
[2023-11-09T11:18:37.569+0000][991.049s][info ][safepoint     ] Entering safepoint region: Cleanup
[2023-11-09T11:18:37.570+0000][991.050s][info ][safepoint     ] Leaving safepoint region
[2023-11-09T11:18:37.570+0000][991.051s][info ][safepoint     ] Total time for which application threads were stopped: 0.0016671 seconds, Stopping threads took: 0.0007003 seconds
[2023-11-09T11:18:38.571+0000][992.052s][debug][safepoint     ] Safepoint synchronization initiated. (168 threads)
[2023-11-09T11:18:38.572+0000][992.052s][info ][safepoint     ] Application time: 1.0006363 seconds
[2023-11-09T11:18:38.572+0000][992.053s][info ][safepoint     ] Entering safepoint region: Cleanup
[2023-11-09T11:18:38.573+0000][992.054s][info ][safepoint     ] Leaving safepoint region
[2023-11-09T11:18:38.573+0000][992.054s][info ][safepoint     ] Total time for which application threads were stopped: 0.0010419 seconds, Stopping threads took: 0.0005007 seconds
[2023-11-09T11:18:39.574+0000][993.055s][debug][safepoint     ] Safepoint synchronization initiated. (168 threads)
[2023-11-09T11:18:39.575+0000][993.056s][info ][safepoint     ] Application time: 1.0015806 seconds
[2023-11-09T11:18:39.576+0000][993.057s][info ][safepoint     ] Entering safepoint region: Cleanup
[2023-11-09T11:18:39.578+0000][993.059s][info ][safepoint     ] Leaving safepoint region
[2023-11-09T11:18:39.578+0000][993.059s][info ][safepoint     ] Total time for which application threads were stopped: 0.0024589 seconds, Stopping threads took: 0.0012117 seconds
[2023-11-09T11:18:40.580+0000][994.061s][debug][safepoint     ] Safepoint synchronization initiated. (168 threads)
[2023-11-09T11:18:40.581+0000][994.062s][info ][safepoint     ] Application time: 1.0014025 seconds
[2023-11-09T11:18:40.582+0000][994.063s][info ][safepoint     ] Entering safepoint region: Cleanup
[2023-11-09T11:18:40.583+0000][994.064s][info ][safepoint     ] Leaving safepoint region
[2023-11-09T11:18:40.584+0000][994.065s][info ][safepoint     ] Total time for which application threads were stopped: 0.0022551 seconds, Stopping threads took: 0.0008903 seconds
[2023-11-09T11:18:41.585+0000][995.066s][debug][safepoint     ] Safepoint synchronization initiated. (168 threads)
[2023-11-09T11:18:41.586+0000][995.066s][info ][safepoint     ] Application time: 1.0007238 seconds
[2023-11-09T11:18:41.586+0000][995.067s][info ][safepoint     ] Entering safepoint region: Cleanup
[2023-11-09T11:18:41.587+0000][995.068s][info ][safepoint     ] Leaving safepoint region
[2023-11-09T11:18:41.587+0000][995.068s][info ][safepoint     ] Total time for which application threads were stopped: 0.0013267 seconds, Stopping threads took: 0.0005119 seconds
[2023-11-09T11:18:42.588+0000][996.069s][debug][safepoint     ] Safepoint synchronization initiated. (168 threads)
[2023-11-09T11:18:42.589+0000][996.070s][info ][safepoint     ] Application time: 1.0009767 seconds
[2023-11-09T11:18:42.589+0000][996.070s][info ][safepoint     ] Entering safepoint region: Cleanup
[2023-11-09T11:18:42.590+0000][996.071s][info ][safepoint     ] Leaving safepoint region
[2023-11-09T11:18:42.591+0000][996.072s][info ][safepoint     ] Total time for which application threads were stopped: 0.0014807 seconds, Stopping threads took: 0.0005475 seconds
[2023-11-09T11:18:43.591+0000][997.072s][debug][safepoint     ] Safepoint synchronization initiated. (168 threads)
[2023-11-09T11:18:43.592+0000][997.073s][info ][safepoint     ] Application time: 1.0010723 seconds
[2023-11-09T11:18:43.593+0000][997.074s][debug][safepoint     ] ... found polling page return exception at pc = 0x00007fb4f0b14274, stub =0x00007fb4e8840600
[2023-11-09T11:18:43.593+0000][997.074s][debug][safepoint     ] ... found polling page return exception at pc = 0x00007fb4f0350a1d, stub =0x00007fb4e8840600
[2023-11-09T11:18:43.595+0000][997.076s][debug][safepoint     ] Waiting for 2 thread(s) to block
[2023-11-09T11:18:43.595+0000][997.076s][info ][safepoint     ] Entering safepoint region: Cleanup
[2023-11-09T11:18:43.596+0000][997.077s][info ][safepoint     ] Leaving safepoint region
[2023-11-09T11:18:43.597+0000][997.078s][info ][safepoint     ] Total time for which application threads were stopped: 0.0035895 seconds, Stopping threads took: 0.0028858 seconds
[2023-11-09T11:18:44.597+0000][998.078s][debug][safepoint     ] Safepoint synchronization initiated. (168 threads)
[2023-11-09T11:18:44.598+0000][998.079s][info ][safepoint     ] Application time: 1.0012848 seconds
[2023-11-09T11:18:44.599+0000][998.080s][info ][safepoint     ] Entering safepoint region: Cleanup
[2023-11-09T11:18:44.600+0000][998.081s][info ][safepoint     ] Leaving safepoint region
[2023-11-09T11:18:44.601+0000][998.082s][info ][safepoint     ] Total time for which application threads were stopped: 0.0017300 seconds, Stopping threads took: 0.0007226 seconds
[2023-11-09T11:18:45.602+0000][999.083s][debug][safepoint     ] Safepoint synchronization initiated. (168 threads)
[2023-11-09T11:18:45.603+0000][999.084s][info ][safepoint     ] Application time: 1.0012988 seconds
[2023-11-09T11:18:45.604+0000][999.085s][info ][safepoint     ] Entering safepoint region: Cleanup
[2023-11-09T11:18:45.605+0000][999.086s][info ][safepoint     ] Leaving safepoint region
[2023-11-09T11:18:45.606+0000][999.087s][info ][safepoint     ] Total time for which application threads were stopped: 0.0018027 seconds, Stopping threads took: 0.0008755 seconds
[2023-11-09T11:18:46.607+0000][1000.088s][debug][safepoint     ] Safepoint synchronization initiated. (168 threads)
[2023-11-09T11:18:46.607+0000][1000.088s][info ][safepoint     ] Application time: 1.0011753 seconds
[2023-11-09T11:18:46.608+0000][1000.089s][info ][safepoint     ] Entering safepoint region: Cleanup
[2023-11-09T11:18:46.609+0000][1000.090s][info ][safepoint     ] Leaving safepoint region
[2023-11-09T11:18:46.610+0000][1000.091s][info ][safepoint     ] Total time for which application threads were stopped: 0.0015712 seconds, Stopping threads took: 0.0006763 seconds
[2023-11-09T11:18:47.611+0000][1001.091s][debug][safepoint     ] Safepoint synchronization initiated. (168 threads)
[2023-11-09T11:18:47.611+0000][1001.092s][info ][safepoint     ] Application time: 1.0010031 seconds
[2023-11-09T11:18:47.612+0000][1001.093s][info ][safepoint     ] Entering safepoint region: Cleanup
[2023-11-09T11:18:47.613+0000][1001.094s][info ][safepoint     ] Leaving safepoint region
[2023-11-09T11:18:47.613+0000][1001.094s][info ][safepoint     ] Total time for which application threads were stopped: 0.0013198 seconds, Stopping threads took: 0.0005347 seconds
[2023-11-09T11:18:48.614+0000][1002.095s][debug][safepoint     ] Safepoint synchronization initiated. (168 threads)
[2023-11-09T11:18:48.614+0000][1002.095s][info ][safepoint     ] Application time: 1.0006071 seconds
[2023-11-09T11:18:48.615+0000][1002.096s][info ][safepoint     ] Entering safepoint region: Cleanup
[2023-11-09T11:18:48.615+0000][1002.096s][info ][safepoint     ] Leaving safepoint region
[2023-11-09T11:18:48.616+0000][1002.097s][info ][safepoint     ] Total time for which application threads were stopped: 0.0009824 seconds, Stopping threads took: 0.0004387 seconds
[2023-11-09T11:18:49.616+0000][1003.097s][debug][safepoint     ] Safepoint synchronization initiated. (168 threads)
[2023-11-09T11:18:49.617+0000][1003.098s][info ][safepoint     ] Application time: 1.0008147 seconds
[2023-11-09T11:18:49.618+0000][1003.098s][info ][safepoint     ] Entering safepoint region: Cleanup
[2023-11-09T11:18:49.618+0000][1003.099s][info ][safepoint     ] Leaving safepoint region
[2023-11-09T11:18:49.619+0000][1003.099s][info ][safepoint     ] Total time for which application threads were stopped: 0.0010192 seconds, Stopping threads took: 0.0004608 seconds
[2023-11-09T11:18:50.619+0000][1004.100s][debug][safepoint     ] Safepoint synchronization initiated. (168 threads)
[2023-11-09T11:18:50.620+0000][1004.101s][info ][safepoint     ] Application time: 1.0011157 seconds
[2023-11-09T11:18:50.621+0000][1004.102s][info ][safepoint     ] Entering safepoint region: Cleanup
[2023-11-09T11:18:50.622+0000][1004.103s][info ][safepoint     ] Leaving safepoint region
[2023-11-09T11:18:50.623+0000][1004.104s][info ][safepoint     ] Total time for which application threads were stopped: 0.0018382 seconds, Stopping threads took: 0.0009077 seconds
[2023-11-09T11:18:51.624+0000][1005.105s][debug][safepoint     ] Safepoint synchronization initiated. (168 threads)
[2023-11-09T11:18:51.625+0000][1005.106s][info ][safepoint     ] Application time: 1.0012286 seconds
[2023-11-09T11:18:51.626+0000][1005.107s][info ][safepoint     ] Entering safepoint region: Cleanup
[2023-11-09T11:18:51.627+0000][1005.108s][info ][safepoint     ] Leaving safepoint region
[2023-11-09T11:18:51.628+0000][1005.109s][info ][safepoint     ] Total time for which application threads were stopped: 0.0021814 seconds, Stopping threads took: 0.0009659 seconds
[2023-11-09T11:18:52.629+0000][1006.110s][debug][safepoint     ] Safepoint synchronization initiated. (168 threads)
[2023-11-09T11:18:52.630+0000][1006.111s][info ][safepoint     ] Application time: 1.0011421 seconds
[2023-11-09T11:18:52.631+0000][1006.112s][info ][safepoint     ] Entering safepoint region: Cleanup
[2023-11-09T11:18:52.632+0000][1006.113s][info ][safepoint     ] Leaving safepoint region
[2023-11-09T11:18:52.632+0000][1006.113s][info ][safepoint     ] Total time for which application threads were stopped: 0.0018159 seconds, Stopping threads took: 0.0008474 seconds
[2023-11-09T11:18:53.634+0000][1007.115s][debug][safepoint     ] Safepoint synchronization initiated. (168 threads)
[2023-11-09T11:18:53.634+0000][1007.115s][info ][safepoint     ] Application time: 1.0012217 seconds
[2023-11-09T11:18:53.635+0000][1007.116s][info ][safepoint     ] Entering safepoint region: Cleanup
[2023-11-09T11:18:53.636+0000][1007.117s][info ][safepoint     ] Leaving safepoint region
[2023-11-09T11:18:53.637+0000][1007.118s][info ][safepoint     ] Total time for which application threads were stopped: 0.0014868 seconds, Stopping threads took: 0.0006940 seconds
[2023-11-09T11:18:54.637+0000][1008.118s][debug][safepoint     ] Safepoint synchronization initiated. (168 threads)
[2023-11-09T11:18:54.638+0000][1008.119s][info ][safepoint     ] Application time: 1.0008081 seconds
[2023-11-09T11:18:54.639+0000][1008.120s][info ][safepoint     ] Entering safepoint region: Cleanup
[2023-11-09T11:18:54.640+0000][1008.120s][info ][safepoint     ] Leaving safepoint region
[2023-11-09T11:18:54.640+0000][1008.121s][info ][safepoint     ] Total time for which application threads were stopped: 0.0013189 seconds, Stopping threads took: 0.0005568 seconds
[2023-11-09T11:18:55.641+0000][1009.122s][debug][safepoint     ] Safepoint synchronization initiated. (168 threads)
[2023-11-09T11:18:55.642+0000][1009.123s][info ][safepoint     ] Application time: 1.0010772 seconds
[2023-11-09T11:18:55.642+0000][1009.123s][info ][safepoint     ] Entering safepoint region: Cleanup
[2023-11-09T11:18:55.643+0000][1009.124s][info ][safepoint     ] Leaving safepoint region
[2023-11-09T11:18:55.644+0000][1009.125s][info ][safepoint     ] Total time for which application threads were stopped: 0.0016463 seconds, Stopping threads took: 0.0006959 seconds
[2023-11-09T11:18:56.645+0000][1010.126s][debug][safepoint     ] Safepoint synchronization initiated. (168 threads)
[2023-11-09T11:18:56.645+0000][1010.126s][info ][safepoint     ] Application time: 1.0007059 seconds
[2023-11-09T11:18:56.646+0000][1010.127s][info ][safepoint     ] Entering safepoint region: Cleanup
[2023-11-09T11:18:56.646+0000][1010.127s][info ][safepoint     ] Leaving safepoint region
[2023-11-09T11:18:56.647+0000][1010.128s][info ][safepoint     ] Total time for which application threads were stopped: 0.0012094 seconds, Stopping threads took: 0.0004672 seconds
[2023-11-09T11:18:57.648+0000][1011.129s][debug][safepoint     ] Safepoint synchronization initiated. (168 threads)
[2023-11-09T11:18:57.649+0000][1011.130s][info ][safepoint     ] Application time: 1.0013911 seconds
[2023-11-09T11:18:57.650+0000][1011.131s][info ][safepoint     ] Entering safepoint region: Cleanup
[2023-11-09T11:18:57.651+0000][1011.132s][info ][safepoint     ] Leaving safepoint region
[2023-11-09T11:18:57.651+0000][1011.132s][info ][safepoint     ] Total time for which application threads were stopped: 0.0017723 seconds, Stopping threads took: 0.0007570 seconds
[2023-11-09T11:18:58.652+0000][1012.133s][debug][safepoint     ] Safepoint synchronization initiated. (168 threads)
[2023-11-09T11:18:58.653+0000][1012.134s][info ][safepoint     ] Application time: 1.0005254 seconds
[2023-11-09T11:18:58.653+0000][1012.134s][info ][safepoint     ] Entering safepoint region: Cleanup
[2023-11-09T11:18:58.653+0000][1012.134s][info ][safepoint     ] Leaving safepoint region
[2023-11-09T11:18:58.654+0000][1012.135s][info ][safepoint     ] Total time for which application threads were stopped: 0.0008151 seconds, Stopping threads took: 0.0003656 seconds
[2023-11-09T11:18:58.871+0000][1012.352s][debug][safepoint     ] Safepoint synchronization initiated. (168 threads)
[2023-11-09T11:18:58.872+0000][1012.353s][info ][safepoint     ] Application time: 0.2177275 seconds
[2023-11-09T11:18:58.873+0000][1012.354s][info ][safepoint     ] Entering safepoint region: G1CollectForAllocation
[2023-11-09T11:18:58.873+0000][1012.354s][info ][gc,start      ] GC(68) Pause Young (Normal) (G1 Evacuation Pause)
[2023-11-09T11:18:58.874+0000][1012.355s][info ][gc,task       ] GC(68) Using 8 workers of 8 for evacuation
[2023-11-09T11:18:58.884+0000][1012.365s][info ][gc,phases     ] GC(68)   Pre Evacuate Collection Set: 0.0ms
[2023-11-09T11:18:58.885+0000][1012.366s][info ][gc,phases     ] GC(68)   Evacuate Collection Set: 6.6ms
[2023-11-09T11:18:58.885+0000][1012.366s][info ][gc,phases     ] GC(68)   Post Evacuate Collection Set: 3.0ms
[2023-11-09T11:18:58.886+0000][1012.367s][info ][gc,phases     ] GC(68)   Other: 1.4ms
[2023-11-09T11:18:58.886+0000][1012.367s][info ][gc,heap       ] GC(68) Eden regions: 187->0(187)
[2023-11-09T11:18:58.887+0000][1012.368s][info ][gc,heap       ] GC(68) Survivor regions: 13->13(25)
[2023-11-09T11:18:58.888+0000][1012.368s][info ][gc,heap       ] GC(68) Old regions: 142->142
[2023-11-09T11:18:58.888+0000][1012.369s][info ][gc,heap       ] GC(68) Humongous regions: 0->0
[2023-11-09T11:18:58.888+0000][1012.369s][info ][gc,metaspace  ] GC(68) Metaspace: 159541K(164688K)->159541K(164688K) NonClass: 140901K(144080K)->140901K(144080K) Class: 18640K(20608K)->18640K(20608K)
[2023-11-09T11:18:58.889+0000][1012.370s][info ][gc            ] GC(68) Pause Young (Normal) (G1 Evacuation Pause) 340M->153M(395M) 15.460ms
[2023-11-09T11:18:58.889+0000][1012.370s][info ][gc,cpu        ] GC(68) User=0.07s Sys=0.00s Real=0.02s
[2023-11-09T11:18:58.890+0000][1012.371s][info ][safepoint     ] Leaving safepoint region
[2023-11-09T11:18:58.890+0000][1012.371s][info ][safepoint     ] Total time for which application threads were stopped: 0.0176218 seconds, Stopping threads took: 0.0006437 seconds
[2023-11-09T11:18:58.891+0000][1012.372s][info ][gc,stringdedup] Concurrent String Deduplication (1012.372s)
[2023-11-09T11:18:58.892+0000][1012.372s][info ][gc,stringdedup] Concurrent String Deduplication 68344.0B->33736.0B(34608.0B) avg 54.3% (1012.372s, 1012.372s) 0.955ms
[2023-11-09T11:18:59.891+0000][1013.372s][debug][safepoint     ] Safepoint synchronization initiated. (168 threads)
[2023-11-09T11:18:59.892+0000][1013.373s][info ][safepoint     ] Application time: 1.0013270 seconds
[2023-11-09T11:18:59.893+0000][1013.374s][info ][safepoint     ] Entering safepoint region: Cleanup
[2023-11-09T11:18:59.894+0000][1013.375s][info ][safepoint     ] Leaving safepoint region
[2023-11-09T11:18:59.894+0000][1013.375s][info ][safepoint     ] Total time for which application threads were stopped: 0.0017976 seconds, Stopping threads took: 0.0008296 seconds
[2023-11-09T11:19:00.895+0000][1014.376s][debug][safepoint     ] Safepoint synchronization initiated. (168 threads)
[2023-11-09T11:19:00.896+0000][1014.377s][info ][safepoint     ] Application time: 1.0012451 seconds
[2023-11-09T11:19:00.897+0000][1014.378s][info ][safepoint     ] Entering safepoint region: Cleanup
[2023-11-09T11:19:00.898+0000][1014.379s][info ][safepoint     ] Leaving safepoint region
[2023-11-09T11:19:00.899+0000][1014.380s][info ][safepoint     ] Total time for which application threads were stopped: 0.0017914 seconds, Stopping threads took: 0.0006494 seconds
[2023-11-09T11:19:01.900+0000][1015.381s][debug][safepoint     ] Safepoint synchronization initiated. (168 threads)
[2023-11-09T11:19:01.901+0000][1015.382s][info ][safepoint     ] Application time: 1.0009281 seconds
[2023-11-09T11:19:01.901+0000][1015.382s][info ][safepoint     ] Entering safepoint region: Cleanup
[2023-11-09T11:19:01.902+0000][1015.383s][info ][safepoint     ] Leaving safepoint region
[2023-11-09T11:19:01.902+0000][1015.383s][info ][safepoint     ] Total time for which application threads were stopped: 0.0011307 seconds, Stopping threads took: 0.0005289 seconds
[2023-11-09T11:19:02.903+0000][1016.384s][debug][safepoint     ] Safepoint synchronization initiated. (168 threads)
[2023-11-09T11:19:02.904+0000][1016.385s][info ][safepoint     ] Application time: 1.0009481 seconds
[2023-11-09T11:19:02.904+0000][1016.385s][info ][safepoint     ] Entering safepoint region: Cleanup
[2023-11-09T11:19:02.905+0000][1016.386s][info ][safepoint     ] Leaving safepoint region
[2023-11-09T11:19:02.906+0000][1016.387s][info ][safepoint     ] Total time for which application threads were stopped: 0.0014892 seconds, Stopping threads took: 0.0006260 seconds
[2023-11-09T11:19:03.907+0000][1017.388s][debug][safepoint     ] Safepoint synchronization initiated. (168 threads)
[2023-11-09T11:19:03.908+0000][1017.389s][info ][safepoint     ] Application time: 1.0011948 seconds
[2023-11-09T11:19:03.908+0000][1017.389s][info ][safepoint     ] Entering safepoint region: Cleanup
[2023-11-09T11:19:03.909+0000][1017.390s][info ][safepoint     ] Leaving safepoint region
[2023-11-09T11:19:03.910+0000][1017.391s][info ][safepoint     ] Total time for which application threads were stopped: 0.0017609 seconds, Stopping threads took: 0.0007597 seconds
[2023-11-09T11:19:04.911+0000][1018.392s][debug][safepoint     ] Safepoint synchronization initiated. (168 threads)
[2023-11-09T11:19:04.912+0000][1018.393s][info ][safepoint     ] Application time: 1.0012189 seconds
[2023-11-09T11:19:04.913+0000][1018.394s][info ][safepoint     ] Entering safepoint region: Cleanup
[2023-11-09T11:19:04.914+0000][1018.395s][info ][safepoint     ] Leaving safepoint region
[2023-11-09T11:19:04.915+0000][1018.396s][info ][safepoint     ] Total time for which application threads were stopped: 0.0018111 seconds, Stopping threads took: 0.0008218 seconds
[2023-11-09T11:19:05.916+0000][1019.397s][debug][safepoint     ] Safepoint synchronization initiated. (168 threads)
[2023-11-09T11:19:05.917+0000][1019.398s][info ][safepoint     ] Application time: 1.0014839 seconds
[2023-11-09T11:19:05.918+0000][1019.399s][info ][safepoint     ] Entering safepoint region: Cleanup
[2023-11-09T11:19:05.919+0000][1019.400s][info ][safepoint     ] Leaving safepoint region
[2023-11-09T11:19:05.920+0000][1019.401s][info ][safepoint     ] Total time for which application threads were stopped: 0.0018978 seconds, Stopping threads took: 0.0007976 seconds
[2023-11-09T11:19:06.921+0000][1020.402s][debug][safepoint     ] Safepoint synchronization initiated. (168 threads)
[2023-11-09T11:19:06.921+0000][1020.402s][info ][safepoint     ] Application time: 1.0005967 seconds
[2023-11-09T11:19:06.922+0000][1020.403s][info ][safepoint     ] Entering safepoint region: Cleanup
[2023-11-09T11:19:06.923+0000][1020.404s][info ][safepoint     ] Leaving safepoint region
[2023-11-09T11:19:06.923+0000][1020.404s][info ][safepoint     ] Total time for which application threads were stopped: 0.0012088 seconds, Stopping threads took: 0.0004965 seconds
[2023-11-09T11:19:07.924+0000][1021.404s][debug][safepoint     ] Safepoint synchronization initiated. (168 threads)
[2023-11-09T11:19:07.924+0000][1021.405s][info ][safepoint     ] Application time: 1.0007550 seconds
[2023-11-09T11:19:07.925+0000][1021.406s][info ][safepoint     ] Entering safepoint region: Cleanup
[2023-11-09T11:19:07.925+0000][1021.406s][info ][safepoint     ] Leaving safepoint region
[2023-11-09T11:19:07.926+0000][1021.407s][info ][safepoint     ] Total time for which application threads were stopped: 0.0010850 seconds, Stopping threads took: 0.0004594 seconds
[2023-11-09T11:19:08.926+0000][1022.407s][debug][safepoint     ] Safepoint synchronization initiated. (168 threads)
[2023-11-09T11:19:08.927+0000][1022.408s][info ][safepoint     ] Application time: 1.0011761 seconds
[2023-11-09T11:19:08.928+0000][1022.409s][info ][safepoint     ] Entering safepoint region: Cleanup
[2023-11-09T11:19:08.929+0000][1022.410s][info ][safepoint     ] Leaving safepoint region
[2023-11-09T11:19:08.930+0000][1022.411s][info ][safepoint     ] Total time for which application threads were stopped: 0.0018336 seconds, Stopping threads took: 0.0008533 seconds
[2023-11-09T11:19:09.931+0000][1023.412s][debug][safepoint     ] Safepoint synchronization initiated. (168 threads)
[2023-11-09T11:19:09.931+0000][1023.412s][info ][safepoint     ] Application time: 1.0011217 seconds
[2023-11-09T11:19:09.932+0000][1023.413s][info ][safepoint     ] Entering safepoint region: Cleanup
[2023-11-09T11:19:09.933+0000][1023.414s][info ][safepoint     ] Leaving safepoint region
[2023-11-09T11:19:09.934+0000][1023.415s][info ][safepoint     ] Total time for which application threads were stopped: 0.0015246 seconds, Stopping threads took: 0.0006318 seconds
[2023-11-09T11:19:10.935+0000][1024.415s][debug][safepoint     ] Safepoint synchronization initiated. (168 threads)
[2023-11-09T11:19:10.935+0000][1024.416s][info ][safepoint     ] Application time: 1.0008254 seconds
[2023-11-09T11:19:10.936+0000][1024.417s][info ][safepoint     ] Entering safepoint region: Cleanup
[2023-11-09T11:19:10.936+0000][1024.417s][info ][safepoint     ] Leaving safepoint region
[2023-11-09T11:19:10.937+0000][1024.418s][info ][safepoint     ] Total time for which application threads were stopped: 0.0011524 seconds, Stopping threads took: 0.0005098 seconds
[2023-11-09T11:19:11.937+0000][1025.418s][debug][safepoint     ] Safepoint synchronization initiated. (168 threads)
[2023-11-09T11:19:11.938+0000][1025.419s][info ][safepoint     ] Application time: 1.0007071 seconds
[2023-11-09T11:19:11.938+0000][1025.419s][info ][safepoint     ] Entering safepoint region: Cleanup
[2023-11-09T11:19:11.939+0000][1025.420s][info ][safepoint     ] Leaving safepoint region
[2023-11-09T11:19:11.940+0000][1025.421s][info ][safepoint     ] Total time for which application threads were stopped: 0.0014521 seconds, Stopping threads took: 0.0008845 seconds
[2023-11-09T11:19:12.940+0000][1026.421s][debug][safepoint     ] Safepoint synchronization initiated. (168 threads)
[2023-11-09T11:19:12.941+0000][1026.422s][info ][safepoint     ] Application time: 1.0010719 seconds
[2023-11-09T11:19:12.942+0000][1026.423s][info ][safepoint     ] Entering safepoint region: Cleanup
[2023-11-09T11:19:12.943+0000][1026.424s][info ][safepoint     ] Leaving safepoint region
[2023-11-09T11:19:12.944+0000][1026.425s][info ][safepoint     ] Total time for which application threads were stopped: 0.0016727 seconds, Stopping threads took: 0.0008086 seconds
[2023-11-09T11:19:13.945+0000][1027.426s][debug][safepoint     ] Safepoint synchronization initiated. (168 threads)
[2023-11-09T11:19:13.945+0000][1027.426s][info ][safepoint     ] Application time: 1.0009639 seconds
[2023-11-09T11:19:13.946+0000][1027.427s][info ][safepoint     ] Entering safepoint region: Cleanup
[2023-11-09T11:19:13.947+0000][1027.428s][info ][safepoint     ] Leaving safepoint region
[2023-11-09T11:19:13.947+0000][1027.428s][info ][safepoint     ] Total time for which application threads were stopped: 0.0013054 seconds, Stopping threads took: 0.0006296 seconds
[2023-11-09T11:19:14.948+0000][1028.429s][debug][safepoint     ] Safepoint synchronization initiated. (168 threads)
[2023-11-09T11:19:14.949+0000][1028.430s][info ][safepoint     ] Application time: 1.0009112 seconds
[2023-11-09T11:19:14.949+0000][1028.430s][info ][safepoint     ] Entering safepoint region: Cleanup
[2023-11-09T11:19:14.950+0000][1028.431s][info ][safepoint     ] Leaving safepoint region
[2023-11-09T11:19:14.951+0000][1028.432s][info ][safepoint     ] Total time for which application threads were stopped: 0.0015915 seconds, Stopping threads took: 0.0006004 seconds
[2023-11-09T11:19:15.951+0000][1029.432s][debug][safepoint     ] Safepoint synchronization initiated. (168 threads)
[2023-11-09T11:19:15.952+0000][1029.433s][info ][safepoint     ] Application time: 1.0008673 seconds
[2023-11-09T11:19:15.953+0000][1029.434s][info ][safepoint     ] Entering safepoint region: Cleanup
[2023-11-09T11:19:15.953+0000][1029.434s][info ][safepoint     ] Leaving safepoint region
[2023-11-09T11:19:15.954+0000][1029.435s][info ][safepoint     ] Total time for which application threads were stopped: 0.0010156 seconds, Stopping threads took: 0.0004303 seconds
[2023-11-09T11:19:16.954+0000][1030.435s][debug][safepoint     ] Safepoint synchronization initiated. (168 threads)
[2023-11-09T11:19:16.955+0000][1030.436s][info ][safepoint     ] Application time: 1.0007715 seconds
[2023-11-09T11:19:16.955+0000][1030.436s][info ][safepoint     ] Entering safepoint region: Cleanup
[2023-11-09T11:19:16.956+0000][1030.437s][info ][safepoint     ] Leaving safepoint region
[2023-11-09T11:19:16.956+0000][1030.437s][info ][safepoint     ] Total time for which application threads were stopped: 0.0011394 seconds, Stopping threads took: 0.0005405 seconds
[2023-11-09T11:19:17.957+0000][1031.438s][debug][safepoint     ] Safepoint synchronization initiated. (168 threads)
[2023-11-09T11:19:17.958+0000][1031.439s][info ][safepoint     ] Application time: 1.0009919 seconds
[2023-11-09T11:19:17.959+0000][1031.440s][info ][safepoint     ] Entering safepoint region: Cleanup
[2023-11-09T11:19:17.960+0000][1031.441s][info ][safepoint     ] Leaving safepoint region
[2023-11-09T11:19:17.960+0000][1031.441s][info ][safepoint     ] Total time for which application threads were stopped: 0.0017923 seconds, Stopping threads took: 0.0007983 seconds
[2023-11-09T11:19:18.961+0000][1032.442s][debug][safepoint     ] Safepoint synchronization initiated. (168 threads)
[2023-11-09T11:19:18.962+0000][1032.443s][info ][safepoint     ] Application time: 1.0009706 seconds
[2023-11-09T11:19:18.963+0000][1032.444s][info ][safepoint     ] Entering safepoint region: Cleanup
[2023-11-09T11:19:18.964+0000][1032.445s][info ][safepoint     ] Leaving safepoint region
[2023-11-09T11:19:18.965+0000][1032.446s][info ][safepoint     ] Total time for which application threads were stopped: 0.0017153 seconds, Stopping threads took: 0.0007672 seconds
[2023-11-09T11:19:19.965+0000][1033.446s][debug][safepoint     ] Safepoint synchronization initiated. (168 threads)
[2023-11-09T11:19:19.966+0000][1033.447s][info ][safepoint     ] Application time: 1.0011948 seconds
[2023-11-09T11:19:19.967+0000][1033.448s][info ][safepoint     ] Entering safepoint region: Cleanup
[2023-11-09T11:19:19.968+0000][1033.449s][info ][safepoint     ] Leaving safepoint region
[2023-11-09T11:19:19.969+0000][1033.450s][info ][safepoint     ] Total time for which application threads were stopped: 0.0018451 seconds, Stopping threads took: 0.0008592 seconds
[2023-11-09T11:19:20.970+0000][1034.451s][debug][safepoint     ] Safepoint synchronization initiated. (168 threads)
[2023-11-09T11:19:20.971+0000][1034.452s][info ][safepoint     ] Application time: 1.0013055 seconds
[2023-11-09T11:19:20.972+0000][1034.453s][info ][safepoint     ] Entering safepoint region: Cleanup
[2023-11-09T11:19:20.973+0000][1034.454s][info ][safepoint     ] Leaving safepoint region
[2023-11-09T11:19:20.974+0000][1034.455s][info ][safepoint     ] Total time for which application threads were stopped: 0.0017066 seconds, Stopping threads took: 0.0008343 seconds
[2023-11-09T11:19:21.974+0000][1035.455s][debug][safepoint     ] Safepoint synchronization initiated. (168 threads)
[2023-11-09T11:19:21.975+0000][1035.456s][info ][safepoint     ] Application time: 1.0007735 seconds
[2023-11-09T11:19:21.976+0000][1035.457s][info ][safepoint     ] Entering safepoint region: Cleanup
[2023-11-09T11:19:21.977+0000][1035.458s][info ][safepoint     ] Leaving safepoint region
[2023-11-09T11:19:21.977+0000][1035.458s][info ][safepoint     ] Total time for which application threads were stopped: 0.0016353 seconds, Stopping threads took: 0.0006864 seconds
[2023-11-09T11:19:22.978+0000][1036.459s][debug][safepoint     ] Safepoint synchronization initiated. (168 threads)
[2023-11-09T11:19:22.978+0000][1036.459s][info ][safepoint     ] Application time: 1.0006423 seconds
[2023-11-09T11:19:22.979+0000][1036.460s][info ][safepoint     ] Entering safepoint region: Cleanup
[2023-11-09T11:19:22.979+0000][1036.460s][info ][safepoint     ] Leaving safepoint region
[2023-11-09T11:19:22.980+0000][1036.461s][info ][safepoint     ] Total time for which application threads were stopped: 0.0009368 seconds, Stopping threads took: 0.0003478 seconds
[2023-11-09T11:19:23.980+0000][1037.461s][debug][safepoint     ] Safepoint synchronization initiated. (168 threads)
[2023-11-09T11:19:23.981+0000][1037.462s][info ][safepoint     ] Application time: 1.0006299 seconds
[2023-11-09T11:19:23.981+0000][1037.462s][info ][safepoint     ] Entering safepoint region: Cleanup
[2023-11-09T11:19:23.982+0000][1037.463s][info ][safepoint     ] Leaving safepoint region
[2023-11-09T11:19:23.982+0000][1037.463s][info ][safepoint     ] Total time for which application threads were stopped: 0.0010167 seconds, Stopping threads took: 0.0004615 seconds
[2023-11-09T11:19:24.983+0000][1038.464s][debug][safepoint     ] Safepoint synchronization initiated. (168 threads)
[2023-11-09T11:19:24.984+0000][1038.465s][info ][safepoint     ] Application time: 1.0011952 seconds
[2023-11-09T11:19:24.984+0000][1038.465s][info ][safepoint     ] Entering safepoint region: Cleanup
[2023-11-09T11:19:24.985+0000][1038.466s][info ][safepoint     ] Leaving safepoint region
[2023-11-09T11:19:24.986+0000][1038.467s][info ][safepoint     ] Total time for which application threads were stopped: 0.0016294 seconds, Stopping threads took: 0.0008084 seconds
[2023-11-09T11:19:25.987+0000][1039.468s][debug][safepoint     ] Safepoint synchronization initiated. (168 threads)
[2023-11-09T11:19:25.987+0000][1039.468s][info ][safepoint     ] Application time: 1.0009118 seconds
[2023-11-09T11:19:25.988+0000][1039.469s][info ][safepoint     ] Entering safepoint region: Cleanup
[2023-11-09T11:19:25.989+0000][1039.470s][info ][safepoint     ] Leaving safepoint region
[2023-11-09T11:19:25.990+0000][1039.471s][info ][safepoint     ] Total time for which application threads were stopped: 0.0016692 seconds, Stopping threads took: 0.0007483 seconds
[2023-11-09T11:19:26.991+0000][1040.472s][debug][safepoint     ] Safepoint synchronization initiated. (168 threads)
[2023-11-09T11:19:26.992+0000][1040.473s][info ][safepoint     ] Application time: 1.0014953 seconds
[2023-11-09T11:19:26.993+0000][1040.474s][info ][safepoint     ] Entering safepoint region: Cleanup
[2023-11-09T11:19:26.994+0000][1040.475s][info ][safepoint     ] Leaving safepoint region
[2023-11-09T11:19:26.994+0000][1040.475s][info ][safepoint     ] Total time for which application threads were stopped: 0.0017056 seconds, Stopping threads took: 0.0007174 seconds
[2023-11-09T11:19:27.995+0000][1041.476s][debug][safepoint     ] Safepoint synchronization initiated. (168 threads)
[2023-11-09T11:19:27.996+0000][1041.477s][info ][safepoint     ] Application time: 1.0011368 seconds
[2023-11-09T11:19:27.997+0000][1041.478s][info ][safepoint     ] Entering safepoint region: Cleanup
[2023-11-09T11:19:27.998+0000][1041.479s][info ][safepoint     ] Leaving safepoint region
[2023-11-09T11:19:27.998+0000][1041.479s][info ][safepoint     ] Total time for which application threads were stopped: 0.0012925 seconds, Stopping threads took: 0.0005781 seconds
[2023-11-09T11:19:28.999+0000][1042.480s][debug][safepoint     ] Safepoint synchronization initiated. (168 threads)
[2023-11-09T11:19:29.000+0000][1042.481s][info ][safepoint     ] Application time: 1.0009428 seconds
[2023-11-09T11:19:29.000+0000][1042.481s][info ][safepoint     ] Entering safepoint region: Cleanup
[2023-11-09T11:19:29.001+0000][1042.482s][info ][safepoint     ] Leaving safepoint region
[2023-11-09T11:19:29.001+0000][1042.482s][info ][safepoint     ] Total time for which application threads were stopped: 0.0012815 seconds, Stopping threads took: 0.0005977 seconds
[2023-11-09T11:19:30.002+0000][1043.483s][debug][safepoint     ] Safepoint synchronization initiated. (168 threads)
[2023-11-09T11:19:30.003+0000][1043.484s][info ][safepoint     ] Application time: 1.0009554 seconds
[2023-11-09T11:19:30.004+0000][1043.485s][info ][safepoint     ] Entering safepoint region: Cleanup
[2023-11-09T11:19:30.005+0000][1043.486s][info ][safepoint     ] Leaving safepoint region
[2023-11-09T11:19:30.005+0000][1043.486s][info ][safepoint     ] Total time for which application threads were stopped: 0.0018127 seconds, Stopping threads took: 0.0008085 seconds
[2023-11-09T11:19:31.006+0000][1044.487s][debug][safepoint     ] Safepoint synchronization initiated. (168 threads)
[2023-11-09T11:19:31.007+0000][1044.488s][info ][safepoint     ] Application time: 1.0011158 seconds
[2023-11-09T11:19:31.008+0000][1044.489s][info ][safepoint     ] Entering safepoint region: Cleanup
[2023-11-09T11:19:31.009+0000][1044.490s][info ][safepoint     ] Leaving safepoint region
[2023-11-09T11:19:31.010+0000][1044.491s][info ][safepoint     ] Total time for which application threads were stopped: 0.0015654 seconds, Stopping threads took: 0.0007104 seconds
[2023-11-09T11:19:32.011+0000][1045.492s][debug][safepoint     ] Safepoint synchronization initiated. (168 threads)
[2023-11-09T11:19:32.011+0000][1045.492s][info ][safepoint     ] Application time: 1.0006226 seconds
[2023-11-09T11:19:32.011+0000][1045.492s][info ][safepoint     ] Entering safepoint region: Cleanup
[2023-11-09T11:19:32.012+0000][1045.493s][info ][safepoint     ] Leaving safepoint region
[2023-11-09T11:19:32.012+0000][1045.493s][info ][safepoint     ] Total time for which application threads were stopped: 0.0008259 seconds, Stopping threads took: 0.0003637 seconds
[2023-11-09T11:19:33.013+0000][1046.494s][debug][safepoint     ] Safepoint synchronization initiated. (168 threads)
[2023-11-09T11:19:33.013+0000][1046.494s][info ][safepoint     ] Application time: 1.0007127 seconds
[2023-11-09T11:19:33.014+0000][1046.495s][info ][safepoint     ] Entering safepoint region: Cleanup
[2023-11-09T11:19:33.014+0000][1046.495s][info ][safepoint     ] Leaving safepoint region
[2023-11-09T11:19:33.015+0000][1046.496s][info ][safepoint     ] Total time for which application threads were stopped: 0.0011061 seconds, Stopping threads took: 0.0005375 seconds
[2023-11-09T11:19:34.015+0000][1047.496s][debug][safepoint     ] Safepoint synchronization initiated. (168 threads)
[2023-11-09T11:19:34.016+0000][1047.497s][info ][safepoint     ] Application time: 1.0010933 seconds
[2023-11-09T11:19:34.017+0000][1047.498s][info ][safepoint     ] Entering safepoint region: Cleanup
[2023-11-09T11:19:34.018+0000][1047.499s][info ][safepoint     ] Leaving safepoint region
[2023-11-09T11:19:34.018+0000][1047.499s][info ][safepoint     ] Total time for which application threads were stopped: 0.0017350 seconds, Stopping threads took: 0.0009059 seconds
[2023-11-09T11:19:35.019+0000][1048.500s][debug][safepoint     ] Safepoint synchronization initiated. (168 threads)
[2023-11-09T11:19:35.020+0000][1048.501s][info ][safepoint     ] Application time: 1.0008191 seconds
[2023-11-09T11:19:35.021+0000][1048.502s][info ][safepoint     ] Entering safepoint region: Cleanup
[2023-11-09T11:19:35.022+0000][1048.503s][info ][safepoint     ] Leaving safepoint region
[2023-11-09T11:19:35.022+0000][1048.503s][info ][safepoint     ] Total time for which application threads were stopped: 0.0014302 seconds, Stopping threads took: 0.0006467 seconds
[2023-11-09T11:19:36.023+0000][1049.504s][debug][safepoint     ] Safepoint synchronization initiated. (168 threads)
[2023-11-09T11:19:36.024+0000][1049.505s][info ][safepoint     ] Application time: 1.0012310 seconds
[2023-11-09T11:19:36.025+0000][1049.506s][info ][safepoint     ] Entering safepoint region: Cleanup
[2023-11-09T11:19:36.026+0000][1049.507s][info ][safepoint     ] Leaving safepoint region
[2023-11-09T11:19:36.027+0000][1049.508s][info ][safepoint     ] Total time for which application threads were stopped: 0.0018140 seconds, Stopping threads took: 0.0008936 seconds
[2023-11-09T11:19:37.027+0000][1050.508s][debug][safepoint     ] Safepoint synchronization initiated. (168 threads)
[2023-11-09T11:19:37.028+0000][1050.509s][info ][safepoint     ] Application time: 1.0007522 seconds
[2023-11-09T11:19:37.028+0000][1050.509s][info ][safepoint     ] Entering safepoint region: Cleanup
[2023-11-09T11:19:37.029+0000][1050.510s][info ][safepoint     ] Leaving safepoint region
[2023-11-09T11:19:37.029+0000][1050.510s][info ][safepoint     ] Total time for which application threads were stopped: 0.0010773 seconds, Stopping threads took: 0.0004953 seconds
[2023-11-09T11:19:38.030+0000][1051.511s][debug][safepoint     ] Safepoint synchronization initiated. (168 threads)
[2023-11-09T11:19:38.031+0000][1051.512s][info ][safepoint     ] Application time: 1.0010541 seconds
[2023-11-09T11:19:38.032+0000][1051.513s][info ][safepoint     ] Entering safepoint region: Cleanup
[2023-11-09T11:19:38.033+0000][1051.514s][info ][safepoint     ] Leaving safepoint region
[2023-11-09T11:19:38.033+0000][1051.514s][info ][safepoint     ] Total time for which application threads were stopped: 0.0016430 seconds, Stopping threads took: 0.0006979 seconds
[2023-11-09T11:19:39.034+0000][1052.515s][debug][safepoint     ] Safepoint synchronization initiated. (168 threads)
[2023-11-09T11:19:39.035+0000][1052.516s][info ][safepoint     ] Application time: 1.0008634 seconds
[2023-11-09T11:19:39.035+0000][1052.516s][info ][safepoint     ] Entering safepoint region: Cleanup
[2023-11-09T11:19:39.036+0000][1052.517s][info ][safepoint     ] Leaving safepoint region
[2023-11-09T11:19:39.036+0000][1052.518s][info ][safepoint     ] Total time for which application threads were stopped: 0.0012143 seconds, Stopping threads took: 0.0005733 seconds
[2023-11-09T11:19:40.037+0000][1053.518s][debug][safepoint     ] Safepoint synchronization initiated. (168 threads)
[2023-11-09T11:19:40.038+0000][1053.519s][info ][safepoint     ] Application time: 1.0008255 seconds
[2023-11-09T11:19:40.038+0000][1053.520s][info ][safepoint     ] Entering safepoint region: Cleanup
[2023-11-09T11:19:40.039+0000][1053.520s][info ][safepoint     ] Leaving safepoint region
[2023-11-09T11:19:40.040+0000][1053.521s][info ][safepoint     ] Total time for which application threads were stopped: 0.0013045 seconds, Stopping threads took: 0.0006489 seconds
[2023-11-09T11:19:41.041+0000][1054.522s][debug][safepoint     ] Safepoint synchronization initiated. (168 threads)
[2023-11-09T11:19:41.041+0000][1054.522s][info ][safepoint     ] Application time: 1.0009693 seconds
[2023-11-09T11:19:41.042+0000][1054.523s][info ][safepoint     ] Entering safepoint region: Cleanup
[2023-11-09T11:19:41.043+0000][1054.524s][info ][safepoint     ] Leaving safepoint region
[2023-11-09T11:19:41.043+0000][1054.524s][info ][safepoint     ] Total time for which application threads were stopped: 0.0013268 seconds, Stopping threads took: 0.0005602 seconds
[2023-11-09T11:19:42.044+0000][1055.525s][debug][safepoint     ] Safepoint synchronization initiated. (168 threads)
[2023-11-09T11:19:42.045+0000][1055.526s][info ][safepoint     ] Application time: 1.0010560 seconds
[2023-11-09T11:19:42.046+0000][1055.527s][info ][safepoint     ] Entering safepoint region: Cleanup
[2023-11-09T11:19:42.047+0000][1055.528s][info ][safepoint     ] Leaving safepoint region
[2023-11-09T11:19:42.048+0000][1055.529s][info ][safepoint     ] Total time for which application threads were stopped: 0.0020522 seconds, Stopping threads took: 0.0008828 seconds
[2023-11-09T11:19:43.048+0000][1056.529s][debug][safepoint     ] Safepoint synchronization initiated. (168 threads)
[2023-11-09T11:19:43.049+0000][1056.530s][info ][safepoint     ] Application time: 1.0010155 seconds
[2023-11-09T11:19:43.050+0000][1056.531s][info ][safepoint     ] Entering safepoint region: Cleanup
[2023-11-09T11:19:43.051+0000][1056.532s][info ][safepoint     ] Leaving safepoint region
[2023-11-09T11:19:43.051+0000][1056.532s][info ][safepoint     ] Total time for which application threads were stopped: 0.0014464 seconds, Stopping threads took: 0.0007299 seconds
[2023-11-09T11:19:44.052+0000][1057.533s][debug][safepoint     ] Safepoint synchronization initiated. (168 threads)
[2023-11-09T11:19:44.053+0000][1057.534s][info ][safepoint     ] Application time: 1.0010213 seconds
[2023-11-09T11:19:44.054+0000][1057.535s][info ][safepoint     ] Entering safepoint region: Cleanup
[2023-11-09T11:19:44.055+0000][1057.536s][info ][safepoint     ] Leaving safepoint region
[2023-11-09T11:19:44.055+0000][1057.536s][info ][safepoint     ] Total time for which application threads were stopped: 0.0017184 seconds, Stopping threads took: 0.0007709 seconds
[2023-11-09T11:19:45.056+0000][1058.537s][debug][safepoint     ] Safepoint synchronization initiated. (168 threads)
[2023-11-09T11:19:45.057+0000][1058.538s][info ][safepoint     ] Application time: 1.0014971 seconds
[2023-11-09T11:19:45.058+0000][1058.539s][info ][safepoint     ] Entering safepoint region: Cleanup
[2023-11-09T11:19:45.059+0000][1058.540s][info ][safepoint     ] Leaving safepoint region
[2023-11-09T11:19:45.059+0000][1058.540s][info ][safepoint     ] Total time for which application threads were stopped: 0.0014748 seconds, Stopping threads took: 0.0007718 seconds
[2023-11-09T11:19:46.060+0000][1059.541s][debug][safepoint     ] Safepoint synchronization initiated. (168 threads)
[2023-11-09T11:19:46.061+0000][1059.542s][info ][safepoint     ] Application time: 1.0010887 seconds
[2023-11-09T11:19:46.062+0000][1059.543s][info ][safepoint     ] Entering safepoint region: Cleanup
[2023-11-09T11:19:46.063+0000][1059.544s][info ][safepoint     ] Leaving safepoint region
[2023-11-09T11:19:46.063+0000][1059.544s][info ][safepoint     ] Total time for which application threads were stopped: 0.0012907 seconds, Stopping threads took: 0.0006029 seconds
[2023-11-09T11:19:47.064+0000][1060.545s][debug][safepoint     ] Safepoint synchronization initiated. (168 threads)
[2023-11-09T11:19:47.065+0000][1060.546s][info ][safepoint     ] Application time: 1.0008788 seconds
[2023-11-09T11:19:47.065+0000][1060.546s][info ][safepoint     ] Entering safepoint region: Cleanup
[2023-11-09T11:19:47.066+0000][1060.547s][info ][safepoint     ] Leaving safepoint region
[2023-11-09T11:19:47.066+0000][1060.547s][info ][safepoint     ] Total time for which application threads were stopped: 0.0013149 seconds, Stopping threads took: 0.0005427 seconds
[2023-11-09T11:19:48.067+0000][1061.548s][debug][safepoint     ] Safepoint synchronization initiated. (168 threads)
[2023-11-09T11:19:48.068+0000][1061.549s][info ][safepoint     ] Application time: 1.0007876 seconds
[2023-11-09T11:19:48.069+0000][1061.550s][info ][safepoint     ] Entering safepoint region: Cleanup
[2023-11-09T11:19:48.070+0000][1061.551s][info ][safepoint     ] Leaving safepoint region
[2023-11-09T11:19:48.070+0000][1061.551s][info ][safepoint     ] Total time for which application threads were stopped: 0.0013668 seconds, Stopping threads took: 0.0006298 seconds
[2023-11-09T11:19:49.071+0000][1062.552s][debug][safepoint     ] Safepoint synchronization initiated. (168 threads)
[2023-11-09T11:19:49.072+0000][1062.553s][info ][safepoint     ] Application time: 1.0012544 seconds
[2023-11-09T11:19:49.073+0000][1062.554s][info ][safepoint     ] Entering safepoint region: Cleanup
[2023-11-09T11:19:49.074+0000][1062.555s][info ][safepoint     ] Leaving safepoint region
[2023-11-09T11:19:49.074+0000][1062.555s][info ][safepoint     ] Total time for which application threads were stopped: 0.0017233 seconds, Stopping threads took: 0.0009328 seconds
[2023-11-09T11:19:50.075+0000][1063.556s][debug][safepoint     ] Safepoint synchronization initiated. (168 threads)
[2023-11-09T11:19:50.076+0000][1063.558s][info ][safepoint     ] Application time: 1.0015081 seconds
[2023-11-09T11:19:50.077+0000][1063.558s][info ][safepoint     ] Entering safepoint region: Cleanup
[2023-11-09T11:19:50.078+0000][1063.559s][info ][safepoint     ] Leaving safepoint region
[2023-11-09T11:19:50.079+0000][1063.560s][info ][safepoint     ] Total time for which application threads were stopped: 0.0016726 seconds, Stopping threads took: 0.0006821 seconds
[2023-11-09T11:19:51.080+0000][1064.561s][debug][safepoint     ] Safepoint synchronization initiated. (168 threads)
[2023-11-09T11:19:51.080+0000][1064.562s][info ][safepoint     ] Application time: 1.0007913 seconds
[2023-11-09T11:19:51.081+0000][1064.562s][info ][safepoint     ] Entering safepoint region: Cleanup
[2023-11-09T11:19:51.082+0000][1064.563s][info ][safepoint     ] Leaving safepoint region
[2023-11-09T11:19:51.083+0000][1064.564s][info ][safepoint     ] Total time for which application threads were stopped: 0.0014308 seconds, Stopping threads took: 0.0007226 seconds
[2023-11-09T11:19:52.083+0000][1065.564s][debug][safepoint     ] Safepoint synchronization initiated. (168 threads)
[2023-11-09T11:19:52.084+0000][1065.565s][info ][safepoint     ] Application time: 1.0007914 seconds
[2023-11-09T11:19:52.084+0000][1065.566s][info ][safepoint     ] Entering safepoint region: Cleanup
[2023-11-09T11:19:52.086+0000][1065.567s][info ][safepoint     ] Leaving safepoint region
[2023-11-09T11:19:52.086+0000][1065.567s][info ][safepoint     ] Total time for which application threads were stopped: 0.0016551 seconds, Stopping threads took: 0.0007103 seconds
[2023-11-09T11:19:53.087+0000][1066.568s][debug][safepoint     ] Safepoint synchronization initiated. (169 threads)
[2023-11-09T11:19:53.088+0000][1066.569s][info ][safepoint     ] Application time: 1.0009304 seconds
[2023-11-09T11:19:53.088+0000][1066.569s][info ][safepoint     ] Entering safepoint region: Cleanup
[2023-11-09T11:19:53.089+0000][1066.570s][info ][safepoint     ] Leaving safepoint region
[2023-11-09T11:19:53.089+0000][1066.571s][info ][safepoint     ] Total time for which application threads were stopped: 0.0013445 seconds, Stopping threads took: 0.0005783 seconds
[2023-11-09T11:19:54.090+0000][1067.571s][debug][safepoint     ] Safepoint synchronization initiated. (169 threads)
[2023-11-09T11:19:54.091+0000][1067.572s][info ][safepoint     ] Application time: 1.0013290 seconds
[2023-11-09T11:19:54.092+0000][1067.573s][info ][safepoint     ] Entering safepoint region: Cleanup
[2023-11-09T11:19:54.093+0000][1067.574s][info ][safepoint     ] Leaving safepoint region
[2023-11-09T11:19:54.094+0000][1067.575s][info ][safepoint     ] Total time for which application threads were stopped: 0.0019339 seconds, Stopping threads took: 0.0008314 seconds
[2023-11-09T11:19:55.095+0000][1068.576s][debug][safepoint     ] Safepoint synchronization initiated. (169 threads)
[2023-11-09T11:19:55.096+0000][1068.577s][info ][safepoint     ] Application time: 1.0013785 seconds
[2023-11-09T11:19:55.097+0000][1068.578s][info ][safepoint     ] Entering safepoint region: Cleanup
[2023-11-09T11:19:55.099+0000][1068.580s][info ][safepoint     ] Leaving safepoint region
[2023-11-09T11:19:55.099+0000][1068.580s][info ][safepoint     ] Total time for which application threads were stopped: 0.0022241 seconds, Stopping threads took: 0.0009518 seconds
[2023-11-09T11:19:56.101+0000][1069.582s][debug][safepoint     ] Safepoint synchronization initiated. (169 threads)
[2023-11-09T11:19:56.101+0000][1069.582s][info ][safepoint     ] Application time: 1.0006835 seconds
[2023-11-09T11:19:56.101+0000][1069.582s][info ][safepoint     ] Entering safepoint region: Cleanup
[2023-11-09T11:19:56.102+0000][1069.583s][info ][safepoint     ] Leaving safepoint region
[2023-11-09T11:19:56.102+0000][1069.583s][info ][safepoint     ] Total time for which application threads were stopped: 0.0009745 seconds, Stopping threads took: 0.0004010 seconds
[2023-11-09T11:19:57.103+0000][1070.584s][debug][safepoint     ] Safepoint synchronization initiated. (169 threads)
[2023-11-09T11:19:57.104+0000][1070.585s][info ][safepoint     ] Application time: 1.0010331 seconds
[2023-11-09T11:19:57.104+0000][1070.585s][info ][safepoint     ] Entering safepoint region: Cleanup
[2023-11-09T11:19:57.105+0000][1070.586s][info ][safepoint     ] Leaving safepoint region
[2023-11-09T11:19:57.106+0000][1070.587s][info ][safepoint     ] Total time for which application threads were stopped: 0.0016245 seconds, Stopping threads took: 0.0007740 seconds
[2023-11-09T11:19:58.107+0000][1071.588s][debug][safepoint     ] Safepoint synchronization initiated. (169 threads)
[2023-11-09T11:19:58.108+0000][1071.589s][info ][safepoint     ] Application time: 1.0011586 seconds
[2023-11-09T11:19:58.109+0000][1071.590s][info ][safepoint     ] Entering safepoint region: Cleanup
[2023-11-09T11:19:58.110+0000][1071.591s][info ][safepoint     ] Leaving safepoint region
[2023-11-09T11:19:58.110+0000][1071.591s][info ][safepoint     ] Total time for which application threads were stopped: 0.0015524 seconds, Stopping threads took: 0.0007843 seconds
[2023-11-09T11:19:59.111+0000][1072.592s][debug][safepoint     ] Safepoint synchronization initiated. (169 threads)
[2023-11-09T11:19:59.112+0000][1072.593s][info ][safepoint     ] Application time: 1.0010092 seconds
[2023-11-09T11:19:59.113+0000][1072.594s][info ][safepoint     ] Entering safepoint region: Cleanup
[2023-11-09T11:19:59.114+0000][1072.595s][info ][safepoint     ] Leaving safepoint region
[2023-11-09T11:19:59.114+0000][1072.595s][info ][safepoint     ] Total time for which application threads were stopped: 0.0017098 seconds, Stopping threads took: 0.0008029 seconds
[2023-11-09T11:20:00.115+0000][1073.596s][debug][safepoint     ] Safepoint synchronization initiated. (169 threads)
[2023-11-09T11:20:00.116+0000][1073.597s][info ][safepoint     ] Application time: 1.0010309 seconds
[2023-11-09T11:20:00.117+0000][1073.598s][info ][safepoint     ] Entering safepoint region: Cleanup
[2023-11-09T11:20:00.118+0000][1073.599s][info ][safepoint     ] Leaving safepoint region
[2023-11-09T11:20:00.118+0000][1073.600s][info ][safepoint     ] Total time for which application threads were stopped: 0.0017218 seconds, Stopping threads took: 0.0008310 seconds
[2023-11-09T11:20:01.119+0000][1074.600s][debug][safepoint     ] Safepoint synchronization initiated. (169 threads)
[2023-11-09T11:20:01.120+0000][1074.601s][info ][safepoint     ] Application time: 1.0008638 seconds
[2023-11-09T11:20:01.120+0000][1074.602s][info ][safepoint     ] Entering safepoint region: Cleanup
[2023-11-09T11:20:01.121+0000][1074.602s][info ][safepoint     ] Leaving safepoint region
[2023-11-09T11:20:01.122+0000][1074.603s][info ][safepoint     ] Total time for which application threads were stopped: 0.0013218 seconds, Stopping threads took: 0.0006138 seconds
[2023-11-09T11:20:02.122+0000][1075.603s][debug][safepoint     ] Safepoint synchronization initiated. (169 threads)
[2023-11-09T11:20:02.123+0000][1075.604s][info ][safepoint     ] Application time: 1.0010152 seconds
[2023-11-09T11:20:02.124+0000][1075.605s][info ][safepoint     ] Entering safepoint region: Cleanup
[2023-11-09T11:20:02.124+0000][1075.605s][info ][safepoint     ] Leaving safepoint region
[2023-11-09T11:20:02.125+0000][1075.606s][info ][safepoint     ] Total time for which application threads were stopped: 0.0011088 seconds, Stopping threads took: 0.0005248 seconds
[2023-11-09T11:20:03.125+0000][1076.606s][debug][safepoint     ] Safepoint synchronization initiated. (169 threads)
[2023-11-09T11:20:03.126+0000][1076.607s][info ][safepoint     ] Application time: 1.0009404 seconds
[2023-11-09T11:20:03.127+0000][1076.608s][info ][safepoint     ] Entering safepoint region: Cleanup
[2023-11-09T11:20:03.127+0000][1076.608s][info ][safepoint     ] Leaving safepoint region
[2023-11-09T11:20:03.128+0000][1076.609s][info ][safepoint     ] Total time for which application threads were stopped: 0.0012236 seconds, Stopping threads took: 0.0005044 seconds
[2023-11-09T11:20:04.129+0000][1077.610s][debug][safepoint     ] Safepoint synchronization initiated. (169 threads)
[2023-11-09T11:20:04.129+0000][1077.610s][info ][safepoint     ] Application time: 1.0008569 seconds
[2023-11-09T11:20:04.130+0000][1077.611s][info ][safepoint     ] Entering safepoint region: Cleanup
[2023-11-09T11:20:04.131+0000][1077.612s][info ][safepoint     ] Leaving safepoint region
[2023-11-09T11:20:04.131+0000][1077.612s][info ][safepoint     ] Total time for which application threads were stopped: 0.0012778 seconds, Stopping threads took: 0.0005739 seconds
[2023-11-09T11:20:05.132+0000][1078.613s][debug][safepoint     ] Safepoint synchronization initiated. (169 threads)
[2023-11-09T11:20:05.133+0000][1078.614s][info ][safepoint     ] Application time: 1.0010306 seconds
[2023-11-09T11:20:05.133+0000][1078.614s][info ][safepoint     ] Entering safepoint region: Cleanup
[2023-11-09T11:20:05.134+0000][1078.615s][info ][safepoint     ] Leaving safepoint region
[2023-11-09T11:20:05.135+0000][1078.616s][info ][safepoint     ] Total time for which application threads were stopped: 0.0013451 seconds, Stopping threads took: 0.0006015 seconds
[2023-11-09T11:20:06.135+0000][1079.616s][debug][safepoint     ] Safepoint synchronization initiated. (169 threads)
[2023-11-09T11:20:06.136+0000][1079.617s][info ][safepoint     ] Application time: 1.0011968 seconds
[2023-11-09T11:20:06.137+0000][1079.618s][info ][safepoint     ] Entering safepoint region: Cleanup
[2023-11-09T11:20:06.138+0000][1079.619s][info ][safepoint     ] Leaving safepoint region
[2023-11-09T11:20:06.138+0000][1079.619s][info ][safepoint     ] Total time for which application threads were stopped: 0.0014108 seconds, Stopping threads took: 0.0005537 seconds
[2023-11-09T11:20:07.139+0000][1080.620s][debug][safepoint     ] Safepoint synchronization initiated. (169 threads)
[2023-11-09T11:20:07.140+0000][1080.621s][info ][safepoint     ] Application time: 1.0011011 seconds
[2023-11-09T11:20:07.141+0000][1080.622s][info ][safepoint     ] Entering safepoint region: Cleanup
[2023-11-09T11:20:07.142+0000][1080.623s][info ][safepoint     ] Leaving safepoint region
[2023-11-09T11:20:07.142+0000][1080.624s][info ][safepoint     ] Total time for which application threads were stopped: 0.0015539 seconds, Stopping threads took: 0.0007687 seconds
[2023-11-09T11:20:08.143+0000][1081.624s][debug][safepoint     ] Safepoint synchronization initiated. (169 threads)
[2023-11-09T11:20:08.144+0000][1081.625s][info ][safepoint     ] Application time: 1.0012229 seconds
[2023-11-09T11:20:08.145+0000][1081.626s][info ][safepoint     ] Entering safepoint region: Cleanup
[2023-11-09T11:20:08.146+0000][1081.627s][info ][safepoint     ] Leaving safepoint region
[2023-11-09T11:20:08.147+0000][1081.628s][info ][safepoint     ] Total time for which application threads were stopped: 0.0022781 seconds, Stopping threads took: 0.0010240 seconds
[2023-11-09T11:20:09.148+0000][1082.629s][debug][safepoint     ] Safepoint synchronization initiated. (169 threads)
[2023-11-09T11:20:09.149+0000][1082.630s][info ][safepoint     ] Application time: 1.0007516 seconds
[2023-11-09T11:20:09.149+0000][1082.630s][info ][safepoint     ] Entering safepoint region: Cleanup
[2023-11-09T11:20:09.150+0000][1082.631s][info ][safepoint     ] Leaving safepoint region
[2023-11-09T11:20:09.150+0000][1082.631s][info ][safepoint     ] Total time for which application threads were stopped: 0.0010643 seconds, Stopping threads took: 0.0004205 seconds
[2023-11-09T11:20:10.151+0000][1083.632s][debug][safepoint     ] Safepoint synchronization initiated. (169 threads)
[2023-11-09T11:20:10.152+0000][1083.633s][info ][safepoint     ] Application time: 1.0012279 seconds
[2023-11-09T11:20:10.153+0000][1083.634s][info ][safepoint     ] Entering safepoint region: Cleanup
[2023-11-09T11:20:10.154+0000][1083.635s][info ][safepoint     ] Leaving safepoint region
[2023-11-09T11:20:10.155+0000][1083.636s][info ][safepoint     ] Total time for which application threads were stopped: 0.0018549 seconds, Stopping threads took: 0.0008210 seconds
[2023-11-09T11:20:11.155+0000][1084.636s][debug][safepoint     ] Safepoint synchronization initiated. (169 threads)
[2023-11-09T11:20:11.156+0000][1084.637s][info ][safepoint     ] Application time: 1.0006041 seconds
[2023-11-09T11:20:11.156+0000][1084.637s][info ][safepoint     ] Entering safepoint region: Cleanup
[2023-11-09T11:20:11.157+0000][1084.638s][info ][safepoint     ] Leaving safepoint region
[2023-11-09T11:20:11.157+0000][1084.638s][info ][safepoint     ] Total time for which application threads were stopped: 0.0010011 seconds, Stopping threads took: 0.0003374 seconds
[2023-11-09T11:20:12.158+0000][1085.639s][debug][safepoint     ] Safepoint synchronization initiated. (169 threads)
[2023-11-09T11:20:12.158+0000][1085.639s][info ][safepoint     ] Application time: 1.0006981 seconds
[2023-11-09T11:20:12.159+0000][1085.640s][info ][safepoint     ] Entering safepoint region: Cleanup
[2023-11-09T11:20:12.159+0000][1085.640s][info ][safepoint     ] Leaving safepoint region
[2023-11-09T11:20:12.160+0000][1085.641s][info ][safepoint     ] Total time for which application threads were stopped: 0.0010922 seconds, Stopping threads took: 0.0005012 seconds
[2023-11-09T11:20:13.160+0000][1086.641s][debug][safepoint     ] Safepoint synchronization initiated. (169 threads)
[2023-11-09T11:20:13.161+0000][1086.642s][info ][safepoint     ] Application time: 1.0007928 seconds
[2023-11-09T11:20:13.161+0000][1086.642s][info ][safepoint     ] Entering safepoint region: Cleanup
[2023-11-09T11:20:13.162+0000][1086.643s][info ][safepoint     ] Leaving safepoint region
[2023-11-09T11:20:13.162+0000][1086.643s][info ][safepoint     ] Total time for which application threads were stopped: 0.0010063 seconds, Stopping threads took: 0.0004324 seconds
[2023-11-09T11:20:14.163+0000][1087.644s][debug][safepoint     ] Safepoint synchronization initiated. (169 threads)
[2023-11-09T11:20:14.163+0000][1087.644s][info ][safepoint     ] Application time: 1.0006505 seconds
[2023-11-09T11:20:14.164+0000][1087.645s][info ][safepoint     ] Entering safepoint region: Cleanup
[2023-11-09T11:20:14.164+0000][1087.646s][info ][safepoint     ] Leaving safepoint region
[2023-11-09T11:20:14.165+0000][1087.646s][info ][safepoint     ] Total time for which application threads were stopped: 0.0011706 seconds, Stopping threads took: 0.0004699 seconds
[2023-11-09T11:20:15.165+0000][1088.646s][debug][safepoint     ] Safepoint synchronization initiated. (169 threads)
[2023-11-09T11:20:15.166+0000][1088.647s][info ][safepoint     ] Application time: 1.0005770 seconds
[2023-11-09T11:20:15.166+0000][1088.647s][info ][safepoint     ] Entering safepoint region: Cleanup
[2023-11-09T11:20:15.167+0000][1088.648s][info ][safepoint     ] Leaving safepoint region
[2023-11-09T11:20:15.167+0000][1088.648s][info ][safepoint     ] Total time for which application threads were stopped: 0.0011691 seconds, Stopping threads took: 0.0004665 seconds
[2023-11-09T11:20:16.168+0000][1089.649s][debug][safepoint     ] Safepoint synchronization initiated. (169 threads)
[2023-11-09T11:20:16.169+0000][1089.650s][info ][safepoint     ] Application time: 1.0007810 seconds
[2023-11-09T11:20:16.169+0000][1089.650s][info ][safepoint     ] Entering safepoint region: Cleanup
[2023-11-09T11:20:16.170+0000][1089.651s][info ][safepoint     ] Leaving safepoint region
[2023-11-09T11:20:16.170+0000][1089.651s][info ][safepoint     ] Total time for which application threads were stopped: 0.0011010 seconds, Stopping threads took: 0.0005668 seconds
[2023-11-09T11:20:17.171+0000][1090.652s][debug][safepoint     ] Safepoint synchronization initiated. (169 threads)
[2023-11-09T11:20:17.171+0000][1090.653s][info ][safepoint     ] Application time: 1.0009118 seconds
[2023-11-09T11:20:17.172+0000][1090.653s][info ][safepoint     ] Entering safepoint region: Cleanup
[2023-11-09T11:20:17.173+0000][1090.654s][info ][safepoint     ] Leaving safepoint region
[2023-11-09T11:20:17.173+0000][1090.654s][info ][safepoint     ] Total time for which application threads were stopped: 0.0013293 seconds, Stopping threads took: 0.0005818 seconds
[2023-11-09T11:20:18.174+0000][1091.655s][debug][safepoint     ] Safepoint synchronization initiated. (169 threads)
[2023-11-09T11:20:18.174+0000][1091.656s][info ][safepoint     ] Application time: 1.0006855 seconds
[2023-11-09T11:20:18.175+0000][1091.656s][info ][safepoint     ] Entering safepoint region: Cleanup
[2023-11-09T11:20:18.175+0000][1091.657s][info ][safepoint     ] Leaving safepoint region
[2023-11-09T11:20:18.176+0000][1091.657s][info ][safepoint     ] Total time for which application threads were stopped: 0.0012212 seconds, Stopping threads took: 0.0004693 seconds
[2023-11-09T11:20:19.176+0000][1092.658s][debug][safepoint     ] Safepoint synchronization initiated. (169 threads)
[2023-11-09T11:20:19.177+0000][1092.658s][info ][safepoint     ] Application time: 1.0007347 seconds
[2023-11-09T11:20:19.178+0000][1092.659s][info ][safepoint     ] Entering safepoint region: Cleanup
[2023-11-09T11:20:19.178+0000][1092.659s][info ][safepoint     ] Leaving safepoint region
[2023-11-09T11:20:19.178+0000][1092.660s][info ][safepoint     ] Total time for which application threads were stopped: 0.0009238 seconds, Stopping threads took: 0.0004023 seconds
[2023-11-09T11:20:20.179+0000][1093.660s][debug][safepoint     ] Safepoint synchronization initiated. (169 threads)
[2023-11-09T11:20:20.180+0000][1093.661s][info ][safepoint     ] Application time: 1.0007376 seconds
[2023-11-09T11:20:20.180+0000][1093.661s][info ][safepoint     ] Entering safepoint region: Cleanup
[2023-11-09T11:20:20.181+0000][1093.662s][info ][safepoint     ] Leaving safepoint region
[2023-11-09T11:20:20.181+0000][1093.662s][info ][safepoint     ] Total time for which application threads were stopped: 0.0010911 seconds, Stopping threads took: 0.0004534 seconds
[2023-11-09T11:20:21.182+0000][1094.663s][debug][safepoint     ] Safepoint synchronization initiated. (169 threads)
[2023-11-09T11:20:21.183+0000][1094.664s][info ][safepoint     ] Application time: 1.0013237 seconds
[2023-11-09T11:20:21.184+0000][1094.665s][info ][safepoint     ] Entering safepoint region: Cleanup
[2023-11-09T11:20:21.185+0000][1094.666s][info ][safepoint     ] Leaving safepoint region
[2023-11-09T11:20:21.185+0000][1094.667s][info ][safepoint     ] Total time for which application threads were stopped: 0.0016657 seconds, Stopping threads took: 0.0007160 seconds
[2023-11-09T11:20:22.186+0000][1095.668s][debug][safepoint     ] Safepoint synchronization initiated. (169 threads)
[2023-11-09T11:20:22.187+0000][1095.668s][info ][safepoint     ] Application time: 1.0007872 seconds
[2023-11-09T11:20:22.187+0000][1095.669s][info ][safepoint     ] Entering safepoint region: Cleanup
[2023-11-09T11:20:22.188+0000][1095.669s][info ][safepoint     ] Leaving safepoint region
[2023-11-09T11:20:22.188+0000][1095.669s][info ][safepoint     ] Total time for which application threads were stopped: 0.0008803 seconds, Stopping threads took: 0.0004084 seconds
[2023-11-09T11:20:23.189+0000][1096.670s][debug][safepoint     ] Safepoint synchronization initiated. (169 threads)
[2023-11-09T11:20:23.189+0000][1096.670s][info ][safepoint     ] Application time: 1.0005288 seconds
[2023-11-09T11:20:23.189+0000][1096.671s][info ][safepoint     ] Entering safepoint region: Cleanup
[2023-11-09T11:20:23.190+0000][1096.671s][info ][safepoint     ] Leaving safepoint region
[2023-11-09T11:20:23.190+0000][1096.671s][info ][safepoint     ] Total time for which application threads were stopped: 0.0007487 seconds, Stopping threads took: 0.0003189 seconds
[2023-11-09T11:20:24.191+0000][1097.672s][debug][safepoint     ] Safepoint synchronization initiated. (169 threads)
[2023-11-09T11:20:24.191+0000][1097.672s][info ][safepoint     ] Application time: 1.0006489 seconds
[2023-11-09T11:20:24.192+0000][1097.673s][debug][safepoint     ] ... found polling page return exception at pc = 0x00007fb4f0a09c9c, stub =0x00007fb4e8840600
[2023-11-09T11:20:24.192+0000][1097.673s][debug][safepoint     ] ... found polling page return exception at pc = 0x00007fb4f0b14274, stub =0x00007fb4e8840600
[2023-11-09T11:20:24.192+0000][1097.674s][debug][safepoint     ] Waiting for 2 thread(s) to block
[2023-11-09T11:20:24.193+0000][1097.674s][info ][safepoint     ] Entering safepoint region: Cleanup
[2023-11-09T11:20:24.194+0000][1097.675s][info ][safepoint     ] Leaving safepoint region
[2023-11-09T11:20:24.194+0000][1097.675s][info ][safepoint     ] Total time for which application threads were stopped: 0.0024734 seconds, Stopping threads took: 0.0019011 seconds
[2023-11-09T11:20:25.195+0000][1098.676s][debug][safepoint     ] Safepoint synchronization initiated. (169 threads)
[2023-11-09T11:20:25.195+0000][1098.676s][info ][safepoint     ] Application time: 1.0005935 seconds
[2023-11-09T11:20:25.195+0000][1098.677s][info ][safepoint     ] Entering safepoint region: Cleanup
[2023-11-09T11:20:25.196+0000][1098.677s][info ][safepoint     ] Leaving safepoint region
[2023-11-09T11:20:25.196+0000][1098.678s][info ][safepoint     ] Total time for which application threads were stopped: 0.0010295 seconds, Stopping threads took: 0.0003493 seconds
[2023-11-09T11:20:26.197+0000][1099.678s][debug][safepoint     ] Safepoint synchronization initiated. (169 threads)
[2023-11-09T11:20:26.197+0000][1099.678s][info ][safepoint     ] Application time: 1.0005833 seconds
[2023-11-09T11:20:26.198+0000][1099.679s][info ][safepoint     ] Entering safepoint region: Cleanup
[2023-11-09T11:20:26.198+0000][1099.679s][info ][safepoint     ] Leaving safepoint region
[2023-11-09T11:20:26.198+0000][1099.680s][info ][safepoint     ] Total time for which application threads were stopped: 0.0007879 seconds, Stopping threads took: 0.0003264 seconds
[2023-11-09T11:20:27.199+0000][1100.680s][debug][safepoint     ] Safepoint synchronization initiated. (169 threads)
[2023-11-09T11:20:27.199+0000][1100.681s][info ][safepoint     ] Application time: 1.0007282 seconds
[2023-11-09T11:20:27.200+0000][1100.681s][info ][safepoint     ] Entering safepoint region: Cleanup
[2023-11-09T11:20:27.201+0000][1100.682s][info ][safepoint     ] Leaving safepoint region
[2023-11-09T11:20:27.201+0000][1100.682s][info ][safepoint     ] Total time for which application threads were stopped: 0.0012113 seconds, Stopping threads took: 0.0005190 seconds
[2023-11-09T11:20:28.202+0000][1101.683s][debug][safepoint     ] Safepoint synchronization initiated. (169 threads)
[2023-11-09T11:20:28.203+0000][1101.684s][info ][safepoint     ] Application time: 1.0009350 seconds
[2023-11-09T11:20:28.203+0000][1101.685s][info ][safepoint     ] Entering safepoint region: Cleanup
[2023-11-09T11:20:28.204+0000][1101.686s][info ][safepoint     ] Leaving safepoint region
[2023-11-09T11:20:28.205+0000][1101.686s][info ][safepoint     ] Total time for which application threads were stopped: 0.0016529 seconds, Stopping threads took: 0.0007958 seconds
[2023-11-09T11:20:29.206+0000][1102.687s][debug][safepoint     ] Safepoint synchronization initiated. (169 threads)
[2023-11-09T11:20:29.206+0000][1102.688s][info ][safepoint     ] Application time: 1.0008409 seconds
[2023-11-09T11:20:29.207+0000][1102.688s][info ][safepoint     ] Entering safepoint region: Cleanup
[2023-11-09T11:20:29.208+0000][1102.689s][info ][safepoint     ] Leaving safepoint region
[2023-11-09T11:20:29.208+0000][1102.689s][info ][safepoint     ] Total time for which application threads were stopped: 0.0008857 seconds, Stopping threads took: 0.0003932 seconds
[2023-11-09T11:20:30.208+0000][1103.690s][debug][safepoint     ] Safepoint synchronization initiated. (169 threads)
[2023-11-09T11:20:30.209+0000][1103.690s][info ][safepoint     ] Application time: 1.0005966 seconds
[2023-11-09T11:20:30.209+0000][1103.691s][info ][safepoint     ] Entering safepoint region: Cleanup
[2023-11-09T11:20:30.210+0000][1103.691s][info ][safepoint     ] Leaving safepoint region
[2023-11-09T11:20:30.210+0000][1103.691s][info ][safepoint     ] Total time for which application threads were stopped: 0.0009361 seconds, Stopping threads took: 0.0003769 seconds
[2023-11-09T11:20:31.211+0000][1104.692s][debug][safepoint     ] Safepoint synchronization initiated. (169 threads)
[2023-11-09T11:20:31.212+0000][1104.693s][info ][safepoint     ] Application time: 1.0012830 seconds
[2023-11-09T11:20:31.213+0000][1104.694s][info ][safepoint     ] Entering safepoint region: Cleanup
[2023-11-09T11:20:31.214+0000][1104.695s][info ][safepoint     ] Leaving safepoint region
[2023-11-09T11:20:31.215+0000][1104.696s][info ][safepoint     ] Total time for which application threads were stopped: 0.0018804 seconds, Stopping threads took: 0.0008701 seconds
[2023-11-09T11:20:32.216+0000][1105.697s][debug][safepoint     ] Safepoint synchronization initiated. (169 threads)
[2023-11-09T11:20:32.217+0000][1105.698s][info ][safepoint     ] Application time: 1.0010851 seconds
[2023-11-09T11:20:32.217+0000][1105.698s][info ][safepoint     ] Entering safepoint region: Cleanup
[2023-11-09T11:20:32.218+0000][1105.699s][info ][safepoint     ] Leaving safepoint region
[2023-11-09T11:20:32.219+0000][1105.700s][info ][safepoint     ] Total time for which application threads were stopped: 0.0014509 seconds, Stopping threads took: 0.0006267 seconds
[2023-11-09T11:20:33.219+0000][1106.700s][debug][safepoint     ] Safepoint synchronization initiated. (169 threads)
[2023-11-09T11:20:33.220+0000][1106.702s][info ][safepoint     ] Application time: 1.0012333 seconds
[2023-11-09T11:20:33.221+0000][1106.702s][info ][safepoint     ] Entering safepoint region: Cleanup
[2023-11-09T11:20:33.222+0000][1106.704s][info ][safepoint     ] Leaving safepoint region
[2023-11-09T11:20:33.223+0000][1106.704s][info ][safepoint     ] Total time for which application threads were stopped: 0.0020126 seconds, Stopping threads took: 0.0008878 seconds
[2023-11-09T11:20:34.224+0000][1107.705s][debug][safepoint     ] Safepoint synchronization initiated. (169 threads)
[2023-11-09T11:20:34.225+0000][1107.706s][info ][safepoint     ] Application time: 1.0007644 seconds
[2023-11-09T11:20:34.225+0000][1107.706s][info ][safepoint     ] Entering safepoint region: Cleanup
[2023-11-09T11:20:34.226+0000][1107.707s][info ][safepoint     ] Leaving safepoint region
[2023-11-09T11:20:34.226+0000][1107.707s][info ][safepoint     ] Total time for which application threads were stopped: 0.0010680 seconds, Stopping threads took: 0.0005061 seconds
[2023-11-09T11:20:35.227+0000][1108.708s][debug][safepoint     ] Safepoint synchronization initiated. (169 threads)
[2023-11-09T11:20:35.228+0000][1108.709s][info ][safepoint     ] Application time: 1.0013622 seconds
[2023-11-09T11:20:35.229+0000][1108.710s][info ][safepoint     ] Entering safepoint region: Cleanup
[2023-11-09T11:20:35.230+0000][1108.711s][info ][safepoint     ] Leaving safepoint region
[2023-11-09T11:20:35.230+0000][1108.712s][info ][safepoint     ] Total time for which application threads were stopped: 0.0018780 seconds, Stopping threads took: 0.0008817 seconds
[2023-11-09T11:20:36.231+0000][1109.713s][debug][safepoint     ] Safepoint synchronization initiated. (169 threads)
[2023-11-09T11:20:36.232+0000][1109.714s][info ][safepoint     ] Application time: 1.0012940 seconds
[2023-11-09T11:20:36.233+0000][1109.715s][info ][safepoint     ] Entering safepoint region: Cleanup
[2023-11-09T11:20:36.235+0000][1109.716s][info ][safepoint     ] Leaving safepoint region
[2023-11-09T11:20:36.236+0000][1109.717s][info ][safepoint     ] Total time for which application threads were stopped: 0.0023030 seconds, Stopping threads took: 0.0009790 seconds
[2023-11-09T11:20:37.237+0000][1110.718s][debug][safepoint     ] Safepoint synchronization initiated. (169 threads)
[2023-11-09T11:20:37.238+0000][1110.719s][info ][safepoint     ] Application time: 1.0010422 seconds
[2023-11-09T11:20:37.238+0000][1110.719s][debug][safepoint     ] ... found polling page return exception at pc = 0x00007fb4f110a321, stub =0x00007fb4e8840600
[2023-11-09T11:20:37.239+0000][1110.720s][debug][safepoint     ] Waiting for 2 thread(s) to block
[2023-11-09T11:20:37.240+0000][1110.721s][info ][safepoint     ] Entering safepoint region: Cleanup
[2023-11-09T11:20:37.241+0000][1110.722s][info ][safepoint     ] Leaving safepoint region
[2023-11-09T11:20:37.241+0000][1110.722s][info ][safepoint     ] Total time for which application threads were stopped: 0.0030335 seconds, Stopping threads took: 0.0021687 seconds
[2023-11-09T11:20:38.242+0000][1111.723s][debug][safepoint     ] Safepoint synchronization initiated. (169 threads)
[2023-11-09T11:20:38.243+0000][1111.724s][info ][safepoint     ] Application time: 1.0010425 seconds
[2023-11-09T11:20:38.244+0000][1111.725s][info ][safepoint     ] Entering safepoint region: Cleanup
[2023-11-09T11:20:38.244+0000][1111.726s][info ][safepoint     ] Leaving safepoint region
[2023-11-09T11:20:38.245+0000][1111.726s][info ][safepoint     ] Total time for which application threads were stopped: 0.0014137 seconds, Stopping threads took: 0.0006450 seconds
[2023-11-09T11:20:39.246+0000][1112.727s][debug][safepoint     ] Safepoint synchronization initiated. (169 threads)
[2023-11-09T11:20:39.246+0000][1112.728s][info ][safepoint     ] Application time: 1.0012155 seconds
[2023-11-09T11:20:39.247+0000][1112.729s][info ][safepoint     ] Entering safepoint region: Cleanup
[2023-11-09T11:20:39.248+0000][1112.730s][info ][safepoint     ] Leaving safepoint region
[2023-11-09T11:20:39.249+0000][1112.730s][info ][safepoint     ] Total time for which application threads were stopped: 0.0014943 seconds, Stopping threads took: 0.0006500 seconds
[2023-11-09T11:20:40.249+0000][1113.731s][debug][safepoint     ] Safepoint synchronization initiated. (169 threads)
[2023-11-09T11:20:40.250+0000][1113.732s][info ][safepoint     ] Application time: 1.0006452 seconds
[2023-11-09T11:20:40.250+0000][1113.732s][info ][safepoint     ] Entering safepoint region: Cleanup
[2023-11-09T11:20:40.251+0000][1113.733s][info ][safepoint     ] Leaving safepoint region
[2023-11-09T11:20:40.251+0000][1113.733s][info ][safepoint     ] Total time for which application threads were stopped: 0.0009983 seconds, Stopping threads took: 0.0004135 seconds
[2023-11-09T11:20:41.252+0000][1114.734s][debug][safepoint     ] Safepoint synchronization initiated. (169 threads)
[2023-11-09T11:20:41.253+0000][1114.735s][info ][safepoint     ] Application time: 1.0012795 seconds
[2023-11-09T11:20:41.254+0000][1114.735s][info ][safepoint     ] Entering safepoint region: Cleanup
[2023-11-09T11:20:41.255+0000][1114.736s][info ][safepoint     ] Leaving safepoint region
[2023-11-09T11:20:41.257+0000][1114.738s][info ][safepoint     ] Total time for which application threads were stopped: 0.0030460 seconds, Stopping threads took: 0.0005890 seconds
[2023-11-09T11:20:42.257+0000][1115.739s][debug][safepoint     ] Safepoint synchronization initiated. (169 threads)
[2023-11-09T11:20:42.258+0000][1115.740s][info ][safepoint     ] Application time: 1.0007404 seconds
[2023-11-09T11:20:42.258+0000][1115.740s][info ][safepoint     ] Entering safepoint region: Cleanup
[2023-11-09T11:20:42.259+0000][1115.740s][info ][safepoint     ] Leaving safepoint region
[2023-11-09T11:20:42.259+0000][1115.741s][info ][safepoint     ] Total time for which application threads were stopped: 0.0009187 seconds, Stopping threads took: 0.0003618 seconds
[2023-11-09T11:20:42.259+0000][1115.740s][debug][safepoint     ] ... found polling page return exception at pc = 0x00007fb4f0d6dc84, stub =0x00007fb4e8840600
[2023-11-09T11:20:42.259+0000][1115.740s][debug][safepoint     ] ... found polling page return exception at pc = 0x00007fb4f0d6dc84, stub =0x00007fb4e8840600
[2023-11-09T11:20:42.259+0000][1115.741s][debug][safepoint     ] ... found polling page return exception at pc = 0x00007fb4f0d6dc84, stub =0x00007fb4e8840600
[2023-11-09T11:20:42.259+0000][1115.740s][debug][safepoint     ] ... found polling page return exception at pc = 0x00007fb4f0d6dc84, stub =0x00007fb4e8840600
[2023-11-09T11:20:43.260+0000][1116.741s][debug][safepoint     ] Safepoint synchronization initiated. (169 threads)
[2023-11-09T11:20:43.261+0000][1116.742s][info ][safepoint     ] Application time: 1.0009803 seconds
[2023-11-09T11:20:43.261+0000][1116.743s][info ][safepoint     ] Entering safepoint region: Cleanup
[2023-11-09T11:20:43.262+0000][1116.743s][info ][safepoint     ] Leaving safepoint region
[2023-11-09T11:20:43.262+0000][1116.744s][info ][safepoint     ] Total time for which application threads were stopped: 0.0011865 seconds, Stopping threads took: 0.0004489 seconds
[2023-11-09T11:20:44.263+0000][1117.744s][debug][safepoint     ] Safepoint synchronization initiated. (169 threads)
[2023-11-09T11:20:44.263+0000][1117.745s][info ][safepoint     ] Application time: 1.0006472 seconds
[2023-11-09T11:20:44.264+0000][1117.745s][info ][safepoint     ] Entering safepoint region: Cleanup
[2023-11-09T11:20:44.264+0000][1117.746s][info ][safepoint     ] Leaving safepoint region
[2023-11-09T11:20:44.265+0000][1117.746s][info ][safepoint     ] Total time for which application threads were stopped: 0.0011697 seconds, Stopping threads took: 0.0004882 seconds
[2023-11-09T11:20:45.265+0000][1118.747s][debug][safepoint     ] Safepoint synchronization initiated. (169 threads)
[2023-11-09T11:20:45.266+0000][1118.747s][info ][safepoint     ] Application time: 1.0005397 seconds
[2023-11-09T11:20:45.266+0000][1118.748s][info ][safepoint     ] Entering safepoint region: Cleanup
[2023-11-09T11:20:45.267+0000][1118.748s][info ][safepoint     ] Leaving safepoint region
[2023-11-09T11:20:45.267+0000][1118.749s][info ][safepoint     ] Total time for which application threads were stopped: 0.0010898 seconds, Stopping threads took: 0.0004122 seconds
[2023-11-09T11:20:46.268+0000][1119.749s][debug][safepoint     ] Safepoint synchronization initiated. (169 threads)
[2023-11-09T11:20:46.269+0000][1119.750s][info ][safepoint     ] Application time: 1.0012292 seconds
[2023-11-09T11:20:46.270+0000][1119.751s][info ][safepoint     ] Entering safepoint region: Cleanup
[2023-11-09T11:20:46.271+0000][1119.752s][info ][safepoint     ] Leaving safepoint region
[2023-11-09T11:20:46.272+0000][1119.753s][info ][safepoint     ] Total time for which application threads were stopped: 0.0018758 seconds, Stopping threads took: 0.0007499 seconds
[2023-11-09T11:20:47.272+0000][1120.754s][debug][safepoint     ] Safepoint synchronization initiated. (169 threads)
[2023-11-09T11:20:47.273+0000][1120.755s][info ][safepoint     ] Application time: 1.0008561 seconds
[2023-11-09T11:20:47.274+0000][1120.756s][info ][safepoint     ] Entering safepoint region: Cleanup
[2023-11-09T11:20:47.275+0000][1120.756s][info ][safepoint     ] Leaving safepoint region
[2023-11-09T11:20:47.275+0000][1120.757s][info ][safepoint     ] Total time for which application threads were stopped: 0.0011576 seconds, Stopping threads took: 0.0005239 seconds
[2023-11-09T11:20:48.276+0000][1121.757s][debug][safepoint     ] Safepoint synchronization initiated. (169 threads)
[2023-11-09T11:20:48.276+0000][1121.758s][info ][safepoint     ] Application time: 1.0005383 seconds
[2023-11-09T11:20:48.277+0000][1121.758s][info ][safepoint     ] Entering safepoint region: Cleanup
[2023-11-09T11:20:48.277+0000][1121.759s][info ][safepoint     ] Leaving safepoint region
[2023-11-09T11:20:48.278+0000][1121.759s][info ][safepoint     ] Total time for which application threads were stopped: 0.0011054 seconds, Stopping threads took: 0.0006117 seconds
[2023-11-09T11:20:49.278+0000][1122.760s][debug][safepoint     ] Safepoint synchronization initiated. (169 threads)
[2023-11-09T11:20:49.279+0000][1122.760s][info ][safepoint     ] Application time: 1.0006037 seconds
[2023-11-09T11:20:49.279+0000][1122.761s][info ][safepoint     ] Entering safepoint region: Cleanup
[2023-11-09T11:20:49.279+0000][1122.761s][info ][safepoint     ] Leaving safepoint region
[2023-11-09T11:20:49.280+0000][1122.761s][info ][safepoint     ] Total time for which application threads were stopped: 0.0009258 seconds, Stopping threads took: 0.0003901 seconds
[2023-11-09T11:20:50.280+0000][1123.762s][debug][safepoint     ] Safepoint synchronization initiated. (169 threads)
[2023-11-09T11:20:50.281+0000][1123.763s][info ][safepoint     ] Application time: 1.0009095 seconds
[2023-11-09T11:20:50.282+0000][1123.763s][info ][safepoint     ] Entering safepoint region: Cleanup
[2023-11-09T11:20:50.282+0000][1123.764s][info ][safepoint     ] Leaving safepoint region
[2023-11-09T11:20:50.282+0000][1123.764s][info ][safepoint     ] Total time for which application threads were stopped: 0.0010124 seconds, Stopping threads took: 0.0004336 seconds
[2023-11-09T11:20:51.283+0000][1124.765s][debug][safepoint     ] Safepoint synchronization initiated. (169 threads)
[2023-11-09T11:20:51.284+0000][1124.765s][info ][safepoint     ] Application time: 1.0007234 seconds
[2023-11-09T11:20:51.284+0000][1124.766s][info ][safepoint     ] Entering safepoint region: Cleanup
[2023-11-09T11:20:51.285+0000][1124.766s][info ][safepoint     ] Leaving safepoint region
[2023-11-09T11:20:51.285+0000][1124.767s][info ][safepoint     ] Total time for which application threads were stopped: 0.0010799 seconds, Stopping threads took: 0.0004456 seconds
[2023-11-09T11:20:52.286+0000][1125.767s][debug][safepoint     ] Safepoint synchronization initiated. (169 threads)
[2023-11-09T11:20:52.287+0000][1125.768s][info ][safepoint     ] Application time: 1.0010167 seconds
[2023-11-09T11:20:52.287+0000][1125.769s][info ][safepoint     ] Entering safepoint region: Cleanup
[2023-11-09T11:20:52.288+0000][1125.769s][info ][safepoint     ] Leaving safepoint region
[2023-11-09T11:20:52.288+0000][1125.770s][info ][safepoint     ] Total time for which application threads were stopped: 0.0011935 seconds, Stopping threads took: 0.0005072 seconds
[2023-11-09T11:20:53.289+0000][1126.770s][debug][safepoint     ] Safepoint synchronization initiated. (169 threads)
[2023-11-09T11:20:53.289+0000][1126.771s][info ][safepoint     ] Application time: 1.0006755 seconds
[2023-11-09T11:20:53.290+0000][1126.771s][info ][safepoint     ] Entering safepoint region: Cleanup
[2023-11-09T11:20:53.291+0000][1126.772s][info ][safepoint     ] Leaving safepoint region
[2023-11-09T11:20:53.291+0000][1126.773s][info ][safepoint     ] Total time for which application threads were stopped: 0.0013249 seconds, Stopping threads took: 0.0005301 seconds
[2023-11-09T11:20:54.292+0000][1127.773s][debug][safepoint     ] Safepoint synchronization initiated. (169 threads)
[2023-11-09T11:20:54.292+0000][1127.774s][info ][safepoint     ] Application time: 1.0009059 seconds
[2023-11-09T11:20:54.293+0000][1127.775s][info ][safepoint     ] Entering safepoint region: Cleanup
[2023-11-09T11:20:54.294+0000][1127.775s][info ][safepoint     ] Leaving safepoint region
[2023-11-09T11:20:54.294+0000][1127.776s][info ][safepoint     ] Total time for which application threads were stopped: 0.0012259 seconds, Stopping threads took: 0.0005150 seconds
[2023-11-09T11:20:55.295+0000][1128.776s][debug][safepoint     ] Safepoint synchronization initiated. (169 threads)
[2023-11-09T11:20:55.295+0000][1128.777s][info ][safepoint     ] Application time: 1.0008401 seconds
[2023-11-09T11:20:55.296+0000][1128.778s][info ][safepoint     ] Entering safepoint region: Cleanup
[2023-11-09T11:20:55.297+0000][1128.778s][info ][safepoint     ] Leaving safepoint region
[2023-11-09T11:20:55.297+0000][1128.779s][info ][safepoint     ] Total time for which application threads were stopped: 0.0012615 seconds, Stopping threads took: 0.0005318 seconds
[2023-11-09T11:20:56.298+0000][1129.779s][debug][safepoint     ] Safepoint synchronization initiated. (169 threads)
[2023-11-09T11:20:56.299+0000][1129.780s][info ][safepoint     ] Application time: 1.0007489 seconds
[2023-11-09T11:20:56.299+0000][1129.781s][info ][safepoint     ] Entering safepoint region: Cleanup
[2023-11-09T11:20:56.300+0000][1129.781s][info ][safepoint     ] Leaving safepoint region
[2023-11-09T11:20:56.300+0000][1129.782s][info ][safepoint     ] Total time for which application threads were stopped: 0.0010305 seconds, Stopping threads took: 0.0004741 seconds
[2023-11-09T11:20:57.301+0000][1130.782s][debug][safepoint     ] Safepoint synchronization initiated. (169 threads)
[2023-11-09T11:20:57.301+0000][1130.783s][info ][safepoint     ] Application time: 1.0008722 seconds
[2023-11-09T11:20:57.302+0000][1130.783s][info ][safepoint     ] Entering safepoint region: Cleanup
[2023-11-09T11:20:57.302+0000][1130.784s][info ][safepoint     ] Leaving safepoint region
[2023-11-09T11:20:57.303+0000][1130.784s][info ][safepoint     ] Total time for which application threads were stopped: 0.0009502 seconds, Stopping threads took: 0.0004150 seconds
[2023-11-09T11:20:58.303+0000][1131.785s][debug][safepoint     ] Safepoint synchronization initiated. (169 threads)
[2023-11-09T11:20:58.304+0000][1131.785s][info ][safepoint     ] Application time: 1.0007035 seconds
[2023-11-09T11:20:58.304+0000][1131.786s][info ][safepoint     ] Entering safepoint region: Cleanup
[2023-11-09T11:20:58.305+0000][1131.786s][info ][safepoint     ] Leaving safepoint region
[2023-11-09T11:20:58.305+0000][1131.787s][info ][safepoint     ] Total time for which application threads were stopped: 0.0008255 seconds, Stopping threads took: 0.0003637 seconds
[2023-11-09T11:20:59.305+0000][1132.787s][debug][safepoint     ] Safepoint synchronization initiated. (169 threads)
[2023-11-09T11:20:59.306+0000][1132.787s][info ][safepoint     ] Application time: 1.0006643 seconds
[2023-11-09T11:20:59.306+0000][1132.788s][info ][safepoint     ] Entering safepoint region: Cleanup
[2023-11-09T11:20:59.307+0000][1132.788s][info ][safepoint     ] Leaving safepoint region
[2023-11-09T11:20:59.307+0000][1132.789s][info ][safepoint     ] Total time for which application threads were stopped: 0.0009973 seconds, Stopping threads took: 0.0003908 seconds
[2023-11-09T11:21:00.308+0000][1133.789s][debug][safepoint     ] Safepoint synchronization initiated. (169 threads)
[2023-11-09T11:21:00.309+0000][1133.791s][info ][safepoint     ] Application time: 1.0017484 seconds
[2023-11-09T11:21:00.310+0000][1133.792s][info ][safepoint     ] Entering safepoint region: Cleanup
[2023-11-09T11:21:00.311+0000][1133.793s][info ][safepoint     ] Leaving safepoint region
[2023-11-09T11:21:00.311+0000][1133.793s][info ][safepoint     ] Total time for which application threads were stopped: 0.0011980 seconds, Stopping threads took: 0.0005627 seconds
[2023-11-09T11:21:01.312+0000][1134.794s][debug][safepoint     ] Safepoint synchronization initiated. (169 threads)
[2023-11-09T11:21:01.312+0000][1134.794s][info ][safepoint     ] Application time: 1.0006842 seconds
[2023-11-09T11:21:01.313+0000][1134.794s][info ][safepoint     ] Entering safepoint region: Cleanup
[2023-11-09T11:21:01.313+0000][1134.795s][info ][safepoint     ] Leaving safepoint region
[2023-11-09T11:21:01.314+0000][1134.795s][info ][safepoint     ] Total time for which application threads were stopped: 0.0010039 seconds, Stopping threads took: 0.0004397 seconds
[2023-11-09T11:21:02.314+0000][1135.796s][debug][safepoint     ] Safepoint synchronization initiated. (169 threads)
[2023-11-09T11:21:02.315+0000][1135.797s][info ][safepoint     ] Application time: 1.0008718 seconds
[2023-11-09T11:21:02.316+0000][1135.797s][info ][safepoint     ] Entering safepoint region: Cleanup
[2023-11-09T11:21:02.316+0000][1135.798s][info ][safepoint     ] Leaving safepoint region
[2023-11-09T11:21:02.317+0000][1135.798s][info ][safepoint     ] Total time for which application threads were stopped: 0.0012157 seconds, Stopping threads took: 0.0005884 seconds
[2023-11-09T11:21:03.318+0000][1136.799s][debug][safepoint     ] Safepoint synchronization initiated. (169 threads)
[2023-11-09T11:21:03.318+0000][1136.800s][info ][safepoint     ] Application time: 1.0009192 seconds
[2023-11-09T11:21:03.319+0000][1136.801s][info ][safepoint     ] Entering safepoint region: Cleanup
[2023-11-09T11:21:03.320+0000][1136.802s][info ][safepoint     ] Leaving safepoint region
[2023-11-09T11:21:03.321+0000][1136.802s][info ][safepoint     ] Total time for which application threads were stopped: 0.0016050 seconds, Stopping threads took: 0.0008243 seconds
[2023-11-09T11:21:04.321+0000][1137.803s][debug][safepoint     ] Safepoint synchronization initiated. (169 threads)
[2023-11-09T11:21:04.322+0000][1137.803s][info ][safepoint     ] Application time: 1.0007636 seconds
[2023-11-09T11:21:04.322+0000][1137.804s][info ][safepoint     ] Entering safepoint region: Cleanup
[2023-11-09T11:21:04.323+0000][1137.805s][info ][safepoint     ] Leaving safepoint region
[2023-11-09T11:21:04.323+0000][1137.805s][info ][safepoint     ] Total time for which application threads were stopped: 0.0009616 seconds, Stopping threads took: 0.0004566 seconds
[2023-11-09T11:21:05.324+0000][1138.805s][debug][safepoint     ] Safepoint synchronization initiated. (169 threads)
[2023-11-09T11:21:05.325+0000][1138.806s][info ][safepoint     ] Application time: 1.0009166 seconds
[2023-11-09T11:21:05.325+0000][1138.807s][info ][safepoint     ] Entering safepoint region: Cleanup
[2023-11-09T11:21:05.326+0000][1138.808s][info ][safepoint     ] Leaving safepoint region
[2023-11-09T11:21:05.326+0000][1138.808s][info ][safepoint     ] Total time for which application threads were stopped: 0.0013574 seconds, Stopping threads took: 0.0005756 seconds
[2023-11-09T11:21:06.327+0000][1139.809s][debug][safepoint     ] Safepoint synchronization initiated. (169 threads)
[2023-11-09T11:21:06.328+0000][1139.810s][info ][safepoint     ] Application time: 1.0011295 seconds
[2023-11-09T11:21:06.329+0000][1139.811s][info ][safepoint     ] Entering safepoint region: Cleanup
[2023-11-09T11:21:06.330+0000][1139.811s][info ][safepoint     ] Leaving safepoint region
[2023-11-09T11:21:06.330+0000][1139.812s][info ][safepoint     ] Total time for which application threads were stopped: 0.0014110 seconds, Stopping threads took: 0.0005532 seconds
[2023-11-09T11:21:07.331+0000][1140.813s][debug][safepoint     ] Safepoint synchronization initiated. (169 threads)
[2023-11-09T11:21:07.332+0000][1140.813s][info ][safepoint     ] Application time: 1.0007695 seconds
[2023-11-09T11:21:07.332+0000][1140.814s][info ][safepoint     ] Entering safepoint region: Cleanup
[2023-11-09T11:21:07.333+0000][1140.815s][info ][safepoint     ] Leaving safepoint region
[2023-11-09T11:21:07.334+0000][1140.815s][info ][safepoint     ] Total time for which application threads were stopped: 0.0012040 seconds, Stopping threads took: 0.0005643 seconds
[2023-11-09T11:21:08.334+0000][1141.816s][debug][safepoint     ] Safepoint synchronization initiated. (169 threads)
[2023-11-09T11:21:08.335+0000][1141.816s][info ][safepoint     ] Application time: 1.0006849 seconds
[2023-11-09T11:21:08.335+0000][1141.817s][info ][safepoint     ] Entering safepoint region: Cleanup
[2023-11-09T11:21:08.336+0000][1141.818s][info ][safepoint     ] Leaving safepoint region
[2023-11-09T11:21:08.336+0000][1141.818s][info ][safepoint     ] Total time for which application threads were stopped: 0.0013816 seconds, Stopping threads took: 0.0006707 seconds
[2023-11-09T11:21:09.337+0000][1142.819s][debug][safepoint     ] Safepoint synchronization initiated. (169 threads)
[2023-11-09T11:21:09.338+0000][1142.820s][info ][safepoint     ] Application time: 1.0010521 seconds
[2023-11-09T11:21:09.338+0000][1142.820s][info ][safepoint     ] Entering safepoint region: Cleanup
[2023-11-09T11:21:09.339+0000][1142.821s][info ][safepoint     ] Leaving safepoint region
[2023-11-09T11:21:09.340+0000][1142.822s][info ][safepoint     ] Total time for which application threads were stopped: 0.0014649 seconds, Stopping threads took: 0.0005629 seconds
[2023-11-09T11:21:10.341+0000][1143.822s][debug][safepoint     ] Safepoint synchronization initiated. (169 threads)
[2023-11-09T11:21:10.341+0000][1143.823s][info ][safepoint     ] Application time: 1.0007899 seconds
[2023-11-09T11:21:10.342+0000][1143.824s][info ][safepoint     ] Entering safepoint region: Cleanup
[2023-11-09T11:21:10.342+0000][1143.824s][info ][safepoint     ] Leaving safepoint region
[2023-11-09T11:21:10.343+0000][1143.825s][info ][safepoint     ] Total time for which application threads were stopped: 0.0012953 seconds, Stopping threads took: 0.0005358 seconds
[2023-11-09T11:21:11.344+0000][1144.826s][debug][safepoint     ] Safepoint synchronization initiated. (169 threads)
[2023-11-09T11:21:11.364+0000][1144.846s][info ][safepoint     ] Application time: 1.0206223 seconds
[2023-11-09T11:21:11.365+0000][1144.847s][info ][safepoint     ] Entering safepoint region: Cleanup
[2023-11-09T11:21:11.366+0000][1144.847s][info ][safepoint     ] Leaving safepoint region
[2023-11-09T11:21:11.366+0000][1144.848s][info ][safepoint     ] Total time for which application threads were stopped: 0.0012648 seconds, Stopping threads took: 0.0005227 seconds
[2023-11-09T11:21:12.367+0000][1145.849s][debug][safepoint     ] Safepoint synchronization initiated. (169 threads)
[2023-11-09T11:21:12.367+0000][1145.849s][info ][safepoint     ] Application time: 1.0006601 seconds
[2023-11-09T11:21:12.368+0000][1145.849s][info ][safepoint     ] Entering safepoint region: Cleanup
[2023-11-09T11:21:12.368+0000][1145.850s][info ][safepoint     ] Leaving safepoint region
[2023-11-09T11:21:12.368+0000][1145.850s][info ][safepoint     ] Total time for which application threads were stopped: 0.0008527 seconds, Stopping threads took: 0.0003896 seconds
[2023-11-09T11:21:13.369+0000][1146.851s][debug][safepoint     ] Safepoint synchronization initiated. (169 threads)
[2023-11-09T11:21:13.370+0000][1146.852s][info ][safepoint     ] Application time: 1.0010792 seconds
[2023-11-09T11:21:13.371+0000][1146.852s][info ][safepoint     ] Entering safepoint region: Cleanup
[2023-11-09T11:21:13.372+0000][1146.853s][info ][safepoint     ] Leaving safepoint region
[2023-11-09T11:21:13.372+0000][1146.854s][info ][safepoint     ] Total time for which application threads were stopped: 0.0015619 seconds, Stopping threads took: 0.0007421 seconds
[2023-11-09T11:21:14.373+0000][1147.855s][debug][safepoint     ] Safepoint synchronization initiated. (169 threads)
[2023-11-09T11:21:14.373+0000][1147.855s][info ][safepoint     ] Application time: 1.0007413 seconds
[2023-11-09T11:21:14.374+0000][1147.856s][info ][safepoint     ] Entering safepoint region: Cleanup
[2023-11-09T11:21:14.375+0000][1147.856s][info ][safepoint     ] Leaving safepoint region
[2023-11-09T11:21:14.375+0000][1147.857s][info ][safepoint     ] Total time for which application threads were stopped: 0.0012877 seconds, Stopping threads took: 0.0005241 seconds
[2023-11-09T11:21:15.376+0000][1148.858s][debug][safepoint     ] Safepoint synchronization initiated. (169 threads)
[2023-11-09T11:21:15.377+0000][1148.858s][info ][safepoint     ] Application time: 1.0010454 seconds
[2023-11-09T11:21:15.377+0000][1148.859s][info ][safepoint     ] Entering safepoint region: Cleanup
[2023-11-09T11:21:15.378+0000][1148.860s][info ][safepoint     ] Leaving safepoint region
[2023-11-09T11:21:15.378+0000][1148.860s][info ][safepoint     ] Total time for which application threads were stopped: 0.0011308 seconds, Stopping threads took: 0.0004633 seconds
[2023-11-09T11:21:16.379+0000][1149.861s][debug][safepoint     ] Safepoint synchronization initiated. (169 threads)
[2023-11-09T11:21:16.380+0000][1149.861s][info ][safepoint     ] Application time: 1.0009103 seconds
[2023-11-09T11:21:16.380+0000][1149.862s][info ][safepoint     ] Entering safepoint region: Cleanup
[2023-11-09T11:21:16.381+0000][1149.863s][info ][safepoint     ] Leaving safepoint region
[2023-11-09T11:21:16.382+0000][1149.863s][info ][safepoint     ] Total time for which application threads were stopped: 0.0014121 seconds, Stopping threads took: 0.0006892 seconds
[2023-11-09T11:21:17.382+0000][1150.864s][debug][safepoint     ] Safepoint synchronization initiated. (169 threads)
[2023-11-09T11:21:17.383+0000][1150.865s][info ][safepoint     ] Application time: 1.0012182 seconds
[2023-11-09T11:21:17.384+0000][1150.866s][info ][safepoint     ] Entering safepoint region: Cleanup
[2023-11-09T11:21:17.385+0000][1150.867s][info ][safepoint     ] Leaving safepoint region
[2023-11-09T11:21:17.385+0000][1150.867s][info ][safepoint     ] Total time for which application threads were stopped: 0.0014809 seconds, Stopping threads took: 0.0007437 seconds
[2023-11-09T11:21:18.386+0000][1151.868s][debug][safepoint     ] Safepoint synchronization initiated. (169 threads)
[2023-11-09T11:21:18.387+0000][1151.869s][info ][safepoint     ] Application time: 1.0007883 seconds
[2023-11-09T11:21:18.387+0000][1151.869s][info ][safepoint     ] Entering safepoint region: Cleanup
[2023-11-09T11:21:18.388+0000][1151.870s][info ][safepoint     ] Leaving safepoint region
[2023-11-09T11:21:18.388+0000][1151.870s][info ][safepoint     ] Total time for which application threads were stopped: 0.0009049 seconds, Stopping threads took: 0.0003909 seconds
[2023-11-09T11:21:19.389+0000][1152.870s][debug][safepoint     ] Safepoint synchronization initiated. (169 threads)
[2023-11-09T11:21:19.389+0000][1152.871s][info ][safepoint     ] Application time: 1.0010937 seconds
[2023-11-09T11:21:19.390+0000][1152.872s][info ][safepoint     ] Entering safepoint region: Cleanup
[2023-11-09T11:21:19.391+0000][1152.873s][info ][safepoint     ] Leaving safepoint region
[2023-11-09T11:21:19.392+0000][1152.874s][info ][safepoint     ] Total time for which application threads were stopped: 0.0018396 seconds, Stopping threads took: 0.0007232 seconds
[2023-11-09T11:21:20.393+0000][1153.875s][debug][safepoint     ] Safepoint synchronization initiated. (169 threads)
[2023-11-09T11:21:20.393+0000][1153.875s][info ][safepoint     ] Application time: 1.0007159 seconds
[2023-11-09T11:21:20.394+0000][1153.876s][info ][safepoint     ] Entering safepoint region: Cleanup
[2023-11-09T11:21:20.395+0000][1153.876s][info ][safepoint     ] Leaving safepoint region
[2023-11-09T11:21:20.395+0000][1153.877s][info ][safepoint     ] Total time for which application threads were stopped: 0.0009957 seconds, Stopping threads took: 0.0004514 seconds
[2023-11-09T11:21:21.396+0000][1154.877s][debug][safepoint     ] Safepoint synchronization initiated. (169 threads)
[2023-11-09T11:21:21.396+0000][1154.878s][info ][safepoint     ] Application time: 1.0007735 seconds
[2023-11-09T11:21:21.397+0000][1154.878s][info ][safepoint     ] Entering safepoint region: Cleanup
[2023-11-09T11:21:21.397+0000][1154.879s][info ][safepoint     ] Leaving safepoint region
[2023-11-09T11:21:21.397+0000][1154.879s][info ][safepoint     ] Total time for which application threads were stopped: 0.0010046 seconds, Stopping threads took: 0.0004128 seconds
[2023-11-09T11:21:22.398+0000][1155.880s][debug][safepoint     ] Safepoint synchronization initiated. (169 threads)
[2023-11-09T11:21:22.399+0000][1155.881s][info ][safepoint     ] Application time: 1.0009418 seconds
[2023-11-09T11:21:22.399+0000][1155.881s][info ][safepoint     ] Entering safepoint region: Cleanup
[2023-11-09T11:21:22.400+0000][1155.882s][info ][safepoint     ] Leaving safepoint region
[2023-11-09T11:21:22.401+0000][1155.882s][info ][safepoint     ] Total time for which application threads were stopped: 0.0012918 seconds, Stopping threads took: 0.0004767 seconds
[2023-11-09T11:21:23.401+0000][1156.883s][debug][safepoint     ] Safepoint synchronization initiated. (169 threads)
[2023-11-09T11:21:23.402+0000][1156.884s][info ][safepoint     ] Application time: 1.0008147 seconds
[2023-11-09T11:21:23.402+0000][1156.884s][info ][safepoint     ] Entering safepoint region: Cleanup
[2023-11-09T11:21:23.403+0000][1156.885s][info ][safepoint     ] Leaving safepoint region
[2023-11-09T11:21:23.404+0000][1156.885s][info ][safepoint     ] Total time for which application threads were stopped: 0.0011949 seconds, Stopping threads took: 0.0005740 seconds
[2023-11-09T11:21:24.404+0000][1157.886s][debug][safepoint     ] Safepoint synchronization initiated. (169 threads)
[2023-11-09T11:21:24.404+0000][1157.886s][info ][safepoint     ] Application time: 1.0005788 seconds
[2023-11-09T11:21:24.405+0000][1157.887s][info ][safepoint     ] Entering safepoint region: Cleanup
[2023-11-09T11:21:24.405+0000][1157.887s][info ][safepoint     ] Leaving safepoint region
[2023-11-09T11:21:24.406+0000][1157.887s][info ][safepoint     ] Total time for which application threads were stopped: 0.0008593 seconds, Stopping threads took: 0.0003795 seconds
[2023-11-09T11:21:25.406+0000][1158.888s][debug][safepoint     ] Safepoint synchronization initiated. (169 threads)
[2023-11-09T11:21:25.406+0000][1158.888s][info ][safepoint     ] Application time: 1.0006112 seconds
[2023-11-09T11:21:25.407+0000][1158.889s][info ][safepoint     ] Entering safepoint region: Cleanup
[2023-11-09T11:21:25.408+0000][1158.889s][info ][safepoint     ] Leaving safepoint region
[2023-11-09T11:21:25.408+0000][1158.890s][info ][safepoint     ] Total time for which application threads were stopped: 0.0012219 seconds, Stopping threads took: 0.0004781 seconds
[2023-11-09T11:21:26.409+0000][1159.890s][debug][safepoint     ] Safepoint synchronization initiated. (169 threads)
[2023-11-09T11:21:26.409+0000][1159.891s][info ][safepoint     ] Application time: 1.0005633 seconds
[2023-11-09T11:21:26.409+0000][1159.891s][info ][safepoint     ] Entering safepoint region: Cleanup
[2023-11-09T11:21:26.410+0000][1159.892s][info ][safepoint     ] Leaving safepoint region
[2023-11-09T11:21:26.410+0000][1159.892s][info ][safepoint     ] Total time for which application threads were stopped: 0.0007824 seconds, Stopping threads took: 0.0003484 seconds
[2023-11-09T11:21:27.411+0000][1160.892s][debug][safepoint     ] Safepoint synchronization initiated. (169 threads)
[2023-11-09T11:21:27.411+0000][1160.893s][info ][safepoint     ] Application time: 1.0008894 seconds
[2023-11-09T11:21:27.412+0000][1160.894s][info ][safepoint     ] Entering safepoint region: Cleanup
[2023-11-09T11:21:27.413+0000][1160.894s][info ][safepoint     ] Leaving safepoint region
[2023-11-09T11:21:27.413+0000][1160.895s][info ][safepoint     ] Total time for which application threads were stopped: 0.0011857 seconds, Stopping threads took: 0.0005502 seconds
[2023-11-09T11:21:28.414+0000][1161.895s][debug][safepoint     ] Safepoint synchronization initiated. (169 threads)
[2023-11-09T11:21:28.414+0000][1161.896s][info ][safepoint     ] Application time: 1.0005670 seconds
[2023-11-09T11:21:28.414+0000][1161.896s][info ][safepoint     ] Entering safepoint region: Cleanup
[2023-11-09T11:21:28.415+0000][1161.897s][info ][safepoint     ] Leaving safepoint region
[2023-11-09T11:21:28.415+0000][1161.897s][info ][safepoint     ] Total time for which application threads were stopped: 0.0011133 seconds, Stopping threads took: 0.0003386 seconds
[2023-11-09T11:21:29.416+0000][1162.898s][debug][safepoint     ] Safepoint synchronization initiated. (169 threads)
[2023-11-09T11:21:29.417+0000][1162.898s][info ][safepoint     ] Application time: 1.0007972 seconds
[2023-11-09T11:21:29.417+0000][1162.899s][info ][safepoint     ] Entering safepoint region: Cleanup
[2023-11-09T11:21:29.418+0000][1162.900s][info ][safepoint     ] Leaving safepoint region
[2023-11-09T11:21:29.418+0000][1162.900s][info ][safepoint     ] Total time for which application threads were stopped: 0.0011742 seconds, Stopping threads took: 0.0004344 seconds
[2023-11-09T11:21:30.419+0000][1163.901s][debug][safepoint     ] Safepoint synchronization initiated. (169 threads)
[2023-11-09T11:21:30.419+0000][1163.901s][info ][safepoint     ] Application time: 1.0007370 seconds
[2023-11-09T11:21:30.420+0000][1163.902s][info ][safepoint     ] Entering safepoint region: Cleanup
[2023-11-09T11:21:30.421+0000][1163.903s][info ][safepoint     ] Leaving safepoint region
[2023-11-09T11:21:30.423+0000][1163.904s][info ][safepoint     ] Total time for which application threads were stopped: 0.0027275 seconds, Stopping threads took: 0.0005488 seconds
[2023-11-09T11:21:31.423+0000][1164.905s][debug][safepoint     ] Safepoint synchronization initiated. (169 threads)
[2023-11-09T11:21:31.424+0000][1164.906s][info ][safepoint     ] Application time: 1.0007826 seconds
[2023-11-09T11:21:31.424+0000][1164.906s][info ][safepoint     ] Entering safepoint region: Cleanup
[2023-11-09T11:21:31.425+0000][1164.907s][info ][safepoint     ] Leaving safepoint region
[2023-11-09T11:21:31.426+0000][1164.907s][info ][safepoint     ] Total time for which application threads were stopped: 0.0011682 seconds, Stopping threads took: 0.0004671 seconds
[2023-11-09T11:21:32.426+0000][1165.908s][debug][safepoint     ] Safepoint synchronization initiated. (169 threads)
[2023-11-09T11:21:32.427+0000][1165.909s][info ][safepoint     ] Application time: 1.0006508 seconds
[2023-11-09T11:21:32.427+0000][1165.909s][info ][safepoint     ] Entering safepoint region: Cleanup
[2023-11-09T11:21:32.428+0000][1165.910s][info ][safepoint     ] Leaving safepoint region
[2023-11-09T11:21:32.428+0000][1165.910s][info ][safepoint     ] Total time for which application threads were stopped: 0.0010464 seconds, Stopping threads took: 0.0004290 seconds
[2023-11-09T11:21:33.429+0000][1166.911s][debug][safepoint     ] Safepoint synchronization initiated. (169 threads)
[2023-11-09T11:21:33.429+0000][1166.911s][info ][safepoint     ] Application time: 1.0005374 seconds
[2023-11-09T11:21:33.430+0000][1166.911s][info ][safepoint     ] Entering safepoint region: Cleanup
[2023-11-09T11:21:33.430+0000][1166.912s][info ][safepoint     ] Leaving safepoint region
[2023-11-09T11:21:33.431+0000][1166.912s][info ][safepoint     ] Total time for which application threads were stopped: 0.0009083 seconds, Stopping threads took: 0.0003315 seconds
[2023-11-09T11:21:34.431+0000][1167.913s][debug][safepoint     ] Safepoint synchronization initiated. (169 threads)
[2023-11-09T11:21:34.432+0000][1167.914s][info ][safepoint     ] Application time: 1.0014191 seconds
[2023-11-09T11:21:34.433+0000][1167.915s][info ][safepoint     ] Entering safepoint region: Cleanup
[2023-11-09T11:21:34.434+0000][1167.916s][info ][safepoint     ] Leaving safepoint region
[2023-11-09T11:21:34.435+0000][1167.917s][info ][safepoint     ] Total time for which application threads were stopped: 0.0018701 seconds, Stopping threads took: 0.0009009 seconds
[2023-11-09T11:21:35.436+0000][1168.918s][debug][safepoint     ] Safepoint synchronization initiated. (169 threads)
[2023-11-09T11:21:35.437+0000][1168.918s][info ][safepoint     ] Application time: 1.0010514 seconds
[2023-11-09T11:21:35.437+0000][1168.919s][info ][safepoint     ] Entering safepoint region: Cleanup
[2023-11-09T11:21:35.438+0000][1168.920s][info ][safepoint     ] Leaving safepoint region
[2023-11-09T11:21:35.438+0000][1168.920s][info ][safepoint     ] Total time for which application threads were stopped: 0.0011763 seconds, Stopping threads took: 0.0005594 seconds
[2023-11-09T11:21:36.439+0000][1169.921s][debug][safepoint     ] Safepoint synchronization initiated. (169 threads)
[2023-11-09T11:21:36.440+0000][1169.922s][info ][safepoint     ] Application time: 1.0011557 seconds
[2023-11-09T11:21:36.441+0000][1169.922s][info ][safepoint     ] Entering safepoint region: Cleanup
[2023-11-09T11:21:36.441+0000][1169.923s][info ][safepoint     ] Leaving safepoint region
[2023-11-09T11:21:36.442+0000][1169.924s][info ][safepoint     ] Total time for which application threads were stopped: 0.0015735 seconds, Stopping threads took: 0.0006501 seconds
[2023-11-09T11:21:37.443+0000][1170.925s][debug][safepoint     ] Safepoint synchronization initiated. (169 threads)
[2023-11-09T11:21:37.443+0000][1170.925s][info ][safepoint     ] Application time: 1.0008651 seconds
[2023-11-09T11:21:37.444+0000][1170.926s][info ][safepoint     ] Entering safepoint region: Cleanup
[2023-11-09T11:21:37.445+0000][1170.927s][info ][safepoint     ] Leaving safepoint region
[2023-11-09T11:21:37.445+0000][1170.927s][info ][safepoint     ] Total time for which application threads were stopped: 0.0012416 seconds, Stopping threads took: 0.0005999 seconds
[2023-11-09T11:21:38.446+0000][1171.928s][debug][safepoint     ] Safepoint synchronization initiated. (169 threads)
[2023-11-09T11:21:38.447+0000][1171.928s][info ][safepoint     ] Application time: 1.0010443 seconds
[2023-11-09T11:21:38.447+0000][1171.929s][info ][safepoint     ] Entering safepoint region: Cleanup
[2023-11-09T11:21:38.449+0000][1171.930s][info ][safepoint     ] Leaving safepoint region
[2023-11-09T11:21:38.449+0000][1171.931s][info ][safepoint     ] Total time for which application threads were stopped: 0.0017467 seconds, Stopping threads took: 0.0008402 seconds
[2023-11-09T11:21:39.450+0000][1172.932s][debug][safepoint     ] Safepoint synchronization initiated. (169 threads)
[2023-11-09T11:21:39.450+0000][1172.932s][info ][safepoint     ] Application time: 1.0007881 seconds
[2023-11-09T11:21:39.451+0000][1172.933s][info ][safepoint     ] Entering safepoint region: Cleanup
[2023-11-09T11:21:39.451+0000][1172.933s][info ][safepoint     ] Leaving safepoint region
[2023-11-09T11:21:39.452+0000][1172.934s][info ][safepoint     ] Total time for which application threads were stopped: 0.0010725 seconds, Stopping threads took: 0.0004798 seconds
[2023-11-09T11:21:40.452+0000][1173.934s][debug][safepoint     ] Safepoint synchronization initiated. (169 threads)
[2023-11-09T11:21:40.453+0000][1173.935s][info ][safepoint     ] Application time: 1.0010626 seconds
[2023-11-09T11:21:40.454+0000][1173.936s][info ][safepoint     ] Entering safepoint region: Cleanup
[2023-11-09T11:21:40.455+0000][1173.937s][info ][safepoint     ] Leaving safepoint region
[2023-11-09T11:21:40.455+0000][1173.937s][info ][safepoint     ] Total time for which application threads were stopped: 0.0012634 seconds, Stopping threads took: 0.0005709 seconds
[2023-11-09T11:21:41.456+0000][1174.938s][debug][safepoint     ] Safepoint synchronization initiated. (169 threads)
[2023-11-09T11:21:41.456+0000][1174.938s][info ][safepoint     ] Application time: 1.0009348 seconds
[2023-11-09T11:21:41.457+0000][1174.939s][info ][safepoint     ] Entering safepoint region: Cleanup
[2023-11-09T11:21:41.458+0000][1174.940s][info ][safepoint     ] Leaving safepoint region
[2023-11-09T11:21:41.458+0000][1174.940s][info ][safepoint     ] Total time for which application threads were stopped: 0.0012685 seconds, Stopping threads took: 0.0005744 seconds
[2023-11-09T11:21:42.459+0000][1175.941s][debug][safepoint     ] Safepoint synchronization initiated. (169 threads)
[2023-11-09T11:21:42.459+0000][1175.941s][info ][safepoint     ] Application time: 1.0006659 seconds
[2023-11-09T11:21:42.460+0000][1175.942s][info ][safepoint     ] Entering safepoint region: Cleanup
[2023-11-09T11:21:42.460+0000][1175.942s][info ][safepoint     ] Leaving safepoint region
[2023-11-09T11:21:42.461+0000][1175.943s][info ][safepoint     ] Total time for which application threads were stopped: 0.0010381 seconds, Stopping threads took: 0.0004427 seconds
[2023-11-09T11:21:43.462+0000][1176.944s][debug][safepoint     ] Safepoint synchronization initiated. (169 threads)
[2023-11-09T11:21:43.462+0000][1176.944s][info ][safepoint     ] Application time: 1.0012251 seconds
[2023-11-09T11:21:43.463+0000][1176.945s][info ][safepoint     ] Entering safepoint region: Cleanup
[2023-11-09T11:21:43.464+0000][1176.946s][info ][safepoint     ] Leaving safepoint region
[2023-11-09T11:21:43.465+0000][1176.947s][info ][safepoint     ] Total time for which application threads were stopped: 0.0014368 seconds, Stopping threads took: 0.0007023 seconds
[2023-11-09T11:21:44.465+0000][1177.947s][debug][safepoint     ] Safepoint synchronization initiated. (169 threads)
[2023-11-09T11:21:44.466+0000][1177.948s][info ][safepoint     ] Application time: 1.0008169 seconds
[2023-11-09T11:21:44.466+0000][1177.948s][info ][safepoint     ] Entering safepoint region: Cleanup
[2023-11-09T11:21:44.467+0000][1177.949s][info ][safepoint     ] Leaving safepoint region
[2023-11-09T11:21:44.468+0000][1177.950s][info ][safepoint     ] Total time for which application threads were stopped: 0.0011527 seconds, Stopping threads took: 0.0005106 seconds
[2023-11-09T11:21:45.468+0000][1178.950s][debug][safepoint     ] Safepoint synchronization initiated. (169 threads)
[2023-11-09T11:21:45.469+0000][1178.951s][info ][safepoint     ] Application time: 1.0005603 seconds
[2023-11-09T11:21:45.469+0000][1178.951s][info ][safepoint     ] Entering safepoint region: Cleanup
[2023-11-09T11:21:45.469+0000][1178.951s][info ][safepoint     ] Leaving safepoint region
[2023-11-09T11:21:45.470+0000][1178.952s][info ][safepoint     ] Total time for which application threads were stopped: 0.0007527 seconds, Stopping threads took: 0.0003265 seconds
[2023-11-09T11:21:46.470+0000][1179.952s][debug][safepoint     ] Safepoint synchronization initiated. (169 threads)
[2023-11-09T11:21:46.470+0000][1179.952s][info ][safepoint     ] Application time: 1.0005839 seconds
[2023-11-09T11:21:46.471+0000][1179.953s][info ][safepoint     ] Entering safepoint region: Cleanup
[2023-11-09T11:21:46.471+0000][1179.953s][info ][safepoint     ] Leaving safepoint region
[2023-11-09T11:21:46.472+0000][1179.954s][info ][safepoint     ] Total time for which application threads were stopped: 0.0009636 seconds, Stopping threads took: 0.0003134 seconds
[2023-11-09T11:21:47.472+0000][1180.954s][debug][safepoint     ] Safepoint synchronization initiated. (169 threads)
[2023-11-09T11:21:47.473+0000][1180.955s][info ][safepoint     ] Application time: 1.0008287 seconds
[2023-11-09T11:21:47.473+0000][1180.955s][info ][safepoint     ] Entering safepoint region: Cleanup
[2023-11-09T11:21:47.474+0000][1180.956s][info ][safepoint     ] Leaving safepoint region
[2023-11-09T11:21:47.475+0000][1180.957s][info ][safepoint     ] Total time for which application threads were stopped: 0.0012327 seconds, Stopping threads took: 0.0005162 seconds
[2023-11-09T11:21:48.475+0000][1181.957s][debug][safepoint     ] Safepoint synchronization initiated. (169 threads)
[2023-11-09T11:21:48.476+0000][1181.958s][info ][safepoint     ] Application time: 1.0006704 seconds
[2023-11-09T11:21:48.476+0000][1181.958s][info ][safepoint     ] Entering safepoint region: Cleanup
[2023-11-09T11:21:48.477+0000][1181.959s][info ][safepoint     ] Leaving safepoint region
[2023-11-09T11:21:48.477+0000][1181.959s][info ][safepoint     ] Total time for which application threads were stopped: 0.0008247 seconds, Stopping threads took: 0.0003797 seconds
[2023-11-09T11:21:49.478+0000][1182.960s][debug][safepoint     ] Safepoint synchronization initiated. (169 threads)
[2023-11-09T11:21:49.478+0000][1182.960s][info ][safepoint     ] Application time: 1.0007256 seconds
[2023-11-09T11:21:49.479+0000][1182.961s][info ][safepoint     ] Entering safepoint region: Cleanup
[2023-11-09T11:21:49.479+0000][1182.961s][info ][safepoint     ] Leaving safepoint region
[2023-11-09T11:21:49.479+0000][1182.961s][info ][safepoint     ] Total time for which application threads were stopped: 0.0008731 seconds, Stopping threads took: 0.0003900 seconds
[2023-11-09T11:21:50.480+0000][1183.962s][debug][safepoint     ] Safepoint synchronization initiated. (169 threads)
[2023-11-09T11:21:50.481+0000][1183.962s][info ][safepoint     ] Application time: 1.0007108 seconds
[2023-11-09T11:21:50.481+0000][1183.963s][info ][safepoint     ] Entering safepoint region: Cleanup
[2023-11-09T11:21:50.482+0000][1183.964s][info ][safepoint     ] Leaving safepoint region
[2023-11-09T11:21:50.482+0000][1183.964s][info ][safepoint     ] Total time for which application threads were stopped: 0.0010682 seconds, Stopping threads took: 0.0004266 seconds
[2023-11-09T11:21:51.483+0000][1184.965s][debug][safepoint     ] Safepoint synchronization initiated. (169 threads)
[2023-11-09T11:21:51.483+0000][1184.965s][info ][safepoint     ] Application time: 1.0007907 seconds
[2023-11-09T11:21:51.484+0000][1184.966s][info ][safepoint     ] Entering safepoint region: Cleanup
[2023-11-09T11:21:51.485+0000][1184.966s][info ][safepoint     ] Leaving safepoint region
[2023-11-09T11:21:51.485+0000][1184.967s][info ][safepoint     ] Total time for which application threads were stopped: 0.0011733 seconds, Stopping threads took: 0.0004848 seconds
[2023-11-09T11:21:52.486+0000][1185.968s][debug][safepoint     ] Safepoint synchronization initiated. (169 threads)
[2023-11-09T11:21:52.487+0000][1185.968s][info ][safepoint     ] Application time: 1.0009334 seconds
[2023-11-09T11:21:52.487+0000][1185.969s][info ][safepoint     ] Entering safepoint region: Cleanup
[2023-11-09T11:21:52.488+0000][1185.970s][info ][safepoint     ] Leaving safepoint region
[2023-11-09T11:21:52.488+0000][1185.970s][info ][safepoint     ] Total time for which application threads were stopped: 0.0013546 seconds, Stopping threads took: 0.0005665 seconds
[2023-11-09T11:21:53.489+0000][1186.971s][debug][safepoint     ] Safepoint synchronization initiated. (168 threads)
[2023-11-09T11:21:53.490+0000][1186.972s][info ][safepoint     ] Application time: 1.0009643 seconds
[2023-11-09T11:21:53.491+0000][1186.973s][info ][safepoint     ] Entering safepoint region: Cleanup
[2023-11-09T11:21:53.492+0000][1186.974s][info ][safepoint     ] Leaving safepoint region
[2023-11-09T11:21:53.492+0000][1186.974s][info ][safepoint     ] Total time for which application threads were stopped: 0.0016036 seconds, Stopping threads took: 0.0007772 seconds
[2023-11-09T11:21:54.493+0000][1187.975s][debug][safepoint     ] Safepoint synchronization initiated. (168 threads)
[2023-11-09T11:21:54.493+0000][1187.975s][info ][safepoint     ] Application time: 1.0007503 seconds
[2023-11-09T11:21:54.494+0000][1187.976s][info ][safepoint     ] Entering safepoint region: Cleanup
[2023-11-09T11:21:54.494+0000][1187.976s][info ][safepoint     ] Leaving safepoint region
[2023-11-09T11:21:54.495+0000][1187.976s][info ][safepoint     ] Total time for which application threads were stopped: 0.0008611 seconds, Stopping threads took: 0.0003260 seconds
[2023-11-09T11:21:55.495+0000][1188.977s][debug][safepoint     ] Safepoint synchronization initiated. (168 threads)
[2023-11-09T11:21:55.496+0000][1188.978s][info ][safepoint     ] Application time: 1.0007380 seconds
[2023-11-09T11:21:55.496+0000][1188.978s][info ][safepoint     ] Entering safepoint region: Cleanup
[2023-11-09T11:21:55.497+0000][1188.979s][info ][safepoint     ] Leaving safepoint region
[2023-11-09T11:21:55.497+0000][1188.979s][info ][safepoint     ] Total time for which application threads were stopped: 0.0009679 seconds, Stopping threads took: 0.0003934 seconds
[2023-11-09T11:21:56.498+0000][1189.980s][debug][safepoint     ] Safepoint synchronization initiated. (168 threads)
[2023-11-09T11:21:56.498+0000][1189.980s][info ][safepoint     ] Application time: 1.0009224 seconds
[2023-11-09T11:21:56.499+0000][1189.981s][info ][safepoint     ] Entering safepoint region: Cleanup
[2023-11-09T11:21:56.500+0000][1189.982s][info ][safepoint     ] Leaving safepoint region
[2023-11-09T11:21:56.500+0000][1189.982s][info ][safepoint     ] Total time for which application threads were stopped: 0.0012219 seconds, Stopping threads took: 0.0004678 seconds
[2023-11-09T11:21:57.501+0000][1190.983s][debug][safepoint     ] Safepoint synchronization initiated. (168 threads)
[2023-11-09T11:21:57.502+0000][1190.984s][info ][safepoint     ] Application time: 1.0010431 seconds
[2023-11-09T11:21:57.502+0000][1190.984s][info ][safepoint     ] Entering safepoint region: Cleanup
[2023-11-09T11:21:57.503+0000][1190.985s][info ][safepoint     ] Leaving safepoint region
[2023-11-09T11:21:57.504+0000][1190.986s][info ][safepoint     ] Total time for which application threads were stopped: 0.0017302 seconds, Stopping threads took: 0.0007264 seconds
[2023-11-09T11:21:58.505+0000][1191.987s][debug][safepoint     ] Safepoint synchronization initiated. (168 threads)
[2023-11-09T11:21:58.506+0000][1191.988s][info ][safepoint     ] Application time: 1.0010690 seconds
[2023-11-09T11:21:58.506+0000][1191.988s][info ][safepoint     ] Entering safepoint region: Cleanup
[2023-11-09T11:21:58.507+0000][1191.989s][info ][safepoint     ] Leaving safepoint region
[2023-11-09T11:21:58.508+0000][1191.990s][info ][safepoint     ] Total time for which application threads were stopped: 0.0012840 seconds, Stopping threads took: 0.0006745 seconds
[2023-11-09T11:21:59.509+0000][1192.991s][debug][safepoint     ] Safepoint synchronization initiated. (168 threads)
[2023-11-09T11:21:59.509+0000][1192.991s][info ][safepoint     ] Application time: 1.0009927 seconds
[2023-11-09T11:21:59.510+0000][1192.992s][info ][safepoint     ] Entering safepoint region: Cleanup
[2023-11-09T11:21:59.511+0000][1192.993s][info ][safepoint     ] Leaving safepoint region
[2023-11-09T11:21:59.512+0000][1192.994s][info ][safepoint     ] Total time for which application threads were stopped: 0.0017380 seconds, Stopping threads took: 0.0007729 seconds
[2023-11-09T11:22:00.512+0000][1193.994s][debug][safepoint     ] Safepoint synchronization initiated. (168 threads)
[2023-11-09T11:22:00.513+0000][1193.995s][info ][safepoint     ] Application time: 1.0011623 seconds
[2023-11-09T11:22:00.514+0000][1193.996s][info ][safepoint     ] Entering safepoint region: Cleanup
[2023-11-09T11:22:00.515+0000][1193.997s][info ][safepoint     ] Leaving safepoint region
[2023-11-09T11:22:00.516+0000][1193.998s][info ][safepoint     ] Total time for which application threads were stopped: 0.0017621 seconds, Stopping threads took: 0.0008041 seconds
[2023-11-09T11:22:01.517+0000][1194.999s][debug][safepoint     ] Safepoint synchronization initiated. (168 threads)
[2023-11-09T11:22:01.518+0000][1195.000s][info ][safepoint     ] Application time: 1.0014516 seconds
[2023-11-09T11:22:01.519+0000][1195.001s][info ][safepoint     ] Entering safepoint region: Cleanup
[2023-11-09T11:22:01.519+0000][1195.001s][info ][safepoint     ] Leaving safepoint region
[2023-11-09T11:22:01.520+0000][1195.002s][info ][safepoint     ] Total time for which application threads were stopped: 0.0013418 seconds, Stopping threads took: 0.0006356 seconds
[2023-11-09T11:22:02.521+0000][1196.003s][debug][safepoint     ] Safepoint synchronization initiated. (168 threads)
[2023-11-09T11:22:02.522+0000][1196.003s][info ][safepoint     ] Application time: 1.0010139 seconds
[2023-11-09T11:22:02.522+0000][1196.004s][info ][safepoint     ] Entering safepoint region: Cleanup
[2023-11-09T11:22:02.523+0000][1196.005s][info ][safepoint     ] Leaving safepoint region
[2023-11-09T11:22:02.523+0000][1196.005s][info ][safepoint     ] Total time for which application threads were stopped: 0.0012646 seconds, Stopping threads took: 0.0006244 seconds
[2023-11-09T11:22:03.524+0000][1197.006s][debug][safepoint     ] Safepoint synchronization initiated. (168 threads)
[2023-11-09T11:22:03.525+0000][1197.007s][info ][safepoint     ] Application time: 1.0007724 seconds
[2023-11-09T11:22:03.525+0000][1197.007s][info ][safepoint     ] Entering safepoint region: Cleanup
[2023-11-09T11:22:03.526+0000][1197.008s][info ][safepoint     ] Leaving safepoint region
[2023-11-09T11:22:03.526+0000][1197.008s][info ][safepoint     ] Total time for which application threads were stopped: 0.0009647 seconds, Stopping threads took: 0.0004084 seconds
[2023-11-09T11:22:04.526+0000][1198.008s][debug][safepoint     ] Safepoint synchronization initiated. (168 threads)
[2023-11-09T11:22:04.527+0000][1198.009s][info ][safepoint     ] Application time: 1.0008913 seconds
[2023-11-09T11:22:04.528+0000][1198.010s][info ][safepoint     ] Entering safepoint region: Cleanup
[2023-11-09T11:22:04.528+0000][1198.010s][info ][safepoint     ] Leaving safepoint region
[2023-11-09T11:22:04.529+0000][1198.011s][info ][safepoint     ] Total time for which application threads were stopped: 0.0009741 seconds, Stopping threads took: 0.0003711 seconds
[2023-11-09T11:22:05.529+0000][1199.011s][debug][safepoint     ] Safepoint synchronization initiated. (168 threads)
[2023-11-09T11:22:05.530+0000][1199.012s][info ][safepoint     ] Application time: 1.0008605 seconds
[2023-11-09T11:22:05.530+0000][1199.012s][info ][safepoint     ] Entering safepoint region: Cleanup
[2023-11-09T11:22:05.531+0000][1199.013s][info ][safepoint     ] Leaving safepoint region
[2023-11-09T11:22:05.532+0000][1199.013s][info ][safepoint     ] Total time for which application threads were stopped: 0.0011602 seconds, Stopping threads took: 0.0005201 seconds
[2023-11-09T11:22:06.532+0000][1200.014s][debug][safepoint     ] Safepoint synchronization initiated. (168 threads)
[2023-11-09T11:22:06.533+0000][1200.015s][info ][safepoint     ] Application time: 1.0012006 seconds
[2023-11-09T11:22:06.534+0000][1200.016s][info ][safepoint     ] Entering safepoint region: Cleanup
[2023-11-09T11:22:06.535+0000][1200.017s][info ][safepoint     ] Leaving safepoint region
[2023-11-09T11:22:06.536+0000][1200.018s][info ][safepoint     ] Total time for which application threads were stopped: 0.0021146 seconds, Stopping threads took: 0.0009171 seconds
[2023-11-09T11:22:07.537+0000][1201.019s][debug][safepoint     ] Safepoint synchronization initiated. (168 threads)
[2023-11-09T11:22:07.538+0000][1201.020s][info ][safepoint     ] Application time: 1.0012377 seconds
[2023-11-09T11:22:07.539+0000][1201.021s][info ][safepoint     ] Entering safepoint region: Cleanup
[2023-11-09T11:22:07.540+0000][1201.022s][info ][safepoint     ] Leaving safepoint region
[2023-11-09T11:22:07.541+0000][1201.023s][info ][safepoint     ] Total time for which application threads were stopped: 0.0019320 seconds, Stopping threads took: 0.0008634 seconds
[2023-11-09T11:22:08.542+0000][1202.024s][debug][safepoint     ] Safepoint synchronization initiated. (168 threads)
[2023-11-09T11:22:08.543+0000][1202.025s][info ][safepoint     ] Application time: 1.0009949 seconds
[2023-11-09T11:22:08.543+0000][1202.025s][info ][safepoint     ] Entering safepoint region: Cleanup
[2023-11-09T11:22:08.544+0000][1202.026s][info ][safepoint     ] Leaving safepoint region
[2023-11-09T11:22:08.544+0000][1202.026s][info ][safepoint     ] Total time for which application threads were stopped: 0.0010873 seconds, Stopping threads took: 0.0004880 seconds
[2023-11-09T11:22:09.545+0000][1203.027s][debug][safepoint     ] Safepoint synchronization initiated. (168 threads)
[2023-11-09T11:22:09.546+0000][1203.028s][info ][safepoint     ] Application time: 1.0009668 seconds
[2023-11-09T11:22:09.546+0000][1203.028s][info ][safepoint     ] Entering safepoint region: Cleanup
[2023-11-09T11:22:09.547+0000][1203.029s][info ][safepoint     ] Leaving safepoint region
[2023-11-09T11:22:09.547+0000][1203.029s][info ][safepoint     ] Total time for which application threads were stopped: 0.0013056 seconds, Stopping threads took: 0.0005946 seconds
[2023-11-09T11:22:10.548+0000][1204.030s][debug][safepoint     ] Safepoint synchronization initiated. (168 threads)
[2023-11-09T11:22:10.549+0000][1204.031s][info ][safepoint     ] Application time: 1.0008693 seconds
[2023-11-09T11:22:10.549+0000][1204.031s][info ][safepoint     ] Entering safepoint region: Cleanup
[2023-11-09T11:22:10.550+0000][1204.032s][info ][safepoint     ] Leaving safepoint region
[2023-11-09T11:22:10.550+0000][1204.032s][info ][safepoint     ] Total time for which application threads were stopped: 0.0011847 seconds, Stopping threads took: 0.0004956 seconds
[2023-11-09T11:22:11.551+0000][1205.033s][debug][safepoint     ] Safepoint synchronization initiated. (168 threads)
[2023-11-09T11:22:11.552+0000][1205.034s][info ][safepoint     ] Application time: 1.0007181 seconds
[2023-11-09T11:22:11.552+0000][1205.034s][info ][safepoint     ] Entering safepoint region: Cleanup
[2023-11-09T11:22:11.553+0000][1205.035s][info ][safepoint     ] Leaving safepoint region
[2023-11-09T11:22:11.553+0000][1205.035s][info ][safepoint     ] Total time for which application threads were stopped: 0.0009684 seconds, Stopping threads took: 0.0004772 seconds
[2023-11-09T11:22:12.554+0000][1206.036s][debug][safepoint     ] Safepoint synchronization initiated. (168 threads)
[2023-11-09T11:22:12.554+0000][1206.036s][info ][safepoint     ] Application time: 1.0007372 seconds
[2023-11-09T11:22:12.555+0000][1206.037s][info ][safepoint     ] Entering safepoint region: Cleanup
[2023-11-09T11:22:12.555+0000][1206.038s][info ][safepoint     ] Leaving safepoint region
[2023-11-09T11:22:12.556+0000][1206.038s][info ][safepoint     ] Total time for which application threads were stopped: 0.0010755 seconds, Stopping threads took: 0.0005502 seconds
[2023-11-09T11:22:13.557+0000][1207.039s][debug][safepoint     ] Safepoint synchronization initiated. (168 threads)
[2023-11-09T11:22:13.558+0000][1207.040s][info ][safepoint     ] Application time: 1.0013138 seconds
[2023-11-09T11:22:13.558+0000][1207.040s][info ][safepoint     ] Entering safepoint region: Cleanup
[2023-11-09T11:22:13.559+0000][1207.041s][info ][safepoint     ] Leaving safepoint region
[2023-11-09T11:22:13.560+0000][1207.042s][info ][safepoint     ] Total time for which application threads were stopped: 0.0012730 seconds, Stopping threads took: 0.0005194 seconds
[2023-11-09T11:22:14.560+0000][1208.042s][debug][safepoint     ] Safepoint synchronization initiated. (168 threads)
[2023-11-09T11:22:14.561+0000][1208.043s][info ][safepoint     ] Application time: 1.0005879 seconds
[2023-11-09T11:22:14.561+0000][1208.043s][info ][safepoint     ] Entering safepoint region: Cleanup
[2023-11-09T11:22:14.562+0000][1208.044s][info ][safepoint     ] Leaving safepoint region
[2023-11-09T11:22:14.562+0000][1208.044s][info ][safepoint     ] Total time for which application threads were stopped: 0.0009484 seconds, Stopping threads took: 0.0004038 seconds
[2023-11-09T11:22:15.562+0000][1209.045s][debug][safepoint     ] Safepoint synchronization initiated. (168 threads)
[2023-11-09T11:22:15.563+0000][1209.045s][info ][safepoint     ] Application time: 1.0006850 seconds
[2023-11-09T11:22:15.563+0000][1209.046s][info ][safepoint     ] Entering safepoint region: Cleanup
[2023-11-09T11:22:15.564+0000][1209.046s][info ][safepoint     ] Leaving safepoint region
[2023-11-09T11:22:15.564+0000][1209.046s][info ][safepoint     ] Total time for which application threads were stopped: 0.0008632 seconds, Stopping threads took: 0.0003821 seconds
[2023-11-09T11:22:16.565+0000][1210.047s][debug][safepoint     ] Safepoint synchronization initiated. (168 threads)
[2023-11-09T11:22:16.565+0000][1210.047s][info ][safepoint     ] Application time: 1.0005659 seconds
[2023-11-09T11:22:16.566+0000][1210.048s][info ][safepoint     ] Entering safepoint region: Cleanup
[2023-11-09T11:22:16.566+0000][1210.048s][info ][safepoint     ] Leaving safepoint region
[2023-11-09T11:22:16.566+0000][1210.048s][info ][safepoint     ] Total time for which application threads were stopped: 0.0008751 seconds, Stopping threads took: 0.0004048 seconds
[2023-11-09T11:22:17.567+0000][1211.049s][debug][safepoint     ] Safepoint synchronization initiated. (168 threads)
[2023-11-09T11:22:17.567+0000][1211.050s][info ][safepoint     ] Application time: 1.0007350 seconds
[2023-11-09T11:22:17.568+0000][1211.050s][info ][safepoint     ] Entering safepoint region: Cleanup
[2023-11-09T11:22:17.568+0000][1211.051s][info ][safepoint     ] Leaving safepoint region
[2023-11-09T11:22:17.569+0000][1211.051s][info ][safepoint     ] Total time for which application threads were stopped: 0.0009449 seconds, Stopping threads took: 0.0003838 seconds
[2023-11-09T11:22:18.569+0000][1212.051s][debug][safepoint     ] Safepoint synchronization initiated. (168 threads)
[2023-11-09T11:22:18.570+0000][1212.052s][info ][safepoint     ] Application time: 1.0007090 seconds
[2023-11-09T11:22:18.570+0000][1212.052s][info ][safepoint     ] Entering safepoint region: Cleanup
[2023-11-09T11:22:18.571+0000][1212.053s][info ][safepoint     ] Leaving safepoint region
[2023-11-09T11:22:18.571+0000][1212.053s][info ][safepoint     ] Total time for which application threads were stopped: 0.0009590 seconds, Stopping threads took: 0.0004169 seconds
[2023-11-09T11:22:19.572+0000][1213.054s][debug][safepoint     ] Safepoint synchronization initiated. (168 threads)
[2023-11-09T11:22:19.572+0000][1213.054s][info ][safepoint     ] Application time: 1.0007226 seconds
[2023-11-09T11:22:19.573+0000][1213.055s][info ][safepoint     ] Entering safepoint region: Cleanup
[2023-11-09T11:22:19.573+0000][1213.056s][info ][safepoint     ] Leaving safepoint region
[2023-11-09T11:22:19.574+0000][1213.056s][info ][safepoint     ] Total time for which application threads were stopped: 0.0009742 seconds, Stopping threads took: 0.0004101 seconds
[2023-11-09T11:22:20.574+0000][1214.056s][debug][safepoint     ] Safepoint synchronization initiated. (168 threads)
[2023-11-09T11:22:20.575+0000][1214.058s][info ][safepoint     ] Application time: 1.0013463 seconds
[2023-11-09T11:22:20.576+0000][1214.058s][info ][safepoint     ] Entering safepoint region: Cleanup
[2023-11-09T11:22:20.577+0000][1214.060s][info ][safepoint     ] Leaving safepoint region
[2023-11-09T11:22:20.578+0000][1214.060s][info ][safepoint     ] Total time for which application threads were stopped: 0.0018918 seconds, Stopping threads took: 0.0008860 seconds
[2023-11-09T11:22:21.579+0000][1215.061s][debug][safepoint     ] Safepoint synchronization initiated. (168 threads)
[2023-11-09T11:22:21.579+0000][1215.062s][info ][safepoint     ] Application time: 1.0005495 seconds
[2023-11-09T11:22:21.580+0000][1215.062s][info ][safepoint     ] Entering safepoint region: Cleanup
[2023-11-09T11:22:21.580+0000][1215.062s][info ][safepoint     ] Leaving safepoint region
[2023-11-09T11:22:21.581+0000][1215.063s][info ][safepoint     ] Total time for which application threads were stopped: 0.0007739 seconds, Stopping threads took: 0.0003230 seconds
[2023-11-09T11:22:22.581+0000][1216.063s][debug][safepoint     ] Safepoint synchronization initiated. (168 threads)
[2023-11-09T11:22:22.582+0000][1216.064s][info ][safepoint     ] Application time: 1.0009686 seconds
[2023-11-09T11:22:22.583+0000][1216.065s][info ][safepoint     ] Entering safepoint region: Cleanup
[2023-11-09T11:22:22.583+0000][1216.066s][info ][safepoint     ] Leaving safepoint region
[2023-11-09T11:22:22.584+0000][1216.066s][info ][safepoint     ] Total time for which application threads were stopped: 0.0015606 seconds, Stopping threads took: 0.0006939 seconds
[2023-11-09T11:22:23.585+0000][1217.067s][debug][safepoint     ] Safepoint synchronization initiated. (168 threads)
[2023-11-09T11:22:23.585+0000][1217.068s][info ][safepoint     ] Application time: 1.0008157 seconds
[2023-11-09T11:22:23.586+0000][1217.068s][info ][safepoint     ] Entering safepoint region: Cleanup
[2023-11-09T11:22:23.587+0000][1217.069s][info ][safepoint     ] Leaving safepoint region
[2023-11-09T11:22:23.588+0000][1217.070s][info ][safepoint     ] Total time for which application threads were stopped: 0.0015556 seconds, Stopping threads took: 0.0007241 seconds
[2023-11-09T11:22:24.588+0000][1218.070s][debug][safepoint     ] Safepoint synchronization initiated. (168 threads)
[2023-11-09T11:22:24.589+0000][1218.071s][info ][safepoint     ] Application time: 1.0008208 seconds
[2023-11-09T11:22:24.589+0000][1218.071s][info ][safepoint     ] Entering safepoint region: Cleanup
[2023-11-09T11:22:24.590+0000][1218.072s][info ][safepoint     ] Leaving safepoint region
[2023-11-09T11:22:24.590+0000][1218.072s][info ][safepoint     ] Total time for which application threads were stopped: 0.0009882 seconds, Stopping threads took: 0.0004485 seconds
[2023-11-09T11:22:25.591+0000][1219.073s][debug][safepoint     ] Safepoint synchronization initiated. (168 threads)
[2023-11-09T11:22:25.591+0000][1219.073s][info ][safepoint     ] Application time: 1.0008164 seconds
[2023-11-09T11:22:25.592+0000][1219.074s][info ][safepoint     ] Entering safepoint region: Cleanup
[2023-11-09T11:22:25.592+0000][1219.074s][info ][safepoint     ] Leaving safepoint region
[2023-11-09T11:22:25.593+0000][1219.075s][info ][safepoint     ] Total time for which application threads were stopped: 0.0010151 seconds, Stopping threads took: 0.0003568 seconds
[2023-11-09T11:22:26.593+0000][1220.075s][debug][safepoint     ] Safepoint synchronization initiated. (168 threads)
[2023-11-09T11:22:26.594+0000][1220.076s][info ][safepoint     ] Application time: 1.0008391 seconds
[2023-11-09T11:22:26.594+0000][1220.077s][info ][safepoint     ] Entering safepoint region: Cleanup
[2023-11-09T11:22:26.595+0000][1220.077s][info ][safepoint     ] Leaving safepoint region
[2023-11-09T11:22:26.596+0000][1220.078s][info ][safepoint     ] Total time for which application threads were stopped: 0.0013114 seconds, Stopping threads took: 0.0006025 seconds
[2023-11-09T11:22:27.596+0000][1221.078s][debug][safepoint     ] Safepoint synchronization initiated. (168 threads)
[2023-11-09T11:22:27.597+0000][1221.079s][info ][safepoint     ] Application time: 1.0011057 seconds
[2023-11-09T11:22:27.598+0000][1221.080s][info ][safepoint     ] Entering safepoint region: Cleanup
[2023-11-09T11:22:27.599+0000][1221.081s][info ][safepoint     ] Leaving safepoint region
[2023-11-09T11:22:27.600+0000][1221.082s][info ][safepoint     ] Total time for which application threads were stopped: 0.0017765 seconds, Stopping threads took: 0.0007736 seconds
[2023-11-09T11:22:28.600+0000][1222.083s][debug][safepoint     ] Safepoint synchronization initiated. (168 threads)
[2023-11-09T11:22:28.601+0000][1222.083s][info ][safepoint     ] Application time: 1.0008532 seconds
[2023-11-09T11:22:28.602+0000][1222.084s][info ][safepoint     ] Entering safepoint region: Cleanup
[2023-11-09T11:22:28.602+0000][1222.084s][info ][safepoint     ] Leaving safepoint region
[2023-11-09T11:22:28.603+0000][1222.085s][info ][safepoint     ] Total time for which application threads were stopped: 0.0010200 seconds, Stopping threads took: 0.0004305 seconds
[2023-11-09T11:22:28.746+0000][1222.228s][debug][safepoint     ] Safepoint synchronization initiated. (168 threads)
[2023-11-09T11:22:28.747+0000][1222.229s][info ][safepoint     ] Application time: 0.1436564 seconds
[2023-11-09T11:22:28.747+0000][1222.229s][info ][safepoint     ] Entering safepoint region: G1CollectForAllocation
[2023-11-09T11:22:28.748+0000][1222.230s][info ][gc,start      ] GC(69) Pause Young (Normal) (G1 Evacuation Pause)
[2023-11-09T11:22:28.748+0000][1222.230s][info ][gc,task       ] GC(69) Using 8 workers of 8 for evacuation
[2023-11-09T11:22:28.766+0000][1222.248s][info ][gc,phases     ] GC(69)   Pre Evacuate Collection Set: 0.0ms
[2023-11-09T11:22:28.767+0000][1222.249s][info ][gc,phases     ] GC(69)   Evacuate Collection Set: 14.2ms
[2023-11-09T11:22:28.767+0000][1222.250s][info ][gc,phases     ] GC(69)   Post Evacuate Collection Set: 3.3ms
[2023-11-09T11:22:28.768+0000][1222.250s][info ][gc,phases     ] GC(69)   Other: 0.9ms
[2023-11-09T11:22:28.769+0000][1222.251s][info ][gc,heap       ] GC(69) Eden regions: 187->0(189)
[2023-11-09T11:22:28.769+0000][1222.251s][info ][gc,heap       ] GC(69) Survivor regions: 13->11(25)
[2023-11-09T11:22:28.769+0000][1222.252s][info ][gc,heap       ] GC(69) Old regions: 142->144
[2023-11-09T11:22:28.770+0000][1222.252s][info ][gc,heap       ] GC(69) Humongous regions: 0->0
[2023-11-09T11:22:28.770+0000][1222.253s][info ][gc,metaspace  ] GC(69) Metaspace: 159677K(164944K)->159677K(164944K) NonClass: 141034K(144336K)->141034K(144336K) Class: 18643K(20608K)->18643K(20608K)
[2023-11-09T11:22:28.771+0000][1222.253s][info ][gc            ] GC(69) Pause Young (Normal) (G1 Evacuation Pause) 340M->152M(395M) 22.957ms
[2023-11-09T11:22:28.771+0000][1222.253s][info ][gc,cpu        ] GC(69) User=0.08s Sys=0.00s Real=0.02s
[2023-11-09T11:22:28.772+0000][1222.254s][info ][safepoint     ] Leaving safepoint region
[2023-11-09T11:22:28.772+0000][1222.254s][info ][safepoint     ] Total time for which application threads were stopped: 0.0249954 seconds, Stopping threads took: 0.0004391 seconds
[2023-11-09T11:22:28.773+0000][1222.255s][info ][gc,stringdedup] Concurrent String Deduplication (1222.255s)
[2023-11-09T11:22:28.773+0000][1222.255s][info ][gc,stringdedup] Concurrent String Deduplication 224.0B->224.0B(0.0B) avg 54.3% (1222.255s, 1222.255s) 0.397ms
[2023-11-09T11:22:29.773+0000][1223.255s][debug][safepoint     ] Safepoint synchronization initiated. (168 threads)
[2023-11-09T11:22:29.773+0000][1223.255s][info ][safepoint     ] Application time: 1.0005677 seconds
[2023-11-09T11:22:29.774+0000][1223.256s][info ][safepoint     ] Entering safepoint region: Cleanup
[2023-11-09T11:22:29.774+0000][1223.256s][info ][safepoint     ] Leaving safepoint region
[2023-11-09T11:22:29.774+0000][1223.256s][info ][safepoint     ] Total time for which application threads were stopped: 0.0007643 seconds, Stopping threads took: 0.0003251 seconds
[2023-11-09T11:22:30.775+0000][1224.257s][debug][safepoint     ] Safepoint synchronization initiated. (168 threads)
[2023-11-09T11:22:30.775+0000][1224.258s][info ][safepoint     ] Application time: 1.0009475 seconds
[2023-11-09T11:22:30.776+0000][1224.258s][info ][safepoint     ] Entering safepoint region: Cleanup
[2023-11-09T11:22:30.777+0000][1224.259s][info ][safepoint     ] Leaving safepoint region
[2023-11-09T11:22:30.777+0000][1224.259s][info ][safepoint     ] Total time for which application threads were stopped: 0.0011976 seconds, Stopping threads took: 0.0005061 seconds
[2023-11-09T11:22:31.778+0000][1225.260s][debug][safepoint     ] Safepoint synchronization initiated. (168 threads)
[2023-11-09T11:22:31.779+0000][1225.261s][info ][safepoint     ] Application time: 1.0016595 seconds
[2023-11-09T11:22:31.780+0000][1225.262s][info ][safepoint     ] Entering safepoint region: Cleanup
[2023-11-09T11:22:31.780+0000][1225.262s][info ][safepoint     ] Leaving safepoint region
[2023-11-09T11:22:31.781+0000][1225.263s][info ][safepoint     ] Total time for which application threads were stopped: 0.0011204 seconds, Stopping threads took: 0.0005498 seconds
[2023-11-09T11:22:32.781+0000][1226.263s][debug][safepoint     ] Safepoint synchronization initiated. (168 threads)
[2023-11-09T11:22:32.782+0000][1226.264s][info ][safepoint     ] Application time: 1.0007232 seconds
[2023-11-09T11:22:32.782+0000][1226.264s][info ][safepoint     ] Entering safepoint region: Cleanup
[2023-11-09T11:22:32.783+0000][1226.265s][info ][safepoint     ] Leaving safepoint region
[2023-11-09T11:22:32.783+0000][1226.265s][info ][safepoint     ] Total time for which application threads were stopped: 0.0010280 seconds, Stopping threads took: 0.0003995 seconds
[2023-11-09T11:22:33.784+0000][1227.266s][debug][safepoint     ] Safepoint synchronization initiated. (168 threads)
[2023-11-09T11:22:33.785+0000][1227.267s][info ][safepoint     ] Application time: 1.0012527 seconds
[2023-11-09T11:22:33.786+0000][1227.268s][info ][safepoint     ] Entering safepoint region: Cleanup
[2023-11-09T11:22:33.787+0000][1227.269s][info ][safepoint     ] Leaving safepoint region
[2023-11-09T11:22:33.787+0000][1227.269s][info ][safepoint     ] Total time for which application threads were stopped: 0.0015901 seconds, Stopping threads took: 0.0007796 seconds
[2023-11-09T11:22:34.788+0000][1228.270s][debug][safepoint     ] Safepoint synchronization initiated. (168 threads)
[2023-11-09T11:22:34.789+0000][1228.271s][info ][safepoint     ] Application time: 1.0012158 seconds
[2023-11-09T11:22:34.790+0000][1228.272s][info ][safepoint     ] Entering safepoint region: Cleanup
[2023-11-09T11:22:34.791+0000][1228.273s][info ][safepoint     ] Leaving safepoint region
[2023-11-09T11:22:34.792+0000][1228.274s][info ][safepoint     ] Total time for which application threads were stopped: 0.0020363 seconds, Stopping threads took: 0.0009802 seconds
[2023-11-09T11:22:35.793+0000][1229.275s][debug][safepoint     ] Safepoint synchronization initiated. (168 threads)
[2023-11-09T11:22:35.794+0000][1229.276s][info ][safepoint     ] Application time: 1.0011014 seconds
[2023-11-09T11:22:35.795+0000][1229.277s][info ][safepoint     ] Entering safepoint region: Cleanup
[2023-11-09T11:22:35.796+0000][1229.278s][info ][safepoint     ] Leaving safepoint region
[2023-11-09T11:22:35.797+0000][1229.279s][info ][safepoint     ] Total time for which application threads were stopped: 0.0019850 seconds, Stopping threads took: 0.0009385 seconds
[2023-11-09T11:22:36.798+0000][1230.280s][debug][safepoint     ] Safepoint synchronization initiated. (168 threads)
[2023-11-09T11:22:36.798+0000][1230.280s][info ][safepoint     ] Application time: 1.0005815 seconds
[2023-11-09T11:22:36.798+0000][1230.281s][info ][safepoint     ] Entering safepoint region: Cleanup
[2023-11-09T11:22:36.799+0000][1230.281s][info ][safepoint     ] Leaving safepoint region
[2023-11-09T11:22:36.799+0000][1230.281s][info ][safepoint     ] Total time for which application threads were stopped: 0.0009497 seconds, Stopping threads took: 0.0004849 seconds
[2023-11-09T11:22:37.800+0000][1231.282s][debug][safepoint     ] Safepoint synchronization initiated. (168 threads)
[2023-11-09T11:22:37.800+0000][1231.282s][info ][safepoint     ] Application time: 1.0006246 seconds
[2023-11-09T11:22:37.801+0000][1231.283s][info ][safepoint     ] Entering safepoint region: Cleanup
[2023-11-09T11:22:37.801+0000][1231.283s][info ][safepoint     ] Leaving safepoint region
[2023-11-09T11:22:37.802+0000][1231.284s][info ][safepoint     ] Total time for which application threads were stopped: 0.0008952 seconds, Stopping threads took: 0.0003682 seconds
[2023-11-09T11:22:38.802+0000][1232.284s][debug][safepoint     ] Safepoint synchronization initiated. (168 threads)
[2023-11-09T11:22:38.802+0000][1232.285s][info ][safepoint     ] Application time: 1.0005070 seconds
[2023-11-09T11:22:38.802+0000][1232.285s][info ][safepoint     ] Entering safepoint region: Cleanup
[2023-11-09T11:22:38.803+0000][1232.285s][info ][safepoint     ] Leaving safepoint region
[2023-11-09T11:22:38.803+0000][1232.286s][info ][safepoint     ] Total time for which application threads were stopped: 0.0007202 seconds, Stopping threads took: 0.0002962 seconds
[2023-11-09T11:22:39.803+0000][1233.286s][debug][safepoint     ] Safepoint synchronization initiated. (168 threads)
[2023-11-09T11:22:39.804+0000][1233.286s][info ][safepoint     ] Application time: 1.0005887 seconds
[2023-11-09T11:22:39.804+0000][1233.287s][info ][safepoint     ] Entering safepoint region: Cleanup
[2023-11-09T11:22:39.805+0000][1233.287s][info ][safepoint     ] Leaving safepoint region
[2023-11-09T11:22:39.805+0000][1233.288s][info ][safepoint     ] Total time for which application threads were stopped: 0.0008849 seconds, Stopping threads took: 0.0003544 seconds
[2023-11-09T11:22:40.805+0000][1234.288s][debug][safepoint     ] Safepoint synchronization initiated. (168 threads)
[2023-11-09T11:22:40.806+0000][1234.289s][info ][safepoint     ] Application time: 1.0008049 seconds
[2023-11-09T11:22:40.807+0000][1234.289s][info ][safepoint     ] Entering safepoint region: Cleanup
[2023-11-09T11:22:40.807+0000][1234.290s][info ][safepoint     ] Leaving safepoint region
[2023-11-09T11:22:40.808+0000][1234.290s][info ][safepoint     ] Total time for which application threads were stopped: 0.0009452 seconds, Stopping threads took: 0.0004351 seconds
[2023-11-09T11:22:41.808+0000][1235.291s][debug][safepoint     ] Safepoint synchronization initiated. (168 threads)
[2023-11-09T11:22:41.809+0000][1235.292s][info ][safepoint     ] Application time: 1.0013221 seconds
[2023-11-09T11:22:41.810+0000][1235.293s][info ][safepoint     ] Entering safepoint region: Cleanup
[2023-11-09T11:22:41.811+0000][1235.294s][info ][safepoint     ] Leaving safepoint region
[2023-11-09T11:22:41.812+0000][1235.294s][info ][safepoint     ] Total time for which application threads were stopped: 0.0017361 seconds, Stopping threads took: 0.0008082 seconds
[2023-11-09T11:22:42.813+0000][1236.295s][debug][safepoint     ] Safepoint synchronization initiated. (168 threads)
[2023-11-09T11:22:42.813+0000][1236.296s][info ][safepoint     ] Application time: 1.0005567 seconds
[2023-11-09T11:22:42.813+0000][1236.296s][info ][safepoint     ] Entering safepoint region: Cleanup
[2023-11-09T11:22:42.814+0000][1236.297s][info ][safepoint     ] Leaving safepoint region
[2023-11-09T11:22:42.814+0000][1236.297s][info ][safepoint     ] Total time for which application threads were stopped: 0.0008684 seconds, Stopping threads took: 0.0003284 seconds
[2023-11-09T11:22:42.814+0000][1236.297s][debug][safepoint     ] ... found polling page return exception at pc = 0x00007fb4f0d6dc84, stub =0x00007fb4e8840600
[2023-11-09T11:22:42.814+0000][1236.297s][debug][safepoint     ] ... found polling page return exception at pc = 0x00007fb4f0d6dc84, stub =0x00007fb4e8840600
[2023-11-09T11:22:42.814+0000][1236.297s][debug][safepoint     ] ... found polling page return exception at pc = 0x00007fb4f0d6dc84, stub =0x00007fb4e8840600
[2023-11-09T11:22:42.814+0000][1236.297s][debug][safepoint     ] ... found polling page return exception at pc = 0x00007fb4f0d6dc84, stub =0x00007fb4e8840600
[2023-11-09T11:22:43.815+0000][1237.297s][debug][safepoint     ] Safepoint synchronization initiated. (168 threads)
[2023-11-09T11:22:43.816+0000][1237.298s][info ][safepoint     ] Application time: 1.0009776 seconds
[2023-11-09T11:22:43.816+0000][1237.299s][info ][safepoint     ] Entering safepoint region: Cleanup
[2023-11-09T11:22:43.817+0000][1237.300s][info ][safepoint     ] Leaving safepoint region
[2023-11-09T11:22:43.818+0000][1237.300s][info ][safepoint     ] Total time for which application threads were stopped: 0.0014197 seconds, Stopping threads took: 0.0007140 seconds
[2023-11-09T11:22:44.818+0000][1238.301s][debug][safepoint     ] Safepoint synchronization initiated. (168 threads)
[2023-11-09T11:22:44.819+0000][1238.302s][info ][safepoint     ] Application time: 1.0010753 seconds
[2023-11-09T11:22:44.820+0000][1238.303s][info ][safepoint     ] Entering safepoint region: Cleanup
[2023-11-09T11:22:44.821+0000][1238.303s][info ][safepoint     ] Leaving safepoint region
[2023-11-09T11:22:44.821+0000][1238.304s][info ][safepoint     ] Total time for which application threads were stopped: 0.0013436 seconds, Stopping threads took: 0.0006766 seconds
[2023-11-09T11:22:45.822+0000][1239.304s][debug][safepoint     ] Safepoint synchronization initiated. (168 threads)
[2023-11-09T11:22:45.822+0000][1239.305s][info ][safepoint     ] Application time: 1.0005134 seconds
[2023-11-09T11:22:45.823+0000][1239.305s][info ][safepoint     ] Entering safepoint region: Cleanup
[2023-11-09T11:22:45.823+0000][1239.306s][info ][safepoint     ] Leaving safepoint region
[2023-11-09T11:22:45.823+0000][1239.306s][info ][safepoint     ] Total time for which application threads were stopped: 0.0007541 seconds, Stopping threads took: 0.0002985 seconds
[2023-11-09T11:22:46.824+0000][1240.306s][debug][safepoint     ] Safepoint synchronization initiated. (168 threads)
[2023-11-09T11:22:46.825+0000][1240.308s][info ][safepoint     ] Application time: 1.0012801 seconds
[2023-11-09T11:22:46.826+0000][1240.308s][info ][safepoint     ] Entering safepoint region: Cleanup
[2023-11-09T11:22:46.827+0000][1240.310s][info ][safepoint     ] Leaving safepoint region
[2023-11-09T11:22:46.828+0000][1240.310s][info ][safepoint     ] Total time for which application threads were stopped: 0.0017824 seconds, Stopping threads took: 0.0008315 seconds
[2023-11-09T11:22:47.828+0000][1241.311s][debug][safepoint     ] Safepoint synchronization initiated. (168 threads)
[2023-11-09T11:22:47.829+0000][1241.311s][info ][safepoint     ] Application time: 1.0005973 seconds
[2023-11-09T11:22:47.829+0000][1241.312s][info ][safepoint     ] Entering safepoint region: Cleanup
[2023-11-09T11:22:47.830+0000][1241.312s][info ][safepoint     ] Leaving safepoint region
[2023-11-09T11:22:47.830+0000][1241.313s][info ][safepoint     ] Total time for which application threads were stopped: 0.0009525 seconds, Stopping threads took: 0.0004334 seconds
[2023-11-09T11:22:48.830+0000][1242.313s][debug][safepoint     ] Safepoint synchronization initiated. (168 threads)
[2023-11-09T11:22:48.831+0000][1242.314s][info ][safepoint     ] Application time: 1.0007801 seconds
[2023-11-09T11:22:48.831+0000][1242.314s][info ][safepoint     ] Entering safepoint region: Cleanup
[2023-11-09T11:22:48.832+0000][1242.315s][info ][safepoint     ] Leaving safepoint region
[2023-11-09T11:22:48.832+0000][1242.315s][info ][safepoint     ] Total time for which application threads were stopped: 0.0011265 seconds, Stopping threads took: 0.0004307 seconds
[2023-11-09T11:22:49.833+0000][1243.316s][debug][safepoint     ] Safepoint synchronization initiated. (168 threads)
[2023-11-09T11:22:49.834+0000][1243.317s][info ][safepoint     ] Application time: 1.0012329 seconds
[2023-11-09T11:22:49.835+0000][1243.318s][info ][safepoint     ] Entering safepoint region: Cleanup
[2023-11-09T11:22:49.836+0000][1243.319s][info ][safepoint     ] Leaving safepoint region
[2023-11-09T11:22:49.837+0000][1243.319s][info ][safepoint     ] Total time for which application threads were stopped: 0.0014367 seconds, Stopping threads took: 0.0007068 seconds
[2023-11-09T11:22:50.837+0000][1244.320s][debug][safepoint     ] Safepoint synchronization initiated. (168 threads)
[2023-11-09T11:22:50.838+0000][1244.320s][info ][safepoint     ] Application time: 1.0006943 seconds
[2023-11-09T11:22:50.838+0000][1244.321s][info ][safepoint     ] Entering safepoint region: Cleanup
[2023-11-09T11:22:50.839+0000][1244.321s][info ][safepoint     ] Leaving safepoint region
[2023-11-09T11:22:50.839+0000][1244.322s][info ][safepoint     ] Total time for which application threads were stopped: 0.0010223 seconds, Stopping threads took: 0.0003818 seconds
[2023-11-09T11:22:51.840+0000][1245.323s][debug][safepoint     ] Safepoint synchronization initiated. (168 threads)
[2023-11-09T11:22:51.841+0000][1245.323s][info ][safepoint     ] Application time: 1.0006116 seconds
[2023-11-09T11:22:51.841+0000][1245.324s][info ][safepoint     ] Entering safepoint region: Cleanup
[2023-11-09T11:22:51.842+0000][1245.324s][info ][safepoint     ] Leaving safepoint region
[2023-11-09T11:22:51.842+0000][1245.325s][info ][safepoint     ] Total time for which application threads were stopped: 0.0009743 seconds, Stopping threads took: 0.0004216 seconds
[2023-11-09T11:22:52.842+0000][1246.325s][debug][safepoint     ] Safepoint synchronization initiated. (168 threads)
[2023-11-09T11:22:52.844+0000][1246.326s][info ][safepoint     ] Application time: 1.0012908 seconds
[2023-11-09T11:22:52.845+0000][1246.328s][info ][safepoint     ] Entering safepoint region: Cleanup
[2023-11-09T11:22:52.846+0000][1246.329s][info ][safepoint     ] Leaving safepoint region
[2023-11-09T11:22:52.846+0000][1246.329s][info ][safepoint     ] Total time for which application threads were stopped: 0.0013654 seconds, Stopping threads took: 0.0007282 seconds
[2023-11-09T11:22:53.847+0000][1247.330s][debug][safepoint     ] Safepoint synchronization initiated. (168 threads)
[2023-11-09T11:22:53.848+0000][1247.331s][info ][safepoint     ] Application time: 1.0010183 seconds
[2023-11-09T11:22:53.849+0000][1247.331s][info ][safepoint     ] Entering safepoint region: Cleanup
[2023-11-09T11:22:53.850+0000][1247.332s][info ][safepoint     ] Leaving safepoint region
[2023-11-09T11:22:53.850+0000][1247.333s][info ][safepoint     ] Total time for which application threads were stopped: 0.0014689 seconds, Stopping threads took: 0.0006234 seconds
[2023-11-09T11:22:54.851+0000][1248.334s][debug][safepoint     ] Safepoint synchronization initiated. (168 threads)
[2023-11-09T11:22:54.852+0000][1248.334s][info ][safepoint     ] Application time: 1.0005877 seconds
[2023-11-09T11:22:54.852+0000][1248.335s][info ][safepoint     ] Entering safepoint region: Cleanup
[2023-11-09T11:22:54.852+0000][1248.335s][info ][safepoint     ] Leaving safepoint region
[2023-11-09T11:22:54.853+0000][1248.335s][info ][safepoint     ] Total time for which application threads were stopped: 0.0009739 seconds, Stopping threads took: 0.0003354 seconds
[2023-11-09T11:22:55.853+0000][1249.336s][debug][safepoint     ] Safepoint synchronization initiated. (168 threads)
[2023-11-09T11:22:55.854+0000][1249.336s][info ][safepoint     ] Application time: 1.0005726 seconds
[2023-11-09T11:22:55.854+0000][1249.337s][info ][safepoint     ] Entering safepoint region: Cleanup
[2023-11-09T11:22:55.855+0000][1249.337s][info ][safepoint     ] Leaving safepoint region
[2023-11-09T11:22:55.855+0000][1249.338s][info ][safepoint     ] Total time for which application threads were stopped: 0.0011152 seconds, Stopping threads took: 0.0003728 seconds
[2023-11-09T11:22:56.856+0000][1250.339s][debug][safepoint     ] Safepoint synchronization initiated. (168 threads)
[2023-11-09T11:22:56.857+0000][1250.339s][info ][safepoint     ] Application time: 1.0006991 seconds
[2023-11-09T11:22:56.857+0000][1250.340s][info ][safepoint     ] Entering safepoint region: Cleanup
[2023-11-09T11:22:56.858+0000][1250.340s][info ][safepoint     ] Leaving safepoint region
[2023-11-09T11:22:56.858+0000][1250.341s][info ][safepoint     ] Total time for which application threads were stopped: 0.0013788 seconds, Stopping threads took: 0.0005172 seconds
[2023-11-09T11:22:57.859+0000][1251.342s][debug][safepoint     ] Safepoint synchronization initiated. (168 threads)
[2023-11-09T11:22:57.860+0000][1251.343s][info ][safepoint     ] Application time: 1.0011091 seconds
[2023-11-09T11:22:57.861+0000][1251.343s][info ][safepoint     ] Entering safepoint region: Cleanup
[2023-11-09T11:22:57.862+0000][1251.344s][info ][safepoint     ] Leaving safepoint region
[2023-11-09T11:22:57.862+0000][1251.345s][info ][safepoint     ] Total time for which application threads were stopped: 0.0015523 seconds, Stopping threads took: 0.0008063 seconds
[2023-11-09T11:22:58.863+0000][1252.346s][debug][safepoint     ] Safepoint synchronization initiated. (168 threads)
[2023-11-09T11:22:58.864+0000][1252.346s][info ][safepoint     ] Application time: 1.0009171 seconds
[2023-11-09T11:22:58.864+0000][1252.347s][info ][safepoint     ] Entering safepoint region: Cleanup
[2023-11-09T11:22:58.865+0000][1252.348s][info ][safepoint     ] Leaving safepoint region
[2023-11-09T11:22:58.866+0000][1252.348s][info ][safepoint     ] Total time for which application threads were stopped: 0.0013314 seconds, Stopping threads took: 0.0006207 seconds
[2023-11-09T11:22:59.866+0000][1253.349s][debug][safepoint     ] Safepoint synchronization initiated. (168 threads)
[2023-11-09T11:22:59.867+0000][1253.350s][info ][safepoint     ] Application time: 1.0008723 seconds
[2023-11-09T11:22:59.868+0000][1253.350s][info ][safepoint     ] Entering safepoint region: Cleanup
[2023-11-09T11:22:59.868+0000][1253.351s][info ][safepoint     ] Leaving safepoint region
[2023-11-09T11:22:59.869+0000][1253.351s][info ][safepoint     ] Total time for which application threads were stopped: 0.0011527 seconds, Stopping threads took: 0.0004346 seconds
[2023-11-09T11:23:00.870+0000][1254.352s][debug][safepoint     ] Safepoint synchronization initiated. (168 threads)
[2023-11-09T11:23:00.870+0000][1254.353s][info ][safepoint     ] Application time: 1.0011231 seconds
[2023-11-09T11:23:00.871+0000][1254.354s][info ][safepoint     ] Entering safepoint region: Cleanup
[2023-11-09T11:23:00.872+0000][1254.355s][info ][safepoint     ] Leaving safepoint region
[2023-11-09T11:23:00.873+0000][1254.355s][info ][safepoint     ] Total time for which application threads were stopped: 0.0016812 seconds, Stopping threads took: 0.0007382 seconds
[2023-11-09T11:23:01.874+0000][1255.356s][debug][safepoint     ] Safepoint synchronization initiated. (168 threads)
[2023-11-09T11:23:01.874+0000][1255.357s][info ][safepoint     ] Application time: 1.0009615 seconds
[2023-11-09T11:23:01.875+0000][1255.358s][info ][safepoint     ] Entering safepoint region: Cleanup
[2023-11-09T11:23:01.876+0000][1255.358s][info ][safepoint     ] Leaving safepoint region
[2023-11-09T11:23:01.876+0000][1255.359s][info ][safepoint     ] Total time for which application threads were stopped: 0.0014031 seconds, Stopping threads took: 0.0007359 seconds
[2023-11-09T11:23:02.877+0000][1256.359s][debug][safepoint     ] Safepoint synchronization initiated. (168 threads)
[2023-11-09T11:23:02.877+0000][1256.360s][info ][safepoint     ] Application time: 1.0007666 seconds
[2023-11-09T11:23:02.878+0000][1256.361s][info ][safepoint     ] Entering safepoint region: Cleanup
[2023-11-09T11:23:02.878+0000][1256.361s][info ][safepoint     ] Leaving safepoint region
[2023-11-09T11:23:02.879+0000][1256.361s][info ][safepoint     ] Total time for which application threads were stopped: 0.0008566 seconds, Stopping threads took: 0.0003627 seconds
[2023-11-09T11:23:03.879+0000][1257.362s][debug][safepoint     ] Safepoint synchronization initiated. (168 threads)
[2023-11-09T11:23:03.880+0000][1257.363s][info ][safepoint     ] Application time: 1.0010121 seconds
[2023-11-09T11:23:03.881+0000][1257.364s][info ][safepoint     ] Entering safepoint region: Cleanup
[2023-11-09T11:23:03.882+0000][1257.364s][info ][safepoint     ] Leaving safepoint region
[2023-11-09T11:23:03.882+0000][1257.365s][info ][safepoint     ] Total time for which application threads were stopped: 0.0010971 seconds, Stopping threads took: 0.0005353 seconds
[2023-11-09T11:23:04.883+0000][1258.365s][debug][safepoint     ] Safepoint synchronization initiated. (168 threads)
[2023-11-09T11:23:04.883+0000][1258.366s][info ][safepoint     ] Application time: 1.0012155 seconds
[2023-11-09T11:23:04.884+0000][1258.367s][info ][safepoint     ] Entering safepoint region: Cleanup
[2023-11-09T11:23:04.886+0000][1258.368s][info ][safepoint     ] Leaving safepoint region
[2023-11-09T11:23:04.886+0000][1258.369s][info ][safepoint     ] Total time for which application threads were stopped: 0.0019423 seconds, Stopping threads took: 0.0008748 seconds
[2023-11-09T11:23:05.887+0000][1259.370s][debug][safepoint     ] Safepoint synchronization initiated. (168 threads)
[2023-11-09T11:23:05.889+0000][1259.371s][info ][safepoint     ] Application time: 1.0017704 seconds
[2023-11-09T11:23:05.890+0000][1259.372s][info ][safepoint     ] Entering safepoint region: Cleanup
[2023-11-09T11:23:05.891+0000][1259.373s][info ][safepoint     ] Leaving safepoint region
[2023-11-09T11:23:05.892+0000][1259.374s][info ][safepoint     ] Total time for which application threads were stopped: 0.0018391 seconds, Stopping threads took: 0.0007606 seconds
[2023-11-09T11:23:06.892+0000][1260.375s][debug][safepoint     ] Safepoint synchronization initiated. (168 threads)
[2023-11-09T11:23:06.893+0000][1260.375s][info ][safepoint     ] Application time: 1.0005201 seconds
[2023-11-09T11:23:06.893+0000][1260.376s][info ][safepoint     ] Entering safepoint region: Cleanup
[2023-11-09T11:23:06.894+0000][1260.376s][info ][safepoint     ] Leaving safepoint region
[2023-11-09T11:23:06.894+0000][1260.377s][info ][safepoint     ] Total time for which application threads were stopped: 0.0009796 seconds, Stopping threads took: 0.0004063 seconds
[2023-11-09T11:23:07.895+0000][1261.377s][debug][safepoint     ] Safepoint synchronization initiated. (168 threads)
[2023-11-09T11:23:07.896+0000][1261.378s][info ][safepoint     ] Application time: 1.0011685 seconds
[2023-11-09T11:23:07.896+0000][1261.379s][info ][safepoint     ] Entering safepoint region: Cleanup
[2023-11-09T11:23:07.897+0000][1261.380s][info ][safepoint     ] Leaving safepoint region
[2023-11-09T11:23:07.898+0000][1261.381s][info ][safepoint     ] Total time for which application threads were stopped: 0.0017420 seconds, Stopping threads took: 0.0007249 seconds
[2023-11-09T11:23:08.899+0000][1262.382s][debug][safepoint     ] Safepoint synchronization initiated. (168 threads)
[2023-11-09T11:23:08.899+0000][1262.382s][info ][safepoint     ] Application time: 1.0009497 seconds
[2023-11-09T11:23:08.900+0000][1262.383s][info ][safepoint     ] Entering safepoint region: Cleanup
[2023-11-09T11:23:08.901+0000][1262.384s][info ][safepoint     ] Leaving safepoint region
[2023-11-09T11:23:08.901+0000][1262.384s][info ][safepoint     ] Total time for which application threads were stopped: 0.0012267 seconds, Stopping threads took: 0.0005531 seconds
[2023-11-09T11:23:09.902+0000][1263.385s][debug][safepoint     ] Safepoint synchronization initiated. (168 threads)
[2023-11-09T11:23:09.903+0000][1263.386s][info ][safepoint     ] Application time: 1.0013938 seconds
[2023-11-09T11:23:09.904+0000][1263.387s][info ][safepoint     ] Entering safepoint region: Cleanup
[2023-11-09T11:23:09.905+0000][1263.388s][info ][safepoint     ] Leaving safepoint region
[2023-11-09T11:23:09.906+0000][1263.389s][info ][safepoint     ] Total time for which application threads were stopped: 0.0020792 seconds, Stopping threads took: 0.0008838 seconds
[2023-11-09T11:23:10.907+0000][1264.390s][debug][safepoint     ] Safepoint synchronization initiated. (168 threads)
[2023-11-09T11:23:10.908+0000][1264.391s][info ][safepoint     ] Application time: 1.0012007 seconds
[2023-11-09T11:23:10.909+0000][1264.392s][info ][safepoint     ] Entering safepoint region: Cleanup
[2023-11-09T11:23:10.910+0000][1264.393s][info ][safepoint     ] Leaving safepoint region
[2023-11-09T11:23:10.911+0000][1264.394s][info ][safepoint     ] Total time for which application threads were stopped: 0.0018062 seconds, Stopping threads took: 0.0007444 seconds
[2023-11-09T11:23:11.911+0000][1265.394s][debug][safepoint     ] Safepoint synchronization initiated. (168 threads)
[2023-11-09T11:23:11.912+0000][1265.395s][info ][safepoint     ] Application time: 1.0004871 seconds
[2023-11-09T11:23:11.912+0000][1265.395s][info ][safepoint     ] Entering safepoint region: Cleanup
[2023-11-09T11:23:11.912+0000][1265.395s][info ][safepoint     ] Leaving safepoint region
[2023-11-09T11:23:11.913+0000][1265.396s][info ][safepoint     ] Total time for which application threads were stopped: 0.0007512 seconds, Stopping threads took: 0.0002817 seconds
[2023-11-09T11:23:12.913+0000][1266.396s][debug][safepoint     ] Safepoint synchronization initiated. (168 threads)
[2023-11-09T11:23:12.914+0000][1266.397s][info ][safepoint     ] Application time: 1.0006336 seconds
[2023-11-09T11:23:12.914+0000][1266.397s][info ][safepoint     ] Entering safepoint region: Cleanup
[2023-11-09T11:23:12.915+0000][1266.398s][info ][safepoint     ] Leaving safepoint region
[2023-11-09T11:23:12.915+0000][1266.398s][info ][safepoint     ] Total time for which application threads were stopped: 0.0011140 seconds, Stopping threads took: 0.0003846 seconds
[2023-11-09T11:23:13.916+0000][1267.399s][debug][safepoint     ] Safepoint synchronization initiated. (168 threads)
[2023-11-09T11:23:13.916+0000][1267.399s][info ][safepoint     ] Application time: 1.0007100 seconds
[2023-11-09T11:23:13.917+0000][1267.400s][info ][safepoint     ] Entering safepoint region: Cleanup
[2023-11-09T11:23:13.917+0000][1267.400s][info ][safepoint     ] Leaving safepoint region
[2023-11-09T11:23:13.918+0000][1267.401s][info ][safepoint     ] Total time for which application threads were stopped: 0.0010083 seconds, Stopping threads took: 0.0004347 seconds
[2023-11-09T11:23:14.918+0000][1268.401s][debug][safepoint     ] Safepoint synchronization initiated. (168 threads)
[2023-11-09T11:23:14.919+0000][1268.402s][info ][safepoint     ] Application time: 1.0008098 seconds
[2023-11-09T11:23:14.919+0000][1268.402s][info ][safepoint     ] Entering safepoint region: Cleanup
[2023-11-09T11:23:14.920+0000][1268.403s][info ][safepoint     ] Leaving safepoint region
[2023-11-09T11:23:14.920+0000][1268.403s][info ][safepoint     ] Total time for which application threads were stopped: 0.0012494 seconds, Stopping threads took: 0.0006319 seconds
[2023-11-09T11:23:15.921+0000][1269.404s][debug][safepoint     ] Safepoint synchronization initiated. (168 threads)
[2023-11-09T11:23:15.922+0000][1269.405s][info ][safepoint     ] Application time: 1.0014200 seconds
[2023-11-09T11:23:15.923+0000][1269.406s][info ][safepoint     ] Entering safepoint region: Cleanup
[2023-11-09T11:23:15.925+0000][1269.408s][info ][safepoint     ] Leaving safepoint region
[2023-11-09T11:23:15.925+0000][1269.408s][info ][safepoint     ] Total time for which application threads were stopped: 0.0021593 seconds, Stopping threads took: 0.0009409 seconds
[2023-11-09T11:23:16.926+0000][1270.409s][debug][safepoint     ] Safepoint synchronization initiated. (168 threads)
[2023-11-09T11:23:16.928+0000][1270.411s][info ][safepoint     ] Application time: 1.0014235 seconds
[2023-11-09T11:23:16.928+0000][1270.411s][info ][safepoint     ] Entering safepoint region: Cleanup
[2023-11-09T11:23:16.930+0000][1270.413s][info ][safepoint     ] Leaving safepoint region
[2023-11-09T11:23:16.930+0000][1270.413s][info ][safepoint     ] Total time for which application threads were stopped: 0.0020397 seconds, Stopping threads took: 0.0009682 seconds
[2023-11-09T11:23:17.931+0000][1271.414s][debug][safepoint     ] Safepoint synchronization initiated. (168 threads)
[2023-11-09T11:23:17.932+0000][1271.415s][info ][safepoint     ] Application time: 1.0005824 seconds
[2023-11-09T11:23:17.932+0000][1271.415s][info ][safepoint     ] Entering safepoint region: Cleanup
[2023-11-09T11:23:17.933+0000][1271.416s][info ][safepoint     ] Leaving safepoint region
[2023-11-09T11:23:17.933+0000][1271.416s][info ][safepoint     ] Total time for which application threads were stopped: 0.0009448 seconds, Stopping threads took: 0.0003267 seconds
[2023-11-09T11:23:18.934+0000][1272.417s][debug][safepoint     ] Safepoint synchronization initiated. (168 threads)
[2023-11-09T11:23:18.935+0000][1272.418s][info ][safepoint     ] Application time: 1.0015251 seconds
[2023-11-09T11:23:18.936+0000][1272.419s][info ][safepoint     ] Entering safepoint region: Cleanup
[2023-11-09T11:23:18.937+0000][1272.420s][info ][safepoint     ] Leaving safepoint region
[2023-11-09T11:23:18.938+0000][1272.421s][info ][safepoint     ] Total time for which application threads were stopped: 0.0021999 seconds, Stopping threads took: 0.0009738 seconds
[2023-11-09T11:23:19.939+0000][1273.422s][debug][safepoint     ] Safepoint synchronization initiated. (168 threads)
[2023-11-09T11:23:19.949+0000][1273.432s][info ][safepoint     ] Application time: 1.0104277 seconds
[2023-11-09T11:23:19.950+0000][1273.433s][info ][safepoint     ] Entering safepoint region: Cleanup
[2023-11-09T11:23:19.950+0000][1273.433s][info ][safepoint     ] Leaving safepoint region
[2023-11-09T11:23:19.951+0000][1273.434s][info ][safepoint     ] Total time for which application threads were stopped: 0.0011537 seconds, Stopping threads took: 0.0004539 seconds
[2023-11-09T11:23:20.951+0000][1274.434s][debug][safepoint     ] Safepoint synchronization initiated. (168 threads)
[2023-11-09T11:23:20.952+0000][1274.435s][info ][safepoint     ] Application time: 1.0007040 seconds
[2023-11-09T11:23:20.953+0000][1274.436s][info ][safepoint     ] Entering safepoint region: Cleanup
[2023-11-09T11:23:20.954+0000][1274.437s][info ][safepoint     ] Leaving safepoint region
[2023-11-09T11:23:20.954+0000][1274.437s][info ][safepoint     ] Total time for which application threads were stopped: 0.0016867 seconds, Stopping threads took: 0.0010333 seconds
[2023-11-09T11:23:21.955+0000][1275.438s][debug][safepoint     ] Safepoint synchronization initiated. (168 threads)
[2023-11-09T11:23:21.955+0000][1275.438s][info ][safepoint     ] Application time: 1.0007184 seconds
[2023-11-09T11:23:21.956+0000][1275.439s][info ][safepoint     ] Entering safepoint region: Cleanup
[2023-11-09T11:23:21.956+0000][1275.439s][info ][safepoint     ] Leaving safepoint region
[2023-11-09T11:23:21.957+0000][1275.440s][info ][safepoint     ] Total time for which application threads were stopped: 0.0011305 seconds, Stopping threads took: 0.0005142 seconds
[2023-11-09T11:23:22.957+0000][1276.440s][debug][safepoint     ] Safepoint synchronization initiated. (168 threads)
[2023-11-09T11:23:22.959+0000][1276.442s][info ][safepoint     ] Application time: 1.0014407 seconds
[2023-11-09T11:23:22.962+0000][1276.445s][info ][safepoint     ] Entering safepoint region: Cleanup
[2023-11-09T11:23:22.967+0000][1276.450s][info ][safepoint     ] Leaving safepoint region
[2023-11-09T11:23:22.974+0000][1276.457s][info ][safepoint     ] Total time for which application threads were stopped: 0.0119673 seconds, Stopping threads took: 0.0044035 seconds
[2023-11-09T11:23:23.979+0000][1277.462s][debug][safepoint     ] Safepoint synchronization initiated. (168 threads)
[2023-11-09T11:23:24.008+0000][1277.491s][info ][safepoint     ] Application time: 1.0295121 seconds
[2023-11-09T11:23:24.025+0000][1277.508s][info ][safepoint     ] Entering safepoint region: Cleanup
[2023-11-09T11:23:24.044+0000][1277.527s][info ][safepoint     ] Leaving safepoint region
[2023-11-09T11:23:24.062+0000][1277.545s][info ][safepoint     ] Total time for which application threads were stopped: 0.0367769 seconds, Stopping threads took: 0.0191760 seconds
[2023-11-09T11:23:25.082+0000][1278.565s][debug][safepoint     ] Safepoint synchronization initiated. (168 threads)
[2023-11-09T11:23:25.082+0000][1278.565s][info ][safepoint     ] Application time: 1.0006980 seconds
[2023-11-09T11:23:25.083+0000][1278.566s][info ][safepoint     ] Entering safepoint region: Cleanup
[2023-11-09T11:23:25.083+0000][1278.566s][info ][safepoint     ] Leaving safepoint region
[2023-11-09T11:23:25.084+0000][1278.567s][info ][safepoint     ] Total time for which application threads were stopped: 0.0010629 seconds, Stopping threads took: 0.0004656 seconds
[2023-11-09T11:23:26.084+0000][1279.567s][debug][safepoint     ] Safepoint synchronization initiated. (168 threads)
[2023-11-09T11:23:26.085+0000][1279.568s][info ][safepoint     ] Application time: 1.0006503 seconds
[2023-11-09T11:23:26.085+0000][1279.568s][info ][safepoint     ] Entering safepoint region: Cleanup
[2023-11-09T11:23:26.086+0000][1279.569s][info ][safepoint     ] Leaving safepoint region
[2023-11-09T11:23:26.086+0000][1279.569s][info ][safepoint     ] Total time for which application threads were stopped: 0.0009281 seconds, Stopping threads took: 0.0003887 seconds
[2023-11-09T11:23:27.087+0000][1280.570s][debug][safepoint     ] Safepoint synchronization initiated. (168 threads)
[2023-11-09T11:23:27.087+0000][1280.570s][info ][safepoint     ] Application time: 1.0007694 seconds
[2023-11-09T11:23:27.088+0000][1280.571s][info ][safepoint     ] Entering safepoint region: Cleanup
[2023-11-09T11:23:27.089+0000][1280.572s][info ][safepoint     ] Leaving safepoint region
[2023-11-09T11:23:27.090+0000][1280.573s][info ][safepoint     ] Total time for which application threads were stopped: 0.0017627 seconds, Stopping threads took: 0.0005794 seconds
[2023-11-09T11:23:28.091+0000][1281.574s][debug][safepoint     ] Safepoint synchronization initiated. (168 threads)
[2023-11-09T11:23:28.091+0000][1281.574s][info ][safepoint     ] Application time: 1.0007403 seconds
[2023-11-09T11:23:28.091+0000][1281.574s][info ][safepoint     ] Entering safepoint region: Cleanup
[2023-11-09T11:23:28.092+0000][1281.575s][info ][safepoint     ] Leaving safepoint region
[2023-11-09T11:23:28.092+0000][1281.575s][info ][safepoint     ] Total time for which application threads were stopped: 0.0010387 seconds, Stopping threads took: 0.0004399 seconds
[2023-11-09T11:23:29.093+0000][1282.576s][debug][safepoint     ] Safepoint synchronization initiated. (168 threads)
[2023-11-09T11:23:29.094+0000][1282.577s][info ][safepoint     ] Application time: 1.0007948 seconds
[2023-11-09T11:23:29.094+0000][1282.577s][info ][safepoint     ] Entering safepoint region: Cleanup
[2023-11-09T11:23:29.095+0000][1282.578s][info ][safepoint     ] Leaving safepoint region
[2023-11-09T11:23:29.095+0000][1282.578s][info ][safepoint     ] Total time for which application threads were stopped: 0.0010015 seconds, Stopping threads took: 0.0004793 seconds
[2023-11-09T11:23:30.096+0000][1283.579s][debug][safepoint     ] Safepoint synchronization initiated. (168 threads)
[2023-11-09T11:23:30.096+0000][1283.579s][info ][safepoint     ] Application time: 1.0007270 seconds
[2023-11-09T11:23:30.097+0000][1283.580s][info ][safepoint     ] Entering safepoint region: Cleanup
[2023-11-09T11:23:30.098+0000][1283.581s][info ][safepoint     ] Leaving safepoint region
[2023-11-09T11:23:30.098+0000][1283.581s][info ][safepoint     ] Total time for which application threads were stopped: 0.0012401 seconds, Stopping threads took: 0.0006423 seconds
[2023-11-09T11:23:31.099+0000][1284.582s][debug][safepoint     ] Safepoint synchronization initiated. (168 threads)
[2023-11-09T11:23:31.099+0000][1284.582s][info ][safepoint     ] Application time: 1.0008734 seconds
[2023-11-09T11:23:31.100+0000][1284.583s][info ][safepoint     ] Entering safepoint region: Cleanup
[2023-11-09T11:23:31.101+0000][1284.584s][info ][safepoint     ] Leaving safepoint region
[2023-11-09T11:23:31.101+0000][1284.584s][info ][safepoint     ] Total time for which application threads were stopped: 0.0012617 seconds, Stopping threads took: 0.0005253 seconds
[2023-11-09T11:23:32.102+0000][1285.585s][debug][safepoint     ] Safepoint synchronization initiated. (168 threads)
[2023-11-09T11:23:32.102+0000][1285.585s][info ][safepoint     ] Application time: 1.0006973 seconds
[2023-11-09T11:23:32.103+0000][1285.586s][info ][safepoint     ] Entering safepoint region: Cleanup
[2023-11-09T11:23:32.103+0000][1285.586s][info ][safepoint     ] Leaving safepoint region
[2023-11-09T11:23:32.103+0000][1285.586s][info ][safepoint     ] Total time for which application threads were stopped: 0.0008454 seconds, Stopping threads took: 0.0003334 seconds
[2023-11-09T11:23:33.104+0000][1286.587s][debug][safepoint     ] Safepoint synchronization initiated. (168 threads)
[2023-11-09T11:23:33.104+0000][1286.587s][info ][safepoint     ] Application time: 1.0005401 seconds
[2023-11-09T11:23:33.105+0000][1286.588s][info ][safepoint     ] Entering safepoint region: Cleanup
[2023-11-09T11:23:33.105+0000][1286.588s][info ][safepoint     ] Leaving safepoint region
[2023-11-09T11:23:33.105+0000][1286.588s][info ][safepoint     ] Total time for which application threads were stopped: 0.0008776 seconds, Stopping threads took: 0.0003849 seconds
[2023-11-09T11:23:34.106+0000][1287.589s][debug][safepoint     ] Safepoint synchronization initiated. (168 threads)
[2023-11-09T11:23:34.107+0000][1287.590s][info ][safepoint     ] Application time: 1.0008820 seconds
[2023-11-09T11:23:34.107+0000][1287.590s][info ][safepoint     ] Entering safepoint region: Cleanup
[2023-11-09T11:23:34.108+0000][1287.591s][info ][safepoint     ] Leaving safepoint region
[2023-11-09T11:23:34.108+0000][1287.591s][info ][safepoint     ] Total time for which application threads were stopped: 0.0011938 seconds, Stopping threads took: 0.0005917 seconds
[2023-11-09T11:23:35.109+0000][1288.592s][debug][safepoint     ] Safepoint synchronization initiated. (168 threads)
[2023-11-09T11:23:35.110+0000][1288.593s][info ][safepoint     ] Application time: 1.0008874 seconds
[2023-11-09T11:23:35.110+0000][1288.593s][info ][safepoint     ] Entering safepoint region: Cleanup
[2023-11-09T11:23:35.111+0000][1288.594s][info ][safepoint     ] Leaving safepoint region
[2023-11-09T11:23:35.112+0000][1288.595s][info ][safepoint     ] Total time for which application threads were stopped: 0.0014764 seconds, Stopping threads took: 0.0006527 seconds
[2023-11-09T11:23:36.113+0000][1289.596s][debug][safepoint     ] Safepoint synchronization initiated. (168 threads)
[2023-11-09T11:23:36.113+0000][1289.596s][info ][safepoint     ] Application time: 1.0009908 seconds
[2023-11-09T11:23:36.114+0000][1289.597s][info ][safepoint     ] Entering safepoint region: Cleanup
[2023-11-09T11:23:36.115+0000][1289.598s][info ][safepoint     ] Leaving safepoint region
[2023-11-09T11:23:36.116+0000][1289.599s][info ][safepoint     ] Total time for which application threads were stopped: 0.0015760 seconds, Stopping threads took: 0.0007605 seconds
[2023-11-09T11:23:37.116+0000][1290.599s][debug][safepoint     ] Safepoint synchronization initiated. (168 threads)
[2023-11-09T11:23:37.117+0000][1290.600s][info ][safepoint     ] Application time: 1.0004967 seconds
[2023-11-09T11:23:37.117+0000][1290.600s][info ][safepoint     ] Entering safepoint region: Cleanup
[2023-11-09T11:23:37.117+0000][1290.600s][info ][safepoint     ] Leaving safepoint region
[2023-11-09T11:23:37.118+0000][1290.601s][info ][safepoint     ] Total time for which application threads were stopped: 0.0013984 seconds, Stopping threads took: 0.0004016 seconds
[2023-11-09T11:23:38.119+0000][1291.602s][debug][safepoint     ] Safepoint synchronization initiated. (168 threads)
[2023-11-09T11:23:38.120+0000][1291.603s][info ][safepoint     ] Application time: 1.0008959 seconds
[2023-11-09T11:23:38.120+0000][1291.603s][info ][safepoint     ] Entering safepoint region: Cleanup
[2023-11-09T11:23:38.121+0000][1291.604s][info ][safepoint     ] Leaving safepoint region
[2023-11-09T11:23:38.121+0000][1291.604s][info ][safepoint     ] Total time for which application threads were stopped: 0.0012349 seconds, Stopping threads took: 0.0005624 seconds
[2023-11-09T11:23:39.122+0000][1292.605s][debug][safepoint     ] Safepoint synchronization initiated. (168 threads)
[2023-11-09T11:23:39.123+0000][1292.606s][info ][safepoint     ] Application time: 1.0013896 seconds
[2023-11-09T11:23:39.124+0000][1292.607s][info ][safepoint     ] Entering safepoint region: Cleanup
[2023-11-09T11:23:39.125+0000][1292.608s][info ][safepoint     ] Leaving safepoint region
[2023-11-09T11:23:39.126+0000][1292.609s][info ][safepoint     ] Total time for which application threads were stopped: 0.0021226 seconds, Stopping threads took: 0.0010112 seconds
[2023-11-09T11:23:40.127+0000][1293.610s][debug][safepoint     ] Safepoint synchronization initiated. (168 threads)
[2023-11-09T11:23:40.128+0000][1293.611s][info ][safepoint     ] Application time: 1.0011823 seconds
[2023-11-09T11:23:40.129+0000][1293.612s][info ][safepoint     ] Entering safepoint region: Cleanup
[2023-11-09T11:23:40.130+0000][1293.613s][info ][safepoint     ] Leaving safepoint region
[2023-11-09T11:23:40.131+0000][1293.614s][info ][safepoint     ] Total time for which application threads were stopped: 0.0022291 seconds, Stopping threads took: 0.0010473 seconds
[2023-11-09T11:23:41.132+0000][1294.615s][debug][safepoint     ] Safepoint synchronization initiated. (168 threads)
[2023-11-09T11:23:41.133+0000][1294.616s][info ][safepoint     ] Application time: 1.0012334 seconds
[2023-11-09T11:23:41.134+0000][1294.617s][info ][safepoint     ] Entering safepoint region: Cleanup
[2023-11-09T11:23:41.135+0000][1294.618s][info ][safepoint     ] Leaving safepoint region
[2023-11-09T11:23:41.136+0000][1294.619s][info ][safepoint     ] Total time for which application threads were stopped: 0.0017679 seconds, Stopping threads took: 0.0007460 seconds
[2023-11-09T11:23:42.137+0000][1295.620s][debug][safepoint     ] Safepoint synchronization initiated. (168 threads)
[2023-11-09T11:23:42.138+0000][1295.621s][info ][safepoint     ] Application time: 1.0014861 seconds
[2023-11-09T11:23:42.139+0000][1295.622s][info ][safepoint     ] Entering safepoint region: Cleanup
[2023-11-09T11:23:42.140+0000][1295.623s][info ][safepoint     ] Leaving safepoint region
[2023-11-09T11:23:42.141+0000][1295.624s][info ][safepoint     ] Total time for which application threads were stopped: 0.0018762 seconds, Stopping threads took: 0.0008819 seconds
[2023-11-09T11:23:43.142+0000][1296.625s][debug][safepoint     ] Safepoint synchronization initiated. (168 threads)
[2023-11-09T11:23:43.143+0000][1296.626s][info ][safepoint     ] Application time: 1.0010993 seconds
[2023-11-09T11:23:43.143+0000][1296.626s][info ][safepoint     ] Entering safepoint region: Cleanup
[2023-11-09T11:23:43.144+0000][1296.627s][info ][safepoint     ] Leaving safepoint region
[2023-11-09T11:23:43.145+0000][1296.628s][info ][safepoint     ] Total time for which application threads were stopped: 0.0015810 seconds, Stopping threads took: 0.0007304 seconds
[2023-11-09T11:23:44.146+0000][1297.629s][debug][safepoint     ] Safepoint synchronization initiated. (168 threads)
[2023-11-09T11:23:44.146+0000][1297.629s][info ][safepoint     ] Application time: 1.0008121 seconds
[2023-11-09T11:23:44.147+0000][1297.630s][info ][safepoint     ] Entering safepoint region: Cleanup
[2023-11-09T11:23:44.147+0000][1297.630s][info ][safepoint     ] Leaving safepoint region
[2023-11-09T11:23:44.148+0000][1297.631s][info ][safepoint     ] Total time for which application threads were stopped: 0.0010193 seconds, Stopping threads took: 0.0004069 seconds
[2023-11-09T11:23:45.148+0000][1298.631s][debug][safepoint     ] Safepoint synchronization initiated. (168 threads)
[2023-11-09T11:23:45.150+0000][1298.633s][info ][safepoint     ] Application time: 1.0013985 seconds
[2023-11-09T11:23:45.151+0000][1298.634s][info ][safepoint     ] Entering safepoint region: Cleanup
[2023-11-09T11:23:45.152+0000][1298.635s][info ][safepoint     ] Leaving safepoint region
[2023-11-09T11:23:45.153+0000][1298.636s][info ][safepoint     ] Total time for which application threads were stopped: 0.0024984 seconds, Stopping threads took: 0.0010894 seconds
[2023-11-09T11:23:46.154+0000][1299.637s][debug][safepoint     ] Safepoint synchronization initiated. (168 threads)
[2023-11-09T11:23:46.155+0000][1299.638s][info ][safepoint     ] Application time: 1.0006013 seconds
[2023-11-09T11:23:46.155+0000][1299.638s][info ][safepoint     ] Entering safepoint region: Cleanup
[2023-11-09T11:23:46.156+0000][1299.639s][info ][safepoint     ] Leaving safepoint region
[2023-11-09T11:23:46.156+0000][1299.639s][info ][safepoint     ] Total time for which application threads were stopped: 0.0009264 seconds, Stopping threads took: 0.0004014 seconds
[2023-11-09T11:23:47.157+0000][1300.640s][debug][safepoint     ] Safepoint synchronization initiated. (168 threads)
[2023-11-09T11:23:47.157+0000][1300.640s][info ][safepoint     ] Application time: 1.0011084 seconds
[2023-11-09T11:23:47.158+0000][1300.641s][info ][safepoint     ] Entering safepoint region: Cleanup
[2023-11-09T11:23:47.159+0000][1300.642s][info ][safepoint     ] Leaving safepoint region
[2023-11-09T11:23:47.159+0000][1300.642s][info ][safepoint     ] Total time for which application threads were stopped: 0.0013823 seconds, Stopping threads took: 0.0006480 seconds
[2023-11-09T11:23:48.160+0000][1301.643s][debug][safepoint     ] Safepoint synchronization initiated. (168 threads)
[2023-11-09T11:23:48.161+0000][1301.644s][info ][safepoint     ] Application time: 1.0007478 seconds
[2023-11-09T11:23:48.161+0000][1301.644s][info ][safepoint     ] Entering safepoint region: Cleanup
[2023-11-09T11:23:48.162+0000][1301.645s][info ][safepoint     ] Leaving safepoint region
[2023-11-09T11:23:48.162+0000][1301.645s][info ][safepoint     ] Total time for which application threads were stopped: 0.0007994 seconds, Stopping threads took: 0.0003598 seconds
[2023-11-09T11:23:49.162+0000][1302.645s][debug][safepoint     ] Safepoint synchronization initiated. (168 threads)
[2023-11-09T11:23:49.163+0000][1302.646s][info ][safepoint     ] Application time: 1.0012536 seconds
[2023-11-09T11:23:49.164+0000][1302.647s][info ][safepoint     ] Entering safepoint region: Cleanup
[2023-11-09T11:23:49.166+0000][1302.649s][info ][safepoint     ] Leaving safepoint region
[2023-11-09T11:23:49.167+0000][1302.650s][info ][safepoint     ] Total time for which application threads were stopped: 0.0021353 seconds, Stopping threads took: 0.0009571 seconds
[2023-11-09T11:23:50.168+0000][1303.651s][debug][safepoint     ] Safepoint synchronization initiated. (168 threads)
[2023-11-09T11:23:50.168+0000][1303.651s][info ][safepoint     ] Application time: 1.0010123 seconds
[2023-11-09T11:23:50.169+0000][1303.652s][info ][safepoint     ] Entering safepoint region: Cleanup
[2023-11-09T11:23:50.170+0000][1303.653s][info ][safepoint     ] Leaving safepoint region
[2023-11-09T11:23:50.171+0000][1303.654s][info ][safepoint     ] Total time for which application threads were stopped: 0.0015084 seconds, Stopping threads took: 0.0006799 seconds
[2023-11-09T11:23:51.172+0000][1304.655s][debug][safepoint     ] Safepoint synchronization initiated. (168 threads)
[2023-11-09T11:23:51.172+0000][1304.655s][info ][safepoint     ] Application time: 1.0008025 seconds
[2023-11-09T11:23:51.173+0000][1304.656s][info ][safepoint     ] Entering safepoint region: Cleanup
[2023-11-09T11:23:51.173+0000][1304.656s][info ][safepoint     ] Leaving safepoint region
[2023-11-09T11:23:51.174+0000][1304.657s][info ][safepoint     ] Total time for which application threads were stopped: 0.0010168 seconds, Stopping threads took: 0.0004267 seconds
[2023-11-09T11:23:52.174+0000][1305.657s][debug][safepoint     ] Safepoint synchronization initiated. (168 threads)
[2023-11-09T11:23:52.175+0000][1305.658s][info ][safepoint     ] Application time: 1.0007493 seconds
[2023-11-09T11:23:52.175+0000][1305.658s][info ][safepoint     ] Entering safepoint region: Cleanup
[2023-11-09T11:23:52.176+0000][1305.659s][info ][safepoint     ] Leaving safepoint region
[2023-11-09T11:23:52.176+0000][1305.659s][info ][safepoint     ] Total time for which application threads were stopped: 0.0009918 seconds, Stopping threads took: 0.0004566 seconds
[2023-11-09T11:23:53.177+0000][1306.660s][debug][safepoint     ] Safepoint synchronization initiated. (169 threads)
[2023-11-09T11:23:53.177+0000][1306.660s][info ][safepoint     ] Application time: 1.0008543 seconds
[2023-11-09T11:23:53.178+0000][1306.661s][info ][safepoint     ] Entering safepoint region: Cleanup
[2023-11-09T11:23:53.179+0000][1306.662s][info ][safepoint     ] Leaving safepoint region
[2023-11-09T11:23:53.179+0000][1306.662s][info ][safepoint     ] Total time for which application threads were stopped: 0.0011699 seconds, Stopping threads took: 0.0005207 seconds
[2023-11-09T11:23:54.180+0000][1307.663s][debug][safepoint     ] Safepoint synchronization initiated. (169 threads)
[2023-11-09T11:23:54.180+0000][1307.663s][info ][safepoint     ] Application time: 1.0006142 seconds
[2023-11-09T11:23:54.181+0000][1307.664s][info ][safepoint     ] Entering safepoint region: Cleanup
[2023-11-09T11:23:54.181+0000][1307.664s][info ][safepoint     ] Leaving safepoint region
[2023-11-09T11:23:54.182+0000][1307.665s][info ][safepoint     ] Total time for which application threads were stopped: 0.0010242 seconds, Stopping threads took: 0.0004666 seconds
[2023-11-09T11:23:55.182+0000][1308.665s][debug][safepoint     ] Safepoint synchronization initiated. (169 threads)
[2023-11-09T11:23:55.183+0000][1308.666s][info ][safepoint     ] Application time: 1.0006329 seconds
[2023-11-09T11:23:55.183+0000][1308.666s][info ][safepoint     ] Entering safepoint region: Cleanup
[2023-11-09T11:23:55.184+0000][1308.667s][info ][safepoint     ] Leaving safepoint region
[2023-11-09T11:23:55.184+0000][1308.667s][info ][safepoint     ] Total time for which application threads were stopped: 0.0010220 seconds, Stopping threads took: 0.0005005 seconds
[2023-11-09T11:23:56.184+0000][1309.667s][debug][safepoint     ] Safepoint synchronization initiated. (169 threads)
[2023-11-09T11:23:56.185+0000][1309.668s][info ][safepoint     ] Application time: 1.0007408 seconds
[2023-11-09T11:23:56.185+0000][1309.668s][info ][safepoint     ] Entering safepoint region: Cleanup
[2023-11-09T11:23:56.186+0000][1309.669s][info ][safepoint     ] Leaving safepoint region
[2023-11-09T11:23:56.186+0000][1309.669s][info ][safepoint     ] Total time for which application threads were stopped: 0.0010458 seconds, Stopping threads took: 0.0004899 seconds
[2023-11-09T11:23:57.187+0000][1310.670s][debug][safepoint     ] Safepoint synchronization initiated. (169 threads)
[2023-11-09T11:23:57.189+0000][1310.672s][info ][safepoint     ] Application time: 1.0018596 seconds
[2023-11-09T11:23:57.190+0000][1310.673s][info ][safepoint     ] Entering safepoint region: Cleanup
[2023-11-09T11:23:57.191+0000][1310.674s][info ][safepoint     ] Leaving safepoint region
[2023-11-09T11:23:57.191+0000][1310.674s][info ][safepoint     ] Total time for which application threads were stopped: 0.0017581 seconds, Stopping threads took: 0.0007342 seconds
[2023-11-09T11:23:58.192+0000][1311.675s][debug][safepoint     ] Safepoint synchronization initiated. (169 threads)
[2023-11-09T11:23:58.193+0000][1311.676s][info ][safepoint     ] Application time: 1.0005012 seconds
[2023-11-09T11:23:58.193+0000][1311.676s][info ][safepoint     ] Entering safepoint region: Cleanup
[2023-11-09T11:23:58.194+0000][1311.677s][info ][safepoint     ] Leaving safepoint region
[2023-11-09T11:23:58.194+0000][1311.677s][info ][safepoint     ] Total time for which application threads were stopped: 0.0009546 seconds, Stopping threads took: 0.0004059 seconds
[2023-11-09T11:23:59.195+0000][1312.678s][debug][safepoint     ] Safepoint synchronization initiated. (169 threads)
[2023-11-09T11:23:59.196+0000][1312.679s][info ][safepoint     ] Application time: 1.0012145 seconds
[2023-11-09T11:23:59.196+0000][1312.679s][info ][safepoint     ] Entering safepoint region: Cleanup
[2023-11-09T11:23:59.198+0000][1312.681s][info ][safepoint     ] Leaving safepoint region
[2023-11-09T11:23:59.198+0000][1312.681s][info ][safepoint     ] Total time for which application threads were stopped: 0.0019995 seconds, Stopping threads took: 0.0009512 seconds
[2023-11-09T11:24:00.199+0000][1313.682s][debug][safepoint     ] Safepoint synchronization initiated. (169 threads)
[2023-11-09T11:24:00.200+0000][1313.683s][info ][safepoint     ] Application time: 1.0010240 seconds
[2023-11-09T11:24:00.201+0000][1313.684s][info ][safepoint     ] Entering safepoint region: Cleanup
[2023-11-09T11:24:00.202+0000][1313.685s][info ][safepoint     ] Leaving safepoint region
[2023-11-09T11:24:00.203+0000][1313.686s][info ][safepoint     ] Total time for which application threads were stopped: 0.0016521 seconds, Stopping threads took: 0.0006669 seconds
[2023-11-09T11:24:01.204+0000][1314.687s][debug][safepoint     ] Safepoint synchronization initiated. (169 threads)
[2023-11-09T11:24:01.204+0000][1314.688s][info ][safepoint     ] Application time: 1.0013254 seconds
[2023-11-09T11:24:01.205+0000][1314.688s][info ][safepoint     ] Entering safepoint region: Cleanup
[2023-11-09T11:24:01.206+0000][1314.689s][info ][safepoint     ] Leaving safepoint region
[2023-11-09T11:24:01.207+0000][1314.690s][info ][safepoint     ] Total time for which application threads were stopped: 0.0018688 seconds, Stopping threads took: 0.0008349 seconds
[2023-11-09T11:24:02.208+0000][1315.691s][debug][safepoint     ] Safepoint synchronization initiated. (169 threads)
[2023-11-09T11:24:02.209+0000][1315.692s][info ][safepoint     ] Application time: 1.0007423 seconds
[2023-11-09T11:24:02.209+0000][1315.692s][info ][safepoint     ] Entering safepoint region: Cleanup
[2023-11-09T11:24:02.210+0000][1315.693s][info ][safepoint     ] Leaving safepoint region
[2023-11-09T11:24:02.210+0000][1315.693s][info ][safepoint     ] Total time for which application threads were stopped: 0.0013126 seconds, Stopping threads took: 0.0006299 seconds
[2023-11-09T11:24:03.211+0000][1316.694s][debug][safepoint     ] Safepoint synchronization initiated. (169 threads)
[2023-11-09T11:24:03.212+0000][1316.695s][info ][safepoint     ] Application time: 1.0010763 seconds
[2023-11-09T11:24:03.213+0000][1316.696s][info ][safepoint     ] Entering safepoint region: Cleanup
[2023-11-09T11:24:03.214+0000][1316.697s][info ][safepoint     ] Leaving safepoint region
[2023-11-09T11:24:03.215+0000][1316.698s][info ][safepoint     ] Total time for which application threads were stopped: 0.0018832 seconds, Stopping threads took: 0.0008007 seconds
[2023-11-09T11:24:04.216+0000][1317.699s][debug][safepoint     ] Safepoint synchronization initiated. (169 threads)
[2023-11-09T11:24:04.216+0000][1317.699s][info ][safepoint     ] Application time: 1.0009707 seconds
[2023-11-09T11:24:04.217+0000][1317.700s][info ][safepoint     ] Entering safepoint region: Cleanup
[2023-11-09T11:24:04.218+0000][1317.701s][info ][safepoint     ] Leaving safepoint region
[2023-11-09T11:24:04.218+0000][1317.701s][info ][safepoint     ] Total time for which application threads were stopped: 0.0014279 seconds, Stopping threads took: 0.0006429 seconds
[2023-11-09T11:24:05.219+0000][1318.702s][debug][safepoint     ] Safepoint synchronization initiated. (169 threads)
[2023-11-09T11:24:05.220+0000][1318.703s][info ][safepoint     ] Application time: 1.0014051 seconds
[2023-11-09T11:24:05.221+0000][1318.704s][info ][safepoint     ] Entering safepoint region: Cleanup
[2023-11-09T11:24:05.222+0000][1318.705s][info ][safepoint     ] Leaving safepoint region
[2023-11-09T11:24:05.223+0000][1318.706s][info ][safepoint     ] Total time for which application threads were stopped: 0.0019646 seconds, Stopping threads took: 0.0010001 seconds
[2023-11-09T11:24:06.224+0000][1319.707s][debug][safepoint     ] Safepoint synchronization initiated. (169 threads)
[2023-11-09T11:24:06.225+0000][1319.708s][info ][safepoint     ] Application time: 1.0006659 seconds
[2023-11-09T11:24:06.225+0000][1319.708s][info ][safepoint     ] Entering safepoint region: Cleanup
[2023-11-09T11:24:06.226+0000][1319.709s][info ][safepoint     ] Leaving safepoint region
[2023-11-09T11:24:06.226+0000][1319.709s][info ][safepoint     ] Total time for which application threads were stopped: 0.0010035 seconds, Stopping threads took: 0.0004413 seconds
[2023-11-09T11:24:07.226+0000][1320.709s][debug][safepoint     ] Safepoint synchronization initiated. (169 threads)
[2023-11-09T11:24:07.227+0000][1320.710s][info ][safepoint     ] Application time: 1.0005308 seconds
[2023-11-09T11:24:07.227+0000][1320.710s][info ][safepoint     ] Entering safepoint region: Cleanup
[2023-11-09T11:24:07.228+0000][1320.711s][info ][safepoint     ] Leaving safepoint region
[2023-11-09T11:24:07.228+0000][1320.711s][info ][safepoint     ] Total time for which application threads were stopped: 0.0009479 seconds, Stopping threads took: 0.0004355 seconds
[2023-11-09T11:24:08.229+0000][1321.712s][debug][safepoint     ] Safepoint synchronization initiated. (169 threads)
[2023-11-09T11:24:08.230+0000][1321.713s][info ][safepoint     ] Application time: 1.0012528 seconds
[2023-11-09T11:24:08.230+0000][1321.713s][info ][safepoint     ] Entering safepoint region: Cleanup
[2023-11-09T11:24:08.232+0000][1321.715s][info ][safepoint     ] Leaving safepoint region
[2023-11-09T11:24:08.232+0000][1321.715s][info ][safepoint     ] Total time for which application threads were stopped: 0.0017957 seconds, Stopping threads took: 0.0008974 seconds
[2023-11-09T11:24:08.232+0000][1321.715s][debug][safepoint     ] ... found polling page return exception at pc = 0x00007fb4f0d6dc84, stub =0x00007fb4e8840600
[2023-11-09T11:24:08.232+0000][1321.715s][debug][safepoint     ] ... found polling page return exception at pc = 0x00007fb4f0d6dc84, stub =0x00007fb4e8840600
[2023-11-09T11:24:08.232+0000][1321.715s][debug][safepoint     ] ... found polling page return exception at pc = 0x00007fb4f0d6dc84, stub =0x00007fb4e8840600
[2023-11-09T11:24:08.232+0000][1321.715s][debug][safepoint     ] ... found polling page return exception at pc = 0x00007fb4f0d6dc84, stub =0x00007fb4e8840600
[2023-11-09T11:24:08.232+0000][1321.715s][debug][safepoint     ] ... found polling page return exception at pc = 0x00007fb4f0d6dc84, stub =0x00007fb4e8840600
[2023-11-09T11:24:09.233+0000][1322.716s][debug][safepoint     ] Safepoint synchronization initiated. (169 threads)
[2023-11-09T11:24:09.234+0000][1322.717s][info ][safepoint     ] Application time: 1.0008553 seconds
[2023-11-09T11:24:09.234+0000][1322.717s][info ][safepoint     ] Entering safepoint region: Cleanup
[2023-11-09T11:24:09.235+0000][1322.718s][info ][safepoint     ] Leaving safepoint region
[2023-11-09T11:24:09.236+0000][1322.719s][info ][safepoint     ] Total time for which application threads were stopped: 0.0012523 seconds, Stopping threads took: 0.0005154 seconds
[2023-11-09T11:24:10.236+0000][1323.719s][debug][safepoint     ] Safepoint synchronization initiated. (169 threads)
[2023-11-09T11:24:10.237+0000][1323.720s][info ][safepoint     ] Application time: 1.0005985 seconds
[2023-11-09T11:24:10.237+0000][1323.720s][info ][safepoint     ] Entering safepoint region: Cleanup
[2023-11-09T11:24:10.238+0000][1323.721s][info ][safepoint     ] Leaving safepoint region
[2023-11-09T11:24:10.238+0000][1323.721s][info ][safepoint     ] Total time for which application threads were stopped: 0.0010177 seconds, Stopping threads took: 0.0004692 seconds
[2023-11-09T11:24:11.238+0000][1324.721s][debug][safepoint     ] Safepoint synchronization initiated. (169 threads)
[2023-11-09T11:24:11.239+0000][1324.722s][info ][safepoint     ] Application time: 1.0005308 seconds
[2023-11-09T11:24:11.239+0000][1324.722s][info ][safepoint     ] Entering safepoint region: Cleanup
[2023-11-09T11:24:11.240+0000][1324.723s][info ][safepoint     ] Leaving safepoint region
[2023-11-09T11:24:11.240+0000][1324.723s][info ][safepoint     ] Total time for which application threads were stopped: 0.0008286 seconds, Stopping threads took: 0.0003664 seconds
[2023-11-09T11:24:12.240+0000][1325.723s][debug][safepoint     ] Safepoint synchronization initiated. (169 threads)
[2023-11-09T11:24:12.241+0000][1325.724s][info ][safepoint     ] Application time: 1.0005216 seconds
[2023-11-09T11:24:12.241+0000][1325.724s][info ][safepoint     ] Entering safepoint region: Cleanup
[2023-11-09T11:24:12.242+0000][1325.725s][info ][safepoint     ] Leaving safepoint region
[2023-11-09T11:24:12.242+0000][1325.725s][info ][safepoint     ] Total time for which application threads were stopped: 0.0008466 seconds, Stopping threads took: 0.0003361 seconds
[2023-11-09T11:24:13.242+0000][1326.726s][debug][safepoint     ] Safepoint synchronization initiated. (169 threads)
[2023-11-09T11:24:13.243+0000][1326.726s][info ][safepoint     ] Application time: 1.0011893 seconds
[2023-11-09T11:24:13.244+0000][1326.727s][info ][safepoint     ] Entering safepoint region: Cleanup
[2023-11-09T11:24:13.245+0000][1326.728s][info ][safepoint     ] Leaving safepoint region
[2023-11-09T11:24:13.246+0000][1326.729s][info ][safepoint     ] Total time for which application threads were stopped: 0.0018381 seconds, Stopping threads took: 0.0007421 seconds
[2023-11-09T11:24:14.247+0000][1327.730s][debug][safepoint     ] Safepoint synchronization initiated. (169 threads)
[2023-11-09T11:24:14.247+0000][1327.730s][info ][safepoint     ] Application time: 1.0007153 seconds
[2023-11-09T11:24:14.248+0000][1327.731s][info ][safepoint     ] Entering safepoint region: Cleanup
[2023-11-09T11:24:14.249+0000][1327.732s][info ][safepoint     ] Leaving safepoint region
[2023-11-09T11:24:14.249+0000][1327.732s][info ][safepoint     ] Total time for which application threads were stopped: 0.0011122 seconds, Stopping threads took: 0.0005474 seconds
[2023-11-09T11:24:15.250+0000][1328.733s][debug][safepoint     ] Safepoint synchronization initiated. (169 threads)
[2023-11-09T11:24:15.252+0000][1328.735s][info ][safepoint     ] Application time: 1.0022266 seconds
[2023-11-09T11:24:15.260+0000][1328.743s][info ][safepoint     ] Entering safepoint region: Cleanup
[2023-11-09T11:24:15.260+0000][1328.743s][info ][safepoint     ] Leaving safepoint region
[2023-11-09T11:24:15.261+0000][1328.744s][info ][safepoint     ] Total time for which application threads were stopped: 0.0013993 seconds, Stopping threads took: 0.0005496 seconds
[2023-11-09T11:24:16.262+0000][1329.745s][debug][safepoint     ] Safepoint synchronization initiated. (169 threads)
[2023-11-09T11:24:16.262+0000][1329.745s][info ][safepoint     ] Application time: 1.0006082 seconds
[2023-11-09T11:24:16.263+0000][1329.746s][info ][safepoint     ] Entering safepoint region: Cleanup
[2023-11-09T11:24:16.263+0000][1329.746s][info ][safepoint     ] Leaving safepoint region
[2023-11-09T11:24:16.264+0000][1329.747s][info ][safepoint     ] Total time for which application threads were stopped: 0.0010913 seconds, Stopping threads took: 0.0004329 seconds
[2023-11-09T11:24:17.264+0000][1330.747s][debug][safepoint     ] Safepoint synchronization initiated. (169 threads)
[2023-11-09T11:24:17.265+0000][1330.748s][info ][safepoint     ] Application time: 1.0007066 seconds
[2023-11-09T11:24:17.265+0000][1330.748s][info ][safepoint     ] Entering safepoint region: Cleanup
[2023-11-09T11:24:17.266+0000][1330.749s][info ][safepoint     ] Leaving safepoint region
[2023-11-09T11:24:17.266+0000][1330.749s][info ][safepoint     ] Total time for which application threads were stopped: 0.0011101 seconds, Stopping threads took: 0.0005102 seconds
[2023-11-09T11:24:18.267+0000][1331.750s][debug][safepoint     ] Safepoint synchronization initiated. (169 threads)
[2023-11-09T11:24:18.268+0000][1331.751s][info ][safepoint     ] Application time: 1.0012452 seconds
[2023-11-09T11:24:18.269+0000][1331.752s][info ][safepoint     ] Entering safepoint region: Cleanup
[2023-11-09T11:24:18.270+0000][1331.753s][info ][safepoint     ] Leaving safepoint region
[2023-11-09T11:24:18.270+0000][1331.753s][info ][safepoint     ] Total time for which application threads were stopped: 0.0016178 seconds, Stopping threads took: 0.0007891 seconds
[2023-11-09T11:24:19.271+0000][1332.754s][debug][safepoint     ] Safepoint synchronization initiated. (169 threads)
[2023-11-09T11:24:19.272+0000][1332.755s][info ][safepoint     ] Application time: 1.0006092 seconds
[2023-11-09T11:24:19.272+0000][1332.755s][info ][safepoint     ] Entering safepoint region: Cleanup
[2023-11-09T11:24:19.273+0000][1332.756s][info ][safepoint     ] Leaving safepoint region
[2023-11-09T11:24:19.273+0000][1332.756s][info ][safepoint     ] Total time for which application threads were stopped: 0.0009280 seconds, Stopping threads took: 0.0003936 seconds
[2023-11-09T11:24:20.273+0000][1333.756s][debug][safepoint     ] Safepoint synchronization initiated. (169 threads)
[2023-11-09T11:24:20.274+0000][1333.757s][info ][safepoint     ] Application time: 1.0005964 seconds
[2023-11-09T11:24:20.274+0000][1333.757s][info ][safepoint     ] Entering safepoint region: Cleanup
[2023-11-09T11:24:20.275+0000][1333.758s][info ][safepoint     ] Leaving safepoint region
[2023-11-09T11:24:20.275+0000][1333.758s][info ][safepoint     ] Total time for which application threads were stopped: 0.0009410 seconds, Stopping threads took: 0.0003901 seconds
[2023-11-09T11:24:21.276+0000][1334.759s][debug][safepoint     ] Safepoint synchronization initiated. (169 threads)
[2023-11-09T11:24:21.277+0000][1334.760s][info ][safepoint     ] Application time: 1.0010354 seconds
[2023-11-09T11:24:21.277+0000][1334.760s][info ][safepoint     ] Entering safepoint region: Cleanup
[2023-11-09T11:24:21.278+0000][1334.761s][info ][safepoint     ] Leaving safepoint region
[2023-11-09T11:24:21.279+0000][1334.762s][info ][safepoint     ] Total time for which application threads were stopped: 0.0017911 seconds, Stopping threads took: 0.0008004 seconds
[2023-11-09T11:24:22.280+0000][1335.763s][debug][safepoint     ] Safepoint synchronization initiated. (169 threads)
[2023-11-09T11:24:22.281+0000][1335.764s][info ][safepoint     ] Application time: 1.0011100 seconds
[2023-11-09T11:24:22.281+0000][1335.764s][info ][safepoint     ] Entering safepoint region: Cleanup
[2023-11-09T11:24:22.282+0000][1335.765s][info ][safepoint     ] Leaving safepoint region
[2023-11-09T11:24:22.282+0000][1335.766s][info ][safepoint     ] Total time for which application threads were stopped: 0.0013125 seconds, Stopping threads took: 0.0005881 seconds
[2023-11-09T11:24:23.283+0000][1336.766s][debug][safepoint     ] Safepoint synchronization initiated. (169 threads)
[2023-11-09T11:24:23.284+0000][1336.767s][info ][safepoint     ] Application time: 1.0010789 seconds
[2023-11-09T11:24:23.285+0000][1336.768s][info ][safepoint     ] Entering safepoint region: Cleanup
[2023-11-09T11:24:23.286+0000][1336.769s][info ][safepoint     ] Leaving safepoint region
[2023-11-09T11:24:23.286+0000][1336.769s][info ][safepoint     ] Total time for which application threads were stopped: 0.0013320 seconds, Stopping threads took: 0.0005682 seconds
[2023-11-09T11:24:24.287+0000][1337.770s][debug][safepoint     ] Safepoint synchronization initiated. (169 threads)
[2023-11-09T11:24:24.287+0000][1337.771s][info ][safepoint     ] Application time: 1.0006828 seconds
[2023-11-09T11:24:24.288+0000][1337.771s][info ][safepoint     ] Entering safepoint region: Cleanup
[2023-11-09T11:24:24.289+0000][1337.772s][info ][safepoint     ] Leaving safepoint region
[2023-11-09T11:24:24.289+0000][1337.772s][info ][safepoint     ] Total time for which application threads were stopped: 0.0010885 seconds, Stopping threads took: 0.0004501 seconds
[2023-11-09T11:24:25.290+0000][1338.773s][debug][safepoint     ] Safepoint synchronization initiated. (169 threads)
[2023-11-09T11:24:25.291+0000][1338.774s][info ][safepoint     ] Application time: 1.0012688 seconds
[2023-11-09T11:24:25.292+0000][1338.775s][info ][safepoint     ] Entering safepoint region: Cleanup
[2023-11-09T11:24:25.293+0000][1338.776s][info ][safepoint     ] Leaving safepoint region
[2023-11-09T11:24:25.294+0000][1338.777s][info ][safepoint     ] Total time for which application threads were stopped: 0.0022883 seconds, Stopping threads took: 0.0008977 seconds
[2023-11-09T11:24:26.295+0000][1339.778s][debug][safepoint     ] Safepoint synchronization initiated. (169 threads)
[2023-11-09T11:24:26.296+0000][1339.779s][info ][safepoint     ] Application time: 1.0011037 seconds
[2023-11-09T11:24:26.296+0000][1339.780s][info ][safepoint     ] Entering safepoint region: Cleanup
[2023-11-09T11:24:26.298+0000][1339.781s][info ][safepoint     ] Leaving safepoint region
[2023-11-09T11:24:26.298+0000][1339.781s][info ][safepoint     ] Total time for which application threads were stopped: 0.0016880 seconds, Stopping threads took: 0.0007254 seconds
[2023-11-09T11:24:27.299+0000][1340.782s][debug][safepoint     ] Safepoint synchronization initiated. (169 threads)
[2023-11-09T11:24:27.300+0000][1340.783s][info ][safepoint     ] Application time: 1.0010683 seconds
[2023-11-09T11:24:27.301+0000][1340.784s][info ][safepoint     ] Entering safepoint region: Cleanup
[2023-11-09T11:24:27.302+0000][1340.785s][info ][safepoint     ] Leaving safepoint region
[2023-11-09T11:24:27.303+0000][1340.786s][info ][safepoint     ] Total time for which application threads were stopped: 0.0019950 seconds, Stopping threads took: 0.0009193 seconds
[2023-11-09T11:24:28.303+0000][1341.787s][debug][safepoint     ] Safepoint synchronization initiated. (169 threads)
[2023-11-09T11:24:28.304+0000][1341.787s][info ][safepoint     ] Application time: 1.0009522 seconds
[2023-11-09T11:24:28.305+0000][1341.788s][info ][safepoint     ] Entering safepoint region: Cleanup
[2023-11-09T11:24:28.306+0000][1341.789s][info ][safepoint     ] Leaving safepoint region
[2023-11-09T11:24:28.307+0000][1341.790s][info ][safepoint     ] Total time for which application threads were stopped: 0.0018430 seconds, Stopping threads took: 0.0007515 seconds
[2023-11-09T11:24:29.307+0000][1342.790s][debug][safepoint     ] Safepoint synchronization initiated. (169 threads)
[2023-11-09T11:24:29.308+0000][1342.791s][info ][safepoint     ] Application time: 1.0008200 seconds
[2023-11-09T11:24:29.309+0000][1342.792s][info ][safepoint     ] Entering safepoint region: Cleanup
[2023-11-09T11:24:29.309+0000][1342.792s][info ][safepoint     ] Leaving safepoint region
[2023-11-09T11:24:29.310+0000][1342.793s][info ][safepoint     ] Total time for which application threads were stopped: 0.0011081 seconds, Stopping threads took: 0.0004394 seconds
[2023-11-09T11:24:30.310+0000][1343.793s][debug][safepoint     ] Safepoint synchronization initiated. (169 threads)
[2023-11-09T11:24:30.311+0000][1343.794s][info ][safepoint     ] Application time: 1.0006610 seconds
[2023-11-09T11:24:30.311+0000][1343.794s][info ][safepoint     ] Entering safepoint region: Cleanup
[2023-11-09T11:24:30.312+0000][1343.795s][info ][safepoint     ] Leaving safepoint region
[2023-11-09T11:24:30.312+0000][1343.795s][info ][safepoint     ] Total time for which application threads were stopped: 0.0009742 seconds, Stopping threads took: 0.0004439 seconds
[2023-11-09T11:24:31.313+0000][1344.796s][debug][safepoint     ] Safepoint synchronization initiated. (169 threads)
[2023-11-09T11:24:31.313+0000][1344.796s][info ][safepoint     ] Application time: 1.0006623 seconds
[2023-11-09T11:24:31.314+0000][1344.797s][info ][safepoint     ] Entering safepoint region: Cleanup
[2023-11-09T11:24:31.314+0000][1344.797s][info ][safepoint     ] Leaving safepoint region
[2023-11-09T11:24:31.315+0000][1344.798s][info ][safepoint     ] Total time for which application threads were stopped: 0.0009632 seconds, Stopping threads took: 0.0003803 seconds
[2023-11-09T11:24:32.315+0000][1345.798s][debug][safepoint     ] Safepoint synchronization initiated. (169 threads)
[2023-11-09T11:24:32.316+0000][1345.799s][info ][safepoint     ] Application time: 1.0012765 seconds
[2023-11-09T11:24:32.317+0000][1345.800s][info ][safepoint     ] Entering safepoint region: Cleanup
[2023-11-09T11:24:32.318+0000][1345.801s][info ][safepoint     ] Leaving safepoint region
[2023-11-09T11:24:32.319+0000][1345.802s][info ][safepoint     ] Total time for which application threads were stopped: 0.0019046 seconds, Stopping threads took: 0.0007967 seconds
[2023-11-09T11:24:33.320+0000][1346.803s][debug][safepoint     ] Safepoint synchronization initiated. (169 threads)
[2023-11-09T11:24:33.321+0000][1346.804s][info ][safepoint     ] Application time: 1.0008972 seconds
[2023-11-09T11:24:33.321+0000][1346.804s][info ][safepoint     ] Entering safepoint region: Cleanup
[2023-11-09T11:24:33.322+0000][1346.805s][info ][safepoint     ] Leaving safepoint region
[2023-11-09T11:24:33.323+0000][1346.806s][info ][safepoint     ] Total time for which application threads were stopped: 0.0013142 seconds, Stopping threads took: 0.0006225 seconds
[2023-11-09T11:24:34.324+0000][1347.807s][debug][safepoint     ] Safepoint synchronization initiated. (169 threads)
[2023-11-09T11:24:34.324+0000][1347.807s][info ][safepoint     ] Application time: 1.0011675 seconds
[2023-11-09T11:24:34.325+0000][1347.808s][info ][safepoint     ] Entering safepoint region: Cleanup
[2023-11-09T11:24:34.326+0000][1347.809s][info ][safepoint     ] Leaving safepoint region
[2023-11-09T11:24:34.326+0000][1347.809s][info ][safepoint     ] Total time for which application threads were stopped: 0.0014165 seconds, Stopping threads took: 0.0007794 seconds
[2023-11-09T11:24:35.327+0000][1348.810s][debug][safepoint     ] Safepoint synchronization initiated. (169 threads)
[2023-11-09T11:24:35.328+0000][1348.811s][info ][safepoint     ] Application time: 1.0011635 seconds
[2023-11-09T11:24:35.329+0000][1348.812s][info ][safepoint     ] Entering safepoint region: Cleanup
[2023-11-09T11:24:35.330+0000][1348.813s][info ][safepoint     ] Leaving safepoint region
[2023-11-09T11:24:35.331+0000][1348.814s][info ][safepoint     ] Total time for which application threads were stopped: 0.0018932 seconds, Stopping threads took: 0.0008815 seconds
[2023-11-09T11:24:36.332+0000][1349.815s][debug][safepoint     ] Safepoint synchronization initiated. (169 threads)
[2023-11-09T11:24:36.333+0000][1349.816s][info ][safepoint     ] Application time: 1.0014000 seconds
[2023-11-09T11:24:36.334+0000][1349.817s][info ][safepoint     ] Entering safepoint region: Cleanup
[2023-11-09T11:24:36.335+0000][1349.818s][info ][safepoint     ] Leaving safepoint region
[2023-11-09T11:24:36.335+0000][1349.819s][info ][safepoint     ] Total time for which application threads were stopped: 0.0016010 seconds, Stopping threads took: 0.0007825 seconds
[2023-11-09T11:24:37.336+0000][1350.819s][debug][safepoint     ] Safepoint synchronization initiated. (169 threads)
[2023-11-09T11:24:37.337+0000][1350.820s][info ][safepoint     ] Application time: 1.0013391 seconds
[2023-11-09T11:24:37.338+0000][1350.821s][info ][safepoint     ] Entering safepoint region: Cleanup
[2023-11-09T11:24:37.339+0000][1350.822s][info ][safepoint     ] Leaving safepoint region
[2023-11-09T11:24:37.340+0000][1350.823s][info ][safepoint     ] Total time for which application threads were stopped: 0.0015214 seconds, Stopping threads took: 0.0006353 seconds
[2023-11-09T11:24:38.341+0000][1351.824s][debug][safepoint     ] Safepoint synchronization initiated. (169 threads)
[2023-11-09T11:24:38.342+0000][1351.825s][info ][safepoint     ] Application time: 1.0014458 seconds
[2023-11-09T11:24:38.343+0000][1351.826s][info ][safepoint     ] Entering safepoint region: Cleanup
[2023-11-09T11:24:38.344+0000][1351.827s][info ][safepoint     ] Leaving safepoint region
[2023-11-09T11:24:38.345+0000][1351.828s][info ][safepoint     ] Total time for which application threads were stopped: 0.0019585 seconds, Stopping threads took: 0.0009366 seconds
[2023-11-09T11:24:39.346+0000][1352.829s][debug][safepoint     ] Safepoint synchronization initiated. (169 threads)
[2023-11-09T11:24:39.347+0000][1352.830s][info ][safepoint     ] Application time: 1.0015541 seconds
[2023-11-09T11:24:39.348+0000][1352.831s][info ][safepoint     ] Entering safepoint region: Cleanup
[2023-11-09T11:24:39.350+0000][1352.833s][info ][safepoint     ] Leaving safepoint region
[2023-11-09T11:24:39.351+0000][1352.834s][info ][safepoint     ] Total time for which application threads were stopped: 0.0023467 seconds, Stopping threads took: 0.0009385 seconds
[2023-11-09T11:24:40.351+0000][1353.834s][debug][safepoint     ] Safepoint synchronization initiated. (169 threads)
[2023-11-09T11:24:40.352+0000][1353.835s][info ][safepoint     ] Application time: 1.0005243 seconds
[2023-11-09T11:24:40.352+0000][1353.835s][info ][safepoint     ] Entering safepoint region: Cleanup
[2023-11-09T11:24:40.353+0000][1353.836s][info ][safepoint     ] Leaving safepoint region
[2023-11-09T11:24:40.353+0000][1353.836s][info ][safepoint     ] Total time for which application threads were stopped: 0.0008870 seconds, Stopping threads took: 0.0003167 seconds
[2023-11-09T11:24:41.354+0000][1354.837s][debug][safepoint     ] Safepoint synchronization initiated. (169 threads)
[2023-11-09T11:24:41.354+0000][1354.837s][info ][safepoint     ] Application time: 1.0005850 seconds
[2023-11-09T11:24:41.354+0000][1354.837s][info ][safepoint     ] Entering safepoint region: Cleanup
[2023-11-09T11:24:41.355+0000][1354.838s][info ][safepoint     ] Leaving safepoint region
[2023-11-09T11:24:41.355+0000][1354.838s][info ][safepoint     ] Total time for which application threads were stopped: 0.0007530 seconds, Stopping threads took: 0.0003150 seconds
[2023-11-09T11:24:42.356+0000][1355.839s][debug][safepoint     ] Safepoint synchronization initiated. (169 threads)
[2023-11-09T11:24:42.356+0000][1355.839s][info ][safepoint     ] Application time: 1.0008920 seconds
[2023-11-09T11:24:42.357+0000][1355.840s][info ][safepoint     ] Entering safepoint region: Cleanup
[2023-11-09T11:24:42.358+0000][1355.841s][info ][safepoint     ] Leaving safepoint region
[2023-11-09T11:24:42.358+0000][1355.841s][info ][safepoint     ] Total time for which application threads were stopped: 0.0014672 seconds, Stopping threads took: 0.0006829 seconds
[2023-11-09T11:24:43.359+0000][1356.842s][debug][safepoint     ] Safepoint synchronization initiated. (169 threads)
[2023-11-09T11:24:43.360+0000][1356.843s][info ][safepoint     ] Application time: 1.0007930 seconds
[2023-11-09T11:24:43.360+0000][1356.843s][info ][safepoint     ] Entering safepoint region: Cleanup
[2023-11-09T11:24:43.361+0000][1356.844s][info ][safepoint     ] Leaving safepoint region
[2023-11-09T11:24:43.362+0000][1356.845s][info ][safepoint     ] Total time for which application threads were stopped: 0.0012954 seconds, Stopping threads took: 0.0005259 seconds
[2023-11-09T11:24:44.362+0000][1357.845s][debug][safepoint     ] Safepoint synchronization initiated. (169 threads)
[2023-11-09T11:24:44.363+0000][1357.846s][info ][safepoint     ] Application time: 1.0007733 seconds
[2023-11-09T11:24:44.363+0000][1357.846s][info ][safepoint     ] Entering safepoint region: Cleanup
[2023-11-09T11:24:44.364+0000][1357.847s][info ][safepoint     ] Leaving safepoint region
[2023-11-09T11:24:44.364+0000][1357.847s][info ][safepoint     ] Total time for which application threads were stopped: 0.0010015 seconds, Stopping threads took: 0.0004183 seconds
[2023-11-09T11:24:45.365+0000][1358.848s][debug][safepoint     ] Safepoint synchronization initiated. (169 threads)
[2023-11-09T11:24:45.365+0000][1358.848s][info ][safepoint     ] Application time: 1.0008402 seconds
[2023-11-09T11:24:45.366+0000][1358.849s][info ][safepoint     ] Entering safepoint region: Cleanup
[2023-11-09T11:24:45.367+0000][1358.850s][info ][safepoint     ] Leaving safepoint region
[2023-11-09T11:24:45.367+0000][1358.850s][info ][safepoint     ] Total time for which application threads were stopped: 0.0011612 seconds, Stopping threads took: 0.0004968 seconds
[2023-11-09T11:24:46.368+0000][1359.851s][debug][safepoint     ] Safepoint synchronization initiated. (169 threads)
[2023-11-09T11:24:46.369+0000][1359.852s][info ][safepoint     ] Application time: 1.0012337 seconds
[2023-11-09T11:24:46.370+0000][1359.853s][info ][safepoint     ] Entering safepoint region: Cleanup
[2023-11-09T11:24:46.371+0000][1359.854s][info ][safepoint     ] Leaving safepoint region
[2023-11-09T11:24:46.371+0000][1359.854s][info ][safepoint     ] Total time for which application threads were stopped: 0.0019014 seconds, Stopping threads took: 0.0008988 seconds
[2023-11-09T11:24:47.372+0000][1360.855s][debug][safepoint     ] Safepoint synchronization initiated. (169 threads)
[2023-11-09T11:24:47.373+0000][1360.856s][info ][safepoint     ] Application time: 1.0010576 seconds
[2023-11-09T11:24:47.374+0000][1360.857s][info ][safepoint     ] Entering safepoint region: Cleanup
[2023-11-09T11:24:47.375+0000][1360.858s][info ][safepoint     ] Leaving safepoint region
[2023-11-09T11:24:47.375+0000][1360.858s][info ][safepoint     ] Total time for which application threads were stopped: 0.0013019 seconds, Stopping threads took: 0.0005901 seconds
[2023-11-09T11:24:48.376+0000][1361.859s][debug][safepoint     ] Safepoint synchronization initiated. (169 threads)
[2023-11-09T11:24:48.377+0000][1361.860s][info ][safepoint     ] Application time: 1.0012558 seconds
[2023-11-09T11:24:48.378+0000][1361.861s][info ][safepoint     ] Entering safepoint region: Cleanup
[2023-11-09T11:24:48.379+0000][1361.862s][info ][safepoint     ] Leaving safepoint region
[2023-11-09T11:24:48.379+0000][1361.862s][info ][safepoint     ] Total time for which application threads were stopped: 0.0017834 seconds, Stopping threads took: 0.0007443 seconds
[2023-11-09T11:24:49.380+0000][1362.863s][debug][safepoint     ] Safepoint synchronization initiated. (169 threads)
[2023-11-09T11:24:49.381+0000][1362.864s][info ][safepoint     ] Application time: 1.0006565 seconds
[2023-11-09T11:24:49.381+0000][1362.864s][info ][safepoint     ] Entering safepoint region: Cleanup
[2023-11-09T11:24:49.382+0000][1362.865s][info ][safepoint     ] Leaving safepoint region
[2023-11-09T11:24:49.382+0000][1362.865s][info ][safepoint     ] Total time for which application threads were stopped: 0.0010546 seconds, Stopping threads took: 0.0005240 seconds
[2023-11-09T11:24:50.383+0000][1363.866s][debug][safepoint     ] Safepoint synchronization initiated. (169 threads)
[2023-11-09T11:24:50.383+0000][1363.866s][info ][safepoint     ] Application time: 1.0006196 seconds
[2023-11-09T11:24:50.384+0000][1363.867s][info ][safepoint     ] Entering safepoint region: Cleanup
[2023-11-09T11:24:50.384+0000][1363.867s][info ][safepoint     ] Leaving safepoint region
[2023-11-09T11:24:50.384+0000][1363.867s][info ][safepoint     ] Total time for which application threads were stopped: 0.0007186 seconds, Stopping threads took: 0.0002924 seconds
[2023-11-09T11:24:51.385+0000][1364.868s][debug][safepoint     ] Safepoint synchronization initiated. (169 threads)
[2023-11-09T11:24:51.385+0000][1364.868s][info ][safepoint     ] Application time: 1.0006412 seconds
[2023-11-09T11:24:51.386+0000][1364.869s][info ][safepoint     ] Entering safepoint region: Cleanup
[2023-11-09T11:24:51.386+0000][1364.869s][info ][safepoint     ] Leaving safepoint region
[2023-11-09T11:24:51.387+0000][1364.870s][info ][safepoint     ] Total time for which application threads were stopped: 0.0009850 seconds, Stopping threads took: 0.0004474 seconds
[2023-11-09T11:24:52.387+0000][1365.870s][debug][safepoint     ] Safepoint synchronization initiated. (169 threads)
[2023-11-09T11:24:52.388+0000][1365.871s][info ][safepoint     ] Application time: 1.0011655 seconds
[2023-11-09T11:24:52.389+0000][1365.872s][info ][safepoint     ] Entering safepoint region: Cleanup
[2023-11-09T11:24:52.390+0000][1365.873s][info ][safepoint     ] Leaving safepoint region
[2023-11-09T11:24:52.390+0000][1365.873s][info ][safepoint     ] Total time for which application threads were stopped: 0.0012234 seconds, Stopping threads took: 0.0005509 seconds
[2023-11-09T11:24:53.391+0000][1366.874s][debug][safepoint     ] Safepoint synchronization initiated. (168 threads)
[2023-11-09T11:24:53.391+0000][1366.874s][info ][safepoint     ] Application time: 1.0006587 seconds
[2023-11-09T11:24:53.392+0000][1366.875s][info ][safepoint     ] Entering safepoint region: Cleanup
[2023-11-09T11:24:53.392+0000][1366.875s][info ][safepoint     ] Leaving safepoint region
[2023-11-09T11:24:53.393+0000][1366.876s][info ][safepoint     ] Total time for which application threads were stopped: 0.0010698 seconds, Stopping threads took: 0.0006173 seconds
[2023-11-09T11:24:54.393+0000][1367.876s][debug][safepoint     ] Safepoint synchronization initiated. (168 threads)
[2023-11-09T11:24:54.395+0000][1367.878s][info ][safepoint     ] Application time: 1.0013285 seconds
[2023-11-09T11:24:54.395+0000][1367.878s][info ][safepoint     ] Entering safepoint region: Cleanup
[2023-11-09T11:24:54.397+0000][1367.880s][info ][safepoint     ] Leaving safepoint region
[2023-11-09T11:24:54.397+0000][1367.880s][info ][safepoint     ] Total time for which application threads were stopped: 0.0020732 seconds, Stopping threads took: 0.0008341 seconds
[2023-11-09T11:24:55.398+0000][1368.881s][debug][safepoint     ] Safepoint synchronization initiated. (168 threads)
[2023-11-09T11:24:55.399+0000][1368.882s][info ][safepoint     ] Application time: 1.0010974 seconds
[2023-11-09T11:24:55.400+0000][1368.883s][info ][safepoint     ] Entering safepoint region: Cleanup
[2023-11-09T11:24:55.401+0000][1368.884s][info ][safepoint     ] Leaving safepoint region
[2023-11-09T11:24:55.402+0000][1368.885s][info ][safepoint     ] Total time for which application threads were stopped: 0.0016812 seconds, Stopping threads took: 0.0008676 seconds
[2023-11-09T11:24:56.403+0000][1369.886s][debug][safepoint     ] Safepoint synchronization initiated. (168 threads)
[2023-11-09T11:24:56.404+0000][1369.887s][info ][safepoint     ] Application time: 1.0012534 seconds
[2023-11-09T11:24:56.405+0000][1369.888s][info ][safepoint     ] Entering safepoint region: Cleanup
[2023-11-09T11:24:56.406+0000][1369.889s][info ][safepoint     ] Leaving safepoint region
[2023-11-09T11:24:56.406+0000][1369.889s][info ][safepoint     ] Total time for which application threads were stopped: 0.0017963 seconds, Stopping threads took: 0.0007964 seconds
[2023-11-09T11:24:57.407+0000][1370.890s][debug][safepoint     ] Safepoint synchronization initiated. (168 threads)
[2023-11-09T11:24:57.408+0000][1370.891s][info ][safepoint     ] Application time: 1.0011360 seconds
[2023-11-09T11:24:57.409+0000][1370.892s][info ][safepoint     ] Entering safepoint region: Cleanup
[2023-11-09T11:24:57.410+0000][1370.893s][info ][safepoint     ] Leaving safepoint region
[2023-11-09T11:24:57.411+0000][1370.894s][info ][safepoint     ] Total time for which application threads were stopped: 0.0018975 seconds, Stopping threads took: 0.0009184 seconds
[2023-11-09T11:24:58.412+0000][1371.895s][debug][safepoint     ] Safepoint synchronization initiated. (168 threads)
[2023-11-09T11:24:58.423+0000][1371.906s][info ][safepoint     ] Application time: 1.0112466 seconds
[2023-11-09T11:24:58.436+0000][1371.919s][info ][safepoint     ] Entering safepoint region: Cleanup
[2023-11-09T11:24:58.437+0000][1371.920s][info ][safepoint     ] Leaving safepoint region
[2023-11-09T11:24:58.437+0000][1371.920s][info ][safepoint     ] Total time for which application threads were stopped: 0.0013383 seconds, Stopping threads took: 0.0006244 seconds
[2023-11-09T11:24:59.438+0000][1372.921s][debug][safepoint     ] Safepoint synchronization initiated. (168 threads)
[2023-11-09T11:24:59.439+0000][1372.922s][info ][safepoint     ] Application time: 1.0014174 seconds
[2023-11-09T11:24:59.440+0000][1372.923s][info ][safepoint     ] Entering safepoint region: Cleanup
[2023-11-09T11:24:59.441+0000][1372.924s][info ][safepoint     ] Leaving safepoint region
[2023-11-09T11:24:59.442+0000][1372.925s][info ][safepoint     ] Total time for which application threads were stopped: 0.0019896 seconds, Stopping threads took: 0.0007725 seconds
[2023-11-09T11:25:00.443+0000][1373.926s][debug][safepoint     ] Safepoint synchronization initiated. (168 threads)
[2023-11-09T11:25:00.443+0000][1373.926s][info ][safepoint     ] Application time: 1.0007002 seconds
[2023-11-09T11:25:00.444+0000][1373.927s][info ][safepoint     ] Entering safepoint region: Cleanup
[2023-11-09T11:25:00.444+0000][1373.927s][info ][safepoint     ] Leaving safepoint region
[2023-11-09T11:25:00.445+0000][1373.928s][info ][safepoint     ] Total time for which application threads were stopped: 0.0010251 seconds, Stopping threads took: 0.0004354 seconds
[2023-11-09T11:25:01.445+0000][1374.928s][debug][safepoint     ] Safepoint synchronization initiated. (168 threads)
[2023-11-09T11:25:01.446+0000][1374.929s][info ][safepoint     ] Application time: 1.0005360 seconds
[2023-11-09T11:25:01.446+0000][1374.929s][info ][safepoint     ] Entering safepoint region: Cleanup
[2023-11-09T11:25:01.447+0000][1374.930s][info ][safepoint     ] Leaving safepoint region
[2023-11-09T11:25:01.447+0000][1374.930s][info ][safepoint     ] Total time for which application threads were stopped: 0.0010039 seconds, Stopping threads took: 0.0003795 seconds
[2023-11-09T11:25:02.448+0000][1375.931s][debug][safepoint     ] Safepoint synchronization initiated. (168 threads)
[2023-11-09T11:25:02.449+0000][1375.932s][info ][safepoint     ] Application time: 1.0011781 seconds
[2023-11-09T11:25:02.450+0000][1375.933s][info ][safepoint     ] Entering safepoint region: Cleanup
[2023-11-09T11:25:02.450+0000][1375.933s][info ][safepoint     ] Leaving safepoint region
[2023-11-09T11:25:02.451+0000][1375.934s][info ][safepoint     ] Total time for which application threads were stopped: 0.0016597 seconds, Stopping threads took: 0.0007114 seconds
[2023-11-09T11:25:03.452+0000][1376.935s][debug][safepoint     ] Safepoint synchronization initiated. (168 threads)
[2023-11-09T11:25:03.453+0000][1376.936s][info ][safepoint     ] Application time: 1.0009513 seconds
[2023-11-09T11:25:03.453+0000][1376.936s][info ][safepoint     ] Entering safepoint region: Cleanup
[2023-11-09T11:25:03.454+0000][1376.937s][info ][safepoint     ] Leaving safepoint region
[2023-11-09T11:25:03.454+0000][1376.937s][info ][safepoint     ] Total time for which application threads were stopped: 0.0011801 seconds, Stopping threads took: 0.0005711 seconds
[2023-11-09T11:25:04.455+0000][1377.938s][debug][safepoint     ] Safepoint synchronization initiated. (168 threads)
[2023-11-09T11:25:04.460+0000][1377.943s][info ][safepoint     ] Application time: 1.0053039 seconds
[2023-11-09T11:25:04.462+0000][1377.945s][info ][safepoint     ] Entering safepoint region: Cleanup
[2023-11-09T11:25:04.462+0000][1377.945s][info ][safepoint     ] Leaving safepoint region
[2023-11-09T11:25:04.463+0000][1377.946s][info ][safepoint     ] Total time for which application threads were stopped: 0.0012220 seconds, Stopping threads took: 0.0005813 seconds
[2023-11-09T11:25:05.464+0000][1378.947s][debug][safepoint     ] Safepoint synchronization initiated. (168 threads)
[2023-11-09T11:25:05.465+0000][1378.948s][info ][safepoint     ] Application time: 1.0006233 seconds
[2023-11-09T11:25:05.465+0000][1378.948s][info ][safepoint     ] Entering safepoint region: Cleanup
[2023-11-09T11:25:05.466+0000][1378.949s][info ][safepoint     ] Leaving safepoint region
[2023-11-09T11:25:05.466+0000][1378.949s][info ][safepoint     ] Total time for which application threads were stopped: 0.0008993 seconds, Stopping threads took: 0.0003564 seconds
[2023-11-09T11:25:06.466+0000][1379.949s][debug][safepoint     ] Safepoint synchronization initiated. (168 threads)
[2023-11-09T11:25:06.467+0000][1379.950s][info ][safepoint     ] Application time: 1.0012437 seconds
[2023-11-09T11:25:06.468+0000][1379.951s][info ][safepoint     ] Entering safepoint region: Cleanup
[2023-11-09T11:25:06.470+0000][1379.953s][info ][safepoint     ] Leaving safepoint region
[2023-11-09T11:25:06.470+0000][1379.953s][info ][safepoint     ] Total time for which application threads were stopped: 0.0019865 seconds, Stopping threads took: 0.0008882 seconds
[2023-11-09T11:25:07.471+0000][1380.954s][debug][safepoint     ] Safepoint synchronization initiated. (168 threads)
[2023-11-09T11:25:07.490+0000][1380.973s][info ][safepoint     ] Application time: 1.0190916 seconds
[2023-11-09T11:25:07.491+0000][1380.974s][info ][safepoint     ] Entering safepoint region: Cleanup
[2023-11-09T11:25:07.492+0000][1380.975s][info ][safepoint     ] Leaving safepoint region
[2023-11-09T11:25:07.492+0000][1380.975s][info ][safepoint     ] Total time for which application threads were stopped: 0.0012587 seconds, Stopping threads took: 0.0005596 seconds
[2023-11-09T11:25:08.493+0000][1381.976s][debug][safepoint     ] Safepoint synchronization initiated. (168 threads)
[2023-11-09T11:25:08.493+0000][1381.976s][info ][safepoint     ] Application time: 1.0007477 seconds
[2023-11-09T11:25:08.494+0000][1381.977s][info ][safepoint     ] Entering safepoint region: Cleanup
[2023-11-09T11:25:08.494+0000][1381.977s][info ][safepoint     ] Leaving safepoint region
[2023-11-09T11:25:08.495+0000][1381.978s][info ][safepoint     ] Total time for which application threads were stopped: 0.0010633 seconds, Stopping threads took: 0.0004929 seconds
[2023-11-09T11:25:09.495+0000][1382.978s][debug][safepoint     ] Safepoint synchronization initiated. (168 threads)
[2023-11-09T11:25:09.496+0000][1382.979s][info ][safepoint     ] Application time: 1.0012062 seconds
[2023-11-09T11:25:09.498+0000][1382.981s][info ][safepoint     ] Entering safepoint region: Cleanup
[2023-11-09T11:25:09.499+0000][1382.982s][info ][safepoint     ] Leaving safepoint region
[2023-11-09T11:25:09.500+0000][1382.983s][info ][safepoint     ] Total time for which application threads were stopped: 0.0021508 seconds, Stopping threads took: 0.0008217 seconds
[2023-11-09T11:25:10.501+0000][1383.984s][debug][safepoint     ] Safepoint synchronization initiated. (168 threads)
[2023-11-09T11:25:10.501+0000][1383.984s][info ][safepoint     ] Application time: 1.0007549 seconds
[2023-11-09T11:25:10.502+0000][1383.985s][info ][safepoint     ] Entering safepoint region: Cleanup
[2023-11-09T11:25:10.503+0000][1383.986s][info ][safepoint     ] Leaving safepoint region
[2023-11-09T11:25:10.503+0000][1383.986s][info ][safepoint     ] Total time for which application threads were stopped: 0.0011963 seconds, Stopping threads took: 0.0006066 seconds
[2023-11-09T11:25:11.503+0000][1384.986s][debug][safepoint     ] Safepoint synchronization initiated. (168 threads)
[2023-11-09T11:25:11.504+0000][1384.987s][info ][safepoint     ] Application time: 1.0005421 seconds
[2023-11-09T11:25:11.504+0000][1384.987s][info ][safepoint     ] Entering safepoint region: Cleanup
[2023-11-09T11:25:11.505+0000][1384.988s][info ][safepoint     ] Leaving safepoint region
[2023-11-09T11:25:11.505+0000][1384.988s][info ][safepoint     ] Total time for which application threads were stopped: 0.0007770 seconds, Stopping threads took: 0.0003143 seconds
[2023-11-09T11:25:12.506+0000][1385.989s][debug][safepoint     ] Safepoint synchronization initiated. (168 threads)
[2023-11-09T11:25:12.506+0000][1385.989s][info ][safepoint     ] Application time: 1.0011911 seconds
[2023-11-09T11:25:12.508+0000][1385.990s][info ][safepoint     ] Entering safepoint region: Cleanup
[2023-11-09T11:25:12.508+0000][1385.991s][info ][safepoint     ] Leaving safepoint region
[2023-11-09T11:25:12.509+0000][1385.992s][info ][safepoint     ] Total time for which application threads were stopped: 0.0016637 seconds, Stopping threads took: 0.0007047 seconds
[2023-11-09T11:25:13.510+0000][1386.993s][debug][safepoint     ] Safepoint synchronization initiated. (168 threads)
[2023-11-09T11:25:13.511+0000][1386.994s][info ][safepoint     ] Application time: 1.0010398 seconds
[2023-11-09T11:25:13.511+0000][1386.994s][info ][safepoint     ] Entering safepoint region: Cleanup
[2023-11-09T11:25:13.513+0000][1386.996s][info ][safepoint     ] Leaving safepoint region
[2023-11-09T11:25:13.513+0000][1386.996s][info ][safepoint     ] Total time for which application threads were stopped: 0.0018086 seconds, Stopping threads took: 0.0009281 seconds
[2023-11-09T11:25:14.514+0000][1387.997s][debug][safepoint     ] Safepoint synchronization initiated. (168 threads)
[2023-11-09T11:25:14.515+0000][1387.998s][info ][safepoint     ] Application time: 1.0012799 seconds
[2023-11-09T11:25:14.516+0000][1387.999s][info ][safepoint     ] Entering safepoint region: Cleanup
[2023-11-09T11:25:14.517+0000][1388.000s][info ][safepoint     ] Leaving safepoint region
[2023-11-09T11:25:14.518+0000][1388.001s][info ][safepoint     ] Total time for which application threads were stopped: 0.0018043 seconds, Stopping threads took: 0.0007200 seconds
[2023-11-09T11:25:15.518+0000][1389.001s][debug][safepoint     ] Safepoint synchronization initiated. (168 threads)
[2023-11-09T11:25:15.519+0000][1389.002s][info ][safepoint     ] Application time: 1.0010827 seconds
[2023-11-09T11:25:15.520+0000][1389.003s][info ][safepoint     ] Entering safepoint region: Cleanup
[2023-11-09T11:25:15.521+0000][1389.004s][info ][safepoint     ] Leaving safepoint region
[2023-11-09T11:25:15.521+0000][1389.004s][info ][safepoint     ] Total time for which application threads were stopped: 0.0014111 seconds, Stopping threads took: 0.0005855 seconds
[2023-11-09T11:25:16.522+0000][1390.005s][debug][safepoint     ] Safepoint synchronization initiated. (168 threads)
[2023-11-09T11:25:16.523+0000][1390.006s][info ][safepoint     ] Application time: 1.0010271 seconds
[2023-11-09T11:25:16.524+0000][1390.007s][info ][safepoint     ] Entering safepoint region: Cleanup
[2023-11-09T11:25:16.525+0000][1390.008s][info ][safepoint     ] Leaving safepoint region
[2023-11-09T11:25:16.525+0000][1390.008s][info ][safepoint     ] Total time for which application threads were stopped: 0.0016696 seconds, Stopping threads took: 0.0007278 seconds
[2023-11-09T11:25:17.526+0000][1391.009s][debug][safepoint     ] Safepoint synchronization initiated. (168 threads)
[2023-11-09T11:25:17.527+0000][1391.010s][info ][safepoint     ] Application time: 1.0014225 seconds
[2023-11-09T11:25:17.528+0000][1391.011s][info ][safepoint     ] Entering safepoint region: Cleanup
[2023-11-09T11:25:17.529+0000][1391.012s][info ][safepoint     ] Leaving safepoint region
[2023-11-09T11:25:17.530+0000][1391.013s][info ][safepoint     ] Total time for which application threads were stopped: 0.0020078 seconds, Stopping threads took: 0.0005318 seconds
[2023-11-09T11:25:18.531+0000][1392.014s][debug][safepoint     ] Safepoint synchronization initiated. (168 threads)
[2023-11-09T11:25:18.532+0000][1392.015s][info ][safepoint     ] Application time: 1.0009772 seconds
[2023-11-09T11:25:18.533+0000][1392.016s][info ][safepoint     ] Entering safepoint region: Cleanup
[2023-11-09T11:25:18.534+0000][1392.017s][info ][safepoint     ] Leaving safepoint region
[2023-11-09T11:25:18.534+0000][1392.017s][info ][safepoint     ] Total time for which application threads were stopped: 0.0017051 seconds, Stopping threads took: 0.0007244 seconds
[2023-11-09T11:25:19.535+0000][1393.018s][debug][safepoint     ] Safepoint synchronization initiated. (168 threads)
[2023-11-09T11:25:19.536+0000][1393.019s][info ][safepoint     ] Application time: 1.0006422 seconds
[2023-11-09T11:25:19.536+0000][1393.019s][info ][safepoint     ] Entering safepoint region: Cleanup
[2023-11-09T11:25:19.536+0000][1393.019s][info ][safepoint     ] Leaving safepoint region
[2023-11-09T11:25:19.537+0000][1393.020s][info ][safepoint     ] Total time for which application threads were stopped: 0.0008483 seconds, Stopping threads took: 0.0003814 seconds
[2023-11-09T11:25:20.537+0000][1394.020s][debug][safepoint     ] Safepoint synchronization initiated. (168 threads)
[2023-11-09T11:25:20.538+0000][1394.020s][info ][safepoint     ] Application time: 1.0005229 seconds
[2023-11-09T11:25:20.538+0000][1394.021s][info ][safepoint     ] Entering safepoint region: Cleanup
[2023-11-09T11:25:20.538+0000][1394.021s][info ][safepoint     ] Leaving safepoint region
[2023-11-09T11:25:20.539+0000][1394.022s][info ][safepoint     ] Total time for which application threads were stopped: 0.0008357 seconds, Stopping threads took: 0.0002887 seconds
[2023-11-09T11:25:21.539+0000][1395.022s][debug][safepoint     ] Safepoint synchronization initiated. (168 threads)
[2023-11-09T11:25:21.539+0000][1395.022s][info ][safepoint     ] Application time: 1.0004729 seconds
[2023-11-09T11:25:21.540+0000][1395.023s][info ][safepoint     ] Entering safepoint region: Cleanup
[2023-11-09T11:25:21.540+0000][1395.023s][info ][safepoint     ] Leaving safepoint region
[2023-11-09T11:25:21.540+0000][1395.023s][info ][safepoint     ] Total time for which application threads were stopped: 0.0007511 seconds, Stopping threads took: 0.0003150 seconds
[2023-11-09T11:25:22.541+0000][1396.024s][debug][safepoint     ] Safepoint synchronization initiated. (168 threads)
[2023-11-09T11:25:22.541+0000][1396.024s][info ][safepoint     ] Application time: 1.0006705 seconds
[2023-11-09T11:25:22.542+0000][1396.025s][info ][safepoint     ] Entering safepoint region: Cleanup
[2023-11-09T11:25:22.542+0000][1396.025s][info ][safepoint     ] Leaving safepoint region
[2023-11-09T11:25:22.543+0000][1396.026s][info ][safepoint     ] Total time for which application threads were stopped: 0.0009115 seconds, Stopping threads took: 0.0003980 seconds
[2023-11-09T11:25:23.543+0000][1397.026s][debug][safepoint     ] Safepoint synchronization initiated. (168 threads)
[2023-11-09T11:25:23.544+0000][1397.027s][info ][safepoint     ] Application time: 1.0005969 seconds
[2023-11-09T11:25:23.544+0000][1397.027s][info ][safepoint     ] Entering safepoint region: Cleanup
[2023-11-09T11:25:23.544+0000][1397.027s][info ][safepoint     ] Leaving safepoint region
[2023-11-09T11:25:23.545+0000][1397.028s][info ][safepoint     ] Total time for which application threads were stopped: 0.0007279 seconds, Stopping threads took: 0.0002896 seconds
[2023-11-09T11:25:24.545+0000][1398.028s][debug][safepoint     ] Safepoint synchronization initiated. (168 threads)
[2023-11-09T11:25:24.546+0000][1398.029s][info ][safepoint     ] Application time: 1.0006898 seconds
[2023-11-09T11:25:24.546+0000][1398.029s][info ][safepoint     ] Entering safepoint region: Cleanup
[2023-11-09T11:25:24.547+0000][1398.030s][info ][safepoint     ] Leaving safepoint region
[2023-11-09T11:25:24.548+0000][1398.031s][info ][safepoint     ] Total time for which application threads were stopped: 0.0012068 seconds, Stopping threads took: 0.0005187 seconds
[2023-11-09T11:25:25.548+0000][1399.031s][debug][safepoint     ] Safepoint synchronization initiated. (168 threads)
[2023-11-09T11:25:25.549+0000][1399.031s][info ][safepoint     ] Application time: 1.0005299 seconds
[2023-11-09T11:25:25.549+0000][1399.032s][info ][safepoint     ] Entering safepoint region: Cleanup
[2023-11-09T11:25:25.550+0000][1399.033s][info ][safepoint     ] Leaving safepoint region
[2023-11-09T11:25:25.550+0000][1399.033s][info ][safepoint     ] Total time for which application threads were stopped: 0.0009355 seconds, Stopping threads took: 0.0004232 seconds
[2023-11-09T11:25:26.550+0000][1400.033s][debug][safepoint     ] Safepoint synchronization initiated. (168 threads)
[2023-11-09T11:25:26.551+0000][1400.034s][info ][safepoint     ] Application time: 1.0007079 seconds
[2023-11-09T11:25:26.551+0000][1400.034s][info ][safepoint     ] Entering safepoint region: Cleanup
[2023-11-09T11:25:26.552+0000][1400.035s][info ][safepoint     ] Leaving safepoint region
[2023-11-09T11:25:26.552+0000][1400.035s][info ][safepoint     ] Total time for which application threads were stopped: 0.0011526 seconds, Stopping threads took: 0.0004539 seconds
[2023-11-09T11:25:26.552+0000][1400.035s][debug][safepoint     ] ... found polling page return exception at pc = 0x00007fb4f0d6dc84, stub =0x00007fb4e8840600
[2023-11-09T11:25:26.552+0000][1400.035s][debug][safepoint     ] ... found polling page return exception at pc = 0x00007fb4f0d6dc84, stub =0x00007fb4e8840600
[2023-11-09T11:25:26.552+0000][1400.035s][debug][safepoint     ] ... found polling page return exception at pc = 0x00007fb4f0d6dc84, stub =0x00007fb4e8840600
[2023-11-09T11:25:26.552+0000][1400.035s][debug][safepoint     ] ... found polling page return exception at pc = 0x00007fb4f0d6dc84, stub =0x00007fb4e8840600
[2023-11-09T11:25:26.552+0000][1400.035s][debug][safepoint     ] ... found polling page return exception at pc = 0x00007fb4f0d6dc84, stub =0x00007fb4e8840600
[2023-11-09T11:25:27.553+0000][1401.036s][debug][safepoint     ] Safepoint synchronization initiated. (168 threads)
[2023-11-09T11:25:27.553+0000][1401.036s][info ][safepoint     ] Application time: 1.0005032 seconds
[2023-11-09T11:25:27.554+0000][1401.037s][info ][safepoint     ] Entering safepoint region: Cleanup
[2023-11-09T11:25:27.554+0000][1401.037s][info ][safepoint     ] Leaving safepoint region
[2023-11-09T11:25:27.554+0000][1401.037s][info ][safepoint     ] Total time for which application threads were stopped: 0.0007795 seconds, Stopping threads took: 0.0003271 seconds
[2023-11-09T11:25:28.555+0000][1402.038s][debug][safepoint     ] Safepoint synchronization initiated. (168 threads)
[2023-11-09T11:25:28.555+0000][1402.038s][info ][safepoint     ] Application time: 1.0006665 seconds
[2023-11-09T11:25:28.556+0000][1402.039s][info ][safepoint     ] Entering safepoint region: Cleanup
[2023-11-09T11:25:28.556+0000][1402.039s][info ][safepoint     ] Leaving safepoint region
[2023-11-09T11:25:28.557+0000][1402.040s][info ][safepoint     ] Total time for which application threads were stopped: 0.0011399 seconds, Stopping threads took: 0.0004593 seconds
[2023-11-09T11:25:29.558+0000][1403.041s][debug][safepoint     ] Safepoint synchronization initiated. (168 threads)
[2023-11-09T11:25:29.558+0000][1403.041s][info ][safepoint     ] Application time: 1.0005951 seconds
[2023-11-09T11:25:29.558+0000][1403.041s][info ][safepoint     ] Entering safepoint region: Cleanup
[2023-11-09T11:25:29.559+0000][1403.042s][info ][safepoint     ] Leaving safepoint region
[2023-11-09T11:25:29.559+0000][1403.042s][info ][safepoint     ] Total time for which application threads were stopped: 0.0009081 seconds, Stopping threads took: 0.0003582 seconds
[2023-11-09T11:25:30.560+0000][1404.043s][debug][safepoint     ] Safepoint synchronization initiated. (168 threads)
[2023-11-09T11:25:30.561+0000][1404.044s][info ][safepoint     ] Application time: 1.0016317 seconds
[2023-11-09T11:25:30.563+0000][1404.046s][info ][safepoint     ] Entering safepoint region: Cleanup
[2023-11-09T11:25:30.564+0000][1404.047s][info ][safepoint     ] Leaving safepoint region
[2023-11-09T11:25:30.564+0000][1404.047s][info ][safepoint     ] Total time for which application threads were stopped: 0.0015473 seconds, Stopping threads took: 0.0007535 seconds
[2023-11-09T11:25:31.565+0000][1405.048s][debug][safepoint     ] Safepoint synchronization initiated. (168 threads)
[2023-11-09T11:25:31.566+0000][1405.049s][info ][safepoint     ] Application time: 1.0008369 seconds
[2023-11-09T11:25:31.566+0000][1405.049s][info ][safepoint     ] Entering safepoint region: Cleanup
[2023-11-09T11:25:31.567+0000][1405.050s][info ][safepoint     ] Leaving safepoint region
[2023-11-09T11:25:31.567+0000][1405.050s][info ][safepoint     ] Total time for which application threads were stopped: 0.0012344 seconds, Stopping threads took: 0.0005505 seconds
[2023-11-09T11:25:32.568+0000][1406.051s][debug][safepoint     ] Safepoint synchronization initiated. (168 threads)
[2023-11-09T11:25:32.568+0000][1406.051s][info ][safepoint     ] Application time: 1.0006327 seconds
[2023-11-09T11:25:32.569+0000][1406.052s][info ][safepoint     ] Entering safepoint region: Cleanup
[2023-11-09T11:25:32.569+0000][1406.052s][info ][safepoint     ] Leaving safepoint region
[2023-11-09T11:25:32.570+0000][1406.053s][info ][safepoint     ] Total time for which application threads were stopped: 0.0010106 seconds, Stopping threads took: 0.0004459 seconds
[2023-11-09T11:25:33.570+0000][1407.053s][debug][safepoint     ] Safepoint synchronization initiated. (168 threads)
[2023-11-09T11:25:33.571+0000][1407.054s][info ][safepoint     ] Application time: 1.0009107 seconds
[2023-11-09T11:25:33.572+0000][1407.055s][info ][safepoint     ] Entering safepoint region: Cleanup
[2023-11-09T11:25:33.572+0000][1407.055s][info ][safepoint     ] Leaving safepoint region
[2023-11-09T11:25:33.573+0000][1407.056s][info ][safepoint     ] Total time for which application threads were stopped: 0.0012017 seconds, Stopping threads took: 0.0005227 seconds
[2023-11-09T11:25:34.574+0000][1408.056s][debug][safepoint     ] Safepoint synchronization initiated. (168 threads)
[2023-11-09T11:25:34.574+0000][1408.057s][info ][safepoint     ] Application time: 1.0008308 seconds
[2023-11-09T11:25:34.575+0000][1408.058s][info ][safepoint     ] Entering safepoint region: Cleanup
[2023-11-09T11:25:34.575+0000][1408.058s][info ][safepoint     ] Leaving safepoint region
[2023-11-09T11:25:34.576+0000][1408.059s][info ][safepoint     ] Total time for which application threads were stopped: 0.0010449 seconds, Stopping threads took: 0.0004649 seconds
[2023-11-09T11:25:35.576+0000][1409.059s][debug][safepoint     ] Safepoint synchronization initiated. (168 threads)
[2023-11-09T11:25:35.577+0000][1409.060s][info ][safepoint     ] Application time: 1.0005305 seconds
[2023-11-09T11:25:35.577+0000][1409.060s][info ][safepoint     ] Entering safepoint region: Cleanup
[2023-11-09T11:25:35.577+0000][1409.060s][info ][safepoint     ] Leaving safepoint region
[2023-11-09T11:25:35.578+0000][1409.061s][info ][safepoint     ] Total time for which application threads were stopped: 0.0009491 seconds, Stopping threads took: 0.0003648 seconds
[2023-11-09T11:25:36.578+0000][1410.061s][debug][safepoint     ] Safepoint synchronization initiated. (168 threads)
[2023-11-09T11:25:36.579+0000][1410.062s][info ][safepoint     ] Application time: 1.0008808 seconds
[2023-11-09T11:25:36.580+0000][1410.062s][info ][safepoint     ] Entering safepoint region: Cleanup
[2023-11-09T11:25:36.580+0000][1410.063s][info ][safepoint     ] Leaving safepoint region
[2023-11-09T11:25:36.581+0000][1410.064s][info ][safepoint     ] Total time for which application threads were stopped: 0.0012959 seconds, Stopping threads took: 0.0005571 seconds
[2023-11-09T11:25:37.581+0000][1411.064s][debug][safepoint     ] Safepoint synchronization initiated. (168 threads)
[2023-11-09T11:25:37.582+0000][1411.065s][info ][safepoint     ] Application time: 1.0005540 seconds
[2023-11-09T11:25:37.582+0000][1411.065s][info ][safepoint     ] Entering safepoint region: Cleanup
[2023-11-09T11:25:37.583+0000][1411.066s][info ][safepoint     ] Leaving safepoint region
[2023-11-09T11:25:37.583+0000][1411.066s][info ][safepoint     ] Total time for which application threads were stopped: 0.0010069 seconds, Stopping threads took: 0.0004070 seconds
[2023-11-09T11:25:38.584+0000][1412.067s][debug][safepoint     ] Safepoint synchronization initiated. (168 threads)
[2023-11-09T11:25:38.585+0000][1412.068s][info ][safepoint     ] Application time: 1.0010912 seconds
[2023-11-09T11:25:38.585+0000][1412.068s][info ][safepoint     ] Entering safepoint region: Cleanup
[2023-11-09T11:25:38.586+0000][1412.069s][info ][safepoint     ] Leaving safepoint region
[2023-11-09T11:25:38.586+0000][1412.069s][info ][safepoint     ] Total time for which application threads were stopped: 0.0011744 seconds, Stopping threads took: 0.0005735 seconds
[2023-11-09T11:25:39.587+0000][1413.070s][debug][safepoint     ] Safepoint synchronization initiated. (168 threads)
[2023-11-09T11:25:39.588+0000][1413.071s][info ][safepoint     ] Application time: 1.0006003 seconds
[2023-11-09T11:25:39.588+0000][1413.071s][info ][safepoint     ] Entering safepoint region: Cleanup
[2023-11-09T11:25:39.588+0000][1413.071s][info ][safepoint     ] Leaving safepoint region
[2023-11-09T11:25:39.589+0000][1413.072s][info ][safepoint     ] Total time for which application threads were stopped: 0.0009394 seconds, Stopping threads took: 0.0004407 seconds
[2023-11-09T11:25:40.589+0000][1414.072s][debug][safepoint     ] Safepoint synchronization initiated. (168 threads)
[2023-11-09T11:25:40.590+0000][1414.073s][info ][safepoint     ] Application time: 1.0006481 seconds
[2023-11-09T11:25:40.590+0000][1414.073s][info ][safepoint     ] Entering safepoint region: Cleanup
[2023-11-09T11:25:40.591+0000][1414.074s][info ][safepoint     ] Leaving safepoint region
[2023-11-09T11:25:40.591+0000][1414.074s][info ][safepoint     ] Total time for which application threads were stopped: 0.0007608 seconds, Stopping threads took: 0.0003278 seconds
[2023-11-09T11:25:41.592+0000][1415.075s][debug][safepoint     ] Safepoint synchronization initiated. (168 threads)
[2023-11-09T11:25:41.592+0000][1415.075s][info ][safepoint     ] Application time: 1.0005857 seconds
[2023-11-09T11:25:41.592+0000][1415.075s][info ][safepoint     ] Entering safepoint region: Cleanup
[2023-11-09T11:25:41.593+0000][1415.076s][info ][safepoint     ] Leaving safepoint region
[2023-11-09T11:25:41.593+0000][1415.076s][info ][safepoint     ] Total time for which application threads were stopped: 0.0008975 seconds, Stopping threads took: 0.0003772 seconds
[2023-11-09T11:25:42.594+0000][1416.077s][debug][safepoint     ] Safepoint synchronization initiated. (168 threads)
[2023-11-09T11:25:42.594+0000][1416.077s][info ][safepoint     ] Application time: 1.0005474 seconds
[2023-11-09T11:25:42.595+0000][1416.078s][info ][safepoint     ] Entering safepoint region: Cleanup
[2023-11-09T11:25:42.595+0000][1416.078s][info ][safepoint     ] Leaving safepoint region
[2023-11-09T11:25:42.596+0000][1416.079s][info ][safepoint     ] Total time for which application threads were stopped: 0.0011878 seconds, Stopping threads took: 0.0005674 seconds
[2023-11-09T11:25:43.596+0000][1417.079s][debug][safepoint     ] Safepoint synchronization initiated. (168 threads)
[2023-11-09T11:25:43.597+0000][1417.080s][info ][safepoint     ] Application time: 1.0006490 seconds
[2023-11-09T11:25:43.597+0000][1417.080s][info ][safepoint     ] Entering safepoint region: Cleanup
[2023-11-09T11:25:43.598+0000][1417.081s][info ][safepoint     ] Leaving safepoint region
[2023-11-09T11:25:43.598+0000][1417.081s][info ][safepoint     ] Total time for which application threads were stopped: 0.0010160 seconds, Stopping threads took: 0.0004814 seconds
[2023-11-09T11:25:44.599+0000][1418.082s][debug][safepoint     ] Safepoint synchronization initiated. (168 threads)
[2023-11-09T11:25:44.599+0000][1418.082s][info ][safepoint     ] Application time: 1.0006271 seconds
[2023-11-09T11:25:44.600+0000][1418.083s][info ][safepoint     ] Entering safepoint region: Cleanup
[2023-11-09T11:25:44.600+0000][1418.083s][info ][safepoint     ] Leaving safepoint region
[2023-11-09T11:25:44.600+0000][1418.083s][info ][safepoint     ] Total time for which application threads were stopped: 0.0008693 seconds, Stopping threads took: 0.0004031 seconds
[2023-11-09T11:25:45.601+0000][1419.084s][debug][safepoint     ] Safepoint synchronization initiated. (168 threads)
[2023-11-09T11:25:45.602+0000][1419.085s][info ][safepoint     ] Application time: 1.0008913 seconds
[2023-11-09T11:25:45.602+0000][1419.085s][info ][safepoint     ] Entering safepoint region: Cleanup
[2023-11-09T11:25:45.603+0000][1419.086s][info ][safepoint     ] Leaving safepoint region
[2023-11-09T11:25:45.603+0000][1419.086s][info ][safepoint     ] Total time for which application threads were stopped: 0.0011893 seconds, Stopping threads took: 0.0005942 seconds
[2023-11-09T11:25:46.604+0000][1420.087s][debug][safepoint     ] Safepoint synchronization initiated. (168 threads)
[2023-11-09T11:25:46.604+0000][1420.087s][info ][safepoint     ] Application time: 1.0005741 seconds
[2023-11-09T11:25:46.605+0000][1420.088s][info ][safepoint     ] Entering safepoint region: Cleanup
[2023-11-09T11:25:46.605+0000][1420.088s][info ][safepoint     ] Leaving safepoint region
[2023-11-09T11:25:46.605+0000][1420.088s][info ][safepoint     ] Total time for which application threads were stopped: 0.0008030 seconds, Stopping threads took: 0.0003203 seconds
[2023-11-09T11:25:47.606+0000][1421.089s][debug][safepoint     ] Safepoint synchronization initiated. (168 threads)
[2023-11-09T11:25:47.607+0000][1421.090s][info ][safepoint     ] Application time: 1.0008771 seconds
[2023-11-09T11:25:47.607+0000][1421.090s][info ][safepoint     ] Entering safepoint region: Cleanup
[2023-11-09T11:25:47.608+0000][1421.091s][info ][safepoint     ] Leaving safepoint region
[2023-11-09T11:25:47.608+0000][1421.091s][info ][safepoint     ] Total time for which application threads were stopped: 0.0010475 seconds, Stopping threads took: 0.0004531 seconds
[2023-11-09T11:25:48.609+0000][1422.092s][debug][safepoint     ] Safepoint synchronization initiated. (168 threads)
[2023-11-09T11:25:48.609+0000][1422.092s][info ][safepoint     ] Application time: 1.0007194 seconds
[2023-11-09T11:25:48.610+0000][1422.093s][info ][safepoint     ] Entering safepoint region: Cleanup
[2023-11-09T11:25:48.611+0000][1422.094s][info ][safepoint     ] Leaving safepoint region
[2023-11-09T11:25:48.612+0000][1422.095s][info ][safepoint     ] Total time for which application threads were stopped: 0.0024312 seconds, Stopping threads took: 0.0007995 seconds
[2023-11-09T11:25:49.614+0000][1423.097s][debug][safepoint     ] Safepoint synchronization initiated. (168 threads)
[2023-11-09T11:25:49.615+0000][1423.098s][info ][safepoint     ] Application time: 1.0014156 seconds
[2023-11-09T11:25:49.615+0000][1423.098s][info ][safepoint     ] Entering safepoint region: Cleanup
[2023-11-09T11:25:49.617+0000][1423.100s][info ][safepoint     ] Leaving safepoint region
[2023-11-09T11:25:49.617+0000][1423.100s][info ][safepoint     ] Total time for which application threads were stopped: 0.0019413 seconds, Stopping threads took: 0.0008390 seconds
[2023-11-09T11:25:50.618+0000][1424.101s][debug][safepoint     ] Safepoint synchronization initiated. (168 threads)
[2023-11-09T11:25:50.619+0000][1424.102s][info ][safepoint     ] Application time: 1.0010834 seconds
[2023-11-09T11:25:50.620+0000][1424.103s][info ][safepoint     ] Entering safepoint region: Cleanup
[2023-11-09T11:25:50.621+0000][1424.104s][info ][safepoint     ] Leaving safepoint region
[2023-11-09T11:25:50.621+0000][1424.104s][info ][safepoint     ] Total time for which application threads were stopped: 0.0015747 seconds, Stopping threads took: 0.0006290 seconds
[2023-11-09T11:25:51.622+0000][1425.105s][debug][safepoint     ] Safepoint synchronization initiated. (168 threads)
[2023-11-09T11:25:51.623+0000][1425.106s][info ][safepoint     ] Application time: 1.0011786 seconds
[2023-11-09T11:25:51.624+0000][1425.107s][info ][safepoint     ] Entering safepoint region: Cleanup
[2023-11-09T11:25:51.625+0000][1425.108s][info ][safepoint     ] Leaving safepoint region
[2023-11-09T11:25:51.626+0000][1425.108s][info ][safepoint     ] Total time for which application threads were stopped: 0.0016714 seconds, Stopping threads took: 0.0007045 seconds
[2023-11-09T11:25:52.626+0000][1426.109s][debug][safepoint     ] Safepoint synchronization initiated. (168 threads)
[2023-11-09T11:25:52.627+0000][1426.110s][info ][safepoint     ] Application time: 1.0011687 seconds
[2023-11-09T11:25:52.628+0000][1426.111s][info ][safepoint     ] Entering safepoint region: Cleanup
[2023-11-09T11:25:52.629+0000][1426.112s][info ][safepoint     ] Leaving safepoint region
[2023-11-09T11:25:52.630+0000][1426.113s][info ][safepoint     ] Total time for which application threads were stopped: 0.0018134 seconds, Stopping threads took: 0.0008208 seconds
[2023-11-09T11:25:53.631+0000][1427.114s][debug][safepoint     ] Safepoint synchronization initiated. (168 threads)
[2023-11-09T11:25:53.631+0000][1427.114s][info ][safepoint     ] Application time: 1.0009660 seconds
[2023-11-09T11:25:53.632+0000][1427.115s][info ][safepoint     ] Entering safepoint region: Cleanup
[2023-11-09T11:25:53.633+0000][1427.116s][info ][safepoint     ] Leaving safepoint region
[2023-11-09T11:25:53.633+0000][1427.116s][info ][safepoint     ] Total time for which application threads were stopped: 0.0011971 seconds, Stopping threads took: 0.0006249 seconds
[2023-11-09T11:25:54.634+0000][1428.117s][debug][safepoint     ] Safepoint synchronization initiated. (168 threads)
[2023-11-09T11:25:54.635+0000][1428.118s][info ][safepoint     ] Application time: 1.0011743 seconds
[2023-11-09T11:25:54.636+0000][1428.119s][info ][safepoint     ] Entering safepoint region: Cleanup
[2023-11-09T11:25:54.637+0000][1428.120s][info ][safepoint     ] Leaving safepoint region
[2023-11-09T11:25:54.637+0000][1428.120s][info ][safepoint     ] Total time for which application threads were stopped: 0.0018363 seconds, Stopping threads took: 0.0008413 seconds
[2023-11-09T11:25:55.638+0000][1429.121s][debug][safepoint     ] Safepoint synchronization initiated. (168 threads)
[2023-11-09T11:25:55.638+0000][1429.121s][info ][safepoint     ] Application time: 1.0005775 seconds
[2023-11-09T11:25:55.639+0000][1429.122s][info ][safepoint     ] Entering safepoint region: Cleanup
[2023-11-09T11:25:55.639+0000][1429.122s][info ][safepoint     ] Leaving safepoint region
[2023-11-09T11:25:55.640+0000][1429.123s][info ][safepoint     ] Total time for which application threads were stopped: 0.0007673 seconds, Stopping threads took: 0.0003222 seconds
[2023-11-09T11:25:56.640+0000][1430.123s][debug][safepoint     ] Safepoint synchronization initiated. (168 threads)
[2023-11-09T11:25:56.640+0000][1430.123s][info ][safepoint     ] Application time: 1.0005686 seconds
[2023-11-09T11:25:56.641+0000][1430.124s][info ][safepoint     ] Entering safepoint region: Cleanup
[2023-11-09T11:25:56.641+0000][1430.124s][info ][safepoint     ] Leaving safepoint region
[2023-11-09T11:25:56.642+0000][1430.125s][info ][safepoint     ] Total time for which application threads were stopped: 0.0007936 seconds, Stopping threads took: 0.0003485 seconds
[2023-11-09T11:25:57.642+0000][1431.125s][debug][safepoint     ] Safepoint synchronization initiated. (168 threads)
[2023-11-09T11:25:57.643+0000][1431.126s][info ][safepoint     ] Application time: 1.0009106 seconds
[2023-11-09T11:25:57.644+0000][1431.127s][info ][safepoint     ] Entering safepoint region: Cleanup
[2023-11-09T11:25:57.644+0000][1431.127s][info ][safepoint     ] Leaving safepoint region
[2023-11-09T11:25:57.645+0000][1431.128s][info ][safepoint     ] Total time for which application threads were stopped: 0.0011287 seconds, Stopping threads took: 0.0005040 seconds
[2023-11-09T11:25:58.645+0000][1432.128s][debug][safepoint     ] Safepoint synchronization initiated. (168 threads)
[2023-11-09T11:25:58.646+0000][1432.129s][info ][safepoint     ] Application time: 1.0011427 seconds
[2023-11-09T11:25:58.647+0000][1432.130s][info ][safepoint     ] Entering safepoint region: Cleanup
[2023-11-09T11:25:58.648+0000][1432.131s][info ][safepoint     ] Leaving safepoint region
[2023-11-09T11:25:58.649+0000][1432.132s][info ][safepoint     ] Total time for which application threads were stopped: 0.0018552 seconds, Stopping threads took: 0.0008431 seconds
[2023-11-09T11:25:59.650+0000][1433.133s][debug][safepoint     ] Safepoint synchronization initiated. (168 threads)
[2023-11-09T11:25:59.651+0000][1433.133s][info ][safepoint     ] Application time: 1.0010075 seconds
[2023-11-09T11:25:59.651+0000][1433.134s][info ][safepoint     ] Entering safepoint region: Cleanup
[2023-11-09T11:25:59.652+0000][1433.135s][info ][safepoint     ] Leaving safepoint region
[2023-11-09T11:25:59.653+0000][1433.136s][info ][safepoint     ] Total time for which application threads were stopped: 0.0013851 seconds, Stopping threads took: 0.0005359 seconds
[2023-11-09T11:26:00.653+0000][1434.136s][debug][safepoint     ] Safepoint synchronization initiated. (168 threads)
[2023-11-09T11:26:00.654+0000][1434.137s][info ][safepoint     ] Application time: 1.0010755 seconds
[2023-11-09T11:26:00.655+0000][1434.138s][info ][safepoint     ] Entering safepoint region: Cleanup
[2023-11-09T11:26:00.656+0000][1434.139s][info ][safepoint     ] Leaving safepoint region
[2023-11-09T11:26:00.657+0000][1434.140s][info ][safepoint     ] Total time for which application threads were stopped: 0.0016058 seconds, Stopping threads took: 0.0006731 seconds
[2023-11-09T11:26:01.146+0000][1434.629s][debug][safepoint     ] Safepoint synchronization initiated. (168 threads)
[2023-11-09T11:26:01.147+0000][1434.630s][info ][safepoint     ] Application time: 0.4898597 seconds
[2023-11-09T11:26:01.147+0000][1434.630s][info ][safepoint     ] Entering safepoint region: G1CollectForAllocation
[2023-11-09T11:26:01.148+0000][1434.631s][info ][gc,start      ] GC(70) Pause Young (Normal) (G1 Evacuation Pause)
[2023-11-09T11:26:01.148+0000][1434.631s][info ][gc,task       ] GC(70) Using 8 workers of 8 for evacuation
[2023-11-09T11:26:01.167+0000][1434.650s][info ][gc,phases     ] GC(70)   Pre Evacuate Collection Set: 0.0ms
[2023-11-09T11:26:01.167+0000][1434.650s][info ][gc,phases     ] GC(70)   Evacuate Collection Set: 13.9ms
[2023-11-09T11:26:01.168+0000][1434.651s][info ][gc,phases     ] GC(70)   Post Evacuate Collection Set: 3.9ms
[2023-11-09T11:26:01.169+0000][1434.652s][info ][gc,phases     ] GC(70)   Other: 0.9ms
[2023-11-09T11:26:01.169+0000][1434.652s][info ][gc,heap       ] GC(70) Eden regions: 189->0(190)
[2023-11-09T11:26:01.170+0000][1434.653s][info ][gc,heap       ] GC(70) Survivor regions: 11->10(25)
[2023-11-09T11:26:01.170+0000][1434.653s][info ][gc,heap       ] GC(70) Old regions: 144->145
[2023-11-09T11:26:01.171+0000][1434.654s][info ][gc,heap       ] GC(70) Humongous regions: 0->0
[2023-11-09T11:26:01.171+0000][1434.654s][info ][gc,metaspace  ] GC(70) Metaspace: 159783K(164944K)->159783K(164944K) NonClass: 141139K(144336K)->141139K(144336K) Class: 18643K(20608K)->18643K(20608K)
[2023-11-09T11:26:01.172+0000][1434.655s][info ][gc            ] GC(70) Pause Young (Normal) (G1 Evacuation Pause) 341M->152M(395M) 23.600ms
[2023-11-09T11:26:01.172+0000][1434.655s][info ][gc,cpu        ] GC(70) User=0.13s Sys=0.00s Real=0.02s
[2023-11-09T11:26:01.173+0000][1434.656s][info ][safepoint     ] Leaving safepoint region
[2023-11-09T11:26:01.173+0000][1434.656s][info ][safepoint     ] Total time for which application threads were stopped: 0.0256086 seconds, Stopping threads took: 0.0004655 seconds
[2023-11-09T11:26:01.174+0000][1434.657s][info ][gc,stringdedup] Concurrent String Deduplication (1434.657s)
[2023-11-09T11:26:01.174+0000][1434.657s][info ][gc,stringdedup] Concurrent String Deduplication 360.0B->360.0B(0.0B) avg 54.3% (1434.657s, 1434.657s) 0.410ms
[2023-11-09T11:26:02.174+0000][1435.657s][debug][safepoint     ] Safepoint synchronization initiated. (168 threads)
[2023-11-09T11:26:02.175+0000][1435.657s][info ][safepoint     ] Application time: 1.0010346 seconds
[2023-11-09T11:26:02.175+0000][1435.658s][info ][safepoint     ] Entering safepoint region: Cleanup
[2023-11-09T11:26:02.176+0000][1435.659s][info ][safepoint     ] Leaving safepoint region
[2023-11-09T11:26:02.177+0000][1435.660s][info ][safepoint     ] Total time for which application threads were stopped: 0.0014493 seconds, Stopping threads took: 0.0005790 seconds
[2023-11-09T11:26:03.178+0000][1436.661s][debug][safepoint     ] Safepoint synchronization initiated. (168 threads)
[2023-11-09T11:26:03.179+0000][1436.662s][info ][safepoint     ] Application time: 1.0017611 seconds
[2023-11-09T11:26:03.180+0000][1436.663s][info ][safepoint     ] Entering safepoint region: Cleanup
[2023-11-09T11:26:03.180+0000][1436.663s][info ][safepoint     ] Leaving safepoint region
[2023-11-09T11:26:03.181+0000][1436.664s][info ][safepoint     ] Total time for which application threads were stopped: 0.0012191 seconds, Stopping threads took: 0.0006066 seconds
[2023-11-09T11:26:04.182+0000][1437.664s][debug][safepoint     ] Safepoint synchronization initiated. (168 threads)
[2023-11-09T11:26:04.182+0000][1437.665s][info ][safepoint     ] Application time: 1.0011305 seconds
[2023-11-09T11:26:04.183+0000][1437.666s][info ][safepoint     ] Entering safepoint region: Cleanup
[2023-11-09T11:26:04.184+0000][1437.667s][info ][safepoint     ] Leaving safepoint region
[2023-11-09T11:26:04.185+0000][1437.668s][info ][safepoint     ] Total time for which application threads were stopped: 0.0017091 seconds, Stopping threads took: 0.0007995 seconds
[2023-11-09T11:26:05.186+0000][1438.669s][debug][safepoint     ] Safepoint synchronization initiated. (168 threads)
[2023-11-09T11:26:05.187+0000][1438.670s][info ][safepoint     ] Application time: 1.0008208 seconds
[2023-11-09T11:26:05.187+0000][1438.670s][info ][safepoint     ] Entering safepoint region: Cleanup
[2023-11-09T11:26:05.188+0000][1438.671s][info ][safepoint     ] Leaving safepoint region
[2023-11-09T11:26:05.188+0000][1438.671s][info ][safepoint     ] Total time for which application threads were stopped: 0.0013899 seconds, Stopping threads took: 0.0007593 seconds
[2023-11-09T11:26:06.189+0000][1439.672s][debug][safepoint     ] Safepoint synchronization initiated. (168 threads)
[2023-11-09T11:26:06.190+0000][1439.673s][info ][safepoint     ] Application time: 1.0008965 seconds
[2023-11-09T11:26:06.190+0000][1439.673s][info ][safepoint     ] Entering safepoint region: Cleanup
[2023-11-09T11:26:06.191+0000][1439.674s][info ][safepoint     ] Leaving safepoint region
[2023-11-09T11:26:06.192+0000][1439.675s][info ][safepoint     ] Total time for which application threads were stopped: 0.0013063 seconds, Stopping threads took: 0.0005285 seconds
[2023-11-09T11:26:07.192+0000][1440.675s][debug][safepoint     ] Safepoint synchronization initiated. (168 threads)
[2023-11-09T11:26:07.193+0000][1440.676s][info ][safepoint     ] Application time: 1.0006850 seconds
[2023-11-09T11:26:07.193+0000][1440.676s][info ][safepoint     ] Entering safepoint region: Cleanup
[2023-11-09T11:26:07.194+0000][1440.677s][info ][safepoint     ] Leaving safepoint region
[2023-11-09T11:26:07.194+0000][1440.677s][info ][safepoint     ] Total time for which application threads were stopped: 0.0010355 seconds, Stopping threads took: 0.0004763 seconds
[2023-11-09T11:26:08.195+0000][1441.678s][debug][safepoint     ] Safepoint synchronization initiated. (168 threads)
[2023-11-09T11:26:08.196+0000][1441.679s][info ][safepoint     ] Application time: 1.0013859 seconds
[2023-11-09T11:26:08.197+0000][1441.680s][info ][safepoint     ] Entering safepoint region: Cleanup
[2023-11-09T11:26:08.198+0000][1441.681s][info ][safepoint     ] Leaving safepoint region
[2023-11-09T11:26:08.198+0000][1441.681s][info ][safepoint     ] Total time for which application threads were stopped: 0.0017691 seconds, Stopping threads took: 0.0008822 seconds
[2023-11-09T11:26:09.199+0000][1442.682s][debug][safepoint     ] Safepoint synchronization initiated. (168 threads)
[2023-11-09T11:26:09.200+0000][1442.683s][info ][safepoint     ] Application time: 1.0008679 seconds
[2023-11-09T11:26:09.201+0000][1442.684s][info ][safepoint     ] Entering safepoint region: Cleanup
[2023-11-09T11:26:09.201+0000][1442.684s][info ][safepoint     ] Leaving safepoint region
[2023-11-09T11:26:09.202+0000][1442.685s][info ][safepoint     ] Total time for which application threads were stopped: 0.0013311 seconds, Stopping threads took: 0.0005688 seconds
[2023-11-09T11:26:10.202+0000][1443.685s][debug][safepoint     ] Safepoint synchronization initiated. (168 threads)
[2023-11-09T11:26:10.203+0000][1443.686s][info ][safepoint     ] Application time: 1.0005769 seconds
[2023-11-09T11:26:10.203+0000][1443.686s][info ][safepoint     ] Entering safepoint region: Cleanup
[2023-11-09T11:26:10.204+0000][1443.687s][info ][safepoint     ] Leaving safepoint region
[2023-11-09T11:26:10.204+0000][1443.687s][info ][safepoint     ] Total time for which application threads were stopped: 0.0008486 seconds, Stopping threads took: 0.0003255 seconds
[2023-11-09T11:26:11.205+0000][1444.688s][debug][safepoint     ] Safepoint synchronization initiated. (168 threads)
[2023-11-09T11:26:11.205+0000][1444.688s][info ][safepoint     ] Application time: 1.0007494 seconds
[2023-11-09T11:26:11.206+0000][1444.689s][info ][safepoint     ] Entering safepoint region: Cleanup
[2023-11-09T11:26:11.206+0000][1444.689s][info ][safepoint     ] Leaving safepoint region
[2023-11-09T11:26:11.207+0000][1444.690s][info ][safepoint     ] Total time for which application threads were stopped: 0.0011877 seconds, Stopping threads took: 0.0004984 seconds
[2023-11-09T11:26:12.208+0000][1445.691s][debug][safepoint     ] Safepoint synchronization initiated. (168 threads)
[2023-11-09T11:26:12.208+0000][1445.691s][info ][safepoint     ] Application time: 1.0008052 seconds
[2023-11-09T11:26:12.209+0000][1445.692s][info ][safepoint     ] Entering safepoint region: Cleanup
[2023-11-09T11:26:12.209+0000][1445.692s][info ][safepoint     ] Leaving safepoint region
[2023-11-09T11:26:12.210+0000][1445.693s][info ][safepoint     ] Total time for which application threads were stopped: 0.0013000 seconds, Stopping threads took: 0.0005921 seconds
[2023-11-09T11:26:13.211+0000][1446.694s][debug][safepoint     ] Safepoint synchronization initiated. (168 threads)
[2023-11-09T11:26:13.211+0000][1446.694s][info ][safepoint     ] Application time: 1.0007706 seconds
[2023-11-09T11:26:13.212+0000][1446.695s][info ][safepoint     ] Entering safepoint region: Cleanup
[2023-11-09T11:26:13.212+0000][1446.695s][info ][safepoint     ] Leaving safepoint region
[2023-11-09T11:26:13.213+0000][1446.696s][info ][safepoint     ] Total time for which application threads were stopped: 0.0009823 seconds, Stopping threads took: 0.0004292 seconds
[2023-11-09T11:26:14.213+0000][1447.696s][debug][safepoint     ] Safepoint synchronization initiated. (168 threads)
[2023-11-09T11:26:14.214+0000][1447.697s][info ][safepoint     ] Application time: 1.0007802 seconds
[2023-11-09T11:26:14.214+0000][1447.697s][info ][safepoint     ] Entering safepoint region: Cleanup
[2023-11-09T11:26:14.215+0000][1447.698s][info ][safepoint     ] Leaving safepoint region
[2023-11-09T11:26:14.215+0000][1447.698s][info ][safepoint     ] Total time for which application threads were stopped: 0.0009331 seconds, Stopping threads took: 0.0003654 seconds
[2023-11-09T11:26:15.216+0000][1448.699s][debug][safepoint     ] Safepoint synchronization initiated. (168 threads)
[2023-11-09T11:26:15.216+0000][1448.699s][info ][safepoint     ] Application time: 1.0007726 seconds
[2023-11-09T11:26:15.217+0000][1448.700s][info ][safepoint     ] Entering safepoint region: Cleanup
[2023-11-09T11:26:15.218+0000][1448.701s][info ][safepoint     ] Leaving safepoint region
[2023-11-09T11:26:15.218+0000][1448.701s][info ][safepoint     ] Total time for which application threads were stopped: 0.0013751 seconds, Stopping threads took: 0.0007228 seconds
[2023-11-09T11:26:16.219+0000][1449.702s][debug][safepoint     ] Safepoint synchronization initiated. (168 threads)
[2023-11-09T11:26:16.220+0000][1449.703s][info ][safepoint     ] Application time: 1.0011089 seconds
[2023-11-09T11:26:16.221+0000][1449.704s][info ][safepoint     ] Entering safepoint region: Cleanup
[2023-11-09T11:26:16.222+0000][1449.705s][info ][safepoint     ] Leaving safepoint region
[2023-11-09T11:26:16.222+0000][1449.705s][info ][safepoint     ] Total time for which application threads were stopped: 0.0015693 seconds, Stopping threads took: 0.0007550 seconds
[2023-11-09T11:26:17.223+0000][1450.706s][debug][safepoint     ] Safepoint synchronization initiated. (168 threads)
[2023-11-09T11:26:17.224+0000][1450.707s][info ][safepoint     ] Application time: 1.0009484 seconds
[2023-11-09T11:26:17.225+0000][1450.708s][info ][safepoint     ] Entering safepoint region: Cleanup
[2023-11-09T11:26:17.225+0000][1450.708s][info ][safepoint     ] Leaving safepoint region
[2023-11-09T11:26:17.226+0000][1450.709s][info ][safepoint     ] Total time for which application threads were stopped: 0.0011672 seconds, Stopping threads took: 0.0004836 seconds
[2023-11-09T11:26:18.226+0000][1451.709s][debug][safepoint     ] Safepoint synchronization initiated. (168 threads)
[2023-11-09T11:26:18.228+0000][1451.711s][info ][safepoint     ] Application time: 1.0014879 seconds
[2023-11-09T11:26:18.228+0000][1451.711s][info ][safepoint     ] Entering safepoint region: Cleanup
[2023-11-09T11:26:18.229+0000][1451.712s][info ][safepoint     ] Leaving safepoint region
[2023-11-09T11:26:18.229+0000][1451.712s][info ][safepoint     ] Total time for which application threads were stopped: 0.0012696 seconds, Stopping threads took: 0.0004910 seconds
[2023-11-09T11:26:19.230+0000][1452.713s][debug][safepoint     ] Safepoint synchronization initiated. (168 threads)
[2023-11-09T11:26:19.231+0000][1452.714s][info ][safepoint     ] Application time: 1.0009640 seconds
[2023-11-09T11:26:19.231+0000][1452.714s][info ][safepoint     ] Entering safepoint region: Cleanup
[2023-11-09T11:26:19.232+0000][1452.715s][info ][safepoint     ] Leaving safepoint region
[2023-11-09T11:26:19.233+0000][1452.716s][info ][safepoint     ] Total time for which application threads were stopped: 0.0013007 seconds, Stopping threads took: 0.0006015 seconds
[2023-11-09T11:26:20.234+0000][1453.717s][debug][safepoint     ] Safepoint synchronization initiated. (168 threads)
[2023-11-09T11:26:20.234+0000][1453.717s][info ][safepoint     ] Application time: 1.0011605 seconds
[2023-11-09T11:26:20.235+0000][1453.718s][info ][safepoint     ] Entering safepoint region: Cleanup
[2023-11-09T11:26:20.236+0000][1453.719s][info ][safepoint     ] Leaving safepoint region
[2023-11-09T11:26:20.237+0000][1453.720s][info ][safepoint     ] Total time for which application threads were stopped: 0.0015705 seconds, Stopping threads took: 0.0007066 seconds
[2023-11-09T11:26:21.238+0000][1454.721s][debug][safepoint     ] Safepoint synchronization initiated. (168 threads)
[2023-11-09T11:26:21.239+0000][1454.722s][info ][safepoint     ] Application time: 1.0008429 seconds
[2023-11-09T11:26:21.239+0000][1454.722s][info ][safepoint     ] Entering safepoint region: Cleanup
[2023-11-09T11:26:21.239+0000][1454.722s][info ][safepoint     ] Leaving safepoint region
[2023-11-09T11:26:21.240+0000][1454.723s][info ][safepoint     ] Total time for which application threads were stopped: 0.0009411 seconds, Stopping threads took: 0.0004041 seconds
[2023-11-09T11:26:22.240+0000][1455.723s][debug][safepoint     ] Safepoint synchronization initiated. (168 threads)
[2023-11-09T11:26:22.241+0000][1455.724s][info ][safepoint     ] Application time: 1.0005719 seconds
[2023-11-09T11:26:22.241+0000][1455.724s][info ][safepoint     ] Entering safepoint region: Cleanup
[2023-11-09T11:26:22.242+0000][1455.725s][info ][safepoint     ] Leaving safepoint region
[2023-11-09T11:26:22.242+0000][1455.725s][info ][safepoint     ] Total time for which application threads were stopped: 0.0007390 seconds, Stopping threads took: 0.0003156 seconds
[2023-11-09T11:26:23.242+0000][1456.725s][debug][safepoint     ] Safepoint synchronization initiated. (168 threads)
[2023-11-09T11:26:23.243+0000][1456.726s][info ][safepoint     ] Application time: 1.0007783 seconds
[2023-11-09T11:26:23.243+0000][1456.726s][info ][safepoint     ] Entering safepoint region: Cleanup
[2023-11-09T11:26:23.244+0000][1456.727s][info ][safepoint     ] Leaving safepoint region
[2023-11-09T11:26:23.244+0000][1456.727s][info ][safepoint     ] Total time for which application threads were stopped: 0.0011230 seconds, Stopping threads took: 0.0004717 seconds
[2023-11-09T11:26:24.245+0000][1457.728s][debug][safepoint     ] Safepoint synchronization initiated. (168 threads)
[2023-11-09T11:26:24.246+0000][1457.729s][info ][safepoint     ] Application time: 1.0012607 seconds
[2023-11-09T11:26:24.247+0000][1457.730s][info ][safepoint     ] Entering safepoint region: Cleanup
[2023-11-09T11:26:24.248+0000][1457.731s][info ][safepoint     ] Leaving safepoint region
[2023-11-09T11:26:24.248+0000][1457.731s][info ][safepoint     ] Total time for which application threads were stopped: 0.0015759 seconds, Stopping threads took: 0.0007878 seconds
[2023-11-09T11:26:25.249+0000][1458.732s][debug][safepoint     ] Safepoint synchronization initiated. (168 threads)
[2023-11-09T11:26:25.250+0000][1458.733s][info ][safepoint     ] Application time: 1.0005965 seconds
[2023-11-09T11:26:25.250+0000][1458.733s][info ][safepoint     ] Entering safepoint region: Cleanup
[2023-11-09T11:26:25.251+0000][1458.733s][info ][safepoint     ] Leaving safepoint region
[2023-11-09T11:26:25.251+0000][1458.734s][info ][safepoint     ] Total time for which application threads were stopped: 0.0008960 seconds, Stopping threads took: 0.0003898 seconds
[2023-11-09T11:26:26.252+0000][1459.735s][debug][safepoint     ] Safepoint synchronization initiated. (168 threads)
[2023-11-09T11:26:26.252+0000][1459.735s][info ][safepoint     ] Application time: 1.0008161 seconds
[2023-11-09T11:26:26.253+0000][1459.736s][info ][safepoint     ] Entering safepoint region: Cleanup
[2023-11-09T11:26:26.253+0000][1459.736s][info ][safepoint     ] Leaving safepoint region
[2023-11-09T11:26:26.254+0000][1459.737s][info ][safepoint     ] Total time for which application threads were stopped: 0.0011863 seconds, Stopping threads took: 0.0005111 seconds
[2023-11-09T11:26:27.254+0000][1460.737s][debug][safepoint     ] Safepoint synchronization initiated. (168 threads)
[2023-11-09T11:26:27.255+0000][1460.738s][info ][safepoint     ] Application time: 1.0010044 seconds
[2023-11-09T11:26:27.256+0000][1460.739s][info ][safepoint     ] Entering safepoint region: Cleanup
[2023-11-09T11:26:27.258+0000][1460.741s][info ][safepoint     ] Leaving safepoint region
[2023-11-09T11:26:27.259+0000][1460.742s][info ][safepoint     ] Total time for which application threads were stopped: 0.0029152 seconds, Stopping threads took: 0.0012533 seconds
[2023-11-09T11:26:28.260+0000][1461.743s][debug][safepoint     ] Safepoint synchronization initiated. (168 threads)
[2023-11-09T11:26:28.261+0000][1461.744s][info ][safepoint     ] Application time: 1.0010866 seconds
[2023-11-09T11:26:28.261+0000][1461.744s][info ][safepoint     ] Entering safepoint region: Cleanup
[2023-11-09T11:26:28.262+0000][1461.745s][info ][safepoint     ] Leaving safepoint region
[2023-11-09T11:26:28.263+0000][1461.746s][info ][safepoint     ] Total time for which application threads were stopped: 0.0016181 seconds, Stopping threads took: 0.0007095 seconds
[2023-11-09T11:26:29.264+0000][1462.747s][debug][safepoint     ] Safepoint synchronization initiated. (168 threads)
[2023-11-09T11:26:29.265+0000][1462.748s][info ][safepoint     ] Application time: 1.0008588 seconds
[2023-11-09T11:26:29.265+0000][1462.748s][info ][safepoint     ] Entering safepoint region: Cleanup
[2023-11-09T11:26:29.266+0000][1462.749s][info ][safepoint     ] Leaving safepoint region
[2023-11-09T11:26:29.266+0000][1462.749s][info ][safepoint     ] Total time for which application threads were stopped: 0.0011736 seconds, Stopping threads took: 0.0005061 seconds
[2023-11-09T11:26:30.267+0000][1463.750s][debug][safepoint     ] Safepoint synchronization initiated. (168 threads)
[2023-11-09T11:26:30.268+0000][1463.751s][info ][safepoint     ] Application time: 1.0009785 seconds
[2023-11-09T11:26:30.268+0000][1463.751s][info ][safepoint     ] Entering safepoint region: Cleanup
[2023-11-09T11:26:30.269+0000][1463.752s][info ][safepoint     ] Leaving safepoint region
[2023-11-09T11:26:30.270+0000][1463.753s][info ][safepoint     ] Total time for which application threads were stopped: 0.0021088 seconds, Stopping threads took: 0.0007835 seconds
[2023-11-09T11:26:31.272+0000][1464.755s][debug][safepoint     ] Safepoint synchronization initiated. (168 threads)
[2023-11-09T11:26:31.273+0000][1464.756s][info ][safepoint     ] Application time: 1.0013090 seconds
[2023-11-09T11:26:31.273+0000][1464.756s][info ][safepoint     ] Entering safepoint region: Cleanup
[2023-11-09T11:26:31.274+0000][1464.757s][info ][safepoint     ] Leaving safepoint region
[2023-11-09T11:26:31.275+0000][1464.758s][info ][safepoint     ] Total time for which application threads were stopped: 0.0016335 seconds, Stopping threads took: 0.0006682 seconds
[2023-11-09T11:26:32.276+0000][1465.759s][debug][safepoint     ] Safepoint synchronization initiated. (168 threads)
[2023-11-09T11:26:32.276+0000][1465.759s][info ][safepoint     ] Application time: 1.0007060 seconds
[2023-11-09T11:26:32.277+0000][1465.760s][info ][safepoint     ] Entering safepoint region: Cleanup
[2023-11-09T11:26:32.278+0000][1465.761s][info ][safepoint     ] Leaving safepoint region
[2023-11-09T11:26:32.278+0000][1465.761s][info ][safepoint     ] Total time for which application threads were stopped: 0.0012784 seconds, Stopping threads took: 0.0005632 seconds
[2023-11-09T11:26:33.279+0000][1466.762s][debug][safepoint     ] Safepoint synchronization initiated. (168 threads)
[2023-11-09T11:26:33.280+0000][1466.763s][info ][safepoint     ] Application time: 1.0014077 seconds
[2023-11-09T11:26:33.282+0000][1466.765s][info ][safepoint     ] Entering safepoint region: Cleanup
[2023-11-09T11:26:33.283+0000][1466.766s][info ][safepoint     ] Leaving safepoint region
[2023-11-09T11:26:33.284+0000][1466.767s][info ][safepoint     ] Total time for which application threads were stopped: 0.0015999 seconds, Stopping threads took: 0.0004861 seconds
[2023-11-09T11:26:34.284+0000][1467.767s][debug][safepoint     ] Safepoint synchronization initiated. (168 threads)
[2023-11-09T11:26:34.285+0000][1467.768s][info ][safepoint     ] Application time: 1.0010256 seconds
[2023-11-09T11:26:34.286+0000][1467.769s][info ][safepoint     ] Entering safepoint region: Cleanup
[2023-11-09T11:26:34.287+0000][1467.770s][info ][safepoint     ] Leaving safepoint region
[2023-11-09T11:26:34.287+0000][1467.770s][info ][safepoint     ] Total time for which application threads were stopped: 0.0012552 seconds, Stopping threads took: 0.0005437 seconds
[2023-11-09T11:26:35.288+0000][1468.771s][debug][safepoint     ] Safepoint synchronization initiated. (168 threads)
[2023-11-09T11:26:35.289+0000][1468.772s][info ][safepoint     ] Application time: 1.0009752 seconds
[2023-11-09T11:26:35.289+0000][1468.772s][info ][safepoint     ] Entering safepoint region: Cleanup
[2023-11-09T11:26:35.290+0000][1468.773s][info ][safepoint     ] Leaving safepoint region
[2023-11-09T11:26:35.291+0000][1468.774s][info ][safepoint     ] Total time for which application threads were stopped: 0.0021026 seconds, Stopping threads took: 0.0006948 seconds
[2023-11-09T11:26:36.292+0000][1469.775s][debug][safepoint     ] Safepoint synchronization initiated. (168 threads)
[2023-11-09T11:26:36.292+0000][1469.775s][info ][safepoint     ] Application time: 1.0006478 seconds
[2023-11-09T11:26:36.293+0000][1469.776s][info ][safepoint     ] Entering safepoint region: Cleanup
[2023-11-09T11:26:36.293+0000][1469.776s][info ][safepoint     ] Leaving safepoint region
[2023-11-09T11:26:36.294+0000][1469.777s][info ][safepoint     ] Total time for which application threads were stopped: 0.0008928 seconds, Stopping threads took: 0.0004732 seconds
[2023-11-09T11:26:37.294+0000][1470.777s][debug][safepoint     ] Safepoint synchronization initiated. (168 threads)
[2023-11-09T11:26:37.294+0000][1470.777s][info ][safepoint     ] Application time: 1.0004948 seconds
[2023-11-09T11:26:37.295+0000][1470.778s][info ][safepoint     ] Entering safepoint region: Cleanup
[2023-11-09T11:26:37.295+0000][1470.778s][info ][safepoint     ] Leaving safepoint region
[2023-11-09T11:26:37.296+0000][1470.779s][info ][safepoint     ] Total time for which application threads were stopped: 0.0010174 seconds, Stopping threads took: 0.0004228 seconds
[2023-11-09T11:26:38.296+0000][1471.779s][debug][safepoint     ] Safepoint synchronization initiated. (168 threads)
[2023-11-09T11:26:38.297+0000][1471.780s][info ][safepoint     ] Application time: 1.0007527 seconds
[2023-11-09T11:26:38.298+0000][1471.781s][info ][safepoint     ] Entering safepoint region: Cleanup
[2023-11-09T11:26:38.298+0000][1471.781s][info ][safepoint     ] Leaving safepoint region
[2023-11-09T11:26:38.299+0000][1471.782s][info ][safepoint     ] Total time for which application threads were stopped: 0.0012908 seconds, Stopping threads took: 0.0006526 seconds
[2023-11-09T11:26:39.300+0000][1472.783s][debug][safepoint     ] Safepoint synchronization initiated. (168 threads)
[2023-11-09T11:26:39.300+0000][1472.783s][info ][safepoint     ] Application time: 1.0008629 seconds
[2023-11-09T11:26:39.301+0000][1472.784s][info ][safepoint     ] Entering safepoint region: Cleanup
[2023-11-09T11:26:39.301+0000][1472.785s][info ][safepoint     ] Leaving safepoint region
[2023-11-09T11:26:39.303+0000][1472.786s][info ][safepoint     ] Total time for which application threads were stopped: 0.0026826 seconds, Stopping threads took: 0.0005259 seconds
[2023-11-09T11:26:40.304+0000][1473.787s][debug][safepoint     ] Safepoint synchronization initiated. (168 threads)
[2023-11-09T11:26:40.305+0000][1473.788s][info ][safepoint     ] Application time: 1.0006705 seconds
[2023-11-09T11:26:40.305+0000][1473.788s][info ][safepoint     ] Entering safepoint region: Cleanup
[2023-11-09T11:26:40.306+0000][1473.789s][info ][safepoint     ] Leaving safepoint region
[2023-11-09T11:26:40.306+0000][1473.789s][info ][safepoint     ] Total time for which application threads were stopped: 0.0011065 seconds, Stopping threads took: 0.0005580 seconds
[2023-11-09T11:26:41.307+0000][1474.790s][debug][safepoint     ] Safepoint synchronization initiated. (168 threads)
[2023-11-09T11:26:41.308+0000][1474.791s][info ][safepoint     ] Application time: 1.0008340 seconds
[2023-11-09T11:26:41.308+0000][1474.791s][info ][safepoint     ] Entering safepoint region: Cleanup
[2023-11-09T11:26:41.309+0000][1474.792s][info ][safepoint     ] Leaving safepoint region
[2023-11-09T11:26:41.309+0000][1474.792s][info ][safepoint     ] Total time for which application threads were stopped: 0.0010472 seconds, Stopping threads took: 0.0004030 seconds
[2023-11-09T11:26:42.310+0000][1475.793s][debug][safepoint     ] Safepoint synchronization initiated. (168 threads)
[2023-11-09T11:26:42.310+0000][1475.793s][info ][safepoint     ] Application time: 1.0011309 seconds
[2023-11-09T11:26:42.311+0000][1475.794s][info ][safepoint     ] Entering safepoint region: Cleanup
[2023-11-09T11:26:42.313+0000][1475.796s][info ][safepoint     ] Leaving safepoint region
[2023-11-09T11:26:42.314+0000][1475.797s][info ][safepoint     ] Total time for which application threads were stopped: 0.0024596 seconds, Stopping threads took: 0.0013915 seconds
[2023-11-09T11:26:43.315+0000][1476.798s][debug][safepoint     ] Safepoint synchronization initiated. (168 threads)
[2023-11-09T11:26:43.316+0000][1476.799s][info ][safepoint     ] Application time: 1.0014117 seconds
[2023-11-09T11:26:43.316+0000][1476.799s][info ][safepoint     ] Entering safepoint region: Cleanup
[2023-11-09T11:26:43.318+0000][1476.801s][info ][safepoint     ] Leaving safepoint region
[2023-11-09T11:26:43.318+0000][1476.801s][info ][safepoint     ] Total time for which application threads were stopped: 0.0018132 seconds, Stopping threads took: 0.0007935 seconds
[2023-11-09T11:26:44.319+0000][1477.802s][debug][safepoint     ] Safepoint synchronization initiated. (168 threads)
[2023-11-09T11:26:44.320+0000][1477.803s][info ][safepoint     ] Application time: 1.0012611 seconds
[2023-11-09T11:26:44.321+0000][1477.804s][info ][safepoint     ] Entering safepoint region: Cleanup
[2023-11-09T11:26:44.322+0000][1477.805s][info ][safepoint     ] Leaving safepoint region
[2023-11-09T11:26:44.323+0000][1477.806s][info ][safepoint     ] Total time for which application threads were stopped: 0.0020977 seconds, Stopping threads took: 0.0008703 seconds
[2023-11-09T11:26:45.324+0000][1478.807s][debug][safepoint     ] Safepoint synchronization initiated. (168 threads)
[2023-11-09T11:26:45.325+0000][1478.808s][info ][safepoint     ] Application time: 1.0006883 seconds
[2023-11-09T11:26:45.325+0000][1478.808s][info ][safepoint     ] Entering safepoint region: Cleanup
[2023-11-09T11:26:45.326+0000][1478.809s][info ][safepoint     ] Leaving safepoint region
[2023-11-09T11:26:45.326+0000][1478.809s][info ][safepoint     ] Total time for which application threads were stopped: 0.0011541 seconds, Stopping threads took: 0.0005087 seconds
[2023-11-09T11:26:46.327+0000][1479.810s][debug][safepoint     ] Safepoint synchronization initiated. (168 threads)
[2023-11-09T11:26:46.327+0000][1479.810s][info ][safepoint     ] Application time: 1.0006797 seconds
[2023-11-09T11:26:46.328+0000][1479.811s][info ][safepoint     ] Entering safepoint region: Cleanup
[2023-11-09T11:26:46.328+0000][1479.811s][info ][safepoint     ] Leaving safepoint region
[2023-11-09T11:26:46.329+0000][1479.812s][info ][safepoint     ] Total time for which application threads were stopped: 0.0009992 seconds, Stopping threads took: 0.0004757 seconds
[2023-11-09T11:26:47.330+0000][1480.813s][debug][safepoint     ] Safepoint synchronization initiated. (168 threads)
[2023-11-09T11:26:47.330+0000][1480.813s][info ][safepoint     ] Application time: 1.0010841 seconds
[2023-11-09T11:26:47.331+0000][1480.814s][info ][safepoint     ] Entering safepoint region: Cleanup
[2023-11-09T11:26:47.332+0000][1480.815s][info ][safepoint     ] Leaving safepoint region
[2023-11-09T11:26:47.333+0000][1480.816s][info ][safepoint     ] Total time for which application threads were stopped: 0.0016816 seconds, Stopping threads took: 0.0007183 seconds
[2023-11-09T11:26:48.333+0000][1481.816s][debug][safepoint     ] Safepoint synchronization initiated. (168 threads)
[2023-11-09T11:26:48.334+0000][1481.817s][info ][safepoint     ] Application time: 1.0005949 seconds
[2023-11-09T11:26:48.334+0000][1481.817s][info ][safepoint     ] Entering safepoint region: Cleanup
[2023-11-09T11:26:48.335+0000][1481.818s][info ][safepoint     ] Leaving safepoint region
[2023-11-09T11:26:48.335+0000][1481.818s][info ][safepoint     ] Total time for which application threads were stopped: 0.0007904 seconds, Stopping threads took: 0.0003373 seconds
[2023-11-09T11:26:49.336+0000][1482.819s][debug][safepoint     ] Safepoint synchronization initiated. (168 threads)
[2023-11-09T11:26:49.337+0000][1482.820s][info ][safepoint     ] Application time: 1.0013380 seconds
[2023-11-09T11:26:49.338+0000][1482.821s][info ][safepoint     ] Entering safepoint region: Cleanup
[2023-11-09T11:26:49.339+0000][1482.822s][info ][safepoint     ] Leaving safepoint region
[2023-11-09T11:26:49.340+0000][1482.823s][info ][safepoint     ] Total time for which application threads were stopped: 0.0019607 seconds, Stopping threads took: 0.0008619 seconds
[2023-11-09T11:26:50.340+0000][1483.823s][debug][safepoint     ] Safepoint synchronization initiated. (168 threads)
[2023-11-09T11:26:50.341+0000][1483.824s][info ][safepoint     ] Application time: 1.0009162 seconds
[2023-11-09T11:26:50.342+0000][1483.825s][info ][safepoint     ] Entering safepoint region: Cleanup
[2023-11-09T11:26:50.343+0000][1483.826s][info ][safepoint     ] Leaving safepoint region
[2023-11-09T11:26:50.343+0000][1483.826s][info ][safepoint     ] Total time for which application threads were stopped: 0.0012877 seconds, Stopping threads took: 0.0005635 seconds
[2023-11-09T11:26:51.344+0000][1484.827s][debug][safepoint     ] Safepoint synchronization initiated. (168 threads)
[2023-11-09T11:26:51.345+0000][1484.828s][info ][safepoint     ] Application time: 1.0012269 seconds
[2023-11-09T11:26:51.345+0000][1484.828s][info ][safepoint     ] Entering safepoint region: Cleanup
[2023-11-09T11:26:51.346+0000][1484.829s][info ][safepoint     ] Leaving safepoint region
[2023-11-09T11:26:51.347+0000][1484.830s][info ][safepoint     ] Total time for which application threads were stopped: 0.0016450 seconds, Stopping threads took: 0.0006791 seconds
[2023-11-09T11:26:52.348+0000][1485.831s][debug][safepoint     ] Safepoint synchronization initiated. (168 threads)
[2023-11-09T11:26:52.370+0000][1485.853s][info ][safepoint     ] Application time: 1.0220626 seconds
[2023-11-09T11:26:52.370+0000][1485.853s][info ][safepoint     ] Entering safepoint region: Cleanup
[2023-11-09T11:26:52.371+0000][1485.854s][info ][safepoint     ] Leaving safepoint region
[2023-11-09T11:26:52.371+0000][1485.854s][info ][safepoint     ] Total time for which application threads were stopped: 0.0010761 seconds, Stopping threads took: 0.0004454 seconds
[2023-11-09T11:26:53.372+0000][1486.855s][debug][safepoint     ] Safepoint synchronization initiated. (168 threads)
[2023-11-09T11:26:53.373+0000][1486.856s][info ][safepoint     ] Application time: 1.0010720 seconds
[2023-11-09T11:26:53.374+0000][1486.857s][info ][safepoint     ] Entering safepoint region: Cleanup
[2023-11-09T11:26:53.375+0000][1486.858s][info ][safepoint     ] Leaving safepoint region
[2023-11-09T11:26:53.376+0000][1486.859s][info ][safepoint     ] Total time for which application threads were stopped: 0.0019332 seconds, Stopping threads took: 0.0008499 seconds
[2023-11-09T11:26:54.377+0000][1487.860s][debug][safepoint     ] Safepoint synchronization initiated. (168 threads)
[2023-11-09T11:26:54.378+0000][1487.861s][info ][safepoint     ] Application time: 1.0012275 seconds
[2023-11-09T11:26:54.378+0000][1487.861s][info ][safepoint     ] Entering safepoint region: Cleanup
[2023-11-09T11:26:54.379+0000][1487.862s][info ][safepoint     ] Leaving safepoint region
[2023-11-09T11:26:54.379+0000][1487.862s][info ][safepoint     ] Total time for which application threads were stopped: 0.0012422 seconds, Stopping threads took: 0.0006130 seconds
[2023-11-09T11:26:55.380+0000][1488.863s][debug][safepoint     ] Safepoint synchronization initiated. (168 threads)
[2023-11-09T11:26:55.381+0000][1488.864s][info ][safepoint     ] Application time: 1.0007840 seconds
[2023-11-09T11:26:55.381+0000][1488.864s][info ][safepoint     ] Entering safepoint region: Cleanup
[2023-11-09T11:26:55.382+0000][1488.865s][info ][safepoint     ] Leaving safepoint region
[2023-11-09T11:26:55.382+0000][1488.865s][info ][safepoint     ] Total time for which application threads were stopped: 0.0012562 seconds, Stopping threads took: 0.0005345 seconds
[2023-11-09T11:26:56.383+0000][1489.866s][debug][safepoint     ] Safepoint synchronization initiated. (168 threads)
[2023-11-09T11:26:56.384+0000][1489.867s][info ][safepoint     ] Application time: 1.0011051 seconds
[2023-11-09T11:26:56.385+0000][1489.868s][info ][safepoint     ] Entering safepoint region: Cleanup
[2023-11-09T11:26:56.386+0000][1489.869s][info ][safepoint     ] Leaving safepoint region
[2023-11-09T11:26:56.386+0000][1489.869s][info ][safepoint     ] Total time for which application threads were stopped: 0.0017085 seconds, Stopping threads took: 0.0007293 seconds
[2023-11-09T11:26:57.387+0000][1490.870s][debug][safepoint     ] Safepoint synchronization initiated. (168 threads)
[2023-11-09T11:26:57.388+0000][1490.871s][info ][safepoint     ] Application time: 1.0014732 seconds
[2023-11-09T11:26:57.389+0000][1490.872s][info ][safepoint     ] Entering safepoint region: Cleanup
[2023-11-09T11:26:57.389+0000][1490.872s][info ][safepoint     ] Leaving safepoint region
[2023-11-09T11:26:57.390+0000][1490.873s][info ][safepoint     ] Total time for which application threads were stopped: 0.0009191 seconds, Stopping threads took: 0.0003774 seconds
[2023-11-09T11:26:58.390+0000][1491.873s][debug][safepoint     ] Safepoint synchronization initiated. (168 threads)
[2023-11-09T11:26:58.391+0000][1491.874s][info ][safepoint     ] Application time: 1.0006905 seconds
[2023-11-09T11:26:58.391+0000][1491.874s][info ][safepoint     ] Entering safepoint region: Cleanup
[2023-11-09T11:26:58.392+0000][1491.875s][info ][safepoint     ] Leaving safepoint region
[2023-11-09T11:26:58.393+0000][1491.876s][info ][safepoint     ] Total time for which application threads were stopped: 0.0012833 seconds, Stopping threads took: 0.0005107 seconds
[2023-11-09T11:26:59.393+0000][1492.876s][debug][safepoint     ] Safepoint synchronization initiated. (168 threads)
[2023-11-09T11:26:59.394+0000][1492.877s][info ][safepoint     ] Application time: 1.0007591 seconds
[2023-11-09T11:26:59.395+0000][1492.878s][info ][safepoint     ] Entering safepoint region: Cleanup
[2023-11-09T11:26:59.395+0000][1492.878s][info ][safepoint     ] Leaving safepoint region
[2023-11-09T11:26:59.396+0000][1492.879s][info ][safepoint     ] Total time for which application threads were stopped: 0.0012193 seconds, Stopping threads took: 0.0005296 seconds
[2023-11-09T11:27:00.397+0000][1493.880s][debug][safepoint     ] Safepoint synchronization initiated. (168 threads)
[2023-11-09T11:27:00.397+0000][1493.880s][info ][safepoint     ] Application time: 1.0007933 seconds
[2023-11-09T11:27:00.398+0000][1493.881s][info ][safepoint     ] Entering safepoint region: Cleanup
[2023-11-09T11:27:00.399+0000][1493.882s][info ][safepoint     ] Leaving safepoint region
[2023-11-09T11:27:00.399+0000][1493.882s][info ][safepoint     ] Total time for which application threads were stopped: 0.0012973 seconds, Stopping threads took: 0.0005771 seconds
[2023-11-09T11:27:01.400+0000][1494.883s][debug][safepoint     ] Safepoint synchronization initiated. (168 threads)
[2023-11-09T11:27:01.400+0000][1494.883s][info ][safepoint     ] Application time: 1.0005987 seconds
[2023-11-09T11:27:01.401+0000][1494.884s][info ][safepoint     ] Entering safepoint region: Cleanup
[2023-11-09T11:27:01.401+0000][1494.884s][info ][safepoint     ] Leaving safepoint region
[2023-11-09T11:27:01.402+0000][1494.885s][info ][safepoint     ] Total time for which application threads were stopped: 0.0010023 seconds, Stopping threads took: 0.0004198 seconds
[2023-11-09T11:27:02.402+0000][1495.885s][debug][safepoint     ] Safepoint synchronization initiated. (168 threads)
[2023-11-09T11:27:02.403+0000][1495.886s][info ][safepoint     ] Application time: 1.0010337 seconds
[2023-11-09T11:27:02.403+0000][1495.886s][info ][safepoint     ] Entering safepoint region: Cleanup
[2023-11-09T11:27:02.405+0000][1495.888s][info ][safepoint     ] Leaving safepoint region
[2023-11-09T11:27:02.405+0000][1495.888s][info ][safepoint     ] Total time for which application threads were stopped: 0.0017595 seconds, Stopping threads took: 0.0004612 seconds
[2023-11-09T11:27:03.406+0000][1496.889s][debug][safepoint     ] Safepoint synchronization initiated. (168 threads)
[2023-11-09T11:27:03.407+0000][1496.890s][info ][safepoint     ] Application time: 1.0009908 seconds
[2023-11-09T11:27:03.407+0000][1496.890s][info ][safepoint     ] Entering safepoint region: Cleanup
[2023-11-09T11:27:03.408+0000][1496.891s][info ][safepoint     ] Leaving safepoint region
[2023-11-09T11:27:03.408+0000][1496.891s][info ][safepoint     ] Total time for which application threads were stopped: 0.0011153 seconds, Stopping threads took: 0.0005562 seconds
[2023-11-09T11:27:04.408+0000][1497.892s][debug][safepoint     ] Safepoint synchronization initiated. (168 threads)
[2023-11-09T11:27:04.409+0000][1497.892s][info ][safepoint     ] Application time: 1.0009602 seconds
[2023-11-09T11:27:04.410+0000][1497.893s][info ][safepoint     ] Entering safepoint region: Cleanup
[2023-11-09T11:27:04.411+0000][1497.894s][info ][safepoint     ] Leaving safepoint region
[2023-11-09T11:27:04.412+0000][1497.895s][info ][safepoint     ] Total time for which application threads were stopped: 0.0015514 seconds, Stopping threads took: 0.0007107 seconds
[2023-11-09T11:27:05.412+0000][1498.895s][debug][safepoint     ] Safepoint synchronization initiated. (168 threads)
[2023-11-09T11:27:05.413+0000][1498.896s][info ][safepoint     ] Application time: 1.0005501 seconds
[2023-11-09T11:27:05.413+0000][1498.896s][info ][safepoint     ] Entering safepoint region: Cleanup
[2023-11-09T11:27:05.414+0000][1498.897s][info ][safepoint     ] Leaving safepoint region
[2023-11-09T11:27:05.414+0000][1498.897s][info ][safepoint     ] Total time for which application threads were stopped: 0.0008331 seconds, Stopping threads took: 0.0003666 seconds
[2023-11-09T11:27:06.414+0000][1499.897s][debug][safepoint     ] Safepoint synchronization initiated. (168 threads)
[2023-11-09T11:27:06.415+0000][1499.898s][info ][safepoint     ] Application time: 1.0005897 seconds
[2023-11-09T11:27:06.415+0000][1499.898s][info ][safepoint     ] Entering safepoint region: Cleanup
[2023-11-09T11:27:06.416+0000][1499.899s][info ][safepoint     ] Leaving safepoint region
[2023-11-09T11:27:06.416+0000][1499.899s][info ][safepoint     ] Total time for which application threads were stopped: 0.0009738 seconds, Stopping threads took: 0.0004077 seconds
[2023-11-09T11:27:07.417+0000][1500.900s][debug][safepoint     ] Safepoint synchronization initiated. (168 threads)
[2023-11-09T11:27:07.417+0000][1500.900s][info ][safepoint     ] Application time: 1.0008636 seconds
[2023-11-09T11:27:07.418+0000][1500.901s][info ][safepoint     ] Entering safepoint region: Cleanup
[2023-11-09T11:27:07.419+0000][1500.902s][info ][safepoint     ] Leaving safepoint region
[2023-11-09T11:27:07.419+0000][1500.902s][info ][safepoint     ] Total time for which application threads were stopped: 0.0014793 seconds, Stopping threads took: 0.0007102 seconds
[2023-11-09T11:27:08.420+0000][1501.903s][debug][safepoint     ] Safepoint synchronization initiated. (168 threads)
[2023-11-09T11:27:08.421+0000][1501.904s][info ][safepoint     ] Application time: 1.0007051 seconds
[2023-11-09T11:27:08.421+0000][1501.904s][info ][safepoint     ] Entering safepoint region: Cleanup
[2023-11-09T11:27:08.422+0000][1501.905s][info ][safepoint     ] Leaving safepoint region
[2023-11-09T11:27:08.422+0000][1501.905s][info ][safepoint     ] Total time for which application threads were stopped: 0.0011130 seconds, Stopping threads took: 0.0005044 seconds
[2023-11-09T11:27:09.423+0000][1502.906s][debug][safepoint     ] Safepoint synchronization initiated. (168 threads)
[2023-11-09T11:27:09.423+0000][1502.906s][info ][safepoint     ] Application time: 1.0007700 seconds
[2023-11-09T11:27:09.424+0000][1502.907s][info ][safepoint     ] Entering safepoint region: Cleanup
[2023-11-09T11:27:09.424+0000][1502.907s][info ][safepoint     ] Leaving safepoint region
[2023-11-09T11:27:09.425+0000][1502.907s][info ][safepoint     ] Total time for which application threads were stopped: 0.0008143 seconds, Stopping threads took: 0.0003399 seconds
[2023-11-09T11:27:10.425+0000][1503.908s][debug][safepoint     ] Safepoint synchronization initiated. (168 threads)
[2023-11-09T11:27:10.426+0000][1503.909s][info ][safepoint     ] Application time: 1.0009938 seconds
[2023-11-09T11:27:10.426+0000][1503.909s][info ][safepoint     ] Entering safepoint region: Cleanup
[2023-11-09T11:27:10.427+0000][1503.910s][info ][safepoint     ] Leaving safepoint region
[2023-11-09T11:27:10.428+0000][1503.911s][info ][safepoint     ] Total time for which application threads were stopped: 0.0015384 seconds, Stopping threads took: 0.0006132 seconds
[2023-11-09T11:27:11.429+0000][1504.911s][debug][safepoint     ] Safepoint synchronization initiated. (168 threads)
[2023-11-09T11:27:11.429+0000][1504.912s][info ][safepoint     ] Application time: 1.0006861 seconds
[2023-11-09T11:27:11.430+0000][1504.913s][info ][safepoint     ] Entering safepoint region: Cleanup
[2023-11-09T11:27:11.430+0000][1504.913s][info ][safepoint     ] Leaving safepoint region
[2023-11-09T11:27:11.431+0000][1504.914s][info ][safepoint     ] Total time for which application threads were stopped: 0.0011681 seconds, Stopping threads took: 0.0005866 seconds
[2023-11-09T11:27:12.431+0000][1505.914s][debug][safepoint     ] Safepoint synchronization initiated. (168 threads)
[2023-11-09T11:27:12.432+0000][1505.915s][info ][safepoint     ] Application time: 1.0008908 seconds
[2023-11-09T11:27:12.433+0000][1505.916s][info ][safepoint     ] Entering safepoint region: Cleanup
[2023-11-09T11:27:12.433+0000][1505.916s][info ][safepoint     ] Leaving safepoint region
[2023-11-09T11:27:12.434+0000][1505.917s][info ][safepoint     ] Total time for which application threads were stopped: 0.0015019 seconds, Stopping threads took: 0.0005971 seconds
[2023-11-09T11:27:13.435+0000][1506.918s][debug][safepoint     ] Safepoint synchronization initiated. (168 threads)
[2023-11-09T11:27:13.435+0000][1506.918s][info ][safepoint     ] Application time: 1.0007797 seconds
[2023-11-09T11:27:13.436+0000][1506.919s][info ][safepoint     ] Entering safepoint region: Cleanup
[2023-11-09T11:27:13.437+0000][1506.920s][info ][safepoint     ] Leaving safepoint region
[2023-11-09T11:27:13.437+0000][1506.920s][info ][safepoint     ] Total time for which application threads were stopped: 0.0013539 seconds, Stopping threads took: 0.0005660 seconds
[2023-11-09T11:27:14.438+0000][1507.921s][debug][safepoint     ] Safepoint synchronization initiated. (168 threads)
[2023-11-09T11:27:14.439+0000][1507.922s][info ][safepoint     ] Application time: 1.0010303 seconds
[2023-11-09T11:27:14.440+0000][1507.923s][info ][safepoint     ] Entering safepoint region: Cleanup
[2023-11-09T11:27:14.441+0000][1507.924s][info ][safepoint     ] Leaving safepoint region
[2023-11-09T11:27:14.442+0000][1507.925s][info ][safepoint     ] Total time for which application threads were stopped: 0.0019869 seconds, Stopping threads took: 0.0008803 seconds
[2023-11-09T11:27:15.443+0000][1508.926s][debug][safepoint     ] Safepoint synchronization initiated. (168 threads)
[2023-11-09T11:27:15.444+0000][1508.927s][info ][safepoint     ] Application time: 1.0017392 seconds
[2023-11-09T11:27:15.446+0000][1508.929s][info ][safepoint     ] Entering safepoint region: Cleanup
[2023-11-09T11:27:15.447+0000][1508.930s][info ][safepoint     ] Leaving safepoint region
[2023-11-09T11:27:15.447+0000][1508.930s][info ][safepoint     ] Total time for which application threads were stopped: 0.0011411 seconds, Stopping threads took: 0.0004692 seconds
[2023-11-09T11:27:16.448+0000][1509.931s][debug][safepoint     ] Safepoint synchronization initiated. (168 threads)
[2023-11-09T11:27:16.448+0000][1509.931s][info ][safepoint     ] Application time: 1.0006237 seconds
[2023-11-09T11:27:16.449+0000][1509.932s][info ][safepoint     ] Entering safepoint region: Cleanup
[2023-11-09T11:27:16.450+0000][1509.933s][info ][safepoint     ] Leaving safepoint region
[2023-11-09T11:27:16.450+0000][1509.933s][info ][safepoint     ] Total time for which application threads were stopped: 0.0011516 seconds, Stopping threads took: 0.0005106 seconds
[2023-11-09T11:27:17.451+0000][1510.934s][debug][safepoint     ] Safepoint synchronization initiated. (168 threads)
[2023-11-09T11:27:17.451+0000][1510.934s][info ][safepoint     ] Application time: 1.0008620 seconds
[2023-11-09T11:27:17.452+0000][1510.935s][info ][safepoint     ] Entering safepoint region: Cleanup
[2023-11-09T11:27:17.453+0000][1510.936s][info ][safepoint     ] Leaving safepoint region
[2023-11-09T11:27:17.453+0000][1510.936s][info ][safepoint     ] Total time for which application threads were stopped: 0.0013511 seconds, Stopping threads took: 0.0006900 seconds
[2023-11-09T11:27:18.454+0000][1511.937s][debug][safepoint     ] Safepoint synchronization initiated. (168 threads)
[2023-11-09T11:27:18.455+0000][1511.938s][info ][safepoint     ] Application time: 1.0009849 seconds
[2023-11-09T11:27:18.455+0000][1511.938s][info ][safepoint     ] Entering safepoint region: Cleanup
[2023-11-09T11:27:18.456+0000][1511.939s][info ][safepoint     ] Leaving safepoint region
[2023-11-09T11:27:18.456+0000][1511.939s][info ][safepoint     ] Total time for which application threads were stopped: 0.0011223 seconds, Stopping threads took: 0.0004867 seconds
[2023-11-09T11:27:19.457+0000][1512.940s][debug][safepoint     ] Safepoint synchronization initiated. (168 threads)
[2023-11-09T11:27:19.458+0000][1512.941s][info ][safepoint     ] Application time: 1.0010067 seconds
[2023-11-09T11:27:19.458+0000][1512.941s][info ][safepoint     ] Entering safepoint region: Cleanup
[2023-11-09T11:27:19.459+0000][1512.942s][info ][safepoint     ] Leaving safepoint region
[2023-11-09T11:27:19.459+0000][1512.942s][info ][safepoint     ] Total time for which application threads were stopped: 0.0010925 seconds, Stopping threads took: 0.0004668 seconds
[2023-11-09T11:27:20.460+0000][1513.943s][debug][safepoint     ] Safepoint synchronization initiated. (168 threads)
[2023-11-09T11:27:20.460+0000][1513.943s][info ][safepoint     ] Application time: 1.0005383 seconds
[2023-11-09T11:27:20.461+0000][1513.944s][info ][safepoint     ] Entering safepoint region: Cleanup
[2023-11-09T11:27:20.461+0000][1513.944s][info ][safepoint     ] Leaving safepoint region
[2023-11-09T11:27:20.462+0000][1513.945s][info ][safepoint     ] Total time for which application threads were stopped: 0.0008344 seconds, Stopping threads took: 0.0003731 seconds
[2023-11-09T11:27:21.463+0000][1514.946s][debug][safepoint     ] Safepoint synchronization initiated. (168 threads)
[2023-11-09T11:27:21.463+0000][1514.946s][info ][safepoint     ] Application time: 1.0015851 seconds
[2023-11-09T11:27:21.464+0000][1514.947s][info ][safepoint     ] Entering safepoint region: Cleanup
[2023-11-09T11:27:21.465+0000][1514.948s][info ][safepoint     ] Leaving safepoint region
[2023-11-09T11:27:21.466+0000][1514.949s][info ][safepoint     ] Total time for which application threads were stopped: 0.0014909 seconds, Stopping threads took: 0.0006892 seconds
[2023-11-09T11:27:22.467+0000][1515.949s][debug][safepoint     ] Safepoint synchronization initiated. (168 threads)
[2023-11-09T11:27:22.467+0000][1515.950s][info ][safepoint     ] Application time: 1.0011951 seconds
[2023-11-09T11:27:22.468+0000][1515.951s][info ][safepoint     ] Entering safepoint region: Cleanup
[2023-11-09T11:27:22.469+0000][1515.952s][info ][safepoint     ] Leaving safepoint region
[2023-11-09T11:27:22.470+0000][1515.952s][info ][safepoint     ] Total time for which application threads were stopped: 0.0014649 seconds, Stopping threads took: 0.0006468 seconds
[2023-11-09T11:27:23.470+0000][1516.953s][debug][safepoint     ] Safepoint synchronization initiated. (168 threads)
[2023-11-09T11:27:23.471+0000][1516.954s][info ][safepoint     ] Application time: 1.0005705 seconds
[2023-11-09T11:27:23.471+0000][1516.954s][info ][safepoint     ] Entering safepoint region: Cleanup
[2023-11-09T11:27:23.471+0000][1516.954s][info ][safepoint     ] Leaving safepoint region
[2023-11-09T11:27:23.472+0000][1516.955s][info ][safepoint     ] Total time for which application threads were stopped: 0.0007301 seconds, Stopping threads took: 0.0002966 seconds
[2023-11-09T11:27:24.472+0000][1517.955s][debug][safepoint     ] Safepoint synchronization initiated. (168 threads)
[2023-11-09T11:27:24.473+0000][1517.956s][info ][safepoint     ] Application time: 1.0010764 seconds
[2023-11-09T11:27:24.474+0000][1517.957s][info ][safepoint     ] Entering safepoint region: Cleanup
[2023-11-09T11:27:24.475+0000][1517.958s][info ][safepoint     ] Leaving safepoint region
[2023-11-09T11:27:24.475+0000][1517.958s][info ][safepoint     ] Total time for which application threads were stopped: 0.0015804 seconds, Stopping threads took: 0.0007331 seconds
[2023-11-09T11:27:25.476+0000][1518.959s][debug][safepoint     ] Safepoint synchronization initiated. (168 threads)
[2023-11-09T11:27:25.477+0000][1518.960s][info ][safepoint     ] Application time: 1.0007873 seconds
[2023-11-09T11:27:25.477+0000][1518.960s][info ][safepoint     ] Entering safepoint region: Cleanup
[2023-11-09T11:27:25.478+0000][1518.961s][info ][safepoint     ] Leaving safepoint region
[2023-11-09T11:27:25.478+0000][1518.961s][info ][safepoint     ] Total time for which application threads were stopped: 0.0011203 seconds, Stopping threads took: 0.0004791 seconds
[2023-11-09T11:27:26.479+0000][1519.962s][debug][safepoint     ] Safepoint synchronization initiated. (168 threads)
[2023-11-09T11:27:26.480+0000][1519.963s][info ][safepoint     ] Application time: 1.0008422 seconds
[2023-11-09T11:27:26.480+0000][1519.963s][info ][safepoint     ] Entering safepoint region: Cleanup
[2023-11-09T11:27:26.481+0000][1519.964s][info ][safepoint     ] Leaving safepoint region
[2023-11-09T11:27:26.481+0000][1519.964s][info ][safepoint     ] Total time for which application threads were stopped: 0.0010704 seconds, Stopping threads took: 0.0005360 seconds
[2023-11-09T11:27:27.482+0000][1520.965s][debug][safepoint     ] Safepoint synchronization initiated. (168 threads)
[2023-11-09T11:27:27.483+0000][1520.965s][info ][safepoint     ] Application time: 1.0009245 seconds
[2023-11-09T11:27:27.483+0000][1520.966s][info ][safepoint     ] Entering safepoint region: Cleanup
[2023-11-09T11:27:27.484+0000][1520.967s][info ][safepoint     ] Leaving safepoint region
[2023-11-09T11:27:27.484+0000][1520.967s][info ][safepoint     ] Total time for which application threads were stopped: 0.0012531 seconds, Stopping threads took: 0.0005967 seconds
[2023-11-09T11:27:28.485+0000][1521.968s][debug][safepoint     ] Safepoint synchronization initiated. (168 threads)
[2023-11-09T11:27:28.486+0000][1521.969s][info ][safepoint     ] Application time: 1.0009368 seconds
[2023-11-09T11:27:28.486+0000][1521.969s][info ][safepoint     ] Entering safepoint region: Cleanup
[2023-11-09T11:27:28.487+0000][1521.970s][info ][safepoint     ] Leaving safepoint region
[2023-11-09T11:27:28.488+0000][1521.971s][info ][safepoint     ] Total time for which application threads were stopped: 0.0014598 seconds, Stopping threads took: 0.0006261 seconds
[2023-11-09T11:27:29.488+0000][1522.971s][debug][safepoint     ] Safepoint synchronization initiated. (168 threads)
[2023-11-09T11:27:29.489+0000][1522.972s][info ][safepoint     ] Application time: 1.0009613 seconds
[2023-11-09T11:27:29.490+0000][1522.973s][info ][safepoint     ] Entering safepoint region: Cleanup
[2023-11-09T11:27:29.491+0000][1522.974s][info ][safepoint     ] Leaving safepoint region
[2023-11-09T11:27:29.491+0000][1522.974s][info ][safepoint     ] Total time for which application threads were stopped: 0.0013789 seconds, Stopping threads took: 0.0006571 seconds
[2023-11-09T11:27:30.492+0000][1523.975s][debug][safepoint     ] Safepoint synchronization initiated. (168 threads)
[2023-11-09T11:27:30.493+0000][1523.976s][info ][safepoint     ] Application time: 1.0012162 seconds
[2023-11-09T11:27:30.494+0000][1523.977s][info ][safepoint     ] Entering safepoint region: Cleanup
[2023-11-09T11:27:30.495+0000][1523.978s][info ][safepoint     ] Leaving safepoint region
[2023-11-09T11:27:30.495+0000][1523.978s][info ][safepoint     ] Total time for which application threads were stopped: 0.0016744 seconds, Stopping threads took: 0.0007971 seconds
[2023-11-09T11:27:31.496+0000][1524.979s][debug][safepoint     ] Safepoint synchronization initiated. (168 threads)
[2023-11-09T11:27:31.497+0000][1524.980s][info ][safepoint     ] Application time: 1.0007328 seconds
[2023-11-09T11:27:31.497+0000][1524.980s][info ][safepoint     ] Entering safepoint region: Cleanup
[2023-11-09T11:27:31.498+0000][1524.981s][info ][safepoint     ] Leaving safepoint region
[2023-11-09T11:27:31.498+0000][1524.981s][info ][safepoint     ] Total time for which application threads were stopped: 0.0011733 seconds, Stopping threads took: 0.0004861 seconds
[2023-11-09T11:27:32.499+0000][1525.982s][debug][safepoint     ] Safepoint synchronization initiated. (168 threads)
[2023-11-09T11:27:32.500+0000][1525.983s][info ][safepoint     ] Application time: 1.0011317 seconds
[2023-11-09T11:27:32.501+0000][1525.984s][info ][safepoint     ] Entering safepoint region: Cleanup
[2023-11-09T11:27:32.502+0000][1525.985s][info ][safepoint     ] Leaving safepoint region
[2023-11-09T11:27:32.502+0000][1525.985s][info ][safepoint     ] Total time for which application threads were stopped: 0.0015375 seconds, Stopping threads took: 0.0006572 seconds
[2023-11-09T11:27:33.503+0000][1526.986s][debug][safepoint     ] Safepoint synchronization initiated. (168 threads)
[2023-11-09T11:27:33.504+0000][1526.987s][info ][safepoint     ] Application time: 1.0013232 seconds
[2023-11-09T11:27:33.505+0000][1526.988s][info ][safepoint     ] Entering safepoint region: Cleanup
[2023-11-09T11:27:33.506+0000][1526.989s][info ][safepoint     ] Leaving safepoint region
[2023-11-09T11:27:33.507+0000][1526.990s][info ][safepoint     ] Total time for which application threads were stopped: 0.0016689 seconds, Stopping threads took: 0.0008896 seconds
[2023-11-09T11:27:34.508+0000][1527.991s][debug][safepoint     ] Safepoint synchronization initiated. (168 threads)
[2023-11-09T11:27:34.508+0000][1527.991s][info ][safepoint     ] Application time: 1.0010003 seconds
[2023-11-09T11:27:34.509+0000][1527.992s][info ][safepoint     ] Entering safepoint region: Cleanup
[2023-11-09T11:27:34.510+0000][1527.993s][info ][safepoint     ] Leaving safepoint region
[2023-11-09T11:27:34.511+0000][1527.994s][info ][safepoint     ] Total time for which application threads were stopped: 0.0019341 seconds, Stopping threads took: 0.0006781 seconds
[2023-11-09T11:27:35.512+0000][1528.995s][debug][safepoint     ] Safepoint synchronization initiated. (168 threads)
[2023-11-09T11:27:35.513+0000][1528.996s][info ][safepoint     ] Application time: 1.0011770 seconds
[2023-11-09T11:27:35.514+0000][1528.997s][info ][safepoint     ] Entering safepoint region: Cleanup
[2023-11-09T11:27:35.515+0000][1528.998s][info ][safepoint     ] Leaving safepoint region
[2023-11-09T11:27:35.515+0000][1528.998s][info ][safepoint     ] Total time for which application threads were stopped: 0.0017881 seconds, Stopping threads took: 0.0008835 seconds
[2023-11-09T11:27:36.517+0000][1529.999s][debug][safepoint     ] Safepoint synchronization initiated. (168 threads)
[2023-11-09T11:27:36.518+0000][1530.001s][info ][safepoint     ] Application time: 1.0015333 seconds
[2023-11-09T11:27:36.519+0000][1530.002s][info ][safepoint     ] Entering safepoint region: Cleanup
[2023-11-09T11:27:36.520+0000][1530.003s][info ][safepoint     ] Leaving safepoint region
[2023-11-09T11:27:36.521+0000][1530.004s][info ][safepoint     ] Total time for which application threads were stopped: 0.0016032 seconds, Stopping threads took: 0.0006674 seconds
[2023-11-09T11:27:37.522+0000][1531.005s][debug][safepoint     ] Safepoint synchronization initiated. (168 threads)
[2023-11-09T11:27:37.522+0000][1531.005s][info ][safepoint     ] Application time: 1.0005383 seconds
[2023-11-09T11:27:37.522+0000][1531.005s][info ][safepoint     ] Entering safepoint region: Cleanup
[2023-11-09T11:27:37.523+0000][1531.006s][info ][safepoint     ] Leaving safepoint region
[2023-11-09T11:27:37.523+0000][1531.006s][info ][safepoint     ] Total time for which application threads were stopped: 0.0008482 seconds, Stopping threads took: 0.0003509 seconds
[2023-11-09T11:27:38.524+0000][1532.007s][debug][safepoint     ] Safepoint synchronization initiated. (168 threads)
[2023-11-09T11:27:38.525+0000][1532.008s][info ][safepoint     ] Application time: 1.0013077 seconds
[2023-11-09T11:27:38.526+0000][1532.009s][info ][safepoint     ] Entering safepoint region: Cleanup
[2023-11-09T11:27:38.528+0000][1532.011s][info ][safepoint     ] Leaving safepoint region
[2023-11-09T11:27:38.529+0000][1532.011s][info ][safepoint     ] Total time for which application threads were stopped: 0.0025170 seconds, Stopping threads took: 0.0013305 seconds
[2023-11-09T11:27:39.529+0000][1533.013s][debug][safepoint     ] Safepoint synchronization initiated. (168 threads)
[2023-11-09T11:27:39.530+0000][1533.014s][info ][safepoint     ] Application time: 1.0015135 seconds
[2023-11-09T11:27:39.531+0000][1533.015s][info ][safepoint     ] Entering safepoint region: Cleanup
[2023-11-09T11:27:39.531+0000][1533.015s][info ][safepoint     ] Leaving safepoint region
[2023-11-09T11:27:39.532+0000][1533.016s][info ][safepoint     ] Total time for which application threads were stopped: 0.0014894 seconds, Stopping threads took: 0.0006169 seconds
[2023-11-09T11:27:40.533+0000][1534.017s][debug][safepoint     ] Safepoint synchronization initiated. (168 threads)
[2023-11-09T11:27:40.533+0000][1534.017s][info ][safepoint     ] Application time: 1.0005486 seconds
[2023-11-09T11:27:40.533+0000][1534.017s][info ][safepoint     ] Entering safepoint region: Cleanup
[2023-11-09T11:27:40.534+0000][1534.018s][info ][safepoint     ] Leaving safepoint region
[2023-11-09T11:27:40.534+0000][1534.018s][info ][safepoint     ] Total time for which application threads were stopped: 0.0009598 seconds, Stopping threads took: 0.0004040 seconds
[2023-11-09T11:27:41.535+0000][1535.019s][debug][safepoint     ] Safepoint synchronization initiated. (168 threads)
[2023-11-09T11:27:41.536+0000][1535.020s][info ][safepoint     ] Application time: 1.0010760 seconds
[2023-11-09T11:27:41.537+0000][1535.021s][info ][safepoint     ] Entering safepoint region: Cleanup
[2023-11-09T11:27:41.538+0000][1535.021s][info ][safepoint     ] Leaving safepoint region
[2023-11-09T11:27:41.538+0000][1535.022s][info ][safepoint     ] Total time for which application threads were stopped: 0.0014981 seconds, Stopping threads took: 0.0006532 seconds
[2023-11-09T11:27:42.539+0000][1536.023s][debug][safepoint     ] Safepoint synchronization initiated. (168 threads)
[2023-11-09T11:27:42.540+0000][1536.024s][info ][safepoint     ] Application time: 1.0008852 seconds
[2023-11-09T11:27:42.540+0000][1536.024s][info ][safepoint     ] Entering safepoint region: Cleanup
[2023-11-09T11:27:42.541+0000][1536.025s][info ][safepoint     ] Leaving safepoint region
[2023-11-09T11:27:42.541+0000][1536.025s][info ][safepoint     ] Total time for which application threads were stopped: 0.0011056 seconds, Stopping threads took: 0.0004661 seconds
[2023-11-09T11:27:43.542+0000][1537.026s][debug][safepoint     ] Safepoint synchronization initiated. (168 threads)
[2023-11-09T11:27:43.543+0000][1537.027s][info ][safepoint     ] Application time: 1.0013153 seconds
[2023-11-09T11:27:43.544+0000][1537.028s][info ][safepoint     ] Entering safepoint region: Cleanup
[2023-11-09T11:27:43.545+0000][1537.029s][info ][safepoint     ] Leaving safepoint region
[2023-11-09T11:27:43.546+0000][1537.030s][info ][safepoint     ] Total time for which application threads were stopped: 0.0020002 seconds, Stopping threads took: 0.0009226 seconds
[2023-11-09T11:27:44.547+0000][1538.031s][debug][safepoint     ] Safepoint synchronization initiated. (168 threads)
[2023-11-09T11:27:44.547+0000][1538.031s][info ][safepoint     ] Application time: 1.0005657 seconds
[2023-11-09T11:27:44.547+0000][1538.031s][info ][safepoint     ] Entering safepoint region: Cleanup
[2023-11-09T11:27:44.548+0000][1538.032s][info ][safepoint     ] Leaving safepoint region
[2023-11-09T11:27:44.548+0000][1538.032s][info ][safepoint     ] Total time for which application threads were stopped: 0.0007902 seconds, Stopping threads took: 0.0003504 seconds
[2023-11-09T11:27:45.549+0000][1539.033s][debug][safepoint     ] Safepoint synchronization initiated. (168 threads)
[2023-11-09T11:27:45.550+0000][1539.034s][info ][safepoint     ] Application time: 1.0013389 seconds
[2023-11-09T11:27:45.551+0000][1539.035s][info ][safepoint     ] Entering safepoint region: Cleanup
[2023-11-09T11:27:45.552+0000][1539.036s][info ][safepoint     ] Leaving safepoint region
[2023-11-09T11:27:45.553+0000][1539.037s][info ][safepoint     ] Total time for which application threads were stopped: 0.0023512 seconds, Stopping threads took: 0.0008237 seconds
[2023-11-09T11:27:46.554+0000][1540.038s][debug][safepoint     ] Safepoint synchronization initiated. (168 threads)
[2023-11-09T11:27:46.555+0000][1540.039s][info ][safepoint     ] Application time: 1.0005306 seconds
[2023-11-09T11:27:46.555+0000][1540.039s][info ][safepoint     ] Entering safepoint region: Cleanup
[2023-11-09T11:27:46.556+0000][1540.040s][info ][safepoint     ] Leaving safepoint region
[2023-11-09T11:27:46.556+0000][1540.040s][info ][safepoint     ] Total time for which application threads were stopped: 0.0008682 seconds, Stopping threads took: 0.0003426 seconds
[2023-11-09T11:27:47.557+0000][1541.040s][debug][safepoint     ] Safepoint synchronization initiated. (168 threads)
[2023-11-09T11:27:47.557+0000][1541.041s][info ][safepoint     ] Application time: 1.0009537 seconds
[2023-11-09T11:27:47.558+0000][1541.042s][info ][safepoint     ] Entering safepoint region: Cleanup
[2023-11-09T11:27:47.559+0000][1541.043s][info ][safepoint     ] Leaving safepoint region
[2023-11-09T11:27:47.559+0000][1541.043s][info ][safepoint     ] Total time for which application threads were stopped: 0.0014131 seconds, Stopping threads took: 0.0005978 seconds
[2023-11-09T11:27:48.560+0000][1542.044s][debug][safepoint     ] Safepoint synchronization initiated. (168 threads)
[2023-11-09T11:27:48.561+0000][1542.045s][info ][safepoint     ] Application time: 1.0007036 seconds
[2023-11-09T11:27:48.561+0000][1542.045s][info ][safepoint     ] Entering safepoint region: Cleanup
[2023-11-09T11:27:48.562+0000][1542.046s][info ][safepoint     ] Leaving safepoint region
[2023-11-09T11:27:48.562+0000][1542.046s][info ][safepoint     ] Total time for which application threads were stopped: 0.0011838 seconds, Stopping threads took: 0.0005199 seconds
[2023-11-09T11:27:49.563+0000][1543.047s][debug][safepoint     ] Safepoint synchronization initiated. (168 threads)
[2023-11-09T11:27:49.564+0000][1543.048s][info ][safepoint     ] Application time: 1.0009423 seconds
[2023-11-09T11:27:49.564+0000][1543.048s][info ][safepoint     ] Entering safepoint region: Cleanup
[2023-11-09T11:27:49.565+0000][1543.049s][info ][safepoint     ] Leaving safepoint region
[2023-11-09T11:27:49.566+0000][1543.050s][info ][safepoint     ] Total time for which application threads were stopped: 0.0012181 seconds, Stopping threads took: 0.0005411 seconds
[2023-11-09T11:27:50.566+0000][1544.050s][debug][safepoint     ] Safepoint synchronization initiated. (168 threads)
[2023-11-09T11:27:50.567+0000][1544.051s][info ][safepoint     ] Application time: 1.0007625 seconds
[2023-11-09T11:27:50.567+0000][1544.051s][info ][safepoint     ] Entering safepoint region: Cleanup
[2023-11-09T11:27:50.568+0000][1544.052s][info ][safepoint     ] Leaving safepoint region
[2023-11-09T11:27:50.568+0000][1544.052s][info ][safepoint     ] Total time for which application threads were stopped: 0.0010014 seconds, Stopping threads took: 0.0003809 seconds
[2023-11-09T11:27:51.569+0000][1545.053s][debug][safepoint     ] Safepoint synchronization initiated. (168 threads)
[2023-11-09T11:27:51.570+0000][1545.054s][info ][safepoint     ] Application time: 1.0011045 seconds
[2023-11-09T11:27:51.571+0000][1545.055s][info ][safepoint     ] Entering safepoint region: Cleanup
[2023-11-09T11:27:51.572+0000][1545.056s][info ][safepoint     ] Leaving safepoint region
[2023-11-09T11:27:51.572+0000][1545.056s][info ][safepoint     ] Total time for which application threads were stopped: 0.0016954 seconds, Stopping threads took: 0.0007332 seconds
[2023-11-09T11:27:52.573+0000][1546.057s][debug][safepoint     ] Safepoint synchronization initiated. (168 threads)
[2023-11-09T11:27:52.574+0000][1546.057s][info ][safepoint     ] Application time: 1.0005476 seconds
[2023-11-09T11:27:52.574+0000][1546.058s][info ][safepoint     ] Entering safepoint region: Cleanup
[2023-11-09T11:27:52.574+0000][1546.058s][info ][safepoint     ] Leaving safepoint region
[2023-11-09T11:27:52.575+0000][1546.059s][info ][safepoint     ] Total time for which application threads were stopped: 0.0007754 seconds, Stopping threads took: 0.0003256 seconds
[2023-11-09T11:27:53.575+0000][1547.059s][debug][safepoint     ] Safepoint synchronization initiated. (168 threads)
[2023-11-09T11:27:53.576+0000][1547.060s][info ][safepoint     ] Application time: 1.0007844 seconds
[2023-11-09T11:27:53.576+0000][1547.060s][info ][safepoint     ] Entering safepoint region: Cleanup
[2023-11-09T11:27:53.577+0000][1547.061s][info ][safepoint     ] Leaving safepoint region
[2023-11-09T11:27:53.577+0000][1547.061s][info ][safepoint     ] Total time for which application threads were stopped: 0.0010216 seconds, Stopping threads took: 0.0004467 seconds
[2023-11-09T11:27:54.578+0000][1548.062s][debug][safepoint     ] Safepoint synchronization initiated. (168 threads)
[2023-11-09T11:27:54.578+0000][1548.062s][info ][safepoint     ] Application time: 1.0007739 seconds
[2023-11-09T11:27:54.579+0000][1548.063s][info ][safepoint     ] Entering safepoint region: Cleanup
[2023-11-09T11:27:54.580+0000][1548.064s][info ][safepoint     ] Leaving safepoint region
[2023-11-09T11:27:54.580+0000][1548.064s][info ][safepoint     ] Total time for which application threads were stopped: 0.0014276 seconds, Stopping threads took: 0.0006782 seconds
[2023-11-09T11:27:55.581+0000][1549.065s][debug][safepoint     ] Safepoint synchronization initiated. (168 threads)
[2023-11-09T11:27:55.581+0000][1549.065s][info ][safepoint     ] Application time: 1.0004986 seconds
[2023-11-09T11:27:55.582+0000][1549.066s][info ][safepoint     ] Entering safepoint region: Cleanup
[2023-11-09T11:27:55.582+0000][1549.066s][info ][safepoint     ] Leaving safepoint region
[2023-11-09T11:27:55.582+0000][1549.066s][info ][safepoint     ] Total time for which application threads were stopped: 0.0007307 seconds, Stopping threads took: 0.0002911 seconds
[2023-11-09T11:27:56.583+0000][1550.067s][debug][safepoint     ] Safepoint synchronization initiated. (168 threads)
[2023-11-09T11:27:56.583+0000][1550.067s][info ][safepoint     ] Application time: 1.0005383 seconds
[2023-11-09T11:27:56.584+0000][1550.067s][info ][safepoint     ] Entering safepoint region: Cleanup
[2023-11-09T11:27:56.584+0000][1550.068s][info ][safepoint     ] Leaving safepoint region
[2023-11-09T11:27:56.584+0000][1550.068s][info ][safepoint     ] Total time for which application threads were stopped: 0.0007542 seconds, Stopping threads took: 0.0003237 seconds
[2023-11-09T11:27:57.585+0000][1551.069s][debug][safepoint     ] Safepoint synchronization initiated. (168 threads)
[2023-11-09T11:27:57.585+0000][1551.069s][info ][safepoint     ] Application time: 1.0007087 seconds
[2023-11-09T11:27:57.586+0000][1551.070s][info ][safepoint     ] Entering safepoint region: Cleanup
[2023-11-09T11:27:57.586+0000][1551.070s][info ][safepoint     ] Leaving safepoint region
[2023-11-09T11:27:57.587+0000][1551.071s][info ][safepoint     ] Total time for which application threads were stopped: 0.0010614 seconds, Stopping threads took: 0.0004603 seconds
[2023-11-09T11:27:58.587+0000][1552.071s][debug][safepoint     ] Safepoint synchronization initiated. (168 threads)
[2023-11-09T11:27:58.588+0000][1552.072s][info ][safepoint     ] Application time: 1.0008811 seconds
[2023-11-09T11:27:58.588+0000][1552.072s][info ][safepoint     ] Entering safepoint region: Cleanup
[2023-11-09T11:27:58.589+0000][1552.073s][info ][safepoint     ] Leaving safepoint region
[2023-11-09T11:27:58.589+0000][1552.073s][info ][safepoint     ] Total time for which application threads were stopped: 0.0012048 seconds, Stopping threads took: 0.0005238 seconds
[2023-11-09T11:27:59.590+0000][1553.074s][debug][safepoint     ] Safepoint synchronization initiated. (168 threads)
[2023-11-09T11:27:59.591+0000][1553.075s][info ][safepoint     ] Application time: 1.0011000 seconds
[2023-11-09T11:27:59.592+0000][1553.076s][info ][safepoint     ] Entering safepoint region: Cleanup
[2023-11-09T11:27:59.593+0000][1553.077s][info ][safepoint     ] Leaving safepoint region
[2023-11-09T11:27:59.593+0000][1553.077s][info ][safepoint     ] Total time for which application threads were stopped: 0.0014710 seconds, Stopping threads took: 0.0007050 seconds
[2023-11-09T11:28:00.594+0000][1554.078s][debug][safepoint     ] Safepoint synchronization initiated. (168 threads)
[2023-11-09T11:28:00.594+0000][1554.078s][info ][safepoint     ] Application time: 1.0005573 seconds
[2023-11-09T11:28:00.595+0000][1554.079s][info ][safepoint     ] Entering safepoint region: Cleanup
[2023-11-09T11:28:00.595+0000][1554.079s][info ][safepoint     ] Leaving safepoint region
[2023-11-09T11:28:00.596+0000][1554.080s][info ][safepoint     ] Total time for which application threads were stopped: 0.0012267 seconds, Stopping threads took: 0.0005108 seconds
[2023-11-09T11:28:00.595+0000][1554.079s][debug][safepoint     ] ... found polling page return exception at pc = 0x00007fb4f0d6dc84, stub =0x00007fb4e8840600
[2023-11-09T11:28:00.595+0000][1554.079s][debug][safepoint     ] ... found polling page return exception at pc = 0x00007fb4f0d6dc84, stub =0x00007fb4e8840600
[2023-11-09T11:28:00.595+0000][1554.079s][debug][safepoint     ] ... found polling page return exception at pc = 0x00007fb4f0d6dc84, stub =0x00007fb4e8840600
[2023-11-09T11:28:00.595+0000][1554.079s][debug][safepoint     ] ... found polling page return exception at pc = 0x00007fb4f0d6dc84, stub =0x00007fb4e8840600
[2023-11-09T11:28:00.595+0000][1554.079s][debug][safepoint     ] ... found polling page return exception at pc = 0x00007fb4f0d6dc84, stub =0x00007fb4e8840600
[2023-11-09T11:28:01.598+0000][1555.082s][debug][safepoint     ] Safepoint synchronization initiated. (168 threads)
[2023-11-09T11:28:01.599+0000][1555.083s][info ][safepoint     ] Application time: 1.0007082 seconds
[2023-11-09T11:28:01.599+0000][1555.083s][info ][safepoint     ] Entering safepoint region: Cleanup
[2023-11-09T11:28:01.600+0000][1555.084s][info ][safepoint     ] Leaving safepoint region
[2023-11-09T11:28:01.600+0000][1555.084s][info ][safepoint     ] Total time for which application threads were stopped: 0.0009816 seconds, Stopping threads took: 0.0004021 seconds
[2023-11-09T11:28:02.601+0000][1556.085s][debug][safepoint     ] Safepoint synchronization initiated. (168 threads)
[2023-11-09T11:28:02.601+0000][1556.085s][info ][safepoint     ] Application time: 1.0005839 seconds
[2023-11-09T11:28:02.601+0000][1556.085s][info ][safepoint     ] Entering safepoint region: Cleanup
[2023-11-09T11:28:02.602+0000][1556.086s][info ][safepoint     ] Leaving safepoint region
[2023-11-09T11:28:02.602+0000][1556.086s][info ][safepoint     ] Total time for which application threads were stopped: 0.0008716 seconds, Stopping threads took: 0.0003436 seconds
[2023-11-09T11:28:03.603+0000][1557.087s][debug][safepoint     ] Safepoint synchronization initiated. (168 threads)
[2023-11-09T11:28:03.603+0000][1557.087s][info ][safepoint     ] Application time: 1.0007254 seconds
[2023-11-09T11:28:03.604+0000][1557.088s][info ][safepoint     ] Entering safepoint region: Cleanup
[2023-11-09T11:28:03.604+0000][1557.088s][info ][safepoint     ] Leaving safepoint region
[2023-11-09T11:28:03.605+0000][1557.089s][info ][safepoint     ] Total time for which application threads were stopped: 0.0009537 seconds, Stopping threads took: 0.0004076 seconds
[2023-11-09T11:28:04.605+0000][1558.089s][debug][safepoint     ] Safepoint synchronization initiated. (168 threads)
[2023-11-09T11:28:04.606+0000][1558.090s][info ][safepoint     ] Application time: 1.0008606 seconds
[2023-11-09T11:28:04.607+0000][1558.091s][info ][safepoint     ] Entering safepoint region: Cleanup
[2023-11-09T11:28:04.607+0000][1558.091s][info ][safepoint     ] Leaving safepoint region
[2023-11-09T11:28:04.608+0000][1558.092s][info ][safepoint     ] Total time for which application threads were stopped: 0.0011374 seconds, Stopping threads took: 0.0004837 seconds
[2023-11-09T11:28:05.608+0000][1559.092s][debug][safepoint     ] Safepoint synchronization initiated. (168 threads)
[2023-11-09T11:28:05.609+0000][1559.093s][info ][safepoint     ] Application time: 1.0008251 seconds
[2023-11-09T11:28:05.609+0000][1559.093s][info ][safepoint     ] Entering safepoint region: Cleanup
[2023-11-09T11:28:05.610+0000][1559.094s][info ][safepoint     ] Leaving safepoint region
[2023-11-09T11:28:05.611+0000][1559.095s][info ][safepoint     ] Total time for which application threads were stopped: 0.0011396 seconds, Stopping threads took: 0.0005544 seconds
[2023-11-09T11:28:06.611+0000][1560.095s][debug][safepoint     ] Safepoint synchronization initiated. (168 threads)
[2023-11-09T11:28:06.612+0000][1560.096s][info ][safepoint     ] Application time: 1.0009051 seconds
[2023-11-09T11:28:06.613+0000][1560.097s][info ][safepoint     ] Entering safepoint region: Cleanup
[2023-11-09T11:28:06.614+0000][1560.098s][info ][safepoint     ] Leaving safepoint region
[2023-11-09T11:28:06.614+0000][1560.098s][info ][safepoint     ] Total time for which application threads were stopped: 0.0015596 seconds, Stopping threads took: 0.0007313 seconds
[2023-11-09T11:28:07.615+0000][1561.099s][debug][safepoint     ] Safepoint synchronization initiated. (168 threads)
[2023-11-09T11:28:07.616+0000][1561.100s][info ][safepoint     ] Application time: 1.0008447 seconds
[2023-11-09T11:28:07.616+0000][1561.100s][info ][safepoint     ] Entering safepoint region: Cleanup
[2023-11-09T11:28:07.617+0000][1561.101s][info ][safepoint     ] Leaving safepoint region
[2023-11-09T11:28:07.617+0000][1561.101s][info ][safepoint     ] Total time for which application threads were stopped: 0.0011283 seconds, Stopping threads took: 0.0003822 seconds
[2023-11-09T11:28:08.618+0000][1562.102s][debug][safepoint     ] Safepoint synchronization initiated. (168 threads)
[2023-11-09T11:28:08.619+0000][1562.103s][info ][safepoint     ] Application time: 1.0010706 seconds
[2023-11-09T11:28:08.619+0000][1562.103s][info ][safepoint     ] Entering safepoint region: Cleanup
[2023-11-09T11:28:08.620+0000][1562.104s][info ][safepoint     ] Leaving safepoint region
[2023-11-09T11:28:08.621+0000][1562.105s][info ][safepoint     ] Total time for which application threads were stopped: 0.0017147 seconds, Stopping threads took: 0.0006637 seconds
[2023-11-09T11:28:09.623+0000][1563.106s][debug][safepoint     ] Safepoint synchronization initiated. (168 threads)
[2023-11-09T11:28:09.623+0000][1563.106s][info ][safepoint     ] Application time: 1.0010927 seconds
[2023-11-09T11:28:09.624+0000][1563.107s][info ][safepoint     ] Entering safepoint region: Cleanup
[2023-11-09T11:28:09.625+0000][1563.108s][info ][safepoint     ] Leaving safepoint region
[2023-11-09T11:28:09.626+0000][1563.109s][info ][safepoint     ] Total time for which application threads were stopped: 0.0015690 seconds, Stopping threads took: 0.0007872 seconds
[2023-11-09T11:28:10.626+0000][1564.109s][debug][safepoint     ] Safepoint synchronization initiated. (168 threads)
[2023-11-09T11:28:10.627+0000][1564.110s][info ][safepoint     ] Application time: 1.0008154 seconds
[2023-11-09T11:28:10.627+0000][1564.111s][info ][safepoint     ] Entering safepoint region: Cleanup
[2023-11-09T11:28:10.628+0000][1564.111s][info ][safepoint     ] Leaving safepoint region
[2023-11-09T11:28:10.629+0000][1564.112s][info ][safepoint     ] Total time for which application threads were stopped: 0.0011856 seconds, Stopping threads took: 0.0005056 seconds
[2023-11-09T11:28:11.629+0000][1565.112s][debug][safepoint     ] Safepoint synchronization initiated. (168 threads)
[2023-11-09T11:28:11.630+0000][1565.113s][info ][safepoint     ] Application time: 1.0007444 seconds
[2023-11-09T11:28:11.630+0000][1565.113s][info ][safepoint     ] Entering safepoint region: Cleanup
[2023-11-09T11:28:11.631+0000][1565.114s][info ][safepoint     ] Leaving safepoint region
[2023-11-09T11:28:11.631+0000][1565.115s][info ][safepoint     ] Total time for which application threads were stopped: 0.0010782 seconds, Stopping threads took: 0.0005349 seconds
[2023-11-09T11:28:12.632+0000][1566.115s][debug][safepoint     ] Safepoint synchronization initiated. (168 threads)
[2023-11-09T11:28:12.632+0000][1566.115s][info ][safepoint     ] Application time: 1.0004784 seconds
[2023-11-09T11:28:12.633+0000][1566.116s][info ][safepoint     ] Entering safepoint region: Cleanup
[2023-11-09T11:28:12.633+0000][1566.116s][info ][safepoint     ] Leaving safepoint region
[2023-11-09T11:28:12.633+0000][1566.117s][info ][safepoint     ] Total time for which application threads were stopped: 0.0008753 seconds, Stopping threads took: 0.0003711 seconds
[2023-11-09T11:28:13.634+0000][1567.117s][debug][safepoint     ] Safepoint synchronization initiated. (168 threads)
[2023-11-09T11:28:13.635+0000][1567.118s][info ][safepoint     ] Application time: 1.0012383 seconds
[2023-11-09T11:28:13.636+0000][1567.119s][info ][safepoint     ] Entering safepoint region: Cleanup
[2023-11-09T11:28:13.637+0000][1567.120s][info ][safepoint     ] Leaving safepoint region
[2023-11-09T11:28:13.638+0000][1567.121s][info ][safepoint     ] Total time for which application threads were stopped: 0.0018732 seconds, Stopping threads took: 0.0008003 seconds
[2023-11-09T11:28:14.638+0000][1568.121s][debug][safepoint     ] Safepoint synchronization initiated. (168 threads)
[2023-11-09T11:28:14.639+0000][1568.122s][info ][safepoint     ] Application time: 1.0008550 seconds
[2023-11-09T11:28:14.640+0000][1568.123s][info ][safepoint     ] Entering safepoint region: Cleanup
[2023-11-09T11:28:14.640+0000][1568.123s][info ][safepoint     ] Leaving safepoint region
[2023-11-09T11:28:14.641+0000][1568.124s][info ][safepoint     ] Total time for which application threads were stopped: 0.0011845 seconds, Stopping threads took: 0.0006110 seconds
[2023-11-09T11:28:15.641+0000][1569.125s][debug][safepoint     ] Safepoint synchronization initiated. (168 threads)
[2023-11-09T11:28:15.642+0000][1569.125s][info ][safepoint     ] Application time: 1.0008572 seconds
[2023-11-09T11:28:15.643+0000][1569.126s][info ][safepoint     ] Entering safepoint region: Cleanup
[2023-11-09T11:28:15.643+0000][1569.126s][info ][safepoint     ] Leaving safepoint region
[2023-11-09T11:28:15.644+0000][1569.127s][info ][safepoint     ] Total time for which application threads were stopped: 0.0010980 seconds, Stopping threads took: 0.0005332 seconds
[2023-11-09T11:28:16.644+0000][1570.127s][debug][safepoint     ] Safepoint synchronization initiated. (168 threads)
[2023-11-09T11:28:16.645+0000][1570.128s][info ][safepoint     ] Application time: 1.0007284 seconds
[2023-11-09T11:28:16.645+0000][1570.128s][debug][safepoint     ] ... found polling page return exception at pc = 0x00007fb4f0a0f376, stub =0x00007fb4e8840600
[2023-11-09T11:28:16.645+0000][1570.128s][debug][safepoint     ] ... found polling page return exception at pc = 0x00007fb4f1426b66, stub =0x00007fb4e8840600
[2023-11-09T11:28:16.646+0000][1570.129s][debug][safepoint     ] Waiting for 3 thread(s) to block
[2023-11-09T11:28:16.647+0000][1570.130s][info ][safepoint     ] Entering safepoint region: Cleanup
[2023-11-09T11:28:16.648+0000][1570.131s][info ][safepoint     ] Leaving safepoint region
[2023-11-09T11:28:16.648+0000][1570.131s][info ][safepoint     ] Total time for which application threads were stopped: 0.0028587 seconds, Stopping threads took: 0.0022109 seconds
[2023-11-09T11:28:17.649+0000][1571.132s][debug][safepoint     ] Safepoint synchronization initiated. (168 threads)
[2023-11-09T11:28:17.649+0000][1571.132s][info ][safepoint     ] Application time: 1.0006934 seconds
[2023-11-09T11:28:17.650+0000][1571.133s][info ][safepoint     ] Entering safepoint region: Cleanup
[2023-11-09T11:28:17.650+0000][1571.133s][info ][safepoint     ] Leaving safepoint region
[2023-11-09T11:28:17.651+0000][1571.134s][info ][safepoint     ] Total time for which application threads were stopped: 0.0009835 seconds, Stopping threads took: 0.0003685 seconds
[2023-11-09T11:28:18.651+0000][1572.134s][debug][safepoint     ] Safepoint synchronization initiated. (168 threads)
[2023-11-09T11:28:18.652+0000][1572.135s][info ][safepoint     ] Application time: 1.0006630 seconds
[2023-11-09T11:28:18.652+0000][1572.135s][info ][safepoint     ] Entering safepoint region: Cleanup
[2023-11-09T11:28:18.653+0000][1572.136s][info ][safepoint     ] Leaving safepoint region
[2023-11-09T11:28:18.653+0000][1572.136s][info ][safepoint     ] Total time for which application threads were stopped: 0.0009774 seconds, Stopping threads took: 0.0003800 seconds
[2023-11-09T11:28:19.654+0000][1573.137s][debug][safepoint     ] Safepoint synchronization initiated. (168 threads)
[2023-11-09T11:28:19.654+0000][1573.138s][info ][safepoint     ] Application time: 1.0011874 seconds
[2023-11-09T11:28:19.655+0000][1573.138s][info ][safepoint     ] Entering safepoint region: Cleanup
[2023-11-09T11:28:19.657+0000][1573.140s][info ][safepoint     ] Leaving safepoint region
[2023-11-09T11:28:19.657+0000][1573.140s][info ][safepoint     ] Total time for which application threads were stopped: 0.0018501 seconds, Stopping threads took: 0.0008625 seconds
[2023-11-09T11:28:20.658+0000][1574.141s][debug][safepoint     ] Safepoint synchronization initiated. (168 threads)
[2023-11-09T11:28:20.658+0000][1574.142s][info ][safepoint     ] Application time: 1.0008595 seconds
[2023-11-09T11:28:20.659+0000][1574.142s][info ][safepoint     ] Entering safepoint region: Cleanup
[2023-11-09T11:28:20.660+0000][1574.143s][info ][safepoint     ] Leaving safepoint region
[2023-11-09T11:28:20.661+0000][1574.144s][info ][safepoint     ] Total time for which application threads were stopped: 0.0014127 seconds, Stopping threads took: 0.0006863 seconds
[2023-11-09T11:28:21.661+0000][1575.144s][debug][safepoint     ] Safepoint synchronization initiated. (168 threads)
[2023-11-09T11:28:21.662+0000][1575.145s][info ][safepoint     ] Application time: 1.0007087 seconds
[2023-11-09T11:28:21.662+0000][1575.145s][info ][safepoint     ] Entering safepoint region: Cleanup
[2023-11-09T11:28:21.663+0000][1575.146s][info ][safepoint     ] Leaving safepoint region
[2023-11-09T11:28:21.663+0000][1575.146s][info ][safepoint     ] Total time for which application threads were stopped: 0.0011343 seconds, Stopping threads took: 0.0005214 seconds
[2023-11-09T11:28:22.664+0000][1576.147s][debug][safepoint     ] Safepoint synchronization initiated. (168 threads)
[2023-11-09T11:28:22.665+0000][1576.148s][info ][safepoint     ] Application time: 1.0010712 seconds
[2023-11-09T11:28:22.666+0000][1576.149s][info ][safepoint     ] Entering safepoint region: Cleanup
[2023-11-09T11:28:22.667+0000][1576.150s][info ][safepoint     ] Leaving safepoint region
[2023-11-09T11:28:22.667+0000][1576.150s][info ][safepoint     ] Total time for which application threads were stopped: 0.0017371 seconds, Stopping threads took: 0.0007925 seconds
[2023-11-09T11:28:23.668+0000][1577.151s][debug][safepoint     ] Safepoint synchronization initiated. (168 threads)
[2023-11-09T11:28:23.669+0000][1577.152s][info ][safepoint     ] Application time: 1.0008111 seconds
[2023-11-09T11:28:23.669+0000][1577.152s][info ][safepoint     ] Entering safepoint region: Cleanup
[2023-11-09T11:28:23.670+0000][1577.153s][info ][safepoint     ] Leaving safepoint region
[2023-11-09T11:28:23.670+0000][1577.153s][info ][safepoint     ] Total time for which application threads were stopped: 0.0009597 seconds, Stopping threads took: 0.0004301 seconds
[2023-11-09T11:28:24.671+0000][1578.154s][debug][safepoint     ] Safepoint synchronization initiated. (168 threads)
[2023-11-09T11:28:24.671+0000][1578.154s][info ][safepoint     ] Application time: 1.0007854 seconds
[2023-11-09T11:28:24.672+0000][1578.155s][info ][safepoint     ] Entering safepoint region: Cleanup
[2023-11-09T11:28:24.673+0000][1578.156s][info ][safepoint     ] Leaving safepoint region
[2023-11-09T11:28:24.673+0000][1578.156s][info ][safepoint     ] Total time for which application threads were stopped: 0.0014495 seconds, Stopping threads took: 0.0006002 seconds
[2023-11-09T11:28:25.674+0000][1579.157s][debug][safepoint     ] Safepoint synchronization initiated. (168 threads)
[2023-11-09T11:28:25.675+0000][1579.158s][info ][safepoint     ] Application time: 1.0008882 seconds
[2023-11-09T11:28:25.675+0000][1579.158s][info ][safepoint     ] Entering safepoint region: Cleanup
[2023-11-09T11:28:25.676+0000][1579.159s][info ][safepoint     ] Leaving safepoint region
[2023-11-09T11:28:25.677+0000][1579.160s][info ][safepoint     ] Total time for which application threads were stopped: 0.0012872 seconds, Stopping threads took: 0.0005669 seconds
[2023-11-09T11:28:26.677+0000][1580.160s][debug][safepoint     ] Safepoint synchronization initiated. (168 threads)
[2023-11-09T11:28:26.678+0000][1580.161s][info ][safepoint     ] Application time: 1.0007540 seconds
[2023-11-09T11:28:26.678+0000][1580.161s][info ][safepoint     ] Entering safepoint region: Cleanup
[2023-11-09T11:28:26.679+0000][1580.162s][info ][safepoint     ] Leaving safepoint region
[2023-11-09T11:28:26.679+0000][1580.162s][info ][safepoint     ] Total time for which application threads were stopped: 0.0009994 seconds, Stopping threads took: 0.0004246 seconds
[2023-11-09T11:28:27.680+0000][1581.163s][debug][safepoint     ] Safepoint synchronization initiated. (168 threads)
[2023-11-09T11:28:27.680+0000][1581.163s][info ][safepoint     ] Application time: 1.0005663 seconds
[2023-11-09T11:28:27.681+0000][1581.164s][info ][safepoint     ] Entering safepoint region: Cleanup
[2023-11-09T11:28:27.681+0000][1581.164s][info ][safepoint     ] Leaving safepoint region
[2023-11-09T11:28:27.681+0000][1581.164s][info ][safepoint     ] Total time for which application threads were stopped: 0.0007717 seconds, Stopping threads took: 0.0003100 seconds
[2023-11-09T11:28:28.682+0000][1582.165s][debug][safepoint     ] Safepoint synchronization initiated. (168 threads)
[2023-11-09T11:28:28.682+0000][1582.165s][info ][safepoint     ] Application time: 1.0007354 seconds
[2023-11-09T11:28:28.683+0000][1582.166s][info ][safepoint     ] Entering safepoint region: Cleanup
[2023-11-09T11:28:28.684+0000][1582.167s][info ][safepoint     ] Leaving safepoint region
[2023-11-09T11:28:28.684+0000][1582.167s][info ][safepoint     ] Total time for which application threads were stopped: 0.0011563 seconds, Stopping threads took: 0.0004765 seconds
[2023-11-09T11:28:29.685+0000][1583.168s][debug][safepoint     ] Safepoint synchronization initiated. (168 threads)
[2023-11-09T11:28:29.686+0000][1583.169s][info ][safepoint     ] Application time: 1.0012395 seconds
[2023-11-09T11:28:29.687+0000][1583.170s][info ][safepoint     ] Entering safepoint region: Cleanup
[2023-11-09T11:28:29.688+0000][1583.171s][info ][safepoint     ] Leaving safepoint region
[2023-11-09T11:28:29.688+0000][1583.171s][info ][safepoint     ] Total time for which application threads were stopped: 0.0015519 seconds, Stopping threads took: 0.0006690 seconds
[2023-11-09T11:28:30.689+0000][1584.172s][debug][safepoint     ] Safepoint synchronization initiated. (168 threads)
[2023-11-09T11:28:30.689+0000][1584.173s][info ][safepoint     ] Application time: 1.0007428 seconds
[2023-11-09T11:28:30.690+0000][1584.173s][info ][safepoint     ] Entering safepoint region: Cleanup
[2023-11-09T11:28:30.690+0000][1584.174s][info ][safepoint     ] Leaving safepoint region
[2023-11-09T11:28:30.691+0000][1584.174s][info ][safepoint     ] Total time for which application threads were stopped: 0.0010319 seconds, Stopping threads took: 0.0004325 seconds
[2023-11-09T11:28:31.691+0000][1585.174s][debug][safepoint     ] Safepoint synchronization initiated. (168 threads)
[2023-11-09T11:28:31.692+0000][1585.175s][info ][safepoint     ] Application time: 1.0006933 seconds
[2023-11-09T11:28:31.692+0000][1585.175s][info ][safepoint     ] Entering safepoint region: Cleanup
[2023-11-09T11:28:31.693+0000][1585.176s][info ][safepoint     ] Leaving safepoint region
[2023-11-09T11:28:31.693+0000][1585.176s][info ][safepoint     ] Total time for which application threads were stopped: 0.0009427 seconds, Stopping threads took: 0.0004163 seconds
[2023-11-09T11:28:32.694+0000][1586.177s][debug][safepoint     ] Safepoint synchronization initiated. (168 threads)
[2023-11-09T11:28:32.694+0000][1586.177s][info ][safepoint     ] Application time: 1.0005957 seconds
[2023-11-09T11:28:32.695+0000][1586.178s][info ][safepoint     ] Entering safepoint region: Cleanup
[2023-11-09T11:28:32.695+0000][1586.178s][info ][safepoint     ] Leaving safepoint region
[2023-11-09T11:28:32.696+0000][1586.179s][info ][safepoint     ] Total time for which application threads were stopped: 0.0010523 seconds, Stopping threads took: 0.0003961 seconds
[2023-11-09T11:28:33.696+0000][1587.179s][debug][safepoint     ] Safepoint synchronization initiated. (168 threads)
[2023-11-09T11:28:33.697+0000][1587.180s][info ][safepoint     ] Application time: 1.0008683 seconds
[2023-11-09T11:28:33.698+0000][1587.181s][debug][safepoint     ] ... found polling page return exception at pc = 0x00007fb4f0d709f7, stub =0x00007fb4e8840600
[2023-11-09T11:28:33.698+0000][1587.181s][debug][safepoint     ] ... found polling page return exception at pc = 0x00007fb4f0d709f7, stub =0x00007fb4e8840600
[2023-11-09T11:28:33.698+0000][1587.181s][debug][safepoint     ] ... found polling page return exception at pc = 0x00007fb4f0d709f7, stub =0x00007fb4e8840600
[2023-11-09T11:28:33.698+0000][1587.181s][debug][safepoint     ] ... found polling page return exception at pc = 0x00007fb4f0a0f376, stub =0x00007fb4e8840600
[2023-11-09T11:28:33.698+0000][1587.181s][debug][safepoint     ] ... found polling page return exception at pc = 0x00007fb4f0d709f7, stub =0x00007fb4e8840600
[2023-11-09T11:28:33.701+0000][1587.184s][debug][safepoint     ] Waiting for 5 thread(s) to block
[2023-11-09T11:28:33.702+0000][1587.185s][info ][safepoint     ] Entering safepoint region: Cleanup
[2023-11-09T11:28:33.703+0000][1587.186s][info ][safepoint     ] Leaving safepoint region
[2023-11-09T11:28:33.703+0000][1587.186s][info ][safepoint     ] Total time for which application threads were stopped: 0.0056552 seconds, Stopping threads took: 0.0050642 seconds
[2023-11-09T11:28:34.704+0000][1588.187s][debug][safepoint     ] Safepoint synchronization initiated. (168 threads)
[2023-11-09T11:28:34.704+0000][1588.187s][info ][safepoint     ] Application time: 1.0006115 seconds
[2023-11-09T11:28:34.705+0000][1588.188s][info ][safepoint     ] Entering safepoint region: Cleanup
[2023-11-09T11:28:34.705+0000][1588.188s][info ][safepoint     ] Leaving safepoint region
[2023-11-09T11:28:34.705+0000][1588.189s][info ][safepoint     ] Total time for which application threads were stopped: 0.0008637 seconds, Stopping threads took: 0.0003402 seconds
[2023-11-09T11:28:35.706+0000][1589.189s][debug][safepoint     ] Safepoint synchronization initiated. (168 threads)
[2023-11-09T11:28:35.706+0000][1589.189s][info ][safepoint     ] Application time: 1.0006668 seconds
[2023-11-09T11:28:35.707+0000][1589.190s][info ][safepoint     ] Entering safepoint region: Cleanup
[2023-11-09T11:28:35.708+0000][1589.191s][info ][safepoint     ] Leaving safepoint region
[2023-11-09T11:28:35.708+0000][1589.191s][info ][safepoint     ] Total time for which application threads were stopped: 0.0015458 seconds, Stopping threads took: 0.0004748 seconds
[2023-11-09T11:28:36.709+0000][1590.192s][debug][safepoint     ] Safepoint synchronization initiated. (168 threads)
[2023-11-09T11:28:36.709+0000][1590.192s][info ][safepoint     ] Application time: 1.0005445 seconds
[2023-11-09T11:28:36.710+0000][1590.193s][info ][safepoint     ] Entering safepoint region: Cleanup
[2023-11-09T11:28:36.710+0000][1590.193s][info ][safepoint     ] Leaving safepoint region
[2023-11-09T11:28:36.710+0000][1590.193s][info ][safepoint     ] Total time for which application threads were stopped: 0.0007830 seconds, Stopping threads took: 0.0003604 seconds
[2023-11-09T11:28:37.711+0000][1591.194s][debug][safepoint     ] Safepoint synchronization initiated. (168 threads)
[2023-11-09T11:28:37.712+0000][1591.195s][info ][safepoint     ] Application time: 1.0012224 seconds
[2023-11-09T11:28:37.713+0000][1591.196s][info ][safepoint     ] Entering safepoint region: Cleanup
[2023-11-09T11:28:37.714+0000][1591.197s][info ][safepoint     ] Leaving safepoint region
[2023-11-09T11:28:37.714+0000][1591.198s][info ][safepoint     ] Total time for which application threads were stopped: 0.0018198 seconds, Stopping threads took: 0.0008307 seconds
[2023-11-09T11:28:38.715+0000][1592.198s][debug][safepoint     ] Safepoint synchronization initiated. (168 threads)
[2023-11-09T11:28:38.716+0000][1592.199s][info ][safepoint     ] Application time: 1.0007386 seconds
[2023-11-09T11:28:38.716+0000][1592.200s][info ][safepoint     ] Entering safepoint region: Cleanup
[2023-11-09T11:28:38.717+0000][1592.200s][info ][safepoint     ] Leaving safepoint region
[2023-11-09T11:28:38.718+0000][1592.201s][info ][safepoint     ] Total time for which application threads were stopped: 0.0012777 seconds, Stopping threads took: 0.0006208 seconds
[2023-11-09T11:28:39.719+0000][1593.201s][debug][safepoint     ] Safepoint synchronization initiated. (168 threads)
[2023-11-09T11:28:39.720+0000][1593.202s][info ][safepoint     ] Application time: 1.0011640 seconds
[2023-11-09T11:28:39.721+0000][1593.203s][info ][safepoint     ] Entering safepoint region: Cleanup
[2023-11-09T11:28:39.722+0000][1593.204s][info ][safepoint     ] Leaving safepoint region
[2023-11-09T11:28:39.722+0000][1593.205s][info ][safepoint     ] Total time for which application threads were stopped: 0.0015636 seconds, Stopping threads took: 0.0007045 seconds
[2023-11-09T11:28:40.723+0000][1594.206s][debug][safepoint     ] Safepoint synchronization initiated. (168 threads)
[2023-11-09T11:28:40.724+0000][1594.207s][info ][safepoint     ] Application time: 1.0011801 seconds
[2023-11-09T11:28:40.725+0000][1594.208s][info ][safepoint     ] Entering safepoint region: Cleanup
[2023-11-09T11:28:40.726+0000][1594.209s][info ][safepoint     ] Leaving safepoint region
[2023-11-09T11:28:40.727+0000][1594.209s][info ][safepoint     ] Total time for which application threads were stopped: 0.0017434 seconds, Stopping threads took: 0.0006781 seconds
[2023-11-09T11:28:41.728+0000][1595.210s][debug][safepoint     ] Safepoint synchronization initiated. (168 threads)
[2023-11-09T11:28:41.729+0000][1595.211s][info ][safepoint     ] Application time: 1.0011261 seconds
[2023-11-09T11:28:41.729+0000][1595.212s][info ][safepoint     ] Entering safepoint region: Cleanup
[2023-11-09T11:28:41.730+0000][1595.213s][info ][safepoint     ] Leaving safepoint region
[2023-11-09T11:28:41.731+0000][1595.213s][info ][safepoint     ] Total time for which application threads were stopped: 0.0014934 seconds, Stopping threads took: 0.0007087 seconds
[2023-11-09T11:28:42.732+0000][1596.214s][debug][safepoint     ] Safepoint synchronization initiated. (168 threads)
[2023-11-09T11:28:42.733+0000][1596.215s][info ][safepoint     ] Application time: 1.0013696 seconds
[2023-11-09T11:28:42.734+0000][1596.216s][info ][safepoint     ] Entering safepoint region: Cleanup
[2023-11-09T11:28:42.735+0000][1596.218s][info ][safepoint     ] Leaving safepoint region
[2023-11-09T11:28:42.736+0000][1596.218s][info ][safepoint     ] Total time for which application threads were stopped: 0.0021155 seconds, Stopping threads took: 0.0008590 seconds
[2023-11-09T11:28:43.737+0000][1597.219s][debug][safepoint     ] Safepoint synchronization initiated. (168 threads)
[2023-11-09T11:28:43.737+0000][1597.220s][info ][safepoint     ] Application time: 1.0007322 seconds
[2023-11-09T11:28:43.738+0000][1597.220s][info ][safepoint     ] Entering safepoint region: Cleanup
[2023-11-09T11:28:43.739+0000][1597.221s][info ][safepoint     ] Leaving safepoint region
[2023-11-09T11:28:43.739+0000][1597.222s][info ][safepoint     ] Total time for which application threads were stopped: 0.0013067 seconds, Stopping threads took: 0.0005557 seconds
[2023-11-09T11:28:44.740+0000][1598.222s][debug][safepoint     ] Safepoint synchronization initiated. (168 threads)
[2023-11-09T11:28:44.740+0000][1598.223s][info ][safepoint     ] Application time: 1.0006878 seconds
[2023-11-09T11:28:44.741+0000][1598.223s][info ][safepoint     ] Entering safepoint region: Cleanup
[2023-11-09T11:28:44.741+0000][1598.224s][info ][safepoint     ] Leaving safepoint region
[2023-11-09T11:28:44.742+0000][1598.224s][info ][safepoint     ] Total time for which application threads were stopped: 0.0010151 seconds, Stopping threads took: 0.0004848 seconds
[2023-11-09T11:28:45.742+0000][1599.225s][debug][safepoint     ] Safepoint synchronization initiated. (168 threads)
[2023-11-09T11:28:45.749+0000][1599.232s][info ][safepoint     ] Application time: 1.0072553 seconds
[2023-11-09T11:28:45.750+0000][1599.233s][info ][safepoint     ] Entering safepoint region: Cleanup
[2023-11-09T11:28:45.751+0000][1599.233s][info ][safepoint     ] Leaving safepoint region
[2023-11-09T11:28:45.751+0000][1599.234s][info ][safepoint     ] Total time for which application threads were stopped: 0.0011370 seconds, Stopping threads took: 0.0005238 seconds
[2023-11-09T11:28:46.752+0000][1600.234s][debug][safepoint     ] Safepoint synchronization initiated. (168 threads)
[2023-11-09T11:28:46.752+0000][1600.235s][info ][safepoint     ] Application time: 1.0006925 seconds
[2023-11-09T11:28:46.753+0000][1600.235s][info ][safepoint     ] Entering safepoint region: Cleanup
[2023-11-09T11:28:46.753+0000][1600.236s][info ][safepoint     ] Leaving safepoint region
[2023-11-09T11:28:46.754+0000][1600.237s][info ][safepoint     ] Total time for which application threads were stopped: 0.0014533 seconds, Stopping threads took: 0.0005671 seconds
[2023-11-09T11:28:47.754+0000][1601.237s][debug][safepoint     ] Safepoint synchronization initiated. (168 threads)
[2023-11-09T11:28:47.755+0000][1601.238s][info ][safepoint     ] Application time: 1.0005205 seconds
[2023-11-09T11:28:47.755+0000][1601.238s][info ][safepoint     ] Entering safepoint region: Cleanup
[2023-11-09T11:28:47.756+0000][1601.238s][info ][safepoint     ] Leaving safepoint region
[2023-11-09T11:28:47.756+0000][1601.239s][info ][safepoint     ] Total time for which application threads were stopped: 0.0010300 seconds, Stopping threads took: 0.0004956 seconds
[2023-11-09T11:28:48.757+0000][1602.239s][debug][safepoint     ] Safepoint synchronization initiated. (168 threads)
[2023-11-09T11:28:48.757+0000][1602.240s][info ][safepoint     ] Application time: 1.0006610 seconds
[2023-11-09T11:28:48.758+0000][1602.240s][info ][safepoint     ] Entering safepoint region: Cleanup
[2023-11-09T11:28:48.758+0000][1602.241s][info ][safepoint     ] Leaving safepoint region
[2023-11-09T11:28:48.758+0000][1602.241s][info ][safepoint     ] Total time for which application threads were stopped: 0.0008956 seconds, Stopping threads took: 0.0003965 seconds
[2023-11-09T11:28:49.759+0000][1603.242s][debug][safepoint     ] Safepoint synchronization initiated. (168 threads)
[2023-11-09T11:28:49.760+0000][1603.243s][info ][safepoint     ] Application time: 1.0013623 seconds
[2023-11-09T11:28:49.761+0000][1603.244s][info ][safepoint     ] Entering safepoint region: Cleanup
[2023-11-09T11:28:49.762+0000][1603.245s][info ][safepoint     ] Leaving safepoint region
[2023-11-09T11:28:49.763+0000][1603.246s][info ][safepoint     ] Total time for which application threads were stopped: 0.0018803 seconds, Stopping threads took: 0.0007947 seconds
[2023-11-09T11:28:50.764+0000][1604.247s][debug][safepoint     ] Safepoint synchronization initiated. (168 threads)
[2023-11-09T11:28:50.765+0000][1604.248s][info ][safepoint     ] Application time: 1.0015071 seconds
[2023-11-09T11:28:50.766+0000][1604.248s][info ][safepoint     ] Entering safepoint region: Cleanup
[2023-11-09T11:28:50.767+0000][1604.250s][info ][safepoint     ] Leaving safepoint region
[2023-11-09T11:28:50.768+0000][1604.250s][info ][safepoint     ] Total time for which application threads were stopped: 0.0019513 seconds, Stopping threads took: 0.0009373 seconds
[2023-11-09T11:28:51.769+0000][1605.251s][debug][safepoint     ] Safepoint synchronization initiated. (168 threads)
[2023-11-09T11:28:51.769+0000][1605.252s][info ][safepoint     ] Application time: 1.0010099 seconds
[2023-11-09T11:28:51.770+0000][1605.252s][info ][safepoint     ] Entering safepoint region: Cleanup
[2023-11-09T11:28:51.770+0000][1605.253s][info ][safepoint     ] Leaving safepoint region
[2023-11-09T11:28:51.770+0000][1605.253s][info ][safepoint     ] Total time for which application threads were stopped: 0.0008117 seconds, Stopping threads took: 0.0003786 seconds
[2023-11-09T11:28:52.771+0000][1606.254s][debug][safepoint     ] Safepoint synchronization initiated. (168 threads)
[2023-11-09T11:28:52.772+0000][1606.255s][info ][safepoint     ] Application time: 1.0013530 seconds
[2023-11-09T11:28:52.773+0000][1606.256s][info ][safepoint     ] Entering safepoint region: Cleanup
[2023-11-09T11:28:52.774+0000][1606.257s][info ][safepoint     ] Leaving safepoint region
[2023-11-09T11:28:52.775+0000][1606.257s][info ][safepoint     ] Total time for which application threads were stopped: 0.0016490 seconds, Stopping threads took: 0.0007505 seconds
[2023-11-09T11:28:53.775+0000][1607.258s][debug][safepoint     ] Safepoint synchronization initiated. (168 threads)
[2023-11-09T11:28:53.776+0000][1607.259s][info ][safepoint     ] Application time: 1.0013570 seconds
[2023-11-09T11:28:53.777+0000][1607.260s][info ][safepoint     ] Entering safepoint region: Cleanup
[2023-11-09T11:28:53.779+0000][1607.261s][info ][safepoint     ] Leaving safepoint region
[2023-11-09T11:28:53.780+0000][1607.262s][info ][safepoint     ] Total time for which application threads were stopped: 0.0022497 seconds, Stopping threads took: 0.0009795 seconds
[2023-11-09T11:28:54.780+0000][1608.263s][debug][safepoint     ] Safepoint synchronization initiated. (168 threads)
[2023-11-09T11:28:54.781+0000][1608.264s][info ][safepoint     ] Application time: 1.0008861 seconds
[2023-11-09T11:28:54.782+0000][1608.264s][info ][safepoint     ] Entering safepoint region: Cleanup
[2023-11-09T11:28:54.782+0000][1608.265s][info ][safepoint     ] Leaving safepoint region
[2023-11-09T11:28:54.783+0000][1608.266s][info ][safepoint     ] Total time for which application threads were stopped: 0.0011861 seconds, Stopping threads took: 0.0005427 seconds
[2023-11-09T11:28:55.784+0000][1609.266s][debug][safepoint     ] Safepoint synchronization initiated. (168 threads)
[2023-11-09T11:28:55.784+0000][1609.267s][info ][safepoint     ] Application time: 1.0009474 seconds
[2023-11-09T11:28:55.785+0000][1609.268s][info ][safepoint     ] Entering safepoint region: Cleanup
[2023-11-09T11:28:55.786+0000][1609.268s][info ][safepoint     ] Leaving safepoint region
[2023-11-09T11:28:55.786+0000][1609.269s][info ][safepoint     ] Total time for which application threads were stopped: 0.0012081 seconds, Stopping threads took: 0.0005646 seconds
[2023-11-09T11:28:56.787+0000][1610.270s][debug][safepoint     ] Safepoint synchronization initiated. (168 threads)
[2023-11-09T11:28:56.788+0000][1610.270s][info ][safepoint     ] Application time: 1.0010261 seconds
[2023-11-09T11:28:56.788+0000][1610.271s][info ][safepoint     ] Entering safepoint region: Cleanup
[2023-11-09T11:28:56.789+0000][1610.272s][info ][safepoint     ] Leaving safepoint region
[2023-11-09T11:28:56.789+0000][1610.272s][info ][safepoint     ] Total time for which application threads were stopped: 0.0012889 seconds, Stopping threads took: 0.0006242 seconds
[2023-11-09T11:28:57.790+0000][1611.273s][debug][safepoint     ] Safepoint synchronization initiated. (168 threads)
[2023-11-09T11:28:57.791+0000][1611.274s][info ][safepoint     ] Application time: 1.0010189 seconds
[2023-11-09T11:28:57.792+0000][1611.275s][info ][safepoint     ] Entering safepoint region: Cleanup
[2023-11-09T11:28:57.793+0000][1611.275s][info ][safepoint     ] Leaving safepoint region
[2023-11-09T11:28:57.793+0000][1611.276s][info ][safepoint     ] Total time for which application threads were stopped: 0.0013079 seconds, Stopping threads took: 0.0006500 seconds
[2023-11-09T11:28:58.794+0000][1612.276s][debug][safepoint     ] Safepoint synchronization initiated. (168 threads)
[2023-11-09T11:28:58.795+0000][1612.277s][info ][safepoint     ] Application time: 1.0011843 seconds
[2023-11-09T11:28:58.795+0000][1612.278s][info ][safepoint     ] Entering safepoint region: Cleanup
[2023-11-09T11:28:58.797+0000][1612.279s][info ][safepoint     ] Leaving safepoint region
[2023-11-09T11:28:58.797+0000][1612.280s][info ][safepoint     ] Total time for which application threads were stopped: 0.0017803 seconds, Stopping threads took: 0.0008024 seconds
[2023-11-09T11:28:59.798+0000][1613.281s][debug][safepoint     ] Safepoint synchronization initiated. (168 threads)
[2023-11-09T11:28:59.799+0000][1613.282s][info ][safepoint     ] Application time: 1.0010201 seconds
[2023-11-09T11:28:59.800+0000][1613.282s][info ][safepoint     ] Entering safepoint region: Cleanup
[2023-11-09T11:28:59.801+0000][1613.283s][info ][safepoint     ] Leaving safepoint region
[2023-11-09T11:28:59.801+0000][1613.284s][info ][safepoint     ] Total time for which application threads were stopped: 0.0017116 seconds, Stopping threads took: 0.0007873 seconds
[2023-11-09T11:29:00.802+0000][1614.284s][debug][safepoint     ] Safepoint synchronization initiated. (168 threads)
[2023-11-09T11:29:00.802+0000][1614.285s][info ][safepoint     ] Application time: 1.0009387 seconds
[2023-11-09T11:29:00.803+0000][1614.286s][info ][safepoint     ] Entering safepoint region: Cleanup
[2023-11-09T11:29:00.804+0000][1614.287s][info ][safepoint     ] Leaving safepoint region
[2023-11-09T11:29:00.804+0000][1614.287s][info ][safepoint     ] Total time for which application threads were stopped: 0.0011500 seconds, Stopping threads took: 0.0004636 seconds
[2023-11-09T11:29:01.805+0000][1615.288s][debug][safepoint     ] Safepoint synchronization initiated. (168 threads)
[2023-11-09T11:29:01.806+0000][1615.289s][info ][safepoint     ] Application time: 1.0010377 seconds
[2023-11-09T11:29:01.807+0000][1615.289s][info ][safepoint     ] Entering safepoint region: Cleanup
[2023-11-09T11:29:01.808+0000][1615.290s][info ][safepoint     ] Leaving safepoint region
[2023-11-09T11:29:01.808+0000][1615.291s][info ][safepoint     ] Total time for which application threads were stopped: 0.0017201 seconds, Stopping threads took: 0.0008625 seconds
[2023-11-09T11:29:02.809+0000][1616.292s][debug][safepoint     ] Safepoint synchronization initiated. (168 threads)
[2023-11-09T11:29:02.810+0000][1616.292s][info ][safepoint     ] Application time: 1.0008084 seconds
[2023-11-09T11:29:02.810+0000][1616.293s][info ][safepoint     ] Entering safepoint region: Cleanup
[2023-11-09T11:29:02.811+0000][1616.294s][info ][safepoint     ] Leaving safepoint region
[2023-11-09T11:29:02.811+0000][1616.294s][info ][safepoint     ] Total time for which application threads were stopped: 0.0010184 seconds, Stopping threads took: 0.0004503 seconds
[2023-11-09T11:29:03.812+0000][1617.295s][debug][safepoint     ] Safepoint synchronization initiated. (168 threads)
[2023-11-09T11:29:03.813+0000][1617.295s][info ][safepoint     ] Application time: 1.0009188 seconds
[2023-11-09T11:29:03.813+0000][1617.296s][info ][safepoint     ] Entering safepoint region: Cleanup
[2023-11-09T11:29:03.814+0000][1617.296s][info ][safepoint     ] Leaving safepoint region
[2023-11-09T11:29:03.814+0000][1617.297s][info ][safepoint     ] Total time for which application threads were stopped: 0.0011824 seconds, Stopping threads took: 0.0004124 seconds
[2023-11-09T11:29:04.815+0000][1618.298s][debug][safepoint     ] Safepoint synchronization initiated. (168 threads)
[2023-11-09T11:29:04.815+0000][1618.298s][info ][safepoint     ] Application time: 1.0007205 seconds
[2023-11-09T11:29:04.816+0000][1618.299s][info ][safepoint     ] Entering safepoint region: Cleanup
[2023-11-09T11:29:04.816+0000][1618.299s][info ][safepoint     ] Leaving safepoint region
[2023-11-09T11:29:04.817+0000][1618.300s][info ][safepoint     ] Total time for which application threads were stopped: 0.0010722 seconds, Stopping threads took: 0.0004332 seconds
[2023-11-09T11:29:05.818+0000][1619.300s][debug][safepoint     ] Safepoint synchronization initiated. (168 threads)
[2023-11-09T11:29:05.819+0000][1619.302s][info ][safepoint     ] Application time: 1.0019522 seconds
[2023-11-09T11:29:05.820+0000][1619.303s][info ][safepoint     ] Entering safepoint region: Cleanup
[2023-11-09T11:29:05.821+0000][1619.303s][info ][safepoint     ] Leaving safepoint region
[2023-11-09T11:29:05.821+0000][1619.304s][info ][safepoint     ] Total time for which application threads were stopped: 0.0012235 seconds, Stopping threads took: 0.0005420 seconds
[2023-11-09T11:29:06.822+0000][1620.304s][debug][safepoint     ] Safepoint synchronization initiated. (168 threads)
[2023-11-09T11:29:06.822+0000][1620.305s][info ][safepoint     ] Application time: 1.0006942 seconds
[2023-11-09T11:29:06.823+0000][1620.305s][info ][safepoint     ] Entering safepoint region: Cleanup
[2023-11-09T11:29:06.823+0000][1620.306s][info ][safepoint     ] Leaving safepoint region
[2023-11-09T11:29:06.824+0000][1620.306s][info ][safepoint     ] Total time for which application threads were stopped: 0.0009511 seconds, Stopping threads took: 0.0003949 seconds
[2023-11-09T11:29:07.824+0000][1621.307s][debug][safepoint     ] Safepoint synchronization initiated. (168 threads)
[2023-11-09T11:29:07.825+0000][1621.307s][info ][safepoint     ] Application time: 1.0007468 seconds
[2023-11-09T11:29:07.825+0000][1621.308s][info ][safepoint     ] Entering safepoint region: Cleanup
[2023-11-09T11:29:07.826+0000][1621.309s][info ][safepoint     ] Leaving safepoint region
[2023-11-09T11:29:07.826+0000][1621.309s][info ][safepoint     ] Total time for which application threads were stopped: 0.0011713 seconds, Stopping threads took: 0.0006371 seconds
[2023-11-09T11:29:08.827+0000][1622.309s][debug][safepoint     ] Safepoint synchronization initiated. (168 threads)
[2023-11-09T11:29:08.828+0000][1622.310s][info ][safepoint     ] Application time: 1.0007893 seconds
[2023-11-09T11:29:08.828+0000][1622.311s][info ][safepoint     ] Entering safepoint region: Cleanup
[2023-11-09T11:29:08.829+0000][1622.312s][info ][safepoint     ] Leaving safepoint region
[2023-11-09T11:29:08.830+0000][1622.312s][info ][safepoint     ] Total time for which application threads were stopped: 0.0018465 seconds, Stopping threads took: 0.0004217 seconds
[2023-11-09T11:29:09.831+0000][1623.313s][debug][safepoint     ] Safepoint synchronization initiated. (168 threads)
[2023-11-09T11:29:09.831+0000][1623.313s][info ][safepoint     ] Application time: 1.0005791 seconds
[2023-11-09T11:29:09.831+0000][1623.314s][info ][safepoint     ] Entering safepoint region: Cleanup
[2023-11-09T11:29:09.832+0000][1623.314s][info ][safepoint     ] Leaving safepoint region
[2023-11-09T11:29:09.832+0000][1623.314s][info ][safepoint     ] Total time for which application threads were stopped: 0.0007617 seconds, Stopping threads took: 0.0003227 seconds
[2023-11-09T11:29:10.833+0000][1624.315s][debug][safepoint     ] Safepoint synchronization initiated. (168 threads)
[2023-11-09T11:29:10.834+0000][1624.317s][info ][safepoint     ] Application time: 1.0016504 seconds
[2023-11-09T11:29:10.835+0000][1624.317s][info ][safepoint     ] Entering safepoint region: Cleanup
[2023-11-09T11:29:10.835+0000][1624.318s][info ][safepoint     ] Leaving safepoint region
[2023-11-09T11:29:10.836+0000][1624.318s][info ][safepoint     ] Total time for which application threads were stopped: 0.0009014 seconds, Stopping threads took: 0.0004063 seconds
[2023-11-09T11:29:11.836+0000][1625.319s][debug][safepoint     ] Safepoint synchronization initiated. (168 threads)
[2023-11-09T11:29:11.838+0000][1625.320s][info ][safepoint     ] Application time: 1.0013835 seconds
[2023-11-09T11:29:11.838+0000][1625.321s][debug][safepoint     ] Waiting for 1 thread(s) to block
[2023-11-09T11:29:11.839+0000][1625.322s][info ][safepoint     ] Entering safepoint region: Cleanup
[2023-11-09T11:29:11.840+0000][1625.323s][info ][safepoint     ] Leaving safepoint region
[2023-11-09T11:29:11.841+0000][1625.323s][info ][safepoint     ] Total time for which application threads were stopped: 0.0027457 seconds, Stopping threads took: 0.0017434 seconds
[2023-11-09T11:29:12.842+0000][1626.324s][debug][safepoint     ] Safepoint synchronization initiated. (168 threads)
[2023-11-09T11:29:12.843+0000][1626.325s][info ][safepoint     ] Application time: 1.0008222 seconds
[2023-11-09T11:29:12.843+0000][1626.326s][info ][safepoint     ] Entering safepoint region: Cleanup
[2023-11-09T11:29:12.844+0000][1626.326s][info ][safepoint     ] Leaving safepoint region
[2023-11-09T11:29:12.844+0000][1626.327s][info ][safepoint     ] Total time for which application threads were stopped: 0.0013187 seconds, Stopping threads took: 0.0006430 seconds
[2023-11-09T11:29:13.845+0000][1627.327s][debug][safepoint     ] Safepoint synchronization initiated. (168 threads)
[2023-11-09T11:29:13.845+0000][1627.328s][info ][safepoint     ] Application time: 1.0006325 seconds
[2023-11-09T11:29:13.846+0000][1627.328s][info ][safepoint     ] Entering safepoint region: Cleanup
[2023-11-09T11:29:13.846+0000][1627.329s][info ][safepoint     ] Leaving safepoint region
[2023-11-09T11:29:13.847+0000][1627.329s][info ][safepoint     ] Total time for which application threads were stopped: 0.0008458 seconds, Stopping threads took: 0.0003460 seconds
[2023-11-09T11:29:14.847+0000][1628.329s][debug][safepoint     ] Safepoint synchronization initiated. (168 threads)
[2023-11-09T11:29:14.848+0000][1628.331s][info ][safepoint     ] Application time: 1.0014520 seconds
[2023-11-09T11:29:14.850+0000][1628.332s][info ][safepoint     ] Entering safepoint region: Cleanup
[2023-11-09T11:29:14.850+0000][1628.333s][info ][safepoint     ] Leaving safepoint region
[2023-11-09T11:29:14.851+0000][1628.333s][info ][safepoint     ] Total time for which application threads were stopped: 0.0016924 seconds, Stopping threads took: 0.0007585 seconds
[2023-11-09T11:29:15.852+0000][1629.334s][debug][safepoint     ] Safepoint synchronization initiated. (168 threads)
[2023-11-09T11:29:15.852+0000][1629.335s][info ][safepoint     ] Application time: 1.0006051 seconds
[2023-11-09T11:29:15.853+0000][1629.335s][info ][safepoint     ] Entering safepoint region: Cleanup
[2023-11-09T11:29:15.853+0000][1629.336s][info ][safepoint     ] Leaving safepoint region
[2023-11-09T11:29:15.854+0000][1629.336s][info ][safepoint     ] Total time for which application threads were stopped: 0.0008557 seconds, Stopping threads took: 0.0003854 seconds
[2023-11-09T11:29:16.854+0000][1630.336s][debug][safepoint     ] Safepoint synchronization initiated. (168 threads)
[2023-11-09T11:29:16.855+0000][1630.337s][info ][safepoint     ] Application time: 1.0007024 seconds
[2023-11-09T11:29:16.855+0000][1630.337s][info ][safepoint     ] Entering safepoint region: Cleanup
[2023-11-09T11:29:16.855+0000][1630.338s][info ][safepoint     ] Leaving safepoint region
[2023-11-09T11:29:16.856+0000][1630.338s][info ][safepoint     ] Total time for which application threads were stopped: 0.0007402 seconds, Stopping threads took: 0.0002989 seconds
[2023-11-09T11:29:17.856+0000][1631.338s][debug][safepoint     ] Safepoint synchronization initiated. (168 threads)
[2023-11-09T11:29:17.857+0000][1631.339s][info ][safepoint     ] Application time: 1.0006384 seconds
[2023-11-09T11:29:17.857+0000][1631.339s][info ][safepoint     ] Entering safepoint region: Cleanup
[2023-11-09T11:29:17.857+0000][1631.340s][info ][safepoint     ] Leaving safepoint region
[2023-11-09T11:29:17.858+0000][1631.340s][info ][safepoint     ] Total time for which application threads were stopped: 0.0010540 seconds, Stopping threads took: 0.0002849 seconds
[2023-11-09T11:29:18.858+0000][1632.341s][debug][safepoint     ] Safepoint synchronization initiated. (168 threads)
[2023-11-09T11:29:18.859+0000][1632.341s][info ][safepoint     ] Application time: 1.0009081 seconds
[2023-11-09T11:29:18.860+0000][1632.342s][info ][safepoint     ] Entering safepoint region: Cleanup
[2023-11-09T11:29:18.861+0000][1632.343s][info ][safepoint     ] Leaving safepoint region
[2023-11-09T11:29:18.861+0000][1632.343s][info ][safepoint     ] Total time for which application threads were stopped: 0.0013170 seconds, Stopping threads took: 0.0005620 seconds
[2023-11-09T11:29:19.862+0000][1633.344s][debug][safepoint     ] Safepoint synchronization initiated. (168 threads)
[2023-11-09T11:29:19.863+0000][1633.345s][info ][safepoint     ] Application time: 1.0010886 seconds
[2023-11-09T11:29:19.863+0000][1633.346s][info ][safepoint     ] Entering safepoint region: Cleanup
[2023-11-09T11:29:19.864+0000][1633.347s][info ][safepoint     ] Leaving safepoint region
[2023-11-09T11:29:19.865+0000][1633.347s][info ][safepoint     ] Total time for which application threads were stopped: 0.0017137 seconds, Stopping threads took: 0.0007317 seconds
[2023-11-09T11:29:20.866+0000][1634.349s][debug][safepoint     ] Safepoint synchronization initiated. (168 threads)
[2023-11-09T11:29:20.867+0000][1634.349s][info ][safepoint     ] Application time: 1.0010594 seconds
[2023-11-09T11:29:20.868+0000][1634.350s][info ][safepoint     ] Entering safepoint region: Cleanup
[2023-11-09T11:29:20.869+0000][1634.351s][info ][safepoint     ] Leaving safepoint region
[2023-11-09T11:29:20.869+0000][1634.352s][info ][safepoint     ] Total time for which application threads were stopped: 0.0016752 seconds, Stopping threads took: 0.0006285 seconds
[2023-11-09T11:29:21.870+0000][1635.352s][debug][safepoint     ] Safepoint synchronization initiated. (168 threads)
[2023-11-09T11:29:21.870+0000][1635.353s][info ][safepoint     ] Application time: 1.0005298 seconds
[2023-11-09T11:29:21.871+0000][1635.353s][info ][safepoint     ] Entering safepoint region: Cleanup
[2023-11-09T11:29:21.871+0000][1635.353s][info ][safepoint     ] Leaving safepoint region
[2023-11-09T11:29:21.871+0000][1635.354s][info ][safepoint     ] Total time for which application threads were stopped: 0.0008920 seconds, Stopping threads took: 0.0003434 seconds
[2023-11-09T11:29:22.872+0000][1636.354s][debug][safepoint     ] Safepoint synchronization initiated. (168 threads)
[2023-11-09T11:29:22.872+0000][1636.355s][info ][safepoint     ] Application time: 1.0005241 seconds
[2023-11-09T11:29:22.872+0000][1636.355s][info ][safepoint     ] Entering safepoint region: Cleanup
[2023-11-09T11:29:22.873+0000][1636.355s][info ][safepoint     ] Leaving safepoint region
[2023-11-09T11:29:22.873+0000][1636.356s][info ][safepoint     ] Total time for which application threads were stopped: 0.0008618 seconds, Stopping threads took: 0.0003421 seconds
[2023-11-09T11:29:23.874+0000][1637.356s][debug][safepoint     ] Safepoint synchronization initiated. (168 threads)
[2023-11-09T11:29:23.875+0000][1637.357s][info ][safepoint     ] Application time: 1.0008958 seconds
[2023-11-09T11:29:23.875+0000][1637.358s][info ][safepoint     ] Entering safepoint region: Cleanup
[2023-11-09T11:29:23.876+0000][1637.359s][info ][safepoint     ] Leaving safepoint region
[2023-11-09T11:29:23.877+0000][1637.359s][info ][safepoint     ] Total time for which application threads were stopped: 0.0015842 seconds, Stopping threads took: 0.0007763 seconds
[2023-11-09T11:29:24.878+0000][1638.360s][debug][safepoint     ] Safepoint synchronization initiated. (168 threads)
[2023-11-09T11:29:24.878+0000][1638.360s][info ][safepoint     ] Application time: 1.0005401 seconds
[2023-11-09T11:29:24.878+0000][1638.361s][info ][safepoint     ] Entering safepoint region: Cleanup
[2023-11-09T11:29:24.879+0000][1638.361s][info ][safepoint     ] Leaving safepoint region
[2023-11-09T11:29:24.879+0000][1638.362s][info ][safepoint     ] Total time for which application threads were stopped: 0.0008357 seconds, Stopping threads took: 0.0003398 seconds
[2023-11-09T11:29:25.880+0000][1639.362s][debug][safepoint     ] Safepoint synchronization initiated. (168 threads)
[2023-11-09T11:29:25.880+0000][1639.363s][info ][safepoint     ] Application time: 1.0008033 seconds
[2023-11-09T11:29:25.881+0000][1639.363s][info ][safepoint     ] Entering safepoint region: Cleanup
[2023-11-09T11:29:25.881+0000][1639.364s][info ][safepoint     ] Leaving safepoint region
[2023-11-09T11:29:25.882+0000][1639.364s][info ][safepoint     ] Total time for which application threads were stopped: 0.0011366 seconds, Stopping threads took: 0.0004752 seconds
[2023-11-09T11:29:26.882+0000][1640.365s][debug][safepoint     ] Safepoint synchronization initiated. (168 threads)
[2023-11-09T11:29:26.883+0000][1640.366s][info ][safepoint     ] Application time: 1.0009039 seconds
[2023-11-09T11:29:26.884+0000][1640.366s][info ][safepoint     ] Entering safepoint region: Cleanup
[2023-11-09T11:29:26.884+0000][1640.367s][info ][safepoint     ] Leaving safepoint region
[2023-11-09T11:29:26.885+0000][1640.367s][info ][safepoint     ] Total time for which application threads were stopped: 0.0010877 seconds, Stopping threads took: 0.0005171 seconds
[2023-11-09T11:29:27.885+0000][1641.368s][debug][safepoint     ] Safepoint synchronization initiated. (168 threads)
[2023-11-09T11:29:27.886+0000][1641.368s][info ][safepoint     ] Application time: 1.0004742 seconds
[2023-11-09T11:29:27.886+0000][1641.368s][info ][safepoint     ] Entering safepoint region: Cleanup
[2023-11-09T11:29:27.886+0000][1641.369s][info ][safepoint     ] Leaving safepoint region
[2023-11-09T11:29:27.887+0000][1641.369s][info ][safepoint     ] Total time for which application threads were stopped: 0.0007324 seconds, Stopping threads took: 0.0003002 seconds
[2023-11-09T11:29:28.887+0000][1642.369s][debug][safepoint     ] Safepoint synchronization initiated. (168 threads)
[2023-11-09T11:29:28.888+0000][1642.370s][info ][safepoint     ] Application time: 1.0008186 seconds
[2023-11-09T11:29:28.888+0000][1642.371s][debug][safepoint     ] ... found polling page return exception at pc = 0x00007fb4f08e583e, stub =0x00007fb4e8840600
[2023-11-09T11:29:28.889+0000][1642.371s][debug][safepoint     ] Waiting for 1 thread(s) to block
[2023-11-09T11:29:28.889+0000][1642.372s][info ][safepoint     ] Entering safepoint region: Cleanup
[2023-11-09T11:29:28.890+0000][1642.372s][info ][safepoint     ] Leaving safepoint region
[2023-11-09T11:29:28.891+0000][1642.373s][info ][safepoint     ] Total time for which application threads were stopped: 0.0025238 seconds, Stopping threads took: 0.0016241 seconds
[2023-11-09T11:29:29.892+0000][1643.374s][debug][safepoint     ] Safepoint synchronization initiated. (168 threads)
[2023-11-09T11:29:29.892+0000][1643.374s][info ][safepoint     ] Application time: 1.0007164 seconds
[2023-11-09T11:29:29.892+0000][1643.375s][info ][safepoint     ] Entering safepoint region: Cleanup
[2023-11-09T11:29:29.893+0000][1643.375s][info ][safepoint     ] Leaving safepoint region
[2023-11-09T11:29:29.893+0000][1643.376s][info ][safepoint     ] Total time for which application threads were stopped: 0.0010946 seconds, Stopping threads took: 0.0004513 seconds
[2023-11-09T11:29:30.894+0000][1644.377s][debug][safepoint     ] Safepoint synchronization initiated. (168 threads)
[2023-11-09T11:29:30.895+0000][1644.377s][info ][safepoint     ] Application time: 1.0009916 seconds
[2023-11-09T11:29:30.895+0000][1644.378s][info ][safepoint     ] Entering safepoint region: Cleanup
[2023-11-09T11:29:30.896+0000][1644.379s][info ][safepoint     ] Leaving safepoint region
[2023-11-09T11:29:30.897+0000][1644.379s][info ][safepoint     ] Total time for which application threads were stopped: 0.0012265 seconds, Stopping threads took: 0.0005819 seconds
[2023-11-09T11:29:31.897+0000][1645.380s][debug][safepoint     ] Safepoint synchronization initiated. (168 threads)
[2023-11-09T11:29:31.898+0000][1645.380s][info ][safepoint     ] Application time: 1.0007214 seconds
[2023-11-09T11:29:31.898+0000][1645.381s][info ][safepoint     ] Entering safepoint region: Cleanup
[2023-11-09T11:29:31.899+0000][1645.381s][info ][safepoint     ] Leaving safepoint region
[2023-11-09T11:29:31.899+0000][1645.382s][info ][safepoint     ] Total time for which application threads were stopped: 0.0008067 seconds, Stopping threads took: 0.0003153 seconds
[2023-11-09T11:29:32.900+0000][1646.382s][debug][safepoint     ] Safepoint synchronization initiated. (168 threads)
[2023-11-09T11:29:32.900+0000][1646.382s][info ][safepoint     ] Application time: 1.0006004 seconds
[2023-11-09T11:29:32.901+0000][1646.383s][info ][safepoint     ] Entering safepoint region: Cleanup
[2023-11-09T11:29:32.901+0000][1646.384s][info ][safepoint     ] Leaving safepoint region
[2023-11-09T11:29:32.902+0000][1646.384s][info ][safepoint     ] Total time for which application threads were stopped: 0.0010665 seconds, Stopping threads took: 0.0004571 seconds
[2023-11-09T11:29:33.902+0000][1647.384s][debug][safepoint     ] Safepoint synchronization initiated. (168 threads)
[2023-11-09T11:29:33.903+0000][1647.385s][info ][safepoint     ] Application time: 1.0006509 seconds
[2023-11-09T11:29:33.903+0000][1647.385s][info ][safepoint     ] Entering safepoint region: Cleanup
[2023-11-09T11:29:33.904+0000][1647.386s][info ][safepoint     ] Leaving safepoint region
[2023-11-09T11:29:33.904+0000][1647.386s][info ][safepoint     ] Total time for which application threads were stopped: 0.0010737 seconds, Stopping threads took: 0.0004863 seconds
[2023-11-09T11:29:34.905+0000][1648.387s][debug][safepoint     ] Safepoint synchronization initiated. (168 threads)
[2023-11-09T11:29:34.906+0000][1648.388s][info ][safepoint     ] Application time: 1.0015102 seconds
[2023-11-09T11:29:34.907+0000][1648.390s][info ][safepoint     ] Entering safepoint region: Cleanup
[2023-11-09T11:29:34.909+0000][1648.391s][info ][safepoint     ] Leaving safepoint region
[2023-11-09T11:29:34.909+0000][1648.392s][info ][safepoint     ] Total time for which application threads were stopped: 0.0019688 seconds, Stopping threads took: 0.0008862 seconds
[2023-11-09T11:29:35.259+0000][1648.741s][debug][safepoint     ] Safepoint synchronization initiated. (168 threads)
[2023-11-09T11:29:35.259+0000][1648.741s][info ][safepoint     ] Application time: 0.3486398 seconds
[2023-11-09T11:29:35.259+0000][1648.742s][info ][safepoint     ] Entering safepoint region: G1CollectForAllocation
[2023-11-09T11:29:35.260+0000][1648.742s][info ][gc,start      ] GC(71) Pause Young (Normal) (G1 Evacuation Pause)
[2023-11-09T11:29:35.260+0000][1648.742s][info ][gc,task       ] GC(71) Using 8 workers of 8 for evacuation
[2023-11-09T11:29:35.269+0000][1648.751s][info ][gc,phases     ] GC(71)   Pre Evacuate Collection Set: 0.0ms
[2023-11-09T11:29:35.269+0000][1648.751s][info ][gc,phases     ] GC(71)   Evacuate Collection Set: 5.3ms
[2023-11-09T11:29:35.269+0000][1648.752s][info ][gc,phases     ] GC(71)   Post Evacuate Collection Set: 2.9ms
[2023-11-09T11:29:35.270+0000][1648.752s][info ][gc,phases     ] GC(71)   Other: 0.7ms
[2023-11-09T11:29:35.270+0000][1648.753s][info ][gc,heap       ] GC(71) Eden regions: 190->0(190)
[2023-11-09T11:29:35.271+0000][1648.753s][info ][gc,heap       ] GC(71) Survivor regions: 10->9(25)
[2023-11-09T11:29:35.271+0000][1648.753s][info ][gc,heap       ] GC(71) Old regions: 145->147
[2023-11-09T11:29:35.271+0000][1648.754s][info ][gc,heap       ] GC(71) Humongous regions: 0->0
[2023-11-09T11:29:35.272+0000][1648.754s][info ][gc,metaspace  ] GC(71) Metaspace: 159903K(165200K)->159903K(165200K) NonClass: 141259K(144592K)->141259K(144592K) Class: 18643K(20608K)->18643K(20608K)
[2023-11-09T11:29:35.272+0000][1648.755s][info ][gc            ] GC(71) Pause Young (Normal) (G1 Evacuation Pause) 342M->153M(395M) 12.683ms
[2023-11-09T11:29:35.273+0000][1648.755s][info ][gc,cpu        ] GC(71) User=0.06s Sys=0.00s Real=0.01s
[2023-11-09T11:29:35.273+0000][1648.756s][info ][safepoint     ] Leaving safepoint region
[2023-11-09T11:29:35.274+0000][1648.756s][info ][safepoint     ] Total time for which application threads were stopped: 0.0142846 seconds, Stopping threads took: 0.0003304 seconds
[2023-11-09T11:29:35.274+0000][1648.756s][info ][gc,stringdedup] Concurrent String Deduplication (1648.756s)
[2023-11-09T11:29:35.274+0000][1648.757s][info ][gc,stringdedup] Concurrent String Deduplication 2072.0B->784.0B(1288.0B) avg 54.3% (1648.756s, 1648.757s) 0.370ms
[2023-11-09T11:29:36.274+0000][1649.757s][debug][safepoint     ] Safepoint synchronization initiated. (168 threads)
[2023-11-09T11:29:36.275+0000][1649.757s][info ][safepoint     ] Application time: 1.0008547 seconds
[2023-11-09T11:29:36.275+0000][1649.758s][info ][safepoint     ] Entering safepoint region: Cleanup
[2023-11-09T11:29:36.276+0000][1649.759s][info ][safepoint     ] Leaving safepoint region
[2023-11-09T11:29:36.277+0000][1649.759s][info ][safepoint     ] Total time for which application threads were stopped: 0.0012226 seconds, Stopping threads took: 0.0005713 seconds
[2023-11-09T11:29:37.277+0000][1650.760s][debug][safepoint     ] Safepoint synchronization initiated. (168 threads)
[2023-11-09T11:29:37.278+0000][1650.760s][info ][safepoint     ] Application time: 1.0007851 seconds
[2023-11-09T11:29:37.279+0000][1650.761s][info ][safepoint     ] Entering safepoint region: Cleanup
[2023-11-09T11:29:37.279+0000][1650.762s][info ][safepoint     ] Leaving safepoint region
[2023-11-09T11:29:37.280+0000][1650.762s][info ][safepoint     ] Total time for which application threads were stopped: 0.0011580 seconds, Stopping threads took: 0.0005372 seconds
[2023-11-09T11:29:38.280+0000][1651.762s][debug][safepoint     ] Safepoint synchronization initiated. (168 threads)
[2023-11-09T11:29:38.281+0000][1651.763s][info ][safepoint     ] Application time: 1.0009141 seconds
[2023-11-09T11:29:38.281+0000][1651.764s][info ][safepoint     ] Entering safepoint region: Cleanup
[2023-11-09T11:29:38.282+0000][1651.765s][info ][safepoint     ] Leaving safepoint region
[2023-11-09T11:29:38.283+0000][1651.765s][info ][safepoint     ] Total time for which application threads were stopped: 0.0015348 seconds, Stopping threads took: 0.0006143 seconds
[2023-11-09T11:29:39.284+0000][1652.766s][debug][safepoint     ] Safepoint synchronization initiated. (168 threads)
[2023-11-09T11:29:39.285+0000][1652.767s][info ][safepoint     ] Application time: 1.0012697 seconds
[2023-11-09T11:29:39.286+0000][1652.768s][info ][safepoint     ] Entering safepoint region: Cleanup
[2023-11-09T11:29:39.287+0000][1652.769s][info ][safepoint     ] Leaving safepoint region
[2023-11-09T11:29:39.288+0000][1652.770s][info ][safepoint     ] Total time for which application threads were stopped: 0.0018405 seconds, Stopping threads took: 0.0008523 seconds
[2023-11-09T11:29:40.289+0000][1653.771s][debug][safepoint     ] Safepoint synchronization initiated. (168 threads)
[2023-11-09T11:29:40.289+0000][1653.771s][info ][safepoint     ] Application time: 1.0006718 seconds
[2023-11-09T11:29:40.290+0000][1653.772s][info ][safepoint     ] Entering safepoint region: Cleanup
[2023-11-09T11:29:40.290+0000][1653.772s][info ][safepoint     ] Leaving safepoint region
[2023-11-09T11:29:40.291+0000][1653.773s][info ][safepoint     ] Total time for which application threads were stopped: 0.0009907 seconds, Stopping threads took: 0.0004242 seconds
[2023-11-09T11:29:41.291+0000][1654.773s][debug][safepoint     ] Safepoint synchronization initiated. (168 threads)
[2023-11-09T11:29:41.292+0000][1654.774s][info ][safepoint     ] Application time: 1.0012289 seconds
[2023-11-09T11:29:41.293+0000][1654.775s][info ][safepoint     ] Entering safepoint region: Cleanup
[2023-11-09T11:29:41.294+0000][1654.776s][info ][safepoint     ] Leaving safepoint region
[2023-11-09T11:29:41.295+0000][1654.777s][info ][safepoint     ] Total time for which application threads were stopped: 0.0017576 seconds, Stopping threads took: 0.0007737 seconds
[2023-11-09T11:29:42.296+0000][1655.778s][debug][safepoint     ] Safepoint synchronization initiated. (168 threads)
[2023-11-09T11:29:42.297+0000][1655.779s][info ][safepoint     ] Application time: 1.0011690 seconds
[2023-11-09T11:29:42.297+0000][1655.780s][info ][safepoint     ] Entering safepoint region: Cleanup
[2023-11-09T11:29:42.298+0000][1655.780s][info ][safepoint     ] Leaving safepoint region
[2023-11-09T11:29:42.299+0000][1655.781s][info ][safepoint     ] Total time for which application threads were stopped: 0.0015263 seconds, Stopping threads took: 0.0006133 seconds
[2023-11-09T11:29:43.300+0000][1656.782s][debug][safepoint     ] Safepoint synchronization initiated. (168 threads)
[2023-11-09T11:29:43.301+0000][1656.783s][info ][safepoint     ] Application time: 1.0013845 seconds
[2023-11-09T11:29:43.302+0000][1656.784s][info ][safepoint     ] Entering safepoint region: Cleanup
[2023-11-09T11:29:43.303+0000][1656.785s][info ][safepoint     ] Leaving safepoint region
[2023-11-09T11:29:43.304+0000][1656.786s][info ][safepoint     ] Total time for which application threads were stopped: 0.0018798 seconds, Stopping threads took: 0.0009417 seconds
[2023-11-09T11:29:44.305+0000][1657.787s][debug][safepoint     ] Safepoint synchronization initiated. (168 threads)
[2023-11-09T11:29:44.305+0000][1657.788s][info ][safepoint     ] Application time: 1.0009311 seconds
[2023-11-09T11:29:44.306+0000][1657.789s][info ][safepoint     ] Entering safepoint region: Cleanup
[2023-11-09T11:29:44.307+0000][1657.789s][info ][safepoint     ] Leaving safepoint region
[2023-11-09T11:29:44.308+0000][1657.790s][info ][safepoint     ] Total time for which application threads were stopped: 0.0015024 seconds, Stopping threads took: 0.0007098 seconds
[2023-11-09T11:29:45.308+0000][1658.791s][debug][safepoint     ] Safepoint synchronization initiated. (168 threads)
[2023-11-09T11:29:45.309+0000][1658.791s][info ][safepoint     ] Application time: 1.0006209 seconds
[2023-11-09T11:29:45.309+0000][1658.792s][info ][safepoint     ] Entering safepoint region: Cleanup
[2023-11-09T11:29:45.310+0000][1658.792s][info ][safepoint     ] Leaving safepoint region
[2023-11-09T11:29:45.310+0000][1658.793s][info ][safepoint     ] Total time for which application threads were stopped: 0.0012735 seconds, Stopping threads took: 0.0004163 seconds
[2023-11-09T11:29:46.311+0000][1659.793s][debug][safepoint     ] Safepoint synchronization initiated. (168 threads)
[2023-11-09T11:29:46.311+0000][1659.794s][info ][safepoint     ] Application time: 1.0005298 seconds
[2023-11-09T11:29:46.312+0000][1659.794s][info ][safepoint     ] Entering safepoint region: Cleanup
[2023-11-09T11:29:46.312+0000][1659.794s][info ][safepoint     ] Leaving safepoint region
[2023-11-09T11:29:46.312+0000][1659.795s][info ][safepoint     ] Total time for which application threads were stopped: 0.0007127 seconds, Stopping threads took: 0.0002893 seconds
[2023-11-09T11:29:47.313+0000][1660.795s][debug][safepoint     ] Safepoint synchronization initiated. (168 threads)
[2023-11-09T11:29:47.313+0000][1660.795s][info ][safepoint     ] Application time: 1.0006776 seconds
[2023-11-09T11:29:47.314+0000][1660.796s][info ][safepoint     ] Entering safepoint region: Cleanup
[2023-11-09T11:29:47.314+0000][1660.797s][info ][safepoint     ] Leaving safepoint region
[2023-11-09T11:29:47.315+0000][1660.797s][info ][safepoint     ] Total time for which application threads were stopped: 0.0011083 seconds, Stopping threads took: 0.0004578 seconds
[2023-11-09T11:29:48.315+0000][1661.797s][debug][safepoint     ] Safepoint synchronization initiated. (168 threads)
[2023-11-09T11:29:48.316+0000][1661.798s][info ][safepoint     ] Application time: 1.0006620 seconds
[2023-11-09T11:29:48.316+0000][1661.798s][info ][safepoint     ] Entering safepoint region: Cleanup
[2023-11-09T11:29:48.316+0000][1661.799s][info ][safepoint     ] Leaving safepoint region
[2023-11-09T11:29:48.317+0000][1661.799s][info ][safepoint     ] Total time for which application threads were stopped: 0.0007282 seconds, Stopping threads took: 0.0003028 seconds
[2023-11-09T11:29:49.317+0000][1662.800s][debug][safepoint     ] Safepoint synchronization initiated. (168 threads)
[2023-11-09T11:29:49.318+0000][1662.800s][info ][safepoint     ] Application time: 1.0008954 seconds
[2023-11-09T11:29:49.319+0000][1662.801s][info ][safepoint     ] Entering safepoint region: Cleanup
[2023-11-09T11:29:49.320+0000][1662.802s][info ][safepoint     ] Leaving safepoint region
[2023-11-09T11:29:49.320+0000][1662.803s][info ][safepoint     ] Total time for which application threads were stopped: 0.0017012 seconds, Stopping threads took: 0.0007300 seconds
[2023-11-09T11:29:50.321+0000][1663.804s][debug][safepoint     ] Safepoint synchronization initiated. (168 threads)
[2023-11-09T11:29:50.322+0000][1663.804s][info ][safepoint     ] Application time: 1.0011077 seconds
[2023-11-09T11:29:50.323+0000][1663.805s][info ][safepoint     ] Entering safepoint region: Cleanup
[2023-11-09T11:29:50.324+0000][1663.806s][info ][safepoint     ] Leaving safepoint region
[2023-11-09T11:29:50.324+0000][1663.806s][info ][safepoint     ] Total time for which application threads were stopped: 0.0013238 seconds, Stopping threads took: 0.0005942 seconds
[2023-11-09T11:29:51.325+0000][1664.807s][debug][safepoint     ] Safepoint synchronization initiated. (168 threads)
[2023-11-09T11:29:51.325+0000][1664.807s][info ][safepoint     ] Application time: 1.0006194 seconds
[2023-11-09T11:29:51.326+0000][1664.808s][info ][safepoint     ] Entering safepoint region: Cleanup
[2023-11-09T11:29:51.326+0000][1664.808s][info ][safepoint     ] Leaving safepoint region
[2023-11-09T11:29:51.326+0000][1664.809s][info ][safepoint     ] Total time for which application threads were stopped: 0.0007796 seconds, Stopping threads took: 0.0003183 seconds
[2023-11-09T11:29:52.327+0000][1665.809s][debug][safepoint     ] Safepoint synchronization initiated. (168 threads)
[2023-11-09T11:29:52.327+0000][1665.809s][info ][safepoint     ] Application time: 1.0005565 seconds
[2023-11-09T11:29:52.328+0000][1665.810s][info ][safepoint     ] Entering safepoint region: Cleanup
[2023-11-09T11:29:52.328+0000][1665.810s][info ][safepoint     ] Leaving safepoint region
[2023-11-09T11:29:52.328+0000][1665.811s][info ][safepoint     ] Total time for which application threads were stopped: 0.0009574 seconds, Stopping threads took: 0.0003978 seconds
[2023-11-09T11:29:53.329+0000][1666.811s][debug][safepoint     ] Safepoint synchronization initiated. (168 threads)
[2023-11-09T11:29:53.330+0000][1666.812s][info ][safepoint     ] Application time: 1.0007436 seconds
[2023-11-09T11:29:53.330+0000][1666.812s][info ][safepoint     ] Entering safepoint region: Cleanup
[2023-11-09T11:29:53.331+0000][1666.813s][info ][safepoint     ] Leaving safepoint region
[2023-11-09T11:29:53.331+0000][1666.813s][info ][safepoint     ] Total time for which application threads were stopped: 0.0009899 seconds, Stopping threads took: 0.0003931 seconds
[2023-11-09T11:29:54.331+0000][1667.814s][debug][safepoint     ] Safepoint synchronization initiated. (168 threads)
[2023-11-09T11:29:54.333+0000][1667.815s][info ][safepoint     ] Application time: 1.0014375 seconds
[2023-11-09T11:29:54.333+0000][1667.816s][info ][safepoint     ] Entering safepoint region: Cleanup
[2023-11-09T11:29:54.334+0000][1667.816s][info ][safepoint     ] Leaving safepoint region
[2023-11-09T11:29:54.335+0000][1667.817s][info ][safepoint     ] Total time for which application threads were stopped: 0.0016480 seconds, Stopping threads took: 0.0004624 seconds
[2023-11-09T11:29:55.336+0000][1668.818s][debug][safepoint     ] Safepoint synchronization initiated. (168 threads)
[2023-11-09T11:29:55.337+0000][1668.819s][info ][safepoint     ] Application time: 1.0010217 seconds
[2023-11-09T11:29:55.338+0000][1668.820s][info ][safepoint     ] Entering safepoint region: Cleanup
[2023-11-09T11:29:55.338+0000][1668.820s][info ][safepoint     ] Leaving safepoint region
[2023-11-09T11:29:55.339+0000][1668.821s][info ][safepoint     ] Total time for which application threads were stopped: 0.0012194 seconds, Stopping threads took: 0.0004576 seconds
[2023-11-09T11:29:56.339+0000][1669.822s][debug][safepoint     ] Safepoint synchronization initiated. (168 threads)
[2023-11-09T11:29:56.341+0000][1669.823s][info ][safepoint     ] Application time: 1.0013418 seconds
[2023-11-09T11:29:56.341+0000][1669.824s][info ][safepoint     ] Entering safepoint region: Cleanup
[2023-11-09T11:29:56.342+0000][1669.825s][info ][safepoint     ] Leaving safepoint region
[2023-11-09T11:29:56.343+0000][1669.825s][info ][safepoint     ] Total time for which application threads were stopped: 0.0015335 seconds, Stopping threads took: 0.0007526 seconds
[2023-11-09T11:29:57.344+0000][1670.826s][debug][safepoint     ] Safepoint synchronization initiated. (168 threads)
[2023-11-09T11:29:57.344+0000][1670.827s][info ][safepoint     ] Application time: 1.0006943 seconds
[2023-11-09T11:29:57.345+0000][1670.827s][info ][safepoint     ] Entering safepoint region: Cleanup
[2023-11-09T11:29:57.345+0000][1670.827s][info ][safepoint     ] Leaving safepoint region
[2023-11-09T11:29:57.346+0000][1670.828s][info ][safepoint     ] Total time for which application threads were stopped: 0.0009078 seconds, Stopping threads took: 0.0003785 seconds
[2023-11-09T11:29:58.346+0000][1671.828s][debug][safepoint     ] Safepoint synchronization initiated. (168 threads)
[2023-11-09T11:29:58.346+0000][1671.829s][info ][safepoint     ] Application time: 1.0005230 seconds
[2023-11-09T11:29:58.347+0000][1671.829s][info ][safepoint     ] Entering safepoint region: Cleanup
[2023-11-09T11:29:58.347+0000][1671.829s][info ][safepoint     ] Leaving safepoint region
[2023-11-09T11:29:58.348+0000][1671.830s][info ][safepoint     ] Total time for which application threads were stopped: 0.0008529 seconds, Stopping threads took: 0.0003314 seconds
[2023-11-09T11:29:59.348+0000][1672.830s][debug][safepoint     ] Safepoint synchronization initiated. (168 threads)
[2023-11-09T11:29:59.349+0000][1672.831s][info ][safepoint     ] Application time: 1.0007833 seconds
[2023-11-09T11:29:59.349+0000][1672.831s][info ][safepoint     ] Entering safepoint region: Cleanup
[2023-11-09T11:29:59.350+0000][1672.832s][info ][safepoint     ] Leaving safepoint region
[2023-11-09T11:29:59.350+0000][1672.833s][info ][safepoint     ] Total time for which application threads were stopped: 0.0013496 seconds, Stopping threads took: 0.0005830 seconds
[2023-11-09T11:30:00.351+0000][1673.833s][debug][safepoint     ] Safepoint synchronization initiated. (168 threads)
[2023-11-09T11:30:00.352+0000][1673.834s][info ][safepoint     ] Application time: 1.0007859 seconds
[2023-11-09T11:30:00.352+0000][1673.835s][info ][safepoint     ] Entering safepoint region: Cleanup
[2023-11-09T11:30:00.353+0000][1673.835s][info ][safepoint     ] Leaving safepoint region
[2023-11-09T11:30:00.354+0000][1673.836s][info ][safepoint     ] Total time for which application threads were stopped: 0.0013389 seconds, Stopping threads took: 0.0006029 seconds
[2023-11-09T11:30:01.354+0000][1674.837s][debug][safepoint     ] Safepoint synchronization initiated. (168 threads)
[2023-11-09T11:30:01.355+0000][1674.837s][info ][safepoint     ] Application time: 1.0011590 seconds
[2023-11-09T11:30:01.356+0000][1674.838s][info ][safepoint     ] Entering safepoint region: Cleanup
[2023-11-09T11:30:01.357+0000][1674.839s][info ][safepoint     ] Leaving safepoint region
[2023-11-09T11:30:01.357+0000][1674.840s][info ][safepoint     ] Total time for which application threads were stopped: 0.0014801 seconds, Stopping threads took: 0.0006134 seconds
[2023-11-09T11:30:02.358+0000][1675.840s][debug][safepoint     ] Safepoint synchronization initiated. (168 threads)
[2023-11-09T11:30:02.358+0000][1675.841s][info ][safepoint     ] Application time: 1.0006457 seconds
[2023-11-09T11:30:02.359+0000][1675.841s][info ][safepoint     ] Entering safepoint region: Cleanup
[2023-11-09T11:30:02.359+0000][1675.842s][info ][safepoint     ] Leaving safepoint region
[2023-11-09T11:30:02.360+0000][1675.842s][info ][safepoint     ] Total time for which application threads were stopped: 0.0011268 seconds, Stopping threads took: 0.0004510 seconds
[2023-11-09T11:30:03.360+0000][1676.843s][debug][safepoint     ] Safepoint synchronization initiated. (168 threads)
[2023-11-09T11:30:03.361+0000][1676.843s][info ][safepoint     ] Application time: 1.0006511 seconds
[2023-11-09T11:30:03.361+0000][1676.844s][info ][safepoint     ] Entering safepoint region: Cleanup
[2023-11-09T11:30:03.362+0000][1676.844s][info ][safepoint     ] Leaving safepoint region
[2023-11-09T11:30:03.362+0000][1676.844s][info ][safepoint     ] Total time for which application threads were stopped: 0.0009075 seconds, Stopping threads took: 0.0003703 seconds
[2023-11-09T11:30:04.363+0000][1677.845s][debug][safepoint     ] Safepoint synchronization initiated. (168 threads)
[2023-11-09T11:30:04.363+0000][1677.845s][info ][safepoint     ] Application time: 1.0005685 seconds
[2023-11-09T11:30:04.363+0000][1677.846s][info ][safepoint     ] Entering safepoint region: Cleanup
[2023-11-09T11:30:04.364+0000][1677.846s][info ][safepoint     ] Leaving safepoint region
[2023-11-09T11:30:04.364+0000][1677.846s][info ][safepoint     ] Total time for which application threads were stopped: 0.0008033 seconds, Stopping threads took: 0.0003587 seconds
[2023-11-09T11:30:05.365+0000][1678.847s][debug][safepoint     ] Safepoint synchronization initiated. (168 threads)
[2023-11-09T11:30:05.366+0000][1678.848s][info ][safepoint     ] Application time: 1.0011865 seconds
[2023-11-09T11:30:05.366+0000][1678.849s][info ][safepoint     ] Entering safepoint region: Cleanup
[2023-11-09T11:30:05.367+0000][1678.850s][info ][safepoint     ] Leaving safepoint region
[2023-11-09T11:30:05.368+0000][1678.850s][info ][safepoint     ] Total time for which application threads were stopped: 0.0014947 seconds, Stopping threads took: 0.0006868 seconds
[2023-11-09T11:30:06.368+0000][1679.851s][debug][safepoint     ] Safepoint synchronization initiated. (168 threads)
[2023-11-09T11:30:06.369+0000][1679.851s][info ][safepoint     ] Application time: 1.0005154 seconds
[2023-11-09T11:30:06.369+0000][1679.851s][info ][safepoint     ] Entering safepoint region: Cleanup
[2023-11-09T11:30:06.370+0000][1679.852s][info ][safepoint     ] Leaving safepoint region
[2023-11-09T11:30:06.370+0000][1679.852s][info ][safepoint     ] Total time for which application threads were stopped: 0.0007477 seconds, Stopping threads took: 0.0003380 seconds
[2023-11-09T11:30:07.370+0000][1680.853s][debug][safepoint     ] Safepoint synchronization initiated. (168 threads)
[2023-11-09T11:30:07.371+0000][1680.854s][info ][safepoint     ] Application time: 1.0011754 seconds
[2023-11-09T11:30:07.372+0000][1680.854s][info ][safepoint     ] Entering safepoint region: Cleanup
[2023-11-09T11:30:07.373+0000][1680.855s][info ][safepoint     ] Leaving safepoint region
[2023-11-09T11:30:07.374+0000][1680.856s][info ][safepoint     ] Total time for which application threads were stopped: 0.0016694 seconds, Stopping threads took: 0.0007352 seconds
[2023-11-09T11:30:08.375+0000][1681.857s][debug][safepoint     ] Safepoint synchronization initiated. (168 threads)
[2023-11-09T11:30:08.377+0000][1681.859s][info ][safepoint     ] Application time: 1.0028379 seconds
[2023-11-09T11:30:08.382+0000][1681.864s][info ][safepoint     ] Entering safepoint region: Cleanup
[2023-11-09T11:30:08.383+0000][1681.865s][info ][safepoint     ] Leaving safepoint region
[2023-11-09T11:30:08.383+0000][1681.865s][info ][safepoint     ] Total time for which application threads were stopped: 0.0015684 seconds, Stopping threads took: 0.0007741 seconds
[2023-11-09T11:30:09.383+0000][1682.866s][debug][safepoint     ] Safepoint synchronization initiated. (168 threads)
[2023-11-09T11:30:09.384+0000][1682.867s][info ][safepoint     ] Application time: 1.0008771 seconds
[2023-11-09T11:30:09.384+0000][1682.868s][info ][safepoint     ] Entering safepoint region: Cleanup
[2023-11-09T11:30:09.385+0000][1682.868s][info ][safepoint     ] Leaving safepoint region
[2023-11-09T11:30:09.386+0000][1682.869s][info ][safepoint     ] Total time for which application threads were stopped: 0.0012291 seconds, Stopping threads took: 0.0005598 seconds
[2023-11-09T11:30:10.387+0000][1683.870s][debug][safepoint     ] Safepoint synchronization initiated. (168 threads)
[2023-11-09T11:30:10.387+0000][1683.871s][info ][safepoint     ] Application time: 1.0009973 seconds
[2023-11-09T11:30:10.388+0000][1683.871s][info ][safepoint     ] Entering safepoint region: Cleanup
[2023-11-09T11:30:10.389+0000][1683.872s][info ][safepoint     ] Leaving safepoint region
[2023-11-09T11:30:10.389+0000][1683.872s][info ][safepoint     ] Total time for which application threads were stopped: 0.0012468 seconds, Stopping threads took: 0.0005517 seconds
[2023-11-09T11:30:11.390+0000][1684.873s][debug][safepoint     ] Safepoint synchronization initiated. (168 threads)
[2023-11-09T11:30:11.391+0000][1684.874s][info ][safepoint     ] Application time: 1.0012967 seconds
[2023-11-09T11:30:11.392+0000][1684.875s][info ][safepoint     ] Entering safepoint region: Cleanup
[2023-11-09T11:30:11.392+0000][1684.876s][info ][safepoint     ] Leaving safepoint region
[2023-11-09T11:30:11.393+0000][1684.876s][info ][safepoint     ] Total time for which application threads were stopped: 0.0015413 seconds, Stopping threads took: 0.0006699 seconds
[2023-11-09T11:30:12.394+0000][1685.877s][debug][safepoint     ] Safepoint synchronization initiated. (168 threads)
[2023-11-09T11:30:12.395+0000][1685.878s][info ][safepoint     ] Application time: 1.0010114 seconds
[2023-11-09T11:30:12.395+0000][1685.879s][info ][safepoint     ] Entering safepoint region: Cleanup
[2023-11-09T11:30:12.396+0000][1685.879s][info ][safepoint     ] Leaving safepoint region
[2023-11-09T11:30:12.396+0000][1685.880s][info ][safepoint     ] Total time for which application threads were stopped: 0.0011810 seconds, Stopping threads took: 0.0004274 seconds
[2023-11-09T11:30:13.397+0000][1686.880s][debug][safepoint     ] Safepoint synchronization initiated. (168 threads)
[2023-11-09T11:30:13.398+0000][1686.881s][info ][safepoint     ] Application time: 1.0007491 seconds
[2023-11-09T11:30:13.398+0000][1686.882s][info ][safepoint     ] Entering safepoint region: Cleanup
[2023-11-09T11:30:13.399+0000][1686.882s][info ][safepoint     ] Leaving safepoint region
[2023-11-09T11:30:13.400+0000][1686.883s][info ][safepoint     ] Total time for which application threads were stopped: 0.0014003 seconds, Stopping threads took: 0.0005229 seconds
[2023-11-09T11:30:14.400+0000][1687.884s][debug][safepoint     ] Safepoint synchronization initiated. (168 threads)
[2023-11-09T11:30:14.401+0000][1687.884s][info ][safepoint     ] Application time: 1.0007434 seconds
[2023-11-09T11:30:14.402+0000][1687.885s][info ][safepoint     ] Entering safepoint region: Cleanup
[2023-11-09T11:30:14.402+0000][1687.886s][info ][safepoint     ] Leaving safepoint region
[2023-11-09T11:30:14.403+0000][1687.886s][info ][safepoint     ] Total time for which application threads were stopped: 0.0013909 seconds, Stopping threads took: 0.0005892 seconds
[2023-11-09T11:30:15.404+0000][1688.887s][debug][safepoint     ] Safepoint synchronization initiated. (168 threads)
[2023-11-09T11:30:15.404+0000][1688.887s][info ][safepoint     ] Application time: 1.0008500 seconds
[2023-11-09T11:30:15.405+0000][1688.888s][info ][safepoint     ] Entering safepoint region: Cleanup
[2023-11-09T11:30:15.405+0000][1688.889s][info ][safepoint     ] Leaving safepoint region
[2023-11-09T11:30:15.406+0000][1688.889s][info ][safepoint     ] Total time for which application threads were stopped: 0.0011947 seconds, Stopping threads took: 0.0004923 seconds
[2023-11-09T11:30:16.407+0000][1689.890s][debug][safepoint     ] Safepoint synchronization initiated. (168 threads)
[2023-11-09T11:30:16.408+0000][1689.891s][info ][safepoint     ] Application time: 1.0013448 seconds
[2023-11-09T11:30:16.409+0000][1689.892s][info ][safepoint     ] Entering safepoint region: Cleanup
[2023-11-09T11:30:16.410+0000][1689.893s][info ][safepoint     ] Leaving safepoint region
[2023-11-09T11:30:16.411+0000][1689.894s][info ][safepoint     ] Total time for which application threads were stopped: 0.0020005 seconds, Stopping threads took: 0.0009273 seconds
[2023-11-09T11:30:17.412+0000][1690.895s][debug][safepoint     ] Safepoint synchronization initiated. (168 threads)
[2023-11-09T11:30:17.412+0000][1690.896s][info ][safepoint     ] Application time: 1.0008221 seconds
[2023-11-09T11:30:17.413+0000][1690.896s][info ][safepoint     ] Entering safepoint region: Cleanup
[2023-11-09T11:30:17.414+0000][1690.897s][info ][safepoint     ] Leaving safepoint region
[2023-11-09T11:30:17.414+0000][1690.897s][info ][safepoint     ] Total time for which application threads were stopped: 0.0013741 seconds, Stopping threads took: 0.0005506 seconds
[2023-11-09T11:30:18.415+0000][1691.898s][debug][safepoint     ] Safepoint synchronization initiated. (168 threads)
[2023-11-09T11:30:18.416+0000][1691.900s][info ][safepoint     ] Application time: 1.0016389 seconds
[2023-11-09T11:30:18.417+0000][1691.900s][debug][safepoint     ] Waiting for 1 thread(s) to block
[2023-11-09T11:30:18.418+0000][1691.901s][info ][safepoint     ] Entering safepoint region: Cleanup
[2023-11-09T11:30:18.419+0000][1691.902s][info ][safepoint     ] Leaving safepoint region
[2023-11-09T11:30:18.419+0000][1691.903s][info ][safepoint     ] Total time for which application threads were stopped: 0.0023116 seconds, Stopping threads took: 0.0015196 seconds
[2023-11-09T11:30:19.420+0000][1692.903s][debug][safepoint     ] Safepoint synchronization initiated. (168 threads)
[2023-11-09T11:30:19.421+0000][1692.904s][info ][safepoint     ] Application time: 1.0012342 seconds
[2023-11-09T11:30:19.422+0000][1692.905s][info ][safepoint     ] Entering safepoint region: Cleanup
[2023-11-09T11:30:19.423+0000][1692.906s][info ][safepoint     ] Leaving safepoint region
[2023-11-09T11:30:19.424+0000][1692.907s][info ][safepoint     ] Total time for which application threads were stopped: 0.0018358 seconds, Stopping threads took: 0.0008657 seconds
[2023-11-09T11:30:20.425+0000][1693.908s][debug][safepoint     ] Safepoint synchronization initiated. (168 threads)
[2023-11-09T11:30:20.426+0000][1693.909s][info ][safepoint     ] Application time: 1.0013200 seconds
[2023-11-09T11:30:20.427+0000][1693.910s][info ][safepoint     ] Entering safepoint region: Cleanup
[2023-11-09T11:30:20.428+0000][1693.911s][info ][safepoint     ] Leaving safepoint region
[2023-11-09T11:30:20.429+0000][1693.912s][info ][safepoint     ] Total time for which application threads were stopped: 0.0020522 seconds, Stopping threads took: 0.0007604 seconds
[2023-11-09T11:30:21.430+0000][1694.913s][debug][safepoint     ] Safepoint synchronization initiated. (168 threads)
[2023-11-09T11:30:21.430+0000][1694.914s][info ][safepoint     ] Application time: 1.0010014 seconds
[2023-11-09T11:30:21.431+0000][1694.914s][debug][safepoint     ] ... found polling page return exception at pc = 0x00007fb4f0a0f376, stub =0x00007fb4e8840600
[2023-11-09T11:30:21.431+0000][1694.915s][debug][safepoint     ] ... found polling page return exception at pc = 0x00007fb4f0a0f376, stub =0x00007fb4e8840600
[2023-11-09T11:30:21.433+0000][1694.916s][debug][safepoint     ] Waiting for 2 thread(s) to block
[2023-11-09T11:30:21.433+0000][1694.917s][info ][safepoint     ] Entering safepoint region: Cleanup
[2023-11-09T11:30:21.434+0000][1694.917s][info ][safepoint     ] Leaving safepoint region
[2023-11-09T11:30:21.434+0000][1694.918s][info ][safepoint     ] Total time for which application threads were stopped: 0.0032750 seconds, Stopping threads took: 0.0026544 seconds
[2023-11-09T11:30:22.435+0000][1695.918s][debug][safepoint     ] Safepoint synchronization initiated. (168 threads)
[2023-11-09T11:30:22.436+0000][1695.919s][info ][safepoint     ] Application time: 1.0005596 seconds
[2023-11-09T11:30:22.436+0000][1695.919s][info ][safepoint     ] Entering safepoint region: Cleanup
[2023-11-09T11:30:22.436+0000][1695.920s][info ][safepoint     ] Leaving safepoint region
[2023-11-09T11:30:22.437+0000][1695.920s][info ][safepoint     ] Total time for which application threads were stopped: 0.0008832 seconds, Stopping threads took: 0.0003258 seconds
[2023-11-09T11:30:23.437+0000][1696.920s][debug][safepoint     ] Safepoint synchronization initiated. (168 threads)
[2023-11-09T11:30:23.438+0000][1696.921s][info ][safepoint     ] Application time: 1.0006928 seconds
[2023-11-09T11:30:23.438+0000][1696.922s][info ][safepoint     ] Entering safepoint region: Cleanup
[2023-11-09T11:30:23.439+0000][1696.922s][info ][safepoint     ] Leaving safepoint region
[2023-11-09T11:30:23.439+0000][1696.923s][info ][safepoint     ] Total time for which application threads were stopped: 0.0011723 seconds, Stopping threads took: 0.0005277 seconds
[2023-11-09T11:30:24.440+0000][1697.923s][debug][safepoint     ] Safepoint synchronization initiated. (168 threads)
[2023-11-09T11:30:24.441+0000][1697.924s][info ][safepoint     ] Application time: 1.0011710 seconds
[2023-11-09T11:30:24.442+0000][1697.925s][info ][safepoint     ] Entering safepoint region: Cleanup
[2023-11-09T11:30:24.443+0000][1697.926s][info ][safepoint     ] Leaving safepoint region
[2023-11-09T11:30:24.444+0000][1697.927s][info ][safepoint     ] Total time for which application threads were stopped: 0.0017133 seconds, Stopping threads took: 0.0008063 seconds
[2023-11-09T11:30:25.444+0000][1698.928s][debug][safepoint     ] Safepoint synchronization initiated. (168 threads)
[2023-11-09T11:30:25.445+0000][1698.928s][info ][safepoint     ] Application time: 1.0007504 seconds
[2023-11-09T11:30:25.445+0000][1698.929s][info ][safepoint     ] Entering safepoint region: Cleanup
[2023-11-09T11:30:25.446+0000][1698.929s][info ][safepoint     ] Leaving safepoint region
[2023-11-09T11:30:25.447+0000][1698.930s][info ][safepoint     ] Total time for which application threads were stopped: 0.0011841 seconds, Stopping threads took: 0.0005660 seconds
[2023-11-09T11:30:26.447+0000][1699.931s][debug][safepoint     ] Safepoint synchronization initiated. (168 threads)
[2023-11-09T11:30:26.448+0000][1699.932s][info ][safepoint     ] Application time: 1.0012555 seconds
[2023-11-09T11:30:26.449+0000][1699.932s][info ][safepoint     ] Entering safepoint region: Cleanup
[2023-11-09T11:30:26.450+0000][1699.934s][info ][safepoint     ] Leaving safepoint region
[2023-11-09T11:30:26.451+0000][1699.934s][info ][safepoint     ] Total time for which application threads were stopped: 0.0019514 seconds, Stopping threads took: 0.0008679 seconds
[2023-11-09T11:30:27.452+0000][1700.935s][debug][safepoint     ] Safepoint synchronization initiated. (168 threads)
[2023-11-09T11:30:27.453+0000][1700.936s][info ][safepoint     ] Application time: 1.0008551 seconds
[2023-11-09T11:30:27.453+0000][1700.936s][info ][safepoint     ] Entering safepoint region: Cleanup
[2023-11-09T11:30:27.454+0000][1700.937s][info ][safepoint     ] Leaving safepoint region
[2023-11-09T11:30:27.454+0000][1700.938s][info ][safepoint     ] Total time for which application threads were stopped: 0.0013604 seconds, Stopping threads took: 0.0005521 seconds
[2023-11-09T11:30:28.456+0000][1701.939s][debug][safepoint     ] Safepoint synchronization initiated. (168 threads)
[2023-11-09T11:30:28.457+0000][1701.940s][info ][safepoint     ] Application time: 1.0006721 seconds
[2023-11-09T11:30:28.457+0000][1701.940s][info ][safepoint     ] Entering safepoint region: Cleanup
[2023-11-09T11:30:28.458+0000][1701.941s][info ][safepoint     ] Leaving safepoint region
[2023-11-09T11:30:28.458+0000][1701.941s][info ][safepoint     ] Total time for which application threads were stopped: 0.0011520 seconds, Stopping threads took: 0.0005074 seconds
[2023-11-09T11:30:29.459+0000][1702.942s][debug][safepoint     ] Safepoint synchronization initiated. (168 threads)
[2023-11-09T11:30:29.460+0000][1702.943s][info ][safepoint     ] Application time: 1.0009907 seconds
[2023-11-09T11:30:29.460+0000][1702.944s][info ][safepoint     ] Entering safepoint region: Cleanup
[2023-11-09T11:30:29.461+0000][1702.944s][info ][safepoint     ] Leaving safepoint region
[2023-11-09T11:30:29.462+0000][1702.945s][info ][safepoint     ] Total time for which application threads were stopped: 0.0013926 seconds, Stopping threads took: 0.0005573 seconds
[2023-11-09T11:30:30.462+0000][1703.946s][debug][safepoint     ] Safepoint synchronization initiated. (168 threads)
[2023-11-09T11:30:30.463+0000][1703.947s][info ][safepoint     ] Application time: 1.0011234 seconds
[2023-11-09T11:30:30.464+0000][1703.948s][info ][safepoint     ] Entering safepoint region: Cleanup
[2023-11-09T11:30:30.465+0000][1703.949s][info ][safepoint     ] Leaving safepoint region
[2023-11-09T11:30:30.466+0000][1703.949s][info ][safepoint     ] Total time for which application threads were stopped: 0.0017108 seconds, Stopping threads took: 0.0007552 seconds
[2023-11-09T11:30:31.467+0000][1704.950s][debug][safepoint     ] Safepoint synchronization initiated. (168 threads)
[2023-11-09T11:30:31.468+0000][1704.951s][info ][safepoint     ] Application time: 1.0008582 seconds
[2023-11-09T11:30:31.468+0000][1704.951s][info ][safepoint     ] Entering safepoint region: Cleanup
[2023-11-09T11:30:31.469+0000][1704.952s][info ][safepoint     ] Leaving safepoint region
[2023-11-09T11:30:31.469+0000][1704.953s][info ][safepoint     ] Total time for which application threads were stopped: 0.0012744 seconds, Stopping threads took: 0.0006335 seconds
[2023-11-09T11:30:32.470+0000][1705.953s][debug][safepoint     ] Safepoint synchronization initiated. (168 threads)
[2023-11-09T11:30:32.471+0000][1705.954s][info ][safepoint     ] Application time: 1.0012434 seconds
[2023-11-09T11:30:32.472+0000][1705.955s][info ][safepoint     ] Entering safepoint region: Cleanup
[2023-11-09T11:30:32.473+0000][1705.956s][info ][safepoint     ] Leaving safepoint region
[2023-11-09T11:30:32.473+0000][1705.956s][info ][safepoint     ] Total time for which application threads were stopped: 0.0013482 seconds, Stopping threads took: 0.0006520 seconds
[2023-11-09T11:30:33.474+0000][1706.957s][debug][safepoint     ] Safepoint synchronization initiated. (168 threads)
[2023-11-09T11:30:33.476+0000][1706.960s][info ][safepoint     ] Application time: 1.0026318 seconds
[2023-11-09T11:30:33.477+0000][1706.960s][info ][safepoint     ] Entering safepoint region: Cleanup
[2023-11-09T11:30:33.478+0000][1706.961s][info ][safepoint     ] Leaving safepoint region
[2023-11-09T11:30:33.478+0000][1706.961s][info ][safepoint     ] Total time for which application threads were stopped: 0.0009934 seconds, Stopping threads took: 0.0004450 seconds
[2023-11-09T11:30:34.479+0000][1707.962s][debug][safepoint     ] Safepoint synchronization initiated. (168 threads)
[2023-11-09T11:30:34.480+0000][1707.963s][info ][safepoint     ] Application time: 1.0011275 seconds
[2023-11-09T11:30:34.480+0000][1707.963s][info ][safepoint     ] Entering safepoint region: Cleanup
[2023-11-09T11:30:34.481+0000][1707.964s][info ][safepoint     ] Leaving safepoint region
[2023-11-09T11:30:34.481+0000][1707.965s][info ][safepoint     ] Total time for which application threads were stopped: 0.0012485 seconds, Stopping threads took: 0.0005612 seconds
[2023-11-09T11:30:35.482+0000][1708.965s][debug][safepoint     ] Safepoint synchronization initiated. (168 threads)
[2023-11-09T11:30:35.483+0000][1708.966s][info ][safepoint     ] Application time: 1.0009182 seconds
[2023-11-09T11:30:35.483+0000][1708.967s][info ][safepoint     ] Entering safepoint region: Cleanup
[2023-11-09T11:30:35.484+0000][1708.968s][info ][safepoint     ] Leaving safepoint region
[2023-11-09T11:30:35.485+0000][1708.968s][info ][safepoint     ] Total time for which application threads were stopped: 0.0016526 seconds, Stopping threads took: 0.0007456 seconds
[2023-11-09T11:30:36.486+0000][1709.969s][debug][safepoint     ] Safepoint synchronization initiated. (168 threads)
[2023-11-09T11:30:36.487+0000][1709.970s][info ][safepoint     ] Application time: 1.0012083 seconds
[2023-11-09T11:30:36.488+0000][1709.971s][info ][safepoint     ] Entering safepoint region: Cleanup
[2023-11-09T11:30:36.489+0000][1709.972s][info ][safepoint     ] Leaving safepoint region
[2023-11-09T11:30:36.490+0000][1709.973s][info ][safepoint     ] Total time for which application threads were stopped: 0.0020069 seconds, Stopping threads took: 0.0008976 seconds
[2023-11-09T11:30:37.491+0000][1710.974s][debug][safepoint     ] Safepoint synchronization initiated. (168 threads)
[2023-11-09T11:30:37.491+0000][1710.975s][info ][safepoint     ] Application time: 1.0011376 seconds
[2023-11-09T11:30:37.492+0000][1710.975s][info ][safepoint     ] Entering safepoint region: Cleanup
[2023-11-09T11:30:37.493+0000][1710.976s][info ][safepoint     ] Leaving safepoint region
[2023-11-09T11:30:37.493+0000][1710.976s][info ][safepoint     ] Total time for which application threads were stopped: 0.0012385 seconds, Stopping threads took: 0.0006138 seconds
[2023-11-09T11:30:38.494+0000][1711.977s][debug][safepoint     ] Safepoint synchronization initiated. (168 threads)
[2023-11-09T11:30:38.494+0000][1711.978s][info ][safepoint     ] Application time: 1.0008037 seconds
[2023-11-09T11:30:38.495+0000][1711.978s][info ][safepoint     ] Entering safepoint region: Cleanup
[2023-11-09T11:30:38.496+0000][1711.979s][info ][safepoint     ] Leaving safepoint region
[2023-11-09T11:30:38.496+0000][1711.979s][info ][safepoint     ] Total time for which application threads were stopped: 0.0012048 seconds, Stopping threads took: 0.0005195 seconds
[2023-11-09T11:30:39.498+0000][1712.980s][debug][safepoint     ] Safepoint synchronization initiated. (168 threads)
[2023-11-09T11:30:39.498+0000][1712.981s][info ][safepoint     ] Application time: 1.0009133 seconds
[2023-11-09T11:30:39.499+0000][1712.982s][info ][safepoint     ] Entering safepoint region: Cleanup
[2023-11-09T11:30:39.500+0000][1712.982s][info ][safepoint     ] Leaving safepoint region
[2023-11-09T11:30:39.500+0000][1712.983s][info ][safepoint     ] Total time for which application threads were stopped: 0.0013363 seconds, Stopping threads took: 0.0005993 seconds
[2023-11-09T11:30:40.501+0000][1713.984s][debug][safepoint     ] Safepoint synchronization initiated. (168 threads)
[2023-11-09T11:30:40.502+0000][1713.984s][info ][safepoint     ] Application time: 1.0010116 seconds
[2023-11-09T11:30:40.503+0000][1713.985s][info ][safepoint     ] Entering safepoint region: Cleanup
[2023-11-09T11:30:40.504+0000][1713.986s][info ][safepoint     ] Leaving safepoint region
[2023-11-09T11:30:40.504+0000][1713.987s][info ][safepoint     ] Total time for which application threads were stopped: 0.0014121 seconds, Stopping threads took: 0.0006215 seconds
[2023-11-09T11:30:41.505+0000][1714.987s][debug][safepoint     ] Safepoint synchronization initiated. (168 threads)
[2023-11-09T11:30:41.506+0000][1714.988s][info ][safepoint     ] Application time: 1.0009098 seconds
[2023-11-09T11:30:41.506+0000][1714.989s][info ][safepoint     ] Entering safepoint region: Cleanup
[2023-11-09T11:30:41.507+0000][1714.989s][info ][safepoint     ] Leaving safepoint region
[2023-11-09T11:30:41.507+0000][1714.990s][info ][safepoint     ] Total time for which application threads were stopped: 0.0012421 seconds, Stopping threads took: 0.0005489 seconds
[2023-11-09T11:30:42.508+0000][1715.991s][debug][safepoint     ] Safepoint synchronization initiated. (168 threads)
[2023-11-09T11:30:42.509+0000][1715.991s][info ][safepoint     ] Application time: 1.0008967 seconds
[2023-11-09T11:30:42.509+0000][1715.992s][info ][safepoint     ] Entering safepoint region: Cleanup
[2023-11-09T11:30:42.510+0000][1715.993s][info ][safepoint     ] Leaving safepoint region
[2023-11-09T11:30:42.511+0000][1715.993s][info ][safepoint     ] Total time for which application threads were stopped: 0.0012116 seconds, Stopping threads took: 0.0005414 seconds
[2023-11-09T11:30:43.511+0000][1716.994s][debug][safepoint     ] Safepoint synchronization initiated. (168 threads)
[2023-11-09T11:30:43.512+0000][1716.994s][info ][safepoint     ] Application time: 1.0007899 seconds
[2023-11-09T11:30:43.512+0000][1716.995s][info ][safepoint     ] Entering safepoint region: Cleanup
[2023-11-09T11:30:43.513+0000][1716.996s][info ][safepoint     ] Leaving safepoint region
[2023-11-09T11:30:43.514+0000][1716.996s][info ][safepoint     ] Total time for which application threads were stopped: 0.0011751 seconds, Stopping threads took: 0.0004874 seconds
[2023-11-09T11:30:44.514+0000][1717.997s][debug][safepoint     ] Safepoint synchronization initiated. (168 threads)
[2023-11-09T11:30:44.515+0000][1717.998s][info ][safepoint     ] Application time: 1.0013090 seconds
[2023-11-09T11:30:44.516+0000][1717.999s][info ][safepoint     ] Entering safepoint region: Cleanup
[2023-11-09T11:30:44.517+0000][1718.000s][info ][safepoint     ] Leaving safepoint region
[2023-11-09T11:30:44.518+0000][1718.000s][info ][safepoint     ] Total time for which application threads were stopped: 0.0018568 seconds, Stopping threads took: 0.0008014 seconds
[2023-11-09T11:30:45.519+0000][1719.001s][debug][safepoint     ] Safepoint synchronization initiated. (168 threads)
[2023-11-09T11:30:45.519+0000][1719.002s][info ][safepoint     ] Application time: 1.0008910 seconds
[2023-11-09T11:30:45.520+0000][1719.002s][info ][safepoint     ] Entering safepoint region: Cleanup
[2023-11-09T11:30:45.521+0000][1719.003s][info ][safepoint     ] Leaving safepoint region
[2023-11-09T11:30:45.521+0000][1719.004s][info ][safepoint     ] Total time for which application threads were stopped: 0.0011909 seconds, Stopping threads took: 0.0004703 seconds
[2023-11-09T11:30:46.522+0000][1720.004s][debug][safepoint     ] Safepoint synchronization initiated. (168 threads)
[2023-11-09T11:30:46.522+0000][1720.005s][info ][safepoint     ] Application time: 1.0006290 seconds
[2023-11-09T11:30:46.523+0000][1720.005s][info ][safepoint     ] Entering safepoint region: Cleanup
[2023-11-09T11:30:46.523+0000][1720.006s][info ][safepoint     ] Leaving safepoint region
[2023-11-09T11:30:46.523+0000][1720.006s][info ][safepoint     ] Total time for which application threads were stopped: 0.0008908 seconds, Stopping threads took: 0.0003910 seconds
[2023-11-09T11:30:47.524+0000][1721.006s][debug][safepoint     ] Safepoint synchronization initiated. (168 threads)
[2023-11-09T11:30:47.525+0000][1721.007s][info ][safepoint     ] Application time: 1.0008278 seconds
[2023-11-09T11:30:47.525+0000][1721.008s][info ][safepoint     ] Entering safepoint region: Cleanup
[2023-11-09T11:30:47.526+0000][1721.008s][info ][safepoint     ] Leaving safepoint region
[2023-11-09T11:30:47.526+0000][1721.009s][info ][safepoint     ] Total time for which application threads were stopped: 0.0013195 seconds, Stopping threads took: 0.0005553 seconds
[2023-11-09T11:30:48.527+0000][1722.009s][debug][safepoint     ] Safepoint synchronization initiated. (168 threads)
[2023-11-09T11:30:48.528+0000][1722.010s][info ][safepoint     ] Application time: 1.0008644 seconds
[2023-11-09T11:30:48.528+0000][1722.011s][info ][safepoint     ] Entering safepoint region: Cleanup
[2023-11-09T11:30:48.529+0000][1722.012s][info ][safepoint     ] Leaving safepoint region
[2023-11-09T11:30:48.530+0000][1722.012s][info ][safepoint     ] Total time for which application threads were stopped: 0.0013507 seconds, Stopping threads took: 0.0005687 seconds
[2023-11-09T11:30:49.530+0000][1723.013s][debug][safepoint     ] Safepoint synchronization initiated. (168 threads)
[2023-11-09T11:30:49.531+0000][1723.014s][info ][safepoint     ] Application time: 1.0011507 seconds
[2023-11-09T11:30:49.532+0000][1723.015s][debug][safepoint     ] ... found polling page return exception at pc = 0x00007fb4f0b9cc44, stub =0x00007fb4e8840600
[2023-11-09T11:30:49.532+0000][1723.015s][debug][safepoint     ] ... found polling page return exception at pc = 0x00007fb4f0b9cc44, stub =0x00007fb4e8840600
[2023-11-09T11:30:49.532+0000][1723.015s][debug][safepoint     ] ... found polling page return exception at pc = 0x00007fb4f0b9cc44, stub =0x00007fb4e8840600
[2023-11-09T11:30:49.532+0000][1723.015s][debug][safepoint     ] ... found polling page return exception at pc = 0x00007fb4f0b9cc44, stub =0x00007fb4e8840600
[2023-11-09T11:30:49.532+0000][1723.015s][debug][safepoint     ] ... found polling page return exception at pc = 0x00007fb4f0b9cc44, stub =0x00007fb4e8840600
[2023-11-09T11:30:49.534+0000][1723.017s][debug][safepoint     ] Waiting for 5 thread(s) to block
[2023-11-09T11:30:49.535+0000][1723.018s][info ][safepoint     ] Entering safepoint region: Cleanup
[2023-11-09T11:30:49.536+0000][1723.018s][info ][safepoint     ] Leaving safepoint region
[2023-11-09T11:30:49.536+0000][1723.018s][info ][safepoint     ] Total time for which application threads were stopped: 0.0037321 seconds, Stopping threads took: 0.0033070 seconds
[2023-11-09T11:30:50.536+0000][1724.019s][debug][safepoint     ] Safepoint synchronization initiated. (168 threads)
[2023-11-09T11:30:50.537+0000][1724.019s][info ][safepoint     ] Application time: 1.0007916 seconds
[2023-11-09T11:30:50.537+0000][1724.020s][info ][safepoint     ] Entering safepoint region: Cleanup
[2023-11-09T11:30:50.538+0000][1724.020s][info ][safepoint     ] Leaving safepoint region
[2023-11-09T11:30:50.538+0000][1724.021s][info ][safepoint     ] Total time for which application threads were stopped: 0.0008514 seconds, Stopping threads took: 0.0003358 seconds
[2023-11-09T11:30:51.539+0000][1725.021s][debug][safepoint     ] Safepoint synchronization initiated. (168 threads)
[2023-11-09T11:30:51.540+0000][1725.022s][info ][safepoint     ] Application time: 1.0009998 seconds
[2023-11-09T11:30:51.540+0000][1725.023s][info ][safepoint     ] Entering safepoint region: Cleanup
[2023-11-09T11:30:51.541+0000][1725.023s][info ][safepoint     ] Leaving safepoint region
[2023-11-09T11:30:51.541+0000][1725.024s][info ][safepoint     ] Total time for which application threads were stopped: 0.0011607 seconds, Stopping threads took: 0.0004874 seconds
[2023-11-09T11:30:52.542+0000][1726.025s][debug][safepoint     ] Safepoint synchronization initiated. (168 threads)
[2023-11-09T11:30:52.543+0000][1726.025s][info ][safepoint     ] Application time: 1.0008241 seconds
[2023-11-09T11:30:52.543+0000][1726.026s][info ][safepoint     ] Entering safepoint region: Cleanup
[2023-11-09T11:30:52.544+0000][1726.026s][info ][safepoint     ] Leaving safepoint region
[2023-11-09T11:30:52.544+0000][1726.027s][info ][safepoint     ] Total time for which application threads were stopped: 0.0012195 seconds, Stopping threads took: 0.0004726 seconds
[2023-11-09T11:30:53.545+0000][1727.028s][debug][safepoint     ] Safepoint synchronization initiated. (168 threads)
[2023-11-09T11:30:53.546+0000][1727.028s][info ][safepoint     ] Application time: 1.0009634 seconds
[2023-11-09T11:30:53.546+0000][1727.029s][info ][safepoint     ] Entering safepoint region: Cleanup
[2023-11-09T11:30:53.547+0000][1727.030s][info ][safepoint     ] Leaving safepoint region
[2023-11-09T11:30:53.548+0000][1727.030s][info ][safepoint     ] Total time for which application threads were stopped: 0.0014010 seconds, Stopping threads took: 0.0005783 seconds
[2023-11-09T11:30:54.548+0000][1728.031s][debug][safepoint     ] Safepoint synchronization initiated. (168 threads)
[2023-11-09T11:30:54.549+0000][1728.031s][info ][safepoint     ] Application time: 1.0006191 seconds
[2023-11-09T11:30:54.549+0000][1728.032s][debug][safepoint     ] ... found polling page return exception at pc = 0x00007fb4f0b9cc44, stub =0x00007fb4e8840600
[2023-11-09T11:30:54.549+0000][1728.032s][debug][safepoint     ] ... found polling page return exception at pc = 0x00007fb4f0b9cc44, stub =0x00007fb4e8840600
[2023-11-09T11:30:54.549+0000][1728.032s][debug][safepoint     ] ... found polling page return exception at pc = 0x00007fb4f0b9cc44, stub =0x00007fb4e8840600
[2023-11-09T11:30:54.549+0000][1728.032s][debug][safepoint     ] ... found polling page return exception at pc = 0x00007fb4f0b9cc44, stub =0x00007fb4e8840600
[2023-11-09T11:30:54.549+0000][1728.032s][debug][safepoint     ] ... found polling page return exception at pc = 0x00007fb4f0b9cc44, stub =0x00007fb4e8840600
[2023-11-09T11:30:54.552+0000][1728.034s][debug][safepoint     ] Waiting for 5 thread(s) to block
[2023-11-09T11:30:54.552+0000][1728.035s][info ][safepoint     ] Entering safepoint region: Cleanup
[2023-11-09T11:30:54.553+0000][1728.035s][info ][safepoint     ] Leaving safepoint region
[2023-11-09T11:30:54.553+0000][1728.036s][info ][safepoint     ] Total time for which application threads were stopped: 0.0042130 seconds, Stopping threads took: 0.0035383 seconds
[2023-11-09T11:30:55.554+0000][1729.036s][debug][safepoint     ] Safepoint synchronization initiated. (168 threads)
[2023-11-09T11:30:55.555+0000][1729.037s][info ][safepoint     ] Application time: 1.0008550 seconds
[2023-11-09T11:30:55.555+0000][1729.038s][info ][safepoint     ] Entering safepoint region: Cleanup
[2023-11-09T11:30:55.556+0000][1729.038s][info ][safepoint     ] Leaving safepoint region
[2023-11-09T11:30:55.556+0000][1729.039s][info ][safepoint     ] Total time for which application threads were stopped: 0.0013257 seconds, Stopping threads took: 0.0005597 seconds
[2023-11-09T11:30:56.557+0000][1730.040s][debug][safepoint     ] Safepoint synchronization initiated. (168 threads)
[2023-11-09T11:30:56.558+0000][1730.040s][info ][safepoint     ] Application time: 1.0007730 seconds
[2023-11-09T11:30:56.558+0000][1730.041s][info ][safepoint     ] Entering safepoint region: Cleanup
[2023-11-09T11:30:56.559+0000][1730.042s][info ][safepoint     ] Leaving safepoint region
[2023-11-09T11:30:56.560+0000][1730.042s][info ][safepoint     ] Total time for which application threads were stopped: 0.0014041 seconds, Stopping threads took: 0.0006151 seconds
[2023-11-09T11:30:57.560+0000][1731.043s][debug][safepoint     ] Safepoint synchronization initiated. (168 threads)
[2023-11-09T11:30:57.561+0000][1731.044s][info ][safepoint     ] Application time: 1.0009565 seconds
[2023-11-09T11:30:57.562+0000][1731.044s][info ][safepoint     ] Entering safepoint region: Cleanup
[2023-11-09T11:30:57.562+0000][1731.044s][info ][safepoint     ] Leaving safepoint region
[2023-11-09T11:30:57.562+0000][1731.045s][info ][safepoint     ] Total time for which application threads were stopped: 0.0009002 seconds, Stopping threads took: 0.0003073 seconds
[2023-11-09T11:30:58.563+0000][1732.045s][debug][safepoint     ] Safepoint synchronization initiated. (168 threads)
[2023-11-09T11:30:58.563+0000][1732.046s][info ][safepoint     ] Application time: 1.0008120 seconds
[2023-11-09T11:30:58.564+0000][1732.047s][info ][safepoint     ] Entering safepoint region: Cleanup
[2023-11-09T11:30:58.565+0000][1732.047s][info ][safepoint     ] Leaving safepoint region
[2023-11-09T11:30:58.565+0000][1732.048s][info ][safepoint     ] Total time for which application threads were stopped: 0.0012713 seconds, Stopping threads took: 0.0005319 seconds
[2023-11-09T11:30:59.566+0000][1733.048s][debug][safepoint     ] Safepoint synchronization initiated. (168 threads)
[2023-11-09T11:30:59.567+0000][1733.049s][info ][safepoint     ] Application time: 1.0012452 seconds
[2023-11-09T11:30:59.568+0000][1733.050s][info ][safepoint     ] Entering safepoint region: Cleanup
[2023-11-09T11:30:59.569+0000][1733.051s][info ][safepoint     ] Leaving safepoint region
[2023-11-09T11:30:59.569+0000][1733.052s][info ][safepoint     ] Total time for which application threads were stopped: 0.0013269 seconds, Stopping threads took: 0.0006143 seconds
[2023-11-09T11:31:00.570+0000][1734.052s][debug][safepoint     ] Safepoint synchronization initiated. (168 threads)
[2023-11-09T11:31:00.571+0000][1734.054s][info ][safepoint     ] Application time: 1.0015841 seconds
[2023-11-09T11:31:00.572+0000][1734.055s][info ][safepoint     ] Entering safepoint region: Cleanup
[2023-11-09T11:31:00.573+0000][1734.056s][info ][safepoint     ] Leaving safepoint region
[2023-11-09T11:31:00.574+0000][1734.057s][info ][safepoint     ] Total time for which application threads were stopped: 0.0019258 seconds, Stopping threads took: 0.0009579 seconds
[2023-11-09T11:31:01.575+0000][1735.058s][debug][safepoint     ] Safepoint synchronization initiated. (168 threads)
[2023-11-09T11:31:01.576+0000][1735.059s][info ][safepoint     ] Application time: 1.0011753 seconds
[2023-11-09T11:31:01.576+0000][1735.059s][info ][safepoint     ] Entering safepoint region: Cleanup
[2023-11-09T11:31:01.577+0000][1735.060s][info ][safepoint     ] Leaving safepoint region
[2023-11-09T11:31:01.578+0000][1735.060s][info ][safepoint     ] Total time for which application threads were stopped: 0.0015485 seconds, Stopping threads took: 0.0003405 seconds
[2023-11-09T11:31:02.579+0000][1736.061s][debug][safepoint     ] Safepoint synchronization initiated. (168 threads)
[2023-11-09T11:31:02.580+0000][1736.062s][info ][safepoint     ] Application time: 1.0014120 seconds
[2023-11-09T11:31:02.581+0000][1736.063s][info ][safepoint     ] Entering safepoint region: Cleanup
[2023-11-09T11:31:02.582+0000][1736.065s][info ][safepoint     ] Leaving safepoint region
[2023-11-09T11:31:02.583+0000][1736.065s][info ][safepoint     ] Total time for which application threads were stopped: 0.0020714 seconds, Stopping threads took: 0.0009436 seconds
[2023-11-09T11:31:03.584+0000][1737.066s][debug][safepoint     ] Safepoint synchronization initiated. (168 threads)
[2023-11-09T11:31:03.585+0000][1737.067s][info ][safepoint     ] Application time: 1.0008776 seconds
[2023-11-09T11:31:03.585+0000][1737.068s][info ][safepoint     ] Entering safepoint region: Cleanup
[2023-11-09T11:31:03.586+0000][1737.068s][info ][safepoint     ] Leaving safepoint region
[2023-11-09T11:31:03.586+0000][1737.069s][info ][safepoint     ] Total time for which application threads were stopped: 0.0012706 seconds, Stopping threads took: 0.0005784 seconds
[2023-11-09T11:31:04.587+0000][1738.070s][debug][safepoint     ] Safepoint synchronization initiated. (168 threads)
[2023-11-09T11:31:04.588+0000][1738.070s][info ][safepoint     ] Application time: 1.0006412 seconds
[2023-11-09T11:31:04.588+0000][1738.071s][info ][safepoint     ] Entering safepoint region: Cleanup
[2023-11-09T11:31:04.589+0000][1738.071s][info ][safepoint     ] Leaving safepoint region
[2023-11-09T11:31:04.589+0000][1738.072s][info ][safepoint     ] Total time for which application threads were stopped: 0.0010373 seconds, Stopping threads took: 0.0004087 seconds
[2023-11-09T11:31:05.590+0000][1739.072s][debug][safepoint     ] Safepoint synchronization initiated. (168 threads)
[2023-11-09T11:31:05.590+0000][1739.073s][info ][safepoint     ] Application time: 1.0007416 seconds
[2023-11-09T11:31:05.591+0000][1739.073s][info ][safepoint     ] Entering safepoint region: Cleanup
[2023-11-09T11:31:05.592+0000][1739.074s][info ][safepoint     ] Leaving safepoint region
[2023-11-09T11:31:05.592+0000][1739.075s][info ][safepoint     ] Total time for which application threads were stopped: 0.0011679 seconds, Stopping threads took: 0.0004956 seconds
[2023-11-09T11:31:06.593+0000][1740.075s][debug][safepoint     ] Safepoint synchronization initiated. (168 threads)
[2023-11-09T11:31:06.593+0000][1740.076s][info ][safepoint     ] Application time: 1.0008714 seconds
[2023-11-09T11:31:06.594+0000][1740.077s][info ][safepoint     ] Entering safepoint region: Cleanup
[2023-11-09T11:31:06.595+0000][1740.078s][info ][safepoint     ] Leaving safepoint region
[2023-11-09T11:31:06.596+0000][1740.078s][info ][safepoint     ] Total time for which application threads were stopped: 0.0013956 seconds, Stopping threads took: 0.0007174 seconds
[2023-11-09T11:31:07.596+0000][1741.079s][debug][safepoint     ] Safepoint synchronization initiated. (168 threads)
[2023-11-09T11:31:07.597+0000][1741.080s][info ][safepoint     ] Application time: 1.0008873 seconds
[2023-11-09T11:31:07.598+0000][1741.080s][info ][safepoint     ] Entering safepoint region: Cleanup
[2023-11-09T11:31:07.598+0000][1741.081s][info ][safepoint     ] Leaving safepoint region
[2023-11-09T11:31:07.599+0000][1741.081s][info ][safepoint     ] Total time for which application threads were stopped: 0.0010383 seconds, Stopping threads took: 0.0004183 seconds
[2023-11-09T11:31:08.599+0000][1742.082s][debug][safepoint     ] Safepoint synchronization initiated. (168 threads)
[2023-11-09T11:31:08.599+0000][1742.082s][info ][safepoint     ] Application time: 1.0005488 seconds
[2023-11-09T11:31:08.600+0000][1742.082s][info ][safepoint     ] Entering safepoint region: Cleanup
[2023-11-09T11:31:08.600+0000][1742.083s][info ][safepoint     ] Leaving safepoint region
[2023-11-09T11:31:08.601+0000][1742.083s][info ][safepoint     ] Total time for which application threads were stopped: 0.0008429 seconds, Stopping threads took: 0.0003486 seconds
[2023-11-09T11:31:09.601+0000][1743.084s][debug][safepoint     ] Safepoint synchronization initiated. (168 threads)
[2023-11-09T11:31:09.602+0000][1743.084s][info ][safepoint     ] Application time: 1.0006917 seconds
[2023-11-09T11:31:09.602+0000][1743.084s][info ][safepoint     ] Entering safepoint region: Cleanup
[2023-11-09T11:31:09.603+0000][1743.085s][info ][safepoint     ] Leaving safepoint region
[2023-11-09T11:31:09.603+0000][1743.085s][info ][safepoint     ] Total time for which application threads were stopped: 0.0009353 seconds, Stopping threads took: 0.0004199 seconds
[2023-11-09T11:31:10.604+0000][1744.086s][debug][safepoint     ] Safepoint synchronization initiated. (168 threads)
[2023-11-09T11:31:10.605+0000][1744.087s][info ][safepoint     ] Application time: 1.0012414 seconds
[2023-11-09T11:31:10.606+0000][1744.088s][info ][safepoint     ] Entering safepoint region: Cleanup
[2023-11-09T11:31:10.606+0000][1744.088s][info ][safepoint     ] Leaving safepoint region
[2023-11-09T11:31:10.607+0000][1744.089s][info ][safepoint     ] Total time for which application threads were stopped: 0.0012263 seconds, Stopping threads took: 0.0005008 seconds
[2023-11-09T11:31:11.607+0000][1745.089s][debug][safepoint     ] Safepoint synchronization initiated. (168 threads)
[2023-11-09T11:31:11.608+0000][1745.090s][info ][safepoint     ] Application time: 1.0006957 seconds
[2023-11-09T11:31:11.608+0000][1745.091s][info ][safepoint     ] Entering safepoint region: Cleanup
[2023-11-09T11:31:11.609+0000][1745.091s][info ][safepoint     ] Leaving safepoint region
[2023-11-09T11:31:11.609+0000][1745.091s][debug][safepoint     ] ... found polling page return exception at pc = 0x00007fb4f0d6dc84, stub =0x00007fb4e8840600
[2023-11-09T11:31:11.609+0000][1745.091s][debug][safepoint     ] ... found polling page return exception at pc = 0x00007fb4f0d6dc84, stub =0x00007fb4e8840600
[2023-11-09T11:31:11.609+0000][1745.091s][debug][safepoint     ] ... found polling page return exception at pc = 0x00007fb4f0d6dc84, stub =0x00007fb4e8840600
[2023-11-09T11:31:11.609+0000][1745.091s][debug][safepoint     ] ... found polling page return exception at pc = 0x00007fb4f0d6dc84, stub =0x00007fb4e8840600
[2023-11-09T11:31:11.609+0000][1745.091s][debug][safepoint     ] ... found polling page return exception at pc = 0x00007fb4f0d6dc84, stub =0x00007fb4e8840600
[2023-11-09T11:31:11.609+0000][1745.091s][debug][safepoint     ] ... found polling page return exception at pc = 0x00007fb4f0d6dc84, stub =0x00007fb4e8840600
[2023-11-09T11:31:11.610+0000][1745.092s][info ][safepoint     ] Total time for which application threads were stopped: 0.0011857 seconds, Stopping threads took: 0.0004885 seconds
[2023-11-09T11:31:12.613+0000][1746.095s][debug][safepoint     ] Safepoint synchronization initiated. (168 threads)
[2023-11-09T11:31:12.614+0000][1746.096s][info ][safepoint     ] Application time: 1.0012860 seconds
[2023-11-09T11:31:12.615+0000][1746.097s][info ][safepoint     ] Entering safepoint region: Cleanup
[2023-11-09T11:31:12.616+0000][1746.098s][info ][safepoint     ] Leaving safepoint region
[2023-11-09T11:31:12.617+0000][1746.099s][info ][safepoint     ] Total time for which application threads were stopped: 0.0017213 seconds, Stopping threads took: 0.0007584 seconds
[2023-11-09T11:31:13.617+0000][1747.100s][debug][safepoint     ] Safepoint synchronization initiated. (168 threads)
[2023-11-09T11:31:13.618+0000][1747.100s][info ][safepoint     ] Application time: 1.0008028 seconds
[2023-11-09T11:31:13.619+0000][1747.101s][info ][safepoint     ] Entering safepoint region: Cleanup
[2023-11-09T11:31:13.619+0000][1747.102s][info ][safepoint     ] Leaving safepoint region
[2023-11-09T11:31:13.620+0000][1747.102s][info ][safepoint     ] Total time for which application threads were stopped: 0.0013287 seconds, Stopping threads took: 0.0005901 seconds
[2023-11-09T11:31:14.621+0000][1748.103s][debug][safepoint     ] Safepoint synchronization initiated. (168 threads)
[2023-11-09T11:31:14.622+0000][1748.104s][info ][safepoint     ] Application time: 1.0011864 seconds
[2023-11-09T11:31:14.623+0000][1748.105s][info ][safepoint     ] Entering safepoint region: Cleanup
[2023-11-09T11:31:14.624+0000][1748.106s][info ][safepoint     ] Leaving safepoint region
[2023-11-09T11:31:14.624+0000][1748.106s][info ][safepoint     ] Total time for which application threads were stopped: 0.0014157 seconds, Stopping threads took: 0.0005872 seconds
[2023-11-09T11:31:15.625+0000][1749.107s][debug][safepoint     ] Safepoint synchronization initiated. (168 threads)
[2023-11-09T11:31:15.626+0000][1749.108s][info ][safepoint     ] Application time: 1.0008489 seconds
[2023-11-09T11:31:15.626+0000][1749.108s][info ][safepoint     ] Entering safepoint region: Cleanup
[2023-11-09T11:31:15.627+0000][1749.109s][info ][safepoint     ] Leaving safepoint region
[2023-11-09T11:31:15.627+0000][1749.110s][info ][safepoint     ] Total time for which application threads were stopped: 0.0013004 seconds, Stopping threads took: 0.0005760 seconds
[2023-11-09T11:31:16.628+0000][1750.110s][debug][safepoint     ] Safepoint synchronization initiated. (168 threads)
[2023-11-09T11:31:16.629+0000][1750.111s][info ][safepoint     ] Application time: 1.0007416 seconds
[2023-11-09T11:31:16.629+0000][1750.111s][info ][safepoint     ] Entering safepoint region: Cleanup
[2023-11-09T11:31:16.630+0000][1750.112s][info ][safepoint     ] Leaving safepoint region
[2023-11-09T11:31:16.630+0000][1750.112s][info ][safepoint     ] Total time for which application threads were stopped: 0.0008259 seconds, Stopping threads took: 0.0003648 seconds
[2023-11-09T11:31:17.631+0000][1751.113s][debug][safepoint     ] Safepoint synchronization initiated. (168 threads)
[2023-11-09T11:31:17.631+0000][1751.113s][info ][safepoint     ] Application time: 1.0007415 seconds
[2023-11-09T11:31:17.632+0000][1751.114s][info ][safepoint     ] Entering safepoint region: Cleanup
[2023-11-09T11:31:17.632+0000][1751.114s][info ][safepoint     ] Leaving safepoint region
[2023-11-09T11:31:17.633+0000][1751.115s][info ][safepoint     ] Total time for which application threads were stopped: 0.0011719 seconds, Stopping threads took: 0.0005465 seconds
[2023-11-09T11:31:18.634+0000][1752.116s][debug][safepoint     ] Safepoint synchronization initiated. (168 threads)
[2023-11-09T11:31:18.634+0000][1752.117s][info ][safepoint     ] Application time: 1.0010776 seconds
[2023-11-09T11:31:18.635+0000][1752.117s][info ][safepoint     ] Entering safepoint region: Cleanup
[2023-11-09T11:31:18.636+0000][1752.118s][info ][safepoint     ] Leaving safepoint region
[2023-11-09T11:31:18.636+0000][1752.118s][info ][safepoint     ] Total time for which application threads were stopped: 0.0013244 seconds, Stopping threads took: 0.0005575 seconds
[2023-11-09T11:31:19.637+0000][1753.119s][debug][safepoint     ] Safepoint synchronization initiated. (168 threads)
[2023-11-09T11:31:19.638+0000][1753.120s][info ][safepoint     ] Application time: 1.0013180 seconds
[2023-11-09T11:31:19.639+0000][1753.121s][info ][safepoint     ] Entering safepoint region: Cleanup
[2023-11-09T11:31:19.640+0000][1753.122s][info ][safepoint     ] Leaving safepoint region
[2023-11-09T11:31:19.641+0000][1753.123s][info ][safepoint     ] Total time for which application threads were stopped: 0.0017415 seconds, Stopping threads took: 0.0007807 seconds
[2023-11-09T11:31:20.642+0000][1754.124s][debug][safepoint     ] Safepoint synchronization initiated. (168 threads)
[2023-11-09T11:31:20.642+0000][1754.124s][info ][safepoint     ] Application time: 1.0008290 seconds
[2023-11-09T11:31:20.643+0000][1754.125s][info ][safepoint     ] Entering safepoint region: Cleanup
[2023-11-09T11:31:20.643+0000][1754.126s][info ][safepoint     ] Leaving safepoint region
[2023-11-09T11:31:20.644+0000][1754.126s][info ][safepoint     ] Total time for which application threads were stopped: 0.0012315 seconds, Stopping threads took: 0.0005531 seconds
[2023-11-09T11:31:21.645+0000][1755.127s][debug][safepoint     ] Safepoint synchronization initiated. (168 threads)
[2023-11-09T11:31:21.645+0000][1755.127s][info ][safepoint     ] Application time: 1.0007087 seconds
[2023-11-09T11:31:21.646+0000][1755.128s][info ][safepoint     ] Entering safepoint region: Cleanup
[2023-11-09T11:31:21.646+0000][1755.128s][info ][safepoint     ] Leaving safepoint region
[2023-11-09T11:31:21.647+0000][1755.129s][info ][safepoint     ] Total time for which application threads were stopped: 0.0011922 seconds, Stopping threads took: 0.0005352 seconds
[2023-11-09T11:31:22.647+0000][1756.129s][debug][safepoint     ] Safepoint synchronization initiated. (168 threads)
[2023-11-09T11:31:22.648+0000][1756.130s][info ][safepoint     ] Application time: 1.0006893 seconds
[2023-11-09T11:31:22.648+0000][1756.130s][debug][safepoint     ] ... found polling page return exception at pc = 0x00007fb4f0b14274, stub =0x00007fb4e8840600
[2023-11-09T11:31:22.648+0000][1756.130s][debug][safepoint     ] ... found polling page return exception at pc = 0x00007fb4f0a0f376, stub =0x00007fb4e8840600
[2023-11-09T11:31:22.648+0000][1756.130s][debug][safepoint     ] ... found polling page return exception at pc = 0x00007fb4f0b14274, stub =0x00007fb4e8840600
[2023-11-09T11:31:22.650+0000][1756.132s][debug][safepoint     ] Waiting for 3 thread(s) to block
[2023-11-09T11:31:22.650+0000][1756.132s][info ][safepoint     ] Entering safepoint region: Cleanup
[2023-11-09T11:31:22.651+0000][1756.133s][info ][safepoint     ] Leaving safepoint region
[2023-11-09T11:31:22.651+0000][1756.133s][info ][safepoint     ] Total time for which application threads were stopped: 0.0028530 seconds, Stopping threads took: 0.0022634 seconds
[2023-11-09T11:31:23.652+0000][1757.134s][debug][safepoint     ] Safepoint synchronization initiated. (168 threads)
[2023-11-09T11:31:23.652+0000][1757.134s][info ][safepoint     ] Application time: 1.0008025 seconds
[2023-11-09T11:31:23.653+0000][1757.135s][info ][safepoint     ] Entering safepoint region: Cleanup
[2023-11-09T11:31:23.653+0000][1757.135s][info ][safepoint     ] Leaving safepoint region
[2023-11-09T11:31:23.653+0000][1757.136s][info ][safepoint     ] Total time for which application threads were stopped: 0.0009070 seconds, Stopping threads took: 0.0003473 seconds
[2023-11-09T11:31:24.654+0000][1758.136s][debug][safepoint     ] Safepoint synchronization initiated. (168 threads)
[2023-11-09T11:31:24.655+0000][1758.137s][info ][safepoint     ] Application time: 1.0010604 seconds
[2023-11-09T11:31:24.656+0000][1758.138s][info ][safepoint     ] Entering safepoint region: Cleanup
[2023-11-09T11:31:24.657+0000][1758.139s][info ][safepoint     ] Leaving safepoint region
[2023-11-09T11:31:24.658+0000][1758.140s][info ][safepoint     ] Total time for which application threads were stopped: 0.0018333 seconds, Stopping threads took: 0.0007677 seconds
[2023-11-09T11:31:25.659+0000][1759.141s][debug][safepoint     ] Safepoint synchronization initiated. (168 threads)
[2023-11-09T11:31:25.660+0000][1759.142s][info ][safepoint     ] Application time: 1.0014084 seconds
[2023-11-09T11:31:25.661+0000][1759.143s][info ][safepoint     ] Entering safepoint region: Cleanup
[2023-11-09T11:31:25.662+0000][1759.144s][info ][safepoint     ] Leaving safepoint region
[2023-11-09T11:31:25.663+0000][1759.145s][info ][safepoint     ] Total time for which application threads were stopped: 0.0021945 seconds, Stopping threads took: 0.0009775 seconds
[2023-11-09T11:31:26.664+0000][1760.146s][debug][safepoint     ] Safepoint synchronization initiated. (168 threads)
[2023-11-09T11:31:26.665+0000][1760.147s][info ][safepoint     ] Application time: 1.0013260 seconds
[2023-11-09T11:31:26.666+0000][1760.148s][info ][safepoint     ] Entering safepoint region: Cleanup
[2023-11-09T11:31:26.667+0000][1760.149s][info ][safepoint     ] Leaving safepoint region
[2023-11-09T11:31:26.668+0000][1760.150s][info ][safepoint     ] Total time for which application threads were stopped: 0.0023847 seconds, Stopping threads took: 0.0010689 seconds
[2023-11-09T11:31:27.669+0000][1761.151s][debug][safepoint     ] Safepoint synchronization initiated. (168 threads)
[2023-11-09T11:31:27.670+0000][1761.152s][info ][safepoint     ] Application time: 1.0012425 seconds
[2023-11-09T11:31:27.671+0000][1761.153s][info ][safepoint     ] Entering safepoint region: Cleanup
[2023-11-09T11:31:27.672+0000][1761.154s][info ][safepoint     ] Leaving safepoint region
[2023-11-09T11:31:27.673+0000][1761.155s][info ][safepoint     ] Total time for which application threads were stopped: 0.0018872 seconds, Stopping threads took: 0.0008365 seconds
[2023-11-09T11:31:28.674+0000][1762.156s][debug][safepoint     ] Safepoint synchronization initiated. (168 threads)
[2023-11-09T11:31:28.675+0000][1762.157s][info ][safepoint     ] Application time: 1.0011425 seconds
[2023-11-09T11:31:28.676+0000][1762.158s][info ][safepoint     ] Entering safepoint region: Cleanup
[2023-11-09T11:31:28.677+0000][1762.159s][info ][safepoint     ] Leaving safepoint region
[2023-11-09T11:31:28.677+0000][1762.159s][info ][safepoint     ] Total time for which application threads were stopped: 0.0016473 seconds, Stopping threads took: 0.0007261 seconds
[2023-11-09T11:31:29.678+0000][1763.160s][debug][safepoint     ] Safepoint synchronization initiated. (168 threads)
[2023-11-09T11:31:29.679+0000][1763.161s][info ][safepoint     ] Application time: 1.0007311 seconds
[2023-11-09T11:31:29.679+0000][1763.161s][info ][safepoint     ] Entering safepoint region: Cleanup
[2023-11-09T11:31:29.680+0000][1763.162s][info ][safepoint     ] Leaving safepoint region
[2023-11-09T11:31:29.680+0000][1763.162s][info ][safepoint     ] Total time for which application threads were stopped: 0.0011836 seconds, Stopping threads took: 0.0004509 seconds
[2023-11-09T11:31:30.681+0000][1764.163s][debug][safepoint     ] Safepoint synchronization initiated. (168 threads)
[2023-11-09T11:31:30.681+0000][1764.164s][info ][safepoint     ] Application time: 1.0006563 seconds
[2023-11-09T11:31:30.682+0000][1764.164s][info ][safepoint     ] Entering safepoint region: Cleanup
[2023-11-09T11:31:30.682+0000][1764.165s][info ][safepoint     ] Leaving safepoint region
[2023-11-09T11:31:30.683+0000][1764.165s][info ][safepoint     ] Total time for which application threads were stopped: 0.0008794 seconds, Stopping threads took: 0.0003675 seconds
[2023-11-09T11:31:31.683+0000][1765.165s][debug][safepoint     ] Safepoint synchronization initiated. (168 threads)
[2023-11-09T11:31:31.684+0000][1765.166s][info ][safepoint     ] Application time: 1.0004570 seconds
[2023-11-09T11:31:31.684+0000][1765.166s][info ][safepoint     ] Entering safepoint region: Cleanup
[2023-11-09T11:31:31.684+0000][1765.166s][info ][safepoint     ] Leaving safepoint region
[2023-11-09T11:31:31.685+0000][1765.167s][info ][safepoint     ] Total time for which application threads were stopped: 0.0007343 seconds, Stopping threads took: 0.0003099 seconds
[2023-11-09T11:31:32.685+0000][1766.167s][debug][safepoint     ] Safepoint synchronization initiated. (168 threads)
[2023-11-09T11:31:32.686+0000][1766.168s][info ][safepoint     ] Application time: 1.0007360 seconds
[2023-11-09T11:31:32.686+0000][1766.168s][info ][safepoint     ] Entering safepoint region: Cleanup
[2023-11-09T11:31:32.687+0000][1766.169s][info ][safepoint     ] Leaving safepoint region
[2023-11-09T11:31:32.687+0000][1766.170s][info ][safepoint     ] Total time for which application threads were stopped: 0.0012661 seconds, Stopping threads took: 0.0005826 seconds
[2023-11-09T11:31:33.688+0000][1767.170s][debug][safepoint     ] Safepoint synchronization initiated. (170 threads)
[2023-11-09T11:31:33.689+0000][1767.171s][info ][safepoint     ] Application time: 1.0009190 seconds
[2023-11-09T11:31:33.690+0000][1767.172s][debug][safepoint     ] ... found polling page loop exception at pc = 0x00007fb4f1424552, stub =0x00007fb4e8843680
[2023-11-09T11:31:33.691+0000][1767.173s][debug][safepoint     ] Waiting for 1 thread(s) to block
[2023-11-09T11:31:33.691+0000][1767.174s][info ][safepoint     ] Entering safepoint region: Cleanup
[2023-11-09T11:31:33.692+0000][1767.174s][info ][safepoint     ] Leaving safepoint region
[2023-11-09T11:31:33.693+0000][1767.175s][info ][safepoint     ] Total time for which application threads were stopped: 0.0031427 seconds, Stopping threads took: 0.0023676 seconds
[2023-11-09T11:31:34.694+0000][1768.176s][debug][safepoint     ] Safepoint synchronization initiated. (170 threads)
[2023-11-09T11:31:34.694+0000][1768.176s][info ][safepoint     ] Application time: 1.0009332 seconds
[2023-11-09T11:31:34.695+0000][1768.177s][info ][safepoint     ] Entering safepoint region: Cleanup
[2023-11-09T11:31:34.696+0000][1768.178s][info ][safepoint     ] Leaving safepoint region
[2023-11-09T11:31:34.696+0000][1768.178s][info ][safepoint     ] Total time for which application threads were stopped: 0.0012578 seconds, Stopping threads took: 0.0006284 seconds
[2023-11-09T11:31:35.697+0000][1769.179s][debug][safepoint     ] Safepoint synchronization initiated. (170 threads)
[2023-11-09T11:31:35.698+0000][1769.180s][info ][safepoint     ] Application time: 1.0010605 seconds
[2023-11-09T11:31:35.698+0000][1769.180s][info ][safepoint     ] Entering safepoint region: Cleanup
[2023-11-09T11:31:35.699+0000][1769.181s][info ][safepoint     ] Leaving safepoint region
[2023-11-09T11:31:35.700+0000][1769.182s][info ][safepoint     ] Total time for which application threads were stopped: 0.0013058 seconds, Stopping threads took: 0.0006168 seconds
[2023-11-09T11:31:36.700+0000][1770.182s][debug][safepoint     ] Safepoint synchronization initiated. (170 threads)
[2023-11-09T11:31:36.701+0000][1770.184s][info ][safepoint     ] Application time: 1.0014587 seconds
[2023-11-09T11:31:36.702+0000][1770.184s][info ][safepoint     ] Entering safepoint region: Cleanup
[2023-11-09T11:31:36.703+0000][1770.185s][info ][safepoint     ] Leaving safepoint region
[2023-11-09T11:31:36.704+0000][1770.186s][info ][safepoint     ] Total time for which application threads were stopped: 0.0013424 seconds, Stopping threads took: 0.0006049 seconds
[2023-11-09T11:31:37.704+0000][1771.186s][debug][safepoint     ] Safepoint synchronization initiated. (170 threads)
[2023-11-09T11:31:37.705+0000][1771.187s][info ][safepoint     ] Application time: 1.0006747 seconds
[2023-11-09T11:31:37.705+0000][1771.187s][info ][safepoint     ] Entering safepoint region: Cleanup
[2023-11-09T11:31:37.706+0000][1771.188s][info ][safepoint     ] Leaving safepoint region
[2023-11-09T11:31:37.706+0000][1771.188s][info ][safepoint     ] Total time for which application threads were stopped: 0.0010606 seconds, Stopping threads took: 0.0004159 seconds
[2023-11-09T11:31:38.707+0000][1772.189s][debug][safepoint     ] Safepoint synchronization initiated. (170 threads)
[2023-11-09T11:31:38.707+0000][1772.189s][info ][safepoint     ] Application time: 1.0008389 seconds
[2023-11-09T11:31:38.708+0000][1772.190s][info ][safepoint     ] Entering safepoint region: Cleanup
[2023-11-09T11:31:38.709+0000][1772.191s][info ][safepoint     ] Leaving safepoint region
[2023-11-09T11:31:38.709+0000][1772.191s][info ][safepoint     ] Total time for which application threads were stopped: 0.0012714 seconds, Stopping threads took: 0.0005799 seconds
[2023-11-09T11:31:39.710+0000][1773.192s][debug][safepoint     ] Safepoint synchronization initiated. (170 threads)
[2023-11-09T11:31:39.711+0000][1773.193s][info ][safepoint     ] Application time: 1.0008204 seconds
[2023-11-09T11:31:39.711+0000][1773.193s][info ][safepoint     ] Entering safepoint region: Cleanup
[2023-11-09T11:31:39.712+0000][1773.194s][info ][safepoint     ] Leaving safepoint region
[2023-11-09T11:31:39.712+0000][1773.194s][info ][safepoint     ] Total time for which application threads were stopped: 0.0012854 seconds, Stopping threads took: 0.0005660 seconds
[2023-11-09T11:31:40.713+0000][1774.195s][debug][safepoint     ] Safepoint synchronization initiated. (170 threads)
[2023-11-09T11:31:40.713+0000][1774.195s][info ][safepoint     ] Application time: 1.0005638 seconds
[2023-11-09T11:31:40.714+0000][1774.196s][info ][safepoint     ] Entering safepoint region: Cleanup
[2023-11-09T11:31:40.714+0000][1774.196s][info ][safepoint     ] Leaving safepoint region
[2023-11-09T11:31:40.715+0000][1774.197s][info ][safepoint     ] Total time for which application threads were stopped: 0.0008485 seconds, Stopping threads took: 0.0003539 seconds
[2023-11-09T11:31:41.715+0000][1775.197s][debug][safepoint     ] Safepoint synchronization initiated. (170 threads)
[2023-11-09T11:31:41.716+0000][1775.198s][info ][safepoint     ] Application time: 1.0009124 seconds
[2023-11-09T11:31:41.716+0000][1775.198s][info ][safepoint     ] Entering safepoint region: Cleanup
[2023-11-09T11:31:41.717+0000][1775.199s][info ][safepoint     ] Leaving safepoint region
[2023-11-09T11:31:41.718+0000][1775.200s][info ][safepoint     ] Total time for which application threads were stopped: 0.0012899 seconds, Stopping threads took: 0.0005206 seconds
[2023-11-09T11:31:42.718+0000][1776.200s][debug][safepoint     ] Safepoint synchronization initiated. (170 threads)
[2023-11-09T11:31:42.719+0000][1776.201s][info ][safepoint     ] Application time: 1.0007547 seconds
[2023-11-09T11:31:42.719+0000][1776.201s][info ][safepoint     ] Entering safepoint region: Cleanup
[2023-11-09T11:31:42.720+0000][1776.202s][info ][safepoint     ] Leaving safepoint region
[2023-11-09T11:31:42.720+0000][1776.202s][info ][safepoint     ] Total time for which application threads were stopped: 0.0010729 seconds, Stopping threads took: 0.0004781 seconds
[2023-11-09T11:31:43.721+0000][1777.203s][debug][safepoint     ] Safepoint synchronization initiated. (169 threads)
[2023-11-09T11:31:43.722+0000][1777.203s][info ][safepoint     ] Application time: 1.0007058 seconds
[2023-11-09T11:31:43.722+0000][1777.204s][info ][safepoint     ] Entering safepoint region: Cleanup
[2023-11-09T11:31:43.723+0000][1777.204s][info ][safepoint     ] Leaving safepoint region
[2023-11-09T11:31:43.723+0000][1777.205s][info ][safepoint     ] Total time for which application threads were stopped: 0.0009323 seconds, Stopping threads took: 0.0004260 seconds
[2023-11-09T11:31:44.723+0000][1778.205s][debug][safepoint     ] Safepoint synchronization initiated. (170 threads)
[2023-11-09T11:31:44.724+0000][1778.206s][info ][safepoint     ] Application time: 1.0009894 seconds
[2023-11-09T11:31:44.725+0000][1778.207s][info ][safepoint     ] Entering safepoint region: Cleanup
[2023-11-09T11:31:44.726+0000][1778.208s][info ][safepoint     ] Leaving safepoint region
[2023-11-09T11:31:44.726+0000][1778.208s][info ][safepoint     ] Total time for which application threads were stopped: 0.0014795 seconds, Stopping threads took: 0.0006646 seconds
[2023-11-09T11:31:45.727+0000][1779.209s][debug][safepoint     ] Safepoint synchronization initiated. (170 threads)
[2023-11-09T11:31:45.728+0000][1779.210s][info ][safepoint     ] Application time: 1.0012632 seconds
[2023-11-09T11:31:45.729+0000][1779.211s][info ][safepoint     ] Entering safepoint region: Cleanup
[2023-11-09T11:31:45.730+0000][1779.212s][info ][safepoint     ] Leaving safepoint region
[2023-11-09T11:31:45.730+0000][1779.212s][info ][safepoint     ] Total time for which application threads were stopped: 0.0011822 seconds, Stopping threads took: 0.0005375 seconds
[2023-11-09T11:31:46.731+0000][1780.213s][debug][safepoint     ] Safepoint synchronization initiated. (170 threads)
[2023-11-09T11:31:46.731+0000][1780.213s][info ][safepoint     ] Application time: 1.0009099 seconds
[2023-11-09T11:31:46.732+0000][1780.214s][info ][safepoint     ] Entering safepoint region: Cleanup
[2023-11-09T11:31:46.733+0000][1780.215s][info ][safepoint     ] Leaving safepoint region
[2023-11-09T11:31:46.734+0000][1780.215s][info ][safepoint     ] Total time for which application threads were stopped: 0.0014827 seconds, Stopping threads took: 0.0006565 seconds
[2023-11-09T11:31:47.734+0000][1781.216s][debug][safepoint     ] Safepoint synchronization initiated. (170 threads)
[2023-11-09T11:31:47.735+0000][1781.217s][info ][safepoint     ] Application time: 1.0008805 seconds
[2023-11-09T11:31:47.736+0000][1781.218s][info ][safepoint     ] Entering safepoint region: Cleanup
[2023-11-09T11:31:47.736+0000][1781.218s][info ][safepoint     ] Leaving safepoint region
[2023-11-09T11:31:47.737+0000][1781.219s][info ][safepoint     ] Total time for which application threads were stopped: 0.0013916 seconds, Stopping threads took: 0.0005961 seconds
[2023-11-09T11:31:48.738+0000][1782.220s][debug][safepoint     ] Safepoint synchronization initiated. (170 threads)
[2023-11-09T11:31:48.738+0000][1782.220s][info ][safepoint     ] Application time: 1.0010361 seconds
[2023-11-09T11:31:48.739+0000][1782.221s][info ][safepoint     ] Entering safepoint region: Cleanup
[2023-11-09T11:31:48.740+0000][1782.222s][info ][safepoint     ] Leaving safepoint region
[2023-11-09T11:31:48.740+0000][1782.222s][info ][safepoint     ] Total time for which application threads were stopped: 0.0012456 seconds, Stopping threads took: 0.0005785 seconds
[2023-11-09T11:31:49.741+0000][1783.223s][debug][safepoint     ] Safepoint synchronization initiated. (168 threads)
[2023-11-09T11:31:49.742+0000][1783.224s][info ][safepoint     ] Application time: 1.0009093 seconds
[2023-11-09T11:31:49.742+0000][1783.224s][info ][safepoint     ] Entering safepoint region: Cleanup
[2023-11-09T11:31:49.743+0000][1783.225s][info ][safepoint     ] Leaving safepoint region
[2023-11-09T11:31:49.744+0000][1783.225s][info ][safepoint     ] Total time for which application threads were stopped: 0.0013735 seconds, Stopping threads took: 0.0005904 seconds
[2023-11-09T11:31:50.745+0000][1784.227s][debug][safepoint     ] Safepoint synchronization initiated. (168 threads)
[2023-11-09T11:31:50.746+0000][1784.228s][info ][safepoint     ] Application time: 1.0016432 seconds
[2023-11-09T11:31:50.746+0000][1784.228s][info ][safepoint     ] Entering safepoint region: Cleanup
[2023-11-09T11:31:50.747+0000][1784.229s][info ][safepoint     ] Leaving safepoint region
[2023-11-09T11:31:50.747+0000][1784.229s][info ][safepoint     ] Total time for which application threads were stopped: 0.0012122 seconds, Stopping threads took: 0.0004820 seconds
[2023-11-09T11:31:51.748+0000][1785.230s][debug][safepoint     ] Safepoint synchronization initiated. (170 threads)
[2023-11-09T11:31:51.748+0000][1785.230s][info ][safepoint     ] Application time: 1.0006899 seconds
[2023-11-09T11:31:51.749+0000][1785.231s][info ][safepoint     ] Entering safepoint region: Cleanup
[2023-11-09T11:31:51.750+0000][1785.232s][info ][safepoint     ] Leaving safepoint region
[2023-11-09T11:31:51.750+0000][1785.232s][info ][safepoint     ] Total time for which application threads were stopped: 0.0011911 seconds, Stopping threads took: 0.0005135 seconds
[2023-11-09T11:31:52.751+0000][1786.233s][debug][safepoint     ] Safepoint synchronization initiated. (170 threads)
[2023-11-09T11:31:52.751+0000][1786.233s][info ][safepoint     ] Application time: 1.0006347 seconds
[2023-11-09T11:31:52.752+0000][1786.233s][info ][safepoint     ] Entering safepoint region: Cleanup
[2023-11-09T11:31:52.752+0000][1786.234s][info ][safepoint     ] Leaving safepoint region
[2023-11-09T11:31:52.752+0000][1786.234s][info ][safepoint     ] Total time for which application threads were stopped: 0.0007433 seconds, Stopping threads took: 0.0003116 seconds
[2023-11-09T11:31:53.753+0000][1787.235s][debug][safepoint     ] Safepoint synchronization initiated. (170 threads)
[2023-11-09T11:31:53.754+0000][1787.236s][info ][safepoint     ] Application time: 1.0012233 seconds
[2023-11-09T11:31:53.755+0000][1787.237s][info ][safepoint     ] Entering safepoint region: Cleanup
[2023-11-09T11:31:53.756+0000][1787.238s][info ][safepoint     ] Leaving safepoint region
[2023-11-09T11:31:53.757+0000][1787.239s][info ][safepoint     ] Total time for which application threads were stopped: 0.0025694 seconds, Stopping threads took: 0.0010481 seconds
[2023-11-09T11:31:54.758+0000][1788.240s][debug][safepoint     ] Safepoint synchronization initiated. (170 threads)
[2023-11-09T11:31:54.759+0000][1788.241s][info ][safepoint     ] Application time: 1.0009518 seconds
[2023-11-09T11:31:54.760+0000][1788.242s][info ][safepoint     ] Entering safepoint region: Cleanup
[2023-11-09T11:31:54.760+0000][1788.242s][info ][safepoint     ] Leaving safepoint region
[2023-11-09T11:31:54.761+0000][1788.243s][info ][safepoint     ] Total time for which application threads were stopped: 0.0013030 seconds, Stopping threads took: 0.0005695 seconds
[2023-11-09T11:31:55.762+0000][1789.244s][debug][safepoint     ] Safepoint synchronization initiated. (170 threads)
[2023-11-09T11:31:55.762+0000][1789.244s][info ][safepoint     ] Application time: 1.0005701 seconds
[2023-11-09T11:31:55.762+0000][1789.244s][info ][safepoint     ] Entering safepoint region: Cleanup
[2023-11-09T11:31:55.763+0000][1789.245s][info ][safepoint     ] Leaving safepoint region
[2023-11-09T11:31:55.763+0000][1789.245s][info ][safepoint     ] Total time for which application threads were stopped: 0.0007655 seconds, Stopping threads took: 0.0003137 seconds
[2023-11-09T11:31:56.764+0000][1790.246s][debug][safepoint     ] Safepoint synchronization initiated. (170 threads)
[2023-11-09T11:31:56.764+0000][1790.246s][info ][safepoint     ] Application time: 1.0009344 seconds
[2023-11-09T11:31:56.765+0000][1790.247s][info ][safepoint     ] Entering safepoint region: Cleanup
[2023-11-09T11:31:56.766+0000][1790.248s][info ][safepoint     ] Leaving safepoint region
[2023-11-09T11:31:56.766+0000][1790.248s][info ][safepoint     ] Total time for which application threads were stopped: 0.0014220 seconds, Stopping threads took: 0.0007064 seconds
[2023-11-09T11:31:57.767+0000][1791.249s][debug][safepoint     ] Safepoint synchronization initiated. (170 threads)
[2023-11-09T11:31:57.768+0000][1791.249s][info ][safepoint     ] Application time: 1.0007313 seconds
[2023-11-09T11:31:57.768+0000][1791.250s][info ][safepoint     ] Entering safepoint region: Cleanup
[2023-11-09T11:31:57.769+0000][1791.251s][info ][safepoint     ] Leaving safepoint region
[2023-11-09T11:31:57.769+0000][1791.251s][info ][safepoint     ] Total time for which application threads were stopped: 0.0010236 seconds, Stopping threads took: 0.0004888 seconds
[2023-11-09T11:31:58.770+0000][1792.252s][debug][safepoint     ] Safepoint synchronization initiated. (170 threads)
[2023-11-09T11:31:58.771+0000][1792.252s][info ][safepoint     ] Application time: 1.0012383 seconds
[2023-11-09T11:31:58.771+0000][1792.253s][info ][safepoint     ] Entering safepoint region: Cleanup
[2023-11-09T11:31:58.772+0000][1792.254s][info ][safepoint     ] Leaving safepoint region
[2023-11-09T11:31:58.773+0000][1792.255s][info ][safepoint     ] Total time for which application threads were stopped: 0.0017224 seconds, Stopping threads took: 0.0008204 seconds
[2023-11-09T11:31:59.774+0000][1793.256s][debug][safepoint     ] Safepoint synchronization initiated. (170 threads)
[2023-11-09T11:31:59.775+0000][1793.257s][info ][safepoint     ] Application time: 1.0012147 seconds
[2023-11-09T11:31:59.776+0000][1793.258s][info ][safepoint     ] Entering safepoint region: Cleanup
[2023-11-09T11:31:59.777+0000][1793.259s][info ][safepoint     ] Leaving safepoint region
[2023-11-09T11:31:59.777+0000][1793.259s][info ][safepoint     ] Total time for which application threads were stopped: 0.0016968 seconds, Stopping threads took: 0.0008001 seconds
[2023-11-09T11:32:00.778+0000][1794.260s][debug][safepoint     ] Safepoint synchronization initiated. (170 threads)
[2023-11-09T11:32:00.779+0000][1794.261s][info ][safepoint     ] Application time: 1.0008087 seconds
[2023-11-09T11:32:00.779+0000][1794.261s][info ][safepoint     ] Entering safepoint region: Cleanup
[2023-11-09T11:32:00.780+0000][1794.262s][info ][safepoint     ] Leaving safepoint region
[2023-11-09T11:32:00.781+0000][1794.263s][info ][safepoint     ] Total time for which application threads were stopped: 0.0013365 seconds, Stopping threads took: 0.0006390 seconds
[2023-11-09T11:32:01.781+0000][1795.263s][debug][safepoint     ] Safepoint synchronization initiated. (170 threads)
[2023-11-09T11:32:01.782+0000][1795.264s][info ][safepoint     ] Application time: 1.0008585 seconds
[2023-11-09T11:32:01.783+0000][1795.264s][info ][safepoint     ] Entering safepoint region: Cleanup
[2023-11-09T11:32:01.783+0000][1795.265s][info ][safepoint     ] Leaving safepoint region
[2023-11-09T11:32:01.784+0000][1795.266s][info ][safepoint     ] Total time for which application threads were stopped: 0.0012787 seconds, Stopping threads took: 0.0005409 seconds
[2023-11-09T11:32:02.784+0000][1796.266s][debug][safepoint     ] Safepoint synchronization initiated. (168 threads)
[2023-11-09T11:32:02.786+0000][1796.267s][info ][safepoint     ] Application time: 1.0013211 seconds
[2023-11-09T11:32:02.786+0000][1796.268s][info ][safepoint     ] Entering safepoint region: Cleanup
[2023-11-09T11:32:02.788+0000][1796.270s][info ][safepoint     ] Leaving safepoint region
[2023-11-09T11:32:02.788+0000][1796.270s][info ][safepoint     ] Total time for which application threads were stopped: 0.0019156 seconds, Stopping threads took: 0.0009517 seconds
[2023-11-09T11:32:03.789+0000][1797.271s][debug][safepoint     ] Safepoint synchronization initiated. (168 threads)
[2023-11-09T11:32:03.790+0000][1797.272s][info ][safepoint     ] Application time: 1.0008402 seconds
[2023-11-09T11:32:03.790+0000][1797.272s][info ][safepoint     ] Entering safepoint region: Cleanup
[2023-11-09T11:32:03.791+0000][1797.273s][info ][safepoint     ] Leaving safepoint region
[2023-11-09T11:32:03.791+0000][1797.273s][info ][safepoint     ] Total time for which application threads were stopped: 0.0011540 seconds, Stopping threads took: 0.0004847 seconds
[2023-11-09T11:32:04.792+0000][1798.274s][debug][safepoint     ] Safepoint synchronization initiated. (170 threads)
[2023-11-09T11:32:04.793+0000][1798.275s][info ][safepoint     ] Application time: 1.0008948 seconds
[2023-11-09T11:32:04.793+0000][1798.275s][info ][safepoint     ] Entering safepoint region: Cleanup
[2023-11-09T11:32:04.794+0000][1798.276s][info ][safepoint     ] Leaving safepoint region
[2023-11-09T11:32:04.795+0000][1798.277s][info ][safepoint     ] Total time for which application threads were stopped: 0.0014328 seconds, Stopping threads took: 0.0006166 seconds
[2023-11-09T11:32:05.795+0000][1799.277s][debug][safepoint     ] Safepoint synchronization initiated. (170 threads)
[2023-11-09T11:32:05.796+0000][1799.278s][info ][safepoint     ] Application time: 1.0008828 seconds
[2023-11-09T11:32:05.797+0000][1799.278s][info ][safepoint     ] Entering safepoint region: Cleanup
[2023-11-09T11:32:05.797+0000][1799.279s][info ][safepoint     ] Leaving safepoint region
[2023-11-09T11:32:05.798+0000][1799.280s][info ][safepoint     ] Total time for which application threads were stopped: 0.0014688 seconds, Stopping threads took: 0.0004913 seconds
[2023-11-09T11:32:06.799+0000][1800.280s][debug][safepoint     ] Safepoint synchronization initiated. (170 threads)
[2023-11-09T11:32:06.799+0000][1800.281s][info ][safepoint     ] Application time: 1.0008689 seconds
[2023-11-09T11:32:06.800+0000][1800.282s][info ][safepoint     ] Entering safepoint region: Cleanup
[2023-11-09T11:32:06.801+0000][1800.283s][info ][safepoint     ] Leaving safepoint region
[2023-11-09T11:32:06.801+0000][1800.283s][info ][safepoint     ] Total time for which application threads were stopped: 0.0013249 seconds, Stopping threads took: 0.0005657 seconds
[2023-11-09T11:32:07.802+0000][1801.284s][debug][safepoint     ] Safepoint synchronization initiated. (170 threads)
[2023-11-09T11:32:07.803+0000][1801.284s][info ][safepoint     ] Application time: 1.0009807 seconds
[2023-11-09T11:32:07.803+0000][1801.285s][info ][safepoint     ] Entering safepoint region: Cleanup
[2023-11-09T11:32:07.804+0000][1801.286s][info ][safepoint     ] Leaving safepoint region
[2023-11-09T11:32:07.804+0000][1801.286s][info ][safepoint     ] Total time for which application threads were stopped: 0.0010566 seconds, Stopping threads took: 0.0004259 seconds
[2023-11-09T11:32:08.805+0000][1802.287s][debug][safepoint     ] Safepoint synchronization initiated. (170 threads)
[2023-11-09T11:32:08.805+0000][1802.287s][info ][safepoint     ] Application time: 1.0005160 seconds
[2023-11-09T11:32:08.806+0000][1802.287s][info ][safepoint     ] Entering safepoint region: Cleanup
[2023-11-09T11:32:08.806+0000][1802.288s][info ][safepoint     ] Leaving safepoint region
[2023-11-09T11:32:08.806+0000][1802.288s][info ][safepoint     ] Total time for which application threads were stopped: 0.0008630 seconds, Stopping threads took: 0.0003532 seconds
[2023-11-09T11:32:09.807+0000][1803.289s][debug][safepoint     ] Safepoint synchronization initiated. (170 threads)
[2023-11-09T11:32:09.807+0000][1803.289s][info ][safepoint     ] Application time: 1.0008737 seconds
[2023-11-09T11:32:09.808+0000][1803.290s][info ][safepoint     ] Entering safepoint region: Cleanup
[2023-11-09T11:32:09.809+0000][1803.290s][info ][safepoint     ] Leaving safepoint region
[2023-11-09T11:32:09.809+0000][1803.291s][info ][safepoint     ] Total time for which application threads were stopped: 0.0009324 seconds, Stopping threads took: 0.0003959 seconds
[2023-11-09T11:32:10.810+0000][1804.291s][debug][safepoint     ] Safepoint synchronization initiated. (170 threads)
[2023-11-09T11:32:10.810+0000][1804.292s][info ][safepoint     ] Application time: 1.0009707 seconds
[2023-11-09T11:32:10.811+0000][1804.293s][info ][safepoint     ] Entering safepoint region: Cleanup
[2023-11-09T11:32:10.812+0000][1804.293s][info ][safepoint     ] Leaving safepoint region
[2023-11-09T11:32:10.812+0000][1804.294s][info ][safepoint     ] Total time for which application threads were stopped: 0.0013007 seconds, Stopping threads took: 0.0005381 seconds
[2023-11-09T11:32:11.813+0000][1805.295s][debug][safepoint     ] Safepoint synchronization initiated. (170 threads)
[2023-11-09T11:32:11.814+0000][1805.296s][info ][safepoint     ] Application time: 1.0010520 seconds
[2023-11-09T11:32:11.814+0000][1805.296s][info ][safepoint     ] Entering safepoint region: Cleanup
[2023-11-09T11:32:11.815+0000][1805.297s][info ][safepoint     ] Leaving safepoint region
[2023-11-09T11:32:11.816+0000][1805.298s][info ][safepoint     ] Total time for which application threads were stopped: 0.0013815 seconds, Stopping threads took: 0.0008039 seconds
[2023-11-09T11:32:12.817+0000][1806.299s][debug][safepoint     ] Safepoint synchronization initiated. (170 threads)
[2023-11-09T11:32:12.818+0000][1806.300s][info ][safepoint     ] Application time: 1.0016074 seconds
[2023-11-09T11:32:12.819+0000][1806.301s][info ][safepoint     ] Entering safepoint region: Cleanup
[2023-11-09T11:32:12.820+0000][1806.302s][info ][safepoint     ] Leaving safepoint region
[2023-11-09T11:32:12.821+0000][1806.303s][info ][safepoint     ] Total time for which application threads were stopped: 0.0021518 seconds, Stopping threads took: 0.0009354 seconds
[2023-11-09T11:32:13.822+0000][1807.304s][debug][safepoint     ] Safepoint synchronization initiated. (170 threads)
[2023-11-09T11:32:13.823+0000][1807.304s][info ][safepoint     ] Application time: 1.0007255 seconds
[2023-11-09T11:32:13.823+0000][1807.305s][info ][safepoint     ] Entering safepoint region: Cleanup
[2023-11-09T11:32:13.824+0000][1807.306s][info ][safepoint     ] Leaving safepoint region
[2023-11-09T11:32:13.824+0000][1807.306s][info ][safepoint     ] Total time for which application threads were stopped: 0.0011469 seconds, Stopping threads took: 0.0004427 seconds
[2023-11-09T11:32:14.825+0000][1808.307s][debug][safepoint     ] Safepoint synchronization initiated. (170 threads)
[2023-11-09T11:32:14.826+0000][1808.307s][info ][safepoint     ] Application time: 1.0010009 seconds
[2023-11-09T11:32:14.826+0000][1808.308s][info ][safepoint     ] Entering safepoint region: Cleanup
[2023-11-09T11:32:14.827+0000][1808.309s][info ][safepoint     ] Leaving safepoint region
[2023-11-09T11:32:14.828+0000][1808.310s][info ][safepoint     ] Total time for which application threads were stopped: 0.0015852 seconds, Stopping threads took: 0.0007963 seconds
[2023-11-09T11:32:15.829+0000][1809.311s][debug][safepoint     ] Safepoint synchronization initiated. (170 threads)
[2023-11-09T11:32:15.830+0000][1809.311s][info ][safepoint     ] Application time: 1.0010161 seconds
[2023-11-09T11:32:15.830+0000][1809.312s][info ][safepoint     ] Entering safepoint region: Cleanup
[2023-11-09T11:32:15.831+0000][1809.313s][info ][safepoint     ] Leaving safepoint region
[2023-11-09T11:32:15.832+0000][1809.313s][info ][safepoint     ] Total time for which application threads were stopped: 0.0015266 seconds, Stopping threads took: 0.0007634 seconds
[2023-11-09T11:32:16.832+0000][1810.314s][debug][safepoint     ] Safepoint synchronization initiated. (170 threads)
[2023-11-09T11:32:16.833+0000][1810.315s][info ][safepoint     ] Application time: 1.0007361 seconds
[2023-11-09T11:32:16.833+0000][1810.315s][info ][safepoint     ] Entering safepoint region: Cleanup
[2023-11-09T11:32:16.834+0000][1810.316s][info ][safepoint     ] Leaving safepoint region
[2023-11-09T11:32:16.834+0000][1810.316s][info ][safepoint     ] Total time for which application threads were stopped: 0.0010473 seconds, Stopping threads took: 0.0005359 seconds
[2023-11-09T11:32:17.835+0000][1811.317s][debug][safepoint     ] Safepoint synchronization initiated. (169 threads)
[2023-11-09T11:32:17.836+0000][1811.317s][info ][safepoint     ] Application time: 1.0008171 seconds
[2023-11-09T11:32:17.836+0000][1811.318s][info ][safepoint     ] Entering safepoint region: Cleanup
[2023-11-09T11:32:17.837+0000][1811.319s][info ][safepoint     ] Leaving safepoint region
[2023-11-09T11:32:17.838+0000][1811.319s][info ][safepoint     ] Total time for which application threads were stopped: 0.0013659 seconds, Stopping threads took: 0.0005892 seconds
[2023-11-09T11:32:53.845+0000][1847.327s][debug][safepoint     ] Safepoint synchronization initiated. (168 threads)
[2023-11-09T11:32:53.846+0000][1847.327s][info ][safepoint     ] Application time: 36.0073752 seconds
[2023-11-09T11:32:53.846+0000][1847.328s][info ][safepoint     ] Entering safepoint region: Cleanup
[2023-11-09T11:32:53.846+0000][1847.328s][info ][safepoint     ] Leaving safepoint region
[2023-11-09T11:32:53.847+0000][1847.328s][info ][safepoint     ] Total time for which application threads were stopped: 0.0008942 seconds, Stopping threads took: 0.0003620 seconds
[2023-11-09T11:33:00.848+0000][1854.330s][debug][safepoint     ] Safepoint synchronization initiated. (167 threads)
[2023-11-09T11:33:00.849+0000][1854.331s][info ][safepoint     ] Application time: 7.0018240 seconds
[2023-11-09T11:33:00.850+0000][1854.331s][info ][safepoint     ] Entering safepoint region: Cleanup
[2023-11-09T11:33:00.850+0000][1854.332s][info ][safepoint     ] Leaving safepoint region
[2023-11-09T11:33:00.851+0000][1854.332s][info ][safepoint     ] Total time for which application threads were stopped: 0.0013458 seconds, Stopping threads took: 0.0006011 seconds
[2023-11-09T11:33:07.234+0000][1860.716s][debug][safepoint     ] Safepoint synchronization initiated. (167 threads)
[2023-11-09T11:33:07.235+0000][1860.717s][info ][safepoint     ] Application time: 6.3836087 seconds
[2023-11-09T11:33:07.236+0000][1860.717s][info ][safepoint     ] Entering safepoint region: G1CollectForAllocation
[2023-11-09T11:33:07.237+0000][1860.718s][info ][gc,start      ] GC(72) Pause Young (Normal) (G1 Evacuation Pause)
[2023-11-09T11:33:07.237+0000][1860.719s][info ][gc,task       ] GC(72) Using 8 workers of 8 for evacuation
[2023-11-09T11:33:07.259+0000][1860.741s][info ][gc,phases     ] GC(72)   Pre Evacuate Collection Set: 0.1ms
[2023-11-09T11:33:07.260+0000][1860.742s][info ][gc,phases     ] GC(72)   Evacuate Collection Set: 16.6ms
[2023-11-09T11:33:07.260+0000][1860.742s][info ][gc,phases     ] GC(72)   Post Evacuate Collection Set: 4.6ms
[2023-11-09T11:33:07.261+0000][1860.743s][info ][gc,phases     ] GC(72)   Other: 1.6ms
[2023-11-09T11:33:07.261+0000][1860.743s][info ][gc,heap       ] GC(72) Eden regions: 190->0(191)
[2023-11-09T11:33:07.262+0000][1860.743s][info ][gc,heap       ] GC(72) Survivor regions: 9->7(25)
[2023-11-09T11:33:07.262+0000][1860.744s][info ][gc,heap       ] GC(72) Old regions: 147->150
[2023-11-09T11:33:07.263+0000][1860.744s][info ][gc,heap       ] GC(72) Humongous regions: 0->0
[2023-11-09T11:33:07.263+0000][1860.745s][info ][gc,metaspace  ] GC(72) Metaspace: 159967K(165328K)->159967K(165328K) NonClass: 141323K(144592K)->141323K(144592K) Class: 18644K(20736K)->18644K(20736K)
[2023-11-09T11:33:07.264+0000][1860.746s][info ][gc            ] GC(72) Pause Young (Normal) (G1 Evacuation Pause) 343M->154M(395M) 27.350ms
[2023-11-09T11:33:07.264+0000][1860.746s][info ][gc,cpu        ] GC(72) User=0.14s Sys=0.02s Real=0.02s
[2023-11-09T11:33:07.265+0000][1860.747s][info ][safepoint     ] Leaving safepoint region
[2023-11-09T11:33:07.266+0000][1860.747s][info ][safepoint     ] Total time for which application threads were stopped: 0.0301887 seconds, Stopping threads took: 0.0007974 seconds
[2023-11-09T11:33:07.266+0000][1860.748s][info ][gc,stringdedup] Concurrent String Deduplication (1860.748s)
[2023-11-09T11:33:07.267+0000][1860.748s][info ][gc,stringdedup] Concurrent String Deduplication 72.0B->72.0B(0.0B) avg 54.3% (1860.748s, 1860.748s) 0.501ms
[2023-11-09T11:33:21.268+0000][1874.750s][debug][safepoint     ] Safepoint synchronization initiated. (167 threads)
[2023-11-09T11:33:21.268+0000][1874.751s][info ][safepoint     ] Application time: 14.0029103 seconds
[2023-11-09T11:33:21.269+0000][1874.751s][info ][safepoint     ] Entering safepoint region: Cleanup
[2023-11-09T11:33:21.270+0000][1874.752s][info ][safepoint     ] Leaving safepoint region
[2023-11-09T11:33:21.270+0000][1874.752s][info ][safepoint     ] Total time for which application threads were stopped: 0.0011693 seconds, Stopping threads took: 0.0005518 seconds
[2023-11-09T11:33:34.273+0000][1887.755s][debug][safepoint     ] Safepoint synchronization initiated. (167 threads)
[2023-11-09T11:33:34.274+0000][1887.756s][info ][safepoint     ] Application time: 13.0034401 seconds
[2023-11-09T11:33:34.274+0000][1887.757s][info ][safepoint     ] Entering safepoint region: Cleanup
[2023-11-09T11:33:34.275+0000][1887.758s][info ][safepoint     ] Leaving safepoint region
[2023-11-09T11:33:34.276+0000][1887.758s][info ][safepoint     ] Total time for which application threads were stopped: 0.0014101 seconds, Stopping threads took: 0.0005847 seconds
[2023-11-09T11:33:37.277+0000][1890.759s][debug][safepoint     ] Safepoint synchronization initiated. (168 threads)
[2023-11-09T11:33:37.277+0000][1890.760s][info ][safepoint     ] Application time: 3.0009407 seconds
[2023-11-09T11:33:37.278+0000][1890.760s][info ][safepoint     ] Entering safepoint region: Cleanup
[2023-11-09T11:33:37.279+0000][1890.761s][info ][safepoint     ] Leaving safepoint region
[2023-11-09T11:33:37.279+0000][1890.761s][info ][safepoint     ] Total time for which application threads were stopped: 0.0010853 seconds, Stopping threads took: 0.0004198 seconds
[2023-11-09T11:33:38.279+0000][1891.762s][debug][safepoint     ] Safepoint synchronization initiated. (168 threads)
[2023-11-09T11:33:38.281+0000][1891.763s][info ][safepoint     ] Application time: 1.0013096 seconds
[2023-11-09T11:33:38.281+0000][1891.763s][info ][safepoint     ] Entering safepoint region: Cleanup
[2023-11-09T11:33:38.282+0000][1891.765s][info ][safepoint     ] Leaving safepoint region
[2023-11-09T11:33:38.283+0000][1891.765s][info ][safepoint     ] Total time for which application threads were stopped: 0.0017978 seconds, Stopping threads took: 0.0005687 seconds
[2023-11-09T11:33:39.284+0000][1892.766s][debug][safepoint     ] Safepoint synchronization initiated. (168 threads)
[2023-11-09T11:33:39.284+0000][1892.766s][info ][safepoint     ] Application time: 1.0006720 seconds
[2023-11-09T11:33:39.285+0000][1892.767s][info ][safepoint     ] Entering safepoint region: Cleanup
[2023-11-09T11:33:39.285+0000][1892.767s][info ][safepoint     ] Leaving safepoint region
[2023-11-09T11:33:39.286+0000][1892.768s][info ][safepoint     ] Total time for which application threads were stopped: 0.0010012 seconds, Stopping threads took: 0.0004393 seconds
[2023-11-09T11:33:40.286+0000][1893.768s][debug][safepoint     ] Safepoint synchronization initiated. (168 threads)
[2023-11-09T11:33:40.287+0000][1893.769s][info ][safepoint     ] Application time: 1.0006780 seconds
[2023-11-09T11:33:40.287+0000][1893.769s][info ][safepoint     ] Entering safepoint region: Cleanup
[2023-11-09T11:33:40.288+0000][1893.770s][info ][safepoint     ] Leaving safepoint region
[2023-11-09T11:33:40.288+0000][1893.770s][info ][safepoint     ] Total time for which application threads were stopped: 0.0010902 seconds, Stopping threads took: 0.0003994 seconds
[2023-11-09T11:33:41.289+0000][1894.771s][debug][safepoint     ] Safepoint synchronization initiated. (168 threads)
[2023-11-09T11:33:41.289+0000][1894.772s][info ][safepoint     ] Application time: 1.0008538 seconds
[2023-11-09T11:33:41.290+0000][1894.772s][info ][safepoint     ] Entering safepoint region: Cleanup
[2023-11-09T11:33:41.291+0000][1894.773s][info ][safepoint     ] Leaving safepoint region
[2023-11-09T11:33:41.291+0000][1894.774s][info ][safepoint     ] Total time for which application threads were stopped: 0.0014576 seconds, Stopping threads took: 0.0005600 seconds
[2023-11-09T11:33:42.292+0000][1895.774s][debug][safepoint     ] Safepoint synchronization initiated. (168 threads)
[2023-11-09T11:33:42.293+0000][1895.775s][info ][safepoint     ] Application time: 1.0007178 seconds
[2023-11-09T11:33:42.293+0000][1895.775s][info ][safepoint     ] Entering safepoint region: Cleanup
[2023-11-09T11:33:42.294+0000][1895.776s][info ][safepoint     ] Leaving safepoint region
[2023-11-09T11:33:42.295+0000][1895.777s][info ][safepoint     ] Total time for which application threads were stopped: 0.0014396 seconds, Stopping threads took: 0.0005525 seconds
[2023-11-09T11:33:43.295+0000][1896.778s][debug][safepoint     ] Safepoint synchronization initiated. (168 threads)
[2023-11-09T11:33:43.296+0000][1896.778s][info ][safepoint     ] Application time: 1.0009031 seconds
[2023-11-09T11:33:43.296+0000][1896.779s][info ][safepoint     ] Entering safepoint region: Cleanup
[2023-11-09T11:33:43.297+0000][1896.779s][info ][safepoint     ] Leaving safepoint region
[2023-11-09T11:33:43.298+0000][1896.780s][info ][safepoint     ] Total time for which application threads were stopped: 0.0012065 seconds, Stopping threads took: 0.0005334 seconds
[2023-11-09T11:33:44.298+0000][1897.780s][debug][safepoint     ] Safepoint synchronization initiated. (168 threads)
[2023-11-09T11:33:44.299+0000][1897.781s][info ][safepoint     ] Application time: 1.0007184 seconds
[2023-11-09T11:33:44.299+0000][1897.782s][info ][safepoint     ] Entering safepoint region: Cleanup
[2023-11-09T11:33:44.300+0000][1897.782s][info ][safepoint     ] Leaving safepoint region
[2023-11-09T11:33:44.301+0000][1897.783s][info ][safepoint     ] Total time for which application threads were stopped: 0.0011908 seconds, Stopping threads took: 0.0005407 seconds
[2023-11-09T11:33:45.301+0000][1898.783s][debug][safepoint     ] Safepoint synchronization initiated. (168 threads)
[2023-11-09T11:33:45.302+0000][1898.784s][info ][safepoint     ] Application time: 1.0007161 seconds
[2023-11-09T11:33:45.302+0000][1898.784s][info ][safepoint     ] Entering safepoint region: Cleanup
[2023-11-09T11:33:45.303+0000][1898.785s][info ][safepoint     ] Leaving safepoint region
[2023-11-09T11:33:45.303+0000][1898.785s][info ][safepoint     ] Total time for which application threads were stopped: 0.0010474 seconds, Stopping threads took: 0.0005076 seconds
[2023-11-09T11:33:46.304+0000][1899.786s][debug][safepoint     ] Safepoint synchronization initiated. (168 threads)
[2023-11-09T11:33:46.304+0000][1899.786s][info ][safepoint     ] Application time: 1.0005438 seconds
[2023-11-09T11:33:46.304+0000][1899.787s][info ][safepoint     ] Entering safepoint region: Cleanup
[2023-11-09T11:33:46.305+0000][1899.787s][info ][safepoint     ] Leaving safepoint region
[2023-11-09T11:33:46.305+0000][1899.787s][info ][safepoint     ] Total time for which application threads were stopped: 0.0008649 seconds, Stopping threads took: 0.0003721 seconds
[2023-11-09T11:33:47.306+0000][1900.788s][debug][safepoint     ] Safepoint synchronization initiated. (168 threads)
[2023-11-09T11:33:47.307+0000][1900.789s][info ][safepoint     ] Application time: 1.0010433 seconds
[2023-11-09T11:33:47.307+0000][1900.789s][info ][safepoint     ] Entering safepoint region: Cleanup
[2023-11-09T11:33:47.308+0000][1900.790s][info ][safepoint     ] Leaving safepoint region
[2023-11-09T11:33:47.309+0000][1900.791s][info ][safepoint     ] Total time for which application threads were stopped: 0.0014757 seconds, Stopping threads took: 0.0007362 seconds
[2023-11-09T11:33:48.309+0000][1901.792s][debug][safepoint     ] Safepoint synchronization initiated. (168 threads)
[2023-11-09T11:33:48.310+0000][1901.792s][info ][safepoint     ] Application time: 1.0007875 seconds
[2023-11-09T11:33:48.311+0000][1901.793s][info ][safepoint     ] Entering safepoint region: Cleanup
[2023-11-09T11:33:48.311+0000][1901.794s][info ][safepoint     ] Leaving safepoint region
[2023-11-09T11:33:48.312+0000][1901.794s][info ][safepoint     ] Total time for which application threads were stopped: 0.0012555 seconds, Stopping threads took: 0.0005561 seconds
[2023-11-09T11:33:49.312+0000][1902.795s][debug][safepoint     ] Safepoint synchronization initiated. (168 threads)
[2023-11-09T11:33:49.313+0000][1902.795s][info ][safepoint     ] Application time: 1.0004673 seconds
[2023-11-09T11:33:49.313+0000][1902.795s][info ][safepoint     ] Entering safepoint region: Cleanup
[2023-11-09T11:33:49.314+0000][1902.796s][info ][safepoint     ] Leaving safepoint region
[2023-11-09T11:33:49.314+0000][1902.796s][info ][safepoint     ] Total time for which application threads were stopped: 0.0007392 seconds, Stopping threads took: 0.0003124 seconds
[2023-11-09T11:33:50.314+0000][1903.796s][debug][safepoint     ] Safepoint synchronization initiated. (168 threads)
[2023-11-09T11:33:50.315+0000][1903.797s][info ][safepoint     ] Application time: 1.0004691 seconds
[2023-11-09T11:33:50.315+0000][1903.797s][info ][safepoint     ] Entering safepoint region: Cleanup
[2023-11-09T11:33:50.315+0000][1903.798s][info ][safepoint     ] Leaving safepoint region
[2023-11-09T11:33:50.316+0000][1903.798s][info ][safepoint     ] Total time for which application threads were stopped: 0.0007387 seconds, Stopping threads took: 0.0003071 seconds
[2023-11-09T11:33:51.316+0000][1904.798s][debug][safepoint     ] Safepoint synchronization initiated. (168 threads)
[2023-11-09T11:33:51.317+0000][1904.799s][info ][safepoint     ] Application time: 1.0012629 seconds
[2023-11-09T11:33:51.318+0000][1904.800s][info ][safepoint     ] Entering safepoint region: Cleanup
[2023-11-09T11:33:51.319+0000][1904.801s][info ][safepoint     ] Leaving safepoint region
[2023-11-09T11:33:51.320+0000][1904.802s][info ][safepoint     ] Total time for which application threads were stopped: 0.0016410 seconds, Stopping threads took: 0.0007159 seconds
[2023-11-09T11:33:52.321+0000][1905.803s][debug][safepoint     ] Safepoint synchronization initiated. (168 threads)
[2023-11-09T11:33:52.321+0000][1905.803s][info ][safepoint     ] Application time: 1.0008932 seconds
[2023-11-09T11:33:52.322+0000][1905.804s][info ][safepoint     ] Entering safepoint region: Cleanup
[2023-11-09T11:33:52.323+0000][1905.805s][info ][safepoint     ] Leaving safepoint region
[2023-11-09T11:33:52.323+0000][1905.805s][info ][safepoint     ] Total time for which application threads were stopped: 0.0013549 seconds, Stopping threads took: 0.0006012 seconds
[2023-11-09T11:33:53.324+0000][1906.806s][debug][safepoint     ] Safepoint synchronization initiated. (168 threads)
[2023-11-09T11:33:53.324+0000][1906.807s][info ][safepoint     ] Application time: 1.0008659 seconds
[2023-11-09T11:33:53.325+0000][1906.807s][info ][safepoint     ] Entering safepoint region: Cleanup
[2023-11-09T11:33:53.326+0000][1906.808s][info ][safepoint     ] Leaving safepoint region
[2023-11-09T11:33:53.326+0000][1906.808s][info ][safepoint     ] Total time for which application threads were stopped: 0.0011099 seconds, Stopping threads took: 0.0005228 seconds
[2023-11-09T11:33:54.327+0000][1907.809s][debug][safepoint     ] Safepoint synchronization initiated. (168 threads)
[2023-11-09T11:33:54.328+0000][1907.810s][info ][safepoint     ] Application time: 1.0011305 seconds
[2023-11-09T11:33:54.328+0000][1907.811s][info ][safepoint     ] Entering safepoint region: Cleanup
[2023-11-09T11:33:54.329+0000][1907.811s][info ][safepoint     ] Leaving safepoint region
[2023-11-09T11:33:54.330+0000][1907.812s][info ][safepoint     ] Total time for which application threads were stopped: 0.0013443 seconds, Stopping threads took: 0.0006275 seconds
[2023-11-09T11:33:55.330+0000][1908.812s][debug][safepoint     ] Safepoint synchronization initiated. (168 threads)
[2023-11-09T11:33:55.331+0000][1908.813s][info ][safepoint     ] Application time: 1.0007420 seconds
[2023-11-09T11:33:55.331+0000][1908.814s][info ][safepoint     ] Entering safepoint region: Cleanup
[2023-11-09T11:33:55.332+0000][1908.814s][info ][safepoint     ] Leaving safepoint region
[2023-11-09T11:33:55.332+0000][1908.814s][info ][safepoint     ] Total time for which application threads were stopped: 0.0008475 seconds, Stopping threads took: 0.0003911 seconds
[2023-11-09T11:33:56.333+0000][1909.815s][debug][safepoint     ] Safepoint synchronization initiated. (168 threads)
[2023-11-09T11:33:56.333+0000][1909.816s][info ][safepoint     ] Application time: 1.0009032 seconds
[2023-11-09T11:33:56.334+0000][1909.816s][info ][safepoint     ] Entering safepoint region: Cleanup
[2023-11-09T11:33:56.335+0000][1909.817s][info ][safepoint     ] Leaving safepoint region
[2023-11-09T11:33:56.335+0000][1909.818s][info ][safepoint     ] Total time for which application threads were stopped: 0.0013987 seconds, Stopping threads took: 0.0006322 seconds
[2023-11-09T11:33:57.336+0000][1910.818s][debug][safepoint     ] Safepoint synchronization initiated. (168 threads)
[2023-11-09T11:33:57.336+0000][1910.819s][info ][safepoint     ] Application time: 1.0006420 seconds
[2023-11-09T11:33:57.337+0000][1910.819s][info ][safepoint     ] Entering safepoint region: Cleanup
[2023-11-09T11:33:57.338+0000][1910.820s][info ][safepoint     ] Leaving safepoint region
[2023-11-09T11:33:57.338+0000][1910.820s][info ][safepoint     ] Total time for which application threads were stopped: 0.0011140 seconds, Stopping threads took: 0.0004802 seconds
[2023-11-09T11:33:58.338+0000][1911.821s][debug][safepoint     ] Safepoint synchronization initiated. (168 threads)
[2023-11-09T11:33:58.339+0000][1911.821s][info ][safepoint     ] Application time: 1.0007041 seconds
[2023-11-09T11:33:58.340+0000][1911.822s][info ][safepoint     ] Entering safepoint region: Cleanup
[2023-11-09T11:33:58.340+0000][1911.823s][info ][safepoint     ] Leaving safepoint region
[2023-11-09T11:33:58.341+0000][1911.823s][info ][safepoint     ] Total time for which application threads were stopped: 0.0011693 seconds, Stopping threads took: 0.0005411 seconds
[2023-11-09T11:33:59.341+0000][1912.824s][debug][safepoint     ] Safepoint synchronization initiated. (168 threads)
[2023-11-09T11:33:59.342+0000][1912.824s][info ][safepoint     ] Application time: 1.0004659 seconds
[2023-11-09T11:33:59.342+0000][1912.824s][info ][safepoint     ] Entering safepoint region: Cleanup
[2023-11-09T11:33:59.342+0000][1912.825s][info ][safepoint     ] Leaving safepoint region
[2023-11-09T11:33:59.343+0000][1912.825s][info ][safepoint     ] Total time for which application threads were stopped: 0.0007752 seconds, Stopping threads took: 0.0002861 seconds
[2023-11-09T11:34:00.343+0000][1913.825s][debug][safepoint     ] Safepoint synchronization initiated. (168 threads)
[2023-11-09T11:34:00.344+0000][1913.826s][info ][safepoint     ] Application time: 1.0011742 seconds
[2023-11-09T11:34:00.345+0000][1913.828s][info ][safepoint     ] Entering safepoint region: Cleanup
[2023-11-09T11:34:00.349+0000][1913.831s][info ][safepoint     ] Leaving safepoint region
[2023-11-09T11:34:00.353+0000][1913.835s][info ][safepoint     ] Total time for which application threads were stopped: 0.0072518 seconds, Stopping threads took: 0.0030306 seconds
[2023-11-09T11:34:01.354+0000][1914.836s][debug][safepoint     ] Safepoint synchronization initiated. (168 threads)
[2023-11-09T11:34:01.354+0000][1914.836s][info ][safepoint     ] Application time: 1.0007720 seconds
[2023-11-09T11:34:01.355+0000][1914.837s][info ][safepoint     ] Entering safepoint region: Cleanup
[2023-11-09T11:34:01.355+0000][1914.837s][info ][safepoint     ] Leaving safepoint region
[2023-11-09T11:34:01.356+0000][1914.838s][info ][safepoint     ] Total time for which application threads were stopped: 0.0010633 seconds, Stopping threads took: 0.0004601 seconds
[2023-11-09T11:34:02.356+0000][1915.838s][debug][safepoint     ] Safepoint synchronization initiated. (168 threads)
[2023-11-09T11:34:02.357+0000][1915.839s][info ][safepoint     ] Application time: 1.0009813 seconds
[2023-11-09T11:34:02.360+0000][1915.842s][info ][safepoint     ] Entering safepoint region: Cleanup
[2023-11-09T11:34:02.361+0000][1915.843s][info ][safepoint     ] Leaving safepoint region
[2023-11-09T11:34:02.362+0000][1915.844s][info ][safepoint     ] Total time for which application threads were stopped: 0.0016395 seconds, Stopping threads took: 0.0005735 seconds
[2023-11-09T11:34:03.363+0000][1916.845s][debug][safepoint     ] Safepoint synchronization initiated. (168 threads)
[2023-11-09T11:34:03.363+0000][1916.845s][info ][safepoint     ] Application time: 1.0007157 seconds
[2023-11-09T11:34:03.364+0000][1916.846s][info ][safepoint     ] Entering safepoint region: Cleanup
[2023-11-09T11:34:03.365+0000][1916.847s][info ][safepoint     ] Leaving safepoint region
[2023-11-09T11:34:03.365+0000][1916.847s][info ][safepoint     ] Total time for which application threads were stopped: 0.0013575 seconds, Stopping threads took: 0.0005677 seconds
[2023-11-09T11:34:04.366+0000][1917.848s][debug][safepoint     ] Safepoint synchronization initiated. (168 threads)
[2023-11-09T11:34:04.367+0000][1917.849s][info ][safepoint     ] Application time: 1.0013033 seconds
[2023-11-09T11:34:04.368+0000][1917.850s][info ][safepoint     ] Entering safepoint region: Cleanup
[2023-11-09T11:34:04.369+0000][1917.852s][info ][safepoint     ] Leaving safepoint region
[2023-11-09T11:34:04.370+0000][1917.853s][info ][safepoint     ] Total time for which application threads were stopped: 0.0023103 seconds, Stopping threads took: 0.0010240 seconds
[2023-11-09T11:34:05.371+0000][1918.853s][debug][safepoint     ] Safepoint synchronization initiated. (168 threads)
[2023-11-09T11:34:05.372+0000][1918.854s][info ][safepoint     ] Application time: 1.0007459 seconds
[2023-11-09T11:34:05.372+0000][1918.855s][info ][safepoint     ] Entering safepoint region: Cleanup
[2023-11-09T11:34:05.373+0000][1918.855s][info ][safepoint     ] Leaving safepoint region
[2023-11-09T11:34:05.374+0000][1918.856s][info ][safepoint     ] Total time for which application threads were stopped: 0.0012031 seconds, Stopping threads took: 0.0005641 seconds
[2023-11-09T11:34:06.374+0000][1919.856s][debug][safepoint     ] Safepoint synchronization initiated. (168 threads)
[2023-11-09T11:34:06.375+0000][1919.857s][info ][safepoint     ] Application time: 1.0005602 seconds
[2023-11-09T11:34:06.375+0000][1919.857s][info ][safepoint     ] Entering safepoint region: Cleanup
[2023-11-09T11:34:06.375+0000][1919.858s][info ][safepoint     ] Leaving safepoint region
[2023-11-09T11:34:06.376+0000][1919.858s][info ][safepoint     ] Total time for which application threads were stopped: 0.0008039 seconds, Stopping threads took: 0.0003256 seconds
[2023-11-09T11:34:07.376+0000][1920.858s][debug][safepoint     ] Safepoint synchronization initiated. (168 threads)
[2023-11-09T11:34:07.377+0000][1920.859s][info ][safepoint     ] Application time: 1.0007423 seconds
[2023-11-09T11:34:07.377+0000][1920.859s][info ][safepoint     ] Entering safepoint region: Cleanup
[2023-11-09T11:34:07.378+0000][1920.860s][info ][safepoint     ] Leaving safepoint region
[2023-11-09T11:34:07.378+0000][1920.860s][info ][safepoint     ] Total time for which application threads were stopped: 0.0010415 seconds, Stopping threads took: 0.0004545 seconds
[2023-11-09T11:34:08.379+0000][1921.861s][debug][safepoint     ] Safepoint synchronization initiated. (168 threads)
[2023-11-09T11:34:08.380+0000][1921.862s][info ][safepoint     ] Application time: 1.0012211 seconds
[2023-11-09T11:34:08.380+0000][1921.862s][info ][safepoint     ] Entering safepoint region: Cleanup
[2023-11-09T11:34:08.381+0000][1921.863s][info ][safepoint     ] Leaving safepoint region
[2023-11-09T11:34:08.382+0000][1921.864s][info ][safepoint     ] Total time for which application threads were stopped: 0.0016680 seconds, Stopping threads took: 0.0008032 seconds
[2023-11-09T11:34:09.383+0000][1922.865s][debug][safepoint     ] Safepoint synchronization initiated. (168 threads)
[2023-11-09T11:34:09.384+0000][1922.866s][info ][safepoint     ] Application time: 1.0007873 seconds
[2023-11-09T11:34:09.384+0000][1922.866s][info ][safepoint     ] Entering safepoint region: Cleanup
[2023-11-09T11:34:09.385+0000][1922.867s][info ][safepoint     ] Leaving safepoint region
[2023-11-09T11:34:09.385+0000][1922.867s][info ][safepoint     ] Total time for which application threads were stopped: 0.0011344 seconds, Stopping threads took: 0.0004555 seconds
[2023-11-09T11:34:10.386+0000][1923.868s][debug][safepoint     ] Safepoint synchronization initiated. (168 threads)
[2023-11-09T11:34:10.386+0000][1923.868s][info ][safepoint     ] Application time: 1.0005733 seconds
[2023-11-09T11:34:10.387+0000][1923.869s][info ][safepoint     ] Entering safepoint region: Cleanup
[2023-11-09T11:34:10.387+0000][1923.869s][info ][safepoint     ] Leaving safepoint region
[2023-11-09T11:34:10.388+0000][1923.870s][info ][safepoint     ] Total time for which application threads were stopped: 0.0010596 seconds, Stopping threads took: 0.0003283 seconds
[2023-11-09T11:34:11.388+0000][1924.870s][debug][safepoint     ] Safepoint synchronization initiated. (168 threads)
[2023-11-09T11:34:11.389+0000][1924.871s][info ][safepoint     ] Application time: 1.0006619 seconds
[2023-11-09T11:34:11.389+0000][1924.871s][info ][safepoint     ] Entering safepoint region: Cleanup
[2023-11-09T11:34:11.390+0000][1924.872s][info ][safepoint     ] Leaving safepoint region
[2023-11-09T11:34:11.390+0000][1924.872s][info ][safepoint     ] Total time for which application threads were stopped: 0.0012163 seconds, Stopping threads took: 0.0005037 seconds
[2023-11-09T11:34:12.391+0000][1925.873s][debug][safepoint     ] Safepoint synchronization initiated. (168 threads)
[2023-11-09T11:34:12.392+0000][1925.874s][info ][safepoint     ] Application time: 1.0010874 seconds
[2023-11-09T11:34:12.393+0000][1925.875s][info ][safepoint     ] Entering safepoint region: Cleanup
[2023-11-09T11:34:12.394+0000][1925.876s][info ][safepoint     ] Leaving safepoint region
[2023-11-09T11:34:12.395+0000][1925.877s][info ][safepoint     ] Total time for which application threads were stopped: 0.0017837 seconds, Stopping threads took: 0.0007745 seconds
[2023-11-09T11:34:13.396+0000][1926.878s][debug][safepoint     ] Safepoint synchronization initiated. (168 threads)
[2023-11-09T11:34:13.397+0000][1926.879s][info ][safepoint     ] Application time: 1.0013675 seconds
[2023-11-09T11:34:13.398+0000][1926.880s][info ][safepoint     ] Entering safepoint region: Cleanup
[2023-11-09T11:34:13.399+0000][1926.881s][info ][safepoint     ] Leaving safepoint region
[2023-11-09T11:34:13.399+0000][1926.881s][info ][safepoint     ] Total time for which application threads were stopped: 0.0018223 seconds, Stopping threads took: 0.0009098 seconds
[2023-11-09T11:34:14.400+0000][1927.882s][debug][safepoint     ] Safepoint synchronization initiated. (168 threads)
[2023-11-09T11:34:14.401+0000][1927.883s][info ][safepoint     ] Application time: 1.0006102 seconds
[2023-11-09T11:34:14.401+0000][1927.883s][info ][safepoint     ] Entering safepoint region: Cleanup
[2023-11-09T11:34:14.402+0000][1927.884s][info ][safepoint     ] Leaving safepoint region
[2023-11-09T11:34:14.402+0000][1927.884s][info ][safepoint     ] Total time for which application threads were stopped: 0.0008908 seconds, Stopping threads took: 0.0003836 seconds
[2023-11-09T11:34:15.402+0000][1928.884s][debug][safepoint     ] Safepoint synchronization initiated. (168 threads)
[2023-11-09T11:34:15.403+0000][1928.885s][info ][safepoint     ] Application time: 1.0006837 seconds
[2023-11-09T11:34:15.403+0000][1928.885s][info ][safepoint     ] Entering safepoint region: Cleanup
[2023-11-09T11:34:15.404+0000][1928.886s][info ][safepoint     ] Leaving safepoint region
[2023-11-09T11:34:15.404+0000][1928.886s][info ][safepoint     ] Total time for which application threads were stopped: 0.0011786 seconds, Stopping threads took: 0.0004968 seconds
[2023-11-09T11:34:16.405+0000][1929.887s][debug][safepoint     ] Safepoint synchronization initiated. (168 threads)
[2023-11-09T11:34:16.406+0000][1929.888s][info ][safepoint     ] Application time: 1.0007339 seconds
[2023-11-09T11:34:16.406+0000][1929.888s][info ][safepoint     ] Entering safepoint region: Cleanup
[2023-11-09T11:34:16.407+0000][1929.889s][info ][safepoint     ] Leaving safepoint region
[2023-11-09T11:34:16.407+0000][1929.889s][info ][safepoint     ] Total time for which application threads were stopped: 0.0009881 seconds, Stopping threads took: 0.0004265 seconds
[2023-11-09T11:34:17.408+0000][1930.890s][debug][safepoint     ] Safepoint synchronization initiated. (168 threads)
[2023-11-09T11:34:17.408+0000][1930.890s][info ][safepoint     ] Application time: 1.0008515 seconds
[2023-11-09T11:34:17.409+0000][1930.891s][info ][safepoint     ] Entering safepoint region: Cleanup
[2023-11-09T11:34:17.409+0000][1930.891s][info ][safepoint     ] Leaving safepoint region
[2023-11-09T11:34:17.410+0000][1930.892s][info ][safepoint     ] Total time for which application threads were stopped: 0.0010092 seconds, Stopping threads took: 0.0004583 seconds
[2023-11-09T11:34:18.410+0000][1931.892s][debug][safepoint     ] Safepoint synchronization initiated. (168 threads)
[2023-11-09T11:34:18.411+0000][1931.893s][info ][safepoint     ] Application time: 1.0008396 seconds
[2023-11-09T11:34:18.411+0000][1931.893s][info ][safepoint     ] Entering safepoint region: Cleanup
[2023-11-09T11:34:18.412+0000][1931.894s][info ][safepoint     ] Leaving safepoint region
[2023-11-09T11:34:18.413+0000][1931.895s][info ][safepoint     ] Total time for which application threads were stopped: 0.0012421 seconds, Stopping threads took: 0.0006198 seconds
[2023-11-09T11:34:19.413+0000][1932.895s][debug][safepoint     ] Safepoint synchronization initiated. (168 threads)
[2023-11-09T11:34:19.414+0000][1932.896s][info ][safepoint     ] Application time: 1.0011231 seconds
[2023-11-09T11:34:19.415+0000][1932.897s][info ][safepoint     ] Entering safepoint region: Cleanup
[2023-11-09T11:34:19.416+0000][1932.898s][info ][safepoint     ] Leaving safepoint region
[2023-11-09T11:34:19.417+0000][1932.899s][info ][safepoint     ] Total time for which application threads were stopped: 0.0020356 seconds, Stopping threads took: 0.0008688 seconds
[2023-11-09T11:34:20.418+0000][1933.900s][debug][safepoint     ] Safepoint synchronization initiated. (168 threads)
[2023-11-09T11:34:20.419+0000][1933.901s][info ][safepoint     ] Application time: 1.0005659 seconds
[2023-11-09T11:34:20.419+0000][1933.901s][info ][safepoint     ] Entering safepoint region: Cleanup
[2023-11-09T11:34:20.419+0000][1933.901s][info ][safepoint     ] Leaving safepoint region
[2023-11-09T11:34:20.420+0000][1933.902s][info ][safepoint     ] Total time for which application threads were stopped: 0.0007355 seconds, Stopping threads took: 0.0002917 seconds
[2023-11-09T11:34:21.420+0000][1934.902s][debug][safepoint     ] Safepoint synchronization initiated. (168 threads)
[2023-11-09T11:34:21.421+0000][1934.903s][info ][safepoint     ] Application time: 1.0007858 seconds
[2023-11-09T11:34:21.421+0000][1934.903s][info ][safepoint     ] Entering safepoint region: Cleanup
[2023-11-09T11:34:21.422+0000][1934.904s][info ][safepoint     ] Leaving safepoint region
[2023-11-09T11:34:21.423+0000][1934.905s][info ][safepoint     ] Total time for which application threads were stopped: 0.0013150 seconds, Stopping threads took: 0.0005935 seconds
[2023-11-09T11:34:22.423+0000][1935.905s][debug][safepoint     ] Safepoint synchronization initiated. (168 threads)
[2023-11-09T11:34:22.424+0000][1935.906s][info ][safepoint     ] Application time: 1.0007824 seconds
[2023-11-09T11:34:22.424+0000][1935.907s][info ][safepoint     ] Entering safepoint region: Cleanup
[2023-11-09T11:34:22.425+0000][1935.907s][info ][safepoint     ] Leaving safepoint region
[2023-11-09T11:34:22.426+0000][1935.908s][info ][safepoint     ] Total time for which application threads were stopped: 0.0012502 seconds, Stopping threads took: 0.0005064 seconds
[2023-11-09T11:34:23.426+0000][1936.908s][debug][safepoint     ] Safepoint synchronization initiated. (168 threads)
[2023-11-09T11:34:23.428+0000][1936.910s][info ][safepoint     ] Application time: 1.0013256 seconds
[2023-11-09T11:34:23.428+0000][1936.910s][info ][safepoint     ] Entering safepoint region: Cleanup
[2023-11-09T11:34:23.429+0000][1936.911s][info ][safepoint     ] Leaving safepoint region
[2023-11-09T11:34:23.430+0000][1936.912s][info ][safepoint     ] Total time for which application threads were stopped: 0.0015499 seconds, Stopping threads took: 0.0006480 seconds
[2023-11-09T11:34:24.431+0000][1937.913s][debug][safepoint     ] Safepoint synchronization initiated. (168 threads)
[2023-11-09T11:34:24.431+0000][1937.913s][info ][safepoint     ] Application time: 1.0007119 seconds
[2023-11-09T11:34:24.432+0000][1937.914s][info ][safepoint     ] Entering safepoint region: Cleanup
[2023-11-09T11:34:24.432+0000][1937.914s][info ][safepoint     ] Leaving safepoint region
[2023-11-09T11:34:24.433+0000][1937.915s][info ][safepoint     ] Total time for which application threads were stopped: 0.0011393 seconds, Stopping threads took: 0.0005049 seconds
[2023-11-09T11:34:25.433+0000][1938.915s][debug][safepoint     ] Safepoint synchronization initiated. (168 threads)
[2023-11-09T11:34:25.434+0000][1938.916s][info ][safepoint     ] Application time: 1.0005900 seconds
[2023-11-09T11:34:25.434+0000][1938.916s][info ][safepoint     ] Entering safepoint region: Cleanup
[2023-11-09T11:34:25.435+0000][1938.917s][info ][safepoint     ] Leaving safepoint region
[2023-11-09T11:34:25.435+0000][1938.917s][info ][safepoint     ] Total time for which application threads were stopped: 0.0007751 seconds, Stopping threads took: 0.0003018 seconds
[2023-11-09T11:34:26.435+0000][1939.917s][debug][safepoint     ] Safepoint synchronization initiated. (168 threads)
[2023-11-09T11:34:26.436+0000][1939.918s][info ][safepoint     ] Application time: 1.0004960 seconds
[2023-11-09T11:34:26.436+0000][1939.918s][info ][safepoint     ] Entering safepoint region: Cleanup
[2023-11-09T11:34:26.437+0000][1939.919s][info ][safepoint     ] Leaving safepoint region
[2023-11-09T11:34:26.437+0000][1939.919s][info ][safepoint     ] Total time for which application threads were stopped: 0.0008060 seconds, Stopping threads took: 0.0003555 seconds
[2023-11-09T11:34:27.437+0000][1940.919s][debug][safepoint     ] Safepoint synchronization initiated. (168 threads)
[2023-11-09T11:34:27.438+0000][1940.920s][info ][safepoint     ] Application time: 1.0006898 seconds
[2023-11-09T11:34:27.438+0000][1940.920s][info ][safepoint     ] Entering safepoint region: Cleanup
[2023-11-09T11:34:27.439+0000][1940.921s][info ][safepoint     ] Leaving safepoint region
[2023-11-09T11:34:27.439+0000][1940.921s][info ][safepoint     ] Total time for which application threads were stopped: 0.0008777 seconds, Stopping threads took: 0.0003646 seconds
[2023-11-09T11:34:28.440+0000][1941.922s][debug][safepoint     ] Safepoint synchronization initiated. (168 threads)
[2023-11-09T11:34:28.441+0000][1941.923s][info ][safepoint     ] Application time: 1.0012716 seconds
[2023-11-09T11:34:28.442+0000][1941.924s][info ][safepoint     ] Entering safepoint region: Cleanup
[2023-11-09T11:34:28.443+0000][1941.925s][info ][safepoint     ] Leaving safepoint region
[2023-11-09T11:34:28.443+0000][1941.925s][info ][safepoint     ] Total time for which application threads were stopped: 0.0016123 seconds, Stopping threads took: 0.0007265 seconds
[2023-11-09T11:34:29.444+0000][1942.926s][debug][safepoint     ] Safepoint synchronization initiated. (168 threads)
[2023-11-09T11:34:29.445+0000][1942.927s][info ][safepoint     ] Application time: 1.0007362 seconds
[2023-11-09T11:34:29.445+0000][1942.927s][info ][safepoint     ] Entering safepoint region: Cleanup
[2023-11-09T11:34:29.446+0000][1942.928s][info ][safepoint     ] Leaving safepoint region
[2023-11-09T11:34:29.446+0000][1942.928s][info ][safepoint     ] Total time for which application threads were stopped: 0.0008349 seconds, Stopping threads took: 0.0003557 seconds
[2023-11-09T11:34:30.447+0000][1943.929s][debug][safepoint     ] Safepoint synchronization initiated. (168 threads)
[2023-11-09T11:34:30.448+0000][1943.930s][info ][safepoint     ] Application time: 1.0012257 seconds
[2023-11-09T11:34:30.448+0000][1943.930s][info ][safepoint     ] Entering safepoint region: Cleanup
[2023-11-09T11:34:30.450+0000][1943.932s][info ][safepoint     ] Leaving safepoint region
[2023-11-09T11:34:30.450+0000][1943.932s][info ][safepoint     ] Total time for which application threads were stopped: 0.0020885 seconds, Stopping threads took: 0.0009157 seconds
[2023-11-09T11:34:31.451+0000][1944.933s][debug][safepoint     ] Safepoint synchronization initiated. (168 threads)
[2023-11-09T11:34:31.452+0000][1944.934s][info ][safepoint     ] Application time: 1.0008693 seconds
[2023-11-09T11:34:31.452+0000][1944.934s][info ][safepoint     ] Entering safepoint region: Cleanup
[2023-11-09T11:34:31.453+0000][1944.935s][info ][safepoint     ] Leaving safepoint region
[2023-11-09T11:34:31.454+0000][1944.936s][info ][safepoint     ] Total time for which application threads were stopped: 0.0016967 seconds, Stopping threads took: 0.0004466 seconds
[2023-11-09T11:34:32.455+0000][1945.937s][debug][safepoint     ] Safepoint synchronization initiated. (168 threads)
[2023-11-09T11:34:32.455+0000][1945.937s][info ][safepoint     ] Application time: 1.0008199 seconds
[2023-11-09T11:34:32.456+0000][1945.938s][info ][safepoint     ] Entering safepoint region: Cleanup
[2023-11-09T11:34:32.457+0000][1945.939s][info ][safepoint     ] Leaving safepoint region
[2023-11-09T11:34:32.457+0000][1945.939s][info ][safepoint     ] Total time for which application threads were stopped: 0.0015599 seconds, Stopping threads took: 0.0006052 seconds
[2023-11-09T11:34:33.458+0000][1946.940s][debug][safepoint     ] Safepoint synchronization initiated. (168 threads)
[2023-11-09T11:34:33.459+0000][1946.941s][info ][safepoint     ] Application time: 1.0009748 seconds
[2023-11-09T11:34:33.460+0000][1946.942s][info ][safepoint     ] Entering safepoint region: Cleanup
[2023-11-09T11:34:33.461+0000][1946.943s][info ][safepoint     ] Leaving safepoint region
[2023-11-09T11:34:33.461+0000][1946.943s][info ][safepoint     ] Total time for which application threads were stopped: 0.0017330 seconds, Stopping threads took: 0.0007433 seconds
[2023-11-09T11:34:34.462+0000][1947.944s][debug][safepoint     ] Safepoint synchronization initiated. (168 threads)
[2023-11-09T11:34:34.463+0000][1947.945s][info ][safepoint     ] Application time: 1.0013072 seconds
[2023-11-09T11:34:34.464+0000][1947.946s][info ][safepoint     ] Entering safepoint region: Cleanup
[2023-11-09T11:34:34.465+0000][1947.947s][info ][safepoint     ] Leaving safepoint region
[2023-11-09T11:34:34.466+0000][1947.948s][info ][safepoint     ] Total time for which application threads were stopped: 0.0017754 seconds, Stopping threads took: 0.0007942 seconds
[2023-11-09T11:34:35.467+0000][1948.949s][debug][safepoint     ] Safepoint synchronization initiated. (168 threads)
[2023-11-09T11:34:35.467+0000][1948.949s][info ][safepoint     ] Application time: 1.0007245 seconds
[2023-11-09T11:34:35.468+0000][1948.950s][info ][safepoint     ] Entering safepoint region: Cleanup
[2023-11-09T11:34:35.468+0000][1948.950s][info ][safepoint     ] Leaving safepoint region
[2023-11-09T11:34:35.469+0000][1948.951s][info ][safepoint     ] Total time for which application threads were stopped: 0.0009990 seconds, Stopping threads took: 0.0004526 seconds
[2023-11-09T11:34:36.469+0000][1949.951s][debug][safepoint     ] Safepoint synchronization initiated. (168 threads)
[2023-11-09T11:34:36.470+0000][1949.952s][info ][safepoint     ] Application time: 1.0011780 seconds
[2023-11-09T11:34:36.471+0000][1949.953s][info ][safepoint     ] Entering safepoint region: Cleanup
[2023-11-09T11:34:36.472+0000][1949.954s][info ][safepoint     ] Leaving safepoint region
[2023-11-09T11:34:36.473+0000][1949.955s][info ][safepoint     ] Total time for which application threads were stopped: 0.0016942 seconds, Stopping threads took: 0.0007725 seconds
[2023-11-09T11:34:37.474+0000][1950.956s][debug][safepoint     ] Safepoint synchronization initiated. (168 threads)
[2023-11-09T11:34:37.474+0000][1950.956s][info ][safepoint     ] Application time: 1.0011533 seconds
[2023-11-09T11:34:37.475+0000][1950.957s][info ][safepoint     ] Entering safepoint region: Cleanup
[2023-11-09T11:34:37.476+0000][1950.958s][info ][safepoint     ] Leaving safepoint region
[2023-11-09T11:34:37.477+0000][1950.959s][info ][safepoint     ] Total time for which application threads were stopped: 0.0015787 seconds, Stopping threads took: 0.0006000 seconds
[2023-11-09T11:34:38.477+0000][1951.959s][debug][safepoint     ] Safepoint synchronization initiated. (168 threads)
[2023-11-09T11:34:38.478+0000][1951.960s][info ][safepoint     ] Application time: 1.0011083 seconds
[2023-11-09T11:34:38.480+0000][1951.962s][info ][safepoint     ] Entering safepoint region: Cleanup
[2023-11-09T11:34:38.481+0000][1951.963s][info ][safepoint     ] Leaving safepoint region
[2023-11-09T11:34:38.481+0000][1951.963s][info ][safepoint     ] Total time for which application threads were stopped: 0.0012082 seconds, Stopping threads took: 0.0005814 seconds
[2023-11-09T11:34:39.482+0000][1952.964s][debug][safepoint     ] Safepoint synchronization initiated. (168 threads)
[2023-11-09T11:34:39.482+0000][1952.964s][info ][safepoint     ] Application time: 1.0007800 seconds
[2023-11-09T11:34:39.483+0000][1952.965s][info ][safepoint     ] Entering safepoint region: Cleanup
[2023-11-09T11:34:39.484+0000][1952.966s][info ][safepoint     ] Leaving safepoint region
[2023-11-09T11:34:39.484+0000][1952.966s][info ][safepoint     ] Total time for which application threads were stopped: 0.0012351 seconds, Stopping threads took: 0.0005208 seconds
[2023-11-09T11:34:40.485+0000][1953.967s][debug][safepoint     ] Safepoint synchronization initiated. (168 threads)
[2023-11-09T11:34:40.485+0000][1953.967s][info ][safepoint     ] Application time: 1.0005466 seconds
[2023-11-09T11:34:40.485+0000][1953.967s][info ][safepoint     ] Entering safepoint region: Cleanup
[2023-11-09T11:34:40.486+0000][1953.968s][info ][safepoint     ] Leaving safepoint region
[2023-11-09T11:34:40.486+0000][1953.968s][info ][safepoint     ] Total time for which application threads were stopped: 0.0007643 seconds, Stopping threads took: 0.0003397 seconds
[2023-11-09T11:34:41.487+0000][1954.969s][debug][safepoint     ] Safepoint synchronization initiated. (168 threads)
[2023-11-09T11:34:41.488+0000][1954.970s][info ][safepoint     ] Application time: 1.0012663 seconds
[2023-11-09T11:34:41.488+0000][1954.970s][info ][safepoint     ] Entering safepoint region: Cleanup
[2023-11-09T11:34:41.489+0000][1954.971s][info ][safepoint     ] Leaving safepoint region
[2023-11-09T11:34:41.490+0000][1954.972s][info ][safepoint     ] Total time for which application threads were stopped: 0.0016891 seconds, Stopping threads took: 0.0007285 seconds
[2023-11-09T11:34:42.491+0000][1955.973s][debug][safepoint     ] Safepoint synchronization initiated. (168 threads)
[2023-11-09T11:34:42.492+0000][1955.974s][info ][safepoint     ] Application time: 1.0012251 seconds
[2023-11-09T11:34:42.493+0000][1955.975s][info ][safepoint     ] Entering safepoint region: Cleanup
[2023-11-09T11:34:42.494+0000][1955.976s][info ][safepoint     ] Leaving safepoint region
[2023-11-09T11:34:42.495+0000][1955.977s][info ][safepoint     ] Total time for which application threads were stopped: 0.0020014 seconds, Stopping threads took: 0.0008330 seconds
[2023-11-09T11:34:43.496+0000][1956.978s][debug][safepoint     ] Safepoint synchronization initiated. (168 threads)
[2023-11-09T11:34:43.497+0000][1956.979s][info ][safepoint     ] Application time: 1.0009429 seconds
[2023-11-09T11:34:43.498+0000][1956.980s][info ][safepoint     ] Entering safepoint region: Cleanup
[2023-11-09T11:34:43.498+0000][1956.980s][info ][safepoint     ] Leaving safepoint region
[2023-11-09T11:34:43.499+0000][1956.981s][info ][safepoint     ] Total time for which application threads were stopped: 0.0012444 seconds, Stopping threads took: 0.0005344 seconds
[2023-11-09T11:34:44.500+0000][1957.982s][debug][safepoint     ] Safepoint synchronization initiated. (168 threads)
[2023-11-09T11:34:44.501+0000][1957.983s][info ][safepoint     ] Application time: 1.0013111 seconds
[2023-11-09T11:34:44.501+0000][1957.983s][info ][safepoint     ] Entering safepoint region: Cleanup
[2023-11-09T11:34:44.503+0000][1957.985s][info ][safepoint     ] Leaving safepoint region
[2023-11-09T11:34:44.503+0000][1957.985s][info ][safepoint     ] Total time for which application threads were stopped: 0.0018130 seconds, Stopping threads took: 0.0008440 seconds
[2023-11-09T11:34:45.504+0000][1958.986s][debug][safepoint     ] Safepoint synchronization initiated. (168 threads)
[2023-11-09T11:34:45.505+0000][1958.987s][info ][safepoint     ] Application time: 1.0005542 seconds
[2023-11-09T11:34:45.505+0000][1958.987s][info ][safepoint     ] Entering safepoint region: Cleanup
[2023-11-09T11:34:45.505+0000][1958.987s][info ][safepoint     ] Leaving safepoint region
[2023-11-09T11:34:45.506+0000][1958.988s][info ][safepoint     ] Total time for which application threads were stopped: 0.0008482 seconds, Stopping threads took: 0.0003403 seconds
[2023-11-09T11:34:46.506+0000][1959.988s][debug][safepoint     ] Safepoint synchronization initiated. (168 threads)
[2023-11-09T11:34:46.507+0000][1959.989s][info ][safepoint     ] Application time: 1.0005959 seconds
[2023-11-09T11:34:46.507+0000][1959.989s][info ][safepoint     ] Entering safepoint region: Cleanup
[2023-11-09T11:34:46.507+0000][1959.990s][info ][safepoint     ] Leaving safepoint region
[2023-11-09T11:34:46.508+0000][1959.990s][info ][safepoint     ] Total time for which application threads were stopped: 0.0010024 seconds, Stopping threads took: 0.0004053 seconds
[2023-11-09T11:34:47.508+0000][1960.990s][debug][safepoint     ] Safepoint synchronization initiated. (168 threads)
[2023-11-09T11:34:47.509+0000][1960.991s][info ][safepoint     ] Application time: 1.0008607 seconds
[2023-11-09T11:34:47.509+0000][1960.992s][info ][safepoint     ] Entering safepoint region: Cleanup
[2023-11-09T11:34:47.510+0000][1960.992s][info ][safepoint     ] Leaving safepoint region
[2023-11-09T11:34:47.511+0000][1960.993s][info ][safepoint     ] Total time for which application threads were stopped: 0.0012008 seconds, Stopping threads took: 0.0005502 seconds
[2023-11-09T11:34:48.511+0000][1961.993s][debug][safepoint     ] Safepoint synchronization initiated. (168 threads)
[2023-11-09T11:34:48.512+0000][1961.994s][info ][safepoint     ] Application time: 1.0007137 seconds
[2023-11-09T11:34:48.512+0000][1961.994s][info ][safepoint     ] Entering safepoint region: Cleanup
[2023-11-09T11:34:48.513+0000][1961.995s][info ][safepoint     ] Leaving safepoint region
[2023-11-09T11:34:48.513+0000][1961.995s][info ][safepoint     ] Total time for which application threads were stopped: 0.0010584 seconds, Stopping threads took: 0.0004320 seconds
[2023-11-09T11:34:49.514+0000][1962.996s][debug][safepoint     ] Safepoint synchronization initiated. (168 threads)
[2023-11-09T11:34:49.515+0000][1962.997s][info ][safepoint     ] Application time: 1.0008930 seconds
[2023-11-09T11:34:49.515+0000][1962.997s][info ][safepoint     ] Entering safepoint region: Cleanup
[2023-11-09T11:34:49.516+0000][1962.998s][info ][safepoint     ] Leaving safepoint region
[2023-11-09T11:34:49.516+0000][1962.998s][info ][safepoint     ] Total time for which application threads were stopped: 0.0010845 seconds, Stopping threads took: 0.0005319 seconds
[2023-11-09T11:34:50.517+0000][1963.999s][debug][safepoint     ] Safepoint synchronization initiated. (168 threads)
[2023-11-09T11:34:50.518+0000][1964.000s][info ][safepoint     ] Application time: 1.0010637 seconds
[2023-11-09T11:34:50.518+0000][1964.000s][info ][safepoint     ] Entering safepoint region: Cleanup
[2023-11-09T11:34:50.519+0000][1964.001s][info ][safepoint     ] Leaving safepoint region
[2023-11-09T11:34:50.520+0000][1964.002s][info ][safepoint     ] Total time for which application threads were stopped: 0.0017005 seconds, Stopping threads took: 0.0007216 seconds
[2023-11-09T11:34:51.521+0000][1965.003s][debug][safepoint     ] Safepoint synchronization initiated. (168 threads)
[2023-11-09T11:34:51.521+0000][1965.003s][info ][safepoint     ] Application time: 1.0007714 seconds
[2023-11-09T11:34:51.522+0000][1965.004s][info ][safepoint     ] Entering safepoint region: Cleanup
[2023-11-09T11:34:51.522+0000][1965.004s][info ][safepoint     ] Leaving safepoint region
[2023-11-09T11:34:51.523+0000][1965.005s][info ][safepoint     ] Total time for which application threads were stopped: 0.0010754 seconds, Stopping threads took: 0.0004958 seconds
[2023-11-09T11:34:52.523+0000][1966.005s][debug][safepoint     ] Safepoint synchronization initiated. (168 threads)
[2023-11-09T11:34:52.524+0000][1966.006s][info ][safepoint     ] Application time: 1.0005707 seconds
[2023-11-09T11:34:52.524+0000][1966.006s][info ][safepoint     ] Entering safepoint region: Cleanup
[2023-11-09T11:34:52.524+0000][1966.007s][info ][safepoint     ] Leaving safepoint region
[2023-11-09T11:34:52.525+0000][1966.007s][info ][safepoint     ] Total time for which application threads were stopped: 0.0008090 seconds, Stopping threads took: 0.0003276 seconds
[2023-11-09T11:34:53.525+0000][1967.007s][debug][safepoint     ] Safepoint synchronization initiated. (168 threads)
[2023-11-09T11:34:53.526+0000][1967.008s][info ][safepoint     ] Application time: 1.0009548 seconds
[2023-11-09T11:34:53.527+0000][1967.009s][info ][safepoint     ] Entering safepoint region: Cleanup
[2023-11-09T11:34:53.528+0000][1967.010s][info ][safepoint     ] Leaving safepoint region
[2023-11-09T11:34:53.528+0000][1967.010s][info ][safepoint     ] Total time for which application threads were stopped: 0.0015360 seconds, Stopping threads took: 0.0007870 seconds
[2023-11-09T11:34:54.529+0000][1968.011s][debug][safepoint     ] Safepoint synchronization initiated. (168 threads)
[2023-11-09T11:34:54.529+0000][1968.011s][info ][safepoint     ] Application time: 1.0006899 seconds
[2023-11-09T11:34:54.530+0000][1968.012s][info ][safepoint     ] Entering safepoint region: Cleanup
[2023-11-09T11:34:54.532+0000][1968.014s][info ][safepoint     ] Leaving safepoint region
[2023-11-09T11:34:54.533+0000][1968.015s][info ][safepoint     ] Total time for which application threads were stopped: 0.0025655 seconds, Stopping threads took: 0.0018434 seconds
[2023-11-09T11:34:55.534+0000][1969.016s][debug][safepoint     ] Safepoint synchronization initiated. (168 threads)
[2023-11-09T11:34:55.534+0000][1969.016s][info ][safepoint     ] Application time: 1.0006842 seconds
[2023-11-09T11:34:55.535+0000][1969.017s][info ][safepoint     ] Entering safepoint region: Cleanup
[2023-11-09T11:34:55.535+0000][1969.017s][info ][safepoint     ] Leaving safepoint region
[2023-11-09T11:34:55.536+0000][1969.018s][info ][safepoint     ] Total time for which application threads were stopped: 0.0010924 seconds, Stopping threads took: 0.0004500 seconds
[2023-11-09T11:34:56.536+0000][1970.018s][debug][safepoint     ] Safepoint synchronization initiated. (168 threads)
[2023-11-09T11:34:56.537+0000][1970.019s][info ][safepoint     ] Application time: 1.0012573 seconds
[2023-11-09T11:34:56.538+0000][1970.020s][info ][safepoint     ] Entering safepoint region: Cleanup
[2023-11-09T11:34:56.539+0000][1970.021s][info ][safepoint     ] Leaving safepoint region
[2023-11-09T11:34:56.540+0000][1970.022s][info ][safepoint     ] Total time for which application threads were stopped: 0.0015259 seconds, Stopping threads took: 0.0007386 seconds
[2023-11-09T11:34:57.540+0000][1971.022s][debug][safepoint     ] Safepoint synchronization initiated. (168 threads)
[2023-11-09T11:34:57.541+0000][1971.023s][info ][safepoint     ] Application time: 1.0009405 seconds
[2023-11-09T11:34:57.542+0000][1971.024s][info ][safepoint     ] Entering safepoint region: Cleanup
[2023-11-09T11:34:57.543+0000][1971.025s][info ][safepoint     ] Leaving safepoint region
[2023-11-09T11:34:57.544+0000][1971.026s][info ][safepoint     ] Total time for which application threads were stopped: 0.0019052 seconds, Stopping threads took: 0.0008922 seconds
[2023-11-09T11:34:58.545+0000][1972.027s][debug][safepoint     ] Safepoint synchronization initiated. (168 threads)
[2023-11-09T11:34:58.545+0000][1972.027s][info ][safepoint     ] Application time: 1.0007696 seconds
[2023-11-09T11:34:58.546+0000][1972.028s][info ][safepoint     ] Entering safepoint region: Cleanup
[2023-11-09T11:34:58.547+0000][1972.029s][info ][safepoint     ] Leaving safepoint region
[2023-11-09T11:34:58.547+0000][1972.029s][info ][safepoint     ] Total time for which application threads were stopped: 0.0015221 seconds, Stopping threads took: 0.0006238 seconds
[2023-11-09T11:34:59.548+0000][1973.030s][debug][safepoint     ] Safepoint synchronization initiated. (168 threads)
[2023-11-09T11:34:59.549+0000][1973.031s][info ][safepoint     ] Application time: 1.0007875 seconds
[2023-11-09T11:34:59.549+0000][1973.031s][info ][safepoint     ] Entering safepoint region: Cleanup
[2023-11-09T11:34:59.550+0000][1973.032s][info ][safepoint     ] Leaving safepoint region
[2023-11-09T11:34:59.550+0000][1973.032s][info ][safepoint     ] Total time for which application threads were stopped: 0.0012844 seconds, Stopping threads took: 0.0005949 seconds
[2023-11-09T11:35:00.551+0000][1974.033s][debug][safepoint     ] Safepoint synchronization initiated. (168 threads)
[2023-11-09T11:35:00.551+0000][1974.033s][info ][safepoint     ] Application time: 1.0005846 seconds
[2023-11-09T11:35:00.552+0000][1974.034s][info ][safepoint     ] Entering safepoint region: Cleanup
[2023-11-09T11:35:00.553+0000][1974.035s][info ][safepoint     ] Leaving safepoint region
[2023-11-09T11:35:00.553+0000][1974.035s][info ][safepoint     ] Total time for which application threads were stopped: 0.0009153 seconds, Stopping threads took: 0.0004109 seconds
[2023-11-09T11:35:01.554+0000][1975.036s][debug][safepoint     ] Safepoint synchronization initiated. (168 threads)
[2023-11-09T11:35:01.554+0000][1975.036s][info ][safepoint     ] Application time: 1.0010323 seconds
[2023-11-09T11:35:01.555+0000][1975.037s][info ][safepoint     ] Entering safepoint region: Cleanup
[2023-11-09T11:35:01.556+0000][1975.038s][info ][safepoint     ] Leaving safepoint region
[2023-11-09T11:35:01.556+0000][1975.038s][info ][safepoint     ] Total time for which application threads were stopped: 0.0011343 seconds, Stopping threads took: 0.0005591 seconds
[2023-11-09T11:35:02.557+0000][1976.039s][debug][safepoint     ] Safepoint synchronization initiated. (168 threads)
[2023-11-09T11:35:02.557+0000][1976.039s][info ][safepoint     ] Application time: 1.0009013 seconds
[2023-11-09T11:35:02.558+0000][1976.040s][info ][safepoint     ] Entering safepoint region: Cleanup
[2023-11-09T11:35:02.559+0000][1976.041s][info ][safepoint     ] Leaving safepoint region
[2023-11-09T11:35:02.559+0000][1976.041s][info ][safepoint     ] Total time for which application threads were stopped: 0.0012505 seconds, Stopping threads took: 0.0005213 seconds
[2023-11-09T11:35:03.560+0000][1977.042s][debug][safepoint     ] Safepoint synchronization initiated. (168 threads)
[2023-11-09T11:35:03.560+0000][1977.042s][info ][safepoint     ] Application time: 1.0007145 seconds
[2023-11-09T11:35:03.561+0000][1977.043s][info ][safepoint     ] Entering safepoint region: Cleanup
[2023-11-09T11:35:03.561+0000][1977.043s][info ][safepoint     ] Leaving safepoint region
[2023-11-09T11:35:03.562+0000][1977.044s][info ][safepoint     ] Total time for which application threads were stopped: 0.0010402 seconds, Stopping threads took: 0.0004139 seconds
[2023-11-09T11:35:04.562+0000][1978.044s][debug][safepoint     ] Safepoint synchronization initiated. (168 threads)
[2023-11-09T11:35:04.563+0000][1978.045s][info ][safepoint     ] Application time: 1.0005428 seconds
[2023-11-09T11:35:04.563+0000][1978.045s][info ][safepoint     ] Entering safepoint region: Cleanup
[2023-11-09T11:35:04.564+0000][1978.046s][info ][safepoint     ] Leaving safepoint region
[2023-11-09T11:35:04.564+0000][1978.046s][info ][safepoint     ] Total time for which application threads were stopped: 0.0009162 seconds, Stopping threads took: 0.0003824 seconds
[2023-11-09T11:35:05.565+0000][1979.047s][debug][safepoint     ] Safepoint synchronization initiated. (168 threads)
[2023-11-09T11:35:05.566+0000][1979.048s][info ][safepoint     ] Application time: 1.0013608 seconds
[2023-11-09T11:35:05.567+0000][1979.049s][info ][safepoint     ] Entering safepoint region: Cleanup
[2023-11-09T11:35:05.568+0000][1979.050s][info ][safepoint     ] Leaving safepoint region
[2023-11-09T11:35:05.569+0000][1979.051s][info ][safepoint     ] Total time for which application threads were stopped: 0.0019476 seconds, Stopping threads took: 0.0008559 seconds
[2023-11-09T11:35:06.569+0000][1980.051s][debug][safepoint     ] Safepoint synchronization initiated. (168 threads)
[2023-11-09T11:35:06.570+0000][1980.052s][info ][safepoint     ] Application time: 1.0007118 seconds
[2023-11-09T11:35:06.570+0000][1980.052s][info ][safepoint     ] Entering safepoint region: Cleanup
[2023-11-09T11:35:06.571+0000][1980.053s][info ][safepoint     ] Leaving safepoint region
[2023-11-09T11:35:06.571+0000][1980.054s][info ][safepoint     ] Total time for which application threads were stopped: 0.0010991 seconds, Stopping threads took: 0.0004531 seconds
[2023-11-09T11:35:07.572+0000][1981.054s][debug][safepoint     ] Safepoint synchronization initiated. (168 threads)
[2023-11-09T11:35:07.573+0000][1981.055s][info ][safepoint     ] Application time: 1.0008621 seconds
[2023-11-09T11:35:07.573+0000][1981.055s][info ][safepoint     ] Entering safepoint region: Cleanup
[2023-11-09T11:35:07.574+0000][1981.056s][info ][safepoint     ] Leaving safepoint region
[2023-11-09T11:35:07.574+0000][1981.056s][info ][safepoint     ] Total time for which application threads were stopped: 0.0010565 seconds, Stopping threads took: 0.0004269 seconds
[2023-11-09T11:35:08.575+0000][1982.057s][debug][safepoint     ] Safepoint synchronization initiated. (168 threads)
[2023-11-09T11:35:08.575+0000][1982.057s][info ][safepoint     ] Application time: 1.0005006 seconds
[2023-11-09T11:35:08.576+0000][1982.058s][info ][safepoint     ] Entering safepoint region: Cleanup
[2023-11-09T11:35:08.576+0000][1982.058s][info ][safepoint     ] Leaving safepoint region
[2023-11-09T11:35:08.577+0000][1982.059s][info ][safepoint     ] Total time for which application threads were stopped: 0.0010588 seconds, Stopping threads took: 0.0004550 seconds
[2023-11-09T11:35:09.578+0000][1983.060s][debug][safepoint     ] Safepoint synchronization initiated. (168 threads)
[2023-11-09T11:35:09.579+0000][1983.061s][info ][safepoint     ] Application time: 1.0011208 seconds
[2023-11-09T11:35:09.579+0000][1983.062s][info ][safepoint     ] Entering safepoint region: Cleanup
[2023-11-09T11:35:09.580+0000][1983.062s][info ][safepoint     ] Leaving safepoint region
[2023-11-09T11:35:09.581+0000][1983.063s][info ][safepoint     ] Total time for which application threads were stopped: 0.0014543 seconds, Stopping threads took: 0.0005519 seconds
[2023-11-09T11:35:10.582+0000][1984.064s][debug][safepoint     ] Safepoint synchronization initiated. (168 threads)
[2023-11-09T11:35:10.582+0000][1984.064s][info ][safepoint     ] Application time: 1.0007913 seconds
[2023-11-09T11:35:10.583+0000][1984.065s][info ][safepoint     ] Entering safepoint region: Cleanup
[2023-11-09T11:35:10.583+0000][1984.065s][info ][safepoint     ] Leaving safepoint region
[2023-11-09T11:35:10.584+0000][1984.066s][info ][safepoint     ] Total time for which application threads were stopped: 0.0009341 seconds, Stopping threads took: 0.0003752 seconds
[2023-11-09T11:35:11.584+0000][1985.066s][debug][safepoint     ] Safepoint synchronization initiated. (168 threads)
[2023-11-09T11:35:11.585+0000][1985.067s][info ][safepoint     ] Application time: 1.0009325 seconds
[2023-11-09T11:35:11.586+0000][1985.068s][info ][safepoint     ] Entering safepoint region: Cleanup
[2023-11-09T11:35:11.586+0000][1985.068s][info ][safepoint     ] Leaving safepoint region
[2023-11-09T11:35:11.587+0000][1985.069s][info ][safepoint     ] Total time for which application threads were stopped: 0.0013023 seconds, Stopping threads took: 0.0006035 seconds
[2023-11-09T11:35:12.588+0000][1986.070s][debug][safepoint     ] Safepoint synchronization initiated. (168 threads)
[2023-11-09T11:35:12.589+0000][1986.071s][info ][safepoint     ] Application time: 1.0012055 seconds
[2023-11-09T11:35:12.589+0000][1986.072s][info ][safepoint     ] Entering safepoint region: Cleanup
[2023-11-09T11:35:12.590+0000][1986.072s][info ][safepoint     ] Leaving safepoint region
[2023-11-09T11:35:12.591+0000][1986.073s][info ][safepoint     ] Total time for which application threads were stopped: 0.0015772 seconds, Stopping threads took: 0.0007044 seconds
[2023-11-09T11:35:13.592+0000][1987.074s][debug][safepoint     ] Safepoint synchronization initiated. (168 threads)
[2023-11-09T11:35:13.593+0000][1987.075s][info ][safepoint     ] Application time: 1.0012272 seconds
[2023-11-09T11:35:13.594+0000][1987.076s][info ][safepoint     ] Entering safepoint region: Cleanup
[2023-11-09T11:35:13.595+0000][1987.077s][info ][safepoint     ] Leaving safepoint region
[2023-11-09T11:35:13.595+0000][1987.077s][info ][safepoint     ] Total time for which application threads were stopped: 0.0015670 seconds, Stopping threads took: 0.0007061 seconds
[2023-11-09T11:35:14.596+0000][1988.078s][debug][safepoint     ] Safepoint synchronization initiated. (168 threads)
[2023-11-09T11:35:14.596+0000][1988.078s][info ][safepoint     ] Application time: 1.0005927 seconds
[2023-11-09T11:35:14.597+0000][1988.079s][info ][safepoint     ] Entering safepoint region: Cleanup
[2023-11-09T11:35:14.598+0000][1988.080s][info ][safepoint     ] Leaving safepoint region
[2023-11-09T11:35:14.598+0000][1988.080s][info ][safepoint     ] Total time for which application threads were stopped: 0.0011539 seconds, Stopping threads took: 0.0004922 seconds
[2023-11-09T11:35:15.599+0000][1989.081s][debug][safepoint     ] Safepoint synchronization initiated. (168 threads)
[2023-11-09T11:35:15.599+0000][1989.081s][info ][safepoint     ] Application time: 1.0007846 seconds
[2023-11-09T11:35:15.600+0000][1989.082s][info ][safepoint     ] Entering safepoint region: Cleanup
[2023-11-09T11:35:15.600+0000][1989.082s][info ][safepoint     ] Leaving safepoint region
[2023-11-09T11:35:15.601+0000][1989.083s][info ][safepoint     ] Total time for which application threads were stopped: 0.0010858 seconds, Stopping threads took: 0.0004449 seconds
[2023-11-09T11:35:16.601+0000][1990.083s][debug][safepoint     ] Safepoint synchronization initiated. (168 threads)
[2023-11-09T11:35:16.602+0000][1990.084s][info ][safepoint     ] Application time: 1.0006878 seconds
[2023-11-09T11:35:16.602+0000][1990.084s][info ][safepoint     ] Entering safepoint region: Cleanup
[2023-11-09T11:35:16.603+0000][1990.085s][info ][safepoint     ] Leaving safepoint region
[2023-11-09T11:35:16.604+0000][1990.086s][info ][safepoint     ] Total time for which application threads were stopped: 0.0011663 seconds, Stopping threads took: 0.0004978 seconds
[2023-11-09T11:35:17.604+0000][1991.086s][debug][safepoint     ] Safepoint synchronization initiated. (168 threads)
[2023-11-09T11:35:17.605+0000][1991.087s][info ][safepoint     ] Application time: 1.0007409 seconds
[2023-11-09T11:35:17.605+0000][1991.087s][info ][safepoint     ] Entering safepoint region: Cleanup
[2023-11-09T11:35:17.606+0000][1991.088s][info ][safepoint     ] Leaving safepoint region
[2023-11-09T11:35:17.606+0000][1991.089s][info ][safepoint     ] Total time for which application threads were stopped: 0.0011728 seconds, Stopping threads took: 0.0004712 seconds
[2023-11-09T11:35:18.607+0000][1992.089s][debug][safepoint     ] Safepoint synchronization initiated. (168 threads)
[2023-11-09T11:35:18.608+0000][1992.090s][info ][safepoint     ] Application time: 1.0008119 seconds
[2023-11-09T11:35:18.608+0000][1992.090s][info ][safepoint     ] Entering safepoint region: Cleanup
[2023-11-09T11:35:18.609+0000][1992.091s][info ][safepoint     ] Leaving safepoint region
[2023-11-09T11:35:18.609+0000][1992.091s][info ][safepoint     ] Total time for which application threads were stopped: 0.0008693 seconds, Stopping threads took: 0.0003591 seconds
[2023-11-09T11:35:19.609+0000][1993.091s][debug][safepoint     ] Safepoint synchronization initiated. (168 threads)
[2023-11-09T11:35:19.610+0000][1993.092s][info ][safepoint     ] Application time: 1.0006801 seconds
[2023-11-09T11:35:19.610+0000][1993.093s][info ][safepoint     ] Entering safepoint region: Cleanup
[2023-11-09T11:35:19.611+0000][1993.093s][info ][safepoint     ] Leaving safepoint region
[2023-11-09T11:35:19.612+0000][1993.094s][info ][safepoint     ] Total time for which application threads were stopped: 0.0012532 seconds, Stopping threads took: 0.0004896 seconds
[2023-11-09T11:35:20.612+0000][1994.094s][debug][safepoint     ] Safepoint synchronization initiated. (168 threads)
[2023-11-09T11:35:20.613+0000][1994.095s][info ][safepoint     ] Application time: 1.0009663 seconds
[2023-11-09T11:35:20.614+0000][1994.096s][info ][safepoint     ] Entering safepoint region: Cleanup
[2023-11-09T11:35:20.615+0000][1994.097s][info ][safepoint     ] Leaving safepoint region
[2023-11-09T11:35:20.616+0000][1994.098s][info ][safepoint     ] Total time for which application threads were stopped: 0.0016399 seconds, Stopping threads took: 0.0007474 seconds
[2023-11-09T11:35:21.616+0000][1995.099s][debug][safepoint     ] Safepoint synchronization initiated. (168 threads)
[2023-11-09T11:35:21.618+0000][1995.100s][info ][safepoint     ] Application time: 1.0013869 seconds
[2023-11-09T11:35:21.619+0000][1995.101s][info ][safepoint     ] Entering safepoint region: Cleanup
[2023-11-09T11:35:21.620+0000][1995.102s][info ][safepoint     ] Leaving safepoint region
[2023-11-09T11:35:21.621+0000][1995.103s][info ][safepoint     ] Total time for which application threads were stopped: 0.0020712 seconds, Stopping threads took: 0.0010192 seconds
[2023-11-09T11:35:22.621+0000][1996.103s][debug][safepoint     ] Safepoint synchronization initiated. (168 threads)
[2023-11-09T11:35:22.622+0000][1996.104s][info ][safepoint     ] Application time: 1.0007877 seconds
[2023-11-09T11:35:22.622+0000][1996.105s][info ][safepoint     ] Entering safepoint region: Cleanup
[2023-11-09T11:35:22.623+0000][1996.105s][info ][safepoint     ] Leaving safepoint region
[2023-11-09T11:35:22.623+0000][1996.105s][info ][safepoint     ] Total time for which application threads were stopped: 0.0009241 seconds, Stopping threads took: 0.0003875 seconds
[2023-11-09T11:35:23.624+0000][1997.106s][debug][safepoint     ] Safepoint synchronization initiated. (168 threads)
[2023-11-09T11:35:23.624+0000][1997.107s][info ][safepoint     ] Application time: 1.0006309 seconds
[2023-11-09T11:35:23.625+0000][1997.107s][info ][safepoint     ] Entering safepoint region: Cleanup
[2023-11-09T11:35:23.625+0000][1997.107s][info ][safepoint     ] Leaving safepoint region
[2023-11-09T11:35:23.626+0000][1997.108s][info ][safepoint     ] Total time for which application threads were stopped: 0.0008367 seconds, Stopping threads took: 0.0003381 seconds
[2023-11-09T11:35:24.626+0000][1998.108s][debug][safepoint     ] Safepoint synchronization initiated. (168 threads)
[2023-11-09T11:35:24.627+0000][1998.110s][info ][safepoint     ] Application time: 1.0014613 seconds
[2023-11-09T11:35:24.628+0000][1998.110s][info ][safepoint     ] Entering safepoint region: Cleanup
[2023-11-09T11:35:24.629+0000][1998.111s][info ][safepoint     ] Leaving safepoint region
[2023-11-09T11:35:24.630+0000][1998.112s][info ][safepoint     ] Total time for which application threads were stopped: 0.0015392 seconds, Stopping threads took: 0.0008069 seconds
[2023-11-09T11:35:25.631+0000][1999.113s][debug][safepoint     ] Safepoint synchronization initiated. (168 threads)
[2023-11-09T11:35:25.631+0000][1999.114s][info ][safepoint     ] Application time: 1.0011440 seconds
[2023-11-09T11:35:25.632+0000][1999.114s][info ][safepoint     ] Entering safepoint region: Cleanup
[2023-11-09T11:35:25.633+0000][1999.115s][info ][safepoint     ] Leaving safepoint region
[2023-11-09T11:35:25.633+0000][1999.116s][info ][safepoint     ] Total time for which application threads were stopped: 0.0013439 seconds, Stopping threads took: 0.0005825 seconds
[2023-11-09T11:35:26.634+0000][2000.116s][debug][safepoint     ] Safepoint synchronization initiated. (168 threads)
[2023-11-09T11:35:26.635+0000][2000.118s][info ][safepoint     ] Application time: 1.0013869 seconds
[2023-11-09T11:35:26.636+0000][2000.118s][info ][safepoint     ] Entering safepoint region: Cleanup
[2023-11-09T11:35:26.638+0000][2000.120s][info ][safepoint     ] Leaving safepoint region
[2023-11-09T11:35:26.638+0000][2000.120s][info ][safepoint     ] Total time for which application threads were stopped: 0.0018507 seconds, Stopping threads took: 0.0008937 seconds
[2023-11-09T11:35:27.639+0000][2001.121s][debug][safepoint     ] Safepoint synchronization initiated. (168 threads)
[2023-11-09T11:35:27.639+0000][2001.122s][info ][safepoint     ] Application time: 1.0006245 seconds
[2023-11-09T11:35:27.640+0000][2001.122s][info ][safepoint     ] Entering safepoint region: Cleanup
[2023-11-09T11:35:27.640+0000][2001.122s][info ][safepoint     ] Leaving safepoint region
[2023-11-09T11:35:27.641+0000][2001.123s][info ][safepoint     ] Total time for which application threads were stopped: 0.0010202 seconds, Stopping threads took: 0.0004110 seconds
[2023-11-09T11:35:28.641+0000][2002.124s][debug][safepoint     ] Safepoint synchronization initiated. (168 threads)
[2023-11-09T11:35:28.642+0000][2002.124s][info ][safepoint     ] Application time: 1.0008558 seconds
[2023-11-09T11:35:28.643+0000][2002.125s][info ][safepoint     ] Entering safepoint region: Cleanup
[2023-11-09T11:35:28.643+0000][2002.125s][info ][safepoint     ] Leaving safepoint region
[2023-11-09T11:35:28.644+0000][2002.126s][info ][safepoint     ] Total time for which application threads were stopped: 0.0009796 seconds, Stopping threads took: 0.0004720 seconds
[2023-11-09T11:35:29.644+0000][2003.126s][debug][safepoint     ] Safepoint synchronization initiated. (168 threads)
[2023-11-09T11:35:29.645+0000][2003.127s][info ][safepoint     ] Application time: 1.0007531 seconds
[2023-11-09T11:35:29.645+0000][2003.127s][info ][safepoint     ] Entering safepoint region: Cleanup
[2023-11-09T11:35:29.645+0000][2003.127s][info ][safepoint     ] Leaving safepoint region
[2023-11-09T11:35:29.646+0000][2003.128s][info ][safepoint     ] Total time for which application threads were stopped: 0.0008106 seconds, Stopping threads took: 0.0003046 seconds
[2023-11-09T11:35:30.646+0000][2004.128s][debug][safepoint     ] Safepoint synchronization initiated. (168 threads)
[2023-11-09T11:35:30.647+0000][2004.130s][info ][safepoint     ] Application time: 1.0015014 seconds
[2023-11-09T11:35:30.648+0000][2004.130s][info ][safepoint     ] Entering safepoint region: Cleanup
[2023-11-09T11:35:30.649+0000][2004.132s][info ][safepoint     ] Leaving safepoint region
[2023-11-09T11:35:30.650+0000][2004.132s][info ][safepoint     ] Total time for which application threads were stopped: 0.0018039 seconds, Stopping threads took: 0.0008484 seconds
[2023-11-09T11:35:31.651+0000][2005.133s][debug][safepoint     ] Safepoint synchronization initiated. (168 threads)
[2023-11-09T11:35:31.652+0000][2005.134s][info ][safepoint     ] Application time: 1.0010202 seconds
[2023-11-09T11:35:31.653+0000][2005.135s][info ][safepoint     ] Entering safepoint region: Cleanup
[2023-11-09T11:35:31.653+0000][2005.135s][info ][safepoint     ] Leaving safepoint region
[2023-11-09T11:35:31.654+0000][2005.136s][info ][safepoint     ] Total time for which application threads were stopped: 0.0010423 seconds, Stopping threads took: 0.0004353 seconds
[2023-11-09T11:35:32.654+0000][2006.136s][debug][safepoint     ] Safepoint synchronization initiated. (168 threads)
[2023-11-09T11:35:32.654+0000][2006.137s][info ][safepoint     ] Application time: 1.0005586 seconds
[2023-11-09T11:35:32.655+0000][2006.137s][info ][safepoint     ] Entering safepoint region: Cleanup
[2023-11-09T11:35:32.655+0000][2006.137s][info ][safepoint     ] Leaving safepoint region
[2023-11-09T11:35:32.656+0000][2006.138s][info ][safepoint     ] Total time for which application threads were stopped: 0.0008141 seconds, Stopping threads took: 0.0003625 seconds
[2023-11-09T11:35:33.656+0000][2007.138s][debug][safepoint     ] Safepoint synchronization initiated. (168 threads)
[2023-11-09T11:35:33.657+0000][2007.139s][info ][safepoint     ] Application time: 1.0013335 seconds
[2023-11-09T11:35:33.658+0000][2007.140s][info ][safepoint     ] Entering safepoint region: Cleanup
[2023-11-09T11:35:33.659+0000][2007.141s][info ][safepoint     ] Leaving safepoint region
[2023-11-09T11:35:33.659+0000][2007.141s][info ][safepoint     ] Total time for which application threads were stopped: 0.0013180 seconds, Stopping threads took: 0.0006243 seconds
[2023-11-09T11:35:34.660+0000][2008.142s][debug][safepoint     ] Safepoint synchronization initiated. (168 threads)
[2023-11-09T11:35:34.661+0000][2008.143s][info ][safepoint     ] Application time: 1.0008448 seconds
[2023-11-09T11:35:34.661+0000][2008.143s][info ][safepoint     ] Entering safepoint region: Cleanup
[2023-11-09T11:35:34.662+0000][2008.144s][info ][safepoint     ] Leaving safepoint region
[2023-11-09T11:35:34.662+0000][2008.144s][info ][safepoint     ] Total time for which application threads were stopped: 0.0012228 seconds, Stopping threads took: 0.0005013 seconds
[2023-11-09T11:35:35.663+0000][2009.145s][debug][safepoint     ] Safepoint synchronization initiated. (168 threads)
[2023-11-09T11:35:35.664+0000][2009.146s][info ][safepoint     ] Application time: 1.0011603 seconds
[2023-11-09T11:35:35.665+0000][2009.147s][info ][safepoint     ] Entering safepoint region: Cleanup
[2023-11-09T11:35:35.666+0000][2009.148s][info ][safepoint     ] Leaving safepoint region
[2023-11-09T11:35:35.666+0000][2009.148s][info ][safepoint     ] Total time for which application threads were stopped: 0.0016571 seconds, Stopping threads took: 0.0007713 seconds
[2023-11-09T11:35:36.667+0000][2010.149s][debug][safepoint     ] Safepoint synchronization initiated. (168 threads)
[2023-11-09T11:35:36.668+0000][2010.150s][info ][safepoint     ] Application time: 1.0010485 seconds
[2023-11-09T11:35:36.669+0000][2010.151s][info ][safepoint     ] Entering safepoint region: Cleanup
[2023-11-09T11:35:36.670+0000][2010.152s][info ][safepoint     ] Leaving safepoint region
[2023-11-09T11:35:36.670+0000][2010.153s][info ][safepoint     ] Total time for which application threads were stopped: 0.0016295 seconds, Stopping threads took: 0.0007405 seconds
[2023-11-09T11:35:37.671+0000][2011.153s][debug][safepoint     ] Safepoint synchronization initiated. (168 threads)
[2023-11-09T11:35:37.672+0000][2011.154s][info ][safepoint     ] Application time: 1.0006167 seconds
[2023-11-09T11:35:37.672+0000][2011.154s][info ][safepoint     ] Entering safepoint region: Cleanup
[2023-11-09T11:35:37.673+0000][2011.155s][info ][safepoint     ] Leaving safepoint region
[2023-11-09T11:35:37.673+0000][2011.155s][info ][safepoint     ] Total time for which application threads were stopped: 0.0010724 seconds, Stopping threads took: 0.0004454 seconds
[2023-11-09T11:35:38.674+0000][2012.156s][debug][safepoint     ] Safepoint synchronization initiated. (168 threads)
[2023-11-09T11:35:38.675+0000][2012.157s][info ][safepoint     ] Application time: 1.0012446 seconds
[2023-11-09T11:35:38.676+0000][2012.158s][info ][safepoint     ] Entering safepoint region: Cleanup
[2023-11-09T11:35:38.677+0000][2012.159s][info ][safepoint     ] Leaving safepoint region
[2023-11-09T11:35:38.677+0000][2012.159s][info ][safepoint     ] Total time for which application threads were stopped: 0.0016574 seconds, Stopping threads took: 0.0008021 seconds
[2023-11-09T11:35:39.678+0000][2013.160s][debug][safepoint     ] Safepoint synchronization initiated. (168 threads)
[2023-11-09T11:35:39.690+0000][2013.172s][info ][safepoint     ] Application time: 1.0123594 seconds
[2023-11-09T11:35:39.690+0000][2013.173s][info ][safepoint     ] Entering safepoint region: Cleanup
[2023-11-09T11:35:39.691+0000][2013.174s][info ][safepoint     ] Leaving safepoint region
[2023-11-09T11:35:39.692+0000][2013.174s][info ][safepoint     ] Total time for which application threads were stopped: 0.0013370 seconds, Stopping threads took: 0.0006004 seconds
[2023-11-09T11:35:40.692+0000][2014.175s][debug][safepoint     ] Safepoint synchronization initiated. (168 threads)
[2023-11-09T11:35:40.693+0000][2014.175s][info ][safepoint     ] Application time: 1.0009576 seconds
[2023-11-09T11:35:40.694+0000][2014.176s][info ][safepoint     ] Entering safepoint region: Cleanup
[2023-11-09T11:35:40.695+0000][2014.177s][info ][safepoint     ] Leaving safepoint region
[2023-11-09T11:35:40.695+0000][2014.177s][info ][safepoint     ] Total time for which application threads were stopped: 0.0014912 seconds, Stopping threads took: 0.0007016 seconds
[2023-11-09T11:35:41.696+0000][2015.178s][debug][safepoint     ] Safepoint synchronization initiated. (168 threads)
[2023-11-09T11:35:41.696+0000][2015.179s][info ][safepoint     ] Application time: 1.0008686 seconds
[2023-11-09T11:35:41.697+0000][2015.179s][info ][safepoint     ] Entering safepoint region: Cleanup
[2023-11-09T11:35:41.698+0000][2015.180s][info ][safepoint     ] Leaving safepoint region
[2023-11-09T11:35:41.698+0000][2015.181s][info ][safepoint     ] Total time for which application threads were stopped: 0.0014279 seconds, Stopping threads took: 0.0006860 seconds
[2023-11-09T11:35:42.699+0000][2016.181s][debug][safepoint     ] Safepoint synchronization initiated. (168 threads)
[2023-11-09T11:35:42.700+0000][2016.182s][info ][safepoint     ] Application time: 1.0008806 seconds
[2023-11-09T11:35:42.701+0000][2016.183s][info ][safepoint     ] Entering safepoint region: Cleanup
[2023-11-09T11:35:42.702+0000][2016.184s][info ][safepoint     ] Leaving safepoint region
[2023-11-09T11:35:42.702+0000][2016.185s][info ][safepoint     ] Total time for which application threads were stopped: 0.0018179 seconds, Stopping threads took: 0.0007979 seconds
[2023-11-09T11:35:43.703+0000][2017.186s][debug][safepoint     ] Safepoint synchronization initiated. (168 threads)
[2023-11-09T11:35:43.704+0000][2017.186s][info ][safepoint     ] Application time: 1.0011034 seconds
[2023-11-09T11:35:43.705+0000][2017.187s][info ][safepoint     ] Entering safepoint region: Cleanup
[2023-11-09T11:35:43.705+0000][2017.188s][info ][safepoint     ] Leaving safepoint region
[2023-11-09T11:35:43.706+0000][2017.188s][info ][safepoint     ] Total time for which application threads were stopped: 0.0012355 seconds, Stopping threads took: 0.0005187 seconds
[2023-11-09T11:35:44.707+0000][2018.189s][debug][safepoint     ] Safepoint synchronization initiated. (168 threads)
[2023-11-09T11:35:44.707+0000][2018.190s][info ][safepoint     ] Application time: 1.0007543 seconds
[2023-11-09T11:35:44.708+0000][2018.190s][info ][safepoint     ] Entering safepoint region: Cleanup
[2023-11-09T11:35:44.708+0000][2018.191s][info ][safepoint     ] Leaving safepoint region
[2023-11-09T11:35:44.709+0000][2018.191s][info ][safepoint     ] Total time for which application threads were stopped: 0.0009625 seconds, Stopping threads took: 0.0004606 seconds
[2023-11-09T11:35:45.709+0000][2019.191s][debug][safepoint     ] Safepoint synchronization initiated. (168 threads)
[2023-11-09T11:35:45.710+0000][2019.192s][info ][safepoint     ] Application time: 1.0005202 seconds
[2023-11-09T11:35:45.710+0000][2019.192s][info ][safepoint     ] Entering safepoint region: Cleanup
[2023-11-09T11:35:45.710+0000][2019.193s][info ][safepoint     ] Leaving safepoint region
[2023-11-09T11:35:45.711+0000][2019.193s][info ][safepoint     ] Total time for which application threads were stopped: 0.0007591 seconds, Stopping threads took: 0.0003219 seconds
[2023-11-09T11:35:46.711+0000][2020.193s][debug][safepoint     ] Safepoint synchronization initiated. (168 threads)
[2023-11-09T11:35:46.712+0000][2020.194s][info ][safepoint     ] Application time: 1.0011599 seconds
[2023-11-09T11:35:46.713+0000][2020.195s][info ][safepoint     ] Entering safepoint region: Cleanup
[2023-11-09T11:35:46.714+0000][2020.196s][info ][safepoint     ] Leaving safepoint region
[2023-11-09T11:35:46.714+0000][2020.197s][info ][safepoint     ] Total time for which application threads were stopped: 0.0015864 seconds, Stopping threads took: 0.0007310 seconds
[2023-11-09T11:35:47.715+0000][2021.198s][debug][safepoint     ] Safepoint synchronization initiated. (168 threads)
[2023-11-09T11:35:47.716+0000][2021.198s][info ][safepoint     ] Application time: 1.0009710 seconds
[2023-11-09T11:35:47.717+0000][2021.199s][info ][safepoint     ] Entering safepoint region: Cleanup
[2023-11-09T11:35:47.718+0000][2021.200s][info ][safepoint     ] Leaving safepoint region
[2023-11-09T11:35:47.718+0000][2021.200s][info ][safepoint     ] Total time for which application threads were stopped: 0.0013011 seconds, Stopping threads took: 0.0005913 seconds
[2023-11-09T11:35:48.719+0000][2022.201s][debug][safepoint     ] Safepoint synchronization initiated. (168 threads)
[2023-11-09T11:35:48.719+0000][2022.201s][info ][safepoint     ] Application time: 1.0006012 seconds
[2023-11-09T11:35:48.719+0000][2022.202s][info ][safepoint     ] Entering safepoint region: Cleanup
[2023-11-09T11:35:48.720+0000][2022.202s][info ][safepoint     ] Leaving safepoint region
[2023-11-09T11:35:48.720+0000][2022.203s][info ][safepoint     ] Total time for which application threads were stopped: 0.0008907 seconds, Stopping threads took: 0.0003786 seconds
[2023-11-09T11:35:49.721+0000][2023.203s][debug][safepoint     ] Safepoint synchronization initiated. (168 threads)
[2023-11-09T11:35:49.722+0000][2023.204s][info ][safepoint     ] Application time: 1.0010904 seconds
[2023-11-09T11:35:49.723+0000][2023.205s][info ][safepoint     ] Entering safepoint region: Cleanup
[2023-11-09T11:35:49.724+0000][2023.206s][info ][safepoint     ] Leaving safepoint region
[2023-11-09T11:35:49.725+0000][2023.207s][info ][safepoint     ] Total time for which application threads were stopped: 0.0020713 seconds, Stopping threads took: 0.0009051 seconds
[2023-11-09T11:35:50.725+0000][2024.208s][debug][safepoint     ] Safepoint synchronization initiated. (168 threads)
[2023-11-09T11:35:50.726+0000][2024.209s][info ][safepoint     ] Application time: 1.0010060 seconds
[2023-11-09T11:35:50.727+0000][2024.210s][info ][safepoint     ] Entering safepoint region: Cleanup
[2023-11-09T11:35:50.728+0000][2024.210s][info ][safepoint     ] Leaving safepoint region
[2023-11-09T11:35:50.729+0000][2024.211s][info ][safepoint     ] Total time for which application threads were stopped: 0.0015834 seconds, Stopping threads took: 0.0006311 seconds
[2023-11-09T11:35:51.730+0000][2025.212s][debug][safepoint     ] Safepoint synchronization initiated. (168 threads)
[2023-11-09T11:35:51.731+0000][2025.213s][info ][safepoint     ] Application time: 1.0011890 seconds
[2023-11-09T11:35:51.731+0000][2025.214s][info ][safepoint     ] Entering safepoint region: Cleanup
[2023-11-09T11:35:51.732+0000][2025.215s][info ][safepoint     ] Leaving safepoint region
[2023-11-09T11:35:51.733+0000][2025.215s][info ][safepoint     ] Total time for which application threads were stopped: 0.0017199 seconds, Stopping threads took: 0.0007750 seconds
[2023-11-09T11:35:52.734+0000][2026.216s][debug][safepoint     ] Safepoint synchronization initiated. (168 threads)
[2023-11-09T11:35:52.735+0000][2026.217s][info ][safepoint     ] Application time: 1.0012603 seconds
[2023-11-09T11:35:52.736+0000][2026.218s][info ][safepoint     ] Entering safepoint region: Cleanup
[2023-11-09T11:35:52.737+0000][2026.220s][info ][safepoint     ] Leaving safepoint region
[2023-11-09T11:35:52.738+0000][2026.220s][info ][safepoint     ] Total time for which application threads were stopped: 0.0020904 seconds, Stopping threads took: 0.0009128 seconds
[2023-11-09T11:35:53.739+0000][2027.222s][debug][safepoint     ] Safepoint synchronization initiated. (168 threads)
[2023-11-09T11:35:53.740+0000][2027.223s][info ][safepoint     ] Application time: 1.0014949 seconds
[2023-11-09T11:35:53.741+0000][2027.223s][info ][safepoint     ] Entering safepoint region: Cleanup
[2023-11-09T11:35:53.742+0000][2027.224s][info ][safepoint     ] Leaving safepoint region
[2023-11-09T11:35:53.743+0000][2027.225s][info ][safepoint     ] Total time for which application threads were stopped: 0.0016946 seconds, Stopping threads took: 0.0007900 seconds
[2023-11-09T11:35:54.744+0000][2028.226s][debug][safepoint     ] Safepoint synchronization initiated. (168 threads)
[2023-11-09T11:35:54.744+0000][2028.226s][info ][safepoint     ] Application time: 1.0005638 seconds
[2023-11-09T11:35:54.745+0000][2028.227s][info ][safepoint     ] Entering safepoint region: Cleanup
[2023-11-09T11:35:54.745+0000][2028.227s][info ][safepoint     ] Leaving safepoint region
[2023-11-09T11:35:54.745+0000][2028.228s][info ][safepoint     ] Total time for which application threads were stopped: 0.0009670 seconds, Stopping threads took: 0.0003457 seconds
[2023-11-09T11:35:55.746+0000][2029.228s][debug][safepoint     ] Safepoint synchronization initiated. (168 threads)
[2023-11-09T11:35:55.746+0000][2029.229s][info ][safepoint     ] Application time: 1.0006239 seconds
[2023-11-09T11:35:55.747+0000][2029.229s][info ][safepoint     ] Entering safepoint region: Cleanup
[2023-11-09T11:35:55.747+0000][2029.230s][info ][safepoint     ] Leaving safepoint region
[2023-11-09T11:35:55.748+0000][2029.230s][info ][safepoint     ] Total time for which application threads were stopped: 0.0008917 seconds, Stopping threads took: 0.0003646 seconds
[2023-11-09T11:35:56.748+0000][2030.230s][debug][safepoint     ] Safepoint synchronization initiated. (168 threads)
[2023-11-09T11:35:56.749+0000][2030.231s][info ][safepoint     ] Application time: 1.0007024 seconds
[2023-11-09T11:35:56.749+0000][2030.232s][info ][safepoint     ] Entering safepoint region: Cleanup
[2023-11-09T11:35:56.750+0000][2030.232s][info ][safepoint     ] Leaving safepoint region
[2023-11-09T11:35:56.751+0000][2030.233s][info ][safepoint     ] Total time for which application threads were stopped: 0.0013327 seconds, Stopping threads took: 0.0006946 seconds
[2023-11-09T11:35:57.751+0000][2031.234s][debug][safepoint     ] Safepoint synchronization initiated. (168 threads)
[2023-11-09T11:35:57.752+0000][2031.234s][info ][safepoint     ] Application time: 1.0006627 seconds
[2023-11-09T11:35:57.752+0000][2031.234s][info ][safepoint     ] Entering safepoint region: Cleanup
[2023-11-09T11:35:57.753+0000][2031.235s][info ][safepoint     ] Leaving safepoint region
[2023-11-09T11:35:57.753+0000][2031.235s][info ][safepoint     ] Total time for which application threads were stopped: 0.0010475 seconds, Stopping threads took: 0.0003179 seconds
[2023-11-09T11:35:58.754+0000][2032.236s][debug][safepoint     ] Safepoint synchronization initiated. (168 threads)
[2023-11-09T11:35:58.754+0000][2032.236s][info ][safepoint     ] Application time: 1.0005958 seconds
[2023-11-09T11:35:58.755+0000][2032.237s][info ][safepoint     ] Entering safepoint region: Cleanup
[2023-11-09T11:35:58.755+0000][2032.238s][info ][safepoint     ] Leaving safepoint region
[2023-11-09T11:35:58.756+0000][2032.238s][info ][safepoint     ] Total time for which application threads were stopped: 0.0010411 seconds, Stopping threads took: 0.0004662 seconds
[2023-11-09T11:35:59.756+0000][2033.239s][debug][safepoint     ] Safepoint synchronization initiated. (168 threads)
[2023-11-09T11:35:59.757+0000][2033.240s][info ][safepoint     ] Application time: 1.0013843 seconds
[2023-11-09T11:35:59.758+0000][2033.240s][info ][safepoint     ] Entering safepoint region: Cleanup
[2023-11-09T11:35:59.759+0000][2033.241s][info ][safepoint     ] Leaving safepoint region
[2023-11-09T11:35:59.760+0000][2033.242s][info ][safepoint     ] Total time for which application threads were stopped: 0.0014134 seconds, Stopping threads took: 0.0006427 seconds
[2023-11-09T11:36:00.760+0000][2034.243s][debug][safepoint     ] Safepoint synchronization initiated. (168 threads)
[2023-11-09T11:36:00.761+0000][2034.244s][info ][safepoint     ] Application time: 1.0011858 seconds
[2023-11-09T11:36:00.762+0000][2034.244s][info ][safepoint     ] Entering safepoint region: Cleanup
[2023-11-09T11:36:00.763+0000][2034.245s][info ][safepoint     ] Leaving safepoint region
[2023-11-09T11:36:00.764+0000][2034.246s][info ][safepoint     ] Total time for which application threads were stopped: 0.0017568 seconds, Stopping threads took: 0.0008218 seconds
[2023-11-09T11:36:01.765+0000][2035.247s][debug][safepoint     ] Safepoint synchronization initiated. (168 threads)
[2023-11-09T11:36:01.766+0000][2035.248s][info ][safepoint     ] Application time: 1.0012931 seconds
[2023-11-09T11:36:01.767+0000][2035.249s][info ][safepoint     ] Entering safepoint region: Cleanup
[2023-11-09T11:36:01.768+0000][2035.250s][info ][safepoint     ] Leaving safepoint region
[2023-11-09T11:36:01.768+0000][2035.250s][info ][safepoint     ] Total time for which application threads were stopped: 0.0012070 seconds, Stopping threads took: 0.0005252 seconds
[2023-11-09T11:36:02.769+0000][2036.251s][debug][safepoint     ] Safepoint synchronization initiated. (168 threads)
[2023-11-09T11:36:02.769+0000][2036.252s][info ][safepoint     ] Application time: 1.0009713 seconds
[2023-11-09T11:36:02.770+0000][2036.253s][info ][safepoint     ] Entering safepoint region: Cleanup
[2023-11-09T11:36:02.771+0000][2036.254s][info ][safepoint     ] Leaving safepoint region
[2023-11-09T11:36:02.772+0000][2036.254s][info ][safepoint     ] Total time for which application threads were stopped: 0.0018480 seconds, Stopping threads took: 0.0008031 seconds
[2023-11-09T11:36:03.773+0000][2037.255s][debug][safepoint     ] Safepoint synchronization initiated. (168 threads)
[2023-11-09T11:36:03.774+0000][2037.256s][info ][safepoint     ] Application time: 1.0008308 seconds
[2023-11-09T11:36:03.774+0000][2037.256s][info ][safepoint     ] Entering safepoint region: Cleanup
[2023-11-09T11:36:03.775+0000][2037.257s][info ][safepoint     ] Leaving safepoint region
[2023-11-09T11:36:03.775+0000][2037.258s][info ][safepoint     ] Total time for which application threads were stopped: 0.0012842 seconds, Stopping threads took: 0.0005741 seconds
[2023-11-09T11:36:04.776+0000][2038.258s][debug][safepoint     ] Safepoint synchronization initiated. (168 threads)
[2023-11-09T11:36:04.778+0000][2038.260s][info ][safepoint     ] Application time: 1.0017771 seconds
[2023-11-09T11:36:04.779+0000][2038.261s][info ][safepoint     ] Entering safepoint region: Cleanup
[2023-11-09T11:36:04.780+0000][2038.262s][info ][safepoint     ] Leaving safepoint region
[2023-11-09T11:36:04.781+0000][2038.263s][info ][safepoint     ] Total time for which application threads were stopped: 0.0021713 seconds, Stopping threads took: 0.0011075 seconds
[2023-11-09T11:36:05.782+0000][2039.264s][debug][safepoint     ] Safepoint synchronization initiated. (168 threads)
[2023-11-09T11:36:05.783+0000][2039.265s][info ][safepoint     ] Application time: 1.0009544 seconds
[2023-11-09T11:36:05.783+0000][2039.265s][info ][safepoint     ] Entering safepoint region: Cleanup
[2023-11-09T11:36:05.784+0000][2039.266s][info ][safepoint     ] Leaving safepoint region
[2023-11-09T11:36:05.784+0000][2039.267s][info ][safepoint     ] Total time for which application threads were stopped: 0.0012978 seconds, Stopping threads took: 0.0005751 seconds
[2023-11-09T11:36:06.785+0000][2040.267s][debug][safepoint     ] Safepoint synchronization initiated. (168 threads)
[2023-11-09T11:36:06.786+0000][2040.268s][info ][safepoint     ] Application time: 1.0009701 seconds
[2023-11-09T11:36:06.786+0000][2040.269s][info ][safepoint     ] Entering safepoint region: Cleanup
[2023-11-09T11:36:06.787+0000][2040.269s][info ][safepoint     ] Leaving safepoint region
[2023-11-09T11:36:06.787+0000][2040.270s][info ][safepoint     ] Total time for which application threads were stopped: 0.0011401 seconds, Stopping threads took: 0.0004803 seconds
[2023-11-09T11:36:07.788+0000][2041.270s][debug][safepoint     ] Safepoint synchronization initiated. (168 threads)
[2023-11-09T11:36:07.789+0000][2041.271s][info ][safepoint     ] Application time: 1.0012165 seconds
[2023-11-09T11:36:07.790+0000][2041.272s][info ][safepoint     ] Entering safepoint region: Cleanup
[2023-11-09T11:36:07.791+0000][2041.273s][info ][safepoint     ] Leaving safepoint region
[2023-11-09T11:36:07.792+0000][2041.274s][info ][safepoint     ] Total time for which application threads were stopped: 0.0017804 seconds, Stopping threads took: 0.0009339 seconds
[2023-11-09T11:36:08.793+0000][2042.275s][debug][safepoint     ] Safepoint synchronization initiated. (168 threads)
[2023-11-09T11:36:08.793+0000][2042.276s][info ][safepoint     ] Application time: 1.0008721 seconds
[2023-11-09T11:36:08.794+0000][2042.276s][info ][safepoint     ] Entering safepoint region: Cleanup
[2023-11-09T11:36:08.795+0000][2042.277s][info ][safepoint     ] Leaving safepoint region
[2023-11-09T11:36:08.795+0000][2042.277s][info ][safepoint     ] Total time for which application threads were stopped: 0.0011756 seconds, Stopping threads took: 0.0005897 seconds
[2023-11-09T11:36:09.796+0000][2043.278s][debug][safepoint     ] Safepoint synchronization initiated. (168 threads)
[2023-11-09T11:36:09.797+0000][2043.279s][info ][safepoint     ] Application time: 1.0011658 seconds
[2023-11-09T11:36:09.798+0000][2043.280s][info ][safepoint     ] Entering safepoint region: Cleanup
[2023-11-09T11:36:09.798+0000][2043.281s][info ][safepoint     ] Leaving safepoint region
[2023-11-09T11:36:09.799+0000][2043.281s][info ][safepoint     ] Total time for which application threads were stopped: 0.0013289 seconds, Stopping threads took: 0.0006171 seconds
[2023-11-09T11:36:10.800+0000][2044.282s][debug][safepoint     ] Safepoint synchronization initiated. (168 threads)
[2023-11-09T11:36:10.800+0000][2044.282s][info ][safepoint     ] Application time: 1.0008358 seconds
[2023-11-09T11:36:10.801+0000][2044.283s][info ][safepoint     ] Entering safepoint region: Cleanup
[2023-11-09T11:36:10.802+0000][2044.284s][info ][safepoint     ] Leaving safepoint region
[2023-11-09T11:36:10.802+0000][2044.284s][info ][safepoint     ] Total time for which application threads were stopped: 0.0010603 seconds, Stopping threads took: 0.0004700 seconds
[2023-11-09T11:36:11.803+0000][2045.285s][debug][safepoint     ] Safepoint synchronization initiated. (168 threads)
[2023-11-09T11:36:11.803+0000][2045.285s][info ][safepoint     ] Application time: 1.0009422 seconds
[2023-11-09T11:36:11.804+0000][2045.286s][info ][safepoint     ] Entering safepoint region: Cleanup
[2023-11-09T11:36:11.805+0000][2045.287s][info ][safepoint     ] Leaving safepoint region
[2023-11-09T11:36:11.805+0000][2045.287s][info ][safepoint     ] Total time for which application threads were stopped: 0.0012925 seconds, Stopping threads took: 0.0006159 seconds
[2023-11-09T11:36:12.806+0000][2046.288s][debug][safepoint     ] Safepoint synchronization initiated. (168 threads)
[2023-11-09T11:36:12.807+0000][2046.289s][info ][safepoint     ] Application time: 1.0010895 seconds
[2023-11-09T11:36:12.807+0000][2046.290s][info ][safepoint     ] Entering safepoint region: Cleanup
[2023-11-09T11:36:12.808+0000][2046.291s][info ][safepoint     ] Leaving safepoint region
[2023-11-09T11:36:12.809+0000][2046.291s][info ][safepoint     ] Total time for which application threads were stopped: 0.0013479 seconds, Stopping threads took: 0.0006157 seconds
[2023-11-09T11:36:13.809+0000][2047.292s][debug][safepoint     ] Safepoint synchronization initiated. (168 threads)
[2023-11-09T11:36:13.810+0000][2047.293s][info ][safepoint     ] Application time: 1.0011517 seconds
[2023-11-09T11:36:13.811+0000][2047.293s][info ][safepoint     ] Entering safepoint region: Cleanup
[2023-11-09T11:36:13.812+0000][2047.294s][info ][safepoint     ] Leaving safepoint region
[2023-11-09T11:36:13.813+0000][2047.295s][info ][safepoint     ] Total time for which application threads were stopped: 0.0016533 seconds, Stopping threads took: 0.0007631 seconds
[2023-11-09T11:36:14.813+0000][2048.296s][debug][safepoint     ] Safepoint synchronization initiated. (168 threads)
[2023-11-09T11:36:14.814+0000][2048.296s][info ][safepoint     ] Application time: 1.0005968 seconds
[2023-11-09T11:36:14.814+0000][2048.296s][info ][safepoint     ] Entering safepoint region: Cleanup
[2023-11-09T11:36:14.815+0000][2048.297s][info ][safepoint     ] Leaving safepoint region
[2023-11-09T11:36:14.815+0000][2048.297s][info ][safepoint     ] Total time for which application threads were stopped: 0.0007510 seconds, Stopping threads took: 0.0003014 seconds
[2023-11-09T11:36:15.816+0000][2049.298s][debug][safepoint     ] Safepoint synchronization initiated. (168 threads)
[2023-11-09T11:36:15.816+0000][2049.299s][info ][safepoint     ] Application time: 1.0011940 seconds
[2023-11-09T11:36:15.817+0000][2049.300s][info ][safepoint     ] Entering safepoint region: Cleanup
[2023-11-09T11:36:15.818+0000][2049.301s][info ][safepoint     ] Leaving safepoint region
[2023-11-09T11:36:15.819+0000][2049.301s][info ][safepoint     ] Total time for which application threads were stopped: 0.0017277 seconds, Stopping threads took: 0.0008968 seconds
[2023-11-09T11:36:16.820+0000][2050.302s][debug][safepoint     ] Safepoint synchronization initiated. (168 threads)
[2023-11-09T11:36:16.821+0000][2050.303s][info ][safepoint     ] Application time: 1.0011883 seconds
[2023-11-09T11:36:16.822+0000][2050.304s][info ][safepoint     ] Entering safepoint region: Cleanup
[2023-11-09T11:36:16.822+0000][2050.305s][info ][safepoint     ] Leaving safepoint region
[2023-11-09T11:36:16.823+0000][2050.305s][info ][safepoint     ] Total time for which application threads were stopped: 0.0015113 seconds, Stopping threads took: 0.0006759 seconds
[2023-11-09T11:36:17.824+0000][2051.306s][debug][safepoint     ] Safepoint synchronization initiated. (168 threads)
[2023-11-09T11:36:17.824+0000][2051.306s][info ][safepoint     ] Application time: 1.0005410 seconds
[2023-11-09T11:36:17.825+0000][2051.307s][info ][safepoint     ] Entering safepoint region: Cleanup
[2023-11-09T11:36:17.825+0000][2051.307s][info ][safepoint     ] Leaving safepoint region
[2023-11-09T11:36:17.825+0000][2051.308s][info ][safepoint     ] Total time for which application threads were stopped: 0.0008948 seconds, Stopping threads took: 0.0003597 seconds
[2023-11-09T11:36:18.826+0000][2052.308s][debug][safepoint     ] Safepoint synchronization initiated. (168 threads)
[2023-11-09T11:36:18.827+0000][2052.309s][info ][safepoint     ] Application time: 1.0012803 seconds
[2023-11-09T11:36:18.830+0000][2052.312s][info ][safepoint     ] Entering safepoint region: Cleanup
[2023-11-09T11:36:18.830+0000][2052.313s][info ][safepoint     ] Leaving safepoint region
[2023-11-09T11:36:18.834+0000][2052.316s][info ][safepoint     ] Total time for which application threads were stopped: 0.0041361 seconds, Stopping threads took: 0.0007619 seconds
[2023-11-09T11:36:19.834+0000][2053.317s][debug][safepoint     ] Safepoint synchronization initiated. (168 threads)
[2023-11-09T11:36:19.835+0000][2053.317s][info ][safepoint     ] Application time: 1.0007623 seconds
[2023-11-09T11:36:19.835+0000][2053.318s][info ][safepoint     ] Entering safepoint region: Cleanup
[2023-11-09T11:36:19.836+0000][2053.318s][info ][safepoint     ] Leaving safepoint region
[2023-11-09T11:36:19.836+0000][2053.318s][info ][safepoint     ] Total time for which application threads were stopped: 0.0009609 seconds, Stopping threads took: 0.0003902 seconds
[2023-11-09T11:36:20.837+0000][2054.319s][debug][safepoint     ] Safepoint synchronization initiated. (168 threads)
[2023-11-09T11:36:20.838+0000][2054.320s][info ][safepoint     ] Application time: 1.0009997 seconds
[2023-11-09T11:36:20.838+0000][2054.320s][info ][safepoint     ] Entering safepoint region: Cleanup
[2023-11-09T11:36:20.839+0000][2054.321s][info ][safepoint     ] Leaving safepoint region
[2023-11-09T11:36:20.840+0000][2054.322s][info ][safepoint     ] Total time for which application threads were stopped: 0.0014632 seconds, Stopping threads took: 0.0007932 seconds
[2023-11-09T11:36:21.840+0000][2055.322s][debug][safepoint     ] Safepoint synchronization initiated. (168 threads)
[2023-11-09T11:36:21.841+0000][2055.323s][info ][safepoint     ] Application time: 1.0007453 seconds
[2023-11-09T11:36:21.841+0000][2055.323s][info ][safepoint     ] Entering safepoint region: Cleanup
[2023-11-09T11:36:21.842+0000][2055.324s][info ][safepoint     ] Leaving safepoint region
[2023-11-09T11:36:21.842+0000][2055.324s][info ][safepoint     ] Total time for which application threads were stopped: 0.0009522 seconds, Stopping threads took: 0.0003699 seconds
[2023-11-09T11:36:22.843+0000][2056.325s][debug][safepoint     ] Safepoint synchronization initiated. (168 threads)
[2023-11-09T11:36:22.843+0000][2056.326s][info ][safepoint     ] Application time: 1.0008991 seconds
[2023-11-09T11:36:22.844+0000][2056.326s][info ][safepoint     ] Entering safepoint region: Cleanup
[2023-11-09T11:36:22.845+0000][2056.327s][info ][safepoint     ] Leaving safepoint region
[2023-11-09T11:36:22.845+0000][2056.328s][info ][safepoint     ] Total time for which application threads were stopped: 0.0013418 seconds, Stopping threads took: 0.0005248 seconds
[2023-11-09T11:36:23.846+0000][2057.328s][debug][safepoint     ] Safepoint synchronization initiated. (168 threads)
[2023-11-09T11:36:23.847+0000][2057.329s][info ][safepoint     ] Application time: 1.0008450 seconds
[2023-11-09T11:36:23.847+0000][2057.329s][info ][safepoint     ] Entering safepoint region: Cleanup
[2023-11-09T11:36:23.848+0000][2057.330s][info ][safepoint     ] Leaving safepoint region
[2023-11-09T11:36:23.848+0000][2057.330s][info ][safepoint     ] Total time for which application threads were stopped: 0.0011502 seconds, Stopping threads took: 0.0004726 seconds
[2023-11-09T11:36:24.849+0000][2058.331s][debug][safepoint     ] Safepoint synchronization initiated. (168 threads)
[2023-11-09T11:36:24.849+0000][2058.331s][info ][safepoint     ] Application time: 1.0005089 seconds
[2023-11-09T11:36:24.850+0000][2058.332s][info ][safepoint     ] Entering safepoint region: Cleanup
[2023-11-09T11:36:24.850+0000][2058.332s][info ][safepoint     ] Leaving safepoint region
[2023-11-09T11:36:24.850+0000][2058.333s][info ][safepoint     ] Total time for which application threads were stopped: 0.0007957 seconds, Stopping threads took: 0.0003221 seconds
[2023-11-09T11:36:25.851+0000][2059.333s][debug][safepoint     ] Safepoint synchronization initiated. (168 threads)
[2023-11-09T11:36:25.851+0000][2059.334s][info ][safepoint     ] Application time: 1.0008655 seconds
[2023-11-09T11:36:25.852+0000][2059.334s][info ][safepoint     ] Entering safepoint region: Cleanup
[2023-11-09T11:36:25.853+0000][2059.335s][info ][safepoint     ] Leaving safepoint region
[2023-11-09T11:36:25.853+0000][2059.335s][info ][safepoint     ] Total time for which application threads were stopped: 0.0012807 seconds, Stopping threads took: 0.0005596 seconds
[2023-11-09T11:36:26.854+0000][2060.336s][debug][safepoint     ] Safepoint synchronization initiated. (168 threads)
[2023-11-09T11:36:26.855+0000][2060.337s][info ][safepoint     ] Application time: 1.0010514 seconds
[2023-11-09T11:36:26.856+0000][2060.338s][info ][safepoint     ] Entering safepoint region: Cleanup
[2023-11-09T11:36:26.857+0000][2060.339s][info ][safepoint     ] Leaving safepoint region
[2023-11-09T11:36:26.857+0000][2060.339s][info ][safepoint     ] Total time for which application threads were stopped: 0.0016899 seconds, Stopping threads took: 0.0008607 seconds
[2023-11-09T11:36:27.858+0000][2061.340s][debug][safepoint     ] Safepoint synchronization initiated. (168 threads)
[2023-11-09T11:36:27.859+0000][2061.341s][info ][safepoint     ] Application time: 1.0009883 seconds
[2023-11-09T11:36:27.860+0000][2061.342s][info ][safepoint     ] Entering safepoint region: Cleanup
[2023-11-09T11:36:27.861+0000][2061.343s][info ][safepoint     ] Leaving safepoint region
[2023-11-09T11:36:27.861+0000][2061.344s][info ][safepoint     ] Total time for which application threads were stopped: 0.0017475 seconds, Stopping threads took: 0.0007554 seconds
[2023-11-09T11:36:28.862+0000][2062.345s][debug][safepoint     ] Safepoint synchronization initiated. (168 threads)
[2023-11-09T11:36:28.863+0000][2062.345s][info ][safepoint     ] Application time: 1.0007443 seconds
[2023-11-09T11:36:28.863+0000][2062.346s][info ][safepoint     ] Entering safepoint region: Cleanup
[2023-11-09T11:36:28.864+0000][2062.346s][info ][safepoint     ] Leaving safepoint region
[2023-11-09T11:36:28.864+0000][2062.347s][info ][safepoint     ] Total time for which application threads were stopped: 0.0009858 seconds, Stopping threads took: 0.0004291 seconds
[2023-11-09T11:36:29.865+0000][2063.347s][debug][safepoint     ] Safepoint synchronization initiated. (168 threads)
[2023-11-09T11:36:29.865+0000][2063.348s][info ][safepoint     ] Application time: 1.0008012 seconds
[2023-11-09T11:36:29.866+0000][2063.348s][info ][safepoint     ] Entering safepoint region: Cleanup
[2023-11-09T11:36:29.867+0000][2063.349s][info ][safepoint     ] Leaving safepoint region
[2023-11-09T11:36:29.867+0000][2063.350s][info ][safepoint     ] Total time for which application threads were stopped: 0.0015415 seconds, Stopping threads took: 0.0006373 seconds
[2023-11-09T11:36:30.868+0000][2064.350s][debug][safepoint     ] Safepoint synchronization initiated. (168 threads)
[2023-11-09T11:36:30.869+0000][2064.351s][info ][safepoint     ] Application time: 1.0009974 seconds
[2023-11-09T11:36:30.870+0000][2064.352s][info ][safepoint     ] Entering safepoint region: Cleanup
[2023-11-09T11:36:30.871+0000][2064.353s][info ][safepoint     ] Leaving safepoint region
[2023-11-09T11:36:30.872+0000][2064.354s][info ][safepoint     ] Total time for which application threads were stopped: 0.0018574 seconds, Stopping threads took: 0.0008484 seconds
[2023-11-09T11:36:31.873+0000][2065.355s][debug][safepoint     ] Safepoint synchronization initiated. (168 threads)
[2023-11-09T11:36:31.873+0000][2065.356s][info ][safepoint     ] Application time: 1.0008710 seconds
[2023-11-09T11:36:31.874+0000][2065.356s][info ][safepoint     ] Entering safepoint region: Cleanup
[2023-11-09T11:36:31.875+0000][2065.357s][info ][safepoint     ] Leaving safepoint region
[2023-11-09T11:36:31.875+0000][2065.357s][info ][safepoint     ] Total time for which application threads were stopped: 0.0012513 seconds, Stopping threads took: 0.0005947 seconds
[2023-11-09T11:36:32.876+0000][2066.358s][debug][safepoint     ] Safepoint synchronization initiated. (168 threads)
[2023-11-09T11:36:32.876+0000][2066.359s][info ][safepoint     ] Application time: 1.0009010 seconds
[2023-11-09T11:36:32.877+0000][2066.359s][info ][safepoint     ] Entering safepoint region: Cleanup
[2023-11-09T11:36:32.878+0000][2066.360s][info ][safepoint     ] Leaving safepoint region
[2023-11-09T11:36:32.878+0000][2066.361s][info ][safepoint     ] Total time for which application threads were stopped: 0.0014869 seconds, Stopping threads took: 0.0007261 seconds
[2023-11-09T11:36:33.879+0000][2067.361s][debug][safepoint     ] Safepoint synchronization initiated. (168 threads)
[2023-11-09T11:36:33.880+0000][2067.362s][info ][safepoint     ] Application time: 1.0009925 seconds
[2023-11-09T11:36:33.880+0000][2067.363s][info ][safepoint     ] Entering safepoint region: Cleanup
[2023-11-09T11:36:33.881+0000][2067.364s][info ][safepoint     ] Leaving safepoint region
[2023-11-09T11:36:33.882+0000][2067.364s][info ][safepoint     ] Total time for which application threads were stopped: 0.0015004 seconds, Stopping threads took: 0.0007613 seconds
[2023-11-09T11:36:34.883+0000][2068.365s][debug][safepoint     ] Safepoint synchronization initiated. (168 threads)
[2023-11-09T11:36:34.883+0000][2068.366s][info ][safepoint     ] Application time: 1.0008884 seconds
[2023-11-09T11:36:34.884+0000][2068.366s][info ][safepoint     ] Entering safepoint region: Cleanup
[2023-11-09T11:36:34.885+0000][2068.367s][info ][safepoint     ] Leaving safepoint region
[2023-11-09T11:36:34.885+0000][2068.368s][info ][safepoint     ] Total time for which application threads were stopped: 0.0015262 seconds, Stopping threads took: 0.0004479 seconds
[2023-11-09T11:36:35.886+0000][2069.368s][debug][safepoint     ] Safepoint synchronization initiated. (168 threads)
[2023-11-09T11:36:35.887+0000][2069.369s][info ][safepoint     ] Application time: 1.0009545 seconds
[2023-11-09T11:36:35.888+0000][2069.370s][info ][safepoint     ] Entering safepoint region: Cleanup
[2023-11-09T11:36:35.888+0000][2069.371s][info ][safepoint     ] Leaving safepoint region
[2023-11-09T11:36:35.889+0000][2069.371s][info ][safepoint     ] Total time for which application threads were stopped: 0.0012899 seconds, Stopping threads took: 0.0006459 seconds
[2023-11-09T11:36:36.889+0000][2070.372s][debug][safepoint     ] Safepoint synchronization initiated. (168 threads)
[2023-11-09T11:36:36.890+0000][2070.372s][info ][safepoint     ] Application time: 1.0010020 seconds
[2023-11-09T11:36:36.891+0000][2070.373s][info ][safepoint     ] Entering safepoint region: Cleanup
[2023-11-09T11:36:36.892+0000][2070.374s][info ][safepoint     ] Leaving safepoint region
[2023-11-09T11:36:36.893+0000][2070.375s][info ][safepoint     ] Total time for which application threads were stopped: 0.0018718 seconds, Stopping threads took: 0.0007748 seconds
[2023-11-09T11:36:37.894+0000][2071.376s][debug][safepoint     ] Safepoint synchronization initiated. (168 threads)
[2023-11-09T11:36:37.895+0000][2071.377s][info ][safepoint     ] Application time: 1.0010824 seconds
[2023-11-09T11:36:37.895+0000][2071.378s][info ][safepoint     ] Entering safepoint region: Cleanup
[2023-11-09T11:36:37.896+0000][2071.379s][info ][safepoint     ] Leaving safepoint region
[2023-11-09T11:36:37.897+0000][2071.379s][info ][safepoint     ] Total time for which application threads were stopped: 0.0015840 seconds, Stopping threads took: 0.0007055 seconds
[2023-11-09T11:36:37.896+0000][2071.379s][debug][safepoint     ] ... found polling page return exception at pc = 0x00007fb4f0d6dc84, stub =0x00007fb4e8840600
[2023-11-09T11:36:38.900+0000][2072.380s][debug][safepoint     ] Safepoint synchronization initiated. (168 threads)
[2023-11-09T11:36:38.901+0000][2072.381s][info ][safepoint     ] Application time: 1.0007838 seconds
[2023-11-09T11:36:38.902+0000][2072.381s][info ][safepoint     ] Entering safepoint region: Cleanup
[2023-11-09T11:36:38.902+0000][2072.382s][info ][safepoint     ] Leaving safepoint region
[2023-11-09T11:36:38.903+0000][2072.382s][info ][safepoint     ] Total time for which application threads were stopped: 0.0011088 seconds, Stopping threads took: 0.0005782 seconds
[2023-11-09T11:36:39.903+0000][2073.383s][debug][safepoint     ] Safepoint synchronization initiated. (168 threads)
[2023-11-09T11:36:39.904+0000][2073.383s][info ][safepoint     ] Application time: 1.0007969 seconds
[2023-11-09T11:36:39.904+0000][2073.384s][info ][safepoint     ] Entering safepoint region: Cleanup
[2023-11-09T11:36:39.905+0000][2073.385s][info ][safepoint     ] Leaving safepoint region
[2023-11-09T11:36:39.906+0000][2073.385s][info ][safepoint     ] Total time for which application threads were stopped: 0.0013162 seconds, Stopping threads took: 0.0006284 seconds
[2023-11-09T11:36:40.907+0000][2074.386s][debug][safepoint     ] Safepoint synchronization initiated. (168 threads)
[2023-11-09T11:36:40.907+0000][2074.387s][info ][safepoint     ] Application time: 1.0010769 seconds
[2023-11-09T11:36:40.908+0000][2074.388s][info ][safepoint     ] Entering safepoint region: Cleanup
[2023-11-09T11:36:40.909+0000][2074.389s][info ][safepoint     ] Leaving safepoint region
[2023-11-09T11:36:40.910+0000][2074.389s][info ][safepoint     ] Total time for which application threads were stopped: 0.0016238 seconds, Stopping threads took: 0.0007796 seconds
[2023-11-09T11:36:41.910+0000][2075.390s][debug][safepoint     ] Safepoint synchronization initiated. (168 threads)
[2023-11-09T11:36:41.911+0000][2075.391s][info ][safepoint     ] Application time: 1.0007926 seconds
[2023-11-09T11:36:41.912+0000][2075.391s][info ][safepoint     ] Entering safepoint region: Cleanup
[2023-11-09T11:36:41.912+0000][2075.392s][info ][safepoint     ] Leaving safepoint region
[2023-11-09T11:36:41.913+0000][2075.392s][info ][safepoint     ] Total time for which application threads were stopped: 0.0012228 seconds, Stopping threads took: 0.0004950 seconds
[2023-11-09T11:36:42.541+0000][2076.021s][debug][safepoint     ] Safepoint synchronization initiated. (168 threads)
[2023-11-09T11:36:42.542+0000][2076.021s][info ][safepoint     ] Application time: 0.6285628 seconds
[2023-11-09T11:36:42.542+0000][2076.022s][info ][safepoint     ] Entering safepoint region: G1CollectForAllocation
[2023-11-09T11:36:42.543+0000][2076.023s][info ][gc,start      ] GC(73) Pause Young (Normal) (G1 Evacuation Pause)
[2023-11-09T11:36:42.544+0000][2076.023s][info ][gc,task       ] GC(73) Using 8 workers of 8 for evacuation
[2023-11-09T11:36:42.552+0000][2076.032s][info ][gc,phases     ] GC(73)   Pre Evacuate Collection Set: 0.0ms
[2023-11-09T11:36:42.553+0000][2076.033s][info ][gc,phases     ] GC(73)   Evacuate Collection Set: 5.0ms
[2023-11-09T11:36:42.554+0000][2076.033s][info ][gc,phases     ] GC(73)   Post Evacuate Collection Set: 3.1ms
[2023-11-09T11:36:42.554+0000][2076.034s][info ][gc,phases     ] GC(73)   Other: 1.2ms
[2023-11-09T11:36:42.555+0000][2076.034s][info ][gc,heap       ] GC(73) Eden regions: 191->0(193)
[2023-11-09T11:36:42.555+0000][2076.035s][info ][gc,heap       ] GC(73) Survivor regions: 7->6(25)
[2023-11-09T11:36:42.556+0000][2076.035s][info ][gc,heap       ] GC(73) Old regions: 150->150
[2023-11-09T11:36:42.556+0000][2076.035s][info ][gc,heap       ] GC(73) Humongous regions: 0->0
[2023-11-09T11:36:42.556+0000][2076.036s][info ][gc,metaspace  ] GC(73) Metaspace: 160003K(165328K)->160003K(165328K) NonClass: 141359K(144592K)->141359K(144592K) Class: 18644K(20736K)->18644K(20736K)
[2023-11-09T11:36:42.557+0000][2076.036s][info ][gc            ] GC(73) Pause Young (Normal) (G1 Evacuation Pause) 345M->154M(395M) 13.397ms
[2023-11-09T11:36:42.557+0000][2076.037s][info ][gc,cpu        ] GC(73) User=0.05s Sys=0.01s Real=0.01s
[2023-11-09T11:36:42.557+0000][2076.037s][info ][safepoint     ] Leaving safepoint region
[2023-11-09T11:36:42.558+0000][2076.037s][info ][safepoint     ] Total time for which application threads were stopped: 0.0155177 seconds, Stopping threads took: 0.0005967 seconds
[2023-11-09T11:36:42.558+0000][2076.038s][info ][gc,stringdedup] Concurrent String Deduplication (2076.038s)
[2023-11-09T11:36:42.559+0000][2076.038s][info ][gc,stringdedup] Concurrent String Deduplication 0.0B->0.0B(0.0B) avg 54.3% (2076.038s, 2076.038s) 0.340ms
[2023-11-09T11:36:43.558+0000][2077.038s][debug][safepoint     ] Safepoint synchronization initiated. (168 threads)
[2023-11-09T11:36:43.559+0000][2077.039s][info ][safepoint     ] Application time: 1.0009508 seconds
[2023-11-09T11:36:43.560+0000][2077.039s][info ][safepoint     ] Entering safepoint region: Cleanup
[2023-11-09T11:36:43.561+0000][2077.040s][info ][safepoint     ] Leaving safepoint region
[2023-11-09T11:36:43.561+0000][2077.041s][info ][safepoint     ] Total time for which application threads were stopped: 0.0013158 seconds, Stopping threads took: 0.0005289 seconds
[2023-11-09T11:36:44.562+0000][2078.041s][debug][safepoint     ] Safepoint synchronization initiated. (168 threads)
[2023-11-09T11:36:44.563+0000][2078.042s][info ][safepoint     ] Application time: 1.0011554 seconds
[2023-11-09T11:36:44.564+0000][2078.043s][info ][safepoint     ] Entering safepoint region: Cleanup
[2023-11-09T11:36:44.565+0000][2078.045s][info ][safepoint     ] Leaving safepoint region
[2023-11-09T11:36:44.566+0000][2078.046s][info ][safepoint     ] Total time for which application threads were stopped: 0.0028187 seconds, Stopping threads took: 0.0012699 seconds
[2023-11-09T11:36:45.567+0000][2079.047s][debug][safepoint     ] Safepoint synchronization initiated. (168 threads)
[2023-11-09T11:36:45.568+0000][2079.047s][info ][safepoint     ] Application time: 1.0005994 seconds
[2023-11-09T11:36:45.568+0000][2079.048s][info ][safepoint     ] Entering safepoint region: Cleanup
[2023-11-09T11:36:45.569+0000][2079.048s][info ][safepoint     ] Leaving safepoint region
[2023-11-09T11:36:45.569+0000][2079.048s][info ][safepoint     ] Total time for which application threads were stopped: 0.0007829 seconds, Stopping threads took: 0.0003270 seconds
[2023-11-09T11:36:46.569+0000][2080.049s][debug][safepoint     ] Safepoint synchronization initiated. (168 threads)
[2023-11-09T11:36:46.570+0000][2080.049s][info ][safepoint     ] Application time: 1.0005805 seconds
[2023-11-09T11:36:46.570+0000][2080.050s][info ][safepoint     ] Entering safepoint region: Cleanup
[2023-11-09T11:36:46.571+0000][2080.050s][info ][safepoint     ] Leaving safepoint region
[2023-11-09T11:36:46.571+0000][2080.051s][info ][safepoint     ] Total time for which application threads were stopped: 0.0009860 seconds, Stopping threads took: 0.0004557 seconds
[2023-11-09T11:36:47.572+0000][2081.051s][debug][safepoint     ] Safepoint synchronization initiated. (168 threads)
[2023-11-09T11:36:47.572+0000][2081.052s][info ][safepoint     ] Application time: 1.0009163 seconds
[2023-11-09T11:36:47.573+0000][2081.053s][info ][safepoint     ] Entering safepoint region: Cleanup
[2023-11-09T11:36:47.575+0000][2081.055s][info ][safepoint     ] Leaving safepoint region
[2023-11-09T11:36:47.576+0000][2081.055s][info ][safepoint     ] Total time for which application threads were stopped: 0.0024504 seconds, Stopping threads took: 0.0016159 seconds
[2023-11-09T11:36:48.576+0000][2082.056s][debug][safepoint     ] Safepoint synchronization initiated. (168 threads)
[2023-11-09T11:36:48.577+0000][2082.057s][info ][safepoint     ] Application time: 1.0007790 seconds
[2023-11-09T11:36:48.577+0000][2082.057s][debug][safepoint     ] ... found polling page return exception at pc = 0x00007fb4f0350a1d, stub =0x00007fb4e8840600
[2023-11-09T11:36:48.577+0000][2082.057s][debug][safepoint     ] ... found polling page return exception at pc = 0x00007fb4f0b14274, stub =0x00007fb4e8840600
[2023-11-09T11:36:48.578+0000][2082.058s][debug][safepoint     ] Waiting for 2 thread(s) to block
[2023-11-09T11:36:48.579+0000][2082.058s][info ][safepoint     ] Entering safepoint region: Cleanup
[2023-11-09T11:36:48.579+0000][2082.059s][info ][safepoint     ] Leaving safepoint region
[2023-11-09T11:36:48.579+0000][2082.059s][info ][safepoint     ] Total time for which application threads were stopped: 0.0020242 seconds, Stopping threads took: 0.0013958 seconds
[2023-11-09T11:36:49.580+0000][2083.060s][debug][safepoint     ] Safepoint synchronization initiated. (168 threads)
[2023-11-09T11:36:49.581+0000][2083.061s][info ][safepoint     ] Application time: 1.0015431 seconds
[2023-11-09T11:36:49.582+0000][2083.062s][info ][safepoint     ] Entering safepoint region: Cleanup
[2023-11-09T11:36:49.583+0000][2083.062s][info ][safepoint     ] Leaving safepoint region
[2023-11-09T11:36:49.583+0000][2083.063s][info ][safepoint     ] Total time for which application threads were stopped: 0.0013326 seconds, Stopping threads took: 0.0006476 seconds
[2023-11-09T11:36:50.584+0000][2084.063s][debug][safepoint     ] Safepoint synchronization initiated. (168 threads)
[2023-11-09T11:36:50.584+0000][2084.064s][info ][safepoint     ] Application time: 1.0007211 seconds
[2023-11-09T11:36:50.585+0000][2084.064s][info ][safepoint     ] Entering safepoint region: Cleanup
[2023-11-09T11:36:50.586+0000][2084.065s][info ][safepoint     ] Leaving safepoint region
[2023-11-09T11:36:50.586+0000][2084.066s][info ][safepoint     ] Total time for which application threads were stopped: 0.0011198 seconds, Stopping threads took: 0.0004750 seconds
[2023-11-09T11:36:51.587+0000][2085.066s][debug][safepoint     ] Safepoint synchronization initiated. (168 threads)
[2023-11-09T11:36:51.587+0000][2085.067s][info ][safepoint     ] Application time: 1.0004974 seconds
[2023-11-09T11:36:51.587+0000][2085.067s][info ][safepoint     ] Entering safepoint region: Cleanup
[2023-11-09T11:36:51.588+0000][2085.067s][info ][safepoint     ] Leaving safepoint region
[2023-11-09T11:36:51.588+0000][2085.068s][info ][safepoint     ] Total time for which application threads were stopped: 0.0008276 seconds, Stopping threads took: 0.0002848 seconds
[2023-11-09T11:36:52.589+0000][2086.068s][debug][safepoint     ] Safepoint synchronization initiated. (168 threads)
[2023-11-09T11:36:52.589+0000][2086.069s][info ][safepoint     ] Application time: 1.0007719 seconds
[2023-11-09T11:36:52.590+0000][2086.069s][info ][safepoint     ] Entering safepoint region: Cleanup
[2023-11-09T11:36:52.590+0000][2086.070s][info ][safepoint     ] Leaving safepoint region
[2023-11-09T11:36:52.591+0000][2086.070s][info ][safepoint     ] Total time for which application threads were stopped: 0.0011511 seconds, Stopping threads took: 0.0005060 seconds
[2023-11-09T11:36:53.591+0000][2087.071s][debug][safepoint     ] Safepoint synchronization initiated. (168 threads)
[2023-11-09T11:36:53.592+0000][2087.072s][info ][safepoint     ] Application time: 1.0009583 seconds
[2023-11-09T11:36:53.593+0000][2087.072s][info ][safepoint     ] Entering safepoint region: Cleanup
[2023-11-09T11:36:53.594+0000][2087.073s][info ][safepoint     ] Leaving safepoint region
[2023-11-09T11:36:53.594+0000][2087.074s][info ][safepoint     ] Total time for which application threads were stopped: 0.0013949 seconds, Stopping threads took: 0.0005871 seconds
[2023-11-09T11:36:54.595+0000][2088.075s][debug][safepoint     ] Safepoint synchronization initiated. (168 threads)
[2023-11-09T11:36:54.596+0000][2088.076s][info ][safepoint     ] Application time: 1.0013392 seconds
[2023-11-09T11:36:54.597+0000][2088.076s][info ][safepoint     ] Entering safepoint region: Cleanup
[2023-11-09T11:36:54.598+0000][2088.078s][info ][safepoint     ] Leaving safepoint region
[2023-11-09T11:36:54.599+0000][2088.078s][info ][safepoint     ] Total time for which application threads were stopped: 0.0016153 seconds, Stopping threads took: 0.0007723 seconds
[2023-11-09T11:36:55.599+0000][2089.079s][debug][safepoint     ] Safepoint synchronization initiated. (168 threads)
[2023-11-09T11:36:55.600+0000][2089.079s][info ][safepoint     ] Application time: 1.0007731 seconds
[2023-11-09T11:36:55.600+0000][2089.080s][info ][safepoint     ] Entering safepoint region: Cleanup
[2023-11-09T11:36:55.601+0000][2089.080s][info ][safepoint     ] Leaving safepoint region
[2023-11-09T11:36:55.601+0000][2089.081s][info ][safepoint     ] Total time for which application threads were stopped: 0.0008315 seconds, Stopping threads took: 0.0003812 seconds
[2023-11-09T11:36:56.601+0000][2090.081s][debug][safepoint     ] Safepoint synchronization initiated. (168 threads)
[2023-11-09T11:36:56.602+0000][2090.082s][info ][safepoint     ] Application time: 1.0006977 seconds
[2023-11-09T11:36:56.602+0000][2090.082s][info ][safepoint     ] Entering safepoint region: Cleanup
[2023-11-09T11:36:56.603+0000][2090.082s][info ][safepoint     ] Leaving safepoint region
[2023-11-09T11:36:56.603+0000][2090.083s][info ][safepoint     ] Total time for which application threads were stopped: 0.0007113 seconds, Stopping threads took: 0.0002970 seconds
[2023-11-09T11:36:57.604+0000][2091.083s][debug][safepoint     ] Safepoint synchronization initiated. (168 threads)
[2023-11-09T11:36:57.604+0000][2091.084s][info ][safepoint     ] Application time: 1.0010844 seconds
[2023-11-09T11:36:57.605+0000][2091.085s][info ][safepoint     ] Entering safepoint region: Cleanup
[2023-11-09T11:36:57.606+0000][2091.085s][info ][safepoint     ] Leaving safepoint region
[2023-11-09T11:36:57.606+0000][2091.086s][info ][safepoint     ] Total time for which application threads were stopped: 0.0012944 seconds, Stopping threads took: 0.0005820 seconds
[2023-11-09T11:36:58.607+0000][2092.086s][debug][safepoint     ] Safepoint synchronization initiated. (168 threads)
[2023-11-09T11:36:58.607+0000][2092.087s][info ][safepoint     ] Application time: 1.0005839 seconds
[2023-11-09T11:36:58.608+0000][2092.087s][info ][safepoint     ] Entering safepoint region: Cleanup
[2023-11-09T11:36:58.608+0000][2092.088s][info ][safepoint     ] Leaving safepoint region
[2023-11-09T11:36:58.609+0000][2092.088s][info ][safepoint     ] Total time for which application threads were stopped: 0.0008381 seconds, Stopping threads took: 0.0003911 seconds
[2023-11-09T11:36:59.609+0000][2093.089s][debug][safepoint     ] Safepoint synchronization initiated. (168 threads)
[2023-11-09T11:36:59.610+0000][2093.089s][info ][safepoint     ] Application time: 1.0010171 seconds
[2023-11-09T11:36:59.610+0000][2093.090s][info ][safepoint     ] Entering safepoint region: Cleanup
[2023-11-09T11:36:59.611+0000][2093.091s][info ][safepoint     ] Leaving safepoint region
[2023-11-09T11:36:59.611+0000][2093.091s][info ][safepoint     ] Total time for which application threads were stopped: 0.0009899 seconds, Stopping threads took: 0.0004434 seconds
[2023-11-09T11:37:00.612+0000][2094.091s][debug][safepoint     ] Safepoint synchronization initiated. (168 threads)
[2023-11-09T11:37:00.613+0000][2094.092s][info ][safepoint     ] Application time: 1.0009289 seconds
[2023-11-09T11:37:00.613+0000][2094.093s][info ][safepoint     ] Entering safepoint region: Cleanup
[2023-11-09T11:37:00.614+0000][2094.093s][info ][safepoint     ] Leaving safepoint region
[2023-11-09T11:37:00.614+0000][2094.094s][info ][safepoint     ] Total time for which application threads were stopped: 0.0013338 seconds, Stopping threads took: 0.0005646 seconds
[2023-11-09T11:37:01.615+0000][2095.095s][debug][safepoint     ] Safepoint synchronization initiated. (168 threads)
[2023-11-09T11:37:01.616+0000][2095.096s][info ][safepoint     ] Application time: 1.0012307 seconds
[2023-11-09T11:37:01.617+0000][2095.097s][info ][safepoint     ] Entering safepoint region: Cleanup
[2023-11-09T11:37:01.618+0000][2095.097s][info ][safepoint     ] Leaving safepoint region
[2023-11-09T11:37:01.618+0000][2095.098s][info ][safepoint     ] Total time for which application threads were stopped: 0.0014080 seconds, Stopping threads took: 0.0006744 seconds
[2023-11-09T11:37:02.619+0000][2096.099s][debug][safepoint     ] Safepoint synchronization initiated. (168 threads)
[2023-11-09T11:37:02.620+0000][2096.100s][info ][safepoint     ] Application time: 1.0011028 seconds
[2023-11-09T11:37:02.621+0000][2096.101s][info ][safepoint     ] Entering safepoint region: Cleanup
[2023-11-09T11:37:02.622+0000][2096.101s][info ][safepoint     ] Leaving safepoint region
[2023-11-09T11:37:02.623+0000][2096.102s][info ][safepoint     ] Total time for which application threads were stopped: 0.0017201 seconds, Stopping threads took: 0.0007784 seconds
[2023-11-09T11:37:03.623+0000][2097.103s][debug][safepoint     ] Safepoint synchronization initiated. (168 threads)
[2023-11-09T11:37:03.624+0000][2097.103s][info ][safepoint     ] Application time: 1.0005986 seconds
[2023-11-09T11:37:03.624+0000][2097.104s][info ][safepoint     ] Entering safepoint region: Cleanup
[2023-11-09T11:37:03.625+0000][2097.104s][info ][safepoint     ] Leaving safepoint region
[2023-11-09T11:37:03.625+0000][2097.105s][info ][safepoint     ] Total time for which application threads were stopped: 0.0010733 seconds, Stopping threads took: 0.0003822 seconds
[2023-11-09T11:37:04.626+0000][2098.105s][debug][safepoint     ] Safepoint synchronization initiated. (168 threads)
[2023-11-09T11:37:04.626+0000][2098.106s][info ][safepoint     ] Application time: 1.0008649 seconds
[2023-11-09T11:37:04.627+0000][2098.106s][info ][safepoint     ] Entering safepoint region: Cleanup
[2023-11-09T11:37:04.627+0000][2098.107s][info ][safepoint     ] Leaving safepoint region
[2023-11-09T11:37:04.628+0000][2098.107s][info ][safepoint     ] Total time for which application threads were stopped: 0.0009606 seconds, Stopping threads took: 0.0004394 seconds
[2023-11-09T11:37:05.628+0000][2099.108s][debug][safepoint     ] Safepoint synchronization initiated. (168 threads)
[2023-11-09T11:37:05.629+0000][2099.108s][info ][safepoint     ] Application time: 1.0006908 seconds
[2023-11-09T11:37:05.629+0000][2099.109s][info ][safepoint     ] Entering safepoint region: Cleanup
[2023-11-09T11:37:05.630+0000][2099.110s][info ][safepoint     ] Leaving safepoint region
[2023-11-09T11:37:05.630+0000][2099.110s][info ][safepoint     ] Total time for which application threads were stopped: 0.0010749 seconds, Stopping threads took: 0.0004563 seconds
[2023-11-09T11:37:06.631+0000][2100.110s][debug][safepoint     ] Safepoint synchronization initiated. (168 threads)
[2023-11-09T11:37:06.631+0000][2100.111s][info ][safepoint     ] Application time: 1.0005600 seconds
[2023-11-09T11:37:06.632+0000][2100.111s][info ][safepoint     ] Entering safepoint region: Cleanup
[2023-11-09T11:37:06.632+0000][2100.112s][info ][safepoint     ] Leaving safepoint region
[2023-11-09T11:37:06.632+0000][2100.112s][info ][safepoint     ] Total time for which application threads were stopped: 0.0008365 seconds, Stopping threads took: 0.0003597 seconds
[2023-11-09T11:37:07.633+0000][2101.113s][debug][safepoint     ] Safepoint synchronization initiated. (168 threads)
[2023-11-09T11:37:07.634+0000][2101.113s][info ][safepoint     ] Application time: 1.0009963 seconds
[2023-11-09T11:37:07.634+0000][2101.114s][info ][safepoint     ] Entering safepoint region: Cleanup
[2023-11-09T11:37:07.635+0000][2101.115s][info ][safepoint     ] Leaving safepoint region
[2023-11-09T11:37:07.636+0000][2101.115s][info ][safepoint     ] Total time for which application threads were stopped: 0.0012522 seconds, Stopping threads took: 0.0006053 seconds
[2023-11-09T11:37:08.636+0000][2102.116s][debug][safepoint     ] Safepoint synchronization initiated. (168 threads)
[2023-11-09T11:37:08.637+0000][2102.116s][info ][safepoint     ] Application time: 1.0007053 seconds
[2023-11-09T11:37:08.637+0000][2102.117s][info ][safepoint     ] Entering safepoint region: Cleanup
[2023-11-09T11:37:08.638+0000][2102.117s][info ][safepoint     ] Leaving safepoint region
[2023-11-09T11:37:08.638+0000][2102.118s][info ][safepoint     ] Total time for which application threads were stopped: 0.0010953 seconds, Stopping threads took: 0.0004095 seconds
[2023-11-09T11:37:09.639+0000][2103.118s][debug][safepoint     ] Safepoint synchronization initiated. (168 threads)
[2023-11-09T11:37:09.640+0000][2103.119s][info ][safepoint     ] Application time: 1.0007177 seconds
[2023-11-09T11:37:09.640+0000][2103.119s][info ][safepoint     ] Entering safepoint region: Cleanup
[2023-11-09T11:37:09.641+0000][2103.120s][info ][safepoint     ] Leaving safepoint region
[2023-11-09T11:37:09.642+0000][2103.121s][info ][safepoint     ] Total time for which application threads were stopped: 0.0012007 seconds, Stopping threads took: 0.0005583 seconds
[2023-11-09T11:37:10.642+0000][2104.121s][debug][safepoint     ] Safepoint synchronization initiated. (168 threads)
[2023-11-09T11:37:10.643+0000][2104.122s][info ][safepoint     ] Application time: 1.0007732 seconds
[2023-11-09T11:37:10.643+0000][2104.122s][info ][safepoint     ] Entering safepoint region: Cleanup
[2023-11-09T11:37:10.644+0000][2104.123s][info ][safepoint     ] Leaving safepoint region
[2023-11-09T11:37:10.644+0000][2104.123s][info ][safepoint     ] Total time for which application threads were stopped: 0.0010003 seconds, Stopping threads took: 0.0004611 seconds
[2023-11-09T11:37:11.645+0000][2105.124s][debug][safepoint     ] Safepoint synchronization initiated. (168 threads)
[2023-11-09T11:37:11.645+0000][2105.124s][info ][safepoint     ] Application time: 1.0007837 seconds
[2023-11-09T11:37:11.646+0000][2105.125s][info ][safepoint     ] Entering safepoint region: Cleanup
[2023-11-09T11:37:11.646+0000][2105.125s][info ][safepoint     ] Leaving safepoint region
[2023-11-09T11:37:11.647+0000][2105.126s][info ][safepoint     ] Total time for which application threads were stopped: 0.0011262 seconds, Stopping threads took: 0.0004430 seconds
[2023-11-09T11:37:12.647+0000][2106.126s][debug][safepoint     ] Safepoint synchronization initiated. (168 threads)
[2023-11-09T11:37:12.648+0000][2106.127s][info ][safepoint     ] Application time: 1.0008043 seconds
[2023-11-09T11:37:12.649+0000][2106.128s][info ][safepoint     ] Entering safepoint region: Cleanup
[2023-11-09T11:37:12.649+0000][2106.128s][info ][safepoint     ] Leaving safepoint region
[2023-11-09T11:37:12.649+0000][2106.128s][info ][safepoint     ] Total time for which application threads were stopped: 0.0009308 seconds, Stopping threads took: 0.0004032 seconds
[2023-11-09T11:37:13.650+0000][2107.129s][debug][safepoint     ] Safepoint synchronization initiated. (168 threads)
[2023-11-09T11:37:13.651+0000][2107.130s][info ][safepoint     ] Application time: 1.0010354 seconds
[2023-11-09T11:37:13.652+0000][2107.131s][info ][safepoint     ] Entering safepoint region: Cleanup
[2023-11-09T11:37:13.652+0000][2107.131s][info ][safepoint     ] Leaving safepoint region
[2023-11-09T11:37:13.653+0000][2107.132s][info ][safepoint     ] Total time for which application threads were stopped: 0.0013756 seconds, Stopping threads took: 0.0006610 seconds
[2023-11-09T11:37:14.654+0000][2108.133s][debug][safepoint     ] Safepoint synchronization initiated. (168 threads)
[2023-11-09T11:37:14.655+0000][2108.133s][info ][safepoint     ] Application time: 1.0009677 seconds
[2023-11-09T11:37:14.655+0000][2108.134s][info ][safepoint     ] Entering safepoint region: Cleanup
[2023-11-09T11:37:14.656+0000][2108.135s][info ][safepoint     ] Leaving safepoint region
[2023-11-09T11:37:14.657+0000][2108.136s][info ][safepoint     ] Total time for which application threads were stopped: 0.0016239 seconds, Stopping threads took: 0.0007252 seconds
[2023-11-09T11:37:15.658+0000][2109.137s][debug][safepoint     ] Safepoint synchronization initiated. (168 threads)
[2023-11-09T11:37:15.659+0000][2109.137s][info ][safepoint     ] Application time: 1.0008736 seconds
[2023-11-09T11:37:15.659+0000][2109.138s][info ][safepoint     ] Entering safepoint region: Cleanup
[2023-11-09T11:37:15.660+0000][2109.139s][info ][safepoint     ] Leaving safepoint region
[2023-11-09T11:37:15.660+0000][2109.139s][info ][safepoint     ] Total time for which application threads were stopped: 0.0012154 seconds, Stopping threads took: 0.0005345 seconds
[2023-11-09T11:37:16.661+0000][2110.140s][debug][safepoint     ] Safepoint synchronization initiated. (168 threads)
[2023-11-09T11:37:16.662+0000][2110.141s][info ][safepoint     ] Application time: 1.0011427 seconds
[2023-11-09T11:37:16.663+0000][2110.142s][info ][safepoint     ] Entering safepoint region: Cleanup
[2023-11-09T11:37:16.664+0000][2110.143s][info ][safepoint     ] Leaving safepoint region
[2023-11-09T11:37:16.664+0000][2110.143s][info ][safepoint     ] Total time for which application threads were stopped: 0.0015406 seconds, Stopping threads took: 0.0007546 seconds
[2023-11-09T11:37:17.665+0000][2111.144s][debug][safepoint     ] Safepoint synchronization initiated. (168 threads)
[2023-11-09T11:37:17.666+0000][2111.145s][info ][safepoint     ] Application time: 1.0011489 seconds
[2023-11-09T11:37:17.667+0000][2111.146s][info ][safepoint     ] Entering safepoint region: Cleanup
[2023-11-09T11:37:17.668+0000][2111.147s][info ][safepoint     ] Leaving safepoint region
[2023-11-09T11:37:17.669+0000][2111.148s][info ][safepoint     ] Total time for which application threads were stopped: 0.0016954 seconds, Stopping threads took: 0.0007578 seconds
[2023-11-09T11:37:18.670+0000][2112.149s][debug][safepoint     ] Safepoint synchronization initiated. (168 threads)
[2023-11-09T11:37:18.670+0000][2112.149s][info ][safepoint     ] Application time: 1.0009750 seconds
[2023-11-09T11:37:18.671+0000][2112.150s][info ][safepoint     ] Entering safepoint region: Cleanup
[2023-11-09T11:37:18.672+0000][2112.151s][info ][safepoint     ] Leaving safepoint region
[2023-11-09T11:37:18.672+0000][2112.151s][info ][safepoint     ] Total time for which application threads were stopped: 0.0013572 seconds, Stopping threads took: 0.0005654 seconds
[2023-11-09T11:37:19.673+0000][2113.152s][debug][safepoint     ] Safepoint synchronization initiated. (168 threads)
[2023-11-09T11:37:19.674+0000][2113.153s][info ][safepoint     ] Application time: 1.0011634 seconds
[2023-11-09T11:37:19.674+0000][2113.153s][info ][safepoint     ] Entering safepoint region: Cleanup
[2023-11-09T11:37:19.675+0000][2113.154s][info ][safepoint     ] Leaving safepoint region
[2023-11-09T11:37:19.675+0000][2113.154s][info ][safepoint     ] Total time for which application threads were stopped: 0.0009655 seconds, Stopping threads took: 0.0004236 seconds
[2023-11-09T11:37:20.676+0000][2114.155s][debug][safepoint     ] Safepoint synchronization initiated. (168 threads)
[2023-11-09T11:37:20.676+0000][2114.155s][info ][safepoint     ] Application time: 1.0008715 seconds
[2023-11-09T11:37:20.677+0000][2114.156s][info ][safepoint     ] Entering safepoint region: Cleanup
[2023-11-09T11:37:20.678+0000][2114.157s][info ][safepoint     ] Leaving safepoint region
[2023-11-09T11:37:20.678+0000][2114.157s][info ][safepoint     ] Total time for which application threads were stopped: 0.0012126 seconds, Stopping threads took: 0.0006018 seconds
[2023-11-09T11:37:21.679+0000][2115.158s][debug][safepoint     ] Safepoint synchronization initiated. (168 threads)
[2023-11-09T11:37:21.679+0000][2115.158s][info ][safepoint     ] Application time: 1.0007952 seconds
[2023-11-09T11:37:21.680+0000][2115.159s][info ][safepoint     ] Entering safepoint region: Cleanup
[2023-11-09T11:37:21.681+0000][2115.160s][info ][safepoint     ] Leaving safepoint region
[2023-11-09T11:37:21.682+0000][2115.161s][info ][safepoint     ] Total time for which application threads were stopped: 0.0022846 seconds, Stopping threads took: 0.0009248 seconds
[2023-11-09T11:37:22.683+0000][2116.162s][debug][safepoint     ] Safepoint synchronization initiated. (168 threads)
[2023-11-09T11:37:22.685+0000][2116.164s][info ][safepoint     ] Application time: 1.0022037 seconds
[2023-11-09T11:37:22.687+0000][2116.166s][info ][safepoint     ] Entering safepoint region: Cleanup
[2023-11-09T11:37:22.688+0000][2116.167s][info ][safepoint     ] Leaving safepoint region
[2023-11-09T11:37:22.689+0000][2116.168s][info ][safepoint     ] Total time for which application threads were stopped: 0.0022236 seconds, Stopping threads took: 0.0014308 seconds
[2023-11-09T11:37:23.689+0000][2117.168s][debug][safepoint     ] Safepoint synchronization initiated. (168 threads)
[2023-11-09T11:37:23.690+0000][2117.169s][info ][safepoint     ] Application time: 1.0010350 seconds
[2023-11-09T11:37:23.691+0000][2117.170s][info ][safepoint     ] Entering safepoint region: Cleanup
[2023-11-09T11:37:23.691+0000][2117.170s][info ][safepoint     ] Leaving safepoint region
[2023-11-09T11:37:23.692+0000][2117.171s][info ][safepoint     ] Total time for which application threads were stopped: 0.0010187 seconds, Stopping threads took: 0.0004468 seconds
[2023-11-09T11:37:24.692+0000][2118.171s][debug][safepoint     ] Safepoint synchronization initiated. (168 threads)
[2023-11-09T11:37:24.694+0000][2118.173s][info ][safepoint     ] Application time: 1.0013775 seconds
[2023-11-09T11:37:24.694+0000][2118.173s][info ][safepoint     ] Entering safepoint region: Cleanup
[2023-11-09T11:37:24.695+0000][2118.174s][info ][safepoint     ] Leaving safepoint region
[2023-11-09T11:37:24.695+0000][2118.174s][info ][safepoint     ] Total time for which application threads were stopped: 0.0008454 seconds, Stopping threads took: 0.0003543 seconds
[2023-11-09T11:37:25.695+0000][2119.174s][debug][safepoint     ] Safepoint synchronization initiated. (168 threads)
[2023-11-09T11:37:25.696+0000][2119.175s][info ][safepoint     ] Application time: 1.0006965 seconds
[2023-11-09T11:37:25.696+0000][2119.175s][info ][safepoint     ] Entering safepoint region: Cleanup
[2023-11-09T11:37:25.697+0000][2119.176s][info ][safepoint     ] Leaving safepoint region
[2023-11-09T11:37:25.698+0000][2119.176s][info ][safepoint     ] Total time for which application threads were stopped: 0.0010816 seconds, Stopping threads took: 0.0005836 seconds
[2023-11-09T11:37:26.698+0000][2120.177s][debug][safepoint     ] Safepoint synchronization initiated. (168 threads)
[2023-11-09T11:37:26.699+0000][2120.178s][info ][safepoint     ] Application time: 1.0006887 seconds
[2023-11-09T11:37:26.699+0000][2120.178s][info ][safepoint     ] Entering safepoint region: Cleanup
[2023-11-09T11:37:26.699+0000][2120.178s][info ][safepoint     ] Leaving safepoint region
[2023-11-09T11:37:26.700+0000][2120.179s][info ][safepoint     ] Total time for which application threads were stopped: 0.0008267 seconds, Stopping threads took: 0.0003577 seconds
[2023-11-09T11:37:27.700+0000][2121.179s][debug][safepoint     ] Safepoint synchronization initiated. (168 threads)
[2023-11-09T11:37:27.701+0000][2121.180s][info ][safepoint     ] Application time: 1.0009969 seconds
[2023-11-09T11:37:27.702+0000][2121.181s][info ][safepoint     ] Entering safepoint region: Cleanup
[2023-11-09T11:37:27.702+0000][2121.181s][info ][safepoint     ] Leaving safepoint region
[2023-11-09T11:37:27.703+0000][2121.182s][info ][safepoint     ] Total time for which application threads were stopped: 0.0012366 seconds, Stopping threads took: 0.0005443 seconds
[2023-11-09T11:37:28.704+0000][2122.183s][debug][safepoint     ] Safepoint synchronization initiated. (168 threads)
[2023-11-09T11:37:28.704+0000][2122.183s][info ][safepoint     ] Application time: 1.0007636 seconds
[2023-11-09T11:37:28.705+0000][2122.184s][info ][safepoint     ] Entering safepoint region: Cleanup
[2023-11-09T11:37:28.705+0000][2122.184s][info ][safepoint     ] Leaving safepoint region
[2023-11-09T11:37:28.706+0000][2122.185s][info ][safepoint     ] Total time for which application threads were stopped: 0.0010276 seconds, Stopping threads took: 0.0004195 seconds
[2023-11-09T11:37:29.706+0000][2123.185s][debug][safepoint     ] Safepoint synchronization initiated. (168 threads)
[2023-11-09T11:37:29.707+0000][2123.186s][info ][safepoint     ] Application time: 1.0007703 seconds
[2023-11-09T11:37:29.707+0000][2123.186s][info ][safepoint     ] Entering safepoint region: Cleanup
[2023-11-09T11:37:29.707+0000][2123.186s][info ][safepoint     ] Leaving safepoint region
[2023-11-09T11:37:29.708+0000][2123.187s][info ][safepoint     ] Total time for which application threads were stopped: 0.0007319 seconds, Stopping threads took: 0.0002781 seconds
[2023-11-09T11:37:30.708+0000][2124.187s][debug][safepoint     ] Safepoint synchronization initiated. (168 threads)
[2023-11-09T11:37:30.709+0000][2124.188s][info ][safepoint     ] Application time: 1.0011609 seconds
[2023-11-09T11:37:30.710+0000][2124.189s][info ][safepoint     ] Entering safepoint region: Cleanup
[2023-11-09T11:37:30.711+0000][2124.190s][info ][safepoint     ] Leaving safepoint region
[2023-11-09T11:37:30.711+0000][2124.190s][info ][safepoint     ] Total time for which application threads were stopped: 0.0015998 seconds, Stopping threads took: 0.0007391 seconds
[2023-11-09T11:37:31.712+0000][2125.191s][debug][safepoint     ] Safepoint synchronization initiated. (168 threads)
[2023-11-09T11:37:31.713+0000][2125.192s][info ][safepoint     ] Application time: 1.0014077 seconds
[2023-11-09T11:37:31.714+0000][2125.193s][info ][safepoint     ] Entering safepoint region: Cleanup
[2023-11-09T11:37:31.716+0000][2125.195s][info ][safepoint     ] Leaving safepoint region
[2023-11-09T11:37:31.717+0000][2125.196s][info ][safepoint     ] Total time for which application threads were stopped: 0.0021681 seconds, Stopping threads took: 0.0009863 seconds
[2023-11-09T11:37:32.718+0000][2126.197s][debug][safepoint     ] Safepoint synchronization initiated. (168 threads)
[2023-11-09T11:37:32.718+0000][2126.197s][info ][safepoint     ] Application time: 1.0011096 seconds
[2023-11-09T11:37:32.719+0000][2126.198s][info ][safepoint     ] Entering safepoint region: Cleanup
[2023-11-09T11:37:32.720+0000][2126.199s][info ][safepoint     ] Leaving safepoint region
[2023-11-09T11:37:32.720+0000][2126.199s][info ][safepoint     ] Total time for which application threads were stopped: 0.0013073 seconds, Stopping threads took: 0.0006545 seconds
[2023-11-09T11:37:33.721+0000][2127.200s][debug][safepoint     ] Safepoint synchronization initiated. (168 threads)
[2023-11-09T11:37:33.722+0000][2127.201s][info ][safepoint     ] Application time: 1.0007207 seconds
[2023-11-09T11:37:33.722+0000][2127.201s][info ][safepoint     ] Entering safepoint region: Cleanup
[2023-11-09T11:37:33.723+0000][2127.202s][info ][safepoint     ] Leaving safepoint region
[2023-11-09T11:37:33.723+0000][2127.202s][info ][safepoint     ] Total time for which application threads were stopped: 0.0011303 seconds, Stopping threads took: 0.0005265 seconds
[2023-11-09T11:37:34.724+0000][2128.203s][debug][safepoint     ] Safepoint synchronization initiated. (168 threads)
[2023-11-09T11:37:34.725+0000][2128.204s][info ][safepoint     ] Application time: 1.0010410 seconds
[2023-11-09T11:37:34.726+0000][2128.205s][info ][safepoint     ] Entering safepoint region: Cleanup
[2023-11-09T11:37:34.727+0000][2128.206s][info ][safepoint     ] Leaving safepoint region
[2023-11-09T11:37:34.727+0000][2128.206s][info ][safepoint     ] Total time for which application threads were stopped: 0.0014051 seconds, Stopping threads took: 0.0007124 seconds
[2023-11-09T11:37:35.728+0000][2129.207s][debug][safepoint     ] Safepoint synchronization initiated. (168 threads)
[2023-11-09T11:37:35.728+0000][2129.207s][info ][safepoint     ] Application time: 1.0008690 seconds
[2023-11-09T11:37:35.729+0000][2129.208s][info ][safepoint     ] Entering safepoint region: Cleanup
[2023-11-09T11:37:35.730+0000][2129.208s][info ][safepoint     ] Leaving safepoint region
[2023-11-09T11:37:35.730+0000][2129.209s][info ][safepoint     ] Total time for which application threads were stopped: 0.0009447 seconds, Stopping threads took: 0.0004318 seconds
[2023-11-09T11:37:36.730+0000][2130.209s][debug][safepoint     ] Safepoint synchronization initiated. (168 threads)
[2023-11-09T11:37:36.731+0000][2130.210s][info ][safepoint     ] Application time: 1.0008981 seconds
[2023-11-09T11:37:36.732+0000][2130.211s][info ][safepoint     ] Entering safepoint region: Cleanup
[2023-11-09T11:37:36.732+0000][2130.211s][info ][safepoint     ] Leaving safepoint region
[2023-11-09T11:37:36.733+0000][2130.212s][info ][safepoint     ] Total time for which application threads were stopped: 0.0012150 seconds, Stopping threads took: 0.0005384 seconds
[2023-11-09T11:37:37.733+0000][2131.212s][debug][safepoint     ] Safepoint synchronization initiated. (168 threads)
[2023-11-09T11:37:37.734+0000][2131.213s][info ][safepoint     ] Application time: 1.0012057 seconds
[2023-11-09T11:37:37.735+0000][2131.214s][info ][safepoint     ] Entering safepoint region: Cleanup
[2023-11-09T11:37:37.736+0000][2131.215s][info ][safepoint     ] Leaving safepoint region
[2023-11-09T11:37:37.737+0000][2131.216s][info ][safepoint     ] Total time for which application threads were stopped: 0.0018340 seconds, Stopping threads took: 0.0008293 seconds
[2023-11-09T11:37:38.738+0000][2132.217s][debug][safepoint     ] Safepoint synchronization initiated. (168 threads)
[2023-11-09T11:37:38.739+0000][2132.218s][info ][safepoint     ] Application time: 1.0008886 seconds
[2023-11-09T11:37:38.739+0000][2132.218s][info ][safepoint     ] Entering safepoint region: Cleanup
[2023-11-09T11:37:38.740+0000][2132.219s][info ][safepoint     ] Leaving safepoint region
[2023-11-09T11:37:38.741+0000][2132.220s][info ][safepoint     ] Total time for which application threads were stopped: 0.0012454 seconds, Stopping threads took: 0.0005553 seconds
[2023-11-09T11:37:39.741+0000][2133.220s][debug][safepoint     ] Safepoint synchronization initiated. (168 threads)
[2023-11-09T11:37:39.742+0000][2133.221s][info ][safepoint     ] Application time: 1.0006010 seconds
[2023-11-09T11:37:39.742+0000][2133.221s][info ][safepoint     ] Entering safepoint region: Cleanup
[2023-11-09T11:37:39.742+0000][2133.222s][info ][safepoint     ] Leaving safepoint region
[2023-11-09T11:37:39.743+0000][2133.222s][info ][safepoint     ] Total time for which application threads were stopped: 0.0008905 seconds, Stopping threads took: 0.0003576 seconds
[2023-11-09T11:37:40.743+0000][2134.223s][debug][safepoint     ] Safepoint synchronization initiated. (168 threads)
[2023-11-09T11:37:40.744+0000][2134.223s][info ][safepoint     ] Application time: 1.0008954 seconds
[2023-11-09T11:37:40.745+0000][2134.224s][info ][safepoint     ] Entering safepoint region: Cleanup
[2023-11-09T11:37:40.745+0000][2134.224s][info ][safepoint     ] Leaving safepoint region
[2023-11-09T11:37:40.746+0000][2134.225s][info ][safepoint     ] Total time for which application threads were stopped: 0.0011368 seconds, Stopping threads took: 0.0005348 seconds
[2023-11-09T11:37:40.745+0000][2134.224s][debug][safepoint     ] ... found polling page return exception at pc = 0x00007fb4f0d6dc84, stub =0x00007fb4e8840600
[2023-11-09T11:37:40.745+0000][2134.224s][debug][safepoint     ] ... found polling page return exception at pc = 0x00007fb4f0d6dc84, stub =0x00007fb4e8840600
[2023-11-09T11:37:40.745+0000][2134.224s][debug][safepoint     ] ... found polling page return exception at pc = 0x00007fb4f0d6dc84, stub =0x00007fb4e8840600
[2023-11-09T11:37:40.745+0000][2134.224s][debug][safepoint     ] ... found polling page return exception at pc = 0x00007fb4f0d6dc84, stub =0x00007fb4e8840600
[2023-11-09T11:37:40.745+0000][2134.224s][debug][safepoint     ] ... found polling page return exception at pc = 0x00007fb4f0d6dc84, stub =0x00007fb4e8840600
[2023-11-09T11:37:40.745+0000][2134.224s][debug][safepoint     ] ... found polling page return exception at pc = 0x00007fb4f0d6dc84, stub =0x00007fb4e8840600
[2023-11-09T11:37:40.745+0000][2134.224s][debug][safepoint     ] ... found polling page return exception at pc = 0x00007fb4f0d6dc84, stub =0x00007fb4e8840600
[2023-11-09T11:37:41.746+0000][2135.226s][debug][safepoint     ] Safepoint synchronization initiated. (168 threads)
[2023-11-09T11:37:41.747+0000][2135.226s][info ][safepoint     ] Application time: 1.0012036 seconds
[2023-11-09T11:37:41.748+0000][2135.227s][info ][safepoint     ] Entering safepoint region: Cleanup
[2023-11-09T11:37:41.749+0000][2135.228s][info ][safepoint     ] Leaving safepoint region
[2023-11-09T11:37:41.749+0000][2135.229s][info ][safepoint     ] Total time for which application threads were stopped: 0.0014601 seconds, Stopping threads took: 0.0007029 seconds
[2023-11-09T11:37:42.750+0000][2136.229s][debug][safepoint     ] Safepoint synchronization initiated. (168 threads)
[2023-11-09T11:37:42.751+0000][2136.230s][info ][safepoint     ] Application time: 1.0006028 seconds
[2023-11-09T11:37:42.751+0000][2136.230s][info ][safepoint     ] Entering safepoint region: Cleanup
[2023-11-09T11:37:42.751+0000][2136.231s][info ][safepoint     ] Leaving safepoint region
[2023-11-09T11:37:42.752+0000][2136.231s][info ][safepoint     ] Total time for which application threads were stopped: 0.0008301 seconds, Stopping threads took: 0.0003238 seconds
[2023-11-09T11:37:43.752+0000][2137.232s][debug][safepoint     ] Safepoint synchronization initiated. (168 threads)
[2023-11-09T11:37:43.753+0000][2137.232s][info ][safepoint     ] Application time: 1.0008785 seconds
[2023-11-09T11:37:43.753+0000][2137.233s][info ][safepoint     ] Entering safepoint region: Cleanup
[2023-11-09T11:37:43.754+0000][2137.233s][info ][safepoint     ] Leaving safepoint region
[2023-11-09T11:37:43.754+0000][2137.234s][info ][safepoint     ] Total time for which application threads were stopped: 0.0008951 seconds, Stopping threads took: 0.0003919 seconds
[2023-11-09T11:37:44.755+0000][2138.234s][debug][safepoint     ] Safepoint synchronization initiated. (168 threads)
[2023-11-09T11:37:44.756+0000][2138.235s][info ][safepoint     ] Application time: 1.0011962 seconds
[2023-11-09T11:37:44.757+0000][2138.236s][info ][safepoint     ] Entering safepoint region: Cleanup
[2023-11-09T11:37:44.758+0000][2138.237s][info ][safepoint     ] Leaving safepoint region
[2023-11-09T11:37:44.758+0000][2138.237s][info ][safepoint     ] Total time for which application threads were stopped: 0.0012893 seconds, Stopping threads took: 0.0006194 seconds
[2023-11-09T11:37:45.759+0000][2139.238s][debug][safepoint     ] Safepoint synchronization initiated. (168 threads)
[2023-11-09T11:37:45.759+0000][2139.239s][info ][safepoint     ] Application time: 1.0007632 seconds
[2023-11-09T11:37:45.760+0000][2139.239s][info ][safepoint     ] Entering safepoint region: Cleanup
[2023-11-09T11:37:45.760+0000][2139.240s][info ][safepoint     ] Leaving safepoint region
[2023-11-09T11:37:45.761+0000][2139.240s][info ][safepoint     ] Total time for which application threads were stopped: 0.0008935 seconds, Stopping threads took: 0.0003735 seconds
[2023-11-09T11:37:46.761+0000][2140.240s][debug][safepoint     ] Safepoint synchronization initiated. (168 threads)
[2023-11-09T11:37:46.763+0000][2140.242s][info ][safepoint     ] Application time: 1.0015900 seconds
[2023-11-09T11:37:46.764+0000][2140.243s][info ][safepoint     ] Entering safepoint region: Cleanup
[2023-11-09T11:37:46.765+0000][2140.244s][info ][safepoint     ] Leaving safepoint region
[2023-11-09T11:37:46.766+0000][2140.245s][info ][safepoint     ] Total time for which application threads were stopped: 0.0023653 seconds, Stopping threads took: 0.0010542 seconds
[2023-11-09T11:37:47.767+0000][2141.246s][debug][safepoint     ] Safepoint synchronization initiated. (168 threads)
[2023-11-09T11:37:47.768+0000][2141.247s][info ][safepoint     ] Application time: 1.0008825 seconds
[2023-11-09T11:37:47.768+0000][2141.248s][info ][safepoint     ] Entering safepoint region: Cleanup
[2023-11-09T11:37:47.769+0000][2141.248s][info ][safepoint     ] Leaving safepoint region
[2023-11-09T11:37:47.770+0000][2141.249s][info ][safepoint     ] Total time for which application threads were stopped: 0.0013423 seconds, Stopping threads took: 0.0005419 seconds
[2023-11-09T11:37:48.771+0000][2142.250s][debug][safepoint     ] Safepoint synchronization initiated. (168 threads)
[2023-11-09T11:37:48.771+0000][2142.251s][info ][safepoint     ] Application time: 1.0009110 seconds
[2023-11-09T11:37:48.772+0000][2142.251s][info ][safepoint     ] Entering safepoint region: Cleanup
[2023-11-09T11:37:48.773+0000][2142.252s][info ][safepoint     ] Leaving safepoint region
[2023-11-09T11:37:48.773+0000][2142.252s][info ][safepoint     ] Total time for which application threads were stopped: 0.0013242 seconds, Stopping threads took: 0.0005589 seconds
[2023-11-09T11:37:49.774+0000][2143.253s][debug][safepoint     ] Safepoint synchronization initiated. (168 threads)
[2023-11-09T11:37:49.774+0000][2143.254s][info ][safepoint     ] Application time: 1.0007663 seconds
[2023-11-09T11:37:49.775+0000][2143.254s][info ][safepoint     ] Entering safepoint region: Cleanup
[2023-11-09T11:37:49.776+0000][2143.255s][info ][safepoint     ] Leaving safepoint region
[2023-11-09T11:37:49.776+0000][2143.256s][info ][safepoint     ] Total time for which application threads were stopped: 0.0014822 seconds, Stopping threads took: 0.0006416 seconds
[2023-11-09T11:37:50.777+0000][2144.256s][debug][safepoint     ] Safepoint synchronization initiated. (168 threads)
[2023-11-09T11:37:50.778+0000][2144.257s][info ][safepoint     ] Application time: 1.0006699 seconds
[2023-11-09T11:37:50.778+0000][2144.257s][info ][safepoint     ] Entering safepoint region: Cleanup
[2023-11-09T11:37:50.779+0000][2144.258s][info ][safepoint     ] Leaving safepoint region
[2023-11-09T11:37:50.779+0000][2144.258s][info ][safepoint     ] Total time for which application threads were stopped: 0.0008011 seconds, Stopping threads took: 0.0003558 seconds
[2023-11-09T11:37:51.779+0000][2145.259s][debug][safepoint     ] Safepoint synchronization initiated. (168 threads)
[2023-11-09T11:37:51.780+0000][2145.259s][info ][safepoint     ] Application time: 1.0009378 seconds
[2023-11-09T11:37:51.781+0000][2145.260s][debug][safepoint     ] ... found polling page return exception at pc = 0x00007fb4f0f48009, stub =0x00007fb4e8840600
[2023-11-09T11:37:51.781+0000][2145.261s][debug][safepoint     ] Waiting for 1 thread(s) to block
[2023-11-09T11:37:51.782+0000][2145.261s][info ][safepoint     ] Entering safepoint region: Cleanup
[2023-11-09T11:37:51.783+0000][2145.262s][info ][safepoint     ] Leaving safepoint region
[2023-11-09T11:37:51.783+0000][2145.262s][info ][safepoint     ] Total time for which application threads were stopped: 0.0025065 seconds, Stopping threads took: 0.0018090 seconds
[2023-11-09T11:37:52.784+0000][2146.263s][debug][safepoint     ] Safepoint synchronization initiated. (168 threads)
[2023-11-09T11:37:52.784+0000][2146.264s][info ][safepoint     ] Application time: 1.0007028 seconds
[2023-11-09T11:37:52.785+0000][2146.264s][info ][safepoint     ] Entering safepoint region: Cleanup
[2023-11-09T11:37:52.785+0000][2146.265s][info ][safepoint     ] Leaving safepoint region
[2023-11-09T11:37:52.786+0000][2146.265s][info ][safepoint     ] Total time for which application threads were stopped: 0.0010245 seconds, Stopping threads took: 0.0004099 seconds
[2023-11-09T11:37:53.787+0000][2147.266s][debug][safepoint     ] Safepoint synchronization initiated. (168 threads)
[2023-11-09T11:37:53.787+0000][2147.267s][info ][safepoint     ] Application time: 1.0012210 seconds
[2023-11-09T11:37:53.788+0000][2147.268s][info ][safepoint     ] Entering safepoint region: Cleanup
[2023-11-09T11:37:53.790+0000][2147.269s][info ][safepoint     ] Leaving safepoint region
[2023-11-09T11:37:53.790+0000][2147.270s][info ][safepoint     ] Total time for which application threads were stopped: 0.0020444 seconds, Stopping threads took: 0.0009083 seconds
[2023-11-09T11:37:54.791+0000][2148.270s][debug][safepoint     ] Safepoint synchronization initiated. (168 threads)
[2023-11-09T11:37:54.792+0000][2148.271s][info ][safepoint     ] Application time: 1.0006679 seconds
[2023-11-09T11:37:54.792+0000][2148.272s][info ][safepoint     ] Entering safepoint region: Cleanup
[2023-11-09T11:37:54.793+0000][2148.272s][info ][safepoint     ] Leaving safepoint region
[2023-11-09T11:37:54.793+0000][2148.273s][info ][safepoint     ] Total time for which application threads were stopped: 0.0011093 seconds, Stopping threads took: 0.0003657 seconds
[2023-11-09T11:37:55.794+0000][2149.273s][debug][safepoint     ] Safepoint synchronization initiated. (168 threads)
[2023-11-09T11:37:55.794+0000][2149.274s][info ][safepoint     ] Application time: 1.0005891 seconds
[2023-11-09T11:37:55.795+0000][2149.274s][info ][safepoint     ] Entering safepoint region: Cleanup
[2023-11-09T11:37:55.796+0000][2149.275s][info ][safepoint     ] Leaving safepoint region
[2023-11-09T11:37:55.796+0000][2149.275s][info ][safepoint     ] Total time for which application threads were stopped: 0.0012098 seconds, Stopping threads took: 0.0004659 seconds
[2023-11-09T11:37:56.796+0000][2150.276s][debug][safepoint     ] Safepoint synchronization initiated. (168 threads)
[2023-11-09T11:37:56.797+0000][2150.276s][info ][safepoint     ] Application time: 1.0007347 seconds
[2023-11-09T11:37:56.798+0000][2150.277s][info ][safepoint     ] Entering safepoint region: Cleanup
[2023-11-09T11:37:56.798+0000][2150.278s][info ][safepoint     ] Leaving safepoint region
[2023-11-09T11:37:56.799+0000][2150.278s][info ][safepoint     ] Total time for which application threads were stopped: 0.0012751 seconds, Stopping threads took: 0.0006111 seconds
[2023-11-09T11:37:57.799+0000][2151.279s][debug][safepoint     ] Safepoint synchronization initiated. (168 threads)
[2023-11-09T11:37:57.800+0000][2151.279s][info ][safepoint     ] Application time: 1.0005643 seconds
[2023-11-09T11:37:57.800+0000][2151.280s][info ][safepoint     ] Entering safepoint region: Cleanup
[2023-11-09T11:37:57.801+0000][2151.280s][info ][safepoint     ] Leaving safepoint region
[2023-11-09T11:37:57.801+0000][2151.281s][info ][safepoint     ] Total time for which application threads were stopped: 0.0009696 seconds, Stopping threads took: 0.0003537 seconds
[2023-11-09T11:37:58.802+0000][2152.281s][debug][safepoint     ] Safepoint synchronization initiated. (168 threads)
[2023-11-09T11:37:58.803+0000][2152.282s][info ][safepoint     ] Application time: 1.0008835 seconds
[2023-11-09T11:37:58.803+0000][2152.282s][info ][safepoint     ] Entering safepoint region: Cleanup
[2023-11-09T11:37:58.804+0000][2152.283s][info ][safepoint     ] Leaving safepoint region
[2023-11-09T11:37:58.804+0000][2152.284s][info ][safepoint     ] Total time for which application threads were stopped: 0.0012629 seconds, Stopping threads took: 0.0005264 seconds
[2023-11-09T11:37:59.805+0000][2153.284s][debug][safepoint     ] Safepoint synchronization initiated. (168 threads)
[2023-11-09T11:37:59.806+0000][2153.285s][info ][safepoint     ] Application time: 1.0009242 seconds
[2023-11-09T11:37:59.806+0000][2153.286s][info ][safepoint     ] Entering safepoint region: Cleanup
[2023-11-09T11:37:59.807+0000][2153.286s][info ][safepoint     ] Leaving safepoint region
[2023-11-09T11:37:59.808+0000][2153.287s][info ][safepoint     ] Total time for which application threads were stopped: 0.0014227 seconds, Stopping threads took: 0.0005994 seconds
[2023-11-09T11:38:00.808+0000][2154.287s][debug][safepoint     ] Safepoint synchronization initiated. (168 threads)
[2023-11-09T11:38:00.809+0000][2154.288s][info ][safepoint     ] Application time: 1.0011338 seconds
[2023-11-09T11:38:00.810+0000][2154.289s][info ][safepoint     ] Entering safepoint region: Cleanup
[2023-11-09T11:38:00.811+0000][2154.290s][info ][safepoint     ] Leaving safepoint region
[2023-11-09T11:38:00.812+0000][2154.291s][info ][safepoint     ] Total time for which application threads were stopped: 0.0017943 seconds, Stopping threads took: 0.0008369 seconds
[2023-11-09T11:38:01.813+0000][2155.292s][debug][safepoint     ] Safepoint synchronization initiated. (168 threads)
[2023-11-09T11:38:01.813+0000][2155.292s][info ][safepoint     ] Application time: 1.0006075 seconds
[2023-11-09T11:38:01.813+0000][2155.293s][info ][safepoint     ] Entering safepoint region: Cleanup
[2023-11-09T11:38:01.814+0000][2155.293s][info ][safepoint     ] Leaving safepoint region
[2023-11-09T11:38:01.814+0000][2155.294s][info ][safepoint     ] Total time for which application threads were stopped: 0.0009547 seconds, Stopping threads took: 0.0004470 seconds
[2023-11-09T11:38:02.815+0000][2156.294s][debug][safepoint     ] Safepoint synchronization initiated. (168 threads)
[2023-11-09T11:38:02.816+0000][2156.295s][info ][safepoint     ] Application time: 1.0009873 seconds
[2023-11-09T11:38:02.817+0000][2156.296s][info ][safepoint     ] Entering safepoint region: Cleanup
[2023-11-09T11:38:02.818+0000][2156.297s][info ][safepoint     ] Leaving safepoint region
[2023-11-09T11:38:02.819+0000][2156.298s][info ][safepoint     ] Total time for which application threads were stopped: 0.0014423 seconds, Stopping threads took: 0.0007318 seconds
[2023-11-09T11:38:03.819+0000][2157.299s][debug][safepoint     ] Safepoint synchronization initiated. (168 threads)
[2023-11-09T11:38:03.826+0000][2157.305s][info ][safepoint     ] Application time: 1.0068644 seconds
[2023-11-09T11:38:03.827+0000][2157.306s][info ][safepoint     ] Entering safepoint region: Cleanup
[2023-11-09T11:38:03.827+0000][2157.307s][info ][safepoint     ] Leaving safepoint region
[2023-11-09T11:38:03.828+0000][2157.307s][info ][safepoint     ] Total time for which application threads were stopped: 0.0012261 seconds, Stopping threads took: 0.0004495 seconds
[2023-11-09T11:38:04.828+0000][2158.308s][debug][safepoint     ] Safepoint synchronization initiated. (168 threads)
[2023-11-09T11:38:04.829+0000][2158.308s][info ][safepoint     ] Application time: 1.0007701 seconds
[2023-11-09T11:38:04.829+0000][2158.309s][info ][safepoint     ] Entering safepoint region: Cleanup
[2023-11-09T11:38:04.830+0000][2158.309s][info ][safepoint     ] Leaving safepoint region
[2023-11-09T11:38:04.831+0000][2158.310s][info ][safepoint     ] Total time for which application threads were stopped: 0.0012873 seconds, Stopping threads took: 0.0004715 seconds
[2023-11-09T11:38:05.831+0000][2159.311s][debug][safepoint     ] Safepoint synchronization initiated. (168 threads)
[2023-11-09T11:38:05.832+0000][2159.312s][info ][safepoint     ] Application time: 1.0013196 seconds
[2023-11-09T11:38:05.833+0000][2159.313s][info ][safepoint     ] Entering safepoint region: Cleanup
[2023-11-09T11:38:05.834+0000][2159.313s][info ][safepoint     ] Leaving safepoint region
[2023-11-09T11:38:05.835+0000][2159.314s][info ][safepoint     ] Total time for which application threads were stopped: 0.0016195 seconds, Stopping threads took: 0.0007519 seconds
[2023-11-09T11:38:06.836+0000][2160.315s][debug][safepoint     ] Safepoint synchronization initiated. (168 threads)
[2023-11-09T11:38:06.836+0000][2160.316s][info ][safepoint     ] Application time: 1.0006695 seconds
[2023-11-09T11:38:06.837+0000][2160.316s][info ][safepoint     ] Entering safepoint region: Cleanup
[2023-11-09T11:38:06.837+0000][2160.316s][info ][safepoint     ] Leaving safepoint region
[2023-11-09T11:38:06.838+0000][2160.317s][info ][safepoint     ] Total time for which application threads were stopped: 0.0010782 seconds, Stopping threads took: 0.0003393 seconds
[2023-11-09T11:38:07.838+0000][2161.318s][debug][safepoint     ] Safepoint synchronization initiated. (168 threads)
[2023-11-09T11:38:07.839+0000][2161.318s][info ][safepoint     ] Application time: 1.0007603 seconds
[2023-11-09T11:38:07.840+0000][2161.319s][info ][safepoint     ] Entering safepoint region: Cleanup
[2023-11-09T11:38:07.840+0000][2161.320s][info ][safepoint     ] Leaving safepoint region
[2023-11-09T11:38:07.841+0000][2161.320s][info ][safepoint     ] Total time for which application threads were stopped: 0.0012860 seconds, Stopping threads took: 0.0004837 seconds
[2023-11-09T11:38:08.841+0000][2162.321s][debug][safepoint     ] Safepoint synchronization initiated. (168 threads)
[2023-11-09T11:38:08.842+0000][2162.321s][info ][safepoint     ] Application time: 1.0007594 seconds
[2023-11-09T11:38:08.842+0000][2162.322s][info ][safepoint     ] Entering safepoint region: Cleanup
[2023-11-09T11:38:08.843+0000][2162.322s][info ][safepoint     ] Leaving safepoint region
[2023-11-09T11:38:08.843+0000][2162.323s][info ][safepoint     ] Total time for which application threads were stopped: 0.0011275 seconds, Stopping threads took: 0.0005021 seconds
[2023-11-09T11:38:09.844+0000][2163.323s][debug][safepoint     ] Safepoint synchronization initiated. (168 threads)
[2023-11-09T11:38:09.845+0000][2163.324s][info ][safepoint     ] Application time: 1.0009650 seconds
[2023-11-09T11:38:09.845+0000][2163.325s][info ][safepoint     ] Entering safepoint region: Cleanup
[2023-11-09T11:38:09.846+0000][2163.325s][info ][safepoint     ] Leaving safepoint region
[2023-11-09T11:38:09.846+0000][2163.326s][info ][safepoint     ] Total time for which application threads were stopped: 0.0011712 seconds, Stopping threads took: 0.0004561 seconds
[2023-11-09T11:38:10.847+0000][2164.326s][debug][safepoint     ] Safepoint synchronization initiated. (168 threads)
[2023-11-09T11:38:10.848+0000][2164.327s][info ][safepoint     ] Application time: 1.0010168 seconds
[2023-11-09T11:38:10.849+0000][2164.328s][info ][safepoint     ] Entering safepoint region: Cleanup
[2023-11-09T11:38:10.850+0000][2164.329s][info ][safepoint     ] Leaving safepoint region
[2023-11-09T11:38:10.850+0000][2164.329s][info ][safepoint     ] Total time for which application threads were stopped: 0.0014293 seconds, Stopping threads took: 0.0006575 seconds
[2023-11-09T11:38:11.851+0000][2165.330s][debug][safepoint     ] Safepoint synchronization initiated. (168 threads)
[2023-11-09T11:38:11.852+0000][2165.331s][info ][safepoint     ] Application time: 1.0012627 seconds
[2023-11-09T11:38:11.853+0000][2165.332s][info ][safepoint     ] Entering safepoint region: Cleanup
[2023-11-09T11:38:11.853+0000][2165.333s][info ][safepoint     ] Leaving safepoint region
[2023-11-09T11:38:11.854+0000][2165.333s][info ][safepoint     ] Total time for which application threads were stopped: 0.0012270 seconds, Stopping threads took: 0.0005364 seconds
[2023-11-09T11:38:12.855+0000][2166.334s][debug][safepoint     ] Safepoint synchronization initiated. (168 threads)
[2023-11-09T11:38:12.856+0000][2166.336s][info ][safepoint     ] Application time: 1.0019610 seconds
[2023-11-09T11:38:12.858+0000][2166.337s][info ][safepoint     ] Entering safepoint region: Cleanup
[2023-11-09T11:38:12.859+0000][2166.338s][info ][safepoint     ] Leaving safepoint region
[2023-11-09T11:38:12.860+0000][2166.339s][info ][safepoint     ] Total time for which application threads were stopped: 0.0016247 seconds, Stopping threads took: 0.0009308 seconds
[2023-11-09T11:38:13.860+0000][2167.340s][debug][safepoint     ] Safepoint synchronization initiated. (168 threads)
[2023-11-09T11:38:13.861+0000][2167.340s][info ][safepoint     ] Application time: 1.0005924 seconds
[2023-11-09T11:38:13.861+0000][2167.341s][info ][safepoint     ] Entering safepoint region: Cleanup
[2023-11-09T11:38:13.862+0000][2167.341s][info ][safepoint     ] Leaving safepoint region
[2023-11-09T11:38:13.862+0000][2167.341s][info ][safepoint     ] Total time for which application threads were stopped: 0.0008745 seconds, Stopping threads took: 0.0003597 seconds
[2023-11-09T11:38:14.863+0000][2168.342s][debug][safepoint     ] Safepoint synchronization initiated. (168 threads)
[2023-11-09T11:38:14.864+0000][2168.343s][info ][safepoint     ] Application time: 1.0011563 seconds
[2023-11-09T11:38:14.864+0000][2168.344s][info ][safepoint     ] Entering safepoint region: Cleanup
[2023-11-09T11:38:14.865+0000][2168.345s][info ][safepoint     ] Leaving safepoint region
[2023-11-09T11:38:14.866+0000][2168.345s][info ][safepoint     ] Total time for which application threads were stopped: 0.0017388 seconds, Stopping threads took: 0.0008046 seconds
[2023-11-09T11:38:15.867+0000][2169.346s][debug][safepoint     ] Safepoint synchronization initiated. (168 threads)
[2023-11-09T11:38:15.868+0000][2169.348s][info ][safepoint     ] Application time: 1.0016317 seconds
[2023-11-09T11:38:15.869+0000][2169.349s][info ][safepoint     ] Entering safepoint region: Cleanup
[2023-11-09T11:38:15.871+0000][2169.350s][info ][safepoint     ] Leaving safepoint region
[2023-11-09T11:38:15.871+0000][2169.351s][info ][safepoint     ] Total time for which application threads were stopped: 0.0019963 seconds, Stopping threads took: 0.0008532 seconds
[2023-11-09T11:38:16.872+0000][2170.352s][debug][safepoint     ] Safepoint synchronization initiated. (168 threads)
[2023-11-09T11:38:16.873+0000][2170.353s][info ][safepoint     ] Application time: 1.0012498 seconds
[2023-11-09T11:38:16.874+0000][2170.354s][info ][safepoint     ] Entering safepoint region: Cleanup
[2023-11-09T11:38:16.875+0000][2170.355s][info ][safepoint     ] Leaving safepoint region
[2023-11-09T11:38:16.876+0000][2170.355s][info ][safepoint     ] Total time for which application threads were stopped: 0.0018288 seconds, Stopping threads took: 0.0007855 seconds
[2023-11-09T11:38:17.877+0000][2171.357s][debug][safepoint     ] Safepoint synchronization initiated. (168 threads)
[2023-11-09T11:38:17.878+0000][2171.358s][info ][safepoint     ] Application time: 1.0014279 seconds
[2023-11-09T11:38:17.879+0000][2171.358s][info ][safepoint     ] Entering safepoint region: Cleanup
[2023-11-09T11:38:17.880+0000][2171.360s][info ][safepoint     ] Leaving safepoint region
[2023-11-09T11:38:17.881+0000][2171.360s][info ][safepoint     ] Total time for which application threads were stopped: 0.0018350 seconds, Stopping threads took: 0.0007918 seconds
[2023-11-09T11:38:18.882+0000][2172.361s][debug][safepoint     ] Safepoint synchronization initiated. (168 threads)
[2023-11-09T11:38:18.882+0000][2172.361s][info ][safepoint     ] Application time: 1.0005711 seconds
[2023-11-09T11:38:18.882+0000][2172.362s][info ][safepoint     ] Entering safepoint region: Cleanup
[2023-11-09T11:38:18.883+0000][2172.362s][info ][safepoint     ] Leaving safepoint region
[2023-11-09T11:38:18.883+0000][2172.362s][info ][safepoint     ] Total time for which application threads were stopped: 0.0007289 seconds, Stopping threads took: 0.0003052 seconds
[2023-11-09T11:38:19.884+0000][2173.363s][debug][safepoint     ] Safepoint synchronization initiated. (168 threads)
[2023-11-09T11:38:19.884+0000][2173.363s][info ][safepoint     ] Application time: 1.0007434 seconds
[2023-11-09T11:38:19.885+0000][2173.364s][info ][safepoint     ] Entering safepoint region: Cleanup
[2023-11-09T11:38:19.885+0000][2173.364s][info ][safepoint     ] Leaving safepoint region
[2023-11-09T11:38:19.885+0000][2173.365s][info ][safepoint     ] Total time for which application threads were stopped: 0.0008987 seconds, Stopping threads took: 0.0003678 seconds
[2023-11-09T11:38:20.886+0000][2174.365s][debug][safepoint     ] Safepoint synchronization initiated. (168 threads)
[2023-11-09T11:38:20.886+0000][2174.366s][info ][safepoint     ] Application time: 1.0005881 seconds
[2023-11-09T11:38:20.887+0000][2174.366s][info ][safepoint     ] Entering safepoint region: Cleanup
[2023-11-09T11:38:20.887+0000][2174.367s][info ][safepoint     ] Leaving safepoint region
[2023-11-09T11:38:20.888+0000][2174.367s][info ][safepoint     ] Total time for which application threads were stopped: 0.0010799 seconds, Stopping threads took: 0.0003766 seconds
[2023-11-09T11:38:21.888+0000][2175.368s][debug][safepoint     ] Safepoint synchronization initiated. (168 threads)
[2023-11-09T11:38:21.889+0000][2175.368s][info ][safepoint     ] Application time: 1.0007314 seconds
[2023-11-09T11:38:21.889+0000][2175.369s][info ][safepoint     ] Entering safepoint region: Cleanup
[2023-11-09T11:38:21.890+0000][2175.369s][info ][safepoint     ] Leaving safepoint region
[2023-11-09T11:38:21.890+0000][2175.370s][info ][safepoint     ] Total time for which application threads were stopped: 0.0010028 seconds, Stopping threads took: 0.0004099 seconds
[2023-11-09T11:38:22.891+0000][2176.370s][debug][safepoint     ] Safepoint synchronization initiated. (168 threads)
[2023-11-09T11:38:22.891+0000][2176.371s][info ][safepoint     ] Application time: 1.0006816 seconds
[2023-11-09T11:38:22.892+0000][2176.371s][info ][safepoint     ] Entering safepoint region: Cleanup
[2023-11-09T11:38:22.892+0000][2176.372s][info ][safepoint     ] Leaving safepoint region
[2023-11-09T11:38:22.893+0000][2176.372s][info ][safepoint     ] Total time for which application threads were stopped: 0.0007738 seconds, Stopping threads took: 0.0003214 seconds
[2023-11-09T11:38:23.893+0000][2177.372s][debug][safepoint     ] Safepoint synchronization initiated. (168 threads)
[2023-11-09T11:38:23.893+0000][2177.373s][info ][safepoint     ] Application time: 1.0006438 seconds
[2023-11-09T11:38:23.894+0000][2177.373s][info ][safepoint     ] Entering safepoint region: Cleanup
[2023-11-09T11:38:23.895+0000][2177.374s][info ][safepoint     ] Leaving safepoint region
[2023-11-09T11:38:23.895+0000][2177.374s][info ][safepoint     ] Total time for which application threads were stopped: 0.0011079 seconds, Stopping threads took: 0.0004919 seconds
[2023-11-09T11:38:24.896+0000][2178.375s][debug][safepoint     ] Safepoint synchronization initiated. (168 threads)
[2023-11-09T11:38:24.896+0000][2178.376s][info ][safepoint     ] Application time: 1.0008360 seconds
[2023-11-09T11:38:24.897+0000][2178.376s][debug][safepoint     ] ... found polling page return exception at pc = 0x00007fb4f0a9c474, stub =0x00007fb4e8840600
[2023-11-09T11:38:24.897+0000][2178.376s][debug][safepoint     ] ... found polling page return exception at pc = 0x00007fb4f0905a86, stub =0x00007fb4e8840600
[2023-11-09T11:38:24.898+0000][2178.377s][debug][safepoint     ] Waiting for 2 thread(s) to block
[2023-11-09T11:38:24.898+0000][2178.378s][info ][safepoint     ] Entering safepoint region: Cleanup
[2023-11-09T11:38:24.899+0000][2178.378s][info ][safepoint     ] Leaving safepoint region
[2023-11-09T11:38:24.899+0000][2178.379s][info ][safepoint     ] Total time for which application threads were stopped: 0.0025406 seconds, Stopping threads took: 0.0018558 seconds
[2023-11-09T11:38:25.900+0000][2179.379s][debug][safepoint     ] Safepoint synchronization initiated. (168 threads)
[2023-11-09T11:38:25.901+0000][2179.380s][info ][safepoint     ] Application time: 1.0009442 seconds
[2023-11-09T11:38:25.901+0000][2179.381s][info ][safepoint     ] Entering safepoint region: Cleanup
[2023-11-09T11:38:25.902+0000][2179.382s][info ][safepoint     ] Leaving safepoint region
[2023-11-09T11:38:25.903+0000][2179.382s][info ][safepoint     ] Total time for which application threads were stopped: 0.0013940 seconds, Stopping threads took: 0.0006160 seconds
[2023-11-09T11:38:26.903+0000][2180.383s][debug][safepoint     ] Safepoint synchronization initiated. (168 threads)
[2023-11-09T11:38:26.904+0000][2180.383s][info ][safepoint     ] Application time: 1.0008340 seconds
[2023-11-09T11:38:26.905+0000][2180.384s][info ][safepoint     ] Entering safepoint region: Cleanup
[2023-11-09T11:38:26.905+0000][2180.385s][info ][safepoint     ] Leaving safepoint region
[2023-11-09T11:38:26.906+0000][2180.385s][info ][safepoint     ] Total time for which application threads were stopped: 0.0012416 seconds, Stopping threads took: 0.0005863 seconds
[2023-11-09T11:38:27.906+0000][2181.386s][debug][safepoint     ] Safepoint synchronization initiated. (168 threads)
[2023-11-09T11:38:27.907+0000][2181.386s][info ][safepoint     ] Application time: 1.0006979 seconds
[2023-11-09T11:38:27.907+0000][2181.387s][info ][safepoint     ] Entering safepoint region: Cleanup
[2023-11-09T11:38:27.908+0000][2181.387s][info ][safepoint     ] Leaving safepoint region
[2023-11-09T11:38:27.908+0000][2181.388s][info ][safepoint     ] Total time for which application threads were stopped: 0.0011323 seconds, Stopping threads took: 0.0004930 seconds
[2023-11-09T11:38:28.909+0000][2182.388s][debug][safepoint     ] Safepoint synchronization initiated. (168 threads)
[2023-11-09T11:38:28.910+0000][2182.389s][info ][safepoint     ] Application time: 1.0007701 seconds
[2023-11-09T11:38:28.910+0000][2182.389s][info ][safepoint     ] Entering safepoint region: Cleanup
[2023-11-09T11:38:28.911+0000][2182.390s][info ][safepoint     ] Leaving safepoint region
[2023-11-09T11:38:28.911+0000][2182.391s][info ][safepoint     ] Total time for which application threads were stopped: 0.0013254 seconds, Stopping threads took: 0.0006494 seconds
[2023-11-09T11:38:29.912+0000][2183.391s][debug][safepoint     ] Safepoint synchronization initiated. (168 threads)
[2023-11-09T11:38:29.912+0000][2183.392s][info ][safepoint     ] Application time: 1.0005138 seconds
[2023-11-09T11:38:29.913+0000][2183.392s][info ][safepoint     ] Entering safepoint region: Cleanup
[2023-11-09T11:38:29.913+0000][2183.393s][info ][safepoint     ] Leaving safepoint region
[2023-11-09T11:38:29.914+0000][2183.393s][info ][safepoint     ] Total time for which application threads were stopped: 0.0009089 seconds, Stopping threads took: 0.0003615 seconds
[2023-11-09T11:38:30.914+0000][2184.394s][debug][safepoint     ] Safepoint synchronization initiated. (168 threads)
[2023-11-09T11:38:30.915+0000][2184.394s][info ][safepoint     ] Application time: 1.0007463 seconds
[2023-11-09T11:38:30.915+0000][2184.395s][info ][safepoint     ] Entering safepoint region: Cleanup
[2023-11-09T11:38:30.916+0000][2184.395s][info ][safepoint     ] Leaving safepoint region
[2023-11-09T11:38:30.916+0000][2184.396s][info ][safepoint     ] Total time for which application threads were stopped: 0.0010554 seconds, Stopping threads took: 0.0004627 seconds
[2023-11-09T11:38:31.917+0000][2185.396s][debug][safepoint     ] Safepoint synchronization initiated. (168 threads)
[2023-11-09T11:38:31.917+0000][2185.397s][info ][safepoint     ] Application time: 1.0005918 seconds
[2023-11-09T11:38:31.918+0000][2185.397s][info ][safepoint     ] Entering safepoint region: Cleanup
[2023-11-09T11:38:31.918+0000][2185.398s][info ][safepoint     ] Leaving safepoint region
[2023-11-09T11:38:31.919+0000][2185.398s][info ][safepoint     ] Total time for which application threads were stopped: 0.0011065 seconds, Stopping threads took: 0.0005039 seconds
[2023-11-09T11:38:32.919+0000][2186.399s][debug][safepoint     ] Safepoint synchronization initiated. (168 threads)
[2023-11-09T11:38:32.920+0000][2186.399s][info ][safepoint     ] Application time: 1.0006419 seconds
[2023-11-09T11:38:32.920+0000][2186.399s][info ][safepoint     ] Entering safepoint region: Cleanup
[2023-11-09T11:38:32.921+0000][2186.400s][info ][safepoint     ] Leaving safepoint region
[2023-11-09T11:38:32.921+0000][2186.401s][info ][safepoint     ] Total time for which application threads were stopped: 0.0010690 seconds, Stopping threads took: 0.0005299 seconds
[2023-11-09T11:38:33.922+0000][2187.401s][debug][safepoint     ] Safepoint synchronization initiated. (168 threads)
[2023-11-09T11:38:33.923+0000][2187.402s][info ][safepoint     ] Application time: 1.0011459 seconds
[2023-11-09T11:38:33.923+0000][2187.403s][info ][safepoint     ] Entering safepoint region: Cleanup
[2023-11-09T11:38:33.924+0000][2187.403s][info ][safepoint     ] Leaving safepoint region
[2023-11-09T11:38:33.925+0000][2187.404s][info ][safepoint     ] Total time for which application threads were stopped: 0.0015682 seconds, Stopping threads took: 0.0007470 seconds
[2023-11-09T11:38:34.925+0000][2188.405s][debug][safepoint     ] Safepoint synchronization initiated. (168 threads)
[2023-11-09T11:38:34.926+0000][2188.406s][info ][safepoint     ] Application time: 1.0011355 seconds
[2023-11-09T11:38:34.927+0000][2188.406s][info ][safepoint     ] Entering safepoint region: Cleanup
[2023-11-09T11:38:34.928+0000][2188.407s][info ][safepoint     ] Leaving safepoint region
[2023-11-09T11:38:34.928+0000][2188.408s][info ][safepoint     ] Total time for which application threads were stopped: 0.0013170 seconds, Stopping threads took: 0.0005434 seconds
[2023-11-09T11:38:35.929+0000][2189.409s][debug][safepoint     ] Safepoint synchronization initiated. (168 threads)
[2023-11-09T11:38:35.930+0000][2189.410s][info ][safepoint     ] Application time: 1.0014322 seconds
[2023-11-09T11:38:35.931+0000][2189.410s][info ][safepoint     ] Entering safepoint region: Cleanup
[2023-11-09T11:38:35.932+0000][2189.412s][info ][safepoint     ] Leaving safepoint region
[2023-11-09T11:38:35.933+0000][2189.412s][info ][safepoint     ] Total time for which application threads were stopped: 0.0018949 seconds, Stopping threads took: 0.0008080 seconds
[2023-11-09T11:38:36.934+0000][2190.413s][debug][safepoint     ] Safepoint synchronization initiated. (168 threads)
[2023-11-09T11:38:36.934+0000][2190.414s][info ][safepoint     ] Application time: 1.0005544 seconds
[2023-11-09T11:38:36.935+0000][2190.414s][info ][safepoint     ] Entering safepoint region: Cleanup
[2023-11-09T11:38:36.935+0000][2190.415s][info ][safepoint     ] Leaving safepoint region
[2023-11-09T11:38:36.936+0000][2190.415s][info ][safepoint     ] Total time for which application threads were stopped: 0.0010429 seconds, Stopping threads took: 0.0003887 seconds
[2023-11-09T11:38:37.937+0000][2191.416s][debug][safepoint     ] Safepoint synchronization initiated. (168 threads)
[2023-11-09T11:38:37.937+0000][2191.417s][info ][safepoint     ] Application time: 1.0005975 seconds
[2023-11-09T11:38:37.938+0000][2191.417s][info ][safepoint     ] Entering safepoint region: Cleanup
[2023-11-09T11:38:37.938+0000][2191.418s][info ][safepoint     ] Leaving safepoint region
[2023-11-09T11:38:37.939+0000][2191.418s][info ][safepoint     ] Total time for which application threads were stopped: 0.0011026 seconds, Stopping threads took: 0.0004712 seconds
[2023-11-09T11:38:38.939+0000][2192.419s][debug][safepoint     ] Safepoint synchronization initiated. (168 threads)
[2023-11-09T11:38:38.939+0000][2192.419s][info ][safepoint     ] Application time: 1.0009150 seconds
[2023-11-09T11:38:38.940+0000][2192.420s][info ][safepoint     ] Entering safepoint region: Cleanup
[2023-11-09T11:38:38.941+0000][2192.421s][info ][safepoint     ] Leaving safepoint region
[2023-11-09T11:38:38.941+0000][2192.421s][info ][safepoint     ] Total time for which application threads were stopped: 0.0012804 seconds, Stopping threads took: 0.0005716 seconds
[2023-11-09T11:38:39.942+0000][2193.422s][debug][safepoint     ] Safepoint synchronization initiated. (168 threads)
[2023-11-09T11:38:39.944+0000][2193.424s][info ][safepoint     ] Application time: 1.0019902 seconds
[2023-11-09T11:38:39.944+0000][2193.424s][info ][safepoint     ] Entering safepoint region: Cleanup
[2023-11-09T11:38:39.945+0000][2193.425s][info ][safepoint     ] Leaving safepoint region
[2023-11-09T11:38:39.946+0000][2193.426s][info ][safepoint     ] Total time for which application threads were stopped: 0.0015739 seconds, Stopping threads took: 0.0005967 seconds
[2023-11-09T11:38:40.947+0000][2194.427s][debug][safepoint     ] Safepoint synchronization initiated. (168 threads)
[2023-11-09T11:38:40.947+0000][2194.427s][info ][safepoint     ] Application time: 1.0009446 seconds
[2023-11-09T11:38:40.948+0000][2194.428s][info ][safepoint     ] Entering safepoint region: Cleanup
[2023-11-09T11:38:40.949+0000][2194.429s][info ][safepoint     ] Leaving safepoint region
[2023-11-09T11:38:40.949+0000][2194.429s][info ][safepoint     ] Total time for which application threads were stopped: 0.0014186 seconds, Stopping threads took: 0.0006544 seconds
[2023-11-09T11:38:41.950+0000][2195.430s][debug][safepoint     ] Safepoint synchronization initiated. (168 threads)
[2023-11-09T11:38:41.951+0000][2195.431s][info ][safepoint     ] Application time: 1.0006457 seconds
[2023-11-09T11:38:41.951+0000][2195.431s][info ][safepoint     ] Entering safepoint region: Cleanup
[2023-11-09T11:38:41.952+0000][2195.432s][info ][safepoint     ] Leaving safepoint region
[2023-11-09T11:38:41.952+0000][2195.432s][info ][safepoint     ] Total time for which application threads were stopped: 0.0011472 seconds, Stopping threads took: 0.0003807 seconds
[2023-11-09T11:38:42.953+0000][2196.433s][debug][safepoint     ] Safepoint synchronization initiated. (168 threads)
[2023-11-09T11:38:42.953+0000][2196.433s][info ][safepoint     ] Application time: 1.0008135 seconds
[2023-11-09T11:38:42.954+0000][2196.434s][info ][safepoint     ] Entering safepoint region: Cleanup
[2023-11-09T11:38:42.955+0000][2196.434s][info ][safepoint     ] Leaving safepoint region
[2023-11-09T11:38:42.955+0000][2196.435s][info ][safepoint     ] Total time for which application threads were stopped: 0.0009582 seconds, Stopping threads took: 0.0004182 seconds
[2023-11-09T11:38:43.955+0000][2197.435s][debug][safepoint     ] Safepoint synchronization initiated. (168 threads)
[2023-11-09T11:38:43.956+0000][2197.436s][info ][safepoint     ] Application time: 1.0010398 seconds
[2023-11-09T11:38:43.957+0000][2197.437s][info ][safepoint     ] Entering safepoint region: Cleanup
[2023-11-09T11:38:43.958+0000][2197.438s][info ][safepoint     ] Leaving safepoint region
[2023-11-09T11:38:43.959+0000][2197.439s][info ][safepoint     ] Total time for which application threads were stopped: 0.0019043 seconds, Stopping threads took: 0.0007575 seconds
[2023-11-09T11:38:44.960+0000][2198.440s][debug][safepoint     ] Safepoint synchronization initiated. (168 threads)
[2023-11-09T11:38:44.960+0000][2198.440s][info ][safepoint     ] Application time: 1.0007052 seconds
[2023-11-09T11:38:44.961+0000][2198.441s][info ][safepoint     ] Entering safepoint region: Cleanup
[2023-11-09T11:38:44.961+0000][2198.441s][info ][safepoint     ] Leaving safepoint region
[2023-11-09T11:38:44.962+0000][2198.442s][info ][safepoint     ] Total time for which application threads were stopped: 0.0010762 seconds, Stopping threads took: 0.0004686 seconds
[2023-11-09T11:38:45.962+0000][2199.442s][debug][safepoint     ] Safepoint synchronization initiated. (168 threads)
[2023-11-09T11:38:45.963+0000][2199.443s][info ][safepoint     ] Application time: 1.0009072 seconds
[2023-11-09T11:38:45.963+0000][2199.443s][info ][safepoint     ] Entering safepoint region: Cleanup
[2023-11-09T11:38:45.964+0000][2199.444s][info ][safepoint     ] Leaving safepoint region
[2023-11-09T11:38:45.965+0000][2199.445s][info ][safepoint     ] Total time for which application threads were stopped: 0.0014079 seconds, Stopping threads took: 0.0006787 seconds
[2023-11-09T11:38:46.965+0000][2200.445s][debug][safepoint     ] Safepoint synchronization initiated. (168 threads)
[2023-11-09T11:38:46.966+0000][2200.446s][info ][safepoint     ] Application time: 1.0007280 seconds
[2023-11-09T11:38:46.966+0000][2200.446s][info ][safepoint     ] Entering safepoint region: Cleanup
[2023-11-09T11:38:46.967+0000][2200.447s][info ][safepoint     ] Leaving safepoint region
[2023-11-09T11:38:46.968+0000][2200.448s][info ][safepoint     ] Total time for which application threads were stopped: 0.0015273 seconds, Stopping threads took: 0.0004222 seconds
[2023-11-09T11:38:47.968+0000][2201.448s][debug][safepoint     ] Safepoint synchronization initiated. (168 threads)
[2023-11-09T11:38:47.969+0000][2201.449s][info ][safepoint     ] Application time: 1.0009026 seconds
[2023-11-09T11:38:47.970+0000][2201.450s][info ][safepoint     ] Entering safepoint region: Cleanup
[2023-11-09T11:38:47.970+0000][2201.450s][info ][safepoint     ] Leaving safepoint region
[2023-11-09T11:38:47.971+0000][2201.451s][info ][safepoint     ] Total time for which application threads were stopped: 0.0012914 seconds, Stopping threads took: 0.0004857 seconds
[2023-11-09T11:38:48.971+0000][2202.451s][debug][safepoint     ] Safepoint synchronization initiated. (168 threads)
[2023-11-09T11:38:48.972+0000][2202.452s][info ][safepoint     ] Application time: 1.0006364 seconds
[2023-11-09T11:38:48.972+0000][2202.452s][info ][safepoint     ] Entering safepoint region: Cleanup
[2023-11-09T11:38:48.973+0000][2202.453s][info ][safepoint     ] Leaving safepoint region
[2023-11-09T11:38:48.973+0000][2202.453s][info ][safepoint     ] Total time for which application threads were stopped: 0.0009734 seconds, Stopping threads took: 0.0004360 seconds
[2023-11-09T11:38:49.974+0000][2203.454s][debug][safepoint     ] Safepoint synchronization initiated. (168 threads)
[2023-11-09T11:38:49.975+0000][2203.455s][info ][safepoint     ] Application time: 1.0010499 seconds
[2023-11-09T11:38:49.975+0000][2203.455s][info ][safepoint     ] Entering safepoint region: Cleanup
[2023-11-09T11:38:49.976+0000][2203.456s][info ][safepoint     ] Leaving safepoint region
[2023-11-09T11:38:49.977+0000][2203.457s][info ][safepoint     ] Total time for which application threads were stopped: 0.0014338 seconds, Stopping threads took: 0.0005815 seconds
[2023-11-09T11:38:50.977+0000][2204.457s][debug][safepoint     ] Safepoint synchronization initiated. (168 threads)
[2023-11-09T11:38:50.979+0000][2204.458s][info ][safepoint     ] Application time: 1.0013227 seconds
[2023-11-09T11:38:50.980+0000][2204.460s][info ][safepoint     ] Entering safepoint region: Cleanup
[2023-11-09T11:38:50.981+0000][2204.461s][info ][safepoint     ] Leaving safepoint region
[2023-11-09T11:38:50.981+0000][2204.461s][info ][safepoint     ] Total time for which application threads were stopped: 0.0018193 seconds, Stopping threads took: 0.0008948 seconds
[2023-11-09T11:38:51.982+0000][2205.462s][debug][safepoint     ] Safepoint synchronization initiated. (168 threads)
[2023-11-09T11:38:51.983+0000][2205.463s][info ][safepoint     ] Application time: 1.0008333 seconds
[2023-11-09T11:38:51.983+0000][2205.463s][info ][safepoint     ] Entering safepoint region: Cleanup
[2023-11-09T11:38:51.984+0000][2205.464s][info ][safepoint     ] Leaving safepoint region
[2023-11-09T11:38:51.984+0000][2205.464s][info ][safepoint     ] Total time for which application threads were stopped: 0.0010222 seconds, Stopping threads took: 0.0004807 seconds
[2023-11-09T11:38:52.985+0000][2206.465s][debug][safepoint     ] Safepoint synchronization initiated. (168 threads)
[2023-11-09T11:38:52.987+0000][2206.467s][info ][safepoint     ] Application time: 1.0025416 seconds
[2023-11-09T11:38:52.989+0000][2206.469s][info ][safepoint     ] Entering safepoint region: Cleanup
[2023-11-09T11:38:52.995+0000][2206.475s][info ][safepoint     ] Leaving safepoint region
[2023-11-09T11:38:52.996+0000][2206.476s][info ][safepoint     ] Total time for which application threads were stopped: 0.0071415 seconds, Stopping threads took: 0.0058372 seconds
[2023-11-09T11:38:53.997+0000][2207.477s][debug][safepoint     ] Safepoint synchronization initiated. (168 threads)
[2023-11-09T11:38:54.001+0000][2207.481s][info ][safepoint     ] Application time: 1.0034094 seconds
[2023-11-09T11:38:54.002+0000][2207.482s][info ][safepoint     ] Entering safepoint region: Cleanup
[2023-11-09T11:38:54.003+0000][2207.483s][info ][safepoint     ] Leaving safepoint region
[2023-11-09T11:38:54.004+0000][2207.484s][info ][safepoint     ] Total time for which application threads were stopped: 0.0016468 seconds, Stopping threads took: 0.0007591 seconds
[2023-11-09T11:38:55.004+0000][2208.484s][debug][safepoint     ] Safepoint synchronization initiated. (168 threads)
[2023-11-09T11:38:55.005+0000][2208.485s][info ][safepoint     ] Application time: 1.0007799 seconds
[2023-11-09T11:38:55.005+0000][2208.485s][info ][safepoint     ] Entering safepoint region: Cleanup
[2023-11-09T11:38:55.006+0000][2208.486s][info ][safepoint     ] Leaving safepoint region
[2023-11-09T11:38:55.007+0000][2208.486s][info ][safepoint     ] Total time for which application threads were stopped: 0.0012019 seconds, Stopping threads took: 0.0005268 seconds
[2023-11-09T11:38:56.007+0000][2209.487s][debug][safepoint     ] Safepoint synchronization initiated. (168 threads)
[2023-11-09T11:38:56.008+0000][2209.488s][info ][safepoint     ] Application time: 1.0010712 seconds
[2023-11-09T11:38:56.009+0000][2209.489s][info ][safepoint     ] Entering safepoint region: Cleanup
[2023-11-09T11:38:56.010+0000][2209.490s][info ][safepoint     ] Leaving safepoint region
[2023-11-09T11:38:56.010+0000][2209.490s][info ][safepoint     ] Total time for which application threads were stopped: 0.0017113 seconds, Stopping threads took: 0.0007951 seconds
[2023-11-09T11:38:57.011+0000][2210.491s][debug][safepoint     ] Safepoint synchronization initiated. (168 threads)
[2023-11-09T11:38:57.012+0000][2210.492s][info ][safepoint     ] Application time: 1.0007333 seconds
[2023-11-09T11:38:57.013+0000][2210.493s][info ][safepoint     ] Entering safepoint region: Cleanup
[2023-11-09T11:38:57.014+0000][2210.494s][info ][safepoint     ] Leaving safepoint region
[2023-11-09T11:38:57.014+0000][2210.494s][info ][safepoint     ] Total time for which application threads were stopped: 0.0019724 seconds, Stopping threads took: 0.0007481 seconds
[2023-11-09T11:38:58.015+0000][2211.495s][debug][safepoint     ] Safepoint synchronization initiated. (168 threads)
[2023-11-09T11:38:58.016+0000][2211.496s][info ][safepoint     ] Application time: 1.0013742 seconds
[2023-11-09T11:38:58.017+0000][2211.497s][info ][safepoint     ] Entering safepoint region: Cleanup
[2023-11-09T11:38:58.018+0000][2211.498s][info ][safepoint     ] Leaving safepoint region
[2023-11-09T11:38:58.019+0000][2211.499s][info ][safepoint     ] Total time for which application threads were stopped: 0.0017083 seconds, Stopping threads took: 0.0008178 seconds
[2023-11-09T11:38:59.019+0000][2212.499s][debug][safepoint     ] Safepoint synchronization initiated. (168 threads)
[2023-11-09T11:38:59.020+0000][2212.500s][info ][safepoint     ] Application time: 1.0006795 seconds
[2023-11-09T11:38:59.021+0000][2212.500s][info ][safepoint     ] Entering safepoint region: Cleanup
[2023-11-09T11:38:59.021+0000][2212.501s][info ][safepoint     ] Leaving safepoint region
[2023-11-09T11:38:59.021+0000][2212.501s][info ][safepoint     ] Total time for which application threads were stopped: 0.0009062 seconds, Stopping threads took: 0.0004134 seconds
[2023-11-09T11:39:00.022+0000][2213.502s][debug][safepoint     ] Safepoint synchronization initiated. (168 threads)
[2023-11-09T11:39:00.023+0000][2213.503s][info ][safepoint     ] Application time: 1.0008471 seconds
[2023-11-09T11:39:00.023+0000][2213.503s][info ][safepoint     ] Entering safepoint region: Cleanup
[2023-11-09T11:39:00.024+0000][2213.504s][info ][safepoint     ] Leaving safepoint region
[2023-11-09T11:39:00.024+0000][2213.504s][info ][safepoint     ] Total time for which application threads were stopped: 0.0012027 seconds, Stopping threads took: 0.0005282 seconds
[2023-11-09T11:39:01.025+0000][2214.505s][debug][safepoint     ] Safepoint synchronization initiated. (168 threads)
[2023-11-09T11:39:01.026+0000][2214.505s][info ][safepoint     ] Application time: 1.0007609 seconds
[2023-11-09T11:39:01.026+0000][2214.506s][info ][safepoint     ] Entering safepoint region: Cleanup
[2023-11-09T11:39:01.028+0000][2214.508s][info ][safepoint     ] Leaving safepoint region
[2023-11-09T11:39:01.029+0000][2214.509s][info ][safepoint     ] Total time for which application threads were stopped: 0.0021633 seconds, Stopping threads took: 0.0010514 seconds
[2023-11-09T11:39:01.744+0000][2215.224s][debug][safepoint     ] Safepoint synchronization initiated. (168 threads)
[2023-11-09T11:39:01.745+0000][2215.225s][info ][safepoint     ] Application time: 0.7148767 seconds
[2023-11-09T11:39:01.745+0000][2215.225s][info ][safepoint     ] Entering safepoint region: Deoptimize
[2023-11-09T11:39:01.760+0000][2215.240s][info ][safepoint     ] Leaving safepoint region
[2023-11-09T11:39:01.760+0000][2215.240s][info ][safepoint     ] Total time for which application threads were stopped: 0.0154517 seconds, Stopping threads took: 0.0005078 seconds
[2023-11-09T11:39:02.761+0000][2216.241s][debug][safepoint     ] Safepoint synchronization initiated. (168 threads)
[2023-11-09T11:39:02.762+0000][2216.242s][info ][safepoint     ] Application time: 1.0006468 seconds
[2023-11-09T11:39:02.762+0000][2216.242s][info ][safepoint     ] Entering safepoint region: Cleanup
[2023-11-09T11:39:02.763+0000][2216.243s][info ][safepoint     ] Leaving safepoint region
[2023-11-09T11:39:02.763+0000][2216.243s][info ][safepoint     ] Total time for which application threads were stopped: 0.0008853 seconds, Stopping threads took: 0.0003143 seconds
[2023-11-09T11:39:03.763+0000][2217.243s][debug][safepoint     ] Safepoint synchronization initiated. (168 threads)
[2023-11-09T11:39:03.764+0000][2217.244s][info ][safepoint     ] Application time: 1.0005159 seconds
[2023-11-09T11:39:03.764+0000][2217.244s][info ][safepoint     ] Entering safepoint region: Cleanup
[2023-11-09T11:39:03.765+0000][2217.244s][info ][safepoint     ] Leaving safepoint region
[2023-11-09T11:39:03.765+0000][2217.245s][info ][safepoint     ] Total time for which application threads were stopped: 0.0007555 seconds, Stopping threads took: 0.0003264 seconds
[2023-11-09T11:39:04.765+0000][2218.245s][debug][safepoint     ] Safepoint synchronization initiated. (168 threads)
[2023-11-09T11:39:04.766+0000][2218.246s][info ][safepoint     ] Application time: 1.0007990 seconds
[2023-11-09T11:39:04.766+0000][2218.246s][info ][safepoint     ] Entering safepoint region: Cleanup
[2023-11-09T11:39:04.767+0000][2218.247s][info ][safepoint     ] Leaving safepoint region
[2023-11-09T11:39:04.767+0000][2218.247s][info ][safepoint     ] Total time for which application threads were stopped: 0.0010068 seconds, Stopping threads took: 0.0003686 seconds
[2023-11-09T11:39:05.768+0000][2219.248s][debug][safepoint     ] Safepoint synchronization initiated. (168 threads)
[2023-11-09T11:39:05.769+0000][2219.249s][info ][safepoint     ] Application time: 1.0011367 seconds
[2023-11-09T11:39:05.770+0000][2219.249s][info ][safepoint     ] Entering safepoint region: Cleanup
[2023-11-09T11:39:05.771+0000][2219.251s][info ][safepoint     ] Leaving safepoint region
[2023-11-09T11:39:05.773+0000][2219.253s][info ][safepoint     ] Total time for which application threads were stopped: 0.0035386 seconds, Stopping threads took: 0.0009388 seconds
[2023-11-09T11:39:06.774+0000][2220.254s][debug][safepoint     ] Safepoint synchronization initiated. (168 threads)
[2023-11-09T11:39:06.774+0000][2220.254s][info ][safepoint     ] Application time: 1.0007488 seconds
[2023-11-09T11:39:06.775+0000][2220.255s][info ][safepoint     ] Entering safepoint region: Cleanup
[2023-11-09T11:39:06.776+0000][2220.255s][info ][safepoint     ] Leaving safepoint region
[2023-11-09T11:39:06.776+0000][2220.256s][info ][safepoint     ] Total time for which application threads were stopped: 0.0010190 seconds, Stopping threads took: 0.0004432 seconds
[2023-11-09T11:39:06.776+0000][2220.256s][debug][safepoint     ] ... found polling page return exception at pc = 0x00007fb4f0d6dc84, stub =0x00007fb4e8840600
[2023-11-09T11:39:06.776+0000][2220.256s][debug][safepoint     ] ... found polling page return exception at pc = 0x00007fb4f0d6dc84, stub =0x00007fb4e8840600
[2023-11-09T11:39:06.776+0000][2220.256s][debug][safepoint     ] ... found polling page return exception at pc = 0x00007fb4f0d6dc84, stub =0x00007fb4e8840600
[2023-11-09T11:39:06.776+0000][2220.256s][debug][safepoint     ] ... found polling page return exception at pc = 0x00007fb4f0d6dc84, stub =0x00007fb4e8840600
[2023-11-09T11:39:06.776+0000][2220.256s][debug][safepoint     ] ... found polling page return exception at pc = 0x00007fb4f0d6dc84, stub =0x00007fb4e8840600
[2023-11-09T11:39:06.776+0000][2220.255s][debug][safepoint     ] ... found polling page return exception at pc = 0x00007fb4f0d6dc84, stub =0x00007fb4e8840600
[2023-11-09T11:39:07.777+0000][2221.257s][debug][safepoint     ] Safepoint synchronization initiated. (168 threads)
[2023-11-09T11:39:07.778+0000][2221.258s][info ][safepoint     ] Application time: 1.0019167 seconds
[2023-11-09T11:39:07.780+0000][2221.260s][info ][safepoint     ] Entering safepoint region: Cleanup
[2023-11-09T11:39:07.781+0000][2221.261s][info ][safepoint     ] Leaving safepoint region
[2023-11-09T11:39:07.782+0000][2221.262s][info ][safepoint     ] Total time for which application threads were stopped: 0.0016189 seconds, Stopping threads took: 0.0008754 seconds
[2023-11-09T11:39:08.782+0000][2222.262s][debug][safepoint     ] Safepoint synchronization initiated. (168 threads)
[2023-11-09T11:39:08.783+0000][2222.263s][info ][safepoint     ] Application time: 1.0009397 seconds
[2023-11-09T11:39:08.784+0000][2222.264s][info ][safepoint     ] Entering safepoint region: Cleanup
[2023-11-09T11:39:08.785+0000][2222.265s][info ][safepoint     ] Leaving safepoint region
[2023-11-09T11:39:08.785+0000][2222.265s][info ][safepoint     ] Total time for which application threads were stopped: 0.0013028 seconds, Stopping threads took: 0.0006244 seconds
[2023-11-09T11:39:09.786+0000][2223.266s][debug][safepoint     ] Safepoint synchronization initiated. (168 threads)
[2023-11-09T11:39:09.787+0000][2223.267s][info ][safepoint     ] Application time: 1.0012061 seconds
[2023-11-09T11:39:09.788+0000][2223.268s][info ][safepoint     ] Entering safepoint region: Cleanup
[2023-11-09T11:39:09.789+0000][2223.269s][info ][safepoint     ] Leaving safepoint region
[2023-11-09T11:39:09.789+0000][2223.269s][info ][safepoint     ] Total time for which application threads were stopped: 0.0018220 seconds, Stopping threads took: 0.0006794 seconds
[2023-11-09T11:39:10.790+0000][2224.270s][debug][safepoint     ] Safepoint synchronization initiated. (168 threads)
[2023-11-09T11:39:10.791+0000][2224.271s][info ][safepoint     ] Application time: 1.0007845 seconds
[2023-11-09T11:39:10.791+0000][2224.271s][info ][safepoint     ] Entering safepoint region: Cleanup
[2023-11-09T11:39:10.792+0000][2224.272s][info ][safepoint     ] Leaving safepoint region
[2023-11-09T11:39:10.792+0000][2224.272s][info ][safepoint     ] Total time for which application threads were stopped: 0.0011150 seconds, Stopping threads took: 0.0004256 seconds
[2023-11-09T11:39:11.793+0000][2225.273s][debug][safepoint     ] Safepoint synchronization initiated. (168 threads)
[2023-11-09T11:39:11.794+0000][2225.274s][info ][safepoint     ] Application time: 1.0013370 seconds
[2023-11-09T11:39:11.795+0000][2225.275s][info ][safepoint     ] Entering safepoint region: Cleanup
[2023-11-09T11:39:11.796+0000][2225.276s][info ][safepoint     ] Leaving safepoint region
[2023-11-09T11:39:11.797+0000][2225.277s][info ][safepoint     ] Total time for which application threads were stopped: 0.0017412 seconds, Stopping threads took: 0.0007297 seconds
[2023-11-09T11:39:12.797+0000][2226.278s][debug][safepoint     ] Safepoint synchronization initiated. (168 threads)
[2023-11-09T11:39:12.798+0000][2226.278s][info ][safepoint     ] Application time: 1.0008693 seconds
[2023-11-09T11:39:12.799+0000][2226.279s][info ][safepoint     ] Entering safepoint region: Cleanup
[2023-11-09T11:39:12.799+0000][2226.279s][info ][safepoint     ] Leaving safepoint region
[2023-11-09T11:39:12.800+0000][2226.280s][info ][safepoint     ] Total time for which application threads were stopped: 0.0011782 seconds, Stopping threads took: 0.0005029 seconds
[2023-11-09T11:39:13.800+0000][2227.280s][debug][safepoint     ] Safepoint synchronization initiated. (168 threads)
[2023-11-09T11:39:13.801+0000][2227.281s][info ][safepoint     ] Application time: 1.0007320 seconds
[2023-11-09T11:39:13.801+0000][2227.281s][info ][safepoint     ] Entering safepoint region: Cleanup
[2023-11-09T11:39:13.802+0000][2227.282s][info ][safepoint     ] Leaving safepoint region
[2023-11-09T11:39:13.803+0000][2227.283s][info ][safepoint     ] Total time for which application threads were stopped: 0.0011437 seconds, Stopping threads took: 0.0004863 seconds
[2023-11-09T11:39:14.803+0000][2228.283s][debug][safepoint     ] Safepoint synchronization initiated. (168 threads)
[2023-11-09T11:39:14.804+0000][2228.284s][info ][safepoint     ] Application time: 1.0007220 seconds
[2023-11-09T11:39:14.804+0000][2228.284s][info ][safepoint     ] Entering safepoint region: Cleanup
[2023-11-09T11:39:14.805+0000][2228.285s][info ][safepoint     ] Leaving safepoint region
[2023-11-09T11:39:14.805+0000][2228.285s][info ][safepoint     ] Total time for which application threads were stopped: 0.0008695 seconds, Stopping threads took: 0.0003691 seconds
[2023-11-09T11:39:15.806+0000][2229.286s][debug][safepoint     ] Safepoint synchronization initiated. (168 threads)
[2023-11-09T11:39:15.806+0000][2229.286s][info ][safepoint     ] Application time: 1.0005717 seconds
[2023-11-09T11:39:15.807+0000][2229.287s][info ][safepoint     ] Entering safepoint region: Cleanup
[2023-11-09T11:39:15.807+0000][2229.287s][info ][safepoint     ] Leaving safepoint region
[2023-11-09T11:39:15.808+0000][2229.288s][info ][safepoint     ] Total time for which application threads were stopped: 0.0012093 seconds, Stopping threads took: 0.0004594 seconds
[2023-11-09T11:39:16.808+0000][2230.288s][debug][safepoint     ] Safepoint synchronization initiated. (168 threads)
[2023-11-09T11:39:16.809+0000][2230.289s][info ][safepoint     ] Application time: 1.0006548 seconds
[2023-11-09T11:39:16.809+0000][2230.289s][info ][safepoint     ] Entering safepoint region: Cleanup
[2023-11-09T11:39:16.810+0000][2230.290s][info ][safepoint     ] Leaving safepoint region
[2023-11-09T11:39:16.810+0000][2230.290s][info ][safepoint     ] Total time for which application threads were stopped: 0.0011790 seconds, Stopping threads took: 0.0005751 seconds
[2023-11-09T11:39:17.811+0000][2231.291s][debug][safepoint     ] Safepoint synchronization initiated. (168 threads)
[2023-11-09T11:39:17.812+0000][2231.292s][info ][safepoint     ] Application time: 1.0007586 seconds
[2023-11-09T11:39:17.812+0000][2231.292s][info ][safepoint     ] Entering safepoint region: Cleanup
[2023-11-09T11:39:17.813+0000][2231.293s][info ][safepoint     ] Leaving safepoint region
[2023-11-09T11:39:17.813+0000][2231.293s][info ][safepoint     ] Total time for which application threads were stopped: 0.0011544 seconds, Stopping threads took: 0.0005202 seconds
[2023-11-09T11:39:18.814+0000][2232.294s][debug][safepoint     ] Safepoint synchronization initiated. (168 threads)
[2023-11-09T11:39:18.814+0000][2232.294s][info ][safepoint     ] Application time: 1.0007431 seconds
[2023-11-09T11:39:18.815+0000][2232.295s][info ][safepoint     ] Entering safepoint region: Cleanup
[2023-11-09T11:39:18.816+0000][2232.296s][info ][safepoint     ] Leaving safepoint region
[2023-11-09T11:39:18.816+0000][2232.296s][info ][safepoint     ] Total time for which application threads were stopped: 0.0011664 seconds, Stopping threads took: 0.0004171 seconds
[2023-11-09T11:39:19.817+0000][2233.297s][debug][safepoint     ] Safepoint synchronization initiated. (168 threads)
[2023-11-09T11:39:19.817+0000][2233.297s][info ][safepoint     ] Application time: 1.0005748 seconds
[2023-11-09T11:39:19.817+0000][2233.297s][info ][safepoint     ] Entering safepoint region: Cleanup
[2023-11-09T11:39:19.818+0000][2233.298s][info ][safepoint     ] Leaving safepoint region
[2023-11-09T11:39:19.818+0000][2233.298s][info ][safepoint     ] Total time for which application threads were stopped: 0.0010907 seconds, Stopping threads took: 0.0005081 seconds
[2023-11-09T11:39:20.819+0000][2234.299s][debug][safepoint     ] Safepoint synchronization initiated. (168 threads)
[2023-11-09T11:39:20.819+0000][2234.299s][info ][safepoint     ] Application time: 1.0005412 seconds
[2023-11-09T11:39:20.820+0000][2234.300s][info ][safepoint     ] Entering safepoint region: Cleanup
[2023-11-09T11:39:20.820+0000][2234.300s][info ][safepoint     ] Leaving safepoint region
[2023-11-09T11:39:20.821+0000][2234.301s][info ][safepoint     ] Total time for which application threads were stopped: 0.0012029 seconds, Stopping threads took: 0.0004758 seconds
[2023-11-09T11:39:21.822+0000][2235.302s][debug][safepoint     ] Safepoint synchronization initiated. (168 threads)
[2023-11-09T11:39:21.823+0000][2235.303s][info ][safepoint     ] Application time: 1.0013277 seconds
[2023-11-09T11:39:21.823+0000][2235.303s][info ][safepoint     ] Entering safepoint region: Cleanup
[2023-11-09T11:39:21.824+0000][2235.304s][info ][safepoint     ] Leaving safepoint region
[2023-11-09T11:39:21.825+0000][2235.305s][info ][safepoint     ] Total time for which application threads were stopped: 0.0016910 seconds, Stopping threads took: 0.0007190 seconds
[2023-11-09T11:39:22.826+0000][2236.306s][debug][safepoint     ] Safepoint synchronization initiated. (168 threads)
[2023-11-09T11:39:22.827+0000][2236.307s][info ][safepoint     ] Application time: 1.0008955 seconds
[2023-11-09T11:39:22.827+0000][2236.308s][info ][safepoint     ] Entering safepoint region: Cleanup
[2023-11-09T11:39:22.828+0000][2236.308s][info ][safepoint     ] Leaving safepoint region
[2023-11-09T11:39:22.829+0000][2236.309s][info ][safepoint     ] Total time for which application threads were stopped: 0.0012816 seconds, Stopping threads took: 0.0004928 seconds
[2023-11-09T11:39:23.829+0000][2237.309s][debug][safepoint     ] Safepoint synchronization initiated. (168 threads)
[2023-11-09T11:39:23.830+0000][2237.310s][info ][safepoint     ] Application time: 1.0008316 seconds
[2023-11-09T11:39:23.831+0000][2237.311s][info ][safepoint     ] Entering safepoint region: Cleanup
[2023-11-09T11:39:23.832+0000][2237.312s][info ][safepoint     ] Leaving safepoint region
[2023-11-09T11:39:23.832+0000][2237.312s][info ][safepoint     ] Total time for which application threads were stopped: 0.0014671 seconds, Stopping threads took: 0.0006510 seconds
[2023-11-09T11:39:24.833+0000][2238.313s][debug][safepoint     ] Safepoint synchronization initiated. (168 threads)
[2023-11-09T11:39:24.833+0000][2238.313s][info ][safepoint     ] Application time: 1.0006549 seconds
[2023-11-09T11:39:24.834+0000][2238.314s][info ][safepoint     ] Entering safepoint region: Cleanup
[2023-11-09T11:39:24.835+0000][2238.315s][info ][safepoint     ] Leaving safepoint region
[2023-11-09T11:39:24.837+0000][2238.317s][info ][safepoint     ] Total time for which application threads were stopped: 0.0032889 seconds, Stopping threads took: 0.0012359 seconds
[2023-11-09T11:39:25.841+0000][2239.321s][debug][safepoint     ] Safepoint synchronization initiated. (168 threads)
[2023-11-09T11:39:25.841+0000][2239.321s][info ][safepoint     ] Application time: 1.0006700 seconds
[2023-11-09T11:39:25.842+0000][2239.322s][info ][safepoint     ] Entering safepoint region: Cleanup
[2023-11-09T11:39:25.843+0000][2239.323s][info ][safepoint     ] Leaving safepoint region
[2023-11-09T11:39:25.843+0000][2239.323s][info ][safepoint     ] Total time for which application threads were stopped: 0.0012257 seconds, Stopping threads took: 0.0005274 seconds
[2023-11-09T11:39:26.844+0000][2240.324s][debug][safepoint     ] Safepoint synchronization initiated. (168 threads)
[2023-11-09T11:39:26.844+0000][2240.324s][info ][safepoint     ] Application time: 1.0005882 seconds
[2023-11-09T11:39:26.844+0000][2240.324s][info ][safepoint     ] Entering safepoint region: Cleanup
[2023-11-09T11:39:26.845+0000][2240.325s][info ][safepoint     ] Leaving safepoint region
[2023-11-09T11:39:26.845+0000][2240.325s][info ][safepoint     ] Total time for which application threads were stopped: 0.0008800 seconds, Stopping threads took: 0.0003814 seconds
[2023-11-09T11:39:27.846+0000][2241.326s][debug][safepoint     ] Safepoint synchronization initiated. (168 threads)
[2023-11-09T11:39:27.846+0000][2241.326s][info ][safepoint     ] Application time: 1.0007122 seconds
[2023-11-09T11:39:27.847+0000][2241.327s][info ][safepoint     ] Entering safepoint region: Cleanup
[2023-11-09T11:39:27.847+0000][2241.327s][info ][safepoint     ] Leaving safepoint region
[2023-11-09T11:39:27.848+0000][2241.328s][info ][safepoint     ] Total time for which application threads were stopped: 0.0013053 seconds, Stopping threads took: 0.0004848 seconds
[2023-11-09T11:39:28.849+0000][2242.329s][debug][safepoint     ] Safepoint synchronization initiated. (168 threads)
[2023-11-09T11:39:28.849+0000][2242.329s][info ][safepoint     ] Application time: 1.0006835 seconds
[2023-11-09T11:39:28.849+0000][2242.330s][info ][safepoint     ] Entering safepoint region: Cleanup
[2023-11-09T11:39:28.850+0000][2242.330s][info ][safepoint     ] Leaving safepoint region
[2023-11-09T11:39:28.850+0000][2242.330s][info ][safepoint     ] Total time for which application threads were stopped: 0.0008771 seconds, Stopping threads took: 0.0003778 seconds
[2023-11-09T11:39:29.851+0000][2243.331s][debug][safepoint     ] Safepoint synchronization initiated. (168 threads)
[2023-11-09T11:39:29.851+0000][2243.331s][info ][safepoint     ] Application time: 1.0006539 seconds
[2023-11-09T11:39:29.852+0000][2243.332s][info ][safepoint     ] Entering safepoint region: Cleanup
[2023-11-09T11:39:29.852+0000][2243.332s][info ][safepoint     ] Leaving safepoint region
[2023-11-09T11:39:29.852+0000][2243.333s][info ][safepoint     ] Total time for which application threads were stopped: 0.0007850 seconds, Stopping threads took: 0.0003381 seconds
[2023-11-09T11:39:30.853+0000][2244.333s][debug][safepoint     ] Safepoint synchronization initiated. (168 threads)
[2023-11-09T11:39:30.853+0000][2244.333s][info ][safepoint     ] Application time: 1.0005596 seconds
[2023-11-09T11:39:30.854+0000][2244.334s][info ][safepoint     ] Entering safepoint region: Cleanup
[2023-11-09T11:39:30.854+0000][2244.334s][info ][safepoint     ] Leaving safepoint region
[2023-11-09T11:39:30.855+0000][2244.335s][info ][safepoint     ] Total time for which application threads were stopped: 0.0009729 seconds, Stopping threads took: 0.0003589 seconds
[2023-11-09T11:39:31.855+0000][2245.335s][debug][safepoint     ] Safepoint synchronization initiated. (168 threads)
[2023-11-09T11:39:31.856+0000][2245.336s][info ][safepoint     ] Application time: 1.0008696 seconds
[2023-11-09T11:39:31.856+0000][2245.336s][info ][safepoint     ] Entering safepoint region: Cleanup
[2023-11-09T11:39:31.857+0000][2245.337s][info ][safepoint     ] Leaving safepoint region
[2023-11-09T11:39:31.858+0000][2245.338s][info ][safepoint     ] Total time for which application threads were stopped: 0.0012816 seconds, Stopping threads took: 0.0005795 seconds
[2023-11-09T11:39:32.858+0000][2246.338s][debug][safepoint     ] Safepoint synchronization initiated. (168 threads)
[2023-11-09T11:39:32.859+0000][2246.339s][info ][safepoint     ] Application time: 1.0011237 seconds
[2023-11-09T11:39:32.860+0000][2246.340s][info ][safepoint     ] Entering safepoint region: Cleanup
[2023-11-09T11:39:32.861+0000][2246.341s][info ][safepoint     ] Leaving safepoint region
[2023-11-09T11:39:32.862+0000][2246.342s][info ][safepoint     ] Total time for which application threads were stopped: 0.0018238 seconds, Stopping threads took: 0.0008276 seconds
[2023-11-09T11:39:33.863+0000][2247.343s][debug][safepoint     ] Safepoint synchronization initiated. (168 threads)
[2023-11-09T11:39:34.321+0000][2247.801s][info ][safepoint     ] Application time: 1.4582285 seconds
[2023-11-09T11:39:34.321+0000][2247.801s][info ][safepoint     ] Entering safepoint region: Cleanup
[2023-11-09T11:39:34.322+0000][2247.802s][info ][safepoint     ] Leaving safepoint region
[2023-11-09T11:39:34.322+0000][2247.802s][info ][safepoint     ] Total time for which application threads were stopped: 0.0011398 seconds, Stopping threads took: 0.0005059 seconds
[2023-11-09T11:39:35.323+0000][2248.803s][debug][safepoint     ] Safepoint synchronization initiated. (168 threads)
[2023-11-09T11:39:35.323+0000][2248.803s][info ][safepoint     ] Application time: 1.0006152 seconds
[2023-11-09T11:39:35.324+0000][2248.804s][info ][safepoint     ] Entering safepoint region: Cleanup
[2023-11-09T11:39:35.325+0000][2248.805s][info ][safepoint     ] Leaving safepoint region
[2023-11-09T11:39:35.325+0000][2248.805s][info ][safepoint     ] Total time for which application threads were stopped: 0.0010758 seconds, Stopping threads took: 0.0004579 seconds
[2023-11-09T11:39:36.326+0000][2249.806s][debug][safepoint     ] Safepoint synchronization initiated. (168 threads)
[2023-11-09T11:39:36.326+0000][2249.806s][info ][safepoint     ] Application time: 1.0009800 seconds
[2023-11-09T11:39:36.336+0000][2249.817s][debug][safepoint     ] ... found polling page return exception at pc = 0x00007fb4f1434f98, stub =0x00007fb4e8840600
[2023-11-09T11:39:36.338+0000][2249.818s][debug][safepoint     ] Waiting for 1 thread(s) to block
[2023-11-09T11:39:36.338+0000][2249.818s][info ][safepoint     ] Entering safepoint region: Cleanup
[2023-11-09T11:39:36.339+0000][2249.819s][info ][safepoint     ] Leaving safepoint region
[2023-11-09T11:39:36.339+0000][2249.819s][info ][safepoint     ] Total time for which application threads were stopped: 0.0122391 seconds, Stopping threads took: 0.0115098 seconds
[2023-11-09T11:39:37.340+0000][2250.820s][debug][safepoint     ] Safepoint synchronization initiated. (168 threads)
[2023-11-09T11:39:37.341+0000][2250.821s][info ][safepoint     ] Application time: 1.0008723 seconds
[2023-11-09T11:39:37.341+0000][2250.821s][info ][safepoint     ] Entering safepoint region: Cleanup
[2023-11-09T11:39:37.343+0000][2250.823s][info ][safepoint     ] Leaving safepoint region
[2023-11-09T11:39:37.343+0000][2250.823s][info ][safepoint     ] Total time for which application threads were stopped: 0.0017974 seconds, Stopping threads took: 0.0011505 seconds
[2023-11-09T11:39:38.344+0000][2251.824s][debug][safepoint     ] Safepoint synchronization initiated. (168 threads)
[2023-11-09T11:39:38.345+0000][2251.825s][info ][safepoint     ] Application time: 1.0009816 seconds
[2023-11-09T11:39:38.345+0000][2251.825s][info ][safepoint     ] Entering safepoint region: Cleanup
[2023-11-09T11:39:38.346+0000][2251.826s][info ][safepoint     ] Leaving safepoint region
[2023-11-09T11:39:38.346+0000][2251.826s][info ][safepoint     ] Total time for which application threads were stopped: 0.0012703 seconds, Stopping threads took: 0.0005589 seconds
[2023-11-09T11:39:39.347+0000][2252.827s][debug][safepoint     ] Safepoint synchronization initiated. (168 threads)
[2023-11-09T11:39:39.347+0000][2252.828s][info ][safepoint     ] Application time: 1.0006501 seconds
[2023-11-09T11:39:39.348+0000][2252.828s][info ][safepoint     ] Entering safepoint region: Cleanup
[2023-11-09T11:39:39.348+0000][2252.829s][info ][safepoint     ] Leaving safepoint region
[2023-11-09T11:39:39.349+0000][2252.829s][info ][safepoint     ] Total time for which application threads were stopped: 0.0011174 seconds, Stopping threads took: 0.0005199 seconds
[2023-11-09T11:39:40.349+0000][2253.830s][debug][safepoint     ] Safepoint synchronization initiated. (168 threads)
[2023-11-09T11:39:40.350+0000][2253.830s][info ][safepoint     ] Application time: 1.0006953 seconds
[2023-11-09T11:39:40.350+0000][2253.831s][info ][safepoint     ] Entering safepoint region: Cleanup
[2023-11-09T11:39:40.351+0000][2253.831s][info ][safepoint     ] Leaving safepoint region
[2023-11-09T11:39:40.351+0000][2253.832s][info ][safepoint     ] Total time for which application threads were stopped: 0.0011655 seconds, Stopping threads took: 0.0005267 seconds
[2023-11-09T11:39:41.352+0000][2254.832s][debug][safepoint     ] Safepoint synchronization initiated. (168 threads)
[2023-11-09T11:39:41.353+0000][2254.833s][info ][safepoint     ] Application time: 1.0012656 seconds
[2023-11-09T11:39:41.354+0000][2254.834s][info ][safepoint     ] Entering safepoint region: Cleanup
[2023-11-09T11:39:41.355+0000][2254.835s][info ][safepoint     ] Leaving safepoint region
[2023-11-09T11:39:41.356+0000][2254.836s][info ][safepoint     ] Total time for which application threads were stopped: 0.0016991 seconds, Stopping threads took: 0.0007408 seconds
[2023-11-09T11:39:42.357+0000][2255.837s][debug][safepoint     ] Safepoint synchronization initiated. (168 threads)
[2023-11-09T11:39:42.357+0000][2255.838s][info ][safepoint     ] Application time: 1.0011396 seconds
[2023-11-09T11:39:42.358+0000][2255.839s][info ][safepoint     ] Entering safepoint region: Cleanup
[2023-11-09T11:39:42.359+0000][2255.840s][info ][safepoint     ] Leaving safepoint region
[2023-11-09T11:39:42.360+0000][2255.840s][info ][safepoint     ] Total time for which application threads were stopped: 0.0019104 seconds, Stopping threads took: 0.0009096 seconds
[2023-11-09T11:39:43.361+0000][2256.842s][debug][safepoint     ] Safepoint synchronization initiated. (168 threads)
[2023-11-09T11:39:43.362+0000][2256.843s][info ][safepoint     ] Application time: 1.0014975 seconds
[2023-11-09T11:39:43.364+0000][2256.844s][info ][safepoint     ] Entering safepoint region: Cleanup
[2023-11-09T11:39:43.365+0000][2256.845s][info ][safepoint     ] Leaving safepoint region
[2023-11-09T11:39:43.366+0000][2256.846s][info ][safepoint     ] Total time for which application threads were stopped: 0.0026277 seconds, Stopping threads took: 0.0011012 seconds
[2023-11-09T11:39:44.367+0000][2257.847s][debug][safepoint     ] Safepoint synchronization initiated. (168 threads)
[2023-11-09T11:39:44.368+0000][2257.849s][info ][safepoint     ] Application time: 1.0017747 seconds
[2023-11-09T11:39:44.369+0000][2257.850s][info ][safepoint     ] Entering safepoint region: Cleanup
[2023-11-09T11:39:44.371+0000][2257.851s][info ][safepoint     ] Leaving safepoint region
[2023-11-09T11:39:44.372+0000][2257.852s][info ][safepoint     ] Total time for which application threads were stopped: 0.0022900 seconds, Stopping threads took: 0.0009121 seconds
[2023-11-09T11:39:45.373+0000][2258.853s][debug][safepoint     ] Safepoint synchronization initiated. (168 threads)
[2023-11-09T11:39:45.373+0000][2258.854s][info ][safepoint     ] Application time: 1.0007577 seconds
[2023-11-09T11:39:45.374+0000][2258.854s][info ][safepoint     ] Entering safepoint region: Cleanup
[2023-11-09T11:39:45.374+0000][2258.855s][info ][safepoint     ] Leaving safepoint region
[2023-11-09T11:39:45.375+0000][2258.855s][info ][safepoint     ] Total time for which application threads were stopped: 0.0009456 seconds, Stopping threads took: 0.0004152 seconds
[2023-11-09T11:39:46.375+0000][2259.855s][debug][safepoint     ] Safepoint synchronization initiated. (168 threads)
[2023-11-09T11:39:46.376+0000][2259.856s][info ][safepoint     ] Application time: 1.0005833 seconds
[2023-11-09T11:39:46.376+0000][2259.857s][info ][safepoint     ] Entering safepoint region: Cleanup
[2023-11-09T11:39:46.377+0000][2259.857s][info ][safepoint     ] Leaving safepoint region
[2023-11-09T11:39:46.377+0000][2259.857s][info ][safepoint     ] Total time for which application threads were stopped: 0.0007767 seconds, Stopping threads took: 0.0002967 seconds
[2023-11-09T11:39:47.377+0000][2260.858s][debug][safepoint     ] Safepoint synchronization initiated. (168 threads)
[2023-11-09T11:39:47.378+0000][2260.859s][info ][safepoint     ] Application time: 1.0009035 seconds
[2023-11-09T11:39:47.379+0000][2260.859s][info ][safepoint     ] Entering safepoint region: Cleanup
[2023-11-09T11:39:47.380+0000][2260.860s][info ][safepoint     ] Leaving safepoint region
[2023-11-09T11:39:47.380+0000][2260.861s][info ][safepoint     ] Total time for which application threads were stopped: 0.0015756 seconds, Stopping threads took: 0.0006731 seconds
[2023-11-09T11:39:48.381+0000][2261.862s][debug][safepoint     ] Safepoint synchronization initiated. (168 threads)
[2023-11-09T11:39:48.382+0000][2261.862s][info ][safepoint     ] Application time: 1.0008755 seconds
[2023-11-09T11:39:48.383+0000][2261.863s][info ][safepoint     ] Entering safepoint region: Cleanup
[2023-11-09T11:39:48.383+0000][2261.864s][info ][safepoint     ] Leaving safepoint region
[2023-11-09T11:39:48.384+0000][2261.864s][info ][safepoint     ] Total time for which application threads were stopped: 0.0012252 seconds, Stopping threads took: 0.0005644 seconds
[2023-11-09T11:39:49.384+0000][2262.865s][debug][safepoint     ] Safepoint synchronization initiated. (168 threads)
[2023-11-09T11:39:49.385+0000][2262.865s][info ][safepoint     ] Application time: 1.0005285 seconds
[2023-11-09T11:39:49.385+0000][2262.866s][info ][safepoint     ] Entering safepoint region: Cleanup
[2023-11-09T11:39:49.386+0000][2262.866s][info ][safepoint     ] Leaving safepoint region
[2023-11-09T11:39:49.386+0000][2262.866s][info ][safepoint     ] Total time for which application threads were stopped: 0.0008671 seconds, Stopping threads took: 0.0003570 seconds
[2023-11-09T11:39:50.386+0000][2263.867s][debug][safepoint     ] Safepoint synchronization initiated. (168 threads)
[2023-11-09T11:39:50.387+0000][2263.867s][info ][safepoint     ] Application time: 1.0005990 seconds
[2023-11-09T11:39:50.387+0000][2263.868s][info ][safepoint     ] Entering safepoint region: Cleanup
[2023-11-09T11:39:50.388+0000][2263.868s][info ][safepoint     ] Leaving safepoint region
[2023-11-09T11:39:50.388+0000][2263.869s][info ][safepoint     ] Total time for which application threads were stopped: 0.0009364 seconds, Stopping threads took: 0.0003762 seconds
[2023-11-09T11:39:51.389+0000][2264.869s][debug][safepoint     ] Safepoint synchronization initiated. (168 threads)
[2023-11-09T11:39:51.389+0000][2264.870s][info ][safepoint     ] Application time: 1.0006374 seconds
[2023-11-09T11:39:51.390+0000][2264.870s][info ][safepoint     ] Entering safepoint region: Cleanup
[2023-11-09T11:39:51.390+0000][2264.871s][info ][safepoint     ] Leaving safepoint region
[2023-11-09T11:39:51.391+0000][2264.871s][info ][safepoint     ] Total time for which application threads were stopped: 0.0009207 seconds, Stopping threads took: 0.0003781 seconds
[2023-11-09T11:39:52.391+0000][2265.872s][debug][safepoint     ] Safepoint synchronization initiated. (168 threads)
[2023-11-09T11:39:52.392+0000][2265.872s][info ][safepoint     ] Application time: 1.0008696 seconds
[2023-11-09T11:39:52.392+0000][2265.873s][info ][safepoint     ] Entering safepoint region: Cleanup
[2023-11-09T11:39:52.393+0000][2265.874s][info ][safepoint     ] Leaving safepoint region
[2023-11-09T11:39:52.394+0000][2265.874s][info ][safepoint     ] Total time for which application threads were stopped: 0.0014477 seconds, Stopping threads took: 0.0006014 seconds
[2023-11-09T11:39:53.395+0000][2266.875s][debug][safepoint     ] Safepoint synchronization initiated. (168 threads)
[2023-11-09T11:39:53.395+0000][2266.876s][info ][safepoint     ] Application time: 1.0008987 seconds
[2023-11-09T11:39:53.396+0000][2266.876s][info ][safepoint     ] Entering safepoint region: Cleanup
[2023-11-09T11:39:53.397+0000][2266.877s][info ][safepoint     ] Leaving safepoint region
[2023-11-09T11:39:53.397+0000][2266.878s][info ][safepoint     ] Total time for which application threads were stopped: 0.0014670 seconds, Stopping threads took: 0.0006820 seconds
[2023-11-09T11:39:54.398+0000][2267.878s][debug][safepoint     ] Safepoint synchronization initiated. (168 threads)
[2023-11-09T11:39:54.399+0000][2267.879s][info ][safepoint     ] Application time: 1.0008641 seconds
[2023-11-09T11:39:54.399+0000][2267.880s][info ][safepoint     ] Entering safepoint region: Cleanup
[2023-11-09T11:39:54.400+0000][2267.880s][info ][safepoint     ] Leaving safepoint region
[2023-11-09T11:39:54.401+0000][2267.881s][info ][safepoint     ] Total time for which application threads were stopped: 0.0013722 seconds, Stopping threads took: 0.0006051 seconds
[2023-11-09T11:39:55.401+0000][2268.882s][debug][safepoint     ] Safepoint synchronization initiated. (168 threads)
[2023-11-09T11:39:55.402+0000][2268.882s][info ][safepoint     ] Application time: 1.0010771 seconds
[2023-11-09T11:39:55.403+0000][2268.883s][info ][safepoint     ] Entering safepoint region: Cleanup
[2023-11-09T11:39:55.404+0000][2268.884s][info ][safepoint     ] Leaving safepoint region
[2023-11-09T11:39:55.404+0000][2268.885s][info ][safepoint     ] Total time for which application threads were stopped: 0.0014696 seconds, Stopping threads took: 0.0006038 seconds
[2023-11-09T11:39:56.405+0000][2269.885s][debug][safepoint     ] Safepoint synchronization initiated. (168 threads)
[2023-11-09T11:39:56.406+0000][2269.886s][info ][safepoint     ] Application time: 1.0009439 seconds
[2023-11-09T11:39:56.406+0000][2269.887s][info ][safepoint     ] Entering safepoint region: Cleanup
[2023-11-09T11:39:56.407+0000][2269.888s][info ][safepoint     ] Leaving safepoint region
[2023-11-09T11:39:56.408+0000][2269.888s][info ][safepoint     ] Total time for which application threads were stopped: 0.0016600 seconds, Stopping threads took: 0.0007133 seconds
[2023-11-09T11:39:57.409+0000][2270.889s][debug][safepoint     ] Safepoint synchronization initiated. (168 threads)
[2023-11-09T11:39:57.409+0000][2270.889s][info ][safepoint     ] Application time: 1.0005826 seconds
[2023-11-09T11:39:57.409+0000][2270.890s][info ][safepoint     ] Entering safepoint region: Cleanup
[2023-11-09T11:39:57.410+0000][2270.890s][info ][safepoint     ] Leaving safepoint region
[2023-11-09T11:39:57.410+0000][2270.891s][info ][safepoint     ] Total time for which application threads were stopped: 0.0008015 seconds, Stopping threads took: 0.0003329 seconds
[2023-11-09T11:39:58.411+0000][2271.891s][debug][safepoint     ] Safepoint synchronization initiated. (168 threads)
[2023-11-09T11:39:58.411+0000][2271.892s][info ][safepoint     ] Application time: 1.0007323 seconds
[2023-11-09T11:39:58.412+0000][2271.892s][debug][safepoint     ] ... found polling page return exception at pc = 0x00007fb4f0b9cc44, stub =0x00007fb4e8840600
[2023-11-09T11:39:58.412+0000][2271.892s][debug][safepoint     ] ... found polling page return exception at pc = 0x00007fb4f0b9cc44, stub =0x00007fb4e8840600
[2023-11-09T11:39:58.412+0000][2271.892s][debug][safepoint     ] ... found polling page return exception at pc = 0x00007fb4f0b9cc44, stub =0x00007fb4e8840600
[2023-11-09T11:39:58.412+0000][2271.892s][debug][safepoint     ] ... found polling page return exception at pc = 0x00007fb4f0c27368, stub =0x00007fb4e8840600
[2023-11-09T11:39:58.415+0000][2271.895s][debug][safepoint     ] Waiting for 4 thread(s) to block
[2023-11-09T11:39:58.416+0000][2271.896s][info ][safepoint     ] Entering safepoint region: Cleanup
[2023-11-09T11:39:58.416+0000][2271.897s][info ][safepoint     ] Leaving safepoint region
[2023-11-09T11:39:58.417+0000][2271.897s][info ][safepoint     ] Total time for which application threads were stopped: 0.0053208 seconds, Stopping threads took: 0.0045349 seconds
[2023-11-09T11:39:59.418+0000][2272.898s][debug][safepoint     ] Safepoint synchronization initiated. (168 threads)
[2023-11-09T11:39:59.419+0000][2272.899s][info ][safepoint     ] Application time: 1.0012619 seconds
[2023-11-09T11:39:59.420+0000][2272.900s][info ][safepoint     ] Entering safepoint region: Cleanup
[2023-11-09T11:39:59.421+0000][2272.901s][info ][safepoint     ] Leaving safepoint region
[2023-11-09T11:39:59.422+0000][2272.902s][info ][safepoint     ] Total time for which application threads were stopped: 0.0018500 seconds, Stopping threads took: 0.0008842 seconds
[2023-11-09T11:40:00.423+0000][2273.903s][debug][safepoint     ] Safepoint synchronization initiated. (168 threads)
[2023-11-09T11:40:00.423+0000][2273.904s][info ][safepoint     ] Application time: 1.0011209 seconds
[2023-11-09T11:40:00.424+0000][2273.904s][info ][safepoint     ] Entering safepoint region: Cleanup
[2023-11-09T11:40:00.425+0000][2273.905s][info ][safepoint     ] Leaving safepoint region
[2023-11-09T11:40:00.425+0000][2273.906s][info ][safepoint     ] Total time for which application threads were stopped: 0.0014482 seconds, Stopping threads took: 0.0006466 seconds
[2023-11-09T11:40:01.426+0000][2274.907s][debug][safepoint     ] Safepoint synchronization initiated. (168 threads)
[2023-11-09T11:40:01.427+0000][2274.907s][info ][safepoint     ] Application time: 1.0009506 seconds
[2023-11-09T11:40:01.428+0000][2274.908s][info ][safepoint     ] Entering safepoint region: Cleanup
[2023-11-09T11:40:01.428+0000][2274.909s][info ][safepoint     ] Leaving safepoint region
[2023-11-09T11:40:01.429+0000][2274.909s][info ][safepoint     ] Total time for which application threads were stopped: 0.0013504 seconds, Stopping threads took: 0.0006492 seconds
[2023-11-09T11:40:02.430+0000][2275.910s][debug][safepoint     ] Safepoint synchronization initiated. (168 threads)
[2023-11-09T11:40:02.430+0000][2275.910s][info ][safepoint     ] Application time: 1.0005168 seconds
[2023-11-09T11:40:02.430+0000][2275.911s][info ][safepoint     ] Entering safepoint region: Cleanup
[2023-11-09T11:40:02.431+0000][2275.911s][info ][safepoint     ] Leaving safepoint region
[2023-11-09T11:40:02.431+0000][2275.912s][info ][safepoint     ] Total time for which application threads were stopped: 0.0007968 seconds, Stopping threads took: 0.0003317 seconds
[2023-11-09T11:40:03.431+0000][2276.912s][debug][safepoint     ] Safepoint synchronization initiated. (168 threads)
[2023-11-09T11:40:03.432+0000][2276.912s][info ][safepoint     ] Application time: 1.0006957 seconds
[2023-11-09T11:40:03.432+0000][2276.913s][info ][safepoint     ] Entering safepoint region: Cleanup
[2023-11-09T11:40:03.433+0000][2276.914s][info ][safepoint     ] Leaving safepoint region
[2023-11-09T11:40:03.434+0000][2276.914s][info ][safepoint     ] Total time for which application threads were stopped: 0.0012152 seconds, Stopping threads took: 0.0004992 seconds
[2023-11-09T11:40:04.434+0000][2277.915s][debug][safepoint     ] Safepoint synchronization initiated. (168 threads)
[2023-11-09T11:40:04.435+0000][2277.915s][info ][safepoint     ] Application time: 1.0008495 seconds
[2023-11-09T11:40:04.435+0000][2277.916s][info ][safepoint     ] Entering safepoint region: Cleanup
[2023-11-09T11:40:04.436+0000][2277.917s][info ][safepoint     ] Leaving safepoint region
[2023-11-09T11:40:04.437+0000][2277.917s][info ][safepoint     ] Total time for which application threads were stopped: 0.0013986 seconds, Stopping threads took: 0.0006109 seconds
[2023-11-09T11:40:05.438+0000][2278.918s][debug][safepoint     ] Safepoint synchronization initiated. (168 threads)
[2023-11-09T11:40:05.438+0000][2278.919s][info ][safepoint     ] Application time: 1.0010867 seconds
[2023-11-09T11:40:05.439+0000][2278.920s][info ][safepoint     ] Entering safepoint region: Cleanup
[2023-11-09T11:40:05.440+0000][2278.920s][info ][safepoint     ] Leaving safepoint region
[2023-11-09T11:40:05.441+0000][2278.921s][info ][safepoint     ] Total time for which application threads were stopped: 0.0014849 seconds, Stopping threads took: 0.0006376 seconds
[2023-11-09T11:40:06.441+0000][2279.922s][debug][safepoint     ] Safepoint synchronization initiated. (168 threads)
[2023-11-09T11:40:06.442+0000][2279.922s][info ][safepoint     ] Application time: 1.0009138 seconds
[2023-11-09T11:40:06.443+0000][2279.923s][info ][safepoint     ] Entering safepoint region: Cleanup
[2023-11-09T11:40:06.443+0000][2279.924s][info ][safepoint     ] Leaving safepoint region
[2023-11-09T11:40:06.444+0000][2279.924s][info ][safepoint     ] Total time for which application threads were stopped: 0.0012743 seconds, Stopping threads took: 0.0005304 seconds
[2023-11-09T11:40:07.445+0000][2280.925s][debug][safepoint     ] Safepoint synchronization initiated. (168 threads)
[2023-11-09T11:40:07.445+0000][2280.925s][info ][safepoint     ] Application time: 1.0005803 seconds
[2023-11-09T11:40:07.445+0000][2280.926s][info ][safepoint     ] Entering safepoint region: Cleanup
[2023-11-09T11:40:07.446+0000][2280.926s][info ][safepoint     ] Leaving safepoint region
[2023-11-09T11:40:07.446+0000][2280.927s][info ][safepoint     ] Total time for which application threads were stopped: 0.0008863 seconds, Stopping threads took: 0.0003130 seconds
[2023-11-09T11:40:08.447+0000][2281.927s][debug][safepoint     ] Safepoint synchronization initiated. (168 threads)
[2023-11-09T11:40:08.448+0000][2281.928s][info ][safepoint     ] Application time: 1.0015012 seconds
[2023-11-09T11:40:08.449+0000][2281.929s][info ][safepoint     ] Entering safepoint region: Cleanup
[2023-11-09T11:40:08.450+0000][2281.931s][info ][safepoint     ] Leaving safepoint region
[2023-11-09T11:40:08.451+0000][2281.931s][info ][safepoint     ] Total time for which application threads were stopped: 0.0018672 seconds, Stopping threads took: 0.0009029 seconds
[2023-11-09T11:40:09.452+0000][2282.932s][debug][safepoint     ] Safepoint synchronization initiated. (168 threads)
[2023-11-09T11:40:09.453+0000][2282.933s][info ][safepoint     ] Application time: 1.0011425 seconds
[2023-11-09T11:40:09.454+0000][2282.934s][info ][safepoint     ] Entering safepoint region: Cleanup
[2023-11-09T11:40:09.454+0000][2282.935s][info ][safepoint     ] Leaving safepoint region
[2023-11-09T11:40:09.455+0000][2282.935s][info ][safepoint     ] Total time for which application threads were stopped: 0.0015552 seconds, Stopping threads took: 0.0006750 seconds
[2023-11-09T11:40:10.456+0000][2283.936s][debug][safepoint     ] Safepoint synchronization initiated. (168 threads)
[2023-11-09T11:40:10.456+0000][2283.937s][info ][safepoint     ] Application time: 1.0006768 seconds
[2023-11-09T11:40:10.457+0000][2283.937s][info ][safepoint     ] Entering safepoint region: Cleanup
[2023-11-09T11:40:10.458+0000][2283.938s][info ][safepoint     ] Leaving safepoint region
[2023-11-09T11:40:10.458+0000][2283.938s][info ][safepoint     ] Total time for which application threads were stopped: 0.0012296 seconds, Stopping threads took: 0.0005136 seconds
[2023-11-09T11:40:11.459+0000][2284.939s][debug][safepoint     ] Safepoint synchronization initiated. (168 threads)
[2023-11-09T11:40:11.460+0000][2284.940s][info ][safepoint     ] Application time: 1.0012218 seconds
[2023-11-09T11:40:11.461+0000][2284.941s][info ][safepoint     ] Entering safepoint region: Cleanup
[2023-11-09T11:40:11.462+0000][2284.942s][info ][safepoint     ] Leaving safepoint region
[2023-11-09T11:40:11.462+0000][2284.943s][info ][safepoint     ] Total time for which application threads were stopped: 0.0017800 seconds, Stopping threads took: 0.0007689 seconds
[2023-11-09T11:40:12.463+0000][2285.943s][debug][safepoint     ] Safepoint synchronization initiated. (168 threads)
[2023-11-09T11:40:12.465+0000][2285.946s][info ][safepoint     ] Application time: 1.0022988 seconds
[2023-11-09T11:40:12.466+0000][2285.946s][info ][safepoint     ] Entering safepoint region: Cleanup
[2023-11-09T11:40:12.467+0000][2285.947s][info ][safepoint     ] Leaving safepoint region
[2023-11-09T11:40:12.467+0000][2285.948s][info ][safepoint     ] Total time for which application threads were stopped: 0.0014932 seconds, Stopping threads took: 0.0006775 seconds
[2023-11-09T11:40:13.468+0000][2286.948s][debug][safepoint     ] Safepoint synchronization initiated. (168 threads)
[2023-11-09T11:40:13.469+0000][2286.949s][info ][safepoint     ] Application time: 1.0007571 seconds
[2023-11-09T11:40:13.469+0000][2286.950s][info ][safepoint     ] Entering safepoint region: Cleanup
[2023-11-09T11:40:13.470+0000][2286.950s][info ][safepoint     ] Leaving safepoint region
[2023-11-09T11:40:13.471+0000][2286.951s][info ][safepoint     ] Total time for which application threads were stopped: 0.0013333 seconds, Stopping threads took: 0.0006034 seconds
[2023-11-09T11:40:14.471+0000][2287.952s][debug][safepoint     ] Safepoint synchronization initiated. (168 threads)
[2023-11-09T11:40:14.472+0000][2287.952s][info ][safepoint     ] Application time: 1.0006638 seconds
[2023-11-09T11:40:14.472+0000][2287.953s][info ][safepoint     ] Entering safepoint region: Cleanup
[2023-11-09T11:40:14.473+0000][2287.953s][info ][safepoint     ] Leaving safepoint region
[2023-11-09T11:40:14.473+0000][2287.954s][info ][safepoint     ] Total time for which application threads were stopped: 0.0011132 seconds, Stopping threads took: 0.0004785 seconds
[2023-11-09T11:40:15.474+0000][2288.954s][debug][safepoint     ] Safepoint synchronization initiated. (168 threads)
[2023-11-09T11:40:15.475+0000][2288.955s][info ][safepoint     ] Application time: 1.0008165 seconds
[2023-11-09T11:40:15.475+0000][2288.955s][info ][safepoint     ] Entering safepoint region: Cleanup
[2023-11-09T11:40:15.476+0000][2288.956s][info ][safepoint     ] Leaving safepoint region
[2023-11-09T11:40:15.476+0000][2288.957s][info ][safepoint     ] Total time for which application threads were stopped: 0.0012548 seconds, Stopping threads took: 0.0005966 seconds
[2023-11-09T11:40:16.477+0000][2289.957s][debug][safepoint     ] Safepoint synchronization initiated. (168 threads)
[2023-11-09T11:40:16.478+0000][2289.959s][info ][safepoint     ] Application time: 1.0015629 seconds
[2023-11-09T11:40:16.479+0000][2289.960s][info ][safepoint     ] Entering safepoint region: Cleanup
[2023-11-09T11:40:16.481+0000][2289.961s][info ][safepoint     ] Leaving safepoint region
[2023-11-09T11:40:16.482+0000][2289.962s][info ][safepoint     ] Total time for which application threads were stopped: 0.0022927 seconds, Stopping threads took: 0.0010343 seconds
[2023-11-09T11:40:17.483+0000][2290.963s][debug][safepoint     ] Safepoint synchronization initiated. (168 threads)
[2023-11-09T11:40:17.483+0000][2290.964s][info ][safepoint     ] Application time: 1.0009073 seconds
[2023-11-09T11:40:17.484+0000][2290.964s][info ][safepoint     ] Entering safepoint region: Cleanup
[2023-11-09T11:40:17.485+0000][2290.965s][info ][safepoint     ] Leaving safepoint region
[2023-11-09T11:40:17.485+0000][2290.965s][info ][safepoint     ] Total time for which application threads were stopped: 0.0012110 seconds, Stopping threads took: 0.0005431 seconds
[2023-11-09T11:40:18.486+0000][2291.966s][debug][safepoint     ] Safepoint synchronization initiated. (168 threads)
[2023-11-09T11:40:18.486+0000][2291.966s][info ][safepoint     ] Application time: 1.0007738 seconds
[2023-11-09T11:40:18.487+0000][2291.967s][info ][safepoint     ] Entering safepoint region: Cleanup
[2023-11-09T11:40:18.488+0000][2291.968s][info ][safepoint     ] Leaving safepoint region
[2023-11-09T11:40:18.488+0000][2291.968s][info ][safepoint     ] Total time for which application threads were stopped: 0.0013107 seconds, Stopping threads took: 0.0005941 seconds
[2023-11-09T11:40:18.927+0000][2292.407s][debug][safepoint     ] Safepoint synchronization initiated. (168 threads)
[2023-11-09T11:40:18.928+0000][2292.408s][info ][safepoint     ] Application time: 0.4391620 seconds
[2023-11-09T11:40:18.928+0000][2292.409s][info ][safepoint     ] Entering safepoint region: G1CollectForAllocation
[2023-11-09T11:40:18.930+0000][2292.410s][info ][gc,start      ] GC(74) Pause Young (Normal) (G1 Evacuation Pause)
[2023-11-09T11:40:18.930+0000][2292.410s][info ][gc,task       ] GC(74) Using 8 workers of 8 for evacuation
[2023-11-09T11:40:18.953+0000][2292.433s][info ][gc,phases     ] GC(74)   Pre Evacuate Collection Set: 0.1ms
[2023-11-09T11:40:18.953+0000][2292.434s][info ][gc,phases     ] GC(74)   Evacuate Collection Set: 16.1ms
[2023-11-09T11:40:18.954+0000][2292.434s][info ][gc,phases     ] GC(74)   Post Evacuate Collection Set: 5.3ms
[2023-11-09T11:40:18.955+0000][2292.435s][info ][gc,phases     ] GC(74)   Other: 1.7ms
[2023-11-09T11:40:18.955+0000][2292.436s][info ][gc,heap       ] GC(74) Eden regions: 193->0(193)
[2023-11-09T11:40:18.956+0000][2292.436s][info ][gc,heap       ] GC(74) Survivor regions: 6->5(25)
[2023-11-09T11:40:18.956+0000][2292.437s][info ][gc,heap       ] GC(74) Old regions: 150->151
[2023-11-09T11:40:18.957+0000][2292.437s][info ][gc,heap       ] GC(74) Humongous regions: 0->0
[2023-11-09T11:40:18.957+0000][2292.438s][info ][gc,metaspace  ] GC(74) Metaspace: 160081K(165328K)->160081K(165328K) NonClass: 141435K(144592K)->141435K(144592K) Class: 18646K(20736K)->18646K(20736K)
[2023-11-09T11:40:18.958+0000][2292.438s][info ][gc            ] GC(74) Pause Young (Normal) (G1 Evacuation Pause) 347M->154M(395M) 28.366ms
[2023-11-09T11:40:18.958+0000][2292.439s][info ][gc,cpu        ] GC(74) User=0.14s Sys=0.02s Real=0.03s
[2023-11-09T11:40:18.959+0000][2292.439s][info ][safepoint     ] Leaving safepoint region
[2023-11-09T11:40:18.959+0000][2292.440s][info ][safepoint     ] Total time for which application threads were stopped: 0.0311502 seconds, Stopping threads took: 0.0007689 seconds
[2023-11-09T11:40:18.960+0000][2292.440s][info ][gc,stringdedup] Concurrent String Deduplication (2292.440s)
[2023-11-09T11:40:18.961+0000][2292.441s][info ][gc,stringdedup] Concurrent String Deduplication 35992.0B->352.0B(35640.0B) avg 54.4% (2292.440s, 2292.441s) 0.767ms
[2023-11-09T11:40:19.960+0000][2293.441s][debug][safepoint     ] Safepoint synchronization initiated. (168 threads)
[2023-11-09T11:40:19.962+0000][2293.442s][info ][safepoint     ] Application time: 1.0015690 seconds
[2023-11-09T11:40:19.963+0000][2293.443s][info ][safepoint     ] Entering safepoint region: Cleanup
[2023-11-09T11:40:19.964+0000][2293.444s][info ][safepoint     ] Leaving safepoint region
[2023-11-09T11:40:19.965+0000][2293.445s][info ][safepoint     ] Total time for which application threads were stopped: 0.0021541 seconds, Stopping threads took: 0.0009537 seconds
[2023-11-09T11:40:20.966+0000][2294.446s][debug][safepoint     ] Safepoint synchronization initiated. (168 threads)
[2023-11-09T11:40:20.966+0000][2294.447s][info ][safepoint     ] Application time: 1.0009831 seconds
[2023-11-09T11:40:20.967+0000][2294.447s][info ][safepoint     ] Entering safepoint region: Cleanup
[2023-11-09T11:40:20.968+0000][2294.448s][info ][safepoint     ] Leaving safepoint region
[2023-11-09T11:40:20.968+0000][2294.448s][info ][safepoint     ] Total time for which application threads were stopped: 0.0012146 seconds, Stopping threads took: 0.0005375 seconds
[2023-11-09T11:40:21.969+0000][2295.449s][debug][safepoint     ] Safepoint synchronization initiated. (168 threads)
[2023-11-09T11:40:21.969+0000][2295.450s][info ][safepoint     ] Application time: 1.0008764 seconds
[2023-11-09T11:40:21.970+0000][2295.450s][info ][safepoint     ] Entering safepoint region: Cleanup
[2023-11-09T11:40:21.970+0000][2295.451s][info ][safepoint     ] Leaving safepoint region
[2023-11-09T11:40:21.971+0000][2295.451s][info ][safepoint     ] Total time for which application threads were stopped: 0.0010140 seconds, Stopping threads took: 0.0004086 seconds
[2023-11-09T11:40:22.971+0000][2296.452s][debug][safepoint     ] Safepoint synchronization initiated. (168 threads)
[2023-11-09T11:40:22.972+0000][2296.452s][info ][safepoint     ] Application time: 1.0006857 seconds
[2023-11-09T11:40:22.972+0000][2296.453s][info ][safepoint     ] Entering safepoint region: Cleanup
[2023-11-09T11:40:22.973+0000][2296.453s][info ][safepoint     ] Leaving safepoint region
[2023-11-09T11:40:22.973+0000][2296.454s][info ][safepoint     ] Total time for which application threads were stopped: 0.0010309 seconds, Stopping threads took: 0.0004814 seconds
[2023-11-09T11:40:23.974+0000][2297.454s][debug][safepoint     ] Safepoint synchronization initiated. (168 threads)
[2023-11-09T11:40:23.975+0000][2297.455s][info ][safepoint     ] Application time: 1.0006193 seconds
[2023-11-09T11:40:23.975+0000][2297.455s][info ][safepoint     ] Entering safepoint region: Cleanup
[2023-11-09T11:40:23.976+0000][2297.456s][info ][safepoint     ] Leaving safepoint region
[2023-11-09T11:40:23.977+0000][2297.457s][info ][safepoint     ] Total time for which application threads were stopped: 0.0017309 seconds, Stopping threads took: 0.0004254 seconds
[2023-11-09T11:40:24.977+0000][2298.458s][debug][safepoint     ] Safepoint synchronization initiated. (168 threads)
[2023-11-09T11:40:24.978+0000][2298.458s][info ][safepoint     ] Application time: 1.0009696 seconds
[2023-11-09T11:40:24.979+0000][2298.459s][info ][safepoint     ] Entering safepoint region: Cleanup
[2023-11-09T11:40:24.979+0000][2298.460s][info ][safepoint     ] Leaving safepoint region
[2023-11-09T11:40:24.980+0000][2298.460s][info ][safepoint     ] Total time for which application threads were stopped: 0.0012353 seconds, Stopping threads took: 0.0004547 seconds
[2023-11-09T11:40:25.981+0000][2299.461s][debug][safepoint     ] Safepoint synchronization initiated. (168 threads)
[2023-11-09T11:40:25.981+0000][2299.461s][info ][safepoint     ] Application time: 1.0009048 seconds
[2023-11-09T11:40:25.982+0000][2299.462s][info ][safepoint     ] Entering safepoint region: Cleanup
[2023-11-09T11:40:25.982+0000][2299.463s][info ][safepoint     ] Leaving safepoint region
[2023-11-09T11:40:25.983+0000][2299.463s][info ][safepoint     ] Total time for which application threads were stopped: 0.0013591 seconds, Stopping threads took: 0.0005509 seconds
[2023-11-09T11:40:26.984+0000][2300.464s][debug][safepoint     ] Safepoint synchronization initiated. (168 threads)
[2023-11-09T11:40:26.985+0000][2300.465s][info ][safepoint     ] Application time: 1.0012258 seconds
[2023-11-09T11:40:26.986+0000][2300.466s][info ][safepoint     ] Entering safepoint region: Cleanup
[2023-11-09T11:40:26.987+0000][2300.467s][info ][safepoint     ] Leaving safepoint region
[2023-11-09T11:40:26.987+0000][2300.467s][info ][safepoint     ] Total time for which application threads were stopped: 0.0016768 seconds, Stopping threads took: 0.0007297 seconds
[2023-11-09T11:40:27.988+0000][2301.468s][debug][safepoint     ] Safepoint synchronization initiated. (168 threads)
[2023-11-09T11:40:27.988+0000][2301.469s][info ][safepoint     ] Application time: 1.0005548 seconds
[2023-11-09T11:40:27.989+0000][2301.469s][info ][safepoint     ] Entering safepoint region: Cleanup
[2023-11-09T11:40:27.989+0000][2301.470s][info ][safepoint     ] Leaving safepoint region
[2023-11-09T11:40:27.990+0000][2301.470s][info ][safepoint     ] Total time for which application threads were stopped: 0.0010032 seconds, Stopping threads took: 0.0003314 seconds
[2023-11-09T11:40:28.990+0000][2302.471s][debug][safepoint     ] Safepoint synchronization initiated. (168 threads)
[2023-11-09T11:40:28.991+0000][2302.471s][info ][safepoint     ] Application time: 1.0007848 seconds
[2023-11-09T11:40:28.992+0000][2302.472s][info ][safepoint     ] Entering safepoint region: Cleanup
[2023-11-09T11:40:28.992+0000][2302.473s][info ][safepoint     ] Leaving safepoint region
[2023-11-09T11:40:28.993+0000][2302.473s][info ][safepoint     ] Total time for which application threads were stopped: 0.0014374 seconds, Stopping threads took: 0.0006353 seconds
[2023-11-09T11:40:29.994+0000][2303.474s][debug][safepoint     ] Safepoint synchronization initiated. (168 threads)
[2023-11-09T11:40:29.994+0000][2303.475s][info ][safepoint     ] Application time: 1.0009898 seconds
[2023-11-09T11:40:29.995+0000][2303.475s][info ][safepoint     ] Entering safepoint region: Cleanup
[2023-11-09T11:40:29.996+0000][2303.476s][info ][safepoint     ] Leaving safepoint region
[2023-11-09T11:40:29.996+0000][2303.477s][info ][safepoint     ] Total time for which application threads were stopped: 0.0014366 seconds, Stopping threads took: 0.0006356 seconds
[2023-11-09T11:40:30.997+0000][2304.478s][debug][safepoint     ] Safepoint synchronization initiated. (168 threads)
[2023-11-09T11:40:30.998+0000][2304.478s][info ][safepoint     ] Application time: 1.0008479 seconds
[2023-11-09T11:40:30.998+0000][2304.479s][info ][safepoint     ] Entering safepoint region: Cleanup
[2023-11-09T11:40:30.999+0000][2304.479s][info ][safepoint     ] Leaving safepoint region
[2023-11-09T11:40:31.000+0000][2304.480s][info ][safepoint     ] Total time for which application threads were stopped: 0.0012914 seconds, Stopping threads took: 0.0005585 seconds
[2023-11-09T11:40:32.000+0000][2305.481s][debug][safepoint     ] Safepoint synchronization initiated. (168 threads)
[2023-11-09T11:40:32.001+0000][2305.481s][info ][safepoint     ] Application time: 1.0009521 seconds
[2023-11-09T11:40:32.002+0000][2305.482s][info ][safepoint     ] Entering safepoint region: Cleanup
[2023-11-09T11:40:32.002+0000][2305.483s][info ][safepoint     ] Leaving safepoint region
[2023-11-09T11:40:32.003+0000][2305.483s][info ][safepoint     ] Total time for which application threads were stopped: 0.0011143 seconds, Stopping threads took: 0.0004509 seconds
[2023-11-09T11:40:33.004+0000][2306.484s][debug][safepoint     ] Safepoint synchronization initiated. (168 threads)
[2023-11-09T11:40:33.004+0000][2306.485s][info ][safepoint     ] Application time: 1.0008956 seconds
[2023-11-09T11:40:33.006+0000][2306.486s][info ][safepoint     ] Entering safepoint region: Cleanup
[2023-11-09T11:40:33.007+0000][2306.487s][info ][safepoint     ] Leaving safepoint region
[2023-11-09T11:40:33.007+0000][2306.488s][info ][safepoint     ] Total time for which application threads were stopped: 0.0012979 seconds, Stopping threads took: 0.0006016 seconds
[2023-11-09T11:40:34.008+0000][2307.488s][debug][safepoint     ] Safepoint synchronization initiated. (168 threads)
[2023-11-09T11:40:34.009+0000][2307.489s][info ][safepoint     ] Application time: 1.0007598 seconds
[2023-11-09T11:40:34.009+0000][2307.489s][info ][safepoint     ] Entering safepoint region: Cleanup
[2023-11-09T11:40:34.010+0000][2307.490s][info ][safepoint     ] Leaving safepoint region
[2023-11-09T11:40:34.010+0000][2307.490s][info ][safepoint     ] Total time for which application threads were stopped: 0.0010862 seconds, Stopping threads took: 0.0004500 seconds
[2023-11-09T11:40:35.011+0000][2308.491s][debug][safepoint     ] Safepoint synchronization initiated. (168 threads)
[2023-11-09T11:40:35.011+0000][2308.492s][info ][safepoint     ] Application time: 1.0009209 seconds
[2023-11-09T11:40:35.012+0000][2308.492s][info ][safepoint     ] Entering safepoint region: Cleanup
[2023-11-09T11:40:35.013+0000][2308.493s][info ][safepoint     ] Leaving safepoint region
[2023-11-09T11:40:35.014+0000][2308.494s][info ][safepoint     ] Total time for which application threads were stopped: 0.0014757 seconds, Stopping threads took: 0.0006772 seconds
[2023-11-09T11:40:36.014+0000][2309.495s][debug][safepoint     ] Safepoint synchronization initiated. (168 threads)
[2023-11-09T11:40:36.015+0000][2309.495s][info ][safepoint     ] Application time: 1.0007086 seconds
[2023-11-09T11:40:36.015+0000][2309.496s][info ][safepoint     ] Entering safepoint region: Cleanup
[2023-11-09T11:40:36.016+0000][2309.497s][info ][safepoint     ] Leaving safepoint region
[2023-11-09T11:40:36.017+0000][2309.497s][info ][safepoint     ] Total time for which application threads were stopped: 0.0013607 seconds, Stopping threads took: 0.0006222 seconds
[2023-11-09T11:40:37.017+0000][2310.498s][debug][safepoint     ] Safepoint synchronization initiated. (168 threads)
[2023-11-09T11:40:37.018+0000][2310.499s][info ][safepoint     ] Application time: 1.0011208 seconds
[2023-11-09T11:40:37.019+0000][2310.499s][info ][safepoint     ] Entering safepoint region: Cleanup
[2023-11-09T11:40:37.020+0000][2310.500s][info ][safepoint     ] Leaving safepoint region
[2023-11-09T11:40:37.020+0000][2310.501s][info ][safepoint     ] Total time for which application threads were stopped: 0.0016112 seconds, Stopping threads took: 0.0006619 seconds
[2023-11-09T11:40:38.021+0000][2311.501s][debug][safepoint     ] Safepoint synchronization initiated. (168 threads)
[2023-11-09T11:40:38.022+0000][2311.502s][info ][safepoint     ] Application time: 1.0007089 seconds
[2023-11-09T11:40:38.022+0000][2311.502s][info ][safepoint     ] Entering safepoint region: Cleanup
[2023-11-09T11:40:38.023+0000][2311.503s][info ][safepoint     ] Leaving safepoint region
[2023-11-09T11:40:38.023+0000][2311.504s][info ][safepoint     ] Total time for which application threads were stopped: 0.0012474 seconds, Stopping threads took: 0.0005153 seconds
[2023-11-09T11:40:39.024+0000][2312.505s][debug][safepoint     ] Safepoint synchronization initiated. (168 threads)
[2023-11-09T11:40:39.025+0000][2312.505s][info ][safepoint     ] Application time: 1.0010083 seconds
[2023-11-09T11:40:39.026+0000][2312.506s][info ][safepoint     ] Entering safepoint region: Cleanup
[2023-11-09T11:40:39.026+0000][2312.506s][info ][safepoint     ] Leaving safepoint region
[2023-11-09T11:40:39.027+0000][2312.507s][info ][safepoint     ] Total time for which application threads were stopped: 0.0012065 seconds, Stopping threads took: 0.0005374 seconds
[2023-11-09T11:40:40.027+0000][2313.508s][debug][safepoint     ] Safepoint synchronization initiated. (168 threads)
[2023-11-09T11:40:40.028+0000][2313.508s][info ][safepoint     ] Application time: 1.0007099 seconds
[2023-11-09T11:40:40.028+0000][2313.509s][info ][safepoint     ] Entering safepoint region: Cleanup
[2023-11-09T11:40:40.029+0000][2313.509s][info ][safepoint     ] Leaving safepoint region
[2023-11-09T11:40:40.029+0000][2313.510s][info ][safepoint     ] Total time for which application threads were stopped: 0.0010887 seconds, Stopping threads took: 0.0004543 seconds
[2023-11-09T11:40:41.030+0000][2314.510s][debug][safepoint     ] Safepoint synchronization initiated. (168 threads)
[2023-11-09T11:40:41.031+0000][2314.511s][info ][safepoint     ] Application time: 1.0006704 seconds
[2023-11-09T11:40:41.031+0000][2314.511s][info ][safepoint     ] Entering safepoint region: Cleanup
[2023-11-09T11:40:41.032+0000][2314.512s][info ][safepoint     ] Leaving safepoint region
[2023-11-09T11:40:41.032+0000][2314.513s][info ][safepoint     ] Total time for which application threads were stopped: 0.0012313 seconds, Stopping threads took: 0.0005301 seconds
[2023-11-09T11:40:42.033+0000][2315.513s][debug][safepoint     ] Safepoint synchronization initiated. (168 threads)
[2023-11-09T11:40:42.034+0000][2315.514s][info ][safepoint     ] Application time: 1.0009117 seconds
[2023-11-09T11:40:42.034+0000][2315.515s][info ][safepoint     ] Entering safepoint region: Cleanup
[2023-11-09T11:40:42.035+0000][2315.516s][info ][safepoint     ] Leaving safepoint region
[2023-11-09T11:40:42.036+0000][2315.516s][info ][safepoint     ] Total time for which application threads were stopped: 0.0014703 seconds, Stopping threads took: 0.0006895 seconds
[2023-11-09T11:40:43.037+0000][2316.517s][debug][safepoint     ] Safepoint synchronization initiated. (168 threads)
[2023-11-09T11:40:43.037+0000][2316.518s][info ][safepoint     ] Application time: 1.0010518 seconds
[2023-11-09T11:40:43.038+0000][2316.518s][info ][safepoint     ] Entering safepoint region: Cleanup
[2023-11-09T11:40:43.039+0000][2316.519s][info ][safepoint     ] Leaving safepoint region
[2023-11-09T11:40:43.040+0000][2316.520s][info ][safepoint     ] Total time for which application threads were stopped: 0.0015661 seconds, Stopping threads took: 0.0007252 seconds
[2023-11-09T11:40:44.040+0000][2317.521s][debug][safepoint     ] Safepoint synchronization initiated. (168 threads)
[2023-11-09T11:40:44.046+0000][2317.526s][info ][safepoint     ] Application time: 1.0058354 seconds
[2023-11-09T11:40:44.048+0000][2317.528s][info ][safepoint     ] Entering safepoint region: Cleanup
[2023-11-09T11:40:44.049+0000][2317.529s][info ][safepoint     ] Leaving safepoint region
[2023-11-09T11:40:44.049+0000][2317.529s][info ][safepoint     ] Total time for which application threads were stopped: 0.0017402 seconds, Stopping threads took: 0.0009186 seconds
[2023-11-09T11:40:45.050+0000][2318.530s][debug][safepoint     ] Safepoint synchronization initiated. (168 threads)
[2023-11-09T11:40:45.050+0000][2318.531s][info ][safepoint     ] Application time: 1.0008422 seconds
[2023-11-09T11:40:45.051+0000][2318.531s][info ][safepoint     ] Entering safepoint region: Cleanup
[2023-11-09T11:40:45.052+0000][2318.532s][info ][safepoint     ] Leaving safepoint region
[2023-11-09T11:40:45.052+0000][2318.532s][info ][safepoint     ] Total time for which application threads were stopped: 0.0011303 seconds, Stopping threads took: 0.0004464 seconds
[2023-11-09T11:40:46.053+0000][2319.533s][debug][safepoint     ] Safepoint synchronization initiated. (168 threads)
[2023-11-09T11:40:46.054+0000][2319.534s][info ][safepoint     ] Application time: 1.0014113 seconds
[2023-11-09T11:40:46.055+0000][2319.535s][info ][safepoint     ] Entering safepoint region: Cleanup
[2023-11-09T11:40:46.056+0000][2319.536s][info ][safepoint     ] Leaving safepoint region
[2023-11-09T11:40:46.057+0000][2319.537s][info ][safepoint     ] Total time for which application threads were stopped: 0.0020288 seconds, Stopping threads took: 0.0009062 seconds
[2023-11-09T11:40:47.058+0000][2320.538s][debug][safepoint     ] Safepoint synchronization initiated. (168 threads)
[2023-11-09T11:40:47.059+0000][2320.539s][info ][safepoint     ] Application time: 1.0011893 seconds
[2023-11-09T11:40:47.060+0000][2320.540s][info ][safepoint     ] Entering safepoint region: Cleanup
[2023-11-09T11:40:47.061+0000][2320.541s][info ][safepoint     ] Leaving safepoint region
[2023-11-09T11:40:47.062+0000][2320.542s][info ][safepoint     ] Total time for which application threads were stopped: 0.0019689 seconds, Stopping threads took: 0.0008756 seconds
[2023-11-09T11:40:48.063+0000][2321.543s][debug][safepoint     ] Safepoint synchronization initiated. (168 threads)
[2023-11-09T11:40:48.063+0000][2321.544s][info ][safepoint     ] Application time: 1.0011585 seconds
[2023-11-09T11:40:48.064+0000][2321.544s][info ][safepoint     ] Entering safepoint region: Cleanup
[2023-11-09T11:40:48.065+0000][2321.545s][info ][safepoint     ] Leaving safepoint region
[2023-11-09T11:40:48.066+0000][2321.546s][info ][safepoint     ] Total time for which application threads were stopped: 0.0014834 seconds, Stopping threads took: 0.0006813 seconds
[2023-11-09T11:40:49.066+0000][2322.547s][debug][safepoint     ] Safepoint synchronization initiated. (168 threads)
[2023-11-09T11:40:49.067+0000][2322.548s][info ][safepoint     ] Application time: 1.0011434 seconds
[2023-11-09T11:40:49.068+0000][2322.548s][info ][safepoint     ] Entering safepoint region: Cleanup
[2023-11-09T11:40:49.069+0000][2322.549s][info ][safepoint     ] Leaving safepoint region
[2023-11-09T11:40:49.069+0000][2322.549s][info ][safepoint     ] Total time for which application threads were stopped: 0.0012258 seconds, Stopping threads took: 0.0005386 seconds
[2023-11-09T11:40:50.070+0000][2323.550s][debug][safepoint     ] Safepoint synchronization initiated. (168 threads)
[2023-11-09T11:40:50.070+0000][2323.551s][info ][safepoint     ] Application time: 1.0008528 seconds
[2023-11-09T11:40:50.071+0000][2323.551s][info ][safepoint     ] Entering safepoint region: Cleanup
[2023-11-09T11:40:50.072+0000][2323.552s][info ][safepoint     ] Leaving safepoint region
[2023-11-09T11:40:50.072+0000][2323.553s][info ][safepoint     ] Total time for which application threads were stopped: 0.0012066 seconds, Stopping threads took: 0.0005828 seconds
[2023-11-09T11:40:51.073+0000][2324.553s][debug][safepoint     ] Safepoint synchronization initiated. (168 threads)
[2023-11-09T11:40:51.074+0000][2324.554s][info ][safepoint     ] Application time: 1.0008417 seconds
[2023-11-09T11:40:51.074+0000][2324.555s][info ][safepoint     ] Entering safepoint region: Cleanup
[2023-11-09T11:40:51.075+0000][2324.555s][info ][safepoint     ] Leaving safepoint region
[2023-11-09T11:40:51.075+0000][2324.556s][info ][safepoint     ] Total time for which application threads were stopped: 0.0012858 seconds, Stopping threads took: 0.0005315 seconds
[2023-11-09T11:40:52.076+0000][2325.557s][debug][safepoint     ] Safepoint synchronization initiated. (168 threads)
[2023-11-09T11:40:52.077+0000][2325.558s][info ][safepoint     ] Application time: 1.0011721 seconds
[2023-11-09T11:40:52.078+0000][2325.558s][info ][safepoint     ] Entering safepoint region: Cleanup
[2023-11-09T11:40:52.079+0000][2325.559s][info ][safepoint     ] Leaving safepoint region
[2023-11-09T11:40:52.079+0000][2325.559s][info ][safepoint     ] Total time for which application threads were stopped: 0.0011063 seconds, Stopping threads took: 0.0004163 seconds
[2023-11-09T11:40:53.080+0000][2326.560s][debug][safepoint     ] Safepoint synchronization initiated. (168 threads)
[2023-11-09T11:40:53.081+0000][2326.561s][info ][safepoint     ] Application time: 1.0009488 seconds
[2023-11-09T11:40:53.081+0000][2326.561s][info ][safepoint     ] Entering safepoint region: Cleanup
[2023-11-09T11:40:53.082+0000][2326.562s][info ][safepoint     ] Leaving safepoint region
[2023-11-09T11:40:53.082+0000][2326.562s][info ][safepoint     ] Total time for which application threads were stopped: 0.0012023 seconds, Stopping threads took: 0.0005453 seconds
[2023-11-09T11:40:54.083+0000][2327.563s][debug][safepoint     ] Safepoint synchronization initiated. (168 threads)
[2023-11-09T11:40:54.084+0000][2327.564s][info ][safepoint     ] Application time: 1.0008648 seconds
[2023-11-09T11:40:54.084+0000][2327.564s][info ][safepoint     ] Entering safepoint region: Cleanup
[2023-11-09T11:40:54.085+0000][2327.565s][info ][safepoint     ] Leaving safepoint region
[2023-11-09T11:40:54.085+0000][2327.565s][info ][safepoint     ] Total time for which application threads were stopped: 0.0011024 seconds, Stopping threads took: 0.0004329 seconds
[2023-11-09T11:40:55.086+0000][2328.566s][debug][safepoint     ] Safepoint synchronization initiated. (168 threads)
[2023-11-09T11:40:55.086+0000][2328.567s][info ][safepoint     ] Application time: 1.0010273 seconds
[2023-11-09T11:40:55.087+0000][2328.568s][info ][safepoint     ] Entering safepoint region: Cleanup
[2023-11-09T11:40:55.088+0000][2328.568s][info ][safepoint     ] Leaving safepoint region
[2023-11-09T11:40:55.089+0000][2328.569s][info ][safepoint     ] Total time for which application threads were stopped: 0.0015621 seconds, Stopping threads took: 0.0007873 seconds
[2023-11-09T11:40:56.089+0000][2329.570s][debug][safepoint     ] Safepoint synchronization initiated. (168 threads)
[2023-11-09T11:40:56.090+0000][2329.570s][info ][safepoint     ] Application time: 1.0006224 seconds
[2023-11-09T11:40:56.090+0000][2329.571s][info ][safepoint     ] Entering safepoint region: Cleanup
[2023-11-09T11:40:56.091+0000][2329.571s][info ][safepoint     ] Leaving safepoint region
[2023-11-09T11:40:56.091+0000][2329.572s][info ][safepoint     ] Total time for which application threads were stopped: 0.0010756 seconds, Stopping threads took: 0.0004445 seconds
[2023-11-09T11:40:57.092+0000][2330.572s][debug][safepoint     ] Safepoint synchronization initiated. (168 threads)
[2023-11-09T11:40:57.092+0000][2330.573s][info ][safepoint     ] Application time: 1.0005288 seconds
[2023-11-09T11:40:57.093+0000][2330.573s][info ][safepoint     ] Entering safepoint region: Cleanup
[2023-11-09T11:40:57.093+0000][2330.573s][info ][safepoint     ] Leaving safepoint region
[2023-11-09T11:40:57.093+0000][2330.574s][info ][safepoint     ] Total time for which application threads were stopped: 0.0008072 seconds, Stopping threads took: 0.0003191 seconds
[2023-11-09T11:40:58.094+0000][2331.574s][debug][safepoint     ] Safepoint synchronization initiated. (168 threads)
[2023-11-09T11:40:58.094+0000][2331.575s][info ][safepoint     ] Application time: 1.0007675 seconds
[2023-11-09T11:40:58.095+0000][2331.575s][info ][safepoint     ] Entering safepoint region: Cleanup
[2023-11-09T11:40:58.096+0000][2331.576s][info ][safepoint     ] Leaving safepoint region
[2023-11-09T11:40:58.096+0000][2331.576s][info ][safepoint     ] Total time for which application threads were stopped: 0.0009713 seconds, Stopping threads took: 0.0004269 seconds
[2023-11-09T11:40:59.096+0000][2332.577s][debug][safepoint     ] Safepoint synchronization initiated. (168 threads)
[2023-11-09T11:40:59.097+0000][2332.577s][info ][safepoint     ] Application time: 1.0007060 seconds
[2023-11-09T11:40:59.098+0000][2332.578s][info ][safepoint     ] Entering safepoint region: Cleanup
[2023-11-09T11:40:59.098+0000][2332.578s][info ][safepoint     ] Leaving safepoint region
[2023-11-09T11:40:59.099+0000][2332.579s][info ][safepoint     ] Total time for which application threads were stopped: 0.0010562 seconds, Stopping threads took: 0.0004988 seconds
[2023-11-09T11:41:00.099+0000][2333.579s][debug][safepoint     ] Safepoint synchronization initiated. (168 threads)
[2023-11-09T11:41:00.100+0000][2333.580s][info ][safepoint     ] Application time: 1.0009042 seconds
[2023-11-09T11:41:00.100+0000][2333.581s][info ][safepoint     ] Entering safepoint region: Cleanup
[2023-11-09T11:41:00.101+0000][2333.582s][info ][safepoint     ] Leaving safepoint region
[2023-11-09T11:41:00.102+0000][2333.582s][info ][safepoint     ] Total time for which application threads were stopped: 0.0013974 seconds, Stopping threads took: 0.0006402 seconds
[2023-11-09T11:41:01.102+0000][2334.583s][debug][safepoint     ] Safepoint synchronization initiated. (168 threads)
[2023-11-09T11:41:01.103+0000][2334.584s][info ][safepoint     ] Application time: 1.0012352 seconds
[2023-11-09T11:41:01.104+0000][2334.585s][info ][safepoint     ] Entering safepoint region: Cleanup
[2023-11-09T11:41:01.106+0000][2334.586s][info ][safepoint     ] Leaving safepoint region
[2023-11-09T11:41:01.106+0000][2334.587s][info ][safepoint     ] Total time for which application threads were stopped: 0.0019932 seconds, Stopping threads took: 0.0009048 seconds
[2023-11-09T11:41:02.107+0000][2335.588s][debug][safepoint     ] Safepoint synchronization initiated. (168 threads)
[2023-11-09T11:41:02.108+0000][2335.588s][info ][safepoint     ] Application time: 1.0008153 seconds
[2023-11-09T11:41:02.109+0000][2335.589s][info ][safepoint     ] Entering safepoint region: Cleanup
[2023-11-09T11:41:02.109+0000][2335.590s][info ][safepoint     ] Leaving safepoint region
[2023-11-09T11:41:02.110+0000][2335.590s][info ][safepoint     ] Total time for which application threads were stopped: 0.0012302 seconds, Stopping threads took: 0.0005421 seconds
[2023-11-09T11:41:03.110+0000][2336.591s][debug][safepoint     ] Safepoint synchronization initiated. (168 threads)
[2023-11-09T11:41:03.111+0000][2336.591s][info ][safepoint     ] Application time: 1.0006818 seconds
[2023-11-09T11:41:03.111+0000][2336.592s][info ][safepoint     ] Entering safepoint region: Cleanup
[2023-11-09T11:41:03.112+0000][2336.592s][info ][safepoint     ] Leaving safepoint region
[2023-11-09T11:41:03.112+0000][2336.593s][info ][safepoint     ] Total time for which application threads were stopped: 0.0010348 seconds, Stopping threads took: 0.0004306 seconds
[2023-11-09T11:41:04.113+0000][2337.593s][debug][safepoint     ] Safepoint synchronization initiated. (168 threads)
[2023-11-09T11:41:04.113+0000][2337.594s][info ][safepoint     ] Application time: 1.0007075 seconds
[2023-11-09T11:41:04.114+0000][2337.594s][info ][safepoint     ] Entering safepoint region: Cleanup
[2023-11-09T11:41:04.115+0000][2337.595s][info ][safepoint     ] Leaving safepoint region
[2023-11-09T11:41:04.115+0000][2337.595s][info ][safepoint     ] Total time for which application threads were stopped: 0.0010632 seconds, Stopping threads took: 0.0004756 seconds
[2023-11-09T11:41:05.116+0000][2338.596s][debug][safepoint     ] Safepoint synchronization initiated. (168 threads)
[2023-11-09T11:41:05.116+0000][2338.597s][info ][safepoint     ] Application time: 1.0008664 seconds
[2023-11-09T11:41:05.117+0000][2338.597s][info ][safepoint     ] Entering safepoint region: Cleanup
[2023-11-09T11:41:05.118+0000][2338.598s][info ][safepoint     ] Leaving safepoint region
[2023-11-09T11:41:05.118+0000][2338.599s][info ][safepoint     ] Total time for which application threads were stopped: 0.0015200 seconds, Stopping threads took: 0.0005930 seconds
[2023-11-09T11:41:05.118+0000][2338.598s][debug][safepoint     ] ... found polling page return exception at pc = 0x00007fb4f0d6dc84, stub =0x00007fb4e8840600
[2023-11-09T11:41:05.118+0000][2338.598s][debug][safepoint     ] ... found polling page return exception at pc = 0x00007fb4f0d6dc84, stub =0x00007fb4e8840600
[2023-11-09T11:41:05.118+0000][2338.598s][debug][safepoint     ] ... found polling page return exception at pc = 0x00007fb4f0d6dc84, stub =0x00007fb4e8840600
[2023-11-09T11:41:06.119+0000][2339.599s][debug][safepoint     ] Safepoint synchronization initiated. (168 threads)
[2023-11-09T11:41:06.120+0000][2339.600s][info ][safepoint     ] Application time: 1.0011743 seconds
[2023-11-09T11:41:06.121+0000][2339.601s][info ][safepoint     ] Entering safepoint region: Cleanup
[2023-11-09T11:41:06.122+0000][2339.602s][info ][safepoint     ] Leaving safepoint region
[2023-11-09T11:41:06.123+0000][2339.603s][info ][safepoint     ] Total time for which application threads were stopped: 0.0018916 seconds, Stopping threads took: 0.0008716 seconds
[2023-11-09T11:41:07.124+0000][2340.604s][debug][safepoint     ] Safepoint synchronization initiated. (168 threads)
[2023-11-09T11:41:07.125+0000][2340.605s][info ][safepoint     ] Application time: 1.0014340 seconds
[2023-11-09T11:41:07.126+0000][2340.606s][info ][safepoint     ] Entering safepoint region: Cleanup
[2023-11-09T11:41:07.127+0000][2340.607s][info ][safepoint     ] Leaving safepoint region
[2023-11-09T11:41:07.128+0000][2340.608s][info ][safepoint     ] Total time for which application threads were stopped: 0.0022649 seconds, Stopping threads took: 0.0009306 seconds
[2023-11-09T11:41:08.129+0000][2341.609s][debug][safepoint     ] Safepoint synchronization initiated. (168 threads)
[2023-11-09T11:41:08.129+0000][2341.610s][info ][safepoint     ] Application time: 1.0006049 seconds
[2023-11-09T11:41:08.130+0000][2341.610s][info ][safepoint     ] Entering safepoint region: Cleanup
[2023-11-09T11:41:08.130+0000][2341.611s][info ][safepoint     ] Leaving safepoint region
[2023-11-09T11:41:08.131+0000][2341.611s][info ][safepoint     ] Total time for which application threads were stopped: 0.0007133 seconds, Stopping threads took: 0.0002992 seconds
[2023-11-09T11:41:09.131+0000][2342.611s][debug][safepoint     ] Safepoint synchronization initiated. (168 threads)
[2023-11-09T11:41:09.132+0000][2342.612s][info ][safepoint     ] Application time: 1.0008506 seconds
[2023-11-09T11:41:09.132+0000][2342.613s][info ][safepoint     ] Entering safepoint region: Cleanup
[2023-11-09T11:41:09.133+0000][2342.613s][info ][safepoint     ] Leaving safepoint region
[2023-11-09T11:41:09.133+0000][2342.614s][info ][safepoint     ] Total time for which application threads were stopped: 0.0012453 seconds, Stopping threads took: 0.0005814 seconds
[2023-11-09T11:41:10.134+0000][2343.614s][debug][safepoint     ] Safepoint synchronization initiated. (168 threads)
[2023-11-09T11:41:10.135+0000][2343.615s][info ][safepoint     ] Application time: 1.0007536 seconds
[2023-11-09T11:41:10.135+0000][2343.615s][info ][safepoint     ] Entering safepoint region: Cleanup
[2023-11-09T11:41:10.136+0000][2343.616s][info ][safepoint     ] Leaving safepoint region
[2023-11-09T11:41:10.136+0000][2343.616s][info ][safepoint     ] Total time for which application threads were stopped: 0.0010148 seconds, Stopping threads took: 0.0004104 seconds
[2023-11-09T11:41:11.136+0000][2344.617s][debug][safepoint     ] Safepoint synchronization initiated. (168 threads)
[2023-11-09T11:41:11.137+0000][2344.617s][info ][safepoint     ] Application time: 1.0008678 seconds
[2023-11-09T11:41:11.138+0000][2344.618s][info ][safepoint     ] Entering safepoint region: Cleanup
[2023-11-09T11:41:11.139+0000][2344.619s][info ][safepoint     ] Leaving safepoint region
[2023-11-09T11:41:11.139+0000][2344.619s][info ][safepoint     ] Total time for which application threads were stopped: 0.0013746 seconds, Stopping threads took: 0.0006125 seconds
[2023-11-09T11:41:12.140+0000][2345.620s][debug][safepoint     ] Safepoint synchronization initiated. (168 threads)
[2023-11-09T11:41:12.141+0000][2345.621s][info ][safepoint     ] Application time: 1.0007573 seconds
[2023-11-09T11:41:12.141+0000][2345.622s][info ][safepoint     ] Entering safepoint region: Cleanup
[2023-11-09T11:41:12.142+0000][2345.623s][info ][safepoint     ] Leaving safepoint region
[2023-11-09T11:41:12.143+0000][2345.623s][info ][safepoint     ] Total time for which application threads were stopped: 0.0012425 seconds, Stopping threads took: 0.0006737 seconds
[2023-11-09T11:41:13.143+0000][2346.624s][debug][safepoint     ] Safepoint synchronization initiated. (168 threads)
[2023-11-09T11:41:13.144+0000][2346.625s][info ][safepoint     ] Application time: 1.0012200 seconds
[2023-11-09T11:41:13.145+0000][2346.625s][info ][safepoint     ] Entering safepoint region: Cleanup
[2023-11-09T11:41:13.146+0000][2346.626s][info ][safepoint     ] Leaving safepoint region
[2023-11-09T11:41:13.146+0000][2346.626s][info ][safepoint     ] Total time for which application threads were stopped: 0.0012840 seconds, Stopping threads took: 0.0006219 seconds
[2023-11-09T11:41:14.147+0000][2347.627s][debug][safepoint     ] Safepoint synchronization initiated. (168 threads)
[2023-11-09T11:41:14.148+0000][2347.628s][info ][safepoint     ] Application time: 1.0014663 seconds
[2023-11-09T11:41:14.149+0000][2347.629s][debug][safepoint     ] ... found polling page return exception at pc = 0x00007fb4f0c27368, stub =0x00007fb4e8840600
[2023-11-09T11:41:14.149+0000][2347.629s][debug][safepoint     ] ... found polling page return exception at pc = 0x00007fb4f0d709f7, stub =0x00007fb4e8840600
[2023-11-09T11:41:14.149+0000][2347.629s][debug][safepoint     ] ... found polling page return exception at pc = 0x00007fb4f0d709f7, stub =0x00007fb4e8840600
[2023-11-09T11:41:14.149+0000][2347.629s][debug][safepoint     ] ... found polling page return exception at pc = 0x00007fb4f0a0f376, stub =0x00007fb4e8840600
[2023-11-09T11:41:14.149+0000][2347.629s][debug][safepoint     ] ... found polling page return exception at pc = 0x00007fb4f0c27368, stub =0x00007fb4e8840600
[2023-11-09T11:41:14.149+0000][2347.629s][debug][safepoint     ] ... found polling page return exception at pc = 0x00007fb4f0a0f376, stub =0x00007fb4e8840600
[2023-11-09T11:41:14.149+0000][2347.629s][debug][safepoint     ] ... found polling page return exception at pc = 0x00007fb4f0c27368, stub =0x00007fb4e8840600
[2023-11-09T11:41:14.154+0000][2347.635s][debug][safepoint     ] Waiting for 7 thread(s) to block
[2023-11-09T11:41:14.156+0000][2347.636s][info ][safepoint     ] Entering safepoint region: Cleanup
[2023-11-09T11:41:14.156+0000][2347.637s][info ][safepoint     ] Leaving safepoint region
[2023-11-09T11:41:14.157+0000][2347.637s][info ][safepoint     ] Total time for which application threads were stopped: 0.0081079 seconds, Stopping threads took: 0.0072761 seconds
[2023-11-09T11:41:15.158+0000][2348.638s][debug][safepoint     ] Safepoint synchronization initiated. (168 threads)
[2023-11-09T11:41:15.158+0000][2348.639s][info ][safepoint     ] Application time: 1.0008105 seconds
[2023-11-09T11:41:15.159+0000][2348.639s][info ][safepoint     ] Entering safepoint region: Cleanup
[2023-11-09T11:41:15.159+0000][2348.640s][info ][safepoint     ] Leaving safepoint region
[2023-11-09T11:41:15.160+0000][2348.640s][info ][safepoint     ] Total time for which application threads were stopped: 0.0011826 seconds, Stopping threads took: 0.0004618 seconds
[2023-11-09T11:41:16.161+0000][2349.641s][debug][safepoint     ] Safepoint synchronization initiated. (168 threads)
[2023-11-09T11:41:16.161+0000][2349.642s][info ][safepoint     ] Application time: 1.0009790 seconds
[2023-11-09T11:41:16.162+0000][2349.643s][info ][safepoint     ] Entering safepoint region: Cleanup
[2023-11-09T11:41:16.163+0000][2349.644s][info ][safepoint     ] Leaving safepoint region
[2023-11-09T11:41:16.164+0000][2349.644s][info ][safepoint     ] Total time for which application threads were stopped: 0.0016836 seconds, Stopping threads took: 0.0007450 seconds
[2023-11-09T11:41:17.165+0000][2350.645s][debug][safepoint     ] Safepoint synchronization initiated. (168 threads)
[2023-11-09T11:41:17.166+0000][2350.646s][info ][safepoint     ] Application time: 1.0007770 seconds
[2023-11-09T11:41:17.166+0000][2350.646s][info ][safepoint     ] Entering safepoint region: Cleanup
[2023-11-09T11:41:17.167+0000][2350.647s][info ][safepoint     ] Leaving safepoint region
[2023-11-09T11:41:17.167+0000][2350.647s][info ][safepoint     ] Total time for which application threads were stopped: 0.0010700 seconds, Stopping threads took: 0.0004220 seconds
[2023-11-09T11:41:18.168+0000][2351.648s][debug][safepoint     ] Safepoint synchronization initiated. (168 threads)
[2023-11-09T11:41:18.168+0000][2351.649s][info ][safepoint     ] Application time: 1.0005662 seconds
[2023-11-09T11:41:18.169+0000][2351.649s][debug][safepoint     ] ... found polling page loop exception at pc = 0x00007fb4f1424289, stub =0x00007fb4e8843680
[2023-11-09T11:41:18.169+0000][2351.649s][debug][safepoint     ] Waiting for 1 thread(s) to block
[2023-11-09T11:41:18.169+0000][2351.650s][info ][safepoint     ] Entering safepoint region: Cleanup
[2023-11-09T11:41:18.170+0000][2351.650s][info ][safepoint     ] Leaving safepoint region
[2023-11-09T11:41:18.170+0000][2351.650s][info ][safepoint     ] Total time for which application threads were stopped: 0.0014724 seconds, Stopping threads took: 0.0010141 seconds
[2023-11-09T11:41:19.171+0000][2352.651s][debug][safepoint     ] Safepoint synchronization initiated. (168 threads)
[2023-11-09T11:41:19.172+0000][2352.652s][info ][safepoint     ] Application time: 1.0011909 seconds
[2023-11-09T11:41:19.173+0000][2352.653s][info ][safepoint     ] Entering safepoint region: Cleanup
[2023-11-09T11:41:19.174+0000][2352.654s][info ][safepoint     ] Leaving safepoint region
[2023-11-09T11:41:19.174+0000][2352.655s][info ][safepoint     ] Total time for which application threads were stopped: 0.0018845 seconds, Stopping threads took: 0.0008753 seconds
[2023-11-09T11:41:20.175+0000][2353.656s][debug][safepoint     ] Safepoint synchronization initiated. (168 threads)
[2023-11-09T11:41:20.186+0000][2353.666s][info ][safepoint     ] Application time: 1.0104838 seconds
[2023-11-09T11:41:20.186+0000][2353.667s][info ][safepoint     ] Entering safepoint region: Cleanup
[2023-11-09T11:41:20.187+0000][2353.668s][info ][safepoint     ] Leaving safepoint region
[2023-11-09T11:41:20.188+0000][2353.668s][info ][safepoint     ] Total time for which application threads were stopped: 0.0016005 seconds, Stopping threads took: 0.0007306 seconds
[2023-11-09T11:41:21.189+0000][2354.669s][debug][safepoint     ] Safepoint synchronization initiated. (168 threads)
[2023-11-09T11:41:21.190+0000][2354.670s][info ][safepoint     ] Application time: 1.0013319 seconds
[2023-11-09T11:41:21.191+0000][2354.671s][info ][safepoint     ] Entering safepoint region: Cleanup
[2023-11-09T11:41:21.192+0000][2354.672s][info ][safepoint     ] Leaving safepoint region
[2023-11-09T11:41:21.193+0000][2354.673s][info ][safepoint     ] Total time for which application threads were stopped: 0.0020254 seconds, Stopping threads took: 0.0008124 seconds
[2023-11-09T11:41:22.194+0000][2355.674s][debug][safepoint     ] Safepoint synchronization initiated. (168 threads)
[2023-11-09T11:41:22.195+0000][2355.675s][info ][safepoint     ] Application time: 1.0013550 seconds
[2023-11-09T11:41:22.196+0000][2355.676s][info ][safepoint     ] Entering safepoint region: Cleanup
[2023-11-09T11:41:22.197+0000][2355.677s][info ][safepoint     ] Leaving safepoint region
[2023-11-09T11:41:22.198+0000][2355.678s][info ][safepoint     ] Total time for which application threads were stopped: 0.0020342 seconds, Stopping threads took: 0.0008643 seconds
[2023-11-09T11:41:23.198+0000][2356.679s][debug][safepoint     ] Safepoint synchronization initiated. (168 threads)
[2023-11-09T11:41:23.199+0000][2356.680s][info ][safepoint     ] Application time: 1.0011573 seconds
[2023-11-09T11:41:23.200+0000][2356.680s][info ][safepoint     ] Entering safepoint region: Cleanup
[2023-11-09T11:41:23.201+0000][2356.681s][info ][safepoint     ] Leaving safepoint region
[2023-11-09T11:41:23.202+0000][2356.682s][info ][safepoint     ] Total time for which application threads were stopped: 0.0016149 seconds, Stopping threads took: 0.0006857 seconds
[2023-11-09T11:41:24.203+0000][2357.683s][debug][safepoint     ] Safepoint synchronization initiated. (168 threads)
[2023-11-09T11:41:24.203+0000][2357.684s][info ][safepoint     ] Application time: 1.0008273 seconds
[2023-11-09T11:41:24.204+0000][2357.684s][info ][safepoint     ] Entering safepoint region: Cleanup
[2023-11-09T11:41:24.204+0000][2357.685s][info ][safepoint     ] Leaving safepoint region
[2023-11-09T11:41:24.205+0000][2357.685s][info ][safepoint     ] Total time for which application threads were stopped: 0.0013841 seconds, Stopping threads took: 0.0005252 seconds
[2023-11-09T11:41:24.204+0000][2357.685s][debug][safepoint     ] ... found polling page return exception at pc = 0x00007fb4f0d6dc84, stub =0x00007fb4e8840600
[2023-11-09T11:41:25.206+0000][2358.686s][debug][safepoint     ] Safepoint synchronization initiated. (168 threads)
[2023-11-09T11:41:25.207+0000][2358.687s][info ][safepoint     ] Application time: 1.0012518 seconds
[2023-11-09T11:41:25.208+0000][2358.688s][info ][safepoint     ] Entering safepoint region: Cleanup
[2023-11-09T11:41:25.209+0000][2358.689s][info ][safepoint     ] Leaving safepoint region
[2023-11-09T11:41:25.209+0000][2358.690s][info ][safepoint     ] Total time for which application threads were stopped: 0.0018540 seconds, Stopping threads took: 0.0009727 seconds
[2023-11-09T11:41:26.210+0000][2359.690s][debug][safepoint     ] Safepoint synchronization initiated. (168 threads)
[2023-11-09T11:41:26.211+0000][2359.691s][info ][safepoint     ] Application time: 1.0009277 seconds
[2023-11-09T11:41:26.211+0000][2359.692s][info ][safepoint     ] Entering safepoint region: Cleanup
[2023-11-09T11:41:26.212+0000][2359.692s][info ][safepoint     ] Leaving safepoint region
[2023-11-09T11:41:26.213+0000][2359.693s][info ][safepoint     ] Total time for which application threads were stopped: 0.0013318 seconds, Stopping threads took: 0.0006495 seconds
[2023-11-09T11:41:27.213+0000][2360.694s][debug][safepoint     ] Safepoint synchronization initiated. (168 threads)
[2023-11-09T11:41:27.214+0000][2360.694s][info ][safepoint     ] Application time: 1.0008485 seconds
[2023-11-09T11:41:27.215+0000][2360.695s][info ][safepoint     ] Entering safepoint region: Cleanup
[2023-11-09T11:41:27.215+0000][2360.696s][info ][safepoint     ] Leaving safepoint region
[2023-11-09T11:41:27.216+0000][2360.696s][info ][safepoint     ] Total time for which application threads were stopped: 0.0014102 seconds, Stopping threads took: 0.0005817 seconds
[2023-11-09T11:41:28.217+0000][2361.697s][debug][safepoint     ] Safepoint synchronization initiated. (168 threads)
[2023-11-09T11:41:28.217+0000][2361.698s][info ][safepoint     ] Application time: 1.0009085 seconds
[2023-11-09T11:41:28.218+0000][2361.698s][info ][safepoint     ] Entering safepoint region: Cleanup
[2023-11-09T11:41:28.219+0000][2361.699s][info ][safepoint     ] Leaving safepoint region
[2023-11-09T11:41:28.219+0000][2361.699s][info ][safepoint     ] Total time for which application threads were stopped: 0.0012629 seconds, Stopping threads took: 0.0004891 seconds
[2023-11-09T11:41:29.220+0000][2362.700s][debug][safepoint     ] Safepoint synchronization initiated. (168 threads)
[2023-11-09T11:41:29.221+0000][2362.701s][info ][safepoint     ] Application time: 1.0012021 seconds
[2023-11-09T11:41:29.222+0000][2362.702s][info ][safepoint     ] Entering safepoint region: Cleanup
[2023-11-09T11:41:29.223+0000][2362.704s][info ][safepoint     ] Leaving safepoint region
[2023-11-09T11:41:29.224+0000][2362.704s][info ][safepoint     ] Total time for which application threads were stopped: 0.0018676 seconds, Stopping threads took: 0.0011422 seconds
[2023-11-09T11:41:30.224+0000][2363.705s][debug][safepoint     ] Safepoint synchronization initiated. (168 threads)
[2023-11-09T11:41:30.225+0000][2363.706s][info ][safepoint     ] Application time: 1.0011278 seconds
[2023-11-09T11:41:30.226+0000][2363.707s][info ][safepoint     ] Entering safepoint region: Cleanup
[2023-11-09T11:41:30.227+0000][2363.708s][info ][safepoint     ] Leaving safepoint region
[2023-11-09T11:41:30.228+0000][2363.708s][info ][safepoint     ] Total time for which application threads were stopped: 0.0019145 seconds, Stopping threads took: 0.0008005 seconds
[2023-11-09T11:41:31.229+0000][2364.709s][debug][safepoint     ] Safepoint synchronization initiated. (168 threads)
[2023-11-09T11:41:31.229+0000][2364.709s][info ][safepoint     ] Application time: 1.0005074 seconds
[2023-11-09T11:41:31.229+0000][2364.710s][info ][safepoint     ] Entering safepoint region: Cleanup
[2023-11-09T11:41:31.230+0000][2364.710s][info ][safepoint     ] Leaving safepoint region
[2023-11-09T11:41:31.230+0000][2364.710s][info ][safepoint     ] Total time for which application threads were stopped: 0.0007512 seconds, Stopping threads took: 0.0002994 seconds
[2023-11-09T11:41:32.230+0000][2365.711s][debug][safepoint     ] Safepoint synchronization initiated. (168 threads)
[2023-11-09T11:41:32.231+0000][2365.711s][info ][safepoint     ] Application time: 1.0006461 seconds
[2023-11-09T11:41:32.231+0000][2365.712s][info ][safepoint     ] Entering safepoint region: Cleanup
[2023-11-09T11:41:32.232+0000][2365.712s][info ][safepoint     ] Leaving safepoint region
[2023-11-09T11:41:32.232+0000][2365.713s][info ][safepoint     ] Total time for which application threads were stopped: 0.0010250 seconds, Stopping threads took: 0.0004514 seconds
[2023-11-09T11:41:33.233+0000][2366.713s][debug][safepoint     ] Safepoint synchronization initiated. (168 threads)
[2023-11-09T11:41:33.234+0000][2366.714s][info ][safepoint     ] Application time: 1.0007730 seconds
[2023-11-09T11:41:33.234+0000][2366.714s][info ][safepoint     ] Entering safepoint region: Cleanup
[2023-11-09T11:41:33.235+0000][2366.715s][info ][safepoint     ] Leaving safepoint region
[2023-11-09T11:41:33.235+0000][2366.715s][info ][safepoint     ] Total time for which application threads were stopped: 0.0011382 seconds, Stopping threads took: 0.0005510 seconds
[2023-11-09T11:41:34.236+0000][2367.716s][debug][safepoint     ] Safepoint synchronization initiated. (168 threads)
[2023-11-09T11:41:34.237+0000][2367.717s][info ][safepoint     ] Application time: 1.0010270 seconds
[2023-11-09T11:41:34.237+0000][2367.718s][info ][safepoint     ] Entering safepoint region: Cleanup
[2023-11-09T11:41:34.239+0000][2367.719s][info ][safepoint     ] Leaving safepoint region
[2023-11-09T11:41:34.239+0000][2367.719s][info ][safepoint     ] Total time for which application threads were stopped: 0.0015347 seconds, Stopping threads took: 0.0007261 seconds
[2023-11-09T11:41:35.240+0000][2368.720s][debug][safepoint     ] Safepoint synchronization initiated. (168 threads)
[2023-11-09T11:41:35.241+0000][2368.721s][info ][safepoint     ] Application time: 1.0015538 seconds
[2023-11-09T11:41:35.242+0000][2368.722s][info ][safepoint     ] Entering safepoint region: Cleanup
[2023-11-09T11:41:35.243+0000][2368.724s][info ][safepoint     ] Leaving safepoint region
[2023-11-09T11:41:35.244+0000][2368.724s][info ][safepoint     ] Total time for which application threads were stopped: 0.0020830 seconds, Stopping threads took: 0.0009203 seconds
[2023-11-09T11:41:36.245+0000][2369.725s][debug][safepoint     ] Safepoint synchronization initiated. (168 threads)
[2023-11-09T11:41:36.246+0000][2369.726s][info ][safepoint     ] Application time: 1.0007173 seconds
[2023-11-09T11:41:36.247+0000][2369.727s][info ][safepoint     ] Entering safepoint region: Cleanup
[2023-11-09T11:41:36.248+0000][2369.728s][info ][safepoint     ] Leaving safepoint region
[2023-11-09T11:41:36.248+0000][2369.729s][info ][safepoint     ] Total time for which application threads were stopped: 0.0014181 seconds, Stopping threads took: 0.0006721 seconds
[2023-11-09T11:41:37.249+0000][2370.729s][debug][safepoint     ] Safepoint synchronization initiated. (168 threads)
[2023-11-09T11:41:37.250+0000][2370.730s][info ][safepoint     ] Application time: 1.0011768 seconds
[2023-11-09T11:41:37.251+0000][2370.731s][info ][safepoint     ] Entering safepoint region: Cleanup
[2023-11-09T11:41:37.252+0000][2370.732s][info ][safepoint     ] Leaving safepoint region
[2023-11-09T11:41:37.252+0000][2370.733s][info ][safepoint     ] Total time for which application threads were stopped: 0.0019297 seconds, Stopping threads took: 0.0008735 seconds
[2023-11-09T11:41:38.253+0000][2371.733s][debug][safepoint     ] Safepoint synchronization initiated. (168 threads)
[2023-11-09T11:41:38.254+0000][2371.734s][info ][safepoint     ] Application time: 1.0006167 seconds
[2023-11-09T11:41:38.254+0000][2371.734s][info ][safepoint     ] Entering safepoint region: Cleanup
[2023-11-09T11:41:38.254+0000][2371.735s][info ][safepoint     ] Leaving safepoint region
[2023-11-09T11:41:38.255+0000][2371.735s][info ][safepoint     ] Total time for which application threads were stopped: 0.0007852 seconds, Stopping threads took: 0.0003101 seconds
[2023-11-09T11:41:39.255+0000][2372.736s][debug][safepoint     ] Safepoint synchronization initiated. (168 threads)
[2023-11-09T11:41:39.256+0000][2372.736s][info ][safepoint     ] Application time: 1.0010689 seconds
[2023-11-09T11:41:39.257+0000][2372.737s][info ][safepoint     ] Entering safepoint region: Cleanup
[2023-11-09T11:41:39.258+0000][2372.738s][info ][safepoint     ] Leaving safepoint region
[2023-11-09T11:41:39.258+0000][2372.738s][info ][safepoint     ] Total time for which application threads were stopped: 0.0014827 seconds, Stopping threads took: 0.0007306 seconds
[2023-11-09T11:41:40.259+0000][2373.739s][debug][safepoint     ] Safepoint synchronization initiated. (168 threads)
[2023-11-09T11:41:40.259+0000][2373.740s][info ][safepoint     ] Application time: 1.0006244 seconds
[2023-11-09T11:41:40.260+0000][2373.740s][debug][safepoint     ] ... found polling page return exception at pc = 0x00007fb4f0d709f7, stub =0x00007fb4e8840600
[2023-11-09T11:41:40.260+0000][2373.740s][debug][safepoint     ] ... found polling page return exception at pc = 0x00007fb4f0d709f7, stub =0x00007fb4e8840600
[2023-11-09T11:41:40.260+0000][2373.740s][debug][safepoint     ] ... found polling page return exception at pc = 0x00007fb4f0d709f7, stub =0x00007fb4e8840600
[2023-11-09T11:41:40.260+0000][2373.740s][debug][safepoint     ] ... found polling page return exception at pc = 0x00007fb4f0d709f7, stub =0x00007fb4e8840600
[2023-11-09T11:41:40.260+0000][2373.740s][debug][safepoint     ] ... found polling page return exception at pc = 0x00007fb4f0d709f7, stub =0x00007fb4e8840600
[2023-11-09T11:41:40.260+0000][2373.740s][debug][safepoint     ] ... found polling page return exception at pc = 0x00007fb4f0d709f7, stub =0x00007fb4e8840600
[2023-11-09T11:41:40.260+0000][2373.740s][debug][safepoint     ] ... found polling page return exception at pc = 0x00007fb4f0d709f7, stub =0x00007fb4e8840600
[2023-11-09T11:41:40.263+0000][2373.743s][debug][safepoint     ] Waiting for 7 thread(s) to block
[2023-11-09T11:41:40.263+0000][2373.743s][info ][safepoint     ] Entering safepoint region: Cleanup
[2023-11-09T11:41:40.264+0000][2373.744s][info ][safepoint     ] Leaving safepoint region
[2023-11-09T11:41:40.264+0000][2373.744s][info ][safepoint     ] Total time for which application threads were stopped: 0.0043199 seconds, Stopping threads took: 0.0037442 seconds
[2023-11-09T11:41:41.265+0000][2374.745s][debug][safepoint     ] Safepoint synchronization initiated. (168 threads)
[2023-11-09T11:41:41.275+0000][2374.755s][info ][safepoint     ] Application time: 1.0104913 seconds
[2023-11-09T11:41:41.281+0000][2374.761s][info ][safepoint     ] Entering safepoint region: Cleanup
[2023-11-09T11:41:41.285+0000][2374.766s][info ][safepoint     ] Leaving safepoint region
[2023-11-09T11:41:41.292+0000][2374.772s][info ][safepoint     ] Total time for which application threads were stopped: 0.0102771 seconds, Stopping threads took: 0.0039661 seconds
[2023-11-09T11:41:42.298+0000][2375.778s][debug][safepoint     ] Safepoint synchronization initiated. (168 threads)
[2023-11-09T11:41:42.298+0000][2375.778s][info ][safepoint     ] Application time: 1.0005864 seconds
[2023-11-09T11:41:42.299+0000][2375.779s][info ][safepoint     ] Entering safepoint region: Cleanup
[2023-11-09T11:41:42.299+0000][2375.779s][info ][safepoint     ] Leaving safepoint region
[2023-11-09T11:41:42.299+0000][2375.780s][info ][safepoint     ] Total time for which application threads were stopped: 0.0007514 seconds, Stopping threads took: 0.0003042 seconds
[2023-11-09T11:41:43.300+0000][2376.780s][debug][safepoint     ] Safepoint synchronization initiated. (168 threads)
[2023-11-09T11:41:43.300+0000][2376.780s][info ][safepoint     ] Application time: 1.0005178 seconds
[2023-11-09T11:41:43.301+0000][2376.781s][info ][safepoint     ] Entering safepoint region: Cleanup
[2023-11-09T11:41:43.301+0000][2376.781s][info ][safepoint     ] Leaving safepoint region
[2023-11-09T11:41:43.301+0000][2376.781s][info ][safepoint     ] Total time for which application threads were stopped: 0.0007605 seconds, Stopping threads took: 0.0003233 seconds
[2023-11-09T11:41:44.302+0000][2377.782s][debug][safepoint     ] Safepoint synchronization initiated. (168 threads)
[2023-11-09T11:41:44.302+0000][2377.782s][info ][safepoint     ] Application time: 1.0006116 seconds
[2023-11-09T11:41:44.303+0000][2377.783s][info ][safepoint     ] Entering safepoint region: Cleanup
[2023-11-09T11:41:44.303+0000][2377.783s][info ][safepoint     ] Leaving safepoint region
[2023-11-09T11:41:44.303+0000][2377.783s][info ][safepoint     ] Total time for which application threads were stopped: 0.0007653 seconds, Stopping threads took: 0.0003131 seconds
[2023-11-09T11:41:45.304+0000][2378.784s][debug][safepoint     ] Safepoint synchronization initiated. (168 threads)
[2023-11-09T11:41:45.304+0000][2378.784s][info ][safepoint     ] Application time: 1.0007325 seconds
[2023-11-09T11:41:45.305+0000][2378.785s][info ][safepoint     ] Entering safepoint region: Cleanup
[2023-11-09T11:41:45.305+0000][2378.786s][info ][safepoint     ] Leaving safepoint region
[2023-11-09T11:41:45.306+0000][2378.786s][info ][safepoint     ] Total time for which application threads were stopped: 0.0010095 seconds, Stopping threads took: 0.0003908 seconds
[2023-11-09T11:41:46.306+0000][2379.786s][debug][safepoint     ] Safepoint synchronization initiated. (168 threads)
[2023-11-09T11:41:46.307+0000][2379.787s][info ][safepoint     ] Application time: 1.0006770 seconds
[2023-11-09T11:41:46.307+0000][2379.788s][info ][safepoint     ] Entering safepoint region: Cleanup
[2023-11-09T11:41:46.308+0000][2379.788s][info ][safepoint     ] Leaving safepoint region
[2023-11-09T11:41:46.309+0000][2379.789s][info ][safepoint     ] Total time for which application threads were stopped: 0.0013779 seconds, Stopping threads took: 0.0005180 seconds
[2023-11-09T11:41:47.309+0000][2380.790s][debug][safepoint     ] Safepoint synchronization initiated. (168 threads)
[2023-11-09T11:41:47.310+0000][2380.790s][info ][safepoint     ] Application time: 1.0006640 seconds
[2023-11-09T11:41:47.310+0000][2380.791s][info ][safepoint     ] Entering safepoint region: Cleanup
[2023-11-09T11:41:47.311+0000][2380.791s][info ][safepoint     ] Leaving safepoint region
[2023-11-09T11:41:47.311+0000][2380.791s][info ][safepoint     ] Total time for which application threads were stopped: 0.0009523 seconds, Stopping threads took: 0.0004646 seconds
[2023-11-09T11:41:48.312+0000][2381.792s][debug][safepoint     ] Safepoint synchronization initiated. (168 threads)
[2023-11-09T11:41:48.312+0000][2381.793s][info ][safepoint     ] Application time: 1.0007884 seconds
[2023-11-09T11:41:48.313+0000][2381.793s][info ][safepoint     ] Entering safepoint region: Cleanup
[2023-11-09T11:41:48.313+0000][2381.793s][info ][safepoint     ] Leaving safepoint region
[2023-11-09T11:41:48.314+0000][2381.794s][info ][safepoint     ] Total time for which application threads were stopped: 0.0011946 seconds, Stopping threads took: 0.0003754 seconds
[2023-11-09T11:41:49.314+0000][2382.795s][debug][safepoint     ] Safepoint synchronization initiated. (168 threads)
[2023-11-09T11:41:49.315+0000][2382.795s][info ][safepoint     ] Application time: 1.0007366 seconds
[2023-11-09T11:41:49.315+0000][2382.796s][info ][safepoint     ] Entering safepoint region: Cleanup
[2023-11-09T11:41:49.316+0000][2382.796s][info ][safepoint     ] Leaving safepoint region
[2023-11-09T11:41:49.317+0000][2382.797s][info ][safepoint     ] Total time for which application threads were stopped: 0.0012819 seconds, Stopping threads took: 0.0005888 seconds
[2023-11-09T11:41:50.317+0000][2383.797s][debug][safepoint     ] Safepoint synchronization initiated. (168 threads)
[2023-11-09T11:41:50.318+0000][2383.798s][info ][safepoint     ] Application time: 1.0009811 seconds
[2023-11-09T11:41:50.319+0000][2383.799s][info ][safepoint     ] Entering safepoint region: Cleanup
[2023-11-09T11:41:50.319+0000][2383.799s][info ][safepoint     ] Leaving safepoint region
[2023-11-09T11:41:50.320+0000][2383.800s][info ][safepoint     ] Total time for which application threads were stopped: 0.0010248 seconds, Stopping threads took: 0.0004837 seconds
[2023-11-09T11:41:51.320+0000][2384.800s][debug][safepoint     ] Safepoint synchronization initiated. (168 threads)
[2023-11-09T11:41:51.321+0000][2384.801s][info ][safepoint     ] Application time: 1.0005233 seconds
[2023-11-09T11:41:51.321+0000][2384.801s][info ][safepoint     ] Entering safepoint region: Cleanup
[2023-11-09T11:41:51.321+0000][2384.802s][info ][safepoint     ] Leaving safepoint region
[2023-11-09T11:41:51.322+0000][2384.802s][info ][safepoint     ] Total time for which application threads were stopped: 0.0008142 seconds, Stopping threads took: 0.0003404 seconds
[2023-11-09T11:41:52.322+0000][2385.802s][debug][safepoint     ] Safepoint synchronization initiated. (168 threads)
[2023-11-09T11:41:52.323+0000][2385.803s][info ][safepoint     ] Application time: 1.0011200 seconds
[2023-11-09T11:41:52.324+0000][2385.804s][info ][safepoint     ] Entering safepoint region: Cleanup
[2023-11-09T11:41:52.325+0000][2385.805s][info ][safepoint     ] Leaving safepoint region
[2023-11-09T11:41:52.325+0000][2385.806s][info ][safepoint     ] Total time for which application threads were stopped: 0.0016343 seconds, Stopping threads took: 0.0007374 seconds
[2023-11-09T11:41:53.326+0000][2386.806s][debug][safepoint     ] Safepoint synchronization initiated. (168 threads)
[2023-11-09T11:41:53.327+0000][2386.807s][info ][safepoint     ] Application time: 1.0010771 seconds
[2023-11-09T11:41:53.328+0000][2386.808s][info ][safepoint     ] Entering safepoint region: Cleanup
[2023-11-09T11:41:53.329+0000][2386.809s][info ][safepoint     ] Leaving safepoint region
[2023-11-09T11:41:53.329+0000][2386.809s][info ][safepoint     ] Total time for which application threads were stopped: 0.0013414 seconds, Stopping threads took: 0.0005788 seconds
[2023-11-09T11:41:54.330+0000][2387.810s][debug][safepoint     ] Safepoint synchronization initiated. (168 threads)
[2023-11-09T11:41:54.330+0000][2387.811s][info ][safepoint     ] Application time: 1.0007286 seconds
[2023-11-09T11:41:54.331+0000][2387.811s][info ][safepoint     ] Entering safepoint region: Cleanup
[2023-11-09T11:41:54.332+0000][2387.812s][info ][safepoint     ] Leaving safepoint region
[2023-11-09T11:41:54.332+0000][2387.812s][info ][safepoint     ] Total time for which application threads were stopped: 0.0010911 seconds, Stopping threads took: 0.0005496 seconds
[2023-11-09T11:41:55.332+0000][2388.813s][debug][safepoint     ] Safepoint synchronization initiated. (168 threads)
[2023-11-09T11:41:55.333+0000][2388.813s][info ][safepoint     ] Application time: 1.0006581 seconds
[2023-11-09T11:41:55.333+0000][2388.814s][info ][safepoint     ] Entering safepoint region: Cleanup
[2023-11-09T11:41:55.334+0000][2388.814s][info ][safepoint     ] Leaving safepoint region
[2023-11-09T11:41:55.335+0000][2388.815s][info ][safepoint     ] Total time for which application threads were stopped: 0.0011691 seconds, Stopping threads took: 0.0004677 seconds
[2023-11-09T11:41:56.335+0000][2389.815s][debug][safepoint     ] Safepoint synchronization initiated. (168 threads)
[2023-11-09T11:41:56.336+0000][2389.816s][info ][safepoint     ] Application time: 1.0004506 seconds
[2023-11-09T11:41:56.336+0000][2389.816s][info ][safepoint     ] Entering safepoint region: Cleanup
[2023-11-09T11:41:56.336+0000][2389.816s][info ][safepoint     ] Leaving safepoint region
[2023-11-09T11:41:56.337+0000][2389.817s][info ][safepoint     ] Total time for which application threads were stopped: 0.0006908 seconds, Stopping threads took: 0.0002808 seconds
[2023-11-09T11:41:57.337+0000][2390.817s][debug][safepoint     ] Safepoint synchronization initiated. (168 threads)
[2023-11-09T11:41:57.338+0000][2390.818s][info ][safepoint     ] Application time: 1.0009498 seconds
[2023-11-09T11:41:57.338+0000][2390.819s][info ][safepoint     ] Entering safepoint region: Cleanup
[2023-11-09T11:41:57.339+0000][2390.819s][info ][safepoint     ] Leaving safepoint region
[2023-11-09T11:41:57.340+0000][2390.820s][info ][safepoint     ] Total time for which application threads were stopped: 0.0014089 seconds, Stopping threads took: 0.0005852 seconds
[2023-11-09T11:41:58.341+0000][2391.821s][debug][safepoint     ] Safepoint synchronization initiated. (168 threads)
[2023-11-09T11:41:58.341+0000][2391.822s][info ][safepoint     ] Application time: 1.0010445 seconds
[2023-11-09T11:41:58.342+0000][2391.822s][info ][safepoint     ] Entering safepoint region: Cleanup
[2023-11-09T11:41:58.343+0000][2391.823s][info ][safepoint     ] Leaving safepoint region
[2023-11-09T11:41:58.344+0000][2391.824s][info ][safepoint     ] Total time for which application threads were stopped: 0.0016126 seconds, Stopping threads took: 0.0007204 seconds
[2023-11-09T11:41:59.345+0000][2392.825s][debug][safepoint     ] Safepoint synchronization initiated. (168 threads)
[2023-11-09T11:41:59.345+0000][2392.825s][info ][safepoint     ] Application time: 1.0009606 seconds
[2023-11-09T11:41:59.346+0000][2392.826s][info ][safepoint     ] Entering safepoint region: Cleanup
[2023-11-09T11:41:59.347+0000][2392.827s][info ][safepoint     ] Leaving safepoint region
[2023-11-09T11:41:59.347+0000][2392.827s][info ][safepoint     ] Total time for which application threads were stopped: 0.0012458 seconds, Stopping threads took: 0.0006425 seconds
[2023-11-09T11:42:00.348+0000][2393.828s][debug][safepoint     ] Safepoint synchronization initiated. (168 threads)
[2023-11-09T11:42:00.349+0000][2393.829s][info ][safepoint     ] Application time: 1.0014490 seconds
[2023-11-09T11:42:00.350+0000][2393.831s][info ][safepoint     ] Entering safepoint region: Cleanup
[2023-11-09T11:42:00.352+0000][2393.832s][info ][safepoint     ] Leaving safepoint region
[2023-11-09T11:42:00.352+0000][2393.833s][info ][safepoint     ] Total time for which application threads were stopped: 0.0020895 seconds, Stopping threads took: 0.0008102 seconds
[2023-11-09T11:42:01.353+0000][2394.834s][debug][safepoint     ] Safepoint synchronization initiated. (168 threads)
[2023-11-09T11:42:01.354+0000][2394.834s][info ][safepoint     ] Application time: 1.0008437 seconds
[2023-11-09T11:42:01.355+0000][2394.835s][info ][safepoint     ] Entering safepoint region: Cleanup
[2023-11-09T11:42:01.355+0000][2394.835s][info ][safepoint     ] Leaving safepoint region
[2023-11-09T11:42:01.356+0000][2394.836s][info ][safepoint     ] Total time for which application threads were stopped: 0.0011644 seconds, Stopping threads took: 0.0005218 seconds
[2023-11-09T11:42:02.356+0000][2395.837s][debug][safepoint     ] Safepoint synchronization initiated. (168 threads)
[2023-11-09T11:42:02.357+0000][2395.838s][info ][safepoint     ] Application time: 1.0012417 seconds
[2023-11-09T11:42:02.358+0000][2395.839s][info ][safepoint     ] Entering safepoint region: Cleanup
[2023-11-09T11:42:02.359+0000][2395.840s][info ][safepoint     ] Leaving safepoint region
[2023-11-09T11:42:02.360+0000][2395.840s][info ][safepoint     ] Total time for which application threads were stopped: 0.0016722 seconds, Stopping threads took: 0.0007265 seconds
[2023-11-09T11:42:03.361+0000][2396.841s][debug][safepoint     ] Safepoint synchronization initiated. (168 threads)
[2023-11-09T11:42:03.362+0000][2396.842s][info ][safepoint     ] Application time: 1.0010200 seconds
[2023-11-09T11:42:03.363+0000][2396.843s][info ][safepoint     ] Entering safepoint region: Cleanup
[2023-11-09T11:42:03.364+0000][2396.844s][info ][safepoint     ] Leaving safepoint region
[2023-11-09T11:42:03.364+0000][2396.844s][info ][safepoint     ] Total time for which application threads were stopped: 0.0016694 seconds, Stopping threads took: 0.0007142 seconds
[2023-11-09T11:42:04.365+0000][2397.845s][debug][safepoint     ] Safepoint synchronization initiated. (168 threads)
[2023-11-09T11:42:04.366+0000][2397.846s][info ][safepoint     ] Application time: 1.0011887 seconds
[2023-11-09T11:42:04.367+0000][2397.847s][info ][safepoint     ] Entering safepoint region: Cleanup
[2023-11-09T11:42:04.368+0000][2397.848s][info ][safepoint     ] Leaving safepoint region
[2023-11-09T11:42:04.369+0000][2397.849s][info ][safepoint     ] Total time for which application threads were stopped: 0.0016627 seconds, Stopping threads took: 0.0008358 seconds
[2023-11-09T11:42:05.369+0000][2398.849s][debug][safepoint     ] Safepoint synchronization initiated. (168 threads)
[2023-11-09T11:42:05.371+0000][2398.851s][info ][safepoint     ] Application time: 1.0015185 seconds
[2023-11-09T11:42:05.372+0000][2398.852s][info ][safepoint     ] Entering safepoint region: Cleanup
[2023-11-09T11:42:05.373+0000][2398.853s][info ][safepoint     ] Leaving safepoint region
[2023-11-09T11:42:05.373+0000][2398.854s][info ][safepoint     ] Total time for which application threads were stopped: 0.0018591 seconds, Stopping threads took: 0.0008342 seconds
[2023-11-09T11:42:06.374+0000][2399.855s][debug][safepoint     ] Safepoint synchronization initiated. (168 threads)
[2023-11-09T11:42:06.375+0000][2399.855s][info ][safepoint     ] Application time: 1.0011046 seconds
[2023-11-09T11:42:06.376+0000][2399.856s][info ][safepoint     ] Entering safepoint region: Cleanup
[2023-11-09T11:42:06.377+0000][2399.857s][info ][safepoint     ] Leaving safepoint region
[2023-11-09T11:42:06.378+0000][2399.858s][info ][safepoint     ] Total time for which application threads were stopped: 0.0016550 seconds, Stopping threads took: 0.0008012 seconds
[2023-11-09T11:42:07.378+0000][2400.859s][debug][safepoint     ] Safepoint synchronization initiated. (168 threads)
[2023-11-09T11:42:07.379+0000][2400.859s][info ][safepoint     ] Application time: 1.0005952 seconds
[2023-11-09T11:42:07.379+0000][2400.859s][info ][safepoint     ] Entering safepoint region: Cleanup
[2023-11-09T11:42:07.380+0000][2400.860s][info ][safepoint     ] Leaving safepoint region
[2023-11-09T11:42:07.380+0000][2400.860s][info ][safepoint     ] Total time for which application threads were stopped: 0.0011072 seconds, Stopping threads took: 0.0003621 seconds
[2023-11-09T11:42:08.381+0000][2401.861s][debug][safepoint     ] Safepoint synchronization initiated. (168 threads)
[2023-11-09T11:42:08.381+0000][2401.862s][info ][safepoint     ] Application time: 1.0006561 seconds
[2023-11-09T11:42:08.382+0000][2401.862s][info ][safepoint     ] Entering safepoint region: Cleanup
[2023-11-09T11:42:08.382+0000][2401.863s][info ][safepoint     ] Leaving safepoint region
[2023-11-09T11:42:08.383+0000][2401.863s][info ][safepoint     ] Total time for which application threads were stopped: 0.0009161 seconds, Stopping threads took: 0.0004431 seconds
[2023-11-09T11:42:09.383+0000][2402.863s][debug][safepoint     ] Safepoint synchronization initiated. (168 threads)
[2023-11-09T11:42:09.384+0000][2402.864s][info ][safepoint     ] Application time: 1.0008984 seconds
[2023-11-09T11:42:09.384+0000][2402.865s][info ][safepoint     ] Entering safepoint region: Cleanup
[2023-11-09T11:42:09.385+0000][2402.866s][info ][safepoint     ] Leaving safepoint region
[2023-11-09T11:42:09.386+0000][2402.866s][info ][safepoint     ] Total time for which application threads were stopped: 0.0014478 seconds, Stopping threads took: 0.0006206 seconds
[2023-11-09T11:42:10.386+0000][2403.867s][debug][safepoint     ] Safepoint synchronization initiated. (168 threads)
[2023-11-09T11:42:10.387+0000][2403.867s][info ][safepoint     ] Application time: 1.0006004 seconds
[2023-11-09T11:42:10.387+0000][2403.868s][info ][safepoint     ] Entering safepoint region: Cleanup
[2023-11-09T11:42:10.388+0000][2403.868s][info ][safepoint     ] Leaving safepoint region
[2023-11-09T11:42:10.388+0000][2403.868s][info ][safepoint     ] Total time for which application threads were stopped: 0.0008601 seconds, Stopping threads took: 0.0004083 seconds
[2023-11-09T11:42:11.388+0000][2404.869s][debug][safepoint     ] Safepoint synchronization initiated. (168 threads)
[2023-11-09T11:42:11.389+0000][2404.869s][info ][safepoint     ] Application time: 1.0007705 seconds
[2023-11-09T11:42:11.390+0000][2404.870s][info ][safepoint     ] Entering safepoint region: Cleanup
[2023-11-09T11:42:11.390+0000][2404.871s][info ][safepoint     ] Leaving safepoint region
[2023-11-09T11:42:11.391+0000][2404.871s][info ][safepoint     ] Total time for which application threads were stopped: 0.0012627 seconds, Stopping threads took: 0.0005924 seconds
[2023-11-09T11:42:12.392+0000][2405.872s][debug][safepoint     ] Safepoint synchronization initiated. (168 threads)
[2023-11-09T11:42:12.393+0000][2405.873s][info ][safepoint     ] Application time: 1.0012852 seconds
[2023-11-09T11:42:12.393+0000][2405.874s][info ][safepoint     ] Entering safepoint region: Cleanup
[2023-11-09T11:42:12.395+0000][2405.875s][info ][safepoint     ] Leaving safepoint region
[2023-11-09T11:42:12.395+0000][2405.876s][info ][safepoint     ] Total time for which application threads were stopped: 0.0018181 seconds, Stopping threads took: 0.0007907 seconds
[2023-11-09T11:42:13.396+0000][2406.877s][debug][safepoint     ] Safepoint synchronization initiated. (168 threads)
[2023-11-09T11:42:13.398+0000][2406.878s][info ][safepoint     ] Application time: 1.0017980 seconds
[2023-11-09T11:42:13.399+0000][2406.879s][info ][safepoint     ] Entering safepoint region: Cleanup
[2023-11-09T11:42:13.400+0000][2406.880s][info ][safepoint     ] Leaving safepoint region
[2023-11-09T11:42:13.400+0000][2406.881s][info ][safepoint     ] Total time for which application threads were stopped: 0.0017401 seconds, Stopping threads took: 0.0007166 seconds
[2023-11-09T11:42:14.401+0000][2407.882s][debug][safepoint     ] Safepoint synchronization initiated. (168 threads)
[2023-11-09T11:42:14.402+0000][2407.883s][info ][safepoint     ] Application time: 1.0013371 seconds
[2023-11-09T11:42:14.403+0000][2407.884s][info ][safepoint     ] Entering safepoint region: Cleanup
[2023-11-09T11:42:14.404+0000][2407.885s][info ][safepoint     ] Leaving safepoint region
[2023-11-09T11:42:14.405+0000][2407.885s][info ][safepoint     ] Total time for which application threads were stopped: 0.0017729 seconds, Stopping threads took: 0.0008596 seconds
[2023-11-09T11:42:15.406+0000][2408.886s][debug][safepoint     ] Safepoint synchronization initiated. (168 threads)
[2023-11-09T11:42:15.407+0000][2408.888s][info ][safepoint     ] Application time: 1.0013954 seconds
[2023-11-09T11:42:15.408+0000][2408.888s][info ][safepoint     ] Entering safepoint region: Cleanup
[2023-11-09T11:42:15.409+0000][2408.890s][info ][safepoint     ] Leaving safepoint region
[2023-11-09T11:42:15.410+0000][2408.890s][info ][safepoint     ] Total time for which application threads were stopped: 0.0019609 seconds, Stopping threads took: 0.0008916 seconds
[2023-11-09T11:42:16.411+0000][2409.891s][debug][safepoint     ] Safepoint synchronization initiated. (168 threads)
[2023-11-09T11:42:16.412+0000][2409.892s][info ][safepoint     ] Application time: 1.0013736 seconds
[2023-11-09T11:42:16.413+0000][2409.893s][info ][safepoint     ] Entering safepoint region: Cleanup
[2023-11-09T11:42:16.414+0000][2409.894s][info ][safepoint     ] Leaving safepoint region
[2023-11-09T11:42:16.415+0000][2409.895s][info ][safepoint     ] Total time for which application threads were stopped: 0.0019783 seconds, Stopping threads took: 0.0008950 seconds
[2023-11-09T11:42:17.416+0000][2410.896s][debug][safepoint     ] Safepoint synchronization initiated. (168 threads)
[2023-11-09T11:42:17.417+0000][2410.897s][info ][safepoint     ] Application time: 1.0013345 seconds
[2023-11-09T11:42:17.418+0000][2410.898s][info ][safepoint     ] Entering safepoint region: Cleanup
[2023-11-09T11:42:17.419+0000][2410.900s][info ][safepoint     ] Leaving safepoint region
[2023-11-09T11:42:17.420+0000][2410.900s][info ][safepoint     ] Total time for which application threads were stopped: 0.0020139 seconds, Stopping threads took: 0.0009457 seconds
[2023-11-09T11:42:18.421+0000][2411.901s][debug][safepoint     ] Safepoint synchronization initiated. (168 threads)
[2023-11-09T11:42:18.421+0000][2411.902s][info ][safepoint     ] Application time: 1.0006702 seconds
[2023-11-09T11:42:18.422+0000][2411.902s][info ][safepoint     ] Entering safepoint region: Cleanup
[2023-11-09T11:42:18.422+0000][2411.903s][info ][safepoint     ] Leaving safepoint region
[2023-11-09T11:42:18.423+0000][2411.903s][info ][safepoint     ] Total time for which application threads were stopped: 0.0009374 seconds, Stopping threads took: 0.0003936 seconds
[2023-11-09T11:42:19.423+0000][2412.904s][debug][safepoint     ] Safepoint synchronization initiated. (168 threads)
[2023-11-09T11:42:19.425+0000][2412.905s][info ][safepoint     ] Application time: 1.0014942 seconds
[2023-11-09T11:42:19.426+0000][2412.906s][info ][safepoint     ] Entering safepoint region: Cleanup
[2023-11-09T11:42:19.427+0000][2412.907s][info ][safepoint     ] Leaving safepoint region
[2023-11-09T11:42:19.428+0000][2412.908s][info ][safepoint     ] Total time for which application threads were stopped: 0.0019545 seconds, Stopping threads took: 0.0008721 seconds
[2023-11-09T11:42:20.428+0000][2413.909s][debug][safepoint     ] Safepoint synchronization initiated. (168 threads)
[2023-11-09T11:42:20.429+0000][2413.910s][info ][safepoint     ] Application time: 1.0009655 seconds
[2023-11-09T11:42:20.430+0000][2413.910s][info ][safepoint     ] Entering safepoint region: Cleanup
[2023-11-09T11:42:20.431+0000][2413.911s][info ][safepoint     ] Leaving safepoint region
[2023-11-09T11:42:20.431+0000][2413.911s][info ][safepoint     ] Total time for which application threads were stopped: 0.0013189 seconds, Stopping threads took: 0.0005750 seconds
[2023-11-09T11:42:21.432+0000][2414.912s][debug][safepoint     ] Safepoint synchronization initiated. (168 threads)
[2023-11-09T11:42:21.432+0000][2414.913s][info ][safepoint     ] Application time: 1.0007637 seconds
[2023-11-09T11:42:21.433+0000][2414.913s][info ][safepoint     ] Entering safepoint region: Cleanup
[2023-11-09T11:42:21.434+0000][2414.914s][info ][safepoint     ] Leaving safepoint region
[2023-11-09T11:42:21.434+0000][2414.914s][info ][safepoint     ] Total time for which application threads were stopped: 0.0011835 seconds, Stopping threads took: 0.0004686 seconds
[2023-11-09T11:42:22.435+0000][2415.915s][debug][safepoint     ] Safepoint synchronization initiated. (168 threads)
[2023-11-09T11:42:22.435+0000][2415.916s][info ][safepoint     ] Application time: 1.0010528 seconds
[2023-11-09T11:42:22.436+0000][2415.917s][info ][safepoint     ] Entering safepoint region: Cleanup
[2023-11-09T11:42:22.437+0000][2415.918s][info ][safepoint     ] Leaving safepoint region
[2023-11-09T11:42:22.438+0000][2415.918s][info ][safepoint     ] Total time for which application threads were stopped: 0.0016734 seconds, Stopping threads took: 0.0006159 seconds
[2023-11-09T11:42:23.439+0000][2416.919s][debug][safepoint     ] Safepoint synchronization initiated. (168 threads)
[2023-11-09T11:42:23.439+0000][2416.920s][info ][safepoint     ] Application time: 1.0007003 seconds
[2023-11-09T11:42:23.440+0000][2416.920s][info ][safepoint     ] Entering safepoint region: Cleanup
[2023-11-09T11:42:23.440+0000][2416.921s][info ][safepoint     ] Leaving safepoint region
[2023-11-09T11:42:23.441+0000][2416.921s][info ][safepoint     ] Total time for which application threads were stopped: 0.0009511 seconds, Stopping threads took: 0.0004135 seconds
[2023-11-09T11:42:24.441+0000][2417.922s][debug][safepoint     ] Safepoint synchronization initiated. (168 threads)
[2023-11-09T11:42:24.442+0000][2417.922s][info ][safepoint     ] Application time: 1.0008614 seconds
[2023-11-09T11:42:24.442+0000][2417.923s][info ][safepoint     ] Entering safepoint region: Cleanup
[2023-11-09T11:42:24.443+0000][2417.923s][info ][safepoint     ] Leaving safepoint region
[2023-11-09T11:42:24.443+0000][2417.924s][info ][safepoint     ] Total time for which application threads were stopped: 0.0009417 seconds, Stopping threads took: 0.0004446 seconds
[2023-11-09T11:42:25.444+0000][2418.924s][debug][safepoint     ] Safepoint synchronization initiated. (168 threads)
[2023-11-09T11:42:25.445+0000][2418.925s][info ][safepoint     ] Application time: 1.0012746 seconds
[2023-11-09T11:42:25.446+0000][2418.926s][info ][safepoint     ] Entering safepoint region: Cleanup
[2023-11-09T11:42:25.447+0000][2418.927s][info ][safepoint     ] Leaving safepoint region
[2023-11-09T11:42:25.447+0000][2418.928s][info ][safepoint     ] Total time for which application threads were stopped: 0.0018878 seconds, Stopping threads took: 0.0008146 seconds
[2023-11-09T11:42:26.448+0000][2419.929s][debug][safepoint     ] Safepoint synchronization initiated. (168 threads)
[2023-11-09T11:42:26.449+0000][2419.930s][info ][safepoint     ] Application time: 1.0011718 seconds
[2023-11-09T11:42:26.450+0000][2419.931s][info ][safepoint     ] Entering safepoint region: Cleanup
[2023-11-09T11:42:26.451+0000][2419.931s][info ][safepoint     ] Leaving safepoint region
[2023-11-09T11:42:26.452+0000][2419.932s][info ][safepoint     ] Total time for which application threads were stopped: 0.0016170 seconds, Stopping threads took: 0.0006354 seconds
[2023-11-09T11:42:27.452+0000][2420.933s][debug][safepoint     ] Safepoint synchronization initiated. (168 threads)
[2023-11-09T11:42:27.453+0000][2420.933s][info ][safepoint     ] Application time: 1.0007122 seconds
[2023-11-09T11:42:27.453+0000][2420.934s][info ][safepoint     ] Entering safepoint region: Cleanup
[2023-11-09T11:42:27.454+0000][2420.934s][info ][safepoint     ] Leaving safepoint region
[2023-11-09T11:42:27.454+0000][2420.935s][info ][safepoint     ] Total time for which application threads were stopped: 0.0008666 seconds, Stopping threads took: 0.0003614 seconds
[2023-11-09T11:42:28.455+0000][2421.935s][debug][safepoint     ] Safepoint synchronization initiated. (168 threads)
[2023-11-09T11:42:28.455+0000][2421.936s][info ][safepoint     ] Application time: 1.0007791 seconds
[2023-11-09T11:42:28.456+0000][2421.936s][info ][safepoint     ] Entering safepoint region: Cleanup
[2023-11-09T11:42:28.457+0000][2421.937s][info ][safepoint     ] Leaving safepoint region
[2023-11-09T11:42:28.457+0000][2421.938s][info ][safepoint     ] Total time for which application threads were stopped: 0.0012878 seconds, Stopping threads took: 0.0005501 seconds
[2023-11-09T11:42:29.458+0000][2422.938s][debug][safepoint     ] Safepoint synchronization initiated. (168 threads)
[2023-11-09T11:42:29.459+0000][2422.939s][info ][safepoint     ] Application time: 1.0010372 seconds
[2023-11-09T11:42:29.459+0000][2422.940s][info ][safepoint     ] Entering safepoint region: Cleanup
[2023-11-09T11:42:29.461+0000][2422.941s][info ][safepoint     ] Leaving safepoint region
[2023-11-09T11:42:29.461+0000][2422.941s][info ][safepoint     ] Total time for which application threads were stopped: 0.0016622 seconds, Stopping threads took: 0.0008235 seconds
[2023-11-09T11:42:30.462+0000][2423.942s][debug][safepoint     ] Safepoint synchronization initiated. (168 threads)
[2023-11-09T11:42:30.463+0000][2423.943s][info ][safepoint     ] Application time: 1.0008331 seconds
[2023-11-09T11:42:30.463+0000][2423.943s][info ][safepoint     ] Entering safepoint region: Cleanup
[2023-11-09T11:42:30.463+0000][2423.944s][info ][safepoint     ] Leaving safepoint region
[2023-11-09T11:42:30.464+0000][2423.944s][info ][safepoint     ] Total time for which application threads were stopped: 0.0009399 seconds, Stopping threads took: 0.0003700 seconds
[2023-11-09T11:42:31.464+0000][2424.945s][debug][safepoint     ] Safepoint synchronization initiated. (168 threads)
[2023-11-09T11:42:31.465+0000][2424.945s][info ][safepoint     ] Application time: 1.0007488 seconds
[2023-11-09T11:42:31.465+0000][2424.946s][info ][safepoint     ] Entering safepoint region: Cleanup
[2023-11-09T11:42:31.466+0000][2424.946s][info ][safepoint     ] Leaving safepoint region
[2023-11-09T11:42:31.466+0000][2424.947s][info ][safepoint     ] Total time for which application threads were stopped: 0.0010528 seconds, Stopping threads took: 0.0004465 seconds
[2023-11-09T11:42:32.467+0000][2425.947s][debug][safepoint     ] Safepoint synchronization initiated. (168 threads)
[2023-11-09T11:42:32.468+0000][2425.948s][info ][safepoint     ] Application time: 1.0007674 seconds
[2023-11-09T11:42:32.468+0000][2425.949s][info ][safepoint     ] Entering safepoint region: Cleanup
[2023-11-09T11:42:32.469+0000][2425.949s][info ][safepoint     ] Leaving safepoint region
[2023-11-09T11:42:32.470+0000][2425.950s][info ][safepoint     ] Total time for which application threads were stopped: 0.0013682 seconds, Stopping threads took: 0.0005848 seconds
[2023-11-09T11:42:33.470+0000][2426.951s][debug][safepoint     ] Safepoint synchronization initiated. (168 threads)
[2023-11-09T11:42:33.472+0000][2426.952s][info ][safepoint     ] Application time: 1.0014668 seconds
[2023-11-09T11:42:33.473+0000][2426.953s][info ][safepoint     ] Entering safepoint region: Cleanup
[2023-11-09T11:42:33.473+0000][2426.954s][info ][safepoint     ] Leaving safepoint region
[2023-11-09T11:42:33.474+0000][2426.955s][info ][safepoint     ] Total time for which application threads were stopped: 0.0016396 seconds, Stopping threads took: 0.0006421 seconds
[2023-11-09T11:42:34.475+0000][2427.955s][debug][safepoint     ] Safepoint synchronization initiated. (168 threads)
[2023-11-09T11:42:34.476+0000][2427.956s][info ][safepoint     ] Application time: 1.0012943 seconds
[2023-11-09T11:42:34.477+0000][2427.957s][debug][safepoint     ] ... found polling page loop exception at pc = 0x00007fb4f1424552, stub =0x00007fb4e8843680
[2023-11-09T11:42:34.477+0000][2427.957s][debug][safepoint     ] ... found polling page return exception at pc = 0x00007fb4f0d709f7, stub =0x00007fb4e8840600
[2023-11-09T11:42:34.478+0000][2427.959s][debug][safepoint     ] Waiting for 2 thread(s) to block
[2023-11-09T11:42:34.480+0000][2427.960s][info ][safepoint     ] Entering safepoint region: Cleanup
[2023-11-09T11:42:34.481+0000][2427.961s][info ][safepoint     ] Leaving safepoint region
[2023-11-09T11:42:34.481+0000][2427.962s][info ][safepoint     ] Total time for which application threads were stopped: 0.0042944 seconds, Stopping threads took: 0.0034007 seconds
[2023-11-09T11:42:35.482+0000][2428.963s][debug][safepoint     ] Safepoint synchronization initiated. (168 threads)
[2023-11-09T11:42:35.483+0000][2428.963s][info ][safepoint     ] Application time: 1.0010332 seconds
[2023-11-09T11:42:35.483+0000][2428.964s][info ][safepoint     ] Entering safepoint region: Cleanup
[2023-11-09T11:42:35.484+0000][2428.965s][info ][safepoint     ] Leaving safepoint region
[2023-11-09T11:42:35.485+0000][2428.965s][info ][safepoint     ] Total time for which application threads were stopped: 0.0015599 seconds, Stopping threads took: 0.0006806 seconds
[2023-11-09T11:42:36.486+0000][2429.966s][debug][safepoint     ] Safepoint synchronization initiated. (168 threads)
[2023-11-09T11:42:36.486+0000][2429.967s][info ][safepoint     ] Application time: 1.0009782 seconds
[2023-11-09T11:42:36.487+0000][2429.968s][info ][safepoint     ] Entering safepoint region: Cleanup
[2023-11-09T11:42:36.488+0000][2429.969s][info ][safepoint     ] Leaving safepoint region
[2023-11-09T11:42:36.489+0000][2429.969s][info ][safepoint     ] Total time for which application threads were stopped: 0.0016713 seconds, Stopping threads took: 0.0007598 seconds
[2023-11-09T11:42:37.490+0000][2430.970s][debug][safepoint     ] Safepoint synchronization initiated. (168 threads)
[2023-11-09T11:42:37.490+0000][2430.971s][info ][safepoint     ] Application time: 1.0007184 seconds
[2023-11-09T11:42:37.491+0000][2430.971s][info ][safepoint     ] Entering safepoint region: Cleanup
[2023-11-09T11:42:37.491+0000][2430.972s][info ][safepoint     ] Leaving safepoint region
[2023-11-09T11:42:37.492+0000][2430.972s][info ][safepoint     ] Total time for which application threads were stopped: 0.0010653 seconds, Stopping threads took: 0.0004538 seconds
[2023-11-09T11:42:38.492+0000][2431.973s][debug][safepoint     ] Safepoint synchronization initiated. (168 threads)
[2023-11-09T11:42:38.493+0000][2431.973s][info ][safepoint     ] Application time: 1.0009599 seconds
[2023-11-09T11:42:38.493+0000][2431.974s][info ][safepoint     ] Entering safepoint region: Cleanup
[2023-11-09T11:42:38.494+0000][2431.975s][info ][safepoint     ] Leaving safepoint region
[2023-11-09T11:42:38.495+0000][2431.975s][info ][safepoint     ] Total time for which application threads were stopped: 0.0012984 seconds, Stopping threads took: 0.0005762 seconds
[2023-11-09T11:42:39.495+0000][2432.976s][debug][safepoint     ] Safepoint synchronization initiated. (168 threads)
[2023-11-09T11:42:39.496+0000][2432.977s][info ][safepoint     ] Application time: 1.0010669 seconds
[2023-11-09T11:42:39.497+0000][2432.978s][info ][safepoint     ] Entering safepoint region: Cleanup
[2023-11-09T11:42:39.498+0000][2432.978s][info ][safepoint     ] Leaving safepoint region
[2023-11-09T11:42:39.499+0000][2432.979s][info ][safepoint     ] Total time for which application threads were stopped: 0.0016266 seconds, Stopping threads took: 0.0007494 seconds
[2023-11-09T11:42:40.499+0000][2433.980s][debug][safepoint     ] Safepoint synchronization initiated. (168 threads)
[2023-11-09T11:42:40.500+0000][2433.980s][info ][safepoint     ] Application time: 1.0007364 seconds
[2023-11-09T11:42:40.500+0000][2433.981s][info ][safepoint     ] Entering safepoint region: Cleanup
[2023-11-09T11:42:40.501+0000][2433.982s][info ][safepoint     ] Leaving safepoint region
[2023-11-09T11:42:40.502+0000][2433.982s][info ][safepoint     ] Total time for which application threads were stopped: 0.0012128 seconds, Stopping threads took: 0.0005236 seconds
[2023-11-09T11:42:40.501+0000][2433.982s][debug][safepoint     ] ... found polling page return exception at pc = 0x00007fb4f0d6dc84, stub =0x00007fb4e8840600
[2023-11-09T11:42:40.501+0000][2433.982s][debug][safepoint     ] ... found polling page return exception at pc = 0x00007fb4f0d6dc84, stub =0x00007fb4e8840600
[2023-11-09T11:42:41.502+0000][2434.983s][debug][safepoint     ] Safepoint synchronization initiated. (168 threads)
[2023-11-09T11:42:41.503+0000][2434.983s][info ][safepoint     ] Application time: 1.0006927 seconds
[2023-11-09T11:42:41.503+0000][2434.984s][info ][safepoint     ] Entering safepoint region: Cleanup
[2023-11-09T11:42:41.504+0000][2434.984s][info ][safepoint     ] Leaving safepoint region
[2023-11-09T11:42:41.504+0000][2434.985s][info ][safepoint     ] Total time for which application threads were stopped: 0.0010631 seconds, Stopping threads took: 0.0004595 seconds
[2023-11-09T11:42:42.505+0000][2435.985s][debug][safepoint     ] Safepoint synchronization initiated. (168 threads)
[2023-11-09T11:42:42.506+0000][2435.986s][info ][safepoint     ] Application time: 1.0011667 seconds
[2023-11-09T11:42:42.507+0000][2435.987s][info ][safepoint     ] Entering safepoint region: Cleanup
[2023-11-09T11:42:42.508+0000][2435.988s][info ][safepoint     ] Leaving safepoint region
[2023-11-09T11:42:42.509+0000][2435.989s][info ][safepoint     ] Total time for which application threads were stopped: 0.0017449 seconds, Stopping threads took: 0.0008500 seconds
[2023-11-09T11:42:43.509+0000][2436.990s][debug][safepoint     ] Safepoint synchronization initiated. (168 threads)
[2023-11-09T11:42:43.510+0000][2436.990s][info ][safepoint     ] Application time: 1.0006832 seconds
[2023-11-09T11:42:43.510+0000][2436.991s][info ][safepoint     ] Entering safepoint region: Cleanup
[2023-11-09T11:42:43.511+0000][2436.991s][info ][safepoint     ] Leaving safepoint region
[2023-11-09T11:42:43.511+0000][2436.992s][info ][safepoint     ] Total time for which application threads were stopped: 0.0010546 seconds, Stopping threads took: 0.0005076 seconds
[2023-11-09T11:42:44.512+0000][2437.992s][debug][safepoint     ] Safepoint synchronization initiated. (168 threads)
[2023-11-09T11:42:44.513+0000][2437.993s][info ][safepoint     ] Application time: 1.0007442 seconds
[2023-11-09T11:42:44.513+0000][2437.994s][info ][safepoint     ] Entering safepoint region: Cleanup
[2023-11-09T11:42:44.514+0000][2437.995s][info ][safepoint     ] Leaving safepoint region
[2023-11-09T11:42:44.515+0000][2437.996s][info ][safepoint     ] Total time for which application threads were stopped: 0.0017657 seconds, Stopping threads took: 0.0005877 seconds
[2023-11-09T11:42:45.516+0000][2438.996s][debug][safepoint     ] Safepoint synchronization initiated. (168 threads)
[2023-11-09T11:42:45.516+0000][2438.997s][info ][safepoint     ] Application time: 1.0006494 seconds
[2023-11-09T11:42:45.517+0000][2438.997s][info ][safepoint     ] Entering safepoint region: Cleanup
[2023-11-09T11:42:45.517+0000][2438.997s][info ][safepoint     ] Leaving safepoint region
[2023-11-09T11:42:45.517+0000][2438.998s][info ][safepoint     ] Total time for which application threads were stopped: 0.0007484 seconds, Stopping threads took: 0.0003118 seconds
[2023-11-09T11:42:46.518+0000][2439.998s][debug][safepoint     ] Safepoint synchronization initiated. (168 threads)
[2023-11-09T11:42:46.519+0000][2439.999s][info ][safepoint     ] Application time: 1.0008569 seconds
[2023-11-09T11:42:46.519+0000][2440.000s][info ][safepoint     ] Entering safepoint region: Cleanup
[2023-11-09T11:42:46.520+0000][2440.000s][info ][safepoint     ] Leaving safepoint region
[2023-11-09T11:42:46.520+0000][2440.001s][info ][safepoint     ] Total time for which application threads were stopped: 0.0012046 seconds, Stopping threads took: 0.0006170 seconds
[2023-11-09T11:42:47.521+0000][2441.001s][debug][safepoint     ] Safepoint synchronization initiated. (168 threads)
[2023-11-09T11:42:47.521+0000][2441.002s][info ][safepoint     ] Application time: 1.0006811 seconds
[2023-11-09T11:42:47.522+0000][2441.002s][info ][safepoint     ] Entering safepoint region: Cleanup
[2023-11-09T11:42:47.522+0000][2441.003s][info ][safepoint     ] Leaving safepoint region
[2023-11-09T11:42:47.523+0000][2441.003s][info ][safepoint     ] Total time for which application threads were stopped: 0.0008502 seconds, Stopping threads took: 0.0003614 seconds
[2023-11-09T11:42:48.523+0000][2442.004s][debug][safepoint     ] Safepoint synchronization initiated. (168 threads)
[2023-11-09T11:42:48.524+0000][2442.005s][info ][safepoint     ] Application time: 1.0013755 seconds
[2023-11-09T11:42:48.525+0000][2442.006s][info ][safepoint     ] Entering safepoint region: Cleanup
[2023-11-09T11:42:48.526+0000][2442.007s][info ][safepoint     ] Leaving safepoint region
[2023-11-09T11:42:48.527+0000][2442.007s][info ][safepoint     ] Total time for which application threads were stopped: 0.0015834 seconds, Stopping threads took: 0.0007596 seconds
[2023-11-09T11:42:49.528+0000][2443.008s][debug][safepoint     ] Safepoint synchronization initiated. (168 threads)
[2023-11-09T11:42:49.528+0000][2443.009s][info ][safepoint     ] Application time: 1.0007766 seconds
[2023-11-09T11:42:49.528+0000][2443.009s][info ][safepoint     ] Entering safepoint region: Cleanup
[2023-11-09T11:42:49.529+0000][2443.010s][info ][safepoint     ] Leaving safepoint region
[2023-11-09T11:42:49.530+0000][2443.010s][info ][safepoint     ] Total time for which application threads were stopped: 0.0012438 seconds, Stopping threads took: 0.0005031 seconds
[2023-11-09T11:42:50.530+0000][2444.011s][debug][safepoint     ] Safepoint synchronization initiated. (168 threads)
[2023-11-09T11:42:50.531+0000][2444.011s][info ][safepoint     ] Application time: 1.0006990 seconds
[2023-11-09T11:42:50.531+0000][2444.012s][info ][safepoint     ] Entering safepoint region: Cleanup
[2023-11-09T11:42:50.532+0000][2444.012s][info ][safepoint     ] Leaving safepoint region
[2023-11-09T11:42:50.532+0000][2444.013s][info ][safepoint     ] Total time for which application threads were stopped: 0.0010656 seconds, Stopping threads took: 0.0004346 seconds
[2023-11-09T11:42:51.533+0000][2445.013s][debug][safepoint     ] Safepoint synchronization initiated. (168 threads)
[2023-11-09T11:42:51.533+0000][2445.014s][info ][safepoint     ] Application time: 1.0007467 seconds
[2023-11-09T11:42:51.534+0000][2445.015s][info ][safepoint     ] Entering safepoint region: Cleanup
[2023-11-09T11:42:51.535+0000][2445.015s][info ][safepoint     ] Leaving safepoint region
[2023-11-09T11:42:51.535+0000][2445.016s][info ][safepoint     ] Total time for which application threads were stopped: 0.0012296 seconds, Stopping threads took: 0.0004535 seconds
[2023-11-09T11:42:51.535+0000][2445.015s][debug][safepoint     ] ... found polling page return exception at pc = 0x00007fb4f0d6dc84, stub =0x00007fb4e8840600
[2023-11-09T11:42:52.536+0000][2446.016s][debug][safepoint     ] Safepoint synchronization initiated. (168 threads)
[2023-11-09T11:42:52.537+0000][2446.017s][info ][safepoint     ] Application time: 1.0011146 seconds
[2023-11-09T11:42:52.538+0000][2446.018s][info ][safepoint     ] Entering safepoint region: Cleanup
[2023-11-09T11:42:52.539+0000][2446.019s][info ][safepoint     ] Leaving safepoint region
[2023-11-09T11:42:52.539+0000][2446.020s][info ][safepoint     ] Total time for which application threads were stopped: 0.0016619 seconds, Stopping threads took: 0.0007049 seconds
[2023-11-09T11:42:53.540+0000][2447.020s][debug][safepoint     ] Safepoint synchronization initiated. (169 threads)
[2023-11-09T11:42:53.541+0000][2447.022s][info ][safepoint     ] Application time: 1.0013064 seconds
[2023-11-09T11:42:53.542+0000][2447.022s][info ][safepoint     ] Entering safepoint region: Cleanup
[2023-11-09T11:42:53.543+0000][2447.023s][info ][safepoint     ] Leaving safepoint region
[2023-11-09T11:42:53.544+0000][2447.024s][info ][safepoint     ] Total time for which application threads were stopped: 0.0018339 seconds, Stopping threads took: 0.0008220 seconds
[2023-11-09T11:42:54.545+0000][2448.025s][debug][safepoint     ] Safepoint synchronization initiated. (169 threads)
[2023-11-09T11:42:54.546+0000][2448.026s][info ][safepoint     ] Application time: 1.0011425 seconds
[2023-11-09T11:42:54.546+0000][2448.027s][info ][safepoint     ] Entering safepoint region: Cleanup
[2023-11-09T11:42:54.547+0000][2448.028s][info ][safepoint     ] Leaving safepoint region
[2023-11-09T11:42:54.548+0000][2448.029s][info ][safepoint     ] Total time for which application threads were stopped: 0.0017060 seconds, Stopping threads took: 0.0006943 seconds
[2023-11-09T11:42:55.549+0000][2449.029s][debug][safepoint     ] Safepoint synchronization initiated. (169 threads)
[2023-11-09T11:42:55.550+0000][2449.030s][info ][safepoint     ] Application time: 1.0011169 seconds
[2023-11-09T11:42:55.550+0000][2449.031s][info ][safepoint     ] Entering safepoint region: Cleanup
[2023-11-09T11:42:55.551+0000][2449.032s][info ][safepoint     ] Leaving safepoint region
[2023-11-09T11:42:55.552+0000][2449.032s][info ][safepoint     ] Total time for which application threads were stopped: 0.0015253 seconds, Stopping threads took: 0.0007006 seconds
[2023-11-09T11:42:56.553+0000][2450.033s][debug][safepoint     ] Safepoint synchronization initiated. (169 threads)
[2023-11-09T11:42:56.554+0000][2450.034s][info ][safepoint     ] Application time: 1.0013614 seconds
[2023-11-09T11:42:56.555+0000][2450.035s][info ][safepoint     ] Entering safepoint region: Cleanup
[2023-11-09T11:42:56.555+0000][2450.036s][info ][safepoint     ] Leaving safepoint region
[2023-11-09T11:42:56.556+0000][2450.037s][info ][safepoint     ] Total time for which application threads were stopped: 0.0016024 seconds, Stopping threads took: 0.0007258 seconds
[2023-11-09T11:42:57.557+0000][2451.037s][debug][safepoint     ] Safepoint synchronization initiated. (169 threads)
[2023-11-09T11:42:57.557+0000][2451.038s][info ][safepoint     ] Application time: 1.0004752 seconds
[2023-11-09T11:42:57.558+0000][2451.038s][info ][safepoint     ] Entering safepoint region: Cleanup
[2023-11-09T11:42:57.558+0000][2451.039s][info ][safepoint     ] Leaving safepoint region
[2023-11-09T11:42:57.558+0000][2451.039s][info ][safepoint     ] Total time for which application threads were stopped: 0.0008302 seconds, Stopping threads took: 0.0003443 seconds
[2023-11-09T11:42:58.559+0000][2452.039s][debug][safepoint     ] Safepoint synchronization initiated. (169 threads)
[2023-11-09T11:42:58.559+0000][2452.040s][info ][safepoint     ] Application time: 1.0006773 seconds
[2023-11-09T11:42:58.560+0000][2452.040s][info ][safepoint     ] Entering safepoint region: Cleanup
[2023-11-09T11:42:58.560+0000][2452.041s][info ][safepoint     ] Leaving safepoint region
[2023-11-09T11:42:58.561+0000][2452.041s][info ][safepoint     ] Total time for which application threads were stopped: 0.0009680 seconds, Stopping threads took: 0.0003650 seconds
[2023-11-09T11:42:59.561+0000][2453.042s][debug][safepoint     ] Safepoint synchronization initiated. (169 threads)
[2023-11-09T11:42:59.562+0000][2453.042s][info ][safepoint     ] Application time: 1.0007953 seconds
[2023-11-09T11:42:59.562+0000][2453.043s][info ][safepoint     ] Entering safepoint region: Cleanup
[2023-11-09T11:42:59.563+0000][2453.044s][info ][safepoint     ] Leaving safepoint region
[2023-11-09T11:42:59.564+0000][2453.044s][info ][safepoint     ] Total time for which application threads were stopped: 0.0013757 seconds, Stopping threads took: 0.0005627 seconds
[2023-11-09T11:43:00.564+0000][2454.045s][debug][safepoint     ] Safepoint synchronization initiated. (169 threads)
[2023-11-09T11:43:00.565+0000][2454.046s][info ][safepoint     ] Application time: 1.0007068 seconds
[2023-11-09T11:43:00.566+0000][2454.046s][info ][safepoint     ] Entering safepoint region: Cleanup
[2023-11-09T11:43:00.566+0000][2454.047s][info ][safepoint     ] Leaving safepoint region
[2023-11-09T11:43:00.567+0000][2454.047s][info ][safepoint     ] Total time for which application threads were stopped: 0.0011799 seconds, Stopping threads took: 0.0005789 seconds
[2023-11-09T11:43:01.569+0000][2455.049s][debug][safepoint     ] Safepoint synchronization initiated. (169 threads)
[2023-11-09T11:43:01.569+0000][2455.050s][info ][safepoint     ] Application time: 1.0009470 seconds
[2023-11-09T11:43:01.570+0000][2455.050s][info ][safepoint     ] Entering safepoint region: Cleanup
[2023-11-09T11:43:01.571+0000][2455.051s][info ][safepoint     ] Leaving safepoint region
[2023-11-09T11:43:01.571+0000][2455.052s][info ][safepoint     ] Total time for which application threads were stopped: 0.0013299 seconds, Stopping threads took: 0.0005286 seconds
[2023-11-09T11:43:02.572+0000][2456.052s][debug][safepoint     ] Safepoint synchronization initiated. (169 threads)
[2023-11-09T11:43:02.573+0000][2456.053s][info ][safepoint     ] Application time: 1.0009393 seconds
[2023-11-09T11:43:02.573+0000][2456.054s][info ][safepoint     ] Entering safepoint region: Cleanup
[2023-11-09T11:43:02.574+0000][2456.054s][info ][safepoint     ] Leaving safepoint region
[2023-11-09T11:43:02.574+0000][2456.055s][info ][safepoint     ] Total time for which application threads were stopped: 0.0012023 seconds, Stopping threads took: 0.0005572 seconds
[2023-11-09T11:43:03.575+0000][2457.056s][debug][safepoint     ] Safepoint synchronization initiated. (169 threads)
[2023-11-09T11:43:03.576+0000][2457.057s][info ][safepoint     ] Application time: 1.0012310 seconds
[2023-11-09T11:43:03.577+0000][2457.058s][info ][safepoint     ] Entering safepoint region: Cleanup
[2023-11-09T11:43:03.578+0000][2457.058s][info ][safepoint     ] Leaving safepoint region
[2023-11-09T11:43:03.578+0000][2457.059s][info ][safepoint     ] Total time for which application threads were stopped: 0.0012641 seconds, Stopping threads took: 0.0005907 seconds
[2023-11-09T11:43:04.579+0000][2458.059s][debug][safepoint     ] Safepoint synchronization initiated. (169 threads)
[2023-11-09T11:43:04.580+0000][2458.060s][info ][safepoint     ] Application time: 1.0010176 seconds
[2023-11-09T11:43:04.581+0000][2458.061s][info ][safepoint     ] Entering safepoint region: Cleanup
[2023-11-09T11:43:04.582+0000][2458.062s][info ][safepoint     ] Leaving safepoint region
[2023-11-09T11:43:04.582+0000][2458.063s][info ][safepoint     ] Total time for which application threads were stopped: 0.0016511 seconds, Stopping threads took: 0.0007956 seconds
[2023-11-09T11:43:05.583+0000][2459.063s][debug][safepoint     ] Safepoint synchronization initiated. (169 threads)
[2023-11-09T11:43:05.584+0000][2459.065s][info ][safepoint     ] Application time: 1.0012379 seconds
[2023-11-09T11:43:05.585+0000][2459.065s][info ][safepoint     ] Entering safepoint region: Cleanup
[2023-11-09T11:43:05.586+0000][2459.067s][info ][safepoint     ] Leaving safepoint region
[2023-11-09T11:43:05.587+0000][2459.068s][info ][safepoint     ] Total time for which application threads were stopped: 0.0024087 seconds, Stopping threads took: 0.0010601 seconds
[2023-11-09T11:43:06.588+0000][2460.069s][debug][safepoint     ] Safepoint synchronization initiated. (169 threads)
[2023-11-09T11:43:06.589+0000][2460.069s][info ][safepoint     ] Application time: 1.0009116 seconds
[2023-11-09T11:43:06.590+0000][2460.070s][info ][safepoint     ] Entering safepoint region: Cleanup
[2023-11-09T11:43:06.591+0000][2460.071s][info ][safepoint     ] Leaving safepoint region
[2023-11-09T11:43:06.591+0000][2460.072s][info ][safepoint     ] Total time for which application threads were stopped: 0.0018158 seconds, Stopping threads took: 0.0007850 seconds
[2023-11-09T11:43:07.592+0000][2461.073s][debug][safepoint     ] Safepoint synchronization initiated. (169 threads)
[2023-11-09T11:43:07.593+0000][2461.073s][info ][safepoint     ] Application time: 1.0007836 seconds
[2023-11-09T11:43:07.593+0000][2461.074s][info ][safepoint     ] Entering safepoint region: Cleanup
[2023-11-09T11:43:07.594+0000][2461.074s][info ][safepoint     ] Leaving safepoint region
[2023-11-09T11:43:07.594+0000][2461.075s][info ][safepoint     ] Total time for which application threads were stopped: 0.0011175 seconds, Stopping threads took: 0.0004835 seconds
[2023-11-09T11:43:08.595+0000][2462.075s][debug][safepoint     ] Safepoint synchronization initiated. (169 threads)
[2023-11-09T11:43:08.595+0000][2462.076s][info ][safepoint     ] Application time: 1.0006988 seconds
[2023-11-09T11:43:08.596+0000][2462.076s][info ][safepoint     ] Entering safepoint region: Cleanup
[2023-11-09T11:43:08.596+0000][2462.077s][info ][safepoint     ] Leaving safepoint region
[2023-11-09T11:43:08.597+0000][2462.077s][info ][safepoint     ] Total time for which application threads were stopped: 0.0008756 seconds, Stopping threads took: 0.0003491 seconds
[2023-11-09T11:43:09.597+0000][2463.078s][debug][safepoint     ] Safepoint synchronization initiated. (169 threads)
[2023-11-09T11:43:09.598+0000][2463.078s][info ][safepoint     ] Application time: 1.0010135 seconds
[2023-11-09T11:43:09.599+0000][2463.079s][info ][safepoint     ] Entering safepoint region: Cleanup
[2023-11-09T11:43:09.599+0000][2463.080s][info ][safepoint     ] Leaving safepoint region
[2023-11-09T11:43:09.600+0000][2463.080s][info ][safepoint     ] Total time for which application threads were stopped: 0.0013512 seconds, Stopping threads took: 0.0006284 seconds
[2023-11-09T11:43:10.601+0000][2464.081s][debug][safepoint     ] Safepoint synchronization initiated. (169 threads)
[2023-11-09T11:43:10.602+0000][2464.082s][info ][safepoint     ] Application time: 1.0012805 seconds
[2023-11-09T11:43:10.603+0000][2464.083s][info ][safepoint     ] Entering safepoint region: Cleanup
[2023-11-09T11:43:10.604+0000][2464.084s][info ][safepoint     ] Leaving safepoint region
[2023-11-09T11:43:10.604+0000][2464.085s][info ][safepoint     ] Total time for which application threads were stopped: 0.0015609 seconds, Stopping threads took: 0.0006909 seconds
[2023-11-09T11:43:11.605+0000][2465.086s][debug][safepoint     ] Safepoint synchronization initiated. (169 threads)
[2023-11-09T11:43:11.606+0000][2465.087s][info ][safepoint     ] Application time: 1.0010427 seconds
[2023-11-09T11:43:11.607+0000][2465.087s][info ][safepoint     ] Entering safepoint region: Cleanup
[2023-11-09T11:43:11.608+0000][2465.088s][info ][safepoint     ] Leaving safepoint region
[2023-11-09T11:43:11.608+0000][2465.089s][info ][safepoint     ] Total time for which application threads were stopped: 0.0015983 seconds, Stopping threads took: 0.0007126 seconds
[2023-11-09T11:43:12.609+0000][2466.089s][debug][safepoint     ] Safepoint synchronization initiated. (169 threads)
[2023-11-09T11:43:12.610+0000][2466.090s][info ][safepoint     ] Application time: 1.0009525 seconds
[2023-11-09T11:43:12.610+0000][2466.091s][info ][safepoint     ] Entering safepoint region: Cleanup
[2023-11-09T11:43:12.611+0000][2466.092s][info ][safepoint     ] Leaving safepoint region
[2023-11-09T11:43:12.612+0000][2466.093s][info ][safepoint     ] Total time for which application threads were stopped: 0.0017860 seconds, Stopping threads took: 0.0007699 seconds
[2023-11-09T11:43:13.613+0000][2467.093s][debug][safepoint     ] Safepoint synchronization initiated. (169 threads)
[2023-11-09T11:43:13.613+0000][2467.094s][info ][safepoint     ] Application time: 1.0006132 seconds
[2023-11-09T11:43:13.614+0000][2467.094s][info ][safepoint     ] Entering safepoint region: Cleanup
[2023-11-09T11:43:13.614+0000][2467.095s][info ][safepoint     ] Leaving safepoint region
[2023-11-09T11:43:13.615+0000][2467.095s][info ][safepoint     ] Total time for which application threads were stopped: 0.0009132 seconds, Stopping threads took: 0.0003430 seconds
[2023-11-09T11:43:14.615+0000][2468.096s][debug][safepoint     ] Safepoint synchronization initiated. (169 threads)
[2023-11-09T11:43:14.616+0000][2468.096s][info ][safepoint     ] Application time: 1.0006780 seconds
[2023-11-09T11:43:14.616+0000][2468.097s][info ][safepoint     ] Entering safepoint region: Cleanup
[2023-11-09T11:43:14.617+0000][2468.097s][info ][safepoint     ] Leaving safepoint region
[2023-11-09T11:43:14.617+0000][2468.097s][info ][safepoint     ] Total time for which application threads were stopped: 0.0010026 seconds, Stopping threads took: 0.0003689 seconds
[2023-11-09T11:43:15.618+0000][2469.098s][debug][safepoint     ] Safepoint synchronization initiated. (169 threads)
[2023-11-09T11:43:15.618+0000][2469.099s][info ][safepoint     ] Application time: 1.0010358 seconds
[2023-11-09T11:43:15.619+0000][2469.100s][info ][safepoint     ] Entering safepoint region: Cleanup
[2023-11-09T11:43:15.620+0000][2469.100s][info ][safepoint     ] Leaving safepoint region
[2023-11-09T11:43:15.621+0000][2469.101s][info ][safepoint     ] Total time for which application threads were stopped: 0.0014845 seconds, Stopping threads took: 0.0006195 seconds
[2023-11-09T11:43:16.621+0000][2470.102s][debug][safepoint     ] Safepoint synchronization initiated. (169 threads)
[2023-11-09T11:43:16.622+0000][2470.102s][info ][safepoint     ] Application time: 1.0006506 seconds
[2023-11-09T11:43:16.622+0000][2470.102s][info ][safepoint     ] Entering safepoint region: Cleanup
[2023-11-09T11:43:16.623+0000][2470.103s][info ][safepoint     ] Leaving safepoint region
[2023-11-09T11:43:16.623+0000][2470.103s][info ][safepoint     ] Total time for which application threads were stopped: 0.0010087 seconds, Stopping threads took: 0.0003856 seconds
[2023-11-09T11:43:17.624+0000][2471.104s][debug][safepoint     ] Safepoint synchronization initiated. (169 threads)
[2023-11-09T11:43:17.624+0000][2471.105s][info ][safepoint     ] Application time: 1.0008602 seconds
[2023-11-09T11:43:17.625+0000][2471.105s][info ][safepoint     ] Entering safepoint region: Cleanup
[2023-11-09T11:43:17.625+0000][2471.106s][info ][safepoint     ] Leaving safepoint region
[2023-11-09T11:43:17.626+0000][2471.106s][info ][safepoint     ] Total time for which application threads were stopped: 0.0011667 seconds, Stopping threads took: 0.0005379 seconds
[2023-11-09T11:43:18.626+0000][2472.107s][debug][safepoint     ] Safepoint synchronization initiated. (169 threads)
[2023-11-09T11:43:18.627+0000][2472.107s][info ][safepoint     ] Application time: 1.0006406 seconds
[2023-11-09T11:43:18.627+0000][2472.108s][info ][safepoint     ] Entering safepoint region: Cleanup
[2023-11-09T11:43:18.628+0000][2472.108s][info ][safepoint     ] Leaving safepoint region
[2023-11-09T11:43:18.629+0000][2472.109s][info ][safepoint     ] Total time for which application threads were stopped: 0.0012511 seconds, Stopping threads took: 0.0004199 seconds
[2023-11-09T11:43:19.629+0000][2473.110s][debug][safepoint     ] Safepoint synchronization initiated. (169 threads)
[2023-11-09T11:43:19.630+0000][2473.110s][info ][safepoint     ] Application time: 1.0010217 seconds
[2023-11-09T11:43:19.630+0000][2473.111s][info ][safepoint     ] Entering safepoint region: Cleanup
[2023-11-09T11:43:19.631+0000][2473.111s][info ][safepoint     ] Leaving safepoint region
[2023-11-09T11:43:19.632+0000][2473.113s][info ][safepoint     ] Total time for which application threads were stopped: 0.0020910 seconds, Stopping threads took: 0.0004371 seconds
[2023-11-09T11:43:20.634+0000][2474.114s][debug][safepoint     ] Safepoint synchronization initiated. (169 threads)
[2023-11-09T11:43:20.635+0000][2474.115s][info ][safepoint     ] Application time: 1.0011122 seconds
[2023-11-09T11:43:20.635+0000][2474.116s][info ][safepoint     ] Entering safepoint region: Cleanup
[2023-11-09T11:43:20.636+0000][2474.117s][info ][safepoint     ] Leaving safepoint region
[2023-11-09T11:43:20.637+0000][2474.117s][info ][safepoint     ] Total time for which application threads were stopped: 0.0015137 seconds, Stopping threads took: 0.0007185 seconds
[2023-11-09T11:43:21.637+0000][2475.118s][debug][safepoint     ] Safepoint synchronization initiated. (169 threads)
[2023-11-09T11:43:21.639+0000][2475.119s][info ][safepoint     ] Application time: 1.0013439 seconds
[2023-11-09T11:43:21.639+0000][2475.120s][info ][safepoint     ] Entering safepoint region: Cleanup
[2023-11-09T11:43:21.640+0000][2475.121s][info ][safepoint     ] Leaving safepoint region
[2023-11-09T11:43:21.641+0000][2475.122s][info ][safepoint     ] Total time for which application threads were stopped: 0.0017363 seconds, Stopping threads took: 0.0007670 seconds
[2023-11-09T11:43:22.642+0000][2476.123s][debug][safepoint     ] Safepoint synchronization initiated. (169 threads)
[2023-11-09T11:43:22.643+0000][2476.124s][info ][safepoint     ] Application time: 1.0013739 seconds
[2023-11-09T11:43:22.644+0000][2476.125s][info ][safepoint     ] Entering safepoint region: Cleanup
[2023-11-09T11:43:22.645+0000][2476.126s][info ][safepoint     ] Leaving safepoint region
[2023-11-09T11:43:22.646+0000][2476.127s][info ][safepoint     ] Total time for which application threads were stopped: 0.0020289 seconds, Stopping threads took: 0.0009405 seconds
[2023-11-09T11:43:23.647+0000][2477.128s][debug][safepoint     ] Safepoint synchronization initiated. (169 threads)
[2023-11-09T11:43:23.648+0000][2477.129s][info ][safepoint     ] Application time: 1.0012282 seconds
[2023-11-09T11:43:23.649+0000][2477.129s][info ][safepoint     ] Entering safepoint region: Cleanup
[2023-11-09T11:43:23.650+0000][2477.130s][info ][safepoint     ] Leaving safepoint region
[2023-11-09T11:43:23.651+0000][2477.131s][info ][safepoint     ] Total time for which application threads were stopped: 0.0020407 seconds, Stopping threads took: 0.0008013 seconds
[2023-11-09T11:43:24.652+0000][2478.132s][debug][safepoint     ] Safepoint synchronization initiated. (169 threads)
[2023-11-09T11:43:24.652+0000][2478.133s][info ][safepoint     ] Application time: 1.0007962 seconds
[2023-11-09T11:43:24.653+0000][2478.133s][info ][safepoint     ] Entering safepoint region: Cleanup
[2023-11-09T11:43:24.653+0000][2478.134s][info ][safepoint     ] Leaving safepoint region
[2023-11-09T11:43:24.654+0000][2478.134s][info ][safepoint     ] Total time for which application threads were stopped: 0.0012323 seconds, Stopping threads took: 0.0005570 seconds
[2023-11-09T11:43:25.654+0000][2479.135s][debug][safepoint     ] Safepoint synchronization initiated. (169 threads)
[2023-11-09T11:43:25.655+0000][2479.135s][info ][safepoint     ] Application time: 1.0005694 seconds
[2023-11-09T11:43:25.655+0000][2479.136s][info ][safepoint     ] Entering safepoint region: Cleanup
[2023-11-09T11:43:25.656+0000][2479.136s][info ][safepoint     ] Leaving safepoint region
[2023-11-09T11:43:25.656+0000][2479.136s][info ][safepoint     ] Total time for which application threads were stopped: 0.0007684 seconds, Stopping threads took: 0.0003254 seconds
[2023-11-09T11:43:26.657+0000][2480.137s][debug][safepoint     ] Safepoint synchronization initiated. (169 threads)
[2023-11-09T11:43:26.657+0000][2480.138s][info ][safepoint     ] Application time: 1.0012869 seconds
[2023-11-09T11:43:26.659+0000][2480.139s][info ][safepoint     ] Entering safepoint region: Cleanup
[2023-11-09T11:43:26.660+0000][2480.140s][info ][safepoint     ] Leaving safepoint region
[2023-11-09T11:43:26.660+0000][2480.141s][info ][safepoint     ] Total time for which application threads were stopped: 0.0016553 seconds, Stopping threads took: 0.0007448 seconds
[2023-11-09T11:43:27.661+0000][2481.142s][debug][safepoint     ] Safepoint synchronization initiated. (169 threads)
[2023-11-09T11:43:27.662+0000][2481.143s][info ][safepoint     ] Application time: 1.0012812 seconds
[2023-11-09T11:43:27.663+0000][2481.144s][info ][safepoint     ] Entering safepoint region: Cleanup
[2023-11-09T11:43:27.664+0000][2481.144s][info ][safepoint     ] Leaving safepoint region
[2023-11-09T11:43:27.665+0000][2481.145s][info ][safepoint     ] Total time for which application threads were stopped: 0.0014876 seconds, Stopping threads took: 0.0007661 seconds
[2023-11-09T11:43:27.664+0000][2481.144s][debug][safepoint     ] ... found polling page return exception at pc = 0x00007fb4f0d6dc84, stub =0x00007fb4e8840600
[2023-11-09T11:43:27.664+0000][2481.144s][debug][safepoint     ] ... found polling page return exception at pc = 0x00007fb4f0d6dc84, stub =0x00007fb4e8840600
[2023-11-09T11:43:27.664+0000][2481.144s][debug][safepoint     ] ... found polling page return exception at pc = 0x00007fb4f0d6dc84, stub =0x00007fb4e8840600
[2023-11-09T11:43:27.664+0000][2481.144s][debug][safepoint     ] ... found polling page return exception at pc = 0x00007fb4f0d6dc84, stub =0x00007fb4e8840600
[2023-11-09T11:43:27.664+0000][2481.144s][debug][safepoint     ] ... found polling page return exception at pc = 0x00007fb4f0d6dc84, stub =0x00007fb4e8840600
[2023-11-09T11:43:28.665+0000][2482.146s][debug][safepoint     ] Safepoint synchronization initiated. (169 threads)
[2023-11-09T11:43:28.666+0000][2482.147s][info ][safepoint     ] Application time: 1.0010659 seconds
[2023-11-09T11:43:28.667+0000][2482.147s][info ][safepoint     ] Entering safepoint region: Cleanup
[2023-11-09T11:43:28.668+0000][2482.148s][info ][safepoint     ] Leaving safepoint region
[2023-11-09T11:43:28.669+0000][2482.149s][info ][safepoint     ] Total time for which application threads were stopped: 0.0017190 seconds, Stopping threads took: 0.0007920 seconds
[2023-11-09T11:43:29.670+0000][2483.150s][debug][safepoint     ] Safepoint synchronization initiated. (169 threads)
[2023-11-09T11:43:29.671+0000][2483.151s][info ][safepoint     ] Application time: 1.0014201 seconds
[2023-11-09T11:43:29.672+0000][2483.152s][info ][safepoint     ] Entering safepoint region: Cleanup
[2023-11-09T11:43:29.673+0000][2483.153s][info ][safepoint     ] Leaving safepoint region
[2023-11-09T11:43:29.673+0000][2483.154s][info ][safepoint     ] Total time for which application threads were stopped: 0.0015058 seconds, Stopping threads took: 0.0007893 seconds
[2023-11-09T11:43:30.674+0000][2484.154s][debug][safepoint     ] Safepoint synchronization initiated. (169 threads)
[2023-11-09T11:43:30.674+0000][2484.155s][info ][safepoint     ] Application time: 1.0007283 seconds
[2023-11-09T11:43:30.675+0000][2484.155s][info ][safepoint     ] Entering safepoint region: Cleanup
[2023-11-09T11:43:30.675+0000][2484.156s][info ][safepoint     ] Leaving safepoint region
[2023-11-09T11:43:30.676+0000][2484.156s][info ][safepoint     ] Total time for which application threads were stopped: 0.0008950 seconds, Stopping threads took: 0.0004238 seconds
[2023-11-09T11:43:31.676+0000][2485.157s][debug][safepoint     ] Safepoint synchronization initiated. (169 threads)
[2023-11-09T11:43:31.677+0000][2485.158s][info ][safepoint     ] Application time: 1.0014411 seconds
[2023-11-09T11:43:31.679+0000][2485.159s][info ][safepoint     ] Entering safepoint region: Cleanup
[2023-11-09T11:43:31.680+0000][2485.160s][info ][safepoint     ] Leaving safepoint region
[2023-11-09T11:43:31.680+0000][2485.161s][info ][safepoint     ] Total time for which application threads were stopped: 0.0017554 seconds, Stopping threads took: 0.0007749 seconds
[2023-11-09T11:43:32.681+0000][2486.162s][debug][safepoint     ] Safepoint synchronization initiated. (169 threads)
[2023-11-09T11:43:32.682+0000][2486.162s][info ][safepoint     ] Application time: 1.0005194 seconds
[2023-11-09T11:43:32.682+0000][2486.162s][info ][safepoint     ] Entering safepoint region: Cleanup
[2023-11-09T11:43:32.682+0000][2486.163s][info ][safepoint     ] Leaving safepoint region
[2023-11-09T11:43:32.683+0000][2486.163s][info ][safepoint     ] Total time for which application threads were stopped: 0.0008027 seconds, Stopping threads took: 0.0003536 seconds
[2023-11-09T11:43:33.683+0000][2487.164s][debug][safepoint     ] Safepoint synchronization initiated. (169 threads)
[2023-11-09T11:43:33.684+0000][2487.164s][info ][safepoint     ] Application time: 1.0006278 seconds
[2023-11-09T11:43:33.684+0000][2487.164s][info ][safepoint     ] Entering safepoint region: Cleanup
[2023-11-09T11:43:33.684+0000][2487.165s][info ][safepoint     ] Leaving safepoint region
[2023-11-09T11:43:33.685+0000][2487.165s][info ][safepoint     ] Total time for which application threads were stopped: 0.0007803 seconds, Stopping threads took: 0.0003218 seconds
[2023-11-09T11:43:34.685+0000][2488.166s][debug][safepoint     ] Safepoint synchronization initiated. (169 threads)
[2023-11-09T11:43:34.686+0000][2488.166s][info ][safepoint     ] Application time: 1.0009259 seconds
[2023-11-09T11:43:34.687+0000][2488.167s][info ][safepoint     ] Entering safepoint region: Cleanup
[2023-11-09T11:43:34.687+0000][2488.168s][info ][safepoint     ] Leaving safepoint region
[2023-11-09T11:43:34.688+0000][2488.169s][info ][safepoint     ] Total time for which application threads were stopped: 0.0015335 seconds, Stopping threads took: 0.0005949 seconds
[2023-11-09T11:43:35.689+0000][2489.169s][debug][safepoint     ] Safepoint synchronization initiated. (169 threads)
[2023-11-09T11:43:35.690+0000][2489.170s][info ][safepoint     ] Application time: 1.0008774 seconds
[2023-11-09T11:43:35.690+0000][2489.171s][info ][safepoint     ] Entering safepoint region: Cleanup
[2023-11-09T11:43:35.691+0000][2489.172s][info ][safepoint     ] Leaving safepoint region
[2023-11-09T11:43:35.692+0000][2489.172s][info ][safepoint     ] Total time for which application threads were stopped: 0.0014885 seconds, Stopping threads took: 0.0007035 seconds
[2023-11-09T11:43:36.692+0000][2490.173s][debug][safepoint     ] Safepoint synchronization initiated. (169 threads)
[2023-11-09T11:43:36.693+0000][2490.174s][info ][safepoint     ] Application time: 1.0011696 seconds
[2023-11-09T11:43:36.694+0000][2490.175s][info ][safepoint     ] Entering safepoint region: Cleanup
[2023-11-09T11:43:36.695+0000][2490.176s][info ][safepoint     ] Leaving safepoint region
[2023-11-09T11:43:36.696+0000][2490.176s][info ][safepoint     ] Total time for which application threads were stopped: 0.0016114 seconds, Stopping threads took: 0.0007696 seconds
[2023-11-09T11:43:37.696+0000][2491.177s][debug][safepoint     ] Safepoint synchronization initiated. (169 threads)
[2023-11-09T11:43:37.697+0000][2491.177s][info ][safepoint     ] Application time: 1.0008009 seconds
[2023-11-09T11:43:37.698+0000][2491.178s][info ][safepoint     ] Entering safepoint region: Cleanup
[2023-11-09T11:43:37.698+0000][2491.179s][info ][safepoint     ] Leaving safepoint region
[2023-11-09T11:43:37.699+0000][2491.179s][info ][safepoint     ] Total time for which application threads were stopped: 0.0011450 seconds, Stopping threads took: 0.0005261 seconds
[2023-11-09T11:43:38.699+0000][2492.180s][debug][safepoint     ] Safepoint synchronization initiated. (169 threads)
[2023-11-09T11:43:38.700+0000][2492.180s][info ][safepoint     ] Application time: 1.0007227 seconds
[2023-11-09T11:43:38.700+0000][2492.181s][info ][safepoint     ] Entering safepoint region: Cleanup
[2023-11-09T11:43:38.701+0000][2492.181s][info ][safepoint     ] Leaving safepoint region
[2023-11-09T11:43:38.701+0000][2492.182s][info ][safepoint     ] Total time for which application threads were stopped: 0.0009837 seconds, Stopping threads took: 0.0004584 seconds
[2023-11-09T11:43:39.702+0000][2493.182s][debug][safepoint     ] Safepoint synchronization initiated. (169 threads)
[2023-11-09T11:43:39.702+0000][2493.183s][info ][safepoint     ] Application time: 1.0007469 seconds
[2023-11-09T11:43:39.703+0000][2493.184s][info ][safepoint     ] Entering safepoint region: Cleanup
[2023-11-09T11:43:39.703+0000][2493.184s][info ][safepoint     ] Leaving safepoint region
[2023-11-09T11:43:39.704+0000][2493.184s][info ][safepoint     ] Total time for which application threads were stopped: 0.0009768 seconds, Stopping threads took: 0.0004593 seconds
[2023-11-09T11:43:40.705+0000][2494.185s][debug][safepoint     ] Safepoint synchronization initiated. (169 threads)
[2023-11-09T11:43:40.705+0000][2494.186s][info ][safepoint     ] Application time: 1.0010354 seconds
[2023-11-09T11:43:40.706+0000][2494.187s][info ][safepoint     ] Entering safepoint region: Cleanup
[2023-11-09T11:43:40.707+0000][2494.187s][info ][safepoint     ] Leaving safepoint region
[2023-11-09T11:43:40.707+0000][2494.188s][info ][safepoint     ] Total time for which application threads were stopped: 0.0011788 seconds, Stopping threads took: 0.0004663 seconds
[2023-11-09T11:43:41.708+0000][2495.189s][debug][safepoint     ] Safepoint synchronization initiated. (169 threads)
[2023-11-09T11:43:41.708+0000][2495.189s][info ][safepoint     ] Application time: 1.0005135 seconds
[2023-11-09T11:43:41.709+0000][2495.189s][info ][safepoint     ] Entering safepoint region: Cleanup
[2023-11-09T11:43:41.709+0000][2495.190s][info ][safepoint     ] Leaving safepoint region
[2023-11-09T11:43:41.710+0000][2495.190s][info ][safepoint     ] Total time for which application threads were stopped: 0.0008125 seconds, Stopping threads took: 0.0003246 seconds
[2023-11-09T11:43:42.710+0000][2496.191s][debug][safepoint     ] Safepoint synchronization initiated. (169 threads)
[2023-11-09T11:43:42.711+0000][2496.191s][info ][safepoint     ] Application time: 1.0008312 seconds
[2023-11-09T11:43:42.711+0000][2496.192s][info ][safepoint     ] Entering safepoint region: Cleanup
[2023-11-09T11:43:42.712+0000][2496.193s][info ][safepoint     ] Leaving safepoint region
[2023-11-09T11:43:42.712+0000][2496.193s][info ][safepoint     ] Total time for which application threads were stopped: 0.0010618 seconds, Stopping threads took: 0.0004742 seconds
[2023-11-09T11:43:43.713+0000][2497.193s][debug][safepoint     ] Safepoint synchronization initiated. (169 threads)
[2023-11-09T11:43:43.714+0000][2497.194s][info ][safepoint     ] Application time: 1.0011421 seconds
[2023-11-09T11:43:43.714+0000][2497.195s][info ][safepoint     ] Entering safepoint region: Cleanup
[2023-11-09T11:43:43.715+0000][2497.196s][info ][safepoint     ] Leaving safepoint region
[2023-11-09T11:43:43.716+0000][2497.197s][info ][safepoint     ] Total time for which application threads were stopped: 0.0017460 seconds, Stopping threads took: 0.0007581 seconds
[2023-11-09T11:43:44.717+0000][2498.197s][debug][safepoint     ] Safepoint synchronization initiated. (169 threads)
[2023-11-09T11:43:44.717+0000][2498.198s][info ][safepoint     ] Application time: 1.0006175 seconds
[2023-11-09T11:43:44.718+0000][2498.198s][info ][safepoint     ] Entering safepoint region: Cleanup
[2023-11-09T11:43:44.718+0000][2498.199s][info ][safepoint     ] Leaving safepoint region
[2023-11-09T11:43:44.719+0000][2498.199s][info ][safepoint     ] Total time for which application threads were stopped: 0.0008740 seconds, Stopping threads took: 0.0003215 seconds
[2023-11-09T11:43:45.719+0000][2499.200s][debug][safepoint     ] Safepoint synchronization initiated. (169 threads)
[2023-11-09T11:43:45.720+0000][2499.200s][info ][safepoint     ] Application time: 1.0005999 seconds
[2023-11-09T11:43:45.720+0000][2499.201s][info ][safepoint     ] Entering safepoint region: Cleanup
[2023-11-09T11:43:45.720+0000][2499.201s][info ][safepoint     ] Leaving safepoint region
[2023-11-09T11:43:45.721+0000][2499.201s][info ][safepoint     ] Total time for which application threads were stopped: 0.0007823 seconds, Stopping threads took: 0.0003424 seconds
[2023-11-09T11:43:46.721+0000][2500.202s][debug][safepoint     ] Safepoint synchronization initiated. (169 threads)
[2023-11-09T11:43:46.722+0000][2500.203s][info ][safepoint     ] Application time: 1.0012262 seconds
[2023-11-09T11:43:46.723+0000][2500.204s][info ][safepoint     ] Entering safepoint region: Cleanup
[2023-11-09T11:43:46.724+0000][2500.205s][info ][safepoint     ] Leaving safepoint region
[2023-11-09T11:43:46.725+0000][2500.205s][info ][safepoint     ] Total time for which application threads were stopped: 0.0016317 seconds, Stopping threads took: 0.0007907 seconds
[2023-11-09T11:43:47.725+0000][2501.206s][debug][safepoint     ] Safepoint synchronization initiated. (169 threads)
[2023-11-09T11:43:47.726+0000][2501.207s][info ][safepoint     ] Application time: 1.0006345 seconds
[2023-11-09T11:43:47.727+0000][2501.207s][info ][safepoint     ] Entering safepoint region: Cleanup
[2023-11-09T11:43:47.727+0000][2501.208s][info ][safepoint     ] Leaving safepoint region
[2023-11-09T11:43:47.727+0000][2501.208s][info ][safepoint     ] Total time for which application threads were stopped: 0.0009974 seconds, Stopping threads took: 0.0004168 seconds
[2023-11-09T11:43:48.728+0000][2502.209s][debug][safepoint     ] Safepoint synchronization initiated. (169 threads)
[2023-11-09T11:43:48.729+0000][2502.209s][info ][safepoint     ] Application time: 1.0008097 seconds
[2023-11-09T11:43:48.729+0000][2502.210s][info ][safepoint     ] Entering safepoint region: Cleanup
[2023-11-09T11:43:48.730+0000][2502.210s][info ][safepoint     ] Leaving safepoint region
[2023-11-09T11:43:48.730+0000][2502.210s][info ][safepoint     ] Total time for which application threads were stopped: 0.0007179 seconds, Stopping threads took: 0.0002945 seconds
[2023-11-09T11:43:49.730+0000][2503.211s][debug][safepoint     ] Safepoint synchronization initiated. (169 threads)
[2023-11-09T11:43:49.731+0000][2503.212s][info ][safepoint     ] Application time: 1.0008043 seconds
[2023-11-09T11:43:49.731+0000][2503.212s][info ][safepoint     ] Entering safepoint region: Cleanup
[2023-11-09T11:43:49.732+0000][2503.213s][info ][safepoint     ] Leaving safepoint region
[2023-11-09T11:43:49.733+0000][2503.213s][info ][safepoint     ] Total time for which application threads were stopped: 0.0011711 seconds, Stopping threads took: 0.0004258 seconds
[2023-11-09T11:43:50.733+0000][2504.214s][debug][safepoint     ] Safepoint synchronization initiated. (169 threads)
[2023-11-09T11:43:50.734+0000][2504.215s][info ][safepoint     ] Application time: 1.0009656 seconds
[2023-11-09T11:43:50.735+0000][2504.215s][info ][safepoint     ] Entering safepoint region: Cleanup
[2023-11-09T11:43:50.735+0000][2504.216s][info ][safepoint     ] Leaving safepoint region
[2023-11-09T11:43:50.736+0000][2504.217s][info ][safepoint     ] Total time for which application threads were stopped: 0.0015422 seconds, Stopping threads took: 0.0006723 seconds
[2023-11-09T11:43:51.737+0000][2505.218s][debug][safepoint     ] Safepoint synchronization initiated. (169 threads)
[2023-11-09T11:43:51.767+0000][2505.248s][info ][safepoint     ] Application time: 1.0307212 seconds
[2023-11-09T11:43:51.769+0000][2505.250s][info ][safepoint     ] Entering safepoint region: Cleanup
[2023-11-09T11:43:51.770+0000][2505.250s][info ][safepoint     ] Leaving safepoint region
[2023-11-09T11:43:51.770+0000][2505.251s][info ][safepoint     ] Total time for which application threads were stopped: 0.0012027 seconds, Stopping threads took: 0.0005235 seconds
[2023-11-09T11:43:52.771+0000][2506.251s][debug][safepoint     ] Safepoint synchronization initiated. (169 threads)
[2023-11-09T11:43:52.771+0000][2506.252s][info ][safepoint     ] Application time: 1.0007755 seconds
[2023-11-09T11:43:52.772+0000][2506.252s][info ][safepoint     ] Entering safepoint region: Cleanup
[2023-11-09T11:43:52.772+0000][2506.253s][info ][safepoint     ] Leaving safepoint region
[2023-11-09T11:43:52.773+0000][2506.253s][info ][safepoint     ] Total time for which application threads were stopped: 0.0010990 seconds, Stopping threads took: 0.0004367 seconds
[2023-11-09T11:43:53.774+0000][2507.254s][debug][safepoint     ] Safepoint synchronization initiated. (169 threads)
[2023-11-09T11:43:53.775+0000][2507.255s][info ][safepoint     ] Application time: 1.0010309 seconds
[2023-11-09T11:43:53.775+0000][2507.256s][info ][safepoint     ] Entering safepoint region: Cleanup
[2023-11-09T11:43:53.776+0000][2507.257s][info ][safepoint     ] Leaving safepoint region
[2023-11-09T11:43:53.777+0000][2507.258s][info ][safepoint     ] Total time for which application threads were stopped: 0.0017219 seconds, Stopping threads took: 0.0007787 seconds
[2023-11-09T11:43:54.778+0000][2508.258s][debug][safepoint     ] Safepoint synchronization initiated. (169 threads)
[2023-11-09T11:43:54.778+0000][2508.259s][info ][safepoint     ] Application time: 1.0005903 seconds
[2023-11-09T11:43:54.779+0000][2508.259s][info ][safepoint     ] Entering safepoint region: Cleanup
[2023-11-09T11:43:54.779+0000][2508.260s][info ][safepoint     ] Leaving safepoint region
[2023-11-09T11:43:54.780+0000][2508.260s][info ][safepoint     ] Total time for which application threads were stopped: 0.0009451 seconds, Stopping threads took: 0.0003745 seconds
[2023-11-09T11:43:55.780+0000][2509.261s][debug][safepoint     ] Safepoint synchronization initiated. (169 threads)
[2023-11-09T11:43:55.781+0000][2509.262s][info ][safepoint     ] Application time: 1.0008210 seconds
[2023-11-09T11:43:55.781+0000][2509.262s][info ][safepoint     ] Entering safepoint region: Cleanup
[2023-11-09T11:43:55.782+0000][2509.263s][info ][safepoint     ] Leaving safepoint region
[2023-11-09T11:43:55.783+0000][2509.263s][info ][safepoint     ] Total time for which application threads were stopped: 0.0012436 seconds, Stopping threads took: 0.0004940 seconds
[2023-11-09T11:43:56.199+0000][2509.680s][debug][safepoint     ] Safepoint synchronization initiated. (169 threads)
[2023-11-09T11:43:56.200+0000][2509.680s][info ][safepoint     ] Application time: 0.4166641 seconds
[2023-11-09T11:43:56.200+0000][2509.681s][info ][safepoint     ] Entering safepoint region: G1CollectForAllocation
[2023-11-09T11:43:56.201+0000][2509.682s][info ][gc,start      ] GC(75) Pause Young (Normal) (G1 Evacuation Pause)
[2023-11-09T11:43:56.201+0000][2509.682s][info ][gc,task       ] GC(75) Using 8 workers of 8 for evacuation
[2023-11-09T11:43:56.261+0000][2509.742s][info ][gc,phases     ] GC(75)   Pre Evacuate Collection Set: 0.1ms
[2023-11-09T11:43:56.262+0000][2509.743s][info ][gc,phases     ] GC(75)   Evacuate Collection Set: 41.8ms
[2023-11-09T11:43:56.262+0000][2509.743s][info ][gc,phases     ] GC(75)   Post Evacuate Collection Set: 17.4ms
[2023-11-09T11:43:56.263+0000][2509.743s][info ][gc,phases     ] GC(75)   Other: 1.2ms
[2023-11-09T11:43:56.263+0000][2509.744s][info ][gc,heap       ] GC(75) Eden regions: 193->0(193)
[2023-11-09T11:43:56.264+0000][2509.744s][info ][gc,heap       ] GC(75) Survivor regions: 5->3(25)
[2023-11-09T11:43:56.264+0000][2509.745s][info ][gc,heap       ] GC(75) Old regions: 151->153
[2023-11-09T11:43:56.264+0000][2509.745s][info ][gc,heap       ] GC(75) Humongous regions: 0->0
[2023-11-09T11:43:56.265+0000][2509.745s][info ][gc,metaspace  ] GC(75) Metaspace: 160128K(165328K)->160128K(165328K) NonClass: 141482K(144592K)->141482K(144592K) Class: 18646K(20736K)->18646K(20736K)
[2023-11-09T11:43:56.265+0000][2509.746s][info ][gc            ] GC(75) Pause Young (Normal) (G1 Evacuation Pause) 347M->154M(395M) 64.006ms
[2023-11-09T11:43:56.265+0000][2509.746s][info ][gc,cpu        ] GC(75) User=0.39s Sys=0.03s Real=0.06s
[2023-11-09T11:43:56.266+0000][2509.746s][info ][safepoint     ] Leaving safepoint region
[2023-11-09T11:43:56.266+0000][2509.747s][info ][safepoint     ] Total time for which application threads were stopped: 0.0657592 seconds, Stopping threads took: 0.0004824 seconds
[2023-11-09T11:43:56.266+0000][2509.747s][info ][gc,stringdedup] Concurrent String Deduplication (2509.747s)
[2023-11-09T11:43:56.267+0000][2509.747s][info ][gc,stringdedup] Concurrent String Deduplication 416.0B->48.0B(368.0B) avg 54.4% (2509.747s, 2509.747s) 0.460ms
[2023-11-09T11:43:57.267+0000][2510.747s][debug][safepoint     ] Safepoint synchronization initiated. (169 threads)
[2023-11-09T11:43:57.267+0000][2510.748s][info ][safepoint     ] Application time: 1.0008985 seconds
[2023-11-09T11:43:57.268+0000][2510.748s][info ][safepoint     ] Entering safepoint region: Cleanup
[2023-11-09T11:43:57.268+0000][2510.749s][info ][safepoint     ] Leaving safepoint region
[2023-11-09T11:43:57.269+0000][2510.749s][info ][safepoint     ] Total time for which application threads were stopped: 0.0011155 seconds, Stopping threads took: 0.0005295 seconds
[2023-11-09T11:43:58.269+0000][2511.750s][debug][safepoint     ] Safepoint synchronization initiated. (169 threads)
[2023-11-09T11:43:58.270+0000][2511.751s][info ][safepoint     ] Application time: 1.0011160 seconds
[2023-11-09T11:43:58.271+0000][2511.752s][info ][safepoint     ] Entering safepoint region: Cleanup
[2023-11-09T11:43:58.272+0000][2511.753s][info ][safepoint     ] Leaving safepoint region
[2023-11-09T11:43:58.273+0000][2511.753s][info ][safepoint     ] Total time for which application threads were stopped: 0.0016380 seconds, Stopping threads took: 0.0007659 seconds
[2023-11-09T11:43:59.274+0000][2512.754s][debug][safepoint     ] Safepoint synchronization initiated. (169 threads)
[2023-11-09T11:43:59.274+0000][2512.755s][info ][safepoint     ] Application time: 1.0008483 seconds
[2023-11-09T11:43:59.275+0000][2512.755s][info ][safepoint     ] Entering safepoint region: Cleanup
[2023-11-09T11:43:59.275+0000][2512.756s][info ][safepoint     ] Leaving safepoint region
[2023-11-09T11:43:59.276+0000][2512.756s][info ][safepoint     ] Total time for which application threads were stopped: 0.0010877 seconds, Stopping threads took: 0.0004464 seconds
[2023-11-09T11:44:00.277+0000][2513.757s][debug][safepoint     ] Safepoint synchronization initiated. (169 threads)
[2023-11-09T11:44:00.278+0000][2513.758s][info ][safepoint     ] Application time: 1.0011973 seconds
[2023-11-09T11:44:00.278+0000][2513.759s][info ][safepoint     ] Entering safepoint region: Cleanup
[2023-11-09T11:44:00.279+0000][2513.760s][info ][safepoint     ] Leaving safepoint region
[2023-11-09T11:44:00.280+0000][2513.760s][info ][safepoint     ] Total time for which application threads were stopped: 0.0015196 seconds, Stopping threads took: 0.0007260 seconds
[2023-11-09T11:44:01.281+0000][2514.761s][debug][safepoint     ] Safepoint synchronization initiated. (169 threads)
[2023-11-09T11:44:01.281+0000][2514.762s][info ][safepoint     ] Application time: 1.0008921 seconds
[2023-11-09T11:44:01.282+0000][2514.762s][info ][safepoint     ] Entering safepoint region: Cleanup
[2023-11-09T11:44:01.282+0000][2514.763s][info ][safepoint     ] Leaving safepoint region
[2023-11-09T11:44:01.283+0000][2514.763s][info ][safepoint     ] Total time for which application threads were stopped: 0.0010221 seconds, Stopping threads took: 0.0004623 seconds
[2023-11-09T11:44:02.283+0000][2515.764s][debug][safepoint     ] Safepoint synchronization initiated. (169 threads)
[2023-11-09T11:44:02.284+0000][2515.765s][info ][safepoint     ] Application time: 1.0008942 seconds
[2023-11-09T11:44:02.285+0000][2515.765s][info ][safepoint     ] Entering safepoint region: Cleanup
[2023-11-09T11:44:02.285+0000][2515.766s][info ][safepoint     ] Leaving safepoint region
[2023-11-09T11:44:02.286+0000][2515.766s][info ][safepoint     ] Total time for which application threads were stopped: 0.0012886 seconds, Stopping threads took: 0.0005823 seconds
[2023-11-09T11:44:03.287+0000][2516.767s][debug][safepoint     ] Safepoint synchronization initiated. (169 threads)
[2023-11-09T11:44:03.288+0000][2516.768s][info ][safepoint     ] Application time: 1.0013325 seconds
[2023-11-09T11:44:03.288+0000][2516.769s][info ][safepoint     ] Entering safepoint region: Cleanup
[2023-11-09T11:44:03.289+0000][2516.770s][info ][safepoint     ] Leaving safepoint region
[2023-11-09T11:44:03.290+0000][2516.771s][info ][safepoint     ] Total time for which application threads were stopped: 0.0016020 seconds, Stopping threads took: 0.0007468 seconds
[2023-11-09T11:44:04.291+0000][2517.771s][debug][safepoint     ] Safepoint synchronization initiated. (169 threads)
[2023-11-09T11:44:04.292+0000][2517.772s][info ][safepoint     ] Application time: 1.0011116 seconds
[2023-11-09T11:44:04.292+0000][2517.773s][info ][safepoint     ] Entering safepoint region: Cleanup
[2023-11-09T11:44:04.293+0000][2517.774s][info ][safepoint     ] Leaving safepoint region
[2023-11-09T11:44:04.294+0000][2517.774s][info ][safepoint     ] Total time for which application threads were stopped: 0.0015206 seconds, Stopping threads took: 0.0007783 seconds
[2023-11-09T11:44:05.295+0000][2518.775s][debug][safepoint     ] Safepoint synchronization initiated. (169 threads)
[2023-11-09T11:44:05.295+0000][2518.776s][info ][safepoint     ] Application time: 1.0012209 seconds
[2023-11-09T11:44:05.296+0000][2518.777s][info ][safepoint     ] Entering safepoint region: Cleanup
[2023-11-09T11:44:05.297+0000][2518.778s][info ][safepoint     ] Leaving safepoint region
[2023-11-09T11:44:05.298+0000][2518.778s][info ][safepoint     ] Total time for which application threads were stopped: 0.0013713 seconds, Stopping threads took: 0.0005712 seconds
[2023-11-09T11:44:06.298+0000][2519.779s][debug][safepoint     ] Safepoint synchronization initiated. (169 threads)
[2023-11-09T11:44:06.300+0000][2519.780s][info ][safepoint     ] Application time: 1.0013805 seconds
[2023-11-09T11:44:06.300+0000][2519.781s][info ][safepoint     ] Entering safepoint region: Cleanup
[2023-11-09T11:44:06.301+0000][2519.782s][info ][safepoint     ] Leaving safepoint region
[2023-11-09T11:44:06.302+0000][2519.783s][info ][safepoint     ] Total time for which application threads were stopped: 0.0019156 seconds, Stopping threads took: 0.0009164 seconds
[2023-11-09T11:44:07.303+0000][2520.784s][debug][safepoint     ] Safepoint synchronization initiated. (169 threads)
[2023-11-09T11:44:07.304+0000][2520.784s][info ][safepoint     ] Application time: 1.0007294 seconds
[2023-11-09T11:44:07.304+0000][2520.785s][info ][safepoint     ] Entering safepoint region: Cleanup
[2023-11-09T11:44:07.305+0000][2520.786s][info ][safepoint     ] Leaving safepoint region
[2023-11-09T11:44:07.306+0000][2520.786s][info ][safepoint     ] Total time for which application threads were stopped: 0.0012833 seconds, Stopping threads took: 0.0006413 seconds
[2023-11-09T11:44:08.306+0000][2521.787s][debug][safepoint     ] Safepoint synchronization initiated. (169 threads)
[2023-11-09T11:44:08.307+0000][2521.787s][info ][safepoint     ] Application time: 1.0006028 seconds
[2023-11-09T11:44:08.307+0000][2521.788s][info ][safepoint     ] Entering safepoint region: Cleanup
[2023-11-09T11:44:08.307+0000][2521.788s][info ][safepoint     ] Leaving safepoint region
[2023-11-09T11:44:08.308+0000][2521.789s][info ][safepoint     ] Total time for which application threads were stopped: 0.0010100 seconds, Stopping threads took: 0.0003431 seconds
[2023-11-09T11:44:09.309+0000][2522.789s][debug][safepoint     ] Safepoint synchronization initiated. (169 threads)
[2023-11-09T11:44:09.309+0000][2522.790s][info ][safepoint     ] Application time: 1.0009567 seconds
[2023-11-09T11:44:09.310+0000][2522.790s][info ][safepoint     ] Entering safepoint region: Cleanup
[2023-11-09T11:44:09.311+0000][2522.791s][info ][safepoint     ] Leaving safepoint region
[2023-11-09T11:44:09.311+0000][2522.792s][info ][safepoint     ] Total time for which application threads were stopped: 0.0013777 seconds, Stopping threads took: 0.0006275 seconds
[2023-11-09T11:44:10.312+0000][2523.792s][debug][safepoint     ] Safepoint synchronization initiated. (169 threads)
[2023-11-09T11:44:10.313+0000][2523.793s][info ][safepoint     ] Application time: 1.0008840 seconds
[2023-11-09T11:44:10.313+0000][2523.794s][info ][safepoint     ] Entering safepoint region: Cleanup
[2023-11-09T11:44:10.314+0000][2523.794s][info ][safepoint     ] Leaving safepoint region
[2023-11-09T11:44:10.315+0000][2523.795s][info ][safepoint     ] Total time for which application threads were stopped: 0.0012337 seconds, Stopping threads took: 0.0005295 seconds
[2023-11-09T11:44:11.315+0000][2524.796s][debug][safepoint     ] Safepoint synchronization initiated. (169 threads)
[2023-11-09T11:44:11.316+0000][2524.796s][info ][safepoint     ] Application time: 1.0005450 seconds
[2023-11-09T11:44:11.316+0000][2524.796s][info ][safepoint     ] Entering safepoint region: Cleanup
[2023-11-09T11:44:11.316+0000][2524.797s][info ][safepoint     ] Leaving safepoint region
[2023-11-09T11:44:11.317+0000][2524.797s][info ][safepoint     ] Total time for which application threads were stopped: 0.0007075 seconds, Stopping threads took: 0.0003036 seconds
[2023-11-09T11:44:12.317+0000][2525.797s][debug][safepoint     ] Safepoint synchronization initiated. (169 threads)
[2023-11-09T11:44:12.318+0000][2525.798s][info ][safepoint     ] Application time: 1.0006999 seconds
[2023-11-09T11:44:12.318+0000][2525.798s][info ][safepoint     ] Entering safepoint region: Cleanup
[2023-11-09T11:44:12.319+0000][2525.799s][info ][safepoint     ] Leaving safepoint region
[2023-11-09T11:44:12.319+0000][2525.799s][info ][safepoint     ] Total time for which application threads were stopped: 0.0011064 seconds, Stopping threads took: 0.0004924 seconds
[2023-11-09T11:44:13.320+0000][2526.800s][debug][safepoint     ] Safepoint synchronization initiated. (169 threads)
[2023-11-09T11:44:13.321+0000][2526.801s][info ][safepoint     ] Application time: 1.0011660 seconds
[2023-11-09T11:44:13.321+0000][2526.802s][info ][safepoint     ] Entering safepoint region: Cleanup
[2023-11-09T11:44:13.322+0000][2526.803s][info ][safepoint     ] Leaving safepoint region
[2023-11-09T11:44:13.323+0000][2526.804s][info ][safepoint     ] Total time for which application threads were stopped: 0.0017561 seconds, Stopping threads took: 0.0007559 seconds
[2023-11-09T11:44:14.324+0000][2527.804s][debug][safepoint     ] Safepoint synchronization initiated. (169 threads)
[2023-11-09T11:44:14.324+0000][2527.805s][info ][safepoint     ] Application time: 1.0006925 seconds
[2023-11-09T11:44:14.325+0000][2527.806s][info ][safepoint     ] Entering safepoint region: Cleanup
[2023-11-09T11:44:14.326+0000][2527.807s][info ][safepoint     ] Leaving safepoint region
[2023-11-09T11:44:14.327+0000][2527.807s][info ][safepoint     ] Total time for which application threads were stopped: 0.0017075 seconds, Stopping threads took: 0.0008182 seconds
[2023-11-09T11:44:15.328+0000][2528.808s][debug][safepoint     ] Safepoint synchronization initiated. (169 threads)
[2023-11-09T11:44:15.329+0000][2528.809s][info ][safepoint     ] Application time: 1.0009930 seconds
[2023-11-09T11:44:15.329+0000][2528.810s][info ][safepoint     ] Entering safepoint region: Cleanup
[2023-11-09T11:44:15.330+0000][2528.811s][info ][safepoint     ] Leaving safepoint region
[2023-11-09T11:44:15.331+0000][2528.811s][info ][safepoint     ] Total time for which application threads were stopped: 0.0013545 seconds, Stopping threads took: 0.0006072 seconds
[2023-11-09T11:44:16.331+0000][2529.812s][debug][safepoint     ] Safepoint synchronization initiated. (169 threads)
[2023-11-09T11:44:16.332+0000][2529.813s][info ][safepoint     ] Application time: 1.0012062 seconds
[2023-11-09T11:44:16.333+0000][2529.814s][info ][safepoint     ] Entering safepoint region: Cleanup
[2023-11-09T11:44:16.334+0000][2529.815s][info ][safepoint     ] Leaving safepoint region
[2023-11-09T11:44:16.335+0000][2529.815s][info ][safepoint     ] Total time for which application threads were stopped: 0.0014853 seconds, Stopping threads took: 0.0008283 seconds
[2023-11-09T11:44:17.335+0000][2530.816s][debug][safepoint     ] Safepoint synchronization initiated. (169 threads)
[2023-11-09T11:44:17.336+0000][2530.816s][info ][safepoint     ] Application time: 1.0008732 seconds
[2023-11-09T11:44:17.337+0000][2530.817s][info ][safepoint     ] Entering safepoint region: Cleanup
[2023-11-09T11:44:17.337+0000][2530.818s][info ][safepoint     ] Leaving safepoint region
[2023-11-09T11:44:17.338+0000][2530.818s][info ][safepoint     ] Total time for which application threads were stopped: 0.0011646 seconds, Stopping threads took: 0.0006211 seconds
[2023-11-09T11:44:18.338+0000][2531.819s][debug][safepoint     ] Safepoint synchronization initiated. (169 threads)
[2023-11-09T11:44:18.340+0000][2531.820s][info ][safepoint     ] Application time: 1.0012714 seconds
[2023-11-09T11:44:18.340+0000][2531.821s][info ][safepoint     ] Entering safepoint region: Cleanup
[2023-11-09T11:44:18.341+0000][2531.821s][info ][safepoint     ] Leaving safepoint region
[2023-11-09T11:44:18.342+0000][2531.822s][info ][safepoint     ] Total time for which application threads were stopped: 0.0014872 seconds, Stopping threads took: 0.0005921 seconds
[2023-11-09T11:44:19.343+0000][2532.823s][debug][safepoint     ] Safepoint synchronization initiated. (169 threads)
[2023-11-09T11:44:19.343+0000][2532.824s][info ][safepoint     ] Application time: 1.0008064 seconds
[2023-11-09T11:44:19.344+0000][2532.824s][info ][safepoint     ] Entering safepoint region: Cleanup
[2023-11-09T11:44:19.345+0000][2532.825s][info ][safepoint     ] Leaving safepoint region
[2023-11-09T11:44:19.345+0000][2532.825s][info ][safepoint     ] Total time for which application threads were stopped: 0.0011745 seconds, Stopping threads took: 0.0005758 seconds
[2023-11-09T11:44:20.346+0000][2533.826s][debug][safepoint     ] Safepoint synchronization initiated. (169 threads)
[2023-11-09T11:44:20.347+0000][2533.827s][info ][safepoint     ] Application time: 1.0016231 seconds
[2023-11-09T11:44:20.348+0000][2533.828s][info ][safepoint     ] Entering safepoint region: Cleanup
[2023-11-09T11:44:20.349+0000][2533.830s][info ][safepoint     ] Leaving safepoint region
[2023-11-09T11:44:20.350+0000][2533.830s][info ][safepoint     ] Total time for which application threads were stopped: 0.0020093 seconds, Stopping threads took: 0.0009307 seconds
[2023-11-09T11:44:21.351+0000][2534.831s][debug][safepoint     ] Safepoint synchronization initiated. (169 threads)
[2023-11-09T11:44:21.352+0000][2534.832s][info ][safepoint     ] Application time: 1.0005815 seconds
[2023-11-09T11:44:21.352+0000][2534.832s][info ][safepoint     ] Entering safepoint region: Cleanup
[2023-11-09T11:44:21.352+0000][2534.833s][info ][safepoint     ] Leaving safepoint region
[2023-11-09T11:44:21.353+0000][2534.833s][info ][safepoint     ] Total time for which application threads were stopped: 0.0007892 seconds, Stopping threads took: 0.0003437 seconds
[2023-11-09T11:44:22.353+0000][2535.833s][debug][safepoint     ] Safepoint synchronization initiated. (169 threads)
[2023-11-09T11:44:22.353+0000][2535.834s][info ][safepoint     ] Application time: 1.0005560 seconds
[2023-11-09T11:44:22.354+0000][2535.834s][info ][safepoint     ] Entering safepoint region: Cleanup
[2023-11-09T11:44:22.354+0000][2535.835s][info ][safepoint     ] Leaving safepoint region
[2023-11-09T11:44:22.355+0000][2535.835s][info ][safepoint     ] Total time for which application threads were stopped: 0.0008042 seconds, Stopping threads took: 0.0003372 seconds
[2023-11-09T11:44:23.355+0000][2536.835s][debug][safepoint     ] Safepoint synchronization initiated. (169 threads)
[2023-11-09T11:44:23.356+0000][2536.836s][info ][safepoint     ] Application time: 1.0008334 seconds
[2023-11-09T11:44:23.356+0000][2536.837s][info ][safepoint     ] Entering safepoint region: Cleanup
[2023-11-09T11:44:23.357+0000][2536.837s][info ][safepoint     ] Leaving safepoint region
[2023-11-09T11:44:23.357+0000][2536.838s][info ][safepoint     ] Total time for which application threads were stopped: 0.0012954 seconds, Stopping threads took: 0.0005013 seconds
[2023-11-09T11:44:24.358+0000][2537.838s][debug][safepoint     ] Safepoint synchronization initiated. (169 threads)
[2023-11-09T11:44:24.359+0000][2537.839s][info ][safepoint     ] Application time: 1.0005713 seconds
[2023-11-09T11:44:24.359+0000][2537.839s][info ][safepoint     ] Entering safepoint region: Cleanup
[2023-11-09T11:44:24.359+0000][2537.840s][info ][safepoint     ] Leaving safepoint region
[2023-11-09T11:44:24.360+0000][2537.840s][info ][safepoint     ] Total time for which application threads were stopped: 0.0008808 seconds, Stopping threads took: 0.0003745 seconds
[2023-11-09T11:44:25.360+0000][2538.841s][debug][safepoint     ] Safepoint synchronization initiated. (169 threads)
[2023-11-09T11:44:25.361+0000][2538.841s][info ][safepoint     ] Application time: 1.0008273 seconds
[2023-11-09T11:44:25.361+0000][2538.842s][info ][safepoint     ] Entering safepoint region: Cleanup
[2023-11-09T11:44:25.362+0000][2538.842s][info ][safepoint     ] Leaving safepoint region
[2023-11-09T11:44:25.363+0000][2538.843s][info ][safepoint     ] Total time for which application threads were stopped: 0.0011082 seconds, Stopping threads took: 0.0004461 seconds
[2023-11-09T11:44:26.363+0000][2539.844s][debug][safepoint     ] Safepoint synchronization initiated. (169 threads)
[2023-11-09T11:44:26.364+0000][2539.844s][info ][safepoint     ] Application time: 1.0006244 seconds
[2023-11-09T11:44:26.364+0000][2539.844s][info ][safepoint     ] Entering safepoint region: Cleanup
[2023-11-09T11:44:26.365+0000][2539.845s][info ][safepoint     ] Leaving safepoint region
[2023-11-09T11:44:26.365+0000][2539.846s][info ][safepoint     ] Total time for which application threads were stopped: 0.0012112 seconds, Stopping threads took: 0.0004545 seconds
[2023-11-09T11:44:27.366+0000][2540.846s][debug][safepoint     ] Safepoint synchronization initiated. (169 threads)
[2023-11-09T11:44:27.366+0000][2540.847s][info ][safepoint     ] Application time: 1.0005358 seconds
[2023-11-09T11:44:27.367+0000][2540.847s][info ][safepoint     ] Entering safepoint region: Cleanup
[2023-11-09T11:44:27.367+0000][2540.847s][info ][safepoint     ] Leaving safepoint region
[2023-11-09T11:44:27.367+0000][2540.848s][info ][safepoint     ] Total time for which application threads were stopped: 0.0007387 seconds, Stopping threads took: 0.0002937 seconds
[2023-11-09T11:44:28.368+0000][2541.848s][debug][safepoint     ] Safepoint synchronization initiated. (169 threads)
[2023-11-09T11:44:28.368+0000][2541.849s][info ][safepoint     ] Application time: 1.0008194 seconds
[2023-11-09T11:44:28.369+0000][2541.849s][info ][safepoint     ] Entering safepoint region: Cleanup
[2023-11-09T11:44:28.370+0000][2541.850s][info ][safepoint     ] Leaving safepoint region
[2023-11-09T11:44:28.370+0000][2541.851s][info ][safepoint     ] Total time for which application threads were stopped: 0.0014321 seconds, Stopping threads took: 0.0005962 seconds
[2023-11-09T11:44:29.371+0000][2542.852s][debug][safepoint     ] Safepoint synchronization initiated. (169 threads)
[2023-11-09T11:44:29.372+0000][2542.852s][info ][safepoint     ] Application time: 1.0010008 seconds
[2023-11-09T11:44:29.372+0000][2542.853s][info ][safepoint     ] Entering safepoint region: Cleanup
[2023-11-09T11:44:29.373+0000][2542.854s][info ][safepoint     ] Leaving safepoint region
[2023-11-09T11:44:29.374+0000][2542.854s][info ][safepoint     ] Total time for which application threads were stopped: 0.0012720 seconds, Stopping threads took: 0.0005786 seconds
[2023-11-09T11:44:30.374+0000][2543.855s][debug][safepoint     ] Safepoint synchronization initiated. (169 threads)
[2023-11-09T11:44:30.375+0000][2543.855s][info ][safepoint     ] Application time: 1.0006365 seconds
[2023-11-09T11:44:30.375+0000][2543.856s][info ][safepoint     ] Entering safepoint region: Cleanup
[2023-11-09T11:44:30.376+0000][2543.856s][info ][safepoint     ] Leaving safepoint region
[2023-11-09T11:44:30.376+0000][2543.857s][info ][safepoint     ] Total time for which application threads were stopped: 0.0010544 seconds, Stopping threads took: 0.0004654 seconds
[2023-11-09T11:44:31.377+0000][2544.857s][debug][safepoint     ] Safepoint synchronization initiated. (169 threads)
[2023-11-09T11:44:31.377+0000][2544.857s][info ][safepoint     ] Application time: 1.0005522 seconds
[2023-11-09T11:44:31.378+0000][2544.858s][info ][safepoint     ] Entering safepoint region: Cleanup
[2023-11-09T11:44:31.378+0000][2544.859s][info ][safepoint     ] Leaving safepoint region
[2023-11-09T11:44:31.379+0000][2544.859s][info ][safepoint     ] Total time for which application threads were stopped: 0.0010708 seconds, Stopping threads took: 0.0005077 seconds
[2023-11-09T11:44:32.379+0000][2545.860s][debug][safepoint     ] Safepoint synchronization initiated. (169 threads)
[2023-11-09T11:44:32.380+0000][2545.861s][info ][safepoint     ] Application time: 1.0011279 seconds
[2023-11-09T11:44:32.381+0000][2545.861s][info ][safepoint     ] Entering safepoint region: Cleanup
[2023-11-09T11:44:32.382+0000][2545.862s][info ][safepoint     ] Leaving safepoint region
[2023-11-09T11:44:32.382+0000][2545.863s][info ][safepoint     ] Total time for which application threads were stopped: 0.0015937 seconds, Stopping threads took: 0.0007619 seconds
[2023-11-09T11:44:33.383+0000][2546.864s][debug][safepoint     ] Safepoint synchronization initiated. (169 threads)
[2023-11-09T11:44:33.384+0000][2546.864s][info ][safepoint     ] Application time: 1.0007607 seconds
[2023-11-09T11:44:33.384+0000][2546.865s][info ][safepoint     ] Entering safepoint region: Cleanup
[2023-11-09T11:44:33.385+0000][2546.865s][info ][safepoint     ] Leaving safepoint region
[2023-11-09T11:44:33.385+0000][2546.866s][info ][safepoint     ] Total time for which application threads were stopped: 0.0010997 seconds, Stopping threads took: 0.0004695 seconds
[2023-11-09T11:44:34.386+0000][2547.866s][debug][safepoint     ] Safepoint synchronization initiated. (169 threads)
[2023-11-09T11:44:34.387+0000][2547.867s][info ][safepoint     ] Application time: 1.0010801 seconds
[2023-11-09T11:44:34.388+0000][2547.868s][info ][safepoint     ] Entering safepoint region: Cleanup
[2023-11-09T11:44:34.388+0000][2547.869s][info ][safepoint     ] Leaving safepoint region
[2023-11-09T11:44:34.389+0000][2547.869s][info ][safepoint     ] Total time for which application threads were stopped: 0.0014540 seconds, Stopping threads took: 0.0005499 seconds
[2023-11-09T11:44:35.390+0000][2548.870s][debug][safepoint     ] Safepoint synchronization initiated. (169 threads)
[2023-11-09T11:44:35.390+0000][2548.871s][info ][safepoint     ] Application time: 1.0008626 seconds
[2023-11-09T11:44:35.391+0000][2548.872s][info ][safepoint     ] Entering safepoint region: Cleanup
[2023-11-09T11:44:35.392+0000][2548.872s][info ][safepoint     ] Leaving safepoint region
[2023-11-09T11:44:35.393+0000][2548.873s][info ][safepoint     ] Total time for which application threads were stopped: 0.0014906 seconds, Stopping threads took: 0.0006527 seconds
[2023-11-09T11:44:36.393+0000][2549.874s][debug][safepoint     ] Safepoint synchronization initiated. (169 threads)
[2023-11-09T11:44:36.394+0000][2549.875s][info ][safepoint     ] Application time: 1.0011515 seconds
[2023-11-09T11:44:36.395+0000][2549.876s][info ][safepoint     ] Entering safepoint region: Cleanup
[2023-11-09T11:44:36.397+0000][2549.877s][info ][safepoint     ] Leaving safepoint region
[2023-11-09T11:44:36.397+0000][2549.878s][info ][safepoint     ] Total time for which application threads were stopped: 0.0020285 seconds, Stopping threads took: 0.0010504 seconds
[2023-11-09T11:44:37.398+0000][2550.878s][debug][safepoint     ] Safepoint synchronization initiated. (169 threads)
[2023-11-09T11:44:37.398+0000][2550.879s][info ][safepoint     ] Application time: 1.0006654 seconds
[2023-11-09T11:44:37.399+0000][2550.880s][info ][safepoint     ] Entering safepoint region: Cleanup
[2023-11-09T11:44:37.400+0000][2550.880s][info ][safepoint     ] Leaving safepoint region
[2023-11-09T11:44:37.400+0000][2550.881s][info ][safepoint     ] Total time for which application threads were stopped: 0.0010891 seconds, Stopping threads took: 0.0004293 seconds
[2023-11-09T11:44:38.401+0000][2551.881s][debug][safepoint     ] Safepoint synchronization initiated. (169 threads)
[2023-11-09T11:44:38.402+0000][2551.882s][info ][safepoint     ] Application time: 1.0008960 seconds
[2023-11-09T11:44:38.402+0000][2551.883s][info ][safepoint     ] Entering safepoint region: Cleanup
[2023-11-09T11:44:38.403+0000][2551.883s][info ][safepoint     ] Leaving safepoint region
[2023-11-09T11:44:38.403+0000][2551.884s][info ][safepoint     ] Total time for which application threads were stopped: 0.0011667 seconds, Stopping threads took: 0.0004894 seconds
[2023-11-09T11:44:39.404+0000][2552.884s][debug][safepoint     ] Safepoint synchronization initiated. (169 threads)
[2023-11-09T11:44:39.405+0000][2552.886s][info ][safepoint     ] Application time: 1.0014288 seconds
[2023-11-09T11:44:39.406+0000][2552.887s][info ][safepoint     ] Entering safepoint region: Cleanup
[2023-11-09T11:44:39.407+0000][2552.888s][info ][safepoint     ] Leaving safepoint region
[2023-11-09T11:44:39.408+0000][2552.888s][info ][safepoint     ] Total time for which application threads were stopped: 0.0018716 seconds, Stopping threads took: 0.0009203 seconds
[2023-11-09T11:44:40.409+0000][2553.889s][debug][safepoint     ] Safepoint synchronization initiated. (169 threads)
[2023-11-09T11:44:40.410+0000][2553.890s][info ][safepoint     ] Application time: 1.0007092 seconds
[2023-11-09T11:44:40.410+0000][2553.890s][info ][safepoint     ] Entering safepoint region: Cleanup
[2023-11-09T11:44:40.411+0000][2553.891s][info ][safepoint     ] Leaving safepoint region
[2023-11-09T11:44:40.411+0000][2553.891s][info ][safepoint     ] Total time for which application threads were stopped: 0.0009496 seconds, Stopping threads took: 0.0004117 seconds
[2023-11-09T11:44:41.411+0000][2554.892s][debug][safepoint     ] Safepoint synchronization initiated. (169 threads)
[2023-11-09T11:44:41.412+0000][2554.892s][info ][safepoint     ] Application time: 1.0007111 seconds
[2023-11-09T11:44:41.413+0000][2554.893s][info ][safepoint     ] Entering safepoint region: Cleanup
[2023-11-09T11:44:41.413+0000][2554.894s][info ][safepoint     ] Leaving safepoint region
[2023-11-09T11:44:41.414+0000][2554.894s][info ][safepoint     ] Total time for which application threads were stopped: 0.0012457 seconds, Stopping threads took: 0.0004617 seconds
[2023-11-09T11:44:41.413+0000][2554.894s][debug][safepoint     ] ... found polling page return exception at pc = 0x00007fb4f0d6dc84, stub =0x00007fb4e8840600
[2023-11-09T11:44:41.413+0000][2554.894s][debug][safepoint     ] ... found polling page return exception at pc = 0x00007fb4f0d6dc84, stub =0x00007fb4e8840600
[2023-11-09T11:44:41.413+0000][2554.894s][debug][safepoint     ] ... found polling page return exception at pc = 0x00007fb4f0d6dc84, stub =0x00007fb4e8840600
[2023-11-09T11:44:42.414+0000][2555.895s][debug][safepoint     ] Safepoint synchronization initiated. (169 threads)
[2023-11-09T11:44:42.415+0000][2555.895s][info ][safepoint     ] Application time: 1.0008215 seconds
[2023-11-09T11:44:42.415+0000][2555.896s][info ][safepoint     ] Entering safepoint region: Cleanup
[2023-11-09T11:44:42.416+0000][2555.896s][info ][safepoint     ] Leaving safepoint region
[2023-11-09T11:44:42.416+0000][2555.897s][info ][safepoint     ] Total time for which application threads were stopped: 0.0010168 seconds, Stopping threads took: 0.0003559 seconds
[2023-11-09T11:44:43.417+0000][2556.897s][debug][safepoint     ] Safepoint synchronization initiated. (169 threads)
[2023-11-09T11:44:43.418+0000][2556.898s][info ][safepoint     ] Application time: 1.0012870 seconds
[2023-11-09T11:44:43.419+0000][2556.899s][info ][safepoint     ] Entering safepoint region: Cleanup
[2023-11-09T11:44:43.420+0000][2556.900s][info ][safepoint     ] Leaving safepoint region
[2023-11-09T11:44:43.421+0000][2556.901s][info ][safepoint     ] Total time for which application threads were stopped: 0.0020334 seconds, Stopping threads took: 0.0008955 seconds
[2023-11-09T11:44:44.422+0000][2557.902s][debug][safepoint     ] Safepoint synchronization initiated. (169 threads)
[2023-11-09T11:44:44.423+0000][2557.903s][info ][safepoint     ] Application time: 1.0012239 seconds
[2023-11-09T11:44:44.424+0000][2557.904s][info ][safepoint     ] Entering safepoint region: Cleanup
[2023-11-09T11:44:44.425+0000][2557.905s][info ][safepoint     ] Leaving safepoint region
[2023-11-09T11:44:44.425+0000][2557.906s][info ][safepoint     ] Total time for which application threads were stopped: 0.0016734 seconds, Stopping threads took: 0.0008519 seconds
[2023-11-09T11:44:45.426+0000][2558.907s][debug][safepoint     ] Safepoint synchronization initiated. (169 threads)
[2023-11-09T11:44:45.427+0000][2558.907s][info ][safepoint     ] Application time: 1.0009511 seconds
[2023-11-09T11:44:45.428+0000][2558.908s][info ][safepoint     ] Entering safepoint region: Cleanup
[2023-11-09T11:44:45.428+0000][2558.909s][info ][safepoint     ] Leaving safepoint region
[2023-11-09T11:44:45.429+0000][2558.909s][info ][safepoint     ] Total time for which application threads were stopped: 0.0012624 seconds, Stopping threads took: 0.0005026 seconds
[2023-11-09T11:44:46.430+0000][2559.910s][debug][safepoint     ] Safepoint synchronization initiated. (169 threads)
[2023-11-09T11:44:46.430+0000][2559.910s][info ][safepoint     ] Application time: 1.0006398 seconds
[2023-11-09T11:44:46.430+0000][2559.911s][info ][safepoint     ] Entering safepoint region: Cleanup
[2023-11-09T11:44:46.431+0000][2559.911s][info ][safepoint     ] Leaving safepoint region
[2023-11-09T11:44:46.431+0000][2559.911s][info ][safepoint     ] Total time for which application threads were stopped: 0.0007065 seconds, Stopping threads took: 0.0002892 seconds
[2023-11-09T11:44:47.432+0000][2560.912s][debug][safepoint     ] Safepoint synchronization initiated. (169 threads)
[2023-11-09T11:44:47.432+0000][2560.913s][info ][safepoint     ] Application time: 1.0009852 seconds
[2023-11-09T11:44:47.433+0000][2560.913s][info ][safepoint     ] Entering safepoint region: Cleanup
[2023-11-09T11:44:47.434+0000][2560.914s][info ][safepoint     ] Leaving safepoint region
[2023-11-09T11:44:47.435+0000][2560.915s][info ][safepoint     ] Total time for which application threads were stopped: 0.0015250 seconds, Stopping threads took: 0.0007465 seconds
[2023-11-09T11:44:48.435+0000][2561.916s][debug][safepoint     ] Safepoint synchronization initiated. (169 threads)
[2023-11-09T11:44:48.436+0000][2561.916s][info ][safepoint     ] Application time: 1.0006603 seconds
[2023-11-09T11:44:48.436+0000][2561.917s][info ][safepoint     ] Entering safepoint region: Cleanup
[2023-11-09T11:44:48.437+0000][2561.917s][info ][safepoint     ] Leaving safepoint region
[2023-11-09T11:44:48.437+0000][2561.917s][info ][safepoint     ] Total time for which application threads were stopped: 0.0008368 seconds, Stopping threads took: 0.0003414 seconds
[2023-11-09T11:44:49.438+0000][2562.918s][debug][safepoint     ] Safepoint synchronization initiated. (169 threads)
[2023-11-09T11:44:49.439+0000][2562.919s][info ][safepoint     ] Application time: 1.0009677 seconds
[2023-11-09T11:44:49.439+0000][2562.920s][info ][safepoint     ] Entering safepoint region: Cleanup
[2023-11-09T11:44:49.440+0000][2562.920s][info ][safepoint     ] Leaving safepoint region
[2023-11-09T11:44:49.440+0000][2562.921s][info ][safepoint     ] Total time for which application threads were stopped: 0.0011458 seconds, Stopping threads took: 0.0004587 seconds
[2023-11-09T11:44:50.441+0000][2563.922s][debug][safepoint     ] Safepoint synchronization initiated. (169 threads)
[2023-11-09T11:44:50.442+0000][2563.922s][info ][safepoint     ] Application time: 1.0011799 seconds
[2023-11-09T11:44:50.443+0000][2563.923s][info ][safepoint     ] Entering safepoint region: Cleanup
[2023-11-09T11:44:50.444+0000][2563.924s][info ][safepoint     ] Leaving safepoint region
[2023-11-09T11:44:50.444+0000][2563.925s][info ][safepoint     ] Total time for which application threads were stopped: 0.0016283 seconds, Stopping threads took: 0.0006945 seconds
[2023-11-09T11:44:51.445+0000][2564.925s][debug][safepoint     ] Safepoint synchronization initiated. (169 threads)
[2023-11-09T11:44:51.447+0000][2564.927s][info ][safepoint     ] Application time: 1.0020755 seconds
[2023-11-09T11:44:51.448+0000][2564.928s][info ][safepoint     ] Entering safepoint region: Cleanup
[2023-11-09T11:44:51.448+0000][2564.929s][info ][safepoint     ] Leaving safepoint region
[2023-11-09T11:44:51.449+0000][2564.929s][info ][safepoint     ] Total time for which application threads were stopped: 0.0013359 seconds, Stopping threads took: 0.0005034 seconds
[2023-11-09T11:44:52.449+0000][2565.930s][debug][safepoint     ] Safepoint synchronization initiated. (169 threads)
[2023-11-09T11:44:52.450+0000][2565.930s][info ][safepoint     ] Application time: 1.0008403 seconds
[2023-11-09T11:44:52.451+0000][2565.931s][info ][safepoint     ] Entering safepoint region: Cleanup
[2023-11-09T11:44:52.451+0000][2565.932s][info ][safepoint     ] Leaving safepoint region
[2023-11-09T11:44:52.452+0000][2565.932s][info ][safepoint     ] Total time for which application threads were stopped: 0.0012591 seconds, Stopping threads took: 0.0005524 seconds
[2023-11-09T11:44:53.453+0000][2566.933s][debug][safepoint     ] Safepoint synchronization initiated. (168 threads)
[2023-11-09T11:44:53.453+0000][2566.933s][info ][safepoint     ] Application time: 1.0005420 seconds
[2023-11-09T11:44:53.453+0000][2566.934s][info ][safepoint     ] Entering safepoint region: Cleanup
[2023-11-09T11:44:53.454+0000][2566.934s][info ][safepoint     ] Leaving safepoint region
[2023-11-09T11:44:53.454+0000][2566.934s][info ][safepoint     ] Total time for which application threads were stopped: 0.0008444 seconds, Stopping threads took: 0.0003512 seconds
[2023-11-09T11:44:54.455+0000][2567.935s][debug][safepoint     ] Safepoint synchronization initiated. (168 threads)
[2023-11-09T11:44:54.456+0000][2567.936s][info ][safepoint     ] Application time: 1.0006945 seconds
[2023-11-09T11:44:54.456+0000][2567.936s][info ][safepoint     ] Entering safepoint region: Cleanup
[2023-11-09T11:44:54.457+0000][2567.937s][info ][safepoint     ] Leaving safepoint region
[2023-11-09T11:44:54.457+0000][2567.938s][info ][safepoint     ] Total time for which application threads were stopped: 0.0012004 seconds, Stopping threads took: 0.0004726 seconds
[2023-11-09T11:44:55.458+0000][2568.938s][debug][safepoint     ] Safepoint synchronization initiated. (168 threads)
[2023-11-09T11:44:55.458+0000][2568.939s][info ][safepoint     ] Application time: 1.0007524 seconds
[2023-11-09T11:44:55.459+0000][2568.939s][info ][safepoint     ] Entering safepoint region: Cleanup
[2023-11-09T11:44:55.460+0000][2568.940s][info ][safepoint     ] Leaving safepoint region
[2023-11-09T11:44:55.460+0000][2568.941s][info ][safepoint     ] Total time for which application threads were stopped: 0.0012425 seconds, Stopping threads took: 0.0005446 seconds
[2023-11-09T11:44:56.462+0000][2569.942s][debug][safepoint     ] Safepoint synchronization initiated. (168 threads)
[2023-11-09T11:44:56.462+0000][2569.942s][info ][safepoint     ] Application time: 1.0007996 seconds
[2023-11-09T11:44:56.463+0000][2569.943s][info ][safepoint     ] Entering safepoint region: Cleanup
[2023-11-09T11:44:56.463+0000][2569.944s][info ][safepoint     ] Leaving safepoint region
[2023-11-09T11:44:56.464+0000][2569.944s][info ][safepoint     ] Total time for which application threads were stopped: 0.0013416 seconds, Stopping threads took: 0.0005660 seconds
[2023-11-09T11:44:57.465+0000][2570.945s][debug][safepoint     ] Safepoint synchronization initiated. (168 threads)
[2023-11-09T11:44:57.465+0000][2570.946s][info ][safepoint     ] Application time: 1.0007408 seconds
[2023-11-09T11:44:57.466+0000][2570.946s][info ][safepoint     ] Entering safepoint region: Cleanup
[2023-11-09T11:44:57.466+0000][2570.947s][info ][safepoint     ] Leaving safepoint region
[2023-11-09T11:44:57.467+0000][2570.947s][info ][safepoint     ] Total time for which application threads were stopped: 0.0011769 seconds, Stopping threads took: 0.0005920 seconds
[2023-11-09T11:44:58.468+0000][2571.948s][debug][safepoint     ] Safepoint synchronization initiated. (168 threads)
[2023-11-09T11:44:58.468+0000][2571.948s][info ][safepoint     ] Application time: 1.0008364 seconds
[2023-11-09T11:44:58.469+0000][2571.949s][info ][safepoint     ] Entering safepoint region: Cleanup
[2023-11-09T11:44:58.469+0000][2571.950s][info ][safepoint     ] Leaving safepoint region
[2023-11-09T11:44:58.470+0000][2571.950s][info ][safepoint     ] Total time for which application threads were stopped: 0.0011109 seconds, Stopping threads took: 0.0005238 seconds
[2023-11-09T11:44:59.470+0000][2572.951s][debug][safepoint     ] Safepoint synchronization initiated. (168 threads)
[2023-11-09T11:44:59.471+0000][2572.951s][info ][safepoint     ] Application time: 1.0009450 seconds
[2023-11-09T11:44:59.472+0000][2572.952s][info ][safepoint     ] Entering safepoint region: Cleanup
[2023-11-09T11:44:59.472+0000][2572.953s][info ][safepoint     ] Leaving safepoint region
[2023-11-09T11:44:59.473+0000][2572.953s][info ][safepoint     ] Total time for which application threads were stopped: 0.0012018 seconds, Stopping threads took: 0.0005116 seconds
[2023-11-09T11:45:00.474+0000][2573.954s][debug][safepoint     ] Safepoint synchronization initiated. (168 threads)
[2023-11-09T11:45:00.474+0000][2573.955s][info ][safepoint     ] Application time: 1.0010362 seconds
[2023-11-09T11:45:00.475+0000][2573.955s][info ][safepoint     ] Entering safepoint region: Cleanup
[2023-11-09T11:45:00.476+0000][2573.956s][info ][safepoint     ] Leaving safepoint region
[2023-11-09T11:45:00.477+0000][2573.957s][info ][safepoint     ] Total time for which application threads were stopped: 0.0014521 seconds, Stopping threads took: 0.0005987 seconds
[2023-11-09T11:45:01.477+0000][2574.958s][debug][safepoint     ] Safepoint synchronization initiated. (168 threads)
[2023-11-09T11:45:01.478+0000][2574.958s][info ][safepoint     ] Application time: 1.0008876 seconds
[2023-11-09T11:45:01.478+0000][2574.959s][info ][safepoint     ] Entering safepoint region: Cleanup
[2023-11-09T11:45:01.479+0000][2574.959s][info ][safepoint     ] Leaving safepoint region
[2023-11-09T11:45:01.480+0000][2574.960s][info ][safepoint     ] Total time for which application threads were stopped: 0.0013329 seconds, Stopping threads took: 0.0005903 seconds
[2023-11-09T11:45:02.480+0000][2575.961s][debug][safepoint     ] Safepoint synchronization initiated. (168 threads)
[2023-11-09T11:45:02.481+0000][2575.961s][info ][safepoint     ] Application time: 1.0009771 seconds
[2023-11-09T11:45:02.482+0000][2575.962s][info ][safepoint     ] Entering safepoint region: Cleanup
[2023-11-09T11:45:02.482+0000][2575.963s][info ][safepoint     ] Leaving safepoint region
[2023-11-09T11:45:02.483+0000][2575.963s][info ][safepoint     ] Total time for which application threads were stopped: 0.0011513 seconds, Stopping threads took: 0.0004860 seconds
[2023-11-09T11:45:03.484+0000][2576.964s][debug][safepoint     ] Safepoint synchronization initiated. (168 threads)
[2023-11-09T11:45:03.484+0000][2576.965s][info ][safepoint     ] Application time: 1.0009346 seconds
[2023-11-09T11:45:03.485+0000][2576.965s][info ][safepoint     ] Entering safepoint region: Cleanup
[2023-11-09T11:45:03.486+0000][2576.966s][info ][safepoint     ] Leaving safepoint region
[2023-11-09T11:45:03.486+0000][2576.966s][info ][safepoint     ] Total time for which application threads were stopped: 0.0012176 seconds, Stopping threads took: 0.0005517 seconds
[2023-11-09T11:45:04.487+0000][2577.967s][debug][safepoint     ] Safepoint synchronization initiated. (168 threads)
[2023-11-09T11:45:04.487+0000][2577.968s][info ][safepoint     ] Application time: 1.0009001 seconds
[2023-11-09T11:45:04.488+0000][2577.968s][debug][safepoint     ] Waiting for 1 thread(s) to block
[2023-11-09T11:45:04.489+0000][2577.969s][info ][safepoint     ] Entering safepoint region: Cleanup
[2023-11-09T11:45:04.489+0000][2577.969s][info ][safepoint     ] Leaving safepoint region
[2023-11-09T11:45:04.490+0000][2577.970s][info ][safepoint     ] Total time for which application threads were stopped: 0.0016697 seconds, Stopping threads took: 0.0010435 seconds
[2023-11-09T11:45:05.490+0000][2578.970s][debug][safepoint     ] Safepoint synchronization initiated. (168 threads)
[2023-11-09T11:45:05.491+0000][2578.971s][info ][safepoint     ] Application time: 1.0010462 seconds
[2023-11-09T11:45:05.492+0000][2578.972s][info ][safepoint     ] Entering safepoint region: Cleanup
[2023-11-09T11:45:05.493+0000][2578.973s][info ][safepoint     ] Leaving safepoint region
[2023-11-09T11:45:05.494+0000][2578.974s][info ][safepoint     ] Total time for which application threads were stopped: 0.0016408 seconds, Stopping threads took: 0.0006841 seconds
[2023-11-09T11:45:06.494+0000][2579.975s][debug][safepoint     ] Safepoint synchronization initiated. (168 threads)
[2023-11-09T11:45:06.495+0000][2579.975s][info ][safepoint     ] Application time: 1.0006111 seconds
[2023-11-09T11:45:06.495+0000][2579.976s][info ][safepoint     ] Entering safepoint region: Cleanup
[2023-11-09T11:45:06.496+0000][2579.976s][info ][safepoint     ] Leaving safepoint region
[2023-11-09T11:45:06.496+0000][2579.976s][info ][safepoint     ] Total time for which application threads were stopped: 0.0008785 seconds, Stopping threads took: 0.0004022 seconds
[2023-11-09T11:45:07.497+0000][2580.977s][debug][safepoint     ] Safepoint synchronization initiated. (168 threads)
[2023-11-09T11:45:07.498+0000][2580.978s][info ][safepoint     ] Application time: 1.0014268 seconds
[2023-11-09T11:45:07.499+0000][2580.979s][info ][safepoint     ] Entering safepoint region: Cleanup
[2023-11-09T11:45:07.500+0000][2580.980s][info ][safepoint     ] Leaving safepoint region
[2023-11-09T11:45:07.501+0000][2580.981s][info ][safepoint     ] Total time for which application threads were stopped: 0.0022502 seconds, Stopping threads took: 0.0007651 seconds
[2023-11-09T11:45:08.502+0000][2581.982s][debug][safepoint     ] Safepoint synchronization initiated. (168 threads)
[2023-11-09T11:45:08.503+0000][2581.983s][info ][safepoint     ] Application time: 1.0013680 seconds
[2023-11-09T11:45:08.504+0000][2581.984s][info ][safepoint     ] Entering safepoint region: Cleanup
[2023-11-09T11:45:08.505+0000][2581.985s][info ][safepoint     ] Leaving safepoint region
[2023-11-09T11:45:08.506+0000][2581.986s][info ][safepoint     ] Total time for which application threads were stopped: 0.0020822 seconds, Stopping threads took: 0.0009637 seconds
[2023-11-09T11:45:09.507+0000][2582.987s][debug][safepoint     ] Safepoint synchronization initiated. (168 threads)
[2023-11-09T11:45:09.508+0000][2582.988s][info ][safepoint     ] Application time: 1.0014259 seconds
[2023-11-09T11:45:09.509+0000][2582.989s][info ][safepoint     ] Entering safepoint region: Cleanup
[2023-11-09T11:45:09.510+0000][2582.990s][info ][safepoint     ] Leaving safepoint region
[2023-11-09T11:45:09.511+0000][2582.991s][info ][safepoint     ] Total time for which application threads were stopped: 0.0018819 seconds, Stopping threads took: 0.0007620 seconds
[2023-11-09T11:45:10.512+0000][2583.992s][debug][safepoint     ] Safepoint synchronization initiated. (168 threads)
[2023-11-09T11:45:10.513+0000][2583.993s][info ][safepoint     ] Application time: 1.0009428 seconds
[2023-11-09T11:45:10.513+0000][2583.993s][info ][safepoint     ] Entering safepoint region: Cleanup
[2023-11-09T11:45:10.514+0000][2583.994s][info ][safepoint     ] Leaving safepoint region
[2023-11-09T11:45:10.514+0000][2583.995s][info ][safepoint     ] Total time for which application threads were stopped: 0.0013470 seconds, Stopping threads took: 0.0006897 seconds
[2023-11-09T11:45:11.515+0000][2584.995s][debug][safepoint     ] Safepoint synchronization initiated. (168 threads)
[2023-11-09T11:45:11.516+0000][2584.996s][info ][safepoint     ] Application time: 1.0009978 seconds
[2023-11-09T11:45:11.516+0000][2584.997s][info ][safepoint     ] Entering safepoint region: Cleanup
[2023-11-09T11:45:11.517+0000][2584.998s][info ][safepoint     ] Leaving safepoint region
[2023-11-09T11:45:11.518+0000][2584.998s][info ][safepoint     ] Total time for which application threads were stopped: 0.0018134 seconds, Stopping threads took: 0.0005721 seconds
[2023-11-09T11:45:12.519+0000][2585.999s][debug][safepoint     ] Safepoint synchronization initiated. (168 threads)
[2023-11-09T11:45:12.519+0000][2586.000s][info ][safepoint     ] Application time: 1.0008312 seconds
[2023-11-09T11:45:12.520+0000][2586.000s][info ][safepoint     ] Entering safepoint region: Cleanup
[2023-11-09T11:45:12.521+0000][2586.001s][info ][safepoint     ] Leaving safepoint region
[2023-11-09T11:45:12.521+0000][2586.001s][info ][safepoint     ] Total time for which application threads were stopped: 0.0012571 seconds, Stopping threads took: 0.0005335 seconds
[2023-11-09T11:45:13.522+0000][2587.002s][debug][safepoint     ] Safepoint synchronization initiated. (168 threads)
[2023-11-09T11:45:13.522+0000][2587.003s][info ][safepoint     ] Application time: 1.0008804 seconds
[2023-11-09T11:45:13.523+0000][2587.003s][info ][safepoint     ] Entering safepoint region: Cleanup
[2023-11-09T11:45:13.524+0000][2587.004s][info ][safepoint     ] Leaving safepoint region
[2023-11-09T11:45:13.524+0000][2587.004s][info ][safepoint     ] Total time for which application threads were stopped: 0.0012505 seconds, Stopping threads took: 0.0005193 seconds
[2023-11-09T11:45:14.525+0000][2588.005s][debug][safepoint     ] Safepoint synchronization initiated. (168 threads)
[2023-11-09T11:45:14.526+0000][2588.006s][info ][safepoint     ] Application time: 1.0013152 seconds
[2023-11-09T11:45:14.526+0000][2588.007s][info ][safepoint     ] Entering safepoint region: Cleanup
[2023-11-09T11:45:14.527+0000][2588.007s][info ][safepoint     ] Leaving safepoint region
[2023-11-09T11:45:14.528+0000][2588.008s][info ][safepoint     ] Total time for which application threads were stopped: 0.0011575 seconds, Stopping threads took: 0.0005029 seconds
[2023-11-09T11:45:15.528+0000][2589.008s][debug][safepoint     ] Safepoint synchronization initiated. (168 threads)
[2023-11-09T11:45:15.529+0000][2589.009s][info ][safepoint     ] Application time: 1.0009451 seconds
[2023-11-09T11:45:15.530+0000][2589.010s][info ][safepoint     ] Entering safepoint region: Cleanup
[2023-11-09T11:45:15.531+0000][2589.011s][info ][safepoint     ] Leaving safepoint region
[2023-11-09T11:45:15.532+0000][2589.012s][info ][safepoint     ] Total time for which application threads were stopped: 0.0017944 seconds, Stopping threads took: 0.0007749 seconds
[2023-11-09T11:45:16.532+0000][2590.013s][debug][safepoint     ] Safepoint synchronization initiated. (168 threads)
[2023-11-09T11:45:16.533+0000][2590.013s][info ][safepoint     ] Application time: 1.0007389 seconds
[2023-11-09T11:45:16.533+0000][2590.014s][info ][safepoint     ] Entering safepoint region: Cleanup
[2023-11-09T11:45:16.534+0000][2590.014s][info ][safepoint     ] Leaving safepoint region
[2023-11-09T11:45:16.535+0000][2590.015s][info ][safepoint     ] Total time for which application threads were stopped: 0.0011281 seconds, Stopping threads took: 0.0004892 seconds
[2023-11-09T11:45:17.535+0000][2591.015s][debug][safepoint     ] Safepoint synchronization initiated. (168 threads)
[2023-11-09T11:45:17.536+0000][2591.016s][info ][safepoint     ] Application time: 1.0012403 seconds
[2023-11-09T11:45:17.537+0000][2591.017s][info ][safepoint     ] Entering safepoint region: Cleanup
[2023-11-09T11:45:17.538+0000][2591.018s][info ][safepoint     ] Leaving safepoint region
[2023-11-09T11:45:17.539+0000][2591.019s][info ][safepoint     ] Total time for which application threads were stopped: 0.0016946 seconds, Stopping threads took: 0.0009087 seconds
[2023-11-09T11:45:18.540+0000][2592.020s][debug][safepoint     ] Safepoint synchronization initiated. (168 threads)
[2023-11-09T11:45:18.540+0000][2592.021s][info ][safepoint     ] Application time: 1.0009622 seconds
[2023-11-09T11:45:18.541+0000][2592.021s][info ][safepoint     ] Entering safepoint region: Cleanup
[2023-11-09T11:45:18.542+0000][2592.022s][info ][safepoint     ] Leaving safepoint region
[2023-11-09T11:45:18.542+0000][2592.022s][info ][safepoint     ] Total time for which application threads were stopped: 0.0011677 seconds, Stopping threads took: 0.0005230 seconds
[2023-11-09T11:45:19.543+0000][2593.023s][debug][safepoint     ] Safepoint synchronization initiated. (168 threads)
[2023-11-09T11:45:19.543+0000][2593.024s][info ][safepoint     ] Application time: 1.0008470 seconds
[2023-11-09T11:45:19.544+0000][2593.024s][info ][safepoint     ] Entering safepoint region: Cleanup
[2023-11-09T11:45:19.545+0000][2593.025s][info ][safepoint     ] Leaving safepoint region
[2023-11-09T11:45:19.545+0000][2593.025s][info ][safepoint     ] Total time for which application threads were stopped: 0.0010936 seconds, Stopping threads took: 0.0005119 seconds
[2023-11-09T11:45:20.546+0000][2594.026s][debug][safepoint     ] Safepoint synchronization initiated. (168 threads)
[2023-11-09T11:45:20.546+0000][2594.027s][info ][safepoint     ] Application time: 1.0009397 seconds
[2023-11-09T11:45:20.547+0000][2594.027s][info ][safepoint     ] Entering safepoint region: Cleanup
[2023-11-09T11:45:20.548+0000][2594.028s][info ][safepoint     ] Leaving safepoint region
[2023-11-09T11:45:20.548+0000][2594.028s][info ][safepoint     ] Total time for which application threads were stopped: 0.0012389 seconds, Stopping threads took: 0.0005538 seconds
[2023-11-09T11:45:21.549+0000][2595.029s][debug][safepoint     ] Safepoint synchronization initiated. (168 threads)
[2023-11-09T11:45:21.549+0000][2595.029s][info ][safepoint     ] Application time: 1.0005722 seconds
[2023-11-09T11:45:21.549+0000][2595.030s][info ][safepoint     ] Entering safepoint region: Cleanup
[2023-11-09T11:45:21.550+0000][2595.030s][info ][safepoint     ] Leaving safepoint region
[2023-11-09T11:45:21.550+0000][2595.030s][info ][safepoint     ] Total time for which application threads were stopped: 0.0008354 seconds, Stopping threads took: 0.0003743 seconds
[2023-11-09T11:45:22.551+0000][2596.031s][debug][safepoint     ] Safepoint synchronization initiated. (168 threads)
[2023-11-09T11:45:22.552+0000][2596.032s][info ][safepoint     ] Application time: 1.0011635 seconds
[2023-11-09T11:45:22.552+0000][2596.033s][info ][safepoint     ] Entering safepoint region: Cleanup
[2023-11-09T11:45:22.554+0000][2596.034s][info ][safepoint     ] Leaving safepoint region
[2023-11-09T11:45:22.554+0000][2596.035s][info ][safepoint     ] Total time for which application threads were stopped: 0.0019041 seconds, Stopping threads took: 0.0009087 seconds
[2023-11-09T11:45:23.555+0000][2597.035s][debug][safepoint     ] Safepoint synchronization initiated. (168 threads)
[2023-11-09T11:45:23.556+0000][2597.036s][info ][safepoint     ] Application time: 1.0007114 seconds
[2023-11-09T11:45:23.556+0000][2597.036s][info ][safepoint     ] Entering safepoint region: Cleanup
[2023-11-09T11:45:23.557+0000][2597.037s][info ][safepoint     ] Leaving safepoint region
[2023-11-09T11:45:23.557+0000][2597.037s][info ][safepoint     ] Total time for which application threads were stopped: 0.0008218 seconds, Stopping threads took: 0.0003266 seconds
[2023-11-09T11:45:24.557+0000][2598.038s][debug][safepoint     ] Safepoint synchronization initiated. (168 threads)
[2023-11-09T11:45:24.558+0000][2598.039s][info ][safepoint     ] Application time: 1.0011494 seconds
[2023-11-09T11:45:24.559+0000][2598.039s][info ][safepoint     ] Entering safepoint region: Cleanup
[2023-11-09T11:45:24.560+0000][2598.040s][info ][safepoint     ] Leaving safepoint region
[2023-11-09T11:45:24.560+0000][2598.040s][info ][safepoint     ] Total time for which application threads were stopped: 0.0013778 seconds, Stopping threads took: 0.0005799 seconds
[2023-11-09T11:45:25.561+0000][2599.041s][debug][safepoint     ] Safepoint synchronization initiated. (168 threads)
[2023-11-09T11:45:25.590+0000][2599.071s][info ][safepoint     ] Application time: 1.0295983 seconds
[2023-11-09T11:45:25.591+0000][2599.071s][info ][safepoint     ] Entering safepoint region: Cleanup
[2023-11-09T11:45:25.592+0000][2599.072s][info ][safepoint     ] Leaving safepoint region
[2023-11-09T11:45:25.592+0000][2599.072s][info ][safepoint     ] Total time for which application threads were stopped: 0.0011967 seconds, Stopping threads took: 0.0005594 seconds
[2023-11-09T11:45:26.593+0000][2600.073s][debug][safepoint     ] Safepoint synchronization initiated. (168 threads)
[2023-11-09T11:45:26.593+0000][2600.074s][info ][safepoint     ] Application time: 1.0006564 seconds
[2023-11-09T11:45:26.594+0000][2600.074s][info ][safepoint     ] Entering safepoint region: Cleanup
[2023-11-09T11:45:26.594+0000][2600.075s][info ][safepoint     ] Leaving safepoint region
[2023-11-09T11:45:26.595+0000][2600.075s][info ][safepoint     ] Total time for which application threads were stopped: 0.0010526 seconds, Stopping threads took: 0.0004152 seconds
[2023-11-09T11:45:27.596+0000][2601.076s][debug][safepoint     ] Safepoint synchronization initiated. (168 threads)
[2023-11-09T11:45:27.596+0000][2601.076s][info ][safepoint     ] Application time: 1.0010166 seconds
[2023-11-09T11:45:27.597+0000][2601.077s][info ][safepoint     ] Entering safepoint region: Cleanup
[2023-11-09T11:45:27.598+0000][2601.078s][info ][safepoint     ] Leaving safepoint region
[2023-11-09T11:45:27.598+0000][2601.078s][info ][safepoint     ] Total time for which application threads were stopped: 0.0012405 seconds, Stopping threads took: 0.0004761 seconds
[2023-11-09T11:45:28.599+0000][2602.079s][debug][safepoint     ] Safepoint synchronization initiated. (168 threads)
[2023-11-09T11:45:28.599+0000][2602.080s][info ][safepoint     ] Application time: 1.0008287 seconds
[2023-11-09T11:45:28.600+0000][2602.080s][info ][safepoint     ] Entering safepoint region: Cleanup
[2023-11-09T11:45:28.601+0000][2602.081s][info ][safepoint     ] Leaving safepoint region
[2023-11-09T11:45:28.601+0000][2602.081s][info ][safepoint     ] Total time for which application threads were stopped: 0.0010686 seconds, Stopping threads took: 0.0004888 seconds
[2023-11-09T11:45:29.602+0000][2603.082s][debug][safepoint     ] Safepoint synchronization initiated. (168 threads)
[2023-11-09T11:45:29.602+0000][2603.083s][info ][safepoint     ] Application time: 1.0012041 seconds
[2023-11-09T11:45:29.603+0000][2603.084s][info ][safepoint     ] Entering safepoint region: Cleanup
[2023-11-09T11:45:29.604+0000][2603.084s][info ][safepoint     ] Leaving safepoint region
[2023-11-09T11:45:29.605+0000][2603.085s][info ][safepoint     ] Total time for which application threads were stopped: 0.0016657 seconds, Stopping threads took: 0.0006897 seconds
[2023-11-09T11:45:30.606+0000][2604.086s][debug][safepoint     ] Safepoint synchronization initiated. (168 threads)
[2023-11-09T11:45:30.606+0000][2604.087s][info ][safepoint     ] Application time: 1.0010540 seconds
[2023-11-09T11:45:30.607+0000][2604.087s][info ][safepoint     ] Entering safepoint region: Cleanup
[2023-11-09T11:45:30.608+0000][2604.088s][info ][safepoint     ] Leaving safepoint region
[2023-11-09T11:45:30.609+0000][2604.089s][info ][safepoint     ] Total time for which application threads were stopped: 0.0016438 seconds, Stopping threads took: 0.0007511 seconds
[2023-11-09T11:45:31.609+0000][2605.090s][debug][safepoint     ] Safepoint synchronization initiated. (168 threads)
[2023-11-09T11:45:31.610+0000][2605.091s][info ][safepoint     ] Application time: 1.0011481 seconds
[2023-11-09T11:45:31.611+0000][2605.091s][info ][safepoint     ] Entering safepoint region: Cleanup
[2023-11-09T11:45:31.612+0000][2605.092s][info ][safepoint     ] Leaving safepoint region
[2023-11-09T11:45:31.613+0000][2605.093s][info ][safepoint     ] Total time for which application threads were stopped: 0.0017978 seconds, Stopping threads took: 0.0008017 seconds
[2023-11-09T11:45:32.614+0000][2606.094s][debug][safepoint     ] Safepoint synchronization initiated. (168 threads)
[2023-11-09T11:45:32.614+0000][2606.095s][info ][safepoint     ] Application time: 1.0007536 seconds
[2023-11-09T11:45:32.615+0000][2606.095s][info ][safepoint     ] Entering safepoint region: Cleanup
[2023-11-09T11:45:32.615+0000][2606.095s][info ][safepoint     ] Leaving safepoint region
[2023-11-09T11:45:32.616+0000][2606.096s][info ][safepoint     ] Total time for which application threads were stopped: 0.0009230 seconds, Stopping threads took: 0.0003983 seconds
[2023-11-09T11:45:33.616+0000][2607.096s][debug][safepoint     ] Safepoint synchronization initiated. (168 threads)
[2023-11-09T11:45:33.617+0000][2607.097s][info ][safepoint     ] Application time: 1.0013266 seconds
[2023-11-09T11:45:33.618+0000][2607.099s][info ][safepoint     ] Entering safepoint region: Cleanup
[2023-11-09T11:45:33.619+0000][2607.100s][info ][safepoint     ] Leaving safepoint region
[2023-11-09T11:45:33.620+0000][2607.100s][info ][safepoint     ] Total time for which application threads were stopped: 0.0015563 seconds, Stopping threads took: 0.0005971 seconds
[2023-11-09T11:45:34.621+0000][2608.101s][debug][safepoint     ] Safepoint synchronization initiated. (168 threads)
[2023-11-09T11:45:34.622+0000][2608.102s][info ][safepoint     ] Application time: 1.0010494 seconds
[2023-11-09T11:45:34.622+0000][2608.103s][info ][safepoint     ] Entering safepoint region: Cleanup
[2023-11-09T11:45:34.623+0000][2608.104s][info ][safepoint     ] Leaving safepoint region
[2023-11-09T11:45:34.624+0000][2608.104s][info ][safepoint     ] Total time for which application threads were stopped: 0.0015898 seconds, Stopping threads took: 0.0007282 seconds
[2023-11-09T11:45:35.625+0000][2609.105s][debug][safepoint     ] Safepoint synchronization initiated. (168 threads)
[2023-11-09T11:45:35.625+0000][2609.106s][info ][safepoint     ] Application time: 1.0008294 seconds
[2023-11-09T11:45:35.626+0000][2609.106s][info ][safepoint     ] Entering safepoint region: Cleanup
[2023-11-09T11:45:35.626+0000][2609.107s][info ][safepoint     ] Leaving safepoint region
[2023-11-09T11:45:35.627+0000][2609.107s][info ][safepoint     ] Total time for which application threads were stopped: 0.0008848 seconds, Stopping threads took: 0.0003554 seconds
[2023-11-09T11:45:36.627+0000][2610.108s][debug][safepoint     ] Safepoint synchronization initiated. (168 threads)
[2023-11-09T11:45:36.628+0000][2610.108s][info ][safepoint     ] Application time: 1.0010114 seconds
[2023-11-09T11:45:36.629+0000][2610.109s][info ][safepoint     ] Entering safepoint region: Cleanup
[2023-11-09T11:45:36.629+0000][2610.110s][info ][safepoint     ] Leaving safepoint region
[2023-11-09T11:45:36.630+0000][2610.110s][info ][safepoint     ] Total time for which application threads were stopped: 0.0012393 seconds, Stopping threads took: 0.0006245 seconds
[2023-11-09T11:45:37.630+0000][2611.111s][debug][safepoint     ] Safepoint synchronization initiated. (168 threads)
[2023-11-09T11:45:37.631+0000][2611.111s][info ][safepoint     ] Application time: 1.0004835 seconds
[2023-11-09T11:45:37.631+0000][2611.111s][info ][safepoint     ] Entering safepoint region: Cleanup
[2023-11-09T11:45:37.632+0000][2611.112s][info ][safepoint     ] Leaving safepoint region
[2023-11-09T11:45:37.632+0000][2611.112s][info ][safepoint     ] Total time for which application threads were stopped: 0.0008664 seconds, Stopping threads took: 0.0003643 seconds
[2023-11-09T11:45:38.632+0000][2612.113s][debug][safepoint     ] Safepoint synchronization initiated. (168 threads)
[2023-11-09T11:45:38.633+0000][2612.113s][info ][safepoint     ] Application time: 1.0007916 seconds
[2023-11-09T11:45:38.634+0000][2612.114s][info ][safepoint     ] Entering safepoint region: Cleanup
[2023-11-09T11:45:38.634+0000][2612.115s][info ][safepoint     ] Leaving safepoint region
[2023-11-09T11:45:38.635+0000][2612.115s][info ][safepoint     ] Total time for which application threads were stopped: 0.0012896 seconds, Stopping threads took: 0.0005491 seconds
[2023-11-09T11:45:39.635+0000][2613.116s][debug][safepoint     ] Safepoint synchronization initiated. (168 threads)
[2023-11-09T11:45:39.635+0000][2613.116s][info ][safepoint     ] Application time: 1.0006414 seconds
[2023-11-09T11:45:39.635+0000][2613.117s][info ][safepoint     ] Entering safepoint region: Cleanup
[2023-11-09T11:45:39.636+0000][2613.117s][info ][safepoint     ] Leaving safepoint region
[2023-11-09T11:45:39.636+0000][2613.117s][info ][safepoint     ] Total time for which application threads were stopped: 0.0007301 seconds, Stopping threads took: 0.0002967 seconds
[2023-11-09T11:45:40.636+0000][2614.118s][debug][safepoint     ] Safepoint synchronization initiated. (168 threads)
[2023-11-09T11:45:40.637+0000][2614.118s][info ][safepoint     ] Application time: 1.0006796 seconds
[2023-11-09T11:45:40.637+0000][2614.119s][info ][safepoint     ] Entering safepoint region: Cleanup
[2023-11-09T11:45:40.638+0000][2614.119s][info ][safepoint     ] Leaving safepoint region
[2023-11-09T11:45:40.638+0000][2614.120s][info ][safepoint     ] Total time for which application threads were stopped: 0.0009451 seconds, Stopping threads took: 0.0004389 seconds
[2023-11-09T11:45:41.639+0000][2615.120s][debug][safepoint     ] Safepoint synchronization initiated. (168 threads)
[2023-11-09T11:45:41.640+0000][2615.121s][info ][safepoint     ] Application time: 1.0007993 seconds
[2023-11-09T11:45:41.640+0000][2615.121s][info ][safepoint     ] Entering safepoint region: Cleanup
[2023-11-09T11:45:41.641+0000][2615.122s][info ][safepoint     ] Leaving safepoint region
[2023-11-09T11:45:41.641+0000][2615.122s][info ][safepoint     ] Total time for which application threads were stopped: 0.0013129 seconds, Stopping threads took: 0.0006083 seconds
[2023-11-09T11:45:42.642+0000][2616.123s][debug][safepoint     ] Safepoint synchronization initiated. (168 threads)
[2023-11-09T11:45:42.643+0000][2616.124s][info ][safepoint     ] Application time: 1.0010297 seconds
[2023-11-09T11:45:42.643+0000][2616.125s][info ][safepoint     ] Entering safepoint region: Cleanup
[2023-11-09T11:45:42.644+0000][2616.125s][info ][safepoint     ] Leaving safepoint region
[2023-11-09T11:45:42.645+0000][2616.126s][info ][safepoint     ] Total time for which application threads were stopped: 0.0014409 seconds, Stopping threads took: 0.0005999 seconds
[2023-11-09T11:45:43.645+0000][2617.127s][debug][safepoint     ] Safepoint synchronization initiated. (168 threads)
[2023-11-09T11:45:43.646+0000][2617.127s][info ][safepoint     ] Application time: 1.0005453 seconds
[2023-11-09T11:45:43.646+0000][2617.127s][info ][safepoint     ] Entering safepoint region: Cleanup
[2023-11-09T11:45:43.647+0000][2617.128s][info ][safepoint     ] Leaving safepoint region
[2023-11-09T11:45:43.647+0000][2617.128s][info ][safepoint     ] Total time for which application threads were stopped: 0.0009193 seconds, Stopping threads took: 0.0003793 seconds
[2023-11-09T11:45:44.647+0000][2618.129s][debug][safepoint     ] Safepoint synchronization initiated. (168 threads)
[2023-11-09T11:45:44.648+0000][2618.129s][info ][safepoint     ] Application time: 1.0006161 seconds
[2023-11-09T11:45:44.649+0000][2618.130s][info ][safepoint     ] Entering safepoint region: Cleanup
[2023-11-09T11:45:44.649+0000][2618.130s][info ][safepoint     ] Leaving safepoint region
[2023-11-09T11:45:44.650+0000][2618.131s][info ][safepoint     ] Total time for which application threads were stopped: 0.0009465 seconds, Stopping threads took: 0.0004639 seconds
[2023-11-09T11:45:45.650+0000][2619.131s][debug][safepoint     ] Safepoint synchronization initiated. (168 threads)
[2023-11-09T11:45:45.651+0000][2619.132s][info ][safepoint     ] Application time: 1.0009918 seconds
[2023-11-09T11:45:45.651+0000][2619.133s][info ][safepoint     ] Entering safepoint region: Cleanup
[2023-11-09T11:45:45.653+0000][2619.134s][info ][safepoint     ] Leaving safepoint region
[2023-11-09T11:45:45.653+0000][2619.134s][info ][safepoint     ] Total time for which application threads were stopped: 0.0016842 seconds, Stopping threads took: 0.0007902 seconds
[2023-11-09T11:45:46.654+0000][2620.135s][debug][safepoint     ] Safepoint synchronization initiated. (168 threads)
[2023-11-09T11:45:46.654+0000][2620.135s][info ][safepoint     ] Application time: 1.0005154 seconds
[2023-11-09T11:45:46.654+0000][2620.136s][info ][safepoint     ] Entering safepoint region: Cleanup
[2023-11-09T11:45:46.655+0000][2620.136s][info ][safepoint     ] Leaving safepoint region
[2023-11-09T11:45:46.655+0000][2620.136s][info ][safepoint     ] Total time for which application threads were stopped: 0.0008110 seconds, Stopping threads took: 0.0003570 seconds
[2023-11-09T11:45:47.656+0000][2621.137s][debug][safepoint     ] Safepoint synchronization initiated. (168 threads)
[2023-11-09T11:45:47.656+0000][2621.137s][info ][safepoint     ] Application time: 1.0007077 seconds
[2023-11-09T11:45:47.656+0000][2621.138s][info ][safepoint     ] Entering safepoint region: Cleanup
[2023-11-09T11:45:47.657+0000][2621.138s][info ][safepoint     ] Leaving safepoint region
[2023-11-09T11:45:47.657+0000][2621.139s][info ][safepoint     ] Total time for which application threads were stopped: 0.0009749 seconds, Stopping threads took: 0.0004159 seconds
[2023-11-09T11:45:48.658+0000][2622.139s][debug][safepoint     ] Safepoint synchronization initiated. (168 threads)
[2023-11-09T11:45:48.659+0000][2622.140s][info ][safepoint     ] Application time: 1.0008066 seconds
[2023-11-09T11:45:48.659+0000][2622.140s][info ][safepoint     ] Entering safepoint region: Cleanup
[2023-11-09T11:45:48.660+0000][2622.141s][info ][safepoint     ] Leaving safepoint region
[2023-11-09T11:45:48.660+0000][2622.142s][info ][safepoint     ] Total time for which application threads were stopped: 0.0012760 seconds, Stopping threads took: 0.0006746 seconds
[2023-11-09T11:45:49.661+0000][2623.142s][debug][safepoint     ] Safepoint synchronization initiated. (168 threads)
[2023-11-09T11:45:49.662+0000][2623.143s][info ][safepoint     ] Application time: 1.0006974 seconds
[2023-11-09T11:45:49.662+0000][2623.143s][info ][safepoint     ] Entering safepoint region: Cleanup
[2023-11-09T11:45:49.663+0000][2623.144s][info ][safepoint     ] Leaving safepoint region
[2023-11-09T11:45:49.663+0000][2623.144s][info ][safepoint     ] Total time for which application threads were stopped: 0.0007990 seconds, Stopping threads took: 0.0003287 seconds
[2023-11-09T11:45:50.663+0000][2624.144s][debug][safepoint     ] Safepoint synchronization initiated. (168 threads)
[2023-11-09T11:45:50.664+0000][2624.145s][info ][safepoint     ] Application time: 1.0006892 seconds
[2023-11-09T11:45:50.664+0000][2624.145s][info ][safepoint     ] Entering safepoint region: Cleanup
[2023-11-09T11:45:50.665+0000][2624.146s][info ][safepoint     ] Leaving safepoint region
[2023-11-09T11:45:50.665+0000][2624.146s][info ][safepoint     ] Total time for which application threads were stopped: 0.0007797 seconds, Stopping threads took: 0.0002858 seconds
[2023-11-09T11:45:51.665+0000][2625.147s][debug][safepoint     ] Safepoint synchronization initiated. (168 threads)
[2023-11-09T11:45:51.667+0000][2625.148s][info ][safepoint     ] Application time: 1.0017039 seconds
[2023-11-09T11:45:51.668+0000][2625.149s][info ][safepoint     ] Entering safepoint region: Cleanup
[2023-11-09T11:45:51.669+0000][2625.150s][info ][safepoint     ] Leaving safepoint region
[2023-11-09T11:45:51.670+0000][2625.151s][info ][safepoint     ] Total time for which application threads were stopped: 0.0020529 seconds, Stopping threads took: 0.0008974 seconds
[2023-11-09T11:45:52.671+0000][2626.152s][debug][safepoint     ] Safepoint synchronization initiated. (168 threads)
[2023-11-09T11:45:52.671+0000][2626.152s][info ][safepoint     ] Application time: 1.0007124 seconds
[2023-11-09T11:45:52.672+0000][2626.153s][info ][safepoint     ] Entering safepoint region: Cleanup
[2023-11-09T11:45:52.672+0000][2626.153s][info ][safepoint     ] Leaving safepoint region
[2023-11-09T11:45:52.673+0000][2626.154s][info ][safepoint     ] Total time for which application threads were stopped: 0.0010305 seconds, Stopping threads took: 0.0004634 seconds
[2023-11-09T11:45:53.673+0000][2627.154s][debug][safepoint     ] Safepoint synchronization initiated. (168 threads)
[2023-11-09T11:45:53.674+0000][2627.155s][info ][safepoint     ] Application time: 1.0007072 seconds
[2023-11-09T11:45:53.674+0000][2627.155s][info ][safepoint     ] Entering safepoint region: Cleanup
[2023-11-09T11:45:53.675+0000][2627.156s][info ][safepoint     ] Leaving safepoint region
[2023-11-09T11:45:53.675+0000][2627.156s][info ][safepoint     ] Total time for which application threads were stopped: 0.0011779 seconds, Stopping threads took: 0.0005781 seconds
[2023-11-09T11:45:54.676+0000][2628.157s][debug][safepoint     ] Safepoint synchronization initiated. (168 threads)
[2023-11-09T11:45:54.677+0000][2628.158s][info ][safepoint     ] Application time: 1.0008818 seconds
[2023-11-09T11:45:54.677+0000][2628.158s][info ][safepoint     ] Entering safepoint region: Cleanup
[2023-11-09T11:45:54.678+0000][2628.159s][info ][safepoint     ] Leaving safepoint region
[2023-11-09T11:45:54.678+0000][2628.160s][info ][safepoint     ] Total time for which application threads were stopped: 0.0013241 seconds, Stopping threads took: 0.0005767 seconds
[2023-11-09T11:45:55.679+0000][2629.160s][debug][safepoint     ] Safepoint synchronization initiated. (168 threads)
[2023-11-09T11:45:55.680+0000][2629.161s][info ][safepoint     ] Application time: 1.0012848 seconds
[2023-11-09T11:45:55.681+0000][2629.162s][info ][safepoint     ] Entering safepoint region: Cleanup
[2023-11-09T11:45:55.682+0000][2629.164s][info ][safepoint     ] Leaving safepoint region
[2023-11-09T11:45:55.683+0000][2629.164s][info ][safepoint     ] Total time for which application threads were stopped: 0.0021831 seconds, Stopping threads took: 0.0008881 seconds
[2023-11-09T11:45:56.684+0000][2630.165s][debug][safepoint     ] Safepoint synchronization initiated. (168 threads)
[2023-11-09T11:45:56.685+0000][2630.166s][info ][safepoint     ] Application time: 1.0008112 seconds
[2023-11-09T11:45:56.685+0000][2630.166s][info ][safepoint     ] Entering safepoint region: Cleanup
[2023-11-09T11:45:56.686+0000][2630.167s][info ][safepoint     ] Leaving safepoint region
[2023-11-09T11:45:56.686+0000][2630.167s][info ][safepoint     ] Total time for which application threads were stopped: 0.0010371 seconds, Stopping threads took: 0.0004709 seconds
[2023-11-09T11:45:57.687+0000][2631.168s][debug][safepoint     ] Safepoint synchronization initiated. (168 threads)
[2023-11-09T11:45:57.687+0000][2631.169s][info ][safepoint     ] Application time: 1.0007438 seconds
[2023-11-09T11:45:57.688+0000][2631.169s][info ][safepoint     ] Entering safepoint region: Cleanup
[2023-11-09T11:45:57.689+0000][2631.170s][info ][safepoint     ] Leaving safepoint region
[2023-11-09T11:45:57.689+0000][2631.170s][info ][safepoint     ] Total time for which application threads were stopped: 0.0012249 seconds, Stopping threads took: 0.0005613 seconds
[2023-11-09T11:45:58.690+0000][2632.171s][debug][safepoint     ] Safepoint synchronization initiated. (168 threads)
[2023-11-09T11:45:58.691+0000][2632.172s][info ][safepoint     ] Application time: 1.0012236 seconds
[2023-11-09T11:45:58.691+0000][2632.173s][info ][safepoint     ] Entering safepoint region: Cleanup
[2023-11-09T11:45:58.692+0000][2632.173s][info ][safepoint     ] Leaving safepoint region
[2023-11-09T11:45:58.693+0000][2632.174s][info ][safepoint     ] Total time for which application threads were stopped: 0.0011319 seconds, Stopping threads took: 0.0004907 seconds
[2023-11-09T11:45:59.693+0000][2633.174s][debug][safepoint     ] Safepoint synchronization initiated. (168 threads)
[2023-11-09T11:45:59.694+0000][2633.175s][info ][safepoint     ] Application time: 1.0009016 seconds
[2023-11-09T11:45:59.694+0000][2633.176s][info ][safepoint     ] Entering safepoint region: Cleanup
[2023-11-09T11:45:59.695+0000][2633.176s][info ][safepoint     ] Leaving safepoint region
[2023-11-09T11:45:59.696+0000][2633.177s][info ][safepoint     ] Total time for which application threads were stopped: 0.0010524 seconds, Stopping threads took: 0.0004192 seconds
[2023-11-09T11:46:00.696+0000][2634.177s][debug][safepoint     ] Safepoint synchronization initiated. (168 threads)
[2023-11-09T11:46:00.697+0000][2634.178s][info ][safepoint     ] Application time: 1.0007645 seconds
[2023-11-09T11:46:00.697+0000][2634.178s][info ][safepoint     ] Entering safepoint region: Cleanup
[2023-11-09T11:46:00.698+0000][2634.179s][info ][safepoint     ] Leaving safepoint region
[2023-11-09T11:46:00.698+0000][2634.180s][info ][safepoint     ] Total time for which application threads were stopped: 0.0011895 seconds, Stopping threads took: 0.0005725 seconds
[2023-11-09T11:46:01.699+0000][2635.180s][debug][safepoint     ] Safepoint synchronization initiated. (168 threads)
[2023-11-09T11:46:01.700+0000][2635.181s][info ][safepoint     ] Application time: 1.0008976 seconds
[2023-11-09T11:46:01.700+0000][2635.181s][info ][safepoint     ] Entering safepoint region: Cleanup
[2023-11-09T11:46:01.701+0000][2635.182s][info ][safepoint     ] Leaving safepoint region
[2023-11-09T11:46:01.702+0000][2635.183s][info ][safepoint     ] Total time for which application threads were stopped: 0.0014130 seconds, Stopping threads took: 0.0005561 seconds
[2023-11-09T11:46:02.702+0000][2636.184s][debug][safepoint     ] Safepoint synchronization initiated. (168 threads)
[2023-11-09T11:46:02.704+0000][2636.185s][info ][safepoint     ] Application time: 1.0013541 seconds
[2023-11-09T11:46:02.704+0000][2636.186s][info ][safepoint     ] Entering safepoint region: Cleanup
[2023-11-09T11:46:02.707+0000][2636.188s][info ][safepoint     ] Leaving safepoint region
[2023-11-09T11:46:02.707+0000][2636.189s][info ][safepoint     ] Total time for which application threads were stopped: 0.0031129 seconds, Stopping threads took: 0.0018332 seconds
[2023-11-09T11:46:03.708+0000][2637.190s][debug][safepoint     ] Safepoint synchronization initiated. (168 threads)
[2023-11-09T11:46:03.709+0000][2637.190s][info ][safepoint     ] Application time: 1.0009424 seconds
[2023-11-09T11:46:03.710+0000][2637.191s][info ][safepoint     ] Entering safepoint region: Cleanup
[2023-11-09T11:46:03.710+0000][2637.192s][info ][safepoint     ] Leaving safepoint region
[2023-11-09T11:46:03.711+0000][2637.192s][info ][safepoint     ] Total time for which application threads were stopped: 0.0012895 seconds, Stopping threads took: 0.0005280 seconds
[2023-11-09T11:46:04.712+0000][2638.193s][debug][safepoint     ] Safepoint synchronization initiated. (168 threads)
[2023-11-09T11:46:04.712+0000][2638.194s][info ][safepoint     ] Application time: 1.0009660 seconds
[2023-11-09T11:46:04.713+0000][2638.194s][info ][safepoint     ] Entering safepoint region: Cleanup
[2023-11-09T11:46:04.714+0000][2638.195s][info ][safepoint     ] Leaving safepoint region
[2023-11-09T11:46:04.714+0000][2638.196s][info ][safepoint     ] Total time for which application threads were stopped: 0.0013349 seconds, Stopping threads took: 0.0006738 seconds
[2023-11-09T11:46:05.715+0000][2639.196s][debug][safepoint     ] Safepoint synchronization initiated. (168 threads)
[2023-11-09T11:46:05.716+0000][2639.197s][info ][safepoint     ] Application time: 1.0007086 seconds
[2023-11-09T11:46:05.716+0000][2639.197s][info ][safepoint     ] Entering safepoint region: Cleanup
[2023-11-09T11:46:05.717+0000][2639.198s][info ][safepoint     ] Leaving safepoint region
[2023-11-09T11:46:05.717+0000][2639.199s][info ][safepoint     ] Total time for which application threads were stopped: 0.0014794 seconds, Stopping threads took: 0.0008042 seconds
[2023-11-09T11:46:06.718+0000][2640.199s][debug][safepoint     ] Safepoint synchronization initiated. (168 threads)
[2023-11-09T11:46:06.719+0000][2640.200s][info ][safepoint     ] Application time: 1.0010348 seconds
[2023-11-09T11:46:06.720+0000][2640.201s][info ][safepoint     ] Entering safepoint region: Cleanup
[2023-11-09T11:46:06.721+0000][2640.202s][info ][safepoint     ] Leaving safepoint region
[2023-11-09T11:46:06.721+0000][2640.203s][info ][safepoint     ] Total time for which application threads were stopped: 0.0016604 seconds, Stopping threads took: 0.0007701 seconds
[2023-11-09T11:46:07.722+0000][2641.203s][debug][safepoint     ] Safepoint synchronization initiated. (168 threads)
[2023-11-09T11:46:07.722+0000][2641.204s][info ][safepoint     ] Application time: 1.0005187 seconds
[2023-11-09T11:46:07.723+0000][2641.204s][info ][safepoint     ] Entering safepoint region: Cleanup
[2023-11-09T11:46:07.723+0000][2641.205s][info ][safepoint     ] Leaving safepoint region
[2023-11-09T11:46:07.724+0000][2641.205s][info ][safepoint     ] Total time for which application threads were stopped: 0.0009741 seconds, Stopping threads took: 0.0004299 seconds
[2023-11-09T11:46:08.724+0000][2642.205s][debug][safepoint     ] Safepoint synchronization initiated. (168 threads)
[2023-11-09T11:46:08.725+0000][2642.206s][info ][safepoint     ] Application time: 1.0008982 seconds
[2023-11-09T11:46:08.725+0000][2642.207s][info ][safepoint     ] Entering safepoint region: Cleanup
[2023-11-09T11:46:08.726+0000][2642.207s][info ][safepoint     ] Leaving safepoint region
[2023-11-09T11:46:08.727+0000][2642.208s][info ][safepoint     ] Total time for which application threads were stopped: 0.0012587 seconds, Stopping threads took: 0.0004615 seconds
[2023-11-09T11:46:09.729+0000][2643.209s][debug][safepoint     ] Safepoint synchronization initiated. (168 threads)
[2023-11-09T11:46:09.729+0000][2643.209s][info ][safepoint     ] Application time: 1.0008685 seconds
[2023-11-09T11:46:09.730+0000][2643.210s][info ][safepoint     ] Entering safepoint region: Cleanup
[2023-11-09T11:46:09.730+0000][2643.211s][info ][safepoint     ] Leaving safepoint region
[2023-11-09T11:46:09.731+0000][2643.211s][info ][safepoint     ] Total time for which application threads were stopped: 0.0011679 seconds, Stopping threads took: 0.0005454 seconds
[2023-11-09T11:46:10.732+0000][2644.212s][debug][safepoint     ] Safepoint synchronization initiated. (168 threads)
[2023-11-09T11:46:10.733+0000][2644.213s][info ][safepoint     ] Application time: 1.0013185 seconds
[2023-11-09T11:46:10.734+0000][2644.214s][info ][safepoint     ] Entering safepoint region: Cleanup
[2023-11-09T11:46:10.735+0000][2644.215s][info ][safepoint     ] Leaving safepoint region
[2023-11-09T11:46:10.735+0000][2644.216s][info ][safepoint     ] Total time for which application threads were stopped: 0.0019739 seconds, Stopping threads took: 0.0008685 seconds
[2023-11-09T11:46:11.736+0000][2645.216s][debug][safepoint     ] Safepoint synchronization initiated. (168 threads)
[2023-11-09T11:46:11.737+0000][2645.217s][info ][safepoint     ] Application time: 1.0005993 seconds
[2023-11-09T11:46:11.737+0000][2645.217s][info ][safepoint     ] Entering safepoint region: Cleanup
[2023-11-09T11:46:11.738+0000][2645.218s][info ][safepoint     ] Leaving safepoint region
[2023-11-09T11:46:11.738+0000][2645.218s][info ][safepoint     ] Total time for which application threads were stopped: 0.0009386 seconds, Stopping threads took: 0.0003952 seconds
[2023-11-09T11:46:12.739+0000][2646.219s][debug][safepoint     ] Safepoint synchronization initiated. (168 threads)
[2023-11-09T11:46:12.739+0000][2646.219s][info ][safepoint     ] Application time: 1.0007974 seconds
[2023-11-09T11:46:12.740+0000][2646.220s][info ][safepoint     ] Entering safepoint region: Cleanup
[2023-11-09T11:46:12.740+0000][2646.221s][info ][safepoint     ] Leaving safepoint region
[2023-11-09T11:46:12.741+0000][2646.221s][info ][safepoint     ] Total time for which application threads were stopped: 0.0011315 seconds, Stopping threads took: 0.0005941 seconds
[2023-11-09T11:46:13.741+0000][2647.222s][debug][safepoint     ] Safepoint synchronization initiated. (168 threads)
[2023-11-09T11:46:13.742+0000][2647.222s][info ][safepoint     ] Application time: 1.0005871 seconds
[2023-11-09T11:46:13.742+0000][2647.222s][info ][safepoint     ] Entering safepoint region: Cleanup
[2023-11-09T11:46:13.743+0000][2647.223s][info ][safepoint     ] Leaving safepoint region
[2023-11-09T11:46:13.743+0000][2647.223s][info ][safepoint     ] Total time for which application threads were stopped: 0.0007608 seconds, Stopping threads took: 0.0002949 seconds
[2023-11-09T11:46:14.743+0000][2648.223s][debug][safepoint     ] Safepoint synchronization initiated. (168 threads)
[2023-11-09T11:46:14.744+0000][2648.224s][info ][safepoint     ] Application time: 1.0010448 seconds
[2023-11-09T11:46:14.745+0000][2648.225s][info ][safepoint     ] Entering safepoint region: Cleanup
[2023-11-09T11:46:14.746+0000][2648.226s][info ][safepoint     ] Leaving safepoint region
[2023-11-09T11:46:14.746+0000][2648.226s][info ][safepoint     ] Total time for which application threads were stopped: 0.0014050 seconds, Stopping threads took: 0.0005841 seconds
[2023-11-09T11:46:15.747+0000][2649.227s][debug][safepoint     ] Safepoint synchronization initiated. (168 threads)
[2023-11-09T11:46:15.748+0000][2649.228s][info ][safepoint     ] Application time: 1.0011058 seconds
[2023-11-09T11:46:15.749+0000][2649.229s][debug][safepoint     ] Waiting for 1 thread(s) to block
[2023-11-09T11:46:15.749+0000][2649.230s][info ][safepoint     ] Entering safepoint region: Cleanup
[2023-11-09T11:46:15.750+0000][2649.230s][info ][safepoint     ] Leaving safepoint region
[2023-11-09T11:46:15.751+0000][2649.231s][info ][safepoint     ] Total time for which application threads were stopped: 0.0020703 seconds, Stopping threads took: 0.0014106 seconds
[2023-11-09T11:46:16.751+0000][2650.231s][debug][safepoint     ] Safepoint synchronization initiated. (168 threads)
[2023-11-09T11:46:16.752+0000][2650.232s][info ][safepoint     ] Application time: 1.0009754 seconds
[2023-11-09T11:46:16.753+0000][2650.233s][info ][safepoint     ] Entering safepoint region: Cleanup
[2023-11-09T11:46:16.754+0000][2650.234s][info ][safepoint     ] Leaving safepoint region
[2023-11-09T11:46:16.754+0000][2650.234s][info ][safepoint     ] Total time for which application threads were stopped: 0.0015622 seconds, Stopping threads took: 0.0006895 seconds
[2023-11-09T11:46:17.755+0000][2651.235s][debug][safepoint     ] Safepoint synchronization initiated. (168 threads)
[2023-11-09T11:46:17.755+0000][2651.235s][info ][safepoint     ] Application time: 1.0006539 seconds
[2023-11-09T11:46:17.756+0000][2651.236s][info ][safepoint     ] Entering safepoint region: Cleanup
[2023-11-09T11:46:17.756+0000][2651.236s][info ][safepoint     ] Leaving safepoint region
[2023-11-09T11:46:17.757+0000][2651.237s][info ][safepoint     ] Total time for which application threads were stopped: 0.0012246 seconds, Stopping threads took: 0.0004445 seconds
[2023-11-09T11:46:18.758+0000][2652.238s][debug][safepoint     ] Safepoint synchronization initiated. (168 threads)
[2023-11-09T11:46:18.758+0000][2652.238s][info ][safepoint     ] Application time: 1.0006597 seconds
[2023-11-09T11:46:18.758+0000][2652.239s][info ][safepoint     ] Entering safepoint region: Cleanup
[2023-11-09T11:46:18.759+0000][2652.239s][info ][safepoint     ] Leaving safepoint region
[2023-11-09T11:46:18.759+0000][2652.239s][info ][safepoint     ] Total time for which application threads were stopped: 0.0007222 seconds, Stopping threads took: 0.0003149 seconds
[2023-11-09T11:46:19.760+0000][2653.240s][debug][safepoint     ] Safepoint synchronization initiated. (168 threads)
[2023-11-09T11:46:19.760+0000][2653.240s][info ][safepoint     ] Application time: 1.0004615 seconds
[2023-11-09T11:46:19.760+0000][2653.240s][info ][safepoint     ] Entering safepoint region: Cleanup
[2023-11-09T11:46:19.761+0000][2653.241s][info ][safepoint     ] Leaving safepoint region
[2023-11-09T11:46:19.761+0000][2653.241s][info ][safepoint     ] Total time for which application threads were stopped: 0.0007607 seconds, Stopping threads took: 0.0003309 seconds
[2023-11-09T11:46:20.761+0000][2654.241s][debug][safepoint     ] Safepoint synchronization initiated. (168 threads)
[2023-11-09T11:46:20.762+0000][2654.242s][info ][safepoint     ] Application time: 1.0007383 seconds
[2023-11-09T11:46:20.762+0000][2654.243s][info ][safepoint     ] Entering safepoint region: Cleanup
[2023-11-09T11:46:20.763+0000][2654.243s][info ][safepoint     ] Leaving safepoint region
[2023-11-09T11:46:20.764+0000][2654.244s][info ][safepoint     ] Total time for which application threads were stopped: 0.0012140 seconds, Stopping threads took: 0.0004088 seconds
[2023-11-09T11:46:21.764+0000][2655.244s][debug][safepoint     ] Safepoint synchronization initiated. (168 threads)
[2023-11-09T11:46:21.765+0000][2655.245s][info ][safepoint     ] Application time: 1.0006911 seconds
[2023-11-09T11:46:21.765+0000][2655.245s][info ][safepoint     ] Entering safepoint region: Cleanup
[2023-11-09T11:46:21.766+0000][2655.246s][info ][safepoint     ] Leaving safepoint region
[2023-11-09T11:46:21.766+0000][2655.246s][info ][safepoint     ] Total time for which application threads were stopped: 0.0010538 seconds, Stopping threads took: 0.0004340 seconds
[2023-11-09T11:46:22.767+0000][2656.247s][debug][safepoint     ] Safepoint synchronization initiated. (168 threads)
[2023-11-09T11:46:22.767+0000][2656.248s][info ][safepoint     ] Application time: 1.0010037 seconds
[2023-11-09T11:46:22.768+0000][2656.248s][info ][safepoint     ] Entering safepoint region: Cleanup
[2023-11-09T11:46:22.769+0000][2656.249s][info ][safepoint     ] Leaving safepoint region
[2023-11-09T11:46:22.769+0000][2656.249s][info ][safepoint     ] Total time for which application threads were stopped: 0.0011157 seconds, Stopping threads took: 0.0004931 seconds
[2023-11-09T11:46:23.770+0000][2657.250s][debug][safepoint     ] Safepoint synchronization initiated. (168 threads)
[2023-11-09T11:46:23.771+0000][2657.251s][info ][safepoint     ] Application time: 1.0008177 seconds
[2023-11-09T11:46:23.771+0000][2657.251s][info ][safepoint     ] Entering safepoint region: Cleanup
[2023-11-09T11:46:23.772+0000][2657.252s][info ][safepoint     ] Leaving safepoint region
[2023-11-09T11:46:23.772+0000][2657.252s][info ][safepoint     ] Total time for which application threads were stopped: 0.0012716 seconds, Stopping threads took: 0.0006021 seconds
[2023-11-09T11:46:24.773+0000][2658.253s][debug][safepoint     ] Safepoint synchronization initiated. (168 threads)
[2023-11-09T11:46:24.773+0000][2658.253s][info ][safepoint     ] Application time: 1.0006591 seconds
[2023-11-09T11:46:24.774+0000][2658.254s][info ][safepoint     ] Entering safepoint region: Cleanup
[2023-11-09T11:46:24.774+0000][2658.254s][info ][safepoint     ] Leaving safepoint region
[2023-11-09T11:46:24.774+0000][2658.254s][info ][safepoint     ] Total time for which application threads were stopped: 0.0007954 seconds, Stopping threads took: 0.0003318 seconds
[2023-11-09T11:46:25.775+0000][2659.255s][debug][safepoint     ] Safepoint synchronization initiated. (168 threads)
[2023-11-09T11:46:25.776+0000][2659.256s][info ][safepoint     ] Application time: 1.0008149 seconds
[2023-11-09T11:46:25.776+0000][2659.256s][info ][safepoint     ] Entering safepoint region: Cleanup
[2023-11-09T11:46:25.777+0000][2659.257s][info ][safepoint     ] Leaving safepoint region
[2023-11-09T11:46:25.777+0000][2659.257s][info ][safepoint     ] Total time for which application threads were stopped: 0.0010554 seconds, Stopping threads took: 0.0003618 seconds
[2023-11-09T11:46:26.778+0000][2660.258s][debug][safepoint     ] Safepoint synchronization initiated. (168 threads)
[2023-11-09T11:46:26.778+0000][2660.258s][info ][safepoint     ] Application time: 1.0007376 seconds
[2023-11-09T11:46:26.779+0000][2660.259s][info ][safepoint     ] Entering safepoint region: Cleanup
[2023-11-09T11:46:26.780+0000][2660.260s][info ][safepoint     ] Leaving safepoint region
[2023-11-09T11:46:26.780+0000][2660.260s][info ][safepoint     ] Total time for which application threads were stopped: 0.0011348 seconds, Stopping threads took: 0.0004862 seconds
[2023-11-09T11:46:27.781+0000][2661.261s][debug][safepoint     ] Safepoint synchronization initiated. (168 threads)
[2023-11-09T11:46:27.781+0000][2661.261s][info ][safepoint     ] Application time: 1.0006029 seconds
[2023-11-09T11:46:27.782+0000][2661.262s][info ][safepoint     ] Entering safepoint region: Cleanup
[2023-11-09T11:46:27.782+0000][2661.262s][info ][safepoint     ] Leaving safepoint region
[2023-11-09T11:46:27.783+0000][2661.263s][info ][safepoint     ] Total time for which application threads were stopped: 0.0009852 seconds, Stopping threads took: 0.0003912 seconds
[2023-11-09T11:46:28.783+0000][2662.263s][debug][safepoint     ] Safepoint synchronization initiated. (168 threads)
[2023-11-09T11:46:28.784+0000][2662.264s][info ][safepoint     ] Application time: 1.0007311 seconds
[2023-11-09T11:46:28.784+0000][2662.264s][info ][safepoint     ] Entering safepoint region: Cleanup
[2023-11-09T11:46:28.785+0000][2662.265s][info ][safepoint     ] Leaving safepoint region
[2023-11-09T11:46:28.785+0000][2662.265s][info ][safepoint     ] Total time for which application threads were stopped: 0.0010900 seconds, Stopping threads took: 0.0005535 seconds
[2023-11-09T11:46:29.786+0000][2663.266s][debug][safepoint     ] Safepoint synchronization initiated. (168 threads)
[2023-11-09T11:46:29.786+0000][2663.266s][info ][safepoint     ] Application time: 1.0005234 seconds
[2023-11-09T11:46:29.787+0000][2663.267s][info ][safepoint     ] Entering safepoint region: Cleanup
[2023-11-09T11:46:29.787+0000][2663.267s][info ][safepoint     ] Leaving safepoint region
[2023-11-09T11:46:29.787+0000][2663.268s][info ][safepoint     ] Total time for which application threads were stopped: 0.0008281 seconds, Stopping threads took: 0.0003660 seconds
[2023-11-09T11:46:30.788+0000][2664.268s][debug][safepoint     ] Safepoint synchronization initiated. (168 threads)
[2023-11-09T11:46:30.789+0000][2664.269s][info ][safepoint     ] Application time: 1.0006061 seconds
[2023-11-09T11:46:30.789+0000][2664.269s][info ][safepoint     ] Entering safepoint region: Cleanup
[2023-11-09T11:46:30.789+0000][2664.270s][info ][safepoint     ] Leaving safepoint region
[2023-11-09T11:46:30.790+0000][2664.270s][info ][safepoint     ] Total time for which application threads were stopped: 0.0008862 seconds, Stopping threads took: 0.0003288 seconds
[2023-11-09T11:46:31.791+0000][2665.271s][debug][safepoint     ] Safepoint synchronization initiated. (168 threads)
[2023-11-09T11:46:31.791+0000][2665.271s][info ][safepoint     ] Application time: 1.0011165 seconds
[2023-11-09T11:46:31.792+0000][2665.272s][info ][safepoint     ] Entering safepoint region: Cleanup
[2023-11-09T11:46:31.793+0000][2665.273s][info ][safepoint     ] Leaving safepoint region
[2023-11-09T11:46:31.793+0000][2665.273s][info ][safepoint     ] Total time for which application threads were stopped: 0.0013518 seconds, Stopping threads took: 0.0006015 seconds
[2023-11-09T11:46:32.794+0000][2666.274s][debug][safepoint     ] Safepoint synchronization initiated. (168 threads)
[2023-11-09T11:46:32.794+0000][2666.274s][info ][safepoint     ] Application time: 1.0006198 seconds
[2023-11-09T11:46:32.795+0000][2666.275s][info ][safepoint     ] Entering safepoint region: Cleanup
[2023-11-09T11:46:32.795+0000][2666.275s][info ][safepoint     ] Leaving safepoint region
[2023-11-09T11:46:32.796+0000][2666.276s][info ][safepoint     ] Total time for which application threads were stopped: 0.0007957 seconds, Stopping threads took: 0.0003295 seconds
[2023-11-09T11:46:33.796+0000][2667.276s][debug][safepoint     ] Safepoint synchronization initiated. (168 threads)
[2023-11-09T11:46:33.797+0000][2667.277s][info ][safepoint     ] Application time: 1.0007557 seconds
[2023-11-09T11:46:33.797+0000][2667.277s][info ][safepoint     ] Entering safepoint region: Cleanup
[2023-11-09T11:46:33.798+0000][2667.278s][info ][safepoint     ] Leaving safepoint region
[2023-11-09T11:46:33.798+0000][2667.278s][info ][safepoint     ] Total time for which application threads were stopped: 0.0011140 seconds, Stopping threads took: 0.0004477 seconds
[2023-11-09T11:46:34.798+0000][2668.279s][debug][safepoint     ] Safepoint synchronization initiated. (168 threads)
[2023-11-09T11:46:34.799+0000][2668.279s][info ][safepoint     ] Application time: 1.0005891 seconds
[2023-11-09T11:46:34.799+0000][2668.279s][info ][safepoint     ] Entering safepoint region: Cleanup
[2023-11-09T11:46:34.800+0000][2668.280s][info ][safepoint     ] Leaving safepoint region
[2023-11-09T11:46:34.800+0000][2668.280s][info ][safepoint     ] Total time for which application threads were stopped: 0.0009210 seconds, Stopping threads took: 0.0004116 seconds
[2023-11-09T11:46:35.801+0000][2669.281s][debug][safepoint     ] Safepoint synchronization initiated. (168 threads)
[2023-11-09T11:46:35.802+0000][2669.282s][info ][safepoint     ] Application time: 1.0013449 seconds
[2023-11-09T11:46:35.803+0000][2669.283s][info ][safepoint     ] Entering safepoint region: Cleanup
[2023-11-09T11:46:35.804+0000][2669.284s][info ][safepoint     ] Leaving safepoint region
[2023-11-09T11:46:35.805+0000][2669.285s][info ][safepoint     ] Total time for which application threads were stopped: 0.0019247 seconds, Stopping threads took: 0.0008663 seconds
[2023-11-09T11:46:36.806+0000][2670.286s][debug][safepoint     ] Safepoint synchronization initiated. (168 threads)
[2023-11-09T11:46:36.807+0000][2670.287s][info ][safepoint     ] Application time: 1.0011711 seconds
[2023-11-09T11:46:36.807+0000][2670.287s][info ][safepoint     ] Entering safepoint region: Cleanup
[2023-11-09T11:46:36.808+0000][2670.288s][info ][safepoint     ] Leaving safepoint region
[2023-11-09T11:46:36.809+0000][2670.289s][info ][safepoint     ] Total time for which application threads were stopped: 0.0016448 seconds, Stopping threads took: 0.0008271 seconds
[2023-11-09T11:46:37.810+0000][2671.290s][debug][safepoint     ] Safepoint synchronization initiated. (168 threads)
[2023-11-09T11:46:37.810+0000][2671.290s][info ][safepoint     ] Application time: 1.0007738 seconds
[2023-11-09T11:46:37.811+0000][2671.291s][info ][safepoint     ] Entering safepoint region: Cleanup
[2023-11-09T11:46:37.812+0000][2671.292s][info ][safepoint     ] Leaving safepoint region
[2023-11-09T11:46:37.812+0000][2671.292s][info ][safepoint     ] Total time for which application threads were stopped: 0.0013785 seconds, Stopping threads took: 0.0006329 seconds
[2023-11-09T11:46:38.813+0000][2672.293s][debug][safepoint     ] Safepoint synchronization initiated. (168 threads)
[2023-11-09T11:46:38.814+0000][2672.294s][info ][safepoint     ] Application time: 1.0009031 seconds
[2023-11-09T11:46:38.814+0000][2672.294s][info ][safepoint     ] Entering safepoint region: Cleanup
[2023-11-09T11:46:38.815+0000][2672.295s][info ][safepoint     ] Leaving safepoint region
[2023-11-09T11:46:38.815+0000][2672.296s][info ][safepoint     ] Total time for which application threads were stopped: 0.0011927 seconds, Stopping threads took: 0.0006026 seconds
[2023-11-09T11:46:39.816+0000][2673.296s][debug][safepoint     ] Safepoint synchronization initiated. (168 threads)
[2023-11-09T11:46:39.817+0000][2673.297s][info ][safepoint     ] Application time: 1.0010744 seconds
[2023-11-09T11:46:39.818+0000][2673.298s][info ][safepoint     ] Entering safepoint region: Cleanup
[2023-11-09T11:46:39.819+0000][2673.299s][info ][safepoint     ] Leaving safepoint region
[2023-11-09T11:46:39.820+0000][2673.299s][info ][safepoint     ] Total time for which application threads were stopped: 0.0018421 seconds, Stopping threads took: 0.0007461 seconds
[2023-11-09T11:46:40.820+0000][2674.300s][debug][safepoint     ] Safepoint synchronization initiated. (168 threads)
[2023-11-09T11:46:40.821+0000][2674.301s][info ][safepoint     ] Application time: 1.0012378 seconds
[2023-11-09T11:46:40.822+0000][2674.302s][info ][safepoint     ] Entering safepoint region: Cleanup
[2023-11-09T11:46:40.824+0000][2674.304s][info ][safepoint     ] Leaving safepoint region
[2023-11-09T11:46:40.824+0000][2674.304s][info ][safepoint     ] Total time for which application threads were stopped: 0.0018868 seconds, Stopping threads took: 0.0008834 seconds
[2023-11-09T11:46:41.825+0000][2675.305s][debug][safepoint     ] Safepoint synchronization initiated. (168 threads)
[2023-11-09T11:46:41.826+0000][2675.306s][info ][safepoint     ] Application time: 1.0014086 seconds
[2023-11-09T11:46:41.827+0000][2675.307s][info ][safepoint     ] Entering safepoint region: Cleanup
[2023-11-09T11:46:41.829+0000][2675.309s][info ][safepoint     ] Leaving safepoint region
[2023-11-09T11:46:41.829+0000][2675.309s][info ][safepoint     ] Total time for which application threads were stopped: 0.0019980 seconds, Stopping threads took: 0.0009970 seconds
[2023-11-09T11:46:42.830+0000][2676.310s][debug][safepoint     ] Safepoint synchronization initiated. (168 threads)
[2023-11-09T11:46:42.831+0000][2676.311s][info ][safepoint     ] Application time: 1.0010576 seconds
[2023-11-09T11:46:42.832+0000][2676.312s][info ][safepoint     ] Entering safepoint region: Cleanup
[2023-11-09T11:46:42.833+0000][2676.313s][info ][safepoint     ] Leaving safepoint region
[2023-11-09T11:46:42.834+0000][2676.314s][info ][safepoint     ] Total time for which application threads were stopped: 0.0016370 seconds, Stopping threads took: 0.0007213 seconds
[2023-11-09T11:46:43.835+0000][2677.315s][debug][safepoint     ] Safepoint synchronization initiated. (168 threads)
[2023-11-09T11:46:43.835+0000][2677.315s][info ][safepoint     ] Application time: 1.0009834 seconds
[2023-11-09T11:46:43.836+0000][2677.316s][info ][safepoint     ] Entering safepoint region: Cleanup
[2023-11-09T11:46:43.837+0000][2677.317s][info ][safepoint     ] Leaving safepoint region
[2023-11-09T11:46:43.837+0000][2677.317s][info ][safepoint     ] Total time for which application threads were stopped: 0.0012970 seconds, Stopping threads took: 0.0005959 seconds
[2023-11-09T11:46:44.838+0000][2678.318s][debug][safepoint     ] Safepoint synchronization initiated. (168 threads)
[2023-11-09T11:46:44.839+0000][2678.319s][info ][safepoint     ] Application time: 1.0012519 seconds
[2023-11-09T11:46:44.840+0000][2678.320s][info ][safepoint     ] Entering safepoint region: Cleanup
[2023-11-09T11:46:44.841+0000][2678.321s][info ][safepoint     ] Leaving safepoint region
[2023-11-09T11:46:44.842+0000][2678.322s][info ][safepoint     ] Total time for which application threads were stopped: 0.0017322 seconds, Stopping threads took: 0.0008291 seconds
[2023-11-09T11:46:45.843+0000][2679.323s][debug][safepoint     ] Safepoint synchronization initiated. (168 threads)
[2023-11-09T11:46:45.844+0000][2679.324s][info ][safepoint     ] Application time: 1.0015151 seconds
[2023-11-09T11:46:45.845+0000][2679.325s][info ][safepoint     ] Entering safepoint region: Cleanup
[2023-11-09T11:46:45.846+0000][2679.326s][info ][safepoint     ] Leaving safepoint region
[2023-11-09T11:46:45.847+0000][2679.327s][info ][safepoint     ] Total time for which application threads were stopped: 0.0020341 seconds, Stopping threads took: 0.0007807 seconds
[2023-11-09T11:46:46.848+0000][2680.328s][debug][safepoint     ] Safepoint synchronization initiated. (168 threads)
[2023-11-09T11:46:46.848+0000][2680.328s][info ][safepoint     ] Application time: 1.0009286 seconds
[2023-11-09T11:46:46.849+0000][2680.329s][info ][safepoint     ] Entering safepoint region: Cleanup
[2023-11-09T11:46:46.849+0000][2680.329s][info ][safepoint     ] Leaving safepoint region
[2023-11-09T11:46:46.850+0000][2680.330s][info ][safepoint     ] Total time for which application threads were stopped: 0.0012131 seconds, Stopping threads took: 0.0005066 seconds
[2023-11-09T11:46:47.851+0000][2681.331s][debug][safepoint     ] Safepoint synchronization initiated. (168 threads)
[2023-11-09T11:46:47.852+0000][2681.332s][info ][safepoint     ] Application time: 1.0012929 seconds
[2023-11-09T11:46:47.853+0000][2681.333s][info ][safepoint     ] Entering safepoint region: Cleanup
[2023-11-09T11:46:47.854+0000][2681.334s][info ][safepoint     ] Leaving safepoint region
[2023-11-09T11:46:47.854+0000][2681.334s][info ][safepoint     ] Total time for which application threads were stopped: 0.0016716 seconds, Stopping threads took: 0.0008080 seconds
[2023-11-09T11:46:48.855+0000][2682.335s][debug][safepoint     ] Safepoint synchronization initiated. (168 threads)
[2023-11-09T11:46:48.856+0000][2682.336s][info ][safepoint     ] Application time: 1.0010360 seconds
[2023-11-09T11:46:48.857+0000][2682.337s][info ][safepoint     ] Entering safepoint region: Cleanup
[2023-11-09T11:46:48.858+0000][2682.337s][info ][safepoint     ] Leaving safepoint region
[2023-11-09T11:46:48.858+0000][2682.338s][info ][safepoint     ] Total time for which application threads were stopped: 0.0014084 seconds, Stopping threads took: 0.0007473 seconds
[2023-11-09T11:46:49.859+0000][2683.339s][debug][safepoint     ] Safepoint synchronization initiated. (168 threads)
[2023-11-09T11:46:49.859+0000][2683.339s][info ][safepoint     ] Application time: 1.0007075 seconds
[2023-11-09T11:46:49.860+0000][2683.340s][info ][safepoint     ] Entering safepoint region: Cleanup
[2023-11-09T11:46:49.861+0000][2683.341s][info ][safepoint     ] Leaving safepoint region
[2023-11-09T11:46:49.861+0000][2683.341s][info ][safepoint     ] Total time for which application threads were stopped: 0.0010712 seconds, Stopping threads took: 0.0004766 seconds
[2023-11-09T11:46:50.862+0000][2684.342s][debug][safepoint     ] Safepoint synchronization initiated. (168 threads)
[2023-11-09T11:46:50.863+0000][2684.343s][info ][safepoint     ] Application time: 1.0012925 seconds
[2023-11-09T11:46:50.864+0000][2684.344s][info ][safepoint     ] Entering safepoint region: Cleanup
[2023-11-09T11:46:50.865+0000][2684.345s][info ][safepoint     ] Leaving safepoint region
[2023-11-09T11:46:50.866+0000][2684.346s][info ][safepoint     ] Total time for which application threads were stopped: 0.0019807 seconds, Stopping threads took: 0.0008753 seconds
[2023-11-09T11:46:51.867+0000][2685.347s][debug][safepoint     ] Safepoint synchronization initiated. (168 threads)
[2023-11-09T11:46:51.868+0000][2685.348s][info ][safepoint     ] Application time: 1.0013079 seconds
[2023-11-09T11:46:51.868+0000][2685.348s][info ][safepoint     ] Entering safepoint region: Cleanup
[2023-11-09T11:46:51.869+0000][2685.349s][info ][safepoint     ] Leaving safepoint region
[2023-11-09T11:46:51.870+0000][2685.350s][info ][safepoint     ] Total time for which application threads were stopped: 0.0020128 seconds, Stopping threads took: 0.0008800 seconds
[2023-11-09T11:46:52.871+0000][2686.351s][debug][safepoint     ] Safepoint synchronization initiated. (168 threads)
[2023-11-09T11:46:52.872+0000][2686.352s][info ][safepoint     ] Application time: 1.0009291 seconds
[2023-11-09T11:46:52.873+0000][2686.353s][info ][safepoint     ] Entering safepoint region: Cleanup
[2023-11-09T11:46:52.874+0000][2686.354s][info ][safepoint     ] Leaving safepoint region
[2023-11-09T11:46:52.875+0000][2686.354s][info ][safepoint     ] Total time for which application threads were stopped: 0.0017316 seconds, Stopping threads took: 0.0007923 seconds
[2023-11-09T11:46:53.875+0000][2687.355s][debug][safepoint     ] Safepoint synchronization initiated. (168 threads)
[2023-11-09T11:46:53.876+0000][2687.356s][info ][safepoint     ] Application time: 1.0012608 seconds
[2023-11-09T11:46:53.877+0000][2687.357s][info ][safepoint     ] Entering safepoint region: Cleanup
[2023-11-09T11:46:53.878+0000][2687.358s][info ][safepoint     ] Leaving safepoint region
[2023-11-09T11:46:53.879+0000][2687.359s][info ][safepoint     ] Total time for which application threads were stopped: 0.0015424 seconds, Stopping threads took: 0.0007960 seconds
[2023-11-09T11:46:54.880+0000][2688.360s][debug][safepoint     ] Safepoint synchronization initiated. (168 threads)
[2023-11-09T11:46:54.881+0000][2688.361s][info ][safepoint     ] Application time: 1.0012902 seconds
[2023-11-09T11:46:54.882+0000][2688.362s][info ][safepoint     ] Entering safepoint region: Cleanup
[2023-11-09T11:46:54.883+0000][2688.363s][info ][safepoint     ] Leaving safepoint region
[2023-11-09T11:46:54.883+0000][2688.363s][info ][safepoint     ] Total time for which application threads were stopped: 0.0018369 seconds, Stopping threads took: 0.0008277 seconds
[2023-11-09T11:46:55.884+0000][2689.364s][debug][safepoint     ] Safepoint synchronization initiated. (168 threads)
[2023-11-09T11:46:55.885+0000][2689.365s][info ][safepoint     ] Application time: 1.0011101 seconds
[2023-11-09T11:46:55.886+0000][2689.366s][info ][safepoint     ] Entering safepoint region: Cleanup
[2023-11-09T11:46:55.887+0000][2689.367s][info ][safepoint     ] Leaving safepoint region
[2023-11-09T11:46:55.888+0000][2689.368s][info ][safepoint     ] Total time for which application threads were stopped: 0.0017010 seconds, Stopping threads took: 0.0007726 seconds
[2023-11-09T11:46:56.888+0000][2690.368s][debug][safepoint     ] Safepoint synchronization initiated. (168 threads)
[2023-11-09T11:46:56.889+0000][2690.369s][info ][safepoint     ] Application time: 1.0009551 seconds
[2023-11-09T11:46:56.890+0000][2690.370s][info ][safepoint     ] Entering safepoint region: Cleanup
[2023-11-09T11:46:56.891+0000][2690.371s][info ][safepoint     ] Leaving safepoint region
[2023-11-09T11:46:56.892+0000][2690.372s][info ][safepoint     ] Total time for which application threads were stopped: 0.0018294 seconds, Stopping threads took: 0.0007533 seconds
[2023-11-09T11:46:57.893+0000][2691.373s][debug][safepoint     ] Safepoint synchronization initiated. (168 threads)
[2023-11-09T11:46:57.894+0000][2691.374s][info ][safepoint     ] Application time: 1.0014442 seconds
[2023-11-09T11:46:57.895+0000][2691.375s][info ][safepoint     ] Entering safepoint region: Cleanup
[2023-11-09T11:46:57.896+0000][2691.376s][info ][safepoint     ] Leaving safepoint region
[2023-11-09T11:46:57.897+0000][2691.377s][info ][safepoint     ] Total time for which application threads were stopped: 0.0019446 seconds, Stopping threads took: 0.0008426 seconds
[2023-11-09T11:46:57.896+0000][2691.376s][debug][safepoint     ] ... found polling page return exception at pc = 0x00007fb4f0d6dc84, stub =0x00007fb4e8840600
[2023-11-09T11:46:57.896+0000][2691.376s][debug][safepoint     ] ... found polling page return exception at pc = 0x00007fb4f0d6dc84, stub =0x00007fb4e8840600
[2023-11-09T11:46:57.896+0000][2691.376s][debug][safepoint     ] ... found polling page return exception at pc = 0x00007fb4f0d6dc84, stub =0x00007fb4e8840600
[2023-11-09T11:46:57.896+0000][2691.376s][debug][safepoint     ] ... found polling page return exception at pc = 0x00007fb4f0d6dc84, stub =0x00007fb4e8840600
[2023-11-09T11:46:58.898+0000][2692.378s][debug][safepoint     ] Safepoint synchronization initiated. (168 threads)
[2023-11-09T11:46:58.899+0000][2692.379s][info ][safepoint     ] Application time: 1.0015757 seconds
[2023-11-09T11:46:58.901+0000][2692.381s][info ][safepoint     ] Entering safepoint region: Cleanup
[2023-11-09T11:46:58.902+0000][2692.382s][info ][safepoint     ] Leaving safepoint region
[2023-11-09T11:46:58.903+0000][2692.383s][info ][safepoint     ] Total time for which application threads were stopped: 0.0022388 seconds, Stopping threads took: 0.0009553 seconds
[2023-11-09T11:46:59.904+0000][2693.384s][debug][safepoint     ] Safepoint synchronization initiated. (168 threads)
[2023-11-09T11:46:59.904+0000][2693.384s][info ][safepoint     ] Application time: 1.0005242 seconds
[2023-11-09T11:46:59.904+0000][2693.384s][info ][safepoint     ] Entering safepoint region: Cleanup
[2023-11-09T11:46:59.905+0000][2693.385s][info ][safepoint     ] Leaving safepoint region
[2023-11-09T11:46:59.905+0000][2693.385s][info ][safepoint     ] Total time for which application threads were stopped: 0.0008693 seconds, Stopping threads took: 0.0003575 seconds
[2023-11-09T11:47:00.906+0000][2694.386s][debug][safepoint     ] Safepoint synchronization initiated. (168 threads)
[2023-11-09T11:47:00.907+0000][2694.387s][info ][safepoint     ] Application time: 1.0014691 seconds
[2023-11-09T11:47:00.908+0000][2694.388s][info ][safepoint     ] Entering safepoint region: Cleanup
[2023-11-09T11:47:00.909+0000][2694.389s][info ][safepoint     ] Leaving safepoint region
[2023-11-09T11:47:00.910+0000][2694.390s][info ][safepoint     ] Total time for which application threads were stopped: 0.0018989 seconds, Stopping threads took: 0.0008558 seconds
[2023-11-09T11:47:01.911+0000][2695.391s][debug][safepoint     ] Safepoint synchronization initiated. (168 threads)
[2023-11-09T11:47:01.912+0000][2695.392s][info ][safepoint     ] Application time: 1.0013119 seconds
[2023-11-09T11:47:01.913+0000][2695.393s][info ][safepoint     ] Entering safepoint region: Cleanup
[2023-11-09T11:47:01.914+0000][2695.394s][info ][safepoint     ] Leaving safepoint region
[2023-11-09T11:47:01.914+0000][2695.394s][info ][safepoint     ] Total time for which application threads were stopped: 0.0016736 seconds, Stopping threads took: 0.0007370 seconds
[2023-11-09T11:47:02.916+0000][2696.396s][debug][safepoint     ] Safepoint synchronization initiated. (168 threads)
[2023-11-09T11:47:02.917+0000][2696.397s][info ][safepoint     ] Application time: 1.0014275 seconds
[2023-11-09T11:47:02.918+0000][2696.398s][info ][safepoint     ] Entering safepoint region: Cleanup
[2023-11-09T11:47:02.919+0000][2696.399s][info ][safepoint     ] Leaving safepoint region
[2023-11-09T11:47:02.920+0000][2696.400s][info ][safepoint     ] Total time for which application threads were stopped: 0.0019527 seconds, Stopping threads took: 0.0007794 seconds
[2023-11-09T11:47:03.921+0000][2697.401s][debug][safepoint     ] Safepoint synchronization initiated. (168 threads)
[2023-11-09T11:47:03.922+0000][2697.402s][info ][safepoint     ] Application time: 1.0013575 seconds
[2023-11-09T11:47:03.923+0000][2697.403s][info ][safepoint     ] Entering safepoint region: Cleanup
[2023-11-09T11:47:03.924+0000][2697.404s][info ][safepoint     ] Leaving safepoint region
[2023-11-09T11:47:03.925+0000][2697.405s][info ][safepoint     ] Total time for which application threads were stopped: 0.0018669 seconds, Stopping threads took: 0.0007741 seconds
[2023-11-09T11:47:04.926+0000][2698.406s][debug][safepoint     ] Safepoint synchronization initiated. (168 threads)
[2023-11-09T11:47:04.927+0000][2698.407s][info ][safepoint     ] Application time: 1.0015624 seconds
[2023-11-09T11:47:04.928+0000][2698.408s][info ][safepoint     ] Entering safepoint region: Cleanup
[2023-11-09T11:47:04.929+0000][2698.409s][info ][safepoint     ] Leaving safepoint region
[2023-11-09T11:47:04.930+0000][2698.410s][info ][safepoint     ] Total time for which application threads were stopped: 0.0016821 seconds, Stopping threads took: 0.0006180 seconds
[2023-11-09T11:47:05.930+0000][2699.410s][debug][safepoint     ] Safepoint synchronization initiated. (168 threads)
[2023-11-09T11:47:05.931+0000][2699.411s][info ][safepoint     ] Application time: 1.0008406 seconds
[2023-11-09T11:47:05.932+0000][2699.412s][info ][safepoint     ] Entering safepoint region: Cleanup
[2023-11-09T11:47:05.932+0000][2699.412s][info ][safepoint     ] Leaving safepoint region
[2023-11-09T11:47:05.933+0000][2699.413s][info ][safepoint     ] Total time for which application threads were stopped: 0.0011227 seconds, Stopping threads took: 0.0005131 seconds
[2023-11-09T11:47:06.933+0000][2700.413s][debug][safepoint     ] Safepoint synchronization initiated. (168 threads)
[2023-11-09T11:47:06.934+0000][2700.414s][info ][safepoint     ] Application time: 1.0012358 seconds
[2023-11-09T11:47:06.935+0000][2700.415s][debug][safepoint     ] ... found polling page return exception at pc = 0x00007fb4f0c27368, stub =0x00007fb4e8840600
[2023-11-09T11:47:06.936+0000][2700.416s][debug][safepoint     ] Waiting for 2 thread(s) to block
[2023-11-09T11:47:06.937+0000][2700.417s][info ][safepoint     ] Entering safepoint region: Cleanup
[2023-11-09T11:47:06.938+0000][2700.418s][info ][safepoint     ] Leaving safepoint region
[2023-11-09T11:47:06.938+0000][2700.418s][info ][safepoint     ] Total time for which application threads were stopped: 0.0035682 seconds, Stopping threads took: 0.0027393 seconds
[2023-11-09T11:47:07.939+0000][2701.419s][debug][safepoint     ] Safepoint synchronization initiated. (168 threads)
[2023-11-09T11:47:07.940+0000][2701.420s][info ][safepoint     ] Application time: 1.0013251 seconds
[2023-11-09T11:47:07.941+0000][2701.421s][info ][safepoint     ] Entering safepoint region: Cleanup
[2023-11-09T11:47:07.942+0000][2701.422s][info ][safepoint     ] Leaving safepoint region
[2023-11-09T11:47:07.943+0000][2701.423s][info ][safepoint     ] Total time for which application threads were stopped: 0.0016666 seconds, Stopping threads took: 0.0008134 seconds
[2023-11-09T11:47:08.944+0000][2702.424s][debug][safepoint     ] Safepoint synchronization initiated. (168 threads)
[2023-11-09T11:47:08.945+0000][2702.425s][info ][safepoint     ] Application time: 1.0008486 seconds
[2023-11-09T11:47:08.945+0000][2702.425s][info ][safepoint     ] Entering safepoint region: Cleanup
[2023-11-09T11:47:08.946+0000][2702.426s][info ][safepoint     ] Leaving safepoint region
[2023-11-09T11:47:08.946+0000][2702.426s][info ][safepoint     ] Total time for which application threads were stopped: 0.0011571 seconds, Stopping threads took: 0.0004993 seconds
[2023-11-09T11:47:09.947+0000][2703.427s][debug][safepoint     ] Safepoint synchronization initiated. (168 threads)
[2023-11-09T11:47:09.947+0000][2703.427s][info ][safepoint     ] Application time: 1.0007403 seconds
[2023-11-09T11:47:09.948+0000][2703.428s][info ][safepoint     ] Entering safepoint region: Cleanup
[2023-11-09T11:47:09.949+0000][2703.429s][info ][safepoint     ] Leaving safepoint region
[2023-11-09T11:47:09.949+0000][2703.429s][info ][safepoint     ] Total time for which application threads were stopped: 0.0010319 seconds, Stopping threads took: 0.0004369 seconds
[2023-11-09T11:47:10.950+0000][2704.430s][debug][safepoint     ] Safepoint synchronization initiated. (168 threads)
[2023-11-09T11:47:10.950+0000][2704.430s][info ][safepoint     ] Application time: 1.0007187 seconds
[2023-11-09T11:47:10.951+0000][2704.431s][info ][safepoint     ] Entering safepoint region: Cleanup
[2023-11-09T11:47:10.952+0000][2704.432s][info ][safepoint     ] Leaving safepoint region
[2023-11-09T11:47:10.952+0000][2704.432s][info ][safepoint     ] Total time for which application threads were stopped: 0.0012270 seconds, Stopping threads took: 0.0006595 seconds
[2023-11-09T11:47:11.953+0000][2705.433s][debug][safepoint     ] Safepoint synchronization initiated. (168 threads)
[2023-11-09T11:47:11.954+0000][2705.434s][info ][safepoint     ] Application time: 1.0014458 seconds
[2023-11-09T11:47:11.955+0000][2705.435s][info ][safepoint     ] Entering safepoint region: Cleanup
[2023-11-09T11:47:11.956+0000][2705.436s][info ][safepoint     ] Leaving safepoint region
[2023-11-09T11:47:11.956+0000][2705.436s][info ][safepoint     ] Total time for which application threads were stopped: 0.0017369 seconds, Stopping threads took: 0.0007906 seconds
[2023-11-09T11:47:11.956+0000][2705.436s][debug][safepoint     ] ... found polling page return exception at pc = 0x00007fb4f0d6dc84, stub =0x00007fb4e8840600
[2023-11-09T11:47:11.956+0000][2705.436s][debug][safepoint     ] ... found polling page return exception at pc = 0x00007fb4f0d6dc84, stub =0x00007fb4e8840600
[2023-11-09T11:47:11.956+0000][2705.436s][debug][safepoint     ] ... found polling page return exception at pc = 0x00007fb4f0d6dc84, stub =0x00007fb4e8840600
[2023-11-09T11:47:11.956+0000][2705.436s][debug][safepoint     ] ... found polling page return exception at pc = 0x00007fb4f0d6dc84, stub =0x00007fb4e8840600
[2023-11-09T11:47:11.956+0000][2705.436s][debug][safepoint     ] ... found polling page return exception at pc = 0x00007fb4f0d6dc84, stub =0x00007fb4e8840600
[2023-11-09T11:47:11.956+0000][2705.436s][debug][safepoint     ] ... found polling page return exception at pc = 0x00007fb4f0d6dc84, stub =0x00007fb4e8840600
[2023-11-09T11:47:12.957+0000][2706.437s][debug][safepoint     ] Safepoint synchronization initiated. (168 threads)
[2023-11-09T11:47:12.958+0000][2706.438s][info ][safepoint     ] Application time: 1.0011752 seconds
[2023-11-09T11:47:12.959+0000][2706.439s][info ][safepoint     ] Entering safepoint region: Cleanup
[2023-11-09T11:47:12.960+0000][2706.440s][info ][safepoint     ] Leaving safepoint region
[2023-11-09T11:47:12.961+0000][2706.441s][info ][safepoint     ] Total time for which application threads were stopped: 0.0015597 seconds, Stopping threads took: 0.0007016 seconds
[2023-11-09T11:47:13.961+0000][2707.441s][debug][safepoint     ] Safepoint synchronization initiated. (168 threads)
[2023-11-09T11:47:13.962+0000][2707.442s][info ][safepoint     ] Application time: 1.0009259 seconds
[2023-11-09T11:47:13.963+0000][2707.443s][info ][safepoint     ] Entering safepoint region: Cleanup
[2023-11-09T11:47:13.963+0000][2707.443s][info ][safepoint     ] Leaving safepoint region
[2023-11-09T11:47:13.964+0000][2707.444s][info ][safepoint     ] Total time for which application threads were stopped: 0.0011560 seconds, Stopping threads took: 0.0005524 seconds
[2023-11-09T11:47:14.964+0000][2708.444s][debug][safepoint     ] Safepoint synchronization initiated. (168 threads)
[2023-11-09T11:47:14.965+0000][2708.445s][info ][safepoint     ] Application time: 1.0007835 seconds
[2023-11-09T11:47:14.965+0000][2708.445s][info ][safepoint     ] Entering safepoint region: Cleanup
[2023-11-09T11:47:14.966+0000][2708.446s][info ][safepoint     ] Leaving safepoint region
[2023-11-09T11:47:14.966+0000][2708.446s][info ][safepoint     ] Total time for which application threads were stopped: 0.0011037 seconds, Stopping threads took: 0.0004913 seconds
[2023-11-09T11:47:15.967+0000][2709.447s][debug][safepoint     ] Safepoint synchronization initiated. (168 threads)
[2023-11-09T11:47:15.968+0000][2709.448s][info ][safepoint     ] Application time: 1.0012060 seconds
[2023-11-09T11:47:15.968+0000][2709.448s][info ][safepoint     ] Entering safepoint region: Cleanup
[2023-11-09T11:47:15.969+0000][2709.449s][info ][safepoint     ] Leaving safepoint region
[2023-11-09T11:47:15.970+0000][2709.450s][info ][safepoint     ] Total time for which application threads were stopped: 0.0012601 seconds, Stopping threads took: 0.0005992 seconds
[2023-11-09T11:47:16.970+0000][2710.450s][debug][safepoint     ] Safepoint synchronization initiated. (168 threads)
[2023-11-09T11:47:16.971+0000][2710.451s][info ][safepoint     ] Application time: 1.0007464 seconds
[2023-11-09T11:47:16.972+0000][2710.452s][info ][safepoint     ] Entering safepoint region: Cleanup
[2023-11-09T11:47:16.972+0000][2710.452s][info ][safepoint     ] Leaving safepoint region
[2023-11-09T11:47:16.973+0000][2710.453s][info ][safepoint     ] Total time for which application threads were stopped: 0.0013162 seconds, Stopping threads took: 0.0005507 seconds
[2023-11-09T11:47:17.974+0000][2711.454s][debug][safepoint     ] Safepoint synchronization initiated. (168 threads)
[2023-11-09T11:47:17.975+0000][2711.455s][info ][safepoint     ] Application time: 1.0013741 seconds
[2023-11-09T11:47:17.976+0000][2711.456s][info ][safepoint     ] Entering safepoint region: Cleanup
[2023-11-09T11:47:17.977+0000][2711.457s][info ][safepoint     ] Leaving safepoint region
[2023-11-09T11:47:17.977+0000][2711.457s][info ][safepoint     ] Total time for which application threads were stopped: 0.0017834 seconds, Stopping threads took: 0.0008075 seconds
[2023-11-09T11:47:18.978+0000][2712.458s][debug][safepoint     ] Safepoint synchronization initiated. (168 threads)
[2023-11-09T11:47:18.979+0000][2712.459s][info ][safepoint     ] Application time: 1.0007028 seconds
[2023-11-09T11:47:18.979+0000][2712.459s][info ][safepoint     ] Entering safepoint region: Cleanup
[2023-11-09T11:47:18.980+0000][2712.460s][info ][safepoint     ] Leaving safepoint region
[2023-11-09T11:47:18.980+0000][2712.460s][info ][safepoint     ] Total time for which application threads were stopped: 0.0010975 seconds, Stopping threads took: 0.0005081 seconds
[2023-11-09T11:47:19.981+0000][2713.461s][debug][safepoint     ] Safepoint synchronization initiated. (168 threads)
[2023-11-09T11:47:19.981+0000][2713.461s][info ][safepoint     ] Application time: 1.0004703 seconds
[2023-11-09T11:47:19.982+0000][2713.462s][info ][safepoint     ] Entering safepoint region: Cleanup
[2023-11-09T11:47:19.982+0000][2713.462s][info ][safepoint     ] Leaving safepoint region
[2023-11-09T11:47:19.983+0000][2713.463s][info ][safepoint     ] Total time for which application threads were stopped: 0.0011308 seconds, Stopping threads took: 0.0004809 seconds
[2023-11-09T11:47:20.983+0000][2714.463s][debug][safepoint     ] Safepoint synchronization initiated. (168 threads)
[2023-11-09T11:47:20.984+0000][2714.464s][info ][safepoint     ] Application time: 1.0012087 seconds
[2023-11-09T11:47:20.985+0000][2714.465s][info ][safepoint     ] Entering safepoint region: Cleanup
[2023-11-09T11:47:20.986+0000][2714.466s][info ][safepoint     ] Leaving safepoint region
[2023-11-09T11:47:20.987+0000][2714.467s][info ][safepoint     ] Total time for which application threads were stopped: 0.0018850 seconds, Stopping threads took: 0.0008280 seconds
[2023-11-09T11:47:21.988+0000][2715.468s][debug][safepoint     ] Safepoint synchronization initiated. (168 threads)
[2023-11-09T11:47:22.016+0000][2715.496s][info ][safepoint     ] Application time: 1.0279976 seconds
[2023-11-09T11:47:22.018+0000][2715.498s][info ][safepoint     ] Entering safepoint region: Cleanup
[2023-11-09T11:47:22.019+0000][2715.499s][info ][safepoint     ] Leaving safepoint region
[2023-11-09T11:47:22.019+0000][2715.499s][info ][safepoint     ] Total time for which application threads were stopped: 0.0013950 seconds, Stopping threads took: 0.0006706 seconds
[2023-11-09T11:47:23.020+0000][2716.500s][debug][safepoint     ] Safepoint synchronization initiated. (168 threads)
[2023-11-09T11:47:23.020+0000][2716.500s][info ][safepoint     ] Application time: 1.0009137 seconds
[2023-11-09T11:47:23.021+0000][2716.501s][info ][safepoint     ] Entering safepoint region: Cleanup
[2023-11-09T11:47:23.022+0000][2716.502s][info ][safepoint     ] Leaving safepoint region
[2023-11-09T11:47:23.022+0000][2716.502s][info ][safepoint     ] Total time for which application threads were stopped: 0.0012729 seconds, Stopping threads took: 0.0005731 seconds
[2023-11-09T11:47:24.023+0000][2717.503s][debug][safepoint     ] Safepoint synchronization initiated. (168 threads)
[2023-11-09T11:47:24.024+0000][2717.504s][info ][safepoint     ] Application time: 1.0008370 seconds
[2023-11-09T11:47:24.025+0000][2717.505s][info ][safepoint     ] Entering safepoint region: Cleanup
[2023-11-09T11:47:24.026+0000][2717.506s][info ][safepoint     ] Leaving safepoint region
[2023-11-09T11:47:24.026+0000][2717.506s][info ][safepoint     ] Total time for which application threads were stopped: 0.0014675 seconds, Stopping threads took: 0.0007706 seconds
[2023-11-09T11:47:25.027+0000][2718.507s][debug][safepoint     ] Safepoint synchronization initiated. (168 threads)
[2023-11-09T11:47:25.027+0000][2718.507s][info ][safepoint     ] Application time: 1.0006032 seconds
[2023-11-09T11:47:25.028+0000][2718.508s][info ][safepoint     ] Entering safepoint region: Cleanup
[2023-11-09T11:47:25.028+0000][2718.508s][info ][safepoint     ] Leaving safepoint region
[2023-11-09T11:47:25.029+0000][2718.509s][info ][safepoint     ] Total time for which application threads were stopped: 0.0009274 seconds, Stopping threads took: 0.0004404 seconds
[2023-11-09T11:47:26.029+0000][2719.509s][debug][safepoint     ] Safepoint synchronization initiated. (168 threads)
[2023-11-09T11:47:26.030+0000][2719.510s][info ][safepoint     ] Application time: 1.0006474 seconds
[2023-11-09T11:47:26.030+0000][2719.510s][info ][safepoint     ] Entering safepoint region: Cleanup
[2023-11-09T11:47:26.031+0000][2719.511s][info ][safepoint     ] Leaving safepoint region
[2023-11-09T11:47:26.031+0000][2719.511s][info ][safepoint     ] Total time for which application threads were stopped: 0.0013129 seconds, Stopping threads took: 0.0006109 seconds
[2023-11-09T11:47:27.032+0000][2720.512s][debug][safepoint     ] Safepoint synchronization initiated. (168 threads)
[2023-11-09T11:47:27.033+0000][2720.513s][info ][safepoint     ] Application time: 1.0008755 seconds
[2023-11-09T11:47:27.033+0000][2720.513s][info ][safepoint     ] Entering safepoint region: Cleanup
[2023-11-09T11:47:27.034+0000][2720.514s][info ][safepoint     ] Leaving safepoint region
[2023-11-09T11:47:27.035+0000][2720.514s][info ][safepoint     ] Total time for which application threads were stopped: 0.0011506 seconds, Stopping threads took: 0.0005454 seconds
[2023-11-09T11:47:28.035+0000][2721.515s][debug][safepoint     ] Safepoint synchronization initiated. (168 threads)
[2023-11-09T11:47:28.036+0000][2721.516s][info ][safepoint     ] Application time: 1.0007623 seconds
[2023-11-09T11:47:28.036+0000][2721.516s][info ][safepoint     ] Entering safepoint region: Cleanup
[2023-11-09T11:47:28.037+0000][2721.517s][info ][safepoint     ] Leaving safepoint region
[2023-11-09T11:47:28.038+0000][2721.518s][info ][safepoint     ] Total time for which application threads were stopped: 0.0013790 seconds, Stopping threads took: 0.0005991 seconds
[2023-11-09T11:47:29.038+0000][2722.518s][debug][safepoint     ] Safepoint synchronization initiated. (168 threads)
[2023-11-09T11:47:29.039+0000][2722.519s][info ][safepoint     ] Application time: 1.0005930 seconds
[2023-11-09T11:47:29.039+0000][2722.519s][info ][safepoint     ] Entering safepoint region: Cleanup
[2023-11-09T11:47:29.040+0000][2722.520s][info ][safepoint     ] Leaving safepoint region
[2023-11-09T11:47:29.040+0000][2722.520s][info ][safepoint     ] Total time for which application threads were stopped: 0.0009449 seconds, Stopping threads took: 0.0003494 seconds
[2023-11-09T11:47:30.041+0000][2723.521s][debug][safepoint     ] Safepoint synchronization initiated. (168 threads)
[2023-11-09T11:47:30.041+0000][2723.521s][info ][safepoint     ] Application time: 1.0007958 seconds
[2023-11-09T11:47:30.042+0000][2723.522s][info ][safepoint     ] Entering safepoint region: Cleanup
[2023-11-09T11:47:30.042+0000][2723.522s][info ][safepoint     ] Leaving safepoint region
[2023-11-09T11:47:30.043+0000][2723.523s][info ][safepoint     ] Total time for which application threads were stopped: 0.0010143 seconds, Stopping threads took: 0.0004563 seconds
[2023-11-09T11:47:31.043+0000][2724.523s][debug][safepoint     ] Safepoint synchronization initiated. (168 threads)
[2023-11-09T11:47:31.044+0000][2724.524s][info ][safepoint     ] Application time: 1.0010673 seconds
[2023-11-09T11:47:31.045+0000][2724.525s][info ][safepoint     ] Entering safepoint region: Cleanup
[2023-11-09T11:47:31.046+0000][2724.525s][info ][safepoint     ] Leaving safepoint region
[2023-11-09T11:47:31.046+0000][2724.526s][info ][safepoint     ] Total time for which application threads were stopped: 0.0012010 seconds, Stopping threads took: 0.0006188 seconds
[2023-11-09T11:47:32.047+0000][2725.527s][debug][safepoint     ] Safepoint synchronization initiated. (168 threads)
[2023-11-09T11:47:32.047+0000][2725.527s][info ][safepoint     ] Application time: 1.0009034 seconds
[2023-11-09T11:47:32.048+0000][2725.528s][info ][safepoint     ] Entering safepoint region: Cleanup
[2023-11-09T11:47:32.049+0000][2725.529s][info ][safepoint     ] Leaving safepoint region
[2023-11-09T11:47:32.049+0000][2725.529s][info ][safepoint     ] Total time for which application threads were stopped: 0.0012831 seconds, Stopping threads took: 0.0006144 seconds
[2023-11-09T11:47:33.050+0000][2726.530s][debug][safepoint     ] Safepoint synchronization initiated. (168 threads)
[2023-11-09T11:47:33.051+0000][2726.530s][info ][safepoint     ] Application time: 1.0008925 seconds
[2023-11-09T11:47:33.051+0000][2726.531s][info ][safepoint     ] Entering safepoint region: Cleanup
[2023-11-09T11:47:33.052+0000][2726.532s][info ][safepoint     ] Leaving safepoint region
[2023-11-09T11:47:33.053+0000][2726.533s][info ][safepoint     ] Total time for which application threads were stopped: 0.0016411 seconds, Stopping threads took: 0.0008931 seconds
[2023-11-09T11:47:33.064+0000][2726.544s][debug][safepoint     ] Safepoint synchronization initiated. (168 threads)
[2023-11-09T11:47:33.065+0000][2726.545s][info ][safepoint     ] Application time: 0.0114868 seconds
[2023-11-09T11:47:33.065+0000][2726.545s][info ][safepoint     ] Entering safepoint region: G1CollectForAllocation
[2023-11-09T11:47:33.066+0000][2726.546s][info ][gc,start      ] GC(76) Pause Young (Normal) (G1 Evacuation Pause)
[2023-11-09T11:47:33.067+0000][2726.547s][info ][gc,task       ] GC(76) Using 8 workers of 8 for evacuation
[2023-11-09T11:47:33.073+0000][2726.553s][info ][gc,phases     ] GC(76)   Pre Evacuate Collection Set: 0.0ms
[2023-11-09T11:47:33.073+0000][2726.553s][info ][gc,phases     ] GC(76)   Evacuate Collection Set: 3.1ms
[2023-11-09T11:47:33.074+0000][2726.554s][info ][gc,phases     ] GC(76)   Post Evacuate Collection Set: 2.6ms
[2023-11-09T11:47:33.074+0000][2726.554s][info ][gc,phases     ] GC(76)   Other: 1.1ms
[2023-11-09T11:47:33.075+0000][2726.555s][info ][gc,heap       ] GC(76) Eden regions: 193->0(193)
[2023-11-09T11:47:33.075+0000][2726.555s][info ][gc,heap       ] GC(76) Survivor regions: 3->2(25)
[2023-11-09T11:47:33.076+0000][2726.556s][info ][gc,heap       ] GC(76) Old regions: 153->155
[2023-11-09T11:47:33.076+0000][2726.556s][info ][gc,heap       ] GC(76) Humongous regions: 0->0
[2023-11-09T11:47:33.077+0000][2726.557s][info ][gc,metaspace  ] GC(76) Metaspace: 160169K(165584K)->160169K(165584K) NonClass: 141523K(144848K)->141523K(144848K) Class: 18646K(20736K)->18646K(20736K)
[2023-11-09T11:47:33.077+0000][2726.557s][info ][gc            ] GC(76) Pause Young (Normal) (G1 Evacuation Pause) 347M->154M(395M) 11.096ms
[2023-11-09T11:47:33.078+0000][2726.558s][info ][gc,cpu        ] GC(76) User=0.04s Sys=0.00s Real=0.02s
[2023-11-09T11:47:33.078+0000][2726.558s][info ][safepoint     ] Leaving safepoint region
[2023-11-09T11:47:33.078+0000][2726.558s][info ][safepoint     ] Total time for which application threads were stopped: 0.0131944 seconds, Stopping threads took: 0.0006182 seconds
[2023-11-09T11:47:33.079+0000][2726.559s][info ][gc,stringdedup] Concurrent String Deduplication (2726.559s)
[2023-11-09T11:47:33.079+0000][2726.559s][info ][gc,stringdedup] Concurrent String Deduplication 824.0B->552.0B(272.0B) avg 54.4% (2726.559s, 2726.559s) 0.409ms
[2023-11-09T11:47:34.079+0000][2727.559s][debug][safepoint     ] Safepoint synchronization initiated. (168 threads)
[2023-11-09T11:47:34.080+0000][2727.560s][info ][safepoint     ] Application time: 1.0007920 seconds
[2023-11-09T11:47:34.080+0000][2727.560s][info ][safepoint     ] Entering safepoint region: Cleanup
[2023-11-09T11:47:34.081+0000][2727.561s][info ][safepoint     ] Leaving safepoint region
[2023-11-09T11:47:34.081+0000][2727.561s][info ][safepoint     ] Total time for which application threads were stopped: 0.0012391 seconds, Stopping threads took: 0.0005800 seconds
[2023-11-09T11:47:35.082+0000][2728.562s][debug][safepoint     ] Safepoint synchronization initiated. (168 threads)
[2023-11-09T11:47:35.083+0000][2728.563s][info ][safepoint     ] Application time: 1.0008295 seconds
[2023-11-09T11:47:35.083+0000][2728.563s][info ][safepoint     ] Entering safepoint region: Cleanup
[2023-11-09T11:47:35.084+0000][2728.564s][info ][safepoint     ] Leaving safepoint region
[2023-11-09T11:47:35.084+0000][2728.564s][info ][safepoint     ] Total time for which application threads were stopped: 0.0009539 seconds, Stopping threads took: 0.0004054 seconds
[2023-11-09T11:47:36.085+0000][2729.565s][debug][safepoint     ] Safepoint synchronization initiated. (168 threads)
[2023-11-09T11:47:36.086+0000][2729.566s][info ][safepoint     ] Application time: 1.0014863 seconds
[2023-11-09T11:47:36.087+0000][2729.567s][info ][safepoint     ] Entering safepoint region: Cleanup
[2023-11-09T11:47:36.089+0000][2729.568s][info ][safepoint     ] Leaving safepoint region
[2023-11-09T11:47:36.089+0000][2729.569s][info ][safepoint     ] Total time for which application threads were stopped: 0.0024480 seconds, Stopping threads took: 0.0010520 seconds
[2023-11-09T11:47:37.090+0000][2730.570s][debug][safepoint     ] Safepoint synchronization initiated. (168 threads)
[2023-11-09T11:47:37.091+0000][2730.571s][info ][safepoint     ] Application time: 1.0008634 seconds
[2023-11-09T11:47:37.092+0000][2730.572s][info ][safepoint     ] Entering safepoint region: Cleanup
[2023-11-09T11:47:37.092+0000][2730.572s][info ][safepoint     ] Leaving safepoint region
[2023-11-09T11:47:37.092+0000][2730.572s][info ][safepoint     ] Total time for which application threads were stopped: 0.0009170 seconds, Stopping threads took: 0.0003667 seconds
[2023-11-09T11:47:38.093+0000][2731.573s][debug][safepoint     ] Safepoint synchronization initiated. (168 threads)
[2023-11-09T11:47:38.094+0000][2731.574s][info ][safepoint     ] Application time: 1.0007924 seconds
[2023-11-09T11:47:38.094+0000][2731.574s][info ][safepoint     ] Entering safepoint region: Cleanup
[2023-11-09T11:47:38.095+0000][2731.575s][info ][safepoint     ] Leaving safepoint region
[2023-11-09T11:47:38.095+0000][2731.575s][info ][safepoint     ] Total time for which application threads were stopped: 0.0010515 seconds, Stopping threads took: 0.0005044 seconds
[2023-11-09T11:47:39.096+0000][2732.576s][debug][safepoint     ] Safepoint synchronization initiated. (168 threads)
[2023-11-09T11:47:39.096+0000][2732.576s][info ][safepoint     ] Application time: 1.0008067 seconds
[2023-11-09T11:47:39.097+0000][2732.577s][info ][safepoint     ] Entering safepoint region: Cleanup
[2023-11-09T11:47:39.098+0000][2732.578s][info ][safepoint     ] Leaving safepoint region
[2023-11-09T11:47:39.098+0000][2732.578s][info ][safepoint     ] Total time for which application threads were stopped: 0.0011912 seconds, Stopping threads took: 0.0005274 seconds
[2023-11-09T11:47:40.099+0000][2733.579s][debug][safepoint     ] Safepoint synchronization initiated. (168 threads)
[2023-11-09T11:47:40.099+0000][2733.579s][info ][safepoint     ] Application time: 1.0007393 seconds
[2023-11-09T11:47:40.100+0000][2733.580s][info ][safepoint     ] Entering safepoint region: Cleanup
[2023-11-09T11:47:40.100+0000][2733.580s][info ][safepoint     ] Leaving safepoint region
[2023-11-09T11:47:40.101+0000][2733.581s][info ][safepoint     ] Total time for which application threads were stopped: 0.0010519 seconds, Stopping threads took: 0.0004735 seconds
[2023-11-09T11:47:41.102+0000][2734.582s][debug][safepoint     ] Safepoint synchronization initiated. (168 threads)
[2023-11-09T11:47:41.103+0000][2734.583s][info ][safepoint     ] Application time: 1.0012530 seconds
[2023-11-09T11:47:41.103+0000][2734.583s][info ][safepoint     ] Entering safepoint region: Cleanup
[2023-11-09T11:47:41.104+0000][2734.584s][info ][safepoint     ] Leaving safepoint region
[2023-11-09T11:47:41.105+0000][2734.585s][info ][safepoint     ] Total time for which application threads were stopped: 0.0017434 seconds, Stopping threads took: 0.0007549 seconds
[2023-11-09T11:47:42.106+0000][2735.586s][debug][safepoint     ] Safepoint synchronization initiated. (168 threads)
[2023-11-09T11:47:42.106+0000][2735.586s][info ][safepoint     ] Application time: 1.0006763 seconds
[2023-11-09T11:47:42.107+0000][2735.587s][info ][safepoint     ] Entering safepoint region: Cleanup
[2023-11-09T11:47:42.107+0000][2735.587s][info ][safepoint     ] Leaving safepoint region
[2023-11-09T11:47:42.108+0000][2735.588s][info ][safepoint     ] Total time for which application threads were stopped: 0.0011216 seconds, Stopping threads took: 0.0004401 seconds
[2023-11-09T11:47:43.108+0000][2736.588s][debug][safepoint     ] Safepoint synchronization initiated. (168 threads)
[2023-11-09T11:47:43.109+0000][2736.589s][info ][safepoint     ] Application time: 1.0007871 seconds
[2023-11-09T11:47:43.109+0000][2736.589s][debug][safepoint     ] Waiting for 1 thread(s) to block
[2023-11-09T11:47:43.110+0000][2736.590s][info ][safepoint     ] Entering safepoint region: Cleanup
[2023-11-09T11:47:43.111+0000][2736.591s][info ][safepoint     ] Leaving safepoint region
[2023-11-09T11:47:43.111+0000][2736.591s][info ][safepoint     ] Total time for which application threads were stopped: 0.0018053 seconds, Stopping threads took: 0.0010366 seconds
[2023-11-09T11:47:44.112+0000][2737.592s][debug][safepoint     ] Safepoint synchronization initiated. (168 threads)
[2023-11-09T11:47:44.112+0000][2737.592s][info ][safepoint     ] Application time: 1.0007289 seconds
[2023-11-09T11:47:44.113+0000][2737.593s][info ][safepoint     ] Entering safepoint region: Cleanup
[2023-11-09T11:47:44.114+0000][2737.594s][info ][safepoint     ] Leaving safepoint region
[2023-11-09T11:47:44.114+0000][2737.594s][info ][safepoint     ] Total time for which application threads were stopped: 0.0011387 seconds, Stopping threads took: 0.0005159 seconds
[2023-11-09T11:47:45.115+0000][2738.595s][debug][safepoint     ] Safepoint synchronization initiated. (168 threads)
[2023-11-09T11:47:45.115+0000][2738.595s][info ][safepoint     ] Application time: 1.0005648 seconds
[2023-11-09T11:47:45.115+0000][2738.596s][info ][safepoint     ] Entering safepoint region: Cleanup
[2023-11-09T11:47:45.116+0000][2738.596s][info ][safepoint     ] Leaving safepoint region
[2023-11-09T11:47:45.116+0000][2738.596s][info ][safepoint     ] Total time for which application threads were stopped: 0.0007740 seconds, Stopping threads took: 0.0003355 seconds
[2023-11-09T11:47:46.117+0000][2739.597s][debug][safepoint     ] Safepoint synchronization initiated. (168 threads)
[2023-11-09T11:47:46.118+0000][2739.598s][info ][safepoint     ] Application time: 1.0012353 seconds
[2023-11-09T11:47:46.118+0000][2739.599s][info ][safepoint     ] Entering safepoint region: Cleanup
[2023-11-09T11:47:46.119+0000][2739.599s][info ][safepoint     ] Leaving safepoint region
[2023-11-09T11:47:46.120+0000][2739.600s][info ][safepoint     ] Total time for which application threads were stopped: 0.0015793 seconds, Stopping threads took: 0.0007010 seconds
[2023-11-09T11:47:47.121+0000][2740.601s][debug][safepoint     ] Safepoint synchronization initiated. (168 threads)
[2023-11-09T11:47:47.121+0000][2740.602s][info ][safepoint     ] Application time: 1.0008044 seconds
[2023-11-09T11:47:47.122+0000][2740.602s][info ][safepoint     ] Entering safepoint region: Cleanup
[2023-11-09T11:47:47.123+0000][2740.603s][info ][safepoint     ] Leaving safepoint region
[2023-11-09T11:47:47.123+0000][2740.603s][info ][safepoint     ] Total time for which application threads were stopped: 0.0011808 seconds, Stopping threads took: 0.0005025 seconds
[2023-11-09T11:47:48.124+0000][2741.604s][debug][safepoint     ] Safepoint synchronization initiated. (168 threads)
[2023-11-09T11:47:48.124+0000][2741.605s][info ][safepoint     ] Application time: 1.0008811 seconds
[2023-11-09T11:47:48.125+0000][2741.605s][info ][safepoint     ] Entering safepoint region: Cleanup
[2023-11-09T11:47:48.126+0000][2741.606s][info ][safepoint     ] Leaving safepoint region
[2023-11-09T11:47:48.126+0000][2741.606s][info ][safepoint     ] Total time for which application threads were stopped: 0.0011119 seconds, Stopping threads took: 0.0004474 seconds
[2023-11-09T11:47:49.127+0000][2742.607s][debug][safepoint     ] Safepoint synchronization initiated. (168 threads)
[2023-11-09T11:47:49.127+0000][2742.607s][info ][safepoint     ] Application time: 1.0008389 seconds
[2023-11-09T11:47:49.128+0000][2742.608s][info ][safepoint     ] Entering safepoint region: Cleanup
[2023-11-09T11:47:49.129+0000][2742.609s][info ][safepoint     ] Leaving safepoint region
[2023-11-09T11:47:49.130+0000][2742.610s][info ][safepoint     ] Total time for which application threads were stopped: 0.0013393 seconds, Stopping threads took: 0.0006967 seconds
[2023-11-09T11:47:50.130+0000][2743.610s][debug][safepoint     ] Safepoint synchronization initiated. (168 threads)
[2023-11-09T11:47:50.131+0000][2743.611s][info ][safepoint     ] Application time: 1.0006408 seconds
[2023-11-09T11:47:50.131+0000][2743.611s][info ][safepoint     ] Entering safepoint region: Cleanup
[2023-11-09T11:47:50.132+0000][2743.612s][info ][safepoint     ] Leaving safepoint region
[2023-11-09T11:47:50.132+0000][2743.612s][info ][safepoint     ] Total time for which application threads were stopped: 0.0008731 seconds, Stopping threads took: 0.0004392 seconds
[2023-11-09T11:47:51.132+0000][2744.612s][debug][safepoint     ] Safepoint synchronization initiated. (168 threads)
[2023-11-09T11:47:51.133+0000][2744.613s][info ][safepoint     ] Application time: 1.0013128 seconds
[2023-11-09T11:47:51.134+0000][2744.614s][info ][safepoint     ] Entering safepoint region: Cleanup
[2023-11-09T11:47:51.135+0000][2744.615s][info ][safepoint     ] Leaving safepoint region
[2023-11-09T11:47:51.136+0000][2744.616s][info ][safepoint     ] Total time for which application threads were stopped: 0.0016888 seconds, Stopping threads took: 0.0007305 seconds
[2023-11-09T11:47:52.137+0000][2745.617s][debug][safepoint     ] Safepoint synchronization initiated. (168 threads)
[2023-11-09T11:47:52.137+0000][2745.618s][info ][safepoint     ] Application time: 1.0008189 seconds
[2023-11-09T11:47:52.138+0000][2745.618s][info ][safepoint     ] Entering safepoint region: Cleanup
[2023-11-09T11:47:52.138+0000][2745.619s][info ][safepoint     ] Leaving safepoint region
[2023-11-09T11:47:52.139+0000][2745.619s][info ][safepoint     ] Total time for which application threads were stopped: 0.0008589 seconds, Stopping threads took: 0.0003812 seconds
[2023-11-09T11:47:53.139+0000][2746.620s][debug][safepoint     ] Safepoint synchronization initiated. (168 threads)
[2023-11-09T11:47:53.140+0000][2746.620s][info ][safepoint     ] Application time: 1.0012259 seconds
[2023-11-09T11:47:53.141+0000][2746.621s][info ][safepoint     ] Entering safepoint region: Cleanup
[2023-11-09T11:47:53.142+0000][2746.622s][info ][safepoint     ] Leaving safepoint region
[2023-11-09T11:47:53.143+0000][2746.623s][info ][safepoint     ] Total time for which application threads were stopped: 0.0017911 seconds, Stopping threads took: 0.0007841 seconds
[2023-11-09T11:47:54.144+0000][2747.624s][debug][safepoint     ] Safepoint synchronization initiated. (168 threads)
[2023-11-09T11:47:54.144+0000][2747.624s][info ][safepoint     ] Application time: 1.0005090 seconds
[2023-11-09T11:47:54.145+0000][2747.625s][info ][safepoint     ] Entering safepoint region: Cleanup
[2023-11-09T11:47:54.145+0000][2747.625s][info ][safepoint     ] Leaving safepoint region
[2023-11-09T11:47:54.145+0000][2747.625s][info ][safepoint     ] Total time for which application threads were stopped: 0.0007785 seconds, Stopping threads took: 0.0003142 seconds
[2023-11-09T11:47:55.146+0000][2748.626s][debug][safepoint     ] Safepoint synchronization initiated. (168 threads)
[2023-11-09T11:47:55.146+0000][2748.626s][info ][safepoint     ] Application time: 1.0005693 seconds
[2023-11-09T11:47:55.147+0000][2748.627s][info ][safepoint     ] Entering safepoint region: Cleanup
[2023-11-09T11:47:55.147+0000][2748.627s][info ][safepoint     ] Leaving safepoint region
[2023-11-09T11:47:55.148+0000][2748.628s][info ][safepoint     ] Total time for which application threads were stopped: 0.0010161 seconds, Stopping threads took: 0.0003820 seconds
[2023-11-09T11:47:56.148+0000][2749.628s][debug][safepoint     ] Safepoint synchronization initiated. (168 threads)
[2023-11-09T11:47:56.149+0000][2749.629s][info ][safepoint     ] Application time: 1.0004659 seconds
[2023-11-09T11:47:56.149+0000][2749.629s][info ][safepoint     ] Entering safepoint region: Cleanup
[2023-11-09T11:47:56.149+0000][2749.629s][info ][safepoint     ] Leaving safepoint region
[2023-11-09T11:47:56.150+0000][2749.630s][info ][safepoint     ] Total time for which application threads were stopped: 0.0007185 seconds, Stopping threads took: 0.0003005 seconds
[2023-11-09T11:47:57.150+0000][2750.630s][debug][safepoint     ] Safepoint synchronization initiated. (168 threads)
[2023-11-09T11:47:57.151+0000][2750.631s][info ][safepoint     ] Application time: 1.0008557 seconds
[2023-11-09T11:47:57.151+0000][2750.631s][info ][safepoint     ] Entering safepoint region: Cleanup
[2023-11-09T11:47:57.152+0000][2750.632s][info ][safepoint     ] Leaving safepoint region
[2023-11-09T11:47:57.152+0000][2750.632s][info ][safepoint     ] Total time for which application threads were stopped: 0.0011170 seconds, Stopping threads took: 0.0005006 seconds
[2023-11-09T11:47:58.153+0000][2751.633s][debug][safepoint     ] Safepoint synchronization initiated. (168 threads)
[2023-11-09T11:47:58.153+0000][2751.633s][info ][safepoint     ] Application time: 1.0007128 seconds
[2023-11-09T11:47:58.154+0000][2751.634s][info ][safepoint     ] Entering safepoint region: Cleanup
[2023-11-09T11:47:58.154+0000][2751.634s][info ][safepoint     ] Leaving safepoint region
[2023-11-09T11:47:58.155+0000][2751.635s][info ][safepoint     ] Total time for which application threads were stopped: 0.0008504 seconds, Stopping threads took: 0.0004017 seconds
[2023-11-09T11:47:59.155+0000][2752.635s][debug][safepoint     ] Safepoint synchronization initiated. (168 threads)
[2023-11-09T11:47:59.156+0000][2752.636s][info ][safepoint     ] Application time: 1.0007997 seconds
[2023-11-09T11:47:59.156+0000][2752.636s][info ][safepoint     ] Entering safepoint region: Cleanup
[2023-11-09T11:47:59.157+0000][2752.637s][info ][safepoint     ] Leaving safepoint region
[2023-11-09T11:47:59.158+0000][2752.638s][info ][safepoint     ] Total time for which application threads were stopped: 0.0014492 seconds, Stopping threads took: 0.0006118 seconds
[2023-11-09T11:48:00.158+0000][2753.639s][debug][safepoint     ] Safepoint synchronization initiated. (168 threads)
[2023-11-09T11:48:00.159+0000][2753.639s][info ][safepoint     ] Application time: 1.0008625 seconds
[2023-11-09T11:48:00.160+0000][2753.640s][info ][safepoint     ] Entering safepoint region: Cleanup
[2023-11-09T11:48:00.161+0000][2753.641s][info ][safepoint     ] Leaving safepoint region
[2023-11-09T11:48:00.161+0000][2753.641s][info ][safepoint     ] Total time for which application threads were stopped: 0.0014710 seconds, Stopping threads took: 0.0005965 seconds
[2023-11-09T11:48:01.162+0000][2754.642s][debug][safepoint     ] Safepoint synchronization initiated. (168 threads)
[2023-11-09T11:48:01.162+0000][2754.642s][info ][safepoint     ] Application time: 1.0006067 seconds
[2023-11-09T11:48:01.163+0000][2754.643s][info ][safepoint     ] Entering safepoint region: Cleanup
[2023-11-09T11:48:01.163+0000][2754.643s][info ][safepoint     ] Leaving safepoint region
[2023-11-09T11:48:01.163+0000][2754.644s][info ][safepoint     ] Total time for which application threads were stopped: 0.0008208 seconds, Stopping threads took: 0.0003418 seconds
[2023-11-09T11:48:02.164+0000][2755.644s][debug][safepoint     ] Safepoint synchronization initiated. (168 threads)
[2023-11-09T11:48:02.165+0000][2755.645s][info ][safepoint     ] Application time: 1.0009850 seconds
[2023-11-09T11:48:02.166+0000][2755.646s][info ][safepoint     ] Entering safepoint region: Cleanup
[2023-11-09T11:48:02.167+0000][2755.647s][info ][safepoint     ] Leaving safepoint region
[2023-11-09T11:48:02.167+0000][2755.647s][info ][safepoint     ] Total time for which application threads were stopped: 0.0018293 seconds, Stopping threads took: 0.0008592 seconds
[2023-11-09T11:48:03.168+0000][2756.648s][debug][safepoint     ] Safepoint synchronization initiated. (168 threads)
[2023-11-09T11:48:03.169+0000][2756.649s][info ][safepoint     ] Application time: 1.0006217 seconds
[2023-11-09T11:48:03.169+0000][2756.649s][info ][safepoint     ] Entering safepoint region: Cleanup
[2023-11-09T11:48:03.169+0000][2756.650s][info ][safepoint     ] Leaving safepoint region
[2023-11-09T11:48:03.170+0000][2756.650s][info ][safepoint     ] Total time for which application threads were stopped: 0.0007872 seconds, Stopping threads took: 0.0003259 seconds
[2023-11-09T11:48:04.170+0000][2757.650s][debug][safepoint     ] Safepoint synchronization initiated. (168 threads)
[2023-11-09T11:48:04.171+0000][2757.651s][info ][safepoint     ] Application time: 1.0005347 seconds
[2023-11-09T11:48:04.171+0000][2757.651s][info ][safepoint     ] Entering safepoint region: Cleanup
[2023-11-09T11:48:04.171+0000][2757.651s][info ][safepoint     ] Leaving safepoint region
[2023-11-09T11:48:04.172+0000][2757.652s][info ][safepoint     ] Total time for which application threads were stopped: 0.0007881 seconds, Stopping threads took: 0.0003210 seconds
[2023-11-09T11:48:05.172+0000][2758.652s][debug][safepoint     ] Safepoint synchronization initiated. (168 threads)
[2023-11-09T11:48:05.173+0000][2758.653s][info ][safepoint     ] Application time: 1.0008481 seconds
[2023-11-09T11:48:05.173+0000][2758.653s][info ][safepoint     ] Entering safepoint region: Cleanup
[2023-11-09T11:48:05.174+0000][2758.654s][info ][safepoint     ] Leaving safepoint region
[2023-11-09T11:48:05.174+0000][2758.654s][info ][safepoint     ] Total time for which application threads were stopped: 0.0010455 seconds, Stopping threads took: 0.0004481 seconds
[2023-11-09T11:48:06.175+0000][2759.655s][debug][safepoint     ] Safepoint synchronization initiated. (168 threads)
[2023-11-09T11:48:06.176+0000][2759.656s][info ][safepoint     ] Application time: 1.0010482 seconds
[2023-11-09T11:48:06.176+0000][2759.656s][info ][safepoint     ] Entering safepoint region: Cleanup
[2023-11-09T11:48:06.177+0000][2759.657s][info ][safepoint     ] Leaving safepoint region
[2023-11-09T11:48:06.178+0000][2759.658s][info ][safepoint     ] Total time for which application threads were stopped: 0.0015537 seconds, Stopping threads took: 0.0006645 seconds
[2023-11-09T11:48:07.179+0000][2760.659s][debug][safepoint     ] Safepoint synchronization initiated. (168 threads)
[2023-11-09T11:48:07.179+0000][2760.659s][info ][safepoint     ] Application time: 1.0008927 seconds
[2023-11-09T11:48:07.180+0000][2760.660s][info ][safepoint     ] Entering safepoint region: Cleanup
[2023-11-09T11:48:07.180+0000][2760.661s][info ][safepoint     ] Leaving safepoint region
[2023-11-09T11:48:07.181+0000][2760.661s][info ][safepoint     ] Total time for which application threads were stopped: 0.0010736 seconds, Stopping threads took: 0.0004224 seconds
[2023-11-09T11:48:08.182+0000][2761.662s][debug][safepoint     ] Safepoint synchronization initiated. (168 threads)
[2023-11-09T11:48:08.183+0000][2761.663s][info ][safepoint     ] Application time: 1.0011435 seconds
[2023-11-09T11:48:08.183+0000][2761.663s][info ][safepoint     ] Entering safepoint region: Cleanup
[2023-11-09T11:48:08.184+0000][2761.664s][info ][safepoint     ] Leaving safepoint region
[2023-11-09T11:48:08.185+0000][2761.665s][info ][safepoint     ] Total time for which application threads were stopped: 0.0015475 seconds, Stopping threads took: 0.0006680 seconds
[2023-11-09T11:48:09.184+0000][2762.666s][debug][safepoint     ] Safepoint synchronization initiated. (168 threads)
[2023-11-09T11:48:09.185+0000][2762.667s][info ][safepoint     ] Application time: 1.0013602 seconds
[2023-11-09T11:48:09.186+0000][2762.668s][info ][safepoint     ] Entering safepoint region: Cleanup
[2023-11-09T11:48:09.187+0000][2762.669s][info ][safepoint     ] Leaving safepoint region
[2023-11-09T11:48:09.188+0000][2762.669s][info ][safepoint     ] Total time for which application threads were stopped: 0.0015269 seconds, Stopping threads took: 0.0007570 seconds
[2023-11-09T11:48:10.189+0000][2763.670s][debug][safepoint     ] Safepoint synchronization initiated. (168 threads)
[2023-11-09T11:48:10.189+0000][2763.670s][info ][safepoint     ] Application time: 1.0006223 seconds
[2023-11-09T11:48:10.190+0000][2763.671s][info ][safepoint     ] Entering safepoint region: Cleanup
[2023-11-09T11:48:10.190+0000][2763.672s][info ][safepoint     ] Leaving safepoint region
[2023-11-09T11:48:10.191+0000][2763.672s][info ][safepoint     ] Total time for which application threads were stopped: 0.0010019 seconds, Stopping threads took: 0.0004527 seconds
[2023-11-09T11:48:11.191+0000][2764.673s][debug][safepoint     ] Safepoint synchronization initiated. (168 threads)
[2023-11-09T11:48:11.192+0000][2764.673s][info ][safepoint     ] Application time: 1.0007102 seconds
[2023-11-09T11:48:11.192+0000][2764.674s][info ][safepoint     ] Entering safepoint region: Cleanup
[2023-11-09T11:48:11.193+0000][2764.674s][info ][safepoint     ] Leaving safepoint region
[2023-11-09T11:48:11.193+0000][2764.675s][info ][safepoint     ] Total time for which application threads were stopped: 0.0011037 seconds, Stopping threads took: 0.0004607 seconds
[2023-11-09T11:48:12.194+0000][2765.675s][debug][safepoint     ] Safepoint synchronization initiated. (168 threads)
[2023-11-09T11:48:12.195+0000][2765.676s][info ][safepoint     ] Application time: 1.0008766 seconds
[2023-11-09T11:48:12.195+0000][2765.676s][info ][safepoint     ] Entering safepoint region: Cleanup
[2023-11-09T11:48:12.196+0000][2765.677s][info ][safepoint     ] Leaving safepoint region
[2023-11-09T11:48:12.196+0000][2765.678s][info ][safepoint     ] Total time for which application threads were stopped: 0.0012836 seconds, Stopping threads took: 0.0005129 seconds
[2023-11-09T11:48:13.197+0000][2766.678s][debug][safepoint     ] Safepoint synchronization initiated. (168 threads)
[2023-11-09T11:48:13.198+0000][2766.679s][info ][safepoint     ] Application time: 1.0006997 seconds
[2023-11-09T11:48:13.198+0000][2766.679s][info ][safepoint     ] Entering safepoint region: Cleanup
[2023-11-09T11:48:13.199+0000][2766.680s][info ][safepoint     ] Leaving safepoint region
[2023-11-09T11:48:13.199+0000][2766.680s][info ][safepoint     ] Total time for which application threads were stopped: 0.0012397 seconds, Stopping threads took: 0.0004733 seconds
[2023-11-09T11:48:14.200+0000][2767.681s][debug][safepoint     ] Safepoint synchronization initiated. (168 threads)
[2023-11-09T11:48:14.200+0000][2767.682s][info ][safepoint     ] Application time: 1.0008463 seconds
[2023-11-09T11:48:14.201+0000][2767.682s][info ][safepoint     ] Entering safepoint region: Cleanup
[2023-11-09T11:48:14.202+0000][2767.683s][info ][safepoint     ] Leaving safepoint region
[2023-11-09T11:48:14.202+0000][2767.683s][info ][safepoint     ] Total time for which application threads were stopped: 0.0011163 seconds, Stopping threads took: 0.0004866 seconds
[2023-11-09T11:48:15.203+0000][2768.684s][debug][safepoint     ] Safepoint synchronization initiated. (168 threads)
[2023-11-09T11:48:15.203+0000][2768.684s][info ][safepoint     ] Application time: 1.0006931 seconds
[2023-11-09T11:48:15.204+0000][2768.685s][info ][safepoint     ] Entering safepoint region: Cleanup
[2023-11-09T11:48:15.204+0000][2768.685s][info ][safepoint     ] Leaving safepoint region
[2023-11-09T11:48:15.204+0000][2768.686s][info ][safepoint     ] Total time for which application threads were stopped: 0.0009561 seconds, Stopping threads took: 0.0004105 seconds
[2023-11-09T11:48:16.205+0000][2769.686s][debug][safepoint     ] Safepoint synchronization initiated. (168 threads)
[2023-11-09T11:48:16.205+0000][2769.687s][info ][safepoint     ] Application time: 1.0006436 seconds
[2023-11-09T11:48:16.206+0000][2769.687s][info ][safepoint     ] Entering safepoint region: Cleanup
[2023-11-09T11:48:16.207+0000][2769.688s][info ][safepoint     ] Leaving safepoint region
[2023-11-09T11:48:16.207+0000][2769.689s][info ][safepoint     ] Total time for which application threads were stopped: 0.0012515 seconds, Stopping threads took: 0.0005262 seconds
[2023-11-09T11:48:17.208+0000][2770.689s][debug][safepoint     ] Safepoint synchronization initiated. (168 threads)
[2023-11-09T11:48:17.208+0000][2770.690s][info ][safepoint     ] Application time: 1.0008575 seconds
[2023-11-09T11:48:17.209+0000][2770.690s][info ][safepoint     ] Entering safepoint region: Cleanup
[2023-11-09T11:48:17.210+0000][2770.691s][info ][safepoint     ] Leaving safepoint region
[2023-11-09T11:48:17.210+0000][2770.692s][info ][safepoint     ] Total time for which application threads were stopped: 0.0013015 seconds, Stopping threads took: 0.0005136 seconds
[2023-11-09T11:48:18.211+0000][2771.692s][debug][safepoint     ] Safepoint synchronization initiated. (168 threads)
[2023-11-09T11:48:18.212+0000][2771.693s][info ][safepoint     ] Application time: 1.0012147 seconds
[2023-11-09T11:48:18.213+0000][2771.694s][info ][safepoint     ] Entering safepoint region: Cleanup
[2023-11-09T11:48:18.214+0000][2771.695s][info ][safepoint     ] Leaving safepoint region
[2023-11-09T11:48:18.215+0000][2771.696s][info ][safepoint     ] Total time for which application threads were stopped: 0.0019324 seconds, Stopping threads took: 0.0008938 seconds
[2023-11-09T11:48:19.216+0000][2772.697s][debug][safepoint     ] Safepoint synchronization initiated. (168 threads)
[2023-11-09T11:48:19.216+0000][2772.697s][info ][safepoint     ] Application time: 1.0005788 seconds
[2023-11-09T11:48:19.216+0000][2772.698s][info ][safepoint     ] Entering safepoint region: Cleanup
[2023-11-09T11:48:19.217+0000][2772.698s][info ][safepoint     ] Leaving safepoint region
[2023-11-09T11:48:19.217+0000][2772.699s][info ][safepoint     ] Total time for which application threads were stopped: 0.0009675 seconds, Stopping threads took: 0.0003764 seconds
[2023-11-09T11:48:20.218+0000][2773.699s][debug][safepoint     ] Safepoint synchronization initiated. (168 threads)
[2023-11-09T11:48:20.219+0000][2773.700s][info ][safepoint     ] Application time: 1.0006802 seconds
[2023-11-09T11:48:20.219+0000][2773.700s][info ][safepoint     ] Entering safepoint region: Cleanup
[2023-11-09T11:48:20.219+0000][2773.701s][info ][safepoint     ] Leaving safepoint region
[2023-11-09T11:48:20.220+0000][2773.701s][info ][safepoint     ] Total time for which application threads were stopped: 0.0008221 seconds, Stopping threads took: 0.0003183 seconds
[2023-11-09T11:48:21.220+0000][2774.702s][debug][safepoint     ] Safepoint synchronization initiated. (168 threads)
[2023-11-09T11:48:21.221+0000][2774.702s][info ][safepoint     ] Application time: 1.0010883 seconds
[2023-11-09T11:48:21.222+0000][2774.703s][info ][safepoint     ] Entering safepoint region: Cleanup
[2023-11-09T11:48:21.223+0000][2774.704s][info ][safepoint     ] Leaving safepoint region
[2023-11-09T11:48:21.223+0000][2774.705s][info ][safepoint     ] Total time for which application threads were stopped: 0.0015853 seconds, Stopping threads took: 0.0006424 seconds
[2023-11-09T11:48:22.224+0000][2775.705s][debug][safepoint     ] Safepoint synchronization initiated. (168 threads)
[2023-11-09T11:48:22.225+0000][2775.706s][info ][safepoint     ] Application time: 1.0008283 seconds
[2023-11-09T11:48:22.225+0000][2775.707s][info ][safepoint     ] Entering safepoint region: Cleanup
[2023-11-09T11:48:22.226+0000][2775.708s][info ][safepoint     ] Leaving safepoint region
[2023-11-09T11:48:22.227+0000][2775.708s][info ][safepoint     ] Total time for which application threads were stopped: 0.0013752 seconds, Stopping threads took: 0.0005809 seconds
[2023-11-09T11:48:23.227+0000][2776.709s][debug][safepoint     ] Safepoint synchronization initiated. (168 threads)
[2023-11-09T11:48:23.228+0000][2776.710s][info ][safepoint     ] Application time: 1.0011255 seconds
[2023-11-09T11:48:23.229+0000][2776.710s][info ][safepoint     ] Entering safepoint region: Cleanup
[2023-11-09T11:48:23.230+0000][2776.711s][info ][safepoint     ] Leaving safepoint region
[2023-11-09T11:48:23.230+0000][2776.711s][info ][safepoint     ] Total time for which application threads were stopped: 0.0011233 seconds, Stopping threads took: 0.0005215 seconds
[2023-11-09T11:48:24.231+0000][2777.712s][debug][safepoint     ] Safepoint synchronization initiated. (168 threads)
[2023-11-09T11:48:24.231+0000][2777.713s][info ][safepoint     ] Application time: 1.0006883 seconds
[2023-11-09T11:48:24.232+0000][2777.713s][info ][safepoint     ] Entering safepoint region: Cleanup
[2023-11-09T11:48:24.232+0000][2777.713s][info ][safepoint     ] Leaving safepoint region
[2023-11-09T11:48:24.232+0000][2777.714s][info ][safepoint     ] Total time for which application threads were stopped: 0.0007119 seconds, Stopping threads took: 0.0002882 seconds
[2023-11-09T11:48:25.233+0000][2778.714s][debug][safepoint     ] Safepoint synchronization initiated. (168 threads)
[2023-11-09T11:48:25.233+0000][2778.715s][info ][safepoint     ] Application time: 1.0008097 seconds
[2023-11-09T11:48:25.234+0000][2778.715s][info ][safepoint     ] Entering safepoint region: Cleanup
[2023-11-09T11:48:25.234+0000][2778.716s][info ][safepoint     ] Leaving safepoint region
[2023-11-09T11:48:25.235+0000][2778.716s][info ][safepoint     ] Total time for which application threads were stopped: 0.0010730 seconds, Stopping threads took: 0.0004655 seconds
[2023-11-09T11:48:26.235+0000][2779.717s][debug][safepoint     ] Safepoint synchronization initiated. (168 threads)
[2023-11-09T11:48:26.240+0000][2779.721s][info ][safepoint     ] Application time: 1.0044369 seconds
[2023-11-09T11:48:26.240+0000][2779.722s][info ][safepoint     ] Entering safepoint region: Cleanup
[2023-11-09T11:48:26.241+0000][2779.722s][info ][safepoint     ] Leaving safepoint region
[2023-11-09T11:48:26.241+0000][2779.723s][info ][safepoint     ] Total time for which application threads were stopped: 0.0011271 seconds, Stopping threads took: 0.0004922 seconds
[2023-11-09T11:48:27.242+0000][2780.723s][debug][safepoint     ] Safepoint synchronization initiated. (168 threads)
[2023-11-09T11:48:27.243+0000][2780.724s][info ][safepoint     ] Application time: 1.0006953 seconds
[2023-11-09T11:48:27.243+0000][2780.724s][info ][safepoint     ] Entering safepoint region: Cleanup
[2023-11-09T11:48:27.244+0000][2780.725s][info ][safepoint     ] Leaving safepoint region
[2023-11-09T11:48:27.244+0000][2780.726s][info ][safepoint     ] Total time for which application threads were stopped: 0.0012959 seconds, Stopping threads took: 0.0006211 seconds
[2023-11-09T11:48:28.245+0000][2781.726s][debug][safepoint     ] Safepoint synchronization initiated. (168 threads)
[2023-11-09T11:48:28.246+0000][2781.727s][info ][safepoint     ] Application time: 1.0013054 seconds
[2023-11-09T11:48:28.247+0000][2781.728s][info ][safepoint     ] Entering safepoint region: Cleanup
[2023-11-09T11:48:28.248+0000][2781.730s][info ][safepoint     ] Leaving safepoint region
[2023-11-09T11:48:28.249+0000][2781.730s][info ][safepoint     ] Total time for which application threads were stopped: 0.0019981 seconds, Stopping threads took: 0.0010148 seconds
[2023-11-09T11:48:29.250+0000][2782.731s][debug][safepoint     ] Safepoint synchronization initiated. (168 threads)
[2023-11-09T11:48:29.251+0000][2782.732s][info ][safepoint     ] Application time: 1.0011110 seconds
[2023-11-09T11:48:29.252+0000][2782.733s][info ][safepoint     ] Entering safepoint region: Cleanup
[2023-11-09T11:48:29.252+0000][2782.734s][info ][safepoint     ] Leaving safepoint region
[2023-11-09T11:48:29.253+0000][2782.734s][info ][safepoint     ] Total time for which application threads were stopped: 0.0014475 seconds, Stopping threads took: 0.0006247 seconds
[2023-11-09T11:48:30.254+0000][2783.735s][debug][safepoint     ] Safepoint synchronization initiated. (168 threads)
[2023-11-09T11:48:30.254+0000][2783.736s][info ][safepoint     ] Application time: 1.0008999 seconds
[2023-11-09T11:48:30.255+0000][2783.736s][info ][safepoint     ] Entering safepoint region: Cleanup
[2023-11-09T11:48:30.256+0000][2783.737s][info ][safepoint     ] Leaving safepoint region
[2023-11-09T11:48:30.256+0000][2783.737s][info ][safepoint     ] Total time for which application threads were stopped: 0.0012264 seconds, Stopping threads took: 0.0005262 seconds
[2023-11-09T11:48:31.257+0000][2784.738s][debug][safepoint     ] Safepoint synchronization initiated. (168 threads)
[2023-11-09T11:48:31.258+0000][2784.739s][info ][safepoint     ] Application time: 1.0013833 seconds
[2023-11-09T11:48:31.259+0000][2784.740s][info ][safepoint     ] Entering safepoint region: Cleanup
[2023-11-09T11:48:31.260+0000][2784.741s][info ][safepoint     ] Leaving safepoint region
[2023-11-09T11:48:31.261+0000][2784.742s][info ][safepoint     ] Total time for which application threads were stopped: 0.0017433 seconds, Stopping threads took: 0.0008243 seconds
[2023-11-09T11:48:32.262+0000][2785.743s][debug][safepoint     ] Safepoint synchronization initiated. (168 threads)
[2023-11-09T11:48:32.262+0000][2785.743s][info ][safepoint     ] Application time: 1.0006562 seconds
[2023-11-09T11:48:32.263+0000][2785.744s][info ][safepoint     ] Entering safepoint region: Cleanup
[2023-11-09T11:48:32.263+0000][2785.744s][info ][safepoint     ] Leaving safepoint region
[2023-11-09T11:48:32.263+0000][2785.745s][info ][safepoint     ] Total time for which application threads were stopped: 0.0008960 seconds, Stopping threads took: 0.0003887 seconds
[2023-11-09T11:48:33.264+0000][2786.745s][debug][safepoint     ] Safepoint synchronization initiated. (168 threads)
[2023-11-09T11:48:33.265+0000][2786.746s][info ][safepoint     ] Application time: 1.0012465 seconds
[2023-11-09T11:48:33.266+0000][2786.747s][info ][safepoint     ] Entering safepoint region: Cleanup
[2023-11-09T11:48:33.267+0000][2786.748s][info ][safepoint     ] Leaving safepoint region
[2023-11-09T11:48:33.268+0000][2786.749s][info ][safepoint     ] Total time for which application threads were stopped: 0.0020191 seconds, Stopping threads took: 0.0007772 seconds
[2023-11-09T11:48:34.269+0000][2787.750s][debug][safepoint     ] Safepoint synchronization initiated. (168 threads)
[2023-11-09T11:48:34.270+0000][2787.751s][info ][safepoint     ] Application time: 1.0010066 seconds
[2023-11-09T11:48:34.270+0000][2787.751s][info ][safepoint     ] Entering safepoint region: Cleanup
[2023-11-09T11:48:34.271+0000][2787.752s][info ][safepoint     ] Leaving safepoint region
[2023-11-09T11:48:34.271+0000][2787.753s][info ][safepoint     ] Total time for which application threads were stopped: 0.0012622 seconds, Stopping threads took: 0.0005316 seconds
[2023-11-09T11:48:35.272+0000][2788.754s][debug][safepoint     ] Safepoint synchronization initiated. (168 threads)
[2023-11-09T11:48:35.273+0000][2788.755s][info ][safepoint     ] Application time: 1.0014118 seconds
[2023-11-09T11:48:35.274+0000][2788.756s][info ][safepoint     ] Entering safepoint region: Cleanup
[2023-11-09T11:48:35.276+0000][2788.757s][info ][safepoint     ] Leaving safepoint region
[2023-11-09T11:48:35.277+0000][2788.758s][info ][safepoint     ] Total time for which application threads were stopped: 0.0023409 seconds, Stopping threads took: 0.0011188 seconds
[2023-11-09T11:48:36.278+0000][2789.759s][debug][safepoint     ] Safepoint synchronization initiated. (168 threads)
[2023-11-09T11:48:36.279+0000][2789.760s][info ][safepoint     ] Application time: 1.0014815 seconds
[2023-11-09T11:48:36.280+0000][2789.761s][info ][safepoint     ] Entering safepoint region: Cleanup
[2023-11-09T11:48:36.281+0000][2789.762s][info ][safepoint     ] Leaving safepoint region
[2023-11-09T11:48:36.281+0000][2789.763s][info ][safepoint     ] Total time for which application threads were stopped: 0.0016559 seconds, Stopping threads took: 0.0006919 seconds
[2023-11-09T11:48:37.282+0000][2790.764s][debug][safepoint     ] Safepoint synchronization initiated. (168 threads)
[2023-11-09T11:48:37.283+0000][2790.764s][info ][safepoint     ] Application time: 1.0010908 seconds
[2023-11-09T11:48:37.284+0000][2790.765s][info ][safepoint     ] Entering safepoint region: Cleanup
[2023-11-09T11:48:37.285+0000][2790.766s][info ][safepoint     ] Leaving safepoint region
[2023-11-09T11:48:37.286+0000][2790.767s][info ][safepoint     ] Total time for which application threads were stopped: 0.0014756 seconds, Stopping threads took: 0.0007818 seconds
[2023-11-09T11:48:38.286+0000][2791.768s][debug][safepoint     ] Safepoint synchronization initiated. (168 threads)
[2023-11-09T11:48:38.287+0000][2791.768s][info ][safepoint     ] Application time: 1.0004827 seconds
[2023-11-09T11:48:38.287+0000][2791.768s][info ][safepoint     ] Entering safepoint region: Cleanup
[2023-11-09T11:48:38.288+0000][2791.769s][info ][safepoint     ] Leaving safepoint region
[2023-11-09T11:48:38.288+0000][2791.769s][info ][safepoint     ] Total time for which application threads were stopped: 0.0008325 seconds, Stopping threads took: 0.0003834 seconds
[2023-11-09T11:48:39.288+0000][2792.770s][debug][safepoint     ] Safepoint synchronization initiated. (168 threads)
[2023-11-09T11:48:39.289+0000][2792.770s][info ][safepoint     ] Application time: 1.0005323 seconds
[2023-11-09T11:48:39.289+0000][2792.770s][info ][safepoint     ] Entering safepoint region: Cleanup
[2023-11-09T11:48:39.289+0000][2792.771s][info ][safepoint     ] Leaving safepoint region
[2023-11-09T11:48:39.290+0000][2792.771s][info ][safepoint     ] Total time for which application threads were stopped: 0.0008916 seconds, Stopping threads took: 0.0003322 seconds
[2023-11-09T11:48:40.290+0000][2793.772s][debug][safepoint     ] Safepoint synchronization initiated. (168 threads)
[2023-11-09T11:48:40.292+0000][2793.773s][info ][safepoint     ] Application time: 1.0017330 seconds
[2023-11-09T11:48:40.293+0000][2793.775s][info ][safepoint     ] Entering safepoint region: Cleanup
[2023-11-09T11:48:40.294+0000][2793.775s][info ][safepoint     ] Leaving safepoint region
[2023-11-09T11:48:40.295+0000][2793.776s][info ][safepoint     ] Total time for which application threads were stopped: 0.0015285 seconds, Stopping threads took: 0.0006793 seconds
[2023-11-09T11:48:41.295+0000][2794.777s][debug][safepoint     ] Safepoint synchronization initiated. (168 threads)
[2023-11-09T11:48:41.296+0000][2794.778s][info ][safepoint     ] Application time: 1.0013374 seconds
[2023-11-09T11:48:41.297+0000][2794.779s][info ][safepoint     ] Entering safepoint region: Cleanup
[2023-11-09T11:48:41.298+0000][2794.780s][info ][safepoint     ] Leaving safepoint region
[2023-11-09T11:48:41.299+0000][2794.780s][info ][safepoint     ] Total time for which application threads were stopped: 0.0016284 seconds, Stopping threads took: 0.0007818 seconds
[2023-11-09T11:48:42.299+0000][2795.781s][debug][safepoint     ] Safepoint synchronization initiated. (168 threads)
[2023-11-09T11:48:42.300+0000][2795.782s][info ][safepoint     ] Application time: 1.0009205 seconds
[2023-11-09T11:48:42.301+0000][2795.782s][info ][safepoint     ] Entering safepoint region: Cleanup
[2023-11-09T11:48:42.302+0000][2795.783s][info ][safepoint     ] Leaving safepoint region
[2023-11-09T11:48:42.303+0000][2795.784s][info ][safepoint     ] Total time for which application threads were stopped: 0.0017005 seconds, Stopping threads took: 0.0007284 seconds
[2023-11-09T11:48:43.303+0000][2796.785s][debug][safepoint     ] Safepoint synchronization initiated. (168 threads)
[2023-11-09T11:48:43.305+0000][2796.786s][info ][safepoint     ] Application time: 1.0013140 seconds
[2023-11-09T11:48:43.305+0000][2796.787s][info ][safepoint     ] Entering safepoint region: Cleanup
[2023-11-09T11:48:43.306+0000][2796.788s][info ][safepoint     ] Leaving safepoint region
[2023-11-09T11:48:43.307+0000][2796.788s][info ][safepoint     ] Total time for which application threads were stopped: 0.0014037 seconds, Stopping threads took: 0.0006449 seconds
[2023-11-09T11:48:44.307+0000][2797.789s][debug][safepoint     ] Safepoint synchronization initiated. (168 threads)
[2023-11-09T11:48:44.308+0000][2797.790s][info ][safepoint     ] Application time: 1.0010774 seconds
[2023-11-09T11:48:44.309+0000][2797.790s][info ][safepoint     ] Entering safepoint region: Cleanup
[2023-11-09T11:48:44.309+0000][2797.791s][info ][safepoint     ] Leaving safepoint region
[2023-11-09T11:48:44.310+0000][2797.791s][info ][safepoint     ] Total time for which application threads were stopped: 0.0011980 seconds, Stopping threads took: 0.0005513 seconds
[2023-11-09T11:48:45.311+0000][2798.792s][debug][safepoint     ] Safepoint synchronization initiated. (168 threads)
[2023-11-09T11:48:45.311+0000][2798.793s][info ][safepoint     ] Application time: 1.0009351 seconds
[2023-11-09T11:48:45.312+0000][2798.793s][info ][safepoint     ] Entering safepoint region: Cleanup
[2023-11-09T11:48:45.313+0000][2798.794s][info ][safepoint     ] Leaving safepoint region
[2023-11-09T11:48:45.313+0000][2798.795s][info ][safepoint     ] Total time for which application threads were stopped: 0.0014479 seconds, Stopping threads took: 0.0006901 seconds
[2023-11-09T11:48:46.314+0000][2799.796s][debug][safepoint     ] Safepoint synchronization initiated. (168 threads)
[2023-11-09T11:48:46.315+0000][2799.796s][info ][safepoint     ] Application time: 1.0007579 seconds
[2023-11-09T11:48:46.315+0000][2799.797s][info ][safepoint     ] Entering safepoint region: Cleanup
[2023-11-09T11:48:46.316+0000][2799.797s][info ][safepoint     ] Leaving safepoint region
[2023-11-09T11:48:46.316+0000][2799.798s][info ][safepoint     ] Total time for which application threads were stopped: 0.0011060 seconds, Stopping threads took: 0.0003777 seconds
[2023-11-09T11:48:47.317+0000][2800.798s][debug][safepoint     ] Safepoint synchronization initiated. (168 threads)
[2023-11-09T11:48:47.317+0000][2800.799s][info ][safepoint     ] Application time: 1.0008379 seconds
[2023-11-09T11:48:47.318+0000][2800.800s][info ][safepoint     ] Entering safepoint region: Cleanup
[2023-11-09T11:48:47.319+0000][2800.800s][info ][safepoint     ] Leaving safepoint region
[2023-11-09T11:48:47.319+0000][2800.801s][info ][safepoint     ] Total time for which application threads were stopped: 0.0011164 seconds, Stopping threads took: 0.0004465 seconds
[2023-11-09T11:48:48.320+0000][2801.801s][debug][safepoint     ] Safepoint synchronization initiated. (168 threads)
[2023-11-09T11:48:48.321+0000][2801.802s][info ][safepoint     ] Application time: 1.0008499 seconds
[2023-11-09T11:48:48.321+0000][2801.803s][info ][safepoint     ] Entering safepoint region: Cleanup
[2023-11-09T11:48:48.322+0000][2801.804s][info ][safepoint     ] Leaving safepoint region
[2023-11-09T11:48:48.323+0000][2801.804s][info ][safepoint     ] Total time for which application threads were stopped: 0.0014931 seconds, Stopping threads took: 0.0007264 seconds
[2023-11-09T11:48:49.324+0000][2802.805s][debug][safepoint     ] Safepoint synchronization initiated. (168 threads)
[2023-11-09T11:48:49.324+0000][2802.806s][info ][safepoint     ] Application time: 1.0009814 seconds
[2023-11-09T11:48:49.325+0000][2802.806s][info ][safepoint     ] Entering safepoint region: Cleanup
[2023-11-09T11:48:49.326+0000][2802.807s][info ][safepoint     ] Leaving safepoint region
[2023-11-09T11:48:49.326+0000][2802.808s][info ][safepoint     ] Total time for which application threads were stopped: 0.0012056 seconds, Stopping threads took: 0.0005269 seconds
[2023-11-09T11:48:50.327+0000][2803.808s][debug][safepoint     ] Safepoint synchronization initiated. (168 threads)
[2023-11-09T11:48:50.328+0000][2803.809s][info ][safepoint     ] Application time: 1.0013501 seconds
[2023-11-09T11:48:50.329+0000][2803.810s][info ][safepoint     ] Entering safepoint region: Cleanup
[2023-11-09T11:48:50.330+0000][2803.811s][info ][safepoint     ] Leaving safepoint region
[2023-11-09T11:48:50.330+0000][2803.812s][info ][safepoint     ] Total time for which application threads were stopped: 0.0015334 seconds, Stopping threads took: 0.0007549 seconds
[2023-11-09T11:48:51.331+0000][2804.813s][debug][safepoint     ] Safepoint synchronization initiated. (168 threads)
[2023-11-09T11:48:51.332+0000][2804.813s][info ][safepoint     ] Application time: 1.0010189 seconds
[2023-11-09T11:48:51.333+0000][2804.814s][info ][safepoint     ] Entering safepoint region: Cleanup
[2023-11-09T11:48:51.334+0000][2804.815s][info ][safepoint     ] Leaving safepoint region
[2023-11-09T11:48:51.335+0000][2804.816s][info ][safepoint     ] Total time for which application threads were stopped: 0.0019314 seconds, Stopping threads took: 0.0008523 seconds
[2023-11-09T11:48:52.336+0000][2805.817s][debug][safepoint     ] Safepoint synchronization initiated. (168 threads)
[2023-11-09T11:48:52.336+0000][2805.818s][info ][safepoint     ] Application time: 1.0010777 seconds
[2023-11-09T11:48:52.337+0000][2805.819s][info ][safepoint     ] Entering safepoint region: Cleanup
[2023-11-09T11:48:52.338+0000][2805.820s][info ][safepoint     ] Leaving safepoint region
[2023-11-09T11:48:52.339+0000][2805.820s][info ][safepoint     ] Total time for which application threads were stopped: 0.0017536 seconds, Stopping threads took: 0.0008623 seconds
[2023-11-09T11:48:53.340+0000][2806.821s][debug][safepoint     ] Safepoint synchronization initiated. (168 threads)
[2023-11-09T11:48:53.341+0000][2806.822s][info ][safepoint     ] Application time: 1.0009517 seconds
[2023-11-09T11:48:53.341+0000][2806.823s][info ][safepoint     ] Entering safepoint region: Cleanup
[2023-11-09T11:48:53.342+0000][2806.823s][info ][safepoint     ] Leaving safepoint region
[2023-11-09T11:48:53.342+0000][2806.824s][info ][safepoint     ] Total time for which application threads were stopped: 0.0012255 seconds, Stopping threads took: 0.0005716 seconds
[2023-11-09T11:48:54.343+0000][2807.825s][debug][safepoint     ] Safepoint synchronization initiated. (168 threads)
[2023-11-09T11:48:54.344+0000][2807.825s][info ][safepoint     ] Application time: 1.0010116 seconds
[2023-11-09T11:48:54.345+0000][2807.826s][info ][safepoint     ] Entering safepoint region: Cleanup
[2023-11-09T11:48:54.346+0000][2807.827s][info ][safepoint     ] Leaving safepoint region
[2023-11-09T11:48:54.346+0000][2807.828s][info ][safepoint     ] Total time for which application threads were stopped: 0.0016606 seconds, Stopping threads took: 0.0008092 seconds
[2023-11-09T11:48:55.347+0000][2808.829s][debug][safepoint     ] Safepoint synchronization initiated. (168 threads)
[2023-11-09T11:48:55.348+0000][2808.830s][info ][safepoint     ] Application time: 1.0013420 seconds
[2023-11-09T11:48:55.349+0000][2808.831s][info ][safepoint     ] Entering safepoint region: Cleanup
[2023-11-09T11:48:55.350+0000][2808.832s][info ][safepoint     ] Leaving safepoint region
[2023-11-09T11:48:55.351+0000][2808.833s][info ][safepoint     ] Total time for which application threads were stopped: 0.0017629 seconds, Stopping threads took: 0.0007941 seconds
[2023-11-09T11:48:56.352+0000][2809.833s][debug][safepoint     ] Safepoint synchronization initiated. (168 threads)
[2023-11-09T11:48:56.353+0000][2809.834s][info ][safepoint     ] Application time: 1.0007209 seconds
[2023-11-09T11:48:56.353+0000][2809.835s][info ][safepoint     ] Entering safepoint region: Cleanup
[2023-11-09T11:48:56.354+0000][2809.835s][info ][safepoint     ] Leaving safepoint region
[2023-11-09T11:48:56.354+0000][2809.836s][info ][safepoint     ] Total time for which application threads were stopped: 0.0010429 seconds, Stopping threads took: 0.0003899 seconds
[2023-11-09T11:48:57.355+0000][2810.836s][debug][safepoint     ] Safepoint synchronization initiated. (168 threads)
[2023-11-09T11:48:57.355+0000][2810.837s][info ][safepoint     ] Application time: 1.0008788 seconds
[2023-11-09T11:48:57.356+0000][2810.837s][info ][safepoint     ] Entering safepoint region: Cleanup
[2023-11-09T11:48:57.357+0000][2810.838s][info ][safepoint     ] Leaving safepoint region
[2023-11-09T11:48:57.357+0000][2810.838s][info ][safepoint     ] Total time for which application threads were stopped: 0.0011144 seconds, Stopping threads took: 0.0005408 seconds
[2023-11-09T11:48:58.357+0000][2811.839s][debug][safepoint     ] Safepoint synchronization initiated. (168 threads)
[2023-11-09T11:48:58.358+0000][2811.840s][info ][safepoint     ] Application time: 1.0010005 seconds
[2023-11-09T11:48:58.359+0000][2811.840s][info ][safepoint     ] Entering safepoint region: Cleanup
[2023-11-09T11:48:58.360+0000][2811.841s][info ][safepoint     ] Leaving safepoint region
[2023-11-09T11:48:58.360+0000][2811.842s][info ][safepoint     ] Total time for which application threads were stopped: 0.0013609 seconds, Stopping threads took: 0.0005531 seconds
[2023-11-09T11:48:59.361+0000][2812.842s][debug][safepoint     ] Safepoint synchronization initiated. (168 threads)
[2023-11-09T11:48:59.362+0000][2812.843s][info ][safepoint     ] Application time: 1.0009547 seconds
[2023-11-09T11:48:59.362+0000][2812.844s][info ][safepoint     ] Entering safepoint region: Cleanup
[2023-11-09T11:48:59.363+0000][2812.844s][info ][safepoint     ] Leaving safepoint region
[2023-11-09T11:48:59.363+0000][2812.845s][info ][safepoint     ] Total time for which application threads were stopped: 0.0009643 seconds, Stopping threads took: 0.0004027 seconds
[2023-11-09T11:49:00.364+0000][2813.845s][debug][safepoint     ] Safepoint synchronization initiated. (168 threads)
[2023-11-09T11:49:00.364+0000][2813.846s][info ][safepoint     ] Application time: 1.0010234 seconds
[2023-11-09T11:49:00.365+0000][2813.847s][info ][safepoint     ] Entering safepoint region: Cleanup
[2023-11-09T11:49:00.366+0000][2813.848s][info ][safepoint     ] Leaving safepoint region
[2023-11-09T11:49:00.367+0000][2813.848s][info ][safepoint     ] Total time for which application threads were stopped: 0.0017067 seconds, Stopping threads took: 0.0006995 seconds
[2023-11-09T11:49:01.368+0000][2814.849s][debug][safepoint     ] Safepoint synchronization initiated. (168 threads)
[2023-11-09T11:49:01.368+0000][2814.850s][info ][safepoint     ] Application time: 1.0007407 seconds
[2023-11-09T11:49:01.369+0000][2814.850s][info ][safepoint     ] Entering safepoint region: Cleanup
[2023-11-09T11:49:01.369+0000][2814.851s][info ][safepoint     ] Leaving safepoint region
[2023-11-09T11:49:01.370+0000][2814.851s][info ][safepoint     ] Total time for which application threads were stopped: 0.0010910 seconds, Stopping threads took: 0.0005085 seconds
[2023-11-09T11:49:02.370+0000][2815.852s][debug][safepoint     ] Safepoint synchronization initiated. (168 threads)
[2023-11-09T11:49:02.371+0000][2815.852s][info ][safepoint     ] Application time: 1.0007756 seconds
[2023-11-09T11:49:02.371+0000][2815.853s][info ][safepoint     ] Entering safepoint region: Cleanup
[2023-11-09T11:49:02.372+0000][2815.853s][info ][safepoint     ] Leaving safepoint region
[2023-11-09T11:49:02.372+0000][2815.854s][info ][safepoint     ] Total time for which application threads were stopped: 0.0010623 seconds, Stopping threads took: 0.0004960 seconds
[2023-11-09T11:49:03.373+0000][2816.854s][debug][safepoint     ] Safepoint synchronization initiated. (168 threads)
[2023-11-09T11:49:03.374+0000][2816.855s][info ][safepoint     ] Application time: 1.0009876 seconds
[2023-11-09T11:49:03.374+0000][2816.856s][info ][safepoint     ] Entering safepoint region: Cleanup
[2023-11-09T11:49:03.375+0000][2816.857s][info ][safepoint     ] Leaving safepoint region
[2023-11-09T11:49:03.376+0000][2816.857s][info ][safepoint     ] Total time for which application threads were stopped: 0.0015265 seconds, Stopping threads took: 0.0006852 seconds
[2023-11-09T11:49:04.377+0000][2817.858s][debug][safepoint     ] Safepoint synchronization initiated. (168 threads)
[2023-11-09T11:49:04.377+0000][2817.859s][info ][safepoint     ] Application time: 1.0005867 seconds
[2023-11-09T11:49:04.377+0000][2817.859s][info ][safepoint     ] Entering safepoint region: Cleanup
[2023-11-09T11:49:04.378+0000][2817.860s][info ][safepoint     ] Leaving safepoint region
[2023-11-09T11:49:04.378+0000][2817.860s][info ][safepoint     ] Total time for which application threads were stopped: 0.0010829 seconds, Stopping threads took: 0.0003683 seconds
[2023-11-09T11:49:05.379+0000][2818.861s][debug][safepoint     ] Safepoint synchronization initiated. (168 threads)
[2023-11-09T11:49:05.380+0000][2818.861s][info ][safepoint     ] Application time: 1.0012196 seconds
[2023-11-09T11:49:05.381+0000][2818.862s][info ][safepoint     ] Entering safepoint region: Cleanup
[2023-11-09T11:49:05.382+0000][2818.863s][info ][safepoint     ] Leaving safepoint region
[2023-11-09T11:49:05.383+0000][2818.864s][info ][safepoint     ] Total time for which application threads were stopped: 0.0018528 seconds, Stopping threads took: 0.0007983 seconds
[2023-11-09T11:49:06.384+0000][2819.865s][debug][safepoint     ] Safepoint synchronization initiated. (168 threads)
[2023-11-09T11:49:06.384+0000][2819.866s][info ][safepoint     ] Application time: 1.0008376 seconds
[2023-11-09T11:49:06.385+0000][2819.866s][info ][safepoint     ] Entering safepoint region: Cleanup
[2023-11-09T11:49:06.385+0000][2819.867s][info ][safepoint     ] Leaving safepoint region
[2023-11-09T11:49:06.385+0000][2819.867s][info ][safepoint     ] Total time for which application threads were stopped: 0.0007860 seconds, Stopping threads took: 0.0003298 seconds
[2023-11-09T11:49:07.386+0000][2820.867s][debug][safepoint     ] Safepoint synchronization initiated. (168 threads)
[2023-11-09T11:49:07.387+0000][2820.868s][info ][safepoint     ] Application time: 1.0010095 seconds
[2023-11-09T11:49:07.387+0000][2820.869s][info ][safepoint     ] Entering safepoint region: Cleanup
[2023-11-09T11:49:07.388+0000][2820.870s][info ][safepoint     ] Leaving safepoint region
[2023-11-09T11:49:07.389+0000][2820.870s][info ][safepoint     ] Total time for which application threads were stopped: 0.0013753 seconds, Stopping threads took: 0.0006392 seconds
[2023-11-09T11:49:08.389+0000][2821.871s][debug][safepoint     ] Safepoint synchronization initiated. (168 threads)
[2023-11-09T11:49:08.390+0000][2821.872s][info ][safepoint     ] Application time: 1.0008385 seconds
[2023-11-09T11:49:08.391+0000][2821.872s][info ][safepoint     ] Entering safepoint region: Cleanup
[2023-11-09T11:49:08.392+0000][2821.873s][info ][safepoint     ] Leaving safepoint region
[2023-11-09T11:49:08.393+0000][2821.874s][info ][safepoint     ] Total time for which application threads were stopped: 0.0015958 seconds, Stopping threads took: 0.0006812 seconds
[2023-11-09T11:49:09.393+0000][2822.875s][debug][safepoint     ] Safepoint synchronization initiated. (168 threads)
[2023-11-09T11:49:09.394+0000][2822.876s][info ][safepoint     ] Application time: 1.0011164 seconds
[2023-11-09T11:49:09.395+0000][2822.876s][info ][safepoint     ] Entering safepoint region: Cleanup
[2023-11-09T11:49:09.396+0000][2822.878s][info ][safepoint     ] Leaving safepoint region
[2023-11-09T11:49:09.397+0000][2822.878s][info ][safepoint     ] Total time for which application threads were stopped: 0.0018198 seconds, Stopping threads took: 0.0008525 seconds
[2023-11-09T11:49:10.398+0000][2823.879s][debug][safepoint     ] Safepoint synchronization initiated. (168 threads)
[2023-11-09T11:49:10.398+0000][2823.880s][info ][safepoint     ] Application time: 1.0007556 seconds
[2023-11-09T11:49:10.399+0000][2823.880s][info ][safepoint     ] Entering safepoint region: Cleanup
[2023-11-09T11:49:10.399+0000][2823.881s][info ][safepoint     ] Leaving safepoint region
[2023-11-09T11:49:10.400+0000][2823.882s][info ][safepoint     ] Total time for which application threads were stopped: 0.0013406 seconds, Stopping threads took: 0.0005608 seconds
[2023-11-09T11:49:11.400+0000][2824.882s][debug][safepoint     ] Safepoint synchronization initiated. (168 threads)
[2023-11-09T11:49:11.401+0000][2824.883s][info ][safepoint     ] Application time: 1.0006023 seconds
[2023-11-09T11:49:11.401+0000][2824.883s][info ][safepoint     ] Entering safepoint region: Cleanup
[2023-11-09T11:49:11.402+0000][2824.884s][info ][safepoint     ] Leaving safepoint region
[2023-11-09T11:49:11.402+0000][2824.884s][info ][safepoint     ] Total time for which application threads were stopped: 0.0009318 seconds, Stopping threads took: 0.0004169 seconds
[2023-11-09T11:49:12.403+0000][2825.884s][debug][safepoint     ] Safepoint synchronization initiated. (168 threads)
[2023-11-09T11:49:12.403+0000][2825.885s][info ][safepoint     ] Application time: 1.0006069 seconds
[2023-11-09T11:49:12.404+0000][2825.885s][info ][safepoint     ] Entering safepoint region: Cleanup
[2023-11-09T11:49:12.404+0000][2825.886s][info ][safepoint     ] Leaving safepoint region
[2023-11-09T11:49:12.404+0000][2825.886s][info ][safepoint     ] Total time for which application threads were stopped: 0.0008455 seconds, Stopping threads took: 0.0003432 seconds
[2023-11-09T11:49:13.405+0000][2826.887s][debug][safepoint     ] Safepoint synchronization initiated. (168 threads)
[2023-11-09T11:49:13.406+0000][2826.887s][info ][safepoint     ] Application time: 1.0009453 seconds
[2023-11-09T11:49:13.406+0000][2826.888s][info ][safepoint     ] Entering safepoint region: Cleanup
[2023-11-09T11:49:13.407+0000][2826.889s][info ][safepoint     ] Leaving safepoint region
[2023-11-09T11:49:13.407+0000][2826.889s][info ][safepoint     ] Total time for which application threads were stopped: 0.0012631 seconds, Stopping threads took: 0.0005584 seconds
[2023-11-09T11:49:14.408+0000][2827.890s][debug][safepoint     ] Safepoint synchronization initiated. (168 threads)
[2023-11-09T11:49:14.409+0000][2827.890s][info ][safepoint     ] Application time: 1.0006251 seconds
[2023-11-09T11:49:14.409+0000][2827.891s][info ][safepoint     ] Entering safepoint region: Cleanup
[2023-11-09T11:49:14.410+0000][2827.891s][info ][safepoint     ] Leaving safepoint region
[2023-11-09T11:49:14.410+0000][2827.892s][info ][safepoint     ] Total time for which application threads were stopped: 0.0009246 seconds, Stopping threads took: 0.0003254 seconds
[2023-11-09T11:49:15.411+0000][2828.892s][debug][safepoint     ] Safepoint synchronization initiated. (168 threads)
[2023-11-09T11:49:15.411+0000][2828.893s][info ][safepoint     ] Application time: 1.0011825 seconds
[2023-11-09T11:49:15.412+0000][2828.894s][info ][safepoint     ] Entering safepoint region: Cleanup
[2023-11-09T11:49:15.413+0000][2828.895s][info ][safepoint     ] Leaving safepoint region
[2023-11-09T11:49:15.414+0000][2828.896s][info ][safepoint     ] Total time for which application threads were stopped: 0.0018639 seconds, Stopping threads took: 0.0008111 seconds
[2023-11-09T11:49:16.415+0000][2829.897s][debug][safepoint     ] Safepoint synchronization initiated. (168 threads)
[2023-11-09T11:49:16.416+0000][2829.898s][info ][safepoint     ] Application time: 1.0012444 seconds
[2023-11-09T11:49:16.417+0000][2829.898s][info ][safepoint     ] Entering safepoint region: Cleanup
[2023-11-09T11:49:16.418+0000][2829.899s][info ][safepoint     ] Leaving safepoint region
[2023-11-09T11:49:16.418+0000][2829.900s][info ][safepoint     ] Total time for which application threads were stopped: 0.0013071 seconds, Stopping threads took: 0.0006110 seconds
[2023-11-09T11:49:17.419+0000][2830.900s][debug][safepoint     ] Safepoint synchronization initiated. (168 threads)
[2023-11-09T11:49:17.419+0000][2830.901s][info ][safepoint     ] Application time: 1.0008432 seconds
[2023-11-09T11:49:17.420+0000][2830.902s][info ][safepoint     ] Entering safepoint region: Cleanup
[2023-11-09T11:49:17.420+0000][2830.902s][info ][safepoint     ] Leaving safepoint region
[2023-11-09T11:49:17.421+0000][2830.903s][info ][safepoint     ] Total time for which application threads were stopped: 0.0010518 seconds, Stopping threads took: 0.0004606 seconds
[2023-11-09T11:49:18.421+0000][2831.903s][debug][safepoint     ] Safepoint synchronization initiated. (168 threads)
[2023-11-09T11:49:18.422+0000][2831.904s][info ][safepoint     ] Application time: 1.0008388 seconds
[2023-11-09T11:49:18.423+0000][2831.904s][info ][safepoint     ] Entering safepoint region: Cleanup
[2023-11-09T11:49:18.423+0000][2831.905s][info ][safepoint     ] Leaving safepoint region
[2023-11-09T11:49:18.424+0000][2831.905s][info ][safepoint     ] Total time for which application threads were stopped: 0.0011383 seconds, Stopping threads took: 0.0005110 seconds
[2023-11-09T11:49:19.424+0000][2832.906s][debug][safepoint     ] Safepoint synchronization initiated. (168 threads)
[2023-11-09T11:49:19.425+0000][2832.906s][info ][safepoint     ] Application time: 1.0008607 seconds
[2023-11-09T11:49:19.425+0000][2832.907s][info ][safepoint     ] Entering safepoint region: Cleanup
[2023-11-09T11:49:19.426+0000][2832.908s][info ][safepoint     ] Leaving safepoint region
[2023-11-09T11:49:19.427+0000][2832.908s][info ][safepoint     ] Total time for which application threads were stopped: 0.0015147 seconds, Stopping threads took: 0.0006071 seconds
[2023-11-09T11:49:20.427+0000][2833.909s][debug][safepoint     ] Safepoint synchronization initiated. (168 threads)
[2023-11-09T11:49:20.428+0000][2833.910s][info ][safepoint     ] Application time: 1.0011502 seconds
[2023-11-09T11:49:20.429+0000][2833.911s][info ][safepoint     ] Entering safepoint region: Cleanup
[2023-11-09T11:49:20.430+0000][2833.912s][info ][safepoint     ] Leaving safepoint region
[2023-11-09T11:49:20.431+0000][2833.912s][info ][safepoint     ] Total time for which application threads were stopped: 0.0015802 seconds, Stopping threads took: 0.0007318 seconds
[2023-11-09T11:49:21.432+0000][2834.913s][debug][safepoint     ] Safepoint synchronization initiated. (168 threads)
[2023-11-09T11:49:21.433+0000][2834.914s][info ][safepoint     ] Application time: 1.0011793 seconds
[2023-11-09T11:49:21.433+0000][2834.915s][info ][safepoint     ] Entering safepoint region: Cleanup
[2023-11-09T11:49:21.434+0000][2834.916s][info ][safepoint     ] Leaving safepoint region
[2023-11-09T11:49:21.435+0000][2834.917s][info ][safepoint     ] Total time for which application threads were stopped: 0.0016420 seconds, Stopping threads took: 0.0006434 seconds
[2023-11-09T11:49:22.436+0000][2835.918s][debug][safepoint     ] Safepoint synchronization initiated. (168 threads)
[2023-11-09T11:49:22.437+0000][2835.918s][info ][safepoint     ] Application time: 1.0008785 seconds
[2023-11-09T11:49:22.437+0000][2835.919s][info ][safepoint     ] Entering safepoint region: Cleanup
[2023-11-09T11:49:22.438+0000][2835.920s][info ][safepoint     ] Leaving safepoint region
[2023-11-09T11:49:22.438+0000][2835.920s][info ][safepoint     ] Total time for which application threads were stopped: 0.0012647 seconds, Stopping threads took: 0.0006162 seconds
[2023-11-09T11:49:23.439+0000][2836.921s][debug][safepoint     ] Safepoint synchronization initiated. (168 threads)
[2023-11-09T11:49:23.440+0000][2836.922s][info ][safepoint     ] Application time: 1.0013779 seconds
[2023-11-09T11:49:23.441+0000][2836.923s][info ][safepoint     ] Entering safepoint region: Cleanup
[2023-11-09T11:49:23.442+0000][2836.924s][info ][safepoint     ] Leaving safepoint region
[2023-11-09T11:49:23.443+0000][2836.925s][info ][safepoint     ] Total time for which application threads were stopped: 0.0018588 seconds, Stopping threads took: 0.0008440 seconds
[2023-11-09T11:49:24.444+0000][2837.926s][debug][safepoint     ] Safepoint synchronization initiated. (168 threads)
[2023-11-09T11:49:24.445+0000][2837.927s][info ][safepoint     ] Application time: 1.0010370 seconds
[2023-11-09T11:49:24.445+0000][2837.927s][info ][safepoint     ] Entering safepoint region: Cleanup
[2023-11-09T11:49:24.446+0000][2837.928s][info ][safepoint     ] Leaving safepoint region
[2023-11-09T11:49:24.446+0000][2837.928s][info ][safepoint     ] Total time for which application threads were stopped: 0.0011896 seconds, Stopping threads took: 0.0004863 seconds
[2023-11-09T11:49:25.447+0000][2838.929s][debug][safepoint     ] Safepoint synchronization initiated. (168 threads)
[2023-11-09T11:49:25.448+0000][2838.930s][info ][safepoint     ] Application time: 1.0009014 seconds
[2023-11-09T11:49:25.449+0000][2838.930s][info ][safepoint     ] Entering safepoint region: Cleanup
[2023-11-09T11:49:25.450+0000][2838.931s][info ][safepoint     ] Leaving safepoint region
[2023-11-09T11:49:25.450+0000][2838.932s][info ][safepoint     ] Total time for which application threads were stopped: 0.0012404 seconds, Stopping threads took: 0.0006538 seconds
[2023-11-09T11:49:26.450+0000][2839.932s][debug][safepoint     ] Safepoint synchronization initiated. (168 threads)
[2023-11-09T11:49:26.451+0000][2839.932s][info ][safepoint     ] Application time: 1.0005277 seconds
[2023-11-09T11:49:26.451+0000][2839.933s][info ][safepoint     ] Entering safepoint region: Cleanup
[2023-11-09T11:49:26.452+0000][2839.933s][info ][safepoint     ] Leaving safepoint region
[2023-11-09T11:49:26.452+0000][2839.934s][info ][safepoint     ] Total time for which application threads were stopped: 0.0008741 seconds, Stopping threads took: 0.0003556 seconds
[2023-11-09T11:49:27.453+0000][2840.934s][debug][safepoint     ] Safepoint synchronization initiated. (168 threads)
[2023-11-09T11:49:27.453+0000][2840.935s][info ][safepoint     ] Application time: 1.0008429 seconds
[2023-11-09T11:49:27.454+0000][2840.935s][info ][safepoint     ] Entering safepoint region: Cleanup
[2023-11-09T11:49:27.454+0000][2840.936s][info ][safepoint     ] Leaving safepoint region
[2023-11-09T11:49:27.455+0000][2840.936s][info ][safepoint     ] Total time for which application threads were stopped: 0.0009730 seconds, Stopping threads took: 0.0003697 seconds
[2023-11-09T11:49:28.455+0000][2841.937s][debug][safepoint     ] Safepoint synchronization initiated. (168 threads)
[2023-11-09T11:49:28.456+0000][2841.938s][info ][safepoint     ] Application time: 1.0012233 seconds
[2023-11-09T11:49:28.457+0000][2841.939s][info ][safepoint     ] Entering safepoint region: Cleanup
[2023-11-09T11:49:28.458+0000][2841.940s][info ][safepoint     ] Leaving safepoint region
[2023-11-09T11:49:28.459+0000][2841.940s][info ][safepoint     ] Total time for which application threads were stopped: 0.0015781 seconds, Stopping threads took: 0.0007473 seconds
[2023-11-09T11:49:29.459+0000][2842.941s][debug][safepoint     ] Safepoint synchronization initiated. (168 threads)
[2023-11-09T11:49:29.460+0000][2842.942s][info ][safepoint     ] Application time: 1.0007865 seconds
[2023-11-09T11:49:29.460+0000][2842.942s][info ][safepoint     ] Entering safepoint region: Cleanup
[2023-11-09T11:49:29.461+0000][2842.943s][info ][safepoint     ] Leaving safepoint region
[2023-11-09T11:49:29.462+0000][2842.943s][info ][safepoint     ] Total time for which application threads were stopped: 0.0013238 seconds, Stopping threads took: 0.0005562 seconds
[2023-11-09T11:49:30.462+0000][2843.944s][debug][safepoint     ] Safepoint synchronization initiated. (168 threads)
[2023-11-09T11:49:30.463+0000][2843.944s][info ][safepoint     ] Application time: 1.0005953 seconds
[2023-11-09T11:49:30.463+0000][2843.945s][info ][safepoint     ] Entering safepoint region: Cleanup
[2023-11-09T11:49:30.464+0000][2843.945s][info ][safepoint     ] Leaving safepoint region
[2023-11-09T11:49:30.464+0000][2843.946s][info ][safepoint     ] Total time for which application threads were stopped: 0.0009067 seconds, Stopping threads took: 0.0003971 seconds
[2023-11-09T11:49:31.465+0000][2844.946s][debug][safepoint     ] Safepoint synchronization initiated. (168 threads)
[2023-11-09T11:49:31.465+0000][2844.947s][info ][safepoint     ] Application time: 1.0008800 seconds
[2023-11-09T11:49:31.466+0000][2844.947s][info ][safepoint     ] Entering safepoint region: Cleanup
[2023-11-09T11:49:31.466+0000][2844.948s][info ][safepoint     ] Leaving safepoint region
[2023-11-09T11:49:31.467+0000][2844.948s][info ][safepoint     ] Total time for which application threads were stopped: 0.0011090 seconds, Stopping threads took: 0.0004672 seconds
[2023-11-09T11:49:32.467+0000][2845.949s][debug][safepoint     ] Safepoint synchronization initiated. (168 threads)
[2023-11-09T11:49:32.468+0000][2845.950s][info ][safepoint     ] Application time: 1.0006194 seconds
[2023-11-09T11:49:32.468+0000][2845.950s][info ][safepoint     ] Entering safepoint region: Cleanup
[2023-11-09T11:49:32.469+0000][2845.950s][info ][safepoint     ] Leaving safepoint region
[2023-11-09T11:49:32.469+0000][2845.951s][info ][safepoint     ] Total time for which application threads were stopped: 0.0007417 seconds, Stopping threads took: 0.0003344 seconds
[2023-11-09T11:49:33.469+0000][2846.951s][debug][safepoint     ] Safepoint synchronization initiated. (168 threads)
[2023-11-09T11:49:33.470+0000][2846.952s][info ][safepoint     ] Application time: 1.0007672 seconds
[2023-11-09T11:49:33.470+0000][2846.952s][info ][safepoint     ] Entering safepoint region: Cleanup
[2023-11-09T11:49:33.471+0000][2846.953s][info ][safepoint     ] Leaving safepoint region
[2023-11-09T11:49:33.471+0000][2846.953s][info ][safepoint     ] Total time for which application threads were stopped: 0.0009308 seconds, Stopping threads took: 0.0004743 seconds
[2023-11-09T11:49:34.472+0000][2847.954s][debug][safepoint     ] Safepoint synchronization initiated. (168 threads)
[2023-11-09T11:49:34.473+0000][2847.955s][info ][safepoint     ] Application time: 1.0012816 seconds
[2023-11-09T11:49:34.474+0000][2847.955s][info ][safepoint     ] Entering safepoint region: Cleanup
[2023-11-09T11:49:34.475+0000][2847.956s][info ][safepoint     ] Leaving safepoint region
[2023-11-09T11:49:34.475+0000][2847.957s][info ][safepoint     ] Total time for which application threads were stopped: 0.0017320 seconds, Stopping threads took: 0.0008015 seconds
[2023-11-09T11:49:35.476+0000][2848.958s][debug][safepoint     ] Safepoint synchronization initiated. (168 threads)
[2023-11-09T11:49:35.477+0000][2848.958s][info ][safepoint     ] Application time: 1.0005514 seconds
[2023-11-09T11:49:35.477+0000][2848.959s][info ][safepoint     ] Entering safepoint region: Cleanup
[2023-11-09T11:49:35.477+0000][2848.959s][info ][safepoint     ] Leaving safepoint region
[2023-11-09T11:49:35.478+0000][2848.959s][info ][safepoint     ] Total time for which application threads were stopped: 0.0008253 seconds, Stopping threads took: 0.0003534 seconds
[2023-11-09T11:49:36.478+0000][2849.960s][debug][safepoint     ] Safepoint synchronization initiated. (168 threads)
[2023-11-09T11:49:36.479+0000][2849.961s][info ][safepoint     ] Application time: 1.0010091 seconds
[2023-11-09T11:49:36.480+0000][2849.962s][info ][safepoint     ] Entering safepoint region: Cleanup
[2023-11-09T11:49:36.481+0000][2849.962s][info ][safepoint     ] Leaving safepoint region
[2023-11-09T11:49:36.481+0000][2849.963s][info ][safepoint     ] Total time for which application threads were stopped: 0.0014388 seconds, Stopping threads took: 0.0006990 seconds
[2023-11-09T11:49:37.482+0000][2850.964s][debug][safepoint     ] Safepoint synchronization initiated. (168 threads)
[2023-11-09T11:49:37.482+0000][2850.964s][info ][safepoint     ] Application time: 1.0006929 seconds
[2023-11-09T11:49:37.483+0000][2850.965s][info ][safepoint     ] Entering safepoint region: Cleanup
[2023-11-09T11:49:37.484+0000][2850.965s][info ][safepoint     ] Leaving safepoint region
[2023-11-09T11:49:37.484+0000][2850.966s][info ][safepoint     ] Total time for which application threads were stopped: 0.0011949 seconds, Stopping threads took: 0.0005270 seconds
[2023-11-09T11:49:38.485+0000][2851.967s][debug][safepoint     ] Safepoint synchronization initiated. (168 threads)
[2023-11-09T11:49:38.486+0000][2851.968s][info ][safepoint     ] Application time: 1.0013355 seconds
[2023-11-09T11:49:38.487+0000][2851.969s][info ][safepoint     ] Entering safepoint region: Cleanup
[2023-11-09T11:49:38.488+0000][2851.970s][info ][safepoint     ] Leaving safepoint region
[2023-11-09T11:49:38.489+0000][2851.970s][info ][safepoint     ] Total time for which application threads were stopped: 0.0018852 seconds, Stopping threads took: 0.0010149 seconds
[2023-11-09T11:49:39.489+0000][2852.971s][debug][safepoint     ] Safepoint synchronization initiated. (168 threads)
[2023-11-09T11:49:39.490+0000][2852.972s][info ][safepoint     ] Application time: 1.0009345 seconds
[2023-11-09T11:49:39.491+0000][2852.973s][info ][safepoint     ] Entering safepoint region: Cleanup
[2023-11-09T11:49:39.491+0000][2852.974s][info ][safepoint     ] Leaving safepoint region
[2023-11-09T11:49:39.492+0000][2852.974s][info ][safepoint     ] Total time for which application threads were stopped: 0.0011337 seconds, Stopping threads took: 0.0005417 seconds
[2023-11-09T11:49:40.492+0000][2853.975s][debug][safepoint     ] Safepoint synchronization initiated. (168 threads)
[2023-11-09T11:49:40.493+0000][2853.975s][info ][safepoint     ] Application time: 1.0008922 seconds
[2023-11-09T11:49:40.494+0000][2853.976s][info ][safepoint     ] Entering safepoint region: Cleanup
[2023-11-09T11:49:40.494+0000][2853.977s][info ][safepoint     ] Leaving safepoint region
[2023-11-09T11:49:40.495+0000][2853.977s][info ][safepoint     ] Total time for which application threads were stopped: 0.0011844 seconds, Stopping threads took: 0.0005187 seconds
[2023-11-09T11:49:41.496+0000][2854.978s][debug][safepoint     ] Safepoint synchronization initiated. (168 threads)
[2023-11-09T11:49:41.497+0000][2854.979s][info ][safepoint     ] Application time: 1.0012337 seconds
[2023-11-09T11:49:41.498+0000][2854.980s][info ][safepoint     ] Entering safepoint region: Cleanup
[2023-11-09T11:49:41.499+0000][2854.981s][info ][safepoint     ] Leaving safepoint region
[2023-11-09T11:49:41.499+0000][2854.981s][info ][safepoint     ] Total time for which application threads were stopped: 0.0016188 seconds, Stopping threads took: 0.0007040 seconds
[2023-11-09T11:49:42.500+0000][2855.983s][debug][safepoint     ] Safepoint synchronization initiated. (168 threads)
[2023-11-09T11:49:42.501+0000][2855.983s][info ][safepoint     ] Application time: 1.0011068 seconds
[2023-11-09T11:49:42.502+0000][2855.984s][info ][safepoint     ] Entering safepoint region: Cleanup
[2023-11-09T11:49:42.503+0000][2855.985s][info ][safepoint     ] Leaving safepoint region
[2023-11-09T11:49:42.504+0000][2855.986s][info ][safepoint     ] Total time for which application threads were stopped: 0.0018369 seconds, Stopping threads took: 0.0008688 seconds
[2023-11-09T11:49:43.505+0000][2856.987s][debug][safepoint     ] Safepoint synchronization initiated. (168 threads)
[2023-11-09T11:49:43.506+0000][2856.988s][info ][safepoint     ] Application time: 1.0014162 seconds
[2023-11-09T11:49:43.507+0000][2856.989s][info ][safepoint     ] Entering safepoint region: Cleanup
[2023-11-09T11:49:43.508+0000][2856.990s][info ][safepoint     ] Leaving safepoint region
[2023-11-09T11:49:43.509+0000][2856.991s][info ][safepoint     ] Total time for which application threads were stopped: 0.0019034 seconds, Stopping threads took: 0.0008510 seconds
[2023-11-09T11:49:44.510+0000][2857.992s][debug][safepoint     ] Safepoint synchronization initiated. (168 threads)
[2023-11-09T11:49:44.510+0000][2857.993s][info ][safepoint     ] Application time: 1.0009565 seconds
[2023-11-09T11:49:44.511+0000][2857.993s][info ][safepoint     ] Entering safepoint region: Cleanup
[2023-11-09T11:49:44.512+0000][2857.994s][info ][safepoint     ] Leaving safepoint region
[2023-11-09T11:49:44.513+0000][2857.995s][info ][safepoint     ] Total time for which application threads were stopped: 0.0018800 seconds, Stopping threads took: 0.0009000 seconds
[2023-11-09T11:49:45.514+0000][2858.996s][debug][safepoint     ] Safepoint synchronization initiated. (168 threads)
[2023-11-09T11:49:45.515+0000][2858.997s][info ][safepoint     ] Application time: 1.0011017 seconds
[2023-11-09T11:49:45.516+0000][2858.998s][info ][safepoint     ] Entering safepoint region: Cleanup
[2023-11-09T11:49:45.517+0000][2858.999s][info ][safepoint     ] Leaving safepoint region
[2023-11-09T11:49:45.517+0000][2859.000s][info ][safepoint     ] Total time for which application threads were stopped: 0.0019082 seconds, Stopping threads took: 0.0008839 seconds
[2023-11-09T11:49:46.518+0000][2860.000s][debug][safepoint     ] Safepoint synchronization initiated. (168 threads)
[2023-11-09T11:49:46.519+0000][2860.001s][info ][safepoint     ] Application time: 1.0010370 seconds
[2023-11-09T11:49:46.519+0000][2860.002s][info ][safepoint     ] Entering safepoint region: Cleanup
[2023-11-09T11:49:46.520+0000][2860.002s][info ][safepoint     ] Leaving safepoint region
[2023-11-09T11:49:46.520+0000][2860.003s][info ][safepoint     ] Total time for which application threads were stopped: 0.0010558 seconds, Stopping threads took: 0.0005028 seconds
[2023-11-09T11:49:47.521+0000][2861.003s][debug][safepoint     ] Safepoint synchronization initiated. (168 threads)
[2023-11-09T11:49:47.522+0000][2861.004s][info ][safepoint     ] Application time: 1.0009843 seconds
[2023-11-09T11:49:47.523+0000][2861.005s][info ][safepoint     ] Entering safepoint region: Cleanup
[2023-11-09T11:49:47.523+0000][2861.005s][info ][safepoint     ] Leaving safepoint region
[2023-11-09T11:49:47.524+0000][2861.006s][info ][safepoint     ] Total time for which application threads were stopped: 0.0011796 seconds, Stopping threads took: 0.0005290 seconds
[2023-11-09T11:49:48.525+0000][2862.007s][debug][safepoint     ] Safepoint synchronization initiated. (168 threads)
[2023-11-09T11:49:48.525+0000][2862.007s][info ][safepoint     ] Application time: 1.0010636 seconds
[2023-11-09T11:49:48.526+0000][2862.008s][info ][safepoint     ] Entering safepoint region: Cleanup
[2023-11-09T11:49:48.527+0000][2862.009s][info ][safepoint     ] Leaving safepoint region
[2023-11-09T11:49:48.527+0000][2862.009s][info ][safepoint     ] Total time for which application threads were stopped: 0.0012434 seconds, Stopping threads took: 0.0006897 seconds
[2023-11-09T11:49:49.528+0000][2863.010s][debug][safepoint     ] Safepoint synchronization initiated. (168 threads)
[2023-11-09T11:49:49.529+0000][2863.011s][info ][safepoint     ] Application time: 1.0012744 seconds
[2023-11-09T11:49:49.530+0000][2863.012s][info ][safepoint     ] Entering safepoint region: Cleanup
[2023-11-09T11:49:49.531+0000][2863.013s][info ][safepoint     ] Leaving safepoint region
[2023-11-09T11:49:49.531+0000][2863.013s][info ][safepoint     ] Total time for which application threads were stopped: 0.0015651 seconds, Stopping threads took: 0.0007172 seconds
[2023-11-09T11:49:50.532+0000][2864.014s][debug][safepoint     ] Safepoint synchronization initiated. (168 threads)
[2023-11-09T11:49:50.533+0000][2864.015s][info ][safepoint     ] Application time: 1.0011436 seconds
[2023-11-09T11:49:50.534+0000][2864.016s][info ][safepoint     ] Entering safepoint region: Cleanup
[2023-11-09T11:49:50.535+0000][2864.017s][info ][safepoint     ] Leaving safepoint region
[2023-11-09T11:49:50.535+0000][2864.018s][info ][safepoint     ] Total time for which application threads were stopped: 0.0017997 seconds, Stopping threads took: 0.0008067 seconds
[2023-11-09T11:49:51.536+0000][2865.019s][debug][safepoint     ] Safepoint synchronization initiated. (168 threads)
[2023-11-09T11:49:51.538+0000][2865.020s][info ][safepoint     ] Application time: 1.0014857 seconds
[2023-11-09T11:49:51.538+0000][2865.021s][info ][safepoint     ] Entering safepoint region: Cleanup
[2023-11-09T11:49:51.539+0000][2865.022s][info ][safepoint     ] Leaving safepoint region
[2023-11-09T11:49:51.540+0000][2865.022s][info ][safepoint     ] Total time for which application threads were stopped: 0.0014759 seconds, Stopping threads took: 0.0007209 seconds
[2023-11-09T11:49:52.541+0000][2866.023s][debug][safepoint     ] Safepoint synchronization initiated. (168 threads)
[2023-11-09T11:49:52.541+0000][2866.024s][info ][safepoint     ] Application time: 1.0009510 seconds
[2023-11-09T11:49:52.542+0000][2866.024s][info ][safepoint     ] Entering safepoint region: Cleanup
[2023-11-09T11:49:52.543+0000][2866.025s][info ][safepoint     ] Leaving safepoint region
[2023-11-09T11:49:52.543+0000][2866.025s][info ][safepoint     ] Total time for which application threads were stopped: 0.0013812 seconds, Stopping threads took: 0.0006619 seconds
[2023-11-09T11:49:53.544+0000][2867.026s][debug][safepoint     ] Safepoint synchronization initiated. (168 threads)
[2023-11-09T11:49:53.545+0000][2867.027s][info ][safepoint     ] Application time: 1.0008817 seconds
[2023-11-09T11:49:53.545+0000][2867.028s][info ][safepoint     ] Entering safepoint region: Cleanup
[2023-11-09T11:49:53.546+0000][2867.028s][info ][safepoint     ] Leaving safepoint region
[2023-11-09T11:49:53.547+0000][2867.029s][info ][safepoint     ] Total time for which application threads were stopped: 0.0013020 seconds, Stopping threads took: 0.0006465 seconds
[2023-11-09T11:49:54.547+0000][2868.029s][debug][safepoint     ] Safepoint synchronization initiated. (168 threads)
[2023-11-09T11:49:54.548+0000][2868.030s][info ][safepoint     ] Application time: 1.0008292 seconds
[2023-11-09T11:49:54.549+0000][2868.031s][info ][safepoint     ] Entering safepoint region: Cleanup
[2023-11-09T11:49:54.549+0000][2868.032s][info ][safepoint     ] Leaving safepoint region
[2023-11-09T11:49:54.550+0000][2868.032s][info ][safepoint     ] Total time for which application threads were stopped: 0.0012732 seconds, Stopping threads took: 0.0006152 seconds
[2023-11-09T11:49:55.551+0000][2869.033s][debug][safepoint     ] Safepoint synchronization initiated. (168 threads)
[2023-11-09T11:49:55.552+0000][2869.034s][info ][safepoint     ] Application time: 1.0012529 seconds
[2023-11-09T11:49:55.553+0000][2869.035s][info ][safepoint     ] Entering safepoint region: Cleanup
[2023-11-09T11:49:55.554+0000][2869.036s][info ][safepoint     ] Leaving safepoint region
[2023-11-09T11:49:55.554+0000][2869.037s][info ][safepoint     ] Total time for which application threads were stopped: 0.0018749 seconds, Stopping threads took: 0.0008292 seconds
[2023-11-09T11:49:56.555+0000][2870.038s][debug][safepoint     ] Safepoint synchronization initiated. (168 threads)
[2023-11-09T11:49:56.556+0000][2870.039s][info ][safepoint     ] Application time: 1.0013113 seconds
[2023-11-09T11:49:56.558+0000][2870.040s][info ][safepoint     ] Entering safepoint region: Cleanup
[2023-11-09T11:49:56.559+0000][2870.041s][info ][safepoint     ] Leaving safepoint region
[2023-11-09T11:49:56.559+0000][2870.042s][info ][safepoint     ] Total time for which application threads were stopped: 0.0018152 seconds, Stopping threads took: 0.0007632 seconds
[2023-11-09T11:49:57.560+0000][2871.042s][debug][safepoint     ] Safepoint synchronization initiated. (168 threads)
[2023-11-09T11:49:57.561+0000][2871.043s][info ][safepoint     ] Application time: 1.0009955 seconds
[2023-11-09T11:49:57.562+0000][2871.044s][info ][safepoint     ] Entering safepoint region: Cleanup
[2023-11-09T11:49:57.563+0000][2871.045s][info ][safepoint     ] Leaving safepoint region
[2023-11-09T11:49:57.563+0000][2871.046s][info ][safepoint     ] Total time for which application threads were stopped: 0.0016429 seconds, Stopping threads took: 0.0007562 seconds
[2023-11-09T11:49:58.564+0000][2872.046s][debug][safepoint     ] Safepoint synchronization initiated. (168 threads)
[2023-11-09T11:49:58.565+0000][2872.048s][info ][safepoint     ] Application time: 1.0012313 seconds
[2023-11-09T11:49:58.566+0000][2872.048s][info ][safepoint     ] Entering safepoint region: Cleanup
[2023-11-09T11:49:58.567+0000][2872.049s][info ][safepoint     ] Leaving safepoint region
[2023-11-09T11:49:58.567+0000][2872.050s][info ][safepoint     ] Total time for which application threads were stopped: 0.0014312 seconds, Stopping threads took: 0.0006707 seconds
[2023-11-09T11:49:59.568+0000][2873.050s][debug][safepoint     ] Safepoint synchronization initiated. (168 threads)
[2023-11-09T11:49:59.569+0000][2873.051s][info ][safepoint     ] Application time: 1.0009973 seconds
[2023-11-09T11:49:59.570+0000][2873.052s][info ][safepoint     ] Entering safepoint region: Cleanup
[2023-11-09T11:49:59.571+0000][2873.053s][info ][safepoint     ] Leaving safepoint region
[2023-11-09T11:49:59.572+0000][2873.054s][info ][safepoint     ] Total time for which application threads were stopped: 0.0018482 seconds, Stopping threads took: 0.0008495 seconds
[2023-11-09T11:50:00.572+0000][2874.055s][debug][safepoint     ] Safepoint synchronization initiated. (168 threads)
[2023-11-09T11:50:00.573+0000][2874.056s][info ][safepoint     ] Application time: 1.0011690 seconds
[2023-11-09T11:50:00.574+0000][2874.056s][info ][safepoint     ] Entering safepoint region: Cleanup
[2023-11-09T11:50:00.575+0000][2874.057s][info ][safepoint     ] Leaving safepoint region
[2023-11-09T11:50:00.576+0000][2874.058s][info ][safepoint     ] Total time for which application threads were stopped: 0.0016986 seconds, Stopping threads took: 0.0007543 seconds
[2023-11-09T11:50:01.577+0000][2875.059s][debug][safepoint     ] Safepoint synchronization initiated. (168 threads)
[2023-11-09T11:50:01.577+0000][2875.060s][info ][safepoint     ] Application time: 1.0010457 seconds
[2023-11-09T11:50:01.578+0000][2875.060s][info ][safepoint     ] Entering safepoint region: Cleanup
[2023-11-09T11:50:01.579+0000][2875.061s][info ][safepoint     ] Leaving safepoint region
[2023-11-09T11:50:01.579+0000][2875.061s][info ][safepoint     ] Total time for which application threads were stopped: 0.0012024 seconds, Stopping threads took: 0.0005042 seconds
[2023-11-09T11:50:02.580+0000][2876.062s][debug][safepoint     ] Safepoint synchronization initiated. (168 threads)
[2023-11-09T11:50:02.580+0000][2876.063s][info ][safepoint     ] Application time: 1.0008149 seconds
[2023-11-09T11:50:02.581+0000][2876.063s][info ][safepoint     ] Entering safepoint region: Cleanup
[2023-11-09T11:50:02.582+0000][2876.064s][info ][safepoint     ] Leaving safepoint region
[2023-11-09T11:50:02.582+0000][2876.064s][info ][safepoint     ] Total time for which application threads were stopped: 0.0009862 seconds, Stopping threads took: 0.0004330 seconds
[2023-11-09T11:50:03.582+0000][2877.065s][debug][safepoint     ] Safepoint synchronization initiated. (168 threads)
[2023-11-09T11:50:03.583+0000][2877.065s][info ][safepoint     ] Application time: 1.0005791 seconds
[2023-11-09T11:50:03.583+0000][2877.065s][info ][safepoint     ] Entering safepoint region: Cleanup
[2023-11-09T11:50:03.584+0000][2877.066s][info ][safepoint     ] Leaving safepoint region
[2023-11-09T11:50:03.584+0000][2877.066s][info ][safepoint     ] Total time for which application threads were stopped: 0.0007773 seconds, Stopping threads took: 0.0002984 seconds
[2023-11-09T11:50:04.585+0000][2878.067s][debug][safepoint     ] Safepoint synchronization initiated. (168 threads)
[2023-11-09T11:50:04.585+0000][2878.067s][info ][safepoint     ] Application time: 1.0008655 seconds
[2023-11-09T11:50:04.586+0000][2878.068s][info ][safepoint     ] Entering safepoint region: Cleanup
[2023-11-09T11:50:04.587+0000][2878.069s][info ][safepoint     ] Leaving safepoint region
[2023-11-09T11:50:04.587+0000][2878.069s][info ][safepoint     ] Total time for which application threads were stopped: 0.0013224 seconds, Stopping threads took: 0.0006239 seconds
[2023-11-09T11:50:05.588+0000][2879.070s][debug][safepoint     ] Safepoint synchronization initiated. (168 threads)
[2023-11-09T11:50:05.589+0000][2879.071s][info ][safepoint     ] Application time: 1.0012238 seconds
[2023-11-09T11:50:05.590+0000][2879.072s][info ][safepoint     ] Entering safepoint region: Cleanup
[2023-11-09T11:50:05.591+0000][2879.073s][info ][safepoint     ] Leaving safepoint region
[2023-11-09T11:50:05.592+0000][2879.074s][info ][safepoint     ] Total time for which application threads were stopped: 0.0018435 seconds, Stopping threads took: 0.0008430 seconds
[2023-11-09T11:50:06.593+0000][2880.075s][debug][safepoint     ] Safepoint synchronization initiated. (168 threads)
[2023-11-09T11:50:06.594+0000][2880.076s][info ][safepoint     ] Application time: 1.0013610 seconds
[2023-11-09T11:50:06.595+0000][2880.077s][info ][safepoint     ] Entering safepoint region: Cleanup
[2023-11-09T11:50:06.596+0000][2880.078s][info ][safepoint     ] Leaving safepoint region
[2023-11-09T11:50:06.596+0000][2880.079s][info ][safepoint     ] Total time for which application threads were stopped: 0.0018444 seconds, Stopping threads took: 0.0008618 seconds
[2023-11-09T11:50:07.597+0000][2881.079s][debug][safepoint     ] Safepoint synchronization initiated. (168 threads)
[2023-11-09T11:50:07.598+0000][2881.080s][info ][safepoint     ] Application time: 1.0006931 seconds
[2023-11-09T11:50:07.598+0000][2881.081s][info ][safepoint     ] Entering safepoint region: Cleanup
[2023-11-09T11:50:07.599+0000][2881.081s][info ][safepoint     ] Leaving safepoint region
[2023-11-09T11:50:07.600+0000][2881.082s][info ][safepoint     ] Total time for which application threads were stopped: 0.0013098 seconds, Stopping threads took: 0.0006086 seconds
[2023-11-09T11:50:08.600+0000][2882.083s][debug][safepoint     ] Safepoint synchronization initiated. (168 threads)
[2023-11-09T11:50:08.601+0000][2882.083s][info ][safepoint     ] Application time: 1.0010517 seconds
[2023-11-09T11:50:08.602+0000][2882.084s][info ][safepoint     ] Entering safepoint region: Cleanup
[2023-11-09T11:50:08.603+0000][2882.085s][info ][safepoint     ] Leaving safepoint region
[2023-11-09T11:50:08.603+0000][2882.085s][info ][safepoint     ] Total time for which application threads were stopped: 0.0014222 seconds, Stopping threads took: 0.0006465 seconds
[2023-11-09T11:50:09.604+0000][2883.086s][debug][safepoint     ] Safepoint synchronization initiated. (168 threads)
[2023-11-09T11:50:09.605+0000][2883.087s][info ][safepoint     ] Application time: 1.0008753 seconds
[2023-11-09T11:50:09.605+0000][2883.087s][info ][safepoint     ] Entering safepoint region: Cleanup
[2023-11-09T11:50:09.606+0000][2883.088s][info ][safepoint     ] Leaving safepoint region
[2023-11-09T11:50:09.606+0000][2883.088s][info ][safepoint     ] Total time for which application threads were stopped: 0.0009881 seconds, Stopping threads took: 0.0004397 seconds
[2023-11-09T11:50:10.607+0000][2884.089s][debug][safepoint     ] Safepoint synchronization initiated. (168 threads)
[2023-11-09T11:50:10.607+0000][2884.089s][info ][safepoint     ] Application time: 1.0006339 seconds
[2023-11-09T11:50:10.608+0000][2884.090s][info ][safepoint     ] Entering safepoint region: Cleanup
[2023-11-09T11:50:10.608+0000][2884.090s][info ][safepoint     ] Leaving safepoint region
[2023-11-09T11:50:10.609+0000][2884.091s][info ][safepoint     ] Total time for which application threads were stopped: 0.0010256 seconds, Stopping threads took: 0.0004551 seconds
[2023-11-09T11:50:11.609+0000][2885.091s][debug][safepoint     ] Safepoint synchronization initiated. (168 threads)
[2023-11-09T11:50:11.610+0000][2885.091s][info ][safepoint     ] Application time: 1.0005135 seconds
[2023-11-09T11:50:11.610+0000][2885.092s][info ][safepoint     ] Entering safepoint region: Cleanup
[2023-11-09T11:50:11.610+0000][2885.092s][info ][safepoint     ] Leaving safepoint region
[2023-11-09T11:50:11.611+0000][2885.093s][info ][safepoint     ] Total time for which application threads were stopped: 0.0008032 seconds, Stopping threads took: 0.0003647 seconds
[2023-11-09T11:50:12.611+0000][2886.093s][debug][safepoint     ] Safepoint synchronization initiated. (168 threads)
[2023-11-09T11:50:12.612+0000][2886.094s][info ][safepoint     ] Application time: 1.0011561 seconds
[2023-11-09T11:50:12.613+0000][2886.095s][info ][safepoint     ] Entering safepoint region: Cleanup
[2023-11-09T11:50:12.614+0000][2886.096s][info ][safepoint     ] Leaving safepoint region
[2023-11-09T11:50:12.615+0000][2886.097s][info ][safepoint     ] Total time for which application threads were stopped: 0.0018824 seconds, Stopping threads took: 0.0008442 seconds
[2023-11-09T11:50:13.616+0000][2887.098s][debug][safepoint     ] Safepoint synchronization initiated. (168 threads)
[2023-11-09T11:50:13.617+0000][2887.099s][info ][safepoint     ] Application time: 1.0014082 seconds
[2023-11-09T11:50:13.618+0000][2887.100s][info ][safepoint     ] Entering safepoint region: Cleanup
[2023-11-09T11:50:13.619+0000][2887.101s][info ][safepoint     ] Leaving safepoint region
[2023-11-09T11:50:13.620+0000][2887.102s][info ][safepoint     ] Total time for which application threads were stopped: 0.0020207 seconds, Stopping threads took: 0.0009403 seconds
[2023-11-09T11:50:14.621+0000][2888.103s][debug][safepoint     ] Safepoint synchronization initiated. (168 threads)
[2023-11-09T11:50:14.622+0000][2888.104s][info ][safepoint     ] Application time: 1.0008753 seconds
[2023-11-09T11:50:14.622+0000][2888.104s][info ][safepoint     ] Entering safepoint region: Cleanup
[2023-11-09T11:50:14.623+0000][2888.105s][info ][safepoint     ] Leaving safepoint region
[2023-11-09T11:50:14.624+0000][2888.106s][info ][safepoint     ] Total time for which application threads were stopped: 0.0013336 seconds, Stopping threads took: 0.0005652 seconds
[2023-11-09T11:50:15.624+0000][2889.106s][debug][safepoint     ] Safepoint synchronization initiated. (168 threads)
[2023-11-09T11:50:15.625+0000][2889.107s][info ][safepoint     ] Application time: 1.0006926 seconds
[2023-11-09T11:50:15.625+0000][2889.107s][info ][safepoint     ] Entering safepoint region: Cleanup
[2023-11-09T11:50:15.626+0000][2889.108s][info ][safepoint     ] Leaving safepoint region
[2023-11-09T11:50:15.627+0000][2889.109s][info ][safepoint     ] Total time for which application threads were stopped: 0.0012044 seconds, Stopping threads took: 0.0005426 seconds
[2023-11-09T11:50:16.627+0000][2890.109s][debug][safepoint     ] Safepoint synchronization initiated. (168 threads)
[2023-11-09T11:50:16.628+0000][2890.110s][info ][safepoint     ] Application time: 1.0009928 seconds
[2023-11-09T11:50:16.629+0000][2890.111s][info ][safepoint     ] Entering safepoint region: Cleanup
[2023-11-09T11:50:16.630+0000][2890.112s][info ][safepoint     ] Leaving safepoint region
[2023-11-09T11:50:16.630+0000][2890.112s][info ][safepoint     ] Total time for which application threads were stopped: 0.0015127 seconds, Stopping threads took: 0.0007754 seconds
[2023-11-09T11:50:17.631+0000][2891.113s][debug][safepoint     ] Safepoint synchronization initiated. (168 threads)
[2023-11-09T11:50:17.632+0000][2891.114s][info ][safepoint     ] Application time: 1.0012089 seconds
[2023-11-09T11:50:17.633+0000][2891.115s][info ][safepoint     ] Entering safepoint region: Cleanup
[2023-11-09T11:50:17.634+0000][2891.116s][info ][safepoint     ] Leaving safepoint region
[2023-11-09T11:50:17.634+0000][2891.116s][info ][safepoint     ] Total time for which application threads were stopped: 0.0015995 seconds, Stopping threads took: 0.0007324 seconds
[2023-11-09T11:50:18.635+0000][2892.117s][debug][safepoint     ] Safepoint synchronization initiated. (168 threads)
[2023-11-09T11:50:18.636+0000][2892.118s][info ][safepoint     ] Application time: 1.0006891 seconds
[2023-11-09T11:50:18.636+0000][2892.118s][info ][safepoint     ] Entering safepoint region: Cleanup
[2023-11-09T11:50:18.637+0000][2892.119s][info ][safepoint     ] Leaving safepoint region
[2023-11-09T11:50:18.638+0000][2892.119s][info ][safepoint     ] Total time for which application threads were stopped: 0.0013120 seconds, Stopping threads took: 0.0005895 seconds
[2023-11-09T11:50:19.638+0000][2893.120s][debug][safepoint     ] Safepoint synchronization initiated. (168 threads)
[2023-11-09T11:50:19.639+0000][2893.121s][info ][safepoint     ] Application time: 1.0008747 seconds
[2023-11-09T11:50:19.639+0000][2893.121s][info ][safepoint     ] Entering safepoint region: Cleanup
[2023-11-09T11:50:19.640+0000][2893.122s][info ][safepoint     ] Leaving safepoint region
[2023-11-09T11:50:19.641+0000][2893.123s][info ][safepoint     ] Total time for which application threads were stopped: 0.0013157 seconds, Stopping threads took: 0.0006388 seconds
[2023-11-09T11:50:20.641+0000][2894.123s][debug][safepoint     ] Safepoint synchronization initiated. (168 threads)
[2023-11-09T11:50:20.642+0000][2894.124s][info ][safepoint     ] Application time: 1.0007943 seconds
[2023-11-09T11:50:20.642+0000][2894.124s][info ][safepoint     ] Entering safepoint region: Cleanup
[2023-11-09T11:50:20.643+0000][2894.125s][info ][safepoint     ] Leaving safepoint region
[2023-11-09T11:50:20.643+0000][2894.125s][info ][safepoint     ] Total time for which application threads were stopped: 0.0009561 seconds, Stopping threads took: 0.0003976 seconds
[2023-11-09T11:50:21.644+0000][2895.126s][debug][safepoint     ] Safepoint synchronization initiated. (168 threads)
[2023-11-09T11:50:21.645+0000][2895.127s][info ][safepoint     ] Application time: 1.0013921 seconds
[2023-11-09T11:50:21.646+0000][2895.128s][info ][safepoint     ] Entering safepoint region: Cleanup
[2023-11-09T11:50:21.647+0000][2895.129s][info ][safepoint     ] Leaving safepoint region
[2023-11-09T11:50:21.648+0000][2895.130s][info ][safepoint     ] Total time for which application threads were stopped: 0.0017983 seconds, Stopping threads took: 0.0008511 seconds
[2023-11-09T11:50:22.648+0000][2896.130s][debug][safepoint     ] Safepoint synchronization initiated. (168 threads)
[2023-11-09T11:50:22.649+0000][2896.131s][info ][safepoint     ] Application time: 1.0007052 seconds
[2023-11-09T11:50:22.650+0000][2896.132s][info ][safepoint     ] Entering safepoint region: Cleanup
[2023-11-09T11:50:22.650+0000][2896.132s][info ][safepoint     ] Leaving safepoint region
[2023-11-09T11:50:22.651+0000][2896.133s][info ][safepoint     ] Total time for which application threads were stopped: 0.0013467 seconds, Stopping threads took: 0.0005792 seconds
[2023-11-09T11:50:23.652+0000][2897.134s][debug][safepoint     ] Safepoint synchronization initiated. (168 threads)
[2023-11-09T11:50:23.653+0000][2897.135s][info ][safepoint     ] Application time: 1.0013489 seconds
[2023-11-09T11:50:23.654+0000][2897.136s][info ][safepoint     ] Entering safepoint region: Cleanup
[2023-11-09T11:50:23.655+0000][2897.137s][info ][safepoint     ] Leaving safepoint region
[2023-11-09T11:50:23.656+0000][2897.138s][info ][safepoint     ] Total time for which application threads were stopped: 0.0019113 seconds, Stopping threads took: 0.0007759 seconds
[2023-11-09T11:50:24.657+0000][2898.138s][debug][safepoint     ] Safepoint synchronization initiated. (168 threads)
[2023-11-09T11:50:24.657+0000][2898.139s][info ][safepoint     ] Application time: 1.0008395 seconds
[2023-11-09T11:50:24.658+0000][2898.140s][info ][safepoint     ] Entering safepoint region: Cleanup
[2023-11-09T11:50:24.658+0000][2898.140s][info ][safepoint     ] Leaving safepoint region
[2023-11-09T11:50:24.659+0000][2898.141s][info ][safepoint     ] Total time for which application threads were stopped: 0.0011615 seconds, Stopping threads took: 0.0004696 seconds
[2023-11-09T11:50:25.659+0000][2899.141s][debug][safepoint     ] Safepoint synchronization initiated. (168 threads)
[2023-11-09T11:50:25.660+0000][2899.142s][info ][safepoint     ] Application time: 1.0006327 seconds
[2023-11-09T11:50:25.660+0000][2899.142s][info ][safepoint     ] Entering safepoint region: Cleanup
[2023-11-09T11:50:25.661+0000][2899.143s][info ][safepoint     ] Leaving safepoint region
[2023-11-09T11:50:25.661+0000][2899.143s][info ][safepoint     ] Total time for which application threads were stopped: 0.0010032 seconds, Stopping threads took: 0.0003806 seconds
[2023-11-09T11:50:26.662+0000][2900.144s][debug][safepoint     ] Safepoint synchronization initiated. (168 threads)
[2023-11-09T11:50:26.662+0000][2900.144s][info ][safepoint     ] Application time: 1.0007154 seconds
[2023-11-09T11:50:26.663+0000][2900.145s][info ][safepoint     ] Entering safepoint region: Cleanup
[2023-11-09T11:50:26.663+0000][2900.145s][info ][safepoint     ] Leaving safepoint region
[2023-11-09T11:50:26.663+0000][2900.145s][info ][safepoint     ] Total time for which application threads were stopped: 0.0007526 seconds, Stopping threads took: 0.0002929 seconds
[2023-11-09T11:50:27.664+0000][2901.146s][debug][safepoint     ] Safepoint synchronization initiated. (168 threads)
[2023-11-09T11:50:27.665+0000][2901.147s][info ][safepoint     ] Application time: 1.0014520 seconds
[2023-11-09T11:50:27.666+0000][2901.148s][info ][safepoint     ] Entering safepoint region: Cleanup
[2023-11-09T11:50:27.668+0000][2901.150s][info ][safepoint     ] Leaving safepoint region
[2023-11-09T11:50:27.668+0000][2901.150s][info ][safepoint     ] Total time for which application threads were stopped: 0.0020894 seconds, Stopping threads took: 0.0009056 seconds
[2023-11-09T11:50:28.669+0000][2902.151s][debug][safepoint     ] Safepoint synchronization initiated. (168 threads)
[2023-11-09T11:50:28.670+0000][2902.151s][info ][safepoint     ] Application time: 1.0006462 seconds
[2023-11-09T11:50:28.670+0000][2902.152s][info ][safepoint     ] Entering safepoint region: Cleanup
[2023-11-09T11:50:28.671+0000][2902.152s][info ][safepoint     ] Leaving safepoint region
[2023-11-09T11:50:28.671+0000][2902.153s][info ][safepoint     ] Total time for which application threads were stopped: 0.0010686 seconds, Stopping threads took: 0.0004378 seconds
[2023-11-09T11:50:29.672+0000][2903.154s][debug][safepoint     ] Safepoint synchronization initiated. (168 threads)
[2023-11-09T11:50:29.674+0000][2903.156s][info ][safepoint     ] Application time: 1.0028074 seconds
[2023-11-09T11:50:29.676+0000][2903.157s][info ][safepoint     ] Entering safepoint region: Cleanup
[2023-11-09T11:50:29.677+0000][2903.159s][info ][safepoint     ] Leaving safepoint region
[2023-11-09T11:50:29.677+0000][2903.159s][info ][safepoint     ] Total time for which application threads were stopped: 0.0017752 seconds, Stopping threads took: 0.0010111 seconds
[2023-11-09T11:50:30.678+0000][2904.160s][debug][safepoint     ] Safepoint synchronization initiated. (168 threads)
[2023-11-09T11:50:30.679+0000][2904.161s][info ][safepoint     ] Application time: 1.0010974 seconds
[2023-11-09T11:50:30.680+0000][2904.162s][info ][safepoint     ] Entering safepoint region: Cleanup
[2023-11-09T11:50:30.681+0000][2904.163s][info ][safepoint     ] Leaving safepoint region
[2023-11-09T11:50:30.682+0000][2904.163s][info ][safepoint     ] Total time for which application threads were stopped: 0.0018708 seconds, Stopping threads took: 0.0008606 seconds
[2023-11-09T11:50:31.682+0000][2905.164s][debug][safepoint     ] Safepoint synchronization initiated. (168 threads)
[2023-11-09T11:50:31.683+0000][2905.165s][info ][safepoint     ] Application time: 1.0006244 seconds
[2023-11-09T11:50:31.683+0000][2905.165s][info ][safepoint     ] Entering safepoint region: Cleanup
[2023-11-09T11:50:31.684+0000][2905.166s][info ][safepoint     ] Leaving safepoint region
[2023-11-09T11:50:31.684+0000][2905.166s][info ][safepoint     ] Total time for which application threads were stopped: 0.0009670 seconds, Stopping threads took: 0.0004374 seconds
[2023-11-09T11:50:32.685+0000][2906.167s][debug][safepoint     ] Safepoint synchronization initiated. (168 threads)
[2023-11-09T11:50:32.686+0000][2906.168s][info ][safepoint     ] Application time: 1.0012709 seconds
[2023-11-09T11:50:32.687+0000][2906.168s][info ][safepoint     ] Entering safepoint region: Cleanup
[2023-11-09T11:50:32.688+0000][2906.169s][info ][safepoint     ] Leaving safepoint region
[2023-11-09T11:50:32.688+0000][2906.170s][info ][safepoint     ] Total time for which application threads were stopped: 0.0018141 seconds, Stopping threads took: 0.0007856 seconds
[2023-11-09T11:50:33.689+0000][2907.171s][debug][safepoint     ] Safepoint synchronization initiated. (168 threads)
[2023-11-09T11:50:33.690+0000][2907.172s][info ][safepoint     ] Application time: 1.0010234 seconds
[2023-11-09T11:50:33.690+0000][2907.172s][info ][safepoint     ] Entering safepoint region: Cleanup
[2023-11-09T11:50:33.691+0000][2907.173s][info ][safepoint     ] Leaving safepoint region
[2023-11-09T11:50:33.692+0000][2907.173s][info ][safepoint     ] Total time for which application threads were stopped: 0.0011018 seconds, Stopping threads took: 0.0005179 seconds
[2023-11-09T11:50:34.692+0000][2908.174s][debug][safepoint     ] Safepoint synchronization initiated. (168 threads)
[2023-11-09T11:50:34.692+0000][2908.174s][info ][safepoint     ] Application time: 1.0004696 seconds
[2023-11-09T11:50:34.693+0000][2908.175s][info ][safepoint     ] Entering safepoint region: Cleanup
[2023-11-09T11:50:34.693+0000][2908.175s][info ][safepoint     ] Leaving safepoint region
[2023-11-09T11:50:34.693+0000][2908.175s][info ][safepoint     ] Total time for which application threads were stopped: 0.0007200 seconds, Stopping threads took: 0.0002910 seconds
[2023-11-09T11:50:35.694+0000][2909.176s][debug][safepoint     ] Safepoint synchronization initiated. (168 threads)
[2023-11-09T11:50:35.694+0000][2909.176s][info ][safepoint     ] Application time: 1.0005687 seconds
[2023-11-09T11:50:35.695+0000][2909.177s][info ][safepoint     ] Entering safepoint region: Cleanup
[2023-11-09T11:50:35.695+0000][2909.177s][info ][safepoint     ] Leaving safepoint region
[2023-11-09T11:50:35.696+0000][2909.177s][info ][safepoint     ] Total time for which application threads were stopped: 0.0010146 seconds, Stopping threads took: 0.0003927 seconds
[2023-11-09T11:50:36.696+0000][2910.178s][debug][safepoint     ] Safepoint synchronization initiated. (168 threads)
[2023-11-09T11:50:36.697+0000][2910.179s][info ][safepoint     ] Application time: 1.0013422 seconds
[2023-11-09T11:50:36.698+0000][2910.180s][info ][safepoint     ] Entering safepoint region: Cleanup
[2023-11-09T11:50:36.699+0000][2910.181s][info ][safepoint     ] Leaving safepoint region
[2023-11-09T11:50:36.700+0000][2910.182s][info ][safepoint     ] Total time for which application threads were stopped: 0.0022193 seconds, Stopping threads took: 0.0008349 seconds
[2023-11-09T11:50:37.701+0000][2911.183s][debug][safepoint     ] Safepoint synchronization initiated. (168 threads)
[2023-11-09T11:50:37.702+0000][2911.184s][info ][safepoint     ] Application time: 1.0006599 seconds
[2023-11-09T11:50:37.703+0000][2911.185s][info ][safepoint     ] Entering safepoint region: Cleanup
[2023-11-09T11:50:37.703+0000][2911.185s][info ][safepoint     ] Leaving safepoint region
[2023-11-09T11:50:37.704+0000][2911.186s][info ][safepoint     ] Total time for which application threads were stopped: 0.0012885 seconds, Stopping threads took: 0.0007407 seconds
[2023-11-09T11:50:38.704+0000][2912.186s][debug][safepoint     ] Safepoint synchronization initiated. (168 threads)
[2023-11-09T11:50:38.705+0000][2912.187s][info ][safepoint     ] Application time: 1.0008722 seconds
[2023-11-09T11:50:38.706+0000][2912.188s][info ][safepoint     ] Entering safepoint region: Cleanup
[2023-11-09T11:50:38.707+0000][2912.189s][info ][safepoint     ] Leaving safepoint region
[2023-11-09T11:50:38.708+0000][2912.189s][info ][safepoint     ] Total time for which application threads were stopped: 0.0015523 seconds, Stopping threads took: 0.0007566 seconds
[2023-11-09T11:50:39.708+0000][2913.190s][debug][safepoint     ] Safepoint synchronization initiated. (168 threads)
[2023-11-09T11:50:39.709+0000][2913.191s][info ][safepoint     ] Application time: 1.0008957 seconds
[2023-11-09T11:50:39.709+0000][2913.192s][info ][safepoint     ] Entering safepoint region: Cleanup
[2023-11-09T11:50:39.710+0000][2913.192s][info ][safepoint     ] Leaving safepoint region
[2023-11-09T11:50:39.711+0000][2913.193s][info ][safepoint     ] Total time for which application threads were stopped: 0.0014973 seconds, Stopping threads took: 0.0007178 seconds
[2023-11-09T11:50:40.711+0000][2914.194s][debug][safepoint     ] Safepoint synchronization initiated. (168 threads)
[2023-11-09T11:50:40.712+0000][2914.194s][info ][safepoint     ] Application time: 1.0010144 seconds
[2023-11-09T11:50:40.713+0000][2914.195s][info ][safepoint     ] Entering safepoint region: Cleanup
[2023-11-09T11:50:40.714+0000][2914.196s][info ][safepoint     ] Leaving safepoint region
[2023-11-09T11:50:40.715+0000][2914.197s][info ][safepoint     ] Total time for which application threads were stopped: 0.0017813 seconds, Stopping threads took: 0.0006824 seconds
[2023-11-09T11:50:41.716+0000][2915.198s][debug][safepoint     ] Safepoint synchronization initiated. (168 threads)
[2023-11-09T11:50:41.717+0000][2915.199s][info ][safepoint     ] Application time: 1.0016737 seconds
[2023-11-09T11:50:41.719+0000][2915.201s][info ][safepoint     ] Entering safepoint region: Cleanup
[2023-11-09T11:50:41.719+0000][2915.201s][info ][safepoint     ] Leaving safepoint region
[2023-11-09T11:50:41.720+0000][2915.202s][info ][safepoint     ] Total time for which application threads were stopped: 0.0012129 seconds, Stopping threads took: 0.0004958 seconds
[2023-11-09T11:50:42.720+0000][2916.202s][debug][safepoint     ] Safepoint synchronization initiated. (168 threads)
[2023-11-09T11:50:42.721+0000][2916.203s][info ][safepoint     ] Application time: 1.0009663 seconds
[2023-11-09T11:50:42.722+0000][2916.204s][info ][safepoint     ] Entering safepoint region: Cleanup
[2023-11-09T11:50:42.722+0000][2916.205s][info ][safepoint     ] Leaving safepoint region
[2023-11-09T11:50:42.723+0000][2916.205s][info ][safepoint     ] Total time for which application threads were stopped: 0.0011769 seconds, Stopping threads took: 0.0004728 seconds
[2023-11-09T11:50:43.723+0000][2917.206s][debug][safepoint     ] Safepoint synchronization initiated. (168 threads)
[2023-11-09T11:50:43.724+0000][2917.206s][info ][safepoint     ] Application time: 1.0009238 seconds
[2023-11-09T11:50:43.725+0000][2917.207s][info ][safepoint     ] Entering safepoint region: Cleanup
[2023-11-09T11:50:43.726+0000][2917.208s][info ][safepoint     ] Leaving safepoint region
[2023-11-09T11:50:43.726+0000][2917.208s][info ][safepoint     ] Total time for which application threads were stopped: 0.0013622 seconds, Stopping threads took: 0.0006240 seconds
[2023-11-09T11:50:44.727+0000][2918.209s][debug][safepoint     ] Safepoint synchronization initiated. (168 threads)
[2023-11-09T11:50:44.728+0000][2918.210s][info ][safepoint     ] Application time: 1.0014722 seconds
[2023-11-09T11:50:44.729+0000][2918.211s][info ][safepoint     ] Entering safepoint region: Cleanup
[2023-11-09T11:50:44.730+0000][2918.212s][info ][safepoint     ] Leaving safepoint region
[2023-11-09T11:50:44.731+0000][2918.213s][info ][safepoint     ] Total time for which application threads were stopped: 0.0017753 seconds, Stopping threads took: 0.0007538 seconds
[2023-11-09T11:50:45.732+0000][2919.214s][debug][safepoint     ] Safepoint synchronization initiated. (168 threads)
[2023-11-09T11:50:45.733+0000][2919.215s][info ][safepoint     ] Application time: 1.0012206 seconds
[2023-11-09T11:50:45.734+0000][2919.216s][info ][safepoint     ] Entering safepoint region: Cleanup
[2023-11-09T11:50:45.735+0000][2919.217s][info ][safepoint     ] Leaving safepoint region
[2023-11-09T11:50:45.735+0000][2919.217s][info ][safepoint     ] Total time for which application threads were stopped: 0.0014304 seconds, Stopping threads took: 0.0007163 seconds
[2023-11-09T11:50:46.736+0000][2920.218s][debug][safepoint     ] Safepoint synchronization initiated. (168 threads)
[2023-11-09T11:50:46.736+0000][2920.218s][info ][safepoint     ] Application time: 1.0006483 seconds
[2023-11-09T11:50:46.737+0000][2920.219s][debug][safepoint     ] ... found polling page return exception at pc = 0x00007fb4f1434f98, stub =0x00007fb4e8840600
[2023-11-09T11:50:46.737+0000][2920.219s][debug][safepoint     ] Waiting for 1 thread(s) to block
[2023-11-09T11:50:46.738+0000][2920.220s][info ][safepoint     ] Entering safepoint region: Cleanup
[2023-11-09T11:50:46.738+0000][2920.220s][info ][safepoint     ] Leaving safepoint region
[2023-11-09T11:50:46.739+0000][2920.221s][info ][safepoint     ] Total time for which application threads were stopped: 0.0020478 seconds, Stopping threads took: 0.0015079 seconds
[2023-11-09T11:50:47.739+0000][2921.221s][debug][safepoint     ] Safepoint synchronization initiated. (168 threads)
[2023-11-09T11:50:47.740+0000][2921.222s][info ][safepoint     ] Application time: 1.0007766 seconds
[2023-11-09T11:50:47.740+0000][2921.222s][info ][safepoint     ] Entering safepoint region: Cleanup
[2023-11-09T11:50:47.741+0000][2921.223s][info ][safepoint     ] Leaving safepoint region
[2023-11-09T11:50:47.741+0000][2921.223s][info ][safepoint     ] Total time for which application threads were stopped: 0.0008849 seconds, Stopping threads took: 0.0004106 seconds
[2023-11-09T11:50:48.742+0000][2922.224s][debug][safepoint     ] Safepoint synchronization initiated. (168 threads)
[2023-11-09T11:50:48.743+0000][2922.225s][info ][safepoint     ] Application time: 1.0012218 seconds
[2023-11-09T11:50:48.744+0000][2922.226s][info ][safepoint     ] Entering safepoint region: Cleanup
[2023-11-09T11:50:48.745+0000][2922.227s][info ][safepoint     ] Leaving safepoint region
[2023-11-09T11:50:48.745+0000][2922.227s][info ][safepoint     ] Total time for which application threads were stopped: 0.0017094 seconds, Stopping threads took: 0.0008780 seconds
[2023-11-09T11:50:49.746+0000][2923.228s][debug][safepoint     ] Safepoint synchronization initiated. (168 threads)
[2023-11-09T11:50:49.747+0000][2923.229s][info ][safepoint     ] Application time: 1.0013254 seconds
[2023-11-09T11:50:49.748+0000][2923.230s][info ][safepoint     ] Entering safepoint region: Cleanup
[2023-11-09T11:50:49.749+0000][2923.231s][info ][safepoint     ] Leaving safepoint region
[2023-11-09T11:50:49.750+0000][2923.232s][info ][safepoint     ] Total time for which application threads were stopped: 0.0020229 seconds, Stopping threads took: 0.0008597 seconds
[2023-11-09T11:50:50.751+0000][2924.233s][debug][safepoint     ] Safepoint synchronization initiated. (168 threads)
[2023-11-09T11:50:50.752+0000][2924.234s][info ][safepoint     ] Application time: 1.0009929 seconds
[2023-11-09T11:50:50.752+0000][2924.235s][info ][safepoint     ] Entering safepoint region: Cleanup
[2023-11-09T11:50:50.753+0000][2924.235s][info ][safepoint     ] Leaving safepoint region
[2023-11-09T11:50:50.754+0000][2924.236s][info ][safepoint     ] Total time for which application threads were stopped: 0.0011602 seconds, Stopping threads took: 0.0005190 seconds
[2023-11-09T11:50:51.754+0000][2925.236s][debug][safepoint     ] Safepoint synchronization initiated. (168 threads)
[2023-11-09T11:50:51.755+0000][2925.237s][info ][safepoint     ] Application time: 1.0008824 seconds
[2023-11-09T11:50:51.755+0000][2925.237s][info ][safepoint     ] Entering safepoint region: Cleanup
[2023-11-09T11:50:51.756+0000][2925.238s][info ][safepoint     ] Leaving safepoint region
[2023-11-09T11:50:51.756+0000][2925.239s][info ][safepoint     ] Total time for which application threads were stopped: 0.0011957 seconds, Stopping threads took: 0.0006155 seconds
[2023-11-09T11:50:52.757+0000][2926.239s][debug][safepoint     ] Safepoint synchronization initiated. (168 threads)
[2023-11-09T11:50:52.757+0000][2926.240s][info ][safepoint     ] Application time: 1.0005523 seconds
[2023-11-09T11:50:52.758+0000][2926.240s][info ][safepoint     ] Entering safepoint region: Cleanup
[2023-11-09T11:50:52.759+0000][2926.241s][info ][safepoint     ] Leaving safepoint region
[2023-11-09T11:50:52.759+0000][2926.241s][info ][safepoint     ] Total time for which application threads were stopped: 0.0010572 seconds, Stopping threads took: 0.0005199 seconds
[2023-11-09T11:50:53.759+0000][2927.242s][debug][safepoint     ] Safepoint synchronization initiated. (168 threads)
[2023-11-09T11:50:53.760+0000][2927.242s][info ][safepoint     ] Application time: 1.0007122 seconds
[2023-11-09T11:50:53.760+0000][2927.243s][info ][safepoint     ] Entering safepoint region: Cleanup
[2023-11-09T11:50:53.761+0000][2927.243s][info ][safepoint     ] Leaving safepoint region
[2023-11-09T11:50:53.761+0000][2927.244s][info ][safepoint     ] Total time for which application threads were stopped: 0.0009822 seconds, Stopping threads took: 0.0004523 seconds
[2023-11-09T11:50:54.762+0000][2928.244s][debug][safepoint     ] Safepoint synchronization initiated. (168 threads)
[2023-11-09T11:50:54.763+0000][2928.245s][info ][safepoint     ] Application time: 1.0012250 seconds
[2023-11-09T11:50:54.764+0000][2928.246s][info ][safepoint     ] Entering safepoint region: Cleanup
[2023-11-09T11:50:54.764+0000][2928.247s][info ][safepoint     ] Leaving safepoint region
[2023-11-09T11:50:54.765+0000][2928.247s][info ][safepoint     ] Total time for which application threads were stopped: 0.0012542 seconds, Stopping threads took: 0.0006366 seconds
[2023-11-09T11:50:55.766+0000][2929.248s][debug][safepoint     ] Safepoint synchronization initiated. (168 threads)
[2023-11-09T11:50:55.767+0000][2929.249s][info ][safepoint     ] Application time: 1.0012572 seconds
[2023-11-09T11:50:55.768+0000][2929.250s][info ][safepoint     ] Entering safepoint region: Cleanup
[2023-11-09T11:50:55.769+0000][2929.251s][info ][safepoint     ] Leaving safepoint region
[2023-11-09T11:50:55.770+0000][2929.252s][info ][safepoint     ] Total time for which application threads were stopped: 0.0016955 seconds, Stopping threads took: 0.0007145 seconds
[2023-11-09T11:50:56.770+0000][2930.253s][debug][safepoint     ] Safepoint synchronization initiated. (168 threads)
[2023-11-09T11:50:56.771+0000][2930.253s][info ][safepoint     ] Application time: 1.0006606 seconds
[2023-11-09T11:50:56.771+0000][2930.253s][info ][safepoint     ] Entering safepoint region: Cleanup
[2023-11-09T11:50:56.772+0000][2930.254s][info ][safepoint     ] Leaving safepoint region
[2023-11-09T11:50:56.772+0000][2930.254s][info ][safepoint     ] Total time for which application threads were stopped: 0.0008932 seconds, Stopping threads took: 0.0003851 seconds
[2023-11-09T11:50:57.773+0000][2931.255s][debug][safepoint     ] Safepoint synchronization initiated. (168 threads)
[2023-11-09T11:50:57.773+0000][2931.255s][info ][safepoint     ] Application time: 1.0005354 seconds
[2023-11-09T11:50:57.773+0000][2931.255s][info ][safepoint     ] Entering safepoint region: Cleanup
[2023-11-09T11:50:57.774+0000][2931.256s][info ][safepoint     ] Leaving safepoint region
[2023-11-09T11:50:57.774+0000][2931.256s][info ][safepoint     ] Total time for which application threads were stopped: 0.0007309 seconds, Stopping threads took: 0.0002742 seconds
[2023-11-09T11:50:58.774+0000][2932.257s][debug][safepoint     ] Safepoint synchronization initiated. (168 threads)
[2023-11-09T11:50:58.775+0000][2932.257s][info ][safepoint     ] Application time: 1.0009426 seconds
[2023-11-09T11:50:58.776+0000][2932.258s][info ][safepoint     ] Entering safepoint region: Cleanup
[2023-11-09T11:50:58.776+0000][2932.258s][info ][safepoint     ] Leaving safepoint region
[2023-11-09T11:50:58.777+0000][2932.259s][info ][safepoint     ] Total time for which application threads were stopped: 0.0012203 seconds, Stopping threads took: 0.0005106 seconds
[2023-11-09T11:50:59.777+0000][2933.260s][debug][safepoint     ] Safepoint synchronization initiated. (168 threads)
[2023-11-09T11:50:59.778+0000][2933.260s][info ][safepoint     ] Application time: 1.0010744 seconds
[2023-11-09T11:50:59.779+0000][2933.261s][info ][safepoint     ] Entering safepoint region: Cleanup
[2023-11-09T11:50:59.780+0000][2933.263s][info ][safepoint     ] Leaving safepoint region
[2023-11-09T11:50:59.781+0000][2933.263s][info ][safepoint     ] Total time for which application threads were stopped: 0.0019773 seconds, Stopping threads took: 0.0007926 seconds
[2023-11-09T11:51:00.782+0000][2934.264s][debug][safepoint     ] Safepoint synchronization initiated. (168 threads)
[2023-11-09T11:51:00.783+0000][2934.265s][info ][safepoint     ] Application time: 1.0009583 seconds
[2023-11-09T11:51:00.783+0000][2934.265s][info ][safepoint     ] Entering safepoint region: Cleanup
[2023-11-09T11:51:00.784+0000][2934.266s][info ][safepoint     ] Leaving safepoint region
[2023-11-09T11:51:00.785+0000][2934.267s][info ][safepoint     ] Total time for which application threads were stopped: 0.0017374 seconds, Stopping threads took: 0.0007407 seconds
[2023-11-09T11:51:01.786+0000][2935.268s][debug][safepoint     ] Safepoint synchronization initiated. (168 threads)
[2023-11-09T11:51:01.787+0000][2935.269s][info ][safepoint     ] Application time: 1.0010045 seconds
[2023-11-09T11:51:01.787+0000][2935.270s][info ][safepoint     ] Entering safepoint region: Cleanup
[2023-11-09T11:51:01.788+0000][2935.270s][info ][safepoint     ] Leaving safepoint region
[2023-11-09T11:51:01.789+0000][2935.271s][info ][safepoint     ] Total time for which application threads were stopped: 0.0012764 seconds, Stopping threads took: 0.0006582 seconds
[2023-11-09T11:51:02.789+0000][2936.272s][debug][safepoint     ] Safepoint synchronization initiated. (168 threads)
[2023-11-09T11:51:02.790+0000][2936.272s][info ][safepoint     ] Application time: 1.0007942 seconds
[2023-11-09T11:51:02.791+0000][2936.273s][info ][safepoint     ] Entering safepoint region: Cleanup
[2023-11-09T11:51:02.791+0000][2936.273s][info ][safepoint     ] Leaving safepoint region
[2023-11-09T11:51:02.791+0000][2936.273s][info ][safepoint     ] Total time for which application threads were stopped: 0.0008859 seconds, Stopping threads took: 0.0004144 seconds
[2023-11-09T11:51:03.792+0000][2937.274s][debug][safepoint     ] Safepoint synchronization initiated. (168 threads)
[2023-11-09T11:51:03.793+0000][2937.275s][info ][safepoint     ] Application time: 1.0012979 seconds
[2023-11-09T11:51:03.794+0000][2937.276s][info ][safepoint     ] Entering safepoint region: Cleanup
[2023-11-09T11:51:03.795+0000][2937.277s][info ][safepoint     ] Leaving safepoint region
[2023-11-09T11:51:03.795+0000][2937.277s][info ][safepoint     ] Total time for which application threads were stopped: 0.0015245 seconds, Stopping threads took: 0.0006879 seconds
[2023-11-09T11:51:04.796+0000][2938.278s][debug][safepoint     ] Safepoint synchronization initiated. (168 threads)
[2023-11-09T11:51:04.797+0000][2938.279s][info ][safepoint     ] Application time: 1.0010076 seconds
[2023-11-09T11:51:04.798+0000][2938.280s][info ][safepoint     ] Entering safepoint region: Cleanup
[2023-11-09T11:51:04.798+0000][2938.281s][info ][safepoint     ] Leaving safepoint region
[2023-11-09T11:51:04.799+0000][2938.281s][info ][safepoint     ] Total time for which application threads were stopped: 0.0013465 seconds, Stopping threads took: 0.0005341 seconds
[2023-11-09T11:51:05.800+0000][2939.282s][debug][safepoint     ] Safepoint synchronization initiated. (168 threads)
[2023-11-09T11:51:05.801+0000][2939.284s][info ][safepoint     ] Application time: 1.0018318 seconds
[2023-11-09T11:51:05.803+0000][2939.285s][info ][safepoint     ] Entering safepoint region: Cleanup
[2023-11-09T11:51:05.804+0000][2939.286s][info ][safepoint     ] Leaving safepoint region
[2023-11-09T11:51:05.805+0000][2939.287s][info ][safepoint     ] Total time for which application threads were stopped: 0.0017846 seconds, Stopping threads took: 0.0008416 seconds
[2023-11-09T11:51:06.805+0000][2940.287s][debug][safepoint     ] Safepoint synchronization initiated. (168 threads)
[2023-11-09T11:51:06.806+0000][2940.288s][info ][safepoint     ] Application time: 1.0010169 seconds
[2023-11-09T11:51:06.807+0000][2940.289s][info ][safepoint     ] Entering safepoint region: Cleanup
[2023-11-09T11:51:06.808+0000][2940.290s][info ][safepoint     ] Leaving safepoint region
[2023-11-09T11:51:06.809+0000][2940.291s][info ][safepoint     ] Total time for which application threads were stopped: 0.0017913 seconds, Stopping threads took: 0.0008937 seconds
[2023-11-09T11:51:07.810+0000][2941.292s][debug][safepoint     ] Safepoint synchronization initiated. (168 threads)
[2023-11-09T11:51:07.811+0000][2941.293s][info ][safepoint     ] Application time: 1.0011716 seconds
[2023-11-09T11:51:07.812+0000][2941.294s][info ][safepoint     ] Entering safepoint region: Cleanup
[2023-11-09T11:51:07.812+0000][2941.295s][info ][safepoint     ] Leaving safepoint region
[2023-11-09T11:51:07.813+0000][2941.295s][info ][safepoint     ] Total time for which application threads were stopped: 0.0014678 seconds, Stopping threads took: 0.0007267 seconds
[2023-11-09T11:51:08.814+0000][2942.296s][debug][safepoint     ] Safepoint synchronization initiated. (168 threads)
[2023-11-09T11:51:08.814+0000][2942.296s][info ][safepoint     ] Application time: 1.0006491 seconds
[2023-11-09T11:51:08.815+0000][2942.297s][info ][safepoint     ] Entering safepoint region: Cleanup
[2023-11-09T11:51:08.815+0000][2942.297s][info ][safepoint     ] Leaving safepoint region
[2023-11-09T11:51:08.815+0000][2942.297s][info ][safepoint     ] Total time for which application threads were stopped: 0.0008156 seconds, Stopping threads took: 0.0003228 seconds
[2023-11-09T11:51:09.816+0000][2943.298s][debug][safepoint     ] Safepoint synchronization initiated. (168 threads)
[2023-11-09T11:51:09.817+0000][2943.299s][info ][safepoint     ] Application time: 1.0012485 seconds
[2023-11-09T11:51:09.818+0000][2943.300s][info ][safepoint     ] Entering safepoint region: Cleanup
[2023-11-09T11:51:09.819+0000][2943.301s][info ][safepoint     ] Leaving safepoint region
[2023-11-09T11:51:09.820+0000][2943.302s][info ][safepoint     ] Total time for which application threads were stopped: 0.0018435 seconds, Stopping threads took: 0.0008502 seconds
[2023-11-09T11:51:10.660+0000][2944.142s][debug][safepoint     ] Safepoint synchronization initiated. (168 threads)
[2023-11-09T11:51:10.661+0000][2944.143s][info ][safepoint     ] Application time: 0.8402121 seconds
[2023-11-09T11:51:10.661+0000][2944.143s][info ][safepoint     ] Entering safepoint region: G1CollectForAllocation
[2023-11-09T11:51:10.662+0000][2944.144s][info ][gc,start      ] GC(77) Pause Young (Normal) (G1 Evacuation Pause)
[2023-11-09T11:51:10.662+0000][2944.144s][info ][gc,task       ] GC(77) Using 8 workers of 8 for evacuation
[2023-11-09T11:51:10.670+0000][2944.152s][info ][gc,phases     ] GC(77)   Pre Evacuate Collection Set: 0.1ms
[2023-11-09T11:51:10.670+0000][2944.152s][info ][gc,phases     ] GC(77)   Evacuate Collection Set: 2.3ms
[2023-11-09T11:51:10.671+0000][2944.153s][info ][gc,phases     ] GC(77)   Post Evacuate Collection Set: 4.7ms
[2023-11-09T11:51:10.671+0000][2944.153s][info ][gc,phases     ] GC(77)   Other: 1.0ms
[2023-11-09T11:51:10.671+0000][2944.153s][info ][gc,heap       ] GC(77) Eden regions: 193->0(193)
[2023-11-09T11:51:10.672+0000][2944.154s][info ][gc,heap       ] GC(77) Survivor regions: 2->2(25)
[2023-11-09T11:51:10.672+0000][2944.154s][info ][gc,heap       ] GC(77) Old regions: 155->155
[2023-11-09T11:51:10.673+0000][2944.155s][info ][gc,heap       ] GC(77) Humongous regions: 0->0
[2023-11-09T11:51:10.673+0000][2944.155s][info ][gc,metaspace  ] GC(77) Metaspace: 160264K(165584K)->160264K(165584K) NonClass: 141618K(144848K)->141618K(144848K) Class: 18646K(20736K)->18646K(20736K)
[2023-11-09T11:51:10.673+0000][2944.155s][info ][gc            ] GC(77) Pause Young (Normal) (G1 Evacuation Pause) 347M->154M(395M) 11.649ms
[2023-11-09T11:51:10.674+0000][2944.156s][info ][gc,cpu        ] GC(77) User=0.04s Sys=0.00s Real=0.01s
[2023-11-09T11:51:10.674+0000][2944.156s][info ][safepoint     ] Leaving safepoint region
[2023-11-09T11:51:10.674+0000][2944.156s][info ][safepoint     ] Total time for which application threads were stopped: 0.0134010 seconds, Stopping threads took: 0.0004220 seconds
[2023-11-09T11:51:10.675+0000][2944.157s][info ][gc,stringdedup] Concurrent String Deduplication (2944.157s)
[2023-11-09T11:51:10.675+0000][2944.157s][info ][gc,stringdedup] Concurrent String Deduplication 0.0B->0.0B(0.0B) avg 54.4% (2944.157s, 2944.157s) 0.420ms
[2023-11-09T11:51:11.675+0000][2945.157s][debug][safepoint     ] Safepoint synchronization initiated. (168 threads)
[2023-11-09T11:51:11.676+0000][2945.158s][info ][safepoint     ] Application time: 1.0012579 seconds
[2023-11-09T11:51:11.677+0000][2945.159s][info ][safepoint     ] Entering safepoint region: Cleanup
[2023-11-09T11:51:11.678+0000][2945.160s][info ][safepoint     ] Leaving safepoint region
[2023-11-09T11:51:11.678+0000][2945.160s][info ][safepoint     ] Total time for which application threads were stopped: 0.0016001 seconds, Stopping threads took: 0.0007410 seconds
[2023-11-09T11:51:12.679+0000][2946.161s][debug][safepoint     ] Safepoint synchronization initiated. (168 threads)
[2023-11-09T11:51:12.680+0000][2946.162s][info ][safepoint     ] Application time: 1.0008642 seconds
[2023-11-09T11:51:12.680+0000][2946.162s][info ][safepoint     ] Entering safepoint region: Cleanup
[2023-11-09T11:51:12.681+0000][2946.163s][info ][safepoint     ] Leaving safepoint region
[2023-11-09T11:51:12.681+0000][2946.163s][info ][safepoint     ] Total time for which application threads were stopped: 0.0012939 seconds, Stopping threads took: 0.0004629 seconds
[2023-11-09T11:51:13.682+0000][2947.164s][debug][safepoint     ] Safepoint synchronization initiated. (168 threads)
[2023-11-09T11:51:13.682+0000][2947.164s][info ][safepoint     ] Application time: 1.0006374 seconds
[2023-11-09T11:51:13.683+0000][2947.165s][info ][safepoint     ] Entering safepoint region: Cleanup
[2023-11-09T11:51:13.683+0000][2947.165s][info ][safepoint     ] Leaving safepoint region
[2023-11-09T11:51:13.683+0000][2947.166s][info ][safepoint     ] Total time for which application threads were stopped: 0.0007830 seconds, Stopping threads took: 0.0003196 seconds
[2023-11-09T11:51:14.684+0000][2948.166s][debug][safepoint     ] Safepoint synchronization initiated. (168 threads)
[2023-11-09T11:51:14.684+0000][2948.166s][info ][safepoint     ] Application time: 1.0005283 seconds
[2023-11-09T11:51:14.685+0000][2948.167s][info ][safepoint     ] Entering safepoint region: Cleanup
[2023-11-09T11:51:14.685+0000][2948.167s][info ][safepoint     ] Leaving safepoint region
[2023-11-09T11:51:14.685+0000][2948.167s][info ][safepoint     ] Total time for which application threads were stopped: 0.0007564 seconds, Stopping threads took: 0.0003357 seconds
[2023-11-09T11:51:15.686+0000][2949.168s][debug][safepoint     ] Safepoint synchronization initiated. (168 threads)
[2023-11-09T11:51:15.687+0000][2949.169s][info ][safepoint     ] Application time: 1.0010222 seconds
[2023-11-09T11:51:15.687+0000][2949.169s][info ][safepoint     ] Entering safepoint region: Cleanup
[2023-11-09T11:51:15.688+0000][2949.170s][info ][safepoint     ] Leaving safepoint region
[2023-11-09T11:51:15.689+0000][2949.171s][info ][safepoint     ] Total time for which application threads were stopped: 0.0016784 seconds, Stopping threads took: 0.0007692 seconds
[2023-11-09T11:51:16.690+0000][2950.172s][debug][safepoint     ] Safepoint synchronization initiated. (168 threads)
[2023-11-09T11:51:16.690+0000][2950.173s][info ][safepoint     ] Application time: 1.0006743 seconds
[2023-11-09T11:51:16.691+0000][2950.173s][info ][safepoint     ] Entering safepoint region: Cleanup
[2023-11-09T11:51:16.691+0000][2950.173s][info ][safepoint     ] Leaving safepoint region
[2023-11-09T11:51:16.692+0000][2950.174s][info ][safepoint     ] Total time for which application threads were stopped: 0.0007751 seconds, Stopping threads took: 0.0003390 seconds
[2023-11-09T11:51:17.692+0000][2951.174s][debug][safepoint     ] Safepoint synchronization initiated. (168 threads)
[2023-11-09T11:51:17.693+0000][2951.175s][info ][safepoint     ] Application time: 1.0007713 seconds
[2023-11-09T11:51:17.693+0000][2951.175s][info ][safepoint     ] Entering safepoint region: Cleanup
[2023-11-09T11:51:17.694+0000][2951.176s][info ][safepoint     ] Leaving safepoint region
[2023-11-09T11:51:17.694+0000][2951.176s][info ][safepoint     ] Total time for which application threads were stopped: 0.0009136 seconds, Stopping threads took: 0.0003935 seconds
[2023-11-09T11:51:18.694+0000][2952.177s][debug][safepoint     ] Safepoint synchronization initiated. (168 threads)
[2023-11-09T11:51:18.695+0000][2952.177s][info ][safepoint     ] Application time: 1.0008751 seconds
[2023-11-09T11:51:18.696+0000][2952.178s][info ][safepoint     ] Entering safepoint region: Cleanup
[2023-11-09T11:51:18.696+0000][2952.178s][info ][safepoint     ] Leaving safepoint region
[2023-11-09T11:51:18.697+0000][2952.179s][info ][safepoint     ] Total time for which application threads were stopped: 0.0011775 seconds, Stopping threads took: 0.0004735 seconds
[2023-11-09T11:51:19.698+0000][2953.180s][debug][safepoint     ] Safepoint synchronization initiated. (168 threads)
[2023-11-09T11:51:19.698+0000][2953.180s][info ][safepoint     ] Application time: 1.0009176 seconds
[2023-11-09T11:51:19.699+0000][2953.181s][info ][safepoint     ] Entering safepoint region: Cleanup
[2023-11-09T11:51:19.700+0000][2953.182s][info ][safepoint     ] Leaving safepoint region
[2023-11-09T11:51:19.700+0000][2953.182s][info ][safepoint     ] Total time for which application threads were stopped: 0.0010731 seconds, Stopping threads took: 0.0004731 seconds
[2023-11-09T11:51:20.701+0000][2954.183s][debug][safepoint     ] Safepoint synchronization initiated. (168 threads)
[2023-11-09T11:51:20.701+0000][2954.183s][info ][safepoint     ] Application time: 1.0008393 seconds
[2023-11-09T11:51:20.702+0000][2954.184s][info ][safepoint     ] Entering safepoint region: Cleanup
[2023-11-09T11:51:20.702+0000][2954.185s][info ][safepoint     ] Leaving safepoint region
[2023-11-09T11:51:20.703+0000][2954.185s][info ][safepoint     ] Total time for which application threads were stopped: 0.0011510 seconds, Stopping threads took: 0.0004953 seconds
[2023-11-09T11:51:21.704+0000][2955.186s][debug][safepoint     ] Safepoint synchronization initiated. (168 threads)
[2023-11-09T11:51:21.704+0000][2955.186s][info ][safepoint     ] Application time: 1.0009597 seconds
[2023-11-09T11:51:21.705+0000][2955.187s][info ][safepoint     ] Entering safepoint region: Cleanup
[2023-11-09T11:51:21.706+0000][2955.188s][info ][safepoint     ] Leaving safepoint region
[2023-11-09T11:51:21.706+0000][2955.188s][info ][safepoint     ] Total time for which application threads were stopped: 0.0009512 seconds, Stopping threads took: 0.0004073 seconds
[2023-11-09T11:51:22.706+0000][2956.188s][debug][safepoint     ] Safepoint synchronization initiated. (168 threads)
[2023-11-09T11:51:22.707+0000][2956.189s][info ][safepoint     ] Application time: 1.0004672 seconds
[2023-11-09T11:51:22.707+0000][2956.189s][info ][safepoint     ] Entering safepoint region: Cleanup
[2023-11-09T11:51:22.707+0000][2956.189s][info ][safepoint     ] Leaving safepoint region
[2023-11-09T11:51:22.708+0000][2956.190s][info ][safepoint     ] Total time for which application threads were stopped: 0.0007203 seconds, Stopping threads took: 0.0002847 seconds
[2023-11-09T11:51:23.708+0000][2957.190s][debug][safepoint     ] Safepoint synchronization initiated. (168 threads)
[2023-11-09T11:51:23.709+0000][2957.191s][info ][safepoint     ] Application time: 1.0006446 seconds
[2023-11-09T11:51:23.709+0000][2957.191s][info ][safepoint     ] Entering safepoint region: Cleanup
[2023-11-09T11:51:23.710+0000][2957.192s][info ][safepoint     ] Leaving safepoint region
[2023-11-09T11:51:23.710+0000][2957.192s][info ][safepoint     ] Total time for which application threads were stopped: 0.0007192 seconds, Stopping threads took: 0.0003014 seconds
[2023-11-09T11:51:24.710+0000][2958.192s][debug][safepoint     ] Safepoint synchronization initiated. (168 threads)
[2023-11-09T11:51:24.711+0000][2958.193s][info ][safepoint     ] Application time: 1.0006898 seconds
[2023-11-09T11:51:24.711+0000][2958.193s][info ][safepoint     ] Entering safepoint region: Cleanup
[2023-11-09T11:51:24.712+0000][2958.194s][info ][safepoint     ] Leaving safepoint region
[2023-11-09T11:51:24.712+0000][2958.194s][info ][safepoint     ] Total time for which application threads were stopped: 0.0010832 seconds, Stopping threads took: 0.0004616 seconds
[2023-11-09T11:51:25.713+0000][2959.195s][debug][safepoint     ] Safepoint synchronization initiated. (168 threads)
[2023-11-09T11:51:25.714+0000][2959.196s][info ][safepoint     ] Application time: 1.0011743 seconds
[2023-11-09T11:51:25.715+0000][2959.197s][info ][safepoint     ] Entering safepoint region: Cleanup
[2023-11-09T11:51:25.716+0000][2959.198s][info ][safepoint     ] Leaving safepoint region
[2023-11-09T11:51:25.716+0000][2959.199s][info ][safepoint     ] Total time for which application threads were stopped: 0.0017566 seconds, Stopping threads took: 0.0008175 seconds
[2023-11-09T11:51:26.717+0000][2960.199s][debug][safepoint     ] Safepoint synchronization initiated. (168 threads)
[2023-11-09T11:51:26.718+0000][2960.200s][info ][safepoint     ] Application time: 1.0011089 seconds
[2023-11-09T11:51:26.719+0000][2960.201s][info ][safepoint     ] Entering safepoint region: Cleanup
[2023-11-09T11:51:26.720+0000][2960.202s][info ][safepoint     ] Leaving safepoint region
[2023-11-09T11:51:26.720+0000][2960.203s][info ][safepoint     ] Total time for which application threads were stopped: 0.0015698 seconds, Stopping threads took: 0.0007468 seconds
[2023-11-09T11:51:27.721+0000][2961.203s][debug][safepoint     ] Safepoint synchronization initiated. (168 threads)
[2023-11-09T11:51:27.722+0000][2961.204s][info ][safepoint     ] Application time: 1.0008255 seconds
[2023-11-09T11:51:27.723+0000][2961.205s][info ][safepoint     ] Entering safepoint region: Cleanup
[2023-11-09T11:51:27.723+0000][2961.205s][info ][safepoint     ] Leaving safepoint region
[2023-11-09T11:51:27.724+0000][2961.206s][info ][safepoint     ] Total time for which application threads were stopped: 0.0014306 seconds, Stopping threads took: 0.0006433 seconds
[2023-11-09T11:51:28.725+0000][2962.207s][debug][safepoint     ] Safepoint synchronization initiated. (168 threads)
[2023-11-09T11:51:28.726+0000][2962.208s][info ][safepoint     ] Application time: 1.0012833 seconds
[2023-11-09T11:51:28.727+0000][2962.209s][info ][safepoint     ] Entering safepoint region: Cleanup
[2023-11-09T11:51:28.728+0000][2962.210s][info ][safepoint     ] Leaving safepoint region
[2023-11-09T11:51:28.728+0000][2962.211s][info ][safepoint     ] Total time for which application threads were stopped: 0.0017406 seconds, Stopping threads took: 0.0008509 seconds
[2023-11-09T11:51:29.729+0000][2963.211s][debug][safepoint     ] Safepoint synchronization initiated. (168 threads)
[2023-11-09T11:51:29.731+0000][2963.213s][info ][safepoint     ] Application time: 1.0014882 seconds
[2023-11-09T11:51:29.732+0000][2963.214s][info ][safepoint     ] Entering safepoint region: Cleanup
[2023-11-09T11:51:29.733+0000][2963.215s][info ][safepoint     ] Leaving safepoint region
[2023-11-09T11:51:29.733+0000][2963.215s][info ][safepoint     ] Total time for which application threads were stopped: 0.0012311 seconds, Stopping threads took: 0.0005685 seconds
[2023-11-09T11:51:30.734+0000][2964.216s][debug][safepoint     ] Safepoint synchronization initiated. (168 threads)
[2023-11-09T11:51:30.735+0000][2964.217s][info ][safepoint     ] Application time: 1.0011886 seconds
[2023-11-09T11:51:30.736+0000][2964.218s][info ][safepoint     ] Entering safepoint region: Cleanup
[2023-11-09T11:51:30.737+0000][2964.219s][info ][safepoint     ] Leaving safepoint region
[2023-11-09T11:51:30.737+0000][2964.219s][info ][safepoint     ] Total time for which application threads were stopped: 0.0016989 seconds, Stopping threads took: 0.0006886 seconds
[2023-11-09T11:51:31.738+0000][2965.220s][debug][safepoint     ] Safepoint synchronization initiated. (168 threads)
[2023-11-09T11:51:31.739+0000][2965.221s][info ][safepoint     ] Application time: 1.0006984 seconds
[2023-11-09T11:51:31.739+0000][2965.221s][info ][safepoint     ] Entering safepoint region: Cleanup
[2023-11-09T11:51:31.740+0000][2965.222s][info ][safepoint     ] Leaving safepoint region
[2023-11-09T11:51:31.740+0000][2965.222s][info ][safepoint     ] Total time for which application threads were stopped: 0.0010071 seconds, Stopping threads took: 0.0004173 seconds
[2023-11-09T11:51:32.741+0000][2966.223s][debug][safepoint     ] Safepoint synchronization initiated. (168 threads)
[2023-11-09T11:51:32.741+0000][2966.223s][info ][safepoint     ] Application time: 1.0008850 seconds
[2023-11-09T11:51:32.742+0000][2966.224s][info ][safepoint     ] Entering safepoint region: Cleanup
[2023-11-09T11:51:32.743+0000][2966.225s][info ][safepoint     ] Leaving safepoint region
[2023-11-09T11:51:32.743+0000][2966.225s][info ][safepoint     ] Total time for which application threads were stopped: 0.0012693 seconds, Stopping threads took: 0.0005462 seconds
[2023-11-09T11:51:33.744+0000][2967.226s][debug][safepoint     ] Safepoint synchronization initiated. (168 threads)
[2023-11-09T11:51:33.748+0000][2967.230s][info ][safepoint     ] Application time: 1.0038618 seconds
[2023-11-09T11:51:33.755+0000][2967.237s][info ][safepoint     ] Entering safepoint region: Cleanup
[2023-11-09T11:51:33.760+0000][2967.242s][info ][safepoint     ] Leaving safepoint region
[2023-11-09T11:51:33.762+0000][2967.244s][info ][safepoint     ] Total time for which application threads were stopped: 0.0068576 seconds, Stopping threads took: 0.0048741 seconds
[2023-11-09T11:51:34.764+0000][2968.246s][debug][safepoint     ] Safepoint synchronization initiated. (168 threads)
[2023-11-09T11:51:34.765+0000][2968.247s][info ][safepoint     ] Application time: 1.0008708 seconds
[2023-11-09T11:51:34.765+0000][2968.247s][info ][safepoint     ] Entering safepoint region: Cleanup
[2023-11-09T11:51:34.766+0000][2968.248s][info ][safepoint     ] Leaving safepoint region
[2023-11-09T11:51:34.766+0000][2968.248s][info ][safepoint     ] Total time for which application threads were stopped: 0.0011657 seconds, Stopping threads took: 0.0004859 seconds
[2023-11-09T11:51:35.767+0000][2969.249s][debug][safepoint     ] Safepoint synchronization initiated. (168 threads)
[2023-11-09T11:51:35.768+0000][2969.250s][info ][safepoint     ] Application time: 1.0013931 seconds
[2023-11-09T11:51:35.769+0000][2969.251s][debug][safepoint     ] Waiting for 1 thread(s) to block
[2023-11-09T11:51:35.770+0000][2969.252s][info ][safepoint     ] Entering safepoint region: Cleanup
[2023-11-09T11:51:35.771+0000][2969.253s][info ][safepoint     ] Leaving safepoint region
[2023-11-09T11:51:35.772+0000][2969.254s][info ][safepoint     ] Total time for which application threads were stopped: 0.0029679 seconds, Stopping threads took: 0.0020197 seconds
[2023-11-09T11:51:36.773+0000][2970.255s][debug][safepoint     ] Safepoint synchronization initiated. (168 threads)
[2023-11-09T11:51:36.773+0000][2970.255s][info ][safepoint     ] Application time: 1.0005990 seconds
[2023-11-09T11:51:36.774+0000][2970.256s][info ][safepoint     ] Entering safepoint region: Cleanup
[2023-11-09T11:51:36.774+0000][2970.256s][info ][safepoint     ] Leaving safepoint region
[2023-11-09T11:51:36.775+0000][2970.257s][info ][safepoint     ] Total time for which application threads were stopped: 0.0010652 seconds, Stopping threads took: 0.0004177 seconds
[2023-11-09T11:51:37.775+0000][2971.257s][debug][safepoint     ] Safepoint synchronization initiated. (168 threads)
[2023-11-09T11:51:37.776+0000][2971.258s][info ][safepoint     ] Application time: 1.0007091 seconds
[2023-11-09T11:51:37.777+0000][2971.259s][info ][safepoint     ] Entering safepoint region: Cleanup
[2023-11-09T11:51:37.777+0000][2971.259s][info ][safepoint     ] Leaving safepoint region
[2023-11-09T11:51:37.778+0000][2971.260s][info ][safepoint     ] Total time for which application threads were stopped: 0.0012931 seconds, Stopping threads took: 0.0006948 seconds
[2023-11-09T11:51:38.779+0000][2972.261s][debug][safepoint     ] Safepoint synchronization initiated. (168 threads)
[2023-11-09T11:51:38.779+0000][2972.261s][info ][safepoint     ] Application time: 1.0007551 seconds
[2023-11-09T11:51:38.780+0000][2972.262s][info ][safepoint     ] Entering safepoint region: Cleanup
[2023-11-09T11:51:38.780+0000][2972.262s][info ][safepoint     ] Leaving safepoint region
[2023-11-09T11:51:38.781+0000][2972.263s][info ][safepoint     ] Total time for which application threads were stopped: 0.0010751 seconds, Stopping threads took: 0.0004500 seconds
[2023-11-09T11:51:39.781+0000][2973.263s][debug][safepoint     ] Safepoint synchronization initiated. (168 threads)
[2023-11-09T11:51:39.782+0000][2973.264s][info ][safepoint     ] Application time: 1.0008361 seconds
[2023-11-09T11:51:39.782+0000][2973.265s][info ][safepoint     ] Entering safepoint region: Cleanup
[2023-11-09T11:51:39.783+0000][2973.265s][info ][safepoint     ] Leaving safepoint region
[2023-11-09T11:51:39.783+0000][2973.266s][info ][safepoint     ] Total time for which application threads were stopped: 0.0010360 seconds, Stopping threads took: 0.0004852 seconds
[2023-11-09T11:51:40.784+0000][2974.266s][debug][safepoint     ] Safepoint synchronization initiated. (168 threads)
[2023-11-09T11:51:40.785+0000][2974.267s][info ][safepoint     ] Application time: 1.0010322 seconds
[2023-11-09T11:51:40.786+0000][2974.268s][info ][safepoint     ] Entering safepoint region: Cleanup
[2023-11-09T11:51:40.787+0000][2974.269s][info ][safepoint     ] Leaving safepoint region
[2023-11-09T11:51:40.787+0000][2974.270s][info ][safepoint     ] Total time for which application threads were stopped: 0.0018211 seconds, Stopping threads took: 0.0007348 seconds
[2023-11-09T11:51:41.788+0000][2975.271s][debug][safepoint     ] Safepoint synchronization initiated. (168 threads)
[2023-11-09T11:51:41.789+0000][2975.271s][info ][safepoint     ] Application time: 1.0006804 seconds
[2023-11-09T11:51:41.789+0000][2975.271s][info ][safepoint     ] Entering safepoint region: Cleanup
[2023-11-09T11:51:41.790+0000][2975.272s][info ][safepoint     ] Leaving safepoint region
[2023-11-09T11:51:41.791+0000][2975.273s][info ][safepoint     ] Total time for which application threads were stopped: 0.0013450 seconds, Stopping threads took: 0.0006467 seconds
[2023-11-09T11:51:42.791+0000][2976.273s][debug][safepoint     ] Safepoint synchronization initiated. (168 threads)
[2023-11-09T11:51:42.792+0000][2976.274s][info ][safepoint     ] Application time: 1.0009042 seconds
[2023-11-09T11:51:42.793+0000][2976.275s][info ][safepoint     ] Entering safepoint region: Cleanup
[2023-11-09T11:51:42.793+0000][2976.276s][info ][safepoint     ] Leaving safepoint region
[2023-11-09T11:51:42.794+0000][2976.276s][info ][safepoint     ] Total time for which application threads were stopped: 0.0013734 seconds, Stopping threads took: 0.0006052 seconds
[2023-11-09T11:51:43.795+0000][2977.277s][debug][safepoint     ] Safepoint synchronization initiated. (168 threads)
[2023-11-09T11:51:43.795+0000][2977.277s][info ][safepoint     ] Application time: 1.0009304 seconds
[2023-11-09T11:51:43.796+0000][2977.278s][info ][safepoint     ] Entering safepoint region: Cleanup
[2023-11-09T11:51:43.797+0000][2977.279s][info ][safepoint     ] Leaving safepoint region
[2023-11-09T11:51:43.798+0000][2977.280s][info ][safepoint     ] Total time for which application threads were stopped: 0.0017239 seconds, Stopping threads took: 0.0006853 seconds
[2023-11-09T11:51:44.798+0000][2978.281s][debug][safepoint     ] Safepoint synchronization initiated. (168 threads)
[2023-11-09T11:51:44.799+0000][2978.281s][info ][safepoint     ] Application time: 1.0005112 seconds
[2023-11-09T11:51:44.799+0000][2978.281s][info ][safepoint     ] Entering safepoint region: Cleanup
[2023-11-09T11:51:44.800+0000][2978.282s][info ][safepoint     ] Leaving safepoint region
[2023-11-09T11:51:44.800+0000][2978.282s][info ][safepoint     ] Total time for which application threads were stopped: 0.0007511 seconds, Stopping threads took: 0.0002970 seconds
[2023-11-09T11:51:45.800+0000][2979.282s][debug][safepoint     ] Safepoint synchronization initiated. (168 threads)
[2023-11-09T11:51:45.801+0000][2979.283s][info ][safepoint     ] Application time: 1.0008837 seconds
[2023-11-09T11:51:45.802+0000][2979.284s][info ][safepoint     ] Entering safepoint region: Cleanup
[2023-11-09T11:51:45.803+0000][2979.285s][info ][safepoint     ] Leaving safepoint region
[2023-11-09T11:51:45.803+0000][2979.285s][info ][safepoint     ] Total time for which application threads were stopped: 0.0012819 seconds, Stopping threads took: 0.0005996 seconds
[2023-11-09T11:51:46.804+0000][2980.286s][debug][safepoint     ] Safepoint synchronization initiated. (168 threads)
[2023-11-09T11:51:46.804+0000][2980.287s][info ][safepoint     ] Application time: 1.0009496 seconds
[2023-11-09T11:51:46.805+0000][2980.287s][info ][safepoint     ] Entering safepoint region: Cleanup
[2023-11-09T11:51:46.806+0000][2980.288s][info ][safepoint     ] Leaving safepoint region
[2023-11-09T11:51:46.807+0000][2980.289s][info ][safepoint     ] Total time for which application threads were stopped: 0.0017494 seconds, Stopping threads took: 0.0007458 seconds
[2023-11-09T11:51:47.358+0000][2980.841s][debug][safepoint     ] Safepoint synchronization initiated. (168 threads)
[2023-11-09T11:51:47.359+0000][2980.841s][info ][safepoint     ] Application time: 0.5513346 seconds
[2023-11-09T11:51:47.359+0000][2980.842s][info ][safepoint     ] Entering safepoint region: ICBufferFull
[2023-11-09T11:51:47.360+0000][2980.842s][info ][safepoint     ] Leaving safepoint region
[2023-11-09T11:51:47.361+0000][2980.843s][info ][safepoint     ] Total time for which application threads were stopped: 0.0011048 seconds, Stopping threads took: 0.0003824 seconds
[2023-11-09T11:51:48.361+0000][2981.843s][debug][safepoint     ] Safepoint synchronization initiated. (169 threads)
[2023-11-09T11:51:48.362+0000][2981.844s][info ][safepoint     ] Application time: 1.0007390 seconds
[2023-11-09T11:51:48.362+0000][2981.844s][info ][safepoint     ] Entering safepoint region: Cleanup
[2023-11-09T11:51:48.363+0000][2981.845s][info ][safepoint     ] Leaving safepoint region
[2023-11-09T11:51:48.363+0000][2981.845s][info ][safepoint     ] Total time for which application threads were stopped: 0.0011051 seconds, Stopping threads took: 0.0004196 seconds
[2023-11-09T11:51:49.364+0000][2982.846s][debug][safepoint     ] Safepoint synchronization initiated. (169 threads)
[2023-11-09T11:51:49.364+0000][2982.846s][info ][safepoint     ] Application time: 1.0005748 seconds
[2023-11-09T11:51:49.365+0000][2982.847s][info ][safepoint     ] Entering safepoint region: Cleanup
[2023-11-09T11:51:49.365+0000][2982.847s][info ][safepoint     ] Leaving safepoint region
[2023-11-09T11:51:49.365+0000][2982.847s][info ][safepoint     ] Total time for which application threads were stopped: 0.0007883 seconds, Stopping threads took: 0.0003272 seconds
[2023-11-09T11:51:50.366+0000][2983.848s][debug][safepoint     ] Safepoint synchronization initiated. (169 threads)
[2023-11-09T11:51:50.366+0000][2983.848s][info ][safepoint     ] Application time: 1.0005720 seconds
[2023-11-09T11:51:50.367+0000][2983.849s][info ][safepoint     ] Entering safepoint region: Cleanup
[2023-11-09T11:51:50.367+0000][2983.849s][info ][safepoint     ] Leaving safepoint region
[2023-11-09T11:51:50.368+0000][2983.850s][info ][safepoint     ] Total time for which application threads were stopped: 0.0010929 seconds, Stopping threads took: 0.0003857 seconds
[2023-11-09T11:51:51.368+0000][2984.850s][debug][safepoint     ] Safepoint synchronization initiated. (169 threads)
[2023-11-09T11:51:51.369+0000][2984.851s][info ][safepoint     ] Application time: 1.0006029 seconds
[2023-11-09T11:51:51.369+0000][2984.852s][info ][safepoint     ] Entering safepoint region: Cleanup
[2023-11-09T11:51:51.370+0000][2984.852s][info ][safepoint     ] Leaving safepoint region
[2023-11-09T11:51:51.371+0000][2984.853s][info ][safepoint     ] Total time for which application threads were stopped: 0.0014190 seconds, Stopping threads took: 0.0006506 seconds
[2023-11-09T11:51:52.371+0000][2985.853s][debug][safepoint     ] Safepoint synchronization initiated. (169 threads)
[2023-11-09T11:51:52.372+0000][2985.854s][info ][safepoint     ] Application time: 1.0005681 seconds
[2023-11-09T11:51:52.372+0000][2985.854s][info ][safepoint     ] Entering safepoint region: Cleanup
[2023-11-09T11:51:52.373+0000][2985.855s][info ][safepoint     ] Leaving safepoint region
[2023-11-09T11:51:52.373+0000][2985.855s][info ][safepoint     ] Total time for which application threads were stopped: 0.0008161 seconds, Stopping threads took: 0.0003309 seconds
[2023-11-09T11:51:53.374+0000][2986.856s][debug][safepoint     ] Safepoint synchronization initiated. (168 threads)
[2023-11-09T11:51:53.374+0000][2986.856s][info ][safepoint     ] Application time: 1.0011327 seconds
[2023-11-09T11:51:53.375+0000][2986.857s][debug][safepoint     ] ... found polling page return exception at pc = 0x00007fb4f0a0f376, stub =0x00007fb4e8840600
[2023-11-09T11:51:53.375+0000][2986.857s][debug][safepoint     ] ... found polling page return exception at pc = 0x00007fb4f0d6dc84, stub =0x00007fb4e8840600
[2023-11-09T11:51:53.377+0000][2986.859s][debug][safepoint     ] Waiting for 2 thread(s) to block
[2023-11-09T11:51:53.378+0000][2986.860s][info ][safepoint     ] Entering safepoint region: Cleanup
[2023-11-09T11:51:53.379+0000][2986.861s][info ][safepoint     ] Leaving safepoint region
[2023-11-09T11:51:53.379+0000][2986.861s][info ][safepoint     ] Total time for which application threads were stopped: 0.0041992 seconds, Stopping threads took: 0.0033604 seconds
[2023-11-09T11:51:54.380+0000][2987.862s][debug][safepoint     ] Safepoint synchronization initiated. (168 threads)
[2023-11-09T11:51:54.380+0000][2987.863s][info ][safepoint     ] Application time: 1.0007337 seconds
[2023-11-09T11:51:54.381+0000][2987.863s][info ][safepoint     ] Entering safepoint region: Cleanup
[2023-11-09T11:51:54.381+0000][2987.863s][info ][safepoint     ] Leaving safepoint region
[2023-11-09T11:51:54.382+0000][2987.864s][info ][safepoint     ] Total time for which application threads were stopped: 0.0008747 seconds, Stopping threads took: 0.0003809 seconds
[2023-11-09T11:51:55.382+0000][2988.864s][debug][safepoint     ] Safepoint synchronization initiated. (168 threads)
[2023-11-09T11:51:55.383+0000][2988.865s][info ][safepoint     ] Application time: 1.0009558 seconds
[2023-11-09T11:51:55.383+0000][2988.866s][info ][safepoint     ] Entering safepoint region: Cleanup
[2023-11-09T11:51:55.384+0000][2988.866s][info ][safepoint     ] Leaving safepoint region
[2023-11-09T11:51:55.385+0000][2988.867s][info ][safepoint     ] Total time for which application threads were stopped: 0.0011754 seconds, Stopping threads took: 0.0005418 seconds
[2023-11-09T11:51:56.385+0000][2989.867s][debug][safepoint     ] Safepoint synchronization initiated. (168 threads)
[2023-11-09T11:51:56.385+0000][2989.868s][info ][safepoint     ] Application time: 1.0005539 seconds
[2023-11-09T11:51:56.386+0000][2989.868s][info ][safepoint     ] Entering safepoint region: Cleanup
[2023-11-09T11:51:56.386+0000][2989.869s][info ][safepoint     ] Leaving safepoint region
[2023-11-09T11:51:56.387+0000][2989.869s][info ][safepoint     ] Total time for which application threads were stopped: 0.0009344 seconds, Stopping threads took: 0.0004295 seconds
[2023-11-09T11:51:57.387+0000][2990.869s][debug][safepoint     ] Safepoint synchronization initiated. (168 threads)
[2023-11-09T11:51:57.388+0000][2990.870s][info ][safepoint     ] Application time: 1.0010800 seconds
[2023-11-09T11:51:57.389+0000][2990.871s][info ][safepoint     ] Entering safepoint region: Cleanup
[2023-11-09T11:51:57.390+0000][2990.872s][info ][safepoint     ] Leaving safepoint region
[2023-11-09T11:51:57.391+0000][2990.873s][info ][safepoint     ] Total time for which application threads were stopped: 0.0019612 seconds, Stopping threads took: 0.0008747 seconds
[2023-11-09T11:51:58.392+0000][2991.874s][debug][safepoint     ] Safepoint synchronization initiated. (168 threads)
[2023-11-09T11:51:58.392+0000][2991.874s][info ][safepoint     ] Application time: 1.0006789 seconds
[2023-11-09T11:51:58.393+0000][2991.875s][info ][safepoint     ] Entering safepoint region: Cleanup
[2023-11-09T11:51:58.393+0000][2991.875s][info ][safepoint     ] Leaving safepoint region
[2023-11-09T11:51:58.394+0000][2991.876s][info ][safepoint     ] Total time for which application threads were stopped: 0.0009316 seconds, Stopping threads took: 0.0004100 seconds
[2023-11-09T11:51:59.394+0000][2992.876s][debug][safepoint     ] Safepoint synchronization initiated. (168 threads)
[2023-11-09T11:51:59.395+0000][2992.877s][info ][safepoint     ] Application time: 1.0011976 seconds
[2023-11-09T11:51:59.396+0000][2992.878s][info ][safepoint     ] Entering safepoint region: Cleanup
[2023-11-09T11:51:59.397+0000][2992.879s][info ][safepoint     ] Leaving safepoint region
[2023-11-09T11:51:59.398+0000][2992.880s][info ][safepoint     ] Total time for which application threads were stopped: 0.0018699 seconds, Stopping threads took: 0.0008568 seconds
[2023-11-09T11:52:00.398+0000][2993.881s][debug][safepoint     ] Safepoint synchronization initiated. (168 threads)
[2023-11-09T11:52:00.399+0000][2993.881s][info ][safepoint     ] Application time: 1.0006959 seconds
[2023-11-09T11:52:00.400+0000][2993.882s][info ][safepoint     ] Entering safepoint region: Cleanup
[2023-11-09T11:52:00.400+0000][2993.882s][info ][safepoint     ] Leaving safepoint region
[2023-11-09T11:52:00.401+0000][2993.883s][info ][safepoint     ] Total time for which application threads were stopped: 0.0009999 seconds, Stopping threads took: 0.0004630 seconds
[2023-11-09T11:52:00.400+0000][2993.882s][debug][safepoint     ] ... found polling page return exception at pc = 0x00007fb4f0d6dc84, stub =0x00007fb4e8840600
[2023-11-09T11:52:00.400+0000][2993.882s][debug][safepoint     ] ... found polling page return exception at pc = 0x00007fb4f0d6dc84, stub =0x00007fb4e8840600
[2023-11-09T11:52:00.400+0000][2993.882s][debug][safepoint     ] ... found polling page return exception at pc = 0x00007fb4f0d6dc84, stub =0x00007fb4e8840600
[2023-11-09T11:52:01.401+0000][2994.883s][debug][safepoint     ] Safepoint synchronization initiated. (168 threads)
[2023-11-09T11:52:01.402+0000][2994.884s][info ][safepoint     ] Application time: 1.0008761 seconds
[2023-11-09T11:52:01.402+0000][2994.884s][info ][safepoint     ] Entering safepoint region: Cleanup
[2023-11-09T11:52:01.403+0000][2994.885s][info ][safepoint     ] Leaving safepoint region
[2023-11-09T11:52:01.403+0000][2994.885s][info ][safepoint     ] Total time for which application threads were stopped: 0.0010472 seconds, Stopping threads took: 0.0004384 seconds
[2023-11-09T11:52:02.404+0000][2995.886s][debug][safepoint     ] Safepoint synchronization initiated. (168 threads)
[2023-11-09T11:52:02.404+0000][2995.886s][info ][safepoint     ] Application time: 1.0006600 seconds
[2023-11-09T11:52:02.405+0000][2995.887s][info ][safepoint     ] Entering safepoint region: Cleanup
[2023-11-09T11:52:02.406+0000][2995.888s][info ][safepoint     ] Leaving safepoint region
[2023-11-09T11:52:02.406+0000][2995.888s][info ][safepoint     ] Total time for which application threads were stopped: 0.0012774 seconds, Stopping threads took: 0.0005726 seconds
[2023-11-09T11:52:03.407+0000][2996.889s][debug][safepoint     ] Safepoint synchronization initiated. (168 threads)
[2023-11-09T11:52:03.407+0000][2996.889s][info ][safepoint     ] Application time: 1.0007463 seconds
[2023-11-09T11:52:03.408+0000][2996.890s][info ][safepoint     ] Entering safepoint region: Cleanup
[2023-11-09T11:52:03.408+0000][2996.891s][info ][safepoint     ] Leaving safepoint region
[2023-11-09T11:52:03.409+0000][2996.891s][info ][safepoint     ] Total time for which application threads were stopped: 0.0010696 seconds, Stopping threads took: 0.0004780 seconds
[2023-11-09T11:52:04.409+0000][2997.892s][debug][safepoint     ] Safepoint synchronization initiated. (168 threads)
[2023-11-09T11:52:04.410+0000][2997.892s][info ][safepoint     ] Application time: 1.0007866 seconds
[2023-11-09T11:52:04.411+0000][2997.893s][info ][safepoint     ] Entering safepoint region: Cleanup
[2023-11-09T11:52:04.411+0000][2997.893s][info ][safepoint     ] Leaving safepoint region
[2023-11-09T11:52:04.412+0000][2997.894s][info ][safepoint     ] Total time for which application threads were stopped: 0.0010409 seconds, Stopping threads took: 0.0004170 seconds
[2023-11-09T11:52:05.412+0000][2998.894s][debug][safepoint     ] Safepoint synchronization initiated. (168 threads)
[2023-11-09T11:52:05.413+0000][2998.895s][info ][safepoint     ] Application time: 1.0010736 seconds
[2023-11-09T11:52:05.414+0000][2998.896s][info ][safepoint     ] Entering safepoint region: Cleanup
[2023-11-09T11:52:05.415+0000][2998.897s][info ][safepoint     ] Leaving safepoint region
[2023-11-09T11:52:05.416+0000][2998.898s][info ][safepoint     ] Total time for which application threads were stopped: 0.0017503 seconds, Stopping threads took: 0.0008086 seconds
[2023-11-09T11:52:06.417+0000][2999.899s][debug][safepoint     ] Safepoint synchronization initiated. (168 threads)
[2023-11-09T11:52:06.417+0000][2999.899s][info ][safepoint     ] Application time: 1.0008277 seconds
[2023-11-09T11:52:06.418+0000][2999.900s][info ][safepoint     ] Entering safepoint region: Cleanup
[2023-11-09T11:52:06.418+0000][2999.900s][info ][safepoint     ] Leaving safepoint region
[2023-11-09T11:52:06.418+0000][2999.901s][info ][safepoint     ] Total time for which application threads were stopped: 0.0009104 seconds, Stopping threads took: 0.0003524 seconds
[2023-11-09T11:52:07.419+0000][3000.901s][debug][safepoint     ] Safepoint synchronization initiated. (168 threads)
[2023-11-09T11:52:07.419+0000][3000.901s][info ][safepoint     ] Application time: 1.0005557 seconds
[2023-11-09T11:52:07.420+0000][3000.902s][info ][safepoint     ] Entering safepoint region: Cleanup
[2023-11-09T11:52:07.420+0000][3000.902s][info ][safepoint     ] Leaving safepoint region
[2023-11-09T11:52:07.420+0000][3000.902s][info ][safepoint     ] Total time for which application threads were stopped: 0.0007552 seconds, Stopping threads took: 0.0002931 seconds
[2023-11-09T11:52:08.421+0000][3001.903s][debug][safepoint     ] Safepoint synchronization initiated. (168 threads)
[2023-11-09T11:52:08.421+0000][3001.903s][info ][safepoint     ] Application time: 1.0006781 seconds
[2023-11-09T11:52:08.422+0000][3001.904s][info ][safepoint     ] Entering safepoint region: Cleanup
[2023-11-09T11:52:08.422+0000][3001.905s][info ][safepoint     ] Leaving safepoint region
[2023-11-09T11:52:08.423+0000][3001.905s][info ][safepoint     ] Total time for which application threads were stopped: 0.0009828 seconds, Stopping threads took: 0.0004334 seconds
[2023-11-09T11:52:09.423+0000][3002.906s][debug][safepoint     ] Safepoint synchronization initiated. (168 threads)
[2023-11-09T11:52:09.424+0000][3002.906s][info ][safepoint     ] Application time: 1.0006813 seconds
[2023-11-09T11:52:09.424+0000][3002.906s][info ][safepoint     ] Entering safepoint region: Cleanup
[2023-11-09T11:52:09.425+0000][3002.907s][info ][safepoint     ] Leaving safepoint region
[2023-11-09T11:52:09.425+0000][3002.908s][info ][safepoint     ] Total time for which application threads were stopped: 0.0010474 seconds, Stopping threads took: 0.0003874 seconds
[2023-11-09T11:52:10.426+0000][3003.908s][debug][safepoint     ] Safepoint synchronization initiated. (168 threads)
[2023-11-09T11:52:10.427+0000][3003.909s][info ][safepoint     ] Application time: 1.0009061 seconds
[2023-11-09T11:52:10.427+0000][3003.909s][info ][safepoint     ] Entering safepoint region: Cleanup
[2023-11-09T11:52:10.428+0000][3003.910s][info ][safepoint     ] Leaving safepoint region
[2023-11-09T11:52:10.429+0000][3003.911s][info ][safepoint     ] Total time for which application threads were stopped: 0.0016653 seconds, Stopping threads took: 0.0007039 seconds
[2023-11-09T11:52:11.430+0000][3004.912s][debug][safepoint     ] Safepoint synchronization initiated. (168 threads)
[2023-11-09T11:52:11.431+0000][3004.913s][info ][safepoint     ] Application time: 1.0011714 seconds
[2023-11-09T11:52:11.431+0000][3004.913s][info ][safepoint     ] Entering safepoint region: Cleanup
[2023-11-09T11:52:11.432+0000][3004.914s][info ][safepoint     ] Leaving safepoint region
[2023-11-09T11:52:11.433+0000][3004.915s][info ][safepoint     ] Total time for which application threads were stopped: 0.0015725 seconds, Stopping threads took: 0.0007060 seconds
[2023-11-09T11:52:12.434+0000][3005.916s][debug][safepoint     ] Safepoint synchronization initiated. (168 threads)
[2023-11-09T11:52:12.434+0000][3005.916s][info ][safepoint     ] Application time: 1.0006192 seconds
[2023-11-09T11:52:12.434+0000][3005.917s][info ][safepoint     ] Entering safepoint region: Cleanup
[2023-11-09T11:52:12.435+0000][3005.917s][info ][safepoint     ] Leaving safepoint region
[2023-11-09T11:52:12.435+0000][3005.917s][info ][safepoint     ] Total time for which application threads were stopped: 0.0008168 seconds, Stopping threads took: 0.0003302 seconds
[2023-11-09T11:52:13.436+0000][3006.918s][debug][safepoint     ] Safepoint synchronization initiated. (168 threads)
[2023-11-09T11:52:13.436+0000][3006.918s][info ][safepoint     ] Application time: 1.0007300 seconds
[2023-11-09T11:52:13.437+0000][3006.919s][info ][safepoint     ] Entering safepoint region: Cleanup
[2023-11-09T11:52:13.437+0000][3006.920s][info ][safepoint     ] Leaving safepoint region
[2023-11-09T11:52:13.438+0000][3006.920s][info ][safepoint     ] Total time for which application threads were stopped: 0.0011777 seconds, Stopping threads took: 0.0004885 seconds
[2023-11-09T11:52:14.439+0000][3007.921s][debug][safepoint     ] Safepoint synchronization initiated. (168 threads)
[2023-11-09T11:52:14.439+0000][3007.921s][info ][safepoint     ] Application time: 1.0006272 seconds
[2023-11-09T11:52:14.439+0000][3007.921s][info ][safepoint     ] Entering safepoint region: Cleanup
[2023-11-09T11:52:14.440+0000][3007.922s][info ][safepoint     ] Leaving safepoint region
[2023-11-09T11:52:14.440+0000][3007.922s][info ][safepoint     ] Total time for which application threads were stopped: 0.0008494 seconds, Stopping threads took: 0.0003362 seconds
[2023-11-09T11:52:15.441+0000][3008.923s][debug][safepoint     ] Safepoint synchronization initiated. (168 threads)
[2023-11-09T11:52:15.442+0000][3008.924s][info ][safepoint     ] Application time: 1.0010148 seconds
[2023-11-09T11:52:15.442+0000][3008.924s][info ][safepoint     ] Entering safepoint region: Cleanup
[2023-11-09T11:52:15.443+0000][3008.925s][info ][safepoint     ] Leaving safepoint region
[2023-11-09T11:52:15.443+0000][3008.925s][info ][safepoint     ] Total time for which application threads were stopped: 0.0009793 seconds, Stopping threads took: 0.0004382 seconds
[2023-11-09T11:52:16.444+0000][3009.926s][debug][safepoint     ] Safepoint synchronization initiated. (168 threads)
[2023-11-09T11:52:16.444+0000][3009.926s][info ][safepoint     ] Application time: 1.0006017 seconds
[2023-11-09T11:52:16.445+0000][3009.927s][info ][safepoint     ] Entering safepoint region: Cleanup
[2023-11-09T11:52:16.445+0000][3009.927s][info ][safepoint     ] Leaving safepoint region
[2023-11-09T11:52:16.445+0000][3009.928s][info ][safepoint     ] Total time for which application threads were stopped: 0.0009302 seconds, Stopping threads took: 0.0003955 seconds
[2023-11-09T11:52:17.446+0000][3010.928s][debug][safepoint     ] Safepoint synchronization initiated. (168 threads)
[2023-11-09T11:52:17.447+0000][3010.929s][info ][safepoint     ] Application time: 1.0007438 seconds
[2023-11-09T11:52:17.447+0000][3010.929s][info ][safepoint     ] Entering safepoint region: Cleanup
[2023-11-09T11:52:17.448+0000][3010.930s][info ][safepoint     ] Leaving safepoint region
[2023-11-09T11:52:17.448+0000][3010.930s][info ][safepoint     ] Total time for which application threads were stopped: 0.0012729 seconds, Stopping threads took: 0.0004938 seconds
[2023-11-09T11:52:18.449+0000][3011.931s][debug][safepoint     ] Safepoint synchronization initiated. (168 threads)
[2023-11-09T11:52:18.450+0000][3011.932s][info ][safepoint     ] Application time: 1.0008862 seconds
[2023-11-09T11:52:18.450+0000][3011.932s][info ][safepoint     ] Entering safepoint region: Cleanup
[2023-11-09T11:52:18.451+0000][3011.933s][info ][safepoint     ] Leaving safepoint region
[2023-11-09T11:52:18.451+0000][3011.934s][info ][safepoint     ] Total time for which application threads were stopped: 0.0012159 seconds, Stopping threads took: 0.0005286 seconds
[2023-11-09T11:52:19.452+0000][3012.934s][debug][safepoint     ] Safepoint synchronization initiated. (168 threads)
[2023-11-09T11:52:19.453+0000][3012.935s][info ][safepoint     ] Application time: 1.0011638 seconds
[2023-11-09T11:52:19.454+0000][3012.936s][info ][safepoint     ] Entering safepoint region: Cleanup
[2023-11-09T11:52:19.455+0000][3012.937s][info ][safepoint     ] Leaving safepoint region
[2023-11-09T11:52:19.455+0000][3012.937s][info ][safepoint     ] Total time for which application threads were stopped: 0.0014708 seconds, Stopping threads took: 0.0007190 seconds
[2023-11-09T11:52:20.456+0000][3013.938s][debug][safepoint     ] Safepoint synchronization initiated. (168 threads)
[2023-11-09T11:52:20.457+0000][3013.939s][info ][safepoint     ] Application time: 1.0009418 seconds
[2023-11-09T11:52:20.458+0000][3013.940s][info ][safepoint     ] Entering safepoint region: Cleanup
[2023-11-09T11:52:20.458+0000][3013.940s][info ][safepoint     ] Leaving safepoint region
[2023-11-09T11:52:20.459+0000][3013.941s][info ][safepoint     ] Total time for which application threads were stopped: 0.0012505 seconds, Stopping threads took: 0.0005296 seconds
[2023-11-09T11:52:21.459+0000][3014.941s][debug][safepoint     ] Safepoint synchronization initiated. (168 threads)
[2023-11-09T11:52:21.460+0000][3014.942s][info ][safepoint     ] Application time: 1.0007741 seconds
[2023-11-09T11:52:21.460+0000][3014.943s][info ][safepoint     ] Entering safepoint region: Cleanup
[2023-11-09T11:52:21.461+0000][3014.943s][info ][safepoint     ] Leaving safepoint region
[2023-11-09T11:52:21.462+0000][3014.944s][info ][safepoint     ] Total time for which application threads were stopped: 0.0010831 seconds, Stopping threads took: 0.0004783 seconds
[2023-11-09T11:52:22.462+0000][3015.944s][debug][safepoint     ] Safepoint synchronization initiated. (168 threads)
[2023-11-09T11:52:22.463+0000][3015.945s][info ][safepoint     ] Application time: 1.0012878 seconds
[2023-11-09T11:52:22.464+0000][3015.946s][info ][safepoint     ] Entering safepoint region: Cleanup
[2023-11-09T11:52:22.465+0000][3015.947s][info ][safepoint     ] Leaving safepoint region
[2023-11-09T11:52:22.466+0000][3015.948s][info ][safepoint     ] Total time for which application threads were stopped: 0.0016887 seconds, Stopping threads took: 0.0008607 seconds
[2023-11-09T11:52:23.467+0000][3016.949s][debug][safepoint     ] Safepoint synchronization initiated. (168 threads)
[2023-11-09T11:52:23.467+0000][3016.949s][info ][safepoint     ] Application time: 1.0006995 seconds
[2023-11-09T11:52:23.468+0000][3016.950s][info ][safepoint     ] Entering safepoint region: Cleanup
[2023-11-09T11:52:23.468+0000][3016.950s][info ][safepoint     ] Leaving safepoint region
[2023-11-09T11:52:23.469+0000][3016.951s][info ][safepoint     ] Total time for which application threads were stopped: 0.0010608 seconds, Stopping threads took: 0.0004719 seconds
[2023-11-09T11:52:24.469+0000][3017.951s][debug][safepoint     ] Safepoint synchronization initiated. (168 threads)
[2023-11-09T11:52:24.470+0000][3017.952s][info ][safepoint     ] Application time: 1.0006700 seconds
[2023-11-09T11:52:24.470+0000][3017.952s][info ][safepoint     ] Entering safepoint region: Cleanup
[2023-11-09T11:52:24.471+0000][3017.953s][info ][safepoint     ] Leaving safepoint region
[2023-11-09T11:52:24.471+0000][3017.953s][info ][safepoint     ] Total time for which application threads were stopped: 0.0011017 seconds, Stopping threads took: 0.0004145 seconds
[2023-11-09T11:52:25.472+0000][3018.954s][debug][safepoint     ] Safepoint synchronization initiated. (168 threads)
[2023-11-09T11:52:25.473+0000][3018.955s][info ][safepoint     ] Application time: 1.0012030 seconds
[2023-11-09T11:52:25.474+0000][3018.956s][info ][safepoint     ] Entering safepoint region: Cleanup
[2023-11-09T11:52:25.475+0000][3018.957s][info ][safepoint     ] Leaving safepoint region
[2023-11-09T11:52:25.476+0000][3018.958s][info ][safepoint     ] Total time for which application threads were stopped: 0.0018232 seconds, Stopping threads took: 0.0008462 seconds
[2023-11-09T11:52:26.477+0000][3019.959s][debug][safepoint     ] Safepoint synchronization initiated. (168 threads)
[2023-11-09T11:52:26.477+0000][3019.959s][info ][safepoint     ] Application time: 1.0007538 seconds
[2023-11-09T11:52:26.478+0000][3019.960s][info ][safepoint     ] Entering safepoint region: Cleanup
[2023-11-09T11:52:26.479+0000][3019.961s][info ][safepoint     ] Leaving safepoint region
[2023-11-09T11:52:26.479+0000][3019.961s][info ][safepoint     ] Total time for which application threads were stopped: 0.0013157 seconds, Stopping threads took: 0.0007115 seconds
[2023-11-09T11:52:27.479+0000][3020.961s][debug][safepoint     ] Safepoint synchronization initiated. (168 threads)
[2023-11-09T11:52:27.480+0000][3020.962s][info ][safepoint     ] Application time: 1.0004782 seconds
[2023-11-09T11:52:27.480+0000][3020.962s][info ][safepoint     ] Entering safepoint region: Cleanup
[2023-11-09T11:52:27.481+0000][3020.963s][info ][safepoint     ] Leaving safepoint region
[2023-11-09T11:52:27.481+0000][3020.963s][info ][safepoint     ] Total time for which application threads were stopped: 0.0007567 seconds, Stopping threads took: 0.0002920 seconds
[2023-11-09T11:52:28.481+0000][3021.963s][debug][safepoint     ] Safepoint synchronization initiated. (168 threads)
[2023-11-09T11:52:28.482+0000][3021.964s][info ][safepoint     ] Application time: 1.0006802 seconds
[2023-11-09T11:52:28.482+0000][3021.964s][info ][safepoint     ] Entering safepoint region: Cleanup
[2023-11-09T11:52:28.483+0000][3021.965s][info ][safepoint     ] Leaving safepoint region
[2023-11-09T11:52:28.483+0000][3021.965s][info ][safepoint     ] Total time for which application threads were stopped: 0.0010893 seconds, Stopping threads took: 0.0004195 seconds
[2023-11-09T11:52:29.484+0000][3022.966s][debug][safepoint     ] Safepoint synchronization initiated. (168 threads)
[2023-11-09T11:52:29.484+0000][3022.966s][info ][safepoint     ] Application time: 1.0005606 seconds
[2023-11-09T11:52:29.485+0000][3022.967s][info ][safepoint     ] Entering safepoint region: Cleanup
[2023-11-09T11:52:29.485+0000][3022.968s][info ][safepoint     ] Leaving safepoint region
[2023-11-09T11:52:29.486+0000][3022.968s][info ][safepoint     ] Total time for which application threads were stopped: 0.0011227 seconds, Stopping threads took: 0.0004131 seconds
[2023-11-09T11:52:30.486+0000][3023.969s][debug][safepoint     ] Safepoint synchronization initiated. (168 threads)
[2023-11-09T11:52:30.487+0000][3023.970s][info ][safepoint     ] Application time: 1.0011238 seconds
[2023-11-09T11:52:30.488+0000][3023.971s][info ][safepoint     ] Entering safepoint region: Cleanup
[2023-11-09T11:52:30.489+0000][3023.971s][info ][safepoint     ] Leaving safepoint region
[2023-11-09T11:52:30.490+0000][3023.972s][info ][safepoint     ] Total time for which application threads were stopped: 0.0012345 seconds, Stopping threads took: 0.0005380 seconds
[2023-11-09T11:52:31.490+0000][3024.972s][debug][safepoint     ] Safepoint synchronization initiated. (168 threads)
[2023-11-09T11:52:31.491+0000][3024.973s][info ][safepoint     ] Application time: 1.0009537 seconds
[2023-11-09T11:52:31.492+0000][3024.974s][info ][safepoint     ] Entering safepoint region: Cleanup
[2023-11-09T11:52:31.492+0000][3024.975s][info ][safepoint     ] Leaving safepoint region
[2023-11-09T11:52:31.493+0000][3024.975s][info ][safepoint     ] Total time for which application threads were stopped: 0.0015471 seconds, Stopping threads took: 0.0006785 seconds
[2023-11-09T11:52:32.494+0000][3025.976s][debug][safepoint     ] Safepoint synchronization initiated. (168 threads)
[2023-11-09T11:52:32.494+0000][3025.976s][info ][safepoint     ] Application time: 1.0006158 seconds
[2023-11-09T11:52:32.495+0000][3025.977s][info ][safepoint     ] Entering safepoint region: Cleanup
[2023-11-09T11:52:32.495+0000][3025.977s][info ][safepoint     ] Leaving safepoint region
[2023-11-09T11:52:32.496+0000][3025.978s][info ][safepoint     ] Total time for which application threads were stopped: 0.0007651 seconds, Stopping threads took: 0.0003232 seconds
[2023-11-09T11:52:33.496+0000][3026.978s][debug][safepoint     ] Safepoint synchronization initiated. (168 threads)
[2023-11-09T11:52:33.497+0000][3026.979s][info ][safepoint     ] Application time: 1.0008341 seconds
[2023-11-09T11:52:33.497+0000][3026.979s][info ][safepoint     ] Entering safepoint region: Cleanup
[2023-11-09T11:52:33.498+0000][3026.980s][info ][safepoint     ] Leaving safepoint region
[2023-11-09T11:52:33.499+0000][3026.981s][info ][safepoint     ] Total time for which application threads were stopped: 0.0014027 seconds, Stopping threads took: 0.0006444 seconds
[2023-11-09T11:52:34.499+0000][3027.982s][debug][safepoint     ] Safepoint synchronization initiated. (168 threads)
[2023-11-09T11:52:34.500+0000][3027.982s][info ][safepoint     ] Application time: 1.0009071 seconds
[2023-11-09T11:52:34.501+0000][3027.983s][info ][safepoint     ] Entering safepoint region: Cleanup
[2023-11-09T11:52:34.502+0000][3027.984s][info ][safepoint     ] Leaving safepoint region
[2023-11-09T11:52:34.502+0000][3027.984s][info ][safepoint     ] Total time for which application threads were stopped: 0.0014874 seconds, Stopping threads took: 0.0005972 seconds
[2023-11-09T11:52:35.503+0000][3028.985s][debug][safepoint     ] Safepoint synchronization initiated. (168 threads)
[2023-11-09T11:52:35.504+0000][3028.986s][info ][safepoint     ] Application time: 1.0009720 seconds
[2023-11-09T11:52:35.504+0000][3028.986s][info ][safepoint     ] Entering safepoint region: Cleanup
[2023-11-09T11:52:35.505+0000][3028.987s][info ][safepoint     ] Leaving safepoint region
[2023-11-09T11:52:35.505+0000][3028.987s][info ][safepoint     ] Total time for which application threads were stopped: 0.0011738 seconds, Stopping threads took: 0.0005196 seconds
[2023-11-09T11:52:36.506+0000][3029.988s][debug][safepoint     ] Safepoint synchronization initiated. (168 threads)
[2023-11-09T11:52:36.507+0000][3029.989s][info ][safepoint     ] Application time: 1.0007044 seconds
[2023-11-09T11:52:36.507+0000][3029.989s][info ][safepoint     ] Entering safepoint region: Cleanup
[2023-11-09T11:52:36.508+0000][3029.990s][info ][safepoint     ] Leaving safepoint region
[2023-11-09T11:52:36.508+0000][3029.990s][info ][safepoint     ] Total time for which application threads were stopped: 0.0012876 seconds, Stopping threads took: 0.0005280 seconds
[2023-11-09T11:52:37.509+0000][3030.991s][debug][safepoint     ] Safepoint synchronization initiated. (168 threads)
[2023-11-09T11:52:37.510+0000][3030.992s][info ][safepoint     ] Application time: 1.0006676 seconds
[2023-11-09T11:52:37.510+0000][3030.992s][info ][safepoint     ] Entering safepoint region: Cleanup
[2023-11-09T11:52:37.511+0000][3030.993s][info ][safepoint     ] Leaving safepoint region
[2023-11-09T11:52:37.511+0000][3030.993s][info ][safepoint     ] Total time for which application threads were stopped: 0.0012919 seconds, Stopping threads took: 0.0006531 seconds
[2023-11-09T11:52:38.512+0000][3031.994s][debug][safepoint     ] Safepoint synchronization initiated. (168 threads)
[2023-11-09T11:52:38.512+0000][3031.995s][info ][safepoint     ] Application time: 1.0007629 seconds
[2023-11-09T11:52:38.513+0000][3031.995s][info ][safepoint     ] Entering safepoint region: Cleanup
[2023-11-09T11:52:38.514+0000][3031.996s][info ][safepoint     ] Leaving safepoint region
[2023-11-09T11:52:38.514+0000][3031.996s][info ][safepoint     ] Total time for which application threads were stopped: 0.0011265 seconds, Stopping threads took: 0.0004484 seconds
[2023-11-09T11:52:39.515+0000][3032.997s][debug][safepoint     ] Safepoint synchronization initiated. (168 threads)
[2023-11-09T11:52:39.516+0000][3032.998s][info ][safepoint     ] Application time: 1.0011972 seconds
[2023-11-09T11:52:39.516+0000][3032.998s][info ][safepoint     ] Entering safepoint region: Cleanup
[2023-11-09T11:52:39.517+0000][3032.999s][info ][safepoint     ] Leaving safepoint region
[2023-11-09T11:52:39.518+0000][3033.000s][info ][safepoint     ] Total time for which application threads were stopped: 0.0014641 seconds, Stopping threads took: 0.0006371 seconds
[2023-11-09T11:52:40.518+0000][3034.000s][debug][safepoint     ] Safepoint synchronization initiated. (168 threads)
[2023-11-09T11:52:40.519+0000][3034.001s][info ][safepoint     ] Application time: 1.0007958 seconds
[2023-11-09T11:52:40.519+0000][3034.001s][info ][safepoint     ] Entering safepoint region: Cleanup
[2023-11-09T11:52:40.520+0000][3034.002s][info ][safepoint     ] Leaving safepoint region
[2023-11-09T11:52:40.520+0000][3034.003s][info ][safepoint     ] Total time for which application threads were stopped: 0.0011032 seconds, Stopping threads took: 0.0004417 seconds
[2023-11-09T11:52:41.521+0000][3035.003s][debug][safepoint     ] Safepoint synchronization initiated. (168 threads)
[2023-11-09T11:52:41.522+0000][3035.004s][info ][safepoint     ] Application time: 1.0011081 seconds
[2023-11-09T11:52:41.523+0000][3035.005s][info ][safepoint     ] Entering safepoint region: Cleanup
[2023-11-09T11:52:41.524+0000][3035.006s][info ][safepoint     ] Leaving safepoint region
[2023-11-09T11:52:41.524+0000][3035.006s][info ][safepoint     ] Total time for which application threads were stopped: 0.0017513 seconds, Stopping threads took: 0.0007983 seconds
[2023-11-09T11:52:42.525+0000][3036.007s][debug][safepoint     ] Safepoint synchronization initiated. (168 threads)
[2023-11-09T11:52:42.526+0000][3036.008s][info ][safepoint     ] Application time: 1.0008855 seconds
[2023-11-09T11:52:42.526+0000][3036.009s][info ][safepoint     ] Entering safepoint region: Cleanup
[2023-11-09T11:52:42.527+0000][3036.009s][info ][safepoint     ] Leaving safepoint region
[2023-11-09T11:52:42.528+0000][3036.010s][info ][safepoint     ] Total time for which application threads were stopped: 0.0014553 seconds, Stopping threads took: 0.0006414 seconds
[2023-11-09T11:52:43.528+0000][3037.011s][debug][safepoint     ] Safepoint synchronization initiated. (168 threads)
[2023-11-09T11:52:43.529+0000][3037.011s][info ][safepoint     ] Application time: 1.0006798 seconds
[2023-11-09T11:52:43.529+0000][3037.012s][info ][safepoint     ] Entering safepoint region: Cleanup
[2023-11-09T11:52:43.530+0000][3037.012s][info ][safepoint     ] Leaving safepoint region
[2023-11-09T11:52:43.531+0000][3037.013s][info ][safepoint     ] Total time for which application threads were stopped: 0.0012616 seconds, Stopping threads took: 0.0005599 seconds
[2023-11-09T11:52:44.531+0000][3038.013s][debug][safepoint     ] Safepoint synchronization initiated. (168 threads)
[2023-11-09T11:52:44.532+0000][3038.014s][info ][safepoint     ] Application time: 1.0009475 seconds
[2023-11-09T11:52:44.533+0000][3038.015s][info ][safepoint     ] Entering safepoint region: Cleanup
[2023-11-09T11:52:44.534+0000][3038.016s][info ][safepoint     ] Leaving safepoint region
[2023-11-09T11:52:44.534+0000][3038.017s][info ][safepoint     ] Total time for which application threads were stopped: 0.0016959 seconds, Stopping threads took: 0.0007537 seconds
[2023-11-09T11:52:45.535+0000][3039.017s][debug][safepoint     ] Safepoint synchronization initiated. (168 threads)
[2023-11-09T11:52:45.536+0000][3039.018s][info ][safepoint     ] Application time: 1.0009038 seconds
[2023-11-09T11:52:45.537+0000][3039.019s][info ][safepoint     ] Entering safepoint region: Cleanup
[2023-11-09T11:52:45.537+0000][3039.019s][info ][safepoint     ] Leaving safepoint region
[2023-11-09T11:52:45.538+0000][3039.020s][info ][safepoint     ] Total time for which application threads were stopped: 0.0011957 seconds, Stopping threads took: 0.0005235 seconds
[2023-11-09T11:52:46.538+0000][3040.021s][debug][safepoint     ] Safepoint synchronization initiated. (168 threads)
[2023-11-09T11:52:46.539+0000][3040.021s][info ][safepoint     ] Application time: 1.0009535 seconds
[2023-11-09T11:52:46.540+0000][3040.022s][info ][safepoint     ] Entering safepoint region: Cleanup
[2023-11-09T11:52:46.541+0000][3040.023s][info ][safepoint     ] Leaving safepoint region
[2023-11-09T11:52:46.541+0000][3040.024s][info ][safepoint     ] Total time for which application threads were stopped: 0.0015560 seconds, Stopping threads took: 0.0007352 seconds
[2023-11-09T11:52:47.542+0000][3041.024s][debug][safepoint     ] Safepoint synchronization initiated. (168 threads)
[2023-11-09T11:52:47.543+0000][3041.025s][info ][safepoint     ] Application time: 1.0008818 seconds
[2023-11-09T11:52:47.543+0000][3041.026s][info ][safepoint     ] Entering safepoint region: Cleanup
[2023-11-09T11:52:47.544+0000][3041.026s][info ][safepoint     ] Leaving safepoint region
[2023-11-09T11:52:47.545+0000][3041.027s][info ][safepoint     ] Total time for which application threads were stopped: 0.0012130 seconds, Stopping threads took: 0.0005557 seconds
[2023-11-09T11:52:48.545+0000][3042.027s][debug][safepoint     ] Safepoint synchronization initiated. (168 threads)
[2023-11-09T11:52:48.546+0000][3042.028s][info ][safepoint     ] Application time: 1.0005948 seconds
[2023-11-09T11:52:48.546+0000][3042.028s][info ][safepoint     ] Entering safepoint region: Cleanup
[2023-11-09T11:52:48.547+0000][3042.029s][info ][safepoint     ] Leaving safepoint region
[2023-11-09T11:52:48.547+0000][3042.030s][info ][safepoint     ] Total time for which application threads were stopped: 0.0011598 seconds, Stopping threads took: 0.0005039 seconds
[2023-11-09T11:52:49.548+0000][3043.030s][debug][safepoint     ] Safepoint synchronization initiated. (168 threads)
[2023-11-09T11:52:49.549+0000][3043.031s][info ][safepoint     ] Application time: 1.0008405 seconds
[2023-11-09T11:52:49.549+0000][3043.031s][info ][safepoint     ] Entering safepoint region: Cleanup
[2023-11-09T11:52:49.550+0000][3043.032s][info ][safepoint     ] Leaving safepoint region
[2023-11-09T11:52:49.550+0000][3043.033s][info ][safepoint     ] Total time for which application threads were stopped: 0.0011987 seconds, Stopping threads took: 0.0004984 seconds
[2023-11-09T11:52:50.551+0000][3044.033s][debug][safepoint     ] Safepoint synchronization initiated. (168 threads)
[2023-11-09T11:52:50.552+0000][3044.034s][info ][safepoint     ] Application time: 1.0007831 seconds
[2023-11-09T11:52:50.552+0000][3044.034s][info ][safepoint     ] Entering safepoint region: Cleanup
[2023-11-09T11:52:50.553+0000][3044.035s][info ][safepoint     ] Leaving safepoint region
[2023-11-09T11:52:50.553+0000][3044.035s][info ][safepoint     ] Total time for which application threads were stopped: 0.0010152 seconds, Stopping threads took: 0.0004310 seconds
[2023-11-09T11:52:51.554+0000][3045.036s][debug][safepoint     ] Safepoint synchronization initiated. (168 threads)
[2023-11-09T11:52:51.554+0000][3045.037s][info ][safepoint     ] Application time: 1.0010547 seconds
[2023-11-09T11:52:51.555+0000][3045.037s][info ][safepoint     ] Entering safepoint region: Cleanup
[2023-11-09T11:52:51.556+0000][3045.038s][info ][safepoint     ] Leaving safepoint region
[2023-11-09T11:52:51.556+0000][3045.038s][info ][safepoint     ] Total time for which application threads were stopped: 0.0012705 seconds, Stopping threads took: 0.0006126 seconds
[2023-11-09T11:52:52.557+0000][3046.039s][debug][safepoint     ] Safepoint synchronization initiated. (168 threads)
[2023-11-09T11:52:52.557+0000][3046.040s][info ][safepoint     ] Application time: 1.0007978 seconds
[2023-11-09T11:52:52.558+0000][3046.040s][info ][safepoint     ] Entering safepoint region: Cleanup
[2023-11-09T11:52:52.558+0000][3046.040s][info ][safepoint     ] Leaving safepoint region
[2023-11-09T11:52:52.559+0000][3046.041s][info ][safepoint     ] Total time for which application threads were stopped: 0.0010208 seconds, Stopping threads took: 0.0003741 seconds
[2023-11-09T11:52:53.559+0000][3047.042s][debug][safepoint     ] Safepoint synchronization initiated. (168 threads)
[2023-11-09T11:52:53.560+0000][3047.042s][info ][safepoint     ] Application time: 1.0006871 seconds
[2023-11-09T11:52:53.561+0000][3047.043s][info ][safepoint     ] Entering safepoint region: Cleanup
[2023-11-09T11:52:53.561+0000][3047.044s][info ][safepoint     ] Leaving safepoint region
[2023-11-09T11:52:53.562+0000][3047.044s][info ][safepoint     ] Total time for which application threads were stopped: 0.0014606 seconds, Stopping threads took: 0.0005047 seconds
[2023-11-09T11:52:54.563+0000][3048.045s][debug][safepoint     ] Safepoint synchronization initiated. (168 threads)
[2023-11-09T11:52:54.564+0000][3048.046s][info ][safepoint     ] Application time: 1.0012852 seconds
[2023-11-09T11:52:54.565+0000][3048.047s][info ][safepoint     ] Entering safepoint region: Cleanup
[2023-11-09T11:52:54.566+0000][3048.048s][info ][safepoint     ] Leaving safepoint region
[2023-11-09T11:52:54.566+0000][3048.049s][info ][safepoint     ] Total time for which application threads were stopped: 0.0018876 seconds, Stopping threads took: 0.0008754 seconds
[2023-11-09T11:52:55.568+0000][3049.050s][debug][safepoint     ] Safepoint synchronization initiated. (168 threads)
[2023-11-09T11:52:55.568+0000][3049.050s][info ][safepoint     ] Application time: 1.0009307 seconds
[2023-11-09T11:52:55.569+0000][3049.051s][info ][safepoint     ] Entering safepoint region: Cleanup
[2023-11-09T11:52:55.569+0000][3049.052s][info ][safepoint     ] Leaving safepoint region
[2023-11-09T11:52:55.570+0000][3049.052s][info ][safepoint     ] Total time for which application threads were stopped: 0.0011258 seconds, Stopping threads took: 0.0004342 seconds
[2023-11-09T11:52:56.571+0000][3050.053s][debug][safepoint     ] Safepoint synchronization initiated. (168 threads)
[2023-11-09T11:52:56.571+0000][3050.053s][info ][safepoint     ] Application time: 1.0006990 seconds
[2023-11-09T11:52:56.572+0000][3050.054s][info ][safepoint     ] Entering safepoint region: Cleanup
[2023-11-09T11:52:56.573+0000][3050.055s][info ][safepoint     ] Leaving safepoint region
[2023-11-09T11:52:56.573+0000][3050.055s][info ][safepoint     ] Total time for which application threads were stopped: 0.0012537 seconds, Stopping threads took: 0.0006976 seconds
[2023-11-09T11:52:57.574+0000][3051.056s][debug][safepoint     ] Safepoint synchronization initiated. (168 threads)
[2023-11-09T11:52:57.574+0000][3051.056s][info ][safepoint     ] Application time: 1.0009428 seconds
[2023-11-09T11:52:57.575+0000][3051.057s][info ][safepoint     ] Entering safepoint region: Cleanup
[2023-11-09T11:52:57.576+0000][3051.058s][info ][safepoint     ] Leaving safepoint region
[2023-11-09T11:52:57.576+0000][3051.058s][info ][safepoint     ] Total time for which application threads were stopped: 0.0012811 seconds, Stopping threads took: 0.0006205 seconds
[2023-11-09T11:52:58.577+0000][3052.059s][debug][safepoint     ] Safepoint synchronization initiated. (168 threads)
[2023-11-09T11:52:58.578+0000][3052.060s][info ][safepoint     ] Application time: 1.0009076 seconds
[2023-11-09T11:52:58.578+0000][3052.061s][info ][safepoint     ] Entering safepoint region: Cleanup
[2023-11-09T11:52:58.579+0000][3052.061s][info ][safepoint     ] Leaving safepoint region
[2023-11-09T11:52:58.580+0000][3052.062s][info ][safepoint     ] Total time for which application threads were stopped: 0.0012183 seconds, Stopping threads took: 0.0004657 seconds
[2023-11-09T11:52:59.580+0000][3053.062s][debug][safepoint     ] Safepoint synchronization initiated. (168 threads)
[2023-11-09T11:52:59.581+0000][3053.063s][info ][safepoint     ] Application time: 1.0010283 seconds
[2023-11-09T11:52:59.583+0000][3053.066s][info ][safepoint     ] Entering safepoint region: Cleanup
[2023-11-09T11:52:59.585+0000][3053.067s][info ][safepoint     ] Leaving safepoint region
[2023-11-09T11:52:59.585+0000][3053.067s][info ][safepoint     ] Total time for which application threads were stopped: 0.0022073 seconds, Stopping threads took: 0.0015373 seconds
[2023-11-09T11:53:00.586+0000][3054.068s][debug][safepoint     ] Safepoint synchronization initiated. (168 threads)
[2023-11-09T11:53:00.587+0000][3054.069s][info ][safepoint     ] Application time: 1.0011862 seconds
[2023-11-09T11:53:00.588+0000][3054.070s][info ][safepoint     ] Entering safepoint region: Cleanup
[2023-11-09T11:53:00.589+0000][3054.071s][info ][safepoint     ] Leaving safepoint region
[2023-11-09T11:53:00.589+0000][3054.072s][info ][safepoint     ] Total time for which application threads were stopped: 0.0018167 seconds, Stopping threads took: 0.0008145 seconds
[2023-11-09T11:53:01.590+0000][3055.073s][debug][safepoint     ] Safepoint synchronization initiated. (168 threads)
[2023-11-09T11:53:01.591+0000][3055.073s][info ][safepoint     ] Application time: 1.0011780 seconds
[2023-11-09T11:53:01.592+0000][3055.074s][info ][safepoint     ] Entering safepoint region: Cleanup
[2023-11-09T11:53:01.593+0000][3055.075s][info ][safepoint     ] Leaving safepoint region
[2023-11-09T11:53:01.594+0000][3055.076s][info ][safepoint     ] Total time for which application threads were stopped: 0.0017362 seconds, Stopping threads took: 0.0008059 seconds
[2023-11-09T11:53:02.595+0000][3056.077s][debug][safepoint     ] Safepoint synchronization initiated. (168 threads)
[2023-11-09T11:53:02.595+0000][3056.078s][info ][safepoint     ] Application time: 1.0010949 seconds
[2023-11-09T11:53:02.596+0000][3056.078s][info ][safepoint     ] Entering safepoint region: Cleanup
[2023-11-09T11:53:02.597+0000][3056.080s][info ][safepoint     ] Leaving safepoint region
[2023-11-09T11:53:02.598+0000][3056.080s][info ][safepoint     ] Total time for which application threads were stopped: 0.0020055 seconds, Stopping threads took: 0.0008515 seconds
[2023-11-09T11:53:03.599+0000][3057.081s][debug][safepoint     ] Safepoint synchronization initiated. (168 threads)
[2023-11-09T11:53:03.599+0000][3057.082s][info ][safepoint     ] Application time: 1.0005043 seconds
[2023-11-09T11:53:03.600+0000][3057.082s][info ][safepoint     ] Entering safepoint region: Cleanup
[2023-11-09T11:53:03.600+0000][3057.082s][info ][safepoint     ] Leaving safepoint region
[2023-11-09T11:53:03.600+0000][3057.083s][info ][safepoint     ] Total time for which application threads were stopped: 0.0007060 seconds, Stopping threads took: 0.0003105 seconds
[2023-11-09T11:53:04.601+0000][3058.083s][debug][safepoint     ] Safepoint synchronization initiated. (168 threads)
[2023-11-09T11:53:04.602+0000][3058.084s][info ][safepoint     ] Application time: 1.0014037 seconds
[2023-11-09T11:53:04.603+0000][3058.085s][info ][safepoint     ] Entering safepoint region: Cleanup
[2023-11-09T11:53:04.604+0000][3058.086s][info ][safepoint     ] Leaving safepoint region
[2023-11-09T11:53:04.604+0000][3058.087s][info ][safepoint     ] Total time for which application threads were stopped: 0.0016191 seconds, Stopping threads took: 0.0007231 seconds
[2023-11-09T11:53:05.605+0000][3059.087s][debug][safepoint     ] Safepoint synchronization initiated. (168 threads)
[2023-11-09T11:53:05.606+0000][3059.088s][info ][safepoint     ] Application time: 1.0010407 seconds
[2023-11-09T11:53:05.607+0000][3059.089s][info ][safepoint     ] Entering safepoint region: Cleanup
[2023-11-09T11:53:05.608+0000][3059.090s][info ][safepoint     ] Leaving safepoint region
[2023-11-09T11:53:05.608+0000][3059.091s][info ][safepoint     ] Total time for which application threads were stopped: 0.0015750 seconds, Stopping threads took: 0.0006852 seconds
[2023-11-09T11:53:06.609+0000][3060.091s][debug][safepoint     ] Safepoint synchronization initiated. (168 threads)
[2023-11-09T11:53:06.610+0000][3060.092s][info ][safepoint     ] Application time: 1.0011783 seconds
[2023-11-09T11:53:06.611+0000][3060.093s][info ][safepoint     ] Entering safepoint region: Cleanup
[2023-11-09T11:53:06.612+0000][3060.094s][info ][safepoint     ] Leaving safepoint region
[2023-11-09T11:53:06.613+0000][3060.095s][info ][safepoint     ] Total time for which application threads were stopped: 0.0018435 seconds, Stopping threads took: 0.0008818 seconds
[2023-11-09T11:53:07.614+0000][3061.096s][debug][safepoint     ] Safepoint synchronization initiated. (168 threads)
[2023-11-09T11:53:07.614+0000][3061.096s][info ][safepoint     ] Application time: 1.0005897 seconds
[2023-11-09T11:53:07.615+0000][3061.097s][info ][safepoint     ] Entering safepoint region: Cleanup
[2023-11-09T11:53:07.615+0000][3061.097s][info ][safepoint     ] Leaving safepoint region
[2023-11-09T11:53:07.616+0000][3061.098s][info ][safepoint     ] Total time for which application threads were stopped: 0.0010848 seconds, Stopping threads took: 0.0004692 seconds
[2023-11-09T11:53:08.616+0000][3062.098s][debug][safepoint     ] Safepoint synchronization initiated. (168 threads)
[2023-11-09T11:53:08.617+0000][3062.099s][info ][safepoint     ] Application time: 1.0009600 seconds
[2023-11-09T11:53:08.618+0000][3062.100s][debug][safepoint     ] ... found polling page return exception at pc = 0x00007fb4f1428387, stub =0x00007fb4e8840600
[2023-11-09T11:53:08.618+0000][3062.100s][debug][safepoint     ] Waiting for 1 thread(s) to block
[2023-11-09T11:53:08.619+0000][3062.101s][info ][safepoint     ] Entering safepoint region: Cleanup
[2023-11-09T11:53:08.620+0000][3062.102s][info ][safepoint     ] Leaving safepoint region
[2023-11-09T11:53:08.620+0000][3062.102s][info ][safepoint     ] Total time for which application threads were stopped: 0.0026601 seconds, Stopping threads took: 0.0018354 seconds
[2023-11-09T11:53:09.621+0000][3063.103s][debug][safepoint     ] Safepoint synchronization initiated. (168 threads)
[2023-11-09T11:53:09.622+0000][3063.104s][info ][safepoint     ] Application time: 1.0012402 seconds
[2023-11-09T11:53:09.623+0000][3063.105s][info ][safepoint     ] Entering safepoint region: Cleanup
[2023-11-09T11:53:09.624+0000][3063.106s][info ][safepoint     ] Leaving safepoint region
[2023-11-09T11:53:09.625+0000][3063.107s][info ][safepoint     ] Total time for which application threads were stopped: 0.0018174 seconds, Stopping threads took: 0.0008220 seconds
[2023-11-09T11:53:10.626+0000][3064.108s][debug][safepoint     ] Safepoint synchronization initiated. (168 threads)
[2023-11-09T11:53:10.626+0000][3064.109s][info ][safepoint     ] Application time: 1.0011063 seconds
[2023-11-09T11:53:10.627+0000][3064.109s][info ][safepoint     ] Entering safepoint region: Cleanup
[2023-11-09T11:53:10.628+0000][3064.111s][info ][safepoint     ] Leaving safepoint region
[2023-11-09T11:53:10.629+0000][3064.111s][info ][safepoint     ] Total time for which application threads were stopped: 0.0017753 seconds, Stopping threads took: 0.0007957 seconds
[2023-11-09T11:53:11.630+0000][3065.112s][debug][safepoint     ] Safepoint synchronization initiated. (168 threads)
[2023-11-09T11:53:11.630+0000][3065.112s][info ][safepoint     ] Application time: 1.0006797 seconds
[2023-11-09T11:53:11.631+0000][3065.113s][info ][safepoint     ] Entering safepoint region: Cleanup
[2023-11-09T11:53:11.631+0000][3065.113s][info ][safepoint     ] Leaving safepoint region
[2023-11-09T11:53:11.632+0000][3065.114s][info ][safepoint     ] Total time for which application threads were stopped: 0.0008840 seconds, Stopping threads took: 0.0003771 seconds
[2023-11-09T11:53:12.632+0000][3066.114s][debug][safepoint     ] Safepoint synchronization initiated. (168 threads)
[2023-11-09T11:53:12.633+0000][3066.115s][info ][safepoint     ] Application time: 1.0010973 seconds
[2023-11-09T11:53:12.634+0000][3066.116s][info ][safepoint     ] Entering safepoint region: Cleanup
[2023-11-09T11:53:12.635+0000][3066.117s][info ][safepoint     ] Leaving safepoint region
[2023-11-09T11:53:12.635+0000][3066.118s][info ][safepoint     ] Total time for which application threads were stopped: 0.0017224 seconds, Stopping threads took: 0.0007126 seconds
[2023-11-09T11:53:13.636+0000][3067.119s][debug][safepoint     ] Safepoint synchronization initiated. (168 threads)
[2023-11-09T11:53:13.637+0000][3067.119s][info ][safepoint     ] Application time: 1.0010983 seconds
[2023-11-09T11:53:13.638+0000][3067.120s][info ][safepoint     ] Entering safepoint region: Cleanup
[2023-11-09T11:53:13.639+0000][3067.121s][info ][safepoint     ] Leaving safepoint region
[2023-11-09T11:53:13.640+0000][3067.122s][info ][safepoint     ] Total time for which application threads were stopped: 0.0016203 seconds, Stopping threads took: 0.0005864 seconds
[2023-11-09T11:53:14.640+0000][3068.122s][debug][safepoint     ] Safepoint synchronization initiated. (168 threads)
[2023-11-09T11:53:14.641+0000][3068.123s][info ][safepoint     ] Application time: 1.0005855 seconds
[2023-11-09T11:53:14.641+0000][3068.123s][info ][safepoint     ] Entering safepoint region: Cleanup
[2023-11-09T11:53:14.642+0000][3068.124s][info ][safepoint     ] Leaving safepoint region
[2023-11-09T11:53:14.642+0000][3068.124s][info ][safepoint     ] Total time for which application threads were stopped: 0.0010290 seconds, Stopping threads took: 0.0004660 seconds
[2023-11-09T11:53:15.643+0000][3069.125s][debug][safepoint     ] Safepoint synchronization initiated. (168 threads)
[2023-11-09T11:53:15.643+0000][3069.126s][info ][safepoint     ] Application time: 1.0009517 seconds
[2023-11-09T11:53:15.644+0000][3069.126s][info ][safepoint     ] Entering safepoint region: Cleanup
[2023-11-09T11:53:15.645+0000][3069.128s][info ][safepoint     ] Leaving safepoint region
[2023-11-09T11:53:15.646+0000][3069.128s][info ][safepoint     ] Total time for which application threads were stopped: 0.0016778 seconds, Stopping threads took: 0.0008616 seconds
[2023-11-09T11:53:16.647+0000][3070.129s][debug][safepoint     ] Safepoint synchronization initiated. (168 threads)
[2023-11-09T11:53:16.648+0000][3070.130s][info ][safepoint     ] Application time: 1.0015693 seconds
[2023-11-09T11:53:16.649+0000][3070.131s][info ][safepoint     ] Entering safepoint region: Cleanup
[2023-11-09T11:53:16.650+0000][3070.132s][info ][safepoint     ] Leaving safepoint region
[2023-11-09T11:53:16.651+0000][3070.133s][info ][safepoint     ] Total time for which application threads were stopped: 0.0020604 seconds, Stopping threads took: 0.0008759 seconds
[2023-11-09T11:53:17.652+0000][3071.134s][debug][safepoint     ] Safepoint synchronization initiated. (168 threads)
[2023-11-09T11:53:17.652+0000][3071.134s][info ][safepoint     ] Application time: 1.0007994 seconds
[2023-11-09T11:53:17.653+0000][3071.135s][info ][safepoint     ] Entering safepoint region: Cleanup
[2023-11-09T11:53:17.653+0000][3071.136s][info ][safepoint     ] Leaving safepoint region
[2023-11-09T11:53:17.654+0000][3071.136s][info ][safepoint     ] Total time for which application threads were stopped: 0.0010492 seconds, Stopping threads took: 0.0004186 seconds
[2023-11-09T11:53:18.654+0000][3072.137s][debug][safepoint     ] Safepoint synchronization initiated. (168 threads)
[2023-11-09T11:53:18.656+0000][3072.138s][info ][safepoint     ] Application time: 1.0016071 seconds
[2023-11-09T11:53:18.657+0000][3072.139s][info ][safepoint     ] Entering safepoint region: Cleanup
[2023-11-09T11:53:18.658+0000][3072.140s][info ][safepoint     ] Leaving safepoint region
[2023-11-09T11:53:18.659+0000][3072.141s][info ][safepoint     ] Total time for which application threads were stopped: 0.0022047 seconds, Stopping threads took: 0.0010182 seconds
[2023-11-09T11:53:19.660+0000][3073.142s][debug][safepoint     ] Safepoint synchronization initiated. (168 threads)
[2023-11-09T11:53:19.660+0000][3073.143s][info ][safepoint     ] Application time: 1.0008732 seconds
[2023-11-09T11:53:19.661+0000][3073.143s][info ][safepoint     ] Entering safepoint region: Cleanup
[2023-11-09T11:53:19.662+0000][3073.144s][info ][safepoint     ] Leaving safepoint region
[2023-11-09T11:53:19.663+0000][3073.145s][info ][safepoint     ] Total time for which application threads were stopped: 0.0014999 seconds, Stopping threads took: 0.0006390 seconds
[2023-11-09T11:53:20.663+0000][3074.145s][debug][safepoint     ] Safepoint synchronization initiated. (168 threads)
[2023-11-09T11:53:20.665+0000][3074.147s][info ][safepoint     ] Application time: 1.0018470 seconds
[2023-11-09T11:53:20.666+0000][3074.148s][info ][safepoint     ] Entering safepoint region: Cleanup
[2023-11-09T11:53:20.667+0000][3074.149s][info ][safepoint     ] Leaving safepoint region
[2023-11-09T11:53:20.668+0000][3074.150s][info ][safepoint     ] Total time for which application threads were stopped: 0.0016457 seconds, Stopping threads took: 0.0006324 seconds
[2023-11-09T11:53:21.669+0000][3075.151s][debug][safepoint     ] Safepoint synchronization initiated. (168 threads)
[2023-11-09T11:53:21.670+0000][3075.152s][info ][safepoint     ] Application time: 1.0007926 seconds
[2023-11-09T11:53:21.670+0000][3075.152s][info ][safepoint     ] Entering safepoint region: Cleanup
[2023-11-09T11:53:21.671+0000][3075.153s][info ][safepoint     ] Leaving safepoint region
[2023-11-09T11:53:21.671+0000][3075.153s][info ][safepoint     ] Total time for which application threads were stopped: 0.0010900 seconds, Stopping threads took: 0.0004612 seconds
[2023-11-09T11:53:22.672+0000][3076.154s][debug][safepoint     ] Safepoint synchronization initiated. (168 threads)
[2023-11-09T11:53:22.672+0000][3076.154s][info ][safepoint     ] Application time: 1.0007735 seconds
[2023-11-09T11:53:22.673+0000][3076.155s][info ][safepoint     ] Entering safepoint region: Cleanup
[2023-11-09T11:53:22.673+0000][3076.156s][info ][safepoint     ] Leaving safepoint region
[2023-11-09T11:53:22.674+0000][3076.156s][info ][safepoint     ] Total time for which application threads were stopped: 0.0011419 seconds, Stopping threads took: 0.0005780 seconds
[2023-11-09T11:53:23.674+0000][3077.157s][debug][safepoint     ] Safepoint synchronization initiated. (168 threads)
[2023-11-09T11:53:23.675+0000][3077.157s][info ][safepoint     ] Application time: 1.0011375 seconds
[2023-11-09T11:53:23.676+0000][3077.158s][info ][safepoint     ] Entering safepoint region: Cleanup
[2023-11-09T11:53:23.677+0000][3077.160s][info ][safepoint     ] Leaving safepoint region
[2023-11-09T11:53:23.678+0000][3077.160s][info ][safepoint     ] Total time for which application threads were stopped: 0.0018554 seconds, Stopping threads took: 0.0009052 seconds
[2023-11-09T11:53:24.679+0000][3078.161s][debug][safepoint     ] Safepoint synchronization initiated. (168 threads)
[2023-11-09T11:53:24.679+0000][3078.162s][info ][safepoint     ] Application time: 1.0008944 seconds
[2023-11-09T11:53:24.680+0000][3078.162s][info ][safepoint     ] Entering safepoint region: Cleanup
[2023-11-09T11:53:24.681+0000][3078.163s][info ][safepoint     ] Leaving safepoint region
[2023-11-09T11:53:24.681+0000][3078.163s][info ][safepoint     ] Total time for which application threads were stopped: 0.0012713 seconds, Stopping threads took: 0.0005971 seconds
[2023-11-09T11:53:25.682+0000][3079.164s][debug][safepoint     ] Safepoint synchronization initiated. (168 threads)
[2023-11-09T11:53:25.682+0000][3079.164s][info ][safepoint     ] Application time: 1.0006594 seconds
[2023-11-09T11:53:25.683+0000][3079.165s][info ][safepoint     ] Entering safepoint region: Cleanup
[2023-11-09T11:53:25.683+0000][3079.165s][info ][safepoint     ] Leaving safepoint region
[2023-11-09T11:53:25.684+0000][3079.166s][info ][safepoint     ] Total time for which application threads were stopped: 0.0009762 seconds, Stopping threads took: 0.0004413 seconds
[2023-11-09T11:53:26.684+0000][3080.166s][debug][safepoint     ] Safepoint synchronization initiated. (168 threads)
[2023-11-09T11:53:26.685+0000][3080.167s][info ][safepoint     ] Application time: 1.0009858 seconds
[2023-11-09T11:53:26.685+0000][3080.168s][info ][safepoint     ] Entering safepoint region: Cleanup
[2023-11-09T11:53:26.686+0000][3080.168s][info ][safepoint     ] Leaving safepoint region
[2023-11-09T11:53:26.687+0000][3080.169s][info ][safepoint     ] Total time for which application threads were stopped: 0.0012057 seconds, Stopping threads took: 0.0005631 seconds
[2023-11-09T11:53:27.687+0000][3081.169s][debug][safepoint     ] Safepoint synchronization initiated. (168 threads)
[2023-11-09T11:53:27.688+0000][3081.170s][info ][safepoint     ] Application time: 1.0007461 seconds
[2023-11-09T11:53:27.689+0000][3081.171s][info ][safepoint     ] Entering safepoint region: Cleanup
[2023-11-09T11:53:27.690+0000][3081.172s][info ][safepoint     ] Leaving safepoint region
[2023-11-09T11:53:27.690+0000][3081.172s][info ][safepoint     ] Total time for which application threads were stopped: 0.0015108 seconds, Stopping threads took: 0.0008340 seconds
[2023-11-09T11:53:28.691+0000][3082.173s][debug][safepoint     ] Safepoint synchronization initiated. (168 threads)
[2023-11-09T11:53:28.692+0000][3082.174s][info ][safepoint     ] Application time: 1.0009348 seconds
[2023-11-09T11:53:28.692+0000][3082.174s][info ][safepoint     ] Entering safepoint region: Cleanup
[2023-11-09T11:53:28.693+0000][3082.175s][info ][safepoint     ] Leaving safepoint region
[2023-11-09T11:53:28.694+0000][3082.176s][info ][safepoint     ] Total time for which application threads were stopped: 0.0013581 seconds, Stopping threads took: 0.0006248 seconds
[2023-11-09T11:53:29.695+0000][3083.177s][debug][safepoint     ] Safepoint synchronization initiated. (168 threads)
[2023-11-09T11:53:29.695+0000][3083.177s][info ][safepoint     ] Application time: 1.0010621 seconds
[2023-11-09T11:53:29.696+0000][3083.178s][info ][safepoint     ] Entering safepoint region: Cleanup
[2023-11-09T11:53:29.697+0000][3083.179s][info ][safepoint     ] Leaving safepoint region
[2023-11-09T11:53:29.697+0000][3083.179s][info ][safepoint     ] Total time for which application threads were stopped: 0.0013148 seconds, Stopping threads took: 0.0005407 seconds
[2023-11-09T11:53:30.698+0000][3084.180s][debug][safepoint     ] Safepoint synchronization initiated. (168 threads)
[2023-11-09T11:53:30.698+0000][3084.181s][info ][safepoint     ] Application time: 1.0006736 seconds
[2023-11-09T11:53:30.699+0000][3084.181s][info ][safepoint     ] Entering safepoint region: Cleanup
[2023-11-09T11:53:30.700+0000][3084.182s][info ][safepoint     ] Leaving safepoint region
[2023-11-09T11:53:30.700+0000][3084.182s][info ][safepoint     ] Total time for which application threads were stopped: 0.0011291 seconds, Stopping threads took: 0.0004453 seconds
[2023-11-09T11:53:31.701+0000][3085.183s][debug][safepoint     ] Safepoint synchronization initiated. (168 threads)
[2023-11-09T11:53:31.702+0000][3085.184s][info ][safepoint     ] Application time: 1.0010874 seconds
[2023-11-09T11:53:31.703+0000][3085.185s][info ][safepoint     ] Entering safepoint region: Cleanup
[2023-11-09T11:53:31.704+0000][3085.186s][info ][safepoint     ] Leaving safepoint region
[2023-11-09T11:53:31.704+0000][3085.187s][info ][safepoint     ] Total time for which application threads were stopped: 0.0019043 seconds, Stopping threads took: 0.0008844 seconds
[2023-11-09T11:53:32.705+0000][3086.187s][debug][safepoint     ] Safepoint synchronization initiated. (168 threads)
[2023-11-09T11:53:32.706+0000][3086.188s][info ][safepoint     ] Application time: 1.0009585 seconds
[2023-11-09T11:53:32.707+0000][3086.189s][info ][safepoint     ] Entering safepoint region: Cleanup
[2023-11-09T11:53:32.707+0000][3086.189s][info ][safepoint     ] Leaving safepoint region
[2023-11-09T11:53:32.708+0000][3086.190s][info ][safepoint     ] Total time for which application threads were stopped: 0.0009688 seconds, Stopping threads took: 0.0004609 seconds
[2023-11-09T11:53:33.708+0000][3087.190s][debug][safepoint     ] Safepoint synchronization initiated. (168 threads)
[2023-11-09T11:53:33.709+0000][3087.191s][info ][safepoint     ] Application time: 1.0010724 seconds
[2023-11-09T11:53:33.710+0000][3087.192s][info ][safepoint     ] Entering safepoint region: Cleanup
[2023-11-09T11:53:33.711+0000][3087.193s][info ][safepoint     ] Leaving safepoint region
[2023-11-09T11:53:33.711+0000][3087.193s][info ][safepoint     ] Total time for which application threads were stopped: 0.0015072 seconds, Stopping threads took: 0.0007695 seconds
[2023-11-09T11:53:34.712+0000][3088.194s][debug][safepoint     ] Safepoint synchronization initiated. (168 threads)
[2023-11-09T11:53:34.713+0000][3088.195s][info ][safepoint     ] Application time: 1.0012812 seconds
[2023-11-09T11:53:34.714+0000][3088.196s][info ][safepoint     ] Entering safepoint region: Cleanup
[2023-11-09T11:53:34.715+0000][3088.197s][info ][safepoint     ] Leaving safepoint region
[2023-11-09T11:53:34.715+0000][3088.198s][info ][safepoint     ] Total time for which application threads were stopped: 0.0017796 seconds, Stopping threads took: 0.0007524 seconds
[2023-11-09T11:53:35.716+0000][3089.199s][debug][safepoint     ] Safepoint synchronization initiated. (168 threads)
[2023-11-09T11:53:35.717+0000][3089.199s][info ][safepoint     ] Application time: 1.0010136 seconds
[2023-11-09T11:53:35.718+0000][3089.200s][info ][safepoint     ] Entering safepoint region: Cleanup
[2023-11-09T11:53:35.719+0000][3089.201s][info ][safepoint     ] Leaving safepoint region
[2023-11-09T11:53:35.719+0000][3089.201s][info ][safepoint     ] Total time for which application threads were stopped: 0.0012259 seconds, Stopping threads took: 0.0005003 seconds
[2023-11-09T11:53:36.720+0000][3090.202s][debug][safepoint     ] Safepoint synchronization initiated. (168 threads)
[2023-11-09T11:53:36.720+0000][3090.203s][info ][safepoint     ] Application time: 1.0008590 seconds
[2023-11-09T11:53:36.721+0000][3090.203s][info ][safepoint     ] Entering safepoint region: Cleanup
[2023-11-09T11:53:36.721+0000][3090.204s][info ][safepoint     ] Leaving safepoint region
[2023-11-09T11:53:36.721+0000][3090.204s][debug][safepoint     ] ... found polling page loop exception at pc = 0x00007fb4f0c8d017, stub =0x00007fb4e8843680
[2023-11-09T11:53:36.722+0000][3090.204s][info ][safepoint     ] Total time for which application threads were stopped: 0.0010404 seconds, Stopping threads took: 0.0004210 seconds
[2023-11-09T11:53:37.723+0000][3091.205s][debug][safepoint     ] Safepoint synchronization initiated. (168 threads)
[2023-11-09T11:53:37.723+0000][3091.205s][info ][safepoint     ] Application time: 1.0006030 seconds
[2023-11-09T11:53:37.724+0000][3091.206s][info ][safepoint     ] Entering safepoint region: Cleanup
[2023-11-09T11:53:37.724+0000][3091.207s][info ][safepoint     ] Leaving safepoint region
[2023-11-09T11:53:37.725+0000][3091.207s][info ][safepoint     ] Total time for which application threads were stopped: 0.0009861 seconds, Stopping threads took: 0.0004797 seconds
[2023-11-09T11:53:38.726+0000][3092.208s][debug][safepoint     ] Safepoint synchronization initiated. (168 threads)
[2023-11-09T11:53:38.726+0000][3092.208s][info ][safepoint     ] Application time: 1.0007405 seconds
[2023-11-09T11:53:38.727+0000][3092.209s][info ][safepoint     ] Entering safepoint region: Cleanup
[2023-11-09T11:53:38.727+0000][3092.210s][info ][safepoint     ] Leaving safepoint region
[2023-11-09T11:53:38.728+0000][3092.210s][info ][safepoint     ] Total time for which application threads were stopped: 0.0010736 seconds, Stopping threads took: 0.0005311 seconds
[2023-11-09T11:53:39.728+0000][3093.210s][debug][safepoint     ] Safepoint synchronization initiated. (168 threads)
[2023-11-09T11:53:39.729+0000][3093.211s][info ][safepoint     ] Application time: 1.0005382 seconds
[2023-11-09T11:53:39.729+0000][3093.211s][info ][safepoint     ] Entering safepoint region: Cleanup
[2023-11-09T11:53:39.730+0000][3093.212s][info ][safepoint     ] Leaving safepoint region
[2023-11-09T11:53:39.730+0000][3093.212s][info ][safepoint     ] Total time for which application threads were stopped: 0.0007944 seconds, Stopping threads took: 0.0003330 seconds
[2023-11-09T11:53:40.730+0000][3094.212s][debug][safepoint     ] Safepoint synchronization initiated. (168 threads)
[2023-11-09T11:53:40.731+0000][3094.213s][info ][safepoint     ] Application time: 1.0009321 seconds
[2023-11-09T11:53:40.732+0000][3094.214s][info ][safepoint     ] Entering safepoint region: Cleanup
[2023-11-09T11:53:40.732+0000][3094.214s][info ][safepoint     ] Leaving safepoint region
[2023-11-09T11:53:40.733+0000][3094.215s][info ][safepoint     ] Total time for which application threads were stopped: 0.0008943 seconds, Stopping threads took: 0.0003750 seconds
[2023-11-09T11:53:41.733+0000][3095.215s][debug][safepoint     ] Safepoint synchronization initiated. (168 threads)
[2023-11-09T11:53:41.733+0000][3095.216s][info ][safepoint     ] Application time: 1.0005801 seconds
[2023-11-09T11:53:41.734+0000][3095.216s][info ][safepoint     ] Entering safepoint region: Cleanup
[2023-11-09T11:53:41.734+0000][3095.216s][info ][safepoint     ] Leaving safepoint region
[2023-11-09T11:53:41.735+0000][3095.217s][info ][safepoint     ] Total time for which application threads were stopped: 0.0008140 seconds, Stopping threads took: 0.0003337 seconds
[2023-11-09T11:53:42.735+0000][3096.217s][debug][safepoint     ] Safepoint synchronization initiated. (168 threads)
[2023-11-09T11:53:42.736+0000][3096.218s][info ][safepoint     ] Application time: 1.0008216 seconds
[2023-11-09T11:53:42.736+0000][3096.218s][info ][safepoint     ] Entering safepoint region: Cleanup
[2023-11-09T11:53:42.737+0000][3096.219s][info ][safepoint     ] Leaving safepoint region
[2023-11-09T11:53:42.737+0000][3096.220s][info ][safepoint     ] Total time for which application threads were stopped: 0.0011105 seconds, Stopping threads took: 0.0004421 seconds
[2023-11-09T11:53:43.738+0000][3097.220s][debug][safepoint     ] Safepoint synchronization initiated. (168 threads)
[2023-11-09T11:53:43.739+0000][3097.221s][info ][safepoint     ] Application time: 1.0012186 seconds
[2023-11-09T11:53:43.740+0000][3097.222s][info ][safepoint     ] Entering safepoint region: Cleanup
[2023-11-09T11:53:43.741+0000][3097.223s][info ][safepoint     ] Leaving safepoint region
[2023-11-09T11:53:43.741+0000][3097.223s][info ][safepoint     ] Total time for which application threads were stopped: 0.0014122 seconds, Stopping threads took: 0.0006191 seconds
[2023-11-09T11:53:44.742+0000][3098.224s][debug][safepoint     ] Safepoint synchronization initiated. (168 threads)
[2023-11-09T11:53:44.743+0000][3098.225s][info ][safepoint     ] Application time: 1.0014304 seconds
[2023-11-09T11:53:44.744+0000][3098.226s][info ][safepoint     ] Entering safepoint region: Cleanup
[2023-11-09T11:53:44.745+0000][3098.227s][info ][safepoint     ] Leaving safepoint region
[2023-11-09T11:53:44.745+0000][3098.227s][info ][safepoint     ] Total time for which application threads were stopped: 0.0013019 seconds, Stopping threads took: 0.0005739 seconds
[2023-11-09T11:53:45.746+0000][3099.228s][debug][safepoint     ] Safepoint synchronization initiated. (168 threads)
[2023-11-09T11:53:45.746+0000][3099.228s][info ][safepoint     ] Application time: 1.0006325 seconds
[2023-11-09T11:53:45.746+0000][3099.229s][info ][safepoint     ] Entering safepoint region: Cleanup
[2023-11-09T11:53:45.747+0000][3099.229s][info ][safepoint     ] Leaving safepoint region
[2023-11-09T11:53:45.747+0000][3099.229s][info ][safepoint     ] Total time for which application threads were stopped: 0.0008194 seconds, Stopping threads took: 0.0003254 seconds
[2023-11-09T11:53:46.747+0000][3100.230s][debug][safepoint     ] Safepoint synchronization initiated. (168 threads)
[2023-11-09T11:53:46.748+0000][3100.230s][info ][safepoint     ] Application time: 1.0006748 seconds
[2023-11-09T11:53:46.749+0000][3100.231s][info ][safepoint     ] Entering safepoint region: Cleanup
[2023-11-09T11:53:46.749+0000][3100.231s][info ][safepoint     ] Leaving safepoint region
[2023-11-09T11:53:46.749+0000][3100.232s][info ][safepoint     ] Total time for which application threads were stopped: 0.0009393 seconds, Stopping threads took: 0.0004709 seconds
[2023-11-09T11:53:47.750+0000][3101.232s][debug][safepoint     ] Safepoint synchronization initiated. (168 threads)
[2023-11-09T11:53:47.751+0000][3101.233s][info ][safepoint     ] Application time: 1.0005535 seconds
[2023-11-09T11:53:47.751+0000][3101.233s][info ][safepoint     ] Entering safepoint region: Cleanup
[2023-11-09T11:53:47.751+0000][3101.234s][info ][safepoint     ] Leaving safepoint region
[2023-11-09T11:53:47.752+0000][3101.234s][info ][safepoint     ] Total time for which application threads were stopped: 0.0008012 seconds, Stopping threads took: 0.0003345 seconds
[2023-11-09T11:53:48.752+0000][3102.234s][debug][safepoint     ] Safepoint synchronization initiated. (168 threads)
[2023-11-09T11:53:48.752+0000][3102.235s][info ][safepoint     ] Application time: 1.0005411 seconds
[2023-11-09T11:53:48.753+0000][3102.235s][info ][safepoint     ] Entering safepoint region: Cleanup
[2023-11-09T11:53:48.753+0000][3102.235s][info ][safepoint     ] Leaving safepoint region
[2023-11-09T11:53:48.753+0000][3102.236s][info ][safepoint     ] Total time for which application threads were stopped: 0.0007233 seconds, Stopping threads took: 0.0002833 seconds
[2023-11-09T11:53:49.754+0000][3103.236s][debug][safepoint     ] Safepoint synchronization initiated. (168 threads)
[2023-11-09T11:53:49.755+0000][3103.237s][info ][safepoint     ] Application time: 1.0007728 seconds
[2023-11-09T11:53:49.755+0000][3103.237s][info ][safepoint     ] Entering safepoint region: Cleanup
[2023-11-09T11:53:49.756+0000][3103.238s][info ][safepoint     ] Leaving safepoint region
[2023-11-09T11:53:49.756+0000][3103.238s][info ][safepoint     ] Total time for which application threads were stopped: 0.0008305 seconds, Stopping threads took: 0.0003580 seconds
[2023-11-09T11:53:50.756+0000][3104.239s][debug][safepoint     ] Safepoint synchronization initiated. (168 threads)
[2023-11-09T11:53:50.757+0000][3104.239s][info ][safepoint     ] Application time: 1.0006428 seconds
[2023-11-09T11:53:50.757+0000][3104.240s][info ][safepoint     ] Entering safepoint region: Cleanup
[2023-11-09T11:53:50.758+0000][3104.240s][info ][safepoint     ] Leaving safepoint region
[2023-11-09T11:53:50.758+0000][3104.241s][info ][safepoint     ] Total time for which application threads were stopped: 0.0011478 seconds, Stopping threads took: 0.0005197 seconds
[2023-11-09T11:53:51.759+0000][3105.241s][debug][safepoint     ] Safepoint synchronization initiated. (168 threads)
[2023-11-09T11:53:51.760+0000][3105.242s][info ][safepoint     ] Application time: 1.0011590 seconds
[2023-11-09T11:53:51.761+0000][3105.243s][info ][safepoint     ] Entering safepoint region: Cleanup
[2023-11-09T11:53:51.761+0000][3105.243s][info ][safepoint     ] Leaving safepoint region
[2023-11-09T11:53:51.762+0000][3105.244s][info ][safepoint     ] Total time for which application threads were stopped: 0.0012960 seconds, Stopping threads took: 0.0005636 seconds
[2023-11-09T11:53:52.762+0000][3106.245s][debug][safepoint     ] Safepoint synchronization initiated. (168 threads)
[2023-11-09T11:53:52.763+0000][3106.245s][info ][safepoint     ] Application time: 1.0005675 seconds
[2023-11-09T11:53:52.763+0000][3106.245s][info ][safepoint     ] Entering safepoint region: Cleanup
[2023-11-09T11:53:52.764+0000][3106.246s][info ][safepoint     ] Leaving safepoint region
[2023-11-09T11:53:52.764+0000][3106.246s][info ][safepoint     ] Total time for which application threads were stopped: 0.0009413 seconds, Stopping threads took: 0.0003549 seconds
[2023-11-09T11:53:53.765+0000][3107.247s][debug][safepoint     ] Safepoint synchronization initiated. (168 threads)
[2023-11-09T11:53:53.766+0000][3107.248s][info ][safepoint     ] Application time: 1.0011606 seconds
[2023-11-09T11:53:53.767+0000][3107.249s][info ][safepoint     ] Entering safepoint region: Cleanup
[2023-11-09T11:53:53.768+0000][3107.250s][info ][safepoint     ] Leaving safepoint region
[2023-11-09T11:53:53.768+0000][3107.251s][info ][safepoint     ] Total time for which application threads were stopped: 0.0017789 seconds, Stopping threads took: 0.0008499 seconds
[2023-11-09T11:53:54.769+0000][3108.251s][debug][safepoint     ] Safepoint synchronization initiated. (168 threads)
[2023-11-09T11:53:54.770+0000][3108.252s][info ][safepoint     ] Application time: 1.0008147 seconds
[2023-11-09T11:53:54.770+0000][3108.253s][info ][safepoint     ] Entering safepoint region: Cleanup
[2023-11-09T11:53:54.771+0000][3108.253s][info ][safepoint     ] Leaving safepoint region
[2023-11-09T11:53:54.772+0000][3108.254s][info ][safepoint     ] Total time for which application threads were stopped: 0.0011960 seconds, Stopping threads took: 0.0005916 seconds
[2023-11-09T11:53:55.772+0000][3109.254s][debug][safepoint     ] Safepoint synchronization initiated. (168 threads)
[2023-11-09T11:53:55.773+0000][3109.255s][info ][safepoint     ] Application time: 1.0010202 seconds
[2023-11-09T11:53:55.774+0000][3109.256s][info ][safepoint     ] Entering safepoint region: Cleanup
[2023-11-09T11:53:55.774+0000][3109.257s][info ][safepoint     ] Leaving safepoint region
[2023-11-09T11:53:55.775+0000][3109.257s][info ][safepoint     ] Total time for which application threads were stopped: 0.0012564 seconds, Stopping threads took: 0.0005401 seconds
[2023-11-09T11:53:56.775+0000][3110.258s][debug][safepoint     ] Safepoint synchronization initiated. (168 threads)
[2023-11-09T11:53:56.776+0000][3110.258s][info ][safepoint     ] Application time: 1.0008468 seconds
[2023-11-09T11:53:56.777+0000][3110.259s][info ][safepoint     ] Entering safepoint region: Cleanup
[2023-11-09T11:53:56.778+0000][3110.260s][info ][safepoint     ] Leaving safepoint region
[2023-11-09T11:53:56.778+0000][3110.260s][info ][safepoint     ] Total time for which application threads were stopped: 0.0013723 seconds, Stopping threads took: 0.0006152 seconds
[2023-11-09T11:53:57.779+0000][3111.261s][debug][safepoint     ] Safepoint synchronization initiated. (168 threads)
[2023-11-09T11:53:57.780+0000][3111.262s][info ][safepoint     ] Application time: 1.0010208 seconds
[2023-11-09T11:53:57.781+0000][3111.263s][info ][safepoint     ] Entering safepoint region: Cleanup
[2023-11-09T11:53:57.783+0000][3111.265s][info ][safepoint     ] Leaving safepoint region
[2023-11-09T11:53:57.783+0000][3111.265s][info ][safepoint     ] Total time for which application threads were stopped: 0.0022024 seconds, Stopping threads took: 0.0014304 seconds
[2023-11-09T11:53:58.784+0000][3112.266s][debug][safepoint     ] Safepoint synchronization initiated. (168 threads)
[2023-11-09T11:53:58.784+0000][3112.266s][info ][safepoint     ] Application time: 1.0007093 seconds
[2023-11-09T11:53:58.785+0000][3112.267s][info ][safepoint     ] Entering safepoint region: Cleanup
[2023-11-09T11:53:58.785+0000][3112.267s][info ][safepoint     ] Leaving safepoint region
[2023-11-09T11:53:58.786+0000][3112.268s][info ][safepoint     ] Total time for which application threads were stopped: 0.0011033 seconds, Stopping threads took: 0.0004050 seconds
[2023-11-09T11:53:59.786+0000][3113.268s][debug][safepoint     ] Safepoint synchronization initiated. (168 threads)
[2023-11-09T11:53:59.787+0000][3113.269s][info ][safepoint     ] Application time: 1.0010500 seconds
[2023-11-09T11:53:59.788+0000][3113.270s][info ][safepoint     ] Entering safepoint region: Cleanup
[2023-11-09T11:53:59.788+0000][3113.271s][info ][safepoint     ] Leaving safepoint region
[2023-11-09T11:53:59.789+0000][3113.271s][info ][safepoint     ] Total time for which application threads were stopped: 0.0015081 seconds, Stopping threads took: 0.0006683 seconds
[2023-11-09T11:54:00.790+0000][3114.272s][debug][safepoint     ] Safepoint synchronization initiated. (168 threads)
[2023-11-09T11:54:00.790+0000][3114.272s][info ][safepoint     ] Application time: 1.0008238 seconds
[2023-11-09T11:54:00.791+0000][3114.273s][info ][safepoint     ] Entering safepoint region: Cleanup
[2023-11-09T11:54:00.791+0000][3114.274s][info ][safepoint     ] Leaving safepoint region
[2023-11-09T11:54:00.792+0000][3114.274s][info ][safepoint     ] Total time for which application threads were stopped: 0.0011155 seconds, Stopping threads took: 0.0004899 seconds
[2023-11-09T11:54:01.793+0000][3115.275s][debug][safepoint     ] Safepoint synchronization initiated. (168 threads)
[2023-11-09T11:54:01.793+0000][3115.275s][info ][safepoint     ] Application time: 1.0007668 seconds
[2023-11-09T11:54:01.794+0000][3115.276s][info ][safepoint     ] Entering safepoint region: Cleanup
[2023-11-09T11:54:01.794+0000][3115.277s][info ][safepoint     ] Leaving safepoint region
[2023-11-09T11:54:01.795+0000][3115.277s][info ][safepoint     ] Total time for which application threads were stopped: 0.0011862 seconds, Stopping threads took: 0.0005228 seconds
[2023-11-09T11:54:02.795+0000][3116.278s][debug][safepoint     ] Safepoint synchronization initiated. (168 threads)
[2023-11-09T11:54:02.796+0000][3116.278s][info ][safepoint     ] Application time: 1.0004711 seconds
[2023-11-09T11:54:02.796+0000][3116.278s][info ][safepoint     ] Entering safepoint region: Cleanup
[2023-11-09T11:54:02.797+0000][3116.279s][info ][safepoint     ] Leaving safepoint region
[2023-11-09T11:54:02.797+0000][3116.279s][info ][safepoint     ] Total time for which application threads were stopped: 0.0007750 seconds, Stopping threads took: 0.0003346 seconds
[2023-11-09T11:54:03.798+0000][3117.280s][debug][safepoint     ] Safepoint synchronization initiated. (168 threads)
[2023-11-09T11:54:03.798+0000][3117.281s][info ][safepoint     ] Application time: 1.0011226 seconds
[2023-11-09T11:54:03.799+0000][3117.281s][info ][safepoint     ] Entering safepoint region: Cleanup
[2023-11-09T11:54:03.800+0000][3117.282s][info ][safepoint     ] Leaving safepoint region
[2023-11-09T11:54:03.801+0000][3117.283s][info ][safepoint     ] Total time for which application threads were stopped: 0.0017951 seconds, Stopping threads took: 0.0008184 seconds
[2023-11-09T11:54:04.802+0000][3118.284s][debug][safepoint     ] Safepoint synchronization initiated. (168 threads)
[2023-11-09T11:54:04.803+0000][3118.285s][info ][safepoint     ] Application time: 1.0008495 seconds
[2023-11-09T11:54:04.803+0000][3118.285s][info ][safepoint     ] Entering safepoint region: Cleanup
[2023-11-09T11:54:04.804+0000][3118.286s][info ][safepoint     ] Leaving safepoint region
[2023-11-09T11:54:04.804+0000][3118.286s][info ][safepoint     ] Total time for which application threads were stopped: 0.0011953 seconds, Stopping threads took: 0.0004597 seconds
[2023-11-09T11:54:05.805+0000][3119.287s][debug][safepoint     ] Safepoint synchronization initiated. (168 threads)
[2023-11-09T11:54:05.806+0000][3119.288s][info ][safepoint     ] Application time: 1.0006585 seconds
[2023-11-09T11:54:05.806+0000][3119.288s][info ][safepoint     ] Entering safepoint region: Cleanup
[2023-11-09T11:54:05.807+0000][3119.289s][info ][safepoint     ] Leaving safepoint region
[2023-11-09T11:54:05.807+0000][3119.290s][info ][safepoint     ] Total time for which application threads were stopped: 0.0012459 seconds, Stopping threads took: 0.0005583 seconds
[2023-11-09T11:54:06.808+0000][3120.290s][debug][safepoint     ] Safepoint synchronization initiated. (168 threads)
[2023-11-09T11:54:06.809+0000][3120.291s][info ][safepoint     ] Application time: 1.0007234 seconds
[2023-11-09T11:54:06.809+0000][3120.291s][info ][safepoint     ] Entering safepoint region: Cleanup
[2023-11-09T11:54:06.810+0000][3120.292s][info ][safepoint     ] Leaving safepoint region
[2023-11-09T11:54:06.810+0000][3120.292s][info ][safepoint     ] Total time for which application threads were stopped: 0.0011483 seconds, Stopping threads took: 0.0004505 seconds
[2023-11-09T11:54:07.811+0000][3121.293s][debug][safepoint     ] Safepoint synchronization initiated. (168 threads)
[2023-11-09T11:54:07.812+0000][3121.294s][info ][safepoint     ] Application time: 1.0007530 seconds
[2023-11-09T11:54:07.812+0000][3121.294s][info ][safepoint     ] Entering safepoint region: Cleanup
[2023-11-09T11:54:07.813+0000][3121.295s][info ][safepoint     ] Leaving safepoint region
[2023-11-09T11:54:07.813+0000][3121.295s][info ][safepoint     ] Total time for which application threads were stopped: 0.0010963 seconds, Stopping threads took: 0.0004715 seconds
[2023-11-09T11:54:08.814+0000][3122.296s][debug][safepoint     ] Safepoint synchronization initiated. (168 threads)
[2023-11-09T11:54:08.814+0000][3122.297s][info ][safepoint     ] Application time: 1.0008644 seconds
[2023-11-09T11:54:08.815+0000][3122.297s][info ][safepoint     ] Entering safepoint region: Cleanup
[2023-11-09T11:54:08.815+0000][3122.298s][info ][safepoint     ] Leaving safepoint region
[2023-11-09T11:54:08.816+0000][3122.298s][info ][safepoint     ] Total time for which application threads were stopped: 0.0010355 seconds, Stopping threads took: 0.0004162 seconds
[2023-11-09T11:54:09.816+0000][3123.299s][debug][safepoint     ] Safepoint synchronization initiated. (168 threads)
[2023-11-09T11:54:09.817+0000][3123.299s][info ][safepoint     ] Application time: 1.0008133 seconds
[2023-11-09T11:54:09.817+0000][3123.300s][info ][safepoint     ] Entering safepoint region: Cleanup
[2023-11-09T11:54:09.818+0000][3123.301s][info ][safepoint     ] Leaving safepoint region
[2023-11-09T11:54:09.818+0000][3123.301s][info ][safepoint     ] Total time for which application threads were stopped: 0.0011671 seconds, Stopping threads took: 0.0005527 seconds
[2023-11-09T11:54:10.819+0000][3124.302s][debug][safepoint     ] Safepoint synchronization initiated. (168 threads)
[2023-11-09T11:54:10.820+0000][3124.302s][info ][safepoint     ] Application time: 1.0009107 seconds
[2023-11-09T11:54:10.820+0000][3124.303s][info ][safepoint     ] Entering safepoint region: Cleanup
[2023-11-09T11:54:10.821+0000][3124.304s][info ][safepoint     ] Leaving safepoint region
[2023-11-09T11:54:10.821+0000][3124.304s][info ][safepoint     ] Total time for which application threads were stopped: 0.0012483 seconds, Stopping threads took: 0.0005860 seconds
[2023-11-09T11:54:11.822+0000][3125.305s][debug][safepoint     ] Safepoint synchronization initiated. (168 threads)
[2023-11-09T11:54:11.823+0000][3125.305s][info ][safepoint     ] Application time: 1.0008112 seconds
[2023-11-09T11:54:11.823+0000][3125.306s][info ][safepoint     ] Entering safepoint region: Cleanup
[2023-11-09T11:54:11.824+0000][3125.306s][info ][safepoint     ] Leaving safepoint region
[2023-11-09T11:54:11.824+0000][3125.307s][info ][safepoint     ] Total time for which application threads were stopped: 0.0010407 seconds, Stopping threads took: 0.0004456 seconds
[2023-11-09T11:54:12.825+0000][3126.307s][debug][safepoint     ] Safepoint synchronization initiated. (168 threads)
[2023-11-09T11:54:12.825+0000][3126.308s][info ][safepoint     ] Application time: 1.0005769 seconds
[2023-11-09T11:54:12.825+0000][3126.308s][info ][safepoint     ] Entering safepoint region: Cleanup
[2023-11-09T11:54:12.826+0000][3126.309s][info ][safepoint     ] Leaving safepoint region
[2023-11-09T11:54:12.826+0000][3126.309s][info ][safepoint     ] Total time for which application threads were stopped: 0.0008623 seconds, Stopping threads took: 0.0003253 seconds
[2023-11-09T11:54:13.827+0000][3127.309s][debug][safepoint     ] Safepoint synchronization initiated. (168 threads)
[2023-11-09T11:54:13.827+0000][3127.310s][info ][safepoint     ] Application time: 1.0006799 seconds
[2023-11-09T11:54:13.828+0000][3127.311s][info ][safepoint     ] Entering safepoint region: Cleanup
[2023-11-09T11:54:13.828+0000][3127.311s][info ][safepoint     ] Leaving safepoint region
[2023-11-09T11:54:13.829+0000][3127.311s][info ][safepoint     ] Total time for which application threads were stopped: 0.0009548 seconds, Stopping threads took: 0.0003913 seconds
[2023-11-09T11:54:14.829+0000][3128.312s][debug][safepoint     ] Safepoint synchronization initiated. (168 threads)
[2023-11-09T11:54:14.830+0000][3128.313s][info ][safepoint     ] Application time: 1.0008089 seconds
[2023-11-09T11:54:14.830+0000][3128.313s][info ][safepoint     ] Entering safepoint region: Cleanup
[2023-11-09T11:54:14.831+0000][3128.314s][info ][safepoint     ] Leaving safepoint region
[2023-11-09T11:54:14.831+0000][3128.314s][info ][safepoint     ] Total time for which application threads were stopped: 0.0010129 seconds, Stopping threads took: 0.0004448 seconds
[2023-11-09T11:54:15.832+0000][3129.315s][debug][safepoint     ] Safepoint synchronization initiated. (168 threads)
[2023-11-09T11:54:15.832+0000][3129.315s][info ][safepoint     ] Application time: 1.0006354 seconds
[2023-11-09T11:54:15.833+0000][3129.316s][info ][safepoint     ] Entering safepoint region: Cleanup
[2023-11-09T11:54:15.833+0000][3129.316s][info ][safepoint     ] Leaving safepoint region
[2023-11-09T11:54:15.834+0000][3129.316s][info ][safepoint     ] Total time for which application threads were stopped: 0.0009649 seconds, Stopping threads took: 0.0003901 seconds
[2023-11-09T11:54:16.834+0000][3130.317s][debug][safepoint     ] Safepoint synchronization initiated. (168 threads)
[2023-11-09T11:54:16.835+0000][3130.318s][info ][safepoint     ] Application time: 1.0010124 seconds
[2023-11-09T11:54:16.836+0000][3130.319s][info ][safepoint     ] Entering safepoint region: Cleanup
[2023-11-09T11:54:16.837+0000][3130.320s][info ][safepoint     ] Leaving safepoint region
[2023-11-09T11:54:16.837+0000][3130.320s][info ][safepoint     ] Total time for which application threads were stopped: 0.0015577 seconds, Stopping threads took: 0.0007151 seconds
[2023-11-09T11:54:17.838+0000][3131.321s][debug][safepoint     ] Safepoint synchronization initiated. (168 threads)
[2023-11-09T11:54:17.839+0000][3131.321s][info ][safepoint     ] Application time: 1.0008437 seconds
[2023-11-09T11:54:17.839+0000][3131.322s][info ][safepoint     ] Entering safepoint region: Cleanup
[2023-11-09T11:54:17.841+0000][3131.323s][info ][safepoint     ] Leaving safepoint region
[2023-11-09T11:54:17.841+0000][3131.324s][info ][safepoint     ] Total time for which application threads were stopped: 0.0017500 seconds, Stopping threads took: 0.0008414 seconds
[2023-11-09T11:54:18.842+0000][3132.325s][debug][safepoint     ] Safepoint synchronization initiated. (168 threads)
[2023-11-09T11:54:18.843+0000][3132.326s][info ][safepoint     ] Application time: 1.0010874 seconds
[2023-11-09T11:54:18.844+0000][3132.326s][info ][safepoint     ] Entering safepoint region: Cleanup
[2023-11-09T11:54:18.845+0000][3132.327s][info ][safepoint     ] Leaving safepoint region
[2023-11-09T11:54:18.845+0000][3132.328s][info ][safepoint     ] Total time for which application threads were stopped: 0.0015336 seconds, Stopping threads took: 0.0006770 seconds
[2023-11-09T11:54:19.846+0000][3133.329s][debug][safepoint     ] Safepoint synchronization initiated. (168 threads)
[2023-11-09T11:54:19.847+0000][3133.329s][info ][safepoint     ] Application time: 1.0008919 seconds
[2023-11-09T11:54:19.847+0000][3133.330s][info ][safepoint     ] Entering safepoint region: Cleanup
[2023-11-09T11:54:19.848+0000][3133.331s][info ][safepoint     ] Leaving safepoint region
[2023-11-09T11:54:19.848+0000][3133.331s][info ][safepoint     ] Total time for which application threads were stopped: 0.0012434 seconds, Stopping threads took: 0.0005624 seconds
[2023-11-09T11:54:20.849+0000][3134.332s][debug][safepoint     ] Safepoint synchronization initiated. (168 threads)
[2023-11-09T11:54:20.850+0000][3134.332s][info ][safepoint     ] Application time: 1.0007080 seconds
[2023-11-09T11:54:20.850+0000][3134.333s][info ][safepoint     ] Entering safepoint region: Cleanup
[2023-11-09T11:54:20.851+0000][3134.334s][info ][safepoint     ] Leaving safepoint region
[2023-11-09T11:54:20.852+0000][3134.334s][info ][safepoint     ] Total time for which application threads were stopped: 0.0011239 seconds, Stopping threads took: 0.0004476 seconds
[2023-11-09T11:54:21.852+0000][3135.335s][debug][safepoint     ] Safepoint synchronization initiated. (168 threads)
[2023-11-09T11:54:21.853+0000][3135.335s][info ][safepoint     ] Application time: 1.0008065 seconds
[2023-11-09T11:54:21.853+0000][3135.336s][info ][safepoint     ] Entering safepoint region: Cleanup
[2023-11-09T11:54:21.854+0000][3135.337s][info ][safepoint     ] Leaving safepoint region
[2023-11-09T11:54:21.854+0000][3135.337s][info ][safepoint     ] Total time for which application threads were stopped: 0.0009472 seconds, Stopping threads took: 0.0003850 seconds
[2023-11-09T11:54:22.855+0000][3136.337s][debug][safepoint     ] Safepoint synchronization initiated. (168 threads)
[2023-11-09T11:54:22.855+0000][3136.338s][info ][safepoint     ] Application time: 1.0009756 seconds
[2023-11-09T11:54:22.856+0000][3136.339s][info ][safepoint     ] Entering safepoint region: Cleanup
[2023-11-09T11:54:22.857+0000][3136.340s][info ][safepoint     ] Leaving safepoint region
[2023-11-09T11:54:22.858+0000][3136.341s][info ][safepoint     ] Total time for which application threads were stopped: 0.0016356 seconds, Stopping threads took: 0.0007730 seconds
[2023-11-09T11:54:23.858+0000][3137.341s][debug][safepoint     ] Safepoint synchronization initiated. (168 threads)
[2023-11-09T11:54:23.859+0000][3137.342s][info ][safepoint     ] Application time: 1.0008150 seconds
[2023-11-09T11:54:23.860+0000][3137.343s][info ][safepoint     ] Entering safepoint region: Cleanup
[2023-11-09T11:54:23.860+0000][3137.343s][info ][safepoint     ] Leaving safepoint region
[2023-11-09T11:54:23.861+0000][3137.344s][info ][safepoint     ] Total time for which application threads were stopped: 0.0014167 seconds, Stopping threads took: 0.0006120 seconds
[2023-11-09T11:54:24.112+0000][3137.595s][debug][safepoint     ] Safepoint synchronization initiated. (168 threads)
[2023-11-09T11:54:24.113+0000][3137.596s][info ][safepoint     ] Application time: 0.2517838 seconds
[2023-11-09T11:54:24.114+0000][3137.597s][info ][safepoint     ] Entering safepoint region: G1CollectForAllocation
[2023-11-09T11:54:24.115+0000][3137.598s][info ][gc,start      ] GC(78) Pause Young (Normal) (G1 Evacuation Pause)
[2023-11-09T11:54:24.116+0000][3137.598s][info ][gc,task       ] GC(78) Using 8 workers of 8 for evacuation
[2023-11-09T11:54:24.124+0000][3137.607s][info ][gc,phases     ] GC(78)   Pre Evacuate Collection Set: 0.1ms
[2023-11-09T11:54:24.125+0000][3137.607s][info ][gc,phases     ] GC(78)   Evacuate Collection Set: 4.1ms
[2023-11-09T11:54:24.125+0000][3137.608s][info ][gc,phases     ] GC(78)   Post Evacuate Collection Set: 3.3ms
[2023-11-09T11:54:24.126+0000][3137.608s][info ][gc,phases     ] GC(78)   Other: 1.5ms
[2023-11-09T11:54:24.126+0000][3137.609s][info ][gc,heap       ] GC(78) Eden regions: 193->0(193)
[2023-11-09T11:54:24.126+0000][3137.609s][info ][gc,heap       ] GC(78) Survivor regions: 2->3(25)
[2023-11-09T11:54:24.127+0000][3137.610s][info ][gc,heap       ] GC(78) Old regions: 155->155
[2023-11-09T11:54:24.127+0000][3137.610s][info ][gc,heap       ] GC(78) Humongous regions: 0->0
[2023-11-09T11:54:24.128+0000][3137.611s][info ][gc,metaspace  ] GC(78) Metaspace: 160702K(166096K)->160702K(166096K) NonClass: 142044K(145360K)->142044K(145360K) Class: 18658K(20736K)->18658K(20736K)
[2023-11-09T11:54:24.128+0000][3137.611s][info ][gc            ] GC(78) Pause Young (Normal) (G1 Evacuation Pause) 347M->155M(395M) 13.369ms
[2023-11-09T11:54:24.129+0000][3137.612s][info ][gc,cpu        ] GC(78) User=0.04s Sys=0.01s Real=0.01s
[2023-11-09T11:54:24.129+0000][3137.612s][info ][safepoint     ] Leaving safepoint region
[2023-11-09T11:54:24.130+0000][3137.612s][info ][safepoint     ] Total time for which application threads were stopped: 0.0156052 seconds, Stopping threads took: 0.0006648 seconds
[2023-11-09T11:54:24.130+0000][3137.613s][info ][gc,stringdedup] Concurrent String Deduplication (3137.613s)
[2023-11-09T11:54:24.131+0000][3137.613s][info ][gc,stringdedup] Concurrent String Deduplication 0.0B->0.0B(0.0B) avg 54.4% (3137.613s, 3137.613s) 0.413ms
[2023-11-09T11:54:25.130+0000][3138.613s][debug][safepoint     ] Safepoint synchronization initiated. (168 threads)
[2023-11-09T11:54:25.131+0000][3138.614s][info ][safepoint     ] Application time: 1.0010479 seconds
[2023-11-09T11:54:25.132+0000][3138.615s][info ][safepoint     ] Entering safepoint region: Cleanup
[2023-11-09T11:54:25.133+0000][3138.616s][info ][safepoint     ] Leaving safepoint region
[2023-11-09T11:54:25.134+0000][3138.616s][info ][safepoint     ] Total time for which application threads were stopped: 0.0015457 seconds, Stopping threads took: 0.0006707 seconds
[2023-11-09T11:54:26.134+0000][3139.617s][debug][safepoint     ] Safepoint synchronization initiated. (168 threads)
[2023-11-09T11:54:26.135+0000][3139.618s][info ][safepoint     ] Application time: 1.0010577 seconds
[2023-11-09T11:54:26.136+0000][3139.619s][info ][safepoint     ] Entering safepoint region: Cleanup
[2023-11-09T11:54:26.137+0000][3139.620s][info ][safepoint     ] Leaving safepoint region
[2023-11-09T11:54:26.138+0000][3139.620s][info ][safepoint     ] Total time for which application threads were stopped: 0.0015354 seconds, Stopping threads took: 0.0006706 seconds
[2023-11-09T11:54:27.138+0000][3140.621s][debug][safepoint     ] Safepoint synchronization initiated. (168 threads)
[2023-11-09T11:54:27.139+0000][3140.622s][info ][safepoint     ] Application time: 1.0008634 seconds
[2023-11-09T11:54:27.140+0000][3140.622s][info ][safepoint     ] Entering safepoint region: Cleanup
[2023-11-09T11:54:27.140+0000][3140.623s][info ][safepoint     ] Leaving safepoint region
[2023-11-09T11:54:27.141+0000][3140.623s][info ][safepoint     ] Total time for which application threads were stopped: 0.0011051 seconds, Stopping threads took: 0.0004663 seconds
[2023-11-09T11:54:28.141+0000][3141.624s][debug][safepoint     ] Safepoint synchronization initiated. (168 threads)
[2023-11-09T11:54:28.142+0000][3141.625s][info ][safepoint     ] Application time: 1.0009538 seconds
[2023-11-09T11:54:28.143+0000][3141.625s][info ][safepoint     ] Entering safepoint region: Cleanup
[2023-11-09T11:54:28.143+0000][3141.626s][info ][safepoint     ] Leaving safepoint region
[2023-11-09T11:54:28.144+0000][3141.626s][info ][safepoint     ] Total time for which application threads were stopped: 0.0010715 seconds, Stopping threads took: 0.0005505 seconds
[2023-11-09T11:54:29.144+0000][3142.627s][debug][safepoint     ] Safepoint synchronization initiated. (168 threads)
[2023-11-09T11:54:29.145+0000][3142.628s][info ][safepoint     ] Application time: 1.0011246 seconds
[2023-11-09T11:54:29.146+0000][3142.629s][info ][safepoint     ] Entering safepoint region: Cleanup
[2023-11-09T11:54:29.147+0000][3142.630s][info ][safepoint     ] Leaving safepoint region
[2023-11-09T11:54:29.148+0000][3142.630s][info ][safepoint     ] Total time for which application threads were stopped: 0.0017063 seconds, Stopping threads took: 0.0007224 seconds
[2023-11-09T11:54:30.149+0000][3143.631s][debug][safepoint     ] Safepoint synchronization initiated. (168 threads)
[2023-11-09T11:54:30.149+0000][3143.632s][info ][safepoint     ] Application time: 1.0007260 seconds
[2023-11-09T11:54:30.150+0000][3143.632s][info ][safepoint     ] Entering safepoint region: Cleanup
[2023-11-09T11:54:30.150+0000][3143.633s][info ][safepoint     ] Leaving safepoint region
[2023-11-09T11:54:30.151+0000][3143.633s][info ][safepoint     ] Total time for which application threads were stopped: 0.0009909 seconds, Stopping threads took: 0.0004892 seconds
[2023-11-09T11:54:31.151+0000][3144.634s][debug][safepoint     ] Safepoint synchronization initiated. (168 threads)
[2023-11-09T11:54:31.152+0000][3144.635s][info ][safepoint     ] Application time: 1.0009411 seconds
[2023-11-09T11:54:31.153+0000][3144.635s][info ][safepoint     ] Entering safepoint region: Cleanup
[2023-11-09T11:54:31.153+0000][3144.636s][info ][safepoint     ] Leaving safepoint region
[2023-11-09T11:54:31.154+0000][3144.636s][info ][safepoint     ] Total time for which application threads were stopped: 0.0011435 seconds, Stopping threads took: 0.0005014 seconds
[2023-11-09T11:54:32.154+0000][3145.637s][debug][safepoint     ] Safepoint synchronization initiated. (168 threads)
[2023-11-09T11:54:32.155+0000][3145.638s][info ][safepoint     ] Application time: 1.0010326 seconds
[2023-11-09T11:54:32.156+0000][3145.639s][info ][safepoint     ] Entering safepoint region: Cleanup
[2023-11-09T11:54:32.157+0000][3145.640s][info ][safepoint     ] Leaving safepoint region
[2023-11-09T11:54:32.157+0000][3145.640s][info ][safepoint     ] Total time for which application threads were stopped: 0.0015780 seconds, Stopping threads took: 0.0006334 seconds
[2023-11-09T11:54:33.158+0000][3146.641s][debug][safepoint     ] Safepoint synchronization initiated. (168 threads)
[2023-11-09T11:54:33.159+0000][3146.642s][info ][safepoint     ] Application time: 1.0009706 seconds
[2023-11-09T11:54:33.160+0000][3146.642s][info ][safepoint     ] Entering safepoint region: Cleanup
[2023-11-09T11:54:33.160+0000][3146.643s][info ][safepoint     ] Leaving safepoint region
[2023-11-09T11:54:33.161+0000][3146.644s][info ][safepoint     ] Total time for which application threads were stopped: 0.0012062 seconds, Stopping threads took: 0.0005952 seconds
[2023-11-09T11:54:34.162+0000][3147.645s][debug][safepoint     ] Safepoint synchronization initiated. (168 threads)
[2023-11-09T11:54:34.162+0000][3147.645s][info ][safepoint     ] Application time: 1.0010831 seconds
[2023-11-09T11:54:34.163+0000][3147.646s][info ][safepoint     ] Entering safepoint region: Cleanup
[2023-11-09T11:54:34.164+0000][3147.647s][info ][safepoint     ] Leaving safepoint region
[2023-11-09T11:54:34.165+0000][3147.647s][info ][safepoint     ] Total time for which application threads were stopped: 0.0015072 seconds, Stopping threads took: 0.0006105 seconds
[2023-11-09T11:54:35.165+0000][3148.648s][debug][safepoint     ] Safepoint synchronization initiated. (168 threads)
[2023-11-09T11:54:35.166+0000][3148.648s][info ][safepoint     ] Application time: 1.0007142 seconds
[2023-11-09T11:54:35.166+0000][3148.649s][info ][safepoint     ] Entering safepoint region: Cleanup
[2023-11-09T11:54:35.167+0000][3148.649s][info ][safepoint     ] Leaving safepoint region
[2023-11-09T11:54:35.167+0000][3148.650s][info ][safepoint     ] Total time for which application threads were stopped: 0.0009488 seconds, Stopping threads took: 0.0003631 seconds
[2023-11-09T11:54:36.168+0000][3149.650s][debug][safepoint     ] Safepoint synchronization initiated. (168 threads)
[2023-11-09T11:54:36.169+0000][3149.651s][info ][safepoint     ] Application time: 1.0012256 seconds
[2023-11-09T11:54:36.169+0000][3149.652s][info ][safepoint     ] Entering safepoint region: Cleanup
[2023-11-09T11:54:36.170+0000][3149.653s][info ][safepoint     ] Leaving safepoint region
[2023-11-09T11:54:36.171+0000][3149.654s][info ][safepoint     ] Total time for which application threads were stopped: 0.0015487 seconds, Stopping threads took: 0.0007234 seconds
[2023-11-09T11:54:37.172+0000][3150.655s][debug][safepoint     ] Safepoint synchronization initiated. (168 threads)
[2023-11-09T11:54:37.172+0000][3150.655s][info ][safepoint     ] Application time: 1.0006020 seconds
[2023-11-09T11:54:37.173+0000][3150.655s][info ][safepoint     ] Entering safepoint region: Cleanup
[2023-11-09T11:54:37.173+0000][3150.656s][info ][safepoint     ] Leaving safepoint region
[2023-11-09T11:54:37.173+0000][3150.656s][info ][safepoint     ] Total time for which application threads were stopped: 0.0007749 seconds, Stopping threads took: 0.0003274 seconds
[2023-11-09T11:54:38.174+0000][3151.656s][debug][safepoint     ] Safepoint synchronization initiated. (168 threads)
[2023-11-09T11:54:38.174+0000][3151.657s][info ][safepoint     ] Application time: 1.0006470 seconds
[2023-11-09T11:54:38.175+0000][3151.658s][info ][safepoint     ] Entering safepoint region: Cleanup
[2023-11-09T11:54:38.175+0000][3151.658s][info ][safepoint     ] Leaving safepoint region
[2023-11-09T11:54:38.176+0000][3151.659s][info ][safepoint     ] Total time for which application threads were stopped: 0.0010638 seconds, Stopping threads took: 0.0005146 seconds
[2023-11-09T11:54:39.176+0000][3152.659s][debug][safepoint     ] Safepoint synchronization initiated. (168 threads)
[2023-11-09T11:54:39.177+0000][3152.660s][info ][safepoint     ] Application time: 1.0009943 seconds
[2023-11-09T11:54:39.178+0000][3152.661s][info ][safepoint     ] Entering safepoint region: Cleanup
[2023-11-09T11:54:39.178+0000][3152.661s][info ][safepoint     ] Leaving safepoint region
[2023-11-09T11:54:39.179+0000][3152.662s][info ][safepoint     ] Total time for which application threads were stopped: 0.0011921 seconds, Stopping threads took: 0.0004980 seconds
[2023-11-09T11:54:40.179+0000][3153.662s][debug][safepoint     ] Safepoint synchronization initiated. (168 threads)
[2023-11-09T11:54:40.180+0000][3153.663s][info ][safepoint     ] Application time: 1.0010043 seconds
[2023-11-09T11:54:40.181+0000][3153.664s][info ][safepoint     ] Entering safepoint region: Cleanup
[2023-11-09T11:54:40.181+0000][3153.664s][info ][safepoint     ] Leaving safepoint region
[2023-11-09T11:54:40.182+0000][3153.665s][info ][safepoint     ] Total time for which application threads were stopped: 0.0011670 seconds, Stopping threads took: 0.0005412 seconds
[2023-11-09T11:54:41.182+0000][3154.665s][debug][safepoint     ] Safepoint synchronization initiated. (168 threads)
[2023-11-09T11:54:41.183+0000][3154.666s][info ][safepoint     ] Application time: 1.0004889 seconds
[2023-11-09T11:54:41.183+0000][3154.666s][info ][safepoint     ] Entering safepoint region: Cleanup
[2023-11-09T11:54:41.184+0000][3154.666s][info ][safepoint     ] Leaving safepoint region
[2023-11-09T11:54:41.184+0000][3154.667s][info ][safepoint     ] Total time for which application threads were stopped: 0.0007538 seconds, Stopping threads took: 0.0003126 seconds
[2023-11-09T11:54:42.184+0000][3155.667s][debug][safepoint     ] Safepoint synchronization initiated. (168 threads)
[2023-11-09T11:54:42.185+0000][3155.668s][info ][safepoint     ] Application time: 1.0005173 seconds
[2023-11-09T11:54:42.185+0000][3155.668s][info ][safepoint     ] Entering safepoint region: Cleanup
[2023-11-09T11:54:42.185+0000][3155.668s][info ][safepoint     ] Leaving safepoint region
[2023-11-09T11:54:42.186+0000][3155.669s][info ][safepoint     ] Total time for which application threads were stopped: 0.0008062 seconds, Stopping threads took: 0.0003055 seconds
[2023-11-09T11:54:43.186+0000][3156.669s][debug][safepoint     ] Safepoint synchronization initiated. (168 threads)
[2023-11-09T11:54:43.187+0000][3156.670s][info ][safepoint     ] Application time: 1.0009815 seconds
[2023-11-09T11:54:43.188+0000][3156.671s][info ][safepoint     ] Entering safepoint region: Cleanup
[2023-11-09T11:54:43.188+0000][3156.671s][info ][safepoint     ] Leaving safepoint region
[2023-11-09T11:54:43.189+0000][3156.672s][info ][safepoint     ] Total time for which application threads were stopped: 0.0011098 seconds, Stopping threads took: 0.0005155 seconds
[2023-11-09T11:54:44.189+0000][3157.672s][debug][safepoint     ] Safepoint synchronization initiated. (168 threads)
[2023-11-09T11:54:44.190+0000][3157.673s][info ][safepoint     ] Application time: 1.0006974 seconds
[2023-11-09T11:54:44.190+0000][3157.673s][info ][safepoint     ] Entering safepoint region: Cleanup
[2023-11-09T11:54:44.191+0000][3157.674s][info ][safepoint     ] Leaving safepoint region
[2023-11-09T11:54:44.191+0000][3157.674s][info ][safepoint     ] Total time for which application threads were stopped: 0.0009260 seconds, Stopping threads took: 0.0003912 seconds
[2023-11-09T11:54:45.192+0000][3158.675s][debug][safepoint     ] Safepoint synchronization initiated. (168 threads)
[2023-11-09T11:54:45.193+0000][3158.675s][info ][safepoint     ] Application time: 1.0010340 seconds
[2023-11-09T11:54:45.193+0000][3158.676s][info ][safepoint     ] Entering safepoint region: Cleanup
[2023-11-09T11:54:45.194+0000][3158.677s][info ][safepoint     ] Leaving safepoint region
[2023-11-09T11:54:45.194+0000][3158.677s][info ][safepoint     ] Total time for which application threads were stopped: 0.0011357 seconds, Stopping threads took: 0.0005839 seconds
[2023-11-09T11:54:46.195+0000][3159.678s][debug][safepoint     ] Safepoint synchronization initiated. (168 threads)
[2023-11-09T11:54:46.195+0000][3159.678s][info ][safepoint     ] Application time: 1.0006520 seconds
[2023-11-09T11:54:46.196+0000][3159.679s][info ][safepoint     ] Entering safepoint region: Cleanup
[2023-11-09T11:54:46.197+0000][3159.679s][info ][safepoint     ] Leaving safepoint region
[2023-11-09T11:54:46.197+0000][3159.680s][info ][safepoint     ] Total time for which application threads were stopped: 0.0011392 seconds, Stopping threads took: 0.0004456 seconds
[2023-11-09T11:54:47.198+0000][3160.681s][debug][safepoint     ] Safepoint synchronization initiated. (168 threads)
[2023-11-09T11:54:47.199+0000][3160.682s][info ][safepoint     ] Application time: 1.0014201 seconds
[2023-11-09T11:54:47.200+0000][3160.682s][info ][safepoint     ] Entering safepoint region: Cleanup
[2023-11-09T11:54:47.201+0000][3160.683s][info ][safepoint     ] Leaving safepoint region
[2023-11-09T11:54:47.201+0000][3160.684s][info ][safepoint     ] Total time for which application threads were stopped: 0.0018214 seconds, Stopping threads took: 0.0006973 seconds
[2023-11-09T11:54:48.202+0000][3161.685s][debug][safepoint     ] Safepoint synchronization initiated. (168 threads)
[2023-11-09T11:54:48.203+0000][3161.685s][info ][safepoint     ] Application time: 1.0004966 seconds
[2023-11-09T11:54:48.203+0000][3161.686s][info ][safepoint     ] Entering safepoint region: Cleanup
[2023-11-09T11:54:48.203+0000][3161.686s][info ][safepoint     ] Leaving safepoint region
[2023-11-09T11:54:48.204+0000][3161.687s][info ][safepoint     ] Total time for which application threads were stopped: 0.0007377 seconds, Stopping threads took: 0.0003006 seconds
[2023-11-09T11:54:49.204+0000][3162.687s][debug][safepoint     ] Safepoint synchronization initiated. (168 threads)
[2023-11-09T11:54:49.205+0000][3162.688s][info ][safepoint     ] Application time: 1.0009699 seconds
[2023-11-09T11:54:49.205+0000][3162.688s][info ][safepoint     ] Entering safepoint region: Cleanup
[2023-11-09T11:54:49.206+0000][3162.689s][info ][safepoint     ] Leaving safepoint region
[2023-11-09T11:54:49.207+0000][3162.689s][info ][safepoint     ] Total time for which application threads were stopped: 0.0011539 seconds, Stopping threads took: 0.0005719 seconds
[2023-11-09T11:54:50.207+0000][3163.690s][debug][safepoint     ] Safepoint synchronization initiated. (168 threads)
[2023-11-09T11:54:50.208+0000][3163.690s][info ][safepoint     ] Application time: 1.0007168 seconds
[2023-11-09T11:54:50.208+0000][3163.691s][info ][safepoint     ] Entering safepoint region: Cleanup
[2023-11-09T11:54:50.209+0000][3163.692s][info ][safepoint     ] Leaving safepoint region
[2023-11-09T11:54:50.209+0000][3163.692s][info ][safepoint     ] Total time for which application threads were stopped: 0.0011084 seconds, Stopping threads took: 0.0004271 seconds
[2023-11-09T11:54:51.210+0000][3164.693s][debug][safepoint     ] Safepoint synchronization initiated. (168 threads)
[2023-11-09T11:54:51.210+0000][3164.693s][info ][safepoint     ] Application time: 1.0008189 seconds
[2023-11-09T11:54:51.211+0000][3164.694s][info ][safepoint     ] Entering safepoint region: Cleanup
[2023-11-09T11:54:51.212+0000][3164.694s][info ][safepoint     ] Leaving safepoint region
[2023-11-09T11:54:51.212+0000][3164.695s][info ][safepoint     ] Total time for which application threads were stopped: 0.0011659 seconds, Stopping threads took: 0.0004680 seconds
[2023-11-09T11:54:52.213+0000][3165.696s][debug][safepoint     ] Safepoint synchronization initiated. (168 threads)
[2023-11-09T11:54:52.214+0000][3165.696s][info ][safepoint     ] Application time: 1.0009544 seconds
[2023-11-09T11:54:52.214+0000][3165.697s][info ][safepoint     ] Entering safepoint region: Cleanup
[2023-11-09T11:54:52.214+0000][3165.697s][info ][safepoint     ] Leaving safepoint region
[2023-11-09T11:54:52.215+0000][3165.698s][info ][safepoint     ] Total time for which application threads were stopped: 0.0010620 seconds, Stopping threads took: 0.0004308 seconds
[2023-11-09T11:54:53.216+0000][3166.698s][debug][safepoint     ] Safepoint synchronization initiated. (168 threads)
[2023-11-09T11:54:53.216+0000][3166.699s][info ][safepoint     ] Application time: 1.0009532 seconds
[2023-11-09T11:54:53.217+0000][3166.700s][info ][safepoint     ] Entering safepoint region: Cleanup
[2023-11-09T11:54:53.218+0000][3166.701s][info ][safepoint     ] Leaving safepoint region
[2023-11-09T11:54:53.218+0000][3166.701s][info ][safepoint     ] Total time for which application threads were stopped: 0.0012710 seconds, Stopping threads took: 0.0005369 seconds
[2023-11-09T11:54:54.219+0000][3167.702s][debug][safepoint     ] Safepoint synchronization initiated. (168 threads)
[2023-11-09T11:54:54.220+0000][3167.703s][info ][safepoint     ] Application time: 1.0011168 seconds
[2023-11-09T11:54:54.221+0000][3167.703s][info ][safepoint     ] Entering safepoint region: Cleanup
[2023-11-09T11:54:54.222+0000][3167.704s][info ][safepoint     ] Leaving safepoint region
[2023-11-09T11:54:54.222+0000][3167.705s][info ][safepoint     ] Total time for which application threads were stopped: 0.0016670 seconds, Stopping threads took: 0.0007361 seconds
[2023-11-09T11:54:55.223+0000][3168.706s][debug][safepoint     ] Safepoint synchronization initiated. (168 threads)
[2023-11-09T11:54:55.224+0000][3168.707s][info ][safepoint     ] Application time: 1.0007410 seconds
[2023-11-09T11:54:55.224+0000][3168.707s][info ][safepoint     ] Entering safepoint region: Cleanup
[2023-11-09T11:54:55.225+0000][3168.708s][info ][safepoint     ] Leaving safepoint region
[2023-11-09T11:54:55.225+0000][3168.708s][info ][safepoint     ] Total time for which application threads were stopped: 0.0011169 seconds, Stopping threads took: 0.0003985 seconds
[2023-11-09T11:54:56.226+0000][3169.709s][debug][safepoint     ] Safepoint synchronization initiated. (168 threads)
[2023-11-09T11:54:56.227+0000][3169.709s][info ][safepoint     ] Application time: 1.0008289 seconds
[2023-11-09T11:54:56.227+0000][3169.710s][info ][safepoint     ] Entering safepoint region: Cleanup
[2023-11-09T11:54:56.228+0000][3169.711s][info ][safepoint     ] Leaving safepoint region
[2023-11-09T11:54:56.228+0000][3169.711s][info ][safepoint     ] Total time for which application threads were stopped: 0.0011435 seconds, Stopping threads took: 0.0005334 seconds
[2023-11-09T11:54:57.229+0000][3170.712s][debug][safepoint     ] Safepoint synchronization initiated. (168 threads)
[2023-11-09T11:54:57.230+0000][3170.712s][info ][safepoint     ] Application time: 1.0009135 seconds
[2023-11-09T11:54:57.230+0000][3170.713s][info ][safepoint     ] Entering safepoint region: Cleanup
[2023-11-09T11:54:57.231+0000][3170.714s][info ][safepoint     ] Leaving safepoint region
[2023-11-09T11:54:57.231+0000][3170.714s][info ][safepoint     ] Total time for which application threads were stopped: 0.0010886 seconds, Stopping threads took: 0.0004565 seconds
[2023-11-09T11:54:58.232+0000][3171.715s][debug][safepoint     ] Safepoint synchronization initiated. (168 threads)
[2023-11-09T11:54:58.233+0000][3171.716s][info ][safepoint     ] Application time: 1.0010984 seconds
[2023-11-09T11:54:58.234+0000][3171.716s][info ][safepoint     ] Entering safepoint region: Cleanup
[2023-11-09T11:54:58.234+0000][3171.717s][info ][safepoint     ] Leaving safepoint region
[2023-11-09T11:54:58.235+0000][3171.718s][info ][safepoint     ] Total time for which application threads were stopped: 0.0015144 seconds, Stopping threads took: 0.0007033 seconds
[2023-11-09T11:54:59.236+0000][3172.719s][debug][safepoint     ] Safepoint synchronization initiated. (168 threads)
[2023-11-09T11:54:59.237+0000][3172.720s][info ][safepoint     ] Application time: 1.0011209 seconds
[2023-11-09T11:54:59.237+0000][3172.720s][info ][safepoint     ] Entering safepoint region: Cleanup
[2023-11-09T11:54:59.238+0000][3172.721s][info ][safepoint     ] Leaving safepoint region
[2023-11-09T11:54:59.239+0000][3172.722s][info ][safepoint     ] Total time for which application threads were stopped: 0.0013192 seconds, Stopping threads took: 0.0005761 seconds
[2023-11-09T11:55:00.239+0000][3173.722s][debug][safepoint     ] Safepoint synchronization initiated. (168 threads)
[2023-11-09T11:55:00.240+0000][3173.723s][info ][safepoint     ] Application time: 1.0005843 seconds
[2023-11-09T11:55:00.240+0000][3173.723s][info ][safepoint     ] Entering safepoint region: Cleanup
[2023-11-09T11:55:00.241+0000][3173.724s][info ][safepoint     ] Leaving safepoint region
[2023-11-09T11:55:00.241+0000][3173.724s][info ][safepoint     ] Total time for which application threads were stopped: 0.0008868 seconds, Stopping threads took: 0.0003496 seconds
[2023-11-09T11:55:01.242+0000][3174.725s][debug][safepoint     ] Safepoint synchronization initiated. (168 threads)
[2023-11-09T11:55:01.243+0000][3174.726s][info ][safepoint     ] Application time: 1.0014404 seconds
[2023-11-09T11:55:01.243+0000][3174.726s][info ][safepoint     ] Entering safepoint region: Cleanup
[2023-11-09T11:55:01.244+0000][3174.727s][info ][safepoint     ] Leaving safepoint region
[2023-11-09T11:55:01.245+0000][3174.728s][info ][safepoint     ] Total time for which application threads were stopped: 0.0012725 seconds, Stopping threads took: 0.0005229 seconds
[2023-11-09T11:55:02.246+0000][3175.728s][debug][safepoint     ] Safepoint synchronization initiated. (168 threads)
[2023-11-09T11:55:02.246+0000][3175.729s][info ][safepoint     ] Application time: 1.0012595 seconds
[2023-11-09T11:55:02.247+0000][3175.730s][info ][safepoint     ] Entering safepoint region: Cleanup
[2023-11-09T11:55:02.249+0000][3175.731s][info ][safepoint     ] Leaving safepoint region
[2023-11-09T11:55:02.249+0000][3175.732s][info ][safepoint     ] Total time for which application threads were stopped: 0.0018587 seconds, Stopping threads took: 0.0007586 seconds
[2023-11-09T11:55:03.250+0000][3176.733s][debug][safepoint     ] Safepoint synchronization initiated. (168 threads)
[2023-11-09T11:55:03.250+0000][3176.733s][info ][safepoint     ] Application time: 1.0006839 seconds
[2023-11-09T11:55:03.251+0000][3176.734s][info ][safepoint     ] Entering safepoint region: Cleanup
[2023-11-09T11:55:03.251+0000][3176.734s][info ][safepoint     ] Leaving safepoint region
[2023-11-09T11:55:03.252+0000][3176.735s][info ][safepoint     ] Total time for which application threads were stopped: 0.0009926 seconds, Stopping threads took: 0.0004071 seconds
[2023-11-09T11:55:04.252+0000][3177.735s][debug][safepoint     ] Safepoint synchronization initiated. (168 threads)
[2023-11-09T11:55:04.253+0000][3177.736s][info ][safepoint     ] Application time: 1.0009842 seconds
[2023-11-09T11:55:04.254+0000][3177.737s][info ][safepoint     ] Entering safepoint region: Cleanup
[2023-11-09T11:55:04.254+0000][3177.737s][info ][safepoint     ] Leaving safepoint region
[2023-11-09T11:55:04.255+0000][3177.738s][info ][safepoint     ] Total time for which application threads were stopped: 0.0012935 seconds, Stopping threads took: 0.0005136 seconds
[2023-11-09T11:55:05.256+0000][3178.739s][debug][safepoint     ] Safepoint synchronization initiated. (168 threads)
[2023-11-09T11:55:05.256+0000][3178.739s][info ][safepoint     ] Application time: 1.0009907 seconds
[2023-11-09T11:55:05.257+0000][3178.740s][info ][safepoint     ] Entering safepoint region: Cleanup
[2023-11-09T11:55:05.258+0000][3178.741s][info ][safepoint     ] Leaving safepoint region
[2023-11-09T11:55:05.259+0000][3178.742s][info ][safepoint     ] Total time for which application threads were stopped: 0.0016027 seconds, Stopping threads took: 0.0006925 seconds
[2023-11-09T11:55:06.260+0000][3179.742s][debug][safepoint     ] Safepoint synchronization initiated. (168 threads)
[2023-11-09T11:55:06.260+0000][3179.743s][info ][safepoint     ] Application time: 1.0007359 seconds
[2023-11-09T11:55:06.261+0000][3179.744s][info ][safepoint     ] Entering safepoint region: Cleanup
[2023-11-09T11:55:06.261+0000][3179.744s][info ][safepoint     ] Leaving safepoint region
[2023-11-09T11:55:06.262+0000][3179.745s][info ][safepoint     ] Total time for which application threads were stopped: 0.0009845 seconds, Stopping threads took: 0.0003861 seconds
[2023-11-09T11:55:07.262+0000][3180.745s][debug][safepoint     ] Safepoint synchronization initiated. (168 threads)
[2023-11-09T11:55:07.263+0000][3180.746s][info ][safepoint     ] Application time: 1.0013393 seconds
[2023-11-09T11:55:07.264+0000][3180.747s][info ][safepoint     ] Entering safepoint region: Cleanup
[2023-11-09T11:55:07.265+0000][3180.748s][info ][safepoint     ] Leaving safepoint region
[2023-11-09T11:55:07.266+0000][3180.749s][info ][safepoint     ] Total time for which application threads were stopped: 0.0016862 seconds, Stopping threads took: 0.0007744 seconds
[2023-11-09T11:55:08.266+0000][3181.749s][debug][safepoint     ] Safepoint synchronization initiated. (168 threads)
[2023-11-09T11:55:08.267+0000][3181.750s][info ][safepoint     ] Application time: 1.0011162 seconds
[2023-11-09T11:55:08.268+0000][3181.751s][info ][safepoint     ] Entering safepoint region: Cleanup
[2023-11-09T11:55:08.269+0000][3181.752s][info ][safepoint     ] Leaving safepoint region
[2023-11-09T11:55:08.270+0000][3181.753s][info ][safepoint     ] Total time for which application threads were stopped: 0.0016111 seconds, Stopping threads took: 0.0006960 seconds
[2023-11-09T11:55:09.269+0000][3182.753s][debug][safepoint     ] Safepoint synchronization initiated. (168 threads)
[2023-11-09T11:55:09.270+0000][3182.754s][info ][safepoint     ] Application time: 1.0010004 seconds
[2023-11-09T11:55:09.271+0000][3182.755s][info ][safepoint     ] Entering safepoint region: Cleanup
[2023-11-09T11:55:09.272+0000][3182.756s][info ][safepoint     ] Leaving safepoint region
[2023-11-09T11:55:09.272+0000][3182.757s][info ][safepoint     ] Total time for which application threads were stopped: 0.0017907 seconds, Stopping threads took: 0.0007918 seconds
[2023-11-09T11:55:10.273+0000][3183.758s][debug][safepoint     ] Safepoint synchronization initiated. (168 threads)
[2023-11-09T11:55:10.274+0000][3183.758s][info ][safepoint     ] Application time: 1.0006869 seconds
[2023-11-09T11:55:10.274+0000][3183.759s][info ][safepoint     ] Entering safepoint region: Cleanup
[2023-11-09T11:55:10.275+0000][3183.759s][info ][safepoint     ] Leaving safepoint region
[2023-11-09T11:55:10.275+0000][3183.760s][info ][safepoint     ] Total time for which application threads were stopped: 0.0010054 seconds, Stopping threads took: 0.0004077 seconds
[2023-11-09T11:55:11.276+0000][3184.760s][debug][safepoint     ] Safepoint synchronization initiated. (168 threads)
[2023-11-09T11:55:11.277+0000][3184.761s][info ][safepoint     ] Application time: 1.0007555 seconds
[2023-11-09T11:55:11.277+0000][3184.761s][info ][safepoint     ] Entering safepoint region: Cleanup
[2023-11-09T11:55:11.278+0000][3184.762s][info ][safepoint     ] Leaving safepoint region
[2023-11-09T11:55:11.278+0000][3184.763s][info ][safepoint     ] Total time for which application threads were stopped: 0.0013103 seconds, Stopping threads took: 0.0006431 seconds
[2023-11-09T11:55:12.279+0000][3185.763s][debug][safepoint     ] Safepoint synchronization initiated. (168 threads)
[2023-11-09T11:55:12.279+0000][3185.764s][info ][safepoint     ] Application time: 1.0005239 seconds
[2023-11-09T11:55:12.280+0000][3185.764s][info ][safepoint     ] Entering safepoint region: Cleanup
[2023-11-09T11:55:12.280+0000][3185.765s][info ][safepoint     ] Leaving safepoint region
[2023-11-09T11:55:12.281+0000][3185.765s][info ][safepoint     ] Total time for which application threads were stopped: 0.0008321 seconds, Stopping threads took: 0.0003037 seconds
[2023-11-09T11:55:13.281+0000][3186.765s][debug][safepoint     ] Safepoint synchronization initiated. (168 threads)
[2023-11-09T11:55:13.282+0000][3186.766s][info ][safepoint     ] Application time: 1.0010700 seconds
[2023-11-09T11:55:13.283+0000][3186.767s][info ][safepoint     ] Entering safepoint region: Cleanup
[2023-11-09T11:55:13.284+0000][3186.768s][info ][safepoint     ] Leaving safepoint region
[2023-11-09T11:55:13.284+0000][3186.769s][info ][safepoint     ] Total time for which application threads were stopped: 0.0016158 seconds, Stopping threads took: 0.0008050 seconds
[2023-11-09T11:55:14.285+0000][3187.769s][debug][safepoint     ] Safepoint synchronization initiated. (168 threads)
[2023-11-09T11:55:14.286+0000][3187.770s][info ][safepoint     ] Application time: 1.0007747 seconds
[2023-11-09T11:55:14.286+0000][3187.770s][info ][safepoint     ] Entering safepoint region: Cleanup
[2023-11-09T11:55:14.287+0000][3187.771s][info ][safepoint     ] Leaving safepoint region
[2023-11-09T11:55:14.287+0000][3187.771s][info ][safepoint     ] Total time for which application threads were stopped: 0.0010455 seconds, Stopping threads took: 0.0004645 seconds
[2023-11-09T11:55:15.288+0000][3188.772s][debug][safepoint     ] Safepoint synchronization initiated. (168 threads)
[2023-11-09T11:55:15.288+0000][3188.772s][info ][safepoint     ] Application time: 1.0006393 seconds
[2023-11-09T11:55:15.288+0000][3188.773s][info ][safepoint     ] Entering safepoint region: Cleanup
[2023-11-09T11:55:15.289+0000][3188.773s][info ][safepoint     ] Leaving safepoint region
[2023-11-09T11:55:15.289+0000][3188.774s][info ][safepoint     ] Total time for which application threads were stopped: 0.0010093 seconds, Stopping threads took: 0.0004327 seconds
[2023-11-09T11:55:16.290+0000][3189.774s][debug][safepoint     ] Safepoint synchronization initiated. (168 threads)
[2023-11-09T11:55:16.291+0000][3189.775s][info ][safepoint     ] Application time: 1.0010642 seconds
[2023-11-09T11:55:16.292+0000][3189.776s][info ][safepoint     ] Entering safepoint region: Cleanup
[2023-11-09T11:55:16.292+0000][3189.777s][info ][safepoint     ] Leaving safepoint region
[2023-11-09T11:55:16.293+0000][3189.777s][info ][safepoint     ] Total time for which application threads were stopped: 0.0014349 seconds, Stopping threads took: 0.0005989 seconds
[2023-11-09T11:55:17.294+0000][3190.778s][debug][safepoint     ] Safepoint synchronization initiated. (168 threads)
[2023-11-09T11:55:17.294+0000][3190.778s][info ][safepoint     ] Application time: 1.0007401 seconds
[2023-11-09T11:55:17.295+0000][3190.779s][info ][safepoint     ] Entering safepoint region: Cleanup
[2023-11-09T11:55:17.296+0000][3190.780s][info ][safepoint     ] Leaving safepoint region
[2023-11-09T11:55:17.296+0000][3190.780s][info ][safepoint     ] Total time for which application threads were stopped: 0.0012110 seconds, Stopping threads took: 0.0006270 seconds
[2023-11-09T11:55:18.296+0000][3191.781s][debug][safepoint     ] Safepoint synchronization initiated. (168 threads)
[2023-11-09T11:55:18.297+0000][3191.781s][info ][safepoint     ] Application time: 1.0007077 seconds
[2023-11-09T11:55:18.297+0000][3191.782s][info ][safepoint     ] Entering safepoint region: Cleanup
[2023-11-09T11:55:18.298+0000][3191.782s][info ][safepoint     ] Leaving safepoint region
[2023-11-09T11:55:18.299+0000][3191.783s][info ][safepoint     ] Total time for which application threads were stopped: 0.0011036 seconds, Stopping threads took: 0.0004464 seconds
[2023-11-09T11:55:19.299+0000][3192.784s][debug][safepoint     ] Safepoint synchronization initiated. (168 threads)
[2023-11-09T11:55:19.300+0000][3192.784s][info ][safepoint     ] Application time: 1.0008656 seconds
[2023-11-09T11:55:19.300+0000][3192.785s][info ][safepoint     ] Entering safepoint region: Cleanup
[2023-11-09T11:55:19.301+0000][3192.785s][info ][safepoint     ] Leaving safepoint region
[2023-11-09T11:55:19.301+0000][3192.786s][info ][safepoint     ] Total time for which application threads were stopped: 0.0011483 seconds, Stopping threads took: 0.0005383 seconds
[2023-11-09T11:55:20.302+0000][3193.786s][debug][safepoint     ] Safepoint synchronization initiated. (168 threads)
[2023-11-09T11:55:20.303+0000][3193.787s][info ][safepoint     ] Application time: 1.0006773 seconds
[2023-11-09T11:55:20.303+0000][3193.787s][info ][safepoint     ] Entering safepoint region: Cleanup
[2023-11-09T11:55:20.304+0000][3193.788s][info ][safepoint     ] Leaving safepoint region
[2023-11-09T11:55:20.304+0000][3193.788s][info ][safepoint     ] Total time for which application threads were stopped: 0.0010018 seconds, Stopping threads took: 0.0003948 seconds
[2023-11-09T11:55:21.305+0000][3194.789s][debug][safepoint     ] Safepoint synchronization initiated. (168 threads)
[2023-11-09T11:55:21.305+0000][3194.789s][info ][safepoint     ] Application time: 1.0005052 seconds
[2023-11-09T11:55:21.305+0000][3194.790s][info ][safepoint     ] Entering safepoint region: Cleanup
[2023-11-09T11:55:21.306+0000][3194.790s][info ][safepoint     ] Leaving safepoint region
[2023-11-09T11:55:21.306+0000][3194.791s][info ][safepoint     ] Total time for which application threads were stopped: 0.0008734 seconds, Stopping threads took: 0.0004491 seconds
[2023-11-09T11:55:22.307+0000][3195.791s][debug][safepoint     ] Safepoint synchronization initiated. (168 threads)
[2023-11-09T11:55:22.308+0000][3195.792s][info ][safepoint     ] Application time: 1.0010798 seconds
[2023-11-09T11:55:22.308+0000][3195.793s][info ][safepoint     ] Entering safepoint region: Cleanup
[2023-11-09T11:55:22.309+0000][3195.793s][info ][safepoint     ] Leaving safepoint region
[2023-11-09T11:55:22.310+0000][3195.794s][info ][safepoint     ] Total time for which application threads were stopped: 0.0013395 seconds, Stopping threads took: 0.0006612 seconds
[2023-11-09T11:55:23.310+0000][3196.795s][debug][safepoint     ] Safepoint synchronization initiated. (168 threads)
[2023-11-09T11:55:23.311+0000][3196.795s][info ][safepoint     ] Application time: 1.0011979 seconds
[2023-11-09T11:55:23.312+0000][3196.796s][info ][safepoint     ] Entering safepoint region: Cleanup
[2023-11-09T11:55:23.313+0000][3196.797s][info ][safepoint     ] Leaving safepoint region
[2023-11-09T11:55:23.314+0000][3196.798s][info ][safepoint     ] Total time for which application threads were stopped: 0.0015705 seconds, Stopping threads took: 0.0007493 seconds
[2023-11-09T11:55:24.315+0000][3197.799s][debug][safepoint     ] Safepoint synchronization initiated. (168 threads)
[2023-11-09T11:55:24.316+0000][3197.800s][info ][safepoint     ] Application time: 1.0016451 seconds
[2023-11-09T11:55:24.317+0000][3197.801s][info ][safepoint     ] Entering safepoint region: Cleanup
[2023-11-09T11:55:24.318+0000][3197.802s][info ][safepoint     ] Leaving safepoint region
[2023-11-09T11:55:24.319+0000][3197.803s][info ][safepoint     ] Total time for which application threads were stopped: 0.0021424 seconds, Stopping threads took: 0.0008200 seconds
[2023-11-09T11:55:25.320+0000][3198.804s][debug][safepoint     ] Safepoint synchronization initiated. (168 threads)
[2023-11-09T11:55:25.321+0000][3198.805s][info ][safepoint     ] Application time: 1.0011863 seconds
[2023-11-09T11:55:25.322+0000][3198.806s][info ][safepoint     ] Entering safepoint region: Cleanup
[2023-11-09T11:55:25.323+0000][3198.807s][info ][safepoint     ] Leaving safepoint region
[2023-11-09T11:55:25.323+0000][3198.808s][info ][safepoint     ] Total time for which application threads were stopped: 0.0015563 seconds, Stopping threads took: 0.0007843 seconds
[2023-11-09T11:55:26.324+0000][3199.808s][debug][safepoint     ] Safepoint synchronization initiated. (168 threads)
[2023-11-09T11:55:26.325+0000][3199.809s][info ][safepoint     ] Application time: 1.0007558 seconds
[2023-11-09T11:55:26.325+0000][3199.810s][info ][safepoint     ] Entering safepoint region: Cleanup
[2023-11-09T11:55:26.326+0000][3199.811s][info ][safepoint     ] Leaving safepoint region
[2023-11-09T11:55:26.327+0000][3199.812s][info ][safepoint     ] Total time for which application threads were stopped: 0.0020865 seconds, Stopping threads took: 0.0007655 seconds
[2023-11-09T11:55:27.328+0000][3200.812s][debug][safepoint     ] Safepoint synchronization initiated. (168 threads)
[2023-11-09T11:55:27.328+0000][3200.813s][info ][safepoint     ] Application time: 1.0005115 seconds
[2023-11-09T11:55:27.329+0000][3200.813s][info ][safepoint     ] Entering safepoint region: Cleanup
[2023-11-09T11:55:27.329+0000][3200.813s][info ][safepoint     ] Leaving safepoint region
[2023-11-09T11:55:27.329+0000][3200.814s][info ][safepoint     ] Total time for which application threads were stopped: 0.0007509 seconds, Stopping threads took: 0.0003388 seconds
[2023-11-09T11:55:28.330+0000][3201.814s][debug][safepoint     ] Safepoint synchronization initiated. (168 threads)
[2023-11-09T11:55:28.331+0000][3201.815s][info ][safepoint     ] Application time: 1.0012101 seconds
[2023-11-09T11:55:28.332+0000][3201.816s][info ][safepoint     ] Entering safepoint region: Cleanup
[2023-11-09T11:55:28.332+0000][3201.817s][info ][safepoint     ] Leaving safepoint region
[2023-11-09T11:55:28.333+0000][3201.817s][info ][safepoint     ] Total time for which application threads were stopped: 0.0012309 seconds, Stopping threads took: 0.0006252 seconds
[2023-11-09T11:55:29.334+0000][3202.818s][debug][safepoint     ] Safepoint synchronization initiated. (168 threads)
[2023-11-09T11:55:29.335+0000][3202.819s][info ][safepoint     ] Application time: 1.0015141 seconds
[2023-11-09T11:55:29.336+0000][3202.820s][info ][safepoint     ] Entering safepoint region: Cleanup
[2023-11-09T11:55:29.337+0000][3202.821s][info ][safepoint     ] Leaving safepoint region
[2023-11-09T11:55:29.337+0000][3202.821s][info ][safepoint     ] Total time for which application threads were stopped: 0.0014466 seconds, Stopping threads took: 0.0006492 seconds
[2023-11-09T11:55:30.338+0000][3203.822s][debug][safepoint     ] Safepoint synchronization initiated. (168 threads)
[2023-11-09T11:55:30.338+0000][3203.822s][info ][safepoint     ] Application time: 1.0005321 seconds
[2023-11-09T11:55:30.339+0000][3203.823s][info ][safepoint     ] Entering safepoint region: Cleanup
[2023-11-09T11:55:30.339+0000][3203.823s][info ][safepoint     ] Leaving safepoint region
[2023-11-09T11:55:30.339+0000][3203.824s][info ][safepoint     ] Total time for which application threads were stopped: 0.0008742 seconds, Stopping threads took: 0.0003576 seconds
[2023-11-09T11:55:31.340+0000][3204.824s][debug][safepoint     ] Safepoint synchronization initiated. (168 threads)
[2023-11-09T11:55:31.341+0000][3204.825s][info ][safepoint     ] Application time: 1.0011429 seconds
[2023-11-09T11:55:31.342+0000][3204.826s][info ][safepoint     ] Entering safepoint region: Cleanup
[2023-11-09T11:55:31.343+0000][3204.827s][info ][safepoint     ] Leaving safepoint region
[2023-11-09T11:55:31.343+0000][3204.828s][info ][safepoint     ] Total time for which application threads were stopped: 0.0015448 seconds, Stopping threads took: 0.0008085 seconds
[2023-11-09T11:55:32.344+0000][3205.829s][debug][safepoint     ] Safepoint synchronization initiated. (168 threads)
[2023-11-09T11:55:32.345+0000][3205.829s][info ][safepoint     ] Application time: 1.0011828 seconds
[2023-11-09T11:55:32.346+0000][3205.830s][info ][safepoint     ] Entering safepoint region: Cleanup
[2023-11-09T11:55:32.347+0000][3205.831s][info ][safepoint     ] Leaving safepoint region
[2023-11-09T11:55:32.348+0000][3205.832s][info ][safepoint     ] Total time for which application threads were stopped: 0.0018006 seconds, Stopping threads took: 0.0008053 seconds
[2023-11-09T11:55:33.349+0000][3206.833s][debug][safepoint     ] Safepoint synchronization initiated. (168 threads)
[2023-11-09T11:55:33.350+0000][3206.834s][info ][safepoint     ] Application time: 1.0013000 seconds
[2023-11-09T11:55:33.351+0000][3206.835s][info ][safepoint     ] Entering safepoint region: Cleanup
[2023-11-09T11:55:33.352+0000][3206.836s][info ][safepoint     ] Leaving safepoint region
[2023-11-09T11:55:33.352+0000][3206.837s][info ][safepoint     ] Total time for which application threads were stopped: 0.0017886 seconds, Stopping threads took: 0.0008058 seconds
[2023-11-09T11:55:34.353+0000][3207.837s][debug][safepoint     ] Safepoint synchronization initiated. (168 threads)
[2023-11-09T11:55:34.354+0000][3207.838s][info ][safepoint     ] Application time: 1.0012065 seconds
[2023-11-09T11:55:34.355+0000][3207.839s][info ][safepoint     ] Entering safepoint region: Cleanup
[2023-11-09T11:55:34.356+0000][3207.840s][info ][safepoint     ] Leaving safepoint region
[2023-11-09T11:55:34.357+0000][3207.841s][info ][safepoint     ] Total time for which application threads were stopped: 0.0019368 seconds, Stopping threads took: 0.0008366 seconds
[2023-11-09T11:55:35.358+0000][3208.842s][debug][safepoint     ] Safepoint synchronization initiated. (168 threads)
[2023-11-09T11:55:35.359+0000][3208.843s][info ][safepoint     ] Application time: 1.0010235 seconds
[2023-11-09T11:55:35.359+0000][3208.843s][info ][safepoint     ] Entering safepoint region: Cleanup
[2023-11-09T11:55:35.360+0000][3208.844s][info ][safepoint     ] Leaving safepoint region
[2023-11-09T11:55:35.360+0000][3208.844s][info ][safepoint     ] Total time for which application threads were stopped: 0.0010722 seconds, Stopping threads took: 0.0004410 seconds
[2023-11-09T11:55:36.361+0000][3209.845s][debug][safepoint     ] Safepoint synchronization initiated. (168 threads)
[2023-11-09T11:55:36.362+0000][3209.846s][info ][safepoint     ] Application time: 1.0008734 seconds
[2023-11-09T11:55:36.362+0000][3209.846s][info ][safepoint     ] Entering safepoint region: Cleanup
[2023-11-09T11:55:36.363+0000][3209.847s][info ][safepoint     ] Leaving safepoint region
[2023-11-09T11:55:36.363+0000][3209.848s][info ][safepoint     ] Total time for which application threads were stopped: 0.0012850 seconds, Stopping threads took: 0.0005934 seconds
[2023-11-09T11:55:37.364+0000][3210.848s][debug][safepoint     ] Safepoint synchronization initiated. (168 threads)
[2023-11-09T11:55:37.365+0000][3210.849s][info ][safepoint     ] Application time: 1.0007738 seconds
[2023-11-09T11:55:37.365+0000][3210.849s][info ][safepoint     ] Entering safepoint region: Cleanup
[2023-11-09T11:55:37.366+0000][3210.850s][info ][safepoint     ] Leaving safepoint region
[2023-11-09T11:55:37.366+0000][3210.851s][info ][safepoint     ] Total time for which application threads were stopped: 0.0012023 seconds, Stopping threads took: 0.0004970 seconds
[2023-11-09T11:55:38.367+0000][3211.851s][debug][safepoint     ] Safepoint synchronization initiated. (168 threads)
[2023-11-09T11:55:38.368+0000][3211.852s][info ][safepoint     ] Application time: 1.0007283 seconds
[2023-11-09T11:55:38.368+0000][3211.852s][info ][safepoint     ] Entering safepoint region: Cleanup
[2023-11-09T11:55:38.369+0000][3211.853s][info ][safepoint     ] Leaving safepoint region
[2023-11-09T11:55:38.369+0000][3211.853s][info ][safepoint     ] Total time for which application threads were stopped: 0.0010693 seconds, Stopping threads took: 0.0005118 seconds
[2023-11-09T11:55:39.371+0000][3212.854s][debug][safepoint     ] Safepoint synchronization initiated. (168 threads)
[2023-11-09T11:55:39.372+0000][3212.855s][info ][safepoint     ] Application time: 1.0009789 seconds
[2023-11-09T11:55:39.373+0000][3212.855s][info ][safepoint     ] Entering safepoint region: Cleanup
[2023-11-09T11:55:39.373+0000][3212.856s][info ][safepoint     ] Leaving safepoint region
[2023-11-09T11:55:39.374+0000][3212.857s][info ][safepoint     ] Total time for which application threads were stopped: 0.0012846 seconds, Stopping threads took: 0.0005553 seconds
[2023-11-09T11:55:40.374+0000][3213.857s][debug][safepoint     ] Safepoint synchronization initiated. (168 threads)
[2023-11-09T11:55:40.375+0000][3213.858s][info ][safepoint     ] Application time: 1.0010792 seconds
[2023-11-09T11:55:40.376+0000][3213.859s][info ][safepoint     ] Entering safepoint region: Cleanup
[2023-11-09T11:55:40.380+0000][3213.863s][info ][safepoint     ] Leaving safepoint region
[2023-11-09T11:55:40.381+0000][3213.864s][info ][safepoint     ] Total time for which application threads were stopped: 0.0048174 seconds, Stopping threads took: 0.0006443 seconds
[2023-11-09T11:55:41.381+0000][3214.864s][debug][safepoint     ] Safepoint synchronization initiated. (168 threads)
[2023-11-09T11:55:41.382+0000][3214.865s][info ][safepoint     ] Application time: 1.0012316 seconds
[2023-11-09T11:55:41.383+0000][3214.866s][info ][safepoint     ] Entering safepoint region: Cleanup
[2023-11-09T11:55:41.384+0000][3214.867s][info ][safepoint     ] Leaving safepoint region
[2023-11-09T11:55:41.385+0000][3214.868s][info ][safepoint     ] Total time for which application threads were stopped: 0.0018304 seconds, Stopping threads took: 0.0007916 seconds
[2023-11-09T11:55:42.386+0000][3215.869s][debug][safepoint     ] Safepoint synchronization initiated. (168 threads)
[2023-11-09T11:55:42.386+0000][3215.869s][info ][safepoint     ] Application time: 1.0007509 seconds
[2023-11-09T11:55:42.387+0000][3215.870s][info ][safepoint     ] Entering safepoint region: Cleanup
[2023-11-09T11:55:42.387+0000][3215.870s][info ][safepoint     ] Leaving safepoint region
[2023-11-09T11:55:42.388+0000][3215.871s][info ][safepoint     ] Total time for which application threads were stopped: 0.0009766 seconds, Stopping threads took: 0.0004088 seconds
[2023-11-09T11:55:43.388+0000][3216.871s][debug][safepoint     ] Safepoint synchronization initiated. (168 threads)
[2023-11-09T11:55:43.389+0000][3216.872s][info ][safepoint     ] Application time: 1.0006015 seconds
[2023-11-09T11:55:43.389+0000][3216.872s][info ][safepoint     ] Entering safepoint region: Cleanup
[2023-11-09T11:55:43.389+0000][3216.872s][info ][safepoint     ] Leaving safepoint region
[2023-11-09T11:55:43.390+0000][3216.873s][info ][safepoint     ] Total time for which application threads were stopped: 0.0008681 seconds, Stopping threads took: 0.0003930 seconds
[2023-11-09T11:55:44.390+0000][3217.873s][debug][safepoint     ] Safepoint synchronization initiated. (168 threads)
[2023-11-09T11:55:44.391+0000][3217.874s][info ][safepoint     ] Application time: 1.0010923 seconds
[2023-11-09T11:55:44.392+0000][3217.875s][info ][safepoint     ] Entering safepoint region: Cleanup
[2023-11-09T11:55:44.393+0000][3217.876s][info ][safepoint     ] Leaving safepoint region
[2023-11-09T11:55:44.394+0000][3217.877s][info ][safepoint     ] Total time for which application threads were stopped: 0.0018183 seconds, Stopping threads took: 0.0007696 seconds
[2023-11-09T11:55:45.395+0000][3218.878s][debug][safepoint     ] Safepoint synchronization initiated. (168 threads)
[2023-11-09T11:55:45.395+0000][3218.878s][info ][safepoint     ] Application time: 1.0007248 seconds
[2023-11-09T11:55:45.396+0000][3218.879s][info ][safepoint     ] Entering safepoint region: Cleanup
[2023-11-09T11:55:45.397+0000][3218.879s][info ][safepoint     ] Leaving safepoint region
[2023-11-09T11:55:45.397+0000][3218.880s][info ][safepoint     ] Total time for which application threads were stopped: 0.0011262 seconds, Stopping threads took: 0.0004798 seconds
[2023-11-09T11:55:46.397+0000][3219.880s][debug][safepoint     ] Safepoint synchronization initiated. (168 threads)
[2023-11-09T11:55:46.398+0000][3219.881s][info ][safepoint     ] Application time: 1.0010485 seconds
[2023-11-09T11:55:46.399+0000][3219.882s][info ][safepoint     ] Entering safepoint region: Cleanup
[2023-11-09T11:55:46.400+0000][3219.883s][info ][safepoint     ] Leaving safepoint region
[2023-11-09T11:55:46.401+0000][3219.884s][info ][safepoint     ] Total time for which application threads were stopped: 0.0015313 seconds, Stopping threads took: 0.0006501 seconds
[2023-11-09T11:55:47.402+0000][3220.885s][debug][safepoint     ] Safepoint synchronization initiated. (168 threads)
[2023-11-09T11:55:47.403+0000][3220.886s][info ][safepoint     ] Application time: 1.0012230 seconds
[2023-11-09T11:55:47.403+0000][3220.886s][info ][safepoint     ] Entering safepoint region: Cleanup
[2023-11-09T11:55:47.404+0000][3220.887s][info ][safepoint     ] Leaving safepoint region
[2023-11-09T11:55:47.405+0000][3220.888s][info ][safepoint     ] Total time for which application threads were stopped: 0.0015145 seconds, Stopping threads took: 0.0007344 seconds
[2023-11-09T11:55:48.406+0000][3221.888s][debug][safepoint     ] Safepoint synchronization initiated. (168 threads)
[2023-11-09T11:55:48.407+0000][3221.890s][info ][safepoint     ] Application time: 1.0012234 seconds
[2023-11-09T11:55:48.407+0000][3221.890s][info ][safepoint     ] Entering safepoint region: Cleanup
[2023-11-09T11:55:48.409+0000][3221.892s][info ][safepoint     ] Leaving safepoint region
[2023-11-09T11:55:48.409+0000][3221.892s][info ][safepoint     ] Total time for which application threads were stopped: 0.0017576 seconds, Stopping threads took: 0.0008551 seconds
[2023-11-09T11:55:49.410+0000][3222.893s][debug][safepoint     ] Safepoint synchronization initiated. (168 threads)
[2023-11-09T11:55:49.411+0000][3222.894s][info ][safepoint     ] Application time: 1.0011075 seconds
[2023-11-09T11:55:49.412+0000][3222.895s][info ][safepoint     ] Entering safepoint region: Cleanup
[2023-11-09T11:55:49.413+0000][3222.896s][info ][safepoint     ] Leaving safepoint region
[2023-11-09T11:55:49.414+0000][3222.896s][info ][safepoint     ] Total time for which application threads were stopped: 0.0016788 seconds, Stopping threads took: 0.0008062 seconds
[2023-11-09T11:55:50.414+0000][3223.897s][debug][safepoint     ] Safepoint synchronization initiated. (168 threads)
[2023-11-09T11:55:50.415+0000][3223.898s][info ][safepoint     ] Application time: 1.0005238 seconds
[2023-11-09T11:55:50.415+0000][3223.898s][info ][safepoint     ] Entering safepoint region: Cleanup
[2023-11-09T11:55:50.416+0000][3223.898s][info ][safepoint     ] Leaving safepoint region
[2023-11-09T11:55:50.416+0000][3223.899s][info ][safepoint     ] Total time for which application threads were stopped: 0.0007019 seconds, Stopping threads took: 0.0002897 seconds
[2023-11-09T11:55:51.416+0000][3224.899s][debug][safepoint     ] Safepoint synchronization initiated. (168 threads)
[2023-11-09T11:55:51.417+0000][3224.900s][info ][safepoint     ] Application time: 1.0007059 seconds
[2023-11-09T11:55:51.417+0000][3224.900s][info ][safepoint     ] Entering safepoint region: Cleanup
[2023-11-09T11:55:51.418+0000][3224.901s][info ][safepoint     ] Leaving safepoint region
[2023-11-09T11:55:51.418+0000][3224.901s][info ][safepoint     ] Total time for which application threads were stopped: 0.0010877 seconds, Stopping threads took: 0.0003804 seconds
[2023-11-09T11:55:52.419+0000][3225.902s][debug][safepoint     ] Safepoint synchronization initiated. (168 threads)
[2023-11-09T11:55:52.420+0000][3225.903s][info ][safepoint     ] Application time: 1.0009086 seconds
[2023-11-09T11:55:52.420+0000][3225.903s][info ][safepoint     ] Entering safepoint region: Cleanup
[2023-11-09T11:55:52.421+0000][3225.904s][info ][safepoint     ] Leaving safepoint region
[2023-11-09T11:55:52.421+0000][3225.904s][info ][safepoint     ] Total time for which application threads were stopped: 0.0010723 seconds, Stopping threads took: 0.0004787 seconds
[2023-11-09T11:55:53.422+0000][3226.905s][debug][safepoint     ] Safepoint synchronization initiated. (169 threads)
[2023-11-09T11:55:53.423+0000][3226.905s][info ][safepoint     ] Application time: 1.0009268 seconds
[2023-11-09T11:55:53.423+0000][3226.906s][info ][safepoint     ] Entering safepoint region: Cleanup
[2023-11-09T11:55:53.424+0000][3226.907s][info ][safepoint     ] Leaving safepoint region
[2023-11-09T11:55:53.425+0000][3226.907s][info ][safepoint     ] Total time for which application threads were stopped: 0.0014199 seconds, Stopping threads took: 0.0006288 seconds
[2023-11-09T11:55:54.425+0000][3227.908s][debug][safepoint     ] Safepoint synchronization initiated. (169 threads)
[2023-11-09T11:55:54.426+0000][3227.909s][info ][safepoint     ] Application time: 1.0006650 seconds
[2023-11-09T11:55:54.426+0000][3227.909s][info ][safepoint     ] Entering safepoint region: Cleanup
[2023-11-09T11:55:54.427+0000][3227.910s][info ][safepoint     ] Leaving safepoint region
[2023-11-09T11:55:54.427+0000][3227.910s][info ][safepoint     ] Total time for which application threads were stopped: 0.0008151 seconds, Stopping threads took: 0.0003320 seconds
[2023-11-09T11:55:55.427+0000][3228.910s][debug][safepoint     ] Safepoint synchronization initiated. (169 threads)
[2023-11-09T11:55:55.428+0000][3228.911s][info ][safepoint     ] Application time: 1.0005324 seconds
[2023-11-09T11:55:55.428+0000][3228.911s][info ][safepoint     ] Entering safepoint region: Cleanup
[2023-11-09T11:55:55.429+0000][3228.912s][info ][safepoint     ] Leaving safepoint region
[2023-11-09T11:55:55.429+0000][3228.912s][info ][safepoint     ] Total time for which application threads were stopped: 0.0009303 seconds, Stopping threads took: 0.0004098 seconds
[2023-11-09T11:55:56.430+0000][3229.913s][debug][safepoint     ] Safepoint synchronization initiated. (169 threads)
[2023-11-09T11:55:56.430+0000][3229.913s][info ][safepoint     ] Application time: 1.0009095 seconds
[2023-11-09T11:55:56.431+0000][3229.914s][info ][safepoint     ] Entering safepoint region: Cleanup
[2023-11-09T11:55:56.432+0000][3229.915s][info ][safepoint     ] Leaving safepoint region
[2023-11-09T11:55:56.433+0000][3229.916s][info ][safepoint     ] Total time for which application threads were stopped: 0.0018379 seconds, Stopping threads took: 0.0007563 seconds
[2023-11-09T11:55:57.434+0000][3230.917s][debug][safepoint     ] Safepoint synchronization initiated. (169 threads)
[2023-11-09T11:55:57.434+0000][3230.917s][info ][safepoint     ] Application time: 1.0006560 seconds
[2023-11-09T11:55:57.435+0000][3230.918s][info ][safepoint     ] Entering safepoint region: Cleanup
[2023-11-09T11:55:57.435+0000][3230.918s][info ][safepoint     ] Leaving safepoint region
[2023-11-09T11:55:57.435+0000][3230.918s][info ][safepoint     ] Total time for which application threads were stopped: 0.0009052 seconds, Stopping threads took: 0.0003745 seconds
[2023-11-09T11:55:58.436+0000][3231.919s][debug][safepoint     ] Safepoint synchronization initiated. (169 threads)
[2023-11-09T11:55:58.437+0000][3231.920s][info ][safepoint     ] Application time: 1.0010325 seconds
[2023-11-09T11:55:58.438+0000][3231.920s][info ][safepoint     ] Entering safepoint region: Cleanup
[2023-11-09T11:55:58.438+0000][3231.921s][info ][safepoint     ] Leaving safepoint region
[2023-11-09T11:55:58.439+0000][3231.922s][info ][safepoint     ] Total time for which application threads were stopped: 0.0011207 seconds, Stopping threads took: 0.0005950 seconds
[2023-11-09T11:55:58.438+0000][3231.921s][debug][safepoint     ] ... found polling page return exception at pc = 0x00007fb4f0d6dc84, stub =0x00007fb4e8840600
[2023-11-09T11:55:58.438+0000][3231.921s][debug][safepoint     ] ... found polling page return exception at pc = 0x00007fb4f0d6dc84, stub =0x00007fb4e8840600
[2023-11-09T11:55:59.439+0000][3232.922s][debug][safepoint     ] Safepoint synchronization initiated. (169 threads)
[2023-11-09T11:55:59.440+0000][3232.923s][info ][safepoint     ] Application time: 1.0007991 seconds
[2023-11-09T11:55:59.440+0000][3232.923s][info ][safepoint     ] Entering safepoint region: Cleanup
[2023-11-09T11:55:59.441+0000][3232.924s][info ][safepoint     ] Leaving safepoint region
[2023-11-09T11:55:59.442+0000][3232.924s][info ][safepoint     ] Total time for which application threads were stopped: 0.0011518 seconds, Stopping threads took: 0.0005008 seconds
[2023-11-09T11:56:00.442+0000][3233.925s][debug][safepoint     ] Safepoint synchronization initiated. (169 threads)
[2023-11-09T11:56:00.443+0000][3233.925s][info ][safepoint     ] Application time: 1.0005035 seconds
[2023-11-09T11:56:00.443+0000][3233.926s][info ][safepoint     ] Entering safepoint region: Cleanup
[2023-11-09T11:56:00.443+0000][3233.926s][info ][safepoint     ] Leaving safepoint region
[2023-11-09T11:56:00.444+0000][3233.927s][info ][safepoint     ] Total time for which application threads were stopped: 0.0008773 seconds, Stopping threads took: 0.0003697 seconds
[2023-11-09T11:56:01.444+0000][3234.927s][debug][safepoint     ] Safepoint synchronization initiated. (169 threads)
[2023-11-09T11:56:01.445+0000][3234.928s][info ][safepoint     ] Application time: 1.0010222 seconds
[2023-11-09T11:56:01.446+0000][3234.929s][info ][safepoint     ] Entering safepoint region: Cleanup
[2023-11-09T11:56:01.447+0000][3234.930s][info ][safepoint     ] Leaving safepoint region
[2023-11-09T11:56:01.447+0000][3234.930s][info ][safepoint     ] Total time for which application threads were stopped: 0.0015448 seconds, Stopping threads took: 0.0006978 seconds
[2023-11-09T11:56:02.448+0000][3235.931s][debug][safepoint     ] Safepoint synchronization initiated. (169 threads)
[2023-11-09T11:56:02.449+0000][3235.932s][info ][safepoint     ] Application time: 1.0010878 seconds
[2023-11-09T11:56:02.450+0000][3235.933s][info ][safepoint     ] Entering safepoint region: Cleanup
[2023-11-09T11:56:02.451+0000][3235.934s][info ][safepoint     ] Leaving safepoint region
[2023-11-09T11:56:02.451+0000][3235.934s][info ][safepoint     ] Total time for which application threads were stopped: 0.0014587 seconds, Stopping threads took: 0.0006454 seconds
[2023-11-09T11:56:03.452+0000][3236.935s][debug][safepoint     ] Safepoint synchronization initiated. (169 threads)
[2023-11-09T11:56:03.453+0000][3236.936s][info ][safepoint     ] Application time: 1.0011726 seconds
[2023-11-09T11:56:03.454+0000][3236.936s][info ][safepoint     ] Entering safepoint region: Cleanup
[2023-11-09T11:56:03.455+0000][3236.937s][info ][safepoint     ] Leaving safepoint region
[2023-11-09T11:56:03.455+0000][3236.938s][info ][safepoint     ] Total time for which application threads were stopped: 0.0017057 seconds, Stopping threads took: 0.0007779 seconds
[2023-11-09T11:56:04.456+0000][3237.939s][debug][safepoint     ] Safepoint synchronization initiated. (169 threads)
[2023-11-09T11:56:04.457+0000][3237.940s][info ][safepoint     ] Application time: 1.0012808 seconds
[2023-11-09T11:56:04.458+0000][3237.941s][info ][safepoint     ] Entering safepoint region: Cleanup
[2023-11-09T11:56:04.459+0000][3237.942s][info ][safepoint     ] Leaving safepoint region
[2023-11-09T11:56:04.460+0000][3237.943s][info ][safepoint     ] Total time for which application threads were stopped: 0.0014933 seconds, Stopping threads took: 0.0006216 seconds
[2023-11-09T11:56:05.460+0000][3238.943s][debug][safepoint     ] Safepoint synchronization initiated. (169 threads)
[2023-11-09T11:56:05.461+0000][3238.944s][info ][safepoint     ] Application time: 1.0004540 seconds
[2023-11-09T11:56:05.461+0000][3238.944s][info ][safepoint     ] Entering safepoint region: Cleanup
[2023-11-09T11:56:05.461+0000][3238.944s][info ][safepoint     ] Leaving safepoint region
[2023-11-09T11:56:05.462+0000][3238.945s][info ][safepoint     ] Total time for which application threads were stopped: 0.0007783 seconds, Stopping threads took: 0.0002985 seconds
[2023-11-09T11:56:06.462+0000][3239.945s][debug][safepoint     ] Safepoint synchronization initiated. (169 threads)
[2023-11-09T11:56:06.463+0000][3239.945s][info ][safepoint     ] Application time: 1.0006003 seconds
[2023-11-09T11:56:06.463+0000][3239.946s][info ][safepoint     ] Entering safepoint region: Cleanup
[2023-11-09T11:56:06.463+0000][3239.946s][info ][safepoint     ] Leaving safepoint region
[2023-11-09T11:56:06.464+0000][3239.947s][info ][safepoint     ] Total time for which application threads were stopped: 0.0008623 seconds, Stopping threads took: 0.0004038 seconds
[2023-11-09T11:56:07.464+0000][3240.947s][debug][safepoint     ] Safepoint synchronization initiated. (169 threads)
[2023-11-09T11:56:07.465+0000][3240.948s][info ][safepoint     ] Application time: 1.0010172 seconds
[2023-11-09T11:56:07.466+0000][3240.949s][info ][safepoint     ] Entering safepoint region: Cleanup
[2023-11-09T11:56:07.467+0000][3240.950s][info ][safepoint     ] Leaving safepoint region
[2023-11-09T11:56:07.467+0000][3240.950s][info ][safepoint     ] Total time for which application threads were stopped: 0.0015299 seconds, Stopping threads took: 0.0006532 seconds
[2023-11-09T11:56:08.468+0000][3241.951s][debug][safepoint     ] Safepoint synchronization initiated. (169 threads)
[2023-11-09T11:56:08.469+0000][3241.952s][info ][safepoint     ] Application time: 1.0012412 seconds
[2023-11-09T11:56:08.470+0000][3241.953s][info ][safepoint     ] Entering safepoint region: Cleanup
[2023-11-09T11:56:08.471+0000][3241.954s][info ][safepoint     ] Leaving safepoint region
[2023-11-09T11:56:08.472+0000][3241.955s][info ][safepoint     ] Total time for which application threads were stopped: 0.0019340 seconds, Stopping threads took: 0.0008812 seconds
[2023-11-09T11:56:09.473+0000][3242.956s][debug][safepoint     ] Safepoint synchronization initiated. (169 threads)
[2023-11-09T11:56:09.473+0000][3242.956s][info ][safepoint     ] Application time: 1.0009886 seconds
[2023-11-09T11:56:09.474+0000][3242.957s][info ][safepoint     ] Entering safepoint region: Cleanup
[2023-11-09T11:56:09.475+0000][3242.958s][info ][safepoint     ] Leaving safepoint region
[2023-11-09T11:56:09.476+0000][3242.959s][info ][safepoint     ] Total time for which application threads were stopped: 0.0016447 seconds, Stopping threads took: 0.0006915 seconds
[2023-11-09T11:56:10.477+0000][3243.960s][debug][safepoint     ] Safepoint synchronization initiated. (169 threads)
[2023-11-09T11:56:10.477+0000][3243.960s][info ][safepoint     ] Application time: 1.0009797 seconds
[2023-11-09T11:56:10.478+0000][3243.961s][info ][safepoint     ] Entering safepoint region: Cleanup
[2023-11-09T11:56:10.479+0000][3243.962s][info ][safepoint     ] Leaving safepoint region
[2023-11-09T11:56:10.479+0000][3243.962s][info ][safepoint     ] Total time for which application threads were stopped: 0.0012401 seconds, Stopping threads took: 0.0005767 seconds
[2023-11-09T11:56:11.480+0000][3244.963s][debug][safepoint     ] Safepoint synchronization initiated. (169 threads)
[2023-11-09T11:56:11.481+0000][3244.964s][info ][safepoint     ] Application time: 1.0012622 seconds
[2023-11-09T11:56:11.482+0000][3244.965s][info ][safepoint     ] Entering safepoint region: Cleanup
[2023-11-09T11:56:11.483+0000][3244.966s][info ][safepoint     ] Leaving safepoint region
[2023-11-09T11:56:11.484+0000][3244.967s][info ][safepoint     ] Total time for which application threads were stopped: 0.0017946 seconds, Stopping threads took: 0.0008499 seconds
[2023-11-09T11:56:12.485+0000][3245.968s][debug][safepoint     ] Safepoint synchronization initiated. (169 threads)
[2023-11-09T11:56:12.485+0000][3245.968s][info ][safepoint     ] Application time: 1.0010948 seconds
[2023-11-09T11:56:12.486+0000][3245.969s][info ][safepoint     ] Entering safepoint region: Cleanup
[2023-11-09T11:56:12.487+0000][3245.970s][info ][safepoint     ] Leaving safepoint region
[2023-11-09T11:56:12.487+0000][3245.971s][info ][safepoint     ] Total time for which application threads were stopped: 0.0015035 seconds, Stopping threads took: 0.0006262 seconds
[2023-11-09T11:56:13.488+0000][3246.971s][debug][safepoint     ] Safepoint synchronization initiated. (169 threads)
[2023-11-09T11:56:13.489+0000][3246.972s][info ][safepoint     ] Application time: 1.0006505 seconds
[2023-11-09T11:56:13.489+0000][3246.972s][info ][safepoint     ] Entering safepoint region: Cleanup
[2023-11-09T11:56:13.490+0000][3246.973s][info ][safepoint     ] Leaving safepoint region
[2023-11-09T11:56:13.490+0000][3246.973s][info ][safepoint     ] Total time for which application threads were stopped: 0.0009774 seconds, Stopping threads took: 0.0004484 seconds
[2023-11-09T11:56:14.491+0000][3247.974s][debug][safepoint     ] Safepoint synchronization initiated. (169 threads)
[2023-11-09T11:56:14.491+0000][3247.974s][info ][safepoint     ] Application time: 1.0007884 seconds
[2023-11-09T11:56:14.492+0000][3247.975s][info ][safepoint     ] Entering safepoint region: Cleanup
[2023-11-09T11:56:14.492+0000][3247.976s][info ][safepoint     ] Leaving safepoint region
[2023-11-09T11:56:14.493+0000][3247.976s][info ][safepoint     ] Total time for which application threads were stopped: 0.0011515 seconds, Stopping threads took: 0.0005479 seconds
[2023-11-09T11:56:15.493+0000][3248.976s][debug][safepoint     ] Safepoint synchronization initiated. (169 threads)
[2023-11-09T11:56:15.494+0000][3248.977s][info ][safepoint     ] Application time: 1.0011404 seconds
[2023-11-09T11:56:15.495+0000][3248.978s][info ][safepoint     ] Entering safepoint region: Cleanup
[2023-11-09T11:56:15.496+0000][3248.979s][info ][safepoint     ] Leaving safepoint region
[2023-11-09T11:56:15.497+0000][3248.980s][info ][safepoint     ] Total time for which application threads were stopped: 0.0017601 seconds, Stopping threads took: 0.0007439 seconds
[2023-11-09T11:56:16.498+0000][3249.981s][debug][safepoint     ] Safepoint synchronization initiated. (169 threads)
[2023-11-09T11:56:16.498+0000][3249.982s][info ][safepoint     ] Application time: 1.0009581 seconds
[2023-11-09T11:56:16.499+0000][3249.982s][info ][safepoint     ] Entering safepoint region: Cleanup
[2023-11-09T11:56:16.500+0000][3249.983s][info ][safepoint     ] Leaving safepoint region
[2023-11-09T11:56:16.501+0000][3249.984s][info ][safepoint     ] Total time for which application threads were stopped: 0.0013284 seconds, Stopping threads took: 0.0005912 seconds
[2023-11-09T11:56:17.501+0000][3250.984s][debug][safepoint     ] Safepoint synchronization initiated. (169 threads)
[2023-11-09T11:56:17.502+0000][3250.985s][info ][safepoint     ] Application time: 1.0011139 seconds
[2023-11-09T11:56:17.503+0000][3250.986s][info ][safepoint     ] Entering safepoint region: Cleanup
[2023-11-09T11:56:17.504+0000][3250.987s][info ][safepoint     ] Leaving safepoint region
[2023-11-09T11:56:17.504+0000][3250.988s][info ][safepoint     ] Total time for which application threads were stopped: 0.0017557 seconds, Stopping threads took: 0.0009006 seconds
[2023-11-09T11:56:18.505+0000][3251.988s][debug][safepoint     ] Safepoint synchronization initiated. (169 threads)
[2023-11-09T11:56:18.506+0000][3251.989s][info ][safepoint     ] Application time: 1.0012338 seconds
[2023-11-09T11:56:18.507+0000][3251.990s][info ][safepoint     ] Entering safepoint region: Cleanup
[2023-11-09T11:56:18.508+0000][3251.991s][info ][safepoint     ] Leaving safepoint region
[2023-11-09T11:56:18.509+0000][3251.992s][info ][safepoint     ] Total time for which application threads were stopped: 0.0015392 seconds, Stopping threads took: 0.0006393 seconds
[2023-11-09T11:56:19.509+0000][3252.993s][debug][safepoint     ] Safepoint synchronization initiated. (169 threads)
[2023-11-09T11:56:19.510+0000][3252.993s][info ][safepoint     ] Application time: 1.0007447 seconds
[2023-11-09T11:56:19.511+0000][3252.994s][info ][safepoint     ] Entering safepoint region: Cleanup
[2023-11-09T11:56:19.511+0000][3252.994s][info ][safepoint     ] Leaving safepoint region
[2023-11-09T11:56:19.512+0000][3252.995s][info ][safepoint     ] Total time for which application threads were stopped: 0.0011069 seconds, Stopping threads took: 0.0004958 seconds
[2023-11-09T11:56:20.512+0000][3253.996s][debug][safepoint     ] Safepoint synchronization initiated. (169 threads)
[2023-11-09T11:56:20.513+0000][3253.996s][info ][safepoint     ] Application time: 1.0007841 seconds
[2023-11-09T11:56:20.514+0000][3253.997s][info ][safepoint     ] Entering safepoint region: Cleanup
[2023-11-09T11:56:20.514+0000][3253.997s][info ][safepoint     ] Leaving safepoint region
[2023-11-09T11:56:20.515+0000][3253.998s][info ][safepoint     ] Total time for which application threads were stopped: 0.0011492 seconds, Stopping threads took: 0.0005745 seconds
[2023-11-09T11:56:21.515+0000][3254.998s][debug][safepoint     ] Safepoint synchronization initiated. (169 threads)
[2023-11-09T11:56:21.516+0000][3254.999s][info ][safepoint     ] Application time: 1.0011693 seconds
[2023-11-09T11:56:21.517+0000][3255.000s][info ][safepoint     ] Entering safepoint region: Cleanup
[2023-11-09T11:56:21.518+0000][3255.001s][info ][safepoint     ] Leaving safepoint region
[2023-11-09T11:56:21.519+0000][3255.002s][info ][safepoint     ] Total time for which application threads were stopped: 0.0018355 seconds, Stopping threads took: 0.0008565 seconds
[2023-11-09T11:56:22.520+0000][3256.003s][debug][safepoint     ] Safepoint synchronization initiated. (169 threads)
[2023-11-09T11:56:22.520+0000][3256.004s][info ][safepoint     ] Application time: 1.0009585 seconds
[2023-11-09T11:56:22.521+0000][3256.004s][info ][safepoint     ] Entering safepoint region: Cleanup
[2023-11-09T11:56:22.522+0000][3256.005s][info ][safepoint     ] Leaving safepoint region
[2023-11-09T11:56:22.522+0000][3256.005s][info ][safepoint     ] Total time for which application threads were stopped: 0.0012264 seconds, Stopping threads took: 0.0005547 seconds
[2023-11-09T11:56:23.523+0000][3257.006s][debug][safepoint     ] Safepoint synchronization initiated. (169 threads)
[2023-11-09T11:56:23.524+0000][3257.007s][info ][safepoint     ] Application time: 1.0009035 seconds
[2023-11-09T11:56:23.524+0000][3257.007s][info ][safepoint     ] Entering safepoint region: Cleanup
[2023-11-09T11:56:23.525+0000][3257.008s][info ][safepoint     ] Leaving safepoint region
[2023-11-09T11:56:23.525+0000][3257.008s][info ][safepoint     ] Total time for which application threads were stopped: 0.0012156 seconds, Stopping threads took: 0.0005857 seconds
[2023-11-09T11:56:24.526+0000][3258.009s][debug][safepoint     ] Safepoint synchronization initiated. (169 threads)
[2023-11-09T11:56:24.527+0000][3258.010s][info ][safepoint     ] Application time: 1.0009218 seconds
[2023-11-09T11:56:24.527+0000][3258.010s][info ][safepoint     ] Entering safepoint region: Cleanup
[2023-11-09T11:56:24.528+0000][3258.011s][info ][safepoint     ] Leaving safepoint region
[2023-11-09T11:56:24.528+0000][3258.011s][info ][safepoint     ] Total time for which application threads were stopped: 0.0011178 seconds, Stopping threads took: 0.0005952 seconds
[2023-11-09T11:56:25.529+0000][3259.012s][debug][safepoint     ] Safepoint synchronization initiated. (169 threads)
[2023-11-09T11:56:25.530+0000][3259.013s][info ][safepoint     ] Application time: 1.0010524 seconds
[2023-11-09T11:56:25.530+0000][3259.014s][info ][safepoint     ] Entering safepoint region: Cleanup
[2023-11-09T11:56:25.531+0000][3259.014s][info ][safepoint     ] Leaving safepoint region
[2023-11-09T11:56:25.532+0000][3259.015s][info ][safepoint     ] Total time for which application threads were stopped: 0.0016457 seconds, Stopping threads took: 0.0007713 seconds
[2023-11-09T11:56:26.533+0000][3260.016s][debug][safepoint     ] Safepoint synchronization initiated. (169 threads)
[2023-11-09T11:56:26.534+0000][3260.017s][info ][safepoint     ] Application time: 1.0010735 seconds
[2023-11-09T11:56:26.535+0000][3260.018s][info ][safepoint     ] Entering safepoint region: Cleanup
[2023-11-09T11:56:26.536+0000][3260.019s][info ][safepoint     ] Leaving safepoint region
[2023-11-09T11:56:26.536+0000][3260.019s][info ][safepoint     ] Total time for which application threads were stopped: 0.0015367 seconds, Stopping threads took: 0.0006940 seconds
[2023-11-09T11:56:27.537+0000][3261.020s][debug][safepoint     ] Safepoint synchronization initiated. (169 threads)
[2023-11-09T11:56:27.538+0000][3261.021s][info ][safepoint     ] Application time: 1.0010253 seconds
[2023-11-09T11:56:27.539+0000][3261.022s][info ][safepoint     ] Entering safepoint region: Cleanup
[2023-11-09T11:56:27.539+0000][3261.022s][info ][safepoint     ] Leaving safepoint region
[2023-11-09T11:56:27.540+0000][3261.023s][info ][safepoint     ] Total time for which application threads were stopped: 0.0012081 seconds, Stopping threads took: 0.0004781 seconds
[2023-11-09T11:56:28.541+0000][3262.024s][debug][safepoint     ] Safepoint synchronization initiated. (169 threads)
[2023-11-09T11:56:28.541+0000][3262.024s][info ][safepoint     ] Application time: 1.0009402 seconds
[2023-11-09T11:56:28.542+0000][3262.025s][info ][safepoint     ] Entering safepoint region: Cleanup
[2023-11-09T11:56:28.543+0000][3262.026s][info ][safepoint     ] Leaving safepoint region
[2023-11-09T11:56:28.543+0000][3262.027s][info ][safepoint     ] Total time for which application threads were stopped: 0.0016435 seconds, Stopping threads took: 0.0007574 seconds
[2023-11-09T11:56:29.544+0000][3263.027s][debug][safepoint     ] Safepoint synchronization initiated. (169 threads)
[2023-11-09T11:56:29.545+0000][3263.028s][info ][safepoint     ] Application time: 1.0010319 seconds
[2023-11-09T11:56:29.546+0000][3263.029s][info ][safepoint     ] Entering safepoint region: Cleanup
[2023-11-09T11:56:29.547+0000][3263.030s][info ][safepoint     ] Leaving safepoint region
[2023-11-09T11:56:29.547+0000][3263.031s][info ][safepoint     ] Total time for which application threads were stopped: 0.0014980 seconds, Stopping threads took: 0.0007141 seconds
[2023-11-09T11:56:30.548+0000][3264.031s][debug][safepoint     ] Safepoint synchronization initiated. (169 threads)
[2023-11-09T11:56:30.549+0000][3264.032s][info ][safepoint     ] Application time: 1.0008529 seconds
[2023-11-09T11:56:30.550+0000][3264.033s][info ][safepoint     ] Entering safepoint region: Cleanup
[2023-11-09T11:56:30.551+0000][3264.034s][info ][safepoint     ] Leaving safepoint region
[2023-11-09T11:56:30.551+0000][3264.034s][info ][safepoint     ] Total time for which application threads were stopped: 0.0014098 seconds, Stopping threads took: 0.0007139 seconds
[2023-11-09T11:56:31.552+0000][3265.035s][debug][safepoint     ] Safepoint synchronization initiated. (169 threads)
[2023-11-09T11:56:31.552+0000][3265.035s][info ][safepoint     ] Application time: 1.0006298 seconds
[2023-11-09T11:56:31.553+0000][3265.036s][info ][safepoint     ] Entering safepoint region: Cleanup
[2023-11-09T11:56:31.553+0000][3265.036s][info ][safepoint     ] Leaving safepoint region
[2023-11-09T11:56:31.553+0000][3265.037s][info ][safepoint     ] Total time for which application threads were stopped: 0.0008826 seconds, Stopping threads took: 0.0003385 seconds
[2023-11-09T11:56:32.554+0000][3266.037s][debug][safepoint     ] Safepoint synchronization initiated. (169 threads)
[2023-11-09T11:56:32.555+0000][3266.038s][info ][safepoint     ] Application time: 1.0011867 seconds
[2023-11-09T11:56:32.556+0000][3266.039s][info ][safepoint     ] Entering safepoint region: Cleanup
[2023-11-09T11:56:32.557+0000][3266.040s][info ][safepoint     ] Leaving safepoint region
[2023-11-09T11:56:32.558+0000][3266.041s][info ][safepoint     ] Total time for which application threads were stopped: 0.0017406 seconds, Stopping threads took: 0.0008894 seconds
[2023-11-09T11:56:33.558+0000][3267.041s][debug][safepoint     ] Safepoint synchronization initiated. (169 threads)
[2023-11-09T11:56:33.559+0000][3267.042s][info ][safepoint     ] Application time: 1.0006717 seconds
[2023-11-09T11:56:33.559+0000][3267.043s][debug][safepoint     ] ... found polling page return exception at pc = 0x00007fb4f0a0f376, stub =0x00007fb4e8840600
[2023-11-09T11:56:33.560+0000][3267.043s][debug][safepoint     ] Waiting for 1 thread(s) to block
[2023-11-09T11:56:33.560+0000][3267.043s][info ][safepoint     ] Entering safepoint region: Cleanup
[2023-11-09T11:56:33.561+0000][3267.044s][info ][safepoint     ] Leaving safepoint region
[2023-11-09T11:56:33.561+0000][3267.044s][info ][safepoint     ] Total time for which application threads were stopped: 0.0015961 seconds, Stopping threads took: 0.0011278 seconds
[2023-11-09T11:56:34.561+0000][3268.045s][debug][safepoint     ] Safepoint synchronization initiated. (169 threads)
[2023-11-09T11:56:34.562+0000][3268.045s][info ][safepoint     ] Application time: 1.0011250 seconds
[2023-11-09T11:56:34.563+0000][3268.046s][info ][safepoint     ] Entering safepoint region: Cleanup
[2023-11-09T11:56:34.564+0000][3268.047s][info ][safepoint     ] Leaving safepoint region
[2023-11-09T11:56:34.565+0000][3268.048s][info ][safepoint     ] Total time for which application threads were stopped: 0.0015602 seconds, Stopping threads took: 0.0006109 seconds
[2023-11-09T11:56:35.565+0000][3269.049s][debug][safepoint     ] Safepoint synchronization initiated. (169 threads)
[2023-11-09T11:56:35.566+0000][3269.049s][info ][safepoint     ] Application time: 1.0008825 seconds
[2023-11-09T11:56:35.567+0000][3269.050s][info ][safepoint     ] Entering safepoint region: Cleanup
[2023-11-09T11:56:35.567+0000][3269.050s][info ][safepoint     ] Leaving safepoint region
[2023-11-09T11:56:35.568+0000][3269.051s][info ][safepoint     ] Total time for which application threads were stopped: 0.0010674 seconds, Stopping threads took: 0.0004440 seconds
[2023-11-09T11:56:36.569+0000][3270.052s][debug][safepoint     ] Safepoint synchronization initiated. (169 threads)
[2023-11-09T11:56:36.569+0000][3270.052s][info ][safepoint     ] Application time: 1.0012284 seconds
[2023-11-09T11:56:36.570+0000][3270.053s][info ][safepoint     ] Entering safepoint region: Cleanup
[2023-11-09T11:56:36.571+0000][3270.054s][info ][safepoint     ] Leaving safepoint region
[2023-11-09T11:56:36.572+0000][3270.055s][info ][safepoint     ] Total time for which application threads were stopped: 0.0015391 seconds, Stopping threads took: 0.0006680 seconds
[2023-11-09T11:56:37.572+0000][3271.055s][debug][safepoint     ] Safepoint synchronization initiated. (169 threads)
[2023-11-09T11:56:37.573+0000][3271.056s][info ][safepoint     ] Application time: 1.0004858 seconds
[2023-11-09T11:56:37.573+0000][3271.056s][info ][safepoint     ] Entering safepoint region: Cleanup
[2023-11-09T11:56:37.573+0000][3271.057s][info ][safepoint     ] Leaving safepoint region
[2023-11-09T11:56:37.574+0000][3271.057s][info ][safepoint     ] Total time for which application threads were stopped: 0.0008125 seconds, Stopping threads took: 0.0002947 seconds
[2023-11-09T11:56:38.574+0000][3272.058s][debug][safepoint     ] Safepoint synchronization initiated. (169 threads)
[2023-11-09T11:56:38.575+0000][3272.058s][info ][safepoint     ] Application time: 1.0011665 seconds
[2023-11-09T11:56:38.576+0000][3272.059s][info ][safepoint     ] Entering safepoint region: Cleanup
[2023-11-09T11:56:38.577+0000][3272.060s][info ][safepoint     ] Leaving safepoint region
[2023-11-09T11:56:38.577+0000][3272.060s][info ][safepoint     ] Total time for which application threads were stopped: 0.0012703 seconds, Stopping threads took: 0.0005665 seconds
[2023-11-09T11:56:39.577+0000][3273.061s][debug][safepoint     ] Safepoint synchronization initiated. (169 threads)
[2023-11-09T11:56:39.578+0000][3273.062s][info ][safepoint     ] Application time: 1.0012453 seconds
[2023-11-09T11:56:39.579+0000][3273.063s][info ][safepoint     ] Entering safepoint region: Cleanup
[2023-11-09T11:56:39.580+0000][3273.064s][info ][safepoint     ] Leaving safepoint region
[2023-11-09T11:56:39.581+0000][3273.065s][info ][safepoint     ] Total time for which application threads were stopped: 0.0018970 seconds, Stopping threads took: 0.0007889 seconds
[2023-11-09T11:56:40.582+0000][3274.065s][debug][safepoint     ] Safepoint synchronization initiated. (169 threads)
[2023-11-09T11:56:40.583+0000][3274.067s][info ][safepoint     ] Application time: 1.0012843 seconds
[2023-11-09T11:56:40.584+0000][3274.068s][info ][safepoint     ] Entering safepoint region: Cleanup
[2023-11-09T11:56:40.585+0000][3274.069s][info ][safepoint     ] Leaving safepoint region
[2023-11-09T11:56:40.586+0000][3274.070s][info ][safepoint     ] Total time for which application threads were stopped: 0.0020092 seconds, Stopping threads took: 0.0009063 seconds
[2023-11-09T11:56:41.587+0000][3275.071s][debug][safepoint     ] Safepoint synchronization initiated. (169 threads)
[2023-11-09T11:56:41.588+0000][3275.072s][info ][safepoint     ] Application time: 1.0014834 seconds
[2023-11-09T11:56:41.589+0000][3275.073s][info ][safepoint     ] Entering safepoint region: Cleanup
[2023-11-09T11:56:41.590+0000][3275.074s][info ][safepoint     ] Leaving safepoint region
[2023-11-09T11:56:41.591+0000][3275.075s][info ][safepoint     ] Total time for which application threads were stopped: 0.0019792 seconds, Stopping threads took: 0.0008276 seconds
[2023-11-09T11:56:42.592+0000][3276.075s][debug][safepoint     ] Safepoint synchronization initiated. (169 threads)
[2023-11-09T11:56:42.592+0000][3276.076s][info ][safepoint     ] Application time: 1.0005689 seconds
[2023-11-09T11:56:42.593+0000][3276.076s][info ][safepoint     ] Entering safepoint region: Cleanup
[2023-11-09T11:56:42.593+0000][3276.077s][info ][safepoint     ] Leaving safepoint region
[2023-11-09T11:56:42.593+0000][3276.077s][info ][safepoint     ] Total time for which application threads were stopped: 0.0007282 seconds, Stopping threads took: 0.0002892 seconds
[2023-11-09T11:56:43.594+0000][3277.077s][debug][safepoint     ] Safepoint synchronization initiated. (169 threads)
[2023-11-09T11:56:43.595+0000][3277.078s][info ][safepoint     ] Application time: 1.0012780 seconds
[2023-11-09T11:56:43.596+0000][3277.079s][info ][safepoint     ] Entering safepoint region: Cleanup
[2023-11-09T11:56:43.597+0000][3277.080s][info ][safepoint     ] Leaving safepoint region
[2023-11-09T11:56:43.597+0000][3277.081s][info ][safepoint     ] Total time for which application threads were stopped: 0.0017436 seconds, Stopping threads took: 0.0007634 seconds
[2023-11-09T11:56:44.598+0000][3278.082s][debug][safepoint     ] Safepoint synchronization initiated. (169 threads)
[2023-11-09T11:56:44.599+0000][3278.083s][info ][safepoint     ] Application time: 1.0010632 seconds
[2023-11-09T11:56:44.600+0000][3278.083s][info ][safepoint     ] Entering safepoint region: Cleanup
[2023-11-09T11:56:44.601+0000][3278.084s][info ][safepoint     ] Leaving safepoint region
[2023-11-09T11:56:44.601+0000][3278.085s][info ][safepoint     ] Total time for which application threads were stopped: 0.0014579 seconds, Stopping threads took: 0.0006680 seconds
[2023-11-09T11:56:45.602+0000][3279.086s][debug][safepoint     ] Safepoint synchronization initiated. (169 threads)
[2023-11-09T11:56:45.603+0000][3279.086s][info ][safepoint     ] Application time: 1.0008115 seconds
[2023-11-09T11:56:45.603+0000][3279.087s][info ][safepoint     ] Entering safepoint region: Cleanup
[2023-11-09T11:56:45.604+0000][3279.088s][info ][safepoint     ] Leaving safepoint region
[2023-11-09T11:56:45.605+0000][3279.088s][info ][safepoint     ] Total time for which application threads were stopped: 0.0012699 seconds, Stopping threads took: 0.0005698 seconds
[2023-11-09T11:56:46.605+0000][3280.089s][debug][safepoint     ] Safepoint synchronization initiated. (169 threads)
[2023-11-09T11:56:46.606+0000][3280.090s][info ][safepoint     ] Application time: 1.0007098 seconds
[2023-11-09T11:56:46.606+0000][3280.090s][info ][safepoint     ] Entering safepoint region: Cleanup
[2023-11-09T11:56:46.607+0000][3280.091s][info ][safepoint     ] Leaving safepoint region
[2023-11-09T11:56:46.607+0000][3280.091s][info ][safepoint     ] Total time for which application threads were stopped: 0.0010476 seconds, Stopping threads took: 0.0004709 seconds
[2023-11-09T11:56:47.608+0000][3281.092s][debug][safepoint     ] Safepoint synchronization initiated. (169 threads)
[2023-11-09T11:56:47.609+0000][3281.093s][info ][safepoint     ] Application time: 1.0010810 seconds
[2023-11-09T11:56:47.610+0000][3281.094s][debug][safepoint     ] ... found polling page return exception at pc = 0x00007fb4f0b14274, stub =0x00007fb4e8840600
[2023-11-09T11:56:47.610+0000][3281.094s][debug][safepoint     ] ... found polling page return exception at pc = 0x00007fb4f0c27368, stub =0x00007fb4e8840600
[2023-11-09T11:56:47.611+0000][3281.095s][debug][safepoint     ] Waiting for 2 thread(s) to block
[2023-11-09T11:56:47.612+0000][3281.096s][info ][safepoint     ] Entering safepoint region: Cleanup
[2023-11-09T11:56:47.613+0000][3281.097s][info ][safepoint     ] Leaving safepoint region
[2023-11-09T11:56:47.613+0000][3281.097s][info ][safepoint     ] Total time for which application threads were stopped: 0.0035954 seconds, Stopping threads took: 0.0029477 seconds
[2023-11-09T11:56:48.614+0000][3282.098s][debug][safepoint     ] Safepoint synchronization initiated. (169 threads)
[2023-11-09T11:56:48.615+0000][3282.099s][info ][safepoint     ] Application time: 1.0012263 seconds
[2023-11-09T11:56:48.616+0000][3282.100s][info ][safepoint     ] Entering safepoint region: Cleanup
[2023-11-09T11:56:48.617+0000][3282.101s][info ][safepoint     ] Leaving safepoint region
[2023-11-09T11:56:48.618+0000][3282.101s][info ][safepoint     ] Total time for which application threads were stopped: 0.0018431 seconds, Stopping threads took: 0.0007467 seconds
[2023-11-09T11:56:49.619+0000][3283.102s][debug][safepoint     ] Safepoint synchronization initiated. (169 threads)
[2023-11-09T11:56:49.619+0000][3283.103s][info ][safepoint     ] Application time: 1.0008547 seconds
[2023-11-09T11:56:49.620+0000][3283.103s][info ][safepoint     ] Entering safepoint region: Cleanup
[2023-11-09T11:56:49.620+0000][3283.104s][info ][safepoint     ] Leaving safepoint region
[2023-11-09T11:56:49.621+0000][3283.105s][info ][safepoint     ] Total time for which application threads were stopped: 0.0013352 seconds, Stopping threads took: 0.0006051 seconds
[2023-11-09T11:56:50.622+0000][3284.105s][debug][safepoint     ] Safepoint synchronization initiated. (169 threads)
[2023-11-09T11:56:50.622+0000][3284.106s][info ][safepoint     ] Application time: 1.0010376 seconds
[2023-11-09T11:56:50.623+0000][3284.107s][info ][safepoint     ] Entering safepoint region: Cleanup
[2023-11-09T11:56:50.624+0000][3284.107s][info ][safepoint     ] Leaving safepoint region
[2023-11-09T11:56:50.624+0000][3284.108s][info ][safepoint     ] Total time for which application threads were stopped: 0.0011194 seconds, Stopping threads took: 0.0004869 seconds
[2023-11-09T11:56:51.625+0000][3285.108s][debug][safepoint     ] Safepoint synchronization initiated. (169 threads)
[2023-11-09T11:56:51.625+0000][3285.109s][info ][safepoint     ] Application time: 1.0006759 seconds
[2023-11-09T11:56:51.626+0000][3285.109s][info ][safepoint     ] Entering safepoint region: Cleanup
[2023-11-09T11:56:51.626+0000][3285.110s][info ][safepoint     ] Leaving safepoint region
[2023-11-09T11:56:51.627+0000][3285.110s][info ][safepoint     ] Total time for which application threads were stopped: 0.0009871 seconds, Stopping threads took: 0.0004114 seconds
[2023-11-09T11:56:52.627+0000][3286.111s][debug][safepoint     ] Safepoint synchronization initiated. (169 threads)
[2023-11-09T11:56:52.628+0000][3286.112s][info ][safepoint     ] Application time: 1.0010617 seconds
[2023-11-09T11:56:52.629+0000][3286.113s][info ][safepoint     ] Entering safepoint region: Cleanup
[2023-11-09T11:56:52.630+0000][3286.114s][info ][safepoint     ] Leaving safepoint region
[2023-11-09T11:56:52.631+0000][3286.114s][info ][safepoint     ] Total time for which application threads were stopped: 0.0017579 seconds, Stopping threads took: 0.0007179 seconds
[2023-11-09T11:56:53.631+0000][3287.115s][debug][safepoint     ] Safepoint synchronization initiated. (169 threads)
[2023-11-09T11:56:53.632+0000][3287.116s][info ][safepoint     ] Application time: 1.0007501 seconds
[2023-11-09T11:56:53.633+0000][3287.116s][info ][safepoint     ] Entering safepoint region: Cleanup
[2023-11-09T11:56:53.633+0000][3287.117s][info ][safepoint     ] Leaving safepoint region
[2023-11-09T11:56:53.634+0000][3287.117s][info ][safepoint     ] Total time for which application threads were stopped: 0.0012388 seconds, Stopping threads took: 0.0004612 seconds
[2023-11-09T11:56:54.634+0000][3288.118s][debug][safepoint     ] Safepoint synchronization initiated. (169 threads)
[2023-11-09T11:56:54.635+0000][3288.119s][info ][safepoint     ] Application time: 1.0011260 seconds
[2023-11-09T11:56:54.636+0000][3288.120s][info ][safepoint     ] Entering safepoint region: Cleanup
[2023-11-09T11:56:54.637+0000][3288.121s][info ][safepoint     ] Leaving safepoint region
[2023-11-09T11:56:54.638+0000][3288.122s][info ][safepoint     ] Total time for which application threads were stopped: 0.0019117 seconds, Stopping threads took: 0.0008241 seconds
[2023-11-09T11:56:55.639+0000][3289.123s][debug][safepoint     ] Safepoint synchronization initiated. (169 threads)
[2023-11-09T11:56:55.640+0000][3289.123s][info ][safepoint     ] Application time: 1.0010710 seconds
[2023-11-09T11:56:55.641+0000][3289.124s][info ][safepoint     ] Entering safepoint region: Cleanup
[2023-11-09T11:56:55.642+0000][3289.125s][info ][safepoint     ] Leaving safepoint region
[2023-11-09T11:56:55.642+0000][3289.126s][info ][safepoint     ] Total time for which application threads were stopped: 0.0014833 seconds, Stopping threads took: 0.0007686 seconds
[2023-11-09T11:56:56.643+0000][3290.126s][debug][safepoint     ] Safepoint synchronization initiated. (169 threads)
[2023-11-09T11:56:56.644+0000][3290.128s][info ][safepoint     ] Application time: 1.0013806 seconds
[2023-11-09T11:56:56.645+0000][3290.128s][info ][safepoint     ] Entering safepoint region: Cleanup
[2023-11-09T11:56:56.646+0000][3290.130s][info ][safepoint     ] Leaving safepoint region
[2023-11-09T11:56:56.647+0000][3290.131s][info ][safepoint     ] Total time for which application threads were stopped: 0.0020922 seconds, Stopping threads took: 0.0008767 seconds
[2023-11-09T11:56:57.648+0000][3291.132s][debug][safepoint     ] Safepoint synchronization initiated. (169 threads)
[2023-11-09T11:56:57.649+0000][3291.132s][info ][safepoint     ] Application time: 1.0009206 seconds
[2023-11-09T11:56:57.649+0000][3291.133s][info ][safepoint     ] Entering safepoint region: Cleanup
[2023-11-09T11:56:57.650+0000][3291.134s][info ][safepoint     ] Leaving safepoint region
[2023-11-09T11:56:57.650+0000][3291.134s][info ][safepoint     ] Total time for which application threads were stopped: 0.0012321 seconds, Stopping threads took: 0.0005656 seconds
[2023-11-09T11:56:58.651+0000][3292.135s][debug][safepoint     ] Safepoint synchronization initiated. (169 threads)
[2023-11-09T11:56:58.651+0000][3292.135s][info ][safepoint     ] Application time: 1.0006936 seconds
[2023-11-09T11:56:58.652+0000][3292.136s][info ][safepoint     ] Entering safepoint region: Cleanup
[2023-11-09T11:56:58.652+0000][3292.136s][info ][safepoint     ] Leaving safepoint region
[2023-11-09T11:56:58.653+0000][3292.136s][info ][safepoint     ] Total time for which application threads were stopped: 0.0009645 seconds, Stopping threads took: 0.0003976 seconds
[2023-11-09T11:56:59.653+0000][3293.137s][debug][safepoint     ] Safepoint synchronization initiated. (169 threads)
[2023-11-09T11:56:59.654+0000][3293.138s][info ][safepoint     ] Application time: 1.0010882 seconds
[2023-11-09T11:56:59.655+0000][3293.139s][info ][safepoint     ] Entering safepoint region: Cleanup
[2023-11-09T11:56:59.656+0000][3293.139s][info ][safepoint     ] Leaving safepoint region
[2023-11-09T11:56:59.656+0000][3293.140s][info ][safepoint     ] Total time for which application threads were stopped: 0.0014329 seconds, Stopping threads took: 0.0006107 seconds
[2023-11-09T11:57:00.657+0000][3294.141s][debug][safepoint     ] Safepoint synchronization initiated. (169 threads)
[2023-11-09T11:57:00.658+0000][3294.142s][info ][safepoint     ] Application time: 1.0010882 seconds
[2023-11-09T11:57:00.659+0000][3294.143s][info ][safepoint     ] Entering safepoint region: Cleanup
[2023-11-09T11:57:00.660+0000][3294.144s][info ][safepoint     ] Leaving safepoint region
[2023-11-09T11:57:00.660+0000][3294.144s][info ][safepoint     ] Total time for which application threads were stopped: 0.0016411 seconds, Stopping threads took: 0.0006934 seconds
[2023-11-09T11:57:01.661+0000][3295.145s][debug][safepoint     ] Safepoint synchronization initiated. (169 threads)
[2023-11-09T11:57:01.662+0000][3295.146s][info ][safepoint     ] Application time: 1.0011137 seconds
[2023-11-09T11:57:01.663+0000][3295.147s][info ][safepoint     ] Entering safepoint region: Cleanup
[2023-11-09T11:57:01.664+0000][3295.148s][info ][safepoint     ] Leaving safepoint region
[2023-11-09T11:57:01.665+0000][3295.148s][info ][safepoint     ] Total time for which application threads were stopped: 0.0018002 seconds, Stopping threads took: 0.0007632 seconds
[2023-11-09T11:57:02.666+0000][3296.149s][debug][safepoint     ] Safepoint synchronization initiated. (169 threads)
[2023-11-09T11:57:02.667+0000][3296.150s][info ][safepoint     ] Application time: 1.0012475 seconds
[2023-11-09T11:57:02.668+0000][3296.151s][info ][safepoint     ] Entering safepoint region: Cleanup
[2023-11-09T11:57:02.669+0000][3296.152s][info ][safepoint     ] Leaving safepoint region
[2023-11-09T11:57:02.669+0000][3296.153s][info ][safepoint     ] Total time for which application threads were stopped: 0.0017720 seconds, Stopping threads took: 0.0008514 seconds
[2023-11-09T11:57:03.670+0000][3297.154s][debug][safepoint     ] Safepoint synchronization initiated. (169 threads)
[2023-11-09T11:57:03.671+0000][3297.155s][info ][safepoint     ] Application time: 1.0010399 seconds
[2023-11-09T11:57:03.672+0000][3297.155s][info ][safepoint     ] Entering safepoint region: Cleanup
[2023-11-09T11:57:03.673+0000][3297.156s][info ][safepoint     ] Leaving safepoint region
[2023-11-09T11:57:03.673+0000][3297.157s][info ][safepoint     ] Total time for which application threads were stopped: 0.0015998 seconds, Stopping threads took: 0.0006335 seconds
[2023-11-09T11:57:04.674+0000][3298.158s][debug][safepoint     ] Safepoint synchronization initiated. (169 threads)
[2023-11-09T11:57:04.675+0000][3298.159s][info ][safepoint     ] Application time: 1.0011203 seconds
[2023-11-09T11:57:04.676+0000][3298.159s][info ][safepoint     ] Entering safepoint region: Cleanup
[2023-11-09T11:57:04.677+0000][3298.160s][info ][safepoint     ] Leaving safepoint region
[2023-11-09T11:57:04.678+0000][3298.161s][info ][safepoint     ] Total time for which application threads were stopped: 0.0018752 seconds, Stopping threads took: 0.0007565 seconds
[2023-11-09T11:57:05.679+0000][3299.162s][debug][safepoint     ] Safepoint synchronization initiated. (169 threads)
[2023-11-09T11:57:05.679+0000][3299.163s][info ][safepoint     ] Application time: 1.0007714 seconds
[2023-11-09T11:57:05.680+0000][3299.163s][info ][safepoint     ] Entering safepoint region: Cleanup
[2023-11-09T11:57:05.680+0000][3299.164s][info ][safepoint     ] Leaving safepoint region
[2023-11-09T11:57:05.681+0000][3299.164s][info ][safepoint     ] Total time for which application threads were stopped: 0.0012375 seconds, Stopping threads took: 0.0005166 seconds
[2023-11-09T11:57:06.681+0000][3300.165s][debug][safepoint     ] Safepoint synchronization initiated. (169 threads)
[2023-11-09T11:57:06.682+0000][3300.166s][info ][safepoint     ] Application time: 1.0012836 seconds
[2023-11-09T11:57:06.683+0000][3300.167s][info ][safepoint     ] Entering safepoint region: Cleanup
[2023-11-09T11:57:06.684+0000][3300.168s][info ][safepoint     ] Leaving safepoint region
[2023-11-09T11:57:06.685+0000][3300.169s][info ][safepoint     ] Total time for which application threads were stopped: 0.0018453 seconds, Stopping threads took: 0.0007590 seconds
[2023-11-09T11:57:07.686+0000][3301.170s][debug][safepoint     ] Safepoint synchronization initiated. (169 threads)
[2023-11-09T11:57:07.687+0000][3301.170s][info ][safepoint     ] Application time: 1.0005594 seconds
[2023-11-09T11:57:07.687+0000][3301.171s][info ][safepoint     ] Entering safepoint region: Cleanup
[2023-11-09T11:57:07.688+0000][3301.171s][info ][safepoint     ] Leaving safepoint region
[2023-11-09T11:57:07.688+0000][3301.172s][info ][safepoint     ] Total time for which application threads were stopped: 0.0012200 seconds, Stopping threads took: 0.0004583 seconds
[2023-11-09T11:57:08.689+0000][3302.173s][debug][safepoint     ] Safepoint synchronization initiated. (169 threads)
[2023-11-09T11:57:08.690+0000][3302.174s][info ][safepoint     ] Application time: 1.0015429 seconds
[2023-11-09T11:57:08.691+0000][3302.175s][info ][safepoint     ] Entering safepoint region: Cleanup
[2023-11-09T11:57:08.693+0000][3302.176s][info ][safepoint     ] Leaving safepoint region
[2023-11-09T11:57:08.693+0000][3302.177s][info ][safepoint     ] Total time for which application threads were stopped: 0.0020723 seconds, Stopping threads took: 0.0009545 seconds
[2023-11-09T11:57:09.694+0000][3303.178s][debug][safepoint     ] Safepoint synchronization initiated. (169 threads)
[2023-11-09T11:57:09.695+0000][3303.179s][info ][safepoint     ] Application time: 1.0015302 seconds
[2023-11-09T11:57:09.696+0000][3303.180s][info ][safepoint     ] Entering safepoint region: Cleanup
[2023-11-09T11:57:09.698+0000][3303.182s][info ][safepoint     ] Leaving safepoint region
[2023-11-09T11:57:09.699+0000][3303.183s][info ][safepoint     ] Total time for which application threads were stopped: 0.0023048 seconds, Stopping threads took: 0.0010714 seconds
[2023-11-09T11:57:10.700+0000][3304.184s][debug][safepoint     ] Safepoint synchronization initiated. (169 threads)
[2023-11-09T11:57:10.701+0000][3304.185s][info ][safepoint     ] Application time: 1.0014139 seconds
[2023-11-09T11:57:10.702+0000][3304.186s][info ][safepoint     ] Entering safepoint region: Cleanup
[2023-11-09T11:57:10.703+0000][3304.187s][info ][safepoint     ] Leaving safepoint region
[2023-11-09T11:57:10.704+0000][3304.188s][info ][safepoint     ] Total time for which application threads were stopped: 0.0018897 seconds, Stopping threads took: 0.0009261 seconds
[2023-11-09T11:57:11.705+0000][3305.189s][debug][safepoint     ] Safepoint synchronization initiated. (169 threads)
[2023-11-09T11:57:11.706+0000][3305.190s][info ][safepoint     ] Application time: 1.0015284 seconds
[2023-11-09T11:57:11.707+0000][3305.191s][info ][safepoint     ] Entering safepoint region: Cleanup
[2023-11-09T11:57:11.708+0000][3305.192s][info ][safepoint     ] Leaving safepoint region
[2023-11-09T11:57:11.708+0000][3305.192s][info ][safepoint     ] Total time for which application threads were stopped: 0.0017522 seconds, Stopping threads took: 0.0008137 seconds
[2023-11-09T11:57:12.709+0000][3306.193s][debug][safepoint     ] Safepoint synchronization initiated. (169 threads)
[2023-11-09T11:57:12.710+0000][3306.194s][info ][safepoint     ] Application time: 1.0010984 seconds
[2023-11-09T11:57:12.711+0000][3306.195s][info ][safepoint     ] Entering safepoint region: Cleanup
[2023-11-09T11:57:12.712+0000][3306.196s][info ][safepoint     ] Leaving safepoint region
[2023-11-09T11:57:12.713+0000][3306.197s][info ][safepoint     ] Total time for which application threads were stopped: 0.0019538 seconds, Stopping threads took: 0.0008961 seconds
[2023-11-09T11:57:13.714+0000][3307.198s][debug][safepoint     ] Safepoint synchronization initiated. (169 threads)
[2023-11-09T11:57:13.715+0000][3307.199s][info ][safepoint     ] Application time: 1.0012002 seconds
[2023-11-09T11:57:13.716+0000][3307.200s][info ][safepoint     ] Entering safepoint region: Cleanup
[2023-11-09T11:57:13.717+0000][3307.201s][info ][safepoint     ] Leaving safepoint region
[2023-11-09T11:57:13.717+0000][3307.201s][info ][safepoint     ] Total time for which application threads were stopped: 0.0017913 seconds, Stopping threads took: 0.0007796 seconds
[2023-11-09T11:57:14.719+0000][3308.203s][debug][safepoint     ] Safepoint synchronization initiated. (169 threads)
[2023-11-09T11:57:14.720+0000][3308.204s][info ][safepoint     ] Application time: 1.0015356 seconds
[2023-11-09T11:57:14.721+0000][3308.205s][info ][safepoint     ] Entering safepoint region: Cleanup
[2023-11-09T11:57:14.722+0000][3308.206s][info ][safepoint     ] Leaving safepoint region
[2023-11-09T11:57:14.723+0000][3308.207s][info ][safepoint     ] Total time for which application threads were stopped: 0.0021482 seconds, Stopping threads took: 0.0009174 seconds
[2023-11-09T11:57:15.724+0000][3309.208s][debug][safepoint     ] Safepoint synchronization initiated. (169 threads)
[2023-11-09T11:57:15.725+0000][3309.209s][info ][safepoint     ] Application time: 1.0011358 seconds
[2023-11-09T11:57:15.726+0000][3309.209s][info ][safepoint     ] Entering safepoint region: Cleanup
[2023-11-09T11:57:15.726+0000][3309.210s][info ][safepoint     ] Leaving safepoint region
[2023-11-09T11:57:15.727+0000][3309.211s][info ][safepoint     ] Total time for which application threads were stopped: 0.0016723 seconds, Stopping threads took: 0.0007624 seconds
[2023-11-09T11:57:16.728+0000][3310.212s][debug][safepoint     ] Safepoint synchronization initiated. (169 threads)
[2023-11-09T11:57:16.729+0000][3310.213s][info ][safepoint     ] Application time: 1.0013050 seconds
[2023-11-09T11:57:16.730+0000][3310.214s][info ][safepoint     ] Entering safepoint region: Cleanup
[2023-11-09T11:57:16.731+0000][3310.215s][info ][safepoint     ] Leaving safepoint region
[2023-11-09T11:57:16.731+0000][3310.215s][info ][safepoint     ] Total time for which application threads were stopped: 0.0015441 seconds, Stopping threads took: 0.0006397 seconds
[2023-11-09T11:57:17.732+0000][3311.216s][debug][safepoint     ] Safepoint synchronization initiated. (169 threads)
[2023-11-09T11:57:17.733+0000][3311.217s][info ][safepoint     ] Application time: 1.0013755 seconds
[2023-11-09T11:57:17.734+0000][3311.218s][info ][safepoint     ] Entering safepoint region: Cleanup
[2023-11-09T11:57:17.735+0000][3311.219s][info ][safepoint     ] Leaving safepoint region
[2023-11-09T11:57:17.736+0000][3311.220s][info ][safepoint     ] Total time for which application threads were stopped: 0.0019501 seconds, Stopping threads took: 0.0008256 seconds
[2023-11-09T11:57:18.737+0000][3312.221s][debug][safepoint     ] Safepoint synchronization initiated. (169 threads)
[2023-11-09T11:57:18.738+0000][3312.222s][info ][safepoint     ] Application time: 1.0013408 seconds
[2023-11-09T11:57:18.739+0000][3312.223s][info ][safepoint     ] Entering safepoint region: Cleanup
[2023-11-09T11:57:18.740+0000][3312.224s][info ][safepoint     ] Leaving safepoint region
[2023-11-09T11:57:18.741+0000][3312.225s][info ][safepoint     ] Total time for which application threads were stopped: 0.0021226 seconds, Stopping threads took: 0.0008167 seconds
[2023-11-09T11:57:19.742+0000][3313.226s][debug][safepoint     ] Safepoint synchronization initiated. (169 threads)
[2023-11-09T11:57:19.743+0000][3313.227s][info ][safepoint     ] Application time: 1.0006819 seconds
[2023-11-09T11:57:19.743+0000][3313.227s][info ][safepoint     ] Entering safepoint region: Cleanup
[2023-11-09T11:57:19.744+0000][3313.228s][info ][safepoint     ] Leaving safepoint region
[2023-11-09T11:57:19.744+0000][3313.228s][info ][safepoint     ] Total time for which application threads were stopped: 0.0009800 seconds, Stopping threads took: 0.0003771 seconds
[2023-11-09T11:57:20.745+0000][3314.229s][debug][safepoint     ] Safepoint synchronization initiated. (169 threads)
[2023-11-09T11:57:20.746+0000][3314.229s][info ][safepoint     ] Application time: 1.0010642 seconds
[2023-11-09T11:57:20.746+0000][3314.230s][info ][safepoint     ] Entering safepoint region: Cleanup
[2023-11-09T11:57:20.747+0000][3314.231s][info ][safepoint     ] Leaving safepoint region
[2023-11-09T11:57:20.747+0000][3314.231s][info ][safepoint     ] Total time for which application threads were stopped: 0.0013389 seconds, Stopping threads took: 0.0005423 seconds
[2023-11-09T11:57:21.748+0000][3315.232s][debug][safepoint     ] Safepoint synchronization initiated. (169 threads)
[2023-11-09T11:57:21.749+0000][3315.233s][info ][safepoint     ] Application time: 1.0011887 seconds
[2023-11-09T11:57:21.750+0000][3315.234s][info ][safepoint     ] Entering safepoint region: Cleanup
[2023-11-09T11:57:21.751+0000][3315.235s][info ][safepoint     ] Leaving safepoint region
[2023-11-09T11:57:21.752+0000][3315.236s][info ][safepoint     ] Total time for which application threads were stopped: 0.0015410 seconds, Stopping threads took: 0.0006580 seconds
[2023-11-09T11:57:22.753+0000][3316.237s][debug][safepoint     ] Safepoint synchronization initiated. (169 threads)
[2023-11-09T11:57:22.753+0000][3316.237s][info ][safepoint     ] Application time: 1.0012792 seconds
[2023-11-09T11:57:22.754+0000][3316.238s][info ][safepoint     ] Entering safepoint region: Cleanup
[2023-11-09T11:57:22.755+0000][3316.239s][info ][safepoint     ] Leaving safepoint region
[2023-11-09T11:57:22.756+0000][3316.240s][info ][safepoint     ] Total time for which application threads were stopped: 0.0018765 seconds, Stopping threads took: 0.0007742 seconds
[2023-11-09T11:57:23.757+0000][3317.241s][debug][safepoint     ] Safepoint synchronization initiated. (169 threads)
[2023-11-09T11:57:23.758+0000][3317.241s][info ][safepoint     ] Application time: 1.0009696 seconds
[2023-11-09T11:57:23.758+0000][3317.242s][info ][safepoint     ] Entering safepoint region: Cleanup
[2023-11-09T11:57:23.759+0000][3317.243s][info ][safepoint     ] Leaving safepoint region
[2023-11-09T11:57:23.759+0000][3317.243s][info ][safepoint     ] Total time for which application threads were stopped: 0.0012565 seconds, Stopping threads took: 0.0005743 seconds
[2023-11-09T11:57:24.760+0000][3318.244s][debug][safepoint     ] Safepoint synchronization initiated. (169 threads)
[2023-11-09T11:57:24.761+0000][3318.245s][info ][safepoint     ] Application time: 1.0011196 seconds
[2023-11-09T11:57:24.761+0000][3318.245s][info ][safepoint     ] Entering safepoint region: Cleanup
[2023-11-09T11:57:24.762+0000][3318.246s][info ][safepoint     ] Leaving safepoint region
[2023-11-09T11:57:24.763+0000][3318.247s][info ][safepoint     ] Total time for which application threads were stopped: 0.0015557 seconds, Stopping threads took: 0.0006866 seconds
[2023-11-09T11:57:25.764+0000][3319.248s][debug][safepoint     ] Safepoint synchronization initiated. (169 threads)
[2023-11-09T11:57:25.765+0000][3319.249s][info ][safepoint     ] Application time: 1.0010359 seconds
[2023-11-09T11:57:25.765+0000][3319.249s][info ][safepoint     ] Entering safepoint region: Cleanup
[2023-11-09T11:57:25.766+0000][3319.250s][info ][safepoint     ] Leaving safepoint region
[2023-11-09T11:57:25.767+0000][3319.251s][info ][safepoint     ] Total time for which application threads were stopped: 0.0016453 seconds, Stopping threads took: 0.0006181 seconds
[2023-11-09T11:57:26.768+0000][3320.252s][debug][safepoint     ] Safepoint synchronization initiated. (169 threads)
[2023-11-09T11:57:26.769+0000][3320.253s][info ][safepoint     ] Application time: 1.0006563 seconds
[2023-11-09T11:57:26.769+0000][3320.253s][info ][safepoint     ] Entering safepoint region: Cleanup
[2023-11-09T11:57:26.770+0000][3320.254s][info ][safepoint     ] Leaving safepoint region
[2023-11-09T11:57:26.770+0000][3320.254s][info ][safepoint     ] Total time for which application threads were stopped: 0.0010027 seconds, Stopping threads took: 0.0004538 seconds
[2023-11-09T11:57:27.771+0000][3321.255s][debug][safepoint     ] Safepoint synchronization initiated. (169 threads)
[2023-11-09T11:57:27.772+0000][3321.256s][info ][safepoint     ] Application time: 1.0012449 seconds
[2023-11-09T11:57:27.773+0000][3321.256s][info ][safepoint     ] Entering safepoint region: Cleanup
[2023-11-09T11:57:27.774+0000][3321.258s][info ][safepoint     ] Leaving safepoint region
[2023-11-09T11:57:27.774+0000][3321.258s][info ][safepoint     ] Total time for which application threads were stopped: 0.0019246 seconds, Stopping threads took: 0.0007959 seconds
[2023-11-09T11:57:28.775+0000][3322.259s][debug][safepoint     ] Safepoint synchronization initiated. (169 threads)
[2023-11-09T11:57:28.776+0000][3322.260s][info ][safepoint     ] Application time: 1.0006319 seconds
[2023-11-09T11:57:28.776+0000][3322.260s][info ][safepoint     ] Entering safepoint region: Cleanup
[2023-11-09T11:57:28.777+0000][3322.261s][info ][safepoint     ] Leaving safepoint region
[2023-11-09T11:57:28.777+0000][3322.261s][info ][safepoint     ] Total time for which application threads were stopped: 0.0010016 seconds, Stopping threads took: 0.0003711 seconds
[2023-11-09T11:57:29.777+0000][3323.261s][debug][safepoint     ] Safepoint synchronization initiated. (169 threads)
[2023-11-09T11:57:29.778+0000][3323.262s][info ][safepoint     ] Application time: 1.0008623 seconds
[2023-11-09T11:57:29.779+0000][3323.263s][info ][safepoint     ] Entering safepoint region: Cleanup
[2023-11-09T11:57:29.780+0000][3323.263s][info ][safepoint     ] Leaving safepoint region
[2023-11-09T11:57:29.780+0000][3323.264s][info ][safepoint     ] Total time for which application threads were stopped: 0.0013588 seconds, Stopping threads took: 0.0006068 seconds
[2023-11-09T11:57:30.781+0000][3324.265s][debug][safepoint     ] Safepoint synchronization initiated. (169 threads)
[2023-11-09T11:57:30.781+0000][3324.265s][info ][safepoint     ] Application time: 1.0006244 seconds
[2023-11-09T11:57:30.782+0000][3324.266s][info ][safepoint     ] Entering safepoint region: Cleanup
[2023-11-09T11:57:30.782+0000][3324.266s][info ][safepoint     ] Leaving safepoint region
[2023-11-09T11:57:30.783+0000][3324.267s][info ][safepoint     ] Total time for which application threads were stopped: 0.0010552 seconds, Stopping threads took: 0.0004010 seconds
[2023-11-09T11:57:31.783+0000][3325.267s][debug][safepoint     ] Safepoint synchronization initiated. (169 threads)
[2023-11-09T11:57:31.784+0000][3325.268s][info ][safepoint     ] Application time: 1.0014393 seconds
[2023-11-09T11:57:31.785+0000][3325.269s][info ][safepoint     ] Entering safepoint region: Cleanup
[2023-11-09T11:57:31.787+0000][3325.271s][info ][safepoint     ] Leaving safepoint region
[2023-11-09T11:57:31.788+0000][3325.272s][info ][safepoint     ] Total time for which application threads were stopped: 0.0021359 seconds, Stopping threads took: 0.0009274 seconds
[2023-11-09T11:57:32.789+0000][3326.273s][debug][safepoint     ] Safepoint synchronization initiated. (169 threads)
[2023-11-09T11:57:32.790+0000][3326.273s][info ][safepoint     ] Application time: 1.0011588 seconds
[2023-11-09T11:57:32.790+0000][3326.274s][info ][safepoint     ] Entering safepoint region: Cleanup
[2023-11-09T11:57:32.791+0000][3326.275s][info ][safepoint     ] Leaving safepoint region
[2023-11-09T11:57:32.792+0000][3326.276s][info ][safepoint     ] Total time for which application threads were stopped: 0.0018552 seconds, Stopping threads took: 0.0008195 seconds
[2023-11-09T11:57:33.793+0000][3327.277s][debug][safepoint     ] Safepoint synchronization initiated. (169 threads)
[2023-11-09T11:57:33.793+0000][3327.277s][info ][safepoint     ] Application time: 1.0007720 seconds
[2023-11-09T11:57:33.794+0000][3327.278s][debug][safepoint     ] ... found polling page return exception at pc = 0x00007fb4f07c9eed, stub =0x00007fb4e8840600
[2023-11-09T11:57:33.794+0000][3327.278s][debug][safepoint     ] Waiting for 1 thread(s) to block
[2023-11-09T11:57:33.795+0000][3327.279s][info ][safepoint     ] Entering safepoint region: Cleanup
[2023-11-09T11:57:33.796+0000][3327.280s][info ][safepoint     ] Leaving safepoint region
[2023-11-09T11:57:33.796+0000][3327.280s][info ][safepoint     ] Total time for which application threads were stopped: 0.0022077 seconds, Stopping threads took: 0.0014433 seconds
[2023-11-09T11:57:34.797+0000][3328.281s][debug][safepoint     ] Safepoint synchronization initiated. (169 threads)
[2023-11-09T11:57:34.798+0000][3328.282s][info ][safepoint     ] Application time: 1.0012257 seconds
[2023-11-09T11:57:34.799+0000][3328.283s][info ][safepoint     ] Entering safepoint region: Cleanup
[2023-11-09T11:57:34.800+0000][3328.284s][info ][safepoint     ] Leaving safepoint region
[2023-11-09T11:57:34.801+0000][3328.285s][info ][safepoint     ] Total time for which application threads were stopped: 0.0019342 seconds, Stopping threads took: 0.0007782 seconds
[2023-11-09T11:57:35.802+0000][3329.286s][debug][safepoint     ] Safepoint synchronization initiated. (169 threads)
[2023-11-09T11:57:35.803+0000][3329.287s][info ][safepoint     ] Application time: 1.0012538 seconds
[2023-11-09T11:57:35.804+0000][3329.288s][info ][safepoint     ] Entering safepoint region: Cleanup
[2023-11-09T11:57:35.805+0000][3329.289s][info ][safepoint     ] Leaving safepoint region
[2023-11-09T11:57:35.805+0000][3329.289s][info ][safepoint     ] Total time for which application threads were stopped: 0.0017932 seconds, Stopping threads took: 0.0007975 seconds
[2023-11-09T11:57:36.806+0000][3330.290s][debug][safepoint     ] Safepoint synchronization initiated. (169 threads)
[2023-11-09T11:57:36.808+0000][3330.291s][info ][safepoint     ] Application time: 1.0012618 seconds
[2023-11-09T11:57:36.808+0000][3330.292s][info ][safepoint     ] Entering safepoint region: Cleanup
[2023-11-09T11:57:36.809+0000][3330.293s][info ][safepoint     ] Leaving safepoint region
[2023-11-09T11:57:36.810+0000][3330.294s][info ][safepoint     ] Total time for which application threads were stopped: 0.0015684 seconds, Stopping threads took: 0.0006515 seconds
[2023-11-09T11:57:37.811+0000][3331.295s][debug][safepoint     ] Safepoint synchronization initiated. (169 threads)
[2023-11-09T11:57:37.811+0000][3331.295s][info ][safepoint     ] Application time: 1.0005122 seconds
[2023-11-09T11:57:37.812+0000][3331.295s][info ][safepoint     ] Entering safepoint region: Cleanup
[2023-11-09T11:57:37.812+0000][3331.296s][info ][safepoint     ] Leaving safepoint region
[2023-11-09T11:57:37.813+0000][3331.297s][info ][safepoint     ] Total time for which application threads were stopped: 0.0015651 seconds, Stopping threads took: 0.0005869 seconds
[2023-11-09T11:57:38.814+0000][3332.298s][debug][safepoint     ] Safepoint synchronization initiated. (169 threads)
[2023-11-09T11:57:38.815+0000][3332.299s][info ][safepoint     ] Application time: 1.0011599 seconds
[2023-11-09T11:57:38.816+0000][3332.300s][info ][safepoint     ] Entering safepoint region: Cleanup
[2023-11-09T11:57:38.817+0000][3332.300s][info ][safepoint     ] Leaving safepoint region
[2023-11-09T11:57:38.817+0000][3332.301s][info ][safepoint     ] Total time for which application threads were stopped: 0.0015852 seconds, Stopping threads took: 0.0006703 seconds
[2023-11-09T11:57:39.818+0000][3333.302s][debug][safepoint     ] Safepoint synchronization initiated. (169 threads)
[2023-11-09T11:57:39.819+0000][3333.303s][info ][safepoint     ] Application time: 1.0014181 seconds
[2023-11-09T11:57:39.820+0000][3333.304s][info ][safepoint     ] Entering safepoint region: Cleanup
[2023-11-09T11:57:39.821+0000][3333.305s][info ][safepoint     ] Leaving safepoint region
[2023-11-09T11:57:39.822+0000][3333.306s][info ][safepoint     ] Total time for which application threads were stopped: 0.0017957 seconds, Stopping threads took: 0.0007880 seconds
[2023-11-09T11:57:40.823+0000][3334.307s][debug][safepoint     ] Safepoint synchronization initiated. (169 threads)
[2023-11-09T11:57:40.823+0000][3334.307s][info ][safepoint     ] Application time: 1.0009017 seconds
[2023-11-09T11:57:40.824+0000][3334.308s][info ][safepoint     ] Entering safepoint region: Cleanup
[2023-11-09T11:57:40.825+0000][3334.309s][info ][safepoint     ] Leaving safepoint region
[2023-11-09T11:57:40.825+0000][3334.309s][info ][safepoint     ] Total time for which application threads were stopped: 0.0013864 seconds, Stopping threads took: 0.0006253 seconds
[2023-11-09T11:57:41.826+0000][3335.310s][debug][safepoint     ] Safepoint synchronization initiated. (169 threads)
[2023-11-09T11:57:41.827+0000][3335.311s][info ][safepoint     ] Application time: 1.0012430 seconds
[2023-11-09T11:57:41.828+0000][3335.312s][info ][safepoint     ] Entering safepoint region: Cleanup
[2023-11-09T11:57:41.829+0000][3335.313s][info ][safepoint     ] Leaving safepoint region
[2023-11-09T11:57:41.829+0000][3335.313s][info ][safepoint     ] Total time for which application threads were stopped: 0.0016594 seconds, Stopping threads took: 0.0006895 seconds
[2023-11-09T11:57:42.830+0000][3336.314s][debug][safepoint     ] Safepoint synchronization initiated. (169 threads)
[2023-11-09T11:57:42.831+0000][3336.315s][info ][safepoint     ] Application time: 1.0010576 seconds
[2023-11-09T11:57:42.832+0000][3336.316s][info ][safepoint     ] Entering safepoint region: Cleanup
[2023-11-09T11:57:42.833+0000][3336.317s][info ][safepoint     ] Leaving safepoint region
[2023-11-09T11:57:42.833+0000][3336.317s][info ][safepoint     ] Total time for which application threads were stopped: 0.0016107 seconds, Stopping threads took: 0.0007103 seconds
[2023-11-09T11:57:43.834+0000][3337.318s][debug][safepoint     ] Safepoint synchronization initiated. (169 threads)
[2023-11-09T11:57:43.835+0000][3337.319s][info ][safepoint     ] Application time: 1.0012670 seconds
[2023-11-09T11:57:43.836+0000][3337.320s][info ][safepoint     ] Entering safepoint region: Cleanup
[2023-11-09T11:57:43.837+0000][3337.321s][info ][safepoint     ] Leaving safepoint region
[2023-11-09T11:57:43.838+0000][3337.322s][info ][safepoint     ] Total time for which application threads were stopped: 0.0018587 seconds, Stopping threads took: 0.0009051 seconds
[2023-11-09T11:57:44.839+0000][3338.323s][debug][safepoint     ] Safepoint synchronization initiated. (169 threads)
[2023-11-09T11:57:44.839+0000][3338.323s][info ][safepoint     ] Application time: 1.0006224 seconds
[2023-11-09T11:57:44.840+0000][3338.324s][info ][safepoint     ] Entering safepoint region: Cleanup
[2023-11-09T11:57:44.840+0000][3338.324s][info ][safepoint     ] Leaving safepoint region
[2023-11-09T11:57:44.840+0000][3338.324s][info ][safepoint     ] Total time for which application threads were stopped: 0.0007420 seconds, Stopping threads took: 0.0003145 seconds
[2023-11-09T11:57:45.841+0000][3339.325s][debug][safepoint     ] Safepoint synchronization initiated. (169 threads)
[2023-11-09T11:57:45.842+0000][3339.326s][info ][safepoint     ] Application time: 1.0010342 seconds
[2023-11-09T11:57:45.842+0000][3339.326s][info ][safepoint     ] Entering safepoint region: Cleanup
[2023-11-09T11:57:45.843+0000][3339.327s][info ][safepoint     ] Leaving safepoint region
[2023-11-09T11:57:45.844+0000][3339.328s][info ][safepoint     ] Total time for which application threads were stopped: 0.0015313 seconds, Stopping threads took: 0.0007477 seconds
[2023-11-09T11:57:46.844+0000][3340.329s][debug][safepoint     ] Safepoint synchronization initiated. (169 threads)
[2023-11-09T11:57:46.846+0000][3340.330s][info ][safepoint     ] Application time: 1.0014730 seconds
[2023-11-09T11:57:46.847+0000][3340.331s][info ][safepoint     ] Entering safepoint region: Cleanup
[2023-11-09T11:57:46.848+0000][3340.332s][info ][safepoint     ] Leaving safepoint region
[2023-11-09T11:57:46.848+0000][3340.332s][info ][safepoint     ] Total time for which application threads were stopped: 0.0017517 seconds, Stopping threads took: 0.0008846 seconds
[2023-11-09T11:57:46.848+0000][3340.332s][debug][safepoint     ] ... found polling page return exception at pc = 0x00007fb4f0d6dc84, stub =0x00007fb4e8840600
[2023-11-09T11:57:46.848+0000][3340.332s][debug][safepoint     ] ... found polling page return exception at pc = 0x00007fb4f0d6dc84, stub =0x00007fb4e8840600
[2023-11-09T11:57:47.849+0000][3341.333s][debug][safepoint     ] Safepoint synchronization initiated. (169 threads)
[2023-11-09T11:57:47.850+0000][3341.334s][info ][safepoint     ] Application time: 1.0009202 seconds
[2023-11-09T11:57:47.850+0000][3341.334s][info ][safepoint     ] Entering safepoint region: Cleanup
[2023-11-09T11:57:47.851+0000][3341.335s][info ][safepoint     ] Leaving safepoint region
[2023-11-09T11:57:47.851+0000][3341.335s][info ][safepoint     ] Total time for which application threads were stopped: 0.0009590 seconds, Stopping threads took: 0.0004680 seconds
[2023-11-09T11:57:48.852+0000][3342.336s][debug][safepoint     ] Safepoint synchronization initiated. (169 threads)
[2023-11-09T11:57:48.853+0000][3342.337s][info ][safepoint     ] Application time: 1.0013779 seconds
[2023-11-09T11:57:48.854+0000][3342.338s][info ][safepoint     ] Entering safepoint region: Cleanup
[2023-11-09T11:57:48.855+0000][3342.339s][info ][safepoint     ] Leaving safepoint region
[2023-11-09T11:57:48.856+0000][3342.340s][info ][safepoint     ] Total time for which application threads were stopped: 0.0025053 seconds, Stopping threads took: 0.0010196 seconds
[2023-11-09T11:57:49.857+0000][3343.341s][debug][safepoint     ] Safepoint synchronization initiated. (169 threads)
[2023-11-09T11:57:49.859+0000][3343.343s][info ][safepoint     ] Application time: 1.0015107 seconds
[2023-11-09T11:57:49.859+0000][3343.343s][info ][safepoint     ] Entering safepoint region: Cleanup
[2023-11-09T11:57:49.860+0000][3343.344s][info ][safepoint     ] Leaving safepoint region
[2023-11-09T11:57:49.861+0000][3343.345s][info ][safepoint     ] Total time for which application threads were stopped: 0.0017813 seconds, Stopping threads took: 0.0007374 seconds
[2023-11-09T11:57:50.862+0000][3344.346s][debug][safepoint     ] Safepoint synchronization initiated. (169 threads)
[2023-11-09T11:57:50.863+0000][3344.347s][info ][safepoint     ] Application time: 1.0011611 seconds
[2023-11-09T11:57:50.864+0000][3344.348s][info ][safepoint     ] Entering safepoint region: Cleanup
[2023-11-09T11:57:50.865+0000][3344.349s][info ][safepoint     ] Leaving safepoint region
[2023-11-09T11:57:50.866+0000][3344.350s][info ][safepoint     ] Total time for which application threads were stopped: 0.0018380 seconds, Stopping threads took: 0.0008170 seconds
[2023-11-09T11:57:51.867+0000][3345.351s][debug][safepoint     ] Safepoint synchronization initiated. (169 threads)
[2023-11-09T11:57:51.867+0000][3345.351s][info ][safepoint     ] Application time: 1.0008723 seconds
[2023-11-09T11:57:51.868+0000][3345.352s][info ][safepoint     ] Entering safepoint region: Cleanup
[2023-11-09T11:57:51.869+0000][3345.353s][info ][safepoint     ] Leaving safepoint region
[2023-11-09T11:57:51.869+0000][3345.353s][info ][safepoint     ] Total time for which application threads were stopped: 0.0010982 seconds, Stopping threads took: 0.0005424 seconds
[2023-11-09T11:57:51.869+0000][3345.353s][debug][safepoint     ] ... found polling page return exception at pc = 0x00007fb4f0d6dc84, stub =0x00007fb4e8840600
[2023-11-09T11:57:51.869+0000][3345.353s][debug][safepoint     ] ... found polling page return exception at pc = 0x00007fb4f0d6dc84, stub =0x00007fb4e8840600
[2023-11-09T11:57:51.869+0000][3345.353s][debug][safepoint     ] ... found polling page return exception at pc = 0x00007fb4f0d6dc84, stub =0x00007fb4e8840600
[2023-11-09T11:57:51.869+0000][3345.353s][debug][safepoint     ] ... found polling page return exception at pc = 0x00007fb4f0d6dc84, stub =0x00007fb4e8840600
[2023-11-09T11:57:51.869+0000][3345.353s][debug][safepoint     ] ... found polling page return exception at pc = 0x00007fb4f0d6dc84, stub =0x00007fb4e8840600
[2023-11-09T11:57:52.870+0000][3346.354s][debug][safepoint     ] Safepoint synchronization initiated. (168 threads)
[2023-11-09T11:57:52.870+0000][3346.354s][info ][safepoint     ] Application time: 1.0007932 seconds
[2023-11-09T11:57:52.871+0000][3346.355s][info ][safepoint     ] Entering safepoint region: Cleanup
[2023-11-09T11:57:52.871+0000][3346.355s][info ][safepoint     ] Leaving safepoint region
[2023-11-09T11:57:52.872+0000][3346.356s][info ][safepoint     ] Total time for which application threads were stopped: 0.0012574 seconds, Stopping threads took: 0.0005219 seconds
[2023-11-09T11:57:53.873+0000][3347.357s][debug][safepoint     ] Safepoint synchronization initiated. (168 threads)
[2023-11-09T11:57:53.873+0000][3347.357s][info ][safepoint     ] Application time: 1.0006820 seconds
[2023-11-09T11:57:53.874+0000][3347.358s][info ][safepoint     ] Entering safepoint region: Cleanup
[2023-11-09T11:57:53.874+0000][3347.358s][info ][safepoint     ] Leaving safepoint region
[2023-11-09T11:57:53.874+0000][3347.358s][info ][safepoint     ] Total time for which application threads were stopped: 0.0008824 seconds, Stopping threads took: 0.0004262 seconds
[2023-11-09T11:57:54.875+0000][3348.359s][debug][safepoint     ] Safepoint synchronization initiated. (168 threads)
[2023-11-09T11:57:54.876+0000][3348.360s][info ][safepoint     ] Application time: 1.0009623 seconds
[2023-11-09T11:57:54.877+0000][3348.361s][info ][safepoint     ] Entering safepoint region: Cleanup
[2023-11-09T11:57:54.878+0000][3348.362s][info ][safepoint     ] Leaving safepoint region
[2023-11-09T11:57:54.878+0000][3348.362s][info ][safepoint     ] Total time for which application threads were stopped: 0.0017233 seconds, Stopping threads took: 0.0008701 seconds
[2023-11-09T11:57:55.879+0000][3349.363s][debug][safepoint     ] Safepoint synchronization initiated. (168 threads)
[2023-11-09T11:57:55.881+0000][3349.365s][info ][safepoint     ] Application time: 1.0022130 seconds
[2023-11-09T11:57:55.882+0000][3349.366s][info ][safepoint     ] Entering safepoint region: Cleanup
[2023-11-09T11:57:55.883+0000][3349.367s][info ][safepoint     ] Leaving safepoint region
[2023-11-09T11:57:55.884+0000][3349.368s][info ][safepoint     ] Total time for which application threads were stopped: 0.0018665 seconds, Stopping threads took: 0.0005886 seconds
[2023-11-09T11:57:56.886+0000][3350.370s][debug][safepoint     ] Safepoint synchronization initiated. (168 threads)
[2023-11-09T11:57:56.887+0000][3350.371s][info ][safepoint     ] Application time: 1.0012332 seconds
[2023-11-09T11:57:56.888+0000][3350.372s][info ][safepoint     ] Entering safepoint region: Cleanup
[2023-11-09T11:57:56.889+0000][3350.373s][info ][safepoint     ] Leaving safepoint region
[2023-11-09T11:57:56.889+0000][3350.373s][info ][safepoint     ] Total time for which application threads were stopped: 0.0017304 seconds, Stopping threads took: 0.0008599 seconds
[2023-11-09T11:57:57.890+0000][3351.374s][debug][safepoint     ] Safepoint synchronization initiated. (168 threads)
[2023-11-09T11:57:57.891+0000][3351.375s][info ][safepoint     ] Application time: 1.0007357 seconds
[2023-11-09T11:57:57.891+0000][3351.375s][info ][safepoint     ] Entering safepoint region: Cleanup
[2023-11-09T11:57:57.892+0000][3351.376s][info ][safepoint     ] Leaving safepoint region
[2023-11-09T11:57:57.893+0000][3351.377s][info ][safepoint     ] Total time for which application threads were stopped: 0.0016776 seconds, Stopping threads took: 0.0007736 seconds
[2023-11-09T11:57:58.894+0000][3352.378s][debug][safepoint     ] Safepoint synchronization initiated. (168 threads)
[2023-11-09T11:57:58.895+0000][3352.379s][info ][safepoint     ] Application time: 1.0011497 seconds
[2023-11-09T11:57:58.896+0000][3352.380s][info ][safepoint     ] Entering safepoint region: Cleanup
[2023-11-09T11:57:58.897+0000][3352.381s][info ][safepoint     ] Leaving safepoint region
[2023-11-09T11:57:58.897+0000][3352.381s][info ][safepoint     ] Total time for which application threads were stopped: 0.0016819 seconds, Stopping threads took: 0.0007860 seconds
[2023-11-09T11:57:59.898+0000][3353.382s][debug][safepoint     ] Safepoint synchronization initiated. (168 threads)
[2023-11-09T11:57:59.899+0000][3353.383s][info ][safepoint     ] Application time: 1.0010759 seconds
[2023-11-09T11:57:59.900+0000][3353.384s][info ][safepoint     ] Entering safepoint region: Cleanup
[2023-11-09T11:57:59.900+0000][3353.384s][info ][safepoint     ] Leaving safepoint region
[2023-11-09T11:57:59.901+0000][3353.385s][info ][safepoint     ] Total time for which application threads were stopped: 0.0014197 seconds, Stopping threads took: 0.0005695 seconds
[2023-11-09T11:58:00.902+0000][3354.386s][debug][safepoint     ] Safepoint synchronization initiated. (168 threads)
[2023-11-09T11:58:00.903+0000][3354.387s][info ][safepoint     ] Application time: 1.0009464 seconds
[2023-11-09T11:58:00.903+0000][3354.387s][info ][safepoint     ] Entering safepoint region: Cleanup
[2023-11-09T11:58:00.904+0000][3354.388s][info ][safepoint     ] Leaving safepoint region
[2023-11-09T11:58:00.904+0000][3354.388s][info ][safepoint     ] Total time for which application threads were stopped: 0.0012673 seconds, Stopping threads took: 0.0005649 seconds
[2023-11-09T11:58:01.860+0000][3355.344s][debug][safepoint     ] Safepoint synchronization initiated. (168 threads)
[2023-11-09T11:58:01.861+0000][3355.345s][info ][safepoint     ] Application time: 0.9561979 seconds
[2023-11-09T11:58:01.862+0000][3355.346s][info ][safepoint     ] Entering safepoint region: G1CollectForAllocation
[2023-11-09T11:58:01.863+0000][3355.347s][info ][gc,start      ] GC(79) Pause Young (Normal) (G1 Evacuation Pause)
[2023-11-09T11:58:01.864+0000][3355.348s][info ][gc,task       ] GC(79) Using 8 workers of 8 for evacuation
[2023-11-09T11:58:01.871+0000][3355.355s][info ][gc,phases     ] GC(79)   Pre Evacuate Collection Set: 0.1ms
[2023-11-09T11:58:01.872+0000][3355.356s][info ][gc,phases     ] GC(79)   Evacuate Collection Set: 2.8ms
[2023-11-09T11:58:01.872+0000][3355.356s][info ][gc,phases     ] GC(79)   Post Evacuate Collection Set: 3.7ms
[2023-11-09T11:58:01.873+0000][3355.357s][info ][gc,phases     ] GC(79)   Other: 1.7ms
[2023-11-09T11:58:01.873+0000][3355.357s][info ][gc,heap       ] GC(79) Eden regions: 193->0(194)
[2023-11-09T11:58:01.874+0000][3355.358s][info ][gc,heap       ] GC(79) Survivor regions: 3->2(25)
[2023-11-09T11:58:01.874+0000][3355.358s][info ][gc,heap       ] GC(79) Old regions: 155->155
[2023-11-09T11:58:01.874+0000][3355.358s][info ][gc,heap       ] GC(79) Humongous regions: 0->0
[2023-11-09T11:58:01.875+0000][3355.359s][info ][gc,metaspace  ] GC(79) Metaspace: 160728K(166096K)->160728K(166096K) NonClass: 142069K(145360K)->142069K(145360K) Class: 18658K(20736K)->18658K(20736K)
[2023-11-09T11:58:01.875+0000][3355.359s][info ][gc            ] GC(79) Pause Young (Normal) (G1 Evacuation Pause) 348M->154M(395M) 12.404ms
[2023-11-09T11:58:01.876+0000][3355.360s][info ][gc,cpu        ] GC(79) User=0.03s Sys=0.01s Real=0.02s
[2023-11-09T11:58:01.876+0000][3355.360s][info ][safepoint     ] Leaving safepoint region
[2023-11-09T11:58:01.877+0000][3355.361s][info ][safepoint     ] Total time for which application threads were stopped: 0.0148618 seconds, Stopping threads took: 0.0008087 seconds
[2023-11-09T11:58:01.877+0000][3355.361s][info ][gc,stringdedup] Concurrent String Deduplication (3355.361s)
[2023-11-09T11:58:01.878+0000][3355.362s][info ][gc,stringdedup] Concurrent String Deduplication 0.0B->0.0B(0.0B) avg 54.4% (3355.361s, 3355.362s) 0.583ms
[2023-11-09T11:58:02.877+0000][3356.361s][debug][safepoint     ] Safepoint synchronization initiated. (168 threads)
[2023-11-09T11:58:02.878+0000][3356.362s][info ][safepoint     ] Application time: 1.0011880 seconds
[2023-11-09T11:58:02.879+0000][3356.363s][info ][safepoint     ] Entering safepoint region: Cleanup
[2023-11-09T11:58:02.880+0000][3356.364s][info ][safepoint     ] Leaving safepoint region
[2023-11-09T11:58:02.881+0000][3356.365s][info ][safepoint     ] Total time for which application threads were stopped: 0.0016435 seconds, Stopping threads took: 0.0008383 seconds
[2023-11-09T11:58:03.881+0000][3357.365s][debug][safepoint     ] Safepoint synchronization initiated. (168 threads)
[2023-11-09T11:58:03.882+0000][3357.366s][info ][safepoint     ] Application time: 1.0009766 seconds
[2023-11-09T11:58:03.883+0000][3357.367s][info ][safepoint     ] Entering safepoint region: Cleanup
[2023-11-09T11:58:03.884+0000][3357.368s][info ][safepoint     ] Leaving safepoint region
[2023-11-09T11:58:03.884+0000][3357.368s][info ][safepoint     ] Total time for which application threads were stopped: 0.0015483 seconds, Stopping threads took: 0.0006167 seconds
[2023-11-09T11:58:04.885+0000][3358.369s][debug][safepoint     ] Safepoint synchronization initiated. (168 threads)
[2023-11-09T11:58:04.886+0000][3358.370s][info ][safepoint     ] Application time: 1.0009062 seconds
[2023-11-09T11:58:04.887+0000][3358.371s][info ][safepoint     ] Entering safepoint region: Cleanup
[2023-11-09T11:58:04.887+0000][3358.371s][info ][safepoint     ] Leaving safepoint region
[2023-11-09T11:58:04.888+0000][3358.372s][info ][safepoint     ] Total time for which application threads were stopped: 0.0015139 seconds, Stopping threads took: 0.0007072 seconds
[2023-11-09T11:58:05.889+0000][3359.373s][debug][safepoint     ] Safepoint synchronization initiated. (168 threads)
[2023-11-09T11:58:05.889+0000][3359.373s][info ][safepoint     ] Application time: 1.0006197 seconds
[2023-11-09T11:58:05.890+0000][3359.374s][info ][safepoint     ] Entering safepoint region: Cleanup
[2023-11-09T11:58:05.890+0000][3359.374s][info ][safepoint     ] Leaving safepoint region
[2023-11-09T11:58:05.891+0000][3359.375s][info ][safepoint     ] Total time for which application threads were stopped: 0.0007856 seconds, Stopping threads took: 0.0003538 seconds
[2023-11-09T11:58:06.891+0000][3360.375s][debug][safepoint     ] Safepoint synchronization initiated. (168 threads)
[2023-11-09T11:58:06.892+0000][3360.376s][info ][safepoint     ] Application time: 1.0012866 seconds
[2023-11-09T11:58:06.893+0000][3360.377s][info ][safepoint     ] Entering safepoint region: Cleanup
[2023-11-09T11:58:06.893+0000][3360.377s][info ][safepoint     ] Leaving safepoint region
[2023-11-09T11:58:06.894+0000][3360.378s][info ][safepoint     ] Total time for which application threads were stopped: 0.0011712 seconds, Stopping threads took: 0.0005515 seconds
[2023-11-09T11:58:07.895+0000][3361.379s][debug][safepoint     ] Safepoint synchronization initiated. (168 threads)
[2023-11-09T11:58:07.895+0000][3361.379s][info ][safepoint     ] Application time: 1.0011505 seconds
[2023-11-09T11:58:07.896+0000][3361.380s][info ][safepoint     ] Entering safepoint region: Cleanup
[2023-11-09T11:58:07.897+0000][3361.381s][info ][safepoint     ] Leaving safepoint region
[2023-11-09T11:58:07.898+0000][3361.382s][info ][safepoint     ] Total time for which application threads were stopped: 0.0017853 seconds, Stopping threads took: 0.0007729 seconds
[2023-11-09T11:58:08.899+0000][3362.383s][debug][safepoint     ] Safepoint synchronization initiated. (168 threads)
[2023-11-09T11:58:08.899+0000][3362.383s][info ][safepoint     ] Application time: 1.0007783 seconds
[2023-11-09T11:58:08.900+0000][3362.384s][info ][safepoint     ] Entering safepoint region: Cleanup
[2023-11-09T11:58:08.900+0000][3362.384s][info ][safepoint     ] Leaving safepoint region
[2023-11-09T11:58:08.901+0000][3362.385s][info ][safepoint     ] Total time for which application threads were stopped: 0.0008900 seconds, Stopping threads took: 0.0004253 seconds
[2023-11-09T11:58:09.901+0000][3363.385s][debug][safepoint     ] Safepoint synchronization initiated. (168 threads)
[2023-11-09T11:58:09.902+0000][3363.386s][info ][safepoint     ] Application time: 1.0011676 seconds
[2023-11-09T11:58:09.903+0000][3363.387s][info ][safepoint     ] Entering safepoint region: Cleanup
[2023-11-09T11:58:09.904+0000][3363.388s][info ][safepoint     ] Leaving safepoint region
[2023-11-09T11:58:09.905+0000][3363.389s][info ][safepoint     ] Total time for which application threads were stopped: 0.0018601 seconds, Stopping threads took: 0.0007924 seconds
[2023-11-09T11:58:10.906+0000][3364.390s][debug][safepoint     ] Safepoint synchronization initiated. (168 threads)
[2023-11-09T11:58:10.906+0000][3364.390s][info ][safepoint     ] Application time: 1.0006998 seconds
[2023-11-09T11:58:10.907+0000][3364.391s][info ][safepoint     ] Entering safepoint region: Cleanup
[2023-11-09T11:58:10.908+0000][3364.392s][info ][safepoint     ] Leaving safepoint region
[2023-11-09T11:58:10.908+0000][3364.392s][info ][safepoint     ] Total time for which application threads were stopped: 0.0012163 seconds, Stopping threads took: 0.0005791 seconds
