[2023-11-25T16:05:23.916+0000][0.037s][info][gc,heap] Heap region size: 1M
[2023-11-25T16:05:23.922+0000][0.043s][info][gc     ] Using G1
[2023-11-25T16:05:23.922+0000][0.043s][info][gc,heap,coops] Heap address: 0x0000000085a00000, size: 1958 MB, Compressed Oops mode: 32-bit
[2023-11-25T16:05:23.924+0000][0.045s][info][gc,cds       ] Mark closed archive regions in map: [0x00000000ffc00000, 0x00000000ffc6aff8]
[2023-11-25T16:05:23.925+0000][0.046s][info][gc,cds       ] Mark open archive regions in map: [0x00000000ff800000, 0x00000000ff847ff8]
[2023-11-25T16:05:24.043+0000][0.164s][debug][safepoint    ] Safepoint synchronization initiated. (9 threads)
[2023-11-25T16:05:24.044+0000][0.165s][info ][safepoint    ] Application time: 0.0519341 seconds
[2023-11-25T16:05:24.044+0000][0.165s][info ][safepoint    ] Entering safepoint region: Deoptimize
[2023-11-25T16:05:24.045+0000][0.166s][info ][safepoint    ] Leaving safepoint region
[2023-11-25T16:05:24.045+0000][0.167s][info ][safepoint    ] Total time for which application threads were stopped: 0.0011408 seconds, Stopping threads took: 0.0003955 seconds
[2023-11-25T16:05:24.800+0000][0.922s][debug][safepoint    ] Safepoint synchronization initiated. (11 threads)
[2023-11-25T16:05:24.801+0000][0.922s][info ][safepoint    ] Application time: 0.7551847 seconds
[2023-11-25T16:05:24.801+0000][0.923s][info ][safepoint    ] Entering safepoint region: G1CollectForAllocation
[2023-11-25T16:05:24.802+0000][0.923s][info ][gc,start     ] GC(0) Pause Young (Normal) (G1 Evacuation Pause)
[2023-11-25T16:05:24.803+0000][0.924s][info ][gc,task      ] GC(0) Using 3 workers of 8 for evacuation
[2023-11-25T16:05:24.818+0000][0.939s][info ][gc,phases    ] GC(0)   Pre Evacuate Collection Set: 0.0ms
[2023-11-25T16:05:24.818+0000][0.940s][info ][gc,phases    ] GC(0)   Evacuate Collection Set: 13.3ms
[2023-11-25T16:05:24.819+0000][0.940s][info ][gc,phases    ] GC(0)   Post Evacuate Collection Set: 1.0ms
[2023-11-25T16:05:24.819+0000][0.941s][info ][gc,phases    ] GC(0)   Other: 1.4ms
[2023-11-25T16:05:24.820+0000][0.941s][info ][gc,heap      ] GC(0) Eden regions: 59->0(66)
[2023-11-25T16:05:24.820+0000][0.941s][info ][gc,heap      ] GC(0) Survivor regions: 0->8(8)
[2023-11-25T16:05:24.821+0000][0.942s][info ][gc,heap      ] GC(0) Old regions: 2->2
[2023-11-25T16:05:24.821+0000][0.942s][info ][gc,heap      ] GC(0) Humongous regions: 2->0
[2023-11-25T16:05:24.821+0000][0.943s][info ][gc,metaspace ] GC(0) Metaspace: 2420K(5760K)->2420K(5760K) NonClass: 2217K(5120K)->2217K(5120K) Class: 203K(640K)->203K(640K)
[2023-11-25T16:05:24.822+0000][0.943s][info ][gc           ] GC(0) Pause Young (Normal) (G1 Evacuation Pause) 61M->8M(126M) 19.747ms
[2023-11-25T16:05:24.822+0000][0.944s][info ][gc,cpu       ] GC(0) User=0.06s Sys=0.02s Real=0.02s
[2023-11-25T16:05:24.823+0000][0.944s][info ][safepoint    ] Leaving safepoint region
[2023-11-25T16:05:24.823+0000][0.945s][info ][safepoint    ] Total time for which application threads were stopped: 0.0218218 seconds, Stopping threads took: 0.0004706 seconds
[2023-11-25T16:05:24.965+0000][1.087s][debug][safepoint    ] Safepoint synchronization initiated. (11 threads)
[2023-11-25T16:05:24.966+0000][1.087s][info ][safepoint    ] Application time: 0.1422199 seconds
[2023-11-25T16:05:24.966+0000][1.088s][info ][safepoint    ] Entering safepoint region: Deoptimize
[2023-11-25T16:05:24.967+0000][1.088s][info ][safepoint    ] Leaving safepoint region
[2023-11-25T16:05:24.968+0000][1.089s][info ][safepoint    ] Total time for which application threads were stopped: 0.0013591 seconds, Stopping threads took: 0.0005235 seconds
[2023-11-25T16:05:24.978+0000][1.099s][debug][safepoint    ] Safepoint synchronization initiated. (11 threads)
[2023-11-25T16:05:24.980+0000][1.102s][info ][safepoint    ] Application time: 0.0121395 seconds
[2023-11-25T16:05:24.981+0000][1.102s][info ][safepoint    ] Entering safepoint region: Deoptimize
[2023-11-25T16:05:24.982+0000][1.103s][info ][safepoint    ] Leaving safepoint region
[2023-11-25T16:05:24.982+0000][1.103s][info ][safepoint    ] Total time for which application threads were stopped: 0.0013008 seconds, Stopping threads took: 0.0005265 seconds
[2023-11-25T16:05:25.155+0000][1.276s][debug][safepoint    ] Safepoint synchronization initiated. (11 threads)
[2023-11-25T16:05:25.155+0000][1.276s][info ][safepoint    ] Application time: 0.1724978 seconds
[2023-11-25T16:05:25.156+0000][1.277s][info ][safepoint    ] Entering safepoint region: Deoptimize
[2023-11-25T16:05:25.156+0000][1.278s][info ][safepoint    ] Leaving safepoint region
[2023-11-25T16:05:25.157+0000][1.278s][info ][safepoint    ] Total time for which application threads were stopped: 0.0011798 seconds, Stopping threads took: 0.0004344 seconds
[2023-11-25T16:05:25.173+0000][1.294s][debug][safepoint    ] Safepoint synchronization initiated. (11 threads)
[2023-11-25T16:05:25.174+0000][1.295s][info ][safepoint    ] Application time: 0.0160939 seconds
[2023-11-25T16:05:25.174+0000][1.295s][info ][safepoint    ] Entering safepoint region: Deoptimize
[2023-11-25T16:05:25.175+0000][1.296s][info ][safepoint    ] Leaving safepoint region
[2023-11-25T16:05:25.175+0000][1.297s][info ][safepoint    ] Total time for which application threads were stopped: 0.0011996 seconds, Stopping threads took: 0.0004441 seconds
[2023-11-25T16:05:25.417+0000][1.538s][debug][safepoint    ] Safepoint synchronization initiated. (12 threads)
[2023-11-25T16:05:25.417+0000][1.538s][info ][safepoint    ] Application time: 0.2412096 seconds
[2023-11-25T16:05:25.418+0000][1.540s][info ][safepoint    ] Entering safepoint region: G1CollectForAllocation
[2023-11-25T16:05:25.419+0000][1.540s][info ][gc,start     ] GC(1) Pause Young (Normal) (G1 Evacuation Pause)
[2023-11-25T16:05:25.419+0000][1.541s][info ][gc,task      ] GC(1) Using 3 workers of 8 for evacuation
[2023-11-25T16:05:25.433+0000][1.555s][info ][gc,phases    ] GC(1)   Pre Evacuate Collection Set: 0.0ms
[2023-11-25T16:05:25.434+0000][1.555s][info ][gc,phases    ] GC(1)   Evacuate Collection Set: 12.2ms
[2023-11-25T16:05:25.434+0000][1.555s][info ][gc,phases    ] GC(1)   Post Evacuate Collection Set: 0.9ms
[2023-11-25T16:05:25.434+0000][1.556s][info ][gc,phases    ] GC(1)   Other: 1.2ms
[2023-11-25T16:05:25.435+0000][1.556s][info ][gc,heap      ] GC(1) Eden regions: 66->0(69)
[2023-11-25T16:05:25.435+0000][1.557s][info ][gc,heap      ] GC(1) Survivor regions: 8->2(10)
[2023-11-25T16:05:25.436+0000][1.557s][info ][gc,heap      ] GC(1) Old regions: 2->10
[2023-11-25T16:05:25.436+0000][1.557s][info ][gc,heap      ] GC(1) Humongous regions: 0->0
[2023-11-25T16:05:25.437+0000][1.558s][info ][gc,metaspace ] GC(1) Metaspace: 5210K(7424K)->5210K(7424K) NonClass: 4653K(6656K)->4653K(6656K) Class: 556K(768K)->556K(768K)
[2023-11-25T16:05:25.437+0000][1.558s][info ][gc           ] GC(1) Pause Young (Normal) (G1 Evacuation Pause) 74M->9M(126M) 17.970ms
[2023-11-25T16:05:25.437+0000][1.559s][info ][gc,cpu       ] GC(1) User=0.04s Sys=0.01s Real=0.01s
[2023-11-25T16:05:25.438+0000][1.559s][info ][safepoint    ] Leaving safepoint region
[2023-11-25T16:05:25.438+0000][1.559s][info ][safepoint    ] Total time for which application threads were stopped: 0.0198043 seconds, Stopping threads took: 0.0004833 seconds
[2023-11-25T16:05:25.439+0000][1.560s][info ][gc,stringdedup] Concurrent String Deduplication (1.560s)
[2023-11-25T16:05:25.452+0000][1.573s][info ][gc,stringdedup] Concurrent String Deduplication 2183.4K->2008.8K(174.6K) avg 7.1% (1.560s, 1.573s) 12.941ms
[2023-11-25T16:05:25.912+0000][2.034s][debug][safepoint     ] Safepoint synchronization initiated. (12 threads)
[2023-11-25T16:05:25.913+0000][2.034s][info ][safepoint     ] Application time: 0.4745473 seconds
[2023-11-25T16:05:25.914+0000][2.035s][info ][safepoint     ] Entering safepoint region: G1CollectForAllocation
[2023-11-25T16:05:25.914+0000][2.036s][info ][gc,start      ] GC(2) Pause Young (Normal) (G1 Evacuation Pause)
[2023-11-25T16:05:25.915+0000][2.036s][info ][gc,task       ] GC(2) Using 3 workers of 8 for evacuation
[2023-11-25T16:05:25.920+0000][2.041s][info ][gc,phases     ] GC(2)   Pre Evacuate Collection Set: 0.0ms
[2023-11-25T16:05:25.921+0000][2.042s][info ][gc,phases     ] GC(2)   Evacuate Collection Set: 3.6ms
[2023-11-25T16:05:25.921+0000][2.042s][info ][gc,phases     ] GC(2)   Post Evacuate Collection Set: 1.3ms
[2023-11-25T16:05:25.921+0000][2.043s][info ][gc,phases     ] GC(2)   Other: 0.9ms
[2023-11-25T16:05:25.922+0000][2.043s][info ][gc,heap       ] GC(2) Eden regions: 69->0(72)
[2023-11-25T16:05:25.922+0000][2.043s][info ][gc,heap       ] GC(2) Survivor regions: 2->2(9)
[2023-11-25T16:05:25.923+0000][2.044s][info ][gc,heap       ] GC(2) Old regions: 10->10
[2023-11-25T16:05:25.923+0000][2.044s][info ][gc,heap       ] GC(2) Humongous regions: 0->0
[2023-11-25T16:05:25.923+0000][2.045s][info ][gc,metaspace  ] GC(2) Metaspace: 7360K(9088K)->7360K(9088K) NonClass: 6519K(7936K)->6519K(7936K) Class: 840K(1152K)->840K(1152K)
[2023-11-25T16:05:25.924+0000][2.045s][info ][gc            ] GC(2) Pause Young (Normal) (G1 Evacuation Pause) 78M->10M(126M) 9.359ms
[2023-11-25T16:05:25.924+0000][2.045s][info ][gc,cpu        ] GC(2) User=0.02s Sys=0.00s Real=0.01s
[2023-11-25T16:05:25.924+0000][2.046s][info ][safepoint     ] Leaving safepoint region
[2023-11-25T16:05:25.925+0000][2.046s][info ][safepoint     ] Total time for which application threads were stopped: 0.0111359 seconds, Stopping threads took: 0.0004210 seconds
[2023-11-25T16:05:26.320+0000][2.442s][debug][safepoint     ] Safepoint synchronization initiated. (12 threads)
[2023-11-25T16:05:26.321+0000][2.442s][info ][safepoint     ] Application time: 0.3956836 seconds
[2023-11-25T16:05:26.321+0000][2.442s][info ][safepoint     ] Entering safepoint region: G1CollectForAllocation
[2023-11-25T16:05:26.322+0000][2.443s][info ][gc,start      ] GC(3) Pause Young (Normal) (G1 Evacuation Pause)
[2023-11-25T16:05:26.322+0000][2.443s][info ][gc,task       ] GC(3) Using 3 workers of 8 for evacuation
[2023-11-25T16:05:26.328+0000][2.449s][info ][gc,phases     ] GC(3)   Pre Evacuate Collection Set: 0.0ms
[2023-11-25T16:05:26.328+0000][2.450s][info ][gc,phases     ] GC(3)   Evacuate Collection Set: 4.1ms
[2023-11-25T16:05:26.329+0000][2.450s][info ][gc,phases     ] GC(3)   Post Evacuate Collection Set: 1.2ms
[2023-11-25T16:05:26.329+0000][2.450s][info ][gc,phases     ] GC(3)   Other: 0.8ms
[2023-11-25T16:05:26.329+0000][2.451s][info ][gc,heap       ] GC(3) Eden regions: 72->0(71)
[2023-11-25T16:05:26.330+0000][2.451s][info ][gc,heap       ] GC(3) Survivor regions: 2->3(10)
[2023-11-25T16:05:26.330+0000][2.452s][info ][gc,heap       ] GC(3) Old regions: 10->10
[2023-11-25T16:05:26.331+0000][2.452s][info ][gc,heap       ] GC(3) Humongous regions: 0->0
[2023-11-25T16:05:26.331+0000][2.452s][info ][gc,metaspace  ] GC(3) Metaspace: 10567K(11776K)->10567K(11776K) NonClass: 9274K(10240K)->9274K(10240K) Class: 1293K(1536K)->1293K(1536K)
[2023-11-25T16:05:26.332+0000][2.453s][info ][gc            ] GC(3) Pause Young (Normal) (G1 Evacuation Pause) 82M->11M(126M) 9.855ms
[2023-11-25T16:05:26.332+0000][2.453s][info ][gc,cpu        ] GC(3) User=0.01s Sys=0.01s Real=0.01s
[2023-11-25T16:05:26.332+0000][2.454s][info ][safepoint     ] Leaving safepoint region
[2023-11-25T16:05:26.333+0000][2.454s][info ][safepoint     ] Total time for which application threads were stopped: 0.0115321 seconds, Stopping threads took: 0.0003755 seconds
[2023-11-25T16:05:26.333+0000][2.454s][info ][gc,stringdedup] Concurrent String Deduplication (2.454s)
[2023-11-25T16:05:26.334+0000][2.456s][info ][gc,stringdedup] Concurrent String Deduplication 54976.0B->21904.0B(33072.0B) avg 8.2% (2.454s, 2.456s) 1.333ms
[2023-11-25T16:05:26.530+0000][2.651s][debug][safepoint     ] Safepoint synchronization initiated. (12 threads)
[2023-11-25T16:05:26.531+0000][2.652s][info ][safepoint     ] Application time: 0.1975439 seconds
[2023-11-25T16:05:26.531+0000][2.652s][info ][safepoint     ] Entering safepoint region: Deoptimize
[2023-11-25T16:05:26.532+0000][2.653s][info ][safepoint     ] Leaving safepoint region
[2023-11-25T16:05:26.532+0000][2.654s][info ][safepoint     ] Total time for which application threads were stopped: 0.0012878 seconds, Stopping threads took: 0.0004590 seconds
[2023-11-25T16:05:26.649+0000][2.770s][debug][safepoint     ] Safepoint synchronization initiated. (12 threads)
[2023-11-25T16:05:26.650+0000][2.771s][info ][safepoint     ] Application time: 0.1167771 seconds
[2023-11-25T16:05:26.650+0000][2.771s][info ][safepoint     ] Entering safepoint region: ICBufferFull
[2023-11-25T16:05:26.651+0000][2.772s][info ][safepoint     ] Leaving safepoint region
[2023-11-25T16:05:26.651+0000][2.772s][info ][safepoint     ] Total time for which application threads were stopped: 0.0009912 seconds, Stopping threads took: 0.0004137 seconds
[2023-11-25T16:05:26.790+0000][2.911s][debug][safepoint     ] Safepoint synchronization initiated. (13 threads)
[2023-11-25T16:05:26.791+0000][2.913s][info ][safepoint     ] Application time: 0.1397964 seconds
[2023-11-25T16:05:26.792+0000][2.913s][debug][safepoint     ] ... found polling page return exception at pc = 0x00007fe2c91ddcef, stub =0x00007fe2c8840600
[2023-11-25T16:05:26.792+0000][2.914s][debug][safepoint     ] Waiting for 1 thread(s) to block
[2023-11-25T16:05:26.793+0000][2.914s][info ][safepoint     ] Entering safepoint region: G1CollectForAllocation
[2023-11-25T16:05:26.794+0000][2.915s][info ][gc,start      ] GC(4) Pause Young (Normal) (G1 Evacuation Pause)
[2023-11-25T16:05:26.794+0000][2.915s][info ][gc,task       ] GC(4) Using 4 workers of 8 for evacuation
[2023-11-25T16:05:26.803+0000][2.924s][info ][gc,phases     ] GC(4)   Pre Evacuate Collection Set: 0.0ms
[2023-11-25T16:05:26.803+0000][2.925s][info ][gc,phases     ] GC(4)   Evacuate Collection Set: 6.4ms
[2023-11-25T16:05:26.804+0000][2.925s][info ][gc,phases     ] GC(4)   Post Evacuate Collection Set: 1.9ms
[2023-11-25T16:05:26.804+0000][2.926s][info ][gc,phases     ] GC(4)   Other: 1.0ms
[2023-11-25T16:05:26.805+0000][2.926s][info ][gc,heap       ] GC(4) Eden regions: 71->0(82)
[2023-11-25T16:05:26.805+0000][2.926s][info ][gc,heap       ] GC(4) Survivor regions: 3->6(10)
[2023-11-25T16:05:26.805+0000][2.927s][info ][gc,heap       ] GC(4) Old regions: 10->10
[2023-11-25T16:05:26.806+0000][2.927s][info ][gc,heap       ] GC(4) Humongous regions: 0->0
[2023-11-25T16:05:26.806+0000][2.927s][info ][gc,metaspace  ] GC(4) Metaspace: 12588K(13312K)->12588K(13312K) NonClass: 11041K(11520K)->11041K(11520K) Class: 1546K(1792K)->1546K(1792K)
[2023-11-25T16:05:26.807+0000][2.928s][info ][gc            ] GC(4) Pause Young (Normal) (G1 Evacuation Pause) 82M->13M(152M) 13.083ms
[2023-11-25T16:05:26.807+0000][2.928s][info ][gc,cpu        ] GC(4) User=0.05s Sys=0.00s Real=0.01s
[2023-11-25T16:05:26.807+0000][2.929s][info ][safepoint     ] Leaving safepoint region
[2023-11-25T16:05:26.808+0000][2.929s][info ][safepoint     ] Total time for which application threads were stopped: 0.0160607 seconds, Stopping threads took: 0.0016193 seconds
[2023-11-25T16:05:26.808+0000][2.930s][info ][gc,stringdedup] Concurrent String Deduplication (2.930s)
[2023-11-25T16:05:26.811+0000][2.932s][info ][gc,stringdedup] Concurrent String Deduplication 115.9K->35976.0B(82704.0B) avg 11.0% (2.930s, 2.932s) 2.684ms
[2023-11-25T16:05:26.995+0000][3.117s][debug][safepoint     ] Safepoint synchronization initiated. (13 threads)
[2023-11-25T16:05:26.996+0000][3.117s][info ][safepoint     ] Application time: 0.1877596 seconds
[2023-11-25T16:05:26.996+0000][3.118s][debug][safepoint     ] Waiting for 2 thread(s) to block
[2023-11-25T16:05:26.997+0000][3.118s][info ][safepoint     ] Entering safepoint region: G1CollectForAllocation
[2023-11-25T16:05:26.997+0000][3.119s][info ][gc,start      ] GC(5) Pause Young (Normal) (G1 Evacuation Pause)
[2023-11-25T16:05:26.998+0000][3.119s][info ][gc,task       ] GC(5) Using 4 workers of 8 for evacuation
[2023-11-25T16:05:27.005+0000][3.127s][info ][gc,phases     ] GC(5)   Pre Evacuate Collection Set: 0.0ms
[2023-11-25T16:05:27.006+0000][3.127s][info ][gc,phases     ] GC(5)   Evacuate Collection Set: 6.0ms
[2023-11-25T16:05:27.006+0000][3.127s][info ][gc,phases     ] GC(5)   Post Evacuate Collection Set: 1.1ms
[2023-11-25T16:05:27.007+0000][3.128s][info ][gc,phases     ] GC(5)   Other: 0.9ms
[2023-11-25T16:05:27.007+0000][3.128s][info ][gc,heap       ] GC(5) Eden regions: 82->0(85)
[2023-11-25T16:05:27.007+0000][3.129s][info ][gc,heap       ] GC(5) Survivor regions: 6->6(11)
[2023-11-25T16:05:27.008+0000][3.129s][info ][gc,heap       ] GC(5) Old regions: 10->10
[2023-11-25T16:05:27.008+0000][3.129s][info ][gc,heap       ] GC(5) Humongous regions: 0->0
[2023-11-25T16:05:27.008+0000][3.130s][info ][gc,metaspace  ] GC(5) Metaspace: 15245K(16000K)->15245K(16000K) NonClass: 13341K(13824K)->13341K(13824K) Class: 1904K(2176K)->1904K(2176K)
[2023-11-25T16:05:27.009+0000][3.130s][info ][gc            ] GC(5) Pause Young (Normal) (G1 Evacuation Pause) 95M->14M(152M) 11.496ms
[2023-11-25T16:05:27.009+0000][3.131s][info ][gc,cpu        ] GC(5) User=0.03s Sys=0.00s Real=0.02s
[2023-11-25T16:05:27.010+0000][3.131s][info ][safepoint     ] Leaving safepoint region
[2023-11-25T16:05:27.010+0000][3.131s][info ][safepoint     ] Total time for which application threads were stopped: 0.0137058 seconds, Stopping threads took: 0.0009016 seconds
[2023-11-25T16:05:27.010+0000][3.132s][info ][gc,stringdedup] Concurrent String Deduplication (3.132s)
[2023-11-25T16:05:27.012+0000][3.133s][info ][gc,stringdedup] Concurrent String Deduplication 97472.0B->33320.0B(64152.0B) avg 12.9% (3.132s, 3.133s) 1.130ms
[2023-11-25T16:05:27.164+0000][3.286s][debug][safepoint     ] Safepoint synchronization initiated. (13 threads)
[2023-11-25T16:05:27.165+0000][3.286s][info ][safepoint     ] Application time: 0.1542788 seconds
[2023-11-25T16:05:27.165+0000][3.286s][info ][safepoint     ] Entering safepoint region: Deoptimize
[2023-11-25T16:05:27.166+0000][3.287s][info ][safepoint     ] Leaving safepoint region
[2023-11-25T16:05:27.166+0000][3.288s][info ][safepoint     ] Total time for which application threads were stopped: 0.0012030 seconds, Stopping threads took: 0.0003597 seconds
[2023-11-25T16:05:27.182+0000][3.303s][debug][safepoint     ] Safepoint synchronization initiated. (13 threads)
[2023-11-25T16:05:27.185+0000][3.306s][info ][safepoint     ] Application time: 0.0178906 seconds
[2023-11-25T16:05:27.186+0000][3.308s][debug][safepoint     ] Waiting for 2 thread(s) to block
[2023-11-25T16:05:27.187+0000][3.309s][info ][safepoint     ] Entering safepoint region: G1CollectForAllocation
[2023-11-25T16:05:27.188+0000][3.309s][info ][gc,start      ] GC(6) Pause Young (Normal) (G1 Evacuation Pause)
[2023-11-25T16:05:27.188+0000][3.310s][info ][gc,task       ] GC(6) Using 4 workers of 8 for evacuation
[2023-11-25T16:05:27.196+0000][3.317s][info ][gc,phases     ] GC(6)   Pre Evacuate Collection Set: 0.0ms
[2023-11-25T16:05:27.197+0000][3.318s][info ][gc,phases     ] GC(6)   Evacuate Collection Set: 6.1ms
[2023-11-25T16:05:27.197+0000][3.318s][info ][gc,phases     ] GC(6)   Post Evacuate Collection Set: 1.1ms
[2023-11-25T16:05:27.198+0000][3.319s][info ][gc,phases     ] GC(6)   Other: 0.9ms
[2023-11-25T16:05:27.198+0000][3.319s][info ][gc,heap       ] GC(6) Eden regions: 85->0(84)
[2023-11-25T16:05:27.198+0000][3.320s][info ][gc,heap       ] GC(6) Survivor regions: 6->7(12)
[2023-11-25T16:05:27.199+0000][3.320s][info ][gc,heap       ] GC(6) Old regions: 10->10
[2023-11-25T16:05:27.199+0000][3.321s][info ][gc,heap       ] GC(6) Humongous regions: 0->0
[2023-11-25T16:05:27.200+0000][3.321s][info ][gc,metaspace  ] GC(6) Metaspace: 17232K(18176K)->17232K(18176K) NonClass: 14985K(15616K)->14985K(15616K) Class: 2247K(2560K)->2247K(2560K)
[2023-11-25T16:05:27.200+0000][3.322s][info ][gc            ] GC(6) Pause Young (Normal) (G1 Evacuation Pause) 99M->14M(152M) 12.144ms
[2023-11-25T16:05:27.201+0000][3.322s][info ][gc,cpu        ] GC(6) User=0.02s Sys=0.01s Real=0.01s
[2023-11-25T16:05:27.201+0000][3.322s][info ][safepoint     ] Leaving safepoint region
[2023-11-25T16:05:27.201+0000][3.323s][info ][safepoint     ] Total time for which application threads were stopped: 0.0148774 seconds, Stopping threads took: 0.0014293 seconds
[2023-11-25T16:05:27.202+0000][3.323s][info ][gc,stringdedup] Concurrent String Deduplication (3.323s)
[2023-11-25T16:05:27.204+0000][3.326s][info ][gc,stringdedup] Concurrent String Deduplication 138.1K->104.4K(34488.0B) avg 13.4% (3.323s, 3.326s) 2.470ms
[2023-11-25T16:05:27.365+0000][3.487s][debug][safepoint     ] Safepoint synchronization initiated. (13 threads)
[2023-11-25T16:05:27.366+0000][3.487s][info ][safepoint     ] Application time: 0.1640950 seconds
[2023-11-25T16:05:27.366+0000][3.488s][info ][safepoint     ] Entering safepoint region: Deoptimize
[2023-11-25T16:05:27.367+0000][3.489s][info ][safepoint     ] Leaving safepoint region
[2023-11-25T16:05:27.368+0000][3.489s][info ][safepoint     ] Total time for which application threads were stopped: 0.0013955 seconds, Stopping threads took: 0.0004591 seconds
[2023-11-25T16:05:27.493+0000][3.614s][debug][safepoint     ] Safepoint synchronization initiated. (13 threads)
[2023-11-25T16:05:27.493+0000][3.615s][info ][safepoint     ] Application time: 0.1251473 seconds
[2023-11-25T16:05:27.494+0000][3.615s][debug][safepoint     ] Waiting for 1 thread(s) to block
[2023-11-25T16:05:27.494+0000][3.616s][info ][safepoint     ] Entering safepoint region: G1CollectForAllocation
[2023-11-25T16:05:27.495+0000][3.616s][info ][gc,start      ] GC(7) Pause Young (Normal) (G1 Evacuation Pause)
[2023-11-25T16:05:27.495+0000][3.617s][info ][gc,task       ] GC(7) Using 4 workers of 8 for evacuation
[2023-11-25T16:05:27.506+0000][3.627s][info ][gc,phases     ] GC(7)   Pre Evacuate Collection Set: 0.0ms
[2023-11-25T16:05:27.506+0000][3.628s][info ][gc,phases     ] GC(7)   Evacuate Collection Set: 7.6ms
[2023-11-25T16:05:27.507+0000][3.628s][info ][gc,phases     ] GC(7)   Post Evacuate Collection Set: 2.0ms
[2023-11-25T16:05:27.507+0000][3.628s][info ][gc,phases     ] GC(7)   Other: 0.9ms
[2023-11-25T16:05:27.508+0000][3.629s][info ][gc,heap       ] GC(7) Eden regions: 84->0(83)
[2023-11-25T16:05:27.508+0000][3.629s][info ][gc,heap       ] GC(7) Survivor regions: 7->8(12)
[2023-11-25T16:05:27.509+0000][3.630s][info ][gc,heap       ] GC(7) Old regions: 10->10
[2023-11-25T16:05:27.509+0000][3.630s][info ][gc,heap       ] GC(7) Humongous regions: 0->0
[2023-11-25T16:05:27.509+0000][3.631s][info ][gc,metaspace  ] GC(7) Metaspace: 19887K(20736K)->19887K(20736K) NonClass: 17367K(17920K)->17367K(17920K) Class: 2519K(2816K)->2519K(2816K)
[2023-11-25T16:05:27.510+0000][3.631s][info ][gc            ] GC(7) Pause Young (Normal) (G1 Evacuation Pause) 98M->16M(152M) 14.719ms
[2023-11-25T16:05:27.510+0000][3.632s][info ][gc,cpu        ] GC(7) User=0.09s Sys=0.01s Real=0.02s
[2023-11-25T16:05:27.511+0000][3.632s][info ][safepoint     ] Leaving safepoint region
[2023-11-25T16:05:27.511+0000][3.632s][info ][safepoint     ] Total time for which application threads were stopped: 0.0173096 seconds, Stopping threads took: 0.0010611 seconds
[2023-11-25T16:05:27.512+0000][3.633s][info ][gc,stringdedup] Concurrent String Deduplication (3.633s)
[2023-11-25T16:05:27.513+0000][3.634s][info ][gc,stringdedup] Concurrent String Deduplication 57176.0B->14800.0B(42376.0B) avg 14.6% (3.633s, 3.634s) 1.117ms
[2023-11-25T16:05:27.568+0000][3.689s][debug][safepoint     ] Safepoint synchronization initiated. (13 threads)
[2023-11-25T16:05:27.569+0000][3.690s][info ][safepoint     ] Application time: 0.0571746 seconds
[2023-11-25T16:05:27.569+0000][3.691s][info ][safepoint     ] Entering safepoint region: CollectForMetadataAllocation
[2023-11-25T16:05:27.570+0000][3.691s][info ][gc,start      ] GC(8) Pause Young (Concurrent Start) (Metadata GC Threshold)
[2023-11-25T16:05:27.570+0000][3.692s][info ][gc,task       ] GC(8) Using 4 workers of 8 for evacuation
[2023-11-25T16:05:27.585+0000][3.706s][info ][gc,phases     ] GC(8)   Pre Evacuate Collection Set: 0.1ms
[2023-11-25T16:05:27.585+0000][3.706s][info ][gc,phases     ] GC(8)   Evacuate Collection Set: 11.9ms
[2023-11-25T16:05:27.586+0000][3.707s][info ][gc,phases     ] GC(8)   Post Evacuate Collection Set: 1.6ms
[2023-11-25T16:05:27.586+0000][3.707s][info ][gc,phases     ] GC(8)   Other: 1.0ms
[2023-11-25T16:05:27.586+0000][3.708s][info ][gc,heap       ] GC(8) Eden regions: 15->0(86)
[2023-11-25T16:05:27.587+0000][3.708s][info ][gc,heap       ] GC(8) Survivor regions: 8->6(12)
[2023-11-25T16:05:27.587+0000][3.708s][info ][gc,heap       ] GC(8) Old regions: 10->13
[2023-11-25T16:05:27.587+0000][3.709s][info ][gc,heap       ] GC(8) Humongous regions: 0->0
[2023-11-25T16:05:27.588+0000][3.709s][info ][gc,metaspace  ] GC(8) Metaspace: 20503K(21248K)->20503K(21248K) NonClass: 17924K(18432K)->17924K(18432K) Class: 2579K(2816K)->2579K(2816K)
[2023-11-25T16:05:27.588+0000][3.709s][info ][gc            ] GC(8) Pause Young (Concurrent Start) (Metadata GC Threshold) 31M->16M(183M) 18.145ms
[2023-11-25T16:05:27.589+0000][3.710s][info ][gc,cpu        ] GC(8) User=0.06s Sys=0.01s Real=0.02s
[2023-11-25T16:05:27.589+0000][3.710s][info ][gc            ] GC(9) Concurrent Cycle
[2023-11-25T16:05:27.589+0000][3.710s][info ][safepoint     ] Leaving safepoint region
[2023-11-25T16:05:27.590+0000][3.711s][info ][safepoint     ] Total time for which application threads were stopped: 0.0204232 seconds, Stopping threads took: 0.0005357 seconds
[2023-11-25T16:05:27.589+0000][3.711s][info ][gc,marking    ] GC(9) Concurrent Clear Claimed Marks
[2023-11-25T16:05:27.591+0000][3.712s][info ][gc,marking    ] GC(9) Concurrent Clear Claimed Marks 1.481ms
[2023-11-25T16:05:27.591+0000][3.713s][info ][gc,marking    ] GC(9) Concurrent Scan Root Regions
[2023-11-25T16:05:27.590+0000][3.712s][info ][gc,stringdedup] Concurrent String Deduplication (3.711s)
[2023-11-25T16:05:27.593+0000][3.714s][debug][safepoint     ] Safepoint synchronization initiated. (13 threads)
[2023-11-25T16:05:27.593+0000][3.715s][info ][safepoint     ] Application time: 0.0032908 seconds
[2023-11-25T16:05:27.594+0000][3.715s][debug][safepoint     ] Waiting for 1 thread(s) to block
[2023-11-25T16:05:27.594+0000][3.716s][info ][safepoint     ] Entering safepoint region: CollectForMetadataAllocation
[2023-11-25T16:05:27.595+0000][3.716s][info ][safepoint     ] Leaving safepoint region
[2023-11-25T16:05:27.595+0000][3.717s][info ][safepoint     ] Total time for which application threads were stopped: 0.0015065 seconds, Stopping threads took: 0.0009559 seconds
[2023-11-25T16:05:27.597+0000][3.718s][info ][gc,stringdedup] Concurrent String Deduplication 115.5K->26520.0B(91736.0B) avg 17.0% (3.711s, 3.718s) 3.321ms
[2023-11-25T16:05:27.597+0000][3.719s][info ][gc,marking    ] GC(9) Concurrent Scan Root Regions 6.000ms
[2023-11-25T16:05:27.598+0000][3.719s][info ][gc,marking    ] GC(9) Concurrent Mark (3.719s)
[2023-11-25T16:05:27.598+0000][3.720s][info ][gc,marking    ] GC(9) Concurrent Mark From Roots
[2023-11-25T16:05:27.599+0000][3.720s][info ][gc,task       ] GC(9) Using 2 workers of 2 for marking
[2023-11-25T16:05:27.613+0000][3.734s][info ][gc,marking    ] GC(9) Concurrent Mark From Roots 14.651ms
[2023-11-25T16:05:27.615+0000][3.737s][info ][gc,marking    ] GC(9) Concurrent Preclean
[2023-11-25T16:05:27.616+0000][3.737s][info ][gc,marking    ] GC(9) Concurrent Preclean 0.599ms
[2023-11-25T16:05:27.616+0000][3.738s][info ][gc,marking    ] GC(9) Concurrent Mark (3.719s, 3.738s) 18.497ms
[2023-11-25T16:05:27.618+0000][3.739s][debug][safepoint     ] Safepoint synchronization initiated. (13 threads)
[2023-11-25T16:05:27.618+0000][3.739s][info ][safepoint     ] Application time: 0.0223463 seconds
[2023-11-25T16:05:27.619+0000][3.740s][debug][safepoint     ] ... found polling page return exception at pc = 0x00007fe2d045b3d3, stub =0x00007fe2c8840600
[2023-11-25T16:05:27.619+0000][3.740s][debug][safepoint     ] Waiting for 2 thread(s) to block
[2023-11-25T16:05:27.620+0000][3.741s][info ][safepoint     ] Entering safepoint region: CGC_Operation
[2023-11-25T16:05:27.620+0000][3.741s][info ][gc,start      ] GC(9) Pause Remark
[2023-11-25T16:05:27.624+0000][3.745s][info ][gc,stringtable] GC(9) Cleaned string and symbol table, strings: 8317 processed, 6 removed, symbols: 55225 processed, 115 removed
[2023-11-25T16:05:27.625+0000][3.746s][info ][gc            ] GC(9) Pause Remark 20M->20M(183M) 4.469ms
[2023-11-25T16:05:27.625+0000][3.746s][info ][gc,cpu        ] GC(9) User=0.01s Sys=0.00s Real=0.00s
[2023-11-25T16:05:27.626+0000][3.747s][info ][safepoint     ] Leaving safepoint region
[2023-11-25T16:05:27.626+0000][3.748s][info ][safepoint     ] Total time for which application threads were stopped: 0.0078652 seconds, Stopping threads took: 0.0014700 seconds
[2023-11-25T16:05:27.627+0000][3.748s][info ][gc,marking    ] GC(9) Concurrent Rebuild Remembered Sets
[2023-11-25T16:05:27.638+0000][3.760s][info ][gc,marking    ] GC(9) Concurrent Rebuild Remembered Sets 11.430ms
[2023-11-25T16:05:27.640+0000][3.761s][debug][safepoint     ] Safepoint synchronization initiated. (13 threads)
[2023-11-25T16:05:27.640+0000][3.762s][info ][safepoint     ] Application time: 0.0135402 seconds
[2023-11-25T16:05:27.641+0000][3.762s][debug][safepoint     ] Waiting for 1 thread(s) to block
[2023-11-25T16:05:27.641+0000][3.763s][info ][safepoint     ] Entering safepoint region: CGC_Operation
[2023-11-25T16:05:27.642+0000][3.763s][info ][gc,start      ] GC(9) Pause Cleanup
[2023-11-25T16:05:27.642+0000][3.764s][info ][gc            ] GC(9) Pause Cleanup 22M->22M(183M) 0.590ms
[2023-11-25T16:05:27.643+0000][3.764s][info ][gc,cpu        ] GC(9) User=0.01s Sys=0.00s Real=0.00s
[2023-11-25T16:05:27.643+0000][3.765s][info ][safepoint     ] Leaving safepoint region
[2023-11-25T16:05:27.644+0000][3.765s][info ][safepoint     ] Total time for which application threads were stopped: 0.0028214 seconds, Stopping threads took: 0.0008689 seconds
[2023-11-25T16:05:27.644+0000][3.766s][info ][gc,marking    ] GC(9) Concurrent Cleanup for Next Mark
[2023-11-25T16:05:27.647+0000][3.768s][info ][gc,marking    ] GC(9) Concurrent Cleanup for Next Mark 2.597ms
[2023-11-25T16:05:27.648+0000][3.769s][info ][gc            ] GC(9) Concurrent Cycle 58.571ms
[2023-11-25T16:05:27.882+0000][4.004s][debug][safepoint     ] Safepoint synchronization initiated. (13 threads)
[2023-11-25T16:05:27.883+0000][4.004s][info ][safepoint     ] Application time: 0.2386679 seconds
[2023-11-25T16:05:27.883+0000][4.005s][debug][safepoint     ] ... found polling page return exception at pc = 0x00007fe2d0406af0, stub =0x00007fe2c8840600
[2023-11-25T16:05:27.884+0000][4.005s][debug][safepoint     ] Waiting for 1 thread(s) to block
[2023-11-25T16:05:27.884+0000][4.006s][info ][safepoint     ] Entering safepoint region: Deoptimize
[2023-11-25T16:05:27.885+0000][4.006s][info ][safepoint     ] Leaving safepoint region
[2023-11-25T16:05:27.886+0000][4.007s][info ][safepoint     ] Total time for which application threads were stopped: 0.0022872 seconds, Stopping threads took: 0.0013870 seconds
[2023-11-25T16:05:27.924+0000][4.045s][debug][safepoint     ] Safepoint synchronization initiated. (13 threads)
[2023-11-25T16:05:27.925+0000][4.046s][info ][safepoint     ] Application time: 0.0384935 seconds
[2023-11-25T16:05:27.925+0000][4.046s][info ][safepoint     ] Entering safepoint region: G1CollectForAllocation
[2023-11-25T16:05:27.926+0000][4.047s][info ][gc,start      ] GC(10) Pause Young (Normal) (G1 Evacuation Pause)
[2023-11-25T16:05:27.926+0000][4.047s][info ][gc,task       ] GC(10) Using 4 workers of 8 for evacuation
[2023-11-25T16:05:27.934+0000][4.056s][info ][gc,phases     ] GC(10)   Pre Evacuate Collection Set: 0.0ms
[2023-11-25T16:05:27.935+0000][4.056s][info ][gc,phases     ] GC(10)   Evacuate Collection Set: 6.7ms
[2023-11-25T16:05:27.935+0000][4.057s][info ][gc,phases     ] GC(10)   Post Evacuate Collection Set: 1.2ms
[2023-11-25T16:05:27.936+0000][4.057s][info ][gc,phases     ] GC(10)   Other: 1.0ms
[2023-11-25T16:05:27.936+0000][4.057s][info ][gc,heap       ] GC(10) Eden regions: 86->0(90)
[2023-11-25T16:05:27.936+0000][4.058s][info ][gc,heap       ] GC(10) Survivor regions: 6->8(12)
[2023-11-25T16:05:27.937+0000][4.058s][info ][gc,heap       ] GC(10) Old regions: 13->13
[2023-11-25T16:05:27.937+0000][4.059s][info ][gc,heap       ] GC(10) Humongous regions: 0->0
[2023-11-25T16:05:27.938+0000][4.059s][info ][gc,metaspace  ] GC(10) Metaspace: 23767K(24828K)->23767K(24828K) NonClass: 20780K(21504K)->20780K(21504K) Class: 2987K(3324K)->2987K(3324K)
[2023-11-25T16:05:27.938+0000][4.060s][info ][gc            ] GC(10) Pause Young (Normal) (G1 Evacuation Pause) 102M->18M(183M) 12.557ms
[2023-11-25T16:05:27.939+0000][4.060s][info ][gc,cpu        ] GC(10) User=0.06s Sys=0.00s Real=0.02s
[2023-11-25T16:05:27.939+0000][4.060s][info ][safepoint     ] Leaving safepoint region
[2023-11-25T16:05:27.939+0000][4.061s][info ][safepoint     ] Total time for which application threads were stopped: 0.0143965 seconds, Stopping threads took: 0.0004619 seconds
[2023-11-25T16:05:27.940+0000][4.061s][info ][gc,stringdedup] Concurrent String Deduplication (4.061s)
[2023-11-25T16:05:27.945+0000][4.066s][info ][gc,stringdedup] Concurrent String Deduplication 790.0K->747.3K(43776.0B) avg 14.6% (4.061s, 4.066s) 4.920ms
[2023-11-25T16:05:28.257+0000][4.378s][debug][safepoint     ] Safepoint synchronization initiated. (12 threads)
[2023-11-25T16:05:28.258+0000][4.379s][info ][safepoint     ] Application time: 0.3178491 seconds
[2023-11-25T16:05:28.258+0000][4.379s][info ][safepoint     ] Entering safepoint region: G1CollectForAllocation
[2023-11-25T16:05:28.259+0000][4.380s][info ][gc,start      ] GC(11) Pause Young (Normal) (G1 Evacuation Pause)
[2023-11-25T16:05:28.259+0000][4.380s][info ][gc,task       ] GC(11) Using 4 workers of 8 for evacuation
[2023-11-25T16:05:28.270+0000][4.391s][info ][gc,phases     ] GC(11)   Pre Evacuate Collection Set: 0.0ms
[2023-11-25T16:05:28.271+0000][4.393s][info ][gc,phases     ] GC(11)   Evacuate Collection Set: 7.5ms
[2023-11-25T16:05:28.272+0000][4.394s][info ][gc,phases     ] GC(11)   Post Evacuate Collection Set: 2.6ms
[2023-11-25T16:05:28.273+0000][4.394s][info ][gc,phases     ] GC(11)   Other: 0.9ms
[2023-11-25T16:05:28.273+0000][4.394s][info ][gc,heap       ] GC(11) Eden regions: 90->0(101)
[2023-11-25T16:05:28.274+0000][4.395s][info ][gc,heap       ] GC(11) Survivor regions: 8->8(13)
[2023-11-25T16:05:28.274+0000][4.396s][info ][gc,heap       ] GC(11) Old regions: 13->15
[2023-11-25T16:05:28.275+0000][4.396s][info ][gc,heap       ] GC(11) Humongous regions: 0->0
[2023-11-25T16:05:28.276+0000][4.397s][info ][gc,metaspace  ] GC(11) Metaspace: 24119K(25212K)->24119K(25212K) NonClass: 21079K(21760K)->21079K(21760K) Class: 3040K(3452K)->3040K(3452K)
[2023-11-25T16:05:28.277+0000][4.398s][info ][gc            ] GC(11) Pause Young (Normal) (G1 Evacuation Pause) 108M->20M(183M) 17.856ms
[2023-11-25T16:05:28.277+0000][4.399s][info ][gc,cpu        ] GC(11) User=0.07s Sys=0.00s Real=0.01s
[2023-11-25T16:05:28.278+0000][4.399s][info ][safepoint     ] Leaving safepoint region
[2023-11-25T16:05:28.279+0000][4.400s][info ][safepoint     ] Total time for which application threads were stopped: 0.0206188 seconds, Stopping threads took: 0.0004291 seconds
[2023-11-25T16:05:28.279+0000][4.401s][info ][gc,stringdedup] Concurrent String Deduplication (4.401s)
[2023-11-25T16:05:28.281+0000][4.403s][info ][gc,stringdedup] Concurrent String Deduplication 75640.0B->54592.0B(21048.0B) avg 14.9% (4.401s, 4.403s) 1.891ms
[2023-11-25T16:05:28.709+0000][4.830s][debug][safepoint     ] Safepoint synchronization initiated. (12 threads)
[2023-11-25T16:05:28.710+0000][4.831s][info ][safepoint     ] Application time: 0.4304271 seconds
[2023-11-25T16:05:28.710+0000][4.832s][debug][safepoint     ] Waiting for 1 thread(s) to block
[2023-11-25T16:05:28.711+0000][4.832s][info ][safepoint     ] Entering safepoint region: G1CollectForAllocation
[2023-11-25T16:05:28.712+0000][4.833s][info ][gc,start      ] GC(12) Pause Young (Normal) (G1 Evacuation Pause)
[2023-11-25T16:05:28.712+0000][4.833s][info ][gc,task       ] GC(12) Using 4 workers of 8 for evacuation
[2023-11-25T16:05:28.723+0000][4.844s][info ][gc,phases     ] GC(12)   Pre Evacuate Collection Set: 0.0ms
[2023-11-25T16:05:28.723+0000][4.844s][info ][gc,phases     ] GC(12)   Evacuate Collection Set: 8.4ms
[2023-11-25T16:05:28.723+0000][4.845s][info ][gc,phases     ] GC(12)   Post Evacuate Collection Set: 1.6ms
[2023-11-25T16:05:28.724+0000][4.845s][info ][gc,phases     ] GC(12)   Other: 1.0ms
[2023-11-25T16:05:28.724+0000][4.846s][info ][gc,heap       ] GC(12) Eden regions: 101->0(98)
[2023-11-25T16:05:28.725+0000][4.846s][info ][gc,heap       ] GC(12) Survivor regions: 8->11(14)
[2023-11-25T16:05:28.725+0000][4.846s][info ][gc,heap       ] GC(12) Old regions: 15->15
[2023-11-25T16:05:28.725+0000][4.847s][info ][gc,heap       ] GC(12) Humongous regions: 0->0
[2023-11-25T16:05:28.726+0000][4.847s][info ][gc,metaspace  ] GC(12) Metaspace: 24577K(25724K)->24577K(25724K) NonClass: 21490K(22272K)->21490K(22272K) Class: 3086K(3452K)->3086K(3452K)
[2023-11-25T16:05:28.726+0000][4.847s][info ][gc            ] GC(12) Pause Young (Normal) (G1 Evacuation Pause) 121M->23M(183M) 14.619ms
[2023-11-25T16:05:28.727+0000][4.848s][info ][gc,cpu        ] GC(12) User=0.06s Sys=0.00s Real=0.01s
[2023-11-25T16:05:28.727+0000][4.848s][info ][safepoint     ] Leaving safepoint region
[2023-11-25T16:05:28.727+0000][4.849s][info ][safepoint     ] Total time for which application threads were stopped: 0.0170018 seconds, Stopping threads took: 0.0009585 seconds
[2023-11-25T16:05:28.728+0000][4.849s][info ][gc,stringdedup] Concurrent String Deduplication (4.849s)
[2023-11-25T16:05:28.732+0000][4.853s][info ][gc,stringdedup] Concurrent String Deduplication 602.4K->385.0K(217.4K) avg 17.7% (4.849s, 4.853s) 3.993ms
[2023-11-25T16:05:29.059+0000][5.180s][debug][safepoint     ] Safepoint synchronization initiated. (12 threads)
[2023-11-25T16:05:29.060+0000][5.181s][info ][safepoint     ] Application time: 0.3319406 seconds
[2023-11-25T16:05:29.060+0000][5.181s][info ][safepoint     ] Entering safepoint region: ICBufferFull
[2023-11-25T16:05:29.061+0000][5.182s][info ][safepoint     ] Leaving safepoint region
[2023-11-25T16:05:29.061+0000][5.183s][info ][safepoint     ] Total time for which application threads were stopped: 0.0011337 seconds, Stopping threads took: 0.0004696 seconds
[2023-11-25T16:05:29.108+0000][5.229s][debug][safepoint     ] Safepoint synchronization initiated. (12 threads)
[2023-11-25T16:05:29.109+0000][5.230s][info ][safepoint     ] Application time: 0.0470569 seconds
[2023-11-25T16:05:29.109+0000][5.230s][info ][safepoint     ] Entering safepoint region: G1CollectForAllocation
[2023-11-25T16:05:29.110+0000][5.231s][info ][gc,start      ] GC(13) Pause Young (Normal) (G1 Evacuation Pause)
[2023-11-25T16:05:29.110+0000][5.231s][info ][gc,task       ] GC(13) Using 4 workers of 8 for evacuation
[2023-11-25T16:05:29.121+0000][5.242s][info ][gc,phases     ] GC(13)   Pre Evacuate Collection Set: 0.0ms
[2023-11-25T16:05:29.121+0000][5.242s][info ][gc,phases     ] GC(13)   Evacuate Collection Set: 8.1ms
[2023-11-25T16:05:29.121+0000][5.243s][info ][gc,phases     ] GC(13)   Post Evacuate Collection Set: 1.8ms
[2023-11-25T16:05:29.122+0000][5.243s][info ][gc,phases     ] GC(13)   Other: 0.9ms
[2023-11-25T16:05:29.122+0000][5.243s][info ][gc,heap       ] GC(13) Eden regions: 98->0(122)
[2023-11-25T16:05:29.122+0000][5.244s][info ][gc,heap       ] GC(13) Survivor regions: 11->10(14)
[2023-11-25T16:05:29.123+0000][5.244s][info ][gc,heap       ] GC(13) Old regions: 15->18
[2023-11-25T16:05:29.123+0000][5.244s][info ][gc,heap       ] GC(13) Humongous regions: 0->0
[2023-11-25T16:05:29.123+0000][5.245s][info ][gc,metaspace  ] GC(13) Metaspace: 24752K(25724K)->24752K(25724K) NonClass: 21649K(22272K)->21649K(22272K) Class: 3102K(3452K)->3102K(3452K)
[2023-11-25T16:05:29.124+0000][5.245s][info ][gc            ] GC(13) Pause Young (Normal) (G1 Evacuation Pause) 121M->25M(220M) 13.988ms
[2023-11-25T16:05:29.124+0000][5.245s][info ][gc,cpu        ] GC(13) User=0.06s Sys=0.00s Real=0.01s
[2023-11-25T16:05:29.124+0000][5.246s][info ][safepoint     ] Leaving safepoint region
[2023-11-25T16:05:29.125+0000][5.246s][info ][safepoint     ] Total time for which application threads were stopped: 0.0155869 seconds, Stopping threads took: 0.0004228 seconds
[2023-11-25T16:05:29.125+0000][5.246s][info ][gc,stringdedup] Concurrent String Deduplication (5.246s)
[2023-11-25T16:05:29.130+0000][5.251s][info ][gc,stringdedup] Concurrent String Deduplication 720.5K->282.8K(437.7K) avg 23.7% (5.246s, 5.251s) 4.701ms
[2023-11-25T16:05:29.448+0000][5.570s][debug][safepoint     ] Safepoint synchronization initiated. (13 threads)
[2023-11-25T16:05:29.449+0000][5.570s][info ][safepoint     ] Application time: 0.3238896 seconds
[2023-11-25T16:05:29.449+0000][5.571s][info ][safepoint     ] Entering safepoint region: G1CollectForAllocation
[2023-11-25T16:05:29.450+0000][5.571s][info ][gc,start      ] GC(14) Pause Young (Normal) (G1 Evacuation Pause)
[2023-11-25T16:05:29.451+0000][5.573s][info ][gc,task       ] GC(14) Using 5 workers of 8 for evacuation
[2023-11-25T16:05:29.460+0000][5.582s][info ][gc,phases     ] GC(14)   Pre Evacuate Collection Set: 0.0ms
[2023-11-25T16:05:29.461+0000][5.582s][info ][gc,phases     ] GC(14)   Evacuate Collection Set: 7.0ms
[2023-11-25T16:05:29.461+0000][5.583s][info ][gc,phases     ] GC(14)   Post Evacuate Collection Set: 1.5ms
[2023-11-25T16:05:29.462+0000][5.583s][info ][gc,phases     ] GC(14)   Other: 1.7ms
[2023-11-25T16:05:29.462+0000][5.583s][info ][gc,heap       ] GC(14) Eden regions: 122->0(123)
[2023-11-25T16:05:29.463+0000][5.584s][info ][gc,heap       ] GC(14) Survivor regions: 10->9(17)
[2023-11-25T16:05:29.463+0000][5.584s][info ][gc,heap       ] GC(14) Old regions: 18->20
[2023-11-25T16:05:29.463+0000][5.585s][info ][gc,heap       ] GC(14) Humongous regions: 0->0
[2023-11-25T16:05:29.464+0000][5.585s][info ][gc,metaspace  ] GC(14) Metaspace: 25710K(26876K)->25710K(26876K) NonClass: 22539K(23296K)->22539K(23296K) Class: 3170K(3580K)->3170K(3580K)
[2023-11-25T16:05:29.464+0000][5.586s][info ][gc            ] GC(14) Pause Young (Normal) (G1 Evacuation Pause) 147M->26M(220M) 14.291ms
[2023-11-25T16:05:29.465+0000][5.586s][info ][gc,cpu        ] GC(14) User=0.05s Sys=0.00s Real=0.01s
[2023-11-25T16:05:29.465+0000][5.587s][info ][safepoint     ] Leaving safepoint region
[2023-11-25T16:05:29.466+0000][5.587s][info ][safepoint     ] Total time for which application threads were stopped: 0.0162717 seconds, Stopping threads took: 0.0004970 seconds
[2023-11-25T16:05:29.466+0000][5.587s][info ][gc,stringdedup] Concurrent String Deduplication (5.587s)
[2023-11-25T16:05:29.472+0000][5.593s][info ][gc,stringdedup] Concurrent String Deduplication 784.3K->285.8K(498.5K) avg 28.9% (5.587s, 5.593s) 5.756ms
[2023-11-25T16:05:29.675+0000][5.796s][debug][safepoint     ] Safepoint synchronization initiated. (13 threads)
[2023-11-25T16:05:29.675+0000][5.797s][info ][safepoint     ] Application time: 0.2092549 seconds
[2023-11-25T16:05:29.676+0000][5.797s][info ][safepoint     ] Entering safepoint region: G1CollectForAllocation
[2023-11-25T16:05:29.676+0000][5.798s][info ][gc,start      ] GC(15) Pause Young (Normal) (G1 Evacuation Pause)
[2023-11-25T16:05:29.677+0000][5.798s][info ][gc,task       ] GC(15) Using 5 workers of 8 for evacuation
[2023-11-25T16:05:29.683+0000][5.804s][info ][gc,phases     ] GC(15)   Pre Evacuate Collection Set: 0.0ms
[2023-11-25T16:05:29.683+0000][5.805s][info ][gc,phases     ] GC(15)   Evacuate Collection Set: 4.3ms
[2023-11-25T16:05:29.684+0000][5.805s][info ][gc,phases     ] GC(15)   Post Evacuate Collection Set: 1.1ms
[2023-11-25T16:05:29.684+0000][5.806s][info ][gc,phases     ] GC(15)   Other: 0.9ms
[2023-11-25T16:05:29.685+0000][5.806s][info ][gc,heap       ] GC(15) Eden regions: 123->0(124)
[2023-11-25T16:05:29.685+0000][5.806s][info ][gc,heap       ] GC(15) Survivor regions: 9->8(17)
[2023-11-25T16:05:29.685+0000][5.807s][info ][gc,heap       ] GC(15) Old regions: 20->20
[2023-11-25T16:05:29.686+0000][5.807s][info ][gc,heap       ] GC(15) Humongous regions: 0->0
[2023-11-25T16:05:29.686+0000][5.807s][info ][gc,metaspace  ] GC(15) Metaspace: 26290K(27388K)->26290K(27388K) NonClass: 23069K(23808K)->23069K(23808K) Class: 3220K(3580K)->3220K(3580K)
[2023-11-25T16:05:29.687+0000][5.808s][info ][gc            ] GC(15) Pause Young (Normal) (G1 Evacuation Pause) 149M->26M(220M) 10.024ms
[2023-11-25T16:05:29.687+0000][5.808s][info ][gc,cpu        ] GC(15) User=0.05s Sys=0.00s Real=0.01s
[2023-11-25T16:05:29.687+0000][5.809s][info ][safepoint     ] Leaving safepoint region
[2023-11-25T16:05:29.688+0000][5.809s][info ][safepoint     ] Total time for which application threads were stopped: 0.0118041 seconds, Stopping threads took: 0.0004832 seconds
[2023-11-25T16:05:29.688+0000][5.809s][info ][gc,stringdedup] Concurrent String Deduplication (5.809s)
[2023-11-25T16:05:29.693+0000][5.814s][info ][gc,stringdedup] Concurrent String Deduplication 863.1K->250.4K(612.8K) avg 34.2% (5.809s, 5.814s) 4.493ms
[2023-11-25T16:05:29.880+0000][6.001s][debug][safepoint     ] Safepoint synchronization initiated. (13 threads)
[2023-11-25T16:05:29.881+0000][6.002s][info ][safepoint     ] Application time: 0.1926526 seconds
[2023-11-25T16:05:29.882+0000][6.003s][info ][safepoint     ] Entering safepoint region: G1CollectForAllocation
[2023-11-25T16:05:29.882+0000][6.004s][info ][gc,start      ] GC(16) Pause Young (Normal) (G1 Evacuation Pause)
[2023-11-25T16:05:29.883+0000][6.004s][info ][gc,task       ] GC(16) Using 5 workers of 8 for evacuation
[2023-11-25T16:05:29.907+0000][6.029s][info ][gc,phases     ] GC(16)   Pre Evacuate Collection Set: 0.0ms
[2023-11-25T16:05:29.908+0000][6.029s][info ][gc,phases     ] GC(16)   Evacuate Collection Set: 21.5ms
[2023-11-25T16:05:29.909+0000][6.030s][info ][gc,phases     ] GC(16)   Post Evacuate Collection Set: 2.4ms
[2023-11-25T16:05:29.909+0000][6.030s][info ][gc,phases     ] GC(16)   Other: 1.3ms
[2023-11-25T16:05:29.909+0000][6.031s][info ][gc,heap       ] GC(16) Eden regions: 124->0(125)
[2023-11-25T16:05:29.910+0000][6.031s][info ][gc,heap       ] GC(16) Survivor regions: 8->7(17)
[2023-11-25T16:05:29.911+0000][6.032s][info ][gc,heap       ] GC(16) Old regions: 20->20
[2023-11-25T16:05:29.911+0000][6.033s][info ][gc,heap       ] GC(16) Humongous regions: 0->0
[2023-11-25T16:05:29.912+0000][6.033s][info ][gc,metaspace  ] GC(16) Metaspace: 26293K(27388K)->26293K(27388K) NonClass: 23072K(23808K)->23072K(23808K) Class: 3220K(3580K)->3220K(3580K)
[2023-11-25T16:05:29.913+0000][6.035s][info ][gc            ] GC(16) Pause Young (Normal) (G1 Evacuation Pause) 150M->25M(220M) 31.139ms
[2023-11-25T16:05:29.915+0000][6.036s][info ][gc,cpu        ] GC(16) User=0.12s Sys=0.00s Real=0.03s
[2023-11-25T16:05:29.916+0000][6.037s][info ][safepoint     ] Leaving safepoint region
[2023-11-25T16:05:29.916+0000][6.038s][info ][safepoint     ] Total time for which application threads were stopped: 0.0347864 seconds, Stopping threads took: 0.0004979 seconds
[2023-11-25T16:05:29.925+0000][6.046s][info ][gc,stringdedup] Concurrent String Deduplication (6.046s)
[2023-11-25T16:05:29.928+0000][6.049s][info ][gc,stringdedup] Concurrent String Deduplication 644.9K->39864.0B(606.0K) avg 39.3% (6.046s, 6.049s) 2.867ms
[2023-11-25T16:05:30.424+0000][6.546s][debug][safepoint     ] Safepoint synchronization initiated. (11 threads)
[2023-11-25T16:05:30.426+0000][6.547s][info ][safepoint     ] Application time: 0.5087274 seconds
[2023-11-25T16:05:30.426+0000][6.548s][info ][safepoint     ] Entering safepoint region: G1CollectForAllocation
[2023-11-25T16:05:30.427+0000][6.548s][info ][gc,start      ] GC(17) Pause Young (Normal) (G1 Evacuation Pause)
[2023-11-25T16:05:30.427+0000][6.549s][info ][gc,task       ] GC(17) Using 5 workers of 8 for evacuation
[2023-11-25T16:05:30.435+0000][6.557s][info ][gc,phases     ] GC(17)   Pre Evacuate Collection Set: 0.0ms
[2023-11-25T16:05:30.437+0000][6.558s][info ][gc,phases     ] GC(17)   Evacuate Collection Set: 5.4ms
[2023-11-25T16:05:30.438+0000][6.559s][info ][gc,phases     ] GC(17)   Post Evacuate Collection Set: 2.1ms
[2023-11-25T16:05:30.438+0000][6.559s][info ][gc,phases     ] GC(17)   Other: 1.0ms
[2023-11-25T16:05:30.439+0000][6.560s][info ][gc,heap       ] GC(17) Eden regions: 125->0(152)
[2023-11-25T16:05:30.439+0000][6.560s][info ][gc,heap       ] GC(17) Survivor regions: 7->8(17)
[2023-11-25T16:05:30.439+0000][6.561s][info ][gc,heap       ] GC(17) Old regions: 20->20
[2023-11-25T16:05:30.440+0000][6.561s][info ][gc,heap       ] GC(17) Humongous regions: 0->0
[2023-11-25T16:05:30.440+0000][6.562s][info ][gc,metaspace  ] GC(17) Metaspace: 31461K(32508K)->31461K(32508K) NonClass: 27695K(28416K)->27695K(28416K) Class: 3766K(4092K)->3766K(4092K)
[2023-11-25T16:05:30.441+0000][6.562s][info ][gc            ] GC(17) Pause Young (Normal) (G1 Evacuation Pause) 150M->26M(285M) 13.885ms
[2023-11-25T16:05:30.441+0000][6.563s][info ][gc,cpu        ] GC(17) User=0.05s Sys=0.00s Real=0.02s
[2023-11-25T16:05:30.442+0000][6.563s][info ][safepoint     ] Leaving safepoint region
[2023-11-25T16:05:30.442+0000][6.564s][info ][safepoint     ] Total time for which application threads were stopped: 0.0161080 seconds, Stopping threads took: 0.0004264 seconds
[2023-11-25T16:05:30.444+0000][6.565s][info ][gc,stringdedup] Concurrent String Deduplication (6.565s)
[2023-11-25T16:05:30.445+0000][6.566s][info ][gc,stringdedup] Concurrent String Deduplication 46104.0B->11280.0B(34824.0B) avg 39.5% (6.565s, 6.566s) 1.647ms
[2023-11-25T16:05:31.000+0000][7.122s][debug][safepoint     ] Safepoint synchronization initiated. (12 threads)
[2023-11-25T16:05:31.001+0000][7.122s][info ][safepoint     ] Application time: 0.5575478 seconds
[2023-11-25T16:05:31.001+0000][7.123s][info ][safepoint     ] Entering safepoint region: Deoptimize
[2023-11-25T16:05:31.003+0000][7.124s][info ][safepoint     ] Leaving safepoint region
[2023-11-25T16:05:31.003+0000][7.124s][info ][safepoint     ] Total time for which application threads were stopped: 0.0017090 seconds, Stopping threads took: 0.0004147 seconds
[2023-11-25T16:05:31.099+0000][7.220s][debug][safepoint     ] Safepoint synchronization initiated. (12 threads)
[2023-11-25T16:05:31.099+0000][7.220s][info ][safepoint     ] Application time: 0.0954110 seconds
[2023-11-25T16:05:31.099+0000][7.221s][info ][safepoint     ] Entering safepoint region: G1CollectForAllocation
[2023-11-25T16:05:31.100+0000][7.221s][info ][gc,start      ] GC(18) Pause Young (Normal) (G1 Evacuation Pause)
[2023-11-25T16:05:31.101+0000][7.222s][info ][gc,task       ] GC(18) Using 6 workers of 8 for evacuation
[2023-11-25T16:05:31.107+0000][7.229s][info ][gc,phases     ] GC(18)   Pre Evacuate Collection Set: 0.0ms
[2023-11-25T16:05:31.108+0000][7.229s][info ][gc,phases     ] GC(18)   Evacuate Collection Set: 4.9ms
[2023-11-25T16:05:31.108+0000][7.230s][info ][gc,phases     ] GC(18)   Post Evacuate Collection Set: 1.4ms
[2023-11-25T16:05:31.109+0000][7.230s][info ][gc,phases     ] GC(18)   Other: 1.0ms
[2023-11-25T16:05:31.109+0000][7.230s][info ][gc,heap       ] GC(18) Eden regions: 152->0(161)
[2023-11-25T16:05:31.109+0000][7.231s][info ][gc,heap       ] GC(18) Survivor regions: 8->10(20)
[2023-11-25T16:05:31.110+0000][7.231s][info ][gc,heap       ] GC(18) Old regions: 20->20
[2023-11-25T16:05:31.110+0000][7.231s][info ][gc,heap       ] GC(18) Humongous regions: 0->0
[2023-11-25T16:05:31.110+0000][7.232s][info ][gc,metaspace  ] GC(18) Metaspace: 32742K(34044K)->32742K(34044K) NonClass: 28798K(29696K)->28798K(29696K) Class: 3943K(4348K)->3943K(4348K)
[2023-11-25T16:05:31.111+0000][7.232s][info ][gc            ] GC(18) Pause Young (Normal) (G1 Evacuation Pause) 178M->27M(285M) 10.736ms
[2023-11-25T16:05:31.111+0000][7.232s][info ][gc,cpu        ] GC(18) User=0.04s Sys=0.00s Real=0.01s
[2023-11-25T16:05:31.111+0000][7.233s][info ][safepoint     ] Leaving safepoint region
[2023-11-25T16:05:31.112+0000][7.233s][info ][safepoint     ] Total time for which application threads were stopped: 0.0123981 seconds, Stopping threads took: 0.0004246 seconds
[2023-11-25T16:05:31.112+0000][7.234s][info ][gc,stringdedup] Concurrent String Deduplication (7.234s)
[2023-11-25T16:05:31.113+0000][7.234s][info ][gc,stringdedup] Concurrent String Deduplication 11552.0B->0.0B(11552.0B) avg 39.6% (7.234s, 7.234s) 0.633ms
[2023-11-25T16:05:31.459+0000][7.581s][debug][safepoint     ] Safepoint synchronization initiated. (12 threads)
[2023-11-25T16:05:31.460+0000][7.581s][info ][safepoint     ] Application time: 0.3476926 seconds
[2023-11-25T16:05:31.460+0000][7.582s][info ][safepoint     ] Entering safepoint region: Deoptimize
[2023-11-25T16:05:31.462+0000][7.583s][info ][safepoint     ] Leaving safepoint region
[2023-11-25T16:05:31.462+0000][7.583s][info ][safepoint     ] Total time for which application threads were stopped: 0.0016018 seconds, Stopping threads took: 0.0004708 seconds
[2023-11-25T16:05:31.591+0000][7.713s][debug][safepoint     ] Safepoint synchronization initiated. (12 threads)
[2023-11-25T16:05:31.592+0000][7.714s][info ][safepoint     ] Application time: 0.1298980 seconds
[2023-11-25T16:05:31.593+0000][7.714s][debug][safepoint     ] Waiting for 1 thread(s) to block
[2023-11-25T16:05:31.595+0000][7.716s][info ][safepoint     ] Entering safepoint region: G1CollectForAllocation
[2023-11-25T16:05:31.596+0000][7.717s][info ][gc,start      ] GC(19) Pause Young (Normal) (G1 Evacuation Pause)
[2023-11-25T16:05:31.596+0000][7.718s][info ][gc,task       ] GC(19) Using 6 workers of 8 for evacuation
[2023-11-25T16:05:31.607+0000][7.728s][info ][gc,phases     ] GC(19)   Pre Evacuate Collection Set: 0.0ms
[2023-11-25T16:05:31.610+0000][7.731s][info ][gc,phases     ] GC(19)   Evacuate Collection Set: 7.4ms
[2023-11-25T16:05:31.610+0000][7.731s][info ][gc,phases     ] GC(19)   Post Evacuate Collection Set: 2.9ms
[2023-11-25T16:05:31.610+0000][7.732s][info ][gc,phases     ] GC(19)   Other: 1.0ms
[2023-11-25T16:05:31.611+0000][7.732s][info ][gc,heap       ] GC(19) Eden regions: 161->0(160)
[2023-11-25T16:05:31.611+0000][7.733s][info ][gc,heap       ] GC(19) Survivor regions: 10->11(22)
[2023-11-25T16:05:31.612+0000][7.733s][info ][gc,heap       ] GC(19) Old regions: 20->20
[2023-11-25T16:05:31.612+0000][7.733s][info ][gc,heap       ] GC(19) Humongous regions: 0->0
[2023-11-25T16:05:31.612+0000][7.734s][info ][gc,metaspace  ] GC(19) Metaspace: 33453K(34684K)->33453K(34684K) NonClass: 29425K(30208K)->29425K(30208K) Class: 4027K(4476K)->4027K(4476K)
[2023-11-25T16:05:31.614+0000][7.735s][info ][gc            ] GC(19) Pause Young (Normal) (G1 Evacuation Pause) 188M->28M(285M) 17.716ms
[2023-11-25T16:05:31.614+0000][7.735s][info ][gc,cpu        ] GC(19) User=0.09s Sys=0.00s Real=0.02s
[2023-11-25T16:05:31.614+0000][7.736s][info ][safepoint     ] Leaving safepoint region
[2023-11-25T16:05:31.615+0000][7.736s][info ][safepoint     ] Total time for which application threads were stopped: 0.0220016 seconds, Stopping threads took: 0.0027436 seconds
[2023-11-25T16:05:31.615+0000][7.737s][info ][gc,stringdedup] Concurrent String Deduplication (7.737s)
[2023-11-25T16:05:31.617+0000][7.739s][info ][gc,stringdedup] Concurrent String Deduplication 123.9K->17448.0B(106.8K) avg 40.4% (7.737s, 7.739s) 1.838ms
[2023-11-25T16:05:31.839+0000][7.960s][debug][safepoint     ] Safepoint synchronization initiated. (12 threads)
[2023-11-25T16:05:31.840+0000][7.961s][info ][safepoint     ] Application time: 0.2243722 seconds
[2023-11-25T16:05:31.840+0000][7.961s][info ][safepoint     ] Entering safepoint region: Deoptimize
[2023-11-25T16:05:31.841+0000][7.963s][info ][safepoint     ] Leaving safepoint region
[2023-11-25T16:05:31.842+0000][7.963s][info ][safepoint     ] Total time for which application threads were stopped: 0.0015149 seconds, Stopping threads took: 0.0004118 seconds
[2023-11-25T16:05:31.849+0000][7.970s][debug][safepoint     ] Safepoint synchronization initiated. (12 threads)
[2023-11-25T16:05:31.850+0000][7.971s][info ][safepoint     ] Application time: 0.0074199 seconds
[2023-11-25T16:05:31.850+0000][7.971s][info ][safepoint     ] Entering safepoint region: Deoptimize
[2023-11-25T16:05:31.851+0000][7.972s][info ][safepoint     ] Leaving safepoint region
[2023-11-25T16:05:31.851+0000][7.973s][info ][safepoint     ] Total time for which application threads were stopped: 0.0014152 seconds, Stopping threads took: 0.0003717 seconds
[2023-11-25T16:05:31.876+0000][7.997s][debug][safepoint     ] Safepoint synchronization initiated. (12 threads)
[2023-11-25T16:05:31.877+0000][7.998s][info ][safepoint     ] Application time: 0.0249053 seconds
[2023-11-25T16:05:31.877+0000][7.998s][info ][safepoint     ] Entering safepoint region: Deoptimize
[2023-11-25T16:05:31.878+0000][7.999s][info ][safepoint     ] Leaving safepoint region
[2023-11-25T16:05:31.878+0000][8.000s][info ][safepoint     ] Total time for which application threads were stopped: 0.0013708 seconds, Stopping threads took: 0.0003384 seconds
[2023-11-25T16:05:31.928+0000][8.050s][debug][safepoint     ] Safepoint synchronization initiated. (12 threads)
[2023-11-25T16:05:31.929+0000][8.050s][info ][safepoint     ] Application time: 0.0503773 seconds
[2023-11-25T16:05:31.929+0000][8.051s][info ][safepoint     ] Entering safepoint region: Deoptimize
[2023-11-25T16:05:31.931+0000][8.052s][info ][safepoint     ] Leaving safepoint region
[2023-11-25T16:05:31.931+0000][8.053s][info ][safepoint     ] Total time for which application threads were stopped: 0.0017515 seconds, Stopping threads took: 0.0005229 seconds
[2023-11-25T16:05:31.947+0000][8.068s][debug][safepoint     ] Safepoint synchronization initiated. (12 threads)
[2023-11-25T16:05:31.948+0000][8.069s][info ][safepoint     ] Application time: 0.0160960 seconds
[2023-11-25T16:05:31.948+0000][8.069s][info ][safepoint     ] Entering safepoint region: CollectForMetadataAllocation
[2023-11-25T16:05:31.949+0000][8.070s][info ][gc,start      ] GC(20) Pause Young (Concurrent Start) (Metadata GC Threshold)
[2023-11-25T16:05:31.949+0000][8.070s][info ][gc,task       ] GC(20) Using 6 workers of 8 for evacuation
[2023-11-25T16:05:31.961+0000][8.082s][info ][gc,phases     ] GC(20)   Pre Evacuate Collection Set: 0.1ms
[2023-11-25T16:05:31.961+0000][8.083s][info ][gc,phases     ] GC(20)   Evacuate Collection Set: 9.7ms
[2023-11-25T16:05:31.962+0000][8.083s][info ][gc,phases     ] GC(20)   Post Evacuate Collection Set: 1.5ms
[2023-11-25T16:05:31.962+0000][8.084s][info ][gc,phases     ] GC(20)   Other: 0.9ms
[2023-11-25T16:05:31.963+0000][8.084s][info ][gc,heap       ] GC(20) Eden regions: 77->0(160)
[2023-11-25T16:05:31.963+0000][8.084s][info ][gc,heap       ] GC(20) Survivor regions: 11->11(22)
[2023-11-25T16:05:31.963+0000][8.085s][info ][gc,heap       ] GC(20) Old regions: 20->20
[2023-11-25T16:05:31.964+0000][8.085s][info ][gc,heap       ] GC(20) Humongous regions: 0->0
[2023-11-25T16:05:31.964+0000][8.085s][info ][gc,metaspace  ] GC(20) Metaspace: 34963K(36048K)->34963K(36048K) NonClass: 30748K(31444K)->30748K(31444K) Class: 4214K(4604K)->4214K(4604K)
[2023-11-25T16:05:31.965+0000][8.086s][info ][gc            ] GC(20) Pause Young (Concurrent Start) (Metadata GC Threshold) 105M->29M(285M) 15.851ms
[2023-11-25T16:05:31.965+0000][8.086s][info ][gc,cpu        ] GC(20) User=0.08s Sys=0.00s Real=0.01s
[2023-11-25T16:05:31.965+0000][8.087s][info ][gc            ] GC(21) Concurrent Cycle
[2023-11-25T16:05:31.966+0000][8.087s][info ][gc,marking    ] GC(21) Concurrent Clear Claimed Marks
[2023-11-25T16:05:31.965+0000][8.087s][info ][safepoint     ] Leaving safepoint region
[2023-11-25T16:05:31.967+0000][8.088s][info ][gc,marking    ] GC(21) Concurrent Clear Claimed Marks 0.707ms
[2023-11-25T16:05:31.967+0000][8.088s][info ][gc,marking    ] GC(21) Concurrent Scan Root Regions
[2023-11-25T16:05:31.967+0000][8.088s][info ][safepoint     ] Total time for which application threads were stopped: 0.0186559 seconds, Stopping threads took: 0.0004021 seconds
[2023-11-25T16:05:31.968+0000][8.089s][info ][gc,stringdedup] Concurrent String Deduplication (8.089s)
[2023-11-25T16:05:31.971+0000][8.092s][info ][gc,stringdedup] Concurrent String Deduplication 314.3K->137.3K(177.0K) avg 41.0% (8.089s, 8.092s) 2.859ms
[2023-11-25T16:05:31.973+0000][8.095s][info ][gc,marking    ] GC(21) Concurrent Scan Root Regions 6.093ms
[2023-11-25T16:05:31.974+0000][8.095s][info ][gc,marking    ] GC(21) Concurrent Mark (8.095s)
[2023-11-25T16:05:31.974+0000][8.096s][info ][gc,marking    ] GC(21) Concurrent Mark From Roots
[2023-11-25T16:05:31.975+0000][8.096s][info ][gc,task       ] GC(21) Using 2 workers of 2 for marking
[2023-11-25T16:05:31.994+0000][8.115s][info ][gc,marking    ] GC(21) Concurrent Mark From Roots 19.593ms
[2023-11-25T16:05:31.994+0000][8.116s][info ][gc,marking    ] GC(21) Concurrent Preclean
[2023-11-25T16:05:31.995+0000][8.116s][info ][gc,marking    ] GC(21) Concurrent Preclean 0.612ms
[2023-11-25T16:05:31.995+0000][8.117s][info ][gc,marking    ] GC(21) Concurrent Mark (8.095s, 8.117s) 21.676ms
[2023-11-25T16:05:31.996+0000][8.117s][debug][safepoint     ] Safepoint synchronization initiated. (12 threads)
[2023-11-25T16:05:31.996+0000][8.118s][info ][safepoint     ] Application time: 0.0283999 seconds
[2023-11-25T16:05:31.997+0000][8.118s][debug][safepoint     ] ... found polling page return exception at pc = 0x00007fe2d034a9df, stub =0x00007fe2c8840600
[2023-11-25T16:05:31.997+0000][8.119s][debug][safepoint     ] Waiting for 2 thread(s) to block
[2023-11-25T16:05:31.998+0000][8.119s][info ][safepoint     ] Entering safepoint region: CGC_Operation
[2023-11-25T16:05:31.999+0000][8.120s][info ][gc,start      ] GC(21) Pause Remark
[2023-11-25T16:05:32.009+0000][8.130s][info ][gc,stringtable] GC(21) Cleaned string and symbol table, strings: 12684 processed, 29 removed, symbols: 122354 processed, 335 removed
[2023-11-25T16:05:32.014+0000][8.135s][info ][gc            ] GC(21) Pause Remark 35M->35M(285M) 15.342ms
[2023-11-25T16:05:32.015+0000][8.136s][info ][gc,cpu        ] GC(21) User=0.06s Sys=0.00s Real=0.01s
[2023-11-25T16:05:32.016+0000][8.137s][info ][safepoint     ] Leaving safepoint region
[2023-11-25T16:05:32.016+0000][8.137s][info ][safepoint     ] Total time for which application threads were stopped: 0.0190561 seconds, Stopping threads took: 0.0015569 seconds
[2023-11-25T16:05:32.017+0000][8.138s][info ][gc,marking    ] GC(21) Concurrent Rebuild Remembered Sets
[2023-11-25T16:05:32.029+0000][8.150s][info ][gc,marking    ] GC(21) Concurrent Rebuild Remembered Sets 12.488ms
[2023-11-25T16:05:32.062+0000][8.183s][debug][safepoint     ] Safepoint synchronization initiated. (12 threads)
[2023-11-25T16:05:32.062+0000][8.184s][info ][safepoint     ] Application time: 0.0459189 seconds
[2023-11-25T16:05:32.063+0000][8.184s][debug][safepoint     ] Waiting for 1 thread(s) to block
[2023-11-25T16:05:32.063+0000][8.185s][info ][safepoint     ] Entering safepoint region: CGC_Operation
[2023-11-25T16:05:32.064+0000][8.185s][info ][gc,start      ] GC(21) Pause Cleanup
[2023-11-25T16:05:32.065+0000][8.186s][info ][gc            ] GC(21) Pause Cleanup 42M->42M(285M) 0.662ms
[2023-11-25T16:05:32.065+0000][8.187s][info ][gc,cpu        ] GC(21) User=0.00s Sys=0.00s Real=0.00s
[2023-11-25T16:05:32.066+0000][8.187s][info ][safepoint     ] Leaving safepoint region
[2023-11-25T16:05:32.066+0000][8.187s][info ][safepoint     ] Total time for which application threads were stopped: 0.0032462 seconds, Stopping threads took: 0.0011302 seconds
[2023-11-25T16:05:32.067+0000][8.188s][info ][gc,marking    ] GC(21) Concurrent Cleanup for Next Mark
[2023-11-25T16:05:32.074+0000][8.195s][info ][gc,marking    ] GC(21) Concurrent Cleanup for Next Mark 6.908ms
[2023-11-25T16:05:32.074+0000][8.195s][info ][gc            ] GC(21) Concurrent Cycle 108.763ms
[2023-11-25T16:05:32.515+0000][8.636s][debug][safepoint     ] Safepoint synchronization initiated. (11 threads)
[2023-11-25T16:05:32.516+0000][8.637s][info ][safepoint     ] Application time: 0.4492466 seconds
[2023-11-25T16:05:32.517+0000][8.638s][info ][safepoint     ] Entering safepoint region: Deoptimize
[2023-11-25T16:05:32.518+0000][8.639s][info ][safepoint     ] Leaving safepoint region
[2023-11-25T16:05:32.518+0000][8.640s][info ][safepoint     ] Total time for which application threads were stopped: 0.0019156 seconds, Stopping threads took: 0.0005421 seconds
[2023-11-25T16:05:33.121+0000][9.243s][debug][safepoint     ] Safepoint synchronization initiated. (10 threads)
[2023-11-25T16:05:33.122+0000][9.244s][info ][safepoint     ] Application time: 0.6031378 seconds
[2023-11-25T16:05:33.123+0000][9.244s][info ][safepoint     ] Entering safepoint region: G1CollectForAllocation
[2023-11-25T16:05:33.124+0000][9.245s][info ][gc,start      ] GC(22) Pause Young (Normal) (G1 Evacuation Pause)
[2023-11-25T16:05:33.124+0000][9.245s][info ][gc,task       ] GC(22) Using 6 workers of 8 for evacuation
[2023-11-25T16:05:33.144+0000][9.266s][info ][gc,phases     ] GC(22)   Pre Evacuate Collection Set: 0.0ms
[2023-11-25T16:05:33.145+0000][9.266s][info ][gc,phases     ] GC(22)   Evacuate Collection Set: 15.8ms
[2023-11-25T16:05:33.146+0000][9.267s][info ][gc,phases     ] GC(22)   Post Evacuate Collection Set: 4.0ms
[2023-11-25T16:05:33.146+0000][9.267s][info ][gc,phases     ] GC(22)   Other: 0.9ms
[2023-11-25T16:05:33.146+0000][9.268s][info ][gc,heap       ] GC(22) Eden regions: 160->0(161)
[2023-11-25T16:05:33.147+0000][9.268s][info ][gc,heap       ] GC(22) Survivor regions: 11->10(22)
[2023-11-25T16:05:33.147+0000][9.269s][info ][gc,heap       ] GC(22) Old regions: 20->22
[2023-11-25T16:05:33.148+0000][9.269s][info ][gc,heap       ] GC(22) Humongous regions: 0->0
[2023-11-25T16:05:33.148+0000][9.269s][info ][gc,metaspace  ] GC(22) Metaspace: 37289K(38480K)->37289K(38480K) NonClass: 32709K(33492K)->32709K(33492K) Class: 4579K(4988K)->4579K(4988K)
[2023-11-25T16:05:33.149+0000][9.270s][info ][gc            ] GC(22) Pause Young (Normal) (G1 Evacuation Pause) 189M->29M(285M) 24.932ms
[2023-11-25T16:05:33.149+0000][9.270s][info ][gc,cpu        ] GC(22) User=0.09s Sys=0.00s Real=0.03s
[2023-11-25T16:05:33.149+0000][9.271s][info ][safepoint     ] Leaving safepoint region
[2023-11-25T16:05:33.150+0000][9.271s][info ][safepoint     ] Total time for which application threads were stopped: 0.0267596 seconds, Stopping threads took: 0.0004679 seconds
[2023-11-25T16:05:33.150+0000][9.271s][info ][gc,stringdedup] Concurrent String Deduplication (9.271s)
[2023-11-25T16:05:33.153+0000][9.274s][info ][gc,stringdedup] Concurrent String Deduplication 286.5K->139.9K(146.6K) avg 41.3% (9.271s, 9.274s) 2.560ms
[2023-11-25T16:05:33.347+0000][9.469s][debug][safepoint     ] Safepoint synchronization initiated. (11 threads)
[2023-11-25T16:05:33.348+0000][9.469s][info ][safepoint     ] Application time: 0.1977034 seconds
[2023-11-25T16:05:33.348+0000][9.470s][info ][safepoint     ] Entering safepoint region: Deoptimize
[2023-11-25T16:05:33.349+0000][9.471s][info ][safepoint     ] Leaving safepoint region
[2023-11-25T16:05:33.350+0000][9.471s][info ][safepoint     ] Total time for which application threads were stopped: 0.0015333 seconds, Stopping threads took: 0.0004653 seconds
[2023-11-25T16:05:34.119+0000][10.240s][debug][safepoint     ] Safepoint synchronization initiated. (12 threads)
[2023-11-25T16:05:34.120+0000][10.242s][info ][safepoint     ] Application time: 0.7700607 seconds
[2023-11-25T16:05:34.121+0000][10.243s][info ][safepoint     ] Entering safepoint region: ICBufferFull
[2023-11-25T16:05:34.122+0000][10.243s][info ][safepoint     ] Leaving safepoint region
[2023-11-25T16:05:34.123+0000][10.244s][info ][safepoint     ] Total time for which application threads were stopped: 0.0013799 seconds, Stopping threads took: 0.0005452 seconds
[2023-11-25T16:05:34.333+0000][10.455s][debug][safepoint     ] Safepoint synchronization initiated. (12 threads)
[2023-11-25T16:05:34.334+0000][10.455s][info ][safepoint     ] Application time: 0.2110499 seconds
[2023-11-25T16:05:34.335+0000][10.456s][info ][safepoint     ] Entering safepoint region: G1CollectForAllocation
[2023-11-25T16:05:34.336+0000][10.457s][info ][gc,start      ] GC(23) Pause Young (Normal) (G1 Evacuation Pause)
[2023-11-25T16:05:34.336+0000][10.457s][info ][gc,task       ] GC(23) Using 6 workers of 8 for evacuation
[2023-11-25T16:05:34.361+0000][10.482s][info ][gc,phases     ] GC(23)   Pre Evacuate Collection Set: 0.0ms
[2023-11-25T16:05:34.361+0000][10.483s][info ][gc,phases     ] GC(23)   Evacuate Collection Set: 21.6ms
[2023-11-25T16:05:34.362+0000][10.483s][info ][gc,phases     ] GC(23)   Post Evacuate Collection Set: 2.4ms
[2023-11-25T16:05:34.363+0000][10.484s][info ][gc,phases     ] GC(23)   Other: 1.2ms
[2023-11-25T16:05:34.363+0000][10.484s][info ][gc,heap       ] GC(23) Eden regions: 161->0(196)
[2023-11-25T16:05:34.363+0000][10.485s][info ][gc,heap       ] GC(23) Survivor regions: 10->9(22)
[2023-11-25T16:05:34.364+0000][10.485s][info ][gc,heap       ] GC(23) Old regions: 22->24
[2023-11-25T16:05:34.364+0000][10.486s][info ][gc,heap       ] GC(23) Humongous regions: 0->0
[2023-11-25T16:05:34.365+0000][10.486s][info ][gc,metaspace  ] GC(23) Metaspace: 39646K(40784K)->39646K(40784K) NonClass: 34779K(35540K)->34779K(35540K) Class: 4866K(5244K)->4866K(5244K)
[2023-11-25T16:05:34.365+0000][10.487s][info ][gc            ] GC(23) Pause Young (Normal) (G1 Evacuation Pause) 190M->31M(342M) 29.893ms
[2023-11-25T16:05:34.366+0000][10.487s][info ][gc,cpu        ] GC(23) User=0.16s Sys=0.04s Real=0.03s
[2023-11-25T16:05:34.366+0000][10.488s][info ][safepoint     ] Leaving safepoint region
[2023-11-25T16:05:34.367+0000][10.488s][info ][safepoint     ] Total time for which application threads were stopped: 0.0322037 seconds, Stopping threads took: 0.0007085 seconds
[2023-11-25T16:05:34.367+0000][10.489s][info ][gc,stringdedup] Concurrent String Deduplication (10.489s)
[2023-11-25T16:05:34.369+0000][10.491s][info ][gc,stringdedup] Concurrent String Deduplication 79968.0B->24768.0B(55200.0B) avg 41.6% (10.489s, 10.491s) 1.945ms
[2023-11-25T16:05:35.330+0000][11.451s][debug][safepoint     ] Safepoint synchronization initiated. (11 threads)
[2023-11-25T16:05:35.330+0000][11.452s][info ][safepoint     ] Application time: 0.9632479 seconds
[2023-11-25T16:05:35.331+0000][11.452s][info ][safepoint     ] Entering safepoint region: Deoptimize
[2023-11-25T16:05:35.332+0000][11.453s][info ][safepoint     ] Leaving safepoint region
[2023-11-25T16:05:35.333+0000][11.454s][info ][safepoint     ] Total time for which application threads were stopped: 0.0017512 seconds, Stopping threads took: 0.0004145 seconds
[2023-11-25T16:05:35.347+0000][11.468s][debug][safepoint     ] Safepoint synchronization initiated. (11 threads)
[2023-11-25T16:05:35.348+0000][11.469s][info ][safepoint     ] Application time: 0.0143828 seconds
[2023-11-25T16:05:35.348+0000][11.469s][info ][safepoint     ] Entering safepoint region: Deoptimize
[2023-11-25T16:05:35.350+0000][11.471s][info ][safepoint     ] Leaving safepoint region
[2023-11-25T16:05:35.350+0000][11.472s][info ][safepoint     ] Total time for which application threads were stopped: 0.0023464 seconds, Stopping threads took: 0.0004654 seconds
[2023-11-25T16:05:35.378+0000][11.499s][debug][safepoint     ] Safepoint synchronization initiated. (11 threads)
[2023-11-25T16:05:35.378+0000][11.499s][info ][safepoint     ] Application time: 0.0273333 seconds
[2023-11-25T16:05:35.379+0000][11.500s][info ][safepoint     ] Entering safepoint region: Deoptimize
[2023-11-25T16:05:35.380+0000][11.501s][info ][safepoint     ] Leaving safepoint region
[2023-11-25T16:05:35.380+0000][11.502s][info ][safepoint     ] Total time for which application threads were stopped: 0.0016337 seconds, Stopping threads took: 0.0004119 seconds
[2023-11-25T16:05:35.707+0000][11.828s][debug][safepoint     ] Safepoint synchronization initiated. (12 threads)
[2023-11-25T16:05:35.707+0000][11.829s][info ][safepoint     ] Application time: 0.3266872 seconds
[2023-11-25T16:05:35.708+0000][11.829s][info ][safepoint     ] Entering safepoint region: Deoptimize
[2023-11-25T16:05:35.709+0000][11.830s][info ][safepoint     ] Leaving safepoint region
[2023-11-25T16:05:35.709+0000][11.831s][info ][safepoint     ] Total time for which application threads were stopped: 0.0016850 seconds, Stopping threads took: 0.0003753 seconds
[2023-11-25T16:05:35.712+0000][11.833s][debug][safepoint     ] Safepoint synchronization initiated. (12 threads)
[2023-11-25T16:05:35.712+0000][11.834s][info ][safepoint     ] Application time: 0.0023996 seconds
[2023-11-25T16:05:35.713+0000][11.834s][debug][safepoint     ] Waiting for 1 thread(s) to block
[2023-11-25T16:05:35.714+0000][11.835s][info ][safepoint     ] Entering safepoint region: Deoptimize
[2023-11-25T16:05:35.715+0000][11.837s][info ][safepoint     ] Leaving safepoint region
[2023-11-25T16:05:35.716+0000][11.837s][info ][safepoint     ] Total time for which application threads were stopped: 0.0028569 seconds, Stopping threads took: 0.0014650 seconds
[2023-11-25T16:05:35.823+0000][11.944s][debug][safepoint     ] Safepoint synchronization initiated. (12 threads)
[2023-11-25T16:05:35.824+0000][11.945s][info ][safepoint     ] Application time: 0.1076690 seconds
[2023-11-25T16:05:35.824+0000][11.946s][info ][safepoint     ] Entering safepoint region: Deoptimize
[2023-11-25T16:05:35.826+0000][11.947s][info ][safepoint     ] Leaving safepoint region
[2023-11-25T16:05:35.826+0000][11.948s][info ][safepoint     ] Total time for which application threads were stopped: 0.0019531 seconds, Stopping threads took: 0.0004811 seconds
[2023-11-25T16:05:35.866+0000][11.987s][debug][safepoint     ] Safepoint synchronization initiated. (12 threads)
[2023-11-25T16:05:35.867+0000][11.988s][info ][safepoint     ] Application time: 0.0397764 seconds
[2023-11-25T16:05:35.867+0000][11.988s][info ][safepoint     ] Entering safepoint region: G1CollectForAllocation
[2023-11-25T16:05:35.868+0000][11.989s][info ][gc,start      ] GC(24) Pause Young (Normal) (G1 Evacuation Pause)
[2023-11-25T16:05:35.869+0000][11.990s][info ][gc,task       ] GC(24) Using 8 workers of 8 for evacuation
[2023-11-25T16:05:35.917+0000][12.038s][info ][gc,phases     ] GC(24)   Pre Evacuate Collection Set: 0.0ms
[2023-11-25T16:05:35.917+0000][12.038s][info ][gc,phases     ] GC(24)   Evacuate Collection Set: 41.4ms
[2023-11-25T16:05:35.919+0000][12.040s][info ][gc,phases     ] GC(24)   Post Evacuate Collection Set: 5.5ms
[2023-11-25T16:05:35.919+0000][12.041s][info ][gc,phases     ] GC(24)   Other: 1.7ms
[2023-11-25T16:05:35.920+0000][12.041s][info ][gc,heap       ] GC(24) Eden regions: 196->0(194)
[2023-11-25T16:05:35.920+0000][12.041s][info ][gc,heap       ] GC(24) Survivor regions: 9->11(26)
[2023-11-25T16:05:35.921+0000][12.042s][info ][gc,heap       ] GC(24) Old regions: 24->25
[2023-11-25T16:05:35.921+0000][12.043s][info ][gc,heap       ] GC(24) Humongous regions: 0->0
[2023-11-25T16:05:35.922+0000][12.043s][info ][gc,metaspace  ] GC(24) Metaspace: 43874K(45264K)->43874K(45264K) NonClass: 38436K(39380K)->38436K(39380K) Class: 5437K(5884K)->5437K(5884K)
[2023-11-25T16:05:35.922+0000][12.044s][info ][gc            ] GC(24) Pause Young (Normal) (G1 Evacuation Pause) 227M->33M(342M) 54.350ms
[2023-11-25T16:05:35.923+0000][12.045s][info ][gc,cpu        ] GC(24) User=0.36s Sys=0.01s Real=0.05s
[2023-11-25T16:05:35.924+0000][12.045s][info ][safepoint     ] Leaving safepoint region
[2023-11-25T16:05:35.925+0000][12.046s][info ][safepoint     ] Total time for which application threads were stopped: 0.0578511 seconds, Stopping threads took: 0.0005297 seconds
[2023-11-25T16:05:35.927+0000][12.049s][info ][gc,stringdedup] Concurrent String Deduplication (12.049s)
[2023-11-25T16:05:35.929+0000][12.050s][info ][gc,stringdedup] Concurrent String Deduplication 91480.0B->28896.0B(62584.0B) avg 41.9% (12.049s, 12.050s) 1.882ms
[2023-11-25T16:05:36.337+0000][12.458s][debug][safepoint     ] Safepoint synchronization initiated. (12 threads)
[2023-11-25T16:05:36.337+0000][12.459s][info ][safepoint     ] Application time: 0.4117568 seconds
[2023-11-25T16:05:36.338+0000][12.459s][info ][safepoint     ] Entering safepoint region: Deoptimize
[2023-11-25T16:05:36.339+0000][12.460s][info ][safepoint     ] Leaving safepoint region
[2023-11-25T16:05:36.339+0000][12.461s][info ][safepoint     ] Total time for which application threads were stopped: 0.0016768 seconds, Stopping threads took: 0.0004534 seconds
[2023-11-25T16:05:36.341+0000][12.462s][debug][safepoint     ] Safepoint synchronization initiated. (12 threads)
[2023-11-25T16:05:36.341+0000][12.463s][info ][safepoint     ] Application time: 0.0015373 seconds
[2023-11-25T16:05:36.342+0000][12.463s][info ][safepoint     ] Entering safepoint region: Deoptimize
[2023-11-25T16:05:36.343+0000][12.464s][info ][safepoint     ] Leaving safepoint region
[2023-11-25T16:05:36.344+0000][12.465s][info ][safepoint     ] Total time for which application threads were stopped: 0.0018127 seconds, Stopping threads took: 0.0004484 seconds
[2023-11-25T16:05:36.555+0000][12.676s][debug][safepoint     ] Safepoint synchronization initiated. (12 threads)
[2023-11-25T16:05:36.555+0000][12.677s][info ][safepoint     ] Application time: 0.2112124 seconds
[2023-11-25T16:05:36.556+0000][12.677s][info ][safepoint     ] Entering safepoint region: Deoptimize
[2023-11-25T16:05:36.557+0000][12.679s][info ][safepoint     ] Leaving safepoint region
[2023-11-25T16:05:36.558+0000][12.679s][info ][safepoint     ] Total time for which application threads were stopped: 0.0019060 seconds, Stopping threads took: 0.0004513 seconds
[2023-11-25T16:05:36.717+0000][12.839s][debug][safepoint     ] Safepoint synchronization initiated. (12 threads)
[2023-11-25T16:05:36.718+0000][12.839s][info ][safepoint     ] Application time: 0.1596904 seconds
[2023-11-25T16:05:36.718+0000][12.840s][info ][safepoint     ] Entering safepoint region: Deoptimize
[2023-11-25T16:05:36.720+0000][12.841s][info ][safepoint     ] Leaving safepoint region
[2023-11-25T16:05:36.721+0000][12.842s][info ][safepoint     ] Total time for which application threads were stopped: 0.0020383 seconds, Stopping threads took: 0.0004835 seconds
[2023-11-25T16:05:37.159+0000][13.280s][debug][safepoint     ] Safepoint synchronization initiated. (13 threads)
[2023-11-25T16:05:37.160+0000][13.281s][info ][safepoint     ] Application time: 0.4385792 seconds
[2023-11-25T16:05:37.160+0000][13.281s][info ][safepoint     ] Entering safepoint region: Deoptimize
[2023-11-25T16:05:37.162+0000][13.283s][info ][safepoint     ] Leaving safepoint region
[2023-11-25T16:05:37.162+0000][13.283s][info ][safepoint     ] Total time for which application threads were stopped: 0.0019595 seconds, Stopping threads took: 0.0004898 seconds
[2023-11-25T16:05:37.165+0000][13.286s][debug][safepoint     ] Safepoint synchronization initiated. (14 threads)
[2023-11-25T16:05:37.166+0000][13.287s][info ][safepoint     ] Application time: 0.0032461 seconds
[2023-11-25T16:05:37.166+0000][13.288s][debug][safepoint     ] Waiting for 1 thread(s) to block
[2023-11-25T16:05:37.167+0000][13.288s][info ][safepoint     ] Entering safepoint region: G1CollectForAllocation
[2023-11-25T16:05:37.168+0000][13.289s][info ][gc,start      ] GC(25) Pause Young (Normal) (G1 Evacuation Pause)
[2023-11-25T16:05:37.168+0000][13.289s][info ][gc,task       ] GC(25) Using 8 workers of 8 for evacuation
[2023-11-25T16:05:37.183+0000][13.305s][info ][gc,phases     ] GC(25)   Pre Evacuate Collection Set: 0.0ms
[2023-11-25T16:05:37.184+0000][13.305s][info ][gc,phases     ] GC(25)   Evacuate Collection Set: 8.6ms
[2023-11-25T16:05:37.184+0000][13.305s][info ][gc,phases     ] GC(25)   Post Evacuate Collection Set: 3.7ms
[2023-11-25T16:05:37.185+0000][13.306s][info ][gc,phases     ] GC(25)   Other: 3.4ms
[2023-11-25T16:05:37.186+0000][13.307s][info ][gc,heap       ] GC(25) Eden regions: 194->0(192)
[2023-11-25T16:05:37.186+0000][13.307s][info ][gc,heap       ] GC(25) Survivor regions: 11->13(26)
[2023-11-25T16:05:37.187+0000][13.308s][info ][gc,heap       ] GC(25) Old regions: 25->25
[2023-11-25T16:05:37.188+0000][13.309s][info ][gc,heap       ] GC(25) Humongous regions: 0->0
[2023-11-25T16:05:37.188+0000][13.310s][info ][gc,metaspace  ] GC(25) Metaspace: 50735K(52304K)->50735K(52304K) NonClass: 44482K(45524K)->44482K(45524K) Class: 6253K(6780K)->6253K(6780K)
[2023-11-25T16:05:37.189+0000][13.310s][info ][gc            ] GC(25) Pause Young (Normal) (G1 Evacuation Pause) 227M->36M(342M) 21.443ms
[2023-11-25T16:05:37.190+0000][13.311s][info ][gc,cpu        ] GC(25) User=0.10s Sys=0.00s Real=0.03s
[2023-11-25T16:05:37.191+0000][13.312s][info ][safepoint     ] Leaving safepoint region
[2023-11-25T16:05:37.191+0000][13.313s][info ][safepoint     ] Total time for which application threads were stopped: 0.0248792 seconds, Stopping threads took: 0.0009840 seconds
[2023-11-25T16:05:37.192+0000][13.313s][info ][gc,stringdedup] Concurrent String Deduplication (13.313s)
[2023-11-25T16:05:37.194+0000][13.316s][info ][gc,stringdedup] Concurrent String Deduplication 277.9K->77536.0B(202.2K) avg 42.9% (13.313s, 13.316s) 2.757ms
[2023-11-25T16:05:38.192+0000][14.313s][debug][safepoint     ] Safepoint synchronization initiated. (15 threads)
[2023-11-25T16:05:38.193+0000][14.314s][info ][safepoint     ] Application time: 1.0008888 seconds
[2023-11-25T16:05:38.193+0000][14.314s][info ][safepoint     ] Entering safepoint region: Cleanup
[2023-11-25T16:05:38.194+0000][14.315s][info ][safepoint     ] Leaving safepoint region
[2023-11-25T16:05:38.194+0000][14.316s][info ][safepoint     ] Total time for which application threads were stopped: 0.0013023 seconds, Stopping threads took: 0.0004864 seconds
[2023-11-25T16:05:38.312+0000][14.433s][debug][safepoint     ] Safepoint synchronization initiated. (14 threads)
[2023-11-25T16:05:38.312+0000][14.433s][info ][safepoint     ] Application time: 0.1174159 seconds
[2023-11-25T16:05:38.313+0000][14.434s][info ][safepoint     ] Entering safepoint region: Deoptimize
[2023-11-25T16:05:38.314+0000][14.435s][info ][safepoint     ] Leaving safepoint region
[2023-11-25T16:05:38.315+0000][14.436s][info ][safepoint     ] Total time for which application threads were stopped: 0.0019767 seconds, Stopping threads took: 0.0005295 seconds
[2023-11-25T16:05:38.497+0000][14.619s][debug][safepoint     ] Safepoint synchronization initiated. (15 threads)
[2023-11-25T16:05:38.498+0000][14.619s][info ][safepoint     ] Application time: 0.1829123 seconds
[2023-11-25T16:05:38.499+0000][14.620s][info ][safepoint     ] Entering safepoint region: Deoptimize
[2023-11-25T16:05:38.500+0000][14.621s][info ][safepoint     ] Leaving safepoint region
[2023-11-25T16:05:38.501+0000][14.622s][info ][safepoint     ] Total time for which application threads were stopped: 0.0020097 seconds, Stopping threads took: 0.0006342 seconds
[2023-11-25T16:05:38.972+0000][15.093s][debug][safepoint     ] Safepoint synchronization initiated. (15 threads)
[2023-11-25T16:05:38.972+0000][15.094s][info ][safepoint     ] Application time: 0.4710755 seconds
[2023-11-25T16:05:38.973+0000][15.094s][info ][safepoint     ] Entering safepoint region: ICBufferFull
[2023-11-25T16:05:38.973+0000][15.095s][info ][safepoint     ] Leaving safepoint region
[2023-11-25T16:05:38.974+0000][15.095s][info ][safepoint     ] Total time for which application threads were stopped: 0.0011056 seconds, Stopping threads took: 0.0004133 seconds
[2023-11-25T16:05:39.818+0000][15.939s][debug][safepoint     ] Safepoint synchronization initiated. (15 threads)
[2023-11-25T16:05:39.819+0000][15.940s][info ][safepoint     ] Application time: 0.8443241 seconds
[2023-11-25T16:05:39.819+0000][15.940s][info ][safepoint     ] Entering safepoint region: G1CollectForAllocation
[2023-11-25T16:05:39.820+0000][15.941s][info ][gc,start      ] GC(26) Pause Young (Normal) (G1 Evacuation Pause)
[2023-11-25T16:05:39.820+0000][15.942s][info ][gc,task       ] GC(26) Using 8 workers of 8 for evacuation
[2023-11-25T16:05:39.847+0000][15.968s][info ][gc,phases     ] GC(26)   Pre Evacuate Collection Set: 0.0ms
[2023-11-25T16:05:39.848+0000][15.969s][info ][gc,phases     ] GC(26)   Evacuate Collection Set: 23.4ms
[2023-11-25T16:05:39.848+0000][15.970s][info ][gc,phases     ] GC(26)   Post Evacuate Collection Set: 2.3ms
[2023-11-25T16:05:39.849+0000][15.970s][info ][gc,phases     ] GC(26)   Other: 1.4ms
[2023-11-25T16:05:39.849+0000][15.971s][info ][gc,heap       ] GC(26) Eden regions: 192->0(189)
[2023-11-25T16:05:39.850+0000][15.971s][info ][gc,heap       ] GC(26) Survivor regions: 13->16(26)
[2023-11-25T16:05:39.850+0000][15.971s][info ][gc,heap       ] GC(26) Old regions: 25->26
[2023-11-25T16:05:39.850+0000][15.972s][info ][gc,heap       ] GC(26) Humongous regions: 0->0
[2023-11-25T16:05:39.851+0000][15.972s][info ][gc,metaspace  ] GC(26) Metaspace: 55068K(56528K)->55068K(56528K) NonClass: 48288K(49108K)->48288K(49108K) Class: 6780K(7420K)->6780K(7420K)
[2023-11-25T16:05:39.852+0000][15.973s][info ][gc            ] GC(26) Pause Young (Normal) (G1 Evacuation Pause) 228M->39M(342M) 31.722ms
[2023-11-25T16:05:39.852+0000][15.973s][info ][gc,cpu        ] GC(26) User=0.21s Sys=0.00s Real=0.03s
[2023-11-25T16:05:39.852+0000][15.974s][info ][safepoint     ] Leaving safepoint region
[2023-11-25T16:05:39.853+0000][15.974s][info ][safepoint     ] Total time for which application threads were stopped: 0.0337965 seconds, Stopping threads took: 0.0004908 seconds
[2023-11-25T16:05:39.853+0000][15.975s][info ][gc,stringdedup] Concurrent String Deduplication (15.975s)
[2023-11-25T16:05:39.857+0000][15.979s][info ][gc,stringdedup] Concurrent String Deduplication 225.1K->98392.0B(129.1K) avg 43.2% (15.975s, 15.979s) 3.813ms
[2023-11-25T16:05:40.501+0000][16.622s][debug][safepoint     ] Safepoint synchronization initiated. (13 threads)
[2023-11-25T16:05:40.502+0000][16.623s][info ][safepoint     ] Application time: 0.6483895 seconds
[2023-11-25T16:05:40.502+0000][16.623s][info ][safepoint     ] Entering safepoint region: Deoptimize
[2023-11-25T16:05:40.506+0000][16.627s][info ][safepoint     ] Leaving safepoint region
[2023-11-25T16:05:40.506+0000][16.627s][info ][safepoint     ] Total time for which application threads were stopped: 0.0039280 seconds, Stopping threads took: 0.0005863 seconds
[2023-11-25T16:05:41.193+0000][17.314s][debug][safepoint     ] Safepoint synchronization initiated. (13 threads)
[2023-11-25T16:05:41.194+0000][17.315s][info ][safepoint     ] Application time: 0.6870153 seconds
[2023-11-25T16:05:41.194+0000][17.315s][info ][safepoint     ] Entering safepoint region: CollectForMetadataAllocation
[2023-11-25T16:05:41.195+0000][17.316s][info ][gc,start      ] GC(27) Pause Young (Concurrent Start) (Metadata GC Threshold)
[2023-11-25T16:05:41.195+0000][17.316s][info ][gc,task       ] GC(27) Using 8 workers of 8 for evacuation
[2023-11-25T16:05:41.229+0000][17.350s][info ][gc,phases     ] GC(27)   Pre Evacuate Collection Set: 0.2ms
[2023-11-25T16:05:41.230+0000][17.351s][info ][gc,phases     ] GC(27)   Evacuate Collection Set: 31.4ms
[2023-11-25T16:05:41.230+0000][17.351s][info ][gc,phases     ] GC(27)   Post Evacuate Collection Set: 1.9ms
[2023-11-25T16:05:41.230+0000][17.352s][info ][gc,phases     ] GC(27)   Other: 1.0ms
[2023-11-25T16:05:41.231+0000][17.352s][info ][gc,heap       ] GC(27) Eden regions: 184->0(190)
[2023-11-25T16:05:41.231+0000][17.352s][info ][gc,heap       ] GC(27) Survivor regions: 16->15(26)
[2023-11-25T16:05:41.231+0000][17.353s][info ][gc,heap       ] GC(27) Old regions: 26->27
[2023-11-25T16:05:41.232+0000][17.353s][info ][gc,heap       ] GC(27) Humongous regions: 0->0
[2023-11-25T16:05:41.232+0000][17.353s][info ][gc,metaspace  ] GC(27) Metaspace: 59099K(60496K)->59099K(60496K) NonClass: 51617K(52436K)->51617K(52436K) Class: 7481K(8060K)->7481K(8060K)
[2023-11-25T16:05:41.232+0000][17.354s][info ][gc            ] GC(27) Pause Young (Concurrent Start) (Metadata GC Threshold) 222M->39M(342M) 37.865ms
[2023-11-25T16:05:41.233+0000][17.354s][info ][gc,cpu        ] GC(27) User=0.13s Sys=0.05s Real=0.04s
[2023-11-25T16:05:41.233+0000][17.355s][info ][gc            ] GC(28) Concurrent Cycle
[2023-11-25T16:05:41.233+0000][17.355s][info ][safepoint     ] Leaving safepoint region
[2023-11-25T16:05:41.234+0000][17.355s][info ][gc,marking    ] GC(28) Concurrent Clear Claimed Marks
[2023-11-25T16:05:41.234+0000][17.355s][info ][safepoint     ] Total time for which application threads were stopped: 0.0402166 seconds, Stopping threads took: 0.0004603 seconds
[2023-11-25T16:05:41.235+0000][17.356s][info ][gc,marking    ] GC(28) Concurrent Clear Claimed Marks 1.116ms
[2023-11-25T16:05:41.236+0000][17.357s][info ][gc,stringdedup] Concurrent String Deduplication (17.357s)
[2023-11-25T16:05:41.239+0000][17.360s][info ][gc,marking    ] GC(28) Concurrent Scan Root Regions
[2023-11-25T16:05:41.245+0000][17.366s][info ][gc,stringdedup] Concurrent String Deduplication 236.8K->112.6K(124.1K) avg 43.5% (17.357s, 17.366s) 8.417ms
[2023-11-25T16:05:41.250+0000][17.371s][info ][gc,marking    ] GC(28) Concurrent Scan Root Regions 10.915ms
[2023-11-25T16:05:41.250+0000][17.371s][info ][gc,marking    ] GC(28) Concurrent Mark (17.371s)
[2023-11-25T16:05:41.251+0000][17.372s][info ][gc,marking    ] GC(28) Concurrent Mark From Roots
[2023-11-25T16:05:41.251+0000][17.372s][info ][gc,task       ] GC(28) Using 2 workers of 2 for marking
[2023-11-25T16:05:41.286+0000][17.407s][info ][gc,marking    ] GC(28) Concurrent Mark From Roots 35.307ms
[2023-11-25T16:05:41.288+0000][17.409s][info ][gc,marking    ] GC(28) Concurrent Preclean
[2023-11-25T16:05:41.290+0000][17.412s][info ][gc,marking    ] GC(28) Concurrent Preclean 2.444ms
[2023-11-25T16:05:41.291+0000][17.413s][info ][gc,marking    ] GC(28) Concurrent Mark (17.371s, 17.413s) 41.241ms
[2023-11-25T16:05:41.292+0000][17.414s][debug][safepoint     ] Safepoint synchronization initiated. (13 threads)
[2023-11-25T16:05:41.293+0000][17.414s][info ][safepoint     ] Application time: 0.0568715 seconds
[2023-11-25T16:05:41.293+0000][17.414s][debug][safepoint     ] Waiting for 1 thread(s) to block
[2023-11-25T16:05:41.294+0000][17.415s][info ][safepoint     ] Entering safepoint region: CGC_Operation
[2023-11-25T16:05:41.294+0000][17.415s][info ][gc,start      ] GC(28) Pause Remark
[2023-11-25T16:05:41.301+0000][17.422s][info ][gc,stringtable] GC(28) Cleaned string and symbol table, strings: 23435 processed, 1 removed, symbols: 192811 processed, 195 removed
[2023-11-25T16:05:41.302+0000][17.423s][info ][gc            ] GC(28) Pause Remark 46M->46M(342M) 7.998ms
[2023-11-25T16:05:41.303+0000][17.424s][info ][gc,cpu        ] GC(28) User=0.05s Sys=0.00s Real=0.01s
[2023-11-25T16:05:41.305+0000][17.426s][info ][safepoint     ] Leaving safepoint region
[2023-11-25T16:05:41.306+0000][17.427s][info ][safepoint     ] Total time for which application threads were stopped: 0.0124974 seconds, Stopping threads took: 0.0007571 seconds
[2023-11-25T16:05:41.307+0000][17.428s][info ][gc,marking    ] GC(28) Concurrent Rebuild Remembered Sets
[2023-11-25T16:05:41.329+0000][17.451s][info ][gc,marking    ] GC(28) Concurrent Rebuild Remembered Sets 22.138ms
[2023-11-25T16:05:41.330+0000][17.451s][debug][safepoint     ] Safepoint synchronization initiated. (13 threads)
[2023-11-25T16:05:41.330+0000][17.451s][info ][safepoint     ] Application time: 0.0233801 seconds
[2023-11-25T16:05:41.331+0000][17.452s][info ][safepoint     ] Entering safepoint region: CGC_Operation
[2023-11-25T16:05:41.331+0000][17.453s][info ][gc,start      ] GC(28) Pause Cleanup
[2023-11-25T16:05:41.332+0000][17.453s][info ][gc            ] GC(28) Pause Cleanup 47M->47M(342M) 0.623ms
[2023-11-25T16:05:41.332+0000][17.454s][info ][gc,cpu        ] GC(28) User=0.00s Sys=0.00s Real=0.00s
[2023-11-25T16:05:41.333+0000][17.454s][info ][safepoint     ] Leaving safepoint region
[2023-11-25T16:05:41.333+0000][17.454s][info ][safepoint     ] Total time for which application threads were stopped: 0.0024366 seconds, Stopping threads took: 0.0004056 seconds
[2023-11-25T16:05:41.333+0000][17.455s][info ][gc,marking    ] GC(28) Concurrent Cleanup for Next Mark
[2023-11-25T16:05:41.335+0000][17.456s][info ][gc,marking    ] GC(28) Concurrent Cleanup for Next Mark 1.420ms
[2023-11-25T16:05:41.336+0000][17.457s][info ][gc            ] GC(28) Concurrent Cycle 102.237ms
[2023-11-25T16:05:42.208+0000][18.329s][debug][safepoint     ] Safepoint synchronization initiated. (17 threads)
[2023-11-25T16:05:42.209+0000][18.330s][info ][safepoint     ] Application time: 0.8752017 seconds
[2023-11-25T16:05:42.209+0000][18.330s][info ][safepoint     ] Entering safepoint region: ICBufferFull
[2023-11-25T16:05:42.210+0000][18.331s][info ][safepoint     ] Leaving safepoint region
[2023-11-25T16:05:42.210+0000][18.332s][info ][safepoint     ] Total time for which application threads were stopped: 0.0012314 seconds, Stopping threads took: 0.0004728 seconds
[2023-11-25T16:05:42.479+0000][18.600s][debug][safepoint     ] Safepoint synchronization initiated. (17 threads)
[2023-11-25T16:05:42.479+0000][18.601s][info ][safepoint     ] Application time: 0.2685787 seconds
[2023-11-25T16:05:42.480+0000][18.601s][info ][safepoint     ] Entering safepoint region: Deoptimize
[2023-11-25T16:05:42.483+0000][18.605s][info ][safepoint     ] Leaving safepoint region
[2023-11-25T16:05:42.484+0000][18.605s][info ][safepoint     ] Total time for which application threads were stopped: 0.0040628 seconds, Stopping threads took: 0.0003963 seconds
[2023-11-25T16:05:42.679+0000][18.801s][debug][safepoint     ] Safepoint synchronization initiated. (15 threads)
[2023-11-25T16:05:42.680+0000][18.801s][info ][safepoint     ] Application time: 0.1958276 seconds
[2023-11-25T16:05:42.680+0000][18.802s][info ][safepoint     ] Entering safepoint region: G1CollectForAllocation
[2023-11-25T16:05:42.681+0000][18.802s][info ][gc,start      ] GC(29) Pause Young (Normal) (G1 Evacuation Pause)
[2023-11-25T16:05:42.681+0000][18.803s][info ][gc,task       ] GC(29) Using 8 workers of 8 for evacuation
[2023-11-25T16:05:42.705+0000][18.827s][info ][gc,phases     ] GC(29)   Pre Evacuate Collection Set: 0.0ms
[2023-11-25T16:05:42.706+0000][18.827s][info ][gc,phases     ] GC(29)   Evacuate Collection Set: 19.9ms
[2023-11-25T16:05:42.706+0000][18.828s][info ][gc,phases     ] GC(29)   Post Evacuate Collection Set: 3.2ms
[2023-11-25T16:05:42.707+0000][18.828s][info ][gc,phases     ] GC(29)   Other: 1.1ms
[2023-11-25T16:05:42.707+0000][18.828s][info ][gc,heap       ] GC(29) Eden regions: 190->0(188)
[2023-11-25T16:05:42.708+0000][18.829s][info ][gc,heap       ] GC(29) Survivor regions: 15->17(26)
[2023-11-25T16:05:42.708+0000][18.829s][info ][gc,heap       ] GC(29) Old regions: 27->28
[2023-11-25T16:05:42.709+0000][18.830s][info ][gc,heap       ] GC(29) Humongous regions: 0->0
[2023-11-25T16:05:42.709+0000][18.830s][info ][gc,metaspace  ] GC(29) Metaspace: 65000K(66728K)->65000K(66728K) NonClass: 56741K(57812K)->56741K(57812K) Class: 8259K(8916K)->8259K(8916K)
[2023-11-25T16:05:42.709+0000][18.831s][info ][gc            ] GC(29) Pause Young (Normal) (G1 Evacuation Pause) 229M->43M(342M) 28.272ms
[2023-11-25T16:05:42.710+0000][18.831s][info ][gc,cpu        ] GC(29) User=0.17s Sys=0.00s Real=0.03s
[2023-11-25T16:05:42.710+0000][18.831s][info ][safepoint     ] Leaving safepoint region
[2023-11-25T16:05:42.710+0000][18.832s][info ][safepoint     ] Total time for which application threads were stopped: 0.0299919 seconds, Stopping threads took: 0.0004327 seconds
[2023-11-25T16:05:42.711+0000][18.832s][info ][gc,stringdedup] Concurrent String Deduplication (18.832s)
[2023-11-25T16:05:42.715+0000][18.836s][info ][gc,stringdedup] Concurrent String Deduplication 246.9K->86592.0B(162.3K) avg 44.0% (18.832s, 18.836s) 3.715ms
[2023-11-25T16:05:43.015+0000][19.136s][debug][safepoint     ] Safepoint synchronization initiated. (17 threads)
[2023-11-25T16:05:43.016+0000][19.137s][info ][safepoint     ] Application time: 0.3049622 seconds
[2023-11-25T16:05:43.016+0000][19.138s][info ][safepoint     ] Entering safepoint region: ICBufferFull
[2023-11-25T16:05:43.017+0000][19.138s][info ][safepoint     ] Leaving safepoint region
[2023-11-25T16:05:43.018+0000][19.140s][info ][safepoint     ] Total time for which application threads were stopped: 0.0018775 seconds, Stopping threads took: 0.0005355 seconds
[2023-11-25T16:05:43.710+0000][19.831s][debug][safepoint     ] Safepoint synchronization initiated. (16 threads)
[2023-11-25T16:05:43.710+0000][19.832s][info ][safepoint     ] Application time: 0.6915544 seconds
[2023-11-25T16:05:43.711+0000][19.832s][info ][safepoint     ] Entering safepoint region: G1CollectForAllocation
[2023-11-25T16:05:43.712+0000][19.833s][info ][gc,start      ] GC(30) Pause Young (Normal) (G1 Evacuation Pause)
[2023-11-25T16:05:43.712+0000][19.833s][info ][gc,task       ] GC(30) Using 8 workers of 8 for evacuation
[2023-11-25T16:05:43.738+0000][19.859s][info ][gc,phases     ] GC(30)   Pre Evacuate Collection Set: 0.0ms
[2023-11-25T16:05:43.738+0000][19.860s][info ][gc,phases     ] GC(30)   Evacuate Collection Set: 22.4ms
[2023-11-25T16:05:43.739+0000][19.860s][info ][gc,phases     ] GC(30)   Post Evacuate Collection Set: 2.8ms
[2023-11-25T16:05:43.739+0000][19.861s][info ][gc,phases     ] GC(30)   Other: 1.1ms
[2023-11-25T16:05:43.740+0000][19.861s][info ][gc,heap       ] GC(30) Eden regions: 188->0(189)
[2023-11-25T16:05:43.740+0000][19.862s][info ][gc,heap       ] GC(30) Survivor regions: 17->16(26)
[2023-11-25T16:05:43.741+0000][19.862s][info ][gc,heap       ] GC(30) Old regions: 28->31
[2023-11-25T16:05:43.741+0000][19.863s][info ][gc,heap       ] GC(30) Humongous regions: 0->0
[2023-11-25T16:05:43.742+0000][19.863s][info ][gc,metaspace  ] GC(30) Metaspace: 68424K(70312K)->68424K(70312K) NonClass: 59638K(60884K)->59638K(60884K) Class: 8786K(9428K)->8786K(9428K)
[2023-11-25T16:05:43.742+0000][19.864s][info ][gc            ] GC(30) Pause Young (Normal) (G1 Evacuation Pause) 231M->44M(342M) 30.814ms
[2023-11-25T16:05:43.743+0000][19.864s][info ][gc,cpu        ] GC(30) User=0.18s Sys=0.01s Real=0.03s
[2023-11-25T16:05:43.743+0000][19.865s][info ][safepoint     ] Leaving safepoint region
[2023-11-25T16:05:43.744+0000][19.865s][info ][safepoint     ] Total time for which application threads were stopped: 0.0327961 seconds, Stopping threads took: 0.0004242 seconds
[2023-11-25T16:05:43.744+0000][19.865s][info ][gc,stringdedup] Concurrent String Deduplication (19.865s)
[2023-11-25T16:05:43.747+0000][19.868s][info ][gc,stringdedup] Concurrent String Deduplication 85368.0B->18912.0B(66456.0B) avg 44.3% (19.865s, 19.868s) 2.569ms
[2023-11-25T16:05:43.936+0000][20.057s][debug][safepoint     ] Safepoint synchronization initiated. (17 threads)
[2023-11-25T16:05:43.936+0000][20.058s][info ][safepoint     ] Application time: 0.1922300 seconds
[2023-11-25T16:05:43.937+0000][20.058s][info ][safepoint     ] Entering safepoint region: ICBufferFull
[2023-11-25T16:05:43.937+0000][20.059s][info ][safepoint     ] Leaving safepoint region
[2023-11-25T16:05:43.938+0000][20.059s][info ][safepoint     ] Total time for which application threads were stopped: 0.0012353 seconds, Stopping threads took: 0.0004914 seconds
[2023-11-25T16:05:44.032+0000][20.153s][debug][safepoint     ] Safepoint synchronization initiated. (17 threads)
[2023-11-25T16:05:44.032+0000][20.154s][info ][safepoint     ] Application time: 0.0940264 seconds
[2023-11-25T16:05:44.033+0000][20.154s][info ][safepoint     ] Entering safepoint region: ICBufferFull
[2023-11-25T16:05:44.034+0000][20.155s][info ][safepoint     ] Leaving safepoint region
[2023-11-25T16:05:44.034+0000][20.155s][info ][safepoint     ] Total time for which application threads were stopped: 0.0012729 seconds, Stopping threads took: 0.0005261 seconds
[2023-11-25T16:05:44.109+0000][20.230s][debug][safepoint     ] Safepoint synchronization initiated. (17 threads)
[2023-11-25T16:05:44.110+0000][20.231s][info ][safepoint     ] Application time: 0.0750025 seconds
[2023-11-25T16:05:44.110+0000][20.231s][info ][safepoint     ] Entering safepoint region: ICBufferFull
[2023-11-25T16:05:44.111+0000][20.232s][info ][safepoint     ] Leaving safepoint region
[2023-11-25T16:05:44.111+0000][20.233s][info ][safepoint     ] Total time for which application threads were stopped: 0.0012223 seconds, Stopping threads took: 0.0004488 seconds
[2023-11-25T16:05:44.201+0000][20.322s][debug][safepoint     ] Safepoint synchronization initiated. (17 threads)
[2023-11-25T16:05:44.202+0000][20.323s][info ][safepoint     ] Application time: 0.0898902 seconds
[2023-11-25T16:05:44.202+0000][20.324s][info ][safepoint     ] Entering safepoint region: ICBufferFull
[2023-11-25T16:05:44.203+0000][20.324s][info ][safepoint     ] Leaving safepoint region
[2023-11-25T16:05:44.203+0000][20.325s][info ][safepoint     ] Total time for which application threads were stopped: 0.0010617 seconds, Stopping threads took: 0.0004376 seconds
[2023-11-25T16:05:44.329+0000][20.451s][debug][safepoint     ] Safepoint synchronization initiated. (17 threads)
[2023-11-25T16:05:44.330+0000][20.451s][info ][safepoint     ] Application time: 0.1263177 seconds
[2023-11-25T16:05:44.330+0000][20.452s][info ][safepoint     ] Entering safepoint region: ICBufferFull
[2023-11-25T16:05:44.331+0000][20.453s][info ][safepoint     ] Leaving safepoint region
[2023-11-25T16:05:44.332+0000][20.453s][info ][safepoint     ] Total time for which application threads were stopped: 0.0012708 seconds, Stopping threads took: 0.0005463 seconds
[2023-11-25T16:05:44.740+0000][20.861s][debug][safepoint     ] Safepoint synchronization initiated. (15 threads)
[2023-11-25T16:05:44.741+0000][20.862s][info ][safepoint     ] Application time: 0.4085189 seconds
[2023-11-25T16:05:44.741+0000][20.862s][info ][safepoint     ] Entering safepoint region: G1CollectForAllocation
[2023-11-25T16:05:44.742+0000][20.863s][info ][gc,start      ] GC(31) Pause Young (Normal) (G1 Evacuation Pause)
[2023-11-25T16:05:44.742+0000][20.864s][info ][gc,task       ] GC(31) Using 8 workers of 8 for evacuation
[2023-11-25T16:05:44.757+0000][20.878s][info ][gc,phases     ] GC(31)   Pre Evacuate Collection Set: 0.0ms
[2023-11-25T16:05:44.757+0000][20.878s][info ][gc,phases     ] GC(31)   Evacuate Collection Set: 11.8ms
[2023-11-25T16:05:44.758+0000][20.879s][info ][gc,phases     ] GC(31)   Post Evacuate Collection Set: 1.9ms
[2023-11-25T16:05:44.758+0000][20.880s][info ][gc,phases     ] GC(31)   Other: 1.0ms
[2023-11-25T16:05:44.759+0000][20.880s][info ][gc,heap       ] GC(31) Eden regions: 189->0(191)
[2023-11-25T16:05:44.759+0000][20.881s][info ][gc,heap       ] GC(31) Survivor regions: 16->14(26)
[2023-11-25T16:05:44.760+0000][20.881s][info ][gc,heap       ] GC(31) Old regions: 31->35
[2023-11-25T16:05:44.761+0000][20.882s][info ][gc,heap       ] GC(31) Humongous regions: 0->0
[2023-11-25T16:05:44.761+0000][20.882s][info ][gc,metaspace  ] GC(31) Metaspace: 71071K(72872K)->71071K(72872K) NonClass: 61994K(63188K)->61994K(63188K) Class: 9076K(9684K)->9076K(9684K)
[2023-11-25T16:05:44.762+0000][20.883s][info ][gc            ] GC(31) Pause Young (Normal) (G1 Evacuation Pause) 233M->47M(342M) 19.779ms
[2023-11-25T16:05:44.762+0000][20.883s][info ][gc,cpu        ] GC(31) User=0.09s Sys=0.00s Real=0.02s
[2023-11-25T16:05:44.763+0000][20.884s][info ][safepoint     ] Leaving safepoint region
[2023-11-25T16:05:44.763+0000][20.885s][info ][safepoint     ] Total time for which application threads were stopped: 0.0221510 seconds, Stopping threads took: 0.0004479 seconds
[2023-11-25T16:05:44.764+0000][20.885s][info ][gc,stringdedup] Concurrent String Deduplication (20.885s)
[2023-11-25T16:05:44.766+0000][20.887s][info ][gc,stringdedup] Concurrent String Deduplication 207.5K->56512.0B(152.3K) avg 45.0% (20.885s, 20.887s) 1.861ms
[2023-11-25T16:05:44.963+0000][21.084s][debug][safepoint     ] Safepoint synchronization initiated. (17 threads)
[2023-11-25T16:05:44.964+0000][21.085s][info ][safepoint     ] Application time: 0.1996785 seconds
[2023-11-25T16:05:44.964+0000][21.085s][info ][safepoint     ] Entering safepoint region: Deoptimize
[2023-11-25T16:05:44.966+0000][21.087s][info ][safepoint     ] Leaving safepoint region
[2023-11-25T16:05:44.966+0000][21.088s][info ][safepoint     ] Total time for which application threads were stopped: 0.0023537 seconds, Stopping threads took: 0.0004129 seconds
[2023-11-25T16:05:44.969+0000][21.090s][debug][safepoint     ] Safepoint synchronization initiated. (17 threads)
[2023-11-25T16:05:44.970+0000][21.091s][info ][safepoint     ] Application time: 0.0032993 seconds
[2023-11-25T16:05:44.971+0000][21.092s][info ][safepoint     ] Entering safepoint region: Deoptimize
[2023-11-25T16:05:44.973+0000][21.094s][info ][safepoint     ] Leaving safepoint region
[2023-11-25T16:05:44.973+0000][21.095s][info ][safepoint     ] Total time for which application threads were stopped: 0.0023217 seconds, Stopping threads took: 0.0004067 seconds
[2023-11-25T16:05:45.289+0000][21.410s][debug][safepoint     ] Safepoint synchronization initiated. (17 threads)
[2023-11-25T16:05:45.293+0000][21.414s][info ][safepoint     ] Application time: 0.3188752 seconds
[2023-11-25T16:05:45.294+0000][21.415s][info ][safepoint     ] Entering safepoint region: Deoptimize
[2023-11-25T16:05:45.295+0000][21.416s][info ][safepoint     ] Leaving safepoint region
[2023-11-25T16:05:45.295+0000][21.417s][info ][safepoint     ] Total time for which application threads were stopped: 0.0019527 seconds, Stopping threads took: 0.0003975 seconds
[2023-11-25T16:05:45.502+0000][21.624s][debug][safepoint     ] Safepoint synchronization initiated. (17 threads)
[2023-11-25T16:05:45.504+0000][21.625s][info ][safepoint     ] Application time: 0.2079604 seconds
[2023-11-25T16:05:45.504+0000][21.626s][debug][safepoint     ] Waiting for 1 thread(s) to block
[2023-11-25T16:05:45.505+0000][21.626s][info ][safepoint     ] Entering safepoint region: ICBufferFull
[2023-11-25T16:05:45.506+0000][21.627s][info ][safepoint     ] Leaving safepoint region
[2023-11-25T16:05:45.506+0000][21.627s][info ][safepoint     ] Total time for which application threads were stopped: 0.0015393 seconds, Stopping threads took: 0.0009284 seconds
[2023-11-25T16:05:45.596+0000][21.717s][debug][safepoint     ] Safepoint synchronization initiated. (17 threads)
[2023-11-25T16:05:45.596+0000][21.718s][info ][safepoint     ] Application time: 0.0900972 seconds
[2023-11-25T16:05:45.597+0000][21.718s][info ][safepoint     ] Entering safepoint region: Deoptimize
[2023-11-25T16:05:45.599+0000][21.720s][info ][safepoint     ] Leaving safepoint region
[2023-11-25T16:05:45.599+0000][21.720s][info ][safepoint     ] Total time for which application threads were stopped: 0.0022651 seconds, Stopping threads took: 0.0004503 seconds
[2023-11-25T16:05:45.754+0000][21.876s][debug][safepoint     ] Safepoint synchronization initiated. (17 threads)
[2023-11-25T16:05:45.755+0000][21.877s][info ][safepoint     ] Application time: 0.1557855 seconds
[2023-11-25T16:05:45.756+0000][21.877s][info ][safepoint     ] Entering safepoint region: Deoptimize
[2023-11-25T16:05:45.758+0000][21.880s][info ][safepoint     ] Leaving safepoint region
[2023-11-25T16:05:45.759+0000][21.881s][info ][safepoint     ] Total time for which application threads were stopped: 0.0033693 seconds, Stopping threads took: 0.0007451 seconds
[2023-11-25T16:05:46.110+0000][22.231s][debug][safepoint     ] Safepoint synchronization initiated. (17 threads)
[2023-11-25T16:05:46.111+0000][22.232s][info ][safepoint     ] Application time: 0.3508246 seconds
[2023-11-25T16:05:46.111+0000][22.232s][debug][safepoint     ] Waiting for 1 thread(s) to block
[2023-11-25T16:05:46.111+0000][22.233s][info ][safepoint     ] Entering safepoint region: ICBufferFull
[2023-11-25T16:05:46.112+0000][22.233s][info ][safepoint     ] Leaving safepoint region
[2023-11-25T16:05:46.112+0000][22.234s][info ][safepoint     ] Total time for which application threads were stopped: 0.0014392 seconds, Stopping threads took: 0.0008406 seconds
[2023-11-25T16:05:46.195+0000][22.316s][debug][safepoint     ] Safepoint synchronization initiated. (17 threads)
[2023-11-25T16:05:46.196+0000][22.317s][info ][safepoint     ] Application time: 0.0833769 seconds
[2023-11-25T16:05:46.198+0000][22.319s][info ][safepoint     ] Entering safepoint region: G1CollectForAllocation
[2023-11-25T16:05:46.199+0000][22.320s][info ][gc,start      ] GC(32) Pause Young (Normal) (G1 Evacuation Pause)
[2023-11-25T16:05:46.199+0000][22.321s][info ][gc,task       ] GC(32) Using 8 workers of 8 for evacuation
[2023-11-25T16:05:46.219+0000][22.341s][info ][gc,phases     ] GC(32)   Pre Evacuate Collection Set: 0.0ms
[2023-11-25T16:05:46.220+0000][22.341s][info ][gc,phases     ] GC(32)   Evacuate Collection Set: 13.9ms
[2023-11-25T16:05:46.220+0000][22.342s][info ][gc,phases     ] GC(32)   Post Evacuate Collection Set: 5.2ms
[2023-11-25T16:05:46.221+0000][22.342s][info ][gc,phases     ] GC(32)   Other: 1.2ms
[2023-11-25T16:05:46.222+0000][22.343s][info ][gc,heap       ] GC(32) Eden regions: 191->0(190)
[2023-11-25T16:05:46.222+0000][22.344s][info ][gc,heap       ] GC(32) Survivor regions: 14->15(26)
[2023-11-25T16:05:46.223+0000][22.344s][info ][gc,heap       ] GC(32) Old regions: 35->35
[2023-11-25T16:05:46.223+0000][22.345s][info ][gc,heap       ] GC(32) Humongous regions: 0->0
[2023-11-25T16:05:46.224+0000][22.345s][info ][gc,metaspace  ] GC(32) Metaspace: 77211K(79144K)->77211K(79144K) NonClass: 67407K(68564K)->67407K(68564K) Class: 9804K(10580K)->9804K(10580K)
[2023-11-25T16:05:46.224+0000][22.346s][info ][gc            ] GC(32) Pause Young (Normal) (G1 Evacuation Pause) 238M->48M(342M) 25.538ms
[2023-11-25T16:05:46.225+0000][22.347s][info ][gc,cpu        ] GC(32) User=0.13s Sys=0.00s Real=0.02s
[2023-11-25T16:05:46.226+0000][22.347s][info ][safepoint     ] Leaving safepoint region
[2023-11-25T16:05:46.227+0000][22.348s][info ][safepoint     ] Total time for which application threads were stopped: 0.0290974 seconds, Stopping threads took: 0.0009932 seconds
[2023-11-25T16:05:46.227+0000][22.349s][info ][gc,stringdedup] Concurrent String Deduplication (22.349s)
[2023-11-25T16:05:46.236+0000][22.357s][info ][gc,stringdedup] Concurrent String Deduplication 194.1K->44960.0B(150.2K) avg 45.6% (22.349s, 22.357s) 8.438ms
[2023-11-25T16:05:46.846+0000][22.968s][debug][safepoint     ] Safepoint synchronization initiated. (18 threads)
[2023-11-25T16:05:46.847+0000][22.968s][info ][safepoint     ] Application time: 0.6198422 seconds
[2023-11-25T16:05:46.848+0000][22.969s][info ][safepoint     ] Entering safepoint region: ICBufferFull
[2023-11-25T16:05:46.848+0000][22.970s][info ][safepoint     ] Leaving safepoint region
[2023-11-25T16:05:46.849+0000][22.970s][info ][safepoint     ] Total time for which application threads were stopped: 0.0011564 seconds, Stopping threads took: 0.0004784 seconds
[2023-11-25T16:05:47.303+0000][23.425s][debug][safepoint     ] Safepoint synchronization initiated. (18 threads)
[2023-11-25T16:05:47.304+0000][23.425s][info ][safepoint     ] Application time: 0.4550133 seconds
[2023-11-25T16:05:47.305+0000][23.426s][debug][safepoint     ] Waiting for 1 thread(s) to block
[2023-11-25T16:05:47.305+0000][23.426s][info ][safepoint     ] Entering safepoint region: ICBufferFull
[2023-11-25T16:05:47.306+0000][23.427s][info ][safepoint     ] Leaving safepoint region
[2023-11-25T16:05:47.306+0000][23.428s][info ][safepoint     ] Total time for which application threads were stopped: 0.0015513 seconds, Stopping threads took: 0.0008640 seconds
[2023-11-25T16:05:47.475+0000][23.596s][debug][safepoint     ] Safepoint synchronization initiated. (18 threads)
[2023-11-25T16:05:47.475+0000][23.597s][info ][safepoint     ] Application time: 0.1687913 seconds
[2023-11-25T16:05:47.476+0000][23.597s][info ][safepoint     ] Entering safepoint region: G1CollectForAllocation
[2023-11-25T16:05:47.476+0000][23.598s][info ][gc,start      ] GC(33) Pause Young (Normal) (G1 Evacuation Pause)
[2023-11-25T16:05:47.477+0000][23.598s][info ][gc,task       ] GC(33) Using 8 workers of 8 for evacuation
[2023-11-25T16:05:47.498+0000][23.619s][info ][gc,phases     ] GC(33)   Pre Evacuate Collection Set: 0.0ms
[2023-11-25T16:05:47.498+0000][23.620s][info ][gc,phases     ] GC(33)   Evacuate Collection Set: 18.6ms
[2023-11-25T16:05:47.499+0000][23.620s][info ][gc,phases     ] GC(33)   Post Evacuate Collection Set: 2.2ms
[2023-11-25T16:05:47.499+0000][23.621s][info ][gc,phases     ] GC(33)   Other: 0.8ms
[2023-11-25T16:05:47.500+0000][23.621s][info ][gc,heap       ] GC(33) Eden regions: 190->0(187)
[2023-11-25T16:05:47.500+0000][23.621s][info ][gc,heap       ] GC(33) Survivor regions: 15->18(26)
[2023-11-25T16:05:47.500+0000][23.622s][info ][gc,heap       ] GC(33) Old regions: 35->37
[2023-11-25T16:05:47.501+0000][23.622s][info ][gc,heap       ] GC(33) Humongous regions: 0->0
[2023-11-25T16:05:47.501+0000][23.622s][info ][gc,metaspace  ] GC(33) Metaspace: 79040K(81064K)->79040K(81064K) NonClass: 69145K(70356K)->69145K(70356K) Class: 9894K(10708K)->9894K(10708K)
[2023-11-25T16:05:47.501+0000][23.623s][info ][gc            ] GC(33) Pause Young (Normal) (G1 Evacuation Pause) 238M->53M(342M) 25.075ms
[2023-11-25T16:05:47.502+0000][23.623s][info ][gc,cpu        ] GC(33) User=0.16s Sys=0.01s Real=0.03s
[2023-11-25T16:05:47.502+0000][23.624s][info ][safepoint     ] Leaving safepoint region
[2023-11-25T16:05:47.503+0000][23.624s][info ][safepoint     ] Total time for which application threads were stopped: 0.0267202 seconds, Stopping threads took: 0.0003954 seconds
[2023-11-25T16:05:47.503+0000][23.624s][info ][gc,stringdedup] Concurrent String Deduplication (23.624s)
[2023-11-25T16:05:47.505+0000][23.626s][info ][gc,stringdedup] Concurrent String Deduplication 225.2K->164.4K(62280.0B) avg 45.2% (23.624s, 23.626s) 2.147ms
[2023-11-25T16:05:47.936+0000][24.058s][debug][safepoint     ] Safepoint synchronization initiated. (18 threads)
[2023-11-25T16:05:47.937+0000][24.058s][info ][safepoint     ] Application time: 0.4339340 seconds
[2023-11-25T16:05:47.937+0000][24.059s][info ][safepoint     ] Entering safepoint region: ICBufferFull
[2023-11-25T16:05:47.938+0000][24.059s][info ][safepoint     ] Leaving safepoint region
[2023-11-25T16:05:47.938+0000][24.060s][info ][safepoint     ] Total time for which application threads were stopped: 0.0011519 seconds, Stopping threads took: 0.0004954 seconds
[2023-11-25T16:05:48.327+0000][24.448s][debug][safepoint     ] Safepoint synchronization initiated. (18 threads)
[2023-11-25T16:05:48.327+0000][24.449s][info ][safepoint     ] Application time: 0.3885897 seconds
[2023-11-25T16:05:48.328+0000][24.449s][debug][safepoint     ] Waiting for 1 thread(s) to block
[2023-11-25T16:05:48.328+0000][24.450s][info ][safepoint     ] Entering safepoint region: ICBufferFull
[2023-11-25T16:05:48.329+0000][24.450s][info ][safepoint     ] Leaving safepoint region
[2023-11-25T16:05:48.329+0000][24.451s][info ][safepoint     ] Total time for which application threads were stopped: 0.0014538 seconds, Stopping threads took: 0.0008303 seconds
[2023-11-25T16:05:48.362+0000][24.484s][debug][safepoint     ] Safepoint synchronization initiated. (18 threads)
[2023-11-25T16:05:48.363+0000][24.484s][info ][safepoint     ] Application time: 0.0333364 seconds
[2023-11-25T16:05:48.363+0000][24.485s][info ][safepoint     ] Entering safepoint region: Deoptimize
[2023-11-25T16:05:48.365+0000][24.487s][info ][safepoint     ] Leaving safepoint region
[2023-11-25T16:05:48.366+0000][24.487s][info ][safepoint     ] Total time for which application threads were stopped: 0.0020876 seconds, Stopping threads took: 0.0004044 seconds
[2023-11-25T16:05:48.530+0000][24.651s][debug][safepoint     ] Safepoint synchronization initiated. (18 threads)
[2023-11-25T16:05:48.531+0000][24.652s][info ][safepoint     ] Application time: 0.1647686 seconds
[2023-11-25T16:05:48.531+0000][24.652s][info ][safepoint     ] Entering safepoint region: G1CollectForAllocation
[2023-11-25T16:05:48.532+0000][24.653s][info ][gc,start      ] GC(34) Pause Young (Normal) (G1 Evacuation Pause)
[2023-11-25T16:05:48.532+0000][24.654s][info ][gc,task       ] GC(34) Using 8 workers of 8 for evacuation
[2023-11-25T16:05:48.550+0000][24.672s][info ][gc,phases     ] GC(34)   Pre Evacuate Collection Set: 0.0ms
[2023-11-25T16:05:48.551+0000][24.672s][info ][gc,phases     ] GC(34)   Evacuate Collection Set: 15.5ms
[2023-11-25T16:05:48.551+0000][24.673s][info ][gc,phases     ] GC(34)   Post Evacuate Collection Set: 2.1ms
[2023-11-25T16:05:48.552+0000][24.673s][info ][gc,phases     ] GC(34)   Other: 0.9ms
[2023-11-25T16:05:48.552+0000][24.673s][info ][gc,heap       ] GC(34) Eden regions: 187->0(187)
[2023-11-25T16:05:48.552+0000][24.674s][info ][gc,heap       ] GC(34) Survivor regions: 18->18(26)
[2023-11-25T16:05:48.553+0000][24.674s][info ][gc,heap       ] GC(34) Old regions: 37->42
[2023-11-25T16:05:48.553+0000][24.674s][info ][gc,heap       ] GC(34) Humongous regions: 0->0
[2023-11-25T16:05:48.553+0000][24.675s][info ][gc,metaspace  ] GC(34) Metaspace: 80678K(82856K)->80678K(82856K) NonClass: 70678K(72148K)->70678K(72148K) Class: 9999K(10708K)->9999K(10708K)
[2023-11-25T16:05:48.554+0000][24.675s][info ][gc            ] GC(34) Pause Young (Normal) (G1 Evacuation Pause) 240M->58M(342M) 22.172ms
[2023-11-25T16:05:48.554+0000][24.676s][info ][gc,cpu        ] GC(34) User=0.12s Sys=0.01s Real=0.02s
[2023-11-25T16:05:48.555+0000][24.676s][info ][safepoint     ] Leaving safepoint region
[2023-11-25T16:05:48.555+0000][24.676s][info ][safepoint     ] Total time for which application threads were stopped: 0.0238612 seconds, Stopping threads took: 0.0003871 seconds
[2023-11-25T16:05:48.555+0000][24.677s][info ][gc,stringdedup] Concurrent String Deduplication (24.677s)
[2023-11-25T16:05:48.558+0000][24.679s][info ][gc,stringdedup] Concurrent String Deduplication 238.0K->79984.0B(159.9K) avg 45.7% (24.677s, 24.679s) 2.723ms
[2023-11-25T16:05:49.122+0000][25.244s][debug][safepoint     ] Safepoint synchronization initiated. (18 threads)
[2023-11-25T16:05:49.123+0000][25.244s][info ][safepoint     ] Application time: 0.5676530 seconds
[2023-11-25T16:05:49.123+0000][25.245s][info ][safepoint     ] Entering safepoint region: ICBufferFull
[2023-11-25T16:05:49.124+0000][25.246s][info ][safepoint     ] Leaving safepoint region
[2023-11-25T16:05:49.125+0000][25.246s][info ][safepoint     ] Total time for which application threads were stopped: 0.0012587 seconds, Stopping threads took: 0.0004202 seconds
[2023-11-25T16:05:49.256+0000][25.378s][debug][safepoint     ] Safepoint synchronization initiated. (21 threads)
[2023-11-25T16:05:49.257+0000][25.378s][info ][safepoint     ] Application time: 0.1318661 seconds
[2023-11-25T16:05:49.257+0000][25.379s][debug][safepoint     ] Waiting for 1 thread(s) to block
[2023-11-25T16:05:49.258+0000][25.379s][info ][safepoint     ] Entering safepoint region: ICBufferFull
[2023-11-25T16:05:49.259+0000][25.380s][info ][safepoint     ] Leaving safepoint region
[2023-11-25T16:05:49.259+0000][25.380s][info ][safepoint     ] Total time for which application threads were stopped: 0.0016347 seconds, Stopping threads took: 0.0009458 seconds
[2023-11-25T16:05:49.613+0000][25.734s][debug][safepoint     ] Safepoint synchronization initiated. (21 threads)
[2023-11-25T16:05:49.614+0000][25.735s][info ][safepoint     ] Application time: 0.3541920 seconds
[2023-11-25T16:05:49.614+0000][25.735s][info ][safepoint     ] Entering safepoint region: G1CollectForAllocation
[2023-11-25T16:05:49.615+0000][25.736s][info ][gc,start      ] GC(35) Pause Young (Normal) (G1 Evacuation Pause)
[2023-11-25T16:05:49.615+0000][25.737s][info ][gc,task       ] GC(35) Using 8 workers of 8 for evacuation
[2023-11-25T16:05:49.639+0000][25.760s][info ][gc,phases     ] GC(35)   Pre Evacuate Collection Set: 0.0ms
[2023-11-25T16:05:49.639+0000][25.761s][info ][gc,phases     ] GC(35)   Evacuate Collection Set: 20.6ms
[2023-11-25T16:05:49.640+0000][25.761s][info ][gc,phases     ] GC(35)   Post Evacuate Collection Set: 2.4ms
[2023-11-25T16:05:49.640+0000][25.761s][info ][gc,phases     ] GC(35)   Other: 1.0ms
[2023-11-25T16:05:49.640+0000][25.762s][info ][gc,heap       ] GC(35) Eden regions: 187->0(188)
[2023-11-25T16:05:49.641+0000][25.762s][info ][gc,heap       ] GC(35) Survivor regions: 18->17(26)
[2023-11-25T16:05:49.641+0000][25.763s][info ][gc,heap       ] GC(35) Old regions: 42->49
[2023-11-25T16:05:49.642+0000][25.763s][info ][gc,heap       ] GC(35) Humongous regions: 0->0
[2023-11-25T16:05:49.642+0000][25.763s][info ][gc,metaspace  ] GC(35) Metaspace: 83197K(85672K)->83197K(85672K) NonClass: 72885K(74452K)->72885K(74452K) Class: 10311K(11220K)->10311K(11220K)
[2023-11-25T16:05:49.642+0000][25.764s][info ][gc            ] GC(35) Pause Young (Normal) (G1 Evacuation Pause) 245M->63M(342M) 27.405ms
[2023-11-25T16:05:49.643+0000][25.764s][info ][gc,cpu        ] GC(35) User=0.19s Sys=0.00s Real=0.03s
[2023-11-25T16:05:49.643+0000][25.764s][info ][safepoint     ] Leaving safepoint region
[2023-11-25T16:05:49.643+0000][25.765s][info ][safepoint     ] Total time for which application threads were stopped: 0.0293096 seconds, Stopping threads took: 0.0004809 seconds
[2023-11-25T16:05:49.644+0000][25.765s][info ][gc,stringdedup] Concurrent String Deduplication (25.765s)
[2023-11-25T16:05:49.647+0000][25.768s][info ][gc,stringdedup] Concurrent String Deduplication 438.2K->106.6K(331.6K) avg 46.9% (25.765s, 25.768s) 3.167ms
[2023-11-25T16:05:50.164+0000][26.285s][debug][safepoint     ] Safepoint synchronization initiated. (21 threads)
[2023-11-25T16:05:50.164+0000][26.286s][info ][safepoint     ] Application time: 0.5204088 seconds
[2023-11-25T16:05:50.165+0000][26.286s][info ][safepoint     ] Entering safepoint region: Deoptimize
[2023-11-25T16:05:50.167+0000][26.288s][info ][safepoint     ] Leaving safepoint region
[2023-11-25T16:05:50.168+0000][26.289s][info ][safepoint     ] Total time for which application threads were stopped: 0.0029956 seconds, Stopping threads took: 0.0004877 seconds
[2023-11-25T16:05:50.501+0000][26.623s][debug][safepoint     ] Safepoint synchronization initiated. (21 threads)
[2023-11-25T16:05:50.502+0000][26.623s][info ][safepoint     ] Application time: 0.3338644 seconds
[2023-11-25T16:05:50.502+0000][26.624s][info ][safepoint     ] Entering safepoint region: Deoptimize
[2023-11-25T16:05:50.504+0000][26.626s][info ][safepoint     ] Leaving safepoint region
[2023-11-25T16:05:50.505+0000][26.626s][info ][safepoint     ] Total time for which application threads were stopped: 0.0025121 seconds, Stopping threads took: 0.0003851 seconds
[2023-11-25T16:05:50.545+0000][26.666s][debug][safepoint     ] Safepoint synchronization initiated. (21 threads)
[2023-11-25T16:05:50.546+0000][26.667s][info ][safepoint     ] Application time: 0.0404178 seconds
[2023-11-25T16:05:50.546+0000][26.667s][info ][safepoint     ] Entering safepoint region: G1CollectForAllocation
[2023-11-25T16:05:50.547+0000][26.668s][info ][gc,start      ] GC(36) Pause Young (Normal) (G1 Evacuation Pause)
[2023-11-25T16:05:50.547+0000][26.669s][info ][gc,task       ] GC(36) Using 8 workers of 8 for evacuation
[2023-11-25T16:05:50.563+0000][26.684s][info ][gc,phases     ] GC(36)   Pre Evacuate Collection Set: 0.0ms
[2023-11-25T16:05:50.563+0000][26.685s][info ][gc,phases     ] GC(36)   Evacuate Collection Set: 13.3ms
[2023-11-25T16:05:50.564+0000][26.685s][info ][gc,phases     ] GC(36)   Post Evacuate Collection Set: 1.9ms
[2023-11-25T16:05:50.564+0000][26.686s][info ][gc,phases     ] GC(36)   Other: 1.0ms
[2023-11-25T16:05:50.565+0000][26.686s][info ][gc,heap       ] GC(36) Eden regions: 188->0(191)
[2023-11-25T16:05:50.565+0000][26.686s][info ][gc,heap       ] GC(36) Survivor regions: 17->14(26)
[2023-11-25T16:05:50.565+0000][26.687s][info ][gc,heap       ] GC(36) Old regions: 49->54
[2023-11-25T16:05:50.566+0000][26.687s][info ][gc,heap       ] GC(36) Humongous regions: 0->0
[2023-11-25T16:05:50.566+0000][26.687s][info ][gc,metaspace  ] GC(36) Metaspace: 85106K(87720K)->85106K(87720K) NonClass: 74602K(76244K)->74602K(76244K) Class: 10503K(11476K)->10503K(11476K)
[2023-11-25T16:05:50.567+0000][26.688s][info ][gc            ] GC(36) Pause Young (Normal) (G1 Evacuation Pause) 251M->66M(342M) 19.808ms
[2023-11-25T16:05:50.567+0000][26.688s][info ][gc,cpu        ] GC(36) User=0.13s Sys=0.00s Real=0.02s
[2023-11-25T16:05:50.567+0000][26.689s][info ][safepoint     ] Leaving safepoint region
[2023-11-25T16:05:50.568+0000][26.689s][info ][safepoint     ] Total time for which application threads were stopped: 0.0216167 seconds, Stopping threads took: 0.0004417 seconds
[2023-11-25T16:05:50.568+0000][26.690s][info ][gc,stringdedup] Concurrent String Deduplication (26.689s)
[2023-11-25T16:05:50.572+0000][26.693s][info ][gc,stringdedup] Concurrent String Deduplication 512.7K->123.3K(389.4K) avg 48.2% (26.689s, 26.693s) 3.383ms
[2023-11-25T16:05:50.665+0000][26.786s][debug][safepoint     ] Safepoint synchronization initiated. (22 threads)
[2023-11-25T16:05:50.665+0000][26.787s][info ][safepoint     ] Application time: 0.0971837 seconds
[2023-11-25T16:05:50.666+0000][26.787s][info ][safepoint     ] Entering safepoint region: Deoptimize
[2023-11-25T16:05:50.667+0000][26.789s][info ][safepoint     ] Leaving safepoint region
[2023-11-25T16:05:50.668+0000][26.789s][info ][safepoint     ] Total time for which application threads were stopped: 0.0023617 seconds, Stopping threads took: 0.0004321 seconds
[2023-11-25T16:05:50.915+0000][27.036s][debug][safepoint     ] Safepoint synchronization initiated. (22 threads)
[2023-11-25T16:05:50.916+0000][27.037s][info ][safepoint     ] Application time: 0.2470935 seconds
[2023-11-25T16:05:50.916+0000][27.037s][info ][safepoint     ] Entering safepoint region: Deoptimize
[2023-11-25T16:05:50.918+0000][27.040s][info ][safepoint     ] Leaving safepoint region
[2023-11-25T16:05:50.919+0000][27.040s][info ][safepoint     ] Total time for which application threads were stopped: 0.0028406 seconds, Stopping threads took: 0.0004757 seconds
[2023-11-25T16:05:51.279+0000][27.400s][debug][safepoint     ] Safepoint synchronization initiated. (24 threads)
[2023-11-25T16:05:51.280+0000][27.401s][info ][safepoint     ] Application time: 0.3604067 seconds
[2023-11-25T16:05:51.280+0000][27.402s][debug][safepoint     ] ... found polling page loop exception at pc = 0x00007fe2d09deca7, stub =0x00007fe2c8843680
[2023-11-25T16:05:51.281+0000][27.402s][debug][safepoint     ] Waiting for 1 thread(s) to block
[2023-11-25T16:05:51.281+0000][27.403s][info ][safepoint     ] Entering safepoint region: ICBufferFull
[2023-11-25T16:05:51.282+0000][27.404s][info ][safepoint     ] Leaving safepoint region
[2023-11-25T16:05:51.283+0000][27.404s][info ][safepoint     ] Total time for which application threads were stopped: 0.0024246 seconds, Stopping threads took: 0.0015757 seconds
[2023-11-25T16:05:51.375+0000][27.496s][debug][safepoint     ] Safepoint synchronization initiated. (24 threads)
[2023-11-25T16:05:51.375+0000][27.497s][info ][safepoint     ] Application time: 0.0921053 seconds
[2023-11-25T16:05:51.376+0000][27.497s][info ][safepoint     ] Entering safepoint region: Deoptimize
[2023-11-25T16:05:51.378+0000][27.499s][info ][safepoint     ] Leaving safepoint region
[2023-11-25T16:05:51.378+0000][27.500s][info ][safepoint     ] Total time for which application threads were stopped: 0.0025425 seconds, Stopping threads took: 0.0004862 seconds
[2023-11-25T16:05:51.390+0000][27.511s][debug][safepoint     ] Safepoint synchronization initiated. (24 threads)
[2023-11-25T16:05:51.390+0000][27.512s][info ][safepoint     ] Application time: 0.0115734 seconds
[2023-11-25T16:05:51.391+0000][27.512s][info ][safepoint     ] Entering safepoint region: Deoptimize
[2023-11-25T16:05:51.393+0000][27.514s][info ][safepoint     ] Leaving safepoint region
[2023-11-25T16:05:51.393+0000][27.515s][info ][safepoint     ] Total time for which application threads were stopped: 0.0025498 seconds, Stopping threads took: 0.0005299 seconds
[2023-11-25T16:05:51.680+0000][27.801s][debug][safepoint     ] Safepoint synchronization initiated. (24 threads)
[2023-11-25T16:05:51.681+0000][27.802s][info ][safepoint     ] Application time: 0.2866436 seconds
[2023-11-25T16:05:51.681+0000][27.802s][info ][safepoint     ] Entering safepoint region: Deoptimize
[2023-11-25T16:05:51.683+0000][27.804s][info ][safepoint     ] Leaving safepoint region
[2023-11-25T16:05:51.684+0000][27.805s][info ][safepoint     ] Total time for which application threads were stopped: 0.0025669 seconds, Stopping threads took: 0.0005020 seconds
[2023-11-25T16:05:51.832+0000][27.953s][debug][safepoint     ] Safepoint synchronization initiated. (24 threads)
[2023-11-25T16:05:51.832+0000][27.954s][info ][safepoint     ] Application time: 0.1483822 seconds
[2023-11-25T16:05:51.833+0000][27.954s][info ][safepoint     ] Entering safepoint region: Deoptimize
[2023-11-25T16:05:51.835+0000][27.956s][info ][safepoint     ] Leaving safepoint region
[2023-11-25T16:05:51.835+0000][27.957s][info ][safepoint     ] Total time for which application threads were stopped: 0.0024061 seconds, Stopping threads took: 0.0005115 seconds
[2023-11-25T16:05:52.209+0000][28.331s][debug][safepoint     ] Safepoint synchronization initiated. (24 threads)
[2023-11-25T16:05:52.210+0000][28.331s][info ][safepoint     ] Application time: 0.3743822 seconds
[2023-11-25T16:05:52.211+0000][28.332s][info ][safepoint     ] Entering safepoint region: G1CollectForAllocation
[2023-11-25T16:05:52.211+0000][28.333s][info ][gc,start      ] GC(37) Pause Young (Normal) (G1 Evacuation Pause)
[2023-11-25T16:05:52.212+0000][28.333s][info ][gc,task       ] GC(37) Using 8 workers of 8 for evacuation
[2023-11-25T16:05:52.242+0000][28.363s][info ][gc,phases     ] GC(37)   Pre Evacuate Collection Set: 0.0ms
[2023-11-25T16:05:52.242+0000][28.364s][info ][gc,phases     ] GC(37)   Evacuate Collection Set: 25.9ms
[2023-11-25T16:05:52.243+0000][28.364s][info ][gc,phases     ] GC(37)   Post Evacuate Collection Set: 3.3ms
[2023-11-25T16:05:52.243+0000][28.365s][info ][gc,phases     ] GC(37)   Other: 1.1ms
[2023-11-25T16:05:52.244+0000][28.365s][info ][gc,heap       ] GC(37) Eden regions: 191->0(191)
[2023-11-25T16:05:52.244+0000][28.366s][info ][gc,heap       ] GC(37) Survivor regions: 14->14(26)
[2023-11-25T16:05:52.245+0000][28.366s][info ][gc,heap       ] GC(37) Old regions: 54->59
[2023-11-25T16:05:52.245+0000][28.367s][info ][gc,heap       ] GC(37) Humongous regions: 0->0
[2023-11-25T16:05:52.246+0000][28.367s][info ][gc,metaspace  ] GC(37) Metaspace: 93119K(96040K)->93119K(96040K) NonClass: 81521K(83412K)->81521K(83412K) Class: 11597K(12628K)->11597K(12628K)
[2023-11-25T16:05:52.246+0000][28.368s][info ][gc            ] GC(37) Pause Young (Normal) (G1 Evacuation Pause) 257M->71M(342M) 34.909ms
[2023-11-25T16:05:52.247+0000][28.368s][info ][gc,cpu        ] GC(37) User=0.24s Sys=0.00s Real=0.03s
[2023-11-25T16:05:52.247+0000][28.369s][info ][safepoint     ] Leaving safepoint region
[2023-11-25T16:05:52.248+0000][28.369s][info ][safepoint     ] Total time for which application threads were stopped: 0.0371385 seconds, Stopping threads took: 0.0004879 seconds
[2023-11-25T16:05:52.248+0000][28.369s][info ][gc,stringdedup] Concurrent String Deduplication (28.369s)
[2023-11-25T16:05:52.253+0000][28.374s][info ][gc,stringdedup] Concurrent String Deduplication 342.3K->101.2K(241.1K) avg 48.9% (28.369s, 28.374s) 4.505ms
[2023-11-25T16:05:52.406+0000][28.527s][debug][safepoint     ] Safepoint synchronization initiated. (24 threads)
[2023-11-25T16:05:52.406+0000][28.528s][info ][safepoint     ] Application time: 0.1583772 seconds
[2023-11-25T16:05:52.407+0000][28.528s][info ][safepoint     ] Entering safepoint region: Deoptimize
[2023-11-25T16:05:52.409+0000][28.530s][info ][safepoint     ] Leaving safepoint region
[2023-11-25T16:05:52.409+0000][28.531s][info ][safepoint     ] Total time for which application threads were stopped: 0.0023765 seconds, Stopping threads took: 0.0004484 seconds
[2023-11-25T16:05:52.500+0000][28.622s][debug][safepoint     ] Safepoint synchronization initiated. (24 threads)
[2023-11-25T16:05:52.501+0000][28.622s][info ][safepoint     ] Application time: 0.0914294 seconds
[2023-11-25T16:05:52.502+0000][28.623s][info ][safepoint     ] Entering safepoint region: Deoptimize
[2023-11-25T16:05:52.505+0000][28.627s][info ][safepoint     ] Leaving safepoint region
[2023-11-25T16:05:52.506+0000][28.627s][info ][safepoint     ] Total time for which application threads were stopped: 0.0041535 seconds, Stopping threads took: 0.0007436 seconds
[2023-11-25T16:05:52.637+0000][28.758s][debug][safepoint     ] Safepoint synchronization initiated. (24 threads)
[2023-11-25T16:05:52.637+0000][28.759s][info ][safepoint     ] Application time: 0.1313598 seconds
[2023-11-25T16:05:52.638+0000][28.759s][info ][safepoint     ] Entering safepoint region: Deoptimize
[2023-11-25T16:05:52.640+0000][28.762s][info ][safepoint     ] Leaving safepoint region
[2023-11-25T16:05:52.641+0000][28.762s][info ][safepoint     ] Total time for which application threads were stopped: 0.0027129 seconds, Stopping threads took: 0.0005075 seconds
[2023-11-25T16:05:53.120+0000][29.241s][debug][safepoint     ] Safepoint synchronization initiated. (27 threads)
[2023-11-25T16:05:53.121+0000][29.242s][info ][safepoint     ] Application time: 0.4795582 seconds
[2023-11-25T16:05:53.121+0000][29.242s][info ][safepoint     ] Entering safepoint region: ICBufferFull
[2023-11-25T16:05:53.122+0000][29.243s][info ][safepoint     ] Leaving safepoint region
[2023-11-25T16:05:53.122+0000][29.244s][info ][safepoint     ] Total time for which application threads were stopped: 0.0010511 seconds, Stopping threads took: 0.0004064 seconds
[2023-11-25T16:05:53.374+0000][29.496s][debug][safepoint     ] Safepoint synchronization initiated. (33 threads)
[2023-11-25T16:05:53.375+0000][29.496s][info ][safepoint     ] Application time: 0.2525480 seconds
[2023-11-25T16:05:53.376+0000][29.497s][info ][safepoint     ] Entering safepoint region: ICBufferFull
[2023-11-25T16:05:53.376+0000][29.498s][info ][safepoint     ] Leaving safepoint region
[2023-11-25T16:05:53.377+0000][29.498s][info ][safepoint     ] Total time for which application threads were stopped: 0.0011267 seconds, Stopping threads took: 0.0004336 seconds
[2023-11-25T16:05:53.416+0000][29.537s][debug][safepoint     ] Safepoint synchronization initiated. (33 threads)
[2023-11-25T16:05:53.417+0000][29.538s][info ][safepoint     ] Application time: 0.0395449 seconds
[2023-11-25T16:05:53.417+0000][29.538s][debug][safepoint     ] Waiting for 1 thread(s) to block
[2023-11-25T16:05:53.418+0000][29.539s][info ][safepoint     ] Entering safepoint region: G1CollectForAllocation
[2023-11-25T16:05:53.418+0000][29.540s][info ][gc,start      ] GC(38) Pause Young (Normal) (G1 Evacuation Pause)
[2023-11-25T16:05:53.419+0000][29.540s][info ][gc,task       ] GC(38) Using 8 workers of 8 for evacuation
[2023-11-25T16:05:53.444+0000][29.565s][info ][gc,phases     ] GC(38)   Pre Evacuate Collection Set: 0.0ms
[2023-11-25T16:05:53.444+0000][29.566s][info ][gc,phases     ] GC(38)   Evacuate Collection Set: 20.5ms
[2023-11-25T16:05:53.445+0000][29.566s][info ][gc,phases     ] GC(38)   Post Evacuate Collection Set: 4.1ms
[2023-11-25T16:05:53.445+0000][29.567s][info ][gc,phases     ] GC(38)   Other: 0.9ms
[2023-11-25T16:05:53.445+0000][29.567s][info ][gc,heap       ] GC(38) Eden regions: 191->0(187)
[2023-11-25T16:05:53.446+0000][29.567s][info ][gc,heap       ] GC(38) Survivor regions: 14->18(26)
[2023-11-25T16:05:53.446+0000][29.568s][info ][gc,heap       ] GC(38) Old regions: 59->59
[2023-11-25T16:05:53.446+0000][29.568s][info ][gc,heap       ] GC(38) Humongous regions: 0->0
[2023-11-25T16:05:53.447+0000][29.568s][info ][gc,metaspace  ] GC(38) Metaspace: 96184K(98984K)->96184K(98984K) NonClass: 84287K(85972K)->84287K(85972K) Class: 11896K(13012K)->11896K(13012K)
[2023-11-25T16:05:53.447+0000][29.569s][info ][gc            ] GC(38) Pause Young (Normal) (G1 Evacuation Pause) 262M->75M(342M) 28.891ms
[2023-11-25T16:05:53.448+0000][29.569s][info ][gc,cpu        ] GC(38) User=0.18s Sys=0.00s Real=0.03s
[2023-11-25T16:05:53.448+0000][29.569s][info ][safepoint     ] Leaving safepoint region
[2023-11-25T16:05:53.448+0000][29.570s][info ][safepoint     ] Total time for which application threads were stopped: 0.0312331 seconds, Stopping threads took: 0.0009417 seconds
[2023-11-25T16:05:53.449+0000][29.570s][info ][gc,stringdedup] Concurrent String Deduplication (29.570s)
[2023-11-25T16:05:53.455+0000][29.577s][info ][gc,stringdedup] Concurrent String Deduplication 242.3K->72056.0B(171.9K) avg 49.3% (29.570s, 29.576s) 6.298ms
[2023-11-25T16:05:53.597+0000][29.718s][debug][safepoint     ] Safepoint synchronization initiated. (34 threads)
[2023-11-25T16:05:53.597+0000][29.719s][info ][safepoint     ] Application time: 0.1486654 seconds
[2023-11-25T16:05:53.598+0000][29.719s][info ][safepoint     ] Entering safepoint region: Deoptimize
[2023-11-25T16:05:53.600+0000][29.721s][info ][safepoint     ] Leaving safepoint region
[2023-11-25T16:05:53.601+0000][29.722s][info ][safepoint     ] Total time for which application threads were stopped: 0.0028611 seconds, Stopping threads took: 0.0004811 seconds
[2023-11-25T16:05:53.707+0000][29.828s][debug][safepoint     ] Safepoint synchronization initiated. (34 threads)
[2023-11-25T16:05:53.707+0000][29.829s][info ][safepoint     ] Application time: 0.1061486 seconds
[2023-11-25T16:05:53.708+0000][29.829s][info ][safepoint     ] Entering safepoint region: Deoptimize
[2023-11-25T16:05:53.710+0000][29.831s][info ][safepoint     ] Leaving safepoint region
[2023-11-25T16:05:53.710+0000][29.831s][info ][safepoint     ] Total time for which application threads were stopped: 0.0022074 seconds, Stopping threads took: 0.0004247 seconds
[2023-11-25T16:05:54.194+0000][30.316s][debug][safepoint     ] Safepoint synchronization initiated. (34 threads)
[2023-11-25T16:05:54.195+0000][30.317s][info ][safepoint     ] Application time: 0.4850269 seconds
[2023-11-25T16:05:54.196+0000][30.317s][info ][safepoint     ] Entering safepoint region: ICBufferFull
[2023-11-25T16:05:54.197+0000][30.318s][info ][safepoint     ] Leaving safepoint region
[2023-11-25T16:05:54.197+0000][30.319s][info ][safepoint     ] Total time for which application threads were stopped: 0.0012702 seconds, Stopping threads took: 0.0004978 seconds
[2023-11-25T16:05:54.313+0000][30.434s][debug][safepoint     ] Safepoint synchronization initiated. (34 threads)
[2023-11-25T16:05:54.314+0000][30.435s][info ][safepoint     ] Application time: 0.1160143 seconds
[2023-11-25T16:05:54.314+0000][30.435s][info ][safepoint     ] Entering safepoint region: CollectForMetadataAllocation
[2023-11-25T16:05:54.315+0000][30.436s][info ][gc,start      ] GC(39) Pause Young (Concurrent Start) (Metadata GC Threshold)
[2023-11-25T16:05:54.315+0000][30.437s][info ][gc,task       ] GC(39) Using 8 workers of 8 for evacuation
[2023-11-25T16:05:54.346+0000][30.468s][info ][gc,phases     ] GC(39)   Pre Evacuate Collection Set: 0.5ms
[2023-11-25T16:05:54.347+0000][30.468s][info ][gc,phases     ] GC(39)   Evacuate Collection Set: 26.0ms
[2023-11-25T16:05:54.348+0000][30.469s][info ][gc,phases     ] GC(39)   Post Evacuate Collection Set: 4.1ms
[2023-11-25T16:05:54.348+0000][30.469s][info ][gc,phases     ] GC(39)   Other: 1.1ms
[2023-11-25T16:05:54.348+0000][30.470s][info ][gc,heap       ] GC(39) Eden regions: 141->0(188)
[2023-11-25T16:05:54.349+0000][30.470s][info ][gc,heap       ] GC(39) Survivor regions: 18->17(26)
[2023-11-25T16:05:54.349+0000][30.471s][info ][gc,heap       ] GC(39) Old regions: 59->63
[2023-11-25T16:05:54.350+0000][30.472s][info ][gc,heap       ] GC(39) Humongous regions: 0->0
[2023-11-25T16:05:54.351+0000][30.472s][info ][gc,metaspace  ] GC(39) Metaspace: 98507K(101288K)->98507K(101288K) NonClass: 86360K(88020K)->86360K(88020K) Class: 12147K(13268K)->12147K(13268K)
[2023-11-25T16:05:54.351+0000][30.473s][info ][gc            ] GC(39) Pause Young (Concurrent Start) (Metadata GC Threshold) 216M->77M(342M) 36.700ms
[2023-11-25T16:05:54.353+0000][30.474s][info ][gc,cpu        ] GC(39) User=0.22s Sys=0.03s Real=0.04s
[2023-11-25T16:05:54.353+0000][30.475s][info ][gc            ] GC(40) Concurrent Cycle
[2023-11-25T16:05:54.354+0000][30.475s][info ][safepoint     ] Leaving safepoint region
[2023-11-25T16:05:54.354+0000][30.475s][info ][gc,marking    ] GC(40) Concurrent Clear Claimed Marks
[2023-11-25T16:05:54.354+0000][30.476s][info ][safepoint     ] Total time for which application threads were stopped: 0.0404269 seconds, Stopping threads took: 0.0004349 seconds
[2023-11-25T16:05:54.355+0000][30.477s][info ][gc,stringdedup] Concurrent String Deduplication (30.477s)
[2023-11-25T16:05:54.356+0000][30.477s][info ][gc,marking    ] GC(40) Concurrent Clear Claimed Marks 1.526ms
[2023-11-25T16:05:54.357+0000][30.479s][info ][gc,marking    ] GC(40) Concurrent Scan Root Regions
[2023-11-25T16:05:54.365+0000][30.486s][info ][gc,stringdedup] Concurrent String Deduplication 608.7K->375.0K(233.7K) avg 48.8% (30.477s, 30.486s) 9.111ms
[2023-11-25T16:05:54.372+0000][30.493s][info ][gc,marking    ] GC(40) Concurrent Scan Root Regions 14.807ms
[2023-11-25T16:05:54.373+0000][30.494s][info ][gc,marking    ] GC(40) Concurrent Mark (30.494s)
[2023-11-25T16:05:54.373+0000][30.495s][info ][gc,marking    ] GC(40) Concurrent Mark From Roots
[2023-11-25T16:05:54.374+0000][30.495s][info ][gc,task       ] GC(40) Using 2 workers of 2 for marking
[2023-11-25T16:05:54.461+0000][30.583s][info ][gc,marking    ] GC(40) Concurrent Mark From Roots 87.931ms
[2023-11-25T16:05:54.462+0000][30.583s][info ][gc,marking    ] GC(40) Concurrent Preclean
[2023-11-25T16:05:54.462+0000][30.584s][info ][gc,marking    ] GC(40) Concurrent Preclean 0.523ms
[2023-11-25T16:05:54.463+0000][30.584s][info ][gc,marking    ] GC(40) Concurrent Mark (30.494s, 30.584s) 89.971ms
[2023-11-25T16:05:54.463+0000][30.585s][debug][safepoint     ] Safepoint synchronization initiated. (34 threads)
[2023-11-25T16:05:54.464+0000][30.585s][info ][safepoint     ] Application time: 0.1082184 seconds
[2023-11-25T16:05:54.464+0000][30.585s][debug][safepoint     ] ... found polling page loop exception at pc = 0x00007fe2d09df890, stub =0x00007fe2c8843680
[2023-11-25T16:05:54.464+0000][30.586s][debug][safepoint     ] Waiting for 1 thread(s) to block
[2023-11-25T16:05:54.465+0000][30.586s][info ][safepoint     ] Entering safepoint region: CGC_Operation
[2023-11-25T16:05:54.465+0000][30.587s][info ][gc,start      ] GC(40) Pause Remark
[2023-11-25T16:05:54.483+0000][30.604s][info ][gc,stringtable] GC(40) Cleaned string and symbol table, strings: 48580 processed, 69 removed, symbols: 277373 processed, 323 removed
[2023-11-25T16:05:54.484+0000][30.605s][info ][gc            ] GC(40) Pause Remark 91M->91M(342M) 18.366ms
[2023-11-25T16:05:54.485+0000][30.606s][info ][gc,cpu        ] GC(40) User=0.14s Sys=0.00s Real=0.02s
[2023-11-25T16:05:54.486+0000][30.607s][info ][safepoint     ] Leaving safepoint region
[2023-11-25T16:05:54.487+0000][30.608s][info ][safepoint     ] Total time for which application threads were stopped: 0.0228298 seconds, Stopping threads took: 0.0011660 seconds
[2023-11-25T16:05:54.487+0000][30.609s][info ][gc,marking    ] GC(40) Concurrent Rebuild Remembered Sets
[2023-11-25T16:05:54.537+0000][30.659s][debug][safepoint     ] Safepoint synchronization initiated. (34 threads)
[2023-11-25T16:05:54.538+0000][30.659s][info ][safepoint     ] Application time: 0.0503706 seconds
[2023-11-25T16:05:54.538+0000][30.659s][info ][safepoint     ] Entering safepoint region: Deoptimize
[2023-11-25T16:05:54.540+0000][30.661s][info ][safepoint     ] Leaving safepoint region
[2023-11-25T16:05:54.540+0000][30.662s][info ][safepoint     ] Total time for which application threads were stopped: 0.0023341 seconds, Stopping threads took: 0.0004317 seconds
[2023-11-25T16:05:54.551+0000][30.672s][info ][gc,marking    ] GC(40) Concurrent Rebuild Remembered Sets 63.601ms
[2023-11-25T16:05:54.552+0000][30.673s][debug][safepoint     ] Safepoint synchronization initiated. (34 threads)
[2023-11-25T16:05:54.553+0000][30.674s][info ][safepoint     ] Application time: 0.0118812 seconds
[2023-11-25T16:05:54.554+0000][30.675s][debug][safepoint     ] Waiting for 1 thread(s) to block
[2023-11-25T16:05:54.554+0000][30.676s][info ][safepoint     ] Entering safepoint region: CGC_Operation
[2023-11-25T16:05:54.555+0000][30.676s][info ][gc,start      ] GC(40) Pause Cleanup
[2023-11-25T16:05:54.555+0000][30.677s][info ][gc            ] GC(40) Pause Cleanup 94M->94M(342M) 0.576ms
[2023-11-25T16:05:54.556+0000][30.677s][info ][gc,cpu        ] GC(40) User=0.00s Sys=0.00s Real=0.00s
[2023-11-25T16:05:54.556+0000][30.677s][info ][safepoint     ] Leaving safepoint region
[2023-11-25T16:05:54.556+0000][30.678s][info ][safepoint     ] Total time for which application threads were stopped: 0.0027963 seconds, Stopping threads took: 0.0009001 seconds
[2023-11-25T16:05:54.557+0000][30.678s][info ][gc,marking    ] GC(40) Concurrent Cleanup for Next Mark
[2023-11-25T16:05:54.558+0000][30.679s][info ][gc,marking    ] GC(40) Concurrent Cleanup for Next Mark 1.005ms
[2023-11-25T16:05:54.558+0000][30.680s][info ][gc            ] GC(40) Concurrent Cycle 204.816ms
[2023-11-25T16:05:54.874+0000][30.995s][debug][safepoint     ] Safepoint synchronization initiated. (37 threads)
[2023-11-25T16:05:54.874+0000][30.996s][info ][safepoint     ] Application time: 0.3174791 seconds
[2023-11-25T16:05:54.875+0000][30.996s][info ][safepoint     ] Entering safepoint region: Deoptimize
[2023-11-25T16:05:54.877+0000][30.998s][info ][safepoint     ] Leaving safepoint region
[2023-11-25T16:05:54.877+0000][30.999s][info ][safepoint     ] Total time for which application threads were stopped: 0.0024404 seconds, Stopping threads took: 0.0003979 seconds
[2023-11-25T16:05:55.410+0000][31.531s][debug][safepoint     ] Safepoint synchronization initiated. (38 threads)
[2023-11-25T16:05:55.410+0000][31.532s][info ][safepoint     ] Application time: 0.5327012 seconds
[2023-11-25T16:05:55.411+0000][31.532s][info ][safepoint     ] Entering safepoint region: G1CollectForAllocation
[2023-11-25T16:05:55.411+0000][31.533s][info ][gc,start      ] GC(41) Pause Young (Normal) (G1 Evacuation Pause)
[2023-11-25T16:05:55.412+0000][31.533s][info ][gc,task       ] GC(41) Using 8 workers of 8 for evacuation
[2023-11-25T16:05:55.459+0000][31.580s][info ][gc,phases     ] GC(41)   Pre Evacuate Collection Set: 0.0ms
[2023-11-25T16:05:55.459+0000][31.581s][info ][gc,phases     ] GC(41)   Evacuate Collection Set: 40.5ms
[2023-11-25T16:05:55.460+0000][31.581s][info ][gc,phases     ] GC(41)   Post Evacuate Collection Set: 5.9ms
[2023-11-25T16:05:55.460+0000][31.581s][info ][gc,phases     ] GC(41)   Other: 1.0ms
[2023-11-25T16:05:55.461+0000][31.582s][info ][gc,heap       ] GC(41) Eden regions: 188->0(188)
[2023-11-25T16:05:55.461+0000][31.582s][info ][gc,heap       ] GC(41) Survivor regions: 17->17(26)
[2023-11-25T16:05:55.461+0000][31.583s][info ][gc,heap       ] GC(41) Old regions: 63->67
[2023-11-25T16:05:55.462+0000][31.583s][info ][gc,heap       ] GC(41) Humongous regions: 1->0
[2023-11-25T16:05:55.462+0000][31.583s][info ][gc,metaspace  ] GC(41) Metaspace: 103005K(106024K)->103005K(106024K) NonClass: 90460K(92372K)->90460K(92372K) Class: 12545K(13652K)->12545K(13652K)
[2023-11-25T16:05:55.462+0000][31.584s][info ][gc            ] GC(41) Pause Young (Normal) (G1 Evacuation Pause) 266M->81M(342M) 51.167ms
[2023-11-25T16:05:55.463+0000][31.584s][info ][gc,cpu        ] GC(41) User=0.37s Sys=0.00s Real=0.05s
[2023-11-25T16:05:55.463+0000][31.585s][info ][safepoint     ] Leaving safepoint region
[2023-11-25T16:05:55.464+0000][31.585s][info ][safepoint     ] Total time for which application threads were stopped: 0.0530874 seconds, Stopping threads took: 0.0004220 seconds
[2023-11-25T16:05:55.464+0000][31.586s][info ][gc,stringdedup] Concurrent String Deduplication (31.586s)
[2023-11-25T16:05:55.470+0000][31.591s][info ][gc,stringdedup] Concurrent String Deduplication 473.4K->196.9K(276.5K) avg 49.1% (31.586s, 31.591s) 5.536ms
[2023-11-25T16:05:56.464+0000][32.586s][debug][safepoint     ] Safepoint synchronization initiated. (38 threads)
[2023-11-25T16:05:56.465+0000][32.586s][info ][safepoint     ] Application time: 1.0008369 seconds
[2023-11-25T16:05:56.465+0000][32.587s][debug][safepoint     ] Waiting for 1 thread(s) to block
[2023-11-25T16:05:56.466+0000][32.587s][info ][safepoint     ] Entering safepoint region: Cleanup
[2023-11-25T16:05:56.467+0000][32.588s][info ][safepoint     ] Leaving safepoint region
[2023-11-25T16:05:56.467+0000][32.589s][info ][safepoint     ] Total time for which application threads were stopped: 0.0019773 seconds, Stopping threads took: 0.0012496 seconds
[2023-11-25T16:05:56.618+0000][32.740s][debug][safepoint     ] Safepoint synchronization initiated. (38 threads)
[2023-11-25T16:05:56.620+0000][32.741s][info ][safepoint     ] Application time: 0.1522480 seconds
[2023-11-25T16:05:56.621+0000][32.742s][debug][safepoint     ] ... found polling page loop exception at pc = 0x00007fe2d0a0e6a4, stub =0x00007fe2c8843680
[2023-11-25T16:05:56.621+0000][32.743s][debug][safepoint     ] Waiting for 1 thread(s) to block
[2023-11-25T16:05:56.622+0000][32.743s][info ][safepoint     ] Entering safepoint region: G1CollectForAllocation
[2023-11-25T16:05:56.622+0000][32.744s][info ][gc,start      ] GC(42) Pause Young (Normal) (G1 Evacuation Pause)
[2023-11-25T16:05:56.623+0000][32.744s][info ][gc,task       ] GC(42) Using 8 workers of 8 for evacuation
[2023-11-25T16:05:56.647+0000][32.768s][info ][gc,phases     ] GC(42)   Pre Evacuate Collection Set: 0.0ms
[2023-11-25T16:05:56.647+0000][32.768s][info ][gc,phases     ] GC(42)   Evacuate Collection Set: 21.1ms
[2023-11-25T16:05:56.647+0000][32.769s][info ][gc,phases     ] GC(42)   Post Evacuate Collection Set: 2.5ms
[2023-11-25T16:05:56.648+0000][32.769s][info ][gc,phases     ] GC(42)   Other: 0.8ms
[2023-11-25T16:05:56.648+0000][32.769s][info ][gc,heap       ] GC(42) Eden regions: 188->0(188)
[2023-11-25T16:05:56.648+0000][32.770s][info ][gc,heap       ] GC(42) Survivor regions: 17->17(26)
[2023-11-25T16:05:56.649+0000][32.770s][info ][gc,heap       ] GC(42) Old regions: 67->71
[2023-11-25T16:05:56.649+0000][32.770s][info ][gc,heap       ] GC(42) Humongous regions: 0->0
[2023-11-25T16:05:56.650+0000][32.771s][info ][gc,metaspace  ] GC(42) Metaspace: 104521K(107432K)->104521K(107432K) NonClass: 91838K(93652K)->91838K(93652K) Class: 12682K(13780K)->12682K(13780K)
[2023-11-25T16:05:56.650+0000][32.771s][info ][gc            ] GC(42) Pause Young (Normal) (G1 Evacuation Pause) 269M->86M(342M) 27.780ms
[2023-11-25T16:05:56.650+0000][32.772s][info ][gc,cpu        ] GC(42) User=0.17s Sys=0.00s Real=0.03s
[2023-11-25T16:05:56.651+0000][32.772s][info ][safepoint     ] Leaving safepoint region
[2023-11-25T16:05:56.651+0000][32.772s][info ][safepoint     ] Total time for which application threads were stopped: 0.0303020 seconds, Stopping threads took: 0.0012125 seconds
[2023-11-25T16:05:56.651+0000][32.773s][info ][gc,stringdedup] Concurrent String Deduplication (32.773s)
[2023-11-25T16:05:56.654+0000][32.776s][info ][gc,stringdedup] Concurrent String Deduplication 207.1K->76616.0B(132.2K) avg 49.4% (32.773s, 32.776s) 2.949ms
[2023-11-25T16:05:56.683+0000][32.805s][debug][safepoint     ] Safepoint synchronization initiated. (38 threads)
[2023-11-25T16:05:56.684+0000][32.805s][info ][safepoint     ] Application time: 0.0323167 seconds
[2023-11-25T16:05:56.684+0000][32.806s][info ][safepoint     ] Entering safepoint region: Deoptimize
[2023-11-25T16:05:56.686+0000][32.807s][info ][safepoint     ] Leaving safepoint region
[2023-11-25T16:05:56.686+0000][32.808s][info ][safepoint     ] Total time for which application threads were stopped: 0.0022595 seconds, Stopping threads took: 0.0003864 seconds
[2023-11-25T16:05:56.756+0000][32.877s][debug][safepoint     ] Safepoint synchronization initiated. (39 threads)
[2023-11-25T16:05:56.756+0000][32.877s][info ][safepoint     ] Application time: 0.0693072 seconds
[2023-11-25T16:05:56.756+0000][32.878s][info ][safepoint     ] Entering safepoint region: Deoptimize
[2023-11-25T16:05:56.759+0000][32.880s][info ][safepoint     ] Leaving safepoint region
[2023-11-25T16:05:56.759+0000][32.880s][info ][safepoint     ] Total time for which application threads were stopped: 0.0025157 seconds, Stopping threads took: 0.0004093 seconds
[2023-11-25T16:05:57.536+0000][33.658s][debug][safepoint     ] Safepoint synchronization initiated. (42 threads)
[2023-11-25T16:05:57.537+0000][33.658s][info ][safepoint     ] Application time: 0.7774826 seconds
[2023-11-25T16:05:57.537+0000][33.659s][info ][safepoint     ] Entering safepoint region: Deoptimize
[2023-11-25T16:05:57.539+0000][33.661s][info ][safepoint     ] Leaving safepoint region
[2023-11-25T16:05:57.540+0000][33.661s][info ][safepoint     ] Total time for which application threads were stopped: 0.0024501 seconds, Stopping threads took: 0.0004304 seconds
[2023-11-25T16:05:57.833+0000][33.954s][debug][safepoint     ] Safepoint synchronization initiated. (42 threads)
[2023-11-25T16:05:57.833+0000][33.955s][info ][safepoint     ] Application time: 0.2931762 seconds
[2023-11-25T16:05:57.834+0000][33.955s][info ][safepoint     ] Entering safepoint region: ICBufferFull
[2023-11-25T16:05:57.834+0000][33.956s][info ][safepoint     ] Leaving safepoint region
[2023-11-25T16:05:57.835+0000][33.956s][info ][safepoint     ] Total time for which application threads were stopped: 0.0011018 seconds, Stopping threads took: 0.0003655 seconds
[2023-11-25T16:05:58.030+0000][34.151s][debug][safepoint     ] Safepoint synchronization initiated. (42 threads)
[2023-11-25T16:05:58.030+0000][34.152s][info ][safepoint     ] Application time: 0.1951479 seconds
[2023-11-25T16:05:58.031+0000][34.152s][info ][safepoint     ] Entering safepoint region: ICBufferFull
[2023-11-25T16:05:58.031+0000][34.153s][info ][safepoint     ] Leaving safepoint region
[2023-11-25T16:05:58.032+0000][34.153s][info ][safepoint     ] Total time for which application threads were stopped: 0.0011073 seconds, Stopping threads took: 0.0003901 seconds
[2023-11-25T16:05:58.140+0000][34.261s][debug][safepoint     ] Safepoint synchronization initiated. (42 threads)
[2023-11-25T16:05:58.140+0000][34.262s][info ][safepoint     ] Application time: 0.1081675 seconds
[2023-11-25T16:05:58.141+0000][34.262s][info ][safepoint     ] Entering safepoint region: G1CollectForAllocation
[2023-11-25T16:05:58.142+0000][34.263s][info ][gc,start      ] GC(43) Pause Young (Normal) (G1 Evacuation Pause)
[2023-11-25T16:05:58.142+0000][34.263s][info ][gc,task       ] GC(43) Using 8 workers of 8 for evacuation
[2023-11-25T16:05:58.161+0000][34.282s][info ][gc,phases     ] GC(43)   Pre Evacuate Collection Set: 0.0ms
[2023-11-25T16:05:58.161+0000][34.283s][info ][gc,phases     ] GC(43)   Evacuate Collection Set: 15.4ms
[2023-11-25T16:05:58.162+0000][34.283s][info ][gc,phases     ] GC(43)   Post Evacuate Collection Set: 3.0ms
[2023-11-25T16:05:58.162+0000][34.284s][info ][gc,phases     ] GC(43)   Other: 0.9ms
[2023-11-25T16:05:58.162+0000][34.284s][info ][gc,heap       ] GC(43) Eden regions: 188->0(188)
[2023-11-25T16:05:58.163+0000][34.284s][info ][gc,heap       ] GC(43) Survivor regions: 17->17(26)
[2023-11-25T16:05:58.163+0000][34.285s][info ][gc,heap       ] GC(43) Old regions: 71->76
[2023-11-25T16:05:58.164+0000][34.285s][info ][gc,heap       ] GC(43) Humongous regions: 0->0
[2023-11-25T16:05:58.164+0000][34.285s][info ][gc,metaspace  ] GC(43) Metaspace: 109350K(112552K)->109350K(112552K) NonClass: 96182K(98260K)->96182K(98260K) Class: 13168K(14292K)->13168K(14292K)
[2023-11-25T16:05:58.164+0000][34.286s][info ][gc            ] GC(43) Pause Young (Normal) (G1 Evacuation Pause) 274M->90M(342M) 22.729ms
[2023-11-25T16:05:58.165+0000][34.286s][info ][gc,cpu        ] GC(43) User=0.14s Sys=0.00s Real=0.02s
[2023-11-25T16:05:58.165+0000][34.286s][info ][safepoint     ] Leaving safepoint region
[2023-11-25T16:05:58.165+0000][34.287s][info ][safepoint     ] Total time for which application threads were stopped: 0.0244421 seconds, Stopping threads took: 0.0004412 seconds
[2023-11-25T16:05:58.166+0000][34.287s][info ][gc,stringdedup] Concurrent String Deduplication (34.287s)
[2023-11-25T16:05:58.174+0000][34.295s][info ][gc,stringdedup] Concurrent String Deduplication 503.8K->379.1K(124.7K) avg 48.5% (34.287s, 34.295s) 7.806ms
[2023-11-25T16:05:58.644+0000][34.766s][debug][safepoint     ] Safepoint synchronization initiated. (43 threads)
[2023-11-25T16:05:58.645+0000][34.766s][info ][safepoint     ] Application time: 0.4791851 seconds
[2023-11-25T16:05:58.645+0000][34.767s][info ][safepoint     ] Entering safepoint region: ICBufferFull
[2023-11-25T16:05:58.646+0000][34.767s][info ][safepoint     ] Leaving safepoint region
[2023-11-25T16:05:58.646+0000][34.768s][info ][safepoint     ] Total time for which application threads were stopped: 0.0010970 seconds, Stopping threads took: 0.0004895 seconds
[2023-11-25T16:05:59.045+0000][35.166s][debug][safepoint     ] Safepoint synchronization initiated. (43 threads)
[2023-11-25T16:05:59.045+0000][35.167s][info ][safepoint     ] Application time: 0.3983610 seconds
[2023-11-25T16:05:59.046+0000][35.167s][info ][safepoint     ] Entering safepoint region: Deoptimize
[2023-11-25T16:05:59.048+0000][35.169s][info ][safepoint     ] Leaving safepoint region
[2023-11-25T16:05:59.048+0000][35.169s][info ][safepoint     ] Total time for which application threads were stopped: 0.0025278 seconds, Stopping threads took: 0.0003730 seconds
[2023-11-25T16:05:59.141+0000][35.262s][debug][safepoint     ] Safepoint synchronization initiated. (43 threads)
[2023-11-25T16:05:59.141+0000][35.263s][info ][safepoint     ] Application time: 0.0927434 seconds
[2023-11-25T16:05:59.142+0000][35.263s][info ][safepoint     ] Entering safepoint region: Deoptimize
[2023-11-25T16:05:59.143+0000][35.265s][info ][safepoint     ] Leaving safepoint region
[2023-11-25T16:05:59.144+0000][35.265s][info ][safepoint     ] Total time for which application threads were stopped: 0.0023214 seconds, Stopping threads took: 0.0003607 seconds
[2023-11-25T16:05:59.192+0000][35.314s][debug][safepoint     ] Safepoint synchronization initiated. (43 threads)
[2023-11-25T16:05:59.193+0000][35.314s][info ][safepoint     ] Application time: 0.0484793 seconds
[2023-11-25T16:05:59.193+0000][35.315s][info ][safepoint     ] Entering safepoint region: Deoptimize
[2023-11-25T16:05:59.195+0000][35.317s][info ][safepoint     ] Leaving safepoint region
[2023-11-25T16:05:59.196+0000][35.317s][info ][safepoint     ] Total time for which application threads were stopped: 0.0025282 seconds, Stopping threads took: 0.0004181 seconds
[2023-11-25T16:05:59.238+0000][35.360s][debug][safepoint     ] Safepoint synchronization initiated. (43 threads)
[2023-11-25T16:05:59.239+0000][35.360s][info ][safepoint     ] Application time: 0.0424577 seconds
[2023-11-25T16:05:59.239+0000][35.360s][info ][safepoint     ] Entering safepoint region: Deoptimize
[2023-11-25T16:05:59.242+0000][35.363s][info ][safepoint     ] Leaving safepoint region
[2023-11-25T16:05:59.242+0000][35.364s][info ][safepoint     ] Total time for which application threads were stopped: 0.0030890 seconds, Stopping threads took: 0.0004116 seconds
[2023-11-25T16:05:59.405+0000][35.526s][debug][safepoint     ] Safepoint synchronization initiated. (43 threads)
[2023-11-25T16:05:59.406+0000][35.527s][info ][safepoint     ] Application time: 0.1630458 seconds
[2023-11-25T16:05:59.406+0000][35.528s][info ][safepoint     ] Entering safepoint region: Deoptimize
[2023-11-25T16:05:59.408+0000][35.530s][info ][safepoint     ] Leaving safepoint region
[2023-11-25T16:05:59.409+0000][35.530s][info ][safepoint     ] Total time for which application threads were stopped: 0.0030017 seconds, Stopping threads took: 0.0004093 seconds
[2023-11-25T16:05:59.411+0000][35.533s][debug][safepoint     ] Safepoint synchronization initiated. (43 threads)
[2023-11-25T16:05:59.412+0000][35.533s][info ][safepoint     ] Application time: 0.0023456 seconds
[2023-11-25T16:05:59.412+0000][35.534s][info ][safepoint     ] Entering safepoint region: Deoptimize
[2023-11-25T16:05:59.415+0000][35.536s][info ][safepoint     ] Leaving safepoint region
[2023-11-25T16:05:59.415+0000][35.537s][info ][safepoint     ] Total time for which application threads were stopped: 0.0027734 seconds, Stopping threads took: 0.0004827 seconds
[2023-11-25T16:05:59.444+0000][35.565s][debug][safepoint     ] Safepoint synchronization initiated. (43 threads)
[2023-11-25T16:05:59.444+0000][35.566s][info ][safepoint     ] Application time: 0.0285733 seconds
[2023-11-25T16:05:59.445+0000][35.566s][debug][safepoint     ] Waiting for 1 thread(s) to block
[2023-11-25T16:05:59.446+0000][35.567s][info ][safepoint     ] Entering safepoint region: ICBufferFull
[2023-11-25T16:05:59.446+0000][35.568s][info ][safepoint     ] Leaving safepoint region
[2023-11-25T16:05:59.447+0000][35.568s][info ][safepoint     ] Total time for which application threads were stopped: 0.0020579 seconds, Stopping threads took: 0.0012075 seconds
[2023-11-25T16:05:59.493+0000][35.615s][debug][safepoint     ] Safepoint synchronization initiated. (43 threads)
[2023-11-25T16:05:59.494+0000][35.615s][info ][safepoint     ] Application time: 0.0467953 seconds
[2023-11-25T16:05:59.495+0000][35.616s][info ][safepoint     ] Entering safepoint region: G1CollectForAllocation
[2023-11-25T16:05:59.495+0000][35.617s][info ][gc,start      ] GC(44) Pause Young (Normal) (G1 Evacuation Pause)
[2023-11-25T16:05:59.496+0000][35.617s][info ][gc,task       ] GC(44) Using 8 workers of 8 for evacuation
[2023-11-25T16:05:59.525+0000][35.646s][info ][gc,phases     ] GC(44)   Pre Evacuate Collection Set: 0.0ms
[2023-11-25T16:05:59.525+0000][35.647s][info ][gc,phases     ] GC(44)   Evacuate Collection Set: 22.7ms
[2023-11-25T16:05:59.526+0000][35.647s][info ][gc,phases     ] GC(44)   Post Evacuate Collection Set: 5.6ms
[2023-11-25T16:05:59.526+0000][35.647s][info ][gc,phases     ] GC(44)   Other: 1.2ms
[2023-11-25T16:05:59.526+0000][35.648s][info ][gc,heap       ] GC(44) Eden regions: 188->0(186)
[2023-11-25T16:05:59.527+0000][35.648s][info ][gc,heap       ] GC(44) Survivor regions: 17->19(26)
[2023-11-25T16:05:59.527+0000][35.649s][info ][gc,heap       ] GC(44) Old regions: 76->79
[2023-11-25T16:05:59.528+0000][35.649s][info ][gc,heap       ] GC(44) Humongous regions: 0->0
[2023-11-25T16:05:59.528+0000][35.649s][info ][gc,metaspace  ] GC(44) Metaspace: 116778K(120232K)->116778K(120232K) NonClass: 102851K(104916K)->102851K(104916K) Class: 13927K(15316K)->13927K(15316K)
[2023-11-25T16:05:59.528+0000][35.650s][info ][gc            ] GC(44) Pause Young (Normal) (G1 Evacuation Pause) 278M->95M(342M) 33.192ms
[2023-11-25T16:05:59.529+0000][35.650s][info ][gc,cpu        ] GC(44) User=0.25s Sys=0.00s Real=0.04s
[2023-11-25T16:05:59.529+0000][35.651s][info ][safepoint     ] Leaving safepoint region
[2023-11-25T16:05:59.530+0000][35.651s][info ][safepoint     ] Total time for which application threads were stopped: 0.0350198 seconds, Stopping threads took: 0.0004660 seconds
[2023-11-25T16:05:59.530+0000][35.651s][info ][gc,stringdedup] Concurrent String Deduplication (35.651s)
[2023-11-25T16:05:59.534+0000][35.655s][info ][gc,stringdedup] Concurrent String Deduplication 398.0K->107.9K(290.1K) avg 49.2% (35.651s, 35.655s) 3.493ms
[2023-11-25T16:06:00.489+0000][36.611s][debug][safepoint     ] Safepoint synchronization initiated. (43 threads)
[2023-11-25T16:06:00.490+0000][36.611s][info ][safepoint     ] Application time: 0.9600335 seconds
[2023-11-25T16:06:00.490+0000][36.612s][info ][safepoint     ] Entering safepoint region: Deoptimize
[2023-11-25T16:06:00.492+0000][36.614s][info ][safepoint     ] Leaving safepoint region
[2023-11-25T16:06:00.493+0000][36.614s][info ][safepoint     ] Total time for which application threads were stopped: 0.0023665 seconds, Stopping threads took: 0.0004026 seconds
[2023-11-25T16:06:00.696+0000][36.818s][debug][safepoint     ] Safepoint synchronization initiated. (43 threads)
[2023-11-25T16:06:00.697+0000][36.818s][info ][safepoint     ] Application time: 0.2036439 seconds
[2023-11-25T16:06:00.697+0000][36.819s][info ][safepoint     ] Entering safepoint region: G1CollectForAllocation
[2023-11-25T16:06:00.698+0000][36.819s][info ][gc,start      ] GC(45) Pause Young (Normal) (G1 Evacuation Pause)
[2023-11-25T16:06:00.698+0000][36.820s][info ][gc,task       ] GC(45) Using 8 workers of 8 for evacuation
[2023-11-25T16:06:00.721+0000][36.842s][info ][gc,phases     ] GC(45)   Pre Evacuate Collection Set: 0.0ms
[2023-11-25T16:06:00.721+0000][36.843s][info ][gc,phases     ] GC(45)   Evacuate Collection Set: 18.8ms
[2023-11-25T16:06:00.722+0000][36.843s][info ][gc,phases     ] GC(45)   Post Evacuate Collection Set: 3.1ms
[2023-11-25T16:06:00.722+0000][36.843s][info ][gc,phases     ] GC(45)   Other: 1.0ms
[2023-11-25T16:06:00.722+0000][36.844s][info ][gc,heap       ] GC(45) Eden regions: 186->0(188)
[2023-11-25T16:06:00.723+0000][36.844s][info ][gc,heap       ] GC(45) Survivor regions: 19->14(26)
[2023-11-25T16:06:00.723+0000][36.844s][info ][gc,heap       ] GC(45) Old regions: 79->87
[2023-11-25T16:06:00.723+0000][36.845s][info ][gc,heap       ] GC(45) Humongous regions: 0->0
[2023-11-25T16:06:00.724+0000][36.845s][info ][gc,metaspace  ] GC(45) Metaspace: 121796K(125096K)->121796K(125096K) NonClass: 107261K(109268K)->107261K(109268K) Class: 14535K(15828K)->14535K(15828K)
[2023-11-25T16:06:00.724+0000][36.845s][info ][gc            ] GC(45) Pause Young (Normal) (G1 Evacuation Pause) 281M->98M(342M) 26.144ms
[2023-11-25T16:06:00.724+0000][36.846s][info ][gc,cpu        ] GC(45) User=0.15s Sys=0.01s Real=0.02s
[2023-11-25T16:06:00.725+0000][36.846s][info ][safepoint     ] Leaving safepoint region
[2023-11-25T16:06:00.725+0000][36.846s][info ][safepoint     ] Total time for which application threads were stopped: 0.0277696 seconds, Stopping threads took: 0.0004242 seconds
[2023-11-25T16:06:00.725+0000][36.847s][info ][gc,stringdedup] Concurrent String Deduplication (36.847s)
[2023-11-25T16:06:00.730+0000][36.852s][info ][gc,stringdedup] Concurrent String Deduplication 484.7K->163.8K(321.0K) avg 49.7% (36.847s, 36.852s) 4.817ms
[2023-11-25T16:06:00.783+0000][36.904s][debug][safepoint     ] Safepoint synchronization initiated. (43 threads)
[2023-11-25T16:06:00.783+0000][36.905s][info ][safepoint     ] Application time: 0.0578335 seconds
[2023-11-25T16:06:00.784+0000][36.905s][info ][safepoint     ] Entering safepoint region: Deoptimize
[2023-11-25T16:06:00.786+0000][36.907s][info ][safepoint     ] Leaving safepoint region
[2023-11-25T16:06:00.786+0000][36.907s][info ][safepoint     ] Total time for which application threads were stopped: 0.0024282 seconds, Stopping threads took: 0.0004107 seconds
[2023-11-25T16:06:01.787+0000][37.908s][debug][safepoint     ] Safepoint synchronization initiated. (44 threads)
[2023-11-25T16:06:01.787+0000][37.909s][info ][safepoint     ] Application time: 1.0007698 seconds
[2023-11-25T16:06:01.788+0000][37.909s][debug][safepoint     ] ... found polling page return exception at pc = 0x00007fe2d042b74c, stub =0x00007fe2c8840600
[2023-11-25T16:06:01.788+0000][37.910s][debug][safepoint     ] Waiting for 1 thread(s) to block
[2023-11-25T16:06:01.789+0000][37.910s][info ][safepoint     ] Entering safepoint region: Cleanup
[2023-11-25T16:06:01.789+0000][37.911s][info ][safepoint     ] Leaving safepoint region
[2023-11-25T16:06:01.790+0000][37.911s][info ][safepoint     ] Total time for which application threads were stopped: 0.0020493 seconds, Stopping threads took: 0.0014023 seconds
[2023-11-25T16:06:02.084+0000][38.206s][debug][safepoint     ] Safepoint synchronization initiated. (47 threads)
[2023-11-25T16:06:02.085+0000][38.206s][info ][safepoint     ] Application time: 0.2946676 seconds
[2023-11-25T16:06:02.085+0000][38.207s][info ][safepoint     ] Entering safepoint region: G1CollectForAllocation
[2023-11-25T16:06:02.086+0000][38.207s][info ][gc,start      ] GC(46) Pause Young (Normal) (G1 Evacuation Pause)
[2023-11-25T16:06:02.086+0000][38.208s][info ][gc,task       ] GC(46) Using 8 workers of 8 for evacuation
[2023-11-25T16:06:02.114+0000][38.235s][info ][gc,phases     ] GC(46)   Pre Evacuate Collection Set: 0.0ms
[2023-11-25T16:06:02.114+0000][38.235s][info ][gc,phases     ] GC(46)   Evacuate Collection Set: 22.7ms
[2023-11-25T16:06:02.114+0000][38.236s][info ][gc,phases     ] GC(46)   Post Evacuate Collection Set: 3.9ms
[2023-11-25T16:06:02.115+0000][38.236s][info ][gc,phases     ] GC(46)   Other: 1.0ms
[2023-11-25T16:06:02.115+0000][38.237s][info ][gc,heap       ] GC(46) Eden regions: 188->0(178)
[2023-11-25T16:06:02.116+0000][38.237s][info ][gc,heap       ] GC(46) Survivor regions: 14->21(26)
[2023-11-25T16:06:02.116+0000][38.238s][info ][gc,heap       ] GC(46) Old regions: 87->87
[2023-11-25T16:06:02.117+0000][38.238s][info ][gc,heap       ] GC(46) Humongous regions: 0->0
[2023-11-25T16:06:02.117+0000][38.238s][info ][gc,metaspace  ] GC(46) Metaspace: 126963K(130600K)->126963K(130600K) NonClass: 112102K(114388K)->112102K(114388K) Class: 14861K(16212K)->14861K(16212K)
[2023-11-25T16:06:02.117+0000][38.239s][info ][gc            ] GC(46) Pause Young (Normal) (G1 Evacuation Pause) 286M->105M(342M) 31.525ms
[2023-11-25T16:06:02.118+0000][38.239s][info ][gc,cpu        ] GC(46) User=0.22s Sys=0.00s Real=0.04s
[2023-11-25T16:06:02.119+0000][38.240s][info ][safepoint     ] Leaving safepoint region
[2023-11-25T16:06:02.120+0000][38.241s][info ][safepoint     ] Total time for which application threads were stopped: 0.0344545 seconds, Stopping threads took: 0.0004736 seconds
[2023-11-25T16:06:02.120+0000][38.242s][info ][gc,stringdedup] Concurrent String Deduplication (38.242s)
[2023-11-25T16:06:02.126+0000][38.247s][info ][gc,stringdedup] Concurrent String Deduplication 375.7K->150.5K(225.3K) avg 50.0% (38.242s, 38.247s) 5.720ms
[2023-11-25T16:06:02.603+0000][38.725s][debug][safepoint     ] Safepoint synchronization initiated. (48 threads)
[2023-11-25T16:06:02.604+0000][38.725s][info ][safepoint     ] Application time: 0.4839535 seconds
[2023-11-25T16:06:02.604+0000][38.726s][info ][safepoint     ] Entering safepoint region: Deoptimize
[2023-11-25T16:06:02.607+0000][38.728s][info ][safepoint     ] Leaving safepoint region
[2023-11-25T16:06:02.607+0000][38.728s][info ][safepoint     ] Total time for which application threads were stopped: 0.0024455 seconds, Stopping threads took: 0.0004462 seconds
[2023-11-25T16:06:03.607+0000][39.729s][debug][safepoint     ] Safepoint synchronization initiated. (54 threads)
[2023-11-25T16:06:03.608+0000][39.729s][info ][safepoint     ] Application time: 1.0007909 seconds
[2023-11-25T16:06:03.611+0000][39.732s][debug][safepoint     ] Waiting for 1 thread(s) to block
[2023-11-25T16:06:03.612+0000][39.733s][info ][safepoint     ] Entering safepoint region: Cleanup
[2023-11-25T16:06:03.612+0000][39.734s][info ][safepoint     ] Leaving safepoint region
[2023-11-25T16:06:03.613+0000][39.734s][info ][safepoint     ] Total time for which application threads were stopped: 0.0023726 seconds, Stopping threads took: 0.0015040 seconds
[2023-11-25T16:06:03.920+0000][40.042s][debug][safepoint     ] Safepoint synchronization initiated. (54 threads)
[2023-11-25T16:06:03.921+0000][40.042s][info ][safepoint     ] Application time: 0.3064449 seconds
[2023-11-25T16:06:03.921+0000][40.043s][info ][safepoint     ] Entering safepoint region: Deoptimize
[2023-11-25T16:06:03.923+0000][40.045s][info ][safepoint     ] Leaving safepoint region
[2023-11-25T16:06:03.924+0000][40.045s][info ][safepoint     ] Total time for which application threads were stopped: 0.0024602 seconds, Stopping threads took: 0.0003947 seconds
[2023-11-25T16:06:04.047+0000][40.168s][debug][safepoint     ] Safepoint synchronization initiated. (65 threads)
[2023-11-25T16:06:04.047+0000][40.169s][info ][safepoint     ] Application time: 0.1230366 seconds
[2023-11-25T16:06:04.048+0000][40.169s][info ][safepoint     ] Entering safepoint region: G1CollectForAllocation
[2023-11-25T16:06:04.048+0000][40.170s][info ][gc,start      ] GC(47) Pause Young (Normal) (G1 Evacuation Pause)
[2023-11-25T16:06:04.049+0000][40.170s][info ][gc,task       ] GC(47) Using 8 workers of 8 for evacuation
[2023-11-25T16:06:04.085+0000][40.206s][info ][gc,phases     ] GC(47)   Pre Evacuate Collection Set: 0.0ms
[2023-11-25T16:06:04.086+0000][40.207s][info ][gc,phases     ] GC(47)   Evacuate Collection Set: 24.6ms
[2023-11-25T16:06:04.086+0000][40.207s][info ][gc,phases     ] GC(47)   Post Evacuate Collection Set: 10.9ms
[2023-11-25T16:06:04.087+0000][40.208s][info ][gc,phases     ] GC(47)   Other: 1.1ms
[2023-11-25T16:06:04.087+0000][40.208s][info ][gc,heap       ] GC(47) Eden regions: 178->0(176)
[2023-11-25T16:06:04.087+0000][40.209s][info ][gc,heap       ] GC(47) Survivor regions: 21->18(25)
[2023-11-25T16:06:04.088+0000][40.209s][info ][gc,heap       ] GC(47) Old regions: 87->95
[2023-11-25T16:06:04.088+0000][40.210s][info ][gc,heap       ] GC(47) Humongous regions: 0->0
[2023-11-25T16:06:04.089+0000][40.210s][info ][gc,metaspace  ] GC(47) Metaspace: 134813K(138664K)->134813K(138664K) NonClass: 119126K(121556K)->119126K(121556K) Class: 15687K(17108K)->15687K(17108K)
[2023-11-25T16:06:04.089+0000][40.210s][info ][gc            ] GC(47) Pause Young (Normal) (G1 Evacuation Pause) 283M->111M(342M) 40.798ms
[2023-11-25T16:06:04.090+0000][40.211s][info ][gc,cpu        ] GC(47) User=0.22s Sys=0.01s Real=0.04s
[2023-11-25T16:06:04.090+0000][40.211s][info ][safepoint     ] Leaving safepoint region
[2023-11-25T16:06:04.090+0000][40.212s][info ][safepoint     ] Total time for which application threads were stopped: 0.0427585 seconds, Stopping threads took: 0.0004990 seconds
[2023-11-25T16:06:04.091+0000][40.212s][info ][gc,stringdedup] Concurrent String Deduplication (40.212s)
[2023-11-25T16:06:04.094+0000][40.215s][info ][gc,stringdedup] Concurrent String Deduplication 156.9K->47984.0B(110.0K) avg 50.2% (40.212s, 40.215s) 3.201ms
[2023-11-25T16:06:05.091+0000][41.212s][debug][safepoint     ] Safepoint synchronization initiated. (66 threads)
[2023-11-25T16:06:05.096+0000][41.217s][info ][safepoint     ] Application time: 1.0050012 seconds
[2023-11-25T16:06:05.096+0000][41.218s][info ][safepoint     ] Entering safepoint region: Cleanup
[2023-11-25T16:06:05.097+0000][41.219s][info ][safepoint     ] Leaving safepoint region
[2023-11-25T16:06:05.098+0000][41.219s][info ][safepoint     ] Total time for which application threads were stopped: 0.0012528 seconds, Stopping threads took: 0.0005071 seconds
[2023-11-25T16:06:05.106+0000][41.228s][debug][safepoint     ] Safepoint synchronization initiated. (66 threads)
[2023-11-25T16:06:05.107+0000][41.228s][info ][safepoint     ] Application time: 0.0070766 seconds
[2023-11-25T16:06:05.108+0000][41.229s][info ][safepoint     ] Entering safepoint region: Deoptimize
[2023-11-25T16:06:05.110+0000][41.231s][info ][safepoint     ] Leaving safepoint region
[2023-11-25T16:06:05.110+0000][41.232s][info ][safepoint     ] Total time for which application threads were stopped: 0.0027703 seconds, Stopping threads took: 0.0004847 seconds
[2023-11-25T16:06:05.111+0000][41.232s][debug][safepoint     ] Safepoint synchronization initiated. (66 threads)
[2023-11-25T16:06:05.111+0000][41.233s][info ][safepoint     ] Application time: 0.0006549 seconds
[2023-11-25T16:06:05.112+0000][41.233s][info ][safepoint     ] Entering safepoint region: Deoptimize
[2023-11-25T16:06:05.115+0000][41.236s][info ][safepoint     ] Leaving safepoint region
[2023-11-25T16:06:05.115+0000][41.237s][info ][safepoint     ] Total time for which application threads were stopped: 0.0035896 seconds, Stopping threads took: 0.0003565 seconds
[2023-11-25T16:06:05.119+0000][41.240s][debug][safepoint     ] Safepoint synchronization initiated. (66 threads)
[2023-11-25T16:06:05.119+0000][41.241s][info ][safepoint     ] Application time: 0.0034423 seconds
[2023-11-25T16:06:05.120+0000][41.241s][info ][safepoint     ] Entering safepoint region: Deoptimize
[2023-11-25T16:06:05.122+0000][41.244s][info ][safepoint     ] Leaving safepoint region
[2023-11-25T16:06:05.123+0000][41.244s][info ][safepoint     ] Total time for which application threads were stopped: 0.0027997 seconds, Stopping threads took: 0.0006633 seconds
[2023-11-25T16:06:05.173+0000][41.294s][debug][safepoint     ] Safepoint synchronization initiated. (66 threads)
[2023-11-25T16:06:05.173+0000][41.295s][info ][safepoint     ] Application time: 0.0501371 seconds
[2023-11-25T16:06:05.174+0000][41.295s][info ][safepoint     ] Entering safepoint region: Deoptimize
[2023-11-25T16:06:05.176+0000][41.297s][info ][safepoint     ] Leaving safepoint region
[2023-11-25T16:06:05.176+0000][41.297s][info ][safepoint     ] Total time for which application threads were stopped: 0.0023876 seconds, Stopping threads took: 0.0003577 seconds
[2023-11-25T16:06:05.456+0000][41.577s][debug][safepoint     ] Safepoint synchronization initiated. (66 threads)
[2023-11-25T16:06:05.456+0000][41.578s][info ][safepoint     ] Application time: 0.2798675 seconds
[2023-11-25T16:06:05.457+0000][41.578s][info ][safepoint     ] Entering safepoint region: G1CollectForAllocation
[2023-11-25T16:06:05.458+0000][41.579s][info ][gc,start      ] GC(48) Pause Young (Normal) (G1 Evacuation Pause)
[2023-11-25T16:06:05.458+0000][41.579s][info ][gc,task       ] GC(48) Using 8 workers of 8 for evacuation
[2023-11-25T16:06:05.494+0000][41.615s][info ][gc,phases     ] GC(48)   Pre Evacuate Collection Set: 0.0ms
[2023-11-25T16:06:05.495+0000][41.616s][info ][gc,phases     ] GC(48)   Evacuate Collection Set: 31.6ms
[2023-11-25T16:06:05.495+0000][41.617s][info ][gc,phases     ] GC(48)   Post Evacuate Collection Set: 4.0ms
[2023-11-25T16:06:05.496+0000][41.617s][info ][gc,phases     ] GC(48)   Other: 0.9ms
[2023-11-25T16:06:05.496+0000][41.617s][info ][gc,heap       ] GC(48) Eden regions: 176->0(174)
[2023-11-25T16:06:05.496+0000][41.618s][info ][gc,heap       ] GC(48) Survivor regions: 18->17(25)
[2023-11-25T16:06:05.497+0000][41.618s][info ][gc,heap       ] GC(48) Old regions: 95->99
[2023-11-25T16:06:05.497+0000][41.618s][info ][gc,heap       ] GC(48) Humongous regions: 0->0
[2023-11-25T16:06:05.497+0000][41.619s][info ][gc,metaspace  ] GC(48) Metaspace: 136784K(140712K)->136784K(140712K) NonClass: 120861K(123348K)->120861K(123348K) Class: 15923K(17364K)->15923K(17364K)
[2023-11-25T16:06:05.498+0000][41.619s][info ][gc            ] GC(48) Pause Young (Normal) (G1 Evacuation Pause) 287M->114M(342M) 40.188ms
[2023-11-25T16:06:05.498+0000][41.620s][info ][gc,cpu        ] GC(48) User=0.32s Sys=0.01s Real=0.05s
[2023-11-25T16:06:05.499+0000][41.620s][info ][safepoint     ] Leaving safepoint region
[2023-11-25T16:06:05.499+0000][41.620s][info ][safepoint     ] Total time for which application threads were stopped: 0.0422612 seconds, Stopping threads took: 0.0004469 seconds
[2023-11-25T16:06:05.500+0000][41.621s][info ][gc,stringdedup] Concurrent String Deduplication (41.621s)
[2023-11-25T16:06:05.501+0000][41.622s][debug][safepoint     ] Safepoint synchronization initiated. (66 threads)
[2023-11-25T16:06:05.502+0000][41.623s][info ][safepoint     ] Application time: 0.0026457 seconds
[2023-11-25T16:06:05.503+0000][41.624s][info ][safepoint     ] Entering safepoint region: Deoptimize
[2023-11-25T16:06:05.505+0000][41.626s][info ][safepoint     ] Leaving safepoint region
[2023-11-25T16:06:05.505+0000][41.626s][info ][safepoint     ] Total time for which application threads were stopped: 0.0025181 seconds, Stopping threads took: 0.0003913 seconds
[2023-11-25T16:06:05.509+0000][41.630s][info ][gc,stringdedup] Concurrent String Deduplication 463.6K->63568.0B(401.5K) avg 51.3% (41.621s, 41.630s) 4.995ms
[2023-11-25T16:06:06.506+0000][42.627s][debug][safepoint     ] Safepoint synchronization initiated. (66 threads)
[2023-11-25T16:06:06.506+0000][42.627s][info ][safepoint     ] Application time: 1.0007329 seconds
[2023-11-25T16:06:06.507+0000][42.628s][debug][safepoint     ] Waiting for 1 thread(s) to block
[2023-11-25T16:06:06.507+0000][42.628s][info ][safepoint     ] Entering safepoint region: Cleanup
[2023-11-25T16:06:06.508+0000][42.629s][info ][safepoint     ] Leaving safepoint region
[2023-11-25T16:06:06.508+0000][42.630s][info ][safepoint     ] Total time for which application threads were stopped: 0.0016252 seconds, Stopping threads took: 0.0009650 seconds
[2023-11-25T16:06:06.607+0000][42.729s][debug][safepoint     ] Safepoint synchronization initiated. (66 threads)
[2023-11-25T16:06:06.608+0000][42.729s][info ][safepoint     ] Application time: 0.0991353 seconds
[2023-11-25T16:06:06.608+0000][42.730s][info ][safepoint     ] Entering safepoint region: G1CollectForAllocation
[2023-11-25T16:06:06.609+0000][42.730s][info ][gc,start      ] GC(49) Pause Young (Normal) (G1 Evacuation Pause)
[2023-11-25T16:06:06.609+0000][42.731s][info ][gc,task       ] GC(49) Using 8 workers of 8 for evacuation
[2023-11-25T16:06:06.639+0000][42.760s][info ][gc,phases     ] GC(49)   Pre Evacuate Collection Set: 0.0ms
[2023-11-25T16:06:06.640+0000][42.761s][info ][gc,phases     ] GC(49)   Evacuate Collection Set: 21.8ms
[2023-11-25T16:06:06.640+0000][42.762s][info ][gc,phases     ] GC(49)   Post Evacuate Collection Set: 6.9ms
[2023-11-25T16:06:06.641+0000][42.762s][info ][gc,phases     ] GC(49)   Other: 1.1ms
[2023-11-25T16:06:06.641+0000][42.763s][info ][gc,heap       ] GC(49) Eden regions: 174->0(175)
[2023-11-25T16:06:06.642+0000][42.763s][info ][gc,heap       ] GC(49) Survivor regions: 17->12(24)
[2023-11-25T16:06:06.642+0000][42.764s][info ][gc,heap       ] GC(49) Old regions: 99->107
[2023-11-25T16:06:06.643+0000][42.764s][info ][gc,heap       ] GC(49) Humongous regions: 0->0
[2023-11-25T16:06:06.643+0000][42.765s][info ][gc,metaspace  ] GC(49) Metaspace: 138629K(142248K)->138629K(142248K) NonClass: 122439K(124628K)->122439K(124628K) Class: 16190K(17620K)->16190K(17620K)
[2023-11-25T16:06:06.644+0000][42.765s][info ][gc            ] GC(49) Pause Young (Normal) (G1 Evacuation Pause) 288M->116M(342M) 34.991ms
[2023-11-25T16:06:06.644+0000][42.766s][info ][gc,cpu        ] GC(49) User=0.20s Sys=0.00s Real=0.03s
[2023-11-25T16:06:06.645+0000][42.766s][info ][safepoint     ] Leaving safepoint region
[2023-11-25T16:06:06.645+0000][42.767s][info ][safepoint     ] Total time for which application threads were stopped: 0.0371106 seconds, Stopping threads took: 0.0006080 seconds
[2023-11-25T16:06:06.646+0000][42.767s][info ][gc,stringdedup] Concurrent String Deduplication (42.767s)
[2023-11-25T16:06:06.651+0000][42.772s][info ][gc,stringdedup] Concurrent String Deduplication 404.7K->151.4K(253.3K) avg 51.6% (42.767s, 42.772s) 5.084ms
[2023-11-25T16:06:06.893+0000][43.015s][debug][safepoint     ] Safepoint synchronization initiated. (67 threads)
[2023-11-25T16:06:06.894+0000][43.015s][info ][safepoint     ] Application time: 0.2483092 seconds
[2023-11-25T16:06:06.894+0000][43.016s][info ][safepoint     ] Entering safepoint region: Deoptimize
[2023-11-25T16:06:06.898+0000][43.020s][info ][safepoint     ] Leaving safepoint region
[2023-11-25T16:06:06.900+0000][43.022s][info ][safepoint     ] Total time for which application threads were stopped: 0.0059614 seconds, Stopping threads took: 0.0004644 seconds
[2023-11-25T16:06:07.314+0000][43.435s][debug][safepoint     ] Safepoint synchronization initiated. (67 threads)
[2023-11-25T16:06:07.315+0000][43.436s][info ][safepoint     ] Application time: 0.4135064 seconds
[2023-11-25T16:06:07.315+0000][43.437s][info ][safepoint     ] Entering safepoint region: Deoptimize
[2023-11-25T16:06:07.317+0000][43.439s][info ][safepoint     ] Leaving safepoint region
[2023-11-25T16:06:07.318+0000][43.439s][info ][safepoint     ] Total time for which application threads were stopped: 0.0026536 seconds, Stopping threads took: 0.0004644 seconds
[2023-11-25T16:06:07.390+0000][43.511s][debug][safepoint     ] Safepoint synchronization initiated. (67 threads)
[2023-11-25T16:06:07.390+0000][43.512s][info ][safepoint     ] Application time: 0.0722172 seconds
[2023-11-25T16:06:07.391+0000][43.512s][info ][safepoint     ] Entering safepoint region: Deoptimize
[2023-11-25T16:06:07.393+0000][43.514s][info ][safepoint     ] Leaving safepoint region
[2023-11-25T16:06:07.393+0000][43.515s][info ][safepoint     ] Total time for which application threads were stopped: 0.0026427 seconds, Stopping threads took: 0.0004042 seconds
[2023-11-25T16:06:07.652+0000][43.773s][debug][safepoint     ] Safepoint synchronization initiated. (67 threads)
[2023-11-25T16:06:07.652+0000][43.774s][info ][safepoint     ] Application time: 0.2585835 seconds
[2023-11-25T16:06:07.653+0000][43.774s][info ][safepoint     ] Entering safepoint region: G1CollectForAllocation
[2023-11-25T16:06:07.654+0000][43.775s][info ][gc,start      ] GC(50) Pause Young (Normal) (G1 Evacuation Pause)
[2023-11-25T16:06:07.654+0000][43.775s][info ][gc,task       ] GC(50) Using 8 workers of 8 for evacuation
[2023-11-25T16:06:07.677+0000][43.798s][info ][gc,phases     ] GC(50)   Pre Evacuate Collection Set: 0.0ms
[2023-11-25T16:06:07.677+0000][43.799s][info ][gc,phases     ] GC(50)   Evacuate Collection Set: 18.8ms
[2023-11-25T16:06:07.677+0000][43.799s][info ][gc,phases     ] GC(50)   Post Evacuate Collection Set: 3.3ms
[2023-11-25T16:06:07.678+0000][43.799s][info ][gc,phases     ] GC(50)   Other: 1.0ms
[2023-11-25T16:06:07.678+0000][43.800s][info ][gc,heap       ] GC(50) Eden regions: 175->0(172)
[2023-11-25T16:06:07.679+0000][43.800s][info ][gc,heap       ] GC(50) Survivor regions: 12->14(24)
[2023-11-25T16:06:07.679+0000][43.800s][info ][gc,heap       ] GC(50) Old regions: 107->107
[2023-11-25T16:06:07.679+0000][43.801s][info ][gc,heap       ] GC(50) Humongous regions: 0->0
[2023-11-25T16:06:07.680+0000][43.801s][info ][gc,metaspace  ] GC(50) Metaspace: 140419K(144424K)->140419K(144424K) NonClass: 123960K(126420K)->123960K(126420K) Class: 16459K(18004K)->16459K(18004K)
[2023-11-25T16:06:07.680+0000][43.801s][info ][gc            ] GC(50) Pause Young (Normal) (G1 Evacuation Pause) 291M->118M(342M) 26.368ms
[2023-11-25T16:06:07.680+0000][43.802s][info ][gc,cpu        ] GC(50) User=0.19s Sys=0.00s Real=0.03s
[2023-11-25T16:06:07.681+0000][43.802s][info ][safepoint     ] Leaving safepoint region
[2023-11-25T16:06:07.682+0000][43.803s][info ][safepoint     ] Total time for which application threads were stopped: 0.0286924 seconds, Stopping threads took: 0.0004223 seconds
[2023-11-25T16:06:07.682+0000][43.804s][info ][gc,stringdedup] Concurrent String Deduplication (43.804s)
[2023-11-25T16:06:07.688+0000][43.809s][info ][gc,stringdedup] Concurrent String Deduplication 297.7K->177.5K(120.2K) avg 51.3% (43.804s, 43.809s) 5.324ms
[2023-11-25T16:06:08.682+0000][44.804s][debug][safepoint     ] Safepoint synchronization initiated. (76 threads)
[2023-11-25T16:06:08.685+0000][44.807s][info ][safepoint     ] Application time: 1.0032314 seconds
[2023-11-25T16:06:08.686+0000][44.807s][info ][safepoint     ] Entering safepoint region: Cleanup
[2023-11-25T16:06:08.687+0000][44.808s][info ][safepoint     ] Leaving safepoint region
[2023-11-25T16:06:08.687+0000][44.809s][info ][safepoint     ] Total time for which application threads were stopped: 0.0014083 seconds, Stopping threads took: 0.0006271 seconds
[2023-11-25T16:06:08.813+0000][44.934s][debug][safepoint     ] Safepoint synchronization initiated. (76 threads)
[2023-11-25T16:06:08.814+0000][44.935s][info ][safepoint     ] Application time: 0.1256941 seconds
[2023-11-25T16:06:08.814+0000][44.935s][info ][safepoint     ] Entering safepoint region: Deoptimize
[2023-11-25T16:06:08.817+0000][44.939s][info ][safepoint     ] Leaving safepoint region
[2023-11-25T16:06:08.818+0000][44.939s][info ][safepoint     ] Total time for which application threads were stopped: 0.0038695 seconds, Stopping threads took: 0.0006803 seconds
[2023-11-25T16:06:08.903+0000][45.025s][debug][safepoint     ] Safepoint synchronization initiated. (88 threads)
[2023-11-25T16:06:08.904+0000][45.026s][info ][safepoint     ] Application time: 0.0855298 seconds
[2023-11-25T16:06:08.905+0000][45.026s][debug][safepoint     ] Waiting for 1 thread(s) to block
[2023-11-25T16:06:08.905+0000][45.027s][info ][safepoint     ] Entering safepoint region: G1CollectForAllocation
[2023-11-25T16:06:08.906+0000][45.027s][info ][gc,start      ] GC(51) Pause Young (Normal) (G1 Evacuation Pause)
[2023-11-25T16:06:08.906+0000][45.028s][info ][gc,task       ] GC(51) Using 8 workers of 8 for evacuation
[2023-11-25T16:06:08.940+0000][45.061s][info ][gc,phases     ] GC(51)   Pre Evacuate Collection Set: 0.0ms
[2023-11-25T16:06:08.940+0000][45.061s][info ][gc,phases     ] GC(51)   Evacuate Collection Set: 22.5ms
[2023-11-25T16:06:08.941+0000][45.062s][info ][gc,phases     ] GC(51)   Post Evacuate Collection Set: 10.1ms
[2023-11-25T16:06:08.941+0000][45.062s][info ][gc,phases     ] GC(51)   Other: 1.1ms
[2023-11-25T16:06:08.941+0000][45.063s][info ][gc,heap       ] GC(51) Eden regions: 172->0(172)
[2023-11-25T16:06:08.942+0000][45.063s][info ][gc,heap       ] GC(51) Survivor regions: 14->12(24)
[2023-11-25T16:06:08.942+0000][45.064s][info ][gc,heap       ] GC(51) Old regions: 107->111
[2023-11-25T16:06:08.943+0000][45.064s][info ][gc,heap       ] GC(51) Humongous regions: 0->0
[2023-11-25T16:06:08.944+0000][45.066s][info ][gc,metaspace  ] GC(51) Metaspace: 142800K(146856K)->142800K(146856K) NonClass: 126017K(128468K)->126017K(128468K) Class: 16783K(18388K)->16783K(18388K)
[2023-11-25T16:06:08.945+0000][45.067s][info ][gc            ] GC(51) Pause Young (Normal) (G1 Evacuation Pause) 290M->121M(342M) 39.312ms
[2023-11-25T16:06:08.946+0000][45.067s][info ][gc,cpu        ] GC(51) User=0.25s Sys=0.00s Real=0.04s
[2023-11-25T16:06:08.946+0000][45.068s][info ][safepoint     ] Leaving safepoint region
[2023-11-25T16:06:08.947+0000][45.068s][info ][safepoint     ] Total time for which application threads were stopped: 0.0421730 seconds, Stopping threads took: 0.0009672 seconds
[2023-11-25T16:06:08.948+0000][45.069s][info ][gc,stringdedup] Concurrent String Deduplication (45.069s)
[2023-11-25T16:06:08.956+0000][45.077s][info ][gc,stringdedup] Concurrent String Deduplication 195.9K->80872.0B(116.9K) avg 51.4% (45.069s, 45.077s) 8.225ms
[2023-11-25T16:06:09.810+0000][45.932s][debug][safepoint     ] Safepoint synchronization initiated. (88 threads)
[2023-11-25T16:06:09.811+0000][45.932s][info ][safepoint     ] Application time: 0.8635744 seconds
[2023-11-25T16:06:09.811+0000][45.933s][info ][safepoint     ] Entering safepoint region: ICBufferFull
[2023-11-25T16:06:09.812+0000][45.934s][info ][safepoint     ] Leaving safepoint region
[2023-11-25T16:06:09.813+0000][45.934s][info ][safepoint     ] Total time for which application threads were stopped: 0.0012660 seconds, Stopping threads took: 0.0004939 seconds
[2023-11-25T16:06:10.021+0000][46.143s][debug][safepoint     ] Safepoint synchronization initiated. (88 threads)
[2023-11-25T16:06:10.022+0000][46.143s][info ][safepoint     ] Application time: 0.2086943 seconds
[2023-11-25T16:06:10.022+0000][46.144s][debug][safepoint     ] Waiting for 1 thread(s) to block
[2023-11-25T16:06:10.023+0000][46.144s][info ][safepoint     ] Entering safepoint region: ICBufferFull
[2023-11-25T16:06:10.024+0000][46.145s][info ][safepoint     ] Leaving safepoint region
[2023-11-25T16:06:10.024+0000][46.146s][info ][safepoint     ] Total time for which application threads were stopped: 0.0018251 seconds, Stopping threads took: 0.0009151 seconds
[2023-11-25T16:06:10.452+0000][46.574s][debug][safepoint     ] Safepoint synchronization initiated. (88 threads)
[2023-11-25T16:06:10.453+0000][46.574s][info ][safepoint     ] Application time: 0.4282853 seconds
[2023-11-25T16:06:10.454+0000][46.575s][debug][safepoint     ] Waiting for 1 thread(s) to block
[2023-11-25T16:06:10.454+0000][46.575s][info ][safepoint     ] Entering safepoint region: ICBufferFull
[2023-11-25T16:06:10.455+0000][46.576s][info ][safepoint     ] Leaving safepoint region
[2023-11-25T16:06:10.455+0000][46.576s][info ][safepoint     ] Total time for which application threads were stopped: 0.0014570 seconds, Stopping threads took: 0.0008250 seconds
[2023-11-25T16:06:10.608+0000][46.729s][debug][safepoint     ] Safepoint synchronization initiated. (88 threads)
[2023-11-25T16:06:10.608+0000][46.730s][info ][safepoint     ] Application time: 0.1531128 seconds
[2023-11-25T16:06:10.609+0000][46.730s][info ][safepoint     ] Entering safepoint region: G1CollectForAllocation
[2023-11-25T16:06:10.610+0000][46.731s][info ][gc,start      ] GC(52) Pause Young (Normal) (G1 Evacuation Pause)
[2023-11-25T16:06:10.611+0000][46.732s][info ][gc,task       ] GC(52) Using 8 workers of 8 for evacuation
[2023-11-25T16:06:10.655+0000][46.776s][info ][gc,phases     ] GC(52)   Pre Evacuate Collection Set: 0.1ms
[2023-11-25T16:06:10.656+0000][46.777s][info ][gc,phases     ] GC(52)   Evacuate Collection Set: 35.6ms
[2023-11-25T16:06:10.656+0000][46.777s][info ][gc,phases     ] GC(52)   Post Evacuate Collection Set: 8.1ms
[2023-11-25T16:06:10.656+0000][46.778s][info ][gc,phases     ] GC(52)   Other: 1.6ms
[2023-11-25T16:06:10.657+0000][46.778s][info ][gc,heap       ] GC(52) Eden regions: 172->0(160)
[2023-11-25T16:06:10.657+0000][46.779s][info ][gc,heap       ] GC(52) Survivor regions: 12->18(23)
[2023-11-25T16:06:10.658+0000][46.779s][info ][gc,heap       ] GC(52) Old regions: 111->111
[2023-11-25T16:06:10.658+0000][46.779s][info ][gc,heap       ] GC(52) Humongous regions: 0->0
[2023-11-25T16:06:10.658+0000][46.780s][info ][gc,metaspace  ] GC(52) Metaspace: 145157K(149544K)->145157K(149544K) NonClass: 128060K(130772K)->128060K(130772K) Class: 17097K(18772K)->17097K(18772K)
[2023-11-25T16:06:10.659+0000][46.780s][info ][gc            ] GC(52) Pause Young (Normal) (G1 Evacuation Pause) 293M->127M(342M) 49.308ms
[2023-11-25T16:06:10.659+0000][46.781s][info ][gc,cpu        ] GC(52) User=0.31s Sys=0.01s Real=0.05s
[2023-11-25T16:06:10.660+0000][46.781s][info ][safepoint     ] Leaving safepoint region
[2023-11-25T16:06:10.661+0000][46.782s][info ][safepoint     ] Total time for which application threads were stopped: 0.0519592 seconds, Stopping threads took: 0.0005671 seconds
[2023-11-25T16:06:10.662+0000][46.783s][info ][gc,stringdedup] Concurrent String Deduplication (46.783s)
[2023-11-25T16:06:10.664+0000][46.785s][info ][gc,stringdedup] Concurrent String Deduplication 168.4K->70048.0B(100.0K) avg 51.5% (46.783s, 46.785s) 2.469ms
[2023-11-25T16:06:11.309+0000][47.431s][debug][safepoint     ] Safepoint synchronization initiated. (88 threads)
[2023-11-25T16:06:11.310+0000][47.431s][info ][safepoint     ] Application time: 0.6484336 seconds
[2023-11-25T16:06:11.310+0000][47.432s][info ][safepoint     ] Entering safepoint region: ICBufferFull
[2023-11-25T16:06:11.311+0000][47.433s][info ][safepoint     ] Leaving safepoint region
[2023-11-25T16:06:11.312+0000][47.433s][info ][safepoint     ] Total time for which application threads were stopped: 0.0012191 seconds, Stopping threads took: 0.0004639 seconds
[2023-11-25T16:06:11.641+0000][47.763s][debug][safepoint     ] Safepoint synchronization initiated. (88 threads)
[2023-11-25T16:06:11.642+0000][47.763s][info ][safepoint     ] Application time: 0.3298543 seconds
[2023-11-25T16:06:11.642+0000][47.764s][debug][safepoint     ] Waiting for 1 thread(s) to block
[2023-11-25T16:06:11.643+0000][47.765s][info ][safepoint     ] Entering safepoint region: G1CollectForAllocation
[2023-11-25T16:06:11.644+0000][47.766s][info ][gc,start      ] GC(53) Pause Young (Normal) (G1 Evacuation Pause)
[2023-11-25T16:06:11.645+0000][47.766s][info ][gc,task       ] GC(53) Using 8 workers of 8 for evacuation
[2023-11-25T16:06:11.692+0000][47.814s][info ][gc,phases     ] GC(53)   Pre Evacuate Collection Set: 0.0ms
[2023-11-25T16:06:11.693+0000][47.814s][info ][gc,phases     ] GC(53)   Evacuate Collection Set: 43.0ms
[2023-11-25T16:06:11.693+0000][47.815s][info ][gc,phases     ] GC(53)   Post Evacuate Collection Set: 4.1ms
[2023-11-25T16:06:11.694+0000][47.815s][info ][gc,phases     ] GC(53)   Other: 0.9ms
[2023-11-25T16:06:11.694+0000][47.816s][info ][gc,heap       ] GC(53) Eden regions: 160->0(158)
[2023-11-25T16:06:11.695+0000][47.816s][info ][gc,heap       ] GC(53) Survivor regions: 18->15(23)
[2023-11-25T16:06:11.700+0000][47.821s][info ][gc,heap       ] GC(53) Old regions: 111->119
[2023-11-25T16:06:11.700+0000][47.822s][info ][gc,heap       ] GC(53) Humongous regions: 0->0
[2023-11-25T16:06:11.701+0000][47.822s][info ][gc,metaspace  ] GC(53) Metaspace: 145818K(150184K)->145818K(150184K) NonClass: 128693K(131284K)->128693K(131284K) Class: 17125K(18900K)->17125K(18900K)
[2023-11-25T16:06:11.701+0000][47.823s][info ][gc            ] GC(53) Pause Young (Normal) (G1 Evacuation Pause) 287M->131M(342M) 56.849ms
[2023-11-25T16:06:11.702+0000][47.823s][info ][gc,cpu        ] GC(53) User=0.38s Sys=0.00s Real=0.06s
[2023-11-25T16:06:11.702+0000][47.823s][info ][safepoint     ] Leaving safepoint region
[2023-11-25T16:06:11.702+0000][47.824s][info ][safepoint     ] Total time for which application threads were stopped: 0.0600763 seconds, Stopping threads took: 0.0016933 seconds
[2023-11-25T16:06:11.703+0000][47.824s][info ][gc,stringdedup] Concurrent String Deduplication (47.824s)
[2023-11-25T16:06:11.707+0000][47.828s][info ][gc,stringdedup] Concurrent String Deduplication 174.3K->80696.0B(97752.0B) avg 51.6% (47.824s, 47.828s) 3.659ms
[2023-11-25T16:06:11.733+0000][47.855s][debug][safepoint     ] Safepoint synchronization initiated. (88 threads)
[2023-11-25T16:06:11.734+0000][47.855s][info ][safepoint     ] Application time: 0.0311783 seconds
[2023-11-25T16:06:11.735+0000][47.856s][debug][safepoint     ] Waiting for 1 thread(s) to block
[2023-11-25T16:06:11.735+0000][47.857s][info ][safepoint     ] Entering safepoint region: Deoptimize
[2023-11-25T16:06:11.737+0000][47.859s][info ][safepoint     ] Leaving safepoint region
[2023-11-25T16:06:11.738+0000][47.859s][info ][safepoint     ] Total time for which application threads were stopped: 0.0032252 seconds, Stopping threads took: 0.0009699 seconds
[2023-11-25T16:06:11.798+0000][47.919s][debug][safepoint     ] Safepoint synchronization initiated. (88 threads)
[2023-11-25T16:06:11.799+0000][47.920s][info ][safepoint     ] Application time: 0.0605943 seconds
[2023-11-25T16:06:11.799+0000][47.921s][debug][safepoint     ] ... found polling page return exception at pc = 0x00007fe2d02cf5c3, stub =0x00007fe2c8840600
[2023-11-25T16:06:11.800+0000][47.921s][debug][safepoint     ] Waiting for 1 thread(s) to block
[2023-11-25T16:06:11.800+0000][47.921s][info ][safepoint     ] Entering safepoint region: Deoptimize
[2023-11-25T16:06:11.802+0000][47.924s][info ][safepoint     ] Leaving safepoint region
[2023-11-25T16:06:11.803+0000][47.924s][info ][safepoint     ] Total time for which application threads were stopped: 0.0038252 seconds, Stopping threads took: 0.0012485 seconds
[2023-11-25T16:06:11.830+0000][47.951s][debug][safepoint     ] Safepoint synchronization initiated. (88 threads)
[2023-11-25T16:06:11.831+0000][47.952s][info ][safepoint     ] Application time: 0.0271463 seconds
[2023-11-25T16:06:11.831+0000][47.953s][debug][safepoint     ] ... found polling page return exception at pc = 0x00007fe2d051329d, stub =0x00007fe2c8840600
[2023-11-25T16:06:11.832+0000][47.953s][debug][safepoint     ] Waiting for 2 thread(s) to block
[2023-11-25T16:06:11.832+0000][47.954s][info ][safepoint     ] Entering safepoint region: Deoptimize
[2023-11-25T16:06:11.834+0000][47.956s][info ][safepoint     ] Leaving safepoint region
[2023-11-25T16:06:11.835+0000][47.956s][info ][safepoint     ] Total time for which application threads were stopped: 0.0037281 seconds, Stopping threads took: 0.0013898 seconds
[2023-11-25T16:06:12.055+0000][48.176s][debug][safepoint     ] Safepoint synchronization initiated. (88 threads)
[2023-11-25T16:06:12.056+0000][48.177s][info ][safepoint     ] Application time: 0.2203039 seconds
[2023-11-25T16:06:12.056+0000][48.177s][debug][safepoint     ] ... found polling page return exception at pc = 0x00007fe2d02ca694, stub =0x00007fe2c8840600
[2023-11-25T16:06:12.057+0000][48.178s][debug][safepoint     ] Waiting for 1 thread(s) to block
[2023-11-25T16:06:12.057+0000][48.178s][info ][safepoint     ] Entering safepoint region: Deoptimize
[2023-11-25T16:06:12.059+0000][48.181s][info ][safepoint     ] Leaving safepoint region
[2023-11-25T16:06:12.060+0000][48.181s][info ][safepoint     ] Total time for which application threads were stopped: 0.0037919 seconds, Stopping threads took: 0.0012814 seconds
[2023-11-25T16:06:12.239+0000][48.360s][debug][safepoint     ] Safepoint synchronization initiated. (88 threads)
[2023-11-25T16:06:12.266+0000][48.387s][info ][safepoint     ] Application time: 0.2055018 seconds
[2023-11-25T16:06:12.266+0000][48.388s][info ][safepoint     ] Entering safepoint region: Deoptimize
[2023-11-25T16:06:12.269+0000][48.391s][info ][safepoint     ] Leaving safepoint region
[2023-11-25T16:06:12.270+0000][48.391s][info ][safepoint     ] Total time for which application threads were stopped: 0.0035297 seconds, Stopping threads took: 0.0006434 seconds
[2023-11-25T16:06:12.272+0000][48.394s][debug][safepoint     ] Safepoint synchronization initiated. (88 threads)
[2023-11-25T16:06:12.273+0000][48.395s][info ][safepoint     ] Application time: 0.0029463 seconds
[2023-11-25T16:06:12.274+0000][48.395s][debug][safepoint     ] ... found polling page return exception at pc = 0x00007fe2d0d65b13, stub =0x00007fe2c8840600
[2023-11-25T16:06:12.274+0000][48.396s][debug][safepoint     ] Waiting for 1 thread(s) to block
[2023-11-25T16:06:12.275+0000][48.396s][info ][safepoint     ] Entering safepoint region: G1CollectForAllocation
[2023-11-25T16:06:12.276+0000][48.397s][info ][gc,start      ] GC(54) Pause Young (Normal) (G1 Evacuation Pause)
[2023-11-25T16:06:12.276+0000][48.398s][info ][gc,task       ] GC(54) Using 8 workers of 8 for evacuation
[2023-11-25T16:06:12.345+0000][48.466s][info ][gc,phases     ] GC(54)   Pre Evacuate Collection Set: 0.0ms
[2023-11-25T16:06:12.346+0000][48.467s][info ][gc,phases     ] GC(54)   Evacuate Collection Set: 52.6ms
[2023-11-25T16:06:12.346+0000][48.468s][info ][gc,phases     ] GC(54)   Post Evacuate Collection Set: 15.2ms
[2023-11-25T16:06:12.347+0000][48.468s][info ][gc,phases     ] GC(54)   Other: 1.4ms
[2023-11-25T16:06:12.348+0000][48.469s][info ][gc,heap       ] GC(54) Eden regions: 158->0(157)
[2023-11-25T16:06:12.348+0000][48.470s][info ][gc,heap       ] GC(54) Survivor regions: 15->14(22)
[2023-11-25T16:06:12.349+0000][48.470s][info ][gc,heap       ] GC(54) Old regions: 119->122
[2023-11-25T16:06:12.349+0000][48.470s][info ][gc,heap       ] GC(54) Humongous regions: 0->0
[2023-11-25T16:06:12.349+0000][48.471s][info ][gc,metaspace  ] GC(54) Metaspace: 149077K(153640K)->149077K(153640K) NonClass: 131546K(134356K)->131546K(134356K) Class: 17531K(19284K)->17531K(19284K)
[2023-11-25T16:06:12.350+0000][48.471s][info ][gc            ] GC(54) Pause Young (Normal) (G1 Evacuation Pause) 289M->134M(342M) 74.182ms
[2023-11-25T16:06:12.351+0000][48.472s][info ][gc,cpu        ] GC(54) User=0.52s Sys=0.01s Real=0.08s
[2023-11-25T16:06:12.353+0000][48.475s][info ][safepoint     ] Leaving safepoint region
[2023-11-25T16:06:12.355+0000][48.476s][info ][safepoint     ] Total time for which application threads were stopped: 0.0807749 seconds, Stopping threads took: 0.0016322 seconds
[2023-11-25T16:06:12.356+0000][48.478s][info ][gc,stringdedup] Concurrent String Deduplication (48.478s)
[2023-11-25T16:06:12.363+0000][48.484s][info ][gc,stringdedup] Concurrent String Deduplication 619.5K->143.3K(476.2K) avg 52.5% (48.478s, 48.484s) 6.871ms
[2023-11-25T16:06:12.988+0000][49.109s][debug][safepoint     ] Safepoint synchronization initiated. (88 threads)
[2023-11-25T16:06:12.989+0000][49.110s][info ][safepoint     ] Application time: 0.6325619 seconds
[2023-11-25T16:06:12.989+0000][49.110s][info ][safepoint     ] Entering safepoint region: G1CollectForAllocation
[2023-11-25T16:06:12.990+0000][49.111s][info ][gc,start      ] GC(55) Pause Young (Normal) (G1 Evacuation Pause)
[2023-11-25T16:06:12.990+0000][49.111s][info ][gc,task       ] GC(55) Using 8 workers of 8 for evacuation
[2023-11-25T16:06:13.012+0000][49.134s][info ][gc,phases     ] GC(55)   Pre Evacuate Collection Set: 0.0ms
[2023-11-25T16:06:13.013+0000][49.134s][info ][gc,phases     ] GC(55)   Evacuate Collection Set: 18.5ms
[2023-11-25T16:06:13.013+0000][49.135s][info ][gc,phases     ] GC(55)   Post Evacuate Collection Set: 3.4ms
[2023-11-25T16:06:13.015+0000][49.136s][info ][gc,phases     ] GC(55)   Other: 1.0ms
[2023-11-25T16:06:13.016+0000][49.137s][info ][gc,heap       ] GC(55) Eden regions: 157->0(157)
[2023-11-25T16:06:13.016+0000][49.138s][info ][gc,heap       ] GC(55) Survivor regions: 14->9(22)
[2023-11-25T16:06:13.017+0000][49.138s][info ][gc,heap       ] GC(55) Old regions: 122->129
[2023-11-25T16:06:13.017+0000][49.139s][info ][gc,heap       ] GC(55) Humongous regions: 0->0
[2023-11-25T16:06:13.018+0000][49.139s][info ][gc,metaspace  ] GC(55) Metaspace: 149490K(154152K)->149490K(154152K) NonClass: 131911K(134868K)->131911K(134868K) Class: 17579K(19284K)->17579K(19284K)
[2023-11-25T16:06:13.018+0000][49.139s][info ][gc            ] GC(55) Pause Young (Normal) (G1 Evacuation Pause) 291M->136M(342M) 28.439ms
[2023-11-25T16:06:13.018+0000][49.140s][info ][gc,cpu        ] GC(55) User=0.18s Sys=0.00s Real=0.03s
[2023-11-25T16:06:13.019+0000][49.140s][info ][safepoint     ] Leaving safepoint region
[2023-11-25T16:06:13.019+0000][49.140s][info ][safepoint     ] Total time for which application threads were stopped: 0.0301722 seconds, Stopping threads took: 0.0003722 seconds
[2023-11-25T16:06:13.020+0000][49.141s][info ][gc,stringdedup] Concurrent String Deduplication (49.141s)
[2023-11-25T16:06:13.023+0000][49.145s][info ][gc,stringdedup] Concurrent String Deduplication 346.5K->127.3K(219.2K) avg 52.7% (49.141s, 49.145s) 3.614ms
[2023-11-25T16:06:13.724+0000][49.845s][debug][safepoint     ] Safepoint synchronization initiated. (88 threads)
[2023-11-25T16:06:13.725+0000][49.846s][info ][safepoint     ] Application time: 0.7050370 seconds
[2023-11-25T16:06:13.725+0000][49.847s][info ][safepoint     ] Entering safepoint region: G1CollectForAllocation
[2023-11-25T16:06:13.726+0000][49.848s][info ][gc,start      ] GC(56) Pause Young (Normal) (G1 Evacuation Pause)
[2023-11-25T16:06:13.727+0000][49.848s][info ][gc,task       ] GC(56) Using 8 workers of 8 for evacuation
[2023-11-25T16:06:13.774+0000][49.896s][info ][gc,phases     ] GC(56)   Pre Evacuate Collection Set: 0.0ms
[2023-11-25T16:06:13.779+0000][49.900s][info ][gc,phases     ] GC(56)   Evacuate Collection Set: 37.2ms
[2023-11-25T16:06:13.780+0000][49.901s][info ][gc,phases     ] GC(56)   Post Evacuate Collection Set: 9.6ms
[2023-11-25T16:06:13.788+0000][49.909s][info ][gc,phases     ] GC(56)   Other: 1.5ms
[2023-11-25T16:06:13.789+0000][49.910s][info ][gc,heap       ] GC(56) Eden regions: 157->0(154)
[2023-11-25T16:06:13.789+0000][49.910s][info ][gc,heap       ] GC(56) Survivor regions: 9->12(21)
[2023-11-25T16:06:13.790+0000][49.911s][info ][gc,heap       ] GC(56) Old regions: 129->129
[2023-11-25T16:06:13.790+0000][49.912s][info ][gc,heap       ] GC(56) Humongous regions: 0->0
[2023-11-25T16:06:13.791+0000][49.912s][info ][gc,metaspace  ] GC(56) Metaspace: 149822K(154536K)->149822K(154536K) NonClass: 132204K(135124K)->132204K(135124K) Class: 17617K(19412K)->17617K(19412K)
[2023-11-25T16:06:13.791+0000][49.913s][info ][gc            ] GC(56) Pause Young (Normal) (G1 Evacuation Pause) 293M->138M(342M) 65.135ms
[2023-11-25T16:06:13.792+0000][49.913s][info ][gc,cpu        ] GC(56) User=0.33s Sys=0.07s Real=0.07s
[2023-11-25T16:06:13.792+0000][49.914s][info ][safepoint     ] Leaving safepoint region
[2023-11-25T16:06:13.793+0000][49.914s][info ][safepoint     ] Total time for which application threads were stopped: 0.0674610 seconds, Stopping threads took: 0.0005309 seconds
[2023-11-25T16:06:13.793+0000][49.915s][info ][gc,stringdedup] Concurrent String Deduplication (49.915s)
[2023-11-25T16:06:13.813+0000][49.935s][info ][gc,stringdedup] Concurrent String Deduplication 264.3K->106.2K(158.1K) avg 52.8% (49.915s, 49.935s) 19.993ms
[2023-11-25T16:06:14.001+0000][50.122s][debug][safepoint     ] Safepoint synchronization initiated. (88 threads)
[2023-11-25T16:06:14.002+0000][50.123s][info ][safepoint     ] Application time: 0.2084840 seconds
[2023-11-25T16:06:14.002+0000][50.124s][debug][safepoint     ] ... found polling page return exception at pc = 0x00007fe2d09a14c5, stub =0x00007fe2c8840600
[2023-11-25T16:06:14.003+0000][50.124s][debug][safepoint     ] Waiting for 1 thread(s) to block
[2023-11-25T16:06:14.004+0000][50.125s][info ][safepoint     ] Entering safepoint region: Deoptimize
[2023-11-25T16:06:14.007+0000][50.128s][info ][safepoint     ] Leaving safepoint region
[2023-11-25T16:06:14.007+0000][50.128s][info ][safepoint     ] Total time for which application threads were stopped: 0.0048287 seconds, Stopping threads took: 0.0018977 seconds
[2023-11-25T16:06:14.038+0000][50.160s][debug][safepoint     ] Safepoint synchronization initiated. (88 threads)
[2023-11-25T16:06:14.039+0000][50.161s][info ][safepoint     ] Application time: 0.0316597 seconds
[2023-11-25T16:06:14.040+0000][50.162s][debug][safepoint     ] ... found polling page return exception at pc = 0x00007fe2d0404778, stub =0x00007fe2c8840600
[2023-11-25T16:06:14.041+0000][50.162s][debug][safepoint     ] Waiting for 1 thread(s) to block
[2023-11-25T16:06:14.041+0000][50.163s][info ][safepoint     ] Entering safepoint region: Deoptimize
[2023-11-25T16:06:14.044+0000][50.165s][info ][safepoint     ] Leaving safepoint region
[2023-11-25T16:06:14.044+0000][50.166s][info ][safepoint     ] Total time for which application threads were stopped: 0.0041371 seconds, Stopping threads took: 0.0016084 seconds
[2023-11-25T16:06:14.500+0000][50.621s][debug][safepoint     ] Safepoint synchronization initiated. (89 threads)
[2023-11-25T16:06:14.501+0000][50.622s][info ][safepoint     ] Application time: 0.4558813 seconds
[2023-11-25T16:06:14.501+0000][50.623s][info ][safepoint     ] Entering safepoint region: G1CollectForAllocation
[2023-11-25T16:06:14.503+0000][50.624s][info ][gc,start      ] GC(57) Pause Young (Normal) (G1 Evacuation Pause)
[2023-11-25T16:06:14.506+0000][50.627s][info ][gc,task       ] GC(57) Using 8 workers of 8 for evacuation
[2023-11-25T16:06:14.548+0000][50.669s][info ][gc,phases     ] GC(57)   Pre Evacuate Collection Set: 0.0ms
[2023-11-25T16:06:14.548+0000][50.670s][info ][gc,phases     ] GC(57)   Evacuate Collection Set: 33.4ms
[2023-11-25T16:06:14.549+0000][50.670s][info ][gc,phases     ] GC(57)   Post Evacuate Collection Set: 7.3ms
[2023-11-25T16:06:14.549+0000][50.671s][info ][gc,phases     ] GC(57)   Other: 3.8ms
[2023-11-25T16:06:14.550+0000][50.671s][info ][gc,heap       ] GC(57) Eden regions: 154->0(187)
[2023-11-25T16:06:14.550+0000][50.671s][info ][gc,heap       ] GC(57) Survivor regions: 12->10(21)
[2023-11-25T16:06:14.551+0000][50.672s][info ][gc,heap       ] GC(57) Old regions: 129->132
[2023-11-25T16:06:14.551+0000][50.672s][info ][gc,heap       ] GC(57) Humongous regions: 0->0
[2023-11-25T16:06:14.553+0000][50.674s][info ][gc,metaspace  ] GC(57) Metaspace: 150847K(155432K)->150847K(155432K) NonClass: 133119K(135892K)->133119K(135892K) Class: 17728K(19540K)->17728K(19540K)
[2023-11-25T16:06:14.554+0000][50.675s][info ][gc            ] GC(57) Pause Young (Normal) (G1 Evacuation Pause) 292M->139M(407M) 50.878ms
[2023-11-25T16:06:14.554+0000][50.676s][info ][gc,cpu        ] GC(57) User=0.27s Sys=0.01s Real=0.05s
[2023-11-25T16:06:14.555+0000][50.677s][info ][safepoint     ] Leaving safepoint region
[2023-11-25T16:06:14.556+0000][50.677s][info ][safepoint     ] Total time for which application threads were stopped: 0.0544883 seconds, Stopping threads took: 0.0012797 seconds
[2023-11-25T16:06:14.556+0000][50.678s][info ][gc,stringdedup] Concurrent String Deduplication (50.678s)
[2023-11-25T16:06:14.561+0000][50.683s][info ][gc,stringdedup] Concurrent String Deduplication 323.8K->96384.0B(229.7K) avg 53.1% (50.678s, 50.683s) 4.944ms
[2023-11-25T16:06:15.008+0000][51.129s][debug][safepoint     ] Safepoint synchronization initiated. (89 threads)
[2023-11-25T16:06:15.010+0000][51.131s][info ][safepoint     ] Application time: 0.4537142 seconds
[2023-11-25T16:06:15.012+0000][51.134s][debug][safepoint     ] ... found polling page loop exception at pc = 0x00007fe2d08aa07a, stub =0x00007fe2c8843680
[2023-11-25T16:06:15.016+0000][51.137s][debug][safepoint     ] Waiting for 1 thread(s) to block
[2023-11-25T16:06:15.017+0000][51.138s][info ][safepoint     ] Entering safepoint region: Deoptimize
[2023-11-25T16:06:15.021+0000][51.142s][info ][safepoint     ] Leaving safepoint region
[2023-11-25T16:06:15.021+0000][51.143s][info ][safepoint     ] Total time for which application threads were stopped: 0.0107281 seconds, Stopping threads took: 0.0067086 seconds
[2023-11-25T16:06:15.022+0000][51.144s][debug][safepoint     ] Safepoint synchronization initiated. (89 threads)
[2023-11-25T16:06:15.023+0000][51.145s][info ][safepoint     ] Application time: 0.0016370 seconds
[2023-11-25T16:06:15.024+0000][51.146s][debug][safepoint     ] ... found polling page return exception at pc = 0x00007fe2d0d6b209, stub =0x00007fe2c8840600
[2023-11-25T16:06:15.024+0000][51.146s][debug][safepoint     ] ... found polling page return exception at pc = 0x00007fe2d05f31f3, stub =0x00007fe2c8840600
[2023-11-25T16:06:15.024+0000][51.146s][debug][safepoint     ] ... found polling page return exception at pc = 0x00007fe2d0b64819, stub =0x00007fe2c8840600
[2023-11-25T16:06:15.027+0000][51.149s][debug][safepoint     ] Waiting for 3 thread(s) to block
[2023-11-25T16:06:15.029+0000][51.150s][info ][safepoint     ] Entering safepoint region: Deoptimize
[2023-11-25T16:06:15.033+0000][51.154s][info ][safepoint     ] Leaving safepoint region
[2023-11-25T16:06:15.033+0000][51.155s][info ][safepoint     ] Total time for which application threads were stopped: 0.0088392 seconds, Stopping threads took: 0.0053196 seconds
[2023-11-25T16:06:15.687+0000][51.809s][debug][safepoint     ] Safepoint synchronization initiated. (89 threads)
[2023-11-25T16:06:15.689+0000][51.810s][info ][safepoint     ] Application time: 0.6553558 seconds
[2023-11-25T16:06:15.691+0000][51.812s][info ][safepoint     ] Entering safepoint region: G1CollectForAllocation
[2023-11-25T16:06:15.692+0000][51.813s][info ][gc,start      ] GC(58) Pause Young (Normal) (G1 Evacuation Pause)
[2023-11-25T16:06:15.692+0000][51.814s][info ][gc,task       ] GC(58) Using 8 workers of 8 for evacuation
[2023-11-25T16:06:15.719+0000][51.841s][info ][gc,phases     ] GC(58)   Pre Evacuate Collection Set: 0.0ms
[2023-11-25T16:06:15.720+0000][51.841s][info ][gc,phases     ] GC(58)   Evacuate Collection Set: 21.1ms
[2023-11-25T16:06:15.720+0000][51.842s][info ][gc,phases     ] GC(58)   Post Evacuate Collection Set: 5.1ms
[2023-11-25T16:06:15.721+0000][51.842s][info ][gc,phases     ] GC(58)   Other: 1.3ms
[2023-11-25T16:06:15.721+0000][51.843s][info ][gc,heap       ] GC(58) Eden regions: 187->0(188)
[2023-11-25T16:06:15.722+0000][51.843s][info ][gc,heap       ] GC(58) Survivor regions: 10->13(25)
[2023-11-25T16:06:15.722+0000][51.843s][info ][gc,heap       ] GC(58) Old regions: 132->132
[2023-11-25T16:06:15.722+0000][51.844s][info ][gc,heap       ] GC(58) Humongous regions: 0->0
[2023-11-25T16:06:15.723+0000][51.844s][info ][gc,metaspace  ] GC(58) Metaspace: 151989K(156584K)->151989K(156584K) NonClass: 134153K(136916K)->134153K(136916K) Class: 17835K(19668K)->17835K(19668K)
[2023-11-25T16:06:15.723+0000][51.845s][info ][gc            ] GC(58) Pause Young (Normal) (G1 Evacuation Pause) 326M->143M(407M) 31.624ms
[2023-11-25T16:06:15.724+0000][51.845s][info ][gc,cpu        ] GC(58) User=0.20s Sys=0.00s Real=0.03s
[2023-11-25T16:06:15.724+0000][51.846s][info ][safepoint     ] Leaving safepoint region
[2023-11-25T16:06:15.725+0000][51.846s][info ][safepoint     ] Total time for which application threads were stopped: 0.0339997 seconds, Stopping threads took: 0.0005796 seconds
[2023-11-25T16:06:15.725+0000][51.847s][info ][gc,stringdedup] Concurrent String Deduplication (51.847s)
[2023-11-25T16:06:15.729+0000][51.850s][info ][gc,stringdedup] Concurrent String Deduplication 246.0K->76736.0B(171.0K) avg 53.3% (51.847s, 51.850s) 3.814ms
[2023-11-25T16:06:16.579+0000][52.692s][debug][safepoint     ] Safepoint synchronization initiated. (89 threads)
[2023-11-25T16:06:16.579+0000][52.693s][info ][safepoint     ] Application time: 0.8463563 seconds
[2023-11-25T16:06:16.580+0000][52.693s][debug][safepoint     ] ... found polling page return exception at pc = 0x00007fe2d04f68de, stub =0x00007fe2c8840600
[2023-11-25T16:06:16.581+0000][52.695s][debug][safepoint     ] Waiting for 1 thread(s) to block
[2023-11-25T16:06:16.582+0000][52.695s][info ][safepoint     ] Entering safepoint region: Deoptimize
[2023-11-25T16:06:16.585+0000][52.698s][info ][safepoint     ] Leaving safepoint region
[2023-11-25T16:06:16.585+0000][52.699s][info ][safepoint     ] Total time for which application threads were stopped: 0.0055846 seconds, Stopping threads took: 0.0024633 seconds
[2023-11-25T16:06:16.820+0000][52.934s][debug][safepoint     ] Safepoint synchronization initiated. (90 threads)
[2023-11-25T16:06:16.821+0000][52.935s][info ][safepoint     ] Application time: 0.2355141 seconds
[2023-11-25T16:06:16.824+0000][52.937s][info ][safepoint     ] Entering safepoint region: G1CollectForAllocation
[2023-11-25T16:06:16.825+0000][52.938s][info ][gc,start      ] GC(59) Pause Young (Normal) (G1 Evacuation Pause)
[2023-11-25T16:06:16.825+0000][52.939s][info ][gc,task       ] GC(59) Using 8 workers of 8 for evacuation
[2023-11-25T16:06:16.857+0000][52.971s][info ][gc,phases     ] GC(59)   Pre Evacuate Collection Set: 0.0ms
[2023-11-25T16:06:16.858+0000][52.972s][info ][gc,phases     ] GC(59)   Evacuate Collection Set: 25.9ms
[2023-11-25T16:06:16.859+0000][52.972s][info ][gc,phases     ] GC(59)   Post Evacuate Collection Set: 5.2ms
[2023-11-25T16:06:16.859+0000][52.973s][info ][gc,phases     ] GC(59)   Other: 1.3ms
[2023-11-25T16:06:16.860+0000][52.974s][info ][gc,heap       ] GC(59) Eden regions: 188->0(190)
[2023-11-25T16:06:16.861+0000][52.974s][info ][gc,heap       ] GC(59) Survivor regions: 13->15(26)
[2023-11-25T16:06:16.861+0000][52.975s][info ][gc,heap       ] GC(59) Old regions: 132->132
[2023-11-25T16:06:16.862+0000][52.976s][info ][gc,heap       ] GC(59) Humongous regions: 0->0
[2023-11-25T16:06:16.863+0000][52.976s][info ][gc,metaspace  ] GC(59) Metaspace: 152363K(157096K)->152363K(157096K) NonClass: 134488K(137428K)->134488K(137428K) Class: 17874K(19668K)->17874K(19668K)
[2023-11-25T16:06:16.863+0000][52.977s][info ][gc            ] GC(59) Pause Young (Normal) (G1 Evacuation Pause) 331M->145M(407M) 38.703ms
[2023-11-25T16:06:16.864+0000][52.978s][info ][gc,cpu        ] GC(59) User=0.26s Sys=0.00s Real=0.04s
[2023-11-25T16:06:16.864+0000][52.978s][info ][safepoint     ] Leaving safepoint region
[2023-11-25T16:06:16.865+0000][52.979s][info ][safepoint     ] Total time for which application threads were stopped: 0.0413172 seconds, Stopping threads took: 0.0005968 seconds
[2023-11-25T16:06:16.865+0000][52.979s][info ][gc,stringdedup] Concurrent String Deduplication (52.979s)
[2023-11-25T16:06:16.871+0000][52.984s][info ][gc,stringdedup] Concurrent String Deduplication 158.6K->69624.0B(92776.0B) avg 53.3% (52.979s, 52.984s) 5.165ms
[2023-11-25T16:06:17.385+0000][53.499s][debug][safepoint     ] Safepoint synchronization initiated. (90 threads)
[2023-11-25T16:06:17.386+0000][53.500s][info ][safepoint     ] Application time: 0.5205564 seconds
[2023-11-25T16:06:17.386+0000][53.500s][info ][safepoint     ] Entering safepoint region: Deoptimize
[2023-11-25T16:06:17.390+0000][53.503s][info ][safepoint     ] Leaving safepoint region
[2023-11-25T16:06:17.391+0000][53.504s][info ][safepoint     ] Total time for which application threads were stopped: 0.0041492 seconds, Stopping threads took: 0.0005415 seconds
[2023-11-25T16:06:17.665+0000][53.778s][debug][safepoint     ] Safepoint synchronization initiated. (91 threads)
[2023-11-25T16:06:17.665+0000][53.779s][info ][safepoint     ] Application time: 0.2738704 seconds
[2023-11-25T16:06:17.666+0000][53.779s][info ][safepoint     ] Entering safepoint region: G1CollectForAllocation
[2023-11-25T16:06:17.667+0000][53.780s][info ][gc,start      ] GC(60) Pause Young (Normal) (G1 Evacuation Pause)
[2023-11-25T16:06:17.668+0000][53.781s][info ][gc,task       ] GC(60) Using 8 workers of 8 for evacuation
[2023-11-25T16:06:17.715+0000][53.829s][info ][gc,phases     ] GC(60)   Pre Evacuate Collection Set: 0.0ms
[2023-11-25T16:06:17.716+0000][53.829s][info ][gc,phases     ] GC(60)   Evacuate Collection Set: 37.8ms
[2023-11-25T16:06:17.716+0000][53.830s][info ][gc,phases     ] GC(60)   Post Evacuate Collection Set: 8.0ms
[2023-11-25T16:06:17.717+0000][53.830s][info ][gc,phases     ] GC(60)   Other: 2.6ms
[2023-11-25T16:06:17.717+0000][53.831s][info ][gc,heap       ] GC(60) Eden regions: 190->0(192)
[2023-11-25T16:06:17.718+0000][53.831s][info ][gc,heap       ] GC(60) Survivor regions: 15->14(26)
[2023-11-25T16:06:17.718+0000][53.832s][info ][gc,heap       ] GC(60) Old regions: 132->135
[2023-11-25T16:06:17.719+0000][53.832s][info ][gc,heap       ] GC(60) Humongous regions: 0->0
[2023-11-25T16:06:17.719+0000][53.833s][info ][gc,metaspace  ] GC(60) Metaspace: 153020K(157736K)->153020K(157736K) NonClass: 135069K(137940K)->135069K(137940K) Class: 17950K(19796K)->17950K(19796K)
[2023-11-25T16:06:17.720+0000][53.833s][info ][gc            ] GC(60) Pause Young (Normal) (G1 Evacuation Pause) 335M->146M(407M) 53.006ms
[2023-11-25T16:06:17.720+0000][53.834s][info ][gc,cpu        ] GC(60) User=0.34s Sys=0.01s Real=0.05s
[2023-11-25T16:06:17.721+0000][53.834s][info ][safepoint     ] Leaving safepoint region
[2023-11-25T16:06:17.722+0000][53.836s][info ][safepoint     ] Total time for which application threads were stopped: 0.0563259 seconds, Stopping threads took: 0.0005388 seconds
[2023-11-25T16:06:17.723+0000][53.836s][info ][gc,stringdedup] Concurrent String Deduplication (53.836s)
[2023-11-25T16:06:17.727+0000][53.841s][info ][gc,stringdedup] Concurrent String Deduplication 283.9K->90552.0B(195.5K) avg 53.6% (53.836s, 53.841s) 4.371ms
[2023-11-25T16:06:18.353+0000][54.467s][debug][safepoint     ] Safepoint synchronization initiated. (92 threads)
[2023-11-25T16:06:18.354+0000][54.468s][info ][safepoint     ] Application time: 0.6314767 seconds
[2023-11-25T16:06:18.356+0000][54.470s][debug][safepoint     ] ... found polling page return exception at pc = 0x00007fe2d070d76f, stub =0x00007fe2c8840600
[2023-11-25T16:06:18.357+0000][54.470s][debug][safepoint     ] Waiting for 1 thread(s) to block
[2023-11-25T16:06:18.357+0000][54.471s][info ][safepoint     ] Entering safepoint region: Deoptimize
[2023-11-25T16:06:18.361+0000][54.475s][info ][safepoint     ] Leaving safepoint region
[2023-11-25T16:06:18.361+0000][54.475s][info ][safepoint     ] Total time for which application threads were stopped: 0.0062105 seconds, Stopping threads took: 0.0031594 seconds
[2023-11-25T16:06:18.589+0000][54.702s][debug][safepoint     ] Safepoint synchronization initiated. (92 threads)
[2023-11-25T16:06:18.589+0000][54.703s][info ][safepoint     ] Application time: 0.2267367 seconds
[2023-11-25T16:06:18.590+0000][54.704s][info ][safepoint     ] Entering safepoint region: G1CollectForAllocation
[2023-11-25T16:06:18.591+0000][54.704s][info ][gc,start      ] GC(61) Pause Young (Normal) (G1 Evacuation Pause)
[2023-11-25T16:06:18.591+0000][54.705s][info ][gc,task       ] GC(61) Using 8 workers of 8 for evacuation
[2023-11-25T16:06:18.624+0000][54.738s][info ][gc,phases     ] GC(61)   Pre Evacuate Collection Set: 0.0ms
[2023-11-25T16:06:18.624+0000][54.738s][info ][gc,phases     ] GC(61)   Evacuate Collection Set: 25.8ms
[2023-11-25T16:06:18.625+0000][54.739s][info ][gc,phases     ] GC(61)   Post Evacuate Collection Set: 6.3ms
[2023-11-25T16:06:18.625+0000][54.739s][info ][gc,phases     ] GC(61)   Other: 1.1ms
[2023-11-25T16:06:18.626+0000][54.739s][info ][gc,heap       ] GC(61) Eden regions: 192->0(193)
[2023-11-25T16:06:18.626+0000][54.740s][info ][gc,heap       ] GC(61) Survivor regions: 14->16(26)
[2023-11-25T16:06:18.627+0000][54.740s][info ][gc,heap       ] GC(61) Old regions: 135->135
[2023-11-25T16:06:18.627+0000][54.741s][info ][gc,heap       ] GC(61) Humongous regions: 0->0
[2023-11-25T16:06:18.628+0000][54.741s][info ][gc,metaspace  ] GC(61) Metaspace: 153734K(158632K)->153734K(158632K) NonClass: 135711K(138708K)->135711K(138708K) Class: 18023K(19924K)->18023K(19924K)
[2023-11-25T16:06:18.628+0000][54.742s][info ][gc            ] GC(61) Pause Young (Normal) (G1 Evacuation Pause) 338M->148M(407M) 37.759ms
[2023-11-25T16:06:18.629+0000][54.743s][info ][gc,cpu        ] GC(61) User=0.26s Sys=0.00s Real=0.04s
[2023-11-25T16:06:18.630+0000][54.743s][info ][safepoint     ] Leaving safepoint region
[2023-11-25T16:06:18.630+0000][54.744s][info ][safepoint     ] Total time for which application threads were stopped: 0.0401276 seconds, Stopping threads took: 0.0005073 seconds
[2023-11-25T16:06:18.630+0000][54.744s][info ][gc,stringdedup] Concurrent String Deduplication (54.744s)
[2023-11-25T16:06:18.633+0000][54.747s][info ][gc,stringdedup] Concurrent String Deduplication 238.9K->84240.0B(156.7K) avg 53.7% (54.744s, 54.747s) 2.501ms
[2023-11-25T16:06:19.210+0000][55.324s][debug][safepoint     ] Safepoint synchronization initiated. (92 threads)
[2023-11-25T16:06:19.211+0000][55.325s][info ][safepoint     ] Application time: 0.5807057 seconds
[2023-11-25T16:06:19.212+0000][55.325s][info ][safepoint     ] Entering safepoint region: G1CollectForAllocation
[2023-11-25T16:06:19.213+0000][55.326s][info ][gc,start      ] GC(62) Pause Young (Normal) (G1 Evacuation Pause)
[2023-11-25T16:06:19.213+0000][55.327s][info ][gc,task       ] GC(62) Using 8 workers of 8 for evacuation
[2023-11-25T16:06:19.232+0000][55.346s][info ][gc,phases     ] GC(62)   Pre Evacuate Collection Set: 0.0ms
[2023-11-25T16:06:19.233+0000][55.347s][info ][gc,phases     ] GC(62)   Evacuate Collection Set: 13.9ms
[2023-11-25T16:06:19.233+0000][55.347s][info ][gc,phases     ] GC(62)   Post Evacuate Collection Set: 4.4ms
[2023-11-25T16:06:19.234+0000][55.347s][info ][gc,phases     ] GC(62)   Other: 1.4ms
[2023-11-25T16:06:19.234+0000][55.348s][info ][gc,heap       ] GC(62) Eden regions: 193->0(194)
[2023-11-25T16:06:19.234+0000][55.348s][info ][gc,heap       ] GC(62) Survivor regions: 16->16(27)
[2023-11-25T16:06:19.235+0000][55.349s][info ][gc,heap       ] GC(62) Old regions: 135->137
[2023-11-25T16:06:19.235+0000][55.349s][info ][gc,heap       ] GC(62) Humongous regions: 0->0
[2023-11-25T16:06:19.236+0000][55.350s][info ][gc,metaspace  ] GC(62) Metaspace: 153802K(158632K)->153802K(158632K) NonClass: 135775K(138708K)->135775K(138708K) Class: 18026K(19924K)->18026K(19924K)
[2023-11-25T16:06:19.236+0000][55.350s][info ][gc            ] GC(62) Pause Young (Normal) (G1 Evacuation Pause) 341M->150M(407M) 23.653ms
[2023-11-25T16:06:19.237+0000][55.350s][info ][gc,cpu        ] GC(62) User=0.17s Sys=0.00s Real=0.03s
[2023-11-25T16:06:19.237+0000][55.351s][info ][safepoint     ] Leaving safepoint region
[2023-11-25T16:06:19.238+0000][55.351s][info ][safepoint     ] Total time for which application threads were stopped: 0.0260451 seconds, Stopping threads took: 0.0005978 seconds
[2023-11-25T16:06:19.238+0000][55.352s][info ][gc,stringdedup] Concurrent String Deduplication (55.352s)
[2023-11-25T16:06:19.240+0000][55.354s][info ][gc,stringdedup] Concurrent String Deduplication 159.1K->72368.0B(90536.0B) avg 53.7% (55.352s, 55.354s) 2.052ms
[2023-11-25T16:06:19.646+0000][55.760s][debug][safepoint     ] Safepoint synchronization initiated. (100 threads)
[2023-11-25T16:06:19.647+0000][55.760s][info ][safepoint     ] Application time: 0.4085621 seconds
[2023-11-25T16:06:19.647+0000][55.761s][info ][safepoint     ] Entering safepoint region: Deoptimize
[2023-11-25T16:06:19.650+0000][55.764s][info ][safepoint     ] Leaving safepoint region
[2023-11-25T16:06:19.651+0000][55.764s][info ][safepoint     ] Total time for which application threads were stopped: 0.0035030 seconds, Stopping threads took: 0.0005455 seconds
[2023-11-25T16:06:20.453+0000][56.566s][debug][safepoint     ] Safepoint synchronization initiated. (136 threads)
[2023-11-25T16:06:20.454+0000][56.568s][info ][safepoint     ] Application time: 0.8033475 seconds
[2023-11-25T16:06:20.457+0000][56.571s][info ][safepoint     ] Entering safepoint region: Deoptimize
[2023-11-25T16:06:20.461+0000][56.575s][info ][safepoint     ] Leaving safepoint region
[2023-11-25T16:06:20.462+0000][56.575s][info ][safepoint     ] Total time for which application threads were stopped: 0.0065001 seconds, Stopping threads took: 0.0028084 seconds
[2023-11-25T16:06:20.643+0000][56.757s][debug][safepoint     ] Safepoint synchronization initiated. (140 threads)
[2023-11-25T16:06:20.644+0000][56.757s][info ][safepoint     ] Application time: 0.1810698 seconds
[2023-11-25T16:06:20.647+0000][56.760s][debug][safepoint     ] Waiting for 1 thread(s) to block
[2023-11-25T16:06:20.647+0000][56.761s][info ][safepoint     ] Entering safepoint region: G1CollectForAllocation
[2023-11-25T16:06:20.648+0000][56.762s][info ][gc,start      ] GC(63) Pause Young (Normal) (G1 Evacuation Pause)
[2023-11-25T16:06:20.649+0000][56.763s][info ][gc,task       ] GC(63) Using 8 workers of 8 for evacuation
[2023-11-25T16:06:20.693+0000][56.806s][info ][gc,phases     ] GC(63)   Pre Evacuate Collection Set: 0.0ms
[2023-11-25T16:06:20.693+0000][56.807s][info ][gc,phases     ] GC(63)   Evacuate Collection Set: 36.6ms
[2023-11-25T16:06:20.694+0000][56.808s][info ][gc,phases     ] GC(63)   Post Evacuate Collection Set: 5.9ms
[2023-11-25T16:06:20.695+0000][56.808s][info ][gc,phases     ] GC(63)   Other: 1.9ms
[2023-11-25T16:06:20.695+0000][56.809s][info ][gc,heap       ] GC(63) Eden regions: 194->0(193)
[2023-11-25T16:06:20.696+0000][56.809s][info ][gc,heap       ] GC(63) Survivor regions: 16->16(27)
[2023-11-25T16:06:20.696+0000][56.810s][info ][gc,heap       ] GC(63) Old regions: 137->139
[2023-11-25T16:06:20.697+0000][56.810s][info ][gc,heap       ] GC(63) Humongous regions: 0->0
[2023-11-25T16:06:20.697+0000][56.811s][info ][gc,metaspace  ] GC(63) Metaspace: 158770K(164008K)->158770K(164008K) NonClass: 140125K(143316K)->140125K(143316K) Class: 18645K(20692K)->18645K(20692K)
[2023-11-25T16:06:20.698+0000][56.811s][info ][gc            ] GC(63) Pause Young (Normal) (G1 Evacuation Pause) 344M->153M(407M) 49.405ms
[2023-11-25T16:06:20.698+0000][56.812s][info ][gc,cpu        ] GC(63) User=0.30s Sys=0.01s Real=0.05s
[2023-11-25T16:06:20.699+0000][56.813s][info ][safepoint     ] Leaving safepoint region
[2023-11-25T16:06:20.699+0000][56.813s][info ][safepoint     ] Total time for which application threads were stopped: 0.0550972 seconds, Stopping threads took: 0.0036835 seconds
[2023-11-25T16:06:20.700+0000][56.814s][info ][gc,stringdedup] Concurrent String Deduplication (56.814s)
[2023-11-25T16:06:20.703+0000][56.817s][debug][safepoint     ] Safepoint synchronization initiated. (140 threads)
[2023-11-25T16:06:20.704+0000][56.818s][info ][safepoint     ] Application time: 0.0043491 seconds
[2023-11-25T16:06:20.705+0000][56.819s][debug][safepoint     ] Waiting for 1 thread(s) to block
[2023-11-25T16:06:20.705+0000][56.819s][info ][safepoint     ] Entering safepoint region: Deoptimize
[2023-11-25T16:06:20.708+0000][56.822s][info ][safepoint     ] Leaving safepoint region
[2023-11-25T16:06:20.709+0000][56.823s][info ][safepoint     ] Total time for which application threads were stopped: 0.0044882 seconds, Stopping threads took: 0.0012339 seconds
[2023-11-25T16:06:20.711+0000][56.825s][info ][gc,stringdedup] Concurrent String Deduplication 163.9K->58936.0B(106.4K) avg 53.8% (56.814s, 56.825s) 5.183ms
[2023-11-25T16:06:20.822+0000][56.936s][debug][safepoint     ] Safepoint synchronization initiated. (140 threads)
[2023-11-25T16:06:20.824+0000][56.937s][info ][safepoint     ] Application time: 0.1138862 seconds
[2023-11-25T16:06:20.824+0000][56.938s][debug][safepoint     ] ... found polling page loop exception at pc = 0x00007fe2d0a156ce, stub =0x00007fe2c8843680
[2023-11-25T16:06:20.825+0000][56.938s][debug][safepoint     ] Waiting for 2 thread(s) to block
[2023-11-25T16:06:20.825+0000][56.939s][info ][safepoint     ] Entering safepoint region: Deoptimize
[2023-11-25T16:06:20.829+0000][56.942s][info ][safepoint     ] Leaving safepoint region
[2023-11-25T16:06:20.829+0000][56.943s][info ][safepoint     ] Total time for which application threads were stopped: 0.0052028 seconds, Stopping threads took: 0.0017931 seconds
[2023-11-25T16:06:20.960+0000][57.074s][debug][safepoint     ] Safepoint synchronization initiated. (153 threads)
[2023-11-25T16:06:20.962+0000][57.076s][info ][safepoint     ] Application time: 0.1319981 seconds
[2023-11-25T16:06:20.964+0000][57.078s][info ][safepoint     ] Entering safepoint region: Deoptimize
[2023-11-25T16:06:20.968+0000][57.081s][info ][safepoint     ] Leaving safepoint region
[2023-11-25T16:06:20.971+0000][57.085s][info ][safepoint     ] Total time for which application threads were stopped: 0.0073003 seconds, Stopping threads took: 0.0010889 seconds
[2023-11-25T16:06:21.687+0000][57.800s][debug][safepoint     ] Safepoint synchronization initiated. (170 threads)
[2023-11-25T16:06:21.688+0000][57.802s][info ][safepoint     ] Application time: 0.7135778 seconds
[2023-11-25T16:06:21.689+0000][57.803s][info ][safepoint     ] Entering safepoint region: ICBufferFull
[2023-11-25T16:06:21.691+0000][57.804s][info ][safepoint     ] Leaving safepoint region
[2023-11-25T16:06:21.691+0000][57.805s][info ][safepoint     ] Total time for which application threads were stopped: 0.0021044 seconds, Stopping threads took: 0.0010144 seconds
[2023-11-25T16:06:21.790+0000][57.903s][debug][safepoint     ] Safepoint synchronization initiated. (170 threads)
[2023-11-25T16:06:21.791+0000][57.904s][info ][safepoint     ] Application time: 0.0981852 seconds
[2023-11-25T16:06:21.791+0000][57.905s][info ][safepoint     ] Entering safepoint region: ICBufferFull
[2023-11-25T16:06:21.792+0000][57.906s][info ][safepoint     ] Leaving safepoint region
[2023-11-25T16:06:21.793+0000][57.907s][info ][safepoint     ] Total time for which application threads were stopped: 0.0015827 seconds, Stopping threads took: 0.0006745 seconds
[2023-11-25T16:06:21.996+0000][58.110s][debug][safepoint     ] Safepoint synchronization initiated. (170 threads)
[2023-11-25T16:06:21.997+0000][58.110s][info ][safepoint     ] Application time: 0.2033005 seconds
[2023-11-25T16:06:21.998+0000][58.111s][info ][safepoint     ] Entering safepoint region: ICBufferFull
[2023-11-25T16:06:21.999+0000][58.112s][info ][safepoint     ] Leaving safepoint region
[2023-11-25T16:06:21.999+0000][58.113s][info ][safepoint     ] Total time for which application threads were stopped: 0.0016610 seconds, Stopping threads took: 0.0007107 seconds
[2023-11-25T16:06:22.254+0000][58.368s][debug][safepoint     ] Safepoint synchronization initiated. (170 threads)
[2023-11-25T16:06:22.260+0000][58.374s][info ][safepoint     ] Application time: 0.2605196 seconds
[2023-11-25T16:06:22.261+0000][58.375s][info ][safepoint     ] Entering safepoint region: CollectForMetadataAllocation
[2023-11-25T16:06:22.263+0000][58.376s][info ][gc,start      ] GC(64) Pause Young (Concurrent Start) (Metadata GC Threshold)
[2023-11-25T16:06:22.263+0000][58.377s][info ][gc,task       ] GC(64) Using 8 workers of 8 for evacuation
[2023-11-25T16:06:22.326+0000][58.440s][info ][gc,phases     ] GC(64)   Pre Evacuate Collection Set: 1.3ms
[2023-11-25T16:06:22.327+0000][58.441s][info ][gc,phases     ] GC(64)   Evacuate Collection Set: 42.3ms
[2023-11-25T16:06:22.327+0000][58.441s][info ][gc,phases     ] GC(64)   Post Evacuate Collection Set: 17.7ms
[2023-11-25T16:06:22.328+0000][58.442s][info ][gc,phases     ] GC(64)   Other: 2.3ms
[2023-11-25T16:06:22.328+0000][58.442s][info ][gc,heap       ] GC(64) Eden regions: 87->0(220)
[2023-11-25T16:06:22.329+0000][58.443s][info ][gc,heap       ] GC(64) Survivor regions: 16->17(27)
[2023-11-25T16:06:22.331+0000][58.444s][info ][gc,heap       ] GC(64) Old regions: 139->141
[2023-11-25T16:06:22.331+0000][58.445s][info ][gc,heap       ] GC(64) Humongous regions: 0->0
[2023-11-25T16:06:22.332+0000][58.446s][info ][gc,metaspace  ] GC(64) Metaspace: 163872K(169240K)->163872K(169240K) NonClass: 144665K(147908K)->144665K(147908K) Class: 19206K(21332K)->19206K(21332K)
[2023-11-25T16:06:22.332+0000][58.446s][info ][gc            ] GC(64) Pause Young (Concurrent Start) (Metadata GC Threshold) 239M->155M(470M) 69.959ms
[2023-11-25T16:06:22.333+0000][58.447s][info ][gc,cpu        ] GC(64) User=0.38s Sys=0.00s Real=0.07s
[2023-11-25T16:06:22.334+0000][58.447s][info ][gc            ] GC(65) Concurrent Cycle
[2023-11-25T16:06:22.334+0000][58.447s][info ][safepoint     ] Leaving safepoint region
[2023-11-25T16:06:22.334+0000][58.448s][info ][gc,marking    ] GC(65) Concurrent Clear Claimed Marks
[2023-11-25T16:06:22.335+0000][58.448s][info ][safepoint     ] Total time for which application threads were stopped: 0.0733913 seconds, Stopping threads took: 0.0005936 seconds
[2023-11-25T16:06:22.337+0000][58.450s][info ][gc,stringdedup] Concurrent String Deduplication (58.450s)
[2023-11-25T16:06:22.347+0000][58.461s][info ][gc,stringdedup] Concurrent String Deduplication 164.8K->57952.0B(108.2K) avg 53.9% (58.450s, 58.461s) 10.348ms
[2023-11-25T16:06:22.336+0000][58.450s][info ][gc,marking    ] GC(65) Concurrent Clear Claimed Marks 2.301ms
[2023-11-25T16:06:22.348+0000][58.462s][info ][gc,marking    ] GC(65) Concurrent Scan Root Regions
[2023-11-25T16:06:22.384+0000][58.498s][info ][gc,marking    ] GC(65) Concurrent Scan Root Regions 35.921ms
[2023-11-25T16:06:22.385+0000][58.499s][info ][gc,marking    ] GC(65) Concurrent Mark (58.499s)
[2023-11-25T16:06:22.386+0000][58.500s][info ][gc,marking    ] GC(65) Concurrent Mark From Roots
[2023-11-25T16:06:22.389+0000][58.502s][info ][gc,task       ] GC(65) Using 2 workers of 2 for marking
[2023-11-25T16:06:22.441+0000][58.554s][debug][safepoint     ] Safepoint synchronization initiated. (170 threads)
[2023-11-25T16:06:22.443+0000][58.557s][info ][safepoint     ] Application time: 0.1063062 seconds
[2023-11-25T16:06:22.444+0000][58.558s][info ][safepoint     ] Entering safepoint region: CollectForMetadataAllocation
[2023-11-25T16:06:22.445+0000][58.559s][info ][safepoint     ] Leaving safepoint region
[2023-11-25T16:06:22.446+0000][58.560s][info ][safepoint     ] Total time for which application threads were stopped: 0.0017391 seconds, Stopping threads took: 0.0005971 seconds
[2023-11-25T16:06:22.647+0000][58.761s][debug][safepoint     ] Safepoint synchronization initiated. (170 threads)
[2023-11-25T16:06:22.648+0000][58.762s][info ][safepoint     ] Application time: 0.2015446 seconds
[2023-11-25T16:06:22.649+0000][58.762s][info ][safepoint     ] Entering safepoint region: CollectForMetadataAllocation
[2023-11-25T16:06:22.649+0000][58.763s][info ][safepoint     ] Leaving safepoint region
[2023-11-25T16:06:22.650+0000][58.764s][info ][safepoint     ] Total time for which application threads were stopped: 0.0016472 seconds, Stopping threads took: 0.0005530 seconds
[2023-11-25T16:06:22.786+0000][58.899s][info ][gc,marking    ] GC(65) Concurrent Mark From Roots 399.439ms
[2023-11-25T16:06:22.787+0000][58.900s][info ][gc,marking    ] GC(65) Concurrent Preclean
[2023-11-25T16:06:22.791+0000][58.905s][info ][gc,marking    ] GC(65) Concurrent Preclean 4.287ms
[2023-11-25T16:06:22.792+0000][58.905s][info ][gc,marking    ] GC(65) Concurrent Mark (58.499s, 58.905s) 406.278ms
[2023-11-25T16:06:22.792+0000][58.906s][debug][safepoint     ] Safepoint synchronization initiated. (170 threads)
[2023-11-25T16:06:22.795+0000][58.908s][info ][safepoint     ] Application time: 0.1437711 seconds
[2023-11-25T16:06:22.796+0000][58.909s][debug][safepoint     ] ... found polling page return exception at pc = 0x00007fe2d093f48f, stub =0x00007fe2c8840600
[2023-11-25T16:06:22.796+0000][58.910s][debug][safepoint     ] Waiting for 1 thread(s) to block
[2023-11-25T16:06:22.797+0000][58.910s][info ][safepoint     ] Entering safepoint region: CGC_Operation
[2023-11-25T16:06:22.798+0000][58.911s][info ][gc,start      ] GC(65) Pause Remark
[2023-11-25T16:06:22.868+0000][58.981s][info ][gc,stringtable] GC(65) Cleaned string and symbol table, strings: 81355 processed, 104 removed, symbols: 405058 processed, 273 removed
[2023-11-25T16:06:22.869+0000][58.983s][info ][gc            ] GC(65) Pause Remark 166M->166M(470M) 71.573ms
[2023-11-25T16:06:22.870+0000][58.983s][info ][gc,cpu        ] GC(65) User=0.46s Sys=0.00s Real=0.07s
[2023-11-25T16:06:22.872+0000][58.986s][info ][safepoint     ] Leaving safepoint region
[2023-11-25T16:06:22.873+0000][58.987s][info ][safepoint     ] Total time for which application threads were stopped: 0.0778620 seconds, Stopping threads took: 0.0020907 seconds
[2023-11-25T16:06:22.874+0000][58.988s][info ][gc,marking    ] GC(65) Concurrent Rebuild Remembered Sets
[2023-11-25T16:06:22.912+0000][59.026s][debug][safepoint     ] Safepoint synchronization initiated. (170 threads)
[2023-11-25T16:06:22.916+0000][59.030s][info ][safepoint     ] Application time: 0.0419642 seconds
[2023-11-25T16:06:22.918+0000][59.032s][info ][safepoint     ] Entering safepoint region: ICBufferFull
[2023-11-25T16:06:22.919+0000][59.033s][info ][safepoint     ] Leaving safepoint region
[2023-11-25T16:06:22.919+0000][59.033s][info ][safepoint     ] Total time for which application threads were stopped: 0.0014238 seconds, Stopping threads took: 0.0006191 seconds
[2023-11-25T16:06:23.117+0000][59.231s][info ][gc,marking    ] GC(65) Concurrent Rebuild Remembered Sets 242.759ms
[2023-11-25T16:06:23.118+0000][59.232s][debug][safepoint     ] Safepoint synchronization initiated. (170 threads)
[2023-11-25T16:06:23.119+0000][59.233s][info ][safepoint     ] Application time: 0.1994663 seconds
[2023-11-25T16:06:23.120+0000][59.233s][debug][safepoint     ] Waiting for 1 thread(s) to block
[2023-11-25T16:06:23.121+0000][59.235s][info ][safepoint     ] Entering safepoint region: CGC_Operation
[2023-11-25T16:06:23.122+0000][59.236s][info ][gc,start      ] GC(65) Pause Cleanup
[2023-11-25T16:06:23.125+0000][59.238s][info ][gc            ] GC(65) Pause Cleanup 170M->170M(470M) 2.487ms
[2023-11-25T16:06:23.126+0000][59.239s][info ][gc,cpu        ] GC(65) User=0.01s Sys=0.00s Real=0.01s
[2023-11-25T16:06:23.126+0000][59.240s][info ][safepoint     ] Leaving safepoint region
[2023-11-25T16:06:23.127+0000][59.241s][info ][safepoint     ] Total time for which application threads were stopped: 0.0076280 seconds, Stopping threads took: 0.0021052 seconds
[2023-11-25T16:06:23.130+0000][59.243s][info ][gc,marking    ] GC(65) Concurrent Cleanup for Next Mark
[2023-11-25T16:06:23.137+0000][59.251s][info ][gc,marking    ] GC(65) Concurrent Cleanup for Next Mark 7.200ms
[2023-11-25T16:06:23.138+0000][59.252s][info ][gc            ] GC(65) Concurrent Cycle 804.356ms
[2023-11-25T16:06:23.716+0000][59.829s][debug][safepoint     ] Safepoint synchronization initiated. (170 threads)
[2023-11-25T16:06:23.717+0000][59.831s][info ][safepoint     ] Application time: 0.5873785 seconds
[2023-11-25T16:06:23.718+0000][59.831s][info ][safepoint     ] Entering safepoint region: ICBufferFull
[2023-11-25T16:06:23.719+0000][59.833s][info ][safepoint     ] Leaving safepoint region
[2023-11-25T16:06:23.719+0000][59.833s][info ][safepoint     ] Total time for which application threads were stopped: 0.0017358 seconds, Stopping threads took: 0.0007126 seconds
[2023-11-25T16:06:23.872+0000][59.986s][debug][safepoint     ] Safepoint synchronization initiated. (170 threads)
[2023-11-25T16:06:23.873+0000][59.986s][info ][safepoint     ] Application time: 0.1526410 seconds
[2023-11-25T16:06:23.873+0000][59.987s][info ][safepoint     ] Entering safepoint region: Deoptimize
[2023-11-25T16:06:23.877+0000][59.991s][info ][safepoint     ] Leaving safepoint region
[2023-11-25T16:06:23.878+0000][59.992s][info ][safepoint     ] Total time for which application threads were stopped: 0.0049785 seconds, Stopping threads took: 0.0008763 seconds
[2023-11-25T16:06:24.651+0000][60.765s][debug][safepoint     ] Safepoint synchronization initiated. (170 threads)
[2023-11-25T16:06:24.652+0000][60.765s][info ][safepoint     ] Application time: 0.7726084 seconds
[2023-11-25T16:06:24.653+0000][60.766s][info ][safepoint     ] Entering safepoint region: ICBufferFull
[2023-11-25T16:06:24.654+0000][60.767s][info ][safepoint     ] Leaving safepoint region
[2023-11-25T16:06:24.654+0000][60.768s][info ][safepoint     ] Total time for which application threads were stopped: 0.0014681 seconds, Stopping threads took: 0.0006292 seconds
[2023-11-25T16:06:25.186+0000][61.300s][debug][safepoint     ] Safepoint synchronization initiated. (170 threads)
[2023-11-25T16:06:25.187+0000][61.301s][info ][safepoint     ] Application time: 0.5324163 seconds
[2023-11-25T16:06:25.188+0000][61.301s][info ][safepoint     ] Entering safepoint region: ICBufferFull
[2023-11-25T16:06:25.189+0000][61.302s][info ][safepoint     ] Leaving safepoint region
[2023-11-25T16:06:25.189+0000][61.303s][info ][safepoint     ] Total time for which application threads were stopped: 0.0015399 seconds, Stopping threads took: 0.0006459 seconds
[2023-11-25T16:06:25.450+0000][61.563s][debug][safepoint     ] Safepoint synchronization initiated. (170 threads)
[2023-11-25T16:06:25.452+0000][61.566s][info ][safepoint     ] Application time: 0.2623620 seconds
[2023-11-25T16:06:25.454+0000][61.568s][debug][safepoint     ] ... found polling page return exception at pc = 0x00007fe2d13a078c, stub =0x00007fe2c8840600
[2023-11-25T16:06:25.455+0000][61.569s][debug][safepoint     ] Waiting for 1 thread(s) to block
[2023-11-25T16:06:25.456+0000][61.569s][info ][safepoint     ] Entering safepoint region: ICBufferFull
[2023-11-25T16:06:25.457+0000][61.570s][info ][safepoint     ] Leaving safepoint region
[2023-11-25T16:06:25.457+0000][61.571s][info ][safepoint     ] Total time for which application threads were stopped: 0.0047001 seconds, Stopping threads took: 0.0034499 seconds
[2023-11-25T16:06:25.519+0000][61.633s][debug][safepoint     ] Safepoint synchronization initiated. (170 threads)
[2023-11-25T16:06:25.521+0000][61.634s][info ][safepoint     ] Application time: 0.0620556 seconds
[2023-11-25T16:06:25.522+0000][61.635s][info ][safepoint     ] Entering safepoint region: Deoptimize
[2023-11-25T16:06:25.525+0000][61.638s][info ][safepoint     ] Leaving safepoint region
[2023-11-25T16:06:25.525+0000][61.639s][info ][safepoint     ] Total time for which application threads were stopped: 0.0036528 seconds, Stopping threads took: 0.0006160 seconds
[2023-11-25T16:06:25.595+0000][61.709s][debug][safepoint     ] Safepoint synchronization initiated. (170 threads)
[2023-11-25T16:06:25.596+0000][61.709s][info ][safepoint     ] Application time: 0.0700998 seconds
[2023-11-25T16:06:25.596+0000][61.710s][info ][safepoint     ] Entering safepoint region: Deoptimize
[2023-11-25T16:06:25.600+0000][61.713s][info ][safepoint     ] Leaving safepoint region
[2023-11-25T16:06:25.600+0000][61.714s][info ][safepoint     ] Total time for which application threads were stopped: 0.0038976 seconds, Stopping threads took: 0.0005340 seconds
[2023-11-25T16:06:26.133+0000][62.247s][debug][safepoint     ] Safepoint synchronization initiated. (171 threads)
[2023-11-25T16:06:26.135+0000][62.249s][info ][safepoint     ] Application time: 0.5340691 seconds
[2023-11-25T16:06:26.136+0000][62.250s][debug][safepoint     ] Waiting for 1 thread(s) to block
[2023-11-25T16:06:26.138+0000][62.251s][info ][safepoint     ] Entering safepoint region: ICBufferFull
[2023-11-25T16:06:26.140+0000][62.253s][info ][safepoint     ] Leaving safepoint region
[2023-11-25T16:06:26.140+0000][62.254s][info ][safepoint     ] Total time for which application threads were stopped: 0.0042621 seconds, Stopping threads took: 0.0030704 seconds
[2023-11-25T16:06:26.240+0000][62.354s][debug][safepoint     ] Safepoint synchronization initiated. (171 threads)
[2023-11-25T16:06:26.241+0000][62.354s][info ][safepoint     ] Application time: 0.1000612 seconds
[2023-11-25T16:06:26.241+0000][62.355s][debug][safepoint     ] Waiting for 1 thread(s) to block
[2023-11-25T16:06:26.242+0000][62.355s][info ][safepoint     ] Entering safepoint region: G1CollectForAllocation
[2023-11-25T16:06:26.243+0000][62.356s][info ][gc,start      ] GC(66) Pause Young (Concurrent Start) (G1 Evacuation Pause)
[2023-11-25T16:06:26.243+0000][62.357s][info ][gc,task       ] GC(66) Using 8 workers of 8 for evacuation
[2023-11-25T16:06:26.291+0000][62.405s][info ][gc,phases     ] GC(66)   Pre Evacuate Collection Set: 0.8ms
[2023-11-25T16:06:26.292+0000][62.406s][info ][gc,phases     ] GC(66)   Evacuate Collection Set: 41.8ms
[2023-11-25T16:06:26.292+0000][62.406s][info ][gc,phases     ] GC(66)   Post Evacuate Collection Set: 5.2ms
[2023-11-25T16:06:26.293+0000][62.407s][info ][gc,phases     ] GC(66)   Other: 1.2ms
[2023-11-25T16:06:26.293+0000][62.407s][info ][gc,heap       ] GC(66) Eden regions: 220->0(221)
[2023-11-25T16:06:26.294+0000][62.407s][info ][gc,heap       ] GC(66) Survivor regions: 17->25(30)
[2023-11-25T16:06:26.294+0000][62.408s][info ][gc,heap       ] GC(66) Old regions: 141->141
[2023-11-25T16:06:26.295+0000][62.408s][info ][gc,heap       ] GC(66) Humongous regions: 0->0
[2023-11-25T16:06:26.295+0000][62.409s][info ][gc,metaspace  ] GC(66) Metaspace: 173402K(185896K)->173402K(185896K) NonClass: 153213K(163028K)->153213K(163028K) Class: 20188K(22868K)->20188K(22868K)
[2023-11-25T16:06:26.295+0000][62.409s][info ][gc            ] GC(66) Pause Young (Concurrent Start) (G1 Evacuation Pause) 375M->163M(470M) 52.843ms
[2023-11-25T16:06:26.296+0000][62.410s][info ][gc,cpu        ] GC(66) User=0.33s Sys=0.00s Real=0.06s
[2023-11-25T16:06:26.296+0000][62.410s][info ][gc            ] GC(67) Concurrent Cycle
[2023-11-25T16:06:26.296+0000][62.410s][info ][safepoint     ] Leaving safepoint region
[2023-11-25T16:06:26.297+0000][62.411s][info ][safepoint     ] Total time for which application threads were stopped: 0.0560108 seconds, Stopping threads took: 0.0010219 seconds
[2023-11-25T16:06:26.297+0000][62.410s][info ][gc,marking    ] GC(67) Concurrent Clear Claimed Marks
[2023-11-25T16:06:26.298+0000][62.411s][info ][gc,stringdedup] Concurrent String Deduplication (62.411s)
[2023-11-25T16:06:26.301+0000][62.414s][info ][gc,marking    ] GC(67) Concurrent Clear Claimed Marks 3.905ms
[2023-11-25T16:06:26.303+0000][62.417s][info ][gc,marking    ] GC(67) Concurrent Scan Root Regions
[2023-11-25T16:06:26.307+0000][62.421s][info ][gc,stringdedup] Concurrent String Deduplication 288.6K->150.6K(138.0K) avg 53.8% (62.411s, 62.421s) 9.183ms
[2023-11-25T16:06:26.324+0000][62.438s][info ][gc,marking    ] GC(67) Concurrent Scan Root Regions 20.919ms
[2023-11-25T16:06:26.325+0000][62.438s][info ][gc,marking    ] GC(67) Concurrent Mark (62.438s)
[2023-11-25T16:06:26.325+0000][62.439s][info ][gc,marking    ] GC(67) Concurrent Mark From Roots
[2023-11-25T16:06:26.326+0000][62.440s][info ][gc,task       ] GC(67) Using 2 workers of 2 for marking
[2023-11-25T16:06:26.638+0000][62.752s][info ][gc,marking    ] GC(67) Concurrent Mark From Roots 312.522ms
[2023-11-25T16:06:26.640+0000][62.753s][info ][gc,marking    ] GC(67) Concurrent Preclean
[2023-11-25T16:06:26.640+0000][62.754s][info ][gc,marking    ] GC(67) Concurrent Preclean 0.634ms
[2023-11-25T16:06:26.643+0000][62.757s][info ][gc,marking    ] GC(67) Concurrent Mark (62.438s, 62.757s) 318.357ms
[2023-11-25T16:06:26.644+0000][62.757s][debug][safepoint     ] Safepoint synchronization initiated. (172 threads)
[2023-11-25T16:06:26.644+0000][62.758s][info ][safepoint     ] Application time: 0.3465391 seconds
[2023-11-25T16:06:26.645+0000][62.758s][debug][safepoint     ] Waiting for 2 thread(s) to block
[2023-11-25T16:06:26.646+0000][62.760s][info ][safepoint     ] Entering safepoint region: CGC_Operation
[2023-11-25T16:06:26.647+0000][62.761s][info ][gc,start      ] GC(67) Pause Remark
[2023-11-25T16:06:26.683+0000][62.797s][info ][gc,stringtable] GC(67) Cleaned string and symbol table, strings: 84129 processed, 5 removed, symbols: 413895 processed, 14 removed
[2023-11-25T16:06:26.685+0000][62.798s][info ][gc            ] GC(67) Pause Remark 192M->192M(470M) 37.689ms
[2023-11-25T16:06:26.685+0000][62.799s][info ][gc,cpu        ] GC(67) User=0.23s Sys=0.01s Real=0.04s
[2023-11-25T16:06:26.686+0000][62.800s][info ][safepoint     ] Leaving safepoint region
[2023-11-25T16:06:26.686+0000][62.800s][info ][safepoint     ] Total time for which application threads were stopped: 0.0417004 seconds, Stopping threads took: 0.0020023 seconds
[2023-11-25T16:06:26.687+0000][62.801s][info ][gc,marking    ] GC(67) Concurrent Rebuild Remembered Sets
[2023-11-25T16:06:26.729+0000][62.843s][debug][safepoint     ] Safepoint synchronization initiated. (172 threads)
[2023-11-25T16:06:26.730+0000][62.843s][info ][safepoint     ] Application time: 0.0426860 seconds
[2023-11-25T16:06:26.730+0000][62.844s][info ][safepoint     ] Entering safepoint region: Deoptimize
[2023-11-25T16:06:26.735+0000][62.848s][info ][safepoint     ] Leaving safepoint region
[2023-11-25T16:06:26.736+0000][62.849s][info ][safepoint     ] Total time for which application threads were stopped: 0.0055932 seconds, Stopping threads took: 0.0011434 seconds
[2023-11-25T16:06:26.807+0000][62.921s][debug][safepoint     ] Safepoint synchronization initiated. (173 threads)
[2023-11-25T16:06:26.808+0000][62.922s][info ][safepoint     ] Application time: 0.0714577 seconds
[2023-11-25T16:06:26.809+0000][62.922s][info ][safepoint     ] Entering safepoint region: Deoptimize
[2023-11-25T16:06:26.812+0000][62.925s][info ][safepoint     ] Leaving safepoint region
[2023-11-25T16:06:26.812+0000][62.926s][info ][safepoint     ] Total time for which application threads were stopped: 0.0036338 seconds, Stopping threads took: 0.0005658 seconds
[2023-11-25T16:06:26.815+0000][62.928s][debug][safepoint     ] Safepoint synchronization initiated. (173 threads)
[2023-11-25T16:06:26.815+0000][62.929s][info ][safepoint     ] Application time: 0.0023058 seconds
[2023-11-25T16:06:26.816+0000][62.929s][info ][safepoint     ] Entering safepoint region: Deoptimize
[2023-11-25T16:06:26.819+0000][62.933s][info ][safepoint     ] Leaving safepoint region
[2023-11-25T16:06:26.820+0000][62.933s][info ][safepoint     ] Total time for which application threads were stopped: 0.0040351 seconds, Stopping threads took: 0.0005994 seconds
[2023-11-25T16:06:26.826+0000][62.939s][debug][safepoint     ] Safepoint synchronization initiated. (173 threads)
[2023-11-25T16:06:26.826+0000][62.940s][info ][safepoint     ] Application time: 0.0061908 seconds
[2023-11-25T16:06:26.827+0000][62.941s][info ][safepoint     ] Entering safepoint region: Deoptimize
[2023-11-25T16:06:26.830+0000][62.944s][info ][safepoint     ] Leaving safepoint region
[2023-11-25T16:06:26.830+0000][62.944s][info ][safepoint     ] Total time for which application threads were stopped: 0.0035779 seconds, Stopping threads took: 0.0004808 seconds
[2023-11-25T16:06:26.925+0000][63.039s][info ][gc,marking    ] GC(67) Concurrent Rebuild Remembered Sets 237.923ms
[2023-11-25T16:06:26.927+0000][63.040s][debug][safepoint     ] Safepoint synchronization initiated. (173 threads)
[2023-11-25T16:06:26.929+0000][63.042s][info ][safepoint     ] Application time: 0.0975081 seconds
[2023-11-25T16:06:26.929+0000][63.043s][info ][safepoint     ] Entering safepoint region: CGC_Operation
[2023-11-25T16:06:26.931+0000][63.045s][info ][gc,start      ] GC(67) Pause Cleanup
[2023-11-25T16:06:26.933+0000][63.047s][info ][gc            ] GC(67) Pause Cleanup 212M->212M(470M) 2.059ms
[2023-11-25T16:06:26.934+0000][63.048s][info ][gc,cpu        ] GC(67) User=0.01s Sys=0.00s Real=0.00s
[2023-11-25T16:06:26.936+0000][63.050s][debug][safepoint     ] ... found polling page return exception at pc = 0x00007fe2d0d604c4, stub =0x00007fe2c8840600
[2023-11-25T16:06:26.937+0000][63.051s][info ][safepoint     ] Leaving safepoint region
[2023-11-25T16:06:26.937+0000][63.051s][info ][safepoint     ] Total time for which application threads were stopped: 0.0083113 seconds, Stopping threads took: 0.0005342 seconds
[2023-11-25T16:06:26.938+0000][63.052s][info ][gc,marking    ] GC(67) Concurrent Cleanup for Next Mark
[2023-11-25T16:06:26.946+0000][63.060s][info ][gc,marking    ] GC(67) Concurrent Cleanup for Next Mark 8.147ms
[2023-11-25T16:06:26.947+0000][63.061s][info ][gc            ] GC(67) Concurrent Cycle 650.911ms
[2023-11-25T16:06:27.038+0000][63.152s][debug][safepoint     ] Safepoint synchronization initiated. (173 threads)
[2023-11-25T16:06:27.039+0000][63.153s][info ][safepoint     ] Application time: 0.1007893 seconds
[2023-11-25T16:06:27.039+0000][63.153s][info ][safepoint     ] Entering safepoint region: Deoptimize
[2023-11-25T16:06:27.043+0000][63.156s][info ][safepoint     ] Leaving safepoint region
[2023-11-25T16:06:27.043+0000][63.157s][info ][safepoint     ] Total time for which application threads were stopped: 0.0037625 seconds, Stopping threads took: 0.0005502 seconds
[2023-11-25T16:06:27.059+0000][63.173s][debug][safepoint     ] Safepoint synchronization initiated. (173 threads)
[2023-11-25T16:06:27.060+0000][63.173s][info ][safepoint     ] Application time: 0.0160406 seconds
[2023-11-25T16:06:27.060+0000][63.174s][debug][safepoint     ] Waiting for 1 thread(s) to block
[2023-11-25T16:06:27.061+0000][63.175s][info ][safepoint     ] Entering safepoint region: Deoptimize
[2023-11-25T16:06:27.064+0000][63.178s][info ][safepoint     ] Leaving safepoint region
[2023-11-25T16:06:27.066+0000][63.180s][info ][safepoint     ] Total time for which application threads were stopped: 0.0061063 seconds, Stopping threads took: 0.0010851 seconds
[2023-11-25T16:06:28.067+0000][64.181s][debug][safepoint     ] Safepoint synchronization initiated. (176 threads)
[2023-11-25T16:06:28.068+0000][64.181s][info ][safepoint     ] Application time: 1.0009449 seconds
[2023-11-25T16:06:28.068+0000][64.182s][info ][safepoint     ] Entering safepoint region: Cleanup
[2023-11-25T16:06:28.069+0000][64.183s][info ][safepoint     ] Leaving safepoint region
[2023-11-25T16:06:28.070+0000][64.184s][info ][safepoint     ] Total time for which application threads were stopped: 0.0015692 seconds, Stopping threads took: 0.0005704 seconds
[2023-11-25T16:06:30.071+0000][66.184s][debug][safepoint     ] Safepoint synchronization initiated. (174 threads)
[2023-11-25T16:06:30.071+0000][66.185s][info ][safepoint     ] Application time: 2.0009042 seconds
[2023-11-25T16:06:30.072+0000][66.185s][info ][safepoint     ] Entering safepoint region: Cleanup
[2023-11-25T16:06:30.072+0000][66.186s][info ][safepoint     ] Leaving safepoint region
[2023-11-25T16:06:30.073+0000][66.187s][info ][safepoint     ] Total time for which application threads were stopped: 0.0011627 seconds, Stopping threads took: 0.0004491 seconds
[2023-11-25T16:06:32.073+0000][68.187s][debug][safepoint     ] Safepoint synchronization initiated. (174 threads)
[2023-11-25T16:06:32.074+0000][68.188s][info ][safepoint     ] Application time: 2.0007336 seconds
[2023-11-25T16:06:32.074+0000][68.188s][info ][safepoint     ] Entering safepoint region: Cleanup
[2023-11-25T16:06:32.075+0000][68.189s][info ][safepoint     ] Leaving safepoint region
[2023-11-25T16:06:32.076+0000][68.189s][info ][safepoint     ] Total time for which application threads were stopped: 0.0013306 seconds, Stopping threads took: 0.0006216 seconds
[2023-11-25T16:06:35.076+0000][71.190s][debug][safepoint     ] Safepoint synchronization initiated. (174 threads)
[2023-11-25T16:06:35.077+0000][71.191s][info ][safepoint     ] Application time: 3.0009047 seconds
[2023-11-25T16:06:35.078+0000][71.191s][info ][safepoint     ] Entering safepoint region: Cleanup
[2023-11-25T16:06:35.078+0000][71.192s][info ][safepoint     ] Leaving safepoint region
[2023-11-25T16:06:35.079+0000][71.192s][info ][safepoint     ] Total time for which application threads were stopped: 0.0011431 seconds, Stopping threads took: 0.0005608 seconds
[2023-11-25T16:06:36.079+0000][72.193s][debug][safepoint     ] Safepoint synchronization initiated. (174 threads)
[2023-11-25T16:06:36.080+0000][72.193s][info ][safepoint     ] Application time: 1.0006201 seconds
[2023-11-25T16:06:36.080+0000][72.194s][info ][safepoint     ] Entering safepoint region: Cleanup
[2023-11-25T16:06:36.081+0000][72.195s][info ][safepoint     ] Leaving safepoint region
[2023-11-25T16:06:36.081+0000][72.195s][info ][safepoint     ] Total time for which application threads were stopped: 0.0011225 seconds, Stopping threads took: 0.0005206 seconds
[2023-11-25T16:06:39.082+0000][75.196s][debug][safepoint     ] Safepoint synchronization initiated. (174 threads)
[2023-11-25T16:06:39.083+0000][75.197s][info ][safepoint     ] Application time: 3.0011182 seconds
[2023-11-25T16:06:39.084+0000][75.197s][info ][safepoint     ] Entering safepoint region: Cleanup
[2023-11-25T16:06:39.084+0000][75.198s][info ][safepoint     ] Leaving safepoint region
[2023-11-25T16:06:39.085+0000][75.198s][info ][safepoint     ] Total time for which application threads were stopped: 0.0010154 seconds, Stopping threads took: 0.0004295 seconds
[2023-11-25T16:06:41.085+0000][77.199s][debug][safepoint     ] Safepoint synchronization initiated. (174 threads)
[2023-11-25T16:06:41.086+0000][77.199s][info ][safepoint     ] Application time: 2.0006835 seconds
[2023-11-25T16:06:41.086+0000][77.200s][info ][safepoint     ] Entering safepoint region: Cleanup
[2023-11-25T16:06:41.087+0000][77.200s][info ][safepoint     ] Leaving safepoint region
[2023-11-25T16:06:41.087+0000][77.201s][info ][safepoint     ] Total time for which application threads were stopped: 0.0009412 seconds, Stopping threads took: 0.0004517 seconds
[2023-11-25T16:06:44.088+0000][80.201s][debug][safepoint     ] Safepoint synchronization initiated. (174 threads)
[2023-11-25T16:06:44.088+0000][80.202s][info ][safepoint     ] Application time: 3.0011366 seconds
[2023-11-25T16:06:44.089+0000][80.203s][info ][safepoint     ] Entering safepoint region: Cleanup
[2023-11-25T16:06:44.089+0000][80.203s][info ][safepoint     ] Leaving safepoint region
[2023-11-25T16:06:44.090+0000][80.204s][info ][safepoint     ] Total time for which application threads were stopped: 0.0010454 seconds, Stopping threads took: 0.0003947 seconds
[2023-11-25T16:06:53.093+0000][89.205s][debug][safepoint     ] Safepoint synchronization initiated. (174 threads)
[2023-11-25T16:06:53.094+0000][89.206s][info ][safepoint     ] Application time: 9.0021992 seconds
[2023-11-25T16:06:53.094+0000][89.207s][info ][safepoint     ] Entering safepoint region: Cleanup
[2023-11-25T16:06:53.095+0000][89.207s][info ][safepoint     ] Leaving safepoint region
[2023-11-25T16:06:53.095+0000][89.208s][info ][safepoint     ] Total time for which application threads were stopped: 0.0013384 seconds, Stopping threads took: 0.0006137 seconds
[2023-11-25T16:06:56.097+0000][92.209s][debug][safepoint     ] Safepoint synchronization initiated. (174 threads)
[2023-11-25T16:06:56.097+0000][92.210s][info ][safepoint     ] Application time: 3.0011961 seconds
[2023-11-25T16:06:56.098+0000][92.210s][info ][safepoint     ] Entering safepoint region: Cleanup
[2023-11-25T16:06:56.098+0000][92.211s][info ][safepoint     ] Leaving safepoint region
[2023-11-25T16:06:56.098+0000][92.211s][info ][safepoint     ] Total time for which application threads were stopped: 0.0009541 seconds, Stopping threads took: 0.0003662 seconds
[2023-11-25T16:07:09.101+0000][105.214s][debug][safepoint     ] Safepoint synchronization initiated. (174 threads)
[2023-11-25T16:07:09.102+0000][105.214s][info ][safepoint     ] Application time: 13.0029452 seconds
[2023-11-25T16:07:09.102+0000][105.215s][info ][safepoint     ] Entering safepoint region: Cleanup
[2023-11-25T16:07:09.103+0000][105.215s][info ][safepoint     ] Leaving safepoint region
[2023-11-25T16:07:09.103+0000][105.216s][info ][safepoint     ] Total time for which application threads were stopped: 0.0010893 seconds, Stopping threads took: 0.0005262 seconds
[2023-11-25T16:07:15.105+0000][111.217s][debug][safepoint     ] Safepoint synchronization initiated. (174 threads)
[2023-11-25T16:07:15.105+0000][111.218s][info ][safepoint     ] Application time: 6.0018209 seconds
[2023-11-25T16:07:15.106+0000][111.218s][info ][safepoint     ] Entering safepoint region: Cleanup
[2023-11-25T16:07:15.107+0000][111.219s][info ][safepoint     ] Leaving safepoint region
[2023-11-25T16:07:15.107+0000][111.220s][info ][safepoint     ] Total time for which application threads were stopped: 0.0012604 seconds, Stopping threads took: 0.0005535 seconds
[2023-11-25T16:07:16.108+0000][112.220s][debug][safepoint     ] Safepoint synchronization initiated. (174 threads)
[2023-11-25T16:07:16.108+0000][112.221s][info ][safepoint     ] Application time: 1.0007992 seconds
[2023-11-25T16:07:16.109+0000][112.222s][info ][safepoint     ] Entering safepoint region: Cleanup
[2023-11-25T16:07:16.110+0000][112.222s][info ][safepoint     ] Leaving safepoint region
[2023-11-25T16:07:16.110+0000][112.223s][info ][safepoint     ] Total time for which application threads were stopped: 0.0013595 seconds, Stopping threads took: 0.0006295 seconds
[2023-11-25T16:07:17.112+0000][113.224s][debug][safepoint     ] Safepoint synchronization initiated. (174 threads)
[2023-11-25T16:07:17.112+0000][113.224s][info ][safepoint     ] Application time: 1.0005928 seconds
[2023-11-25T16:07:17.112+0000][113.224s][info ][safepoint     ] Entering safepoint region: Cleanup
[2023-11-25T16:07:17.113+0000][113.225s][info ][safepoint     ] Leaving safepoint region
[2023-11-25T16:07:17.113+0000][113.225s][info ][safepoint     ] Total time for which application threads were stopped: 0.0009070 seconds, Stopping threads took: 0.0003808 seconds
[2023-11-25T16:07:20.114+0000][116.226s][debug][safepoint     ] Safepoint synchronization initiated. (174 threads)
[2023-11-25T16:07:20.115+0000][116.227s][info ][safepoint     ] Application time: 3.0011347 seconds
[2023-11-25T16:07:20.117+0000][116.229s][info ][safepoint     ] Entering safepoint region: Cleanup
[2023-11-25T16:07:20.126+0000][116.238s][info ][safepoint     ] Leaving safepoint region
[2023-11-25T16:07:20.127+0000][116.239s][info ][safepoint     ] Total time for which application threads were stopped: 0.0105954 seconds, Stopping threads took: 0.0017003 seconds
[2023-11-25T16:07:21.128+0000][117.240s][debug][safepoint     ] Safepoint synchronization initiated. (174 threads)
[2023-11-25T16:07:21.129+0000][117.241s][info ][safepoint     ] Application time: 1.0015677 seconds
[2023-11-25T16:07:21.130+0000][117.242s][info ][safepoint     ] Entering safepoint region: Cleanup
[2023-11-25T16:07:21.130+0000][117.243s][info ][safepoint     ] Leaving safepoint region
[2023-11-25T16:07:21.131+0000][117.243s][info ][safepoint     ] Total time for which application threads were stopped: 0.0011217 seconds, Stopping threads took: 0.0005261 seconds
[2023-11-25T16:07:22.131+0000][118.243s][debug][safepoint     ] Safepoint synchronization initiated. (174 threads)
[2023-11-25T16:07:22.132+0000][118.244s][info ][safepoint     ] Application time: 1.0008495 seconds
[2023-11-25T16:07:22.133+0000][118.245s][info ][safepoint     ] Entering safepoint region: Cleanup
[2023-11-25T16:07:22.133+0000][118.245s][info ][safepoint     ] Leaving safepoint region
[2023-11-25T16:07:22.134+0000][118.246s][info ][safepoint     ] Total time for which application threads were stopped: 0.0011975 seconds, Stopping threads took: 0.0005163 seconds
[2023-11-25T16:07:23.134+0000][119.246s][debug][safepoint     ] Safepoint synchronization initiated. (174 threads)
[2023-11-25T16:07:23.135+0000][119.247s][info ][safepoint     ] Application time: 1.0007928 seconds
[2023-11-25T16:07:23.135+0000][119.247s][info ][safepoint     ] Entering safepoint region: Cleanup
[2023-11-25T16:07:23.136+0000][119.248s][info ][safepoint     ] Leaving safepoint region
[2023-11-25T16:07:23.136+0000][119.248s][info ][safepoint     ] Total time for which application threads were stopped: 0.0011248 seconds, Stopping threads took: 0.0006048 seconds
[2023-11-25T16:07:24.137+0000][120.249s][debug][safepoint     ] Safepoint synchronization initiated. (174 threads)
[2023-11-25T16:07:24.138+0000][120.250s][info ][safepoint     ] Application time: 1.0006053 seconds
[2023-11-25T16:07:24.138+0000][120.250s][info ][safepoint     ] Entering safepoint region: Cleanup
[2023-11-25T16:07:24.139+0000][120.251s][info ][safepoint     ] Leaving safepoint region
[2023-11-25T16:07:24.139+0000][120.251s][info ][safepoint     ] Total time for which application threads were stopped: 0.0009530 seconds, Stopping threads took: 0.0003975 seconds
[2023-11-25T16:07:25.139+0000][121.251s][debug][safepoint     ] Safepoint synchronization initiated. (174 threads)
[2023-11-25T16:07:25.140+0000][121.252s][info ][safepoint     ] Application time: 1.0005959 seconds
[2023-11-25T16:07:25.140+0000][121.252s][info ][safepoint     ] Entering safepoint region: Cleanup
[2023-11-25T16:07:25.141+0000][121.253s][info ][safepoint     ] Leaving safepoint region
[2023-11-25T16:07:25.141+0000][121.253s][info ][safepoint     ] Total time for which application threads were stopped: 0.0010619 seconds, Stopping threads took: 0.0004982 seconds
[2023-11-25T16:07:26.142+0000][122.254s][debug][safepoint     ] Safepoint synchronization initiated. (173 threads)
[2023-11-25T16:07:26.142+0000][122.254s][info ][safepoint     ] Application time: 1.0005410 seconds
[2023-11-25T16:07:26.143+0000][122.255s][info ][safepoint     ] Entering safepoint region: Cleanup
[2023-11-25T16:07:26.143+0000][122.255s][info ][safepoint     ] Leaving safepoint region
[2023-11-25T16:07:26.144+0000][122.256s][info ][safepoint     ] Total time for which application threads were stopped: 0.0009313 seconds, Stopping threads took: 0.0003756 seconds
[2023-11-25T16:07:27.144+0000][123.256s][debug][safepoint     ] Safepoint synchronization initiated. (173 threads)
[2023-11-25T16:07:27.145+0000][123.257s][info ][safepoint     ] Application time: 1.0007242 seconds
[2023-11-25T16:07:27.145+0000][123.257s][info ][safepoint     ] Entering safepoint region: Cleanup
[2023-11-25T16:07:27.146+0000][123.258s][info ][safepoint     ] Leaving safepoint region
[2023-11-25T16:07:27.147+0000][123.259s][info ][safepoint     ] Total time for which application threads were stopped: 0.0015473 seconds, Stopping threads took: 0.0009680 seconds
[2023-11-25T16:07:28.147+0000][124.259s][debug][safepoint     ] Safepoint synchronization initiated. (171 threads)
[2023-11-25T16:07:28.148+0000][124.260s][info ][safepoint     ] Application time: 1.0008948 seconds
[2023-11-25T16:07:28.148+0000][124.260s][info ][safepoint     ] Entering safepoint region: Cleanup
[2023-11-25T16:07:28.149+0000][124.261s][info ][safepoint     ] Leaving safepoint region
[2023-11-25T16:07:28.149+0000][124.261s][info ][safepoint     ] Total time for which application threads were stopped: 0.0011862 seconds, Stopping threads took: 0.0005336 seconds
[2023-11-25T16:07:29.150+0000][125.262s][debug][safepoint     ] Safepoint synchronization initiated. (171 threads)
[2023-11-25T16:07:29.151+0000][125.263s][info ][safepoint     ] Application time: 1.0006639 seconds
[2023-11-25T16:07:29.151+0000][125.263s][info ][safepoint     ] Entering safepoint region: Cleanup
[2023-11-25T16:07:29.152+0000][125.264s][info ][safepoint     ] Leaving safepoint region
[2023-11-25T16:07:29.152+0000][125.264s][info ][safepoint     ] Total time for which application threads were stopped: 0.0010083 seconds, Stopping threads took: 0.0004040 seconds
[2023-11-25T16:07:30.153+0000][126.265s][debug][safepoint     ] Safepoint synchronization initiated. (171 threads)
[2023-11-25T16:07:30.153+0000][126.265s][info ][safepoint     ] Application time: 1.0008263 seconds
[2023-11-25T16:07:30.154+0000][126.266s][info ][safepoint     ] Entering safepoint region: Cleanup
[2023-11-25T16:07:30.154+0000][126.266s][info ][safepoint     ] Leaving safepoint region
[2023-11-25T16:07:30.155+0000][126.267s][info ][safepoint     ] Total time for which application threads were stopped: 0.0015773 seconds, Stopping threads took: 0.0003853 seconds
[2023-11-25T16:07:31.156+0000][127.268s][debug][safepoint     ] Safepoint synchronization initiated. (171 threads)
[2023-11-25T16:07:31.157+0000][127.269s][info ][safepoint     ] Application time: 1.0012171 seconds
[2023-11-25T16:07:31.157+0000][127.269s][info ][safepoint     ] Entering safepoint region: Cleanup
[2023-11-25T16:07:31.158+0000][127.270s][info ][safepoint     ] Leaving safepoint region
[2023-11-25T16:07:31.158+0000][127.270s][info ][safepoint     ] Total time for which application threads were stopped: 0.0011106 seconds, Stopping threads took: 0.0004167 seconds
[2023-11-25T16:07:32.159+0000][128.271s][debug][safepoint     ] Safepoint synchronization initiated. (171 threads)
[2023-11-25T16:07:32.159+0000][128.271s][info ][safepoint     ] Application time: 1.0004783 seconds
[2023-11-25T16:07:32.160+0000][128.272s][info ][safepoint     ] Entering safepoint region: Cleanup
[2023-11-25T16:07:32.160+0000][128.272s][info ][safepoint     ] Leaving safepoint region
[2023-11-25T16:07:32.160+0000][128.272s][info ][safepoint     ] Total time for which application threads were stopped: 0.0007848 seconds, Stopping threads took: 0.0003227 seconds
[2023-11-25T16:07:33.161+0000][129.273s][debug][safepoint     ] Safepoint synchronization initiated. (171 threads)
[2023-11-25T16:07:33.161+0000][129.273s][info ][safepoint     ] Application time: 1.0005224 seconds
[2023-11-25T16:07:33.162+0000][129.274s][info ][safepoint     ] Entering safepoint region: Cleanup
[2023-11-25T16:07:33.162+0000][129.274s][info ][safepoint     ] Leaving safepoint region
[2023-11-25T16:07:33.162+0000][129.274s][info ][safepoint     ] Total time for which application threads were stopped: 0.0008668 seconds, Stopping threads took: 0.0003607 seconds
[2023-11-25T16:07:34.163+0000][130.275s][debug][safepoint     ] Safepoint synchronization initiated. (171 threads)
[2023-11-25T16:07:34.164+0000][130.276s][info ][safepoint     ] Application time: 1.0010224 seconds
[2023-11-25T16:07:34.164+0000][130.276s][info ][safepoint     ] Entering safepoint region: Cleanup
[2023-11-25T16:07:34.165+0000][130.277s][info ][safepoint     ] Leaving safepoint region
[2023-11-25T16:07:34.165+0000][130.277s][info ][safepoint     ] Total time for which application threads were stopped: 0.0011747 seconds, Stopping threads took: 0.0004411 seconds
[2023-11-25T16:07:35.166+0000][131.278s][debug][safepoint     ] Safepoint synchronization initiated. (171 threads)
[2023-11-25T16:07:35.167+0000][131.279s][info ][safepoint     ] Application time: 1.0007258 seconds
[2023-11-25T16:07:35.167+0000][131.279s][info ][safepoint     ] Entering safepoint region: Cleanup
[2023-11-25T16:07:35.168+0000][131.280s][info ][safepoint     ] Leaving safepoint region
[2023-11-25T16:07:35.168+0000][131.280s][info ][safepoint     ] Total time for which application threads were stopped: 0.0010765 seconds, Stopping threads took: 0.0004667 seconds
[2023-11-25T16:07:36.169+0000][132.281s][debug][safepoint     ] Safepoint synchronization initiated. (171 threads)
[2023-11-25T16:07:36.169+0000][132.281s][info ][safepoint     ] Application time: 1.0005026 seconds
[2023-11-25T16:07:36.170+0000][132.282s][info ][safepoint     ] Entering safepoint region: Cleanup
[2023-11-25T16:07:36.170+0000][132.282s][info ][safepoint     ] Leaving safepoint region
[2023-11-25T16:07:36.171+0000][132.283s][info ][safepoint     ] Total time for which application threads were stopped: 0.0010864 seconds, Stopping threads took: 0.0004409 seconds
[2023-11-25T16:07:37.172+0000][133.284s][debug][safepoint     ] Safepoint synchronization initiated. (171 threads)
[2023-11-25T16:07:37.173+0000][133.285s][info ][safepoint     ] Application time: 1.0014803 seconds
[2023-11-25T16:07:37.173+0000][133.285s][info ][safepoint     ] Entering safepoint region: Cleanup
[2023-11-25T16:07:37.174+0000][133.286s][info ][safepoint     ] Leaving safepoint region
[2023-11-25T16:07:37.174+0000][133.286s][info ][safepoint     ] Total time for which application threads were stopped: 0.0009836 seconds, Stopping threads took: 0.0004524 seconds
[2023-11-25T16:07:38.174+0000][134.286s][debug][safepoint     ] Safepoint synchronization initiated. (171 threads)
[2023-11-25T16:07:38.175+0000][134.287s][info ][safepoint     ] Application time: 1.0006472 seconds
[2023-11-25T16:07:38.175+0000][134.287s][info ][safepoint     ] Entering safepoint region: Cleanup
[2023-11-25T16:07:38.176+0000][134.288s][info ][safepoint     ] Leaving safepoint region
[2023-11-25T16:07:38.177+0000][134.289s][info ][safepoint     ] Total time for which application threads were stopped: 0.0011245 seconds, Stopping threads took: 0.0004454 seconds
[2023-11-25T16:07:39.177+0000][135.289s][debug][safepoint     ] Safepoint synchronization initiated. (171 threads)
[2023-11-25T16:07:39.178+0000][135.290s][info ][safepoint     ] Application time: 1.0005526 seconds
[2023-11-25T16:07:39.178+0000][135.290s][info ][safepoint     ] Entering safepoint region: Cleanup
[2023-11-25T16:07:39.179+0000][135.291s][info ][safepoint     ] Leaving safepoint region
[2023-11-25T16:07:39.179+0000][135.291s][info ][safepoint     ] Total time for which application threads were stopped: 0.0009309 seconds, Stopping threads took: 0.0003544 seconds
[2023-11-25T16:07:40.180+0000][136.292s][debug][safepoint     ] Safepoint synchronization initiated. (171 threads)
[2023-11-25T16:07:40.180+0000][136.292s][info ][safepoint     ] Application time: 1.0008570 seconds
[2023-11-25T16:07:40.181+0000][136.293s][info ][safepoint     ] Entering safepoint region: Cleanup
[2023-11-25T16:07:40.181+0000][136.293s][info ][safepoint     ] Leaving safepoint region
[2023-11-25T16:07:40.182+0000][136.294s][info ][safepoint     ] Total time for which application threads were stopped: 0.0012392 seconds, Stopping threads took: 0.0005506 seconds
[2023-11-25T16:07:41.183+0000][137.295s][debug][safepoint     ] Safepoint synchronization initiated. (171 threads)
[2023-11-25T16:07:41.183+0000][137.295s][info ][safepoint     ] Application time: 1.0007809 seconds
[2023-11-25T16:07:41.184+0000][137.296s][info ][safepoint     ] Entering safepoint region: Cleanup
[2023-11-25T16:07:41.185+0000][137.297s][info ][safepoint     ] Leaving safepoint region
[2023-11-25T16:07:41.185+0000][137.297s][info ][safepoint     ] Total time for which application threads were stopped: 0.0013200 seconds, Stopping threads took: 0.0006025 seconds
[2023-11-25T16:07:42.186+0000][138.298s][debug][safepoint     ] Safepoint synchronization initiated. (171 threads)
[2023-11-25T16:07:42.186+0000][138.298s][info ][safepoint     ] Application time: 1.0008297 seconds
[2023-11-25T16:07:42.187+0000][138.299s][info ][safepoint     ] Entering safepoint region: Cleanup
[2023-11-25T16:07:42.188+0000][138.300s][info ][safepoint     ] Leaving safepoint region
[2023-11-25T16:07:42.188+0000][138.300s][info ][safepoint     ] Total time for which application threads were stopped: 0.0013634 seconds, Stopping threads took: 0.0005575 seconds
[2023-11-25T16:07:43.189+0000][139.301s][debug][safepoint     ] Safepoint synchronization initiated. (171 threads)
[2023-11-25T16:07:43.190+0000][139.302s][info ][safepoint     ] Application time: 1.0007600 seconds
[2023-11-25T16:07:43.190+0000][139.302s][info ][safepoint     ] Entering safepoint region: Cleanup
[2023-11-25T16:07:43.191+0000][139.303s][info ][safepoint     ] Leaving safepoint region
[2023-11-25T16:07:43.191+0000][139.303s][info ][safepoint     ] Total time for which application threads were stopped: 0.0012266 seconds, Stopping threads took: 0.0005752 seconds
[2023-11-25T16:07:44.192+0000][140.304s][debug][safepoint     ] Safepoint synchronization initiated. (171 threads)
[2023-11-25T16:07:44.193+0000][140.305s][info ][safepoint     ] Application time: 1.0010147 seconds
[2023-11-25T16:07:44.194+0000][140.306s][info ][safepoint     ] Entering safepoint region: Cleanup
[2023-11-25T16:07:44.194+0000][140.306s][info ][safepoint     ] Leaving safepoint region
[2023-11-25T16:07:44.195+0000][140.307s][info ][safepoint     ] Total time for which application threads were stopped: 0.0013534 seconds, Stopping threads took: 0.0005929 seconds
[2023-11-25T16:07:45.196+0000][141.308s][debug][safepoint     ] Safepoint synchronization initiated. (171 threads)
[2023-11-25T16:07:45.196+0000][141.308s][info ][safepoint     ] Application time: 1.0010937 seconds
[2023-11-25T16:07:45.197+0000][141.309s][info ][safepoint     ] Entering safepoint region: Cleanup
[2023-11-25T16:07:45.198+0000][141.310s][info ][safepoint     ] Leaving safepoint region
[2023-11-25T16:07:45.198+0000][141.310s][info ][safepoint     ] Total time for which application threads were stopped: 0.0012002 seconds, Stopping threads took: 0.0005689 seconds
[2023-11-25T16:07:46.199+0000][142.311s][debug][safepoint     ] Safepoint synchronization initiated. (171 threads)
[2023-11-25T16:07:46.200+0000][142.312s][info ][safepoint     ] Application time: 1.0010309 seconds
[2023-11-25T16:07:46.200+0000][142.312s][info ][safepoint     ] Entering safepoint region: Cleanup
[2023-11-25T16:07:46.201+0000][142.313s][info ][safepoint     ] Leaving safepoint region
[2023-11-25T16:07:46.201+0000][142.313s][info ][safepoint     ] Total time for which application threads were stopped: 0.0013038 seconds, Stopping threads took: 0.0005468 seconds
[2023-11-25T16:07:47.202+0000][143.314s][debug][safepoint     ] Safepoint synchronization initiated. (171 threads)
[2023-11-25T16:07:47.203+0000][143.315s][info ][safepoint     ] Application time: 1.0008381 seconds
[2023-11-25T16:07:47.203+0000][143.315s][info ][safepoint     ] Entering safepoint region: Cleanup
[2023-11-25T16:07:47.204+0000][143.316s][info ][safepoint     ] Leaving safepoint region
[2023-11-25T16:07:47.204+0000][143.316s][info ][safepoint     ] Total time for which application threads were stopped: 0.0011357 seconds, Stopping threads took: 0.0004082 seconds
[2023-11-25T16:07:48.205+0000][144.317s][debug][safepoint     ] Safepoint synchronization initiated. (171 threads)
[2023-11-25T16:07:48.206+0000][144.318s][info ][safepoint     ] Application time: 1.0008035 seconds
[2023-11-25T16:07:48.206+0000][144.318s][info ][safepoint     ] Entering safepoint region: Cleanup
[2023-11-25T16:07:48.207+0000][144.319s][info ][safepoint     ] Leaving safepoint region
[2023-11-25T16:07:48.207+0000][144.319s][info ][safepoint     ] Total time for which application threads were stopped: 0.0012917 seconds, Stopping threads took: 0.0005923 seconds
[2023-11-25T16:07:49.208+0000][145.320s][debug][safepoint     ] Safepoint synchronization initiated. (171 threads)
[2023-11-25T16:07:49.209+0000][145.321s][info ][safepoint     ] Application time: 1.0009280 seconds
[2023-11-25T16:07:49.209+0000][145.321s][info ][safepoint     ] Entering safepoint region: Cleanup
[2023-11-25T16:07:49.210+0000][145.322s][info ][safepoint     ] Leaving safepoint region
[2023-11-25T16:07:49.211+0000][145.323s][info ][safepoint     ] Total time for which application threads were stopped: 0.0012971 seconds, Stopping threads took: 0.0006037 seconds
[2023-11-25T16:07:50.211+0000][146.323s][debug][safepoint     ] Safepoint synchronization initiated. (171 threads)
[2023-11-25T16:07:50.212+0000][146.324s][info ][safepoint     ] Application time: 1.0008781 seconds
[2023-11-25T16:07:50.212+0000][146.324s][info ][safepoint     ] Entering safepoint region: Cleanup
[2023-11-25T16:07:50.213+0000][146.325s][info ][safepoint     ] Leaving safepoint region
[2023-11-25T16:07:50.214+0000][146.326s][info ][safepoint     ] Total time for which application threads were stopped: 0.0012832 seconds, Stopping threads took: 0.0005685 seconds
[2023-11-25T16:07:51.214+0000][147.326s][debug][safepoint     ] Safepoint synchronization initiated. (171 threads)
[2023-11-25T16:07:51.215+0000][147.327s][info ][safepoint     ] Application time: 1.0008850 seconds
[2023-11-25T16:07:51.216+0000][147.327s][info ][safepoint     ] Entering safepoint region: Cleanup
[2023-11-25T16:07:51.216+0000][147.328s][info ][safepoint     ] Leaving safepoint region
[2023-11-25T16:07:51.217+0000][147.329s][info ][safepoint     ] Total time for which application threads were stopped: 0.0011980 seconds, Stopping threads took: 0.0005865 seconds
[2023-11-25T16:07:52.217+0000][148.329s][debug][safepoint     ] Safepoint synchronization initiated. (171 threads)
[2023-11-25T16:07:52.218+0000][148.330s][info ][safepoint     ] Application time: 1.0008115 seconds
[2023-11-25T16:07:52.218+0000][148.330s][info ][safepoint     ] Entering safepoint region: Cleanup
[2023-11-25T16:07:52.219+0000][148.331s][info ][safepoint     ] Leaving safepoint region
[2023-11-25T16:07:52.219+0000][148.331s][info ][safepoint     ] Total time for which application threads were stopped: 0.0010181 seconds, Stopping threads took: 0.0004419 seconds
[2023-11-25T16:07:53.220+0000][149.332s][debug][safepoint     ] Safepoint synchronization initiated. (171 threads)
[2023-11-25T16:07:53.221+0000][149.333s][info ][safepoint     ] Application time: 1.0008667 seconds
[2023-11-25T16:07:53.221+0000][149.333s][info ][safepoint     ] Entering safepoint region: Cleanup
[2023-11-25T16:07:53.222+0000][149.334s][info ][safepoint     ] Leaving safepoint region
[2023-11-25T16:07:53.222+0000][149.334s][info ][safepoint     ] Total time for which application threads were stopped: 0.0012702 seconds, Stopping threads took: 0.0006332 seconds
[2023-11-25T16:07:54.223+0000][150.335s][debug][safepoint     ] Safepoint synchronization initiated. (171 threads)
[2023-11-25T16:07:54.224+0000][150.335s][info ][safepoint     ] Application time: 1.0007048 seconds
[2023-11-25T16:07:54.224+0000][150.336s][info ][safepoint     ] Entering safepoint region: Cleanup
[2023-11-25T16:07:54.225+0000][150.337s][info ][safepoint     ] Leaving safepoint region
[2023-11-25T16:07:54.225+0000][150.337s][info ][safepoint     ] Total time for which application threads were stopped: 0.0012626 seconds, Stopping threads took: 0.0005807 seconds
[2023-11-25T16:07:55.226+0000][151.338s][debug][safepoint     ] Safepoint synchronization initiated. (171 threads)
[2023-11-25T16:07:55.226+0000][151.338s][info ][safepoint     ] Application time: 1.0006000 seconds
[2023-11-25T16:07:55.227+0000][151.339s][info ][safepoint     ] Entering safepoint region: Cleanup
[2023-11-25T16:07:55.228+0000][151.339s][info ][safepoint     ] Leaving safepoint region
[2023-11-25T16:07:55.228+0000][151.340s][info ][safepoint     ] Total time for which application threads were stopped: 0.0010468 seconds, Stopping threads took: 0.0005082 seconds
[2023-11-25T16:07:56.229+0000][152.341s][debug][safepoint     ] Safepoint synchronization initiated. (171 threads)
[2023-11-25T16:07:56.229+0000][152.341s][info ][safepoint     ] Application time: 1.0011636 seconds
[2023-11-25T16:07:56.230+0000][152.342s][info ][safepoint     ] Entering safepoint region: Cleanup
[2023-11-25T16:07:56.231+0000][152.343s][info ][safepoint     ] Leaving safepoint region
[2023-11-25T16:07:56.231+0000][152.343s][info ][safepoint     ] Total time for which application threads were stopped: 0.0013292 seconds, Stopping threads took: 0.0005671 seconds
[2023-11-25T16:07:57.232+0000][153.344s][debug][safepoint     ] Safepoint synchronization initiated. (171 threads)
[2023-11-25T16:07:57.233+0000][153.345s][info ][safepoint     ] Application time: 1.0007029 seconds
[2023-11-25T16:07:57.233+0000][153.345s][info ][safepoint     ] Entering safepoint region: Cleanup
[2023-11-25T16:07:57.234+0000][153.346s][info ][safepoint     ] Leaving safepoint region
[2023-11-25T16:07:57.234+0000][153.346s][info ][safepoint     ] Total time for which application threads were stopped: 0.0012341 seconds, Stopping threads took: 0.0005818 seconds
[2023-11-25T16:07:58.235+0000][154.347s][debug][safepoint     ] Safepoint synchronization initiated. (171 threads)
[2023-11-25T16:07:58.236+0000][154.348s][info ][safepoint     ] Application time: 1.0010046 seconds
[2023-11-25T16:07:58.237+0000][154.349s][info ][safepoint     ] Entering safepoint region: Cleanup
[2023-11-25T16:07:58.238+0000][154.350s][info ][safepoint     ] Leaving safepoint region
[2023-11-25T16:07:58.238+0000][154.350s][info ][safepoint     ] Total time for which application threads were stopped: 0.0014815 seconds, Stopping threads took: 0.0007129 seconds
[2023-11-25T16:07:59.239+0000][155.351s][debug][safepoint     ] Safepoint synchronization initiated. (171 threads)
[2023-11-25T16:07:59.240+0000][155.352s][info ][safepoint     ] Application time: 1.0007591 seconds
[2023-11-25T16:07:59.240+0000][155.352s][info ][safepoint     ] Entering safepoint region: Cleanup
[2023-11-25T16:07:59.241+0000][155.353s][info ][safepoint     ] Leaving safepoint region
[2023-11-25T16:07:59.241+0000][155.353s][info ][safepoint     ] Total time for which application threads were stopped: 0.0009046 seconds, Stopping threads took: 0.0003991 seconds
[2023-11-25T16:08:00.242+0000][156.354s][debug][safepoint     ] Safepoint synchronization initiated. (171 threads)
[2023-11-25T16:08:00.242+0000][156.354s][info ][safepoint     ] Application time: 1.0008032 seconds
[2023-11-25T16:08:00.243+0000][156.355s][info ][safepoint     ] Entering safepoint region: Cleanup
[2023-11-25T16:08:00.243+0000][156.355s][info ][safepoint     ] Leaving safepoint region
[2023-11-25T16:08:00.244+0000][156.356s][info ][safepoint     ] Total time for which application threads were stopped: 0.0011106 seconds, Stopping threads took: 0.0004427 seconds
[2023-11-25T16:08:01.244+0000][157.356s][debug][safepoint     ] Safepoint synchronization initiated. (171 threads)
[2023-11-25T16:08:01.245+0000][157.357s][info ][safepoint     ] Application time: 1.0010007 seconds
[2023-11-25T16:08:01.246+0000][157.358s][info ][safepoint     ] Entering safepoint region: Cleanup
[2023-11-25T16:08:01.246+0000][157.358s][info ][safepoint     ] Leaving safepoint region
[2023-11-25T16:08:01.247+0000][157.359s][info ][safepoint     ] Total time for which application threads were stopped: 0.0012993 seconds, Stopping threads took: 0.0005702 seconds
[2023-11-25T16:08:02.248+0000][158.360s][debug][safepoint     ] Safepoint synchronization initiated. (171 threads)
[2023-11-25T16:08:02.248+0000][158.360s][info ][safepoint     ] Application time: 1.0009560 seconds
[2023-11-25T16:08:02.249+0000][158.361s][info ][safepoint     ] Entering safepoint region: Cleanup
[2023-11-25T16:08:02.250+0000][158.362s][info ][safepoint     ] Leaving safepoint region
[2023-11-25T16:08:02.250+0000][158.362s][info ][safepoint     ] Total time for which application threads were stopped: 0.0011577 seconds, Stopping threads took: 0.0004821 seconds
[2023-11-25T16:08:03.251+0000][159.363s][debug][safepoint     ] Safepoint synchronization initiated. (171 threads)
[2023-11-25T16:08:03.251+0000][159.363s][info ][safepoint     ] Application time: 1.0006905 seconds
[2023-11-25T16:08:03.252+0000][159.364s][info ][safepoint     ] Entering safepoint region: Cleanup
[2023-11-25T16:08:03.252+0000][159.364s][info ][safepoint     ] Leaving safepoint region
[2023-11-25T16:08:03.253+0000][159.365s][info ][safepoint     ] Total time for which application threads were stopped: 0.0011202 seconds, Stopping threads took: 0.0005217 seconds
[2023-11-25T16:08:04.253+0000][160.365s][debug][safepoint     ] Safepoint synchronization initiated. (171 threads)
[2023-11-25T16:08:04.254+0000][160.366s][info ][safepoint     ] Application time: 1.0007914 seconds
[2023-11-25T16:08:04.255+0000][160.366s][info ][safepoint     ] Entering safepoint region: Cleanup
[2023-11-25T16:08:04.255+0000][160.367s][info ][safepoint     ] Leaving safepoint region
[2023-11-25T16:08:04.256+0000][160.368s][info ][safepoint     ] Total time for which application threads were stopped: 0.0011207 seconds, Stopping threads took: 0.0005012 seconds
[2023-11-25T16:08:05.256+0000][161.368s][debug][safepoint     ] Safepoint synchronization initiated. (171 threads)
[2023-11-25T16:08:05.257+0000][161.369s][info ][safepoint     ] Application time: 1.0006688 seconds
[2023-11-25T16:08:05.257+0000][161.369s][info ][safepoint     ] Entering safepoint region: Cleanup
[2023-11-25T16:08:05.258+0000][161.370s][info ][safepoint     ] Leaving safepoint region
[2023-11-25T16:08:05.258+0000][161.370s][info ][safepoint     ] Total time for which application threads were stopped: 0.0012240 seconds, Stopping threads took: 0.0005301 seconds
[2023-11-25T16:08:06.259+0000][162.371s][debug][safepoint     ] Safepoint synchronization initiated. (171 threads)
[2023-11-25T16:08:06.259+0000][162.371s][info ][safepoint     ] Application time: 1.0005673 seconds
[2023-11-25T16:08:06.260+0000][162.372s][info ][safepoint     ] Entering safepoint region: Cleanup
[2023-11-25T16:08:06.260+0000][162.372s][info ][safepoint     ] Leaving safepoint region
[2023-11-25T16:08:06.261+0000][162.373s][info ][safepoint     ] Total time for which application threads were stopped: 0.0010165 seconds, Stopping threads took: 0.0003797 seconds
[2023-11-25T16:08:07.262+0000][163.373s][debug][safepoint     ] Safepoint synchronization initiated. (171 threads)
[2023-11-25T16:08:07.262+0000][163.374s][info ][safepoint     ] Application time: 1.0009781 seconds
[2023-11-25T16:08:07.263+0000][163.375s][info ][safepoint     ] Entering safepoint region: Cleanup
[2023-11-25T16:08:07.264+0000][163.376s][info ][safepoint     ] Leaving safepoint region
[2023-11-25T16:08:07.264+0000][163.376s][info ][safepoint     ] Total time for which application threads were stopped: 0.0012217 seconds, Stopping threads took: 0.0005800 seconds
[2023-11-25T16:08:08.265+0000][164.377s][debug][safepoint     ] Safepoint synchronization initiated. (171 threads)
[2023-11-25T16:08:08.265+0000][164.377s][info ][safepoint     ] Application time: 1.0007273 seconds
[2023-11-25T16:08:08.266+0000][164.378s][info ][safepoint     ] Entering safepoint region: Cleanup
[2023-11-25T16:08:08.267+0000][164.378s][info ][safepoint     ] Leaving safepoint region
[2023-11-25T16:08:08.267+0000][164.379s][info ][safepoint     ] Total time for which application threads were stopped: 0.0013448 seconds, Stopping threads took: 0.0005987 seconds
[2023-11-25T16:08:09.268+0000][165.380s][debug][safepoint     ] Safepoint synchronization initiated. (171 threads)
[2023-11-25T16:08:09.268+0000][165.380s][info ][safepoint     ] Application time: 1.0006982 seconds
[2023-11-25T16:08:09.269+0000][165.381s][info ][safepoint     ] Entering safepoint region: Cleanup
[2023-11-25T16:08:09.269+0000][165.381s][info ][safepoint     ] Leaving safepoint region
[2023-11-25T16:08:09.270+0000][165.382s][info ][safepoint     ] Total time for which application threads were stopped: 0.0011510 seconds, Stopping threads took: 0.0004489 seconds
[2023-11-25T16:08:10.270+0000][166.382s][debug][safepoint     ] Safepoint synchronization initiated. (171 threads)
[2023-11-25T16:08:10.271+0000][166.383s][info ][safepoint     ] Application time: 1.0008718 seconds
[2023-11-25T16:08:10.272+0000][166.384s][info ][safepoint     ] Entering safepoint region: Cleanup
[2023-11-25T16:08:10.272+0000][166.384s][info ][safepoint     ] Leaving safepoint region
[2023-11-25T16:08:10.273+0000][166.385s][info ][safepoint     ] Total time for which application threads were stopped: 0.0012481 seconds, Stopping threads took: 0.0005198 seconds
[2023-11-25T16:08:11.274+0000][167.386s][debug][safepoint     ] Safepoint synchronization initiated. (171 threads)
[2023-11-25T16:08:11.274+0000][167.386s][info ][safepoint     ] Application time: 1.0009223 seconds
[2023-11-25T16:08:11.275+0000][167.387s][info ][safepoint     ] Entering safepoint region: Cleanup
[2023-11-25T16:08:11.276+0000][167.388s][info ][safepoint     ] Leaving safepoint region
[2023-11-25T16:08:11.276+0000][167.388s][info ][safepoint     ] Total time for which application threads were stopped: 0.0013290 seconds, Stopping threads took: 0.0006543 seconds
[2023-11-25T16:08:12.277+0000][168.389s][debug][safepoint     ] Safepoint synchronization initiated. (171 threads)
[2023-11-25T16:08:12.277+0000][168.389s][info ][safepoint     ] Application time: 1.0005990 seconds
[2023-11-25T16:08:12.278+0000][168.390s][info ][safepoint     ] Entering safepoint region: Cleanup
[2023-11-25T16:08:12.278+0000][168.390s][info ][safepoint     ] Leaving safepoint region
[2023-11-25T16:08:12.279+0000][168.391s][info ][safepoint     ] Total time for which application threads were stopped: 0.0010220 seconds, Stopping threads took: 0.0003943 seconds
[2023-11-25T16:08:13.280+0000][169.392s][debug][safepoint     ] Safepoint synchronization initiated. (171 threads)
[2023-11-25T16:08:13.280+0000][169.392s][info ][safepoint     ] Application time: 1.0008772 seconds
[2023-11-25T16:08:13.281+0000][169.393s][info ][safepoint     ] Entering safepoint region: Cleanup
[2023-11-25T16:08:13.282+0000][169.393s][info ][safepoint     ] Leaving safepoint region
[2023-11-25T16:08:13.282+0000][169.394s][info ][safepoint     ] Total time for which application threads were stopped: 0.0011958 seconds, Stopping threads took: 0.0005117 seconds
[2023-11-25T16:08:14.282+0000][170.394s][debug][safepoint     ] Safepoint synchronization initiated. (171 threads)
[2023-11-25T16:08:14.283+0000][170.395s][info ][safepoint     ] Application time: 1.0005730 seconds
[2023-11-25T16:08:14.283+0000][170.395s][info ][safepoint     ] Entering safepoint region: Cleanup
[2023-11-25T16:08:14.284+0000][170.396s][info ][safepoint     ] Leaving safepoint region
[2023-11-25T16:08:14.284+0000][170.396s][info ][safepoint     ] Total time for which application threads were stopped: 0.0010661 seconds, Stopping threads took: 0.0004862 seconds
[2023-11-25T16:08:15.285+0000][171.397s][debug][safepoint     ] Safepoint synchronization initiated. (171 threads)
[2023-11-25T16:08:15.286+0000][171.398s][info ][safepoint     ] Application time: 1.0009362 seconds
[2023-11-25T16:08:15.286+0000][171.398s][info ][safepoint     ] Entering safepoint region: Cleanup
[2023-11-25T16:08:15.287+0000][171.399s][info ][safepoint     ] Leaving safepoint region
[2023-11-25T16:08:15.287+0000][171.399s][info ][safepoint     ] Total time for which application threads were stopped: 0.0010607 seconds, Stopping threads took: 0.0004089 seconds
[2023-11-25T16:08:16.288+0000][172.400s][debug][safepoint     ] Safepoint synchronization initiated. (171 threads)
[2023-11-25T16:08:16.289+0000][172.401s][info ][safepoint     ] Application time: 1.0010715 seconds
[2023-11-25T16:08:16.289+0000][172.401s][info ][safepoint     ] Entering safepoint region: Cleanup
[2023-11-25T16:08:16.290+0000][172.402s][info ][safepoint     ] Leaving safepoint region
[2023-11-25T16:08:16.290+0000][172.402s][info ][safepoint     ] Total time for which application threads were stopped: 0.0009900 seconds, Stopping threads took: 0.0004786 seconds
[2023-11-25T16:08:16.290+0000][172.402s][debug][safepoint     ] ... found polling page return exception at pc = 0x00007fe2d0d604c4, stub =0x00007fe2c8840600
[2023-11-25T16:08:16.290+0000][172.402s][debug][safepoint     ] ... found polling page return exception at pc = 0x00007fe2d0d604c4, stub =0x00007fe2c8840600
[2023-11-25T16:08:17.291+0000][173.403s][debug][safepoint     ] Safepoint synchronization initiated. (171 threads)
[2023-11-25T16:08:17.291+0000][173.404s][info ][safepoint     ] Application time: 1.0008267 seconds
[2023-11-25T16:08:17.292+0000][173.404s][info ][safepoint     ] Entering safepoint region: Cleanup
[2023-11-25T16:08:17.292+0000][173.405s][info ][safepoint     ] Leaving safepoint region
[2023-11-25T16:08:17.293+0000][173.405s][info ][safepoint     ] Total time for which application threads were stopped: 0.0012216 seconds, Stopping threads took: 0.0005540 seconds
[2023-11-25T16:08:18.294+0000][174.406s][debug][safepoint     ] Safepoint synchronization initiated. (171 threads)
[2023-11-25T16:08:18.294+0000][174.406s][info ][safepoint     ] Application time: 1.0007390 seconds
[2023-11-25T16:08:18.295+0000][174.407s][info ][safepoint     ] Entering safepoint region: Cleanup
[2023-11-25T16:08:18.295+0000][174.407s][info ][safepoint     ] Leaving safepoint region
[2023-11-25T16:08:18.295+0000][174.408s][info ][safepoint     ] Total time for which application threads were stopped: 0.0008797 seconds, Stopping threads took: 0.0004035 seconds
[2023-11-25T16:08:19.296+0000][175.408s][debug][safepoint     ] Safepoint synchronization initiated. (171 threads)
[2023-11-25T16:08:19.297+0000][175.409s][info ][safepoint     ] Application time: 1.0008952 seconds
[2023-11-25T16:08:19.297+0000][175.409s][info ][safepoint     ] Entering safepoint region: Cleanup
[2023-11-25T16:08:19.298+0000][175.410s][info ][safepoint     ] Leaving safepoint region
[2023-11-25T16:08:19.298+0000][175.411s][info ][safepoint     ] Total time for which application threads were stopped: 0.0011606 seconds, Stopping threads took: 0.0004650 seconds
[2023-11-25T16:08:20.299+0000][176.411s][debug][safepoint     ] Safepoint synchronization initiated. (171 threads)
[2023-11-25T16:08:20.301+0000][176.413s][info ][safepoint     ] Application time: 1.0019403 seconds
[2023-11-25T16:08:20.301+0000][176.414s][info ][safepoint     ] Entering safepoint region: Cleanup
[2023-11-25T16:08:20.302+0000][176.414s][info ][safepoint     ] Leaving safepoint region
[2023-11-25T16:08:20.303+0000][176.415s][info ][safepoint     ] Total time for which application threads were stopped: 0.0012284 seconds, Stopping threads took: 0.0005689 seconds
[2023-11-25T16:08:21.303+0000][177.415s][debug][safepoint     ] Safepoint synchronization initiated. (171 threads)
[2023-11-25T16:08:21.304+0000][177.416s][info ][safepoint     ] Application time: 1.0007161 seconds
[2023-11-25T16:08:21.304+0000][177.417s][info ][safepoint     ] Entering safepoint region: Cleanup
[2023-11-25T16:08:21.305+0000][177.417s][info ][safepoint     ] Leaving safepoint region
[2023-11-25T16:08:21.306+0000][177.418s][info ][safepoint     ] Total time for which application threads were stopped: 0.0012473 seconds, Stopping threads took: 0.0005908 seconds
[2023-11-25T16:08:22.306+0000][178.418s][debug][safepoint     ] Safepoint synchronization initiated. (171 threads)
[2023-11-25T16:08:22.307+0000][178.419s][info ][safepoint     ] Application time: 1.0006057 seconds
[2023-11-25T16:08:22.307+0000][178.419s][info ][safepoint     ] Entering safepoint region: Cleanup
[2023-11-25T16:08:22.308+0000][178.420s][info ][safepoint     ] Leaving safepoint region
[2023-11-25T16:08:22.308+0000][178.421s][info ][safepoint     ] Total time for which application threads were stopped: 0.0012526 seconds, Stopping threads took: 0.0004594 seconds
[2023-11-25T16:08:23.309+0000][179.421s][debug][safepoint     ] Safepoint synchronization initiated. (171 threads)
[2023-11-25T16:08:23.310+0000][179.422s][info ][safepoint     ] Application time: 1.0009880 seconds
[2023-11-25T16:08:23.311+0000][179.423s][info ][safepoint     ] Entering safepoint region: Cleanup
[2023-11-25T16:08:23.311+0000][179.423s][info ][safepoint     ] Leaving safepoint region
[2023-11-25T16:08:23.312+0000][179.424s][info ][safepoint     ] Total time for which application threads were stopped: 0.0011634 seconds, Stopping threads took: 0.0005067 seconds
[2023-11-25T16:08:24.312+0000][180.425s][debug][safepoint     ] Safepoint synchronization initiated. (171 threads)
[2023-11-25T16:08:24.313+0000][180.425s][info ][safepoint     ] Application time: 1.0007837 seconds
[2023-11-25T16:08:24.313+0000][180.426s][info ][safepoint     ] Entering safepoint region: Cleanup
[2023-11-25T16:08:24.314+0000][180.426s][info ][safepoint     ] Leaving safepoint region
[2023-11-25T16:08:24.315+0000][180.427s][info ][safepoint     ] Total time for which application threads were stopped: 0.0012234 seconds, Stopping threads took: 0.0005211 seconds
[2023-11-25T16:08:25.315+0000][181.428s][debug][safepoint     ] Safepoint synchronization initiated. (171 threads)
[2023-11-25T16:08:25.316+0000][181.428s][info ][safepoint     ] Application time: 1.0005697 seconds
[2023-11-25T16:08:25.316+0000][181.428s][info ][safepoint     ] Entering safepoint region: Cleanup
[2023-11-25T16:08:25.317+0000][181.429s][info ][safepoint     ] Leaving safepoint region
[2023-11-25T16:08:25.317+0000][181.429s][info ][safepoint     ] Total time for which application threads were stopped: 0.0008458 seconds, Stopping threads took: 0.0003875 seconds
[2023-11-25T16:08:26.317+0000][182.430s][debug][safepoint     ] Safepoint synchronization initiated. (171 threads)
[2023-11-25T16:08:26.318+0000][182.430s][info ][safepoint     ] Application time: 1.0005661 seconds
[2023-11-25T16:08:26.318+0000][182.430s][info ][safepoint     ] Entering safepoint region: Cleanup
[2023-11-25T16:08:26.319+0000][182.431s][info ][safepoint     ] Leaving safepoint region
[2023-11-25T16:08:26.319+0000][182.431s][info ][safepoint     ] Total time for which application threads were stopped: 0.0007885 seconds, Stopping threads took: 0.0003332 seconds
[2023-11-25T16:08:27.319+0000][183.432s][debug][safepoint     ] Safepoint synchronization initiated. (171 threads)
[2023-11-25T16:08:27.320+0000][183.432s][info ][safepoint     ] Application time: 1.0006947 seconds
[2023-11-25T16:08:27.320+0000][183.433s][info ][safepoint     ] Entering safepoint region: Cleanup
[2023-11-25T16:08:27.321+0000][183.433s][info ][safepoint     ] Leaving safepoint region
[2023-11-25T16:08:27.322+0000][183.434s][info ][safepoint     ] Total time for which application threads were stopped: 0.0012221 seconds, Stopping threads took: 0.0004101 seconds
[2023-11-25T16:08:33.323+0000][189.435s][debug][safepoint     ] Safepoint synchronization initiated. (170 threads)
[2023-11-25T16:08:33.323+0000][189.436s][info ][safepoint     ] Application time: 6.0012588 seconds
[2023-11-25T16:08:33.324+0000][189.436s][info ][safepoint     ] Entering safepoint region: Cleanup
[2023-11-25T16:08:33.324+0000][189.437s][info ][safepoint     ] Leaving safepoint region
[2023-11-25T16:08:33.325+0000][189.437s][info ][safepoint     ] Total time for which application threads were stopped: 0.0010911 seconds, Stopping threads took: 0.0004370 seconds
[2023-11-25T16:08:34.608+0000][190.720s][debug][safepoint     ] Safepoint synchronization initiated. (170 threads)
[2023-11-25T16:08:34.610+0000][190.722s][info ][safepoint     ] Application time: 1.2846113 seconds
[2023-11-25T16:08:34.610+0000][190.723s][info ][safepoint     ] Entering safepoint region: G1CollectForAllocation
[2023-11-25T16:08:34.611+0000][190.723s][info ][gc,start      ] GC(68) Pause Young (Normal) (G1 Evacuation Pause)
[2023-11-25T16:08:34.621+0000][190.733s][info ][gc,task       ] GC(68) Using 8 workers of 8 for evacuation
[2023-11-25T16:08:34.695+0000][190.807s][info ][gc,phases     ] GC(68)   Pre Evacuate Collection Set: 0.1ms
[2023-11-25T16:08:34.695+0000][190.808s][info ][gc,phases     ] GC(68)   Evacuate Collection Set: 60.9ms
[2023-11-25T16:08:34.697+0000][190.809s][info ][gc,phases     ] GC(68)   Post Evacuate Collection Set: 11.4ms
[2023-11-25T16:08:34.697+0000][190.810s][info ][gc,phases     ] GC(68)   Other: 11.2ms
[2023-11-25T16:08:34.698+0000][190.810s][info ][gc,heap       ] GC(68) Eden regions: 221->0(222)
[2023-11-25T16:08:34.699+0000][190.811s][info ][gc,heap       ] GC(68) Survivor regions: 25->22(31)
[2023-11-25T16:08:34.699+0000][190.812s][info ][gc,heap       ] GC(68) Old regions: 141->148
[2023-11-25T16:08:34.700+0000][190.812s][info ][gc,heap       ] GC(68) Humongous regions: 0->0
[2023-11-25T16:08:34.701+0000][190.813s][info ][gc,metaspace  ] GC(68) Metaspace: 178118K(191912K)->178118K(191912K) NonClass: 157419K(168404K)->157419K(168404K) Class: 20698K(23508K)->20698K(23508K)
[2023-11-25T16:08:34.702+0000][190.814s][info ][gc            ] GC(68) Pause Young (Normal) (G1 Evacuation Pause) 384M->167M(470M) 90.883ms
[2023-11-25T16:08:34.702+0000][190.815s][info ][gc,cpu        ] GC(68) User=0.51s Sys=0.01s Real=0.09s
[2023-11-25T16:08:34.703+0000][190.815s][info ][safepoint     ] Leaving safepoint region
[2023-11-25T16:08:34.703+0000][190.816s][info ][safepoint     ] Total time for which application threads were stopped: 0.0930052 seconds, Stopping threads took: 0.0005093 seconds
[2023-11-25T16:08:34.704+0000][190.816s][info ][gc,stringdedup] Concurrent String Deduplication (190.816s)
[2023-11-25T16:08:34.707+0000][190.819s][info ][gc,stringdedup] Concurrent String Deduplication 515.3K->461.9K(54664.0B) avg 52.8% (190.816s, 190.819s) 2.864ms
[2023-11-25T16:08:40.705+0000][196.817s][debug][safepoint     ] Safepoint synchronization initiated. (170 threads)
[2023-11-25T16:08:40.706+0000][196.818s][info ][safepoint     ] Application time: 6.0017536 seconds
[2023-11-25T16:08:40.706+0000][196.818s][info ][safepoint     ] Entering safepoint region: Cleanup
[2023-11-25T16:08:40.707+0000][196.819s][info ][safepoint     ] Leaving safepoint region
[2023-11-25T16:08:40.707+0000][196.820s][info ][safepoint     ] Total time for which application threads were stopped: 0.0012743 seconds, Stopping threads took: 0.0004948 seconds
[2023-11-25T16:08:47.710+0000][203.822s][debug][safepoint     ] Safepoint synchronization initiated. (170 threads)
[2023-11-25T16:08:47.710+0000][203.823s][info ][safepoint     ] Application time: 7.0018883 seconds
[2023-11-25T16:08:47.711+0000][203.823s][info ][safepoint     ] Entering safepoint region: Cleanup
[2023-11-25T16:08:47.711+0000][203.824s][info ][safepoint     ] Leaving safepoint region
[2023-11-25T16:08:47.712+0000][203.824s][info ][safepoint     ] Total time for which application threads were stopped: 0.0012778 seconds, Stopping threads took: 0.0005788 seconds
[2023-11-25T16:08:49.713+0000][205.825s][debug][safepoint     ] Safepoint synchronization initiated. (170 threads)
[2023-11-25T16:08:49.714+0000][205.826s][info ][safepoint     ] Application time: 2.0014511 seconds
[2023-11-25T16:08:49.715+0000][205.827s][info ][safepoint     ] Entering safepoint region: Cleanup
[2023-11-25T16:08:49.716+0000][205.828s][info ][safepoint     ] Leaving safepoint region
[2023-11-25T16:08:49.717+0000][205.829s][info ][safepoint     ] Total time for which application threads were stopped: 0.0019701 seconds, Stopping threads took: 0.0008440 seconds
[2023-11-25T16:08:50.718+0000][206.830s][debug][safepoint     ] Safepoint synchronization initiated. (170 threads)
[2023-11-25T16:08:50.718+0000][206.831s][info ][safepoint     ] Application time: 1.0006120 seconds
[2023-11-25T16:08:50.719+0000][206.831s][info ][safepoint     ] Entering safepoint region: Cleanup
[2023-11-25T16:08:50.719+0000][206.832s][info ][safepoint     ] Leaving safepoint region
[2023-11-25T16:08:50.720+0000][206.832s][info ][safepoint     ] Total time for which application threads were stopped: 0.0010526 seconds, Stopping threads took: 0.0004525 seconds
[2023-11-25T16:08:51.720+0000][207.833s][debug][safepoint     ] Safepoint synchronization initiated. (170 threads)
[2023-11-25T16:08:51.721+0000][207.833s][info ][safepoint     ] Application time: 1.0007125 seconds
[2023-11-25T16:08:51.721+0000][207.834s][info ][safepoint     ] Entering safepoint region: Cleanup
[2023-11-25T16:08:51.722+0000][207.834s][info ][safepoint     ] Leaving safepoint region
[2023-11-25T16:08:51.722+0000][207.835s][info ][safepoint     ] Total time for which application threads were stopped: 0.0012231 seconds, Stopping threads took: 0.0004887 seconds
[2023-11-25T16:08:52.723+0000][208.835s][debug][safepoint     ] Safepoint synchronization initiated. (170 threads)
[2023-11-25T16:08:52.724+0000][208.836s][info ][safepoint     ] Application time: 1.0006667 seconds
[2023-11-25T16:08:52.724+0000][208.836s][info ][safepoint     ] Entering safepoint region: Cleanup
[2023-11-25T16:08:52.725+0000][208.837s][info ][safepoint     ] Leaving safepoint region
[2023-11-25T16:08:52.725+0000][208.838s][info ][safepoint     ] Total time for which application threads were stopped: 0.0011984 seconds, Stopping threads took: 0.0004971 seconds
[2023-11-25T16:08:53.726+0000][209.838s][debug][safepoint     ] Safepoint synchronization initiated. (170 threads)
[2023-11-25T16:08:53.726+0000][209.839s][info ][safepoint     ] Application time: 1.0008020 seconds
[2023-11-25T16:08:53.727+0000][209.839s][info ][safepoint     ] Entering safepoint region: Cleanup
[2023-11-25T16:08:53.728+0000][209.840s][info ][safepoint     ] Leaving safepoint region
[2023-11-25T16:08:53.728+0000][209.841s][info ][safepoint     ] Total time for which application threads were stopped: 0.0012391 seconds, Stopping threads took: 0.0005214 seconds
[2023-11-25T16:08:54.729+0000][210.841s][debug][safepoint     ] Safepoint synchronization initiated. (170 threads)
[2023-11-25T16:08:54.729+0000][210.842s][info ][safepoint     ] Application time: 1.0006337 seconds
[2023-11-25T16:08:54.730+0000][210.842s][info ][safepoint     ] Entering safepoint region: Cleanup
[2023-11-25T16:08:54.731+0000][210.843s][info ][safepoint     ] Leaving safepoint region
[2023-11-25T16:08:54.731+0000][210.844s][info ][safepoint     ] Total time for which application threads were stopped: 0.0015332 seconds, Stopping threads took: 0.0007804 seconds
[2023-11-25T16:08:55.733+0000][211.845s][debug][safepoint     ] Safepoint synchronization initiated. (170 threads)
[2023-11-25T16:08:55.734+0000][211.846s][info ][safepoint     ] Application time: 1.0007766 seconds
[2023-11-25T16:08:55.734+0000][211.847s][info ][safepoint     ] Entering safepoint region: Cleanup
[2023-11-25T16:08:55.735+0000][211.847s][info ][safepoint     ] Leaving safepoint region
[2023-11-25T16:08:55.735+0000][211.848s][info ][safepoint     ] Total time for which application threads were stopped: 0.0012607 seconds, Stopping threads took: 0.0005070 seconds
[2023-11-25T16:08:56.736+0000][212.848s][debug][safepoint     ] Safepoint synchronization initiated. (170 threads)
[2023-11-25T16:08:56.736+0000][212.849s][info ][safepoint     ] Application time: 1.0005811 seconds
[2023-11-25T16:08:56.737+0000][212.849s][info ][safepoint     ] Entering safepoint region: Cleanup
[2023-11-25T16:08:56.738+0000][212.850s][info ][safepoint     ] Leaving safepoint region
[2023-11-25T16:08:56.738+0000][212.850s][info ][safepoint     ] Total time for which application threads were stopped: 0.0011016 seconds, Stopping threads took: 0.0005270 seconds
[2023-11-25T16:08:57.739+0000][213.851s][debug][safepoint     ] Safepoint synchronization initiated. (170 threads)
[2023-11-25T16:08:57.739+0000][213.852s][info ][safepoint     ] Application time: 1.0008666 seconds
[2023-11-25T16:08:57.740+0000][213.853s][info ][safepoint     ] Entering safepoint region: Cleanup
[2023-11-25T16:08:57.741+0000][213.853s][info ][safepoint     ] Leaving safepoint region
[2023-11-25T16:08:57.741+0000][213.854s][info ][safepoint     ] Total time for which application threads were stopped: 0.0012401 seconds, Stopping threads took: 0.0005288 seconds
[2023-11-25T16:08:58.742+0000][214.854s][debug][safepoint     ] Safepoint synchronization initiated. (170 threads)
[2023-11-25T16:08:58.743+0000][214.855s][info ][safepoint     ] Application time: 1.0007700 seconds
[2023-11-25T16:08:58.743+0000][214.855s][info ][safepoint     ] Entering safepoint region: Cleanup
[2023-11-25T16:08:58.744+0000][214.856s][info ][safepoint     ] Leaving safepoint region
[2023-11-25T16:08:58.744+0000][214.857s][info ][safepoint     ] Total time for which application threads were stopped: 0.0012153 seconds, Stopping threads took: 0.0004884 seconds
[2023-11-25T16:08:59.745+0000][215.857s][debug][safepoint     ] Safepoint synchronization initiated. (170 threads)
[2023-11-25T16:08:59.745+0000][215.858s][info ][safepoint     ] Application time: 1.0008420 seconds
[2023-11-25T16:08:59.746+0000][215.858s][info ][safepoint     ] Entering safepoint region: Cleanup
[2023-11-25T16:08:59.746+0000][215.859s][info ][safepoint     ] Leaving safepoint region
[2023-11-25T16:08:59.747+0000][215.859s][info ][safepoint     ] Total time for which application threads were stopped: 0.0010271 seconds, Stopping threads took: 0.0004645 seconds
[2023-11-25T16:09:00.747+0000][216.860s][debug][safepoint     ] Safepoint synchronization initiated. (170 threads)
[2023-11-25T16:09:00.748+0000][216.861s][info ][safepoint     ] Application time: 1.0008996 seconds
[2023-11-25T16:09:00.749+0000][216.861s][info ][safepoint     ] Entering safepoint region: Cleanup
[2023-11-25T16:09:00.749+0000][216.862s][info ][safepoint     ] Leaving safepoint region
[2023-11-25T16:09:00.750+0000][216.862s][info ][safepoint     ] Total time for which application threads were stopped: 0.0011757 seconds, Stopping threads took: 0.0005245 seconds
[2023-11-25T16:09:01.750+0000][217.863s][debug][safepoint     ] Safepoint synchronization initiated. (170 threads)
[2023-11-25T16:09:01.751+0000][217.863s][info ][safepoint     ] Application time: 1.0005580 seconds
[2023-11-25T16:09:01.751+0000][217.864s][info ][safepoint     ] Entering safepoint region: Cleanup
[2023-11-25T16:09:01.752+0000][217.864s][info ][safepoint     ] Leaving safepoint region
[2023-11-25T16:09:01.752+0000][217.865s][info ][safepoint     ] Total time for which application threads were stopped: 0.0009481 seconds, Stopping threads took: 0.0003544 seconds
[2023-11-25T16:09:02.753+0000][218.865s][debug][safepoint     ] Safepoint synchronization initiated. (170 threads)
[2023-11-25T16:09:02.753+0000][218.866s][info ][safepoint     ] Application time: 1.0006398 seconds
[2023-11-25T16:09:02.754+0000][218.866s][info ][safepoint     ] Entering safepoint region: Cleanup
[2023-11-25T16:09:02.754+0000][218.867s][info ][safepoint     ] Leaving safepoint region
[2023-11-25T16:09:02.755+0000][218.867s][info ][safepoint     ] Total time for which application threads were stopped: 0.0011606 seconds, Stopping threads took: 0.0005222 seconds
[2023-11-25T16:09:03.755+0000][219.868s][debug][safepoint     ] Safepoint synchronization initiated. (170 threads)
[2023-11-25T16:09:03.756+0000][219.868s][info ][safepoint     ] Application time: 1.0006891 seconds
[2023-11-25T16:09:03.756+0000][219.869s][info ][safepoint     ] Entering safepoint region: Cleanup
[2023-11-25T16:09:03.757+0000][219.869s][info ][safepoint     ] Leaving safepoint region
[2023-11-25T16:09:03.757+0000][219.870s][info ][safepoint     ] Total time for which application threads were stopped: 0.0009307 seconds, Stopping threads took: 0.0004295 seconds
[2023-11-25T16:09:04.758+0000][220.870s][debug][safepoint     ] Safepoint synchronization initiated. (170 threads)
[2023-11-25T16:09:04.758+0000][220.871s][info ][safepoint     ] Application time: 1.0009646 seconds
[2023-11-25T16:09:04.759+0000][220.871s][info ][safepoint     ] Entering safepoint region: Cleanup
[2023-11-25T16:09:04.760+0000][220.872s][info ][safepoint     ] Leaving safepoint region
[2023-11-25T16:09:04.760+0000][220.873s][info ][safepoint     ] Total time for which application threads were stopped: 0.0012644 seconds, Stopping threads took: 0.0005622 seconds
[2023-11-25T16:09:05.761+0000][221.873s][debug][safepoint     ] Safepoint synchronization initiated. (170 threads)
[2023-11-25T16:09:05.762+0000][221.874s][info ][safepoint     ] Application time: 1.0013668 seconds
[2023-11-25T16:09:05.762+0000][221.875s][info ][safepoint     ] Entering safepoint region: Cleanup
[2023-11-25T16:09:05.763+0000][221.875s][info ][safepoint     ] Leaving safepoint region
[2023-11-25T16:09:05.763+0000][221.876s][info ][safepoint     ] Total time for which application threads were stopped: 0.0011522 seconds, Stopping threads took: 0.0005011 seconds
[2023-11-25T16:09:06.764+0000][222.876s][debug][safepoint     ] Safepoint synchronization initiated. (170 threads)
[2023-11-25T16:09:06.764+0000][222.877s][info ][safepoint     ] Application time: 1.0005700 seconds
[2023-11-25T16:09:06.765+0000][222.877s][info ][safepoint     ] Entering safepoint region: Cleanup
[2023-11-25T16:09:06.766+0000][222.878s][info ][safepoint     ] Leaving safepoint region
[2023-11-25T16:09:06.766+0000][222.879s][info ][safepoint     ] Total time for which application threads were stopped: 0.0012593 seconds, Stopping threads took: 0.0005057 seconds
[2023-11-25T16:09:06.766+0000][222.878s][debug][safepoint     ] ... found polling page return exception at pc = 0x00007fe2d0d604c4, stub =0x00007fe2c8840600
[2023-11-25T16:09:07.767+0000][223.879s][debug][safepoint     ] Safepoint synchronization initiated. (170 threads)
[2023-11-25T16:09:07.767+0000][223.880s][info ][safepoint     ] Application time: 1.0006562 seconds
[2023-11-25T16:09:07.768+0000][223.880s][info ][safepoint     ] Entering safepoint region: Cleanup
[2023-11-25T16:09:07.768+0000][223.881s][info ][safepoint     ] Leaving safepoint region
[2023-11-25T16:09:07.769+0000][223.881s][info ][safepoint     ] Total time for which application threads were stopped: 0.0011277 seconds, Stopping threads took: 0.0004910 seconds
[2023-11-25T16:09:08.769+0000][224.882s][debug][safepoint     ] Safepoint synchronization initiated. (170 threads)
[2023-11-25T16:09:08.770+0000][224.882s][info ][safepoint     ] Application time: 1.0005941 seconds
[2023-11-25T16:09:08.770+0000][224.883s][info ][safepoint     ] Entering safepoint region: Cleanup
[2023-11-25T16:09:08.771+0000][224.884s][info ][safepoint     ] Leaving safepoint region
[2023-11-25T16:09:08.772+0000][224.884s][info ][safepoint     ] Total time for which application threads were stopped: 0.0013751 seconds, Stopping threads took: 0.0006274 seconds
[2023-11-25T16:09:09.772+0000][225.885s][debug][safepoint     ] Safepoint synchronization initiated. (170 threads)
[2023-11-25T16:09:09.773+0000][225.885s][info ][safepoint     ] Application time: 1.0006903 seconds
[2023-11-25T16:09:09.773+0000][225.886s][info ][safepoint     ] Entering safepoint region: Cleanup
[2023-11-25T16:09:09.774+0000][225.887s][info ][safepoint     ] Leaving safepoint region
[2023-11-25T16:09:09.775+0000][225.887s][info ][safepoint     ] Total time for which application threads were stopped: 0.0011505 seconds, Stopping threads took: 0.0005302 seconds
[2023-11-25T16:09:10.775+0000][226.887s][debug][safepoint     ] Safepoint synchronization initiated. (170 threads)
[2023-11-25T16:09:10.776+0000][226.888s][info ][safepoint     ] Application time: 1.0008554 seconds
[2023-11-25T16:09:10.776+0000][226.889s][info ][safepoint     ] Entering safepoint region: Cleanup
[2023-11-25T16:09:10.777+0000][226.889s][info ][safepoint     ] Leaving safepoint region
[2023-11-25T16:09:10.777+0000][226.890s][info ][safepoint     ] Total time for which application threads were stopped: 0.0010339 seconds, Stopping threads took: 0.0004559 seconds
[2023-11-25T16:09:11.778+0000][227.890s][debug][safepoint     ] Safepoint synchronization initiated. (170 threads)
[2023-11-25T16:09:11.779+0000][227.891s][info ][safepoint     ] Application time: 1.0007882 seconds
[2023-11-25T16:09:11.779+0000][227.892s][info ][safepoint     ] Entering safepoint region: Cleanup
[2023-11-25T16:09:11.780+0000][227.892s][info ][safepoint     ] Leaving safepoint region
[2023-11-25T16:09:11.780+0000][227.893s][info ][safepoint     ] Total time for which application threads were stopped: 0.0012348 seconds, Stopping threads took: 0.0005641 seconds
[2023-11-25T16:09:12.781+0000][228.893s][debug][safepoint     ] Safepoint synchronization initiated. (170 threads)
[2023-11-25T16:09:12.781+0000][228.894s][info ][safepoint     ] Application time: 1.0006925 seconds
[2023-11-25T16:09:12.782+0000][228.894s][info ][safepoint     ] Entering safepoint region: Cleanup
[2023-11-25T16:09:12.782+0000][228.895s][info ][safepoint     ] Leaving safepoint region
[2023-11-25T16:09:12.783+0000][228.895s][info ][safepoint     ] Total time for which application threads were stopped: 0.0010601 seconds, Stopping threads took: 0.0004218 seconds
[2023-11-25T16:09:13.783+0000][229.896s][debug][safepoint     ] Safepoint synchronization initiated. (170 threads)
[2023-11-25T16:09:13.784+0000][229.896s][info ][safepoint     ] Application time: 1.0008120 seconds
[2023-11-25T16:09:13.785+0000][229.897s][info ][safepoint     ] Entering safepoint region: Cleanup
[2023-11-25T16:09:13.785+0000][229.898s][info ][safepoint     ] Leaving safepoint region
[2023-11-25T16:09:13.786+0000][229.898s][info ][safepoint     ] Total time for which application threads were stopped: 0.0012082 seconds, Stopping threads took: 0.0004661 seconds
[2023-11-25T16:09:14.786+0000][230.899s][debug][safepoint     ] Safepoint synchronization initiated. (170 threads)
[2023-11-25T16:09:14.787+0000][230.899s][info ][safepoint     ] Application time: 1.0005042 seconds
[2023-11-25T16:09:14.787+0000][230.900s][info ][safepoint     ] Entering safepoint region: Cleanup
[2023-11-25T16:09:14.788+0000][230.900s][info ][safepoint     ] Leaving safepoint region
[2023-11-25T16:09:14.788+0000][230.900s][info ][safepoint     ] Total time for which application threads were stopped: 0.0008977 seconds, Stopping threads took: 0.0003258 seconds
[2023-11-25T16:09:15.788+0000][231.901s][debug][safepoint     ] Safepoint synchronization initiated. (170 threads)
[2023-11-25T16:09:15.789+0000][231.901s][info ][safepoint     ] Application time: 1.0005477 seconds
[2023-11-25T16:09:15.789+0000][231.902s][info ][safepoint     ] Entering safepoint region: Cleanup
[2023-11-25T16:09:15.790+0000][231.902s][info ][safepoint     ] Leaving safepoint region
[2023-11-25T16:09:15.790+0000][231.902s][info ][safepoint     ] Total time for which application threads were stopped: 0.0008306 seconds, Stopping threads took: 0.0003536 seconds
[2023-11-25T16:09:16.790+0000][232.903s][debug][safepoint     ] Safepoint synchronization initiated. (170 threads)
[2023-11-25T16:09:16.791+0000][232.904s][info ][safepoint     ] Application time: 1.0006309 seconds
[2023-11-25T16:09:16.791+0000][232.904s][info ][safepoint     ] Entering safepoint region: Cleanup
[2023-11-25T16:09:16.792+0000][232.904s][info ][safepoint     ] Leaving safepoint region
[2023-11-25T16:09:16.792+0000][232.905s][info ][safepoint     ] Total time for which application threads were stopped: 0.0008561 seconds, Stopping threads took: 0.0003416 seconds
[2023-11-25T16:09:17.793+0000][233.905s][debug][safepoint     ] Safepoint synchronization initiated. (170 threads)
[2023-11-25T16:09:17.794+0000][233.906s][info ][safepoint     ] Application time: 1.0011737 seconds
[2023-11-25T16:09:17.796+0000][233.908s][info ][safepoint     ] Entering safepoint region: Cleanup
[2023-11-25T16:09:17.796+0000][233.909s][info ][safepoint     ] Leaving safepoint region
[2023-11-25T16:09:17.797+0000][233.910s][info ][safepoint     ] Total time for which application threads were stopped: 0.0014545 seconds, Stopping threads took: 0.0007352 seconds
[2023-11-25T16:09:18.798+0000][234.910s][debug][safepoint     ] Safepoint synchronization initiated. (170 threads)
[2023-11-25T16:09:18.798+0000][234.911s][info ][safepoint     ] Application time: 1.0008088 seconds
[2023-11-25T16:09:18.799+0000][234.911s][info ][safepoint     ] Entering safepoint region: Cleanup
[2023-11-25T16:09:18.799+0000][234.912s][info ][safepoint     ] Leaving safepoint region
[2023-11-25T16:09:18.800+0000][234.912s][info ][safepoint     ] Total time for which application threads were stopped: 0.0010735 seconds, Stopping threads took: 0.0004654 seconds
[2023-11-25T16:09:19.800+0000][235.913s][debug][safepoint     ] Safepoint synchronization initiated. (170 threads)
[2023-11-25T16:09:19.801+0000][235.913s][info ][safepoint     ] Application time: 1.0006971 seconds
[2023-11-25T16:09:19.801+0000][235.914s][info ][safepoint     ] Entering safepoint region: Cleanup
[2023-11-25T16:09:19.802+0000][235.914s][info ][safepoint     ] Leaving safepoint region
[2023-11-25T16:09:19.802+0000][235.915s][info ][safepoint     ] Total time for which application threads were stopped: 0.0009793 seconds, Stopping threads took: 0.0003945 seconds
[2023-11-25T16:09:20.803+0000][236.915s][debug][safepoint     ] Safepoint synchronization initiated. (170 threads)
[2023-11-25T16:09:20.803+0000][236.916s][info ][safepoint     ] Application time: 1.0006836 seconds
[2023-11-25T16:09:20.804+0000][236.916s][info ][safepoint     ] Entering safepoint region: Cleanup
[2023-11-25T16:09:20.804+0000][236.917s][info ][safepoint     ] Leaving safepoint region
[2023-11-25T16:09:20.805+0000][236.917s][info ][safepoint     ] Total time for which application threads were stopped: 0.0008930 seconds, Stopping threads took: 0.0004058 seconds
[2023-11-25T16:09:21.805+0000][237.918s][debug][safepoint     ] Safepoint synchronization initiated. (170 threads)
[2023-11-25T16:09:21.806+0000][237.918s][info ][safepoint     ] Application time: 1.0004929 seconds
[2023-11-25T16:09:21.806+0000][237.919s][info ][safepoint     ] Entering safepoint region: Cleanup
[2023-11-25T16:09:21.807+0000][237.919s][info ][safepoint     ] Leaving safepoint region
[2023-11-25T16:09:21.807+0000][237.920s][info ][safepoint     ] Total time for which application threads were stopped: 0.0010682 seconds, Stopping threads took: 0.0005708 seconds
[2023-11-25T16:09:22.807+0000][238.920s][debug][safepoint     ] Safepoint synchronization initiated. (170 threads)
[2023-11-25T16:09:22.808+0000][238.920s][info ][safepoint     ] Application time: 1.0006466 seconds
[2023-11-25T16:09:22.808+0000][238.921s][info ][safepoint     ] Entering safepoint region: Cleanup
[2023-11-25T16:09:22.809+0000][238.922s][info ][safepoint     ] Leaving safepoint region
[2023-11-25T16:09:22.810+0000][238.922s][info ][safepoint     ] Total time for which application threads were stopped: 0.0011695 seconds, Stopping threads took: 0.0004707 seconds
[2023-11-25T16:09:23.810+0000][239.923s][debug][safepoint     ] Safepoint synchronization initiated. (170 threads)
[2023-11-25T16:09:23.811+0000][239.923s][info ][safepoint     ] Application time: 1.0007138 seconds
[2023-11-25T16:09:23.811+0000][239.924s][info ][safepoint     ] Entering safepoint region: Cleanup
[2023-11-25T16:09:23.812+0000][239.925s][info ][safepoint     ] Leaving safepoint region
[2023-11-25T16:09:23.813+0000][239.925s][info ][safepoint     ] Total time for which application threads were stopped: 0.0013560 seconds, Stopping threads took: 0.0006196 seconds
[2023-11-25T16:09:24.813+0000][240.926s][debug][safepoint     ] Safepoint synchronization initiated. (170 threads)
[2023-11-25T16:09:24.814+0000][240.927s][info ][safepoint     ] Application time: 1.0012858 seconds
[2023-11-25T16:09:24.816+0000][240.929s][info ][safepoint     ] Entering safepoint region: Cleanup
[2023-11-25T16:09:24.817+0000][240.929s][info ][safepoint     ] Leaving safepoint region
[2023-11-25T16:09:24.817+0000][240.930s][info ][safepoint     ] Total time for which application threads were stopped: 0.0010962 seconds, Stopping threads took: 0.0005259 seconds
[2023-11-25T16:09:25.818+0000][241.931s][debug][safepoint     ] Safepoint synchronization initiated. (170 threads)
[2023-11-25T16:09:25.819+0000][241.931s][info ][safepoint     ] Application time: 1.0009564 seconds
[2023-11-25T16:09:25.819+0000][241.932s][info ][safepoint     ] Entering safepoint region: Cleanup
[2023-11-25T16:09:25.820+0000][241.932s][info ][safepoint     ] Leaving safepoint region
[2023-11-25T16:09:25.820+0000][241.933s][info ][safepoint     ] Total time for which application threads were stopped: 0.0013004 seconds, Stopping threads took: 0.0005488 seconds
[2023-11-25T16:09:26.821+0000][242.934s][debug][safepoint     ] Safepoint synchronization initiated. (170 threads)
[2023-11-25T16:09:26.822+0000][242.934s][info ][safepoint     ] Application time: 1.0006081 seconds
[2023-11-25T16:09:26.822+0000][242.935s][info ][safepoint     ] Entering safepoint region: Cleanup
[2023-11-25T16:09:26.823+0000][242.935s][info ][safepoint     ] Leaving safepoint region
[2023-11-25T16:09:26.823+0000][242.936s][info ][safepoint     ] Total time for which application threads were stopped: 0.0010385 seconds, Stopping threads took: 0.0004513 seconds
[2023-11-25T16:09:27.824+0000][243.936s][debug][safepoint     ] Safepoint synchronization initiated. (170 threads)
[2023-11-25T16:09:27.824+0000][243.937s][info ][safepoint     ] Application time: 1.0007853 seconds
[2023-11-25T16:09:27.825+0000][243.938s][info ][safepoint     ] Entering safepoint region: Cleanup
[2023-11-25T16:09:27.827+0000][243.940s][info ][safepoint     ] Leaving safepoint region
[2023-11-25T16:09:27.827+0000][243.940s][info ][safepoint     ] Total time for which application threads were stopped: 0.0024087 seconds, Stopping threads took: 0.0015880 seconds
[2023-11-25T16:09:28.828+0000][244.941s][debug][safepoint     ] Safepoint synchronization initiated. (170 threads)
[2023-11-25T16:09:28.829+0000][244.942s][info ][safepoint     ] Application time: 1.0011555 seconds
[2023-11-25T16:09:28.831+0000][244.944s][info ][safepoint     ] Entering safepoint region: Cleanup
[2023-11-25T16:09:28.833+0000][244.945s][info ][safepoint     ] Leaving safepoint region
[2023-11-25T16:09:28.833+0000][244.946s][info ][safepoint     ] Total time for which application threads were stopped: 0.0020410 seconds, Stopping threads took: 0.0012892 seconds
[2023-11-25T16:09:29.834+0000][245.946s][debug][safepoint     ] Safepoint synchronization initiated. (170 threads)
[2023-11-25T16:09:29.834+0000][245.947s][info ][safepoint     ] Application time: 1.0008933 seconds
[2023-11-25T16:09:29.835+0000][245.948s][info ][safepoint     ] Entering safepoint region: Cleanup
[2023-11-25T16:09:29.836+0000][245.948s][info ][safepoint     ] Leaving safepoint region
[2023-11-25T16:09:29.836+0000][245.949s][info ][safepoint     ] Total time for which application threads were stopped: 0.0010297 seconds, Stopping threads took: 0.0005006 seconds
[2023-11-25T16:09:30.836+0000][246.949s][debug][safepoint     ] Safepoint synchronization initiated. (170 threads)
[2023-11-25T16:09:30.837+0000][246.950s][info ][safepoint     ] Application time: 1.0007793 seconds
[2023-11-25T16:09:30.838+0000][246.950s][info ][safepoint     ] Entering safepoint region: Cleanup
[2023-11-25T16:09:30.838+0000][246.951s][info ][safepoint     ] Leaving safepoint region
[2023-11-25T16:09:30.839+0000][246.951s][info ][safepoint     ] Total time for which application threads were stopped: 0.0013402 seconds, Stopping threads took: 0.0005990 seconds
[2023-11-25T16:09:31.839+0000][247.952s][debug][safepoint     ] Safepoint synchronization initiated. (170 threads)
[2023-11-25T16:09:31.840+0000][247.953s][info ][safepoint     ] Application time: 1.0008132 seconds
[2023-11-25T16:09:31.841+0000][247.953s][info ][safepoint     ] Entering safepoint region: Cleanup
[2023-11-25T16:09:31.841+0000][247.954s][info ][safepoint     ] Leaving safepoint region
[2023-11-25T16:09:31.842+0000][247.954s][info ][safepoint     ] Total time for which application threads were stopped: 0.0011166 seconds, Stopping threads took: 0.0005237 seconds
[2023-11-25T16:09:32.842+0000][248.955s][debug][safepoint     ] Safepoint synchronization initiated. (170 threads)
[2023-11-25T16:09:32.843+0000][248.956s][info ][safepoint     ] Application time: 1.0010095 seconds
[2023-11-25T16:09:32.844+0000][248.956s][info ][safepoint     ] Entering safepoint region: Cleanup
[2023-11-25T16:09:32.844+0000][248.957s][info ][safepoint     ] Leaving safepoint region
[2023-11-25T16:09:32.845+0000][248.957s][info ][safepoint     ] Total time for which application threads were stopped: 0.0012984 seconds, Stopping threads took: 0.0005846 seconds
[2023-11-25T16:09:33.846+0000][249.958s][debug][safepoint     ] Safepoint synchronization initiated. (170 threads)
[2023-11-25T16:09:33.846+0000][249.959s][info ][safepoint     ] Application time: 1.0008073 seconds
[2023-11-25T16:09:33.847+0000][249.959s][info ][safepoint     ] Entering safepoint region: Cleanup
[2023-11-25T16:09:33.847+0000][249.960s][info ][safepoint     ] Leaving safepoint region
[2023-11-25T16:09:33.848+0000][249.960s][info ][safepoint     ] Total time for which application threads were stopped: 0.0011693 seconds, Stopping threads took: 0.0004983 seconds
[2023-11-25T16:09:34.848+0000][250.961s][debug][safepoint     ] Safepoint synchronization initiated. (170 threads)
[2023-11-25T16:09:34.849+0000][250.962s][info ][safepoint     ] Application time: 1.0007541 seconds
[2023-11-25T16:09:34.849+0000][250.962s][info ][safepoint     ] Entering safepoint region: Cleanup
[2023-11-25T16:09:34.850+0000][250.963s][info ][safepoint     ] Leaving safepoint region
[2023-11-25T16:09:34.851+0000][250.963s][info ][safepoint     ] Total time for which application threads were stopped: 0.0011500 seconds, Stopping threads took: 0.0005672 seconds
[2023-11-25T16:09:35.851+0000][251.964s][debug][safepoint     ] Safepoint synchronization initiated. (170 threads)
[2023-11-25T16:09:35.852+0000][251.965s][info ][safepoint     ] Application time: 1.0014725 seconds
[2023-11-25T16:09:35.853+0000][251.966s][info ][safepoint     ] Entering safepoint region: Cleanup
[2023-11-25T16:09:35.854+0000][251.966s][info ][safepoint     ] Leaving safepoint region
[2023-11-25T16:09:35.854+0000][251.967s][info ][safepoint     ] Total time for which application threads were stopped: 0.0011297 seconds, Stopping threads took: 0.0005393 seconds
[2023-11-25T16:09:36.855+0000][252.967s][debug][safepoint     ] Safepoint synchronization initiated. (170 threads)
[2023-11-25T16:09:36.855+0000][252.968s][info ][safepoint     ] Application time: 1.0006621 seconds
[2023-11-25T16:09:36.856+0000][252.968s][info ][safepoint     ] Entering safepoint region: Cleanup
[2023-11-25T16:09:36.857+0000][252.969s][info ][safepoint     ] Leaving safepoint region
[2023-11-25T16:09:36.857+0000][252.970s][info ][safepoint     ] Total time for which application threads were stopped: 0.0012603 seconds, Stopping threads took: 0.0005573 seconds
[2023-11-25T16:09:37.858+0000][253.970s][debug][safepoint     ] Safepoint synchronization initiated. (170 threads)
[2023-11-25T16:09:37.858+0000][253.971s][info ][safepoint     ] Application time: 1.0008711 seconds
[2023-11-25T16:09:37.859+0000][253.971s][info ][safepoint     ] Entering safepoint region: Cleanup
[2023-11-25T16:09:37.859+0000][253.972s][info ][safepoint     ] Leaving safepoint region
[2023-11-25T16:09:37.860+0000][253.972s][info ][safepoint     ] Total time for which application threads were stopped: 0.0009071 seconds, Stopping threads took: 0.0004112 seconds
[2023-11-25T16:09:38.860+0000][254.973s][debug][safepoint     ] Safepoint synchronization initiated. (170 threads)
[2023-11-25T16:09:38.861+0000][254.974s][info ][safepoint     ] Application time: 1.0008273 seconds
[2023-11-25T16:09:38.862+0000][254.974s][info ][safepoint     ] Entering safepoint region: Cleanup
[2023-11-25T16:09:38.862+0000][254.975s][info ][safepoint     ] Leaving safepoint region
[2023-11-25T16:09:38.863+0000][254.975s][info ][safepoint     ] Total time for which application threads were stopped: 0.0010971 seconds, Stopping threads took: 0.0004380 seconds
[2023-11-25T16:09:39.863+0000][255.976s][debug][safepoint     ] Safepoint synchronization initiated. (170 threads)
[2023-11-25T16:09:39.864+0000][255.976s][info ][safepoint     ] Application time: 1.0005936 seconds
[2023-11-25T16:09:39.864+0000][255.977s][info ][safepoint     ] Entering safepoint region: Cleanup
[2023-11-25T16:09:39.865+0000][255.977s][info ][safepoint     ] Leaving safepoint region
[2023-11-25T16:09:39.865+0000][255.977s][info ][safepoint     ] Total time for which application threads were stopped: 0.0008148 seconds, Stopping threads took: 0.0003661 seconds
[2023-11-25T16:09:40.865+0000][256.978s][debug][safepoint     ] Safepoint synchronization initiated. (170 threads)
[2023-11-25T16:09:40.866+0000][256.979s][info ][safepoint     ] Application time: 1.0009092 seconds
[2023-11-25T16:09:40.866+0000][256.979s][info ][safepoint     ] Entering safepoint region: Cleanup
[2023-11-25T16:09:40.867+0000][256.980s][info ][safepoint     ] Leaving safepoint region
[2023-11-25T16:09:40.868+0000][256.980s][info ][safepoint     ] Total time for which application threads were stopped: 0.0014641 seconds, Stopping threads took: 0.0004259 seconds
[2023-11-25T16:09:41.868+0000][257.981s][debug][safepoint     ] Safepoint synchronization initiated. (170 threads)
[2023-11-25T16:09:41.869+0000][257.982s][info ][safepoint     ] Application time: 1.0010359 seconds
[2023-11-25T16:09:41.870+0000][257.983s][info ][safepoint     ] Entering safepoint region: Cleanup
[2023-11-25T16:09:41.871+0000][257.983s][info ][safepoint     ] Leaving safepoint region
[2023-11-25T16:09:41.871+0000][257.984s][info ][safepoint     ] Total time for which application threads were stopped: 0.0013270 seconds, Stopping threads took: 0.0005674 seconds
[2023-11-25T16:09:42.872+0000][258.985s][debug][safepoint     ] Safepoint synchronization initiated. (170 threads)
[2023-11-25T16:09:42.873+0000][258.985s][info ][safepoint     ] Application time: 1.0008775 seconds
[2023-11-25T16:09:42.873+0000][258.986s][info ][safepoint     ] Entering safepoint region: Cleanup
[2023-11-25T16:09:42.874+0000][258.986s][info ][safepoint     ] Leaving safepoint region
[2023-11-25T16:09:42.874+0000][258.987s][info ][safepoint     ] Total time for which application threads were stopped: 0.0011392 seconds, Stopping threads took: 0.0004924 seconds
[2023-11-25T16:09:43.875+0000][259.988s][debug][safepoint     ] Safepoint synchronization initiated. (170 threads)
[2023-11-25T16:09:43.876+0000][259.989s][info ][safepoint     ] Application time: 1.0013102 seconds
[2023-11-25T16:09:43.877+0000][259.989s][info ][safepoint     ] Entering safepoint region: Cleanup
[2023-11-25T16:09:43.877+0000][259.990s][info ][safepoint     ] Leaving safepoint region
[2023-11-25T16:09:43.878+0000][259.990s][info ][safepoint     ] Total time for which application threads were stopped: 0.0013090 seconds, Stopping threads took: 0.0006677 seconds
[2023-11-25T16:09:44.879+0000][260.991s][debug][safepoint     ] Safepoint synchronization initiated. (170 threads)
[2023-11-25T16:09:44.880+0000][260.992s][info ][safepoint     ] Application time: 1.0011760 seconds
[2023-11-25T16:09:44.880+0000][260.993s][info ][safepoint     ] Entering safepoint region: Cleanup
[2023-11-25T16:09:44.881+0000][260.994s][info ][safepoint     ] Leaving safepoint region
[2023-11-25T16:09:44.882+0000][260.994s][info ][safepoint     ] Total time for which application threads were stopped: 0.0014747 seconds, Stopping threads took: 0.0007356 seconds
[2023-11-25T16:09:45.882+0000][261.995s][debug][safepoint     ] Safepoint synchronization initiated. (170 threads)
[2023-11-25T16:09:45.883+0000][261.996s][info ][safepoint     ] Application time: 1.0008015 seconds
[2023-11-25T16:09:45.884+0000][261.997s][info ][safepoint     ] Entering safepoint region: Cleanup
[2023-11-25T16:09:45.885+0000][261.997s][info ][safepoint     ] Leaving safepoint region
[2023-11-25T16:09:45.885+0000][261.998s][info ][safepoint     ] Total time for which application threads were stopped: 0.0015621 seconds, Stopping threads took: 0.0005147 seconds
[2023-11-25T16:09:46.886+0000][262.999s][debug][safepoint     ] Safepoint synchronization initiated. (170 threads)
[2023-11-25T16:09:46.887+0000][263.000s][info ][safepoint     ] Application time: 1.0011820 seconds
[2023-11-25T16:09:46.887+0000][263.000s][info ][safepoint     ] Entering safepoint region: Cleanup
[2023-11-25T16:09:46.888+0000][263.001s][info ][safepoint     ] Leaving safepoint region
[2023-11-25T16:09:46.888+0000][263.001s][info ][safepoint     ] Total time for which application threads were stopped: 0.0011212 seconds, Stopping threads took: 0.0004661 seconds
[2023-11-25T16:09:47.889+0000][264.002s][debug][safepoint     ] Safepoint synchronization initiated. (170 threads)
[2023-11-25T16:09:47.890+0000][264.003s][info ][safepoint     ] Application time: 1.0007899 seconds
[2023-11-25T16:09:47.890+0000][264.003s][info ][safepoint     ] Entering safepoint region: Cleanup
[2023-11-25T16:09:47.891+0000][264.004s][info ][safepoint     ] Leaving safepoint region
[2023-11-25T16:09:47.891+0000][264.004s][info ][safepoint     ] Total time for which application threads were stopped: 0.0011924 seconds, Stopping threads took: 0.0005648 seconds
[2023-11-25T16:09:48.892+0000][265.005s][debug][safepoint     ] Safepoint synchronization initiated. (170 threads)
[2023-11-25T16:09:48.892+0000][265.005s][info ][safepoint     ] Application time: 1.0007533 seconds
[2023-11-25T16:09:48.893+0000][265.006s][info ][safepoint     ] Entering safepoint region: Cleanup
[2023-11-25T16:09:48.894+0000][265.007s][info ][safepoint     ] Leaving safepoint region
[2023-11-25T16:09:48.894+0000][265.007s][info ][safepoint     ] Total time for which application threads were stopped: 0.0012925 seconds, Stopping threads took: 0.0006271 seconds
[2023-11-25T16:09:49.895+0000][266.008s][debug][safepoint     ] Safepoint synchronization initiated. (170 threads)
[2023-11-25T16:09:49.895+0000][266.008s][info ][safepoint     ] Application time: 1.0004266 seconds
[2023-11-25T16:09:49.895+0000][266.008s][info ][safepoint     ] Entering safepoint region: Cleanup
[2023-11-25T16:09:49.896+0000][266.009s][info ][safepoint     ] Leaving safepoint region
[2023-11-25T16:09:49.896+0000][266.009s][info ][safepoint     ] Total time for which application threads were stopped: 0.0008586 seconds, Stopping threads took: 0.0003500 seconds
[2023-11-25T16:09:50.897+0000][267.010s][debug][safepoint     ] Safepoint synchronization initiated. (170 threads)
[2023-11-25T16:09:50.897+0000][267.010s][info ][safepoint     ] Application time: 1.0006388 seconds
[2023-11-25T16:09:50.898+0000][267.011s][info ][safepoint     ] Entering safepoint region: Cleanup
[2023-11-25T16:09:50.898+0000][267.011s][info ][safepoint     ] Leaving safepoint region
[2023-11-25T16:09:50.898+0000][267.012s][info ][safepoint     ] Total time for which application threads were stopped: 0.0009094 seconds, Stopping threads took: 0.0004195 seconds
[2023-11-25T16:09:51.899+0000][268.012s][debug][safepoint     ] Safepoint synchronization initiated. (170 threads)
[2023-11-25T16:09:51.900+0000][268.013s][info ][safepoint     ] Application time: 1.0008108 seconds
[2023-11-25T16:09:51.900+0000][268.013s][info ][safepoint     ] Entering safepoint region: Cleanup
[2023-11-25T16:09:51.901+0000][268.014s][info ][safepoint     ] Leaving safepoint region
[2023-11-25T16:09:51.901+0000][268.014s][info ][safepoint     ] Total time for which application threads were stopped: 0.0011335 seconds, Stopping threads took: 0.0005624 seconds
[2023-11-25T16:09:52.902+0000][269.015s][debug][safepoint     ] Safepoint synchronization initiated. (170 threads)
[2023-11-25T16:09:52.903+0000][269.016s][info ][safepoint     ] Application time: 1.0010540 seconds
[2023-11-25T16:09:52.903+0000][269.016s][info ][safepoint     ] Entering safepoint region: Cleanup
[2023-11-25T16:09:52.904+0000][269.017s][info ][safepoint     ] Leaving safepoint region
[2023-11-25T16:09:52.904+0000][269.017s][info ][safepoint     ] Total time for which application threads were stopped: 0.0011081 seconds, Stopping threads took: 0.0005261 seconds
[2023-11-25T16:09:53.905+0000][270.018s][debug][safepoint     ] Safepoint synchronization initiated. (170 threads)
[2023-11-25T16:09:53.905+0000][270.019s][info ][safepoint     ] Application time: 1.0006119 seconds
[2023-11-25T16:09:53.906+0000][270.019s][info ][safepoint     ] Entering safepoint region: Cleanup
[2023-11-25T16:09:53.907+0000][270.020s][info ][safepoint     ] Leaving safepoint region
[2023-11-25T16:09:53.907+0000][270.020s][info ][safepoint     ] Total time for which application threads were stopped: 0.0010317 seconds, Stopping threads took: 0.0004147 seconds
[2023-11-25T16:09:54.907+0000][271.021s][debug][safepoint     ] Safepoint synchronization initiated. (170 threads)
[2023-11-25T16:09:54.908+0000][271.021s][info ][safepoint     ] Application time: 1.0006457 seconds
[2023-11-25T16:09:54.908+0000][271.022s][info ][safepoint     ] Entering safepoint region: Cleanup
[2023-11-25T16:09:54.909+0000][271.022s][info ][safepoint     ] Leaving safepoint region
[2023-11-25T16:09:54.909+0000][271.022s][info ][safepoint     ] Total time for which application threads were stopped: 0.0008812 seconds, Stopping threads took: 0.0003238 seconds
[2023-11-25T16:09:55.910+0000][272.023s][debug][safepoint     ] Safepoint synchronization initiated. (170 threads)
[2023-11-25T16:09:55.911+0000][272.024s][info ][safepoint     ] Application time: 1.0008757 seconds
[2023-11-25T16:09:55.911+0000][272.024s][info ][safepoint     ] Entering safepoint region: Cleanup
[2023-11-25T16:09:55.912+0000][272.025s][info ][safepoint     ] Leaving safepoint region
[2023-11-25T16:09:55.912+0000][272.025s][info ][safepoint     ] Total time for which application threads were stopped: 0.0012394 seconds, Stopping threads took: 0.0005155 seconds
[2023-11-25T16:09:56.913+0000][273.026s][debug][safepoint     ] Safepoint synchronization initiated. (170 threads)
[2023-11-25T16:09:56.914+0000][273.027s][info ][safepoint     ] Application time: 1.0008720 seconds
[2023-11-25T16:09:56.914+0000][273.027s][info ][safepoint     ] Entering safepoint region: Cleanup
[2023-11-25T16:09:56.915+0000][273.028s][info ][safepoint     ] Leaving safepoint region
[2023-11-25T16:09:56.915+0000][273.028s][info ][safepoint     ] Total time for which application threads were stopped: 0.0011660 seconds, Stopping threads took: 0.0005166 seconds
[2023-11-25T16:09:57.916+0000][274.029s][debug][safepoint     ] Safepoint synchronization initiated. (170 threads)
[2023-11-25T16:09:57.917+0000][274.030s][info ][safepoint     ] Application time: 1.0010071 seconds
[2023-11-25T16:09:57.917+0000][274.031s][info ][safepoint     ] Entering safepoint region: Cleanup
[2023-11-25T16:09:57.918+0000][274.031s][info ][safepoint     ] Leaving safepoint region
[2023-11-25T16:09:57.918+0000][274.032s][info ][safepoint     ] Total time for which application threads were stopped: 0.0010996 seconds, Stopping threads took: 0.0005311 seconds
[2023-11-25T16:09:57.918+0000][274.031s][debug][safepoint     ] ... found polling page return exception at pc = 0x00007fe2d0d604c4, stub =0x00007fe2c8840600
[2023-11-25T16:09:57.918+0000][274.031s][debug][safepoint     ] ... found polling page return exception at pc = 0x00007fe2d0d604c4, stub =0x00007fe2c8840600
[2023-11-25T16:09:57.918+0000][274.031s][debug][safepoint     ] ... found polling page return exception at pc = 0x00007fe2d0d604c4, stub =0x00007fe2c8840600
[2023-11-25T16:09:57.918+0000][274.031s][debug][safepoint     ] ... found polling page return exception at pc = 0x00007fe2d0d604c4, stub =0x00007fe2c8840600
[2023-11-25T16:09:58.919+0000][275.032s][debug][safepoint     ] Safepoint synchronization initiated. (170 threads)
[2023-11-25T16:09:58.920+0000][275.033s][info ][safepoint     ] Application time: 1.0009773 seconds
[2023-11-25T16:09:58.920+0000][275.034s][info ][safepoint     ] Entering safepoint region: Cleanup
[2023-11-25T16:09:58.921+0000][275.034s][info ][safepoint     ] Leaving safepoint region
[2023-11-25T16:09:58.922+0000][275.035s][info ][safepoint     ] Total time for which application threads were stopped: 0.0012725 seconds, Stopping threads took: 0.0006660 seconds
[2023-11-25T16:09:59.922+0000][276.035s][debug][safepoint     ] Safepoint synchronization initiated. (170 threads)
[2023-11-25T16:09:59.923+0000][276.036s][info ][safepoint     ] Application time: 1.0006937 seconds
[2023-11-25T16:09:59.923+0000][276.036s][info ][safepoint     ] Entering safepoint region: Cleanup
[2023-11-25T16:09:59.924+0000][276.037s][info ][safepoint     ] Leaving safepoint region
[2023-11-25T16:09:59.924+0000][276.037s][info ][safepoint     ] Total time for which application threads were stopped: 0.0009058 seconds, Stopping threads took: 0.0003616 seconds
[2023-11-25T16:10:00.924+0000][277.038s][debug][safepoint     ] Safepoint synchronization initiated. (170 threads)
[2023-11-25T16:10:00.925+0000][277.038s][info ][safepoint     ] Application time: 1.0006212 seconds
[2023-11-25T16:10:00.925+0000][277.038s][info ][safepoint     ] Entering safepoint region: Cleanup
[2023-11-25T16:10:00.926+0000][277.039s][info ][safepoint     ] Leaving safepoint region
[2023-11-25T16:10:00.926+0000][277.039s][info ][safepoint     ] Total time for which application threads were stopped: 0.0009601 seconds, Stopping threads took: 0.0004237 seconds
[2023-11-25T16:10:01.927+0000][278.040s][debug][safepoint     ] Safepoint synchronization initiated. (170 threads)
[2023-11-25T16:10:01.927+0000][278.040s][info ][safepoint     ] Application time: 1.0008259 seconds
[2023-11-25T16:10:01.928+0000][278.041s][info ][safepoint     ] Entering safepoint region: Cleanup
[2023-11-25T16:10:01.929+0000][278.042s][info ][safepoint     ] Leaving safepoint region
[2023-11-25T16:10:01.929+0000][278.042s][info ][safepoint     ] Total time for which application threads were stopped: 0.0011222 seconds, Stopping threads took: 0.0004929 seconds
[2023-11-25T16:10:02.930+0000][279.043s][debug][safepoint     ] Safepoint synchronization initiated. (170 threads)
[2023-11-25T16:10:02.930+0000][279.043s][info ][safepoint     ] Application time: 1.0007730 seconds
[2023-11-25T16:10:02.931+0000][279.044s][info ][safepoint     ] Entering safepoint region: Cleanup
[2023-11-25T16:10:02.931+0000][279.045s][info ][safepoint     ] Leaving safepoint region
[2023-11-25T16:10:02.932+0000][279.045s][info ][safepoint     ] Total time for which application threads were stopped: 0.0011193 seconds, Stopping threads took: 0.0005228 seconds
[2023-11-25T16:10:03.932+0000][280.046s][debug][safepoint     ] Safepoint synchronization initiated. (170 threads)
[2023-11-25T16:10:03.933+0000][280.046s][info ][safepoint     ] Application time: 1.0006907 seconds
[2023-11-25T16:10:03.934+0000][280.047s][info ][safepoint     ] Entering safepoint region: Cleanup
[2023-11-25T16:10:03.934+0000][280.047s][info ][safepoint     ] Leaving safepoint region
[2023-11-25T16:10:03.935+0000][280.048s][info ][safepoint     ] Total time for which application threads were stopped: 0.0011918 seconds, Stopping threads took: 0.0005740 seconds
[2023-11-25T16:10:04.935+0000][281.048s][debug][safepoint     ] Safepoint synchronization initiated. (170 threads)
[2023-11-25T16:10:04.936+0000][281.049s][info ][safepoint     ] Application time: 1.0007466 seconds
[2023-11-25T16:10:04.936+0000][281.049s][info ][safepoint     ] Entering safepoint region: Cleanup
[2023-11-25T16:10:04.937+0000][281.050s][info ][safepoint     ] Leaving safepoint region
[2023-11-25T16:10:04.937+0000][281.051s][info ][safepoint     ] Total time for which application threads were stopped: 0.0012430 seconds, Stopping threads took: 0.0005584 seconds
[2023-11-25T16:10:05.938+0000][282.051s][debug][safepoint     ] Safepoint synchronization initiated. (170 threads)
[2023-11-25T16:10:05.939+0000][282.052s][info ][safepoint     ] Application time: 1.0007235 seconds
[2023-11-25T16:10:05.939+0000][282.052s][info ][safepoint     ] Entering safepoint region: Cleanup
[2023-11-25T16:10:05.940+0000][282.053s][info ][safepoint     ] Leaving safepoint region
[2023-11-25T16:10:05.940+0000][282.053s][info ][safepoint     ] Total time for which application threads were stopped: 0.0012951 seconds, Stopping threads took: 0.0005751 seconds
[2023-11-25T16:10:06.941+0000][283.054s][debug][safepoint     ] Safepoint synchronization initiated. (170 threads)
[2023-11-25T16:10:06.942+0000][283.055s][info ][safepoint     ] Application time: 1.0007874 seconds
[2023-11-25T16:10:06.942+0000][283.055s][info ][safepoint     ] Entering safepoint region: Cleanup
[2023-11-25T16:10:06.943+0000][283.056s][info ][safepoint     ] Leaving safepoint region
[2023-11-25T16:10:06.943+0000][283.056s][info ][safepoint     ] Total time for which application threads were stopped: 0.0011825 seconds, Stopping threads took: 0.0005409 seconds
[2023-11-25T16:10:07.944+0000][284.057s][debug][safepoint     ] Safepoint synchronization initiated. (170 threads)
[2023-11-25T16:10:07.945+0000][284.058s][info ][safepoint     ] Application time: 1.0007026 seconds
[2023-11-25T16:10:07.945+0000][284.058s][info ][safepoint     ] Entering safepoint region: Cleanup
[2023-11-25T16:10:07.946+0000][284.059s][info ][safepoint     ] Leaving safepoint region
[2023-11-25T16:10:07.946+0000][284.059s][info ][safepoint     ] Total time for which application threads were stopped: 0.0010153 seconds, Stopping threads took: 0.0004200 seconds
[2023-11-25T16:10:08.946+0000][285.060s][debug][safepoint     ] Safepoint synchronization initiated. (170 threads)
[2023-11-25T16:10:08.947+0000][285.060s][info ][safepoint     ] Application time: 1.0005665 seconds
[2023-11-25T16:10:08.947+0000][285.060s][info ][safepoint     ] Entering safepoint region: Cleanup
[2023-11-25T16:10:08.948+0000][285.061s][info ][safepoint     ] Leaving safepoint region
[2023-11-25T16:10:08.948+0000][285.061s][info ][safepoint     ] Total time for which application threads were stopped: 0.0010708 seconds, Stopping threads took: 0.0004273 seconds
[2023-11-25T16:10:09.949+0000][286.062s][debug][safepoint     ] Safepoint synchronization initiated. (170 threads)
[2023-11-25T16:10:09.950+0000][286.063s][info ][safepoint     ] Application time: 1.0008361 seconds
[2023-11-25T16:10:09.950+0000][286.063s][info ][safepoint     ] Entering safepoint region: Cleanup
[2023-11-25T16:10:09.951+0000][286.064s][info ][safepoint     ] Leaving safepoint region
[2023-11-25T16:10:09.951+0000][286.064s][info ][safepoint     ] Total time for which application threads were stopped: 0.0010299 seconds, Stopping threads took: 0.0004437 seconds
[2023-11-25T16:10:10.952+0000][287.065s][debug][safepoint     ] Safepoint synchronization initiated. (170 threads)
[2023-11-25T16:10:10.952+0000][287.066s][info ][safepoint     ] Application time: 1.0006829 seconds
[2023-11-25T16:10:10.953+0000][287.066s][info ][safepoint     ] Entering safepoint region: Cleanup
[2023-11-25T16:10:10.954+0000][287.067s][info ][safepoint     ] Leaving safepoint region
[2023-11-25T16:10:10.954+0000][287.067s][info ][safepoint     ] Total time for which application threads were stopped: 0.0012150 seconds, Stopping threads took: 0.0005506 seconds
[2023-11-25T16:10:11.955+0000][288.068s][debug][safepoint     ] Safepoint synchronization initiated. (170 threads)
[2023-11-25T16:10:11.956+0000][288.069s][info ][safepoint     ] Application time: 1.0011425 seconds
[2023-11-25T16:10:11.956+0000][288.069s][info ][safepoint     ] Entering safepoint region: Cleanup
[2023-11-25T16:10:11.957+0000][288.070s][info ][safepoint     ] Leaving safepoint region
[2023-11-25T16:10:11.958+0000][288.071s][info ][safepoint     ] Total time for which application threads were stopped: 0.0015589 seconds, Stopping threads took: 0.0006511 seconds
[2023-11-25T16:10:12.959+0000][289.072s][debug][safepoint     ] Safepoint synchronization initiated. (170 threads)
[2023-11-25T16:10:12.959+0000][289.072s][info ][safepoint     ] Application time: 1.0008257 seconds
[2023-11-25T16:10:12.960+0000][289.073s][info ][safepoint     ] Entering safepoint region: Cleanup
[2023-11-25T16:10:12.961+0000][289.074s][info ][safepoint     ] Leaving safepoint region
[2023-11-25T16:10:12.961+0000][289.075s][info ][safepoint     ] Total time for which application threads were stopped: 0.0014625 seconds, Stopping threads took: 0.0006832 seconds
[2023-11-25T16:10:13.962+0000][290.075s][debug][safepoint     ] Safepoint synchronization initiated. (170 threads)
[2023-11-25T16:10:13.963+0000][290.076s][info ][safepoint     ] Application time: 1.0009959 seconds
[2023-11-25T16:10:13.963+0000][290.077s][info ][safepoint     ] Entering safepoint region: Cleanup
[2023-11-25T16:10:13.964+0000][290.077s][info ][safepoint     ] Leaving safepoint region
[2023-11-25T16:10:13.965+0000][290.078s][info ][safepoint     ] Total time for which application threads were stopped: 0.0015246 seconds, Stopping threads took: 0.0007426 seconds
[2023-11-25T16:10:14.966+0000][291.079s][debug][safepoint     ] Safepoint synchronization initiated. (170 threads)
[2023-11-25T16:10:14.966+0000][291.079s][info ][safepoint     ] Application time: 1.0008054 seconds
[2023-11-25T16:10:14.967+0000][291.080s][info ][safepoint     ] Entering safepoint region: Cleanup
[2023-11-25T16:10:14.968+0000][291.081s][info ][safepoint     ] Leaving safepoint region
[2023-11-25T16:10:14.968+0000][291.081s][info ][safepoint     ] Total time for which application threads were stopped: 0.0010042 seconds, Stopping threads took: 0.0005072 seconds
[2023-11-25T16:10:15.968+0000][292.082s][debug][safepoint     ] Safepoint synchronization initiated. (170 threads)
[2023-11-25T16:10:15.969+0000][292.082s][info ][safepoint     ] Application time: 1.0007411 seconds
[2023-11-25T16:10:15.969+0000][292.083s][info ][safepoint     ] Entering safepoint region: Cleanup
[2023-11-25T16:10:15.970+0000][292.083s][info ][safepoint     ] Leaving safepoint region
[2023-11-25T16:10:15.970+0000][292.084s][info ][safepoint     ] Total time for which application threads were stopped: 0.0010343 seconds, Stopping threads took: 0.0004487 seconds
[2023-11-25T16:10:16.971+0000][293.084s][debug][safepoint     ] Safepoint synchronization initiated. (170 threads)
[2023-11-25T16:10:16.972+0000][293.085s][info ][safepoint     ] Application time: 1.0007259 seconds
[2023-11-25T16:10:16.972+0000][293.085s][info ][safepoint     ] Entering safepoint region: Cleanup
[2023-11-25T16:10:16.973+0000][293.086s][info ][safepoint     ] Leaving safepoint region
[2023-11-25T16:10:16.973+0000][293.086s][info ][safepoint     ] Total time for which application threads were stopped: 0.0009956 seconds, Stopping threads took: 0.0004933 seconds
[2023-11-25T16:10:17.974+0000][294.087s][debug][safepoint     ] Safepoint synchronization initiated. (170 threads)
[2023-11-25T16:10:17.974+0000][294.087s][info ][safepoint     ] Application time: 1.0008190 seconds
[2023-11-25T16:10:17.975+0000][294.088s][info ][safepoint     ] Entering safepoint region: Cleanup
[2023-11-25T16:10:17.975+0000][294.088s][info ][safepoint     ] Leaving safepoint region
[2023-11-25T16:10:17.976+0000][294.089s][info ][safepoint     ] Total time for which application threads were stopped: 0.0010668 seconds, Stopping threads took: 0.0004782 seconds
[2023-11-25T16:10:18.976+0000][295.089s][debug][safepoint     ] Safepoint synchronization initiated. (170 threads)
[2023-11-25T16:10:18.977+0000][295.090s][info ][safepoint     ] Application time: 1.0012409 seconds
[2023-11-25T16:10:18.978+0000][295.091s][info ][safepoint     ] Entering safepoint region: Cleanup
[2023-11-25T16:10:18.979+0000][295.092s][info ][safepoint     ] Leaving safepoint region
[2023-11-25T16:10:18.979+0000][295.092s][info ][safepoint     ] Total time for which application threads were stopped: 0.0013140 seconds, Stopping threads took: 0.0005573 seconds
[2023-11-25T16:10:19.980+0000][296.093s][debug][safepoint     ] Safepoint synchronization initiated. (170 threads)
[2023-11-25T16:10:19.980+0000][296.093s][info ][safepoint     ] Application time: 1.0005507 seconds
[2023-11-25T16:10:19.981+0000][296.094s][info ][safepoint     ] Entering safepoint region: Cleanup
[2023-11-25T16:10:19.981+0000][296.094s][info ][safepoint     ] Leaving safepoint region
[2023-11-25T16:10:19.982+0000][296.095s][info ][safepoint     ] Total time for which application threads were stopped: 0.0008824 seconds, Stopping threads took: 0.0003358 seconds
[2023-11-25T16:10:20.982+0000][297.095s][debug][safepoint     ] Safepoint synchronization initiated. (170 threads)
[2023-11-25T16:10:20.982+0000][297.096s][info ][safepoint     ] Application time: 1.0005462 seconds
[2023-11-25T16:10:20.983+0000][297.096s][info ][safepoint     ] Entering safepoint region: Cleanup
[2023-11-25T16:10:20.984+0000][297.097s][info ][safepoint     ] Leaving safepoint region
[2023-11-25T16:10:20.984+0000][297.097s][info ][safepoint     ] Total time for which application threads were stopped: 0.0010668 seconds, Stopping threads took: 0.0004392 seconds
[2023-11-25T16:10:21.984+0000][298.097s][debug][safepoint     ] Safepoint synchronization initiated. (170 threads)
[2023-11-25T16:10:21.986+0000][298.099s][info ][safepoint     ] Application time: 1.0011836 seconds
[2023-11-25T16:10:21.987+0000][298.100s][info ][safepoint     ] Entering safepoint region: Cleanup
[2023-11-25T16:10:21.990+0000][298.103s][info ][safepoint     ] Leaving safepoint region
[2023-11-25T16:10:21.991+0000][298.104s][info ][safepoint     ] Total time for which application threads were stopped: 0.0034826 seconds, Stopping threads took: 0.0025494 seconds
[2023-11-25T16:10:22.991+0000][299.104s][debug][safepoint     ] Safepoint synchronization initiated. (170 threads)
[2023-11-25T16:10:22.992+0000][299.105s][info ][safepoint     ] Application time: 1.0004418 seconds
[2023-11-25T16:10:22.992+0000][299.105s][info ][safepoint     ] Entering safepoint region: Cleanup
[2023-11-25T16:10:22.993+0000][299.106s][info ][safepoint     ] Leaving safepoint region
[2023-11-25T16:10:22.993+0000][299.106s][info ][safepoint     ] Total time for which application threads were stopped: 0.0007351 seconds, Stopping threads took: 0.0003142 seconds
[2023-11-25T16:10:23.993+0000][300.106s][debug][safepoint     ] Safepoint synchronization initiated. (170 threads)
[2023-11-25T16:10:23.994+0000][300.107s][info ][safepoint     ] Application time: 1.0005200 seconds
[2023-11-25T16:10:23.994+0000][300.107s][info ][safepoint     ] Entering safepoint region: Cleanup
[2023-11-25T16:10:23.995+0000][300.108s][info ][safepoint     ] Leaving safepoint region
[2023-11-25T16:10:23.995+0000][300.108s][info ][safepoint     ] Total time for which application threads were stopped: 0.0011585 seconds, Stopping threads took: 0.0005424 seconds
[2023-11-25T16:10:24.996+0000][301.109s][debug][safepoint     ] Safepoint synchronization initiated. (170 threads)
[2023-11-25T16:10:24.996+0000][301.109s][info ][safepoint     ] Application time: 1.0006404 seconds
[2023-11-25T16:10:24.997+0000][301.110s][info ][safepoint     ] Entering safepoint region: Cleanup
[2023-11-25T16:10:24.997+0000][301.110s][info ][safepoint     ] Leaving safepoint region
[2023-11-25T16:10:24.997+0000][301.110s][info ][safepoint     ] Total time for which application threads were stopped: 0.0007694 seconds, Stopping threads took: 0.0003271 seconds
[2023-11-25T16:10:25.998+0000][302.111s][debug][safepoint     ] Safepoint synchronization initiated. (170 threads)
[2023-11-25T16:10:25.998+0000][302.111s][info ][safepoint     ] Application time: 1.0006936 seconds
[2023-11-25T16:10:25.999+0000][302.112s][info ][safepoint     ] Entering safepoint region: Cleanup
[2023-11-25T16:10:25.999+0000][302.112s][info ][safepoint     ] Leaving safepoint region
[2023-11-25T16:10:26.000+0000][302.113s][info ][safepoint     ] Total time for which application threads were stopped: 0.0010314 seconds, Stopping threads took: 0.0004105 seconds
[2023-11-25T16:10:27.000+0000][303.113s][debug][safepoint     ] Safepoint synchronization initiated. (170 threads)
[2023-11-25T16:10:27.001+0000][303.114s][info ][safepoint     ] Application time: 1.0009134 seconds
[2023-11-25T16:10:27.001+0000][303.115s][info ][safepoint     ] Entering safepoint region: Cleanup
[2023-11-25T16:10:27.002+0000][303.115s][info ][safepoint     ] Leaving safepoint region
[2023-11-25T16:10:27.002+0000][303.115s][info ][safepoint     ] Total time for which application threads were stopped: 0.0010094 seconds, Stopping threads took: 0.0004222 seconds
[2023-11-25T16:10:28.003+0000][304.116s][debug][safepoint     ] Safepoint synchronization initiated. (170 threads)
[2023-11-25T16:10:28.004+0000][304.117s][info ][safepoint     ] Application time: 1.0006724 seconds
[2023-11-25T16:10:28.004+0000][304.117s][info ][safepoint     ] Entering safepoint region: Cleanup
[2023-11-25T16:10:28.005+0000][304.118s][info ][safepoint     ] Leaving safepoint region
[2023-11-25T16:10:28.005+0000][304.118s][info ][safepoint     ] Total time for which application threads were stopped: 0.0010588 seconds, Stopping threads took: 0.0004160 seconds
[2023-11-25T16:10:29.006+0000][305.119s][debug][safepoint     ] Safepoint synchronization initiated. (170 threads)
[2023-11-25T16:10:29.006+0000][305.119s][info ][safepoint     ] Application time: 1.0005205 seconds
[2023-11-25T16:10:29.006+0000][305.119s][info ][safepoint     ] Entering safepoint region: Cleanup
[2023-11-25T16:10:29.007+0000][305.120s][info ][safepoint     ] Leaving safepoint region
[2023-11-25T16:10:29.007+0000][305.120s][info ][safepoint     ] Total time for which application threads were stopped: 0.0010367 seconds, Stopping threads took: 0.0004082 seconds
[2023-11-25T16:10:30.008+0000][306.121s][debug][safepoint     ] Safepoint synchronization initiated. (170 threads)
[2023-11-25T16:10:30.008+0000][306.121s][info ][safepoint     ] Application time: 1.0006611 seconds
[2023-11-25T16:10:30.009+0000][306.122s][info ][safepoint     ] Entering safepoint region: Cleanup
[2023-11-25T16:10:30.010+0000][306.123s][info ][safepoint     ] Leaving safepoint region
[2023-11-25T16:10:30.010+0000][306.123s][info ][safepoint     ] Total time for which application threads were stopped: 0.0010721 seconds, Stopping threads took: 0.0004459 seconds
[2023-11-25T16:10:31.010+0000][307.123s][debug][safepoint     ] Safepoint synchronization initiated. (170 threads)
[2023-11-25T16:10:31.011+0000][307.124s][info ][safepoint     ] Application time: 1.0006781 seconds
[2023-11-25T16:10:31.011+0000][307.124s][info ][safepoint     ] Entering safepoint region: Cleanup
[2023-11-25T16:10:31.012+0000][307.125s][info ][safepoint     ] Leaving safepoint region
[2023-11-25T16:10:31.012+0000][307.125s][info ][safepoint     ] Total time for which application threads were stopped: 0.0010686 seconds, Stopping threads took: 0.0003687 seconds
[2023-11-25T16:10:32.013+0000][308.126s][debug][safepoint     ] Safepoint synchronization initiated. (170 threads)
[2023-11-25T16:10:32.013+0000][308.127s][info ][safepoint     ] Application time: 1.0008293 seconds
[2023-11-25T16:10:32.014+0000][308.127s][info ][safepoint     ] Entering safepoint region: Cleanup
[2023-11-25T16:10:32.015+0000][308.128s][info ][safepoint     ] Leaving safepoint region
[2023-11-25T16:10:32.015+0000][308.128s][info ][safepoint     ] Total time for which application threads were stopped: 0.0011992 seconds, Stopping threads took: 0.0005838 seconds
[2023-11-25T16:10:33.016+0000][309.129s][debug][safepoint     ] Safepoint synchronization initiated. (170 threads)
[2023-11-25T16:10:33.016+0000][309.129s][info ][safepoint     ] Application time: 1.0006798 seconds
[2023-11-25T16:10:33.017+0000][309.130s][info ][safepoint     ] Entering safepoint region: Cleanup
[2023-11-25T16:10:33.018+0000][309.131s][info ][safepoint     ] Leaving safepoint region
[2023-11-25T16:10:33.018+0000][309.131s][info ][safepoint     ] Total time for which application threads were stopped: 0.0011744 seconds, Stopping threads took: 0.0005796 seconds
[2023-11-25T16:10:34.019+0000][310.132s][debug][safepoint     ] Safepoint synchronization initiated. (170 threads)
[2023-11-25T16:10:34.019+0000][310.133s][info ][safepoint     ] Application time: 1.0011181 seconds
[2023-11-25T16:10:34.020+0000][310.133s][info ][safepoint     ] Entering safepoint region: Cleanup
[2023-11-25T16:10:34.021+0000][310.134s][info ][safepoint     ] Leaving safepoint region
[2023-11-25T16:10:34.021+0000][310.134s][info ][safepoint     ] Total time for which application threads were stopped: 0.0012693 seconds, Stopping threads took: 0.0005911 seconds
[2023-11-25T16:10:35.022+0000][311.135s][debug][safepoint     ] Safepoint synchronization initiated. (170 threads)
[2023-11-25T16:10:35.023+0000][311.136s][info ][safepoint     ] Application time: 1.0010392 seconds
[2023-11-25T16:10:35.023+0000][311.136s][info ][safepoint     ] Entering safepoint region: Cleanup
[2023-11-25T16:10:35.024+0000][311.137s][info ][safepoint     ] Leaving safepoint region
[2023-11-25T16:10:35.025+0000][311.138s][info ][safepoint     ] Total time for which application threads were stopped: 0.0011250 seconds, Stopping threads took: 0.0004788 seconds
[2023-11-25T16:10:36.025+0000][312.138s][debug][safepoint     ] Safepoint synchronization initiated. (170 threads)
[2023-11-25T16:10:36.026+0000][312.139s][info ][safepoint     ] Application time: 1.0008606 seconds
[2023-11-25T16:10:36.026+0000][312.139s][info ][safepoint     ] Entering safepoint region: Cleanup
[2023-11-25T16:10:36.027+0000][312.140s][info ][safepoint     ] Leaving safepoint region
[2023-11-25T16:10:36.028+0000][312.141s][info ][safepoint     ] Total time for which application threads were stopped: 0.0012269 seconds, Stopping threads took: 0.0005955 seconds
[2023-11-25T16:10:37.028+0000][313.141s][debug][safepoint     ] Safepoint synchronization initiated. (170 threads)
[2023-11-25T16:10:37.029+0000][313.142s][info ][safepoint     ] Application time: 1.0005881 seconds
[2023-11-25T16:10:37.029+0000][313.142s][info ][safepoint     ] Entering safepoint region: Cleanup
[2023-11-25T16:10:37.030+0000][313.143s][info ][safepoint     ] Leaving safepoint region
[2023-11-25T16:10:37.030+0000][313.143s][info ][safepoint     ] Total time for which application threads were stopped: 0.0008884 seconds, Stopping threads took: 0.0003047 seconds
[2023-11-25T16:10:38.030+0000][314.143s][debug][safepoint     ] Safepoint synchronization initiated. (170 threads)
[2023-11-25T16:10:38.031+0000][314.144s][info ][safepoint     ] Application time: 1.0007471 seconds
[2023-11-25T16:10:38.031+0000][314.144s][info ][safepoint     ] Entering safepoint region: Cleanup
[2023-11-25T16:10:38.032+0000][314.145s][info ][safepoint     ] Leaving safepoint region
[2023-11-25T16:10:38.033+0000][314.146s][info ][safepoint     ] Total time for which application threads were stopped: 0.0011954 seconds, Stopping threads took: 0.0004856 seconds
[2023-11-25T16:10:39.033+0000][315.146s][debug][safepoint     ] Safepoint synchronization initiated. (170 threads)
[2023-11-25T16:10:39.034+0000][315.147s][info ][safepoint     ] Application time: 1.0009884 seconds
[2023-11-25T16:10:39.035+0000][315.148s][info ][safepoint     ] Entering safepoint region: Cleanup
[2023-11-25T16:10:39.036+0000][315.149s][info ][safepoint     ] Leaving safepoint region
[2023-11-25T16:10:39.036+0000][315.149s][info ][safepoint     ] Total time for which application threads were stopped: 0.0011105 seconds, Stopping threads took: 0.0004827 seconds
[2023-11-25T16:10:40.037+0000][316.150s][debug][safepoint     ] Safepoint synchronization initiated. (170 threads)
[2023-11-25T16:10:40.038+0000][316.151s][info ][safepoint     ] Application time: 1.0010782 seconds
[2023-11-25T16:10:40.038+0000][316.151s][info ][safepoint     ] Entering safepoint region: Cleanup
[2023-11-25T16:10:40.039+0000][316.152s][info ][safepoint     ] Leaving safepoint region
[2023-11-25T16:10:40.039+0000][316.152s][info ][safepoint     ] Total time for which application threads were stopped: 0.0011508 seconds, Stopping threads took: 0.0005648 seconds
[2023-11-25T16:10:41.040+0000][317.153s][debug][safepoint     ] Safepoint synchronization initiated. (170 threads)
[2023-11-25T16:10:41.040+0000][317.153s][info ][safepoint     ] Application time: 1.0005645 seconds
[2023-11-25T16:10:41.040+0000][317.153s][info ][safepoint     ] Entering safepoint region: Cleanup
[2023-11-25T16:10:41.041+0000][317.154s][info ][safepoint     ] Leaving safepoint region
[2023-11-25T16:10:41.041+0000][317.154s][info ][safepoint     ] Total time for which application threads were stopped: 0.0009038 seconds, Stopping threads took: 0.0003638 seconds
[2023-11-25T16:10:42.042+0000][318.155s][debug][safepoint     ] Safepoint synchronization initiated. (170 threads)
[2023-11-25T16:10:42.042+0000][318.155s][info ][safepoint     ] Application time: 1.0007459 seconds
[2023-11-25T16:10:42.043+0000][318.156s][info ][safepoint     ] Entering safepoint region: Cleanup
[2023-11-25T16:10:42.044+0000][318.157s][info ][safepoint     ] Leaving safepoint region
[2023-11-25T16:10:42.044+0000][318.157s][info ][safepoint     ] Total time for which application threads were stopped: 0.0010510 seconds, Stopping threads took: 0.0004574 seconds
[2023-11-25T16:10:43.044+0000][319.157s][debug][safepoint     ] Safepoint synchronization initiated. (170 threads)
[2023-11-25T16:10:43.045+0000][319.158s][info ][safepoint     ] Application time: 1.0005489 seconds
[2023-11-25T16:10:43.045+0000][319.158s][info ][safepoint     ] Entering safepoint region: Cleanup
[2023-11-25T16:10:43.046+0000][319.159s][info ][safepoint     ] Leaving safepoint region
[2023-11-25T16:10:43.046+0000][319.159s][info ][safepoint     ] Total time for which application threads were stopped: 0.0009457 seconds, Stopping threads took: 0.0003701 seconds
[2023-11-25T16:10:44.047+0000][320.160s][debug][safepoint     ] Safepoint synchronization initiated. (170 threads)
[2023-11-25T16:10:44.047+0000][320.160s][info ][safepoint     ] Application time: 1.0006916 seconds
[2023-11-25T16:10:44.048+0000][320.161s][info ][safepoint     ] Entering safepoint region: Cleanup
[2023-11-25T16:10:44.048+0000][320.161s][info ][safepoint     ] Leaving safepoint region
[2023-11-25T16:10:44.049+0000][320.162s][info ][safepoint     ] Total time for which application threads were stopped: 0.0009971 seconds, Stopping threads took: 0.0004577 seconds
[2023-11-25T16:10:45.049+0000][321.162s][debug][safepoint     ] Safepoint synchronization initiated. (170 threads)
[2023-11-25T16:10:45.050+0000][321.163s][info ][safepoint     ] Application time: 1.0006732 seconds
[2023-11-25T16:10:45.050+0000][321.163s][info ][safepoint     ] Entering safepoint region: Cleanup
[2023-11-25T16:10:45.051+0000][321.164s][info ][safepoint     ] Leaving safepoint region
[2023-11-25T16:10:45.051+0000][321.164s][info ][safepoint     ] Total time for which application threads were stopped: 0.0009322 seconds, Stopping threads took: 0.0003639 seconds
[2023-11-25T16:10:46.051+0000][322.164s][debug][safepoint     ] Safepoint synchronization initiated. (170 threads)
[2023-11-25T16:10:46.052+0000][322.165s][info ][safepoint     ] Application time: 1.0005553 seconds
[2023-11-25T16:10:46.052+0000][322.165s][info ][safepoint     ] Entering safepoint region: Cleanup
[2023-11-25T16:10:46.053+0000][322.166s][info ][safepoint     ] Leaving safepoint region
[2023-11-25T16:10:46.053+0000][322.166s][info ][safepoint     ] Total time for which application threads were stopped: 0.0011620 seconds, Stopping threads took: 0.0005522 seconds
[2023-11-25T16:10:47.054+0000][323.167s][debug][safepoint     ] Safepoint synchronization initiated. (170 threads)
[2023-11-25T16:10:47.054+0000][323.167s][info ][safepoint     ] Application time: 1.0006511 seconds
[2023-11-25T16:10:47.055+0000][323.168s][info ][safepoint     ] Entering safepoint region: Cleanup
[2023-11-25T16:10:47.055+0000][323.168s][info ][safepoint     ] Leaving safepoint region
[2023-11-25T16:10:47.055+0000][323.169s][info ][safepoint     ] Total time for which application threads were stopped: 0.0009888 seconds, Stopping threads took: 0.0003903 seconds
[2023-11-25T16:10:48.056+0000][324.169s][debug][safepoint     ] Safepoint synchronization initiated. (170 threads)
[2023-11-25T16:10:48.057+0000][324.170s][info ][safepoint     ] Application time: 1.0006202 seconds
[2023-11-25T16:10:48.057+0000][324.170s][info ][safepoint     ] Entering safepoint region: Cleanup
[2023-11-25T16:10:48.058+0000][324.171s][info ][safepoint     ] Leaving safepoint region
[2023-11-25T16:10:48.058+0000][324.171s][info ][safepoint     ] Total time for which application threads were stopped: 0.0010193 seconds, Stopping threads took: 0.0003753 seconds
[2023-11-25T16:10:49.059+0000][325.172s][debug][safepoint     ] Safepoint synchronization initiated. (170 threads)
[2023-11-25T16:10:49.059+0000][325.173s][info ][safepoint     ] Application time: 1.0007520 seconds
[2023-11-25T16:10:49.060+0000][325.173s][info ][safepoint     ] Entering safepoint region: Cleanup
[2023-11-25T16:10:49.060+0000][325.174s][info ][safepoint     ] Leaving safepoint region
[2023-11-25T16:10:49.061+0000][325.174s][info ][safepoint     ] Total time for which application threads were stopped: 0.0010800 seconds, Stopping threads took: 0.0004809 seconds
[2023-11-25T16:10:50.062+0000][326.175s][debug][safepoint     ] Safepoint synchronization initiated. (170 threads)
[2023-11-25T16:10:50.062+0000][326.175s][info ][safepoint     ] Application time: 1.0009151 seconds
[2023-11-25T16:10:50.063+0000][326.176s][info ][safepoint     ] Entering safepoint region: Cleanup
[2023-11-25T16:10:50.063+0000][326.177s][info ][safepoint     ] Leaving safepoint region
[2023-11-25T16:10:50.064+0000][326.177s][info ][safepoint     ] Total time for which application threads were stopped: 0.0012745 seconds, Stopping threads took: 0.0005675 seconds
[2023-11-25T16:10:51.065+0000][327.178s][debug][safepoint     ] Safepoint synchronization initiated. (170 threads)
[2023-11-25T16:10:51.066+0000][327.179s][info ][safepoint     ] Application time: 1.0010727 seconds
[2023-11-25T16:10:51.066+0000][327.180s][info ][safepoint     ] Entering safepoint region: Cleanup
[2023-11-25T16:10:51.067+0000][327.180s][info ][safepoint     ] Leaving safepoint region
[2023-11-25T16:10:51.067+0000][327.181s][info ][safepoint     ] Total time for which application threads were stopped: 0.0011672 seconds, Stopping threads took: 0.0005194 seconds
[2023-11-25T16:10:52.068+0000][328.181s][debug][safepoint     ] Safepoint synchronization initiated. (170 threads)
[2023-11-25T16:10:52.068+0000][328.182s][info ][safepoint     ] Application time: 1.0006534 seconds
[2023-11-25T16:10:52.069+0000][328.182s][info ][safepoint     ] Entering safepoint region: Cleanup
[2023-11-25T16:10:52.070+0000][328.183s][info ][safepoint     ] Leaving safepoint region
[2023-11-25T16:10:52.070+0000][328.183s][info ][safepoint     ] Total time for which application threads were stopped: 0.0010954 seconds, Stopping threads took: 0.0004663 seconds
[2023-11-25T16:10:53.071+0000][329.184s][debug][safepoint     ] Safepoint synchronization initiated. (170 threads)
[2023-11-25T16:10:53.071+0000][329.185s][info ][safepoint     ] Application time: 1.0010189 seconds
[2023-11-25T16:10:53.072+0000][329.185s][info ][safepoint     ] Entering safepoint region: Cleanup
[2023-11-25T16:10:53.073+0000][329.186s][info ][safepoint     ] Leaving safepoint region
[2023-11-25T16:10:53.073+0000][329.187s][info ][safepoint     ] Total time for which application threads were stopped: 0.0012257 seconds, Stopping threads took: 0.0005711 seconds
[2023-11-25T16:10:54.074+0000][330.187s][debug][safepoint     ] Safepoint synchronization initiated. (170 threads)
[2023-11-25T16:10:54.074+0000][330.188s][info ][safepoint     ] Application time: 1.0004331 seconds
[2023-11-25T16:10:54.075+0000][330.188s][info ][safepoint     ] Entering safepoint region: Cleanup
[2023-11-25T16:10:54.075+0000][330.188s][info ][safepoint     ] Leaving safepoint region
[2023-11-25T16:10:54.075+0000][330.189s][info ][safepoint     ] Total time for which application threads were stopped: 0.0008915 seconds, Stopping threads took: 0.0003968 seconds
[2023-11-25T16:10:55.076+0000][331.189s][debug][safepoint     ] Safepoint synchronization initiated. (170 threads)
[2023-11-25T16:10:55.076+0000][331.190s][info ][safepoint     ] Application time: 1.0007182 seconds
[2023-11-25T16:10:55.077+0000][331.190s][info ][safepoint     ] Entering safepoint region: Cleanup
[2023-11-25T16:10:55.077+0000][331.191s][info ][safepoint     ] Leaving safepoint region
[2023-11-25T16:10:55.078+0000][331.191s][info ][safepoint     ] Total time for which application threads were stopped: 0.0008820 seconds, Stopping threads took: 0.0004170 seconds
[2023-11-25T16:10:56.078+0000][332.192s][debug][safepoint     ] Safepoint synchronization initiated. (170 threads)
[2023-11-25T16:10:56.079+0000][332.192s][info ][safepoint     ] Application time: 1.0010428 seconds
[2023-11-25T16:10:56.080+0000][332.193s][info ][safepoint     ] Entering safepoint region: Cleanup
[2023-11-25T16:10:56.081+0000][332.194s][info ][safepoint     ] Leaving safepoint region
[2023-11-25T16:10:56.081+0000][332.194s][info ][safepoint     ] Total time for which application threads were stopped: 0.0012921 seconds, Stopping threads took: 0.0006306 seconds
[2023-11-25T16:10:57.082+0000][333.195s][debug][safepoint     ] Safepoint synchronization initiated. (170 threads)
[2023-11-25T16:10:57.082+0000][333.195s][info ][safepoint     ] Application time: 1.0006172 seconds
[2023-11-25T16:10:57.083+0000][333.196s][info ][safepoint     ] Entering safepoint region: Cleanup
[2023-11-25T16:10:57.083+0000][333.196s][info ][safepoint     ] Leaving safepoint region
[2023-11-25T16:10:57.084+0000][333.197s][info ][safepoint     ] Total time for which application threads were stopped: 0.0009908 seconds, Stopping threads took: 0.0004648 seconds
[2023-11-25T16:10:58.084+0000][334.197s][debug][safepoint     ] Safepoint synchronization initiated. (170 threads)
[2023-11-25T16:10:58.085+0000][334.198s][info ][safepoint     ] Application time: 1.0008206 seconds
[2023-11-25T16:10:58.085+0000][334.198s][info ][safepoint     ] Entering safepoint region: Cleanup
[2023-11-25T16:10:58.086+0000][334.199s][info ][safepoint     ] Leaving safepoint region
[2023-11-25T16:10:58.086+0000][334.199s][info ][safepoint     ] Total time for which application threads were stopped: 0.0010018 seconds, Stopping threads took: 0.0003915 seconds
[2023-11-25T16:10:59.087+0000][335.200s][debug][safepoint     ] Safepoint synchronization initiated. (170 threads)
[2023-11-25T16:10:59.088+0000][335.201s][info ][safepoint     ] Application time: 1.0010078 seconds
[2023-11-25T16:10:59.088+0000][335.201s][info ][safepoint     ] Entering safepoint region: Cleanup
[2023-11-25T16:10:59.089+0000][335.202s][info ][safepoint     ] Leaving safepoint region
[2023-11-25T16:10:59.089+0000][335.203s][info ][safepoint     ] Total time for which application threads were stopped: 0.0013013 seconds, Stopping threads took: 0.0005996 seconds
[2023-11-25T16:11:00.090+0000][336.203s][debug][safepoint     ] Safepoint synchronization initiated. (170 threads)
[2023-11-25T16:11:00.091+0000][336.204s][info ][safepoint     ] Application time: 1.0006032 seconds
[2023-11-25T16:11:00.091+0000][336.204s][info ][safepoint     ] Entering safepoint region: Cleanup
[2023-11-25T16:11:00.092+0000][336.205s][info ][safepoint     ] Leaving safepoint region
[2023-11-25T16:11:00.092+0000][336.206s][info ][safepoint     ] Total time for which application threads were stopped: 0.0011848 seconds, Stopping threads took: 0.0005674 seconds
[2023-11-25T16:11:01.093+0000][337.206s][debug][safepoint     ] Safepoint synchronization initiated. (170 threads)
[2023-11-25T16:11:01.093+0000][337.207s][info ][safepoint     ] Application time: 1.0008298 seconds
[2023-11-25T16:11:01.094+0000][337.207s][info ][safepoint     ] Entering safepoint region: Cleanup
[2023-11-25T16:11:01.094+0000][337.208s][info ][safepoint     ] Leaving safepoint region
[2023-11-25T16:11:01.095+0000][337.208s][info ][safepoint     ] Total time for which application threads were stopped: 0.0010714 seconds, Stopping threads took: 0.0004626 seconds
[2023-11-25T16:11:02.095+0000][338.209s][debug][safepoint     ] Safepoint synchronization initiated. (170 threads)
[2023-11-25T16:11:02.096+0000][338.209s][info ][safepoint     ] Application time: 1.0008806 seconds
[2023-11-25T16:11:02.097+0000][338.210s][info ][safepoint     ] Entering safepoint region: Cleanup
[2023-11-25T16:11:02.097+0000][338.211s][info ][safepoint     ] Leaving safepoint region
[2023-11-25T16:11:02.098+0000][338.211s][info ][safepoint     ] Total time for which application threads were stopped: 0.0011933 seconds, Stopping threads took: 0.0005576 seconds
[2023-11-25T16:11:03.098+0000][339.212s][debug][safepoint     ] Safepoint synchronization initiated. (170 threads)
[2023-11-25T16:11:03.099+0000][339.212s][info ][safepoint     ] Application time: 1.0008980 seconds
[2023-11-25T16:11:03.100+0000][339.213s][info ][safepoint     ] Entering safepoint region: Cleanup
[2023-11-25T16:11:03.100+0000][339.214s][info ][safepoint     ] Leaving safepoint region
[2023-11-25T16:11:03.101+0000][339.214s][info ][safepoint     ] Total time for which application threads were stopped: 0.0012882 seconds, Stopping threads took: 0.0006080 seconds
[2023-11-25T16:11:04.102+0000][340.215s][debug][safepoint     ] Safepoint synchronization initiated. (170 threads)
[2023-11-25T16:11:04.102+0000][340.216s][info ][safepoint     ] Application time: 1.0008871 seconds
[2023-11-25T16:11:04.103+0000][340.216s][info ][safepoint     ] Entering safepoint region: Cleanup
[2023-11-25T16:11:04.104+0000][340.217s][info ][safepoint     ] Leaving safepoint region
[2023-11-25T16:11:04.104+0000][340.217s][info ][safepoint     ] Total time for which application threads were stopped: 0.0011942 seconds, Stopping threads took: 0.0005777 seconds
[2023-11-25T16:11:05.105+0000][341.218s][debug][safepoint     ] Safepoint synchronization initiated. (170 threads)
[2023-11-25T16:11:05.106+0000][341.219s][info ][safepoint     ] Application time: 1.0011311 seconds
[2023-11-25T16:11:05.106+0000][341.220s][info ][safepoint     ] Entering safepoint region: Cleanup
[2023-11-25T16:11:05.107+0000][341.221s][info ][safepoint     ] Leaving safepoint region
[2023-11-25T16:11:05.108+0000][341.221s][info ][safepoint     ] Total time for which application threads were stopped: 0.0013596 seconds, Stopping threads took: 0.0006256 seconds
[2023-11-25T16:11:06.109+0000][342.222s][debug][safepoint     ] Safepoint synchronization initiated. (170 threads)
[2023-11-25T16:11:06.109+0000][342.223s][info ][safepoint     ] Application time: 1.0010057 seconds
[2023-11-25T16:11:06.110+0000][342.223s][info ][safepoint     ] Entering safepoint region: Cleanup
[2023-11-25T16:11:06.110+0000][342.224s][info ][safepoint     ] Leaving safepoint region
[2023-11-25T16:11:06.111+0000][342.224s][info ][safepoint     ] Total time for which application threads were stopped: 0.0009956 seconds, Stopping threads took: 0.0004108 seconds
[2023-11-25T16:11:07.111+0000][343.225s][debug][safepoint     ] Safepoint synchronization initiated. (170 threads)
[2023-11-25T16:11:07.112+0000][343.225s][info ][safepoint     ] Application time: 1.0006523 seconds
[2023-11-25T16:11:07.112+0000][343.226s][info ][safepoint     ] Entering safepoint region: Cleanup
[2023-11-25T16:11:07.113+0000][343.226s][info ][safepoint     ] Leaving safepoint region
[2023-11-25T16:11:07.113+0000][343.227s][info ][safepoint     ] Total time for which application threads were stopped: 0.0011486 seconds, Stopping threads took: 0.0005338 seconds
[2023-11-25T16:11:08.114+0000][344.228s][debug][safepoint     ] Safepoint synchronization initiated. (170 threads)
[2023-11-25T16:11:08.115+0000][344.228s][info ][safepoint     ] Application time: 1.0010158 seconds
[2023-11-25T16:11:08.115+0000][344.229s][info ][safepoint     ] Entering safepoint region: Cleanup
[2023-11-25T16:11:08.116+0000][344.229s][info ][safepoint     ] Leaving safepoint region
[2023-11-25T16:11:08.117+0000][344.230s][info ][safepoint     ] Total time for which application threads were stopped: 0.0011558 seconds, Stopping threads took: 0.0005271 seconds
[2023-11-25T16:11:09.117+0000][345.230s][debug][safepoint     ] Safepoint synchronization initiated. (170 threads)
[2023-11-25T16:11:09.118+0000][345.231s][info ][safepoint     ] Application time: 1.0006071 seconds
[2023-11-25T16:11:09.118+0000][345.231s][info ][safepoint     ] Entering safepoint region: Cleanup
[2023-11-25T16:11:09.119+0000][345.232s][info ][safepoint     ] Leaving safepoint region
[2023-11-25T16:11:09.119+0000][345.232s][info ][safepoint     ] Total time for which application threads were stopped: 0.0009384 seconds, Stopping threads took: 0.0004254 seconds
[2023-11-25T16:11:10.119+0000][346.233s][debug][safepoint     ] Safepoint synchronization initiated. (170 threads)
[2023-11-25T16:11:10.129+0000][346.242s][info ][safepoint     ] Application time: 1.0093061 seconds
[2023-11-25T16:11:10.131+0000][346.244s][info ][safepoint     ] Entering safepoint region: Cleanup
[2023-11-25T16:11:10.140+0000][346.253s][info ][safepoint     ] Leaving safepoint region
[2023-11-25T16:11:10.140+0000][346.254s][info ][safepoint     ] Total time for which application threads were stopped: 0.0093372 seconds, Stopping threads took: 0.0085204 seconds
[2023-11-25T16:11:11.141+0000][347.254s][debug][safepoint     ] Safepoint synchronization initiated. (170 threads)
[2023-11-25T16:11:11.142+0000][347.255s][info ][safepoint     ] Application time: 1.0007342 seconds
[2023-11-25T16:11:11.142+0000][347.255s][info ][safepoint     ] Entering safepoint region: Cleanup
[2023-11-25T16:11:11.143+0000][347.256s][info ][safepoint     ] Leaving safepoint region
[2023-11-25T16:11:11.143+0000][347.257s][info ][safepoint     ] Total time for which application threads were stopped: 0.0011872 seconds, Stopping threads took: 0.0005727 seconds
[2023-11-25T16:11:12.144+0000][348.257s][debug][safepoint     ] Safepoint synchronization initiated. (170 threads)
[2023-11-25T16:11:12.144+0000][348.258s][info ][safepoint     ] Application time: 1.0008422 seconds
[2023-11-25T16:11:12.145+0000][348.258s][info ][safepoint     ] Entering safepoint region: Cleanup
[2023-11-25T16:11:12.145+0000][348.259s][info ][safepoint     ] Leaving safepoint region
[2023-11-25T16:11:12.146+0000][348.259s][info ][safepoint     ] Total time for which application threads were stopped: 0.0011477 seconds, Stopping threads took: 0.0004782 seconds
[2023-11-25T16:11:13.147+0000][349.260s][debug][safepoint     ] Safepoint synchronization initiated. (170 threads)
[2023-11-25T16:11:13.147+0000][349.261s][info ][safepoint     ] Application time: 1.0007856 seconds
[2023-11-25T16:11:13.148+0000][349.261s][info ][safepoint     ] Entering safepoint region: Cleanup
[2023-11-25T16:11:13.148+0000][349.262s][info ][safepoint     ] Leaving safepoint region
[2023-11-25T16:11:13.149+0000][349.262s][info ][safepoint     ] Total time for which application threads were stopped: 0.0010912 seconds, Stopping threads took: 0.0005545 seconds
[2023-11-25T16:11:14.149+0000][350.262s][debug][safepoint     ] Safepoint synchronization initiated. (170 threads)
[2023-11-25T16:11:14.150+0000][350.263s][info ][safepoint     ] Application time: 1.0009495 seconds
[2023-11-25T16:11:14.151+0000][350.264s][info ][safepoint     ] Entering safepoint region: Cleanup
[2023-11-25T16:11:14.152+0000][350.265s][info ][safepoint     ] Leaving safepoint region
[2023-11-25T16:11:14.152+0000][350.265s][info ][safepoint     ] Total time for which application threads were stopped: 0.0015345 seconds, Stopping threads took: 0.0006626 seconds
[2023-11-25T16:11:15.153+0000][351.266s][debug][safepoint     ] Safepoint synchronization initiated. (170 threads)
[2023-11-25T16:11:15.154+0000][351.267s][info ][safepoint     ] Application time: 1.0008394 seconds
[2023-11-25T16:11:15.154+0000][351.267s][info ][safepoint     ] Entering safepoint region: Cleanup
[2023-11-25T16:11:15.155+0000][351.268s][info ][safepoint     ] Leaving safepoint region
[2023-11-25T16:11:15.155+0000][351.269s][info ][safepoint     ] Total time for which application threads were stopped: 0.0011557 seconds, Stopping threads took: 0.0005003 seconds
[2023-11-25T16:11:16.156+0000][352.269s][debug][safepoint     ] Safepoint synchronization initiated. (170 threads)
[2023-11-25T16:11:16.157+0000][352.270s][info ][safepoint     ] Application time: 1.0008216 seconds
[2023-11-25T16:11:16.157+0000][352.270s][info ][safepoint     ] Entering safepoint region: Cleanup
[2023-11-25T16:11:16.158+0000][352.271s][info ][safepoint     ] Leaving safepoint region
[2023-11-25T16:11:16.158+0000][352.271s][info ][safepoint     ] Total time for which application threads were stopped: 0.0011935 seconds, Stopping threads took: 0.0005325 seconds
[2023-11-25T16:11:17.159+0000][353.272s][debug][safepoint     ] Safepoint synchronization initiated. (170 threads)
[2023-11-25T16:11:17.159+0000][353.273s][info ][safepoint     ] Application time: 1.0007722 seconds
[2023-11-25T16:11:17.160+0000][353.273s][info ][safepoint     ] Entering safepoint region: Cleanup
[2023-11-25T16:11:17.160+0000][353.274s][info ][safepoint     ] Leaving safepoint region
[2023-11-25T16:11:17.161+0000][353.274s][info ][safepoint     ] Total time for which application threads were stopped: 0.0010286 seconds, Stopping threads took: 0.0004950 seconds
[2023-11-25T16:11:18.161+0000][354.275s][debug][safepoint     ] Safepoint synchronization initiated. (170 threads)
[2023-11-25T16:11:18.162+0000][354.275s][info ][safepoint     ] Application time: 1.0007277 seconds
[2023-11-25T16:11:18.162+0000][354.276s][info ][safepoint     ] Entering safepoint region: Cleanup
[2023-11-25T16:11:18.163+0000][354.276s][info ][safepoint     ] Leaving safepoint region
[2023-11-25T16:11:18.163+0000][354.277s][info ][safepoint     ] Total time for which application threads were stopped: 0.0010149 seconds, Stopping threads took: 0.0004499 seconds
[2023-11-25T16:11:19.164+0000][355.277s][debug][safepoint     ] Safepoint synchronization initiated. (170 threads)
[2023-11-25T16:11:19.164+0000][355.278s][info ][safepoint     ] Application time: 1.0007213 seconds
[2023-11-25T16:11:19.165+0000][355.278s][info ][safepoint     ] Entering safepoint region: Cleanup
[2023-11-25T16:11:19.165+0000][355.279s][info ][safepoint     ] Leaving safepoint region
[2023-11-25T16:11:19.166+0000][355.279s][info ][safepoint     ] Total time for which application threads were stopped: 0.0009073 seconds, Stopping threads took: 0.0003841 seconds
[2023-11-25T16:11:20.166+0000][356.280s][debug][safepoint     ] Safepoint synchronization initiated. (170 threads)
[2023-11-25T16:11:20.167+0000][356.280s][info ][safepoint     ] Application time: 1.0007673 seconds
[2023-11-25T16:11:20.167+0000][356.281s][info ][safepoint     ] Entering safepoint region: Cleanup
[2023-11-25T16:11:20.168+0000][356.282s][info ][safepoint     ] Leaving safepoint region
[2023-11-25T16:11:20.168+0000][356.282s][info ][safepoint     ] Total time for which application threads were stopped: 0.0011307 seconds, Stopping threads took: 0.0004788 seconds
[2023-11-25T16:11:21.169+0000][357.283s][debug][safepoint     ] Safepoint synchronization initiated. (170 threads)
[2023-11-25T16:11:21.170+0000][357.283s][info ][safepoint     ] Application time: 1.0008155 seconds
[2023-11-25T16:11:21.170+0000][357.284s][info ][safepoint     ] Entering safepoint region: Cleanup
[2023-11-25T16:11:21.171+0000][357.285s][info ][safepoint     ] Leaving safepoint region
[2023-11-25T16:11:21.172+0000][357.285s][info ][safepoint     ] Total time for which application threads were stopped: 0.0011938 seconds, Stopping threads took: 0.0005288 seconds
[2023-11-25T16:11:22.172+0000][358.286s][debug][safepoint     ] Safepoint synchronization initiated. (170 threads)
[2023-11-25T16:11:22.173+0000][358.286s][info ][safepoint     ] Application time: 1.0005608 seconds
[2023-11-25T16:11:22.173+0000][358.286s][info ][safepoint     ] Entering safepoint region: Cleanup
[2023-11-25T16:11:22.173+0000][358.287s][info ][safepoint     ] Leaving safepoint region
[2023-11-25T16:11:22.174+0000][358.287s][info ][safepoint     ] Total time for which application threads were stopped: 0.0008959 seconds, Stopping threads took: 0.0003895 seconds
[2023-11-25T16:11:23.174+0000][359.288s][debug][safepoint     ] Safepoint synchronization initiated. (170 threads)
[2023-11-25T16:11:23.175+0000][359.288s][info ][safepoint     ] Application time: 1.0006572 seconds
[2023-11-25T16:11:23.175+0000][359.289s][info ][safepoint     ] Entering safepoint region: Cleanup
[2023-11-25T16:11:23.176+0000][359.290s][info ][safepoint     ] Leaving safepoint region
[2023-11-25T16:11:23.177+0000][359.290s][info ][safepoint     ] Total time for which application threads were stopped: 0.0014118 seconds, Stopping threads took: 0.0005570 seconds
[2023-11-25T16:11:24.177+0000][360.291s][debug][safepoint     ] Safepoint synchronization initiated. (170 threads)
[2023-11-25T16:11:24.178+0000][360.292s][info ][safepoint     ] Application time: 1.0009310 seconds
[2023-11-25T16:11:24.179+0000][360.292s][info ][safepoint     ] Entering safepoint region: Cleanup
[2023-11-25T16:11:24.179+0000][360.293s][info ][safepoint     ] Leaving safepoint region
[2023-11-25T16:11:24.180+0000][360.293s][info ][safepoint     ] Total time for which application threads were stopped: 0.0011752 seconds, Stopping threads took: 0.0005437 seconds
[2023-11-25T16:11:25.181+0000][361.294s][debug][safepoint     ] Safepoint synchronization initiated. (170 threads)
[2023-11-25T16:11:25.181+0000][361.295s][info ][safepoint     ] Application time: 1.0010867 seconds
[2023-11-25T16:11:25.182+0000][361.296s][info ][safepoint     ] Entering safepoint region: Cleanup
[2023-11-25T16:11:25.183+0000][361.296s][info ][safepoint     ] Leaving safepoint region
[2023-11-25T16:11:25.183+0000][361.297s][info ][safepoint     ] Total time for which application threads were stopped: 0.0011927 seconds, Stopping threads took: 0.0004734 seconds
[2023-11-25T16:11:26.184+0000][362.298s][debug][safepoint     ] Safepoint synchronization initiated. (170 threads)
[2023-11-25T16:11:26.186+0000][362.299s][info ][safepoint     ] Application time: 1.0019930 seconds
[2023-11-25T16:11:26.186+0000][362.300s][info ][safepoint     ] Entering safepoint region: Cleanup
[2023-11-25T16:11:26.187+0000][362.301s][info ][safepoint     ] Leaving safepoint region
[2023-11-25T16:11:26.188+0000][362.301s][info ][safepoint     ] Total time for which application threads were stopped: 0.0016290 seconds, Stopping threads took: 0.0005795 seconds
[2023-11-25T16:11:27.189+0000][363.302s][debug][safepoint     ] Safepoint synchronization initiated. (170 threads)
[2023-11-25T16:11:27.189+0000][363.302s][info ][safepoint     ] Application time: 1.0005195 seconds
[2023-11-25T16:11:27.189+0000][363.303s][info ][safepoint     ] Entering safepoint region: Cleanup
[2023-11-25T16:11:27.190+0000][363.303s][info ][safepoint     ] Leaving safepoint region
[2023-11-25T16:11:27.190+0000][363.304s][info ][safepoint     ] Total time for which application threads were stopped: 0.0009374 seconds, Stopping threads took: 0.0003643 seconds
[2023-11-25T16:11:28.191+0000][364.304s][debug][safepoint     ] Safepoint synchronization initiated. (170 threads)
[2023-11-25T16:11:28.191+0000][364.305s][info ][safepoint     ] Application time: 1.0007574 seconds
[2023-11-25T16:11:28.192+0000][364.305s][info ][safepoint     ] Entering safepoint region: Cleanup
[2023-11-25T16:11:28.192+0000][364.306s][info ][safepoint     ] Leaving safepoint region
[2023-11-25T16:11:28.193+0000][364.306s][info ][safepoint     ] Total time for which application threads were stopped: 0.0008970 seconds, Stopping threads took: 0.0003693 seconds
[2023-11-25T16:11:29.193+0000][365.307s][debug][safepoint     ] Safepoint synchronization initiated. (170 threads)
[2023-11-25T16:11:29.194+0000][365.308s][info ][safepoint     ] Application time: 1.0011513 seconds
[2023-11-25T16:11:29.195+0000][365.308s][info ][safepoint     ] Entering safepoint region: Cleanup
[2023-11-25T16:11:29.196+0000][365.309s][info ][safepoint     ] Leaving safepoint region
[2023-11-25T16:11:29.196+0000][365.310s][info ][safepoint     ] Total time for which application threads were stopped: 0.0014592 seconds, Stopping threads took: 0.0006605 seconds
[2023-11-25T16:11:30.197+0000][366.311s][debug][safepoint     ] Safepoint synchronization initiated. (170 threads)
[2023-11-25T16:11:30.198+0000][366.311s][info ][safepoint     ] Application time: 1.0010845 seconds
[2023-11-25T16:11:30.199+0000][366.312s][info ][safepoint     ] Entering safepoint region: Cleanup
[2023-11-25T16:11:30.200+0000][366.313s][info ][safepoint     ] Leaving safepoint region
[2023-11-25T16:11:30.200+0000][366.314s][info ][safepoint     ] Total time for which application threads were stopped: 0.0014091 seconds, Stopping threads took: 0.0005986 seconds
[2023-11-25T16:11:31.201+0000][367.315s][debug][safepoint     ] Safepoint synchronization initiated. (170 threads)
[2023-11-25T16:11:31.202+0000][367.315s][info ][safepoint     ] Application time: 1.0008745 seconds
[2023-11-25T16:11:31.202+0000][367.316s][info ][safepoint     ] Entering safepoint region: Cleanup
[2023-11-25T16:11:31.203+0000][367.316s][info ][safepoint     ] Leaving safepoint region
[2023-11-25T16:11:31.203+0000][367.317s][info ][safepoint     ] Total time for which application threads were stopped: 0.0012970 seconds, Stopping threads took: 0.0005731 seconds
[2023-11-25T16:11:32.204+0000][368.318s][debug][safepoint     ] Safepoint synchronization initiated. (170 threads)
[2023-11-25T16:11:32.205+0000][368.318s][info ][safepoint     ] Application time: 1.0006856 seconds
[2023-11-25T16:11:32.205+0000][368.319s][info ][safepoint     ] Entering safepoint region: Cleanup
[2023-11-25T16:11:32.206+0000][368.319s][info ][safepoint     ] Leaving safepoint region
[2023-11-25T16:11:32.206+0000][368.320s][info ][safepoint     ] Total time for which application threads were stopped: 0.0012921 seconds, Stopping threads took: 0.0005261 seconds
[2023-11-25T16:11:33.207+0000][369.321s][debug][safepoint     ] Safepoint synchronization initiated. (170 threads)
[2023-11-25T16:11:33.208+0000][369.321s][info ][safepoint     ] Application time: 1.0008172 seconds
[2023-11-25T16:11:33.208+0000][369.322s][info ][safepoint     ] Entering safepoint region: Cleanup
[2023-11-25T16:11:33.209+0000][369.322s][info ][safepoint     ] Leaving safepoint region
[2023-11-25T16:11:33.209+0000][369.323s][info ][safepoint     ] Total time for which application threads were stopped: 0.0009434 seconds, Stopping threads took: 0.0004207 seconds
[2023-11-25T16:11:34.210+0000][370.323s][debug][safepoint     ] Safepoint synchronization initiated. (170 threads)
[2023-11-25T16:11:34.210+0000][370.324s][info ][safepoint     ] Application time: 1.0006966 seconds
[2023-11-25T16:11:34.211+0000][370.324s][info ][safepoint     ] Entering safepoint region: Cleanup
[2023-11-25T16:11:34.211+0000][370.325s][info ][safepoint     ] Leaving safepoint region
[2023-11-25T16:11:34.212+0000][370.325s][info ][safepoint     ] Total time for which application threads were stopped: 0.0009627 seconds, Stopping threads took: 0.0004840 seconds
[2023-11-25T16:11:35.212+0000][371.326s][debug][safepoint     ] Safepoint synchronization initiated. (170 threads)
[2023-11-25T16:11:35.213+0000][371.326s][info ][safepoint     ] Application time: 1.0008378 seconds
[2023-11-25T16:11:35.213+0000][371.327s][info ][safepoint     ] Entering safepoint region: Cleanup
[2023-11-25T16:11:35.214+0000][371.328s][info ][safepoint     ] Leaving safepoint region
[2023-11-25T16:11:35.215+0000][371.328s][info ][safepoint     ] Total time for which application threads were stopped: 0.0012558 seconds, Stopping threads took: 0.0005859 seconds
[2023-11-25T16:11:36.215+0000][372.329s][debug][safepoint     ] Safepoint synchronization initiated. (170 threads)
[2023-11-25T16:11:36.216+0000][372.330s][info ][safepoint     ] Application time: 1.0009873 seconds
[2023-11-25T16:11:36.217+0000][372.330s][info ][safepoint     ] Entering safepoint region: Cleanup
[2023-11-25T16:11:36.217+0000][372.331s][info ][safepoint     ] Leaving safepoint region
[2023-11-25T16:11:36.218+0000][372.331s][info ][safepoint     ] Total time for which application threads were stopped: 0.0012210 seconds, Stopping threads took: 0.0005093 seconds
[2023-11-25T16:11:37.219+0000][373.332s][debug][safepoint     ] Safepoint synchronization initiated. (170 threads)
[2023-11-25T16:11:37.219+0000][373.333s][info ][safepoint     ] Application time: 1.0009644 seconds
[2023-11-25T16:11:37.220+0000][373.333s][info ][safepoint     ] Entering safepoint region: Cleanup
[2023-11-25T16:11:37.221+0000][373.334s][info ][safepoint     ] Leaving safepoint region
[2023-11-25T16:11:37.221+0000][373.335s][info ][safepoint     ] Total time for which application threads were stopped: 0.0013096 seconds, Stopping threads took: 0.0006031 seconds
[2023-11-25T16:11:38.222+0000][374.336s][debug][safepoint     ] Safepoint synchronization initiated. (170 threads)
[2023-11-25T16:11:38.223+0000][374.336s][info ][safepoint     ] Application time: 1.0011760 seconds
[2023-11-25T16:11:38.223+0000][374.337s][info ][safepoint     ] Entering safepoint region: Cleanup
[2023-11-25T16:11:38.224+0000][374.337s][info ][safepoint     ] Leaving safepoint region
[2023-11-25T16:11:38.224+0000][374.338s][info ][safepoint     ] Total time for which application threads were stopped: 0.0011961 seconds, Stopping threads took: 0.0005133 seconds
[2023-11-25T16:11:39.225+0000][375.339s][debug][safepoint     ] Safepoint synchronization initiated. (170 threads)
[2023-11-25T16:11:39.226+0000][375.339s][info ][safepoint     ] Application time: 1.0009247 seconds
[2023-11-25T16:11:39.226+0000][375.340s][info ][safepoint     ] Entering safepoint region: Cleanup
[2023-11-25T16:11:39.227+0000][375.341s][info ][safepoint     ] Leaving safepoint region
[2023-11-25T16:11:39.228+0000][375.341s][info ][safepoint     ] Total time for which application threads were stopped: 0.0011789 seconds, Stopping threads took: 0.0004828 seconds
[2023-11-25T16:11:40.228+0000][376.342s][debug][safepoint     ] Safepoint synchronization initiated. (170 threads)
[2023-11-25T16:11:40.229+0000][376.342s][info ][safepoint     ] Application time: 1.0007871 seconds
[2023-11-25T16:11:40.230+0000][376.343s][info ][safepoint     ] Entering safepoint region: Cleanup
[2023-11-25T16:11:40.230+0000][376.344s][info ][safepoint     ] Leaving safepoint region
[2023-11-25T16:11:40.231+0000][376.344s][info ][safepoint     ] Total time for which application threads were stopped: 0.0010954 seconds, Stopping threads took: 0.0005342 seconds
[2023-11-25T16:11:41.231+0000][377.345s][debug][safepoint     ] Safepoint synchronization initiated. (170 threads)
[2023-11-25T16:11:41.232+0000][377.345s][info ][safepoint     ] Application time: 1.0008167 seconds
[2023-11-25T16:11:41.232+0000][377.346s][info ][safepoint     ] Entering safepoint region: Cleanup
[2023-11-25T16:11:41.233+0000][377.347s][info ][safepoint     ] Leaving safepoint region
[2023-11-25T16:11:41.233+0000][377.347s][info ][safepoint     ] Total time for which application threads were stopped: 0.0011983 seconds, Stopping threads took: 0.0005528 seconds
[2023-11-25T16:11:42.234+0000][378.348s][debug][safepoint     ] Safepoint synchronization initiated. (170 threads)
[2023-11-25T16:11:42.235+0000][378.348s][info ][safepoint     ] Application time: 1.0008365 seconds
[2023-11-25T16:11:42.235+0000][378.349s][info ][safepoint     ] Entering safepoint region: Cleanup
[2023-11-25T16:11:42.236+0000][378.350s][info ][safepoint     ] Leaving safepoint region
[2023-11-25T16:11:42.237+0000][378.350s][info ][safepoint     ] Total time for which application threads were stopped: 0.0012760 seconds, Stopping threads took: 0.0004508 seconds
[2023-11-25T16:11:43.237+0000][379.351s][debug][safepoint     ] Safepoint synchronization initiated. (170 threads)
[2023-11-25T16:11:43.238+0000][379.352s][info ][safepoint     ] Application time: 1.0010359 seconds
[2023-11-25T16:11:43.239+0000][379.352s][info ][safepoint     ] Entering safepoint region: Cleanup
[2023-11-25T16:11:43.240+0000][379.353s][info ][safepoint     ] Leaving safepoint region
[2023-11-25T16:11:43.240+0000][379.354s][info ][safepoint     ] Total time for which application threads were stopped: 0.0013950 seconds, Stopping threads took: 0.0006886 seconds
[2023-11-25T16:11:44.241+0000][380.354s][debug][safepoint     ] Safepoint synchronization initiated. (170 threads)
[2023-11-25T16:11:44.241+0000][380.355s][info ][safepoint     ] Application time: 1.0005830 seconds
[2023-11-25T16:11:44.242+0000][380.355s][info ][safepoint     ] Entering safepoint region: Cleanup
[2023-11-25T16:11:44.242+0000][380.356s][info ][safepoint     ] Leaving safepoint region
[2023-11-25T16:11:44.243+0000][380.356s][info ][safepoint     ] Total time for which application threads were stopped: 0.0011028 seconds, Stopping threads took: 0.0003837 seconds
[2023-11-25T16:11:45.243+0000][381.357s][debug][safepoint     ] Safepoint synchronization initiated. (170 threads)
[2023-11-25T16:11:45.244+0000][381.357s][info ][safepoint     ] Application time: 1.0006716 seconds
[2023-11-25T16:11:45.244+0000][381.358s][info ][safepoint     ] Entering safepoint region: Cleanup
[2023-11-25T16:11:45.245+0000][381.359s][info ][safepoint     ] Leaving safepoint region
[2023-11-25T16:11:45.246+0000][381.359s][info ][safepoint     ] Total time for which application threads were stopped: 0.0011839 seconds, Stopping threads took: 0.0004841 seconds
[2023-11-25T16:11:46.246+0000][382.360s][debug][safepoint     ] Safepoint synchronization initiated. (170 threads)
[2023-11-25T16:11:46.247+0000][382.360s][info ][safepoint     ] Application time: 1.0006480 seconds
[2023-11-25T16:11:46.247+0000][382.361s][info ][safepoint     ] Entering safepoint region: Cleanup
[2023-11-25T16:11:46.248+0000][382.361s][info ][safepoint     ] Leaving safepoint region
[2023-11-25T16:11:46.248+0000][382.362s][info ][safepoint     ] Total time for which application threads were stopped: 0.0011479 seconds, Stopping threads took: 0.0005103 seconds
[2023-11-25T16:11:47.248+0000][383.362s][debug][safepoint     ] Safepoint synchronization initiated. (170 threads)
[2023-11-25T16:11:47.249+0000][383.363s][info ][safepoint     ] Application time: 1.0006725 seconds
[2023-11-25T16:11:47.250+0000][383.363s][info ][safepoint     ] Entering safepoint region: Cleanup
[2023-11-25T16:11:47.250+0000][383.364s][info ][safepoint     ] Leaving safepoint region
[2023-11-25T16:11:47.251+0000][383.364s][info ][safepoint     ] Total time for which application threads were stopped: 0.0011913 seconds, Stopping threads took: 0.0005268 seconds
[2023-11-25T16:11:48.252+0000][384.365s][debug][safepoint     ] Safepoint synchronization initiated. (170 threads)
[2023-11-25T16:11:48.252+0000][384.366s][info ][safepoint     ] Application time: 1.0008828 seconds
[2023-11-25T16:11:48.253+0000][384.366s][info ][safepoint     ] Entering safepoint region: Cleanup
[2023-11-25T16:11:48.253+0000][384.367s][info ][safepoint     ] Leaving safepoint region
[2023-11-25T16:11:48.254+0000][384.368s][info ][safepoint     ] Total time for which application threads were stopped: 0.0013315 seconds, Stopping threads took: 0.0005773 seconds
[2023-11-25T16:11:49.254+0000][385.368s][debug][safepoint     ] Safepoint synchronization initiated. (170 threads)
[2023-11-25T16:11:49.255+0000][385.369s][info ][safepoint     ] Application time: 1.0006110 seconds
[2023-11-25T16:11:49.255+0000][385.369s][info ][safepoint     ] Entering safepoint region: Cleanup
[2023-11-25T16:11:49.256+0000][385.370s][info ][safepoint     ] Leaving safepoint region
[2023-11-25T16:11:49.256+0000][385.370s][info ][safepoint     ] Total time for which application threads were stopped: 0.0010760 seconds, Stopping threads took: 0.0004566 seconds
[2023-11-25T16:11:50.257+0000][386.371s][debug][safepoint     ] Safepoint synchronization initiated. (170 threads)
[2023-11-25T16:11:50.258+0000][386.371s][info ][safepoint     ] Application time: 1.0007238 seconds
[2023-11-25T16:11:50.258+0000][386.372s][info ][safepoint     ] Entering safepoint region: Cleanup
[2023-11-25T16:11:50.259+0000][386.372s][info ][safepoint     ] Leaving safepoint region
[2023-11-25T16:11:50.259+0000][386.373s][info ][safepoint     ] Total time for which application threads were stopped: 0.0010720 seconds, Stopping threads took: 0.0004416 seconds
[2023-11-25T16:11:51.260+0000][387.374s][debug][safepoint     ] Safepoint synchronization initiated. (170 threads)
[2023-11-25T16:11:51.261+0000][387.374s][info ][safepoint     ] Application time: 1.0010520 seconds
[2023-11-25T16:11:51.261+0000][387.375s][info ][safepoint     ] Entering safepoint region: Cleanup
[2023-11-25T16:11:51.262+0000][387.376s][info ][safepoint     ] Leaving safepoint region
[2023-11-25T16:11:51.263+0000][387.376s][info ][safepoint     ] Total time for which application threads were stopped: 0.0012359 seconds, Stopping threads took: 0.0005392 seconds
[2023-11-25T16:11:52.263+0000][388.377s][debug][safepoint     ] Safepoint synchronization initiated. (170 threads)
[2023-11-25T16:11:52.264+0000][388.377s][info ][safepoint     ] Application time: 1.0007476 seconds
[2023-11-25T16:11:52.264+0000][388.378s][info ][safepoint     ] Entering safepoint region: Cleanup
[2023-11-25T16:11:52.265+0000][388.378s][info ][safepoint     ] Leaving safepoint region
[2023-11-25T16:11:52.265+0000][388.379s][info ][safepoint     ] Total time for which application threads were stopped: 0.0009587 seconds, Stopping threads took: 0.0004000 seconds
[2023-11-25T16:11:53.266+0000][389.379s][debug][safepoint     ] Safepoint synchronization initiated. (170 threads)
[2023-11-25T16:11:53.266+0000][389.380s][info ][safepoint     ] Application time: 1.0007490 seconds
[2023-11-25T16:11:53.267+0000][389.380s][info ][safepoint     ] Entering safepoint region: Cleanup
[2023-11-25T16:11:53.267+0000][389.381s][info ][safepoint     ] Leaving safepoint region
[2023-11-25T16:11:53.268+0000][389.381s][info ][safepoint     ] Total time for which application threads were stopped: 0.0011491 seconds, Stopping threads took: 0.0004954 seconds
[2023-11-25T16:11:54.268+0000][390.382s][debug][safepoint     ] Safepoint synchronization initiated. (170 threads)
[2023-11-25T16:11:54.269+0000][390.383s][info ][safepoint     ] Application time: 1.0009136 seconds
[2023-11-25T16:11:54.270+0000][390.384s][info ][safepoint     ] Entering safepoint region: Cleanup
[2023-11-25T16:11:54.271+0000][390.384s][info ][safepoint     ] Leaving safepoint region
[2023-11-25T16:11:54.271+0000][390.385s][info ][safepoint     ] Total time for which application threads were stopped: 0.0012894 seconds, Stopping threads took: 0.0005805 seconds
[2023-11-25T16:11:55.272+0000][391.385s][debug][safepoint     ] Safepoint synchronization initiated. (170 threads)
[2023-11-25T16:11:55.272+0000][391.386s][info ][safepoint     ] Application time: 1.0007520 seconds
[2023-11-25T16:11:55.273+0000][391.387s][info ][safepoint     ] Entering safepoint region: Cleanup
[2023-11-25T16:11:55.274+0000][391.387s][info ][safepoint     ] Leaving safepoint region
[2023-11-25T16:11:55.274+0000][391.388s][info ][safepoint     ] Total time for which application threads were stopped: 0.0011743 seconds, Stopping threads took: 0.0004821 seconds
[2023-11-25T16:11:56.275+0000][392.388s][debug][safepoint     ] Safepoint synchronization initiated. (170 threads)
[2023-11-25T16:11:56.275+0000][392.389s][info ][safepoint     ] Application time: 1.0007488 seconds
[2023-11-25T16:11:56.276+0000][392.389s][info ][safepoint     ] Entering safepoint region: Cleanup
[2023-11-25T16:11:56.277+0000][392.390s][info ][safepoint     ] Leaving safepoint region
[2023-11-25T16:11:56.277+0000][392.391s][info ][safepoint     ] Total time for which application threads were stopped: 0.0013482 seconds, Stopping threads took: 0.0005484 seconds
[2023-11-25T16:11:57.278+0000][393.392s][debug][safepoint     ] Safepoint synchronization initiated. (170 threads)
[2023-11-25T16:11:57.279+0000][393.392s][info ][safepoint     ] Application time: 1.0009391 seconds
[2023-11-25T16:11:57.279+0000][393.393s][info ][safepoint     ] Entering safepoint region: Cleanup
[2023-11-25T16:11:57.280+0000][393.393s][info ][safepoint     ] Leaving safepoint region
[2023-11-25T16:11:57.280+0000][393.394s][info ][safepoint     ] Total time for which application threads were stopped: 0.0011903 seconds, Stopping threads took: 0.0004545 seconds
[2023-11-25T16:11:58.281+0000][394.394s][debug][safepoint     ] Safepoint synchronization initiated. (170 threads)
[2023-11-25T16:11:58.282+0000][394.395s][info ][safepoint     ] Application time: 1.0007909 seconds
[2023-11-25T16:11:58.282+0000][394.396s][info ][safepoint     ] Entering safepoint region: Cleanup
[2023-11-25T16:11:58.283+0000][394.396s][info ][safepoint     ] Leaving safepoint region
[2023-11-25T16:11:58.283+0000][394.397s][info ][safepoint     ] Total time for which application threads were stopped: 0.0011995 seconds, Stopping threads took: 0.0004748 seconds
[2023-11-25T16:11:59.284+0000][395.398s][debug][safepoint     ] Safepoint synchronization initiated. (170 threads)
[2023-11-25T16:11:59.284+0000][395.398s][info ][safepoint     ] Application time: 1.0006425 seconds
[2023-11-25T16:11:59.285+0000][395.399s][info ][safepoint     ] Entering safepoint region: Cleanup
[2023-11-25T16:11:59.286+0000][395.399s][info ][safepoint     ] Leaving safepoint region
[2023-11-25T16:11:59.286+0000][395.400s][info ][safepoint     ] Total time for which application threads were stopped: 0.0012699 seconds, Stopping threads took: 0.0005976 seconds
[2023-11-25T16:12:00.287+0000][396.400s][debug][safepoint     ] Safepoint synchronization initiated. (170 threads)
[2023-11-25T16:12:00.287+0000][396.401s][info ][safepoint     ] Application time: 1.0008915 seconds
[2023-11-25T16:12:00.288+0000][396.402s][info ][safepoint     ] Entering safepoint region: Cleanup
[2023-11-25T16:12:00.289+0000][396.403s][info ][safepoint     ] Leaving safepoint region
[2023-11-25T16:12:00.289+0000][396.403s][info ][safepoint     ] Total time for which application threads were stopped: 0.0014427 seconds, Stopping threads took: 0.0006269 seconds
[2023-11-25T16:12:01.290+0000][397.404s][debug][safepoint     ] Safepoint synchronization initiated. (170 threads)
[2023-11-25T16:12:01.291+0000][397.404s][info ][safepoint     ] Application time: 1.0005939 seconds
[2023-11-25T16:12:01.291+0000][397.405s][info ][safepoint     ] Entering safepoint region: Cleanup
[2023-11-25T16:12:01.291+0000][397.405s][info ][safepoint     ] Leaving safepoint region
[2023-11-25T16:12:01.292+0000][397.406s][info ][safepoint     ] Total time for which application threads were stopped: 0.0010953 seconds, Stopping threads took: 0.0003725 seconds
[2023-11-25T16:12:02.293+0000][398.406s][debug][safepoint     ] Safepoint synchronization initiated. (170 threads)
[2023-11-25T16:12:02.293+0000][398.407s][info ][safepoint     ] Application time: 1.0009377 seconds
[2023-11-25T16:12:02.294+0000][398.407s][debug][safepoint     ] ... found polling page return exception at pc = 0x00007fe2d08bbd86, stub =0x00007fe2c8840600
[2023-11-25T16:12:02.294+0000][398.407s][debug][safepoint     ] ... found polling page return exception at pc = 0x00007fe2d035ab9d, stub =0x00007fe2c8840600
[2023-11-25T16:12:02.294+0000][398.407s][debug][safepoint     ] ... found polling page return exception at pc = 0x00007fe2d0507f68, stub =0x00007fe2c8840600
[2023-11-25T16:12:02.296+0000][398.410s][debug][safepoint     ] Waiting for 3 thread(s) to block
[2023-11-25T16:12:02.297+0000][398.411s][info ][safepoint     ] Entering safepoint region: Cleanup
[2023-11-25T16:12:02.297+0000][398.411s][info ][safepoint     ] Leaving safepoint region
[2023-11-25T16:12:02.298+0000][398.412s][info ][safepoint     ] Total time for which application threads were stopped: 0.0041669 seconds, Stopping threads took: 0.0035395 seconds
[2023-11-25T16:12:03.298+0000][399.412s][debug][safepoint     ] Safepoint synchronization initiated. (170 threads)
[2023-11-25T16:12:03.299+0000][399.413s][info ][safepoint     ] Application time: 1.0008123 seconds
[2023-11-25T16:12:03.300+0000][399.413s][info ][safepoint     ] Entering safepoint region: Cleanup
[2023-11-25T16:12:03.300+0000][399.414s][info ][safepoint     ] Leaving safepoint region
[2023-11-25T16:12:03.301+0000][399.414s][info ][safepoint     ] Total time for which application threads were stopped: 0.0012473 seconds, Stopping threads took: 0.0005860 seconds
[2023-11-25T16:12:04.301+0000][400.415s][debug][safepoint     ] Safepoint synchronization initiated. (170 threads)
[2023-11-25T16:12:04.302+0000][400.416s][info ][safepoint     ] Application time: 1.0009676 seconds
[2023-11-25T16:12:04.303+0000][400.416s][info ][safepoint     ] Entering safepoint region: Cleanup
[2023-11-25T16:12:04.303+0000][400.417s][info ][safepoint     ] Leaving safepoint region
[2023-11-25T16:12:04.304+0000][400.418s][info ][safepoint     ] Total time for which application threads were stopped: 0.0010955 seconds, Stopping threads took: 0.0004814 seconds
[2023-11-25T16:12:05.304+0000][401.418s][debug][safepoint     ] Safepoint synchronization initiated. (170 threads)
[2023-11-25T16:12:05.305+0000][401.419s][info ][safepoint     ] Application time: 1.0008892 seconds
[2023-11-25T16:12:05.306+0000][401.419s][info ][safepoint     ] Entering safepoint region: Cleanup
[2023-11-25T16:12:05.306+0000][401.420s][info ][safepoint     ] Leaving safepoint region
[2023-11-25T16:12:05.307+0000][401.420s][info ][safepoint     ] Total time for which application threads were stopped: 0.0011032 seconds, Stopping threads took: 0.0004753 seconds
[2023-11-25T16:12:06.307+0000][402.421s][debug][safepoint     ] Safepoint synchronization initiated. (170 threads)
[2023-11-25T16:12:06.308+0000][402.422s][info ][safepoint     ] Application time: 1.0007563 seconds
[2023-11-25T16:12:06.308+0000][402.422s][info ][safepoint     ] Entering safepoint region: Cleanup
[2023-11-25T16:12:06.309+0000][402.423s][info ][safepoint     ] Leaving safepoint region
[2023-11-25T16:12:06.310+0000][402.423s][info ][safepoint     ] Total time for which application threads were stopped: 0.0011426 seconds, Stopping threads took: 0.0005088 seconds
[2023-11-25T16:12:07.310+0000][403.424s][debug][safepoint     ] Safepoint synchronization initiated. (170 threads)
[2023-11-25T16:12:07.311+0000][403.424s][info ][safepoint     ] Application time: 1.0007336 seconds
[2023-11-25T16:12:07.311+0000][403.425s][info ][safepoint     ] Entering safepoint region: Cleanup
[2023-11-25T16:12:07.312+0000][403.426s][info ][safepoint     ] Leaving safepoint region
[2023-11-25T16:12:07.312+0000][403.426s][info ][safepoint     ] Total time for which application threads were stopped: 0.0011152 seconds, Stopping threads took: 0.0004963 seconds
[2023-11-25T16:12:08.313+0000][404.427s][debug][safepoint     ] Safepoint synchronization initiated. (170 threads)
[2023-11-25T16:12:08.314+0000][404.427s][info ][safepoint     ] Application time: 1.0006835 seconds
[2023-11-25T16:12:08.314+0000][404.428s][info ][safepoint     ] Entering safepoint region: Cleanup
[2023-11-25T16:12:08.315+0000][404.428s][info ][safepoint     ] Leaving safepoint region
[2023-11-25T16:12:08.315+0000][404.429s][info ][safepoint     ] Total time for which application threads were stopped: 0.0010729 seconds, Stopping threads took: 0.0004741 seconds
[2023-11-25T16:12:09.316+0000][405.430s][debug][safepoint     ] Safepoint synchronization initiated. (170 threads)
[2023-11-25T16:12:09.316+0000][405.430s][info ][safepoint     ] Application time: 1.0007774 seconds
[2023-11-25T16:12:09.317+0000][405.431s][info ][safepoint     ] Entering safepoint region: Cleanup
[2023-11-25T16:12:09.318+0000][405.431s][info ][safepoint     ] Leaving safepoint region
[2023-11-25T16:12:09.318+0000][405.432s][info ][safepoint     ] Total time for which application threads were stopped: 0.0013882 seconds, Stopping threads took: 0.0005611 seconds
[2023-11-25T16:12:10.319+0000][406.433s][debug][safepoint     ] Safepoint synchronization initiated. (170 threads)
[2023-11-25T16:12:10.320+0000][406.433s][info ][safepoint     ] Application time: 1.0008806 seconds
[2023-11-25T16:12:10.320+0000][406.434s][info ][safepoint     ] Entering safepoint region: Cleanup
[2023-11-25T16:12:10.321+0000][406.435s][info ][safepoint     ] Leaving safepoint region
[2023-11-25T16:12:10.321+0000][406.435s][info ][safepoint     ] Total time for which application threads were stopped: 0.0011744 seconds, Stopping threads took: 0.0004986 seconds
[2023-11-25T16:12:11.322+0000][407.436s][debug][safepoint     ] Safepoint synchronization initiated. (170 threads)
[2023-11-25T16:12:11.323+0000][407.436s][info ][safepoint     ] Application time: 1.0008963 seconds
[2023-11-25T16:12:11.323+0000][407.437s][info ][safepoint     ] Entering safepoint region: Cleanup
[2023-11-25T16:12:11.324+0000][407.438s][info ][safepoint     ] Leaving safepoint region
[2023-11-25T16:12:11.324+0000][407.438s][info ][safepoint     ] Total time for which application threads were stopped: 0.0011285 seconds, Stopping threads took: 0.0005522 seconds
[2023-11-25T16:12:12.325+0000][408.439s][debug][safepoint     ] Safepoint synchronization initiated. (170 threads)
[2023-11-25T16:12:12.326+0000][408.439s][info ][safepoint     ] Application time: 1.0009676 seconds
[2023-11-25T16:12:12.326+0000][408.440s][info ][safepoint     ] Entering safepoint region: Cleanup
[2023-11-25T16:12:12.327+0000][408.441s][info ][safepoint     ] Leaving safepoint region
[2023-11-25T16:12:12.328+0000][408.441s][info ][safepoint     ] Total time for which application threads were stopped: 0.0011940 seconds, Stopping threads took: 0.0005560 seconds
[2023-11-25T16:12:13.328+0000][409.442s][debug][safepoint     ] Safepoint synchronization initiated. (170 threads)
[2023-11-25T16:12:13.329+0000][409.442s][info ][safepoint     ] Application time: 1.0006779 seconds
[2023-11-25T16:12:13.329+0000][409.443s][info ][safepoint     ] Entering safepoint region: Cleanup
[2023-11-25T16:12:13.330+0000][409.444s][info ][safepoint     ] Leaving safepoint region
[2023-11-25T16:12:13.331+0000][409.444s][info ][safepoint     ] Total time for which application threads were stopped: 0.0012740 seconds, Stopping threads took: 0.0005583 seconds
[2023-11-25T16:12:14.332+0000][410.445s][debug][safepoint     ] Safepoint synchronization initiated. (170 threads)
[2023-11-25T16:12:14.332+0000][410.446s][info ][safepoint     ] Application time: 1.0011260 seconds
[2023-11-25T16:12:14.333+0000][410.446s][info ][safepoint     ] Entering safepoint region: Cleanup
[2023-11-25T16:12:14.334+0000][410.447s][info ][safepoint     ] Leaving safepoint region
[2023-11-25T16:12:14.334+0000][410.448s][info ][safepoint     ] Total time for which application threads were stopped: 0.0011497 seconds, Stopping threads took: 0.0005862 seconds
[2023-11-25T16:12:15.335+0000][411.448s][debug][safepoint     ] Safepoint synchronization initiated. (170 threads)
[2023-11-25T16:12:15.335+0000][411.449s][info ][safepoint     ] Application time: 1.0008336 seconds
[2023-11-25T16:12:15.336+0000][411.449s][info ][safepoint     ] Entering safepoint region: Cleanup
[2023-11-25T16:12:15.336+0000][411.450s][info ][safepoint     ] Leaving safepoint region
[2023-11-25T16:12:15.337+0000][411.451s][info ][safepoint     ] Total time for which application threads were stopped: 0.0013058 seconds, Stopping threads took: 0.0006267 seconds
[2023-11-25T16:12:16.338+0000][412.451s][debug][safepoint     ] Safepoint synchronization initiated. (170 threads)
[2023-11-25T16:12:16.338+0000][412.452s][info ][safepoint     ] Application time: 1.0008205 seconds
[2023-11-25T16:12:16.339+0000][412.453s][info ][safepoint     ] Entering safepoint region: Cleanup
[2023-11-25T16:12:16.340+0000][412.454s][info ][safepoint     ] Leaving safepoint region
[2023-11-25T16:12:16.340+0000][412.454s][info ][safepoint     ] Total time for which application threads were stopped: 0.0011917 seconds, Stopping threads took: 0.0006039 seconds
[2023-11-25T16:12:17.340+0000][413.454s][debug][safepoint     ] Safepoint synchronization initiated. (170 threads)
[2023-11-25T16:12:17.341+0000][413.455s][info ][safepoint     ] Application time: 1.0010808 seconds
[2023-11-25T16:12:17.342+0000][413.456s][info ][safepoint     ] Entering safepoint region: Cleanup
[2023-11-25T16:12:17.342+0000][413.456s][info ][safepoint     ] Leaving safepoint region
[2023-11-25T16:12:17.343+0000][413.457s][info ][safepoint     ] Total time for which application threads were stopped: 0.0011193 seconds, Stopping threads took: 0.0004628 seconds
[2023-11-25T16:12:18.344+0000][414.458s][debug][safepoint     ] Safepoint synchronization initiated. (170 threads)
[2023-11-25T16:12:18.344+0000][414.458s][info ][safepoint     ] Application time: 1.0010351 seconds
[2023-11-25T16:12:18.345+0000][414.459s][info ][safepoint     ] Entering safepoint region: Cleanup
[2023-11-25T16:12:18.345+0000][414.459s][info ][safepoint     ] Leaving safepoint region
[2023-11-25T16:12:18.346+0000][414.460s][info ][safepoint     ] Total time for which application threads were stopped: 0.0011161 seconds, Stopping threads took: 0.0004577 seconds
[2023-11-25T16:12:19.347+0000][415.461s][debug][safepoint     ] Safepoint synchronization initiated. (170 threads)
[2023-11-25T16:12:19.347+0000][415.461s][info ][safepoint     ] Application time: 1.0009706 seconds
[2023-11-25T16:12:19.348+0000][415.462s][debug][safepoint     ] ... found polling page return exception at pc = 0x00007fe2d039c59b, stub =0x00007fe2c8840600
[2023-11-25T16:12:19.349+0000][415.463s][debug][safepoint     ] Waiting for 1 thread(s) to block
[2023-11-25T16:12:19.349+0000][415.463s][info ][safepoint     ] Entering safepoint region: Cleanup
[2023-11-25T16:12:19.350+0000][415.464s][info ][safepoint     ] Leaving safepoint region
[2023-11-25T16:12:19.350+0000][415.464s][info ][safepoint     ] Total time for which application threads were stopped: 0.0024531 seconds, Stopping threads took: 0.0017819 seconds
[2023-11-25T16:12:20.351+0000][416.465s][debug][safepoint     ] Safepoint synchronization initiated. (170 threads)
[2023-11-25T16:12:20.352+0000][416.466s][info ][safepoint     ] Application time: 1.0008400 seconds
[2023-11-25T16:12:20.352+0000][416.466s][info ][safepoint     ] Entering safepoint region: Cleanup
[2023-11-25T16:12:20.353+0000][416.467s][info ][safepoint     ] Leaving safepoint region
[2023-11-25T16:12:20.353+0000][416.467s][info ][safepoint     ] Total time for which application threads were stopped: 0.0012652 seconds, Stopping threads took: 0.0004937 seconds
[2023-11-25T16:12:21.354+0000][417.468s][debug][safepoint     ] Safepoint synchronization initiated. (170 threads)
[2023-11-25T16:12:21.355+0000][417.469s][info ][safepoint     ] Application time: 1.0007796 seconds
[2023-11-25T16:12:21.355+0000][417.469s][debug][safepoint     ] ... found polling page return exception at pc = 0x00007fe2d0b83676, stub =0x00007fe2c8840600
[2023-11-25T16:12:21.356+0000][417.470s][debug][safepoint     ] Waiting for 3 thread(s) to block
[2023-11-25T16:12:21.356+0000][417.470s][info ][safepoint     ] Entering safepoint region: Cleanup
[2023-11-25T16:12:21.357+0000][417.471s][info ][safepoint     ] Leaving safepoint region
[2023-11-25T16:12:21.357+0000][417.471s][info ][safepoint     ] Total time for which application threads were stopped: 0.0022494 seconds, Stopping threads took: 0.0016008 seconds
[2023-11-25T16:12:22.358+0000][418.472s][debug][safepoint     ] Safepoint synchronization initiated. (170 threads)
[2023-11-25T16:12:22.359+0000][418.473s][info ][safepoint     ] Application time: 1.0007192 seconds
[2023-11-25T16:12:22.359+0000][418.473s][info ][safepoint     ] Entering safepoint region: Cleanup
[2023-11-25T16:12:22.360+0000][418.474s][info ][safepoint     ] Leaving safepoint region
[2023-11-25T16:12:22.360+0000][418.474s][info ][safepoint     ] Total time for which application threads were stopped: 0.0011827 seconds, Stopping threads took: 0.0006251 seconds
[2023-11-25T16:12:23.361+0000][419.475s][debug][safepoint     ] Safepoint synchronization initiated. (170 threads)
[2023-11-25T16:12:23.361+0000][419.475s][info ][safepoint     ] Application time: 1.0008215 seconds
[2023-11-25T16:12:23.362+0000][419.476s][info ][safepoint     ] Entering safepoint region: Cleanup
[2023-11-25T16:12:23.362+0000][419.476s][info ][safepoint     ] Leaving safepoint region
[2023-11-25T16:12:23.363+0000][419.477s][info ][safepoint     ] Total time for which application threads were stopped: 0.0010377 seconds, Stopping threads took: 0.0004260 seconds
[2023-11-25T16:12:24.363+0000][420.477s][debug][safepoint     ] Safepoint synchronization initiated. (170 threads)
[2023-11-25T16:12:24.364+0000][420.478s][info ][safepoint     ] Application time: 1.0007819 seconds
[2023-11-25T16:12:24.364+0000][420.478s][info ][safepoint     ] Entering safepoint region: Cleanup
[2023-11-25T16:12:24.365+0000][420.479s][info ][safepoint     ] Leaving safepoint region
[2023-11-25T16:12:24.366+0000][420.480s][info ][safepoint     ] Total time for which application threads were stopped: 0.0012802 seconds, Stopping threads took: 0.0004833 seconds
[2023-11-25T16:12:25.366+0000][421.480s][debug][safepoint     ] Safepoint synchronization initiated. (170 threads)
[2023-11-25T16:12:25.367+0000][421.481s][info ][safepoint     ] Application time: 1.0006717 seconds
[2023-11-25T16:12:25.367+0000][421.481s][info ][safepoint     ] Entering safepoint region: Cleanup
[2023-11-25T16:12:25.368+0000][421.482s][info ][safepoint     ] Leaving safepoint region
[2023-11-25T16:12:25.368+0000][421.482s][info ][safepoint     ] Total time for which application threads were stopped: 0.0010854 seconds, Stopping threads took: 0.0004502 seconds
[2023-11-25T16:12:26.369+0000][422.483s][debug][safepoint     ] Safepoint synchronization initiated. (170 threads)
[2023-11-25T16:12:26.370+0000][422.484s][info ][safepoint     ] Application time: 1.0008769 seconds
[2023-11-25T16:12:26.370+0000][422.484s][info ][safepoint     ] Entering safepoint region: Cleanup
[2023-11-25T16:12:26.371+0000][422.485s][info ][safepoint     ] Leaving safepoint region
[2023-11-25T16:12:26.371+0000][422.485s][info ][safepoint     ] Total time for which application threads were stopped: 0.0011750 seconds, Stopping threads took: 0.0005132 seconds
[2023-11-25T16:12:27.372+0000][423.486s][debug][safepoint     ] Safepoint synchronization initiated. (170 threads)
[2023-11-25T16:12:27.373+0000][423.487s][info ][safepoint     ] Application time: 1.0008208 seconds
[2023-11-25T16:12:27.373+0000][423.487s][info ][safepoint     ] Entering safepoint region: Cleanup
[2023-11-25T16:12:27.374+0000][423.488s][info ][safepoint     ] Leaving safepoint region
[2023-11-25T16:12:27.374+0000][423.488s][info ][safepoint     ] Total time for which application threads were stopped: 0.0010167 seconds, Stopping threads took: 0.0004600 seconds
[2023-11-25T16:12:28.375+0000][424.489s][debug][safepoint     ] Safepoint synchronization initiated. (170 threads)
[2023-11-25T16:12:28.376+0000][424.490s][info ][safepoint     ] Application time: 1.0009289 seconds
[2023-11-25T16:12:28.376+0000][424.490s][info ][safepoint     ] Entering safepoint region: Cleanup
[2023-11-25T16:12:28.377+0000][424.491s][info ][safepoint     ] Leaving safepoint region
[2023-11-25T16:12:28.377+0000][424.491s][info ][safepoint     ] Total time for which application threads were stopped: 0.0012290 seconds, Stopping threads took: 0.0005334 seconds
[2023-11-25T16:12:29.378+0000][425.492s][debug][safepoint     ] Safepoint synchronization initiated. (170 threads)
[2023-11-25T16:12:29.379+0000][425.493s][info ][safepoint     ] Application time: 1.0009105 seconds
[2023-11-25T16:12:29.379+0000][425.493s][info ][safepoint     ] Entering safepoint region: Cleanup
[2023-11-25T16:12:29.380+0000][425.494s][info ][safepoint     ] Leaving safepoint region
[2023-11-25T16:12:29.380+0000][425.494s][info ][safepoint     ] Total time for which application threads were stopped: 0.0010865 seconds, Stopping threads took: 0.0005106 seconds
[2023-11-25T16:12:30.381+0000][426.495s][debug][safepoint     ] Safepoint synchronization initiated. (170 threads)
[2023-11-25T16:12:30.381+0000][426.495s][info ][safepoint     ] Application time: 1.0009123 seconds
[2023-11-25T16:12:30.382+0000][426.496s][info ][safepoint     ] Entering safepoint region: Cleanup
[2023-11-25T16:12:30.383+0000][426.497s][info ][safepoint     ] Leaving safepoint region
[2023-11-25T16:12:30.383+0000][426.497s][info ][safepoint     ] Total time for which application threads were stopped: 0.0013420 seconds, Stopping threads took: 0.0006248 seconds
[2023-11-25T16:12:31.384+0000][427.498s][debug][safepoint     ] Safepoint synchronization initiated. (170 threads)
[2023-11-25T16:12:31.384+0000][427.498s][info ][safepoint     ] Application time: 1.0007520 seconds
[2023-11-25T16:12:31.385+0000][427.499s][info ][safepoint     ] Entering safepoint region: Cleanup
[2023-11-25T16:12:31.386+0000][427.500s][info ][safepoint     ] Leaving safepoint region
[2023-11-25T16:12:31.386+0000][427.500s][info ][safepoint     ] Total time for which application threads were stopped: 0.0011846 seconds, Stopping threads took: 0.0005505 seconds
[2023-11-25T16:12:32.387+0000][428.501s][debug][safepoint     ] Safepoint synchronization initiated. (170 threads)
[2023-11-25T16:12:32.387+0000][428.501s][info ][safepoint     ] Application time: 1.0009741 seconds
[2023-11-25T16:12:32.388+0000][428.502s][info ][safepoint     ] Entering safepoint region: Cleanup
[2023-11-25T16:12:32.389+0000][428.503s][info ][safepoint     ] Leaving safepoint region
[2023-11-25T16:12:32.389+0000][428.503s][info ][safepoint     ] Total time for which application threads were stopped: 0.0013813 seconds, Stopping threads took: 0.0006468 seconds
[2023-11-25T16:12:33.390+0000][429.504s][debug][safepoint     ] Safepoint synchronization initiated. (170 threads)
[2023-11-25T16:12:33.391+0000][429.505s][info ][safepoint     ] Application time: 1.0009916 seconds
[2023-11-25T16:12:33.391+0000][429.505s][info ][safepoint     ] Entering safepoint region: Cleanup
[2023-11-25T16:12:33.392+0000][429.506s][info ][safepoint     ] Leaving safepoint region
[2023-11-25T16:12:33.392+0000][429.506s][info ][safepoint     ] Total time for which application threads were stopped: 0.0012497 seconds, Stopping threads took: 0.0005209 seconds
[2023-11-25T16:12:34.393+0000][430.507s][debug][safepoint     ] Safepoint synchronization initiated. (170 threads)
[2023-11-25T16:12:34.394+0000][430.508s][info ][safepoint     ] Application time: 1.0007457 seconds
[2023-11-25T16:12:34.394+0000][430.508s][info ][safepoint     ] Entering safepoint region: Cleanup
[2023-11-25T16:12:34.395+0000][430.509s][info ][safepoint     ] Leaving safepoint region
[2023-11-25T16:12:34.395+0000][430.509s][info ][safepoint     ] Total time for which application threads were stopped: 0.0012231 seconds, Stopping threads took: 0.0005415 seconds
[2023-11-25T16:12:35.396+0000][431.510s][debug][safepoint     ] Safepoint synchronization initiated. (170 threads)
[2023-11-25T16:12:35.397+0000][431.511s][info ][safepoint     ] Application time: 1.0007229 seconds
[2023-11-25T16:12:35.397+0000][431.511s][info ][safepoint     ] Entering safepoint region: Cleanup
[2023-11-25T16:12:35.398+0000][431.512s][info ][safepoint     ] Leaving safepoint region
[2023-11-25T16:12:35.398+0000][431.512s][info ][safepoint     ] Total time for which application threads were stopped: 0.0012748 seconds, Stopping threads took: 0.0005726 seconds
[2023-11-25T16:12:36.399+0000][432.513s][debug][safepoint     ] Safepoint synchronization initiated. (170 threads)
[2023-11-25T16:12:36.400+0000][432.514s][info ][safepoint     ] Application time: 1.0007813 seconds
[2023-11-25T16:12:36.400+0000][432.514s][info ][safepoint     ] Entering safepoint region: Cleanup
[2023-11-25T16:12:36.401+0000][432.515s][info ][safepoint     ] Leaving safepoint region
[2023-11-25T16:12:36.401+0000][432.515s][info ][safepoint     ] Total time for which application threads were stopped: 0.0010873 seconds, Stopping threads took: 0.0004722 seconds
[2023-11-25T16:12:37.402+0000][433.516s][debug][safepoint     ] Safepoint synchronization initiated. (170 threads)
[2023-11-25T16:12:37.403+0000][433.517s][info ][safepoint     ] Application time: 1.0008914 seconds
[2023-11-25T16:12:37.403+0000][433.517s][info ][safepoint     ] Entering safepoint region: Cleanup
[2023-11-25T16:12:37.404+0000][433.518s][info ][safepoint     ] Leaving safepoint region
[2023-11-25T16:12:37.404+0000][433.518s][info ][safepoint     ] Total time for which application threads were stopped: 0.0012435 seconds, Stopping threads took: 0.0005102 seconds
[2023-11-25T16:12:38.405+0000][434.519s][debug][safepoint     ] Safepoint synchronization initiated. (170 threads)
[2023-11-25T16:12:38.406+0000][434.520s][info ][safepoint     ] Application time: 1.0008244 seconds
[2023-11-25T16:12:38.406+0000][434.520s][info ][safepoint     ] Entering safepoint region: Cleanup
[2023-11-25T16:12:38.407+0000][434.521s][info ][safepoint     ] Leaving safepoint region
[2023-11-25T16:12:38.407+0000][434.521s][info ][safepoint     ] Total time for which application threads were stopped: 0.0011469 seconds, Stopping threads took: 0.0005450 seconds
[2023-11-25T16:12:39.408+0000][435.522s][debug][safepoint     ] Safepoint synchronization initiated. (170 threads)
[2023-11-25T16:12:39.409+0000][435.523s][info ][safepoint     ] Application time: 1.0010359 seconds
[2023-11-25T16:12:39.409+0000][435.523s][info ][safepoint     ] Entering safepoint region: Cleanup
[2023-11-25T16:12:39.410+0000][435.524s][info ][safepoint     ] Leaving safepoint region
[2023-11-25T16:12:39.411+0000][435.525s][info ][safepoint     ] Total time for which application threads were stopped: 0.0011914 seconds, Stopping threads took: 0.0005326 seconds
[2023-11-25T16:12:40.411+0000][436.525s][debug][safepoint     ] Safepoint synchronization initiated. (170 threads)
[2023-11-25T16:12:40.412+0000][436.526s][info ][safepoint     ] Application time: 1.0009417 seconds
[2023-11-25T16:12:40.413+0000][436.527s][info ][safepoint     ] Entering safepoint region: Cleanup
[2023-11-25T16:12:40.413+0000][436.527s][info ][safepoint     ] Leaving safepoint region
[2023-11-25T16:12:40.414+0000][436.528s][info ][safepoint     ] Total time for which application threads were stopped: 0.0011867 seconds, Stopping threads took: 0.0005105 seconds
[2023-11-25T16:12:40.413+0000][436.527s][debug][safepoint     ] ... found polling page return exception at pc = 0x00007fe2d0d604c4, stub =0x00007fe2c8840600
[2023-11-25T16:12:40.413+0000][436.527s][debug][safepoint     ] ... found polling page return exception at pc = 0x00007fe2d0d604c4, stub =0x00007fe2c8840600
[2023-11-25T16:12:40.413+0000][436.527s][debug][safepoint     ] ... found polling page return exception at pc = 0x00007fe2d0d604c4, stub =0x00007fe2c8840600
[2023-11-25T16:12:40.413+0000][436.527s][debug][safepoint     ] ... found polling page return exception at pc = 0x00007fe2d0d604c4, stub =0x00007fe2c8840600
[2023-11-25T16:12:40.413+0000][436.527s][debug][safepoint     ] ... found polling page return exception at pc = 0x00007fe2d0d604c4, stub =0x00007fe2c8840600
[2023-11-25T16:12:41.414+0000][437.528s][debug][safepoint     ] Safepoint synchronization initiated. (170 threads)
[2023-11-25T16:12:41.415+0000][437.529s][info ][safepoint     ] Application time: 1.0005224 seconds
[2023-11-25T16:12:41.415+0000][437.529s][info ][safepoint     ] Entering safepoint region: Cleanup
[2023-11-25T16:12:41.416+0000][437.530s][info ][safepoint     ] Leaving safepoint region
[2023-11-25T16:12:41.416+0000][437.530s][info ][safepoint     ] Total time for which application threads were stopped: 0.0008757 seconds, Stopping threads took: 0.0003882 seconds
[2023-11-25T16:12:42.416+0000][438.531s][debug][safepoint     ] Safepoint synchronization initiated. (170 threads)
[2023-11-25T16:12:42.417+0000][438.531s][info ][safepoint     ] Application time: 1.0008790 seconds
[2023-11-25T16:12:42.418+0000][438.532s][info ][safepoint     ] Entering safepoint region: Cleanup
[2023-11-25T16:12:42.418+0000][438.532s][info ][safepoint     ] Leaving safepoint region
[2023-11-25T16:12:42.419+0000][438.533s][info ][safepoint     ] Total time for which application threads were stopped: 0.0011278 seconds, Stopping threads took: 0.0004795 seconds
[2023-11-25T16:12:43.186+0000][439.300s][debug][safepoint     ] Safepoint synchronization initiated. (170 threads)
[2023-11-25T16:12:43.187+0000][439.301s][info ][safepoint     ] Application time: 0.7677052 seconds
[2023-11-25T16:12:43.188+0000][439.302s][info ][safepoint     ] Entering safepoint region: G1CollectForAllocation
[2023-11-25T16:12:43.188+0000][439.302s][info ][gc,start      ] GC(69) Pause Young (Normal) (G1 Evacuation Pause)
[2023-11-25T16:12:43.189+0000][439.303s][info ][gc,task       ] GC(69) Using 8 workers of 8 for evacuation
[2023-11-25T16:12:43.210+0000][439.324s][info ][gc,phases     ] GC(69)   Pre Evacuate Collection Set: 0.1ms
[2023-11-25T16:12:43.211+0000][439.325s][info ][gc,phases     ] GC(69)   Evacuate Collection Set: 15.6ms
[2023-11-25T16:12:43.211+0000][439.325s][info ][gc,phases     ] GC(69)   Post Evacuate Collection Set: 5.0ms
[2023-11-25T16:12:43.212+0000][439.326s][info ][gc,phases     ] GC(69)   Other: 1.1ms
[2023-11-25T16:12:43.212+0000][439.326s][info ][gc,heap       ] GC(69) Eden regions: 222->0(231)
[2023-11-25T16:12:43.213+0000][439.327s][info ][gc,heap       ] GC(69) Survivor regions: 22->16(31)
[2023-11-25T16:12:43.213+0000][439.327s][info ][gc,heap       ] GC(69) Old regions: 148->153
[2023-11-25T16:12:43.214+0000][439.328s][info ][gc,heap       ] GC(69) Humongous regions: 0->0
[2023-11-25T16:12:43.214+0000][439.328s][info ][gc,metaspace  ] GC(69) Metaspace: 178294K(192168K)->178294K(192168K) NonClass: 157587K(168660K)->157587K(168660K) Class: 20706K(23508K)->20706K(23508K)
[2023-11-25T16:12:43.215+0000][439.329s][info ][gc            ] GC(69) Pause Young (Normal) (G1 Evacuation Pause) 389M->167M(470M) 26.319ms
[2023-11-25T16:12:43.215+0000][439.329s][info ][gc,cpu        ] GC(69) User=0.14s Sys=0.00s Real=0.03s
[2023-11-25T16:12:43.216+0000][439.330s][info ][safepoint     ] Leaving safepoint region
[2023-11-25T16:12:43.216+0000][439.330s][info ][safepoint     ] Total time for which application threads were stopped: 0.0289033 seconds, Stopping threads took: 0.0005232 seconds
[2023-11-25T16:12:43.217+0000][439.331s][info ][gc,stringdedup] Concurrent String Deduplication (439.331s)
[2023-11-25T16:12:43.221+0000][439.335s][info ][gc,stringdedup] Concurrent String Deduplication 380.5K->186.3K(194.2K) avg 52.7% (439.331s, 439.335s) 3.655ms
[2023-11-25T16:12:44.217+0000][440.331s][debug][safepoint     ] Safepoint synchronization initiated. (170 threads)
[2023-11-25T16:12:44.218+0000][440.332s][info ][safepoint     ] Application time: 1.0009565 seconds
[2023-11-25T16:12:44.218+0000][440.332s][info ][safepoint     ] Entering safepoint region: Cleanup
[2023-11-25T16:12:44.219+0000][440.333s][info ][safepoint     ] Leaving safepoint region
[2023-11-25T16:12:44.220+0000][440.334s][info ][safepoint     ] Total time for which application threads were stopped: 0.0012195 seconds, Stopping threads took: 0.0005167 seconds
[2023-11-25T16:12:45.220+0000][441.334s][debug][safepoint     ] Safepoint synchronization initiated. (170 threads)
[2023-11-25T16:12:45.221+0000][441.335s][info ][safepoint     ] Application time: 1.0008884 seconds
[2023-11-25T16:12:45.222+0000][441.336s][info ][safepoint     ] Entering safepoint region: Cleanup
[2023-11-25T16:12:45.222+0000][441.336s][info ][safepoint     ] Leaving safepoint region
[2023-11-25T16:12:45.223+0000][441.337s][info ][safepoint     ] Total time for which application threads were stopped: 0.0013832 seconds, Stopping threads took: 0.0006287 seconds
[2023-11-25T16:12:46.224+0000][442.338s][debug][safepoint     ] Safepoint synchronization initiated. (170 threads)
[2023-11-25T16:12:46.225+0000][442.339s][info ][safepoint     ] Application time: 1.0012659 seconds
[2023-11-25T16:12:46.225+0000][442.339s][info ][safepoint     ] Entering safepoint region: Cleanup
[2023-11-25T16:12:46.226+0000][442.340s][info ][safepoint     ] Leaving safepoint region
[2023-11-25T16:12:46.227+0000][442.341s][info ][safepoint     ] Total time for which application threads were stopped: 0.0012660 seconds, Stopping threads took: 0.0006273 seconds
[2023-11-25T16:12:47.227+0000][443.341s][debug][safepoint     ] Safepoint synchronization initiated. (170 threads)
[2023-11-25T16:12:47.228+0000][443.342s][info ][safepoint     ] Application time: 1.0009532 seconds
[2023-11-25T16:12:47.228+0000][443.342s][info ][safepoint     ] Entering safepoint region: Cleanup
[2023-11-25T16:12:47.229+0000][443.343s][info ][safepoint     ] Leaving safepoint region
[2023-11-25T16:12:47.230+0000][443.344s][info ][safepoint     ] Total time for which application threads were stopped: 0.0012046 seconds, Stopping threads took: 0.0005806 seconds
[2023-11-25T16:12:48.230+0000][444.344s][debug][safepoint     ] Safepoint synchronization initiated. (170 threads)
[2023-11-25T16:12:48.231+0000][444.345s][info ][safepoint     ] Application time: 1.0008183 seconds
[2023-11-25T16:12:48.231+0000][444.346s][info ][safepoint     ] Entering safepoint region: Cleanup
[2023-11-25T16:12:48.232+0000][444.346s][info ][safepoint     ] Leaving safepoint region
[2023-11-25T16:12:48.232+0000][444.346s][info ][safepoint     ] Total time for which application threads were stopped: 0.0010228 seconds, Stopping threads took: 0.0005061 seconds
[2023-11-25T16:12:49.233+0000][445.347s][debug][safepoint     ] Safepoint synchronization initiated. (170 threads)
[2023-11-25T16:12:49.234+0000][445.348s][info ][safepoint     ] Application time: 1.0010312 seconds
[2023-11-25T16:12:49.234+0000][445.348s][info ][safepoint     ] Entering safepoint region: Cleanup
[2023-11-25T16:12:49.235+0000][445.349s][info ][safepoint     ] Leaving safepoint region
[2023-11-25T16:12:49.236+0000][445.350s][info ][safepoint     ] Total time for which application threads were stopped: 0.0012939 seconds, Stopping threads took: 0.0005735 seconds
[2023-11-25T16:12:50.236+0000][446.350s][debug][safepoint     ] Safepoint synchronization initiated. (170 threads)
[2023-11-25T16:12:50.237+0000][446.351s][info ][safepoint     ] Application time: 1.0008492 seconds
[2023-11-25T16:12:50.237+0000][446.351s][info ][safepoint     ] Entering safepoint region: Cleanup
[2023-11-25T16:12:50.238+0000][446.352s][info ][safepoint     ] Leaving safepoint region
[2023-11-25T16:12:50.239+0000][446.353s][info ][safepoint     ] Total time for which application threads were stopped: 0.0013223 seconds, Stopping threads took: 0.0005835 seconds
[2023-11-25T16:12:51.239+0000][447.353s][debug][safepoint     ] Safepoint synchronization initiated. (170 threads)
[2023-11-25T16:12:51.240+0000][447.354s][info ][safepoint     ] Application time: 1.0007074 seconds
[2023-11-25T16:12:51.240+0000][447.354s][info ][safepoint     ] Entering safepoint region: Cleanup
[2023-11-25T16:12:51.241+0000][447.355s][info ][safepoint     ] Leaving safepoint region
[2023-11-25T16:12:51.241+0000][447.356s][info ][safepoint     ] Total time for which application threads were stopped: 0.0011458 seconds, Stopping threads took: 0.0005533 seconds
[2023-11-25T16:12:52.242+0000][448.356s][debug][safepoint     ] Safepoint synchronization initiated. (170 threads)
[2023-11-25T16:12:52.243+0000][448.357s][info ][safepoint     ] Application time: 1.0005525 seconds
[2023-11-25T16:12:52.243+0000][448.357s][info ][safepoint     ] Entering safepoint region: Cleanup
[2023-11-25T16:12:52.244+0000][448.358s][info ][safepoint     ] Leaving safepoint region
[2023-11-25T16:12:52.244+0000][448.358s][info ][safepoint     ] Total time for which application threads were stopped: 0.0012053 seconds, Stopping threads took: 0.0004056 seconds
[2023-11-25T16:12:53.245+0000][449.359s][debug][safepoint     ] Safepoint synchronization initiated. (170 threads)
[2023-11-25T16:12:53.245+0000][449.360s][info ][safepoint     ] Application time: 1.0007844 seconds
[2023-11-25T16:12:53.246+0000][449.360s][info ][safepoint     ] Entering safepoint region: Cleanup
[2023-11-25T16:12:53.247+0000][449.361s][info ][safepoint     ] Leaving safepoint region
[2023-11-25T16:12:53.247+0000][449.361s][info ][safepoint     ] Total time for which application threads were stopped: 0.0010040 seconds, Stopping threads took: 0.0004444 seconds
[2023-11-25T16:12:54.247+0000][450.362s][debug][safepoint     ] Safepoint synchronization initiated. (170 threads)
[2023-11-25T16:12:54.248+0000][450.362s][info ][safepoint     ] Application time: 1.0007934 seconds
[2023-11-25T16:12:54.249+0000][450.363s][info ][safepoint     ] Entering safepoint region: Cleanup
[2023-11-25T16:12:54.249+0000][450.363s][info ][safepoint     ] Leaving safepoint region
[2023-11-25T16:12:54.250+0000][450.364s][info ][safepoint     ] Total time for which application threads were stopped: 0.0012941 seconds, Stopping threads took: 0.0005813 seconds
[2023-11-25T16:12:55.250+0000][451.365s][debug][safepoint     ] Safepoint synchronization initiated. (170 threads)
[2023-11-25T16:12:55.251+0000][451.365s][info ][safepoint     ] Application time: 1.0006934 seconds
[2023-11-25T16:12:55.251+0000][451.366s][info ][safepoint     ] Entering safepoint region: Cleanup
[2023-11-25T16:12:55.252+0000][451.366s][info ][safepoint     ] Leaving safepoint region
[2023-11-25T16:12:55.253+0000][451.367s][info ][safepoint     ] Total time for which application threads were stopped: 0.0010857 seconds, Stopping threads took: 0.0003905 seconds
[2023-11-25T16:12:56.253+0000][452.367s][debug][safepoint     ] Safepoint synchronization initiated. (170 threads)
[2023-11-25T16:12:56.254+0000][452.368s][info ][safepoint     ] Application time: 1.0007250 seconds
[2023-11-25T16:12:56.254+0000][452.368s][info ][safepoint     ] Entering safepoint region: Cleanup
[2023-11-25T16:12:56.255+0000][452.369s][info ][safepoint     ] Leaving safepoint region
[2023-11-25T16:12:56.255+0000][452.369s][info ][safepoint     ] Total time for which application threads were stopped: 0.0011952 seconds, Stopping threads took: 0.0005395 seconds
[2023-11-25T16:12:57.256+0000][453.370s][debug][safepoint     ] Safepoint synchronization initiated. (170 threads)
[2023-11-25T16:12:57.256+0000][453.371s][info ][safepoint     ] Application time: 1.0006634 seconds
[2023-11-25T16:12:57.257+0000][453.371s][info ][safepoint     ] Entering safepoint region: Cleanup
[2023-11-25T16:12:57.257+0000][453.372s][info ][safepoint     ] Leaving safepoint region
[2023-11-25T16:12:57.258+0000][453.372s][info ][safepoint     ] Total time for which application threads were stopped: 0.0011239 seconds, Stopping threads took: 0.0004143 seconds
[2023-11-25T16:12:58.259+0000][454.373s][debug][safepoint     ] Safepoint synchronization initiated. (170 threads)
[2023-11-25T16:12:58.259+0000][454.373s][info ][safepoint     ] Application time: 1.0009589 seconds
[2023-11-25T16:12:58.260+0000][454.374s][info ][safepoint     ] Entering safepoint region: Cleanup
[2023-11-25T16:12:58.261+0000][454.375s][info ][safepoint     ] Leaving safepoint region
[2023-11-25T16:12:58.261+0000][454.375s][info ][safepoint     ] Total time for which application threads were stopped: 0.0013650 seconds, Stopping threads took: 0.0006404 seconds
[2023-11-25T16:12:59.262+0000][455.376s][debug][safepoint     ] Safepoint synchronization initiated. (170 threads)
[2023-11-25T16:12:59.263+0000][455.377s][info ][safepoint     ] Application time: 1.0007607 seconds
[2023-11-25T16:12:59.263+0000][455.377s][info ][safepoint     ] Entering safepoint region: Cleanup
[2023-11-25T16:12:59.264+0000][455.378s][info ][safepoint     ] Leaving safepoint region
[2023-11-25T16:12:59.264+0000][455.379s][info ][safepoint     ] Total time for which application threads were stopped: 0.0012441 seconds, Stopping threads took: 0.0006183 seconds
[2023-11-25T16:13:00.265+0000][456.379s][debug][safepoint     ] Safepoint synchronization initiated. (170 threads)
[2023-11-25T16:13:00.266+0000][456.380s][info ][safepoint     ] Application time: 1.0008338 seconds
[2023-11-25T16:13:00.266+0000][456.380s][info ][safepoint     ] Entering safepoint region: Cleanup
[2023-11-25T16:13:00.267+0000][456.381s][info ][safepoint     ] Leaving safepoint region
[2023-11-25T16:13:00.267+0000][456.382s][info ][safepoint     ] Total time for which application threads were stopped: 0.0011645 seconds, Stopping threads took: 0.0005366 seconds
[2023-11-25T16:13:01.268+0000][457.382s][debug][safepoint     ] Safepoint synchronization initiated. (170 threads)
[2023-11-25T16:13:01.269+0000][457.383s][info ][safepoint     ] Application time: 1.0009484 seconds
[2023-11-25T16:13:01.269+0000][457.384s][info ][safepoint     ] Entering safepoint region: Cleanup
[2023-11-25T16:13:01.270+0000][457.384s][info ][safepoint     ] Leaving safepoint region
[2023-11-25T16:13:01.271+0000][457.385s][info ][safepoint     ] Total time for which application threads were stopped: 0.0013192 seconds, Stopping threads took: 0.0005910 seconds
[2023-11-25T16:13:02.271+0000][458.386s][debug][safepoint     ] Safepoint synchronization initiated. (170 threads)
[2023-11-25T16:13:02.272+0000][458.386s][info ][safepoint     ] Application time: 1.0008283 seconds
[2023-11-25T16:13:02.273+0000][458.387s][info ][safepoint     ] Entering safepoint region: Cleanup
[2023-11-25T16:13:02.273+0000][458.388s][info ][safepoint     ] Leaving safepoint region
[2023-11-25T16:13:02.274+0000][458.388s][info ][safepoint     ] Total time for which application threads were stopped: 0.0013826 seconds, Stopping threads took: 0.0005736 seconds
[2023-11-25T16:13:03.275+0000][459.389s][debug][safepoint     ] Safepoint synchronization initiated. (170 threads)
[2023-11-25T16:13:03.275+0000][459.389s][info ][safepoint     ] Application time: 1.0007309 seconds
[2023-11-25T16:13:03.276+0000][459.390s][info ][safepoint     ] Entering safepoint region: Cleanup
[2023-11-25T16:13:03.276+0000][459.390s][info ][safepoint     ] Leaving safepoint region
[2023-11-25T16:13:03.277+0000][459.391s][info ][safepoint     ] Total time for which application threads were stopped: 0.0010470 seconds, Stopping threads took: 0.0003894 seconds
[2023-11-25T16:13:04.277+0000][460.391s][debug][safepoint     ] Safepoint synchronization initiated. (170 threads)
[2023-11-25T16:13:04.278+0000][460.392s][info ][safepoint     ] Application time: 1.0011133 seconds
[2023-11-25T16:13:04.279+0000][460.393s][info ][safepoint     ] Entering safepoint region: Cleanup
[2023-11-25T16:13:04.280+0000][460.394s][info ][safepoint     ] Leaving safepoint region
[2023-11-25T16:13:04.280+0000][460.394s][info ][safepoint     ] Total time for which application threads were stopped: 0.0012341 seconds, Stopping threads took: 0.0005978 seconds
[2023-11-25T16:13:05.281+0000][461.395s][debug][safepoint     ] Safepoint synchronization initiated. (170 threads)
[2023-11-25T16:13:05.281+0000][461.395s][info ][safepoint     ] Application time: 1.0008741 seconds
[2023-11-25T16:13:05.282+0000][461.396s][info ][safepoint     ] Entering safepoint region: Cleanup
[2023-11-25T16:13:05.282+0000][461.396s][info ][safepoint     ] Leaving safepoint region
[2023-11-25T16:13:05.283+0000][461.397s][info ][safepoint     ] Total time for which application threads were stopped: 0.0008198 seconds, Stopping threads took: 0.0003681 seconds
[2023-11-25T16:13:06.283+0000][462.397s][debug][safepoint     ] Safepoint synchronization initiated. (170 threads)
[2023-11-25T16:13:06.283+0000][462.397s][info ][safepoint     ] Application time: 1.0005563 seconds
[2023-11-25T16:13:06.284+0000][462.398s][info ][safepoint     ] Entering safepoint region: Cleanup
[2023-11-25T16:13:06.284+0000][462.398s][info ][safepoint     ] Leaving safepoint region
[2023-11-25T16:13:06.284+0000][462.399s][info ][safepoint     ] Total time for which application threads were stopped: 0.0008263 seconds, Stopping threads took: 0.0003460 seconds
[2023-11-25T16:13:07.285+0000][463.399s][debug][safepoint     ] Safepoint synchronization initiated. (170 threads)
[2023-11-25T16:13:07.285+0000][463.399s][info ][safepoint     ] Application time: 1.0005575 seconds
[2023-11-25T16:13:07.286+0000][463.400s][info ][safepoint     ] Entering safepoint region: Cleanup
[2023-11-25T16:13:07.286+0000][463.400s][info ][safepoint     ] Leaving safepoint region
[2023-11-25T16:13:07.287+0000][463.401s][info ][safepoint     ] Total time for which application threads were stopped: 0.0009787 seconds, Stopping threads took: 0.0004266 seconds
[2023-11-25T16:13:08.287+0000][464.401s][debug][safepoint     ] Safepoint synchronization initiated. (170 threads)
[2023-11-25T16:13:08.288+0000][464.402s][info ][safepoint     ] Application time: 1.0008197 seconds
[2023-11-25T16:13:08.288+0000][464.402s][info ][safepoint     ] Entering safepoint region: Cleanup
[2023-11-25T16:13:08.289+0000][464.403s][info ][safepoint     ] Leaving safepoint region
[2023-11-25T16:13:08.289+0000][464.403s][info ][safepoint     ] Total time for which application threads were stopped: 0.0010512 seconds, Stopping threads took: 0.0004236 seconds
[2023-11-25T16:13:09.290+0000][465.404s][debug][safepoint     ] Safepoint synchronization initiated. (170 threads)
[2023-11-25T16:13:09.291+0000][465.405s][info ][safepoint     ] Application time: 1.0008010 seconds
[2023-11-25T16:13:09.291+0000][465.405s][info ][safepoint     ] Entering safepoint region: Cleanup
[2023-11-25T16:13:09.292+0000][465.406s][info ][safepoint     ] Leaving safepoint region
[2023-11-25T16:13:09.293+0000][465.407s][info ][safepoint     ] Total time for which application threads were stopped: 0.0013906 seconds, Stopping threads took: 0.0006039 seconds
[2023-11-25T16:13:10.293+0000][466.407s][debug][safepoint     ] Safepoint synchronization initiated. (170 threads)
[2023-11-25T16:13:10.294+0000][466.408s][info ][safepoint     ] Application time: 1.0007993 seconds
[2023-11-25T16:13:10.294+0000][466.409s][info ][safepoint     ] Entering safepoint region: Cleanup
[2023-11-25T16:13:10.295+0000][466.409s][info ][safepoint     ] Leaving safepoint region
[2023-11-25T16:13:10.295+0000][466.410s][info ][safepoint     ] Total time for which application threads were stopped: 0.0010440 seconds, Stopping threads took: 0.0003950 seconds
[2023-11-25T16:13:11.296+0000][467.410s][debug][safepoint     ] Safepoint synchronization initiated. (170 threads)
[2023-11-25T16:13:11.297+0000][467.411s][info ][safepoint     ] Application time: 1.0007689 seconds
[2023-11-25T16:13:11.297+0000][467.411s][info ][safepoint     ] Entering safepoint region: Cleanup
[2023-11-25T16:13:11.298+0000][467.412s][info ][safepoint     ] Leaving safepoint region
[2023-11-25T16:13:11.298+0000][467.412s][info ][safepoint     ] Total time for which application threads were stopped: 0.0011406 seconds, Stopping threads took: 0.0004848 seconds
[2023-11-25T16:13:12.299+0000][468.413s][debug][safepoint     ] Safepoint synchronization initiated. (170 threads)
[2023-11-25T16:13:12.299+0000][468.414s][info ][safepoint     ] Application time: 1.0007646 seconds
[2023-11-25T16:13:12.300+0000][468.414s][info ][safepoint     ] Entering safepoint region: Cleanup
[2023-11-25T16:13:12.301+0000][468.415s][info ][safepoint     ] Leaving safepoint region
[2023-11-25T16:13:12.301+0000][468.415s][info ][safepoint     ] Total time for which application threads were stopped: 0.0011072 seconds, Stopping threads took: 0.0004388 seconds
[2023-11-25T16:13:13.302+0000][469.416s][debug][safepoint     ] Safepoint synchronization initiated. (170 threads)
[2023-11-25T16:13:13.302+0000][469.416s][info ][safepoint     ] Application time: 1.0005674 seconds
[2023-11-25T16:13:13.303+0000][469.417s][info ][safepoint     ] Entering safepoint region: Cleanup
[2023-11-25T16:13:13.303+0000][469.417s][info ][safepoint     ] Leaving safepoint region
[2023-11-25T16:13:13.303+0000][469.418s][info ][safepoint     ] Total time for which application threads were stopped: 0.0009760 seconds, Stopping threads took: 0.0004897 seconds
[2023-11-25T16:13:14.304+0000][470.418s][debug][safepoint     ] Safepoint synchronization initiated. (170 threads)
[2023-11-25T16:13:14.305+0000][470.419s][info ][safepoint     ] Application time: 1.0007386 seconds
[2023-11-25T16:13:14.305+0000][470.419s][info ][safepoint     ] Entering safepoint region: Cleanup
[2023-11-25T16:13:14.306+0000][470.420s][info ][safepoint     ] Leaving safepoint region
[2023-11-25T16:13:14.306+0000][470.420s][info ][safepoint     ] Total time for which application threads were stopped: 0.0009081 seconds, Stopping threads took: 0.0003929 seconds
[2023-11-25T16:13:15.306+0000][471.420s][debug][safepoint     ] Safepoint synchronization initiated. (170 threads)
[2023-11-25T16:13:15.307+0000][471.421s][info ][safepoint     ] Application time: 1.0007018 seconds
[2023-11-25T16:13:15.307+0000][471.422s][info ][safepoint     ] Entering safepoint region: Cleanup
[2023-11-25T16:13:15.308+0000][471.422s][info ][safepoint     ] Leaving safepoint region
[2023-11-25T16:13:15.308+0000][471.423s][info ][safepoint     ] Total time for which application threads were stopped: 0.0010543 seconds, Stopping threads took: 0.0005201 seconds
[2023-11-25T16:13:16.309+0000][472.423s][debug][safepoint     ] Safepoint synchronization initiated. (170 threads)
[2023-11-25T16:13:16.310+0000][472.424s][info ][safepoint     ] Application time: 1.0008108 seconds
[2023-11-25T16:13:16.310+0000][472.424s][info ][safepoint     ] Entering safepoint region: Cleanup
[2023-11-25T16:13:16.311+0000][472.425s][info ][safepoint     ] Leaving safepoint region
[2023-11-25T16:13:16.311+0000][472.426s][info ][safepoint     ] Total time for which application threads were stopped: 0.0012098 seconds, Stopping threads took: 0.0005406 seconds
[2023-11-25T16:13:17.312+0000][473.426s][debug][safepoint     ] Safepoint synchronization initiated. (170 threads)
[2023-11-25T16:13:17.312+0000][473.427s][info ][safepoint     ] Application time: 1.0007134 seconds
[2023-11-25T16:13:17.313+0000][473.427s][info ][safepoint     ] Entering safepoint region: Cleanup
[2023-11-25T16:13:17.313+0000][473.428s][info ][safepoint     ] Leaving safepoint region
[2023-11-25T16:13:17.313+0000][473.428s][info ][safepoint     ] Total time for which application threads were stopped: 0.0008883 seconds, Stopping threads took: 0.0003694 seconds
[2023-11-25T16:13:18.314+0000][474.429s][debug][safepoint     ] Safepoint synchronization initiated. (170 threads)
[2023-11-25T16:13:18.315+0000][474.429s][info ][safepoint     ] Application time: 1.0008744 seconds
[2023-11-25T16:13:18.315+0000][474.430s][info ][safepoint     ] Entering safepoint region: Cleanup
[2023-11-25T16:13:18.316+0000][474.430s][info ][safepoint     ] Leaving safepoint region
[2023-11-25T16:13:18.316+0000][474.431s][info ][safepoint     ] Total time for which application threads were stopped: 0.0012069 seconds, Stopping threads took: 0.0005412 seconds
[2023-11-25T16:13:19.317+0000][475.432s][debug][safepoint     ] Safepoint synchronization initiated. (170 threads)
[2023-11-25T16:13:19.318+0000][475.432s][info ][safepoint     ] Application time: 1.0007700 seconds
[2023-11-25T16:13:19.318+0000][475.433s][info ][safepoint     ] Entering safepoint region: Cleanup
[2023-11-25T16:13:19.319+0000][475.433s][info ][safepoint     ] Leaving safepoint region
[2023-11-25T16:13:19.319+0000][475.434s][info ][safepoint     ] Total time for which application threads were stopped: 0.0011525 seconds, Stopping threads took: 0.0005469 seconds
[2023-11-25T16:13:20.320+0000][476.435s][debug][safepoint     ] Safepoint synchronization initiated. (170 threads)
[2023-11-25T16:13:20.321+0000][476.435s][info ][safepoint     ] Application time: 1.0010074 seconds
[2023-11-25T16:13:20.321+0000][476.436s][info ][safepoint     ] Entering safepoint region: Cleanup
[2023-11-25T16:13:20.322+0000][476.436s][info ][safepoint     ] Leaving safepoint region
[2023-11-25T16:13:20.322+0000][476.437s][info ][safepoint     ] Total time for which application threads were stopped: 0.0011904 seconds, Stopping threads took: 0.0004884 seconds
[2023-11-25T16:13:21.323+0000][477.438s][debug][safepoint     ] Safepoint synchronization initiated. (170 threads)
[2023-11-25T16:13:21.324+0000][477.438s][info ][safepoint     ] Application time: 1.0007833 seconds
[2023-11-25T16:13:21.324+0000][477.439s][info ][safepoint     ] Entering safepoint region: Cleanup
[2023-11-25T16:13:21.325+0000][477.440s][info ][safepoint     ] Leaving safepoint region
[2023-11-25T16:13:21.326+0000][477.440s][info ][safepoint     ] Total time for which application threads were stopped: 0.0014348 seconds, Stopping threads took: 0.0005956 seconds
[2023-11-25T16:13:22.326+0000][478.441s][debug][safepoint     ] Safepoint synchronization initiated. (170 threads)
[2023-11-25T16:13:22.327+0000][478.441s][info ][safepoint     ] Application time: 1.0008742 seconds
[2023-11-25T16:13:22.327+0000][478.442s][info ][safepoint     ] Entering safepoint region: Cleanup
[2023-11-25T16:13:22.328+0000][478.442s][info ][safepoint     ] Leaving safepoint region
[2023-11-25T16:13:22.328+0000][478.443s][info ][safepoint     ] Total time for which application threads were stopped: 0.0012879 seconds, Stopping threads took: 0.0004918 seconds
[2023-11-25T16:13:23.329+0000][479.444s][debug][safepoint     ] Safepoint synchronization initiated. (170 threads)
[2023-11-25T16:13:23.330+0000][479.444s][info ][safepoint     ] Application time: 1.0006166 seconds
[2023-11-25T16:13:23.330+0000][479.445s][info ][safepoint     ] Entering safepoint region: Cleanup
[2023-11-25T16:13:23.331+0000][479.446s][info ][safepoint     ] Leaving safepoint region
[2023-11-25T16:13:23.331+0000][479.446s][info ][safepoint     ] Total time for which application threads were stopped: 0.0012601 seconds, Stopping threads took: 0.0006091 seconds
[2023-11-25T16:13:24.332+0000][480.447s][debug][safepoint     ] Safepoint synchronization initiated. (170 threads)
[2023-11-25T16:13:24.333+0000][480.447s][info ][safepoint     ] Application time: 1.0008182 seconds
[2023-11-25T16:13:24.333+0000][480.448s][info ][safepoint     ] Entering safepoint region: Cleanup
[2023-11-25T16:13:24.334+0000][480.448s][info ][safepoint     ] Leaving safepoint region
[2023-11-25T16:13:24.334+0000][480.449s][info ][safepoint     ] Total time for which application threads were stopped: 0.0010308 seconds, Stopping threads took: 0.0004478 seconds
[2023-11-25T16:13:25.335+0000][481.449s][debug][safepoint     ] Safepoint synchronization initiated. (170 threads)
[2023-11-25T16:13:25.335+0000][481.450s][info ][safepoint     ] Application time: 1.0006339 seconds
[2023-11-25T16:13:25.336+0000][481.450s][info ][safepoint     ] Entering safepoint region: Cleanup
[2023-11-25T16:13:25.336+0000][481.451s][info ][safepoint     ] Leaving safepoint region
[2023-11-25T16:13:25.337+0000][481.451s][info ][safepoint     ] Total time for which application threads were stopped: 0.0010087 seconds, Stopping threads took: 0.0004870 seconds
[2023-11-25T16:13:26.337+0000][482.452s][debug][safepoint     ] Safepoint synchronization initiated. (170 threads)
[2023-11-25T16:13:26.338+0000][482.452s][info ][safepoint     ] Application time: 1.0007790 seconds
[2023-11-25T16:13:26.338+0000][482.453s][info ][safepoint     ] Entering safepoint region: Cleanup
[2023-11-25T16:13:26.339+0000][482.454s][info ][safepoint     ] Leaving safepoint region
[2023-11-25T16:13:26.339+0000][482.454s][info ][safepoint     ] Total time for which application threads were stopped: 0.0010805 seconds, Stopping threads took: 0.0005330 seconds
[2023-11-25T16:13:27.340+0000][483.455s][debug][safepoint     ] Safepoint synchronization initiated. (170 threads)
[2023-11-25T16:13:27.340+0000][483.455s][info ][safepoint     ] Application time: 1.0006556 seconds
[2023-11-25T16:13:27.341+0000][483.456s][info ][safepoint     ] Entering safepoint region: Cleanup
[2023-11-25T16:13:27.342+0000][483.456s][info ][safepoint     ] Leaving safepoint region
[2023-11-25T16:13:27.342+0000][483.457s][info ][safepoint     ] Total time for which application threads were stopped: 0.0011994 seconds, Stopping threads took: 0.0005351 seconds
[2023-11-25T16:13:28.343+0000][484.457s][debug][safepoint     ] Safepoint synchronization initiated. (170 threads)
[2023-11-25T16:13:28.343+0000][484.458s][info ][safepoint     ] Application time: 1.0007530 seconds
[2023-11-25T16:13:28.344+0000][484.458s][info ][safepoint     ] Entering safepoint region: Cleanup
[2023-11-25T16:13:28.345+0000][484.459s][info ][safepoint     ] Leaving safepoint region
[2023-11-25T16:13:28.345+0000][484.460s][info ][safepoint     ] Total time for which application threads were stopped: 0.0010876 seconds, Stopping threads took: 0.0005024 seconds
[2023-11-25T16:13:29.345+0000][485.460s][debug][safepoint     ] Safepoint synchronization initiated. (170 threads)
[2023-11-25T16:13:29.346+0000][485.461s][info ][safepoint     ] Application time: 1.0005863 seconds
[2023-11-25T16:13:29.347+0000][485.461s][info ][safepoint     ] Entering safepoint region: Cleanup
[2023-11-25T16:13:29.347+0000][485.462s][info ][safepoint     ] Leaving safepoint region
[2023-11-25T16:13:29.348+0000][485.462s][info ][safepoint     ] Total time for which application threads were stopped: 0.0012417 seconds, Stopping threads took: 0.0004710 seconds
[2023-11-25T16:13:30.348+0000][486.463s][debug][safepoint     ] Safepoint synchronization initiated. (170 threads)
[2023-11-25T16:13:30.349+0000][486.464s][info ][safepoint     ] Application time: 1.0007879 seconds
[2023-11-25T16:13:30.349+0000][486.464s][info ][safepoint     ] Entering safepoint region: Cleanup
[2023-11-25T16:13:30.350+0000][486.465s][info ][safepoint     ] Leaving safepoint region
[2023-11-25T16:13:30.350+0000][486.465s][info ][safepoint     ] Total time for which application threads were stopped: 0.0010084 seconds, Stopping threads took: 0.0004444 seconds
[2023-11-25T16:13:31.351+0000][487.466s][debug][safepoint     ] Safepoint synchronization initiated. (170 threads)
[2023-11-25T16:13:31.352+0000][487.466s][info ][safepoint     ] Application time: 1.0010051 seconds
[2023-11-25T16:13:31.352+0000][487.467s][info ][safepoint     ] Entering safepoint region: Cleanup
[2023-11-25T16:13:31.353+0000][487.468s][info ][safepoint     ] Leaving safepoint region
[2023-11-25T16:13:31.354+0000][487.468s][info ][safepoint     ] Total time for which application threads were stopped: 0.0012105 seconds, Stopping threads took: 0.0004553 seconds
[2023-11-25T16:13:32.354+0000][488.469s][debug][safepoint     ] Safepoint synchronization initiated. (170 threads)
[2023-11-25T16:13:32.355+0000][488.470s][info ][safepoint     ] Application time: 1.0007774 seconds
[2023-11-25T16:13:32.356+0000][488.470s][info ][safepoint     ] Entering safepoint region: Cleanup
[2023-11-25T16:13:32.356+0000][488.471s][info ][safepoint     ] Leaving safepoint region
[2023-11-25T16:13:32.357+0000][488.471s][info ][safepoint     ] Total time for which application threads were stopped: 0.0010526 seconds, Stopping threads took: 0.0004579 seconds
[2023-11-25T16:13:33.357+0000][489.472s][debug][safepoint     ] Safepoint synchronization initiated. (170 threads)
[2023-11-25T16:13:33.358+0000][489.472s][info ][safepoint     ] Application time: 1.0005742 seconds
[2023-11-25T16:13:33.358+0000][489.473s][info ][safepoint     ] Entering safepoint region: Cleanup
[2023-11-25T16:13:33.359+0000][489.473s][info ][safepoint     ] Leaving safepoint region
[2023-11-25T16:13:33.359+0000][489.474s][info ][safepoint     ] Total time for which application threads were stopped: 0.0010437 seconds, Stopping threads took: 0.0004484 seconds
[2023-11-25T16:13:34.360+0000][490.474s][debug][safepoint     ] Safepoint synchronization initiated. (170 threads)
[2023-11-25T16:13:34.360+0000][490.475s][info ][safepoint     ] Application time: 1.0010309 seconds
[2023-11-25T16:13:34.361+0000][490.475s][info ][safepoint     ] Entering safepoint region: Cleanup
[2023-11-25T16:13:34.361+0000][490.476s][info ][safepoint     ] Leaving safepoint region
[2023-11-25T16:13:34.362+0000][490.476s][info ][safepoint     ] Total time for which application threads were stopped: 0.0009735 seconds, Stopping threads took: 0.0004504 seconds
[2023-11-25T16:13:35.362+0000][491.477s][debug][safepoint     ] Safepoint synchronization initiated. (170 threads)
[2023-11-25T16:13:35.363+0000][491.478s][info ][safepoint     ] Application time: 1.0009517 seconds
[2023-11-25T16:13:35.364+0000][491.478s][info ][safepoint     ] Entering safepoint region: Cleanup
[2023-11-25T16:13:35.364+0000][491.479s][info ][safepoint     ] Leaving safepoint region
[2023-11-25T16:13:35.365+0000][491.479s][info ][safepoint     ] Total time for which application threads were stopped: 0.0011590 seconds, Stopping threads took: 0.0005508 seconds
[2023-11-25T16:13:36.365+0000][492.480s][debug][safepoint     ] Safepoint synchronization initiated. (170 threads)
[2023-11-25T16:13:36.366+0000][492.481s][info ][safepoint     ] Application time: 1.0008804 seconds
[2023-11-25T16:13:36.367+0000][492.481s][info ][safepoint     ] Entering safepoint region: Cleanup
[2023-11-25T16:13:36.367+0000][492.482s][info ][safepoint     ] Leaving safepoint region
[2023-11-25T16:13:36.368+0000][492.482s][info ][safepoint     ] Total time for which application threads were stopped: 0.0011763 seconds, Stopping threads took: 0.0005109 seconds
[2023-11-25T16:13:37.368+0000][493.483s][debug][safepoint     ] Safepoint synchronization initiated. (170 threads)
[2023-11-25T16:13:37.369+0000][493.484s][info ][safepoint     ] Application time: 1.0008010 seconds
[2023-11-25T16:13:37.370+0000][493.484s][info ][safepoint     ] Entering safepoint region: Cleanup
[2023-11-25T16:13:37.370+0000][493.485s][info ][safepoint     ] Leaving safepoint region
[2023-11-25T16:13:37.371+0000][493.485s][info ][safepoint     ] Total time for which application threads were stopped: 0.0011754 seconds, Stopping threads took: 0.0005444 seconds
[2023-11-25T16:13:38.371+0000][494.486s][debug][safepoint     ] Safepoint synchronization initiated. (170 threads)
[2023-11-25T16:13:38.372+0000][494.487s][info ][safepoint     ] Application time: 1.0009333 seconds
[2023-11-25T16:13:38.373+0000][494.487s][info ][safepoint     ] Entering safepoint region: Cleanup
[2023-11-25T16:13:38.373+0000][494.488s][info ][safepoint     ] Leaving safepoint region
[2023-11-25T16:13:38.374+0000][494.489s][info ][safepoint     ] Total time for which application threads were stopped: 0.0014021 seconds, Stopping threads took: 0.0006082 seconds
[2023-11-25T16:13:39.375+0000][495.489s][debug][safepoint     ] Safepoint synchronization initiated. (170 threads)
[2023-11-25T16:13:39.375+0000][495.490s][info ][safepoint     ] Application time: 1.0006919 seconds
[2023-11-25T16:13:39.376+0000][495.490s][info ][safepoint     ] Entering safepoint region: Cleanup
[2023-11-25T16:13:39.376+0000][495.491s][info ][safepoint     ] Leaving safepoint region
[2023-11-25T16:13:39.377+0000][495.491s][info ][safepoint     ] Total time for which application threads were stopped: 0.0011511 seconds, Stopping threads took: 0.0005818 seconds
[2023-11-25T16:13:40.378+0000][496.492s][debug][safepoint     ] Safepoint synchronization initiated. (170 threads)
[2023-11-25T16:13:40.378+0000][496.493s][info ][safepoint     ] Application time: 1.0007878 seconds
[2023-11-25T16:13:40.379+0000][496.493s][info ][safepoint     ] Entering safepoint region: Cleanup
[2023-11-25T16:13:40.379+0000][496.494s][info ][safepoint     ] Leaving safepoint region
[2023-11-25T16:13:40.380+0000][496.494s][info ][safepoint     ] Total time for which application threads were stopped: 0.0011836 seconds, Stopping threads took: 0.0005525 seconds
[2023-11-25T16:13:41.381+0000][497.495s][debug][safepoint     ] Safepoint synchronization initiated. (170 threads)
[2023-11-25T16:13:41.381+0000][497.496s][info ][safepoint     ] Application time: 1.0007685 seconds
[2023-11-25T16:13:41.382+0000][497.496s][info ][safepoint     ] Entering safepoint region: Cleanup
[2023-11-25T16:13:41.382+0000][497.497s][info ][safepoint     ] Leaving safepoint region
[2023-11-25T16:13:41.383+0000][497.497s][info ][safepoint     ] Total time for which application threads were stopped: 0.0010628 seconds, Stopping threads took: 0.0004568 seconds
[2023-11-25T16:13:42.383+0000][498.498s][debug][safepoint     ] Safepoint synchronization initiated. (170 threads)
[2023-11-25T16:13:42.384+0000][498.499s][info ][safepoint     ] Application time: 1.0010822 seconds
[2023-11-25T16:13:42.385+0000][498.499s][info ][safepoint     ] Entering safepoint region: Cleanup
[2023-11-25T16:13:42.386+0000][498.500s][info ][safepoint     ] Leaving safepoint region
[2023-11-25T16:13:42.386+0000][498.501s][info ][safepoint     ] Total time for which application threads were stopped: 0.0011874 seconds, Stopping threads took: 0.0005255 seconds
[2023-11-25T16:13:43.387+0000][499.501s][debug][safepoint     ] Safepoint synchronization initiated. (170 threads)
[2023-11-25T16:13:43.387+0000][499.502s][info ][safepoint     ] Application time: 1.0008448 seconds
[2023-11-25T16:13:43.388+0000][499.503s][info ][safepoint     ] Entering safepoint region: Cleanup
[2023-11-25T16:13:43.389+0000][499.503s][info ][safepoint     ] Leaving safepoint region
[2023-11-25T16:13:43.389+0000][499.504s][info ][safepoint     ] Total time for which application threads were stopped: 0.0013996 seconds, Stopping threads took: 0.0006857 seconds
[2023-11-25T16:13:44.390+0000][500.504s][debug][safepoint     ] Safepoint synchronization initiated. (170 threads)
[2023-11-25T16:13:44.390+0000][500.505s][info ][safepoint     ] Application time: 1.0004744 seconds
[2023-11-25T16:13:44.391+0000][500.505s][info ][safepoint     ] Entering safepoint region: Cleanup
[2023-11-25T16:13:44.391+0000][500.506s][info ][safepoint     ] Leaving safepoint region
[2023-11-25T16:13:44.392+0000][500.506s][info ][safepoint     ] Total time for which application threads were stopped: 0.0011875 seconds, Stopping threads took: 0.0005667 seconds
[2023-11-25T16:13:45.392+0000][501.507s][debug][safepoint     ] Safepoint synchronization initiated. (170 threads)
[2023-11-25T16:13:45.393+0000][501.507s][info ][safepoint     ] Application time: 1.0007027 seconds
[2023-11-25T16:13:45.393+0000][501.508s][info ][safepoint     ] Entering safepoint region: Cleanup
[2023-11-25T16:13:45.394+0000][501.508s][info ][safepoint     ] Leaving safepoint region
[2023-11-25T16:13:45.394+0000][501.509s][info ][safepoint     ] Total time for which application threads were stopped: 0.0010941 seconds, Stopping threads took: 0.0004948 seconds
[2023-11-25T16:13:46.395+0000][502.509s][debug][safepoint     ] Safepoint synchronization initiated. (170 threads)
[2023-11-25T16:13:46.395+0000][502.510s][info ][safepoint     ] Application time: 1.0006981 seconds
[2023-11-25T16:13:46.396+0000][502.510s][info ][safepoint     ] Entering safepoint region: Cleanup
[2023-11-25T16:13:46.396+0000][502.511s][info ][safepoint     ] Leaving safepoint region
[2023-11-25T16:13:46.397+0000][502.512s][info ][safepoint     ] Total time for which application threads were stopped: 0.0011207 seconds, Stopping threads took: 0.0004134 seconds
[2023-11-25T16:13:47.398+0000][503.512s][debug][safepoint     ] Safepoint synchronization initiated. (170 threads)
[2023-11-25T16:13:47.398+0000][503.513s][info ][safepoint     ] Application time: 1.0009318 seconds
[2023-11-25T16:13:47.399+0000][503.514s][info ][safepoint     ] Entering safepoint region: Cleanup
[2023-11-25T16:13:47.400+0000][503.514s][info ][safepoint     ] Leaving safepoint region
[2023-11-25T16:13:47.400+0000][503.515s][info ][safepoint     ] Total time for which application threads were stopped: 0.0012192 seconds, Stopping threads took: 0.0005208 seconds
[2023-11-25T16:13:48.401+0000][504.515s][debug][safepoint     ] Safepoint synchronization initiated. (170 threads)
[2023-11-25T16:13:48.402+0000][504.516s][info ][safepoint     ] Application time: 1.0007898 seconds
[2023-11-25T16:13:48.402+0000][504.517s][info ][safepoint     ] Entering safepoint region: Cleanup
[2023-11-25T16:13:48.403+0000][504.517s][info ][safepoint     ] Leaving safepoint region
[2023-11-25T16:13:48.403+0000][504.518s][info ][safepoint     ] Total time for which application threads were stopped: 0.0012354 seconds, Stopping threads took: 0.0005007 seconds
[2023-11-25T16:13:49.404+0000][505.518s][debug][safepoint     ] Safepoint synchronization initiated. (170 threads)
[2023-11-25T16:13:49.404+0000][505.519s][info ][safepoint     ] Application time: 1.0008084 seconds
[2023-11-25T16:13:49.405+0000][505.520s][info ][safepoint     ] Entering safepoint region: Cleanup
[2023-11-25T16:13:49.406+0000][505.520s][info ][safepoint     ] Leaving safepoint region
[2023-11-25T16:13:49.406+0000][505.521s][info ][safepoint     ] Total time for which application threads were stopped: 0.0013282 seconds, Stopping threads took: 0.0006642 seconds
[2023-11-25T16:13:50.407+0000][506.522s][debug][safepoint     ] Safepoint synchronization initiated. (170 threads)
[2023-11-25T16:13:50.408+0000][506.522s][info ][safepoint     ] Application time: 1.0006670 seconds
[2023-11-25T16:13:50.408+0000][506.523s][info ][safepoint     ] Entering safepoint region: Cleanup
[2023-11-25T16:13:50.409+0000][506.523s][info ][safepoint     ] Leaving safepoint region
[2023-11-25T16:13:50.409+0000][506.524s][info ][safepoint     ] Total time for which application threads were stopped: 0.0012321 seconds, Stopping threads took: 0.0006211 seconds
[2023-11-25T16:13:51.410+0000][507.524s][debug][safepoint     ] Safepoint synchronization initiated. (170 threads)
[2023-11-25T16:13:51.411+0000][507.525s][info ][safepoint     ] Application time: 1.0007757 seconds
[2023-11-25T16:13:51.411+0000][507.526s][info ][safepoint     ] Entering safepoint region: Cleanup
[2023-11-25T16:13:51.412+0000][507.526s][info ][safepoint     ] Leaving safepoint region
[2023-11-25T16:13:51.412+0000][507.527s][info ][safepoint     ] Total time for which application threads were stopped: 0.0012636 seconds, Stopping threads took: 0.0005979 seconds
[2023-11-25T16:13:52.413+0000][508.528s][debug][safepoint     ] Safepoint synchronization initiated. (170 threads)
[2023-11-25T16:13:52.414+0000][508.528s][info ][safepoint     ] Application time: 1.0010329 seconds
[2023-11-25T16:13:52.414+0000][508.529s][info ][safepoint     ] Entering safepoint region: Cleanup
[2023-11-25T16:13:52.415+0000][508.530s][info ][safepoint     ] Leaving safepoint region
[2023-11-25T16:13:52.416+0000][508.530s][info ][safepoint     ] Total time for which application threads were stopped: 0.0012114 seconds, Stopping threads took: 0.0004843 seconds
[2023-11-25T16:13:53.416+0000][509.531s][debug][safepoint     ] Safepoint synchronization initiated. (170 threads)
[2023-11-25T16:13:53.417+0000][509.532s][info ][safepoint     ] Application time: 1.0011321 seconds
[2023-11-25T16:13:53.418+0000][509.532s][info ][safepoint     ] Entering safepoint region: Cleanup
[2023-11-25T16:13:53.419+0000][509.533s][info ][safepoint     ] Leaving safepoint region
[2023-11-25T16:13:53.419+0000][509.534s][info ][safepoint     ] Total time for which application threads were stopped: 0.0012735 seconds, Stopping threads took: 0.0005647 seconds
[2023-11-25T16:13:54.420+0000][510.534s][debug][safepoint     ] Safepoint synchronization initiated. (170 threads)
[2023-11-25T16:13:54.420+0000][510.535s][info ][safepoint     ] Application time: 1.0008105 seconds
[2023-11-25T16:13:54.421+0000][510.536s][info ][safepoint     ] Entering safepoint region: Cleanup
[2023-11-25T16:13:54.422+0000][510.536s][info ][safepoint     ] Leaving safepoint region
[2023-11-25T16:13:54.422+0000][510.537s][info ][safepoint     ] Total time for which application threads were stopped: 0.0013544 seconds, Stopping threads took: 0.0006138 seconds
[2023-11-25T16:13:55.423+0000][511.538s][debug][safepoint     ] Safepoint synchronization initiated. (170 threads)
[2023-11-25T16:13:55.424+0000][511.538s][info ][safepoint     ] Application time: 1.0007897 seconds
[2023-11-25T16:13:55.424+0000][511.539s][info ][safepoint     ] Entering safepoint region: Cleanup
[2023-11-25T16:13:55.425+0000][511.539s][info ][safepoint     ] Leaving safepoint region
[2023-11-25T16:13:55.425+0000][511.540s][info ][safepoint     ] Total time for which application threads were stopped: 0.0010575 seconds, Stopping threads took: 0.0004194 seconds
[2023-11-25T16:13:56.426+0000][512.540s][debug][safepoint     ] Safepoint synchronization initiated. (170 threads)
[2023-11-25T16:13:56.427+0000][512.541s][info ][safepoint     ] Application time: 1.0009255 seconds
[2023-11-25T16:13:56.427+0000][512.542s][info ][safepoint     ] Entering safepoint region: Cleanup
[2023-11-25T16:13:56.428+0000][512.542s][info ][safepoint     ] Leaving safepoint region
[2023-11-25T16:13:56.428+0000][512.543s][info ][safepoint     ] Total time for which application threads were stopped: 0.0011410 seconds, Stopping threads took: 0.0004829 seconds
[2023-11-25T16:13:57.429+0000][513.544s][debug][safepoint     ] Safepoint synchronization initiated. (170 threads)
[2023-11-25T16:13:57.430+0000][513.544s][info ][safepoint     ] Application time: 1.0009337 seconds
[2023-11-25T16:13:57.430+0000][513.545s][info ][safepoint     ] Entering safepoint region: Cleanup
[2023-11-25T16:13:57.431+0000][513.545s][info ][safepoint     ] Leaving safepoint region
[2023-11-25T16:13:57.431+0000][513.546s][info ][safepoint     ] Total time for which application threads were stopped: 0.0011990 seconds, Stopping threads took: 0.0006125 seconds
[2023-11-25T16:13:58.432+0000][514.547s][debug][safepoint     ] Safepoint synchronization initiated. (170 threads)
[2023-11-25T16:13:58.433+0000][514.547s][info ][safepoint     ] Application time: 1.0009477 seconds
[2023-11-25T16:13:58.433+0000][514.548s][info ][safepoint     ] Entering safepoint region: Cleanup
[2023-11-25T16:13:58.434+0000][514.548s][info ][safepoint     ] Leaving safepoint region
[2023-11-25T16:13:58.434+0000][514.549s][info ][safepoint     ] Total time for which application threads were stopped: 0.0011790 seconds, Stopping threads took: 0.0004570 seconds
[2023-11-25T16:13:59.435+0000][515.550s][debug][safepoint     ] Safepoint synchronization initiated. (170 threads)
[2023-11-25T16:13:59.436+0000][515.550s][info ][safepoint     ] Application time: 1.0006730 seconds
[2023-11-25T16:13:59.436+0000][515.551s][info ][safepoint     ] Entering safepoint region: Cleanup
[2023-11-25T16:13:59.437+0000][515.551s][info ][safepoint     ] Leaving safepoint region
[2023-11-25T16:13:59.437+0000][515.552s][info ][safepoint     ] Total time for which application threads were stopped: 0.0011288 seconds, Stopping threads took: 0.0004892 seconds
[2023-11-25T16:14:00.438+0000][516.552s][debug][safepoint     ] Safepoint synchronization initiated. (170 threads)
[2023-11-25T16:14:00.438+0000][516.553s][info ][safepoint     ] Application time: 1.0007169 seconds
[2023-11-25T16:14:00.439+0000][516.553s][info ][safepoint     ] Entering safepoint region: Cleanup
[2023-11-25T16:14:00.439+0000][516.554s][info ][safepoint     ] Leaving safepoint region
[2023-11-25T16:14:00.440+0000][516.554s][info ][safepoint     ] Total time for which application threads were stopped: 0.0011564 seconds, Stopping threads took: 0.0004690 seconds
[2023-11-25T16:14:01.441+0000][517.555s][debug][safepoint     ] Safepoint synchronization initiated. (170 threads)
[2023-11-25T16:14:01.441+0000][517.556s][info ][safepoint     ] Application time: 1.0006199 seconds
[2023-11-25T16:14:01.442+0000][517.556s][info ][safepoint     ] Entering safepoint region: Cleanup
[2023-11-25T16:14:01.442+0000][517.557s][info ][safepoint     ] Leaving safepoint region
[2023-11-25T16:14:01.443+0000][517.557s][info ][safepoint     ] Total time for which application threads were stopped: 0.0011794 seconds, Stopping threads took: 0.0006055 seconds
[2023-11-25T16:14:02.443+0000][518.558s][debug][safepoint     ] Safepoint synchronization initiated. (170 threads)
[2023-11-25T16:14:02.444+0000][518.558s][info ][safepoint     ] Application time: 1.0006938 seconds
[2023-11-25T16:14:02.444+0000][518.559s][info ][safepoint     ] Entering safepoint region: Cleanup
[2023-11-25T16:14:02.445+0000][518.559s][info ][safepoint     ] Leaving safepoint region
[2023-11-25T16:14:02.445+0000][518.560s][info ][safepoint     ] Total time for which application threads were stopped: 0.0008652 seconds, Stopping threads took: 0.0003571 seconds
[2023-11-25T16:14:03.446+0000][519.560s][debug][safepoint     ] Safepoint synchronization initiated. (170 threads)
[2023-11-25T16:14:03.446+0000][519.561s][info ][safepoint     ] Application time: 1.0008218 seconds
[2023-11-25T16:14:03.447+0000][519.561s][info ][safepoint     ] Entering safepoint region: Cleanup
[2023-11-25T16:14:03.447+0000][519.562s][info ][safepoint     ] Leaving safepoint region
[2023-11-25T16:14:03.448+0000][519.562s][info ][safepoint     ] Total time for which application threads were stopped: 0.0011696 seconds, Stopping threads took: 0.0004442 seconds
[2023-11-25T16:14:04.448+0000][520.563s][debug][safepoint     ] Safepoint synchronization initiated. (170 threads)
[2023-11-25T16:14:04.449+0000][520.564s][info ][safepoint     ] Application time: 1.0007729 seconds
[2023-11-25T16:14:04.450+0000][520.564s][info ][safepoint     ] Entering safepoint region: Cleanup
[2023-11-25T16:14:04.450+0000][520.565s][info ][safepoint     ] Leaving safepoint region
[2023-11-25T16:14:04.451+0000][520.565s][info ][safepoint     ] Total time for which application threads were stopped: 0.0012253 seconds, Stopping threads took: 0.0004889 seconds
[2023-11-25T16:14:05.452+0000][521.566s][debug][safepoint     ] Safepoint synchronization initiated. (170 threads)
[2023-11-25T16:14:05.452+0000][521.567s][info ][safepoint     ] Application time: 1.0010244 seconds
[2023-11-25T16:14:05.453+0000][521.567s][info ][safepoint     ] Entering safepoint region: Cleanup
[2023-11-25T16:14:05.454+0000][521.568s][info ][safepoint     ] Leaving safepoint region
[2023-11-25T16:14:05.454+0000][521.569s][info ][safepoint     ] Total time for which application threads were stopped: 0.0012975 seconds, Stopping threads took: 0.0006069 seconds
[2023-11-25T16:14:06.455+0000][522.569s][debug][safepoint     ] Safepoint synchronization initiated. (170 threads)
[2023-11-25T16:14:06.455+0000][522.570s][info ][safepoint     ] Application time: 1.0007362 seconds
[2023-11-25T16:14:06.456+0000][522.571s][info ][safepoint     ] Entering safepoint region: Cleanup
[2023-11-25T16:14:06.457+0000][522.571s][info ][safepoint     ] Leaving safepoint region
[2023-11-25T16:14:06.457+0000][522.572s][info ][safepoint     ] Total time for which application threads were stopped: 0.0013216 seconds, Stopping threads took: 0.0006060 seconds
[2023-11-25T16:14:07.458+0000][523.573s][debug][safepoint     ] Safepoint synchronization initiated. (170 threads)
[2023-11-25T16:14:07.459+0000][523.573s][info ][safepoint     ] Application time: 1.0009146 seconds
[2023-11-25T16:14:07.459+0000][523.574s][info ][safepoint     ] Entering safepoint region: Cleanup
[2023-11-25T16:14:07.460+0000][523.575s][info ][safepoint     ] Leaving safepoint region
[2023-11-25T16:14:07.460+0000][523.575s][info ][safepoint     ] Total time for which application threads were stopped: 0.0012254 seconds, Stopping threads took: 0.0005488 seconds
[2023-11-25T16:14:08.461+0000][524.576s][debug][safepoint     ] Safepoint synchronization initiated. (170 threads)
[2023-11-25T16:14:08.462+0000][524.576s][info ][safepoint     ] Application time: 1.0008685 seconds
[2023-11-25T16:14:08.462+0000][524.577s][info ][safepoint     ] Entering safepoint region: Cleanup
[2023-11-25T16:14:08.463+0000][524.577s][info ][safepoint     ] Leaving safepoint region
[2023-11-25T16:14:08.463+0000][524.578s][info ][safepoint     ] Total time for which application threads were stopped: 0.0011201 seconds, Stopping threads took: 0.0004559 seconds
[2023-11-25T16:14:09.464+0000][525.578s][debug][safepoint     ] Safepoint synchronization initiated. (170 threads)
[2023-11-25T16:14:09.464+0000][525.579s][info ][safepoint     ] Application time: 1.0006764 seconds
[2023-11-25T16:14:09.465+0000][525.579s][info ][safepoint     ] Entering safepoint region: Cleanup
[2023-11-25T16:14:09.466+0000][525.580s][info ][safepoint     ] Leaving safepoint region
[2023-11-25T16:14:09.466+0000][525.581s][info ][safepoint     ] Total time for which application threads were stopped: 0.0012721 seconds, Stopping threads took: 0.0006116 seconds
[2023-11-25T16:14:10.467+0000][526.581s][debug][safepoint     ] Safepoint synchronization initiated. (170 threads)
[2023-11-25T16:14:10.467+0000][526.582s][info ][safepoint     ] Application time: 1.0007315 seconds
[2023-11-25T16:14:10.468+0000][526.582s][info ][safepoint     ] Entering safepoint region: Cleanup
[2023-11-25T16:14:10.468+0000][526.583s][info ][safepoint     ] Leaving safepoint region
[2023-11-25T16:14:10.469+0000][526.583s][info ][safepoint     ] Total time for which application threads were stopped: 0.0010490 seconds, Stopping threads took: 0.0004683 seconds
[2023-11-25T16:14:11.469+0000][527.584s][debug][safepoint     ] Safepoint synchronization initiated. (170 threads)
[2023-11-25T16:14:11.470+0000][527.585s][info ][safepoint     ] Application time: 1.0007509 seconds
[2023-11-25T16:14:11.471+0000][527.585s][info ][safepoint     ] Entering safepoint region: Cleanup
[2023-11-25T16:14:11.471+0000][527.586s][info ][safepoint     ] Leaving safepoint region
[2023-11-25T16:14:11.472+0000][527.586s][info ][safepoint     ] Total time for which application threads were stopped: 0.0011082 seconds, Stopping threads took: 0.0004833 seconds
[2023-11-25T16:14:12.472+0000][528.587s][debug][safepoint     ] Safepoint synchronization initiated. (170 threads)
[2023-11-25T16:14:12.473+0000][528.587s][info ][safepoint     ] Application time: 1.0007018 seconds
[2023-11-25T16:14:12.473+0000][528.588s][info ][safepoint     ] Entering safepoint region: Cleanup
[2023-11-25T16:14:12.474+0000][528.588s][info ][safepoint     ] Leaving safepoint region
[2023-11-25T16:14:12.474+0000][528.589s][info ][safepoint     ] Total time for which application threads were stopped: 0.0011370 seconds, Stopping threads took: 0.0004803 seconds
[2023-11-25T16:14:13.475+0000][529.589s][debug][safepoint     ] Safepoint synchronization initiated. (170 threads)
[2023-11-25T16:14:13.475+0000][529.590s][info ][safepoint     ] Application time: 1.0005303 seconds
[2023-11-25T16:14:13.476+0000][529.590s][info ][safepoint     ] Entering safepoint region: Cleanup
[2023-11-25T16:14:13.476+0000][529.591s][info ][safepoint     ] Leaving safepoint region
[2023-11-25T16:14:13.477+0000][529.591s][info ][safepoint     ] Total time for which application threads were stopped: 0.0009548 seconds, Stopping threads took: 0.0004191 seconds
[2023-11-25T16:14:14.477+0000][530.592s][debug][safepoint     ] Safepoint synchronization initiated. (170 threads)
[2023-11-25T16:14:14.478+0000][530.592s][info ][safepoint     ] Application time: 1.0006840 seconds
[2023-11-25T16:14:14.478+0000][530.593s][info ][safepoint     ] Entering safepoint region: Cleanup
[2023-11-25T16:14:14.479+0000][530.593s][info ][safepoint     ] Leaving safepoint region
[2023-11-25T16:14:14.479+0000][530.594s][info ][safepoint     ] Total time for which application threads were stopped: 0.0011688 seconds, Stopping threads took: 0.0005229 seconds
[2023-11-25T16:14:15.480+0000][531.594s][debug][safepoint     ] Safepoint synchronization initiated. (170 threads)
[2023-11-25T16:14:15.480+0000][531.595s][info ][safepoint     ] Application time: 1.0007793 seconds
[2023-11-25T16:14:15.481+0000][531.596s][info ][safepoint     ] Entering safepoint region: Cleanup
[2023-11-25T16:14:15.482+0000][531.596s][info ][safepoint     ] Leaving safepoint region
[2023-11-25T16:14:15.482+0000][531.597s][info ][safepoint     ] Total time for which application threads were stopped: 0.0011996 seconds, Stopping threads took: 0.0005163 seconds
[2023-11-25T16:14:16.483+0000][532.597s][debug][safepoint     ] Safepoint synchronization initiated. (170 threads)
[2023-11-25T16:14:16.483+0000][532.598s][info ][safepoint     ] Application time: 1.0008079 seconds
[2023-11-25T16:14:16.484+0000][532.598s][info ][safepoint     ] Entering safepoint region: Cleanup
[2023-11-25T16:14:16.484+0000][532.599s][info ][safepoint     ] Leaving safepoint region
[2023-11-25T16:14:16.485+0000][532.599s][info ][safepoint     ] Total time for which application threads were stopped: 0.0010078 seconds, Stopping threads took: 0.0004514 seconds
[2023-11-25T16:14:17.485+0000][533.600s][debug][safepoint     ] Safepoint synchronization initiated. (170 threads)
[2023-11-25T16:14:17.486+0000][533.600s][info ][safepoint     ] Application time: 1.0007572 seconds
[2023-11-25T16:14:17.486+0000][533.601s][info ][safepoint     ] Entering safepoint region: Cleanup
[2023-11-25T16:14:17.487+0000][533.602s][info ][safepoint     ] Leaving safepoint region
[2023-11-25T16:14:17.487+0000][533.602s][info ][safepoint     ] Total time for which application threads were stopped: 0.0011206 seconds, Stopping threads took: 0.0004758 seconds
[2023-11-25T16:14:18.488+0000][534.603s][debug][safepoint     ] Safepoint synchronization initiated. (170 threads)
[2023-11-25T16:14:18.488+0000][534.603s][info ][safepoint     ] Application time: 1.0006638 seconds
[2023-11-25T16:14:18.489+0000][534.603s][info ][safepoint     ] Entering safepoint region: Cleanup
[2023-11-25T16:14:18.489+0000][534.604s][info ][safepoint     ] Leaving safepoint region
[2023-11-25T16:14:18.490+0000][534.604s][info ][safepoint     ] Total time for which application threads were stopped: 0.0008035 seconds, Stopping threads took: 0.0003166 seconds
[2023-11-25T16:14:19.490+0000][535.605s][debug][safepoint     ] Safepoint synchronization initiated. (170 threads)
[2023-11-25T16:14:19.491+0000][535.605s][info ][safepoint     ] Application time: 1.0007488 seconds
[2023-11-25T16:14:19.491+0000][535.606s][info ][safepoint     ] Entering safepoint region: Cleanup
[2023-11-25T16:14:19.492+0000][535.606s][info ][safepoint     ] Leaving safepoint region
[2023-11-25T16:14:19.492+0000][535.607s][info ][safepoint     ] Total time for which application threads were stopped: 0.0013631 seconds, Stopping threads took: 0.0005493 seconds
[2023-11-25T16:14:20.493+0000][536.608s][debug][safepoint     ] Safepoint synchronization initiated. (170 threads)
[2023-11-25T16:14:20.494+0000][536.608s][info ][safepoint     ] Application time: 1.0009455 seconds
[2023-11-25T16:14:20.494+0000][536.609s][info ][safepoint     ] Entering safepoint region: Cleanup
[2023-11-25T16:14:20.495+0000][536.610s][info ][safepoint     ] Leaving safepoint region
[2023-11-25T16:14:20.495+0000][536.610s][info ][safepoint     ] Total time for which application threads were stopped: 0.0011981 seconds, Stopping threads took: 0.0005529 seconds
[2023-11-25T16:14:21.496+0000][537.611s][debug][safepoint     ] Safepoint synchronization initiated. (169 threads)
[2023-11-25T16:14:21.496+0000][537.611s][info ][safepoint     ] Application time: 1.0006437 seconds
[2023-11-25T16:14:21.497+0000][537.612s][info ][safepoint     ] Entering safepoint region: Cleanup
[2023-11-25T16:14:21.497+0000][537.612s][info ][safepoint     ] Leaving safepoint region
[2023-11-25T16:14:21.498+0000][537.612s][info ][safepoint     ] Total time for which application threads were stopped: 0.0009121 seconds, Stopping threads took: 0.0003888 seconds
[2023-11-25T16:14:22.498+0000][538.613s][debug][safepoint     ] Safepoint synchronization initiated. (169 threads)
[2023-11-25T16:14:22.499+0000][538.614s][info ][safepoint     ] Application time: 1.0011175 seconds
[2023-11-25T16:14:22.500+0000][538.614s][info ][safepoint     ] Entering safepoint region: Cleanup
[2023-11-25T16:14:22.501+0000][538.615s][info ][safepoint     ] Leaving safepoint region
[2023-11-25T16:14:22.501+0000][538.616s][info ][safepoint     ] Total time for which application threads were stopped: 0.0011844 seconds, Stopping threads took: 0.0005531 seconds
[2023-11-25T16:14:23.502+0000][539.616s][debug][safepoint     ] Safepoint synchronization initiated. (169 threads)
[2023-11-25T16:14:23.503+0000][539.617s][info ][safepoint     ] Application time: 1.0011013 seconds
[2023-11-25T16:14:23.503+0000][539.618s][info ][safepoint     ] Entering safepoint region: Cleanup
[2023-11-25T16:14:23.504+0000][539.619s][info ][safepoint     ] Leaving safepoint region
[2023-11-25T16:14:23.505+0000][539.619s][info ][safepoint     ] Total time for which application threads were stopped: 0.0015400 seconds, Stopping threads took: 0.0007136 seconds
[2023-11-25T16:14:24.506+0000][540.620s][debug][safepoint     ] Safepoint synchronization initiated. (169 threads)
[2023-11-25T16:14:24.506+0000][540.621s][info ][safepoint     ] Application time: 1.0008268 seconds
[2023-11-25T16:14:24.507+0000][540.621s][info ][safepoint     ] Entering safepoint region: Cleanup
[2023-11-25T16:14:24.507+0000][540.622s][info ][safepoint     ] Leaving safepoint region
[2023-11-25T16:14:24.508+0000][540.622s][info ][safepoint     ] Total time for which application threads were stopped: 0.0012158 seconds, Stopping threads took: 0.0005233 seconds
[2023-11-25T16:14:25.508+0000][541.623s][debug][safepoint     ] Safepoint synchronization initiated. (169 threads)
[2023-11-25T16:14:25.509+0000][541.624s][info ][safepoint     ] Application time: 1.0007787 seconds
[2023-11-25T16:14:25.509+0000][541.624s][info ][safepoint     ] Entering safepoint region: Cleanup
[2023-11-25T16:14:25.510+0000][541.625s][info ][safepoint     ] Leaving safepoint region
[2023-11-25T16:14:25.511+0000][541.625s][info ][safepoint     ] Total time for which application threads were stopped: 0.0012023 seconds, Stopping threads took: 0.0005653 seconds
[2023-11-25T16:14:26.511+0000][542.626s][debug][safepoint     ] Safepoint synchronization initiated. (169 threads)
[2023-11-25T16:14:26.512+0000][542.627s][info ][safepoint     ] Application time: 1.0009683 seconds
[2023-11-25T16:14:26.513+0000][542.627s][info ][safepoint     ] Entering safepoint region: Cleanup
[2023-11-25T16:14:26.514+0000][542.628s][info ][safepoint     ] Leaving safepoint region
[2023-11-25T16:14:26.514+0000][542.629s][info ][safepoint     ] Total time for which application threads were stopped: 0.0013945 seconds, Stopping threads took: 0.0006723 seconds
[2023-11-25T16:14:27.515+0000][543.629s][debug][safepoint     ] Safepoint synchronization initiated. (169 threads)
[2023-11-25T16:14:27.515+0000][543.630s][info ][safepoint     ] Application time: 1.0006793 seconds
[2023-11-25T16:14:27.516+0000][543.630s][info ][safepoint     ] Entering safepoint region: Cleanup
[2023-11-25T16:14:27.516+0000][543.631s][info ][safepoint     ] Leaving safepoint region
[2023-11-25T16:14:27.517+0000][543.631s][info ][safepoint     ] Total time for which application threads were stopped: 0.0009543 seconds, Stopping threads took: 0.0003753 seconds
[2023-11-25T16:14:28.517+0000][544.632s][debug][safepoint     ] Safepoint synchronization initiated. (169 threads)
[2023-11-25T16:14:28.518+0000][544.632s][info ][safepoint     ] Application time: 1.0006406 seconds
[2023-11-25T16:14:28.518+0000][544.633s][info ][safepoint     ] Entering safepoint region: Cleanup
[2023-11-25T16:14:28.519+0000][544.634s][info ][safepoint     ] Leaving safepoint region
[2023-11-25T16:14:28.519+0000][544.634s][info ][safepoint     ] Total time for which application threads were stopped: 0.0012928 seconds, Stopping threads took: 0.0005167 seconds
[2023-11-25T16:14:29.520+0000][545.635s][debug][safepoint     ] Safepoint synchronization initiated. (169 threads)
[2023-11-25T16:14:29.521+0000][545.636s][info ][safepoint     ] Application time: 1.0008660 seconds
[2023-11-25T16:14:29.521+0000][545.636s][info ][safepoint     ] Entering safepoint region: Cleanup
[2023-11-25T16:14:29.522+0000][545.637s][info ][safepoint     ] Leaving safepoint region
[2023-11-25T16:14:29.523+0000][545.637s][info ][safepoint     ] Total time for which application threads were stopped: 0.0011584 seconds, Stopping threads took: 0.0004960 seconds
[2023-11-25T16:14:30.523+0000][546.638s][debug][safepoint     ] Safepoint synchronization initiated. (169 threads)
[2023-11-25T16:14:30.524+0000][546.638s][info ][safepoint     ] Application time: 1.0007343 seconds
[2023-11-25T16:14:30.524+0000][546.639s][info ][safepoint     ] Entering safepoint region: Cleanup
[2023-11-25T16:14:30.525+0000][546.639s][info ][safepoint     ] Leaving safepoint region
[2023-11-25T16:14:30.525+0000][546.640s][info ][safepoint     ] Total time for which application threads were stopped: 0.0010164 seconds, Stopping threads took: 0.0004466 seconds
[2023-11-25T16:14:31.526+0000][547.641s][debug][safepoint     ] Safepoint synchronization initiated. (169 threads)
[2023-11-25T16:14:31.527+0000][547.641s][info ][safepoint     ] Application time: 1.0007028 seconds
[2023-11-25T16:14:31.527+0000][547.642s][info ][safepoint     ] Entering safepoint region: Cleanup
[2023-11-25T16:14:31.528+0000][547.643s][info ][safepoint     ] Leaving safepoint region
[2023-11-25T16:14:31.528+0000][547.643s][info ][safepoint     ] Total time for which application threads were stopped: 0.0011736 seconds, Stopping threads took: 0.0005882 seconds
[2023-11-25T16:14:31.528+0000][547.643s][debug][safepoint     ] ... found polling page return exception at pc = 0x00007fe2d0d604c4, stub =0x00007fe2c8840600
[2023-11-25T16:14:31.528+0000][547.643s][debug][safepoint     ] ... found polling page return exception at pc = 0x00007fe2d0d604c4, stub =0x00007fe2c8840600
[2023-11-25T16:14:31.528+0000][547.643s][debug][safepoint     ] ... found polling page return exception at pc = 0x00007fe2d0d604c4, stub =0x00007fe2c8840600
[2023-11-25T16:14:31.528+0000][547.643s][debug][safepoint     ] ... found polling page return exception at pc = 0x00007fe2d0d604c4, stub =0x00007fe2c8840600
[2023-11-25T16:14:31.528+0000][547.643s][debug][safepoint     ] ... found polling page return exception at pc = 0x00007fe2d0d604c4, stub =0x00007fe2c8840600
[2023-11-25T16:14:31.528+0000][547.643s][debug][safepoint     ] ... found polling page return exception at pc = 0x00007fe2d0d604c4, stub =0x00007fe2c8840600
[2023-11-25T16:14:32.530+0000][548.644s][debug][safepoint     ] Safepoint synchronization initiated. (169 threads)
[2023-11-25T16:14:32.531+0000][548.645s][info ][safepoint     ] Application time: 1.0012565 seconds
[2023-11-25T16:14:32.531+0000][548.646s][info ][safepoint     ] Entering safepoint region: Cleanup
[2023-11-25T16:14:32.532+0000][548.647s][info ][safepoint     ] Leaving safepoint region
[2023-11-25T16:14:32.532+0000][548.647s][info ][safepoint     ] Total time for which application threads were stopped: 0.0011565 seconds, Stopping threads took: 0.0005168 seconds
[2023-11-25T16:14:33.533+0000][549.648s][debug][safepoint     ] Safepoint synchronization initiated. (169 threads)
[2023-11-25T16:14:33.537+0000][549.651s][info ][safepoint     ] Application time: 1.0036408 seconds
[2023-11-25T16:14:33.538+0000][549.653s][info ][safepoint     ] Entering safepoint region: Cleanup
[2023-11-25T16:14:33.541+0000][549.655s][info ][safepoint     ] Leaving safepoint region
[2023-11-25T16:14:33.541+0000][549.656s][info ][safepoint     ] Total time for which application threads were stopped: 0.0031413 seconds, Stopping threads took: 0.0024416 seconds
[2023-11-25T16:14:34.542+0000][550.656s][debug][safepoint     ] Safepoint synchronization initiated. (169 threads)
[2023-11-25T16:14:34.542+0000][550.657s][info ][safepoint     ] Application time: 1.0008457 seconds
[2023-11-25T16:14:34.543+0000][550.658s][info ][safepoint     ] Entering safepoint region: Cleanup
[2023-11-25T16:14:34.544+0000][550.658s][info ][safepoint     ] Leaving safepoint region
[2023-11-25T16:14:34.544+0000][550.659s][info ][safepoint     ] Total time for which application threads were stopped: 0.0012016 seconds, Stopping threads took: 0.0004737 seconds
[2023-11-25T16:14:35.545+0000][551.660s][debug][safepoint     ] Safepoint synchronization initiated. (169 threads)
[2023-11-25T16:14:35.545+0000][551.660s][info ][safepoint     ] Application time: 1.0007246 seconds
[2023-11-25T16:14:35.546+0000][551.660s][info ][safepoint     ] Entering safepoint region: Cleanup
[2023-11-25T16:14:35.547+0000][551.661s][info ][safepoint     ] Leaving safepoint region
[2023-11-25T16:14:35.547+0000][551.662s][info ][safepoint     ] Total time for which application threads were stopped: 0.0012344 seconds, Stopping threads took: 0.0005745 seconds
[2023-11-25T16:14:36.548+0000][552.662s][debug][safepoint     ] Safepoint synchronization initiated. (169 threads)
[2023-11-25T16:14:36.548+0000][552.663s][info ][safepoint     ] Application time: 1.0007949 seconds
[2023-11-25T16:14:36.549+0000][552.664s][info ][safepoint     ] Entering safepoint region: Cleanup
[2023-11-25T16:14:36.550+0000][552.664s][info ][safepoint     ] Leaving safepoint region
[2023-11-25T16:14:36.550+0000][552.665s][info ][safepoint     ] Total time for which application threads were stopped: 0.0012416 seconds, Stopping threads took: 0.0005656 seconds
[2023-11-25T16:14:37.551+0000][553.665s][debug][safepoint     ] Safepoint synchronization initiated. (169 threads)
[2023-11-25T16:14:37.551+0000][553.666s][info ][safepoint     ] Application time: 1.0008437 seconds
[2023-11-25T16:14:37.552+0000][553.667s][info ][safepoint     ] Entering safepoint region: Cleanup
[2023-11-25T16:14:37.553+0000][553.667s][info ][safepoint     ] Leaving safepoint region
[2023-11-25T16:14:37.553+0000][553.668s][info ][safepoint     ] Total time for which application threads were stopped: 0.0012136 seconds, Stopping threads took: 0.0005434 seconds
[2023-11-25T16:14:38.554+0000][554.669s][debug][safepoint     ] Safepoint synchronization initiated. (169 threads)
[2023-11-25T16:14:38.555+0000][554.669s][info ][safepoint     ] Application time: 1.0009279 seconds
[2023-11-25T16:14:38.555+0000][554.670s][info ][safepoint     ] Entering safepoint region: Cleanup
[2023-11-25T16:14:38.556+0000][554.671s][info ][safepoint     ] Leaving safepoint region
[2023-11-25T16:14:38.557+0000][554.671s][info ][safepoint     ] Total time for which application threads were stopped: 0.0012684 seconds, Stopping threads took: 0.0005992 seconds
[2023-11-25T16:14:39.557+0000][555.672s][debug][safepoint     ] Safepoint synchronization initiated. (169 threads)
[2023-11-25T16:14:39.558+0000][555.673s][info ][safepoint     ] Application time: 1.0009635 seconds
[2023-11-25T16:14:39.559+0000][555.673s][info ][safepoint     ] Entering safepoint region: Cleanup
[2023-11-25T16:14:39.559+0000][555.674s][info ][safepoint     ] Leaving safepoint region
[2023-11-25T16:14:39.560+0000][555.674s][info ][safepoint     ] Total time for which application threads were stopped: 0.0011544 seconds, Stopping threads took: 0.0004982 seconds
[2023-11-25T16:14:40.560+0000][556.675s][debug][safepoint     ] Safepoint synchronization initiated. (169 threads)
[2023-11-25T16:14:40.561+0000][556.675s][info ][safepoint     ] Application time: 1.0006124 seconds
[2023-11-25T16:14:40.561+0000][556.676s][info ][safepoint     ] Entering safepoint region: Cleanup
[2023-11-25T16:14:40.562+0000][556.676s][info ][safepoint     ] Leaving safepoint region
[2023-11-25T16:14:40.562+0000][556.677s][info ][safepoint     ] Total time for which application threads were stopped: 0.0011155 seconds, Stopping threads took: 0.0004772 seconds
[2023-11-25T16:14:41.563+0000][557.677s][debug][safepoint     ] Safepoint synchronization initiated. (169 threads)
[2023-11-25T16:14:41.563+0000][557.678s][info ][safepoint     ] Application time: 1.0006251 seconds
[2023-11-25T16:14:41.564+0000][557.678s][info ][safepoint     ] Entering safepoint region: Cleanup
[2023-11-25T16:14:41.564+0000][557.679s][info ][safepoint     ] Leaving safepoint region
[2023-11-25T16:14:41.565+0000][557.679s][info ][safepoint     ] Total time for which application threads were stopped: 0.0011234 seconds, Stopping threads took: 0.0004757 seconds
[2023-11-25T16:14:42.565+0000][558.680s][debug][safepoint     ] Safepoint synchronization initiated. (169 threads)
[2023-11-25T16:14:42.566+0000][558.680s][info ][safepoint     ] Application time: 1.0007246 seconds
[2023-11-25T16:14:42.566+0000][558.681s][info ][safepoint     ] Entering safepoint region: Cleanup
[2023-11-25T16:14:42.567+0000][558.681s][info ][safepoint     ] Leaving safepoint region
[2023-11-25T16:14:42.567+0000][558.682s][info ][safepoint     ] Total time for which application threads were stopped: 0.0010855 seconds, Stopping threads took: 0.0004778 seconds
[2023-11-25T16:14:42.567+0000][558.681s][debug][safepoint     ] ... found polling page return exception at pc = 0x00007fe2d0d604c4, stub =0x00007fe2c8840600
[2023-11-25T16:14:42.567+0000][558.681s][debug][safepoint     ] ... found polling page return exception at pc = 0x00007fe2d0d604c4, stub =0x00007fe2c8840600
[2023-11-25T16:14:42.567+0000][558.681s][debug][safepoint     ] ... found polling page return exception at pc = 0x00007fe2d0d604c4, stub =0x00007fe2c8840600
[2023-11-25T16:14:43.568+0000][559.683s][debug][safepoint     ] Safepoint synchronization initiated. (169 threads)
[2023-11-25T16:14:43.568+0000][559.683s][info ][safepoint     ] Application time: 1.0008399 seconds
[2023-11-25T16:14:43.569+0000][559.684s][info ][safepoint     ] Entering safepoint region: Cleanup
[2023-11-25T16:14:43.570+0000][559.684s][info ][safepoint     ] Leaving safepoint region
[2023-11-25T16:14:43.570+0000][559.685s][info ][safepoint     ] Total time for which application threads were stopped: 0.0013617 seconds, Stopping threads took: 0.0005957 seconds
[2023-11-25T16:14:44.571+0000][560.686s][debug][safepoint     ] Safepoint synchronization initiated. (169 threads)
[2023-11-25T16:14:44.572+0000][560.687s][info ][safepoint     ] Application time: 1.0012064 seconds
[2023-11-25T16:14:44.573+0000][560.687s][info ][safepoint     ] Entering safepoint region: Cleanup
[2023-11-25T16:14:44.574+0000][560.688s][info ][safepoint     ] Leaving safepoint region
[2023-11-25T16:14:44.574+0000][560.689s][info ][safepoint     ] Total time for which application threads were stopped: 0.0013096 seconds, Stopping threads took: 0.0006544 seconds
[2023-11-25T16:14:45.575+0000][561.689s][debug][safepoint     ] Safepoint synchronization initiated. (169 threads)
[2023-11-25T16:14:45.575+0000][561.690s][info ][safepoint     ] Application time: 1.0006799 seconds
[2023-11-25T16:14:45.576+0000][561.690s][info ][safepoint     ] Entering safepoint region: Cleanup
[2023-11-25T16:14:45.576+0000][561.691s][info ][safepoint     ] Leaving safepoint region
[2023-11-25T16:14:45.576+0000][561.691s][info ][safepoint     ] Total time for which application threads were stopped: 0.0008492 seconds, Stopping threads took: 0.0003298 seconds
[2023-11-25T16:14:46.577+0000][562.692s][debug][safepoint     ] Safepoint synchronization initiated. (169 threads)
[2023-11-25T16:14:46.578+0000][562.693s][info ][safepoint     ] Application time: 1.0016999 seconds
[2023-11-25T16:14:46.579+0000][562.694s][info ][safepoint     ] Entering safepoint region: Cleanup
[2023-11-25T16:14:46.580+0000][562.694s][info ][safepoint     ] Leaving safepoint region
[2023-11-25T16:14:46.580+0000][562.695s][info ][safepoint     ] Total time for which application threads were stopped: 0.0013853 seconds, Stopping threads took: 0.0005066 seconds
[2023-11-25T16:14:47.581+0000][563.696s][debug][safepoint     ] Safepoint synchronization initiated. (169 threads)
[2023-11-25T16:14:47.581+0000][563.696s][info ][safepoint     ] Application time: 1.0007779 seconds
[2023-11-25T16:14:47.582+0000][563.697s][info ][safepoint     ] Entering safepoint region: Cleanup
[2023-11-25T16:14:47.582+0000][563.697s][info ][safepoint     ] Leaving safepoint region
[2023-11-25T16:14:47.583+0000][563.698s][info ][safepoint     ] Total time for which application threads were stopped: 0.0009074 seconds, Stopping threads took: 0.0003696 seconds
[2023-11-25T16:14:48.584+0000][564.699s][debug][safepoint     ] Safepoint synchronization initiated. (169 threads)
[2023-11-25T16:14:48.585+0000][564.700s][info ][safepoint     ] Application time: 1.0017487 seconds
[2023-11-25T16:14:48.586+0000][564.700s][info ][safepoint     ] Entering safepoint region: Cleanup
[2023-11-25T16:14:48.587+0000][564.702s][info ][safepoint     ] Leaving safepoint region
[2023-11-25T16:14:48.588+0000][564.703s][info ][safepoint     ] Total time for which application threads were stopped: 0.0022163 seconds, Stopping threads took: 0.0015253 seconds
[2023-11-25T16:14:49.588+0000][565.703s][debug][safepoint     ] Safepoint synchronization initiated. (169 threads)
[2023-11-25T16:14:49.589+0000][565.704s][info ][safepoint     ] Application time: 1.0005792 seconds
[2023-11-25T16:14:49.589+0000][565.704s][info ][safepoint     ] Entering safepoint region: Cleanup
[2023-11-25T16:14:49.590+0000][565.704s][info ][safepoint     ] Leaving safepoint region
[2023-11-25T16:14:49.590+0000][565.705s][info ][safepoint     ] Total time for which application threads were stopped: 0.0008066 seconds, Stopping threads took: 0.0003287 seconds
[2023-11-25T16:14:50.590+0000][566.705s][debug][safepoint     ] Safepoint synchronization initiated. (169 threads)
[2023-11-25T16:14:50.591+0000][566.706s][info ][safepoint     ] Application time: 1.0008537 seconds
[2023-11-25T16:14:50.592+0000][566.707s][info ][safepoint     ] Entering safepoint region: Cleanup
[2023-11-25T16:14:50.592+0000][566.707s][info ][safepoint     ] Leaving safepoint region
[2023-11-25T16:14:50.593+0000][566.708s][info ][safepoint     ] Total time for which application threads were stopped: 0.0013414 seconds, Stopping threads took: 0.0005715 seconds
[2023-11-25T16:14:51.594+0000][567.708s][debug][safepoint     ] Safepoint synchronization initiated. (169 threads)
[2023-11-25T16:14:51.594+0000][567.709s][info ][safepoint     ] Application time: 1.0006419 seconds
[2023-11-25T16:14:51.595+0000][567.709s][info ][safepoint     ] Entering safepoint region: Cleanup
[2023-11-25T16:14:51.595+0000][567.710s][info ][safepoint     ] Leaving safepoint region
[2023-11-25T16:14:51.596+0000][567.711s][info ][safepoint     ] Total time for which application threads were stopped: 0.0010974 seconds, Stopping threads took: 0.0004707 seconds
[2023-11-25T16:14:52.596+0000][568.711s][debug][safepoint     ] Safepoint synchronization initiated. (169 threads)
[2023-11-25T16:14:52.597+0000][568.712s][info ][safepoint     ] Application time: 1.0011557 seconds
[2023-11-25T16:14:52.598+0000][568.713s][info ][safepoint     ] Entering safepoint region: Cleanup
[2023-11-25T16:14:52.599+0000][568.714s][info ][safepoint     ] Leaving safepoint region
[2023-11-25T16:14:52.599+0000][568.714s][info ][safepoint     ] Total time for which application threads were stopped: 0.0013008 seconds, Stopping threads took: 0.0007335 seconds
[2023-11-25T16:14:53.600+0000][569.715s][debug][safepoint     ] Safepoint synchronization initiated. (169 threads)
[2023-11-25T16:14:53.600+0000][569.715s][info ][safepoint     ] Application time: 1.0005624 seconds
[2023-11-25T16:14:53.601+0000][569.715s][info ][safepoint     ] Entering safepoint region: Cleanup
[2023-11-25T16:14:53.601+0000][569.716s][info ][safepoint     ] Leaving safepoint region
[2023-11-25T16:14:53.602+0000][569.717s][info ][safepoint     ] Total time for which application threads were stopped: 0.0011930 seconds, Stopping threads took: 0.0005070 seconds
[2023-11-25T16:14:54.602+0000][570.717s][debug][safepoint     ] Safepoint synchronization initiated. (169 threads)
[2023-11-25T16:14:54.603+0000][570.718s][info ][safepoint     ] Application time: 1.0009127 seconds
[2023-11-25T16:14:54.605+0000][570.720s][info ][safepoint     ] Entering safepoint region: Cleanup
[2023-11-25T16:14:54.606+0000][570.721s][info ][safepoint     ] Leaving safepoint region
[2023-11-25T16:14:54.606+0000][570.721s][info ][safepoint     ] Total time for which application threads were stopped: 0.0015375 seconds, Stopping threads took: 0.0009726 seconds
[2023-11-25T16:14:55.607+0000][571.721s][debug][safepoint     ] Safepoint synchronization initiated. (169 threads)
[2023-11-25T16:14:55.607+0000][571.722s][info ][safepoint     ] Application time: 1.0005997 seconds
[2023-11-25T16:14:55.607+0000][571.722s][info ][safepoint     ] Entering safepoint region: Cleanup
[2023-11-25T16:14:55.608+0000][571.723s][info ][safepoint     ] Leaving safepoint region
[2023-11-25T16:14:55.608+0000][571.723s][info ][safepoint     ] Total time for which application threads were stopped: 0.0009927 seconds, Stopping threads took: 0.0004253 seconds
[2023-11-25T16:14:56.609+0000][572.724s][debug][safepoint     ] Safepoint synchronization initiated. (169 threads)
[2023-11-25T16:14:56.609+0000][572.724s][info ][safepoint     ] Application time: 1.0006428 seconds
[2023-11-25T16:14:56.610+0000][572.725s][info ][safepoint     ] Entering safepoint region: Cleanup
[2023-11-25T16:14:56.610+0000][572.725s][info ][safepoint     ] Leaving safepoint region
[2023-11-25T16:14:56.611+0000][572.725s][info ][safepoint     ] Total time for which application threads were stopped: 0.0008447 seconds, Stopping threads took: 0.0003721 seconds
[2023-11-25T16:14:57.611+0000][573.726s][debug][safepoint     ] Safepoint synchronization initiated. (169 threads)
[2023-11-25T16:14:57.612+0000][573.726s][info ][safepoint     ] Application time: 1.0006446 seconds
[2023-11-25T16:14:57.612+0000][573.727s][info ][safepoint     ] Entering safepoint region: Cleanup
[2023-11-25T16:14:57.613+0000][573.727s][info ][safepoint     ] Leaving safepoint region
[2023-11-25T16:14:57.613+0000][573.728s][info ][safepoint     ] Total time for which application threads were stopped: 0.0009679 seconds, Stopping threads took: 0.0003638 seconds
[2023-11-25T16:14:58.613+0000][574.728s][debug][safepoint     ] Safepoint synchronization initiated. (169 threads)
[2023-11-25T16:14:58.614+0000][574.729s][info ][safepoint     ] Application time: 1.0008968 seconds
[2023-11-25T16:14:58.615+0000][574.730s][info ][safepoint     ] Entering safepoint region: Cleanup
[2023-11-25T16:14:58.615+0000][574.730s][info ][safepoint     ] Leaving safepoint region
[2023-11-25T16:14:58.616+0000][574.731s][info ][safepoint     ] Total time for which application threads were stopped: 0.0012742 seconds, Stopping threads took: 0.0005624 seconds
[2023-11-25T16:14:59.617+0000][575.731s][debug][safepoint     ] Safepoint synchronization initiated. (169 threads)
[2023-11-25T16:14:59.617+0000][575.732s][info ][safepoint     ] Application time: 1.0006258 seconds
[2023-11-25T16:14:59.618+0000][575.732s][info ][safepoint     ] Entering safepoint region: Cleanup
[2023-11-25T16:14:59.618+0000][575.733s][info ][safepoint     ] Leaving safepoint region
[2023-11-25T16:14:59.619+0000][575.733s][info ][safepoint     ] Total time for which application threads were stopped: 0.0010936 seconds, Stopping threads took: 0.0004196 seconds
[2023-11-25T16:15:00.619+0000][576.734s][debug][safepoint     ] Safepoint synchronization initiated. (169 threads)
[2023-11-25T16:15:00.620+0000][576.734s][info ][safepoint     ] Application time: 1.0006186 seconds
[2023-11-25T16:15:00.620+0000][576.735s][info ][safepoint     ] Entering safepoint region: Cleanup
[2023-11-25T16:15:00.621+0000][576.735s][info ][safepoint     ] Leaving safepoint region
[2023-11-25T16:15:00.621+0000][576.736s][info ][safepoint     ] Total time for which application threads were stopped: 0.0008413 seconds, Stopping threads took: 0.0003636 seconds
[2023-11-25T16:15:01.621+0000][577.736s][debug][safepoint     ] Safepoint synchronization initiated. (169 threads)
[2023-11-25T16:15:01.622+0000][577.737s][info ][safepoint     ] Application time: 1.0006163 seconds
[2023-11-25T16:15:01.622+0000][577.737s][info ][safepoint     ] Entering safepoint region: Cleanup
[2023-11-25T16:15:01.623+0000][577.738s][info ][safepoint     ] Leaving safepoint region
[2023-11-25T16:15:01.623+0000][577.738s][info ][safepoint     ] Total time for which application threads were stopped: 0.0013775 seconds, Stopping threads took: 0.0003731 seconds
[2023-11-25T16:15:02.624+0000][578.739s][debug][safepoint     ] Safepoint synchronization initiated. (169 threads)
[2023-11-25T16:15:02.625+0000][578.740s][info ][safepoint     ] Application time: 1.0014585 seconds
[2023-11-25T16:15:02.626+0000][578.741s][info ][safepoint     ] Entering safepoint region: Cleanup
[2023-11-25T16:15:02.626+0000][578.741s][info ][safepoint     ] Leaving safepoint region
[2023-11-25T16:15:02.627+0000][578.742s][info ][safepoint     ] Total time for which application threads were stopped: 0.0011104 seconds, Stopping threads took: 0.0004666 seconds
[2023-11-25T16:15:03.628+0000][579.742s][debug][safepoint     ] Safepoint synchronization initiated. (169 threads)
[2023-11-25T16:15:03.628+0000][579.743s][info ][safepoint     ] Application time: 1.0011080 seconds
[2023-11-25T16:15:03.629+0000][579.744s][info ][safepoint     ] Entering safepoint region: Cleanup
[2023-11-25T16:15:03.630+0000][579.745s][info ][safepoint     ] Leaving safepoint region
[2023-11-25T16:15:03.631+0000][579.746s][info ][safepoint     ] Total time for which application threads were stopped: 0.0015170 seconds, Stopping threads took: 0.0004916 seconds
[2023-11-25T16:15:03.630+0000][579.745s][debug][safepoint     ] ... found polling page return exception at pc = 0x00007fe2d0d604c4, stub =0x00007fe2c8840600
[2023-11-25T16:15:04.632+0000][580.747s][debug][safepoint     ] Safepoint synchronization initiated. (169 threads)
[2023-11-25T16:15:04.632+0000][580.747s][info ][safepoint     ] Application time: 1.0007752 seconds
[2023-11-25T16:15:04.633+0000][580.748s][info ][safepoint     ] Entering safepoint region: Cleanup
[2023-11-25T16:15:04.634+0000][580.748s][info ][safepoint     ] Leaving safepoint region
[2023-11-25T16:15:04.634+0000][580.749s][info ][safepoint     ] Total time for which application threads were stopped: 0.0014973 seconds, Stopping threads took: 0.0004653 seconds
[2023-11-25T16:15:05.635+0000][581.750s][debug][safepoint     ] Safepoint synchronization initiated. (169 threads)
[2023-11-25T16:15:05.636+0000][581.751s][info ][safepoint     ] Application time: 1.0007343 seconds
[2023-11-25T16:15:05.636+0000][581.751s][info ][safepoint     ] Entering safepoint region: Cleanup
[2023-11-25T16:15:05.637+0000][581.752s][info ][safepoint     ] Leaving safepoint region
[2023-11-25T16:15:05.637+0000][581.752s][info ][safepoint     ] Total time for which application threads were stopped: 0.0011332 seconds, Stopping threads took: 0.0004694 seconds
[2023-11-25T16:15:06.638+0000][582.753s][debug][safepoint     ] Safepoint synchronization initiated. (169 threads)
[2023-11-25T16:15:06.639+0000][582.753s][info ][safepoint     ] Application time: 1.0008019 seconds
[2023-11-25T16:15:06.639+0000][582.754s][info ][safepoint     ] Entering safepoint region: Cleanup
[2023-11-25T16:15:06.640+0000][582.754s][info ][safepoint     ] Leaving safepoint region
[2023-11-25T16:15:06.640+0000][582.755s][info ][safepoint     ] Total time for which application threads were stopped: 0.0009061 seconds, Stopping threads took: 0.0004232 seconds
[2023-11-25T16:15:07.641+0000][583.755s][debug][safepoint     ] Safepoint synchronization initiated. (169 threads)
[2023-11-25T16:15:07.641+0000][583.756s][info ][safepoint     ] Application time: 1.0008625 seconds
[2023-11-25T16:15:07.642+0000][583.756s][info ][safepoint     ] Entering safepoint region: Cleanup
[2023-11-25T16:15:07.642+0000][583.757s][info ][safepoint     ] Leaving safepoint region
[2023-11-25T16:15:07.643+0000][583.758s][info ][safepoint     ] Total time for which application threads were stopped: 0.0012963 seconds, Stopping threads took: 0.0005614 seconds
[2023-11-25T16:15:08.644+0000][584.758s][debug][safepoint     ] Safepoint synchronization initiated. (169 threads)
[2023-11-25T16:15:08.644+0000][584.759s][info ][safepoint     ] Application time: 1.0009777 seconds
[2023-11-25T16:15:08.645+0000][584.760s][info ][safepoint     ] Entering safepoint region: Cleanup
[2023-11-25T16:15:08.645+0000][584.760s][info ][safepoint     ] Leaving safepoint region
[2023-11-25T16:15:08.646+0000][584.761s][info ][safepoint     ] Total time for which application threads were stopped: 0.0012419 seconds, Stopping threads took: 0.0005493 seconds
[2023-11-25T16:15:09.647+0000][585.761s][debug][safepoint     ] Safepoint synchronization initiated. (169 threads)
[2023-11-25T16:15:09.647+0000][585.762s][info ][safepoint     ] Application time: 1.0008191 seconds
[2023-11-25T16:15:09.648+0000][585.763s][info ][safepoint     ] Entering safepoint region: Cleanup
[2023-11-25T16:15:09.648+0000][585.763s][info ][safepoint     ] Leaving safepoint region
[2023-11-25T16:15:09.649+0000][585.764s][info ][safepoint     ] Total time for which application threads were stopped: 0.0010834 seconds, Stopping threads took: 0.0004881 seconds
[2023-11-25T16:15:10.650+0000][586.764s][debug][safepoint     ] Safepoint synchronization initiated. (169 threads)
[2023-11-25T16:15:10.650+0000][586.765s][info ][safepoint     ] Application time: 1.0009131 seconds
[2023-11-25T16:15:10.651+0000][586.765s][info ][safepoint     ] Entering safepoint region: Cleanup
[2023-11-25T16:15:10.651+0000][586.766s][info ][safepoint     ] Leaving safepoint region
[2023-11-25T16:15:10.651+0000][586.766s][info ][safepoint     ] Total time for which application threads were stopped: 0.0008699 seconds, Stopping threads took: 0.0003827 seconds
[2023-11-25T16:15:11.652+0000][587.767s][debug][safepoint     ] Safepoint synchronization initiated. (169 threads)
[2023-11-25T16:15:11.652+0000][587.767s][info ][safepoint     ] Application time: 1.0008237 seconds
[2023-11-25T16:15:11.653+0000][587.768s][info ][safepoint     ] Entering safepoint region: Cleanup
[2023-11-25T16:15:11.654+0000][587.768s][info ][safepoint     ] Leaving safepoint region
[2023-11-25T16:15:11.654+0000][587.769s][info ][safepoint     ] Total time for which application threads were stopped: 0.0009939 seconds, Stopping threads took: 0.0004428 seconds
[2023-11-25T16:15:12.654+0000][588.769s][debug][safepoint     ] Safepoint synchronization initiated. (169 threads)
[2023-11-25T16:15:12.655+0000][588.770s][info ][safepoint     ] Application time: 1.0008230 seconds
[2023-11-25T16:15:12.656+0000][588.770s][info ][safepoint     ] Entering safepoint region: Cleanup
[2023-11-25T16:15:12.656+0000][588.771s][info ][safepoint     ] Leaving safepoint region
[2023-11-25T16:15:12.657+0000][588.771s][info ][safepoint     ] Total time for which application threads were stopped: 0.0009381 seconds, Stopping threads took: 0.0003576 seconds
[2023-11-25T16:15:13.657+0000][589.772s][debug][safepoint     ] Safepoint synchronization initiated. (169 threads)
[2023-11-25T16:15:13.658+0000][589.773s][info ][safepoint     ] Application time: 1.0008613 seconds
[2023-11-25T16:15:13.658+0000][589.773s][info ][safepoint     ] Entering safepoint region: Cleanup
[2023-11-25T16:15:13.659+0000][589.774s][info ][safepoint     ] Leaving safepoint region
[2023-11-25T16:15:13.659+0000][589.774s][info ][safepoint     ] Total time for which application threads were stopped: 0.0010912 seconds, Stopping threads took: 0.0003898 seconds
[2023-11-25T16:15:14.660+0000][590.775s][debug][safepoint     ] Safepoint synchronization initiated. (169 threads)
[2023-11-25T16:15:14.661+0000][590.775s][info ][safepoint     ] Application time: 1.0009455 seconds
[2023-11-25T16:15:14.661+0000][590.776s][info ][safepoint     ] Entering safepoint region: Cleanup
[2023-11-25T16:15:14.662+0000][590.777s][info ][safepoint     ] Leaving safepoint region
[2023-11-25T16:15:14.663+0000][590.778s][info ][safepoint     ] Total time for which application threads were stopped: 0.0014421 seconds, Stopping threads took: 0.0006344 seconds
[2023-11-25T16:15:15.663+0000][591.778s][debug][safepoint     ] Safepoint synchronization initiated. (169 threads)
[2023-11-25T16:15:15.664+0000][591.779s][info ][safepoint     ] Application time: 1.0009053 seconds
[2023-11-25T16:15:15.665+0000][591.780s][info ][safepoint     ] Entering safepoint region: Cleanup
[2023-11-25T16:15:15.665+0000][591.780s][info ][safepoint     ] Leaving safepoint region
[2023-11-25T16:15:15.666+0000][591.781s][info ][safepoint     ] Total time for which application threads were stopped: 0.0012823 seconds, Stopping threads took: 0.0005675 seconds
[2023-11-25T16:15:16.667+0000][592.782s][debug][safepoint     ] Safepoint synchronization initiated. (169 threads)
[2023-11-25T16:15:16.667+0000][592.782s][info ][safepoint     ] Application time: 1.0008088 seconds
[2023-11-25T16:15:16.668+0000][592.783s][info ][safepoint     ] Entering safepoint region: Cleanup
[2023-11-25T16:15:16.668+0000][592.783s][info ][safepoint     ] Leaving safepoint region
[2023-11-25T16:15:16.669+0000][592.784s][info ][safepoint     ] Total time for which application threads were stopped: 0.0011071 seconds, Stopping threads took: 0.0005034 seconds
[2023-11-25T16:15:17.670+0000][593.784s][debug][safepoint     ] Safepoint synchronization initiated. (169 threads)
[2023-11-25T16:15:17.670+0000][593.785s][info ][safepoint     ] Application time: 1.0007230 seconds
[2023-11-25T16:15:17.671+0000][593.786s][info ][safepoint     ] Entering safepoint region: Cleanup
[2023-11-25T16:15:17.671+0000][593.786s][info ][safepoint     ] Leaving safepoint region
[2023-11-25T16:15:17.672+0000][593.787s][info ][safepoint     ] Total time for which application threads were stopped: 0.0010690 seconds, Stopping threads took: 0.0005024 seconds
[2023-11-25T16:15:18.672+0000][594.787s][debug][safepoint     ] Safepoint synchronization initiated. (169 threads)
[2023-11-25T16:15:18.673+0000][594.788s][info ][safepoint     ] Application time: 1.0006396 seconds
[2023-11-25T16:15:18.673+0000][594.788s][info ][safepoint     ] Entering safepoint region: Cleanup
[2023-11-25T16:15:18.674+0000][594.789s][info ][safepoint     ] Leaving safepoint region
[2023-11-25T16:15:18.674+0000][594.789s][info ][safepoint     ] Total time for which application threads were stopped: 0.0010283 seconds, Stopping threads took: 0.0005006 seconds
[2023-11-25T16:15:19.675+0000][595.790s][debug][safepoint     ] Safepoint synchronization initiated. (169 threads)
[2023-11-25T16:15:19.675+0000][595.790s][info ][safepoint     ] Application time: 1.0008253 seconds
[2023-11-25T16:15:19.676+0000][595.791s][info ][safepoint     ] Entering safepoint region: Cleanup
[2023-11-25T16:15:19.677+0000][595.792s][info ][safepoint     ] Leaving safepoint region
[2023-11-25T16:15:19.677+0000][595.792s][info ][safepoint     ] Total time for which application threads were stopped: 0.0015145 seconds, Stopping threads took: 0.0008051 seconds
[2023-11-25T16:15:20.678+0000][596.793s][debug][safepoint     ] Safepoint synchronization initiated. (168 threads)
[2023-11-25T16:15:20.680+0000][596.795s][info ][safepoint     ] Application time: 1.0017412 seconds
[2023-11-25T16:15:20.681+0000][596.795s][info ][safepoint     ] Entering safepoint region: Cleanup
[2023-11-25T16:15:20.681+0000][596.796s][info ][safepoint     ] Leaving safepoint region
[2023-11-25T16:15:20.682+0000][596.797s][info ][safepoint     ] Total time for which application threads were stopped: 0.0011973 seconds, Stopping threads took: 0.0005347 seconds
[2023-11-25T16:15:21.682+0000][597.797s][debug][safepoint     ] Safepoint synchronization initiated. (168 threads)
[2023-11-25T16:15:21.683+0000][597.798s][info ][safepoint     ] Application time: 1.0009690 seconds
[2023-11-25T16:15:21.684+0000][597.799s][info ][safepoint     ] Entering safepoint region: Cleanup
[2023-11-25T16:15:21.685+0000][597.799s][info ][safepoint     ] Leaving safepoint region
[2023-11-25T16:15:21.685+0000][597.800s][info ][safepoint     ] Total time for which application threads were stopped: 0.0013476 seconds, Stopping threads took: 0.0005364 seconds
[2023-11-25T16:15:22.686+0000][598.801s][debug][safepoint     ] Safepoint synchronization initiated. (168 threads)
[2023-11-25T16:15:22.687+0000][598.802s][info ][safepoint     ] Application time: 1.0009977 seconds
[2023-11-25T16:15:22.687+0000][598.802s][info ][safepoint     ] Entering safepoint region: Cleanup
[2023-11-25T16:15:22.688+0000][598.803s][info ][safepoint     ] Leaving safepoint region
[2023-11-25T16:15:22.689+0000][598.804s][info ][safepoint     ] Total time for which application threads were stopped: 0.0013983 seconds, Stopping threads took: 0.0006463 seconds
[2023-11-25T16:15:23.689+0000][599.804s][debug][safepoint     ] Safepoint synchronization initiated. (168 threads)
[2023-11-25T16:15:23.690+0000][599.805s][info ][safepoint     ] Application time: 1.0009322 seconds
[2023-11-25T16:15:23.691+0000][599.806s][info ][safepoint     ] Entering safepoint region: Cleanup
[2023-11-25T16:15:23.692+0000][599.806s][info ][safepoint     ] Leaving safepoint region
[2023-11-25T16:15:23.692+0000][599.807s][info ][safepoint     ] Total time for which application threads were stopped: 0.0012641 seconds, Stopping threads took: 0.0006127 seconds
[2023-11-25T16:15:24.693+0000][600.807s][debug][safepoint     ] Safepoint synchronization initiated. (168 threads)
[2023-11-25T16:15:24.693+0000][600.808s][info ][safepoint     ] Application time: 1.0005871 seconds
[2023-11-25T16:15:24.694+0000][600.808s][info ][safepoint     ] Entering safepoint region: Cleanup
[2023-11-25T16:15:24.694+0000][600.809s][info ][safepoint     ] Leaving safepoint region
[2023-11-25T16:15:24.695+0000][600.810s][info ][safepoint     ] Total time for which application threads were stopped: 0.0011402 seconds, Stopping threads took: 0.0004956 seconds
[2023-11-25T16:15:25.695+0000][601.810s][debug][safepoint     ] Safepoint synchronization initiated. (168 threads)
[2023-11-25T16:15:25.696+0000][601.811s][info ][safepoint     ] Application time: 1.0009776 seconds
[2023-11-25T16:15:25.697+0000][601.811s][info ][safepoint     ] Entering safepoint region: Cleanup
[2023-11-25T16:15:25.697+0000][601.812s][info ][safepoint     ] Leaving safepoint region
[2023-11-25T16:15:25.698+0000][601.813s][info ][safepoint     ] Total time for which application threads were stopped: 0.0011425 seconds, Stopping threads took: 0.0005058 seconds
[2023-11-25T16:15:26.698+0000][602.813s][debug][safepoint     ] Safepoint synchronization initiated. (168 threads)
[2023-11-25T16:15:26.699+0000][602.814s][info ][safepoint     ] Application time: 1.0007953 seconds
[2023-11-25T16:15:26.699+0000][602.814s][info ][safepoint     ] Entering safepoint region: Cleanup
[2023-11-25T16:15:26.700+0000][602.815s][info ][safepoint     ] Leaving safepoint region
[2023-11-25T16:15:26.700+0000][602.815s][info ][safepoint     ] Total time for which application threads were stopped: 0.0009548 seconds, Stopping threads took: 0.0004350 seconds
[2023-11-25T16:15:27.701+0000][603.816s][debug][safepoint     ] Safepoint synchronization initiated. (168 threads)
[2023-11-25T16:15:27.702+0000][603.816s][info ][safepoint     ] Application time: 1.0007642 seconds
[2023-11-25T16:15:27.702+0000][603.817s][info ][safepoint     ] Entering safepoint region: Cleanup
[2023-11-25T16:15:27.703+0000][603.818s][info ][safepoint     ] Leaving safepoint region
[2023-11-25T16:15:27.703+0000][603.818s][info ][safepoint     ] Total time for which application threads were stopped: 0.0011246 seconds, Stopping threads took: 0.0005309 seconds
[2023-11-25T16:15:28.704+0000][604.819s][debug][safepoint     ] Safepoint synchronization initiated. (168 threads)
[2023-11-25T16:15:28.705+0000][604.820s][info ][safepoint     ] Application time: 1.0009072 seconds
[2023-11-25T16:15:28.705+0000][604.820s][info ][safepoint     ] Entering safepoint region: Cleanup
[2023-11-25T16:15:28.706+0000][604.821s][info ][safepoint     ] Leaving safepoint region
[2023-11-25T16:15:28.707+0000][604.822s][info ][safepoint     ] Total time for which application threads were stopped: 0.0015340 seconds, Stopping threads took: 0.0007561 seconds
[2023-11-25T16:15:29.707+0000][605.822s][debug][safepoint     ] Safepoint synchronization initiated. (168 threads)
[2023-11-25T16:15:29.708+0000][605.823s][info ][safepoint     ] Application time: 1.0008074 seconds
[2023-11-25T16:15:29.709+0000][605.824s][info ][safepoint     ] Entering safepoint region: Cleanup
[2023-11-25T16:15:29.709+0000][605.824s][info ][safepoint     ] Leaving safepoint region
[2023-11-25T16:15:29.710+0000][605.825s][info ][safepoint     ] Total time for which application threads were stopped: 0.0013849 seconds, Stopping threads took: 0.0006195 seconds
[2023-11-25T16:15:30.711+0000][606.826s][debug][safepoint     ] Safepoint synchronization initiated. (168 threads)
[2023-11-25T16:15:30.711+0000][606.826s][info ][safepoint     ] Application time: 1.0007063 seconds
[2023-11-25T16:15:30.712+0000][606.827s][info ][safepoint     ] Entering safepoint region: Cleanup
[2023-11-25T16:15:30.712+0000][606.827s][info ][safepoint     ] Leaving safepoint region
[2023-11-25T16:15:30.713+0000][606.828s][info ][safepoint     ] Total time for which application threads were stopped: 0.0011231 seconds, Stopping threads took: 0.0004941 seconds
[2023-11-25T16:15:31.714+0000][607.829s][debug][safepoint     ] Safepoint synchronization initiated. (168 threads)
[2023-11-25T16:15:31.714+0000][607.829s][info ][safepoint     ] Application time: 1.0008598 seconds
[2023-11-25T16:15:31.715+0000][607.830s][info ][safepoint     ] Entering safepoint region: Cleanup
[2023-11-25T16:15:31.716+0000][607.831s][info ][safepoint     ] Leaving safepoint region
[2023-11-25T16:15:31.716+0000][607.831s][info ][safepoint     ] Total time for which application threads were stopped: 0.0013082 seconds, Stopping threads took: 0.0006227 seconds
[2023-11-25T16:15:32.717+0000][608.832s][debug][safepoint     ] Safepoint synchronization initiated. (168 threads)
[2023-11-25T16:15:32.717+0000][608.832s][info ][safepoint     ] Application time: 1.0006210 seconds
[2023-11-25T16:15:32.718+0000][608.832s][info ][safepoint     ] Entering safepoint region: Cleanup
[2023-11-25T16:15:32.718+0000][608.833s][info ][safepoint     ] Leaving safepoint region
[2023-11-25T16:15:32.719+0000][608.833s][info ][safepoint     ] Total time for which application threads were stopped: 0.0009926 seconds, Stopping threads took: 0.0004122 seconds
[2023-11-25T16:15:33.719+0000][609.834s][debug][safepoint     ] Safepoint synchronization initiated. (168 threads)
[2023-11-25T16:15:33.720+0000][609.834s][info ][safepoint     ] Application time: 1.0006040 seconds
[2023-11-25T16:15:33.720+0000][609.835s][info ][safepoint     ] Entering safepoint region: Cleanup
[2023-11-25T16:15:33.720+0000][609.835s][info ][safepoint     ] Leaving safepoint region
[2023-11-25T16:15:33.721+0000][609.836s][info ][safepoint     ] Total time for which application threads were stopped: 0.0014839 seconds, Stopping threads took: 0.0003206 seconds
[2023-11-25T16:15:34.722+0000][610.837s][debug][safepoint     ] Safepoint synchronization initiated. (168 threads)
[2023-11-25T16:15:34.723+0000][610.838s][info ][safepoint     ] Application time: 1.0008253 seconds
[2023-11-25T16:15:34.723+0000][610.838s][info ][safepoint     ] Entering safepoint region: Cleanup
[2023-11-25T16:15:34.724+0000][610.839s][info ][safepoint     ] Leaving safepoint region
[2023-11-25T16:15:34.724+0000][610.839s][info ][safepoint     ] Total time for which application threads were stopped: 0.0012556 seconds, Stopping threads took: 0.0005560 seconds
[2023-11-25T16:15:35.725+0000][611.840s][debug][safepoint     ] Safepoint synchronization initiated. (168 threads)
[2023-11-25T16:15:35.726+0000][611.841s][info ][safepoint     ] Application time: 1.0008716 seconds
[2023-11-25T16:15:35.726+0000][611.841s][info ][safepoint     ] Entering safepoint region: Cleanup
[2023-11-25T16:15:35.727+0000][611.842s][info ][safepoint     ] Leaving safepoint region
[2023-11-25T16:15:35.728+0000][611.842s][info ][safepoint     ] Total time for which application threads were stopped: 0.0013320 seconds, Stopping threads took: 0.0006285 seconds
[2023-11-25T16:15:36.728+0000][612.843s][debug][safepoint     ] Safepoint synchronization initiated. (168 threads)
[2023-11-25T16:15:36.729+0000][612.844s][info ][safepoint     ] Application time: 1.0006245 seconds
[2023-11-25T16:15:36.729+0000][612.844s][info ][safepoint     ] Entering safepoint region: Cleanup
[2023-11-25T16:15:36.730+0000][612.845s][info ][safepoint     ] Leaving safepoint region
[2023-11-25T16:15:36.730+0000][612.845s][info ][safepoint     ] Total time for which application threads were stopped: 0.0010040 seconds, Stopping threads took: 0.0004029 seconds
[2023-11-25T16:15:37.731+0000][613.846s][debug][safepoint     ] Safepoint synchronization initiated. (167 threads)
[2023-11-25T16:15:37.732+0000][613.846s][info ][safepoint     ] Application time: 1.0011662 seconds
[2023-11-25T16:15:37.732+0000][613.847s][info ][safepoint     ] Entering safepoint region: Cleanup
[2023-11-25T16:15:37.733+0000][613.847s][info ][safepoint     ] Leaving safepoint region
[2023-11-25T16:15:37.733+0000][613.848s][info ][safepoint     ] Total time for which application threads were stopped: 0.0009918 seconds, Stopping threads took: 0.0003676 seconds
[2023-11-25T16:15:38.734+0000][614.848s][debug][safepoint     ] Safepoint synchronization initiated. (167 threads)
[2023-11-25T16:15:38.734+0000][614.849s][info ][safepoint     ] Application time: 1.0007942 seconds
[2023-11-25T16:15:38.735+0000][614.850s][info ][safepoint     ] Entering safepoint region: Cleanup
[2023-11-25T16:15:38.735+0000][614.850s][info ][safepoint     ] Leaving safepoint region
[2023-11-25T16:15:38.736+0000][614.851s][info ][safepoint     ] Total time for which application threads were stopped: 0.0010427 seconds, Stopping threads took: 0.0004761 seconds
[2023-11-25T16:15:39.736+0000][615.851s][debug][safepoint     ] Safepoint synchronization initiated. (167 threads)
[2023-11-25T16:15:39.737+0000][615.852s][info ][safepoint     ] Application time: 1.0009835 seconds
[2023-11-25T16:15:39.738+0000][615.853s][info ][safepoint     ] Entering safepoint region: Cleanup
[2023-11-25T16:15:39.739+0000][615.853s][info ][safepoint     ] Leaving safepoint region
[2023-11-25T16:15:39.739+0000][615.854s][info ][safepoint     ] Total time for which application threads were stopped: 0.0013182 seconds, Stopping threads took: 0.0006251 seconds
[2023-11-25T16:15:40.740+0000][616.855s][debug][safepoint     ] Safepoint synchronization initiated. (167 threads)
[2023-11-25T16:15:40.740+0000][616.855s][info ][safepoint     ] Application time: 1.0006308 seconds
[2023-11-25T16:15:40.741+0000][616.856s][info ][safepoint     ] Entering safepoint region: Cleanup
[2023-11-25T16:15:40.741+0000][616.856s][info ][safepoint     ] Leaving safepoint region
[2023-11-25T16:15:40.742+0000][616.857s][info ][safepoint     ] Total time for which application threads were stopped: 0.0011397 seconds, Stopping threads took: 0.0005260 seconds
[2023-11-25T16:15:41.742+0000][617.857s][debug][safepoint     ] Safepoint synchronization initiated. (167 threads)
[2023-11-25T16:15:41.743+0000][617.858s][info ][safepoint     ] Application time: 1.0008171 seconds
[2023-11-25T16:15:41.744+0000][617.859s][info ][safepoint     ] Entering safepoint region: Cleanup
[2023-11-25T16:15:41.745+0000][617.860s][info ][safepoint     ] Leaving safepoint region
[2023-11-25T16:15:41.745+0000][617.860s][info ][safepoint     ] Total time for which application threads were stopped: 0.0016163 seconds, Stopping threads took: 0.0009663 seconds
[2023-11-25T16:15:42.746+0000][618.861s][debug][safepoint     ] Safepoint synchronization initiated. (167 threads)
[2023-11-25T16:15:42.746+0000][618.861s][info ][safepoint     ] Application time: 1.0006360 seconds
[2023-11-25T16:15:42.747+0000][618.862s][info ][safepoint     ] Entering safepoint region: Cleanup
[2023-11-25T16:15:42.748+0000][618.863s][info ][safepoint     ] Leaving safepoint region
[2023-11-25T16:15:42.748+0000][618.863s][info ][safepoint     ] Total time for which application threads were stopped: 0.0012297 seconds, Stopping threads took: 0.0005736 seconds
[2023-11-25T16:15:43.749+0000][619.864s][debug][safepoint     ] Safepoint synchronization initiated. (167 threads)
[2023-11-25T16:15:43.749+0000][619.864s][info ][safepoint     ] Application time: 1.0005678 seconds
[2023-11-25T16:15:43.750+0000][619.864s][info ][safepoint     ] Entering safepoint region: Cleanup
[2023-11-25T16:15:43.750+0000][619.865s][info ][safepoint     ] Leaving safepoint region
[2023-11-25T16:15:43.750+0000][619.865s][info ][safepoint     ] Total time for which application threads were stopped: 0.0009646 seconds, Stopping threads took: 0.0003964 seconds
[2023-11-25T16:15:44.751+0000][620.866s][debug][safepoint     ] Safepoint synchronization initiated. (167 threads)
[2023-11-25T16:15:44.752+0000][620.866s][info ][safepoint     ] Application time: 1.0005961 seconds
[2023-11-25T16:15:44.752+0000][620.867s][info ][safepoint     ] Entering safepoint region: Cleanup
[2023-11-25T16:15:44.752+0000][620.867s][info ][safepoint     ] Leaving safepoint region
[2023-11-25T16:15:44.753+0000][620.868s][info ][safepoint     ] Total time for which application threads were stopped: 0.0009644 seconds, Stopping threads took: 0.0004599 seconds
[2023-11-25T16:15:45.753+0000][621.868s][debug][safepoint     ] Safepoint synchronization initiated. (167 threads)
[2023-11-25T16:15:45.754+0000][621.869s][info ][safepoint     ] Application time: 1.0006481 seconds
[2023-11-25T16:15:45.754+0000][621.869s][info ][safepoint     ] Entering safepoint region: Cleanup
[2023-11-25T16:15:45.755+0000][621.870s][info ][safepoint     ] Leaving safepoint region
[2023-11-25T16:15:45.755+0000][621.870s][info ][safepoint     ] Total time for which application threads were stopped: 0.0010048 seconds, Stopping threads took: 0.0004397 seconds
[2023-11-25T16:15:46.756+0000][622.871s][debug][safepoint     ] Safepoint synchronization initiated. (167 threads)
[2023-11-25T16:15:46.757+0000][622.872s][info ][safepoint     ] Application time: 1.0009845 seconds
[2023-11-25T16:15:46.758+0000][622.872s][info ][safepoint     ] Entering safepoint region: Cleanup
[2023-11-25T16:15:46.758+0000][622.873s][info ][safepoint     ] Leaving safepoint region
[2023-11-25T16:15:46.759+0000][622.874s][info ][safepoint     ] Total time for which application threads were stopped: 0.0014748 seconds, Stopping threads took: 0.0006054 seconds
[2023-11-25T16:15:47.760+0000][623.875s][debug][safepoint     ] Safepoint synchronization initiated. (167 threads)
[2023-11-25T16:15:47.760+0000][623.875s][info ][safepoint     ] Application time: 1.0007792 seconds
[2023-11-25T16:15:47.761+0000][623.876s][info ][safepoint     ] Entering safepoint region: Cleanup
[2023-11-25T16:15:47.762+0000][623.877s][info ][safepoint     ] Leaving safepoint region
[2023-11-25T16:15:47.762+0000][623.877s][info ][safepoint     ] Total time for which application threads were stopped: 0.0014236 seconds, Stopping threads took: 0.0007615 seconds
[2023-11-25T16:15:48.763+0000][624.878s][debug][safepoint     ] Safepoint synchronization initiated. (167 threads)
[2023-11-25T16:15:48.764+0000][624.879s][info ][safepoint     ] Application time: 1.0011286 seconds
[2023-11-25T16:15:48.765+0000][624.879s][info ][safepoint     ] Entering safepoint region: Cleanup
[2023-11-25T16:15:48.765+0000][624.880s][info ][safepoint     ] Leaving safepoint region
[2023-11-25T16:15:48.766+0000][624.881s][info ][safepoint     ] Total time for which application threads were stopped: 0.0011846 seconds, Stopping threads took: 0.0005167 seconds
[2023-11-25T16:15:49.766+0000][625.881s][debug][safepoint     ] Safepoint synchronization initiated. (167 threads)
[2023-11-25T16:15:49.768+0000][625.883s][info ][safepoint     ] Application time: 1.0015686 seconds
[2023-11-25T16:15:49.769+0000][625.884s][info ][safepoint     ] Entering safepoint region: Cleanup
[2023-11-25T16:15:49.770+0000][625.885s][info ][safepoint     ] Leaving safepoint region
[2023-11-25T16:15:49.771+0000][625.886s][info ][safepoint     ] Total time for which application threads were stopped: 0.0025755 seconds, Stopping threads took: 0.0011999 seconds
[2023-11-25T16:15:50.773+0000][626.888s][debug][safepoint     ] Safepoint synchronization initiated. (167 threads)
[2023-11-25T16:15:50.774+0000][626.889s][info ][safepoint     ] Application time: 1.0017967 seconds
[2023-11-25T16:15:50.775+0000][626.890s][info ][safepoint     ] Entering safepoint region: Cleanup
[2023-11-25T16:15:50.777+0000][626.892s][info ][safepoint     ] Leaving safepoint region
[2023-11-25T16:15:50.778+0000][626.893s][info ][safepoint     ] Total time for which application threads were stopped: 0.0025550 seconds, Stopping threads took: 0.0010720 seconds
[2023-11-25T16:15:51.779+0000][627.894s][debug][safepoint     ] Safepoint synchronization initiated. (167 threads)
[2023-11-25T16:15:51.781+0000][627.895s][info ][safepoint     ] Application time: 1.0016172 seconds
[2023-11-25T16:15:51.782+0000][627.897s][info ][safepoint     ] Entering safepoint region: Cleanup
[2023-11-25T16:15:51.783+0000][627.898s][info ][safepoint     ] Leaving safepoint region
[2023-11-25T16:15:51.784+0000][627.899s][info ][safepoint     ] Total time for which application threads were stopped: 0.0026198 seconds, Stopping threads took: 0.0011342 seconds
[2023-11-25T16:15:52.785+0000][628.900s][debug][safepoint     ] Safepoint synchronization initiated. (167 threads)
[2023-11-25T16:15:52.787+0000][628.902s][info ][safepoint     ] Application time: 1.0017997 seconds
[2023-11-25T16:15:52.788+0000][628.903s][info ][safepoint     ] Entering safepoint region: Cleanup
[2023-11-25T16:15:52.790+0000][628.904s][info ][safepoint     ] Leaving safepoint region
[2023-11-25T16:15:52.791+0000][628.905s][info ][safepoint     ] Total time for which application threads were stopped: 0.0024971 seconds, Stopping threads took: 0.0010886 seconds
[2023-11-25T16:15:53.792+0000][629.906s][debug][safepoint     ] Safepoint synchronization initiated. (167 threads)
[2023-11-25T16:15:53.792+0000][629.907s][info ][safepoint     ] Application time: 1.0008005 seconds
[2023-11-25T16:15:53.793+0000][629.908s][info ][safepoint     ] Entering safepoint region: Cleanup
[2023-11-25T16:15:53.794+0000][629.908s][info ][safepoint     ] Leaving safepoint region
[2023-11-25T16:15:53.794+0000][629.909s][info ][safepoint     ] Total time for which application threads were stopped: 0.0012860 seconds, Stopping threads took: 0.0006024 seconds
[2023-11-25T16:15:54.795+0000][630.910s][debug][safepoint     ] Safepoint synchronization initiated. (167 threads)
[2023-11-25T16:15:54.796+0000][630.911s][info ][safepoint     ] Application time: 1.0016237 seconds
[2023-11-25T16:15:54.797+0000][630.912s][info ][safepoint     ] Entering safepoint region: Cleanup
[2023-11-25T16:15:54.799+0000][630.914s][info ][safepoint     ] Leaving safepoint region
[2023-11-25T16:15:54.800+0000][630.915s][info ][safepoint     ] Total time for which application threads were stopped: 0.0026876 seconds, Stopping threads took: 0.0011679 seconds
[2023-11-25T16:15:55.801+0000][631.916s][debug][safepoint     ] Safepoint synchronization initiated. (167 threads)
[2023-11-25T16:15:55.802+0000][631.917s][info ][safepoint     ] Application time: 1.0010776 seconds
[2023-11-25T16:15:55.802+0000][631.917s][info ][safepoint     ] Entering safepoint region: Cleanup
[2023-11-25T16:15:55.803+0000][631.918s][info ][safepoint     ] Leaving safepoint region
[2023-11-25T16:15:55.804+0000][631.919s][info ][safepoint     ] Total time for which application threads were stopped: 0.0011833 seconds, Stopping threads took: 0.0005003 seconds
[2023-11-25T16:15:56.804+0000][632.919s][debug][safepoint     ] Safepoint synchronization initiated. (167 threads)
[2023-11-25T16:15:56.806+0000][632.921s][info ][safepoint     ] Application time: 1.0014953 seconds
[2023-11-25T16:15:56.807+0000][632.922s][info ][safepoint     ] Entering safepoint region: Cleanup
[2023-11-25T16:15:56.808+0000][632.923s][info ][safepoint     ] Leaving safepoint region
[2023-11-25T16:15:56.809+0000][632.924s][info ][safepoint     ] Total time for which application threads were stopped: 0.0025199 seconds, Stopping threads took: 0.0010332 seconds
[2023-11-25T16:15:57.811+0000][633.926s][debug][safepoint     ] Safepoint synchronization initiated. (167 threads)
[2023-11-25T16:15:57.812+0000][633.927s][info ][safepoint     ] Application time: 1.0015004 seconds
[2023-11-25T16:15:57.813+0000][633.928s][info ][safepoint     ] Entering safepoint region: Cleanup
[2023-11-25T16:15:57.815+0000][633.930s][info ][safepoint     ] Leaving safepoint region
[2023-11-25T16:15:57.816+0000][633.931s][info ][safepoint     ] Total time for which application threads were stopped: 0.0026092 seconds, Stopping threads took: 0.0011794 seconds
[2023-11-25T16:15:58.817+0000][634.932s][debug][safepoint     ] Safepoint synchronization initiated. (167 threads)
[2023-11-25T16:15:58.818+0000][634.933s][info ][safepoint     ] Application time: 1.0016839 seconds
[2023-11-25T16:15:58.820+0000][634.934s][info ][safepoint     ] Entering safepoint region: Cleanup
[2023-11-25T16:15:58.821+0000][634.936s][info ][safepoint     ] Leaving safepoint region
[2023-11-25T16:15:58.822+0000][634.937s][info ][safepoint     ] Total time for which application threads were stopped: 0.0026129 seconds, Stopping threads took: 0.0010815 seconds
[2023-11-25T16:15:59.824+0000][635.938s][debug][safepoint     ] Safepoint synchronization initiated. (167 threads)
[2023-11-25T16:15:59.825+0000][635.940s][info ][safepoint     ] Application time: 1.0014255 seconds
[2023-11-25T16:15:59.826+0000][635.941s][info ][safepoint     ] Entering safepoint region: Cleanup
[2023-11-25T16:15:59.827+0000][635.942s][info ][safepoint     ] Leaving safepoint region
[2023-11-25T16:15:59.828+0000][635.943s][info ][safepoint     ] Total time for which application threads were stopped: 0.0024715 seconds, Stopping threads took: 0.0011871 seconds
[2023-11-25T16:16:00.829+0000][636.944s][debug][safepoint     ] Safepoint synchronization initiated. (167 threads)
[2023-11-25T16:16:00.830+0000][636.945s][info ][safepoint     ] Application time: 1.0014931 seconds
[2023-11-25T16:16:00.831+0000][636.946s][info ][safepoint     ] Entering safepoint region: Cleanup
[2023-11-25T16:16:00.833+0000][636.948s][info ][safepoint     ] Leaving safepoint region
[2023-11-25T16:16:00.834+0000][636.949s][info ][safepoint     ] Total time for which application threads were stopped: 0.0023607 seconds, Stopping threads took: 0.0008969 seconds
[2023-11-25T16:16:01.835+0000][637.950s][debug][safepoint     ] Safepoint synchronization initiated. (167 threads)
[2023-11-25T16:16:01.836+0000][637.951s][info ][safepoint     ] Application time: 1.0014017 seconds
[2023-11-25T16:16:01.837+0000][637.952s][info ][safepoint     ] Entering safepoint region: Cleanup
[2023-11-25T16:16:01.839+0000][637.954s][info ][safepoint     ] Leaving safepoint region
[2023-11-25T16:16:01.840+0000][637.955s][info ][safepoint     ] Total time for which application threads were stopped: 0.0023893 seconds, Stopping threads took: 0.0010081 seconds
[2023-11-25T16:16:02.841+0000][638.956s][debug][safepoint     ] Safepoint synchronization initiated. (167 threads)
[2023-11-25T16:16:02.842+0000][638.957s][info ][safepoint     ] Application time: 1.0016065 seconds
[2023-11-25T16:16:02.843+0000][638.958s][info ][safepoint     ] Entering safepoint region: Cleanup
[2023-11-25T16:16:02.845+0000][638.960s][info ][safepoint     ] Leaving safepoint region
[2023-11-25T16:16:02.846+0000][638.961s][info ][safepoint     ] Total time for which application threads were stopped: 0.0026969 seconds, Stopping threads took: 0.0012660 seconds
[2023-11-25T16:16:03.847+0000][639.962s][debug][safepoint     ] Safepoint synchronization initiated. (167 threads)
[2023-11-25T16:16:03.849+0000][639.964s][info ][safepoint     ] Application time: 1.0016054 seconds
[2023-11-25T16:16:03.850+0000][639.965s][info ][safepoint     ] Entering safepoint region: Cleanup
[2023-11-25T16:16:03.851+0000][639.966s][info ][safepoint     ] Leaving safepoint region
[2023-11-25T16:16:03.853+0000][639.967s][info ][safepoint     ] Total time for which application threads were stopped: 0.0025896 seconds, Stopping threads took: 0.0010790 seconds
[2023-11-25T16:16:04.854+0000][640.969s][debug][safepoint     ] Safepoint synchronization initiated. (167 threads)
[2023-11-25T16:16:04.855+0000][640.970s][info ][safepoint     ] Application time: 1.0017278 seconds
[2023-11-25T16:16:04.856+0000][640.971s][info ][safepoint     ] Entering safepoint region: Cleanup
[2023-11-25T16:16:04.858+0000][640.973s][info ][safepoint     ] Leaving safepoint region
[2023-11-25T16:16:04.859+0000][640.974s][info ][safepoint     ] Total time for which application threads were stopped: 0.0025374 seconds, Stopping threads took: 0.0009327 seconds
[2023-11-25T16:16:05.860+0000][641.975s][debug][safepoint     ] Safepoint synchronization initiated. (167 threads)
[2023-11-25T16:16:05.862+0000][641.976s][info ][safepoint     ] Application time: 1.0014528 seconds
[2023-11-25T16:16:05.863+0000][641.978s][info ][safepoint     ] Entering safepoint region: Cleanup
[2023-11-25T16:16:05.864+0000][641.979s][info ][safepoint     ] Leaving safepoint region
[2023-11-25T16:16:05.865+0000][641.980s][info ][safepoint     ] Total time for which application threads were stopped: 0.0025550 seconds, Stopping threads took: 0.0010822 seconds
[2023-11-25T16:16:06.866+0000][642.981s][debug][safepoint     ] Safepoint synchronization initiated. (167 threads)
[2023-11-25T16:16:06.867+0000][642.982s][info ][safepoint     ] Application time: 1.0008324 seconds
[2023-11-25T16:16:06.867+0000][642.982s][info ][safepoint     ] Entering safepoint region: Cleanup
[2023-11-25T16:16:06.868+0000][642.983s][info ][safepoint     ] Leaving safepoint region
[2023-11-25T16:16:06.869+0000][642.984s][info ][safepoint     ] Total time for which application threads were stopped: 0.0013208 seconds, Stopping threads took: 0.0006467 seconds
[2023-11-25T16:16:07.870+0000][643.984s][debug][safepoint     ] Safepoint synchronization initiated. (167 threads)
[2023-11-25T16:16:07.871+0000][643.986s][info ][safepoint     ] Application time: 1.0018452 seconds
[2023-11-25T16:16:07.872+0000][643.987s][info ][safepoint     ] Entering safepoint region: Cleanup
[2023-11-25T16:16:07.874+0000][643.989s][info ][safepoint     ] Leaving safepoint region
[2023-11-25T16:16:07.875+0000][643.990s][info ][safepoint     ] Total time for which application threads were stopped: 0.0026260 seconds, Stopping threads took: 0.0010798 seconds
[2023-11-25T16:16:08.876+0000][644.991s][debug][safepoint     ] Safepoint synchronization initiated. (167 threads)
[2023-11-25T16:16:08.877+0000][644.992s][info ][safepoint     ] Application time: 1.0012798 seconds
[2023-11-25T16:16:08.878+0000][644.993s][info ][safepoint     ] Entering safepoint region: Cleanup
[2023-11-25T16:16:08.879+0000][644.994s][info ][safepoint     ] Leaving safepoint region
[2023-11-25T16:16:08.879+0000][644.994s][info ][safepoint     ] Total time for which application threads were stopped: 0.0015787 seconds, Stopping threads took: 0.0007894 seconds
[2023-11-25T16:16:09.880+0000][645.995s][debug][safepoint     ] Safepoint synchronization initiated. (167 threads)
[2023-11-25T16:16:09.881+0000][645.996s][info ][safepoint     ] Application time: 1.0011044 seconds
[2023-11-25T16:16:09.882+0000][645.997s][info ][safepoint     ] Entering safepoint region: Cleanup
[2023-11-25T16:16:09.883+0000][645.998s][info ][safepoint     ] Leaving safepoint region
[2023-11-25T16:16:09.883+0000][645.998s][info ][safepoint     ] Total time for which application threads were stopped: 0.0011172 seconds, Stopping threads took: 0.0004440 seconds
[2023-11-25T16:16:10.884+0000][646.999s][debug][safepoint     ] Safepoint synchronization initiated. (167 threads)
[2023-11-25T16:16:10.885+0000][647.000s][info ][safepoint     ] Application time: 1.0009594 seconds
[2023-11-25T16:16:10.885+0000][647.000s][info ][safepoint     ] Entering safepoint region: Cleanup
[2023-11-25T16:16:10.886+0000][647.001s][info ][safepoint     ] Leaving safepoint region
[2023-11-25T16:16:10.887+0000][647.001s][info ][safepoint     ] Total time for which application threads were stopped: 0.0013338 seconds, Stopping threads took: 0.0006372 seconds
[2023-11-25T16:16:11.887+0000][648.002s][debug][safepoint     ] Safepoint synchronization initiated. (167 threads)
[2023-11-25T16:16:11.888+0000][648.003s][info ][safepoint     ] Application time: 1.0014662 seconds
[2023-11-25T16:16:11.890+0000][648.005s][info ][safepoint     ] Entering safepoint region: Cleanup
[2023-11-25T16:16:11.891+0000][648.006s][info ][safepoint     ] Leaving safepoint region
[2023-11-25T16:16:11.892+0000][648.007s][info ][safepoint     ] Total time for which application threads were stopped: 0.0022053 seconds, Stopping threads took: 0.0009488 seconds
[2023-11-25T16:16:12.893+0000][649.008s][debug][safepoint     ] Safepoint synchronization initiated. (167 threads)
[2023-11-25T16:16:12.895+0000][649.009s][info ][safepoint     ] Application time: 1.0017493 seconds
[2023-11-25T16:16:12.896+0000][649.011s][info ][safepoint     ] Entering safepoint region: Cleanup
[2023-11-25T16:16:12.897+0000][649.012s][info ][safepoint     ] Leaving safepoint region
[2023-11-25T16:16:12.898+0000][649.013s][info ][safepoint     ] Total time for which application threads were stopped: 0.0025993 seconds, Stopping threads took: 0.0011030 seconds
[2023-11-25T16:16:13.900+0000][650.015s][debug][safepoint     ] Safepoint synchronization initiated. (167 threads)
[2023-11-25T16:16:13.901+0000][650.015s][info ][safepoint     ] Application time: 1.0011670 seconds
[2023-11-25T16:16:13.902+0000][650.016s][info ][safepoint     ] Entering safepoint region: Cleanup
[2023-11-25T16:16:13.903+0000][650.017s][info ][safepoint     ] Leaving safepoint region
[2023-11-25T16:16:13.903+0000][650.018s][info ][safepoint     ] Total time for which application threads were stopped: 0.0018125 seconds, Stopping threads took: 0.0007362 seconds
[2023-11-25T16:16:14.904+0000][651.019s][debug][safepoint     ] Safepoint synchronization initiated. (167 threads)
[2023-11-25T16:16:14.905+0000][651.019s][info ][safepoint     ] Application time: 1.0006362 seconds
[2023-11-25T16:16:14.905+0000][651.020s][info ][safepoint     ] Entering safepoint region: Cleanup
[2023-11-25T16:16:14.906+0000][651.021s][info ][safepoint     ] Leaving safepoint region
[2023-11-25T16:16:14.906+0000][651.021s][info ][safepoint     ] Total time for which application threads were stopped: 0.0012930 seconds, Stopping threads took: 0.0005717 seconds
[2023-11-25T16:16:15.907+0000][652.022s][debug][safepoint     ] Safepoint synchronization initiated. (167 threads)
[2023-11-25T16:16:15.909+0000][652.024s][info ][safepoint     ] Application time: 1.0016556 seconds
[2023-11-25T16:16:15.910+0000][652.025s][info ][safepoint     ] Entering safepoint region: Cleanup
[2023-11-25T16:16:15.912+0000][652.026s][info ][safepoint     ] Leaving safepoint region
[2023-11-25T16:16:15.913+0000][652.028s][info ][safepoint     ] Total time for which application threads were stopped: 0.0026896 seconds, Stopping threads took: 0.0012014 seconds
[2023-11-25T16:16:16.914+0000][653.029s][debug][safepoint     ] Safepoint synchronization initiated. (167 threads)
[2023-11-25T16:16:16.915+0000][653.030s][info ][safepoint     ] Application time: 1.0015562 seconds
[2023-11-25T16:16:16.917+0000][653.032s][info ][safepoint     ] Entering safepoint region: Cleanup
[2023-11-25T16:16:16.918+0000][653.033s][info ][safepoint     ] Leaving safepoint region
[2023-11-25T16:16:16.919+0000][653.034s][info ][safepoint     ] Total time for which application threads were stopped: 0.0025831 seconds, Stopping threads took: 0.0010866 seconds
[2023-11-25T16:16:17.920+0000][654.035s][debug][safepoint     ] Safepoint synchronization initiated. (167 threads)
[2023-11-25T16:16:17.922+0000][654.037s][info ][safepoint     ] Application time: 1.0015768 seconds
[2023-11-25T16:16:17.923+0000][654.038s][info ][safepoint     ] Entering safepoint region: Cleanup
[2023-11-25T16:16:17.924+0000][654.039s][info ][safepoint     ] Leaving safepoint region
[2023-11-25T16:16:17.925+0000][654.040s][info ][safepoint     ] Total time for which application threads were stopped: 0.0026912 seconds, Stopping threads took: 0.0011574 seconds
[2023-11-25T16:16:18.927+0000][655.042s][debug][safepoint     ] Safepoint synchronization initiated. (167 threads)
[2023-11-25T16:16:18.928+0000][655.043s][info ][safepoint     ] Application time: 1.0015305 seconds
[2023-11-25T16:16:18.929+0000][655.044s][info ][safepoint     ] Entering safepoint region: Cleanup
[2023-11-25T16:16:18.931+0000][655.046s][info ][safepoint     ] Leaving safepoint region
[2023-11-25T16:16:18.932+0000][655.047s][info ][safepoint     ] Total time for which application threads were stopped: 0.0027651 seconds, Stopping threads took: 0.0011019 seconds
[2023-11-25T16:16:19.933+0000][656.048s][debug][safepoint     ] Safepoint synchronization initiated. (167 threads)
[2023-11-25T16:16:19.934+0000][656.049s][info ][safepoint     ] Application time: 1.0007427 seconds
[2023-11-25T16:16:19.935+0000][656.050s][info ][safepoint     ] Entering safepoint region: Cleanup
[2023-11-25T16:16:19.936+0000][656.051s][info ][safepoint     ] Leaving safepoint region
[2023-11-25T16:16:19.937+0000][656.052s][info ][safepoint     ] Total time for which application threads were stopped: 0.0016826 seconds, Stopping threads took: 0.0007604 seconds
[2023-11-25T16:16:20.937+0000][657.052s][debug][safepoint     ] Safepoint synchronization initiated. (167 threads)
[2023-11-25T16:16:20.938+0000][657.053s][info ][safepoint     ] Application time: 1.0009506 seconds
[2023-11-25T16:16:20.939+0000][657.054s][info ][safepoint     ] Entering safepoint region: Cleanup
[2023-11-25T16:16:20.939+0000][657.054s][info ][safepoint     ] Leaving safepoint region
[2023-11-25T16:16:20.940+0000][657.055s][info ][safepoint     ] Total time for which application threads were stopped: 0.0014098 seconds, Stopping threads took: 0.0005065 seconds
[2023-11-25T16:16:24.942+0000][661.057s][debug][safepoint     ] Safepoint synchronization initiated. (167 threads)
[2023-11-25T16:16:24.943+0000][661.058s][info ][safepoint     ] Application time: 4.0022640 seconds
[2023-11-25T16:16:24.944+0000][661.059s][info ][safepoint     ] Entering safepoint region: Cleanup
[2023-11-25T16:16:24.946+0000][661.060s][info ][safepoint     ] Leaving safepoint region
[2023-11-25T16:16:24.946+0000][661.061s][info ][safepoint     ] Total time for which application threads were stopped: 0.0022845 seconds, Stopping threads took: 0.0009539 seconds
[2023-11-25T16:16:46.953+0000][683.068s][debug][safepoint     ] Safepoint synchronization initiated. (167 threads)
[2023-11-25T16:16:46.954+0000][683.069s][info ][safepoint     ] Application time: 22.0066312 seconds
[2023-11-25T16:16:46.955+0000][683.070s][info ][safepoint     ] Entering safepoint region: Cleanup
[2023-11-25T16:16:46.956+0000][683.070s][info ][safepoint     ] Leaving safepoint region
[2023-11-25T16:16:46.957+0000][683.072s][info ][safepoint     ] Total time for which application threads were stopped: 0.0020247 seconds, Stopping threads took: 0.0005830 seconds
[2023-11-25T16:17:03.113+0000][699.228s][debug][safepoint     ] Safepoint synchronization initiated. (167 threads)
[2023-11-25T16:17:03.113+0000][699.228s][info ][safepoint     ] Application time: 16.1560645 seconds
[2023-11-25T16:17:03.114+0000][699.229s][info ][safepoint     ] Entering safepoint region: G1CollectForAllocation
[2023-11-25T16:17:03.115+0000][699.230s][info ][gc,start      ] GC(70) Pause Young (Normal) (G1 Evacuation Pause)
[2023-11-25T16:17:03.115+0000][699.230s][info ][gc,task       ] GC(70) Using 8 workers of 8 for evacuation
[2023-11-25T16:17:03.134+0000][699.249s][info ][gc,phases     ] GC(70)   Pre Evacuate Collection Set: 0.1ms
[2023-11-25T16:17:03.135+0000][699.250s][info ][gc,phases     ] GC(70)   Evacuate Collection Set: 14.3ms
[2023-11-25T16:17:03.135+0000][699.250s][info ][gc,phases     ] GC(70)   Post Evacuate Collection Set: 4.0ms
[2023-11-25T16:17:03.136+0000][699.251s][info ][gc,phases     ] GC(70)   Other: 1.2ms
[2023-11-25T16:17:03.136+0000][699.251s][info ][gc,heap       ] GC(70) Eden regions: 231->0(232)
[2023-11-25T16:17:03.137+0000][699.251s][info ][gc,heap       ] GC(70) Survivor regions: 16->16(31)
[2023-11-25T16:17:03.137+0000][699.252s][info ][gc,heap       ] GC(70) Old regions: 153->153
[2023-11-25T16:17:03.138+0000][699.252s][info ][gc,heap       ] GC(70) Humongous regions: 0->0
[2023-11-25T16:17:03.138+0000][699.253s][info ][gc,metaspace  ] GC(70) Metaspace: 178417K(192424K)->178417K(192424K) NonClass: 157709K(168916K)->157709K(168916K) Class: 20707K(23508K)->20707K(23508K)
[2023-11-25T16:17:03.139+0000][699.253s][info ][gc            ] GC(70) Pause Young (Normal) (G1 Evacuation Pause) 398M->167M(470M) 23.888ms
[2023-11-25T16:17:03.139+0000][699.254s][info ][gc,cpu        ] GC(70) User=0.12s Sys=0.02s Real=0.02s
[2023-11-25T16:17:03.140+0000][699.255s][info ][safepoint     ] Leaving safepoint region
[2023-11-25T16:17:03.140+0000][699.255s][info ][safepoint     ] Total time for which application threads were stopped: 0.0263518 seconds, Stopping threads took: 0.0005650 seconds
[2023-11-25T16:17:03.141+0000][699.256s][info ][gc,stringdedup] Concurrent String Deduplication (699.256s)
[2023-11-25T16:17:03.143+0000][699.258s][info ][gc,stringdedup] Concurrent String Deduplication 175.0K->68392.0B(108.2K) avg 52.8% (699.256s, 699.258s) 2.048ms
[2023-11-25T16:17:21.145+0000][717.260s][debug][safepoint     ] Safepoint synchronization initiated. (167 threads)
[2023-11-25T16:17:21.145+0000][717.260s][info ][safepoint     ] Application time: 18.0047780 seconds
[2023-11-25T16:17:21.146+0000][717.261s][debug][safepoint     ] ... found polling page return exception at pc = 0x00007fe2d0ad5662, stub =0x00007fe2c8840600
[2023-11-25T16:17:21.146+0000][717.261s][debug][safepoint     ] Waiting for 1 thread(s) to block
[2023-11-25T16:17:21.147+0000][717.261s][info ][safepoint     ] Entering safepoint region: Cleanup
[2023-11-25T16:17:21.147+0000][717.262s][info ][safepoint     ] Leaving safepoint region
[2023-11-25T16:17:21.147+0000][717.262s][info ][safepoint     ] Total time for which application threads were stopped: 0.0015217 seconds, Stopping threads took: 0.0011087 seconds
[2023-11-25T16:17:25.148+0000][721.263s][debug][safepoint     ] Safepoint synchronization initiated. (167 threads)
[2023-11-25T16:17:25.149+0000][721.264s][info ][safepoint     ] Application time: 4.0014705 seconds
[2023-11-25T16:17:25.149+0000][721.264s][info ][safepoint     ] Entering safepoint region: Cleanup
[2023-11-25T16:17:25.150+0000][721.265s][info ][safepoint     ] Leaving safepoint region
[2023-11-25T16:17:25.152+0000][721.267s][info ][safepoint     ] Total time for which application threads were stopped: 0.0022267 seconds, Stopping threads took: 0.0005083 seconds
[2023-11-25T16:17:37.155+0000][733.270s][debug][safepoint     ] Safepoint synchronization initiated. (167 threads)
[2023-11-25T16:17:37.156+0000][733.271s][info ][safepoint     ] Application time: 12.0037681 seconds
[2023-11-25T16:17:37.156+0000][733.271s][info ][safepoint     ] Entering safepoint region: Cleanup
[2023-11-25T16:17:37.157+0000][733.272s][info ][safepoint     ] Leaving safepoint region
[2023-11-25T16:17:37.157+0000][733.272s][info ][safepoint     ] Total time for which application threads were stopped: 0.0010380 seconds, Stopping threads took: 0.0004093 seconds
[2023-11-25T16:18:20.166+0000][776.281s][debug][safepoint     ] Safepoint synchronization initiated. (167 threads)
[2023-11-25T16:18:20.167+0000][776.281s][info ][safepoint     ] Application time: 43.0087117 seconds
[2023-11-25T16:18:20.167+0000][776.282s][info ][safepoint     ] Entering safepoint region: Cleanup
[2023-11-25T16:18:20.167+0000][776.282s][info ][safepoint     ] Leaving safepoint region
[2023-11-25T16:18:20.168+0000][776.282s][info ][safepoint     ] Total time for which application threads were stopped: 0.0007129 seconds, Stopping threads took: 0.0003125 seconds
[2023-11-25T16:18:21.168+0000][777.283s][debug][safepoint     ] Safepoint synchronization initiated. (167 threads)
[2023-11-25T16:18:21.169+0000][777.284s][info ][safepoint     ] Application time: 1.0007473 seconds
[2023-11-25T16:18:21.169+0000][777.284s][info ][safepoint     ] Entering safepoint region: Cleanup
[2023-11-25T16:18:21.170+0000][777.285s][info ][safepoint     ] Leaving safepoint region
[2023-11-25T16:18:21.171+0000][777.286s][info ][safepoint     ] Total time for which application threads were stopped: 0.0018437 seconds, Stopping threads took: 0.0010979 seconds
[2023-11-25T16:18:40.176+0000][796.291s][debug][safepoint     ] Safepoint synchronization initiated. (167 threads)
[2023-11-25T16:18:40.176+0000][796.291s][info ][safepoint     ] Application time: 19.0047807 seconds
[2023-11-25T16:18:40.177+0000][796.292s][info ][safepoint     ] Entering safepoint region: Cleanup
[2023-11-25T16:18:40.177+0000][796.292s][info ][safepoint     ] Leaving safepoint region
[2023-11-25T16:18:40.178+0000][796.292s][info ][safepoint     ] Total time for which application threads were stopped: 0.0009257 seconds, Stopping threads took: 0.0003977 seconds
[2023-11-25T16:18:52.180+0000][808.295s][debug][safepoint     ] Safepoint synchronization initiated. (167 threads)
[2023-11-25T16:18:52.181+0000][808.296s][info ][safepoint     ] Application time: 12.0029782 seconds
[2023-11-25T16:18:52.182+0000][808.296s][info ][safepoint     ] Entering safepoint region: Cleanup
[2023-11-25T16:18:52.183+0000][808.297s][info ][safepoint     ] Leaving safepoint region
[2023-11-25T16:18:52.183+0000][808.298s][info ][safepoint     ] Total time for which application threads were stopped: 0.0013595 seconds, Stopping threads took: 0.0007190 seconds
[2023-11-25T16:19:25.191+0000][841.306s][debug][safepoint     ] Safepoint synchronization initiated. (167 threads)
[2023-11-25T16:19:25.193+0000][841.307s][info ][safepoint     ] Application time: 33.0092589 seconds
[2023-11-25T16:19:25.194+0000][841.308s][info ][safepoint     ] Entering safepoint region: Cleanup
[2023-11-25T16:19:25.195+0000][841.310s][info ][safepoint     ] Leaving safepoint region
[2023-11-25T16:19:25.196+0000][841.311s][info ][safepoint     ] Total time for which application threads were stopped: 0.0025698 seconds, Stopping threads took: 0.0010852 seconds
[2023-11-25T16:20:25.213+0000][901.327s][debug][safepoint     ] Safepoint synchronization initiated. (167 threads)
[2023-11-25T16:20:25.214+0000][901.328s][info ][safepoint     ] Application time: 60.0165669 seconds
[2023-11-25T16:20:25.215+0000][901.329s][info ][safepoint     ] Entering safepoint region: Cleanup
[2023-11-25T16:20:25.216+0000][901.331s][info ][safepoint     ] Leaving safepoint region
[2023-11-25T16:20:25.217+0000][901.332s][info ][safepoint     ] Total time for which application threads were stopped: 0.0024217 seconds, Stopping threads took: 0.0010330 seconds
[2023-11-25T16:20:36.220+0000][912.335s][debug][safepoint     ] Safepoint synchronization initiated. (167 threads)
[2023-11-25T16:20:36.222+0000][912.336s][info ][safepoint     ] Application time: 11.0034800 seconds
[2023-11-25T16:20:36.223+0000][912.337s][info ][safepoint     ] Entering safepoint region: Cleanup
[2023-11-25T16:20:36.225+0000][912.339s][info ][safepoint     ] Leaving safepoint region
[2023-11-25T16:20:36.225+0000][912.340s][info ][safepoint     ] Total time for which application threads were stopped: 0.0028452 seconds, Stopping threads took: 0.0012742 seconds
[2023-11-25T16:21:21.237+0000][957.351s][debug][safepoint     ] Safepoint synchronization initiated. (167 threads)
[2023-11-25T16:21:21.238+0000][957.352s][info ][safepoint     ] Application time: 45.0117450 seconds
[2023-11-25T16:21:21.239+0000][957.353s][info ][safepoint     ] Entering safepoint region: Cleanup
[2023-11-25T16:21:21.240+0000][957.354s][info ][safepoint     ] Leaving safepoint region
[2023-11-25T16:21:21.241+0000][957.355s][info ][safepoint     ] Total time for which application threads were stopped: 0.0021264 seconds, Stopping threads took: 0.0008954 seconds
[2023-11-25T16:21:25.243+0000][961.357s][debug][safepoint     ] Safepoint synchronization initiated. (167 threads)
[2023-11-25T16:21:25.243+0000][961.358s][info ][safepoint     ] Application time: 4.0019367 seconds
[2023-11-25T16:21:25.244+0000][961.358s][info ][safepoint     ] Entering safepoint region: Cleanup
[2023-11-25T16:21:25.246+0000][961.360s][info ][safepoint     ] Leaving safepoint region
[2023-11-25T16:21:25.246+0000][961.361s][info ][safepoint     ] Total time for which application threads were stopped: 0.0021224 seconds, Stopping threads took: 0.0008514 seconds
[2023-11-25T16:21:25.980+0000][962.095s][debug][safepoint     ] Safepoint synchronization initiated. (167 threads)
[2023-11-25T16:21:25.981+0000][962.095s][info ][safepoint     ] Application time: 0.7336574 seconds
[2023-11-25T16:21:25.982+0000][962.096s][info ][safepoint     ] Entering safepoint region: G1CollectForAllocation
[2023-11-25T16:21:25.984+0000][962.098s][info ][gc,start      ] GC(71) Pause Young (Normal) (G1 Evacuation Pause)
[2023-11-25T16:21:25.985+0000][962.099s][info ][gc,task       ] GC(71) Using 8 workers of 8 for evacuation
[2023-11-25T16:21:26.002+0000][962.116s][info ][gc,phases     ] GC(71)   Pre Evacuate Collection Set: 0.1ms
[2023-11-25T16:21:26.003+0000][962.117s][info ][gc,phases     ] GC(71)   Evacuate Collection Set: 10.8ms
[2023-11-25T16:21:26.003+0000][962.117s][info ][gc,phases     ] GC(71)   Post Evacuate Collection Set: 5.4ms
[2023-11-25T16:21:26.004+0000][962.118s][info ][gc,phases     ] GC(71)   Other: 1.8ms
[2023-11-25T16:21:26.004+0000][962.118s][info ][gc,heap       ] GC(71) Eden regions: 232->0(234)
[2023-11-25T16:21:26.004+0000][962.118s][info ][gc,heap       ] GC(71) Survivor regions: 16->16(31)
[2023-11-25T16:21:26.005+0000][962.119s][info ][gc,heap       ] GC(71) Old regions: 153->153
[2023-11-25T16:21:26.005+0000][962.119s][info ][gc,heap       ] GC(71) Humongous regions: 0->0
[2023-11-25T16:21:26.006+0000][962.120s][info ][gc,metaspace  ] GC(71) Metaspace: 178559K(192424K)->178559K(192424K) NonClass: 157849K(168916K)->157849K(168916K) Class: 20709K(23508K)->20709K(23508K)
[2023-11-25T16:21:26.006+0000][962.120s][info ][gc            ] GC(71) Pause Young (Normal) (G1 Evacuation Pause) 399M->167M(470M) 21.979ms
[2023-11-25T16:21:26.007+0000][962.121s][info ][gc,cpu        ] GC(71) User=0.11s Sys=0.00s Real=0.03s
[2023-11-25T16:21:26.007+0000][962.121s][info ][safepoint     ] Leaving safepoint region
[2023-11-25T16:21:26.008+0000][962.122s][info ][safepoint     ] Total time for which application threads were stopped: 0.0254999 seconds, Stopping threads took: 0.0011163 seconds
[2023-11-25T16:21:26.008+0000][962.122s][info ][gc,stringdedup] Concurrent String Deduplication (962.122s)
[2023-11-25T16:21:26.009+0000][962.123s][info ][gc,stringdedup] Concurrent String Deduplication 608.0B->560.0B(48.0B) avg 52.8% (962.122s, 962.123s) 0.432ms
[2023-11-25T16:21:33.010+0000][969.124s][debug][safepoint     ] Safepoint synchronization initiated. (167 threads)
[2023-11-25T16:21:33.010+0000][969.124s][info ][safepoint     ] Application time: 7.0022343 seconds
[2023-11-25T16:21:33.011+0000][969.125s][info ][safepoint     ] Entering safepoint region: Cleanup
[2023-11-25T16:21:33.012+0000][969.126s][info ][safepoint     ] Leaving safepoint region
[2023-11-25T16:21:33.012+0000][969.126s][info ][safepoint     ] Total time for which application threads were stopped: 0.0011627 seconds, Stopping threads took: 0.0005292 seconds
[2023-11-25T16:22:07.009+0000][1003.135s][debug][safepoint     ] Safepoint synchronization initiated. (167 threads)
[2023-11-25T16:22:07.010+0000][1003.136s][info ][safepoint     ] Application time: 34.0091631 seconds
[2023-11-25T16:22:07.011+0000][1003.137s][info ][safepoint     ] Entering safepoint region: Cleanup
[2023-11-25T16:22:07.011+0000][1003.137s][info ][safepoint     ] Leaving safepoint region
[2023-11-25T16:22:07.012+0000][1003.138s][info ][safepoint     ] Total time for which application threads were stopped: 0.0011604 seconds, Stopping threads took: 0.0005217 seconds
[2023-11-25T16:22:21.008+0000][1017.141s][debug][safepoint     ] Safepoint synchronization initiated. (167 threads)
[2023-11-25T16:22:21.009+0000][1017.141s][info ][safepoint     ] Application time: 14.0033114 seconds
[2023-11-25T16:22:21.010+0000][1017.142s][info ][safepoint     ] Entering safepoint region: Cleanup
[2023-11-25T16:22:21.011+0000][1017.143s][info ][safepoint     ] Leaving safepoint region
[2023-11-25T16:22:21.013+0000][1017.145s][info ][safepoint     ] Total time for which application threads were stopped: 0.0027776 seconds, Stopping threads took: 0.0005080 seconds
[2023-11-25T16:22:25.014+0000][1021.146s][debug][safepoint     ] Safepoint synchronization initiated. (170 threads)
[2023-11-25T16:22:25.015+0000][1021.147s][info ][safepoint     ] Application time: 4.0016210 seconds
[2023-11-25T16:22:25.016+0000][1021.148s][info ][safepoint     ] Entering safepoint region: Cleanup
[2023-11-25T16:22:25.016+0000][1021.149s][info ][safepoint     ] Leaving safepoint region
[2023-11-25T16:22:25.017+0000][1021.150s][info ][safepoint     ] Total time for which application threads were stopped: 0.0018115 seconds, Stopping threads took: 0.0006444 seconds
[2023-11-25T16:22:30.020+0000][1026.152s][debug][safepoint     ] Safepoint synchronization initiated. (169 threads)
[2023-11-25T16:22:30.021+0000][1026.153s][info ][safepoint     ] Application time: 5.0018402 seconds
[2023-11-25T16:22:30.021+0000][1026.154s][info ][safepoint     ] Entering safepoint region: Cleanup
[2023-11-25T16:22:30.022+0000][1026.155s][info ][safepoint     ] Leaving safepoint region
[2023-11-25T16:22:30.023+0000][1026.155s][info ][safepoint     ] Total time for which application threads were stopped: 0.0014478 seconds, Stopping threads took: 0.0006856 seconds
[2023-11-25T16:22:35.024+0000][1031.157s][debug][safepoint     ] Safepoint synchronization initiated. (172 threads)
[2023-11-25T16:22:35.025+0000][1031.157s][info ][safepoint     ] Application time: 5.0018475 seconds
[2023-11-25T16:22:35.026+0000][1031.158s][info ][safepoint     ] Entering safepoint region: Cleanup
[2023-11-25T16:22:35.027+0000][1031.160s][info ][safepoint     ] Leaving safepoint region
[2023-11-25T16:22:35.028+0000][1031.161s][info ][safepoint     ] Total time for which application threads were stopped: 0.0025788 seconds, Stopping threads took: 0.0006330 seconds
[2023-11-25T16:22:36.029+0000][1032.161s][debug][safepoint     ] Safepoint synchronization initiated. (170 threads)
[2023-11-25T16:22:36.030+0000][1032.163s][info ][safepoint     ] Application time: 1.0017994 seconds
[2023-11-25T16:22:36.032+0000][1032.164s][info ][safepoint     ] Entering safepoint region: Cleanup
[2023-11-25T16:22:36.033+0000][1032.165s][info ][safepoint     ] Leaving safepoint region
[2023-11-25T16:22:36.034+0000][1032.166s][info ][safepoint     ] Total time for which application threads were stopped: 0.0025603 seconds, Stopping threads took: 0.0010507 seconds
[2023-11-25T16:22:37.035+0000][1033.167s][debug][safepoint     ] Safepoint synchronization initiated. (172 threads)
[2023-11-25T16:22:37.035+0000][1033.168s][info ][safepoint     ] Application time: 1.0006371 seconds
[2023-11-25T16:22:37.036+0000][1033.168s][info ][safepoint     ] Entering safepoint region: Cleanup
[2023-11-25T16:22:37.037+0000][1033.169s][info ][safepoint     ] Leaving safepoint region
[2023-11-25T16:22:37.037+0000][1033.169s][info ][safepoint     ] Total time for which application threads were stopped: 0.0011388 seconds, Stopping threads took: 0.0004762 seconds
[2023-11-25T16:22:40.038+0000][1036.170s][debug][safepoint     ] Safepoint synchronization initiated. (172 threads)
[2023-11-25T16:22:40.039+0000][1036.171s][info ][safepoint     ] Application time: 3.0012802 seconds
[2023-11-25T16:22:40.039+0000][1036.171s][info ][safepoint     ] Entering safepoint region: Cleanup
[2023-11-25T16:22:40.040+0000][1036.172s][info ][safepoint     ] Leaving safepoint region
[2023-11-25T16:22:40.041+0000][1036.173s][info ][safepoint     ] Total time for which application threads were stopped: 0.0017934 seconds, Stopping threads took: 0.0004863 seconds
[2023-11-25T16:22:41.042+0000][1037.175s][debug][safepoint     ] Safepoint synchronization initiated. (173 threads)
[2023-11-25T16:22:41.043+0000][1037.175s][info ][safepoint     ] Application time: 1.0007692 seconds
[2023-11-25T16:22:41.043+0000][1037.176s][info ][safepoint     ] Entering safepoint region: Cleanup
[2023-11-25T16:22:41.044+0000][1037.176s][info ][safepoint     ] Leaving safepoint region
[2023-11-25T16:22:41.044+0000][1037.177s][info ][safepoint     ] Total time for which application threads were stopped: 0.0011030 seconds, Stopping threads took: 0.0004515 seconds
[2023-11-25T16:22:43.045+0000][1039.178s][debug][safepoint     ] Safepoint synchronization initiated. (173 threads)
[2023-11-25T16:22:43.046+0000][1039.178s][info ][safepoint     ] Application time: 2.0011713 seconds
[2023-11-25T16:22:43.047+0000][1039.179s][info ][safepoint     ] Entering safepoint region: Cleanup
[2023-11-25T16:22:43.047+0000][1039.180s][info ][safepoint     ] Leaving safepoint region
[2023-11-25T16:22:43.048+0000][1039.180s][info ][safepoint     ] Total time for which application threads were stopped: 0.0012271 seconds, Stopping threads took: 0.0005508 seconds
[2023-11-25T16:22:44.048+0000][1040.181s][debug][safepoint     ] Safepoint synchronization initiated. (174 threads)
[2023-11-25T16:22:44.049+0000][1040.182s][info ][safepoint     ] Application time: 1.0011361 seconds
[2023-11-25T16:22:44.050+0000][1040.182s][info ][safepoint     ] Entering safepoint region: Cleanup
[2023-11-25T16:22:44.051+0000][1040.183s][info ][safepoint     ] Leaving safepoint region
[2023-11-25T16:22:44.052+0000][1040.184s][info ][safepoint     ] Total time for which application threads were stopped: 0.0013940 seconds, Stopping threads took: 0.0005628 seconds
[2023-11-25T16:22:45.052+0000][1041.184s][debug][safepoint     ] Safepoint synchronization initiated. (174 threads)
[2023-11-25T16:22:45.053+0000][1041.185s][info ][safepoint     ] Application time: 1.0010751 seconds
[2023-11-25T16:22:45.054+0000][1041.186s][info ][safepoint     ] Entering safepoint region: Cleanup
[2023-11-25T16:22:45.055+0000][1041.187s][info ][safepoint     ] Leaving safepoint region
[2023-11-25T16:22:45.055+0000][1041.187s][debug][safepoint     ] ... found polling page return exception at pc = 0x00007fe2d0d604c4, stub =0x00007fe2c8840600
[2023-11-25T16:22:45.055+0000][1041.187s][info ][safepoint     ] Total time for which application threads were stopped: 0.0016846 seconds, Stopping threads took: 0.0010153 seconds
[2023-11-25T16:22:46.056+0000][1042.188s][debug][safepoint     ] Safepoint synchronization initiated. (174 threads)
[2023-11-25T16:22:46.057+0000][1042.190s][info ][safepoint     ] Application time: 1.0014930 seconds
[2023-11-25T16:22:46.059+0000][1042.191s][info ][safepoint     ] Entering safepoint region: Cleanup
[2023-11-25T16:22:46.060+0000][1042.192s][info ][safepoint     ] Leaving safepoint region
[2023-11-25T16:22:46.061+0000][1042.193s][info ][safepoint     ] Total time for which application threads were stopped: 0.0024107 seconds, Stopping threads took: 0.0010955 seconds
[2023-11-25T16:22:47.062+0000][1043.194s][debug][safepoint     ] Safepoint synchronization initiated. (175 threads)
[2023-11-25T16:22:47.062+0000][1043.195s][info ][safepoint     ] Application time: 1.0008898 seconds
[2023-11-25T16:22:47.063+0000][1043.195s][info ][safepoint     ] Entering safepoint region: Cleanup
[2023-11-25T16:22:47.063+0000][1043.196s][info ][safepoint     ] Leaving safepoint region
[2023-11-25T16:22:47.064+0000][1043.196s][info ][safepoint     ] Total time for which application threads were stopped: 0.0010462 seconds, Stopping threads took: 0.0004831 seconds
[2023-11-25T16:22:48.064+0000][1044.197s][debug][safepoint     ] Safepoint synchronization initiated. (175 threads)
[2023-11-25T16:22:48.065+0000][1044.198s][info ][safepoint     ] Application time: 1.0010362 seconds
[2023-11-25T16:22:48.066+0000][1044.198s][info ][safepoint     ] Entering safepoint region: Cleanup
[2023-11-25T16:22:48.067+0000][1044.199s][info ][safepoint     ] Leaving safepoint region
[2023-11-25T16:22:48.067+0000][1044.200s][info ][safepoint     ] Total time for which application threads were stopped: 0.0017555 seconds, Stopping threads took: 0.0010508 seconds
[2023-11-25T16:22:49.068+0000][1045.200s][debug][safepoint     ] Safepoint synchronization initiated. (175 threads)
[2023-11-25T16:22:49.069+0000][1045.201s][info ][safepoint     ] Application time: 1.0009970 seconds
[2023-11-25T16:22:49.069+0000][1045.202s][info ][safepoint     ] Entering safepoint region: Cleanup
[2023-11-25T16:22:49.070+0000][1045.202s][info ][safepoint     ] Leaving safepoint region
[2023-11-25T16:22:49.070+0000][1045.203s][info ][safepoint     ] Total time for which application threads were stopped: 0.0012491 seconds, Stopping threads took: 0.0005993 seconds
[2023-11-25T16:22:50.071+0000][1046.204s][debug][safepoint     ] Safepoint synchronization initiated. (175 threads)
[2023-11-25T16:22:50.072+0000][1046.205s][info ][safepoint     ] Application time: 1.0014752 seconds
[2023-11-25T16:22:50.073+0000][1046.206s][info ][safepoint     ] Entering safepoint region: Cleanup
[2023-11-25T16:22:50.075+0000][1046.207s][info ][safepoint     ] Leaving safepoint region
[2023-11-25T16:22:50.076+0000][1046.209s][info ][safepoint     ] Total time for which application threads were stopped: 0.0026239 seconds, Stopping threads took: 0.0010761 seconds
[2023-11-25T16:22:51.077+0000][1047.210s][debug][safepoint     ] Safepoint synchronization initiated. (175 threads)
[2023-11-25T16:22:51.079+0000][1047.211s][info ][safepoint     ] Application time: 1.0016470 seconds
[2023-11-25T16:22:51.080+0000][1047.212s][info ][safepoint     ] Entering safepoint region: Cleanup
[2023-11-25T16:22:51.082+0000][1047.215s][info ][safepoint     ] Leaving safepoint region
[2023-11-25T16:22:51.083+0000][1047.216s][info ][safepoint     ] Total time for which application threads were stopped: 0.0036793 seconds, Stopping threads took: 0.0018811 seconds
[2023-11-25T16:22:52.085+0000][1048.217s][debug][safepoint     ] Safepoint synchronization initiated. (175 threads)
[2023-11-25T16:22:52.086+0000][1048.218s][info ][safepoint     ] Application time: 1.0012314 seconds
[2023-11-25T16:22:52.086+0000][1048.219s][info ][safepoint     ] Entering safepoint region: Cleanup
[2023-11-25T16:22:52.087+0000][1048.220s][info ][safepoint     ] Leaving safepoint region
[2023-11-25T16:22:52.088+0000][1048.221s][info ][safepoint     ] Total time for which application threads were stopped: 0.0021482 seconds, Stopping threads took: 0.0005960 seconds
[2023-11-25T16:22:53.089+0000][1049.222s][debug][safepoint     ] Safepoint synchronization initiated. (175 threads)
[2023-11-25T16:22:53.091+0000][1049.223s][info ][safepoint     ] Application time: 1.0015877 seconds
[2023-11-25T16:22:53.092+0000][1049.224s][info ][safepoint     ] Entering safepoint region: Cleanup
[2023-11-25T16:22:53.093+0000][1049.226s][info ][safepoint     ] Leaving safepoint region
[2023-11-25T16:22:53.094+0000][1049.227s][info ][safepoint     ] Total time for which application threads were stopped: 0.0027925 seconds, Stopping threads took: 0.0012290 seconds
[2023-11-25T16:22:54.096+0000][1050.228s][debug][safepoint     ] Safepoint synchronization initiated. (175 threads)
[2023-11-25T16:22:54.096+0000][1050.228s][info ][safepoint     ] Application time: 1.0005096 seconds
[2023-11-25T16:22:54.097+0000][1050.229s][info ][safepoint     ] Entering safepoint region: Cleanup
[2023-11-25T16:22:54.097+0000][1050.230s][info ][safepoint     ] Leaving safepoint region
[2023-11-25T16:22:54.098+0000][1050.230s][info ][safepoint     ] Total time for which application threads were stopped: 0.0011853 seconds, Stopping threads took: 0.0005210 seconds
[2023-11-25T16:22:55.098+0000][1051.231s][debug][safepoint     ] Safepoint synchronization initiated. (175 threads)
[2023-11-25T16:22:55.099+0000][1051.231s][info ][safepoint     ] Application time: 1.0008105 seconds
[2023-11-25T16:22:55.099+0000][1051.232s][info ][safepoint     ] Entering safepoint region: Cleanup
[2023-11-25T16:22:55.100+0000][1051.232s][info ][safepoint     ] Leaving safepoint region
[2023-11-25T16:22:55.100+0000][1051.233s][info ][safepoint     ] Total time for which application threads were stopped: 0.0011290 seconds, Stopping threads took: 0.0004595 seconds
[2023-11-25T16:22:56.101+0000][1052.234s][debug][safepoint     ] Safepoint synchronization initiated. (175 threads)
[2023-11-25T16:22:56.102+0000][1052.234s][info ][safepoint     ] Application time: 1.0010227 seconds
[2023-11-25T16:22:56.103+0000][1052.235s][info ][safepoint     ] Entering safepoint region: Cleanup
[2023-11-25T16:22:56.103+0000][1052.236s][info ][safepoint     ] Leaving safepoint region
[2023-11-25T16:22:56.104+0000][1052.236s][info ][safepoint     ] Total time for which application threads were stopped: 0.0012605 seconds, Stopping threads took: 0.0005844 seconds
[2023-11-25T16:22:57.104+0000][1053.237s][debug][safepoint     ] Safepoint synchronization initiated. (175 threads)
[2023-11-25T16:22:57.105+0000][1053.238s][info ][safepoint     ] Application time: 1.0008576 seconds
[2023-11-25T16:22:57.107+0000][1053.239s][info ][safepoint     ] Entering safepoint region: Cleanup
[2023-11-25T16:22:57.107+0000][1053.240s][info ][safepoint     ] Leaving safepoint region
[2023-11-25T16:22:57.108+0000][1053.240s][info ][safepoint     ] Total time for which application threads were stopped: 0.0013032 seconds, Stopping threads took: 0.0005866 seconds
[2023-11-25T16:22:58.109+0000][1054.241s][debug][safepoint     ] Safepoint synchronization initiated. (176 threads)
[2023-11-25T16:22:58.110+0000][1054.242s][info ][safepoint     ] Application time: 1.0013238 seconds
[2023-11-25T16:22:58.111+0000][1054.243s][info ][safepoint     ] Entering safepoint region: Cleanup
[2023-11-25T16:22:58.112+0000][1054.245s][info ][safepoint     ] Leaving safepoint region
[2023-11-25T16:22:58.113+0000][1054.246s][info ][safepoint     ] Total time for which application threads were stopped: 0.0025634 seconds, Stopping threads took: 0.0011344 seconds
[2023-11-25T16:22:59.115+0000][1055.247s][debug][safepoint     ] Safepoint synchronization initiated. (176 threads)
[2023-11-25T16:22:59.116+0000][1055.248s][info ][safepoint     ] Application time: 1.0014387 seconds
[2023-11-25T16:22:59.116+0000][1055.249s][info ][safepoint     ] Entering safepoint region: Cleanup
[2023-11-25T16:22:59.118+0000][1055.250s][info ][safepoint     ] Leaving safepoint region
[2023-11-25T16:22:59.118+0000][1055.250s][info ][safepoint     ] Total time for which application threads were stopped: 0.0017465 seconds, Stopping threads took: 0.0010884 seconds
[2023-11-25T16:23:00.119+0000][1056.251s][debug][safepoint     ] Safepoint synchronization initiated. (176 threads)
[2023-11-25T16:23:00.119+0000][1056.252s][info ][safepoint     ] Application time: 1.0009894 seconds
[2023-11-25T16:23:00.120+0000][1056.253s][info ][safepoint     ] Entering safepoint region: Cleanup
[2023-11-25T16:23:00.121+0000][1056.253s][info ][safepoint     ] Leaving safepoint region
[2023-11-25T16:23:00.121+0000][1056.254s][info ][safepoint     ] Total time for which application threads were stopped: 0.0014540 seconds, Stopping threads took: 0.0007348 seconds
[2023-11-25T16:23:01.122+0000][1057.255s][debug][safepoint     ] Safepoint synchronization initiated. (177 threads)
[2023-11-25T16:23:01.123+0000][1057.256s][info ][safepoint     ] Application time: 1.0015159 seconds
[2023-11-25T16:23:01.125+0000][1057.257s][info ][safepoint     ] Entering safepoint region: Cleanup
[2023-11-25T16:23:01.126+0000][1057.259s][info ][safepoint     ] Leaving safepoint region
[2023-11-25T16:23:01.127+0000][1057.260s][info ][safepoint     ] Total time for which application threads were stopped: 0.0026083 seconds, Stopping threads took: 0.0012140 seconds
[2023-11-25T16:23:02.128+0000][1058.261s][debug][safepoint     ] Safepoint synchronization initiated. (177 threads)
[2023-11-25T16:23:02.130+0000][1058.262s][info ][safepoint     ] Application time: 1.0013694 seconds
[2023-11-25T16:23:02.131+0000][1058.263s][info ][safepoint     ] Entering safepoint region: Cleanup
[2023-11-25T16:23:02.132+0000][1058.265s][info ][safepoint     ] Leaving safepoint region
[2023-11-25T16:23:02.133+0000][1058.266s][info ][safepoint     ] Total time for which application threads were stopped: 0.0025981 seconds, Stopping threads took: 0.0010964 seconds
[2023-11-25T16:23:03.135+0000][1059.267s][debug][safepoint     ] Safepoint synchronization initiated. (177 threads)
[2023-11-25T16:23:03.136+0000][1059.269s][info ][safepoint     ] Application time: 1.0015588 seconds
[2023-11-25T16:23:03.137+0000][1059.270s][info ][safepoint     ] Entering safepoint region: Cleanup
[2023-11-25T16:23:03.139+0000][1059.271s][info ][safepoint     ] Leaving safepoint region
[2023-11-25T16:23:03.140+0000][1059.272s][info ][safepoint     ] Total time for which application threads were stopped: 0.0025653 seconds, Stopping threads took: 0.0011660 seconds
[2023-11-25T16:23:04.141+0000][1060.274s][debug][safepoint     ] Safepoint synchronization initiated. (178 threads)
[2023-11-25T16:23:04.142+0000][1060.275s][info ][safepoint     ] Application time: 1.0014252 seconds
[2023-11-25T16:23:04.143+0000][1060.276s][info ][safepoint     ] Entering safepoint region: Cleanup
[2023-11-25T16:23:04.145+0000][1060.277s][info ][safepoint     ] Leaving safepoint region
[2023-11-25T16:23:04.146+0000][1060.279s][info ][safepoint     ] Total time for which application threads were stopped: 0.0027301 seconds, Stopping threads took: 0.0011373 seconds
[2023-11-25T16:23:05.147+0000][1061.280s][debug][safepoint     ] Safepoint synchronization initiated. (178 threads)
[2023-11-25T16:23:05.149+0000][1061.281s][info ][safepoint     ] Application time: 1.0015130 seconds
[2023-11-25T16:23:05.150+0000][1061.282s][info ][safepoint     ] Entering safepoint region: Cleanup
[2023-11-25T16:23:05.151+0000][1061.284s][info ][safepoint     ] Leaving safepoint region
[2023-11-25T16:23:05.152+0000][1061.285s][info ][safepoint     ] Total time for which application threads were stopped: 0.0026379 seconds, Stopping threads took: 0.0012247 seconds
[2023-11-25T16:23:06.153+0000][1062.286s][debug][safepoint     ] Safepoint synchronization initiated. (178 threads)
[2023-11-25T16:23:06.155+0000][1062.287s][info ][safepoint     ] Application time: 1.0015601 seconds
[2023-11-25T16:23:06.155+0000][1062.288s][info ][safepoint     ] Entering safepoint region: Cleanup
[2023-11-25T16:23:06.156+0000][1062.289s][info ][safepoint     ] Leaving safepoint region
[2023-11-25T16:23:06.158+0000][1062.290s][info ][safepoint     ] Total time for which application threads were stopped: 0.0024186 seconds, Stopping threads took: 0.0009626 seconds
[2023-11-25T16:23:07.159+0000][1063.291s][debug][safepoint     ] Safepoint synchronization initiated. (178 threads)
[2023-11-25T16:23:07.161+0000][1063.293s][info ][safepoint     ] Application time: 1.0021054 seconds
[2023-11-25T16:23:07.163+0000][1063.295s][info ][safepoint     ] Entering safepoint region: Cleanup
[2023-11-25T16:23:07.164+0000][1063.296s][info ][safepoint     ] Leaving safepoint region
[2023-11-25T16:23:07.164+0000][1063.297s][info ][safepoint     ] Total time for which application threads were stopped: 0.0016571 seconds, Stopping threads took: 0.0009172 seconds
[2023-11-25T16:23:08.165+0000][1064.298s][debug][safepoint     ] Safepoint synchronization initiated. (179 threads)
[2023-11-25T16:23:08.166+0000][1064.298s][info ][safepoint     ] Application time: 1.0008286 seconds
[2023-11-25T16:23:08.167+0000][1064.299s][info ][safepoint     ] Entering safepoint region: Cleanup
[2023-11-25T16:23:08.168+0000][1064.300s][info ][safepoint     ] Leaving safepoint region
[2023-11-25T16:23:08.168+0000][1064.301s][info ][safepoint     ] Total time for which application threads were stopped: 0.0013442 seconds, Stopping threads took: 0.0006539 seconds
[2023-11-25T16:23:09.169+0000][1065.301s][debug][safepoint     ] Safepoint synchronization initiated. (179 threads)
[2023-11-25T16:23:09.170+0000][1065.302s][info ][safepoint     ] Application time: 1.0007788 seconds
[2023-11-25T16:23:09.170+0000][1065.303s][info ][safepoint     ] Entering safepoint region: Cleanup
[2023-11-25T16:23:09.171+0000][1065.303s][info ][safepoint     ] Leaving safepoint region
[2023-11-25T16:23:09.172+0000][1065.304s][info ][safepoint     ] Total time for which application threads were stopped: 0.0015258 seconds, Stopping threads took: 0.0005365 seconds
[2023-11-25T16:23:10.173+0000][1066.305s][debug][safepoint     ] Safepoint synchronization initiated. (179 threads)
[2023-11-25T16:23:10.174+0000][1066.306s][info ][safepoint     ] Application time: 1.0011051 seconds
[2023-11-25T16:23:10.174+0000][1066.307s][info ][safepoint     ] Entering safepoint region: Cleanup
[2023-11-25T16:23:10.175+0000][1066.308s][info ][safepoint     ] Leaving safepoint region
[2023-11-25T16:23:10.176+0000][1066.308s][info ][safepoint     ] Total time for which application threads were stopped: 0.0016589 seconds, Stopping threads took: 0.0007425 seconds
[2023-11-25T16:23:11.177+0000][1067.309s][debug][safepoint     ] Safepoint synchronization initiated. (179 threads)
[2023-11-25T16:23:11.177+0000][1067.310s][info ][safepoint     ] Application time: 1.0007146 seconds
[2023-11-25T16:23:11.178+0000][1067.310s][info ][safepoint     ] Entering safepoint region: Cleanup
[2023-11-25T16:23:11.178+0000][1067.311s][info ][safepoint     ] Leaving safepoint region
[2023-11-25T16:23:11.179+0000][1067.311s][info ][safepoint     ] Total time for which application threads were stopped: 0.0010180 seconds, Stopping threads took: 0.0004303 seconds
[2023-11-25T16:23:12.179+0000][1068.312s][debug][safepoint     ] Safepoint synchronization initiated. (180 threads)
[2023-11-25T16:23:12.180+0000][1068.312s][info ][safepoint     ] Application time: 1.0008677 seconds
[2023-11-25T16:23:12.180+0000][1068.313s][info ][safepoint     ] Entering safepoint region: Cleanup
[2023-11-25T16:23:12.181+0000][1068.314s][info ][safepoint     ] Leaving safepoint region
[2023-11-25T16:23:12.182+0000][1068.315s][info ][safepoint     ] Total time for which application threads were stopped: 0.0016805 seconds, Stopping threads took: 0.0005210 seconds
[2023-11-25T16:23:13.183+0000][1069.315s][debug][safepoint     ] Safepoint synchronization initiated. (180 threads)
[2023-11-25T16:23:13.184+0000][1069.317s][info ][safepoint     ] Application time: 1.0014622 seconds
[2023-11-25T16:23:13.185+0000][1069.318s][info ][safepoint     ] Entering safepoint region: Cleanup
[2023-11-25T16:23:13.187+0000][1069.319s][info ][safepoint     ] Leaving safepoint region
[2023-11-25T16:23:13.188+0000][1069.320s][info ][safepoint     ] Total time for which application threads were stopped: 0.0027095 seconds, Stopping threads took: 0.0011474 seconds
[2023-11-25T16:23:14.189+0000][1070.322s][debug][safepoint     ] Safepoint synchronization initiated. (180 threads)
[2023-11-25T16:23:14.190+0000][1070.323s][info ][safepoint     ] Application time: 1.0015337 seconds
[2023-11-25T16:23:14.191+0000][1070.324s][info ][safepoint     ] Entering safepoint region: Cleanup
[2023-11-25T16:23:14.193+0000][1070.325s][info ][safepoint     ] Leaving safepoint region
[2023-11-25T16:23:14.194+0000][1070.326s][info ][safepoint     ] Total time for which application threads were stopped: 0.0022993 seconds, Stopping threads took: 0.0010590 seconds
[2023-11-25T16:23:15.195+0000][1071.327s][debug][safepoint     ] Safepoint synchronization initiated. (180 threads)
[2023-11-25T16:23:15.195+0000][1071.328s][info ][safepoint     ] Application time: 1.0006403 seconds
[2023-11-25T16:23:15.196+0000][1071.328s][info ][safepoint     ] Entering safepoint region: Cleanup
[2023-11-25T16:23:15.196+0000][1071.329s][info ][safepoint     ] Leaving safepoint region
[2023-11-25T16:23:15.196+0000][1071.329s][info ][safepoint     ] Total time for which application threads were stopped: 0.0009521 seconds, Stopping threads took: 0.0003940 seconds
[2023-11-25T16:23:16.197+0000][1072.329s][debug][safepoint     ] Safepoint synchronization initiated. (180 threads)
[2023-11-25T16:23:16.198+0000][1072.330s][info ][safepoint     ] Application time: 1.0008176 seconds
[2023-11-25T16:23:16.198+0000][1072.331s][info ][safepoint     ] Entering safepoint region: Cleanup
[2023-11-25T16:23:16.199+0000][1072.331s][info ][safepoint     ] Leaving safepoint region
[2023-11-25T16:23:16.199+0000][1072.332s][info ][safepoint     ] Total time for which application threads were stopped: 0.0012101 seconds, Stopping threads took: 0.0005885 seconds
[2023-11-25T16:23:17.200+0000][1073.332s][debug][safepoint     ] Safepoint synchronization initiated. (180 threads)
[2023-11-25T16:23:17.200+0000][1073.333s][info ][safepoint     ] Application time: 1.0007575 seconds
[2023-11-25T16:23:17.201+0000][1073.333s][info ][safepoint     ] Entering safepoint region: Cleanup
[2023-11-25T16:23:17.202+0000][1073.334s][info ][safepoint     ] Leaving safepoint region
[2023-11-25T16:23:17.202+0000][1073.335s][info ][safepoint     ] Total time for which application threads were stopped: 0.0012847 seconds, Stopping threads took: 0.0005637 seconds
[2023-11-25T16:23:18.203+0000][1074.336s][debug][safepoint     ] Safepoint synchronization initiated. (180 threads)
[2023-11-25T16:23:18.204+0000][1074.336s][info ][safepoint     ] Application time: 1.0007279 seconds
[2023-11-25T16:23:18.204+0000][1074.336s][info ][safepoint     ] Entering safepoint region: Cleanup
[2023-11-25T16:23:18.205+0000][1074.337s][info ][safepoint     ] Leaving safepoint region
[2023-11-25T16:23:18.205+0000][1074.337s][info ][safepoint     ] Total time for which application threads were stopped: 0.0010433 seconds, Stopping threads took: 0.0003831 seconds
[2023-11-25T16:23:19.205+0000][1075.338s][debug][safepoint     ] Safepoint synchronization initiated. (179 threads)
[2023-11-25T16:23:19.206+0000][1075.338s][info ][safepoint     ] Application time: 1.0005596 seconds
[2023-11-25T16:23:19.206+0000][1075.339s][debug][safepoint     ] ... found polling page return exception at pc = 0x00007fe2d08d4119, stub =0x00007fe2c8840600
[2023-11-25T16:23:19.207+0000][1075.339s][debug][safepoint     ] Waiting for 1 thread(s) to block
[2023-11-25T16:23:19.207+0000][1075.339s][info ][safepoint     ] Entering safepoint region: Cleanup
[2023-11-25T16:23:19.207+0000][1075.340s][info ][safepoint     ] Leaving safepoint region
[2023-11-25T16:23:19.208+0000][1075.340s][info ][safepoint     ] Total time for which application threads were stopped: 0.0014237 seconds, Stopping threads took: 0.0009745 seconds
[2023-11-25T16:23:20.208+0000][1076.341s][debug][safepoint     ] Safepoint synchronization initiated. (180 threads)
[2023-11-25T16:23:20.209+0000][1076.341s][info ][safepoint     ] Application time: 1.0008556 seconds
[2023-11-25T16:23:20.209+0000][1076.342s][info ][safepoint     ] Entering safepoint region: Cleanup
[2023-11-25T16:23:20.210+0000][1076.343s][info ][safepoint     ] Leaving safepoint region
[2023-11-25T16:23:20.211+0000][1076.343s][info ][safepoint     ] Total time for which application threads were stopped: 0.0015364 seconds, Stopping threads took: 0.0005830 seconds
[2023-11-25T16:23:21.212+0000][1077.344s][debug][safepoint     ] Safepoint synchronization initiated. (181 threads)
[2023-11-25T16:23:21.212+0000][1077.345s][info ][safepoint     ] Application time: 1.0008435 seconds
[2023-11-25T16:23:21.213+0000][1077.345s][info ][safepoint     ] Entering safepoint region: Cleanup
[2023-11-25T16:23:21.213+0000][1077.346s][info ][safepoint     ] Leaving safepoint region
[2023-11-25T16:23:21.214+0000][1077.346s][info ][safepoint     ] Total time for which application threads were stopped: 0.0011393 seconds, Stopping threads took: 0.0004772 seconds
[2023-11-25T16:23:22.215+0000][1078.347s][debug][safepoint     ] Safepoint synchronization initiated. (181 threads)
[2023-11-25T16:23:22.215+0000][1078.348s][info ][safepoint     ] Application time: 1.0011532 seconds
[2023-11-25T16:23:22.216+0000][1078.348s][debug][safepoint     ] ... found polling page return exception at pc = 0x00007fe2d0b83676, stub =0x00007fe2c8840600
[2023-11-25T16:23:22.216+0000][1078.348s][debug][safepoint     ] ... found polling page return exception at pc = 0x00007fe2d08d4119, stub =0x00007fe2c8840600
[2023-11-25T16:23:22.216+0000][1078.348s][debug][safepoint     ] ... found polling page return exception at pc = 0x00007fe2d0b83676, stub =0x00007fe2c8840600
[2023-11-25T16:23:22.216+0000][1078.348s][debug][safepoint     ] ... found polling page return exception at pc = 0x00007fe2d0b83676, stub =0x00007fe2c8840600
[2023-11-25T16:23:22.216+0000][1078.348s][debug][safepoint     ] ... found polling page return exception at pc = 0x00007fe2d0b83676, stub =0x00007fe2c8840600
[2023-11-25T16:23:22.219+0000][1078.351s][debug][safepoint     ] Waiting for 5 thread(s) to block
[2023-11-25T16:23:22.220+0000][1078.352s][info ][safepoint     ] Entering safepoint region: Cleanup
[2023-11-25T16:23:22.220+0000][1078.353s][info ][safepoint     ] Leaving safepoint region
[2023-11-25T16:23:22.221+0000][1078.353s][info ][safepoint     ] Total time for which application threads were stopped: 0.0048476 seconds, Stopping threads took: 0.0042833 seconds
[2023-11-25T16:23:23.221+0000][1079.354s][debug][safepoint     ] Safepoint synchronization initiated. (181 threads)
[2023-11-25T16:23:23.222+0000][1079.355s][info ][safepoint     ] Application time: 1.0013710 seconds
[2023-11-25T16:23:23.223+0000][1079.356s][info ][safepoint     ] Entering safepoint region: Cleanup
[2023-11-25T16:23:23.225+0000][1079.357s][info ][safepoint     ] Leaving safepoint region
[2023-11-25T16:23:23.226+0000][1079.358s][info ][safepoint     ] Total time for which application threads were stopped: 0.0023575 seconds, Stopping threads took: 0.0010051 seconds
[2023-11-25T16:23:24.226+0000][1080.359s][debug][safepoint     ] Safepoint synchronization initiated. (181 threads)
[2023-11-25T16:23:24.227+0000][1080.359s][info ][safepoint     ] Application time: 1.0004655 seconds
[2023-11-25T16:23:24.227+0000][1080.360s][info ][safepoint     ] Entering safepoint region: Cleanup
[2023-11-25T16:23:24.228+0000][1080.361s][info ][safepoint     ] Leaving safepoint region
[2023-11-25T16:23:24.229+0000][1080.361s][info ][safepoint     ] Total time for which application threads were stopped: 0.0016639 seconds, Stopping threads took: 0.0003770 seconds
[2023-11-25T16:23:25.229+0000][1081.362s][debug][safepoint     ] Safepoint synchronization initiated. (181 threads)
[2023-11-25T16:23:25.230+0000][1081.362s][info ][safepoint     ] Application time: 1.0007744 seconds
[2023-11-25T16:23:25.231+0000][1081.363s][info ][safepoint     ] Entering safepoint region: Cleanup
[2023-11-25T16:23:25.231+0000][1081.364s][info ][safepoint     ] Leaving safepoint region
[2023-11-25T16:23:25.232+0000][1081.364s][info ][safepoint     ] Total time for which application threads were stopped: 0.0011082 seconds, Stopping threads took: 0.0005060 seconds
[2023-11-25T16:23:26.232+0000][1082.365s][debug][safepoint     ] Safepoint synchronization initiated. (181 threads)
[2023-11-25T16:23:26.233+0000][1082.365s][info ][safepoint     ] Application time: 1.0006436 seconds
[2023-11-25T16:23:26.233+0000][1082.366s][info ][safepoint     ] Entering safepoint region: Cleanup
[2023-11-25T16:23:26.234+0000][1082.366s][info ][safepoint     ] Leaving safepoint region
[2023-11-25T16:23:26.234+0000][1082.367s][info ][safepoint     ] Total time for which application threads were stopped: 0.0010171 seconds, Stopping threads took: 0.0003788 seconds
[2023-11-25T16:23:27.235+0000][1083.368s][debug][safepoint     ] Safepoint synchronization initiated. (181 threads)
[2023-11-25T16:23:27.236+0000][1083.368s][info ][safepoint     ] Application time: 1.0012663 seconds
[2023-11-25T16:23:27.236+0000][1083.369s][info ][safepoint     ] Entering safepoint region: Cleanup
[2023-11-25T16:23:27.237+0000][1083.369s][info ][safepoint     ] Leaving safepoint region
[2023-11-25T16:23:27.237+0000][1083.369s][info ][safepoint     ] Total time for which application threads were stopped: 0.0008770 seconds, Stopping threads took: 0.0003661 seconds
[2023-11-25T16:23:28.237+0000][1084.370s][debug][safepoint     ] Safepoint synchronization initiated. (181 threads)
[2023-11-25T16:23:28.238+0000][1084.370s][info ][safepoint     ] Application time: 1.0005660 seconds
[2023-11-25T16:23:28.238+0000][1084.371s][info ][safepoint     ] Entering safepoint region: Cleanup
[2023-11-25T16:23:28.239+0000][1084.371s][info ][safepoint     ] Leaving safepoint region
[2023-11-25T16:23:28.239+0000][1084.372s][info ][safepoint     ] Total time for which application threads were stopped: 0.0008732 seconds, Stopping threads took: 0.0003652 seconds
[2023-11-25T16:23:29.240+0000][1085.372s][debug][safepoint     ] Safepoint synchronization initiated. (181 threads)
[2023-11-25T16:23:29.240+0000][1085.373s][info ][safepoint     ] Application time: 1.0009280 seconds
[2023-11-25T16:23:29.241+0000][1085.373s][info ][safepoint     ] Entering safepoint region: Cleanup
[2023-11-25T16:23:29.242+0000][1085.374s][info ][safepoint     ] Leaving safepoint region
[2023-11-25T16:23:29.242+0000][1085.374s][info ][safepoint     ] Total time for which application threads were stopped: 0.0012179 seconds, Stopping threads took: 0.0004938 seconds
[2023-11-25T16:23:30.243+0000][1086.375s][debug][safepoint     ] Safepoint synchronization initiated. (181 threads)
[2023-11-25T16:23:30.243+0000][1086.376s][info ][safepoint     ] Application time: 1.0006749 seconds
[2023-11-25T16:23:30.244+0000][1086.377s][info ][safepoint     ] Entering safepoint region: Cleanup
[2023-11-25T16:23:30.245+0000][1086.378s][info ][safepoint     ] Leaving safepoint region
[2023-11-25T16:23:30.246+0000][1086.378s][info ][safepoint     ] Total time for which application threads were stopped: 0.0016338 seconds, Stopping threads took: 0.0007158 seconds
[2023-11-25T16:23:31.246+0000][1087.379s][debug][safepoint     ] Safepoint synchronization initiated. (181 threads)
[2023-11-25T16:23:31.247+0000][1087.379s][info ][safepoint     ] Application time: 1.0007891 seconds
[2023-11-25T16:23:31.248+0000][1087.380s][info ][safepoint     ] Entering safepoint region: Cleanup
[2023-11-25T16:23:31.248+0000][1087.381s][info ][safepoint     ] Leaving safepoint region
[2023-11-25T16:23:31.249+0000][1087.382s][info ][safepoint     ] Total time for which application threads were stopped: 0.0015605 seconds, Stopping threads took: 0.0005602 seconds
[2023-11-25T16:23:32.250+0000][1088.383s][debug][safepoint     ] Safepoint synchronization initiated. (181 threads)
[2023-11-25T16:23:32.251+0000][1088.383s][info ][safepoint     ] Application time: 1.0006262 seconds
[2023-11-25T16:23:32.251+0000][1088.384s][info ][safepoint     ] Entering safepoint region: Cleanup
[2023-11-25T16:23:32.253+0000][1088.385s][info ][safepoint     ] Leaving safepoint region
[2023-11-25T16:23:32.254+0000][1088.386s][info ][safepoint     ] Total time for which application threads were stopped: 0.0020843 seconds, Stopping threads took: 0.0008826 seconds
[2023-11-25T16:23:33.255+0000][1089.387s][debug][safepoint     ] Safepoint synchronization initiated. (181 threads)
[2023-11-25T16:23:33.257+0000][1089.389s][info ][safepoint     ] Application time: 1.0027770 seconds
[2023-11-25T16:23:33.258+0000][1089.391s][info ][safepoint     ] Entering safepoint region: Cleanup
[2023-11-25T16:23:33.259+0000][1089.392s][info ][safepoint     ] Leaving safepoint region
[2023-11-25T16:23:33.260+0000][1089.392s][info ][safepoint     ] Total time for which application threads were stopped: 0.0017209 seconds, Stopping threads took: 0.0010116 seconds
[2023-11-25T16:23:34.260+0000][1090.393s][debug][safepoint     ] Safepoint synchronization initiated. (181 threads)
[2023-11-25T16:23:34.261+0000][1090.393s][info ][safepoint     ] Application time: 1.0008868 seconds
[2023-11-25T16:23:34.261+0000][1090.394s][info ][safepoint     ] Entering safepoint region: Cleanup
[2023-11-25T16:23:34.262+0000][1090.395s][info ][safepoint     ] Leaving safepoint region
[2023-11-25T16:23:34.263+0000][1090.395s][info ][safepoint     ] Total time for which application threads were stopped: 0.0012957 seconds, Stopping threads took: 0.0005821 seconds
[2023-11-25T16:23:35.264+0000][1091.396s][debug][safepoint     ] Safepoint synchronization initiated. (181 threads)
[2023-11-25T16:23:35.265+0000][1091.397s][info ][safepoint     ] Application time: 1.0008554 seconds
[2023-11-25T16:23:35.265+0000][1091.398s][info ][safepoint     ] Entering safepoint region: Cleanup
[2023-11-25T16:23:35.266+0000][1091.399s][info ][safepoint     ] Leaving safepoint region
[2023-11-25T16:23:35.267+0000][1091.400s][info ][safepoint     ] Total time for which application threads were stopped: 0.0021912 seconds, Stopping threads took: 0.0005279 seconds
[2023-11-25T16:23:36.268+0000][1092.400s][debug][safepoint     ] Safepoint synchronization initiated. (181 threads)
[2023-11-25T16:23:36.269+0000][1092.402s][info ][safepoint     ] Application time: 1.0014346 seconds
[2023-11-25T16:23:36.271+0000][1092.403s][info ][safepoint     ] Entering safepoint region: Cleanup
[2023-11-25T16:23:36.272+0000][1092.404s][info ][safepoint     ] Leaving safepoint region
[2023-11-25T16:23:36.272+0000][1092.405s][info ][safepoint     ] Total time for which application threads were stopped: 0.0019374 seconds, Stopping threads took: 0.0011434 seconds
[2023-11-25T16:23:37.273+0000][1093.405s][debug][safepoint     ] Safepoint synchronization initiated. (181 threads)
[2023-11-25T16:23:37.274+0000][1093.406s][info ][safepoint     ] Application time: 1.0008856 seconds
[2023-11-25T16:23:37.275+0000][1093.407s][info ][safepoint     ] Entering safepoint region: Cleanup
[2023-11-25T16:23:37.276+0000][1093.408s][info ][safepoint     ] Leaving safepoint region
[2023-11-25T16:23:37.277+0000][1093.409s][info ][safepoint     ] Total time for which application threads were stopped: 0.0016219 seconds, Stopping threads took: 0.0007620 seconds
[2023-11-25T16:23:38.277+0000][1094.410s][debug][safepoint     ] Safepoint synchronization initiated. (181 threads)
[2023-11-25T16:23:38.278+0000][1094.410s][info ][safepoint     ] Application time: 1.0008297 seconds
[2023-11-25T16:23:38.279+0000][1094.411s][info ][safepoint     ] Entering safepoint region: Cleanup
[2023-11-25T16:23:38.279+0000][1094.412s][info ][safepoint     ] Leaving safepoint region
[2023-11-25T16:23:38.280+0000][1094.412s][info ][safepoint     ] Total time for which application threads were stopped: 0.0013515 seconds, Stopping threads took: 0.0005605 seconds
[2023-11-25T16:23:39.281+0000][1095.413s][debug][safepoint     ] Safepoint synchronization initiated. (181 threads)
[2023-11-25T16:23:39.281+0000][1095.414s][info ][safepoint     ] Application time: 1.0009168 seconds
[2023-11-25T16:23:39.282+0000][1095.414s][info ][safepoint     ] Entering safepoint region: Cleanup
[2023-11-25T16:23:39.282+0000][1095.415s][info ][safepoint     ] Leaving safepoint region
[2023-11-25T16:23:39.283+0000][1095.416s][info ][safepoint     ] Total time for which application threads were stopped: 0.0013920 seconds, Stopping threads took: 0.0004745 seconds
[2023-11-25T16:23:40.284+0000][1096.417s][debug][safepoint     ] Safepoint synchronization initiated. (181 threads)
[2023-11-25T16:23:40.285+0000][1096.417s][info ][safepoint     ] Application time: 1.0006899 seconds
[2023-11-25T16:23:40.286+0000][1096.418s][info ][safepoint     ] Entering safepoint region: Cleanup
[2023-11-25T16:23:40.287+0000][1096.419s][info ][safepoint     ] Leaving safepoint region
[2023-11-25T16:23:40.287+0000][1096.420s][info ][safepoint     ] Total time for which application threads were stopped: 0.0017806 seconds, Stopping threads took: 0.0011825 seconds
[2023-11-25T16:23:41.288+0000][1097.420s][debug][safepoint     ] Safepoint synchronization initiated. (181 threads)
[2023-11-25T16:23:41.289+0000][1097.421s][info ][safepoint     ] Application time: 1.0010593 seconds
[2023-11-25T16:23:41.289+0000][1097.422s][info ][safepoint     ] Entering safepoint region: Cleanup
[2023-11-25T16:23:41.290+0000][1097.423s][info ][safepoint     ] Leaving safepoint region
[2023-11-25T16:23:41.291+0000][1097.423s][info ][safepoint     ] Total time for which application threads were stopped: 0.0015784 seconds, Stopping threads took: 0.0007191 seconds
[2023-11-25T16:23:41.290+0000][1097.423s][debug][safepoint     ] ... found polling page return exception at pc = 0x00007fe2d0d604c4, stub =0x00007fe2c8840600
[2023-11-25T16:23:41.290+0000][1097.423s][debug][safepoint     ] ... found polling page return exception at pc = 0x00007fe2d0d604c4, stub =0x00007fe2c8840600
[2023-11-25T16:23:42.292+0000][1098.424s][debug][safepoint     ] Safepoint synchronization initiated. (181 threads)
[2023-11-25T16:23:42.293+0000][1098.425s][info ][safepoint     ] Application time: 1.0013256 seconds
[2023-11-25T16:23:42.294+0000][1098.426s][info ][safepoint     ] Entering safepoint region: Cleanup
[2023-11-25T16:23:42.295+0000][1098.427s][info ][safepoint     ] Leaving safepoint region
[2023-11-25T16:23:42.296+0000][1098.428s][info ][safepoint     ] Total time for which application threads were stopped: 0.0020131 seconds, Stopping threads took: 0.0009312 seconds
[2023-11-25T16:23:43.297+0000][1099.429s][debug][safepoint     ] Safepoint synchronization initiated. (181 threads)
[2023-11-25T16:23:43.297+0000][1099.430s][info ][safepoint     ] Application time: 1.0007792 seconds
[2023-11-25T16:23:43.298+0000][1099.430s][info ][safepoint     ] Entering safepoint region: Cleanup
[2023-11-25T16:23:43.299+0000][1099.431s][info ][safepoint     ] Leaving safepoint region
[2023-11-25T16:23:43.299+0000][1099.432s][info ][safepoint     ] Total time for which application threads were stopped: 0.0013842 seconds, Stopping threads took: 0.0005164 seconds
[2023-11-25T16:23:44.300+0000][1100.433s][debug][safepoint     ] Safepoint synchronization initiated. (181 threads)
[2023-11-25T16:23:44.302+0000][1100.434s][info ][safepoint     ] Application time: 1.0016505 seconds
[2023-11-25T16:23:44.302+0000][1100.435s][info ][safepoint     ] Entering safepoint region: Cleanup
[2023-11-25T16:23:44.303+0000][1100.435s][info ][safepoint     ] Leaving safepoint region
[2023-11-25T16:23:44.303+0000][1100.436s][info ][safepoint     ] Total time for which application threads were stopped: 0.0011350 seconds, Stopping threads took: 0.0004222 seconds
[2023-11-25T16:23:45.304+0000][1101.436s][debug][safepoint     ] Safepoint synchronization initiated. (181 threads)
[2023-11-25T16:23:45.304+0000][1101.437s][info ][safepoint     ] Application time: 1.0006482 seconds
[2023-11-25T16:23:45.305+0000][1101.437s][info ][safepoint     ] Entering safepoint region: Cleanup
[2023-11-25T16:23:45.305+0000][1101.438s][info ][safepoint     ] Leaving safepoint region
[2023-11-25T16:23:45.306+0000][1101.438s][info ][safepoint     ] Total time for which application threads were stopped: 0.0010587 seconds, Stopping threads took: 0.0004467 seconds
[2023-11-25T16:23:46.306+0000][1102.439s][debug][safepoint     ] Safepoint synchronization initiated. (181 threads)
[2023-11-25T16:23:46.307+0000][1102.439s][info ][safepoint     ] Application time: 1.0007565 seconds
[2023-11-25T16:23:46.308+0000][1102.440s][info ][safepoint     ] Entering safepoint region: Cleanup
[2023-11-25T16:23:46.308+0000][1102.441s][info ][safepoint     ] Leaving safepoint region
[2023-11-25T16:23:46.309+0000][1102.441s][info ][safepoint     ] Total time for which application threads were stopped: 0.0010191 seconds, Stopping threads took: 0.0004793 seconds
[2023-11-25T16:23:47.309+0000][1103.442s][debug][safepoint     ] Safepoint synchronization initiated. (181 threads)
[2023-11-25T16:23:47.310+0000][1103.442s][info ][safepoint     ] Application time: 1.0009237 seconds
[2023-11-25T16:23:47.310+0000][1103.443s][info ][safepoint     ] Entering safepoint region: Cleanup
[2023-11-25T16:23:47.311+0000][1103.443s][info ][safepoint     ] Leaving safepoint region
[2023-11-25T16:23:47.312+0000][1103.444s][info ][safepoint     ] Total time for which application threads were stopped: 0.0012007 seconds, Stopping threads took: 0.0005392 seconds
[2023-11-25T16:23:48.312+0000][1104.445s][debug][safepoint     ] Safepoint synchronization initiated. (181 threads)
[2023-11-25T16:23:48.313+0000][1104.445s][info ][safepoint     ] Application time: 1.0008953 seconds
[2023-11-25T16:23:48.313+0000][1104.446s][info ][safepoint     ] Entering safepoint region: Cleanup
[2023-11-25T16:23:48.314+0000][1104.446s][info ][safepoint     ] Leaving safepoint region
[2023-11-25T16:23:48.315+0000][1104.447s][info ][safepoint     ] Total time for which application threads were stopped: 0.0012618 seconds, Stopping threads took: 0.0005628 seconds
[2023-11-25T16:23:49.316+0000][1105.448s][debug][safepoint     ] Safepoint synchronization initiated. (181 threads)
[2023-11-25T16:23:49.317+0000][1105.449s][info ][safepoint     ] Application time: 1.0014115 seconds
[2023-11-25T16:23:49.317+0000][1105.450s][info ][safepoint     ] Entering safepoint region: Cleanup
[2023-11-25T16:23:49.318+0000][1105.451s][info ][safepoint     ] Leaving safepoint region
[2023-11-25T16:23:49.319+0000][1105.451s][info ][safepoint     ] Total time for which application threads were stopped: 0.0014075 seconds, Stopping threads took: 0.0006719 seconds
[2023-11-25T16:23:50.319+0000][1106.452s][debug][safepoint     ] Safepoint synchronization initiated. (181 threads)
[2023-11-25T16:23:50.321+0000][1106.453s][info ][safepoint     ] Application time: 1.0016624 seconds
[2023-11-25T16:23:50.322+0000][1106.454s][info ][safepoint     ] Entering safepoint region: Cleanup
[2023-11-25T16:23:50.323+0000][1106.455s][info ][safepoint     ] Leaving safepoint region
[2023-11-25T16:23:50.323+0000][1106.456s][info ][safepoint     ] Total time for which application threads were stopped: 0.0017713 seconds, Stopping threads took: 0.0009099 seconds
[2023-11-25T16:23:51.324+0000][1107.456s][debug][safepoint     ] Safepoint synchronization initiated. (181 threads)
[2023-11-25T16:23:51.325+0000][1107.457s][info ][safepoint     ] Application time: 1.0008490 seconds
[2023-11-25T16:23:51.325+0000][1107.458s][info ][safepoint     ] Entering safepoint region: Cleanup
[2023-11-25T16:23:51.326+0000][1107.458s][info ][safepoint     ] Leaving safepoint region
[2023-11-25T16:23:51.327+0000][1107.459s][info ][safepoint     ] Total time for which application threads were stopped: 0.0017192 seconds, Stopping threads took: 0.0005608 seconds
[2023-11-25T16:23:52.328+0000][1108.460s][debug][safepoint     ] Safepoint synchronization initiated. (181 threads)
[2023-11-25T16:23:52.329+0000][1108.461s][info ][safepoint     ] Application time: 1.0014737 seconds
[2023-11-25T16:23:52.330+0000][1108.462s][info ][safepoint     ] Entering safepoint region: Cleanup
[2023-11-25T16:23:52.331+0000][1108.463s][info ][safepoint     ] Leaving safepoint region
[2023-11-25T16:23:52.332+0000][1108.464s][info ][safepoint     ] Total time for which application threads were stopped: 0.0020639 seconds, Stopping threads took: 0.0010193 seconds
[2023-11-25T16:23:53.333+0000][1109.465s][debug][safepoint     ] Safepoint synchronization initiated. (181 threads)
[2023-11-25T16:23:53.334+0000][1109.466s][info ][safepoint     ] Application time: 1.0007121 seconds
[2023-11-25T16:23:53.334+0000][1109.466s][info ][safepoint     ] Entering safepoint region: Cleanup
[2023-11-25T16:23:53.334+0000][1109.467s][info ][safepoint     ] Leaving safepoint region
[2023-11-25T16:23:53.335+0000][1109.467s][info ][safepoint     ] Total time for which application threads were stopped: 0.0008292 seconds, Stopping threads took: 0.0003459 seconds
[2023-11-25T16:23:54.335+0000][1110.467s][debug][safepoint     ] Safepoint synchronization initiated. (181 threads)
[2023-11-25T16:23:54.336+0000][1110.468s][info ][safepoint     ] Application time: 1.0005487 seconds
[2023-11-25T16:23:54.336+0000][1110.468s][info ][safepoint     ] Entering safepoint region: Cleanup
[2023-11-25T16:23:54.337+0000][1110.469s][info ][safepoint     ] Leaving safepoint region
[2023-11-25T16:23:54.337+0000][1110.469s][info ][safepoint     ] Total time for which application threads were stopped: 0.0012250 seconds, Stopping threads took: 0.0005123 seconds
[2023-11-25T16:23:55.338+0000][1111.470s][debug][safepoint     ] Safepoint synchronization initiated. (181 threads)
[2023-11-25T16:23:55.339+0000][1111.471s][info ][safepoint     ] Application time: 1.0014903 seconds
[2023-11-25T16:23:55.340+0000][1111.472s][info ][safepoint     ] Entering safepoint region: Cleanup
[2023-11-25T16:23:55.341+0000][1111.474s][info ][safepoint     ] Leaving safepoint region
[2023-11-25T16:23:55.342+0000][1111.474s][info ][safepoint     ] Total time for which application threads were stopped: 0.0022065 seconds, Stopping threads took: 0.0009357 seconds
[2023-11-25T16:23:55.836+0000][1111.969s][debug][safepoint     ] Safepoint synchronization initiated. (181 threads)
[2023-11-25T16:23:55.837+0000][1111.969s][info ][safepoint     ] Application time: 0.4937608 seconds
[2023-11-25T16:23:55.837+0000][1111.969s][info ][safepoint     ] Entering safepoint region: G1CollectForAllocation
[2023-11-25T16:23:55.838+0000][1111.970s][info ][gc,start      ] GC(72) Pause Young (Normal) (G1 Evacuation Pause)
[2023-11-25T16:23:55.838+0000][1111.970s][info ][gc,task       ] GC(72) Using 8 workers of 8 for evacuation
[2023-11-25T16:23:55.855+0000][1111.988s][info ][gc,phases     ] GC(72)   Pre Evacuate Collection Set: 0.0ms
[2023-11-25T16:23:55.856+0000][1111.988s][info ][gc,phases     ] GC(72)   Evacuate Collection Set: 12.5ms
[2023-11-25T16:23:55.856+0000][1111.989s][info ][gc,phases     ] GC(72)   Post Evacuate Collection Set: 4.6ms
[2023-11-25T16:23:55.857+0000][1111.989s][info ][gc,phases     ] GC(72)   Other: 0.8ms
[2023-11-25T16:23:55.857+0000][1111.989s][info ][gc,heap       ] GC(72) Eden regions: 234->0(234)
[2023-11-25T16:23:55.858+0000][1111.990s][info ][gc,heap       ] GC(72) Survivor regions: 16->18(32)
[2023-11-25T16:23:55.858+0000][1111.990s][info ][gc,heap       ] GC(72) Old regions: 153->153
[2023-11-25T16:23:55.858+0000][1111.990s][info ][gc,heap       ] GC(72) Humongous regions: 0->0
[2023-11-25T16:23:55.859+0000][1111.991s][info ][gc,metaspace  ] GC(72) Metaspace: 179503K(193320K)->179503K(193320K) NonClass: 158723K(169684K)->158723K(169684K) Class: 20780K(23636K)->20780K(23636K)
[2023-11-25T16:23:55.859+0000][1111.991s][info ][gc            ] GC(72) Pause Young (Normal) (G1 Evacuation Pause) 401M->168M(470M) 21.366ms
[2023-11-25T16:23:55.859+0000][1111.992s][info ][gc,cpu        ] GC(72) User=0.11s Sys=0.00s Real=0.02s
[2023-11-25T16:23:55.860+0000][1111.992s][info ][safepoint     ] Leaving safepoint region
[2023-11-25T16:23:55.860+0000][1111.993s][info ][safepoint     ] Total time for which application threads were stopped: 0.0231911 seconds, Stopping threads took: 0.0003057 seconds
[2023-11-25T16:23:55.861+0000][1111.993s][info ][gc,stringdedup] Concurrent String Deduplication (1111.993s)
[2023-11-25T16:23:55.861+0000][1111.993s][info ][gc,stringdedup] Concurrent String Deduplication 392.0B->200.0B(192.0B) avg 52.8% (1111.993s, 1111.993s) 0.439ms
[2023-11-25T16:23:56.861+0000][1112.993s][debug][safepoint     ] Safepoint synchronization initiated. (181 threads)
[2023-11-25T16:23:56.862+0000][1112.994s][info ][safepoint     ] Application time: 1.0014381 seconds
[2023-11-25T16:23:56.863+0000][1112.996s][info ][safepoint     ] Entering safepoint region: Cleanup
[2023-11-25T16:23:56.865+0000][1112.997s][info ][safepoint     ] Leaving safepoint region
[2023-11-25T16:23:56.866+0000][1112.998s][info ][safepoint     ] Total time for which application threads were stopped: 0.0024846 seconds, Stopping threads took: 0.0011277 seconds
[2023-11-25T16:23:57.867+0000][1113.999s][debug][safepoint     ] Safepoint synchronization initiated. (181 threads)
[2023-11-25T16:23:57.868+0000][1114.000s][info ][safepoint     ] Application time: 1.0013073 seconds
[2023-11-25T16:23:57.869+0000][1114.002s][info ][safepoint     ] Entering safepoint region: Cleanup
[2023-11-25T16:23:57.870+0000][1114.003s][info ][safepoint     ] Leaving safepoint region
[2023-11-25T16:23:57.871+0000][1114.004s][info ][safepoint     ] Total time for which application threads were stopped: 0.0022123 seconds, Stopping threads took: 0.0009495 seconds
[2023-11-25T16:23:58.873+0000][1115.005s][debug][safepoint     ] Safepoint synchronization initiated. (181 threads)
[2023-11-25T16:23:58.874+0000][1115.006s][info ][safepoint     ] Application time: 1.0016688 seconds
[2023-11-25T16:23:58.875+0000][1115.007s][info ][safepoint     ] Entering safepoint region: Cleanup
[2023-11-25T16:23:58.877+0000][1115.009s][info ][safepoint     ] Leaving safepoint region
[2023-11-25T16:23:58.878+0000][1115.010s][info ][safepoint     ] Total time for which application threads were stopped: 0.0027557 seconds, Stopping threads took: 0.0011141 seconds
[2023-11-25T16:23:59.879+0000][1116.011s][debug][safepoint     ] Safepoint synchronization initiated. (181 threads)
[2023-11-25T16:23:59.880+0000][1116.012s][info ][safepoint     ] Application time: 1.0014924 seconds
[2023-11-25T16:23:59.881+0000][1116.014s][info ][safepoint     ] Entering safepoint region: Cleanup
[2023-11-25T16:23:59.883+0000][1116.015s][info ][safepoint     ] Leaving safepoint region
[2023-11-25T16:23:59.884+0000][1116.016s][info ][safepoint     ] Total time for which application threads were stopped: 0.0025856 seconds, Stopping threads took: 0.0011611 seconds
[2023-11-25T16:24:00.885+0000][1117.017s][debug][safepoint     ] Safepoint synchronization initiated. (181 threads)
[2023-11-25T16:24:00.886+0000][1117.018s][info ][safepoint     ] Application time: 1.0014009 seconds
[2023-11-25T16:24:00.887+0000][1117.019s][info ][safepoint     ] Entering safepoint region: Cleanup
[2023-11-25T16:24:00.888+0000][1117.021s][info ][safepoint     ] Leaving safepoint region
[2023-11-25T16:24:00.889+0000][1117.022s][info ][safepoint     ] Total time for which application threads were stopped: 0.0023597 seconds, Stopping threads took: 0.0010795 seconds
[2023-11-25T16:24:01.891+0000][1118.023s][debug][safepoint     ] Safepoint synchronization initiated. (181 threads)
[2023-11-25T16:24:01.892+0000][1118.024s][info ][safepoint     ] Application time: 1.0016459 seconds
[2023-11-25T16:24:01.893+0000][1118.025s][info ][safepoint     ] Entering safepoint region: Cleanup
[2023-11-25T16:24:01.895+0000][1118.027s][info ][safepoint     ] Leaving safepoint region
[2023-11-25T16:24:01.896+0000][1118.028s][info ][safepoint     ] Total time for which application threads were stopped: 0.0028929 seconds, Stopping threads took: 0.0011355 seconds
[2023-11-25T16:24:02.897+0000][1119.030s][debug][safepoint     ] Safepoint synchronization initiated. (181 threads)
[2023-11-25T16:24:02.899+0000][1119.031s][info ][safepoint     ] Application time: 1.0016226 seconds
[2023-11-25T16:24:02.900+0000][1119.032s][info ][safepoint     ] Entering safepoint region: Cleanup
[2023-11-25T16:24:02.901+0000][1119.033s][info ][safepoint     ] Leaving safepoint region
[2023-11-25T16:24:02.902+0000][1119.034s][info ][safepoint     ] Total time for which application threads were stopped: 0.0026293 seconds, Stopping threads took: 0.0011514 seconds
[2023-11-25T16:24:03.904+0000][1120.036s][debug][safepoint     ] Safepoint synchronization initiated. (181 threads)
[2023-11-25T16:24:03.904+0000][1120.036s][info ][safepoint     ] Application time: 1.0008709 seconds
[2023-11-25T16:24:03.904+0000][1120.037s][info ][safepoint     ] Entering safepoint region: Cleanup
[2023-11-25T16:24:03.905+0000][1120.037s][info ][safepoint     ] Leaving safepoint region
[2023-11-25T16:24:03.905+0000][1120.037s][info ][safepoint     ] Total time for which application threads were stopped: 0.0008452 seconds, Stopping threads took: 0.0002960 seconds
[2023-11-25T16:24:04.906+0000][1121.038s][debug][safepoint     ] Safepoint synchronization initiated. (181 threads)
[2023-11-25T16:24:04.906+0000][1121.038s][info ][safepoint     ] Application time: 1.0006791 seconds
[2023-11-25T16:24:04.907+0000][1121.039s][info ][safepoint     ] Entering safepoint region: Cleanup
[2023-11-25T16:24:04.907+0000][1121.040s][info ][safepoint     ] Leaving safepoint region
[2023-11-25T16:24:04.908+0000][1121.040s][info ][safepoint     ] Total time for which application threads were stopped: 0.0010785 seconds, Stopping threads took: 0.0004292 seconds
[2023-11-25T16:24:05.908+0000][1122.040s][debug][safepoint     ] Safepoint synchronization initiated. (181 threads)
[2023-11-25T16:24:05.909+0000][1122.041s][info ][safepoint     ] Application time: 1.0006608 seconds
[2023-11-25T16:24:05.910+0000][1122.042s][info ][safepoint     ] Entering safepoint region: Cleanup
[2023-11-25T16:24:05.911+0000][1122.043s][info ][safepoint     ] Leaving safepoint region
[2023-11-25T16:24:05.911+0000][1122.043s][info ][safepoint     ] Total time for which application threads were stopped: 0.0018451 seconds, Stopping threads took: 0.0010235 seconds
[2023-11-25T16:24:06.913+0000][1123.045s][debug][safepoint     ] Safepoint synchronization initiated. (181 threads)
[2023-11-25T16:24:06.914+0000][1123.046s][info ][safepoint     ] Application time: 1.0016599 seconds
[2023-11-25T16:24:06.914+0000][1123.046s][info ][safepoint     ] Entering safepoint region: Cleanup
[2023-11-25T16:24:06.915+0000][1123.047s][info ][safepoint     ] Leaving safepoint region
[2023-11-25T16:24:06.915+0000][1123.048s][info ][safepoint     ] Total time for which application threads were stopped: 0.0011342 seconds, Stopping threads took: 0.0004838 seconds
[2023-11-25T16:24:07.916+0000][1124.048s][debug][safepoint     ] Safepoint synchronization initiated. (181 threads)
[2023-11-25T16:24:07.917+0000][1124.049s][info ][safepoint     ] Application time: 1.0010684 seconds
[2023-11-25T16:24:07.917+0000][1124.050s][info ][safepoint     ] Entering safepoint region: Cleanup
[2023-11-25T16:24:07.918+0000][1124.050s][info ][safepoint     ] Leaving safepoint region
[2023-11-25T16:24:07.919+0000][1124.051s][info ][safepoint     ] Total time for which application threads were stopped: 0.0012711 seconds, Stopping threads took: 0.0005051 seconds
[2023-11-25T16:24:08.919+0000][1125.052s][debug][safepoint     ] Safepoint synchronization initiated. (181 threads)
[2023-11-25T16:24:08.920+0000][1125.052s][info ][safepoint     ] Application time: 1.0006990 seconds
[2023-11-25T16:24:08.921+0000][1125.053s][info ][safepoint     ] Entering safepoint region: Cleanup
[2023-11-25T16:24:08.921+0000][1125.053s][info ][safepoint     ] Leaving safepoint region
[2023-11-25T16:24:08.921+0000][1125.054s][info ][safepoint     ] Total time for which application threads were stopped: 0.0009323 seconds, Stopping threads took: 0.0004514 seconds
[2023-11-25T16:24:09.922+0000][1126.054s][debug][safepoint     ] Safepoint synchronization initiated. (181 threads)
[2023-11-25T16:24:09.923+0000][1126.055s][info ][safepoint     ] Application time: 1.0008580 seconds
[2023-11-25T16:24:09.923+0000][1126.055s][info ][safepoint     ] Entering safepoint region: Cleanup
[2023-11-25T16:24:09.924+0000][1126.056s][info ][safepoint     ] Leaving safepoint region
[2023-11-25T16:24:09.924+0000][1126.056s][info ][safepoint     ] Total time for which application threads were stopped: 0.0011705 seconds, Stopping threads took: 0.0005407 seconds
[2023-11-25T16:24:10.925+0000][1127.057s][debug][safepoint     ] Safepoint synchronization initiated. (181 threads)
[2023-11-25T16:24:10.926+0000][1127.058s][info ][safepoint     ] Application time: 1.0008251 seconds
[2023-11-25T16:24:10.926+0000][1127.058s][info ][safepoint     ] Entering safepoint region: Cleanup
[2023-11-25T16:24:10.927+0000][1127.059s][info ][safepoint     ] Leaving safepoint region
[2023-11-25T16:24:10.927+0000][1127.059s][info ][safepoint     ] Total time for which application threads were stopped: 0.0011804 seconds, Stopping threads took: 0.0006092 seconds
[2023-11-25T16:24:11.928+0000][1128.060s][debug][safepoint     ] Safepoint synchronization initiated. (181 threads)
[2023-11-25T16:24:11.928+0000][1128.060s][info ][safepoint     ] Application time: 1.0006295 seconds
[2023-11-25T16:24:11.929+0000][1128.061s][info ][safepoint     ] Entering safepoint region: Cleanup
[2023-11-25T16:24:11.929+0000][1128.062s][info ][safepoint     ] Leaving safepoint region
[2023-11-25T16:24:11.930+0000][1128.062s][info ][safepoint     ] Total time for which application threads were stopped: 0.0013244 seconds, Stopping threads took: 0.0006414 seconds
[2023-11-25T16:24:12.931+0000][1129.063s][debug][safepoint     ] Safepoint synchronization initiated. (181 threads)
[2023-11-25T16:24:12.932+0000][1129.064s][info ][safepoint     ] Application time: 1.0015586 seconds
[2023-11-25T16:24:12.933+0000][1129.065s][info ][safepoint     ] Entering safepoint region: Cleanup
[2023-11-25T16:24:12.934+0000][1129.067s][info ][safepoint     ] Leaving safepoint region
[2023-11-25T16:24:12.935+0000][1129.067s][info ][safepoint     ] Total time for which application threads were stopped: 0.0023852 seconds, Stopping threads took: 0.0010609 seconds
[2023-11-25T16:24:13.936+0000][1130.069s][debug][safepoint     ] Safepoint synchronization initiated. (181 threads)
[2023-11-25T16:24:13.938+0000][1130.070s][info ][safepoint     ] Application time: 1.0017049 seconds
[2023-11-25T16:24:13.939+0000][1130.071s][info ][safepoint     ] Entering safepoint region: Cleanup
[2023-11-25T16:24:13.940+0000][1130.073s][info ][safepoint     ] Leaving safepoint region
[2023-11-25T16:24:13.941+0000][1130.073s][info ][safepoint     ] Total time for which application threads were stopped: 0.0024299 seconds, Stopping threads took: 0.0010984 seconds
[2023-11-25T16:24:14.942+0000][1131.075s][debug][safepoint     ] Safepoint synchronization initiated. (181 threads)
[2023-11-25T16:24:14.943+0000][1131.075s][info ][safepoint     ] Application time: 1.0007504 seconds
[2023-11-25T16:24:14.943+0000][1131.076s][info ][safepoint     ] Entering safepoint region: Cleanup
[2023-11-25T16:24:14.944+0000][1131.076s][info ][safepoint     ] Leaving safepoint region
[2023-11-25T16:24:14.945+0000][1131.077s][info ][safepoint     ] Total time for which application threads were stopped: 0.0011285 seconds, Stopping threads took: 0.0005136 seconds
[2023-11-25T16:24:15.945+0000][1132.077s][debug][safepoint     ] Safepoint synchronization initiated. (181 threads)
[2023-11-25T16:24:15.946+0000][1132.078s][info ][safepoint     ] Application time: 1.0011090 seconds
[2023-11-25T16:24:15.947+0000][1132.079s][info ][safepoint     ] Entering safepoint region: Cleanup
[2023-11-25T16:24:15.948+0000][1132.080s][info ][safepoint     ] Leaving safepoint region
[2023-11-25T16:24:15.949+0000][1132.081s][info ][safepoint     ] Total time for which application threads were stopped: 0.0019850 seconds, Stopping threads took: 0.0008840 seconds
[2023-11-25T16:24:16.950+0000][1133.082s][debug][safepoint     ] Safepoint synchronization initiated. (181 threads)
[2023-11-25T16:24:16.951+0000][1133.084s][info ][safepoint     ] Application time: 1.0015959 seconds
[2023-11-25T16:24:16.953+0000][1133.085s][info ][safepoint     ] Entering safepoint region: Cleanup
[2023-11-25T16:24:16.954+0000][1133.086s][info ][safepoint     ] Leaving safepoint region
[2023-11-25T16:24:16.955+0000][1133.087s][info ][safepoint     ] Total time for which application threads were stopped: 0.0025616 seconds, Stopping threads took: 0.0010624 seconds
[2023-11-25T16:24:17.956+0000][1134.089s][debug][safepoint     ] Safepoint synchronization initiated. (181 threads)
[2023-11-25T16:24:17.958+0000][1134.090s][info ][safepoint     ] Application time: 1.0013725 seconds
[2023-11-25T16:24:17.959+0000][1134.091s][info ][safepoint     ] Entering safepoint region: Cleanup
[2023-11-25T16:24:17.960+0000][1134.092s][info ][safepoint     ] Leaving safepoint region
[2023-11-25T16:24:17.961+0000][1134.093s][info ][safepoint     ] Total time for which application threads were stopped: 0.0024708 seconds, Stopping threads took: 0.0011614 seconds
[2023-11-25T16:24:18.962+0000][1135.094s][debug][safepoint     ] Safepoint synchronization initiated. (181 threads)
[2023-11-25T16:24:18.963+0000][1135.096s][info ][safepoint     ] Application time: 1.0014375 seconds
[2023-11-25T16:24:18.965+0000][1135.097s][info ][safepoint     ] Entering safepoint region: Cleanup
[2023-11-25T16:24:18.966+0000][1135.098s][info ][safepoint     ] Leaving safepoint region
[2023-11-25T16:24:18.967+0000][1135.099s][info ][safepoint     ] Total time for which application threads were stopped: 0.0019992 seconds, Stopping threads took: 0.0009744 seconds
[2023-11-25T16:24:19.968+0000][1136.100s][debug][safepoint     ] Safepoint synchronization initiated. (181 threads)
[2023-11-25T16:24:19.968+0000][1136.100s][info ][safepoint     ] Application time: 1.0006008 seconds
[2023-11-25T16:24:19.969+0000][1136.101s][info ][safepoint     ] Entering safepoint region: Cleanup
[2023-11-25T16:24:19.969+0000][1136.101s][info ][safepoint     ] Leaving safepoint region
[2023-11-25T16:24:19.970+0000][1136.102s][info ][safepoint     ] Total time for which application threads were stopped: 0.0010531 seconds, Stopping threads took: 0.0004659 seconds
[2023-11-25T16:24:20.970+0000][1137.102s][debug][safepoint     ] Safepoint synchronization initiated. (180 threads)
[2023-11-25T16:24:20.971+0000][1137.104s][info ][safepoint     ] Application time: 1.0015174 seconds
[2023-11-25T16:24:20.973+0000][1137.105s][info ][safepoint     ] Entering safepoint region: Cleanup
[2023-11-25T16:24:20.974+0000][1137.106s][info ][safepoint     ] Leaving safepoint region
[2023-11-25T16:24:20.975+0000][1137.107s][info ][safepoint     ] Total time for which application threads were stopped: 0.0025739 seconds, Stopping threads took: 0.0010703 seconds
[2023-11-25T16:24:21.977+0000][1138.109s][debug][safepoint     ] Safepoint synchronization initiated. (180 threads)
[2023-11-25T16:24:21.977+0000][1138.110s][info ][safepoint     ] Application time: 1.0013540 seconds
[2023-11-25T16:24:21.978+0000][1138.110s][info ][safepoint     ] Entering safepoint region: Cleanup
[2023-11-25T16:24:21.979+0000][1138.111s][info ][safepoint     ] Leaving safepoint region
[2023-11-25T16:24:21.979+0000][1138.111s][info ][safepoint     ] Total time for which application threads were stopped: 0.0010214 seconds, Stopping threads took: 0.0004628 seconds
[2023-11-25T16:24:22.980+0000][1139.112s][debug][safepoint     ] Safepoint synchronization initiated. (180 threads)
[2023-11-25T16:24:22.981+0000][1139.113s][info ][safepoint     ] Application time: 1.0013907 seconds
[2023-11-25T16:24:22.981+0000][1139.113s][info ][safepoint     ] Entering safepoint region: Cleanup
[2023-11-25T16:24:22.982+0000][1139.114s][info ][safepoint     ] Leaving safepoint region
[2023-11-25T16:24:22.983+0000][1139.115s][info ][safepoint     ] Total time for which application threads were stopped: 0.0013157 seconds, Stopping threads took: 0.0004978 seconds
[2023-11-25T16:24:23.983+0000][1140.116s][debug][safepoint     ] Safepoint synchronization initiated. (180 threads)
[2023-11-25T16:24:23.985+0000][1140.117s][info ][safepoint     ] Application time: 1.0014225 seconds
[2023-11-25T16:24:23.986+0000][1140.118s][info ][safepoint     ] Entering safepoint region: Cleanup
[2023-11-25T16:24:23.986+0000][1140.118s][info ][safepoint     ] Leaving safepoint region
[2023-11-25T16:24:23.987+0000][1140.119s][info ][safepoint     ] Total time for which application threads were stopped: 0.0012394 seconds, Stopping threads took: 0.0006032 seconds
[2023-11-25T16:24:24.987+0000][1141.119s][debug][safepoint     ] Safepoint synchronization initiated. (180 threads)
[2023-11-25T16:24:24.989+0000][1141.121s][info ][safepoint     ] Application time: 1.0015137 seconds
[2023-11-25T16:24:24.990+0000][1141.122s][info ][safepoint     ] Entering safepoint region: Cleanup
[2023-11-25T16:24:24.991+0000][1141.123s][info ][safepoint     ] Leaving safepoint region
[2023-11-25T16:24:24.992+0000][1141.124s][info ][safepoint     ] Total time for which application threads were stopped: 0.0024974 seconds, Stopping threads took: 0.0010184 seconds
[2023-11-25T16:24:25.994+0000][1142.126s][debug][safepoint     ] Safepoint synchronization initiated. (180 threads)
[2023-11-25T16:24:25.994+0000][1142.127s][info ][safepoint     ] Application time: 1.0009613 seconds
[2023-11-25T16:24:25.995+0000][1142.127s][info ][safepoint     ] Entering safepoint region: Cleanup
[2023-11-25T16:24:25.996+0000][1142.128s][info ][safepoint     ] Leaving safepoint region
[2023-11-25T16:24:25.996+0000][1142.128s][info ][safepoint     ] Total time for which application threads were stopped: 0.0010852 seconds, Stopping threads took: 0.0004752 seconds
[2023-11-25T16:24:26.997+0000][1143.129s][debug][safepoint     ] Safepoint synchronization initiated. (180 threads)
[2023-11-25T16:24:26.997+0000][1143.129s][info ][safepoint     ] Application time: 1.0008389 seconds
[2023-11-25T16:24:26.998+0000][1143.130s][info ][safepoint     ] Entering safepoint region: Cleanup
[2023-11-25T16:24:26.998+0000][1143.131s][info ][safepoint     ] Leaving safepoint region
[2023-11-25T16:24:26.999+0000][1143.131s][info ][safepoint     ] Total time for which application threads were stopped: 0.0012072 seconds, Stopping threads took: 0.0005123 seconds
[2023-11-25T16:24:28.000+0000][1144.132s][debug][safepoint     ] Safepoint synchronization initiated. (180 threads)
[2023-11-25T16:24:28.001+0000][1144.133s][info ][safepoint     ] Application time: 1.0011144 seconds
[2023-11-25T16:24:28.001+0000][1144.133s][info ][safepoint     ] Entering safepoint region: Cleanup
[2023-11-25T16:24:28.002+0000][1144.135s][info ][safepoint     ] Leaving safepoint region
[2023-11-25T16:24:28.003+0000][1144.135s][info ][safepoint     ] Total time for which application threads were stopped: 0.0017833 seconds, Stopping threads took: 0.0007875 seconds
[2023-11-25T16:24:29.004+0000][1145.136s][debug][safepoint     ] Safepoint synchronization initiated. (180 threads)
[2023-11-25T16:24:29.005+0000][1145.137s][info ][safepoint     ] Application time: 1.0008845 seconds
[2023-11-25T16:24:29.005+0000][1145.137s][info ][safepoint     ] Entering safepoint region: Cleanup
[2023-11-25T16:24:29.006+0000][1145.138s][info ][safepoint     ] Leaving safepoint region
[2023-11-25T16:24:29.007+0000][1145.139s][info ][safepoint     ] Total time for which application threads were stopped: 0.0014523 seconds, Stopping threads took: 0.0006314 seconds
[2023-11-25T16:24:30.007+0000][1146.139s][debug][safepoint     ] Safepoint synchronization initiated. (180 threads)
[2023-11-25T16:24:30.009+0000][1146.141s][info ][safepoint     ] Application time: 1.0021822 seconds
[2023-11-25T16:24:30.010+0000][1146.142s][info ][safepoint     ] Entering safepoint region: Cleanup
[2023-11-25T16:24:30.011+0000][1146.143s][info ][safepoint     ] Leaving safepoint region
[2023-11-25T16:24:30.011+0000][1146.143s][info ][safepoint     ] Total time for which application threads were stopped: 0.0014473 seconds, Stopping threads took: 0.0007562 seconds
[2023-11-25T16:24:31.012+0000][1147.144s][debug][safepoint     ] Safepoint synchronization initiated. (180 threads)
[2023-11-25T16:24:31.013+0000][1147.145s][info ][safepoint     ] Application time: 1.0008980 seconds
[2023-11-25T16:24:31.013+0000][1147.145s][info ][safepoint     ] Entering safepoint region: Cleanup
[2023-11-25T16:24:31.014+0000][1147.146s][info ][safepoint     ] Leaving safepoint region
[2023-11-25T16:24:31.014+0000][1147.147s][info ][safepoint     ] Total time for which application threads were stopped: 0.0011712 seconds, Stopping threads took: 0.0005390 seconds
[2023-11-25T16:24:32.015+0000][1148.147s][debug][safepoint     ] Safepoint synchronization initiated. (180 threads)
[2023-11-25T16:24:32.015+0000][1148.148s][info ][safepoint     ] Application time: 1.0006429 seconds
[2023-11-25T16:24:32.016+0000][1148.148s][info ][safepoint     ] Entering safepoint region: Cleanup
[2023-11-25T16:24:32.017+0000][1148.149s][info ][safepoint     ] Leaving safepoint region
[2023-11-25T16:24:32.017+0000][1148.149s][info ][safepoint     ] Total time for which application threads were stopped: 0.0010634 seconds, Stopping threads took: 0.0004669 seconds
[2023-11-25T16:24:33.018+0000][1149.150s][debug][safepoint     ] Safepoint synchronization initiated. (180 threads)
[2023-11-25T16:24:33.018+0000][1149.150s][info ][safepoint     ] Application time: 1.0009094 seconds
[2023-11-25T16:24:33.019+0000][1149.151s][info ][safepoint     ] Entering safepoint region: Cleanup
[2023-11-25T16:24:33.020+0000][1149.152s][info ][safepoint     ] Leaving safepoint region
[2023-11-25T16:24:33.020+0000][1149.152s][info ][safepoint     ] Total time for which application threads were stopped: 0.0013391 seconds, Stopping threads took: 0.0006431 seconds
[2023-11-25T16:24:34.021+0000][1150.153s][debug][safepoint     ] Safepoint synchronization initiated. (180 threads)
[2023-11-25T16:24:34.021+0000][1150.154s][info ][safepoint     ] Application time: 1.0008871 seconds
[2023-11-25T16:24:34.022+0000][1150.154s][info ][safepoint     ] Entering safepoint region: Cleanup
[2023-11-25T16:24:34.023+0000][1150.155s][info ][safepoint     ] Leaving safepoint region
[2023-11-25T16:24:34.023+0000][1150.155s][info ][safepoint     ] Total time for which application threads were stopped: 0.0012941 seconds, Stopping threads took: 0.0006078 seconds
[2023-11-25T16:24:35.024+0000][1151.156s][debug][safepoint     ] Safepoint synchronization initiated. (180 threads)
[2023-11-25T16:24:35.025+0000][1151.157s][info ][safepoint     ] Application time: 1.0007518 seconds
[2023-11-25T16:24:35.025+0000][1151.157s][info ][safepoint     ] Entering safepoint region: Cleanup
[2023-11-25T16:24:35.026+0000][1151.158s][info ][safepoint     ] Leaving safepoint region
[2023-11-25T16:24:35.026+0000][1151.158s][info ][safepoint     ] Total time for which application threads were stopped: 0.0012371 seconds, Stopping threads took: 0.0005332 seconds
[2023-11-25T16:24:36.027+0000][1152.159s][debug][safepoint     ] Safepoint synchronization initiated. (180 threads)
[2023-11-25T16:24:36.028+0000][1152.160s][info ][safepoint     ] Application time: 1.0007883 seconds
[2023-11-25T16:24:36.028+0000][1152.160s][info ][safepoint     ] Entering safepoint region: Cleanup
[2023-11-25T16:24:36.029+0000][1152.161s][info ][safepoint     ] Leaving safepoint region
[2023-11-25T16:24:36.029+0000][1152.162s][info ][safepoint     ] Total time for which application threads were stopped: 0.0012643 seconds, Stopping threads took: 0.0005697 seconds
[2023-11-25T16:24:37.030+0000][1153.162s][debug][safepoint     ] Safepoint synchronization initiated. (180 threads)
[2023-11-25T16:24:37.031+0000][1153.163s][info ][safepoint     ] Application time: 1.0008073 seconds
[2023-11-25T16:24:37.031+0000][1153.163s][info ][safepoint     ] Entering safepoint region: Cleanup
[2023-11-25T16:24:37.032+0000][1153.164s][info ][safepoint     ] Leaving safepoint region
[2023-11-25T16:24:37.032+0000][1153.165s][info ][safepoint     ] Total time for which application threads were stopped: 0.0012427 seconds, Stopping threads took: 0.0005132 seconds
[2023-11-25T16:24:38.033+0000][1154.165s][debug][safepoint     ] Safepoint synchronization initiated. (180 threads)
[2023-11-25T16:24:38.034+0000][1154.166s][info ][safepoint     ] Application time: 1.0009895 seconds
[2023-11-25T16:24:38.034+0000][1154.167s][info ][safepoint     ] Entering safepoint region: Cleanup
[2023-11-25T16:24:38.035+0000][1154.167s][info ][safepoint     ] Leaving safepoint region
[2023-11-25T16:24:38.036+0000][1154.168s][info ][safepoint     ] Total time for which application threads were stopped: 0.0013352 seconds, Stopping threads took: 0.0005584 seconds
[2023-11-25T16:24:39.036+0000][1155.168s][debug][safepoint     ] Safepoint synchronization initiated. (180 threads)
[2023-11-25T16:24:39.037+0000][1155.169s][info ][safepoint     ] Application time: 1.0007588 seconds
[2023-11-25T16:24:39.037+0000][1155.170s][info ][safepoint     ] Entering safepoint region: Cleanup
[2023-11-25T16:24:39.038+0000][1155.170s][info ][safepoint     ] Leaving safepoint region
[2023-11-25T16:24:39.039+0000][1155.171s][info ][safepoint     ] Total time for which application threads were stopped: 0.0012499 seconds, Stopping threads took: 0.0004936 seconds
[2023-11-25T16:24:40.039+0000][1156.171s][debug][safepoint     ] Safepoint synchronization initiated. (180 threads)
[2023-11-25T16:24:40.040+0000][1156.172s][info ][safepoint     ] Application time: 1.0005519 seconds
[2023-11-25T16:24:40.040+0000][1156.172s][info ][safepoint     ] Entering safepoint region: Cleanup
[2023-11-25T16:24:40.041+0000][1156.173s][info ][safepoint     ] Leaving safepoint region
[2023-11-25T16:24:40.041+0000][1156.173s][info ][safepoint     ] Total time for which application threads were stopped: 0.0009589 seconds, Stopping threads took: 0.0004082 seconds
[2023-11-25T16:24:41.042+0000][1157.174s][debug][safepoint     ] Safepoint synchronization initiated. (180 threads)
[2023-11-25T16:24:41.042+0000][1157.174s][info ][safepoint     ] Application time: 1.0007256 seconds
[2023-11-25T16:24:41.043+0000][1157.175s][info ][safepoint     ] Entering safepoint region: Cleanup
[2023-11-25T16:24:41.044+0000][1157.176s][info ][safepoint     ] Leaving safepoint region
[2023-11-25T16:24:41.044+0000][1157.176s][info ][safepoint     ] Total time for which application threads were stopped: 0.0012231 seconds, Stopping threads took: 0.0005619 seconds
[2023-11-25T16:24:42.045+0000][1158.177s][debug][safepoint     ] Safepoint synchronization initiated. (180 threads)
[2023-11-25T16:24:42.045+0000][1158.177s][info ][safepoint     ] Application time: 1.0006446 seconds
[2023-11-25T16:24:42.046+0000][1158.178s][info ][safepoint     ] Entering safepoint region: Cleanup
[2023-11-25T16:24:42.046+0000][1158.178s][info ][safepoint     ] Leaving safepoint region
[2023-11-25T16:24:42.047+0000][1158.179s][info ][safepoint     ] Total time for which application threads were stopped: 0.0009919 seconds, Stopping threads took: 0.0004130 seconds
[2023-11-25T16:24:43.047+0000][1159.179s][debug][safepoint     ] Safepoint synchronization initiated. (180 threads)
[2023-11-25T16:24:43.048+0000][1159.180s][info ][safepoint     ] Application time: 1.0011003 seconds
[2023-11-25T16:24:43.049+0000][1159.181s][info ][safepoint     ] Entering safepoint region: Cleanup
[2023-11-25T16:24:43.050+0000][1159.182s][info ][safepoint     ] Leaving safepoint region
[2023-11-25T16:24:43.050+0000][1159.182s][info ][safepoint     ] Total time for which application threads were stopped: 0.0016214 seconds, Stopping threads took: 0.0006748 seconds
[2023-11-25T16:24:44.051+0000][1160.183s][debug][safepoint     ] Safepoint synchronization initiated. (180 threads)
[2023-11-25T16:24:44.052+0000][1160.184s][info ][safepoint     ] Application time: 1.0008046 seconds
[2023-11-25T16:24:44.052+0000][1160.184s][info ][safepoint     ] Entering safepoint region: Cleanup
[2023-11-25T16:24:44.053+0000][1160.185s][info ][safepoint     ] Leaving safepoint region
[2023-11-25T16:24:44.053+0000][1160.185s][info ][safepoint     ] Total time for which application threads were stopped: 0.0011334 seconds, Stopping threads took: 0.0004316 seconds
[2023-11-25T16:24:45.054+0000][1161.186s][debug][safepoint     ] Safepoint synchronization initiated. (180 threads)
[2023-11-25T16:24:45.058+0000][1161.190s][info ][safepoint     ] Application time: 1.0039237 seconds
[2023-11-25T16:24:45.058+0000][1161.190s][info ][safepoint     ] Entering safepoint region: Cleanup
[2023-11-25T16:24:45.059+0000][1161.191s][info ][safepoint     ] Leaving safepoint region
[2023-11-25T16:24:45.059+0000][1161.192s][info ][safepoint     ] Total time for which application threads were stopped: 0.0011150 seconds, Stopping threads took: 0.0004986 seconds
[2023-11-25T16:24:46.060+0000][1162.192s][debug][safepoint     ] Safepoint synchronization initiated. (180 threads)
[2023-11-25T16:24:46.061+0000][1162.193s][info ][safepoint     ] Application time: 1.0007924 seconds
[2023-11-25T16:24:46.061+0000][1162.193s][info ][safepoint     ] Entering safepoint region: Cleanup
[2023-11-25T16:24:46.062+0000][1162.194s][info ][safepoint     ] Leaving safepoint region
[2023-11-25T16:24:46.062+0000][1162.194s][info ][safepoint     ] Total time for which application threads were stopped: 0.0011108 seconds, Stopping threads took: 0.0005457 seconds
[2023-11-25T16:24:47.063+0000][1163.195s][debug][safepoint     ] Safepoint synchronization initiated. (180 threads)
[2023-11-25T16:24:47.064+0000][1163.196s][info ][safepoint     ] Application time: 1.0015290 seconds
[2023-11-25T16:24:47.065+0000][1163.197s][info ][safepoint     ] Entering safepoint region: Cleanup
[2023-11-25T16:24:47.067+0000][1163.199s][info ][safepoint     ] Leaving safepoint region
[2023-11-25T16:24:47.068+0000][1163.200s][info ][safepoint     ] Total time for which application threads were stopped: 0.0024180 seconds, Stopping threads took: 0.0011090 seconds
[2023-11-25T16:24:48.069+0000][1164.201s][debug][safepoint     ] Safepoint synchronization initiated. (180 threads)
[2023-11-25T16:24:48.070+0000][1164.202s][info ][safepoint     ] Application time: 1.0015330 seconds
[2023-11-25T16:24:48.071+0000][1164.203s][info ][safepoint     ] Entering safepoint region: Cleanup
[2023-11-25T16:24:48.072+0000][1164.205s][info ][safepoint     ] Leaving safepoint region
[2023-11-25T16:24:48.074+0000][1164.206s][info ][safepoint     ] Total time for which application threads were stopped: 0.0026917 seconds, Stopping threads took: 0.0010735 seconds
[2023-11-25T16:24:48.073+0000][1164.205s][debug][safepoint     ] ... found polling page return exception at pc = 0x00007fe2d0d604c4, stub =0x00007fe2c8840600
[2023-11-25T16:24:48.072+0000][1164.205s][debug][safepoint     ] ... found polling page return exception at pc = 0x00007fe2d0d604c4, stub =0x00007fe2c8840600
[2023-11-25T16:24:48.072+0000][1164.205s][debug][safepoint     ] ... found polling page return exception at pc = 0x00007fe2d0d604c4, stub =0x00007fe2c8840600
[2023-11-25T16:24:48.072+0000][1164.205s][debug][safepoint     ] ... found polling page return exception at pc = 0x00007fe2d0d604c4, stub =0x00007fe2c8840600
[2023-11-25T16:24:49.075+0000][1165.207s][debug][safepoint     ] Safepoint synchronization initiated. (180 threads)
[2023-11-25T16:24:49.076+0000][1165.208s][info ][safepoint     ] Application time: 1.0015395 seconds
[2023-11-25T16:24:49.077+0000][1165.210s][info ][safepoint     ] Entering safepoint region: Cleanup
[2023-11-25T16:24:49.079+0000][1165.211s][info ][safepoint     ] Leaving safepoint region
[2023-11-25T16:24:49.080+0000][1165.212s][info ][safepoint     ] Total time for which application threads were stopped: 0.0024331 seconds, Stopping threads took: 0.0010537 seconds
[2023-11-25T16:24:50.081+0000][1166.213s][debug][safepoint     ] Safepoint synchronization initiated. (180 threads)
[2023-11-25T16:24:50.081+0000][1166.214s][info ][safepoint     ] Application time: 1.0005440 seconds
[2023-11-25T16:24:50.082+0000][1166.214s][info ][safepoint     ] Entering safepoint region: Cleanup
[2023-11-25T16:24:50.083+0000][1166.215s][info ][safepoint     ] Leaving safepoint region
[2023-11-25T16:24:50.083+0000][1166.215s][info ][safepoint     ] Total time for which application threads were stopped: 0.0011029 seconds, Stopping threads took: 0.0005901 seconds
[2023-11-25T16:24:51.084+0000][1167.216s][debug][safepoint     ] Safepoint synchronization initiated. (180 threads)
[2023-11-25T16:24:51.085+0000][1167.217s][info ][safepoint     ] Application time: 1.0015343 seconds
[2023-11-25T16:24:51.086+0000][1167.218s][info ][safepoint     ] Entering safepoint region: Cleanup
[2023-11-25T16:24:51.087+0000][1167.219s][info ][safepoint     ] Leaving safepoint region
[2023-11-25T16:24:51.088+0000][1167.221s][info ][safepoint     ] Total time for which application threads were stopped: 0.0024848 seconds, Stopping threads took: 0.0010450 seconds
[2023-11-25T16:24:52.090+0000][1168.222s][debug][safepoint     ] Safepoint synchronization initiated. (180 threads)
[2023-11-25T16:24:52.091+0000][1168.223s][info ][safepoint     ] Application time: 1.0016927 seconds
[2023-11-25T16:24:52.093+0000][1168.225s][debug][safepoint     ] ... found polling page return exception at pc = 0x00007fe2d0b83676, stub =0x00007fe2c8840600
[2023-11-25T16:24:52.093+0000][1168.225s][debug][safepoint     ] ... found polling page return exception at pc = 0x00007fe2d0b83676, stub =0x00007fe2c8840600
[2023-11-25T16:24:52.093+0000][1168.225s][debug][safepoint     ] ... found polling page return exception at pc = 0x00007fe2d0507f68, stub =0x00007fe2c8840600
[2023-11-25T16:24:52.096+0000][1168.228s][debug][safepoint     ] Waiting for 4 thread(s) to block
[2023-11-25T16:24:52.097+0000][1168.229s][info ][safepoint     ] Entering safepoint region: Cleanup
[2023-11-25T16:24:52.098+0000][1168.230s][info ][safepoint     ] Leaving safepoint region
[2023-11-25T16:24:52.099+0000][1168.231s][info ][safepoint     ] Total time for which application threads were stopped: 0.0060172 seconds, Stopping threads took: 0.0049661 seconds
[2023-11-25T16:24:53.100+0000][1169.232s][debug][safepoint     ] Safepoint synchronization initiated. (180 threads)
[2023-11-25T16:24:53.101+0000][1169.233s][info ][safepoint     ] Application time: 1.0017446 seconds
[2023-11-25T16:24:53.102+0000][1169.235s][info ][safepoint     ] Entering safepoint region: Cleanup
[2023-11-25T16:24:53.104+0000][1169.236s][info ][safepoint     ] Leaving safepoint region
[2023-11-25T16:24:53.105+0000][1169.237s][info ][safepoint     ] Total time for which application threads were stopped: 0.0026602 seconds, Stopping threads took: 0.0010843 seconds
[2023-11-25T16:24:54.106+0000][1170.238s][debug][safepoint     ] Safepoint synchronization initiated. (180 threads)
[2023-11-25T16:24:54.107+0000][1170.239s][info ][safepoint     ] Application time: 1.0007199 seconds
[2023-11-25T16:24:54.108+0000][1170.240s][info ][safepoint     ] Entering safepoint region: Cleanup
[2023-11-25T16:24:54.108+0000][1170.240s][info ][safepoint     ] Leaving safepoint region
[2023-11-25T16:24:54.109+0000][1170.241s][info ][safepoint     ] Total time for which application threads were stopped: 0.0011189 seconds, Stopping threads took: 0.0004994 seconds
[2023-11-25T16:24:55.109+0000][1171.241s][debug][safepoint     ] Safepoint synchronization initiated. (180 threads)
[2023-11-25T16:24:55.110+0000][1171.243s][info ][safepoint     ] Application time: 1.0015073 seconds
[2023-11-25T16:24:55.112+0000][1171.244s][debug][safepoint     ] ... found polling page return exception at pc = 0x00007fe2d0b83676, stub =0x00007fe2c8840600
[2023-11-25T16:24:55.113+0000][1171.245s][debug][safepoint     ] Waiting for 2 thread(s) to block
[2023-11-25T16:24:55.114+0000][1171.246s][info ][safepoint     ] Entering safepoint region: Cleanup
[2023-11-25T16:24:55.115+0000][1171.247s][info ][safepoint     ] Leaving safepoint region
[2023-11-25T16:24:55.115+0000][1171.247s][info ][safepoint     ] Total time for which application threads were stopped: 0.0036890 seconds, Stopping threads took: 0.0027524 seconds
[2023-11-25T16:24:56.116+0000][1172.248s][debug][safepoint     ] Safepoint synchronization initiated. (180 threads)
[2023-11-25T16:24:56.117+0000][1172.249s][info ][safepoint     ] Application time: 1.0016376 seconds
[2023-11-25T16:24:56.119+0000][1172.251s][info ][safepoint     ] Entering safepoint region: Cleanup
[2023-11-25T16:24:56.122+0000][1172.254s][info ][safepoint     ] Leaving safepoint region
[2023-11-25T16:24:56.123+0000][1172.255s][info ][safepoint     ] Total time for which application threads were stopped: 0.0043092 seconds, Stopping threads took: 0.0025081 seconds
[2023-11-25T16:24:57.124+0000][1173.256s][debug][safepoint     ] Safepoint synchronization initiated. (180 threads)
[2023-11-25T16:24:57.125+0000][1173.257s][info ][safepoint     ] Application time: 1.0016249 seconds
[2023-11-25T16:24:57.127+0000][1173.259s][info ][safepoint     ] Entering safepoint region: Cleanup
[2023-11-25T16:24:57.128+0000][1173.260s][info ][safepoint     ] Leaving safepoint region
[2023-11-25T16:24:57.129+0000][1173.261s][info ][safepoint     ] Total time for which application threads were stopped: 0.0026313 seconds, Stopping threads took: 0.0011503 seconds
[2023-11-25T16:24:58.131+0000][1174.263s][debug][safepoint     ] Safepoint synchronization initiated. (180 threads)
[2023-11-25T16:24:58.132+0000][1174.264s][info ][safepoint     ] Application time: 1.0017991 seconds
[2023-11-25T16:24:58.133+0000][1174.265s][info ][safepoint     ] Entering safepoint region: Cleanup
[2023-11-25T16:24:58.135+0000][1174.267s][info ][safepoint     ] Leaving safepoint region
[2023-11-25T16:24:58.136+0000][1174.268s][info ][safepoint     ] Total time for which application threads were stopped: 0.0027230 seconds, Stopping threads took: 0.0011746 seconds
[2023-11-25T16:24:59.137+0000][1175.269s][debug][safepoint     ] Safepoint synchronization initiated. (180 threads)
[2023-11-25T16:24:59.139+0000][1175.271s][info ][safepoint     ] Application time: 1.0014311 seconds
[2023-11-25T16:24:59.140+0000][1175.272s][info ][safepoint     ] Entering safepoint region: Cleanup
[2023-11-25T16:24:59.141+0000][1175.273s][info ][safepoint     ] Leaving safepoint region
[2023-11-25T16:24:59.142+0000][1175.274s][info ][safepoint     ] Total time for which application threads were stopped: 0.0026411 seconds, Stopping threads took: 0.0011840 seconds
[2023-11-25T16:25:00.144+0000][1176.276s][debug][safepoint     ] Safepoint synchronization initiated. (180 threads)
[2023-11-25T16:25:00.144+0000][1176.276s][info ][safepoint     ] Application time: 1.0006238 seconds
[2023-11-25T16:25:00.145+0000][1176.277s][info ][safepoint     ] Entering safepoint region: Cleanup
[2023-11-25T16:25:00.145+0000][1176.277s][info ][safepoint     ] Leaving safepoint region
[2023-11-25T16:25:00.146+0000][1176.278s][info ][safepoint     ] Total time for which application threads were stopped: 0.0010322 seconds, Stopping threads took: 0.0004784 seconds
[2023-11-25T16:25:01.146+0000][1177.278s][debug][safepoint     ] Safepoint synchronization initiated. (180 threads)
[2023-11-25T16:25:01.147+0000][1177.279s][info ][safepoint     ] Application time: 1.0009527 seconds
[2023-11-25T16:25:01.147+0000][1177.280s][info ][safepoint     ] Entering safepoint region: Cleanup
[2023-11-25T16:25:01.148+0000][1177.280s][info ][safepoint     ] Leaving safepoint region
[2023-11-25T16:25:01.149+0000][1177.281s][info ][safepoint     ] Total time for which application threads were stopped: 0.0015535 seconds, Stopping threads took: 0.0006416 seconds
[2023-11-25T16:25:02.150+0000][1178.282s][debug][safepoint     ] Safepoint synchronization initiated. (180 threads)
[2023-11-25T16:25:02.150+0000][1178.282s][info ][safepoint     ] Application time: 1.0006543 seconds
[2023-11-25T16:25:02.151+0000][1178.283s][info ][safepoint     ] Entering safepoint region: Cleanup
[2023-11-25T16:25:02.151+0000][1178.283s][info ][safepoint     ] Leaving safepoint region
[2023-11-25T16:25:02.152+0000][1178.284s][info ][safepoint     ] Total time for which application threads were stopped: 0.0010017 seconds, Stopping threads took: 0.0003449 seconds
[2023-11-25T16:25:03.152+0000][1179.284s][debug][safepoint     ] Safepoint synchronization initiated. (180 threads)
[2023-11-25T16:25:03.153+0000][1179.285s][info ][safepoint     ] Application time: 1.0008105 seconds
[2023-11-25T16:25:03.154+0000][1179.286s][info ][safepoint     ] Entering safepoint region: Cleanup
[2023-11-25T16:25:03.155+0000][1179.287s][info ][safepoint     ] Leaving safepoint region
[2023-11-25T16:25:03.155+0000][1179.287s][info ][safepoint     ] Total time for which application threads were stopped: 0.0012739 seconds, Stopping threads took: 0.0005983 seconds
[2023-11-25T16:25:04.156+0000][1180.288s][debug][safepoint     ] Safepoint synchronization initiated. (180 threads)
[2023-11-25T16:25:04.157+0000][1180.289s][info ][safepoint     ] Application time: 1.0008855 seconds
[2023-11-25T16:25:04.157+0000][1180.289s][info ][safepoint     ] Entering safepoint region: Cleanup
[2023-11-25T16:25:04.158+0000][1180.290s][info ][safepoint     ] Leaving safepoint region
[2023-11-25T16:25:04.159+0000][1180.291s][info ][safepoint     ] Total time for which application threads were stopped: 0.0014948 seconds, Stopping threads took: 0.0006868 seconds
[2023-11-25T16:25:05.160+0000][1181.292s][debug][safepoint     ] Safepoint synchronization initiated. (180 threads)
[2023-11-25T16:25:05.161+0000][1181.293s][info ][safepoint     ] Application time: 1.0017130 seconds
[2023-11-25T16:25:05.163+0000][1181.295s][info ][safepoint     ] Entering safepoint region: Cleanup
[2023-11-25T16:25:05.164+0000][1181.296s][info ][safepoint     ] Leaving safepoint region
[2023-11-25T16:25:05.165+0000][1181.297s][info ][safepoint     ] Total time for which application threads were stopped: 0.0027793 seconds, Stopping threads took: 0.0011847 seconds
[2023-11-25T16:25:06.167+0000][1182.299s][debug][safepoint     ] Safepoint synchronization initiated. (180 threads)
[2023-11-25T16:25:06.168+0000][1182.300s][info ][safepoint     ] Application time: 1.0017276 seconds
[2023-11-25T16:25:06.169+0000][1182.302s][info ][safepoint     ] Entering safepoint region: Cleanup
[2023-11-25T16:25:06.171+0000][1182.303s][info ][safepoint     ] Leaving safepoint region
[2023-11-25T16:25:06.172+0000][1182.304s][info ][safepoint     ] Total time for which application threads were stopped: 0.0030209 seconds, Stopping threads took: 0.0012937 seconds
[2023-11-25T16:25:06.930+0000][1183.063s][debug][safepoint     ] Safepoint synchronization initiated. (187 threads)
[2023-11-25T16:25:06.931+0000][1183.063s][info ][safepoint     ] Application time: 0.7574680 seconds
[2023-11-25T16:25:06.932+0000][1183.064s][info ][safepoint     ] Entering safepoint region: ICBufferFull
[2023-11-25T16:25:06.933+0000][1183.065s][info ][safepoint     ] Leaving safepoint region
[2023-11-25T16:25:06.933+0000][1183.065s][info ][safepoint     ] Total time for which application threads were stopped: 0.0014961 seconds, Stopping threads took: 0.0006079 seconds
[2023-11-25T16:25:07.934+0000][1184.066s][debug][safepoint     ] Safepoint synchronization initiated. (192 threads)
[2023-11-25T16:25:07.934+0000][1184.066s][info ][safepoint     ] Application time: 1.0008847 seconds
[2023-11-25T16:25:07.935+0000][1184.067s][info ][safepoint     ] Entering safepoint region: Cleanup
[2023-11-25T16:25:07.936+0000][1184.068s][info ][safepoint     ] Leaving safepoint region
[2023-11-25T16:25:07.936+0000][1184.068s][info ][safepoint     ] Total time for which application threads were stopped: 0.0015427 seconds, Stopping threads took: 0.0005340 seconds
[2023-11-25T16:25:08.937+0000][1185.069s][debug][safepoint     ] Safepoint synchronization initiated. (191 threads)
[2023-11-25T16:25:08.938+0000][1185.070s][info ][safepoint     ] Application time: 1.0010107 seconds
[2023-11-25T16:25:08.942+0000][1185.074s][info ][safepoint     ] Entering safepoint region: Cleanup
[2023-11-25T16:25:08.943+0000][1185.075s][info ][safepoint     ] Leaving safepoint region
[2023-11-25T16:25:08.944+0000][1185.076s][info ][safepoint     ] Total time for which application threads were stopped: 0.0013654 seconds, Stopping threads took: 0.0006213 seconds
[2023-11-25T16:25:09.944+0000][1186.076s][debug][safepoint     ] Safepoint synchronization initiated. (191 threads)
[2023-11-25T16:25:09.946+0000][1186.078s][info ][safepoint     ] Application time: 1.0015347 seconds
[2023-11-25T16:25:09.947+0000][1186.079s][info ][safepoint     ] Entering safepoint region: Cleanup
[2023-11-25T16:25:09.948+0000][1186.080s][info ][safepoint     ] Leaving safepoint region
[2023-11-25T16:25:09.949+0000][1186.082s][info ][safepoint     ] Total time for which application threads were stopped: 0.0026792 seconds, Stopping threads took: 0.0011406 seconds
[2023-11-25T16:25:10.951+0000][1187.083s][debug][safepoint     ] Safepoint synchronization initiated. (190 threads)
[2023-11-25T16:25:10.952+0000][1187.084s][info ][safepoint     ] Application time: 1.0015581 seconds
[2023-11-25T16:25:10.953+0000][1187.085s][info ][safepoint     ] Entering safepoint region: Cleanup
[2023-11-25T16:25:10.955+0000][1187.087s][info ][safepoint     ] Leaving safepoint region
[2023-11-25T16:25:10.956+0000][1187.088s][info ][safepoint     ] Total time for which application threads were stopped: 0.0026786 seconds, Stopping threads took: 0.0012180 seconds
[2023-11-25T16:25:11.957+0000][1188.089s][debug][safepoint     ] Safepoint synchronization initiated. (198 threads)
[2023-11-25T16:25:11.958+0000][1188.090s][info ][safepoint     ] Application time: 1.0007019 seconds
[2023-11-25T16:25:11.958+0000][1188.090s][info ][safepoint     ] Entering safepoint region: Cleanup
[2023-11-25T16:25:11.959+0000][1188.091s][info ][safepoint     ] Leaving safepoint region
[2023-11-25T16:25:11.959+0000][1188.091s][info ][safepoint     ] Total time for which application threads were stopped: 0.0010364 seconds, Stopping threads took: 0.0004238 seconds
[2023-11-25T16:25:12.960+0000][1189.092s][debug][safepoint     ] Safepoint synchronization initiated. (196 threads)
[2023-11-25T16:25:12.961+0000][1189.093s][info ][safepoint     ] Application time: 1.0013940 seconds
[2023-11-25T16:25:12.961+0000][1189.093s][info ][safepoint     ] Entering safepoint region: Cleanup
[2023-11-25T16:25:12.963+0000][1189.095s][info ][safepoint     ] Leaving safepoint region
[2023-11-25T16:25:12.963+0000][1189.095s][info ][safepoint     ] Total time for which application threads were stopped: 0.0017115 seconds, Stopping threads took: 0.0010012 seconds
[2023-11-25T16:25:14.964+0000][1191.096s][debug][safepoint     ] Safepoint synchronization initiated. (196 threads)
[2023-11-25T16:25:14.966+0000][1191.098s][info ][safepoint     ] Application time: 2.0020251 seconds
[2023-11-25T16:25:14.967+0000][1191.099s][info ][safepoint     ] Entering safepoint region: Cleanup
[2023-11-25T16:25:14.968+0000][1191.100s][info ][safepoint     ] Leaving safepoint region
[2023-11-25T16:25:14.969+0000][1191.101s][info ][safepoint     ] Total time for which application threads were stopped: 0.0026411 seconds, Stopping threads took: 0.0011386 seconds
[2023-11-25T16:25:15.971+0000][1192.103s][debug][safepoint     ] Safepoint synchronization initiated. (196 threads)
[2023-11-25T16:25:15.972+0000][1192.104s][info ][safepoint     ] Application time: 1.0014411 seconds
[2023-11-25T16:25:15.972+0000][1192.104s][info ][safepoint     ] Entering safepoint region: Cleanup
[2023-11-25T16:25:15.973+0000][1192.105s][info ][safepoint     ] Leaving safepoint region
[2023-11-25T16:25:15.974+0000][1192.106s][info ][safepoint     ] Total time for which application threads were stopped: 0.0013662 seconds, Stopping threads took: 0.0005350 seconds
[2023-11-25T16:25:16.975+0000][1193.106s][debug][safepoint     ] Safepoint synchronization initiated. (196 threads)
[2023-11-25T16:25:16.976+0000][1193.108s][info ][safepoint     ] Application time: 1.0018265 seconds
[2023-11-25T16:25:16.977+0000][1193.109s][info ][safepoint     ] Entering safepoint region: Cleanup
[2023-11-25T16:25:16.979+0000][1193.111s][info ][safepoint     ] Leaving safepoint region
[2023-11-25T16:25:16.980+0000][1193.112s][info ][safepoint     ] Total time for which application threads were stopped: 0.0028263 seconds, Stopping threads took: 0.0012455 seconds
[2023-11-25T16:25:22.983+0000][1199.115s][debug][safepoint     ] Safepoint synchronization initiated. (196 threads)
[2023-11-25T16:25:22.984+0000][1199.116s][info ][safepoint     ] Application time: 6.0028482 seconds
[2023-11-25T16:25:22.985+0000][1199.117s][info ][safepoint     ] Entering safepoint region: Cleanup
[2023-11-25T16:25:22.987+0000][1199.119s][info ][safepoint     ] Leaving safepoint region
[2023-11-25T16:25:22.988+0000][1199.120s][info ][safepoint     ] Total time for which application threads were stopped: 0.0029087 seconds, Stopping threads took: 0.0012575 seconds
[2023-11-25T16:25:29.991+0000][1206.123s][debug][safepoint     ] Safepoint synchronization initiated. (196 threads)
[2023-11-25T16:25:29.993+0000][1206.125s][info ][safepoint     ] Application time: 7.0035964 seconds
[2023-11-25T16:25:29.994+0000][1206.126s][info ][safepoint     ] Entering safepoint region: Cleanup
[2023-11-25T16:25:29.995+0000][1206.127s][info ][safepoint     ] Leaving safepoint region
[2023-11-25T16:25:29.995+0000][1206.127s][info ][safepoint     ] Total time for which application threads were stopped: 0.0013253 seconds, Stopping threads took: 0.0004638 seconds
[2023-11-25T16:25:30.996+0000][1207.128s][debug][safepoint     ] Safepoint synchronization initiated. (196 threads)
[2023-11-25T16:25:30.998+0000][1207.130s][info ][safepoint     ] Application time: 1.0019067 seconds
[2023-11-25T16:25:30.998+0000][1207.130s][info ][safepoint     ] Entering safepoint region: Cleanup
[2023-11-25T16:25:31.000+0000][1207.132s][info ][safepoint     ] Leaving safepoint region
[2023-11-25T16:25:31.000+0000][1207.132s][info ][safepoint     ] Total time for which application threads were stopped: 0.0018252 seconds, Stopping threads took: 0.0008917 seconds
[2023-11-25T16:25:43.004+0000][1219.136s][debug][safepoint     ] Safepoint synchronization initiated. (196 threads)
[2023-11-25T16:25:43.005+0000][1219.137s][info ][safepoint     ] Application time: 12.0043544 seconds
[2023-11-25T16:25:43.006+0000][1219.138s][info ][safepoint     ] Entering safepoint region: Cleanup
[2023-11-25T16:25:43.008+0000][1219.140s][info ][safepoint     ] Leaving safepoint region
[2023-11-25T16:25:43.009+0000][1219.141s][info ][safepoint     ] Total time for which application threads were stopped: 0.0023877 seconds, Stopping threads took: 0.0009762 seconds
[2023-11-25T16:25:50.720+0000][1226.852s][debug][safepoint     ] Safepoint synchronization initiated. (196 threads)
[2023-11-25T16:25:50.720+0000][1226.852s][info ][safepoint     ] Application time: 7.7106127 seconds
[2023-11-25T16:25:50.721+0000][1226.853s][info ][safepoint     ] Entering safepoint region: Deoptimize
[2023-11-25T16:25:50.730+0000][1226.862s][info ][safepoint     ] Leaving safepoint region
[2023-11-25T16:25:50.731+0000][1226.862s][info ][safepoint     ] Total time for which application threads were stopped: 0.0096235 seconds, Stopping threads took: 0.0005121 seconds
[2023-11-25T16:25:51.732+0000][1227.863s][debug][safepoint     ] Safepoint synchronization initiated. (196 threads)
[2023-11-25T16:25:51.733+0000][1227.865s][info ][safepoint     ] Application time: 1.0015915 seconds
[2023-11-25T16:25:51.734+0000][1227.866s][info ][safepoint     ] Entering safepoint region: Cleanup
[2023-11-25T16:25:51.735+0000][1227.867s][info ][safepoint     ] Leaving safepoint region
[2023-11-25T16:25:51.736+0000][1227.868s][info ][safepoint     ] Total time for which application threads were stopped: 0.0021045 seconds, Stopping threads took: 0.0008630 seconds
[2023-11-25T16:25:54.737+0000][1230.869s][debug][safepoint     ] Safepoint synchronization initiated. (196 threads)
[2023-11-25T16:25:54.739+0000][1230.871s][info ][safepoint     ] Application time: 3.0022970 seconds
[2023-11-25T16:25:54.740+0000][1230.872s][info ][safepoint     ] Entering safepoint region: Cleanup
[2023-11-25T16:25:54.742+0000][1230.874s][info ][safepoint     ] Leaving safepoint region
[2023-11-25T16:25:54.743+0000][1230.875s][info ][safepoint     ] Total time for which application threads were stopped: 0.0030136 seconds, Stopping threads took: 0.0012932 seconds
[2023-11-25T16:26:03.811+0000][1239.943s][debug][safepoint     ] Safepoint synchronization initiated. (196 threads)
[2023-11-25T16:26:03.813+0000][1239.945s][info ][safepoint     ] Application time: 9.0690358 seconds
[2023-11-25T16:26:03.814+0000][1239.946s][info ][safepoint     ] Entering safepoint region: G1CollectForAllocation
[2023-11-25T16:26:03.815+0000][1239.947s][info ][gc,start      ] GC(73) Pause Young (Normal) (G1 Evacuation Pause)
[2023-11-25T16:26:03.816+0000][1239.948s][info ][gc,task       ] GC(73) Using 8 workers of 8 for evacuation
[2023-11-25T16:26:03.834+0000][1239.966s][info ][gc,phases     ] GC(73)   Pre Evacuate Collection Set: 0.1ms
[2023-11-25T16:26:03.835+0000][1239.967s][info ][gc,phases     ] GC(73)   Evacuate Collection Set: 12.5ms
[2023-11-25T16:26:03.835+0000][1239.967s][info ][gc,phases     ] GC(73)   Post Evacuate Collection Set: 3.6ms
[2023-11-25T16:26:03.836+0000][1239.968s][info ][gc,phases     ] GC(73)   Other: 2.5ms
[2023-11-25T16:26:03.836+0000][1239.968s][info ][gc,heap       ] GC(73) Eden regions: 234->0(218)
[2023-11-25T16:26:03.837+0000][1239.969s][info ][gc,heap       ] GC(73) Survivor regions: 18->21(32)
[2023-11-25T16:26:03.837+0000][1239.969s][info ][gc,heap       ] GC(73) Old regions: 153->153
[2023-11-25T16:26:03.838+0000][1239.970s][info ][gc,heap       ] GC(73) Humongous regions: 10->10
[2023-11-25T16:26:03.838+0000][1239.970s][info ][gc,metaspace  ] GC(73) Metaspace: 183514K(197800K)->183514K(197800K) NonClass: 162237K(173524K)->162237K(173524K) Class: 21277K(24276K)->21277K(24276K)
[2023-11-25T16:26:03.839+0000][1239.971s][info ][gc            ] GC(73) Pause Young (Normal) (G1 Evacuation Pause) 412M->182M(470M) 23.153ms
[2023-11-25T16:26:03.839+0000][1239.971s][info ][gc,cpu        ] GC(73) User=0.11s Sys=0.00s Real=0.03s
[2023-11-25T16:26:03.840+0000][1239.971s][info ][safepoint     ] Leaving safepoint region
[2023-11-25T16:26:03.840+0000][1239.972s][info ][safepoint     ] Total time for which application threads were stopped: 0.0261167 seconds, Stopping threads took: 0.0011175 seconds
[2023-11-25T16:26:03.840+0000][1239.972s][info ][gc,stringdedup] Concurrent String Deduplication (1239.972s)
[2023-11-25T16:26:03.841+0000][1239.973s][info ][gc,stringdedup] Concurrent String Deduplication 328.0B->328.0B(0.0B) avg 52.8% (1239.972s, 1239.973s) 0.343ms
[2023-11-25T16:26:19.844+0000][1255.976s][debug][safepoint     ] Safepoint synchronization initiated. (192 threads)
[2023-11-25T16:26:19.845+0000][1255.977s][info ][safepoint     ] Application time: 16.0050532 seconds
[2023-11-25T16:26:19.846+0000][1255.978s][info ][safepoint     ] Entering safepoint region: Cleanup
[2023-11-25T16:26:19.847+0000][1255.979s][info ][safepoint     ] Leaving safepoint region
[2023-11-25T16:26:19.847+0000][1255.979s][info ][safepoint     ] Total time for which application threads were stopped: 0.0013974 seconds, Stopping threads took: 0.0006255 seconds
[2023-11-25T16:26:20.848+0000][1256.980s][debug][safepoint     ] Safepoint synchronization initiated. (192 threads)
[2023-11-25T16:26:20.849+0000][1256.981s][info ][safepoint     ] Application time: 1.0009423 seconds
[2023-11-25T16:26:20.850+0000][1256.981s][info ][safepoint     ] Entering safepoint region: Cleanup
[2023-11-25T16:26:20.850+0000][1256.982s][info ][safepoint     ] Leaving safepoint region
[2023-11-25T16:26:20.851+0000][1256.983s][info ][safepoint     ] Total time for which application threads were stopped: 0.0012647 seconds, Stopping threads took: 0.0005374 seconds
[2023-11-25T16:26:30.854+0000][1266.986s][debug][safepoint     ] Safepoint synchronization initiated. (192 threads)
[2023-11-25T16:26:30.856+0000][1266.987s][info ][safepoint     ] Application time: 10.0043601 seconds
[2023-11-25T16:26:30.857+0000][1266.989s][info ][safepoint     ] Entering safepoint region: Cleanup
[2023-11-25T16:26:30.858+0000][1266.990s][info ][safepoint     ] Leaving safepoint region
[2023-11-25T16:26:30.860+0000][1266.992s][info ][safepoint     ] Total time for which application threads were stopped: 0.0028521 seconds, Stopping threads took: 0.0012079 seconds
[2023-11-25T16:27:14.874+0000][1311.006s][debug][safepoint     ] Safepoint synchronization initiated. (191 threads)
[2023-11-25T16:27:14.875+0000][1311.007s][info ][safepoint     ] Application time: 44.0141799 seconds
[2023-11-25T16:27:14.876+0000][1311.008s][info ][safepoint     ] Entering safepoint region: Cleanup
[2023-11-25T16:27:14.878+0000][1311.010s][info ][safepoint     ] Leaving safepoint region
[2023-11-25T16:27:14.879+0000][1311.011s][info ][safepoint     ] Total time for which application threads were stopped: 0.0026856 seconds, Stopping threads took: 0.0012225 seconds
[2023-11-25T16:27:20.875+0000][1317.013s][debug][safepoint     ] Safepoint synchronization initiated. (191 threads)
[2023-11-25T16:27:20.876+0000][1317.014s][info ][safepoint     ] Application time: 6.0025082 seconds
[2023-11-25T16:27:20.878+0000][1317.015s][info ][safepoint     ] Entering safepoint region: Cleanup
[2023-11-25T16:27:20.879+0000][1317.017s][info ][safepoint     ] Leaving safepoint region
[2023-11-25T16:27:20.880+0000][1317.017s][info ][safepoint     ] Total time for which application threads were stopped: 0.0021113 seconds, Stopping threads took: 0.0009264 seconds
[2023-11-25T16:27:24.881+0000][1321.019s][debug][safepoint     ] Safepoint synchronization initiated. (191 threads)
[2023-11-25T16:27:24.883+0000][1321.020s][info ][safepoint     ] Application time: 4.0023206 seconds
[2023-11-25T16:27:24.884+0000][1321.022s][info ][safepoint     ] Entering safepoint region: Cleanup
[2023-11-25T16:27:24.886+0000][1321.023s][info ][safepoint     ] Leaving safepoint region
[2023-11-25T16:27:24.887+0000][1321.024s][info ][safepoint     ] Total time for which application threads were stopped: 0.0028042 seconds, Stopping threads took: 0.0012990 seconds
[2023-11-25T16:27:30.890+0000][1327.027s][debug][safepoint     ] Safepoint synchronization initiated. (191 threads)
[2023-11-25T16:27:30.891+0000][1327.029s][info ][safepoint     ] Application time: 6.0030378 seconds
[2023-11-25T16:27:30.892+0000][1327.030s][info ][safepoint     ] Entering safepoint region: Cleanup
[2023-11-25T16:27:30.894+0000][1327.032s][info ][safepoint     ] Leaving safepoint region
[2023-11-25T16:27:30.895+0000][1327.033s][info ][safepoint     ] Total time for which application threads were stopped: 0.0029835 seconds, Stopping threads took: 0.0011824 seconds
[2023-11-25T16:27:54.896+0000][1351.041s][debug][safepoint     ] Safepoint synchronization initiated. (191 threads)
[2023-11-25T16:27:54.897+0000][1351.042s][info ][safepoint     ] Application time: 24.0086726 seconds
[2023-11-25T16:27:54.898+0000][1351.044s][info ][safepoint     ] Entering safepoint region: Cleanup
[2023-11-25T16:27:54.900+0000][1351.045s][info ][safepoint     ] Leaving safepoint region
[2023-11-25T16:27:54.901+0000][1351.046s][info ][safepoint     ] Total time for which application threads were stopped: 0.0028626 seconds, Stopping threads took: 0.0013292 seconds
[2023-11-25T16:28:24.907+0000][1381.054s][debug][safepoint     ] Safepoint synchronization initiated. (190 threads)
[2023-11-25T16:28:24.908+0000][1381.055s][info ][safepoint     ] Application time: 30.0074528 seconds
[2023-11-25T16:28:24.909+0000][1381.055s][info ][safepoint     ] Entering safepoint region: Cleanup
[2023-11-25T16:28:24.910+0000][1381.056s][info ][safepoint     ] Leaving safepoint region
[2023-11-25T16:28:24.910+0000][1381.057s][info ][safepoint     ] Total time for which application threads were stopped: 0.0013546 seconds, Stopping threads took: 0.0005733 seconds
[2023-11-25T16:28:42.915+0000][1399.062s][debug][safepoint     ] Safepoint synchronization initiated. (190 threads)
[2023-11-25T16:28:42.916+0000][1399.062s][info ][safepoint     ] Application time: 18.0050750 seconds
[2023-11-25T16:28:42.916+0000][1399.063s][info ][safepoint     ] Entering safepoint region: Cleanup
[2023-11-25T16:28:42.917+0000][1399.064s][info ][safepoint     ] Leaving safepoint region
[2023-11-25T16:28:42.918+0000][1399.064s][info ][safepoint     ] Total time for which application threads were stopped: 0.0015293 seconds, Stopping threads took: 0.0006369 seconds
[2023-11-25T16:29:16.925+0000][1433.073s][debug][safepoint     ] Safepoint synchronization initiated. (190 threads)
[2023-11-25T16:29:16.926+0000][1433.074s][info ][safepoint     ] Application time: 34.0086414 seconds
[2023-11-25T16:29:16.927+0000][1433.074s][info ][safepoint     ] Entering safepoint region: Cleanup
[2023-11-25T16:29:16.928+0000][1433.075s][info ][safepoint     ] Leaving safepoint region
[2023-11-25T16:29:16.928+0000][1433.076s][info ][safepoint     ] Total time for which application threads were stopped: 0.0014216 seconds, Stopping threads took: 0.0006176 seconds
[2023-11-25T16:29:20.930+0000][1437.077s][debug][safepoint     ] Safepoint synchronization initiated. (189 threads)
[2023-11-25T16:29:20.931+0000][1437.078s][info ][safepoint     ] Application time: 4.0022383 seconds
[2023-11-25T16:29:20.932+0000][1437.079s][info ][safepoint     ] Entering safepoint region: Cleanup
[2023-11-25T16:29:20.933+0000][1437.081s][info ][safepoint     ] Leaving safepoint region
[2023-11-25T16:29:20.934+0000][1437.082s][info ][safepoint     ] Total time for which application threads were stopped: 0.0026447 seconds, Stopping threads took: 0.0011877 seconds
[2023-11-25T16:29:24.936+0000][1441.083s][debug][safepoint     ] Safepoint synchronization initiated. (189 threads)
[2023-11-25T16:29:24.937+0000][1441.084s][info ][safepoint     ] Application time: 4.0011921 seconds
[2023-11-25T16:29:24.937+0000][1441.085s][info ][safepoint     ] Entering safepoint region: Cleanup
[2023-11-25T16:29:24.938+0000][1441.085s][info ][safepoint     ] Leaving safepoint region
[2023-11-25T16:29:24.938+0000][1441.086s][info ][safepoint     ] Total time for which application threads were stopped: 0.0012747 seconds, Stopping threads took: 0.0005270 seconds
[2023-11-25T16:29:54.939+0000][1471.094s][debug][safepoint     ] Safepoint synchronization initiated. (189 threads)
[2023-11-25T16:29:54.940+0000][1471.095s][info ][safepoint     ] Application time: 30.0080525 seconds
[2023-11-25T16:29:54.941+0000][1471.096s][info ][safepoint     ] Entering safepoint region: Cleanup
[2023-11-25T16:29:54.942+0000][1471.097s][info ][safepoint     ] Leaving safepoint region
[2023-11-25T16:29:54.942+0000][1471.098s][info ][safepoint     ] Total time for which application threads were stopped: 0.0017156 seconds, Stopping threads took: 0.0009667 seconds
[2023-11-25T16:30:09.957+0000][1486.112s][debug][safepoint     ] Safepoint synchronization initiated. (189 threads)
[2023-11-25T16:30:09.958+0000][1486.114s][info ][safepoint     ] Application time: 15.0154483 seconds
[2023-11-25T16:30:09.959+0000][1486.115s][info ][safepoint     ] Entering safepoint region: G1CollectForAllocation
[2023-11-25T16:30:09.961+0000][1486.117s][info ][gc,start      ] GC(74) Pause Young (Normal) (G1 Evacuation Pause)
[2023-11-25T16:30:09.962+0000][1486.118s][info ][gc,task       ] GC(74) Using 8 workers of 8 for evacuation
[2023-11-25T16:30:09.983+0000][1486.138s][info ][gc,phases     ] GC(74)   Pre Evacuate Collection Set: 0.2ms
[2023-11-25T16:30:09.983+0000][1486.139s][info ][gc,phases     ] GC(74)   Evacuate Collection Set: 15.2ms
[2023-11-25T16:30:09.984+0000][1486.140s][info ][gc,phases     ] GC(74)   Post Evacuate Collection Set: 4.1ms
[2023-11-25T16:30:09.984+0000][1486.140s][info ][gc,phases     ] GC(74)   Other: 2.5ms
[2023-11-25T16:30:09.985+0000][1486.141s][info ][gc,heap       ] GC(74) Eden regions: 218->0(227)
[2023-11-25T16:30:09.985+0000][1486.141s][info ][gc,heap       ] GC(74) Survivor regions: 21->11(30)
[2023-11-25T16:30:09.986+0000][1486.142s][info ][gc,heap       ] GC(74) Old regions: 153->163
[2023-11-25T16:30:09.986+0000][1486.142s][info ][gc,heap       ] GC(74) Humongous regions: 10->10
[2023-11-25T16:30:09.987+0000][1486.143s][info ][gc,metaspace  ] GC(74) Metaspace: 183576K(197800K)->183576K(197800K) NonClass: 162297K(173524K)->162297K(173524K) Class: 21279K(24276K)->21279K(24276K)
[2023-11-25T16:30:09.987+0000][1486.143s][info ][gc            ] GC(74) Pause Young (Normal) (G1 Evacuation Pause) 400M->182M(470M) 26.615ms
[2023-11-25T16:30:09.988+0000][1486.144s][info ][gc,cpu        ] GC(74) User=0.13s Sys=0.00s Real=0.03s
[2023-11-25T16:30:09.989+0000][1486.144s][info ][safepoint     ] Leaving safepoint region
[2023-11-25T16:30:09.989+0000][1486.145s][info ][safepoint     ] Total time for which application threads were stopped: 0.0298710 seconds, Stopping threads took: 0.0012413 seconds
[2023-11-25T16:30:09.990+0000][1486.145s][info ][gc,stringdedup] Concurrent String Deduplication (1486.145s)
[2023-11-25T16:30:09.990+0000][1486.146s][info ][gc,stringdedup] Concurrent String Deduplication 18640.0B->5928.0B(12712.0B) avg 52.8% (1486.145s, 1486.146s) 0.700ms
[2023-11-25T16:30:14.991+0000][1491.146s][debug][safepoint     ] Safepoint synchronization initiated. (189 threads)
[2023-11-25T16:30:14.992+0000][1491.148s][info ][safepoint     ] Application time: 5.0025473 seconds
[2023-11-25T16:30:14.993+0000][1491.148s][info ][safepoint     ] Entering safepoint region: Cleanup
[2023-11-25T16:30:14.993+0000][1491.149s][info ][safepoint     ] Leaving safepoint region
[2023-11-25T16:30:14.994+0000][1491.149s][info ][safepoint     ] Total time for which application threads were stopped: 0.0011798 seconds, Stopping threads took: 0.0004755 seconds
[2023-11-25T16:30:22.994+0000][1499.151s][debug][safepoint     ] Safepoint synchronization initiated. (189 threads)
[2023-11-25T16:30:22.995+0000][1499.152s][info ][safepoint     ] Application time: 8.0025407 seconds
[2023-11-25T16:30:22.997+0000][1499.153s][info ][safepoint     ] Entering safepoint region: Cleanup
[2023-11-25T16:30:22.998+0000][1499.155s][info ][safepoint     ] Leaving safepoint region
[2023-11-25T16:30:22.999+0000][1499.156s][info ][safepoint     ] Total time for which application threads were stopped: 0.0023539 seconds, Stopping threads took: 0.0010343 seconds
[2023-11-25T16:30:25.000+0000][1501.157s][debug][safepoint     ] Safepoint synchronization initiated. (189 threads)
[2023-11-25T16:30:25.001+0000][1501.158s][info ][safepoint     ] Application time: 2.0011693 seconds
[2023-11-25T16:30:25.001+0000][1501.158s][info ][safepoint     ] Entering safepoint region: Cleanup
[2023-11-25T16:30:25.002+0000][1501.159s][info ][safepoint     ] Leaving safepoint region
[2023-11-25T16:30:25.003+0000][1501.160s][info ][safepoint     ] Total time for which application threads were stopped: 0.0013481 seconds, Stopping threads took: 0.0005882 seconds
[2023-11-25T16:31:15.014+0000][1551.171s][debug][safepoint     ] Safepoint synchronization initiated. (188 threads)
[2023-11-25T16:31:15.015+0000][1551.172s][info ][safepoint     ] Application time: 50.0120920 seconds
[2023-11-25T16:31:15.015+0000][1551.173s][info ][safepoint     ] Entering safepoint region: Cleanup
[2023-11-25T16:31:15.016+0000][1551.174s][info ][safepoint     ] Leaving safepoint region
[2023-11-25T16:31:15.017+0000][1551.175s][info ][safepoint     ] Total time for which application threads were stopped: 0.0017968 seconds, Stopping threads took: 0.0007495 seconds
[2023-11-25T16:31:18.018+0000][1554.176s][debug][safepoint     ] Safepoint synchronization initiated. (189 threads)
[2023-11-25T16:31:18.019+0000][1554.176s][info ][safepoint     ] Application time: 3.0010255 seconds
[2023-11-25T16:31:18.019+0000][1554.177s][info ][safepoint     ] Entering safepoint region: Cleanup
[2023-11-25T16:31:18.020+0000][1554.177s][info ][safepoint     ] Leaving safepoint region
[2023-11-25T16:31:18.020+0000][1554.178s][info ][safepoint     ] Total time for which application threads were stopped: 0.0008614 seconds, Stopping threads took: 0.0003846 seconds
[2023-11-25T16:31:25.022+0000][1561.180s][debug][safepoint     ] Safepoint synchronization initiated. (188 threads)
[2023-11-25T16:31:25.023+0000][1561.181s][info ][safepoint     ] Application time: 7.0030101 seconds
[2023-11-25T16:31:25.025+0000][1561.182s][info ][safepoint     ] Entering safepoint region: Cleanup
[2023-11-25T16:31:25.026+0000][1561.184s][info ][safepoint     ] Leaving safepoint region
[2023-11-25T16:31:25.027+0000][1561.185s][info ][safepoint     ] Total time for which application threads were stopped: 0.0027737 seconds, Stopping threads took: 0.0010697 seconds
[2023-11-25T16:31:37.032+0000][1573.189s][debug][safepoint     ] Safepoint synchronization initiated. (188 threads)
[2023-11-25T16:31:37.033+0000][1573.190s][info ][safepoint     ] Application time: 12.0045794 seconds
[2023-11-25T16:31:37.034+0000][1573.192s][info ][safepoint     ] Entering safepoint region: Cleanup
[2023-11-25T16:31:37.035+0000][1573.193s][info ][safepoint     ] Leaving safepoint region
[2023-11-25T16:31:37.036+0000][1573.194s][info ][safepoint     ] Total time for which application threads were stopped: 0.0023673 seconds, Stopping threads took: 0.0011164 seconds
[2023-11-25T16:31:38.037+0000][1574.195s][debug][safepoint     ] Safepoint synchronization initiated. (189 threads)
[2023-11-25T16:31:38.038+0000][1574.195s][info ][safepoint     ] Application time: 1.0007121 seconds
[2023-11-25T16:31:38.039+0000][1574.196s][info ][safepoint     ] Entering safepoint region: Cleanup
[2023-11-25T16:31:38.039+0000][1574.197s][info ][safepoint     ] Leaving safepoint region
[2023-11-25T16:31:38.040+0000][1574.197s][info ][safepoint     ] Total time for which application threads were stopped: 0.0011654 seconds, Stopping threads took: 0.0005029 seconds
[2023-11-25T16:31:39.040+0000][1575.198s][debug][safepoint     ] Safepoint synchronization initiated. (197 threads)
[2023-11-25T16:31:39.041+0000][1575.199s][info ][safepoint     ] Application time: 1.0014266 seconds
[2023-11-25T16:31:39.042+0000][1575.200s][info ][safepoint     ] Entering safepoint region: Cleanup
[2023-11-25T16:31:39.044+0000][1575.202s][info ][safepoint     ] Leaving safepoint region
[2023-11-25T16:31:39.045+0000][1575.202s][info ][safepoint     ] Total time for which application threads were stopped: 0.0024952 seconds, Stopping threads took: 0.0010240 seconds
[2023-11-25T16:31:45.048+0000][1581.205s][debug][safepoint     ] Safepoint synchronization initiated. (197 threads)
[2023-11-25T16:31:45.049+0000][1581.206s][info ][safepoint     ] Application time: 6.0029705 seconds
[2023-11-25T16:31:45.049+0000][1581.207s][info ][safepoint     ] Entering safepoint region: Cleanup
[2023-11-25T16:31:45.051+0000][1581.208s][info ][safepoint     ] Leaving safepoint region
[2023-11-25T16:31:45.052+0000][1581.209s][info ][safepoint     ] Total time for which application threads were stopped: 0.0023382 seconds, Stopping threads took: 0.0009166 seconds
[2023-11-25T16:31:55.055+0000][1591.213s][debug][safepoint     ] Safepoint synchronization initiated. (197 threads)
[2023-11-25T16:31:55.056+0000][1591.213s][info ][safepoint     ] Application time: 10.0030439 seconds
[2023-11-25T16:31:55.056+0000][1591.214s][info ][safepoint     ] Entering safepoint region: Cleanup
[2023-11-25T16:31:55.057+0000][1591.214s][info ][safepoint     ] Leaving safepoint region
[2023-11-25T16:31:55.057+0000][1591.215s][info ][safepoint     ] Total time for which application threads were stopped: 0.0011368 seconds, Stopping threads took: 0.0004513 seconds
[2023-11-25T16:32:04.060+0000][1600.217s][debug][safepoint     ] Safepoint synchronization initiated. (197 threads)
[2023-11-25T16:32:04.061+0000][1600.218s][info ][safepoint     ] Application time: 9.0029443 seconds
[2023-11-25T16:32:04.061+0000][1600.219s][info ][safepoint     ] Entering safepoint region: Cleanup
[2023-11-25T16:32:04.063+0000][1600.220s][info ][safepoint     ] Leaving safepoint region
[2023-11-25T16:32:04.063+0000][1600.221s][info ][safepoint     ] Total time for which application threads were stopped: 0.0020773 seconds, Stopping threads took: 0.0012180 seconds
[2023-11-25T16:32:05.064+0000][1601.222s][debug][safepoint     ] Safepoint synchronization initiated. (199 threads)
[2023-11-25T16:32:05.065+0000][1601.222s][info ][safepoint     ] Application time: 1.0007354 seconds
[2023-11-25T16:32:05.065+0000][1601.223s][info ][safepoint     ] Entering safepoint region: Cleanup
[2023-11-25T16:32:05.066+0000][1601.224s][info ][safepoint     ] Leaving safepoint region
[2023-11-25T16:32:05.067+0000][1601.224s][info ][safepoint     ] Total time for which application threads were stopped: 0.0012855 seconds, Stopping threads took: 0.0005140 seconds
[2023-11-25T16:32:06.067+0000][1602.226s][debug][safepoint     ] Safepoint synchronization initiated. (199 threads)
[2023-11-25T16:32:06.069+0000][1602.226s][info ][safepoint     ] Application time: 1.0015772 seconds
[2023-11-25T16:32:06.070+0000][1602.227s][info ][safepoint     ] Entering safepoint region: Cleanup
[2023-11-25T16:32:06.070+0000][1602.228s][info ][safepoint     ] Leaving safepoint region
[2023-11-25T16:32:06.071+0000][1602.228s][info ][safepoint     ] Total time for which application threads were stopped: 0.0013814 seconds, Stopping threads took: 0.0006674 seconds
[2023-11-25T16:32:15.074+0000][1611.232s][debug][safepoint     ] Safepoint synchronization initiated. (199 threads)
[2023-11-25T16:32:15.075+0000][1611.233s][info ][safepoint     ] Application time: 9.0037697 seconds
[2023-11-25T16:32:15.076+0000][1611.234s][info ][safepoint     ] Entering safepoint region: Cleanup
[2023-11-25T16:32:15.078+0000][1611.235s][info ][safepoint     ] Leaving safepoint region
[2023-11-25T16:32:15.079+0000][1611.236s][info ][safepoint     ] Total time for which application threads were stopped: 0.0026386 seconds, Stopping threads took: 0.0011371 seconds
[2023-11-25T16:32:20.081+0000][1616.238s][debug][safepoint     ] Safepoint synchronization initiated. (199 threads)
[2023-11-25T16:32:20.081+0000][1616.239s][info ][safepoint     ] Application time: 5.0013606 seconds
[2023-11-25T16:32:20.082+0000][1616.239s][info ][safepoint     ] Entering safepoint region: Cleanup
[2023-11-25T16:32:20.083+0000][1616.240s][info ][safepoint     ] Leaving safepoint region
[2023-11-25T16:32:20.083+0000][1616.240s][info ][safepoint     ] Total time for which application threads were stopped: 0.0010824 seconds, Stopping threads took: 0.0003989 seconds
[2023-11-25T16:32:23.084+0000][1619.241s][debug][safepoint     ] Safepoint synchronization initiated. (199 threads)
[2023-11-25T16:32:23.085+0000][1619.243s][info ][safepoint     ] Application time: 3.0016685 seconds
[2023-11-25T16:32:23.086+0000][1619.244s][info ][safepoint     ] Entering safepoint region: Cleanup
[2023-11-25T16:32:23.088+0000][1619.245s][info ][safepoint     ] Leaving safepoint region
[2023-11-25T16:32:23.089+0000][1619.246s][info ][safepoint     ] Total time for which application threads were stopped: 0.0028386 seconds, Stopping threads took: 0.0011682 seconds
[2023-11-25T16:32:40.094+0000][1636.252s][debug][safepoint     ] Safepoint synchronization initiated. (199 threads)
[2023-11-25T16:32:40.095+0000][1636.253s][info ][safepoint     ] Application time: 17.0052202 seconds
[2023-11-25T16:32:40.097+0000][1636.254s][info ][safepoint     ] Entering safepoint region: Cleanup
[2023-11-25T16:32:40.098+0000][1636.256s][info ][safepoint     ] Leaving safepoint region
[2023-11-25T16:32:40.099+0000][1636.257s][info ][safepoint     ] Total time for which application threads were stopped: 0.0026732 seconds, Stopping threads took: 0.0011919 seconds
[2023-11-25T16:33:04.107+0000][1660.264s][debug][safepoint     ] Safepoint synchronization initiated. (199 threads)
[2023-11-25T16:33:04.108+0000][1660.265s][info ][safepoint     ] Application time: 24.0073601 seconds
[2023-11-25T16:33:04.108+0000][1660.266s][info ][safepoint     ] Entering safepoint region: Cleanup
[2023-11-25T16:33:04.109+0000][1660.266s][info ][safepoint     ] Leaving safepoint region
[2023-11-25T16:33:04.110+0000][1660.267s][info ][safepoint     ] Total time for which application threads were stopped: 0.0012490 seconds, Stopping threads took: 0.0005589 seconds
[2023-11-25T16:33:06.111+0000][1662.268s][debug][safepoint     ] Safepoint synchronization initiated. (195 threads)
[2023-11-25T16:33:06.111+0000][1662.269s][info ][safepoint     ] Application time: 2.0014271 seconds
[2023-11-25T16:33:06.113+0000][1662.270s][info ][safepoint     ] Entering safepoint region: Cleanup
[2023-11-25T16:33:06.114+0000][1662.271s][info ][safepoint     ] Leaving safepoint region
[2023-11-25T16:33:06.115+0000][1662.272s][info ][safepoint     ] Total time for which application threads were stopped: 0.0018543 seconds, Stopping threads took: 0.0008620 seconds
[2023-11-25T16:33:20.110+0000][1676.275s][debug][safepoint     ] Safepoint synchronization initiated. (195 threads)
[2023-11-25T16:33:20.110+0000][1676.276s][info ][safepoint     ] Application time: 14.0032924 seconds
[2023-11-25T16:33:20.111+0000][1676.276s][info ][safepoint     ] Entering safepoint region: Cleanup
[2023-11-25T16:33:20.112+0000][1676.277s][info ][safepoint     ] Leaving safepoint region
[2023-11-25T16:33:20.112+0000][1676.278s][info ][safepoint     ] Total time for which application threads were stopped: 0.0014253 seconds, Stopping threads took: 0.0006003 seconds
[2023-11-25T16:33:21.113+0000][1677.278s][debug][safepoint     ] Safepoint synchronization initiated. (195 threads)
[2023-11-25T16:33:21.113+0000][1677.279s][info ][safepoint     ] Application time: 1.0006107 seconds
[2023-11-25T16:33:21.114+0000][1677.279s][info ][safepoint     ] Entering safepoint region: Cleanup
[2023-11-25T16:33:21.115+0000][1677.280s][info ][safepoint     ] Leaving safepoint region
[2023-11-25T16:33:21.115+0000][1677.281s][info ][safepoint     ] Total time for which application threads were stopped: 0.0012391 seconds, Stopping threads took: 0.0005347 seconds
[2023-11-25T16:33:22.116+0000][1678.281s][debug][safepoint     ] Safepoint synchronization initiated. (195 threads)
[2023-11-25T16:33:22.117+0000][1678.283s][info ][safepoint     ] Application time: 1.0016364 seconds
[2023-11-25T16:33:22.118+0000][1678.283s][info ][safepoint     ] Entering safepoint region: Cleanup
[2023-11-25T16:33:22.118+0000][1678.284s][info ][safepoint     ] Leaving safepoint region
[2023-11-25T16:33:22.119+0000][1678.284s][info ][safepoint     ] Total time for which application threads were stopped: 0.0013162 seconds, Stopping threads took: 0.0005025 seconds
[2023-11-25T16:33:25.120+0000][1681.286s][debug][safepoint     ] Safepoint synchronization initiated. (195 threads)
[2023-11-25T16:33:25.122+0000][1681.287s][info ][safepoint     ] Application time: 3.0021725 seconds
[2023-11-25T16:33:25.123+0000][1681.288s][info ][safepoint     ] Entering safepoint region: Cleanup
[2023-11-25T16:33:25.124+0000][1681.290s][info ][safepoint     ] Leaving safepoint region
[2023-11-25T16:33:25.125+0000][1681.291s][info ][safepoint     ] Total time for which application threads were stopped: 0.0027305 seconds, Stopping threads took: 0.0011657 seconds
[2023-11-25T16:33:47.140+0000][1703.297s][debug][safepoint     ] Safepoint synchronization initiated. (195 threads)
[2023-11-25T16:33:47.141+0000][1703.298s][info ][safepoint     ] Application time: 22.0059737 seconds
[2023-11-25T16:33:47.141+0000][1703.298s][info ][safepoint     ] Entering safepoint region: Cleanup
[2023-11-25T16:33:47.143+0000][1703.300s][info ][safepoint     ] Leaving safepoint region
[2023-11-25T16:33:47.143+0000][1703.300s][info ][safepoint     ] Total time for which application threads were stopped: 0.0019191 seconds, Stopping threads took: 0.0011878 seconds
[2023-11-25T16:34:20.153+0000][1736.309s][debug][safepoint     ] Safepoint synchronization initiated. (195 threads)
[2023-11-25T16:34:20.154+0000][1736.309s][info ][safepoint     ] Application time: 33.0082598 seconds
[2023-11-25T16:34:20.154+0000][1736.310s][info ][safepoint     ] Entering safepoint region: Cleanup
[2023-11-25T16:34:20.155+0000][1736.311s][info ][safepoint     ] Leaving safepoint region
[2023-11-25T16:34:20.156+0000][1736.311s][info ][safepoint     ] Total time for which application threads were stopped: 0.0016317 seconds, Stopping threads took: 0.0007752 seconds
[2023-11-25T16:34:21.157+0000][1737.312s][debug][safepoint     ] Safepoint synchronization initiated. (195 threads)
[2023-11-25T16:34:21.158+0000][1737.313s][info ][safepoint     ] Application time: 1.0018472 seconds
[2023-11-25T16:34:21.159+0000][1737.314s][info ][safepoint     ] Entering safepoint region: Cleanup
[2023-11-25T16:34:21.160+0000][1737.315s][info ][safepoint     ] Leaving safepoint region
[2023-11-25T16:34:21.161+0000][1737.316s][info ][safepoint     ] Total time for which application threads were stopped: 0.0019057 seconds, Stopping threads took: 0.0008042 seconds
[2023-11-25T16:34:21.683+0000][1737.838s][debug][safepoint     ] Safepoint synchronization initiated. (195 threads)
[2023-11-25T16:34:21.683+0000][1737.839s][info ][safepoint     ] Application time: 0.5218295 seconds
[2023-11-25T16:34:21.684+0000][1737.839s][info ][safepoint     ] Entering safepoint region: G1CollectForAllocation
[2023-11-25T16:34:21.685+0000][1737.840s][info ][gc,start      ] GC(75) Pause Young (Normal) (G1 Evacuation Pause)
[2023-11-25T16:34:21.685+0000][1737.841s][info ][gc,task       ] GC(75) Using 8 workers of 8 for evacuation
[2023-11-25T16:34:21.704+0000][1737.859s][info ][gc,phases     ] GC(75)   Pre Evacuate Collection Set: 0.1ms
[2023-11-25T16:34:21.705+0000][1737.860s][info ][gc,phases     ] GC(75)   Evacuate Collection Set: 12.5ms
[2023-11-25T16:34:21.705+0000][1737.860s][info ][gc,phases     ] GC(75)   Post Evacuate Collection Set: 4.9ms
[2023-11-25T16:34:21.706+0000][1737.861s][info ][gc,phases     ] GC(75)   Other: 1.5ms
[2023-11-25T16:34:21.706+0000][1737.861s][info ][gc,heap       ] GC(75) Eden regions: 227->0(218)
[2023-11-25T16:34:21.707+0000][1737.862s][info ][gc,heap       ] GC(75) Survivor regions: 11->11(30)
[2023-11-25T16:34:21.707+0000][1737.863s][info ][gc,heap       ] GC(75) Old regions: 163->163
[2023-11-25T16:34:21.708+0000][1737.863s][info ][gc,heap       ] GC(75) Humongous regions: 20->20
[2023-11-25T16:34:21.708+0000][1737.864s][info ][gc,metaspace  ] GC(75) Metaspace: 183874K(198056K)->183874K(198056K) NonClass: 162587K(173780K)->162587K(173780K) Class: 21287K(24276K)->21287K(24276K)
[2023-11-25T16:34:21.709+0000][1737.864s][info ][gc            ] GC(75) Pause Young (Normal) (G1 Evacuation Pause) 419M->192M(470M) 23.989ms
[2023-11-25T16:34:21.710+0000][1737.865s][info ][gc,cpu        ] GC(75) User=0.12s Sys=0.00s Real=0.02s
[2023-11-25T16:34:21.710+0000][1737.866s][info ][safepoint     ] Leaving safepoint region
[2023-11-25T16:34:21.711+0000][1737.866s][info ][safepoint     ] Total time for which application threads were stopped: 0.0270814 seconds, Stopping threads took: 0.0006608 seconds
[2023-11-25T16:34:21.711+0000][1737.867s][info ][gc,stringdedup] Concurrent String Deduplication (1737.867s)
[2023-11-25T16:34:21.713+0000][1737.868s][info ][gc,stringdedup] Concurrent String Deduplication 171.6K->81912.0B(93816.0B) avg 52.8% (1737.867s, 1737.868s) 1.785ms
[2023-11-25T16:34:22.712+0000][1738.867s][debug][safepoint     ] Safepoint synchronization initiated. (195 threads)
[2023-11-25T16:34:22.712+0000][1738.868s][info ][safepoint     ] Application time: 1.0010553 seconds
[2023-11-25T16:34:22.713+0000][1738.868s][info ][safepoint     ] Entering safepoint region: Cleanup
[2023-11-25T16:34:22.714+0000][1738.869s][info ][safepoint     ] Leaving safepoint region
[2023-11-25T16:34:22.714+0000][1738.869s][info ][safepoint     ] Total time for which application threads were stopped: 0.0010298 seconds, Stopping threads took: 0.0004621 seconds
[2023-11-25T16:34:23.716+0000][1739.871s][debug][safepoint     ] Safepoint synchronization initiated. (193 threads)
[2023-11-25T16:34:23.716+0000][1739.871s][info ][safepoint     ] Application time: 1.0005611 seconds
[2023-11-25T16:34:23.717+0000][1739.872s][info ][safepoint     ] Entering safepoint region: Cleanup
[2023-11-25T16:34:23.717+0000][1739.873s][info ][safepoint     ] Leaving safepoint region
[2023-11-25T16:34:23.718+0000][1739.873s][info ][safepoint     ] Total time for which application threads were stopped: 0.0011219 seconds, Stopping threads took: 0.0004554 seconds
[2023-11-25T16:34:24.719+0000][1740.874s][debug][safepoint     ] Safepoint synchronization initiated. (193 threads)
[2023-11-25T16:34:24.720+0000][1740.875s][info ][safepoint     ] Application time: 1.0007996 seconds
[2023-11-25T16:34:24.720+0000][1740.876s][info ][safepoint     ] Entering safepoint region: Cleanup
[2023-11-25T16:34:24.721+0000][1740.876s][info ][safepoint     ] Leaving safepoint region
[2023-11-25T16:34:24.722+0000][1740.877s][info ][safepoint     ] Total time for which application threads were stopped: 0.0017533 seconds, Stopping threads took: 0.0004931 seconds
[2023-11-25T16:34:30.724+0000][1746.879s][debug][safepoint     ] Safepoint synchronization initiated. (193 threads)
[2023-11-25T16:34:30.724+0000][1746.880s][info ][safepoint     ] Application time: 6.0014105 seconds
[2023-11-25T16:34:30.725+0000][1746.880s][info ][safepoint     ] Entering safepoint region: Cleanup
[2023-11-25T16:34:30.725+0000][1746.881s][info ][safepoint     ] Leaving safepoint region
[2023-11-25T16:34:30.726+0000][1746.881s][info ][safepoint     ] Total time for which application threads were stopped: 0.0008454 seconds, Stopping threads took: 0.0003542 seconds
[2023-11-25T16:35:03.734+0000][1779.888s][debug][safepoint     ] Safepoint synchronization initiated. (195 threads)
[2023-11-25T16:35:03.734+0000][1779.889s][info ][safepoint     ] Application time: 33.0079125 seconds
[2023-11-25T16:35:03.735+0000][1779.890s][info ][safepoint     ] Entering safepoint region: Cleanup
[2023-11-25T16:35:03.735+0000][1779.890s][info ][safepoint     ] Leaving safepoint region
[2023-11-25T16:35:03.736+0000][1779.891s][info ][safepoint     ] Total time for which application threads were stopped: 0.0009957 seconds, Stopping threads took: 0.0004261 seconds
[2023-11-25T16:35:05.737+0000][1781.891s][debug][safepoint     ] Safepoint synchronization initiated. (195 threads)
[2023-11-25T16:35:05.737+0000][1781.892s][info ][safepoint     ] Application time: 2.0010723 seconds
[2023-11-25T16:35:05.738+0000][1781.893s][info ][safepoint     ] Entering safepoint region: Cleanup
[2023-11-25T16:35:05.739+0000][1781.893s][info ][safepoint     ] Leaving safepoint region
[2023-11-25T16:35:05.739+0000][1781.894s][info ][safepoint     ] Total time for which application threads were stopped: 0.0011992 seconds, Stopping threads took: 0.0005888 seconds
[2023-11-25T16:35:20.743+0000][1796.897s][debug][safepoint     ] Safepoint synchronization initiated. (194 threads)
[2023-11-25T16:35:20.744+0000][1796.898s][info ][safepoint     ] Application time: 15.0041586 seconds
[2023-11-25T16:35:20.745+0000][1796.899s][info ][safepoint     ] Entering safepoint region: Cleanup
[2023-11-25T16:35:20.746+0000][1796.901s][info ][safepoint     ] Leaving safepoint region
[2023-11-25T16:35:20.747+0000][1796.902s][info ][safepoint     ] Total time for which application threads were stopped: 0.0023758 seconds, Stopping threads took: 0.0009597 seconds
[2023-11-25T16:36:24.768+0000][1860.922s][debug][safepoint     ] Safepoint synchronization initiated. (196 threads)
[2023-11-25T16:36:24.768+0000][1860.922s][info ][safepoint     ] Application time: 64.0196354 seconds
[2023-11-25T16:36:24.769+0000][1860.923s][info ][safepoint     ] Entering safepoint region: Cleanup
[2023-11-25T16:36:24.769+0000][1860.923s][info ][safepoint     ] Leaving safepoint region
[2023-11-25T16:36:24.770+0000][1860.924s][info ][safepoint     ] Total time for which application threads were stopped: 0.0010914 seconds, Stopping threads took: 0.0004305 seconds
[2023-11-25T16:36:40.774+0000][1876.928s][debug][safepoint     ] Safepoint synchronization initiated. (197 threads)
[2023-11-25T16:36:40.775+0000][1876.929s][info ][safepoint     ] Application time: 16.0045194 seconds
[2023-11-25T16:36:40.775+0000][1876.930s][info ][safepoint     ] Entering safepoint region: Cleanup
[2023-11-25T16:36:40.777+0000][1876.931s][info ][safepoint     ] Leaving safepoint region
[2023-11-25T16:36:40.778+0000][1876.932s][info ][safepoint     ] Total time for which application threads were stopped: 0.0027220 seconds, Stopping threads took: 0.0011249 seconds
[2023-11-25T16:36:52.782+0000][1888.936s][debug][safepoint     ] Safepoint synchronization initiated. (197 threads)
[2023-11-25T16:36:52.783+0000][1888.937s][info ][safepoint     ] Application time: 12.0039873 seconds
[2023-11-25T16:36:52.784+0000][1888.938s][info ][safepoint     ] Entering safepoint region: Cleanup
[2023-11-25T16:36:52.785+0000][1888.939s][info ][safepoint     ] Leaving safepoint region
[2023-11-25T16:36:52.786+0000][1888.940s][info ][safepoint     ] Total time for which application threads were stopped: 0.0020816 seconds, Stopping threads took: 0.0008889 seconds
[2023-11-25T16:37:19.795+0000][1915.949s][debug][safepoint     ] Safepoint synchronization initiated. (198 threads)
[2023-11-25T16:37:19.796+0000][1915.950s][info ][safepoint     ] Application time: 27.0094858 seconds
[2023-11-25T16:37:19.797+0000][1915.951s][info ][safepoint     ] Entering safepoint region: Cleanup
[2023-11-25T16:37:19.798+0000][1915.952s][info ][safepoint     ] Leaving safepoint region
[2023-11-25T16:37:19.799+0000][1915.953s][info ][safepoint     ] Total time for which application threads were stopped: 0.0019531 seconds, Stopping threads took: 0.0007137 seconds
[2023-11-25T16:37:25.802+0000][1921.956s][debug][safepoint     ] Safepoint synchronization initiated. (197 threads)
[2023-11-25T16:37:25.803+0000][1921.957s][info ][safepoint     ] Application time: 6.0034166 seconds
[2023-11-25T16:37:25.804+0000][1921.958s][info ][safepoint     ] Entering safepoint region: Cleanup
[2023-11-25T16:37:25.806+0000][1921.960s][info ][safepoint     ] Leaving safepoint region
[2023-11-25T16:37:25.807+0000][1921.961s][info ][safepoint     ] Total time for which application threads were stopped: 0.0026251 seconds, Stopping threads took: 0.0011863 seconds
[2023-11-25T16:37:26.808+0000][1922.962s][debug][safepoint     ] Safepoint synchronization initiated. (197 threads)
[2023-11-25T16:37:26.809+0000][1922.963s][info ][safepoint     ] Application time: 1.0015200 seconds
[2023-11-25T16:37:26.810+0000][1922.964s][info ][safepoint     ] Entering safepoint region: Cleanup
[2023-11-25T16:37:26.812+0000][1922.966s][info ][safepoint     ] Leaving safepoint region
[2023-11-25T16:37:26.813+0000][1922.967s][info ][safepoint     ] Total time for which application threads were stopped: 0.0028800 seconds, Stopping threads took: 0.0012727 seconds
[2023-11-25T16:38:19.828+0000][1975.985s][debug][safepoint     ] Safepoint synchronization initiated. (197 threads)
[2023-11-25T16:38:19.829+0000][1975.986s][info ][safepoint     ] Application time: 53.0182581 seconds
[2023-11-25T16:38:19.830+0000][1975.987s][info ][safepoint     ] Entering safepoint region: Cleanup
[2023-11-25T16:38:19.832+0000][1975.989s][info ][safepoint     ] Leaving safepoint region
[2023-11-25T16:38:19.833+0000][1975.990s][info ][safepoint     ] Total time for which application threads were stopped: 0.0026751 seconds, Stopping threads took: 0.0010978 seconds
[2023-11-25T16:38:24.554+0000][1980.711s][debug][safepoint     ] Safepoint synchronization initiated. (197 threads)
[2023-11-25T16:38:24.555+0000][1980.712s][info ][safepoint     ] Application time: 4.7208766 seconds
[2023-11-25T16:38:24.555+0000][1980.713s][info ][safepoint     ] Entering safepoint region: G1CollectForAllocation
[2023-11-25T16:38:24.556+0000][1980.714s][info ][gc,start      ] GC(76) Pause Young (Normal) (G1 Evacuation Pause)
[2023-11-25T16:38:24.557+0000][1980.714s][info ][gc,task       ] GC(76) Using 8 workers of 8 for evacuation
[2023-11-25T16:38:24.571+0000][1980.729s][info ][gc,phases     ] GC(76)   Pre Evacuate Collection Set: 0.1ms
[2023-11-25T16:38:24.572+0000][1980.729s][info ][gc,phases     ] GC(76)   Evacuate Collection Set: 7.5ms
[2023-11-25T16:38:24.572+0000][1980.730s][info ][gc,phases     ] GC(76)   Post Evacuate Collection Set: 6.1ms
[2023-11-25T16:38:24.573+0000][1980.730s][info ][gc,phases     ] GC(76)   Other: 1.3ms
[2023-11-25T16:38:24.574+0000][1980.731s][info ][gc,heap       ] GC(76) Eden regions: 218->0(209)
[2023-11-25T16:38:24.575+0000][1980.732s][info ][gc,heap       ] GC(76) Survivor regions: 11->13(29)
[2023-11-25T16:38:24.576+0000][1980.733s][info ][gc,heap       ] GC(76) Old regions: 163->163
[2023-11-25T16:38:24.576+0000][1980.734s][info ][gc,heap       ] GC(76) Humongous regions: 25->25
[2023-11-25T16:38:24.577+0000][1980.734s][info ][gc,metaspace  ] GC(76) Metaspace: 183968K(198312K)->183968K(198312K) NonClass: 162680K(174036K)->162680K(174036K) Class: 21287K(24276K)->21287K(24276K)
[2023-11-25T16:38:24.577+0000][1980.735s][info ][gc            ] GC(76) Pause Young (Normal) (G1 Evacuation Pause) 415M->199M(470M) 21.145ms
[2023-11-25T16:38:24.578+0000][1980.735s][info ][gc,cpu        ] GC(76) User=0.08s Sys=0.00s Real=0.02s
[2023-11-25T16:38:24.579+0000][1980.736s][info ][safepoint     ] Leaving safepoint region
[2023-11-25T16:38:24.580+0000][1980.737s][info ][safepoint     ] Total time for which application threads were stopped: 0.0243198 seconds, Stopping threads took: 0.0006862 seconds
[2023-11-25T16:38:24.579+0000][1980.736s][debug][safepoint     ] ... found polling page return exception at pc = 0x00007fe2d0d604c4, stub =0x00007fe2c8840600
[2023-11-25T16:38:24.579+0000][1980.736s][debug][safepoint     ] ... found polling page return exception at pc = 0x00007fe2d0d604c4, stub =0x00007fe2c8840600
[2023-11-25T16:38:24.581+0000][1980.738s][info ][gc,stringdedup] Concurrent String Deduplication (1980.738s)
[2023-11-25T16:38:24.584+0000][1980.742s][info ][gc,stringdedup] Concurrent String Deduplication 312.0B->184.0B(128.0B) avg 52.8% (1980.738s, 1980.742s) 3.713ms
[2023-11-25T16:38:25.581+0000][1981.738s][debug][safepoint     ] Safepoint synchronization initiated. (197 threads)
[2023-11-25T16:38:25.582+0000][1981.739s][info ][safepoint     ] Application time: 1.0012275 seconds
[2023-11-25T16:38:25.583+0000][1981.740s][info ][safepoint     ] Entering safepoint region: Cleanup
[2023-11-25T16:38:25.584+0000][1981.742s][info ][safepoint     ] Leaving safepoint region
[2023-11-25T16:38:25.585+0000][1981.742s][info ][safepoint     ] Total time for which application threads were stopped: 0.0021957 seconds, Stopping threads took: 0.0009537 seconds
[2023-11-25T16:38:43.591+0000][1999.748s][debug][safepoint     ] Safepoint synchronization initiated. (199 threads)
[2023-11-25T16:38:43.592+0000][1999.749s][info ][safepoint     ] Application time: 18.0058963 seconds
[2023-11-25T16:38:43.592+0000][1999.750s][info ][safepoint     ] Entering safepoint region: Cleanup
[2023-11-25T16:38:43.593+0000][1999.750s][info ][safepoint     ] Leaving safepoint region
[2023-11-25T16:38:43.594+0000][1999.751s][info ][safepoint     ] Total time for which application threads were stopped: 0.0013356 seconds, Stopping threads took: 0.0005159 seconds
[2023-11-25T16:38:45.595+0000][2001.752s][debug][safepoint     ] Safepoint synchronization initiated. (200 threads)
[2023-11-25T16:38:45.595+0000][2001.753s][info ][safepoint     ] Application time: 2.0013410 seconds
[2023-11-25T16:38:45.596+0000][2001.753s][info ][safepoint     ] Entering safepoint region: Cleanup
[2023-11-25T16:38:45.597+0000][2001.754s][info ][safepoint     ] Leaving safepoint region
[2023-11-25T16:38:45.597+0000][2001.754s][info ][safepoint     ] Total time for which application threads were stopped: 0.0010952 seconds, Stopping threads took: 0.0004514 seconds
[2023-11-25T16:39:06.607+0000][2022.761s][debug][safepoint     ] Safepoint synchronization initiated. (200 threads)
[2023-11-25T16:39:06.608+0000][2022.762s][info ][safepoint     ] Application time: 21.0069614 seconds
[2023-11-25T16:39:06.609+0000][2022.763s][info ][safepoint     ] Entering safepoint region: Cleanup
[2023-11-25T16:39:06.611+0000][2022.765s][info ][safepoint     ] Leaving safepoint region
[2023-11-25T16:39:06.612+0000][2022.766s][info ][safepoint     ] Total time for which application threads were stopped: 0.0029095 seconds, Stopping threads took: 0.0012860 seconds
[2023-11-25T16:39:12.614+0000][2028.768s][debug][safepoint     ] Safepoint synchronization initiated. (201 threads)
[2023-11-25T16:39:12.615+0000][2028.769s][info ][safepoint     ] Application time: 6.0020126 seconds
[2023-11-25T16:39:12.615+0000][2028.769s][info ][safepoint     ] Entering safepoint region: Cleanup
[2023-11-25T16:39:12.616+0000][2028.770s][info ][safepoint     ] Leaving safepoint region
[2023-11-25T16:39:12.616+0000][2028.770s][info ][safepoint     ] Total time for which application threads were stopped: 0.0010198 seconds, Stopping threads took: 0.0004102 seconds
[2023-11-25T16:39:15.617+0000][2031.771s][debug][safepoint     ] Safepoint synchronization initiated. (201 threads)
[2023-11-25T16:39:15.618+0000][2031.772s][info ][safepoint     ] Application time: 3.0017419 seconds
[2023-11-25T16:39:15.619+0000][2031.773s][info ][safepoint     ] Entering safepoint region: Cleanup
[2023-11-25T16:39:15.620+0000][2031.774s][info ][safepoint     ] Leaving safepoint region
[2023-11-25T16:39:15.620+0000][2031.774s][info ][safepoint     ] Total time for which application threads were stopped: 0.0016262 seconds, Stopping threads took: 0.0007209 seconds
[2023-11-25T16:39:20.622+0000][2036.777s][debug][safepoint     ] Safepoint synchronization initiated. (201 threads)
[2023-11-25T16:39:20.622+0000][2036.777s][info ][safepoint     ] Application time: 5.0022545 seconds
[2023-11-25T16:39:20.623+0000][2036.778s][info ][safepoint     ] Entering safepoint region: Cleanup
[2023-11-25T16:39:20.624+0000][2036.778s][info ][safepoint     ] Leaving safepoint region
[2023-11-25T16:39:20.625+0000][2036.779s][info ][safepoint     ] Total time for which application threads were stopped: 0.0017259 seconds, Stopping threads took: 0.0006177 seconds
[2023-11-25T16:39:24.626+0000][2040.781s][debug][safepoint     ] Safepoint synchronization initiated. (201 threads)
[2023-11-25T16:39:24.627+0000][2040.782s][info ][safepoint     ] Application time: 4.0017109 seconds
[2023-11-25T16:39:24.628+0000][2040.782s][info ][safepoint     ] Entering safepoint region: Cleanup
[2023-11-25T16:39:24.629+0000][2040.783s][info ][safepoint     ] Leaving safepoint region
[2023-11-25T16:39:24.629+0000][2040.784s][info ][safepoint     ] Total time for which application threads were stopped: 0.0014531 seconds, Stopping threads took: 0.0006380 seconds
[2023-11-25T16:39:29.038+0000][2045.193s][debug][safepoint     ] Safepoint synchronization initiated. (202 threads)
[2023-11-25T16:39:29.039+0000][2045.194s][info ][safepoint     ] Application time: 4.4096337 seconds
[2023-11-25T16:39:29.040+0000][2045.194s][info ][safepoint     ] Entering safepoint region: ICBufferFull
[2023-11-25T16:39:29.040+0000][2045.195s][info ][safepoint     ] Leaving safepoint region
[2023-11-25T16:39:29.041+0000][2045.196s][info ][safepoint     ] Total time for which application threads were stopped: 0.0014312 seconds, Stopping threads took: 0.0004762 seconds
[2023-11-25T16:39:29.126+0000][2045.280s][debug][safepoint     ] Safepoint synchronization initiated. (202 threads)
[2023-11-25T16:39:29.126+0000][2045.281s][info ][safepoint     ] Application time: 0.0850976 seconds
[2023-11-25T16:39:29.127+0000][2045.282s][info ][safepoint     ] Entering safepoint region: ICBufferFull
[2023-11-25T16:39:29.128+0000][2045.282s][info ][safepoint     ] Leaving safepoint region
[2023-11-25T16:39:29.128+0000][2045.283s][info ][safepoint     ] Total time for which application threads were stopped: 0.0012832 seconds, Stopping threads took: 0.0004090 seconds
[2023-11-25T16:39:30.129+0000][2046.284s][debug][safepoint     ] Safepoint synchronization initiated. (202 threads)
[2023-11-25T16:39:30.130+0000][2046.285s][info ][safepoint     ] Application time: 1.0012960 seconds
[2023-11-25T16:39:30.131+0000][2046.285s][info ][safepoint     ] Entering safepoint region: Cleanup
[2023-11-25T16:39:30.131+0000][2046.286s][info ][safepoint     ] Leaving safepoint region
[2023-11-25T16:39:30.132+0000][2046.286s][info ][safepoint     ] Total time for which application threads were stopped: 0.0012850 seconds, Stopping threads took: 0.0005380 seconds
[2023-11-25T16:39:31.132+0000][2047.287s][debug][safepoint     ] Safepoint synchronization initiated. (205 threads)
[2023-11-25T16:39:31.133+0000][2047.288s][info ][safepoint     ] Application time: 1.0007681 seconds
[2023-11-25T16:39:31.133+0000][2047.288s][info ][safepoint     ] Entering safepoint region: Cleanup
[2023-11-25T16:39:31.134+0000][2047.289s][info ][safepoint     ] Leaving safepoint region
[2023-11-25T16:39:31.134+0000][2047.289s][info ][safepoint     ] Total time for which application threads were stopped: 0.0010194 seconds, Stopping threads took: 0.0003791 seconds
[2023-11-25T16:39:36.136+0000][2052.290s][debug][safepoint     ] Safepoint synchronization initiated. (205 threads)
[2023-11-25T16:39:36.137+0000][2052.292s][info ][safepoint     ] Application time: 5.0022680 seconds
[2023-11-25T16:39:36.138+0000][2052.293s][info ][safepoint     ] Entering safepoint region: Cleanup
[2023-11-25T16:39:36.140+0000][2052.294s][info ][safepoint     ] Leaving safepoint region
[2023-11-25T16:39:36.140+0000][2052.295s][info ][safepoint     ] Total time for which application threads were stopped: 0.0026109 seconds, Stopping threads took: 0.0011395 seconds
[2023-11-25T16:39:38.142+0000][2054.297s][debug][safepoint     ] Safepoint synchronization initiated. (205 threads)
[2023-11-25T16:39:38.143+0000][2054.297s][info ][safepoint     ] Application time: 2.0009593 seconds
[2023-11-25T16:39:38.143+0000][2054.298s][info ][safepoint     ] Entering safepoint region: Cleanup
[2023-11-25T16:39:38.144+0000][2054.298s][info ][safepoint     ] Leaving safepoint region
[2023-11-25T16:39:38.144+0000][2054.299s][info ][safepoint     ] Total time for which application threads were stopped: 0.0014827 seconds, Stopping threads took: 0.0005970 seconds
[2023-11-25T16:39:39.145+0000][2055.300s][debug][safepoint     ] Safepoint synchronization initiated. (205 threads)
[2023-11-25T16:39:39.146+0000][2055.300s][info ][safepoint     ] Application time: 1.0007463 seconds
[2023-11-25T16:39:39.147+0000][2055.301s][info ][safepoint     ] Entering safepoint region: Cleanup
[2023-11-25T16:39:39.147+0000][2055.302s][info ][safepoint     ] Leaving safepoint region
[2023-11-25T16:39:39.148+0000][2055.303s][info ][safepoint     ] Total time for which application threads were stopped: 0.0013892 seconds, Stopping threads took: 0.0006658 seconds
[2023-11-25T16:39:40.148+0000][2056.303s][debug][safepoint     ] Safepoint synchronization initiated. (205 threads)
[2023-11-25T16:39:40.149+0000][2056.304s][info ][safepoint     ] Application time: 1.0008599 seconds
[2023-11-25T16:39:40.150+0000][2056.304s][info ][safepoint     ] Entering safepoint region: Cleanup
[2023-11-25T16:39:40.150+0000][2056.305s][info ][safepoint     ] Leaving safepoint region
[2023-11-25T16:39:40.151+0000][2056.306s][info ][safepoint     ] Total time for which application threads were stopped: 0.0012322 seconds, Stopping threads took: 0.0004775 seconds
[2023-11-25T16:39:41.152+0000][2057.306s][debug][safepoint     ] Safepoint synchronization initiated. (205 threads)
[2023-11-25T16:39:41.153+0000][2057.307s][info ][safepoint     ] Application time: 1.0013214 seconds
[2023-11-25T16:39:41.153+0000][2057.308s][info ][safepoint     ] Entering safepoint region: Cleanup
[2023-11-25T16:39:41.154+0000][2057.309s][info ][safepoint     ] Leaving safepoint region
[2023-11-25T16:39:41.155+0000][2057.309s][info ][safepoint     ] Total time for which application threads were stopped: 0.0013720 seconds, Stopping threads took: 0.0005970 seconds
[2023-11-25T16:39:42.155+0000][2058.310s][debug][safepoint     ] Safepoint synchronization initiated. (205 threads)
[2023-11-25T16:39:42.156+0000][2058.311s][info ][safepoint     ] Application time: 1.0009280 seconds
[2023-11-25T16:39:42.157+0000][2058.311s][info ][safepoint     ] Entering safepoint region: Cleanup
[2023-11-25T16:39:42.157+0000][2058.312s][info ][safepoint     ] Leaving safepoint region
[2023-11-25T16:39:42.158+0000][2058.313s][info ][safepoint     ] Total time for which application threads were stopped: 0.0015076 seconds, Stopping threads took: 0.0005919 seconds
[2023-11-25T16:39:44.160+0000][2060.314s][debug][safepoint     ] Safepoint synchronization initiated. (205 threads)
[2023-11-25T16:39:44.160+0000][2060.315s][info ][safepoint     ] Application time: 2.0014078 seconds
[2023-11-25T16:39:44.162+0000][2060.316s][info ][safepoint     ] Entering safepoint region: Cleanup
[2023-11-25T16:39:44.163+0000][2060.317s][info ][safepoint     ] Leaving safepoint region
[2023-11-25T16:39:44.163+0000][2060.318s][info ][safepoint     ] Total time for which application threads were stopped: 0.0017127 seconds, Stopping threads took: 0.0007141 seconds
[2023-11-25T16:39:45.164+0000][2061.319s][debug][safepoint     ] Safepoint synchronization initiated. (205 threads)
[2023-11-25T16:39:45.165+0000][2061.319s][info ][safepoint     ] Application time: 1.0006544 seconds
[2023-11-25T16:39:45.165+0000][2061.320s][info ][safepoint     ] Entering safepoint region: Cleanup
[2023-11-25T16:39:45.166+0000][2061.320s][info ][safepoint     ] Leaving safepoint region
[2023-11-25T16:39:45.166+0000][2061.321s][info ][safepoint     ] Total time for which application threads were stopped: 0.0010722 seconds, Stopping threads took: 0.0004990 seconds
[2023-11-25T16:40:16.173+0000][2092.328s][debug][safepoint     ] Safepoint synchronization initiated. (205 threads)
[2023-11-25T16:40:16.174+0000][2092.329s][info ][safepoint     ] Application time: 31.0082691 seconds
[2023-11-25T16:40:16.176+0000][2092.331s][info ][safepoint     ] Entering safepoint region: Cleanup
[2023-11-25T16:40:16.177+0000][2092.332s][info ][safepoint     ] Leaving safepoint region
[2023-11-25T16:40:16.178+0000][2092.333s][info ][safepoint     ] Total time for which application threads were stopped: 0.0023976 seconds, Stopping threads took: 0.0010609 seconds
[2023-11-25T16:40:21.180+0000][2097.335s][debug][safepoint     ] Safepoint synchronization initiated. (204 threads)
[2023-11-25T16:40:21.181+0000][2097.336s][info ][safepoint     ] Application time: 5.0023904 seconds
[2023-11-25T16:40:21.182+0000][2097.337s][info ][safepoint     ] Entering safepoint region: Cleanup
[2023-11-25T16:40:21.183+0000][2097.338s][info ][safepoint     ] Leaving safepoint region
[2023-11-25T16:40:21.184+0000][2097.339s][info ][safepoint     ] Total time for which application threads were stopped: 0.0024565 seconds, Stopping threads took: 0.0009079 seconds
[2023-11-25T16:40:25.186+0000][2101.341s][debug][safepoint     ] Safepoint synchronization initiated. (204 threads)
[2023-11-25T16:40:25.187+0000][2101.342s][info ][safepoint     ] Application time: 4.0016435 seconds
[2023-11-25T16:40:25.187+0000][2101.342s][info ][safepoint     ] Entering safepoint region: Cleanup
[2023-11-25T16:40:25.188+0000][2101.343s][info ][safepoint     ] Leaving safepoint region
[2023-11-25T16:40:25.188+0000][2101.343s][info ][safepoint     ] Total time for which application threads were stopped: 0.0011598 seconds, Stopping threads took: 0.0004685 seconds
[2023-11-25T16:40:45.194+0000][2121.350s][debug][safepoint     ] Safepoint synchronization initiated. (204 threads)
[2023-11-25T16:40:45.195+0000][2121.350s][info ][safepoint     ] Application time: 20.0059477 seconds
[2023-11-25T16:40:45.196+0000][2121.351s][info ][safepoint     ] Entering safepoint region: Cleanup
[2023-11-25T16:40:45.197+0000][2121.352s][info ][safepoint     ] Leaving safepoint region
[2023-11-25T16:40:45.198+0000][2121.353s][info ][safepoint     ] Total time for which application threads were stopped: 0.0022438 seconds, Stopping threads took: 0.0006534 seconds
[2023-11-25T16:41:07.501+0000][2143.665s][debug][safepoint     ] Safepoint synchronization initiated. (204 threads)
[2023-11-25T16:41:07.502+0000][2143.665s][info ][safepoint     ] Application time: 22.3116129 seconds
[2023-11-25T16:41:07.502+0000][2143.666s][info ][safepoint     ] Entering safepoint region: G1CollectForAllocation
[2023-11-25T16:41:07.503+0000][2143.666s][info ][gc,start      ] GC(77) Pause Young (Normal) (G1 Evacuation Pause)
[2023-11-25T16:41:07.503+0000][2143.667s][info ][gc,task       ] GC(77) Using 8 workers of 8 for evacuation
[2023-11-25T16:41:07.517+0000][2143.680s][info ][gc,phases     ] GC(77)   Pre Evacuate Collection Set: 0.1ms
[2023-11-25T16:41:07.517+0000][2143.681s][info ][gc,phases     ] GC(77)   Evacuate Collection Set: 8.3ms
[2023-11-25T16:41:07.518+0000][2143.682s][info ][gc,phases     ] GC(77)   Post Evacuate Collection Set: 4.7ms
[2023-11-25T16:41:07.518+0000][2143.682s][info ][gc,phases     ] GC(77)   Other: 1.0ms
[2023-11-25T16:41:07.519+0000][2143.683s][info ][gc,heap       ] GC(77) Eden regions: 209->0(202)
[2023-11-25T16:41:07.520+0000][2143.683s][info ][gc,heap       ] GC(77) Survivor regions: 13->14(28)
[2023-11-25T16:41:07.520+0000][2143.684s][info ][gc,heap       ] GC(77) Old regions: 163->163
[2023-11-25T16:41:07.520+0000][2143.684s][info ][gc,heap       ] GC(77) Humongous regions: 30->30
[2023-11-25T16:41:07.521+0000][2143.685s][info ][gc,metaspace  ] GC(77) Metaspace: 184770K(199080K)->184770K(199080K) NonClass: 163421K(174804K)->163421K(174804K) Class: 21348K(24276K)->21348K(24276K)
[2023-11-25T16:41:07.522+0000][2143.685s][info ][gc            ] GC(77) Pause Young (Normal) (G1 Evacuation Pause) 413M->205M(470M) 18.799ms
[2023-11-25T16:41:07.522+0000][2143.686s][info ][gc,cpu        ] GC(77) User=0.09s Sys=0.00s Real=0.02s
[2023-11-25T16:41:07.523+0000][2143.686s][info ][safepoint     ] Leaving safepoint region
[2023-11-25T16:41:07.523+0000][2143.687s][info ][safepoint     ] Total time for which application threads were stopped: 0.0210310 seconds, Stopping threads took: 0.0003986 seconds
[2023-11-25T16:41:07.524+0000][2143.688s][info ][gc,stringdedup] Concurrent String Deduplication (2143.688s)
[2023-11-25T16:41:07.524+0000][2143.688s][info ][gc,stringdedup] Concurrent String Deduplication 5520.0B->3808.0B(1712.0B) avg 52.8% (2143.688s, 2143.688s) 0.524ms
[2023-11-25T16:41:22.533+0000][2158.691s][debug][safepoint     ] Safepoint synchronization initiated. (204 threads)
[2023-11-25T16:41:22.535+0000][2158.692s][info ][safepoint     ] Application time: 15.0048275 seconds
[2023-11-25T16:41:22.536+0000][2158.694s][info ][safepoint     ] Entering safepoint region: Cleanup
[2023-11-25T16:41:22.538+0000][2158.695s][info ][safepoint     ] Leaving safepoint region
[2023-11-25T16:41:22.539+0000][2158.696s][info ][safepoint     ] Total time for which application threads were stopped: 0.0029055 seconds, Stopping threads took: 0.0012675 seconds
[2023-11-25T16:41:54.548+0000][2190.705s][debug][safepoint     ] Safepoint synchronization initiated. (204 threads)
[2023-11-25T16:41:54.549+0000][2190.705s][info ][safepoint     ] Application time: 32.0080234 seconds
[2023-11-25T16:41:54.549+0000][2190.706s][info ][safepoint     ] Entering safepoint region: Cleanup
[2023-11-25T16:41:54.550+0000][2190.706s][info ][safepoint     ] Leaving safepoint region
[2023-11-25T16:41:54.550+0000][2190.707s][info ][safepoint     ] Total time for which application threads were stopped: 0.0011665 seconds, Stopping threads took: 0.0005511 seconds
[2023-11-25T16:42:02.553+0000][2198.709s][debug][safepoint     ] Safepoint synchronization initiated. (204 threads)
[2023-11-25T16:42:02.554+0000][2198.711s][info ][safepoint     ] Application time: 8.0033402 seconds
[2023-11-25T16:42:02.556+0000][2198.712s][info ][safepoint     ] Entering safepoint region: Cleanup
[2023-11-25T16:42:02.557+0000][2198.714s][info ][safepoint     ] Leaving safepoint region
[2023-11-25T16:42:02.558+0000][2198.715s][info ][safepoint     ] Total time for which application threads were stopped: 0.0029041 seconds, Stopping threads took: 0.0013142 seconds
[2023-11-25T16:42:15.562+0000][2211.719s][debug][safepoint     ] Safepoint synchronization initiated. (206 threads)
[2023-11-25T16:42:15.563+0000][2211.720s][info ][safepoint     ] Application time: 13.0042555 seconds
[2023-11-25T16:42:15.565+0000][2211.721s][info ][safepoint     ] Entering safepoint region: Cleanup
[2023-11-25T16:42:15.566+0000][2211.722s][info ][safepoint     ] Leaving safepoint region
[2023-11-25T16:42:15.567+0000][2211.723s][info ][safepoint     ] Total time for which application threads were stopped: 0.0023151 seconds, Stopping threads took: 0.0010175 seconds
[2023-11-25T16:42:18.570+0000][2214.725s][debug][safepoint     ] Safepoint synchronization initiated. (206 threads)
[2023-11-25T16:42:18.570+0000][2214.725s][info ][safepoint     ] Application time: 3.0013662 seconds
[2023-11-25T16:42:18.571+0000][2214.726s][info ][safepoint     ] Entering safepoint region: Cleanup
[2023-11-25T16:42:18.572+0000][2214.727s][info ][safepoint     ] Leaving safepoint region
[2023-11-25T16:42:18.572+0000][2214.727s][info ][safepoint     ] Total time for which application threads were stopped: 0.0013190 seconds, Stopping threads took: 0.0006411 seconds
[2023-11-25T16:42:20.573+0000][2216.729s][debug][safepoint     ] Safepoint synchronization initiated. (206 threads)
[2023-11-25T16:42:20.575+0000][2216.730s][info ][safepoint     ] Application time: 2.0018295 seconds
[2023-11-25T16:42:20.576+0000][2216.731s][info ][safepoint     ] Entering safepoint region: Cleanup
[2023-11-25T16:42:20.577+0000][2216.732s][info ][safepoint     ] Leaving safepoint region
[2023-11-25T16:42:20.578+0000][2216.733s][info ][safepoint     ] Total time for which application threads were stopped: 0.0023257 seconds, Stopping threads took: 0.0010323 seconds
[2023-11-25T16:42:21.579+0000][2217.734s][debug][safepoint     ] Safepoint synchronization initiated. (206 threads)
[2023-11-25T16:42:21.580+0000][2217.735s][info ][safepoint     ] Application time: 1.0010222 seconds
[2023-11-25T16:42:21.580+0000][2217.735s][info ][safepoint     ] Entering safepoint region: Cleanup
[2023-11-25T16:42:21.581+0000][2217.736s][info ][safepoint     ] Leaving safepoint region
[2023-11-25T16:42:21.581+0000][2217.737s][info ][safepoint     ] Total time for which application threads were stopped: 0.0012587 seconds, Stopping threads took: 0.0005245 seconds
