[2023-10-18T22:51:52.970+0000][0.078s][info][gc,heap] Heap region size: 1M
[2023-10-18T22:51:52.974+0000][0.082s][info][gc     ] Using G1
[2023-10-18T22:51:52.975+0000][0.082s][info][gc,heap,coops] Heap address: 0x0000000085a00000, size: 1958 MB, Compressed Oops mode: 32-bit
[2023-10-18T22:51:52.976+0000][0.083s][info][gc,cds       ] Mark closed archive regions in map: [0x00000000ffc00000, 0x00000000ffc6aff8]
[2023-10-18T22:51:52.977+0000][0.084s][info][gc,cds       ] Mark open archive regions in map: [0x00000000ff800000, 0x00000000ff847ff8]
[2023-10-18T22:51:53.046+0000][0.154s][debug][safepoint    ] Safepoint synchronization initiated. (9 threads)
[2023-10-18T22:51:53.048+0000][0.155s][info ][safepoint    ] Application time: 0.0360097 seconds
[2023-10-18T22:51:53.048+0000][0.156s][info ][safepoint    ] Entering safepoint region: Deoptimize
[2023-10-18T22:51:53.049+0000][0.156s][info ][safepoint    ] Leaving safepoint region
[2023-10-18T22:51:53.050+0000][0.157s][info ][safepoint    ] Total time for which application threads were stopped: 0.0012432 seconds, Stopping threads took: 0.0004989 seconds
[2023-10-18T22:51:53.715+0000][0.823s][debug][safepoint    ] Safepoint synchronization initiated. (11 threads)
[2023-10-18T22:51:53.716+0000][0.823s][info ][safepoint    ] Application time: 0.6660691 seconds
[2023-10-18T22:51:53.717+0000][0.824s][info ][safepoint    ] Entering safepoint region: G1CollectForAllocation
[2023-10-18T22:51:53.717+0000][0.825s][info ][gc,start     ] GC(0) Pause Young (Normal) (G1 Evacuation Pause)
[2023-10-18T22:51:53.718+0000][0.825s][info ][gc,task      ] GC(0) Using 3 workers of 8 for evacuation
[2023-10-18T22:51:53.738+0000][0.845s][info ][gc,phases    ] GC(0)   Pre Evacuate Collection Set: 0.0ms
[2023-10-18T22:51:53.741+0000][0.848s][info ][gc,phases    ] GC(0)   Evacuate Collection Set: 17.8ms
[2023-10-18T22:51:53.742+0000][0.849s][info ][gc,phases    ] GC(0)   Post Evacuate Collection Set: 1.4ms
[2023-10-18T22:51:53.742+0000][0.849s][info ][gc,phases    ] GC(0)   Other: 1.3ms
[2023-10-18T22:51:53.742+0000][0.850s][info ][gc,heap      ] GC(0) Eden regions: 59->0(66)
[2023-10-18T22:51:53.743+0000][0.850s][info ][gc,heap      ] GC(0) Survivor regions: 0->8(8)
[2023-10-18T22:51:53.743+0000][0.851s][info ][gc,heap      ] GC(0) Old regions: 2->2
[2023-10-18T22:51:53.744+0000][0.851s][info ][gc,heap      ] GC(0) Humongous regions: 2->0
[2023-10-18T22:51:53.744+0000][0.852s][info ][gc,metaspace ] GC(0) Metaspace: 2403K(5760K)->2403K(5760K) NonClass: 2201K(5120K)->2201K(5120K) Class: 202K(640K)->202K(640K)
[2023-10-18T22:51:53.745+0000][0.853s][info ][gc           ] GC(0) Pause Young (Normal) (G1 Evacuation Pause) 61M->8M(126M) 28.010ms
[2023-10-18T22:51:53.746+0000][0.853s][info ][gc,cpu       ] GC(0) User=0.08s Sys=0.03s Real=0.03s
[2023-10-18T22:51:53.746+0000][0.854s][info ][safepoint    ] Leaving safepoint region
[2023-10-18T22:51:53.747+0000][0.854s][info ][safepoint    ] Total time for which application threads were stopped: 0.0302148 seconds, Stopping threads took: 0.0004149 seconds
[2023-10-18T22:51:53.883+0000][0.991s][debug][safepoint    ] Safepoint synchronization initiated. (11 threads)
[2023-10-18T22:51:53.884+0000][0.991s][info ][safepoint    ] Application time: 0.1366131 seconds
[2023-10-18T22:51:53.884+0000][0.992s][info ][safepoint    ] Entering safepoint region: Deoptimize
[2023-10-18T22:51:53.885+0000][0.993s][info ][safepoint    ] Leaving safepoint region
[2023-10-18T22:51:53.886+0000][0.993s][info ][safepoint    ] Total time for which application threads were stopped: 0.0012986 seconds, Stopping threads took: 0.0005373 seconds
[2023-10-18T22:51:53.894+0000][1.001s][debug][safepoint    ] Safepoint synchronization initiated. (11 threads)
[2023-10-18T22:51:53.894+0000][1.002s][info ][safepoint    ] Application time: 0.0082497 seconds
[2023-10-18T22:51:53.895+0000][1.002s][info ][safepoint    ] Entering safepoint region: Deoptimize
[2023-10-18T22:51:53.897+0000][1.004s][info ][safepoint    ] Leaving safepoint region
[2023-10-18T22:51:53.897+0000][1.004s][info ][safepoint    ] Total time for which application threads were stopped: 0.0021551 seconds, Stopping threads took: 0.0013087 seconds
[2023-10-18T22:51:53.984+0000][1.091s][debug][safepoint    ] Safepoint synchronization initiated. (11 threads)
[2023-10-18T22:51:53.985+0000][1.092s][info ][safepoint    ] Application time: 0.0869468 seconds
[2023-10-18T22:51:53.985+0000][1.093s][info ][safepoint    ] Entering safepoint region: Deoptimize
[2023-10-18T22:51:53.986+0000][1.094s][info ][safepoint    ] Leaving safepoint region
[2023-10-18T22:51:53.987+0000][1.094s][info ][safepoint    ] Total time for which application threads were stopped: 0.0014499 seconds, Stopping threads took: 0.0005893 seconds
[2023-10-18T22:51:54.000+0000][1.108s][debug][safepoint    ] Safepoint synchronization initiated. (11 threads)
[2023-10-18T22:51:54.001+0000][1.108s][info ][safepoint    ] Application time: 0.0138168 seconds
[2023-10-18T22:51:54.001+0000][1.109s][info ][safepoint    ] Entering safepoint region: Deoptimize
[2023-10-18T22:51:54.002+0000][1.110s][info ][safepoint    ] Leaving safepoint region
[2023-10-18T22:51:54.003+0000][1.110s][info ][safepoint    ] Total time for which application threads were stopped: 0.0010884 seconds, Stopping threads took: 0.0004399 seconds
[2023-10-18T22:51:54.267+0000][1.374s][debug][safepoint    ] Safepoint synchronization initiated. (12 threads)
[2023-10-18T22:51:54.268+0000][1.375s][info ][safepoint    ] Application time: 0.2646084 seconds
[2023-10-18T22:51:54.268+0000][1.375s][info ][safepoint    ] Entering safepoint region: G1CollectForAllocation
[2023-10-18T22:51:54.269+0000][1.376s][info ][gc,start     ] GC(1) Pause Young (Normal) (G1 Evacuation Pause)
[2023-10-18T22:51:54.269+0000][1.377s][info ][gc,task      ] GC(1) Using 3 workers of 8 for evacuation
[2023-10-18T22:51:54.281+0000][1.389s][info ][gc,phases    ] GC(1)   Pre Evacuate Collection Set: 0.0ms
[2023-10-18T22:51:54.282+0000][1.389s][info ][gc,phases    ] GC(1)   Evacuate Collection Set: 10.4ms
[2023-10-18T22:51:54.282+0000][1.389s][info ][gc,phases    ] GC(1)   Post Evacuate Collection Set: 0.9ms
[2023-10-18T22:51:54.282+0000][1.390s][info ][gc,phases    ] GC(1)   Other: 1.1ms
[2023-10-18T22:51:54.283+0000][1.390s][info ][gc,heap      ] GC(1) Eden regions: 66->0(69)
[2023-10-18T22:51:54.283+0000][1.391s][info ][gc,heap      ] GC(1) Survivor regions: 8->1(10)
[2023-10-18T22:51:54.284+0000][1.391s][info ][gc,heap      ] GC(1) Old regions: 2->10
[2023-10-18T22:51:54.284+0000][1.391s][info ][gc,heap      ] GC(1) Humongous regions: 0->0
[2023-10-18T22:51:54.284+0000][1.392s][info ][gc,metaspace ] GC(1) Metaspace: 5141K(7424K)->5141K(7424K) NonClass: 4588K(6656K)->4588K(6656K) Class: 553K(768K)->553K(768K)
[2023-10-18T22:51:54.285+0000][1.392s][info ][gc           ] GC(1) Pause Young (Normal) (G1 Evacuation Pause) 74M->9M(126M) 16.242ms
[2023-10-18T22:51:54.285+0000][1.393s][info ][gc,cpu       ] GC(1) User=0.06s Sys=0.02s Real=0.02s
[2023-10-18T22:51:54.286+0000][1.393s][info ][safepoint    ] Leaving safepoint region
[2023-10-18T22:51:54.286+0000][1.394s][info ][safepoint    ] Total time for which application threads were stopped: 0.0182711 seconds, Stopping threads took: 0.0004770 seconds
[2023-10-18T22:51:54.287+0000][1.394s][info ][gc,stringdedup] Concurrent String Deduplication (1.394s)
[2023-10-18T22:51:54.300+0000][1.407s][info ][gc,stringdedup] Concurrent String Deduplication 2183.3K->2008.8K(174.5K) avg 7.1% (1.394s, 1.407s) 13.013ms
[2023-10-18T22:51:54.715+0000][1.823s][debug][safepoint     ] Safepoint synchronization initiated. (12 threads)
[2023-10-18T22:51:54.716+0000][1.823s][info ][safepoint     ] Application time: 0.4291771 seconds
[2023-10-18T22:51:54.716+0000][1.824s][info ][safepoint     ] Entering safepoint region: G1CollectForAllocation
[2023-10-18T22:51:54.717+0000][1.825s][info ][gc,start      ] GC(2) Pause Young (Normal) (G1 Evacuation Pause)
[2023-10-18T22:51:54.718+0000][1.825s][info ][gc,task       ] GC(2) Using 3 workers of 8 for evacuation
[2023-10-18T22:51:54.726+0000][1.833s][info ][gc,phases     ] GC(2)   Pre Evacuate Collection Set: 0.0ms
[2023-10-18T22:51:54.726+0000][1.834s][info ][gc,phases     ] GC(2)   Evacuate Collection Set: 5.0ms
[2023-10-18T22:51:54.727+0000][1.834s][info ][gc,phases     ] GC(2)   Post Evacuate Collection Set: 2.3ms
[2023-10-18T22:51:54.728+0000][1.835s][info ][gc,phases     ] GC(2)   Other: 1.2ms
[2023-10-18T22:51:54.728+0000][1.836s][info ][gc,heap       ] GC(2) Eden regions: 69->0(72)
[2023-10-18T22:51:54.729+0000][1.836s][info ][gc,heap       ] GC(2) Survivor regions: 1->2(9)
[2023-10-18T22:51:54.729+0000][1.837s][info ][gc,heap       ] GC(2) Old regions: 10->10
[2023-10-18T22:51:54.730+0000][1.837s][info ][gc,heap       ] GC(2) Humongous regions: 0->0
[2023-10-18T22:51:54.730+0000][1.838s][info ][gc,metaspace  ] GC(2) Metaspace: 7212K(9088K)->7212K(9088K) NonClass: 6383K(7936K)->6383K(7936K) Class: 829K(1152K)->829K(1152K)
[2023-10-18T22:51:54.731+0000][1.838s][info ][gc            ] GC(2) Pause Young (Normal) (G1 Evacuation Pause) 78M->10M(126M) 13.497ms
[2023-10-18T22:51:54.731+0000][1.838s][info ][gc,cpu        ] GC(2) User=0.07s Sys=0.01s Real=0.02s
[2023-10-18T22:51:54.732+0000][1.839s][info ][safepoint     ] Leaving safepoint region
[2023-10-18T22:51:54.732+0000][1.839s][info ][safepoint     ] Total time for which application threads were stopped: 0.0156680 seconds, Stopping threads took: 0.0004309 seconds
[2023-10-18T22:51:55.217+0000][2.324s][debug][safepoint     ] Safepoint synchronization initiated. (12 threads)
[2023-10-18T22:51:55.217+0000][2.325s][info ][safepoint     ] Application time: 0.4848795 seconds
[2023-10-18T22:51:55.218+0000][2.325s][info ][safepoint     ] Entering safepoint region: G1CollectForAllocation
[2023-10-18T22:51:55.218+0000][2.326s][info ][gc,start      ] GC(3) Pause Young (Normal) (G1 Evacuation Pause)
[2023-10-18T22:51:55.219+0000][2.326s][info ][gc,task       ] GC(3) Using 3 workers of 8 for evacuation
[2023-10-18T22:51:55.225+0000][2.333s][info ][gc,phases     ] GC(3)   Pre Evacuate Collection Set: 0.0ms
[2023-10-18T22:51:55.226+0000][2.334s][info ][gc,phases     ] GC(3)   Evacuate Collection Set: 4.6ms
[2023-10-18T22:51:55.227+0000][2.334s][info ][gc,phases     ] GC(3)   Post Evacuate Collection Set: 1.5ms
[2023-10-18T22:51:55.227+0000][2.334s][info ][gc,phases     ] GC(3)   Other: 0.9ms
[2023-10-18T22:51:55.227+0000][2.335s][info ][gc,heap       ] GC(3) Eden regions: 72->0(71)
[2023-10-18T22:51:55.228+0000][2.336s][info ][gc,heap       ] GC(3) Survivor regions: 2->3(10)
[2023-10-18T22:51:55.229+0000][2.336s][info ][gc,heap       ] GC(3) Old regions: 10->10
[2023-10-18T22:51:55.229+0000][2.336s][info ][gc,heap       ] GC(3) Humongous regions: 0->0
[2023-10-18T22:51:55.230+0000][2.337s][info ][gc,metaspace  ] GC(3) Metaspace: 10396K(11776K)->10396K(11776K) NonClass: 9123K(10240K)->9123K(10240K) Class: 1273K(1536K)->1273K(1536K)
[2023-10-18T22:51:55.230+0000][2.338s][info ][gc            ] GC(3) Pause Young (Normal) (G1 Evacuation Pause) 82M->11M(126M) 11.687ms
[2023-10-18T22:51:55.231+0000][2.338s][info ][gc,cpu        ] GC(3) User=0.06s Sys=0.00s Real=0.02s
[2023-10-18T22:51:55.231+0000][2.339s][info ][safepoint     ] Leaving safepoint region
[2023-10-18T22:51:55.232+0000][2.339s][info ][safepoint     ] Total time for which application threads were stopped: 0.0139813 seconds, Stopping threads took: 0.0004634 seconds
[2023-10-18T22:51:55.232+0000][2.340s][info ][gc,stringdedup] Concurrent String Deduplication (2.340s)
[2023-10-18T22:51:55.234+0000][2.341s][info ][gc,stringdedup] Concurrent String Deduplication 54792.0B->21904.0B(32888.0B) avg 8.2% (2.340s, 2.341s) 1.475ms
[2023-10-18T22:51:55.412+0000][2.519s][debug][safepoint     ] Safepoint synchronization initiated. (12 threads)
[2023-10-18T22:51:55.413+0000][2.520s][info ][safepoint     ] Application time: 0.1804269 seconds
[2023-10-18T22:51:55.413+0000][2.521s][info ][safepoint     ] Entering safepoint region: Deoptimize
[2023-10-18T22:51:55.414+0000][2.522s][info ][safepoint     ] Leaving safepoint region
[2023-10-18T22:51:55.415+0000][2.522s][info ][safepoint     ] Total time for which application threads were stopped: 0.0016056 seconds, Stopping threads took: 0.0006366 seconds
[2023-10-18T22:51:55.501+0000][2.609s][debug][safepoint     ] Safepoint synchronization initiated. (12 threads)
[2023-10-18T22:51:55.502+0000][2.609s][info ][safepoint     ] Application time: 0.0866967 seconds
[2023-10-18T22:51:55.502+0000][2.610s][info ][safepoint     ] Entering safepoint region: ICBufferFull
[2023-10-18T22:51:55.503+0000][2.610s][info ][safepoint     ] Leaving safepoint region
[2023-10-18T22:51:55.503+0000][2.611s][info ][safepoint     ] Total time for which application threads were stopped: 0.0009582 seconds, Stopping threads took: 0.0003861 seconds
[2023-10-18T22:51:55.556+0000][2.663s][debug][safepoint     ] Safepoint synchronization initiated. (11 threads)
[2023-10-18T22:51:55.556+0000][2.664s][info ][safepoint     ] Application time: 0.0524569 seconds
[2023-10-18T22:51:55.557+0000][2.664s][info ][safepoint     ] Entering safepoint region: G1CollectForAllocation
[2023-10-18T22:51:55.557+0000][2.665s][info ][gc,start      ] GC(4) Pause Young (Normal) (G1 Evacuation Pause)
[2023-10-18T22:51:55.558+0000][2.665s][info ][gc,task       ] GC(4) Using 3 workers of 8 for evacuation
[2023-10-18T22:51:55.567+0000][2.675s][info ][gc,phases     ] GC(4)   Pre Evacuate Collection Set: 0.0ms
[2023-10-18T22:51:55.568+0000][2.675s][info ][gc,phases     ] GC(4)   Evacuate Collection Set: 6.6ms
[2023-10-18T22:51:55.568+0000][2.675s][info ][gc,phases     ] GC(4)   Post Evacuate Collection Set: 2.3ms
[2023-10-18T22:51:55.568+0000][2.676s][info ][gc,phases     ] GC(4)   Other: 1.0ms
[2023-10-18T22:51:55.569+0000][2.676s][info ][gc,heap       ] GC(4) Eden regions: 71->0(83)
[2023-10-18T22:51:55.569+0000][2.677s][info ][gc,heap       ] GC(4) Survivor regions: 3->5(10)
[2023-10-18T22:51:55.569+0000][2.677s][info ][gc,heap       ] GC(4) Old regions: 10->10
[2023-10-18T22:51:55.570+0000][2.677s][info ][gc,heap       ] GC(4) Humongous regions: 0->0
[2023-10-18T22:51:55.570+0000][2.678s][info ][gc,metaspace  ] GC(4) Metaspace: 12117K(13056K)->12117K(13056K) NonClass: 10621K(11264K)->10621K(11264K) Class: 1495K(1792K)->1495K(1792K)
[2023-10-18T22:51:55.571+0000][2.678s][info ][gc            ] GC(4) Pause Young (Normal) (G1 Evacuation Pause) 82M->13M(154M) 13.432ms
[2023-10-18T22:51:55.571+0000][2.678s][info ][gc,cpu        ] GC(4) User=0.07s Sys=0.00s Real=0.02s
[2023-10-18T22:51:55.571+0000][2.679s][info ][safepoint     ] Leaving safepoint region
[2023-10-18T22:51:55.572+0000][2.679s][info ][safepoint     ] Total time for which application threads were stopped: 0.0151825 seconds, Stopping threads took: 0.0004102 seconds
[2023-10-18T22:51:55.572+0000][2.680s][info ][gc,stringdedup] Concurrent String Deduplication (2.680s)
[2023-10-18T22:51:55.574+0000][2.682s][info ][gc,stringdedup] Concurrent String Deduplication 114.2K->35848.0B(81120.0B) avg 10.9% (2.680s, 2.682s) 2.138ms
[2023-10-18T22:51:55.781+0000][2.888s][debug][safepoint     ] Safepoint synchronization initiated. (13 threads)
[2023-10-18T22:51:55.781+0000][2.889s][info ][safepoint     ] Application time: 0.2091286 seconds
[2023-10-18T22:51:55.782+0000][2.889s][info ][safepoint     ] Entering safepoint region: G1CollectForAllocation
[2023-10-18T22:51:55.782+0000][2.890s][info ][gc,start      ] GC(5) Pause Young (Normal) (G1 Evacuation Pause)
[2023-10-18T22:51:55.783+0000][2.890s][info ][gc,task       ] GC(5) Using 4 workers of 8 for evacuation
[2023-10-18T22:51:55.788+0000][2.895s][info ][gc,phases     ] GC(5)   Pre Evacuate Collection Set: 0.0ms
[2023-10-18T22:51:55.789+0000][2.896s][info ][gc,phases     ] GC(5)   Evacuate Collection Set: 4.2ms
[2023-10-18T22:51:55.789+0000][2.897s][info ][gc,phases     ] GC(5)   Post Evacuate Collection Set: 0.9ms
[2023-10-18T22:51:55.790+0000][2.897s][info ][gc,phases     ] GC(5)   Other: 0.9ms
[2023-10-18T22:51:55.790+0000][2.897s][info ][gc,heap       ] GC(5) Eden regions: 83->0(86)
[2023-10-18T22:51:55.790+0000][2.898s][info ][gc,heap       ] GC(5) Survivor regions: 5->6(11)
[2023-10-18T22:51:55.791+0000][2.898s][info ][gc,heap       ] GC(5) Old regions: 10->10
[2023-10-18T22:51:55.791+0000][2.899s][info ][gc,heap       ] GC(5) Humongous regions: 0->0
[2023-10-18T22:51:55.792+0000][2.899s][info ][gc,metaspace  ] GC(5) Metaspace: 15097K(16000K)->15097K(16000K) NonClass: 13215K(13824K)->13215K(13824K) Class: 1882K(2176K)->1882K(2176K)
[2023-10-18T22:51:55.792+0000][2.900s][info ][gc            ] GC(5) Pause Young (Normal) (G1 Evacuation Pause) 96M->13M(154M) 10.051ms
[2023-10-18T22:51:55.793+0000][2.900s][info ][gc,cpu        ] GC(5) User=0.02s Sys=0.00s Real=0.01s
[2023-10-18T22:51:55.793+0000][2.900s][info ][safepoint     ] Leaving safepoint region
[2023-10-18T22:51:55.794+0000][2.901s][info ][safepoint     ] Total time for which application threads were stopped: 0.0119588 seconds, Stopping threads took: 0.0003244 seconds
[2023-10-18T22:51:55.794+0000][2.901s][info ][gc,stringdedup] Concurrent String Deduplication (2.901s)
[2023-10-18T22:51:55.795+0000][2.903s][info ][gc,stringdedup] Concurrent String Deduplication 96952.0B->32896.0B(64056.0B) avg 12.8% (2.901s, 2.903s) 1.243ms
[2023-10-18T22:51:55.932+0000][3.040s][debug][safepoint     ] Safepoint synchronization initiated. (13 threads)
[2023-10-18T22:51:55.933+0000][3.040s][info ][safepoint     ] Application time: 0.1388057 seconds
[2023-10-18T22:51:55.933+0000][3.041s][info ][safepoint     ] Entering safepoint region: Deoptimize
[2023-10-18T22:51:55.934+0000][3.041s][info ][safepoint     ] Leaving safepoint region
[2023-10-18T22:51:55.934+0000][3.042s][info ][safepoint     ] Total time for which application threads were stopped: 0.0012604 seconds, Stopping threads took: 0.0004148 seconds
[2023-10-18T22:51:55.941+0000][3.049s][debug][safepoint     ] Safepoint synchronization initiated. (13 threads)
[2023-10-18T22:51:55.942+0000][3.050s][info ][safepoint     ] Application time: 0.0074137 seconds
[2023-10-18T22:51:55.943+0000][3.050s][info ][safepoint     ] Entering safepoint region: G1CollectForAllocation
[2023-10-18T22:51:55.944+0000][3.051s][info ][gc,start      ] GC(6) Pause Young (Normal) (G1 Evacuation Pause)
[2023-10-18T22:51:55.944+0000][3.051s][info ][gc,task       ] GC(6) Using 4 workers of 8 for evacuation
[2023-10-18T22:51:55.952+0000][3.060s][info ][gc,phases     ] GC(6)   Pre Evacuate Collection Set: 0.0ms
[2023-10-18T22:51:55.953+0000][3.060s][info ][gc,phases     ] GC(6)   Evacuate Collection Set: 6.2ms
[2023-10-18T22:51:55.953+0000][3.061s][info ][gc,phases     ] GC(6)   Post Evacuate Collection Set: 1.3ms
[2023-10-18T22:51:55.954+0000][3.061s][info ][gc,phases     ] GC(6)   Other: 1.0ms
[2023-10-18T22:51:55.954+0000][3.062s][info ][gc,heap       ] GC(6) Eden regions: 86->0(85)
[2023-10-18T22:51:55.955+0000][3.062s][info ][gc,heap       ] GC(6) Survivor regions: 6->7(12)
[2023-10-18T22:51:55.955+0000][3.063s][info ][gc,heap       ] GC(6) Old regions: 10->10
[2023-10-18T22:51:55.956+0000][3.063s][info ][gc,heap       ] GC(6) Humongous regions: 0->0
[2023-10-18T22:51:55.956+0000][3.064s][info ][gc,metaspace  ] GC(6) Metaspace: 17110K(17920K)->17110K(17920K) NonClass: 14874K(15360K)->14874K(15360K) Class: 2235K(2560K)->2235K(2560K)
[2023-10-18T22:51:55.957+0000][3.064s][info ][gc            ] GC(6) Pause Young (Normal) (G1 Evacuation Pause) 99M->14M(154M) 12.864ms
[2023-10-18T22:51:55.957+0000][3.064s][info ][gc,cpu        ] GC(6) User=0.05s Sys=0.00s Real=0.01s
[2023-10-18T22:51:55.957+0000][3.065s][info ][safepoint     ] Leaving safepoint region
[2023-10-18T22:51:55.957+0000][3.065s][info ][safepoint     ] Total time for which application threads were stopped: 0.0144356 seconds, Stopping threads took: 0.0004553 seconds
[2023-10-18T22:51:55.958+0000][3.065s][info ][gc,stringdedup] Concurrent String Deduplication (3.065s)
[2023-10-18T22:51:55.960+0000][3.067s][info ][gc,stringdedup] Concurrent String Deduplication 114.8K->97088.0B(20432.0B) avg 13.0% (3.065s, 3.067s) 1.755ms
[2023-10-18T22:51:56.103+0000][3.210s][debug][safepoint     ] Safepoint synchronization initiated. (13 threads)
[2023-10-18T22:51:56.104+0000][3.211s][info ][safepoint     ] Application time: 0.1458520 seconds
[2023-10-18T22:51:56.104+0000][3.211s][info ][safepoint     ] Entering safepoint region: Deoptimize
[2023-10-18T22:51:56.105+0000][3.212s][info ][safepoint     ] Leaving safepoint region
[2023-10-18T22:51:56.105+0000][3.213s][info ][safepoint     ] Total time for which application threads were stopped: 0.0013413 seconds, Stopping threads took: 0.0003663 seconds
[2023-10-18T22:51:56.204+0000][3.312s][debug][safepoint     ] Safepoint synchronization initiated. (13 threads)
[2023-10-18T22:51:56.205+0000][3.312s][info ][safepoint     ] Application time: 0.0993245 seconds
[2023-10-18T22:51:56.206+0000][3.313s][debug][safepoint     ] ... found polling page return exception at pc = 0x00007f38b02caf9b, stub =0x00007f38a8840600
[2023-10-18T22:51:56.206+0000][3.313s][debug][safepoint     ] Waiting for 1 thread(s) to block
[2023-10-18T22:51:56.206+0000][3.314s][info ][safepoint     ] Entering safepoint region: G1CollectForAllocation
[2023-10-18T22:51:56.207+0000][3.314s][info ][gc,start      ] GC(7) Pause Young (Normal) (G1 Evacuation Pause)
[2023-10-18T22:51:56.207+0000][3.315s][info ][gc,task       ] GC(7) Using 4 workers of 8 for evacuation
[2023-10-18T22:51:56.217+0000][3.325s][info ][gc,phases     ] GC(7)   Pre Evacuate Collection Set: 0.0ms
[2023-10-18T22:51:56.218+0000][3.325s][info ][gc,phases     ] GC(7)   Evacuate Collection Set: 7.8ms
[2023-10-18T22:51:56.218+0000][3.326s][info ][gc,phases     ] GC(7)   Post Evacuate Collection Set: 1.6ms
[2023-10-18T22:51:56.219+0000][3.326s][info ][gc,phases     ] GC(7)   Other: 0.8ms
[2023-10-18T22:51:56.219+0000][3.327s][info ][gc,heap       ] GC(7) Eden regions: 85->0(84)
[2023-10-18T22:51:56.220+0000][3.327s][info ][gc,heap       ] GC(7) Survivor regions: 7->8(12)
[2023-10-18T22:51:56.220+0000][3.328s][info ][gc,heap       ] GC(7) Old regions: 10->10
[2023-10-18T22:51:56.220+0000][3.328s][info ][gc,heap       ] GC(7) Humongous regions: 0->0
[2023-10-18T22:51:56.221+0000][3.328s][info ][gc,metaspace  ] GC(7) Metaspace: 19676K(20736K)->19676K(20736K) NonClass: 17168K(17920K)->17168K(17920K) Class: 2508K(2816K)->2508K(2816K)
[2023-10-18T22:51:56.221+0000][3.329s][info ][gc            ] GC(7) Pause Young (Normal) (G1 Evacuation Pause) 99M->16M(154M) 14.284ms
[2023-10-18T22:51:56.222+0000][3.329s][info ][gc,cpu        ] GC(7) User=0.08s Sys=0.00s Real=0.02s
[2023-10-18T22:51:56.222+0000][3.330s][info ][safepoint     ] Leaving safepoint region
[2023-10-18T22:51:56.222+0000][3.330s][info ][safepoint     ] Total time for which application threads were stopped: 0.0169374 seconds, Stopping threads took: 0.0013024 seconds
[2023-10-18T22:51:56.223+0000][3.330s][info ][gc,stringdedup] Concurrent String Deduplication (3.330s)
[2023-10-18T22:51:56.224+0000][3.332s][info ][gc,stringdedup] Concurrent String Deduplication 79352.0B->25008.0B(54344.0B) avg 14.5% (3.330s, 3.332s) 1.214ms
[2023-10-18T22:51:56.274+0000][3.382s][debug][safepoint     ] Safepoint synchronization initiated. (13 threads)
[2023-10-18T22:51:56.276+0000][3.383s][info ][safepoint     ] Application time: 0.0526856 seconds
[2023-10-18T22:51:56.277+0000][3.384s][debug][safepoint     ] Waiting for 2 thread(s) to block
[2023-10-18T22:51:56.278+0000][3.385s][info ][safepoint     ] Entering safepoint region: CollectForMetadataAllocation
[2023-10-18T22:51:56.278+0000][3.386s][info ][gc,start      ] GC(8) Pause Young (Concurrent Start) (Metadata GC Threshold)
[2023-10-18T22:51:56.279+0000][3.386s][info ][gc,task       ] GC(8) Using 4 workers of 8 for evacuation
[2023-10-18T22:51:56.290+0000][3.398s][info ][gc,phases     ] GC(8)   Pre Evacuate Collection Set: 0.1ms
[2023-10-18T22:51:56.291+0000][3.398s][info ][gc,phases     ] GC(8)   Evacuate Collection Set: 9.5ms
[2023-10-18T22:51:56.291+0000][3.399s][info ][gc,phases     ] GC(8)   Post Evacuate Collection Set: 1.6ms
[2023-10-18T22:51:56.292+0000][3.399s][info ][gc,phases     ] GC(8)   Other: 1.1ms
[2023-10-18T22:51:56.292+0000][3.400s][info ][gc,heap       ] GC(8) Eden regions: 16->0(97)
[2023-10-18T22:51:56.293+0000][3.400s][info ][gc,heap       ] GC(8) Survivor regions: 8->7(12)
[2023-10-18T22:51:56.293+0000][3.401s][info ][gc,heap       ] GC(8) Old regions: 10->12
[2023-10-18T22:51:56.294+0000][3.401s][info ][gc,heap       ] GC(8) Humongous regions: 0->0
[2023-10-18T22:51:56.294+0000][3.402s][info ][gc,metaspace  ] GC(8) Metaspace: 20486K(21248K)->20486K(21248K) NonClass: 17904K(18432K)->17904K(18432K) Class: 2581K(2816K)->2581K(2816K)
[2023-10-18T22:51:56.295+0000][3.402s][info ][gc            ] GC(8) Pause Young (Concurrent Start) (Metadata GC Threshold) 31M->16M(185M) 16.598ms
[2023-10-18T22:51:56.295+0000][3.403s][info ][gc,cpu        ] GC(8) User=0.06s Sys=0.00s Real=0.02s
[2023-10-18T22:51:56.296+0000][3.403s][info ][gc            ] GC(9) Concurrent Cycle
[2023-10-18T22:51:56.296+0000][3.403s][info ][safepoint     ] Leaving safepoint region
[2023-10-18T22:51:56.297+0000][3.404s][info ][safepoint     ] Total time for which application threads were stopped: 0.0197631 seconds, Stopping threads took: 0.0010627 seconds
[2023-10-18T22:51:56.296+0000][3.404s][info ][gc,marking    ] GC(9) Concurrent Clear Claimed Marks
[2023-10-18T22:51:56.297+0000][3.405s][info ][gc,stringdedup] Concurrent String Deduplication (3.405s)
[2023-10-18T22:51:56.298+0000][3.405s][info ][gc,marking    ] GC(9) Concurrent Clear Claimed Marks 1.604ms
[2023-10-18T22:51:56.300+0000][3.407s][info ][gc,marking    ] GC(9) Concurrent Scan Root Regions
[2023-10-18T22:51:56.299+0000][3.407s][info ][gc,stringdedup] Concurrent String Deduplication 106.6K->15824.0B(93336.0B) avg 17.0% (3.405s, 3.407s) 2.220ms
[2023-10-18T22:51:56.307+0000][3.415s][info ][gc,marking    ] GC(9) Concurrent Scan Root Regions 7.790ms
[2023-10-18T22:51:56.308+0000][3.415s][info ][gc,marking    ] GC(9) Concurrent Mark (3.415s)
[2023-10-18T22:51:56.309+0000][3.416s][info ][gc,marking    ] GC(9) Concurrent Mark From Roots
[2023-10-18T22:51:56.309+0000][3.416s][info ][gc,task       ] GC(9) Using 2 workers of 2 for marking
[2023-10-18T22:51:56.324+0000][3.432s][info ][gc,marking    ] GC(9) Concurrent Mark From Roots 15.634ms
[2023-10-18T22:51:56.325+0000][3.433s][info ][gc,marking    ] GC(9) Concurrent Preclean
[2023-10-18T22:51:56.327+0000][3.434s][info ][gc,marking    ] GC(9) Concurrent Preclean 1.382ms
[2023-10-18T22:51:56.327+0000][3.435s][info ][gc,marking    ] GC(9) Concurrent Mark (3.415s, 3.435s) 19.465ms
[2023-10-18T22:51:56.328+0000][3.435s][debug][safepoint     ] Safepoint synchronization initiated. (13 threads)
[2023-10-18T22:51:56.329+0000][3.436s][info ][safepoint     ] Application time: 0.0314569 seconds
[2023-10-18T22:51:56.329+0000][3.436s][debug][safepoint     ] ... found polling page return exception at pc = 0x00007f38b042d768, stub =0x00007f38a8840600
[2023-10-18T22:51:56.330+0000][3.437s][debug][safepoint     ] Waiting for 2 thread(s) to block
[2023-10-18T22:51:56.330+0000][3.438s][info ][safepoint     ] Entering safepoint region: CGC_Operation
[2023-10-18T22:51:56.331+0000][3.438s][info ][gc,start      ] GC(9) Pause Remark
[2023-10-18T22:51:56.335+0000][3.442s][info ][gc,stringtable] GC(9) Cleaned string and symbol table, strings: 8297 processed, 7 removed, symbols: 55330 processed, 114 removed
[2023-10-18T22:51:56.336+0000][3.443s][info ][gc            ] GC(9) Pause Remark 21M->21M(185M) 5.042ms
[2023-10-18T22:51:56.336+0000][3.444s][info ][gc,cpu        ] GC(9) User=0.02s Sys=0.00s Real=0.00s
[2023-10-18T22:51:56.337+0000][3.444s][info ][safepoint     ] Leaving safepoint region
[2023-10-18T22:51:56.337+0000][3.445s][info ][safepoint     ] Total time for which application threads were stopped: 0.0081088 seconds, Stopping threads took: 0.0014640 seconds
[2023-10-18T22:51:56.338+0000][3.445s][info ][gc,marking    ] GC(9) Concurrent Rebuild Remembered Sets
[2023-10-18T22:51:56.349+0000][3.457s][info ][gc,marking    ] GC(9) Concurrent Rebuild Remembered Sets 11.408ms
[2023-10-18T22:51:56.350+0000][3.457s][debug][safepoint     ] Safepoint synchronization initiated. (13 threads)
[2023-10-18T22:51:56.351+0000][3.458s][info ][safepoint     ] Application time: 0.0129948 seconds
[2023-10-18T22:51:56.351+0000][3.459s][debug][safepoint     ] Waiting for 1 thread(s) to block
[2023-10-18T22:51:56.352+0000][3.459s][info ][safepoint     ] Entering safepoint region: CGC_Operation
[2023-10-18T22:51:56.352+0000][3.460s][info ][gc,start      ] GC(9) Pause Cleanup
[2023-10-18T22:51:56.353+0000][3.460s][info ][gc            ] GC(9) Pause Cleanup 23M->23M(185M) 0.630ms
[2023-10-18T22:51:56.353+0000][3.461s][info ][gc,cpu        ] GC(9) User=0.01s Sys=0.00s Real=0.00s
[2023-10-18T22:51:56.354+0000][3.461s][info ][safepoint     ] Leaving safepoint region
[2023-10-18T22:51:56.354+0000][3.462s][info ][safepoint     ] Total time for which application threads were stopped: 0.0032927 seconds, Stopping threads took: 0.0010662 seconds
[2023-10-18T22:51:56.356+0000][3.463s][info ][gc,marking    ] GC(9) Concurrent Cleanup for Next Mark
[2023-10-18T22:51:56.359+0000][3.466s][info ][gc,marking    ] GC(9) Concurrent Cleanup for Next Mark 2.993ms
[2023-10-18T22:51:56.368+0000][3.475s][info ][gc            ] GC(9) Concurrent Cycle 71.962ms
[2023-10-18T22:51:56.708+0000][3.815s][debug][safepoint     ] Safepoint synchronization initiated. (13 threads)
[2023-10-18T22:51:56.708+0000][3.816s][info ][safepoint     ] Application time: 0.3526969 seconds
[2023-10-18T22:51:56.709+0000][3.816s][debug][safepoint     ] Waiting for 1 thread(s) to block
[2023-10-18T22:51:56.709+0000][3.817s][info ][safepoint     ] Entering safepoint region: Deoptimize
[2023-10-18T22:51:56.710+0000][3.818s][info ][safepoint     ] Leaving safepoint region
[2023-10-18T22:51:56.711+0000][3.818s][info ][safepoint     ] Total time for which application threads were stopped: 0.0020403 seconds, Stopping threads took: 0.0009708 seconds
[2023-10-18T22:51:56.768+0000][3.875s][debug][safepoint     ] Safepoint synchronization initiated. (13 threads)
[2023-10-18T22:51:56.769+0000][3.876s][info ][safepoint     ] Application time: 0.0575326 seconds
[2023-10-18T22:51:56.769+0000][3.877s][info ][safepoint     ] Entering safepoint region: G1CollectForAllocation
[2023-10-18T22:51:56.770+0000][3.877s][info ][gc,start      ] GC(10) Pause Young (Normal) (G1 Evacuation Pause)
[2023-10-18T22:51:56.770+0000][3.878s][info ][gc,task       ] GC(10) Using 4 workers of 8 for evacuation
[2023-10-18T22:51:56.780+0000][3.888s][info ][gc,phases     ] GC(10)   Pre Evacuate Collection Set: 0.0ms
[2023-10-18T22:51:56.781+0000][3.888s][info ][gc,phases     ] GC(10)   Evacuate Collection Set: 7.9ms
[2023-10-18T22:51:56.781+0000][3.888s][info ][gc,phases     ] GC(10)   Post Evacuate Collection Set: 1.4ms
[2023-10-18T22:51:56.781+0000][3.889s][info ][gc,phases     ] GC(10)   Other: 0.9ms
[2023-10-18T22:51:56.782+0000][3.889s][info ][gc,heap       ] GC(10) Eden regions: 97->0(102)
[2023-10-18T22:51:56.782+0000][3.890s][info ][gc,heap       ] GC(10) Survivor regions: 7->9(13)
[2023-10-18T22:51:56.783+0000][3.890s][info ][gc,heap       ] GC(10) Old regions: 12->12
[2023-10-18T22:51:56.783+0000][3.890s][info ][gc,heap       ] GC(10) Humongous regions: 0->0
[2023-10-18T22:51:56.783+0000][3.891s][info ][gc,metaspace  ] GC(10) Metaspace: 23926K(24828K)->23926K(24828K) NonClass: 20913K(21500K)->20913K(21500K) Class: 3013K(3328K)->3013K(3328K)
[2023-10-18T22:51:56.784+0000][3.891s][info ][gc            ] GC(10) Pause Young (Normal) (G1 Evacuation Pause) 113M->18M(185M) 13.823ms
[2023-10-18T22:51:56.784+0000][3.892s][info ][gc,cpu        ] GC(10) User=0.06s Sys=0.00s Real=0.01s
[2023-10-18T22:51:56.785+0000][3.892s][info ][safepoint     ] Leaving safepoint region
[2023-10-18T22:51:56.785+0000][3.893s][info ][safepoint     ] Total time for which application threads were stopped: 0.0157992 seconds, Stopping threads took: 0.0003935 seconds
[2023-10-18T22:51:56.786+0000][3.893s][info ][gc,stringdedup] Concurrent String Deduplication (3.893s)
[2023-10-18T22:51:56.790+0000][3.897s][info ][gc,stringdedup] Concurrent String Deduplication 786.6K->748.0K(39544.0B) avg 14.5% (3.893s, 3.897s) 3.906ms
[2023-10-18T22:51:57.193+0000][4.301s][debug][safepoint     ] Safepoint synchronization initiated. (12 threads)
[2023-10-18T22:51:57.194+0000][4.301s][info ][safepoint     ] Application time: 0.4080953 seconds
[2023-10-18T22:51:57.194+0000][4.301s][info ][safepoint     ] Entering safepoint region: G1CollectForAllocation
[2023-10-18T22:51:57.195+0000][4.302s][info ][gc,start      ] GC(11) Pause Young (Normal) (G1 Evacuation Pause)
[2023-10-18T22:51:57.195+0000][4.303s][info ][gc,task       ] GC(11) Using 4 workers of 8 for evacuation
[2023-10-18T22:51:57.206+0000][4.313s][info ][gc,phases     ] GC(11)   Pre Evacuate Collection Set: 0.0ms
[2023-10-18T22:51:57.206+0000][4.314s][info ][gc,phases     ] GC(11)   Evacuate Collection Set: 8.7ms
[2023-10-18T22:51:57.207+0000][4.314s][info ][gc,phases     ] GC(11)   Post Evacuate Collection Set: 1.6ms
[2023-10-18T22:51:57.207+0000][4.315s][info ][gc,phases     ] GC(11)   Other: 1.0ms
[2023-10-18T22:51:57.208+0000][4.315s][info ][gc,heap       ] GC(11) Eden regions: 102->0(102)
[2023-10-18T22:51:57.208+0000][4.315s][info ][gc,heap       ] GC(11) Survivor regions: 9->9(14)
[2023-10-18T22:51:57.208+0000][4.316s][info ][gc,heap       ] GC(11) Old regions: 12->14
[2023-10-18T22:51:57.208+0000][4.316s][info ][gc,heap       ] GC(11) Humongous regions: 0->0
[2023-10-18T22:51:57.209+0000][4.316s][info ][gc,metaspace  ] GC(11) Metaspace: 24238K(25468K)->24238K(25468K) NonClass: 21173K(22012K)->21173K(22012K) Class: 3064K(3456K)->3064K(3456K)
[2023-10-18T22:51:57.209+0000][4.317s][info ][gc            ] GC(11) Pause Young (Normal) (G1 Evacuation Pause) 120M->21M(185M) 14.467ms
[2023-10-18T22:51:57.210+0000][4.317s][info ][gc,cpu        ] GC(11) User=0.05s Sys=0.00s Real=0.01s
[2023-10-18T22:51:57.210+0000][4.317s][info ][safepoint     ] Leaving safepoint region
[2023-10-18T22:51:57.210+0000][4.318s][info ][safepoint     ] Total time for which application threads were stopped: 0.0162286 seconds, Stopping threads took: 0.0004467 seconds
[2023-10-18T22:51:57.211+0000][4.318s][info ][gc,stringdedup] Concurrent String Deduplication (4.318s)
[2023-10-18T22:51:57.212+0000][4.319s][info ][gc,stringdedup] Concurrent String Deduplication 37568.0B->20480.0B(17088.0B) avg 14.8% (4.318s, 4.319s) 0.917ms
[2023-10-18T22:51:57.677+0000][4.784s][debug][safepoint     ] Safepoint synchronization initiated. (12 threads)
[2023-10-18T22:51:57.677+0000][4.785s][info ][safepoint     ] Application time: 0.4667340 seconds
[2023-10-18T22:51:57.678+0000][4.785s][info ][safepoint     ] Entering safepoint region: G1CollectForAllocation
[2023-10-18T22:51:57.679+0000][4.786s][info ][gc,start      ] GC(12) Pause Young (Normal) (G1 Evacuation Pause)
[2023-10-18T22:51:57.679+0000][4.786s][info ][gc,task       ] GC(12) Using 4 workers of 8 for evacuation
[2023-10-18T22:51:57.693+0000][4.800s][info ][gc,phases     ] GC(12)   Pre Evacuate Collection Set: 0.0ms
[2023-10-18T22:51:57.693+0000][4.801s][info ][gc,phases     ] GC(12)   Evacuate Collection Set: 11.3ms
[2023-10-18T22:51:57.694+0000][4.801s][info ][gc,phases     ] GC(12)   Post Evacuate Collection Set: 1.8ms
[2023-10-18T22:51:57.694+0000][4.802s][info ][gc,phases     ] GC(12)   Other: 1.0ms
[2023-10-18T22:51:57.695+0000][4.802s][info ][gc,heap       ] GC(12) Eden regions: 102->0(101)
[2023-10-18T22:51:57.695+0000][4.803s][info ][gc,heap       ] GC(12) Survivor regions: 9->10(14)
[2023-10-18T22:51:57.696+0000][4.803s][info ][gc,heap       ] GC(12) Old regions: 14->16
[2023-10-18T22:51:57.696+0000][4.804s][info ][gc,heap       ] GC(12) Humongous regions: 0->0
[2023-10-18T22:51:57.697+0000][4.804s][info ][gc,metaspace  ] GC(12) Metaspace: 24630K(25724K)->24630K(25724K) NonClass: 21542K(22268K)->21542K(22268K) Class: 3088K(3456K)->3088K(3456K)
[2023-10-18T22:51:57.697+0000][4.805s][info ][gc            ] GC(12) Pause Young (Normal) (G1 Evacuation Pause) 123M->24M(185M) 18.794ms
[2023-10-18T22:51:57.698+0000][4.805s][info ][gc,cpu        ] GC(12) User=0.07s Sys=0.04s Real=0.02s
[2023-10-18T22:51:57.698+0000][4.806s][info ][safepoint     ] Leaving safepoint region
[2023-10-18T22:51:57.699+0000][4.806s][info ][safepoint     ] Total time for which application threads were stopped: 0.0206699 seconds, Stopping threads took: 0.0004330 seconds
[2023-10-18T22:51:57.699+0000][4.806s][info ][gc,stringdedup] Concurrent String Deduplication (4.806s)
[2023-10-18T22:51:57.703+0000][4.810s][info ][gc,stringdedup] Concurrent String Deduplication 693.1K->446.4K(246.7K) avg 18.0% (4.806s, 4.810s) 4.063ms
[2023-10-18T22:51:58.096+0000][5.203s][debug][safepoint     ] Safepoint synchronization initiated. (12 threads)
[2023-10-18T22:51:58.096+0000][5.204s][info ][safepoint     ] Application time: 0.3972970 seconds
[2023-10-18T22:51:58.097+0000][5.204s][info ][safepoint     ] Entering safepoint region: G1CollectForAllocation
[2023-10-18T22:51:58.097+0000][5.205s][info ][gc,start      ] GC(13) Pause Young (Normal) (G1 Evacuation Pause)
[2023-10-18T22:51:58.098+0000][5.205s][info ][gc,task       ] GC(13) Using 4 workers of 8 for evacuation
[2023-10-18T22:51:58.110+0000][5.217s][info ][gc,phases     ] GC(13)   Pre Evacuate Collection Set: 0.0ms
[2023-10-18T22:51:58.110+0000][5.218s][info ][gc,phases     ] GC(13)   Evacuate Collection Set: 9.2ms
[2023-10-18T22:51:58.111+0000][5.218s][info ][gc,phases     ] GC(13)   Post Evacuate Collection Set: 1.8ms
[2023-10-18T22:51:58.111+0000][5.218s][info ][gc,phases     ] GC(13)   Other: 1.4ms
[2023-10-18T22:51:58.111+0000][5.219s][info ][gc,heap       ] GC(13) Eden regions: 101->0(128)
[2023-10-18T22:51:58.112+0000][5.219s][info ][gc,heap       ] GC(13) Survivor regions: 10->8(14)
[2023-10-18T22:51:58.112+0000][5.219s][info ][gc,heap       ] GC(13) Old regions: 16->20
[2023-10-18T22:51:58.113+0000][5.220s][info ][gc,heap       ] GC(13) Humongous regions: 0->0
[2023-10-18T22:51:58.113+0000][5.221s][info ][gc,metaspace  ] GC(13) Metaspace: 24765K(25724K)->24765K(25724K) NonClass: 21661K(22268K)->21661K(22268K) Class: 3104K(3456K)->3104K(3456K)
[2023-10-18T22:51:58.114+0000][5.221s][info ][gc            ] GC(13) Pause Young (Normal) (G1 Evacuation Pause) 125M->26M(227M) 16.512ms
[2023-10-18T22:51:58.114+0000][5.222s][info ][gc,cpu        ] GC(13) User=0.08s Sys=0.00s Real=0.02s
[2023-10-18T22:51:58.115+0000][5.222s][info ][safepoint     ] Leaving safepoint region
[2023-10-18T22:51:58.115+0000][5.223s][info ][safepoint     ] Total time for which application threads were stopped: 0.0185706 seconds, Stopping threads took: 0.0004410 seconds
[2023-10-18T22:51:58.116+0000][5.223s][info ][gc,stringdedup] Concurrent String Deduplication (5.223s)
[2023-10-18T22:51:58.120+0000][5.227s][info ][gc,stringdedup] Concurrent String Deduplication 894.4K->391.0K(503.4K) avg 24.3% (5.223s, 5.227s) 3.958ms
[2023-10-18T22:51:58.377+0000][5.485s][debug][safepoint     ] Safepoint synchronization initiated. (13 threads)
[2023-10-18T22:51:58.378+0000][5.485s][info ][safepoint     ] Application time: 0.2624349 seconds
[2023-10-18T22:51:58.378+0000][5.486s][info ][safepoint     ] Entering safepoint region: G1CollectForAllocation
[2023-10-18T22:51:58.379+0000][5.487s][info ][gc,start      ] GC(14) Pause Young (Normal) (G1 Evacuation Pause)
[2023-10-18T22:51:58.380+0000][5.488s][info ][gc,task       ] GC(14) Using 5 workers of 8 for evacuation
[2023-10-18T22:51:58.389+0000][5.496s][info ][gc,phases     ] GC(14)   Pre Evacuate Collection Set: 0.0ms
[2023-10-18T22:51:58.389+0000][5.497s][info ][gc,phases     ] GC(14)   Evacuate Collection Set: 6.6ms
[2023-10-18T22:51:58.390+0000][5.497s][info ][gc,phases     ] GC(14)   Post Evacuate Collection Set: 1.2ms
[2023-10-18T22:51:58.390+0000][5.498s][info ][gc,phases     ] GC(14)   Other: 1.8ms
[2023-10-18T22:51:58.391+0000][5.498s][info ][gc,heap       ] GC(14) Eden regions: 128->0(127)
[2023-10-18T22:51:58.391+0000][5.498s][info ][gc,heap       ] GC(14) Survivor regions: 8->9(17)
[2023-10-18T22:51:58.391+0000][5.499s][info ][gc,heap       ] GC(14) Old regions: 20->20
[2023-10-18T22:51:58.392+0000][5.499s][info ][gc,heap       ] GC(14) Humongous regions: 0->0
[2023-10-18T22:51:58.392+0000][5.499s][info ][gc,metaspace  ] GC(14) Metaspace: 26128K(27132K)->26128K(27132K) NonClass: 22925K(23548K)->22925K(23548K) Class: 3202K(3584K)->3202K(3584K)
[2023-10-18T22:51:58.392+0000][5.500s][info ][gc            ] GC(14) Pause Young (Normal) (G1 Evacuation Pause) 154M->26M(227M) 13.111ms
[2023-10-18T22:51:58.393+0000][5.500s][info ][gc,cpu        ] GC(14) User=0.06s Sys=0.00s Real=0.02s
[2023-10-18T22:51:58.393+0000][5.500s][info ][safepoint     ] Leaving safepoint region
[2023-10-18T22:51:58.393+0000][5.501s][info ][safepoint     ] Total time for which application threads were stopped: 0.0149346 seconds, Stopping threads took: 0.0004786 seconds
[2023-10-18T22:51:58.394+0000][5.501s][info ][gc,stringdedup] Concurrent String Deduplication (5.501s)
[2023-10-18T22:51:58.399+0000][5.506s][info ][gc,stringdedup] Concurrent String Deduplication 764.9K->171.9K(593.0K) avg 30.9% (5.501s, 5.506s) 4.695ms
[2023-10-18T22:51:58.568+0000][5.675s][debug][safepoint     ] Safepoint synchronization initiated. (13 threads)
[2023-10-18T22:51:58.569+0000][5.676s][info ][safepoint     ] Application time: 0.1747258 seconds
[2023-10-18T22:51:58.569+0000][5.676s][info ][safepoint     ] Entering safepoint region: G1CollectForAllocation
[2023-10-18T22:51:58.569+0000][5.677s][info ][gc,start      ] GC(15) Pause Young (Normal) (G1 Evacuation Pause)
[2023-10-18T22:51:58.570+0000][5.677s][info ][gc,task       ] GC(15) Using 5 workers of 8 for evacuation
[2023-10-18T22:51:58.576+0000][5.683s][info ][gc,phases     ] GC(15)   Pre Evacuate Collection Set: 0.0ms
[2023-10-18T22:51:58.576+0000][5.684s][info ][gc,phases     ] GC(15)   Evacuate Collection Set: 4.1ms
[2023-10-18T22:51:58.577+0000][5.684s][info ][gc,phases     ] GC(15)   Post Evacuate Collection Set: 1.3ms
[2023-10-18T22:51:58.577+0000][5.685s][info ][gc,phases     ] GC(15)   Other: 1.0ms
[2023-10-18T22:51:58.578+0000][5.685s][info ][gc,heap       ] GC(15) Eden regions: 127->0(128)
[2023-10-18T22:51:58.578+0000][5.685s][info ][gc,heap       ] GC(15) Survivor regions: 9->8(17)
[2023-10-18T22:51:58.578+0000][5.686s][info ][gc,heap       ] GC(15) Old regions: 20->20
[2023-10-18T22:51:58.579+0000][5.686s][info ][gc,heap       ] GC(15) Humongous regions: 0->0
[2023-10-18T22:51:58.579+0000][5.686s][info ][gc,metaspace  ] GC(15) Metaspace: 26283K(27388K)->26283K(27388K) NonClass: 23062K(23804K)->23062K(23804K) Class: 3221K(3584K)->3221K(3584K)
[2023-10-18T22:51:58.579+0000][5.687s][info ][gc            ] GC(15) Pause Young (Normal) (G1 Evacuation Pause) 153M->25M(227M) 9.857ms
[2023-10-18T22:51:58.580+0000][5.687s][info ][gc,cpu        ] GC(15) User=0.04s Sys=0.00s Real=0.01s
[2023-10-18T22:51:58.580+0000][5.688s][info ][safepoint     ] Leaving safepoint region
[2023-10-18T22:51:58.581+0000][5.688s][info ][safepoint     ] Total time for which application threads were stopped: 0.0115621 seconds, Stopping threads took: 0.0004201 seconds
[2023-10-18T22:51:58.581+0000][5.688s][info ][gc,stringdedup] Concurrent String Deduplication (5.688s)
[2023-10-18T22:51:58.585+0000][5.692s][info ][gc,stringdedup] Concurrent String Deduplication 1194.7K->245.5K(949.2K) avg 38.7% (5.688s, 5.692s) 3.643ms
[2023-10-18T22:51:58.852+0000][5.959s][debug][safepoint     ] Safepoint synchronization initiated. (12 threads)
[2023-10-18T22:51:58.852+0000][5.960s][info ][safepoint     ] Application time: 0.2716693 seconds
[2023-10-18T22:51:58.853+0000][5.960s][info ][safepoint     ] Entering safepoint region: G1CollectForAllocation
[2023-10-18T22:51:58.854+0000][5.961s][info ][gc,start      ] GC(16) Pause Young (Normal) (G1 Evacuation Pause)
[2023-10-18T22:51:58.855+0000][5.962s][info ][gc,task       ] GC(16) Using 5 workers of 8 for evacuation
[2023-10-18T22:51:58.864+0000][5.971s][info ][gc,phases     ] GC(16)   Pre Evacuate Collection Set: 0.0ms
[2023-10-18T22:51:58.864+0000][5.972s][info ][gc,phases     ] GC(16)   Evacuate Collection Set: 6.3ms
[2023-10-18T22:51:58.865+0000][5.972s][info ][gc,phases     ] GC(16)   Post Evacuate Collection Set: 2.4ms
[2023-10-18T22:51:58.865+0000][5.973s][info ][gc,phases     ] GC(16)   Other: 1.6ms
[2023-10-18T22:51:58.866+0000][5.973s][info ][gc,heap       ] GC(16) Eden regions: 128->0(128)
[2023-10-18T22:51:58.866+0000][5.974s][info ][gc,heap       ] GC(16) Survivor regions: 8->8(17)
[2023-10-18T22:51:58.867+0000][5.974s][info ][gc,heap       ] GC(16) Old regions: 20->20
[2023-10-18T22:51:58.867+0000][5.975s][info ][gc,heap       ] GC(16) Humongous regions: 0->0
[2023-10-18T22:51:58.868+0000][5.976s][info ][gc,metaspace  ] GC(16) Metaspace: 27110K(28284K)->27110K(28284K) NonClass: 23804K(24572K)->23804K(24572K) Class: 3305K(3712K)->3305K(3712K)
[2023-10-18T22:51:58.869+0000][5.976s][info ][gc            ] GC(16) Pause Young (Normal) (G1 Evacuation Pause) 153M->25M(227M) 15.070ms
[2023-10-18T22:51:58.869+0000][5.976s][info ][gc,cpu        ] GC(16) User=0.06s Sys=0.00s Real=0.01s
[2023-10-18T22:51:58.870+0000][5.977s][info ][safepoint     ] Leaving safepoint region
[2023-10-18T22:51:58.870+0000][5.977s][info ][safepoint     ] Total time for which application threads were stopped: 0.0169993 seconds, Stopping threads took: 0.0004160 seconds
[2023-10-18T22:51:58.870+0000][5.978s][info ][gc,stringdedup] Concurrent String Deduplication (5.978s)
[2023-10-18T22:51:58.872+0000][5.979s][info ][gc,stringdedup] Concurrent String Deduplication 135.1K->38552.0B(99760.0B) avg 39.3% (5.978s, 5.979s) 1.390ms
[2023-10-18T22:51:59.557+0000][6.664s][debug][safepoint     ] Safepoint synchronization initiated. (12 threads)
[2023-10-18T22:51:59.557+0000][6.665s][info ][safepoint     ] Application time: 0.6871436 seconds
[2023-10-18T22:51:59.558+0000][6.665s][info ][safepoint     ] Entering safepoint region: G1CollectForAllocation
[2023-10-18T22:51:59.559+0000][6.666s][info ][gc,start      ] GC(17) Pause Young (Normal) (G1 Evacuation Pause)
[2023-10-18T22:51:59.559+0000][6.666s][info ][gc,task       ] GC(17) Using 5 workers of 8 for evacuation
[2023-10-18T22:51:59.568+0000][6.676s][info ][gc,phases     ] GC(17)   Pre Evacuate Collection Set: 0.0ms
[2023-10-18T22:51:59.569+0000][6.676s][info ][gc,phases     ] GC(17)   Evacuate Collection Set: 6.2ms
[2023-10-18T22:51:59.570+0000][6.677s][info ][gc,phases     ] GC(17)   Post Evacuate Collection Set: 2.7ms
[2023-10-18T22:51:59.570+0000][6.677s][info ][gc,phases     ] GC(17)   Other: 0.9ms
[2023-10-18T22:51:59.570+0000][6.678s][info ][gc,heap       ] GC(17) Eden regions: 128->0(155)
[2023-10-18T22:51:59.571+0000][6.678s][info ][gc,heap       ] GC(17) Survivor regions: 8->8(17)
[2023-10-18T22:51:59.571+0000][6.679s][info ][gc,heap       ] GC(17) Old regions: 20->20
[2023-10-18T22:51:59.572+0000][6.679s][info ][gc,heap       ] GC(17) Humongous regions: 0->0
[2023-10-18T22:51:59.572+0000][6.680s][info ][gc,metaspace  ] GC(17) Metaspace: 32026K(33148K)->32026K(33148K) NonClass: 28183K(28924K)->28183K(28924K) Class: 3843K(4224K)->3843K(4224K)
[2023-10-18T22:51:59.573+0000][6.680s][info ][gc            ] GC(17) Pause Young (Normal) (G1 Evacuation Pause) 153M->26M(273M) 13.994ms
[2023-10-18T22:51:59.573+0000][6.681s][info ][gc,cpu        ] GC(17) User=0.04s Sys=0.00s Real=0.02s
[2023-10-18T22:51:59.574+0000][6.681s][info ][safepoint     ] Leaving safepoint region
[2023-10-18T22:51:59.574+0000][6.681s][info ][safepoint     ] Total time for which application threads were stopped: 0.0160254 seconds, Stopping threads took: 0.0004860 seconds
[2023-10-18T22:51:59.574+0000][6.682s][info ][gc,stringdedup] Concurrent String Deduplication (6.682s)
[2023-10-18T22:51:59.576+0000][6.683s][info ][gc,stringdedup] Concurrent String Deduplication 30472.0B->3392.0B(27080.0B) avg 39.5% (6.682s, 6.683s) 1.405ms
[2023-10-18T22:51:59.964+0000][7.072s][debug][safepoint     ] Safepoint synchronization initiated. (12 threads)
[2023-10-18T22:51:59.965+0000][7.072s][info ][safepoint     ] Application time: 0.3903383 seconds
[2023-10-18T22:51:59.965+0000][7.073s][info ][safepoint     ] Entering safepoint region: Deoptimize
[2023-10-18T22:51:59.966+0000][7.074s][info ][safepoint     ] Leaving safepoint region
[2023-10-18T22:51:59.967+0000][7.074s][info ][safepoint     ] Total time for which application threads were stopped: 0.0013948 seconds, Stopping threads took: 0.0003530 seconds
[2023-10-18T22:52:00.208+0000][7.316s][debug][safepoint     ] Safepoint synchronization initiated. (12 threads)
[2023-10-18T22:52:00.209+0000][7.316s][info ][safepoint     ] Application time: 0.2419077 seconds
[2023-10-18T22:52:00.209+0000][7.317s][info ][safepoint     ] Entering safepoint region: G1CollectForAllocation
[2023-10-18T22:52:00.210+0000][7.317s][info ][gc,start      ] GC(18) Pause Young (Normal) (G1 Evacuation Pause)
[2023-10-18T22:52:00.211+0000][7.318s][info ][gc,task       ] GC(18) Using 6 workers of 8 for evacuation
[2023-10-18T22:52:00.224+0000][7.331s][info ][gc,phases     ] GC(18)   Pre Evacuate Collection Set: 0.0ms
[2023-10-18T22:52:00.225+0000][7.332s][info ][gc,phases     ] GC(18)   Evacuate Collection Set: 11.0ms
[2023-10-18T22:52:00.225+0000][7.332s][info ][gc,phases     ] GC(18)   Post Evacuate Collection Set: 1.8ms
[2023-10-18T22:52:00.226+0000][7.333s][info ][gc,phases     ] GC(18)   Other: 1.1ms
[2023-10-18T22:52:00.227+0000][7.335s][info ][gc,heap       ] GC(18) Eden regions: 155->0(153)
[2023-10-18T22:52:00.228+0000][7.335s][info ][gc,heap       ] GC(18) Survivor regions: 8->10(21)
[2023-10-18T22:52:00.228+0000][7.336s][info ][gc,heap       ] GC(18) Old regions: 20->20
[2023-10-18T22:52:00.232+0000][7.339s][info ][gc,heap       ] GC(18) Humongous regions: 0->0
[2023-10-18T22:52:00.254+0000][7.361s][info ][gc,metaspace  ] GC(18) Metaspace: 32821K(34044K)->32821K(34044K) NonClass: 28868K(29692K)->28868K(29692K) Class: 3953K(4352K)->3953K(4352K)
[2023-10-18T22:52:00.254+0000][7.362s][info ][gc            ] GC(18) Pause Young (Normal) (G1 Evacuation Pause) 181M->28M(273M) 44.324ms
[2023-10-18T22:52:00.257+0000][7.364s][info ][gc,cpu        ] GC(18) User=0.11s Sys=0.00s Real=0.04s
[2023-10-18T22:52:00.258+0000][7.366s][info ][safepoint     ] Leaving safepoint region
[2023-10-18T22:52:00.259+0000][7.366s][info ][safepoint     ] Total time for which application threads were stopped: 0.0492934 seconds, Stopping threads took: 0.0005507 seconds
[2023-10-18T22:52:00.259+0000][7.367s][info ][gc,stringdedup] Concurrent String Deduplication (7.367s)
[2023-10-18T22:52:00.265+0000][7.372s][info ][gc,stringdedup] Concurrent String Deduplication 302.5K->14840.0B(288.0K) avg 41.7% (7.367s, 7.372s) 5.195ms
[2023-10-18T22:52:00.584+0000][7.691s][debug][safepoint     ] Safepoint synchronization initiated. (12 threads)
[2023-10-18T22:52:00.585+0000][7.692s][info ][safepoint     ] Application time: 0.3253615 seconds
[2023-10-18T22:52:00.586+0000][7.693s][info ][safepoint     ] Entering safepoint region: Deoptimize
[2023-10-18T22:52:00.587+0000][7.694s][info ][safepoint     ] Leaving safepoint region
[2023-10-18T22:52:00.588+0000][7.695s][info ][safepoint     ] Total time for which application threads were stopped: 0.0021705 seconds, Stopping threads took: 0.0004939 seconds
[2023-10-18T22:52:00.822+0000][7.930s][debug][safepoint     ] Safepoint synchronization initiated. (12 threads)
[2023-10-18T22:52:00.823+0000][7.930s][info ][safepoint     ] Application time: 0.2345115 seconds
[2023-10-18T22:52:00.823+0000][7.931s][info ][safepoint     ] Entering safepoint region: G1CollectForAllocation
[2023-10-18T22:52:00.824+0000][7.931s][info ][gc,start      ] GC(19) Pause Young (Normal) (G1 Evacuation Pause)
[2023-10-18T22:52:00.824+0000][7.932s][info ][gc,task       ] GC(19) Using 6 workers of 8 for evacuation
[2023-10-18T22:52:00.833+0000][7.940s][info ][gc,phases     ] GC(19)   Pre Evacuate Collection Set: 0.0ms
[2023-10-18T22:52:00.833+0000][7.941s][info ][gc,phases     ] GC(19)   Evacuate Collection Set: 6.2ms
[2023-10-18T22:52:00.834+0000][7.941s][info ][gc,phases     ] GC(19)   Post Evacuate Collection Set: 1.8ms
[2023-10-18T22:52:00.834+0000][7.942s][info ][gc,phases     ] GC(19)   Other: 0.9ms
[2023-10-18T22:52:00.835+0000][7.942s][info ][gc,heap       ] GC(19) Eden regions: 153->0(153)
[2023-10-18T22:52:00.835+0000][7.942s][info ][gc,heap       ] GC(19) Survivor regions: 10->10(21)
[2023-10-18T22:52:00.835+0000][7.943s][info ][gc,heap       ] GC(19) Old regions: 20->20
[2023-10-18T22:52:00.836+0000][7.943s][info ][gc,heap       ] GC(19) Humongous regions: 0->0
[2023-10-18T22:52:00.836+0000][7.944s][info ][gc,metaspace  ] GC(19) Metaspace: 33982K(35196K)->33982K(35196K) NonClass: 29889K(30716K)->29889K(30716K) Class: 4092K(4480K)->4092K(4480K)
[2023-10-18T22:52:00.837+0000][7.944s][info ][gc            ] GC(19) Pause Young (Normal) (G1 Evacuation Pause) 181M->28M(273M) 12.835ms
[2023-10-18T22:52:00.837+0000][7.944s][info ][gc,cpu        ] GC(19) User=0.06s Sys=0.00s Real=0.01s
[2023-10-18T22:52:00.837+0000][7.945s][info ][safepoint     ] Leaving safepoint region
[2023-10-18T22:52:00.838+0000][7.945s][info ][safepoint     ] Total time for which application threads were stopped: 0.0145664 seconds, Stopping threads took: 0.0003183 seconds
[2023-10-18T22:52:00.838+0000][7.946s][info ][gc,stringdedup] Concurrent String Deduplication (7.946s)
[2023-10-18T22:52:00.840+0000][7.948s][info ][gc,stringdedup] Concurrent String Deduplication 152.4K->33592.0B(119.6K) avg 42.4% (7.946s, 7.948s) 1.908ms
[2023-10-18T22:52:00.922+0000][8.030s][debug][safepoint     ] Safepoint synchronization initiated. (12 threads)
[2023-10-18T22:52:00.923+0000][8.030s][info ][safepoint     ] Application time: 0.0843560 seconds
[2023-10-18T22:52:00.923+0000][8.031s][info ][safepoint     ] Entering safepoint region: Deoptimize
[2023-10-18T22:52:00.924+0000][8.032s][info ][safepoint     ] Leaving safepoint region
[2023-10-18T22:52:00.925+0000][8.032s][info ][safepoint     ] Total time for which application threads were stopped: 0.0014877 seconds, Stopping threads took: 0.0003924 seconds
[2023-10-18T22:52:00.932+0000][8.039s][debug][safepoint     ] Safepoint synchronization initiated. (12 threads)
[2023-10-18T22:52:00.932+0000][8.040s][info ][safepoint     ] Application time: 0.0072779 seconds
[2023-10-18T22:52:00.933+0000][8.040s][info ][safepoint     ] Entering safepoint region: Deoptimize
[2023-10-18T22:52:00.934+0000][8.041s][info ][safepoint     ] Leaving safepoint region
[2023-10-18T22:52:00.934+0000][8.041s][info ][safepoint     ] Total time for which application threads were stopped: 0.0013904 seconds, Stopping threads took: 0.0003717 seconds
[2023-10-18T22:52:00.951+0000][8.058s][debug][safepoint     ] Safepoint synchronization initiated. (12 threads)
[2023-10-18T22:52:00.951+0000][8.059s][info ][safepoint     ] Application time: 0.0168251 seconds
[2023-10-18T22:52:00.952+0000][8.059s][info ][safepoint     ] Entering safepoint region: Deoptimize
[2023-10-18T22:52:00.953+0000][8.060s][info ][safepoint     ] Leaving safepoint region
[2023-10-18T22:52:00.953+0000][8.060s][info ][safepoint     ] Total time for which application threads were stopped: 0.0014364 seconds, Stopping threads took: 0.0004685 seconds
[2023-10-18T22:52:00.991+0000][8.099s][debug][safepoint     ] Safepoint synchronization initiated. (12 threads)
[2023-10-18T22:52:00.992+0000][8.099s][info ][safepoint     ] Application time: 0.0385532 seconds
[2023-10-18T22:52:00.993+0000][8.100s][info ][safepoint     ] Entering safepoint region: Deoptimize
[2023-10-18T22:52:00.994+0000][8.102s][info ][safepoint     ] Leaving safepoint region
[2023-10-18T22:52:00.995+0000][8.102s][info ][safepoint     ] Total time for which application threads were stopped: 0.0021261 seconds, Stopping threads took: 0.0006046 seconds
[2023-10-18T22:52:01.007+0000][8.114s][debug][safepoint     ] Safepoint synchronization initiated. (12 threads)
[2023-10-18T22:52:01.007+0000][8.115s][info ][safepoint     ] Application time: 0.0119057 seconds
[2023-10-18T22:52:01.008+0000][8.115s][info ][safepoint     ] Entering safepoint region: CollectForMetadataAllocation
[2023-10-18T22:52:01.009+0000][8.116s][info ][gc,start      ] GC(20) Pause Young (Concurrent Start) (Metadata GC Threshold)
[2023-10-18T22:52:01.009+0000][8.117s][info ][gc,task       ] GC(20) Using 6 workers of 8 for evacuation
[2023-10-18T22:52:01.019+0000][8.127s][info ][gc,phases     ] GC(20)   Pre Evacuate Collection Set: 0.1ms
[2023-10-18T22:52:01.020+0000][8.127s][info ][gc,phases     ] GC(20)   Evacuate Collection Set: 6.9ms
[2023-10-18T22:52:01.020+0000][8.128s][info ][gc,phases     ] GC(20)   Post Evacuate Collection Set: 2.0ms
[2023-10-18T22:52:01.021+0000][8.128s][info ][gc,phases     ] GC(20)   Other: 1.4ms
[2023-10-18T22:52:01.021+0000][8.129s][info ][gc,heap       ] GC(20) Eden regions: 42->0(146)
[2023-10-18T22:52:01.022+0000][8.129s][info ][gc,heap       ] GC(20) Survivor regions: 10->11(21)
[2023-10-18T22:52:01.022+0000][8.129s][info ][gc,heap       ] GC(20) Old regions: 20->20
[2023-10-18T22:52:01.023+0000][8.130s][info ][gc,heap       ] GC(20) Humongous regions: 0->0
[2023-10-18T22:52:01.023+0000][8.130s][info ][gc,metaspace  ] GC(20) Metaspace: 34978K(36048K)->34978K(36048K) NonClass: 30763K(31440K)->30763K(31440K) Class: 4214K(4608K)->4214K(4608K)
[2023-10-18T22:52:01.023+0000][8.131s][info ][gc            ] GC(20) Pause Young (Concurrent Start) (Metadata GC Threshold) 69M->28M(273M) 14.636ms
[2023-10-18T22:52:01.024+0000][8.131s][info ][gc,cpu        ] GC(20) User=0.06s Sys=0.00s Real=0.02s
[2023-10-18T22:52:01.024+0000][8.132s][info ][gc            ] GC(21) Concurrent Cycle
[2023-10-18T22:52:01.025+0000][8.132s][info ][gc,marking    ] GC(21) Concurrent Clear Claimed Marks
[2023-10-18T22:52:01.024+0000][8.132s][info ][safepoint     ] Leaving safepoint region
[2023-10-18T22:52:01.026+0000][8.133s][info ][safepoint     ] Total time for which application threads were stopped: 0.0176755 seconds, Stopping threads took: 0.0006052 seconds
[2023-10-18T22:52:01.025+0000][8.133s][info ][gc,marking    ] GC(21) Concurrent Clear Claimed Marks 0.537ms
[2023-10-18T22:52:01.029+0000][8.136s][info ][gc,marking    ] GC(21) Concurrent Scan Root Regions
[2023-10-18T22:52:01.026+0000][8.134s][info ][gc,stringdedup] Concurrent String Deduplication (8.134s)
[2023-10-18T22:52:01.032+0000][8.139s][info ][gc,stringdedup] Concurrent String Deduplication 351.4K->164.3K(187.1K) avg 42.8% (8.134s, 8.139s) 5.487ms
[2023-10-18T22:52:01.034+0000][8.141s][info ][gc,marking    ] GC(21) Concurrent Scan Root Regions 5.354ms
[2023-10-18T22:52:01.035+0000][8.142s][info ][gc,marking    ] GC(21) Concurrent Mark (8.142s)
[2023-10-18T22:52:01.035+0000][8.143s][info ][gc,marking    ] GC(21) Concurrent Mark From Roots
[2023-10-18T22:52:01.036+0000][8.143s][info ][gc,task       ] GC(21) Using 2 workers of 2 for marking
[2023-10-18T22:52:01.053+0000][8.160s][info ][gc,marking    ] GC(21) Concurrent Mark From Roots 17.954ms
[2023-10-18T22:52:01.054+0000][8.161s][info ][gc,marking    ] GC(21) Concurrent Preclean
[2023-10-18T22:52:01.054+0000][8.162s][info ][gc,marking    ] GC(21) Concurrent Preclean 0.544ms
[2023-10-18T22:52:01.055+0000][8.162s][info ][gc,marking    ] GC(21) Concurrent Mark (8.142s, 8.162s) 20.017ms
[2023-10-18T22:52:01.055+0000][8.162s][debug][safepoint     ] Safepoint synchronization initiated. (12 threads)
[2023-10-18T22:52:01.055+0000][8.163s][info ][safepoint     ] Application time: 0.0294411 seconds
[2023-10-18T22:52:01.056+0000][8.163s][info ][safepoint     ] Entering safepoint region: CGC_Operation
[2023-10-18T22:52:01.056+0000][8.164s][info ][gc,start      ] GC(21) Pause Remark
[2023-10-18T22:52:01.061+0000][8.168s][info ][gc,stringtable] GC(21) Cleaned string and symbol table, strings: 12689 processed, 29 removed, symbols: 122495 processed, 337 removed
[2023-10-18T22:52:01.062+0000][8.169s][info ][gc            ] GC(21) Pause Remark 40M->40M(273M) 5.514ms
[2023-10-18T22:52:01.062+0000][8.170s][info ][gc,cpu        ] GC(21) User=0.03s Sys=0.00s Real=0.01s
[2023-10-18T22:52:01.063+0000][8.170s][info ][safepoint     ] Leaving safepoint region
[2023-10-18T22:52:01.063+0000][8.171s][info ][safepoint     ] Total time for which application threads were stopped: 0.0074305 seconds, Stopping threads took: 0.0004490 seconds
[2023-10-18T22:52:01.064+0000][8.171s][info ][gc,marking    ] GC(21) Concurrent Rebuild Remembered Sets
[2023-10-18T22:52:01.074+0000][8.181s][info ][gc,marking    ] GC(21) Concurrent Rebuild Remembered Sets 10.193ms
[2023-10-18T22:52:01.075+0000][8.182s][debug][safepoint     ] Safepoint synchronization initiated. (12 threads)
[2023-10-18T22:52:01.075+0000][8.182s][info ][safepoint     ] Application time: 0.0113742 seconds
[2023-10-18T22:52:01.076+0000][8.183s][debug][safepoint     ] ... found polling page loop exception at pc = 0x00007f38b0455627, stub =0x00007f38a8843680
[2023-10-18T22:52:01.076+0000][8.184s][debug][safepoint     ] Waiting for 1 thread(s) to block
[2023-10-18T22:52:01.077+0000][8.184s][info ][safepoint     ] Entering safepoint region: CGC_Operation
[2023-10-18T22:52:01.077+0000][8.185s][info ][gc,start      ] GC(21) Pause Cleanup
[2023-10-18T22:52:01.078+0000][8.186s][info ][gc            ] GC(21) Pause Cleanup 43M->43M(273M) 0.618ms
[2023-10-18T22:52:01.079+0000][8.186s][info ][gc,cpu        ] GC(21) User=0.00s Sys=0.00s Real=0.00s
[2023-10-18T22:52:01.079+0000][8.187s][info ][safepoint     ] Leaving safepoint region
[2023-10-18T22:52:01.080+0000][8.187s][info ][safepoint     ] Total time for which application threads were stopped: 0.0042464 seconds, Stopping threads took: 0.0016551 seconds
[2023-10-18T22:52:01.080+0000][8.188s][info ][gc,marking    ] GC(21) Concurrent Cleanup for Next Mark
[2023-10-18T22:52:01.082+0000][8.189s][info ][gc,marking    ] GC(21) Concurrent Cleanup for Next Mark 1.631ms
[2023-10-18T22:52:01.082+0000][8.190s][info ][gc            ] GC(21) Concurrent Cycle 58.184ms
[2023-10-18T22:52:01.242+0000][8.349s][debug][safepoint     ] Safepoint synchronization initiated. (10 threads)
[2023-10-18T22:52:01.242+0000][8.350s][info ][safepoint     ] Application time: 0.1621257 seconds
[2023-10-18T22:52:01.243+0000][8.350s][info ][safepoint     ] Entering safepoint region: Deoptimize
[2023-10-18T22:52:01.244+0000][8.351s][info ][safepoint     ] Leaving safepoint region
[2023-10-18T22:52:01.245+0000][8.352s][info ][safepoint     ] Total time for which application threads were stopped: 0.0016705 seconds, Stopping threads took: 0.0005018 seconds
[2023-10-18T22:52:01.422+0000][8.529s][debug][safepoint     ] Safepoint synchronization initiated. (10 threads)
[2023-10-18T22:52:01.422+0000][8.530s][info ][safepoint     ] Application time: 0.1770949 seconds
[2023-10-18T22:52:01.423+0000][8.530s][info ][safepoint     ] Entering safepoint region: G1CollectForAllocation
[2023-10-18T22:52:01.423+0000][8.531s][info ][gc,start      ] GC(22) Pause Young (Normal) (G1 Evacuation Pause)
[2023-10-18T22:52:01.423+0000][8.531s][info ][gc,task       ] GC(22) Using 6 workers of 8 for evacuation
[2023-10-18T22:52:01.432+0000][8.539s][info ][gc,phases     ] GC(22)   Pre Evacuate Collection Set: 0.0ms
[2023-10-18T22:52:01.432+0000][8.540s][info ][gc,phases     ] GC(22)   Evacuate Collection Set: 6.1ms
[2023-10-18T22:52:01.433+0000][8.540s][info ][gc,phases     ] GC(22)   Post Evacuate Collection Set: 1.7ms
[2023-10-18T22:52:01.434+0000][8.541s][info ][gc,phases     ] GC(22)   Other: 0.7ms
[2023-10-18T22:52:01.434+0000][8.541s][info ][gc,heap       ] GC(22) Eden regions: 146->0(154)
[2023-10-18T22:52:01.435+0000][8.542s][info ][gc,heap       ] GC(22) Survivor regions: 11->9(20)
[2023-10-18T22:52:01.435+0000][8.542s][info ][gc,heap       ] GC(22) Old regions: 20->22
[2023-10-18T22:52:01.435+0000][8.543s][info ][gc,heap       ] GC(22) Humongous regions: 0->0
[2023-10-18T22:52:01.436+0000][8.543s][info ][gc,metaspace  ] GC(22) Metaspace: 37151K(38480K)->37151K(38480K) NonClass: 32584K(33488K)->32584K(33488K) Class: 4566K(4992K)->4566K(4992K)
[2023-10-18T22:52:01.436+0000][8.544s][info ][gc            ] GC(22) Pause Young (Normal) (G1 Evacuation Pause) 174M->28M(273M) 13.056ms
[2023-10-18T22:52:01.437+0000][8.544s][info ][gc,cpu        ] GC(22) User=0.05s Sys=0.00s Real=0.01s
[2023-10-18T22:52:01.437+0000][8.545s][info ][safepoint     ] Leaving safepoint region
[2023-10-18T22:52:01.438+0000][8.545s][info ][safepoint     ] Total time for which application threads were stopped: 0.0150495 seconds, Stopping threads took: 0.0004279 seconds
[2023-10-18T22:52:01.438+0000][8.546s][info ][gc,stringdedup] Concurrent String Deduplication (8.546s)
[2023-10-18T22:52:01.439+0000][8.547s][info ][gc,stringdedup] Concurrent String Deduplication 203.5K->90800.0B(114.9K) avg 43.1% (8.546s, 8.547s) 1.285ms
[2023-10-18T22:52:01.575+0000][8.683s][debug][safepoint     ] Safepoint synchronization initiated. (11 threads)
[2023-10-18T22:52:01.576+0000][8.684s][info ][safepoint     ] Application time: 0.1380244 seconds
[2023-10-18T22:52:01.577+0000][8.684s][info ][safepoint     ] Entering safepoint region: Deoptimize
[2023-10-18T22:52:01.578+0000][8.685s][info ][safepoint     ] Leaving safepoint region
[2023-10-18T22:52:01.579+0000][8.686s][info ][safepoint     ] Total time for which application threads were stopped: 0.0020273 seconds, Stopping threads took: 0.0005503 seconds
[2023-10-18T22:52:02.011+0000][9.119s][debug][safepoint     ] Safepoint synchronization initiated. (12 threads)
[2023-10-18T22:52:02.012+0000][9.120s][info ][safepoint     ] Application time: 0.4332265 seconds
[2023-10-18T22:52:02.015+0000][9.123s][info ][safepoint     ] Entering safepoint region: ICBufferFull
[2023-10-18T22:52:02.016+0000][9.124s][info ][safepoint     ] Leaving safepoint region
[2023-10-18T22:52:02.017+0000][9.124s][info ][safepoint     ] Total time for which application threads were stopped: 0.0017507 seconds, Stopping threads took: 0.0010635 seconds
[2023-10-18T22:52:02.132+0000][9.240s][debug][safepoint     ] Safepoint synchronization initiated. (12 threads)
[2023-10-18T22:52:02.133+0000][9.241s][info ][safepoint     ] Application time: 0.1158644 seconds
[2023-10-18T22:52:02.134+0000][9.242s][info ][safepoint     ] Entering safepoint region: G1CollectForAllocation
[2023-10-18T22:52:02.135+0000][9.243s][info ][gc,start      ] GC(23) Pause Young (Normal) (G1 Evacuation Pause)
[2023-10-18T22:52:02.136+0000][9.243s][info ][gc,task       ] GC(23) Using 6 workers of 8 for evacuation
[2023-10-18T22:52:02.147+0000][9.255s][info ][gc,phases     ] GC(23)   Pre Evacuate Collection Set: 0.0ms
[2023-10-18T22:52:02.148+0000][9.255s][info ][gc,phases     ] GC(23)   Evacuate Collection Set: 8.8ms
[2023-10-18T22:52:02.148+0000][9.256s][info ][gc,phases     ] GC(23)   Post Evacuate Collection Set: 2.2ms
[2023-10-18T22:52:02.149+0000][9.256s][info ][gc,phases     ] GC(23)   Other: 1.1ms
[2023-10-18T22:52:02.149+0000][9.257s][info ][gc,heap       ] GC(23) Eden regions: 154->0(154)
[2023-10-18T22:52:02.150+0000][9.257s][info ][gc,heap       ] GC(23) Survivor regions: 9->9(21)
[2023-10-18T22:52:02.150+0000][9.258s][info ][gc,heap       ] GC(23) Old regions: 22->24
[2023-10-18T22:52:02.152+0000][9.259s][info ][gc,heap       ] GC(23) Humongous regions: 0->0
[2023-10-18T22:52:02.152+0000][9.259s][info ][gc,metaspace  ] GC(23) Metaspace: 39381K(40528K)->39381K(40528K) NonClass: 34557K(35280K)->34557K(35280K) Class: 4823K(5248K)->4823K(5248K)
[2023-10-18T22:52:02.153+0000][9.260s][info ][gc            ] GC(23) Pause Young (Normal) (G1 Evacuation Pause) 182M->30M(273M) 17.220ms
[2023-10-18T22:52:02.153+0000][9.260s][info ][gc,cpu        ] GC(23) User=0.07s Sys=0.01s Real=0.02s
[2023-10-18T22:52:02.153+0000][9.261s][info ][safepoint     ] Leaving safepoint region
[2023-10-18T22:52:02.154+0000][9.261s][info ][safepoint     ] Total time for which application threads were stopped: 0.0194894 seconds, Stopping threads took: 0.0006996 seconds
[2023-10-18T22:52:02.155+0000][9.262s][info ][gc,stringdedup] Concurrent String Deduplication (9.262s)
[2023-10-18T22:52:02.157+0000][9.265s][info ][gc,stringdedup] Concurrent String Deduplication 54096.0B->17736.0B(36360.0B) avg 43.3% (9.262s, 9.265s) 2.884ms
[2023-10-18T22:52:03.011+0000][10.119s][debug][safepoint     ] Safepoint synchronization initiated. (12 threads)
[2023-10-18T22:52:03.012+0000][10.119s][info ][safepoint     ] Application time: 0.8576978 seconds
[2023-10-18T22:52:03.012+0000][10.120s][debug][safepoint     ] Waiting for 1 thread(s) to block
[2023-10-18T22:52:03.013+0000][10.120s][info ][safepoint     ] Entering safepoint region: G1CollectForAllocation
[2023-10-18T22:52:03.014+0000][10.121s][info ][gc,start      ] GC(24) Pause Young (Normal) (G1 Evacuation Pause)
[2023-10-18T22:52:03.014+0000][10.122s][info ][gc,task       ] GC(24) Using 6 workers of 8 for evacuation
[2023-10-18T22:52:03.025+0000][10.132s][info ][gc,phases     ] GC(24)   Pre Evacuate Collection Set: 0.0ms
[2023-10-18T22:52:03.026+0000][10.133s][info ][gc,phases     ] GC(24)   Evacuate Collection Set: 5.4ms
[2023-10-18T22:52:03.026+0000][10.134s][info ][gc,phases     ] GC(24)   Post Evacuate Collection Set: 4.9ms
[2023-10-18T22:52:03.027+0000][10.134s][info ][gc,phases     ] GC(24)   Other: 0.9ms
[2023-10-18T22:52:03.027+0000][10.135s][info ][gc,heap       ] GC(24) Eden regions: 154->0(187)
[2023-10-18T22:52:03.028+0000][10.135s][info ][gc,heap       ] GC(24) Survivor regions: 9->9(21)
[2023-10-18T22:52:03.029+0000][10.136s][info ][gc,heap       ] GC(24) Old regions: 24->25
[2023-10-18T22:52:03.029+0000][10.137s][info ][gc,heap       ] GC(24) Humongous regions: 0->0
[2023-10-18T22:52:03.030+0000][10.137s][info ][gc,metaspace  ] GC(24) Metaspace: 41430K(42576K)->41430K(42576K) NonClass: 36294K(37072K)->36294K(37072K) Class: 5135K(5504K)->5135K(5504K)
[2023-10-18T22:52:03.030+0000][10.138s][info ][gc            ] GC(24) Pause Young (Normal) (G1 Evacuation Pause) 184M->32M(328M) 16.588ms
[2023-10-18T22:52:03.031+0000][10.138s][info ][gc,cpu        ] GC(24) User=0.04s Sys=0.01s Real=0.02s
[2023-10-18T22:52:03.031+0000][10.139s][info ][safepoint     ] Leaving safepoint region
[2023-10-18T22:52:03.032+0000][10.139s][info ][safepoint     ] Total time for which application threads were stopped: 0.0196944 seconds, Stopping threads took: 0.0010809 seconds
[2023-10-18T22:52:03.033+0000][10.140s][info ][gc,stringdedup] Concurrent String Deduplication (10.140s)
[2023-10-18T22:52:03.034+0000][10.141s][info ][gc,stringdedup] Concurrent String Deduplication 83120.0B->26048.0B(57072.0B) avg 43.5% (10.140s, 10.141s) 1.135ms
[2023-10-18T22:52:03.049+0000][10.156s][debug][safepoint     ] Safepoint synchronization initiated. (12 threads)
[2023-10-18T22:52:03.049+0000][10.157s][info ][safepoint     ] Application time: 0.0164629 seconds
[2023-10-18T22:52:03.049+0000][10.157s][info ][safepoint     ] Entering safepoint region: Deoptimize
[2023-10-18T22:52:03.051+0000][10.158s][info ][safepoint     ] Leaving safepoint region
[2023-10-18T22:52:03.051+0000][10.159s][info ][safepoint     ] Total time for which application threads were stopped: 0.0016287 seconds, Stopping threads took: 0.0004443 seconds
[2023-10-18T22:52:03.064+0000][10.171s][debug][safepoint     ] Safepoint synchronization initiated. (12 threads)
[2023-10-18T22:52:03.064+0000][10.172s][info ][safepoint     ] Application time: 0.0129412 seconds
[2023-10-18T22:52:03.065+0000][10.172s][info ][safepoint     ] Entering safepoint region: Deoptimize
[2023-10-18T22:52:03.066+0000][10.174s][info ][safepoint     ] Leaving safepoint region
[2023-10-18T22:52:03.067+0000][10.174s][info ][safepoint     ] Total time for which application threads were stopped: 0.0016938 seconds, Stopping threads took: 0.0004502 seconds
[2023-10-18T22:52:03.089+0000][10.197s][debug][safepoint     ] Safepoint synchronization initiated. (12 threads)
[2023-10-18T22:52:03.090+0000][10.197s][info ][safepoint     ] Application time: 0.0228823 seconds
[2023-10-18T22:52:03.090+0000][10.198s][info ][safepoint     ] Entering safepoint region: Deoptimize
[2023-10-18T22:52:03.091+0000][10.199s][info ][safepoint     ] Leaving safepoint region
[2023-10-18T22:52:03.092+0000][10.199s][info ][safepoint     ] Total time for which application threads were stopped: 0.0014203 seconds, Stopping threads took: 0.0003550 seconds
[2023-10-18T22:52:03.388+0000][10.495s][debug][safepoint     ] Safepoint synchronization initiated. (12 threads)
[2023-10-18T22:52:03.389+0000][10.496s][info ][safepoint     ] Application time: 0.2963561 seconds
[2023-10-18T22:52:03.389+0000][10.496s][info ][safepoint     ] Entering safepoint region: Deoptimize
[2023-10-18T22:52:03.390+0000][10.498s][info ][safepoint     ] Leaving safepoint region
[2023-10-18T22:52:03.391+0000][10.498s][info ][safepoint     ] Total time for which application threads were stopped: 0.0018724 seconds, Stopping threads took: 0.0004091 seconds
[2023-10-18T22:52:03.393+0000][10.500s][debug][safepoint     ] Safepoint synchronization initiated. (12 threads)
[2023-10-18T22:52:03.393+0000][10.501s][info ][safepoint     ] Application time: 0.0019000 seconds
[2023-10-18T22:52:03.394+0000][10.501s][info ][safepoint     ] Entering safepoint region: Deoptimize
[2023-10-18T22:52:03.395+0000][10.503s][info ][safepoint     ] Leaving safepoint region
[2023-10-18T22:52:03.396+0000][10.503s][info ][safepoint     ] Total time for which application threads were stopped: 0.0019823 seconds, Stopping threads took: 0.0005117 seconds
[2023-10-18T22:52:03.488+0000][10.596s][debug][safepoint     ] Safepoint synchronization initiated. (12 threads)
[2023-10-18T22:52:03.489+0000][10.596s][info ][safepoint     ] Application time: 0.0925991 seconds
[2023-10-18T22:52:03.489+0000][10.597s][info ][safepoint     ] Entering safepoint region: Deoptimize
[2023-10-18T22:52:03.491+0000][10.598s][info ][safepoint     ] Leaving safepoint region
[2023-10-18T22:52:03.491+0000][10.598s][info ][safepoint     ] Total time for which application threads were stopped: 0.0018619 seconds, Stopping threads took: 0.0004732 seconds
[2023-10-18T22:52:03.803+0000][10.910s][debug][safepoint     ] Safepoint synchronization initiated. (12 threads)
[2023-10-18T22:52:03.803+0000][10.911s][info ][safepoint     ] Application time: 0.3118398 seconds
[2023-10-18T22:52:03.804+0000][10.911s][info ][safepoint     ] Entering safepoint region: Deoptimize
[2023-10-18T22:52:03.805+0000][10.913s][info ][safepoint     ] Leaving safepoint region
[2023-10-18T22:52:03.806+0000][10.913s][info ][safepoint     ] Total time for which application threads were stopped: 0.0018452 seconds, Stopping threads took: 0.0004655 seconds
[2023-10-18T22:52:03.807+0000][10.914s][debug][safepoint     ] Safepoint synchronization initiated. (12 threads)
[2023-10-18T22:52:03.807+0000][10.914s][info ][safepoint     ] Application time: 0.0010474 seconds
[2023-10-18T22:52:03.807+0000][10.915s][info ][safepoint     ] Entering safepoint region: Deoptimize
[2023-10-18T22:52:03.808+0000][10.916s][info ][safepoint     ] Leaving safepoint region
[2023-10-18T22:52:03.809+0000][10.916s][info ][safepoint     ] Total time for which application threads were stopped: 0.0014392 seconds, Stopping threads took: 0.0003565 seconds
[2023-10-18T22:52:03.970+0000][11.077s][debug][safepoint     ] Safepoint synchronization initiated. (12 threads)
[2023-10-18T22:52:03.970+0000][11.078s][info ][safepoint     ] Application time: 0.1609589 seconds
[2023-10-18T22:52:03.971+0000][11.078s][info ][safepoint     ] Entering safepoint region: Deoptimize
[2023-10-18T22:52:03.972+0000][11.079s][info ][safepoint     ] Leaving safepoint region
[2023-10-18T22:52:03.972+0000][11.080s][info ][safepoint     ] Total time for which application threads were stopped: 0.0016969 seconds, Stopping threads took: 0.0004027 seconds
[2023-10-18T22:52:04.073+0000][11.181s][debug][safepoint     ] Safepoint synchronization initiated. (12 threads)
[2023-10-18T22:52:04.074+0000][11.181s][info ][safepoint     ] Application time: 0.1011081 seconds
[2023-10-18T22:52:04.074+0000][11.182s][info ][safepoint     ] Entering safepoint region: G1CollectForAllocation
[2023-10-18T22:52:04.075+0000][11.183s][info ][gc,start      ] GC(25) Pause Young (Normal) (G1 Evacuation Pause)
[2023-10-18T22:52:04.076+0000][11.183s][info ][gc,task       ] GC(25) Using 7 workers of 8 for evacuation
[2023-10-18T22:52:04.094+0000][11.201s][info ][gc,phases     ] GC(25)   Pre Evacuate Collection Set: 0.0ms
[2023-10-18T22:52:04.095+0000][11.202s][info ][gc,phases     ] GC(25)   Evacuate Collection Set: 14.3ms
[2023-10-18T22:52:04.095+0000][11.202s][info ][gc,phases     ] GC(25)   Post Evacuate Collection Set: 3.2ms
[2023-10-18T22:52:04.095+0000][11.203s][info ][gc,phases     ] GC(25)   Other: 1.3ms
[2023-10-18T22:52:04.096+0000][11.203s][info ][gc,heap       ] GC(25) Eden regions: 187->0(184)
[2023-10-18T22:52:04.096+0000][11.203s][info ][gc,heap       ] GC(25) Survivor regions: 9->12(25)
[2023-10-18T22:52:04.096+0000][11.204s][info ][gc,heap       ] GC(25) Old regions: 25->25
[2023-10-18T22:52:04.097+0000][11.204s][info ][gc,heap       ] GC(25) Humongous regions: 0->0
[2023-10-18T22:52:04.097+0000][11.204s][info ][gc,metaspace  ] GC(25) Metaspace: 47226K(48592K)->47226K(48592K) NonClass: 41366K(42192K)->41366K(42192K) Class: 5860K(6400K)->5860K(6400K)
[2023-10-18T22:52:04.097+0000][11.205s][info ][gc            ] GC(25) Pause Young (Normal) (G1 Evacuation Pause) 219M->35M(328M) 22.185ms
[2023-10-18T22:52:04.098+0000][11.205s][info ][gc,cpu        ] GC(25) User=0.13s Sys=0.00s Real=0.02s
[2023-10-18T22:52:04.098+0000][11.205s][info ][safepoint     ] Leaving safepoint region
[2023-10-18T22:52:04.098+0000][11.206s][info ][safepoint     ] Total time for which application threads were stopped: 0.0239023 seconds, Stopping threads took: 0.0004686 seconds
[2023-10-18T22:52:04.099+0000][11.206s][info ][gc,stringdedup] Concurrent String Deduplication (11.206s)
[2023-10-18T22:52:04.102+0000][11.209s][info ][gc,stringdedup] Concurrent String Deduplication 260.7K->69320.0B(193.0K) avg 44.4% (11.206s, 11.209s) 2.657ms
[2023-10-18T22:52:04.149+0000][11.257s][debug][safepoint     ] Safepoint synchronization initiated. (12 threads)
[2023-10-18T22:52:04.150+0000][11.258s][info ][safepoint     ] Application time: 0.0514651 seconds
[2023-10-18T22:52:04.151+0000][11.258s][info ][safepoint     ] Entering safepoint region: Deoptimize
[2023-10-18T22:52:04.152+0000][11.260s][info ][safepoint     ] Leaving safepoint region
[2023-10-18T22:52:04.153+0000][11.260s][info ][safepoint     ] Total time for which application threads were stopped: 0.0018539 seconds, Stopping threads took: 0.0004406 seconds
[2023-10-18T22:52:04.554+0000][11.662s][debug][safepoint     ] Safepoint synchronization initiated. (12 threads)
[2023-10-18T22:52:04.555+0000][11.662s][info ][safepoint     ] Application time: 0.4016608 seconds
[2023-10-18T22:52:04.555+0000][11.663s][info ][safepoint     ] Entering safepoint region: Deoptimize
[2023-10-18T22:52:04.557+0000][11.664s][info ][safepoint     ] Leaving safepoint region
[2023-10-18T22:52:04.557+0000][11.664s][info ][safepoint     ] Total time for which application threads were stopped: 0.0018579 seconds, Stopping threads took: 0.0004569 seconds
[2023-10-18T22:52:05.558+0000][12.665s][debug][safepoint     ] Safepoint synchronization initiated. (14 threads)
[2023-10-18T22:52:05.559+0000][12.666s][info ][safepoint     ] Application time: 1.0012061 seconds
[2023-10-18T22:52:05.559+0000][12.667s][info ][safepoint     ] Entering safepoint region: Cleanup
[2023-10-18T22:52:05.560+0000][12.668s][info ][safepoint     ] Leaving safepoint region
[2023-10-18T22:52:05.561+0000][12.668s][info ][safepoint     ] Total time for which application threads were stopped: 0.0016303 seconds, Stopping threads took: 0.0006489 seconds
[2023-10-18T22:52:05.652+0000][12.760s][debug][safepoint     ] Safepoint synchronization initiated. (14 threads)
[2023-10-18T22:52:05.653+0000][12.760s][info ][safepoint     ] Application time: 0.0914115 seconds
[2023-10-18T22:52:05.653+0000][12.761s][info ][safepoint     ] Entering safepoint region: Deoptimize
[2023-10-18T22:52:05.655+0000][12.762s][info ][safepoint     ] Leaving safepoint region
[2023-10-18T22:52:05.655+0000][12.763s][info ][safepoint     ] Total time for which application threads were stopped: 0.0017816 seconds, Stopping threads took: 0.0003471 seconds
[2023-10-18T22:52:05.707+0000][12.815s][debug][safepoint     ] Safepoint synchronization initiated. (15 threads)
[2023-10-18T22:52:05.708+0000][12.815s][info ][safepoint     ] Application time: 0.0521593 seconds
[2023-10-18T22:52:05.708+0000][12.816s][info ][safepoint     ] Entering safepoint region: Deoptimize
[2023-10-18T22:52:05.709+0000][12.817s][info ][safepoint     ] Leaving safepoint region
[2023-10-18T22:52:05.710+0000][12.817s][info ][safepoint     ] Total time for which application threads were stopped: 0.0015130 seconds, Stopping threads took: 0.0003147 seconds
[2023-10-18T22:52:05.908+0000][13.016s][debug][safepoint     ] Safepoint synchronization initiated. (15 threads)
[2023-10-18T22:52:05.909+0000][13.016s][info ][safepoint     ] Application time: 0.1988812 seconds
[2023-10-18T22:52:05.909+0000][13.017s][info ][safepoint     ] Entering safepoint region: ICBufferFull
[2023-10-18T22:52:05.910+0000][13.017s][info ][safepoint     ] Leaving safepoint region
[2023-10-18T22:52:05.910+0000][13.018s][info ][safepoint     ] Total time for which application threads were stopped: 0.0010094 seconds, Stopping threads took: 0.0003582 seconds
[2023-10-18T22:52:06.165+0000][13.272s][debug][safepoint     ] Safepoint synchronization initiated. (15 threads)
[2023-10-18T22:52:06.165+0000][13.273s][info ][safepoint     ] Application time: 0.2548902 seconds
[2023-10-18T22:52:06.166+0000][13.273s][info ][safepoint     ] Entering safepoint region: G1CollectForAllocation
[2023-10-18T22:52:06.166+0000][13.274s][info ][gc,start      ] GC(26) Pause Young (Normal) (G1 Evacuation Pause)
[2023-10-18T22:52:06.167+0000][13.274s][info ][gc,task       ] GC(26) Using 7 workers of 8 for evacuation
[2023-10-18T22:52:06.189+0000][13.297s][info ][gc,phases     ] GC(26)   Pre Evacuate Collection Set: 0.0ms
[2023-10-18T22:52:06.190+0000][13.297s][info ][gc,phases     ] GC(26)   Evacuate Collection Set: 20.0ms
[2023-10-18T22:52:06.190+0000][13.298s][info ][gc,phases     ] GC(26)   Post Evacuate Collection Set: 2.1ms
[2023-10-18T22:52:06.191+0000][13.298s][info ][gc,phases     ] GC(26)   Other: 0.9ms
[2023-10-18T22:52:06.191+0000][13.298s][info ][gc,heap       ] GC(26) Eden regions: 184->0(181)
[2023-10-18T22:52:06.191+0000][13.299s][info ][gc,heap       ] GC(26) Survivor regions: 12->15(25)
[2023-10-18T22:52:06.192+0000][13.299s][info ][gc,heap       ] GC(26) Old regions: 25->26
[2023-10-18T22:52:06.192+0000][13.300s][info ][gc,heap       ] GC(26) Humongous regions: 0->0
[2023-10-18T22:52:06.193+0000][13.300s][info ][gc,metaspace  ] GC(26) Metaspace: 53874K(55248K)->53874K(55248K) NonClass: 47262K(48080K)->47262K(48080K) Class: 6612K(7168K)->6612K(7168K)
[2023-10-18T22:52:06.193+0000][13.300s][info ][gc            ] GC(26) Pause Young (Normal) (G1 Evacuation Pause) 219M->38M(328M) 26.590ms
[2023-10-18T22:52:06.193+0000][13.301s][info ][gc,cpu        ] GC(26) User=0.19s Sys=0.00s Real=0.03s
[2023-10-18T22:52:06.194+0000][13.301s][info ][safepoint     ] Leaving safepoint region
[2023-10-18T22:52:06.194+0000][13.302s][info ][safepoint     ] Total time for which application threads were stopped: 0.0285733 seconds, Stopping threads took: 0.0003660 seconds
[2023-10-18T22:52:06.195+0000][13.302s][info ][gc,stringdedup] Concurrent String Deduplication (13.302s)
[2023-10-18T22:52:06.197+0000][13.304s][info ][gc,stringdedup] Concurrent String Deduplication 151.2K->71448.0B(83368.0B) avg 44.6% (13.302s, 13.304s) 2.116ms
[2023-10-18T22:52:06.675+0000][13.783s][debug][safepoint     ] Safepoint synchronization initiated. (15 threads)
[2023-10-18T22:52:06.676+0000][13.783s][info ][safepoint     ] Application time: 0.4808208 seconds
[2023-10-18T22:52:06.676+0000][13.783s][info ][safepoint     ] Entering safepoint region: G1CollectForAllocation
[2023-10-18T22:52:06.677+0000][13.784s][info ][gc,start      ] GC(27) Pause Young (Normal) (G1 Evacuation Pause)
[2023-10-18T22:52:06.677+0000][13.784s][info ][gc,task       ] GC(27) Using 7 workers of 8 for evacuation
[2023-10-18T22:52:06.687+0000][13.795s][info ][gc,phases     ] GC(27)   Pre Evacuate Collection Set: 0.0ms
[2023-10-18T22:52:06.688+0000][13.795s][info ][gc,phases     ] GC(27)   Evacuate Collection Set: 8.5ms
[2023-10-18T22:52:06.688+0000][13.796s][info ][gc,phases     ] GC(27)   Post Evacuate Collection Set: 1.6ms
[2023-10-18T22:52:06.689+0000][13.796s][info ][gc,phases     ] GC(27)   Other: 0.8ms
[2023-10-18T22:52:06.689+0000][13.797s][info ][gc,heap       ] GC(27) Eden regions: 181->0(182)
[2023-10-18T22:52:06.690+0000][13.797s][info ][gc,heap       ] GC(27) Survivor regions: 15->14(25)
[2023-10-18T22:52:06.690+0000][13.798s][info ][gc,heap       ] GC(27) Old regions: 26->28
[2023-10-18T22:52:06.691+0000][13.798s][info ][gc,heap       ] GC(27) Humongous regions: 0->0
[2023-10-18T22:52:06.692+0000][13.799s][info ][gc,metaspace  ] GC(27) Metaspace: 56603K(58064K)->56603K(58064K) NonClass: 49538K(50384K)->49538K(50384K) Class: 7064K(7680K)->7064K(7680K)
[2023-10-18T22:52:06.692+0000][13.799s][info ][gc            ] GC(27) Pause Young (Normal) (G1 Evacuation Pause) 219M->39M(328M) 15.493ms
[2023-10-18T22:52:06.692+0000][13.800s][info ][gc,cpu        ] GC(27) User=0.06s Sys=0.00s Real=0.02s
[2023-10-18T22:52:06.693+0000][13.800s][info ][safepoint     ] Leaving safepoint region
[2023-10-18T22:52:06.693+0000][13.801s][info ][safepoint     ] Total time for which application threads were stopped: 0.0171423 seconds, Stopping threads took: 0.0004346 seconds
[2023-10-18T22:52:06.694+0000][13.801s][info ][gc,stringdedup] Concurrent String Deduplication (13.801s)
[2023-10-18T22:52:06.696+0000][13.803s][info ][gc,stringdedup] Concurrent String Deduplication 209.7K->82968.0B(128.7K) avg 45.0% (13.801s, 13.803s) 2.287ms
[2023-10-18T22:52:06.875+0000][13.983s][debug][safepoint     ] Safepoint synchronization initiated. (15 threads)
[2023-10-18T22:52:06.876+0000][13.984s][info ][safepoint     ] Application time: 0.1825961 seconds
[2023-10-18T22:52:06.877+0000][13.984s][info ][safepoint     ] Entering safepoint region: CollectForMetadataAllocation
[2023-10-18T22:52:06.877+0000][13.985s][info ][gc,start      ] GC(28) Pause Young (Concurrent Start) (Metadata GC Threshold)
[2023-10-18T22:52:06.878+0000][13.985s][info ][gc,task       ] GC(28) Using 7 workers of 8 for evacuation
[2023-10-18T22:52:06.889+0000][13.997s][info ][gc,phases     ] GC(28)   Pre Evacuate Collection Set: 0.1ms
[2023-10-18T22:52:06.890+0000][13.997s][info ][gc,phases     ] GC(28)   Evacuate Collection Set: 8.5ms
[2023-10-18T22:52:06.891+0000][13.998s][info ][gc,phases     ] GC(28)   Post Evacuate Collection Set: 2.2ms
[2023-10-18T22:52:06.891+0000][13.999s][info ][gc,phases     ] GC(28)   Other: 1.1ms
[2023-10-18T22:52:06.892+0000][13.999s][info ][gc,heap       ] GC(28) Eden regions: 79->0(182)
[2023-10-18T22:52:06.892+0000][14.000s][info ][gc,heap       ] GC(28) Survivor regions: 14->14(25)
[2023-10-18T22:52:06.893+0000][14.000s][info ][gc,heap       ] GC(28) Old regions: 28->28
[2023-10-18T22:52:06.894+0000][14.001s][info ][gc,heap       ] GC(28) Humongous regions: 0->0
[2023-10-18T22:52:06.894+0000][14.002s][info ][gc,metaspace  ] GC(28) Metaspace: 59019K(60496K)->59019K(60496K) NonClass: 51547K(52432K)->51547K(52432K) Class: 7472K(8064K)->7472K(8064K)
[2023-10-18T22:52:06.895+0000][14.002s][info ][gc            ] GC(28) Pause Young (Concurrent Start) (Metadata GC Threshold) 118M->39M(328M) 17.398ms
[2023-10-18T22:52:06.895+0000][14.002s][info ][gc,cpu        ] GC(28) User=0.05s Sys=0.00s Real=0.02s
[2023-10-18T22:52:06.895+0000][14.003s][info ][gc            ] GC(29) Concurrent Cycle
[2023-10-18T22:52:06.896+0000][14.003s][info ][gc,marking    ] GC(29) Concurrent Clear Claimed Marks
[2023-10-18T22:52:06.895+0000][14.003s][info ][safepoint     ] Leaving safepoint region
[2023-10-18T22:52:06.896+0000][14.004s][info ][gc,marking    ] GC(29) Concurrent Clear Claimed Marks 0.572ms
[2023-10-18T22:52:06.897+0000][14.004s][info ][gc,marking    ] GC(29) Concurrent Scan Root Regions
[2023-10-18T22:52:06.897+0000][14.004s][info ][safepoint     ] Total time for which application threads were stopped: 0.0200364 seconds, Stopping threads took: 0.0004471 seconds
[2023-10-18T22:52:06.898+0000][14.005s][info ][gc,stringdedup] Concurrent String Deduplication (14.005s)
[2023-10-18T22:52:06.901+0000][14.008s][info ][gc,stringdedup] Concurrent String Deduplication 352.5K->156.5K(196.1K) avg 45.3% (14.005s, 14.008s) 2.941ms
[2023-10-18T22:52:06.902+0000][14.010s][info ][gc,marking    ] GC(29) Concurrent Scan Root Regions 5.602ms
[2023-10-18T22:52:06.903+0000][14.011s][info ][gc,marking    ] GC(29) Concurrent Mark (14.011s)
[2023-10-18T22:52:06.904+0000][14.011s][info ][gc,marking    ] GC(29) Concurrent Mark From Roots
[2023-10-18T22:52:06.904+0000][14.012s][info ][gc,task       ] GC(29) Using 2 workers of 2 for marking
[2023-10-18T22:52:06.928+0000][14.035s][info ][gc,marking    ] GC(29) Concurrent Mark From Roots 24.284ms
[2023-10-18T22:52:06.928+0000][14.036s][info ][gc,marking    ] GC(29) Concurrent Preclean
[2023-10-18T22:52:06.929+0000][14.037s][info ][gc,marking    ] GC(29) Concurrent Preclean 0.741ms
[2023-10-18T22:52:06.930+0000][14.037s][info ][gc,marking    ] GC(29) Concurrent Mark (14.011s, 14.037s) 26.539ms
[2023-10-18T22:52:06.931+0000][14.038s][debug][safepoint     ] Safepoint synchronization initiated. (15 threads)
[2023-10-18T22:52:06.932+0000][14.039s][info ][safepoint     ] Application time: 0.0340291 seconds
[2023-10-18T22:52:06.932+0000][14.039s][info ][safepoint     ] Entering safepoint region: CGC_Operation
[2023-10-18T22:52:06.933+0000][14.040s][info ][gc,start      ] GC(29) Pause Remark
[2023-10-18T22:52:06.941+0000][14.048s][info ][gc,stringtable] GC(29) Cleaned string and symbol table, strings: 23348 processed, 1 removed, symbols: 191602 processed, 180 removed
[2023-10-18T22:52:06.942+0000][14.049s][info ][gc            ] GC(29) Pause Remark 40M->40M(328M) 9.102ms
[2023-10-18T22:52:06.942+0000][14.050s][info ][gc,cpu        ] GC(29) User=0.05s Sys=0.00s Real=0.01s
[2023-10-18T22:52:06.943+0000][14.050s][info ][safepoint     ] Leaving safepoint region
[2023-10-18T22:52:06.943+0000][14.051s][info ][safepoint     ] Total time for which application threads were stopped: 0.0114474 seconds, Stopping threads took: 0.0005441 seconds
[2023-10-18T22:52:06.944+0000][14.051s][info ][gc,marking    ] GC(29) Concurrent Rebuild Remembered Sets
[2023-10-18T22:52:06.959+0000][14.066s][info ][gc,marking    ] GC(29) Concurrent Rebuild Remembered Sets 14.623ms
[2023-10-18T22:52:06.959+0000][14.067s][debug][safepoint     ] Safepoint synchronization initiated. (15 threads)
[2023-10-18T22:52:06.960+0000][14.067s][info ][safepoint     ] Application time: 0.0160142 seconds
[2023-10-18T22:52:06.960+0000][14.068s][info ][safepoint     ] Entering safepoint region: CGC_Operation
[2023-10-18T22:52:06.961+0000][14.068s][info ][gc,start      ] GC(29) Pause Cleanup
[2023-10-18T22:52:06.962+0000][14.069s][info ][gc            ] GC(29) Pause Cleanup 40M->40M(328M) 0.736ms
[2023-10-18T22:52:06.962+0000][14.070s][info ][gc,cpu        ] GC(29) User=0.00s Sys=0.00s Real=0.00s
[2023-10-18T22:52:06.963+0000][14.070s][info ][safepoint     ] Leaving safepoint region
[2023-10-18T22:52:06.963+0000][14.071s][info ][safepoint     ] Total time for which application threads were stopped: 0.0029723 seconds, Stopping threads took: 0.0004867 seconds
[2023-10-18T22:52:06.964+0000][14.071s][info ][gc,marking    ] GC(29) Concurrent Cleanup for Next Mark
[2023-10-18T22:52:06.965+0000][14.073s][info ][gc,marking    ] GC(29) Concurrent Cleanup for Next Mark 1.401ms
[2023-10-18T22:52:06.966+0000][14.073s][info ][gc            ] GC(29) Concurrent Cycle 70.449ms
[2023-10-18T22:52:07.567+0000][14.675s][debug][safepoint     ] Safepoint synchronization initiated. (17 threads)
[2023-10-18T22:52:07.568+0000][14.675s][info ][safepoint     ] Application time: 0.6039995 seconds
[2023-10-18T22:52:07.568+0000][14.676s][info ][safepoint     ] Entering safepoint region: ICBufferFull
[2023-10-18T22:52:07.569+0000][14.677s][info ][safepoint     ] Leaving safepoint region
[2023-10-18T22:52:07.570+0000][14.677s][info ][safepoint     ] Total time for which application threads were stopped: 0.0012612 seconds, Stopping threads took: 0.0004832 seconds
[2023-10-18T22:52:07.855+0000][14.963s][debug][safepoint     ] Safepoint synchronization initiated. (17 threads)
[2023-10-18T22:52:07.856+0000][14.963s][info ][safepoint     ] Application time: 0.2858778 seconds
[2023-10-18T22:52:07.856+0000][14.964s][info ][safepoint     ] Entering safepoint region: Deoptimize
[2023-10-18T22:52:07.860+0000][14.967s][info ][safepoint     ] Leaving safepoint region
[2023-10-18T22:52:07.860+0000][14.968s][info ][safepoint     ] Total time for which application threads were stopped: 0.0038756 seconds, Stopping threads took: 0.0004125 seconds
[2023-10-18T22:52:08.000+0000][15.107s][debug][safepoint     ] Safepoint synchronization initiated. (17 threads)
[2023-10-18T22:52:08.000+0000][15.108s][info ][safepoint     ] Application time: 0.1394226 seconds
[2023-10-18T22:52:08.001+0000][15.108s][info ][safepoint     ] Entering safepoint region: G1CollectForAllocation
[2023-10-18T22:52:08.001+0000][15.109s][info ][gc,start      ] GC(30) Pause Young (Normal) (G1 Evacuation Pause)
[2023-10-18T22:52:08.002+0000][15.109s][info ][gc,task       ] GC(30) Using 7 workers of 8 for evacuation
[2023-10-18T22:52:08.017+0000][15.124s][info ][gc,phases     ] GC(30)   Pre Evacuate Collection Set: 0.0ms
[2023-10-18T22:52:08.017+0000][15.125s][info ][gc,phases     ] GC(30)   Evacuate Collection Set: 12.3ms
[2023-10-18T22:52:08.018+0000][15.125s][info ][gc,phases     ] GC(30)   Post Evacuate Collection Set: 2.4ms
[2023-10-18T22:52:08.018+0000][15.126s][info ][gc,phases     ] GC(30)   Other: 1.1ms
[2023-10-18T22:52:08.019+0000][15.126s][info ][gc,heap       ] GC(30) Eden regions: 182->0(180)
[2023-10-18T22:52:08.019+0000][15.127s][info ][gc,heap       ] GC(30) Survivor regions: 14->16(25)
[2023-10-18T22:52:08.020+0000][15.127s][info ][gc,heap       ] GC(30) Old regions: 28->28
[2023-10-18T22:52:08.020+0000][15.128s][info ][gc,heap       ] GC(30) Humongous regions: 0->0
[2023-10-18T22:52:08.020+0000][15.128s][info ][gc,metaspace  ] GC(30) Metaspace: 64840K(66640K)->64840K(66640K) NonClass: 56592K(57808K)->56592K(57808K) Class: 8248K(8832K)->8248K(8832K)
[2023-10-18T22:52:08.021+0000][15.128s][info ][gc            ] GC(30) Pause Young (Normal) (G1 Evacuation Pause) 221M->42M(328M) 19.677ms
[2023-10-18T22:52:08.021+0000][15.129s][info ][gc,cpu        ] GC(30) User=0.10s Sys=0.00s Real=0.02s
[2023-10-18T22:52:08.022+0000][15.129s][info ][safepoint     ] Leaving safepoint region
[2023-10-18T22:52:08.022+0000][15.129s][info ][safepoint     ] Total time for which application threads were stopped: 0.0214592 seconds, Stopping threads took: 0.0004325 seconds
[2023-10-18T22:52:08.023+0000][15.130s][info ][gc,stringdedup] Concurrent String Deduplication (15.130s)
[2023-10-18T22:52:08.024+0000][15.131s][info ][gc,stringdedup] Concurrent String Deduplication 63936.0B->7376.0B(56560.0B) avg 45.6% (15.130s, 15.131s) 1.331ms
[2023-10-18T22:52:08.304+0000][15.411s][debug][safepoint     ] Safepoint synchronization initiated. (17 threads)
[2023-10-18T22:52:08.305+0000][15.412s][info ][safepoint     ] Application time: 0.2821709 seconds
[2023-10-18T22:52:08.305+0000][15.413s][info ][safepoint     ] Entering safepoint region: ICBufferFull
[2023-10-18T22:52:08.306+0000][15.414s][info ][safepoint     ] Leaving safepoint region
[2023-10-18T22:52:08.307+0000][15.414s][info ][safepoint     ] Total time for which application threads were stopped: 0.0016156 seconds, Stopping threads took: 0.0006595 seconds
[2023-10-18T22:52:09.008+0000][16.119s][debug][safepoint     ] Safepoint synchronization initiated. (15 threads)
[2023-10-18T22:52:09.008+0000][16.120s][info ][safepoint     ] Application time: 0.7054228 seconds
[2023-10-18T22:52:09.009+0000][16.121s][info ][safepoint     ] Entering safepoint region: ICBufferFull
[2023-10-18T22:52:09.010+0000][16.122s][info ][safepoint     ] Leaving safepoint region
[2023-10-18T22:52:09.011+0000][16.123s][info ][safepoint     ] Total time for which application threads were stopped: 0.0020199 seconds, Stopping threads took: 0.0007993 seconds
[2023-10-18T22:52:09.094+0000][16.206s][debug][safepoint     ] Safepoint synchronization initiated. (15 threads)
[2023-10-18T22:52:09.094+0000][16.206s][info ][safepoint     ] Application time: 0.0826928 seconds
[2023-10-18T22:52:09.095+0000][16.207s][info ][safepoint     ] Entering safepoint region: G1CollectForAllocation
[2023-10-18T22:52:09.096+0000][16.207s][info ][gc,start      ] GC(31) Pause Young (Normal) (G1 Evacuation Pause)
[2023-10-18T22:52:09.096+0000][16.208s][info ][gc,task       ] GC(31) Using 7 workers of 8 for evacuation
[2023-10-18T22:52:09.113+0000][16.225s][info ][gc,phases     ] GC(31)   Pre Evacuate Collection Set: 0.0ms
[2023-10-18T22:52:09.114+0000][16.226s][info ][gc,phases     ] GC(31)   Evacuate Collection Set: 13.9ms
[2023-10-18T22:52:09.114+0000][16.226s][info ][gc,phases     ] GC(31)   Post Evacuate Collection Set: 2.4ms
[2023-10-18T22:52:09.115+0000][16.227s][info ][gc,phases     ] GC(31)   Other: 1.2ms
[2023-10-18T22:52:09.115+0000][16.227s][info ][gc,heap       ] GC(31) Eden regions: 180->0(182)
[2023-10-18T22:52:09.116+0000][16.228s][info ][gc,heap       ] GC(31) Survivor regions: 16->14(25)
[2023-10-18T22:52:09.117+0000][16.228s][info ][gc,heap       ] GC(31) Old regions: 28->32
[2023-10-18T22:52:09.117+0000][16.229s][info ][gc,heap       ] GC(31) Humongous regions: 0->0
[2023-10-18T22:52:09.118+0000][16.230s][info ][gc,metaspace  ] GC(31) Metaspace: 68215K(69968K)->68215K(69968K) NonClass: 59462K(60624K)->59462K(60624K) Class: 8752K(9344K)->8752K(9344K)
[2023-10-18T22:52:09.118+0000][16.230s][info ][gc            ] GC(31) Pause Young (Normal) (G1 Evacuation Pause) 222M->44M(328M) 22.625ms
[2023-10-18T22:52:09.119+0000][16.231s][info ][gc,cpu        ] GC(31) User=0.12s Sys=0.00s Real=0.02s
[2023-10-18T22:52:09.119+0000][16.231s][info ][safepoint     ] Leaving safepoint region
[2023-10-18T22:52:09.120+0000][16.232s][info ][safepoint     ] Total time for which application threads were stopped: 0.0249501 seconds, Stopping threads took: 0.0005593 seconds
[2023-10-18T22:52:09.120+0000][16.232s][info ][gc,stringdedup] Concurrent String Deduplication (16.232s)
[2023-10-18T22:52:09.122+0000][16.233s][info ][gc,stringdedup] Concurrent String Deduplication 48848.0B->15192.0B(33656.0B) avg 45.7% (16.232s, 16.233s) 1.134ms
[2023-10-18T22:52:09.344+0000][16.456s][debug][safepoint     ] Safepoint synchronization initiated. (16 threads)
[2023-10-18T22:52:09.344+0000][16.456s][info ][safepoint     ] Application time: 0.2238963 seconds
[2023-10-18T22:52:09.345+0000][16.457s][info ][safepoint     ] Entering safepoint region: ICBufferFull
[2023-10-18T22:52:09.346+0000][16.457s][info ][safepoint     ] Leaving safepoint region
[2023-10-18T22:52:09.346+0000][16.458s][info ][safepoint     ] Total time for which application threads were stopped: 0.0012686 seconds, Stopping threads took: 0.0004540 seconds
[2023-10-18T22:52:09.474+0000][16.586s][debug][safepoint     ] Safepoint synchronization initiated. (17 threads)
[2023-10-18T22:52:09.475+0000][16.587s][info ][safepoint     ] Application time: 0.1287481 seconds
[2023-10-18T22:52:09.476+0000][16.587s][info ][safepoint     ] Entering safepoint region: ICBufferFull
[2023-10-18T22:52:09.476+0000][16.588s][info ][safepoint     ] Leaving safepoint region
[2023-10-18T22:52:09.477+0000][16.589s][info ][safepoint     ] Total time for which application threads were stopped: 0.0013551 seconds, Stopping threads took: 0.0005199 seconds
[2023-10-18T22:52:09.614+0000][16.725s][debug][safepoint     ] Safepoint synchronization initiated. (17 threads)
[2023-10-18T22:52:09.614+0000][16.726s][info ][safepoint     ] Application time: 0.1365923 seconds
[2023-10-18T22:52:09.615+0000][16.726s][debug][safepoint     ] Waiting for 1 thread(s) to block
[2023-10-18T22:52:09.615+0000][16.727s][info ][safepoint     ] Entering safepoint region: ICBufferFull
[2023-10-18T22:52:09.616+0000][16.728s][info ][safepoint     ] Leaving safepoint region
[2023-10-18T22:52:09.616+0000][16.728s][info ][safepoint     ] Total time for which application threads were stopped: 0.0018623 seconds, Stopping threads took: 0.0011298 seconds
[2023-10-18T22:52:09.728+0000][16.840s][debug][safepoint     ] Safepoint synchronization initiated. (17 threads)
[2023-10-18T22:52:09.729+0000][16.841s][info ][safepoint     ] Application time: 0.1118553 seconds
[2023-10-18T22:52:09.729+0000][16.841s][info ][safepoint     ] Entering safepoint region: ICBufferFull
[2023-10-18T22:52:09.730+0000][16.842s][info ][safepoint     ] Leaving safepoint region
[2023-10-18T22:52:09.731+0000][16.843s][info ][safepoint     ] Total time for which application threads were stopped: 0.0015908 seconds, Stopping threads took: 0.0006996 seconds
[2023-10-18T22:52:09.934+0000][17.046s][debug][safepoint     ] Safepoint synchronization initiated. (17 threads)
[2023-10-18T22:52:09.935+0000][17.047s][info ][safepoint     ] Application time: 0.2038978 seconds
[2023-10-18T22:52:09.936+0000][17.048s][info ][safepoint     ] Entering safepoint region: ICBufferFull
[2023-10-18T22:52:09.937+0000][17.049s][info ][safepoint     ] Leaving safepoint region
[2023-10-18T22:52:09.937+0000][17.049s][info ][safepoint     ] Total time for which application threads were stopped: 0.0013788 seconds, Stopping threads took: 0.0006209 seconds
[2023-10-18T22:52:10.416+0000][17.527s][debug][safepoint     ] Safepoint synchronization initiated. (15 threads)
[2023-10-18T22:52:10.416+0000][17.528s][info ][safepoint     ] Application time: 0.4784292 seconds
[2023-10-18T22:52:10.417+0000][17.528s][info ][safepoint     ] Entering safepoint region: G1CollectForAllocation
[2023-10-18T22:52:10.417+0000][17.529s][info ][gc,start      ] GC(32) Pause Young (Normal) (G1 Evacuation Pause)
[2023-10-18T22:52:10.418+0000][17.529s][info ][gc,task       ] GC(32) Using 7 workers of 8 for evacuation
[2023-10-18T22:52:10.432+0000][17.544s][info ][gc,phases     ] GC(32)   Pre Evacuate Collection Set: 0.0ms
[2023-10-18T22:52:10.432+0000][17.544s][info ][gc,phases     ] GC(32)   Evacuate Collection Set: 11.7ms
[2023-10-18T22:52:10.433+0000][17.545s][info ][gc,phases     ] GC(32)   Post Evacuate Collection Set: 1.9ms
[2023-10-18T22:52:10.433+0000][17.545s][info ][gc,phases     ] GC(32)   Other: 0.9ms
[2023-10-18T22:52:10.434+0000][17.546s][info ][gc,heap       ] GC(32) Eden regions: 182->0(183)
[2023-10-18T22:52:10.434+0000][17.546s][info ][gc,heap       ] GC(32) Survivor regions: 14->13(25)
[2023-10-18T22:52:10.435+0000][17.547s][info ][gc,heap       ] GC(32) Old regions: 32->36
[2023-10-18T22:52:10.435+0000][17.547s][info ][gc,heap       ] GC(32) Humongous regions: 0->0
[2023-10-18T22:52:10.436+0000][17.548s][info ][gc,metaspace  ] GC(32) Metaspace: 71016K(72912K)->71016K(72912K) NonClass: 61947K(63184K)->61947K(63184K) Class: 9068K(9728K)->9068K(9728K)
[2023-10-18T22:52:10.436+0000][17.548s][info ][gc            ] GC(32) Pause Young (Normal) (G1 Evacuation Pause) 226M->47M(328M) 18.909ms
[2023-10-18T22:52:10.437+0000][17.549s][info ][gc,cpu        ] GC(32) User=0.09s Sys=0.00s Real=0.02s
[2023-10-18T22:52:10.437+0000][17.549s][info ][safepoint     ] Leaving safepoint region
[2023-10-18T22:52:10.438+0000][17.549s][info ][safepoint     ] Total time for which application threads were stopped: 0.0210095 seconds, Stopping threads took: 0.0004046 seconds
[2023-10-18T22:52:10.438+0000][17.550s][info ][gc,stringdedup] Concurrent String Deduplication (17.550s)
[2023-10-18T22:52:10.440+0000][17.552s][info ][gc,stringdedup] Concurrent String Deduplication 204.3K->56224.0B(149.4K) avg 46.3% (17.550s, 17.552s) 2.123ms
[2023-10-18T22:52:10.664+0000][17.776s][debug][safepoint     ] Safepoint synchronization initiated. (17 threads)
[2023-10-18T22:52:10.665+0000][17.777s][info ][safepoint     ] Application time: 0.2269541 seconds
[2023-10-18T22:52:10.666+0000][17.777s][info ][safepoint     ] Entering safepoint region: Deoptimize
[2023-10-18T22:52:10.667+0000][17.779s][info ][safepoint     ] Leaving safepoint region
[2023-10-18T22:52:10.668+0000][17.780s][info ][safepoint     ] Total time for which application threads were stopped: 0.0022536 seconds, Stopping threads took: 0.0005070 seconds
[2023-10-18T22:52:10.670+0000][17.782s][debug][safepoint     ] Safepoint synchronization initiated. (17 threads)
[2023-10-18T22:52:10.670+0000][17.782s][info ][safepoint     ] Application time: 0.0022852 seconds
[2023-10-18T22:52:10.671+0000][17.783s][info ][safepoint     ] Entering safepoint region: Deoptimize
[2023-10-18T22:52:10.672+0000][17.784s][info ][safepoint     ] Leaving safepoint region
[2023-10-18T22:52:10.673+0000][17.785s][info ][safepoint     ] Total time for which application threads were stopped: 0.0018849 seconds, Stopping threads took: 0.0004062 seconds
[2023-10-18T22:52:11.103+0000][18.215s][debug][safepoint     ] Safepoint synchronization initiated. (17 threads)
[2023-10-18T22:52:11.104+0000][18.215s][info ][safepoint     ] Application time: 0.4304685 seconds
[2023-10-18T22:52:11.104+0000][18.216s][info ][safepoint     ] Entering safepoint region: Deoptimize
[2023-10-18T22:52:11.106+0000][18.218s][info ][safepoint     ] Leaving safepoint region
[2023-10-18T22:52:11.106+0000][18.218s][info ][safepoint     ] Total time for which application threads were stopped: 0.0020854 seconds, Stopping threads took: 0.0004207 seconds
[2023-10-18T22:52:11.342+0000][18.454s][debug][safepoint     ] Safepoint synchronization initiated. (17 threads)
[2023-10-18T22:52:11.343+0000][18.455s][info ][safepoint     ] Application time: 0.2362754 seconds
[2023-10-18T22:52:11.343+0000][18.455s][info ][safepoint     ] Entering safepoint region: Deoptimize
[2023-10-18T22:52:11.345+0000][18.457s][info ][safepoint     ] Leaving safepoint region
[2023-10-18T22:52:11.346+0000][18.457s][info ][safepoint     ] Total time for which application threads were stopped: 0.0022500 seconds, Stopping threads took: 0.0004418 seconds
[2023-10-18T22:52:11.361+0000][18.473s][debug][safepoint     ] Safepoint synchronization initiated. (17 threads)
[2023-10-18T22:52:11.362+0000][18.474s][info ][safepoint     ] Application time: 0.0158781 seconds
[2023-10-18T22:52:11.362+0000][18.474s][debug][safepoint     ] Waiting for 1 thread(s) to block
[2023-10-18T22:52:11.363+0000][18.475s][info ][safepoint     ] Entering safepoint region: ICBufferFull
[2023-10-18T22:52:11.364+0000][18.476s][info ][safepoint     ] Leaving safepoint region
[2023-10-18T22:52:11.365+0000][18.476s][info ][safepoint     ] Total time for which application threads were stopped: 0.0021665 seconds, Stopping threads took: 0.0015097 seconds
[2023-10-18T22:52:11.458+0000][18.570s][debug][safepoint     ] Safepoint synchronization initiated. (17 threads)
[2023-10-18T22:52:11.459+0000][18.571s][info ][safepoint     ] Application time: 0.0938582 seconds
[2023-10-18T22:52:11.459+0000][18.571s][info ][safepoint     ] Entering safepoint region: Deoptimize
[2023-10-18T22:52:11.461+0000][18.573s][info ][safepoint     ] Leaving safepoint region
[2023-10-18T22:52:11.462+0000][18.573s][info ][safepoint     ] Total time for which application threads were stopped: 0.0024154 seconds, Stopping threads took: 0.0005100 seconds
[2023-10-18T22:52:11.554+0000][18.665s][debug][safepoint     ] Safepoint synchronization initiated. (17 threads)
[2023-10-18T22:52:11.554+0000][18.666s][info ][safepoint     ] Application time: 0.0922739 seconds
[2023-10-18T22:52:11.555+0000][18.667s][debug][safepoint     ] Waiting for 1 thread(s) to block
[2023-10-18T22:52:11.555+0000][18.667s][info ][safepoint     ] Entering safepoint region: G1CollectForAllocation
[2023-10-18T22:52:11.556+0000][18.668s][info ][gc,start      ] GC(33) Pause Young (Normal) (G1 Evacuation Pause)
[2023-10-18T22:52:11.556+0000][18.668s][info ][gc,task       ] GC(33) Using 7 workers of 8 for evacuation
[2023-10-18T22:52:11.568+0000][18.680s][info ][gc,phases     ] GC(33)   Pre Evacuate Collection Set: 0.0ms
[2023-10-18T22:52:11.569+0000][18.681s][info ][gc,phases     ] GC(33)   Evacuate Collection Set: 9.3ms
[2023-10-18T22:52:11.569+0000][18.681s][info ][gc,phases     ] GC(33)   Post Evacuate Collection Set: 2.1ms
[2023-10-18T22:52:11.570+0000][18.682s][info ][gc,phases     ] GC(33)   Other: 0.9ms
[2023-10-18T22:52:11.570+0000][18.682s][info ][gc,heap       ] GC(33) Eden regions: 183->0(183)
[2023-10-18T22:52:11.571+0000][18.683s][info ][gc,heap       ] GC(33) Survivor regions: 13->13(25)
[2023-10-18T22:52:11.571+0000][18.683s][info ][gc,heap       ] GC(33) Old regions: 36->36
[2023-10-18T22:52:11.572+0000][18.683s][info ][gc,heap       ] GC(33) Humongous regions: 0->0
[2023-10-18T22:52:11.572+0000][18.684s][info ][gc,metaspace  ] GC(33) Metaspace: 76680K(78544K)->76680K(78544K) NonClass: 66913K(68048K)->66913K(68048K) Class: 9766K(10496K)->9766K(10496K)
[2023-10-18T22:52:11.572+0000][18.684s][info ][gc            ] GC(33) Pause Young (Normal) (G1 Evacuation Pause) 230M->47M(328M) 16.549ms
[2023-10-18T22:52:11.573+0000][18.685s][info ][gc,cpu        ] GC(33) User=0.08s Sys=0.00s Real=0.01s
[2023-10-18T22:52:11.573+0000][18.685s][info ][safepoint     ] Leaving safepoint region
[2023-10-18T22:52:11.574+0000][18.686s][info ][safepoint     ] Total time for which application threads were stopped: 0.0191077 seconds, Stopping threads took: 0.0009393 seconds
[2023-10-18T22:52:11.574+0000][18.686s][info ][gc,stringdedup] Concurrent String Deduplication (18.686s)
[2023-10-18T22:52:11.577+0000][18.688s][info ][gc,stringdedup] Concurrent String Deduplication 189.1K->45376.0B(144.8K) avg 46.9% (18.686s, 18.688s) 2.134ms
[2023-10-18T22:52:12.006+0000][19.118s][debug][safepoint     ] Safepoint synchronization initiated. (17 threads)
[2023-10-18T22:52:12.007+0000][19.119s][info ][safepoint     ] Application time: 0.4323683 seconds
[2023-10-18T22:52:12.007+0000][19.119s][info ][safepoint     ] Entering safepoint region: ICBufferFull
[2023-10-18T22:52:12.008+0000][19.120s][info ][safepoint     ] Leaving safepoint region
[2023-10-18T22:52:12.008+0000][19.120s][info ][safepoint     ] Total time for which application threads were stopped: 0.0012272 seconds, Stopping threads took: 0.0004305 seconds
[2023-10-18T22:52:12.338+0000][19.450s][debug][safepoint     ] Safepoint synchronization initiated. (17 threads)
[2023-10-18T22:52:12.339+0000][19.451s][info ][safepoint     ] Application time: 0.3301707 seconds
[2023-10-18T22:52:12.340+0000][19.451s][debug][safepoint     ] Waiting for 1 thread(s) to block
[2023-10-18T22:52:12.340+0000][19.452s][info ][safepoint     ] Entering safepoint region: ICBufferFull
[2023-10-18T22:52:12.341+0000][19.453s][info ][safepoint     ] Leaving safepoint region
[2023-10-18T22:52:12.341+0000][19.453s][info ][safepoint     ] Total time for which application threads were stopped: 0.0016816 seconds, Stopping threads took: 0.0009697 seconds
[2023-10-18T22:52:12.738+0000][19.850s][debug][safepoint     ] Safepoint synchronization initiated. (17 threads)
[2023-10-18T22:52:12.739+0000][19.851s][info ][safepoint     ] Application time: 0.3972484 seconds
[2023-10-18T22:52:12.739+0000][19.851s][info ][safepoint     ] Entering safepoint region: G1CollectForAllocation
[2023-10-18T22:52:12.740+0000][19.852s][info ][gc,start      ] GC(34) Pause Young (Normal) (G1 Evacuation Pause)
[2023-10-18T22:52:12.741+0000][19.852s][info ][gc,task       ] GC(34) Using 7 workers of 8 for evacuation
[2023-10-18T22:52:12.758+0000][19.869s][info ][gc,phases     ] GC(34)   Pre Evacuate Collection Set: 0.0ms
[2023-10-18T22:52:12.758+0000][19.870s][info ][gc,phases     ] GC(34)   Evacuate Collection Set: 14.0ms
[2023-10-18T22:52:12.758+0000][19.870s][info ][gc,phases     ] GC(34)   Post Evacuate Collection Set: 2.4ms
[2023-10-18T22:52:12.759+0000][19.871s][info ][gc,phases     ] GC(34)   Other: 1.0ms
[2023-10-18T22:52:12.759+0000][19.871s][info ][gc,heap       ] GC(34) Eden regions: 183->0(179)
[2023-10-18T22:52:12.760+0000][19.871s][info ][gc,heap       ] GC(34) Survivor regions: 13->17(25)
[2023-10-18T22:52:12.760+0000][19.872s][info ][gc,heap       ] GC(34) Old regions: 36->36
[2023-10-18T22:52:12.760+0000][19.872s][info ][gc,heap       ] GC(34) Humongous regions: 0->0
[2023-10-18T22:52:12.761+0000][19.873s][info ][gc,metaspace  ] GC(34) Metaspace: 78654K(80720K)->78654K(80720K) NonClass: 68770K(70096K)->68770K(70096K) Class: 9883K(10624K)->9883K(10624K)
[2023-10-18T22:52:12.761+0000][19.873s][info ][gc            ] GC(34) Pause Young (Normal) (G1 Evacuation Pause) 230M->51M(328M) 21.109ms
[2023-10-18T22:52:12.762+0000][19.873s][info ][gc,cpu        ] GC(34) User=0.13s Sys=0.01s Real=0.02s
[2023-10-18T22:52:12.762+0000][19.874s][info ][safepoint     ] Leaving safepoint region
[2023-10-18T22:52:12.762+0000][19.874s][info ][safepoint     ] Total time for which application threads were stopped: 0.0228270 seconds, Stopping threads took: 0.0004741 seconds
[2023-10-18T22:52:12.763+0000][19.874s][info ][gc,stringdedup] Concurrent String Deduplication (19.874s)
[2023-10-18T22:52:12.765+0000][19.876s][info ][gc,stringdedup] Concurrent String Deduplication 229.7K->161.9K(69376.0B) avg 46.5% (19.874s, 19.876s) 1.941ms
[2023-10-18T22:52:13.210+0000][20.322s][debug][safepoint     ] Safepoint synchronization initiated. (17 threads)
[2023-10-18T22:52:13.211+0000][20.323s][info ][safepoint     ] Application time: 0.4484749 seconds
[2023-10-18T22:52:13.211+0000][20.323s][info ][safepoint     ] Entering safepoint region: ICBufferFull
[2023-10-18T22:52:13.212+0000][20.324s][info ][safepoint     ] Leaving safepoint region
[2023-10-18T22:52:13.212+0000][20.324s][info ][safepoint     ] Total time for which application threads were stopped: 0.0010575 seconds, Stopping threads took: 0.0004575 seconds
[2023-10-18T22:52:13.525+0000][20.637s][debug][safepoint     ] Safepoint synchronization initiated. (17 threads)
[2023-10-18T22:52:13.525+0000][20.637s][info ][safepoint     ] Application time: 0.3125272 seconds
[2023-10-18T22:52:13.526+0000][20.638s][info ][safepoint     ] Entering safepoint region: ICBufferFull
[2023-10-18T22:52:13.527+0000][20.639s][info ][safepoint     ] Leaving safepoint region
[2023-10-18T22:52:13.527+0000][20.639s][info ][safepoint     ] Total time for which application threads were stopped: 0.0012074 seconds, Stopping threads took: 0.0004827 seconds
[2023-10-18T22:52:13.776+0000][20.888s][debug][safepoint     ] Safepoint synchronization initiated. (17 threads)
[2023-10-18T22:52:13.777+0000][20.888s][info ][safepoint     ] Application time: 0.2490148 seconds
[2023-10-18T22:52:13.777+0000][20.889s][info ][safepoint     ] Entering safepoint region: G1CollectForAllocation
[2023-10-18T22:52:13.778+0000][20.890s][info ][gc,start      ] GC(35) Pause Young (Normal) (G1 Evacuation Pause)
[2023-10-18T22:52:13.778+0000][20.890s][info ][gc,task       ] GC(35) Using 7 workers of 8 for evacuation
[2023-10-18T22:52:13.801+0000][20.913s][info ][gc,phases     ] GC(35)   Pre Evacuate Collection Set: 0.0ms
[2023-10-18T22:52:13.802+0000][20.914s][info ][gc,phases     ] GC(35)   Evacuate Collection Set: 20.2ms
[2023-10-18T22:52:13.803+0000][20.914s][info ][gc,phases     ] GC(35)   Post Evacuate Collection Set: 2.5ms
[2023-10-18T22:52:13.803+0000][20.915s][info ][gc,phases     ] GC(35)   Other: 1.0ms
[2023-10-18T22:52:13.803+0000][20.915s][info ][gc,heap       ] GC(35) Eden regions: 179->0(177)
[2023-10-18T22:52:13.804+0000][20.916s][info ][gc,heap       ] GC(35) Survivor regions: 17->19(25)
[2023-10-18T22:52:13.804+0000][20.916s][info ][gc,heap       ] GC(35) Old regions: 36->40
[2023-10-18T22:52:13.805+0000][20.916s][info ][gc,heap       ] GC(35) Humongous regions: 0->0
[2023-10-18T22:52:13.805+0000][20.917s][info ][gc,metaspace  ] GC(35) Metaspace: 80266K(82384K)->80266K(82384K) NonClass: 70289K(71632K)->70289K(71632K) Class: 9977K(10752K)->9977K(10752K)
[2023-10-18T22:52:13.805+0000][20.917s][info ][gc            ] GC(35) Pause Young (Normal) (G1 Evacuation Pause) 230M->56M(328M) 27.487ms
[2023-10-18T22:52:13.806+0000][20.917s][info ][gc,cpu        ] GC(35) User=0.18s Sys=0.00s Real=0.03s
[2023-10-18T22:52:13.806+0000][20.918s][info ][safepoint     ] Leaving safepoint region
[2023-10-18T22:52:13.806+0000][20.918s][info ][safepoint     ] Total time for which application threads were stopped: 0.0295152 seconds, Stopping threads took: 0.0004193 seconds
[2023-10-18T22:52:13.807+0000][20.919s][info ][gc,stringdedup] Concurrent String Deduplication (20.919s)
[2023-10-18T22:52:13.810+0000][20.922s][info ][gc,stringdedup] Concurrent String Deduplication 179.6K->64040.0B(117.1K) avg 46.8% (20.919s, 20.922s) 3.323ms
[2023-10-18T22:52:13.872+0000][20.984s][debug][safepoint     ] Safepoint synchronization initiated. (17 threads)
[2023-10-18T22:52:13.873+0000][20.985s][info ][safepoint     ] Application time: 0.0660855 seconds
[2023-10-18T22:52:13.873+0000][20.985s][info ][safepoint     ] Entering safepoint region: Deoptimize
[2023-10-18T22:52:13.875+0000][20.987s][info ][safepoint     ] Leaving safepoint region
[2023-10-18T22:52:13.876+0000][20.988s][info ][safepoint     ] Total time for which application threads were stopped: 0.0025903 seconds, Stopping threads took: 0.0005800 seconds
[2023-10-18T22:52:14.557+0000][21.669s][debug][safepoint     ] Safepoint synchronization initiated. (17 threads)
[2023-10-18T22:52:14.558+0000][21.670s][info ][safepoint     ] Application time: 0.6815198 seconds
[2023-10-18T22:52:14.558+0000][21.670s][info ][safepoint     ] Entering safepoint region: Deoptimize
[2023-10-18T22:52:14.560+0000][21.672s][info ][safepoint     ] Leaving safepoint region
[2023-10-18T22:52:14.561+0000][21.672s][info ][safepoint     ] Total time for which application threads were stopped: 0.0023773 seconds, Stopping threads took: 0.0003904 seconds
[2023-10-18T22:52:14.706+0000][21.817s][debug][safepoint     ] Safepoint synchronization initiated. (21 threads)
[2023-10-18T22:52:14.706+0000][21.818s][info ][safepoint     ] Application time: 0.1452239 seconds
[2023-10-18T22:52:14.707+0000][21.818s][info ][safepoint     ] Entering safepoint region: ICBufferFull
[2023-10-18T22:52:14.707+0000][21.819s][info ][safepoint     ] Leaving safepoint region
[2023-10-18T22:52:14.708+0000][21.819s][info ][safepoint     ] Total time for which application threads were stopped: 0.0010388 seconds, Stopping threads took: 0.0003950 seconds
[2023-10-18T22:52:14.798+0000][21.910s][debug][safepoint     ] Safepoint synchronization initiated. (21 threads)
[2023-10-18T22:52:14.799+0000][21.910s][info ][safepoint     ] Application time: 0.0907060 seconds
[2023-10-18T22:52:14.799+0000][21.911s][info ][safepoint     ] Entering safepoint region: G1CollectForAllocation
[2023-10-18T22:52:14.800+0000][21.912s][info ][gc,start      ] GC(36) Pause Young (Normal) (G1 Evacuation Pause)
[2023-10-18T22:52:14.800+0000][21.912s][info ][gc,task       ] GC(36) Using 8 workers of 8 for evacuation
[2023-10-18T22:52:14.824+0000][21.936s][info ][gc,phases     ] GC(36)   Pre Evacuate Collection Set: 0.0ms
[2023-10-18T22:52:14.824+0000][21.936s][info ][gc,phases     ] GC(36)   Evacuate Collection Set: 20.6ms
[2023-10-18T22:52:14.825+0000][21.937s][info ][gc,phases     ] GC(36)   Post Evacuate Collection Set: 2.2ms
[2023-10-18T22:52:14.825+0000][21.937s][info ][gc,phases     ] GC(36)   Other: 1.1ms
[2023-10-18T22:52:14.826+0000][21.937s][info ][gc,heap       ] GC(36) Eden regions: 177->0(178)
[2023-10-18T22:52:14.826+0000][21.938s][info ][gc,heap       ] GC(36) Survivor regions: 19->18(25)
[2023-10-18T22:52:14.826+0000][21.938s][info ][gc,heap       ] GC(36) Old regions: 40->45
[2023-10-18T22:52:14.827+0000][21.939s][info ][gc,heap       ] GC(36) Humongous regions: 0->0
[2023-10-18T22:52:14.827+0000][21.939s][info ][gc,metaspace  ] GC(36) Metaspace: 82823K(85328K)->82823K(85328K) NonClass: 72526K(74192K)->72526K(74192K) Class: 10297K(11136K)->10297K(11136K)
[2023-10-18T22:52:14.828+0000][21.939s][info ][gc            ] GC(36) Pause Young (Normal) (G1 Evacuation Pause) 233M->61M(328M) 27.645ms
[2023-10-18T22:52:14.828+0000][21.940s][info ][gc,cpu        ] GC(36) User=0.18s Sys=0.00s Real=0.03s
[2023-10-18T22:52:14.828+0000][21.940s][info ][safepoint     ] Leaving safepoint region
[2023-10-18T22:52:14.829+0000][21.941s][info ][safepoint     ] Total time for which application threads were stopped: 0.0297611 seconds, Stopping threads took: 0.0005271 seconds
[2023-10-18T22:52:14.830+0000][21.941s][info ][gc,stringdedup] Concurrent String Deduplication (21.941s)
[2023-10-18T22:52:14.833+0000][21.945s][info ][gc,stringdedup] Concurrent String Deduplication 422.3K->105.7K(316.6K) avg 47.9% (21.941s, 21.945s) 3.620ms
[2023-10-18T22:52:15.711+0000][22.823s][debug][safepoint     ] Safepoint synchronization initiated. (21 threads)
[2023-10-18T22:52:15.712+0000][22.824s][info ][safepoint     ] Application time: 0.8825037 seconds
[2023-10-18T22:52:15.713+0000][22.824s][info ][safepoint     ] Entering safepoint region: ICBufferFull
[2023-10-18T22:52:15.713+0000][22.825s][info ][safepoint     ] Leaving safepoint region
[2023-10-18T22:52:15.714+0000][22.826s][info ][safepoint     ] Total time for which application threads were stopped: 0.0011669 seconds, Stopping threads took: 0.0004444 seconds
[2023-10-18T22:52:15.787+0000][22.899s][debug][safepoint     ] Safepoint synchronization initiated. (21 threads)
[2023-10-18T22:52:15.788+0000][22.900s][info ][safepoint     ] Application time: 0.0735992 seconds
[2023-10-18T22:52:15.788+0000][22.900s][info ][safepoint     ] Entering safepoint region: Deoptimize
[2023-10-18T22:52:15.790+0000][22.902s][info ][safepoint     ] Leaving safepoint region
[2023-10-18T22:52:15.791+0000][22.902s][info ][safepoint     ] Total time for which application threads were stopped: 0.0024789 seconds, Stopping threads took: 0.0003784 seconds
[2023-10-18T22:52:15.887+0000][22.998s][debug][safepoint     ] Safepoint synchronization initiated. (21 threads)
[2023-10-18T22:52:15.887+0000][22.999s][info ][safepoint     ] Application time: 0.0961053 seconds
[2023-10-18T22:52:15.888+0000][23.000s][info ][safepoint     ] Entering safepoint region: G1CollectForAllocation
[2023-10-18T22:52:15.889+0000][23.000s][info ][gc,start      ] GC(37) Pause Young (Normal) (G1 Evacuation Pause)
[2023-10-18T22:52:15.889+0000][23.001s][info ][gc,task       ] GC(37) Using 8 workers of 8 for evacuation
[2023-10-18T22:52:15.916+0000][23.028s][info ][gc,phases     ] GC(37)   Pre Evacuate Collection Set: 0.0ms
[2023-10-18T22:52:15.917+0000][23.029s][info ][gc,phases     ] GC(37)   Evacuate Collection Set: 24.0ms
[2023-10-18T22:52:15.917+0000][23.029s][info ][gc,phases     ] GC(37)   Post Evacuate Collection Set: 2.7ms
[2023-10-18T22:52:15.918+0000][23.030s][info ][gc,phases     ] GC(37)   Other: 1.2ms
[2023-10-18T22:52:15.918+0000][23.030s][info ][gc,heap       ] GC(37) Eden regions: 178->0(181)
[2023-10-18T22:52:15.919+0000][23.030s][info ][gc,heap       ] GC(37) Survivor regions: 18->15(25)
[2023-10-18T22:52:15.919+0000][23.031s][info ][gc,heap       ] GC(37) Old regions: 45->52
[2023-10-18T22:52:15.920+0000][23.031s][info ][gc,heap       ] GC(37) Humongous regions: 0->0
[2023-10-18T22:52:15.920+0000][23.032s][info ][gc,metaspace  ] GC(37) Metaspace: 84211K(86480K)->84211K(86480K) NonClass: 73801K(75216K)->73801K(75216K) Class: 10409K(11264K)->10409K(11264K)
[2023-10-18T22:52:15.921+0000][23.033s][info ][gc            ] GC(37) Pause Young (Normal) (G1 Evacuation Pause) 239M->65M(328M) 32.407ms
[2023-10-18T22:52:15.921+0000][23.033s][info ][gc,cpu        ] GC(37) User=0.21s Sys=0.00s Real=0.03s
[2023-10-18T22:52:15.922+0000][23.034s][info ][safepoint     ] Leaving safepoint region
[2023-10-18T22:52:15.922+0000][23.034s][info ][safepoint     ] Total time for which application threads were stopped: 0.0346620 seconds, Stopping threads took: 0.0004970 seconds
[2023-10-18T22:52:15.923+0000][23.035s][info ][gc,stringdedup] Concurrent String Deduplication (23.035s)
[2023-10-18T22:52:15.928+0000][23.039s][info ][gc,stringdedup] Concurrent String Deduplication 511.5K->120.3K(391.3K) avg 49.1% (23.035s, 23.039s) 4.545ms
[2023-10-18T22:52:16.280+0000][23.392s][debug][safepoint     ] Safepoint synchronization initiated. (21 threads)
[2023-10-18T22:52:16.281+0000][23.393s][info ][safepoint     ] Application time: 0.3579387 seconds
[2023-10-18T22:52:16.281+0000][23.393s][info ][safepoint     ] Entering safepoint region: Deoptimize
[2023-10-18T22:52:16.283+0000][23.395s][info ][safepoint     ] Leaving safepoint region
[2023-10-18T22:52:16.284+0000][23.396s][info ][safepoint     ] Total time for which application threads were stopped: 0.0025554 seconds, Stopping threads took: 0.0004591 seconds
[2023-10-18T22:52:16.485+0000][23.597s][debug][safepoint     ] Safepoint synchronization initiated. (22 threads)
[2023-10-18T22:52:16.486+0000][23.598s][info ][safepoint     ] Application time: 0.2020183 seconds
[2023-10-18T22:52:16.487+0000][23.599s][info ][safepoint     ] Entering safepoint region: Deoptimize
[2023-10-18T22:52:16.490+0000][23.602s][info ][safepoint     ] Leaving safepoint region
[2023-10-18T22:52:16.492+0000][23.603s][info ][safepoint     ] Total time for which application threads were stopped: 0.0046468 seconds, Stopping threads took: 0.0007620 seconds
[2023-10-18T22:52:16.800+0000][23.912s][debug][safepoint     ] Safepoint synchronization initiated. (22 threads)
[2023-10-18T22:52:16.801+0000][23.913s][info ][safepoint     ] Application time: 0.3090824 seconds
[2023-10-18T22:52:16.802+0000][23.914s][info ][safepoint     ] Entering safepoint region: Deoptimize
[2023-10-18T22:52:16.805+0000][23.917s][info ][safepoint     ] Leaving safepoint region
[2023-10-18T22:52:16.806+0000][23.918s][info ][safepoint     ] Total time for which application threads were stopped: 0.0036179 seconds, Stopping threads took: 0.0007098 seconds
[2023-10-18T22:52:17.177+0000][24.289s][debug][safepoint     ] Safepoint synchronization initiated. (24 threads)
[2023-10-18T22:52:17.178+0000][24.289s][info ][safepoint     ] Application time: 0.3709689 seconds
[2023-10-18T22:52:17.178+0000][24.290s][debug][safepoint     ] ... found polling page loop exception at pc = 0x00007f38b098c167, stub =0x00007f38a8843680
[2023-10-18T22:52:17.178+0000][24.290s][debug][safepoint     ] Waiting for 1 thread(s) to block
[2023-10-18T22:52:17.179+0000][24.291s][info ][safepoint     ] Entering safepoint region: ICBufferFull
[2023-10-18T22:52:17.180+0000][24.291s][info ][safepoint     ] Leaving safepoint region
[2023-10-18T22:52:17.180+0000][24.292s][info ][safepoint     ] Total time for which application threads were stopped: 0.0019053 seconds, Stopping threads took: 0.0012290 seconds
[2023-10-18T22:52:17.195+0000][24.307s][debug][safepoint     ] Safepoint synchronization initiated. (24 threads)
[2023-10-18T22:52:17.195+0000][24.307s][info ][safepoint     ] Application time: 0.0151518 seconds
[2023-10-18T22:52:17.196+0000][24.308s][info ][safepoint     ] Entering safepoint region: Deoptimize
[2023-10-18T22:52:17.198+0000][24.309s][info ][safepoint     ] Leaving safepoint region
[2023-10-18T22:52:17.198+0000][24.310s][info ][safepoint     ] Total time for which application threads were stopped: 0.0022958 seconds, Stopping threads took: 0.0003684 seconds
[2023-10-18T22:52:17.214+0000][24.326s][debug][safepoint     ] Safepoint synchronization initiated. (24 threads)
[2023-10-18T22:52:17.215+0000][24.327s][info ][safepoint     ] Application time: 0.0161584 seconds
[2023-10-18T22:52:17.215+0000][24.327s][info ][safepoint     ] Entering safepoint region: Deoptimize
[2023-10-18T22:52:17.217+0000][24.329s][info ][safepoint     ] Leaving safepoint region
[2023-10-18T22:52:17.218+0000][24.330s][info ][safepoint     ] Total time for which application threads were stopped: 0.0026610 seconds, Stopping threads took: 0.0004518 seconds
[2023-10-18T22:52:17.346+0000][24.458s][debug][safepoint     ] Safepoint synchronization initiated. (24 threads)
[2023-10-18T22:52:17.346+0000][24.458s][info ][safepoint     ] Application time: 0.1281423 seconds
[2023-10-18T22:52:17.347+0000][24.459s][info ][safepoint     ] Entering safepoint region: G1CollectForAllocation
[2023-10-18T22:52:17.348+0000][24.459s][info ][gc,start      ] GC(38) Pause Young (Normal) (G1 Evacuation Pause)
[2023-10-18T22:52:17.348+0000][24.460s][info ][gc,task       ] GC(38) Using 8 workers of 8 for evacuation
[2023-10-18T22:52:17.381+0000][24.493s][info ][gc,phases     ] GC(38)   Pre Evacuate Collection Set: 0.0ms
[2023-10-18T22:52:17.382+0000][24.494s][info ][gc,phases     ] GC(38)   Evacuate Collection Set: 28.0ms
[2023-10-18T22:52:17.384+0000][24.495s][info ][gc,phases     ] GC(38)   Post Evacuate Collection Set: 4.4ms
[2023-10-18T22:52:17.384+0000][24.496s][info ][gc,phases     ] GC(38)   Other: 1.0ms
[2023-10-18T22:52:17.385+0000][24.497s][info ][gc,heap       ] GC(38) Eden regions: 181->0(182)
[2023-10-18T22:52:17.385+0000][24.497s][info ][gc,heap       ] GC(38) Survivor regions: 15->14(25)
[2023-10-18T22:52:17.386+0000][24.498s][info ][gc,heap       ] GC(38) Old regions: 52->58
[2023-10-18T22:52:17.387+0000][24.499s][info ][gc,heap       ] GC(38) Humongous regions: 0->0
[2023-10-18T22:52:17.388+0000][24.499s][info ][gc,metaspace  ] GC(38) Metaspace: 90137K(92752K)->90137K(92752K) NonClass: 78939K(80592K)->78939K(80592K) Class: 11197K(12160K)->11197K(12160K)
[2023-10-18T22:52:17.388+0000][24.500s][info ][gc            ] GC(38) Pause Young (Normal) (G1 Evacuation Pause) 246M->69M(328M) 40.397ms
[2023-10-18T22:52:17.389+0000][24.500s][info ][gc,cpu        ] GC(38) User=0.27s Sys=0.01s Real=0.04s
[2023-10-18T22:52:17.389+0000][24.501s][info ][safepoint     ] Leaving safepoint region
[2023-10-18T22:52:17.389+0000][24.501s][info ][safepoint     ] Total time for which application threads were stopped: 0.0423458 seconds, Stopping threads took: 0.0004546 seconds
[2023-10-18T22:52:17.390+0000][24.502s][info ][gc,stringdedup] Concurrent String Deduplication (24.502s)
[2023-10-18T22:52:17.393+0000][24.505s][info ][gc,stringdedup] Concurrent String Deduplication 314.1K->100376.0B(216.1K) avg 49.7% (24.502s, 24.505s) 3.256ms
[2023-10-18T22:52:17.481+0000][24.593s][debug][safepoint     ] Safepoint synchronization initiated. (24 threads)
[2023-10-18T22:52:17.482+0000][24.594s][info ][safepoint     ] Application time: 0.0921224 seconds
[2023-10-18T22:52:17.483+0000][24.594s][info ][safepoint     ] Entering safepoint region: Deoptimize
[2023-10-18T22:52:17.484+0000][24.596s][info ][safepoint     ] Leaving safepoint region
[2023-10-18T22:52:17.485+0000][24.597s][info ][safepoint     ] Total time for which application threads were stopped: 0.0022377 seconds, Stopping threads took: 0.0004391 seconds
[2023-10-18T22:52:17.598+0000][24.710s][debug][safepoint     ] Safepoint synchronization initiated. (24 threads)
[2023-10-18T22:52:17.599+0000][24.711s][info ][safepoint     ] Application time: 0.1137950 seconds
[2023-10-18T22:52:17.599+0000][24.711s][info ][safepoint     ] Entering safepoint region: Deoptimize
[2023-10-18T22:52:17.602+0000][24.713s][info ][safepoint     ] Leaving safepoint region
[2023-10-18T22:52:17.602+0000][24.714s][info ][safepoint     ] Total time for which application threads were stopped: 0.0026771 seconds, Stopping threads took: 0.0004002 seconds
[2023-10-18T22:52:18.092+0000][25.204s][debug][safepoint     ] Safepoint synchronization initiated. (24 threads)
[2023-10-18T22:52:18.093+0000][25.204s][info ][safepoint     ] Application time: 0.4899804 seconds
[2023-10-18T22:52:18.093+0000][25.205s][info ][safepoint     ] Entering safepoint region: Deoptimize
[2023-10-18T22:52:18.095+0000][25.207s][info ][safepoint     ] Leaving safepoint region
[2023-10-18T22:52:18.095+0000][25.207s][info ][safepoint     ] Total time for which application threads were stopped: 0.0021953 seconds, Stopping threads took: 0.0004032 seconds
[2023-10-18T22:52:18.169+0000][25.280s][debug][safepoint     ] Safepoint synchronization initiated. (24 threads)
[2023-10-18T22:52:18.169+0000][25.281s][info ][safepoint     ] Application time: 0.0736180 seconds
[2023-10-18T22:52:18.170+0000][25.282s][info ][safepoint     ] Entering safepoint region: Deoptimize
[2023-10-18T22:52:18.172+0000][25.284s][info ][safepoint     ] Leaving safepoint region
[2023-10-18T22:52:18.173+0000][25.285s][info ][safepoint     ] Total time for which application threads were stopped: 0.0030503 seconds, Stopping threads took: 0.0006235 seconds
[2023-10-18T22:52:18.241+0000][25.353s][debug][safepoint     ] Safepoint synchronization initiated. (24 threads)
[2023-10-18T22:52:18.241+0000][25.353s][info ][safepoint     ] Application time: 0.0680159 seconds
[2023-10-18T22:52:18.242+0000][25.353s][info ][safepoint     ] Entering safepoint region: Deoptimize
[2023-10-18T22:52:18.244+0000][25.355s][info ][safepoint     ] Leaving safepoint region
[2023-10-18T22:52:18.244+0000][25.356s][info ][safepoint     ] Total time for which application threads were stopped: 0.0024240 seconds, Stopping threads took: 0.0004306 seconds
[2023-10-18T22:52:18.510+0000][25.622s][debug][safepoint     ] Safepoint synchronization initiated. (24 threads)
[2023-10-18T22:52:18.511+0000][25.622s][info ][safepoint     ] Application time: 0.2658591 seconds
[2023-10-18T22:52:18.511+0000][25.623s][info ][safepoint     ] Entering safepoint region: G1CollectForAllocation
[2023-10-18T22:52:18.511+0000][25.623s][info ][gc,start      ] GC(39) Pause Young (Normal) (G1 Evacuation Pause)
[2023-10-18T22:52:18.512+0000][25.624s][info ][gc,task       ] GC(39) Using 8 workers of 8 for evacuation
[2023-10-18T22:52:18.529+0000][25.640s][info ][gc,phases     ] GC(39)   Pre Evacuate Collection Set: 0.0ms
[2023-10-18T22:52:18.529+0000][25.641s][info ][gc,phases     ] GC(39)   Evacuate Collection Set: 12.8ms
[2023-10-18T22:52:18.529+0000][25.641s][info ][gc,phases     ] GC(39)   Post Evacuate Collection Set: 3.3ms
[2023-10-18T22:52:18.530+0000][25.642s][info ][gc,phases     ] GC(39)   Other: 0.9ms
[2023-10-18T22:52:18.530+0000][25.642s][info ][gc,heap       ] GC(39) Eden regions: 182->0(180)
[2023-10-18T22:52:18.530+0000][25.642s][info ][gc,heap       ] GC(39) Survivor regions: 14->16(25)
[2023-10-18T22:52:18.531+0000][25.643s][info ][gc,heap       ] GC(39) Old regions: 58->58
[2023-10-18T22:52:18.531+0000][25.643s][info ][gc,heap       ] GC(39) Humongous regions: 0->0
[2023-10-18T22:52:18.531+0000][25.643s][info ][gc,metaspace  ] GC(39) Metaspace: 95650K(98384K)->95650K(98384K) NonClass: 83790K(85456K)->83790K(85456K) Class: 11860K(12928K)->11860K(12928K)
[2023-10-18T22:52:18.532+0000][25.644s][info ][gc            ] GC(39) Pause Young (Normal) (G1 Evacuation Pause) 251M->71M(328M) 20.351ms
[2023-10-18T22:52:18.532+0000][25.644s][info ][gc,cpu        ] GC(39) User=0.12s Sys=0.01s Real=0.02s
[2023-10-18T22:52:18.533+0000][25.645s][info ][safepoint     ] Leaving safepoint region
[2023-10-18T22:52:18.533+0000][25.645s][info ][safepoint     ] Total time for which application threads were stopped: 0.0222923 seconds, Stopping threads took: 0.0003162 seconds
[2023-10-18T22:52:18.534+0000][25.646s][info ][gc,stringdedup] Concurrent String Deduplication (25.646s)
[2023-10-18T22:52:18.537+0000][25.648s][info ][gc,stringdedup] Concurrent String Deduplication 279.2K->73448.0B(207.4K) avg 50.2% (25.646s, 25.648s) 2.824ms
[2023-10-18T22:52:18.720+0000][25.832s][debug][safepoint     ] Safepoint synchronization initiated. (27 threads)
[2023-10-18T22:52:18.721+0000][25.833s][info ][safepoint     ] Application time: 0.1873340 seconds
[2023-10-18T22:52:18.721+0000][25.833s][info ][safepoint     ] Entering safepoint region: ICBufferFull
[2023-10-18T22:52:18.722+0000][25.834s][info ][safepoint     ] Leaving safepoint region
[2023-10-18T22:52:18.723+0000][25.835s][info ][safepoint     ] Total time for which application threads were stopped: 0.0014427 seconds, Stopping threads took: 0.0006010 seconds
[2023-10-18T22:52:18.920+0000][26.032s][debug][safepoint     ] Safepoint synchronization initiated. (33 threads)
[2023-10-18T22:52:18.921+0000][26.033s][info ][safepoint     ] Application time: 0.1977473 seconds
[2023-10-18T22:52:18.921+0000][26.033s][debug][safepoint     ] Waiting for 1 thread(s) to block
[2023-10-18T22:52:18.922+0000][26.034s][info ][safepoint     ] Entering safepoint region: ICBufferFull
[2023-10-18T22:52:18.923+0000][26.034s][info ][safepoint     ] Leaving safepoint region
[2023-10-18T22:52:18.923+0000][26.035s][info ][safepoint     ] Total time for which application threads were stopped: 0.0016881 seconds, Stopping threads took: 0.0009778 seconds
[2023-10-18T22:52:19.093+0000][26.205s][debug][safepoint     ] Safepoint synchronization initiated. (34 threads)
[2023-10-18T22:52:19.094+0000][26.206s][info ][safepoint     ] Application time: 0.1703520 seconds
[2023-10-18T22:52:19.094+0000][26.206s][info ][safepoint     ] Entering safepoint region: Deoptimize
[2023-10-18T22:52:19.096+0000][26.208s][info ][safepoint     ] Leaving safepoint region
[2023-10-18T22:52:19.097+0000][26.209s][info ][safepoint     ] Total time for which application threads were stopped: 0.0027651 seconds, Stopping threads took: 0.0004276 seconds
[2023-10-18T22:52:19.186+0000][26.298s][debug][safepoint     ] Safepoint synchronization initiated. (34 threads)
[2023-10-18T22:52:19.186+0000][26.298s][info ][safepoint     ] Application time: 0.0890011 seconds
[2023-10-18T22:52:19.187+0000][26.299s][info ][safepoint     ] Entering safepoint region: Deoptimize
[2023-10-18T22:52:19.189+0000][26.300s][info ][safepoint     ] Leaving safepoint region
[2023-10-18T22:52:19.189+0000][26.301s][info ][safepoint     ] Total time for which application threads were stopped: 0.0022740 seconds, Stopping threads took: 0.0003992 seconds
[2023-10-18T22:52:19.438+0000][26.550s][debug][safepoint     ] Safepoint synchronization initiated. (34 threads)
[2023-10-18T22:52:19.438+0000][26.550s][info ][safepoint     ] Application time: 0.2489336 seconds
[2023-10-18T22:52:19.439+0000][26.551s][info ][safepoint     ] Entering safepoint region: G1CollectForAllocation
[2023-10-18T22:52:19.439+0000][26.551s][info ][gc,start      ] GC(40) Pause Young (Normal) (G1 Evacuation Pause)
[2023-10-18T22:52:19.440+0000][26.552s][info ][gc,task       ] GC(40) Using 8 workers of 8 for evacuation
[2023-10-18T22:52:19.469+0000][26.580s][info ][gc,phases     ] GC(40)   Pre Evacuate Collection Set: 0.0ms
[2023-10-18T22:52:19.469+0000][26.581s][info ][gc,phases     ] GC(40)   Evacuate Collection Set: 25.4ms
[2023-10-18T22:52:19.470+0000][26.581s][info ][gc,phases     ] GC(40)   Post Evacuate Collection Set: 2.9ms
[2023-10-18T22:52:19.470+0000][26.582s][info ][gc,phases     ] GC(40)   Other: 0.9ms
[2023-10-18T22:52:19.470+0000][26.582s][info ][gc,heap       ] GC(40) Eden regions: 180->0(179)
[2023-10-18T22:52:19.471+0000][26.582s][info ][gc,heap       ] GC(40) Survivor regions: 16->17(25)
[2023-10-18T22:52:19.471+0000][26.583s][info ][gc,heap       ] GC(40) Old regions: 58->62
[2023-10-18T22:52:19.471+0000][26.583s][info ][gc,heap       ] GC(40) Humongous regions: 0->0
[2023-10-18T22:52:19.472+0000][26.583s][info ][gc,metaspace  ] GC(40) Metaspace: 98080K(100944K)->98080K(100944K) NonClass: 85967K(87760K)->85967K(87760K) Class: 12112K(13184K)->12112K(13184K)
[2023-10-18T22:52:19.472+0000][26.584s][info ][gc            ] GC(40) Pause Young (Normal) (G1 Evacuation Pause) 251M->76M(328M) 32.736ms
[2023-10-18T22:52:19.472+0000][26.584s][info ][gc,cpu        ] GC(40) User=0.21s Sys=0.01s Real=0.03s
[2023-10-18T22:52:19.473+0000][26.585s][info ][safepoint     ] Leaving safepoint region
[2023-10-18T22:52:19.473+0000][26.585s][info ][safepoint     ] Total time for which application threads were stopped: 0.0345159 seconds, Stopping threads took: 0.0003915 seconds
[2023-10-18T22:52:19.474+0000][26.586s][info ][gc,stringdedup] Concurrent String Deduplication (26.586s)
[2023-10-18T22:52:19.479+0000][26.591s][info ][gc,stringdedup] Concurrent String Deduplication 462.3K->239.6K(222.7K) avg 50.2% (26.586s, 26.591s) 5.405ms
[2023-10-18T22:52:19.691+0000][26.803s][debug][safepoint     ] Safepoint synchronization initiated. (34 threads)
[2023-10-18T22:52:19.692+0000][26.803s][info ][safepoint     ] Application time: 0.2179136 seconds
[2023-10-18T22:52:19.692+0000][26.804s][info ][safepoint     ] Entering safepoint region: CollectForMetadataAllocation
[2023-10-18T22:52:19.693+0000][26.805s][info ][gc,start      ] GC(41) Pause Young (Concurrent Start) (Metadata GC Threshold)
[2023-10-18T22:52:19.693+0000][26.805s][info ][gc,task       ] GC(41) Using 8 workers of 8 for evacuation
[2023-10-18T22:52:19.713+0000][26.824s][info ][gc,phases     ] GC(41)   Pre Evacuate Collection Set: 0.4ms
[2023-10-18T22:52:19.713+0000][26.825s][info ][gc,phases     ] GC(41)   Evacuate Collection Set: 16.3ms
[2023-10-18T22:52:19.714+0000][26.826s][info ][gc,phases     ] GC(41)   Post Evacuate Collection Set: 2.3ms
[2023-10-18T22:52:19.714+0000][26.826s][info ][gc,phases     ] GC(41)   Other: 1.0ms
[2023-10-18T22:52:19.715+0000][26.826s][info ][gc,heap       ] GC(41) Eden regions: 45->0(181)
[2023-10-18T22:52:19.715+0000][26.827s][info ][gc,heap       ] GC(41) Survivor regions: 17->14(25)
[2023-10-18T22:52:19.715+0000][26.827s][info ][gc,heap       ] GC(41) Old regions: 62->65
[2023-10-18T22:52:19.716+0000][26.827s][info ][gc,heap       ] GC(41) Humongous regions: 0->0
[2023-10-18T22:52:19.716+0000][26.828s][info ][gc,metaspace  ] GC(41) Metaspace: 98405K(101200K)->98405K(101200K) NonClass: 86261K(88016K)->86261K(88016K) Class: 12143K(13184K)->12143K(13184K)
[2023-10-18T22:52:19.716+0000][26.828s][info ][gc            ] GC(41) Pause Young (Concurrent Start) (Metadata GC Threshold) 121M->77M(328M) 23.635ms
[2023-10-18T22:52:19.717+0000][26.829s][info ][gc,cpu        ] GC(41) User=0.16s Sys=0.00s Real=0.03s
[2023-10-18T22:52:19.717+0000][26.829s][info ][gc            ] GC(42) Concurrent Cycle
[2023-10-18T22:52:19.717+0000][26.829s][info ][safepoint     ] Leaving safepoint region
[2023-10-18T22:52:19.718+0000][26.830s][info ][safepoint     ] Total time for which application threads were stopped: 0.0258405 seconds, Stopping threads took: 0.0003843 seconds
[2023-10-18T22:52:19.718+0000][26.829s][info ][gc,marking    ] GC(42) Concurrent Clear Claimed Marks
[2023-10-18T22:52:19.718+0000][26.830s][info ][gc,stringdedup] Concurrent String Deduplication (26.830s)
[2023-10-18T22:52:19.719+0000][26.831s][info ][gc,marking    ] GC(42) Concurrent Clear Claimed Marks 1.678ms
[2023-10-18T22:52:19.720+0000][26.831s][info ][gc,marking    ] GC(42) Concurrent Scan Root Regions
[2023-10-18T22:52:19.725+0000][26.837s][info ][gc,stringdedup] Concurrent String Deduplication 443.9K->304.4K(139.5K) avg 49.5% (26.830s, 26.837s) 7.012ms
[2023-10-18T22:52:19.728+0000][26.840s][info ][gc,marking    ] GC(42) Concurrent Scan Root Regions 8.395ms
[2023-10-18T22:52:19.728+0000][26.840s][info ][gc,marking    ] GC(42) Concurrent Mark (26.840s)
[2023-10-18T22:52:19.729+0000][26.841s][info ][gc,marking    ] GC(42) Concurrent Mark From Roots
[2023-10-18T22:52:19.729+0000][26.841s][info ][gc,task       ] GC(42) Using 2 workers of 2 for marking
[2023-10-18T22:52:19.770+0000][26.881s][debug][safepoint     ] Safepoint synchronization initiated. (34 threads)
[2023-10-18T22:52:19.770+0000][26.882s][info ][safepoint     ] Application time: 0.0518338 seconds
[2023-10-18T22:52:19.770+0000][26.882s][info ][safepoint     ] Entering safepoint region: CollectForMetadataAllocation
[2023-10-18T22:52:19.771+0000][26.883s][info ][safepoint     ] Leaving safepoint region
[2023-10-18T22:52:19.771+0000][26.883s][info ][safepoint     ] Total time for which application threads were stopped: 0.0009264 seconds, Stopping threads took: 0.0003730 seconds
[2023-10-18T22:52:19.806+0000][26.918s][info ][gc,marking    ] GC(42) Concurrent Mark From Roots 77.314ms
[2023-10-18T22:52:19.807+0000][26.919s][info ][gc,marking    ] GC(42) Concurrent Preclean
[2023-10-18T22:52:19.808+0000][26.919s][info ][gc,marking    ] GC(42) Concurrent Preclean 0.490ms
[2023-10-18T22:52:19.808+0000][26.920s][info ][gc,marking    ] GC(42) Concurrent Mark (26.840s, 26.920s) 79.426ms
[2023-10-18T22:52:19.808+0000][26.920s][debug][safepoint     ] Safepoint synchronization initiated. (34 threads)
[2023-10-18T22:52:19.809+0000][26.921s][info ][safepoint     ] Application time: 0.0369765 seconds
[2023-10-18T22:52:19.809+0000][26.921s][debug][safepoint     ] ... found polling page return exception at pc = 0x00007f38b02caf9b, stub =0x00007f38a8840600
[2023-10-18T22:52:19.810+0000][26.921s][debug][safepoint     ] Waiting for 1 thread(s) to block
[2023-10-18T22:52:19.810+0000][26.922s][info ][safepoint     ] Entering safepoint region: CGC_Operation
[2023-10-18T22:52:19.811+0000][26.922s][info ][gc,start      ] GC(42) Pause Remark
[2023-10-18T22:52:19.820+0000][26.932s][info ][gc,stringtable] GC(42) Cleaned string and symbol table, strings: 48520 processed, 82 removed, symbols: 277607 processed, 322 removed
[2023-10-18T22:52:19.821+0000][26.933s][info ][gc            ] GC(42) Pause Remark 96M->96M(328M) 10.738ms
[2023-10-18T22:52:19.822+0000][26.934s][info ][gc,cpu        ] GC(42) User=0.07s Sys=0.00s Real=0.01s
[2023-10-18T22:52:19.823+0000][26.934s][info ][safepoint     ] Leaving safepoint region
[2023-10-18T22:52:19.823+0000][26.935s][info ][safepoint     ] Total time for which application threads were stopped: 0.0137733 seconds, Stopping threads took: 0.0012742 seconds
[2023-10-18T22:52:19.823+0000][26.935s][info ][gc,marking    ] GC(42) Concurrent Rebuild Remembered Sets
[2023-10-18T22:52:19.832+0000][26.944s][debug][safepoint     ] Safepoint synchronization initiated. (34 threads)
[2023-10-18T22:52:19.833+0000][26.944s][info ][safepoint     ] Application time: 0.0092205 seconds
[2023-10-18T22:52:19.833+0000][26.945s][info ][safepoint     ] Entering safepoint region: Deoptimize
[2023-10-18T22:52:19.835+0000][26.947s][info ][safepoint     ] Leaving safepoint region
[2023-10-18T22:52:19.835+0000][26.947s][info ][safepoint     ] Total time for which application threads were stopped: 0.0023585 seconds, Stopping threads took: 0.0003807 seconds
[2023-10-18T22:52:19.872+0000][26.984s][info ][gc,marking    ] GC(42) Concurrent Rebuild Remembered Sets 48.761ms
[2023-10-18T22:52:19.873+0000][26.985s][debug][safepoint     ] Safepoint synchronization initiated. (34 threads)
[2023-10-18T22:52:19.873+0000][26.985s][info ][safepoint     ] Application time: 0.0376328 seconds
[2023-10-18T22:52:19.874+0000][26.986s][debug][safepoint     ] ... found polling page return exception at pc = 0x00007f38b0d1451b, stub =0x00007f38a8840600
[2023-10-18T22:52:19.874+0000][26.986s][debug][safepoint     ] Waiting for 1 thread(s) to block
[2023-10-18T22:52:19.875+0000][26.987s][info ][safepoint     ] Entering safepoint region: CGC_Operation
[2023-10-18T22:52:19.876+0000][26.987s][info ][gc,start      ] GC(42) Pause Cleanup
[2023-10-18T22:52:19.876+0000][26.988s][info ][gc            ] GC(42) Pause Cleanup 98M->98M(328M) 0.582ms
[2023-10-18T22:52:19.877+0000][26.988s][info ][gc,cpu        ] GC(42) User=0.00s Sys=0.00s Real=0.00s
[2023-10-18T22:52:19.877+0000][26.989s][info ][safepoint     ] Leaving safepoint region
[2023-10-18T22:52:19.877+0000][26.989s][info ][safepoint     ] Total time for which application threads were stopped: 0.0032538 seconds, Stopping threads took: 0.0014396 seconds
[2023-10-18T22:52:19.878+0000][26.989s][info ][gc,marking    ] GC(42) Concurrent Cleanup for Next Mark
[2023-10-18T22:52:19.879+0000][26.991s][info ][gc,marking    ] GC(42) Concurrent Cleanup for Next Mark 1.280ms
[2023-10-18T22:52:19.879+0000][26.991s][info ][gc            ] GC(42) Concurrent Cycle 162.320ms
[2023-10-18T22:52:20.122+0000][27.234s][debug][safepoint     ] Safepoint synchronization initiated. (37 threads)
[2023-10-18T22:52:20.122+0000][27.234s][info ][safepoint     ] Application time: 0.2449046 seconds
[2023-10-18T22:52:20.123+0000][27.235s][info ][safepoint     ] Entering safepoint region: Deoptimize
[2023-10-18T22:52:20.126+0000][27.238s][info ][safepoint     ] Leaving safepoint region
[2023-10-18T22:52:20.126+0000][27.238s][info ][safepoint     ] Total time for which application threads were stopped: 0.0034654 seconds, Stopping threads took: 0.0009082 seconds
[2023-10-18T22:52:20.509+0000][27.621s][debug][safepoint     ] Safepoint synchronization initiated. (38 threads)
[2023-10-18T22:52:20.510+0000][27.621s][info ][safepoint     ] Application time: 0.3825586 seconds
[2023-10-18T22:52:20.510+0000][27.622s][info ][safepoint     ] Entering safepoint region: G1CollectForAllocation
[2023-10-18T22:52:20.511+0000][27.622s][info ][gc,start      ] GC(43) Pause Young (Concurrent Start) (G1 Evacuation Pause)
[2023-10-18T22:52:20.511+0000][27.623s][info ][gc,task       ] GC(43) Using 8 workers of 8 for evacuation
[2023-10-18T22:52:20.529+0000][27.641s][info ][gc,phases     ] GC(43)   Pre Evacuate Collection Set: 0.3ms
[2023-10-18T22:52:20.530+0000][27.642s][info ][gc,phases     ] GC(43)   Evacuate Collection Set: 15.1ms
[2023-10-18T22:52:20.530+0000][27.642s][info ][gc,phases     ] GC(43)   Post Evacuate Collection Set: 2.3ms
[2023-10-18T22:52:20.531+0000][27.642s][info ][gc,phases     ] GC(43)   Other: 0.9ms
[2023-10-18T22:52:20.531+0000][27.643s][info ][gc,heap       ] GC(43) Eden regions: 181->0(182)
[2023-10-18T22:52:20.532+0000][27.643s][info ][gc,heap       ] GC(43) Survivor regions: 14->13(25)
[2023-10-18T22:52:20.532+0000][27.644s][info ][gc,heap       ] GC(43) Old regions: 65->70
[2023-10-18T22:52:20.533+0000][27.644s][info ][gc,heap       ] GC(43) Humongous regions: 1->0
[2023-10-18T22:52:20.533+0000][27.645s][info ][gc,metaspace  ] GC(43) Metaspace: 102878K(105936K)->102878K(105936K) NonClass: 90339K(92368K)->90339K(92368K) Class: 12538K(13568K)->12538K(13568K)
[2023-10-18T22:52:20.534+0000][27.645s][info ][gc            ] GC(43) Pause Young (Concurrent Start) (G1 Evacuation Pause) 259M->80M(328M) 22.895ms
[2023-10-18T22:52:20.534+0000][27.646s][info ][gc,cpu        ] GC(43) User=0.13s Sys=0.00s Real=0.02s
[2023-10-18T22:52:20.535+0000][27.646s][info ][safepoint     ] Leaving safepoint region
[2023-10-18T22:52:20.535+0000][27.647s][info ][safepoint     ] Total time for which application threads were stopped: 0.0253542 seconds, Stopping threads took: 0.0004355 seconds
[2023-10-18T22:52:20.535+0000][27.646s][info ][gc            ] GC(44) Concurrent Cycle
[2023-10-18T22:52:20.536+0000][27.648s][info ][gc,stringdedup] Concurrent String Deduplication (27.648s)
[2023-10-18T22:52:20.536+0000][27.648s][info ][gc,marking    ] GC(44) Concurrent Clear Claimed Marks
[2023-10-18T22:52:20.539+0000][27.651s][info ][gc,marking    ] GC(44) Concurrent Clear Claimed Marks 3.009ms
[2023-10-18T22:52:20.540+0000][27.652s][info ][gc,marking    ] GC(44) Concurrent Scan Root Regions
[2023-10-18T22:52:20.542+0000][27.654s][info ][gc,stringdedup] Concurrent String Deduplication 345.9K->100840.0B(247.4K) avg 50.1% (27.648s, 27.654s) 5.925ms
[2023-10-18T22:52:20.547+0000][27.659s][info ][gc,marking    ] GC(44) Concurrent Scan Root Regions 7.413ms
[2023-10-18T22:52:20.548+0000][27.660s][info ][gc,marking    ] GC(44) Concurrent Mark (27.660s)
[2023-10-18T22:52:20.548+0000][27.660s][info ][gc,marking    ] GC(44) Concurrent Mark From Roots
[2023-10-18T22:52:20.549+0000][27.660s][info ][gc,task       ] GC(44) Using 2 workers of 2 for marking
[2023-10-18T22:52:20.646+0000][27.757s][info ][gc,marking    ] GC(44) Concurrent Mark From Roots 97.382ms
[2023-10-18T22:52:20.646+0000][27.758s][info ][gc,marking    ] GC(44) Concurrent Preclean
[2023-10-18T22:52:20.647+0000][27.759s][info ][gc,marking    ] GC(44) Concurrent Preclean 0.582ms
[2023-10-18T22:52:20.647+0000][27.759s][info ][gc,marking    ] GC(44) Concurrent Mark (27.660s, 27.759s) 99.484ms
[2023-10-18T22:52:20.648+0000][27.760s][debug][safepoint     ] Safepoint synchronization initiated. (38 threads)
[2023-10-18T22:52:20.650+0000][27.761s][info ][safepoint     ] Application time: 0.1137862 seconds
[2023-10-18T22:52:20.651+0000][27.763s][debug][safepoint     ] ... found polling page loop exception at pc = 0x00007f38b0517737, stub =0x00007f38a8843680
[2023-10-18T22:52:20.651+0000][27.763s][debug][safepoint     ] Waiting for 1 thread(s) to block
[2023-10-18T22:52:20.652+0000][27.764s][info ][safepoint     ] Entering safepoint region: CGC_Operation
[2023-10-18T22:52:20.652+0000][27.764s][info ][gc,start      ] GC(44) Pause Remark
[2023-10-18T22:52:20.664+0000][27.776s][info ][gc,stringtable] GC(44) Cleaned string and symbol table, strings: 50245 processed, 1 removed, symbols: 293416 processed, 21 removed
[2023-10-18T22:52:20.665+0000][27.777s][info ][gc            ] GC(44) Pause Remark 92M->92M(328M) 12.999ms
[2023-10-18T22:52:20.666+0000][27.778s][info ][gc,cpu        ] GC(44) User=0.09s Sys=0.01s Real=0.02s
[2023-10-18T22:52:20.666+0000][27.778s][info ][safepoint     ] Leaving safepoint region
[2023-10-18T22:52:20.667+0000][27.778s][info ][safepoint     ] Total time for which application threads were stopped: 0.0159523 seconds, Stopping threads took: 0.0015173 seconds
[2023-10-18T22:52:20.667+0000][27.779s][info ][gc,marking    ] GC(44) Concurrent Rebuild Remembered Sets
[2023-10-18T22:52:20.737+0000][27.849s][info ][gc,marking    ] GC(44) Concurrent Rebuild Remembered Sets 70.081ms
[2023-10-18T22:52:20.738+0000][27.850s][debug][safepoint     ] Safepoint synchronization initiated. (38 threads)
[2023-10-18T22:52:20.738+0000][27.850s][info ][safepoint     ] Application time: 0.0712958 seconds
[2023-10-18T22:52:20.739+0000][27.851s][debug][safepoint     ] Waiting for 1 thread(s) to block
[2023-10-18T22:52:20.739+0000][27.851s][info ][safepoint     ] Entering safepoint region: CGC_Operation
[2023-10-18T22:52:20.740+0000][27.852s][info ][gc,start      ] GC(44) Pause Cleanup
[2023-10-18T22:52:20.740+0000][27.852s][info ][gc            ] GC(44) Pause Cleanup 113M->113M(328M) 0.649ms
[2023-10-18T22:52:20.741+0000][27.853s][info ][gc,cpu        ] GC(44) User=0.01s Sys=0.00s Real=0.00s
[2023-10-18T22:52:20.741+0000][27.853s][info ][safepoint     ] Leaving safepoint region
[2023-10-18T22:52:20.742+0000][27.854s][info ][safepoint     ] Total time for which application threads were stopped: 0.0029406 seconds, Stopping threads took: 0.0009050 seconds
[2023-10-18T22:52:20.742+0000][27.854s][info ][gc,marking    ] GC(44) Concurrent Cleanup for Next Mark
[2023-10-18T22:52:20.743+0000][27.855s][info ][gc,marking    ] GC(44) Concurrent Cleanup for Next Mark 1.042ms
[2023-10-18T22:52:20.744+0000][27.856s][info ][gc            ] GC(44) Concurrent Cycle 209.084ms
[2023-10-18T22:52:21.472+0000][28.584s][debug][safepoint     ] Safepoint synchronization initiated. (38 threads)
[2023-10-18T22:52:21.473+0000][28.585s][info ][safepoint     ] Application time: 0.7307029 seconds
[2023-10-18T22:52:21.473+0000][28.585s][info ][safepoint     ] Entering safepoint region: ICBufferFull
[2023-10-18T22:52:21.474+0000][28.586s][info ][safepoint     ] Leaving safepoint region
[2023-10-18T22:52:21.475+0000][28.586s][info ][safepoint     ] Total time for which application threads were stopped: 0.0013070 seconds, Stopping threads took: 0.0005279 seconds
[2023-10-18T22:52:21.822+0000][28.934s][debug][safepoint     ] Safepoint synchronization initiated. (38 threads)
[2023-10-18T22:52:21.823+0000][28.934s][info ][safepoint     ] Application time: 0.3476505 seconds
[2023-10-18T22:52:21.823+0000][28.935s][info ][safepoint     ] Entering safepoint region: G1CollectForAllocation
[2023-10-18T22:52:21.824+0000][28.936s][info ][gc,start      ] GC(45) Pause Young (Normal) (G1 Evacuation Pause)
[2023-10-18T22:52:21.825+0000][28.936s][info ][gc,task       ] GC(45) Using 8 workers of 8 for evacuation
[2023-10-18T22:52:21.855+0000][28.967s][info ][gc,phases     ] GC(45)   Pre Evacuate Collection Set: 0.0ms
[2023-10-18T22:52:21.856+0000][28.967s][info ][gc,phases     ] GC(45)   Evacuate Collection Set: 26.3ms
[2023-10-18T22:52:21.856+0000][28.968s][info ][gc,phases     ] GC(45)   Post Evacuate Collection Set: 3.5ms
[2023-10-18T22:52:21.856+0000][28.968s][info ][gc,phases     ] GC(45)   Other: 1.1ms
[2023-10-18T22:52:21.857+0000][28.968s][info ][gc,heap       ] GC(45) Eden regions: 182->0(178)
[2023-10-18T22:52:21.857+0000][28.969s][info ][gc,heap       ] GC(45) Survivor regions: 13->18(25)
[2023-10-18T22:52:21.857+0000][28.969s][info ][gc,heap       ] GC(45) Old regions: 70->70
[2023-10-18T22:52:21.858+0000][28.969s][info ][gc,heap       ] GC(45) Humongous regions: 0->0
[2023-10-18T22:52:21.858+0000][28.970s][info ][gc,metaspace  ] GC(45) Metaspace: 104299K(107344K)->104299K(107344K) NonClass: 91645K(93648K)->91645K(93648K) Class: 12654K(13696K)->12654K(13696K)
[2023-10-18T22:52:21.859+0000][28.970s][info ][gc            ] GC(45) Pause Young (Normal) (G1 Evacuation Pause) 262M->85M(328M) 34.542ms
[2023-10-18T22:52:21.859+0000][28.971s][info ][gc,cpu        ] GC(45) User=0.25s Sys=0.00s Real=0.04s
[2023-10-18T22:52:21.859+0000][28.971s][info ][safepoint     ] Leaving safepoint region
[2023-10-18T22:52:21.860+0000][28.971s][info ][safepoint     ] Total time for which application threads were stopped: 0.0364215 seconds, Stopping threads took: 0.0005678 seconds
[2023-10-18T22:52:21.860+0000][28.972s][info ][gc,stringdedup] Concurrent String Deduplication (28.972s)
[2023-10-18T22:52:21.862+0000][28.973s][info ][gc,stringdedup] Concurrent String Deduplication 110.5K->32008.0B(81152.0B) avg 50.3% (28.972s, 28.973s) 1.453ms
[2023-10-18T22:52:22.016+0000][29.128s][debug][safepoint     ] Safepoint synchronization initiated. (38 threads)
[2023-10-18T22:52:22.016+0000][29.128s][info ][safepoint     ] Application time: 0.1564958 seconds
[2023-10-18T22:52:22.017+0000][29.129s][info ][safepoint     ] Entering safepoint region: Deoptimize
[2023-10-18T22:52:22.019+0000][29.131s][info ][safepoint     ] Leaving safepoint region
[2023-10-18T22:52:22.019+0000][29.131s][info ][safepoint     ] Total time for which application threads were stopped: 0.0024294 seconds, Stopping threads took: 0.0003259 seconds
[2023-10-18T22:52:22.077+0000][29.189s][debug][safepoint     ] Safepoint synchronization initiated. (38 threads)
[2023-10-18T22:52:22.078+0000][29.190s][info ][safepoint     ] Application time: 0.0583694 seconds
[2023-10-18T22:52:22.078+0000][29.190s][info ][safepoint     ] Entering safepoint region: Deoptimize
[2023-10-18T22:52:22.080+0000][29.192s][info ][safepoint     ] Leaving safepoint region
[2023-10-18T22:52:22.081+0000][29.192s][info ][safepoint     ] Total time for which application threads were stopped: 0.0022632 seconds, Stopping threads took: 0.0003744 seconds
[2023-10-18T22:52:22.786+0000][29.898s][debug][safepoint     ] Safepoint synchronization initiated. (41 threads)
[2023-10-18T22:52:22.787+0000][29.899s][info ][safepoint     ] Application time: 0.7058420 seconds
[2023-10-18T22:52:22.787+0000][29.899s][info ][safepoint     ] Entering safepoint region: ICBufferFull
[2023-10-18T22:52:22.788+0000][29.900s][info ][safepoint     ] Leaving safepoint region
[2023-10-18T22:52:22.788+0000][29.900s][info ][safepoint     ] Total time for which application threads were stopped: 0.0012004 seconds, Stopping threads took: 0.0004059 seconds
[2023-10-18T22:52:22.866+0000][29.978s][debug][safepoint     ] Safepoint synchronization initiated. (41 threads)
[2023-10-18T22:52:22.867+0000][29.979s][info ][safepoint     ] Application time: 0.0781434 seconds
[2023-10-18T22:52:22.867+0000][29.979s][info ][safepoint     ] Entering safepoint region: Deoptimize
[2023-10-18T22:52:22.869+0000][29.981s][info ][safepoint     ] Leaving safepoint region
[2023-10-18T22:52:22.870+0000][29.982s][info ][safepoint     ] Total time for which application threads were stopped: 0.0025237 seconds, Stopping threads took: 0.0004855 seconds
[2023-10-18T22:52:23.147+0000][30.258s][debug][safepoint     ] Safepoint synchronization initiated. (41 threads)
[2023-10-18T22:52:23.147+0000][30.259s][info ][safepoint     ] Application time: 0.2768782 seconds
[2023-10-18T22:52:23.148+0000][30.259s][info ][safepoint     ] Entering safepoint region: ICBufferFull
[2023-10-18T22:52:23.148+0000][30.260s][info ][safepoint     ] Leaving safepoint region
[2023-10-18T22:52:23.149+0000][30.261s][info ][safepoint     ] Total time for which application threads were stopped: 0.0011805 seconds, Stopping threads took: 0.0004464 seconds
[2023-10-18T22:52:23.229+0000][30.341s][debug][safepoint     ] Safepoint synchronization initiated. (41 threads)
[2023-10-18T22:52:23.230+0000][30.342s][info ][safepoint     ] Application time: 0.0805826 seconds
[2023-10-18T22:52:23.230+0000][30.342s][info ][safepoint     ] Entering safepoint region: G1CollectForAllocation
[2023-10-18T22:52:23.231+0000][30.343s][info ][gc,start      ] GC(46) Pause Young (Normal) (G1 Evacuation Pause)
[2023-10-18T22:52:23.231+0000][30.343s][info ][gc,task       ] GC(46) Using 8 workers of 8 for evacuation
[2023-10-18T22:52:23.246+0000][30.358s][info ][gc,phases     ] GC(46)   Pre Evacuate Collection Set: 0.0ms
[2023-10-18T22:52:23.246+0000][30.358s][info ][gc,phases     ] GC(46)   Evacuate Collection Set: 11.6ms
[2023-10-18T22:52:23.247+0000][30.359s][info ][gc,phases     ] GC(46)   Post Evacuate Collection Set: 2.3ms
[2023-10-18T22:52:23.247+0000][30.359s][info ][gc,phases     ] GC(46)   Other: 1.1ms
[2023-10-18T22:52:23.248+0000][30.360s][info ][gc,heap       ] GC(46) Eden regions: 178->0(180)
[2023-10-18T22:52:23.248+0000][30.360s][info ][gc,heap       ] GC(46) Survivor regions: 18->15(25)
[2023-10-18T22:52:23.248+0000][30.360s][info ][gc,heap       ] GC(46) Old regions: 70->77
[2023-10-18T22:52:23.249+0000][30.361s][info ][gc,heap       ] GC(46) Humongous regions: 0->0
[2023-10-18T22:52:23.249+0000][30.361s][info ][gc,metaspace  ] GC(46) Metaspace: 108926K(111952K)->108926K(111952K) NonClass: 95778K(97744K)->95778K(97744K) Class: 13147K(14208K)->13147K(14208K)
[2023-10-18T22:52:23.250+0000][30.362s][info ][gc            ] GC(46) Pause Young (Normal) (G1 Evacuation Pause) 263M->89M(328M) 18.834ms
[2023-10-18T22:52:23.250+0000][30.362s][info ][gc,cpu        ] GC(46) User=0.08s Sys=0.01s Real=0.02s
[2023-10-18T22:52:23.251+0000][30.362s][info ][safepoint     ] Leaving safepoint region
[2023-10-18T22:52:23.251+0000][30.363s][info ][safepoint     ] Total time for which application threads were stopped: 0.0207929 seconds, Stopping threads took: 0.0004754 seconds
[2023-10-18T22:52:23.251+0000][30.363s][info ][gc,stringdedup] Concurrent String Deduplication (30.363s)
[2023-10-18T22:52:23.258+0000][30.370s][info ][gc,stringdedup] Concurrent String Deduplication 466.6K->370.5K(98368.0B) avg 49.3% (30.363s, 30.370s) 6.873ms
[2023-10-18T22:52:23.590+0000][30.702s][debug][safepoint     ] Safepoint synchronization initiated. (41 threads)
[2023-10-18T22:52:23.590+0000][30.702s][info ][safepoint     ] Application time: 0.3389140 seconds
[2023-10-18T22:52:23.591+0000][30.703s][info ][safepoint     ] Entering safepoint region: ICBufferFull
[2023-10-18T22:52:23.592+0000][30.704s][info ][safepoint     ] Leaving safepoint region
[2023-10-18T22:52:23.592+0000][30.704s][info ][safepoint     ] Total time for which application threads were stopped: 0.0013480 seconds, Stopping threads took: 0.0005245 seconds
[2023-10-18T22:52:24.471+0000][31.583s][debug][safepoint     ] Safepoint synchronization initiated. (42 threads)
[2023-10-18T22:52:24.473+0000][31.585s][info ][safepoint     ] Application time: 0.8800523 seconds
[2023-10-18T22:52:24.473+0000][31.585s][info ][safepoint     ] Entering safepoint region: Deoptimize
[2023-10-18T22:52:24.477+0000][31.588s][info ][safepoint     ] Leaving safepoint region
[2023-10-18T22:52:24.477+0000][31.589s][info ][safepoint     ] Total time for which application threads were stopped: 0.0039722 seconds, Stopping threads took: 0.0005800 seconds
[2023-10-18T22:52:24.619+0000][31.731s][debug][safepoint     ] Safepoint synchronization initiated. (42 threads)
[2023-10-18T22:52:24.620+0000][31.732s][info ][safepoint     ] Application time: 0.1422382 seconds
[2023-10-18T22:52:24.620+0000][31.732s][info ][safepoint     ] Entering safepoint region: G1CollectForAllocation
[2023-10-18T22:52:24.621+0000][31.733s][info ][gc,start      ] GC(47) Pause Young (Normal) (G1 Evacuation Pause)
[2023-10-18T22:52:24.622+0000][31.733s][info ][gc,task       ] GC(47) Using 8 workers of 8 for evacuation
[2023-10-18T22:52:24.672+0000][31.784s][info ][gc,phases     ] GC(47)   Pre Evacuate Collection Set: 0.0ms
[2023-10-18T22:52:24.673+0000][31.785s][info ][gc,phases     ] GC(47)   Evacuate Collection Set: 39.3ms
[2023-10-18T22:52:24.675+0000][31.787s][info ][gc,phases     ] GC(47)   Post Evacuate Collection Set: 10.1ms
[2023-10-18T22:52:24.676+0000][31.788s][info ][gc,phases     ] GC(47)   Other: 1.2ms
[2023-10-18T22:52:24.677+0000][31.789s][info ][gc,heap       ] GC(47) Eden regions: 180->0(178)
[2023-10-18T22:52:24.678+0000][31.789s][info ][gc,heap       ] GC(47) Survivor regions: 15->18(25)
[2023-10-18T22:52:24.678+0000][31.790s][info ][gc,heap       ] GC(47) Old regions: 77->78
[2023-10-18T22:52:24.679+0000][31.791s][info ][gc,heap       ] GC(47) Humongous regions: 0->0
[2023-10-18T22:52:24.679+0000][31.791s][info ][gc,metaspace  ] GC(47) Metaspace: 113965K(117072K)->113965K(117072K) NonClass: 100403K(102352K)->100403K(102352K) Class: 13562K(14720K)->13562K(14720K)
[2023-10-18T22:52:24.680+0000][31.792s][info ][gc            ] GC(47) Pause Young (Normal) (G1 Evacuation Pause) 269M->94M(328M) 58.759ms
[2023-10-18T22:52:24.680+0000][31.792s][info ][gc,cpu        ] GC(47) User=0.37s Sys=0.01s Real=0.06s
[2023-10-18T22:52:24.681+0000][31.793s][info ][safepoint     ] Leaving safepoint region
[2023-10-18T22:52:24.681+0000][31.793s][info ][safepoint     ] Total time for which application threads were stopped: 0.0609132 seconds, Stopping threads took: 0.0005187 seconds
[2023-10-18T22:52:24.682+0000][31.794s][info ][gc,stringdedup] Concurrent String Deduplication (31.794s)
[2023-10-18T22:52:24.686+0000][31.798s][info ][gc,stringdedup] Concurrent String Deduplication 416.3K->106.9K(309.4K) avg 50.0% (31.794s, 31.798s) 4.585ms
[2023-10-18T22:52:24.689+0000][31.801s][debug][safepoint     ] Safepoint synchronization initiated. (42 threads)
[2023-10-18T22:52:24.690+0000][31.802s][info ][safepoint     ] Application time: 0.0086416 seconds
[2023-10-18T22:52:24.691+0000][31.803s][info ][safepoint     ] Entering safepoint region: Deoptimize
[2023-10-18T22:52:24.693+0000][31.805s][info ][safepoint     ] Leaving safepoint region
[2023-10-18T22:52:24.695+0000][31.807s][info ][safepoint     ] Total time for which application threads were stopped: 0.0043723 seconds, Stopping threads took: 0.0004942 seconds
[2023-10-18T22:52:24.757+0000][31.869s][debug][safepoint     ] Safepoint synchronization initiated. (42 threads)
[2023-10-18T22:52:24.758+0000][31.869s][info ][safepoint     ] Application time: 0.0618069 seconds
[2023-10-18T22:52:24.759+0000][31.870s][info ][safepoint     ] Entering safepoint region: Deoptimize
[2023-10-18T22:52:24.761+0000][31.873s][info ][safepoint     ] Leaving safepoint region
[2023-10-18T22:52:24.761+0000][31.873s][info ][safepoint     ] Total time for which application threads were stopped: 0.0028833 seconds, Stopping threads took: 0.0005394 seconds
[2023-10-18T22:52:24.829+0000][31.941s][debug][safepoint     ] Safepoint synchronization initiated. (42 threads)
[2023-10-18T22:52:24.830+0000][31.942s][info ][safepoint     ] Application time: 0.0679692 seconds
[2023-10-18T22:52:24.831+0000][31.942s][info ][safepoint     ] Entering safepoint region: Deoptimize
[2023-10-18T22:52:24.834+0000][31.946s][info ][safepoint     ] Leaving safepoint region
[2023-10-18T22:52:24.835+0000][31.946s][info ][safepoint     ] Total time for which application threads were stopped: 0.0040019 seconds, Stopping threads took: 0.0005737 seconds
[2023-10-18T22:52:25.126+0000][32.238s][debug][safepoint     ] Safepoint synchronization initiated. (41 threads)
[2023-10-18T22:52:25.128+0000][32.240s][info ][safepoint     ] Application time: 0.2930846 seconds
[2023-10-18T22:52:25.143+0000][32.255s][info ][safepoint     ] Entering safepoint region: Deoptimize
[2023-10-18T22:52:25.162+0000][32.273s][info ][safepoint     ] Leaving safepoint region
[2023-10-18T22:52:25.164+0000][32.275s][info ][safepoint     ] Total time for which application threads were stopped: 0.0201194 seconds, Stopping threads took: 0.0160432 seconds
[2023-10-18T22:52:25.177+0000][32.289s][debug][safepoint     ] Safepoint synchronization initiated. (41 threads)
[2023-10-18T22:52:25.185+0000][32.296s][info ][safepoint     ] Application time: 0.0098596 seconds
[2023-10-18T22:52:25.198+0000][32.310s][info ][safepoint     ] Entering safepoint region: Deoptimize
[2023-10-18T22:52:25.208+0000][32.320s][info ][safepoint     ] Leaving safepoint region
[2023-10-18T22:52:25.210+0000][32.322s][info ][safepoint     ] Total time for which application threads were stopped: 0.0119863 seconds, Stopping threads took: 0.0073178 seconds
[2023-10-18T22:52:25.805+0000][32.917s][debug][safepoint     ] Safepoint synchronization initiated. (43 threads)
[2023-10-18T22:52:25.806+0000][32.917s][info ][safepoint     ] Application time: 0.5879531 seconds
[2023-10-18T22:52:25.806+0000][32.918s][info ][safepoint     ] Entering safepoint region: ICBufferFull
[2023-10-18T22:52:25.807+0000][32.919s][info ][safepoint     ] Leaving safepoint region
[2023-10-18T22:52:25.807+0000][32.919s][info ][safepoint     ] Total time for which application threads were stopped: 0.0013158 seconds, Stopping threads took: 0.0004721 seconds
[2023-10-18T22:52:26.252+0000][33.364s][debug][safepoint     ] Safepoint synchronization initiated. (43 threads)
[2023-10-18T22:52:26.253+0000][33.365s][info ][safepoint     ] Application time: 0.4448610 seconds
[2023-10-18T22:52:26.253+0000][33.365s][info ][safepoint     ] Entering safepoint region: Deoptimize
[2023-10-18T22:52:26.256+0000][33.368s][info ][safepoint     ] Leaving safepoint region
[2023-10-18T22:52:26.257+0000][33.368s][info ][safepoint     ] Total time for which application threads were stopped: 0.0033396 seconds, Stopping threads took: 0.0004160 seconds
[2023-10-18T22:52:26.335+0000][33.446s][debug][safepoint     ] Safepoint synchronization initiated. (43 threads)
[2023-10-18T22:52:26.335+0000][33.447s][info ][safepoint     ] Application time: 0.0782435 seconds
[2023-10-18T22:52:26.336+0000][33.447s][info ][safepoint     ] Entering safepoint region: G1CollectForAllocation
[2023-10-18T22:52:26.336+0000][33.448s][info ][gc,start      ] GC(48) Pause Young (Normal) (G1 Evacuation Pause)
[2023-10-18T22:52:26.337+0000][33.449s][info ][gc,task       ] GC(48) Using 8 workers of 8 for evacuation
[2023-10-18T22:52:26.368+0000][33.479s][info ][gc,phases     ] GC(48)   Pre Evacuate Collection Set: 0.0ms
[2023-10-18T22:52:26.368+0000][33.480s][info ][gc,phases     ] GC(48)   Evacuate Collection Set: 25.0ms
[2023-10-18T22:52:26.369+0000][33.480s][info ][gc,phases     ] GC(48)   Post Evacuate Collection Set: 5.1ms
[2023-10-18T22:52:26.369+0000][33.481s][info ][gc,phases     ] GC(48)   Other: 1.2ms
[2023-10-18T22:52:26.370+0000][33.481s][info ][gc,heap       ] GC(48) Eden regions: 178->0(221)
[2023-10-18T22:52:26.370+0000][33.482s][info ][gc,heap       ] GC(48) Survivor regions: 18->14(25)
[2023-10-18T22:52:26.371+0000][33.482s][info ][gc,heap       ] GC(48) Old regions: 78->86
[2023-10-18T22:52:26.371+0000][33.483s][info ][gc,heap       ] GC(48) Humongous regions: 0->0
[2023-10-18T22:52:26.371+0000][33.483s][info ][gc,metaspace  ] GC(48) Metaspace: 121023K(124496K)->121023K(124496K) NonClass: 106587K(108752K)->106587K(108752K) Class: 14436K(15744K)->14436K(15744K)
[2023-10-18T22:52:26.372+0000][33.484s][info ][gc            ] GC(48) Pause Young (Normal) (G1 Evacuation Pause) 272M->97M(394M) 35.730ms
[2023-10-18T22:52:26.373+0000][33.484s][info ][gc,cpu        ] GC(48) User=0.21s Sys=0.00s Real=0.03s
[2023-10-18T22:52:26.373+0000][33.485s][info ][safepoint     ] Leaving safepoint region
[2023-10-18T22:52:26.374+0000][33.486s][info ][safepoint     ] Total time for which application threads were stopped: 0.0381328 seconds, Stopping threads took: 0.0005112 seconds
[2023-10-18T22:52:26.374+0000][33.486s][info ][gc,stringdedup] Concurrent String Deduplication (33.486s)
[2023-10-18T22:52:26.381+0000][33.493s][info ][gc,stringdedup] Concurrent String Deduplication 440.4K->157.6K(282.8K) avg 50.4% (33.486s, 33.493s) 6.734ms
[2023-10-18T22:52:26.631+0000][33.743s][debug][safepoint     ] Safepoint synchronization initiated. (42 threads)
[2023-10-18T22:52:26.632+0000][33.743s][info ][safepoint     ] Application time: 0.2573361 seconds
[2023-10-18T22:52:26.632+0000][33.744s][info ][safepoint     ] Entering safepoint region: Deoptimize
[2023-10-18T22:52:26.634+0000][33.746s][info ][safepoint     ] Leaving safepoint region
[2023-10-18T22:52:26.635+0000][33.747s][info ][safepoint     ] Total time for which application threads were stopped: 0.0028760 seconds, Stopping threads took: 0.0006420 seconds
[2023-10-18T22:52:27.636+0000][34.748s][debug][safepoint     ] Safepoint synchronization initiated. (44 threads)
[2023-10-18T22:52:27.650+0000][34.761s][info ][safepoint     ] Application time: 1.0143573 seconds
[2023-10-18T22:52:27.668+0000][34.780s][debug][safepoint     ] Waiting for 1 thread(s) to block
[2023-10-18T22:52:27.684+0000][34.795s][info ][safepoint     ] Entering safepoint region: Cleanup
[2023-10-18T22:52:27.693+0000][34.805s][info ][safepoint     ] Leaving safepoint region
[2023-10-18T22:52:27.700+0000][34.812s][info ][safepoint     ] Total time for which application threads were stopped: 0.0316673 seconds, Stopping threads took: 0.0240733 seconds
[2023-10-18T22:52:28.057+0000][35.168s][debug][safepoint     ] Safepoint synchronization initiated. (44 threads)
[2023-10-18T22:52:28.057+0000][35.169s][info ][safepoint     ] Application time: 0.3499403 seconds
[2023-10-18T22:52:28.058+0000][35.169s][info ][safepoint     ] Entering safepoint region: G1CollectForAllocation
[2023-10-18T22:52:28.058+0000][35.170s][info ][gc,start      ] GC(49) Pause Young (Normal) (G1 Evacuation Pause)
[2023-10-18T22:52:28.059+0000][35.171s][info ][gc,task       ] GC(49) Using 8 workers of 8 for evacuation
[2023-10-18T22:52:28.093+0000][35.205s][info ][gc,phases     ] GC(49)   Pre Evacuate Collection Set: 0.0ms
[2023-10-18T22:52:28.094+0000][35.206s][info ][gc,phases     ] GC(49)   Evacuate Collection Set: 29.7ms
[2023-10-18T22:52:28.095+0000][35.207s][info ][gc,phases     ] GC(49)   Post Evacuate Collection Set: 4.3ms
[2023-10-18T22:52:28.096+0000][35.207s][info ][gc,phases     ] GC(49)   Other: 1.1ms
[2023-10-18T22:52:28.097+0000][35.208s][info ][gc,heap       ] GC(49) Eden regions: 221->0(215)
[2023-10-18T22:52:28.097+0000][35.209s][info ][gc,heap       ] GC(49) Survivor regions: 14->21(30)
[2023-10-18T22:52:28.098+0000][35.210s][info ][gc,heap       ] GC(49) Old regions: 86->86
[2023-10-18T22:52:28.098+0000][35.210s][info ][gc,heap       ] GC(49) Humongous regions: 0->0
[2023-10-18T22:52:28.099+0000][35.211s][info ][gc,metaspace  ] GC(49) Metaspace: 126372K(130000K)->126372K(130000K) NonClass: 111534K(113872K)->111534K(113872K) Class: 14838K(16128K)->14838K(16128K)
[2023-10-18T22:52:28.099+0000][35.211s][info ][gc            ] GC(49) Pause Young (Normal) (G1 Evacuation Pause) 318M->104M(394M) 40.805ms
[2023-10-18T22:52:28.100+0000][35.211s][info ][gc,cpu        ] GC(49) User=0.26s Sys=0.00s Real=0.04s
[2023-10-18T22:52:28.100+0000][35.212s][info ][safepoint     ] Leaving safepoint region
[2023-10-18T22:52:28.101+0000][35.212s][info ][safepoint     ] Total time for which application threads were stopped: 0.0429677 seconds, Stopping threads took: 0.0004738 seconds
[2023-10-18T22:52:28.101+0000][35.213s][info ][gc,stringdedup] Concurrent String Deduplication (35.213s)
[2023-10-18T22:52:28.108+0000][35.219s][info ][gc,stringdedup] Concurrent String Deduplication 381.1K->141.3K(239.8K) avg 50.7% (35.213s, 35.219s) 6.402ms
[2023-10-18T22:52:29.101+0000][36.213s][debug][safepoint     ] Safepoint synchronization initiated. (53 threads)
[2023-10-18T22:52:29.102+0000][36.214s][info ][safepoint     ] Application time: 1.0007995 seconds
[2023-10-18T22:52:29.102+0000][36.214s][debug][safepoint     ] ... found polling page return exception at pc = 0x00007f38b0534bce, stub =0x00007f38a8840600
[2023-10-18T22:52:29.103+0000][36.215s][debug][safepoint     ] Waiting for 1 thread(s) to block
[2023-10-18T22:52:29.103+0000][36.215s][info ][safepoint     ] Entering safepoint region: Cleanup
[2023-10-18T22:52:29.104+0000][36.216s][info ][safepoint     ] Leaving safepoint region
[2023-10-18T22:52:29.104+0000][36.216s][info ][safepoint     ] Total time for which application threads were stopped: 0.0019632 seconds, Stopping threads took: 0.0014137 seconds
[2023-10-18T22:52:29.674+0000][36.785s][debug][safepoint     ] Safepoint synchronization initiated. (54 threads)
[2023-10-18T22:52:29.674+0000][36.786s][info ][safepoint     ] Application time: 0.5695940 seconds
[2023-10-18T22:52:29.675+0000][36.787s][info ][safepoint     ] Entering safepoint region: Deoptimize
[2023-10-18T22:52:29.678+0000][36.789s][info ][safepoint     ] Leaving safepoint region
[2023-10-18T22:52:29.678+0000][36.790s][info ][safepoint     ] Total time for which application threads were stopped: 0.0034662 seconds, Stopping threads took: 0.0006430 seconds
[2023-10-18T22:52:29.850+0000][36.962s][debug][safepoint     ] Safepoint synchronization initiated. (66 threads)
[2023-10-18T22:52:29.851+0000][36.963s][info ][safepoint     ] Application time: 0.1724497 seconds
[2023-10-18T22:52:29.852+0000][36.963s][info ][safepoint     ] Entering safepoint region: G1CollectForAllocation
[2023-10-18T22:52:29.852+0000][36.964s][info ][gc,start      ] GC(50) Pause Young (Normal) (G1 Evacuation Pause)
[2023-10-18T22:52:29.853+0000][36.965s][info ][gc,task       ] GC(50) Using 8 workers of 8 for evacuation
[2023-10-18T22:52:29.889+0000][37.001s][info ][gc,phases     ] GC(50)   Pre Evacuate Collection Set: 0.0ms
[2023-10-18T22:52:29.890+0000][37.001s][info ][gc,phases     ] GC(50)   Evacuate Collection Set: 31.3ms
[2023-10-18T22:52:29.890+0000][37.002s][info ][gc,phases     ] GC(50)   Post Evacuate Collection Set: 4.2ms
[2023-10-18T22:52:29.891+0000][37.002s][info ][gc,phases     ] GC(50)   Other: 1.2ms
[2023-10-18T22:52:29.891+0000][37.003s][info ][gc,heap       ] GC(50) Eden regions: 215->0(218)
[2023-10-18T22:52:29.892+0000][37.003s][info ][gc,heap       ] GC(50) Survivor regions: 21->18(30)
[2023-10-18T22:52:29.892+0000][37.004s][info ][gc,heap       ] GC(50) Old regions: 86->94
[2023-10-18T22:52:29.893+0000][37.005s][info ][gc,heap       ] GC(50) Humongous regions: 0->0
[2023-10-18T22:52:29.893+0000][37.005s][info ][gc,metaspace  ] GC(50) Metaspace: 135062K(138960K)->135062K(138960K) NonClass: 119327K(121808K)->119327K(121808K) Class: 15735K(17152K)->15735K(17152K)
[2023-10-18T22:52:29.894+0000][37.005s][info ][gc            ] GC(50) Pause Young (Normal) (G1 Evacuation Pause) 319M->109M(394M) 41.355ms
[2023-10-18T22:52:29.894+0000][37.006s][info ][gc,cpu        ] GC(50) User=0.26s Sys=0.00s Real=0.04s
[2023-10-18T22:52:29.895+0000][37.006s][info ][safepoint     ] Leaving safepoint region
[2023-10-18T22:52:29.895+0000][37.007s][info ][safepoint     ] Total time for which application threads were stopped: 0.0436298 seconds, Stopping threads took: 0.0005026 seconds
[2023-10-18T22:52:29.896+0000][37.007s][info ][gc,stringdedup] Concurrent String Deduplication (37.007s)
[2023-10-18T22:52:29.900+0000][37.011s][info ][gc,stringdedup] Concurrent String Deduplication 197.2K->69288.0B(129.5K) avg 50.9% (37.007s, 37.011s) 3.970ms
[2023-10-18T22:52:30.479+0000][37.591s][debug][safepoint     ] Safepoint synchronization initiated. (66 threads)
[2023-10-18T22:52:30.479+0000][37.591s][info ][safepoint     ] Application time: 0.5837184 seconds
[2023-10-18T22:52:30.480+0000][37.592s][info ][safepoint     ] Entering safepoint region: Deoptimize
[2023-10-18T22:52:30.482+0000][37.594s][info ][safepoint     ] Leaving safepoint region
[2023-10-18T22:52:30.482+0000][37.594s][info ][safepoint     ] Total time for which application threads were stopped: 0.0027047 seconds, Stopping threads took: 0.0004185 seconds
[2023-10-18T22:52:30.483+0000][37.595s][debug][safepoint     ] Safepoint synchronization initiated. (66 threads)
[2023-10-18T22:52:30.483+0000][37.595s][info ][safepoint     ] Application time: 0.0006134 seconds
[2023-10-18T22:52:30.484+0000][37.596s][info ][safepoint     ] Entering safepoint region: Deoptimize
[2023-10-18T22:52:30.486+0000][37.598s][info ][safepoint     ] Leaving safepoint region
[2023-10-18T22:52:30.486+0000][37.598s][info ][safepoint     ] Total time for which application threads were stopped: 0.0025891 seconds, Stopping threads took: 0.0003962 seconds
[2023-10-18T22:52:30.488+0000][37.600s][debug][safepoint     ] Safepoint synchronization initiated. (66 threads)
[2023-10-18T22:52:30.489+0000][37.600s][info ][safepoint     ] Application time: 0.0017608 seconds
[2023-10-18T22:52:30.489+0000][37.601s][info ][safepoint     ] Entering safepoint region: Deoptimize
[2023-10-18T22:52:30.491+0000][37.603s][info ][safepoint     ] Leaving safepoint region
[2023-10-18T22:52:30.492+0000][37.604s][info ][safepoint     ] Total time for which application threads were stopped: 0.0026942 seconds, Stopping threads took: 0.0004952 seconds
[2023-10-18T22:52:30.513+0000][37.625s][debug][safepoint     ] Safepoint synchronization initiated. (66 threads)
[2023-10-18T22:52:30.514+0000][37.625s][info ][safepoint     ] Application time: 0.0212882 seconds
[2023-10-18T22:52:30.514+0000][37.626s][info ][safepoint     ] Entering safepoint region: Deoptimize
[2023-10-18T22:52:30.516+0000][37.628s][info ][safepoint     ] Leaving safepoint region
[2023-10-18T22:52:30.516+0000][37.628s][info ][safepoint     ] Total time for which application threads were stopped: 0.0022479 seconds, Stopping threads took: 0.0003531 seconds
[2023-10-18T22:52:30.737+0000][37.849s][debug][safepoint     ] Safepoint synchronization initiated. (66 threads)
[2023-10-18T22:52:30.738+0000][37.850s][info ][safepoint     ] Application time: 0.2212257 seconds
[2023-10-18T22:52:30.738+0000][37.850s][info ][safepoint     ] Entering safepoint region: Deoptimize
[2023-10-18T22:52:30.740+0000][37.852s][info ][safepoint     ] Leaving safepoint region
[2023-10-18T22:52:30.741+0000][37.853s][info ][safepoint     ] Total time for which application threads were stopped: 0.0027530 seconds, Stopping threads took: 0.0005061 seconds
[2023-10-18T22:52:31.015+0000][38.127s][debug][safepoint     ] Safepoint synchronization initiated. (66 threads)
[2023-10-18T22:52:31.016+0000][38.128s][info ][safepoint     ] Application time: 0.2746458 seconds
[2023-10-18T22:52:31.016+0000][38.128s][info ][safepoint     ] Entering safepoint region: G1CollectForAllocation
[2023-10-18T22:52:31.017+0000][38.129s][info ][gc,start      ] GC(51) Pause Young (Normal) (G1 Evacuation Pause)
[2023-10-18T22:52:31.018+0000][38.130s][info ][gc,task       ] GC(51) Using 8 workers of 8 for evacuation
[2023-10-18T22:52:31.043+0000][38.155s][info ][gc,phases     ] GC(51)   Pre Evacuate Collection Set: 0.0ms
[2023-10-18T22:52:31.043+0000][38.155s][info ][gc,phases     ] GC(51)   Evacuate Collection Set: 21.0ms
[2023-10-18T22:52:31.044+0000][38.156s][info ][gc,phases     ] GC(51)   Post Evacuate Collection Set: 3.5ms
[2023-10-18T22:52:31.044+0000][38.156s][info ][gc,phases     ] GC(51)   Other: 1.1ms
[2023-10-18T22:52:31.045+0000][38.157s][info ][gc,heap       ] GC(51) Eden regions: 218->0(217)
[2023-10-18T22:52:31.045+0000][38.157s][info ][gc,heap       ] GC(51) Survivor regions: 18->19(30)
[2023-10-18T22:52:31.046+0000][38.158s][info ][gc,heap       ] GC(51) Old regions: 94->98
[2023-10-18T22:52:31.046+0000][38.158s][info ][gc,heap       ] GC(51) Humongous regions: 0->0
[2023-10-18T22:52:31.047+0000][38.158s][info ][gc,metaspace  ] GC(51) Metaspace: 137337K(141008K)->137337K(141008K) NonClass: 121310K(123600K)->121310K(123600K) Class: 16027K(17408K)->16027K(17408K)
[2023-10-18T22:52:31.047+0000][38.159s][info ][gc            ] GC(51) Pause Young (Normal) (G1 Evacuation Pause) 327M->115M(394M) 29.855ms
[2023-10-18T22:52:31.048+0000][38.159s][info ][gc,cpu        ] GC(51) User=0.19s Sys=0.00s Real=0.03s
[2023-10-18T22:52:31.048+0000][38.160s][info ][safepoint     ] Leaving safepoint region
[2023-10-18T22:52:31.048+0000][38.160s][info ][safepoint     ] Total time for which application threads were stopped: 0.0319116 seconds, Stopping threads took: 0.0005251 seconds
[2023-10-18T22:52:31.049+0000][38.161s][info ][gc,stringdedup] Concurrent String Deduplication (38.161s)
[2023-10-18T22:52:31.054+0000][38.166s][info ][gc,stringdedup] Concurrent String Deduplication 450.6K->62816.0B(389.2K) avg 51.9% (38.161s, 38.166s) 4.896ms
[2023-10-18T22:52:31.612+0000][38.723s][debug][safepoint     ] Safepoint synchronization initiated. (66 threads)
[2023-10-18T22:52:31.612+0000][38.724s][info ][safepoint     ] Application time: 0.5633366 seconds
[2023-10-18T22:52:31.613+0000][38.724s][info ][safepoint     ] Entering safepoint region: Deoptimize
[2023-10-18T22:52:31.615+0000][38.727s][info ][safepoint     ] Leaving safepoint region
[2023-10-18T22:52:31.616+0000][38.727s][info ][safepoint     ] Total time for which application threads were stopped: 0.0030897 seconds, Stopping threads took: 0.0003797 seconds
[2023-10-18T22:52:31.835+0000][38.947s][debug][safepoint     ] Safepoint synchronization initiated. (66 threads)
[2023-10-18T22:52:31.836+0000][38.948s][info ][safepoint     ] Application time: 0.2198185 seconds
[2023-10-18T22:52:31.836+0000][38.948s][info ][safepoint     ] Entering safepoint region: G1CollectForAllocation
[2023-10-18T22:52:31.837+0000][38.949s][info ][gc,start      ] GC(52) Pause Young (Normal) (G1 Evacuation Pause)
[2023-10-18T22:52:31.838+0000][38.949s][info ][gc,task       ] GC(52) Using 8 workers of 8 for evacuation
[2023-10-18T22:52:31.852+0000][38.964s][info ][gc,phases     ] GC(52)   Pre Evacuate Collection Set: 0.0ms
[2023-10-18T22:52:31.853+0000][38.965s][info ][gc,phases     ] GC(52)   Evacuate Collection Set: 11.4ms
[2023-10-18T22:52:31.853+0000][38.965s][info ][gc,phases     ] GC(52)   Post Evacuate Collection Set: 2.7ms
[2023-10-18T22:52:31.854+0000][38.966s][info ][gc,phases     ] GC(52)   Other: 1.1ms
[2023-10-18T22:52:31.855+0000][38.966s][info ][gc,heap       ] GC(52) Eden regions: 217->0(218)
[2023-10-18T22:52:31.855+0000][38.967s][info ][gc,heap       ] GC(52) Survivor regions: 19->14(30)
[2023-10-18T22:52:31.856+0000][38.968s][info ][gc,heap       ] GC(52) Old regions: 98->105
[2023-10-18T22:52:31.856+0000][38.968s][info ][gc,heap       ] GC(52) Humongous regions: 0->0
[2023-10-18T22:52:31.857+0000][38.969s][info ][gc,metaspace  ] GC(52) Metaspace: 139497K(143440K)->139497K(143440K) NonClass: 123151K(125648K)->123151K(125648K) Class: 16345K(17792K)->16345K(17792K)
[2023-10-18T22:52:31.857+0000][38.969s][info ][gc            ] GC(52) Pause Young (Normal) (G1 Evacuation Pause) 332M->117M(394M) 20.179ms
[2023-10-18T22:52:31.858+0000][38.970s][info ][gc,cpu        ] GC(52) User=0.11s Sys=0.00s Real=0.02s
[2023-10-18T22:52:31.858+0000][38.970s][info ][safepoint     ] Leaving safepoint region
[2023-10-18T22:52:31.859+0000][38.970s][info ][safepoint     ] Total time for which application threads were stopped: 0.0221990 seconds, Stopping threads took: 0.0004954 seconds
[2023-10-18T22:52:31.859+0000][38.971s][info ][gc,stringdedup] Concurrent String Deduplication (38.971s)
[2023-10-18T22:52:31.863+0000][38.974s][info ][gc,stringdedup] Concurrent String Deduplication 446.1K->161.1K(285.0K) avg 52.3% (38.971s, 38.974s) 3.559ms
[2023-10-18T22:52:31.929+0000][39.041s][debug][safepoint     ] Safepoint synchronization initiated. (66 threads)
[2023-10-18T22:52:31.930+0000][39.041s][info ][safepoint     ] Application time: 0.0706577 seconds
[2023-10-18T22:52:31.930+0000][39.042s][info ][safepoint     ] Entering safepoint region: Deoptimize
[2023-10-18T22:52:31.933+0000][39.045s][info ][safepoint     ] Leaving safepoint region
[2023-10-18T22:52:31.934+0000][39.046s][info ][safepoint     ] Total time for which application threads were stopped: 0.0038487 seconds, Stopping threads took: 0.0004600 seconds
[2023-10-18T22:52:31.992+0000][39.104s][debug][safepoint     ] Safepoint synchronization initiated. (66 threads)
[2023-10-18T22:52:31.992+0000][39.104s][info ][safepoint     ] Application time: 0.0580463 seconds
[2023-10-18T22:52:31.993+0000][39.105s][info ][safepoint     ] Entering safepoint region: Deoptimize
[2023-10-18T22:52:31.995+0000][39.107s][info ][safepoint     ] Leaving safepoint region
[2023-10-18T22:52:31.995+0000][39.107s][info ][safepoint     ] Total time for which application threads were stopped: 0.0026310 seconds, Stopping threads took: 0.0003965 seconds
[2023-10-18T22:52:32.573+0000][39.685s][debug][safepoint     ] Safepoint synchronization initiated. (75 threads)
[2023-10-18T22:52:32.574+0000][39.686s][info ][safepoint     ] Application time: 0.5779102 seconds
[2023-10-18T22:52:32.574+0000][39.686s][info ][safepoint     ] Entering safepoint region: G1CollectForAllocation
[2023-10-18T22:52:32.575+0000][39.687s][info ][gc,start      ] GC(53) Pause Young (Normal) (G1 Evacuation Pause)
[2023-10-18T22:52:32.575+0000][39.687s][info ][gc,task       ] GC(53) Using 8 workers of 8 for evacuation
[2023-10-18T22:52:32.594+0000][39.706s][info ][gc,phases     ] GC(53)   Pre Evacuate Collection Set: 0.0ms
[2023-10-18T22:52:32.595+0000][39.706s][info ][gc,phases     ] GC(53)   Evacuate Collection Set: 14.4ms
[2023-10-18T22:52:32.595+0000][39.707s][info ][gc,phases     ] GC(53)   Post Evacuate Collection Set: 3.1ms
[2023-10-18T22:52:32.596+0000][39.707s][info ][gc,phases     ] GC(53)   Other: 1.3ms
[2023-10-18T22:52:32.596+0000][39.708s][info ][gc,heap       ] GC(53) Eden regions: 218->0(217)
[2023-10-18T22:52:32.597+0000][39.708s][info ][gc,heap       ] GC(53) Survivor regions: 14->16(29)
[2023-10-18T22:52:32.597+0000][39.709s][info ][gc,heap       ] GC(53) Old regions: 105->105
[2023-10-18T22:52:32.598+0000][39.709s][info ][gc,heap       ] GC(53) Humongous regions: 0->0
[2023-10-18T22:52:32.598+0000][39.710s][info ][gc,metaspace  ] GC(53) Metaspace: 141678K(145616K)->141678K(145616K) NonClass: 125001K(127440K)->125001K(127440K) Class: 16677K(18176K)->16677K(18176K)
[2023-10-18T22:52:32.599+0000][39.711s][info ][gc            ] GC(53) Pause Young (Normal) (G1 Evacuation Pause) 335M->119M(394M) 23.773ms
[2023-10-18T22:52:32.599+0000][39.711s][info ][gc,cpu        ] GC(53) User=0.15s Sys=0.00s Real=0.03s
[2023-10-18T22:52:32.600+0000][39.712s][info ][safepoint     ] Leaving safepoint region
[2023-10-18T22:52:32.600+0000][39.712s][info ][safepoint     ] Total time for which application threads were stopped: 0.0261800 seconds, Stopping threads took: 0.0004417 seconds
[2023-10-18T22:52:32.601+0000][39.713s][info ][gc,stringdedup] Concurrent String Deduplication (39.713s)
[2023-10-18T22:52:32.604+0000][39.716s][info ][gc,stringdedup] Concurrent String Deduplication 346.1K->201.0K(145.1K) avg 52.1% (39.713s, 39.716s) 3.283ms
[2023-10-18T22:52:32.742+0000][39.854s][debug][safepoint     ] Safepoint synchronization initiated. (75 threads)
[2023-10-18T22:52:32.743+0000][39.855s][info ][safepoint     ] Application time: 0.1418754 seconds
[2023-10-18T22:52:32.743+0000][39.855s][info ][safepoint     ] Entering safepoint region: Deoptimize
[2023-10-18T22:52:32.746+0000][39.858s][info ][safepoint     ] Leaving safepoint region
[2023-10-18T22:52:32.747+0000][39.858s][info ][safepoint     ] Total time for which application threads were stopped: 0.0033441 seconds, Stopping threads took: 0.0004614 seconds
[2023-10-18T22:52:32.974+0000][40.086s][debug][safepoint     ] Safepoint synchronization initiated. (87 threads)
[2023-10-18T22:52:32.975+0000][40.086s][info ][safepoint     ] Application time: 0.2275043 seconds
[2023-10-18T22:52:32.975+0000][40.087s][info ][safepoint     ] Entering safepoint region: ICBufferFull
[2023-10-18T22:52:32.976+0000][40.088s][info ][safepoint     ] Leaving safepoint region
[2023-10-18T22:52:32.977+0000][40.088s][info ][safepoint     ] Total time for which application threads were stopped: 0.0015868 seconds, Stopping threads took: 0.0005605 seconds
[2023-10-18T22:52:33.250+0000][40.362s][debug][safepoint     ] Safepoint synchronization initiated. (87 threads)
[2023-10-18T22:52:33.251+0000][40.362s][info ][safepoint     ] Application time: 0.2736267 seconds
[2023-10-18T22:52:33.251+0000][40.363s][debug][safepoint     ] ... found polling page return exception at pc = 0x00007f38b03e5f9d, stub =0x00007f38a8840600
[2023-10-18T22:52:33.252+0000][40.364s][debug][safepoint     ] Waiting for 1 thread(s) to block
[2023-10-18T22:52:33.252+0000][40.364s][info ][safepoint     ] Entering safepoint region: Deoptimize
[2023-10-18T22:52:33.255+0000][40.367s][info ][safepoint     ] Leaving safepoint region
[2023-10-18T22:52:33.256+0000][40.368s][info ][safepoint     ] Total time for which application threads were stopped: 0.0047992 seconds, Stopping threads took: 0.0016436 seconds
[2023-10-18T22:52:33.303+0000][40.415s][debug][safepoint     ] Safepoint synchronization initiated. (87 threads)
[2023-10-18T22:52:33.304+0000][40.416s][info ][safepoint     ] Application time: 0.0474768 seconds
[2023-10-18T22:52:33.305+0000][40.416s][info ][safepoint     ] Entering safepoint region: Deoptimize
[2023-10-18T22:52:33.307+0000][40.419s][info ][safepoint     ] Leaving safepoint region
[2023-10-18T22:52:33.308+0000][40.420s][info ][safepoint     ] Total time for which application threads were stopped: 0.0031547 seconds, Stopping threads took: 0.0005029 seconds
[2023-10-18T22:52:33.344+0000][40.455s][debug][safepoint     ] Safepoint synchronization initiated. (87 threads)
[2023-10-18T22:52:33.344+0000][40.456s][info ][safepoint     ] Application time: 0.0358707 seconds
[2023-10-18T22:52:33.345+0000][40.456s][info ][safepoint     ] Entering safepoint region: Deoptimize
[2023-10-18T22:52:33.348+0000][40.459s][info ][safepoint     ] Leaving safepoint region
[2023-10-18T22:52:33.348+0000][40.460s][info ][safepoint     ] Total time for which application threads were stopped: 0.0034078 seconds, Stopping threads took: 0.0005053 seconds
[2023-10-18T22:52:33.652+0000][40.764s][debug][safepoint     ] Safepoint synchronization initiated. (87 threads)
[2023-10-18T22:52:33.653+0000][40.764s][info ][safepoint     ] Application time: 0.3041852 seconds
[2023-10-18T22:52:33.653+0000][40.765s][debug][safepoint     ] ... found polling page return exception at pc = 0x00007f38b08f08bf, stub =0x00007f38a8840600
[2023-10-18T22:52:33.654+0000][40.766s][debug][safepoint     ] Waiting for 1 thread(s) to block
[2023-10-18T22:52:33.654+0000][40.766s][info ][safepoint     ] Entering safepoint region: Deoptimize
[2023-10-18T22:52:33.657+0000][40.769s][info ][safepoint     ] Leaving safepoint region
[2023-10-18T22:52:33.658+0000][40.770s][info ][safepoint     ] Total time for which application threads were stopped: 0.0046562 seconds, Stopping threads took: 0.0015976 seconds
[2023-10-18T22:52:33.879+0000][40.991s][debug][safepoint     ] Safepoint synchronization initiated. (87 threads)
[2023-10-18T22:52:33.880+0000][40.991s][info ][safepoint     ] Application time: 0.2212368 seconds
[2023-10-18T22:52:33.880+0000][40.992s][info ][safepoint     ] Entering safepoint region: Deoptimize
[2023-10-18T22:52:33.883+0000][40.994s][info ][safepoint     ] Leaving safepoint region
[2023-10-18T22:52:33.883+0000][40.995s][info ][safepoint     ] Total time for which application threads were stopped: 0.0030253 seconds, Stopping threads took: 0.0004836 seconds
[2023-10-18T22:52:33.891+0000][41.003s][debug][safepoint     ] Safepoint synchronization initiated. (87 threads)
[2023-10-18T22:52:33.891+0000][41.003s][info ][safepoint     ] Application time: 0.0076984 seconds
[2023-10-18T22:52:33.892+0000][41.004s][info ][safepoint     ] Entering safepoint region: G1CollectForAllocation
[2023-10-18T22:52:33.893+0000][41.005s][info ][gc,start      ] GC(54) Pause Young (Normal) (G1 Evacuation Pause)
[2023-10-18T22:52:33.893+0000][41.005s][info ][gc,task       ] GC(54) Using 8 workers of 8 for evacuation
[2023-10-18T22:52:33.925+0000][41.037s][info ][gc,phases     ] GC(54)   Pre Evacuate Collection Set: 0.0ms
[2023-10-18T22:52:33.926+0000][41.037s][info ][gc,phases     ] GC(54)   Evacuate Collection Set: 25.9ms
[2023-10-18T22:52:33.926+0000][41.038s][info ][gc,phases     ] GC(54)   Post Evacuate Collection Set: 5.2ms
[2023-10-18T22:52:33.927+0000][41.039s][info ][gc,phases     ] GC(54)   Other: 1.2ms
[2023-10-18T22:52:33.927+0000][41.039s][info ][gc,heap       ] GC(54) Eden regions: 217->0(207)
[2023-10-18T22:52:33.928+0000][41.039s][info ][gc,heap       ] GC(54) Survivor regions: 16->18(30)
[2023-10-18T22:52:33.928+0000][41.040s][info ][gc,heap       ] GC(54) Old regions: 105->111
[2023-10-18T22:52:33.928+0000][41.040s][info ][gc,heap       ] GC(54) Humongous regions: 0->0
[2023-10-18T22:52:33.929+0000][41.041s][info ][gc,metaspace  ] GC(54) Metaspace: 148095K(152528K)->148095K(152528K) NonClass: 130589K(133328K)->130589K(133328K) Class: 17505K(19200K)->17505K(19200K)
[2023-10-18T22:52:33.929+0000][41.041s][info ][gc            ] GC(54) Pause Young (Normal) (G1 Evacuation Pause) 336M->126M(394M) 36.527ms
[2023-10-18T22:52:33.930+0000][41.042s][info ][gc,cpu        ] GC(54) User=0.23s Sys=0.00s Real=0.04s
[2023-10-18T22:52:33.930+0000][41.042s][info ][safepoint     ] Leaving safepoint region
[2023-10-18T22:52:33.931+0000][41.042s][info ][safepoint     ] Total time for which application threads were stopped: 0.0385032 seconds, Stopping threads took: 0.0005281 seconds
[2023-10-18T22:52:33.931+0000][41.043s][info ][gc,stringdedup] Concurrent String Deduplication (41.043s)
[2023-10-18T22:52:33.934+0000][41.046s][info ][gc,stringdedup] Concurrent String Deduplication 245.5K->99128.0B(148.7K) avg 52.2% (41.043s, 41.046s) 2.748ms
[2023-10-18T22:52:33.958+0000][41.070s][debug][safepoint     ] Safepoint synchronization initiated. (87 threads)
[2023-10-18T22:52:33.959+0000][41.071s][info ][safepoint     ] Application time: 0.0281798 seconds
[2023-10-18T22:52:33.960+0000][41.071s][info ][safepoint     ] Entering safepoint region: Deoptimize
[2023-10-18T22:52:33.962+0000][41.074s][info ][safepoint     ] Leaving safepoint region
[2023-10-18T22:52:33.962+0000][41.074s][info ][safepoint     ] Total time for which application threads were stopped: 0.0028496 seconds, Stopping threads took: 0.0004478 seconds
[2023-10-18T22:52:34.303+0000][41.415s][debug][safepoint     ] Safepoint synchronization initiated. (89 threads)
[2023-10-18T22:52:34.304+0000][41.416s][info ][safepoint     ] Application time: 0.3413356 seconds
[2023-10-18T22:52:34.305+0000][41.417s][debug][safepoint     ] ... found polling page return exception at pc = 0x00007f38a98876cd, stub =0x00007f38a8840600
[2023-10-18T22:52:34.305+0000][41.417s][debug][safepoint     ] Waiting for 2 thread(s) to block
[2023-10-18T22:52:34.306+0000][41.418s][info ][safepoint     ] Entering safepoint region: ICBufferFull
[2023-10-18T22:52:34.307+0000][41.419s][info ][safepoint     ] Leaving safepoint region
[2023-10-18T22:52:34.308+0000][41.420s][info ][safepoint     ] Total time for which application threads were stopped: 0.0029014 seconds, Stopping threads took: 0.0019912 seconds
[2023-10-18T22:52:34.407+0000][41.519s][debug][safepoint     ] Safepoint synchronization initiated. (90 threads)
[2023-10-18T22:52:34.408+0000][41.520s][info ][safepoint     ] Application time: 0.0999075 seconds
[2023-10-18T22:52:34.409+0000][41.521s][debug][safepoint     ] ... found polling page loop exception at pc = 0x00007f38b057e9db, stub =0x00007f38a8843680
[2023-10-18T22:52:34.409+0000][41.521s][debug][safepoint     ] Waiting for 1 thread(s) to block
[2023-10-18T22:52:34.410+0000][41.522s][info ][safepoint     ] Entering safepoint region: Deoptimize
[2023-10-18T22:52:34.413+0000][41.525s][info ][safepoint     ] Leaving safepoint region
[2023-10-18T22:52:34.413+0000][41.525s][info ][safepoint     ] Total time for which application threads were stopped: 0.0045967 seconds, Stopping threads took: 0.0016527 seconds
[2023-10-18T22:52:35.218+0000][42.330s][debug][safepoint     ] Safepoint synchronization initiated. (92 threads)
[2023-10-18T22:52:35.218+0000][42.330s][info ][safepoint     ] Application time: 0.8043408 seconds
[2023-10-18T22:52:35.219+0000][42.331s][info ][safepoint     ] Entering safepoint region: ICBufferFull
[2023-10-18T22:52:35.220+0000][42.332s][info ][safepoint     ] Leaving safepoint region
[2023-10-18T22:52:35.220+0000][42.332s][info ][safepoint     ] Total time for which application threads were stopped: 0.0013104 seconds, Stopping threads took: 0.0005397 seconds
[2023-10-18T22:52:35.282+0000][42.394s][debug][safepoint     ] Safepoint synchronization initiated. (92 threads)
[2023-10-18T22:52:35.283+0000][42.395s][info ][safepoint     ] Application time: 0.0624185 seconds
[2023-10-18T22:52:35.284+0000][42.395s][info ][safepoint     ] Entering safepoint region: G1CollectForAllocation
[2023-10-18T22:52:35.284+0000][42.396s][info ][gc,start      ] GC(55) Pause Young (Normal) (G1 Evacuation Pause)
[2023-10-18T22:52:35.285+0000][42.397s][info ][gc,task       ] GC(55) Using 8 workers of 8 for evacuation
[2023-10-18T22:52:35.314+0000][42.426s][info ][gc,phases     ] GC(55)   Pre Evacuate Collection Set: 0.1ms
[2023-10-18T22:52:35.315+0000][42.427s][info ][gc,phases     ] GC(55)   Evacuate Collection Set: 24.9ms
[2023-10-18T22:52:35.316+0000][42.427s][info ][gc,phases     ] GC(55)   Post Evacuate Collection Set: 4.2ms
[2023-10-18T22:52:35.316+0000][42.428s][info ][gc,phases     ] GC(55)   Other: 1.0ms
[2023-10-18T22:52:35.317+0000][42.428s][info ][gc,heap       ] GC(55) Eden regions: 207->0(197)
[2023-10-18T22:52:35.317+0000][42.429s][info ][gc,heap       ] GC(55) Survivor regions: 18->21(29)
[2023-10-18T22:52:35.317+0000][42.429s][info ][gc,heap       ] GC(55) Old regions: 111->115
[2023-10-18T22:52:35.318+0000][42.430s][info ][gc,heap       ] GC(55) Humongous regions: 0->0
[2023-10-18T22:52:35.318+0000][42.430s][info ][gc,metaspace  ] GC(55) Metaspace: 151239K(155984K)->151239K(155984K) NonClass: 133445K(136400K)->133445K(136400K) Class: 17794K(19584K)->17794K(19584K)
[2023-10-18T22:52:35.319+0000][42.431s][info ][gc            ] GC(55) Pause Young (Normal) (G1 Evacuation Pause) 333M->133M(394M) 34.521ms
[2023-10-18T22:52:35.319+0000][42.431s][info ][gc,cpu        ] GC(55) User=0.25s Sys=0.00s Real=0.04s
[2023-10-18T22:52:35.320+0000][42.432s][info ][safepoint     ] Leaving safepoint region
[2023-10-18T22:52:35.320+0000][42.432s][info ][safepoint     ] Total time for which application threads were stopped: 0.0366642 seconds, Stopping threads took: 0.0004250 seconds
[2023-10-18T22:52:35.321+0000][42.433s][info ][gc,stringdedup] Concurrent String Deduplication (42.433s)
[2023-10-18T22:52:35.324+0000][42.436s][info ][gc,stringdedup] Concurrent String Deduplication 203.1K->86192.0B(118.9K) avg 52.3% (42.433s, 42.436s) 3.128ms
[2023-10-18T22:52:36.019+0000][43.131s][debug][safepoint     ] Safepoint synchronization initiated. (93 threads)
[2023-10-18T22:52:36.020+0000][43.131s][info ][safepoint     ] Application time: 0.6989020 seconds
[2023-10-18T22:52:36.020+0000][43.132s][info ][safepoint     ] Entering safepoint region: ICBufferFull
[2023-10-18T22:52:36.021+0000][43.133s][info ][safepoint     ] Leaving safepoint region
[2023-10-18T22:52:36.022+0000][43.133s][info ][safepoint     ] Total time for which application threads were stopped: 0.0014198 seconds, Stopping threads took: 0.0006239 seconds
[2023-10-18T22:52:36.209+0000][43.321s][debug][safepoint     ] Safepoint synchronization initiated. (93 threads)
[2023-10-18T22:52:36.210+0000][43.322s][info ][safepoint     ] Application time: 0.1877980 seconds
[2023-10-18T22:52:36.210+0000][43.322s][info ][safepoint     ] Entering safepoint region: G1CollectForAllocation
[2023-10-18T22:52:36.211+0000][43.323s][info ][gc,start      ] GC(56) Pause Young (Normal) (G1 Evacuation Pause)
[2023-10-18T22:52:36.211+0000][43.323s][info ][gc,task       ] GC(56) Using 8 workers of 8 for evacuation
[2023-10-18T22:52:36.236+0000][43.348s][info ][gc,phases     ] GC(56)   Pre Evacuate Collection Set: 0.0ms
[2023-10-18T22:52:36.237+0000][43.349s][info ][gc,phases     ] GC(56)   Evacuate Collection Set: 20.8ms
[2023-10-18T22:52:36.237+0000][43.349s][info ][gc,phases     ] GC(56)   Post Evacuate Collection Set: 3.5ms
[2023-10-18T22:52:36.238+0000][43.350s][info ][gc,phases     ] GC(56)   Other: 1.1ms
[2023-10-18T22:52:36.238+0000][43.350s][info ][gc,heap       ] GC(56) Eden regions: 197->0(197)
[2023-10-18T22:52:36.238+0000][43.350s][info ][gc,heap       ] GC(56) Survivor regions: 21->18(28)
[2023-10-18T22:52:36.239+0000][43.351s][info ][gc,heap       ] GC(56) Old regions: 115->121
[2023-10-18T22:52:36.239+0000][43.351s][info ][gc,heap       ] GC(56) Humongous regions: 0->0
[2023-10-18T22:52:36.240+0000][43.352s][info ][gc,metaspace  ] GC(56) Metaspace: 151735K(156240K)->151735K(156240K) NonClass: 133894K(136656K)->133894K(136656K) Class: 17840K(19584K)->17840K(19584K)
[2023-10-18T22:52:36.240+0000][43.352s][info ][gc            ] GC(56) Pause Young (Normal) (G1 Evacuation Pause) 330M->137M(394M) 29.152ms
[2023-10-18T22:52:36.241+0000][43.352s][info ][gc,cpu        ] GC(56) User=0.20s Sys=0.00s Real=0.03s
[2023-10-18T22:52:36.241+0000][43.353s][info ][safepoint     ] Leaving safepoint region
[2023-10-18T22:52:36.241+0000][43.353s][info ][safepoint     ] Total time for which application threads were stopped: 0.0311057 seconds, Stopping threads took: 0.0005012 seconds
[2023-10-18T22:52:36.242+0000][43.354s][info ][gc,stringdedup] Concurrent String Deduplication (43.354s)
[2023-10-18T22:52:36.247+0000][43.359s][info ][gc,stringdedup] Concurrent String Deduplication 570.5K->129.8K(440.7K) avg 53.1% (43.354s, 43.359s) 5.683ms
[2023-10-18T22:52:36.890+0000][44.002s][debug][safepoint     ] Safepoint synchronization initiated. (93 threads)
[2023-10-18T22:52:36.890+0000][44.002s][info ][safepoint     ] Application time: 0.6487982 seconds
[2023-10-18T22:52:36.891+0000][44.003s][info ][safepoint     ] Entering safepoint region: G1CollectForAllocation
[2023-10-18T22:52:36.892+0000][44.003s][info ][gc,start      ] GC(57) Pause Young (Normal) (G1 Evacuation Pause)
[2023-10-18T22:52:36.892+0000][44.004s][info ][gc,task       ] GC(57) Using 8 workers of 8 for evacuation
[2023-10-18T22:52:36.919+0000][44.031s][info ][gc,phases     ] GC(57)   Pre Evacuate Collection Set: 0.0ms
[2023-10-18T22:52:36.920+0000][44.032s][info ][gc,phases     ] GC(57)   Evacuate Collection Set: 22.9ms
[2023-10-18T22:52:36.920+0000][44.032s][info ][gc,phases     ] GC(57)   Post Evacuate Collection Set: 3.9ms
[2023-10-18T22:52:36.921+0000][44.033s][info ][gc,phases     ] GC(57)   Other: 1.0ms
[2023-10-18T22:52:36.921+0000][44.033s][info ][gc,heap       ] GC(57) Eden regions: 197->0(198)
[2023-10-18T22:52:36.922+0000][44.033s][info ][gc,heap       ] GC(57) Survivor regions: 18->13(27)
[2023-10-18T22:52:36.922+0000][44.034s][info ][gc,heap       ] GC(57) Old regions: 121->128
[2023-10-18T22:52:36.922+0000][44.034s][info ][gc,heap       ] GC(57) Humongous regions: 0->0
[2023-10-18T22:52:36.923+0000][44.035s][info ][gc,metaspace  ] GC(57) Metaspace: 151884K(156624K)->151884K(156624K) NonClass: 134032K(136912K)->134032K(136912K) Class: 17852K(19712K)->17852K(19712K)
[2023-10-18T22:52:36.923+0000][44.035s][info ][gc            ] GC(57) Pause Young (Normal) (G1 Evacuation Pause) 334M->139M(394M) 31.558ms
[2023-10-18T22:52:36.924+0000][44.035s][info ][gc,cpu        ] GC(57) User=0.21s Sys=0.00s Real=0.03s
[2023-10-18T22:52:36.924+0000][44.036s][info ][safepoint     ] Leaving safepoint region
[2023-10-18T22:52:36.924+0000][44.036s][info ][safepoint     ] Total time for which application threads were stopped: 0.0335136 seconds, Stopping threads took: 0.0004175 seconds
[2023-10-18T22:52:36.925+0000][44.037s][info ][gc,stringdedup] Concurrent String Deduplication (44.037s)
[2023-10-18T22:52:36.932+0000][44.044s][info ][gc,stringdedup] Concurrent String Deduplication 555.5K->210.3K(345.2K) avg 53.3% (44.037s, 44.044s) 7.026ms
[2023-10-18T22:52:37.517+0000][44.629s][debug][safepoint     ] Safepoint synchronization initiated. (93 threads)
[2023-10-18T22:52:37.518+0000][44.630s][info ][safepoint     ] Application time: 0.5929929 seconds
[2023-10-18T22:52:37.518+0000][44.630s][debug][safepoint     ] Waiting for 1 thread(s) to block
[2023-10-18T22:52:37.519+0000][44.631s][info ][safepoint     ] Entering safepoint region: G1CollectForAllocation
[2023-10-18T22:52:37.520+0000][44.632s][info ][gc,start      ] GC(58) Pause Young (Normal) (G1 Evacuation Pause)
[2023-10-18T22:52:37.520+0000][44.632s][info ][gc,task       ] GC(58) Using 8 workers of 8 for evacuation
[2023-10-18T22:52:37.537+0000][44.648s][info ][gc,phases     ] GC(58)   Pre Evacuate Collection Set: 0.0ms
[2023-10-18T22:52:37.537+0000][44.649s][info ][gc,phases     ] GC(58)   Evacuate Collection Set: 12.1ms
[2023-10-18T22:52:37.538+0000][44.649s][info ][gc,phases     ] GC(58)   Post Evacuate Collection Set: 3.5ms
[2023-10-18T22:52:37.538+0000][44.650s][info ][gc,phases     ] GC(58)   Other: 1.2ms
[2023-10-18T22:52:37.538+0000][44.650s][info ][gc,heap       ] GC(58) Eden regions: 198->0(196)
[2023-10-18T22:52:37.539+0000][44.651s][info ][gc,heap       ] GC(58) Survivor regions: 13->15(27)
[2023-10-18T22:52:37.539+0000][44.651s][info ][gc,heap       ] GC(58) Old regions: 128->128
[2023-10-18T22:52:37.540+0000][44.652s][info ][gc,heap       ] GC(58) Humongous regions: 0->0
[2023-10-18T22:52:37.540+0000][44.652s][info ][gc,metaspace  ] GC(58) Metaspace: 152009K(156624K)->152009K(156624K) NonClass: 134154K(136912K)->134154K(136912K) Class: 17854K(19712K)->17854K(19712K)
[2023-10-18T22:52:37.541+0000][44.653s][info ][gc            ] GC(58) Pause Young (Normal) (G1 Evacuation Pause) 337M->141M(394M) 20.892ms
[2023-10-18T22:52:37.541+0000][44.653s][info ][gc,cpu        ] GC(58) User=0.12s Sys=0.01s Real=0.02s
[2023-10-18T22:52:37.542+0000][44.654s][info ][safepoint     ] Leaving safepoint region
[2023-10-18T22:52:37.542+0000][44.654s][info ][safepoint     ] Total time for which application threads were stopped: 0.0239583 seconds, Stopping threads took: 0.0012736 seconds
[2023-10-18T22:52:37.543+0000][44.655s][info ][gc,stringdedup] Concurrent String Deduplication (44.655s)
[2023-10-18T22:52:37.548+0000][44.659s][info ][gc,stringdedup] Concurrent String Deduplication 399.2K->149.8K(249.4K) avg 53.5% (44.655s, 44.659s) 4.922ms
[2023-10-18T22:52:38.184+0000][45.296s][debug][safepoint     ] Safepoint synchronization initiated. (93 threads)
[2023-10-18T22:52:38.185+0000][45.297s][info ][safepoint     ] Application time: 0.6422025 seconds
[2023-10-18T22:52:38.185+0000][45.297s][info ][safepoint     ] Entering safepoint region: G1CollectForAllocation
[2023-10-18T22:52:38.186+0000][45.298s][info ][gc,start      ] GC(59) Pause Young (Normal) (G1 Evacuation Pause)
[2023-10-18T22:52:38.186+0000][45.298s][info ][gc,task       ] GC(59) Using 8 workers of 8 for evacuation
[2023-10-18T22:52:38.201+0000][45.313s][info ][gc,phases     ] GC(59)   Pre Evacuate Collection Set: 0.0ms
[2023-10-18T22:52:38.202+0000][45.313s][info ][gc,phases     ] GC(59)   Evacuate Collection Set: 11.2ms
[2023-10-18T22:52:38.202+0000][45.314s][info ][gc,phases     ] GC(59)   Post Evacuate Collection Set: 2.9ms
[2023-10-18T22:52:38.202+0000][45.314s][info ][gc,phases     ] GC(59)   Other: 1.0ms
[2023-10-18T22:52:38.203+0000][45.315s][info ][gc,heap       ] GC(59) Eden regions: 196->0(194)
[2023-10-18T22:52:38.203+0000][45.315s][info ][gc,heap       ] GC(59) Survivor regions: 15->13(27)
[2023-10-18T22:52:38.204+0000][45.316s][info ][gc,heap       ] GC(59) Old regions: 128->134
[2023-10-18T22:52:38.204+0000][45.316s][info ][gc,heap       ] GC(59) Humongous regions: 0->0
[2023-10-18T22:52:38.205+0000][45.316s][info ][gc,metaspace  ] GC(59) Metaspace: 152220K(156880K)->152220K(156880K) NonClass: 134344K(137168K)->134344K(137168K) Class: 17876K(19712K)->17876K(19712K)
[2023-10-18T22:52:38.205+0000][45.317s][info ][gc            ] GC(59) Pause Young (Normal) (G1 Evacuation Pause) 337M->144M(394M) 19.039ms
[2023-10-18T22:52:38.205+0000][45.317s][info ][gc,cpu        ] GC(59) User=0.10s Sys=0.00s Real=0.01s
[2023-10-18T22:52:38.206+0000][45.318s][info ][safepoint     ] Leaving safepoint region
[2023-10-18T22:52:38.206+0000][45.318s][info ][safepoint     ] Total time for which application threads were stopped: 0.0210386 seconds, Stopping threads took: 0.0004633 seconds
[2023-10-18T22:52:38.207+0000][45.319s][info ][gc,stringdedup] Concurrent String Deduplication (45.319s)
[2023-10-18T22:52:38.209+0000][45.321s][info ][gc,stringdedup] Concurrent String Deduplication 315.5K->97392.0B(220.3K) avg 53.8% (45.319s, 45.321s) 2.387ms
[2023-10-18T22:52:38.769+0000][45.881s][debug][safepoint     ] Safepoint synchronization initiated. (94 threads)
[2023-10-18T22:52:38.770+0000][45.882s][info ][safepoint     ] Application time: 0.5632389 seconds
[2023-10-18T22:52:38.770+0000][45.882s][info ][safepoint     ] Entering safepoint region: G1CollectForAllocation
[2023-10-18T22:52:38.771+0000][45.883s][info ][gc,start      ] GC(60) Pause Young (Normal) (G1 Evacuation Pause)
[2023-10-18T22:52:38.771+0000][45.883s][info ][gc,task       ] GC(60) Using 8 workers of 8 for evacuation
[2023-10-18T22:52:38.785+0000][45.897s][info ][gc,phases     ] GC(60)   Pre Evacuate Collection Set: 0.0ms
[2023-10-18T22:52:38.786+0000][45.897s][info ][gc,phases     ] GC(60)   Evacuate Collection Set: 9.9ms
[2023-10-18T22:52:38.786+0000][45.898s][info ][gc,phases     ] GC(60)   Post Evacuate Collection Set: 3.3ms
[2023-10-18T22:52:38.786+0000][45.898s][info ][gc,phases     ] GC(60)   Other: 0.9ms
[2023-10-18T22:52:38.787+0000][45.899s][info ][gc,heap       ] GC(60) Eden regions: 194->0(192)
[2023-10-18T22:52:38.787+0000][45.899s][info ][gc,heap       ] GC(60) Survivor regions: 13->14(26)
[2023-10-18T22:52:38.788+0000][45.899s][info ][gc,heap       ] GC(60) Old regions: 134->134
[2023-10-18T22:52:38.788+0000][45.900s][info ][gc,heap       ] GC(60) Humongous regions: 0->0
[2023-10-18T22:52:38.788+0000][45.900s][info ][gc,metaspace  ] GC(60) Metaspace: 152339K(157136K)->152339K(157136K) NonClass: 134439K(137424K)->134439K(137424K) Class: 17899K(19712K)->17899K(19712K)
[2023-10-18T22:52:38.789+0000][45.901s][info ][gc            ] GC(60) Pause Young (Normal) (G1 Evacuation Pause) 338M->145M(394M) 17.775ms
[2023-10-18T22:52:38.789+0000][45.901s][info ][gc,cpu        ] GC(60) User=0.10s Sys=0.00s Real=0.02s
[2023-10-18T22:52:38.790+0000][45.901s][info ][safepoint     ] Leaving safepoint region
[2023-10-18T22:52:38.790+0000][45.902s][info ][safepoint     ] Total time for which application threads were stopped: 0.0197345 seconds, Stopping threads took: 0.0003753 seconds
[2023-10-18T22:52:38.790+0000][45.902s][info ][gc,stringdedup] Concurrent String Deduplication (45.902s)
[2023-10-18T22:52:38.793+0000][45.905s][info ][gc,stringdedup] Concurrent String Deduplication 246.9K->88128.0B(160.8K) avg 54.0% (45.902s, 45.905s) 2.724ms
[2023-10-18T22:52:39.380+0000][46.494s][debug][safepoint     ] Safepoint synchronization initiated. (95 threads)
[2023-10-18T22:52:39.381+0000][46.495s][info ][safepoint     ] Application time: 0.5924927 seconds
[2023-10-18T22:52:39.382+0000][46.495s][debug][safepoint     ] ... found polling page return exception at pc = 0x00007f38b05040e8, stub =0x00007f38a8840600
[2023-10-18T22:52:39.382+0000][46.496s][debug][safepoint     ] Waiting for 1 thread(s) to block
[2023-10-18T22:52:39.383+0000][46.496s][info ][safepoint     ] Entering safepoint region: G1CollectForAllocation
[2023-10-18T22:52:39.384+0000][46.497s][info ][gc,start      ] GC(61) Pause Young (Normal) (G1 Evacuation Pause)
[2023-10-18T22:52:39.384+0000][46.498s][info ][gc,task       ] GC(61) Using 8 workers of 8 for evacuation
[2023-10-18T22:52:39.408+0000][46.521s][info ][gc,phases     ] GC(61)   Pre Evacuate Collection Set: 0.0ms
[2023-10-18T22:52:39.408+0000][46.522s][info ][gc,phases     ] GC(61)   Evacuate Collection Set: 19.1ms
[2023-10-18T22:52:39.409+0000][46.522s][info ][gc,phases     ] GC(61)   Post Evacuate Collection Set: 4.0ms
[2023-10-18T22:52:39.409+0000][46.523s][info ][gc,phases     ] GC(61)   Other: 1.2ms
[2023-10-18T22:52:39.410+0000][46.523s][info ][gc,heap       ] GC(61) Eden regions: 192->0(188)
[2023-10-18T22:52:39.410+0000][46.524s][info ][gc,heap       ] GC(61) Survivor regions: 14->16(26)
[2023-10-18T22:52:39.410+0000][46.524s][info ][gc,heap       ] GC(61) Old regions: 134->134
[2023-10-18T22:52:39.411+0000][46.524s][info ][gc,heap       ] GC(61) Humongous regions: 0->0
[2023-10-18T22:52:39.411+0000][46.525s][info ][gc,metaspace  ] GC(61) Metaspace: 152760K(157392K)->152760K(157392K) NonClass: 134812K(137680K)->134812K(137680K) Class: 17948K(19712K)->17948K(19712K)
[2023-10-18T22:52:39.412+0000][46.525s][info ][gc            ] GC(61) Pause Young (Normal) (G1 Evacuation Pause) 337M->147M(394M) 28.039ms
[2023-10-18T22:52:39.412+0000][46.526s][info ][gc,cpu        ] GC(61) User=0.19s Sys=0.00s Real=0.03s
[2023-10-18T22:52:39.412+0000][46.526s][info ][safepoint     ] Leaving safepoint region
[2023-10-18T22:52:39.413+0000][46.527s][info ][safepoint     ] Total time for which application threads were stopped: 0.0312909 seconds, Stopping threads took: 0.0016102 seconds
[2023-10-18T22:52:39.413+0000][46.527s][info ][gc,stringdedup] Concurrent String Deduplication (46.527s)
[2023-10-18T22:52:39.417+0000][46.530s][info ][gc,stringdedup] Concurrent String Deduplication 319.2K->99984.0B(221.6K) avg 54.2% (46.527s, 46.530s) 3.175ms
[2023-10-18T22:52:39.989+0000][47.103s][debug][safepoint     ] Safepoint synchronization initiated. (95 threads)
[2023-10-18T22:52:39.990+0000][47.104s][info ][safepoint     ] Application time: 0.5767962 seconds
[2023-10-18T22:52:39.991+0000][47.104s][info ][safepoint     ] Entering safepoint region: G1CollectForAllocation
[2023-10-18T22:52:39.992+0000][47.105s][info ][gc,start      ] GC(62) Pause Young (Normal) (G1 Evacuation Pause)
[2023-10-18T22:52:39.992+0000][47.106s][info ][gc,task       ] GC(62) Using 8 workers of 8 for evacuation
[2023-10-18T22:52:40.011+0000][47.125s][info ][gc,phases     ] GC(62)   Pre Evacuate Collection Set: 0.0ms
[2023-10-18T22:52:40.012+0000][47.126s][info ][gc,phases     ] GC(62)   Evacuate Collection Set: 14.4ms
[2023-10-18T22:52:40.012+0000][47.126s][info ][gc,phases     ] GC(62)   Post Evacuate Collection Set: 4.2ms
[2023-10-18T22:52:40.013+0000][47.127s][info ][gc,phases     ] GC(62)   Other: 1.2ms
[2023-10-18T22:52:40.013+0000][47.127s][info ][gc,heap       ] GC(62) Eden regions: 188->0(184)
[2023-10-18T22:52:40.014+0000][47.127s][info ][gc,heap       ] GC(62) Survivor regions: 16->14(26)
[2023-10-18T22:52:40.014+0000][47.128s][info ][gc,heap       ] GC(62) Old regions: 134->137
[2023-10-18T22:52:40.015+0000][47.128s][info ][gc,heap       ] GC(62) Humongous regions: 5->5
[2023-10-18T22:52:40.015+0000][47.129s][info ][gc,metaspace  ] GC(62) Metaspace: 153885K(158672K)->153885K(158672K) NonClass: 135800K(138704K)->135800K(138704K) Class: 18085K(19968K)->18085K(19968K)
[2023-10-18T22:52:40.016+0000][47.129s][info ][gc            ] GC(62) Pause Young (Normal) (G1 Evacuation Pause) 340M->153M(394M) 24.013ms
[2023-10-18T22:52:40.016+0000][47.130s][info ][gc,cpu        ] GC(62) User=0.17s Sys=0.00s Real=0.03s
[2023-10-18T22:52:40.016+0000][47.130s][info ][safepoint     ] Leaving safepoint region
[2023-10-18T22:52:40.017+0000][47.130s][info ][safepoint     ] Total time for which application threads were stopped: 0.0261598 seconds, Stopping threads took: 0.0005293 seconds
[2023-10-18T22:52:40.017+0000][47.131s][info ][gc,stringdedup] Concurrent String Deduplication (47.131s)
[2023-10-18T22:52:40.020+0000][47.134s][info ][gc,stringdedup] Concurrent String Deduplication 189.1K->71360.0B(119.5K) avg 54.3% (47.131s, 47.134s) 2.897ms
[2023-10-18T22:52:40.663+0000][47.776s][debug][safepoint     ] Safepoint synchronization initiated. (103 threads)
[2023-10-18T22:52:40.663+0000][47.777s][info ][safepoint     ] Application time: 0.6462896 seconds
[2023-10-18T22:52:40.664+0000][47.778s][info ][safepoint     ] Entering safepoint region: Deoptimize
[2023-10-18T22:52:40.667+0000][47.781s][info ][safepoint     ] Leaving safepoint region
[2023-10-18T22:52:40.668+0000][47.781s][info ][safepoint     ] Total time for which application threads were stopped: 0.0037584 seconds, Stopping threads took: 0.0005550 seconds
[2023-10-18T22:52:40.681+0000][47.794s][debug][safepoint     ] Safepoint synchronization initiated. (104 threads)
[2023-10-18T22:52:40.681+0000][47.795s][info ][safepoint     ] Application time: 0.0129403 seconds
[2023-10-18T22:52:40.682+0000][47.796s][debug][safepoint     ] ... found polling page loop exception at pc = 0x00007f38b05732dd, stub =0x00007f38a8843680
[2023-10-18T22:52:40.683+0000][47.796s][debug][safepoint     ] Waiting for 1 thread(s) to block
[2023-10-18T22:52:40.683+0000][47.797s][info ][safepoint     ] Entering safepoint region: G1CollectForAllocation
[2023-10-18T22:52:40.684+0000][47.798s][info ][gc,start      ] GC(63) Pause Young (Normal) (G1 Evacuation Pause)
[2023-10-18T22:52:40.685+0000][47.798s][info ][gc,task       ] GC(63) Using 8 workers of 8 for evacuation
[2023-10-18T22:52:40.701+0000][47.815s][info ][gc,phases     ] GC(63)   Pre Evacuate Collection Set: 0.0ms
[2023-10-18T22:52:40.702+0000][47.815s][info ][gc,phases     ] GC(63)   Evacuate Collection Set: 11.9ms
[2023-10-18T22:52:40.702+0000][47.816s][info ][gc,phases     ] GC(63)   Post Evacuate Collection Set: 3.8ms
[2023-10-18T22:52:40.703+0000][47.816s][info ][gc,phases     ] GC(63)   Other: 1.4ms
[2023-10-18T22:52:40.703+0000][47.817s][info ][gc,heap       ] GC(63) Eden regions: 184->0(182)
[2023-10-18T22:52:40.704+0000][47.817s][info ][gc,heap       ] GC(63) Survivor regions: 14->15(25)
[2023-10-18T22:52:40.704+0000][47.818s][info ][gc,heap       ] GC(63) Old regions: 137->137
[2023-10-18T22:52:40.705+0000][47.818s][info ][gc,heap       ] GC(63) Humongous regions: 5->5
[2023-10-18T22:52:40.705+0000][47.819s][info ][gc,metaspace  ] GC(63) Metaspace: 155220K(159952K)->155220K(159952K) NonClass: 137008K(139984K)->137008K(139984K) Class: 18211K(19968K)->18211K(19968K)
[2023-10-18T22:52:40.706+0000][47.819s][info ][gc            ] GC(63) Pause Young (Normal) (G1 Evacuation Pause) 337M->154M(394M) 21.448ms
[2023-10-18T22:52:40.706+0000][47.820s][info ][gc,cpu        ] GC(63) User=0.12s Sys=0.00s Real=0.02s
[2023-10-18T22:52:40.707+0000][47.820s][info ][safepoint     ] Leaving safepoint region
[2023-10-18T22:52:40.707+0000][47.821s][info ][safepoint     ] Total time for which application threads were stopped: 0.0249007 seconds, Stopping threads took: 0.0018140 seconds
[2023-10-18T22:52:40.708+0000][47.821s][info ][gc,stringdedup] Concurrent String Deduplication (47.821s)
[2023-10-18T22:52:40.709+0000][47.823s][info ][gc,stringdedup] Concurrent String Deduplication 159.8K->66848.0B(96792.0B) avg 54.3% (47.821s, 47.823s) 1.779ms
[2023-10-18T22:52:41.006+0000][48.120s][debug][safepoint     ] Safepoint synchronization initiated. (138 threads)
[2023-10-18T22:52:41.007+0000][48.120s][info ][safepoint     ] Application time: 0.2993705 seconds
[2023-10-18T22:52:41.007+0000][48.121s][debug][safepoint     ] ... found polling page loop exception at pc = 0x00007f38b09b7959, stub =0x00007f38a8843680
[2023-10-18T22:52:41.008+0000][48.122s][debug][safepoint     ] Waiting for 2 thread(s) to block
[2023-10-18T22:52:41.009+0000][48.122s][info ][safepoint     ] Entering safepoint region: ICBufferFull
[2023-10-18T22:52:41.009+0000][48.123s][info ][safepoint     ] Leaving safepoint region
[2023-10-18T22:52:41.010+0000][48.124s][info ][safepoint     ] Total time for which application threads were stopped: 0.0024868 seconds, Stopping threads took: 0.0016077 seconds
[2023-10-18T22:52:41.187+0000][48.301s][debug][safepoint     ] Safepoint synchronization initiated. (142 threads)
[2023-10-18T22:52:41.189+0000][48.302s][info ][safepoint     ] Application time: 0.1781254 seconds
[2023-10-18T22:52:41.189+0000][48.303s][debug][safepoint     ] Waiting for 1 thread(s) to block
[2023-10-18T22:52:41.190+0000][48.304s][info ][safepoint     ] Entering safepoint region: Deoptimize
[2023-10-18T22:52:41.194+0000][48.308s][info ][safepoint     ] Leaving safepoint region
[2023-10-18T22:52:41.195+0000][48.309s][info ][safepoint     ] Total time for which application threads were stopped: 0.0061640 seconds, Stopping threads took: 0.0014295 seconds
[2023-10-18T22:52:41.340+0000][48.453s][debug][safepoint     ] Safepoint synchronization initiated. (148 threads)
[2023-10-18T22:52:41.341+0000][48.454s][info ][safepoint     ] Application time: 0.1444537 seconds
[2023-10-18T22:52:41.341+0000][48.455s][debug][safepoint     ] ... found polling page return exception at pc = 0x00007f38a93b8cb4, stub =0x00007f38a8840600
[2023-10-18T22:52:41.342+0000][48.456s][debug][safepoint     ] Waiting for 2 thread(s) to block
[2023-10-18T22:52:41.344+0000][48.457s][info ][safepoint     ] Entering safepoint region: Deoptimize
[2023-10-18T22:52:41.347+0000][48.461s][info ][safepoint     ] Leaving safepoint region
[2023-10-18T22:52:41.348+0000][48.461s][info ][safepoint     ] Total time for which application threads were stopped: 0.0062752 seconds, Stopping threads took: 0.0028460 seconds
[2023-10-18T22:52:41.392+0000][48.506s][debug][safepoint     ] Safepoint synchronization initiated. (148 threads)
[2023-10-18T22:52:41.393+0000][48.506s][info ][safepoint     ] Application time: 0.0444604 seconds
[2023-10-18T22:52:41.393+0000][48.507s][debug][safepoint     ] ... found polling page return exception at pc = 0x00007f38b0365c37, stub =0x00007f38a8840600
[2023-10-18T22:52:41.394+0000][48.508s][debug][safepoint     ] Waiting for 1 thread(s) to block
[2023-10-18T22:52:41.395+0000][48.508s][info ][safepoint     ] Entering safepoint region: Deoptimize
[2023-10-18T22:52:41.398+0000][48.511s][info ][safepoint     ] Leaving safepoint region
[2023-10-18T22:52:41.398+0000][48.512s][info ][safepoint     ] Total time for which application threads were stopped: 0.0049777 seconds, Stopping threads took: 0.0019163 seconds
[2023-10-18T22:52:41.417+0000][48.531s][debug][safepoint     ] Safepoint synchronization initiated. (148 threads)
[2023-10-18T22:52:41.418+0000][48.531s][info ][safepoint     ] Application time: 0.0191813 seconds
[2023-10-18T22:52:41.419+0000][48.533s][debug][safepoint     ] Waiting for 1 thread(s) to block
[2023-10-18T22:52:41.420+0000][48.533s][info ][safepoint     ] Entering safepoint region: Deoptimize
[2023-10-18T22:52:41.423+0000][48.536s][info ][safepoint     ] Leaving safepoint region
[2023-10-18T22:52:41.424+0000][48.537s][info ][safepoint     ] Total time for which application threads were stopped: 0.0046099 seconds, Stopping threads took: 0.0013861 seconds
[2023-10-18T22:52:41.425+0000][48.539s][debug][safepoint     ] Safepoint synchronization initiated. (148 threads)
[2023-10-18T22:52:41.426+0000][48.540s][info ][safepoint     ] Application time: 0.0016600 seconds
[2023-10-18T22:52:41.427+0000][48.540s][debug][safepoint     ] Waiting for 1 thread(s) to block
[2023-10-18T22:52:41.427+0000][48.541s][info ][safepoint     ] Entering safepoint region: Deoptimize
[2023-10-18T22:52:41.430+0000][48.543s][info ][safepoint     ] Leaving safepoint region
[2023-10-18T22:52:41.430+0000][48.544s][info ][safepoint     ] Total time for which application threads were stopped: 0.0038118 seconds, Stopping threads took: 0.0010672 seconds
[2023-10-18T22:52:41.435+0000][48.549s][debug][safepoint     ] Safepoint synchronization initiated. (148 threads)
[2023-10-18T22:52:41.436+0000][48.549s][info ][safepoint     ] Application time: 0.0049077 seconds
[2023-10-18T22:52:41.436+0000][48.550s][debug][safepoint     ] Waiting for 1 thread(s) to block
[2023-10-18T22:52:41.438+0000][48.551s][info ][safepoint     ] Entering safepoint region: Deoptimize
[2023-10-18T22:52:41.440+0000][48.554s][info ][safepoint     ] Leaving safepoint region
[2023-10-18T22:52:41.441+0000][48.555s][info ][safepoint     ] Total time for which application threads were stopped: 0.0047713 seconds, Stopping threads took: 0.0020912 seconds
[2023-10-18T22:52:41.521+0000][48.634s][debug][safepoint     ] Safepoint synchronization initiated. (148 threads)
[2023-10-18T22:52:41.521+0000][48.635s][info ][safepoint     ] Application time: 0.0799058 seconds
[2023-10-18T22:52:41.522+0000][48.635s][info ][safepoint     ] Entering safepoint region: Deoptimize
[2023-10-18T22:52:41.525+0000][48.638s][info ][safepoint     ] Leaving safepoint region
[2023-10-18T22:52:41.525+0000][48.639s][info ][safepoint     ] Total time for which application threads were stopped: 0.0033580 seconds, Stopping threads took: 0.0005240 seconds
[2023-10-18T22:52:41.532+0000][48.646s][debug][safepoint     ] Safepoint synchronization initiated. (148 threads)
[2023-10-18T22:52:41.532+0000][48.646s][info ][safepoint     ] Application time: 0.0068746 seconds
[2023-10-18T22:52:41.533+0000][48.647s][debug][safepoint     ] ... found polling page return exception at pc = 0x00007f38b0343c9d, stub =0x00007f38a8840600
[2023-10-18T22:52:41.533+0000][48.647s][debug][safepoint     ] Waiting for 1 thread(s) to block
[2023-10-18T22:52:41.534+0000][48.648s][info ][safepoint     ] Entering safepoint region: Deoptimize
[2023-10-18T22:52:41.537+0000][48.650s][info ][safepoint     ] Leaving safepoint region
[2023-10-18T22:52:41.537+0000][48.651s][info ][safepoint     ] Total time for which application threads were stopped: 0.0042377 seconds, Stopping threads took: 0.0015171 seconds
[2023-10-18T22:52:41.759+0000][48.872s][debug][safepoint     ] Safepoint synchronization initiated. (150 threads)
[2023-10-18T22:52:41.759+0000][48.873s][info ][safepoint     ] Application time: 0.2218340 seconds
[2023-10-18T22:52:41.760+0000][48.874s][info ][safepoint     ] Entering safepoint region: G1CollectForAllocation
[2023-10-18T22:52:41.761+0000][48.874s][info ][gc,start      ] GC(64) Pause Young (Normal) (G1 Evacuation Pause)
[2023-10-18T22:52:41.761+0000][48.875s][info ][gc,task       ] GC(64) Using 8 workers of 8 for evacuation
[2023-10-18T22:52:41.782+0000][48.896s][info ][gc,phases     ] GC(64)   Pre Evacuate Collection Set: 0.0ms
[2023-10-18T22:52:41.783+0000][48.896s][info ][gc,phases     ] GC(64)   Evacuate Collection Set: 16.5ms
[2023-10-18T22:52:41.783+0000][48.897s][info ][gc,phases     ] GC(64)   Post Evacuate Collection Set: 3.9ms
[2023-10-18T22:52:41.783+0000][48.897s][info ][gc,phases     ] GC(64)   Other: 1.1ms
[2023-10-18T22:52:41.784+0000][48.897s][info ][gc,heap       ] GC(64) Eden regions: 182->0(175)
[2023-10-18T22:52:41.784+0000][48.898s][info ][gc,heap       ] GC(64) Survivor regions: 15->17(25)
[2023-10-18T22:52:41.785+0000][48.898s][info ][gc,heap       ] GC(64) Old regions: 137->140
[2023-10-18T22:52:41.785+0000][48.899s][info ][gc,heap       ] GC(64) Humongous regions: 5->5
[2023-10-18T22:52:41.785+0000][48.899s][info ][gc,metaspace  ] GC(64) Metaspace: 163270K(168656K)->163270K(168656K) NonClass: 144096K(147408K)->144096K(147408K) Class: 19173K(21248K)->19173K(21248K)
[2023-10-18T22:52:41.786+0000][48.900s][info ][gc            ] GC(64) Pause Young (Normal) (G1 Evacuation Pause) 336M->159M(394M) 25.153ms
[2023-10-18T22:52:41.786+0000][48.900s][info ][gc,cpu        ] GC(64) User=0.18s Sys=0.00s Real=0.03s
[2023-10-18T22:52:41.787+0000][48.900s][info ][safepoint     ] Leaving safepoint region
[2023-10-18T22:52:41.787+0000][48.901s][info ][safepoint     ] Total time for which application threads were stopped: 0.0271307 seconds, Stopping threads took: 0.0004834 seconds
[2023-10-18T22:52:41.788+0000][48.901s][info ][gc,stringdedup] Concurrent String Deduplication (48.901s)
[2023-10-18T22:52:41.790+0000][48.904s][info ][gc,stringdedup] Concurrent String Deduplication 190.9K->61000.0B(131.4K) avg 54.5% (48.901s, 48.904s) 2.805ms
[2023-10-18T22:52:42.788+0000][49.901s][debug][safepoint     ] Safepoint synchronization initiated. (177 threads)
[2023-10-18T22:52:42.789+0000][49.902s][info ][safepoint     ] Application time: 1.0013685 seconds
[2023-10-18T22:52:42.790+0000][49.903s][info ][safepoint     ] Entering safepoint region: Cleanup
[2023-10-18T22:52:42.791+0000][49.904s][info ][safepoint     ] Leaving safepoint region
[2023-10-18T22:52:42.791+0000][49.905s][info ][safepoint     ] Total time for which application threads were stopped: 0.0017859 seconds, Stopping threads took: 0.0006539 seconds
[2023-10-18T22:52:43.792+0000][50.906s][debug][safepoint     ] Safepoint synchronization initiated. (177 threads)
[2023-10-18T22:52:43.793+0000][50.907s][info ][safepoint     ] Application time: 1.0011916 seconds
[2023-10-18T22:52:43.794+0000][50.908s][info ][safepoint     ] Entering safepoint region: Cleanup
[2023-10-18T22:52:43.795+0000][50.909s][info ][safepoint     ] Leaving safepoint region
[2023-10-18T22:52:43.796+0000][50.909s][info ][safepoint     ] Total time for which application threads were stopped: 0.0015340 seconds, Stopping threads took: 0.0007350 seconds
[2023-10-18T22:52:44.797+0000][51.910s][debug][safepoint     ] Safepoint synchronization initiated. (177 threads)
[2023-10-18T22:52:44.798+0000][51.911s][info ][safepoint     ] Application time: 1.0013199 seconds
[2023-10-18T22:52:44.799+0000][51.912s][info ][safepoint     ] Entering safepoint region: Cleanup
[2023-10-18T22:52:44.800+0000][51.913s][info ][safepoint     ] Leaving safepoint region
[2023-10-18T22:52:44.801+0000][51.914s][info ][safepoint     ] Total time for which application threads were stopped: 0.0021011 seconds, Stopping threads took: 0.0008916 seconds
[2023-10-18T22:52:45.802+0000][52.915s][debug][safepoint     ] Safepoint synchronization initiated. (178 threads)
[2023-10-18T22:52:45.803+0000][52.916s][info ][safepoint     ] Application time: 1.0013429 seconds
[2023-10-18T22:52:45.804+0000][52.917s][info ][safepoint     ] Entering safepoint region: Cleanup
[2023-10-18T22:52:45.805+0000][52.919s][info ][safepoint     ] Leaving safepoint region
[2023-10-18T22:52:45.806+0000][52.919s][info ][safepoint     ] Total time for which application threads were stopped: 0.0018719 seconds, Stopping threads took: 0.0008767 seconds
[2023-10-18T22:52:45.805+0000][52.919s][debug][safepoint     ] ... found polling page return exception at pc = 0x00007f38b0b84ca4, stub =0x00007f38a8840600
[2023-10-18T22:52:45.805+0000][52.919s][debug][safepoint     ] ... found polling page return exception at pc = 0x00007f38b0b84ca4, stub =0x00007f38a8840600
[2023-10-18T22:52:46.807+0000][53.920s][debug][safepoint     ] Safepoint synchronization initiated. (178 threads)
[2023-10-18T22:52:46.807+0000][53.921s][info ][safepoint     ] Application time: 1.0009759 seconds
[2023-10-18T22:52:46.808+0000][53.921s][info ][safepoint     ] Entering safepoint region: Cleanup
[2023-10-18T22:52:46.809+0000][53.922s][info ][safepoint     ] Leaving safepoint region
[2023-10-18T22:52:46.809+0000][53.923s][info ][safepoint     ] Total time for which application threads were stopped: 0.0013229 seconds, Stopping threads took: 0.0006841 seconds
[2023-10-18T22:52:47.810+0000][54.923s][debug][safepoint     ] Safepoint synchronization initiated. (178 threads)
[2023-10-18T22:52:47.811+0000][54.924s][info ][safepoint     ] Application time: 1.0009826 seconds
[2023-10-18T22:52:47.811+0000][54.925s][info ][safepoint     ] Entering safepoint region: Cleanup
[2023-10-18T22:52:47.812+0000][54.925s][info ][safepoint     ] Leaving safepoint region
[2023-10-18T22:52:47.812+0000][54.926s][info ][safepoint     ] Total time for which application threads were stopped: 0.0011172 seconds, Stopping threads took: 0.0004234 seconds
[2023-10-18T22:52:48.813+0000][55.927s][debug][safepoint     ] Safepoint synchronization initiated. (178 threads)
[2023-10-18T22:52:48.814+0000][55.928s][info ][safepoint     ] Application time: 1.0012439 seconds
[2023-10-18T22:52:48.815+0000][55.928s][info ][safepoint     ] Entering safepoint region: Cleanup
[2023-10-18T22:52:48.816+0000][55.929s][info ][safepoint     ] Leaving safepoint region
[2023-10-18T22:52:48.817+0000][55.930s][info ][safepoint     ] Total time for which application threads were stopped: 0.0017654 seconds, Stopping threads took: 0.0008587 seconds
[2023-10-18T22:52:49.817+0000][56.931s][debug][safepoint     ] Safepoint synchronization initiated. (178 threads)
[2023-10-18T22:52:49.818+0000][56.932s][info ][safepoint     ] Application time: 1.0012421 seconds
[2023-10-18T22:52:49.820+0000][56.933s][info ][safepoint     ] Entering safepoint region: Cleanup
[2023-10-18T22:52:49.821+0000][56.934s][info ][safepoint     ] Leaving safepoint region
[2023-10-18T22:52:49.822+0000][56.935s][info ][safepoint     ] Total time for which application threads were stopped: 0.0022981 seconds, Stopping threads took: 0.0011360 seconds
[2023-10-18T22:52:50.823+0000][57.937s][debug][safepoint     ] Safepoint synchronization initiated. (178 threads)
[2023-10-18T22:52:50.823+0000][57.937s][info ][safepoint     ] Application time: 1.0007851 seconds
[2023-10-18T22:52:50.824+0000][57.938s][info ][safepoint     ] Entering safepoint region: Cleanup
[2023-10-18T22:52:50.825+0000][57.938s][info ][safepoint     ] Leaving safepoint region
[2023-10-18T22:52:50.825+0000][57.939s][info ][safepoint     ] Total time for which application threads were stopped: 0.0011355 seconds, Stopping threads took: 0.0005432 seconds
[2023-10-18T22:52:51.826+0000][58.939s][debug][safepoint     ] Safepoint synchronization initiated. (178 threads)
[2023-10-18T22:52:51.831+0000][58.945s][info ][safepoint     ] Application time: 1.0057011 seconds
[2023-10-18T22:52:51.840+0000][58.954s][info ][safepoint     ] Entering safepoint region: Cleanup
[2023-10-18T22:52:51.849+0000][58.963s][info ][safepoint     ] Leaving safepoint region
[2023-10-18T22:52:51.853+0000][58.966s][info ][safepoint     ] Total time for which application threads were stopped: 0.0124293 seconds, Stopping threads took: 0.0082205 seconds
[2023-10-18T22:52:52.865+0000][59.978s][debug][safepoint     ] Safepoint synchronization initiated. (178 threads)
[2023-10-18T22:52:52.865+0000][59.979s][info ][safepoint     ] Application time: 1.0008746 seconds
[2023-10-18T22:52:52.866+0000][59.980s][info ][safepoint     ] Entering safepoint region: Cleanup
[2023-10-18T22:52:52.867+0000][59.981s][info ][safepoint     ] Leaving safepoint region
[2023-10-18T22:52:52.868+0000][59.981s][info ][safepoint     ] Total time for which application threads were stopped: 0.0016415 seconds, Stopping threads took: 0.0007132 seconds
[2023-10-18T22:52:53.869+0000][60.982s][debug][safepoint     ] Safepoint synchronization initiated. (178 threads)
[2023-10-18T22:52:53.880+0000][60.994s][info ][safepoint     ] Application time: 1.0119173 seconds
[2023-10-18T22:52:53.887+0000][61.001s][info ][safepoint     ] Entering safepoint region: Cleanup
[2023-10-18T22:52:53.899+0000][61.013s][info ][safepoint     ] Leaving safepoint region
[2023-10-18T22:52:53.900+0000][61.014s][info ][safepoint     ] Total time for which application threads were stopped: 0.0129151 seconds, Stopping threads took: 0.0113784 seconds
[2023-10-18T22:52:54.901+0000][62.015s][debug][safepoint     ] Safepoint synchronization initiated. (178 threads)
[2023-10-18T22:52:54.902+0000][62.016s][info ][safepoint     ] Application time: 1.0007092 seconds
[2023-10-18T22:52:54.902+0000][62.016s][info ][safepoint     ] Entering safepoint region: Cleanup
[2023-10-18T22:52:54.903+0000][62.017s][info ][safepoint     ] Leaving safepoint region
[2023-10-18T22:52:54.904+0000][62.017s][info ][safepoint     ] Total time for which application threads were stopped: 0.0011648 seconds, Stopping threads took: 0.0004570 seconds
[2023-10-18T22:52:55.904+0000][63.018s][debug][safepoint     ] Safepoint synchronization initiated. (179 threads)
[2023-10-18T22:52:55.928+0000][63.041s][info ][safepoint     ] Application time: 1.0237845 seconds
[2023-10-18T22:52:55.943+0000][63.056s][info ][safepoint     ] Entering safepoint region: Cleanup
[2023-10-18T22:52:55.964+0000][63.078s][info ][safepoint     ] Leaving safepoint region
[2023-10-18T22:52:55.970+0000][63.083s][info ][safepoint     ] Total time for which application threads were stopped: 0.0269251 seconds, Stopping threads took: 0.0207858 seconds
[2023-10-18T22:52:56.978+0000][64.092s][debug][safepoint     ] Safepoint synchronization initiated. (179 threads)
[2023-10-18T22:52:56.980+0000][64.094s][info ][safepoint     ] Application time: 1.0024995 seconds
[2023-10-18T22:52:56.987+0000][64.101s][info ][safepoint     ] Entering safepoint region: Cleanup
[2023-10-18T22:52:56.989+0000][64.102s][info ][safepoint     ] Leaving safepoint region
[2023-10-18T22:52:56.989+0000][64.103s][info ][safepoint     ] Total time for which application threads were stopped: 0.0017591 seconds, Stopping threads took: 0.0009618 seconds
[2023-10-18T22:52:57.990+0000][65.103s][debug][safepoint     ] Safepoint synchronization initiated. (179 threads)
[2023-10-18T22:52:57.991+0000][65.104s][info ][safepoint     ] Application time: 1.0008418 seconds
[2023-10-18T22:52:57.991+0000][65.105s][info ][safepoint     ] Entering safepoint region: Cleanup
[2023-10-18T22:52:57.992+0000][65.105s][info ][safepoint     ] Leaving safepoint region
[2023-10-18T22:52:57.992+0000][65.106s][info ][safepoint     ] Total time for which application threads were stopped: 0.0013212 seconds, Stopping threads took: 0.0005226 seconds
[2023-10-18T22:52:58.993+0000][66.107s][debug][safepoint     ] Safepoint synchronization initiated. (179 threads)
[2023-10-18T22:52:58.994+0000][66.107s][info ][safepoint     ] Application time: 1.0006791 seconds
[2023-10-18T22:52:58.994+0000][66.108s][info ][safepoint     ] Entering safepoint region: Cleanup
[2023-10-18T22:52:58.995+0000][66.108s][info ][safepoint     ] Leaving safepoint region
[2023-10-18T22:52:58.995+0000][66.109s][info ][safepoint     ] Total time for which application threads were stopped: 0.0012472 seconds, Stopping threads took: 0.0005214 seconds
[2023-10-18T22:52:59.996+0000][67.109s][debug][safepoint     ] Safepoint synchronization initiated. (179 threads)
[2023-10-18T22:52:59.996+0000][67.110s][info ][safepoint     ] Application time: 1.0006618 seconds
[2023-10-18T22:52:59.997+0000][67.111s][info ][safepoint     ] Entering safepoint region: Cleanup
[2023-10-18T22:52:59.998+0000][67.111s][info ][safepoint     ] Leaving safepoint region
[2023-10-18T22:52:59.998+0000][67.112s][info ][safepoint     ] Total time for which application threads were stopped: 0.0011294 seconds, Stopping threads took: 0.0004771 seconds
[2023-10-18T22:53:00.999+0000][68.113s][debug][safepoint     ] Safepoint synchronization initiated. (179 threads)
[2023-10-18T22:53:01.000+0000][68.113s][info ][safepoint     ] Application time: 1.0010727 seconds
[2023-10-18T22:53:01.000+0000][68.114s][info ][safepoint     ] Entering safepoint region: Cleanup
[2023-10-18T22:53:01.001+0000][68.115s][info ][safepoint     ] Leaving safepoint region
[2023-10-18T22:53:01.002+0000][68.115s][info ][safepoint     ] Total time for which application threads were stopped: 0.0012294 seconds, Stopping threads took: 0.0005659 seconds
[2023-10-18T22:53:02.002+0000][69.116s][debug][safepoint     ] Safepoint synchronization initiated. (179 threads)
[2023-10-18T22:53:02.003+0000][69.116s][info ][safepoint     ] Application time: 1.0006428 seconds
[2023-10-18T22:53:02.003+0000][69.117s][info ][safepoint     ] Entering safepoint region: Cleanup
[2023-10-18T22:53:02.004+0000][69.117s][info ][safepoint     ] Leaving safepoint region
[2023-10-18T22:53:02.004+0000][69.118s][info ][safepoint     ] Total time for which application threads were stopped: 0.0010858 seconds, Stopping threads took: 0.0005135 seconds
[2023-10-18T22:53:03.005+0000][70.118s][debug][safepoint     ] Safepoint synchronization initiated. (179 threads)
[2023-10-18T22:53:03.005+0000][70.119s][info ][safepoint     ] Application time: 1.0007018 seconds
[2023-10-18T22:53:03.006+0000][70.120s][info ][safepoint     ] Entering safepoint region: Cleanup
[2023-10-18T22:53:03.007+0000][70.120s][info ][safepoint     ] Leaving safepoint region
[2023-10-18T22:53:03.007+0000][70.121s][info ][safepoint     ] Total time for which application threads were stopped: 0.0014061 seconds, Stopping threads took: 0.0006937 seconds
[2023-10-18T22:53:04.008+0000][71.121s][debug][safepoint     ] Safepoint synchronization initiated. (179 threads)
[2023-10-18T22:53:04.009+0000][71.122s][info ][safepoint     ] Application time: 1.0007905 seconds
[2023-10-18T22:53:04.009+0000][71.123s][info ][safepoint     ] Entering safepoint region: Cleanup
[2023-10-18T22:53:04.010+0000][71.124s][info ][safepoint     ] Leaving safepoint region
[2023-10-18T22:53:04.011+0000][71.124s][info ][safepoint     ] Total time for which application threads were stopped: 0.0015432 seconds, Stopping threads took: 0.0006881 seconds
[2023-10-18T22:53:05.011+0000][72.125s][debug][safepoint     ] Safepoint synchronization initiated. (178 threads)
[2023-10-18T22:53:05.012+0000][72.126s][info ][safepoint     ] Application time: 1.0007425 seconds
[2023-10-18T22:53:05.013+0000][72.126s][info ][safepoint     ] Entering safepoint region: Cleanup
[2023-10-18T22:53:05.013+0000][72.127s][info ][safepoint     ] Leaving safepoint region
[2023-10-18T22:53:05.014+0000][72.127s][info ][safepoint     ] Total time for which application threads were stopped: 0.0012852 seconds, Stopping threads took: 0.0005497 seconds
[2023-10-18T22:53:06.014+0000][73.128s][debug][safepoint     ] Safepoint synchronization initiated. (179 threads)
[2023-10-18T22:53:06.015+0000][73.129s][info ][safepoint     ] Application time: 1.0007080 seconds
[2023-10-18T22:53:06.016+0000][73.129s][info ][safepoint     ] Entering safepoint region: Cleanup
[2023-10-18T22:53:06.016+0000][73.130s][info ][safepoint     ] Leaving safepoint region
[2023-10-18T22:53:06.017+0000][73.130s][info ][safepoint     ] Total time for which application threads were stopped: 0.0012258 seconds, Stopping threads took: 0.0004801 seconds
[2023-10-18T22:53:07.018+0000][74.131s][debug][safepoint     ] Safepoint synchronization initiated. (179 threads)
[2023-10-18T22:53:07.018+0000][74.132s][info ][safepoint     ] Application time: 1.0008066 seconds
[2023-10-18T22:53:07.019+0000][74.132s][info ][safepoint     ] Entering safepoint region: Cleanup
[2023-10-18T22:53:07.020+0000][74.133s][info ][safepoint     ] Leaving safepoint region
[2023-10-18T22:53:07.020+0000][74.134s][info ][safepoint     ] Total time for which application threads were stopped: 0.0013549 seconds, Stopping threads took: 0.0006206 seconds
[2023-10-18T22:53:08.021+0000][75.135s][debug][safepoint     ] Safepoint synchronization initiated. (179 threads)
[2023-10-18T22:53:08.022+0000][75.135s][info ][safepoint     ] Application time: 1.0008794 seconds
[2023-10-18T22:53:08.022+0000][75.136s][info ][safepoint     ] Entering safepoint region: Cleanup
[2023-10-18T22:53:08.023+0000][75.137s][info ][safepoint     ] Leaving safepoint region
[2023-10-18T22:53:08.024+0000][75.138s][info ][safepoint     ] Total time for which application threads were stopped: 0.0019736 seconds, Stopping threads took: 0.0007039 seconds
[2023-10-18T22:53:09.024+0000][76.139s][debug][safepoint     ] Safepoint synchronization initiated. (179 threads)
[2023-10-18T22:53:09.036+0000][76.151s][info ][safepoint     ] Application time: 1.0124135 seconds
[2023-10-18T22:53:09.038+0000][76.153s][info ][safepoint     ] Entering safepoint region: Cleanup
[2023-10-18T22:53:09.039+0000][76.154s][info ][safepoint     ] Leaving safepoint region
[2023-10-18T22:53:09.040+0000][76.155s][info ][safepoint     ] Total time for which application threads were stopped: 0.0019587 seconds, Stopping threads took: 0.0008555 seconds
[2023-10-18T22:53:10.041+0000][77.156s][debug][safepoint     ] Safepoint synchronization initiated. (179 threads)
[2023-10-18T22:53:10.045+0000][77.160s][info ][safepoint     ] Application time: 1.0037709 seconds
[2023-10-18T22:53:10.045+0000][77.160s][info ][safepoint     ] Entering safepoint region: Cleanup
[2023-10-18T22:53:10.046+0000][77.161s][info ][safepoint     ] Leaving safepoint region
[2023-10-18T22:53:10.047+0000][77.162s][info ][safepoint     ] Total time for which application threads were stopped: 0.0016494 seconds, Stopping threads took: 0.0007661 seconds
[2023-10-18T22:53:11.048+0000][78.163s][debug][safepoint     ] Safepoint synchronization initiated. (179 threads)
[2023-10-18T22:53:11.080+0000][78.195s][info ][safepoint     ] Application time: 1.0322966 seconds
[2023-10-18T22:53:11.125+0000][78.240s][info ][safepoint     ] Entering safepoint region: Cleanup
[2023-10-18T22:53:11.171+0000][78.286s][info ][safepoint     ] Leaving safepoint region
[2023-10-18T22:53:11.220+0000][78.335s][info ][safepoint     ] Total time for which application threads were stopped: 0.0956037 seconds, Stopping threads took: 0.0459820 seconds
[2023-10-18T22:53:12.236+0000][79.351s][debug][safepoint     ] Safepoint synchronization initiated. (179 threads)
[2023-10-18T22:53:12.242+0000][79.357s][info ][safepoint     ] Application time: 1.0063697 seconds
[2023-10-18T22:53:12.243+0000][79.358s][info ][safepoint     ] Entering safepoint region: Cleanup
[2023-10-18T22:53:12.244+0000][79.359s][info ][safepoint     ] Leaving safepoint region
[2023-10-18T22:53:12.244+0000][79.359s][info ][safepoint     ] Total time for which application threads were stopped: 0.0016185 seconds, Stopping threads took: 0.0006876 seconds
[2023-10-18T22:53:13.246+0000][80.361s][debug][safepoint     ] Safepoint synchronization initiated. (179 threads)
[2023-10-18T22:53:13.290+0000][80.405s][info ][safepoint     ] Application time: 1.0441966 seconds
[2023-10-18T22:53:13.320+0000][80.435s][info ][safepoint     ] Entering safepoint region: Cleanup
[2023-10-18T22:53:13.346+0000][80.461s][info ][safepoint     ] Leaving safepoint region
[2023-10-18T22:53:13.378+0000][80.493s][info ][safepoint     ] Total time for which application threads were stopped: 0.0575770 seconds, Stopping threads took: 0.0252968 seconds
[2023-10-18T22:53:14.384+0000][81.499s][debug][safepoint     ] Safepoint synchronization initiated. (179 threads)
[2023-10-18T22:53:14.430+0000][81.545s][info ][safepoint     ] Application time: 1.0469067 seconds
[2023-10-18T22:53:14.455+0000][81.570s][info ][safepoint     ] Entering safepoint region: Cleanup
[2023-10-18T22:53:14.493+0000][81.607s][info ][safepoint     ] Leaving safepoint region
[2023-10-18T22:53:14.514+0000][81.629s][info ][safepoint     ] Total time for which application threads were stopped: 0.0596392 seconds, Stopping threads took: 0.0375336 seconds
[2023-10-18T22:53:15.527+0000][82.641s][debug][safepoint     ] Safepoint synchronization initiated. (179 threads)
[2023-10-18T22:53:15.540+0000][82.655s][info ][safepoint     ] Application time: 1.0135653 seconds
[2023-10-18T22:53:15.550+0000][82.665s][info ][safepoint     ] Entering safepoint region: Cleanup
[2023-10-18T22:53:15.568+0000][82.683s][info ][safepoint     ] Leaving safepoint region
[2023-10-18T22:53:15.601+0000][82.716s][info ][safepoint     ] Total time for which application threads were stopped: 0.0513405 seconds, Stopping threads took: 0.0104842 seconds
[2023-10-18T22:53:16.606+0000][83.721s][debug][safepoint     ] Safepoint synchronization initiated. (179 threads)
[2023-10-18T22:53:16.622+0000][83.737s][info ][safepoint     ] Application time: 1.0159699 seconds
[2023-10-18T22:53:16.638+0000][83.753s][info ][safepoint     ] Entering safepoint region: Cleanup
[2023-10-18T22:53:16.667+0000][83.782s][info ][safepoint     ] Leaving safepoint region
[2023-10-18T22:53:16.677+0000][83.792s][info ][safepoint     ] Total time for which application threads were stopped: 0.0387843 seconds, Stopping threads took: 0.0289101 seconds
[2023-10-18T22:53:17.708+0000][84.823s][debug][safepoint     ] Safepoint synchronization initiated. (179 threads)
[2023-10-18T22:53:17.731+0000][84.846s][info ][safepoint     ] Application time: 1.0228364 seconds
[2023-10-18T22:53:17.734+0000][84.849s][info ][safepoint     ] Entering safepoint region: Cleanup
[2023-10-18T22:53:17.744+0000][84.859s][info ][safepoint     ] Leaving safepoint region
[2023-10-18T22:53:17.763+0000][84.878s][info ][safepoint     ] Total time for which application threads were stopped: 0.0299490 seconds, Stopping threads took: 0.0104293 seconds
[2023-10-18T22:53:18.767+0000][85.882s][debug][safepoint     ] Safepoint synchronization initiated. (179 threads)
[2023-10-18T22:53:18.768+0000][85.883s][info ][safepoint     ] Application time: 1.0010086 seconds
[2023-10-18T22:53:18.768+0000][85.883s][info ][safepoint     ] Entering safepoint region: Cleanup
[2023-10-18T22:53:18.769+0000][85.884s][info ][safepoint     ] Leaving safepoint region
[2023-10-18T22:53:18.771+0000][85.886s][info ][safepoint     ] Total time for which application threads were stopped: 0.0026797 seconds, Stopping threads took: 0.0007423 seconds
[2023-10-18T22:53:19.772+0000][86.887s][debug][safepoint     ] Safepoint synchronization initiated. (179 threads)
[2023-10-18T22:53:19.792+0000][86.907s][info ][safepoint     ] Application time: 1.0197960 seconds
[2023-10-18T22:53:19.809+0000][86.924s][info ][safepoint     ] Entering safepoint region: Cleanup
[2023-10-18T22:53:19.812+0000][86.927s][info ][safepoint     ] Leaving safepoint region
[2023-10-18T22:53:19.813+0000][86.928s][info ][safepoint     ] Total time for which application threads were stopped: 0.0034127 seconds, Stopping threads took: 0.0023901 seconds
[2023-10-18T22:53:20.814+0000][87.929s][debug][safepoint     ] Safepoint synchronization initiated. (179 threads)
[2023-10-18T22:53:20.844+0000][87.959s][info ][safepoint     ] Application time: 1.0299009 seconds
[2023-10-18T22:53:20.907+0000][88.022s][info ][safepoint     ] Entering safepoint region: Cleanup
[2023-10-18T22:53:20.939+0000][88.054s][info ][safepoint     ] Leaving safepoint region
[2023-10-18T22:53:20.943+0000][88.058s][info ][safepoint     ] Total time for which application threads were stopped: 0.0359273 seconds, Stopping threads took: 0.0313565 seconds
[2023-10-18T22:53:21.954+0000][89.069s][debug][safepoint     ] Safepoint synchronization initiated. (179 threads)
[2023-10-18T22:53:21.991+0000][89.106s][info ][safepoint     ] Application time: 1.0364112 seconds
[2023-10-18T22:53:22.005+0000][89.120s][info ][safepoint     ] Entering safepoint region: Cleanup
[2023-10-18T22:53:22.058+0000][89.173s][info ][safepoint     ] Leaving safepoint region
[2023-10-18T22:53:22.064+0000][89.179s][info ][safepoint     ] Total time for which application threads were stopped: 0.0591957 seconds, Stopping threads took: 0.0525585 seconds
[2023-10-18T22:53:23.065+0000][90.180s][debug][safepoint     ] Safepoint synchronization initiated. (179 threads)
[2023-10-18T22:53:23.066+0000][90.181s][info ][safepoint     ] Application time: 1.0010015 seconds
[2023-10-18T22:53:23.066+0000][90.181s][info ][safepoint     ] Entering safepoint region: Cleanup
[2023-10-18T22:53:23.067+0000][90.182s][info ][safepoint     ] Leaving safepoint region
[2023-10-18T22:53:23.068+0000][90.183s][info ][safepoint     ] Total time for which application threads were stopped: 0.0016590 seconds, Stopping threads took: 0.0007657 seconds
[2023-10-18T22:53:24.069+0000][91.184s][debug][safepoint     ] Safepoint synchronization initiated. (179 threads)
[2023-10-18T22:53:24.173+0000][91.288s][info ][safepoint     ] Application time: 1.1046564 seconds
[2023-10-18T22:53:24.224+0000][91.339s][info ][safepoint     ] Entering safepoint region: Cleanup
[2023-10-18T22:53:24.263+0000][91.378s][info ][safepoint     ] Leaving safepoint region
[2023-10-18T22:53:24.264+0000][91.379s][info ][safepoint     ] Total time for which application threads were stopped: 0.0404850 seconds, Stopping threads took: 0.0390943 seconds
[2023-10-18T22:53:25.270+0000][92.385s][debug][safepoint     ] Safepoint synchronization initiated. (179 threads)
[2023-10-18T22:53:25.296+0000][92.411s][info ][safepoint     ] Application time: 1.0257706 seconds
[2023-10-18T22:53:25.345+0000][92.460s][info ][safepoint     ] Entering safepoint region: Cleanup
[2023-10-18T22:53:25.363+0000][92.478s][info ][safepoint     ] Leaving safepoint region
[2023-10-18T22:53:25.368+0000][92.483s][info ][safepoint     ] Total time for which application threads were stopped: 0.0230251 seconds, Stopping threads took: 0.0175390 seconds
[2023-10-18T22:53:26.369+0000][93.484s][debug][safepoint     ] Safepoint synchronization initiated. (179 threads)
[2023-10-18T22:53:26.406+0000][93.521s][info ][safepoint     ] Application time: 1.0370679 seconds
[2023-10-18T22:53:26.424+0000][93.539s][info ][safepoint     ] Entering safepoint region: Cleanup
[2023-10-18T22:53:26.463+0000][93.578s][info ][safepoint     ] Leaving safepoint region
[2023-10-18T22:53:26.498+0000][93.613s][info ][safepoint     ] Total time for which application threads were stopped: 0.0741194 seconds, Stopping threads took: 0.0387467 seconds
[2023-10-18T22:53:27.508+0000][94.623s][debug][safepoint     ] Safepoint synchronization initiated. (179 threads)
[2023-10-18T22:53:27.517+0000][94.632s][info ][safepoint     ] Application time: 1.0096049 seconds
[2023-10-18T22:53:27.539+0000][94.654s][info ][safepoint     ] Entering safepoint region: Cleanup
[2023-10-18T22:53:27.546+0000][94.661s][info ][safepoint     ] Leaving safepoint region
[2023-10-18T22:53:27.547+0000][94.662s][info ][safepoint     ] Total time for which application threads were stopped: 0.0081861 seconds, Stopping threads took: 0.0069284 seconds
[2023-10-18T22:53:28.560+0000][95.675s][debug][safepoint     ] Safepoint synchronization initiated. (179 threads)
[2023-10-18T22:53:28.566+0000][95.681s][info ][safepoint     ] Application time: 1.0057174 seconds
[2023-10-18T22:53:28.567+0000][95.682s][info ][safepoint     ] Entering safepoint region: Cleanup
[2023-10-18T22:53:28.568+0000][95.683s][info ][safepoint     ] Leaving safepoint region
[2023-10-18T22:53:28.569+0000][95.684s][info ][safepoint     ] Total time for which application threads were stopped: 0.0016861 seconds, Stopping threads took: 0.0007365 seconds
[2023-10-18T22:53:29.570+0000][96.685s][debug][safepoint     ] Safepoint synchronization initiated. (179 threads)
[2023-10-18T22:53:29.571+0000][96.686s][info ][safepoint     ] Application time: 1.0018636 seconds
[2023-10-18T22:53:29.572+0000][96.687s][info ][safepoint     ] Entering safepoint region: Cleanup
[2023-10-18T22:53:29.577+0000][96.692s][info ][safepoint     ] Leaving safepoint region
[2023-10-18T22:53:29.578+0000][96.693s][info ][safepoint     ] Total time for which application threads were stopped: 0.0063372 seconds, Stopping threads took: 0.0050396 seconds
[2023-10-18T22:53:30.581+0000][97.695s][debug][safepoint     ] Safepoint synchronization initiated. (179 threads)
[2023-10-18T22:53:30.587+0000][97.702s][info ][safepoint     ] Application time: 1.0064450 seconds
[2023-10-18T22:53:30.589+0000][97.704s][debug][safepoint     ] ... found polling page return exception at pc = 0x00007f38b02fb929, stub =0x00007f38a8840600
[2023-10-18T22:53:30.589+0000][97.704s][debug][safepoint     ] ... found polling page return exception at pc = 0x00007f38b02fb929, stub =0x00007f38a8840600
[2023-10-18T22:53:30.589+0000][97.704s][debug][safepoint     ] ... found polling page return exception at pc = 0x00007f38b0343c9d, stub =0x00007f38a8840600
[2023-10-18T22:53:30.589+0000][97.704s][debug][safepoint     ] ... found polling page return exception at pc = 0x00007f38b02fb929, stub =0x00007f38a8840600
[2023-10-18T22:53:30.589+0000][97.704s][debug][safepoint     ] ... found polling page return exception at pc = 0x00007f38b0b84ca4, stub =0x00007f38a8840600
[2023-10-18T22:53:30.589+0000][97.704s][debug][safepoint     ] ... found polling page return exception at pc = 0x00007f38b02fb929, stub =0x00007f38a8840600
[2023-10-18T22:53:30.637+0000][97.752s][debug][safepoint     ] Waiting for 6 thread(s) to block
[2023-10-18T22:53:30.639+0000][97.754s][info ][safepoint     ] Entering safepoint region: Cleanup
[2023-10-18T22:53:30.642+0000][97.757s][info ][safepoint     ] Leaving safepoint region
[2023-10-18T22:53:30.643+0000][97.758s][info ][safepoint     ] Total time for which application threads were stopped: 0.0538854 seconds, Stopping threads took: 0.0525566 seconds
[2023-10-18T22:53:31.644+0000][98.759s][debug][safepoint     ] Safepoint synchronization initiated. (179 threads)
[2023-10-18T22:53:31.655+0000][98.770s][info ][safepoint     ] Application time: 1.0110515 seconds
[2023-10-18T22:53:31.656+0000][98.770s][info ][safepoint     ] Entering safepoint region: Cleanup
[2023-10-18T22:53:31.661+0000][98.776s][info ][safepoint     ] Leaving safepoint region
[2023-10-18T22:53:31.664+0000][98.779s][info ][safepoint     ] Total time for which application threads were stopped: 0.0083981 seconds, Stopping threads took: 0.0047797 seconds
[2023-10-18T22:53:32.668+0000][99.783s][debug][safepoint     ] Safepoint synchronization initiated. (179 threads)
[2023-10-18T22:53:32.708+0000][99.823s][info ][safepoint     ] Application time: 1.0399453 seconds
[2023-10-18T22:53:32.747+0000][99.862s][info ][safepoint     ] Entering safepoint region: Cleanup
[2023-10-18T22:53:32.757+0000][99.872s][info ][safepoint     ] Leaving safepoint region
[2023-10-18T22:53:32.758+0000][99.873s][info ][safepoint     ] Total time for which application threads were stopped: 0.0103222 seconds, Stopping threads took: 0.0090823 seconds
[2023-10-18T22:53:33.759+0000][100.873s][debug][safepoint     ] Safepoint synchronization initiated. (179 threads)
[2023-10-18T22:53:33.770+0000][100.885s][info ][safepoint     ] Application time: 1.0120742 seconds
[2023-10-18T22:53:33.785+0000][100.899s][info ][safepoint     ] Entering safepoint region: Cleanup
[2023-10-18T22:53:33.839+0000][100.954s][info ][safepoint     ] Leaving safepoint region
[2023-10-18T22:53:33.882+0000][100.997s][info ][safepoint     ] Total time for which application threads were stopped: 0.0970899 seconds, Stopping threads took: 0.0539950 seconds
[2023-10-18T22:53:34.906+0000][102.021s][debug][safepoint     ] Safepoint synchronization initiated. (179 threads)
[2023-10-18T22:53:34.926+0000][102.041s][info ][safepoint     ] Application time: 1.0198641 seconds
[2023-10-18T22:53:34.931+0000][102.046s][info ][safepoint     ] Entering safepoint region: Cleanup
[2023-10-18T22:53:34.938+0000][102.053s][info ][safepoint     ] Leaving safepoint region
[2023-10-18T22:53:34.952+0000][102.067s][info ][safepoint     ] Total time for which application threads were stopped: 0.0203370 seconds, Stopping threads took: 0.0063385 seconds
[2023-10-18T22:53:35.953+0000][103.068s][debug][safepoint     ] Safepoint synchronization initiated. (179 threads)
[2023-10-18T22:53:35.977+0000][103.092s][info ][safepoint     ] Application time: 1.0236408 seconds
[2023-10-18T22:53:35.980+0000][103.095s][info ][safepoint     ] Entering safepoint region: Cleanup
[2023-10-18T22:53:35.984+0000][103.099s][info ][safepoint     ] Leaving safepoint region
[2023-10-18T22:53:36.025+0000][103.140s][info ][safepoint     ] Total time for which application threads were stopped: 0.0447471 seconds, Stopping threads took: 0.0031106 seconds
[2023-10-18T22:53:37.051+0000][104.166s][debug][safepoint     ] Safepoint synchronization initiated. (179 threads)
[2023-10-18T22:53:37.100+0000][104.215s][info ][safepoint     ] Application time: 1.0489164 seconds
[2023-10-18T22:53:37.164+0000][104.279s][info ][safepoint     ] Entering safepoint region: Cleanup
[2023-10-18T22:53:37.208+0000][104.323s][info ][safepoint     ] Leaving safepoint region
[2023-10-18T22:53:37.227+0000][104.342s][info ][safepoint     ] Total time for which application threads were stopped: 0.0629896 seconds, Stopping threads took: 0.0438329 seconds
[2023-10-18T22:53:38.235+0000][105.350s][debug][safepoint     ] Safepoint synchronization initiated. (179 threads)
[2023-10-18T22:53:38.241+0000][105.356s][info ][safepoint     ] Application time: 1.0062648 seconds
[2023-10-18T22:53:38.246+0000][105.361s][info ][safepoint     ] Entering safepoint region: Cleanup
[2023-10-18T22:53:38.250+0000][105.365s][info ][safepoint     ] Leaving safepoint region
[2023-10-18T22:53:38.253+0000][105.368s][info ][safepoint     ] Total time for which application threads were stopped: 0.0074083 seconds, Stopping threads took: 0.0032589 seconds
[2023-10-18T22:53:39.281+0000][106.394s][debug][safepoint     ] Safepoint synchronization initiated. (179 threads)
[2023-10-18T22:53:39.314+0000][106.427s][info ][safepoint     ] Application time: 1.0327023 seconds
[2023-10-18T22:53:39.367+0000][106.481s][info ][safepoint     ] Entering safepoint region: Cleanup
[2023-10-18T22:53:39.399+0000][106.512s][info ][safepoint     ] Leaving safepoint region
[2023-10-18T22:53:39.406+0000][106.519s][info ][safepoint     ] Total time for which application threads were stopped: 0.0390061 seconds, Stopping threads took: 0.0314643 seconds
[2023-10-18T22:53:40.411+0000][107.524s][debug][safepoint     ] Safepoint synchronization initiated. (179 threads)
[2023-10-18T22:53:40.418+0000][107.532s][info ][safepoint     ] Application time: 1.0074082 seconds
[2023-10-18T22:53:40.426+0000][107.539s][info ][safepoint     ] Entering safepoint region: Cleanup
[2023-10-18T22:53:40.432+0000][107.545s][info ][safepoint     ] Leaving safepoint region
[2023-10-18T22:53:40.439+0000][107.552s][info ][safepoint     ] Total time for which application threads were stopped: 0.0130688 seconds, Stopping threads took: 0.0055383 seconds
[2023-10-18T22:53:41.441+0000][108.554s][debug][safepoint     ] Safepoint synchronization initiated. (178 threads)
[2023-10-18T22:53:41.465+0000][108.579s][info ][safepoint     ] Application time: 1.0250781 seconds
[2023-10-18T22:53:41.492+0000][108.605s][info ][safepoint     ] Entering safepoint region: Cleanup
[2023-10-18T22:53:41.523+0000][108.636s][info ][safepoint     ] Leaving safepoint region
[2023-10-18T22:53:41.601+0000][108.714s][info ][safepoint     ] Total time for which application threads were stopped: 0.1085288 seconds, Stopping threads took: 0.0304709 seconds
[2023-10-18T22:53:41.967+0000][109.080s][debug][safepoint     ] Safepoint synchronization initiated. (178 threads)
[2023-10-18T22:53:41.976+0000][109.089s][info ][safepoint     ] Application time: 0.2540522 seconds
[2023-10-18T22:53:41.977+0000][109.090s][info ][safepoint     ] Entering safepoint region: Deoptimize
[2023-10-18T22:53:41.992+0000][109.105s][info ][safepoint     ] Leaving safepoint region
[2023-10-18T22:53:41.995+0000][109.108s][info ][safepoint     ] Total time for which application threads were stopped: 0.0183721 seconds, Stopping threads took: 0.0031474 seconds
[2023-10-18T22:53:42.999+0000][110.112s][debug][safepoint     ] Safepoint synchronization initiated. (179 threads)
[2023-10-18T22:53:43.042+0000][110.155s][info ][safepoint     ] Application time: 1.0430838 seconds
[2023-10-18T22:53:43.059+0000][110.172s][info ][safepoint     ] Entering safepoint region: Cleanup
[2023-10-18T22:53:43.062+0000][110.175s][info ][safepoint     ] Leaving safepoint region
[2023-10-18T22:53:43.080+0000][110.193s][info ][safepoint     ] Total time for which application threads were stopped: 0.0207110 seconds, Stopping threads took: 0.0026069 seconds
[2023-10-18T22:53:45.094+0000][112.207s][debug][safepoint     ] Safepoint synchronization initiated. (178 threads)
[2023-10-18T22:53:45.157+0000][112.270s][info ][safepoint     ] Application time: 2.0631794 seconds
[2023-10-18T22:53:45.185+0000][112.298s][info ][safepoint     ] Entering safepoint region: Cleanup
[2023-10-18T22:53:45.191+0000][112.304s][info ][safepoint     ] Leaving safepoint region
[2023-10-18T22:53:45.198+0000][112.311s][info ][safepoint     ] Total time for which application threads were stopped: 0.0128799 seconds, Stopping threads took: 0.0055925 seconds
[2023-10-18T22:53:51.203+0000][118.316s][debug][safepoint     ] Safepoint synchronization initiated. (178 threads)
[2023-10-18T22:53:51.218+0000][118.331s][info ][safepoint     ] Application time: 6.0165645 seconds
[2023-10-18T22:53:51.262+0000][118.375s][info ][safepoint     ] Entering safepoint region: Cleanup
[2023-10-18T22:53:51.334+0000][118.447s][info ][safepoint     ] Leaving safepoint region
[2023-10-18T22:53:51.411+0000][118.524s][info ][safepoint     ] Total time for which application threads were stopped: 0.1492041 seconds, Stopping threads took: 0.0717955 seconds
[2023-10-18T22:54:19.444+0000][146.557s][debug][safepoint     ] Safepoint synchronization initiated. (178 threads)
[2023-10-18T22:54:19.444+0000][146.558s][info ][safepoint     ] Application time: 28.0049186 seconds
[2023-10-18T22:54:19.445+0000][146.559s][info ][safepoint     ] Entering safepoint region: Cleanup
[2023-10-18T22:54:19.446+0000][146.560s][info ][safepoint     ] Leaving safepoint region
[2023-10-18T22:54:19.446+0000][146.560s][info ][safepoint     ] Total time for which application threads were stopped: 0.0014628 seconds, Stopping threads took: 0.0006240 seconds
[2023-10-18T22:54:28.449+0000][155.562s][debug][safepoint     ] Safepoint synchronization initiated. (178 threads)
[2023-10-18T22:54:28.449+0000][155.563s][info ][safepoint     ] Application time: 9.0022906 seconds
[2023-10-18T22:54:28.450+0000][155.563s][info ][safepoint     ] Entering safepoint region: Cleanup
[2023-10-18T22:54:28.451+0000][155.564s][info ][safepoint     ] Leaving safepoint region
[2023-10-18T22:54:28.451+0000][155.565s][info ][safepoint     ] Total time for which application threads were stopped: 0.0014383 seconds, Stopping threads took: 0.0006292 seconds
[2023-10-18T22:54:33.453+0000][160.566s][debug][safepoint     ] Safepoint synchronization initiated. (178 threads)
[2023-10-18T22:54:33.453+0000][160.567s][info ][safepoint     ] Application time: 5.0014262 seconds
[2023-10-18T22:54:33.454+0000][160.567s][info ][safepoint     ] Entering safepoint region: Cleanup
[2023-10-18T22:54:33.454+0000][160.568s][info ][safepoint     ] Leaving safepoint region
[2023-10-18T22:54:33.455+0000][160.568s][info ][safepoint     ] Total time for which application threads were stopped: 0.0011355 seconds, Stopping threads took: 0.0005081 seconds
[2023-10-18T22:54:37.456+0000][164.569s][debug][safepoint     ] Safepoint synchronization initiated. (178 threads)
[2023-10-18T22:54:37.456+0000][164.570s][info ][safepoint     ] Application time: 4.0010931 seconds
[2023-10-18T22:54:37.457+0000][164.570s][info ][safepoint     ] Entering safepoint region: Cleanup
[2023-10-18T22:54:37.458+0000][164.571s][info ][safepoint     ] Leaving safepoint region
[2023-10-18T22:54:37.458+0000][164.572s][info ][safepoint     ] Total time for which application threads were stopped: 0.0012811 seconds, Stopping threads took: 0.0005462 seconds
[2023-10-18T22:54:38.459+0000][165.572s][debug][safepoint     ] Safepoint synchronization initiated. (178 threads)
[2023-10-18T22:54:38.459+0000][165.573s][info ][safepoint     ] Application time: 1.0008122 seconds
[2023-10-18T22:54:38.460+0000][165.574s][info ][safepoint     ] Entering safepoint region: Cleanup
[2023-10-18T22:54:38.461+0000][165.574s][info ][safepoint     ] Leaving safepoint region
[2023-10-18T22:54:38.461+0000][165.575s][info ][safepoint     ] Total time for which application threads were stopped: 0.0014364 seconds, Stopping threads took: 0.0006748 seconds
[2023-10-18T22:54:43.462+0000][170.576s][debug][safepoint     ] Safepoint synchronization initiated. (176 threads)
[2023-10-18T22:54:43.463+0000][170.577s][info ][safepoint     ] Application time: 5.0016493 seconds
[2023-10-18T22:54:43.464+0000][170.578s][info ][safepoint     ] Entering safepoint region: Cleanup
[2023-10-18T22:54:43.464+0000][170.578s][info ][safepoint     ] Leaving safepoint region
[2023-10-18T22:54:43.465+0000][170.579s][info ][safepoint     ] Total time for which application threads were stopped: 0.0011865 seconds, Stopping threads took: 0.0004899 seconds
[2023-10-18T22:54:46.466+0000][173.580s][debug][safepoint     ] Safepoint synchronization initiated. (176 threads)
[2023-10-18T22:54:46.467+0000][173.581s][info ][safepoint     ] Application time: 3.0016112 seconds
[2023-10-18T22:54:46.468+0000][173.582s][info ][safepoint     ] Entering safepoint region: Cleanup
[2023-10-18T22:54:46.469+0000][173.583s][info ][safepoint     ] Leaving safepoint region
[2023-10-18T22:54:46.469+0000][173.583s][info ][safepoint     ] Total time for which application threads were stopped: 0.0013421 seconds, Stopping threads took: 0.0006981 seconds
[2023-10-18T22:54:49.470+0000][176.584s][debug][safepoint     ] Safepoint synchronization initiated. (176 threads)
[2023-10-18T22:54:49.471+0000][176.585s][info ][safepoint     ] Application time: 3.0016293 seconds
[2023-10-18T22:54:49.472+0000][176.586s][info ][safepoint     ] Entering safepoint region: Cleanup
[2023-10-18T22:54:49.473+0000][176.586s][info ][safepoint     ] Leaving safepoint region
[2023-10-18T22:54:49.473+0000][176.587s][info ][safepoint     ] Total time for which application threads were stopped: 0.0012983 seconds, Stopping threads took: 0.0005141 seconds
[2023-10-18T22:54:51.474+0000][178.588s][debug][safepoint     ] Safepoint synchronization initiated. (176 threads)
[2023-10-18T22:54:51.475+0000][178.589s][info ][safepoint     ] Application time: 2.0013716 seconds
[2023-10-18T22:54:51.476+0000][178.590s][info ][safepoint     ] Entering safepoint region: Cleanup
[2023-10-18T22:54:51.477+0000][178.590s][info ][safepoint     ] Leaving safepoint region
[2023-10-18T22:54:51.477+0000][178.591s][info ][safepoint     ] Total time for which application threads were stopped: 0.0015000 seconds, Stopping threads took: 0.0005921 seconds
[2023-10-18T22:55:11.482+0000][198.596s][debug][safepoint     ] Safepoint synchronization initiated. (176 threads)
[2023-10-18T22:55:11.483+0000][198.597s][info ][safepoint     ] Application time: 20.0053339 seconds
[2023-10-18T22:55:11.484+0000][198.598s][info ][safepoint     ] Entering safepoint region: Cleanup
[2023-10-18T22:55:11.485+0000][198.599s][info ][safepoint     ] Leaving safepoint region
[2023-10-18T22:55:11.485+0000][198.599s][info ][safepoint     ] Total time for which application threads were stopped: 0.0017507 seconds, Stopping threads took: 0.0008647 seconds
[2023-10-18T22:55:12.486+0000][199.600s][debug][safepoint     ] Safepoint synchronization initiated. (176 threads)
[2023-10-18T22:55:12.487+0000][199.601s][info ][safepoint     ] Application time: 1.0010622 seconds
[2023-10-18T22:55:12.488+0000][199.602s][info ][safepoint     ] Entering safepoint region: Cleanup
[2023-10-18T22:55:12.489+0000][199.603s][info ][safepoint     ] Leaving safepoint region
[2023-10-18T22:55:12.490+0000][199.604s][info ][safepoint     ] Total time for which application threads were stopped: 0.0019938 seconds, Stopping threads took: 0.0008858 seconds
[2023-10-18T22:55:13.490+0000][200.604s][debug][safepoint     ] Safepoint synchronization initiated. (176 threads)
[2023-10-18T22:55:13.491+0000][200.605s][info ][safepoint     ] Application time: 1.0005233 seconds
[2023-10-18T22:55:13.491+0000][200.605s][info ][safepoint     ] Entering safepoint region: Cleanup
[2023-10-18T22:55:13.492+0000][200.606s][info ][safepoint     ] Leaving safepoint region
[2023-10-18T22:55:13.492+0000][200.606s][info ][safepoint     ] Total time for which application threads were stopped: 0.0009077 seconds, Stopping threads took: 0.0004118 seconds
[2023-10-18T22:55:14.493+0000][201.607s][debug][safepoint     ] Safepoint synchronization initiated. (176 threads)
[2023-10-18T22:55:14.494+0000][201.608s][info ][safepoint     ] Application time: 1.0011828 seconds
[2023-10-18T22:55:14.494+0000][201.608s][info ][safepoint     ] Entering safepoint region: Cleanup
[2023-10-18T22:55:14.495+0000][201.609s][info ][safepoint     ] Leaving safepoint region
[2023-10-18T22:55:14.496+0000][201.610s][info ][safepoint     ] Total time for which application threads were stopped: 0.0013779 seconds, Stopping threads took: 0.0005691 seconds
[2023-10-18T22:55:15.497+0000][202.611s][debug][safepoint     ] Safepoint synchronization initiated. (176 threads)
[2023-10-18T22:55:15.498+0000][202.612s][info ][safepoint     ] Application time: 1.0015386 seconds
[2023-10-18T22:55:15.499+0000][202.613s][info ][safepoint     ] Entering safepoint region: Cleanup
[2023-10-18T22:55:15.500+0000][202.614s][info ][safepoint     ] Leaving safepoint region
[2023-10-18T22:55:15.501+0000][202.615s][info ][safepoint     ] Total time for which application threads were stopped: 0.0024293 seconds, Stopping threads took: 0.0011719 seconds
[2023-10-18T22:55:16.502+0000][203.617s][debug][safepoint     ] Safepoint synchronization initiated. (176 threads)
[2023-10-18T22:55:16.504+0000][203.618s][info ][safepoint     ] Application time: 1.0014391 seconds
[2023-10-18T22:55:16.504+0000][203.618s][info ][safepoint     ] Entering safepoint region: Cleanup
[2023-10-18T22:55:16.505+0000][203.620s][info ][safepoint     ] Leaving safepoint region
[2023-10-18T22:55:16.506+0000][203.620s][info ][safepoint     ] Total time for which application threads were stopped: 0.0018841 seconds, Stopping threads took: 0.0007494 seconds
[2023-10-18T22:55:17.507+0000][204.621s][debug][safepoint     ] Safepoint synchronization initiated. (176 threads)
[2023-10-18T22:55:17.508+0000][204.622s][info ][safepoint     ] Application time: 1.0010191 seconds
[2023-10-18T22:55:17.509+0000][204.623s][info ][safepoint     ] Entering safepoint region: Cleanup
[2023-10-18T22:55:17.509+0000][204.623s][info ][safepoint     ] Leaving safepoint region
[2023-10-18T22:55:17.510+0000][204.624s][info ][safepoint     ] Total time for which application threads were stopped: 0.0015218 seconds, Stopping threads took: 0.0006685 seconds
[2023-10-18T22:55:18.511+0000][205.625s][debug][safepoint     ] Safepoint synchronization initiated. (176 threads)
[2023-10-18T22:55:18.512+0000][205.626s][info ][safepoint     ] Application time: 1.0012280 seconds
[2023-10-18T22:55:18.513+0000][205.627s][info ][safepoint     ] Entering safepoint region: Cleanup
[2023-10-18T22:55:18.513+0000][205.628s][info ][safepoint     ] Leaving safepoint region
[2023-10-18T22:55:18.514+0000][205.628s][info ][safepoint     ] Total time for which application threads were stopped: 0.0015914 seconds, Stopping threads took: 0.0006972 seconds
[2023-10-18T22:55:19.515+0000][206.629s][debug][safepoint     ] Safepoint synchronization initiated. (176 threads)
[2023-10-18T22:55:19.516+0000][206.630s][info ][safepoint     ] Application time: 1.0009814 seconds
[2023-10-18T22:55:19.516+0000][206.631s][info ][safepoint     ] Entering safepoint region: Cleanup
[2023-10-18T22:55:19.517+0000][206.632s][info ][safepoint     ] Leaving safepoint region
[2023-10-18T22:55:19.518+0000][206.632s][info ][safepoint     ] Total time for which application threads were stopped: 0.0017334 seconds, Stopping threads took: 0.0007890 seconds
[2023-10-18T22:55:20.519+0000][207.633s][debug][safepoint     ] Safepoint synchronization initiated. (176 threads)
[2023-10-18T22:55:20.520+0000][207.634s][info ][safepoint     ] Application time: 1.0009695 seconds
[2023-10-18T22:55:20.520+0000][207.635s][info ][safepoint     ] Entering safepoint region: Cleanup
[2023-10-18T22:55:20.521+0000][207.635s][info ][safepoint     ] Leaving safepoint region
[2023-10-18T22:55:20.522+0000][207.636s][info ][safepoint     ] Total time for which application threads were stopped: 0.0012937 seconds, Stopping threads took: 0.0005274 seconds
[2023-10-18T22:55:21.522+0000][208.636s][debug][safepoint     ] Safepoint synchronization initiated. (176 threads)
[2023-10-18T22:55:21.523+0000][208.637s][info ][safepoint     ] Application time: 1.0010381 seconds
[2023-10-18T22:55:21.524+0000][208.638s][info ][safepoint     ] Entering safepoint region: Cleanup
[2023-10-18T22:55:21.525+0000][208.639s][info ][safepoint     ] Leaving safepoint region
[2023-10-18T22:55:21.526+0000][208.640s][info ][safepoint     ] Total time for which application threads were stopped: 0.0017805 seconds, Stopping threads took: 0.0007647 seconds
[2023-10-18T22:55:22.527+0000][209.641s][debug][safepoint     ] Safepoint synchronization initiated. (176 threads)
[2023-10-18T22:55:22.528+0000][209.642s][info ][safepoint     ] Application time: 1.0009885 seconds
[2023-10-18T22:55:22.528+0000][209.642s][info ][safepoint     ] Entering safepoint region: Cleanup
[2023-10-18T22:55:22.529+0000][209.643s][info ][safepoint     ] Leaving safepoint region
[2023-10-18T22:55:22.530+0000][209.644s][info ][safepoint     ] Total time for which application threads were stopped: 0.0013075 seconds, Stopping threads took: 0.0006173 seconds
[2023-10-18T22:55:23.530+0000][210.644s][debug][safepoint     ] Safepoint synchronization initiated. (176 threads)
[2023-10-18T22:55:23.531+0000][210.645s][info ][safepoint     ] Application time: 1.0008176 seconds
[2023-10-18T22:55:23.531+0000][210.645s][info ][safepoint     ] Entering safepoint region: Cleanup
[2023-10-18T22:55:23.532+0000][210.646s][info ][safepoint     ] Leaving safepoint region
[2023-10-18T22:55:23.532+0000][210.647s][info ][safepoint     ] Total time for which application threads were stopped: 0.0011827 seconds, Stopping threads took: 0.0004493 seconds
[2023-10-18T22:55:24.533+0000][211.647s][debug][safepoint     ] Safepoint synchronization initiated. (176 threads)
[2023-10-18T22:55:24.534+0000][211.648s][info ][safepoint     ] Application time: 1.0007052 seconds
[2023-10-18T22:55:24.534+0000][211.648s][info ][safepoint     ] Entering safepoint region: Cleanup
[2023-10-18T22:55:24.535+0000][211.649s][info ][safepoint     ] Leaving safepoint region
[2023-10-18T22:55:24.535+0000][211.649s][info ][safepoint     ] Total time for which application threads were stopped: 0.0012164 seconds, Stopping threads took: 0.0004719 seconds
[2023-10-18T22:55:25.536+0000][212.650s][debug][safepoint     ] Safepoint synchronization initiated. (176 threads)
[2023-10-18T22:55:25.537+0000][212.651s][info ][safepoint     ] Application time: 1.0010802 seconds
[2023-10-18T22:55:25.538+0000][212.652s][info ][safepoint     ] Entering safepoint region: Cleanup
[2023-10-18T22:55:25.539+0000][212.653s][info ][safepoint     ] Leaving safepoint region
[2023-10-18T22:55:25.540+0000][212.654s][info ][safepoint     ] Total time for which application threads were stopped: 0.0019164 seconds, Stopping threads took: 0.0009334 seconds
[2023-10-18T22:55:26.540+0000][213.655s][debug][safepoint     ] Safepoint synchronization initiated. (176 threads)
[2023-10-18T22:55:26.541+0000][213.656s][info ][safepoint     ] Application time: 1.0012397 seconds
[2023-10-18T22:55:26.542+0000][213.656s][info ][safepoint     ] Entering safepoint region: Cleanup
[2023-10-18T22:55:26.543+0000][213.657s][info ][safepoint     ] Leaving safepoint region
[2023-10-18T22:55:26.544+0000][213.658s][info ][safepoint     ] Total time for which application threads were stopped: 0.0016348 seconds, Stopping threads took: 0.0007910 seconds
[2023-10-18T22:55:27.101+0000][214.215s][debug][safepoint     ] Safepoint synchronization initiated. (176 threads)
[2023-10-18T22:55:27.102+0000][214.216s][info ][safepoint     ] Application time: 0.5571579 seconds
[2023-10-18T22:55:27.103+0000][214.217s][info ][safepoint     ] Entering safepoint region: G1CollectForAllocation
[2023-10-18T22:55:27.104+0000][214.218s][info ][gc,start      ] GC(65) Pause Young (Normal) (G1 Evacuation Pause)
[2023-10-18T22:55:27.105+0000][214.219s][info ][gc,task       ] GC(65) Using 8 workers of 8 for evacuation
[2023-10-18T22:55:27.116+0000][214.230s][info ][gc,phases     ] GC(65)   Pre Evacuate Collection Set: 0.1ms
[2023-10-18T22:55:27.116+0000][214.230s][info ][gc,phases     ] GC(65)   Evacuate Collection Set: 7.1ms
[2023-10-18T22:55:27.117+0000][214.231s][info ][gc,phases     ] GC(65)   Post Evacuate Collection Set: 3.0ms
[2023-10-18T22:55:27.117+0000][214.232s][info ][gc,phases     ] GC(65)   Other: 1.6ms
[2023-10-18T22:55:27.118+0000][214.232s][info ][gc,heap       ] GC(65) Eden regions: 175->0(181)
[2023-10-18T22:55:27.118+0000][214.233s][info ][gc,heap       ] GC(65) Survivor regions: 17->12(24)
[2023-10-18T22:55:27.119+0000][214.233s][info ][gc,heap       ] GC(65) Old regions: 140->144
[2023-10-18T22:55:27.119+0000][214.234s][info ][gc,heap       ] GC(65) Humongous regions: 5->5
[2023-10-18T22:55:27.120+0000][214.234s][info ][gc,metaspace  ] GC(65) Metaspace: 164379K(169808K)->164379K(169808K) NonClass: 145089K(148432K)->145089K(148432K) Class: 19290K(21376K)->19290K(21376K)
[2023-10-18T22:55:27.121+0000][214.235s][info ][gc            ] GC(65) Pause Young (Normal) (G1 Evacuation Pause) 334M->159M(394M) 16.796ms
[2023-10-18T22:55:27.121+0000][214.235s][info ][gc,cpu        ] GC(65) User=0.07s Sys=0.00s Real=0.01s
[2023-10-18T22:55:27.122+0000][214.236s][info ][safepoint     ] Leaving safepoint region
[2023-10-18T22:55:27.122+0000][214.236s][info ][safepoint     ] Total time for which application threads were stopped: 0.0196829 seconds, Stopping threads took: 0.0009604 seconds
[2023-10-18T22:55:27.123+0000][214.237s][info ][gc,stringdedup] Concurrent String Deduplication (214.237s)
[2023-10-18T22:55:27.125+0000][214.239s][info ][gc,stringdedup] Concurrent String Deduplication 158.5K->79488.0B(82816.0B) avg 54.4% (214.237s, 214.239s) 1.769ms
[2023-10-18T22:55:28.123+0000][215.237s][debug][safepoint     ] Safepoint synchronization initiated. (176 threads)
[2023-10-18T22:55:28.124+0000][215.238s][info ][safepoint     ] Application time: 1.0015638 seconds
[2023-10-18T22:55:28.125+0000][215.239s][info ][safepoint     ] Entering safepoint region: Cleanup
[2023-10-18T22:55:28.127+0000][215.241s][info ][safepoint     ] Leaving safepoint region
[2023-10-18T22:55:28.127+0000][215.241s][info ][safepoint     ] Total time for which application threads were stopped: 0.0018298 seconds, Stopping threads took: 0.0009827 seconds
[2023-10-18T22:55:29.128+0000][216.242s][debug][safepoint     ] Safepoint synchronization initiated. (176 threads)
[2023-10-18T22:55:29.129+0000][216.243s][info ][safepoint     ] Application time: 1.0012653 seconds
[2023-10-18T22:55:29.130+0000][216.244s][info ][safepoint     ] Entering safepoint region: Cleanup
[2023-10-18T22:55:29.131+0000][216.245s][info ][safepoint     ] Leaving safepoint region
[2023-10-18T22:55:29.132+0000][216.246s][info ][safepoint     ] Total time for which application threads were stopped: 0.0020310 seconds, Stopping threads took: 0.0009552 seconds
[2023-10-18T22:55:30.133+0000][217.247s][debug][safepoint     ] Safepoint synchronization initiated. (176 threads)
[2023-10-18T22:55:30.134+0000][217.248s][info ][safepoint     ] Application time: 1.0012724 seconds
[2023-10-18T22:55:30.135+0000][217.249s][info ][safepoint     ] Entering safepoint region: Cleanup
[2023-10-18T22:55:30.136+0000][217.250s][info ][safepoint     ] Leaving safepoint region
[2023-10-18T22:55:30.136+0000][217.251s][info ][safepoint     ] Total time for which application threads were stopped: 0.0016041 seconds, Stopping threads took: 0.0006710 seconds
[2023-10-18T22:55:31.137+0000][218.252s][debug][safepoint     ] Safepoint synchronization initiated. (176 threads)
[2023-10-18T22:55:31.138+0000][218.252s][info ][safepoint     ] Application time: 1.0008019 seconds
[2023-10-18T22:55:31.138+0000][218.252s][info ][safepoint     ] Entering safepoint region: Cleanup
[2023-10-18T22:55:31.139+0000][218.253s][info ][safepoint     ] Leaving safepoint region
[2023-10-18T22:55:31.139+0000][218.253s][info ][safepoint     ] Total time for which application threads were stopped: 0.0008782 seconds, Stopping threads took: 0.0004211 seconds
[2023-10-18T22:55:32.140+0000][219.254s][debug][safepoint     ] Safepoint synchronization initiated. (176 threads)
[2023-10-18T22:55:32.141+0000][219.255s][info ][safepoint     ] Application time: 1.0012835 seconds
[2023-10-18T22:55:32.142+0000][219.256s][info ][safepoint     ] Entering safepoint region: Cleanup
[2023-10-18T22:55:32.143+0000][219.257s][info ][safepoint     ] Leaving safepoint region
[2023-10-18T22:55:32.144+0000][219.258s][info ][safepoint     ] Total time for which application threads were stopped: 0.0018117 seconds, Stopping threads took: 0.0008141 seconds
[2023-10-18T22:55:33.144+0000][220.259s][debug][safepoint     ] Safepoint synchronization initiated. (176 threads)
[2023-10-18T22:55:33.145+0000][220.259s][info ][safepoint     ] Application time: 1.0010327 seconds
[2023-10-18T22:55:33.146+0000][220.260s][info ][safepoint     ] Entering safepoint region: Cleanup
[2023-10-18T22:55:33.147+0000][220.261s][info ][safepoint     ] Leaving safepoint region
[2023-10-18T22:55:33.147+0000][220.262s][info ][safepoint     ] Total time for which application threads were stopped: 0.0014537 seconds, Stopping threads took: 0.0005951 seconds
[2023-10-18T22:55:34.148+0000][221.262s][debug][safepoint     ] Safepoint synchronization initiated. (176 threads)
[2023-10-18T22:55:34.149+0000][221.263s][info ][safepoint     ] Application time: 1.0007796 seconds
[2023-10-18T22:55:34.149+0000][221.263s][debug][safepoint     ] Waiting for 1 thread(s) to block
[2023-10-18T22:55:34.150+0000][221.264s][info ][safepoint     ] Entering safepoint region: Cleanup
[2023-10-18T22:55:34.150+0000][221.264s][info ][safepoint     ] Leaving safepoint region
[2023-10-18T22:55:34.150+0000][221.264s][info ][safepoint     ] Total time for which application threads were stopped: 0.0013183 seconds, Stopping threads took: 0.0007851 seconds
[2023-10-18T22:55:35.151+0000][222.265s][debug][safepoint     ] Safepoint synchronization initiated. (176 threads)
[2023-10-18T22:55:35.152+0000][222.266s][info ][safepoint     ] Application time: 1.0008515 seconds
[2023-10-18T22:55:35.152+0000][222.266s][info ][safepoint     ] Entering safepoint region: Cleanup
[2023-10-18T22:55:35.153+0000][222.267s][info ][safepoint     ] Leaving safepoint region
[2023-10-18T22:55:35.153+0000][222.267s][info ][safepoint     ] Total time for which application threads were stopped: 0.0011709 seconds, Stopping threads took: 0.0004791 seconds
[2023-10-18T22:55:36.154+0000][223.268s][debug][safepoint     ] Safepoint synchronization initiated. (176 threads)
[2023-10-18T22:55:36.154+0000][223.269s][info ][safepoint     ] Application time: 1.0007121 seconds
[2023-10-18T22:55:36.155+0000][223.269s][info ][safepoint     ] Entering safepoint region: Cleanup
[2023-10-18T22:55:36.155+0000][223.270s][info ][safepoint     ] Leaving safepoint region
[2023-10-18T22:55:36.156+0000][223.270s][info ][safepoint     ] Total time for which application threads were stopped: 0.0011360 seconds, Stopping threads took: 0.0004414 seconds
[2023-10-18T22:55:37.157+0000][224.271s][debug][safepoint     ] Safepoint synchronization initiated. (176 threads)
[2023-10-18T22:55:37.158+0000][224.272s][info ][safepoint     ] Application time: 1.0014285 seconds
[2023-10-18T22:55:37.159+0000][224.273s][info ][safepoint     ] Entering safepoint region: Cleanup
[2023-10-18T22:55:37.160+0000][224.274s][info ][safepoint     ] Leaving safepoint region
[2023-10-18T22:55:37.161+0000][224.275s][info ][safepoint     ] Total time for which application threads were stopped: 0.0019614 seconds, Stopping threads took: 0.0009255 seconds
[2023-10-18T22:55:38.162+0000][225.276s][debug][safepoint     ] Safepoint synchronization initiated. (176 threads)
[2023-10-18T22:55:38.163+0000][225.277s][info ][safepoint     ] Application time: 1.0016300 seconds
[2023-10-18T22:55:38.164+0000][225.278s][info ][safepoint     ] Entering safepoint region: Cleanup
[2023-10-18T22:55:38.165+0000][225.279s][info ][safepoint     ] Leaving safepoint region
[2023-10-18T22:55:38.166+0000][225.280s][info ][safepoint     ] Total time for which application threads were stopped: 0.0018994 seconds, Stopping threads took: 0.0008641 seconds
[2023-10-18T22:55:39.167+0000][226.281s][debug][safepoint     ] Safepoint synchronization initiated. (176 threads)
[2023-10-18T22:55:39.168+0000][226.282s][info ][safepoint     ] Application time: 1.0011083 seconds
[2023-10-18T22:55:39.169+0000][226.283s][info ][safepoint     ] Entering safepoint region: Cleanup
[2023-10-18T22:55:39.170+0000][226.284s][info ][safepoint     ] Leaving safepoint region
[2023-10-18T22:55:39.171+0000][226.285s][info ][safepoint     ] Total time for which application threads were stopped: 0.0019322 seconds, Stopping threads took: 0.0008428 seconds
[2023-10-18T22:55:40.171+0000][227.286s][debug][safepoint     ] Safepoint synchronization initiated. (176 threads)
[2023-10-18T22:55:40.173+0000][227.287s][info ][safepoint     ] Application time: 1.0012881 seconds
[2023-10-18T22:55:40.173+0000][227.288s][info ][safepoint     ] Entering safepoint region: Cleanup
[2023-10-18T22:55:40.175+0000][227.289s][info ][safepoint     ] Leaving safepoint region
[2023-10-18T22:55:40.175+0000][227.289s][info ][safepoint     ] Total time for which application threads were stopped: 0.0017961 seconds, Stopping threads took: 0.0008143 seconds
[2023-10-18T22:55:41.176+0000][228.290s][debug][safepoint     ] Safepoint synchronization initiated. (176 threads)
[2023-10-18T22:55:41.177+0000][228.291s][info ][safepoint     ] Application time: 1.0009304 seconds
[2023-10-18T22:55:41.177+0000][228.292s][debug][safepoint     ] ... found polling page return exception at pc = 0x00007f38b0c93390, stub =0x00007f38a8840600
[2023-10-18T22:55:41.178+0000][228.292s][debug][safepoint     ] Waiting for 2 thread(s) to block
[2023-10-18T22:55:41.179+0000][228.293s][info ][safepoint     ] Entering safepoint region: Cleanup
[2023-10-18T22:55:41.180+0000][228.294s][info ][safepoint     ] Leaving safepoint region
[2023-10-18T22:55:41.180+0000][228.295s][info ][safepoint     ] Total time for which application threads were stopped: 0.0029879 seconds, Stopping threads took: 0.0021216 seconds
[2023-10-18T22:55:42.181+0000][229.295s][debug][safepoint     ] Safepoint synchronization initiated. (175 threads)
[2023-10-18T22:55:42.182+0000][229.296s][info ][safepoint     ] Application time: 1.0011813 seconds
[2023-10-18T22:55:42.183+0000][229.298s][info ][safepoint     ] Entering safepoint region: Cleanup
[2023-10-18T22:55:42.185+0000][229.299s][info ][safepoint     ] Leaving safepoint region
[2023-10-18T22:55:42.186+0000][229.300s][info ][safepoint     ] Total time for which application threads were stopped: 0.0023581 seconds, Stopping threads took: 0.0011077 seconds
[2023-10-18T22:55:43.187+0000][230.301s][debug][safepoint     ] Safepoint synchronization initiated. (175 threads)
[2023-10-18T22:55:43.187+0000][230.302s][info ][safepoint     ] Application time: 1.0008529 seconds
[2023-10-18T22:55:43.188+0000][230.302s][info ][safepoint     ] Entering safepoint region: Cleanup
[2023-10-18T22:55:43.189+0000][230.303s][info ][safepoint     ] Leaving safepoint region
[2023-10-18T22:55:43.189+0000][230.303s][info ][safepoint     ] Total time for which application threads were stopped: 0.0011785 seconds, Stopping threads took: 0.0004443 seconds
[2023-10-18T22:55:44.190+0000][231.304s][debug][safepoint     ] Safepoint synchronization initiated. (175 threads)
[2023-10-18T22:55:44.191+0000][231.305s][info ][safepoint     ] Application time: 1.0011525 seconds
[2023-10-18T22:55:44.192+0000][231.306s][info ][safepoint     ] Entering safepoint region: Cleanup
[2023-10-18T22:55:44.193+0000][231.307s][info ][safepoint     ] Leaving safepoint region
[2023-10-18T22:55:44.193+0000][231.307s][info ][safepoint     ] Total time for which application threads were stopped: 0.0016546 seconds, Stopping threads took: 0.0007596 seconds
[2023-10-18T22:55:45.194+0000][232.308s][debug][safepoint     ] Safepoint synchronization initiated. (175 threads)
[2023-10-18T22:55:45.194+0000][232.309s][info ][safepoint     ] Application time: 1.0006440 seconds
[2023-10-18T22:55:45.195+0000][232.309s][info ][safepoint     ] Entering safepoint region: Cleanup
[2023-10-18T22:55:45.196+0000][232.310s][info ][safepoint     ] Leaving safepoint region
[2023-10-18T22:55:45.196+0000][232.310s][info ][safepoint     ] Total time for which application threads were stopped: 0.0010978 seconds, Stopping threads took: 0.0004725 seconds
[2023-10-18T22:55:46.197+0000][233.311s][debug][safepoint     ] Safepoint synchronization initiated. (175 threads)
[2023-10-18T22:55:46.198+0000][233.312s][info ][safepoint     ] Application time: 1.0011272 seconds
[2023-10-18T22:55:46.198+0000][233.312s][info ][safepoint     ] Entering safepoint region: Cleanup
[2023-10-18T22:55:46.199+0000][233.313s][info ][safepoint     ] Leaving safepoint region
[2023-10-18T22:55:46.200+0000][233.314s][info ][safepoint     ] Total time for which application threads were stopped: 0.0014558 seconds, Stopping threads took: 0.0007973 seconds
[2023-10-18T22:55:47.200+0000][234.314s][debug][safepoint     ] Safepoint synchronization initiated. (175 threads)
[2023-10-18T22:55:47.201+0000][234.315s][info ][safepoint     ] Application time: 1.0007812 seconds
[2023-10-18T22:55:47.201+0000][234.315s][info ][safepoint     ] Entering safepoint region: Cleanup
[2023-10-18T22:55:47.202+0000][234.316s][info ][safepoint     ] Leaving safepoint region
[2023-10-18T22:55:47.202+0000][234.316s][info ][safepoint     ] Total time for which application threads were stopped: 0.0010202 seconds, Stopping threads took: 0.0004498 seconds
[2023-10-18T22:55:48.203+0000][235.317s][debug][safepoint     ] Safepoint synchronization initiated. (175 threads)
[2023-10-18T22:55:48.204+0000][235.318s][info ][safepoint     ] Application time: 1.0015056 seconds
[2023-10-18T22:55:48.205+0000][235.319s][info ][safepoint     ] Entering safepoint region: Cleanup
[2023-10-18T22:55:48.205+0000][235.320s][info ][safepoint     ] Leaving safepoint region
[2023-10-18T22:55:48.206+0000][235.320s][info ][safepoint     ] Total time for which application threads were stopped: 0.0011156 seconds, Stopping threads took: 0.0005843 seconds
[2023-10-18T22:55:49.206+0000][236.321s][debug][safepoint     ] Safepoint synchronization initiated. (175 threads)
[2023-10-18T22:55:49.207+0000][236.321s][info ][safepoint     ] Application time: 1.0010440 seconds
[2023-10-18T22:55:49.208+0000][236.322s][info ][safepoint     ] Entering safepoint region: Cleanup
[2023-10-18T22:55:49.209+0000][236.323s][info ][safepoint     ] Leaving safepoint region
[2023-10-18T22:55:49.210+0000][236.324s][info ][safepoint     ] Total time for which application threads were stopped: 0.0016369 seconds, Stopping threads took: 0.0007445 seconds
[2023-10-18T22:55:50.210+0000][237.325s][debug][safepoint     ] Safepoint synchronization initiated. (175 threads)
[2023-10-18T22:55:50.211+0000][237.325s][info ][safepoint     ] Application time: 1.0010441 seconds
[2023-10-18T22:55:50.212+0000][237.326s][info ][safepoint     ] Entering safepoint region: Cleanup
[2023-10-18T22:55:50.213+0000][237.327s][info ][safepoint     ] Leaving safepoint region
[2023-10-18T22:55:50.214+0000][237.328s][info ][safepoint     ] Total time for which application threads were stopped: 0.0015679 seconds, Stopping threads took: 0.0006888 seconds
[2023-10-18T22:55:51.215+0000][238.329s][debug][safepoint     ] Safepoint synchronization initiated. (175 threads)
[2023-10-18T22:55:51.215+0000][238.329s][info ][safepoint     ] Application time: 1.0008169 seconds
[2023-10-18T22:55:51.216+0000][238.330s][info ][safepoint     ] Entering safepoint region: Cleanup
[2023-10-18T22:55:51.216+0000][238.331s][info ][safepoint     ] Leaving safepoint region
[2023-10-18T22:55:51.217+0000][238.331s][info ][safepoint     ] Total time for which application threads were stopped: 0.0012138 seconds, Stopping threads took: 0.0005142 seconds
[2023-10-18T22:55:52.218+0000][239.332s][debug][safepoint     ] Safepoint synchronization initiated. (175 threads)
[2023-10-18T22:55:52.218+0000][239.333s][info ][safepoint     ] Application time: 1.0009779 seconds
[2023-10-18T22:55:52.219+0000][239.333s][info ][safepoint     ] Entering safepoint region: Cleanup
[2023-10-18T22:55:52.220+0000][239.334s][info ][safepoint     ] Leaving safepoint region
[2023-10-18T22:55:52.220+0000][239.334s][info ][safepoint     ] Total time for which application threads were stopped: 0.0012859 seconds, Stopping threads took: 0.0006546 seconds
[2023-10-18T22:55:53.221+0000][240.335s][debug][safepoint     ] Safepoint synchronization initiated. (175 threads)
[2023-10-18T22:55:53.222+0000][240.336s][info ][safepoint     ] Application time: 1.0010341 seconds
[2023-10-18T22:55:53.222+0000][240.336s][info ][safepoint     ] Entering safepoint region: Cleanup
[2023-10-18T22:55:53.223+0000][240.337s][info ][safepoint     ] Leaving safepoint region
[2023-10-18T22:55:53.223+0000][240.338s][info ][safepoint     ] Total time for which application threads were stopped: 0.0011818 seconds, Stopping threads took: 0.0005466 seconds
[2023-10-18T22:55:54.224+0000][241.338s][debug][safepoint     ] Safepoint synchronization initiated. (175 threads)
[2023-10-18T22:55:54.225+0000][241.339s][info ][safepoint     ] Application time: 1.0014403 seconds
[2023-10-18T22:55:54.226+0000][241.340s][info ][safepoint     ] Entering safepoint region: Cleanup
[2023-10-18T22:55:54.227+0000][241.341s][info ][safepoint     ] Leaving safepoint region
[2023-10-18T22:55:54.228+0000][241.342s][info ][safepoint     ] Total time for which application threads were stopped: 0.0018901 seconds, Stopping threads took: 0.0008331 seconds
[2023-10-18T22:55:55.229+0000][242.343s][debug][safepoint     ] Safepoint synchronization initiated. (175 threads)
[2023-10-18T22:55:55.230+0000][242.344s][info ][safepoint     ] Application time: 1.0014372 seconds
[2023-10-18T22:55:55.231+0000][242.345s][info ][safepoint     ] Entering safepoint region: Cleanup
[2023-10-18T22:55:55.232+0000][242.347s][info ][safepoint     ] Leaving safepoint region
[2023-10-18T22:55:55.233+0000][242.347s][info ][safepoint     ] Total time for which application threads were stopped: 0.0021453 seconds, Stopping threads took: 0.0009136 seconds
[2023-10-18T22:55:56.234+0000][243.348s][debug][safepoint     ] Safepoint synchronization initiated. (175 threads)
[2023-10-18T22:55:56.235+0000][243.349s][info ][safepoint     ] Application time: 1.0010028 seconds
[2023-10-18T22:55:56.236+0000][243.350s][info ][safepoint     ] Entering safepoint region: Cleanup
[2023-10-18T22:55:56.237+0000][243.351s][info ][safepoint     ] Leaving safepoint region
[2023-10-18T22:55:56.237+0000][243.351s][info ][safepoint     ] Total time for which application threads were stopped: 0.0014280 seconds, Stopping threads took: 0.0006021 seconds
[2023-10-18T22:55:57.238+0000][244.352s][debug][safepoint     ] Safepoint synchronization initiated. (175 threads)
[2023-10-18T22:55:57.239+0000][244.353s][info ][safepoint     ] Application time: 1.0012813 seconds
[2023-10-18T22:55:57.240+0000][244.354s][info ][safepoint     ] Entering safepoint region: Cleanup
[2023-10-18T22:55:57.241+0000][244.355s][info ][safepoint     ] Leaving safepoint region
[2023-10-18T22:55:57.242+0000][244.356s][info ][safepoint     ] Total time for which application threads were stopped: 0.0017630 seconds, Stopping threads took: 0.0007875 seconds
[2023-10-18T22:55:58.243+0000][245.357s][debug][safepoint     ] Safepoint synchronization initiated. (175 threads)
[2023-10-18T22:55:58.243+0000][245.357s][info ][safepoint     ] Application time: 1.0007552 seconds
[2023-10-18T22:55:58.244+0000][245.358s][info ][safepoint     ] Entering safepoint region: Cleanup
[2023-10-18T22:55:58.244+0000][245.358s][info ][safepoint     ] Leaving safepoint region
[2023-10-18T22:55:58.245+0000][245.359s][info ][safepoint     ] Total time for which application threads were stopped: 0.0012332 seconds, Stopping threads took: 0.0004695 seconds
[2023-10-18T22:55:59.246+0000][246.360s][debug][safepoint     ] Safepoint synchronization initiated. (175 threads)
[2023-10-18T22:55:59.247+0000][246.361s][info ][safepoint     ] Application time: 1.0013443 seconds
[2023-10-18T22:55:59.248+0000][246.362s][info ][safepoint     ] Entering safepoint region: Cleanup
[2023-10-18T22:55:59.249+0000][246.363s][info ][safepoint     ] Leaving safepoint region
[2023-10-18T22:55:59.250+0000][246.364s][info ][safepoint     ] Total time for which application threads were stopped: 0.0021496 seconds, Stopping threads took: 0.0009314 seconds
[2023-10-18T22:56:00.251+0000][247.365s][debug][safepoint     ] Safepoint synchronization initiated. (175 threads)
[2023-10-18T22:56:00.252+0000][247.366s][info ][safepoint     ] Application time: 1.0008184 seconds
[2023-10-18T22:56:00.252+0000][247.366s][info ][safepoint     ] Entering safepoint region: Cleanup
[2023-10-18T22:56:00.253+0000][247.367s][info ][safepoint     ] Leaving safepoint region
[2023-10-18T22:56:00.253+0000][247.367s][info ][safepoint     ] Total time for which application threads were stopped: 0.0012674 seconds, Stopping threads took: 0.0005123 seconds
[2023-10-18T22:56:01.254+0000][248.368s][debug][safepoint     ] Safepoint synchronization initiated. (175 threads)
[2023-10-18T22:56:01.254+0000][248.369s][info ][safepoint     ] Application time: 1.0006563 seconds
[2023-10-18T22:56:01.255+0000][248.369s][info ][safepoint     ] Entering safepoint region: Cleanup
[2023-10-18T22:56:01.256+0000][248.370s][info ][safepoint     ] Leaving safepoint region
[2023-10-18T22:56:01.256+0000][248.370s][info ][safepoint     ] Total time for which application threads were stopped: 0.0012951 seconds, Stopping threads took: 0.0006889 seconds
[2023-10-18T22:56:02.257+0000][249.371s][debug][safepoint     ] Safepoint synchronization initiated. (175 threads)
[2023-10-18T22:56:02.258+0000][249.372s][info ][safepoint     ] Application time: 1.0010521 seconds
[2023-10-18T22:56:02.258+0000][249.373s][info ][safepoint     ] Entering safepoint region: Cleanup
[2023-10-18T22:56:02.259+0000][249.373s][info ][safepoint     ] Leaving safepoint region
[2023-10-18T22:56:02.260+0000][249.374s][info ][safepoint     ] Total time for which application threads were stopped: 0.0014030 seconds, Stopping threads took: 0.0006932 seconds
[2023-10-18T22:56:03.261+0000][250.375s][debug][safepoint     ] Safepoint synchronization initiated. (175 threads)
[2023-10-18T22:56:03.261+0000][250.375s][info ][safepoint     ] Application time: 1.0008447 seconds
[2023-10-18T22:56:03.262+0000][250.376s][info ][safepoint     ] Entering safepoint region: Cleanup
[2023-10-18T22:56:03.263+0000][250.377s][info ][safepoint     ] Leaving safepoint region
[2023-10-18T22:56:03.263+0000][250.377s][info ][safepoint     ] Total time for which application threads were stopped: 0.0013512 seconds, Stopping threads took: 0.0005441 seconds
[2023-10-18T22:56:04.264+0000][251.378s][debug][safepoint     ] Safepoint synchronization initiated. (175 threads)
[2023-10-18T22:56:04.264+0000][251.378s][info ][safepoint     ] Application time: 1.0007684 seconds
[2023-10-18T22:56:04.265+0000][251.379s][info ][safepoint     ] Entering safepoint region: Cleanup
[2023-10-18T22:56:04.266+0000][251.380s][info ][safepoint     ] Leaving safepoint region
[2023-10-18T22:56:04.266+0000][251.380s][info ][safepoint     ] Total time for which application threads were stopped: 0.0013267 seconds, Stopping threads took: 0.0005858 seconds
[2023-10-18T22:56:05.267+0000][252.381s][debug][safepoint     ] Safepoint synchronization initiated. (175 threads)
[2023-10-18T22:56:05.268+0000][252.382s][info ][safepoint     ] Application time: 1.0009112 seconds
[2023-10-18T22:56:05.268+0000][252.382s][info ][safepoint     ] Entering safepoint region: Cleanup
[2023-10-18T22:56:05.269+0000][252.383s][info ][safepoint     ] Leaving safepoint region
[2023-10-18T22:56:05.269+0000][252.384s][info ][safepoint     ] Total time for which application threads were stopped: 0.0013091 seconds, Stopping threads took: 0.0005583 seconds
[2023-10-18T22:56:06.270+0000][253.384s][debug][safepoint     ] Safepoint synchronization initiated. (175 threads)
[2023-10-18T22:56:06.271+0000][253.385s][info ][safepoint     ] Application time: 1.0008246 seconds
[2023-10-18T22:56:06.271+0000][253.386s][info ][safepoint     ] Entering safepoint region: Cleanup
[2023-10-18T22:56:06.272+0000][253.386s][info ][safepoint     ] Leaving safepoint region
[2023-10-18T22:56:06.273+0000][253.387s][info ][safepoint     ] Total time for which application threads were stopped: 0.0012381 seconds, Stopping threads took: 0.0005829 seconds
[2023-10-18T22:56:07.273+0000][254.388s][debug][safepoint     ] Safepoint synchronization initiated. (175 threads)
[2023-10-18T22:56:07.274+0000][254.388s][info ][safepoint     ] Application time: 1.0011175 seconds
[2023-10-18T22:56:07.275+0000][254.389s][info ][safepoint     ] Entering safepoint region: Cleanup
[2023-10-18T22:56:07.276+0000][254.390s][info ][safepoint     ] Leaving safepoint region
[2023-10-18T22:56:07.277+0000][254.391s][info ][safepoint     ] Total time for which application threads were stopped: 0.0016945 seconds, Stopping threads took: 0.0007624 seconds
[2023-10-18T22:56:08.277+0000][255.392s][debug][safepoint     ] Safepoint synchronization initiated. (175 threads)
[2023-10-18T22:56:08.278+0000][255.392s][info ][safepoint     ] Application time: 1.0007664 seconds
[2023-10-18T22:56:08.278+0000][255.393s][info ][safepoint     ] Entering safepoint region: Cleanup
[2023-10-18T22:56:08.279+0000][255.393s][info ][safepoint     ] Leaving safepoint region
[2023-10-18T22:56:08.280+0000][255.394s][info ][safepoint     ] Total time for which application threads were stopped: 0.0012787 seconds, Stopping threads took: 0.0004903 seconds
[2023-10-18T22:56:09.280+0000][256.395s][debug][safepoint     ] Safepoint synchronization initiated. (175 threads)
[2023-10-18T22:56:09.282+0000][256.396s][info ][safepoint     ] Application time: 1.0016113 seconds
[2023-10-18T22:56:09.283+0000][256.397s][info ][safepoint     ] Entering safepoint region: Cleanup
[2023-10-18T22:56:09.284+0000][256.398s][info ][safepoint     ] Leaving safepoint region
[2023-10-18T22:56:09.285+0000][256.399s][info ][safepoint     ] Total time for which application threads were stopped: 0.0022209 seconds, Stopping threads took: 0.0011382 seconds
[2023-10-18T22:56:10.286+0000][257.400s][debug][safepoint     ] Safepoint synchronization initiated. (175 threads)
[2023-10-18T22:56:10.287+0000][257.401s][info ][safepoint     ] Application time: 1.0009482 seconds
[2023-10-18T22:56:10.287+0000][257.402s][info ][safepoint     ] Entering safepoint region: Cleanup
[2023-10-18T22:56:10.288+0000][257.402s][info ][safepoint     ] Leaving safepoint region
[2023-10-18T22:56:10.289+0000][257.403s][info ][safepoint     ] Total time for which application threads were stopped: 0.0012773 seconds, Stopping threads took: 0.0005887 seconds
[2023-10-18T22:56:11.289+0000][258.403s][debug][safepoint     ] Safepoint synchronization initiated. (175 threads)
[2023-10-18T22:56:11.290+0000][258.404s][info ][safepoint     ] Application time: 1.0008158 seconds
[2023-10-18T22:56:11.290+0000][258.405s][info ][safepoint     ] Entering safepoint region: Cleanup
[2023-10-18T22:56:11.291+0000][258.405s][info ][safepoint     ] Leaving safepoint region
[2023-10-18T22:56:11.291+0000][258.406s][info ][safepoint     ] Total time for which application threads were stopped: 0.0010685 seconds, Stopping threads took: 0.0004906 seconds
[2023-10-18T22:56:12.292+0000][259.407s][debug][safepoint     ] Safepoint synchronization initiated. (175 threads)
[2023-10-18T22:56:12.293+0000][259.407s][info ][safepoint     ] Application time: 1.0010105 seconds
[2023-10-18T22:56:12.294+0000][259.408s][info ][safepoint     ] Entering safepoint region: Cleanup
[2023-10-18T22:56:12.295+0000][259.409s][info ][safepoint     ] Leaving safepoint region
[2023-10-18T22:56:12.295+0000][259.409s][info ][safepoint     ] Total time for which application threads were stopped: 0.0014567 seconds, Stopping threads took: 0.0006720 seconds
[2023-10-18T22:56:13.296+0000][260.410s][debug][safepoint     ] Safepoint synchronization initiated. (175 threads)
[2023-10-18T22:56:13.297+0000][260.411s][info ][safepoint     ] Application time: 1.0012193 seconds
[2023-10-18T22:56:13.297+0000][260.412s][info ][safepoint     ] Entering safepoint region: Cleanup
[2023-10-18T22:56:13.298+0000][260.413s][info ][safepoint     ] Leaving safepoint region
[2023-10-18T22:56:13.299+0000][260.414s][info ][safepoint     ] Total time for which application threads were stopped: 0.0019605 seconds, Stopping threads took: 0.0007773 seconds
[2023-10-18T22:56:14.300+0000][261.414s][debug][safepoint     ] Safepoint synchronization initiated. (175 threads)
[2023-10-18T22:56:14.301+0000][261.415s][info ][safepoint     ] Application time: 1.0007339 seconds
[2023-10-18T22:56:14.301+0000][261.415s][info ][safepoint     ] Entering safepoint region: Cleanup
[2023-10-18T22:56:14.302+0000][261.416s][info ][safepoint     ] Leaving safepoint region
[2023-10-18T22:56:14.302+0000][261.417s][info ][safepoint     ] Total time for which application threads were stopped: 0.0011995 seconds, Stopping threads took: 0.0004668 seconds
[2023-10-18T22:56:15.303+0000][262.417s][debug][safepoint     ] Safepoint synchronization initiated. (175 threads)
[2023-10-18T22:56:15.303+0000][262.418s][info ][safepoint     ] Application time: 1.0007132 seconds
[2023-10-18T22:56:15.304+0000][262.418s][info ][safepoint     ] Entering safepoint region: Cleanup
[2023-10-18T22:56:15.305+0000][262.419s][info ][safepoint     ] Leaving safepoint region
[2023-10-18T22:56:15.305+0000][262.419s][info ][safepoint     ] Total time for which application threads were stopped: 0.0011348 seconds, Stopping threads took: 0.0005027 seconds
[2023-10-18T22:56:16.306+0000][263.420s][debug][safepoint     ] Safepoint synchronization initiated. (175 threads)
[2023-10-18T22:56:16.306+0000][263.421s][info ][safepoint     ] Application time: 1.0009300 seconds
[2023-10-18T22:56:16.307+0000][263.421s][info ][safepoint     ] Entering safepoint region: Cleanup
[2023-10-18T22:56:16.308+0000][263.422s][info ][safepoint     ] Leaving safepoint region
[2023-10-18T22:56:16.308+0000][263.422s][info ][safepoint     ] Total time for which application threads were stopped: 0.0011491 seconds, Stopping threads took: 0.0005605 seconds
[2023-10-18T22:56:17.309+0000][264.423s][debug][safepoint     ] Safepoint synchronization initiated. (175 threads)
[2023-10-18T22:56:17.309+0000][264.424s][info ][safepoint     ] Application time: 1.0007658 seconds
[2023-10-18T22:56:17.310+0000][264.424s][debug][safepoint     ] ... found polling page return exception at pc = 0x00007f38b0b6e544, stub =0x00007f38a8840600
[2023-10-18T22:56:17.310+0000][264.424s][debug][safepoint     ] ... found polling page return exception at pc = 0x00007f38b0979a76, stub =0x00007f38a8840600
[2023-10-18T22:56:17.311+0000][264.425s][debug][safepoint     ] Waiting for 4 thread(s) to block
[2023-10-18T22:56:17.312+0000][264.426s][info ][safepoint     ] Entering safepoint region: Cleanup
[2023-10-18T22:56:17.313+0000][264.427s][info ][safepoint     ] Leaving safepoint region
[2023-10-18T22:56:17.313+0000][264.428s][info ][safepoint     ] Total time for which application threads were stopped: 0.0032952 seconds, Stopping threads took: 0.0026214 seconds
[2023-10-18T22:56:18.314+0000][265.428s][debug][safepoint     ] Safepoint synchronization initiated. (175 threads)
[2023-10-18T22:56:18.315+0000][265.429s][info ][safepoint     ] Application time: 1.0008370 seconds
[2023-10-18T22:56:18.315+0000][265.429s][info ][safepoint     ] Entering safepoint region: Cleanup
[2023-10-18T22:56:18.316+0000][265.430s][info ][safepoint     ] Leaving safepoint region
[2023-10-18T22:56:18.316+0000][265.430s][info ][safepoint     ] Total time for which application threads were stopped: 0.0009841 seconds, Stopping threads took: 0.0004217 seconds
[2023-10-18T22:56:19.317+0000][266.431s][debug][safepoint     ] Safepoint synchronization initiated. (175 threads)
[2023-10-18T22:56:19.317+0000][266.431s][info ][safepoint     ] Application time: 1.0005870 seconds
[2023-10-18T22:56:19.317+0000][266.432s][info ][safepoint     ] Entering safepoint region: Cleanup
[2023-10-18T22:56:19.318+0000][266.432s][info ][safepoint     ] Leaving safepoint region
[2023-10-18T22:56:19.318+0000][266.433s][info ][safepoint     ] Total time for which application threads were stopped: 0.0009515 seconds, Stopping threads took: 0.0003733 seconds
[2023-10-18T22:56:20.319+0000][267.433s][debug][safepoint     ] Safepoint synchronization initiated. (175 threads)
[2023-10-18T22:56:20.319+0000][267.434s][info ][safepoint     ] Application time: 1.0006426 seconds
[2023-10-18T22:56:20.320+0000][267.434s][info ][safepoint     ] Entering safepoint region: Cleanup
[2023-10-18T22:56:20.320+0000][267.435s][info ][safepoint     ] Leaving safepoint region
[2023-10-18T22:56:20.321+0000][267.435s][info ][safepoint     ] Total time for which application threads were stopped: 0.0009599 seconds, Stopping threads took: 0.0004115 seconds
[2023-10-18T22:56:21.321+0000][268.436s][debug][safepoint     ] Safepoint synchronization initiated. (175 threads)
[2023-10-18T22:56:21.322+0000][268.436s][info ][safepoint     ] Application time: 1.0011069 seconds
[2023-10-18T22:56:21.323+0000][268.437s][info ][safepoint     ] Entering safepoint region: Cleanup
[2023-10-18T22:56:21.324+0000][268.439s][info ][safepoint     ] Leaving safepoint region
[2023-10-18T22:56:21.325+0000][268.439s][info ][safepoint     ] Total time for which application threads were stopped: 0.0020910 seconds, Stopping threads took: 0.0013493 seconds
[2023-10-18T22:56:22.325+0000][269.440s][debug][safepoint     ] Safepoint synchronization initiated. (175 threads)
[2023-10-18T22:56:22.326+0000][269.440s][info ][safepoint     ] Application time: 1.0006097 seconds
[2023-10-18T22:56:22.326+0000][269.441s][info ][safepoint     ] Entering safepoint region: Cleanup
[2023-10-18T22:56:22.327+0000][269.441s][info ][safepoint     ] Leaving safepoint region
[2023-10-18T22:56:22.327+0000][269.441s][info ][safepoint     ] Total time for which application threads were stopped: 0.0009275 seconds, Stopping threads took: 0.0003820 seconds
[2023-10-18T22:56:23.328+0000][270.442s][debug][safepoint     ] Safepoint synchronization initiated. (175 threads)
[2023-10-18T22:56:23.328+0000][270.443s][info ][safepoint     ] Application time: 1.0007460 seconds
[2023-10-18T22:56:23.329+0000][270.443s][info ][safepoint     ] Entering safepoint region: Cleanup
[2023-10-18T22:56:23.329+0000][270.444s][info ][safepoint     ] Leaving safepoint region
[2023-10-18T22:56:23.330+0000][270.444s][info ][safepoint     ] Total time for which application threads were stopped: 0.0009527 seconds, Stopping threads took: 0.0004342 seconds
[2023-10-18T22:56:24.330+0000][271.445s][debug][safepoint     ] Safepoint synchronization initiated. (175 threads)
[2023-10-18T22:56:24.331+0000][271.445s][info ][safepoint     ] Application time: 1.0006915 seconds
[2023-10-18T22:56:24.331+0000][271.445s][info ][safepoint     ] Entering safepoint region: Cleanup
[2023-10-18T22:56:24.332+0000][271.446s][info ][safepoint     ] Leaving safepoint region
[2023-10-18T22:56:24.332+0000][271.446s][info ][safepoint     ] Total time for which application threads were stopped: 0.0008848 seconds, Stopping threads took: 0.0004116 seconds
[2023-10-18T22:56:25.333+0000][272.447s][debug][safepoint     ] Safepoint synchronization initiated. (175 threads)
[2023-10-18T22:56:25.334+0000][272.448s][info ][safepoint     ] Application time: 1.0014421 seconds
[2023-10-18T22:56:25.335+0000][272.449s][info ][safepoint     ] Entering safepoint region: Cleanup
[2023-10-18T22:56:25.336+0000][272.450s][info ][safepoint     ] Leaving safepoint region
[2023-10-18T22:56:25.336+0000][272.450s][info ][safepoint     ] Total time for which application threads were stopped: 0.0015426 seconds, Stopping threads took: 0.0007626 seconds
[2023-10-18T22:56:26.337+0000][273.451s][debug][safepoint     ] Safepoint synchronization initiated. (175 threads)
[2023-10-18T22:56:26.338+0000][273.452s][info ][safepoint     ] Application time: 1.0010615 seconds
[2023-10-18T22:56:26.339+0000][273.453s][info ][safepoint     ] Entering safepoint region: Cleanup
[2023-10-18T22:56:26.339+0000][273.454s][info ][safepoint     ] Leaving safepoint region
[2023-10-18T22:56:26.340+0000][273.454s][info ][safepoint     ] Total time for which application threads were stopped: 0.0014709 seconds, Stopping threads took: 0.0005968 seconds
[2023-10-18T22:56:27.341+0000][274.455s][debug][safepoint     ] Safepoint synchronization initiated. (175 threads)
[2023-10-18T22:56:27.341+0000][274.456s][info ][safepoint     ] Application time: 1.0007915 seconds
[2023-10-18T22:56:27.342+0000][274.456s][info ][safepoint     ] Entering safepoint region: Cleanup
[2023-10-18T22:56:27.343+0000][274.457s][info ][safepoint     ] Leaving safepoint region
[2023-10-18T22:56:27.343+0000][274.457s][info ][safepoint     ] Total time for which application threads were stopped: 0.0011416 seconds, Stopping threads took: 0.0005159 seconds
[2023-10-18T22:56:28.344+0000][275.458s][debug][safepoint     ] Safepoint synchronization initiated. (175 threads)
[2023-10-18T22:56:28.344+0000][275.458s][info ][safepoint     ] Application time: 1.0006469 seconds
[2023-10-18T22:56:28.345+0000][275.459s][info ][safepoint     ] Entering safepoint region: Cleanup
[2023-10-18T22:56:28.345+0000][275.459s][info ][safepoint     ] Leaving safepoint region
[2023-10-18T22:56:28.346+0000][275.460s][info ][safepoint     ] Total time for which application threads were stopped: 0.0010462 seconds, Stopping threads took: 0.0005053 seconds
[2023-10-18T22:56:29.346+0000][276.460s][debug][safepoint     ] Safepoint synchronization initiated. (175 threads)
[2023-10-18T22:56:29.347+0000][276.461s][info ][safepoint     ] Application time: 1.0007633 seconds
[2023-10-18T22:56:29.347+0000][276.462s][info ][safepoint     ] Entering safepoint region: Cleanup
[2023-10-18T22:56:29.348+0000][276.462s][info ][safepoint     ] Leaving safepoint region
[2023-10-18T22:56:29.349+0000][276.463s][info ][safepoint     ] Total time for which application threads were stopped: 0.0014025 seconds, Stopping threads took: 0.0006891 seconds
[2023-10-18T22:56:30.349+0000][277.464s][debug][safepoint     ] Safepoint synchronization initiated. (175 threads)
[2023-10-18T22:56:30.350+0000][277.464s][info ][safepoint     ] Application time: 1.0006805 seconds
[2023-10-18T22:56:30.350+0000][277.465s][info ][safepoint     ] Entering safepoint region: Cleanup
[2023-10-18T22:56:30.351+0000][277.465s][info ][safepoint     ] Leaving safepoint region
[2023-10-18T22:56:30.351+0000][277.465s][info ][safepoint     ] Total time for which application threads were stopped: 0.0009840 seconds, Stopping threads took: 0.0004240 seconds
[2023-10-18T22:56:31.352+0000][278.466s][debug][safepoint     ] Safepoint synchronization initiated. (175 threads)
[2023-10-18T22:56:31.352+0000][278.467s][info ][safepoint     ] Application time: 1.0008282 seconds
[2023-10-18T22:56:31.353+0000][278.467s][info ][safepoint     ] Entering safepoint region: Cleanup
[2023-10-18T22:56:31.354+0000][278.468s][info ][safepoint     ] Leaving safepoint region
[2023-10-18T22:56:31.354+0000][278.469s][info ][safepoint     ] Total time for which application threads were stopped: 0.0014297 seconds, Stopping threads took: 0.0005078 seconds
[2023-10-18T22:56:32.355+0000][279.469s][debug][safepoint     ] Safepoint synchronization initiated. (175 threads)
[2023-10-18T22:56:32.356+0000][279.470s][info ][safepoint     ] Application time: 1.0007632 seconds
[2023-10-18T22:56:32.356+0000][279.471s][info ][safepoint     ] Entering safepoint region: Cleanup
[2023-10-18T22:56:32.357+0000][279.471s][info ][safepoint     ] Leaving safepoint region
[2023-10-18T22:56:32.357+0000][279.472s][info ][safepoint     ] Total time for which application threads were stopped: 0.0011524 seconds, Stopping threads took: 0.0005263 seconds
[2023-10-18T22:56:33.358+0000][280.472s][debug][safepoint     ] Safepoint synchronization initiated. (175 threads)
[2023-10-18T22:56:33.358+0000][280.473s][info ][safepoint     ] Application time: 1.0005604 seconds
[2023-10-18T22:56:33.359+0000][280.473s][info ][safepoint     ] Entering safepoint region: Cleanup
[2023-10-18T22:56:33.359+0000][280.474s][info ][safepoint     ] Leaving safepoint region
[2023-10-18T22:56:33.360+0000][280.474s][info ][safepoint     ] Total time for which application threads were stopped: 0.0010239 seconds, Stopping threads took: 0.0004411 seconds
[2023-10-18T22:56:34.360+0000][281.474s][debug][safepoint     ] Safepoint synchronization initiated. (175 threads)
[2023-10-18T22:56:34.361+0000][281.475s][info ][safepoint     ] Application time: 1.0005228 seconds
[2023-10-18T22:56:34.361+0000][281.475s][info ][safepoint     ] Entering safepoint region: Cleanup
[2023-10-18T22:56:34.362+0000][281.476s][info ][safepoint     ] Leaving safepoint region
[2023-10-18T22:56:34.362+0000][281.476s][info ][safepoint     ] Total time for which application threads were stopped: 0.0007970 seconds, Stopping threads took: 0.0003340 seconds
[2023-10-18T22:56:35.362+0000][282.476s][debug][safepoint     ] Safepoint synchronization initiated. (175 threads)
[2023-10-18T22:56:35.363+0000][282.477s][info ][safepoint     ] Application time: 1.0006603 seconds
[2023-10-18T22:56:35.363+0000][282.477s][info ][safepoint     ] Entering safepoint region: Cleanup
[2023-10-18T22:56:35.364+0000][282.478s][info ][safepoint     ] Leaving safepoint region
[2023-10-18T22:56:35.364+0000][282.478s][info ][safepoint     ] Total time for which application threads were stopped: 0.0011007 seconds, Stopping threads took: 0.0005206 seconds
[2023-10-18T22:56:36.365+0000][283.479s][debug][safepoint     ] Safepoint synchronization initiated. (175 threads)
[2023-10-18T22:56:36.365+0000][283.480s][info ][safepoint     ] Application time: 1.0008412 seconds
[2023-10-18T22:56:36.366+0000][283.480s][info ][safepoint     ] Entering safepoint region: Cleanup
[2023-10-18T22:56:36.367+0000][283.481s][info ][safepoint     ] Leaving safepoint region
[2023-10-18T22:56:36.367+0000][283.482s][info ][safepoint     ] Total time for which application threads were stopped: 0.0012970 seconds, Stopping threads took: 0.0005458 seconds
[2023-10-18T22:56:37.368+0000][284.482s][debug][safepoint     ] Safepoint synchronization initiated. (175 threads)
[2023-10-18T22:56:37.369+0000][284.483s][info ][safepoint     ] Application time: 1.0007751 seconds
[2023-10-18T22:56:37.369+0000][284.483s][info ][safepoint     ] Entering safepoint region: Cleanup
[2023-10-18T22:56:37.370+0000][284.484s][info ][safepoint     ] Leaving safepoint region
[2023-10-18T22:56:37.371+0000][284.485s][info ][safepoint     ] Total time for which application threads were stopped: 0.0014973 seconds, Stopping threads took: 0.0008597 seconds
[2023-10-18T22:56:38.371+0000][285.486s][debug][safepoint     ] Safepoint synchronization initiated. (175 threads)
[2023-10-18T22:56:38.372+0000][285.486s][info ][safepoint     ] Application time: 1.0009771 seconds
[2023-10-18T22:56:38.373+0000][285.487s][info ][safepoint     ] Entering safepoint region: Cleanup
[2023-10-18T22:56:38.373+0000][285.487s][info ][safepoint     ] Leaving safepoint region
[2023-10-18T22:56:38.374+0000][285.488s][info ][safepoint     ] Total time for which application threads were stopped: 0.0010493 seconds, Stopping threads took: 0.0004749 seconds
[2023-10-18T22:56:39.374+0000][286.488s][debug][safepoint     ] Safepoint synchronization initiated. (175 threads)
[2023-10-18T22:56:39.374+0000][286.489s][info ][safepoint     ] Application time: 1.0005926 seconds
[2023-10-18T22:56:39.375+0000][286.489s][info ][safepoint     ] Entering safepoint region: Cleanup
[2023-10-18T22:56:39.376+0000][286.490s][info ][safepoint     ] Leaving safepoint region
[2023-10-18T22:56:39.376+0000][286.491s][info ][safepoint     ] Total time for which application threads were stopped: 0.0012806 seconds, Stopping threads took: 0.0006497 seconds
[2023-10-18T22:56:40.377+0000][287.491s][debug][safepoint     ] Safepoint synchronization initiated. (175 threads)
[2023-10-18T22:56:40.377+0000][287.492s][info ][safepoint     ] Application time: 1.0007678 seconds
[2023-10-18T22:56:40.378+0000][287.492s][info ][safepoint     ] Entering safepoint region: Cleanup
[2023-10-18T22:56:40.378+0000][287.493s][info ][safepoint     ] Leaving safepoint region
[2023-10-18T22:56:40.379+0000][287.493s][info ][safepoint     ] Total time for which application threads were stopped: 0.0009861 seconds, Stopping threads took: 0.0004612 seconds
[2023-10-18T22:56:41.379+0000][288.494s][debug][safepoint     ] Safepoint synchronization initiated. (174 threads)
[2023-10-18T22:56:41.381+0000][288.495s][info ][safepoint     ] Application time: 1.0017227 seconds
[2023-10-18T22:56:41.382+0000][288.496s][info ][safepoint     ] Entering safepoint region: Cleanup
[2023-10-18T22:56:41.382+0000][288.497s][info ][safepoint     ] Leaving safepoint region
[2023-10-18T22:56:41.383+0000][288.497s][info ][safepoint     ] Total time for which application threads were stopped: 0.0012082 seconds, Stopping threads took: 0.0005396 seconds
[2023-10-18T22:56:42.383+0000][289.498s][debug][safepoint     ] Safepoint synchronization initiated. (174 threads)
[2023-10-18T22:56:42.384+0000][289.498s][info ][safepoint     ] Application time: 1.0005784 seconds
[2023-10-18T22:56:42.384+0000][289.498s][info ][safepoint     ] Entering safepoint region: Cleanup
[2023-10-18T22:56:42.385+0000][289.499s][info ][safepoint     ] Leaving safepoint region
[2023-10-18T22:56:42.385+0000][289.500s][info ][safepoint     ] Total time for which application threads were stopped: 0.0011275 seconds, Stopping threads took: 0.0004842 seconds
[2023-10-18T22:56:43.386+0000][290.500s][debug][safepoint     ] Safepoint synchronization initiated. (174 threads)
[2023-10-18T22:56:43.386+0000][290.500s][info ][safepoint     ] Application time: 1.0004906 seconds
[2023-10-18T22:56:43.386+0000][290.501s][info ][safepoint     ] Entering safepoint region: Cleanup
[2023-10-18T22:56:43.387+0000][290.501s][info ][safepoint     ] Leaving safepoint region
[2023-10-18T22:56:43.387+0000][290.502s][info ][safepoint     ] Total time for which application threads were stopped: 0.0010302 seconds, Stopping threads took: 0.0004769 seconds
[2023-10-18T22:56:44.388+0000][291.502s][debug][safepoint     ] Safepoint synchronization initiated. (174 threads)
[2023-10-18T22:56:44.389+0000][291.503s][info ][safepoint     ] Application time: 1.0008385 seconds
[2023-10-18T22:56:44.389+0000][291.503s][info ][safepoint     ] Entering safepoint region: Cleanup
[2023-10-18T22:56:44.390+0000][291.504s][info ][safepoint     ] Leaving safepoint region
[2023-10-18T22:56:44.390+0000][291.504s][info ][safepoint     ] Total time for which application threads were stopped: 0.0011777 seconds, Stopping threads took: 0.0004571 seconds
[2023-10-18T22:56:45.391+0000][292.505s][debug][safepoint     ] Safepoint synchronization initiated. (174 threads)
[2023-10-18T22:56:45.392+0000][292.506s][info ][safepoint     ] Application time: 1.0011190 seconds
[2023-10-18T22:56:45.392+0000][292.507s][info ][safepoint     ] Entering safepoint region: Cleanup
[2023-10-18T22:56:45.393+0000][292.508s][info ][safepoint     ] Leaving safepoint region
[2023-10-18T22:56:45.394+0000][292.508s][info ][safepoint     ] Total time for which application threads were stopped: 0.0014008 seconds, Stopping threads took: 0.0006751 seconds
[2023-10-18T22:56:46.395+0000][293.509s][debug][safepoint     ] Safepoint synchronization initiated. (174 threads)
[2023-10-18T22:56:46.395+0000][293.510s][info ][safepoint     ] Application time: 1.0008253 seconds
[2023-10-18T22:56:46.396+0000][293.510s][info ][safepoint     ] Entering safepoint region: Cleanup
[2023-10-18T22:56:46.397+0000][293.511s][info ][safepoint     ] Leaving safepoint region
[2023-10-18T22:56:46.397+0000][293.512s][info ][safepoint     ] Total time for which application threads were stopped: 0.0014497 seconds, Stopping threads took: 0.0006232 seconds
[2023-10-18T22:56:47.398+0000][294.513s][debug][safepoint     ] Safepoint synchronization initiated. (174 threads)
[2023-10-18T22:56:47.399+0000][294.513s][info ][safepoint     ] Application time: 1.0012235 seconds
[2023-10-18T22:56:47.400+0000][294.514s][info ][safepoint     ] Entering safepoint region: Cleanup
[2023-10-18T22:56:47.401+0000][294.515s][info ][safepoint     ] Leaving safepoint region
[2023-10-18T22:56:47.401+0000][294.516s][info ][safepoint     ] Total time for which application threads were stopped: 0.0014846 seconds, Stopping threads took: 0.0007006 seconds
[2023-10-18T22:56:48.402+0000][295.516s][debug][safepoint     ] Safepoint synchronization initiated. (174 threads)
[2023-10-18T22:56:48.403+0000][295.517s][info ][safepoint     ] Application time: 1.0009674 seconds
[2023-10-18T22:56:48.404+0000][295.518s][info ][safepoint     ] Entering safepoint region: Cleanup
[2023-10-18T22:56:48.405+0000][295.519s][info ][safepoint     ] Leaving safepoint region
[2023-10-18T22:56:48.405+0000][295.519s][info ][safepoint     ] Total time for which application threads were stopped: 0.0014976 seconds, Stopping threads took: 0.0007915 seconds
[2023-10-18T22:56:49.406+0000][296.520s][debug][safepoint     ] Safepoint synchronization initiated. (174 threads)
[2023-10-18T22:56:49.406+0000][296.521s][info ][safepoint     ] Application time: 1.0008068 seconds
[2023-10-18T22:56:49.407+0000][296.521s][info ][safepoint     ] Entering safepoint region: Cleanup
[2023-10-18T22:56:49.408+0000][296.522s][info ][safepoint     ] Leaving safepoint region
[2023-10-18T22:56:49.408+0000][296.522s][info ][safepoint     ] Total time for which application threads were stopped: 0.0014071 seconds, Stopping threads took: 0.0006601 seconds
[2023-10-18T22:56:50.409+0000][297.523s][debug][safepoint     ] Safepoint synchronization initiated. (174 threads)
[2023-10-18T22:56:50.409+0000][297.524s][info ][safepoint     ] Application time: 1.0007126 seconds
[2023-10-18T22:56:50.410+0000][297.524s][info ][safepoint     ] Entering safepoint region: Cleanup
[2023-10-18T22:56:50.410+0000][297.525s][info ][safepoint     ] Leaving safepoint region
[2023-10-18T22:56:50.411+0000][297.525s][info ][safepoint     ] Total time for which application threads were stopped: 0.0011323 seconds, Stopping threads took: 0.0004415 seconds
[2023-10-18T22:56:51.412+0000][298.526s][debug][safepoint     ] Safepoint synchronization initiated. (174 threads)
[2023-10-18T22:56:51.412+0000][298.527s][info ][safepoint     ] Application time: 1.0009184 seconds
[2023-10-18T22:56:51.413+0000][298.527s][info ][safepoint     ] Entering safepoint region: Cleanup
[2023-10-18T22:56:51.414+0000][298.528s][info ][safepoint     ] Leaving safepoint region
[2023-10-18T22:56:51.414+0000][298.528s][info ][safepoint     ] Total time for which application threads were stopped: 0.0011601 seconds, Stopping threads took: 0.0005026 seconds
[2023-10-18T22:56:52.415+0000][299.529s][debug][safepoint     ] Safepoint synchronization initiated. (174 threads)
[2023-10-18T22:56:52.415+0000][299.530s][info ][safepoint     ] Application time: 1.0008138 seconds
[2023-10-18T22:56:52.416+0000][299.530s][info ][safepoint     ] Entering safepoint region: Cleanup
[2023-10-18T22:56:52.417+0000][299.531s][info ][safepoint     ] Leaving safepoint region
[2023-10-18T22:56:52.417+0000][299.531s][info ][safepoint     ] Total time for which application threads were stopped: 0.0011855 seconds, Stopping threads took: 0.0005022 seconds
[2023-10-18T22:56:53.418+0000][300.532s][debug][safepoint     ] Safepoint synchronization initiated. (174 threads)
[2023-10-18T22:56:53.418+0000][300.532s][info ][safepoint     ] Application time: 1.0005182 seconds
[2023-10-18T22:56:53.418+0000][300.533s][info ][safepoint     ] Entering safepoint region: Cleanup
[2023-10-18T22:56:53.419+0000][300.533s][info ][safepoint     ] Leaving safepoint region
[2023-10-18T22:56:53.419+0000][300.534s][info ][safepoint     ] Total time for which application threads were stopped: 0.0009428 seconds, Stopping threads took: 0.0004056 seconds
[2023-10-18T22:56:54.420+0000][301.534s][debug][safepoint     ] Safepoint synchronization initiated. (174 threads)
[2023-10-18T22:56:54.420+0000][301.535s][info ][safepoint     ] Application time: 1.0008456 seconds
[2023-10-18T22:56:54.421+0000][301.535s][info ][safepoint     ] Entering safepoint region: Cleanup
[2023-10-18T22:56:54.422+0000][301.536s][info ][safepoint     ] Leaving safepoint region
[2023-10-18T22:56:54.422+0000][301.536s][info ][safepoint     ] Total time for which application threads were stopped: 0.0011639 seconds, Stopping threads took: 0.0005183 seconds
[2023-10-18T22:56:55.423+0000][302.537s][debug][safepoint     ] Safepoint synchronization initiated. (174 threads)
[2023-10-18T22:56:55.423+0000][302.537s][info ][safepoint     ] Application time: 1.0006623 seconds
[2023-10-18T22:56:55.423+0000][302.538s][info ][safepoint     ] Entering safepoint region: Cleanup
[2023-10-18T22:56:55.424+0000][302.538s][info ][safepoint     ] Leaving safepoint region
[2023-10-18T22:56:55.424+0000][302.539s][info ][safepoint     ] Total time for which application threads were stopped: 0.0009825 seconds, Stopping threads took: 0.0004430 seconds
[2023-10-18T22:56:56.425+0000][303.539s][debug][safepoint     ] Safepoint synchronization initiated. (174 threads)
[2023-10-18T22:56:56.425+0000][303.540s][info ][safepoint     ] Application time: 1.0006910 seconds
[2023-10-18T22:56:56.426+0000][303.540s][info ][safepoint     ] Entering safepoint region: Cleanup
[2023-10-18T22:56:56.426+0000][303.541s][info ][safepoint     ] Leaving safepoint region
[2023-10-18T22:56:56.427+0000][303.541s][info ][safepoint     ] Total time for which application threads were stopped: 0.0009925 seconds, Stopping threads took: 0.0004202 seconds
[2023-10-18T22:56:57.428+0000][304.542s][debug][safepoint     ] Safepoint synchronization initiated. (174 threads)
[2023-10-18T22:56:57.429+0000][304.543s][info ][safepoint     ] Application time: 1.0008733 seconds
[2023-10-18T22:56:57.429+0000][304.544s][info ][safepoint     ] Entering safepoint region: Cleanup
[2023-10-18T22:56:57.430+0000][304.544s][info ][safepoint     ] Leaving safepoint region
[2023-10-18T22:56:57.430+0000][304.545s][info ][safepoint     ] Total time for which application threads were stopped: 0.0012261 seconds, Stopping threads took: 0.0004977 seconds
[2023-10-18T22:56:58.431+0000][305.546s][debug][safepoint     ] Safepoint synchronization initiated. (174 threads)
[2023-10-18T22:56:58.432+0000][305.546s][info ][safepoint     ] Application time: 1.0011375 seconds
[2023-10-18T22:56:58.433+0000][305.547s][info ][safepoint     ] Entering safepoint region: Cleanup
[2023-10-18T22:56:58.433+0000][305.548s][info ][safepoint     ] Leaving safepoint region
[2023-10-18T22:56:58.434+0000][305.548s][info ][safepoint     ] Total time for which application threads were stopped: 0.0012264 seconds, Stopping threads took: 0.0005150 seconds
[2023-10-18T22:56:59.434+0000][306.549s][debug][safepoint     ] Safepoint synchronization initiated. (174 threads)
[2023-10-18T22:56:59.435+0000][306.549s][info ][safepoint     ] Application time: 1.0008212 seconds
[2023-10-18T22:56:59.436+0000][306.550s][info ][safepoint     ] Entering safepoint region: Cleanup
[2023-10-18T22:56:59.436+0000][306.551s][info ][safepoint     ] Leaving safepoint region
[2023-10-18T22:56:59.437+0000][306.551s][info ][safepoint     ] Total time for which application threads were stopped: 0.0013141 seconds, Stopping threads took: 0.0005677 seconds
[2023-10-18T22:57:00.437+0000][307.552s][debug][safepoint     ] Safepoint synchronization initiated. (174 threads)
[2023-10-18T22:57:00.438+0000][307.552s][info ][safepoint     ] Application time: 1.0008436 seconds
[2023-10-18T22:57:00.438+0000][307.553s][info ][safepoint     ] Entering safepoint region: Cleanup
[2023-10-18T22:57:00.439+0000][307.553s][info ][safepoint     ] Leaving safepoint region
[2023-10-18T22:57:00.439+0000][307.554s][info ][safepoint     ] Total time for which application threads were stopped: 0.0009595 seconds, Stopping threads took: 0.0003806 seconds
[2023-10-18T22:57:01.440+0000][308.554s][debug][safepoint     ] Safepoint synchronization initiated. (174 threads)
[2023-10-18T22:57:01.441+0000][308.555s][info ][safepoint     ] Application time: 1.0009060 seconds
[2023-10-18T22:57:01.441+0000][308.556s][info ][safepoint     ] Entering safepoint region: Cleanup
[2023-10-18T22:57:01.442+0000][308.556s][info ][safepoint     ] Leaving safepoint region
[2023-10-18T22:57:01.442+0000][308.557s][info ][safepoint     ] Total time for which application threads were stopped: 0.0012280 seconds, Stopping threads took: 0.0005796 seconds
[2023-10-18T22:57:02.443+0000][309.557s][debug][safepoint     ] Safepoint synchronization initiated. (174 threads)
[2023-10-18T22:57:02.444+0000][309.558s][info ][safepoint     ] Application time: 1.0006762 seconds
[2023-10-18T22:57:02.444+0000][309.559s][info ][safepoint     ] Entering safepoint region: Cleanup
[2023-10-18T22:57:02.445+0000][309.560s][info ][safepoint     ] Leaving safepoint region
[2023-10-18T22:57:02.446+0000][309.560s][info ][safepoint     ] Total time for which application threads were stopped: 0.0013278 seconds, Stopping threads took: 0.0006570 seconds
[2023-10-18T22:57:03.446+0000][310.561s][debug][safepoint     ] Safepoint synchronization initiated. (174 threads)
[2023-10-18T22:57:03.447+0000][310.561s][info ][safepoint     ] Application time: 1.0007443 seconds
[2023-10-18T22:57:03.447+0000][310.562s][info ][safepoint     ] Entering safepoint region: Cleanup
[2023-10-18T22:57:03.448+0000][310.562s][info ][safepoint     ] Leaving safepoint region
[2023-10-18T22:57:03.448+0000][310.563s][info ][safepoint     ] Total time for which application threads were stopped: 0.0013429 seconds, Stopping threads took: 0.0005621 seconds
[2023-10-18T22:57:04.449+0000][311.563s][debug][safepoint     ] Safepoint synchronization initiated. (174 threads)
[2023-10-18T22:57:04.450+0000][311.564s][info ][safepoint     ] Application time: 1.0006088 seconds
[2023-10-18T22:57:04.450+0000][311.564s][info ][safepoint     ] Entering safepoint region: Cleanup
[2023-10-18T22:57:04.451+0000][311.565s][info ][safepoint     ] Leaving safepoint region
[2023-10-18T22:57:04.451+0000][311.565s][info ][safepoint     ] Total time for which application threads were stopped: 0.0009734 seconds, Stopping threads took: 0.0004467 seconds
[2023-10-18T22:57:05.451+0000][312.566s][debug][safepoint     ] Safepoint synchronization initiated. (174 threads)
[2023-10-18T22:57:05.452+0000][312.566s][info ][safepoint     ] Application time: 1.0008002 seconds
[2023-10-18T22:57:05.452+0000][312.567s][info ][safepoint     ] Entering safepoint region: Cleanup
[2023-10-18T22:57:05.453+0000][312.567s][info ][safepoint     ] Leaving safepoint region
[2023-10-18T22:57:05.453+0000][312.568s][info ][safepoint     ] Total time for which application threads were stopped: 0.0009382 seconds, Stopping threads took: 0.0003642 seconds
[2023-10-18T22:57:06.454+0000][313.568s][debug][safepoint     ] Safepoint synchronization initiated. (174 threads)
[2023-10-18T22:57:06.454+0000][313.569s][info ][safepoint     ] Application time: 1.0006948 seconds
[2023-10-18T22:57:06.455+0000][313.569s][info ][safepoint     ] Entering safepoint region: Cleanup
[2023-10-18T22:57:06.456+0000][313.570s][info ][safepoint     ] Leaving safepoint region
[2023-10-18T22:57:06.456+0000][313.571s][info ][safepoint     ] Total time for which application threads were stopped: 0.0013411 seconds, Stopping threads took: 0.0005768 seconds
[2023-10-18T22:57:07.457+0000][314.571s][debug][safepoint     ] Safepoint synchronization initiated. (174 threads)
[2023-10-18T22:57:07.458+0000][314.572s][info ][safepoint     ] Application time: 1.0008060 seconds
[2023-10-18T22:57:07.458+0000][314.573s][info ][safepoint     ] Entering safepoint region: Cleanup
[2023-10-18T22:57:07.459+0000][314.573s][info ][safepoint     ] Leaving safepoint region
[2023-10-18T22:57:07.459+0000][314.574s][info ][safepoint     ] Total time for which application threads were stopped: 0.0012311 seconds, Stopping threads took: 0.0005226 seconds
[2023-10-18T22:57:08.460+0000][315.574s][debug][safepoint     ] Safepoint synchronization initiated. (174 threads)
[2023-10-18T22:57:08.461+0000][315.575s][info ][safepoint     ] Application time: 1.0010693 seconds
[2023-10-18T22:57:08.462+0000][315.576s][info ][safepoint     ] Entering safepoint region: Cleanup
[2023-10-18T22:57:08.462+0000][315.577s][info ][safepoint     ] Leaving safepoint region
[2023-10-18T22:57:08.463+0000][315.577s][info ][safepoint     ] Total time for which application threads were stopped: 0.0013231 seconds, Stopping threads took: 0.0005984 seconds
[2023-10-18T22:57:09.464+0000][316.578s][debug][safepoint     ] Safepoint synchronization initiated. (174 threads)
[2023-10-18T22:57:09.465+0000][316.579s][info ][safepoint     ] Application time: 1.0010825 seconds
[2023-10-18T22:57:09.465+0000][316.579s][info ][safepoint     ] Entering safepoint region: Cleanup
[2023-10-18T22:57:09.466+0000][316.580s][info ][safepoint     ] Leaving safepoint region
[2023-10-18T22:57:09.467+0000][316.581s][info ][safepoint     ] Total time for which application threads were stopped: 0.0015103 seconds, Stopping threads took: 0.0007083 seconds
[2023-10-18T22:57:10.467+0000][317.582s][debug][safepoint     ] Safepoint synchronization initiated. (174 threads)
[2023-10-18T22:57:10.468+0000][317.582s][info ][safepoint     ] Application time: 1.0006947 seconds
[2023-10-18T22:57:10.468+0000][317.583s][info ][safepoint     ] Entering safepoint region: Cleanup
[2023-10-18T22:57:10.469+0000][317.583s][info ][safepoint     ] Leaving safepoint region
[2023-10-18T22:57:10.469+0000][317.584s][info ][safepoint     ] Total time for which application threads were stopped: 0.0011066 seconds, Stopping threads took: 0.0004552 seconds
[2023-10-18T22:57:11.470+0000][318.584s][debug][safepoint     ] Safepoint synchronization initiated. (174 threads)
[2023-10-18T22:57:11.471+0000][318.585s][info ][safepoint     ] Application time: 1.0008688 seconds
[2023-10-18T22:57:11.471+0000][318.586s][info ][safepoint     ] Entering safepoint region: Cleanup
[2023-10-18T22:57:11.472+0000][318.586s][info ][safepoint     ] Leaving safepoint region
[2023-10-18T22:57:11.473+0000][318.587s][info ][safepoint     ] Total time for which application threads were stopped: 0.0013237 seconds, Stopping threads took: 0.0006255 seconds
[2023-10-18T22:57:12.473+0000][319.588s][debug][safepoint     ] Safepoint synchronization initiated. (174 threads)
[2023-10-18T22:57:12.474+0000][319.589s][info ][safepoint     ] Application time: 1.0011741 seconds
[2023-10-18T22:57:12.475+0000][319.589s][info ][safepoint     ] Entering safepoint region: Cleanup
[2023-10-18T22:57:12.476+0000][319.590s][info ][safepoint     ] Leaving safepoint region
[2023-10-18T22:57:12.476+0000][319.590s][info ][safepoint     ] Total time for which application threads were stopped: 0.0013322 seconds, Stopping threads took: 0.0005382 seconds
[2023-10-18T22:57:13.477+0000][320.591s][debug][safepoint     ] Safepoint synchronization initiated. (174 threads)
[2023-10-18T22:57:13.478+0000][320.592s][info ][safepoint     ] Application time: 1.0011056 seconds
[2023-10-18T22:57:13.478+0000][320.593s][info ][safepoint     ] Entering safepoint region: Cleanup
[2023-10-18T22:57:13.479+0000][320.594s][info ][safepoint     ] Leaving safepoint region
[2023-10-18T22:57:13.480+0000][320.594s][info ][safepoint     ] Total time for which application threads were stopped: 0.0013267 seconds, Stopping threads took: 0.0005893 seconds
[2023-10-18T22:57:14.481+0000][321.595s][debug][safepoint     ] Safepoint synchronization initiated. (174 threads)
[2023-10-18T22:57:14.481+0000][321.596s][info ][safepoint     ] Application time: 1.0010695 seconds
[2023-10-18T22:57:14.482+0000][321.596s][info ][safepoint     ] Entering safepoint region: Cleanup
[2023-10-18T22:57:14.483+0000][321.597s][info ][safepoint     ] Leaving safepoint region
[2023-10-18T22:57:14.483+0000][321.598s][info ][safepoint     ] Total time for which application threads were stopped: 0.0012977 seconds, Stopping threads took: 0.0006900 seconds
[2023-10-18T22:57:15.484+0000][322.599s][debug][safepoint     ] Safepoint synchronization initiated. (174 threads)
[2023-10-18T22:57:15.485+0000][322.599s][info ][safepoint     ] Application time: 1.0011093 seconds
[2023-10-18T22:57:15.486+0000][322.600s][info ][safepoint     ] Entering safepoint region: Cleanup
[2023-10-18T22:57:15.487+0000][322.601s][info ][safepoint     ] Leaving safepoint region
[2023-10-18T22:57:15.487+0000][322.602s][info ][safepoint     ] Total time for which application threads were stopped: 0.0015603 seconds, Stopping threads took: 0.0007942 seconds
[2023-10-18T22:57:16.488+0000][323.602s][debug][safepoint     ] Safepoint synchronization initiated. (174 threads)
[2023-10-18T22:57:16.489+0000][323.603s][info ][safepoint     ] Application time: 1.0013110 seconds
[2023-10-18T22:57:16.490+0000][323.604s][info ][safepoint     ] Entering safepoint region: Cleanup
[2023-10-18T22:57:16.491+0000][323.605s][info ][safepoint     ] Leaving safepoint region
[2023-10-18T22:57:16.492+0000][323.606s][info ][safepoint     ] Total time for which application threads were stopped: 0.0017140 seconds, Stopping threads took: 0.0007441 seconds
[2023-10-18T22:57:17.492+0000][324.607s][debug][safepoint     ] Safepoint synchronization initiated. (174 threads)
[2023-10-18T22:57:17.493+0000][324.607s][info ][safepoint     ] Application time: 1.0008484 seconds
[2023-10-18T22:57:17.494+0000][324.608s][info ][safepoint     ] Entering safepoint region: Cleanup
[2023-10-18T22:57:17.494+0000][324.609s][info ][safepoint     ] Leaving safepoint region
[2023-10-18T22:57:17.495+0000][324.609s][info ][safepoint     ] Total time for which application threads were stopped: 0.0014446 seconds, Stopping threads took: 0.0006146 seconds
[2023-10-18T22:57:18.496+0000][325.610s][debug][safepoint     ] Safepoint synchronization initiated. (174 threads)
[2023-10-18T22:57:18.498+0000][325.612s][info ][safepoint     ] Application time: 1.0020265 seconds
[2023-10-18T22:57:18.499+0000][325.614s][info ][safepoint     ] Entering safepoint region: Cleanup
[2023-10-18T22:57:18.501+0000][325.615s][info ][safepoint     ] Leaving safepoint region
[2023-10-18T22:57:18.501+0000][325.616s][info ][safepoint     ] Total time for which application threads were stopped: 0.0018982 seconds, Stopping threads took: 0.0008590 seconds
[2023-10-18T22:57:19.502+0000][326.616s][debug][safepoint     ] Safepoint synchronization initiated. (174 threads)
[2023-10-18T22:57:19.503+0000][326.618s][info ][safepoint     ] Application time: 1.0013876 seconds
[2023-10-18T22:57:19.504+0000][326.619s][info ][safepoint     ] Entering safepoint region: Cleanup
[2023-10-18T22:57:19.506+0000][326.620s][info ][safepoint     ] Leaving safepoint region
[2023-10-18T22:57:19.507+0000][326.621s][info ][safepoint     ] Total time for which application threads were stopped: 0.0021105 seconds, Stopping threads took: 0.0013324 seconds
[2023-10-18T22:57:20.507+0000][327.622s][debug][safepoint     ] Safepoint synchronization initiated. (174 threads)
[2023-10-18T22:57:20.508+0000][327.623s][info ][safepoint     ] Application time: 1.0012238 seconds
[2023-10-18T22:57:20.509+0000][327.623s][info ][safepoint     ] Entering safepoint region: Cleanup
[2023-10-18T22:57:20.510+0000][327.624s][info ][safepoint     ] Leaving safepoint region
[2023-10-18T22:57:20.511+0000][327.625s][info ][safepoint     ] Total time for which application threads were stopped: 0.0018896 seconds, Stopping threads took: 0.0008068 seconds
[2023-10-18T22:57:21.512+0000][328.626s][debug][safepoint     ] Safepoint synchronization initiated. (174 threads)
[2023-10-18T22:57:21.513+0000][328.627s][info ][safepoint     ] Application time: 1.0013432 seconds
[2023-10-18T22:57:21.514+0000][328.628s][info ][safepoint     ] Entering safepoint region: Cleanup
[2023-10-18T22:57:21.515+0000][328.629s][info ][safepoint     ] Leaving safepoint region
[2023-10-18T22:57:21.515+0000][328.630s][info ][safepoint     ] Total time for which application threads were stopped: 0.0015306 seconds, Stopping threads took: 0.0007375 seconds
[2023-10-18T22:57:22.516+0000][329.630s][debug][safepoint     ] Safepoint synchronization initiated. (174 threads)
[2023-10-18T22:57:22.517+0000][329.631s][info ][safepoint     ] Application time: 1.0006523 seconds
[2023-10-18T22:57:22.517+0000][329.631s][info ][safepoint     ] Entering safepoint region: Cleanup
[2023-10-18T22:57:22.517+0000][329.632s][info ][safepoint     ] Leaving safepoint region
[2023-10-18T22:57:22.518+0000][329.632s][info ][safepoint     ] Total time for which application threads were stopped: 0.0008128 seconds, Stopping threads took: 0.0003254 seconds
[2023-10-18T22:57:23.518+0000][330.633s][debug][safepoint     ] Safepoint synchronization initiated. (174 threads)
[2023-10-18T22:57:23.519+0000][330.633s][info ][safepoint     ] Application time: 1.0009155 seconds
[2023-10-18T22:57:23.519+0000][330.634s][info ][safepoint     ] Entering safepoint region: Cleanup
[2023-10-18T22:57:23.520+0000][330.634s][info ][safepoint     ] Leaving safepoint region
[2023-10-18T22:57:23.521+0000][330.635s][info ][safepoint     ] Total time for which application threads were stopped: 0.0012035 seconds, Stopping threads took: 0.0005122 seconds
[2023-10-18T22:57:24.521+0000][331.636s][debug][safepoint     ] Safepoint synchronization initiated. (174 threads)
[2023-10-18T22:57:24.522+0000][331.637s][info ][safepoint     ] Application time: 1.0012139 seconds
[2023-10-18T22:57:24.523+0000][331.637s][info ][safepoint     ] Entering safepoint region: Cleanup
[2023-10-18T22:57:24.524+0000][331.638s][info ][safepoint     ] Leaving safepoint region
[2023-10-18T22:57:24.524+0000][331.639s][info ][safepoint     ] Total time for which application threads were stopped: 0.0013577 seconds, Stopping threads took: 0.0005823 seconds
[2023-10-18T22:57:25.525+0000][332.639s][debug][safepoint     ] Safepoint synchronization initiated. (174 threads)
[2023-10-18T22:57:25.526+0000][332.640s][info ][safepoint     ] Application time: 1.0007538 seconds
[2023-10-18T22:57:25.526+0000][332.640s][info ][safepoint     ] Entering safepoint region: Cleanup
[2023-10-18T22:57:25.527+0000][332.641s][info ][safepoint     ] Leaving safepoint region
[2023-10-18T22:57:25.527+0000][332.642s][info ][safepoint     ] Total time for which application threads were stopped: 0.0012013 seconds, Stopping threads took: 0.0004871 seconds
[2023-10-18T22:57:26.528+0000][333.642s][debug][safepoint     ] Safepoint synchronization initiated. (174 threads)
[2023-10-18T22:57:26.529+0000][333.643s][info ][safepoint     ] Application time: 1.0009150 seconds
[2023-10-18T22:57:26.529+0000][333.644s][info ][safepoint     ] Entering safepoint region: Cleanup
[2023-10-18T22:57:26.530+0000][333.644s][info ][safepoint     ] Leaving safepoint region
[2023-10-18T22:57:26.531+0000][333.645s][info ][safepoint     ] Total time for which application threads were stopped: 0.0012897 seconds, Stopping threads took: 0.0005164 seconds
[2023-10-18T22:57:27.532+0000][334.646s][debug][safepoint     ] Safepoint synchronization initiated. (174 threads)
[2023-10-18T22:57:27.532+0000][334.647s][info ][safepoint     ] Application time: 1.0011634 seconds
[2023-10-18T22:57:27.533+0000][334.647s][info ][safepoint     ] Entering safepoint region: Cleanup
[2023-10-18T22:57:27.534+0000][334.648s][info ][safepoint     ] Leaving safepoint region
[2023-10-18T22:57:27.535+0000][334.649s][info ][safepoint     ] Total time for which application threads were stopped: 0.0014889 seconds, Stopping threads took: 0.0006787 seconds
[2023-10-18T22:57:28.535+0000][335.649s][debug][safepoint     ] Safepoint synchronization initiated. (174 threads)
[2023-10-18T22:57:28.536+0000][335.650s][info ][safepoint     ] Application time: 1.0008162 seconds
[2023-10-18T22:57:28.536+0000][335.651s][info ][safepoint     ] Entering safepoint region: Cleanup
[2023-10-18T22:57:28.537+0000][335.652s][info ][safepoint     ] Leaving safepoint region
[2023-10-18T22:57:28.538+0000][335.652s][info ][safepoint     ] Total time for which application threads were stopped: 0.0014533 seconds, Stopping threads took: 0.0007178 seconds
[2023-10-18T22:57:29.539+0000][336.653s][debug][safepoint     ] Safepoint synchronization initiated. (174 threads)
[2023-10-18T22:57:29.539+0000][336.654s][info ][safepoint     ] Application time: 1.0008876 seconds
[2023-10-18T22:57:29.540+0000][336.654s][info ][safepoint     ] Entering safepoint region: Cleanup
[2023-10-18T22:57:29.541+0000][336.655s][info ][safepoint     ] Leaving safepoint region
[2023-10-18T22:57:29.541+0000][336.656s][info ][safepoint     ] Total time for which application threads were stopped: 0.0013148 seconds, Stopping threads took: 0.0005558 seconds
[2023-10-18T22:57:30.542+0000][337.656s][debug][safepoint     ] Safepoint synchronization initiated. (174 threads)
[2023-10-18T22:57:30.543+0000][337.657s][info ][safepoint     ] Application time: 1.0011285 seconds
[2023-10-18T22:57:30.543+0000][337.658s][info ][safepoint     ] Entering safepoint region: Cleanup
[2023-10-18T22:57:30.544+0000][337.659s][info ][safepoint     ] Leaving safepoint region
[2023-10-18T22:57:30.545+0000][337.659s][info ][safepoint     ] Total time for which application threads were stopped: 0.0013906 seconds, Stopping threads took: 0.0006046 seconds
[2023-10-18T22:57:31.546+0000][338.660s][debug][safepoint     ] Safepoint synchronization initiated. (174 threads)
[2023-10-18T22:57:31.546+0000][338.661s][info ][safepoint     ] Application time: 1.0010280 seconds
[2023-10-18T22:57:31.547+0000][338.662s][info ][safepoint     ] Entering safepoint region: Cleanup
[2023-10-18T22:57:31.548+0000][338.662s][info ][safepoint     ] Leaving safepoint region
[2023-10-18T22:57:31.549+0000][338.663s][info ][safepoint     ] Total time for which application threads were stopped: 0.0015206 seconds, Stopping threads took: 0.0006636 seconds
[2023-10-18T22:57:32.549+0000][339.664s][debug][safepoint     ] Safepoint synchronization initiated. (174 threads)
[2023-10-18T22:57:32.550+0000][339.665s][info ][safepoint     ] Application time: 1.0011714 seconds
[2023-10-18T22:57:32.551+0000][339.665s][info ][safepoint     ] Entering safepoint region: Cleanup
[2023-10-18T22:57:32.552+0000][339.666s][info ][safepoint     ] Leaving safepoint region
[2023-10-18T22:57:32.553+0000][339.667s][info ][safepoint     ] Total time for which application threads were stopped: 0.0015564 seconds, Stopping threads took: 0.0006782 seconds
[2023-10-18T22:57:33.553+0000][340.668s][debug][safepoint     ] Safepoint synchronization initiated. (174 threads)
[2023-10-18T22:57:33.554+0000][340.668s][info ][safepoint     ] Application time: 1.0008313 seconds
[2023-10-18T22:57:33.554+0000][340.669s][info ][safepoint     ] Entering safepoint region: Cleanup
[2023-10-18T22:57:33.555+0000][340.669s][info ][safepoint     ] Leaving safepoint region
[2023-10-18T22:57:33.555+0000][340.670s][info ][safepoint     ] Total time for which application threads were stopped: 0.0009970 seconds, Stopping threads took: 0.0004232 seconds
[2023-10-18T22:57:34.556+0000][341.670s][debug][safepoint     ] Safepoint synchronization initiated. (174 threads)
[2023-10-18T22:57:34.557+0000][341.671s][info ][safepoint     ] Application time: 1.0011769 seconds
[2023-10-18T22:57:34.557+0000][341.672s][info ][safepoint     ] Entering safepoint region: Cleanup
[2023-10-18T22:57:34.559+0000][341.673s][info ][safepoint     ] Leaving safepoint region
[2023-10-18T22:57:34.559+0000][341.674s][info ][safepoint     ] Total time for which application threads were stopped: 0.0019512 seconds, Stopping threads took: 0.0008943 seconds
[2023-10-18T22:57:35.560+0000][342.675s][debug][safepoint     ] Safepoint synchronization initiated. (174 threads)
[2023-10-18T22:57:35.561+0000][342.675s][info ][safepoint     ] Application time: 1.0009112 seconds
[2023-10-18T22:57:35.562+0000][342.676s][info ][safepoint     ] Entering safepoint region: Cleanup
[2023-10-18T22:57:35.562+0000][342.677s][info ][safepoint     ] Leaving safepoint region
[2023-10-18T22:57:35.563+0000][342.677s][info ][safepoint     ] Total time for which application threads were stopped: 0.0013971 seconds, Stopping threads took: 0.0005713 seconds
[2023-10-18T22:57:36.564+0000][343.678s][debug][safepoint     ] Safepoint synchronization initiated. (174 threads)
[2023-10-18T22:57:36.564+0000][343.679s][info ][safepoint     ] Application time: 1.0009970 seconds
[2023-10-18T22:57:36.565+0000][343.680s][info ][safepoint     ] Entering safepoint region: Cleanup
[2023-10-18T22:57:36.566+0000][343.680s][info ][safepoint     ] Leaving safepoint region
[2023-10-18T22:57:36.567+0000][343.681s][info ][safepoint     ] Total time for which application threads were stopped: 0.0015915 seconds, Stopping threads took: 0.0007418 seconds
[2023-10-18T22:57:37.567+0000][344.682s][debug][safepoint     ] Safepoint synchronization initiated. (174 threads)
[2023-10-18T22:57:37.568+0000][344.683s][info ][safepoint     ] Application time: 1.0010791 seconds
[2023-10-18T22:57:37.569+0000][344.683s][info ][safepoint     ] Entering safepoint region: Cleanup
[2023-10-18T22:57:37.570+0000][344.684s][info ][safepoint     ] Leaving safepoint region
[2023-10-18T22:57:37.570+0000][344.685s][info ][safepoint     ] Total time for which application threads were stopped: 0.0013445 seconds, Stopping threads took: 0.0006584 seconds
[2023-10-18T22:57:38.571+0000][345.685s][debug][safepoint     ] Safepoint synchronization initiated. (174 threads)
[2023-10-18T22:57:38.572+0000][345.686s][info ][safepoint     ] Application time: 1.0012012 seconds
[2023-10-18T22:57:38.573+0000][345.687s][debug][safepoint     ] ... found polling page return exception at pc = 0x00007f38b03479e2, stub =0x00007f38a8840600
[2023-10-18T22:57:38.573+0000][345.687s][debug][safepoint     ] ... found polling page return exception at pc = 0x00007f38b03479e2, stub =0x00007f38a8840600
[2023-10-18T22:57:38.574+0000][345.689s][debug][safepoint     ] Waiting for 2 thread(s) to block
[2023-10-18T22:57:38.575+0000][345.690s][info ][safepoint     ] Entering safepoint region: Cleanup
[2023-10-18T22:57:38.577+0000][345.691s][info ][safepoint     ] Leaving safepoint region
[2023-10-18T22:57:38.577+0000][345.692s][info ][safepoint     ] Total time for which application threads were stopped: 0.0043092 seconds, Stopping threads took: 0.0033336 seconds
[2023-10-18T22:57:39.578+0000][346.693s][debug][safepoint     ] Safepoint synchronization initiated. (174 threads)
[2023-10-18T22:57:39.579+0000][346.694s][info ][safepoint     ] Application time: 1.0013249 seconds
[2023-10-18T22:57:39.580+0000][346.694s][info ][safepoint     ] Entering safepoint region: Cleanup
[2023-10-18T22:57:39.581+0000][346.695s][info ][safepoint     ] Leaving safepoint region
[2023-10-18T22:57:39.581+0000][346.695s][info ][safepoint     ] Total time for which application threads were stopped: 0.0012554 seconds, Stopping threads took: 0.0006232 seconds
[2023-10-18T22:57:40.582+0000][347.696s][debug][safepoint     ] Safepoint synchronization initiated. (174 threads)
[2023-10-18T22:57:40.583+0000][347.697s][info ][safepoint     ] Application time: 1.0012109 seconds
[2023-10-18T22:57:40.584+0000][347.698s][info ][safepoint     ] Entering safepoint region: Cleanup
[2023-10-18T22:57:40.585+0000][347.699s][info ][safepoint     ] Leaving safepoint region
[2023-10-18T22:57:40.585+0000][347.700s][info ][safepoint     ] Total time for which application threads were stopped: 0.0017374 seconds, Stopping threads took: 0.0008484 seconds
[2023-10-18T22:57:41.586+0000][348.700s][debug][safepoint     ] Safepoint synchronization initiated. (174 threads)
[2023-10-18T22:57:41.587+0000][348.701s][info ][safepoint     ] Application time: 1.0006728 seconds
[2023-10-18T22:57:41.587+0000][348.702s][info ][safepoint     ] Entering safepoint region: Cleanup
[2023-10-18T22:57:41.588+0000][348.702s][info ][safepoint     ] Leaving safepoint region
[2023-10-18T22:57:41.588+0000][348.703s][info ][safepoint     ] Total time for which application threads were stopped: 0.0013045 seconds, Stopping threads took: 0.0006111 seconds
[2023-10-18T22:57:42.589+0000][349.704s][debug][safepoint     ] Safepoint synchronization initiated. (174 threads)
[2023-10-18T22:57:42.590+0000][349.705s][info ][safepoint     ] Application time: 1.0013263 seconds
[2023-10-18T22:57:42.591+0000][349.706s][info ][safepoint     ] Entering safepoint region: Cleanup
[2023-10-18T22:57:42.592+0000][349.706s][info ][safepoint     ] Leaving safepoint region
[2023-10-18T22:57:42.593+0000][349.707s][info ][safepoint     ] Total time for which application threads were stopped: 0.0016984 seconds, Stopping threads took: 0.0006104 seconds
[2023-10-18T22:57:43.594+0000][350.708s][debug][safepoint     ] Safepoint synchronization initiated. (174 threads)
[2023-10-18T22:57:43.595+0000][350.709s][info ][safepoint     ] Application time: 1.0013300 seconds
[2023-10-18T22:57:43.596+0000][350.710s][info ][safepoint     ] Entering safepoint region: Cleanup
[2023-10-18T22:57:43.597+0000][350.711s][info ][safepoint     ] Leaving safepoint region
[2023-10-18T22:57:43.598+0000][350.712s][info ][safepoint     ] Total time for which application threads were stopped: 0.0018894 seconds, Stopping threads took: 0.0009840 seconds
[2023-10-18T22:57:44.599+0000][351.713s][debug][safepoint     ] Safepoint synchronization initiated. (174 threads)
[2023-10-18T22:57:44.599+0000][351.713s][info ][safepoint     ] Application time: 1.0007205 seconds
[2023-10-18T22:57:44.600+0000][351.714s][info ][safepoint     ] Entering safepoint region: Cleanup
[2023-10-18T22:57:44.600+0000][351.715s][info ][safepoint     ] Leaving safepoint region
[2023-10-18T22:57:44.601+0000][351.715s][info ][safepoint     ] Total time for which application threads were stopped: 0.0011210 seconds, Stopping threads took: 0.0005391 seconds
[2023-10-18T22:57:45.601+0000][352.716s][debug][safepoint     ] Safepoint synchronization initiated. (174 threads)
[2023-10-18T22:57:45.602+0000][352.716s][info ][safepoint     ] Application time: 1.0007167 seconds
[2023-10-18T22:57:45.602+0000][352.717s][info ][safepoint     ] Entering safepoint region: Cleanup
[2023-10-18T22:57:45.603+0000][352.717s][info ][safepoint     ] Leaving safepoint region
[2023-10-18T22:57:45.603+0000][352.718s][info ][safepoint     ] Total time for which application threads were stopped: 0.0010969 seconds, Stopping threads took: 0.0004177 seconds
[2023-10-18T22:57:46.604+0000][353.718s][debug][safepoint     ] Safepoint synchronization initiated. (174 threads)
[2023-10-18T22:57:46.605+0000][353.719s][info ][safepoint     ] Application time: 1.0011111 seconds
[2023-10-18T22:57:46.606+0000][353.720s][info ][safepoint     ] Entering safepoint region: Cleanup
[2023-10-18T22:57:46.606+0000][353.721s][info ][safepoint     ] Leaving safepoint region
[2023-10-18T22:57:46.607+0000][353.721s][info ][safepoint     ] Total time for which application threads were stopped: 0.0014289 seconds, Stopping threads took: 0.0005579 seconds
[2023-10-18T22:57:47.608+0000][354.722s][debug][safepoint     ] Safepoint synchronization initiated. (174 threads)
[2023-10-18T22:57:47.609+0000][354.724s][info ][safepoint     ] Application time: 1.0015370 seconds
[2023-10-18T22:57:47.610+0000][354.725s][info ][safepoint     ] Entering safepoint region: Cleanup
[2023-10-18T22:57:47.612+0000][354.726s][info ][safepoint     ] Leaving safepoint region
[2023-10-18T22:57:47.613+0000][354.727s][info ][safepoint     ] Total time for which application threads were stopped: 0.0023192 seconds, Stopping threads took: 0.0009300 seconds
[2023-10-18T22:57:48.614+0000][355.728s][debug][safepoint     ] Safepoint synchronization initiated. (174 threads)
[2023-10-18T22:57:48.615+0000][355.729s][info ][safepoint     ] Application time: 1.0011419 seconds
[2023-10-18T22:57:48.615+0000][355.730s][info ][safepoint     ] Entering safepoint region: Cleanup
[2023-10-18T22:57:48.616+0000][355.731s][info ][safepoint     ] Leaving safepoint region
[2023-10-18T22:57:48.617+0000][355.731s][info ][safepoint     ] Total time for which application threads were stopped: 0.0016928 seconds, Stopping threads took: 0.0007658 seconds
[2023-10-18T22:57:49.618+0000][356.732s][debug][safepoint     ] Safepoint synchronization initiated. (174 threads)
[2023-10-18T22:57:49.619+0000][356.733s][info ][safepoint     ] Application time: 1.0011489 seconds
[2023-10-18T22:57:49.620+0000][356.734s][info ][safepoint     ] Entering safepoint region: Cleanup
[2023-10-18T22:57:49.621+0000][356.735s][info ][safepoint     ] Leaving safepoint region
[2023-10-18T22:57:49.621+0000][356.736s][info ][safepoint     ] Total time for which application threads were stopped: 0.0015746 seconds, Stopping threads took: 0.0006551 seconds
[2023-10-18T22:57:50.622+0000][357.737s][debug][safepoint     ] Safepoint synchronization initiated. (174 threads)
[2023-10-18T22:57:50.623+0000][357.738s][info ][safepoint     ] Application time: 1.0012221 seconds
[2023-10-18T22:57:50.624+0000][357.739s][info ][safepoint     ] Entering safepoint region: Cleanup
[2023-10-18T22:57:50.625+0000][357.740s][info ][safepoint     ] Leaving safepoint region
[2023-10-18T22:57:50.626+0000][357.740s][info ][safepoint     ] Total time for which application threads were stopped: 0.0017364 seconds, Stopping threads took: 0.0007472 seconds
[2023-10-18T22:57:51.627+0000][358.741s][debug][safepoint     ] Safepoint synchronization initiated. (174 threads)
[2023-10-18T22:57:51.628+0000][358.743s][info ][safepoint     ] Application time: 1.0016554 seconds
[2023-10-18T22:57:51.630+0000][358.744s][info ][safepoint     ] Entering safepoint region: Cleanup
[2023-10-18T22:57:51.631+0000][358.745s][info ][safepoint     ] Leaving safepoint region
[2023-10-18T22:57:51.631+0000][358.745s][info ][safepoint     ] Total time for which application threads were stopped: 0.0009807 seconds, Stopping threads took: 0.0004067 seconds
[2023-10-18T22:57:52.631+0000][359.746s][debug][safepoint     ] Safepoint synchronization initiated. (174 threads)
[2023-10-18T22:57:52.632+0000][359.747s][info ][safepoint     ] Application time: 1.0009724 seconds
[2023-10-18T22:57:52.633+0000][359.747s][info ][safepoint     ] Entering safepoint region: Cleanup
[2023-10-18T22:57:52.634+0000][359.748s][info ][safepoint     ] Leaving safepoint region
[2023-10-18T22:57:52.634+0000][359.749s][info ][safepoint     ] Total time for which application threads were stopped: 0.0014312 seconds, Stopping threads took: 0.0006462 seconds
[2023-10-18T22:57:53.635+0000][360.749s][debug][safepoint     ] Safepoint synchronization initiated. (174 threads)
[2023-10-18T22:57:53.636+0000][360.750s][info ][safepoint     ] Application time: 1.0008691 seconds
[2023-10-18T22:57:53.637+0000][360.751s][info ][safepoint     ] Entering safepoint region: Cleanup
[2023-10-18T22:57:53.638+0000][360.752s][info ][safepoint     ] Leaving safepoint region
[2023-10-18T22:57:53.638+0000][360.753s][info ][safepoint     ] Total time for which application threads were stopped: 0.0016521 seconds, Stopping threads took: 0.0007275 seconds
[2023-10-18T22:57:54.639+0000][361.753s][debug][safepoint     ] Safepoint synchronization initiated. (174 threads)
[2023-10-18T22:57:54.640+0000][361.754s][info ][safepoint     ] Application time: 1.0010122 seconds
[2023-10-18T22:57:54.640+0000][361.755s][info ][safepoint     ] Entering safepoint region: Cleanup
[2023-10-18T22:57:54.641+0000][361.755s][info ][safepoint     ] Leaving safepoint region
[2023-10-18T22:57:54.642+0000][361.756s][info ][safepoint     ] Total time for which application threads were stopped: 0.0014389 seconds, Stopping threads took: 0.0006113 seconds
[2023-10-18T22:57:55.642+0000][362.757s][debug][safepoint     ] Safepoint synchronization initiated. (174 threads)
[2023-10-18T22:57:55.643+0000][362.757s][info ][safepoint     ] Application time: 1.0008833 seconds
[2023-10-18T22:57:55.644+0000][362.758s][info ][safepoint     ] Entering safepoint region: Cleanup
[2023-10-18T22:57:55.645+0000][362.759s][info ][safepoint     ] Leaving safepoint region
[2023-10-18T22:57:55.645+0000][362.760s][info ][safepoint     ] Total time for which application threads were stopped: 0.0014247 seconds, Stopping threads took: 0.0007138 seconds
[2023-10-18T22:57:56.646+0000][363.760s][debug][safepoint     ] Safepoint synchronization initiated. (174 threads)
[2023-10-18T22:57:56.647+0000][363.761s][info ][safepoint     ] Application time: 1.0007728 seconds
[2023-10-18T22:57:56.647+0000][363.761s][info ][safepoint     ] Entering safepoint region: Cleanup
[2023-10-18T22:57:56.648+0000][363.762s][info ][safepoint     ] Leaving safepoint region
[2023-10-18T22:57:56.648+0000][363.762s][info ][safepoint     ] Total time for which application threads were stopped: 0.0010381 seconds, Stopping threads took: 0.0004313 seconds
[2023-10-18T22:57:57.649+0000][364.763s][debug][safepoint     ] Safepoint synchronization initiated. (174 threads)
[2023-10-18T22:57:57.649+0000][364.764s][info ][safepoint     ] Application time: 1.0009689 seconds
[2023-10-18T22:57:57.650+0000][364.764s][info ][safepoint     ] Entering safepoint region: Cleanup
[2023-10-18T22:57:57.651+0000][364.765s][info ][safepoint     ] Leaving safepoint region
[2023-10-18T22:57:57.652+0000][364.766s][info ][safepoint     ] Total time for which application threads were stopped: 0.0015278 seconds, Stopping threads took: 0.0008183 seconds
[2023-10-18T22:57:58.653+0000][365.767s][debug][safepoint     ] Safepoint synchronization initiated. (174 threads)
[2023-10-18T22:57:58.654+0000][365.768s][info ][safepoint     ] Application time: 1.0013348 seconds
[2023-10-18T22:57:58.654+0000][365.769s][info ][safepoint     ] Entering safepoint region: Cleanup
[2023-10-18T22:57:58.655+0000][365.770s][info ][safepoint     ] Leaving safepoint region
[2023-10-18T22:57:58.656+0000][365.770s][info ][safepoint     ] Total time for which application threads were stopped: 0.0016964 seconds, Stopping threads took: 0.0007854 seconds
[2023-10-18T22:57:59.657+0000][366.771s][debug][safepoint     ] Safepoint synchronization initiated. (174 threads)
[2023-10-18T22:57:59.658+0000][366.772s][info ][safepoint     ] Application time: 1.0011967 seconds
[2023-10-18T22:57:59.659+0000][366.773s][info ][safepoint     ] Entering safepoint region: Cleanup
[2023-10-18T22:57:59.660+0000][366.774s][info ][safepoint     ] Leaving safepoint region
[2023-10-18T22:57:59.660+0000][366.775s][info ][safepoint     ] Total time for which application threads were stopped: 0.0015847 seconds, Stopping threads took: 0.0006440 seconds
[2023-10-18T22:58:00.661+0000][367.776s][debug][safepoint     ] Safepoint synchronization initiated. (174 threads)
[2023-10-18T22:58:00.662+0000][367.777s][info ][safepoint     ] Application time: 1.0014477 seconds
[2023-10-18T22:58:00.664+0000][367.778s][info ][safepoint     ] Entering safepoint region: Cleanup
[2023-10-18T22:58:00.665+0000][367.779s][info ][safepoint     ] Leaving safepoint region
[2023-10-18T22:58:00.666+0000][367.780s][info ][safepoint     ] Total time for which application threads were stopped: 0.0020000 seconds, Stopping threads took: 0.0009202 seconds
[2023-10-18T22:58:01.666+0000][368.781s][debug][safepoint     ] Safepoint synchronization initiated. (174 threads)
[2023-10-18T22:58:01.668+0000][368.782s][info ][safepoint     ] Application time: 1.0012738 seconds
[2023-10-18T22:58:01.668+0000][368.783s][info ][safepoint     ] Entering safepoint region: Cleanup
[2023-10-18T22:58:01.670+0000][368.784s][info ][safepoint     ] Leaving safepoint region
[2023-10-18T22:58:01.670+0000][368.785s][info ][safepoint     ] Total time for which application threads were stopped: 0.0019928 seconds, Stopping threads took: 0.0009783 seconds
[2023-10-18T22:58:02.671+0000][369.786s][debug][safepoint     ] Safepoint synchronization initiated. (174 threads)
[2023-10-18T22:58:02.672+0000][369.786s][info ][safepoint     ] Application time: 1.0009267 seconds
[2023-10-18T22:58:02.673+0000][369.787s][info ][safepoint     ] Entering safepoint region: Cleanup
[2023-10-18T22:58:02.674+0000][369.788s][info ][safepoint     ] Leaving safepoint region
[2023-10-18T22:58:02.675+0000][369.789s][info ][safepoint     ] Total time for which application threads were stopped: 0.0018757 seconds, Stopping threads took: 0.0008375 seconds
[2023-10-18T22:58:03.676+0000][370.790s][debug][safepoint     ] Safepoint synchronization initiated. (174 threads)
[2023-10-18T22:58:03.676+0000][370.791s][info ][safepoint     ] Application time: 1.0006662 seconds
[2023-10-18T22:58:03.677+0000][370.791s][info ][safepoint     ] Entering safepoint region: Cleanup
[2023-10-18T22:58:03.677+0000][370.792s][info ][safepoint     ] Leaving safepoint region
[2023-10-18T22:58:03.678+0000][370.792s][info ][safepoint     ] Total time for which application threads were stopped: 0.0009805 seconds, Stopping threads took: 0.0004539 seconds
[2023-10-18T22:58:04.678+0000][371.792s][debug][safepoint     ] Safepoint synchronization initiated. (174 threads)
[2023-10-18T22:58:04.679+0000][371.793s][info ][safepoint     ] Application time: 1.0008060 seconds
[2023-10-18T22:58:04.679+0000][371.794s][info ][safepoint     ] Entering safepoint region: Cleanup
[2023-10-18T22:58:04.680+0000][371.794s][info ][safepoint     ] Leaving safepoint region
[2023-10-18T22:58:04.680+0000][371.795s][info ][safepoint     ] Total time for which application threads were stopped: 0.0011003 seconds, Stopping threads took: 0.0004711 seconds
[2023-10-18T22:58:05.681+0000][372.795s][debug][safepoint     ] Safepoint synchronization initiated. (174 threads)
[2023-10-18T22:58:05.682+0000][372.796s][info ][safepoint     ] Application time: 1.0009474 seconds
[2023-10-18T22:58:05.682+0000][372.797s][info ][safepoint     ] Entering safepoint region: Cleanup
[2023-10-18T22:58:05.683+0000][372.797s][info ][safepoint     ] Leaving safepoint region
[2023-10-18T22:58:05.683+0000][372.798s][info ][safepoint     ] Total time for which application threads were stopped: 0.0010467 seconds, Stopping threads took: 0.0004862 seconds
[2023-10-18T22:58:06.684+0000][373.798s][debug][safepoint     ] Safepoint synchronization initiated. (174 threads)
[2023-10-18T22:58:06.684+0000][373.799s][info ][safepoint     ] Application time: 1.0008067 seconds
[2023-10-18T22:58:06.685+0000][373.799s][info ][safepoint     ] Entering safepoint region: Cleanup
[2023-10-18T22:58:06.686+0000][373.800s][info ][safepoint     ] Leaving safepoint region
[2023-10-18T22:58:06.686+0000][373.800s][info ][safepoint     ] Total time for which application threads were stopped: 0.0011787 seconds, Stopping threads took: 0.0004981 seconds
[2023-10-18T22:58:07.687+0000][374.801s][debug][safepoint     ] Safepoint synchronization initiated. (174 threads)
[2023-10-18T22:58:07.687+0000][374.802s][info ][safepoint     ] Application time: 1.0008187 seconds
[2023-10-18T22:58:07.688+0000][374.802s][info ][safepoint     ] Entering safepoint region: Cleanup
[2023-10-18T22:58:07.689+0000][374.803s][info ][safepoint     ] Leaving safepoint region
[2023-10-18T22:58:07.689+0000][374.803s][info ][safepoint     ] Total time for which application threads were stopped: 0.0012875 seconds, Stopping threads took: 0.0005663 seconds
[2023-10-18T22:58:08.690+0000][375.804s][debug][safepoint     ] Safepoint synchronization initiated. (174 threads)
[2023-10-18T22:58:08.691+0000][375.805s][info ][safepoint     ] Application time: 1.0011531 seconds
[2023-10-18T22:58:08.691+0000][375.806s][info ][safepoint     ] Entering safepoint region: Cleanup
[2023-10-18T22:58:08.692+0000][375.806s][info ][safepoint     ] Leaving safepoint region
[2023-10-18T22:58:08.692+0000][375.807s][info ][safepoint     ] Total time for which application threads were stopped: 0.0012137 seconds, Stopping threads took: 0.0006066 seconds
[2023-10-18T22:58:09.693+0000][376.807s][debug][safepoint     ] Safepoint synchronization initiated. (174 threads)
[2023-10-18T22:58:09.694+0000][376.808s][info ][safepoint     ] Application time: 1.0010597 seconds
[2023-10-18T22:58:09.695+0000][376.809s][info ][safepoint     ] Entering safepoint region: Cleanup
[2023-10-18T22:58:09.696+0000][376.810s][info ][safepoint     ] Leaving safepoint region
[2023-10-18T22:58:09.696+0000][376.810s][info ][safepoint     ] Total time for which application threads were stopped: 0.0014135 seconds, Stopping threads took: 0.0007738 seconds
[2023-10-18T22:58:10.696+0000][377.811s][debug][safepoint     ] Safepoint synchronization initiated. (174 threads)
[2023-10-18T22:58:10.697+0000][377.811s][info ][safepoint     ] Application time: 1.0007534 seconds
[2023-10-18T22:58:10.698+0000][377.812s][info ][safepoint     ] Entering safepoint region: Cleanup
[2023-10-18T22:58:10.699+0000][377.813s][info ][safepoint     ] Leaving safepoint region
[2023-10-18T22:58:10.699+0000][377.814s][info ][safepoint     ] Total time for which application threads were stopped: 0.0015594 seconds, Stopping threads took: 0.0005258 seconds
[2023-10-18T22:58:11.701+0000][378.815s][debug][safepoint     ] Safepoint synchronization initiated. (174 threads)
[2023-10-18T22:58:11.701+0000][378.815s][info ][safepoint     ] Application time: 1.0007717 seconds
[2023-10-18T22:58:11.702+0000][378.816s][info ][safepoint     ] Entering safepoint region: Cleanup
[2023-10-18T22:58:11.702+0000][378.816s][info ][safepoint     ] Leaving safepoint region
[2023-10-18T22:58:11.703+0000][378.817s][info ][safepoint     ] Total time for which application threads were stopped: 0.0009868 seconds, Stopping threads took: 0.0003796 seconds
[2023-10-18T22:58:12.703+0000][379.818s][debug][safepoint     ] Safepoint synchronization initiated. (174 threads)
[2023-10-18T22:58:12.704+0000][379.818s][info ][safepoint     ] Application time: 1.0008964 seconds
[2023-10-18T22:58:12.705+0000][379.819s][info ][safepoint     ] Entering safepoint region: Cleanup
[2023-10-18T22:58:12.705+0000][379.820s][info ][safepoint     ] Leaving safepoint region
[2023-10-18T22:58:12.706+0000][379.820s][info ][safepoint     ] Total time for which application threads were stopped: 0.0012244 seconds, Stopping threads took: 0.0006113 seconds
[2023-10-18T22:58:13.706+0000][380.821s][debug][safepoint     ] Safepoint synchronization initiated. (174 threads)
[2023-10-18T22:58:13.707+0000][380.821s][info ][safepoint     ] Application time: 1.0008983 seconds
[2023-10-18T22:58:13.708+0000][380.822s][info ][safepoint     ] Entering safepoint region: Cleanup
[2023-10-18T22:58:13.708+0000][380.823s][info ][safepoint     ] Leaving safepoint region
[2023-10-18T22:58:13.709+0000][380.823s][info ][safepoint     ] Total time for which application threads were stopped: 0.0013635 seconds, Stopping threads took: 0.0005773 seconds
[2023-10-18T22:58:14.710+0000][381.824s][debug][safepoint     ] Safepoint synchronization initiated. (174 threads)
[2023-10-18T22:58:14.710+0000][381.825s][info ][safepoint     ] Application time: 1.0008330 seconds
[2023-10-18T22:58:14.711+0000][381.825s][info ][safepoint     ] Entering safepoint region: Cleanup
[2023-10-18T22:58:14.712+0000][381.826s][info ][safepoint     ] Leaving safepoint region
[2023-10-18T22:58:14.713+0000][381.827s][info ][safepoint     ] Total time for which application threads were stopped: 0.0016963 seconds, Stopping threads took: 0.0006548 seconds
[2023-10-18T22:58:15.714+0000][382.828s][debug][safepoint     ] Safepoint synchronization initiated. (174 threads)
[2023-10-18T22:58:15.715+0000][382.829s][info ][safepoint     ] Application time: 1.0016822 seconds
[2023-10-18T22:58:15.716+0000][382.830s][info ][safepoint     ] Entering safepoint region: Cleanup
[2023-10-18T22:58:15.717+0000][382.831s][info ][safepoint     ] Leaving safepoint region
[2023-10-18T22:58:15.718+0000][382.832s][info ][safepoint     ] Total time for which application threads were stopped: 0.0020354 seconds, Stopping threads took: 0.0008289 seconds
[2023-10-18T22:58:16.719+0000][383.833s][debug][safepoint     ] Safepoint synchronization initiated. (174 threads)
[2023-10-18T22:58:16.720+0000][383.834s][info ][safepoint     ] Application time: 1.0006928 seconds
[2023-10-18T22:58:16.720+0000][383.834s][info ][safepoint     ] Entering safepoint region: Cleanup
[2023-10-18T22:58:16.720+0000][383.835s][info ][safepoint     ] Leaving safepoint region
[2023-10-18T22:58:16.721+0000][383.835s][info ][safepoint     ] Total time for which application threads were stopped: 0.0010196 seconds, Stopping threads took: 0.0003461 seconds
[2023-10-18T22:58:17.721+0000][384.836s][debug][safepoint     ] Safepoint synchronization initiated. (174 threads)
[2023-10-18T22:58:17.722+0000][384.836s][info ][safepoint     ] Application time: 1.0006742 seconds
[2023-10-18T22:58:17.722+0000][384.837s][info ][safepoint     ] Entering safepoint region: Cleanup
[2023-10-18T22:58:17.723+0000][384.837s][info ][safepoint     ] Leaving safepoint region
[2023-10-18T22:58:17.723+0000][384.838s][info ][safepoint     ] Total time for which application threads were stopped: 0.0009943 seconds, Stopping threads took: 0.0004052 seconds
[2023-10-18T22:58:18.724+0000][385.838s][debug][safepoint     ] Safepoint synchronization initiated. (174 threads)
[2023-10-18T22:58:18.725+0000][385.839s][info ][safepoint     ] Application time: 1.0010064 seconds
[2023-10-18T22:58:18.725+0000][385.840s][info ][safepoint     ] Entering safepoint region: Cleanup
[2023-10-18T22:58:18.726+0000][385.841s][info ][safepoint     ] Leaving safepoint region
[2023-10-18T22:58:18.727+0000][385.841s][info ][safepoint     ] Total time for which application threads were stopped: 0.0016682 seconds, Stopping threads took: 0.0007846 seconds
[2023-10-18T22:58:19.728+0000][386.842s][debug][safepoint     ] Safepoint synchronization initiated. (174 threads)
[2023-10-18T22:58:19.729+0000][386.843s][info ][safepoint     ] Application time: 1.0008353 seconds
[2023-10-18T22:58:19.729+0000][386.844s][info ][safepoint     ] Entering safepoint region: Cleanup
[2023-10-18T22:58:19.730+0000][386.845s][info ][safepoint     ] Leaving safepoint region
[2023-10-18T22:58:19.731+0000][386.845s][info ][safepoint     ] Total time for which application threads were stopped: 0.0014399 seconds, Stopping threads took: 0.0007037 seconds
[2023-10-18T22:58:20.731+0000][387.846s][debug][safepoint     ] Safepoint synchronization initiated. (174 threads)
[2023-10-18T22:58:20.732+0000][387.847s][info ][safepoint     ] Application time: 1.0013182 seconds
[2023-10-18T22:58:20.733+0000][387.848s][info ][safepoint     ] Entering safepoint region: Cleanup
[2023-10-18T22:58:20.734+0000][387.849s][info ][safepoint     ] Leaving safepoint region
[2023-10-18T22:58:20.735+0000][387.849s][info ][safepoint     ] Total time for which application threads were stopped: 0.0015416 seconds, Stopping threads took: 0.0007037 seconds
[2023-10-18T22:58:21.736+0000][388.850s][debug][safepoint     ] Safepoint synchronization initiated. (174 threads)
[2023-10-18T22:58:21.736+0000][388.851s][info ][safepoint     ] Application time: 1.0010029 seconds
[2023-10-18T22:58:21.737+0000][388.851s][info ][safepoint     ] Entering safepoint region: Cleanup
[2023-10-18T22:58:21.738+0000][388.852s][info ][safepoint     ] Leaving safepoint region
[2023-10-18T22:58:21.739+0000][388.853s][info ][safepoint     ] Total time for which application threads were stopped: 0.0014627 seconds, Stopping threads took: 0.0007087 seconds
[2023-10-18T22:58:22.739+0000][389.854s][debug][safepoint     ] Safepoint synchronization initiated. (174 threads)
[2023-10-18T22:58:22.740+0000][389.854s][info ][safepoint     ] Application time: 1.0011221 seconds
[2023-10-18T22:58:22.741+0000][389.855s][info ][safepoint     ] Entering safepoint region: Cleanup
[2023-10-18T22:58:22.742+0000][389.856s][info ][safepoint     ] Leaving safepoint region
[2023-10-18T22:58:22.743+0000][389.857s][info ][safepoint     ] Total time for which application threads were stopped: 0.0015907 seconds, Stopping threads took: 0.0007270 seconds
[2023-10-18T22:58:23.743+0000][390.858s][debug][safepoint     ] Safepoint synchronization initiated. (174 threads)
[2023-10-18T22:58:23.744+0000][390.858s][info ][safepoint     ] Application time: 1.0008876 seconds
[2023-10-18T22:58:23.745+0000][390.859s][info ][safepoint     ] Entering safepoint region: Cleanup
[2023-10-18T22:58:23.745+0000][390.860s][info ][safepoint     ] Leaving safepoint region
[2023-10-18T22:58:23.746+0000][390.860s][info ][safepoint     ] Total time for which application threads were stopped: 0.0010012 seconds, Stopping threads took: 0.0004607 seconds
[2023-10-18T22:58:24.746+0000][391.860s][debug][safepoint     ] Safepoint synchronization initiated. (174 threads)
[2023-10-18T22:58:24.747+0000][391.861s][info ][safepoint     ] Application time: 1.0008984 seconds
[2023-10-18T22:58:24.748+0000][391.862s][info ][safepoint     ] Entering safepoint region: Cleanup
[2023-10-18T22:58:24.749+0000][391.863s][info ][safepoint     ] Leaving safepoint region
[2023-10-18T22:58:24.749+0000][391.864s][info ][safepoint     ] Total time for which application threads were stopped: 0.0018221 seconds, Stopping threads took: 0.0008185 seconds
[2023-10-18T22:58:25.750+0000][392.865s][debug][safepoint     ] Safepoint synchronization initiated. (174 threads)
[2023-10-18T22:58:25.751+0000][392.865s][info ][safepoint     ] Application time: 1.0011708 seconds
[2023-10-18T22:58:25.752+0000][392.866s][info ][safepoint     ] Entering safepoint region: Cleanup
[2023-10-18T22:58:25.753+0000][392.867s][info ][safepoint     ] Leaving safepoint region
[2023-10-18T22:58:25.754+0000][392.868s][info ][safepoint     ] Total time for which application threads were stopped: 0.0017253 seconds, Stopping threads took: 0.0008039 seconds
[2023-10-18T22:58:26.754+0000][393.869s][debug][safepoint     ] Safepoint synchronization initiated. (174 threads)
[2023-10-18T22:58:26.755+0000][393.869s][info ][safepoint     ] Application time: 1.0005690 seconds
[2023-10-18T22:58:26.755+0000][393.869s][info ][safepoint     ] Entering safepoint region: Cleanup
[2023-10-18T22:58:26.756+0000][393.870s][info ][safepoint     ] Leaving safepoint region
[2023-10-18T22:58:26.756+0000][393.870s][info ][safepoint     ] Total time for which application threads were stopped: 0.0008291 seconds, Stopping threads took: 0.0003493 seconds
[2023-10-18T22:58:27.756+0000][394.871s][debug][safepoint     ] Safepoint synchronization initiated. (174 threads)
[2023-10-18T22:58:27.757+0000][394.872s][info ][safepoint     ] Application time: 1.0011105 seconds
[2023-10-18T22:58:27.758+0000][394.872s][info ][safepoint     ] Entering safepoint region: Cleanup
[2023-10-18T22:58:27.759+0000][394.873s][info ][safepoint     ] Leaving safepoint region
[2023-10-18T22:58:27.760+0000][394.874s][info ][safepoint     ] Total time for which application threads were stopped: 0.0016394 seconds, Stopping threads took: 0.0006700 seconds
[2023-10-18T22:58:28.761+0000][395.875s][debug][safepoint     ] Safepoint synchronization initiated. (174 threads)
[2023-10-18T22:58:28.761+0000][395.875s][info ][safepoint     ] Application time: 1.0008018 seconds
[2023-10-18T22:58:28.762+0000][395.876s][info ][safepoint     ] Entering safepoint region: Cleanup
[2023-10-18T22:58:28.763+0000][395.877s][info ][safepoint     ] Leaving safepoint region
[2023-10-18T22:58:28.763+0000][395.877s][info ][safepoint     ] Total time for which application threads were stopped: 0.0013208 seconds, Stopping threads took: 0.0005728 seconds
[2023-10-18T22:58:29.764+0000][396.878s][debug][safepoint     ] Safepoint synchronization initiated. (174 threads)
[2023-10-18T22:58:29.765+0000][396.879s][info ][safepoint     ] Application time: 1.0007945 seconds
[2023-10-18T22:58:29.765+0000][396.879s][info ][safepoint     ] Entering safepoint region: Cleanup
[2023-10-18T22:58:29.766+0000][396.880s][info ][safepoint     ] Leaving safepoint region
[2023-10-18T22:58:29.766+0000][396.881s][info ][safepoint     ] Total time for which application threads were stopped: 0.0011881 seconds, Stopping threads took: 0.0005251 seconds
[2023-10-18T22:58:30.767+0000][397.881s][debug][safepoint     ] Safepoint synchronization initiated. (174 threads)
[2023-10-18T22:58:30.767+0000][397.882s][info ][safepoint     ] Application time: 1.0005303 seconds
[2023-10-18T22:58:30.768+0000][397.882s][info ][safepoint     ] Entering safepoint region: Cleanup
[2023-10-18T22:58:30.768+0000][397.882s][info ][safepoint     ] Leaving safepoint region
[2023-10-18T22:58:30.768+0000][397.883s][info ][safepoint     ] Total time for which application threads were stopped: 0.0008959 seconds, Stopping threads took: 0.0004014 seconds
[2023-10-18T22:58:31.769+0000][398.883s][debug][safepoint     ] Safepoint synchronization initiated. (174 threads)
[2023-10-18T22:58:31.770+0000][398.884s][info ][safepoint     ] Application time: 1.0007569 seconds
[2023-10-18T22:58:31.770+0000][398.884s][info ][safepoint     ] Entering safepoint region: Cleanup
[2023-10-18T22:58:31.771+0000][398.885s][info ][safepoint     ] Leaving safepoint region
[2023-10-18T22:58:31.771+0000][398.886s][info ][safepoint     ] Total time for which application threads were stopped: 0.0014214 seconds, Stopping threads took: 0.0006710 seconds
[2023-10-18T22:58:32.772+0000][399.887s][debug][safepoint     ] Safepoint synchronization initiated. (174 threads)
[2023-10-18T22:58:32.773+0000][399.888s][info ][safepoint     ] Application time: 1.0012678 seconds
[2023-10-18T22:58:32.774+0000][399.888s][info ][safepoint     ] Entering safepoint region: Cleanup
[2023-10-18T22:58:32.775+0000][399.889s][info ][safepoint     ] Leaving safepoint region
[2023-10-18T22:58:32.776+0000][399.890s][info ][safepoint     ] Total time for which application threads were stopped: 0.0016966 seconds, Stopping threads took: 0.0007521 seconds
[2023-10-18T22:58:33.777+0000][400.891s][debug][safepoint     ] Safepoint synchronization initiated. (174 threads)
[2023-10-18T22:58:33.778+0000][400.892s][info ][safepoint     ] Application time: 1.0015473 seconds
[2023-10-18T22:58:33.779+0000][400.893s][info ][safepoint     ] Entering safepoint region: Cleanup
[2023-10-18T22:58:33.780+0000][400.894s][info ][safepoint     ] Leaving safepoint region
[2023-10-18T22:58:33.781+0000][400.895s][info ][safepoint     ] Total time for which application threads were stopped: 0.0021238 seconds, Stopping threads took: 0.0009359 seconds
[2023-10-18T22:58:34.782+0000][401.896s][debug][safepoint     ] Safepoint synchronization initiated. (174 threads)
[2023-10-18T22:58:34.783+0000][401.898s][info ][safepoint     ] Application time: 1.0013599 seconds
[2023-10-18T22:58:34.784+0000][401.899s][info ][safepoint     ] Entering safepoint region: Cleanup
[2023-10-18T22:58:34.785+0000][401.900s][info ][safepoint     ] Leaving safepoint region
[2023-10-18T22:58:34.786+0000][401.900s][info ][safepoint     ] Total time for which application threads were stopped: 0.0016878 seconds, Stopping threads took: 0.0008527 seconds
[2023-10-18T22:58:35.787+0000][402.901s][debug][safepoint     ] Safepoint synchronization initiated. (174 threads)
[2023-10-18T22:58:35.788+0000][402.903s][info ][safepoint     ] Application time: 1.0015307 seconds
[2023-10-18T22:58:35.789+0000][402.903s][info ][safepoint     ] Entering safepoint region: Cleanup
[2023-10-18T22:58:35.790+0000][402.905s][info ][safepoint     ] Leaving safepoint region
[2023-10-18T22:58:35.791+0000][402.905s][info ][safepoint     ] Total time for which application threads were stopped: 0.0019660 seconds, Stopping threads took: 0.0008457 seconds
[2023-10-18T22:58:36.792+0000][403.906s][debug][safepoint     ] Safepoint synchronization initiated. (174 threads)
[2023-10-18T22:58:36.793+0000][403.907s][info ][safepoint     ] Application time: 1.0007536 seconds
[2023-10-18T22:58:36.793+0000][403.907s][info ][safepoint     ] Entering safepoint region: Cleanup
[2023-10-18T22:58:36.794+0000][403.908s][info ][safepoint     ] Leaving safepoint region
[2023-10-18T22:58:36.794+0000][403.908s][info ][safepoint     ] Total time for which application threads were stopped: 0.0010004 seconds, Stopping threads took: 0.0004226 seconds
[2023-10-18T22:58:37.795+0000][404.909s][debug][safepoint     ] Safepoint synchronization initiated. (174 threads)
[2023-10-18T22:58:37.796+0000][404.910s][info ][safepoint     ] Application time: 1.0013091 seconds
[2023-10-18T22:58:37.797+0000][404.911s][info ][safepoint     ] Entering safepoint region: Cleanup
[2023-10-18T22:58:37.798+0000][404.912s][info ][safepoint     ] Leaving safepoint region
[2023-10-18T22:58:37.799+0000][404.913s][info ][safepoint     ] Total time for which application threads were stopped: 0.0018835 seconds, Stopping threads took: 0.0009352 seconds
[2023-10-18T22:58:38.800+0000][405.914s][debug][safepoint     ] Safepoint synchronization initiated. (174 threads)
[2023-10-18T22:58:38.800+0000][405.914s][info ][safepoint     ] Application time: 1.0007114 seconds
[2023-10-18T22:58:38.801+0000][405.915s][info ][safepoint     ] Entering safepoint region: Cleanup
[2023-10-18T22:58:38.801+0000][405.915s][info ][safepoint     ] Leaving safepoint region
[2023-10-18T22:58:38.802+0000][405.916s][info ][safepoint     ] Total time for which application threads were stopped: 0.0010544 seconds, Stopping threads took: 0.0004065 seconds
[2023-10-18T22:58:39.801+0000][406.916s][debug][safepoint     ] Safepoint synchronization initiated. (174 threads)
[2023-10-18T22:58:39.801+0000][406.917s][info ][safepoint     ] Application time: 1.0005783 seconds
[2023-10-18T22:58:39.802+0000][406.917s][info ][safepoint     ] Entering safepoint region: Cleanup
[2023-10-18T22:58:39.803+0000][406.918s][info ][safepoint     ] Leaving safepoint region
[2023-10-18T22:58:39.803+0000][406.918s][info ][safepoint     ] Total time for which application threads were stopped: 0.0010578 seconds, Stopping threads took: 0.0004981 seconds
[2023-10-18T22:58:40.804+0000][407.919s][debug][safepoint     ] Safepoint synchronization initiated. (174 threads)
[2023-10-18T22:58:40.804+0000][407.920s][info ][safepoint     ] Application time: 1.0006857 seconds
[2023-10-18T22:58:40.805+0000][407.920s][info ][safepoint     ] Entering safepoint region: Cleanup
[2023-10-18T22:58:40.805+0000][407.921s][info ][safepoint     ] Leaving safepoint region
[2023-10-18T22:58:40.806+0000][407.921s][info ][safepoint     ] Total time for which application threads were stopped: 0.0010977 seconds, Stopping threads took: 0.0005038 seconds
[2023-10-18T22:58:41.806+0000][408.922s][debug][safepoint     ] Safepoint synchronization initiated. (174 threads)
[2023-10-18T22:58:41.807+0000][408.922s][info ][safepoint     ] Application time: 1.0006548 seconds
[2023-10-18T22:58:41.807+0000][408.923s][info ][safepoint     ] Entering safepoint region: Cleanup
[2023-10-18T22:58:41.808+0000][408.924s][info ][safepoint     ] Leaving safepoint region
[2023-10-18T22:58:41.809+0000][408.924s][info ][safepoint     ] Total time for which application threads were stopped: 0.0013098 seconds, Stopping threads took: 0.0005267 seconds
[2023-10-18T22:58:42.810+0000][409.925s][debug][safepoint     ] Safepoint synchronization initiated. (174 threads)
[2023-10-18T22:58:42.811+0000][409.926s][info ][safepoint     ] Application time: 1.0014037 seconds
[2023-10-18T22:58:42.812+0000][409.927s][info ][safepoint     ] Entering safepoint region: Cleanup
[2023-10-18T22:58:42.813+0000][409.928s][info ][safepoint     ] Leaving safepoint region
[2023-10-18T22:58:42.814+0000][409.929s][info ][safepoint     ] Total time for which application threads were stopped: 0.0022257 seconds, Stopping threads took: 0.0010454 seconds
[2023-10-18T22:58:43.815+0000][410.930s][debug][safepoint     ] Safepoint synchronization initiated. (174 threads)
[2023-10-18T22:58:43.816+0000][410.931s][info ][safepoint     ] Application time: 1.0012696 seconds
[2023-10-18T22:58:43.816+0000][410.932s][info ][safepoint     ] Entering safepoint region: Cleanup
[2023-10-18T22:58:43.817+0000][410.933s][info ][safepoint     ] Leaving safepoint region
[2023-10-18T22:58:43.818+0000][410.933s][info ][safepoint     ] Total time for which application threads were stopped: 0.0015556 seconds, Stopping threads took: 0.0006663 seconds
[2023-10-18T22:58:44.819+0000][411.934s][debug][safepoint     ] Safepoint synchronization initiated. (174 threads)
[2023-10-18T22:58:44.820+0000][411.935s][info ][safepoint     ] Application time: 1.0014628 seconds
[2023-10-18T22:58:44.821+0000][411.936s][info ][safepoint     ] Entering safepoint region: Cleanup
[2023-10-18T22:58:44.822+0000][411.938s][info ][safepoint     ] Leaving safepoint region
[2023-10-18T22:58:44.823+0000][411.939s][info ][safepoint     ] Total time for which application threads were stopped: 0.0022591 seconds, Stopping threads took: 0.0009350 seconds
[2023-10-18T22:58:45.824+0000][412.939s][debug][safepoint     ] Safepoint synchronization initiated. (174 threads)
[2023-10-18T22:58:45.825+0000][412.940s][info ][safepoint     ] Application time: 1.0010824 seconds
[2023-10-18T22:58:45.826+0000][412.941s][info ][safepoint     ] Entering safepoint region: Cleanup
[2023-10-18T22:58:45.827+0000][412.942s][info ][safepoint     ] Leaving safepoint region
[2023-10-18T22:58:45.828+0000][412.943s][info ][safepoint     ] Total time for which application threads were stopped: 0.0017872 seconds, Stopping threads took: 0.0007973 seconds
[2023-10-18T22:58:46.828+0000][413.944s][debug][safepoint     ] Safepoint synchronization initiated. (174 threads)
[2023-10-18T22:58:46.829+0000][413.944s][info ][safepoint     ] Application time: 1.0004499 seconds
[2023-10-18T22:58:46.829+0000][413.945s][info ][safepoint     ] Entering safepoint region: Cleanup
[2023-10-18T22:58:46.829+0000][413.945s][info ][safepoint     ] Leaving safepoint region
[2023-10-18T22:58:46.830+0000][413.945s][info ][safepoint     ] Total time for which application threads were stopped: 0.0007181 seconds, Stopping threads took: 0.0002825 seconds
[2023-10-18T22:58:47.830+0000][414.946s][debug][safepoint     ] Safepoint synchronization initiated. (174 threads)
[2023-10-18T22:58:47.831+0000][414.946s][info ][safepoint     ] Application time: 1.0005268 seconds
[2023-10-18T22:58:47.831+0000][414.946s][info ][safepoint     ] Entering safepoint region: Cleanup
[2023-10-18T22:58:47.831+0000][414.947s][info ][safepoint     ] Leaving safepoint region
[2023-10-18T22:58:47.832+0000][414.947s][info ][safepoint     ] Total time for which application threads were stopped: 0.0007848 seconds, Stopping threads took: 0.0003409 seconds
[2023-10-18T22:58:48.832+0000][415.948s][debug][safepoint     ] Safepoint synchronization initiated. (174 threads)
[2023-10-18T22:58:48.832+0000][415.948s][info ][safepoint     ] Application time: 1.0005385 seconds
[2023-10-18T22:58:48.833+0000][415.948s][info ][safepoint     ] Entering safepoint region: Cleanup
[2023-10-18T22:58:48.834+0000][415.949s][info ][safepoint     ] Leaving safepoint region
[2023-10-18T22:58:48.834+0000][415.950s][info ][safepoint     ] Total time for which application threads were stopped: 0.0012101 seconds, Stopping threads took: 0.0005420 seconds
[2023-10-18T22:58:49.224+0000][416.339s][debug][safepoint     ] Safepoint synchronization initiated. (174 threads)
[2023-10-18T22:58:49.225+0000][416.340s][info ][safepoint     ] Application time: 0.3900569 seconds
[2023-10-18T22:58:49.225+0000][416.341s][info ][safepoint     ] Entering safepoint region: G1CollectForAllocation
[2023-10-18T22:58:49.226+0000][416.342s][info ][gc,start      ] GC(66) Pause Young (Normal) (G1 Evacuation Pause)
[2023-10-18T22:58:49.227+0000][416.342s][info ][gc,task       ] GC(66) Using 8 workers of 8 for evacuation
[2023-10-18T22:58:49.237+0000][416.352s][info ][gc,phases     ] GC(66)   Pre Evacuate Collection Set: 0.1ms
[2023-10-18T22:58:49.237+0000][416.353s][info ][gc,phases     ] GC(66)   Evacuate Collection Set: 5.5ms
[2023-10-18T22:58:49.238+0000][416.353s][info ][gc,phases     ] GC(66)   Post Evacuate Collection Set: 3.2ms
[2023-10-18T22:58:49.239+0000][416.354s][info ][gc,phases     ] GC(66)   Other: 1.7ms
[2023-10-18T22:58:49.239+0000][416.355s][info ][gc,heap       ] GC(66) Eden regions: 181->0(181)
[2023-10-18T22:58:49.240+0000][416.355s][info ][gc,heap       ] GC(66) Survivor regions: 12->12(25)
[2023-10-18T22:58:49.240+0000][416.356s][info ][gc,heap       ] GC(66) Old regions: 144->144
[2023-10-18T22:58:49.241+0000][416.356s][info ][gc,heap       ] GC(66) Humongous regions: 5->5
[2023-10-18T22:58:49.242+0000][416.357s][info ][gc,metaspace  ] GC(66) Metaspace: 164532K(169808K)->164532K(169808K) NonClass: 145241K(148432K)->145241K(148432K) Class: 19291K(21376K)->19291K(21376K)
[2023-10-18T22:58:49.242+0000][416.358s][info ][gc            ] GC(66) Pause Young (Normal) (G1 Evacuation Pause) 340M->159M(394M) 16.040ms
[2023-10-18T22:58:49.243+0000][416.358s][info ][gc,cpu        ] GC(66) User=0.06s Sys=0.00s Real=0.02s
[2023-10-18T22:58:49.243+0000][416.359s][info ][safepoint     ] Leaving safepoint region
[2023-10-18T22:58:49.244+0000][416.359s][info ][safepoint     ] Total time for which application threads were stopped: 0.0186111 seconds, Stopping threads took: 0.0006776 seconds
[2023-10-18T22:58:49.244+0000][416.360s][info ][gc,stringdedup] Concurrent String Deduplication (416.360s)
[2023-10-18T22:58:49.247+0000][416.362s][info ][gc,stringdedup] Concurrent String Deduplication 289.2K->140.9K(148.3K) avg 54.4% (416.360s, 416.362s) 2.442ms
[2023-10-18T22:58:50.244+0000][417.360s][debug][safepoint     ] Safepoint synchronization initiated. (174 threads)
[2023-10-18T22:58:50.245+0000][417.361s][info ][safepoint     ] Application time: 1.0010019 seconds
[2023-10-18T22:58:50.246+0000][417.361s][info ][safepoint     ] Entering safepoint region: Cleanup
[2023-10-18T22:58:50.247+0000][417.362s][info ][safepoint     ] Leaving safepoint region
[2023-10-18T22:58:50.247+0000][417.363s][info ][safepoint     ] Total time for which application threads were stopped: 0.0013919 seconds, Stopping threads took: 0.0006836 seconds
[2023-10-18T22:58:51.248+0000][418.363s][debug][safepoint     ] Safepoint synchronization initiated. (174 threads)
[2023-10-18T22:58:51.249+0000][418.364s][info ][safepoint     ] Application time: 1.0012685 seconds
[2023-10-18T22:58:51.250+0000][418.365s][info ][safepoint     ] Entering safepoint region: Cleanup
[2023-10-18T22:58:51.250+0000][418.366s][info ][safepoint     ] Leaving safepoint region
[2023-10-18T22:58:51.251+0000][418.366s][info ][safepoint     ] Total time for which application threads were stopped: 0.0014944 seconds, Stopping threads took: 0.0006673 seconds
[2023-10-18T22:58:52.252+0000][419.367s][debug][safepoint     ] Safepoint synchronization initiated. (174 threads)
[2023-10-18T22:58:52.252+0000][419.368s][info ][safepoint     ] Application time: 1.0008084 seconds
[2023-10-18T22:58:52.253+0000][419.368s][info ][safepoint     ] Entering safepoint region: Cleanup
[2023-10-18T22:58:52.254+0000][419.369s][info ][safepoint     ] Leaving safepoint region
[2023-10-18T22:58:52.254+0000][419.369s][info ][safepoint     ] Total time for which application threads were stopped: 0.0011628 seconds, Stopping threads took: 0.0004848 seconds
[2023-10-18T22:58:53.255+0000][420.370s][debug][safepoint     ] Safepoint synchronization initiated. (174 threads)
[2023-10-18T22:58:53.256+0000][420.371s][info ][safepoint     ] Application time: 1.0010897 seconds
[2023-10-18T22:58:53.257+0000][420.372s][info ][safepoint     ] Entering safepoint region: Cleanup
[2023-10-18T22:58:53.258+0000][420.373s][info ][safepoint     ] Leaving safepoint region
[2023-10-18T22:58:53.258+0000][420.374s][info ][safepoint     ] Total time for which application threads were stopped: 0.0018878 seconds, Stopping threads took: 0.0009550 seconds
[2023-10-18T22:58:54.259+0000][421.375s][debug][safepoint     ] Safepoint synchronization initiated. (174 threads)
[2023-10-18T22:58:54.260+0000][421.376s][info ][safepoint     ] Application time: 1.0009532 seconds
[2023-10-18T22:58:54.261+0000][421.376s][info ][safepoint     ] Entering safepoint region: Cleanup
[2023-10-18T22:58:54.261+0000][421.377s][info ][safepoint     ] Leaving safepoint region
[2023-10-18T22:58:54.262+0000][421.377s][info ][safepoint     ] Total time for which application threads were stopped: 0.0012043 seconds, Stopping threads took: 0.0005013 seconds
[2023-10-18T22:58:55.262+0000][422.378s][debug][safepoint     ] Safepoint synchronization initiated. (174 threads)
[2023-10-18T22:58:55.263+0000][422.378s][info ][safepoint     ] Application time: 1.0006535 seconds
[2023-10-18T22:58:55.263+0000][422.379s][info ][safepoint     ] Entering safepoint region: Cleanup
[2023-10-18T22:58:55.264+0000][422.379s][info ][safepoint     ] Leaving safepoint region
[2023-10-18T22:58:55.264+0000][422.380s][info ][safepoint     ] Total time for which application threads were stopped: 0.0009122 seconds, Stopping threads took: 0.0003852 seconds
[2023-10-18T22:58:56.265+0000][423.380s][debug][safepoint     ] Safepoint synchronization initiated. (174 threads)
[2023-10-18T22:58:56.266+0000][423.381s][info ][safepoint     ] Application time: 1.0012022 seconds
[2023-10-18T22:58:56.267+0000][423.382s][info ][safepoint     ] Entering safepoint region: Cleanup
[2023-10-18T22:58:56.268+0000][423.384s][info ][safepoint     ] Leaving safepoint region
[2023-10-18T22:58:56.269+0000][423.384s][info ][safepoint     ] Total time for which application threads were stopped: 0.0021070 seconds, Stopping threads took: 0.0009272 seconds
[2023-10-18T22:58:57.270+0000][424.385s][debug][safepoint     ] Safepoint synchronization initiated. (174 threads)
[2023-10-18T22:58:57.271+0000][424.386s][info ][safepoint     ] Application time: 1.0009491 seconds
[2023-10-18T22:58:57.271+0000][424.387s][info ][safepoint     ] Entering safepoint region: Cleanup
[2023-10-18T22:58:57.272+0000][424.388s][info ][safepoint     ] Leaving safepoint region
[2023-10-18T22:58:57.273+0000][424.388s][info ][safepoint     ] Total time for which application threads were stopped: 0.0013570 seconds, Stopping threads took: 0.0006572 seconds
[2023-10-18T22:58:58.273+0000][425.389s][debug][safepoint     ] Safepoint synchronization initiated. (174 threads)
[2023-10-18T22:58:58.274+0000][425.389s][info ][safepoint     ] Application time: 1.0006120 seconds
[2023-10-18T22:58:58.274+0000][425.390s][info ][safepoint     ] Entering safepoint region: Cleanup
[2023-10-18T22:58:58.275+0000][425.390s][info ][safepoint     ] Leaving safepoint region
[2023-10-18T22:58:58.275+0000][425.391s][info ][safepoint     ] Total time for which application threads were stopped: 0.0009859 seconds, Stopping threads took: 0.0004659 seconds
[2023-10-18T22:58:59.276+0000][426.391s][debug][safepoint     ] Safepoint synchronization initiated. (174 threads)
[2023-10-18T22:58:59.276+0000][426.392s][info ][safepoint     ] Application time: 1.0009651 seconds
[2023-10-18T22:58:59.277+0000][426.393s][info ][safepoint     ] Entering safepoint region: Cleanup
[2023-10-18T22:58:59.278+0000][426.394s][info ][safepoint     ] Leaving safepoint region
[2023-10-18T22:58:59.279+0000][426.394s][info ][safepoint     ] Total time for which application threads were stopped: 0.0019416 seconds, Stopping threads took: 0.0008221 seconds
[2023-10-18T22:59:00.280+0000][427.395s][debug][safepoint     ] Safepoint synchronization initiated. (174 threads)
[2023-10-18T22:59:00.281+0000][427.396s][info ][safepoint     ] Application time: 1.0008776 seconds
[2023-10-18T22:59:00.281+0000][427.397s][info ][safepoint     ] Entering safepoint region: Cleanup
[2023-10-18T22:59:00.282+0000][427.398s][info ][safepoint     ] Leaving safepoint region
[2023-10-18T22:59:00.283+0000][427.398s][info ][safepoint     ] Total time for which application threads were stopped: 0.0013905 seconds, Stopping threads took: 0.0007437 seconds
[2023-10-18T22:59:01.283+0000][428.399s][debug][safepoint     ] Safepoint synchronization initiated. (174 threads)
[2023-10-18T22:59:01.284+0000][428.400s][info ][safepoint     ] Application time: 1.0010716 seconds
[2023-10-18T22:59:01.285+0000][428.400s][info ][safepoint     ] Entering safepoint region: Cleanup
[2023-10-18T22:59:01.286+0000][428.401s][info ][safepoint     ] Leaving safepoint region
[2023-10-18T22:59:01.287+0000][428.402s][info ][safepoint     ] Total time for which application threads were stopped: 0.0016594 seconds, Stopping threads took: 0.0007779 seconds
[2023-10-18T22:59:02.287+0000][429.403s][debug][safepoint     ] Safepoint synchronization initiated. (174 threads)
[2023-10-18T22:59:02.288+0000][429.404s][info ][safepoint     ] Application time: 1.0008434 seconds
[2023-10-18T22:59:02.289+0000][429.404s][info ][safepoint     ] Entering safepoint region: Cleanup
[2023-10-18T22:59:02.289+0000][429.405s][info ][safepoint     ] Leaving safepoint region
[2023-10-18T22:59:02.291+0000][429.406s][info ][safepoint     ] Total time for which application threads were stopped: 0.0020292 seconds, Stopping threads took: 0.0005907 seconds
[2023-10-18T22:59:03.292+0000][430.407s][debug][safepoint     ] Safepoint synchronization initiated. (174 threads)
[2023-10-18T22:59:03.293+0000][430.408s][info ][safepoint     ] Application time: 1.0012850 seconds
[2023-10-18T22:59:03.293+0000][430.409s][info ][safepoint     ] Entering safepoint region: Cleanup
[2023-10-18T22:59:03.295+0000][430.410s][info ][safepoint     ] Leaving safepoint region
[2023-10-18T22:59:03.296+0000][430.411s][info ][safepoint     ] Total time for which application threads were stopped: 0.0021033 seconds, Stopping threads took: 0.0009613 seconds
[2023-10-18T22:59:04.296+0000][431.412s][debug][safepoint     ] Safepoint synchronization initiated. (174 threads)
[2023-10-18T22:59:04.297+0000][431.412s][info ][safepoint     ] Application time: 1.0008053 seconds
[2023-10-18T22:59:04.298+0000][431.413s][info ][safepoint     ] Entering safepoint region: Cleanup
[2023-10-18T22:59:04.298+0000][431.414s][info ][safepoint     ] Leaving safepoint region
[2023-10-18T22:59:04.299+0000][431.414s][info ][safepoint     ] Total time for which application threads were stopped: 0.0014146 seconds, Stopping threads took: 0.0006291 seconds
[2023-10-18T22:59:05.300+0000][432.415s][debug][safepoint     ] Safepoint synchronization initiated. (174 threads)
[2023-10-18T22:59:05.300+0000][432.415s][info ][safepoint     ] Application time: 1.0005571 seconds
[2023-10-18T22:59:05.300+0000][432.416s][info ][safepoint     ] Entering safepoint region: Cleanup
[2023-10-18T22:59:05.301+0000][432.416s][info ][safepoint     ] Leaving safepoint region
[2023-10-18T22:59:05.301+0000][432.417s][info ][safepoint     ] Total time for which application threads were stopped: 0.0008222 seconds, Stopping threads took: 0.0003296 seconds
[2023-10-18T22:59:06.302+0000][433.417s][debug][safepoint     ] Safepoint synchronization initiated. (174 threads)
[2023-10-18T22:59:06.307+0000][433.423s][info ][safepoint     ] Application time: 1.0059211 seconds
[2023-10-18T22:59:06.310+0000][433.426s][info ][safepoint     ] Entering safepoint region: Cleanup
[2023-10-18T22:59:06.315+0000][433.430s][info ][safepoint     ] Leaving safepoint region
[2023-10-18T22:59:06.321+0000][433.436s][info ][safepoint     ] Total time for which application threads were stopped: 0.0106156 seconds, Stopping threads took: 0.0041930 seconds
[2023-10-18T22:59:07.331+0000][434.446s][debug][safepoint     ] Safepoint synchronization initiated. (174 threads)
[2023-10-18T22:59:07.332+0000][434.447s][info ][safepoint     ] Application time: 1.0008454 seconds
[2023-10-18T22:59:07.332+0000][434.448s][info ][safepoint     ] Entering safepoint region: Cleanup
[2023-10-18T22:59:07.333+0000][434.448s][info ][safepoint     ] Leaving safepoint region
[2023-10-18T22:59:07.333+0000][434.449s][info ][safepoint     ] Total time for which application threads were stopped: 0.0010014 seconds, Stopping threads took: 0.0004224 seconds
[2023-10-18T22:59:08.334+0000][435.449s][debug][safepoint     ] Safepoint synchronization initiated. (174 threads)
[2023-10-18T22:59:08.334+0000][435.450s][info ][safepoint     ] Application time: 1.0008204 seconds
[2023-10-18T22:59:08.335+0000][435.450s][info ][safepoint     ] Entering safepoint region: Cleanup
[2023-10-18T22:59:08.335+0000][435.451s][info ][safepoint     ] Leaving safepoint region
[2023-10-18T22:59:08.336+0000][435.451s][info ][safepoint     ] Total time for which application threads were stopped: 0.0011400 seconds, Stopping threads took: 0.0005214 seconds
[2023-10-18T22:59:09.336+0000][436.452s][debug][safepoint     ] Safepoint synchronization initiated. (174 threads)
[2023-10-18T22:59:09.337+0000][436.453s][info ][safepoint     ] Application time: 1.0009228 seconds
[2023-10-18T22:59:09.338+0000][436.453s][info ][safepoint     ] Entering safepoint region: Cleanup
[2023-10-18T22:59:09.339+0000][436.454s][info ][safepoint     ] Leaving safepoint region
[2023-10-18T22:59:09.339+0000][436.455s][info ][safepoint     ] Total time for which application threads were stopped: 0.0012645 seconds, Stopping threads took: 0.0006525 seconds
[2023-10-18T22:59:10.340+0000][437.455s][debug][safepoint     ] Safepoint synchronization initiated. (174 threads)
[2023-10-18T22:59:10.340+0000][437.456s][info ][safepoint     ] Application time: 1.0008842 seconds
[2023-10-18T22:59:10.341+0000][437.457s][info ][safepoint     ] Entering safepoint region: Cleanup
[2023-10-18T22:59:10.342+0000][437.458s][info ][safepoint     ] Leaving safepoint region
[2023-10-18T22:59:10.342+0000][437.458s][info ][safepoint     ] Total time for which application threads were stopped: 0.0013704 seconds, Stopping threads took: 0.0006249 seconds
[2023-10-18T22:59:11.343+0000][438.459s][debug][safepoint     ] Safepoint synchronization initiated. (174 threads)
[2023-10-18T22:59:11.344+0000][438.459s][info ][safepoint     ] Application time: 1.0007626 seconds
[2023-10-18T22:59:11.344+0000][438.460s][info ][safepoint     ] Entering safepoint region: Cleanup
[2023-10-18T22:59:11.345+0000][438.460s][info ][safepoint     ] Leaving safepoint region
[2023-10-18T22:59:11.345+0000][438.461s][info ][safepoint     ] Total time for which application threads were stopped: 0.0010359 seconds, Stopping threads took: 0.0004182 seconds
[2023-10-18T22:59:12.346+0000][439.461s][debug][safepoint     ] Safepoint synchronization initiated. (174 threads)
[2023-10-18T22:59:12.346+0000][439.462s][info ][safepoint     ] Application time: 1.0006515 seconds
[2023-10-18T22:59:12.347+0000][439.462s][info ][safepoint     ] Entering safepoint region: Cleanup
[2023-10-18T22:59:12.347+0000][439.463s][info ][safepoint     ] Leaving safepoint region
[2023-10-18T22:59:12.348+0000][439.463s][info ][safepoint     ] Total time for which application threads were stopped: 0.0009709 seconds, Stopping threads took: 0.0003987 seconds
[2023-10-18T22:59:13.348+0000][440.464s][debug][safepoint     ] Safepoint synchronization initiated. (174 threads)
[2023-10-18T22:59:13.349+0000][440.465s][info ][safepoint     ] Application time: 1.0014077 seconds
[2023-10-18T22:59:13.352+0000][440.468s][info ][safepoint     ] Entering safepoint region: Cleanup
[2023-10-18T22:59:13.353+0000][440.468s][info ][safepoint     ] Leaving safepoint region
[2023-10-18T22:59:13.353+0000][440.469s][info ][safepoint     ] Total time for which application threads were stopped: 0.0013124 seconds, Stopping threads took: 0.0004824 seconds
[2023-10-18T22:59:14.354+0000][441.470s][debug][safepoint     ] Safepoint synchronization initiated. (174 threads)
[2023-10-18T22:59:14.355+0000][441.471s][info ][safepoint     ] Application time: 1.0012445 seconds
[2023-10-18T22:59:14.356+0000][441.471s][info ][safepoint     ] Entering safepoint region: Cleanup
[2023-10-18T22:59:14.357+0000][441.473s][info ][safepoint     ] Leaving safepoint region
[2023-10-18T22:59:14.358+0000][441.474s][info ][safepoint     ] Total time for which application threads were stopped: 0.0024048 seconds, Stopping threads took: 0.0009842 seconds
[2023-10-18T22:59:15.359+0000][442.474s][debug][safepoint     ] Safepoint synchronization initiated. (174 threads)
[2023-10-18T22:59:15.359+0000][442.475s][info ][safepoint     ] Application time: 1.0007745 seconds
[2023-10-18T22:59:15.360+0000][442.476s][info ][safepoint     ] Entering safepoint region: Cleanup
[2023-10-18T22:59:15.363+0000][442.478s][info ][safepoint     ] Leaving safepoint region
[2023-10-18T22:59:15.363+0000][442.479s][info ][safepoint     ] Total time for which application threads were stopped: 0.0028095 seconds, Stopping threads took: 0.0010613 seconds
[2023-10-18T22:59:16.364+0000][443.479s][debug][safepoint     ] Safepoint synchronization initiated. (174 threads)
[2023-10-18T22:59:16.364+0000][443.480s][info ][safepoint     ] Application time: 1.0010485 seconds
[2023-10-18T22:59:16.365+0000][443.481s][info ][safepoint     ] Entering safepoint region: Cleanup
[2023-10-18T22:59:16.366+0000][443.481s][info ][safepoint     ] Leaving safepoint region
[2023-10-18T22:59:16.366+0000][443.482s][info ][safepoint     ] Total time for which application threads were stopped: 0.0012131 seconds, Stopping threads took: 0.0006028 seconds
[2023-10-18T22:59:17.367+0000][444.482s][debug][safepoint     ] Safepoint synchronization initiated. (174 threads)
[2023-10-18T22:59:17.367+0000][444.483s][info ][safepoint     ] Application time: 1.0007179 seconds
[2023-10-18T22:59:17.368+0000][444.483s][info ][safepoint     ] Entering safepoint region: Cleanup
[2023-10-18T22:59:17.368+0000][444.484s][info ][safepoint     ] Leaving safepoint region
[2023-10-18T22:59:17.369+0000][444.485s][info ][safepoint     ] Total time for which application threads were stopped: 0.0011691 seconds, Stopping threads took: 0.0005512 seconds
[2023-10-18T22:59:18.369+0000][445.485s][debug][safepoint     ] Safepoint synchronization initiated. (174 threads)
[2023-10-18T22:59:18.370+0000][445.486s][info ][safepoint     ] Application time: 1.0010489 seconds
[2023-10-18T22:59:18.372+0000][445.488s][info ][safepoint     ] Entering safepoint region: Cleanup
[2023-10-18T22:59:18.373+0000][445.489s][info ][safepoint     ] Leaving safepoint region
[2023-10-18T22:59:18.376+0000][445.492s][info ][safepoint     ] Total time for which application threads were stopped: 0.0039162 seconds, Stopping threads took: 0.0008581 seconds
[2023-10-18T22:59:19.379+0000][446.494s][debug][safepoint     ] Safepoint synchronization initiated. (174 threads)
[2023-10-18T22:59:19.379+0000][446.495s][info ][safepoint     ] Application time: 1.0009197 seconds
[2023-10-18T22:59:19.380+0000][446.496s][info ][safepoint     ] Entering safepoint region: Cleanup
[2023-10-18T22:59:19.381+0000][446.496s][info ][safepoint     ] Leaving safepoint region
[2023-10-18T22:59:19.381+0000][446.497s][info ][safepoint     ] Total time for which application threads were stopped: 0.0015247 seconds, Stopping threads took: 0.0008122 seconds
[2023-10-18T22:59:20.382+0000][447.498s][debug][safepoint     ] Safepoint synchronization initiated. (174 threads)
[2023-10-18T22:59:20.382+0000][447.498s][info ][safepoint     ] Application time: 1.0007505 seconds
[2023-10-18T22:59:20.383+0000][447.499s][info ][safepoint     ] Entering safepoint region: Cleanup
[2023-10-18T22:59:20.384+0000][447.499s][info ][safepoint     ] Leaving safepoint region
[2023-10-18T22:59:20.384+0000][447.500s][info ][safepoint     ] Total time for which application threads were stopped: 0.0010749 seconds, Stopping threads took: 0.0005394 seconds
[2023-10-18T22:59:21.385+0000][448.500s][debug][safepoint     ] Safepoint synchronization initiated. (174 threads)
[2023-10-18T22:59:21.385+0000][448.501s][info ][safepoint     ] Application time: 1.0010006 seconds
[2023-10-18T22:59:21.386+0000][448.501s][info ][safepoint     ] Entering safepoint region: Cleanup
[2023-10-18T22:59:21.386+0000][448.502s][info ][safepoint     ] Leaving safepoint region
[2023-10-18T22:59:21.387+0000][448.503s][info ][safepoint     ] Total time for which application threads were stopped: 0.0012252 seconds, Stopping threads took: 0.0005101 seconds
[2023-10-18T22:59:21.386+0000][448.502s][debug][safepoint     ] ... found polling page return exception at pc = 0x00007f38b0b84ca4, stub =0x00007f38a8840600
[2023-10-18T22:59:21.386+0000][448.502s][debug][safepoint     ] ... found polling page return exception at pc = 0x00007f38b0b84ca4, stub =0x00007f38a8840600
[2023-10-18T22:59:21.386+0000][448.502s][debug][safepoint     ] ... found polling page return exception at pc = 0x00007f38b0b84ca4, stub =0x00007f38a8840600
[2023-10-18T22:59:22.388+0000][449.503s][debug][safepoint     ] Safepoint synchronization initiated. (174 threads)
[2023-10-18T22:59:22.388+0000][449.504s][info ][safepoint     ] Application time: 1.0007314 seconds
[2023-10-18T22:59:22.389+0000][449.504s][info ][safepoint     ] Entering safepoint region: Cleanup
[2023-10-18T22:59:22.390+0000][449.505s][info ][safepoint     ] Leaving safepoint region
[2023-10-18T22:59:22.390+0000][449.506s][info ][safepoint     ] Total time for which application threads were stopped: 0.0013296 seconds, Stopping threads took: 0.0005947 seconds
[2023-10-18T22:59:23.391+0000][450.506s][debug][safepoint     ] Safepoint synchronization initiated. (174 threads)
[2023-10-18T22:59:23.391+0000][450.507s][info ][safepoint     ] Application time: 1.0007982 seconds
[2023-10-18T22:59:23.392+0000][450.507s][info ][safepoint     ] Entering safepoint region: Cleanup
[2023-10-18T22:59:23.392+0000][450.508s][info ][safepoint     ] Leaving safepoint region
[2023-10-18T22:59:23.393+0000][450.508s][info ][safepoint     ] Total time for which application threads were stopped: 0.0009488 seconds, Stopping threads took: 0.0003723 seconds
[2023-10-18T22:59:24.393+0000][451.509s][debug][safepoint     ] Safepoint synchronization initiated. (174 threads)
[2023-10-18T22:59:24.394+0000][451.510s][info ][safepoint     ] Application time: 1.0010809 seconds
[2023-10-18T22:59:24.395+0000][451.510s][info ][safepoint     ] Entering safepoint region: Cleanup
[2023-10-18T22:59:24.396+0000][451.511s][info ][safepoint     ] Leaving safepoint region
[2023-10-18T22:59:24.396+0000][451.512s][info ][safepoint     ] Total time for which application threads were stopped: 0.0013537 seconds, Stopping threads took: 0.0005705 seconds
[2023-10-18T22:59:25.397+0000][452.512s][debug][safepoint     ] Safepoint synchronization initiated. (174 threads)
[2023-10-18T22:59:25.397+0000][452.513s][info ][safepoint     ] Application time: 1.0007597 seconds
[2023-10-18T22:59:25.398+0000][452.513s][info ][safepoint     ] Entering safepoint region: Cleanup
[2023-10-18T22:59:25.398+0000][452.514s][info ][safepoint     ] Leaving safepoint region
[2023-10-18T22:59:25.399+0000][452.515s][info ][safepoint     ] Total time for which application threads were stopped: 0.0013319 seconds, Stopping threads took: 0.0003985 seconds
[2023-10-18T22:59:26.400+0000][453.515s][debug][safepoint     ] Safepoint synchronization initiated. (174 threads)
[2023-10-18T22:59:26.400+0000][453.516s][info ][safepoint     ] Application time: 1.0005271 seconds
[2023-10-18T22:59:26.401+0000][453.516s][info ][safepoint     ] Entering safepoint region: Cleanup
[2023-10-18T22:59:26.401+0000][453.517s][info ][safepoint     ] Leaving safepoint region
[2023-10-18T22:59:26.401+0000][453.517s][info ][safepoint     ] Total time for which application threads were stopped: 0.0008156 seconds, Stopping threads took: 0.0003592 seconds
[2023-10-18T22:59:27.402+0000][454.517s][debug][safepoint     ] Safepoint synchronization initiated. (174 threads)
[2023-10-18T22:59:27.402+0000][454.518s][info ][safepoint     ] Application time: 1.0007096 seconds
[2023-10-18T22:59:27.403+0000][454.518s][info ][safepoint     ] Entering safepoint region: Cleanup
[2023-10-18T22:59:27.403+0000][454.519s][info ][safepoint     ] Leaving safepoint region
[2023-10-18T22:59:27.404+0000][454.519s][info ][safepoint     ] Total time for which application threads were stopped: 0.0010770 seconds, Stopping threads took: 0.0004603 seconds
[2023-10-18T22:59:28.404+0000][455.520s][debug][safepoint     ] Safepoint synchronization initiated. (174 threads)
[2023-10-18T22:59:28.405+0000][455.521s][info ][safepoint     ] Application time: 1.0007054 seconds
[2023-10-18T22:59:28.405+0000][455.521s][info ][safepoint     ] Entering safepoint region: Cleanup
[2023-10-18T22:59:28.406+0000][455.522s][info ][safepoint     ] Leaving safepoint region
[2023-10-18T22:59:28.407+0000][455.522s][info ][safepoint     ] Total time for which application threads were stopped: 0.0011975 seconds, Stopping threads took: 0.0005546 seconds
[2023-10-18T22:59:29.407+0000][456.523s][debug][safepoint     ] Safepoint synchronization initiated. (174 threads)
[2023-10-18T22:59:29.408+0000][456.524s][info ][safepoint     ] Application time: 1.0008417 seconds
[2023-10-18T22:59:29.408+0000][456.524s][info ][safepoint     ] Entering safepoint region: Cleanup
[2023-10-18T22:59:29.409+0000][456.525s][info ][safepoint     ] Leaving safepoint region
[2023-10-18T22:59:29.410+0000][456.526s][info ][safepoint     ] Total time for which application threads were stopped: 0.0014007 seconds, Stopping threads took: 0.0005934 seconds
[2023-10-18T22:59:30.411+0000][457.526s][debug][safepoint     ] Safepoint synchronization initiated. (174 threads)
[2023-10-18T22:59:30.411+0000][457.527s][info ][safepoint     ] Application time: 1.0008757 seconds
[2023-10-18T22:59:30.412+0000][457.528s][info ][safepoint     ] Entering safepoint region: Cleanup
[2023-10-18T22:59:30.413+0000][457.528s][info ][safepoint     ] Leaving safepoint region
[2023-10-18T22:59:30.413+0000][457.529s][info ][safepoint     ] Total time for which application threads were stopped: 0.0014156 seconds, Stopping threads took: 0.0006734 seconds
[2023-10-18T22:59:31.414+0000][458.530s][debug][safepoint     ] Safepoint synchronization initiated. (174 threads)
[2023-10-18T22:59:31.414+0000][458.530s][info ][safepoint     ] Application time: 1.0005703 seconds
[2023-10-18T22:59:31.415+0000][458.530s][info ][safepoint     ] Entering safepoint region: Cleanup
[2023-10-18T22:59:31.415+0000][458.531s][info ][safepoint     ] Leaving safepoint region
[2023-10-18T22:59:31.416+0000][458.531s][info ][safepoint     ] Total time for which application threads were stopped: 0.0009450 seconds, Stopping threads took: 0.0004345 seconds
[2023-10-18T22:59:32.416+0000][459.532s][debug][safepoint     ] Safepoint synchronization initiated. (174 threads)
[2023-10-18T22:59:32.417+0000][459.532s][info ][safepoint     ] Application time: 1.0008955 seconds
[2023-10-18T22:59:32.418+0000][459.533s][info ][safepoint     ] Entering safepoint region: Cleanup
[2023-10-18T22:59:32.419+0000][459.534s][info ][safepoint     ] Leaving safepoint region
[2023-10-18T22:59:32.419+0000][459.535s][info ][safepoint     ] Total time for which application threads were stopped: 0.0017049 seconds, Stopping threads took: 0.0007525 seconds
[2023-10-18T22:59:33.420+0000][460.536s][debug][safepoint     ] Safepoint synchronization initiated. (174 threads)
[2023-10-18T22:59:33.421+0000][460.537s][info ][safepoint     ] Application time: 1.0012645 seconds
[2023-10-18T22:59:33.422+0000][460.538s][info ][safepoint     ] Entering safepoint region: Cleanup
[2023-10-18T22:59:33.423+0000][460.539s][info ][safepoint     ] Leaving safepoint region
[2023-10-18T22:59:33.424+0000][460.540s][info ][safepoint     ] Total time for which application threads were stopped: 0.0018504 seconds, Stopping threads took: 0.0008338 seconds
[2023-10-18T22:59:34.425+0000][461.540s][debug][safepoint     ] Safepoint synchronization initiated. (174 threads)
[2023-10-18T22:59:34.425+0000][461.541s][info ][safepoint     ] Application time: 1.0007102 seconds
[2023-10-18T22:59:34.426+0000][461.541s][info ][safepoint     ] Entering safepoint region: Cleanup
[2023-10-18T22:59:34.426+0000][461.542s][info ][safepoint     ] Leaving safepoint region
[2023-10-18T22:59:34.427+0000][461.542s][info ][safepoint     ] Total time for which application threads were stopped: 0.0010358 seconds, Stopping threads took: 0.0004443 seconds
[2023-10-18T22:59:35.427+0000][462.543s][debug][safepoint     ] Safepoint synchronization initiated. (174 threads)
[2023-10-18T22:59:35.428+0000][462.544s][info ][safepoint     ] Application time: 1.0009961 seconds
[2023-10-18T22:59:35.429+0000][462.544s][info ][safepoint     ] Entering safepoint region: Cleanup
[2023-10-18T22:59:35.429+0000][462.545s][info ][safepoint     ] Leaving safepoint region
[2023-10-18T22:59:35.430+0000][462.546s][info ][safepoint     ] Total time for which application threads were stopped: 0.0011517 seconds, Stopping threads took: 0.0004662 seconds
[2023-10-18T22:59:36.431+0000][463.546s][debug][safepoint     ] Safepoint synchronization initiated. (174 threads)
[2023-10-18T22:59:36.432+0000][463.547s][info ][safepoint     ] Application time: 1.0013081 seconds
[2023-10-18T22:59:36.433+0000][463.548s][info ][safepoint     ] Entering safepoint region: Cleanup
[2023-10-18T22:59:36.434+0000][463.550s][info ][safepoint     ] Leaving safepoint region
[2023-10-18T22:59:36.435+0000][463.550s][info ][safepoint     ] Total time for which application threads were stopped: 0.0022607 seconds, Stopping threads took: 0.0009695 seconds
[2023-10-18T22:59:37.436+0000][464.551s][debug][safepoint     ] Safepoint synchronization initiated. (174 threads)
[2023-10-18T22:59:37.436+0000][464.552s][info ][safepoint     ] Application time: 1.0010424 seconds
[2023-10-18T22:59:37.437+0000][464.553s][info ][safepoint     ] Entering safepoint region: Cleanup
[2023-10-18T22:59:37.438+0000][464.553s][info ][safepoint     ] Leaving safepoint region
[2023-10-18T22:59:37.438+0000][464.554s][info ][safepoint     ] Total time for which application threads were stopped: 0.0010951 seconds, Stopping threads took: 0.0004840 seconds
[2023-10-18T22:59:38.439+0000][465.555s][debug][safepoint     ] Safepoint synchronization initiated. (174 threads)
[2023-10-18T22:59:38.440+0000][465.555s][info ][safepoint     ] Application time: 1.0012323 seconds
[2023-10-18T22:59:38.440+0000][465.556s][info ][safepoint     ] Entering safepoint region: Cleanup
[2023-10-18T22:59:38.441+0000][465.557s][info ][safepoint     ] Leaving safepoint region
[2023-10-18T22:59:38.442+0000][465.558s][info ][safepoint     ] Total time for which application threads were stopped: 0.0016422 seconds, Stopping threads took: 0.0007729 seconds
[2023-10-18T22:59:39.443+0000][466.559s][debug][safepoint     ] Safepoint synchronization initiated. (174 threads)
[2023-10-18T22:59:39.444+0000][466.559s][info ][safepoint     ] Application time: 1.0008230 seconds
[2023-10-18T22:59:39.444+0000][466.560s][info ][safepoint     ] Entering safepoint region: Cleanup
[2023-10-18T22:59:39.445+0000][466.561s][info ][safepoint     ] Leaving safepoint region
[2023-10-18T22:59:39.446+0000][466.561s][info ][safepoint     ] Total time for which application threads were stopped: 0.0012231 seconds, Stopping threads took: 0.0005290 seconds
[2023-10-18T22:59:40.446+0000][467.562s][debug][safepoint     ] Safepoint synchronization initiated. (174 threads)
[2023-10-18T22:59:40.447+0000][467.563s][info ][safepoint     ] Application time: 1.0010048 seconds
[2023-10-18T22:59:40.448+0000][467.563s][info ][safepoint     ] Entering safepoint region: Cleanup
[2023-10-18T22:59:40.449+0000][467.565s][info ][safepoint     ] Leaving safepoint region
[2023-10-18T22:59:40.450+0000][467.565s][info ][safepoint     ] Total time for which application threads were stopped: 0.0021282 seconds, Stopping threads took: 0.0009552 seconds
[2023-10-18T22:59:41.451+0000][468.567s][debug][safepoint     ] Safepoint synchronization initiated. (174 threads)
[2023-10-18T22:59:41.452+0000][468.568s][info ][safepoint     ] Application time: 1.0012789 seconds
[2023-10-18T22:59:41.453+0000][468.568s][info ][safepoint     ] Entering safepoint region: Cleanup
[2023-10-18T22:59:41.454+0000][468.569s][info ][safepoint     ] Leaving safepoint region
[2023-10-18T22:59:41.455+0000][468.570s][info ][safepoint     ] Total time for which application threads were stopped: 0.0017583 seconds, Stopping threads took: 0.0008611 seconds
[2023-10-18T22:59:42.455+0000][469.571s][debug][safepoint     ] Safepoint synchronization initiated. (174 threads)
[2023-10-18T22:59:42.456+0000][469.571s][info ][safepoint     ] Application time: 1.0008985 seconds
[2023-10-18T22:59:42.457+0000][469.572s][info ][safepoint     ] Entering safepoint region: Cleanup
[2023-10-18T22:59:42.458+0000][469.573s][info ][safepoint     ] Leaving safepoint region
[2023-10-18T22:59:42.458+0000][469.574s][info ][safepoint     ] Total time for which application threads were stopped: 0.0015324 seconds, Stopping threads took: 0.0007089 seconds
[2023-10-18T22:59:43.459+0000][470.575s][debug][safepoint     ] Safepoint synchronization initiated. (174 threads)
[2023-10-18T22:59:43.460+0000][470.575s][info ][safepoint     ] Application time: 1.0011787 seconds
[2023-10-18T22:59:43.461+0000][470.576s][info ][safepoint     ] Entering safepoint region: Cleanup
[2023-10-18T22:59:43.461+0000][470.577s][info ][safepoint     ] Leaving safepoint region
[2023-10-18T22:59:43.462+0000][470.577s][info ][safepoint     ] Total time for which application threads were stopped: 0.0013519 seconds, Stopping threads took: 0.0006680 seconds
[2023-10-18T22:59:44.463+0000][471.578s][debug][safepoint     ] Safepoint synchronization initiated. (174 threads)
[2023-10-18T22:59:44.463+0000][471.579s][info ][safepoint     ] Application time: 1.0006194 seconds
[2023-10-18T22:59:44.464+0000][471.579s][info ][safepoint     ] Entering safepoint region: Cleanup
[2023-10-18T22:59:44.464+0000][471.580s][info ][safepoint     ] Leaving safepoint region
[2023-10-18T22:59:44.465+0000][471.580s][info ][safepoint     ] Total time for which application threads were stopped: 0.0011583 seconds, Stopping threads took: 0.0005410 seconds
[2023-10-18T22:59:45.465+0000][472.581s][debug][safepoint     ] Safepoint synchronization initiated. (174 threads)
[2023-10-18T22:59:45.466+0000][472.581s][info ][safepoint     ] Application time: 1.0005987 seconds
[2023-10-18T22:59:45.466+0000][472.582s][info ][safepoint     ] Entering safepoint region: Cleanup
[2023-10-18T22:59:45.467+0000][472.582s][info ][safepoint     ] Leaving safepoint region
[2023-10-18T22:59:45.467+0000][472.583s][info ][safepoint     ] Total time for which application threads were stopped: 0.0010556 seconds, Stopping threads took: 0.0005188 seconds
[2023-10-18T22:59:46.468+0000][473.583s][debug][safepoint     ] Safepoint synchronization initiated. (174 threads)
[2023-10-18T22:59:46.468+0000][473.584s][info ][safepoint     ] Application time: 1.0010495 seconds
[2023-10-18T22:59:46.469+0000][473.585s][info ][safepoint     ] Entering safepoint region: Cleanup
[2023-10-18T22:59:46.470+0000][473.586s][info ][safepoint     ] Leaving safepoint region
[2023-10-18T22:59:46.471+0000][473.586s][info ][safepoint     ] Total time for which application threads were stopped: 0.0015803 seconds, Stopping threads took: 0.0006348 seconds
[2023-10-18T22:59:47.472+0000][474.587s][debug][safepoint     ] Safepoint synchronization initiated. (174 threads)
[2023-10-18T22:59:47.472+0000][474.588s][info ][safepoint     ] Application time: 1.0009728 seconds
[2023-10-18T22:59:47.473+0000][474.588s][info ][safepoint     ] Entering safepoint region: Cleanup
[2023-10-18T22:59:47.473+0000][474.589s][info ][safepoint     ] Leaving safepoint region
[2023-10-18T22:59:47.474+0000][474.590s][info ][safepoint     ] Total time for which application threads were stopped: 0.0012325 seconds, Stopping threads took: 0.0005021 seconds
[2023-10-18T22:59:48.475+0000][475.590s][debug][safepoint     ] Safepoint synchronization initiated. (174 threads)
[2023-10-18T22:59:48.476+0000][475.591s][info ][safepoint     ] Application time: 1.0010420 seconds
[2023-10-18T22:59:48.476+0000][475.592s][info ][safepoint     ] Entering safepoint region: Cleanup
[2023-10-18T22:59:48.477+0000][475.593s][info ][safepoint     ] Leaving safepoint region
[2023-10-18T22:59:48.478+0000][475.593s][info ][safepoint     ] Total time for which application threads were stopped: 0.0015370 seconds, Stopping threads took: 0.0006890 seconds
[2023-10-18T22:59:49.479+0000][476.594s][debug][safepoint     ] Safepoint synchronization initiated. (174 threads)
[2023-10-18T22:59:49.479+0000][476.595s][info ][safepoint     ] Application time: 1.0008354 seconds
[2023-10-18T22:59:49.480+0000][476.595s][info ][safepoint     ] Entering safepoint region: Cleanup
[2023-10-18T22:59:49.481+0000][476.596s][info ][safepoint     ] Leaving safepoint region
[2023-10-18T22:59:49.481+0000][476.597s][info ][safepoint     ] Total time for which application threads were stopped: 0.0012400 seconds, Stopping threads took: 0.0005485 seconds
[2023-10-18T22:59:50.482+0000][477.597s][debug][safepoint     ] Safepoint synchronization initiated. (174 threads)
[2023-10-18T22:59:50.482+0000][477.598s][info ][safepoint     ] Application time: 1.0007486 seconds
[2023-10-18T22:59:50.483+0000][477.598s][info ][safepoint     ] Entering safepoint region: Cleanup
[2023-10-18T22:59:50.483+0000][477.599s][info ][safepoint     ] Leaving safepoint region
[2023-10-18T22:59:50.484+0000][477.599s][info ][safepoint     ] Total time for which application threads were stopped: 0.0011023 seconds, Stopping threads took: 0.0005048 seconds
[2023-10-18T22:59:51.484+0000][478.600s][debug][safepoint     ] Safepoint synchronization initiated. (174 threads)
[2023-10-18T22:59:51.485+0000][478.601s][info ][safepoint     ] Application time: 1.0009091 seconds
[2023-10-18T22:59:51.486+0000][478.601s][info ][safepoint     ] Entering safepoint region: Cleanup
[2023-10-18T22:59:51.486+0000][478.602s][info ][safepoint     ] Leaving safepoint region
[2023-10-18T22:59:51.487+0000][478.603s][info ][safepoint     ] Total time for which application threads were stopped: 0.0013334 seconds, Stopping threads took: 0.0005906 seconds
[2023-10-18T22:59:52.488+0000][479.603s][debug][safepoint     ] Safepoint synchronization initiated. (174 threads)
[2023-10-18T22:59:52.489+0000][479.604s][info ][safepoint     ] Application time: 1.0010464 seconds
[2023-10-18T22:59:52.489+0000][479.605s][info ][safepoint     ] Entering safepoint region: Cleanup
[2023-10-18T22:59:52.490+0000][479.606s][info ][safepoint     ] Leaving safepoint region
[2023-10-18T22:59:52.491+0000][479.606s][info ][safepoint     ] Total time for which application threads were stopped: 0.0015737 seconds, Stopping threads took: 0.0007129 seconds
[2023-10-18T22:59:53.492+0000][480.607s][debug][safepoint     ] Safepoint synchronization initiated. (174 threads)
[2023-10-18T22:59:53.492+0000][480.608s][info ][safepoint     ] Application time: 1.0010754 seconds
[2023-10-18T22:59:53.493+0000][480.609s][info ][safepoint     ] Entering safepoint region: Cleanup
[2023-10-18T22:59:53.494+0000][480.609s][info ][safepoint     ] Leaving safepoint region
[2023-10-18T22:59:53.494+0000][480.610s][info ][safepoint     ] Total time for which application threads were stopped: 0.0013642 seconds, Stopping threads took: 0.0006241 seconds
[2023-10-18T22:59:54.495+0000][481.611s][debug][safepoint     ] Safepoint synchronization initiated. (174 threads)
[2023-10-18T22:59:54.496+0000][481.611s][info ][safepoint     ] Application time: 1.0007710 seconds
[2023-10-18T22:59:54.496+0000][481.612s][info ][safepoint     ] Entering safepoint region: Cleanup
[2023-10-18T22:59:54.497+0000][481.612s][info ][safepoint     ] Leaving safepoint region
[2023-10-18T22:59:54.497+0000][481.613s][info ][safepoint     ] Total time for which application threads were stopped: 0.0011478 seconds, Stopping threads took: 0.0005181 seconds
[2023-10-18T22:59:55.498+0000][482.613s][debug][safepoint     ] Safepoint synchronization initiated. (174 threads)
[2023-10-18T22:59:55.498+0000][482.614s][info ][safepoint     ] Application time: 1.0007680 seconds
[2023-10-18T22:59:55.499+0000][482.615s][info ][safepoint     ] Entering safepoint region: Cleanup
[2023-10-18T22:59:55.500+0000][482.615s][info ][safepoint     ] Leaving safepoint region
[2023-10-18T22:59:55.500+0000][482.616s][info ][safepoint     ] Total time for which application threads were stopped: 0.0012039 seconds, Stopping threads took: 0.0004805 seconds
[2023-10-18T22:59:56.501+0000][483.616s][debug][safepoint     ] Safepoint synchronization initiated. (174 threads)
[2023-10-18T22:59:56.502+0000][483.617s][info ][safepoint     ] Application time: 1.0011062 seconds
[2023-10-18T22:59:56.502+0000][483.618s][info ][safepoint     ] Entering safepoint region: Cleanup
[2023-10-18T22:59:56.503+0000][483.619s][info ][safepoint     ] Leaving safepoint region
[2023-10-18T22:59:56.504+0000][483.619s][info ][safepoint     ] Total time for which application threads were stopped: 0.0011899 seconds, Stopping threads took: 0.0005703 seconds
[2023-10-18T22:59:57.504+0000][484.620s][debug][safepoint     ] Safepoint synchronization initiated. (174 threads)
[2023-10-18T22:59:57.505+0000][484.621s][info ][safepoint     ] Application time: 1.0011132 seconds
[2023-10-18T22:59:57.506+0000][484.621s][info ][safepoint     ] Entering safepoint region: Cleanup
[2023-10-18T22:59:57.507+0000][484.622s][info ][safepoint     ] Leaving safepoint region
[2023-10-18T22:59:57.507+0000][484.622s][info ][safepoint     ] Total time for which application threads were stopped: 0.0011069 seconds, Stopping threads took: 0.0005215 seconds
[2023-10-18T22:59:58.508+0000][485.623s][debug][safepoint     ] Safepoint synchronization initiated. (174 threads)
[2023-10-18T22:59:58.508+0000][485.624s][info ][safepoint     ] Application time: 1.0011008 seconds
[2023-10-18T22:59:58.509+0000][485.625s][info ][safepoint     ] Entering safepoint region: Cleanup
[2023-10-18T22:59:58.510+0000][485.626s][info ][safepoint     ] Leaving safepoint region
[2023-10-18T22:59:58.511+0000][485.626s][info ][safepoint     ] Total time for which application threads were stopped: 0.0015267 seconds, Stopping threads took: 0.0006491 seconds
[2023-10-18T22:59:58.510+0000][485.626s][debug][safepoint     ] ... found polling page return exception at pc = 0x00007f38b0b84ca4, stub =0x00007f38a8840600
[2023-10-18T22:59:58.510+0000][485.626s][debug][safepoint     ] ... found polling page return exception at pc = 0x00007f38b0b84ca4, stub =0x00007f38a8840600
[2023-10-18T22:59:58.510+0000][485.626s][debug][safepoint     ] ... found polling page return exception at pc = 0x00007f38b0b84ca4, stub =0x00007f38a8840600
[2023-10-18T22:59:58.510+0000][485.626s][debug][safepoint     ] ... found polling page return exception at pc = 0x00007f38b0b84ca4, stub =0x00007f38a8840600
[2023-10-18T22:59:59.512+0000][486.627s][debug][safepoint     ] Safepoint synchronization initiated. (174 threads)
[2023-10-18T22:59:59.513+0000][486.628s][info ][safepoint     ] Application time: 1.0010746 seconds
[2023-10-18T22:59:59.513+0000][486.629s][info ][safepoint     ] Entering safepoint region: Cleanup
[2023-10-18T22:59:59.514+0000][486.630s][info ][safepoint     ] Leaving safepoint region
[2023-10-18T22:59:59.515+0000][486.630s][info ][safepoint     ] Total time for which application threads were stopped: 0.0015106 seconds, Stopping threads took: 0.0006403 seconds
[2023-10-18T23:00:00.515+0000][487.631s][debug][safepoint     ] Safepoint synchronization initiated. (174 threads)
[2023-10-18T23:00:00.516+0000][487.632s][info ][safepoint     ] Application time: 1.0007123 seconds
[2023-10-18T23:00:00.516+0000][487.632s][info ][safepoint     ] Entering safepoint region: Cleanup
[2023-10-18T23:00:00.517+0000][487.632s][info ][safepoint     ] Leaving safepoint region
[2023-10-18T23:00:00.517+0000][487.633s][info ][safepoint     ] Total time for which application threads were stopped: 0.0010371 seconds, Stopping threads took: 0.0003953 seconds
[2023-10-18T23:00:01.518+0000][488.633s][debug][safepoint     ] Safepoint synchronization initiated. (174 threads)
[2023-10-18T23:00:01.519+0000][488.634s][info ][safepoint     ] Application time: 1.0007728 seconds
[2023-10-18T23:00:01.519+0000][488.635s][info ][safepoint     ] Entering safepoint region: Cleanup
[2023-10-18T23:00:01.520+0000][488.635s][info ][safepoint     ] Leaving safepoint region
[2023-10-18T23:00:01.520+0000][488.636s][info ][safepoint     ] Total time for which application threads were stopped: 0.0011080 seconds, Stopping threads took: 0.0004810 seconds
[2023-10-18T23:00:02.521+0000][489.636s][debug][safepoint     ] Safepoint synchronization initiated. (174 threads)
[2023-10-18T23:00:02.521+0000][489.637s][info ][safepoint     ] Application time: 1.0007791 seconds
[2023-10-18T23:00:02.522+0000][489.637s][info ][safepoint     ] Entering safepoint region: Cleanup
[2023-10-18T23:00:02.523+0000][489.638s][info ][safepoint     ] Leaving safepoint region
[2023-10-18T23:00:02.523+0000][489.639s][info ][safepoint     ] Total time for which application threads were stopped: 0.0012918 seconds, Stopping threads took: 0.0005027 seconds
[2023-10-18T23:00:03.524+0000][490.639s][debug][safepoint     ] Safepoint synchronization initiated. (174 threads)
[2023-10-18T23:00:03.524+0000][490.640s][info ][safepoint     ] Application time: 1.0007856 seconds
[2023-10-18T23:00:03.525+0000][490.640s][info ][safepoint     ] Entering safepoint region: Cleanup
[2023-10-18T23:00:03.525+0000][490.641s][info ][safepoint     ] Leaving safepoint region
[2023-10-18T23:00:03.526+0000][490.642s][info ][safepoint     ] Total time for which application threads were stopped: 0.0012945 seconds, Stopping threads took: 0.0005924 seconds
[2023-10-18T23:00:04.527+0000][491.642s][debug][safepoint     ] Safepoint synchronization initiated. (174 threads)
[2023-10-18T23:00:04.527+0000][491.643s][info ][safepoint     ] Application time: 1.0006082 seconds
[2023-10-18T23:00:04.528+0000][491.643s][info ][safepoint     ] Entering safepoint region: Cleanup
[2023-10-18T23:00:04.528+0000][491.644s][info ][safepoint     ] Leaving safepoint region
[2023-10-18T23:00:04.528+0000][491.644s][info ][safepoint     ] Total time for which application threads were stopped: 0.0008766 seconds, Stopping threads took: 0.0003569 seconds
[2023-10-18T23:00:05.529+0000][492.644s][debug][safepoint     ] Safepoint synchronization initiated. (174 threads)
[2023-10-18T23:00:05.529+0000][492.645s][info ][safepoint     ] Application time: 1.0007843 seconds
[2023-10-18T23:00:05.530+0000][492.645s][info ][safepoint     ] Entering safepoint region: Cleanup
[2023-10-18T23:00:05.531+0000][492.646s][info ][safepoint     ] Leaving safepoint region
[2023-10-18T23:00:05.531+0000][492.647s][info ][safepoint     ] Total time for which application threads were stopped: 0.0012946 seconds, Stopping threads took: 0.0004905 seconds
[2023-10-18T23:00:06.532+0000][493.647s][debug][safepoint     ] Safepoint synchronization initiated. (174 threads)
[2023-10-18T23:00:06.533+0000][493.648s][info ][safepoint     ] Application time: 1.0009671 seconds
[2023-10-18T23:00:06.533+0000][493.649s][info ][safepoint     ] Entering safepoint region: Cleanup
[2023-10-18T23:00:06.534+0000][493.649s][info ][safepoint     ] Leaving safepoint region
[2023-10-18T23:00:06.534+0000][493.650s][info ][safepoint     ] Total time for which application threads were stopped: 0.0010349 seconds, Stopping threads took: 0.0004392 seconds
[2023-10-18T23:00:07.535+0000][494.650s][debug][safepoint     ] Safepoint synchronization initiated. (174 threads)
[2023-10-18T23:00:07.535+0000][494.651s][info ][safepoint     ] Application time: 1.0007171 seconds
[2023-10-18T23:00:07.536+0000][494.651s][info ][safepoint     ] Entering safepoint region: Cleanup
[2023-10-18T23:00:07.536+0000][494.652s][info ][safepoint     ] Leaving safepoint region
[2023-10-18T23:00:07.537+0000][494.652s][info ][safepoint     ] Total time for which application threads were stopped: 0.0008598 seconds, Stopping threads took: 0.0003982 seconds
[2023-10-18T23:00:08.537+0000][495.653s][debug][safepoint     ] Safepoint synchronization initiated. (174 threads)
[2023-10-18T23:00:08.537+0000][495.653s][info ][safepoint     ] Application time: 1.0006390 seconds
[2023-10-18T23:00:08.538+0000][495.654s][info ][safepoint     ] Entering safepoint region: Cleanup
[2023-10-18T23:00:08.539+0000][495.654s][info ][safepoint     ] Leaving safepoint region
[2023-10-18T23:00:08.539+0000][495.654s][info ][safepoint     ] Total time for which application threads were stopped: 0.0009030 seconds, Stopping threads took: 0.0003974 seconds
[2023-10-18T23:00:09.539+0000][496.655s][debug][safepoint     ] Safepoint synchronization initiated. (174 threads)
[2023-10-18T23:00:09.540+0000][496.655s][info ][safepoint     ] Application time: 1.0007278 seconds
[2023-10-18T23:00:09.540+0000][496.656s][info ][safepoint     ] Entering safepoint region: Cleanup
[2023-10-18T23:00:09.541+0000][496.657s][info ][safepoint     ] Leaving safepoint region
[2023-10-18T23:00:09.541+0000][496.657s][info ][safepoint     ] Total time for which application threads were stopped: 0.0010655 seconds, Stopping threads took: 0.0004042 seconds
[2023-10-18T23:00:10.542+0000][497.657s][debug][safepoint     ] Safepoint synchronization initiated. (174 threads)
[2023-10-18T23:00:10.542+0000][497.658s][info ][safepoint     ] Application time: 1.0006246 seconds
[2023-10-18T23:00:10.543+0000][497.658s][info ][safepoint     ] Entering safepoint region: Cleanup
[2023-10-18T23:00:10.543+0000][497.659s][info ][safepoint     ] Leaving safepoint region
[2023-10-18T23:00:10.544+0000][497.659s][info ][safepoint     ] Total time for which application threads were stopped: 0.0011219 seconds, Stopping threads took: 0.0004670 seconds
[2023-10-18T23:00:11.544+0000][498.660s][debug][safepoint     ] Safepoint synchronization initiated. (174 threads)
[2023-10-18T23:00:11.545+0000][498.660s][info ][safepoint     ] Application time: 1.0007553 seconds
[2023-10-18T23:00:11.545+0000][498.661s][info ][safepoint     ] Entering safepoint region: Cleanup
[2023-10-18T23:00:11.546+0000][498.661s][info ][safepoint     ] Leaving safepoint region
[2023-10-18T23:00:11.546+0000][498.662s][info ][safepoint     ] Total time for which application threads were stopped: 0.0008867 seconds, Stopping threads took: 0.0003215 seconds
[2023-10-18T23:00:12.547+0000][499.662s][debug][safepoint     ] Safepoint synchronization initiated. (174 threads)
[2023-10-18T23:00:12.547+0000][499.663s][info ][safepoint     ] Application time: 1.0006525 seconds
[2023-10-18T23:00:12.548+0000][499.663s][info ][safepoint     ] Entering safepoint region: Cleanup
[2023-10-18T23:00:12.548+0000][499.664s][info ][safepoint     ] Leaving safepoint region
[2023-10-18T23:00:12.548+0000][499.664s][info ][safepoint     ] Total time for which application threads were stopped: 0.0008352 seconds, Stopping threads took: 0.0003611 seconds
[2023-10-18T23:00:13.549+0000][500.664s][debug][safepoint     ] Safepoint synchronization initiated. (174 threads)
[2023-10-18T23:00:13.549+0000][500.665s][info ][safepoint     ] Application time: 1.0005594 seconds
[2023-10-18T23:00:13.550+0000][500.665s][info ][safepoint     ] Entering safepoint region: Cleanup
[2023-10-18T23:00:13.550+0000][500.666s][info ][safepoint     ] Leaving safepoint region
[2023-10-18T23:00:13.551+0000][500.666s][info ][safepoint     ] Total time for which application threads were stopped: 0.0010872 seconds, Stopping threads took: 0.0004981 seconds
[2023-10-18T23:00:14.551+0000][501.667s][debug][safepoint     ] Safepoint synchronization initiated. (174 threads)
[2023-10-18T23:00:14.552+0000][501.667s][info ][safepoint     ] Application time: 1.0007294 seconds
[2023-10-18T23:00:14.552+0000][501.668s][info ][safepoint     ] Entering safepoint region: Cleanup
[2023-10-18T23:00:14.553+0000][501.668s][info ][safepoint     ] Leaving safepoint region
[2023-10-18T23:00:14.553+0000][501.669s][info ][safepoint     ] Total time for which application threads were stopped: 0.0010437 seconds, Stopping threads took: 0.0004826 seconds
[2023-10-18T23:00:15.554+0000][502.669s][debug][safepoint     ] Safepoint synchronization initiated. (174 threads)
[2023-10-18T23:00:15.554+0000][502.670s][info ][safepoint     ] Application time: 1.0008315 seconds
[2023-10-18T23:00:15.555+0000][502.671s][info ][safepoint     ] Entering safepoint region: Cleanup
[2023-10-18T23:00:15.556+0000][502.671s][info ][safepoint     ] Leaving safepoint region
[2023-10-18T23:00:15.556+0000][502.672s][info ][safepoint     ] Total time for which application threads were stopped: 0.0011611 seconds, Stopping threads took: 0.0004368 seconds
[2023-10-18T23:00:16.557+0000][503.672s][debug][safepoint     ] Safepoint synchronization initiated. (174 threads)
[2023-10-18T23:00:16.557+0000][503.673s][info ][safepoint     ] Application time: 1.0005856 seconds
[2023-10-18T23:00:16.557+0000][503.673s][info ][safepoint     ] Entering safepoint region: Cleanup
[2023-10-18T23:00:16.558+0000][503.673s][info ][safepoint     ] Leaving safepoint region
[2023-10-18T23:00:16.558+0000][503.674s][info ][safepoint     ] Total time for which application threads were stopped: 0.0007970 seconds, Stopping threads took: 0.0003086 seconds
[2023-10-18T23:00:17.559+0000][504.674s][debug][safepoint     ] Safepoint synchronization initiated. (174 threads)
[2023-10-18T23:00:17.559+0000][504.675s][info ][safepoint     ] Application time: 1.0007085 seconds
[2023-10-18T23:00:17.560+0000][504.675s][info ][safepoint     ] Entering safepoint region: Cleanup
[2023-10-18T23:00:17.560+0000][504.676s][info ][safepoint     ] Leaving safepoint region
[2023-10-18T23:00:17.561+0000][504.676s][info ][safepoint     ] Total time for which application threads were stopped: 0.0012286 seconds, Stopping threads took: 0.0004552 seconds
[2023-10-18T23:00:18.562+0000][505.677s][debug][safepoint     ] Safepoint synchronization initiated. (174 threads)
[2023-10-18T23:00:18.562+0000][505.678s][info ][safepoint     ] Application time: 1.0008952 seconds
[2023-10-18T23:00:18.563+0000][505.679s][info ][safepoint     ] Entering safepoint region: Cleanup
[2023-10-18T23:00:18.564+0000][505.679s][info ][safepoint     ] Leaving safepoint region
[2023-10-18T23:00:18.564+0000][505.680s][info ][safepoint     ] Total time for which application threads were stopped: 0.0013914 seconds, Stopping threads took: 0.0006667 seconds
[2023-10-18T23:00:19.565+0000][506.681s][debug][safepoint     ] Safepoint synchronization initiated. (174 threads)
[2023-10-18T23:00:19.566+0000][506.681s][info ][safepoint     ] Application time: 1.0006796 seconds
[2023-10-18T23:00:19.566+0000][506.682s][info ][safepoint     ] Entering safepoint region: Cleanup
[2023-10-18T23:00:19.567+0000][506.683s][info ][safepoint     ] Leaving safepoint region
[2023-10-18T23:00:19.568+0000][506.683s][info ][safepoint     ] Total time for which application threads were stopped: 0.0012173 seconds, Stopping threads took: 0.0006008 seconds
[2023-10-18T23:00:20.568+0000][507.684s][debug][safepoint     ] Safepoint synchronization initiated. (174 threads)
[2023-10-18T23:00:20.569+0000][507.684s][info ][safepoint     ] Application time: 1.0007962 seconds
[2023-10-18T23:00:20.569+0000][507.685s][info ][safepoint     ] Entering safepoint region: Cleanup
[2023-10-18T23:00:20.570+0000][507.685s][info ][safepoint     ] Leaving safepoint region
[2023-10-18T23:00:20.570+0000][507.686s][info ][safepoint     ] Total time for which application threads were stopped: 0.0009812 seconds, Stopping threads took: 0.0003905 seconds
[2023-10-18T23:00:21.571+0000][508.686s][debug][safepoint     ] Safepoint synchronization initiated. (174 threads)
[2023-10-18T23:00:21.572+0000][508.687s][info ][safepoint     ] Application time: 1.0009973 seconds
[2023-10-18T23:00:21.572+0000][508.688s][info ][safepoint     ] Entering safepoint region: Cleanup
[2023-10-18T23:00:21.573+0000][508.689s][info ][safepoint     ] Leaving safepoint region
[2023-10-18T23:00:21.574+0000][508.689s][info ][safepoint     ] Total time for which application threads were stopped: 0.0015274 seconds, Stopping threads took: 0.0007269 seconds
[2023-10-18T23:00:22.574+0000][509.690s][debug][safepoint     ] Safepoint synchronization initiated. (174 threads)
[2023-10-18T23:00:22.575+0000][509.691s][info ][safepoint     ] Application time: 1.0012794 seconds
[2023-10-18T23:00:22.576+0000][509.692s][info ][safepoint     ] Entering safepoint region: Cleanup
[2023-10-18T23:00:22.577+0000][509.693s][info ][safepoint     ] Leaving safepoint region
[2023-10-18T23:00:22.578+0000][509.693s][info ][safepoint     ] Total time for which application threads were stopped: 0.0017135 seconds, Stopping threads took: 0.0007475 seconds
[2023-10-18T23:00:23.579+0000][510.694s][debug][safepoint     ] Safepoint synchronization initiated. (174 threads)
[2023-10-18T23:00:23.580+0000][510.695s][info ][safepoint     ] Application time: 1.0011453 seconds
[2023-10-18T23:00:23.580+0000][510.696s][debug][safepoint     ] ... found polling page return exception at pc = 0x00007f38b0b84ca4, stub =0x00007f38a8840600
[2023-10-18T23:00:23.581+0000][510.697s][debug][safepoint     ] Waiting for 2 thread(s) to block
[2023-10-18T23:00:23.582+0000][510.698s][info ][safepoint     ] Entering safepoint region: Cleanup
[2023-10-18T23:00:23.583+0000][510.699s][info ][safepoint     ] Leaving safepoint region
[2023-10-18T23:00:23.584+0000][510.700s][info ][safepoint     ] Total time for which application threads were stopped: 0.0036472 seconds, Stopping threads took: 0.0026929 seconds
[2023-10-18T23:00:24.585+0000][511.700s][debug][safepoint     ] Safepoint synchronization initiated. (174 threads)
[2023-10-18T23:00:24.585+0000][511.701s][info ][safepoint     ] Application time: 1.0007120 seconds
[2023-10-18T23:00:24.586+0000][511.701s][info ][safepoint     ] Entering safepoint region: Cleanup
[2023-10-18T23:00:24.587+0000][511.702s][info ][safepoint     ] Leaving safepoint region
[2023-10-18T23:00:24.587+0000][511.703s][info ][safepoint     ] Total time for which application threads were stopped: 0.0013479 seconds, Stopping threads took: 0.0005710 seconds
[2023-10-18T23:00:25.588+0000][512.703s][debug][safepoint     ] Safepoint synchronization initiated. (174 threads)
[2023-10-18T23:00:25.589+0000][512.704s][info ][safepoint     ] Application time: 1.0009537 seconds
[2023-10-18T23:00:25.589+0000][512.705s][info ][safepoint     ] Entering safepoint region: Cleanup
[2023-10-18T23:00:25.590+0000][512.706s][info ][safepoint     ] Leaving safepoint region
[2023-10-18T23:00:25.591+0000][512.706s][info ][safepoint     ] Total time for which application threads were stopped: 0.0016783 seconds, Stopping threads took: 0.0007107 seconds
[2023-10-18T23:00:26.592+0000][513.707s][debug][safepoint     ] Safepoint synchronization initiated. (174 threads)
[2023-10-18T23:00:26.593+0000][513.708s][info ][safepoint     ] Application time: 1.0010912 seconds
[2023-10-18T23:00:26.593+0000][513.709s][info ][safepoint     ] Entering safepoint region: Cleanup
[2023-10-18T23:00:26.594+0000][513.710s][info ][safepoint     ] Leaving safepoint region
[2023-10-18T23:00:26.595+0000][513.710s][info ][safepoint     ] Total time for which application threads were stopped: 0.0014372 seconds, Stopping threads took: 0.0007454 seconds
[2023-10-18T23:00:27.595+0000][514.711s][debug][safepoint     ] Safepoint synchronization initiated. (174 threads)
[2023-10-18T23:00:27.597+0000][514.712s][info ][safepoint     ] Application time: 1.0014429 seconds
[2023-10-18T23:00:27.597+0000][514.713s][info ][safepoint     ] Entering safepoint region: Cleanup
[2023-10-18T23:00:27.598+0000][514.714s][info ][safepoint     ] Leaving safepoint region
[2023-10-18T23:00:27.599+0000][514.714s][info ][safepoint     ] Total time for which application threads were stopped: 0.0015176 seconds, Stopping threads took: 0.0006035 seconds
[2023-10-18T23:00:28.599+0000][515.715s][debug][safepoint     ] Safepoint synchronization initiated. (174 threads)
[2023-10-18T23:00:28.600+0000][515.716s][info ][safepoint     ] Application time: 1.0009279 seconds
[2023-10-18T23:00:28.601+0000][515.716s][info ][safepoint     ] Entering safepoint region: Cleanup
[2023-10-18T23:00:28.602+0000][515.717s][info ][safepoint     ] Leaving safepoint region
[2023-10-18T23:00:28.602+0000][515.718s][info ][safepoint     ] Total time for which application threads were stopped: 0.0014046 seconds, Stopping threads took: 0.0006046 seconds
[2023-10-18T23:00:29.603+0000][516.718s][debug][safepoint     ] Safepoint synchronization initiated. (174 threads)
[2023-10-18T23:00:29.604+0000][516.719s][info ][safepoint     ] Application time: 1.0011733 seconds
[2023-10-18T23:00:29.605+0000][516.720s][info ][safepoint     ] Entering safepoint region: Cleanup
[2023-10-18T23:00:29.606+0000][516.721s][info ][safepoint     ] Leaving safepoint region
[2023-10-18T23:00:29.606+0000][516.722s][info ][safepoint     ] Total time for which application threads were stopped: 0.0016083 seconds, Stopping threads took: 0.0005828 seconds
[2023-10-18T23:00:30.607+0000][517.723s][debug][safepoint     ] Safepoint synchronization initiated. (174 threads)
[2023-10-18T23:00:30.608+0000][517.723s][info ][safepoint     ] Application time: 1.0007180 seconds
[2023-10-18T23:00:30.608+0000][517.724s][info ][safepoint     ] Entering safepoint region: Cleanup
[2023-10-18T23:00:30.609+0000][517.725s][info ][safepoint     ] Leaving safepoint region
[2023-10-18T23:00:30.610+0000][517.725s][info ][safepoint     ] Total time for which application threads were stopped: 0.0011736 seconds, Stopping threads took: 0.0005213 seconds
[2023-10-18T23:00:31.610+0000][518.726s][debug][safepoint     ] Safepoint synchronization initiated. (174 threads)
[2023-10-18T23:00:31.611+0000][518.726s][info ][safepoint     ] Application time: 1.0007380 seconds
[2023-10-18T23:00:31.611+0000][518.727s][info ][safepoint     ] Entering safepoint region: Cleanup
[2023-10-18T23:00:31.612+0000][518.727s][info ][safepoint     ] Leaving safepoint region
[2023-10-18T23:00:31.612+0000][518.728s][info ][safepoint     ] Total time for which application threads were stopped: 0.0012312 seconds, Stopping threads took: 0.0004953 seconds
[2023-10-18T23:00:32.613+0000][519.729s][debug][safepoint     ] Safepoint synchronization initiated. (174 threads)
[2023-10-18T23:00:32.614+0000][519.729s][info ][safepoint     ] Application time: 1.0008563 seconds
[2023-10-18T23:00:32.614+0000][519.730s][info ][safepoint     ] Entering safepoint region: Cleanup
[2023-10-18T23:00:32.615+0000][519.730s][info ][safepoint     ] Leaving safepoint region
[2023-10-18T23:00:32.615+0000][519.731s][info ][safepoint     ] Total time for which application threads were stopped: 0.0011935 seconds, Stopping threads took: 0.0005157 seconds
[2023-10-18T23:00:33.616+0000][520.732s][debug][safepoint     ] Safepoint synchronization initiated. (174 threads)
[2023-10-18T23:00:33.617+0000][520.732s][info ][safepoint     ] Application time: 1.0011272 seconds
[2023-10-18T23:00:33.618+0000][520.733s][info ][safepoint     ] Entering safepoint region: Cleanup
[2023-10-18T23:00:33.619+0000][520.734s][info ][safepoint     ] Leaving safepoint region
[2023-10-18T23:00:33.619+0000][520.735s][info ][safepoint     ] Total time for which application threads were stopped: 0.0016826 seconds, Stopping threads took: 0.0007419 seconds
[2023-10-18T23:00:34.620+0000][521.736s][debug][safepoint     ] Safepoint synchronization initiated. (174 threads)
[2023-10-18T23:00:34.621+0000][521.736s][info ][safepoint     ] Application time: 1.0009069 seconds
[2023-10-18T23:00:34.621+0000][521.737s][info ][safepoint     ] Entering safepoint region: Cleanup
[2023-10-18T23:00:34.622+0000][521.737s][info ][safepoint     ] Leaving safepoint region
[2023-10-18T23:00:34.622+0000][521.738s][info ][safepoint     ] Total time for which application threads were stopped: 0.0011868 seconds, Stopping threads took: 0.0004600 seconds
[2023-10-18T23:00:35.623+0000][522.739s][debug][safepoint     ] Safepoint synchronization initiated. (174 threads)
[2023-10-18T23:00:35.624+0000][522.739s][info ][safepoint     ] Application time: 1.0010782 seconds
[2023-10-18T23:00:35.624+0000][522.740s][info ][safepoint     ] Entering safepoint region: Cleanup
[2023-10-18T23:00:35.625+0000][522.741s][info ][safepoint     ] Leaving safepoint region
[2023-10-18T23:00:35.626+0000][522.741s][info ][safepoint     ] Total time for which application threads were stopped: 0.0014549 seconds, Stopping threads took: 0.0005770 seconds
[2023-10-18T23:00:36.627+0000][523.742s][debug][safepoint     ] Safepoint synchronization initiated. (174 threads)
[2023-10-18T23:00:36.627+0000][523.743s][info ][safepoint     ] Application time: 1.0008210 seconds
[2023-10-18T23:00:36.628+0000][523.743s][info ][safepoint     ] Entering safepoint region: Cleanup
[2023-10-18T23:00:36.629+0000][523.744s][info ][safepoint     ] Leaving safepoint region
[2023-10-18T23:00:36.629+0000][523.745s][info ][safepoint     ] Total time for which application threads were stopped: 0.0014305 seconds, Stopping threads took: 0.0006434 seconds
[2023-10-18T23:00:37.630+0000][524.746s][debug][safepoint     ] Safepoint synchronization initiated. (174 threads)
[2023-10-18T23:00:37.631+0000][524.746s][info ][safepoint     ] Application time: 1.0011490 seconds
[2023-10-18T23:00:37.632+0000][524.747s][info ][safepoint     ] Entering safepoint region: Cleanup
[2023-10-18T23:00:37.633+0000][524.749s][info ][safepoint     ] Leaving safepoint region
[2023-10-18T23:00:37.634+0000][524.749s][info ][safepoint     ] Total time for which application threads were stopped: 0.0018505 seconds, Stopping threads took: 0.0008643 seconds
[2023-10-18T23:00:38.635+0000][525.750s][debug][safepoint     ] Safepoint synchronization initiated. (174 threads)
[2023-10-18T23:00:38.636+0000][525.752s][info ][safepoint     ] Application time: 1.0016335 seconds
[2023-10-18T23:00:38.637+0000][525.753s][info ][safepoint     ] Entering safepoint region: Cleanup
[2023-10-18T23:00:38.639+0000][525.754s][info ][safepoint     ] Leaving safepoint region
[2023-10-18T23:00:38.639+0000][525.755s][info ][safepoint     ] Total time for which application threads were stopped: 0.0023599 seconds, Stopping threads took: 0.0011600 seconds
[2023-10-18T23:00:39.640+0000][526.756s][debug][safepoint     ] Safepoint synchronization initiated. (174 threads)
[2023-10-18T23:00:39.641+0000][526.757s][info ][safepoint     ] Application time: 1.0012914 seconds
[2023-10-18T23:00:39.642+0000][526.758s][info ][safepoint     ] Entering safepoint region: Cleanup
[2023-10-18T23:00:39.643+0000][526.759s][info ][safepoint     ] Leaving safepoint region
[2023-10-18T23:00:39.644+0000][526.759s][info ][safepoint     ] Total time for which application threads were stopped: 0.0018560 seconds, Stopping threads took: 0.0008406 seconds
[2023-10-18T23:00:40.645+0000][527.760s][debug][safepoint     ] Safepoint synchronization initiated. (174 threads)
[2023-10-18T23:00:40.646+0000][527.761s][info ][safepoint     ] Application time: 1.0009643 seconds
[2023-10-18T23:00:40.646+0000][527.762s][info ][safepoint     ] Entering safepoint region: Cleanup
[2023-10-18T23:00:40.647+0000][527.762s][info ][safepoint     ] Leaving safepoint region
[2023-10-18T23:00:40.647+0000][527.763s][info ][safepoint     ] Total time for which application threads were stopped: 0.0009566 seconds, Stopping threads took: 0.0004285 seconds
[2023-10-18T23:00:41.648+0000][528.763s][debug][safepoint     ] Safepoint synchronization initiated. (174 threads)
[2023-10-18T23:00:41.649+0000][528.764s][info ][safepoint     ] Application time: 1.0014130 seconds
[2023-10-18T23:00:41.650+0000][528.765s][debug][safepoint     ] ... found polling page return exception at pc = 0x00007f38b05040e8, stub =0x00007f38a8840600
[2023-10-18T23:00:41.650+0000][528.765s][debug][safepoint     ] ... found polling page return exception at pc = 0x00007f38b0343c9d, stub =0x00007f38a8840600
[2023-10-18T23:00:41.650+0000][528.765s][debug][safepoint     ] ... found polling page return exception at pc = 0x00007f38b0979a76, stub =0x00007f38a8840600
[2023-10-18T23:00:41.650+0000][528.765s][debug][safepoint     ] ... found polling page return exception at pc = 0x00007f38b0a6fff4, stub =0x00007f38a8840600
[2023-10-18T23:00:41.650+0000][528.765s][debug][safepoint     ] ... found polling page return exception at pc = 0x00007f38b02fb929, stub =0x00007f38a8840600
[2023-10-18T23:00:41.650+0000][528.765s][debug][safepoint     ] ... found polling page return exception at pc = 0x00007f38b0343c9d, stub =0x00007f38a8840600
[2023-10-18T23:00:41.653+0000][528.769s][debug][safepoint     ] Waiting for 8 thread(s) to block
[2023-10-18T23:00:41.654+0000][528.770s][info ][safepoint     ] Entering safepoint region: Cleanup
[2023-10-18T23:00:41.655+0000][528.771s][info ][safepoint     ] Leaving safepoint region
[2023-10-18T23:00:41.656+0000][528.771s][info ][safepoint     ] Total time for which application threads were stopped: 0.0060772 seconds, Stopping threads took: 0.0054789 seconds
[2023-10-18T23:00:42.656+0000][529.772s][debug][safepoint     ] Safepoint synchronization initiated. (174 threads)
[2023-10-18T23:00:42.657+0000][529.772s][info ][safepoint     ] Application time: 1.0007463 seconds
[2023-10-18T23:00:42.657+0000][529.773s][info ][safepoint     ] Entering safepoint region: Cleanup
[2023-10-18T23:00:42.658+0000][529.774s][info ][safepoint     ] Leaving safepoint region
[2023-10-18T23:00:42.658+0000][529.774s][info ][safepoint     ] Total time for which application threads were stopped: 0.0011594 seconds, Stopping threads took: 0.0004397 seconds
[2023-10-18T23:00:43.659+0000][530.775s][debug][safepoint     ] Safepoint synchronization initiated. (174 threads)
[2023-10-18T23:00:43.660+0000][530.776s][info ][safepoint     ] Application time: 1.0013532 seconds
[2023-10-18T23:00:43.661+0000][530.776s][info ][safepoint     ] Entering safepoint region: Cleanup
[2023-10-18T23:00:43.662+0000][530.778s][info ][safepoint     ] Leaving safepoint region
[2023-10-18T23:00:43.663+0000][530.778s][info ][safepoint     ] Total time for which application threads were stopped: 0.0016367 seconds, Stopping threads took: 0.0008086 seconds
[2023-10-18T23:00:44.663+0000][531.779s][debug][safepoint     ] Safepoint synchronization initiated. (174 threads)
[2023-10-18T23:00:44.664+0000][531.779s][info ][safepoint     ] Application time: 1.0007277 seconds
[2023-10-18T23:00:44.664+0000][531.780s][info ][safepoint     ] Entering safepoint region: Cleanup
[2023-10-18T23:00:44.665+0000][531.780s][info ][safepoint     ] Leaving safepoint region
[2023-10-18T23:00:44.665+0000][531.781s][info ][safepoint     ] Total time for which application threads were stopped: 0.0009817 seconds, Stopping threads took: 0.0004206 seconds
[2023-10-18T23:00:45.666+0000][532.781s][debug][safepoint     ] Safepoint synchronization initiated. (174 threads)
[2023-10-18T23:00:45.667+0000][532.782s][info ][safepoint     ] Application time: 1.0011031 seconds
[2023-10-18T23:00:45.668+0000][532.783s][debug][safepoint     ] ... found polling page return exception at pc = 0x00007f38b0979a76, stub =0x00007f38a8840600
[2023-10-18T23:00:45.668+0000][532.783s][debug][safepoint     ] ... found polling page return exception at pc = 0x00007f38b0343c9d, stub =0x00007f38a8840600
[2023-10-18T23:00:45.668+0000][532.783s][debug][safepoint     ] ... found polling page return exception at pc = 0x00007f38b02fb929, stub =0x00007f38a8840600
[2023-10-18T23:00:45.671+0000][532.786s][debug][safepoint     ] Waiting for 3 thread(s) to block
[2023-10-18T23:00:45.672+0000][532.787s][info ][safepoint     ] Entering safepoint region: Cleanup
[2023-10-18T23:00:45.673+0000][532.788s][info ][safepoint     ] Leaving safepoint region
[2023-10-18T23:00:45.673+0000][532.789s][info ][safepoint     ] Total time for which application threads were stopped: 0.0056926 seconds, Stopping threads took: 0.0050224 seconds
[2023-10-18T23:00:46.674+0000][533.789s][debug][safepoint     ] Safepoint synchronization initiated. (174 threads)
[2023-10-18T23:00:46.675+0000][533.790s][info ][safepoint     ] Application time: 1.0011635 seconds
[2023-10-18T23:00:46.675+0000][533.791s][info ][safepoint     ] Entering safepoint region: Cleanup
[2023-10-18T23:00:46.676+0000][533.792s][info ][safepoint     ] Leaving safepoint region
[2023-10-18T23:00:46.677+0000][533.793s][info ][safepoint     ] Total time for which application threads were stopped: 0.0017471 seconds, Stopping threads took: 0.0008454 seconds
[2023-10-18T23:00:47.678+0000][534.794s][debug][safepoint     ] Safepoint synchronization initiated. (174 threads)
[2023-10-18T23:00:47.679+0000][534.794s][info ][safepoint     ] Application time: 1.0010211 seconds
[2023-10-18T23:00:47.679+0000][534.795s][info ][safepoint     ] Entering safepoint region: Cleanup
[2023-10-18T23:00:47.680+0000][534.796s][info ][safepoint     ] Leaving safepoint region
[2023-10-18T23:00:47.681+0000][534.797s][info ][safepoint     ] Total time for which application threads were stopped: 0.0015753 seconds, Stopping threads took: 0.0006871 seconds
[2023-10-18T23:00:48.682+0000][535.797s][debug][safepoint     ] Safepoint synchronization initiated. (174 threads)
[2023-10-18T23:00:48.683+0000][535.798s][info ][safepoint     ] Application time: 1.0011649 seconds
[2023-10-18T23:00:48.684+0000][535.799s][info ][safepoint     ] Entering safepoint region: Cleanup
[2023-10-18T23:00:48.685+0000][535.800s][info ][safepoint     ] Leaving safepoint region
[2023-10-18T23:00:48.685+0000][535.801s][info ][safepoint     ] Total time for which application threads were stopped: 0.0016721 seconds, Stopping threads took: 0.0007949 seconds
[2023-10-18T23:00:49.686+0000][536.801s][debug][safepoint     ] Safepoint synchronization initiated. (174 threads)
[2023-10-18T23:00:49.687+0000][536.802s][info ][safepoint     ] Application time: 1.0008726 seconds
[2023-10-18T23:00:49.687+0000][536.803s][info ][safepoint     ] Entering safepoint region: Cleanup
[2023-10-18T23:00:49.688+0000][536.803s][info ][safepoint     ] Leaving safepoint region
[2023-10-18T23:00:49.688+0000][536.804s][info ][safepoint     ] Total time for which application threads were stopped: 0.0011223 seconds, Stopping threads took: 0.0005644 seconds
[2023-10-18T23:00:50.689+0000][537.804s][debug][safepoint     ] Safepoint synchronization initiated. (174 threads)
[2023-10-18T23:00:50.689+0000][537.805s][info ][safepoint     ] Application time: 1.0008960 seconds
[2023-10-18T23:00:50.690+0000][537.805s][info ][safepoint     ] Entering safepoint region: Cleanup
[2023-10-18T23:00:50.691+0000][537.806s][info ][safepoint     ] Leaving safepoint region
[2023-10-18T23:00:50.691+0000][537.806s][info ][safepoint     ] Total time for which application threads were stopped: 0.0010272 seconds, Stopping threads took: 0.0004331 seconds
[2023-10-18T23:00:51.691+0000][538.807s][debug][safepoint     ] Safepoint synchronization initiated. (174 threads)
[2023-10-18T23:00:51.692+0000][538.808s][info ][safepoint     ] Application time: 1.0007631 seconds
[2023-10-18T23:00:51.693+0000][538.808s][info ][safepoint     ] Entering safepoint region: Cleanup
[2023-10-18T23:00:51.693+0000][538.809s][info ][safepoint     ] Leaving safepoint region
[2023-10-18T23:00:51.694+0000][538.809s][info ][safepoint     ] Total time for which application threads were stopped: 0.0011887 seconds, Stopping threads took: 0.0005491 seconds
[2023-10-18T23:00:52.694+0000][539.810s][debug][safepoint     ] Safepoint synchronization initiated. (174 threads)
[2023-10-18T23:00:52.695+0000][539.811s][info ][safepoint     ] Application time: 1.0009206 seconds
[2023-10-18T23:00:52.696+0000][539.811s][info ][safepoint     ] Entering safepoint region: Cleanup
[2023-10-18T23:00:52.697+0000][539.812s][info ][safepoint     ] Leaving safepoint region
[2023-10-18T23:00:52.698+0000][539.813s][info ][safepoint     ] Total time for which application threads were stopped: 0.0017459 seconds, Stopping threads took: 0.0007503 seconds
[2023-10-18T23:00:53.699+0000][540.814s][debug][safepoint     ] Safepoint synchronization initiated. (174 threads)
[2023-10-18T23:00:53.700+0000][540.815s][info ][safepoint     ] Application time: 1.0014548 seconds
[2023-10-18T23:00:53.701+0000][540.816s][info ][safepoint     ] Entering safepoint region: Cleanup
[2023-10-18T23:00:53.702+0000][540.817s][info ][safepoint     ] Leaving safepoint region
[2023-10-18T23:00:53.703+0000][540.818s][info ][safepoint     ] Total time for which application threads were stopped: 0.0017598 seconds, Stopping threads took: 0.0008585 seconds
[2023-10-18T23:00:54.704+0000][541.819s][debug][safepoint     ] Safepoint synchronization initiated. (174 threads)
[2023-10-18T23:00:54.705+0000][541.820s][info ][safepoint     ] Application time: 1.0012102 seconds
[2023-10-18T23:00:54.705+0000][541.821s][info ][safepoint     ] Entering safepoint region: Cleanup
[2023-10-18T23:00:54.706+0000][541.822s][info ][safepoint     ] Leaving safepoint region
[2023-10-18T23:00:54.707+0000][541.823s][info ][safepoint     ] Total time for which application threads were stopped: 0.0018911 seconds, Stopping threads took: 0.0007966 seconds
[2023-10-18T23:00:55.708+0000][542.824s][debug][safepoint     ] Safepoint synchronization initiated. (174 threads)
[2023-10-18T23:00:55.709+0000][542.825s][info ][safepoint     ] Application time: 1.0011265 seconds
[2023-10-18T23:00:55.710+0000][542.825s][info ][safepoint     ] Entering safepoint region: Cleanup
[2023-10-18T23:00:55.711+0000][542.826s][info ][safepoint     ] Leaving safepoint region
[2023-10-18T23:00:55.711+0000][542.827s][info ][safepoint     ] Total time for which application threads were stopped: 0.0014909 seconds, Stopping threads took: 0.0006634 seconds
[2023-10-18T23:00:56.712+0000][543.828s][debug][safepoint     ] Safepoint synchronization initiated. (174 threads)
[2023-10-18T23:00:56.713+0000][543.829s][info ][safepoint     ] Application time: 1.0012889 seconds
[2023-10-18T23:00:56.714+0000][543.829s][info ][safepoint     ] Entering safepoint region: Cleanup
[2023-10-18T23:00:56.715+0000][543.831s][info ][safepoint     ] Leaving safepoint region
[2023-10-18T23:00:56.716+0000][543.831s][info ][safepoint     ] Total time for which application threads were stopped: 0.0017797 seconds, Stopping threads took: 0.0009082 seconds
[2023-10-18T23:00:57.717+0000][544.832s][debug][safepoint     ] Safepoint synchronization initiated. (174 threads)
[2023-10-18T23:00:57.717+0000][544.833s][info ][safepoint     ] Application time: 1.0009287 seconds
[2023-10-18T23:00:57.718+0000][544.833s][info ][safepoint     ] Entering safepoint region: Cleanup
[2023-10-18T23:00:57.719+0000][544.834s][info ][safepoint     ] Leaving safepoint region
[2023-10-18T23:00:57.719+0000][544.835s][info ][safepoint     ] Total time for which application threads were stopped: 0.0013317 seconds, Stopping threads took: 0.0005718 seconds
[2023-10-18T23:00:58.720+0000][545.835s][debug][safepoint     ] Safepoint synchronization initiated. (174 threads)
[2023-10-18T23:00:58.721+0000][545.836s][info ][safepoint     ] Application time: 1.0011820 seconds
[2023-10-18T23:00:58.722+0000][545.837s][info ][safepoint     ] Entering safepoint region: Cleanup
[2023-10-18T23:00:58.723+0000][545.838s][info ][safepoint     ] Leaving safepoint region
[2023-10-18T23:00:58.723+0000][545.839s][info ][safepoint     ] Total time for which application threads were stopped: 0.0018597 seconds, Stopping threads took: 0.0008961 seconds
[2023-10-18T23:00:59.724+0000][546.840s][debug][safepoint     ] Safepoint synchronization initiated. (174 threads)
[2023-10-18T23:00:59.725+0000][546.841s][info ][safepoint     ] Application time: 1.0011052 seconds
[2023-10-18T23:00:59.726+0000][546.841s][info ][safepoint     ] Entering safepoint region: Cleanup
[2023-10-18T23:00:59.727+0000][546.842s][info ][safepoint     ] Leaving safepoint region
[2023-10-18T23:00:59.727+0000][546.843s][info ][safepoint     ] Total time for which application threads were stopped: 0.0013828 seconds, Stopping threads took: 0.0005997 seconds
[2023-10-18T23:01:00.728+0000][547.844s][debug][safepoint     ] Safepoint synchronization initiated. (174 threads)
[2023-10-18T23:01:00.729+0000][547.845s][info ][safepoint     ] Application time: 1.0011635 seconds
[2023-10-18T23:01:00.730+0000][547.846s][info ][safepoint     ] Entering safepoint region: Cleanup
[2023-10-18T23:01:00.731+0000][547.847s][info ][safepoint     ] Leaving safepoint region
[2023-10-18T23:01:00.732+0000][547.847s][info ][safepoint     ] Total time for which application threads were stopped: 0.0019368 seconds, Stopping threads took: 0.0008709 seconds
[2023-10-18T23:01:01.733+0000][548.848s][debug][safepoint     ] Safepoint synchronization initiated. (174 threads)
[2023-10-18T23:01:01.734+0000][548.849s][info ][safepoint     ] Application time: 1.0012404 seconds
[2023-10-18T23:01:01.735+0000][548.850s][info ][safepoint     ] Entering safepoint region: Cleanup
[2023-10-18T23:01:01.736+0000][548.851s][info ][safepoint     ] Leaving safepoint region
[2023-10-18T23:01:01.736+0000][548.852s][info ][safepoint     ] Total time for which application threads were stopped: 0.0015521 seconds, Stopping threads took: 0.0006425 seconds
[2023-10-18T23:01:02.737+0000][549.853s][debug][safepoint     ] Safepoint synchronization initiated. (174 threads)
[2023-10-18T23:01:02.738+0000][549.853s][info ][safepoint     ] Application time: 1.0006302 seconds
[2023-10-18T23:01:02.738+0000][549.854s][debug][safepoint     ] Waiting for 5 thread(s) to block
[2023-10-18T23:01:02.739+0000][549.855s][info ][safepoint     ] Entering safepoint region: Cleanup
[2023-10-18T23:01:02.740+0000][549.855s][info ][safepoint     ] Leaving safepoint region
[2023-10-18T23:01:02.740+0000][549.856s][info ][safepoint     ] Total time for which application threads were stopped: 0.0020569 seconds, Stopping threads took: 0.0013721 seconds
[2023-10-18T23:01:03.741+0000][550.856s][debug][safepoint     ] Safepoint synchronization initiated. (174 threads)
[2023-10-18T23:01:03.742+0000][550.858s][info ][safepoint     ] Application time: 1.0013884 seconds
[2023-10-18T23:01:03.743+0000][550.858s][info ][safepoint     ] Entering safepoint region: Cleanup
[2023-10-18T23:01:03.744+0000][550.859s][info ][safepoint     ] Leaving safepoint region
[2023-10-18T23:01:03.745+0000][550.860s][info ][safepoint     ] Total time for which application threads were stopped: 0.0017157 seconds, Stopping threads took: 0.0007511 seconds
[2023-10-18T23:01:04.745+0000][551.861s][debug][safepoint     ] Safepoint synchronization initiated. (174 threads)
[2023-10-18T23:01:04.746+0000][551.862s][info ][safepoint     ] Application time: 1.0010362 seconds
[2023-10-18T23:01:04.747+0000][551.863s][info ][safepoint     ] Entering safepoint region: Cleanup
[2023-10-18T23:01:04.748+0000][551.864s][info ][safepoint     ] Leaving safepoint region
[2023-10-18T23:01:04.749+0000][551.864s][info ][safepoint     ] Total time for which application threads were stopped: 0.0017431 seconds, Stopping threads took: 0.0008096 seconds
[2023-10-18T23:01:05.750+0000][552.865s][debug][safepoint     ] Safepoint synchronization initiated. (174 threads)
[2023-10-18T23:01:05.751+0000][552.866s][info ][safepoint     ] Application time: 1.0013949 seconds
[2023-10-18T23:01:05.752+0000][552.867s][info ][safepoint     ] Entering safepoint region: Cleanup
[2023-10-18T23:01:05.753+0000][552.869s][info ][safepoint     ] Leaving safepoint region
[2023-10-18T23:01:05.754+0000][552.869s][info ][safepoint     ] Total time for which application threads were stopped: 0.0021551 seconds, Stopping threads took: 0.0008985 seconds
[2023-10-18T23:01:06.755+0000][553.870s][debug][safepoint     ] Safepoint synchronization initiated. (174 threads)
[2023-10-18T23:01:06.756+0000][553.871s][info ][safepoint     ] Application time: 1.0011554 seconds
[2023-10-18T23:01:06.757+0000][553.872s][info ][safepoint     ] Entering safepoint region: Cleanup
[2023-10-18T23:01:06.758+0000][553.873s][info ][safepoint     ] Leaving safepoint region
[2023-10-18T23:01:06.758+0000][553.874s][info ][safepoint     ] Total time for which application threads were stopped: 0.0016997 seconds, Stopping threads took: 0.0007127 seconds
[2023-10-18T23:01:07.759+0000][554.875s][debug][safepoint     ] Safepoint synchronization initiated. (174 threads)
[2023-10-18T23:01:07.760+0000][554.876s][info ][safepoint     ] Application time: 1.0012302 seconds
[2023-10-18T23:01:07.761+0000][554.877s][info ][safepoint     ] Entering safepoint region: Cleanup
[2023-10-18T23:01:07.762+0000][554.878s][info ][safepoint     ] Leaving safepoint region
[2023-10-18T23:01:07.763+0000][554.878s][info ][safepoint     ] Total time for which application threads were stopped: 0.0018145 seconds, Stopping threads took: 0.0007628 seconds
[2023-10-18T23:01:08.764+0000][555.880s][debug][safepoint     ] Safepoint synchronization initiated. (174 threads)
[2023-10-18T23:01:08.765+0000][555.880s][info ][safepoint     ] Application time: 1.0012515 seconds
[2023-10-18T23:01:08.766+0000][555.881s][info ][safepoint     ] Entering safepoint region: Cleanup
[2023-10-18T23:01:08.767+0000][555.882s][info ][safepoint     ] Leaving safepoint region
[2023-10-18T23:01:08.768+0000][555.883s][info ][safepoint     ] Total time for which application threads were stopped: 0.0019983 seconds, Stopping threads took: 0.0008297 seconds
[2023-10-18T23:01:09.769+0000][556.884s][debug][safepoint     ] Safepoint synchronization initiated. (174 threads)
[2023-10-18T23:01:09.770+0000][556.885s][info ][safepoint     ] Application time: 1.0012384 seconds
[2023-10-18T23:01:09.770+0000][556.886s][info ][safepoint     ] Entering safepoint region: Cleanup
[2023-10-18T23:01:09.771+0000][556.886s][info ][safepoint     ] Leaving safepoint region
[2023-10-18T23:01:09.772+0000][556.887s][info ][safepoint     ] Total time for which application threads were stopped: 0.0015320 seconds, Stopping threads took: 0.0006517 seconds
[2023-10-18T23:01:10.772+0000][557.888s][debug][safepoint     ] Safepoint synchronization initiated. (174 threads)
[2023-10-18T23:01:10.773+0000][557.888s][info ][safepoint     ] Application time: 1.0007074 seconds
[2023-10-18T23:01:10.773+0000][557.889s][info ][safepoint     ] Entering safepoint region: Cleanup
[2023-10-18T23:01:10.774+0000][557.889s][info ][safepoint     ] Leaving safepoint region
[2023-10-18T23:01:10.774+0000][557.890s][info ][safepoint     ] Total time for which application threads were stopped: 0.0008289 seconds, Stopping threads took: 0.0003578 seconds
[2023-10-18T23:01:11.775+0000][558.890s][debug][safepoint     ] Safepoint synchronization initiated. (174 threads)
[2023-10-18T23:01:11.776+0000][558.891s][info ][safepoint     ] Application time: 1.0015548 seconds
[2023-10-18T23:01:11.777+0000][558.892s][info ][safepoint     ] Entering safepoint region: Cleanup
[2023-10-18T23:01:11.778+0000][558.893s][info ][safepoint     ] Leaving safepoint region
[2023-10-18T23:01:11.778+0000][558.894s][info ][safepoint     ] Total time for which application threads were stopped: 0.0015431 seconds, Stopping threads took: 0.0006441 seconds
[2023-10-18T23:01:12.779+0000][559.895s][debug][safepoint     ] Safepoint synchronization initiated. (174 threads)
[2023-10-18T23:01:12.780+0000][559.895s][info ][safepoint     ] Application time: 1.0009723 seconds
[2023-10-18T23:01:12.781+0000][559.896s][info ][safepoint     ] Entering safepoint region: Cleanup
[2023-10-18T23:01:12.781+0000][559.897s][info ][safepoint     ] Leaving safepoint region
[2023-10-18T23:01:12.782+0000][559.898s][info ][safepoint     ] Total time for which application threads were stopped: 0.0017721 seconds, Stopping threads took: 0.0006003 seconds
[2023-10-18T23:01:13.783+0000][560.898s][debug][safepoint     ] Safepoint synchronization initiated. (174 threads)
[2023-10-18T23:01:13.783+0000][560.899s][info ][safepoint     ] Application time: 1.0007335 seconds
[2023-10-18T23:01:13.784+0000][560.899s][info ][safepoint     ] Entering safepoint region: Cleanup
[2023-10-18T23:01:13.785+0000][560.900s][info ][safepoint     ] Leaving safepoint region
[2023-10-18T23:01:13.785+0000][560.901s][info ][safepoint     ] Total time for which application threads were stopped: 0.0011121 seconds, Stopping threads took: 0.0003690 seconds
[2023-10-18T23:01:14.786+0000][561.901s][debug][safepoint     ] Safepoint synchronization initiated. (174 threads)
[2023-10-18T23:01:14.786+0000][561.902s][info ][safepoint     ] Application time: 1.0005821 seconds
[2023-10-18T23:01:14.787+0000][561.902s][info ][safepoint     ] Entering safepoint region: Cleanup
[2023-10-18T23:01:14.787+0000][561.903s][info ][safepoint     ] Leaving safepoint region
[2023-10-18T23:01:14.787+0000][561.903s][info ][safepoint     ] Total time for which application threads were stopped: 0.0008473 seconds, Stopping threads took: 0.0003332 seconds
[2023-10-18T23:01:15.788+0000][562.903s][debug][safepoint     ] Safepoint synchronization initiated. (174 threads)
[2023-10-18T23:01:15.789+0000][562.904s][info ][safepoint     ] Application time: 1.0009405 seconds
[2023-10-18T23:01:15.789+0000][562.905s][info ][safepoint     ] Entering safepoint region: Cleanup
[2023-10-18T23:01:15.790+0000][562.905s][info ][safepoint     ] Leaving safepoint region
[2023-10-18T23:01:15.790+0000][562.906s][info ][safepoint     ] Total time for which application threads were stopped: 0.0011679 seconds, Stopping threads took: 0.0004956 seconds
[2023-10-18T23:01:16.791+0000][563.906s][debug][safepoint     ] Safepoint synchronization initiated. (174 threads)
[2023-10-18T23:01:16.792+0000][563.907s][info ][safepoint     ] Application time: 1.0008091 seconds
[2023-10-18T23:01:16.792+0000][563.908s][info ][safepoint     ] Entering safepoint region: Cleanup
[2023-10-18T23:01:16.793+0000][563.908s][info ][safepoint     ] Leaving safepoint region
[2023-10-18T23:01:16.793+0000][563.909s][info ][safepoint     ] Total time for which application threads were stopped: 0.0012636 seconds, Stopping threads took: 0.0006354 seconds
[2023-10-18T23:01:17.794+0000][564.910s][debug][safepoint     ] Safepoint synchronization initiated. (174 threads)
[2023-10-18T23:01:17.795+0000][564.910s][info ][safepoint     ] Application time: 1.0011368 seconds
[2023-10-18T23:01:17.796+0000][564.911s][info ][safepoint     ] Entering safepoint region: Cleanup
[2023-10-18T23:01:17.796+0000][564.912s][info ][safepoint     ] Leaving safepoint region
[2023-10-18T23:01:17.797+0000][564.912s][info ][safepoint     ] Total time for which application threads were stopped: 0.0011803 seconds, Stopping threads took: 0.0004849 seconds
[2023-10-18T23:01:18.797+0000][565.913s][debug][safepoint     ] Safepoint synchronization initiated. (174 threads)
[2023-10-18T23:01:18.798+0000][565.913s][info ][safepoint     ] Application time: 1.0008099 seconds
[2023-10-18T23:01:18.798+0000][565.914s][info ][safepoint     ] Entering safepoint region: Cleanup
[2023-10-18T23:01:18.799+0000][565.914s][info ][safepoint     ] Leaving safepoint region
[2023-10-18T23:01:18.799+0000][565.914s][info ][safepoint     ] Total time for which application threads were stopped: 0.0007953 seconds, Stopping threads took: 0.0003173 seconds
[2023-10-18T23:01:19.800+0000][566.915s][debug][safepoint     ] Safepoint synchronization initiated. (174 threads)
[2023-10-18T23:01:19.800+0000][566.916s][info ][safepoint     ] Application time: 1.0011379 seconds
[2023-10-18T23:01:19.801+0000][566.917s][info ][safepoint     ] Entering safepoint region: Cleanup
[2023-10-18T23:01:19.802+0000][566.917s][info ][safepoint     ] Leaving safepoint region
[2023-10-18T23:01:19.803+0000][566.918s][info ][safepoint     ] Total time for which application threads were stopped: 0.0014106 seconds, Stopping threads took: 0.0006101 seconds
[2023-10-18T23:01:20.803+0000][567.919s][debug][safepoint     ] Safepoint synchronization initiated. (174 threads)
[2023-10-18T23:01:20.804+0000][567.919s][info ][safepoint     ] Application time: 1.0005746 seconds
[2023-10-18T23:01:20.804+0000][567.919s][info ][safepoint     ] Entering safepoint region: Cleanup
[2023-10-18T23:01:20.805+0000][567.920s][info ][safepoint     ] Leaving safepoint region
[2023-10-18T23:01:20.805+0000][567.920s][info ][safepoint     ] Total time for which application threads were stopped: 0.0008776 seconds, Stopping threads took: 0.0003401 seconds
[2023-10-18T23:01:21.805+0000][568.921s][debug][safepoint     ] Safepoint synchronization initiated. (174 threads)
[2023-10-18T23:01:21.806+0000][568.922s][info ][safepoint     ] Application time: 1.0008937 seconds
[2023-10-18T23:01:21.807+0000][568.922s][info ][safepoint     ] Entering safepoint region: Cleanup
[2023-10-18T23:01:21.807+0000][568.923s][info ][safepoint     ] Leaving safepoint region
[2023-10-18T23:01:21.808+0000][568.923s][info ][safepoint     ] Total time for which application threads were stopped: 0.0010384 seconds, Stopping threads took: 0.0003773 seconds
[2023-10-18T23:01:22.808+0000][569.924s][debug][safepoint     ] Safepoint synchronization initiated. (174 threads)
[2023-10-18T23:01:22.809+0000][569.924s][info ][safepoint     ] Application time: 1.0005859 seconds
[2023-10-18T23:01:22.809+0000][569.924s][info ][safepoint     ] Entering safepoint region: Cleanup
[2023-10-18T23:01:22.809+0000][569.925s][info ][safepoint     ] Leaving safepoint region
[2023-10-18T23:01:22.810+0000][569.925s][info ][safepoint     ] Total time for which application threads were stopped: 0.0007891 seconds, Stopping threads took: 0.0003162 seconds
[2023-10-18T23:01:23.810+0000][570.926s][debug][safepoint     ] Safepoint synchronization initiated. (174 threads)
[2023-10-18T23:01:23.811+0000][570.926s][info ][safepoint     ] Application time: 1.0009233 seconds
[2023-10-18T23:01:23.811+0000][570.927s][info ][safepoint     ] Entering safepoint region: Cleanup
[2023-10-18T23:01:23.812+0000][570.927s][info ][safepoint     ] Leaving safepoint region
[2023-10-18T23:01:23.813+0000][570.928s][info ][safepoint     ] Total time for which application threads were stopped: 0.0011403 seconds, Stopping threads took: 0.0004781 seconds
[2023-10-18T23:01:24.813+0000][571.929s][debug][safepoint     ] Safepoint synchronization initiated. (174 threads)
[2023-10-18T23:01:24.814+0000][571.930s][info ][safepoint     ] Application time: 1.0011300 seconds
[2023-10-18T23:01:24.815+0000][571.930s][info ][safepoint     ] Entering safepoint region: Cleanup
[2023-10-18T23:01:24.815+0000][571.931s][info ][safepoint     ] Leaving safepoint region
[2023-10-18T23:01:24.816+0000][571.931s][info ][safepoint     ] Total time for which application threads were stopped: 0.0013333 seconds, Stopping threads took: 0.0006023 seconds
[2023-10-18T23:01:25.817+0000][572.932s][debug][safepoint     ] Safepoint synchronization initiated. (174 threads)
[2023-10-18T23:01:25.818+0000][572.933s][info ][safepoint     ] Application time: 1.0011234 seconds
[2023-10-18T23:01:25.818+0000][572.934s][info ][safepoint     ] Entering safepoint region: Cleanup
[2023-10-18T23:01:25.819+0000][572.935s][info ][safepoint     ] Leaving safepoint region
[2023-10-18T23:01:25.820+0000][572.935s][info ][safepoint     ] Total time for which application threads were stopped: 0.0011541 seconds, Stopping threads took: 0.0004510 seconds
[2023-10-18T23:01:26.820+0000][573.936s][debug][safepoint     ] Safepoint synchronization initiated. (174 threads)
[2023-10-18T23:01:26.821+0000][573.936s][info ][safepoint     ] Application time: 1.0009661 seconds
[2023-10-18T23:01:26.821+0000][573.937s][info ][safepoint     ] Entering safepoint region: Cleanup
[2023-10-18T23:01:26.822+0000][573.937s][info ][safepoint     ] Leaving safepoint region
[2023-10-18T23:01:26.823+0000][573.938s][info ][safepoint     ] Total time for which application threads were stopped: 0.0010997 seconds, Stopping threads took: 0.0004721 seconds
[2023-10-18T23:01:27.823+0000][574.938s][debug][safepoint     ] Safepoint synchronization initiated. (174 threads)
[2023-10-18T23:01:27.824+0000][574.939s][info ][safepoint     ] Application time: 1.0008048 seconds
[2023-10-18T23:01:27.824+0000][574.940s][info ][safepoint     ] Entering safepoint region: Cleanup
[2023-10-18T23:01:27.825+0000][574.941s][info ][safepoint     ] Leaving safepoint region
[2023-10-18T23:01:27.826+0000][574.941s][info ][safepoint     ] Total time for which application threads were stopped: 0.0014590 seconds, Stopping threads took: 0.0006659 seconds
[2023-10-18T23:01:28.827+0000][575.942s][debug][safepoint     ] Safepoint synchronization initiated. (174 threads)
[2023-10-18T23:01:28.827+0000][575.943s][info ][safepoint     ] Application time: 1.0008288 seconds
[2023-10-18T23:01:28.828+0000][575.943s][info ][safepoint     ] Entering safepoint region: Cleanup
[2023-10-18T23:01:28.829+0000][575.944s][info ][safepoint     ] Leaving safepoint region
[2023-10-18T23:01:28.829+0000][575.945s][info ][safepoint     ] Total time for which application threads were stopped: 0.0015621 seconds, Stopping threads took: 0.0007498 seconds
[2023-10-18T23:01:29.830+0000][576.946s][debug][safepoint     ] Safepoint synchronization initiated. (174 threads)
[2023-10-18T23:01:29.831+0000][576.946s][info ][safepoint     ] Application time: 1.0009782 seconds
[2023-10-18T23:01:29.832+0000][576.947s][info ][safepoint     ] Entering safepoint region: Cleanup
[2023-10-18T23:01:29.832+0000][576.948s][info ][safepoint     ] Leaving safepoint region
[2023-10-18T23:01:29.833+0000][576.948s][info ][safepoint     ] Total time for which application threads were stopped: 0.0013355 seconds, Stopping threads took: 0.0005607 seconds
[2023-10-18T23:01:30.834+0000][577.949s][debug][safepoint     ] Safepoint synchronization initiated. (174 threads)
[2023-10-18T23:01:30.835+0000][577.950s][info ][safepoint     ] Application time: 1.0010098 seconds
[2023-10-18T23:01:30.835+0000][577.951s][info ][safepoint     ] Entering safepoint region: Cleanup
[2023-10-18T23:01:30.836+0000][577.952s][info ][safepoint     ] Leaving safepoint region
[2023-10-18T23:01:30.837+0000][577.952s][info ][safepoint     ] Total time for which application threads were stopped: 0.0016243 seconds, Stopping threads took: 0.0006645 seconds
[2023-10-18T23:01:31.838+0000][578.953s][debug][safepoint     ] Safepoint synchronization initiated. (174 threads)
[2023-10-18T23:01:31.839+0000][578.954s][info ][safepoint     ] Application time: 1.0012536 seconds
[2023-10-18T23:01:31.840+0000][578.955s][info ][safepoint     ] Entering safepoint region: Cleanup
[2023-10-18T23:01:31.841+0000][578.956s][info ][safepoint     ] Leaving safepoint region
[2023-10-18T23:01:31.841+0000][578.957s][info ][safepoint     ] Total time for which application threads were stopped: 0.0014607 seconds, Stopping threads took: 0.0007603 seconds
[2023-10-18T23:01:32.842+0000][579.957s][debug][safepoint     ] Safepoint synchronization initiated. (174 threads)
[2023-10-18T23:01:32.843+0000][579.958s][info ][safepoint     ] Application time: 1.0008025 seconds
[2023-10-18T23:01:32.844+0000][579.959s][info ][safepoint     ] Entering safepoint region: Cleanup
[2023-10-18T23:01:32.845+0000][579.960s][info ][safepoint     ] Leaving safepoint region
[2023-10-18T23:01:32.845+0000][579.961s][info ][safepoint     ] Total time for which application threads were stopped: 0.0017691 seconds, Stopping threads took: 0.0009935 seconds
[2023-10-18T23:01:33.846+0000][580.961s][debug][safepoint     ] Safepoint synchronization initiated. (174 threads)
[2023-10-18T23:01:33.847+0000][580.962s][info ][safepoint     ] Application time: 1.0011218 seconds
[2023-10-18T23:01:33.848+0000][580.963s][info ][safepoint     ] Entering safepoint region: Cleanup
[2023-10-18T23:01:33.849+0000][580.964s][info ][safepoint     ] Leaving safepoint region
[2023-10-18T23:01:33.849+0000][580.965s][info ][safepoint     ] Total time for which application threads were stopped: 0.0014935 seconds, Stopping threads took: 0.0007448 seconds
[2023-10-18T23:01:34.850+0000][581.965s][debug][safepoint     ] Safepoint synchronization initiated. (174 threads)
[2023-10-18T23:01:34.851+0000][581.966s][info ][safepoint     ] Application time: 1.0011801 seconds
[2023-10-18T23:01:34.852+0000][581.967s][info ][safepoint     ] Entering safepoint region: Cleanup
[2023-10-18T23:01:34.853+0000][581.968s][info ][safepoint     ] Leaving safepoint region
[2023-10-18T23:01:34.853+0000][581.969s][info ][safepoint     ] Total time for which application threads were stopped: 0.0015115 seconds, Stopping threads took: 0.0005680 seconds
[2023-10-18T23:01:35.854+0000][582.970s][debug][safepoint     ] Safepoint synchronization initiated. (174 threads)
[2023-10-18T23:01:35.855+0000][582.970s][info ][safepoint     ] Application time: 1.0009761 seconds
[2023-10-18T23:01:35.856+0000][582.971s][info ][safepoint     ] Entering safepoint region: Cleanup
[2023-10-18T23:01:35.856+0000][582.972s][info ][safepoint     ] Leaving safepoint region
[2023-10-18T23:01:35.857+0000][582.972s][info ][safepoint     ] Total time for which application threads were stopped: 0.0012654 seconds, Stopping threads took: 0.0006113 seconds
[2023-10-18T23:01:36.858+0000][583.973s][debug][safepoint     ] Safepoint synchronization initiated. (174 threads)
[2023-10-18T23:01:36.858+0000][583.974s][info ][safepoint     ] Application time: 1.0007746 seconds
[2023-10-18T23:01:36.859+0000][583.974s][info ][safepoint     ] Entering safepoint region: Cleanup
[2023-10-18T23:01:36.859+0000][583.975s][info ][safepoint     ] Leaving safepoint region
[2023-10-18T23:01:36.860+0000][583.975s][info ][safepoint     ] Total time for which application threads were stopped: 0.0009942 seconds, Stopping threads took: 0.0004318 seconds
[2023-10-18T23:01:37.860+0000][584.976s][debug][safepoint     ] Safepoint synchronization initiated. (174 threads)
[2023-10-18T23:01:37.861+0000][584.976s][info ][safepoint     ] Application time: 1.0008641 seconds
[2023-10-18T23:01:37.861+0000][584.977s][info ][safepoint     ] Entering safepoint region: Cleanup
[2023-10-18T23:01:37.862+0000][584.977s][info ][safepoint     ] Leaving safepoint region
[2023-10-18T23:01:37.862+0000][584.978s][info ][safepoint     ] Total time for which application threads were stopped: 0.0010620 seconds, Stopping threads took: 0.0004821 seconds
[2023-10-18T23:01:38.863+0000][585.979s][debug][safepoint     ] Safepoint synchronization initiated. (174 threads)
[2023-10-18T23:01:38.864+0000][585.979s][info ][safepoint     ] Application time: 1.0008401 seconds
[2023-10-18T23:01:38.864+0000][585.980s][info ][safepoint     ] Entering safepoint region: Cleanup
[2023-10-18T23:01:38.865+0000][585.980s][info ][safepoint     ] Leaving safepoint region
[2023-10-18T23:01:38.865+0000][585.981s][info ][safepoint     ] Total time for which application threads were stopped: 0.0011617 seconds, Stopping threads took: 0.0005716 seconds
[2023-10-18T23:01:39.866+0000][586.981s][debug][safepoint     ] Safepoint synchronization initiated. (174 threads)
[2023-10-18T23:01:39.867+0000][586.983s][info ][safepoint     ] Application time: 1.0014248 seconds
[2023-10-18T23:01:39.868+0000][586.984s][info ][safepoint     ] Entering safepoint region: Cleanup
[2023-10-18T23:01:39.870+0000][586.985s][info ][safepoint     ] Leaving safepoint region
[2023-10-18T23:01:39.871+0000][586.986s][info ][safepoint     ] Total time for which application threads were stopped: 0.0023171 seconds, Stopping threads took: 0.0010138 seconds
[2023-10-18T23:01:40.872+0000][587.987s][debug][safepoint     ] Safepoint synchronization initiated. (174 threads)
[2023-10-18T23:01:40.872+0000][587.988s][info ][safepoint     ] Application time: 1.0011761 seconds
[2023-10-18T23:01:40.873+0000][587.989s][info ][safepoint     ] Entering safepoint region: Cleanup
[2023-10-18T23:01:40.875+0000][587.990s][info ][safepoint     ] Leaving safepoint region
[2023-10-18T23:01:40.875+0000][587.991s][info ][safepoint     ] Total time for which application threads were stopped: 0.0018273 seconds, Stopping threads took: 0.0008274 seconds
[2023-10-18T23:01:41.876+0000][588.991s][debug][safepoint     ] Safepoint synchronization initiated. (174 threads)
[2023-10-18T23:01:41.876+0000][588.992s][info ][safepoint     ] Application time: 1.0005914 seconds
[2023-10-18T23:01:41.877+0000][588.992s][info ][safepoint     ] Entering safepoint region: Cleanup
[2023-10-18T23:01:41.877+0000][588.993s][info ][safepoint     ] Leaving safepoint region
[2023-10-18T23:01:41.878+0000][588.993s][info ][safepoint     ] Total time for which application threads were stopped: 0.0009241 seconds, Stopping threads took: 0.0003851 seconds
[2023-10-18T23:01:42.878+0000][589.994s][debug][safepoint     ] Safepoint synchronization initiated. (174 threads)
[2023-10-18T23:01:42.879+0000][589.994s][info ][safepoint     ] Application time: 1.0009186 seconds
[2023-10-18T23:01:42.880+0000][589.995s][info ][safepoint     ] Entering safepoint region: Cleanup
[2023-10-18T23:01:42.880+0000][589.996s][info ][safepoint     ] Leaving safepoint region
[2023-10-18T23:01:42.881+0000][589.996s][info ][safepoint     ] Total time for which application threads were stopped: 0.0013010 seconds, Stopping threads took: 0.0005576 seconds
[2023-10-18T23:01:43.882+0000][590.997s][debug][safepoint     ] Safepoint synchronization initiated. (174 threads)
[2023-10-18T23:01:43.882+0000][590.998s][info ][safepoint     ] Application time: 1.0009131 seconds
[2023-10-18T23:01:43.883+0000][590.998s][info ][safepoint     ] Entering safepoint region: Cleanup
[2023-10-18T23:01:43.884+0000][590.999s][info ][safepoint     ] Leaving safepoint region
[2023-10-18T23:01:43.884+0000][591.000s][info ][safepoint     ] Total time for which application threads were stopped: 0.0015890 seconds, Stopping threads took: 0.0006292 seconds
[2023-10-18T23:01:44.885+0000][592.000s][debug][safepoint     ] Safepoint synchronization initiated. (174 threads)
[2023-10-18T23:01:44.886+0000][592.001s][info ][safepoint     ] Application time: 1.0010801 seconds
[2023-10-18T23:01:44.887+0000][592.002s][info ][safepoint     ] Entering safepoint region: Cleanup
[2023-10-18T23:01:44.887+0000][592.003s][info ][safepoint     ] Leaving safepoint region
[2023-10-18T23:01:44.888+0000][592.003s][info ][safepoint     ] Total time for which application threads were stopped: 0.0014020 seconds, Stopping threads took: 0.0006937 seconds
[2023-10-18T23:01:45.889+0000][593.005s][debug][safepoint     ] Safepoint synchronization initiated. (174 threads)
[2023-10-18T23:01:45.890+0000][593.005s][info ][safepoint     ] Application time: 1.0009037 seconds
[2023-10-18T23:01:45.890+0000][593.006s][info ][safepoint     ] Entering safepoint region: Cleanup
[2023-10-18T23:01:45.891+0000][593.006s][info ][safepoint     ] Leaving safepoint region
[2023-10-18T23:01:45.891+0000][593.007s][info ][safepoint     ] Total time for which application threads were stopped: 0.0012619 seconds, Stopping threads took: 0.0005204 seconds
[2023-10-18T23:01:46.892+0000][594.008s][debug][safepoint     ] Safepoint synchronization initiated. (174 threads)
[2023-10-18T23:01:46.893+0000][594.008s][info ][safepoint     ] Application time: 1.0006661 seconds
[2023-10-18T23:01:46.893+0000][594.008s][info ][safepoint     ] Entering safepoint region: Cleanup
[2023-10-18T23:01:46.894+0000][594.009s][info ][safepoint     ] Leaving safepoint region
[2023-10-18T23:01:46.894+0000][594.009s][info ][safepoint     ] Total time for which application threads were stopped: 0.0009794 seconds, Stopping threads took: 0.0003960 seconds
[2023-10-18T23:01:47.895+0000][595.010s][debug][safepoint     ] Safepoint synchronization initiated. (174 threads)
[2023-10-18T23:01:47.895+0000][595.011s][info ][safepoint     ] Application time: 1.0009057 seconds
[2023-10-18T23:01:47.896+0000][595.011s][info ][safepoint     ] Entering safepoint region: Cleanup
[2023-10-18T23:01:47.897+0000][595.012s][info ][safepoint     ] Leaving safepoint region
[2023-10-18T23:01:47.897+0000][595.013s][info ][safepoint     ] Total time for which application threads were stopped: 0.0014052 seconds, Stopping threads took: 0.0006356 seconds
[2023-10-18T23:01:48.898+0000][596.013s][debug][safepoint     ] Safepoint synchronization initiated. (174 threads)
[2023-10-18T23:01:48.898+0000][596.014s][info ][safepoint     ] Application time: 1.0008415 seconds
[2023-10-18T23:01:48.899+0000][596.014s][info ][safepoint     ] Entering safepoint region: Cleanup
[2023-10-18T23:01:48.900+0000][596.015s][info ][safepoint     ] Leaving safepoint region
[2023-10-18T23:01:48.900+0000][596.015s][info ][safepoint     ] Total time for which application threads were stopped: 0.0010904 seconds, Stopping threads took: 0.0005414 seconds
[2023-10-18T23:01:49.900+0000][597.016s][debug][safepoint     ] Safepoint synchronization initiated. (174 threads)
[2023-10-18T23:01:49.901+0000][597.016s][info ][safepoint     ] Application time: 1.0007195 seconds
[2023-10-18T23:01:49.902+0000][597.017s][info ][safepoint     ] Entering safepoint region: Cleanup
[2023-10-18T23:01:49.902+0000][597.018s][info ][safepoint     ] Leaving safepoint region
[2023-10-18T23:01:49.903+0000][597.018s][info ][safepoint     ] Total time for which application threads were stopped: 0.0011634 seconds, Stopping threads took: 0.0004746 seconds
[2023-10-18T23:01:50.903+0000][598.019s][debug][safepoint     ] Safepoint synchronization initiated. (174 threads)
[2023-10-18T23:01:50.904+0000][598.019s][info ][safepoint     ] Application time: 1.0009094 seconds
[2023-10-18T23:01:50.905+0000][598.020s][debug][safepoint     ] ... found polling page return exception at pc = 0x00007f38b02fb929, stub =0x00007f38a8840600
[2023-10-18T23:01:50.905+0000][598.020s][debug][safepoint     ] Waiting for 1 thread(s) to block
[2023-10-18T23:01:50.905+0000][598.021s][info ][safepoint     ] Entering safepoint region: Cleanup
[2023-10-18T23:01:50.906+0000][598.021s][info ][safepoint     ] Leaving safepoint region
[2023-10-18T23:01:50.906+0000][598.022s][info ][safepoint     ] Total time for which application threads were stopped: 0.0019474 seconds, Stopping threads took: 0.0013194 seconds
[2023-10-18T23:01:51.907+0000][599.022s][debug][safepoint     ] Safepoint synchronization initiated. (174 threads)
[2023-10-18T23:01:51.908+0000][599.023s][info ][safepoint     ] Application time: 1.0008417 seconds
[2023-10-18T23:01:51.908+0000][599.024s][info ][safepoint     ] Entering safepoint region: Cleanup
[2023-10-18T23:01:51.909+0000][599.024s][info ][safepoint     ] Leaving safepoint region
[2023-10-18T23:01:51.909+0000][599.025s][info ][safepoint     ] Total time for which application threads were stopped: 0.0012165 seconds, Stopping threads took: 0.0004949 seconds
[2023-10-18T23:01:52.910+0000][600.025s][debug][safepoint     ] Safepoint synchronization initiated. (174 threads)
[2023-10-18T23:01:52.910+0000][600.026s][info ][safepoint     ] Application time: 1.0008189 seconds
[2023-10-18T23:01:52.911+0000][600.027s][info ][safepoint     ] Entering safepoint region: Cleanup
[2023-10-18T23:01:52.912+0000][600.027s][info ][safepoint     ] Leaving safepoint region
[2023-10-18T23:01:52.913+0000][600.028s][info ][safepoint     ] Total time for which application threads were stopped: 0.0013504 seconds, Stopping threads took: 0.0006551 seconds
[2023-10-18T23:01:53.914+0000][601.029s][debug][safepoint     ] Safepoint synchronization initiated. (174 threads)
[2023-10-18T23:01:53.914+0000][601.030s][info ][safepoint     ] Application time: 1.0011529 seconds
[2023-10-18T23:01:53.915+0000][601.031s][info ][safepoint     ] Entering safepoint region: Cleanup
[2023-10-18T23:01:53.916+0000][601.031s][info ][safepoint     ] Leaving safepoint region
[2023-10-18T23:01:53.916+0000][601.032s][info ][safepoint     ] Total time for which application threads were stopped: 0.0012770 seconds, Stopping threads took: 0.0005674 seconds
[2023-10-18T23:01:54.917+0000][602.033s][debug][safepoint     ] Safepoint synchronization initiated. (174 threads)
[2023-10-18T23:01:54.918+0000][602.033s][info ][safepoint     ] Application time: 1.0009435 seconds
[2023-10-18T23:01:54.918+0000][602.034s][info ][safepoint     ] Entering safepoint region: Cleanup
[2023-10-18T23:01:54.919+0000][602.034s][info ][safepoint     ] Leaving safepoint region
[2023-10-18T23:01:54.920+0000][602.035s][info ][safepoint     ] Total time for which application threads were stopped: 0.0011753 seconds, Stopping threads took: 0.0005214 seconds
[2023-10-18T23:01:55.920+0000][603.035s][debug][safepoint     ] Safepoint synchronization initiated. (174 threads)
[2023-10-18T23:01:55.921+0000][603.036s][info ][safepoint     ] Application time: 1.0006546 seconds
[2023-10-18T23:01:55.921+0000][603.036s][info ][safepoint     ] Entering safepoint region: Cleanup
[2023-10-18T23:01:55.922+0000][603.037s][info ][safepoint     ] Leaving safepoint region
[2023-10-18T23:01:55.922+0000][603.037s][info ][safepoint     ] Total time for which application threads were stopped: 0.0010310 seconds, Stopping threads took: 0.0004368 seconds
[2023-10-18T23:01:56.923+0000][604.038s][debug][safepoint     ] Safepoint synchronization initiated. (174 threads)
[2023-10-18T23:01:56.923+0000][604.039s][info ][safepoint     ] Application time: 1.0008722 seconds
[2023-10-18T23:01:56.924+0000][604.039s][info ][safepoint     ] Entering safepoint region: Cleanup
[2023-10-18T23:01:56.925+0000][604.040s][info ][safepoint     ] Leaving safepoint region
[2023-10-18T23:01:56.925+0000][604.041s][info ][safepoint     ] Total time for which application threads were stopped: 0.0011817 seconds, Stopping threads took: 0.0005373 seconds
[2023-10-18T23:01:57.926+0000][605.041s][debug][safepoint     ] Safepoint synchronization initiated. (174 threads)
[2023-10-18T23:01:57.927+0000][605.042s][info ][safepoint     ] Application time: 1.0010974 seconds
[2023-10-18T23:01:57.928+0000][605.043s][debug][safepoint     ] ... found polling page return exception at pc = 0x00007f38b0e3865d, stub =0x00007f38a8840600
[2023-10-18T23:01:57.928+0000][605.043s][debug][safepoint     ] ... found polling page return exception at pc = 0x00007f38b0447825, stub =0x00007f38a8840600
[2023-10-18T23:01:57.929+0000][605.044s][debug][safepoint     ] Waiting for 2 thread(s) to block
[2023-10-18T23:01:57.930+0000][605.046s][info ][safepoint     ] Entering safepoint region: Cleanup
[2023-10-18T23:01:57.931+0000][605.046s][info ][safepoint     ] Leaving safepoint region
[2023-10-18T23:01:57.932+0000][605.047s][info ][safepoint     ] Total time for which application threads were stopped: 0.0040408 seconds, Stopping threads took: 0.0031650 seconds
[2023-10-18T23:01:58.933+0000][606.048s][debug][safepoint     ] Safepoint synchronization initiated. (174 threads)
[2023-10-18T23:01:58.934+0000][606.049s][info ][safepoint     ] Application time: 1.0013742 seconds
[2023-10-18T23:01:58.934+0000][606.050s][info ][safepoint     ] Entering safepoint region: Cleanup
[2023-10-18T23:01:58.936+0000][606.051s][info ][safepoint     ] Leaving safepoint region
[2023-10-18T23:01:58.936+0000][606.051s][info ][safepoint     ] Total time for which application threads were stopped: 0.0016496 seconds, Stopping threads took: 0.0008361 seconds
[2023-10-18T23:01:59.937+0000][607.052s][debug][safepoint     ] Safepoint synchronization initiated. (174 threads)
[2023-10-18T23:01:59.937+0000][607.053s][info ][safepoint     ] Application time: 1.0006839 seconds
[2023-10-18T23:01:59.938+0000][607.053s][info ][safepoint     ] Entering safepoint region: Cleanup
[2023-10-18T23:01:59.938+0000][607.054s][info ][safepoint     ] Leaving safepoint region
[2023-10-18T23:01:59.939+0000][607.054s][info ][safepoint     ] Total time for which application threads were stopped: 0.0012018 seconds, Stopping threads took: 0.0004107 seconds
[2023-10-18T23:02:00.940+0000][608.055s][debug][safepoint     ] Safepoint synchronization initiated. (174 threads)
[2023-10-18T23:02:00.940+0000][608.055s][info ][safepoint     ] Application time: 1.0006322 seconds
[2023-10-18T23:02:00.940+0000][608.056s][info ][safepoint     ] Entering safepoint region: Cleanup
[2023-10-18T23:02:00.941+0000][608.056s][info ][safepoint     ] Leaving safepoint region
[2023-10-18T23:02:00.941+0000][608.057s][info ][safepoint     ] Total time for which application threads were stopped: 0.0009791 seconds, Stopping threads took: 0.0003958 seconds
[2023-10-18T23:02:01.942+0000][609.057s][debug][safepoint     ] Safepoint synchronization initiated. (174 threads)
[2023-10-18T23:02:01.942+0000][609.058s][info ][safepoint     ] Application time: 1.0007314 seconds
[2023-10-18T23:02:01.943+0000][609.058s][debug][safepoint     ] ... found polling page return exception at pc = 0x00007f38b0b84ca4, stub =0x00007f38a8840600
[2023-10-18T23:02:01.943+0000][609.059s][debug][safepoint     ] Waiting for 2 thread(s) to block
[2023-10-18T23:02:01.944+0000][609.060s][info ][safepoint     ] Entering safepoint region: Cleanup
[2023-10-18T23:02:01.945+0000][609.060s][info ][safepoint     ] Leaving safepoint region
[2023-10-18T23:02:01.945+0000][609.061s][info ][safepoint     ] Total time for which application threads were stopped: 0.0024014 seconds, Stopping threads took: 0.0016599 seconds
[2023-10-18T23:02:02.946+0000][610.061s][debug][safepoint     ] Safepoint synchronization initiated. (174 threads)
[2023-10-18T23:02:02.947+0000][610.062s][info ][safepoint     ] Application time: 1.0007083 seconds
[2023-10-18T23:02:02.947+0000][610.062s][info ][safepoint     ] Entering safepoint region: Cleanup
[2023-10-18T23:02:02.948+0000][610.063s][info ][safepoint     ] Leaving safepoint region
[2023-10-18T23:02:02.948+0000][610.063s][info ][safepoint     ] Total time for which application threads were stopped: 0.0009005 seconds, Stopping threads took: 0.0003610 seconds
[2023-10-18T23:02:03.948+0000][611.064s][debug][safepoint     ] Safepoint synchronization initiated. (174 threads)
[2023-10-18T23:02:03.949+0000][611.064s][info ][safepoint     ] Application time: 1.0005222 seconds
[2023-10-18T23:02:03.949+0000][611.065s][info ][safepoint     ] Entering safepoint region: Cleanup
[2023-10-18T23:02:03.950+0000][611.065s][info ][safepoint     ] Leaving safepoint region
[2023-10-18T23:02:03.951+0000][611.066s][info ][safepoint     ] Total time for which application threads were stopped: 0.0014972 seconds, Stopping threads took: 0.0003935 seconds
[2023-10-18T23:02:04.952+0000][612.067s][debug][safepoint     ] Safepoint synchronization initiated. (174 threads)
[2023-10-18T23:02:04.953+0000][612.068s][info ][safepoint     ] Application time: 1.0013644 seconds
[2023-10-18T23:02:04.953+0000][612.069s][info ][safepoint     ] Entering safepoint region: Cleanup
[2023-10-18T23:02:04.955+0000][612.070s][info ][safepoint     ] Leaving safepoint region
[2023-10-18T23:02:04.955+0000][612.070s][info ][safepoint     ] Total time for which application threads were stopped: 0.0017466 seconds, Stopping threads took: 0.0008310 seconds
[2023-10-18T23:02:05.956+0000][613.071s][debug][safepoint     ] Safepoint synchronization initiated. (174 threads)
[2023-10-18T23:02:05.956+0000][613.072s][info ][safepoint     ] Application time: 1.0007836 seconds
[2023-10-18T23:02:05.957+0000][613.072s][info ][safepoint     ] Entering safepoint region: Cleanup
[2023-10-18T23:02:05.957+0000][613.073s][info ][safepoint     ] Leaving safepoint region
[2023-10-18T23:02:05.958+0000][613.073s][info ][safepoint     ] Total time for which application threads were stopped: 0.0009496 seconds, Stopping threads took: 0.0003994 seconds
[2023-10-18T23:02:06.958+0000][614.073s][debug][safepoint     ] Safepoint synchronization initiated. (174 threads)
[2023-10-18T23:02:06.958+0000][614.074s][info ][safepoint     ] Application time: 1.0004854 seconds
[2023-10-18T23:02:06.959+0000][614.074s][info ][safepoint     ] Entering safepoint region: Cleanup
[2023-10-18T23:02:06.959+0000][614.075s][info ][safepoint     ] Leaving safepoint region
[2023-10-18T23:02:06.960+0000][614.075s][info ][safepoint     ] Total time for which application threads were stopped: 0.0009889 seconds, Stopping threads took: 0.0003815 seconds
[2023-10-18T23:02:07.960+0000][615.076s][debug][safepoint     ] Safepoint synchronization initiated. (174 threads)
[2023-10-18T23:02:07.961+0000][615.077s][info ][safepoint     ] Application time: 1.0011762 seconds
[2023-10-18T23:02:07.962+0000][615.077s][info ][safepoint     ] Entering safepoint region: Cleanup
[2023-10-18T23:02:07.963+0000][615.078s][info ][safepoint     ] Leaving safepoint region
[2023-10-18T23:02:07.963+0000][615.078s][info ][safepoint     ] Total time for which application threads were stopped: 0.0011189 seconds, Stopping threads took: 0.0004752 seconds
[2023-10-18T23:02:08.964+0000][616.079s][debug][safepoint     ] Safepoint synchronization initiated. (174 threads)
[2023-10-18T23:02:08.964+0000][616.080s][info ][safepoint     ] Application time: 1.0009496 seconds
[2023-10-18T23:02:08.965+0000][616.080s][info ][safepoint     ] Entering safepoint region: Cleanup
[2023-10-18T23:02:08.966+0000][616.081s][info ][safepoint     ] Leaving safepoint region
[2023-10-18T23:02:08.967+0000][616.082s][info ][safepoint     ] Total time for which application threads were stopped: 0.0015967 seconds, Stopping threads took: 0.0007486 seconds
[2023-10-18T23:02:09.967+0000][617.083s][debug][safepoint     ] Safepoint synchronization initiated. (174 threads)
[2023-10-18T23:02:09.968+0000][617.083s][info ][safepoint     ] Application time: 1.0005918 seconds
[2023-10-18T23:02:09.968+0000][617.084s][info ][safepoint     ] Entering safepoint region: Cleanup
[2023-10-18T23:02:09.969+0000][617.084s][info ][safepoint     ] Leaving safepoint region
[2023-10-18T23:02:09.969+0000][617.084s][info ][safepoint     ] Total time for which application threads were stopped: 0.0008414 seconds, Stopping threads took: 0.0003617 seconds
[2023-10-18T23:02:10.969+0000][618.085s][debug][safepoint     ] Safepoint synchronization initiated. (174 threads)
[2023-10-18T23:02:10.970+0000][618.085s][info ][safepoint     ] Application time: 1.0006375 seconds
[2023-10-18T23:02:10.970+0000][618.086s][info ][safepoint     ] Entering safepoint region: Cleanup
[2023-10-18T23:02:10.971+0000][618.086s][info ][safepoint     ] Leaving safepoint region
[2023-10-18T23:02:10.971+0000][618.086s][info ][safepoint     ] Total time for which application threads were stopped: 0.0008350 seconds, Stopping threads took: 0.0003617 seconds
[2023-10-18T23:02:11.972+0000][619.087s][debug][safepoint     ] Safepoint synchronization initiated. (174 threads)
[2023-10-18T23:02:11.973+0000][619.088s][info ][safepoint     ] Application time: 1.0014000 seconds
[2023-10-18T23:02:11.974+0000][619.089s][info ][safepoint     ] Entering safepoint region: Cleanup
[2023-10-18T23:02:11.975+0000][619.090s][info ][safepoint     ] Leaving safepoint region
[2023-10-18T23:02:11.975+0000][619.091s][info ][safepoint     ] Total time for which application threads were stopped: 0.0018463 seconds, Stopping threads took: 0.0009333 seconds
[2023-10-18T23:02:12.231+0000][619.346s][debug][safepoint     ] Safepoint synchronization initiated. (174 threads)
[2023-10-18T23:02:12.231+0000][619.347s][info ][safepoint     ] Application time: 0.2551817 seconds
[2023-10-18T23:02:12.232+0000][619.347s][info ][safepoint     ] Entering safepoint region: G1CollectForAllocation
[2023-10-18T23:02:12.232+0000][619.348s][info ][gc,start      ] GC(67) Pause Young (Normal) (G1 Evacuation Pause)
[2023-10-18T23:02:12.233+0000][619.348s][info ][gc,task       ] GC(67) Using 8 workers of 8 for evacuation
[2023-10-18T23:02:12.242+0000][619.358s][info ][gc,phases     ] GC(67)   Pre Evacuate Collection Set: 0.1ms
[2023-10-18T23:02:12.243+0000][619.358s][info ][gc,phases     ] GC(67)   Evacuate Collection Set: 5.6ms
[2023-10-18T23:02:12.243+0000][619.358s][info ][gc,phases     ] GC(67)   Post Evacuate Collection Set: 3.1ms
[2023-10-18T23:02:12.244+0000][619.359s][info ][gc,phases     ] GC(67)   Other: 1.0ms
[2023-10-18T23:02:12.244+0000][619.359s][info ][gc,heap       ] GC(67) Eden regions: 181->0(181)
[2023-10-18T23:02:12.244+0000][619.360s][info ][gc,heap       ] GC(67) Survivor regions: 12->12(25)
[2023-10-18T23:02:12.245+0000][619.360s][info ][gc,heap       ] GC(67) Old regions: 144->144
[2023-10-18T23:02:12.245+0000][619.361s][info ][gc,heap       ] GC(67) Humongous regions: 5->5
[2023-10-18T23:02:12.246+0000][619.361s][info ][gc,metaspace  ] GC(67) Metaspace: 164665K(170064K)->164665K(170064K) NonClass: 145373K(148688K)->145373K(148688K) Class: 19292K(21376K)->19292K(21376K)
[2023-10-18T23:02:12.246+0000][619.362s][info ][gc            ] GC(67) Pause Young (Normal) (G1 Evacuation Pause) 340M->158M(394M) 13.842ms
[2023-10-18T23:02:12.247+0000][619.362s][info ][gc,cpu        ] GC(67) User=0.05s Sys=0.01s Real=0.01s
[2023-10-18T23:02:12.247+0000][619.363s][info ][safepoint     ] Leaving safepoint region
[2023-10-18T23:02:12.248+0000][619.363s][info ][safepoint     ] Total time for which application threads were stopped: 0.0159263 seconds, Stopping threads took: 0.0005470 seconds
[2023-10-18T23:02:12.248+0000][619.363s][info ][gc,stringdedup] Concurrent String Deduplication (619.363s)
[2023-10-18T23:02:12.249+0000][619.365s][info ][gc,stringdedup] Concurrent String Deduplication 62192.0B->29904.0B(32288.0B) avg 54.4% (619.363s, 619.364s) 1.114ms
[2023-10-18T23:02:13.248+0000][620.364s][debug][safepoint     ] Safepoint synchronization initiated. (174 threads)
[2023-10-18T23:02:13.249+0000][620.365s][info ][safepoint     ] Application time: 1.0012378 seconds
[2023-10-18T23:02:13.250+0000][620.365s][info ][safepoint     ] Entering safepoint region: Cleanup
[2023-10-18T23:02:13.251+0000][620.366s][info ][safepoint     ] Leaving safepoint region
[2023-10-18T23:02:13.252+0000][620.367s][info ][safepoint     ] Total time for which application threads were stopped: 0.0017272 seconds, Stopping threads took: 0.0006835 seconds
[2023-10-18T23:02:14.253+0000][621.368s][debug][safepoint     ] Safepoint synchronization initiated. (174 threads)
[2023-10-18T23:02:14.253+0000][621.369s][info ][safepoint     ] Application time: 1.0008187 seconds
[2023-10-18T23:02:14.254+0000][621.369s][info ][safepoint     ] Entering safepoint region: Cleanup
[2023-10-18T23:02:14.255+0000][621.370s][info ][safepoint     ] Leaving safepoint region
[2023-10-18T23:02:14.255+0000][621.370s][info ][safepoint     ] Total time for which application threads were stopped: 0.0011532 seconds, Stopping threads took: 0.0005350 seconds
[2023-10-18T23:02:15.256+0000][622.371s][debug][safepoint     ] Safepoint synchronization initiated. (174 threads)
[2023-10-18T23:02:15.257+0000][622.372s][info ][safepoint     ] Application time: 1.0012218 seconds
[2023-10-18T23:02:15.258+0000][622.373s][info ][safepoint     ] Entering safepoint region: Cleanup
[2023-10-18T23:02:15.259+0000][622.374s][info ][safepoint     ] Leaving safepoint region
[2023-10-18T23:02:15.259+0000][622.375s][info ][safepoint     ] Total time for which application threads were stopped: 0.0019970 seconds, Stopping threads took: 0.0009274 seconds
[2023-10-18T23:02:16.261+0000][623.376s][debug][safepoint     ] Safepoint synchronization initiated. (174 threads)
[2023-10-18T23:02:16.262+0000][623.377s][info ][safepoint     ] Application time: 1.0013025 seconds
[2023-10-18T23:02:16.262+0000][623.378s][info ][safepoint     ] Entering safepoint region: Cleanup
[2023-10-18T23:02:16.264+0000][623.379s][info ][safepoint     ] Leaving safepoint region
[2023-10-18T23:02:16.264+0000][623.380s][info ][safepoint     ] Total time for which application threads were stopped: 0.0019806 seconds, Stopping threads took: 0.0009380 seconds
[2023-10-18T23:02:17.265+0000][624.381s][debug][safepoint     ] Safepoint synchronization initiated. (174 threads)
[2023-10-18T23:02:17.266+0000][624.381s][info ][safepoint     ] Application time: 1.0009006 seconds
[2023-10-18T23:02:17.267+0000][624.382s][info ][safepoint     ] Entering safepoint region: Cleanup
[2023-10-18T23:02:17.268+0000][624.383s][info ][safepoint     ] Leaving safepoint region
[2023-10-18T23:02:17.268+0000][624.384s][info ][safepoint     ] Total time for which application threads were stopped: 0.0017575 seconds, Stopping threads took: 0.0008199 seconds
[2023-10-18T23:02:18.270+0000][625.385s][debug][safepoint     ] Safepoint synchronization initiated. (174 threads)
[2023-10-18T23:02:18.271+0000][625.386s][info ][safepoint     ] Application time: 1.0012571 seconds
[2023-10-18T23:02:18.272+0000][625.387s][info ][safepoint     ] Entering safepoint region: Cleanup
[2023-10-18T23:02:18.272+0000][625.388s][info ][safepoint     ] Leaving safepoint region
[2023-10-18T23:02:18.273+0000][625.389s][info ][safepoint     ] Total time for which application threads were stopped: 0.0018205 seconds, Stopping threads took: 0.0007360 seconds
[2023-10-18T23:02:19.274+0000][626.390s][debug][safepoint     ] Safepoint synchronization initiated. (174 threads)
[2023-10-18T23:02:19.275+0000][626.391s][info ][safepoint     ] Application time: 1.0012206 seconds
[2023-10-18T23:02:19.276+0000][626.392s][info ][safepoint     ] Entering safepoint region: Cleanup
[2023-10-18T23:02:19.277+0000][626.393s][info ][safepoint     ] Leaving safepoint region
[2023-10-18T23:02:19.278+0000][626.394s][info ][safepoint     ] Total time for which application threads were stopped: 0.0020718 seconds, Stopping threads took: 0.0009037 seconds
[2023-10-18T23:02:20.279+0000][627.395s][debug][safepoint     ] Safepoint synchronization initiated. (174 threads)
[2023-10-18T23:02:20.280+0000][627.395s][info ][safepoint     ] Application time: 1.0010120 seconds
[2023-10-18T23:02:20.281+0000][627.396s][info ][safepoint     ] Entering safepoint region: Cleanup
[2023-10-18T23:02:20.282+0000][627.397s][info ][safepoint     ] Leaving safepoint region
[2023-10-18T23:02:20.282+0000][627.398s][info ][safepoint     ] Total time for which application threads were stopped: 0.0015272 seconds, Stopping threads took: 0.0006979 seconds
[2023-10-18T23:02:21.283+0000][628.398s][debug][safepoint     ] Safepoint synchronization initiated. (174 threads)
[2023-10-18T23:02:21.284+0000][628.399s][info ][safepoint     ] Application time: 1.0009507 seconds
[2023-10-18T23:02:21.284+0000][628.400s][info ][safepoint     ] Entering safepoint region: Cleanup
[2023-10-18T23:02:21.285+0000][628.400s][info ][safepoint     ] Leaving safepoint region
[2023-10-18T23:02:21.285+0000][628.401s][info ][safepoint     ] Total time for which application threads were stopped: 0.0012332 seconds, Stopping threads took: 0.0005466 seconds
[2023-10-18T23:02:22.286+0000][629.401s][debug][safepoint     ] Safepoint synchronization initiated. (174 threads)
[2023-10-18T23:02:22.286+0000][629.402s][info ][safepoint     ] Application time: 1.0006415 seconds
[2023-10-18T23:02:22.287+0000][629.402s][info ][safepoint     ] Entering safepoint region: Cleanup
[2023-10-18T23:02:22.288+0000][629.403s][info ][safepoint     ] Leaving safepoint region
[2023-10-18T23:02:22.288+0000][629.403s][info ][safepoint     ] Total time for which application threads were stopped: 0.0012152 seconds, Stopping threads took: 0.0005551 seconds
[2023-10-18T23:02:22.288+0000][629.403s][debug][safepoint     ] ... found polling page return exception at pc = 0x00007f38b0b84ca4, stub =0x00007f38a8840600
[2023-10-18T23:02:23.289+0000][630.404s][debug][safepoint     ] Safepoint synchronization initiated. (174 threads)
[2023-10-18T23:02:23.290+0000][630.405s][info ][safepoint     ] Application time: 1.0012450 seconds
[2023-10-18T23:02:23.290+0000][630.406s][info ][safepoint     ] Entering safepoint region: Cleanup
[2023-10-18T23:02:23.291+0000][630.407s][info ][safepoint     ] Leaving safepoint region
[2023-10-18T23:02:23.292+0000][630.407s][info ][safepoint     ] Total time for which application threads were stopped: 0.0013726 seconds, Stopping threads took: 0.0007249 seconds
[2023-10-18T23:02:24.292+0000][631.408s][debug][safepoint     ] Safepoint synchronization initiated. (174 threads)
[2023-10-18T23:02:24.293+0000][631.408s][info ][safepoint     ] Application time: 1.0009842 seconds
[2023-10-18T23:02:24.294+0000][631.409s][debug][safepoint     ] ... found polling page return exception at pc = 0x00007f38b0e3865d, stub =0x00007f38a8840600
[2023-10-18T23:02:24.294+0000][631.409s][debug][safepoint     ] Waiting for 1 thread(s) to block
[2023-10-18T23:02:24.295+0000][631.410s][info ][safepoint     ] Entering safepoint region: Cleanup
[2023-10-18T23:02:24.295+0000][631.411s][info ][safepoint     ] Leaving safepoint region
[2023-10-18T23:02:24.296+0000][631.411s][info ][safepoint     ] Total time for which application threads were stopped: 0.0020989 seconds, Stopping threads took: 0.0015397 seconds
[2023-10-18T23:02:25.296+0000][632.412s][debug][safepoint     ] Safepoint synchronization initiated. (174 threads)
[2023-10-18T23:02:25.297+0000][632.413s][info ][safepoint     ] Application time: 1.0011587 seconds
[2023-10-18T23:02:25.298+0000][632.413s][info ][safepoint     ] Entering safepoint region: Cleanup
[2023-10-18T23:02:25.299+0000][632.415s][info ][safepoint     ] Leaving safepoint region
[2023-10-18T23:02:25.300+0000][632.415s][info ][safepoint     ] Total time for which application threads were stopped: 0.0018473 seconds, Stopping threads took: 0.0009237 seconds
[2023-10-18T23:02:26.301+0000][633.416s][debug][safepoint     ] Safepoint synchronization initiated. (174 threads)
[2023-10-18T23:02:26.301+0000][633.417s][info ][safepoint     ] Application time: 1.0005431 seconds
[2023-10-18T23:02:26.301+0000][633.417s][info ][safepoint     ] Entering safepoint region: Cleanup
[2023-10-18T23:02:26.302+0000][633.417s][info ][safepoint     ] Leaving safepoint region
[2023-10-18T23:02:26.302+0000][633.418s][info ][safepoint     ] Total time for which application threads were stopped: 0.0007306 seconds, Stopping threads took: 0.0002906 seconds
[2023-10-18T23:02:27.302+0000][634.418s][debug][safepoint     ] Safepoint synchronization initiated. (174 threads)
[2023-10-18T23:02:27.303+0000][634.419s][info ][safepoint     ] Application time: 1.0008297 seconds
[2023-10-18T23:02:27.304+0000][634.419s][info ][safepoint     ] Entering safepoint region: Cleanup
[2023-10-18T23:02:27.304+0000][634.420s][info ][safepoint     ] Leaving safepoint region
[2023-10-18T23:02:27.305+0000][634.420s][info ][safepoint     ] Total time for which application threads were stopped: 0.0012759 seconds, Stopping threads took: 0.0005281 seconds
[2023-10-18T23:02:28.306+0000][635.421s][debug][safepoint     ] Safepoint synchronization initiated. (174 threads)
[2023-10-18T23:02:28.306+0000][635.421s][info ][safepoint     ] Application time: 1.0007185 seconds
[2023-10-18T23:02:28.307+0000][635.422s][info ][safepoint     ] Entering safepoint region: Cleanup
[2023-10-18T23:02:28.307+0000][635.423s][info ][safepoint     ] Leaving safepoint region
[2023-10-18T23:02:28.308+0000][635.423s][info ][safepoint     ] Total time for which application threads were stopped: 0.0012468 seconds, Stopping threads took: 0.0005384 seconds
[2023-10-18T23:02:29.309+0000][636.424s][debug][safepoint     ] Safepoint synchronization initiated. (174 threads)
[2023-10-18T23:02:29.310+0000][636.425s][info ][safepoint     ] Application time: 1.0013036 seconds
[2023-10-18T23:02:29.311+0000][636.426s][info ][safepoint     ] Entering safepoint region: Cleanup
[2023-10-18T23:02:29.312+0000][636.427s][info ][safepoint     ] Leaving safepoint region
[2023-10-18T23:02:29.312+0000][636.427s][info ][safepoint     ] Total time for which application threads were stopped: 0.0015960 seconds, Stopping threads took: 0.0007912 seconds
[2023-10-18T23:02:30.313+0000][637.428s][debug][safepoint     ] Safepoint synchronization initiated. (174 threads)
[2023-10-18T23:02:30.314+0000][637.430s][info ][safepoint     ] Application time: 1.0014791 seconds
[2023-10-18T23:02:30.315+0000][637.431s][info ][safepoint     ] Entering safepoint region: Cleanup
[2023-10-18T23:02:30.316+0000][637.432s][info ][safepoint     ] Leaving safepoint region
[2023-10-18T23:02:30.317+0000][637.432s][info ][safepoint     ] Total time for which application threads were stopped: 0.0019024 seconds, Stopping threads took: 0.0008587 seconds
[2023-10-18T23:02:31.318+0000][638.433s][debug][safepoint     ] Safepoint synchronization initiated. (174 threads)
[2023-10-18T23:02:31.319+0000][638.434s][info ][safepoint     ] Application time: 1.0010388 seconds
[2023-10-18T23:02:31.320+0000][638.435s][info ][safepoint     ] Entering safepoint region: Cleanup
[2023-10-18T23:02:31.321+0000][638.436s][info ][safepoint     ] Leaving safepoint region
[2023-10-18T23:02:31.321+0000][638.437s][info ][safepoint     ] Total time for which application threads were stopped: 0.0016423 seconds, Stopping threads took: 0.0007570 seconds
[2023-10-18T23:02:32.322+0000][639.437s][debug][safepoint     ] Safepoint synchronization initiated. (174 threads)
[2023-10-18T23:02:32.323+0000][639.438s][info ][safepoint     ] Application time: 1.0008298 seconds
[2023-10-18T23:02:32.323+0000][639.439s][info ][safepoint     ] Entering safepoint region: Cleanup
[2023-10-18T23:02:32.324+0000][639.439s][info ][safepoint     ] Leaving safepoint region
[2023-10-18T23:02:32.324+0000][639.440s][info ][safepoint     ] Total time for which application threads were stopped: 0.0011798 seconds, Stopping threads took: 0.0005088 seconds
[2023-10-18T23:02:33.325+0000][640.441s][debug][safepoint     ] Safepoint synchronization initiated. (174 threads)
[2023-10-18T23:02:33.326+0000][640.442s][info ][safepoint     ] Application time: 1.0013945 seconds
[2023-10-18T23:02:33.327+0000][640.443s][info ][safepoint     ] Entering safepoint region: Cleanup
[2023-10-18T23:02:33.328+0000][640.444s][info ][safepoint     ] Leaving safepoint region
[2023-10-18T23:02:33.329+0000][640.445s][info ][safepoint     ] Total time for which application threads were stopped: 0.0020640 seconds, Stopping threads took: 0.0008545 seconds
[2023-10-18T23:02:34.330+0000][641.446s][debug][safepoint     ] Safepoint synchronization initiated. (174 threads)
[2023-10-18T23:02:34.331+0000][641.446s][info ][safepoint     ] Application time: 1.0011455 seconds
[2023-10-18T23:02:34.332+0000][641.447s][info ][safepoint     ] Entering safepoint region: Cleanup
[2023-10-18T23:02:34.333+0000][641.448s][info ][safepoint     ] Leaving safepoint region
[2023-10-18T23:02:34.334+0000][641.449s][info ][safepoint     ] Total time for which application threads were stopped: 0.0017596 seconds, Stopping threads took: 0.0007702 seconds
[2023-10-18T23:02:35.335+0000][642.450s][debug][safepoint     ] Safepoint synchronization initiated. (174 threads)
[2023-10-18T23:02:35.335+0000][642.451s][info ][safepoint     ] Application time: 1.0009753 seconds
[2023-10-18T23:02:35.336+0000][642.452s][info ][safepoint     ] Entering safepoint region: Cleanup
[2023-10-18T23:02:35.337+0000][642.453s][info ][safepoint     ] Leaving safepoint region
[2023-10-18T23:02:35.338+0000][642.453s][info ][safepoint     ] Total time for which application threads were stopped: 0.0018553 seconds, Stopping threads took: 0.0008403 seconds
[2023-10-18T23:02:36.339+0000][643.455s][debug][safepoint     ] Safepoint synchronization initiated. (174 threads)
[2023-10-18T23:02:36.340+0000][643.456s][info ][safepoint     ] Application time: 1.0013839 seconds
[2023-10-18T23:02:36.341+0000][643.457s][info ][safepoint     ] Entering safepoint region: Cleanup
[2023-10-18T23:02:36.342+0000][643.458s][info ][safepoint     ] Leaving safepoint region
[2023-10-18T23:02:36.343+0000][643.458s][info ][safepoint     ] Total time for which application threads were stopped: 0.0017566 seconds, Stopping threads took: 0.0008040 seconds
[2023-10-18T23:02:37.344+0000][644.459s][debug][safepoint     ] Safepoint synchronization initiated. (174 threads)
[2023-10-18T23:02:37.345+0000][644.460s][info ][safepoint     ] Application time: 1.0011466 seconds
[2023-10-18T23:02:37.345+0000][644.461s][info ][safepoint     ] Entering safepoint region: Cleanup
[2023-10-18T23:02:37.346+0000][644.462s][info ][safepoint     ] Leaving safepoint region
[2023-10-18T23:02:37.347+0000][644.462s][info ][safepoint     ] Total time for which application threads were stopped: 0.0015931 seconds, Stopping threads took: 0.0007612 seconds
[2023-10-18T23:02:38.348+0000][645.463s][debug][safepoint     ] Safepoint synchronization initiated. (174 threads)
[2023-10-18T23:02:38.349+0000][645.464s][info ][safepoint     ] Application time: 1.0008047 seconds
[2023-10-18T23:02:38.349+0000][645.464s][info ][safepoint     ] Entering safepoint region: Cleanup
[2023-10-18T23:02:38.350+0000][645.465s][info ][safepoint     ] Leaving safepoint region
[2023-10-18T23:02:38.350+0000][645.466s][info ][safepoint     ] Total time for which application threads were stopped: 0.0011937 seconds, Stopping threads took: 0.0004801 seconds
[2023-10-18T23:02:39.346+0000][646.466s][debug][safepoint     ] Safepoint synchronization initiated. (174 threads)
[2023-10-18T23:02:39.347+0000][646.467s][info ][safepoint     ] Application time: 1.0010470 seconds
[2023-10-18T23:02:39.348+0000][646.468s][info ][safepoint     ] Entering safepoint region: Cleanup
[2023-10-18T23:02:39.348+0000][646.469s][info ][safepoint     ] Leaving safepoint region
[2023-10-18T23:02:39.349+0000][646.469s][info ][safepoint     ] Total time for which application threads were stopped: 0.0013850 seconds, Stopping threads took: 0.0005972 seconds
[2023-10-18T23:02:40.350+0000][647.470s][debug][safepoint     ] Safepoint synchronization initiated. (174 threads)
[2023-10-18T23:02:40.351+0000][647.471s][info ][safepoint     ] Application time: 1.0010614 seconds
[2023-10-18T23:02:40.351+0000][647.472s][info ][safepoint     ] Entering safepoint region: Cleanup
[2023-10-18T23:02:40.353+0000][647.473s][info ][safepoint     ] Leaving safepoint region
[2023-10-18T23:02:40.353+0000][647.473s][info ][safepoint     ] Total time for which application threads were stopped: 0.0017924 seconds, Stopping threads took: 0.0008707 seconds
[2023-10-18T23:02:41.354+0000][648.474s][debug][safepoint     ] Safepoint synchronization initiated. (174 threads)
[2023-10-18T23:02:41.355+0000][648.475s][info ][safepoint     ] Application time: 1.0011742 seconds
[2023-10-18T23:02:41.356+0000][648.476s][info ][safepoint     ] Entering safepoint region: Cleanup
[2023-10-18T23:02:41.357+0000][648.477s][info ][safepoint     ] Leaving safepoint region
[2023-10-18T23:02:41.358+0000][648.478s][info ][safepoint     ] Total time for which application threads were stopped: 0.0017955 seconds, Stopping threads took: 0.0007877 seconds
[2023-10-18T23:02:42.358+0000][649.479s][debug][safepoint     ] Safepoint synchronization initiated. (174 threads)
[2023-10-18T23:02:42.359+0000][649.479s][info ][safepoint     ] Application time: 1.0006349 seconds
[2023-10-18T23:02:42.359+0000][649.480s][info ][safepoint     ] Entering safepoint region: Cleanup
[2023-10-18T23:02:42.360+0000][649.480s][info ][safepoint     ] Leaving safepoint region
[2023-10-18T23:02:42.361+0000][649.481s][info ][safepoint     ] Total time for which application threads were stopped: 0.0014605 seconds, Stopping threads took: 0.0005708 seconds
[2023-10-18T23:02:43.361+0000][650.482s][debug][safepoint     ] Safepoint synchronization initiated. (174 threads)
[2023-10-18T23:02:43.362+0000][650.482s][info ][safepoint     ] Application time: 1.0006156 seconds
[2023-10-18T23:02:43.362+0000][650.482s][info ][safepoint     ] Entering safepoint region: Cleanup
[2023-10-18T23:02:43.363+0000][650.483s][info ][safepoint     ] Leaving safepoint region
[2023-10-18T23:02:43.363+0000][650.483s][info ][safepoint     ] Total time for which application threads were stopped: 0.0007520 seconds, Stopping threads took: 0.0003160 seconds
[2023-10-18T23:02:44.364+0000][651.484s][debug][safepoint     ] Safepoint synchronization initiated. (174 threads)
[2023-10-18T23:02:44.364+0000][651.484s][info ][safepoint     ] Application time: 1.0006944 seconds
[2023-10-18T23:02:44.365+0000][651.485s][info ][safepoint     ] Entering safepoint region: Cleanup
[2023-10-18T23:02:44.365+0000][651.485s][info ][safepoint     ] Leaving safepoint region
[2023-10-18T23:02:44.366+0000][651.486s][info ][safepoint     ] Total time for which application threads were stopped: 0.0010951 seconds, Stopping threads took: 0.0004505 seconds
[2023-10-18T23:02:45.366+0000][652.486s][debug][safepoint     ] Safepoint synchronization initiated. (174 threads)
[2023-10-18T23:02:45.367+0000][652.487s][info ][safepoint     ] Application time: 1.0007603 seconds
[2023-10-18T23:02:45.367+0000][652.487s][info ][safepoint     ] Entering safepoint region: Cleanup
[2023-10-18T23:02:45.368+0000][652.488s][info ][safepoint     ] Leaving safepoint region
[2023-10-18T23:02:45.368+0000][652.488s][info ][safepoint     ] Total time for which application threads were stopped: 0.0008448 seconds, Stopping threads took: 0.0003457 seconds
[2023-10-18T23:02:46.368+0000][653.489s][debug][safepoint     ] Safepoint synchronization initiated. (174 threads)
[2023-10-18T23:02:46.369+0000][653.489s][info ][safepoint     ] Application time: 1.0007954 seconds
[2023-10-18T23:02:46.370+0000][653.490s][info ][safepoint     ] Entering safepoint region: Cleanup
[2023-10-18T23:02:46.370+0000][653.490s][info ][safepoint     ] Leaving safepoint region
[2023-10-18T23:02:46.370+0000][653.491s][info ][safepoint     ] Total time for which application threads were stopped: 0.0009748 seconds, Stopping threads took: 0.0004027 seconds
[2023-10-18T23:02:47.371+0000][654.491s][debug][safepoint     ] Safepoint synchronization initiated. (174 threads)
[2023-10-18T23:02:47.371+0000][654.492s][info ][safepoint     ] Application time: 1.0005869 seconds
[2023-10-18T23:02:47.372+0000][654.492s][info ][safepoint     ] Entering safepoint region: Cleanup
[2023-10-18T23:02:47.372+0000][654.492s][info ][safepoint     ] Leaving safepoint region
[2023-10-18T23:02:47.373+0000][654.493s][info ][safepoint     ] Total time for which application threads were stopped: 0.0009081 seconds, Stopping threads took: 0.0004077 seconds
[2023-10-18T23:02:48.373+0000][655.493s][debug][safepoint     ] Safepoint synchronization initiated. (174 threads)
[2023-10-18T23:02:48.374+0000][655.494s][info ][safepoint     ] Application time: 1.0012278 seconds
[2023-10-18T23:02:48.375+0000][655.495s][info ][safepoint     ] Entering safepoint region: Cleanup
[2023-10-18T23:02:48.375+0000][655.496s][info ][safepoint     ] Leaving safepoint region
[2023-10-18T23:02:48.376+0000][655.496s][info ][safepoint     ] Total time for which application threads were stopped: 0.0013232 seconds, Stopping threads took: 0.0004807 seconds
[2023-10-18T23:02:49.377+0000][656.497s][debug][safepoint     ] Safepoint synchronization initiated. (174 threads)
[2023-10-18T23:02:49.377+0000][656.497s][info ][safepoint     ] Application time: 1.0006447 seconds
[2023-10-18T23:02:49.378+0000][656.498s][info ][safepoint     ] Entering safepoint region: Cleanup
[2023-10-18T23:02:49.378+0000][656.498s][info ][safepoint     ] Leaving safepoint region
[2023-10-18T23:02:49.379+0000][656.499s][info ][safepoint     ] Total time for which application threads were stopped: 0.0011198 seconds, Stopping threads took: 0.0004658 seconds
[2023-10-18T23:02:50.379+0000][657.500s][debug][safepoint     ] Safepoint synchronization initiated. (174 threads)
[2023-10-18T23:02:50.381+0000][657.501s][info ][safepoint     ] Application time: 1.0014513 seconds
[2023-10-18T23:02:50.382+0000][657.502s][info ][safepoint     ] Entering safepoint region: Cleanup
[2023-10-18T23:02:50.383+0000][657.503s][info ][safepoint     ] Leaving safepoint region
[2023-10-18T23:02:50.384+0000][657.504s][info ][safepoint     ] Total time for which application threads were stopped: 0.0022298 seconds, Stopping threads took: 0.0011367 seconds
[2023-10-18T23:02:51.385+0000][658.505s][debug][safepoint     ] Safepoint synchronization initiated. (174 threads)
[2023-10-18T23:02:51.386+0000][658.507s][info ][safepoint     ] Application time: 1.0019627 seconds
[2023-10-18T23:02:51.387+0000][658.507s][info ][safepoint     ] Entering safepoint region: Cleanup
[2023-10-18T23:02:51.388+0000][658.508s][info ][safepoint     ] Leaving safepoint region
[2023-10-18T23:02:51.388+0000][658.508s][info ][safepoint     ] Total time for which application threads were stopped: 0.0009108 seconds, Stopping threads took: 0.0004088 seconds
[2023-10-18T23:02:52.388+0000][659.508s][debug][safepoint     ] Safepoint synchronization initiated. (174 threads)
[2023-10-18T23:02:52.389+0000][659.509s][info ][safepoint     ] Application time: 1.0007534 seconds
[2023-10-18T23:02:52.389+0000][659.509s][info ][safepoint     ] Entering safepoint region: Cleanup
[2023-10-18T23:02:52.390+0000][659.510s][info ][safepoint     ] Leaving safepoint region
[2023-10-18T23:02:52.390+0000][659.510s][info ][safepoint     ] Total time for which application threads were stopped: 0.0007816 seconds, Stopping threads took: 0.0003312 seconds
[2023-10-18T23:02:53.391+0000][660.511s][debug][safepoint     ] Safepoint synchronization initiated. (174 threads)
[2023-10-18T23:02:53.391+0000][660.511s][info ][safepoint     ] Application time: 1.0005844 seconds
[2023-10-18T23:02:53.392+0000][660.512s][info ][safepoint     ] Entering safepoint region: Cleanup
[2023-10-18T23:02:53.392+0000][660.512s][info ][safepoint     ] Leaving safepoint region
[2023-10-18T23:02:53.393+0000][660.513s][info ][safepoint     ] Total time for which application threads were stopped: 0.0011119 seconds, Stopping threads took: 0.0004977 seconds
[2023-10-18T23:02:54.394+0000][661.514s][debug][safepoint     ] Safepoint synchronization initiated. (174 threads)
[2023-10-18T23:02:54.394+0000][661.514s][info ][safepoint     ] Application time: 1.0007719 seconds
[2023-10-18T23:02:54.395+0000][661.515s][info ][safepoint     ] Entering safepoint region: Cleanup
[2023-10-18T23:02:54.395+0000][661.515s][info ][safepoint     ] Leaving safepoint region
[2023-10-18T23:02:54.396+0000][661.516s][info ][safepoint     ] Total time for which application threads were stopped: 0.0011966 seconds, Stopping threads took: 0.0004566 seconds
[2023-10-18T23:02:55.397+0000][662.517s][debug][safepoint     ] Safepoint synchronization initiated. (174 threads)
[2023-10-18T23:02:55.397+0000][662.517s][info ][safepoint     ] Application time: 1.0008470 seconds
[2023-10-18T23:02:55.398+0000][662.518s][info ][safepoint     ] Entering safepoint region: Cleanup
[2023-10-18T23:02:55.398+0000][662.519s][info ][safepoint     ] Leaving safepoint region
[2023-10-18T23:02:55.399+0000][662.519s][info ][safepoint     ] Total time for which application threads were stopped: 0.0012212 seconds, Stopping threads took: 0.0005575 seconds
[2023-10-18T23:02:56.400+0000][663.520s][debug][safepoint     ] Safepoint synchronization initiated. (174 threads)
[2023-10-18T23:02:56.400+0000][663.521s][info ][safepoint     ] Application time: 1.0011180 seconds
[2023-10-18T23:02:56.401+0000][663.521s][info ][safepoint     ] Entering safepoint region: Cleanup
[2023-10-18T23:02:56.402+0000][663.522s][info ][safepoint     ] Leaving safepoint region
[2023-10-18T23:02:56.403+0000][663.523s][info ][safepoint     ] Total time for which application threads were stopped: 0.0015853 seconds, Stopping threads took: 0.0007771 seconds
[2023-10-18T23:02:57.403+0000][664.523s][debug][safepoint     ] Safepoint synchronization initiated. (174 threads)
[2023-10-18T23:02:57.404+0000][664.524s][info ][safepoint     ] Application time: 1.0008273 seconds
[2023-10-18T23:02:57.405+0000][664.525s][info ][safepoint     ] Entering safepoint region: Cleanup
[2023-10-18T23:02:57.405+0000][664.526s][info ][safepoint     ] Leaving safepoint region
[2023-10-18T23:02:57.406+0000][664.526s][info ][safepoint     ] Total time for which application threads were stopped: 0.0013287 seconds, Stopping threads took: 0.0005246 seconds
[2023-10-18T23:02:58.407+0000][665.527s][debug][safepoint     ] Safepoint synchronization initiated. (174 threads)
[2023-10-18T23:02:58.408+0000][665.528s][info ][safepoint     ] Application time: 1.0014139 seconds
[2023-10-18T23:02:58.409+0000][665.529s][info ][safepoint     ] Entering safepoint region: Cleanup
[2023-10-18T23:02:58.410+0000][665.530s][info ][safepoint     ] Leaving safepoint region
[2023-10-18T23:02:58.411+0000][665.531s][info ][safepoint     ] Total time for which application threads were stopped: 0.0018066 seconds, Stopping threads took: 0.0008020 seconds
[2023-10-18T23:02:59.411+0000][666.531s][debug][safepoint     ] Safepoint synchronization initiated. (174 threads)
[2023-10-18T23:02:59.412+0000][666.532s][info ][safepoint     ] Application time: 1.0006451 seconds
[2023-10-18T23:02:59.412+0000][666.532s][info ][safepoint     ] Entering safepoint region: Cleanup
[2023-10-18T23:02:59.413+0000][666.533s][info ][safepoint     ] Leaving safepoint region
[2023-10-18T23:02:59.413+0000][666.533s][info ][safepoint     ] Total time for which application threads were stopped: 0.0009415 seconds, Stopping threads took: 0.0003944 seconds
[2023-10-18T23:03:00.413+0000][667.534s][debug][safepoint     ] Safepoint synchronization initiated. (174 threads)
[2023-10-18T23:03:00.414+0000][667.534s][info ][safepoint     ] Application time: 1.0007102 seconds
[2023-10-18T23:03:00.415+0000][667.535s][info ][safepoint     ] Entering safepoint region: Cleanup
[2023-10-18T23:03:00.415+0000][667.535s][info ][safepoint     ] Leaving safepoint region
[2023-10-18T23:03:00.415+0000][667.536s][info ][safepoint     ] Total time for which application threads were stopped: 0.0009557 seconds, Stopping threads took: 0.0004014 seconds
[2023-10-18T23:03:01.416+0000][668.536s][debug][safepoint     ] Safepoint synchronization initiated. (174 threads)
[2023-10-18T23:03:01.417+0000][668.537s][info ][safepoint     ] Application time: 1.0009713 seconds
[2023-10-18T23:03:01.417+0000][668.537s][info ][safepoint     ] Entering safepoint region: Cleanup
[2023-10-18T23:03:01.418+0000][668.538s][info ][safepoint     ] Leaving safepoint region
[2023-10-18T23:03:01.419+0000][668.539s][info ][safepoint     ] Total time for which application threads were stopped: 0.0013639 seconds, Stopping threads took: 0.0006582 seconds
[2023-10-18T23:03:02.419+0000][669.539s][debug][safepoint     ] Safepoint synchronization initiated. (174 threads)
[2023-10-18T23:03:02.420+0000][669.540s][info ][safepoint     ] Application time: 1.0010200 seconds
[2023-10-18T23:03:02.421+0000][669.541s][info ][safepoint     ] Entering safepoint region: Cleanup
[2023-10-18T23:03:02.421+0000][669.541s][info ][safepoint     ] Leaving safepoint region
[2023-10-18T23:03:02.422+0000][669.542s][info ][safepoint     ] Total time for which application threads were stopped: 0.0011463 seconds, Stopping threads took: 0.0005103 seconds
[2023-10-18T23:03:02.421+0000][669.541s][debug][safepoint     ] ... found polling page return exception at pc = 0x00007f38b0b84ca4, stub =0x00007f38a8840600
[2023-10-18T23:03:02.421+0000][669.541s][debug][safepoint     ] ... found polling page return exception at pc = 0x00007f38b0b84ca4, stub =0x00007f38a8840600
[2023-10-18T23:03:03.422+0000][670.542s][debug][safepoint     ] Safepoint synchronization initiated. (174 threads)
[2023-10-18T23:03:03.423+0000][670.543s][info ][safepoint     ] Application time: 1.0010614 seconds
[2023-10-18T23:03:03.424+0000][670.544s][info ][safepoint     ] Entering safepoint region: Cleanup
[2023-10-18T23:03:03.425+0000][670.545s][info ][safepoint     ] Leaving safepoint region
[2023-10-18T23:03:03.426+0000][670.546s][info ][safepoint     ] Total time for which application threads were stopped: 0.0018243 seconds, Stopping threads took: 0.0007392 seconds
[2023-10-18T23:03:04.427+0000][671.547s][debug][safepoint     ] Safepoint synchronization initiated. (174 threads)
[2023-10-18T23:03:04.427+0000][671.547s][info ][safepoint     ] Application time: 1.0007168 seconds
[2023-10-18T23:03:04.428+0000][671.548s][info ][safepoint     ] Entering safepoint region: Cleanup
[2023-10-18T23:03:04.428+0000][671.548s][info ][safepoint     ] Leaving safepoint region
[2023-10-18T23:03:04.429+0000][671.549s][info ][safepoint     ] Total time for which application threads were stopped: 0.0011772 seconds, Stopping threads took: 0.0004989 seconds
[2023-10-18T23:03:05.429+0000][672.550s][debug][safepoint     ] Safepoint synchronization initiated. (174 threads)
[2023-10-18T23:03:05.430+0000][672.550s][info ][safepoint     ] Application time: 1.0007917 seconds
[2023-10-18T23:03:05.430+0000][672.551s][info ][safepoint     ] Entering safepoint region: Cleanup
[2023-10-18T23:03:05.431+0000][672.551s][info ][safepoint     ] Leaving safepoint region
[2023-10-18T23:03:05.432+0000][672.552s][info ][safepoint     ] Total time for which application threads were stopped: 0.0011820 seconds, Stopping threads took: 0.0005231 seconds
[2023-10-18T23:03:06.432+0000][673.552s][debug][safepoint     ] Safepoint synchronization initiated. (174 threads)
[2023-10-18T23:03:06.433+0000][673.553s][info ][safepoint     ] Application time: 1.0008707 seconds
[2023-10-18T23:03:06.434+0000][673.554s][info ][safepoint     ] Entering safepoint region: Cleanup
[2023-10-18T23:03:06.434+0000][673.554s][info ][safepoint     ] Leaving safepoint region
[2023-10-18T23:03:06.435+0000][673.555s][info ][safepoint     ] Total time for which application threads were stopped: 0.0013047 seconds, Stopping threads took: 0.0005624 seconds
[2023-10-18T23:03:07.435+0000][674.556s][debug][safepoint     ] Safepoint synchronization initiated. (174 threads)
[2023-10-18T23:03:07.436+0000][674.556s][info ][safepoint     ] Application time: 1.0008230 seconds
[2023-10-18T23:03:07.437+0000][674.557s][info ][safepoint     ] Entering safepoint region: Cleanup
[2023-10-18T23:03:07.437+0000][674.557s][info ][safepoint     ] Leaving safepoint region
[2023-10-18T23:03:07.438+0000][674.558s][info ][safepoint     ] Total time for which application threads were stopped: 0.0011544 seconds, Stopping threads took: 0.0005923 seconds
[2023-10-18T23:03:08.438+0000][675.558s][debug][safepoint     ] Safepoint synchronization initiated. (174 threads)
[2023-10-18T23:03:08.439+0000][675.559s][info ][safepoint     ] Application time: 1.0008421 seconds
[2023-10-18T23:03:08.439+0000][675.560s][info ][safepoint     ] Entering safepoint region: Cleanup
[2023-10-18T23:03:08.440+0000][675.560s][info ][safepoint     ] Leaving safepoint region
[2023-10-18T23:03:08.441+0000][675.561s][info ][safepoint     ] Total time for which application threads were stopped: 0.0012613 seconds, Stopping threads took: 0.0006148 seconds
[2023-10-18T23:03:09.446+0000][676.561s][debug][safepoint     ] Safepoint synchronization initiated. (174 threads)
[2023-10-18T23:03:09.447+0000][676.562s][info ][safepoint     ] Application time: 1.0007514 seconds
[2023-10-18T23:03:09.447+0000][676.563s][info ][safepoint     ] Entering safepoint region: Cleanup
[2023-10-18T23:03:09.448+0000][676.563s][info ][safepoint     ] Leaving safepoint region
[2023-10-18T23:03:09.448+0000][676.564s][info ][safepoint     ] Total time for which application threads were stopped: 0.0011155 seconds, Stopping threads took: 0.0004559 seconds
[2023-10-18T23:03:10.449+0000][677.564s][debug][safepoint     ] Safepoint synchronization initiated. (174 threads)
[2023-10-18T23:03:10.450+0000][677.565s][info ][safepoint     ] Application time: 1.0008645 seconds
[2023-10-18T23:03:10.450+0000][677.565s][info ][safepoint     ] Entering safepoint region: Cleanup
[2023-10-18T23:03:10.451+0000][677.566s][info ][safepoint     ] Leaving safepoint region
[2023-10-18T23:03:10.451+0000][677.566s][info ][safepoint     ] Total time for which application threads were stopped: 0.0010901 seconds, Stopping threads took: 0.0003876 seconds
[2023-10-18T23:03:11.452+0000][678.567s][debug][safepoint     ] Safepoint synchronization initiated. (174 threads)
[2023-10-18T23:03:11.453+0000][678.568s][info ][safepoint     ] Application time: 1.0008328 seconds
[2023-10-18T23:03:11.453+0000][678.568s][info ][safepoint     ] Entering safepoint region: Cleanup
[2023-10-18T23:03:11.454+0000][678.569s][info ][safepoint     ] Leaving safepoint region
[2023-10-18T23:03:11.454+0000][678.569s][info ][safepoint     ] Total time for which application threads were stopped: 0.0011319 seconds, Stopping threads took: 0.0005112 seconds
[2023-10-18T23:03:12.455+0000][679.570s][debug][safepoint     ] Safepoint synchronization initiated. (174 threads)
[2023-10-18T23:03:12.456+0000][679.571s][info ][safepoint     ] Application time: 1.0009584 seconds
[2023-10-18T23:03:12.456+0000][679.572s][info ][safepoint     ] Entering safepoint region: Cleanup
[2023-10-18T23:03:12.457+0000][679.572s][info ][safepoint     ] Leaving safepoint region
[2023-10-18T23:03:12.458+0000][679.573s][info ][safepoint     ] Total time for which application threads were stopped: 0.0013496 seconds, Stopping threads took: 0.0004993 seconds
[2023-10-18T23:03:13.458+0000][680.574s][debug][safepoint     ] Safepoint synchronization initiated. (174 threads)
[2023-10-18T23:03:13.459+0000][680.574s][info ][safepoint     ] Application time: 1.0007288 seconds
[2023-10-18T23:03:13.459+0000][680.575s][info ][safepoint     ] Entering safepoint region: Cleanup
[2023-10-18T23:03:13.460+0000][680.575s][info ][safepoint     ] Leaving safepoint region
[2023-10-18T23:03:13.460+0000][680.576s][info ][safepoint     ] Total time for which application threads were stopped: 0.0010641 seconds, Stopping threads took: 0.0004914 seconds
[2023-10-18T23:03:14.461+0000][681.576s][debug][safepoint     ] Safepoint synchronization initiated. (174 threads)
[2023-10-18T23:03:14.461+0000][681.577s][info ][safepoint     ] Application time: 1.0007866 seconds
[2023-10-18T23:03:14.462+0000][681.577s][info ][safepoint     ] Entering safepoint region: Cleanup
[2023-10-18T23:03:14.463+0000][681.578s][info ][safepoint     ] Leaving safepoint region
[2023-10-18T23:03:14.463+0000][681.578s][info ][safepoint     ] Total time for which application threads were stopped: 0.0010528 seconds, Stopping threads took: 0.0004427 seconds
[2023-10-18T23:03:15.463+0000][682.579s][debug][safepoint     ] Safepoint synchronization initiated. (174 threads)
[2023-10-18T23:03:15.464+0000][682.580s][info ][safepoint     ] Application time: 1.0011457 seconds
[2023-10-18T23:03:15.465+0000][682.580s][info ][safepoint     ] Entering safepoint region: Cleanup
[2023-10-18T23:03:15.466+0000][682.581s][info ][safepoint     ] Leaving safepoint region
[2023-10-18T23:03:15.466+0000][682.581s][info ][safepoint     ] Total time for which application threads were stopped: 0.0011634 seconds, Stopping threads took: 0.0005421 seconds
[2023-10-18T23:03:16.466+0000][683.582s][debug][safepoint     ] Safepoint synchronization initiated. (174 threads)
[2023-10-18T23:03:16.467+0000][683.582s][info ][safepoint     ] Application time: 1.0004797 seconds
[2023-10-18T23:03:16.467+0000][683.582s][info ][safepoint     ] Entering safepoint region: Cleanup
[2023-10-18T23:03:16.468+0000][683.583s][info ][safepoint     ] Leaving safepoint region
[2023-10-18T23:03:16.468+0000][683.583s][info ][safepoint     ] Total time for which application threads were stopped: 0.0008098 seconds, Stopping threads took: 0.0003067 seconds
[2023-10-18T23:03:17.468+0000][684.584s][debug][safepoint     ] Safepoint synchronization initiated. (174 threads)
[2023-10-18T23:03:17.469+0000][684.584s][info ][safepoint     ] Application time: 1.0006535 seconds
[2023-10-18T23:03:17.469+0000][684.585s][info ][safepoint     ] Entering safepoint region: Cleanup
[2023-10-18T23:03:17.470+0000][684.585s][info ][safepoint     ] Leaving safepoint region
[2023-10-18T23:03:17.471+0000][684.586s][info ][safepoint     ] Total time for which application threads were stopped: 0.0012044 seconds, Stopping threads took: 0.0004560 seconds
[2023-10-18T23:03:18.471+0000][685.586s][debug][safepoint     ] Safepoint synchronization initiated. (174 threads)
[2023-10-18T23:03:18.472+0000][685.587s][info ][safepoint     ] Application time: 1.0005568 seconds
[2023-10-18T23:03:18.472+0000][685.587s][info ][safepoint     ] Entering safepoint region: Cleanup
[2023-10-18T23:03:18.473+0000][685.588s][info ][safepoint     ] Leaving safepoint region
[2023-10-18T23:03:18.473+0000][685.588s][info ][safepoint     ] Total time for which application threads were stopped: 0.0009069 seconds, Stopping threads took: 0.0003981 seconds
[2023-10-18T23:03:19.473+0000][686.589s][debug][safepoint     ] Safepoint synchronization initiated. (174 threads)
[2023-10-18T23:03:19.474+0000][686.589s][info ][safepoint     ] Application time: 1.0007481 seconds
[2023-10-18T23:03:19.474+0000][686.590s][info ][safepoint     ] Entering safepoint region: Cleanup
[2023-10-18T23:03:19.475+0000][686.590s][info ][safepoint     ] Leaving safepoint region
[2023-10-18T23:03:19.475+0000][686.591s][info ][safepoint     ] Total time for which application threads were stopped: 0.0010587 seconds, Stopping threads took: 0.0004760 seconds
[2023-10-18T23:03:20.476+0000][687.591s][debug][safepoint     ] Safepoint synchronization initiated. (174 threads)
[2023-10-18T23:03:20.476+0000][687.591s][info ][safepoint     ] Application time: 1.0004726 seconds
[2023-10-18T23:03:20.477+0000][687.592s][info ][safepoint     ] Entering safepoint region: Cleanup
[2023-10-18T23:03:20.477+0000][687.592s][info ][safepoint     ] Leaving safepoint region
[2023-10-18T23:03:20.477+0000][687.593s][info ][safepoint     ] Total time for which application threads were stopped: 0.0008274 seconds, Stopping threads took: 0.0003027 seconds
[2023-10-18T23:03:21.478+0000][688.593s][debug][safepoint     ] Safepoint synchronization initiated. (174 threads)
[2023-10-18T23:03:21.478+0000][688.594s][info ][safepoint     ] Application time: 1.0005900 seconds
[2023-10-18T23:03:21.479+0000][688.594s][info ][safepoint     ] Entering safepoint region: Cleanup
[2023-10-18T23:03:21.479+0000][688.595s][info ][safepoint     ] Leaving safepoint region
[2023-10-18T23:03:21.480+0000][688.595s][info ][safepoint     ] Total time for which application threads were stopped: 0.0009772 seconds, Stopping threads took: 0.0004754 seconds
[2023-10-18T23:03:22.480+0000][689.596s][debug][safepoint     ] Safepoint synchronization initiated. (174 threads)
[2023-10-18T23:03:22.481+0000][689.596s][info ][safepoint     ] Application time: 1.0009698 seconds
[2023-10-18T23:03:22.482+0000][689.597s][info ][safepoint     ] Entering safepoint region: Cleanup
[2023-10-18T23:03:22.483+0000][689.598s][info ][safepoint     ] Leaving safepoint region
[2023-10-18T23:03:22.483+0000][689.598s][info ][safepoint     ] Total time for which application threads were stopped: 0.0014224 seconds, Stopping threads took: 0.0006072 seconds
[2023-10-18T23:03:23.484+0000][690.599s][debug][safepoint     ] Safepoint synchronization initiated. (174 threads)
[2023-10-18T23:03:23.485+0000][690.600s][info ][safepoint     ] Application time: 1.0011168 seconds
[2023-10-18T23:03:23.485+0000][690.601s][info ][safepoint     ] Entering safepoint region: Cleanup
[2023-10-18T23:03:23.486+0000][690.601s][info ][safepoint     ] Leaving safepoint region
[2023-10-18T23:03:23.486+0000][690.602s][info ][safepoint     ] Total time for which application threads were stopped: 0.0012930 seconds, Stopping threads took: 0.0006154 seconds
[2023-10-18T23:03:24.487+0000][691.603s][debug][safepoint     ] Safepoint synchronization initiated. (174 threads)
[2023-10-18T23:03:24.488+0000][691.603s][info ][safepoint     ] Application time: 1.0011835 seconds
[2023-10-18T23:03:24.489+0000][691.604s][info ][safepoint     ] Entering safepoint region: Cleanup
[2023-10-18T23:03:24.490+0000][691.605s][info ][safepoint     ] Leaving safepoint region
[2023-10-18T23:03:24.490+0000][691.606s][info ][safepoint     ] Total time for which application threads were stopped: 0.0014714 seconds, Stopping threads took: 0.0006918 seconds
[2023-10-18T23:03:25.491+0000][692.607s][debug][safepoint     ] Safepoint synchronization initiated. (174 threads)
[2023-10-18T23:03:25.492+0000][692.607s][info ][safepoint     ] Application time: 1.0011059 seconds
[2023-10-18T23:03:25.493+0000][692.608s][info ][safepoint     ] Entering safepoint region: Cleanup
[2023-10-18T23:03:25.493+0000][692.609s][info ][safepoint     ] Leaving safepoint region
[2023-10-18T23:03:25.494+0000][692.609s][info ][safepoint     ] Total time for which application threads were stopped: 0.0013673 seconds, Stopping threads took: 0.0005710 seconds
[2023-10-18T23:03:26.495+0000][693.610s][debug][safepoint     ] Safepoint synchronization initiated. (174 threads)
[2023-10-18T23:03:26.495+0000][693.611s][info ][safepoint     ] Application time: 1.0008851 seconds
[2023-10-18T23:03:26.496+0000][693.611s][info ][safepoint     ] Entering safepoint region: Cleanup
[2023-10-18T23:03:26.497+0000][693.612s][info ][safepoint     ] Leaving safepoint region
[2023-10-18T23:03:26.498+0000][693.613s][info ][safepoint     ] Total time for which application threads were stopped: 0.0015774 seconds, Stopping threads took: 0.0006698 seconds
[2023-10-18T23:03:27.498+0000][694.614s][debug][safepoint     ] Safepoint synchronization initiated. (174 threads)
[2023-10-18T23:03:27.499+0000][694.614s][info ][safepoint     ] Application time: 1.0006769 seconds
[2023-10-18T23:03:27.499+0000][694.615s][info ][safepoint     ] Entering safepoint region: Cleanup
[2023-10-18T23:03:27.500+0000][694.615s][info ][safepoint     ] Leaving safepoint region
[2023-10-18T23:03:27.500+0000][694.616s][info ][safepoint     ] Total time for which application threads were stopped: 0.0010380 seconds, Stopping threads took: 0.0004696 seconds
[2023-10-18T23:03:28.501+0000][695.616s][debug][safepoint     ] Safepoint synchronization initiated. (174 threads)
[2023-10-18T23:03:28.502+0000][695.617s][info ][safepoint     ] Application time: 1.0008998 seconds
[2023-10-18T23:03:28.502+0000][695.617s][info ][safepoint     ] Entering safepoint region: Cleanup
[2023-10-18T23:03:28.503+0000][695.618s][info ][safepoint     ] Leaving safepoint region
[2023-10-18T23:03:28.503+0000][695.619s][info ][safepoint     ] Total time for which application threads were stopped: 0.0013315 seconds, Stopping threads took: 0.0005434 seconds
[2023-10-18T23:03:29.504+0000][696.619s][debug][safepoint     ] Safepoint synchronization initiated. (174 threads)
[2023-10-18T23:03:29.505+0000][696.620s][info ][safepoint     ] Application time: 1.0008989 seconds
[2023-10-18T23:03:29.505+0000][696.621s][info ][safepoint     ] Entering safepoint region: Cleanup
[2023-10-18T23:03:29.506+0000][696.621s][info ][safepoint     ] Leaving safepoint region
[2023-10-18T23:03:29.507+0000][696.622s][info ][safepoint     ] Total time for which application threads were stopped: 0.0012812 seconds, Stopping threads took: 0.0005594 seconds
[2023-10-18T23:03:30.507+0000][697.623s][debug][safepoint     ] Safepoint synchronization initiated. (174 threads)
[2023-10-18T23:03:30.508+0000][697.623s][info ][safepoint     ] Application time: 1.0009065 seconds
[2023-10-18T23:03:30.509+0000][697.624s][info ][safepoint     ] Entering safepoint region: Cleanup
[2023-10-18T23:03:30.510+0000][697.625s][info ][safepoint     ] Leaving safepoint region
[2023-10-18T23:03:30.511+0000][697.626s][info ][safepoint     ] Total time for which application threads were stopped: 0.0018398 seconds, Stopping threads took: 0.0009239 seconds
[2023-10-18T23:03:31.512+0000][698.627s][debug][safepoint     ] Safepoint synchronization initiated. (174 threads)
[2023-10-18T23:03:31.512+0000][698.628s][info ][safepoint     ] Application time: 1.0010024 seconds
[2023-10-18T23:03:31.513+0000][698.628s][info ][safepoint     ] Entering safepoint region: Cleanup
[2023-10-18T23:03:31.513+0000][698.629s][info ][safepoint     ] Leaving safepoint region
[2023-10-18T23:03:31.514+0000][698.629s][info ][safepoint     ] Total time for which application threads were stopped: 0.0011066 seconds, Stopping threads took: 0.0004889 seconds
[2023-10-18T23:03:32.514+0000][699.630s][debug][safepoint     ] Safepoint synchronization initiated. (174 threads)
[2023-10-18T23:03:32.515+0000][699.630s][info ][safepoint     ] Application time: 1.0008831 seconds
[2023-10-18T23:03:32.516+0000][699.631s][info ][safepoint     ] Entering safepoint region: Cleanup
[2023-10-18T23:03:32.517+0000][699.632s][info ][safepoint     ] Leaving safepoint region
[2023-10-18T23:03:32.517+0000][699.633s][info ][safepoint     ] Total time for which application threads were stopped: 0.0016537 seconds, Stopping threads took: 0.0007924 seconds
[2023-10-18T23:03:33.518+0000][700.634s][debug][safepoint     ] Safepoint synchronization initiated. (174 threads)
[2023-10-18T23:03:33.519+0000][700.635s][info ][safepoint     ] Application time: 1.0011278 seconds
[2023-10-18T23:03:33.520+0000][700.635s][info ][safepoint     ] Entering safepoint region: Cleanup
[2023-10-18T23:03:33.521+0000][700.636s][info ][safepoint     ] Leaving safepoint region
[2023-10-18T23:03:33.521+0000][700.637s][info ][safepoint     ] Total time for which application threads were stopped: 0.0014761 seconds, Stopping threads took: 0.0006296 seconds
[2023-10-18T23:03:34.522+0000][701.637s][debug][safepoint     ] Safepoint synchronization initiated. (174 threads)
[2023-10-18T23:03:34.523+0000][701.638s][info ][safepoint     ] Application time: 1.0006444 seconds
[2023-10-18T23:03:34.523+0000][701.638s][info ][safepoint     ] Entering safepoint region: Cleanup
[2023-10-18T23:03:34.524+0000][701.639s][info ][safepoint     ] Leaving safepoint region
[2023-10-18T23:03:34.524+0000][701.639s][info ][safepoint     ] Total time for which application threads were stopped: 0.0010719 seconds, Stopping threads took: 0.0004895 seconds
[2023-10-18T23:03:35.525+0000][702.640s][debug][safepoint     ] Safepoint synchronization initiated. (174 threads)
[2023-10-18T23:03:35.525+0000][702.641s][info ][safepoint     ] Application time: 1.0007406 seconds
[2023-10-18T23:03:35.526+0000][702.641s][info ][safepoint     ] Entering safepoint region: Cleanup
[2023-10-18T23:03:35.526+0000][702.642s][info ][safepoint     ] Leaving safepoint region
[2023-10-18T23:03:35.527+0000][702.642s][info ][safepoint     ] Total time for which application threads were stopped: 0.0010440 seconds, Stopping threads took: 0.0004426 seconds
[2023-10-18T23:03:36.527+0000][703.642s][debug][safepoint     ] Safepoint synchronization initiated. (174 threads)
[2023-10-18T23:03:36.528+0000][703.643s][info ][safepoint     ] Application time: 1.0006509 seconds
[2023-10-18T23:03:36.528+0000][703.643s][info ][safepoint     ] Entering safepoint region: Cleanup
[2023-10-18T23:03:36.529+0000][703.644s][info ][safepoint     ] Leaving safepoint region
[2023-10-18T23:03:36.529+0000][703.644s][info ][safepoint     ] Total time for which application threads were stopped: 0.0009214 seconds, Stopping threads took: 0.0003751 seconds
[2023-10-18T23:03:37.530+0000][704.645s][debug][safepoint     ] Safepoint synchronization initiated. (174 threads)
[2023-10-18T23:03:37.531+0000][704.646s][info ][safepoint     ] Application time: 1.0012733 seconds
[2023-10-18T23:03:37.531+0000][704.647s][info ][safepoint     ] Entering safepoint region: Cleanup
[2023-10-18T23:03:37.532+0000][704.648s][info ][safepoint     ] Leaving safepoint region
[2023-10-18T23:03:37.533+0000][704.648s][info ][safepoint     ] Total time for which application threads were stopped: 0.0016106 seconds, Stopping threads took: 0.0006174 seconds
[2023-10-18T23:03:38.534+0000][705.649s][debug][safepoint     ] Safepoint synchronization initiated. (174 threads)
[2023-10-18T23:03:38.534+0000][705.650s][info ][safepoint     ] Application time: 1.0006351 seconds
[2023-10-18T23:03:38.535+0000][705.650s][info ][safepoint     ] Entering safepoint region: Cleanup
[2023-10-18T23:03:38.535+0000][705.651s][info ][safepoint     ] Leaving safepoint region
[2023-10-18T23:03:38.536+0000][705.651s][info ][safepoint     ] Total time for which application threads were stopped: 0.0008676 seconds, Stopping threads took: 0.0004026 seconds
[2023-10-18T23:03:39.536+0000][706.652s][debug][safepoint     ] Safepoint synchronization initiated. (174 threads)
[2023-10-18T23:03:39.537+0000][706.652s][info ][safepoint     ] Application time: 1.0008000 seconds
[2023-10-18T23:03:39.538+0000][706.653s][info ][safepoint     ] Entering safepoint region: Cleanup
[2023-10-18T23:03:39.538+0000][706.654s][info ][safepoint     ] Leaving safepoint region
[2023-10-18T23:03:39.539+0000][706.654s][info ][safepoint     ] Total time for which application threads were stopped: 0.0013583 seconds, Stopping threads took: 0.0006366 seconds
[2023-10-18T23:03:40.540+0000][707.655s][debug][safepoint     ] Safepoint synchronization initiated. (174 threads)
[2023-10-18T23:03:40.540+0000][707.656s][info ][safepoint     ] Application time: 1.0009020 seconds
[2023-10-18T23:03:40.541+0000][707.656s][info ][safepoint     ] Entering safepoint region: Cleanup
[2023-10-18T23:03:40.542+0000][707.657s][info ][safepoint     ] Leaving safepoint region
[2023-10-18T23:03:40.542+0000][707.657s][info ][safepoint     ] Total time for which application threads were stopped: 0.0012705 seconds, Stopping threads took: 0.0005500 seconds
[2023-10-18T23:03:41.543+0000][708.658s][debug][safepoint     ] Safepoint synchronization initiated. (174 threads)
[2023-10-18T23:03:41.543+0000][708.659s][info ][safepoint     ] Application time: 1.0006898 seconds
[2023-10-18T23:03:41.544+0000][708.659s][info ][safepoint     ] Entering safepoint region: Cleanup
[2023-10-18T23:03:41.544+0000][708.660s][info ][safepoint     ] Leaving safepoint region
[2023-10-18T23:03:41.545+0000][708.660s][info ][safepoint     ] Total time for which application threads were stopped: 0.0010376 seconds, Stopping threads took: 0.0003880 seconds
[2023-10-18T23:03:42.545+0000][709.661s][debug][safepoint     ] Safepoint synchronization initiated. (174 threads)
[2023-10-18T23:03:42.546+0000][709.661s][info ][safepoint     ] Application time: 1.0008124 seconds
[2023-10-18T23:03:42.547+0000][709.662s][info ][safepoint     ] Entering safepoint region: Cleanup
[2023-10-18T23:03:42.548+0000][709.663s][info ][safepoint     ] Leaving safepoint region
[2023-10-18T23:03:42.548+0000][709.664s][info ][safepoint     ] Total time for which application threads were stopped: 0.0015053 seconds, Stopping threads took: 0.0006193 seconds
[2023-10-18T23:03:43.549+0000][710.664s][debug][safepoint     ] Safepoint synchronization initiated. (174 threads)
[2023-10-18T23:03:43.550+0000][710.665s][info ][safepoint     ] Application time: 1.0008472 seconds
[2023-10-18T23:03:43.550+0000][710.666s][info ][safepoint     ] Entering safepoint region: Cleanup
[2023-10-18T23:03:43.551+0000][710.666s][info ][safepoint     ] Leaving safepoint region
[2023-10-18T23:03:43.551+0000][710.667s][info ][safepoint     ] Total time for which application threads were stopped: 0.0013014 seconds, Stopping threads took: 0.0004679 seconds
[2023-10-18T23:03:44.552+0000][711.668s][debug][safepoint     ] Safepoint synchronization initiated. (174 threads)
[2023-10-18T23:03:44.553+0000][711.668s][info ][safepoint     ] Application time: 1.0009163 seconds
[2023-10-18T23:03:44.554+0000][711.669s][info ][safepoint     ] Entering safepoint region: Cleanup
[2023-10-18T23:03:44.554+0000][711.670s][info ][safepoint     ] Leaving safepoint region
[2023-10-18T23:03:44.555+0000][711.670s][info ][safepoint     ] Total time for which application threads were stopped: 0.0013612 seconds, Stopping threads took: 0.0006505 seconds
[2023-10-18T23:03:45.555+0000][712.671s][debug][safepoint     ] Safepoint synchronization initiated. (174 threads)
[2023-10-18T23:03:45.556+0000][712.671s][info ][safepoint     ] Application time: 1.0007224 seconds
[2023-10-18T23:03:45.557+0000][712.672s][info ][safepoint     ] Entering safepoint region: Cleanup
[2023-10-18T23:03:45.557+0000][712.672s][info ][safepoint     ] Leaving safepoint region
[2023-10-18T23:03:45.558+0000][712.673s][info ][safepoint     ] Total time for which application threads were stopped: 0.0011842 seconds, Stopping threads took: 0.0004637 seconds
[2023-10-18T23:03:46.558+0000][713.674s][debug][safepoint     ] Safepoint synchronization initiated. (174 threads)
[2023-10-18T23:03:46.559+0000][713.674s][info ][safepoint     ] Application time: 1.0007009 seconds
[2023-10-18T23:03:46.559+0000][713.675s][info ][safepoint     ] Entering safepoint region: Cleanup
[2023-10-18T23:03:46.560+0000][713.675s][info ][safepoint     ] Leaving safepoint region
[2023-10-18T23:03:46.560+0000][713.676s][info ][safepoint     ] Total time for which application threads were stopped: 0.0011686 seconds, Stopping threads took: 0.0004831 seconds
[2023-10-18T23:03:47.561+0000][714.677s][debug][safepoint     ] Safepoint synchronization initiated. (174 threads)
[2023-10-18T23:03:47.562+0000][714.677s][info ][safepoint     ] Application time: 1.0009935 seconds
[2023-10-18T23:03:47.562+0000][714.678s][info ][safepoint     ] Entering safepoint region: Cleanup
[2023-10-18T23:03:47.563+0000][714.678s][info ][safepoint     ] Leaving safepoint region
[2023-10-18T23:03:47.564+0000][714.679s][info ][safepoint     ] Total time for which application threads were stopped: 0.0012161 seconds, Stopping threads took: 0.0005029 seconds
[2023-10-18T23:03:48.564+0000][715.680s][debug][safepoint     ] Safepoint synchronization initiated. (174 threads)
[2023-10-18T23:03:48.565+0000][715.680s][info ][safepoint     ] Application time: 1.0007145 seconds
[2023-10-18T23:03:48.565+0000][715.681s][info ][safepoint     ] Entering safepoint region: Cleanup
[2023-10-18T23:03:48.566+0000][715.681s][info ][safepoint     ] Leaving safepoint region
[2023-10-18T23:03:48.566+0000][715.682s][info ][safepoint     ] Total time for which application threads were stopped: 0.0010919 seconds, Stopping threads took: 0.0004326 seconds
[2023-10-18T23:03:49.567+0000][716.682s][debug][safepoint     ] Safepoint synchronization initiated. (174 threads)
[2023-10-18T23:03:49.568+0000][716.683s][info ][safepoint     ] Application time: 1.0008599 seconds
[2023-10-18T23:03:49.568+0000][716.684s][info ][safepoint     ] Entering safepoint region: Cleanup
[2023-10-18T23:03:49.569+0000][716.684s][info ][safepoint     ] Leaving safepoint region
[2023-10-18T23:03:49.570+0000][716.685s][info ][safepoint     ] Total time for which application threads were stopped: 0.0014605 seconds, Stopping threads took: 0.0007213 seconds
[2023-10-18T23:03:50.570+0000][717.686s][debug][safepoint     ] Safepoint synchronization initiated. (174 threads)
[2023-10-18T23:03:50.571+0000][717.686s][info ][safepoint     ] Application time: 1.0009065 seconds
[2023-10-18T23:03:50.572+0000][717.687s][info ][safepoint     ] Entering safepoint region: Cleanup
[2023-10-18T23:03:50.572+0000][717.688s][info ][safepoint     ] Leaving safepoint region
[2023-10-18T23:03:50.573+0000][717.688s][info ][safepoint     ] Total time for which application threads were stopped: 0.0013927 seconds, Stopping threads took: 0.0005806 seconds
[2023-10-18T23:03:51.574+0000][718.689s][debug][safepoint     ] Safepoint synchronization initiated. (174 threads)
[2023-10-18T23:03:51.575+0000][718.690s][info ][safepoint     ] Application time: 1.0007971 seconds
[2023-10-18T23:03:51.575+0000][718.691s][info ][safepoint     ] Entering safepoint region: Cleanup
[2023-10-18T23:03:51.576+0000][718.691s][info ][safepoint     ] Leaving safepoint region
[2023-10-18T23:03:51.576+0000][718.692s][info ][safepoint     ] Total time for which application threads were stopped: 0.0012222 seconds, Stopping threads took: 0.0005600 seconds
[2023-10-18T23:03:52.577+0000][719.693s][debug][safepoint     ] Safepoint synchronization initiated. (174 threads)
[2023-10-18T23:03:52.579+0000][719.694s][info ][safepoint     ] Application time: 1.0018565 seconds
[2023-10-18T23:03:52.579+0000][719.695s][debug][safepoint     ] Waiting for 1 thread(s) to block
[2023-10-18T23:03:52.580+0000][719.695s][info ][safepoint     ] Entering safepoint region: Cleanup
[2023-10-18T23:03:52.581+0000][719.696s][info ][safepoint     ] Leaving safepoint region
[2023-10-18T23:03:52.581+0000][719.697s][info ][safepoint     ] Total time for which application threads were stopped: 0.0019998 seconds, Stopping threads took: 0.0012013 seconds
[2023-10-18T23:03:53.582+0000][720.697s][debug][safepoint     ] Safepoint synchronization initiated. (174 threads)
[2023-10-18T23:03:53.583+0000][720.698s][info ][safepoint     ] Application time: 1.0009233 seconds
[2023-10-18T23:03:53.583+0000][720.699s][info ][safepoint     ] Entering safepoint region: Cleanup
[2023-10-18T23:03:53.584+0000][720.699s][info ][safepoint     ] Leaving safepoint region
[2023-10-18T23:03:53.585+0000][720.700s][info ][safepoint     ] Total time for which application threads were stopped: 0.0014599 seconds, Stopping threads took: 0.0004895 seconds
[2023-10-18T23:03:54.585+0000][721.701s][debug][safepoint     ] Safepoint synchronization initiated. (174 threads)
[2023-10-18T23:03:54.586+0000][721.701s][info ][safepoint     ] Application time: 1.0009659 seconds
[2023-10-18T23:03:54.587+0000][721.702s][info ][safepoint     ] Entering safepoint region: Cleanup
[2023-10-18T23:03:54.588+0000][721.703s][info ][safepoint     ] Leaving safepoint region
[2023-10-18T23:03:54.588+0000][721.703s][info ][safepoint     ] Total time for which application threads were stopped: 0.0014604 seconds, Stopping threads took: 0.0006044 seconds
[2023-10-18T23:03:55.589+0000][722.704s][debug][safepoint     ] Safepoint synchronization initiated. (174 threads)
[2023-10-18T23:03:55.590+0000][722.705s][info ][safepoint     ] Application time: 1.0011033 seconds
[2023-10-18T23:03:55.590+0000][722.706s][info ][safepoint     ] Entering safepoint region: Cleanup
[2023-10-18T23:03:55.591+0000][722.707s][info ][safepoint     ] Leaving safepoint region
[2023-10-18T23:03:55.592+0000][722.707s][info ][safepoint     ] Total time for which application threads were stopped: 0.0011935 seconds, Stopping threads took: 0.0005848 seconds
[2023-10-18T23:03:56.592+0000][723.707s][debug][safepoint     ] Safepoint synchronization initiated. (174 threads)
[2023-10-18T23:03:56.593+0000][723.708s][info ][safepoint     ] Application time: 1.0006282 seconds
[2023-10-18T23:03:56.593+0000][723.708s][info ][safepoint     ] Entering safepoint region: Cleanup
[2023-10-18T23:03:56.593+0000][723.709s][info ][safepoint     ] Leaving safepoint region
[2023-10-18T23:03:56.594+0000][723.709s][info ][safepoint     ] Total time for which application threads were stopped: 0.0008366 seconds, Stopping threads took: 0.0003336 seconds
[2023-10-18T23:03:57.594+0000][724.710s][debug][safepoint     ] Safepoint synchronization initiated. (174 threads)
[2023-10-18T23:03:57.595+0000][724.710s][info ][safepoint     ] Application time: 1.0008502 seconds
[2023-10-18T23:03:57.595+0000][724.711s][info ][safepoint     ] Entering safepoint region: Cleanup
[2023-10-18T23:03:57.596+0000][724.711s][info ][safepoint     ] Leaving safepoint region
[2023-10-18T23:03:57.596+0000][724.712s][info ][safepoint     ] Total time for which application threads were stopped: 0.0010209 seconds, Stopping threads took: 0.0003990 seconds
[2023-10-18T23:03:58.597+0000][725.712s][debug][safepoint     ] Safepoint synchronization initiated. (174 threads)
[2023-10-18T23:03:58.597+0000][725.713s][info ][safepoint     ] Application time: 1.0007982 seconds
[2023-10-18T23:03:58.598+0000][725.713s][info ][safepoint     ] Entering safepoint region: Cleanup
[2023-10-18T23:03:58.598+0000][725.714s][info ][safepoint     ] Leaving safepoint region
[2023-10-18T23:03:58.599+0000][725.714s][info ][safepoint     ] Total time for which application threads were stopped: 0.0010655 seconds, Stopping threads took: 0.0004344 seconds
[2023-10-18T23:03:59.599+0000][726.715s][debug][safepoint     ] Safepoint synchronization initiated. (174 threads)
[2023-10-18T23:03:59.600+0000][726.715s][info ][safepoint     ] Application time: 1.0006165 seconds
[2023-10-18T23:03:59.600+0000][726.716s][info ][safepoint     ] Entering safepoint region: Cleanup
[2023-10-18T23:03:59.601+0000][726.716s][info ][safepoint     ] Leaving safepoint region
[2023-10-18T23:03:59.601+0000][726.717s][info ][safepoint     ] Total time for which application threads were stopped: 0.0009654 seconds, Stopping threads took: 0.0003811 seconds
[2023-10-18T23:04:00.602+0000][727.718s][debug][safepoint     ] Safepoint synchronization initiated. (174 threads)
[2023-10-18T23:04:00.603+0000][727.718s][info ][safepoint     ] Application time: 1.0012077 seconds
[2023-10-18T23:04:00.604+0000][727.719s][info ][safepoint     ] Entering safepoint region: Cleanup
[2023-10-18T23:04:00.605+0000][727.720s][info ][safepoint     ] Leaving safepoint region
[2023-10-18T23:04:00.606+0000][727.721s][info ][safepoint     ] Total time for which application threads were stopped: 0.0019304 seconds, Stopping threads took: 0.0008536 seconds
[2023-10-18T23:04:01.606+0000][728.722s][debug][safepoint     ] Safepoint synchronization initiated. (174 threads)
[2023-10-18T23:04:01.607+0000][728.722s][info ][safepoint     ] Application time: 1.0007908 seconds
[2023-10-18T23:04:01.608+0000][728.723s][info ][safepoint     ] Entering safepoint region: Cleanup
[2023-10-18T23:04:01.608+0000][728.724s][info ][safepoint     ] Leaving safepoint region
[2023-10-18T23:04:01.609+0000][728.724s][info ][safepoint     ] Total time for which application threads were stopped: 0.0014354 seconds, Stopping threads took: 0.0005721 seconds
[2023-10-18T23:04:02.610+0000][729.725s][debug][safepoint     ] Safepoint synchronization initiated. (174 threads)
[2023-10-18T23:04:02.610+0000][729.725s][info ][safepoint     ] Application time: 1.0006107 seconds
[2023-10-18T23:04:02.611+0000][729.726s][info ][safepoint     ] Entering safepoint region: Cleanup
[2023-10-18T23:04:02.611+0000][729.726s][info ][safepoint     ] Leaving safepoint region
[2023-10-18T23:04:02.611+0000][729.727s][info ][safepoint     ] Total time for which application threads were stopped: 0.0009959 seconds, Stopping threads took: 0.0004429 seconds
[2023-10-18T23:04:03.612+0000][730.727s][debug][safepoint     ] Safepoint synchronization initiated. (174 threads)
[2023-10-18T23:04:03.613+0000][730.728s][info ][safepoint     ] Application time: 1.0008360 seconds
[2023-10-18T23:04:03.613+0000][730.729s][info ][safepoint     ] Entering safepoint region: Cleanup
[2023-10-18T23:04:03.614+0000][730.729s][info ][safepoint     ] Leaving safepoint region
[2023-10-18T23:04:03.614+0000][730.729s][info ][safepoint     ] Total time for which application threads were stopped: 0.0009504 seconds, Stopping threads took: 0.0004646 seconds
[2023-10-18T23:04:04.615+0000][731.730s][debug][safepoint     ] Safepoint synchronization initiated. (174 threads)
[2023-10-18T23:04:04.616+0000][731.731s][info ][safepoint     ] Application time: 1.0014874 seconds
[2023-10-18T23:04:04.617+0000][731.732s][info ][safepoint     ] Entering safepoint region: Cleanup
[2023-10-18T23:04:04.618+0000][731.733s][info ][safepoint     ] Leaving safepoint region
[2023-10-18T23:04:04.619+0000][731.734s][info ][safepoint     ] Total time for which application threads were stopped: 0.0018953 seconds, Stopping threads took: 0.0008107 seconds
[2023-10-18T23:04:05.619+0000][732.735s][debug][safepoint     ] Safepoint synchronization initiated. (174 threads)
[2023-10-18T23:04:05.620+0000][732.735s][info ][safepoint     ] Application time: 1.0006385 seconds
[2023-10-18T23:04:05.620+0000][732.736s][info ][safepoint     ] Entering safepoint region: Cleanup
[2023-10-18T23:04:05.621+0000][732.736s][info ][safepoint     ] Leaving safepoint region
[2023-10-18T23:04:05.621+0000][732.737s][info ][safepoint     ] Total time for which application threads were stopped: 0.0010233 seconds, Stopping threads took: 0.0005879 seconds
[2023-10-18T23:04:06.622+0000][733.737s][debug][safepoint     ] Safepoint synchronization initiated. (174 threads)
[2023-10-18T23:04:06.622+0000][733.738s][info ][safepoint     ] Application time: 1.0006982 seconds
[2023-10-18T23:04:06.623+0000][733.738s][info ][safepoint     ] Entering safepoint region: Cleanup
[2023-10-18T23:04:06.623+0000][733.738s][info ][safepoint     ] Leaving safepoint region
[2023-10-18T23:04:06.623+0000][733.739s][info ][safepoint     ] Total time for which application threads were stopped: 0.0008318 seconds, Stopping threads took: 0.0003242 seconds
[2023-10-18T23:04:07.624+0000][734.739s][debug][safepoint     ] Safepoint synchronization initiated. (174 threads)
[2023-10-18T23:04:07.625+0000][734.740s][info ][safepoint     ] Application time: 1.0009302 seconds
[2023-10-18T23:04:07.625+0000][734.740s][info ][safepoint     ] Entering safepoint region: Cleanup
[2023-10-18T23:04:07.626+0000][734.741s][info ][safepoint     ] Leaving safepoint region
[2023-10-18T23:04:07.626+0000][734.742s][info ][safepoint     ] Total time for which application threads were stopped: 0.0012510 seconds, Stopping threads took: 0.0005293 seconds
[2023-10-18T23:04:08.627+0000][735.742s][debug][safepoint     ] Safepoint synchronization initiated. (174 threads)
[2023-10-18T23:04:08.627+0000][735.743s][info ][safepoint     ] Application time: 1.0007870 seconds
[2023-10-18T23:04:08.628+0000][735.743s][info ][safepoint     ] Entering safepoint region: Cleanup
[2023-10-18T23:04:08.629+0000][735.744s][info ][safepoint     ] Leaving safepoint region
[2023-10-18T23:04:08.629+0000][735.744s][info ][safepoint     ] Total time for which application threads were stopped: 0.0011122 seconds, Stopping threads took: 0.0004773 seconds
[2023-10-18T23:04:09.623+0000][736.745s][debug][safepoint     ] Safepoint synchronization initiated. (174 threads)
[2023-10-18T23:04:09.623+0000][736.746s][info ][safepoint     ] Application time: 1.0010817 seconds
[2023-10-18T23:04:09.624+0000][736.746s][info ][safepoint     ] Entering safepoint region: Cleanup
[2023-10-18T23:04:09.625+0000][736.747s][info ][safepoint     ] Leaving safepoint region
[2023-10-18T23:04:09.625+0000][736.748s][info ][safepoint     ] Total time for which application threads were stopped: 0.0011746 seconds, Stopping threads took: 0.0005255 seconds
[2023-10-18T23:04:10.626+0000][737.748s][debug][safepoint     ] Safepoint synchronization initiated. (174 threads)
[2023-10-18T23:04:10.627+0000][737.749s][info ][safepoint     ] Application time: 1.0009788 seconds
[2023-10-18T23:04:10.627+0000][737.750s][info ][safepoint     ] Entering safepoint region: Cleanup
[2023-10-18T23:04:10.628+0000][737.751s][info ][safepoint     ] Leaving safepoint region
[2023-10-18T23:04:10.628+0000][737.751s][info ][safepoint     ] Total time for which application threads were stopped: 0.0011643 seconds, Stopping threads took: 0.0005237 seconds
[2023-10-18T23:04:11.629+0000][738.752s][debug][safepoint     ] Safepoint synchronization initiated. (174 threads)
[2023-10-18T23:04:11.630+0000][738.752s][info ][safepoint     ] Application time: 1.0007757 seconds
[2023-10-18T23:04:11.630+0000][738.753s][info ][safepoint     ] Entering safepoint region: Cleanup
[2023-10-18T23:04:11.631+0000][738.753s][info ][safepoint     ] Leaving safepoint region
[2023-10-18T23:04:11.631+0000][738.753s][info ][safepoint     ] Total time for which application threads were stopped: 0.0008696 seconds, Stopping threads took: 0.0004021 seconds
[2023-10-18T23:04:12.632+0000][739.754s][debug][safepoint     ] Safepoint synchronization initiated. (174 threads)
[2023-10-18T23:04:12.633+0000][739.755s][info ][safepoint     ] Application time: 1.0012161 seconds
[2023-10-18T23:04:12.633+0000][739.756s][info ][safepoint     ] Entering safepoint region: Cleanup
[2023-10-18T23:04:12.634+0000][739.757s][info ][safepoint     ] Leaving safepoint region
[2023-10-18T23:04:12.634+0000][739.757s][info ][safepoint     ] Total time for which application threads were stopped: 0.0012560 seconds, Stopping threads took: 0.0006462 seconds
[2023-10-18T23:04:13.635+0000][740.758s][debug][safepoint     ] Safepoint synchronization initiated. (174 threads)
[2023-10-18T23:04:13.636+0000][740.758s][info ][safepoint     ] Application time: 1.0010584 seconds
[2023-10-18T23:04:13.637+0000][740.759s][info ][safepoint     ] Entering safepoint region: Cleanup
[2023-10-18T23:04:13.638+0000][740.761s][info ][safepoint     ] Leaving safepoint region
[2023-10-18T23:04:13.639+0000][740.761s][info ][safepoint     ] Total time for which application threads were stopped: 0.0020900 seconds, Stopping threads took: 0.0009546 seconds
[2023-10-18T23:04:14.640+0000][741.762s][debug][safepoint     ] Safepoint synchronization initiated. (174 threads)
[2023-10-18T23:04:14.640+0000][741.763s][info ][safepoint     ] Application time: 1.0009559 seconds
[2023-10-18T23:04:14.641+0000][741.764s][info ][safepoint     ] Entering safepoint region: Cleanup
[2023-10-18T23:04:14.642+0000][741.764s][info ][safepoint     ] Leaving safepoint region
[2023-10-18T23:04:14.642+0000][741.765s][info ][safepoint     ] Total time for which application threads were stopped: 0.0013542 seconds, Stopping threads took: 0.0005867 seconds
[2023-10-18T23:04:15.643+0000][742.766s][debug][safepoint     ] Safepoint synchronization initiated. (174 threads)
[2023-10-18T23:04:15.644+0000][742.766s][info ][safepoint     ] Application time: 1.0010572 seconds
[2023-10-18T23:04:15.645+0000][742.767s][info ][safepoint     ] Entering safepoint region: Cleanup
[2023-10-18T23:04:15.646+0000][742.768s][info ][safepoint     ] Leaving safepoint region
[2023-10-18T23:04:15.646+0000][742.769s][info ][safepoint     ] Total time for which application threads were stopped: 0.0015498 seconds, Stopping threads took: 0.0008186 seconds
[2023-10-18T23:04:16.647+0000][743.770s][debug][safepoint     ] Safepoint synchronization initiated. (174 threads)
[2023-10-18T23:04:16.648+0000][743.770s][info ][safepoint     ] Application time: 1.0009392 seconds
[2023-10-18T23:04:16.649+0000][743.771s][info ][safepoint     ] Entering safepoint region: Cleanup
[2023-10-18T23:04:16.650+0000][743.772s][info ][safepoint     ] Leaving safepoint region
[2023-10-18T23:04:16.650+0000][743.773s][info ][safepoint     ] Total time for which application threads were stopped: 0.0017738 seconds, Stopping threads took: 0.0008186 seconds
[2023-10-18T23:04:17.651+0000][744.774s][debug][safepoint     ] Safepoint synchronization initiated. (174 threads)
[2023-10-18T23:04:17.652+0000][744.775s][info ][safepoint     ] Application time: 1.0010735 seconds
[2023-10-18T23:04:17.653+0000][744.776s][info ][safepoint     ] Entering safepoint region: Cleanup
[2023-10-18T23:04:17.654+0000][744.777s][info ][safepoint     ] Leaving safepoint region
[2023-10-18T23:04:17.655+0000][744.777s][info ][safepoint     ] Total time for which application threads were stopped: 0.0016078 seconds, Stopping threads took: 0.0007892 seconds
[2023-10-18T23:04:18.655+0000][745.778s][debug][safepoint     ] Safepoint synchronization initiated. (174 threads)
[2023-10-18T23:04:18.656+0000][745.778s][info ][safepoint     ] Application time: 1.0005269 seconds
[2023-10-18T23:04:18.656+0000][745.779s][info ][safepoint     ] Entering safepoint region: Cleanup
[2023-10-18T23:04:18.656+0000][745.779s][info ][safepoint     ] Leaving safepoint region
[2023-10-18T23:04:18.657+0000][745.779s][info ][safepoint     ] Total time for which application threads were stopped: 0.0007861 seconds, Stopping threads took: 0.0003225 seconds
[2023-10-18T23:04:19.657+0000][746.780s][debug][safepoint     ] Safepoint synchronization initiated. (174 threads)
[2023-10-18T23:04:19.658+0000][746.781s][info ][safepoint     ] Application time: 1.0010046 seconds
[2023-10-18T23:04:19.659+0000][746.781s][info ][safepoint     ] Entering safepoint region: Cleanup
[2023-10-18T23:04:19.659+0000][746.782s][info ][safepoint     ] Leaving safepoint region
[2023-10-18T23:04:19.660+0000][746.782s][info ][safepoint     ] Total time for which application threads were stopped: 0.0012068 seconds, Stopping threads took: 0.0005448 seconds
[2023-10-18T23:04:20.660+0000][747.783s][debug][safepoint     ] Safepoint synchronization initiated. (174 threads)
[2023-10-18T23:04:20.661+0000][747.784s][info ][safepoint     ] Application time: 1.0010677 seconds
[2023-10-18T23:04:20.662+0000][747.784s][info ][safepoint     ] Entering safepoint region: Cleanup
[2023-10-18T23:04:20.662+0000][747.785s][info ][safepoint     ] Leaving safepoint region
[2023-10-18T23:04:20.663+0000][747.785s][info ][safepoint     ] Total time for which application threads were stopped: 0.0009473 seconds, Stopping threads took: 0.0003961 seconds
[2023-10-18T23:04:21.663+0000][748.786s][debug][safepoint     ] Safepoint synchronization initiated. (174 threads)
[2023-10-18T23:04:21.664+0000][748.787s][info ][safepoint     ] Application time: 1.0010001 seconds
[2023-10-18T23:04:21.665+0000][748.787s][info ][safepoint     ] Entering safepoint region: Cleanup
[2023-10-18T23:04:21.665+0000][748.788s][info ][safepoint     ] Leaving safepoint region
[2023-10-18T23:04:21.666+0000][748.788s][info ][safepoint     ] Total time for which application threads were stopped: 0.0011541 seconds, Stopping threads took: 0.0005587 seconds
[2023-10-18T23:04:22.666+0000][749.789s][debug][safepoint     ] Safepoint synchronization initiated. (174 threads)
[2023-10-18T23:04:22.667+0000][749.790s][info ][safepoint     ] Application time: 1.0008199 seconds
[2023-10-18T23:04:22.668+0000][749.790s][info ][safepoint     ] Entering safepoint region: Cleanup
[2023-10-18T23:04:22.668+0000][749.791s][info ][safepoint     ] Leaving safepoint region
[2023-10-18T23:04:22.669+0000][749.792s][info ][safepoint     ] Total time for which application threads were stopped: 0.0014850 seconds, Stopping threads took: 0.0004708 seconds
[2023-10-18T23:04:23.670+0000][750.792s][debug][safepoint     ] Safepoint synchronization initiated. (174 threads)
[2023-10-18T23:04:23.671+0000][750.793s][info ][safepoint     ] Application time: 1.0011036 seconds
[2023-10-18T23:04:23.671+0000][750.794s][info ][safepoint     ] Entering safepoint region: Cleanup
[2023-10-18T23:04:23.673+0000][750.795s][info ][safepoint     ] Leaving safepoint region
[2023-10-18T23:04:23.673+0000][750.796s][info ][safepoint     ] Total time for which application threads were stopped: 0.0018989 seconds, Stopping threads took: 0.0008880 seconds
[2023-10-18T23:04:24.674+0000][751.797s][debug][safepoint     ] Safepoint synchronization initiated. (174 threads)
[2023-10-18T23:04:24.675+0000][751.797s][info ][safepoint     ] Application time: 1.0007721 seconds
[2023-10-18T23:04:24.675+0000][751.798s][info ][safepoint     ] Entering safepoint region: Cleanup
[2023-10-18T23:04:24.676+0000][751.799s][info ][safepoint     ] Leaving safepoint region
[2023-10-18T23:04:24.677+0000][751.799s][info ][safepoint     ] Total time for which application threads were stopped: 0.0013209 seconds, Stopping threads took: 0.0006233 seconds
[2023-10-18T23:04:25.677+0000][752.800s][debug][safepoint     ] Safepoint synchronization initiated. (174 threads)
[2023-10-18T23:04:25.678+0000][752.801s][info ][safepoint     ] Application time: 1.0007489 seconds
[2023-10-18T23:04:25.679+0000][752.801s][info ][safepoint     ] Entering safepoint region: Cleanup
[2023-10-18T23:04:25.679+0000][752.802s][info ][safepoint     ] Leaving safepoint region
[2023-10-18T23:04:25.680+0000][752.802s][info ][safepoint     ] Total time for which application threads were stopped: 0.0013613 seconds, Stopping threads took: 0.0005825 seconds
[2023-10-18T23:04:26.681+0000][753.803s][debug][safepoint     ] Safepoint synchronization initiated. (174 threads)
[2023-10-18T23:04:26.681+0000][753.804s][info ][safepoint     ] Application time: 1.0008561 seconds
[2023-10-18T23:04:26.682+0000][753.804s][info ][safepoint     ] Entering safepoint region: Cleanup
[2023-10-18T23:04:26.682+0000][753.805s][info ][safepoint     ] Leaving safepoint region
[2023-10-18T23:04:26.683+0000][753.805s][info ][safepoint     ] Total time for which application threads were stopped: 0.0011435 seconds, Stopping threads took: 0.0005430 seconds
[2023-10-18T23:04:27.683+0000][754.806s][debug][safepoint     ] Safepoint synchronization initiated. (174 threads)
[2023-10-18T23:04:27.684+0000][754.807s][info ][safepoint     ] Application time: 1.0008225 seconds
[2023-10-18T23:04:27.685+0000][754.807s][info ][safepoint     ] Entering safepoint region: Cleanup
[2023-10-18T23:04:27.686+0000][754.808s][info ][safepoint     ] Leaving safepoint region
[2023-10-18T23:04:27.686+0000][754.809s][info ][safepoint     ] Total time for which application threads were stopped: 0.0013936 seconds, Stopping threads took: 0.0006180 seconds
[2023-10-18T23:04:28.687+0000][755.809s][debug][safepoint     ] Safepoint synchronization initiated. (174 threads)
[2023-10-18T23:04:28.688+0000][755.810s][info ][safepoint     ] Application time: 1.0011082 seconds
[2023-10-18T23:04:28.688+0000][755.811s][info ][safepoint     ] Entering safepoint region: Cleanup
[2023-10-18T23:04:28.690+0000][755.812s][info ][safepoint     ] Leaving safepoint region
[2023-10-18T23:04:28.690+0000][755.813s][info ][safepoint     ] Total time for which application threads were stopped: 0.0017642 seconds, Stopping threads took: 0.0007868 seconds
[2023-10-18T23:04:29.691+0000][756.814s][debug][safepoint     ] Safepoint synchronization initiated. (174 threads)
[2023-10-18T23:04:29.692+0000][756.815s][info ][safepoint     ] Application time: 1.0012571 seconds
[2023-10-18T23:04:29.693+0000][756.816s][info ][safepoint     ] Entering safepoint region: Cleanup
[2023-10-18T23:04:29.694+0000][756.817s][info ][safepoint     ] Leaving safepoint region
[2023-10-18T23:04:29.695+0000][756.817s][info ][safepoint     ] Total time for which application threads were stopped: 0.0018103 seconds, Stopping threads took: 0.0007151 seconds
[2023-10-18T23:04:30.696+0000][757.818s][debug][safepoint     ] Safepoint synchronization initiated. (174 threads)
[2023-10-18T23:04:30.696+0000][757.819s][info ][safepoint     ] Application time: 1.0010480 seconds
[2023-10-18T23:04:30.697+0000][757.820s][info ][safepoint     ] Entering safepoint region: Cleanup
[2023-10-18T23:04:30.698+0000][757.821s][info ][safepoint     ] Leaving safepoint region
[2023-10-18T23:04:30.699+0000][757.822s][info ][safepoint     ] Total time for which application threads were stopped: 0.0016873 seconds, Stopping threads took: 0.0007844 seconds
[2023-10-18T23:04:31.700+0000][758.822s][debug][safepoint     ] Safepoint synchronization initiated. (174 threads)
[2023-10-18T23:04:31.701+0000][758.823s][info ][safepoint     ] Application time: 1.0007141 seconds
[2023-10-18T23:04:31.701+0000][758.824s][info ][safepoint     ] Entering safepoint region: Cleanup
[2023-10-18T23:04:31.702+0000][758.825s][info ][safepoint     ] Leaving safepoint region
[2023-10-18T23:04:31.703+0000][758.825s][info ][safepoint     ] Total time for which application threads were stopped: 0.0013954 seconds, Stopping threads took: 0.0005826 seconds
[2023-10-18T23:04:32.703+0000][759.826s][debug][safepoint     ] Safepoint synchronization initiated. (174 threads)
[2023-10-18T23:04:32.704+0000][759.826s][info ][safepoint     ] Application time: 1.0008296 seconds
[2023-10-18T23:04:32.704+0000][759.827s][info ][safepoint     ] Entering safepoint region: Cleanup
[2023-10-18T23:04:32.705+0000][759.828s][info ][safepoint     ] Leaving safepoint region
[2023-10-18T23:04:32.706+0000][759.828s][info ][safepoint     ] Total time for which application threads were stopped: 0.0013786 seconds, Stopping threads took: 0.0006623 seconds
[2023-10-18T23:04:33.706+0000][760.829s][debug][safepoint     ] Safepoint synchronization initiated. (174 threads)
[2023-10-18T23:04:33.707+0000][760.830s][info ][safepoint     ] Application time: 1.0009290 seconds
[2023-10-18T23:04:33.708+0000][760.830s][info ][safepoint     ] Entering safepoint region: Cleanup
[2023-10-18T23:04:33.709+0000][760.831s][info ][safepoint     ] Leaving safepoint region
[2023-10-18T23:04:33.710+0000][760.832s][info ][safepoint     ] Total time for which application threads were stopped: 0.0018679 seconds, Stopping threads took: 0.0008694 seconds
[2023-10-18T23:04:34.711+0000][761.833s][debug][safepoint     ] Safepoint synchronization initiated. (174 threads)
[2023-10-18T23:04:34.712+0000][761.834s][info ][safepoint     ] Application time: 1.0011618 seconds
[2023-10-18T23:04:34.712+0000][761.835s][info ][safepoint     ] Entering safepoint region: Cleanup
[2023-10-18T23:04:34.713+0000][761.836s][info ][safepoint     ] Leaving safepoint region
[2023-10-18T23:04:34.714+0000][761.836s][info ][safepoint     ] Total time for which application threads were stopped: 0.0015121 seconds, Stopping threads took: 0.0006150 seconds
[2023-10-18T23:04:35.715+0000][762.837s][debug][safepoint     ] Safepoint synchronization initiated. (174 threads)
[2023-10-18T23:04:35.716+0000][762.838s][info ][safepoint     ] Application time: 1.0010203 seconds
[2023-10-18T23:04:35.716+0000][762.839s][info ][safepoint     ] Entering safepoint region: Cleanup
[2023-10-18T23:04:35.717+0000][762.840s][info ][safepoint     ] Leaving safepoint region
[2023-10-18T23:04:35.718+0000][762.840s][info ][safepoint     ] Total time for which application threads were stopped: 0.0013205 seconds, Stopping threads took: 0.0005808 seconds
[2023-10-18T23:04:36.718+0000][763.841s][debug][safepoint     ] Safepoint synchronization initiated. (174 threads)
[2023-10-18T23:04:36.719+0000][763.842s][info ][safepoint     ] Application time: 1.0012597 seconds
[2023-10-18T23:04:36.720+0000][763.843s][info ][safepoint     ] Entering safepoint region: Cleanup
[2023-10-18T23:04:36.721+0000][763.844s][info ][safepoint     ] Leaving safepoint region
[2023-10-18T23:04:36.722+0000][763.844s][info ][safepoint     ] Total time for which application threads were stopped: 0.0015069 seconds, Stopping threads took: 0.0007437 seconds
[2023-10-18T23:04:37.723+0000][764.845s][debug][safepoint     ] Safepoint synchronization initiated. (174 threads)
[2023-10-18T23:04:37.724+0000][764.846s][info ][safepoint     ] Application time: 1.0012362 seconds
[2023-10-18T23:04:37.724+0000][764.847s][info ][safepoint     ] Entering safepoint region: Cleanup
[2023-10-18T23:04:37.725+0000][764.848s][info ][safepoint     ] Leaving safepoint region
[2023-10-18T23:04:37.726+0000][764.848s][info ][safepoint     ] Total time for which application threads were stopped: 0.0012672 seconds, Stopping threads took: 0.0005628 seconds
[2023-10-18T23:04:38.726+0000][765.849s][debug][safepoint     ] Safepoint synchronization initiated. (174 threads)
[2023-10-18T23:04:38.727+0000][765.849s][info ][safepoint     ] Application time: 1.0006853 seconds
[2023-10-18T23:04:38.727+0000][765.850s][info ][safepoint     ] Entering safepoint region: Cleanup
[2023-10-18T23:04:38.728+0000][765.850s][info ][safepoint     ] Leaving safepoint region
[2023-10-18T23:04:38.728+0000][765.851s][info ][safepoint     ] Total time for which application threads were stopped: 0.0010619 seconds, Stopping threads took: 0.0004464 seconds
[2023-10-18T23:04:39.729+0000][766.851s][debug][safepoint     ] Safepoint synchronization initiated. (174 threads)
[2023-10-18T23:04:39.729+0000][766.852s][info ][safepoint     ] Application time: 1.0006522 seconds
[2023-10-18T23:04:39.730+0000][766.852s][info ][safepoint     ] Entering safepoint region: Cleanup
[2023-10-18T23:04:39.731+0000][766.853s][info ][safepoint     ] Leaving safepoint region
[2023-10-18T23:04:39.731+0000][766.853s][info ][safepoint     ] Total time for which application threads were stopped: 0.0010192 seconds, Stopping threads took: 0.0003758 seconds
[2023-10-18T23:04:40.732+0000][767.854s][debug][safepoint     ] Safepoint synchronization initiated. (174 threads)
[2023-10-18T23:04:40.732+0000][767.855s][info ][safepoint     ] Application time: 1.0011162 seconds
[2023-10-18T23:04:40.733+0000][767.855s][info ][safepoint     ] Entering safepoint region: Cleanup
[2023-10-18T23:04:40.734+0000][767.856s][info ][safepoint     ] Leaving safepoint region
[2023-10-18T23:04:40.734+0000][767.857s][info ][safepoint     ] Total time for which application threads were stopped: 0.0015474 seconds, Stopping threads took: 0.0006343 seconds
[2023-10-18T23:04:41.735+0000][768.858s][debug][safepoint     ] Safepoint synchronization initiated. (174 threads)
[2023-10-18T23:04:41.736+0000][768.858s][info ][safepoint     ] Application time: 1.0009583 seconds
[2023-10-18T23:04:41.737+0000][768.859s][info ][safepoint     ] Entering safepoint region: Cleanup
[2023-10-18T23:04:41.737+0000][768.860s][info ][safepoint     ] Leaving safepoint region
[2023-10-18T23:04:41.738+0000][768.860s][info ][safepoint     ] Total time for which application threads were stopped: 0.0013747 seconds, Stopping threads took: 0.0006217 seconds
[2023-10-18T23:04:42.739+0000][769.861s][debug][safepoint     ] Safepoint synchronization initiated. (174 threads)
[2023-10-18T23:04:42.740+0000][769.862s][info ][safepoint     ] Application time: 1.0017264 seconds
[2023-10-18T23:04:42.741+0000][769.863s][info ][safepoint     ] Entering safepoint region: Cleanup
[2023-10-18T23:04:42.742+0000][769.864s][info ][safepoint     ] Leaving safepoint region
[2023-10-18T23:04:42.742+0000][769.865s][info ][safepoint     ] Total time for which application threads were stopped: 0.0014634 seconds, Stopping threads took: 0.0006556 seconds
[2023-10-18T23:04:43.743+0000][770.865s][debug][safepoint     ] Safepoint synchronization initiated. (174 threads)
[2023-10-18T23:04:43.744+0000][770.867s][info ][safepoint     ] Application time: 1.0015165 seconds
[2023-10-18T23:04:43.745+0000][770.867s][info ][safepoint     ] Entering safepoint region: Cleanup
[2023-10-18T23:04:43.746+0000][770.869s][info ][safepoint     ] Leaving safepoint region
[2023-10-18T23:04:43.747+0000][770.870s][info ][safepoint     ] Total time for which application threads were stopped: 0.0022945 seconds, Stopping threads took: 0.0008081 seconds
[2023-10-18T23:04:44.748+0000][771.871s][debug][safepoint     ] Safepoint synchronization initiated. (174 threads)
[2023-10-18T23:04:44.749+0000][771.872s][info ][safepoint     ] Application time: 1.0011282 seconds
[2023-10-18T23:04:44.750+0000][771.872s][info ][safepoint     ] Entering safepoint region: Cleanup
[2023-10-18T23:04:44.751+0000][771.873s][info ][safepoint     ] Leaving safepoint region
[2023-10-18T23:04:44.752+0000][771.874s][info ][safepoint     ] Total time for which application threads were stopped: 0.0016472 seconds, Stopping threads took: 0.0007617 seconds
[2023-10-18T23:04:45.752+0000][772.875s][debug][safepoint     ] Safepoint synchronization initiated. (174 threads)
[2023-10-18T23:04:45.753+0000][772.876s][info ][safepoint     ] Application time: 1.0011621 seconds
[2023-10-18T23:04:45.754+0000][772.876s][info ][safepoint     ] Entering safepoint region: Cleanup
[2023-10-18T23:04:45.755+0000][772.877s][info ][safepoint     ] Leaving safepoint region
[2023-10-18T23:04:45.755+0000][772.878s][info ][safepoint     ] Total time for which application threads were stopped: 0.0012785 seconds, Stopping threads took: 0.0005975 seconds
[2023-10-18T23:04:46.756+0000][773.878s][debug][safepoint     ] Safepoint synchronization initiated. (174 threads)
[2023-10-18T23:04:46.757+0000][773.879s][info ][safepoint     ] Application time: 1.0008472 seconds
[2023-10-18T23:04:46.757+0000][773.879s][info ][safepoint     ] Entering safepoint region: Cleanup
[2023-10-18T23:04:46.758+0000][773.880s][info ][safepoint     ] Leaving safepoint region
[2023-10-18T23:04:46.759+0000][773.881s][info ][safepoint     ] Total time for which application threads were stopped: 0.0016211 seconds, Stopping threads took: 0.0008035 seconds
[2023-10-18T23:04:47.760+0000][774.882s][debug][safepoint     ] Safepoint synchronization initiated. (174 threads)
[2023-10-18T23:04:47.761+0000][774.883s][info ][safepoint     ] Application time: 1.0011069 seconds
[2023-10-18T23:04:47.761+0000][774.884s][info ][safepoint     ] Entering safepoint region: Cleanup
[2023-10-18T23:04:47.763+0000][774.885s][info ][safepoint     ] Leaving safepoint region
[2023-10-18T23:04:47.763+0000][774.886s][info ][safepoint     ] Total time for which application threads were stopped: 0.0017799 seconds, Stopping threads took: 0.0008345 seconds
[2023-10-18T23:04:48.764+0000][775.886s][debug][safepoint     ] Safepoint synchronization initiated. (174 threads)
[2023-10-18T23:04:48.775+0000][775.897s][info ][safepoint     ] Application time: 1.0107162 seconds
[2023-10-18T23:04:48.776+0000][775.898s][info ][safepoint     ] Entering safepoint region: Cleanup
[2023-10-18T23:04:48.777+0000][775.899s][info ][safepoint     ] Leaving safepoint region
[2023-10-18T23:04:48.778+0000][775.900s][info ][safepoint     ] Total time for which application threads were stopped: 0.0020082 seconds, Stopping threads took: 0.0011645 seconds
[2023-10-18T23:04:49.778+0000][776.901s][debug][safepoint     ] Safepoint synchronization initiated. (174 threads)
[2023-10-18T23:04:49.780+0000][776.902s][info ][safepoint     ] Application time: 1.0014026 seconds
[2023-10-18T23:04:49.780+0000][776.902s][info ][safepoint     ] Entering safepoint region: Cleanup
[2023-10-18T23:04:49.782+0000][776.904s][info ][safepoint     ] Leaving safepoint region
[2023-10-18T23:04:49.782+0000][776.905s][info ][safepoint     ] Total time for which application threads were stopped: 0.0023315 seconds, Stopping threads took: 0.0008201 seconds
[2023-10-18T23:04:50.783+0000][777.906s][debug][safepoint     ] Safepoint synchronization initiated. (174 threads)
[2023-10-18T23:04:50.784+0000][777.906s][info ][safepoint     ] Application time: 1.0006538 seconds
[2023-10-18T23:04:50.784+0000][777.907s][info ][safepoint     ] Entering safepoint region: Cleanup
[2023-10-18T23:04:50.785+0000][777.907s][info ][safepoint     ] Leaving safepoint region
[2023-10-18T23:04:50.785+0000][777.908s][info ][safepoint     ] Total time for which application threads were stopped: 0.0010038 seconds, Stopping threads took: 0.0003638 seconds
[2023-10-18T23:04:51.786+0000][778.909s][debug][safepoint     ] Safepoint synchronization initiated. (174 threads)
[2023-10-18T23:04:51.787+0000][778.909s][info ][safepoint     ] Application time: 1.0011324 seconds
[2023-10-18T23:04:51.788+0000][778.910s][info ][safepoint     ] Entering safepoint region: Cleanup
[2023-10-18T23:04:51.789+0000][778.911s][info ][safepoint     ] Leaving safepoint region
[2023-10-18T23:04:51.790+0000][778.912s][info ][safepoint     ] Total time for which application threads were stopped: 0.0017709 seconds, Stopping threads took: 0.0008128 seconds
[2023-10-18T23:04:52.791+0000][779.913s][debug][safepoint     ] Safepoint synchronization initiated. (174 threads)
[2023-10-18T23:04:52.792+0000][779.914s][info ][safepoint     ] Application time: 1.0010977 seconds
[2023-10-18T23:04:52.792+0000][779.915s][info ][safepoint     ] Entering safepoint region: Cleanup
[2023-10-18T23:04:52.794+0000][779.916s][info ][safepoint     ] Leaving safepoint region
[2023-10-18T23:04:52.794+0000][779.917s][info ][safepoint     ] Total time for which application threads were stopped: 0.0020216 seconds, Stopping threads took: 0.0011150 seconds
[2023-10-18T23:04:53.795+0000][780.918s][debug][safepoint     ] Safepoint synchronization initiated. (174 threads)
[2023-10-18T23:04:53.796+0000][780.918s][info ][safepoint     ] Application time: 1.0007618 seconds
[2023-10-18T23:04:53.796+0000][780.919s][info ][safepoint     ] Entering safepoint region: Cleanup
[2023-10-18T23:04:53.797+0000][780.919s][info ][safepoint     ] Leaving safepoint region
[2023-10-18T23:04:53.798+0000][780.920s][info ][safepoint     ] Total time for which application threads were stopped: 0.0011743 seconds, Stopping threads took: 0.0005514 seconds
[2023-10-18T23:04:54.798+0000][781.921s][debug][safepoint     ] Safepoint synchronization initiated. (174 threads)
[2023-10-18T23:04:54.799+0000][781.921s][info ][safepoint     ] Application time: 1.0008566 seconds
[2023-10-18T23:04:54.799+0000][781.922s][info ][safepoint     ] Entering safepoint region: Cleanup
[2023-10-18T23:04:54.800+0000][781.923s][info ][safepoint     ] Leaving safepoint region
[2023-10-18T23:04:54.801+0000][781.923s][info ][safepoint     ] Total time for which application threads were stopped: 0.0013811 seconds, Stopping threads took: 0.0005941 seconds
[2023-10-18T23:04:55.802+0000][782.924s][debug][safepoint     ] Safepoint synchronization initiated. (174 threads)
[2023-10-18T23:04:55.803+0000][782.925s][info ][safepoint     ] Application time: 1.0012846 seconds
[2023-10-18T23:04:55.803+0000][782.926s][info ][safepoint     ] Entering safepoint region: Cleanup
[2023-10-18T23:04:55.804+0000][782.927s][info ][safepoint     ] Leaving safepoint region
[2023-10-18T23:04:55.805+0000][782.927s][info ][safepoint     ] Total time for which application threads were stopped: 0.0017236 seconds, Stopping threads took: 0.0007820 seconds
[2023-10-18T23:04:56.806+0000][783.928s][debug][safepoint     ] Safepoint synchronization initiated. (174 threads)
[2023-10-18T23:04:56.807+0000][783.929s][info ][safepoint     ] Application time: 1.0009614 seconds
[2023-10-18T23:04:56.807+0000][783.930s][info ][safepoint     ] Entering safepoint region: Cleanup
[2023-10-18T23:04:56.808+0000][783.930s][info ][safepoint     ] Leaving safepoint region
[2023-10-18T23:04:56.809+0000][783.931s][info ][safepoint     ] Total time for which application threads were stopped: 0.0012830 seconds, Stopping threads took: 0.0006368 seconds
[2023-10-18T23:04:57.809+0000][784.932s][debug][safepoint     ] Safepoint synchronization initiated. (174 threads)
[2023-10-18T23:04:57.810+0000][784.932s][info ][safepoint     ] Application time: 1.0009289 seconds
[2023-10-18T23:04:57.811+0000][784.933s][info ][safepoint     ] Entering safepoint region: Cleanup
[2023-10-18T23:04:57.812+0000][784.934s][info ][safepoint     ] Leaving safepoint region
[2023-10-18T23:04:57.812+0000][784.935s][info ][safepoint     ] Total time for which application threads were stopped: 0.0015738 seconds, Stopping threads took: 0.0005556 seconds
[2023-10-18T23:04:58.813+0000][785.935s][debug][safepoint     ] Safepoint synchronization initiated. (174 threads)
[2023-10-18T23:04:58.814+0000][785.936s][info ][safepoint     ] Application time: 1.0007529 seconds
[2023-10-18T23:04:58.814+0000][785.937s][info ][safepoint     ] Entering safepoint region: Cleanup
[2023-10-18T23:04:58.815+0000][785.937s][info ][safepoint     ] Leaving safepoint region
[2023-10-18T23:04:58.815+0000][785.938s][info ][safepoint     ] Total time for which application threads were stopped: 0.0011287 seconds, Stopping threads took: 0.0005158 seconds
[2023-10-18T23:04:59.816+0000][786.938s][debug][safepoint     ] Safepoint synchronization initiated. (174 threads)
[2023-10-18T23:04:59.817+0000][786.939s][info ][safepoint     ] Application time: 1.0009304 seconds
[2023-10-18T23:04:59.817+0000][786.939s][info ][safepoint     ] Entering safepoint region: Cleanup
[2023-10-18T23:04:59.818+0000][786.940s][info ][safepoint     ] Leaving safepoint region
[2023-10-18T23:04:59.818+0000][786.941s][info ][safepoint     ] Total time for which application threads were stopped: 0.0012961 seconds, Stopping threads took: 0.0005453 seconds
[2023-10-18T23:05:00.819+0000][787.941s][debug][safepoint     ] Safepoint synchronization initiated. (174 threads)
[2023-10-18T23:05:00.820+0000][787.942s][info ][safepoint     ] Application time: 1.0007547 seconds
[2023-10-18T23:05:00.820+0000][787.943s][info ][safepoint     ] Entering safepoint region: Cleanup
[2023-10-18T23:05:00.821+0000][787.943s][info ][safepoint     ] Leaving safepoint region
[2023-10-18T23:05:00.821+0000][787.943s][info ][safepoint     ] Total time for which application threads were stopped: 0.0010076 seconds, Stopping threads took: 0.0004254 seconds
[2023-10-18T23:05:01.822+0000][788.944s][debug][safepoint     ] Safepoint synchronization initiated. (174 threads)
[2023-10-18T23:05:01.822+0000][788.945s][info ][safepoint     ] Application time: 1.0009080 seconds
[2023-10-18T23:05:01.823+0000][788.945s][info ][safepoint     ] Entering safepoint region: Cleanup
[2023-10-18T23:05:01.824+0000][788.946s][info ][safepoint     ] Leaving safepoint region
[2023-10-18T23:05:01.824+0000][788.947s][info ][safepoint     ] Total time for which application threads were stopped: 0.0014138 seconds, Stopping threads took: 0.0006257 seconds
[2023-10-18T23:05:02.825+0000][789.947s][debug][safepoint     ] Safepoint synchronization initiated. (174 threads)
[2023-10-18T23:05:02.826+0000][789.948s][info ][safepoint     ] Application time: 1.0008121 seconds
[2023-10-18T23:05:02.826+0000][789.949s][info ][safepoint     ] Entering safepoint region: Cleanup
[2023-10-18T23:05:02.827+0000][789.949s][info ][safepoint     ] Leaving safepoint region
[2023-10-18T23:05:02.827+0000][789.950s][info ][safepoint     ] Total time for which application threads were stopped: 0.0012411 seconds, Stopping threads took: 0.0006026 seconds
[2023-10-18T23:05:03.828+0000][790.950s][debug][safepoint     ] Safepoint synchronization initiated. (174 threads)
[2023-10-18T23:05:03.829+0000][790.951s][info ][safepoint     ] Application time: 1.0011372 seconds
[2023-10-18T23:05:03.830+0000][790.952s][info ][safepoint     ] Entering safepoint region: Cleanup
[2023-10-18T23:05:03.831+0000][790.953s][info ][safepoint     ] Leaving safepoint region
[2023-10-18T23:05:03.832+0000][790.954s][info ][safepoint     ] Total time for which application threads were stopped: 0.0019409 seconds, Stopping threads took: 0.0008026 seconds
[2023-10-18T23:05:04.833+0000][791.955s][debug][safepoint     ] Safepoint synchronization initiated. (174 threads)
[2023-10-18T23:05:04.834+0000][791.956s][info ][safepoint     ] Application time: 1.0010707 seconds
[2023-10-18T23:05:04.834+0000][791.957s][info ][safepoint     ] Entering safepoint region: Cleanup
[2023-10-18T23:05:04.835+0000][791.957s][info ][safepoint     ] Leaving safepoint region
[2023-10-18T23:05:04.836+0000][791.958s][info ][safepoint     ] Total time for which application threads were stopped: 0.0012371 seconds, Stopping threads took: 0.0006138 seconds
[2023-10-18T23:05:05.836+0000][792.959s][debug][safepoint     ] Safepoint synchronization initiated. (174 threads)
[2023-10-18T23:05:05.837+0000][792.959s][info ][safepoint     ] Application time: 1.0009444 seconds
[2023-10-18T23:05:05.838+0000][792.960s][info ][safepoint     ] Entering safepoint region: Cleanup
[2023-10-18T23:05:05.839+0000][792.961s][info ][safepoint     ] Leaving safepoint region
[2023-10-18T23:05:05.839+0000][792.962s][info ][safepoint     ] Total time for which application threads were stopped: 0.0015276 seconds, Stopping threads took: 0.0007094 seconds
[2023-10-18T23:05:06.840+0000][793.963s][debug][safepoint     ] Safepoint synchronization initiated. (174 threads)
[2023-10-18T23:05:06.841+0000][793.964s][info ][safepoint     ] Application time: 1.0012700 seconds
[2023-10-18T23:05:06.842+0000][793.965s][info ][safepoint     ] Entering safepoint region: Cleanup
[2023-10-18T23:05:06.843+0000][793.966s][info ][safepoint     ] Leaving safepoint region
[2023-10-18T23:05:06.844+0000][793.967s][info ][safepoint     ] Total time for which application threads were stopped: 0.0021516 seconds, Stopping threads took: 0.0010348 seconds
[2023-10-18T23:05:07.845+0000][794.968s][debug][safepoint     ] Safepoint synchronization initiated. (174 threads)
[2023-10-18T23:05:07.846+0000][794.968s][info ][safepoint     ] Application time: 1.0005557 seconds
[2023-10-18T23:05:07.846+0000][794.968s][info ][safepoint     ] Entering safepoint region: Cleanup
[2023-10-18T23:05:07.847+0000][794.969s][info ][safepoint     ] Leaving safepoint region
[2023-10-18T23:05:07.847+0000][794.969s][info ][safepoint     ] Total time for which application threads were stopped: 0.0008160 seconds, Stopping threads took: 0.0003251 seconds
[2023-10-18T23:05:08.847+0000][795.970s][debug][safepoint     ] Safepoint synchronization initiated. (174 threads)
[2023-10-18T23:05:08.848+0000][795.970s][info ][safepoint     ] Application time: 1.0009293 seconds
[2023-10-18T23:05:08.849+0000][795.971s][info ][safepoint     ] Entering safepoint region: Cleanup
[2023-10-18T23:05:08.849+0000][795.972s][info ][safepoint     ] Leaving safepoint region
[2023-10-18T23:05:08.850+0000][795.972s][info ][safepoint     ] Total time for which application threads were stopped: 0.0012957 seconds, Stopping threads took: 0.0005396 seconds
[2023-10-18T23:05:09.851+0000][796.973s][debug][safepoint     ] Safepoint synchronization initiated. (174 threads)
[2023-10-18T23:05:09.852+0000][796.974s][info ][safepoint     ] Application time: 1.0012513 seconds
[2023-10-18T23:05:09.853+0000][796.975s][info ][safepoint     ] Entering safepoint region: Cleanup
[2023-10-18T23:05:09.854+0000][796.976s][info ][safepoint     ] Leaving safepoint region
[2023-10-18T23:05:09.854+0000][796.976s][info ][safepoint     ] Total time for which application threads were stopped: 0.0016583 seconds, Stopping threads took: 0.0007615 seconds
[2023-10-18T23:05:10.855+0000][797.977s][debug][safepoint     ] Safepoint synchronization initiated. (174 threads)
[2023-10-18T23:05:10.856+0000][797.978s][info ][safepoint     ] Application time: 1.0006601 seconds
[2023-10-18T23:05:10.856+0000][797.978s][info ][safepoint     ] Entering safepoint region: Cleanup
[2023-10-18T23:05:10.856+0000][797.979s][info ][safepoint     ] Leaving safepoint region
[2023-10-18T23:05:10.857+0000][797.979s][info ][safepoint     ] Total time for which application threads were stopped: 0.0008025 seconds, Stopping threads took: 0.0003754 seconds
[2023-10-18T23:05:11.857+0000][798.979s][debug][safepoint     ] Safepoint synchronization initiated. (174 threads)
[2023-10-18T23:05:11.858+0000][798.980s][info ][safepoint     ] Application time: 1.0011442 seconds
[2023-10-18T23:05:11.859+0000][798.981s][info ][safepoint     ] Entering safepoint region: Cleanup
[2023-10-18T23:05:11.860+0000][798.982s][info ][safepoint     ] Leaving safepoint region
[2023-10-18T23:05:11.860+0000][798.982s][info ][safepoint     ] Total time for which application threads were stopped: 0.0012409 seconds, Stopping threads took: 0.0005854 seconds
[2023-10-18T23:05:12.861+0000][799.983s][debug][safepoint     ] Safepoint synchronization initiated. (174 threads)
[2023-10-18T23:05:12.862+0000][799.984s][info ][safepoint     ] Application time: 1.0012342 seconds
[2023-10-18T23:05:12.863+0000][799.985s][info ][safepoint     ] Entering safepoint region: Cleanup
[2023-10-18T23:05:12.864+0000][799.986s][info ][safepoint     ] Leaving safepoint region
[2023-10-18T23:05:12.864+0000][799.987s][info ][safepoint     ] Total time for which application threads were stopped: 0.0018786 seconds, Stopping threads took: 0.0008723 seconds
[2023-10-18T23:05:13.865+0000][800.987s][debug][safepoint     ] Safepoint synchronization initiated. (174 threads)
[2023-10-18T23:05:13.867+0000][800.989s][info ][safepoint     ] Application time: 1.0017043 seconds
[2023-10-18T23:05:13.868+0000][800.990s][info ][safepoint     ] Entering safepoint region: Cleanup
[2023-10-18T23:05:13.869+0000][800.992s][info ][safepoint     ] Leaving safepoint region
[2023-10-18T23:05:13.870+0000][800.992s][info ][safepoint     ] Total time for which application threads were stopped: 0.0021534 seconds, Stopping threads took: 0.0014475 seconds
[2023-10-18T23:05:14.870+0000][801.992s][debug][safepoint     ] Safepoint synchronization initiated. (174 threads)
[2023-10-18T23:05:14.871+0000][801.993s][info ][safepoint     ] Application time: 1.0006032 seconds
[2023-10-18T23:05:14.871+0000][801.994s][info ][safepoint     ] Entering safepoint region: Cleanup
[2023-10-18T23:05:14.872+0000][801.994s][info ][safepoint     ] Leaving safepoint region
[2023-10-18T23:05:14.873+0000][801.995s][info ][safepoint     ] Total time for which application threads were stopped: 0.0011715 seconds, Stopping threads took: 0.0005706 seconds
[2023-10-18T23:05:15.873+0000][802.995s][debug][safepoint     ] Safepoint synchronization initiated. (174 threads)
[2023-10-18T23:05:15.874+0000][802.996s][info ][safepoint     ] Application time: 1.0008326 seconds
[2023-10-18T23:05:15.874+0000][802.996s][info ][safepoint     ] Entering safepoint region: Cleanup
[2023-10-18T23:05:15.875+0000][802.997s][info ][safepoint     ] Leaving safepoint region
[2023-10-18T23:05:15.875+0000][802.997s][info ][safepoint     ] Total time for which application threads were stopped: 0.0011474 seconds, Stopping threads took: 0.0005449 seconds
[2023-10-18T23:05:16.876+0000][803.998s][debug][safepoint     ] Safepoint synchronization initiated. (174 threads)
[2023-10-18T23:05:16.877+0000][803.999s][info ][safepoint     ] Application time: 1.0009901 seconds
[2023-10-18T23:05:16.877+0000][803.999s][info ][safepoint     ] Entering safepoint region: Cleanup
[2023-10-18T23:05:16.878+0000][804.000s][info ][safepoint     ] Leaving safepoint region
[2023-10-18T23:05:16.878+0000][804.000s][info ][safepoint     ] Total time for which application threads were stopped: 0.0012709 seconds, Stopping threads took: 0.0006600 seconds
[2023-10-18T23:05:17.879+0000][805.001s][debug][safepoint     ] Safepoint synchronization initiated. (174 threads)
[2023-10-18T23:05:17.879+0000][805.002s][info ][safepoint     ] Application time: 1.0006884 seconds
[2023-10-18T23:05:17.880+0000][805.002s][info ][safepoint     ] Entering safepoint region: Cleanup
[2023-10-18T23:05:17.880+0000][805.003s][info ][safepoint     ] Leaving safepoint region
[2023-10-18T23:05:17.881+0000][805.003s][info ][safepoint     ] Total time for which application threads were stopped: 0.0010407 seconds, Stopping threads took: 0.0003454 seconds
[2023-10-18T23:05:18.881+0000][806.004s][debug][safepoint     ] Safepoint synchronization initiated. (174 threads)
[2023-10-18T23:05:18.882+0000][806.004s][info ][safepoint     ] Application time: 1.0007970 seconds
[2023-10-18T23:05:18.883+0000][806.005s][info ][safepoint     ] Entering safepoint region: Cleanup
[2023-10-18T23:05:18.883+0000][806.005s][info ][safepoint     ] Leaving safepoint region
[2023-10-18T23:05:18.884+0000][806.006s][info ][safepoint     ] Total time for which application threads were stopped: 0.0012787 seconds, Stopping threads took: 0.0005303 seconds
[2023-10-18T23:05:19.885+0000][807.007s][debug][safepoint     ] Safepoint synchronization initiated. (174 threads)
[2023-10-18T23:05:19.885+0000][807.008s][info ][safepoint     ] Application time: 1.0008406 seconds
[2023-10-18T23:05:19.886+0000][807.008s][info ][safepoint     ] Entering safepoint region: Cleanup
[2023-10-18T23:05:19.887+0000][807.009s][info ][safepoint     ] Leaving safepoint region
[2023-10-18T23:05:19.887+0000][807.009s][info ][safepoint     ] Total time for which application threads were stopped: 0.0012241 seconds, Stopping threads took: 0.0005072 seconds
[2023-10-18T23:05:20.888+0000][808.010s][debug][safepoint     ] Safepoint synchronization initiated. (174 threads)
[2023-10-18T23:05:20.888+0000][808.010s][info ][safepoint     ] Application time: 1.0006400 seconds
[2023-10-18T23:05:20.889+0000][808.011s][info ][safepoint     ] Entering safepoint region: Cleanup
[2023-10-18T23:05:20.889+0000][808.011s][info ][safepoint     ] Leaving safepoint region
[2023-10-18T23:05:20.890+0000][808.012s][info ][safepoint     ] Total time for which application threads were stopped: 0.0009944 seconds, Stopping threads took: 0.0004287 seconds
[2023-10-18T23:05:21.890+0000][809.012s][debug][safepoint     ] Safepoint synchronization initiated. (174 threads)
[2023-10-18T23:05:21.891+0000][809.013s][info ][safepoint     ] Application time: 1.0007780 seconds
[2023-10-18T23:05:21.891+0000][809.013s][info ][safepoint     ] Entering safepoint region: Cleanup
[2023-10-18T23:05:21.892+0000][809.014s][info ][safepoint     ] Leaving safepoint region
[2023-10-18T23:05:21.892+0000][809.015s][info ][safepoint     ] Total time for which application threads were stopped: 0.0012826 seconds, Stopping threads took: 0.0005504 seconds
[2023-10-18T23:05:22.893+0000][810.015s][debug][safepoint     ] Safepoint synchronization initiated. (174 threads)
[2023-10-18T23:05:22.894+0000][810.016s][info ][safepoint     ] Application time: 1.0009913 seconds
[2023-10-18T23:05:22.895+0000][810.017s][info ][safepoint     ] Entering safepoint region: Cleanup
[2023-10-18T23:05:22.895+0000][810.017s][info ][safepoint     ] Leaving safepoint region
[2023-10-18T23:05:22.896+0000][810.018s][info ][safepoint     ] Total time for which application threads were stopped: 0.0012747 seconds, Stopping threads took: 0.0005573 seconds
[2023-10-18T23:05:23.896+0000][811.019s][debug][safepoint     ] Safepoint synchronization initiated. (174 threads)
[2023-10-18T23:05:23.897+0000][811.019s][info ][safepoint     ] Application time: 1.0007874 seconds
[2023-10-18T23:05:23.898+0000][811.020s][info ][safepoint     ] Entering safepoint region: Cleanup
[2023-10-18T23:05:23.898+0000][811.020s][info ][safepoint     ] Leaving safepoint region
[2023-10-18T23:05:23.899+0000][811.021s][info ][safepoint     ] Total time for which application threads were stopped: 0.0010892 seconds, Stopping threads took: 0.0004557 seconds
[2023-10-18T23:05:24.899+0000][812.022s][debug][safepoint     ] Safepoint synchronization initiated. (174 threads)
[2023-10-18T23:05:24.900+0000][812.022s][info ][safepoint     ] Application time: 1.0012964 seconds
[2023-10-18T23:05:24.901+0000][812.023s][info ][safepoint     ] Entering safepoint region: Cleanup
[2023-10-18T23:05:24.902+0000][812.024s][info ][safepoint     ] Leaving safepoint region
[2023-10-18T23:05:24.903+0000][812.025s][info ][safepoint     ] Total time for which application threads were stopped: 0.0016922 seconds, Stopping threads took: 0.0007873 seconds
[2023-10-18T23:05:25.904+0000][813.026s][debug][safepoint     ] Safepoint synchronization initiated. (174 threads)
[2023-10-18T23:05:25.905+0000][813.027s][info ][safepoint     ] Application time: 1.0016156 seconds
[2023-10-18T23:05:25.906+0000][813.028s][info ][safepoint     ] Entering safepoint region: Cleanup
[2023-10-18T23:05:25.907+0000][813.029s][info ][safepoint     ] Leaving safepoint region
[2023-10-18T23:05:25.908+0000][813.030s][info ][safepoint     ] Total time for which application threads were stopped: 0.0018685 seconds, Stopping threads took: 0.0007869 seconds
[2023-10-18T23:05:25.907+0000][813.030s][debug][safepoint     ] ... found polling page return exception at pc = 0x00007f38b0b84ca4, stub =0x00007f38a8840600
[2023-10-18T23:05:25.907+0000][813.030s][debug][safepoint     ] ... found polling page return exception at pc = 0x00007f38b0b84ca4, stub =0x00007f38a8840600
[2023-10-18T23:05:25.907+0000][813.030s][debug][safepoint     ] ... found polling page return exception at pc = 0x00007f38b0b84ca4, stub =0x00007f38a8840600
[2023-10-18T23:05:25.907+0000][813.030s][debug][safepoint     ] ... found polling page return exception at pc = 0x00007f38b0b84ca4, stub =0x00007f38a8840600
[2023-10-18T23:05:25.907+0000][813.030s][debug][safepoint     ] ... found polling page return exception at pc = 0x00007f38b0b84ca4, stub =0x00007f38a8840600
[2023-10-18T23:05:25.907+0000][813.030s][debug][safepoint     ] ... found polling page return exception at pc = 0x00007f38b0b84ca4, stub =0x00007f38a8840600
[2023-10-18T23:05:26.909+0000][814.031s][debug][safepoint     ] Safepoint synchronization initiated. (174 threads)
[2023-10-18T23:05:26.910+0000][814.032s][info ][safepoint     ] Application time: 1.0010607 seconds
[2023-10-18T23:05:26.911+0000][814.033s][info ][safepoint     ] Entering safepoint region: Cleanup
[2023-10-18T23:05:26.912+0000][814.034s][info ][safepoint     ] Leaving safepoint region
[2023-10-18T23:05:26.912+0000][814.034s][info ][safepoint     ] Total time for which application threads were stopped: 0.0015628 seconds, Stopping threads took: 0.0008045 seconds
[2023-10-18T23:05:27.913+0000][815.035s][debug][safepoint     ] Safepoint synchronization initiated. (174 threads)
[2023-10-18T23:05:27.914+0000][815.036s][info ][safepoint     ] Application time: 1.0011147 seconds
[2023-10-18T23:05:27.915+0000][815.037s][info ][safepoint     ] Entering safepoint region: Cleanup
[2023-10-18T23:05:27.916+0000][815.038s][info ][safepoint     ] Leaving safepoint region
[2023-10-18T23:05:27.916+0000][815.038s][info ][safepoint     ] Total time for which application threads were stopped: 0.0014584 seconds, Stopping threads took: 0.0006475 seconds
[2023-10-18T23:05:28.917+0000][816.039s][debug][safepoint     ] Safepoint synchronization initiated. (174 threads)
[2023-10-18T23:05:28.918+0000][816.040s][info ][safepoint     ] Application time: 1.0009393 seconds
[2023-10-18T23:05:28.918+0000][816.040s][info ][safepoint     ] Entering safepoint region: Cleanup
[2023-10-18T23:05:28.919+0000][816.041s][info ][safepoint     ] Leaving safepoint region
[2023-10-18T23:05:28.919+0000][816.041s][info ][safepoint     ] Total time for which application threads were stopped: 0.0009329 seconds, Stopping threads took: 0.0004282 seconds
[2023-10-18T23:05:29.919+0000][817.041s][debug][safepoint     ] Safepoint synchronization initiated. (174 threads)
[2023-10-18T23:05:29.920+0000][817.042s][info ][safepoint     ] Application time: 1.0008375 seconds
[2023-10-18T23:05:29.921+0000][817.043s][info ][safepoint     ] Entering safepoint region: Cleanup
[2023-10-18T23:05:29.921+0000][817.044s][info ][safepoint     ] Leaving safepoint region
[2023-10-18T23:05:29.922+0000][817.044s][info ][safepoint     ] Total time for which application threads were stopped: 0.0013339 seconds, Stopping threads took: 0.0005828 seconds
[2023-10-18T23:05:30.923+0000][818.045s][debug][safepoint     ] Safepoint synchronization initiated. (174 threads)
[2023-10-18T23:05:30.923+0000][818.045s][info ][safepoint     ] Application time: 1.0006887 seconds
[2023-10-18T23:05:30.923+0000][818.045s][info ][safepoint     ] Entering safepoint region: Cleanup
[2023-10-18T23:05:30.924+0000][818.046s][info ][safepoint     ] Leaving safepoint region
[2023-10-18T23:05:30.924+0000][818.046s][info ][safepoint     ] Total time for which application threads were stopped: 0.0009017 seconds, Stopping threads took: 0.0003086 seconds
[2023-10-18T23:05:31.925+0000][819.047s][debug][safepoint     ] Safepoint synchronization initiated. (174 threads)
[2023-10-18T23:05:31.926+0000][819.048s][info ][safepoint     ] Application time: 1.0010992 seconds
[2023-10-18T23:05:31.926+0000][819.049s][info ][safepoint     ] Entering safepoint region: Cleanup
[2023-10-18T23:05:31.927+0000][819.050s][info ][safepoint     ] Leaving safepoint region
[2023-10-18T23:05:31.928+0000][819.050s][info ][safepoint     ] Total time for which application threads were stopped: 0.0016139 seconds, Stopping threads took: 0.0008090 seconds
[2023-10-18T23:05:32.929+0000][820.051s][debug][safepoint     ] Safepoint synchronization initiated. (174 threads)
[2023-10-18T23:05:32.929+0000][820.052s][info ][safepoint     ] Application time: 1.0007399 seconds
[2023-10-18T23:05:32.930+0000][820.052s][info ][safepoint     ] Entering safepoint region: Cleanup
[2023-10-18T23:05:32.930+0000][820.052s][info ][safepoint     ] Leaving safepoint region
[2023-10-18T23:05:32.931+0000][820.053s][info ][safepoint     ] Total time for which application threads were stopped: 0.0008456 seconds, Stopping threads took: 0.0003320 seconds
[2023-10-18T23:05:33.931+0000][821.053s][debug][safepoint     ] Safepoint synchronization initiated. (174 threads)
[2023-10-18T23:05:33.932+0000][821.054s][info ][safepoint     ] Application time: 1.0010783 seconds
[2023-10-18T23:05:33.933+0000][821.055s][info ][safepoint     ] Entering safepoint region: Cleanup
[2023-10-18T23:05:33.933+0000][821.055s][info ][safepoint     ] Leaving safepoint region
[2023-10-18T23:05:33.934+0000][821.056s][info ][safepoint     ] Total time for which application threads were stopped: 0.0012410 seconds, Stopping threads took: 0.0005247 seconds
[2023-10-18T23:05:34.935+0000][822.057s][debug][safepoint     ] Safepoint synchronization initiated. (174 threads)
[2023-10-18T23:05:34.936+0000][822.058s][info ][safepoint     ] Application time: 1.0012984 seconds
[2023-10-18T23:05:34.937+0000][822.059s][info ][safepoint     ] Entering safepoint region: Cleanup
[2023-10-18T23:05:34.938+0000][822.060s][info ][safepoint     ] Leaving safepoint region
[2023-10-18T23:05:34.938+0000][822.061s][info ][safepoint     ] Total time for which application threads were stopped: 0.0019847 seconds, Stopping threads took: 0.0008632 seconds
[2023-10-18T23:05:35.939+0000][823.062s][debug][safepoint     ] Safepoint synchronization initiated. (174 threads)
[2023-10-18T23:05:35.940+0000][823.062s][info ][safepoint     ] Application time: 1.0011169 seconds
[2023-10-18T23:05:35.941+0000][823.063s][info ][safepoint     ] Entering safepoint region: Cleanup
[2023-10-18T23:05:35.942+0000][823.064s][info ][safepoint     ] Leaving safepoint region
[2023-10-18T23:05:35.942+0000][823.065s][info ][safepoint     ] Total time for which application threads were stopped: 0.0013986 seconds, Stopping threads took: 0.0006361 seconds
[2023-10-18T23:05:35.951+0000][823.073s][debug][safepoint     ] Safepoint synchronization initiated. (174 threads)
[2023-10-18T23:05:35.952+0000][823.074s][info ][safepoint     ] Application time: 0.0085410 seconds
[2023-10-18T23:05:35.952+0000][823.074s][info ][safepoint     ] Entering safepoint region: G1CollectForAllocation
[2023-10-18T23:05:35.953+0000][823.075s][info ][gc,start      ] GC(68) Pause Young (Normal) (G1 Evacuation Pause)
[2023-10-18T23:05:35.953+0000][823.075s][info ][gc,task       ] GC(68) Using 8 workers of 8 for evacuation
[2023-10-18T23:05:35.963+0000][823.085s][info ][gc,phases     ] GC(68)   Pre Evacuate Collection Set: 0.0ms
[2023-10-18T23:05:35.963+0000][823.085s][info ][gc,phases     ] GC(68)   Evacuate Collection Set: 6.1ms
[2023-10-18T23:05:35.964+0000][823.086s][info ][gc,phases     ] GC(68)   Post Evacuate Collection Set: 2.9ms
[2023-10-18T23:05:35.964+0000][823.086s][info ][gc,phases     ] GC(68)   Other: 1.0ms
[2023-10-18T23:05:35.965+0000][823.087s][info ][gc,heap       ] GC(68) Eden regions: 181->0(181)
[2023-10-18T23:05:35.965+0000][823.087s][info ][gc,heap       ] GC(68) Survivor regions: 12->12(25)
[2023-10-18T23:05:35.966+0000][823.088s][info ][gc,heap       ] GC(68) Old regions: 144->144
[2023-10-18T23:05:35.966+0000][823.088s][info ][gc,heap       ] GC(68) Humongous regions: 5->5
[2023-10-18T23:05:35.966+0000][823.088s][info ][gc,metaspace  ] GC(68) Metaspace: 164793K(170064K)->164793K(170064K) NonClass: 145501K(148688K)->145501K(148688K) Class: 19292K(21376K)->19292K(21376K)
[2023-10-18T23:05:35.967+0000][823.089s][info ][gc            ] GC(68) Pause Young (Normal) (G1 Evacuation Pause) 339M->158M(394M) 14.218ms
[2023-10-18T23:05:35.967+0000][823.089s][info ][gc,cpu        ] GC(68) User=0.05s Sys=0.00s Real=0.02s
[2023-10-18T23:05:35.968+0000][823.090s][info ][safepoint     ] Leaving safepoint region
[2023-10-18T23:05:35.968+0000][823.090s][info ][safepoint     ] Total time for which application threads were stopped: 0.0161689 seconds, Stopping threads took: 0.0004176 seconds
[2023-10-18T23:05:35.969+0000][823.091s][info ][gc,stringdedup] Concurrent String Deduplication (823.091s)
[2023-10-18T23:05:35.969+0000][823.091s][info ][gc,stringdedup] Concurrent String Deduplication 104.0B->72.0B(32.0B) avg 54.4% (823.091s, 823.091s) 0.433ms
[2023-10-18T23:05:36.969+0000][824.091s][debug][safepoint     ] Safepoint synchronization initiated. (174 threads)
[2023-10-18T23:05:36.970+0000][824.092s][info ][safepoint     ] Application time: 1.0012993 seconds
[2023-10-18T23:05:36.971+0000][824.093s][info ][safepoint     ] Entering safepoint region: Cleanup
[2023-10-18T23:05:36.972+0000][824.094s][info ][safepoint     ] Leaving safepoint region
[2023-10-18T23:05:36.972+0000][824.095s][info ][safepoint     ] Total time for which application threads were stopped: 0.0018037 seconds, Stopping threads took: 0.0007849 seconds
[2023-10-18T23:05:37.974+0000][825.096s][debug][safepoint     ] Safepoint synchronization initiated. (174 threads)
[2023-10-18T23:05:37.975+0000][825.097s][info ][safepoint     ] Application time: 1.0015692 seconds
[2023-10-18T23:05:37.976+0000][825.098s][info ][safepoint     ] Entering safepoint region: Cleanup
[2023-10-18T23:05:37.977+0000][825.099s][info ][safepoint     ] Leaving safepoint region
[2023-10-18T23:05:37.978+0000][825.100s][info ][safepoint     ] Total time for which application threads were stopped: 0.0019089 seconds, Stopping threads took: 0.0008537 seconds
[2023-10-18T23:05:38.971+0000][826.101s][debug][safepoint     ] Safepoint synchronization initiated. (174 threads)
[2023-10-18T23:05:38.972+0000][826.102s][info ][safepoint     ] Application time: 1.0013676 seconds
[2023-10-18T23:05:38.973+0000][826.103s][info ][safepoint     ] Entering safepoint region: Cleanup
[2023-10-18T23:05:38.974+0000][826.104s][info ][safepoint     ] Leaving safepoint region
[2023-10-18T23:05:38.975+0000][826.105s][info ][safepoint     ] Total time for which application threads were stopped: 0.0019448 seconds, Stopping threads took: 0.0010133 seconds
[2023-10-18T23:05:39.976+0000][827.106s][debug][safepoint     ] Safepoint synchronization initiated. (174 threads)
[2023-10-18T23:05:39.977+0000][827.107s][info ][safepoint     ] Application time: 1.0012776 seconds
[2023-10-18T23:05:39.978+0000][827.108s][info ][safepoint     ] Entering safepoint region: Cleanup
[2023-10-18T23:05:39.979+0000][827.109s][info ][safepoint     ] Leaving safepoint region
[2023-10-18T23:05:39.980+0000][827.109s][info ][safepoint     ] Total time for which application threads were stopped: 0.0018251 seconds, Stopping threads took: 0.0007962 seconds
[2023-10-18T23:05:40.981+0000][828.111s][debug][safepoint     ] Safepoint synchronization initiated. (174 threads)
[2023-10-18T23:05:40.982+0000][828.112s][info ][safepoint     ] Application time: 1.0012235 seconds
[2023-10-18T23:05:40.982+0000][828.112s][info ][safepoint     ] Entering safepoint region: Cleanup
[2023-10-18T23:05:40.983+0000][828.113s][info ][safepoint     ] Leaving safepoint region
[2023-10-18T23:05:40.984+0000][828.114s][info ][safepoint     ] Total time for which application threads were stopped: 0.0017000 seconds, Stopping threads took: 0.0007880 seconds
[2023-10-18T23:05:41.985+0000][829.115s][debug][safepoint     ] Safepoint synchronization initiated. (174 threads)
[2023-10-18T23:05:41.986+0000][829.115s][info ][safepoint     ] Application time: 1.0008682 seconds
[2023-10-18T23:05:41.986+0000][829.116s][info ][safepoint     ] Entering safepoint region: Cleanup
[2023-10-18T23:05:41.987+0000][829.117s][info ][safepoint     ] Leaving safepoint region
[2023-10-18T23:05:41.987+0000][829.117s][info ][safepoint     ] Total time for which application threads were stopped: 0.0013149 seconds, Stopping threads took: 0.0005917 seconds
[2023-10-18T23:05:42.988+0000][830.118s][debug][safepoint     ] Safepoint synchronization initiated. (174 threads)
[2023-10-18T23:05:42.989+0000][830.119s][info ][safepoint     ] Application time: 1.0014351 seconds
[2023-10-18T23:05:42.990+0000][830.120s][info ][safepoint     ] Entering safepoint region: Cleanup
[2023-10-18T23:05:42.991+0000][830.121s][info ][safepoint     ] Leaving safepoint region
[2023-10-18T23:05:42.992+0000][830.122s][info ][safepoint     ] Total time for which application threads were stopped: 0.0019006 seconds, Stopping threads took: 0.0008557 seconds
[2023-10-18T23:05:43.993+0000][831.123s][debug][safepoint     ] Safepoint synchronization initiated. (174 threads)
[2023-10-18T23:05:43.994+0000][831.124s][info ][safepoint     ] Application time: 1.0010337 seconds
[2023-10-18T23:05:43.994+0000][831.124s][info ][safepoint     ] Entering safepoint region: Cleanup
[2023-10-18T23:05:43.995+0000][831.125s][info ][safepoint     ] Leaving safepoint region
[2023-10-18T23:05:43.996+0000][831.126s][info ][safepoint     ] Total time for which application threads were stopped: 0.0017254 seconds, Stopping threads took: 0.0007725 seconds
[2023-10-18T23:05:44.997+0000][832.127s][debug][safepoint     ] Safepoint synchronization initiated. (174 threads)
[2023-10-18T23:05:44.998+0000][832.128s][info ][safepoint     ] Application time: 1.0011123 seconds
[2023-10-18T23:05:44.999+0000][832.129s][info ][safepoint     ] Entering safepoint region: Cleanup
[2023-10-18T23:05:45.000+0000][832.130s][info ][safepoint     ] Leaving safepoint region
[2023-10-18T23:05:45.001+0000][832.131s][info ][safepoint     ] Total time for which application threads were stopped: 0.0021899 seconds, Stopping threads took: 0.0010009 seconds
[2023-10-18T23:05:46.002+0000][833.132s][debug][safepoint     ] Safepoint synchronization initiated. (174 threads)
[2023-10-18T23:05:46.003+0000][833.133s][info ][safepoint     ] Application time: 1.0012471 seconds
[2023-10-18T23:05:46.004+0000][833.134s][info ][safepoint     ] Entering safepoint region: Cleanup
[2023-10-18T23:05:46.005+0000][833.135s][info ][safepoint     ] Leaving safepoint region
[2023-10-18T23:05:46.006+0000][833.135s][info ][safepoint     ] Total time for which application threads were stopped: 0.0017381 seconds, Stopping threads took: 0.0008555 seconds
[2023-10-18T23:05:47.006+0000][834.136s][debug][safepoint     ] Safepoint synchronization initiated. (174 threads)
[2023-10-18T23:05:47.007+0000][834.137s][info ][safepoint     ] Application time: 1.0008021 seconds
[2023-10-18T23:05:47.007+0000][834.137s][info ][safepoint     ] Entering safepoint region: Cleanup
[2023-10-18T23:05:47.008+0000][834.138s][info ][safepoint     ] Leaving safepoint region
[2023-10-18T23:05:47.009+0000][834.139s][info ][safepoint     ] Total time for which application threads were stopped: 0.0015371 seconds, Stopping threads took: 0.0005832 seconds
[2023-10-18T23:05:48.010+0000][835.140s][debug][safepoint     ] Safepoint synchronization initiated. (174 threads)
[2023-10-18T23:05:48.010+0000][835.140s][info ][safepoint     ] Application time: 1.0010593 seconds
[2023-10-18T23:05:48.011+0000][835.141s][info ][safepoint     ] Entering safepoint region: Cleanup
[2023-10-18T23:05:48.012+0000][835.142s][info ][safepoint     ] Leaving safepoint region
[2023-10-18T23:05:48.013+0000][835.143s][info ][safepoint     ] Total time for which application threads were stopped: 0.0016446 seconds, Stopping threads took: 0.0007043 seconds
[2023-10-18T23:05:49.014+0000][836.144s][debug][safepoint     ] Safepoint synchronization initiated. (174 threads)
[2023-10-18T23:05:49.015+0000][836.145s][info ][safepoint     ] Application time: 1.0014384 seconds
[2023-10-18T23:05:49.016+0000][836.146s][info ][safepoint     ] Entering safepoint region: Cleanup
[2023-10-18T23:05:49.017+0000][836.147s][info ][safepoint     ] Leaving safepoint region
[2023-10-18T23:05:49.018+0000][836.148s][info ][safepoint     ] Total time for which application threads were stopped: 0.0018771 seconds, Stopping threads took: 0.0008286 seconds
[2023-10-18T23:05:50.018+0000][837.148s][debug][safepoint     ] Safepoint synchronization initiated. (174 threads)
[2023-10-18T23:05:50.020+0000][837.149s][info ][safepoint     ] Application time: 1.0013804 seconds
[2023-10-18T23:05:50.020+0000][837.150s][info ][safepoint     ] Entering safepoint region: Cleanup
[2023-10-18T23:05:50.022+0000][837.152s][info ][safepoint     ] Leaving safepoint region
[2023-10-18T23:05:50.022+0000][837.152s][info ][safepoint     ] Total time for which application threads were stopped: 0.0020498 seconds, Stopping threads took: 0.0011406 seconds
[2023-10-18T23:05:51.023+0000][838.153s][debug][safepoint     ] Safepoint synchronization initiated. (174 threads)
[2023-10-18T23:05:51.024+0000][838.154s][info ][safepoint     ] Application time: 1.0011147 seconds
[2023-10-18T23:05:51.025+0000][838.155s][info ][safepoint     ] Entering safepoint region: Cleanup
[2023-10-18T23:05:51.026+0000][838.156s][info ][safepoint     ] Leaving safepoint region
[2023-10-18T23:05:51.027+0000][838.157s][info ][safepoint     ] Total time for which application threads were stopped: 0.0017512 seconds, Stopping threads took: 0.0007697 seconds
[2023-10-18T23:05:52.028+0000][839.157s][debug][safepoint     ] Safepoint synchronization initiated. (174 threads)
[2023-10-18T23:05:52.028+0000][839.158s][info ][safepoint     ] Application time: 1.0007605 seconds
[2023-10-18T23:05:52.029+0000][839.159s][info ][safepoint     ] Entering safepoint region: Cleanup
[2023-10-18T23:05:52.029+0000][839.159s][info ][safepoint     ] Leaving safepoint region
[2023-10-18T23:05:52.030+0000][839.160s][info ][safepoint     ] Total time for which application threads were stopped: 0.0010720 seconds, Stopping threads took: 0.0004434 seconds
[2023-10-18T23:05:53.030+0000][840.160s][debug][safepoint     ] Safepoint synchronization initiated. (174 threads)
[2023-10-18T23:05:53.031+0000][840.161s][info ][safepoint     ] Application time: 1.0011497 seconds
[2023-10-18T23:05:53.032+0000][840.162s][info ][safepoint     ] Entering safepoint region: Cleanup
[2023-10-18T23:05:53.033+0000][840.162s][info ][safepoint     ] Leaving safepoint region
[2023-10-18T23:05:53.033+0000][840.163s][info ][safepoint     ] Total time for which application threads were stopped: 0.0014067 seconds, Stopping threads took: 0.0005879 seconds
[2023-10-18T23:05:54.034+0000][841.164s][debug][safepoint     ] Safepoint synchronization initiated. (174 threads)
[2023-10-18T23:05:54.035+0000][841.165s][info ][safepoint     ] Application time: 1.0012258 seconds
[2023-10-18T23:05:54.036+0000][841.166s][info ][safepoint     ] Entering safepoint region: Cleanup
[2023-10-18T23:05:54.037+0000][841.167s][info ][safepoint     ] Leaving safepoint region
[2023-10-18T23:05:54.037+0000][841.167s][info ][safepoint     ] Total time for which application threads were stopped: 0.0016834 seconds, Stopping threads took: 0.0009427 seconds
[2023-10-18T23:05:55.038+0000][842.168s][debug][safepoint     ] Safepoint synchronization initiated. (174 threads)
[2023-10-18T23:05:55.039+0000][842.169s][info ][safepoint     ] Application time: 1.0013699 seconds
[2023-10-18T23:05:55.040+0000][842.170s][info ][safepoint     ] Entering safepoint region: Cleanup
[2023-10-18T23:05:55.041+0000][842.171s][info ][safepoint     ] Leaving safepoint region
[2023-10-18T23:05:55.042+0000][842.172s][info ][safepoint     ] Total time for which application threads were stopped: 0.0020290 seconds, Stopping threads took: 0.0007849 seconds
[2023-10-18T23:05:56.043+0000][843.173s][debug][safepoint     ] Safepoint synchronization initiated. (174 threads)
[2023-10-18T23:05:56.044+0000][843.174s][info ][safepoint     ] Application time: 1.0011229 seconds
[2023-10-18T23:05:56.045+0000][843.175s][info ][safepoint     ] Entering safepoint region: Cleanup
[2023-10-18T23:05:56.046+0000][843.176s][info ][safepoint     ] Leaving safepoint region
[2023-10-18T23:05:56.046+0000][843.176s][info ][safepoint     ] Total time for which application threads were stopped: 0.0017132 seconds, Stopping threads took: 0.0007470 seconds
[2023-10-18T23:05:57.047+0000][844.177s][debug][safepoint     ] Safepoint synchronization initiated. (174 threads)
[2023-10-18T23:05:57.048+0000][844.178s][info ][safepoint     ] Application time: 1.0012569 seconds
[2023-10-18T23:05:57.049+0000][844.179s][info ][safepoint     ] Entering safepoint region: Cleanup
[2023-10-18T23:05:57.050+0000][844.180s][info ][safepoint     ] Leaving safepoint region
[2023-10-18T23:05:57.050+0000][844.180s][info ][safepoint     ] Total time for which application threads were stopped: 0.0011132 seconds, Stopping threads took: 0.0005068 seconds
[2023-10-18T23:05:58.051+0000][845.180s][debug][safepoint     ] Safepoint synchronization initiated. (174 threads)
[2023-10-18T23:05:58.051+0000][845.181s][info ][safepoint     ] Application time: 1.0009355 seconds
[2023-10-18T23:05:58.052+0000][845.182s][info ][safepoint     ] Entering safepoint region: Cleanup
[2023-10-18T23:05:58.053+0000][845.183s][info ][safepoint     ] Leaving safepoint region
[2023-10-18T23:05:58.053+0000][845.183s][info ][safepoint     ] Total time for which application threads were stopped: 0.0012575 seconds, Stopping threads took: 0.0005600 seconds
[2023-10-18T23:05:59.054+0000][846.184s][debug][safepoint     ] Safepoint synchronization initiated. (174 threads)
[2023-10-18T23:05:59.054+0000][846.184s][info ][safepoint     ] Application time: 1.0007556 seconds
[2023-10-18T23:05:59.055+0000][846.185s][info ][safepoint     ] Entering safepoint region: Cleanup
[2023-10-18T23:05:59.055+0000][846.185s][info ][safepoint     ] Leaving safepoint region
[2023-10-18T23:05:59.056+0000][846.186s][info ][safepoint     ] Total time for which application threads were stopped: 0.0009320 seconds, Stopping threads took: 0.0004060 seconds
[2023-10-18T23:06:00.056+0000][847.186s][debug][safepoint     ] Safepoint synchronization initiated. (174 threads)
[2023-10-18T23:06:00.057+0000][847.187s][info ][safepoint     ] Application time: 1.0009243 seconds
[2023-10-18T23:06:00.057+0000][847.187s][info ][safepoint     ] Entering safepoint region: Cleanup
[2023-10-18T23:06:00.058+0000][847.188s][info ][safepoint     ] Leaving safepoint region
[2023-10-18T23:06:00.059+0000][847.189s][info ][safepoint     ] Total time for which application threads were stopped: 0.0013653 seconds, Stopping threads took: 0.0005935 seconds
[2023-10-18T23:06:01.059+0000][848.189s][debug][safepoint     ] Safepoint synchronization initiated. (174 threads)
[2023-10-18T23:06:01.060+0000][848.190s][info ][safepoint     ] Application time: 1.0006818 seconds
[2023-10-18T23:06:01.060+0000][848.190s][info ][safepoint     ] Entering safepoint region: Cleanup
[2023-10-18T23:06:01.061+0000][848.191s][info ][safepoint     ] Leaving safepoint region
[2023-10-18T23:06:01.061+0000][848.191s][info ][safepoint     ] Total time for which application threads were stopped: 0.0009988 seconds, Stopping threads took: 0.0004026 seconds
[2023-10-18T23:06:02.062+0000][849.192s][debug][safepoint     ] Safepoint synchronization initiated. (174 threads)
[2023-10-18T23:06:02.062+0000][849.192s][info ][safepoint     ] Application time: 1.0005955 seconds
[2023-10-18T23:06:02.063+0000][849.193s][info ][safepoint     ] Entering safepoint region: Cleanup
[2023-10-18T23:06:02.063+0000][849.193s][info ][safepoint     ] Leaving safepoint region
[2023-10-18T23:06:02.064+0000][849.193s][info ][safepoint     ] Total time for which application threads were stopped: 0.0009175 seconds, Stopping threads took: 0.0003484 seconds
[2023-10-18T23:06:03.064+0000][850.194s][debug][safepoint     ] Safepoint synchronization initiated. (174 threads)
[2023-10-18T23:06:03.065+0000][850.195s][info ][safepoint     ] Application time: 1.0007924 seconds
[2023-10-18T23:06:03.065+0000][850.195s][info ][safepoint     ] Entering safepoint region: Cleanup
[2023-10-18T23:06:03.066+0000][850.196s][info ][safepoint     ] Leaving safepoint region
[2023-10-18T23:06:03.066+0000][850.196s][info ][safepoint     ] Total time for which application threads were stopped: 0.0011253 seconds, Stopping threads took: 0.0004978 seconds
[2023-10-18T23:06:04.067+0000][851.197s][debug][safepoint     ] Safepoint synchronization initiated. (174 threads)
[2023-10-18T23:06:04.068+0000][851.197s][info ][safepoint     ] Application time: 1.0008927 seconds
[2023-10-18T23:06:04.068+0000][851.198s][info ][safepoint     ] Entering safepoint region: Cleanup
[2023-10-18T23:06:04.069+0000][851.199s][info ][safepoint     ] Leaving safepoint region
[2023-10-18T23:06:04.070+0000][851.200s][info ][safepoint     ] Total time for which application threads were stopped: 0.0014999 seconds, Stopping threads took: 0.0007464 seconds
[2023-10-18T23:06:05.071+0000][852.200s][debug][safepoint     ] Safepoint synchronization initiated. (174 threads)
[2023-10-18T23:06:05.071+0000][852.201s][info ][safepoint     ] Application time: 1.0010996 seconds
[2023-10-18T23:06:05.072+0000][852.202s][info ][safepoint     ] Entering safepoint region: Cleanup
[2023-10-18T23:06:05.072+0000][852.202s][info ][safepoint     ] Leaving safepoint region
[2023-10-18T23:06:05.073+0000][852.203s][info ][safepoint     ] Total time for which application threads were stopped: 0.0011666 seconds, Stopping threads took: 0.0004640 seconds
[2023-10-18T23:06:06.074+0000][853.203s][debug][safepoint     ] Safepoint synchronization initiated. (174 threads)
[2023-10-18T23:06:06.074+0000][853.204s][info ][safepoint     ] Application time: 1.0008407 seconds
[2023-10-18T23:06:06.075+0000][853.205s][info ][safepoint     ] Entering safepoint region: Cleanup
[2023-10-18T23:06:06.075+0000][853.205s][info ][safepoint     ] Leaving safepoint region
[2023-10-18T23:06:06.076+0000][853.206s][info ][safepoint     ] Total time for which application threads were stopped: 0.0010685 seconds, Stopping threads took: 0.0004905 seconds
[2023-10-18T23:06:06.075+0000][853.205s][debug][safepoint     ] ... found polling page return exception at pc = 0x00007f38b0b84ca4, stub =0x00007f38a8840600
[2023-10-18T23:06:06.075+0000][853.205s][debug][safepoint     ] ... found polling page loop exception at pc = 0x00007f38b046b4a2, stub =0x00007f38a8843680
[2023-10-18T23:06:06.075+0000][853.205s][debug][safepoint     ] ... found polling page return exception at pc = 0x00007f38b0b84ca4, stub =0x00007f38a8840600
[2023-10-18T23:06:06.075+0000][853.205s][debug][safepoint     ] ... found polling page return exception at pc = 0x00007f38b0b84ca4, stub =0x00007f38a8840600
[2023-10-18T23:06:06.075+0000][853.205s][debug][safepoint     ] ... found polling page return exception at pc = 0x00007f38b0b84ca4, stub =0x00007f38a8840600
[2023-10-18T23:06:06.075+0000][853.205s][debug][safepoint     ] ... found polling page return exception at pc = 0x00007f38b0b84ca4, stub =0x00007f38a8840600
[2023-10-18T23:06:07.076+0000][854.206s][debug][safepoint     ] Safepoint synchronization initiated. (174 threads)
[2023-10-18T23:06:07.077+0000][854.207s][info ][safepoint     ] Application time: 1.0007988 seconds
[2023-10-18T23:06:07.078+0000][854.207s][info ][safepoint     ] Entering safepoint region: Cleanup
[2023-10-18T23:06:07.078+0000][854.208s][info ][safepoint     ] Leaving safepoint region
[2023-10-18T23:06:07.079+0000][854.208s][info ][safepoint     ] Total time for which application threads were stopped: 0.0011261 seconds, Stopping threads took: 0.0005004 seconds
[2023-10-18T23:06:08.079+0000][855.209s][debug][safepoint     ] Safepoint synchronization initiated. (174 threads)
[2023-10-18T23:06:08.080+0000][855.210s][info ][safepoint     ] Application time: 1.0006644 seconds
[2023-10-18T23:06:08.080+0000][855.210s][info ][safepoint     ] Entering safepoint region: Cleanup
[2023-10-18T23:06:08.081+0000][855.211s][info ][safepoint     ] Leaving safepoint region
[2023-10-18T23:06:08.081+0000][855.211s][info ][safepoint     ] Total time for which application threads were stopped: 0.0013727 seconds, Stopping threads took: 0.0004466 seconds
[2023-10-18T23:06:09.090+0000][856.212s][debug][safepoint     ] Safepoint synchronization initiated. (174 threads)
[2023-10-18T23:06:09.091+0000][856.213s][info ][safepoint     ] Application time: 1.0012490 seconds
[2023-10-18T23:06:09.092+0000][856.214s][info ][safepoint     ] Entering safepoint region: Cleanup
[2023-10-18T23:06:09.093+0000][856.215s][info ][safepoint     ] Leaving safepoint region
[2023-10-18T23:06:09.094+0000][856.216s][info ][safepoint     ] Total time for which application threads were stopped: 0.0015308 seconds, Stopping threads took: 0.0007200 seconds
[2023-10-18T23:06:10.094+0000][857.216s][debug][safepoint     ] Safepoint synchronization initiated. (174 threads)
[2023-10-18T23:06:10.095+0000][857.217s][info ][safepoint     ] Application time: 1.0006698 seconds
[2023-10-18T23:06:10.095+0000][857.217s][info ][safepoint     ] Entering safepoint region: Cleanup
[2023-10-18T23:06:10.096+0000][857.218s][info ][safepoint     ] Leaving safepoint region
[2023-10-18T23:06:10.096+0000][857.219s][info ][safepoint     ] Total time for which application threads were stopped: 0.0012381 seconds, Stopping threads took: 0.0005128 seconds
[2023-10-18T23:06:10.096+0000][857.218s][debug][safepoint     ] ... found polling page return exception at pc = 0x00007f38b0b84ca4, stub =0x00007f38a8840600
[2023-10-18T23:06:10.096+0000][857.218s][debug][safepoint     ] ... found polling page return exception at pc = 0x00007f38b0b84ca4, stub =0x00007f38a8840600
[2023-10-18T23:06:10.096+0000][857.218s][debug][safepoint     ] ... found polling page return exception at pc = 0x00007f38b0b84ca4, stub =0x00007f38a8840600
[2023-10-18T23:06:10.096+0000][857.218s][debug][safepoint     ] ... found polling page return exception at pc = 0x00007f38b0b84ca4, stub =0x00007f38a8840600
[2023-10-18T23:06:10.096+0000][857.218s][debug][safepoint     ] ... found polling page return exception at pc = 0x00007f38b0b84ca4, stub =0x00007f38a8840600
[2023-10-18T23:06:10.096+0000][857.218s][debug][safepoint     ] ... found polling page return exception at pc = 0x00007f38b0b84ca4, stub =0x00007f38a8840600
[2023-10-18T23:06:10.096+0000][857.218s][debug][safepoint     ] ... found polling page return exception at pc = 0x00007f38b0b84ca4, stub =0x00007f38a8840600
[2023-10-18T23:06:11.097+0000][858.219s][debug][safepoint     ] Safepoint synchronization initiated. (174 threads)
[2023-10-18T23:06:11.097+0000][858.220s][info ][safepoint     ] Application time: 1.0006307 seconds
[2023-10-18T23:06:11.098+0000][858.220s][info ][safepoint     ] Entering safepoint region: Cleanup
[2023-10-18T23:06:11.098+0000][858.221s][info ][safepoint     ] Leaving safepoint region
[2023-10-18T23:06:11.099+0000][858.221s][info ][safepoint     ] Total time for which application threads were stopped: 0.0010393 seconds, Stopping threads took: 0.0003380 seconds
[2023-10-18T23:06:12.099+0000][859.221s][debug][safepoint     ] Safepoint synchronization initiated. (174 threads)
[2023-10-18T23:06:12.100+0000][859.222s][info ][safepoint     ] Application time: 1.0007366 seconds
[2023-10-18T23:06:12.101+0000][859.223s][info ][safepoint     ] Entering safepoint region: Cleanup
[2023-10-18T23:06:12.102+0000][859.225s][info ][safepoint     ] Leaving safepoint region
[2023-10-18T23:06:12.103+0000][859.225s][info ][safepoint     ] Total time for which application threads were stopped: 0.0019887 seconds, Stopping threads took: 0.0008282 seconds
[2023-10-18T23:06:13.104+0000][860.226s][debug][safepoint     ] Safepoint synchronization initiated. (174 threads)
[2023-10-18T23:06:13.105+0000][860.227s][info ][safepoint     ] Application time: 1.0011510 seconds
[2023-10-18T23:06:13.105+0000][860.227s][info ][safepoint     ] Entering safepoint region: Cleanup
[2023-10-18T23:06:13.106+0000][860.228s][info ][safepoint     ] Leaving safepoint region
[2023-10-18T23:06:13.106+0000][860.229s][info ][safepoint     ] Total time for which application threads were stopped: 0.0012067 seconds, Stopping threads took: 0.0005244 seconds
[2023-10-18T23:06:14.107+0000][861.229s][debug][safepoint     ] Safepoint synchronization initiated. (174 threads)
[2023-10-18T23:06:14.108+0000][861.230s][info ][safepoint     ] Application time: 1.0009688 seconds
[2023-10-18T23:06:14.108+0000][861.231s][info ][safepoint     ] Entering safepoint region: Cleanup
[2023-10-18T23:06:14.109+0000][861.231s][info ][safepoint     ] Leaving safepoint region
[2023-10-18T23:06:14.109+0000][861.231s][info ][safepoint     ] Total time for which application threads were stopped: 0.0009742 seconds, Stopping threads took: 0.0005014 seconds
[2023-10-18T23:06:15.110+0000][862.232s][debug][safepoint     ] Safepoint synchronization initiated. (174 threads)
[2023-10-18T23:06:15.111+0000][862.233s][info ][safepoint     ] Application time: 1.0012108 seconds
[2023-10-18T23:06:15.112+0000][862.234s][info ][safepoint     ] Entering safepoint region: Cleanup
[2023-10-18T23:06:15.113+0000][862.235s][info ][safepoint     ] Leaving safepoint region
[2023-10-18T23:06:15.113+0000][862.236s][info ][safepoint     ] Total time for which application threads were stopped: 0.0019345 seconds, Stopping threads took: 0.0008411 seconds
[2023-10-18T23:06:16.115+0000][863.237s][debug][safepoint     ] Safepoint synchronization initiated. (174 threads)
[2023-10-18T23:06:16.115+0000][863.237s][info ][safepoint     ] Application time: 1.0009481 seconds
[2023-10-18T23:06:16.116+0000][863.238s][info ][safepoint     ] Entering safepoint region: Cleanup
[2023-10-18T23:06:16.116+0000][863.239s][info ][safepoint     ] Leaving safepoint region
[2023-10-18T23:06:16.117+0000][863.239s][info ][safepoint     ] Total time for which application threads were stopped: 0.0012146 seconds, Stopping threads took: 0.0005514 seconds
[2023-10-18T23:06:17.117+0000][864.240s][debug][safepoint     ] Safepoint synchronization initiated. (174 threads)
[2023-10-18T23:06:17.118+0000][864.240s][info ][safepoint     ] Application time: 1.0005418 seconds
[2023-10-18T23:06:17.118+0000][864.241s][info ][safepoint     ] Entering safepoint region: Cleanup
[2023-10-18T23:06:17.119+0000][864.241s][info ][safepoint     ] Leaving safepoint region
[2023-10-18T23:06:17.119+0000][864.242s][info ][safepoint     ] Total time for which application threads were stopped: 0.0010704 seconds, Stopping threads took: 0.0004021 seconds
[2023-10-18T23:06:18.120+0000][865.242s][debug][safepoint     ] Safepoint synchronization initiated. (174 threads)
[2023-10-18T23:06:18.120+0000][865.243s][info ][safepoint     ] Application time: 1.0007452 seconds
[2023-10-18T23:06:18.121+0000][865.243s][info ][safepoint     ] Entering safepoint region: Cleanup
[2023-10-18T23:06:18.122+0000][865.244s][info ][safepoint     ] Leaving safepoint region
[2023-10-18T23:06:18.122+0000][865.244s][info ][safepoint     ] Total time for which application threads were stopped: 0.0012996 seconds, Stopping threads took: 0.0005546 seconds
[2023-10-18T23:06:19.123+0000][866.245s][debug][safepoint     ] Safepoint synchronization initiated. (174 threads)
[2023-10-18T23:06:19.124+0000][866.246s][info ][safepoint     ] Application time: 1.0009078 seconds
[2023-10-18T23:06:19.124+0000][866.246s][info ][safepoint     ] Entering safepoint region: Cleanup
[2023-10-18T23:06:19.125+0000][866.247s][info ][safepoint     ] Leaving safepoint region
[2023-10-18T23:06:19.125+0000][866.247s][info ][safepoint     ] Total time for which application threads were stopped: 0.0011415 seconds, Stopping threads took: 0.0005315 seconds
[2023-10-18T23:06:20.126+0000][867.248s][debug][safepoint     ] Safepoint synchronization initiated. (174 threads)
[2023-10-18T23:06:20.126+0000][867.248s][info ][safepoint     ] Application time: 1.0007239 seconds
[2023-10-18T23:06:20.127+0000][867.249s][info ][safepoint     ] Entering safepoint region: Cleanup
[2023-10-18T23:06:20.128+0000][867.251s][info ][safepoint     ] Leaving safepoint region
[2023-10-18T23:06:20.129+0000][867.251s][info ][safepoint     ] Total time for which application threads were stopped: 0.0022233 seconds, Stopping threads took: 0.0012348 seconds
[2023-10-18T23:06:21.129+0000][868.252s][debug][safepoint     ] Safepoint synchronization initiated. (174 threads)
[2023-10-18T23:06:21.130+0000][868.252s][info ][safepoint     ] Application time: 1.0006251 seconds
[2023-10-18T23:06:21.130+0000][868.253s][info ][safepoint     ] Entering safepoint region: Cleanup
[2023-10-18T23:06:21.131+0000][868.253s][info ][safepoint     ] Leaving safepoint region
[2023-10-18T23:06:21.131+0000][868.253s][info ][safepoint     ] Total time for which application threads were stopped: 0.0010119 seconds, Stopping threads took: 0.0005049 seconds
[2023-10-18T23:06:22.132+0000][869.254s][debug][safepoint     ] Safepoint synchronization initiated. (174 threads)
[2023-10-18T23:06:22.132+0000][869.255s][info ][safepoint     ] Application time: 1.0009024 seconds
[2023-10-18T23:06:22.133+0000][869.255s][info ][safepoint     ] Entering safepoint region: Cleanup
[2023-10-18T23:06:22.134+0000][869.256s][info ][safepoint     ] Leaving safepoint region
[2023-10-18T23:06:22.134+0000][869.256s][info ][safepoint     ] Total time for which application threads were stopped: 0.0010773 seconds, Stopping threads took: 0.0005810 seconds
[2023-10-18T23:06:23.135+0000][870.257s][debug][safepoint     ] Safepoint synchronization initiated. (174 threads)
[2023-10-18T23:06:23.135+0000][870.257s][info ][safepoint     ] Application time: 1.0007458 seconds
[2023-10-18T23:06:23.136+0000][870.258s][info ][safepoint     ] Entering safepoint region: Cleanup
[2023-10-18T23:06:23.137+0000][870.259s][info ][safepoint     ] Leaving safepoint region
[2023-10-18T23:06:23.137+0000][870.260s][info ][safepoint     ] Total time for which application threads were stopped: 0.0015822 seconds, Stopping threads took: 0.0007553 seconds
[2023-10-18T23:06:24.138+0000][871.260s][debug][safepoint     ] Safepoint synchronization initiated. (174 threads)
[2023-10-18T23:06:24.139+0000][871.261s][info ][safepoint     ] Application time: 1.0009688 seconds
[2023-10-18T23:06:24.139+0000][871.262s][info ][safepoint     ] Entering safepoint region: Cleanup
[2023-10-18T23:06:24.140+0000][871.262s][info ][safepoint     ] Leaving safepoint region
[2023-10-18T23:06:24.141+0000][871.263s][info ][safepoint     ] Total time for which application threads were stopped: 0.0014404 seconds, Stopping threads took: 0.0005495 seconds
[2023-10-18T23:06:25.142+0000][872.264s][debug][safepoint     ] Safepoint synchronization initiated. (174 threads)
[2023-10-18T23:06:25.142+0000][872.264s][info ][safepoint     ] Application time: 1.0008720 seconds
[2023-10-18T23:06:25.143+0000][872.265s][info ][safepoint     ] Entering safepoint region: Cleanup
[2023-10-18T23:06:25.144+0000][872.266s][info ][safepoint     ] Leaving safepoint region
[2023-10-18T23:06:25.144+0000][872.266s][info ][safepoint     ] Total time for which application threads were stopped: 0.0012515 seconds, Stopping threads took: 0.0005752 seconds
[2023-10-18T23:06:26.145+0000][873.267s][debug][safepoint     ] Safepoint synchronization initiated. (174 threads)
[2023-10-18T23:06:26.145+0000][873.267s][info ][safepoint     ] Application time: 1.0008226 seconds
[2023-10-18T23:06:26.146+0000][873.268s][info ][safepoint     ] Entering safepoint region: Cleanup
[2023-10-18T23:06:26.146+0000][873.269s][info ][safepoint     ] Leaving safepoint region
[2023-10-18T23:06:26.147+0000][873.269s][info ][safepoint     ] Total time for which application threads were stopped: 0.0011302 seconds, Stopping threads took: 0.0005284 seconds
[2023-10-18T23:06:27.147+0000][874.270s][debug][safepoint     ] Safepoint synchronization initiated. (174 threads)
[2023-10-18T23:06:27.148+0000][874.270s][info ][safepoint     ] Application time: 1.0006559 seconds
[2023-10-18T23:06:27.148+0000][874.271s][info ][safepoint     ] Entering safepoint region: Cleanup
[2023-10-18T23:06:27.149+0000][874.271s][info ][safepoint     ] Leaving safepoint region
[2023-10-18T23:06:27.149+0000][874.272s][info ][safepoint     ] Total time for which application threads were stopped: 0.0011070 seconds, Stopping threads took: 0.0005151 seconds
[2023-10-18T23:06:28.150+0000][875.272s][debug][safepoint     ] Safepoint synchronization initiated. (174 threads)
[2023-10-18T23:06:28.151+0000][875.273s][info ][safepoint     ] Application time: 1.0007518 seconds
[2023-10-18T23:06:28.151+0000][875.273s][info ][safepoint     ] Entering safepoint region: Cleanup
[2023-10-18T23:06:28.152+0000][875.274s][info ][safepoint     ] Leaving safepoint region
[2023-10-18T23:06:28.152+0000][875.275s][info ][safepoint     ] Total time for which application threads were stopped: 0.0012545 seconds, Stopping threads took: 0.0005571 seconds
[2023-10-18T23:06:29.153+0000][876.275s][debug][safepoint     ] Safepoint synchronization initiated. (174 threads)
[2023-10-18T23:06:29.154+0000][876.276s][info ][safepoint     ] Application time: 1.0007552 seconds
[2023-10-18T23:06:29.154+0000][876.276s][info ][safepoint     ] Entering safepoint region: Cleanup
[2023-10-18T23:06:29.155+0000][876.277s][info ][safepoint     ] Leaving safepoint region
[2023-10-18T23:06:29.155+0000][876.278s][info ][safepoint     ] Total time for which application threads were stopped: 0.0011539 seconds, Stopping threads took: 0.0005071 seconds
[2023-10-18T23:06:30.156+0000][877.278s][debug][safepoint     ] Safepoint synchronization initiated. (174 threads)
[2023-10-18T23:06:30.157+0000][877.279s][info ][safepoint     ] Application time: 1.0007601 seconds
[2023-10-18T23:06:30.157+0000][877.279s][info ][safepoint     ] Entering safepoint region: Cleanup
[2023-10-18T23:06:30.158+0000][877.280s][info ][safepoint     ] Leaving safepoint region
[2023-10-18T23:06:30.158+0000][877.280s][info ][safepoint     ] Total time for which application threads were stopped: 0.0009473 seconds, Stopping threads took: 0.0003620 seconds
[2023-10-18T23:06:31.159+0000][878.281s][debug][safepoint     ] Safepoint synchronization initiated. (174 threads)
[2023-10-18T23:06:31.160+0000][878.282s][info ][safepoint     ] Application time: 1.0010749 seconds
[2023-10-18T23:06:31.160+0000][878.282s][info ][safepoint     ] Entering safepoint region: Cleanup
[2023-10-18T23:06:31.161+0000][878.283s][info ][safepoint     ] Leaving safepoint region
[2023-10-18T23:06:31.161+0000][878.284s][info ][safepoint     ] Total time for which application threads were stopped: 0.0012651 seconds, Stopping threads took: 0.0005536 seconds
[2023-10-18T23:06:32.162+0000][879.284s][debug][safepoint     ] Safepoint synchronization initiated. (174 threads)
[2023-10-18T23:06:32.163+0000][879.285s][info ][safepoint     ] Application time: 1.0009191 seconds
[2023-10-18T23:06:32.163+0000][879.286s][info ][safepoint     ] Entering safepoint region: Cleanup
[2023-10-18T23:06:32.164+0000][879.286s][info ][safepoint     ] Leaving safepoint region
[2023-10-18T23:06:32.165+0000][879.287s][info ][safepoint     ] Total time for which application threads were stopped: 0.0015324 seconds, Stopping threads took: 0.0007615 seconds
[2023-10-18T23:06:33.165+0000][880.288s][debug][safepoint     ] Safepoint synchronization initiated. (174 threads)
[2023-10-18T23:06:33.166+0000][880.288s][info ][safepoint     ] Application time: 1.0007541 seconds
[2023-10-18T23:06:33.167+0000][880.289s][info ][safepoint     ] Entering safepoint region: Cleanup
[2023-10-18T23:06:33.167+0000][880.290s][info ][safepoint     ] Leaving safepoint region
[2023-10-18T23:06:33.168+0000][880.290s][info ][safepoint     ] Total time for which application threads were stopped: 0.0014525 seconds, Stopping threads took: 0.0006291 seconds
[2023-10-18T23:06:34.169+0000][881.291s][debug][safepoint     ] Safepoint synchronization initiated. (174 threads)
[2023-10-18T23:06:34.171+0000][881.293s][info ][safepoint     ] Application time: 1.0024019 seconds
[2023-10-18T23:06:34.172+0000][881.294s][info ][safepoint     ] Entering safepoint region: Cleanup
[2023-10-18T23:06:34.173+0000][881.295s][info ][safepoint     ] Leaving safepoint region
[2023-10-18T23:06:34.173+0000][881.295s][info ][safepoint     ] Total time for which application threads were stopped: 0.0014964 seconds, Stopping threads took: 0.0007145 seconds
[2023-10-18T23:06:35.174+0000][882.296s][debug][safepoint     ] Safepoint synchronization initiated. (174 threads)
[2023-10-18T23:06:35.175+0000][882.297s][info ][safepoint     ] Application time: 1.0009514 seconds
[2023-10-18T23:06:35.175+0000][882.297s][info ][safepoint     ] Entering safepoint region: Cleanup
[2023-10-18T23:06:35.176+0000][882.298s][info ][safepoint     ] Leaving safepoint region
[2023-10-18T23:06:35.177+0000][882.299s][info ][safepoint     ] Total time for which application threads were stopped: 0.0016483 seconds, Stopping threads took: 0.0007157 seconds
[2023-10-18T23:06:36.178+0000][883.300s][debug][safepoint     ] Safepoint synchronization initiated. (174 threads)
[2023-10-18T23:06:36.178+0000][883.300s][info ][safepoint     ] Application time: 1.0007595 seconds
[2023-10-18T23:06:36.179+0000][883.301s][info ][safepoint     ] Entering safepoint region: Cleanup
[2023-10-18T23:06:36.179+0000][883.301s][info ][safepoint     ] Leaving safepoint region
[2023-10-18T23:06:36.180+0000][883.302s][info ][safepoint     ] Total time for which application threads were stopped: 0.0010088 seconds, Stopping threads took: 0.0004140 seconds
[2023-10-18T23:06:37.180+0000][884.302s][debug][safepoint     ] Safepoint synchronization initiated. (174 threads)
[2023-10-18T23:06:37.180+0000][884.303s][info ][safepoint     ] Application time: 1.0004890 seconds
[2023-10-18T23:06:37.181+0000][884.303s][info ][safepoint     ] Entering safepoint region: Cleanup
[2023-10-18T23:06:37.181+0000][884.303s][info ][safepoint     ] Leaving safepoint region
[2023-10-18T23:06:37.181+0000][884.304s][info ][safepoint     ] Total time for which application threads were stopped: 0.0007252 seconds, Stopping threads took: 0.0003106 seconds
[2023-10-18T23:06:38.182+0000][885.304s][debug][safepoint     ] Safepoint synchronization initiated. (174 threads)
[2023-10-18T23:06:38.182+0000][885.305s][info ][safepoint     ] Application time: 1.0007806 seconds
[2023-10-18T23:06:38.183+0000][885.305s][info ][safepoint     ] Entering safepoint region: Cleanup
[2023-10-18T23:06:38.183+0000][885.306s][info ][safepoint     ] Leaving safepoint region
[2023-10-18T23:06:38.184+0000][885.306s][info ][safepoint     ] Total time for which application threads were stopped: 0.0010194 seconds, Stopping threads took: 0.0003472 seconds
[2023-10-18T23:06:39.186+0000][886.307s][debug][safepoint     ] Safepoint synchronization initiated. (174 threads)
[2023-10-18T23:06:39.186+0000][886.307s][info ][safepoint     ] Application time: 1.0007402 seconds
[2023-10-18T23:06:39.187+0000][886.308s][info ][safepoint     ] Entering safepoint region: Cleanup
[2023-10-18T23:06:39.188+0000][886.308s][info ][safepoint     ] Leaving safepoint region
[2023-10-18T23:06:39.188+0000][886.309s][info ][safepoint     ] Total time for which application threads were stopped: 0.0012167 seconds, Stopping threads took: 0.0005137 seconds
[2023-10-18T23:06:40.189+0000][887.309s][debug][safepoint     ] Safepoint synchronization initiated. (174 threads)
[2023-10-18T23:06:40.189+0000][887.310s][info ][safepoint     ] Application time: 1.0009202 seconds
[2023-10-18T23:06:40.190+0000][887.311s][info ][safepoint     ] Entering safepoint region: Cleanup
[2023-10-18T23:06:40.191+0000][887.312s][info ][safepoint     ] Leaving safepoint region
[2023-10-18T23:06:40.191+0000][887.312s][info ][safepoint     ] Total time for which application threads were stopped: 0.0012929 seconds, Stopping threads took: 0.0005815 seconds
[2023-10-18T23:06:41.192+0000][888.313s][debug][safepoint     ] Safepoint synchronization initiated. (174 threads)
[2023-10-18T23:06:41.193+0000][888.313s][info ][safepoint     ] Application time: 1.0008364 seconds
[2023-10-18T23:06:41.193+0000][888.314s][info ][safepoint     ] Entering safepoint region: Cleanup
[2023-10-18T23:06:41.194+0000][888.314s][info ][safepoint     ] Leaving safepoint region
[2023-10-18T23:06:41.194+0000][888.315s][info ][safepoint     ] Total time for which application threads were stopped: 0.0011531 seconds, Stopping threads took: 0.0004714 seconds
[2023-10-18T23:06:42.195+0000][889.316s][debug][safepoint     ] Safepoint synchronization initiated. (174 threads)
[2023-10-18T23:06:42.196+0000][889.316s][info ][safepoint     ] Application time: 1.0009289 seconds
[2023-10-18T23:06:42.196+0000][889.317s][info ][safepoint     ] Entering safepoint region: Cleanup
[2023-10-18T23:06:42.197+0000][889.318s][info ][safepoint     ] Leaving safepoint region
[2023-10-18T23:06:42.198+0000][889.318s][info ][safepoint     ] Total time for which application threads were stopped: 0.0014126 seconds, Stopping threads took: 0.0005872 seconds
[2023-10-18T23:06:43.199+0000][890.319s][debug][safepoint     ] Safepoint synchronization initiated. (174 threads)
[2023-10-18T23:06:43.199+0000][890.320s][info ][safepoint     ] Application time: 1.0010197 seconds
[2023-10-18T23:06:43.200+0000][890.321s][info ][safepoint     ] Entering safepoint region: Cleanup
[2023-10-18T23:06:43.201+0000][890.322s][info ][safepoint     ] Leaving safepoint region
[2023-10-18T23:06:43.201+0000][890.322s][info ][safepoint     ] Total time for which application threads were stopped: 0.0015816 seconds, Stopping threads took: 0.0007774 seconds
[2023-10-18T23:06:44.202+0000][891.323s][debug][safepoint     ] Safepoint synchronization initiated. (174 threads)
[2023-10-18T23:06:44.203+0000][891.323s][info ][safepoint     ] Application time: 1.0006279 seconds
[2023-10-18T23:06:44.203+0000][891.324s][info ][safepoint     ] Entering safepoint region: Cleanup
[2023-10-18T23:06:44.204+0000][891.324s][info ][safepoint     ] Leaving safepoint region
[2023-10-18T23:06:44.204+0000][891.325s][info ][safepoint     ] Total time for which application threads were stopped: 0.0011906 seconds, Stopping threads took: 0.0004108 seconds
[2023-10-18T23:06:45.205+0000][892.326s][debug][safepoint     ] Safepoint synchronization initiated. (174 threads)
[2023-10-18T23:06:45.206+0000][892.326s][info ][safepoint     ] Application time: 1.0011268 seconds
[2023-10-18T23:06:45.207+0000][892.327s][info ][safepoint     ] Entering safepoint region: Cleanup
[2023-10-18T23:06:45.208+0000][892.328s][info ][safepoint     ] Leaving safepoint region
[2023-10-18T23:06:45.208+0000][892.329s][info ][safepoint     ] Total time for which application threads were stopped: 0.0017538 seconds, Stopping threads took: 0.0007696 seconds
[2023-10-18T23:06:46.209+0000][893.330s][debug][safepoint     ] Safepoint synchronization initiated. (174 threads)
[2023-10-18T23:06:46.210+0000][893.330s][info ][safepoint     ] Application time: 1.0007533 seconds
[2023-10-18T23:06:46.210+0000][893.331s][info ][safepoint     ] Entering safepoint region: Cleanup
[2023-10-18T23:06:46.211+0000][893.331s][info ][safepoint     ] Leaving safepoint region
[2023-10-18T23:06:46.211+0000][893.332s][info ][safepoint     ] Total time for which application threads were stopped: 0.0010372 seconds, Stopping threads took: 0.0004537 seconds
[2023-10-18T23:06:47.212+0000][894.332s][debug][safepoint     ] Safepoint synchronization initiated. (174 threads)
[2023-10-18T23:06:47.212+0000][894.333s][info ][safepoint     ] Application time: 1.0010149 seconds
[2023-10-18T23:06:47.213+0000][894.334s][info ][safepoint     ] Entering safepoint region: Cleanup
[2023-10-18T23:06:47.214+0000][894.335s][info ][safepoint     ] Leaving safepoint region
[2023-10-18T23:06:47.215+0000][894.335s][info ][safepoint     ] Total time for which application threads were stopped: 0.0014949 seconds, Stopping threads took: 0.0005244 seconds
[2023-10-18T23:06:48.215+0000][895.336s][debug][safepoint     ] Safepoint synchronization initiated. (174 threads)
[2023-10-18T23:06:48.216+0000][895.337s][info ][safepoint     ] Application time: 1.0008173 seconds
[2023-10-18T23:06:48.217+0000][895.337s][info ][safepoint     ] Entering safepoint region: Cleanup
[2023-10-18T23:06:48.217+0000][895.338s][info ][safepoint     ] Leaving safepoint region
[2023-10-18T23:06:48.218+0000][895.339s][info ][safepoint     ] Total time for which application threads were stopped: 0.0013105 seconds, Stopping threads took: 0.0005911 seconds
[2023-10-18T23:06:49.219+0000][896.339s][debug][safepoint     ] Safepoint synchronization initiated. (174 threads)
[2023-10-18T23:06:49.219+0000][896.340s][info ][safepoint     ] Application time: 1.0010567 seconds
[2023-10-18T23:06:49.220+0000][896.341s][info ][safepoint     ] Entering safepoint region: Cleanup
[2023-10-18T23:06:49.221+0000][896.342s][info ][safepoint     ] Leaving safepoint region
[2023-10-18T23:06:49.222+0000][896.343s][info ][safepoint     ] Total time for which application threads were stopped: 0.0017325 seconds, Stopping threads took: 0.0007908 seconds
[2023-10-18T23:06:50.223+0000][897.344s][debug][safepoint     ] Safepoint synchronization initiated. (174 threads)
[2023-10-18T23:06:50.224+0000][897.344s][info ][safepoint     ] Application time: 1.0009129 seconds
[2023-10-18T23:06:50.224+0000][897.345s][info ][safepoint     ] Entering safepoint region: Cleanup
[2023-10-18T23:06:50.225+0000][897.345s][info ][safepoint     ] Leaving safepoint region
[2023-10-18T23:06:50.225+0000][897.346s][info ][safepoint     ] Total time for which application threads were stopped: 0.0010918 seconds, Stopping threads took: 0.0004310 seconds
[2023-10-18T23:06:50.225+0000][897.345s][debug][safepoint     ] ... found polling page return exception at pc = 0x00007f38b0b84ca4, stub =0x00007f38a8840600
[2023-10-18T23:06:51.226+0000][898.347s][debug][safepoint     ] Safepoint synchronization initiated. (174 threads)
[2023-10-18T23:06:51.227+0000][898.347s][info ][safepoint     ] Application time: 1.0008336 seconds
[2023-10-18T23:06:51.227+0000][898.348s][info ][safepoint     ] Entering safepoint region: Cleanup
[2023-10-18T23:06:51.228+0000][898.349s][info ][safepoint     ] Leaving safepoint region
[2023-10-18T23:06:51.229+0000][898.350s][info ][safepoint     ] Total time for which application threads were stopped: 0.0016779 seconds, Stopping threads took: 0.0007375 seconds
[2023-10-18T23:06:52.230+0000][899.350s][debug][safepoint     ] Safepoint synchronization initiated. (174 threads)
[2023-10-18T23:06:52.231+0000][899.351s][info ][safepoint     ] Application time: 1.0012557 seconds
[2023-10-18T23:06:52.231+0000][899.352s][info ][safepoint     ] Entering safepoint region: Cleanup
[2023-10-18T23:06:52.232+0000][899.353s][info ][safepoint     ] Leaving safepoint region
[2023-10-18T23:06:52.233+0000][899.354s][info ][safepoint     ] Total time for which application threads were stopped: 0.0018523 seconds, Stopping threads took: 0.0008266 seconds
[2023-10-18T23:06:53.234+0000][900.355s][debug][safepoint     ] Safepoint synchronization initiated. (174 threads)
[2023-10-18T23:06:53.235+0000][900.355s][info ][safepoint     ] Application time: 1.0005972 seconds
[2023-10-18T23:06:53.235+0000][900.356s][info ][safepoint     ] Entering safepoint region: Cleanup
[2023-10-18T23:06:53.236+0000][900.356s][info ][safepoint     ] Leaving safepoint region
[2023-10-18T23:06:53.236+0000][900.357s][info ][safepoint     ] Total time for which application threads were stopped: 0.0010481 seconds, Stopping threads took: 0.0004768 seconds
[2023-10-18T23:06:54.237+0000][901.357s][debug][safepoint     ] Safepoint synchronization initiated. (174 threads)
[2023-10-18T23:06:54.238+0000][901.358s][info ][safepoint     ] Application time: 1.0013956 seconds
[2023-10-18T23:06:54.239+0000][901.360s][info ][safepoint     ] Entering safepoint region: Cleanup
[2023-10-18T23:06:54.240+0000][901.361s][info ][safepoint     ] Leaving safepoint region
[2023-10-18T23:06:54.241+0000][901.362s][info ][safepoint     ] Total time for which application threads were stopped: 0.0020552 seconds, Stopping threads took: 0.0008542 seconds
[2023-10-18T23:06:55.242+0000][902.363s][debug][safepoint     ] Safepoint synchronization initiated. (174 threads)
[2023-10-18T23:06:55.243+0000][902.364s][info ][safepoint     ] Application time: 1.0011065 seconds
[2023-10-18T23:06:55.244+0000][902.364s][info ][safepoint     ] Entering safepoint region: Cleanup
[2023-10-18T23:06:55.245+0000][902.365s][info ][safepoint     ] Leaving safepoint region
[2023-10-18T23:06:55.245+0000][902.366s][info ][safepoint     ] Total time for which application threads were stopped: 0.0014828 seconds, Stopping threads took: 0.0006964 seconds
[2023-10-18T23:06:56.246+0000][903.367s][debug][safepoint     ] Safepoint synchronization initiated. (174 threads)
[2023-10-18T23:06:56.247+0000][903.367s][info ][safepoint     ] Application time: 1.0010088 seconds
[2023-10-18T23:06:56.247+0000][903.368s][info ][safepoint     ] Entering safepoint region: Cleanup
[2023-10-18T23:06:56.248+0000][903.369s][info ][safepoint     ] Leaving safepoint region
[2023-10-18T23:06:56.249+0000][903.370s][info ][safepoint     ] Total time for which application threads were stopped: 0.0015704 seconds, Stopping threads took: 0.0006369 seconds
[2023-10-18T23:06:57.250+0000][904.370s][debug][safepoint     ] Safepoint synchronization initiated. (174 threads)
[2023-10-18T23:06:57.251+0000][904.371s][info ][safepoint     ] Application time: 1.0011431 seconds
[2023-10-18T23:06:57.252+0000][904.372s][info ][safepoint     ] Entering safepoint region: Cleanup
[2023-10-18T23:06:57.253+0000][904.373s][info ][safepoint     ] Leaving safepoint region
[2023-10-18T23:06:57.253+0000][904.374s][info ][safepoint     ] Total time for which application threads were stopped: 0.0016345 seconds, Stopping threads took: 0.0007254 seconds
[2023-10-18T23:06:58.254+0000][905.375s][debug][safepoint     ] Safepoint synchronization initiated. (174 threads)
[2023-10-18T23:06:58.255+0000][905.376s][info ][safepoint     ] Application time: 1.0013880 seconds
[2023-10-18T23:06:58.256+0000][905.377s][info ][safepoint     ] Entering safepoint region: Cleanup
[2023-10-18T23:06:58.257+0000][905.378s][info ][safepoint     ] Leaving safepoint region
[2023-10-18T23:06:58.258+0000][905.378s][info ][safepoint     ] Total time for which application threads were stopped: 0.0019328 seconds, Stopping threads took: 0.0008461 seconds
[2023-10-18T23:06:59.259+0000][906.380s][debug][safepoint     ] Safepoint synchronization initiated. (174 threads)
[2023-10-18T23:06:59.260+0000][906.381s][info ][safepoint     ] Application time: 1.0012715 seconds
[2023-10-18T23:06:59.261+0000][906.381s][info ][safepoint     ] Entering safepoint region: Cleanup
[2023-10-18T23:06:59.262+0000][906.382s][info ][safepoint     ] Leaving safepoint region
[2023-10-18T23:06:59.262+0000][906.383s][info ][safepoint     ] Total time for which application threads were stopped: 0.0015500 seconds, Stopping threads took: 0.0007381 seconds
[2023-10-18T23:07:00.263+0000][907.384s][debug][safepoint     ] Safepoint synchronization initiated. (174 threads)
[2023-10-18T23:07:00.264+0000][907.385s][info ][safepoint     ] Application time: 1.0009084 seconds
[2023-10-18T23:07:00.265+0000][907.385s][info ][safepoint     ] Entering safepoint region: Cleanup
[2023-10-18T23:07:00.265+0000][907.386s][info ][safepoint     ] Leaving safepoint region
[2023-10-18T23:07:00.266+0000][907.386s][info ][safepoint     ] Total time for which application threads were stopped: 0.0013362 seconds, Stopping threads took: 0.0006934 seconds
[2023-10-18T23:07:01.266+0000][908.387s][debug][safepoint     ] Safepoint synchronization initiated. (174 threads)
[2023-10-18T23:07:01.267+0000][908.388s][info ][safepoint     ] Application time: 1.0009687 seconds
[2023-10-18T23:07:01.268+0000][908.389s][info ][safepoint     ] Entering safepoint region: Cleanup
[2023-10-18T23:07:01.269+0000][908.389s][info ][safepoint     ] Leaving safepoint region
[2023-10-18T23:07:01.269+0000][908.390s][info ][safepoint     ] Total time for which application threads were stopped: 0.0012585 seconds, Stopping threads took: 0.0005583 seconds
[2023-10-18T23:07:02.270+0000][909.391s][debug][safepoint     ] Safepoint synchronization initiated. (174 threads)
[2023-10-18T23:07:02.271+0000][909.392s][info ][safepoint     ] Application time: 1.0013412 seconds
[2023-10-18T23:07:02.272+0000][909.392s][info ][safepoint     ] Entering safepoint region: Cleanup
[2023-10-18T23:07:02.273+0000][909.394s][info ][safepoint     ] Leaving safepoint region
[2023-10-18T23:07:02.274+0000][909.394s][info ][safepoint     ] Total time for which application threads were stopped: 0.0019702 seconds, Stopping threads took: 0.0009857 seconds
[2023-10-18T23:07:03.275+0000][910.395s][debug][safepoint     ] Safepoint synchronization initiated. (174 threads)
[2023-10-18T23:07:03.275+0000][910.396s][info ][safepoint     ] Application time: 1.0010922 seconds
[2023-10-18T23:07:03.276+0000][910.397s][info ][safepoint     ] Entering safepoint region: Cleanup
[2023-10-18T23:07:03.277+0000][910.397s][info ][safepoint     ] Leaving safepoint region
[2023-10-18T23:07:03.277+0000][910.398s][info ][safepoint     ] Total time for which application threads were stopped: 0.0012663 seconds, Stopping threads took: 0.0005655 seconds
[2023-10-18T23:07:04.278+0000][911.398s][debug][safepoint     ] Safepoint synchronization initiated. (174 threads)
[2023-10-18T23:07:04.278+0000][911.399s][info ][safepoint     ] Application time: 1.0006795 seconds
[2023-10-18T23:07:04.279+0000][911.399s][info ][safepoint     ] Entering safepoint region: Cleanup
[2023-10-18T23:07:04.279+0000][911.400s][info ][safepoint     ] Leaving safepoint region
[2023-10-18T23:07:04.280+0000][911.400s][info ][safepoint     ] Total time for which application threads were stopped: 0.0010134 seconds, Stopping threads took: 0.0005294 seconds
[2023-10-18T23:07:05.280+0000][912.401s][debug][safepoint     ] Safepoint synchronization initiated. (174 threads)
[2023-10-18T23:07:05.281+0000][912.402s][info ][safepoint     ] Application time: 1.0012131 seconds
[2023-10-18T23:07:05.282+0000][912.403s][info ][safepoint     ] Entering safepoint region: Cleanup
[2023-10-18T23:07:05.283+0000][912.404s][info ][safepoint     ] Leaving safepoint region
[2023-10-18T23:07:05.284+0000][912.404s][info ][safepoint     ] Total time for which application threads were stopped: 0.0015472 seconds, Stopping threads took: 0.0006837 seconds
[2023-10-18T23:07:06.284+0000][913.405s][debug][safepoint     ] Safepoint synchronization initiated. (174 threads)
[2023-10-18T23:07:06.285+0000][913.406s][info ][safepoint     ] Application time: 1.0010013 seconds
[2023-10-18T23:07:06.286+0000][913.406s][info ][safepoint     ] Entering safepoint region: Cleanup
[2023-10-18T23:07:06.286+0000][913.407s][info ][safepoint     ] Leaving safepoint region
[2023-10-18T23:07:06.287+0000][913.407s][info ][safepoint     ] Total time for which application threads were stopped: 0.0009900 seconds, Stopping threads took: 0.0003970 seconds
[2023-10-18T23:07:07.287+0000][914.408s][debug][safepoint     ] Safepoint synchronization initiated. (174 threads)
[2023-10-18T23:07:07.287+0000][914.408s][info ][safepoint     ] Application time: 1.0005468 seconds
[2023-10-18T23:07:07.288+0000][914.408s][info ][safepoint     ] Entering safepoint region: Cleanup
[2023-10-18T23:07:07.288+0000][914.409s][info ][safepoint     ] Leaving safepoint region
[2023-10-18T23:07:07.288+0000][914.409s][info ][safepoint     ] Total time for which application threads were stopped: 0.0007694 seconds, Stopping threads took: 0.0003313 seconds
[2023-10-18T23:07:08.289+0000][915.410s][debug][safepoint     ] Safepoint synchronization initiated. (174 threads)
[2023-10-18T23:07:08.290+0000][915.410s][info ][safepoint     ] Application time: 1.0010838 seconds
[2023-10-18T23:07:08.291+0000][915.411s][info ][safepoint     ] Entering safepoint region: Cleanup
[2023-10-18T23:07:08.291+0000][915.412s][info ][safepoint     ] Leaving safepoint region
[2023-10-18T23:07:08.292+0000][915.412s][info ][safepoint     ] Total time for which application threads were stopped: 0.0012770 seconds, Stopping threads took: 0.0005655 seconds
[2023-10-18T23:07:09.293+0000][916.413s][debug][safepoint     ] Safepoint synchronization initiated. (174 threads)
[2023-10-18T23:07:09.294+0000][916.414s][info ][safepoint     ] Application time: 1.0010206 seconds
[2023-10-18T23:07:09.294+0000][916.414s][info ][safepoint     ] Entering safepoint region: Cleanup
[2023-10-18T23:07:09.295+0000][916.415s][info ][safepoint     ] Leaving safepoint region
[2023-10-18T23:07:09.295+0000][916.416s][info ][safepoint     ] Total time for which application threads were stopped: 0.0011337 seconds, Stopping threads took: 0.0004800 seconds
[2023-10-18T23:07:10.296+0000][917.416s][debug][safepoint     ] Safepoint synchronization initiated. (174 threads)
[2023-10-18T23:07:10.298+0000][917.418s][info ][safepoint     ] Application time: 1.0020399 seconds
[2023-10-18T23:07:10.299+0000][917.419s][info ][safepoint     ] Entering safepoint region: Cleanup
[2023-10-18T23:07:10.299+0000][917.419s][info ][safepoint     ] Leaving safepoint region
[2023-10-18T23:07:10.300+0000][917.420s][info ][safepoint     ] Total time for which application threads were stopped: 0.0012416 seconds, Stopping threads took: 0.0006068 seconds
[2023-10-18T23:07:11.300+0000][918.420s][debug][safepoint     ] Safepoint synchronization initiated. (174 threads)
[2023-10-18T23:07:11.301+0000][918.421s][info ][safepoint     ] Application time: 1.0006232 seconds
[2023-10-18T23:07:11.301+0000][918.421s][info ][safepoint     ] Entering safepoint region: Cleanup
[2023-10-18T23:07:11.302+0000][918.422s][info ][safepoint     ] Leaving safepoint region
[2023-10-18T23:07:11.302+0000][918.422s][info ][safepoint     ] Total time for which application threads were stopped: 0.0007713 seconds, Stopping threads took: 0.0003122 seconds
[2023-10-18T23:07:12.302+0000][919.422s][debug][safepoint     ] Safepoint synchronization initiated. (174 threads)
[2023-10-18T23:07:12.303+0000][919.423s][info ][safepoint     ] Application time: 1.0007363 seconds
[2023-10-18T23:07:12.303+0000][919.424s][info ][safepoint     ] Entering safepoint region: Cleanup
[2023-10-18T23:07:12.304+0000][919.424s][info ][safepoint     ] Leaving safepoint region
[2023-10-18T23:07:12.304+0000][919.425s][info ][safepoint     ] Total time for which application threads were stopped: 0.0010730 seconds, Stopping threads took: 0.0004632 seconds
[2023-10-18T23:07:13.305+0000][920.425s][debug][safepoint     ] Safepoint synchronization initiated. (174 threads)
[2023-10-18T23:07:13.306+0000][920.426s][info ][safepoint     ] Application time: 1.0007508 seconds
[2023-10-18T23:07:13.306+0000][920.426s][info ][safepoint     ] Entering safepoint region: Cleanup
[2023-10-18T23:07:13.307+0000][920.427s][info ][safepoint     ] Leaving safepoint region
[2023-10-18T23:07:13.307+0000][920.427s][info ][safepoint     ] Total time for which application threads were stopped: 0.0010339 seconds, Stopping threads took: 0.0004645 seconds
[2023-10-18T23:07:14.307+0000][921.428s][debug][safepoint     ] Safepoint synchronization initiated. (174 threads)
[2023-10-18T23:07:14.308+0000][921.428s][info ][safepoint     ] Application time: 1.0008762 seconds
[2023-10-18T23:07:14.309+0000][921.429s][info ][safepoint     ] Entering safepoint region: Cleanup
[2023-10-18T23:07:14.310+0000][921.430s][info ][safepoint     ] Leaving safepoint region
[2023-10-18T23:07:14.310+0000][921.430s][info ][safepoint     ] Total time for which application threads were stopped: 0.0012839 seconds, Stopping threads took: 0.0005686 seconds
[2023-10-18T23:07:15.311+0000][922.431s][debug][safepoint     ] Safepoint synchronization initiated. (174 threads)
[2023-10-18T23:07:15.319+0000][922.439s][info ][safepoint     ] Application time: 1.0086530 seconds
[2023-10-18T23:07:15.320+0000][922.440s][info ][safepoint     ] Entering safepoint region: Cleanup
[2023-10-18T23:07:15.321+0000][922.441s][info ][safepoint     ] Leaving safepoint region
[2023-10-18T23:07:15.323+0000][922.443s][info ][safepoint     ] Total time for which application threads were stopped: 0.0029254 seconds, Stopping threads took: 0.0006445 seconds
[2023-10-18T23:07:16.326+0000][923.446s][debug][safepoint     ] Safepoint synchronization initiated. (174 threads)
[2023-10-18T23:07:16.327+0000][923.447s][info ][safepoint     ] Application time: 1.0006679 seconds
[2023-10-18T23:07:16.327+0000][923.447s][info ][safepoint     ] Entering safepoint region: Cleanup
[2023-10-18T23:07:16.328+0000][923.448s][info ][safepoint     ] Leaving safepoint region
[2023-10-18T23:07:16.328+0000][923.448s][info ][safepoint     ] Total time for which application threads were stopped: 0.0010586 seconds, Stopping threads took: 0.0004728 seconds
[2023-10-18T23:07:17.329+0000][924.449s][debug][safepoint     ] Safepoint synchronization initiated. (174 threads)
[2023-10-18T23:07:17.329+0000][924.450s][info ][safepoint     ] Application time: 1.0009026 seconds
[2023-10-18T23:07:17.330+0000][924.450s][info ][safepoint     ] Entering safepoint region: Cleanup
[2023-10-18T23:07:17.331+0000][924.451s][info ][safepoint     ] Leaving safepoint region
[2023-10-18T23:07:17.331+0000][924.452s][info ][safepoint     ] Total time for which application threads were stopped: 0.0013708 seconds, Stopping threads took: 0.0006164 seconds
[2023-10-18T23:07:18.332+0000][925.452s][debug][safepoint     ] Safepoint synchronization initiated. (174 threads)
[2023-10-18T23:07:18.333+0000][925.453s][info ][safepoint     ] Application time: 1.0010317 seconds
[2023-10-18T23:07:18.333+0000][925.454s][info ][safepoint     ] Entering safepoint region: Cleanup
[2023-10-18T23:07:18.334+0000][925.454s][info ][safepoint     ] Leaving safepoint region
[2023-10-18T23:07:18.335+0000][925.455s][info ][safepoint     ] Total time for which application threads were stopped: 0.0012508 seconds, Stopping threads took: 0.0005597 seconds
[2023-10-18T23:07:19.335+0000][926.455s][debug][safepoint     ] Safepoint synchronization initiated. (174 threads)
[2023-10-18T23:07:19.336+0000][926.456s][info ][safepoint     ] Application time: 1.0010638 seconds
[2023-10-18T23:07:19.337+0000][926.457s][info ][safepoint     ] Entering safepoint region: Cleanup
[2023-10-18T23:07:19.338+0000][926.458s][info ][safepoint     ] Leaving safepoint region
[2023-10-18T23:07:19.338+0000][926.459s][info ][safepoint     ] Total time for which application threads were stopped: 0.0015866 seconds, Stopping threads took: 0.0007160 seconds
[2023-10-18T23:07:20.339+0000][927.459s][debug][safepoint     ] Safepoint synchronization initiated. (174 threads)
[2023-10-18T23:07:20.340+0000][927.460s][info ][safepoint     ] Application time: 1.0006131 seconds
[2023-10-18T23:07:20.340+0000][927.460s][info ][safepoint     ] Entering safepoint region: Cleanup
[2023-10-18T23:07:20.341+0000][927.461s][info ][safepoint     ] Leaving safepoint region
[2023-10-18T23:07:20.341+0000][927.461s][info ][safepoint     ] Total time for which application threads were stopped: 0.0011310 seconds, Stopping threads took: 0.0005214 seconds
[2023-10-18T23:07:21.342+0000][928.462s][debug][safepoint     ] Safepoint synchronization initiated. (174 threads)
[2023-10-18T23:07:21.343+0000][928.463s][info ][safepoint     ] Application time: 1.0011253 seconds
[2023-10-18T23:07:21.344+0000][928.464s][info ][safepoint     ] Entering safepoint region: Cleanup
[2023-10-18T23:07:21.345+0000][928.465s][info ][safepoint     ] Leaving safepoint region
[2023-10-18T23:07:21.346+0000][928.466s][info ][safepoint     ] Total time for which application threads were stopped: 0.0021251 seconds, Stopping threads took: 0.0007967 seconds
[2023-10-18T23:07:22.347+0000][929.467s][debug][safepoint     ] Safepoint synchronization initiated. (174 threads)
[2023-10-18T23:07:22.348+0000][929.468s][info ][safepoint     ] Application time: 1.0012146 seconds
[2023-10-18T23:07:22.349+0000][929.469s][info ][safepoint     ] Entering safepoint region: Cleanup
[2023-10-18T23:07:22.350+0000][929.470s][info ][safepoint     ] Leaving safepoint region
[2023-10-18T23:07:22.350+0000][929.470s][info ][safepoint     ] Total time for which application threads were stopped: 0.0017999 seconds, Stopping threads took: 0.0008027 seconds
[2023-10-18T23:07:23.351+0000][930.471s][debug][safepoint     ] Safepoint synchronization initiated. (174 threads)
[2023-10-18T23:07:23.352+0000][930.472s][info ][safepoint     ] Application time: 1.0009261 seconds
[2023-10-18T23:07:23.353+0000][930.473s][debug][safepoint     ] ... found polling page return exception at pc = 0x00007f38b0a6fff4, stub =0x00007f38a8840600
[2023-10-18T23:07:23.354+0000][930.474s][debug][safepoint     ] Waiting for 1 thread(s) to block
[2023-10-18T23:07:23.355+0000][930.475s][info ][safepoint     ] Entering safepoint region: Cleanup
[2023-10-18T23:07:23.355+0000][930.476s][info ][safepoint     ] Leaving safepoint region
[2023-10-18T23:07:23.356+0000][930.476s][info ][safepoint     ] Total time for which application threads were stopped: 0.0029078 seconds, Stopping threads took: 0.0022301 seconds
[2023-10-18T23:07:24.356+0000][931.477s][debug][safepoint     ] Safepoint synchronization initiated. (174 threads)
[2023-10-18T23:07:24.357+0000][931.477s][info ][safepoint     ] Application time: 1.0006314 seconds
[2023-10-18T23:07:24.357+0000][931.478s][info ][safepoint     ] Entering safepoint region: Cleanup
[2023-10-18T23:07:24.358+0000][931.478s][info ][safepoint     ] Leaving safepoint region
[2023-10-18T23:07:24.358+0000][931.478s][info ][safepoint     ] Total time for which application threads were stopped: 0.0008483 seconds, Stopping threads took: 0.0003889 seconds
[2023-10-18T23:07:25.359+0000][932.479s][debug][safepoint     ] Safepoint synchronization initiated. (174 threads)
[2023-10-18T23:07:25.360+0000][932.480s][info ][safepoint     ] Application time: 1.0011010 seconds
[2023-10-18T23:07:25.360+0000][932.481s][info ][safepoint     ] Entering safepoint region: Cleanup
[2023-10-18T23:07:25.361+0000][932.481s][info ][safepoint     ] Leaving safepoint region
[2023-10-18T23:07:25.362+0000][932.482s][info ][safepoint     ] Total time for which application threads were stopped: 0.0015477 seconds, Stopping threads took: 0.0007441 seconds
[2023-10-18T23:07:26.363+0000][933.483s][debug][safepoint     ] Safepoint synchronization initiated. (174 threads)
[2023-10-18T23:07:26.364+0000][933.484s][info ][safepoint     ] Application time: 1.0013835 seconds
[2023-10-18T23:07:26.365+0000][933.485s][info ][safepoint     ] Entering safepoint region: Cleanup
[2023-10-18T23:07:26.366+0000][933.486s][info ][safepoint     ] Leaving safepoint region
[2023-10-18T23:07:26.367+0000][933.487s][info ][safepoint     ] Total time for which application threads were stopped: 0.0019035 seconds, Stopping threads took: 0.0007531 seconds
[2023-10-18T23:07:27.368+0000][934.488s][debug][safepoint     ] Safepoint synchronization initiated. (174 threads)
[2023-10-18T23:07:27.369+0000][934.489s][info ][safepoint     ] Application time: 1.0011589 seconds
[2023-10-18T23:07:27.369+0000][934.489s][info ][safepoint     ] Entering safepoint region: Cleanup
[2023-10-18T23:07:27.370+0000][934.490s][info ][safepoint     ] Leaving safepoint region
[2023-10-18T23:07:27.371+0000][934.491s][info ][safepoint     ] Total time for which application threads were stopped: 0.0016638 seconds, Stopping threads took: 0.0007381 seconds
[2023-10-18T23:07:28.372+0000][935.492s][debug][safepoint     ] Safepoint synchronization initiated. (174 threads)
[2023-10-18T23:07:28.372+0000][935.493s][info ][safepoint     ] Application time: 1.0007511 seconds
[2023-10-18T23:07:28.373+0000][935.493s][info ][safepoint     ] Entering safepoint region: Cleanup
[2023-10-18T23:07:28.374+0000][935.494s][info ][safepoint     ] Leaving safepoint region
[2023-10-18T23:07:28.374+0000][935.494s][info ][safepoint     ] Total time for which application threads were stopped: 0.0011560 seconds, Stopping threads took: 0.0005601 seconds
[2023-10-18T23:07:29.375+0000][936.495s][debug][safepoint     ] Safepoint synchronization initiated. (174 threads)
[2023-10-18T23:07:29.375+0000][936.496s][info ][safepoint     ] Application time: 1.0008263 seconds
[2023-10-18T23:07:29.376+0000][936.496s][info ][safepoint     ] Entering safepoint region: Cleanup
[2023-10-18T23:07:29.377+0000][936.497s][info ][safepoint     ] Leaving safepoint region
[2023-10-18T23:07:29.377+0000][936.497s][info ][safepoint     ] Total time for which application threads were stopped: 0.0012320 seconds, Stopping threads took: 0.0005844 seconds
[2023-10-18T23:07:30.378+0000][937.498s][debug][safepoint     ] Safepoint synchronization initiated. (174 threads)
[2023-10-18T23:07:30.378+0000][937.499s][info ][safepoint     ] Application time: 1.0008813 seconds
[2023-10-18T23:07:30.379+0000][937.499s][info ][safepoint     ] Entering safepoint region: Cleanup
[2023-10-18T23:07:30.380+0000][937.500s][info ][safepoint     ] Leaving safepoint region
[2023-10-18T23:07:30.380+0000][937.500s][info ][safepoint     ] Total time for which application threads were stopped: 0.0010246 seconds, Stopping threads took: 0.0004511 seconds
[2023-10-18T23:07:31.381+0000][938.501s][debug][safepoint     ] Safepoint synchronization initiated. (174 threads)
[2023-10-18T23:07:31.382+0000][938.502s][info ][safepoint     ] Application time: 1.0012829 seconds
[2023-10-18T23:07:31.382+0000][938.503s][info ][safepoint     ] Entering safepoint region: Cleanup
[2023-10-18T23:07:31.384+0000][938.504s][info ][safepoint     ] Leaving safepoint region
[2023-10-18T23:07:31.384+0000][938.504s][info ][safepoint     ] Total time for which application threads were stopped: 0.0019759 seconds, Stopping threads took: 0.0008740 seconds
[2023-10-18T23:07:31.384+0000][938.504s][debug][safepoint     ] ... found polling page return exception at pc = 0x00007f38b0b84ca4, stub =0x00007f38a8840600
[2023-10-18T23:07:31.384+0000][938.504s][debug][safepoint     ] ... found polling page return exception at pc = 0x00007f38b0b84ca4, stub =0x00007f38a8840600
[2023-10-18T23:07:31.384+0000][938.504s][debug][safepoint     ] ... found polling page return exception at pc = 0x00007f38b0b84ca4, stub =0x00007f38a8840600
[2023-10-18T23:07:31.384+0000][938.504s][debug][safepoint     ] ... found polling page return exception at pc = 0x00007f38b0b84ca4, stub =0x00007f38a8840600
[2023-10-18T23:07:31.384+0000][938.504s][debug][safepoint     ] ... found polling page return exception at pc = 0x00007f38b0b84ca4, stub =0x00007f38a8840600
[2023-10-18T23:07:32.385+0000][939.505s][debug][safepoint     ] Safepoint synchronization initiated. (174 threads)
[2023-10-18T23:07:32.386+0000][939.506s][info ][safepoint     ] Application time: 1.0011734 seconds
[2023-10-18T23:07:32.387+0000][939.507s][info ][safepoint     ] Entering safepoint region: Cleanup
[2023-10-18T23:07:32.388+0000][939.508s][info ][safepoint     ] Leaving safepoint region
[2023-10-18T23:07:32.389+0000][939.509s][info ][safepoint     ] Total time for which application threads were stopped: 0.0015846 seconds, Stopping threads took: 0.0007014 seconds
[2023-10-18T23:07:33.390+0000][940.510s][debug][safepoint     ] Safepoint synchronization initiated. (174 threads)
[2023-10-18T23:07:33.391+0000][940.511s][info ][safepoint     ] Application time: 1.0011796 seconds
[2023-10-18T23:07:33.391+0000][940.512s][info ][safepoint     ] Entering safepoint region: Cleanup
[2023-10-18T23:07:33.392+0000][940.513s][info ][safepoint     ] Leaving safepoint region
[2023-10-18T23:07:33.393+0000][940.513s][info ][safepoint     ] Total time for which application threads were stopped: 0.0017952 seconds, Stopping threads took: 0.0007765 seconds
[2023-10-18T23:07:34.394+0000][941.514s][debug][safepoint     ] Safepoint synchronization initiated. (174 threads)
[2023-10-18T23:07:34.395+0000][941.515s][info ][safepoint     ] Application time: 1.0008365 seconds
[2023-10-18T23:07:34.395+0000][941.515s][info ][safepoint     ] Entering safepoint region: Cleanup
[2023-10-18T23:07:34.396+0000][941.516s][info ][safepoint     ] Leaving safepoint region
[2023-10-18T23:07:34.397+0000][941.517s][info ][safepoint     ] Total time for which application threads were stopped: 0.0014581 seconds, Stopping threads took: 0.0006428 seconds
[2023-10-18T23:07:35.398+0000][942.518s][debug][safepoint     ] Safepoint synchronization initiated. (174 threads)
[2023-10-18T23:07:35.398+0000][942.518s][info ][safepoint     ] Application time: 1.0010548 seconds
[2023-10-18T23:07:35.399+0000][942.519s][info ][safepoint     ] Entering safepoint region: Cleanup
[2023-10-18T23:07:35.400+0000][942.520s][info ][safepoint     ] Leaving safepoint region
[2023-10-18T23:07:35.400+0000][942.521s][info ][safepoint     ] Total time for which application threads were stopped: 0.0014571 seconds, Stopping threads took: 0.0006622 seconds
[2023-10-18T23:07:36.401+0000][943.521s][debug][safepoint     ] Safepoint synchronization initiated. (174 threads)
[2023-10-18T23:07:36.402+0000][943.522s][info ][safepoint     ] Application time: 1.0012116 seconds
[2023-10-18T23:07:36.403+0000][943.523s][info ][safepoint     ] Entering safepoint region: Cleanup
[2023-10-18T23:07:36.404+0000][943.524s][info ][safepoint     ] Leaving safepoint region
[2023-10-18T23:07:36.405+0000][943.525s][info ][safepoint     ] Total time for which application threads were stopped: 0.0016382 seconds, Stopping threads took: 0.0008124 seconds
[2023-10-18T23:07:37.405+0000][944.526s][debug][safepoint     ] Safepoint synchronization initiated. (174 threads)
[2023-10-18T23:07:37.407+0000][944.527s][info ][safepoint     ] Application time: 1.0012727 seconds
[2023-10-18T23:07:37.407+0000][944.528s][info ][safepoint     ] Entering safepoint region: Cleanup
[2023-10-18T23:07:37.409+0000][944.529s][info ][safepoint     ] Leaving safepoint region
[2023-10-18T23:07:37.409+0000][944.530s][info ][safepoint     ] Total time for which application threads were stopped: 0.0020417 seconds, Stopping threads took: 0.0008727 seconds
[2023-10-18T23:07:38.410+0000][945.530s][debug][safepoint     ] Safepoint synchronization initiated. (174 threads)
[2023-10-18T23:07:38.411+0000][945.531s][info ][safepoint     ] Application time: 1.0005980 seconds
[2023-10-18T23:07:38.411+0000][945.531s][info ][safepoint     ] Entering safepoint region: Cleanup
[2023-10-18T23:07:38.412+0000][945.532s][info ][safepoint     ] Leaving safepoint region
[2023-10-18T23:07:38.412+0000][945.532s][info ][safepoint     ] Total time for which application threads were stopped: 0.0009119 seconds, Stopping threads took: 0.0004009 seconds
[2023-10-18T23:07:39.413+0000][946.533s][debug][safepoint     ] Safepoint synchronization initiated. (174 threads)
[2023-10-18T23:07:39.414+0000][946.534s][info ][safepoint     ] Application time: 1.0010940 seconds
[2023-10-18T23:07:39.414+0000][946.534s][info ][safepoint     ] Entering safepoint region: Cleanup
[2023-10-18T23:07:39.415+0000][946.535s][info ][safepoint     ] Leaving safepoint region
[2023-10-18T23:07:39.416+0000][946.536s][info ][safepoint     ] Total time for which application threads were stopped: 0.0014951 seconds, Stopping threads took: 0.0006097 seconds
[2023-10-18T23:07:40.417+0000][947.536s][debug][safepoint     ] Safepoint synchronization initiated. (174 threads)
[2023-10-18T23:07:40.417+0000][947.537s][info ][safepoint     ] Application time: 1.0010381 seconds
[2023-10-18T23:07:40.418+0000][947.538s][info ][safepoint     ] Entering safepoint region: Cleanup
[2023-10-18T23:07:40.419+0000][947.539s][info ][safepoint     ] Leaving safepoint region
[2023-10-18T23:07:40.420+0000][947.539s][info ][safepoint     ] Total time for which application threads were stopped: 0.0011955 seconds, Stopping threads took: 0.0005270 seconds
[2023-10-18T23:07:41.420+0000][948.540s][debug][safepoint     ] Safepoint synchronization initiated. (174 threads)
[2023-10-18T23:07:41.421+0000][948.541s][info ][safepoint     ] Application time: 1.0010510 seconds
[2023-10-18T23:07:41.421+0000][948.541s][info ][safepoint     ] Entering safepoint region: Cleanup
[2023-10-18T23:07:41.422+0000][948.542s][info ][safepoint     ] Leaving safepoint region
[2023-10-18T23:07:41.422+0000][948.542s][info ][safepoint     ] Total time for which application threads were stopped: 0.0009001 seconds, Stopping threads took: 0.0003754 seconds
[2023-10-18T23:07:42.423+0000][949.543s][debug][safepoint     ] Safepoint synchronization initiated. (174 threads)
[2023-10-18T23:07:42.424+0000][949.544s][info ][safepoint     ] Application time: 1.0012387 seconds
[2023-10-18T23:07:42.425+0000][949.545s][info ][safepoint     ] Entering safepoint region: Cleanup
[2023-10-18T23:07:42.426+0000][949.546s][info ][safepoint     ] Leaving safepoint region
[2023-10-18T23:07:42.427+0000][949.546s][info ][safepoint     ] Total time for which application threads were stopped: 0.0017210 seconds, Stopping threads took: 0.0009353 seconds
[2023-10-18T23:07:43.427+0000][950.547s][debug][safepoint     ] Safepoint synchronization initiated. (174 threads)
[2023-10-18T23:07:43.428+0000][950.548s][info ][safepoint     ] Application time: 1.0008288 seconds
[2023-10-18T23:07:43.428+0000][950.548s][info ][safepoint     ] Entering safepoint region: Cleanup
[2023-10-18T23:07:43.429+0000][950.549s][info ][safepoint     ] Leaving safepoint region
[2023-10-18T23:07:43.429+0000][950.549s][info ][safepoint     ] Total time for which application threads were stopped: 0.0010033 seconds, Stopping threads took: 0.0004455 seconds
[2023-10-18T23:07:44.430+0000][951.550s][debug][safepoint     ] Safepoint synchronization initiated. (174 threads)
[2023-10-18T23:07:44.430+0000][951.550s][info ][safepoint     ] Application time: 1.0006519 seconds
[2023-10-18T23:07:44.431+0000][951.551s][info ][safepoint     ] Entering safepoint region: Cleanup
[2023-10-18T23:07:44.431+0000][951.551s][info ][safepoint     ] Leaving safepoint region
[2023-10-18T23:07:44.432+0000][951.552s][info ][safepoint     ] Total time for which application threads were stopped: 0.0010155 seconds, Stopping threads took: 0.0004467 seconds
[2023-10-18T23:07:45.432+0000][952.552s][debug][safepoint     ] Safepoint synchronization initiated. (174 threads)
[2023-10-18T23:07:45.433+0000][952.553s][info ][safepoint     ] Application time: 1.0006674 seconds
[2023-10-18T23:07:45.434+0000][952.553s][info ][safepoint     ] Entering safepoint region: Cleanup
[2023-10-18T23:07:45.434+0000][952.554s][info ][safepoint     ] Leaving safepoint region
[2023-10-18T23:07:45.435+0000][952.555s][info ][safepoint     ] Total time for which application threads were stopped: 0.0013695 seconds, Stopping threads took: 0.0006798 seconds
[2023-10-18T23:07:46.435+0000][953.555s][debug][safepoint     ] Safepoint synchronization initiated. (174 threads)
[2023-10-18T23:07:46.436+0000][953.556s][info ][safepoint     ] Application time: 1.0007754 seconds
[2023-10-18T23:07:46.437+0000][953.557s][info ][safepoint     ] Entering safepoint region: Cleanup
[2023-10-18T23:07:46.437+0000][953.557s][info ][safepoint     ] Leaving safepoint region
[2023-10-18T23:07:46.438+0000][953.557s][info ][safepoint     ] Total time for which application threads were stopped: 0.0009378 seconds, Stopping threads took: 0.0004483 seconds
[2023-10-18T23:07:47.438+0000][954.558s][debug][safepoint     ] Safepoint synchronization initiated. (174 threads)
[2023-10-18T23:07:47.439+0000][954.559s][info ][safepoint     ] Application time: 1.0008243 seconds
[2023-10-18T23:07:47.439+0000][954.559s][info ][safepoint     ] Entering safepoint region: Cleanup
[2023-10-18T23:07:47.440+0000][954.560s][info ][safepoint     ] Leaving safepoint region
[2023-10-18T23:07:47.440+0000][954.560s][info ][safepoint     ] Total time for which application threads were stopped: 0.0012244 seconds, Stopping threads took: 0.0005762 seconds
[2023-10-18T23:07:48.441+0000][955.561s][debug][safepoint     ] Safepoint synchronization initiated. (174 threads)
[2023-10-18T23:07:48.442+0000][955.561s][info ][safepoint     ] Application time: 1.0007473 seconds
[2023-10-18T23:07:48.442+0000][955.562s][info ][safepoint     ] Entering safepoint region: Cleanup
[2023-10-18T23:07:48.443+0000][955.563s][info ][safepoint     ] Leaving safepoint region
[2023-10-18T23:07:48.444+0000][955.563s][info ][safepoint     ] Total time for which application threads were stopped: 0.0015525 seconds, Stopping threads took: 0.0008556 seconds
[2023-10-18T23:07:49.444+0000][956.564s][debug][safepoint     ] Safepoint synchronization initiated. (174 threads)
[2023-10-18T23:07:49.445+0000][956.565s][info ][safepoint     ] Application time: 1.0005906 seconds
[2023-10-18T23:07:49.445+0000][956.565s][info ][safepoint     ] Entering safepoint region: Cleanup
[2023-10-18T23:07:49.446+0000][956.566s][info ][safepoint     ] Leaving safepoint region
[2023-10-18T23:07:49.447+0000][956.566s][info ][safepoint     ] Total time for which application threads were stopped: 0.0012054 seconds, Stopping threads took: 0.0004111 seconds
[2023-10-18T23:07:50.447+0000][957.567s][debug][safepoint     ] Safepoint synchronization initiated. (174 threads)
[2023-10-18T23:07:50.448+0000][957.567s][info ][safepoint     ] Application time: 1.0006747 seconds
[2023-10-18T23:07:50.448+0000][957.568s][debug][safepoint     ] ... found polling page return exception at pc = 0x00007f38b0b6e544, stub =0x00007f38a8840600
[2023-10-18T23:07:50.448+0000][957.568s][debug][safepoint     ] ... found polling page return exception at pc = 0x00007f38b0979a76, stub =0x00007f38a8840600
[2023-10-18T23:07:50.448+0000][957.568s][debug][safepoint     ] ... found polling page return exception at pc = 0x00007f38b0b6e544, stub =0x00007f38a8840600
[2023-10-18T23:07:50.448+0000][957.568s][debug][safepoint     ] ... found polling page return exception at pc = 0x00007f38b096189c, stub =0x00007f38a8840600
[2023-10-18T23:07:50.450+0000][957.570s][debug][safepoint     ] Waiting for 4 thread(s) to block
[2023-10-18T23:07:50.451+0000][957.571s][info ][safepoint     ] Entering safepoint region: Cleanup
[2023-10-18T23:07:50.451+0000][957.571s][info ][safepoint     ] Leaving safepoint region
[2023-10-18T23:07:50.452+0000][957.572s][info ][safepoint     ] Total time for which application threads were stopped: 0.0038057 seconds, Stopping threads took: 0.0032550 seconds
[2023-10-18T23:07:51.452+0000][958.572s][debug][safepoint     ] Safepoint synchronization initiated. (174 threads)
[2023-10-18T23:07:51.453+0000][958.573s][info ][safepoint     ] Application time: 1.0007339 seconds
[2023-10-18T23:07:51.453+0000][958.573s][info ][safepoint     ] Entering safepoint region: Cleanup
[2023-10-18T23:07:51.454+0000][958.574s][info ][safepoint     ] Leaving safepoint region
[2023-10-18T23:07:51.455+0000][958.574s][info ][safepoint     ] Total time for which application threads were stopped: 0.0013156 seconds, Stopping threads took: 0.0005278 seconds
[2023-10-18T23:07:52.455+0000][959.575s][debug][safepoint     ] Safepoint synchronization initiated. (174 threads)
[2023-10-18T23:07:52.456+0000][959.575s][info ][safepoint     ] Application time: 1.0005729 seconds
[2023-10-18T23:07:52.456+0000][959.576s][info ][safepoint     ] Entering safepoint region: Cleanup
[2023-10-18T23:07:52.457+0000][959.576s][info ][safepoint     ] Leaving safepoint region
[2023-10-18T23:07:52.457+0000][959.577s][info ][safepoint     ] Total time for which application threads were stopped: 0.0008712 seconds, Stopping threads took: 0.0003737 seconds
[2023-10-18T23:07:53.457+0000][960.577s][debug][safepoint     ] Safepoint synchronization initiated. (174 threads)
[2023-10-18T23:07:53.458+0000][960.578s][info ][safepoint     ] Application time: 1.0006130 seconds
[2023-10-18T23:07:53.458+0000][960.578s][info ][safepoint     ] Entering safepoint region: Cleanup
[2023-10-18T23:07:53.459+0000][960.579s][info ][safepoint     ] Leaving safepoint region
[2023-10-18T23:07:53.459+0000][960.579s][info ][safepoint     ] Total time for which application threads were stopped: 0.0008980 seconds, Stopping threads took: 0.0004113 seconds
[2023-10-18T23:07:54.460+0000][961.579s][debug][safepoint     ] Safepoint synchronization initiated. (174 threads)
[2023-10-18T23:07:54.460+0000][961.580s][info ][safepoint     ] Application time: 1.0006519 seconds
[2023-10-18T23:07:54.461+0000][961.580s][info ][safepoint     ] Entering safepoint region: Cleanup
[2023-10-18T23:07:54.461+0000][961.581s][info ][safepoint     ] Leaving safepoint region
[2023-10-18T23:07:54.461+0000][961.581s][info ][safepoint     ] Total time for which application threads were stopped: 0.0008796 seconds, Stopping threads took: 0.0003958 seconds
[2023-10-18T23:07:55.462+0000][962.582s][debug][safepoint     ] Safepoint synchronization initiated. (174 threads)
[2023-10-18T23:07:55.462+0000][962.582s][info ][safepoint     ] Application time: 1.0005592 seconds
[2023-10-18T23:07:55.463+0000][962.582s][info ][safepoint     ] Entering safepoint region: Cleanup
[2023-10-18T23:07:55.463+0000][962.583s][info ][safepoint     ] Leaving safepoint region
[2023-10-18T23:07:55.464+0000][962.583s][info ][safepoint     ] Total time for which application threads were stopped: 0.0008954 seconds, Stopping threads took: 0.0003955 seconds
[2023-10-18T23:07:56.464+0000][963.584s][debug][safepoint     ] Safepoint synchronization initiated. (174 threads)
[2023-10-18T23:07:56.464+0000][963.584s][info ][safepoint     ] Application time: 1.0006170 seconds
[2023-10-18T23:07:56.465+0000][963.585s][info ][safepoint     ] Entering safepoint region: Cleanup
[2023-10-18T23:07:56.465+0000][963.585s][info ][safepoint     ] Leaving safepoint region
[2023-10-18T23:07:56.466+0000][963.585s][info ][safepoint     ] Total time for which application threads were stopped: 0.0009257 seconds, Stopping threads took: 0.0003821 seconds
[2023-10-18T23:07:57.466+0000][964.586s][debug][safepoint     ] Safepoint synchronization initiated. (174 threads)
[2023-10-18T23:07:57.467+0000][964.587s][info ][safepoint     ] Application time: 1.0009306 seconds
[2023-10-18T23:07:57.468+0000][964.587s][info ][safepoint     ] Entering safepoint region: Cleanup
[2023-10-18T23:07:57.469+0000][964.588s][info ][safepoint     ] Leaving safepoint region
[2023-10-18T23:07:57.469+0000][964.589s][info ][safepoint     ] Total time for which application threads were stopped: 0.0013990 seconds, Stopping threads took: 0.0006973 seconds
[2023-10-18T23:07:58.470+0000][965.589s][debug][safepoint     ] Safepoint synchronization initiated. (174 threads)
[2023-10-18T23:07:58.470+0000][965.590s][info ][safepoint     ] Application time: 1.0007177 seconds
[2023-10-18T23:07:58.471+0000][965.591s][info ][safepoint     ] Entering safepoint region: Cleanup
[2023-10-18T23:07:58.471+0000][965.591s][info ][safepoint     ] Leaving safepoint region
[2023-10-18T23:07:58.472+0000][965.591s][info ][safepoint     ] Total time for which application threads were stopped: 0.0010076 seconds, Stopping threads took: 0.0004104 seconds
[2023-10-18T23:07:59.472+0000][966.592s][debug][safepoint     ] Safepoint synchronization initiated. (174 threads)
[2023-10-18T23:07:59.473+0000][966.593s][info ][safepoint     ] Application time: 1.0008008 seconds
[2023-10-18T23:07:59.473+0000][966.593s][info ][safepoint     ] Entering safepoint region: Cleanup
[2023-10-18T23:07:59.474+0000][966.594s][info ][safepoint     ] Leaving safepoint region
[2023-10-18T23:07:59.474+0000][966.594s][info ][safepoint     ] Total time for which application threads were stopped: 0.0011083 seconds, Stopping threads took: 0.0004406 seconds
[2023-10-18T23:08:00.475+0000][967.595s][debug][safepoint     ] Safepoint synchronization initiated. (174 threads)
[2023-10-18T23:08:00.476+0000][967.595s][info ][safepoint     ] Application time: 1.0007933 seconds
[2023-10-18T23:08:00.476+0000][967.596s][info ][safepoint     ] Entering safepoint region: Cleanup
[2023-10-18T23:08:00.477+0000][967.597s][info ][safepoint     ] Leaving safepoint region
[2023-10-18T23:08:00.478+0000][967.598s][info ][safepoint     ] Total time for which application threads were stopped: 0.0016135 seconds, Stopping threads took: 0.0005869 seconds
[2023-10-18T23:08:01.479+0000][968.598s][debug][safepoint     ] Safepoint synchronization initiated. (174 threads)
[2023-10-18T23:08:01.480+0000][968.599s][info ][safepoint     ] Application time: 1.0012254 seconds
[2023-10-18T23:08:01.481+0000][968.600s][debug][safepoint     ] ... found polling page loop exception at pc = 0x00007f38b12836ea, stub =0x00007f38a8843680
[2023-10-18T23:08:01.481+0000][968.601s][debug][safepoint     ] Waiting for 1 thread(s) to block
[2023-10-18T23:08:01.482+0000][968.602s][info ][safepoint     ] Entering safepoint region: Cleanup
[2023-10-18T23:08:01.483+0000][968.603s][info ][safepoint     ] Leaving safepoint region
[2023-10-18T23:08:01.484+0000][968.604s][info ][safepoint     ] Total time for which application threads were stopped: 0.0034782 seconds, Stopping threads took: 0.0025700 seconds
[2023-10-18T23:08:02.485+0000][969.605s][debug][safepoint     ] Safepoint synchronization initiated. (174 threads)
[2023-10-18T23:08:02.486+0000][969.606s][info ][safepoint     ] Application time: 1.0011232 seconds
[2023-10-18T23:08:02.487+0000][969.607s][info ][safepoint     ] Entering safepoint region: Cleanup
[2023-10-18T23:08:02.488+0000][969.608s][info ][safepoint     ] Leaving safepoint region
[2023-10-18T23:08:02.488+0000][969.608s][info ][safepoint     ] Total time for which application threads were stopped: 0.0015107 seconds, Stopping threads took: 0.0007901 seconds
[2023-10-18T23:08:03.489+0000][970.609s][debug][safepoint     ] Safepoint synchronization initiated. (174 threads)
[2023-10-18T23:08:03.490+0000][970.609s][info ][safepoint     ] Application time: 1.0006227 seconds
[2023-10-18T23:08:03.490+0000][970.610s][info ][safepoint     ] Entering safepoint region: Cleanup
[2023-10-18T23:08:03.491+0000][970.610s][info ][safepoint     ] Leaving safepoint region
[2023-10-18T23:08:03.491+0000][970.611s][info ][safepoint     ] Total time for which application threads were stopped: 0.0009133 seconds, Stopping threads took: 0.0004342 seconds
[2023-10-18T23:08:04.491+0000][971.611s][debug][safepoint     ] Safepoint synchronization initiated. (174 threads)
[2023-10-18T23:08:04.509+0000][971.629s][info ][safepoint     ] Application time: 1.0181431 seconds
[2023-10-18T23:08:04.510+0000][971.630s][info ][safepoint     ] Entering safepoint region: Cleanup
[2023-10-18T23:08:04.511+0000][971.631s][info ][safepoint     ] Leaving safepoint region
[2023-10-18T23:08:04.513+0000][971.633s][info ][safepoint     ] Total time for which application threads were stopped: 0.0030774 seconds, Stopping threads took: 0.0009355 seconds
[2023-10-18T23:08:05.514+0000][972.634s][debug][safepoint     ] Safepoint synchronization initiated. (174 threads)
[2023-10-18T23:08:05.515+0000][972.634s][info ][safepoint     ] Application time: 1.0008636 seconds
[2023-10-18T23:08:05.515+0000][972.635s][info ][safepoint     ] Entering safepoint region: Cleanup
[2023-10-18T23:08:05.516+0000][972.636s][info ][safepoint     ] Leaving safepoint region
[2023-10-18T23:08:05.517+0000][972.636s][info ][safepoint     ] Total time for which application threads were stopped: 0.0012784 seconds, Stopping threads took: 0.0005971 seconds
[2023-10-18T23:08:06.517+0000][973.637s][debug][safepoint     ] Safepoint synchronization initiated. (174 threads)
[2023-10-18T23:08:06.518+0000][973.638s][info ][safepoint     ] Application time: 1.0010652 seconds
[2023-10-18T23:08:06.519+0000][973.639s][info ][safepoint     ] Entering safepoint region: Cleanup
[2023-10-18T23:08:06.520+0000][973.640s][info ][safepoint     ] Leaving safepoint region
[2023-10-18T23:08:06.521+0000][973.640s][info ][safepoint     ] Total time for which application threads were stopped: 0.0017119 seconds, Stopping threads took: 0.0008149 seconds
[2023-10-18T23:08:07.522+0000][974.641s][debug][safepoint     ] Safepoint synchronization initiated. (174 threads)
[2023-10-18T23:08:07.523+0000][974.642s][info ][safepoint     ] Application time: 1.0013594 seconds
[2023-10-18T23:08:07.524+0000][974.643s][info ][safepoint     ] Entering safepoint region: Cleanup
[2023-10-18T23:08:07.525+0000][974.645s][info ][safepoint     ] Leaving safepoint region
[2023-10-18T23:08:07.525+0000][974.645s][info ][safepoint     ] Total time for which application threads were stopped: 0.0019795 seconds, Stopping threads took: 0.0009841 seconds
[2023-10-18T23:08:08.526+0000][975.646s][debug][safepoint     ] Safepoint synchronization initiated. (174 threads)
[2023-10-18T23:08:08.527+0000][975.647s][info ][safepoint     ] Application time: 1.0011384 seconds
[2023-10-18T23:08:08.528+0000][975.648s][info ][safepoint     ] Entering safepoint region: Cleanup
[2023-10-18T23:08:08.529+0000][975.649s][info ][safepoint     ] Leaving safepoint region
[2023-10-18T23:08:08.530+0000][975.650s][info ][safepoint     ] Total time for which application threads were stopped: 0.0019018 seconds, Stopping threads took: 0.0008599 seconds
[2023-10-18T23:08:09.531+0000][976.651s][debug][safepoint     ] Safepoint synchronization initiated. (174 threads)
[2023-10-18T23:08:09.532+0000][976.652s][info ][safepoint     ] Application time: 1.0013258 seconds
[2023-10-18T23:08:09.533+0000][976.652s][info ][safepoint     ] Entering safepoint region: Cleanup
[2023-10-18T23:08:09.533+0000][976.653s][info ][safepoint     ] Leaving safepoint region
[2023-10-18T23:08:09.534+0000][976.653s][info ][safepoint     ] Total time for which application threads were stopped: 0.0011889 seconds, Stopping threads took: 0.0005348 seconds
[2023-10-18T23:08:10.535+0000][977.654s][debug][safepoint     ] Safepoint synchronization initiated. (174 threads)
[2023-10-18T23:08:10.536+0000][977.655s][info ][safepoint     ] Application time: 1.0012477 seconds
[2023-10-18T23:08:10.537+0000][977.656s][info ][safepoint     ] Entering safepoint region: Cleanup
[2023-10-18T23:08:10.538+0000][977.657s][info ][safepoint     ] Leaving safepoint region
[2023-10-18T23:08:10.538+0000][977.658s][info ][safepoint     ] Total time for which application threads were stopped: 0.0017207 seconds, Stopping threads took: 0.0008299 seconds
[2023-10-18T23:08:11.539+0000][978.659s][debug][safepoint     ] Safepoint synchronization initiated. (174 threads)
[2023-10-18T23:08:11.540+0000][978.660s][info ][safepoint     ] Application time: 1.0011211 seconds
[2023-10-18T23:08:11.541+0000][978.660s][info ][safepoint     ] Entering safepoint region: Cleanup
[2023-10-18T23:08:11.542+0000][978.661s][info ][safepoint     ] Leaving safepoint region
[2023-10-18T23:08:11.542+0000][978.662s][info ][safepoint     ] Total time for which application threads were stopped: 0.0014357 seconds, Stopping threads took: 0.0006841 seconds
[2023-10-18T23:08:12.543+0000][979.663s][debug][safepoint     ] Safepoint synchronization initiated. (173 threads)
[2023-10-18T23:08:12.544+0000][979.663s][info ][safepoint     ] Application time: 1.0005926 seconds
[2023-10-18T23:08:12.544+0000][979.663s][info ][safepoint     ] Entering safepoint region: Cleanup
[2023-10-18T23:08:12.545+0000][979.664s][info ][safepoint     ] Leaving safepoint region
[2023-10-18T23:08:12.545+0000][979.665s][info ][safepoint     ] Total time for which application threads were stopped: 0.0011590 seconds, Stopping threads took: 0.0004961 seconds
[2023-10-18T23:08:13.546+0000][980.665s][debug][safepoint     ] Safepoint synchronization initiated. (173 threads)
[2023-10-18T23:08:13.546+0000][980.666s][info ][safepoint     ] Application time: 1.0006687 seconds
[2023-10-18T23:08:13.547+0000][980.666s][info ][safepoint     ] Entering safepoint region: Cleanup
[2023-10-18T23:08:13.547+0000][980.667s][info ][safepoint     ] Leaving safepoint region
[2023-10-18T23:08:13.547+0000][980.667s][info ][safepoint     ] Total time for which application threads were stopped: 0.0009004 seconds, Stopping threads took: 0.0003973 seconds
[2023-10-18T23:08:14.548+0000][981.667s][debug][safepoint     ] Safepoint synchronization initiated. (173 threads)
[2023-10-18T23:08:14.549+0000][981.668s][info ][safepoint     ] Application time: 1.0008393 seconds
[2023-10-18T23:08:14.549+0000][981.669s][info ][safepoint     ] Entering safepoint region: Cleanup
[2023-10-18T23:08:14.550+0000][981.669s][info ][safepoint     ] Leaving safepoint region
[2023-10-18T23:08:14.550+0000][981.670s][info ][safepoint     ] Total time for which application threads were stopped: 0.0010932 seconds, Stopping threads took: 0.0004497 seconds
[2023-10-18T23:08:15.551+0000][982.670s][debug][safepoint     ] Safepoint synchronization initiated. (173 threads)
[2023-10-18T23:08:15.551+0000][982.671s][info ][safepoint     ] Application time: 1.0008726 seconds
[2023-10-18T23:08:15.552+0000][982.672s][info ][safepoint     ] Entering safepoint region: Cleanup
[2023-10-18T23:08:15.553+0000][982.672s][info ][safepoint     ] Leaving safepoint region
[2023-10-18T23:08:15.553+0000][982.673s][info ][safepoint     ] Total time for which application threads were stopped: 0.0011998 seconds, Stopping threads took: 0.0005140 seconds
[2023-10-18T23:08:16.554+0000][983.673s][debug][safepoint     ] Safepoint synchronization initiated. (173 threads)
[2023-10-18T23:08:16.555+0000][983.674s][info ][safepoint     ] Application time: 1.0008350 seconds
[2023-10-18T23:08:16.555+0000][983.675s][info ][safepoint     ] Entering safepoint region: Cleanup
[2023-10-18T23:08:16.556+0000][983.675s][info ][safepoint     ] Leaving safepoint region
[2023-10-18T23:08:16.556+0000][983.676s][info ][safepoint     ] Total time for which application threads were stopped: 0.0011650 seconds, Stopping threads took: 0.0005802 seconds
[2023-10-18T23:08:17.557+0000][984.676s][debug][safepoint     ] Safepoint synchronization initiated. (173 threads)
[2023-10-18T23:08:17.557+0000][984.677s][info ][safepoint     ] Application time: 1.0007510 seconds
[2023-10-18T23:08:17.558+0000][984.677s][info ][safepoint     ] Entering safepoint region: Cleanup
[2023-10-18T23:08:17.559+0000][984.678s][info ][safepoint     ] Leaving safepoint region
[2023-10-18T23:08:17.559+0000][984.679s][info ][safepoint     ] Total time for which application threads were stopped: 0.0011160 seconds, Stopping threads took: 0.0004971 seconds
[2023-10-18T23:08:18.560+0000][985.679s][debug][safepoint     ] Safepoint synchronization initiated. (173 threads)
[2023-10-18T23:08:18.560+0000][985.680s][info ][safepoint     ] Application time: 1.0008886 seconds
[2023-10-18T23:08:18.561+0000][985.680s][info ][safepoint     ] Entering safepoint region: Cleanup
[2023-10-18T23:08:18.562+0000][985.681s][info ][safepoint     ] Leaving safepoint region
[2023-10-18T23:08:18.562+0000][985.682s][info ][safepoint     ] Total time for which application threads were stopped: 0.0012573 seconds, Stopping threads took: 0.0005378 seconds
[2023-10-18T23:08:19.563+0000][986.682s][debug][safepoint     ] Safepoint synchronization initiated. (173 threads)
[2023-10-18T23:08:19.563+0000][986.683s][info ][safepoint     ] Application time: 1.0006998 seconds
[2023-10-18T23:08:19.564+0000][986.683s][info ][safepoint     ] Entering safepoint region: Cleanup
[2023-10-18T23:08:19.564+0000][986.684s][info ][safepoint     ] Leaving safepoint region
[2023-10-18T23:08:19.565+0000][986.684s][info ][safepoint     ] Total time for which application threads were stopped: 0.0011743 seconds, Stopping threads took: 0.0005846 seconds
[2023-10-18T23:08:20.565+0000][987.685s][debug][safepoint     ] Safepoint synchronization initiated. (173 threads)
[2023-10-18T23:08:20.566+0000][987.685s][info ][safepoint     ] Application time: 1.0005928 seconds
[2023-10-18T23:08:20.566+0000][987.686s][info ][safepoint     ] Entering safepoint region: Cleanup
[2023-10-18T23:08:20.567+0000][987.686s][info ][safepoint     ] Leaving safepoint region
[2023-10-18T23:08:20.567+0000][987.687s][info ][safepoint     ] Total time for which application threads were stopped: 0.0009933 seconds, Stopping threads took: 0.0004521 seconds
[2023-10-18T23:08:21.568+0000][988.688s][debug][safepoint     ] Safepoint synchronization initiated. (173 threads)
[2023-10-18T23:08:21.569+0000][988.688s][info ][safepoint     ] Application time: 1.0010418 seconds
[2023-10-18T23:08:21.570+0000][988.689s][info ][safepoint     ] Entering safepoint region: Cleanup
[2023-10-18T23:08:21.570+0000][988.690s][info ][safepoint     ] Leaving safepoint region
[2023-10-18T23:08:21.571+0000][988.690s][info ][safepoint     ] Total time for which application threads were stopped: 0.0013915 seconds, Stopping threads took: 0.0005128 seconds
[2023-10-18T23:08:22.572+0000][989.691s][debug][safepoint     ] Safepoint synchronization initiated. (173 threads)
[2023-10-18T23:08:22.572+0000][989.692s][info ][safepoint     ] Application time: 1.0010456 seconds
[2023-10-18T23:08:22.573+0000][989.693s][info ][safepoint     ] Entering safepoint region: Cleanup
[2023-10-18T23:08:22.574+0000][989.694s][info ][safepoint     ] Leaving safepoint region
[2023-10-18T23:08:22.575+0000][989.694s][info ][safepoint     ] Total time for which application threads were stopped: 0.0014453 seconds, Stopping threads took: 0.0006509 seconds
[2023-10-18T23:08:23.575+0000][990.695s][debug][safepoint     ] Safepoint synchronization initiated. (173 threads)
[2023-10-18T23:08:23.576+0000][990.695s][info ][safepoint     ] Application time: 1.0006780 seconds
[2023-10-18T23:08:23.576+0000][990.696s][info ][safepoint     ] Entering safepoint region: Cleanup
[2023-10-18T23:08:23.577+0000][990.696s][info ][safepoint     ] Leaving safepoint region
[2023-10-18T23:08:23.577+0000][990.697s][info ][safepoint     ] Total time for which application threads were stopped: 0.0009764 seconds, Stopping threads took: 0.0004890 seconds
[2023-10-18T23:08:24.578+0000][991.697s][debug][safepoint     ] Safepoint synchronization initiated. (173 threads)
[2023-10-18T23:08:24.579+0000][991.699s][info ][safepoint     ] Application time: 1.0015395 seconds
[2023-10-18T23:08:24.580+0000][991.699s][info ][safepoint     ] Entering safepoint region: Cleanup
[2023-10-18T23:08:24.581+0000][991.700s][info ][safepoint     ] Leaving safepoint region
[2023-10-18T23:08:24.581+0000][991.701s][info ][safepoint     ] Total time for which application threads were stopped: 0.0013524 seconds, Stopping threads took: 0.0006727 seconds
[2023-10-18T23:08:25.582+0000][992.701s][debug][safepoint     ] Safepoint synchronization initiated. (173 threads)
[2023-10-18T23:08:25.582+0000][992.702s][info ][safepoint     ] Application time: 1.0009674 seconds
[2023-10-18T23:08:25.583+0000][992.703s][info ][safepoint     ] Entering safepoint region: Cleanup
[2023-10-18T23:08:25.584+0000][992.703s][info ][safepoint     ] Leaving safepoint region
[2023-10-18T23:08:25.584+0000][992.704s][info ][safepoint     ] Total time for which application threads were stopped: 0.0012344 seconds, Stopping threads took: 0.0005270 seconds
[2023-10-18T23:08:26.585+0000][993.705s][debug][safepoint     ] Safepoint synchronization initiated. (173 threads)
[2023-10-18T23:08:26.586+0000][993.705s][info ][safepoint     ] Application time: 1.0009211 seconds
[2023-10-18T23:08:26.587+0000][993.706s][info ][safepoint     ] Entering safepoint region: Cleanup
[2023-10-18T23:08:26.588+0000][993.707s][info ][safepoint     ] Leaving safepoint region
[2023-10-18T23:08:26.588+0000][993.708s][info ][safepoint     ] Total time for which application threads were stopped: 0.0013731 seconds, Stopping threads took: 0.0006422 seconds
[2023-10-18T23:08:27.589+0000][994.708s][debug][safepoint     ] Safepoint synchronization initiated. (173 threads)
[2023-10-18T23:08:27.589+0000][994.709s][info ][safepoint     ] Application time: 1.0007821 seconds
[2023-10-18T23:08:27.590+0000][994.710s][info ][safepoint     ] Entering safepoint region: Cleanup
[2023-10-18T23:08:27.591+0000][994.710s][info ][safepoint     ] Leaving safepoint region
[2023-10-18T23:08:27.591+0000][994.711s][info ][safepoint     ] Total time for which application threads were stopped: 0.0011099 seconds, Stopping threads took: 0.0004266 seconds
[2023-10-18T23:08:28.592+0000][995.711s][debug][safepoint     ] Safepoint synchronization initiated. (173 threads)
[2023-10-18T23:08:28.593+0000][995.712s][info ][safepoint     ] Application time: 1.0011007 seconds
[2023-10-18T23:08:28.593+0000][995.713s][info ][safepoint     ] Entering safepoint region: Cleanup
[2023-10-18T23:08:28.594+0000][995.714s][info ][safepoint     ] Leaving safepoint region
[2023-10-18T23:08:28.594+0000][995.714s][info ][safepoint     ] Total time for which application threads were stopped: 0.0012288 seconds, Stopping threads took: 0.0006352 seconds
[2023-10-18T23:08:29.595+0000][996.715s][debug][safepoint     ] Safepoint synchronization initiated. (173 threads)
[2023-10-18T23:08:29.596+0000][996.715s][info ][safepoint     ] Application time: 1.0007836 seconds
[2023-10-18T23:08:29.596+0000][996.716s][info ][safepoint     ] Entering safepoint region: Cleanup
[2023-10-18T23:08:29.597+0000][996.717s][info ][safepoint     ] Leaving safepoint region
[2023-10-18T23:08:29.598+0000][996.717s][info ][safepoint     ] Total time for which application threads were stopped: 0.0013700 seconds, Stopping threads took: 0.0006586 seconds
[2023-10-18T23:08:30.598+0000][997.718s][debug][safepoint     ] Safepoint synchronization initiated. (173 threads)
[2023-10-18T23:08:30.599+0000][997.719s][info ][safepoint     ] Application time: 1.0007793 seconds
[2023-10-18T23:08:30.600+0000][997.719s][info ][safepoint     ] Entering safepoint region: Cleanup
[2023-10-18T23:08:30.600+0000][997.720s][info ][safepoint     ] Leaving safepoint region
[2023-10-18T23:08:30.601+0000][997.720s][info ][safepoint     ] Total time for which application threads were stopped: 0.0012704 seconds, Stopping threads took: 0.0005601 seconds
[2023-10-18T23:08:31.602+0000][998.721s][debug][safepoint     ] Safepoint synchronization initiated. (173 threads)
[2023-10-18T23:08:31.602+0000][998.722s][info ][safepoint     ] Application time: 1.0010679 seconds
[2023-10-18T23:08:31.603+0000][998.722s][info ][safepoint     ] Entering safepoint region: Cleanup
[2023-10-18T23:08:31.604+0000][998.723s][info ][safepoint     ] Leaving safepoint region
[2023-10-18T23:08:31.604+0000][998.724s][info ][safepoint     ] Total time for which application threads were stopped: 0.0012738 seconds, Stopping threads took: 0.0005532 seconds
[2023-10-18T23:08:32.605+0000][999.724s][debug][safepoint     ] Safepoint synchronization initiated. (173 threads)
[2023-10-18T23:08:32.605+0000][999.725s][info ][safepoint     ] Application time: 1.0009146 seconds
[2023-10-18T23:08:32.606+0000][999.726s][info ][safepoint     ] Entering safepoint region: Cleanup
[2023-10-18T23:08:32.607+0000][999.726s][info ][safepoint     ] Leaving safepoint region
[2023-10-18T23:08:32.607+0000][999.727s][info ][safepoint     ] Total time for which application threads were stopped: 0.0012689 seconds, Stopping threads took: 0.0005782 seconds
[2023-10-18T23:08:33.608+0000][1000.727s][debug][safepoint     ] Safepoint synchronization initiated. (173 threads)
[2023-10-18T23:08:33.608+0000][1000.728s][info ][safepoint     ] Application time: 1.0007150 seconds
[2023-10-18T23:08:33.609+0000][1000.728s][info ][safepoint     ] Entering safepoint region: Cleanup
[2023-10-18T23:08:33.610+0000][1000.729s][info ][safepoint     ] Leaving safepoint region
[2023-10-18T23:08:33.610+0000][1000.730s][info ][safepoint     ] Total time for which application threads were stopped: 0.0013017 seconds, Stopping threads took: 0.0006028 seconds
[2023-10-18T23:08:34.611+0000][1001.730s][debug][safepoint     ] Safepoint synchronization initiated. (173 threads)
[2023-10-18T23:08:34.611+0000][1001.731s][info ][safepoint     ] Application time: 1.0008948 seconds
[2023-10-18T23:08:34.612+0000][1001.732s][info ][safepoint     ] Entering safepoint region: Cleanup
[2023-10-18T23:08:34.613+0000][1001.733s][info ][safepoint     ] Leaving safepoint region
[2023-10-18T23:08:34.614+0000][1001.733s][info ][safepoint     ] Total time for which application threads were stopped: 0.0016605 seconds, Stopping threads took: 0.0007486 seconds
[2023-10-18T23:08:35.615+0000][1002.734s][debug][safepoint     ] Safepoint synchronization initiated. (173 threads)
[2023-10-18T23:08:35.615+0000][1002.735s][info ][safepoint     ] Application time: 1.0009963 seconds
[2023-10-18T23:08:35.616+0000][1002.736s][info ][safepoint     ] Entering safepoint region: Cleanup
[2023-10-18T23:08:35.617+0000][1002.737s][info ][safepoint     ] Leaving safepoint region
[2023-10-18T23:08:35.618+0000][1002.737s][info ][safepoint     ] Total time for which application threads were stopped: 0.0014327 seconds, Stopping threads took: 0.0005967 seconds
[2023-10-18T23:08:36.618+0000][1003.738s][debug][safepoint     ] Safepoint synchronization initiated. (173 threads)
[2023-10-18T23:08:36.619+0000][1003.739s][info ][safepoint     ] Application time: 1.0011116 seconds
[2023-10-18T23:08:36.620+0000][1003.740s][info ][safepoint     ] Entering safepoint region: Cleanup
[2023-10-18T23:08:36.621+0000][1003.741s][info ][safepoint     ] Leaving safepoint region
[2023-10-18T23:08:36.622+0000][1003.741s][info ][safepoint     ] Total time for which application threads were stopped: 0.0017473 seconds, Stopping threads took: 0.0007804 seconds
[2023-10-18T23:08:37.623+0000][1004.742s][debug][safepoint     ] Safepoint synchronization initiated. (173 threads)
[2023-10-18T23:08:37.624+0000][1004.743s][info ][safepoint     ] Application time: 1.0011740 seconds
[2023-10-18T23:08:37.625+0000][1004.744s][info ][safepoint     ] Entering safepoint region: Cleanup
[2023-10-18T23:08:37.625+0000][1004.745s][info ][safepoint     ] Leaving safepoint region
[2023-10-18T23:08:37.626+0000][1004.746s][info ][safepoint     ] Total time for which application threads were stopped: 0.0015446 seconds, Stopping threads took: 0.0006972 seconds
[2023-10-18T23:08:38.627+0000][1005.747s][debug][safepoint     ] Safepoint synchronization initiated. (173 threads)
[2023-10-18T23:08:38.628+0000][1005.748s][info ][safepoint     ] Application time: 1.0012498 seconds
[2023-10-18T23:08:38.629+0000][1005.748s][info ][safepoint     ] Entering safepoint region: Cleanup
[2023-10-18T23:08:38.630+0000][1005.749s][info ][safepoint     ] Leaving safepoint region
[2023-10-18T23:08:38.630+0000][1005.750s][info ][safepoint     ] Total time for which application threads were stopped: 0.0015551 seconds, Stopping threads took: 0.0005923 seconds
[2023-10-18T23:08:39.631+0000][1006.751s][debug][safepoint     ] Safepoint synchronization initiated. (173 threads)
[2023-10-18T23:08:39.633+0000][1006.752s][info ][safepoint     ] Application time: 1.0017069 seconds
[2023-10-18T23:08:39.634+0000][1006.753s][info ][safepoint     ] Entering safepoint region: Cleanup
[2023-10-18T23:08:39.635+0000][1006.754s][info ][safepoint     ] Leaving safepoint region
[2023-10-18T23:08:39.636+0000][1006.755s][info ][safepoint     ] Total time for which application threads were stopped: 0.0021211 seconds, Stopping threads took: 0.0008774 seconds
[2023-10-18T23:08:40.637+0000][1007.756s][debug][safepoint     ] Safepoint synchronization initiated. (173 threads)
[2023-10-18T23:08:40.638+0000][1007.757s][info ][safepoint     ] Application time: 1.0011204 seconds
[2023-10-18T23:08:40.639+0000][1007.758s][info ][safepoint     ] Entering safepoint region: Cleanup
[2023-10-18T23:08:40.640+0000][1007.759s][info ][safepoint     ] Leaving safepoint region
[2023-10-18T23:08:40.640+0000][1007.760s][info ][safepoint     ] Total time for which application threads were stopped: 0.0016406 seconds, Stopping threads took: 0.0007697 seconds
[2023-10-18T23:08:41.641+0000][1008.761s][debug][safepoint     ] Safepoint synchronization initiated. (173 threads)
[2023-10-18T23:08:41.642+0000][1008.762s][info ][safepoint     ] Application time: 1.0011947 seconds
[2023-10-18T23:08:41.643+0000][1008.762s][info ][safepoint     ] Entering safepoint region: Cleanup
[2023-10-18T23:08:41.644+0000][1008.763s][info ][safepoint     ] Leaving safepoint region
[2023-10-18T23:08:41.645+0000][1008.764s][info ][safepoint     ] Total time for which application threads were stopped: 0.0016063 seconds, Stopping threads took: 0.0006041 seconds
[2023-10-18T23:08:42.645+0000][1009.765s][debug][safepoint     ] Safepoint synchronization initiated. (173 threads)
[2023-10-18T23:08:42.646+0000][1009.765s][info ][safepoint     ] Application time: 1.0007737 seconds
[2023-10-18T23:08:42.646+0000][1009.766s][info ][safepoint     ] Entering safepoint region: Cleanup
[2023-10-18T23:08:42.647+0000][1009.767s][info ][safepoint     ] Leaving safepoint region
[2023-10-18T23:08:42.648+0000][1009.767s][info ][safepoint     ] Total time for which application threads were stopped: 0.0013466 seconds, Stopping threads took: 0.0006336 seconds
[2023-10-18T23:08:43.648+0000][1010.768s][debug][safepoint     ] Safepoint synchronization initiated. (173 threads)
[2023-10-18T23:08:43.649+0000][1010.769s][info ][safepoint     ] Application time: 1.0011186 seconds
[2023-10-18T23:08:43.650+0000][1010.769s][info ][safepoint     ] Entering safepoint region: Cleanup
[2023-10-18T23:08:43.651+0000][1010.770s][info ][safepoint     ] Leaving safepoint region
[2023-10-18T23:08:43.652+0000][1010.771s][info ][safepoint     ] Total time for which application threads were stopped: 0.0017536 seconds, Stopping threads took: 0.0007758 seconds
[2023-10-18T23:08:44.653+0000][1011.772s][debug][safepoint     ] Safepoint synchronization initiated. (173 threads)
[2023-10-18T23:08:44.654+0000][1011.773s][info ][safepoint     ] Application time: 1.0014187 seconds
[2023-10-18T23:08:44.655+0000][1011.774s][info ][safepoint     ] Entering safepoint region: Cleanup
[2023-10-18T23:08:44.656+0000][1011.775s][info ][safepoint     ] Leaving safepoint region
[2023-10-18T23:08:44.657+0000][1011.776s][info ][safepoint     ] Total time for which application threads were stopped: 0.0020196 seconds, Stopping threads took: 0.0008570 seconds
[2023-10-18T23:08:45.658+0000][1012.777s][debug][safepoint     ] Safepoint synchronization initiated. (173 threads)
[2023-10-18T23:08:45.659+0000][1012.778s][info ][safepoint     ] Application time: 1.0008915 seconds
[2023-10-18T23:08:45.659+0000][1012.779s][info ][safepoint     ] Entering safepoint region: Cleanup
[2023-10-18T23:08:45.660+0000][1012.780s][info ][safepoint     ] Leaving safepoint region
[2023-10-18T23:08:45.661+0000][1012.780s][info ][safepoint     ] Total time for which application threads were stopped: 0.0017596 seconds, Stopping threads took: 0.0007499 seconds
[2023-10-18T23:08:46.662+0000][1013.782s][debug][safepoint     ] Safepoint synchronization initiated. (173 threads)
[2023-10-18T23:08:46.664+0000][1013.783s][info ][safepoint     ] Application time: 1.0015964 seconds
[2023-10-18T23:08:46.665+0000][1013.784s][info ][safepoint     ] Entering safepoint region: Cleanup
[2023-10-18T23:08:46.666+0000][1013.785s][info ][safepoint     ] Leaving safepoint region
[2023-10-18T23:08:46.667+0000][1013.786s][info ][safepoint     ] Total time for which application threads were stopped: 0.0023334 seconds, Stopping threads took: 0.0010192 seconds
[2023-10-18T23:08:47.668+0000][1014.787s][debug][safepoint     ] Safepoint synchronization initiated. (173 threads)
[2023-10-18T23:08:47.669+0000][1014.788s][info ][safepoint     ] Application time: 1.0011090 seconds
[2023-10-18T23:08:47.670+0000][1014.789s][info ][safepoint     ] Entering safepoint region: Cleanup
[2023-10-18T23:08:47.671+0000][1014.790s][info ][safepoint     ] Leaving safepoint region
[2023-10-18T23:08:47.672+0000][1014.791s][info ][safepoint     ] Total time for which application threads were stopped: 0.0018892 seconds, Stopping threads took: 0.0008597 seconds
[2023-10-18T23:08:48.672+0000][1015.792s][debug][safepoint     ] Safepoint synchronization initiated. (173 threads)
[2023-10-18T23:08:48.673+0000][1015.792s][info ][safepoint     ] Application time: 1.0006859 seconds
[2023-10-18T23:08:48.673+0000][1015.793s][info ][safepoint     ] Entering safepoint region: Cleanup
[2023-10-18T23:08:48.674+0000][1015.793s][info ][safepoint     ] Leaving safepoint region
[2023-10-18T23:08:48.674+0000][1015.794s][info ][safepoint     ] Total time for which application threads were stopped: 0.0011797 seconds, Stopping threads took: 0.0005468 seconds
[2023-10-18T23:08:49.675+0000][1016.795s][debug][safepoint     ] Safepoint synchronization initiated. (173 threads)
[2023-10-18T23:08:49.676+0000][1016.795s][info ][safepoint     ] Application time: 1.0009619 seconds
[2023-10-18T23:08:49.677+0000][1016.796s][info ][safepoint     ] Entering safepoint region: Cleanup
[2023-10-18T23:08:49.677+0000][1016.797s][info ][safepoint     ] Leaving safepoint region
[2023-10-18T23:08:49.678+0000][1016.797s][info ][safepoint     ] Total time for which application threads were stopped: 0.0013810 seconds, Stopping threads took: 0.0006493 seconds
[2023-10-18T23:08:50.679+0000][1017.798s][debug][safepoint     ] Safepoint synchronization initiated. (173 threads)
[2023-10-18T23:08:50.679+0000][1017.799s][info ][safepoint     ] Application time: 1.0010425 seconds
[2023-10-18T23:08:50.680+0000][1017.799s][info ][safepoint     ] Entering safepoint region: Cleanup
[2023-10-18T23:08:50.681+0000][1017.800s][info ][safepoint     ] Leaving safepoint region
[2023-10-18T23:08:50.681+0000][1017.801s][info ][safepoint     ] Total time for which application threads were stopped: 0.0012554 seconds, Stopping threads took: 0.0005777 seconds
[2023-10-18T23:08:50.681+0000][1017.800s][debug][safepoint     ] ... found polling page return exception at pc = 0x00007f38b0b84ca4, stub =0x00007f38a8840600
[2023-10-18T23:08:51.682+0000][1018.801s][debug][safepoint     ] Safepoint synchronization initiated. (173 threads)
[2023-10-18T23:08:51.683+0000][1018.802s][info ][safepoint     ] Application time: 1.0012099 seconds
[2023-10-18T23:08:51.684+0000][1018.803s][info ][safepoint     ] Entering safepoint region: Cleanup
[2023-10-18T23:08:51.685+0000][1018.804s][info ][safepoint     ] Leaving safepoint region
[2023-10-18T23:08:51.685+0000][1018.804s][info ][safepoint     ] Total time for which application threads were stopped: 0.0014867 seconds, Stopping threads took: 0.0006956 seconds
[2023-10-18T23:08:52.686+0000][1019.805s][debug][safepoint     ] Safepoint synchronization initiated. (173 threads)
[2023-10-18T23:08:52.686+0000][1019.806s][info ][safepoint     ] Application time: 1.0007278 seconds
[2023-10-18T23:08:52.687+0000][1019.806s][info ][safepoint     ] Entering safepoint region: Cleanup
[2023-10-18T23:08:52.687+0000][1019.807s][info ][safepoint     ] Leaving safepoint region
[2023-10-18T23:08:52.688+0000][1019.807s][info ][safepoint     ] Total time for which application threads were stopped: 0.0009805 seconds, Stopping threads took: 0.0003577 seconds
[2023-10-18T23:08:53.688+0000][1020.807s][debug][safepoint     ] Safepoint synchronization initiated. (173 threads)
[2023-10-18T23:08:53.689+0000][1020.808s][info ][safepoint     ] Application time: 1.0009762 seconds
[2023-10-18T23:08:53.690+0000][1020.809s][info ][safepoint     ] Entering safepoint region: Cleanup
[2023-10-18T23:08:53.690+0000][1020.810s][info ][safepoint     ] Leaving safepoint region
[2023-10-18T23:08:53.691+0000][1020.810s][info ][safepoint     ] Total time for which application threads were stopped: 0.0011293 seconds, Stopping threads took: 0.0004623 seconds
[2023-10-18T23:08:54.691+0000][1021.811s][debug][safepoint     ] Safepoint synchronization initiated. (173 threads)
[2023-10-18T23:08:54.692+0000][1021.811s][info ][safepoint     ] Application time: 1.0006627 seconds
[2023-10-18T23:08:54.692+0000][1021.812s][info ][safepoint     ] Entering safepoint region: Cleanup
[2023-10-18T23:08:54.693+0000][1021.812s][info ][safepoint     ] Leaving safepoint region
[2023-10-18T23:08:54.693+0000][1021.812s][info ][safepoint     ] Total time for which application threads were stopped: 0.0009702 seconds, Stopping threads took: 0.0004399 seconds
[2023-10-18T23:08:55.694+0000][1022.813s][debug][safepoint     ] Safepoint synchronization initiated. (173 threads)
[2023-10-18T23:08:55.694+0000][1022.814s][info ][safepoint     ] Application time: 1.0008399 seconds
[2023-10-18T23:08:55.695+0000][1022.814s][info ][safepoint     ] Entering safepoint region: Cleanup
[2023-10-18T23:08:55.695+0000][1022.815s][info ][safepoint     ] Leaving safepoint region
[2023-10-18T23:08:55.696+0000][1022.815s][info ][safepoint     ] Total time for which application threads were stopped: 0.0011124 seconds, Stopping threads took: 0.0004534 seconds
[2023-10-18T23:08:56.696+0000][1023.816s][debug][safepoint     ] Safepoint synchronization initiated. (173 threads)
[2023-10-18T23:08:56.697+0000][1023.816s][info ][safepoint     ] Application time: 1.0005150 seconds
[2023-10-18T23:08:56.697+0000][1023.817s][info ][safepoint     ] Entering safepoint region: Cleanup
[2023-10-18T23:08:56.698+0000][1023.817s][info ][safepoint     ] Leaving safepoint region
[2023-10-18T23:08:56.698+0000][1023.817s][info ][safepoint     ] Total time for which application threads were stopped: 0.0008405 seconds, Stopping threads took: 0.0003421 seconds
[2023-10-18T23:08:57.698+0000][1024.818s][debug][safepoint     ] Safepoint synchronization initiated. (173 threads)
[2023-10-18T23:08:57.699+0000][1024.819s][info ][safepoint     ] Application time: 1.0009385 seconds
[2023-10-18T23:08:57.700+0000][1024.819s][info ][safepoint     ] Entering safepoint region: Cleanup
[2023-10-18T23:08:57.701+0000][1024.820s][info ][safepoint     ] Leaving safepoint region
[2023-10-18T23:08:57.701+0000][1024.820s][info ][safepoint     ] Total time for which application threads were stopped: 0.0012130 seconds, Stopping threads took: 0.0005549 seconds
[2023-10-18T23:08:58.702+0000][1025.821s][debug][safepoint     ] Safepoint synchronization initiated. (173 threads)
[2023-10-18T23:08:58.703+0000][1025.822s][info ][safepoint     ] Application time: 1.0010029 seconds
[2023-10-18T23:08:58.703+0000][1025.822s][info ][safepoint     ] Entering safepoint region: Cleanup
[2023-10-18T23:08:58.704+0000][1025.823s][info ][safepoint     ] Leaving safepoint region
[2023-10-18T23:08:58.704+0000][1025.824s][info ][safepoint     ] Total time for which application threads were stopped: 0.0011934 seconds, Stopping threads took: 0.0005194 seconds
[2023-10-18T23:08:59.705+0000][1026.824s][debug][safepoint     ] Safepoint synchronization initiated. (173 threads)
[2023-10-18T23:08:59.706+0000][1026.825s][info ][safepoint     ] Application time: 1.0008130 seconds
[2023-10-18T23:08:59.706+0000][1026.826s][info ][safepoint     ] Entering safepoint region: Cleanup
[2023-10-18T23:08:59.707+0000][1026.826s][info ][safepoint     ] Leaving safepoint region
[2023-10-18T23:08:59.708+0000][1026.827s][info ][safepoint     ] Total time for which application threads were stopped: 0.0014661 seconds, Stopping threads took: 0.0007458 seconds
[2023-10-18T23:08:59.794+0000][1026.913s][debug][safepoint     ] Safepoint synchronization initiated. (173 threads)
[2023-10-18T23:08:59.795+0000][1026.914s][info ][safepoint     ] Application time: 0.0867332 seconds
[2023-10-18T23:08:59.795+0000][1026.915s][info ][safepoint     ] Entering safepoint region: G1CollectForAllocation
[2023-10-18T23:08:59.796+0000][1026.916s][info ][gc,start      ] GC(69) Pause Young (Normal) (G1 Evacuation Pause)
[2023-10-18T23:08:59.797+0000][1026.916s][info ][gc,task       ] GC(69) Using 8 workers of 8 for evacuation
[2023-10-18T23:08:59.806+0000][1026.926s][info ][gc,phases     ] GC(69)   Pre Evacuate Collection Set: 0.0ms
[2023-10-18T23:08:59.807+0000][1026.926s][info ][gc,phases     ] GC(69)   Evacuate Collection Set: 5.2ms
[2023-10-18T23:08:59.807+0000][1026.927s][info ][gc,phases     ] GC(69)   Post Evacuate Collection Set: 3.4ms
[2023-10-18T23:08:59.808+0000][1026.927s][info ][gc,phases     ] GC(69)   Other: 1.5ms
[2023-10-18T23:08:59.808+0000][1026.927s][info ][gc,heap       ] GC(69) Eden regions: 181->0(181)
[2023-10-18T23:08:59.808+0000][1026.928s][info ][gc,heap       ] GC(69) Survivor regions: 12->12(25)
[2023-10-18T23:08:59.809+0000][1026.928s][info ][gc,heap       ] GC(69) Old regions: 144->144
[2023-10-18T23:08:59.809+0000][1026.929s][info ][gc,heap       ] GC(69) Humongous regions: 5->5
[2023-10-18T23:08:59.810+0000][1026.929s][info ][gc,metaspace  ] GC(69) Metaspace: 164888K(170320K)->164888K(170320K) NonClass: 145592K(148944K)->145592K(148944K) Class: 19296K(21376K)->19296K(21376K)
[2023-10-18T23:08:59.810+0000][1026.930s][info ][gc            ] GC(69) Pause Young (Normal) (G1 Evacuation Pause) 339M->158M(394M) 14.134ms
[2023-10-18T23:08:59.811+0000][1026.930s][info ][gc,cpu        ] GC(69) User=0.06s Sys=0.00s Real=0.02s
[2023-10-18T23:08:59.811+0000][1026.930s][info ][safepoint     ] Leaving safepoint region
[2023-10-18T23:08:59.812+0000][1026.931s][info ][safepoint     ] Total time for which application threads were stopped: 0.0161359 seconds, Stopping threads took: 0.0006169 seconds
[2023-10-18T23:08:59.812+0000][1026.931s][info ][gc,stringdedup] Concurrent String Deduplication (1026.931s)
[2023-10-18T23:08:59.812+0000][1026.932s][info ][gc,stringdedup] Concurrent String Deduplication 176.0B->128.0B(48.0B) avg 54.4% (1026.931s, 1026.932s) 0.392ms
[2023-10-18T23:09:00.812+0000][1027.932s][debug][safepoint     ] Safepoint synchronization initiated. (173 threads)
[2023-10-18T23:09:00.813+0000][1027.932s][info ][safepoint     ] Application time: 1.0010762 seconds
[2023-10-18T23:09:00.814+0000][1027.933s][info ][safepoint     ] Entering safepoint region: Cleanup
[2023-10-18T23:09:00.814+0000][1027.934s][info ][safepoint     ] Leaving safepoint region
[2023-10-18T23:09:00.815+0000][1027.934s][info ][safepoint     ] Total time for which application threads were stopped: 0.0012712 seconds, Stopping threads took: 0.0004901 seconds
[2023-10-18T23:09:01.816+0000][1028.935s][debug][safepoint     ] Safepoint synchronization initiated. (173 threads)
[2023-10-18T23:09:01.816+0000][1028.936s][info ][safepoint     ] Application time: 1.0008935 seconds
[2023-10-18T23:09:01.817+0000][1028.936s][info ][safepoint     ] Entering safepoint region: Cleanup
[2023-10-18T23:09:01.817+0000][1028.937s][info ][safepoint     ] Leaving safepoint region
[2023-10-18T23:09:01.818+0000][1028.937s][info ][safepoint     ] Total time for which application threads were stopped: 0.0013118 seconds, Stopping threads took: 0.0005062 seconds
[2023-10-18T23:09:02.819+0000][1029.938s][debug][safepoint     ] Safepoint synchronization initiated. (173 threads)
[2023-10-18T23:09:02.820+0000][1029.939s][info ][safepoint     ] Application time: 1.0012183 seconds
[2023-10-18T23:09:02.820+0000][1029.940s][debug][safepoint     ] Waiting for 1 thread(s) to block
[2023-10-18T23:09:02.821+0000][1029.941s][info ][safepoint     ] Entering safepoint region: Cleanup
[2023-10-18T23:09:02.822+0000][1029.942s][info ][safepoint     ] Leaving safepoint region
[2023-10-18T23:09:02.823+0000][1029.942s][info ][safepoint     ] Total time for which application threads were stopped: 0.0025445 seconds, Stopping threads took: 0.0017597 seconds
[2023-10-18T23:09:03.824+0000][1030.943s][debug][safepoint     ] Safepoint synchronization initiated. (173 threads)
[2023-10-18T23:09:03.824+0000][1030.944s][info ][safepoint     ] Application time: 1.0008373 seconds
[2023-10-18T23:09:03.825+0000][1030.944s][info ][safepoint     ] Entering safepoint region: Cleanup
[2023-10-18T23:09:03.826+0000][1030.945s][info ][safepoint     ] Leaving safepoint region
[2023-10-18T23:09:03.826+0000][1030.945s][info ][safepoint     ] Total time for which application threads were stopped: 0.0012474 seconds, Stopping threads took: 0.0004554 seconds
[2023-10-18T23:09:04.827+0000][1031.946s][debug][safepoint     ] Safepoint synchronization initiated. (173 threads)
[2023-10-18T23:09:04.828+0000][1031.947s][info ][safepoint     ] Application time: 1.0010246 seconds
[2023-10-18T23:09:04.828+0000][1031.948s][info ][safepoint     ] Entering safepoint region: Cleanup
[2023-10-18T23:09:04.829+0000][1031.949s][info ][safepoint     ] Leaving safepoint region
[2023-10-18T23:09:04.830+0000][1031.949s][info ][safepoint     ] Total time for which application threads were stopped: 0.0017712 seconds, Stopping threads took: 0.0008103 seconds
[2023-10-18T23:09:05.831+0000][1032.950s][debug][safepoint     ] Safepoint synchronization initiated. (173 threads)
[2023-10-18T23:09:05.832+0000][1032.951s][info ][safepoint     ] Application time: 1.0009257 seconds
[2023-10-18T23:09:05.832+0000][1032.952s][info ][safepoint     ] Entering safepoint region: Cleanup
[2023-10-18T23:09:05.833+0000][1032.952s][info ][safepoint     ] Leaving safepoint region
[2023-10-18T23:09:05.833+0000][1032.953s][info ][safepoint     ] Total time for which application threads were stopped: 0.0012119 seconds, Stopping threads took: 0.0005239 seconds
[2023-10-18T23:09:06.834+0000][1033.954s][debug][safepoint     ] Safepoint synchronization initiated. (173 threads)
[2023-10-18T23:09:06.835+0000][1033.954s][info ][safepoint     ] Application time: 1.0011809 seconds
[2023-10-18T23:09:06.836+0000][1033.955s][info ][safepoint     ] Entering safepoint region: Cleanup
[2023-10-18T23:09:06.837+0000][1033.957s][info ][safepoint     ] Leaving safepoint region
[2023-10-18T23:09:06.838+0000][1033.957s][info ][safepoint     ] Total time for which application threads were stopped: 0.0019157 seconds, Stopping threads took: 0.0008953 seconds
[2023-10-18T23:09:07.839+0000][1034.958s][debug][safepoint     ] Safepoint synchronization initiated. (173 threads)
[2023-10-18T23:09:07.840+0000][1034.959s][info ][safepoint     ] Application time: 1.0010142 seconds
[2023-10-18T23:09:07.840+0000][1034.960s][info ][safepoint     ] Entering safepoint region: Cleanup
[2023-10-18T23:09:07.841+0000][1034.960s][info ][safepoint     ] Leaving safepoint region
[2023-10-18T23:09:07.842+0000][1034.961s][info ][safepoint     ] Total time for which application threads were stopped: 0.0012490 seconds, Stopping threads took: 0.0005989 seconds
[2023-10-18T23:09:08.842+0000][1035.962s][debug][safepoint     ] Safepoint synchronization initiated. (172 threads)
[2023-10-18T23:09:08.843+0000][1035.963s][info ][safepoint     ] Application time: 1.0011093 seconds
[2023-10-18T23:09:08.844+0000][1035.963s][info ][safepoint     ] Entering safepoint region: Cleanup
[2023-10-18T23:09:08.845+0000][1035.964s][info ][safepoint     ] Leaving safepoint region
[2023-10-18T23:09:08.845+0000][1035.965s][info ][safepoint     ] Total time for which application threads were stopped: 0.0012999 seconds, Stopping threads took: 0.0006071 seconds
[2023-10-18T23:09:09.846+0000][1036.965s][debug][safepoint     ] Safepoint synchronization initiated. (172 threads)
[2023-10-18T23:09:09.847+0000][1036.966s][info ][safepoint     ] Application time: 1.0008231 seconds
[2023-10-18T23:09:09.847+0000][1036.966s][info ][safepoint     ] Entering safepoint region: Cleanup
[2023-10-18T23:09:09.848+0000][1036.967s][info ][safepoint     ] Leaving safepoint region
[2023-10-18T23:09:09.848+0000][1036.967s][info ][safepoint     ] Total time for which application threads were stopped: 0.0010754 seconds, Stopping threads took: 0.0004731 seconds
[2023-10-18T23:09:10.849+0000][1037.968s][debug][safepoint     ] Safepoint synchronization initiated. (172 threads)
[2023-10-18T23:09:10.850+0000][1037.969s][info ][safepoint     ] Application time: 1.0011864 seconds
[2023-10-18T23:09:10.851+0000][1037.970s][info ][safepoint     ] Entering safepoint region: Cleanup
[2023-10-18T23:09:10.851+0000][1037.971s][info ][safepoint     ] Leaving safepoint region
[2023-10-18T23:09:10.852+0000][1037.971s][info ][safepoint     ] Total time for which application threads were stopped: 0.0016778 seconds, Stopping threads took: 0.0007022 seconds
[2023-10-18T23:09:11.853+0000][1038.973s][debug][safepoint     ] Safepoint synchronization initiated. (172 threads)
[2023-10-18T23:09:11.854+0000][1038.973s][info ][safepoint     ] Application time: 1.0010836 seconds
[2023-10-18T23:09:11.855+0000][1038.974s][info ][safepoint     ] Entering safepoint region: Cleanup
[2023-10-18T23:09:11.856+0000][1038.975s][info ][safepoint     ] Leaving safepoint region
[2023-10-18T23:09:11.857+0000][1038.976s][info ][safepoint     ] Total time for which application threads were stopped: 0.0018974 seconds, Stopping threads took: 0.0008597 seconds
[2023-10-18T23:09:12.858+0000][1039.977s][debug][safepoint     ] Safepoint synchronization initiated. (172 threads)
[2023-10-18T23:09:12.859+0000][1039.978s][info ][safepoint     ] Application time: 1.0012273 seconds
[2023-10-18T23:09:12.859+0000][1039.979s][info ][safepoint     ] Entering safepoint region: Cleanup
[2023-10-18T23:09:12.861+0000][1039.980s][info ][safepoint     ] Leaving safepoint region
[2023-10-18T23:09:12.862+0000][1039.981s][info ][safepoint     ] Total time for which application threads were stopped: 0.0022693 seconds, Stopping threads took: 0.0010035 seconds
[2023-10-18T23:09:13.863+0000][1040.982s][debug][safepoint     ] Safepoint synchronization initiated. (172 threads)
[2023-10-18T23:09:13.863+0000][1040.982s][info ][safepoint     ] Application time: 1.0009071 seconds
[2023-10-18T23:09:13.864+0000][1040.983s][info ][safepoint     ] Entering safepoint region: Cleanup
[2023-10-18T23:09:13.864+0000][1040.984s][info ][safepoint     ] Leaving safepoint region
[2023-10-18T23:09:13.865+0000][1040.984s][info ][safepoint     ] Total time for which application threads were stopped: 0.0012224 seconds, Stopping threads took: 0.0004764 seconds
[2023-10-18T23:09:14.866+0000][1041.985s][debug][safepoint     ] Safepoint synchronization initiated. (172 threads)
[2023-10-18T23:09:14.867+0000][1041.986s][info ][safepoint     ] Application time: 1.0010219 seconds
[2023-10-18T23:09:14.867+0000][1041.987s][info ][safepoint     ] Entering safepoint region: Cleanup
[2023-10-18T23:09:14.868+0000][1041.988s][info ][safepoint     ] Leaving safepoint region
[2023-10-18T23:09:14.869+0000][1041.988s][info ][safepoint     ] Total time for which application threads were stopped: 0.0015565 seconds, Stopping threads took: 0.0007192 seconds
[2023-10-18T23:09:15.870+0000][1042.989s][debug][safepoint     ] Safepoint synchronization initiated. (172 threads)
[2023-10-18T23:09:15.871+0000][1042.990s][info ][safepoint     ] Application time: 1.0015183 seconds
[2023-10-18T23:09:15.872+0000][1042.991s][info ][safepoint     ] Entering safepoint region: Cleanup
[2023-10-18T23:09:15.874+0000][1042.993s][info ][safepoint     ] Leaving safepoint region
[2023-10-18T23:09:15.874+0000][1042.994s][info ][safepoint     ] Total time for which application threads were stopped: 0.0022495 seconds, Stopping threads took: 0.0010243 seconds
[2023-10-18T23:09:16.875+0000][1043.995s][debug][safepoint     ] Safepoint synchronization initiated. (172 threads)
[2023-10-18T23:09:16.876+0000][1043.996s][info ][safepoint     ] Application time: 1.0014079 seconds
[2023-10-18T23:09:16.877+0000][1043.997s][info ][safepoint     ] Entering safepoint region: Cleanup
[2023-10-18T23:09:16.878+0000][1043.998s][info ][safepoint     ] Leaving safepoint region
[2023-10-18T23:09:16.879+0000][1043.998s][info ][safepoint     ] Total time for which application threads were stopped: 0.0019246 seconds, Stopping threads took: 0.0008285 seconds
[2023-10-18T23:09:17.880+0000][1045.000s][debug][safepoint     ] Safepoint synchronization initiated. (172 threads)
[2023-10-18T23:09:17.881+0000][1045.001s][info ][safepoint     ] Application time: 1.0012717 seconds
[2023-10-18T23:09:17.882+0000][1045.001s][info ][safepoint     ] Entering safepoint region: Cleanup
[2023-10-18T23:09:17.883+0000][1045.002s][info ][safepoint     ] Leaving safepoint region
[2023-10-18T23:09:17.884+0000][1045.003s][info ][safepoint     ] Total time for which application threads were stopped: 0.0014820 seconds, Stopping threads took: 0.0005712 seconds
[2023-10-18T23:09:18.884+0000][1046.004s][debug][safepoint     ] Safepoint synchronization initiated. (172 threads)
[2023-10-18T23:09:18.885+0000][1046.004s][info ][safepoint     ] Application time: 1.0006660 seconds
[2023-10-18T23:09:18.886+0000][1046.005s][info ][safepoint     ] Entering safepoint region: Cleanup
[2023-10-18T23:09:18.886+0000][1046.005s][info ][safepoint     ] Leaving safepoint region
[2023-10-18T23:09:18.887+0000][1046.006s][info ][safepoint     ] Total time for which application threads were stopped: 0.0011086 seconds, Stopping threads took: 0.0004799 seconds
[2023-10-18T23:09:19.887+0000][1047.007s][debug][safepoint     ] Safepoint synchronization initiated. (172 threads)
[2023-10-18T23:09:19.888+0000][1047.007s][info ][safepoint     ] Application time: 1.0012179 seconds
[2023-10-18T23:09:19.889+0000][1047.008s][info ][safepoint     ] Entering safepoint region: Cleanup
[2023-10-18T23:09:19.890+0000][1047.009s][info ][safepoint     ] Leaving safepoint region
[2023-10-18T23:09:19.891+0000][1047.010s][info ][safepoint     ] Total time for which application threads were stopped: 0.0017942 seconds, Stopping threads took: 0.0007034 seconds
[2023-10-18T23:09:20.892+0000][1048.011s][debug][safepoint     ] Safepoint synchronization initiated. (172 threads)
[2023-10-18T23:09:20.893+0000][1048.012s][info ][safepoint     ] Application time: 1.0012727 seconds
[2023-10-18T23:09:20.893+0000][1048.013s][info ][safepoint     ] Entering safepoint region: Cleanup
[2023-10-18T23:09:20.894+0000][1048.014s][info ][safepoint     ] Leaving safepoint region
[2023-10-18T23:09:20.895+0000][1048.014s][info ][safepoint     ] Total time for which application threads were stopped: 0.0016958 seconds, Stopping threads took: 0.0008111 seconds
[2023-10-18T23:09:21.896+0000][1049.016s][debug][safepoint     ] Safepoint synchronization initiated. (172 threads)
[2023-10-18T23:09:21.897+0000][1049.016s][info ][safepoint     ] Application time: 1.0009725 seconds
[2023-10-18T23:09:21.898+0000][1049.017s][info ][safepoint     ] Entering safepoint region: Cleanup
[2023-10-18T23:09:21.899+0000][1049.018s][info ][safepoint     ] Leaving safepoint region
[2023-10-18T23:09:21.899+0000][1049.018s][info ][safepoint     ] Total time for which application threads were stopped: 0.0011934 seconds, Stopping threads took: 0.0005908 seconds
[2023-10-18T23:09:22.900+0000][1050.019s][debug][safepoint     ] Safepoint synchronization initiated. (172 threads)
[2023-10-18T23:09:22.900+0000][1050.020s][info ][safepoint     ] Application time: 1.0010320 seconds
[2023-10-18T23:09:22.901+0000][1050.020s][info ][safepoint     ] Entering safepoint region: Cleanup
[2023-10-18T23:09:22.902+0000][1050.021s][info ][safepoint     ] Leaving safepoint region
[2023-10-18T23:09:22.902+0000][1050.022s][info ][safepoint     ] Total time for which application threads were stopped: 0.0013518 seconds, Stopping threads took: 0.0007413 seconds
[2023-10-18T23:09:23.903+0000][1051.022s][debug][safepoint     ] Safepoint synchronization initiated. (172 threads)
[2023-10-18T23:09:23.904+0000][1051.023s][info ][safepoint     ] Application time: 1.0013154 seconds
[2023-10-18T23:09:23.905+0000][1051.024s][info ][safepoint     ] Entering safepoint region: Cleanup
[2023-10-18T23:09:23.906+0000][1051.025s][info ][safepoint     ] Leaving safepoint region
[2023-10-18T23:09:23.906+0000][1051.026s][info ][safepoint     ] Total time for which application threads were stopped: 0.0015460 seconds, Stopping threads took: 0.0006144 seconds
[2023-10-18T23:09:24.907+0000][1052.027s][debug][safepoint     ] Safepoint synchronization initiated. (172 threads)
[2023-10-18T23:09:24.908+0000][1052.027s][info ][safepoint     ] Application time: 1.0009344 seconds
[2023-10-18T23:09:24.909+0000][1052.028s][info ][safepoint     ] Entering safepoint region: Cleanup
[2023-10-18T23:09:24.910+0000][1052.029s][info ][safepoint     ] Leaving safepoint region
[2023-10-18T23:09:24.910+0000][1052.030s][info ][safepoint     ] Total time for which application threads were stopped: 0.0014601 seconds, Stopping threads took: 0.0006666 seconds
[2023-10-18T23:09:25.911+0000][1053.031s][debug][safepoint     ] Safepoint synchronization initiated. (172 threads)
[2023-10-18T23:09:25.912+0000][1053.032s][info ][safepoint     ] Application time: 1.0012590 seconds
[2023-10-18T23:09:25.913+0000][1053.032s][info ][safepoint     ] Entering safepoint region: Cleanup
[2023-10-18T23:09:25.914+0000][1053.034s][info ][safepoint     ] Leaving safepoint region
[2023-10-18T23:09:25.915+0000][1053.034s][info ][safepoint     ] Total time for which application threads were stopped: 0.0017914 seconds, Stopping threads took: 0.0007839 seconds
[2023-10-18T23:09:26.916+0000][1054.035s][debug][safepoint     ] Safepoint synchronization initiated. (172 threads)
[2023-10-18T23:09:26.917+0000][1054.036s][info ][safepoint     ] Application time: 1.0010707 seconds
[2023-10-18T23:09:26.917+0000][1054.037s][info ][safepoint     ] Entering safepoint region: Cleanup
[2023-10-18T23:09:26.918+0000][1054.038s][info ][safepoint     ] Leaving safepoint region
[2023-10-18T23:09:26.919+0000][1054.038s][info ][safepoint     ] Total time for which application threads were stopped: 0.0017849 seconds, Stopping threads took: 0.0008231 seconds
[2023-10-18T23:09:27.920+0000][1055.039s][debug][safepoint     ] Safepoint synchronization initiated. (172 threads)
[2023-10-18T23:09:27.921+0000][1055.040s][info ][safepoint     ] Application time: 1.0013592 seconds
[2023-10-18T23:09:27.922+0000][1055.041s][info ][safepoint     ] Entering safepoint region: Cleanup
[2023-10-18T23:09:27.923+0000][1055.042s][info ][safepoint     ] Leaving safepoint region
[2023-10-18T23:09:27.923+0000][1055.042s][info ][safepoint     ] Total time for which application threads were stopped: 0.0012287 seconds, Stopping threads took: 0.0004972 seconds
[2023-10-18T23:09:28.924+0000][1056.043s][debug][safepoint     ] Safepoint synchronization initiated. (172 threads)
[2023-10-18T23:09:28.925+0000][1056.044s][info ][safepoint     ] Application time: 1.0010700 seconds
[2023-10-18T23:09:28.925+0000][1056.045s][info ][safepoint     ] Entering safepoint region: Cleanup
[2023-10-18T23:09:28.926+0000][1056.045s][info ][safepoint     ] Leaving safepoint region
[2023-10-18T23:09:28.927+0000][1056.046s][info ][safepoint     ] Total time for which application threads were stopped: 0.0014666 seconds, Stopping threads took: 0.0005828 seconds
[2023-10-18T23:09:29.928+0000][1057.047s][debug][safepoint     ] Safepoint synchronization initiated. (172 threads)
[2023-10-18T23:09:29.929+0000][1057.048s][info ][safepoint     ] Application time: 1.0013066 seconds
[2023-10-18T23:09:29.930+0000][1057.049s][info ][safepoint     ] Entering safepoint region: Cleanup
[2023-10-18T23:09:29.930+0000][1057.050s][info ][safepoint     ] Leaving safepoint region
[2023-10-18T23:09:29.931+0000][1057.050s][info ][safepoint     ] Total time for which application threads were stopped: 0.0012976 seconds, Stopping threads took: 0.0005740 seconds
[2023-10-18T23:09:30.932+0000][1058.051s][debug][safepoint     ] Safepoint synchronization initiated. (172 threads)
[2023-10-18T23:09:30.933+0000][1058.052s][info ][safepoint     ] Application time: 1.0013156 seconds
[2023-10-18T23:09:30.934+0000][1058.053s][info ][safepoint     ] Entering safepoint region: Cleanup
[2023-10-18T23:09:30.935+0000][1058.054s][info ][safepoint     ] Leaving safepoint region
[2023-10-18T23:09:30.936+0000][1058.055s][info ][safepoint     ] Total time for which application threads were stopped: 0.0019970 seconds, Stopping threads took: 0.0010632 seconds
[2023-10-18T23:09:31.937+0000][1059.056s][debug][safepoint     ] Safepoint synchronization initiated. (172 threads)
[2023-10-18T23:09:31.937+0000][1059.057s][info ][safepoint     ] Application time: 1.0008070 seconds
[2023-10-18T23:09:31.938+0000][1059.057s][info ][safepoint     ] Entering safepoint region: Cleanup
[2023-10-18T23:09:31.938+0000][1059.058s][info ][safepoint     ] Leaving safepoint region
[2023-10-18T23:09:31.939+0000][1059.058s][info ][safepoint     ] Total time for which application threads were stopped: 0.0011177 seconds, Stopping threads took: 0.0005232 seconds
[2023-10-18T23:09:32.940+0000][1060.059s][debug][safepoint     ] Safepoint synchronization initiated. (172 threads)
[2023-10-18T23:09:32.940+0000][1060.060s][info ][safepoint     ] Application time: 1.0011365 seconds
[2023-10-18T23:09:32.941+0000][1060.061s][info ][safepoint     ] Entering safepoint region: Cleanup
[2023-10-18T23:09:32.942+0000][1060.062s][info ][safepoint     ] Leaving safepoint region
[2023-10-18T23:09:32.943+0000][1060.063s][info ][safepoint     ] Total time for which application threads were stopped: 0.0020755 seconds, Stopping threads took: 0.0008717 seconds
[2023-10-18T23:09:33.944+0000][1061.064s][debug][safepoint     ] Safepoint synchronization initiated. (172 threads)
[2023-10-18T23:09:33.945+0000][1061.064s][info ][safepoint     ] Application time: 1.0008743 seconds
[2023-10-18T23:09:33.945+0000][1061.065s][info ][safepoint     ] Entering safepoint region: Cleanup
[2023-10-18T23:09:33.946+0000][1061.065s][info ][safepoint     ] Leaving safepoint region
[2023-10-18T23:09:33.947+0000][1061.066s][info ][safepoint     ] Total time for which application threads were stopped: 0.0011916 seconds, Stopping threads took: 0.0004332 seconds
[2023-10-18T23:09:34.947+0000][1062.067s][debug][safepoint     ] Safepoint synchronization initiated. (172 threads)
[2023-10-18T23:09:34.948+0000][1062.067s][info ][safepoint     ] Application time: 1.0007781 seconds
[2023-10-18T23:09:34.949+0000][1062.068s][info ][safepoint     ] Entering safepoint region: Cleanup
[2023-10-18T23:09:34.949+0000][1062.069s][info ][safepoint     ] Leaving safepoint region
[2023-10-18T23:09:34.950+0000][1062.069s][info ][safepoint     ] Total time for which application threads were stopped: 0.0010990 seconds, Stopping threads took: 0.0005031 seconds
[2023-10-18T23:09:35.950+0000][1063.070s][debug][safepoint     ] Safepoint synchronization initiated. (172 threads)
[2023-10-18T23:09:35.951+0000][1063.070s][info ][safepoint     ] Application time: 1.0009860 seconds
[2023-10-18T23:09:35.951+0000][1063.071s][info ][safepoint     ] Entering safepoint region: Cleanup
[2023-10-18T23:09:35.952+0000][1063.072s][info ][safepoint     ] Leaving safepoint region
[2023-10-18T23:09:35.953+0000][1063.072s][info ][safepoint     ] Total time for which application threads were stopped: 0.0012097 seconds, Stopping threads took: 0.0005856 seconds
[2023-10-18T23:09:36.953+0000][1064.073s][debug][safepoint     ] Safepoint synchronization initiated. (172 threads)
[2023-10-18T23:09:36.954+0000][1064.074s][info ][safepoint     ] Application time: 1.0014356 seconds
[2023-10-18T23:09:36.955+0000][1064.075s][info ][safepoint     ] Entering safepoint region: Cleanup
[2023-10-18T23:09:36.956+0000][1064.076s][info ][safepoint     ] Leaving safepoint region
[2023-10-18T23:09:36.957+0000][1064.076s][info ][safepoint     ] Total time for which application threads were stopped: 0.0017505 seconds, Stopping threads took: 0.0007837 seconds
[2023-10-18T23:09:37.958+0000][1065.077s][debug][safepoint     ] Safepoint synchronization initiated. (172 threads)
[2023-10-18T23:09:37.959+0000][1065.079s][info ][safepoint     ] Application time: 1.0014963 seconds
[2023-10-18T23:09:37.960+0000][1065.080s][info ][safepoint     ] Entering safepoint region: Cleanup
[2023-10-18T23:09:37.962+0000][1065.081s][info ][safepoint     ] Leaving safepoint region
[2023-10-18T23:09:37.963+0000][1065.082s][info ][safepoint     ] Total time for which application threads were stopped: 0.0023183 seconds, Stopping threads took: 0.0010824 seconds
[2023-10-18T23:09:38.954+0000][1066.083s][debug][safepoint     ] Safepoint synchronization initiated. (172 threads)
[2023-10-18T23:09:38.955+0000][1066.084s][info ][safepoint     ] Application time: 1.0010533 seconds
[2023-10-18T23:09:38.956+0000][1066.085s][info ][safepoint     ] Entering safepoint region: Cleanup
[2023-10-18T23:09:38.957+0000][1066.086s][info ][safepoint     ] Leaving safepoint region
[2023-10-18T23:09:38.957+0000][1066.086s][info ][safepoint     ] Total time for which application threads were stopped: 0.0013824 seconds, Stopping threads took: 0.0006874 seconds
[2023-10-18T23:09:39.958+0000][1067.087s][debug][safepoint     ] Safepoint synchronization initiated. (172 threads)
[2023-10-18T23:09:39.959+0000][1067.088s][info ][safepoint     ] Application time: 1.0013726 seconds
[2023-10-18T23:09:39.960+0000][1067.089s][info ][safepoint     ] Entering safepoint region: Cleanup
[2023-10-18T23:09:39.961+0000][1067.090s][info ][safepoint     ] Leaving safepoint region
[2023-10-18T23:09:39.962+0000][1067.091s][info ][safepoint     ] Total time for which application threads were stopped: 0.0021367 seconds, Stopping threads took: 0.0009995 seconds
[2023-10-18T23:09:40.963+0000][1068.092s][debug][safepoint     ] Safepoint synchronization initiated. (172 threads)
[2023-10-18T23:09:40.964+0000][1068.093s][info ][safepoint     ] Application time: 1.0006952 seconds
[2023-10-18T23:09:40.964+0000][1068.093s][info ][safepoint     ] Entering safepoint region: Cleanup
[2023-10-18T23:09:40.965+0000][1068.094s][info ][safepoint     ] Leaving safepoint region
[2023-10-18T23:09:40.965+0000][1068.094s][info ][safepoint     ] Total time for which application threads were stopped: 0.0013153 seconds, Stopping threads took: 0.0005751 seconds
[2023-10-18T23:09:41.966+0000][1069.095s][debug][safepoint     ] Safepoint synchronization initiated. (172 threads)
[2023-10-18T23:09:41.967+0000][1069.096s][info ][safepoint     ] Application time: 1.0010292 seconds
[2023-10-18T23:09:41.968+0000][1069.097s][info ][safepoint     ] Entering safepoint region: Cleanup
[2023-10-18T23:09:41.969+0000][1069.098s][info ][safepoint     ] Leaving safepoint region
[2023-10-18T23:09:41.969+0000][1069.098s][info ][safepoint     ] Total time for which application threads were stopped: 0.0018705 seconds, Stopping threads took: 0.0008191 seconds
[2023-10-18T23:09:42.970+0000][1070.099s][debug][safepoint     ] Safepoint synchronization initiated. (172 threads)
[2023-10-18T23:09:42.971+0000][1070.100s][info ][safepoint     ] Application time: 1.0012781 seconds
[2023-10-18T23:09:42.972+0000][1070.101s][info ][safepoint     ] Entering safepoint region: Cleanup
[2023-10-18T23:09:42.973+0000][1070.102s][info ][safepoint     ] Leaving safepoint region
[2023-10-18T23:09:42.974+0000][1070.103s][info ][safepoint     ] Total time for which application threads were stopped: 0.0018701 seconds, Stopping threads took: 0.0008342 seconds
[2023-10-18T23:09:43.975+0000][1071.104s][debug][safepoint     ] Safepoint synchronization initiated. (172 threads)
[2023-10-18T23:09:43.976+0000][1071.105s][info ][safepoint     ] Application time: 1.0011964 seconds
[2023-10-18T23:09:43.977+0000][1071.106s][info ][safepoint     ] Entering safepoint region: Cleanup
[2023-10-18T23:09:43.978+0000][1071.107s][info ][safepoint     ] Leaving safepoint region
[2023-10-18T23:09:43.979+0000][1071.108s][info ][safepoint     ] Total time for which application threads were stopped: 0.0017824 seconds, Stopping threads took: 0.0008127 seconds
[2023-10-18T23:09:44.980+0000][1072.109s][debug][safepoint     ] Safepoint synchronization initiated. (172 threads)
[2023-10-18T23:09:44.981+0000][1072.109s][info ][safepoint     ] Application time: 1.0011757 seconds
[2023-10-18T23:09:44.981+0000][1072.110s][info ][safepoint     ] Entering safepoint region: Cleanup
[2023-10-18T23:09:44.982+0000][1072.111s][info ][safepoint     ] Leaving safepoint region
[2023-10-18T23:09:44.983+0000][1072.112s][info ][safepoint     ] Total time for which application threads were stopped: 0.0014202 seconds, Stopping threads took: 0.0006414 seconds
[2023-10-18T23:09:45.983+0000][1073.112s][debug][safepoint     ] Safepoint synchronization initiated. (172 threads)
[2023-10-18T23:09:45.984+0000][1073.113s][info ][safepoint     ] Application time: 1.0012236 seconds
[2023-10-18T23:09:45.985+0000][1073.114s][info ][safepoint     ] Entering safepoint region: Cleanup
[2023-10-18T23:09:45.986+0000][1073.115s][info ][safepoint     ] Leaving safepoint region
[2023-10-18T23:09:45.987+0000][1073.116s][info ][safepoint     ] Total time for which application threads were stopped: 0.0015666 seconds, Stopping threads took: 0.0009041 seconds
[2023-10-18T23:09:45.986+0000][1073.115s][debug][safepoint     ] ... found polling page return exception at pc = 0x00007f38b0b84ca4, stub =0x00007f38a8840600
[2023-10-18T23:09:45.986+0000][1073.115s][debug][safepoint     ] ... found polling page return exception at pc = 0x00007f38b0b84ca4, stub =0x00007f38a8840600
[2023-10-18T23:09:45.986+0000][1073.115s][debug][safepoint     ] ... found polling page return exception at pc = 0x00007f38b0b84ca4, stub =0x00007f38a8840600
[2023-10-18T23:09:45.986+0000][1073.115s][debug][safepoint     ] ... found polling page return exception at pc = 0x00007f38b0b84ca4, stub =0x00007f38a8840600
[2023-10-18T23:09:45.986+0000][1073.115s][debug][safepoint     ] ... found polling page return exception at pc = 0x00007f38b0b84ca4, stub =0x00007f38a8840600
[2023-10-18T23:09:46.988+0000][1074.117s][debug][safepoint     ] Safepoint synchronization initiated. (172 threads)
[2023-10-18T23:09:46.989+0000][1074.118s][info ][safepoint     ] Application time: 1.0018656 seconds
[2023-10-18T23:09:46.990+0000][1074.119s][info ][safepoint     ] Entering safepoint region: Cleanup
[2023-10-18T23:09:46.991+0000][1074.120s][info ][safepoint     ] Leaving safepoint region
[2023-10-18T23:09:46.992+0000][1074.121s][info ][safepoint     ] Total time for which application threads were stopped: 0.0019135 seconds, Stopping threads took: 0.0008751 seconds
[2023-10-18T23:09:47.993+0000][1075.122s][debug][safepoint     ] Safepoint synchronization initiated. (172 threads)
[2023-10-18T23:09:47.994+0000][1075.123s][info ][safepoint     ] Application time: 1.0010585 seconds
[2023-10-18T23:09:47.994+0000][1075.123s][info ][safepoint     ] Entering safepoint region: Cleanup
[2023-10-18T23:09:47.995+0000][1075.124s][info ][safepoint     ] Leaving safepoint region
[2023-10-18T23:09:47.996+0000][1075.125s][info ][safepoint     ] Total time for which application threads were stopped: 0.0017027 seconds, Stopping threads took: 0.0007445 seconds
[2023-10-18T23:09:48.997+0000][1076.126s][debug][safepoint     ] Safepoint synchronization initiated. (172 threads)
[2023-10-18T23:09:48.998+0000][1076.127s][info ][safepoint     ] Application time: 1.0011058 seconds
[2023-10-18T23:09:48.999+0000][1076.127s][info ][safepoint     ] Entering safepoint region: Cleanup
[2023-10-18T23:09:48.999+0000][1076.128s][info ][safepoint     ] Leaving safepoint region
[2023-10-18T23:09:49.000+0000][1076.129s][info ][safepoint     ] Total time for which application threads were stopped: 0.0015113 seconds, Stopping threads took: 0.0006843 seconds
[2023-10-18T23:09:50.001+0000][1077.130s][debug][safepoint     ] Safepoint synchronization initiated. (172 threads)
[2023-10-18T23:09:50.001+0000][1077.130s][info ][safepoint     ] Application time: 1.0008729 seconds
[2023-10-18T23:09:50.002+0000][1077.131s][info ][safepoint     ] Entering safepoint region: Cleanup
[2023-10-18T23:09:50.003+0000][1077.132s][info ][safepoint     ] Leaving safepoint region
[2023-10-18T23:09:50.003+0000][1077.132s][info ][safepoint     ] Total time for which application threads were stopped: 0.0012650 seconds, Stopping threads took: 0.0004784 seconds
[2023-10-18T23:09:51.004+0000][1078.133s][debug][safepoint     ] Safepoint synchronization initiated. (172 threads)
[2023-10-18T23:09:51.004+0000][1078.133s][info ][safepoint     ] Application time: 1.0007563 seconds
[2023-10-18T23:09:51.005+0000][1078.134s][info ][safepoint     ] Entering safepoint region: Cleanup
[2023-10-18T23:09:51.005+0000][1078.134s][info ][safepoint     ] Leaving safepoint region
[2023-10-18T23:09:51.006+0000][1078.135s][info ][safepoint     ] Total time for which application threads were stopped: 0.0009537 seconds, Stopping threads took: 0.0004266 seconds
[2023-10-18T23:09:52.006+0000][1079.135s][debug][safepoint     ] Safepoint synchronization initiated. (172 threads)
[2023-10-18T23:09:52.007+0000][1079.136s][info ][safepoint     ] Application time: 1.0007671 seconds
[2023-10-18T23:09:52.007+0000][1079.136s][info ][safepoint     ] Entering safepoint region: Cleanup
[2023-10-18T23:09:52.008+0000][1079.137s][info ][safepoint     ] Leaving safepoint region
[2023-10-18T23:09:52.008+0000][1079.137s][info ][safepoint     ] Total time for which application threads were stopped: 0.0010155 seconds, Stopping threads took: 0.0003978 seconds
[2023-10-18T23:09:53.009+0000][1080.138s][debug][safepoint     ] Safepoint synchronization initiated. (172 threads)
[2023-10-18T23:09:53.010+0000][1080.139s][info ][safepoint     ] Application time: 1.0011134 seconds
[2023-10-18T23:09:53.010+0000][1080.139s][info ][safepoint     ] Entering safepoint region: Cleanup
[2023-10-18T23:09:53.011+0000][1080.140s][info ][safepoint     ] Leaving safepoint region
[2023-10-18T23:09:53.012+0000][1080.141s][info ][safepoint     ] Total time for which application threads were stopped: 0.0013524 seconds, Stopping threads took: 0.0006224 seconds
[2023-10-18T23:09:54.012+0000][1081.141s][debug][safepoint     ] Safepoint synchronization initiated. (172 threads)
[2023-10-18T23:09:54.013+0000][1081.142s][info ][safepoint     ] Application time: 1.0008091 seconds
[2023-10-18T23:09:54.013+0000][1081.142s][info ][safepoint     ] Entering safepoint region: Cleanup
[2023-10-18T23:09:54.014+0000][1081.143s][info ][safepoint     ] Leaving safepoint region
[2023-10-18T23:09:54.014+0000][1081.143s][info ][safepoint     ] Total time for which application threads were stopped: 0.0010013 seconds, Stopping threads took: 0.0004647 seconds
[2023-10-18T23:09:55.015+0000][1082.144s][debug][safepoint     ] Safepoint synchronization initiated. (172 threads)
[2023-10-18T23:09:55.016+0000][1082.145s][info ][safepoint     ] Application time: 1.0009885 seconds
[2023-10-18T23:09:55.017+0000][1082.146s][info ][safepoint     ] Entering safepoint region: Cleanup
[2023-10-18T23:09:55.018+0000][1082.147s][info ][safepoint     ] Leaving safepoint region
[2023-10-18T23:09:55.019+0000][1082.148s][info ][safepoint     ] Total time for which application threads were stopped: 0.0017403 seconds, Stopping threads took: 0.0008307 seconds
[2023-10-18T23:09:56.020+0000][1083.149s][debug][safepoint     ] Safepoint synchronization initiated. (172 threads)
[2023-10-18T23:09:56.021+0000][1083.150s][info ][safepoint     ] Application time: 1.0013991 seconds
[2023-10-18T23:09:56.022+0000][1083.151s][info ][safepoint     ] Entering safepoint region: Cleanup
[2023-10-18T23:09:56.023+0000][1083.152s][info ][safepoint     ] Leaving safepoint region
[2023-10-18T23:09:56.023+0000][1083.152s][info ][safepoint     ] Total time for which application threads were stopped: 0.0017910 seconds, Stopping threads took: 0.0008996 seconds
[2023-10-18T23:09:57.024+0000][1084.153s][debug][safepoint     ] Safepoint synchronization initiated. (172 threads)
[2023-10-18T23:09:57.025+0000][1084.154s][info ][safepoint     ] Application time: 1.0015176 seconds
[2023-10-18T23:09:57.026+0000][1084.155s][info ][safepoint     ] Entering safepoint region: Cleanup
[2023-10-18T23:09:57.028+0000][1084.156s][info ][safepoint     ] Leaving safepoint region
[2023-10-18T23:09:57.028+0000][1084.157s][info ][safepoint     ] Total time for which application threads were stopped: 0.0020065 seconds, Stopping threads took: 0.0008659 seconds
[2023-10-18T23:09:58.029+0000][1085.158s][debug][safepoint     ] Safepoint synchronization initiated. (172 threads)
[2023-10-18T23:09:58.030+0000][1085.159s][info ][safepoint     ] Application time: 1.0012498 seconds
[2023-10-18T23:09:58.031+0000][1085.160s][info ][safepoint     ] Entering safepoint region: Cleanup
[2023-10-18T23:09:58.032+0000][1085.161s][info ][safepoint     ] Leaving safepoint region
[2023-10-18T23:09:58.033+0000][1085.161s][info ][safepoint     ] Total time for which application threads were stopped: 0.0015242 seconds, Stopping threads took: 0.0007211 seconds
[2023-10-18T23:09:59.033+0000][1086.162s][debug][safepoint     ] Safepoint synchronization initiated. (172 threads)
[2023-10-18T23:09:59.034+0000][1086.163s][info ][safepoint     ] Application time: 1.0006924 seconds
[2023-10-18T23:09:59.034+0000][1086.163s][debug][safepoint     ] Waiting for 1 thread(s) to block
[2023-10-18T23:09:59.035+0000][1086.164s][info ][safepoint     ] Entering safepoint region: Cleanup
[2023-10-18T23:09:59.037+0000][1086.166s][info ][safepoint     ] Leaving safepoint region
[2023-10-18T23:09:59.037+0000][1086.166s][info ][safepoint     ] Total time for which application threads were stopped: 0.0029961 seconds, Stopping threads took: 0.0019411 seconds
[2023-10-18T23:10:00.038+0000][1087.167s][debug][safepoint     ] Safepoint synchronization initiated. (172 threads)
[2023-10-18T23:10:00.039+0000][1087.168s][info ][safepoint     ] Application time: 1.0009126 seconds
[2023-10-18T23:10:00.039+0000][1087.168s][info ][safepoint     ] Entering safepoint region: Cleanup
[2023-10-18T23:10:00.040+0000][1087.169s][info ][safepoint     ] Leaving safepoint region
[2023-10-18T23:10:00.041+0000][1087.170s][info ][safepoint     ] Total time for which application threads were stopped: 0.0012774 seconds, Stopping threads took: 0.0005969 seconds
[2023-10-18T23:10:01.041+0000][1088.170s][debug][safepoint     ] Safepoint synchronization initiated. (172 threads)
[2023-10-18T23:10:01.042+0000][1088.171s][info ][safepoint     ] Application time: 1.0009010 seconds
[2023-10-18T23:10:01.042+0000][1088.171s][info ][safepoint     ] Entering safepoint region: Cleanup
[2023-10-18T23:10:01.043+0000][1088.172s][info ][safepoint     ] Leaving safepoint region
[2023-10-18T23:10:01.043+0000][1088.172s][info ][safepoint     ] Total time for which application threads were stopped: 0.0010383 seconds, Stopping threads took: 0.0004397 seconds
[2023-10-18T23:10:02.044+0000][1089.173s][debug][safepoint     ] Safepoint synchronization initiated. (172 threads)
[2023-10-18T23:10:02.049+0000][1089.178s][info ][safepoint     ] Application time: 1.0054955 seconds
[2023-10-18T23:10:02.053+0000][1089.182s][info ][safepoint     ] Entering safepoint region: Cleanup
[2023-10-18T23:10:02.066+0000][1089.195s][info ][safepoint     ] Leaving safepoint region
[2023-10-18T23:10:02.090+0000][1089.219s][info ][safepoint     ] Total time for which application threads were stopped: 0.0366094 seconds, Stopping threads took: 0.0131340 seconds
[2023-10-18T23:10:03.099+0000][1090.228s][debug][safepoint     ] Safepoint synchronization initiated. (172 threads)
[2023-10-18T23:10:03.110+0000][1090.239s][info ][safepoint     ] Application time: 1.0109039 seconds
[2023-10-18T23:10:03.115+0000][1090.244s][info ][safepoint     ] Entering safepoint region: Cleanup
[2023-10-18T23:10:03.116+0000][1090.245s][info ][safepoint     ] Leaving safepoint region
[2023-10-18T23:10:03.125+0000][1090.254s][info ][safepoint     ] Total time for which application threads were stopped: 0.0097230 seconds, Stopping threads took: 0.0006261 seconds
[2023-10-18T23:10:04.126+0000][1091.255s][debug][safepoint     ] Safepoint synchronization initiated. (172 threads)
[2023-10-18T23:10:04.127+0000][1091.256s][info ][safepoint     ] Application time: 1.0008960 seconds
[2023-10-18T23:10:04.127+0000][1091.256s][info ][safepoint     ] Entering safepoint region: Cleanup
[2023-10-18T23:10:04.128+0000][1091.257s][info ][safepoint     ] Leaving safepoint region
[2023-10-18T23:10:04.128+0000][1091.257s][info ][safepoint     ] Total time for which application threads were stopped: 0.0013809 seconds, Stopping threads took: 0.0005301 seconds
[2023-10-18T23:10:05.129+0000][1092.258s][debug][safepoint     ] Safepoint synchronization initiated. (172 threads)
[2023-10-18T23:10:05.129+0000][1092.258s][info ][safepoint     ] Application time: 1.0006179 seconds
[2023-10-18T23:10:05.130+0000][1092.259s][info ][safepoint     ] Entering safepoint region: Cleanup
[2023-10-18T23:10:05.130+0000][1092.259s][info ][safepoint     ] Leaving safepoint region
[2023-10-18T23:10:05.131+0000][1092.260s][info ][safepoint     ] Total time for which application threads were stopped: 0.0007974 seconds, Stopping threads took: 0.0003617 seconds
[2023-10-18T23:10:06.131+0000][1093.260s][debug][safepoint     ] Safepoint synchronization initiated. (172 threads)
[2023-10-18T23:10:06.132+0000][1093.261s][info ][safepoint     ] Application time: 1.0006622 seconds
[2023-10-18T23:10:06.132+0000][1093.261s][info ][safepoint     ] Entering safepoint region: Cleanup
[2023-10-18T23:10:06.133+0000][1093.262s][info ][safepoint     ] Leaving safepoint region
[2023-10-18T23:10:06.133+0000][1093.262s][info ][safepoint     ] Total time for which application threads were stopped: 0.0010370 seconds, Stopping threads took: 0.0003914 seconds
[2023-10-18T23:10:07.134+0000][1094.263s][debug][safepoint     ] Safepoint synchronization initiated. (172 threads)
[2023-10-18T23:10:07.134+0000][1094.263s][info ][safepoint     ] Application time: 1.0007821 seconds
[2023-10-18T23:10:07.135+0000][1094.264s][info ][safepoint     ] Entering safepoint region: Cleanup
[2023-10-18T23:10:07.136+0000][1094.265s][info ][safepoint     ] Leaving safepoint region
[2023-10-18T23:10:07.136+0000][1094.265s][info ][safepoint     ] Total time for which application threads were stopped: 0.0015498 seconds, Stopping threads took: 0.0006446 seconds
[2023-10-18T23:10:08.137+0000][1095.266s][debug][safepoint     ] Safepoint synchronization initiated. (172 threads)
[2023-10-18T23:10:08.142+0000][1095.271s][info ][safepoint     ] Application time: 1.0052115 seconds
[2023-10-18T23:10:08.145+0000][1095.274s][info ][safepoint     ] Entering safepoint region: Cleanup
[2023-10-18T23:10:08.149+0000][1095.278s][info ][safepoint     ] Leaving safepoint region
[2023-10-18T23:10:08.154+0000][1095.283s][info ][safepoint     ] Total time for which application threads were stopped: 0.0089669 seconds, Stopping threads took: 0.0037308 seconds
[2023-10-18T23:10:09.158+0000][1096.289s][debug][safepoint     ] Safepoint synchronization initiated. (171 threads)
[2023-10-18T23:10:09.159+0000][1096.289s][info ][safepoint     ] Application time: 1.0008515 seconds
[2023-10-18T23:10:09.159+0000][1096.290s][info ][safepoint     ] Entering safepoint region: Cleanup
[2023-10-18T23:10:09.160+0000][1096.291s][info ][safepoint     ] Leaving safepoint region
[2023-10-18T23:10:09.160+0000][1096.291s][info ][safepoint     ] Total time for which application threads were stopped: 0.0011388 seconds, Stopping threads took: 0.0004972 seconds
[2023-10-18T23:10:10.161+0000][1097.292s][debug][safepoint     ] Safepoint synchronization initiated. (171 threads)
[2023-10-18T23:10:10.162+0000][1097.292s][info ][safepoint     ] Application time: 1.0008488 seconds
[2023-10-18T23:10:10.162+0000][1097.293s][info ][safepoint     ] Entering safepoint region: Cleanup
[2023-10-18T23:10:10.163+0000][1097.293s][info ][safepoint     ] Leaving safepoint region
[2023-10-18T23:10:10.163+0000][1097.294s][info ][safepoint     ] Total time for which application threads were stopped: 0.0013047 seconds, Stopping threads took: 0.0005328 seconds
[2023-10-18T23:10:11.164+0000][1098.295s][debug][safepoint     ] Safepoint synchronization initiated. (171 threads)
[2023-10-18T23:10:11.165+0000][1098.295s][info ][safepoint     ] Application time: 1.0007968 seconds
[2023-10-18T23:10:11.165+0000][1098.296s][info ][safepoint     ] Entering safepoint region: Cleanup
[2023-10-18T23:10:11.166+0000][1098.297s][info ][safepoint     ] Leaving safepoint region
[2023-10-18T23:10:11.166+0000][1098.297s][info ][safepoint     ] Total time for which application threads were stopped: 0.0011035 seconds, Stopping threads took: 0.0005028 seconds
[2023-10-18T23:10:12.167+0000][1099.297s][debug][safepoint     ] Safepoint synchronization initiated. (171 threads)
[2023-10-18T23:10:12.167+0000][1099.298s][info ][safepoint     ] Application time: 1.0005287 seconds
[2023-10-18T23:10:12.167+0000][1099.298s][info ][safepoint     ] Entering safepoint region: Cleanup
[2023-10-18T23:10:12.168+0000][1099.299s][info ][safepoint     ] Leaving safepoint region
[2023-10-18T23:10:12.168+0000][1099.299s][info ][safepoint     ] Total time for which application threads were stopped: 0.0008673 seconds, Stopping threads took: 0.0003426 seconds
[2023-10-18T23:10:13.169+0000][1100.299s][debug][safepoint     ] Safepoint synchronization initiated. (171 threads)
[2023-10-18T23:10:13.169+0000][1100.300s][info ][safepoint     ] Application time: 1.0004708 seconds
[2023-10-18T23:10:13.169+0000][1100.300s][info ][safepoint     ] Entering safepoint region: Cleanup
[2023-10-18T23:10:13.170+0000][1100.300s][info ][safepoint     ] Leaving safepoint region
[2023-10-18T23:10:13.170+0000][1100.301s][info ][safepoint     ] Total time for which application threads were stopped: 0.0008236 seconds, Stopping threads took: 0.0003041 seconds
[2023-10-18T23:10:14.171+0000][1101.301s][debug][safepoint     ] Safepoint synchronization initiated. (171 threads)
[2023-10-18T23:10:14.177+0000][1101.308s][info ][safepoint     ] Application time: 1.0069208 seconds
[2023-10-18T23:10:14.178+0000][1101.309s][info ][safepoint     ] Entering safepoint region: Cleanup
[2023-10-18T23:10:14.179+0000][1101.309s][info ][safepoint     ] Leaving safepoint region
[2023-10-18T23:10:14.179+0000][1101.310s][info ][safepoint     ] Total time for which application threads were stopped: 0.0012147 seconds, Stopping threads took: 0.0006181 seconds
[2023-10-18T23:10:15.180+0000][1102.310s][debug][safepoint     ] Safepoint synchronization initiated. (171 threads)
[2023-10-18T23:10:15.180+0000][1102.311s][info ][safepoint     ] Application time: 1.0008477 seconds
[2023-10-18T23:10:15.181+0000][1102.312s][info ][safepoint     ] Entering safepoint region: Cleanup
[2023-10-18T23:10:15.182+0000][1102.312s][info ][safepoint     ] Leaving safepoint region
[2023-10-18T23:10:15.182+0000][1102.313s][info ][safepoint     ] Total time for which application threads were stopped: 0.0013081 seconds, Stopping threads took: 0.0005984 seconds
[2023-10-18T23:10:16.183+0000][1103.314s][debug][safepoint     ] Safepoint synchronization initiated. (171 threads)
[2023-10-18T23:10:16.183+0000][1103.314s][info ][safepoint     ] Application time: 1.0006763 seconds
[2023-10-18T23:10:16.184+0000][1103.315s][info ][safepoint     ] Entering safepoint region: Cleanup
[2023-10-18T23:10:16.185+0000][1103.315s][info ][safepoint     ] Leaving safepoint region
[2023-10-18T23:10:16.185+0000][1103.316s][info ][safepoint     ] Total time for which application threads were stopped: 0.0011889 seconds, Stopping threads took: 0.0005699 seconds
[2023-10-18T23:10:17.186+0000][1104.316s][debug][safepoint     ] Safepoint synchronization initiated. (171 threads)
[2023-10-18T23:10:17.186+0000][1104.317s][info ][safepoint     ] Application time: 1.0009611 seconds
[2023-10-18T23:10:17.187+0000][1104.318s][info ][safepoint     ] Entering safepoint region: Cleanup
[2023-10-18T23:10:17.188+0000][1104.318s][info ][safepoint     ] Leaving safepoint region
[2023-10-18T23:10:17.188+0000][1104.319s][info ][safepoint     ] Total time for which application threads were stopped: 0.0010725 seconds, Stopping threads took: 0.0005162 seconds
[2023-10-18T23:10:18.189+0000][1105.319s][debug][safepoint     ] Safepoint synchronization initiated. (171 threads)
[2023-10-18T23:10:18.189+0000][1105.320s][info ][safepoint     ] Application time: 1.0011019 seconds
[2023-10-18T23:10:18.190+0000][1105.321s][info ][safepoint     ] Entering safepoint region: Cleanup
[2023-10-18T23:10:18.191+0000][1105.322s][info ][safepoint     ] Leaving safepoint region
[2023-10-18T23:10:18.192+0000][1105.322s][info ][safepoint     ] Total time for which application threads were stopped: 0.0014254 seconds, Stopping threads took: 0.0005440 seconds
[2023-10-18T23:10:19.192+0000][1106.323s][debug][safepoint     ] Safepoint synchronization initiated. (171 threads)
[2023-10-18T23:10:19.193+0000][1106.323s][info ][safepoint     ] Application time: 1.0006737 seconds
[2023-10-18T23:10:19.193+0000][1106.324s][info ][safepoint     ] Entering safepoint region: Cleanup
[2023-10-18T23:10:19.194+0000][1106.325s][info ][safepoint     ] Leaving safepoint region
[2023-10-18T23:10:19.194+0000][1106.325s][info ][safepoint     ] Total time for which application threads were stopped: 0.0011310 seconds, Stopping threads took: 0.0004189 seconds
[2023-10-18T23:10:20.195+0000][1107.326s][debug][safepoint     ] Safepoint synchronization initiated. (171 threads)
[2023-10-18T23:10:20.196+0000][1107.326s][info ][safepoint     ] Application time: 1.0008604 seconds
[2023-10-18T23:10:20.196+0000][1107.327s][info ][safepoint     ] Entering safepoint region: Cleanup
[2023-10-18T23:10:20.197+0000][1107.328s][info ][safepoint     ] Leaving safepoint region
[2023-10-18T23:10:20.198+0000][1107.328s][info ][safepoint     ] Total time for which application threads were stopped: 0.0014775 seconds, Stopping threads took: 0.0005806 seconds
[2023-10-18T23:10:21.198+0000][1108.329s][debug][safepoint     ] Safepoint synchronization initiated. (171 threads)
[2023-10-18T23:10:21.199+0000][1108.330s][info ][safepoint     ] Application time: 1.0008792 seconds
[2023-10-18T23:10:21.200+0000][1108.330s][info ][safepoint     ] Entering safepoint region: Cleanup
[2023-10-18T23:10:21.200+0000][1108.331s][info ][safepoint     ] Leaving safepoint region
[2023-10-18T23:10:21.201+0000][1108.331s][info ][safepoint     ] Total time for which application threads were stopped: 0.0011172 seconds, Stopping threads took: 0.0004493 seconds
[2023-10-18T23:10:22.201+0000][1109.332s][debug][safepoint     ] Safepoint synchronization initiated. (171 threads)
[2023-10-18T23:10:22.202+0000][1109.333s][info ][safepoint     ] Application time: 1.0011206 seconds
[2023-10-18T23:10:22.203+0000][1109.334s][info ][safepoint     ] Entering safepoint region: Cleanup
[2023-10-18T23:10:22.204+0000][1109.335s][info ][safepoint     ] Leaving safepoint region
[2023-10-18T23:10:22.205+0000][1109.335s][info ][safepoint     ] Total time for which application threads were stopped: 0.0016217 seconds, Stopping threads took: 0.0007700 seconds
[2023-10-18T23:10:23.205+0000][1110.336s][debug][safepoint     ] Safepoint synchronization initiated. (171 threads)
[2023-10-18T23:10:23.206+0000][1110.336s][info ][safepoint     ] Application time: 1.0006782 seconds
[2023-10-18T23:10:23.206+0000][1110.337s][info ][safepoint     ] Entering safepoint region: Cleanup
[2023-10-18T23:10:23.207+0000][1110.338s][info ][safepoint     ] Leaving safepoint region
[2023-10-18T23:10:23.207+0000][1110.338s][info ][safepoint     ] Total time for which application threads were stopped: 0.0011189 seconds, Stopping threads took: 0.0005144 seconds
[2023-10-18T23:10:24.208+0000][1111.339s][debug][safepoint     ] Safepoint synchronization initiated. (171 threads)
[2023-10-18T23:10:24.209+0000][1111.339s][info ][safepoint     ] Application time: 1.0009038 seconds
[2023-10-18T23:10:24.209+0000][1111.340s][info ][safepoint     ] Entering safepoint region: Cleanup
[2023-10-18T23:10:24.210+0000][1111.341s][info ][safepoint     ] Leaving safepoint region
[2023-10-18T23:10:24.211+0000][1111.341s][info ][safepoint     ] Total time for which application threads were stopped: 0.0013814 seconds, Stopping threads took: 0.0006122 seconds
[2023-10-18T23:10:25.212+0000][1112.342s][debug][safepoint     ] Safepoint synchronization initiated. (171 threads)
[2023-10-18T23:10:25.213+0000][1112.343s][info ][safepoint     ] Application time: 1.0011571 seconds
[2023-10-18T23:10:25.213+0000][1112.344s][info ][safepoint     ] Entering safepoint region: Cleanup
[2023-10-18T23:10:25.214+0000][1112.345s][info ][safepoint     ] Leaving safepoint region
[2023-10-18T23:10:25.215+0000][1112.345s][info ][safepoint     ] Total time for which application threads were stopped: 0.0015274 seconds, Stopping threads took: 0.0007336 seconds
[2023-10-18T23:10:26.216+0000][1113.346s][debug][safepoint     ] Safepoint synchronization initiated. (171 threads)
[2023-10-18T23:10:26.216+0000][1113.347s][info ][safepoint     ] Application time: 1.0008026 seconds
[2023-10-18T23:10:26.217+0000][1113.348s][info ][safepoint     ] Entering safepoint region: Cleanup
[2023-10-18T23:10:26.218+0000][1113.348s][info ][safepoint     ] Leaving safepoint region
[2023-10-18T23:10:26.218+0000][1113.349s][info ][safepoint     ] Total time for which application threads were stopped: 0.0012327 seconds, Stopping threads took: 0.0006015 seconds
[2023-10-18T23:10:27.219+0000][1114.349s][debug][safepoint     ] Safepoint synchronization initiated. (171 threads)
[2023-10-18T23:10:27.219+0000][1114.350s][info ][safepoint     ] Application time: 1.0007379 seconds
[2023-10-18T23:10:27.220+0000][1114.350s][info ][safepoint     ] Entering safepoint region: Cleanup
[2023-10-18T23:10:27.220+0000][1114.351s][info ][safepoint     ] Leaving safepoint region
[2023-10-18T23:10:27.221+0000][1114.351s][info ][safepoint     ] Total time for which application threads were stopped: 0.0012076 seconds, Stopping threads took: 0.0005379 seconds
[2023-10-18T23:10:28.222+0000][1115.352s][debug][safepoint     ] Safepoint synchronization initiated. (171 threads)
[2023-10-18T23:10:28.223+0000][1115.353s][info ][safepoint     ] Application time: 1.0011716 seconds
[2023-10-18T23:10:28.224+0000][1115.354s][info ][safepoint     ] Entering safepoint region: Cleanup
[2023-10-18T23:10:28.225+0000][1115.355s][info ][safepoint     ] Leaving safepoint region
[2023-10-18T23:10:28.225+0000][1115.356s][info ][safepoint     ] Total time for which application threads were stopped: 0.0019950 seconds, Stopping threads took: 0.0008443 seconds
[2023-10-18T23:10:29.226+0000][1116.357s][debug][safepoint     ] Safepoint synchronization initiated. (171 threads)
[2023-10-18T23:10:29.227+0000][1116.358s][info ][safepoint     ] Application time: 1.0013030 seconds
[2023-10-18T23:10:29.228+0000][1116.359s][info ][safepoint     ] Entering safepoint region: Cleanup
[2023-10-18T23:10:29.229+0000][1116.360s][info ][safepoint     ] Leaving safepoint region
[2023-10-18T23:10:29.230+0000][1116.360s][info ][safepoint     ] Total time for which application threads were stopped: 0.0015346 seconds, Stopping threads took: 0.0005933 seconds
[2023-10-18T23:10:30.231+0000][1117.361s][debug][safepoint     ] Safepoint synchronization initiated. (171 threads)
[2023-10-18T23:10:30.231+0000][1117.362s][info ][safepoint     ] Application time: 1.0009074 seconds
[2023-10-18T23:10:30.232+0000][1117.362s][info ][safepoint     ] Entering safepoint region: Cleanup
[2023-10-18T23:10:30.233+0000][1117.363s][info ][safepoint     ] Leaving safepoint region
[2023-10-18T23:10:30.233+0000][1117.364s][info ][safepoint     ] Total time for which application threads were stopped: 0.0013024 seconds, Stopping threads took: 0.0005573 seconds
[2023-10-18T23:10:31.234+0000][1118.364s][debug][safepoint     ] Safepoint synchronization initiated. (171 threads)
[2023-10-18T23:10:31.235+0000][1118.365s][info ][safepoint     ] Application time: 1.0012068 seconds
[2023-10-18T23:10:31.236+0000][1118.366s][info ][safepoint     ] Entering safepoint region: Cleanup
[2023-10-18T23:10:31.237+0000][1118.367s][info ][safepoint     ] Leaving safepoint region
[2023-10-18T23:10:31.237+0000][1118.368s][info ][safepoint     ] Total time for which application threads were stopped: 0.0015884 seconds, Stopping threads took: 0.0006676 seconds
[2023-10-18T23:10:32.238+0000][1119.369s][debug][safepoint     ] Safepoint synchronization initiated. (171 threads)
[2023-10-18T23:10:32.239+0000][1119.370s][info ][safepoint     ] Application time: 1.0010364 seconds
[2023-10-18T23:10:32.240+0000][1119.370s][info ][safepoint     ] Entering safepoint region: Cleanup
[2023-10-18T23:10:32.241+0000][1119.371s][info ][safepoint     ] Leaving safepoint region
[2023-10-18T23:10:32.241+0000][1119.372s][info ][safepoint     ] Total time for which application threads were stopped: 0.0017697 seconds, Stopping threads took: 0.0006306 seconds
[2023-10-18T23:10:33.242+0000][1120.373s][debug][safepoint     ] Safepoint synchronization initiated. (171 threads)
[2023-10-18T23:10:33.243+0000][1120.373s][info ][safepoint     ] Application time: 1.0006183 seconds
[2023-10-18T23:10:33.243+0000][1120.374s][info ][safepoint     ] Entering safepoint region: Cleanup
[2023-10-18T23:10:33.244+0000][1120.375s][info ][safepoint     ] Leaving safepoint region
[2023-10-18T23:10:33.244+0000][1120.375s][info ][safepoint     ] Total time for which application threads were stopped: 0.0010574 seconds, Stopping threads took: 0.0004690 seconds
[2023-10-18T23:10:34.245+0000][1121.376s][debug][safepoint     ] Safepoint synchronization initiated. (171 threads)
[2023-10-18T23:10:34.246+0000][1121.376s][info ][safepoint     ] Application time: 1.0011401 seconds
[2023-10-18T23:10:34.247+0000][1121.377s][info ][safepoint     ] Entering safepoint region: Cleanup
[2023-10-18T23:10:34.248+0000][1121.378s][info ][safepoint     ] Leaving safepoint region
[2023-10-18T23:10:34.248+0000][1121.379s][info ][safepoint     ] Total time for which application threads were stopped: 0.0017554 seconds, Stopping threads took: 0.0008320 seconds
[2023-10-18T23:10:35.249+0000][1122.380s][debug][safepoint     ] Safepoint synchronization initiated. (171 threads)
[2023-10-18T23:10:35.250+0000][1122.381s][info ][safepoint     ] Application time: 1.0014029 seconds
[2023-10-18T23:10:35.251+0000][1122.382s][info ][safepoint     ] Entering safepoint region: Cleanup
[2023-10-18T23:10:35.252+0000][1122.383s][info ][safepoint     ] Leaving safepoint region
[2023-10-18T23:10:35.253+0000][1122.383s][info ][safepoint     ] Total time for which application threads were stopped: 0.0015172 seconds, Stopping threads took: 0.0007144 seconds
[2023-10-18T23:10:36.253+0000][1123.384s][debug][safepoint     ] Safepoint synchronization initiated. (171 threads)
[2023-10-18T23:10:36.254+0000][1123.385s][info ][safepoint     ] Application time: 1.0007279 seconds
[2023-10-18T23:10:36.254+0000][1123.385s][info ][safepoint     ] Entering safepoint region: Cleanup
[2023-10-18T23:10:36.255+0000][1123.386s][info ][safepoint     ] Leaving safepoint region
[2023-10-18T23:10:36.256+0000][1123.386s][info ][safepoint     ] Total time for which application threads were stopped: 0.0012009 seconds, Stopping threads took: 0.0006109 seconds
[2023-10-18T23:10:37.256+0000][1124.387s][debug][safepoint     ] Safepoint synchronization initiated. (171 threads)
[2023-10-18T23:10:37.257+0000][1124.387s][info ][safepoint     ] Application time: 1.0007053 seconds
[2023-10-18T23:10:37.257+0000][1124.388s][info ][safepoint     ] Entering safepoint region: Cleanup
[2023-10-18T23:10:37.258+0000][1124.388s][info ][safepoint     ] Leaving safepoint region
[2023-10-18T23:10:37.258+0000][1124.389s][info ][safepoint     ] Total time for which application threads were stopped: 0.0008796 seconds, Stopping threads took: 0.0003919 seconds
[2023-10-18T23:10:38.259+0000][1125.389s][debug][safepoint     ] Safepoint synchronization initiated. (171 threads)
[2023-10-18T23:10:38.259+0000][1125.390s][info ][safepoint     ] Application time: 1.0007611 seconds
[2023-10-18T23:10:38.260+0000][1125.390s][info ][safepoint     ] Entering safepoint region: Cleanup
[2023-10-18T23:10:38.260+0000][1125.391s][info ][safepoint     ] Leaving safepoint region
[2023-10-18T23:10:38.261+0000][1125.391s][info ][safepoint     ] Total time for which application threads were stopped: 0.0012394 seconds, Stopping threads took: 0.0005584 seconds
[2023-10-18T23:10:39.261+0000][1126.392s][debug][safepoint     ] Safepoint synchronization initiated. (171 threads)
[2023-10-18T23:10:39.262+0000][1126.393s][info ][safepoint     ] Application time: 1.0011920 seconds
[2023-10-18T23:10:39.263+0000][1126.394s][info ][safepoint     ] Entering safepoint region: Cleanup
[2023-10-18T23:10:39.264+0000][1126.395s][info ][safepoint     ] Leaving safepoint region
[2023-10-18T23:10:39.264+0000][1126.395s][info ][safepoint     ] Total time for which application threads were stopped: 0.0014953 seconds, Stopping threads took: 0.0007044 seconds
[2023-10-18T23:10:40.265+0000][1127.396s][debug][safepoint     ] Safepoint synchronization initiated. (171 threads)
[2023-10-18T23:10:40.266+0000][1127.397s][info ][safepoint     ] Application time: 1.0011760 seconds
[2023-10-18T23:10:40.267+0000][1127.398s][info ][safepoint     ] Entering safepoint region: Cleanup
[2023-10-18T23:10:40.268+0000][1127.399s][info ][safepoint     ] Leaving safepoint region
[2023-10-18T23:10:40.269+0000][1127.400s][info ][safepoint     ] Total time for which application threads were stopped: 0.0020860 seconds, Stopping threads took: 0.0010195 seconds
[2023-10-18T23:10:41.270+0000][1128.401s][debug][safepoint     ] Safepoint synchronization initiated. (171 threads)
[2023-10-18T23:10:41.271+0000][1128.402s][info ][safepoint     ] Application time: 1.0012582 seconds
[2023-10-18T23:10:41.272+0000][1128.403s][info ][safepoint     ] Entering safepoint region: Cleanup
[2023-10-18T23:10:41.273+0000][1128.404s][info ][safepoint     ] Leaving safepoint region
[2023-10-18T23:10:41.273+0000][1128.404s][info ][safepoint     ] Total time for which application threads were stopped: 0.0015147 seconds, Stopping threads took: 0.0007129 seconds
[2023-10-18T23:10:42.274+0000][1129.405s][debug][safepoint     ] Safepoint synchronization initiated. (171 threads)
[2023-10-18T23:10:42.275+0000][1129.406s][info ][safepoint     ] Application time: 1.0011917 seconds
[2023-10-18T23:10:42.276+0000][1129.407s][info ][safepoint     ] Entering safepoint region: Cleanup
[2023-10-18T23:10:42.276+0000][1129.407s][info ][safepoint     ] Leaving safepoint region
[2023-10-18T23:10:42.277+0000][1129.408s][info ][safepoint     ] Total time for which application threads were stopped: 0.0012857 seconds, Stopping threads took: 0.0005523 seconds
[2023-10-18T23:10:43.278+0000][1130.409s][debug][safepoint     ] Safepoint synchronization initiated. (171 threads)
[2023-10-18T23:10:43.278+0000][1130.409s][info ][safepoint     ] Application time: 1.0007308 seconds
[2023-10-18T23:10:43.279+0000][1130.410s][info ][safepoint     ] Entering safepoint region: Cleanup
[2023-10-18T23:10:43.279+0000][1130.410s][info ][safepoint     ] Leaving safepoint region
[2023-10-18T23:10:43.280+0000][1130.411s][info ][safepoint     ] Total time for which application threads were stopped: 0.0012488 seconds, Stopping threads took: 0.0005146 seconds
[2023-10-18T23:10:44.281+0000][1131.412s][debug][safepoint     ] Safepoint synchronization initiated. (171 threads)
[2023-10-18T23:10:44.281+0000][1131.412s][info ][safepoint     ] Application time: 1.0007984 seconds
[2023-10-18T23:10:44.282+0000][1131.413s][info ][safepoint     ] Entering safepoint region: Cleanup
[2023-10-18T23:10:44.283+0000][1131.414s][info ][safepoint     ] Leaving safepoint region
[2023-10-18T23:10:44.284+0000][1131.415s][info ][safepoint     ] Total time for which application threads were stopped: 0.0017793 seconds, Stopping threads took: 0.0008906 seconds
[2023-10-18T23:10:45.285+0000][1132.416s][debug][safepoint     ] Safepoint synchronization initiated. (171 threads)
[2023-10-18T23:10:45.286+0000][1132.417s][info ][safepoint     ] Application time: 1.0011066 seconds
[2023-10-18T23:10:45.286+0000][1132.417s][info ][safepoint     ] Entering safepoint region: Cleanup
[2023-10-18T23:10:45.287+0000][1132.418s][info ][safepoint     ] Leaving safepoint region
[2023-10-18T23:10:45.288+0000][1132.419s][info ][safepoint     ] Total time for which application threads were stopped: 0.0014193 seconds, Stopping threads took: 0.0005693 seconds
[2023-10-18T23:10:46.288+0000][1133.419s][debug][safepoint     ] Safepoint synchronization initiated. (171 threads)
[2023-10-18T23:10:46.289+0000][1133.420s][info ][safepoint     ] Application time: 1.0008720 seconds
[2023-10-18T23:10:46.289+0000][1133.421s][info ][safepoint     ] Entering safepoint region: Cleanup
[2023-10-18T23:10:46.290+0000][1133.421s][info ][safepoint     ] Leaving safepoint region
[2023-10-18T23:10:46.291+0000][1133.422s][info ][safepoint     ] Total time for which application threads were stopped: 0.0012993 seconds, Stopping threads took: 0.0005093 seconds
[2023-10-18T23:10:47.291+0000][1134.423s][debug][safepoint     ] Safepoint synchronization initiated. (171 threads)
[2023-10-18T23:10:47.292+0000][1134.423s][info ][safepoint     ] Application time: 1.0005989 seconds
[2023-10-18T23:10:47.293+0000][1134.424s][info ][safepoint     ] Entering safepoint region: Cleanup
[2023-10-18T23:10:47.294+0000][1134.425s][info ][safepoint     ] Leaving safepoint region
[2023-10-18T23:10:47.294+0000][1134.425s][info ][safepoint     ] Total time for which application threads were stopped: 0.0015544 seconds, Stopping threads took: 0.0009102 seconds
[2023-10-18T23:10:48.295+0000][1135.426s][debug][safepoint     ] Safepoint synchronization initiated. (171 threads)
[2023-10-18T23:10:48.295+0000][1135.427s][info ][safepoint     ] Application time: 1.0011001 seconds
[2023-10-18T23:10:48.296+0000][1135.427s][info ][safepoint     ] Entering safepoint region: Cleanup
[2023-10-18T23:10:48.297+0000][1135.428s][info ][safepoint     ] Leaving safepoint region
[2023-10-18T23:10:48.298+0000][1135.429s][info ][safepoint     ] Total time for which application threads were stopped: 0.0016222 seconds, Stopping threads took: 0.0006477 seconds
[2023-10-18T23:10:49.298+0000][1136.430s][debug][safepoint     ] Safepoint synchronization initiated. (171 threads)
[2023-10-18T23:10:49.299+0000][1136.430s][info ][safepoint     ] Application time: 1.0008484 seconds
[2023-10-18T23:10:49.300+0000][1136.431s][info ][safepoint     ] Entering safepoint region: Cleanup
[2023-10-18T23:10:49.300+0000][1136.432s][info ][safepoint     ] Leaving safepoint region
[2023-10-18T23:10:49.301+0000][1136.432s][info ][safepoint     ] Total time for which application threads were stopped: 0.0012075 seconds, Stopping threads took: 0.0005621 seconds
[2023-10-18T23:10:50.302+0000][1137.433s][debug][safepoint     ] Safepoint synchronization initiated. (171 threads)
[2023-10-18T23:10:50.302+0000][1137.434s][info ][safepoint     ] Application time: 1.0010862 seconds
[2023-10-18T23:10:50.303+0000][1137.434s][info ][safepoint     ] Entering safepoint region: Cleanup
[2023-10-18T23:10:50.304+0000][1137.435s][info ][safepoint     ] Leaving safepoint region
[2023-10-18T23:10:50.304+0000][1137.435s][info ][safepoint     ] Total time for which application threads were stopped: 0.0012419 seconds, Stopping threads took: 0.0005472 seconds
[2023-10-18T23:10:51.305+0000][1138.436s][debug][safepoint     ] Safepoint synchronization initiated. (171 threads)
[2023-10-18T23:10:51.305+0000][1138.437s][info ][safepoint     ] Application time: 1.0006463 seconds
[2023-10-18T23:10:51.306+0000][1138.437s][info ][safepoint     ] Entering safepoint region: Cleanup
[2023-10-18T23:10:51.307+0000][1138.438s][info ][safepoint     ] Leaving safepoint region
[2023-10-18T23:10:51.307+0000][1138.438s][info ][safepoint     ] Total time for which application threads were stopped: 0.0012663 seconds, Stopping threads took: 0.0004387 seconds
[2023-10-18T23:10:52.308+0000][1139.439s][debug][safepoint     ] Safepoint synchronization initiated. (171 threads)
[2023-10-18T23:10:52.308+0000][1139.439s][info ][safepoint     ] Application time: 1.0007036 seconds
[2023-10-18T23:10:52.309+0000][1139.440s][info ][safepoint     ] Entering safepoint region: Cleanup
[2023-10-18T23:10:52.309+0000][1139.440s][info ][safepoint     ] Leaving safepoint region
[2023-10-18T23:10:52.310+0000][1139.441s][info ][safepoint     ] Total time for which application threads were stopped: 0.0009552 seconds, Stopping threads took: 0.0004059 seconds
[2023-10-18T23:10:53.310+0000][1140.441s][debug][safepoint     ] Safepoint synchronization initiated. (171 threads)
[2023-10-18T23:10:53.311+0000][1140.442s][info ][safepoint     ] Application time: 1.0006681 seconds
[2023-10-18T23:10:53.311+0000][1140.442s][info ][safepoint     ] Entering safepoint region: Cleanup
[2023-10-18T23:10:53.312+0000][1140.443s][info ][safepoint     ] Leaving safepoint region
[2023-10-18T23:10:53.313+0000][1140.444s][info ][safepoint     ] Total time for which application threads were stopped: 0.0015205 seconds, Stopping threads took: 0.0005678 seconds
[2023-10-18T23:10:54.313+0000][1141.444s][debug][safepoint     ] Safepoint synchronization initiated. (171 threads)
[2023-10-18T23:10:54.314+0000][1141.445s][info ][safepoint     ] Application time: 1.0008327 seconds
[2023-10-18T23:10:54.314+0000][1141.446s][info ][safepoint     ] Entering safepoint region: Cleanup
[2023-10-18T23:10:54.315+0000][1141.446s][info ][safepoint     ] Leaving safepoint region
[2023-10-18T23:10:54.315+0000][1141.447s][info ][safepoint     ] Total time for which application threads were stopped: 0.0010715 seconds, Stopping threads took: 0.0004342 seconds
[2023-10-18T23:10:55.316+0000][1142.447s][debug][safepoint     ] Safepoint synchronization initiated. (171 threads)
[2023-10-18T23:10:55.317+0000][1142.448s][info ][safepoint     ] Application time: 1.0006942 seconds
[2023-10-18T23:10:55.317+0000][1142.448s][info ][safepoint     ] Entering safepoint region: Cleanup
[2023-10-18T23:10:55.318+0000][1142.449s][info ][safepoint     ] Leaving safepoint region
[2023-10-18T23:10:55.318+0000][1142.449s][info ][safepoint     ] Total time for which application threads were stopped: 0.0012448 seconds, Stopping threads took: 0.0006412 seconds
[2023-10-18T23:10:56.319+0000][1143.450s][debug][safepoint     ] Safepoint synchronization initiated. (171 threads)
[2023-10-18T23:10:56.320+0000][1143.451s][info ][safepoint     ] Application time: 1.0007240 seconds
[2023-10-18T23:10:56.320+0000][1143.451s][info ][safepoint     ] Entering safepoint region: Cleanup
[2023-10-18T23:10:56.321+0000][1143.452s][info ][safepoint     ] Leaving safepoint region
[2023-10-18T23:10:56.321+0000][1143.452s][info ][safepoint     ] Total time for which application threads were stopped: 0.0009107 seconds, Stopping threads took: 0.0004253 seconds
[2023-10-18T23:10:57.321+0000][1144.452s][debug][safepoint     ] Safepoint synchronization initiated. (171 threads)
[2023-10-18T23:10:57.322+0000][1144.453s][info ][safepoint     ] Application time: 1.0005658 seconds
[2023-10-18T23:10:57.322+0000][1144.453s][info ][safepoint     ] Entering safepoint region: Cleanup
[2023-10-18T23:10:57.323+0000][1144.454s][info ][safepoint     ] Leaving safepoint region
[2023-10-18T23:10:57.323+0000][1144.454s][info ][safepoint     ] Total time for which application threads were stopped: 0.0009885 seconds, Stopping threads took: 0.0003650 seconds
[2023-10-18T23:10:58.324+0000][1145.455s][debug][safepoint     ] Safepoint synchronization initiated. (171 threads)
[2023-10-18T23:10:58.324+0000][1145.455s][info ][safepoint     ] Application time: 1.0008423 seconds
[2023-10-18T23:10:58.325+0000][1145.456s][info ][safepoint     ] Entering safepoint region: Cleanup
[2023-10-18T23:10:58.325+0000][1145.457s][info ][safepoint     ] Leaving safepoint region
[2023-10-18T23:10:58.326+0000][1145.457s][info ][safepoint     ] Total time for which application threads were stopped: 0.0011186 seconds, Stopping threads took: 0.0004490 seconds
[2023-10-18T23:10:59.327+0000][1146.458s][debug][safepoint     ] Safepoint synchronization initiated. (171 threads)
[2023-10-18T23:10:59.327+0000][1146.458s][info ][safepoint     ] Application time: 1.0008803 seconds
[2023-10-18T23:10:59.328+0000][1146.459s][info ][safepoint     ] Entering safepoint region: Cleanup
[2023-10-18T23:10:59.328+0000][1146.459s][info ][safepoint     ] Leaving safepoint region
[2023-10-18T23:10:59.329+0000][1146.460s][info ][safepoint     ] Total time for which application threads were stopped: 0.0010027 seconds, Stopping threads took: 0.0003943 seconds
[2023-10-18T23:11:00.329+0000][1147.460s][debug][safepoint     ] Safepoint synchronization initiated. (171 threads)
[2023-10-18T23:11:00.330+0000][1147.461s][info ][safepoint     ] Application time: 1.0007924 seconds
[2023-10-18T23:11:00.330+0000][1147.461s][info ][safepoint     ] Entering safepoint region: Cleanup
[2023-10-18T23:11:00.331+0000][1147.462s][info ][safepoint     ] Leaving safepoint region
[2023-10-18T23:11:00.331+0000][1147.462s][info ][safepoint     ] Total time for which application threads were stopped: 0.0009821 seconds, Stopping threads took: 0.0003906 seconds
[2023-10-18T23:11:01.332+0000][1148.463s][debug][safepoint     ] Safepoint synchronization initiated. (171 threads)
[2023-10-18T23:11:01.332+0000][1148.463s][info ][safepoint     ] Application time: 1.0007123 seconds
[2023-10-18T23:11:01.333+0000][1148.464s][info ][safepoint     ] Entering safepoint region: Cleanup
[2023-10-18T23:11:01.334+0000][1148.465s][info ][safepoint     ] Leaving safepoint region
[2023-10-18T23:11:01.334+0000][1148.465s][info ][safepoint     ] Total time for which application threads were stopped: 0.0011359 seconds, Stopping threads took: 0.0006052 seconds
[2023-10-18T23:11:02.335+0000][1149.466s][debug][safepoint     ] Safepoint synchronization initiated. (171 threads)
[2023-10-18T23:11:02.335+0000][1149.467s][info ][safepoint     ] Application time: 1.0009686 seconds
[2023-10-18T23:11:02.336+0000][1149.467s][info ][safepoint     ] Entering safepoint region: Cleanup
[2023-10-18T23:11:02.337+0000][1149.468s][info ][safepoint     ] Leaving safepoint region
[2023-10-18T23:11:02.337+0000][1149.468s][info ][safepoint     ] Total time for which application threads were stopped: 0.0012065 seconds, Stopping threads took: 0.0005644 seconds
[2023-10-18T23:11:03.339+0000][1150.470s][debug][safepoint     ] Safepoint synchronization initiated. (171 threads)
[2023-10-18T23:11:03.340+0000][1150.471s][info ][safepoint     ] Application time: 1.0012286 seconds
[2023-10-18T23:11:03.340+0000][1150.471s][info ][safepoint     ] Entering safepoint region: Cleanup
[2023-10-18T23:11:03.341+0000][1150.473s][info ][safepoint     ] Leaving safepoint region
[2023-10-18T23:11:03.342+0000][1150.473s][info ][safepoint     ] Total time for which application threads were stopped: 0.0017874 seconds, Stopping threads took: 0.0008594 seconds
[2023-10-18T23:11:04.343+0000][1151.474s][debug][safepoint     ] Safepoint synchronization initiated. (171 threads)
[2023-10-18T23:11:04.343+0000][1151.474s][info ][safepoint     ] Application time: 1.0004709 seconds
[2023-10-18T23:11:04.344+0000][1151.475s][info ][safepoint     ] Entering safepoint region: Cleanup
[2023-10-18T23:11:04.344+0000][1151.475s][info ][safepoint     ] Leaving safepoint region
[2023-10-18T23:11:04.344+0000][1151.476s][info ][safepoint     ] Total time for which application threads were stopped: 0.0008217 seconds, Stopping threads took: 0.0003321 seconds
[2023-10-18T23:11:05.345+0000][1152.476s][debug][safepoint     ] Safepoint synchronization initiated. (171 threads)
[2023-10-18T23:11:05.345+0000][1152.477s][info ][safepoint     ] Application time: 1.0007477 seconds
[2023-10-18T23:11:05.346+0000][1152.477s][info ][safepoint     ] Entering safepoint region: Cleanup
[2023-10-18T23:11:05.347+0000][1152.478s][info ][safepoint     ] Leaving safepoint region
[2023-10-18T23:11:05.347+0000][1152.478s][info ][safepoint     ] Total time for which application threads were stopped: 0.0011232 seconds, Stopping threads took: 0.0004794 seconds
