[2023-11-05T15:24:25.624+0000][0.153s][info][gc,heap] Heap region size: 1M
[2023-11-05T15:24:25.632+0000][0.161s][info][gc     ] Using G1
[2023-11-05T15:24:25.633+0000][0.162s][info][gc,heap,coops] Heap address: 0x0000000085a00000, size: 1958 MB, Compressed Oops mode: 32-bit
[2023-11-05T15:24:25.636+0000][0.165s][info][gc,cds       ] Mark closed archive regions in map: [0x00000000ffc00000, 0x00000000ffc6aff8]
[2023-11-05T15:24:25.636+0000][0.165s][info][gc,cds       ] Mark open archive regions in map: [0x00000000ff800000, 0x00000000ff847ff8]
[2023-11-05T15:24:25.791+0000][0.320s][debug][safepoint    ] Safepoint synchronization initiated. (9 threads)
[2023-11-05T15:24:25.791+0000][0.320s][info ][safepoint    ] Application time: 0.0717670 seconds
[2023-11-05T15:24:25.792+0000][0.321s][info ][safepoint    ] Entering safepoint region: Deoptimize
[2023-11-05T15:24:25.792+0000][0.322s][info ][safepoint    ] Leaving safepoint region
[2023-11-05T15:24:25.793+0000][0.322s][info ][safepoint    ] Total time for which application threads were stopped: 0.0013272 seconds, Stopping threads took: 0.0005097 seconds
[2023-11-05T15:24:26.794+0000][1.323s][debug][safepoint    ] Safepoint synchronization initiated. (11 threads)
[2023-11-05T15:24:26.795+0000][1.324s][info ][safepoint    ] Application time: 1.0009810 seconds
[2023-11-05T15:24:26.795+0000][1.325s][debug][safepoint    ] ... found polling page return exception at pc = 0x00007f808c30c88d, stub =0x00007f8084840600
[2023-11-05T15:24:26.796+0000][1.325s][debug][safepoint    ] Waiting for 1 thread(s) to block
[2023-11-05T15:24:26.797+0000][1.326s][info ][safepoint    ] Entering safepoint region: Cleanup
[2023-11-05T15:24:26.798+0000][1.327s][info ][safepoint    ] Leaving safepoint region
[2023-11-05T15:24:26.798+0000][1.328s][info ][safepoint    ] Total time for which application threads were stopped: 0.0030646 seconds, Stopping threads took: 0.0021577 seconds
[2023-11-05T15:24:26.839+0000][1.368s][debug][safepoint    ] Safepoint synchronization initiated. (11 threads)
[2023-11-05T15:24:26.840+0000][1.369s][info ][safepoint    ] Application time: 0.0408603 seconds
[2023-11-05T15:24:26.841+0000][1.370s][info ][safepoint    ] Entering safepoint region: G1CollectForAllocation
[2023-11-05T15:24:26.841+0000][1.370s][info ][gc,start     ] GC(0) Pause Young (Normal) (G1 Evacuation Pause)
[2023-11-05T15:24:26.842+0000][1.372s][info ][gc,task      ] GC(0) Using 3 workers of 8 for evacuation
[2023-11-05T15:24:26.863+0000][1.392s][info ][gc,phases    ] GC(0)   Pre Evacuate Collection Set: 0.0ms
[2023-11-05T15:24:26.864+0000][1.393s][info ][gc,phases    ] GC(0)   Evacuate Collection Set: 14.3ms
[2023-11-05T15:24:26.864+0000][1.394s][info ][gc,phases    ] GC(0)   Post Evacuate Collection Set: 3.6ms
[2023-11-05T15:24:26.865+0000][1.394s][info ][gc,phases    ] GC(0)   Other: 3.9ms
[2023-11-05T15:24:26.866+0000][1.395s][info ][gc,heap      ] GC(0) Eden regions: 59->0(66)
[2023-11-05T15:24:26.866+0000][1.395s][info ][gc,heap      ] GC(0) Survivor regions: 0->8(8)
[2023-11-05T15:24:26.867+0000][1.396s][info ][gc,heap      ] GC(0) Old regions: 2->2
[2023-11-05T15:24:26.867+0000][1.396s][info ][gc,heap      ] GC(0) Humongous regions: 2->0
[2023-11-05T15:24:26.872+0000][1.401s][info ][gc,metaspace ] GC(0) Metaspace: 2425K(5760K)->2425K(5760K) NonClass: 2221K(5120K)->2221K(5120K) Class: 203K(640K)->203K(640K)
[2023-11-05T15:24:26.873+0000][1.402s][info ][gc           ] GC(0) Pause Young (Normal) (G1 Evacuation Pause) 61M->8M(126M) 31.499ms
[2023-11-05T15:24:26.881+0000][1.410s][info ][gc,cpu       ] GC(0) User=0.10s Sys=0.03s Real=0.04s
[2023-11-05T15:24:26.881+0000][1.410s][info ][safepoint    ] Leaving safepoint region
[2023-11-05T15:24:26.882+0000][1.411s][info ][safepoint    ] Total time for which application threads were stopped: 0.0412627 seconds, Stopping threads took: 0.0005466 seconds
[2023-11-05T15:24:27.073+0000][1.602s][debug][safepoint    ] Safepoint synchronization initiated. (11 threads)
[2023-11-05T15:24:27.079+0000][1.608s][info ][safepoint    ] Application time: 0.1968821 seconds
[2023-11-05T15:24:27.080+0000][1.609s][info ][safepoint    ] Entering safepoint region: Deoptimize
[2023-11-05T15:24:27.081+0000][1.610s][info ][safepoint    ] Leaving safepoint region
[2023-11-05T15:24:27.082+0000][1.611s][info ][safepoint    ] Total time for which application threads were stopped: 0.0017776 seconds, Stopping threads took: 0.0007096 seconds
[2023-11-05T15:24:27.103+0000][1.632s][debug][safepoint    ] Safepoint synchronization initiated. (11 threads)
[2023-11-05T15:24:27.116+0000][1.645s][info ][safepoint    ] Application time: 0.0337644 seconds
[2023-11-05T15:24:27.140+0000][1.669s][info ][safepoint    ] Entering safepoint region: Deoptimize
[2023-11-05T15:24:27.150+0000][1.679s][info ][safepoint    ] Leaving safepoint region
[2023-11-05T15:24:27.151+0000][1.680s][info ][safepoint    ] Total time for which application threads were stopped: 0.0102686 seconds, Stopping threads took: 0.0092572 seconds
[2023-11-05T15:24:27.413+0000][1.943s][debug][safepoint    ] Safepoint synchronization initiated. (11 threads)
[2023-11-05T15:24:27.414+0000][1.943s][info ][safepoint    ] Application time: 0.2629196 seconds
[2023-11-05T15:24:27.415+0000][1.944s][info ][safepoint    ] Entering safepoint region: Deoptimize
[2023-11-05T15:24:27.416+0000][1.945s][info ][safepoint    ] Leaving safepoint region
[2023-11-05T15:24:27.416+0000][1.945s][info ][safepoint    ] Total time for which application threads were stopped: 0.0015293 seconds, Stopping threads took: 0.0005605 seconds
[2023-11-05T15:24:27.444+0000][1.973s][debug][safepoint    ] Safepoint synchronization initiated. (11 threads)
[2023-11-05T15:24:27.462+0000][1.991s][info ][safepoint    ] Application time: 0.0452031 seconds
[2023-11-05T15:24:27.480+0000][2.009s][info ][safepoint    ] Entering safepoint region: Deoptimize
[2023-11-05T15:24:27.482+0000][2.012s][info ][safepoint    ] Leaving safepoint region
[2023-11-05T15:24:27.484+0000][2.013s][info ][safepoint    ] Total time for which application threads were stopped: 0.0039006 seconds, Stopping threads took: 0.0018843 seconds
[2023-11-05T15:24:27.987+0000][2.516s][debug][safepoint    ] Safepoint synchronization initiated. (12 threads)
[2023-11-05T15:24:27.988+0000][2.517s][info ][safepoint    ] Application time: 0.5032004 seconds
[2023-11-05T15:24:27.988+0000][2.518s][info ][safepoint    ] Entering safepoint region: G1CollectForAllocation
[2023-11-05T15:24:27.991+0000][2.520s][info ][gc,start     ] GC(1) Pause Young (Normal) (G1 Evacuation Pause)
[2023-11-05T15:24:27.991+0000][2.521s][info ][gc,task      ] GC(1) Using 3 workers of 8 for evacuation
[2023-11-05T15:24:28.018+0000][2.547s][info ][gc,phases    ] GC(1)   Pre Evacuate Collection Set: 0.0ms
[2023-11-05T15:24:28.019+0000][2.548s][info ][gc,phases    ] GC(1)   Evacuate Collection Set: 21.7ms
[2023-11-05T15:24:28.020+0000][2.549s][info ][gc,phases    ] GC(1)   Post Evacuate Collection Set: 1.5ms
[2023-11-05T15:24:28.020+0000][2.549s][info ][gc,phases    ] GC(1)   Other: 4.4ms
[2023-11-05T15:24:28.021+0000][2.550s][info ][gc,heap      ] GC(1) Eden regions: 66->0(69)
[2023-11-05T15:24:28.021+0000][2.551s][info ][gc,heap      ] GC(1) Survivor regions: 8->2(10)
[2023-11-05T15:24:28.022+0000][2.551s][info ][gc,heap      ] GC(1) Old regions: 2->10
[2023-11-05T15:24:28.023+0000][2.552s][info ][gc,heap      ] GC(1) Humongous regions: 0->0
[2023-11-05T15:24:28.023+0000][2.553s][info ][gc,metaspace ] GC(1) Metaspace: 5184K(7424K)->5184K(7424K) NonClass: 4628K(6656K)->4628K(6656K) Class: 555K(768K)->555K(768K)
[2023-11-05T15:24:28.024+0000][2.553s][info ][gc           ] GC(1) Pause Young (Normal) (G1 Evacuation Pause) 74M->9M(126M) 33.397ms
[2023-11-05T15:24:28.025+0000][2.554s][info ][gc,cpu       ] GC(1) User=0.14s Sys=0.00s Real=0.03s
[2023-11-05T15:24:28.025+0000][2.554s][info ][safepoint    ] Leaving safepoint region
[2023-11-05T15:24:28.026+0000][2.555s][info ][safepoint    ] Total time for which application threads were stopped: 0.0374603 seconds, Stopping threads took: 0.0019187 seconds
[2023-11-05T15:24:28.027+0000][2.556s][info ][gc,stringdedup] Concurrent String Deduplication (2.556s)
[2023-11-05T15:24:28.052+0000][2.581s][info ][gc,stringdedup] Concurrent String Deduplication 2183.4K->2008.8K(174.6K) avg 7.1% (2.556s, 2.581s) 25.271ms
[2023-11-05T15:24:28.730+0000][3.259s][debug][safepoint     ] Safepoint synchronization initiated. (12 threads)
[2023-11-05T15:24:28.731+0000][3.260s][info ][safepoint     ] Application time: 0.7041898 seconds
[2023-11-05T15:24:28.732+0000][3.261s][info ][safepoint     ] Entering safepoint region: G1CollectForAllocation
[2023-11-05T15:24:28.733+0000][3.262s][info ][gc,start      ] GC(2) Pause Young (Normal) (G1 Evacuation Pause)
[2023-11-05T15:24:28.733+0000][3.262s][info ][gc,task       ] GC(2) Using 3 workers of 8 for evacuation
[2023-11-05T15:24:28.741+0000][3.270s][info ][gc,phases     ] GC(2)   Pre Evacuate Collection Set: 0.0ms
[2023-11-05T15:24:28.741+0000][3.271s][info ][gc,phases     ] GC(2)   Evacuate Collection Set: 5.3ms
[2023-11-05T15:24:28.742+0000][3.271s][info ][gc,phases     ] GC(2)   Post Evacuate Collection Set: 1.6ms
[2023-11-05T15:24:28.743+0000][3.272s][info ][gc,phases     ] GC(2)   Other: 1.3ms
[2023-11-05T15:24:28.744+0000][3.273s][info ][gc,heap       ] GC(2) Eden regions: 69->0(72)
[2023-11-05T15:24:28.744+0000][3.273s][info ][gc,heap       ] GC(2) Survivor regions: 2->2(9)
[2023-11-05T15:24:28.745+0000][3.274s][info ][gc,heap       ] GC(2) Old regions: 10->10
[2023-11-05T15:24:28.745+0000][3.275s][info ][gc,heap       ] GC(2) Humongous regions: 0->0
[2023-11-05T15:24:28.746+0000][3.275s][info ][gc,metaspace  ] GC(2) Metaspace: 7260K(9088K)->7260K(9088K) NonClass: 6428K(7936K)->6428K(7936K) Class: 832K(1152K)->832K(1152K)
[2023-11-05T15:24:28.747+0000][3.276s][info ][gc            ] GC(2) Pause Young (Normal) (G1 Evacuation Pause) 78M->10M(126M) 14.037ms
[2023-11-05T15:24:28.747+0000][3.276s][info ][gc,cpu        ] GC(2) User=0.03s Sys=0.00s Real=0.01s
[2023-11-05T15:24:28.748+0000][3.277s][info ][safepoint     ] Leaving safepoint region
[2023-11-05T15:24:28.748+0000][3.277s][info ][safepoint     ] Total time for which application threads were stopped: 0.0167131 seconds, Stopping threads took: 0.0006679 seconds
[2023-11-05T15:24:29.379+0000][3.908s][debug][safepoint     ] Safepoint synchronization initiated. (11 threads)
[2023-11-05T15:24:29.380+0000][3.909s][info ][safepoint     ] Application time: 0.6310938 seconds
[2023-11-05T15:24:29.381+0000][3.910s][debug][safepoint     ] Waiting for 1 thread(s) to block
[2023-11-05T15:24:29.381+0000][3.910s][info ][safepoint     ] Entering safepoint region: G1CollectForAllocation
[2023-11-05T15:24:29.382+0000][3.911s][info ][gc,start      ] GC(3) Pause Young (Normal) (G1 Evacuation Pause)
[2023-11-05T15:24:29.383+0000][3.912s][info ][gc,task       ] GC(3) Using 3 workers of 8 for evacuation
[2023-11-05T15:24:29.391+0000][3.920s][info ][gc,phases     ] GC(3)   Pre Evacuate Collection Set: 0.0ms
[2023-11-05T15:24:29.392+0000][3.921s][info ][gc,phases     ] GC(3)   Evacuate Collection Set: 6.0ms
[2023-11-05T15:24:29.393+0000][3.922s][info ][gc,phases     ] GC(3)   Post Evacuate Collection Set: 1.8ms
[2023-11-05T15:24:29.393+0000][3.923s][info ][gc,phases     ] GC(3)   Other: 1.2ms
[2023-11-05T15:24:29.394+0000][3.923s][info ][gc,heap       ] GC(3) Eden regions: 72->0(71)
[2023-11-05T15:24:29.396+0000][3.925s][info ][gc,heap       ] GC(3) Survivor regions: 2->3(10)
[2023-11-05T15:24:29.396+0000][3.925s][info ][gc,heap       ] GC(3) Old regions: 10->10
[2023-11-05T15:24:29.397+0000][3.926s][info ][gc,heap       ] GC(3) Humongous regions: 0->0
[2023-11-05T15:24:29.397+0000][3.926s][info ][gc,metaspace  ] GC(3) Metaspace: 10421K(11776K)->10421K(11776K) NonClass: 9146K(10240K)->9146K(10240K) Class: 1275K(1536K)->1275K(1536K)
[2023-11-05T15:24:29.398+0000][3.927s][info ][gc            ] GC(3) Pause Young (Normal) (G1 Evacuation Pause) 82M->11M(126M) 15.631ms
[2023-11-05T15:24:29.398+0000][3.927s][info ][gc,cpu        ] GC(3) User=0.02s Sys=0.00s Real=0.01s
[2023-11-05T15:24:29.399+0000][3.928s][info ][safepoint     ] Leaving safepoint region
[2023-11-05T15:24:29.399+0000][3.929s][info ][safepoint     ] Total time for which application threads were stopped: 0.0187993 seconds, Stopping threads took: 0.0012618 seconds
[2023-11-05T15:24:29.400+0000][3.929s][info ][gc,stringdedup] Concurrent String Deduplication (3.929s)
[2023-11-05T15:24:29.402+0000][3.931s][info ][gc,stringdedup] Concurrent String Deduplication 54832.0B->21904.0B(32928.0B) avg 8.2% (3.929s, 3.931s) 2.204ms
[2023-11-05T15:24:29.705+0000][4.234s][debug][safepoint     ] Safepoint synchronization initiated. (12 threads)
[2023-11-05T15:24:29.706+0000][4.235s][info ][safepoint     ] Application time: 0.3056952 seconds
[2023-11-05T15:24:29.706+0000][4.235s][info ][safepoint     ] Entering safepoint region: Deoptimize
[2023-11-05T15:24:29.707+0000][4.236s][info ][safepoint     ] Leaving safepoint region
[2023-11-05T15:24:29.708+0000][4.237s][info ][safepoint     ] Total time for which application threads were stopped: 0.0014571 seconds, Stopping threads took: 0.0004813 seconds
[2023-11-05T15:24:29.841+0000][4.370s][debug][safepoint     ] Safepoint synchronization initiated. (12 threads)
[2023-11-05T15:24:29.841+0000][4.371s][info ][safepoint     ] Application time: 0.1332312 seconds
[2023-11-05T15:24:29.842+0000][4.371s][info ][safepoint     ] Entering safepoint region: ICBufferFull
[2023-11-05T15:24:29.843+0000][4.372s][info ][safepoint     ] Leaving safepoint region
[2023-11-05T15:24:29.843+0000][4.372s][info ][safepoint     ] Total time for which application threads were stopped: 0.0013976 seconds, Stopping threads took: 0.0005319 seconds
[2023-11-05T15:24:29.923+0000][4.452s][debug][safepoint     ] Safepoint synchronization initiated. (11 threads)
[2023-11-05T15:24:29.923+0000][4.452s][info ][safepoint     ] Application time: 0.0794560 seconds
[2023-11-05T15:24:29.924+0000][4.453s][debug][safepoint     ] Waiting for 1 thread(s) to block
[2023-11-05T15:24:29.924+0000][4.454s][info ][safepoint     ] Entering safepoint region: G1CollectForAllocation
[2023-11-05T15:24:29.925+0000][4.454s][info ][gc,start      ] GC(4) Pause Young (Normal) (G1 Evacuation Pause)
[2023-11-05T15:24:29.926+0000][4.455s][info ][gc,task       ] GC(4) Using 3 workers of 8 for evacuation
[2023-11-05T15:24:29.936+0000][4.465s][info ][gc,phases     ] GC(4)   Pre Evacuate Collection Set: 0.0ms
[2023-11-05T15:24:29.936+0000][4.465s][info ][gc,phases     ] GC(4)   Evacuate Collection Set: 7.7ms
[2023-11-05T15:24:29.937+0000][4.466s][info ][gc,phases     ] GC(4)   Post Evacuate Collection Set: 1.6ms
[2023-11-05T15:24:29.937+0000][4.467s][info ][gc,phases     ] GC(4)   Other: 1.3ms
[2023-11-05T15:24:29.938+0000][4.467s][info ][gc,heap       ] GC(4) Eden regions: 71->0(69)
[2023-11-05T15:24:29.939+0000][4.468s][info ][gc,heap       ] GC(4) Survivor regions: 3->5(10)
[2023-11-05T15:24:29.939+0000][4.468s][info ][gc,heap       ] GC(4) Old regions: 10->10
[2023-11-05T15:24:29.940+0000][4.469s][info ][gc,heap       ] GC(4) Humongous regions: 0->0
[2023-11-05T15:24:29.940+0000][4.469s][info ][gc,metaspace  ] GC(4) Metaspace: 12123K(12800K)->12123K(12800K) NonClass: 10629K(11008K)->10629K(11008K) Class: 1494K(1792K)->1494K(1792K)
[2023-11-05T15:24:29.941+0000][4.470s][info ][gc            ] GC(4) Pause Young (Normal) (G1 Evacuation Pause) 82M->13M(126M) 15.657ms
[2023-11-05T15:24:29.941+0000][4.470s][info ][gc,cpu        ] GC(4) User=0.06s Sys=0.00s Real=0.02s
[2023-11-05T15:24:29.942+0000][4.471s][info ][safepoint     ] Leaving safepoint region
[2023-11-05T15:24:29.943+0000][4.472s][info ][safepoint     ] Total time for which application threads were stopped: 0.0187660 seconds, Stopping threads took: 0.0011345 seconds
[2023-11-05T15:24:29.943+0000][4.472s][info ][gc,stringdedup] Concurrent String Deduplication (4.472s)
[2023-11-05T15:24:29.945+0000][4.475s][info ][gc,stringdedup] Concurrent String Deduplication 114.4K->35848.0B(81344.0B) avg 10.9% (4.472s, 4.474s) 2.053ms
[2023-11-05T15:24:30.209+0000][4.738s][debug][safepoint     ] Safepoint synchronization initiated. (13 threads)
[2023-11-05T15:24:30.209+0000][4.739s][info ][safepoint     ] Application time: 0.2662517 seconds
[2023-11-05T15:24:30.210+0000][4.739s][debug][safepoint     ] Waiting for 1 thread(s) to block
[2023-11-05T15:24:30.211+0000][4.740s][info ][safepoint     ] Entering safepoint region: G1CollectForAllocation
[2023-11-05T15:24:30.211+0000][4.741s][info ][gc,start      ] GC(5) Pause Young (Normal) (G1 Evacuation Pause)
[2023-11-05T15:24:30.212+0000][4.741s][info ][gc,task       ] GC(5) Using 4 workers of 8 for evacuation
[2023-11-05T15:24:30.220+0000][4.749s][info ][gc,phases     ] GC(5)   Pre Evacuate Collection Set: 0.0ms
[2023-11-05T15:24:30.220+0000][4.750s][info ][gc,phases     ] GC(5)   Evacuate Collection Set: 5.7ms
[2023-11-05T15:24:30.221+0000][4.750s][info ][gc,phases     ] GC(5)   Post Evacuate Collection Set: 1.5ms
[2023-11-05T15:24:30.222+0000][4.751s][info ][gc,phases     ] GC(5)   Other: 1.2ms
[2023-11-05T15:24:30.222+0000][4.751s][info ][gc,heap       ] GC(5) Eden regions: 69->0(83)
[2023-11-05T15:24:30.223+0000][4.752s][info ][gc,heap       ] GC(5) Survivor regions: 5->6(10)
[2023-11-05T15:24:30.223+0000][4.752s][info ][gc,heap       ] GC(5) Old regions: 10->10
[2023-11-05T15:24:30.224+0000][4.753s][info ][gc,heap       ] GC(5) Humongous regions: 0->0
[2023-11-05T15:24:30.224+0000][4.753s][info ][gc,metaspace  ] GC(5) Metaspace: 14564K(15360K)->14564K(15360K) NonClass: 12764K(13312K)->12764K(13312K) Class: 1800K(2048K)->1800K(2048K)
[2023-11-05T15:24:30.225+0000][4.754s][info ][gc            ] GC(5) Pause Young (Normal) (G1 Evacuation Pause) 82M->13M(152M) 13.211ms
[2023-11-05T15:24:30.225+0000][4.754s][info ][gc,cpu        ] GC(5) User=0.03s Sys=0.00s Real=0.01s
[2023-11-05T15:24:30.226+0000][4.755s][info ][safepoint     ] Leaving safepoint region
[2023-11-05T15:24:30.226+0000][4.755s][info ][safepoint     ] Total time for which application threads were stopped: 0.0161213 seconds, Stopping threads took: 0.0012211 seconds
[2023-11-05T15:24:30.227+0000][4.756s][info ][gc,stringdedup] Concurrent String Deduplication (4.756s)
[2023-11-05T15:24:30.229+0000][4.758s][info ][gc,stringdedup] Concurrent String Deduplication 96792.0B->32920.0B(63872.0B) avg 12.8% (4.756s, 4.758s) 2.098ms
[2023-11-05T15:24:30.475+0000][5.004s][debug][safepoint     ] Safepoint synchronization initiated. (11 threads)
[2023-11-05T15:24:30.475+0000][5.004s][info ][safepoint     ] Application time: 0.2485791 seconds
[2023-11-05T15:24:30.476+0000][5.005s][debug][safepoint     ] Waiting for 1 thread(s) to block
[2023-11-05T15:24:30.476+0000][5.006s][info ][safepoint     ] Entering safepoint region: G1CollectForAllocation
[2023-11-05T15:24:30.477+0000][5.006s][info ][gc,start      ] GC(6) Pause Young (Normal) (G1 Evacuation Pause)
[2023-11-05T15:24:30.478+0000][5.007s][info ][gc,task       ] GC(6) Using 4 workers of 8 for evacuation
[2023-11-05T15:24:30.487+0000][5.017s][info ][gc,phases     ] GC(6)   Pre Evacuate Collection Set: 0.0ms
[2023-11-05T15:24:30.488+0000][5.017s][info ][gc,phases     ] GC(6)   Evacuate Collection Set: 7.4ms
[2023-11-05T15:24:30.488+0000][5.018s][info ][gc,phases     ] GC(6)   Post Evacuate Collection Set: 1.6ms
[2023-11-05T15:24:30.489+0000][5.018s][info ][gc,phases     ] GC(6)   Other: 1.1ms
[2023-11-05T15:24:30.490+0000][5.019s][info ][gc,heap       ] GC(6) Eden regions: 83->0(85)
[2023-11-05T15:24:30.490+0000][5.019s][info ][gc,heap       ] GC(6) Survivor regions: 6->6(12)
[2023-11-05T15:24:30.490+0000][5.020s][info ][gc,heap       ] GC(6) Old regions: 10->10
[2023-11-05T15:24:30.491+0000][5.020s][info ][gc,heap       ] GC(6) Humongous regions: 0->0
[2023-11-05T15:24:30.492+0000][5.021s][info ][gc,metaspace  ] GC(6) Metaspace: 16742K(17536K)->16742K(17536K) NonClass: 14568K(15104K)->14568K(15104K) Class: 2174K(2432K)->2174K(2432K)
[2023-11-05T15:24:30.492+0000][5.021s][info ][gc            ] GC(6) Pause Young (Normal) (G1 Evacuation Pause) 96M->14M(152M) 14.788ms
[2023-11-05T15:24:30.493+0000][5.022s][info ][gc,cpu        ] GC(6) User=0.03s Sys=0.00s Real=0.02s
[2023-11-05T15:24:30.493+0000][5.022s][info ][safepoint     ] Leaving safepoint region
[2023-11-05T15:24:30.494+0000][5.023s][info ][safepoint     ] Total time for which application threads were stopped: 0.0177935 seconds, Stopping threads took: 0.0012363 seconds
[2023-11-05T15:24:30.494+0000][5.023s][info ][gc,stringdedup] Concurrent String Deduplication (5.023s)
[2023-11-05T15:24:30.496+0000][5.025s][info ][gc,stringdedup] Concurrent String Deduplication 114.4K->97088.0B(20008.0B) avg 13.0% (5.023s, 5.025s) 1.786ms
[2023-11-05T15:24:30.546+0000][5.075s][debug][safepoint     ] Safepoint synchronization initiated. (11 threads)
[2023-11-05T15:24:30.547+0000][5.076s][info ][safepoint     ] Application time: 0.0526175 seconds
[2023-11-05T15:24:30.547+0000][5.076s][info ][safepoint     ] Entering safepoint region: Deoptimize
[2023-11-05T15:24:30.548+0000][5.077s][info ][safepoint     ] Leaving safepoint region
[2023-11-05T15:24:30.548+0000][5.078s][info ][safepoint     ] Total time for which application threads were stopped: 0.0013249 seconds, Stopping threads took: 0.0003960 seconds
[2023-11-05T15:24:30.820+0000][5.349s][debug][safepoint     ] Safepoint synchronization initiated. (13 threads)
[2023-11-05T15:24:30.820+0000][5.350s][info ][safepoint     ] Application time: 0.2715111 seconds
[2023-11-05T15:24:30.821+0000][5.350s][info ][safepoint     ] Entering safepoint region: Deoptimize
[2023-11-05T15:24:30.822+0000][5.351s][info ][safepoint     ] Leaving safepoint region
[2023-11-05T15:24:30.823+0000][5.352s][info ][safepoint     ] Total time for which application threads were stopped: 0.0018909 seconds, Stopping threads took: 0.0007475 seconds
[2023-11-05T15:24:30.867+0000][5.396s][debug][safepoint     ] Safepoint synchronization initiated. (13 threads)
[2023-11-05T15:24:30.869+0000][5.398s][info ][safepoint     ] Application time: 0.0452415 seconds
[2023-11-05T15:24:30.870+0000][5.399s][debug][safepoint     ] Waiting for 1 thread(s) to block
[2023-11-05T15:24:30.870+0000][5.399s][info ][safepoint     ] Entering safepoint region: G1CollectForAllocation
[2023-11-05T15:24:30.871+0000][5.400s][info ][gc,start      ] GC(7) Pause Young (Normal) (G1 Evacuation Pause)
[2023-11-05T15:24:30.872+0000][5.401s][info ][gc,task       ] GC(7) Using 4 workers of 8 for evacuation
[2023-11-05T15:24:30.886+0000][5.415s][info ][gc,phases     ] GC(7)   Pre Evacuate Collection Set: 0.0ms
[2023-11-05T15:24:30.887+0000][5.416s][info ][gc,phases     ] GC(7)   Evacuate Collection Set: 11.7ms
[2023-11-05T15:24:30.888+0000][5.417s][info ][gc,phases     ] GC(7)   Post Evacuate Collection Set: 2.0ms
[2023-11-05T15:24:30.888+0000][5.417s][info ][gc,phases     ] GC(7)   Other: 1.5ms
[2023-11-05T15:24:30.889+0000][5.418s][info ][gc,heap       ] GC(7) Eden regions: 85->0(83)
[2023-11-05T15:24:30.890+0000][5.419s][info ][gc,heap       ] GC(7) Survivor regions: 6->8(12)
[2023-11-05T15:24:30.890+0000][5.419s][info ][gc,heap       ] GC(7) Old regions: 10->10
[2023-11-05T15:24:30.891+0000][5.420s][info ][gc,heap       ] GC(7) Humongous regions: 0->0
[2023-11-05T15:24:30.891+0000][5.421s][info ][gc,metaspace  ] GC(7) Metaspace: 18582K(19584K)->18582K(19584K) NonClass: 16187K(16896K)->16187K(16896K) Class: 2394K(2688K)->2394K(2688K)
[2023-11-05T15:24:30.893+0000][5.422s][info ][gc            ] GC(7) Pause Young (Normal) (G1 Evacuation Pause) 99M->16M(152M) 21.635ms
[2023-11-05T15:24:30.893+0000][5.423s][info ][gc,cpu        ] GC(7) User=0.07s Sys=0.01s Real=0.02s
[2023-11-05T15:24:30.894+0000][5.423s][info ][safepoint     ] Leaving safepoint region
[2023-11-05T15:24:30.895+0000][5.424s][info ][safepoint     ] Total time for which application threads were stopped: 0.0253688 seconds, Stopping threads took: 0.0012344 seconds
[2023-11-05T15:24:30.897+0000][5.426s][info ][gc,stringdedup] Concurrent String Deduplication (5.426s)
[2023-11-05T15:24:30.898+0000][5.427s][info ][gc,stringdedup] Concurrent String Deduplication 65560.0B->21416.0B(44144.0B) avg 14.2% (5.426s, 5.427s) 1.466ms
[2023-11-05T15:24:31.131+0000][5.661s][debug][safepoint     ] Safepoint synchronization initiated. (13 threads)
[2023-11-05T15:24:31.133+0000][5.662s][info ][safepoint     ] Application time: 0.2372145 seconds
[2023-11-05T15:24:31.133+0000][5.662s][debug][safepoint     ] Waiting for 1 thread(s) to block
[2023-11-05T15:24:31.134+0000][5.663s][info ][safepoint     ] Entering safepoint region: CollectForMetadataAllocation
[2023-11-05T15:24:31.135+0000][5.664s][info ][gc,start      ] GC(8) Pause Young (Concurrent Start) (Metadata GC Threshold)
[2023-11-05T15:24:31.135+0000][5.665s][info ][gc,task       ] GC(8) Using 4 workers of 8 for evacuation
[2023-11-05T15:24:31.151+0000][5.680s][info ][gc,phases     ] GC(8)   Pre Evacuate Collection Set: 0.1ms
[2023-11-05T15:24:31.151+0000][5.681s][info ][gc,phases     ] GC(8)   Evacuate Collection Set: 13.2ms
[2023-11-05T15:24:31.152+0000][5.681s][info ][gc,phases     ] GC(8)   Post Evacuate Collection Set: 1.5ms
[2023-11-05T15:24:31.153+0000][5.682s][info ][gc,phases     ] GC(8)   Other: 1.3ms
[2023-11-05T15:24:31.153+0000][5.682s][info ][gc,heap       ] GC(8) Eden regions: 40->0(84)
[2023-11-05T15:24:31.154+0000][5.683s][info ][gc,heap       ] GC(8) Survivor regions: 8->7(12)
[2023-11-05T15:24:31.154+0000][5.683s][info ][gc,heap       ] GC(8) Old regions: 10->12
[2023-11-05T15:24:31.155+0000][5.684s][info ][gc,heap       ] GC(8) Humongous regions: 0->0
[2023-11-05T15:24:31.155+0000][5.684s][info ][gc,metaspace  ] GC(8) Metaspace: 20491K(21248K)->20491K(21248K) NonClass: 17913K(18432K)->17913K(18432K) Class: 2577K(2816K)->2577K(2816K)
[2023-11-05T15:24:31.155+0000][5.685s][info ][gc            ] GC(8) Pause Young (Concurrent Start) (Metadata GC Threshold) 56M->16M(152M) 20.607ms
[2023-11-05T15:24:31.156+0000][5.685s][info ][gc,cpu        ] GC(8) User=0.07s Sys=0.00s Real=0.02s
[2023-11-05T15:24:31.156+0000][5.686s][info ][gc            ] GC(9) Concurrent Cycle
[2023-11-05T15:24:31.157+0000][5.686s][info ][gc,marking    ] GC(9) Concurrent Clear Claimed Marks
[2023-11-05T15:24:31.157+0000][5.686s][info ][safepoint     ] Leaving safepoint region
[2023-11-05T15:24:31.158+0000][5.687s][info ][safepoint     ] Total time for which application threads were stopped: 0.0246780 seconds, Stopping threads took: 0.0012845 seconds
[2023-11-05T15:24:31.158+0000][5.687s][info ][gc,marking    ] GC(9) Concurrent Clear Claimed Marks 0.587ms
[2023-11-05T15:24:31.159+0000][5.688s][info ][gc,stringdedup] Concurrent String Deduplication (5.688s)
[2023-11-05T15:24:31.159+0000][5.689s][info ][gc,marking    ] GC(9) Concurrent Scan Root Regions
[2023-11-05T15:24:31.160+0000][5.689s][debug][safepoint     ] Safepoint synchronization initiated. (13 threads)
[2023-11-05T15:24:31.161+0000][5.690s][info ][safepoint     ] Application time: 0.0027784 seconds
[2023-11-05T15:24:31.163+0000][5.692s][info ][safepoint     ] Entering safepoint region: CollectForMetadataAllocation
[2023-11-05T15:24:31.164+0000][5.693s][info ][safepoint     ] Leaving safepoint region
[2023-11-05T15:24:31.164+0000][5.693s][info ][safepoint     ] Total time for which application threads were stopped: 0.0013150 seconds, Stopping threads took: 0.0006128 seconds
[2023-11-05T15:24:31.165+0000][5.694s][info ][gc,marking    ] GC(9) Concurrent Scan Root Regions 5.570ms
[2023-11-05T15:24:31.166+0000][5.695s][info ][gc,stringdedup] Concurrent String Deduplication 99520.0B->12480.0B(87040.0B) avg 16.6% (5.688s, 5.695s) 2.379ms
[2023-11-05T15:24:31.168+0000][5.697s][info ][gc,marking    ] GC(9) Concurrent Mark (5.697s)
[2023-11-05T15:24:31.169+0000][5.698s][info ][gc,marking    ] GC(9) Concurrent Mark From Roots
[2023-11-05T15:24:31.170+0000][5.699s][info ][gc,task       ] GC(9) Using 2 workers of 2 for marking
[2023-11-05T15:24:31.183+0000][5.712s][info ][gc,marking    ] GC(9) Concurrent Mark From Roots 13.852ms
[2023-11-05T15:24:31.187+0000][5.717s][info ][gc,marking    ] GC(9) Concurrent Preclean
[2023-11-05T15:24:31.191+0000][5.721s][info ][gc,marking    ] GC(9) Concurrent Preclean 4.111ms
[2023-11-05T15:24:31.193+0000][5.722s][info ][gc,marking    ] GC(9) Concurrent Mark (5.697s, 5.722s) 24.972ms
[2023-11-05T15:24:31.194+0000][5.723s][debug][safepoint     ] Safepoint synchronization initiated. (13 threads)
[2023-11-05T15:24:31.197+0000][5.727s][info ][safepoint     ] Application time: 0.0326226 seconds
[2023-11-05T15:24:31.200+0000][5.730s][debug][safepoint     ] Waiting for 1 thread(s) to block
[2023-11-05T15:24:31.202+0000][5.731s][info ][safepoint     ] Entering safepoint region: CGC_Operation
[2023-11-05T15:24:31.203+0000][5.732s][info ][gc,start      ] GC(9) Pause Remark
[2023-11-05T15:24:31.207+0000][5.736s][info ][gc,stringtable] GC(9) Cleaned string and symbol table, strings: 8301 processed, 6 removed, symbols: 55186 processed, 115 removed
[2023-11-05T15:24:31.208+0000][5.737s][info ][gc            ] GC(9) Pause Remark 19M->19M(152M) 5.577ms
[2023-11-05T15:24:31.209+0000][5.738s][info ][gc,cpu        ] GC(9) User=0.02s Sys=0.00s Real=0.00s
[2023-11-05T15:24:31.209+0000][5.739s][info ][safepoint     ] Leaving safepoint region
[2023-11-05T15:24:31.210+0000][5.739s][info ][safepoint     ] Total time for which application threads were stopped: 0.0095658 seconds, Stopping threads took: 0.0019955 seconds
[2023-11-05T15:24:31.211+0000][5.740s][info ][gc,marking    ] GC(9) Concurrent Rebuild Remembered Sets
[2023-11-05T15:24:31.221+0000][5.751s][info ][gc,marking    ] GC(9) Concurrent Rebuild Remembered Sets 10.776ms
[2023-11-05T15:24:31.223+0000][5.752s][debug][safepoint     ] Safepoint synchronization initiated. (13 threads)
[2023-11-05T15:24:31.223+0000][5.752s][info ][safepoint     ] Application time: 0.0127237 seconds
[2023-11-05T15:24:31.224+0000][5.753s][debug][safepoint     ] ... found polling page return exception at pc = 0x00007f808c376d37, stub =0x00007f8084840600
[2023-11-05T15:24:31.225+0000][5.754s][debug][safepoint     ] Waiting for 1 thread(s) to block
[2023-11-05T15:24:31.225+0000][5.754s][info ][safepoint     ] Entering safepoint region: CGC_Operation
[2023-11-05T15:24:31.226+0000][5.755s][info ][gc,start      ] GC(9) Pause Cleanup
[2023-11-05T15:24:31.227+0000][5.756s][info ][gc            ] GC(9) Pause Cleanup 21M->21M(152M) 0.722ms
[2023-11-05T15:24:31.227+0000][5.756s][info ][gc,cpu        ] GC(9) User=0.00s Sys=0.00s Real=0.00s
[2023-11-05T15:24:31.228+0000][5.757s][info ][safepoint     ] Leaving safepoint region
[2023-11-05T15:24:31.228+0000][5.757s][info ][safepoint     ] Total time for which application threads were stopped: 0.0043937 seconds, Stopping threads took: 0.0018036 seconds
[2023-11-05T15:24:31.229+0000][5.758s][info ][gc,marking    ] GC(9) Concurrent Cleanup for Next Mark
[2023-11-05T15:24:31.231+0000][5.761s][info ][gc,marking    ] GC(9) Concurrent Cleanup for Next Mark 2.588ms
[2023-11-05T15:24:31.237+0000][5.766s][info ][gc            ] GC(9) Concurrent Cycle 80.586ms
[2023-11-05T15:24:31.582+0000][6.111s][debug][safepoint     ] Safepoint synchronization initiated. (13 threads)
[2023-11-05T15:24:31.583+0000][6.112s][info ][safepoint     ] Application time: 0.3541248 seconds
[2023-11-05T15:24:31.584+0000][6.113s][info ][safepoint     ] Entering safepoint region: Deoptimize
[2023-11-05T15:24:31.585+0000][6.114s][info ][safepoint     ] Leaving safepoint region
[2023-11-05T15:24:31.585+0000][6.115s][info ][safepoint     ] Total time for which application threads were stopped: 0.0018344 seconds, Stopping threads took: 0.0006313 seconds
[2023-11-05T15:24:31.642+0000][6.171s][debug][safepoint     ] Safepoint synchronization initiated. (13 threads)
[2023-11-05T15:24:31.643+0000][6.172s][info ][safepoint     ] Application time: 0.0570029 seconds
[2023-11-05T15:24:31.644+0000][6.173s][info ][safepoint     ] Entering safepoint region: G1CollectForAllocation
[2023-11-05T15:24:31.645+0000][6.174s][info ][safepoint     ] Leaving safepoint region
[2023-11-05T15:24:31.645+0000][6.174s][info ][safepoint     ] Total time for which application threads were stopped: 0.0016633 seconds, Stopping threads took: 0.0007443 seconds
[2023-11-05T15:24:31.646+0000][6.175s][debug][safepoint     ] Safepoint synchronization initiated. (13 threads)
[2023-11-05T15:24:31.647+0000][6.176s][info ][safepoint     ] Application time: 0.0007671 seconds
[2023-11-05T15:24:31.647+0000][6.176s][debug][safepoint     ] ... found polling page return exception at pc = 0x00007f8085056258, stub =0x00007f8084840600
[2023-11-05T15:24:31.648+0000][6.177s][debug][safepoint     ] Waiting for 2 thread(s) to block
[2023-11-05T15:24:31.649+0000][6.178s][info ][safepoint     ] Entering safepoint region: G1CollectForAllocation
[2023-11-05T15:24:31.649+0000][6.179s][info ][gc,start      ] GC(10) Pause Young (Normal) (GCLocker Initiated GC)
[2023-11-05T15:24:31.650+0000][6.179s][info ][gc,task       ] GC(10) Using 4 workers of 8 for evacuation
[2023-11-05T15:24:31.663+0000][6.193s][info ][gc,phases     ] GC(10)   Pre Evacuate Collection Set: 0.0ms
[2023-11-05T15:24:31.664+0000][6.193s][info ][gc,phases     ] GC(10)   Evacuate Collection Set: 10.7ms
[2023-11-05T15:24:31.664+0000][6.194s][info ][gc,phases     ] GC(10)   Post Evacuate Collection Set: 1.8ms
[2023-11-05T15:24:31.665+0000][6.194s][info ][gc,phases     ] GC(10)   Other: 1.4ms
[2023-11-05T15:24:31.666+0000][6.195s][info ][gc,heap       ] GC(10) Eden regions: 85->0(82)
[2023-11-05T15:24:31.666+0000][6.195s][info ][gc,heap       ] GC(10) Survivor regions: 7->9(12)
[2023-11-05T15:24:31.666+0000][6.196s][info ][gc,heap       ] GC(10) Old regions: 12->13
[2023-11-05T15:24:31.667+0000][6.196s][info ][gc,heap       ] GC(10) Humongous regions: 0->0
[2023-11-05T15:24:31.667+0000][6.197s][info ][gc,metaspace  ] GC(10) Metaspace: 23795K(24828K)->23795K(24828K) NonClass: 20809K(21504K)->20809K(21504K) Class: 2985K(3324K)->2985K(3324K)
[2023-11-05T15:24:31.668+0000][6.197s][info ][gc            ] GC(10) Pause Young (Normal) (GCLocker Initiated GC) 101M->19M(152M) 18.406ms
[2023-11-05T15:24:31.668+0000][6.197s][info ][gc,cpu        ] GC(10) User=0.08s Sys=0.00s Real=0.01s
[2023-11-05T15:24:31.669+0000][6.198s][info ][safepoint     ] Leaving safepoint region
[2023-11-05T15:24:31.669+0000][6.199s][info ][safepoint     ] Total time for which application threads were stopped: 0.0220677 seconds, Stopping threads took: 0.0020615 seconds
[2023-11-05T15:24:31.670+0000][6.199s][info ][gc,stringdedup] Concurrent String Deduplication (6.199s)
[2023-11-05T15:24:31.685+0000][6.214s][info ][gc,stringdedup] Concurrent String Deduplication 758.9K->720.1K(39744.0B) avg 14.3% (6.199s, 6.214s) 15.059ms
[2023-11-05T15:24:32.031+0000][6.560s][debug][safepoint     ] Safepoint synchronization initiated. (12 threads)
[2023-11-05T15:24:32.032+0000][6.561s][info ][safepoint     ] Application time: 0.3622935 seconds
[2023-11-05T15:24:32.033+0000][6.562s][info ][safepoint     ] Entering safepoint region: G1CollectForAllocation
[2023-11-05T15:24:32.033+0000][6.563s][info ][gc,start      ] GC(11) Pause Young (Normal) (G1 Evacuation Pause)
[2023-11-05T15:24:32.034+0000][6.563s][info ][gc,task       ] GC(11) Using 3 workers of 8 for evacuation
[2023-11-05T15:24:32.051+0000][6.581s][info ][gc,phases     ] GC(11)   Pre Evacuate Collection Set: 0.0ms
[2023-11-05T15:24:32.052+0000][6.581s][info ][gc,phases     ] GC(11)   Evacuate Collection Set: 14.0ms
[2023-11-05T15:24:32.053+0000][6.582s][info ][gc,phases     ] GC(11)   Post Evacuate Collection Set: 2.8ms
[2023-11-05T15:24:32.053+0000][6.582s][info ][gc,phases     ] GC(11)   Other: 1.2ms
[2023-11-05T15:24:32.054+0000][6.583s][info ][gc,heap       ] GC(11) Eden regions: 82->0(101)
[2023-11-05T15:24:32.054+0000][6.583s][info ][gc,heap       ] GC(11) Survivor regions: 9->8(12)
[2023-11-05T15:24:32.055+0000][6.584s][info ][gc,heap       ] GC(11) Old regions: 13->15
[2023-11-05T15:24:32.055+0000][6.584s][info ][gc,heap       ] GC(11) Humongous regions: 0->0
[2023-11-05T15:24:32.055+0000][6.585s][info ][gc,metaspace  ] GC(11) Metaspace: 24044K(25212K)->24044K(25212K) NonClass: 21018K(21760K)->21018K(21760K) Class: 3026K(3452K)->3026K(3452K)
[2023-11-05T15:24:32.056+0000][6.585s][info ][gc            ] GC(11) Pause Young (Normal) (G1 Evacuation Pause) 101M->20M(183M) 22.624ms
[2023-11-05T15:24:32.056+0000][6.586s][info ][gc,cpu        ] GC(11) User=0.08s Sys=0.00s Real=0.02s
[2023-11-05T15:24:32.057+0000][6.586s][info ][safepoint     ] Leaving safepoint region
[2023-11-05T15:24:32.057+0000][6.587s][info ][safepoint     ] Total time for which application threads were stopped: 0.0247396 seconds, Stopping threads took: 0.0005154 seconds
[2023-11-05T15:24:32.058+0000][6.587s][info ][gc,stringdedup] Concurrent String Deduplication (6.587s)
[2023-11-05T15:24:32.061+0000][6.590s][info ][gc,stringdedup] Concurrent String Deduplication 102.0K->63688.0B(40792.0B) avg 14.9% (6.587s, 6.590s) 3.020ms
[2023-11-05T15:24:32.717+0000][7.247s][debug][safepoint     ] Safepoint synchronization initiated. (12 threads)
[2023-11-05T15:24:32.718+0000][7.247s][info ][safepoint     ] Application time: 0.6602390 seconds
[2023-11-05T15:24:32.719+0000][7.248s][info ][safepoint     ] Entering safepoint region: G1CollectForAllocation
[2023-11-05T15:24:32.719+0000][7.249s][info ][gc,start      ] GC(12) Pause Young (Normal) (G1 Evacuation Pause)
[2023-11-05T15:24:32.720+0000][7.249s][info ][gc,task       ] GC(12) Using 4 workers of 8 for evacuation
[2023-11-05T15:24:32.734+0000][7.263s][info ][gc,phases     ] GC(12)   Pre Evacuate Collection Set: 0.0ms
[2023-11-05T15:24:32.734+0000][7.263s][info ][gc,phases     ] GC(12)   Evacuate Collection Set: 11.2ms
[2023-11-05T15:24:32.735+0000][7.264s][info ][gc,phases     ] GC(12)   Post Evacuate Collection Set: 1.8ms
[2023-11-05T15:24:32.735+0000][7.264s][info ][gc,phases     ] GC(12)   Other: 1.2ms
[2023-11-05T15:24:32.736+0000][7.265s][info ][gc,heap       ] GC(12) Eden regions: 101->0(99)
[2023-11-05T15:24:32.736+0000][7.265s][info ][gc,heap       ] GC(12) Survivor regions: 8->10(14)
[2023-11-05T15:24:32.737+0000][7.266s][info ][gc,heap       ] GC(12) Old regions: 15->15
[2023-11-05T15:24:32.737+0000][7.266s][info ][gc,heap       ] GC(12) Humongous regions: 0->0
[2023-11-05T15:24:32.738+0000][7.267s][info ][gc,metaspace  ] GC(12) Metaspace: 24584K(25724K)->24584K(25724K) NonClass: 21500K(22272K)->21500K(22272K) Class: 3084K(3452K)->3084K(3452K)
[2023-11-05T15:24:32.738+0000][7.267s][info ][gc            ] GC(12) Pause Young (Normal) (G1 Evacuation Pause) 121M->23M(183M) 18.797ms
[2023-11-05T15:24:32.739+0000][7.268s][info ][gc,cpu        ] GC(12) User=0.07s Sys=0.00s Real=0.01s
[2023-11-05T15:24:32.739+0000][7.268s][info ][safepoint     ] Leaving safepoint region
[2023-11-05T15:24:32.740+0000][7.269s][info ][safepoint     ] Total time for which application threads were stopped: 0.0210802 seconds, Stopping threads took: 0.0005583 seconds
[2023-11-05T15:24:32.740+0000][7.269s][info ][gc,stringdedup] Concurrent String Deduplication (7.269s)
[2023-11-05T15:24:32.746+0000][7.275s][info ][gc,stringdedup] Concurrent String Deduplication 611.6K->404.6K(207.0K) avg 17.5% (7.269s, 7.275s) 5.301ms
[2023-11-05T15:24:33.276+0000][7.806s][debug][safepoint     ] Safepoint synchronization initiated. (12 threads)
[2023-11-05T15:24:33.277+0000][7.806s][info ][safepoint     ] Application time: 0.5368185 seconds
[2023-11-05T15:24:33.278+0000][7.807s][info ][safepoint     ] Entering safepoint region: ICBufferFull
[2023-11-05T15:24:33.278+0000][7.808s][info ][safepoint     ] Leaving safepoint region
[2023-11-05T15:24:33.279+0000][7.808s][info ][safepoint     ] Total time for which application threads were stopped: 0.0013441 seconds, Stopping threads took: 0.0005696 seconds
[2023-11-05T15:24:33.307+0000][7.837s][debug][safepoint     ] Safepoint synchronization initiated. (12 threads)
[2023-11-05T15:24:33.308+0000][7.837s][info ][safepoint     ] Application time: 0.0286091 seconds
[2023-11-05T15:24:33.309+0000][7.838s][info ][safepoint     ] Entering safepoint region: G1CollectForAllocation
[2023-11-05T15:24:33.310+0000][7.839s][info ][gc,start      ] GC(13) Pause Young (Normal) (G1 Evacuation Pause)
[2023-11-05T15:24:33.310+0000][7.839s][info ][gc,task       ] GC(13) Using 4 workers of 8 for evacuation
[2023-11-05T15:24:33.324+0000][7.853s][info ][gc,phases     ] GC(13)   Pre Evacuate Collection Set: 0.0ms
[2023-11-05T15:24:33.324+0000][7.854s][info ][gc,phases     ] GC(13)   Evacuate Collection Set: 10.9ms
[2023-11-05T15:24:33.325+0000][7.854s][info ][gc,phases     ] GC(13)   Post Evacuate Collection Set: 2.1ms
[2023-11-05T15:24:33.326+0000][7.855s][info ][gc,phases     ] GC(13)   Other: 1.1ms
[2023-11-05T15:24:33.326+0000][7.855s][info ][gc,heap       ] GC(13) Eden regions: 99->0(99)
[2023-11-05T15:24:33.327+0000][7.856s][info ][gc,heap       ] GC(13) Survivor regions: 10->10(14)
[2023-11-05T15:24:33.327+0000][7.857s][info ][gc,heap       ] GC(13) Old regions: 15->18
[2023-11-05T15:24:33.328+0000][7.857s][info ][gc,heap       ] GC(13) Humongous regions: 0->0
[2023-11-05T15:24:33.329+0000][7.858s][info ][gc,metaspace  ] GC(13) Metaspace: 24774K(25724K)->24774K(25724K) NonClass: 21673K(22272K)->21673K(22272K) Class: 3100K(3452K)->3100K(3452K)
[2023-11-05T15:24:33.330+0000][7.859s][info ][gc            ] GC(13) Pause Young (Normal) (G1 Evacuation Pause) 122M->25M(183M) 20.515ms
[2023-11-05T15:24:33.331+0000][7.860s][info ][gc,cpu        ] GC(13) User=0.06s Sys=0.01s Real=0.02s
[2023-11-05T15:24:33.331+0000][7.860s][info ][safepoint     ] Leaving safepoint region
[2023-11-05T15:24:33.332+0000][7.861s][info ][safepoint     ] Total time for which application threads were stopped: 0.0229459 seconds, Stopping threads took: 0.0008082 seconds
[2023-11-05T15:24:33.332+0000][7.861s][info ][gc,stringdedup] Concurrent String Deduplication (7.861s)
[2023-11-05T15:24:33.338+0000][7.867s][info ][gc,stringdedup] Concurrent String Deduplication 686.8K->266.5K(420.3K) avg 23.3% (7.861s, 7.867s) 5.318ms
[2023-11-05T15:24:33.856+0000][8.385s][debug][safepoint     ] Safepoint synchronization initiated. (13 threads)
[2023-11-05T15:24:33.856+0000][8.386s][info ][safepoint     ] Application time: 0.5242739 seconds
[2023-11-05T15:24:33.858+0000][8.387s][debug][safepoint     ] ... found polling page return exception at pc = 0x00007f808c376d37, stub =0x00007f8084840600
[2023-11-05T15:24:33.860+0000][8.389s][debug][safepoint     ] Waiting for 1 thread(s) to block
[2023-11-05T15:24:33.861+0000][8.390s][info ][safepoint     ] Entering safepoint region: G1CollectForAllocation
[2023-11-05T15:24:33.862+0000][8.391s][info ][gc,start      ] GC(14) Pause Young (Normal) (G1 Evacuation Pause)
[2023-11-05T15:24:33.862+0000][8.391s][info ][gc,task       ] GC(14) Using 4 workers of 8 for evacuation
[2023-11-05T15:24:33.876+0000][8.405s][info ][gc,phases     ] GC(14)   Pre Evacuate Collection Set: 0.0ms
[2023-11-05T15:24:33.877+0000][8.406s][info ][gc,phases     ] GC(14)   Evacuate Collection Set: 11.1ms
[2023-11-05T15:24:33.877+0000][8.407s][info ][gc,phases     ] GC(14)   Post Evacuate Collection Set: 2.0ms
[2023-11-05T15:24:33.878+0000][8.407s][info ][gc,phases     ] GC(14)   Other: 1.3ms
[2023-11-05T15:24:33.878+0000][8.408s][info ][gc,heap       ] GC(14) Eden regions: 99->0(101)
[2023-11-05T15:24:33.879+0000][8.408s][info ][gc,heap       ] GC(14) Survivor regions: 10->8(14)
[2023-11-05T15:24:33.880+0000][8.409s][info ][gc,heap       ] GC(14) Old regions: 18->20
[2023-11-05T15:24:33.880+0000][8.409s][info ][gc,heap       ] GC(14) Humongous regions: 0->0
[2023-11-05T15:24:33.881+0000][8.410s][info ][gc,metaspace  ] GC(14) Metaspace: 25370K(26620K)->25370K(26620K) NonClass: 22226K(23040K)->22226K(23040K) Class: 3144K(3580K)->3144K(3580K)
[2023-11-05T15:24:33.881+0000][8.410s][info ][gc            ] GC(14) Pause Young (Normal) (G1 Evacuation Pause) 124M->26M(183M) 19.547ms
[2023-11-05T15:24:33.882+0000][8.411s][info ][gc,cpu        ] GC(14) User=0.08s Sys=0.01s Real=0.02s
[2023-11-05T15:24:33.882+0000][8.412s][info ][safepoint     ] Leaving safepoint region
[2023-11-05T15:24:33.883+0000][8.412s][info ][safepoint     ] Total time for which application threads were stopped: 0.0250087 seconds, Stopping threads took: 0.0035627 seconds
[2023-11-05T15:24:33.883+0000][8.413s][info ][gc,stringdedup] Concurrent String Deduplication (8.413s)
[2023-11-05T15:24:33.893+0000][8.422s][info ][gc,stringdedup] Concurrent String Deduplication 730.4K->307.3K(423.1K) avg 27.6% (8.413s, 8.422s) 9.799ms
[2023-11-05T15:24:34.161+0000][8.690s][debug][safepoint     ] Safepoint synchronization initiated. (12 threads)
[2023-11-05T15:24:34.162+0000][8.691s][info ][safepoint     ] Application time: 0.2785199 seconds
[2023-11-05T15:24:34.162+0000][8.691s][info ][safepoint     ] Entering safepoint region: G1CollectForAllocation
[2023-11-05T15:24:34.163+0000][8.692s][info ][gc,start      ] GC(15) Pause Young (Normal) (G1 Evacuation Pause)
[2023-11-05T15:24:34.163+0000][8.693s][info ][gc,task       ] GC(15) Using 4 workers of 8 for evacuation
[2023-11-05T15:24:34.173+0000][8.702s][info ][gc,phases     ] GC(15)   Pre Evacuate Collection Set: 0.0ms
[2023-11-05T15:24:34.174+0000][8.703s][info ][gc,phases     ] GC(15)   Evacuate Collection Set: 7.2ms
[2023-11-05T15:24:34.174+0000][8.704s][info ][gc,phases     ] GC(15)   Post Evacuate Collection Set: 2.0ms
[2023-11-05T15:24:34.175+0000][8.704s][info ][gc,phases     ] GC(15)   Other: 1.0ms
[2023-11-05T15:24:34.176+0000][8.705s][info ][gc,heap       ] GC(15) Eden regions: 101->0(125)
[2023-11-05T15:24:34.176+0000][8.706s][info ][gc,heap       ] GC(15) Survivor regions: 8->7(14)
[2023-11-05T15:24:34.177+0000][8.706s][info ][gc,heap       ] GC(15) Old regions: 20->22
[2023-11-05T15:24:34.178+0000][8.707s][info ][gc,heap       ] GC(15) Humongous regions: 0->0
[2023-11-05T15:24:34.178+0000][8.707s][info ][gc,metaspace  ] GC(15) Metaspace: 26311K(27388K)->26311K(27388K) NonClass: 23092K(23808K)->23092K(23808K) Class: 3219K(3580K)->3219K(3580K)
[2023-11-05T15:24:34.179+0000][8.708s][info ][gc            ] GC(15) Pause Young (Normal) (G1 Evacuation Pause) 127M->26M(220M) 15.747ms
[2023-11-05T15:24:34.179+0000][8.708s][info ][gc,cpu        ] GC(15) User=0.04s Sys=0.00s Real=0.02s
[2023-11-05T15:24:34.180+0000][8.709s][info ][safepoint     ] Leaving safepoint region
[2023-11-05T15:24:34.180+0000][8.709s][info ][safepoint     ] Total time for which application threads were stopped: 0.0178746 seconds, Stopping threads took: 0.0004989 seconds
[2023-11-05T15:24:34.181+0000][8.710s][info ][gc,stringdedup] Concurrent String Deduplication (8.710s)
[2023-11-05T15:24:34.185+0000][8.714s][info ][gc,stringdedup] Concurrent String Deduplication 868.1K->255.8K(612.3K) avg 33.2% (8.710s, 8.714s) 4.390ms
[2023-11-05T15:24:34.489+0000][9.018s][debug][safepoint     ] Safepoint synchronization initiated. (12 threads)
[2023-11-05T15:24:34.494+0000][9.023s][info ][safepoint     ] Application time: 0.3130404 seconds
[2023-11-05T15:24:34.495+0000][9.024s][info ][safepoint     ] Entering safepoint region: G1CollectForAllocation
[2023-11-05T15:24:34.498+0000][9.027s][info ][gc,start      ] GC(16) Pause Young (Normal) (G1 Evacuation Pause)
[2023-11-05T15:24:34.500+0000][9.029s][info ][gc,task       ] GC(16) Using 5 workers of 8 for evacuation
[2023-11-05T15:24:34.513+0000][9.042s][info ][gc,phases     ] GC(16)   Pre Evacuate Collection Set: 0.0ms
[2023-11-05T15:24:34.514+0000][9.043s][info ][gc,phases     ] GC(16)   Evacuate Collection Set: 5.1ms
[2023-11-05T15:24:34.514+0000][9.043s][info ][gc,phases     ] GC(16)   Post Evacuate Collection Set: 1.9ms
[2023-11-05T15:24:34.515+0000][9.044s][info ][gc,phases     ] GC(16)   Other: 7.7ms
[2023-11-05T15:24:34.516+0000][9.045s][info ][gc,heap       ] GC(16) Eden regions: 125->0(125)
[2023-11-05T15:24:34.516+0000][9.045s][info ][gc,heap       ] GC(16) Survivor regions: 7->7(17)
[2023-11-05T15:24:34.517+0000][9.046s][info ][gc,heap       ] GC(16) Old regions: 22->22
[2023-11-05T15:24:34.518+0000][9.047s][info ][gc,heap       ] GC(16) Humongous regions: 0->0
[2023-11-05T15:24:34.518+0000][9.047s][info ][gc,metaspace  ] GC(16) Metaspace: 26317K(27388K)->26317K(27388K) NonClass: 23097K(23808K)->23097K(23808K) Class: 3219K(3580K)->3219K(3580K)
[2023-11-05T15:24:34.519+0000][9.048s][info ][gc            ] GC(16) Pause Young (Normal) (G1 Evacuation Pause) 151M->26M(220M) 20.689ms
[2023-11-05T15:24:34.519+0000][9.049s][info ][gc,cpu        ] GC(16) User=0.09s Sys=0.00s Real=0.03s
[2023-11-05T15:24:34.520+0000][9.049s][info ][safepoint     ] Leaving safepoint region
[2023-11-05T15:24:34.521+0000][9.050s][info ][safepoint     ] Total time for which application threads were stopped: 0.0258336 seconds, Stopping threads took: 0.0027441 seconds
[2023-11-05T15:24:34.522+0000][9.051s][info ][gc,stringdedup] Concurrent String Deduplication (9.051s)
[2023-11-05T15:24:34.539+0000][9.068s][info ][gc,stringdedup] Concurrent String Deduplication 743.0K->36872.0B(707.0K) avg 39.3% (9.051s, 9.068s) 17.226ms
[2023-11-05T15:24:35.212+0000][9.741s][debug][safepoint     ] Safepoint synchronization initiated. (11 threads)
[2023-11-05T15:24:35.213+0000][9.742s][info ][safepoint     ] Application time: 0.6912967 seconds
[2023-11-05T15:24:35.213+0000][9.742s][info ][safepoint     ] Entering safepoint region: G1CollectForAllocation
[2023-11-05T15:24:35.214+0000][9.743s][info ][gc,start      ] GC(17) Pause Young (Normal) (G1 Evacuation Pause)
[2023-11-05T15:24:35.215+0000][9.744s][info ][gc,task       ] GC(17) Using 5 workers of 8 for evacuation
[2023-11-05T15:24:35.229+0000][9.758s][info ][gc,phases     ] GC(17)   Pre Evacuate Collection Set: 0.0ms
[2023-11-05T15:24:35.230+0000][9.759s][info ][gc,phases     ] GC(17)   Evacuate Collection Set: 12.0ms
[2023-11-05T15:24:35.230+0000][9.760s][info ][gc,phases     ] GC(17)   Post Evacuate Collection Set: 1.8ms
[2023-11-05T15:24:35.231+0000][9.760s][info ][gc,phases     ] GC(17)   Other: 1.2ms
[2023-11-05T15:24:35.231+0000][9.761s][info ][gc,heap       ] GC(17) Eden regions: 125->0(125)
[2023-11-05T15:24:35.232+0000][9.761s][info ][gc,heap       ] GC(17) Survivor regions: 7->7(17)
[2023-11-05T15:24:35.233+0000][9.762s][info ][gc,heap       ] GC(17) Old regions: 22->22
[2023-11-05T15:24:35.233+0000][9.762s][info ][gc,heap       ] GC(17) Humongous regions: 0->0
[2023-11-05T15:24:35.234+0000][9.763s][info ][gc,metaspace  ] GC(17) Metaspace: 29732K(30844K)->29732K(30844K) NonClass: 26165K(26880K)->26165K(26880K) Class: 3567K(3964K)->3567K(3964K)
[2023-11-05T15:24:35.234+0000][9.763s][info ][gc            ] GC(17) Pause Young (Normal) (G1 Evacuation Pause) 151M->26M(220M) 20.209ms
[2023-11-05T15:24:35.235+0000][9.764s][info ][gc,cpu        ] GC(17) User=0.08s Sys=0.00s Real=0.02s
[2023-11-05T15:24:35.235+0000][9.765s][info ][safepoint     ] Leaving safepoint region
[2023-11-05T15:24:35.236+0000][9.765s][info ][safepoint     ] Total time for which application threads were stopped: 0.0225002 seconds, Stopping threads took: 0.0004664 seconds
[2023-11-05T15:24:35.236+0000][9.766s][info ][gc,stringdedup] Concurrent String Deduplication (9.766s)
[2023-11-05T15:24:35.237+0000][9.767s][info ][gc,stringdedup] Concurrent String Deduplication 48504.0B->18840.0B(29664.0B) avg 39.4% (9.766s, 9.767s) 1.136ms
[2023-11-05T15:24:35.830+0000][10.359s][debug][safepoint     ] Safepoint synchronization initiated. (12 threads)
[2023-11-05T15:24:35.830+0000][10.359s][info ][safepoint     ] Application time: 0.5939219 seconds
[2023-11-05T15:24:35.831+0000][10.360s][info ][safepoint     ] Entering safepoint region: G1CollectForAllocation
[2023-11-05T15:24:35.832+0000][10.361s][info ][gc,start      ] GC(18) Pause Young (Normal) (G1 Evacuation Pause)
[2023-11-05T15:24:35.832+0000][10.361s][info ][gc,task       ] GC(18) Using 5 workers of 8 for evacuation
[2023-11-05T15:24:35.841+0000][10.370s][info ][gc,phases     ] GC(18)   Pre Evacuate Collection Set: 0.0ms
[2023-11-05T15:24:35.843+0000][10.372s][info ][gc,phases     ] GC(18)   Evacuate Collection Set: 6.4ms
[2023-11-05T15:24:35.843+0000][10.372s][info ][gc,phases     ] GC(18)   Post Evacuate Collection Set: 1.9ms
[2023-11-05T15:24:35.844+0000][10.373s][info ][gc,phases     ] GC(18)   Other: 1.3ms
[2023-11-05T15:24:35.844+0000][10.374s][info ][gc,heap       ] GC(18) Eden regions: 125->0(124)
[2023-11-05T15:24:35.845+0000][10.374s][info ][gc,heap       ] GC(18) Survivor regions: 7->8(17)
[2023-11-05T15:24:35.845+0000][10.375s][info ][gc,heap       ] GC(18) Old regions: 22->22
[2023-11-05T15:24:35.846+0000][10.375s][info ][gc,heap       ] GC(18) Humongous regions: 0->0
[2023-11-05T15:24:35.846+0000][10.376s][info ][gc,metaspace  ] GC(18) Metaspace: 32366K(33660K)->32366K(33660K) NonClass: 28480K(29440K)->28480K(29440K) Class: 3885K(4220K)->3885K(4220K)
[2023-11-05T15:24:35.847+0000][10.376s][info ][gc            ] GC(18) Pause Young (Normal) (G1 Evacuation Pause) 151M->27M(220M) 15.351ms
[2023-11-05T15:24:35.848+0000][10.377s][info ][gc,cpu        ] GC(18) User=0.07s Sys=0.00s Real=0.01s
[2023-11-05T15:24:35.848+0000][10.377s][info ][safepoint     ] Leaving safepoint region
[2023-11-05T15:24:35.849+0000][10.378s][info ][safepoint     ] Total time for which application threads were stopped: 0.0179449 seconds, Stopping threads took: 0.0005943 seconds
[2023-11-05T15:24:35.849+0000][10.379s][info ][gc,stringdedup] Concurrent String Deduplication (10.379s)
[2023-11-05T15:24:35.850+0000][10.379s][info ][gc,stringdedup] Concurrent String Deduplication 23104.0B->0.0B(23104.0B) avg 39.6% (10.379s, 10.379s) 0.617ms
[2023-11-05T15:24:36.121+0000][10.650s][debug][safepoint     ] Safepoint synchronization initiated. (12 threads)
[2023-11-05T15:24:36.122+0000][10.651s][info ][safepoint     ] Application time: 0.2723781 seconds
[2023-11-05T15:24:36.122+0000][10.651s][info ][safepoint     ] Entering safepoint region: Deoptimize
[2023-11-05T15:24:36.123+0000][10.653s][info ][safepoint     ] Leaving safepoint region
[2023-11-05T15:24:36.124+0000][10.653s][info ][safepoint     ] Total time for which application threads were stopped: 0.0015587 seconds, Stopping threads took: 0.0004917 seconds
[2023-11-05T15:24:36.393+0000][10.922s][debug][safepoint     ] Safepoint synchronization initiated. (12 threads)
[2023-11-05T15:24:36.394+0000][10.923s][info ][safepoint     ] Application time: 0.2699122 seconds
[2023-11-05T15:24:36.395+0000][10.924s][info ][safepoint     ] Entering safepoint region: G1CollectForAllocation
[2023-11-05T15:24:36.395+0000][10.925s][info ][gc,start      ] GC(19) Pause Young (Normal) (G1 Evacuation Pause)
[2023-11-05T15:24:36.396+0000][10.925s][info ][gc,task       ] GC(19) Using 5 workers of 8 for evacuation
[2023-11-05T15:24:36.408+0000][10.937s][info ][gc,phases     ] GC(19)   Pre Evacuate Collection Set: 0.0ms
[2023-11-05T15:24:36.408+0000][10.938s][info ][gc,phases     ] GC(19)   Evacuate Collection Set: 8.9ms
[2023-11-05T15:24:36.409+0000][10.938s][info ][gc,phases     ] GC(19)   Post Evacuate Collection Set: 2.1ms
[2023-11-05T15:24:36.410+0000][10.939s][info ][gc,phases     ] GC(19)   Other: 1.2ms
[2023-11-05T15:24:36.410+0000][10.939s][info ][gc,heap       ] GC(19) Eden regions: 124->0(123)
[2023-11-05T15:24:36.411+0000][10.940s][info ][gc,heap       ] GC(19) Survivor regions: 8->9(17)
[2023-11-05T15:24:36.411+0000][10.941s][info ][gc,heap       ] GC(19) Old regions: 22->22
[2023-11-05T15:24:36.412+0000][10.941s][info ][gc,heap       ] GC(19) Humongous regions: 0->0
[2023-11-05T15:24:36.412+0000][10.942s][info ][gc,metaspace  ] GC(19) Metaspace: 32837K(34044K)->32837K(34044K) NonClass: 28884K(29696K)->28884K(29696K) Class: 3953K(4348K)->3953K(4348K)
[2023-11-05T15:24:36.413+0000][10.942s][info ][gc            ] GC(19) Pause Young (Normal) (G1 Evacuation Pause) 151M->28M(220M) 17.495ms
[2023-11-05T15:24:36.413+0000][10.943s][info ][gc,cpu        ] GC(19) User=0.11s Sys=0.00s Real=0.02s
[2023-11-05T15:24:36.414+0000][10.943s][info ][safepoint     ] Leaving safepoint region
[2023-11-05T15:24:36.415+0000][10.944s][info ][safepoint     ] Total time for which application threads were stopped: 0.0199146 seconds, Stopping threads took: 0.0005623 seconds
[2023-11-05T15:24:36.415+0000][10.944s][info ][gc,stringdedup] Concurrent String Deduplication (10.944s)
[2023-11-05T15:24:36.417+0000][10.946s][info ][gc,stringdedup] Concurrent String Deduplication 337.6K->16680.0B(321.3K) avg 42.0% (10.944s, 10.946s) 1.553ms
[2023-11-05T15:24:36.687+0000][11.216s][debug][safepoint     ] Safepoint synchronization initiated. (12 threads)
[2023-11-05T15:24:36.688+0000][11.217s][info ][safepoint     ] Application time: 0.2726744 seconds
[2023-11-05T15:24:36.688+0000][11.217s][info ][safepoint     ] Entering safepoint region: Deoptimize
[2023-11-05T15:24:36.690+0000][11.219s][info ][safepoint     ] Leaving safepoint region
[2023-11-05T15:24:36.690+0000][11.219s][info ][safepoint     ] Total time for which application threads were stopped: 0.0018260 seconds, Stopping threads took: 0.0005353 seconds
[2023-11-05T15:24:36.857+0000][11.386s][debug][safepoint     ] Safepoint synchronization initiated. (12 threads)
[2023-11-05T15:24:36.858+0000][11.387s][info ][safepoint     ] Application time: 0.1669971 seconds
[2023-11-05T15:24:36.858+0000][11.388s][info ][safepoint     ] Entering safepoint region: G1CollectForAllocation
[2023-11-05T15:24:36.859+0000][11.388s][info ][gc,start      ] GC(20) Pause Young (Normal) (G1 Evacuation Pause)
[2023-11-05T15:24:36.860+0000][11.389s][info ][gc,task       ] GC(20) Using 5 workers of 8 for evacuation
[2023-11-05T15:24:36.869+0000][11.398s][info ][gc,phases     ] GC(20)   Pre Evacuate Collection Set: 0.0ms
[2023-11-05T15:24:36.870+0000][11.399s][info ][gc,phases     ] GC(20)   Evacuate Collection Set: 7.3ms
[2023-11-05T15:24:36.870+0000][11.399s][info ][gc,phases     ] GC(20)   Post Evacuate Collection Set: 1.5ms
[2023-11-05T15:24:36.871+0000][11.400s][info ][gc,phases     ] GC(20)   Other: 1.2ms
[2023-11-05T15:24:36.871+0000][11.400s][info ][gc,heap       ] GC(20) Eden regions: 123->0(123)
[2023-11-05T15:24:36.872+0000][11.401s][info ][gc,heap       ] GC(20) Survivor regions: 9->9(17)
[2023-11-05T15:24:36.872+0000][11.402s][info ][gc,heap       ] GC(20) Old regions: 22->22
[2023-11-05T15:24:36.873+0000][11.402s][info ][gc,heap       ] GC(20) Humongous regions: 0->0
[2023-11-05T15:24:36.873+0000][11.402s][info ][gc,metaspace  ] GC(20) Metaspace: 33564K(34940K)->33564K(34940K) NonClass: 29527K(30464K)->29527K(30464K) Class: 4037K(4476K)->4037K(4476K)
[2023-11-05T15:24:36.874+0000][11.403s][info ][gc            ] GC(20) Pause Young (Normal) (G1 Evacuation Pause) 151M->28M(220M) 14.570ms
[2023-11-05T15:24:36.874+0000][11.403s][info ][gc,cpu        ] GC(20) User=0.03s Sys=0.01s Real=0.01s
[2023-11-05T15:24:36.875+0000][11.404s][info ][safepoint     ] Leaving safepoint region
[2023-11-05T15:24:36.875+0000][11.405s][info ][safepoint     ] Total time for which application threads were stopped: 0.0170322 seconds, Stopping threads took: 0.0005898 seconds
[2023-11-05T15:24:36.876+0000][11.405s][info ][gc,stringdedup] Concurrent String Deduplication (11.405s)
[2023-11-05T15:24:36.878+0000][11.407s][info ][gc,stringdedup] Concurrent String Deduplication 164.0K->57808.0B(107.5K) avg 42.5% (11.405s, 11.407s) 1.938ms
[2023-11-05T15:24:37.112+0000][11.641s][debug][safepoint     ] Safepoint synchronization initiated. (12 threads)
[2023-11-05T15:24:37.112+0000][11.641s][info ][safepoint     ] Application time: 0.2364285 seconds
[2023-11-05T15:24:37.113+0000][11.642s][info ][safepoint     ] Entering safepoint region: Deoptimize
[2023-11-05T15:24:37.114+0000][11.643s][info ][safepoint     ] Leaving safepoint region
[2023-11-05T15:24:37.115+0000][11.644s][info ][safepoint     ] Total time for which application threads were stopped: 0.0019020 seconds, Stopping threads took: 0.0005431 seconds
[2023-11-05T15:24:37.127+0000][11.656s][debug][safepoint     ] Safepoint synchronization initiated. (12 threads)
[2023-11-05T15:24:37.128+0000][11.657s][info ][safepoint     ] Application time: 0.0126410 seconds
[2023-11-05T15:24:37.128+0000][11.658s][info ][safepoint     ] Entering safepoint region: Deoptimize
[2023-11-05T15:24:37.130+0000][11.659s][info ][safepoint     ] Leaving safepoint region
[2023-11-05T15:24:37.130+0000][11.659s][info ][safepoint     ] Total time for which application threads were stopped: 0.0016909 seconds, Stopping threads took: 0.0005443 seconds
[2023-11-05T15:24:37.160+0000][11.689s][debug][safepoint     ] Safepoint synchronization initiated. (12 threads)
[2023-11-05T15:24:37.160+0000][11.690s][info ][safepoint     ] Application time: 0.0298202 seconds
[2023-11-05T15:24:37.161+0000][11.690s][info ][safepoint     ] Entering safepoint region: Deoptimize
[2023-11-05T15:24:37.162+0000][11.691s][info ][safepoint     ] Leaving safepoint region
[2023-11-05T15:24:37.163+0000][11.692s][info ][safepoint     ] Total time for which application threads were stopped: 0.0016647 seconds, Stopping threads took: 0.0004584 seconds
[2023-11-05T15:24:37.234+0000][11.764s][debug][safepoint     ] Safepoint synchronization initiated. (12 threads)
[2023-11-05T15:24:37.235+0000][11.764s][info ][safepoint     ] Application time: 0.0718190 seconds
[2023-11-05T15:24:37.236+0000][11.765s][info ][safepoint     ] Entering safepoint region: Deoptimize
[2023-11-05T15:24:37.237+0000][11.766s][info ][safepoint     ] Leaving safepoint region
[2023-11-05T15:24:37.237+0000][11.767s][info ][safepoint     ] Total time for which application threads were stopped: 0.0017935 seconds, Stopping threads took: 0.0005327 seconds
[2023-11-05T15:24:37.260+0000][11.789s][debug][safepoint     ] Safepoint synchronization initiated. (12 threads)
[2023-11-05T15:24:37.261+0000][11.790s][info ][safepoint     ] Application time: 0.0226346 seconds
[2023-11-05T15:24:37.261+0000][11.790s][info ][safepoint     ] Entering safepoint region: CollectForMetadataAllocation
[2023-11-05T15:24:37.262+0000][11.791s][info ][gc,start      ] GC(21) Pause Young (Concurrent Start) (Metadata GC Threshold)
[2023-11-05T15:24:37.262+0000][11.791s][info ][gc,task       ] GC(21) Using 5 workers of 8 for evacuation
[2023-11-05T15:24:37.278+0000][11.807s][info ][gc,phases     ] GC(21)   Pre Evacuate Collection Set: 0.1ms
[2023-11-05T15:24:37.278+0000][11.808s][info ][gc,phases     ] GC(21)   Evacuate Collection Set: 12.7ms
[2023-11-05T15:24:37.279+0000][11.808s][info ][gc,phases     ] GC(21)   Post Evacuate Collection Set: 2.3ms
[2023-11-05T15:24:37.279+0000][11.809s][info ][gc,phases     ] GC(21)   Other: 1.2ms
[2023-11-05T15:24:37.280+0000][11.809s][info ][gc,heap       ] GC(21) Eden regions: 71->0(122)
[2023-11-05T15:24:37.280+0000][11.810s][info ][gc,heap       ] GC(21) Survivor regions: 9->10(17)
[2023-11-05T15:24:37.281+0000][11.810s][info ][gc,heap       ] GC(21) Old regions: 22->22
[2023-11-05T15:24:37.281+0000][11.810s][info ][gc,heap       ] GC(21) Humongous regions: 0->0
[2023-11-05T15:24:37.282+0000][11.811s][info ][gc,metaspace  ] GC(21) Metaspace: 34929K(36048K)->34929K(36048K) NonClass: 30714K(31444K)->30714K(31444K) Class: 4215K(4604K)->4215K(4604K)
[2023-11-05T15:24:37.282+0000][11.811s][info ][gc            ] GC(21) Pause Young (Concurrent Start) (Metadata GC Threshold) 99M->29M(220M) 20.586ms
[2023-11-05T15:24:37.283+0000][11.812s][info ][gc,cpu        ] GC(21) User=0.13s Sys=0.00s Real=0.02s
[2023-11-05T15:24:37.283+0000][11.813s][info ][safepoint     ] Leaving safepoint region
[2023-11-05T15:24:37.283+0000][11.813s][info ][gc            ] GC(22) Concurrent Cycle
[2023-11-05T15:24:37.284+0000][11.813s][info ][safepoint     ] Total time for which application threads were stopped: 0.0231713 seconds, Stopping threads took: 0.0004356 seconds
[2023-11-05T15:24:37.285+0000][11.814s][info ][gc,marking    ] GC(22) Concurrent Clear Claimed Marks
[2023-11-05T15:24:37.286+0000][11.815s][info ][gc,marking    ] GC(22) Concurrent Clear Claimed Marks 1.159ms
[2023-11-05T15:24:37.286+0000][11.816s][info ][gc,marking    ] GC(22) Concurrent Scan Root Regions
[2023-11-05T15:24:37.285+0000][11.814s][info ][gc,stringdedup] Concurrent String Deduplication (11.814s)
[2023-11-05T15:24:37.291+0000][11.820s][info ][gc,stringdedup] Concurrent String Deduplication 294.7K->139.9K(154.8K) avg 42.8% (11.814s, 11.820s) 5.355ms
[2023-11-05T15:24:37.293+0000][11.822s][info ][gc,marking    ] GC(22) Concurrent Scan Root Regions 6.552ms
[2023-11-05T15:24:37.294+0000][11.823s][info ][gc,marking    ] GC(22) Concurrent Mark (11.823s)
[2023-11-05T15:24:37.294+0000][11.823s][info ][gc,marking    ] GC(22) Concurrent Mark From Roots
[2023-11-05T15:24:37.295+0000][11.824s][info ][gc,task       ] GC(22) Using 2 workers of 2 for marking
[2023-11-05T15:24:37.321+0000][11.850s][info ][gc,marking    ] GC(22) Concurrent Mark From Roots 27.250ms
[2023-11-05T15:24:37.322+0000][11.851s][info ][gc,marking    ] GC(22) Concurrent Preclean
[2023-11-05T15:24:37.323+0000][11.852s][info ][gc,marking    ] GC(22) Concurrent Preclean 0.689ms
[2023-11-05T15:24:37.323+0000][11.852s][info ][gc,marking    ] GC(22) Concurrent Mark (11.823s, 11.852s) 29.771ms
[2023-11-05T15:24:37.324+0000][11.853s][debug][safepoint     ] Safepoint synchronization initiated. (12 threads)
[2023-11-05T15:24:37.324+0000][11.854s][info ][safepoint     ] Application time: 0.0394146 seconds
[2023-11-05T15:24:37.325+0000][11.855s][info ][safepoint     ] Entering safepoint region: CGC_Operation
[2023-11-05T15:24:37.326+0000][11.855s][info ][gc,start      ] GC(22) Pause Remark
[2023-11-05T15:24:37.333+0000][11.862s][info ][gc,stringtable] GC(22) Cleaned string and symbol table, strings: 12687 processed, 29 removed, symbols: 122356 processed, 335 removed
[2023-11-05T15:24:37.334+0000][11.863s][info ][gc            ] GC(22) Pause Remark 36M->36M(220M) 8.193ms
[2023-11-05T15:24:37.335+0000][11.864s][info ][gc,cpu        ] GC(22) User=0.04s Sys=0.00s Real=0.01s
[2023-11-05T15:24:37.335+0000][11.865s][info ][safepoint     ] Leaving safepoint region
[2023-11-05T15:24:37.336+0000][11.865s][info ][safepoint     ] Total time for which application threads were stopped: 0.0105644 seconds, Stopping threads took: 0.0005461 seconds
[2023-11-05T15:24:37.337+0000][11.866s][info ][gc,marking    ] GC(22) Concurrent Rebuild Remembered Sets
[2023-11-05T15:24:37.354+0000][11.883s][info ][gc,marking    ] GC(22) Concurrent Rebuild Remembered Sets 16.740ms
[2023-11-05T15:24:37.355+0000][11.884s][debug][safepoint     ] Safepoint synchronization initiated. (12 threads)
[2023-11-05T15:24:37.355+0000][11.884s][info ][safepoint     ] Application time: 0.0183477 seconds
[2023-11-05T15:24:37.356+0000][11.885s][info ][safepoint     ] Entering safepoint region: CGC_Operation
[2023-11-05T15:24:37.356+0000][11.885s][info ][gc,start      ] GC(22) Pause Cleanup
[2023-11-05T15:24:37.357+0000][11.886s][info ][gc            ] GC(22) Pause Cleanup 41M->41M(220M) 0.651ms
[2023-11-05T15:24:37.357+0000][11.887s][info ][gc,cpu        ] GC(22) User=0.00s Sys=0.00s Real=0.00s
[2023-11-05T15:24:37.358+0000][11.887s][info ][safepoint     ] Leaving safepoint region
[2023-11-05T15:24:37.359+0000][11.888s][info ][safepoint     ] Total time for which application threads were stopped: 0.0028435 seconds, Stopping threads took: 0.0004847 seconds
[2023-11-05T15:24:37.359+0000][11.888s][info ][gc,marking    ] GC(22) Concurrent Cleanup for Next Mark
[2023-11-05T15:24:37.363+0000][11.892s][info ][gc,marking    ] GC(22) Concurrent Cleanup for Next Mark 3.480ms
[2023-11-05T15:24:37.363+0000][11.892s][info ][gc            ] GC(22) Concurrent Cycle 79.819ms
[2023-11-05T15:24:37.648+0000][12.177s][debug][safepoint     ] Safepoint synchronization initiated. (12 threads)
[2023-11-05T15:24:37.648+0000][12.177s][info ][safepoint     ] Application time: 0.2891595 seconds
[2023-11-05T15:24:37.649+0000][12.178s][info ][safepoint     ] Entering safepoint region: Deoptimize
[2023-11-05T15:24:37.650+0000][12.179s][info ][safepoint     ] Leaving safepoint region
[2023-11-05T15:24:37.650+0000][12.180s][info ][safepoint     ] Total time for which application threads were stopped: 0.0016391 seconds, Stopping threads took: 0.0004507 seconds
[2023-11-05T15:24:37.875+0000][12.404s][debug][safepoint     ] Safepoint synchronization initiated. (12 threads)
[2023-11-05T15:24:37.876+0000][12.405s][info ][safepoint     ] Application time: 0.2250327 seconds
[2023-11-05T15:24:37.876+0000][12.406s][info ][safepoint     ] Entering safepoint region: G1CollectForAllocation
[2023-11-05T15:24:37.877+0000][12.406s][info ][gc,start      ] GC(23) Pause Young (Normal) (G1 Evacuation Pause)
[2023-11-05T15:24:37.878+0000][12.407s][info ][gc,task       ] GC(23) Using 5 workers of 8 for evacuation
[2023-11-05T15:24:37.893+0000][12.422s][info ][gc,phases     ] GC(23)   Pre Evacuate Collection Set: 0.0ms
[2023-11-05T15:24:37.893+0000][12.423s][info ][gc,phases     ] GC(23)   Evacuate Collection Set: 12.1ms
[2023-11-05T15:24:37.894+0000][12.423s][info ][gc,phases     ] GC(23)   Post Evacuate Collection Set: 2.6ms
[2023-11-05T15:24:37.894+0000][12.424s][info ][gc,phases     ] GC(23)   Other: 1.0ms
[2023-11-05T15:24:37.895+0000][12.424s][info ][gc,heap       ] GC(23) Eden regions: 122->0(151)
[2023-11-05T15:24:37.895+0000][12.424s][info ][gc,heap       ] GC(23) Survivor regions: 10->7(17)
[2023-11-05T15:24:37.896+0000][12.425s][info ][gc,heap       ] GC(23) Old regions: 22->24
[2023-11-05T15:24:37.896+0000][12.425s][info ][gc,heap       ] GC(23) Humongous regions: 0->0
[2023-11-05T15:24:37.897+0000][12.426s][info ][gc,metaspace  ] GC(23) Metaspace: 36883K(38224K)->36883K(38224K) NonClass: 32344K(33236K)->32344K(33236K) Class: 4539K(4988K)->4539K(4988K)
[2023-11-05T15:24:37.897+0000][12.426s][info ][gc            ] GC(23) Pause Young (Normal) (G1 Evacuation Pause) 151M->28M(264M) 19.891ms
[2023-11-05T15:24:37.898+0000][12.427s][info ][gc,cpu        ] GC(23) User=0.09s Sys=0.00s Real=0.02s
[2023-11-05T15:24:37.898+0000][12.427s][info ][safepoint     ] Leaving safepoint region
[2023-11-05T15:24:37.899+0000][12.428s][info ][safepoint     ] Total time for which application threads were stopped: 0.0221413 seconds, Stopping threads took: 0.0006318 seconds
[2023-11-05T15:24:37.899+0000][12.428s][info ][gc,stringdedup] Concurrent String Deduplication (12.428s)
[2023-11-05T15:24:37.901+0000][12.430s][info ][gc,stringdedup] Concurrent String Deduplication 179.2K->82432.0B(101056.0B) avg 43.1% (12.428s, 12.430s) 1.634ms
[2023-11-05T15:24:38.213+0000][12.742s][debug][safepoint     ] Safepoint synchronization initiated. (12 threads)
[2023-11-05T15:24:38.213+0000][12.743s][info ][safepoint     ] Application time: 0.3144374 seconds
[2023-11-05T15:24:38.214+0000][12.743s][info ][safepoint     ] Entering safepoint region: Deoptimize
[2023-11-05T15:24:38.215+0000][12.744s][info ][safepoint     ] Leaving safepoint region
[2023-11-05T15:24:38.216+0000][12.745s][info ][safepoint     ] Total time for which application threads were stopped: 0.0016246 seconds, Stopping threads took: 0.0004927 seconds
[2023-11-05T15:24:38.582+0000][13.112s][debug][safepoint     ] Safepoint synchronization initiated. (12 threads)
[2023-11-05T15:24:38.583+0000][13.112s][info ][safepoint     ] Application time: 0.3668835 seconds
[2023-11-05T15:24:38.583+0000][13.113s][info ][safepoint     ] Entering safepoint region: G1CollectForAllocation
[2023-11-05T15:24:38.584+0000][13.113s][info ][gc,start      ] GC(24) Pause Young (Normal) (G1 Evacuation Pause)
[2023-11-05T15:24:38.585+0000][13.114s][info ][gc,task       ] GC(24) Using 6 workers of 8 for evacuation
[2023-11-05T15:24:38.597+0000][13.126s][info ][gc,phases     ] GC(24)   Pre Evacuate Collection Set: 0.0ms
[2023-11-05T15:24:38.598+0000][13.127s][info ][gc,phases     ] GC(24)   Evacuate Collection Set: 9.5ms
[2023-11-05T15:24:38.598+0000][13.128s][info ][gc,phases     ] GC(24)   Post Evacuate Collection Set: 2.0ms
[2023-11-05T15:24:38.599+0000][13.128s][info ][gc,phases     ] GC(24)   Other: 1.4ms
[2023-11-05T15:24:38.600+0000][13.129s][info ][gc,heap       ] GC(24) Eden regions: 151->0(150)
[2023-11-05T15:24:38.600+0000][13.129s][info ][gc,heap       ] GC(24) Survivor regions: 7->8(20)
[2023-11-05T15:24:38.601+0000][13.130s][info ][gc,heap       ] GC(24) Old regions: 24->25
[2023-11-05T15:24:38.601+0000][13.130s][info ][gc,heap       ] GC(24) Humongous regions: 0->0
[2023-11-05T15:24:38.602+0000][13.131s][info ][gc,metaspace  ] GC(24) Metaspace: 38922K(40272K)->38922K(40272K) NonClass: 34163K(35028K)->34163K(35028K) Class: 4758K(5244K)->4758K(5244K)
[2023-11-05T15:24:38.602+0000][13.131s][info ][gc            ] GC(24) Pause Young (Normal) (G1 Evacuation Pause) 179M->30M(264M) 17.769ms
[2023-11-05T15:24:38.603+0000][13.132s][info ][gc,cpu        ] GC(24) User=0.10s Sys=0.01s Real=0.02s
[2023-11-05T15:24:38.603+0000][13.132s][info ][safepoint     ] Leaving safepoint region
[2023-11-05T15:24:38.604+0000][13.133s][info ][safepoint     ] Total time for which application threads were stopped: 0.0202261 seconds, Stopping threads took: 0.0005092 seconds
[2023-11-05T15:24:38.604+0000][13.133s][info ][gc,stringdedup] Concurrent String Deduplication (13.133s)
[2023-11-05T15:24:38.605+0000][13.135s][info ][gc,stringdedup] Concurrent String Deduplication 77872.0B->25024.0B(52848.0B) avg 43.3% (13.133s, 13.135s) 1.118ms
[2023-11-05T15:24:39.604+0000][14.134s][debug][safepoint     ] Safepoint synchronization initiated. (12 threads)
[2023-11-05T15:24:39.605+0000][14.134s][info ][safepoint     ] Application time: 1.0008533 seconds
[2023-11-05T15:24:39.606+0000][14.135s][debug][safepoint     ] Waiting for 1 thread(s) to block
[2023-11-05T15:24:39.606+0000][14.135s][info ][safepoint     ] Entering safepoint region: Cleanup
[2023-11-05T15:24:39.607+0000][14.136s][info ][safepoint     ] Leaving safepoint region
[2023-11-05T15:24:39.607+0000][14.137s][info ][safepoint     ] Total time for which application threads were stopped: 0.0017697 seconds, Stopping threads took: 0.0010557 seconds
[2023-11-05T15:24:39.845+0000][14.374s][debug][safepoint     ] Safepoint synchronization initiated. (12 threads)
[2023-11-05T15:24:39.846+0000][14.375s][info ][safepoint     ] Application time: 0.2379568 seconds
[2023-11-05T15:24:39.846+0000][14.376s][info ][safepoint     ] Entering safepoint region: G1CollectForAllocation
[2023-11-05T15:24:39.847+0000][14.376s][info ][gc,start      ] GC(25) Pause Young (Normal) (G1 Evacuation Pause)
[2023-11-05T15:24:39.848+0000][14.377s][info ][gc,task       ] GC(25) Using 6 workers of 8 for evacuation
[2023-11-05T15:24:39.858+0000][14.388s][info ][gc,phases     ] GC(25)   Pre Evacuate Collection Set: 0.0ms
[2023-11-05T15:24:39.859+0000][14.388s][info ][gc,phases     ] GC(25)   Evacuate Collection Set: 7.9ms
[2023-11-05T15:24:39.860+0000][14.389s][info ][gc,phases     ] GC(25)   Post Evacuate Collection Set: 2.0ms
[2023-11-05T15:24:39.861+0000][14.390s][info ][gc,phases     ] GC(25)   Other: 1.2ms
[2023-11-05T15:24:39.861+0000][14.390s][info ][gc,heap       ] GC(25) Eden regions: 150->0(150)
[2023-11-05T15:24:39.862+0000][14.391s][info ][gc,heap       ] GC(25) Survivor regions: 8->8(20)
[2023-11-05T15:24:39.862+0000][14.391s][info ][gc,heap       ] GC(25) Old regions: 25->26
[2023-11-05T15:24:39.863+0000][14.392s][info ][gc,heap       ] GC(25) Humongous regions: 0->0
[2023-11-05T15:24:39.863+0000][14.392s][info ][gc,metaspace  ] GC(25) Metaspace: 40804K(42064K)->40804K(42064K) NonClass: 35769K(36564K)->35769K(36564K) Class: 5034K(5500K)->5034K(5500K)
[2023-11-05T15:24:39.864+0000][14.393s][info ][gc            ] GC(25) Pause Young (Normal) (G1 Evacuation Pause) 180M->31M(264M) 16.487ms
[2023-11-05T15:24:39.864+0000][14.393s][info ][gc,cpu        ] GC(25) User=0.06s Sys=0.00s Real=0.02s
[2023-11-05T15:24:39.865+0000][14.394s][info ][safepoint     ] Leaving safepoint region
[2023-11-05T15:24:39.865+0000][14.394s][info ][safepoint     ] Total time for which application threads were stopped: 0.0187851 seconds, Stopping threads took: 0.0005997 seconds
[2023-11-05T15:24:39.866+0000][14.395s][info ][gc,stringdedup] Concurrent String Deduplication (14.395s)
[2023-11-05T15:24:39.867+0000][14.396s][info ][gc,stringdedup] Concurrent String Deduplication 65576.0B->19520.0B(46056.0B) avg 43.5% (14.395s, 14.396s) 1.433ms
[2023-11-05T15:24:40.065+0000][14.594s][debug][safepoint     ] Safepoint synchronization initiated. (13 threads)
[2023-11-05T15:24:40.067+0000][14.596s][info ][safepoint     ] Application time: 0.2010548 seconds
[2023-11-05T15:24:40.067+0000][14.597s][info ][safepoint     ] Entering safepoint region: Deoptimize
[2023-11-05T15:24:40.069+0000][14.598s][info ][safepoint     ] Leaving safepoint region
[2023-11-05T15:24:40.069+0000][14.599s][info ][safepoint     ] Total time for which application threads were stopped: 0.0019466 seconds, Stopping threads took: 0.0005731 seconds
[2023-11-05T15:24:40.090+0000][14.619s][debug][safepoint     ] Safepoint synchronization initiated. (13 threads)
[2023-11-05T15:24:40.091+0000][14.620s][info ][safepoint     ] Application time: 0.0206959 seconds
[2023-11-05T15:24:40.091+0000][14.621s][info ][safepoint     ] Entering safepoint region: Deoptimize
[2023-11-05T15:24:40.093+0000][14.622s][info ][safepoint     ] Leaving safepoint region
[2023-11-05T15:24:40.094+0000][14.623s][info ][safepoint     ] Total time for which application threads were stopped: 0.0022545 seconds, Stopping threads took: 0.0006665 seconds
[2023-11-05T15:24:40.130+0000][14.660s][debug][safepoint     ] Safepoint synchronization initiated. (13 threads)
[2023-11-05T15:24:40.131+0000][14.660s][info ][safepoint     ] Application time: 0.0367905 seconds
[2023-11-05T15:24:40.132+0000][14.661s][info ][safepoint     ] Entering safepoint region: Deoptimize
[2023-11-05T15:24:40.133+0000][14.662s][info ][safepoint     ] Leaving safepoint region
[2023-11-05T15:24:40.134+0000][14.663s][info ][safepoint     ] Total time for which application threads were stopped: 0.0021248 seconds, Stopping threads took: 0.0006353 seconds
[2023-11-05T15:24:40.586+0000][15.115s][debug][safepoint     ] Safepoint synchronization initiated. (13 threads)
[2023-11-05T15:24:40.587+0000][15.116s][info ][safepoint     ] Application time: 0.4525902 seconds
[2023-11-05T15:24:40.587+0000][15.116s][info ][safepoint     ] Entering safepoint region: Deoptimize
[2023-11-05T15:24:40.589+0000][15.118s][info ][safepoint     ] Leaving safepoint region
[2023-11-05T15:24:40.589+0000][15.118s][info ][safepoint     ] Total time for which application threads were stopped: 0.0018014 seconds, Stopping threads took: 0.0005154 seconds
[2023-11-05T15:24:40.591+0000][15.121s][debug][safepoint     ] Safepoint synchronization initiated. (13 threads)
[2023-11-05T15:24:40.592+0000][15.121s][info ][safepoint     ] Application time: 0.0026002 seconds
[2023-11-05T15:24:40.593+0000][15.122s][debug][safepoint     ] Waiting for 1 thread(s) to block
[2023-11-05T15:24:40.593+0000][15.122s][info ][safepoint     ] Entering safepoint region: Deoptimize
[2023-11-05T15:24:40.594+0000][15.124s][info ][safepoint     ] Leaving safepoint region
[2023-11-05T15:24:40.595+0000][15.124s][info ][safepoint     ] Total time for which application threads were stopped: 0.0022347 seconds, Stopping threads took: 0.0009647 seconds
[2023-11-05T15:24:40.754+0000][15.283s][debug][safepoint     ] Safepoint synchronization initiated. (13 threads)
[2023-11-05T15:24:40.755+0000][15.284s][info ][safepoint     ] Application time: 0.1593246 seconds
[2023-11-05T15:24:40.755+0000][15.285s][info ][safepoint     ] Entering safepoint region: Deoptimize
[2023-11-05T15:24:40.757+0000][15.286s][info ][safepoint     ] Leaving safepoint region
[2023-11-05T15:24:40.758+0000][15.287s][info ][safepoint     ] Total time for which application threads were stopped: 0.0022194 seconds, Stopping threads took: 0.0006642 seconds
[2023-11-05T15:24:41.550+0000][16.079s][debug][safepoint     ] Safepoint synchronization initiated. (13 threads)
[2023-11-05T15:24:41.551+0000][16.080s][info ][safepoint     ] Application time: 0.7920593 seconds
[2023-11-05T15:24:41.551+0000][16.081s][info ][safepoint     ] Entering safepoint region: G1CollectForAllocation
[2023-11-05T15:24:41.552+0000][16.082s][info ][gc,start      ] GC(26) Pause Young (Normal) (G1 Evacuation Pause)
[2023-11-05T15:24:41.553+0000][16.082s][info ][gc,task       ] GC(26) Using 6 workers of 8 for evacuation
[2023-11-05T15:24:41.576+0000][16.105s][info ][gc,phases     ] GC(26)   Pre Evacuate Collection Set: 0.0ms
[2023-11-05T15:24:41.576+0000][16.106s][info ][gc,phases     ] GC(26)   Evacuate Collection Set: 19.4ms
[2023-11-05T15:24:41.577+0000][16.106s][info ][gc,phases     ] GC(26)   Post Evacuate Collection Set: 2.6ms
[2023-11-05T15:24:41.578+0000][16.107s][info ][gc,phases     ] GC(26)   Other: 1.4ms
[2023-11-05T15:24:41.579+0000][16.108s][info ][gc,heap       ] GC(26) Eden regions: 150->0(147)
[2023-11-05T15:24:41.579+0000][16.108s][info ][gc,heap       ] GC(26) Survivor regions: 8->11(20)
[2023-11-05T15:24:41.580+0000][16.109s][info ][gc,heap       ] GC(26) Old regions: 26->26
[2023-11-05T15:24:41.580+0000][16.110s][info ][gc,heap       ] GC(26) Humongous regions: 0->0
[2023-11-05T15:24:41.581+0000][16.110s][info ][gc,metaspace  ] GC(26) Metaspace: 45347K(46800K)->45347K(46800K) NonClass: 39720K(40660K)->39720K(40660K) Class: 5626K(6140K)->5626K(6140K)
[2023-11-05T15:24:41.582+0000][16.111s][info ][gc            ] GC(26) Pause Young (Normal) (G1 Evacuation Pause) 181M->35M(264M) 29.223ms
[2023-11-05T15:24:41.582+0000][16.111s][info ][gc,cpu        ] GC(26) User=0.16s Sys=0.00s Real=0.03s
[2023-11-05T15:24:41.583+0000][16.112s][info ][safepoint     ] Leaving safepoint region
[2023-11-05T15:24:41.584+0000][16.113s][info ][safepoint     ] Total time for which application threads were stopped: 0.0321030 seconds, Stopping threads took: 0.0006902 seconds
[2023-11-05T15:24:41.585+0000][16.114s][info ][gc,stringdedup] Concurrent String Deduplication (16.114s)
[2023-11-05T15:24:41.588+0000][16.117s][info ][gc,stringdedup] Concurrent String Deduplication 250.1K->62944.0B(188.7K) avg 44.4% (16.114s, 16.117s) 3.656ms
[2023-11-05T15:24:41.661+0000][16.190s][debug][safepoint     ] Safepoint synchronization initiated. (13 threads)
[2023-11-05T15:24:41.662+0000][16.191s][info ][safepoint     ] Application time: 0.0772181 seconds
[2023-11-05T15:24:41.662+0000][16.191s][info ][safepoint     ] Entering safepoint region: Deoptimize
[2023-11-05T15:24:41.664+0000][16.193s][info ][safepoint     ] Leaving safepoint region
[2023-11-05T15:24:41.665+0000][16.194s][info ][safepoint     ] Total time for which application threads were stopped: 0.0024281 seconds, Stopping threads took: 0.0008154 seconds
[2023-11-05T15:24:41.666+0000][16.196s][debug][safepoint     ] Safepoint synchronization initiated. (13 threads)
[2023-11-05T15:24:41.667+0000][16.196s][info ][safepoint     ] Application time: 0.0018564 seconds
[2023-11-05T15:24:41.668+0000][16.197s][info ][safepoint     ] Entering safepoint region: Deoptimize
[2023-11-05T15:24:41.669+0000][16.198s][info ][safepoint     ] Leaving safepoint region
[2023-11-05T15:24:41.670+0000][16.199s][info ][safepoint     ] Total time for which application threads were stopped: 0.0019968 seconds, Stopping threads took: 0.0005026 seconds
[2023-11-05T15:24:42.004+0000][16.534s][debug][safepoint     ] Safepoint synchronization initiated. (13 threads)
[2023-11-05T15:24:42.005+0000][16.534s][info ][safepoint     ] Application time: 0.3348632 seconds
[2023-11-05T15:24:42.006+0000][16.535s][info ][safepoint     ] Entering safepoint region: Deoptimize
[2023-11-05T15:24:42.008+0000][16.537s][info ][safepoint     ] Leaving safepoint region
[2023-11-05T15:24:42.012+0000][16.541s][info ][safepoint     ] Total time for which application threads were stopped: 0.0060159 seconds, Stopping threads took: 0.0008150 seconds
[2023-11-05T15:24:42.285+0000][16.814s][debug][safepoint     ] Safepoint synchronization initiated. (13 threads)
[2023-11-05T15:24:42.286+0000][16.815s][info ][safepoint     ] Application time: 0.2725940 seconds
[2023-11-05T15:24:42.286+0000][16.815s][info ][safepoint     ] Entering safepoint region: Deoptimize
[2023-11-05T15:24:42.287+0000][16.817s][info ][safepoint     ] Leaving safepoint region
[2023-11-05T15:24:42.288+0000][16.817s][info ][safepoint     ] Total time for which application threads were stopped: 0.0019564 seconds, Stopping threads took: 0.0004570 seconds
[2023-11-05T15:24:42.998+0000][17.527s][debug][safepoint     ] Safepoint synchronization initiated. (12 threads)
[2023-11-05T15:24:42.998+0000][17.528s][info ][safepoint     ] Application time: 0.7099408 seconds
[2023-11-05T15:24:42.999+0000][17.528s][info ][safepoint     ] Entering safepoint region: Deoptimize
[2023-11-05T15:24:43.001+0000][17.530s][info ][safepoint     ] Leaving safepoint region
[2023-11-05T15:24:43.001+0000][17.531s][info ][safepoint     ] Total time for which application threads were stopped: 0.0022249 seconds, Stopping threads took: 0.0005532 seconds
[2023-11-05T15:24:44.002+0000][18.531s][debug][safepoint     ] Safepoint synchronization initiated. (14 threads)
[2023-11-05T15:24:44.003+0000][18.532s][info ][safepoint     ] Application time: 1.0006929 seconds
[2023-11-05T15:24:44.003+0000][18.532s][info ][safepoint     ] Entering safepoint region: Cleanup
[2023-11-05T15:24:44.004+0000][18.533s][info ][safepoint     ] Leaving safepoint region
[2023-11-05T15:24:44.004+0000][18.533s][info ][safepoint     ] Total time for which application threads were stopped: 0.0008864 seconds, Stopping threads took: 0.0004158 seconds
[2023-11-05T15:24:44.120+0000][18.650s][debug][safepoint     ] Safepoint synchronization initiated. (15 threads)
[2023-11-05T15:24:44.121+0000][18.650s][info ][safepoint     ] Application time: 0.1167591 seconds
[2023-11-05T15:24:44.121+0000][18.651s][info ][safepoint     ] Entering safepoint region: G1CollectForAllocation
[2023-11-05T15:24:44.122+0000][18.651s][info ][gc,start      ] GC(27) Pause Young (Normal) (G1 Evacuation Pause)
[2023-11-05T15:24:44.122+0000][18.652s][info ][gc,task       ] GC(27) Using 6 workers of 8 for evacuation
[2023-11-05T15:24:44.133+0000][18.662s][info ][gc,phases     ] GC(27)   Pre Evacuate Collection Set: 0.0ms
[2023-11-05T15:24:44.134+0000][18.663s][info ][gc,phases     ] GC(27)   Evacuate Collection Set: 8.2ms
[2023-11-05T15:24:44.134+0000][18.663s][info ][gc,phases     ] GC(27)   Post Evacuate Collection Set: 1.9ms
[2023-11-05T15:24:44.135+0000][18.664s][info ][gc,phases     ] GC(27)   Other: 1.0ms
[2023-11-05T15:24:44.135+0000][18.664s][info ][gc,heap       ] GC(27) Eden regions: 147->0(146)
[2023-11-05T15:24:44.136+0000][18.665s][info ][gc,heap       ] GC(27) Survivor regions: 11->12(20)
[2023-11-05T15:24:44.137+0000][18.666s][info ][gc,heap       ] GC(27) Old regions: 26->26
[2023-11-05T15:24:44.137+0000][18.666s][info ][gc,heap       ] GC(27) Humongous regions: 0->0
[2023-11-05T15:24:44.138+0000][18.667s][info ][gc,metaspace  ] GC(27) Metaspace: 51239K(52560K)->51239K(52560K) NonClass: 44917K(45780K)->44917K(45780K) Class: 6322K(6780K)->6322K(6780K)
[2023-11-05T15:24:44.138+0000][18.667s][info ][gc            ] GC(27) Pause Young (Normal) (G1 Evacuation Pause) 182M->36M(264M) 16.131ms
[2023-11-05T15:24:44.139+0000][18.668s][info ][gc,cpu        ] GC(27) User=0.07s Sys=0.00s Real=0.01s
[2023-11-05T15:24:44.139+0000][18.668s][info ][safepoint     ] Leaving safepoint region
[2023-11-05T15:24:44.140+0000][18.669s][info ][safepoint     ] Total time for which application threads were stopped: 0.0184476 seconds, Stopping threads took: 0.0003716 seconds
[2023-11-05T15:24:44.141+0000][18.670s][info ][gc,stringdedup] Concurrent String Deduplication (18.670s)
[2023-11-05T15:24:44.143+0000][18.672s][debug][safepoint     ] Safepoint synchronization initiated. (15 threads)
[2023-11-05T15:24:44.143+0000][18.672s][info ][safepoint     ] Application time: 0.0027573 seconds
[2023-11-05T15:24:44.144+0000][18.673s][info ][safepoint     ] Entering safepoint region: Deoptimize
[2023-11-05T15:24:44.145+0000][18.674s][info ][safepoint     ] Leaving safepoint region
[2023-11-05T15:24:44.145+0000][18.675s][info ][safepoint     ] Total time for which application threads were stopped: 0.0016511 seconds, Stopping threads took: 0.0004258 seconds
[2023-11-05T15:24:44.146+0000][18.675s][info ][gc,stringdedup] Concurrent String Deduplication 152.5K->75544.0B(80600.0B) avg 44.5% (18.670s, 18.675s) 2.194ms
[2023-11-05T15:24:44.248+0000][18.777s][debug][safepoint     ] Safepoint synchronization initiated. (15 threads)
[2023-11-05T15:24:44.248+0000][18.778s][info ][safepoint     ] Application time: 0.1024188 seconds
[2023-11-05T15:24:44.249+0000][18.778s][info ][safepoint     ] Entering safepoint region: Deoptimize
[2023-11-05T15:24:44.250+0000][18.779s][info ][safepoint     ] Leaving safepoint region
[2023-11-05T15:24:44.251+0000][18.780s][info ][safepoint     ] Total time for which application threads were stopped: 0.0019159 seconds, Stopping threads took: 0.0005130 seconds
[2023-11-05T15:24:44.630+0000][19.159s][debug][safepoint     ] Safepoint synchronization initiated. (15 threads)
[2023-11-05T15:24:44.630+0000][19.160s][info ][safepoint     ] Application time: 0.3791824 seconds
[2023-11-05T15:24:44.631+0000][19.160s][info ][safepoint     ] Entering safepoint region: ICBufferFull
[2023-11-05T15:24:44.632+0000][19.161s][info ][safepoint     ] Leaving safepoint region
[2023-11-05T15:24:44.632+0000][19.162s][info ][safepoint     ] Total time for which application threads were stopped: 0.0013693 seconds, Stopping threads took: 0.0005258 seconds
[2023-11-05T15:24:45.237+0000][19.766s][debug][safepoint     ] Safepoint synchronization initiated. (15 threads)
[2023-11-05T15:24:45.238+0000][19.767s][info ][safepoint     ] Application time: 0.6049310 seconds
[2023-11-05T15:24:45.238+0000][19.767s][info ][safepoint     ] Entering safepoint region: G1CollectForAllocation
[2023-11-05T15:24:45.239+0000][19.768s][info ][gc,start      ] GC(28) Pause Young (Normal) (G1 Evacuation Pause)
[2023-11-05T15:24:45.240+0000][19.769s][info ][gc,task       ] GC(28) Using 6 workers of 8 for evacuation
[2023-11-05T15:24:45.263+0000][19.792s][info ][gc,phases     ] GC(28)   Pre Evacuate Collection Set: 0.0ms
[2023-11-05T15:24:45.264+0000][19.793s][info ][gc,phases     ] GC(28)   Evacuate Collection Set: 19.3ms
[2023-11-05T15:24:45.264+0000][19.794s][info ][gc,phases     ] GC(28)   Post Evacuate Collection Set: 3.3ms
[2023-11-05T15:24:45.265+0000][19.794s][info ][gc,phases     ] GC(28)   Other: 1.4ms
[2023-11-05T15:24:45.266+0000][19.795s][info ][gc,heap       ] GC(28) Eden regions: 146->0(144)
[2023-11-05T15:24:45.267+0000][19.796s][info ][gc,heap       ] GC(28) Survivor regions: 12->14(20)
[2023-11-05T15:24:45.267+0000][19.797s][info ][gc,heap       ] GC(28) Old regions: 26->28
[2023-11-05T15:24:45.268+0000][19.797s][info ][gc,heap       ] GC(28) Humongous regions: 0->0
[2023-11-05T15:24:45.268+0000][19.798s][info ][gc,metaspace  ] GC(28) Metaspace: 54432K(55888K)->54432K(55888K) NonClass: 47738K(48596K)->47738K(48596K) Class: 6693K(7292K)->6693K(7292K)
[2023-11-05T15:24:45.269+0000][19.798s][info ][gc            ] GC(28) Pause Young (Normal) (G1 Evacuation Pause) 182M->39M(264M) 29.966ms
[2023-11-05T15:24:45.269+0000][19.799s][info ][gc,cpu        ] GC(28) User=0.19s Sys=0.01s Real=0.04s
[2023-11-05T15:24:45.270+0000][19.799s][info ][safepoint     ] Leaving safepoint region
[2023-11-05T15:24:45.270+0000][19.800s][info ][safepoint     ] Total time for which application threads were stopped: 0.0322933 seconds, Stopping threads took: 0.0004975 seconds
[2023-11-05T15:24:45.271+0000][19.800s][info ][gc,stringdedup] Concurrent String Deduplication (19.800s)
[2023-11-05T15:24:45.275+0000][19.804s][info ][gc,stringdedup] Concurrent String Deduplication 173.1K->66584.0B(108.1K) avg 44.9% (19.800s, 19.804s) 3.581ms
[2023-11-05T15:24:46.135+0000][20.665s][debug][safepoint     ] Safepoint synchronization initiated. (13 threads)
[2023-11-05T15:24:46.136+0000][20.666s][info ][safepoint     ] Application time: 0.8653373 seconds
[2023-11-05T15:24:46.139+0000][20.668s][info ][safepoint     ] Entering safepoint region: G1CollectForAllocation
[2023-11-05T15:24:46.140+0000][20.669s][info ][gc,start      ] GC(29) Pause Young (Normal) (G1 Evacuation Pause)
[2023-11-05T15:24:46.145+0000][20.674s][info ][gc,task       ] GC(29) Using 6 workers of 8 for evacuation
[2023-11-05T15:24:46.186+0000][20.715s][info ][gc,phases     ] GC(29)   Pre Evacuate Collection Set: 0.0ms
[2023-11-05T15:24:46.187+0000][20.716s][info ][gc,phases     ] GC(29)   Evacuate Collection Set: 33.3ms
[2023-11-05T15:24:46.187+0000][20.716s][info ][gc,phases     ] GC(29)   Post Evacuate Collection Set: 4.2ms
[2023-11-05T15:24:46.188+0000][20.717s][info ][gc,phases     ] GC(29)   Other: 8.3ms
[2023-11-05T15:24:46.188+0000][20.717s][info ][gc,heap       ] GC(29) Eden regions: 144->0(180)
[2023-11-05T15:24:46.189+0000][20.718s][info ][gc,heap       ] GC(29) Survivor regions: 14->10(20)
[2023-11-05T15:24:46.189+0000][20.719s][info ][gc,heap       ] GC(29) Old regions: 28->31
[2023-11-05T15:24:46.190+0000][20.719s][info ][gc,heap       ] GC(29) Humongous regions: 0->0
[2023-11-05T15:24:46.191+0000][20.720s][info ][gc,metaspace  ] GC(29) Metaspace: 56643K(58064K)->56643K(58064K) NonClass: 49570K(50388K)->49570K(50388K) Class: 7072K(7676K)->7072K(7676K)
[2023-11-05T15:24:46.192+0000][20.721s][info ][gc            ] GC(29) Pause Young (Normal) (G1 Evacuation Pause) 183M->39M(317M) 51.483ms
[2023-11-05T15:24:46.193+0000][20.722s][info ][gc,cpu        ] GC(29) User=0.19s Sys=0.01s Real=0.05s
[2023-11-05T15:24:46.195+0000][20.724s][info ][safepoint     ] Leaving safepoint region
[2023-11-05T15:24:46.196+0000][20.725s][info ][safepoint     ] Total time for which application threads were stopped: 0.0568294 seconds, Stopping threads took: 0.0007364 seconds
[2023-11-05T15:24:46.197+0000][20.727s][info ][gc,stringdedup] Concurrent String Deduplication (20.727s)
[2023-11-05T15:24:46.201+0000][20.731s][info ][gc,stringdedup] Concurrent String Deduplication 212.3K->106.9K(105.4K) avg 45.0% (20.727s, 20.731s) 3.903ms
[2023-11-05T15:24:46.491+0000][21.020s][debug][safepoint     ] Safepoint synchronization initiated. (13 threads)
[2023-11-05T15:24:46.492+0000][21.021s][info ][safepoint     ] Application time: 0.2946208 seconds
[2023-11-05T15:24:46.492+0000][21.021s][info ][safepoint     ] Entering safepoint region: Deoptimize
[2023-11-05T15:24:46.493+0000][21.022s][info ][safepoint     ] Leaving safepoint region
[2023-11-05T15:24:46.494+0000][21.023s][info ][safepoint     ] Total time for which application threads were stopped: 0.0016185 seconds, Stopping threads took: 0.0004233 seconds
[2023-11-05T15:24:46.900+0000][21.429s][debug][safepoint     ] Safepoint synchronization initiated. (13 threads)
[2023-11-05T15:24:46.900+0000][21.430s][info ][safepoint     ] Application time: 0.4063465 seconds
[2023-11-05T15:24:46.901+0000][21.430s][info ][safepoint     ] Entering safepoint region: CollectForMetadataAllocation
[2023-11-05T15:24:46.902+0000][21.431s][info ][gc,start      ] GC(30) Pause Young (Concurrent Start) (Metadata GC Threshold)
[2023-11-05T15:24:46.902+0000][21.432s][info ][gc,task       ] GC(30) Using 7 workers of 8 for evacuation
[2023-11-05T15:24:46.915+0000][21.444s][info ][gc,phases     ] GC(30)   Pre Evacuate Collection Set: 0.2ms
[2023-11-05T15:24:46.916+0000][21.445s][info ][gc,phases     ] GC(30)   Evacuate Collection Set: 9.8ms
[2023-11-05T15:24:46.916+0000][21.446s][info ][gc,phases     ] GC(30)   Post Evacuate Collection Set: 2.2ms
[2023-11-05T15:24:46.917+0000][21.446s][info ][gc,phases     ] GC(30)   Other: 1.4ms
[2023-11-05T15:24:46.918+0000][21.447s][info ][gc,heap       ] GC(30) Eden regions: 79->0(179)
[2023-11-05T15:24:46.918+0000][21.447s][info ][gc,heap       ] GC(30) Survivor regions: 10->11(24)
[2023-11-05T15:24:46.919+0000][21.448s][info ][gc,heap       ] GC(30) Old regions: 31->31
[2023-11-05T15:24:46.919+0000][21.449s][info ][gc,heap       ] GC(30) Humongous regions: 0->0
[2023-11-05T15:24:46.920+0000][21.449s][info ][gc,metaspace  ] GC(30) Metaspace: 59197K(60496K)->59197K(60496K) NonClass: 51699K(52436K)->51699K(52436K) Class: 7497K(8060K)->7497K(8060K)
[2023-11-05T15:24:46.920+0000][21.450s][info ][gc            ] GC(30) Pause Young (Concurrent Start) (Metadata GC Threshold) 118M->40M(317M) 18.722ms
[2023-11-05T15:24:46.921+0000][21.450s][info ][gc,cpu        ] GC(30) User=0.06s Sys=0.00s Real=0.02s
[2023-11-05T15:24:46.921+0000][21.451s][info ][safepoint     ] Leaving safepoint region
[2023-11-05T15:24:46.922+0000][21.451s][info ][safepoint     ] Total time for which application threads were stopped: 0.0209545 seconds, Stopping threads took: 0.0005270 seconds
[2023-11-05T15:24:46.922+0000][21.451s][info ][gc            ] GC(31) Concurrent Cycle
[2023-11-05T15:24:46.923+0000][21.452s][info ][gc,marking    ] GC(31) Concurrent Clear Claimed Marks
[2023-11-05T15:24:46.922+0000][21.452s][info ][gc,stringdedup] Concurrent String Deduplication (21.452s)
[2023-11-05T15:24:46.924+0000][21.453s][info ][gc,marking    ] GC(31) Concurrent Clear Claimed Marks 0.648ms
[2023-11-05T15:24:46.925+0000][21.454s][info ][gc,marking    ] GC(31) Concurrent Scan Root Regions
[2023-11-05T15:24:46.927+0000][21.457s][info ][gc,stringdedup] Concurrent String Deduplication 220.8K->78176.0B(144.5K) avg 45.4% (21.452s, 21.457s) 5.017ms
[2023-11-05T15:24:46.932+0000][21.461s][info ][gc,marking    ] GC(31) Concurrent Scan Root Regions 6.850ms
[2023-11-05T15:24:46.932+0000][21.462s][info ][gc,marking    ] GC(31) Concurrent Mark (21.462s)
[2023-11-05T15:24:46.933+0000][21.462s][info ][gc,marking    ] GC(31) Concurrent Mark From Roots
[2023-11-05T15:24:46.934+0000][21.463s][info ][gc,task       ] GC(31) Using 2 workers of 2 for marking
[2023-11-05T15:24:46.965+0000][21.495s][debug][safepoint     ] Safepoint synchronization initiated. (13 threads)
[2023-11-05T15:24:46.966+0000][21.495s][info ][safepoint     ] Application time: 0.0435228 seconds
[2023-11-05T15:24:46.966+0000][21.496s][info ][safepoint     ] Entering safepoint region: CollectForMetadataAllocation
[2023-11-05T15:24:46.967+0000][21.496s][info ][safepoint     ] Leaving safepoint region
[2023-11-05T15:24:46.968+0000][21.497s][info ][safepoint     ] Total time for which application threads were stopped: 0.0012511 seconds, Stopping threads took: 0.0005532 seconds
[2023-11-05T15:24:46.971+0000][21.500s][info ][gc,marking    ] GC(31) Concurrent Mark From Roots 37.508ms
[2023-11-05T15:24:46.971+0000][21.501s][info ][gc,marking    ] GC(31) Concurrent Preclean
[2023-11-05T15:24:46.972+0000][21.501s][info ][gc,marking    ] GC(31) Concurrent Preclean 0.696ms
[2023-11-05T15:24:46.973+0000][21.502s][info ][gc,marking    ] GC(31) Concurrent Mark (21.462s, 21.502s) 40.211ms
[2023-11-05T15:24:46.973+0000][21.503s][debug][safepoint     ] Safepoint synchronization initiated. (13 threads)
[2023-11-05T15:24:46.974+0000][21.503s][info ][safepoint     ] Application time: 0.0057320 seconds
[2023-11-05T15:24:46.974+0000][21.504s][info ][safepoint     ] Entering safepoint region: CGC_Operation
[2023-11-05T15:24:46.975+0000][21.504s][info ][gc,start      ] GC(31) Pause Remark
[2023-11-05T15:24:46.983+0000][21.512s][info ][gc,stringtable] GC(31) Cleaned string and symbol table, strings: 23503 processed, 4 removed, symbols: 192976 processed, 193 removed
[2023-11-05T15:24:46.983+0000][21.513s][info ][gc            ] GC(31) Pause Remark 46M->46M(317M) 8.266ms
[2023-11-05T15:24:46.984+0000][21.513s][info ][gc,cpu        ] GC(31) User=0.04s Sys=0.00s Real=0.01s
[2023-11-05T15:24:46.984+0000][21.514s][info ][safepoint     ] Leaving safepoint region
[2023-11-05T15:24:46.985+0000][21.514s][info ][safepoint     ] Total time for which application threads were stopped: 0.0103255 seconds, Stopping threads took: 0.0005265 seconds
[2023-11-05T15:24:46.985+0000][21.515s][info ][gc,marking    ] GC(31) Concurrent Rebuild Remembered Sets
[2023-11-05T15:24:47.009+0000][21.538s][info ][gc,marking    ] GC(31) Concurrent Rebuild Remembered Sets 23.776ms
[2023-11-05T15:24:47.010+0000][21.539s][debug][safepoint     ] Safepoint synchronization initiated. (13 threads)
[2023-11-05T15:24:47.010+0000][21.539s][info ][safepoint     ] Application time: 0.0249031 seconds
[2023-11-05T15:24:47.011+0000][21.540s][info ][safepoint     ] Entering safepoint region: CGC_Operation
[2023-11-05T15:24:47.011+0000][21.541s][info ][gc,start      ] GC(31) Pause Cleanup
[2023-11-05T15:24:47.012+0000][21.541s][info ][gc            ] GC(31) Pause Cleanup 48M->48M(317M) 0.705ms
[2023-11-05T15:24:47.013+0000][21.542s][info ][gc,cpu        ] GC(31) User=0.00s Sys=0.00s Real=0.00s
[2023-11-05T15:24:47.013+0000][21.542s][info ][safepoint     ] Leaving safepoint region
[2023-11-05T15:24:47.014+0000][21.543s][info ][safepoint     ] Total time for which application threads were stopped: 0.0028638 seconds, Stopping threads took: 0.0005014 seconds
[2023-11-05T15:24:47.014+0000][21.543s][info ][gc,marking    ] GC(31) Concurrent Cleanup for Next Mark
[2023-11-05T15:24:47.016+0000][21.545s][info ][gc,marking    ] GC(31) Concurrent Cleanup for Next Mark 2.145ms
[2023-11-05T15:24:47.017+0000][21.546s][info ][gc            ] GC(31) Concurrent Cycle 95.298ms
[2023-11-05T15:24:48.014+0000][22.543s][debug][safepoint     ] Safepoint synchronization initiated. (17 threads)
[2023-11-05T15:24:48.015+0000][22.544s][info ][safepoint     ] Application time: 1.0008382 seconds
[2023-11-05T15:24:48.015+0000][22.545s][debug][safepoint     ] ... found polling page return exception at pc = 0x00007f8085c6b9a2, stub =0x00007f8084840600
[2023-11-05T15:24:48.016+0000][22.545s][debug][safepoint     ] Waiting for 2 thread(s) to block
[2023-11-05T15:24:48.017+0000][22.546s][info ][safepoint     ] Entering safepoint region: Cleanup
[2023-11-05T15:24:48.018+0000][22.547s][info ][safepoint     ] Leaving safepoint region
[2023-11-05T15:24:48.018+0000][22.547s][info ][safepoint     ] Total time for which application threads were stopped: 0.0026555 seconds, Stopping threads took: 0.0018218 seconds
[2023-11-05T15:24:48.405+0000][22.934s][debug][safepoint     ] Safepoint synchronization initiated. (17 threads)
[2023-11-05T15:24:48.405+0000][22.935s][info ][safepoint     ] Application time: 0.3863985 seconds
[2023-11-05T15:24:48.406+0000][22.935s][info ][safepoint     ] Entering safepoint region: Deoptimize
[2023-11-05T15:24:48.412+0000][22.941s][info ][safepoint     ] Leaving safepoint region
[2023-11-05T15:24:48.415+0000][22.944s][info ][safepoint     ] Total time for which application threads were stopped: 0.0085103 seconds, Stopping threads took: 0.0010817 seconds
[2023-11-05T15:24:48.580+0000][23.110s][debug][safepoint     ] Safepoint synchronization initiated. (17 threads)
[2023-11-05T15:24:48.581+0000][23.110s][info ][safepoint     ] Application time: 0.1655897 seconds
[2023-11-05T15:24:48.582+0000][23.111s][info ][safepoint     ] Entering safepoint region: Deoptimize
[2023-11-05T15:24:48.585+0000][23.115s][info ][safepoint     ] Leaving safepoint region
[2023-11-05T15:24:48.587+0000][23.116s][info ][safepoint     ] Total time for which application threads were stopped: 0.0051708 seconds, Stopping threads took: 0.0020579 seconds
[2023-11-05T15:24:48.900+0000][23.429s][debug][safepoint     ] Safepoint synchronization initiated. (17 threads)
[2023-11-05T15:24:48.900+0000][23.430s][info ][safepoint     ] Application time: 0.3124623 seconds
[2023-11-05T15:24:48.901+0000][23.431s][info ][safepoint     ] Entering safepoint region: G1CollectForAllocation
[2023-11-05T15:24:48.902+0000][23.431s][info ][gc,start      ] GC(32) Pause Young (Concurrent Start) (G1 Evacuation Pause)
[2023-11-05T15:24:48.903+0000][23.432s][info ][gc,task       ] GC(32) Using 7 workers of 8 for evacuation
[2023-11-05T15:24:48.947+0000][23.476s][info ][gc,phases     ] GC(32)   Pre Evacuate Collection Set: 0.3ms
[2023-11-05T15:24:48.948+0000][23.477s][info ][gc,phases     ] GC(32)   Evacuate Collection Set: 36.0ms
[2023-11-05T15:24:48.948+0000][23.478s][info ][gc,phases     ] GC(32)   Post Evacuate Collection Set: 6.7ms
[2023-11-05T15:24:48.949+0000][23.478s][info ][gc,phases     ] GC(32)   Other: 1.7ms
[2023-11-05T15:24:48.950+0000][23.479s][info ][gc,heap       ] GC(32) Eden regions: 179->0(176)
[2023-11-05T15:24:48.950+0000][23.480s][info ][gc,heap       ] GC(32) Survivor regions: 11->14(24)
[2023-11-05T15:24:48.951+0000][23.480s][info ][gc,heap       ] GC(32) Old regions: 31->31
[2023-11-05T15:24:48.952+0000][23.481s][info ][gc,heap       ] GC(32) Humongous regions: 0->0
[2023-11-05T15:24:48.953+0000][23.482s][info ][gc,metaspace  ] GC(32) Metaspace: 64840K(66728K)->64840K(66728K) NonClass: 56591K(57812K)->56591K(57812K) Class: 8249K(8916K)->8249K(8916K)
[2023-11-05T15:24:48.953+0000][23.483s][info ][gc            ] GC(32) Pause Young (Concurrent Start) (G1 Evacuation Pause) 219M->43M(317M) 51.312ms
[2023-11-05T15:24:48.954+0000][23.483s][info ][gc,cpu        ] GC(32) User=0.25s Sys=0.01s Real=0.05s
[2023-11-05T15:24:48.955+0000][23.484s][info ][safepoint     ] Leaving safepoint region
[2023-11-05T15:24:48.955+0000][23.484s][info ][gc            ] GC(33) Concurrent Cycle
[2023-11-05T15:24:48.956+0000][23.486s][info ][gc,marking    ] GC(33) Concurrent Clear Claimed Marks
[2023-11-05T15:24:48.956+0000][23.485s][info ][safepoint     ] Total time for which application threads were stopped: 0.0545716 seconds, Stopping threads took: 0.0005932 seconds
[2023-11-05T15:24:48.958+0000][23.487s][info ][gc,marking    ] GC(33) Concurrent Clear Claimed Marks 1.666ms
[2023-11-05T15:24:48.959+0000][23.488s][info ][gc,stringdedup] Concurrent String Deduplication (23.488s)
[2023-11-05T15:24:48.961+0000][23.490s][info ][gc,stringdedup] Concurrent String Deduplication 49312.0B->6264.0B(43048.0B) avg 45.6% (23.488s, 23.490s) 1.935ms
[2023-11-05T15:24:48.959+0000][23.488s][info ][gc,marking    ] GC(33) Concurrent Scan Root Regions
[2023-11-05T15:24:48.981+0000][23.510s][info ][gc,marking    ] GC(33) Concurrent Scan Root Regions 21.843ms
[2023-11-05T15:24:48.982+0000][23.511s][info ][gc,marking    ] GC(33) Concurrent Mark (23.511s)
[2023-11-05T15:24:48.983+0000][23.512s][info ][gc,marking    ] GC(33) Concurrent Mark From Roots
[2023-11-05T15:24:48.983+0000][23.513s][info ][gc,task       ] GC(33) Using 2 workers of 2 for marking
[2023-11-05T15:24:49.036+0000][23.565s][info ][gc,marking    ] GC(33) Concurrent Mark From Roots 53.351ms
[2023-11-05T15:24:49.037+0000][23.566s][info ][gc,marking    ] GC(33) Concurrent Preclean
[2023-11-05T15:24:49.038+0000][23.567s][info ][gc,marking    ] GC(33) Concurrent Preclean 0.876ms
[2023-11-05T15:24:49.038+0000][23.568s][info ][gc,marking    ] GC(33) Concurrent Mark (23.511s, 23.568s) 56.208ms
[2023-11-05T15:24:49.039+0000][23.568s][debug][safepoint     ] Safepoint synchronization initiated. (17 threads)
[2023-11-05T15:24:49.040+0000][23.569s][info ][safepoint     ] Application time: 0.0813116 seconds
[2023-11-05T15:24:49.041+0000][23.570s][debug][safepoint     ] ... found polling page loop exception at pc = 0x00007f808c4a9e2b, stub =0x00007f8084843680
[2023-11-05T15:24:49.041+0000][23.571s][debug][safepoint     ] Waiting for 1 thread(s) to block
[2023-11-05T15:24:49.042+0000][23.571s][info ][safepoint     ] Entering safepoint region: CGC_Operation
[2023-11-05T15:24:49.043+0000][23.572s][info ][gc,start      ] GC(33) Pause Remark
[2023-11-05T15:24:49.057+0000][23.586s][info ][gc,stringtable] GC(33) Cleaned string and symbol table, strings: 26119 processed, 0 removed, symbols: 207434 processed, 18 removed
[2023-11-05T15:24:49.058+0000][23.587s][info ][gc            ] GC(33) Pause Remark 51M->51M(317M) 14.861ms
[2023-11-05T15:24:49.058+0000][23.588s][info ][gc,cpu        ] GC(33) User=0.08s Sys=0.01s Real=0.01s
[2023-11-05T15:24:49.059+0000][23.588s][info ][safepoint     ] Leaving safepoint region
[2023-11-05T15:24:49.060+0000][23.589s][info ][safepoint     ] Total time for which application threads were stopped: 0.0189458 seconds, Stopping threads took: 0.0019040 seconds
[2023-11-05T15:24:49.060+0000][23.590s][info ][gc,marking    ] GC(33) Concurrent Rebuild Remembered Sets
[2023-11-05T15:24:49.097+0000][23.627s][info ][gc,marking    ] GC(33) Concurrent Rebuild Remembered Sets 37.143ms
[2023-11-05T15:24:49.101+0000][23.630s][debug][safepoint     ] Safepoint synchronization initiated. (17 threads)
[2023-11-05T15:24:49.103+0000][23.632s][info ][safepoint     ] Application time: 0.0429604 seconds
[2023-11-05T15:24:49.104+0000][23.633s][debug][safepoint     ] Waiting for 1 thread(s) to block
[2023-11-05T15:24:49.105+0000][23.634s][info ][safepoint     ] Entering safepoint region: CGC_Operation
[2023-11-05T15:24:49.106+0000][23.635s][info ][gc,start      ] GC(33) Pause Cleanup
[2023-11-05T15:24:49.107+0000][23.636s][info ][gc            ] GC(33) Pause Cleanup 54M->54M(317M) 0.852ms
[2023-11-05T15:24:49.108+0000][23.637s][info ][gc,cpu        ] GC(33) User=0.01s Sys=0.00s Real=0.00s
[2023-11-05T15:24:49.108+0000][23.638s][info ][safepoint     ] Leaving safepoint region
[2023-11-05T15:24:49.109+0000][23.638s][info ][safepoint     ] Total time for which application threads were stopped: 0.0047260 seconds, Stopping threads took: 0.0013719 seconds
[2023-11-05T15:24:49.110+0000][23.639s][info ][gc,marking    ] GC(33) Concurrent Cleanup for Next Mark
[2023-11-05T15:24:49.115+0000][23.644s][info ][gc,marking    ] GC(33) Concurrent Cleanup for Next Mark 5.099ms
[2023-11-05T15:24:49.118+0000][23.647s][info ][gc            ] GC(33) Concurrent Cycle 163.311ms
[2023-11-05T15:24:49.642+0000][24.172s][debug][safepoint     ] Safepoint synchronization initiated. (17 threads)
[2023-11-05T15:24:49.643+0000][24.172s][info ][safepoint     ] Application time: 0.5336129 seconds
[2023-11-05T15:24:49.644+0000][24.173s][info ][safepoint     ] Entering safepoint region: ICBufferFull
[2023-11-05T15:24:49.645+0000][24.174s][info ][safepoint     ] Leaving safepoint region
[2023-11-05T15:24:49.645+0000][24.175s][info ][safepoint     ] Total time for which application threads were stopped: 0.0016749 seconds, Stopping threads took: 0.0006417 seconds
[2023-11-05T15:24:50.646+0000][25.175s][debug][safepoint     ] Safepoint synchronization initiated. (18 threads)
[2023-11-05T15:24:50.647+0000][25.176s][info ][safepoint     ] Application time: 1.0007922 seconds
[2023-11-05T15:24:50.648+0000][25.177s][debug][safepoint     ] ... found polling page loop exception at pc = 0x00007f808c4a9e2b, stub =0x00007f8084843680
[2023-11-05T15:24:50.648+0000][25.178s][debug][safepoint     ] Waiting for 1 thread(s) to block
[2023-11-05T15:24:50.649+0000][25.178s][info ][safepoint     ] Entering safepoint region: Cleanup
[2023-11-05T15:24:50.650+0000][25.179s][info ][safepoint     ] Leaving safepoint region
[2023-11-05T15:24:50.651+0000][25.180s][info ][safepoint     ] Total time for which application threads were stopped: 0.0029094 seconds, Stopping threads took: 0.0021144 seconds
[2023-11-05T15:24:50.785+0000][25.314s][debug][safepoint     ] Safepoint synchronization initiated. (18 threads)
[2023-11-05T15:24:50.785+0000][25.314s][info ][safepoint     ] Application time: 0.1340305 seconds
[2023-11-05T15:24:50.786+0000][25.315s][info ][safepoint     ] Entering safepoint region: G1CollectForAllocation
[2023-11-05T15:24:50.787+0000][25.316s][info ][gc,start      ] GC(34) Pause Young (Normal) (G1 Evacuation Pause)
[2023-11-05T15:24:50.787+0000][25.316s][info ][gc,task       ] GC(34) Using 7 workers of 8 for evacuation
[2023-11-05T15:24:50.811+0000][25.340s][info ][gc,phases     ] GC(34)   Pre Evacuate Collection Set: 0.0ms
[2023-11-05T15:24:50.811+0000][25.340s][info ][gc,phases     ] GC(34)   Evacuate Collection Set: 20.0ms
[2023-11-05T15:24:50.812+0000][25.341s][info ][gc,phases     ] GC(34)   Post Evacuate Collection Set: 2.8ms
[2023-11-05T15:24:50.813+0000][25.342s][info ][gc,phases     ] GC(34)   Other: 1.3ms
[2023-11-05T15:24:50.813+0000][25.342s][info ][gc,heap       ] GC(34) Eden regions: 176->0(175)
[2023-11-05T15:24:50.814+0000][25.343s][info ][gc,heap       ] GC(34) Survivor regions: 14->15(24)
[2023-11-05T15:24:50.816+0000][25.345s][info ][gc,heap       ] GC(34) Old regions: 31->32
[2023-11-05T15:24:50.817+0000][25.346s][info ][gc,heap       ] GC(34) Humongous regions: 0->0
[2023-11-05T15:24:50.818+0000][25.347s][info ][gc,metaspace  ] GC(34) Metaspace: 68096K(69672K)->68096K(69672K) NonClass: 59359K(60372K)->59359K(60372K) Class: 8736K(9300K)->8736K(9300K)
[2023-11-05T15:24:50.818+0000][25.348s][info ][gc            ] GC(34) Pause Young (Normal) (G1 Evacuation Pause) 219M->45M(317M) 31.823ms
[2023-11-05T15:24:50.819+0000][25.348s][info ][gc,cpu        ] GC(34) User=0.18s Sys=0.00s Real=0.03s
[2023-11-05T15:24:50.820+0000][25.349s][info ][safepoint     ] Leaving safepoint region
[2023-11-05T15:24:50.820+0000][25.349s][info ][safepoint     ] Total time for which application threads were stopped: 0.0343392 seconds, Stopping threads took: 0.0005554 seconds
[2023-11-05T15:24:50.821+0000][25.350s][info ][gc,stringdedup] Concurrent String Deduplication (25.350s)
[2023-11-05T15:24:50.824+0000][25.353s][info ][gc,stringdedup] Concurrent String Deduplication 48712.0B->15296.0B(33416.0B) avg 45.7% (25.350s, 25.353s) 2.243ms
[2023-11-05T15:24:51.340+0000][25.869s][debug][safepoint     ] Safepoint synchronization initiated. (17 threads)
[2023-11-05T15:24:51.341+0000][25.870s][info ][safepoint     ] Application time: 0.5201666 seconds
[2023-11-05T15:24:51.342+0000][25.871s][info ][safepoint     ] Entering safepoint region: ICBufferFull
[2023-11-05T15:24:51.343+0000][25.872s][info ][safepoint     ] Leaving safepoint region
[2023-11-05T15:24:51.343+0000][25.873s][info ][safepoint     ] Total time for which application threads were stopped: 0.0016124 seconds, Stopping threads took: 0.0007403 seconds
[2023-11-05T15:24:51.483+0000][26.012s][debug][safepoint     ] Safepoint synchronization initiated. (18 threads)
[2023-11-05T15:24:51.484+0000][26.013s][info ][safepoint     ] Application time: 0.1395551 seconds
[2023-11-05T15:24:51.484+0000][26.013s][info ][safepoint     ] Entering safepoint region: ICBufferFull
[2023-11-05T15:24:51.485+0000][26.014s][info ][safepoint     ] Leaving safepoint region
[2023-11-05T15:24:51.485+0000][26.015s][info ][safepoint     ] Total time for which application threads were stopped: 0.0013266 seconds, Stopping threads took: 0.0005863 seconds
[2023-11-05T15:24:51.585+0000][26.114s][debug][safepoint     ] Safepoint synchronization initiated. (18 threads)
[2023-11-05T15:24:51.586+0000][26.115s][info ][safepoint     ] Application time: 0.1000229 seconds
[2023-11-05T15:24:51.587+0000][26.116s][info ][safepoint     ] Entering safepoint region: ICBufferFull
[2023-11-05T15:24:51.587+0000][26.117s][info ][safepoint     ] Leaving safepoint region
[2023-11-05T15:24:51.588+0000][26.117s][info ][safepoint     ] Total time for which application threads were stopped: 0.0013136 seconds, Stopping threads took: 0.0005115 seconds
[2023-11-05T15:24:51.680+0000][26.209s][debug][safepoint     ] Safepoint synchronization initiated. (18 threads)
[2023-11-05T15:24:51.680+0000][26.210s][info ][safepoint     ] Application time: 0.0921512 seconds
[2023-11-05T15:24:51.681+0000][26.210s][info ][safepoint     ] Entering safepoint region: ICBufferFull
[2023-11-05T15:24:51.682+0000][26.211s][info ][safepoint     ] Leaving safepoint region
[2023-11-05T15:24:51.682+0000][26.212s][info ][safepoint     ] Total time for which application threads were stopped: 0.0014737 seconds, Stopping threads took: 0.0005866 seconds
[2023-11-05T15:24:51.838+0000][26.367s][debug][safepoint     ] Safepoint synchronization initiated. (18 threads)
[2023-11-05T15:24:51.838+0000][26.368s][info ][safepoint     ] Application time: 0.1552787 seconds
[2023-11-05T15:24:51.839+0000][26.368s][info ][safepoint     ] Entering safepoint region: ICBufferFull
[2023-11-05T15:24:51.840+0000][26.369s][info ][safepoint     ] Leaving safepoint region
[2023-11-05T15:24:51.841+0000][26.370s][info ][safepoint     ] Total time for which application threads were stopped: 0.0016766 seconds, Stopping threads took: 0.0006418 seconds
[2023-11-05T15:24:52.369+0000][26.899s][debug][safepoint     ] Safepoint synchronization initiated. (18 threads)
[2023-11-05T15:24:52.370+0000][26.899s][info ][safepoint     ] Application time: 0.5287395 seconds
[2023-11-05T15:24:52.370+0000][26.900s][info ][safepoint     ] Entering safepoint region: G1CollectForAllocation
[2023-11-05T15:24:52.371+0000][26.900s][info ][gc,start      ] GC(35) Pause Young (Normal) (G1 Evacuation Pause)
[2023-11-05T15:24:52.372+0000][26.901s][info ][gc,task       ] GC(35) Using 7 workers of 8 for evacuation
[2023-11-05T15:24:52.389+0000][26.918s][info ][gc,phases     ] GC(35)   Pre Evacuate Collection Set: 0.0ms
[2023-11-05T15:24:52.389+0000][26.918s][info ][gc,phases     ] GC(35)   Evacuate Collection Set: 14.5ms
[2023-11-05T15:24:52.390+0000][26.919s][info ][gc,phases     ] GC(35)   Post Evacuate Collection Set: 2.1ms
[2023-11-05T15:24:52.390+0000][26.920s][info ][gc,phases     ] GC(35)   Other: 1.0ms
[2023-11-05T15:24:52.391+0000][26.920s][info ][gc,heap       ] GC(35) Eden regions: 175->0(177)
[2023-11-05T15:24:52.391+0000][26.920s][info ][gc,heap       ] GC(35) Survivor regions: 15->13(24)
[2023-11-05T15:24:52.392+0000][26.921s][info ][gc,heap       ] GC(35) Old regions: 32->36
[2023-11-05T15:24:52.392+0000][26.921s][info ][gc,heap       ] GC(35) Humongous regions: 0->0
[2023-11-05T15:24:52.393+0000][26.922s][info ][gc,metaspace  ] GC(35) Metaspace: 70928K(72616K)->70928K(72616K) NonClass: 61864K(62932K)->61864K(62932K) Class: 9064K(9684K)->9064K(9684K)
[2023-11-05T15:24:52.393+0000][26.922s][info ][gc            ] GC(35) Pause Young (Normal) (G1 Evacuation Pause) 220M->46M(317M) 22.050ms
[2023-11-05T15:24:52.394+0000][26.923s][info ][gc,cpu        ] GC(35) User=0.07s Sys=0.04s Real=0.02s
[2023-11-05T15:24:52.394+0000][26.923s][info ][safepoint     ] Leaving safepoint region
[2023-11-05T15:24:52.394+0000][26.924s][info ][safepoint     ] Total time for which application threads were stopped: 0.0240210 seconds, Stopping threads took: 0.0004199 seconds
[2023-11-05T15:24:52.395+0000][26.924s][info ][gc,stringdedup] Concurrent String Deduplication (26.924s)
[2023-11-05T15:24:52.397+0000][26.926s][info ][gc,stringdedup] Concurrent String Deduplication 206.3K->56016.0B(151.6K) avg 46.3% (26.924s, 26.926s) 2.347ms
[2023-11-05T15:24:52.825+0000][27.354s][debug][safepoint     ] Safepoint synchronization initiated. (18 threads)
[2023-11-05T15:24:52.825+0000][27.355s][info ][safepoint     ] Application time: 0.4305012 seconds
[2023-11-05T15:24:52.826+0000][27.355s][info ][safepoint     ] Entering safepoint region: Deoptimize
[2023-11-05T15:24:52.828+0000][27.357s][info ][safepoint     ] Leaving safepoint region
[2023-11-05T15:24:52.829+0000][27.358s][info ][safepoint     ] Total time for which application threads were stopped: 0.0026514 seconds, Stopping threads took: 0.0004944 seconds
[2023-11-05T15:24:52.831+0000][27.360s][debug][safepoint     ] Safepoint synchronization initiated. (18 threads)
[2023-11-05T15:24:52.831+0000][27.360s][info ][safepoint     ] Application time: 0.0021958 seconds
[2023-11-05T15:24:52.832+0000][27.361s][info ][safepoint     ] Entering safepoint region: Deoptimize
[2023-11-05T15:24:52.834+0000][27.363s][info ][safepoint     ] Leaving safepoint region
[2023-11-05T15:24:52.834+0000][27.363s][info ][safepoint     ] Total time for which application threads were stopped: 0.0023979 seconds, Stopping threads took: 0.0005763 seconds
[2023-11-05T15:24:53.311+0000][27.840s][debug][safepoint     ] Safepoint synchronization initiated. (18 threads)
[2023-11-05T15:24:53.311+0000][27.841s][info ][safepoint     ] Application time: 0.4767330 seconds
[2023-11-05T15:24:53.312+0000][27.841s][info ][safepoint     ] Entering safepoint region: Deoptimize
[2023-11-05T15:24:53.314+0000][27.843s][info ][safepoint     ] Leaving safepoint region
[2023-11-05T15:24:53.314+0000][27.844s][info ][safepoint     ] Total time for which application threads were stopped: 0.0024685 seconds, Stopping threads took: 0.0005437 seconds
[2023-11-05T15:24:53.715+0000][28.244s][debug][safepoint     ] Safepoint synchronization initiated. (17 threads)
[2023-11-05T15:24:53.716+0000][28.245s][info ][safepoint     ] Application time: 0.4008340 seconds
[2023-11-05T15:24:53.716+0000][28.245s][info ][safepoint     ] Entering safepoint region: Deoptimize
[2023-11-05T15:24:53.718+0000][28.247s][info ][safepoint     ] Leaving safepoint region
[2023-11-05T15:24:53.718+0000][28.248s][info ][safepoint     ] Total time for which application threads were stopped: 0.0022706 seconds, Stopping threads took: 0.0005025 seconds
[2023-11-05T15:24:53.737+0000][28.266s][debug][safepoint     ] Safepoint synchronization initiated. (18 threads)
[2023-11-05T15:24:53.737+0000][28.267s][info ][safepoint     ] Application time: 0.0185394 seconds
[2023-11-05T15:24:53.738+0000][28.267s][debug][safepoint     ] ... found polling page return exception at pc = 0x00007f808c2c9b94, stub =0x00007f8084840600
[2023-11-05T15:24:53.739+0000][28.268s][debug][safepoint     ] Waiting for 1 thread(s) to block
[2023-11-05T15:24:53.739+0000][28.269s][info ][safepoint     ] Entering safepoint region: ICBufferFull
[2023-11-05T15:24:53.740+0000][28.270s][info ][safepoint     ] Leaving safepoint region
[2023-11-05T15:24:53.741+0000][28.270s][info ][safepoint     ] Total time for which application threads were stopped: 0.0026327 seconds, Stopping threads took: 0.0018206 seconds
[2023-11-05T15:24:53.877+0000][28.406s][debug][safepoint     ] Safepoint synchronization initiated. (18 threads)
[2023-11-05T15:24:53.878+0000][28.407s][info ][safepoint     ] Application time: 0.1363815 seconds
[2023-11-05T15:24:53.878+0000][28.407s][info ][safepoint     ] Entering safepoint region: G1CollectForAllocation
[2023-11-05T15:24:53.879+0000][28.408s][info ][gc,start      ] GC(36) Pause Young (Normal) (G1 Evacuation Pause)
[2023-11-05T15:24:53.879+0000][28.409s][info ][gc,task       ] GC(36) Using 7 workers of 8 for evacuation
[2023-11-05T15:24:53.901+0000][28.431s][info ][gc,phases     ] GC(36)   Pre Evacuate Collection Set: 0.0ms
[2023-11-05T15:24:53.902+0000][28.431s][info ][gc,phases     ] GC(36)   Evacuate Collection Set: 19.0ms
[2023-11-05T15:24:53.903+0000][28.432s][info ][gc,phases     ] GC(36)   Post Evacuate Collection Set: 2.5ms
[2023-11-05T15:24:53.903+0000][28.433s][info ][gc,phases     ] GC(36)   Other: 1.2ms
[2023-11-05T15:24:53.904+0000][28.433s][info ][gc,heap       ] GC(36) Eden regions: 177->0(177)
[2023-11-05T15:24:53.904+0000][28.434s][info ][gc,heap       ] GC(36) Survivor regions: 13->13(24)
[2023-11-05T15:24:53.905+0000][28.434s][info ][gc,heap       ] GC(36) Old regions: 36->36
[2023-11-05T15:24:53.906+0000][28.435s][info ][gc,heap       ] GC(36) Humongous regions: 0->0
[2023-11-05T15:24:53.906+0000][28.436s][info ][gc,metaspace  ] GC(36) Metaspace: 76057K(77992K)->76057K(77992K) NonClass: 66358K(67540K)->66358K(67540K) Class: 9699K(10452K)->9699K(10452K)
[2023-11-05T15:24:53.907+0000][28.436s][info ][gc            ] GC(36) Pause Young (Normal) (G1 Evacuation Pause) 223M->46M(317M) 28.130ms
[2023-11-05T15:24:53.907+0000][28.437s][info ][gc,cpu        ] GC(36) User=0.18s Sys=0.00s Real=0.03s
[2023-11-05T15:24:53.908+0000][28.437s][info ][safepoint     ] Leaving safepoint region
[2023-11-05T15:24:53.909+0000][28.438s][info ][safepoint     ] Total time for which application threads were stopped: 0.0305498 seconds, Stopping threads took: 0.0004713 seconds
[2023-11-05T15:24:53.909+0000][28.439s][info ][gc,stringdedup] Concurrent String Deduplication (28.439s)
[2023-11-05T15:24:53.912+0000][28.442s][info ][gc,stringdedup] Concurrent String Deduplication 189.0K->45408.0B(144.7K) avg 46.9% (28.439s, 28.442s) 3.109ms
[2023-11-05T15:24:53.962+0000][28.491s][debug][safepoint     ] Safepoint synchronization initiated. (18 threads)
[2023-11-05T15:24:53.963+0000][28.493s][info ][safepoint     ] Application time: 0.0540635 seconds
[2023-11-05T15:24:53.964+0000][28.493s][info ][safepoint     ] Entering safepoint region: Deoptimize
[2023-11-05T15:24:53.966+0000][28.495s][info ][safepoint     ] Leaving safepoint region
[2023-11-05T15:24:53.966+0000][28.496s][info ][safepoint     ] Total time for which application threads were stopped: 0.0023669 seconds, Stopping threads took: 0.0005623 seconds
[2023-11-05T15:24:54.420+0000][28.950s][debug][safepoint     ] Safepoint synchronization initiated. (18 threads)
[2023-11-05T15:24:54.421+0000][28.950s][info ][safepoint     ] Application time: 0.4542173 seconds
[2023-11-05T15:24:54.422+0000][28.951s][info ][safepoint     ] Entering safepoint region: ICBufferFull
[2023-11-05T15:24:54.422+0000][28.952s][info ][safepoint     ] Leaving safepoint region
[2023-11-05T15:24:54.423+0000][28.952s][info ][safepoint     ] Total time for which application threads were stopped: 0.0016161 seconds, Stopping threads took: 0.0005615 seconds
[2023-11-05T15:24:55.296+0000][29.825s][debug][safepoint     ] Safepoint synchronization initiated. (18 threads)
[2023-11-05T15:24:55.297+0000][29.826s][info ][safepoint     ] Application time: 0.8728742 seconds
[2023-11-05T15:24:55.297+0000][29.826s][info ][safepoint     ] Entering safepoint region: ICBufferFull
[2023-11-05T15:24:55.298+0000][29.827s][info ][safepoint     ] Leaving safepoint region
[2023-11-05T15:24:55.299+0000][29.828s][info ][safepoint     ] Total time for which application threads were stopped: 0.0015061 seconds, Stopping threads took: 0.0006194 seconds
[2023-11-05T15:24:55.796+0000][30.326s][debug][safepoint     ] Safepoint synchronization initiated. (18 threads)
[2023-11-05T15:24:55.797+0000][30.326s][info ][safepoint     ] Application time: 0.4979833 seconds
[2023-11-05T15:24:55.798+0000][30.327s][info ][safepoint     ] Entering safepoint region: G1CollectForAllocation
[2023-11-05T15:24:55.799+0000][30.328s][info ][gc,start      ] GC(37) Pause Young (Normal) (G1 Evacuation Pause)
[2023-11-05T15:24:55.799+0000][30.328s][info ][gc,task       ] GC(37) Using 7 workers of 8 for evacuation
[2023-11-05T15:24:55.834+0000][30.364s][info ][gc,phases     ] GC(37)   Pre Evacuate Collection Set: 0.0ms
[2023-11-05T15:24:55.835+0000][30.364s][info ][gc,phases     ] GC(37)   Evacuate Collection Set: 28.5ms
[2023-11-05T15:24:55.835+0000][30.365s][info ][gc,phases     ] GC(37)   Post Evacuate Collection Set: 5.9ms
[2023-11-05T15:24:55.836+0000][30.365s][info ][gc,phases     ] GC(37)   Other: 1.3ms
[2023-11-05T15:24:55.837+0000][30.366s][info ][gc,heap       ] GC(37) Eden regions: 177->0(173)
[2023-11-05T15:24:55.837+0000][30.366s][info ][gc,heap       ] GC(37) Survivor regions: 13->17(24)
[2023-11-05T15:24:55.838+0000][30.367s][info ][gc,heap       ] GC(37) Old regions: 36->36
[2023-11-05T15:24:55.838+0000][30.368s][info ][gc,heap       ] GC(37) Humongous regions: 0->0
[2023-11-05T15:24:55.839+0000][30.368s][info ][gc,metaspace  ] GC(37) Metaspace: 78328K(80168K)->78328K(80168K) NonClass: 68460K(69588K)->68460K(69588K) Class: 9868K(10580K)->9868K(10580K)
[2023-11-05T15:24:55.839+0000][30.369s][info ][gc            ] GC(37) Pause Young (Normal) (G1 Evacuation Pause) 223M->50M(317M) 40.844ms
[2023-11-05T15:24:55.840+0000][30.369s][info ][gc,cpu        ] GC(37) User=0.26s Sys=0.01s Real=0.05s
[2023-11-05T15:24:55.841+0000][30.370s][info ][safepoint     ] Leaving safepoint region
[2023-11-05T15:24:55.841+0000][30.371s][info ][safepoint     ] Total time for which application threads were stopped: 0.0437179 seconds, Stopping threads took: 0.0005997 seconds
[2023-11-05T15:24:55.843+0000][30.372s][info ][gc,stringdedup] Concurrent String Deduplication (30.372s)
[2023-11-05T15:24:55.847+0000][30.376s][info ][gc,stringdedup] Concurrent String Deduplication 226.0K->160.8K(66704.0B) avg 46.5% (30.372s, 30.376s) 4.273ms
[2023-11-05T15:24:56.728+0000][31.258s][debug][safepoint     ] Safepoint synchronization initiated. (17 threads)
[2023-11-05T15:24:56.729+0000][31.258s][info ][safepoint     ] Application time: 0.8868285 seconds
[2023-11-05T15:24:56.730+0000][31.259s][info ][safepoint     ] Entering safepoint region: ICBufferFull
[2023-11-05T15:24:56.731+0000][31.260s][info ][safepoint     ] Leaving safepoint region
[2023-11-05T15:24:56.731+0000][31.261s][info ][safepoint     ] Total time for which application threads were stopped: 0.0014984 seconds, Stopping threads took: 0.0005958 seconds
[2023-11-05T15:24:57.494+0000][32.023s][debug][safepoint     ] Safepoint synchronization initiated. (17 threads)
[2023-11-05T15:24:57.495+0000][32.024s][info ][safepoint     ] Application time: 0.7627720 seconds
[2023-11-05T15:24:57.495+0000][32.024s][info ][safepoint     ] Entering safepoint region: ICBufferFull
[2023-11-05T15:24:57.496+0000][32.025s][info ][safepoint     ] Leaving safepoint region
[2023-11-05T15:24:57.497+0000][32.026s][info ][safepoint     ] Total time for which application threads were stopped: 0.0014268 seconds, Stopping threads took: 0.0005485 seconds
[2023-11-05T15:24:57.565+0000][32.094s][debug][safepoint     ] Safepoint synchronization initiated. (17 threads)
[2023-11-05T15:24:57.566+0000][32.095s][info ][safepoint     ] Application time: 0.0685417 seconds
[2023-11-05T15:24:57.566+0000][32.095s][info ][safepoint     ] Entering safepoint region: G1CollectForAllocation
[2023-11-05T15:24:57.567+0000][32.096s][info ][gc,start      ] GC(38) Pause Young (Normal) (G1 Evacuation Pause)
[2023-11-05T15:24:57.567+0000][32.097s][info ][gc,task       ] GC(38) Using 7 workers of 8 for evacuation
[2023-11-05T15:24:57.604+0000][32.133s][info ][gc,phases     ] GC(38)   Pre Evacuate Collection Set: 0.0ms
[2023-11-05T15:24:57.604+0000][32.134s][info ][gc,phases     ] GC(38)   Evacuate Collection Set: 32.6ms
[2023-11-05T15:24:57.605+0000][32.134s][info ][gc,phases     ] GC(38)   Post Evacuate Collection Set: 3.1ms
[2023-11-05T15:24:57.605+0000][32.135s][info ][gc,phases     ] GC(38)   Other: 1.2ms
[2023-11-05T15:24:57.606+0000][32.136s][info ][gc,heap       ] GC(38) Eden regions: 173->0(171)
[2023-11-05T15:24:57.607+0000][32.136s][info ][gc,heap       ] GC(38) Survivor regions: 17->19(24)
[2023-11-05T15:24:57.608+0000][32.137s][info ][gc,heap       ] GC(38) Old regions: 36->40
[2023-11-05T15:24:57.608+0000][32.137s][info ][gc,heap       ] GC(38) Humongous regions: 0->0
[2023-11-05T15:24:57.609+0000][32.138s][info ][gc,metaspace  ] GC(38) Metaspace: 79865K(81832K)->79865K(81832K) NonClass: 69915K(71124K)->69915K(71124K) Class: 9949K(10708K)->9949K(10708K)
[2023-11-05T15:24:57.610+0000][32.139s][info ][gc            ] GC(38) Pause Young (Normal) (G1 Evacuation Pause) 223M->57M(317M) 42.590ms
[2023-11-05T15:24:57.610+0000][32.140s][info ][gc,cpu        ] GC(38) User=0.30s Sys=0.00s Real=0.05s
[2023-11-05T15:24:57.611+0000][32.141s][info ][safepoint     ] Leaving safepoint region
[2023-11-05T15:24:57.612+0000][32.141s][info ][safepoint     ] Total time for which application threads were stopped: 0.0457110 seconds, Stopping threads took: 0.0005362 seconds
[2023-11-05T15:24:57.612+0000][32.142s][info ][gc,stringdedup] Concurrent String Deduplication (32.142s)
[2023-11-05T15:24:57.615+0000][32.145s][info ][gc,stringdedup] Concurrent String Deduplication 152.5K->58272.0B(97888.0B) avg 46.7% (32.142s, 32.145s) 2.777ms
[2023-11-05T15:24:58.020+0000][32.550s][debug][safepoint     ] Safepoint synchronization initiated. (17 threads)
[2023-11-05T15:24:58.021+0000][32.551s][info ][safepoint     ] Application time: 0.4089439 seconds
[2023-11-05T15:24:58.022+0000][32.551s][info ][safepoint     ] Entering safepoint region: Deoptimize
[2023-11-05T15:24:58.025+0000][32.554s][info ][safepoint     ] Leaving safepoint region
[2023-11-05T15:24:58.026+0000][32.555s][info ][safepoint     ] Total time for which application threads were stopped: 0.0040686 seconds, Stopping threads took: 0.0012748 seconds
[2023-11-05T15:24:58.675+0000][33.204s][debug][safepoint     ] Safepoint synchronization initiated. (17 threads)
[2023-11-05T15:24:58.675+0000][33.205s][info ][safepoint     ] Application time: 0.6484222 seconds
[2023-11-05T15:24:58.676+0000][33.205s][info ][safepoint     ] Entering safepoint region: ICBufferFull
[2023-11-05T15:24:58.677+0000][33.206s][info ][safepoint     ] Leaving safepoint region
[2023-11-05T15:24:58.677+0000][33.206s][info ][safepoint     ] Total time for which application threads were stopped: 0.0011796 seconds, Stopping threads took: 0.0004355 seconds
[2023-11-05T15:24:59.156+0000][33.686s][debug][safepoint     ] Safepoint synchronization initiated. (17 threads)
[2023-11-05T15:24:59.157+0000][33.686s][info ][safepoint     ] Application time: 0.4796353 seconds
[2023-11-05T15:24:59.158+0000][33.687s][info ][safepoint     ] Entering safepoint region: Deoptimize
[2023-11-05T15:24:59.160+0000][33.689s][info ][safepoint     ] Leaving safepoint region
[2023-11-05T15:24:59.160+0000][33.690s][info ][safepoint     ] Total time for which application threads were stopped: 0.0027026 seconds, Stopping threads took: 0.0004513 seconds
[2023-11-05T15:24:59.210+0000][33.740s][debug][safepoint     ] Safepoint synchronization initiated. (21 threads)
[2023-11-05T15:24:59.211+0000][33.740s][info ][safepoint     ] Application time: 0.0503245 seconds
[2023-11-05T15:24:59.212+0000][33.741s][info ][safepoint     ] Entering safepoint region: G1CollectForAllocation
[2023-11-05T15:24:59.213+0000][33.742s][info ][gc,start      ] GC(39) Pause Young (Normal) (G1 Evacuation Pause)
[2023-11-05T15:24:59.214+0000][33.743s][info ][gc,task       ] GC(39) Using 8 workers of 8 for evacuation
[2023-11-05T15:24:59.258+0000][33.787s][info ][gc,phases     ] GC(39)   Pre Evacuate Collection Set: 0.0ms
[2023-11-05T15:24:59.259+0000][33.788s][info ][gc,phases     ] GC(39)   Evacuate Collection Set: 39.2ms
[2023-11-05T15:24:59.259+0000][33.788s][info ][gc,phases     ] GC(39)   Post Evacuate Collection Set: 4.5ms
[2023-11-05T15:24:59.260+0000][33.789s][info ][gc,phases     ] GC(39)   Other: 1.6ms
[2023-11-05T15:24:59.260+0000][33.790s][info ][gc,heap       ] GC(39) Eden regions: 171->0(173)
[2023-11-05T15:24:59.261+0000][33.790s][info ][gc,heap       ] GC(39) Survivor regions: 19->17(24)
[2023-11-05T15:24:59.261+0000][33.791s][info ][gc,heap       ] GC(39) Old regions: 40->46
[2023-11-05T15:24:59.262+0000][33.791s][info ][gc,heap       ] GC(39) Humongous regions: 0->0
[2023-11-05T15:24:59.262+0000][33.792s][info ][gc,metaspace  ] GC(39) Metaspace: 82559K(84904K)->82559K(84904K) NonClass: 72273K(73684K)->72273K(73684K) Class: 10286K(11220K)->10286K(11220K)
[2023-11-05T15:24:59.263+0000][33.792s][info ][gc            ] GC(39) Pause Young (Normal) (G1 Evacuation Pause) 228M->60M(317M) 50.366ms
[2023-11-05T15:24:59.264+0000][33.793s][info ][gc,cpu        ] GC(39) User=0.34s Sys=0.01s Real=0.05s
[2023-11-05T15:24:59.264+0000][33.793s][info ][safepoint     ] Leaving safepoint region
[2023-11-05T15:24:59.265+0000][33.794s][info ][safepoint     ] Total time for which application threads were stopped: 0.0528339 seconds, Stopping threads took: 0.0006279 seconds
[2023-11-05T15:24:59.265+0000][33.795s][info ][gc,stringdedup] Concurrent String Deduplication (33.795s)
[2023-11-05T15:24:59.269+0000][33.798s][info ][gc,stringdedup] Concurrent String Deduplication 394.7K->100512.0B(296.6K) avg 47.7% (33.795s, 33.798s) 3.386ms
[2023-11-05T15:24:59.667+0000][34.196s][debug][safepoint     ] Safepoint synchronization initiated. (21 threads)
[2023-11-05T15:24:59.668+0000][34.197s][info ][safepoint     ] Application time: 0.4025815 seconds
[2023-11-05T15:24:59.668+0000][34.198s][info ][safepoint     ] Entering safepoint region: ICBufferFull
[2023-11-05T15:24:59.669+0000][34.199s][info ][safepoint     ] Leaving safepoint region
[2023-11-05T15:24:59.670+0000][34.199s][info ][safepoint     ] Total time for which application threads were stopped: 0.0016361 seconds, Stopping threads took: 0.0006359 seconds
[2023-11-05T15:25:00.208+0000][34.738s][debug][safepoint     ] Safepoint synchronization initiated. (22 threads)
[2023-11-05T15:25:00.209+0000][34.738s][info ][safepoint     ] Application time: 0.5385912 seconds
[2023-11-05T15:25:00.210+0000][34.739s][info ][safepoint     ] Entering safepoint region: ICBufferFull
[2023-11-05T15:25:00.211+0000][34.740s][info ][safepoint     ] Leaving safepoint region
[2023-11-05T15:25:00.211+0000][34.740s][info ][safepoint     ] Total time for which application threads were stopped: 0.0013079 seconds, Stopping threads took: 0.0005291 seconds
[2023-11-05T15:25:00.642+0000][35.172s][debug][safepoint     ] Safepoint synchronization initiated. (22 threads)
[2023-11-05T15:25:00.643+0000][35.172s][info ][safepoint     ] Application time: 0.4314060 seconds
[2023-11-05T15:25:00.643+0000][35.173s][info ][safepoint     ] Entering safepoint region: ICBufferFull
[2023-11-05T15:25:00.644+0000][35.173s][info ][safepoint     ] Leaving safepoint region
[2023-11-05T15:25:00.645+0000][35.174s][info ][safepoint     ] Total time for which application threads were stopped: 0.0012734 seconds, Stopping threads took: 0.0004670 seconds
[2023-11-05T15:25:00.795+0000][35.324s][debug][safepoint     ] Safepoint synchronization initiated. (22 threads)
[2023-11-05T15:25:00.796+0000][35.325s][info ][safepoint     ] Application time: 0.1506613 seconds
[2023-11-05T15:25:00.796+0000][35.326s][info ][safepoint     ] Entering safepoint region: G1CollectForAllocation
[2023-11-05T15:25:00.797+0000][35.327s][info ][gc,start      ] GC(40) Pause Young (Normal) (G1 Evacuation Pause)
[2023-11-05T15:25:00.798+0000][35.327s][info ][gc,task       ] GC(40) Using 8 workers of 8 for evacuation
[2023-11-05T15:25:00.842+0000][35.371s][info ][gc,phases     ] GC(40)   Pre Evacuate Collection Set: 0.0ms
[2023-11-05T15:25:00.843+0000][35.372s][info ][gc,phases     ] GC(40)   Evacuate Collection Set: 35.8ms
[2023-11-05T15:25:00.843+0000][35.373s][info ][gc,phases     ] GC(40)   Post Evacuate Collection Set: 7.4ms
[2023-11-05T15:25:00.844+0000][35.373s][info ][gc,phases     ] GC(40)   Other: 1.4ms
[2023-11-05T15:25:00.844+0000][35.374s][info ][gc,heap       ] GC(40) Eden regions: 173->0(175)
[2023-11-05T15:25:00.845+0000][35.374s][info ][gc,heap       ] GC(40) Survivor regions: 17->15(24)
[2023-11-05T15:25:00.845+0000][35.375s][info ][gc,heap       ] GC(40) Old regions: 46->52
[2023-11-05T15:25:00.846+0000][35.375s][info ][gc,heap       ] GC(40) Humongous regions: 0->0
[2023-11-05T15:25:00.846+0000][35.376s][info ][gc,metaspace  ] GC(40) Metaspace: 83919K(86312K)->83919K(86312K) NonClass: 73528K(74964K)->73528K(74964K) Class: 10390K(11348K)->10390K(11348K)
[2023-11-05T15:25:00.847+0000][35.376s][info ][gc            ] GC(40) Pause Young (Normal) (G1 Evacuation Pause) 233M->64M(317M) 49.433ms
[2023-11-05T15:25:00.847+0000][35.376s][info ][gc,cpu        ] GC(40) User=0.25s Sys=0.03s Real=0.05s
[2023-11-05T15:25:00.848+0000][35.377s][info ][safepoint     ] Leaving safepoint region
[2023-11-05T15:25:00.848+0000][35.377s][info ][safepoint     ] Total time for which application threads were stopped: 0.0517159 seconds, Stopping threads took: 0.0006016 seconds
[2023-11-05T15:25:00.849+0000][35.378s][info ][gc,stringdedup] Concurrent String Deduplication (35.378s)
[2023-11-05T15:25:00.860+0000][35.390s][info ][gc,stringdedup] Concurrent String Deduplication 532.4K->123.3K(409.1K) avg 49.1% (35.378s, 35.390s) 11.682ms
[2023-11-05T15:25:01.108+0000][35.637s][debug][safepoint     ] Safepoint synchronization initiated. (22 threads)
[2023-11-05T15:25:01.108+0000][35.638s][info ][safepoint     ] Application time: 0.2597798 seconds
[2023-11-05T15:25:01.109+0000][35.638s][info ][safepoint     ] Entering safepoint region: ICBufferFull
[2023-11-05T15:25:01.110+0000][35.639s][info ][safepoint     ] Leaving safepoint region
[2023-11-05T15:25:01.110+0000][35.639s][info ][safepoint     ] Total time for which application threads were stopped: 0.0011829 seconds, Stopping threads took: 0.0004689 seconds
[2023-11-05T15:25:01.422+0000][35.951s][debug][safepoint     ] Safepoint synchronization initiated. (22 threads)
[2023-11-05T15:25:01.423+0000][35.952s][info ][safepoint     ] Application time: 0.3121716 seconds
[2023-11-05T15:25:01.423+0000][35.952s][info ][safepoint     ] Entering safepoint region: ICBufferFull
[2023-11-05T15:25:01.424+0000][35.953s][info ][safepoint     ] Leaving safepoint region
[2023-11-05T15:25:01.424+0000][35.954s][info ][safepoint     ] Total time for which application threads were stopped: 0.0012293 seconds, Stopping threads took: 0.0004636 seconds
[2023-11-05T15:25:01.664+0000][36.193s][debug][safepoint     ] Safepoint synchronization initiated. (22 threads)
[2023-11-05T15:25:01.665+0000][36.194s][info ][safepoint     ] Application time: 0.2399536 seconds
[2023-11-05T15:25:01.665+0000][36.195s][info ][safepoint     ] Entering safepoint region: ICBufferFull
[2023-11-05T15:25:01.666+0000][36.195s][info ][safepoint     ] Leaving safepoint region
[2023-11-05T15:25:01.667+0000][36.196s][info ][safepoint     ] Total time for which application threads were stopped: 0.0015035 seconds, Stopping threads took: 0.0005532 seconds
[2023-11-05T15:25:01.693+0000][36.223s][debug][safepoint     ] Safepoint synchronization initiated. (22 threads)
[2023-11-05T15:25:01.694+0000][36.224s][info ][safepoint     ] Application time: 0.0269547 seconds
[2023-11-05T15:25:01.695+0000][36.224s][info ][safepoint     ] Entering safepoint region: Deoptimize
[2023-11-05T15:25:01.697+0000][36.227s][info ][safepoint     ] Leaving safepoint region
[2023-11-05T15:25:01.698+0000][36.227s][info ][safepoint     ] Total time for which application threads were stopped: 0.0030251 seconds, Stopping threads took: 0.0005894 seconds
[2023-11-05T15:25:02.193+0000][36.722s][debug][safepoint     ] Safepoint synchronization initiated. (23 threads)
[2023-11-05T15:25:02.196+0000][36.726s][info ][safepoint     ] Application time: 0.4978536 seconds
[2023-11-05T15:25:02.198+0000][36.727s][info ][safepoint     ] Entering safepoint region: Deoptimize
[2023-11-05T15:25:02.201+0000][36.730s][info ][safepoint     ] Leaving safepoint region
[2023-11-05T15:25:02.202+0000][36.731s][info ][safepoint     ] Total time for which application threads were stopped: 0.0036785 seconds, Stopping threads took: 0.0010305 seconds
[2023-11-05T15:25:02.867+0000][37.397s][debug][safepoint     ] Safepoint synchronization initiated. (23 threads)
[2023-11-05T15:25:02.868+0000][37.397s][info ][safepoint     ] Application time: 0.6657408 seconds
[2023-11-05T15:25:02.869+0000][37.398s][info ][safepoint     ] Entering safepoint region: Deoptimize
[2023-11-05T15:25:02.871+0000][37.400s][info ][safepoint     ] Leaving safepoint region
[2023-11-05T15:25:02.872+0000][37.401s][info ][safepoint     ] Total time for which application threads were stopped: 0.0032497 seconds, Stopping threads took: 0.0006165 seconds
[2023-11-05T15:25:03.333+0000][37.862s][debug][safepoint     ] Safepoint synchronization initiated. (23 threads)
[2023-11-05T15:25:03.334+0000][37.863s][info ][safepoint     ] Application time: 0.4610568 seconds
[2023-11-05T15:25:03.334+0000][37.864s][info ][safepoint     ] Entering safepoint region: G1CollectForAllocation
[2023-11-05T15:25:03.335+0000][37.864s][info ][gc,start      ] GC(41) Pause Young (Normal) (G1 Evacuation Pause)
[2023-11-05T15:25:03.336+0000][37.865s][info ][gc,task       ] GC(41) Using 8 workers of 8 for evacuation
[2023-11-05T15:25:03.382+0000][37.911s][info ][gc,phases     ] GC(41)   Pre Evacuate Collection Set: 0.0ms
[2023-11-05T15:25:03.385+0000][37.914s][info ][gc,phases     ] GC(41)   Evacuate Collection Set: 30.3ms
[2023-11-05T15:25:03.385+0000][37.915s][info ][gc,phases     ] GC(41)   Post Evacuate Collection Set: 15.5ms
[2023-11-05T15:25:03.387+0000][37.916s][info ][gc,phases     ] GC(41)   Other: 1.3ms
[2023-11-05T15:25:03.388+0000][37.918s][info ][gc,heap       ] GC(41) Eden regions: 175->0(215)
[2023-11-05T15:25:03.402+0000][37.932s][info ][gc,heap       ] GC(41) Survivor regions: 15->13(24)
[2023-11-05T15:25:03.403+0000][37.932s][info ][gc,heap       ] GC(41) Old regions: 52->57
[2023-11-05T15:25:03.404+0000][37.933s][info ][gc,heap       ] GC(41) Humongous regions: 0->0
[2023-11-05T15:25:03.405+0000][37.934s][info ][gc,metaspace  ] GC(41) Metaspace: 88419K(91048K)->88419K(91048K) NonClass: 77469K(79060K)->77469K(79060K) Class: 10949K(11988K)->10949K(11988K)
[2023-11-05T15:25:03.407+0000][37.936s][info ][gc            ] GC(41) Pause Young (Normal) (G1 Evacuation Pause) 239M->68M(381M) 71.724ms
[2023-11-05T15:25:03.411+0000][37.940s][info ][gc,cpu        ] GC(41) User=0.33s Sys=0.02s Real=0.08s
[2023-11-05T15:25:03.417+0000][37.946s][info ][safepoint     ] Leaving safepoint region
[2023-11-05T15:25:03.419+0000][37.948s][info ][safepoint     ] Total time for which application threads were stopped: 0.0845418 seconds, Stopping threads took: 0.0005630 seconds
[2023-11-05T15:25:03.420+0000][37.949s][info ][gc,stringdedup] Concurrent String Deduplication (37.949s)
[2023-11-05T15:25:03.435+0000][37.964s][info ][gc,stringdedup] Concurrent String Deduplication 288.3K->98304.0B(192.3K) avg 49.5% (37.949s, 37.964s) 15.281ms
[2023-11-05T15:25:03.823+0000][38.352s][debug][safepoint     ] Safepoint synchronization initiated. (25 threads)
[2023-11-05T15:25:03.823+0000][38.353s][info ][safepoint     ] Application time: 0.4036409 seconds
[2023-11-05T15:25:03.824+0000][38.353s][info ][safepoint     ] Entering safepoint region: Deoptimize
[2023-11-05T15:25:03.827+0000][38.356s][info ][safepoint     ] Leaving safepoint region
[2023-11-05T15:25:03.829+0000][38.358s][info ][safepoint     ] Total time for which application threads were stopped: 0.0044555 seconds, Stopping threads took: 0.0005934 seconds
[2023-11-05T15:25:03.853+0000][38.383s][debug][safepoint     ] Safepoint synchronization initiated. (25 threads)
[2023-11-05T15:25:03.854+0000][38.384s][info ][safepoint     ] Application time: 0.0250402 seconds
[2023-11-05T15:25:03.856+0000][38.385s][info ][safepoint     ] Entering safepoint region: Deoptimize
[2023-11-05T15:25:03.859+0000][38.388s][info ][safepoint     ] Leaving safepoint region
[2023-11-05T15:25:03.860+0000][38.389s][info ][safepoint     ] Total time for which application threads were stopped: 0.0034905 seconds, Stopping threads took: 0.0007469 seconds
[2023-11-05T15:25:04.436+0000][38.965s][debug][safepoint     ] Safepoint synchronization initiated. (25 threads)
[2023-11-05T15:25:04.437+0000][38.966s][info ][safepoint     ] Application time: 0.5763524 seconds
[2023-11-05T15:25:04.437+0000][38.966s][info ][safepoint     ] Entering safepoint region: Deoptimize
[2023-11-05T15:25:04.440+0000][38.969s][info ][safepoint     ] Leaving safepoint region
[2023-11-05T15:25:04.442+0000][38.971s][info ][safepoint     ] Total time for which application threads were stopped: 0.0046614 seconds, Stopping threads took: 0.0006379 seconds
[2023-11-05T15:25:04.649+0000][39.178s][debug][safepoint     ] Safepoint synchronization initiated. (23 threads)
[2023-11-05T15:25:04.650+0000][39.179s][info ][safepoint     ] Application time: 0.2052511 seconds
[2023-11-05T15:25:04.651+0000][39.180s][info ][safepoint     ] Entering safepoint region: Deoptimize
[2023-11-05T15:25:04.653+0000][39.182s][info ][safepoint     ] Leaving safepoint region
[2023-11-05T15:25:04.654+0000][39.183s][info ][safepoint     ] Total time for which application threads were stopped: 0.0032008 seconds, Stopping threads took: 0.0007279 seconds
[2023-11-05T15:25:05.609+0000][40.138s][debug][safepoint     ] Safepoint synchronization initiated. (25 threads)
[2023-11-05T15:25:05.610+0000][40.139s][info ][safepoint     ] Application time: 0.9554363 seconds
[2023-11-05T15:25:05.610+0000][40.140s][info ][safepoint     ] Entering safepoint region: Deoptimize
[2023-11-05T15:25:05.613+0000][40.142s][info ][safepoint     ] Leaving safepoint region
[2023-11-05T15:25:05.613+0000][40.143s][info ][safepoint     ] Total time for which application threads were stopped: 0.0030703 seconds, Stopping threads took: 0.0005433 seconds
[2023-11-05T15:25:05.754+0000][40.283s][debug][safepoint     ] Safepoint synchronization initiated. (23 threads)
[2023-11-05T15:25:05.755+0000][40.284s][info ][safepoint     ] Application time: 0.1407808 seconds
[2023-11-05T15:25:05.755+0000][40.285s][info ][safepoint     ] Entering safepoint region: Deoptimize
[2023-11-05T15:25:05.758+0000][40.287s][info ][safepoint     ] Leaving safepoint region
[2023-11-05T15:25:05.758+0000][40.287s][info ][safepoint     ] Total time for which application threads were stopped: 0.0027187 seconds, Stopping threads took: 0.0004906 seconds
[2023-11-05T15:25:05.893+0000][40.422s][debug][safepoint     ] Safepoint synchronization initiated. (23 threads)
[2023-11-05T15:25:05.894+0000][40.423s][info ][safepoint     ] Application time: 0.1349382 seconds
[2023-11-05T15:25:05.894+0000][40.423s][info ][safepoint     ] Entering safepoint region: Deoptimize
[2023-11-05T15:25:05.897+0000][40.427s][info ][safepoint     ] Leaving safepoint region
[2023-11-05T15:25:05.898+0000][40.427s][info ][safepoint     ] Total time for which application threads were stopped: 0.0037734 seconds, Stopping threads took: 0.0013621 seconds
[2023-11-05T15:25:06.200+0000][40.729s][debug][safepoint     ] Safepoint synchronization initiated. (25 threads)
[2023-11-05T15:25:06.201+0000][40.730s][info ][safepoint     ] Application time: 0.3021860 seconds
[2023-11-05T15:25:06.201+0000][40.731s][info ][safepoint     ] Entering safepoint region: G1CollectForAllocation
[2023-11-05T15:25:06.202+0000][40.732s][info ][gc,start      ] GC(42) Pause Young (Normal) (G1 Evacuation Pause)
[2023-11-05T15:25:06.203+0000][40.732s][info ][gc,task       ] GC(42) Using 8 workers of 8 for evacuation
[2023-11-05T15:25:06.257+0000][40.787s][info ][gc,phases     ] GC(42)   Pre Evacuate Collection Set: 0.0ms
[2023-11-05T15:25:06.258+0000][40.787s][info ][gc,phases     ] GC(42)   Evacuate Collection Set: 43.8ms
[2023-11-05T15:25:06.259+0000][40.788s][info ][gc,phases     ] GC(42)   Post Evacuate Collection Set: 10.1ms
[2023-11-05T15:25:06.259+0000][40.789s][info ][gc,phases     ] GC(42)   Other: 1.3ms
[2023-11-05T15:25:06.260+0000][40.789s][info ][gc,heap       ] GC(42) Eden regions: 215->0(211)
[2023-11-05T15:25:06.260+0000][40.790s][info ][gc,heap       ] GC(42) Survivor regions: 13->17(29)
[2023-11-05T15:25:06.261+0000][40.790s][info ][gc,heap       ] GC(42) Old regions: 57->57
[2023-11-05T15:25:06.262+0000][40.791s][info ][gc,heap       ] GC(42) Humongous regions: 0->0
[2023-11-05T15:25:06.262+0000][40.792s][info ][gc,metaspace  ] GC(42) Metaspace: 95488K(98472K)->95488K(98472K) NonClass: 83639K(85460K)->83639K(85460K) Class: 11848K(13012K)->11848K(13012K)
[2023-11-05T15:25:06.263+0000][40.792s][info ][gc            ] GC(42) Pause Young (Normal) (G1 Evacuation Pause) 283M->72M(381M) 60.553ms
[2023-11-05T15:25:06.263+0000][40.793s][info ][gc,cpu        ] GC(42) User=0.36s Sys=0.01s Real=0.06s
[2023-11-05T15:25:06.264+0000][40.793s][info ][safepoint     ] Leaving safepoint region
[2023-11-05T15:25:06.265+0000][40.794s][info ][safepoint     ] Total time for which application threads were stopped: 0.0634497 seconds, Stopping threads took: 0.0006604 seconds
[2023-11-05T15:25:06.265+0000][40.795s][info ][gc,stringdedup] Concurrent String Deduplication (40.795s)
[2023-11-05T15:25:06.269+0000][40.799s][info ][gc,stringdedup] Concurrent String Deduplication 264.3K->69528.0B(196.4K) avg 50.1% (40.795s, 40.799s) 3.854ms
[2023-11-05T15:25:06.872+0000][41.402s][debug][safepoint     ] Safepoint synchronization initiated. (28 threads)
[2023-11-05T15:25:06.873+0000][41.402s][info ][safepoint     ] Application time: 0.6078848 seconds
[2023-11-05T15:25:06.874+0000][41.403s][info ][safepoint     ] Entering safepoint region: ICBufferFull
[2023-11-05T15:25:06.875+0000][41.404s][info ][safepoint     ] Leaving safepoint region
[2023-11-05T15:25:06.875+0000][41.405s][info ][safepoint     ] Total time for which application threads were stopped: 0.0015514 seconds, Stopping threads took: 0.0005946 seconds
[2023-11-05T15:25:07.336+0000][41.866s][debug][safepoint     ] Safepoint synchronization initiated. (34 threads)
[2023-11-05T15:25:07.337+0000][41.867s][info ][safepoint     ] Application time: 0.4612949 seconds
[2023-11-05T15:25:07.341+0000][41.870s][info ][safepoint     ] Entering safepoint region: ICBufferFull
[2023-11-05T15:25:07.342+0000][41.872s][info ][safepoint     ] Leaving safepoint region
[2023-11-05T15:25:07.343+0000][41.872s][info ][safepoint     ] Total time for which application threads were stopped: 0.0020744 seconds, Stopping threads took: 0.0009525 seconds
[2023-11-05T15:25:07.653+0000][42.183s][debug][safepoint     ] Safepoint synchronization initiated. (35 threads)
[2023-11-05T15:25:07.656+0000][42.185s][info ][safepoint     ] Application time: 0.3120344 seconds
[2023-11-05T15:25:07.657+0000][42.186s][info ][safepoint     ] Entering safepoint region: Deoptimize
[2023-11-05T15:25:07.660+0000][42.189s][info ][safepoint     ] Leaving safepoint region
[2023-11-05T15:25:07.665+0000][42.194s][info ][safepoint     ] Total time for which application threads were stopped: 0.0083197 seconds, Stopping threads took: 0.0008186 seconds
[2023-11-05T15:25:07.846+0000][42.375s][debug][safepoint     ] Safepoint synchronization initiated. (35 threads)
[2023-11-05T15:25:07.847+0000][42.376s][info ][safepoint     ] Application time: 0.1811524 seconds
[2023-11-05T15:25:07.847+0000][42.376s][info ][safepoint     ] Entering safepoint region: Deoptimize
[2023-11-05T15:25:07.849+0000][42.379s][info ][safepoint     ] Leaving safepoint region
[2023-11-05T15:25:07.850+0000][42.379s][info ][safepoint     ] Total time for which application threads were stopped: 0.0025308 seconds, Stopping threads took: 0.0004776 seconds
[2023-11-05T15:25:08.324+0000][42.853s][debug][safepoint     ] Safepoint synchronization initiated. (35 threads)
[2023-11-05T15:25:08.324+0000][42.854s][info ][safepoint     ] Application time: 0.4744070 seconds
[2023-11-05T15:25:08.326+0000][42.855s][info ][safepoint     ] Entering safepoint region: G1CollectForAllocation
[2023-11-05T15:25:08.326+0000][42.856s][info ][gc,start      ] GC(43) Pause Young (Normal) (G1 Evacuation Pause)
[2023-11-05T15:25:08.327+0000][42.856s][info ][gc,task       ] GC(43) Using 8 workers of 8 for evacuation
[2023-11-05T15:25:08.356+0000][42.885s][info ][gc,phases     ] GC(43)   Pre Evacuate Collection Set: 0.0ms
[2023-11-05T15:25:08.357+0000][42.886s][info ][gc,phases     ] GC(43)   Evacuate Collection Set: 24.7ms
[2023-11-05T15:25:08.357+0000][42.886s][info ][gc,phases     ] GC(43)   Post Evacuate Collection Set: 3.8ms
[2023-11-05T15:25:08.358+0000][42.887s][info ][gc,phases     ] GC(43)   Other: 1.1ms
[2023-11-05T15:25:08.358+0000][42.887s][info ][gc,heap       ] GC(43) Eden regions: 211->0(210)
[2023-11-05T15:25:08.359+0000][42.888s][info ][gc,heap       ] GC(43) Survivor regions: 17->18(29)
[2023-11-05T15:25:08.359+0000][42.888s][info ][gc,heap       ] GC(43) Old regions: 57->61
[2023-11-05T15:25:08.359+0000][42.889s][info ][gc,heap       ] GC(43) Humongous regions: 0->0
[2023-11-05T15:25:08.360+0000][42.889s][info ][gc,metaspace  ] GC(43) Metaspace: 98135K(101032K)->98135K(101032K) NonClass: 86013K(87764K)->86013K(87764K) Class: 12122K(13268K)->12122K(13268K)
[2023-11-05T15:25:08.360+0000][42.890s][info ][gc            ] GC(43) Pause Young (Normal) (G1 Evacuation Pause) 283M->77M(381M) 34.053ms
[2023-11-05T15:25:08.361+0000][42.890s][info ][gc,cpu        ] GC(43) User=0.22s Sys=0.00s Real=0.04s
[2023-11-05T15:25:08.361+0000][42.891s][info ][safepoint     ] Leaving safepoint region
[2023-11-05T15:25:08.362+0000][42.891s][info ][safepoint     ] Total time for which application threads were stopped: 0.0362415 seconds, Stopping threads took: 0.0005123 seconds
[2023-11-05T15:25:08.363+0000][42.892s][info ][gc,stringdedup] Concurrent String Deduplication (42.892s)
[2023-11-05T15:25:08.367+0000][42.896s][info ][gc,stringdedup] Concurrent String Deduplication 323.1K->108.5K(214.6K) avg 50.5% (42.892s, 42.896s) 4.504ms
[2023-11-05T15:25:08.627+0000][43.157s][debug][safepoint     ] Safepoint synchronization initiated. (35 threads)
[2023-11-05T15:25:08.628+0000][43.157s][info ][safepoint     ] Application time: 0.2656152 seconds
[2023-11-05T15:25:08.629+0000][43.158s][info ][safepoint     ] Entering safepoint region: Deoptimize
[2023-11-05T15:25:08.631+0000][43.160s][info ][safepoint     ] Leaving safepoint region
[2023-11-05T15:25:08.632+0000][43.161s][info ][safepoint     ] Total time for which application threads were stopped: 0.0029331 seconds, Stopping threads took: 0.0005153 seconds
[2023-11-05T15:25:08.678+0000][43.207s][debug][safepoint     ] Safepoint synchronization initiated. (35 threads)
[2023-11-05T15:25:08.679+0000][43.208s][info ][safepoint     ] Application time: 0.0464920 seconds
[2023-11-05T15:25:08.679+0000][43.209s][info ][safepoint     ] Entering safepoint region: ICBufferFull
[2023-11-05T15:25:08.680+0000][43.210s][info ][safepoint     ] Leaving safepoint region
[2023-11-05T15:25:08.681+0000][43.210s][info ][safepoint     ] Total time for which application threads were stopped: 0.0015300 seconds, Stopping threads took: 0.0005053 seconds
[2023-11-05T15:25:09.001+0000][43.531s][debug][safepoint     ] Safepoint synchronization initiated. (36 threads)
[2023-11-05T15:25:09.002+0000][43.531s][info ][safepoint     ] Application time: 0.3207459 seconds
[2023-11-05T15:25:09.003+0000][43.532s][info ][safepoint     ] Entering safepoint region: Deoptimize
[2023-11-05T15:25:09.005+0000][43.534s][info ][safepoint     ] Leaving safepoint region
[2023-11-05T15:25:09.005+0000][43.534s][info ][safepoint     ] Total time for which application threads were stopped: 0.0026221 seconds, Stopping threads took: 0.0004966 seconds
[2023-11-05T15:25:09.675+0000][44.204s][debug][safepoint     ] Safepoint synchronization initiated. (39 threads)
[2023-11-05T15:25:09.676+0000][44.206s][info ][safepoint     ] Application time: 0.6705772 seconds
[2023-11-05T15:25:09.677+0000][44.206s][info ][safepoint     ] Entering safepoint region: G1CollectForAllocation
[2023-11-05T15:25:09.681+0000][44.211s][info ][gc,start      ] GC(44) Pause Young (Normal) (G1 Evacuation Pause)
[2023-11-05T15:25:09.682+0000][44.211s][info ][gc,task       ] GC(44) Using 8 workers of 8 for evacuation
[2023-11-05T15:25:09.737+0000][44.266s][info ][gc,phases     ] GC(44)   Pre Evacuate Collection Set: 0.0ms
[2023-11-05T15:25:09.738+0000][44.267s][info ][gc,phases     ] GC(44)   Evacuate Collection Set: 46.5ms
[2023-11-05T15:25:09.738+0000][44.268s][info ][gc,phases     ] GC(44)   Post Evacuate Collection Set: 6.5ms
[2023-11-05T15:25:09.739+0000][44.268s][info ][gc,phases     ] GC(44)   Other: 2.6ms
[2023-11-05T15:25:09.739+0000][44.269s][info ][gc,heap       ] GC(44) Eden regions: 210->0(210)
[2023-11-05T15:25:09.740+0000][44.269s][info ][gc,heap       ] GC(44) Survivor regions: 18->18(29)
[2023-11-05T15:25:09.741+0000][44.270s][info ][gc,heap       ] GC(44) Old regions: 61->65
[2023-11-05T15:25:09.741+0000][44.271s][info ][gc,heap       ] GC(44) Humongous regions: 1->0
[2023-11-05T15:25:09.742+0000][44.271s][info ][gc,metaspace  ] GC(44) Metaspace: 103147K(106280K)->103147K(106280K) NonClass: 90605K(92628K)->90605K(92628K) Class: 12542K(13652K)->12542K(13652K)
[2023-11-05T15:25:09.743+0000][44.272s][info ][gc            ] GC(44) Pause Young (Normal) (G1 Evacuation Pause) 288M->81M(381M) 61.527ms
[2023-11-05T15:25:09.743+0000][44.273s][info ][gc,cpu        ] GC(44) User=0.38s Sys=0.03s Real=0.06s
[2023-11-05T15:25:09.744+0000][44.273s][info ][safepoint     ] Leaving safepoint region
[2023-11-05T15:25:09.744+0000][44.274s][info ][safepoint     ] Total time for which application threads were stopped: 0.0674268 seconds, Stopping threads took: 0.0038988 seconds
[2023-11-05T15:25:09.745+0000][44.274s][info ][gc,stringdedup] Concurrent String Deduplication (44.274s)
[2023-11-05T15:25:09.761+0000][44.290s][info ][gc,stringdedup] Concurrent String Deduplication 620.8K->430.5K(190.3K) avg 49.5% (44.274s, 44.290s) 15.914ms
[2023-11-05T15:25:10.281+0000][44.811s][debug][safepoint     ] Safepoint synchronization initiated. (40 threads)
[2023-11-05T15:25:10.282+0000][44.811s][info ][safepoint     ] Application time: 0.5370378 seconds
[2023-11-05T15:25:10.283+0000][44.812s][info ][safepoint     ] Entering safepoint region: ICBufferFull
[2023-11-05T15:25:10.283+0000][44.813s][info ][safepoint     ] Leaving safepoint region
[2023-11-05T15:25:10.284+0000][44.813s][info ][safepoint     ] Total time for which application threads were stopped: 0.0014280 seconds, Stopping threads took: 0.0005195 seconds
[2023-11-05T15:25:11.285+0000][45.814s][debug][safepoint     ] Safepoint synchronization initiated. (40 threads)
[2023-11-05T15:25:11.285+0000][45.815s][info ][safepoint     ] Application time: 1.0008683 seconds
[2023-11-05T15:25:11.286+0000][45.815s][debug][safepoint     ] ... found polling page loop exception at pc = 0x00007f808ca1c8b0, stub =0x00007f8084843680
[2023-11-05T15:25:11.287+0000][45.816s][debug][safepoint     ] Waiting for 1 thread(s) to block
[2023-11-05T15:25:11.287+0000][45.817s][info ][safepoint     ] Entering safepoint region: Cleanup
[2023-11-05T15:25:11.288+0000][45.818s][info ][safepoint     ] Leaving safepoint region
[2023-11-05T15:25:11.289+0000][45.818s][info ][safepoint     ] Total time for which application threads were stopped: 0.0027939 seconds, Stopping threads took: 0.0019091 seconds
[2023-11-05T15:25:11.324+0000][45.853s][debug][safepoint     ] Safepoint synchronization initiated. (40 threads)
[2023-11-05T15:25:11.324+0000][45.854s][info ][safepoint     ] Application time: 0.0349587 seconds
[2023-11-05T15:25:11.325+0000][45.854s][info ][safepoint     ] Entering safepoint region: Deoptimize
[2023-11-05T15:25:11.327+0000][45.857s][info ][safepoint     ] Leaving safepoint region
[2023-11-05T15:25:11.328+0000][45.857s][info ][safepoint     ] Total time for which application threads were stopped: 0.0030513 seconds, Stopping threads took: 0.0005701 seconds
[2023-11-05T15:25:11.435+0000][45.964s][debug][safepoint     ] Safepoint synchronization initiated. (40 threads)
[2023-11-05T15:25:11.436+0000][45.965s][info ][safepoint     ] Application time: 0.1071128 seconds
[2023-11-05T15:25:11.436+0000][45.966s][info ][safepoint     ] Entering safepoint region: G1CollectForAllocation
[2023-11-05T15:25:11.438+0000][45.967s][info ][gc,start      ] GC(45) Pause Young (Normal) (G1 Evacuation Pause)
[2023-11-05T15:25:11.444+0000][45.973s][info ][gc,task       ] GC(45) Using 8 workers of 8 for evacuation
[2023-11-05T15:25:11.492+0000][46.021s][info ][gc,phases     ] GC(45)   Pre Evacuate Collection Set: 0.0ms
[2023-11-05T15:25:11.498+0000][46.027s][info ][gc,phases     ] GC(45)   Evacuate Collection Set: 41.6ms
[2023-11-05T15:25:11.501+0000][46.030s][info ][gc,phases     ] GC(45)   Post Evacuate Collection Set: 4.5ms
[2023-11-05T15:25:11.502+0000][46.031s][info ][gc,phases     ] GC(45)   Other: 8.5ms
[2023-11-05T15:25:11.503+0000][46.032s][info ][gc,heap       ] GC(45) Eden regions: 210->0(208)
[2023-11-05T15:25:11.506+0000][46.035s][info ][gc,heap       ] GC(45) Survivor regions: 18->20(29)
[2023-11-05T15:25:11.509+0000][46.038s][info ][gc,heap       ] GC(45) Old regions: 65->69
[2023-11-05T15:25:11.511+0000][46.041s][info ][gc,heap       ] GC(45) Humongous regions: 0->0
[2023-11-05T15:25:11.514+0000][46.044s][info ][gc,metaspace  ] GC(45) Metaspace: 104952K(108072K)->104952K(108072K) NonClass: 92240K(94164K)->92240K(94164K) Class: 12712K(13908K)->12712K(13908K)
[2023-11-05T15:25:11.516+0000][46.046s][info ][gc            ] GC(45) Pause Young (Normal) (G1 Evacuation Pause) 291M->87M(381M) 78.777ms
[2023-11-05T15:25:11.518+0000][46.047s][info ][gc,cpu        ] GC(45) User=0.33s Sys=0.00s Real=0.08s
[2023-11-05T15:25:11.519+0000][46.048s][info ][safepoint     ] Leaving safepoint region
[2023-11-05T15:25:11.520+0000][46.049s][info ][safepoint     ] Total time for which application threads were stopped: 0.0830958 seconds, Stopping threads took: 0.0008597 seconds
[2023-11-05T15:25:11.520+0000][46.050s][info ][gc,stringdedup] Concurrent String Deduplication (46.050s)
[2023-11-05T15:25:11.535+0000][46.065s][info ][gc,stringdedup] Concurrent String Deduplication 417.0K->129.6K(287.4K) avg 50.1% (46.050s, 46.065s) 15.138ms
[2023-11-05T15:25:11.581+0000][46.110s][debug][safepoint     ] Safepoint synchronization initiated. (38 threads)
[2023-11-05T15:25:11.582+0000][46.111s][info ][safepoint     ] Application time: 0.0618225 seconds
[2023-11-05T15:25:11.583+0000][46.112s][info ][safepoint     ] Entering safepoint region: Deoptimize
[2023-11-05T15:25:11.585+0000][46.114s][info ][safepoint     ] Leaving safepoint region
[2023-11-05T15:25:11.586+0000][46.115s][info ][safepoint     ] Total time for which application threads were stopped: 0.0032602 seconds, Stopping threads took: 0.0006148 seconds
[2023-11-05T15:25:12.587+0000][47.116s][debug][safepoint     ] Safepoint synchronization initiated. (43 threads)
[2023-11-05T15:25:12.587+0000][47.117s][info ][safepoint     ] Application time: 1.0009720 seconds
[2023-11-05T15:25:12.588+0000][47.117s][debug][safepoint     ] Waiting for 1 thread(s) to block
[2023-11-05T15:25:12.589+0000][47.118s][info ][safepoint     ] Entering safepoint region: Cleanup
[2023-11-05T15:25:12.589+0000][47.119s][info ][safepoint     ] Leaving safepoint region
[2023-11-05T15:25:12.590+0000][47.119s][info ][safepoint     ] Total time for which application threads were stopped: 0.0019436 seconds, Stopping threads took: 0.0011839 seconds
[2023-11-05T15:25:12.950+0000][47.479s][debug][safepoint     ] Safepoint synchronization initiated. (42 threads)
[2023-11-05T15:25:12.951+0000][47.480s][info ][safepoint     ] Application time: 0.3601401 seconds
[2023-11-05T15:25:12.951+0000][47.480s][info ][safepoint     ] Entering safepoint region: CollectForMetadataAllocation
[2023-11-05T15:25:12.952+0000][47.481s][info ][gc,start      ] GC(46) Pause Young (Concurrent Start) (Metadata GC Threshold)
[2023-11-05T15:25:12.953+0000][47.482s][info ][gc,task       ] GC(46) Using 8 workers of 8 for evacuation
[2023-11-05T15:25:12.991+0000][47.520s][info ][gc,phases     ] GC(46)   Pre Evacuate Collection Set: 0.5ms
[2023-11-05T15:25:12.991+0000][47.521s][info ][gc,phases     ] GC(46)   Evacuate Collection Set: 33.5ms
[2023-11-05T15:25:12.992+0000][47.521s][info ][gc,phases     ] GC(46)   Post Evacuate Collection Set: 3.4ms
[2023-11-05T15:25:12.992+0000][47.522s][info ][gc,phases     ] GC(46)   Other: 1.3ms
[2023-11-05T15:25:12.993+0000][47.522s][info ][gc,heap       ] GC(46) Eden regions: 118->0(211)
[2023-11-05T15:25:12.993+0000][47.523s][info ][gc,heap       ] GC(46) Survivor regions: 20->17(29)
[2023-11-05T15:25:12.994+0000][47.523s][info ][gc,heap       ] GC(46) Old regions: 69->73
[2023-11-05T15:25:12.994+0000][47.524s][info ][gc,heap       ] GC(46) Humongous regions: 0->0
[2023-11-05T15:25:12.995+0000][47.524s][info ][gc,metaspace  ] GC(46) Metaspace: 108077K(111144K)->108077K(111144K) NonClass: 95049K(96980K)->95049K(96980K) Class: 13028K(14164K)->13028K(14164K)
[2023-11-05T15:25:12.995+0000][47.525s][info ][gc            ] GC(46) Pause Young (Concurrent Start) (Metadata GC Threshold) 205M->88M(381M) 43.363ms
[2023-11-05T15:25:12.996+0000][47.525s][info ][gc,cpu        ] GC(46) User=0.25s Sys=0.00s Real=0.04s
[2023-11-05T15:25:12.996+0000][47.526s][info ][gc            ] GC(47) Concurrent Cycle
[2023-11-05T15:25:12.997+0000][47.526s][info ][safepoint     ] Leaving safepoint region
[2023-11-05T15:25:12.998+0000][47.527s][info ][safepoint     ] Total time for which application threads were stopped: 0.0465855 seconds, Stopping threads took: 0.0005420 seconds
[2023-11-05T15:25:12.997+0000][47.526s][info ][gc,marking    ] GC(47) Concurrent Clear Claimed Marks
[2023-11-05T15:25:12.998+0000][47.528s][info ][gc,stringdedup] Concurrent String Deduplication (47.528s)
[2023-11-05T15:25:13.000+0000][47.529s][info ][gc,marking    ] GC(47) Concurrent Clear Claimed Marks 2.986ms
[2023-11-05T15:25:13.002+0000][47.531s][info ][gc,marking    ] GC(47) Concurrent Scan Root Regions
[2023-11-05T15:25:13.002+0000][47.531s][debug][safepoint     ] Safepoint synchronization initiated. (42 threads)
[2023-11-05T15:25:13.003+0000][47.532s][info ][safepoint     ] Application time: 0.0048772 seconds
[2023-11-05T15:25:13.004+0000][47.533s][info ][safepoint     ] Entering safepoint region: Deoptimize
[2023-11-05T15:25:13.006+0000][47.535s][info ][safepoint     ] Leaving safepoint region
[2023-11-05T15:25:13.007+0000][47.536s][info ][safepoint     ] Total time for which application threads were stopped: 0.0029982 seconds, Stopping threads took: 0.0007044 seconds
[2023-11-05T15:25:13.016+0000][47.545s][info ][gc,stringdedup] Concurrent String Deduplication 542.1K->387.6K(154.5K) avg 49.3% (47.528s, 47.545s) 12.213ms
[2023-11-05T15:25:13.022+0000][47.551s][info ][gc,marking    ] GC(47) Concurrent Scan Root Regions 19.878ms
[2023-11-05T15:25:13.022+0000][47.552s][info ][gc,marking    ] GC(47) Concurrent Mark (47.552s)
[2023-11-05T15:25:13.023+0000][47.553s][info ][gc,marking    ] GC(47) Concurrent Mark From Roots
[2023-11-05T15:25:13.024+0000][47.553s][info ][gc,task       ] GC(47) Using 2 workers of 2 for marking
[2023-11-05T15:25:13.160+0000][47.689s][info ][gc,marking    ] GC(47) Concurrent Mark From Roots 136.794ms
[2023-11-05T15:25:13.161+0000][47.690s][info ][gc,marking    ] GC(47) Concurrent Preclean
[2023-11-05T15:25:13.161+0000][47.691s][info ][gc,marking    ] GC(47) Concurrent Preclean 0.694ms
[2023-11-05T15:25:13.162+0000][47.691s][info ][gc,marking    ] GC(47) Concurrent Mark (47.552s, 47.691s) 139.586ms
[2023-11-05T15:25:13.163+0000][47.692s][debug][safepoint     ] Safepoint synchronization initiated. (42 threads)
[2023-11-05T15:25:13.163+0000][47.693s][info ][safepoint     ] Application time: 0.1560285 seconds
[2023-11-05T15:25:13.164+0000][47.693s][debug][safepoint     ] ... found polling page return exception at pc = 0x00007f808cde8e69, stub =0x00007f8084840600
[2023-11-05T15:25:13.164+0000][47.694s][debug][safepoint     ] Waiting for 1 thread(s) to block
[2023-11-05T15:25:13.165+0000][47.694s][info ][safepoint     ] Entering safepoint region: CGC_Operation
[2023-11-05T15:25:13.166+0000][47.695s][info ][gc,start      ] GC(47) Pause Remark
[2023-11-05T15:25:13.186+0000][47.716s][info ][gc,stringtable] GC(47) Cleaned string and symbol table, strings: 53321 processed, 81 removed, symbols: 305460 processed, 361 removed
[2023-11-05T15:25:13.187+0000][47.717s][info ][gc            ] GC(47) Pause Remark 99M->99M(381M) 21.694ms
[2023-11-05T15:25:13.188+0000][47.717s][info ][gc,cpu        ] GC(47) User=0.13s Sys=0.00s Real=0.02s
[2023-11-05T15:25:13.188+0000][47.718s][info ][safepoint     ] Leaving safepoint region
[2023-11-05T15:25:13.189+0000][47.718s][info ][safepoint     ] Total time for which application threads were stopped: 0.0250243 seconds, Stopping threads took: 0.0015819 seconds
[2023-11-05T15:25:13.189+0000][47.719s][info ][gc,marking    ] GC(47) Concurrent Rebuild Remembered Sets
[2023-11-05T15:25:13.291+0000][47.820s][info ][gc,marking    ] GC(47) Concurrent Rebuild Remembered Sets 101.047ms
[2023-11-05T15:25:13.292+0000][47.821s][debug][safepoint     ] Safepoint synchronization initiated. (42 threads)
[2023-11-05T15:25:13.293+0000][47.822s][info ][safepoint     ] Application time: 0.1035893 seconds
[2023-11-05T15:25:13.294+0000][47.823s][debug][safepoint     ] ... found polling page return exception at pc = 0x00007f8086a2e95f, stub =0x00007f8084840600
[2023-11-05T15:25:13.294+0000][47.824s][debug][safepoint     ] Waiting for 1 thread(s) to block
[2023-11-05T15:25:13.295+0000][47.825s][info ][safepoint     ] Entering safepoint region: CGC_Operation
[2023-11-05T15:25:13.297+0000][47.826s][info ][gc,start      ] GC(47) Pause Cleanup
[2023-11-05T15:25:13.298+0000][47.827s][info ][gc            ] GC(47) Pause Cleanup 100M->100M(381M) 0.894ms
[2023-11-05T15:25:13.298+0000][47.828s][info ][gc,cpu        ] GC(47) User=0.00s Sys=0.00s Real=0.00s
[2023-11-05T15:25:13.299+0000][47.828s][info ][safepoint     ] Leaving safepoint region
[2023-11-05T15:25:13.299+0000][47.829s][info ][safepoint     ] Total time for which application threads were stopped: 0.0058079 seconds, Stopping threads took: 0.0028995 seconds
[2023-11-05T15:25:13.300+0000][47.830s][info ][gc,marking    ] GC(47) Concurrent Cleanup for Next Mark
[2023-11-05T15:25:13.303+0000][47.832s][info ][gc,marking    ] GC(47) Concurrent Cleanup for Next Mark 2.401ms
[2023-11-05T15:25:13.303+0000][47.833s][info ][gc            ] GC(47) Concurrent Cycle 306.966ms
[2023-11-05T15:25:13.650+0000][48.179s][debug][safepoint     ] Safepoint synchronization initiated. (42 threads)
[2023-11-05T15:25:13.650+0000][48.180s][info ][safepoint     ] Application time: 0.3504681 seconds
[2023-11-05T15:25:13.651+0000][48.180s][info ][safepoint     ] Entering safepoint region: ICBufferFull
[2023-11-05T15:25:13.652+0000][48.181s][info ][safepoint     ] Leaving safepoint region
[2023-11-05T15:25:13.653+0000][48.182s][info ][safepoint     ] Total time for which application threads were stopped: 0.0015189 seconds, Stopping threads took: 0.0005556 seconds
[2023-11-05T15:25:14.653+0000][49.183s][debug][safepoint     ] Safepoint synchronization initiated. (44 threads)
[2023-11-05T15:25:14.654+0000][49.184s][info ][safepoint     ] Application time: 1.0011503 seconds
[2023-11-05T15:25:14.657+0000][49.186s][debug][safepoint     ] ... found polling page return exception at pc = 0x00007f80854f37d1, stub =0x00007f8084840600
[2023-11-05T15:25:14.657+0000][49.187s][debug][safepoint     ] Waiting for 1 thread(s) to block
[2023-11-05T15:25:14.658+0000][49.187s][info ][safepoint     ] Entering safepoint region: Cleanup
[2023-11-05T15:25:14.659+0000][49.188s][info ][safepoint     ] Leaving safepoint region
[2023-11-05T15:25:14.659+0000][49.189s][info ][safepoint     ] Total time for which application threads were stopped: 0.0028754 seconds, Stopping threads took: 0.0018402 seconds
[2023-11-05T15:25:15.058+0000][49.588s][debug][safepoint     ] Safepoint synchronization initiated. (44 threads)
[2023-11-05T15:25:15.059+0000][49.588s][info ][safepoint     ] Application time: 0.3989796 seconds
[2023-11-05T15:25:15.059+0000][49.589s][info ][safepoint     ] Entering safepoint region: Deoptimize
[2023-11-05T15:25:15.063+0000][49.593s][info ][safepoint     ] Leaving safepoint region
[2023-11-05T15:25:15.064+0000][49.593s][info ][safepoint     ] Total time for which application threads were stopped: 0.0044382 seconds, Stopping threads took: 0.0005440 seconds
[2023-11-05T15:25:15.204+0000][49.733s][debug][safepoint     ] Safepoint synchronization initiated. (44 threads)
[2023-11-05T15:25:15.204+0000][49.734s][info ][safepoint     ] Application time: 0.1398419 seconds
[2023-11-05T15:25:15.205+0000][49.734s][info ][safepoint     ] Entering safepoint region: Deoptimize
[2023-11-05T15:25:15.207+0000][49.737s][info ][safepoint     ] Leaving safepoint region
[2023-11-05T15:25:15.208+0000][49.737s][info ][safepoint     ] Total time for which application threads were stopped: 0.0029622 seconds, Stopping threads took: 0.0005604 seconds
[2023-11-05T15:25:15.261+0000][49.790s][debug][safepoint     ] Safepoint synchronization initiated. (44 threads)
[2023-11-05T15:25:15.261+0000][49.791s][info ][safepoint     ] Application time: 0.0529028 seconds
[2023-11-05T15:25:15.262+0000][49.791s][info ][safepoint     ] Entering safepoint region: Deoptimize
[2023-11-05T15:25:15.266+0000][49.795s][info ][safepoint     ] Leaving safepoint region
[2023-11-05T15:25:15.266+0000][49.796s][info ][safepoint     ] Total time for which application threads were stopped: 0.0045682 seconds, Stopping threads took: 0.0005829 seconds
[2023-11-05T15:25:15.323+0000][49.852s][debug][safepoint     ] Safepoint synchronization initiated. (44 threads)
[2023-11-05T15:25:15.323+0000][49.853s][info ][safepoint     ] Application time: 0.0565753 seconds
[2023-11-05T15:25:15.324+0000][49.853s][info ][safepoint     ] Entering safepoint region: Deoptimize
[2023-11-05T15:25:15.327+0000][49.856s][info ][safepoint     ] Leaving safepoint region
[2023-11-05T15:25:15.327+0000][49.857s][info ][safepoint     ] Total time for which application threads were stopped: 0.0035857 seconds, Stopping threads took: 0.0004406 seconds
[2023-11-05T15:25:15.385+0000][49.914s][debug][safepoint     ] Safepoint synchronization initiated. (44 threads)
[2023-11-05T15:25:15.386+0000][49.915s][info ][safepoint     ] Application time: 0.0571696 seconds
[2023-11-05T15:25:15.386+0000][49.916s][info ][safepoint     ] Entering safepoint region: G1CollectForAllocation
[2023-11-05T15:25:15.387+0000][49.917s][info ][gc,start      ] GC(48) Pause Young (Normal) (G1 Evacuation Pause)
[2023-11-05T15:25:15.388+0000][49.917s][info ][gc,task       ] GC(48) Using 8 workers of 8 for evacuation
[2023-11-05T15:25:15.434+0000][49.963s][info ][gc,phases     ] GC(48)   Pre Evacuate Collection Set: 0.1ms
[2023-11-05T15:25:15.435+0000][49.964s][info ][gc,phases     ] GC(48)   Evacuate Collection Set: 38.8ms
[2023-11-05T15:25:15.435+0000][49.965s][info ][gc,phases     ] GC(48)   Post Evacuate Collection Set: 6.7ms
[2023-11-05T15:25:15.436+0000][49.965s][info ][gc,phases     ] GC(48)   Other: 1.3ms
[2023-11-05T15:25:15.436+0000][49.965s][info ][gc,heap       ] GC(48) Eden regions: 211->0(209)
[2023-11-05T15:25:15.437+0000][49.966s][info ][gc,heap       ] GC(48) Survivor regions: 17->19(29)
[2023-11-05T15:25:15.437+0000][49.966s][info ][gc,heap       ] GC(48) Old regions: 73->78
[2023-11-05T15:25:15.438+0000][49.967s][info ][gc,heap       ] GC(48) Humongous regions: 0->0
[2023-11-05T15:25:15.438+0000][49.967s][info ][gc,metaspace  ] GC(48) Metaspace: 115566K(118844K)->115566K(118844K) NonClass: 101772K(103784K)->101772K(103784K) Class: 13794K(15060K)->13794K(15060K)
[2023-11-05T15:25:15.439+0000][49.968s][info ][gc            ] GC(48) Pause Young (Normal) (G1 Evacuation Pause) 299M->95M(381M) 51.321ms
[2023-11-05T15:25:15.439+0000][49.968s][info ][gc,cpu        ] GC(48) User=0.37s Sys=0.01s Real=0.06s
[2023-11-05T15:25:15.440+0000][49.969s][info ][safepoint     ] Leaving safepoint region
[2023-11-05T15:25:15.440+0000][49.969s][info ][safepoint     ] Total time for which application threads were stopped: 0.0537506 seconds, Stopping threads took: 0.0007672 seconds
[2023-11-05T15:25:15.441+0000][49.970s][info ][gc,stringdedup] Concurrent String Deduplication (49.970s)
[2023-11-05T15:25:15.445+0000][49.974s][info ][gc,stringdedup] Concurrent String Deduplication 447.9K->125.7K(322.2K) avg 50.0% (49.970s, 49.974s) 4.549ms
[2023-11-05T15:25:15.605+0000][50.135s][debug][safepoint     ] Safepoint synchronization initiated. (43 threads)
[2023-11-05T15:25:15.606+0000][50.135s][info ][safepoint     ] Application time: 0.1655871 seconds
[2023-11-05T15:25:15.607+0000][50.136s][info ][safepoint     ] Entering safepoint region: Deoptimize
[2023-11-05T15:25:15.609+0000][50.138s][info ][safepoint     ] Leaving safepoint region
[2023-11-05T15:25:15.610+0000][50.139s][info ][safepoint     ] Total time for which application threads were stopped: 0.0030425 seconds, Stopping threads took: 0.0004926 seconds
[2023-11-05T15:25:15.612+0000][50.141s][debug][safepoint     ] Safepoint synchronization initiated. (43 threads)
[2023-11-05T15:25:15.613+0000][50.142s][info ][safepoint     ] Application time: 0.0025272 seconds
[2023-11-05T15:25:15.613+0000][50.142s][debug][safepoint     ] Waiting for 1 thread(s) to block
[2023-11-05T15:25:15.614+0000][50.143s][info ][safepoint     ] Entering safepoint region: Deoptimize
[2023-11-05T15:25:15.616+0000][50.145s][info ][safepoint     ] Leaving safepoint region
[2023-11-05T15:25:15.616+0000][50.146s][info ][safepoint     ] Total time for which application threads were stopped: 0.0031910 seconds, Stopping threads took: 0.0009607 seconds
[2023-11-05T15:25:16.617+0000][51.146s][debug][safepoint     ] Safepoint synchronization initiated. (44 threads)
[2023-11-05T15:25:16.618+0000][51.147s][info ][safepoint     ] Application time: 1.0008248 seconds
[2023-11-05T15:25:16.618+0000][51.147s][debug][safepoint     ] ... found polling page loop exception at pc = 0x00007f808c4a9bef, stub =0x00007f8084843680
[2023-11-05T15:25:16.619+0000][51.148s][debug][safepoint     ] Waiting for 1 thread(s) to block
[2023-11-05T15:25:16.619+0000][51.149s][info ][safepoint     ] Entering safepoint region: Cleanup
[2023-11-05T15:25:16.620+0000][51.150s][info ][safepoint     ] Leaving safepoint region
[2023-11-05T15:25:16.621+0000][51.150s][info ][safepoint     ] Total time for which application threads were stopped: 0.0025961 seconds, Stopping threads took: 0.0016051 seconds
[2023-11-05T15:25:16.667+0000][51.197s][debug][safepoint     ] Safepoint synchronization initiated. (44 threads)
[2023-11-05T15:25:16.668+0000][51.197s][info ][safepoint     ] Application time: 0.0465334 seconds
[2023-11-05T15:25:16.668+0000][51.198s][info ][safepoint     ] Entering safepoint region: Deoptimize
[2023-11-05T15:25:16.671+0000][51.200s][info ][safepoint     ] Leaving safepoint region
[2023-11-05T15:25:16.671+0000][51.201s][info ][safepoint     ] Total time for which application threads were stopped: 0.0029998 seconds, Stopping threads took: 0.0004910 seconds
[2023-11-05T15:25:17.013+0000][51.542s][debug][safepoint     ] Safepoint synchronization initiated. (44 threads)
[2023-11-05T15:25:17.013+0000][51.543s][info ][safepoint     ] Application time: 0.3414615 seconds
[2023-11-05T15:25:17.014+0000][51.543s][debug][safepoint     ] Waiting for 1 thread(s) to block
[2023-11-05T15:25:17.014+0000][51.544s][info ][safepoint     ] Entering safepoint region: G1CollectForAllocation
[2023-11-05T15:25:17.015+0000][51.544s][info ][gc,start      ] GC(49) Pause Young (Normal) (G1 Evacuation Pause)
[2023-11-05T15:25:17.016+0000][51.545s][info ][gc,task       ] GC(49) Using 8 workers of 8 for evacuation
[2023-11-05T15:25:17.047+0000][51.577s][info ][gc,phases     ] GC(49)   Pre Evacuate Collection Set: 0.0ms
[2023-11-05T15:25:17.048+0000][51.577s][info ][gc,phases     ] GC(49)   Evacuate Collection Set: 24.5ms
[2023-11-05T15:25:17.048+0000][51.578s][info ][gc,phases     ] GC(49)   Post Evacuate Collection Set: 6.5ms
[2023-11-05T15:25:17.049+0000][51.578s][info ][gc,phases     ] GC(49)   Other: 1.2ms
[2023-11-05T15:25:17.049+0000][51.579s][info ][gc,heap       ] GC(49) Eden regions: 209->0(210)
[2023-11-05T15:25:17.050+0000][51.579s][info ][gc,heap       ] GC(49) Survivor regions: 19->18(29)
[2023-11-05T15:25:17.050+0000][51.580s][info ][gc,heap       ] GC(49) Old regions: 78->83
[2023-11-05T15:25:17.051+0000][51.580s][info ][gc,heap       ] GC(49) Humongous regions: 0->0
[2023-11-05T15:25:17.051+0000][51.580s][info ][gc,metaspace  ] GC(49) Metaspace: 121619K(125244K)->121619K(125244K) NonClass: 107110K(109416K)->107110K(109416K) Class: 14508K(15828K)->14508K(15828K)
[2023-11-05T15:25:17.052+0000][51.581s][info ][gc            ] GC(49) Pause Young (Normal) (G1 Evacuation Pause) 304M->98M(381M) 36.487ms
[2023-11-05T15:25:17.052+0000][51.581s][info ][gc,cpu        ] GC(49) User=0.22s Sys=0.02s Real=0.04s
[2023-11-05T15:25:17.053+0000][51.582s][info ][safepoint     ] Leaving safepoint region
[2023-11-05T15:25:17.053+0000][51.582s][info ][safepoint     ] Total time for which application threads were stopped: 0.0391935 seconds, Stopping threads took: 0.0011217 seconds
[2023-11-05T15:25:17.054+0000][51.583s][info ][gc,stringdedup] Concurrent String Deduplication (51.583s)
[2023-11-05T15:25:17.058+0000][51.587s][info ][gc,stringdedup] Concurrent String Deduplication 262.5K->116.4K(146.2K) avg 50.1% (51.583s, 51.587s) 3.886ms
[2023-11-05T15:25:17.184+0000][51.713s][debug][safepoint     ] Safepoint synchronization initiated. (44 threads)
[2023-11-05T15:25:17.185+0000][51.714s][info ][safepoint     ] Application time: 0.1312822 seconds
[2023-11-05T15:25:17.185+0000][51.715s][info ][safepoint     ] Entering safepoint region: Deoptimize
[2023-11-05T15:25:17.188+0000][51.717s][info ][safepoint     ] Leaving safepoint region
[2023-11-05T15:25:17.188+0000][51.718s][info ][safepoint     ] Total time for which application threads were stopped: 0.0030068 seconds, Stopping threads took: 0.0005524 seconds
[2023-11-05T15:25:18.189+0000][52.718s][debug][safepoint     ] Safepoint synchronization initiated. (45 threads)
[2023-11-05T15:25:18.190+0000][52.719s][info ][safepoint     ] Application time: 1.0008759 seconds
[2023-11-05T15:25:18.190+0000][52.719s][debug][safepoint     ] Waiting for 1 thread(s) to block
[2023-11-05T15:25:18.191+0000][52.720s][info ][safepoint     ] Entering safepoint region: Cleanup
[2023-11-05T15:25:18.191+0000][52.721s][info ][safepoint     ] Leaving safepoint region
[2023-11-05T15:25:18.192+0000][52.721s][info ][safepoint     ] Total time for which application threads were stopped: 0.0017072 seconds, Stopping threads took: 0.0009798 seconds
[2023-11-05T15:25:18.641+0000][53.170s][debug][safepoint     ] Safepoint synchronization initiated. (49 threads)
[2023-11-05T15:25:18.642+0000][53.171s][info ][safepoint     ] Application time: 0.4495416 seconds
[2023-11-05T15:25:18.642+0000][53.172s][info ][safepoint     ] Entering safepoint region: G1CollectForAllocation
[2023-11-05T15:25:18.643+0000][53.173s][info ][gc,start      ] GC(50) Pause Young (Normal) (G1 Evacuation Pause)
[2023-11-05T15:25:18.644+0000][53.173s][info ][gc,task       ] GC(50) Using 8 workers of 8 for evacuation
[2023-11-05T15:25:18.685+0000][53.214s][info ][gc,phases     ] GC(50)   Pre Evacuate Collection Set: 0.0ms
[2023-11-05T15:25:18.686+0000][53.215s][info ][gc,phases     ] GC(50)   Evacuate Collection Set: 36.0ms
[2023-11-05T15:25:18.686+0000][53.215s][info ][gc,phases     ] GC(50)   Post Evacuate Collection Set: 4.7ms
[2023-11-05T15:25:18.687+0000][53.216s][info ][gc,phases     ] GC(50)   Other: 1.1ms
[2023-11-05T15:25:18.687+0000][53.216s][info ][gc,heap       ] GC(50) Eden regions: 210->0(206)
[2023-11-05T15:25:18.688+0000][53.217s][info ][gc,heap       ] GC(50) Survivor regions: 18->22(29)
[2023-11-05T15:25:18.688+0000][53.217s][info ][gc,heap       ] GC(50) Old regions: 83->88
[2023-11-05T15:25:18.689+0000][53.218s][info ][gc,heap       ] GC(50) Humongous regions: 0->0
[2023-11-05T15:25:18.689+0000][53.219s][info ][gc,metaspace  ] GC(50) Metaspace: 127437K(131004K)->127437K(131004K) NonClass: 112519K(114792K)->112519K(114792K) Class: 14917K(16212K)->14917K(16212K)
[2023-11-05T15:25:18.690+0000][53.219s][info ][gc            ] GC(50) Pause Young (Normal) (G1 Evacuation Pause) 308M->107M(381M) 46.910ms
[2023-11-05T15:25:18.691+0000][53.220s][info ][gc,cpu        ] GC(50) User=0.34s Sys=0.00s Real=0.05s
[2023-11-05T15:25:18.691+0000][53.221s][info ][safepoint     ] Leaving safepoint region
[2023-11-05T15:25:18.692+0000][53.221s][info ][safepoint     ] Total time for which application threads were stopped: 0.0492603 seconds, Stopping threads took: 0.0005374 seconds
[2023-11-05T15:25:18.692+0000][53.222s][info ][gc,stringdedup] Concurrent String Deduplication (53.222s)
[2023-11-05T15:25:18.702+0000][53.231s][info ][gc,stringdedup] Concurrent String Deduplication 565.7K->180.9K(384.7K) avg 50.8% (53.222s, 53.231s) 9.487ms
[2023-11-05T15:25:19.073+0000][53.603s][debug][safepoint     ] Safepoint synchronization initiated. (49 threads)
[2023-11-05T15:25:19.074+0000][53.603s][info ][safepoint     ] Application time: 0.3817764 seconds
[2023-11-05T15:25:19.075+0000][53.604s][info ][safepoint     ] Entering safepoint region: Deoptimize
[2023-11-05T15:25:19.078+0000][53.607s][info ][safepoint     ] Leaving safepoint region
[2023-11-05T15:25:19.079+0000][53.608s][info ][safepoint     ] Total time for which application threads were stopped: 0.0038110 seconds, Stopping threads took: 0.0006051 seconds
[2023-11-05T15:25:19.373+0000][53.903s][debug][safepoint     ] Safepoint synchronization initiated. (51 threads)
[2023-11-05T15:25:19.374+0000][53.903s][info ][safepoint     ] Application time: 0.2947422 seconds
[2023-11-05T15:25:19.375+0000][53.904s][info ][safepoint     ] Entering safepoint region: Deoptimize
[2023-11-05T15:25:19.377+0000][53.907s][info ][safepoint     ] Leaving safepoint region
[2023-11-05T15:25:19.378+0000][53.907s][info ][safepoint     ] Total time for which application threads were stopped: 0.0030836 seconds, Stopping threads took: 0.0007937 seconds
[2023-11-05T15:25:19.562+0000][54.091s][debug][safepoint     ] Safepoint synchronization initiated. (56 threads)
[2023-11-05T15:25:19.563+0000][54.092s][info ][safepoint     ] Application time: 0.1842897 seconds
[2023-11-05T15:25:19.563+0000][54.092s][info ][safepoint     ] Entering safepoint region: Deoptimize
[2023-11-05T15:25:19.565+0000][54.095s][info ][safepoint     ] Leaving safepoint region
[2023-11-05T15:25:19.566+0000][54.095s][info ][safepoint     ] Total time for which application threads were stopped: 0.0027594 seconds, Stopping threads took: 0.0004798 seconds
[2023-11-05T15:25:19.633+0000][54.163s][debug][safepoint     ] Safepoint synchronization initiated. (56 threads)
[2023-11-05T15:25:19.634+0000][54.163s][info ][safepoint     ] Application time: 0.0676102 seconds
[2023-11-05T15:25:19.634+0000][54.164s][debug][safepoint     ] Waiting for 1 thread(s) to block
[2023-11-05T15:25:19.635+0000][54.164s][info ][safepoint     ] Entering safepoint region: Deoptimize
[2023-11-05T15:25:19.638+0000][54.167s][info ][safepoint     ] Leaving safepoint region
[2023-11-05T15:25:19.638+0000][54.168s][info ][safepoint     ] Total time for which application threads were stopped: 0.0038366 seconds, Stopping threads took: 0.0012254 seconds
[2023-11-05T15:25:20.547+0000][55.077s][debug][safepoint     ] Safepoint synchronization initiated. (57 threads)
[2023-11-05T15:25:20.548+0000][55.077s][info ][safepoint     ] Application time: 0.9092281 seconds
[2023-11-05T15:25:20.548+0000][55.078s][info ][safepoint     ] Entering safepoint region: Deoptimize
[2023-11-05T15:25:20.551+0000][55.080s][info ][safepoint     ] Leaving safepoint region
[2023-11-05T15:25:20.551+0000][55.081s][info ][safepoint     ] Total time for which application threads were stopped: 0.0028295 seconds, Stopping threads took: 0.0005538 seconds
[2023-11-05T15:25:20.767+0000][55.297s][debug][safepoint     ] Safepoint synchronization initiated. (69 threads)
[2023-11-05T15:25:20.768+0000][55.297s][info ][safepoint     ] Application time: 0.2160693 seconds
[2023-11-05T15:25:20.768+0000][55.298s][info ][safepoint     ] Entering safepoint region: G1CollectForAllocation
[2023-11-05T15:25:20.769+0000][55.298s][info ][gc,start      ] GC(51) Pause Young (Normal) (G1 Evacuation Pause)
[2023-11-05T15:25:20.769+0000][55.299s][info ][gc,task       ] GC(51) Using 8 workers of 8 for evacuation
[2023-11-05T15:25:20.804+0000][55.334s][info ][gc,phases     ] GC(51)   Pre Evacuate Collection Set: 0.0ms
[2023-11-05T15:25:20.805+0000][55.334s][info ][gc,phases     ] GC(51)   Evacuate Collection Set: 26.5ms
[2023-11-05T15:25:20.805+0000][55.335s][info ][gc,phases     ] GC(51)   Post Evacuate Collection Set: 7.7ms
[2023-11-05T15:25:20.806+0000][55.335s][info ][gc,phases     ] GC(51)   Other: 1.1ms
[2023-11-05T15:25:20.806+0000][55.336s][info ][gc,heap       ] GC(51) Eden regions: 206->0(202)
[2023-11-05T15:25:20.807+0000][55.336s][info ][gc,heap       ] GC(51) Survivor regions: 22->19(29)
[2023-11-05T15:25:20.807+0000][55.337s][info ][gc,heap       ] GC(51) Old regions: 88->96
[2023-11-05T15:25:20.808+0000][55.337s][info ][gc,heap       ] GC(51) Humongous regions: 5->5
[2023-11-05T15:25:20.808+0000][55.337s][info ][gc,metaspace  ] GC(51) Metaspace: 138499K(142396K)->138499K(142396K) NonClass: 122343K(124776K)->122343K(124776K) Class: 16155K(17620K)->16155K(17620K)
[2023-11-05T15:25:20.809+0000][55.338s][info ][gc            ] GC(51) Pause Young (Normal) (G1 Evacuation Pause) 318M->117M(381M) 39.468ms
[2023-11-05T15:25:20.809+0000][55.338s][info ][gc,cpu        ] GC(51) User=0.24s Sys=0.01s Real=0.04s
[2023-11-05T15:25:20.809+0000][55.339s][info ][safepoint     ] Leaving safepoint region
[2023-11-05T15:25:20.810+0000][55.339s][info ][safepoint     ] Total time for which application threads were stopped: 0.0414694 seconds, Stopping threads took: 0.0004559 seconds
[2023-11-05T15:25:20.810+0000][55.340s][info ][gc,stringdedup] Concurrent String Deduplication (55.340s)
[2023-11-05T15:25:20.814+0000][55.343s][info ][gc,stringdedup] Concurrent String Deduplication 168.9K->52856.0B(117.3K) avg 51.0% (55.340s, 55.343s) 3.184ms
[2023-11-05T15:25:21.472+0000][56.001s][debug][safepoint     ] Safepoint synchronization initiated. (69 threads)
[2023-11-05T15:25:21.473+0000][56.002s][info ][safepoint     ] Application time: 0.6623764 seconds
[2023-11-05T15:25:21.473+0000][56.002s][info ][safepoint     ] Entering safepoint region: Deoptimize
[2023-11-05T15:25:21.475+0000][56.004s][info ][safepoint     ] Leaving safepoint region
[2023-11-05T15:25:21.476+0000][56.005s][info ][safepoint     ] Total time for which application threads were stopped: 0.0025977 seconds, Stopping threads took: 0.0003661 seconds
[2023-11-05T15:25:21.476+0000][56.006s][debug][safepoint     ] Safepoint synchronization initiated. (69 threads)
[2023-11-05T15:25:21.477+0000][56.006s][info ][safepoint     ] Application time: 0.0007135 seconds
[2023-11-05T15:25:21.477+0000][56.007s][info ][safepoint     ] Entering safepoint region: Deoptimize
[2023-11-05T15:25:21.479+0000][56.009s][info ][safepoint     ] Leaving safepoint region
[2023-11-05T15:25:21.480+0000][56.009s][info ][safepoint     ] Total time for which application threads were stopped: 0.0025815 seconds, Stopping threads took: 0.0004121 seconds
[2023-11-05T15:25:21.482+0000][56.011s][debug][safepoint     ] Safepoint synchronization initiated. (69 threads)
[2023-11-05T15:25:21.482+0000][56.012s][info ][safepoint     ] Application time: 0.0021668 seconds
[2023-11-05T15:25:21.483+0000][56.012s][info ][safepoint     ] Entering safepoint region: Deoptimize
[2023-11-05T15:25:21.485+0000][56.014s][info ][safepoint     ] Leaving safepoint region
[2023-11-05T15:25:21.486+0000][56.015s][info ][safepoint     ] Total time for which application threads were stopped: 0.0027230 seconds, Stopping threads took: 0.0004620 seconds
[2023-11-05T15:25:21.515+0000][56.044s][debug][safepoint     ] Safepoint synchronization initiated. (69 threads)
[2023-11-05T15:25:21.515+0000][56.045s][info ][safepoint     ] Application time: 0.0293691 seconds
[2023-11-05T15:25:21.516+0000][56.045s][debug][safepoint     ] ... found polling page return exception at pc = 0x00007f808ce20d6d, stub =0x00007f8084840600
[2023-11-05T15:25:21.516+0000][56.046s][debug][safepoint     ] Waiting for 1 thread(s) to block
[2023-11-05T15:25:21.517+0000][56.046s][info ][safepoint     ] Entering safepoint region: Deoptimize
[2023-11-05T15:25:21.519+0000][56.048s][info ][safepoint     ] Leaving safepoint region
[2023-11-05T15:25:21.519+0000][56.049s][info ][safepoint     ] Total time for which application threads were stopped: 0.0036242 seconds, Stopping threads took: 0.0013043 seconds
[2023-11-05T15:25:21.779+0000][56.309s][debug][safepoint     ] Safepoint synchronization initiated. (69 threads)
[2023-11-05T15:25:21.780+0000][56.310s][info ][safepoint     ] Application time: 0.2602693 seconds
[2023-11-05T15:25:21.781+0000][56.310s][info ][safepoint     ] Entering safepoint region: Deoptimize
[2023-11-05T15:25:21.784+0000][56.313s][info ][safepoint     ] Leaving safepoint region
[2023-11-05T15:25:21.784+0000][56.313s][info ][safepoint     ] Total time for which application threads were stopped: 0.0033372 seconds, Stopping threads took: 0.0006036 seconds
[2023-11-05T15:25:22.002+0000][56.532s][debug][safepoint     ] Safepoint synchronization initiated. (69 threads)
[2023-11-05T15:25:22.003+0000][56.533s][info ][safepoint     ] Application time: 0.2187034 seconds
[2023-11-05T15:25:22.004+0000][56.533s][info ][safepoint     ] Entering safepoint region: G1CollectForAllocation
[2023-11-05T15:25:22.004+0000][56.534s][info ][gc,start      ] GC(52) Pause Young (Normal) (G1 Evacuation Pause)
[2023-11-05T15:25:22.005+0000][56.534s][info ][gc,task       ] GC(52) Using 8 workers of 8 for evacuation
[2023-11-05T15:25:22.038+0000][56.567s][info ][gc,phases     ] GC(52)   Pre Evacuate Collection Set: 0.0ms
[2023-11-05T15:25:22.039+0000][56.568s][info ][gc,phases     ] GC(52)   Evacuate Collection Set: 27.9ms
[2023-11-05T15:25:22.039+0000][56.569s][info ][gc,phases     ] GC(52)   Post Evacuate Collection Set: 4.7ms
[2023-11-05T15:25:22.040+0000][56.569s][info ][gc,phases     ] GC(52)   Other: 1.2ms
[2023-11-05T15:25:22.040+0000][56.570s][info ][gc,heap       ] GC(52) Eden regions: 202->0(197)
[2023-11-05T15:25:22.041+0000][56.570s][info ][gc,heap       ] GC(52) Survivor regions: 19->20(28)
[2023-11-05T15:25:22.041+0000][56.571s][info ][gc,heap       ] GC(52) Old regions: 96->100
[2023-11-05T15:25:22.042+0000][56.571s][info ][gc,heap       ] GC(52) Humongous regions: 5->5
[2023-11-05T15:25:22.042+0000][56.572s][info ][gc,metaspace  ] GC(52) Metaspace: 140641K(144444K)->140641K(144444K) NonClass: 124226K(126568K)->124226K(126568K) Class: 16414K(17876K)->16414K(17876K)
[2023-11-05T15:25:22.043+0000][56.572s][info ][gc            ] GC(52) Pause Young (Normal) (G1 Evacuation Pause) 319M->122M(381M) 38.564ms
[2023-11-05T15:25:22.043+0000][56.573s][info ][gc,cpu        ] GC(52) User=0.25s Sys=0.01s Real=0.04s
[2023-11-05T15:25:22.044+0000][56.573s][info ][safepoint     ] Leaving safepoint region
[2023-11-05T15:25:22.044+0000][56.574s][info ][safepoint     ] Total time for which application threads were stopped: 0.0407000 seconds, Stopping threads took: 0.0004378 seconds
[2023-11-05T15:25:22.045+0000][56.574s][info ][gc,stringdedup] Concurrent String Deduplication (56.574s)
[2023-11-05T15:25:22.050+0000][56.580s][info ][gc,stringdedup] Concurrent String Deduplication 505.4K->78800.0B(428.5K) avg 52.1% (56.574s, 56.580s) 5.609ms
[2023-11-05T15:25:22.968+0000][57.498s][debug][safepoint     ] Safepoint synchronization initiated. (69 threads)
[2023-11-05T15:25:22.969+0000][57.498s][info ][safepoint     ] Application time: 0.9241947 seconds
[2023-11-05T15:25:22.970+0000][57.499s][info ][safepoint     ] Entering safepoint region: Deoptimize
[2023-11-05T15:25:22.972+0000][57.501s][info ][safepoint     ] Leaving safepoint region
[2023-11-05T15:25:22.973+0000][57.502s][info ][safepoint     ] Total time for which application threads were stopped: 0.0031199 seconds, Stopping threads took: 0.0005106 seconds
[2023-11-05T15:25:23.007+0000][57.536s][debug][safepoint     ] Safepoint synchronization initiated. (69 threads)
[2023-11-05T15:25:23.008+0000][57.537s][info ][safepoint     ] Application time: 0.0344588 seconds
[2023-11-05T15:25:23.008+0000][57.537s][info ][safepoint     ] Entering safepoint region: Deoptimize
[2023-11-05T15:25:23.010+0000][57.540s][info ][safepoint     ] Leaving safepoint region
[2023-11-05T15:25:23.011+0000][57.540s][info ][safepoint     ] Total time for which application threads were stopped: 0.0028121 seconds, Stopping threads took: 0.0004308 seconds
[2023-11-05T15:25:23.195+0000][57.724s][debug][safepoint     ] Safepoint synchronization initiated. (69 threads)
[2023-11-05T15:25:23.195+0000][57.725s][info ][safepoint     ] Application time: 0.1839696 seconds
[2023-11-05T15:25:23.196+0000][57.725s][info ][safepoint     ] Entering safepoint region: G1CollectForAllocation
[2023-11-05T15:25:23.197+0000][57.726s][info ][gc,start      ] GC(53) Pause Young (Normal) (G1 Evacuation Pause)
[2023-11-05T15:25:23.197+0000][57.727s][info ][gc,task       ] GC(53) Using 8 workers of 8 for evacuation
[2023-11-05T15:25:23.243+0000][57.772s][info ][gc,phases     ] GC(53)   Pre Evacuate Collection Set: 0.0ms
[2023-11-05T15:25:23.244+0000][57.773s][info ][gc,phases     ] GC(53)   Evacuate Collection Set: 40.1ms
[2023-11-05T15:25:23.244+0000][57.774s][info ][gc,phases     ] GC(53)   Post Evacuate Collection Set: 5.0ms
[2023-11-05T15:25:23.245+0000][57.774s][info ][gc,phases     ] GC(53)   Other: 1.3ms
[2023-11-05T15:25:23.246+0000][57.775s][info ][gc,heap       ] GC(53) Eden regions: 197->0(200)
[2023-11-05T15:25:23.246+0000][57.775s][info ][gc,heap       ] GC(53) Survivor regions: 20->13(28)
[2023-11-05T15:25:23.247+0000][57.776s][info ][gc,heap       ] GC(53) Old regions: 100->108
[2023-11-05T15:25:23.247+0000][57.777s][info ][gc,heap       ] GC(53) Humongous regions: 5->5
[2023-11-05T15:25:23.248+0000][57.777s][info ][gc,metaspace  ] GC(53) Metaspace: 142727K(146620K)->142727K(146620K) NonClass: 126002K(128360K)->126002K(128360K) Class: 16725K(18260K)->16725K(18260K)
[2023-11-05T15:25:23.248+0000][57.778s][info ][gc            ] GC(53) Pause Young (Normal) (G1 Evacuation Pause) 319M->124M(381M) 51.747ms
[2023-11-05T15:25:23.249+0000][57.778s][info ][gc,cpu        ] GC(53) User=0.37s Sys=0.01s Real=0.06s
[2023-11-05T15:25:23.250+0000][57.779s][info ][safepoint     ] Leaving safepoint region
[2023-11-05T15:25:23.250+0000][57.780s][info ][safepoint     ] Total time for which application threads were stopped: 0.0544185 seconds, Stopping threads took: 0.0005519 seconds
[2023-11-05T15:25:23.251+0000][57.780s][info ][gc,stringdedup] Concurrent String Deduplication (57.780s)
[2023-11-05T15:25:23.258+0000][57.788s][info ][gc,stringdedup] Concurrent String Deduplication 400.3K->150.3K(249.9K) avg 52.3% (57.780s, 57.788s) 7.440ms
[2023-11-05T15:25:23.538+0000][58.067s][debug][safepoint     ] Safepoint synchronization initiated. (69 threads)
[2023-11-05T15:25:23.539+0000][58.068s][info ][safepoint     ] Application time: 0.2877778 seconds
[2023-11-05T15:25:23.539+0000][58.068s][info ][safepoint     ] Entering safepoint region: Deoptimize
[2023-11-05T15:25:23.541+0000][58.071s][info ][safepoint     ] Leaving safepoint region
[2023-11-05T15:25:23.542+0000][58.071s][info ][safepoint     ] Total time for which application threads were stopped: 0.0030035 seconds, Stopping threads took: 0.0005345 seconds
[2023-11-05T15:25:23.622+0000][58.152s][debug][safepoint     ] Safepoint synchronization initiated. (69 threads)
[2023-11-05T15:25:23.623+0000][58.152s][info ][safepoint     ] Application time: 0.0804313 seconds
[2023-11-05T15:25:23.624+0000][58.153s][info ][safepoint     ] Entering safepoint region: Deoptimize
[2023-11-05T15:25:23.626+0000][58.155s][info ][safepoint     ] Leaving safepoint region
[2023-11-05T15:25:23.626+0000][58.156s][info ][safepoint     ] Total time for which application threads were stopped: 0.0028483 seconds, Stopping threads took: 0.0005305 seconds
[2023-11-05T15:25:24.354+0000][58.884s][debug][safepoint     ] Safepoint synchronization initiated. (78 threads)
[2023-11-05T15:25:24.355+0000][58.885s][info ][safepoint     ] Application time: 0.7285586 seconds
[2023-11-05T15:25:24.355+0000][58.885s][info ][safepoint     ] Entering safepoint region: G1CollectForAllocation
[2023-11-05T15:25:24.356+0000][58.886s][info ][gc,start      ] GC(54) Pause Young (Normal) (G1 Evacuation Pause)
[2023-11-05T15:25:24.356+0000][58.886s][info ][gc,task       ] GC(54) Using 8 workers of 8 for evacuation
[2023-11-05T15:25:24.379+0000][58.910s][info ][gc,phases     ] GC(54)   Pre Evacuate Collection Set: 0.0ms
[2023-11-05T15:25:24.380+0000][58.910s][info ][gc,phases     ] GC(54)   Evacuate Collection Set: 19.0ms
[2023-11-05T15:25:24.380+0000][58.911s][info ][gc,phases     ] GC(54)   Post Evacuate Collection Set: 3.6ms
[2023-11-05T15:25:24.381+0000][58.911s][info ][gc,phases     ] GC(54)   Other: 1.0ms
[2023-11-05T15:25:24.381+0000][58.911s][info ][gc,heap       ] GC(54) Eden regions: 200->0(199)
[2023-11-05T15:25:24.382+0000][58.912s][info ][gc,heap       ] GC(54) Survivor regions: 13->15(27)
[2023-11-05T15:25:24.382+0000][58.912s][info ][gc,heap       ] GC(54) Old regions: 108->108
[2023-11-05T15:25:24.383+0000][58.913s][info ][gc,heap       ] GC(54) Humongous regions: 5->5
[2023-11-05T15:25:24.383+0000][58.913s][info ][gc,metaspace  ] GC(54) Metaspace: 145079K(149052K)->145079K(149052K) NonClass: 127990K(130408K)->127990K(130408K) Class: 17089K(18644K)->17089K(18644K)
[2023-11-05T15:25:24.384+0000][58.914s][info ][gc            ] GC(54) Pause Young (Normal) (G1 Evacuation Pause) 324M->125M(381M) 27.898ms
[2023-11-05T15:25:24.384+0000][58.914s][info ][gc,cpu        ] GC(54) User=0.18s Sys=0.00s Real=0.03s
[2023-11-05T15:25:24.385+0000][58.915s][info ][safepoint     ] Leaving safepoint region
[2023-11-05T15:25:24.385+0000][58.915s][info ][safepoint     ] Total time for which application threads were stopped: 0.0300791 seconds, Stopping threads took: 0.0004510 seconds
[2023-11-05T15:25:24.386+0000][58.916s][info ][gc,stringdedup] Concurrent String Deduplication (58.916s)
[2023-11-05T15:25:24.389+0000][58.919s][info ][gc,stringdedup] Concurrent String Deduplication 322.9K->188.5K(134.4K) avg 52.1% (58.916s, 58.919s) 3.342ms
[2023-11-05T15:25:24.762+0000][59.292s][debug][safepoint     ] Safepoint synchronization initiated. (78 threads)
[2023-11-05T15:25:24.763+0000][59.293s][info ][safepoint     ] Application time: 0.3772333 seconds
[2023-11-05T15:25:24.763+0000][59.293s][info ][safepoint     ] Entering safepoint region: Deoptimize
[2023-11-05T15:25:24.766+0000][59.296s][info ][safepoint     ] Leaving safepoint region
[2023-11-05T15:25:24.766+0000][59.296s][info ][safepoint     ] Total time for which application threads were stopped: 0.0029637 seconds, Stopping threads took: 0.0005517 seconds
[2023-11-05T15:25:25.657+0000][60.187s][debug][safepoint     ] Safepoint synchronization initiated. (90 threads)
[2023-11-05T15:25:25.657+0000][60.188s][info ][safepoint     ] Application time: 0.8907015 seconds
[2023-11-05T15:25:25.658+0000][60.188s][debug][safepoint     ] Waiting for 1 thread(s) to block
[2023-11-05T15:25:25.659+0000][60.189s][info ][safepoint     ] Entering safepoint region: ICBufferFull
[2023-11-05T15:25:25.660+0000][60.190s][info ][safepoint     ] Leaving safepoint region
[2023-11-05T15:25:25.660+0000][60.191s][info ][safepoint     ] Total time for which application threads were stopped: 0.0024099 seconds, Stopping threads took: 0.0013944 seconds
[2023-11-05T15:25:25.806+0000][60.336s][debug][safepoint     ] Safepoint synchronization initiated. (90 threads)
[2023-11-05T15:25:25.807+0000][60.337s][info ][safepoint     ] Application time: 0.1460572 seconds
[2023-11-05T15:25:25.808+0000][60.338s][debug][safepoint     ] Waiting for 2 thread(s) to block
[2023-11-05T15:25:25.808+0000][60.339s][info ][safepoint     ] Entering safepoint region: G1CollectForAllocation
[2023-11-05T15:25:25.809+0000][60.339s][info ][gc,start      ] GC(55) Pause Young (Normal) (G1 Evacuation Pause)
[2023-11-05T15:25:25.810+0000][60.340s][info ][gc,task       ] GC(55) Using 8 workers of 8 for evacuation
[2023-11-05T15:25:25.852+0000][60.382s][info ][gc,phases     ] GC(55)   Pre Evacuate Collection Set: 0.0ms
[2023-11-05T15:25:25.853+0000][60.383s][info ][gc,phases     ] GC(55)   Evacuate Collection Set: 34.8ms
[2023-11-05T15:25:25.853+0000][60.383s][info ][gc,phases     ] GC(55)   Post Evacuate Collection Set: 7.2ms
[2023-11-05T15:25:25.854+0000][60.384s][info ][gc,phases     ] GC(55)   Other: 1.1ms
[2023-11-05T15:25:25.854+0000][60.384s][info ][gc,heap       ] GC(55) Eden regions: 199->0(185)
[2023-11-05T15:25:25.855+0000][60.385s][info ][gc,heap       ] GC(55) Survivor regions: 15->22(27)
[2023-11-05T15:25:25.855+0000][60.385s][info ][gc,heap       ] GC(55) Old regions: 108->108
[2023-11-05T15:25:25.855+0000][60.385s][info ][gc,heap       ] GC(55) Humongous regions: 5->5
[2023-11-05T15:25:25.856+0000][60.386s][info ][gc,metaspace  ] GC(55) Metaspace: 147479K(151868K)->147479K(151868K) NonClass: 130038K(132712K)->130038K(132712K) Class: 17440K(19156K)->17440K(19156K)
[2023-11-05T15:25:25.856+0000][60.386s][info ][gc            ] GC(55) Pause Young (Normal) (G1 Evacuation Pause) 324M->132M(381M) 47.020ms
[2023-11-05T15:25:25.857+0000][60.387s][info ][gc,cpu        ] GC(55) User=0.30s Sys=0.01s Real=0.04s
[2023-11-05T15:25:25.857+0000][60.387s][info ][safepoint     ] Leaving safepoint region
[2023-11-05T15:25:25.858+0000][60.388s][info ][safepoint     ] Total time for which application threads were stopped: 0.0500267 seconds, Stopping threads took: 0.0012546 seconds
[2023-11-05T15:25:25.858+0000][60.388s][info ][gc,stringdedup] Concurrent String Deduplication (60.388s)
[2023-11-05T15:25:25.861+0000][60.391s][info ][gc,stringdedup] Concurrent String Deduplication 217.9K->89368.0B(130.7K) avg 52.2% (60.388s, 60.391s) 2.636ms
[2023-11-05T15:25:26.225+0000][60.755s][debug][safepoint     ] Safepoint synchronization initiated. (90 threads)
[2023-11-05T15:25:26.225+0000][60.755s][info ][safepoint     ] Application time: 0.3671591 seconds
[2023-11-05T15:25:26.226+0000][60.756s][info ][safepoint     ] Entering safepoint region: ICBufferFull
[2023-11-05T15:25:26.227+0000][60.757s][info ][safepoint     ] Leaving safepoint region
[2023-11-05T15:25:26.227+0000][60.757s][info ][safepoint     ] Total time for which application threads were stopped: 0.0014220 seconds, Stopping threads took: 0.0005999 seconds
[2023-11-05T15:25:26.425+0000][60.955s][debug][safepoint     ] Safepoint synchronization initiated. (90 threads)
[2023-11-05T15:25:26.426+0000][60.956s][info ][safepoint     ] Application time: 0.1982624 seconds
[2023-11-05T15:25:26.427+0000][60.957s][debug][safepoint     ] Waiting for 1 thread(s) to block
[2023-11-05T15:25:26.427+0000][60.957s][info ][safepoint     ] Entering safepoint region: ICBufferFull
[2023-11-05T15:25:26.428+0000][60.958s][info ][safepoint     ] Leaving safepoint region
[2023-11-05T15:25:26.429+0000][60.959s][info ][safepoint     ] Total time for which application threads were stopped: 0.0020769 seconds, Stopping threads took: 0.0011253 seconds
[2023-11-05T15:25:26.891+0000][61.421s][debug][safepoint     ] Safepoint synchronization initiated. (90 threads)
[2023-11-05T15:25:26.892+0000][61.422s][info ][safepoint     ] Application time: 0.4625420 seconds
[2023-11-05T15:25:26.892+0000][61.422s][info ][safepoint     ] Entering safepoint region: ICBufferFull
[2023-11-05T15:25:26.893+0000][61.423s][info ][safepoint     ] Leaving safepoint region
[2023-11-05T15:25:26.894+0000][61.424s][info ][safepoint     ] Total time for which application threads were stopped: 0.0013453 seconds, Stopping threads took: 0.0005256 seconds
[2023-11-05T15:25:27.395+0000][61.925s][debug][safepoint     ] Safepoint synchronization initiated. (90 threads)
[2023-11-05T15:25:27.395+0000][61.926s][info ][safepoint     ] Application time: 0.5013455 seconds
[2023-11-05T15:25:27.396+0000][61.926s][debug][safepoint     ] Waiting for 1 thread(s) to block
[2023-11-05T15:25:27.397+0000][61.927s][info ][safepoint     ] Entering safepoint region: G1CollectForAllocation
[2023-11-05T15:25:27.398+0000][61.928s][info ][gc,start      ] GC(56) Pause Young (Normal) (G1 Evacuation Pause)
[2023-11-05T15:25:27.399+0000][61.929s][info ][gc,task       ] GC(56) Using 8 workers of 8 for evacuation
[2023-11-05T15:25:27.446+0000][61.976s][info ][gc,phases     ] GC(56)   Pre Evacuate Collection Set: 0.1ms
[2023-11-05T15:25:27.448+0000][61.978s][info ][gc,phases     ] GC(56)   Evacuate Collection Set: 39.6ms
[2023-11-05T15:25:27.450+0000][61.980s][info ][gc,phases     ] GC(56)   Post Evacuate Collection Set: 6.3ms
[2023-11-05T15:25:27.452+0000][61.982s][info ][gc,phases     ] GC(56)   Other: 1.8ms
[2023-11-05T15:25:27.452+0000][61.982s][info ][gc,heap       ] GC(56) Eden regions: 185->0(184)
[2023-11-05T15:25:27.453+0000][61.983s][info ][gc,heap       ] GC(56) Survivor regions: 22->18(26)
[2023-11-05T15:25:27.453+0000][61.984s][info ][gc,heap       ] GC(56) Old regions: 108->117
[2023-11-05T15:25:27.454+0000][61.984s][info ][gc,heap       ] GC(56) Humongous regions: 5->5
[2023-11-05T15:25:27.454+0000][61.985s][info ][gc,metaspace  ] GC(56) Metaspace: 148559K(153020K)->148559K(153020K) NonClass: 131058K(133736K)->131058K(133736K) Class: 17500K(19284K)->17500K(19284K)
[2023-11-05T15:25:27.455+0000][61.985s][info ][gc            ] GC(56) Pause Young (Normal) (G1 Evacuation Pause) 317M->137M(381M) 56.969ms
[2023-11-05T15:25:27.456+0000][61.986s][info ][gc,cpu        ] GC(56) User=0.33s Sys=0.03s Real=0.05s
[2023-11-05T15:25:27.456+0000][61.986s][info ][safepoint     ] Leaving safepoint region
[2023-11-05T15:25:27.457+0000][61.987s][info ][safepoint     ] Total time for which application threads were stopped: 0.0608076 seconds, Stopping threads took: 0.0012816 seconds
[2023-11-05T15:25:27.457+0000][61.988s][info ][gc,stringdedup] Concurrent String Deduplication (61.988s)
[2023-11-05T15:25:27.467+0000][61.997s][info ][gc,stringdedup] Concurrent String Deduplication 198.0K->84096.0B(115.9K) avg 52.3% (61.988s, 61.997s) 9.125ms
[2023-11-05T15:25:28.458+0000][62.988s][debug][safepoint     ] Safepoint synchronization initiated. (90 threads)
[2023-11-05T15:25:28.459+0000][62.989s][info ][safepoint     ] Application time: 1.0011685 seconds
[2023-11-05T15:25:28.459+0000][62.989s][debug][safepoint     ] ... found polling page return exception at pc = 0x00007f808d10bc6c, stub =0x00007f8084840600
[2023-11-05T15:25:28.460+0000][62.990s][debug][safepoint     ] Waiting for 1 thread(s) to block
[2023-11-05T15:25:28.460+0000][62.990s][info ][safepoint     ] Entering safepoint region: Cleanup
[2023-11-05T15:25:28.461+0000][62.991s][info ][safepoint     ] Leaving safepoint region
[2023-11-05T15:25:28.462+0000][62.992s][info ][safepoint     ] Total time for which application threads were stopped: 0.0025105 seconds, Stopping threads took: 0.0016310 seconds
[2023-11-05T15:25:28.641+0000][63.171s][debug][safepoint     ] Safepoint synchronization initiated. (90 threads)
[2023-11-05T15:25:28.642+0000][63.172s][info ][safepoint     ] Application time: 0.1790302 seconds
[2023-11-05T15:25:28.642+0000][63.173s][info ][safepoint     ] Entering safepoint region: G1CollectForAllocation
[2023-11-05T15:25:28.643+0000][63.173s][info ][gc,start      ] GC(57) Pause Young (Normal) (G1 Evacuation Pause)
[2023-11-05T15:25:28.644+0000][63.174s][info ][gc,task       ] GC(57) Using 8 workers of 8 for evacuation
[2023-11-05T15:25:28.673+0000][63.203s][info ][gc,phases     ] GC(57)   Pre Evacuate Collection Set: 0.0ms
[2023-11-05T15:25:28.674+0000][63.204s][info ][gc,phases     ] GC(57)   Evacuate Collection Set: 24.6ms
[2023-11-05T15:25:28.674+0000][63.204s][info ][gc,phases     ] GC(57)   Post Evacuate Collection Set: 4.2ms
[2023-11-05T15:25:28.674+0000][63.205s][info ][gc,phases     ] GC(57)   Other: 1.0ms
[2023-11-05T15:25:28.675+0000][63.205s][info ][gc,heap       ] GC(57) Eden regions: 184->0(181)
[2023-11-05T15:25:28.675+0000][63.205s][info ][gc,heap       ] GC(57) Survivor regions: 18->17(26)
[2023-11-05T15:25:28.676+0000][63.206s][info ][gc,heap       ] GC(57) Old regions: 117->122
[2023-11-05T15:25:28.676+0000][63.206s][info ][gc,heap       ] GC(57) Humongous regions: 5->5
[2023-11-05T15:25:28.676+0000][63.207s][info ][gc,metaspace  ] GC(57) Metaspace: 149039K(153532K)->149039K(153532K) NonClass: 131486K(134248K)->131486K(134248K) Class: 17553K(19284K)->17553K(19284K)
[2023-11-05T15:25:28.677+0000][63.207s][info ][gc            ] GC(57) Pause Young (Normal) (G1 Evacuation Pause) 321M->141M(381M) 33.666ms
[2023-11-05T15:25:28.677+0000][63.207s][info ][gc,cpu        ] GC(57) User=0.22s Sys=0.00s Real=0.03s
[2023-11-05T15:25:28.678+0000][63.208s][info ][safepoint     ] Leaving safepoint region
[2023-11-05T15:25:28.678+0000][63.208s][info ][safepoint     ] Total time for which application threads were stopped: 0.0356771 seconds, Stopping threads took: 0.0004683 seconds
[2023-11-05T15:25:28.679+0000][63.209s][info ][gc,stringdedup] Concurrent String Deduplication (63.209s)
[2023-11-05T15:25:28.683+0000][63.213s][info ][gc,stringdedup] Concurrent String Deduplication 554.0K->128.0K(426.1K) avg 53.1% (63.209s, 63.213s) 4.607ms
[2023-11-05T15:25:29.391+0000][63.921s][debug][safepoint     ] Safepoint synchronization initiated. (90 threads)
[2023-11-05T15:25:29.391+0000][63.922s][info ][safepoint     ] Application time: 0.7128506 seconds
[2023-11-05T15:25:29.392+0000][63.922s][debug][safepoint     ] Waiting for 1 thread(s) to block
[2023-11-05T15:25:29.393+0000][63.923s][info ][safepoint     ] Entering safepoint region: G1CollectForAllocation
[2023-11-05T15:25:29.393+0000][63.924s][info ][gc,start      ] GC(58) Pause Young (Normal) (G1 Evacuation Pause)
[2023-11-05T15:25:29.394+0000][63.924s][info ][gc,task       ] GC(58) Using 8 workers of 8 for evacuation
[2023-11-05T15:25:29.422+0000][63.952s][info ][gc,phases     ] GC(58)   Pre Evacuate Collection Set: 0.0ms
[2023-11-05T15:25:29.423+0000][63.953s][info ][gc,phases     ] GC(58)   Evacuate Collection Set: 23.2ms
[2023-11-05T15:25:29.423+0000][63.953s][info ][gc,phases     ] GC(58)   Post Evacuate Collection Set: 4.2ms
[2023-11-05T15:25:29.424+0000][63.954s][info ][gc,phases     ] GC(58)   Other: 1.2ms
[2023-11-05T15:25:29.424+0000][63.954s][info ][gc,heap       ] GC(58) Eden regions: 181->0(184)
[2023-11-05T15:25:29.425+0000][63.955s][info ][gc,heap       ] GC(58) Survivor regions: 17->11(25)
[2023-11-05T15:25:29.425+0000][63.955s][info ][gc,heap       ] GC(58) Old regions: 122->129
[2023-11-05T15:25:29.425+0000][63.955s][info ][gc,heap       ] GC(58) Humongous regions: 5->5
[2023-11-05T15:25:29.426+0000][63.956s][info ][gc,metaspace  ] GC(58) Metaspace: 149174K(153788K)->149174K(153788K) NonClass: 131612K(134504K)->131612K(134504K) Class: 17561K(19284K)->17561K(19284K)
[2023-11-05T15:25:29.426+0000][63.956s][info ][gc            ] GC(58) Pause Young (Normal) (G1 Evacuation Pause) 322M->143M(381M) 32.705ms
[2023-11-05T15:25:29.427+0000][63.957s][info ][gc,cpu        ] GC(58) User=0.22s Sys=0.00s Real=0.03s
[2023-11-05T15:25:29.427+0000][63.957s][info ][safepoint     ] Leaving safepoint region
[2023-11-05T15:25:29.427+0000][63.958s][info ][safepoint     ] Total time for which application threads were stopped: 0.0354560 seconds, Stopping threads took: 0.0011646 seconds
[2023-11-05T15:25:29.428+0000][63.958s][info ][gc,stringdedup] Concurrent String Deduplication (63.958s)
[2023-11-05T15:25:29.433+0000][63.963s][info ][gc,stringdedup] Concurrent String Deduplication 428.8K->157.4K(271.5K) avg 53.3% (63.958s, 63.963s) 4.809ms
[2023-11-05T15:25:30.100+0000][64.631s][debug][safepoint     ] Safepoint synchronization initiated. (91 threads)
[2023-11-05T15:25:30.101+0000][64.631s][info ][safepoint     ] Application time: 0.6734520 seconds
[2023-11-05T15:25:30.102+0000][64.632s][info ][safepoint     ] Entering safepoint region: G1CollectForAllocation
[2023-11-05T15:25:30.103+0000][64.633s][info ][gc,start      ] GC(59) Pause Young (Normal) (G1 Evacuation Pause)
[2023-11-05T15:25:30.103+0000][64.634s][info ][gc,task       ] GC(59) Using 8 workers of 8 for evacuation
[2023-11-05T15:25:30.127+0000][64.657s][info ][gc,phases     ] GC(59)   Pre Evacuate Collection Set: 0.0ms
[2023-11-05T15:25:30.127+0000][64.657s][info ][gc,phases     ] GC(59)   Evacuate Collection Set: 17.9ms
[2023-11-05T15:25:30.128+0000][64.658s][info ][gc,phases     ] GC(59)   Post Evacuate Collection Set: 4.5ms
[2023-11-05T15:25:30.128+0000][64.659s][info ][gc,phases     ] GC(59)   Other: 1.3ms
[2023-11-05T15:25:30.129+0000][64.659s][info ][gc,heap       ] GC(59) Eden regions: 184->0(182)
[2023-11-05T15:25:30.130+0000][64.660s][info ][gc,heap       ] GC(59) Survivor regions: 11->13(25)
[2023-11-05T15:25:30.130+0000][64.660s][info ][gc,heap       ] GC(59) Old regions: 129->129
[2023-11-05T15:25:30.131+0000][64.661s][info ][gc,heap       ] GC(59) Humongous regions: 5->5
[2023-11-05T15:25:30.131+0000][64.661s][info ][gc,metaspace  ] GC(59) Metaspace: 149369K(153788K)->149369K(153788K) NonClass: 131794K(134504K)->131794K(134504K) Class: 17574K(19284K)->17574K(19284K)
[2023-11-05T15:25:30.132+0000][64.662s][info ][gc            ] GC(59) Pause Young (Normal) (G1 Evacuation Pause) 327M->144M(381M) 28.858ms
[2023-11-05T15:25:30.132+0000][64.662s][info ][gc,cpu        ] GC(59) User=0.17s Sys=0.00s Real=0.03s
[2023-11-05T15:25:30.133+0000][64.663s][info ][safepoint     ] Leaving safepoint region
[2023-11-05T15:25:30.133+0000][64.664s][info ][safepoint     ] Total time for which application threads were stopped: 0.0315324 seconds, Stopping threads took: 0.0006100 seconds
[2023-11-05T15:25:30.134+0000][64.664s][info ][gc,stringdedup] Concurrent String Deduplication (64.664s)
[2023-11-05T15:25:30.138+0000][64.669s][info ][gc,stringdedup] Concurrent String Deduplication 390.0K->141.1K(248.9K) avg 53.5% (64.664s, 64.669s) 4.396ms
[2023-11-05T15:25:30.801+0000][65.331s][debug][safepoint     ] Safepoint synchronization initiated. (91 threads)
[2023-11-05T15:25:30.802+0000][65.332s][info ][safepoint     ] Application time: 0.6681742 seconds
[2023-11-05T15:25:30.803+0000][65.333s][info ][safepoint     ] Entering safepoint region: G1CollectForAllocation
[2023-11-05T15:25:30.804+0000][65.334s][info ][gc,start      ] GC(60) Pause Young (Normal) (G1 Evacuation Pause)
[2023-11-05T15:25:30.804+0000][65.334s][info ][gc,task       ] GC(60) Using 8 workers of 8 for evacuation
[2023-11-05T15:25:30.829+0000][65.360s][info ][gc,phases     ] GC(60)   Pre Evacuate Collection Set: 0.0ms
[2023-11-05T15:25:30.830+0000][65.360s][info ][gc,phases     ] GC(60)   Evacuate Collection Set: 18.8ms
[2023-11-05T15:25:30.831+0000][65.361s][info ][gc,phases     ] GC(60)   Post Evacuate Collection Set: 5.8ms
[2023-11-05T15:25:30.831+0000][65.361s][info ][gc,phases     ] GC(60)   Other: 1.2ms
[2023-11-05T15:25:30.832+0000][65.362s][info ][gc,heap       ] GC(60) Eden regions: 182->0(178)
[2023-11-05T15:25:30.832+0000][65.362s][info ][gc,heap       ] GC(60) Survivor regions: 13->15(25)
[2023-11-05T15:25:30.833+0000][65.363s][info ][gc,heap       ] GC(60) Old regions: 129->129
[2023-11-05T15:25:30.833+0000][65.363s][info ][gc,heap       ] GC(60) Humongous regions: 5->5
[2023-11-05T15:25:30.834+0000][65.364s][info ][gc,metaspace  ] GC(60) Metaspace: 149590K(154044K)->149590K(154044K) NonClass: 131991K(134760K)->131991K(134760K) Class: 17598K(19284K)->17598K(19284K)
[2023-11-05T15:25:30.835+0000][65.365s][info ][gc            ] GC(60) Pause Young (Normal) (G1 Evacuation Pause) 326M->147M(381M) 31.266ms
[2023-11-05T15:25:30.835+0000][65.366s][info ][gc,cpu        ] GC(60) User=0.19s Sys=0.00s Real=0.03s
[2023-11-05T15:25:30.836+0000][65.366s][info ][safepoint     ] Leaving safepoint region
[2023-11-05T15:25:30.836+0000][65.367s][info ][safepoint     ] Total time for which application threads were stopped: 0.0337779 seconds, Stopping threads took: 0.0005694 seconds
[2023-11-05T15:25:30.837+0000][65.367s][info ][gc,stringdedup] Concurrent String Deduplication (65.367s)
[2023-11-05T15:25:30.840+0000][65.371s][info ][gc,stringdedup] Concurrent String Deduplication 273.1K->86608.0B(188.5K) avg 53.8% (65.367s, 65.371s) 3.456ms
[2023-11-05T15:25:31.445+0000][65.976s][debug][safepoint     ] Safepoint synchronization initiated. (91 threads)
[2023-11-05T15:25:31.446+0000][65.976s][info ][safepoint     ] Application time: 0.6092803 seconds
[2023-11-05T15:25:31.447+0000][65.977s][info ][safepoint     ] Entering safepoint region: G1CollectForAllocation
[2023-11-05T15:25:31.447+0000][65.978s][info ][gc,start      ] GC(61) Pause Young (Normal) (G1 Evacuation Pause)
[2023-11-05T15:25:31.448+0000][65.978s][info ][gc,task       ] GC(61) Using 8 workers of 8 for evacuation
[2023-11-05T15:25:31.478+0000][66.008s][info ][gc,phases     ] GC(61)   Pre Evacuate Collection Set: 0.0ms
[2023-11-05T15:25:31.479+0000][66.009s][info ][gc,phases     ] GC(61)   Evacuate Collection Set: 24.7ms
[2023-11-05T15:25:31.479+0000][66.009s][info ][gc,phases     ] GC(61)   Post Evacuate Collection Set: 4.8ms
[2023-11-05T15:25:31.480+0000][66.010s][info ][gc,phases     ] GC(61)   Other: 1.2ms
[2023-11-05T15:25:31.480+0000][66.010s][info ][gc,heap       ] GC(61) Eden regions: 178->0(178)
[2023-11-05T15:25:31.481+0000][66.011s][info ][gc,heap       ] GC(61) Survivor regions: 15->13(25)
[2023-11-05T15:25:31.481+0000][66.011s][info ][gc,heap       ] GC(61) Old regions: 129->133
[2023-11-05T15:25:31.482+0000][66.012s][info ][gc,heap       ] GC(61) Humongous regions: 5->5
[2023-11-05T15:25:31.482+0000][66.012s][info ][gc,metaspace  ] GC(61) Metaspace: 149719K(154172K)->149719K(154172K) NonClass: 132096K(134760K)->132096K(134760K) Class: 17622K(19412K)->17622K(19412K)
[2023-11-05T15:25:31.483+0000][66.013s][info ][gc            ] GC(61) Pause Young (Normal) (G1 Evacuation Pause) 325M->149M(381M) 35.325ms
[2023-11-05T15:25:31.483+0000][66.013s][info ][gc,cpu        ] GC(61) User=0.25s Sys=0.01s Real=0.04s
[2023-11-05T15:25:31.484+0000][66.014s][info ][safepoint     ] Leaving safepoint region
[2023-11-05T15:25:31.484+0000][66.015s][info ][safepoint     ] Total time for which application threads were stopped: 0.0377503 seconds, Stopping threads took: 0.0004564 seconds
[2023-11-05T15:25:31.485+0000][66.015s][info ][gc,stringdedup] Concurrent String Deduplication (66.015s)
[2023-11-05T15:25:31.488+0000][66.018s][info ][gc,stringdedup] Concurrent String Deduplication 240.0K->85144.0B(156.8K) avg 53.9% (66.015s, 66.018s) 3.307ms
[2023-11-05T15:25:32.127+0000][66.657s][debug][safepoint     ] Safepoint synchronization initiated. (91 threads)
[2023-11-05T15:25:32.127+0000][66.657s][info ][safepoint     ] Application time: 0.6424108 seconds
[2023-11-05T15:25:32.128+0000][66.658s][info ][safepoint     ] Entering safepoint region: G1CollectForAllocation
[2023-11-05T15:25:32.129+0000][66.659s][info ][gc,start      ] GC(62) Pause Young (Normal) (G1 Evacuation Pause)
[2023-11-05T15:25:32.129+0000][66.660s][info ][gc,task       ] GC(62) Using 8 workers of 8 for evacuation
[2023-11-05T15:25:32.154+0000][66.684s][info ][gc,phases     ] GC(62)   Pre Evacuate Collection Set: 0.0ms
[2023-11-05T15:25:32.155+0000][66.685s][info ][gc,phases     ] GC(62)   Evacuate Collection Set: 18.1ms
[2023-11-05T15:25:32.155+0000][66.685s][info ][gc,phases     ] GC(62)   Post Evacuate Collection Set: 5.6ms
[2023-11-05T15:25:32.156+0000][66.686s][info ][gc,phases     ] GC(62)   Other: 1.2ms
[2023-11-05T15:25:32.156+0000][66.686s][info ][gc,heap       ] GC(62) Eden regions: 178->0(177)
[2023-11-05T15:25:32.157+0000][66.687s][info ][gc,heap       ] GC(62) Survivor regions: 13->12(24)
[2023-11-05T15:25:32.157+0000][66.687s][info ][gc,heap       ] GC(62) Old regions: 133->136
[2023-11-05T15:25:32.158+0000][66.688s][info ][gc,heap       ] GC(62) Humongous regions: 5->5
[2023-11-05T15:25:32.158+0000][66.688s][info ][gc,metaspace  ] GC(62) Metaspace: 149761K(154428K)->149761K(154428K) NonClass: 132135K(135016K)->132135K(135016K) Class: 17625K(19412K)->17625K(19412K)
[2023-11-05T15:25:32.159+0000][66.689s][info ][gc            ] GC(62) Pause Young (Normal) (G1 Evacuation Pause) 327M->150M(381M) 29.981ms
[2023-11-05T15:25:32.159+0000][66.690s][info ][gc,cpu        ] GC(62) User=0.20s Sys=0.00s Real=0.03s
[2023-11-05T15:25:32.160+0000][66.690s][info ][safepoint     ] Leaving safepoint region
[2023-11-05T15:25:32.161+0000][66.691s][info ][safepoint     ] Total time for which application threads were stopped: 0.0325913 seconds, Stopping threads took: 0.0006859 seconds
[2023-11-05T15:25:32.161+0000][66.691s][info ][gc,stringdedup] Concurrent String Deduplication (66.691s)
[2023-11-05T15:25:32.165+0000][66.695s][info ][gc,stringdedup] Concurrent String Deduplication 309.0K->93104.0B(218.1K) avg 54.2% (66.691s, 66.695s) 3.536ms
[2023-11-05T15:25:32.819+0000][67.350s][debug][safepoint     ] Safepoint synchronization initiated. (91 threads)
[2023-11-05T15:25:32.820+0000][67.350s][info ][safepoint     ] Application time: 0.6591533 seconds
[2023-11-05T15:25:32.821+0000][67.351s][debug][safepoint     ] Waiting for 1 thread(s) to block
[2023-11-05T15:25:32.821+0000][67.351s][info ][safepoint     ] Entering safepoint region: G1CollectForAllocation
[2023-11-05T15:25:32.822+0000][67.352s][info ][gc,start      ] GC(63) Pause Young (Normal) (G1 Evacuation Pause)
[2023-11-05T15:25:32.823+0000][67.353s][info ][gc,task       ] GC(63) Using 8 workers of 8 for evacuation
[2023-11-05T15:25:32.839+0000][67.369s][info ][gc,phases     ] GC(63)   Pre Evacuate Collection Set: 0.0ms
[2023-11-05T15:25:32.840+0000][67.370s][info ][gc,phases     ] GC(63)   Evacuate Collection Set: 11.8ms
[2023-11-05T15:25:32.840+0000][67.370s][info ][gc,phases     ] GC(63)   Post Evacuate Collection Set: 3.7ms
[2023-11-05T15:25:32.840+0000][67.371s][info ][gc,phases     ] GC(63)   Other: 1.3ms
[2023-11-05T15:25:32.841+0000][67.371s][info ][gc,heap       ] GC(63) Eden regions: 177->0(175)
[2023-11-05T15:25:32.841+0000][67.371s][info ][gc,heap       ] GC(63) Survivor regions: 12->13(24)
[2023-11-05T15:25:32.842+0000][67.372s][info ][gc,heap       ] GC(63) Old regions: 136->136
[2023-11-05T15:25:32.842+0000][67.372s][info ][gc,heap       ] GC(63) Humongous regions: 5->5
[2023-11-05T15:25:32.843+0000][67.373s][info ][gc,metaspace  ] GC(63) Metaspace: 149827K(154428K)->149827K(154428K) NonClass: 132193K(135016K)->132193K(135016K) Class: 17633K(19412K)->17633K(19412K)
[2023-11-05T15:25:32.843+0000][67.373s][info ][gc            ] GC(63) Pause Young (Normal) (G1 Evacuation Pause) 327M->151M(381M) 21.023ms
[2023-11-05T15:25:32.844+0000][67.374s][info ][gc,cpu        ] GC(63) User=0.11s Sys=0.00s Real=0.02s
[2023-11-05T15:25:32.844+0000][67.374s][info ][safepoint     ] Leaving safepoint region
[2023-11-05T15:25:32.845+0000][67.375s][info ][safepoint     ] Total time for which application threads were stopped: 0.0238380 seconds, Stopping threads took: 0.0011607 seconds
[2023-11-05T15:25:32.845+0000][67.375s][info ][gc,stringdedup] Concurrent String Deduplication (67.375s)
[2023-11-05T15:25:32.848+0000][67.378s][info ][gc,stringdedup] Concurrent String Deduplication 194.9K->70688.0B(125.9K) avg 54.3% (67.375s, 67.378s) 2.493ms
[2023-11-05T15:25:33.322+0000][67.852s][debug][safepoint     ] Safepoint synchronization initiated. (91 threads)
[2023-11-05T15:25:33.322+0000][67.852s][info ][safepoint     ] Application time: 0.4773790 seconds
[2023-11-05T15:25:33.323+0000][67.853s][info ][safepoint     ] Entering safepoint region: G1CollectForAllocation
[2023-11-05T15:25:33.324+0000][67.854s][info ][gc,start      ] GC(64) Pause Young (Normal) (G1 Evacuation Pause)
[2023-11-05T15:25:33.325+0000][67.855s][info ][gc,task       ] GC(64) Using 8 workers of 8 for evacuation
[2023-11-05T15:25:33.344+0000][67.874s][info ][gc,phases     ] GC(64)   Pre Evacuate Collection Set: 0.0ms
[2023-11-05T15:25:33.345+0000][67.875s][info ][gc,phases     ] GC(64)   Evacuate Collection Set: 14.5ms
[2023-11-05T15:25:33.345+0000][67.875s][info ][gc,phases     ] GC(64)   Post Evacuate Collection Set: 4.1ms
[2023-11-05T15:25:33.346+0000][67.876s][info ][gc,phases     ] GC(64)   Other: 1.9ms
[2023-11-05T15:25:33.346+0000][67.876s][info ][gc,heap       ] GC(64) Eden regions: 175->0(173)
[2023-11-05T15:25:33.346+0000][67.877s][info ][gc,heap       ] GC(64) Survivor regions: 13->14(24)
[2023-11-05T15:25:33.347+0000][67.877s][info ][gc,heap       ] GC(64) Old regions: 136->136
[2023-11-05T15:25:33.347+0000][67.877s][info ][gc,heap       ] GC(64) Humongous regions: 5->5
[2023-11-05T15:25:33.348+0000][67.878s][info ][gc,metaspace  ] GC(64) Metaspace: 149859K(154428K)->149859K(154428K) NonClass: 132225K(135016K)->132225K(135016K) Class: 17633K(19412K)->17633K(19412K)
[2023-11-05T15:25:33.348+0000][67.878s][info ][gc            ] GC(64) Pause Young (Normal) (G1 Evacuation Pause) 326M->152M(381M) 24.340ms
[2023-11-05T15:25:33.349+0000][67.879s][info ][gc,cpu        ] GC(64) User=0.14s Sys=0.00s Real=0.03s
[2023-11-05T15:25:33.349+0000][67.879s][info ][safepoint     ] Leaving safepoint region
[2023-11-05T15:25:33.350+0000][67.880s][info ][safepoint     ] Total time for which application threads were stopped: 0.0266037 seconds, Stopping threads took: 0.0005116 seconds
[2023-11-05T15:25:33.350+0000][67.880s][info ][gc,stringdedup] Concurrent String Deduplication (67.880s)
[2023-11-05T15:25:33.352+0000][67.882s][info ][gc,stringdedup] Concurrent String Deduplication 148.4K->64768.0B(87208.0B) avg 54.3% (67.880s, 67.882s) 2.055ms
[2023-11-05T15:25:33.643+0000][68.173s][debug][safepoint     ] Safepoint synchronization initiated. (99 threads)
[2023-11-05T15:25:33.644+0000][68.174s][info ][safepoint     ] Application time: 0.2937984 seconds
[2023-11-05T15:25:33.644+0000][68.174s][info ][safepoint     ] Entering safepoint region: Deoptimize
[2023-11-05T15:25:33.648+0000][68.178s][info ][safepoint     ] Leaving safepoint region
[2023-11-05T15:25:33.649+0000][68.179s][info ][safepoint     ] Total time for which application threads were stopped: 0.0042370 seconds, Stopping threads took: 0.0005130 seconds
[2023-11-05T15:25:33.920+0000][68.450s][debug][safepoint     ] Safepoint synchronization initiated. (111 threads)
[2023-11-05T15:25:33.921+0000][68.451s][info ][safepoint     ] Application time: 0.2716096 seconds
[2023-11-05T15:25:33.921+0000][68.451s][debug][safepoint     ] Waiting for 1 thread(s) to block
[2023-11-05T15:25:33.922+0000][68.452s][info ][safepoint     ] Entering safepoint region: Deoptimize
[2023-11-05T15:25:33.925+0000][68.455s][info ][safepoint     ] Leaving safepoint region
[2023-11-05T15:25:33.925+0000][68.456s][info ][safepoint     ] Total time for which application threads were stopped: 0.0042537 seconds, Stopping threads took: 0.0012013 seconds
[2023-11-05T15:25:34.311+0000][68.841s][debug][safepoint     ] Safepoint synchronization initiated. (135 threads)
[2023-11-05T15:25:34.311+0000][68.841s][info ][safepoint     ] Application time: 0.3850926 seconds
[2023-11-05T15:25:34.312+0000][68.842s][debug][safepoint     ] ... found polling page loop exception at pc = 0x00007f808ca2e751, stub =0x00007f8084843680
[2023-11-05T15:25:34.312+0000][68.842s][debug][safepoint     ] Waiting for 2 thread(s) to block
[2023-11-05T15:25:34.313+0000][68.843s][info ][safepoint     ] Entering safepoint region: ICBufferFull
[2023-11-05T15:25:34.314+0000][68.844s][info ][safepoint     ] Leaving safepoint region
[2023-11-05T15:25:34.314+0000][68.844s][info ][safepoint     ] Total time for which application threads were stopped: 0.0024256 seconds, Stopping threads took: 0.0016044 seconds
[2023-11-05T15:25:34.410+0000][68.940s][debug][safepoint     ] Safepoint synchronization initiated. (136 threads)
[2023-11-05T15:25:34.411+0000][68.941s][info ][safepoint     ] Application time: 0.0960300 seconds
[2023-11-05T15:25:34.411+0000][68.942s][debug][safepoint     ] Waiting for 1 thread(s) to block
[2023-11-05T15:25:34.412+0000][68.942s][info ][safepoint     ] Entering safepoint region: Deoptimize
[2023-11-05T15:25:34.416+0000][68.946s][info ][safepoint     ] Leaving safepoint region
[2023-11-05T15:25:34.416+0000][68.946s][info ][safepoint     ] Total time for which application threads were stopped: 0.0048834 seconds, Stopping threads took: 0.0016573 seconds
[2023-11-05T15:25:34.633+0000][69.163s][debug][safepoint     ] Safepoint synchronization initiated. (141 threads)
[2023-11-05T15:25:34.634+0000][69.164s][info ][safepoint     ] Application time: 0.2172639 seconds
[2023-11-05T15:25:34.635+0000][69.165s][info ][safepoint     ] Entering safepoint region: Deoptimize
[2023-11-05T15:25:34.638+0000][69.168s][info ][safepoint     ] Leaving safepoint region
[2023-11-05T15:25:34.639+0000][69.169s][info ][safepoint     ] Total time for which application threads were stopped: 0.0041212 seconds, Stopping threads took: 0.0006706 seconds
[2023-11-05T15:25:34.779+0000][69.309s][debug][safepoint     ] Safepoint synchronization initiated. (154 threads)
[2023-11-05T15:25:34.780+0000][69.310s][info ][safepoint     ] Application time: 0.1404677 seconds
[2023-11-05T15:25:34.781+0000][69.311s][info ][safepoint     ] Entering safepoint region: G1CollectForAllocation
[2023-11-05T15:25:34.782+0000][69.312s][info ][gc,start      ] GC(65) Pause Young (Normal) (G1 Evacuation Pause)
[2023-11-05T15:25:34.782+0000][69.312s][info ][gc,task       ] GC(65) Using 8 workers of 8 for evacuation
[2023-11-05T15:25:34.807+0000][69.337s][info ][gc,phases     ] GC(65)   Pre Evacuate Collection Set: 0.0ms
[2023-11-05T15:25:34.808+0000][69.338s][info ][gc,phases     ] GC(65)   Evacuate Collection Set: 19.5ms
[2023-11-05T15:25:34.808+0000][69.339s][info ][gc,phases     ] GC(65)   Post Evacuate Collection Set: 4.7ms
[2023-11-05T15:25:34.809+0000][69.339s][info ][gc,phases     ] GC(65)   Other: 1.5ms
[2023-11-05T15:25:34.809+0000][69.340s][info ][gc,heap       ] GC(65) Eden regions: 173->0(171)
[2023-11-05T15:25:34.810+0000][69.340s][info ][gc,heap       ] GC(65) Survivor regions: 14->14(24)
[2023-11-05T15:25:34.810+0000][69.341s][info ][gc,heap       ] GC(65) Old regions: 136->138
[2023-11-05T15:25:34.811+0000][69.341s][info ][gc,heap       ] GC(65) Humongous regions: 5->5
[2023-11-05T15:25:34.811+0000][69.341s][info ][gc,metaspace  ] GC(65) Metaspace: 155042K(160060K)->155042K(160060K) NonClass: 136768K(139880K)->136768K(139880K) Class: 18274K(20180K)->18274K(20180K)
[2023-11-05T15:25:34.812+0000][69.342s][info ][gc            ] GC(65) Pause Young (Normal) (G1 Evacuation Pause) 325M->155M(381M) 30.231ms
[2023-11-05T15:25:34.812+0000][69.342s][info ][gc,cpu        ] GC(65) User=0.19s Sys=0.01s Real=0.03s
[2023-11-05T15:25:34.813+0000][69.343s][info ][safepoint     ] Leaving safepoint region
[2023-11-05T15:25:34.813+0000][69.343s][info ][safepoint     ] Total time for which application threads were stopped: 0.0326667 seconds, Stopping threads took: 0.0006381 seconds
[2023-11-05T15:25:34.814+0000][69.344s][info ][gc,stringdedup] Concurrent String Deduplication (69.344s)
[2023-11-05T15:25:34.816+0000][69.346s][info ][gc,stringdedup] Concurrent String Deduplication 187.2K->55104.0B(133.4K) avg 54.5% (69.344s, 69.346s) 2.379ms
[2023-11-05T15:25:35.814+0000][70.344s][debug][safepoint     ] Safepoint synchronization initiated. (171 threads)
[2023-11-05T15:25:35.814+0000][70.345s][info ][safepoint     ] Application time: 1.0007334 seconds
[2023-11-05T15:25:35.815+0000][70.345s][info ][safepoint     ] Entering safepoint region: Cleanup
[2023-11-05T15:25:35.816+0000][70.346s][info ][safepoint     ] Leaving safepoint region
[2023-11-05T15:25:35.816+0000][70.346s][info ][safepoint     ] Total time for which application threads were stopped: 0.0013212 seconds, Stopping threads took: 0.0005752 seconds
[2023-11-05T15:25:36.817+0000][71.347s][debug][safepoint     ] Safepoint synchronization initiated. (170 threads)
[2023-11-05T15:25:36.817+0000][71.348s][info ][safepoint     ] Application time: 1.0007774 seconds
[2023-11-05T15:25:36.818+0000][71.348s][info ][safepoint     ] Entering safepoint region: Cleanup
[2023-11-05T15:25:36.818+0000][71.349s][info ][safepoint     ] Leaving safepoint region
[2023-11-05T15:25:36.819+0000][71.349s][info ][safepoint     ] Total time for which application threads were stopped: 0.0009331 seconds, Stopping threads took: 0.0003976 seconds
[2023-11-05T15:25:39.820+0000][74.350s][debug][safepoint     ] Safepoint synchronization initiated. (169 threads)
[2023-11-05T15:25:39.820+0000][74.350s][info ][safepoint     ] Application time: 3.0008510 seconds
[2023-11-05T15:25:39.820+0000][74.351s][info ][safepoint     ] Entering safepoint region: Cleanup
[2023-11-05T15:25:39.821+0000][74.351s][info ][safepoint     ] Leaving safepoint region
[2023-11-05T15:25:39.822+0000][74.352s][info ][safepoint     ] Total time for which application threads were stopped: 0.0011245 seconds, Stopping threads took: 0.0004602 seconds
[2023-11-05T15:25:42.823+0000][77.353s][debug][safepoint     ] Safepoint synchronization initiated. (172 threads)
[2023-11-05T15:25:42.824+0000][77.354s][info ][safepoint     ] Application time: 3.0017776 seconds
[2023-11-05T15:25:42.825+0000][77.355s][info ][safepoint     ] Entering safepoint region: Cleanup
[2023-11-05T15:25:42.827+0000][77.357s][info ][safepoint     ] Leaving safepoint region
[2023-11-05T15:25:42.828+0000][77.358s][info ][safepoint     ] Total time for which application threads were stopped: 0.0031546 seconds, Stopping threads took: 0.0018480 seconds
[2023-11-05T15:25:42.951+0000][77.481s][debug][safepoint     ] Safepoint synchronization initiated. (172 threads)
[2023-11-05T15:25:42.952+0000][77.482s][info ][safepoint     ] Application time: 0.1230551 seconds
[2023-11-05T15:25:42.952+0000][77.482s][info ][safepoint     ] Entering safepoint region: Deoptimize
[2023-11-05T15:25:42.954+0000][77.485s][info ][safepoint     ] Leaving safepoint region
[2023-11-05T15:25:42.955+0000][77.485s][info ][safepoint     ] Total time for which application threads were stopped: 0.0030339 seconds, Stopping threads took: 0.0005036 seconds
[2023-11-05T15:25:43.854+0000][78.384s][debug][safepoint     ] Safepoint synchronization initiated. (170 threads)
[2023-11-05T15:25:43.855+0000][78.385s][info ][safepoint     ] Application time: 0.8991610 seconds
[2023-11-05T15:25:43.856+0000][78.386s][info ][safepoint     ] Entering safepoint region: Deoptimize
[2023-11-05T15:25:43.860+0000][78.390s][info ][safepoint     ] Leaving safepoint region
[2023-11-05T15:25:43.860+0000][78.390s][info ][safepoint     ] Total time for which application threads were stopped: 0.0041173 seconds, Stopping threads took: 0.0008042 seconds
[2023-11-05T15:25:44.056+0000][78.586s][debug][safepoint     ] Safepoint synchronization initiated. (171 threads)
[2023-11-05T15:25:44.064+0000][78.594s][info ][safepoint     ] Application time: 0.2033441 seconds
[2023-11-05T15:25:44.066+0000][78.596s][info ][safepoint     ] Entering safepoint region: Deoptimize
[2023-11-05T15:25:44.071+0000][78.601s][info ][safepoint     ] Leaving safepoint region
[2023-11-05T15:25:44.072+0000][78.602s][info ][safepoint     ] Total time for which application threads were stopped: 0.0055339 seconds, Stopping threads took: 0.0019043 seconds
[2023-11-05T15:25:44.827+0000][79.358s][debug][safepoint     ] Safepoint synchronization initiated. (172 threads)
[2023-11-05T15:25:44.830+0000][79.360s][info ][safepoint     ] Application time: 0.7577037 seconds
[2023-11-05T15:25:44.833+0000][79.363s][debug][safepoint     ] ... found polling page return exception at pc = 0x00007f808c376d37, stub =0x00007f8084840600
[2023-11-05T15:25:44.836+0000][79.366s][debug][safepoint     ] Waiting for 2 thread(s) to block
[2023-11-05T15:25:44.837+0000][79.367s][info ][safepoint     ] Entering safepoint region: G1CollectForAllocation
[2023-11-05T15:25:44.839+0000][79.369s][info ][gc,start      ] GC(66) Pause Young (Normal) (G1 Evacuation Pause)
[2023-11-05T15:25:44.840+0000][79.370s][info ][gc,task       ] GC(66) Using 8 workers of 8 for evacuation
[2023-11-05T15:25:44.887+0000][79.417s][info ][gc,phases     ] GC(66)   Pre Evacuate Collection Set: 0.0ms
[2023-11-05T15:25:44.888+0000][79.418s][info ][gc,phases     ] GC(66)   Evacuate Collection Set: 36.7ms
[2023-11-05T15:25:44.889+0000][79.420s][info ][gc,phases     ] GC(66)   Post Evacuate Collection Set: 9.2ms
[2023-11-05T15:25:44.890+0000][79.420s][info ][gc,phases     ] GC(66)   Other: 2.4ms
[2023-11-05T15:25:44.891+0000][79.421s][info ][gc,heap       ] GC(66) Eden regions: 171->0(166)
[2023-11-05T15:25:44.892+0000][79.422s][info ][gc,heap       ] GC(66) Survivor regions: 14->15(24)
[2023-11-05T15:25:44.892+0000][79.423s][info ][gc,heap       ] GC(66) Old regions: 138->141
[2023-11-05T15:25:44.893+0000][79.423s][info ][gc,heap       ] GC(66) Humongous regions: 5->5
[2023-11-05T15:25:44.894+0000][79.424s][info ][gc,metaspace  ] GC(66) Metaspace: 158766K(163900K)->158766K(163900K) NonClass: 140104K(143208K)->140104K(143208K) Class: 18662K(20692K)->18662K(20692K)
[2023-11-05T15:25:44.895+0000][79.425s][info ][gc            ] GC(66) Pause Young (Normal) (G1 Evacuation Pause) 326M->158M(381M) 55.840ms
[2023-11-05T15:25:44.895+0000][79.425s][info ][gc,cpu        ] GC(66) User=0.25s Sys=0.04s Real=0.05s
[2023-11-05T15:25:44.896+0000][79.426s][info ][safepoint     ] Leaving safepoint region
[2023-11-05T15:25:44.897+0000][79.427s][info ][safepoint     ] Total time for which application threads were stopped: 0.0662454 seconds, Stopping threads took: 0.0070171 seconds
[2023-11-05T15:25:44.898+0000][79.428s][info ][gc,stringdedup] Concurrent String Deduplication (79.428s)
[2023-11-05T15:25:44.900+0000][79.430s][info ][gc,stringdedup] Concurrent String Deduplication 112.1K->50184.0B(64648.0B) avg 54.5% (79.428s, 79.430s) 2.581ms
[2023-11-05T15:25:45.621+0000][80.151s][debug][safepoint     ] Safepoint synchronization initiated. (173 threads)
[2023-11-05T15:25:45.623+0000][80.153s][info ][safepoint     ] Application time: 0.7253598 seconds
[2023-11-05T15:25:45.624+0000][80.154s][info ][safepoint     ] Entering safepoint region: Deoptimize
[2023-11-05T15:25:45.627+0000][80.157s][info ][safepoint     ] Leaving safepoint region
[2023-11-05T15:25:45.628+0000][80.158s][info ][safepoint     ] Total time for which application threads were stopped: 0.0044614 seconds, Stopping threads took: 0.0006390 seconds
[2023-11-05T15:25:46.629+0000][81.159s][debug][safepoint     ] Safepoint synchronization initiated. (174 threads)
[2023-11-05T15:25:46.630+0000][81.160s][info ][safepoint     ] Application time: 1.0009582 seconds
[2023-11-05T15:25:46.630+0000][81.160s][info ][safepoint     ] Entering safepoint region: Cleanup
[2023-11-05T15:25:46.631+0000][81.161s][info ][safepoint     ] Leaving safepoint region
[2023-11-05T15:25:46.632+0000][81.162s][info ][safepoint     ] Total time for which application threads were stopped: 0.0015059 seconds, Stopping threads took: 0.0006198 seconds
[2023-11-05T15:25:47.404+0000][81.934s][debug][safepoint     ] Safepoint synchronization initiated. (174 threads)
[2023-11-05T15:25:47.405+0000][81.935s][info ][safepoint     ] Application time: 0.7727909 seconds
[2023-11-05T15:25:47.406+0000][81.936s][info ][safepoint     ] Entering safepoint region: Deoptimize
[2023-11-05T15:25:47.411+0000][81.941s][info ][safepoint     ] Leaving safepoint region
[2023-11-05T15:25:47.411+0000][81.941s][info ][safepoint     ] Total time for which application threads were stopped: 0.0055443 seconds, Stopping threads took: 0.0006524 seconds
[2023-11-05T15:25:48.412+0000][82.942s][debug][safepoint     ] Safepoint synchronization initiated. (177 threads)
[2023-11-05T15:25:48.413+0000][82.943s][info ][safepoint     ] Application time: 1.0008720 seconds
[2023-11-05T15:25:48.413+0000][82.943s][info ][safepoint     ] Entering safepoint region: Cleanup
[2023-11-05T15:25:48.414+0000][82.944s][info ][safepoint     ] Leaving safepoint region
[2023-11-05T15:25:48.414+0000][82.945s][info ][safepoint     ] Total time for which application threads were stopped: 0.0012161 seconds, Stopping threads took: 0.0005277 seconds
[2023-11-05T15:25:49.415+0000][83.945s][debug][safepoint     ] Safepoint synchronization initiated. (178 threads)
[2023-11-05T15:25:49.416+0000][83.946s][info ][safepoint     ] Application time: 1.0013531 seconds
[2023-11-05T15:25:49.417+0000][83.947s][info ][safepoint     ] Entering safepoint region: Cleanup
[2023-11-05T15:25:49.417+0000][83.947s][info ][safepoint     ] Leaving safepoint region
[2023-11-05T15:25:49.418+0000][83.948s][info ][safepoint     ] Total time for which application threads were stopped: 0.0010523 seconds, Stopping threads took: 0.0003590 seconds
[2023-11-05T15:25:50.418+0000][84.949s][debug][safepoint     ] Safepoint synchronization initiated. (178 threads)
[2023-11-05T15:25:50.419+0000][84.949s][info ][safepoint     ] Application time: 1.0008351 seconds
[2023-11-05T15:25:50.419+0000][84.950s][info ][safepoint     ] Entering safepoint region: Cleanup
[2023-11-05T15:25:50.420+0000][84.950s][info ][safepoint     ] Leaving safepoint region
[2023-11-05T15:25:50.421+0000][84.951s][info ][safepoint     ] Total time for which application threads were stopped: 0.0012089 seconds, Stopping threads took: 0.0005597 seconds
[2023-11-05T15:25:54.422+0000][88.952s][debug][safepoint     ] Safepoint synchronization initiated. (177 threads)
[2023-11-05T15:25:54.422+0000][88.953s][info ][safepoint     ] Application time: 4.0011730 seconds
[2023-11-05T15:25:54.423+0000][88.953s][debug][safepoint     ] ... found polling page return exception at pc = 0x00007f808d3fb260, stub =0x00007f8084840600
[2023-11-05T15:25:54.423+0000][88.953s][debug][safepoint     ] Waiting for 1 thread(s) to block
[2023-11-05T15:25:54.423+0000][88.954s][info ][safepoint     ] Entering safepoint region: Cleanup
[2023-11-05T15:25:54.424+0000][88.955s][info ][safepoint     ] Leaving safepoint region
[2023-11-05T15:25:54.424+0000][88.955s][info ][safepoint     ] Total time for which application threads were stopped: 0.0019400 seconds, Stopping threads took: 0.0013330 seconds
[2023-11-05T15:25:56.425+0000][90.956s][debug][safepoint     ] Safepoint synchronization initiated. (179 threads)
[2023-11-05T15:25:56.426+0000][90.956s][info ][safepoint     ] Application time: 2.0009951 seconds
[2023-11-05T15:25:56.426+0000][90.957s][info ][safepoint     ] Entering safepoint region: Cleanup
[2023-11-05T15:25:56.427+0000][90.958s][info ][safepoint     ] Leaving safepoint region
[2023-11-05T15:25:56.428+0000][90.958s][info ][safepoint     ] Total time for which application threads were stopped: 0.0011053 seconds, Stopping threads took: 0.0004882 seconds
[2023-11-05T15:25:56.927+0000][91.458s][debug][safepoint     ] Safepoint synchronization initiated. (185 threads)
[2023-11-05T15:25:56.928+0000][91.458s][info ][safepoint     ] Application time: 0.4997097 seconds
[2023-11-05T15:25:56.928+0000][91.459s][info ][safepoint     ] Entering safepoint region: Deoptimize
[2023-11-05T15:25:56.931+0000][91.462s][info ][safepoint     ] Leaving safepoint region
[2023-11-05T15:25:56.932+0000][91.462s][info ][safepoint     ] Total time for which application threads were stopped: 0.0036080 seconds, Stopping threads took: 0.0005301 seconds
[2023-11-05T15:25:56.977+0000][91.507s][debug][safepoint     ] Safepoint synchronization initiated. (185 threads)
[2023-11-05T15:25:56.978+0000][91.508s][info ][safepoint     ] Application time: 0.0451519 seconds
[2023-11-05T15:25:56.978+0000][91.509s][info ][safepoint     ] Entering safepoint region: Deoptimize
[2023-11-05T15:25:56.981+0000][91.511s][info ][safepoint     ] Leaving safepoint region
[2023-11-05T15:25:56.981+0000][91.512s][info ][safepoint     ] Total time for which application threads were stopped: 0.0032685 seconds, Stopping threads took: 0.0004936 seconds
[2023-11-05T15:25:56.983+0000][91.513s][debug][safepoint     ] Safepoint synchronization initiated. (185 threads)
[2023-11-05T15:25:56.983+0000][91.514s][info ][safepoint     ] Application time: 0.0015435 seconds
[2023-11-05T15:25:56.984+0000][91.515s][debug][safepoint     ] ... found polling page loop exception at pc = 0x00007f808ca31c24, stub =0x00007f8084843680
[2023-11-05T15:25:56.985+0000][91.515s][debug][safepoint     ] Waiting for 1 thread(s) to block
[2023-11-05T15:25:56.985+0000][91.516s][info ][safepoint     ] Entering safepoint region: Deoptimize
[2023-11-05T15:25:56.988+0000][91.518s][info ][safepoint     ] Leaving safepoint region
[2023-11-05T15:25:56.988+0000][91.519s][info ][safepoint     ] Total time for which application threads were stopped: 0.0044395 seconds, Stopping threads took: 0.0014988 seconds
[2023-11-05T15:25:56.993+0000][91.524s][debug][safepoint     ] Safepoint synchronization initiated. (185 threads)
[2023-11-05T15:25:56.994+0000][91.524s][info ][safepoint     ] Application time: 0.0048469 seconds
[2023-11-05T15:25:56.994+0000][91.525s][info ][safepoint     ] Entering safepoint region: Deoptimize
[2023-11-05T15:25:56.997+0000][91.528s][info ][safepoint     ] Leaving safepoint region
[2023-11-05T15:25:56.998+0000][91.528s][info ][safepoint     ] Total time for which application threads were stopped: 0.0033755 seconds, Stopping threads took: 0.0005421 seconds
[2023-11-05T15:25:57.037+0000][91.567s][debug][safepoint     ] Safepoint synchronization initiated. (186 threads)
[2023-11-05T15:25:57.037+0000][91.568s][info ][safepoint     ] Application time: 0.0391675 seconds
[2023-11-05T15:25:57.038+0000][91.568s][info ][safepoint     ] Entering safepoint region: G1CollectForAllocation
[2023-11-05T15:25:57.039+0000][91.569s][info ][gc,start      ] GC(67) Pause Young (Normal) (G1 Evacuation Pause)
[2023-11-05T15:25:57.040+0000][91.570s][info ][gc,task       ] GC(67) Using 8 workers of 8 for evacuation
[2023-11-05T15:25:57.065+0000][91.595s][info ][gc,phases     ] GC(67)   Pre Evacuate Collection Set: 0.0ms
[2023-11-05T15:25:57.065+0000][91.596s][info ][gc,phases     ] GC(67)   Evacuate Collection Set: 20.1ms
[2023-11-05T15:25:57.066+0000][91.596s][info ][gc,phases     ] GC(67)   Post Evacuate Collection Set: 4.1ms
[2023-11-05T15:25:57.066+0000][91.597s][info ][gc,phases     ] GC(67)   Other: 1.4ms
[2023-11-05T15:25:57.067+0000][91.597s][info ][gc,heap       ] GC(67) Eden regions: 166->0(157)
[2023-11-05T15:25:57.067+0000][91.598s][info ][gc,heap       ] GC(67) Survivor regions: 15->15(23)
[2023-11-05T15:25:57.068+0000][91.598s][info ][gc,heap       ] GC(67) Old regions: 141->145
[2023-11-05T15:25:57.068+0000][91.598s][info ][gc,heap       ] GC(67) Humongous regions: 10->10
[2023-11-05T15:25:57.068+0000][91.599s][info ][gc,metaspace  ] GC(67) Metaspace: 164501K(169916K)->164501K(169916K) NonClass: 145250K(148584K)->145250K(148584K) Class: 19251K(21332K)->19251K(21332K)
[2023-11-05T15:25:57.069+0000][91.599s][info ][gc            ] GC(67) Pause Young (Normal) (G1 Evacuation Pause) 329M->167M(381M) 29.880ms
[2023-11-05T15:25:57.069+0000][91.600s][info ][gc,cpu        ] GC(67) User=0.16s Sys=0.00s Real=0.03s
[2023-11-05T15:25:57.070+0000][91.600s][info ][safepoint     ] Leaving safepoint region
[2023-11-05T15:25:57.070+0000][91.601s][info ][safepoint     ] Total time for which application threads were stopped: 0.0321851 seconds, Stopping threads took: 0.0005612 seconds
[2023-11-05T15:25:57.071+0000][91.601s][info ][gc,stringdedup] Concurrent String Deduplication (91.601s)
[2023-11-05T15:25:57.074+0000][91.605s][info ][gc,stringdedup] Concurrent String Deduplication 266.2K->147.7K(118.5K) avg 54.3% (91.601s, 91.605s) 3.677ms
[2023-11-05T15:25:57.130+0000][91.661s][debug][safepoint     ] Safepoint synchronization initiated. (186 threads)
[2023-11-05T15:25:57.131+0000][91.661s][info ][safepoint     ] Application time: 0.0603164 seconds
[2023-11-05T15:25:57.132+0000][91.662s][info ][safepoint     ] Entering safepoint region: Deoptimize
[2023-11-05T15:25:57.135+0000][91.665s][info ][safepoint     ] Leaving safepoint region
[2023-11-05T15:25:57.135+0000][91.666s][info ][safepoint     ] Total time for which application threads were stopped: 0.0035487 seconds, Stopping threads took: 0.0006214 seconds
[2023-11-05T15:25:57.144+0000][91.674s][debug][safepoint     ] Safepoint synchronization initiated. (186 threads)
[2023-11-05T15:25:57.144+0000][91.675s][info ][safepoint     ] Application time: 0.0085763 seconds
[2023-11-05T15:25:57.145+0000][91.675s][info ][safepoint     ] Entering safepoint region: Deoptimize
[2023-11-05T15:25:57.148+0000][91.678s][info ][safepoint     ] Leaving safepoint region
[2023-11-05T15:25:57.149+0000][91.679s][info ][safepoint     ] Total time for which application threads were stopped: 0.0038601 seconds, Stopping threads took: 0.0004801 seconds
[2023-11-05T15:25:58.150+0000][92.680s][debug][safepoint     ] Safepoint synchronization initiated. (184 threads)
[2023-11-05T15:25:58.150+0000][92.681s][info ][safepoint     ] Application time: 1.0008275 seconds
[2023-11-05T15:25:58.151+0000][92.681s][info ][safepoint     ] Entering safepoint region: Cleanup
[2023-11-05T15:25:58.151+0000][92.682s][info ][safepoint     ] Leaving safepoint region
[2023-11-05T15:25:58.152+0000][92.682s][info ][safepoint     ] Total time for which application threads were stopped: 0.0012410 seconds, Stopping threads took: 0.0004787 seconds
[2023-11-05T15:25:59.152+0000][93.683s][debug][safepoint     ] Safepoint synchronization initiated. (184 threads)
[2023-11-05T15:25:59.153+0000][93.683s][info ][safepoint     ] Application time: 1.0007778 seconds
[2023-11-05T15:25:59.154+0000][93.684s][info ][safepoint     ] Entering safepoint region: Cleanup
[2023-11-05T15:25:59.154+0000][93.685s][info ][safepoint     ] Leaving safepoint region
[2023-11-05T15:25:59.155+0000][93.685s][info ][safepoint     ] Total time for which application threads were stopped: 0.0014304 seconds, Stopping threads took: 0.0006149 seconds
[2023-11-05T15:26:00.156+0000][94.686s][debug][safepoint     ] Safepoint synchronization initiated. (184 threads)
[2023-11-05T15:26:00.156+0000][94.687s][info ][safepoint     ] Application time: 1.0005868 seconds
[2023-11-05T15:26:00.157+0000][94.687s][info ][safepoint     ] Entering safepoint region: Cleanup
[2023-11-05T15:26:00.157+0000][94.688s][info ][safepoint     ] Leaving safepoint region
[2023-11-05T15:26:00.158+0000][94.688s][info ][safepoint     ] Total time for which application threads were stopped: 0.0011789 seconds, Stopping threads took: 0.0004973 seconds
[2023-11-05T15:26:01.158+0000][95.689s][debug][safepoint     ] Safepoint synchronization initiated. (184 threads)
[2023-11-05T15:26:01.159+0000][95.689s][info ][safepoint     ] Application time: 1.0007043 seconds
[2023-11-05T15:26:01.159+0000][95.690s][info ][safepoint     ] Entering safepoint region: Cleanup
[2023-11-05T15:26:01.160+0000][95.691s][info ][safepoint     ] Leaving safepoint region
[2023-11-05T15:26:01.161+0000][95.691s][info ][safepoint     ] Total time for which application threads were stopped: 0.0011949 seconds, Stopping threads took: 0.0005148 seconds
[2023-11-05T15:26:02.161+0000][96.692s][debug][safepoint     ] Safepoint synchronization initiated. (184 threads)
[2023-11-05T15:26:02.162+0000][96.692s][info ][safepoint     ] Application time: 1.0007699 seconds
[2023-11-05T15:26:02.162+0000][96.693s][info ][safepoint     ] Entering safepoint region: Cleanup
[2023-11-05T15:26:02.163+0000][96.693s][info ][safepoint     ] Leaving safepoint region
[2023-11-05T15:26:02.163+0000][96.694s][info ][safepoint     ] Total time for which application threads were stopped: 0.0010863 seconds, Stopping threads took: 0.0005066 seconds
[2023-11-05T15:26:03.164+0000][97.694s][debug][safepoint     ] Safepoint synchronization initiated. (184 threads)
[2023-11-05T15:26:03.165+0000][97.695s][info ][safepoint     ] Application time: 1.0009019 seconds
[2023-11-05T15:26:03.165+0000][97.696s][info ][safepoint     ] Entering safepoint region: Cleanup
[2023-11-05T15:26:03.166+0000][97.696s][info ][safepoint     ] Leaving safepoint region
[2023-11-05T15:26:03.166+0000][97.697s][info ][safepoint     ] Total time for which application threads were stopped: 0.0013069 seconds, Stopping threads took: 0.0005514 seconds
[2023-11-05T15:26:03.996+0000][98.526s][debug][safepoint     ] Safepoint synchronization initiated. (185 threads)
[2023-11-05T15:26:03.996+0000][98.527s][info ][safepoint     ] Application time: 0.8294032 seconds
[2023-11-05T15:26:03.997+0000][98.527s][info ][safepoint     ] Entering safepoint region: Deoptimize
[2023-11-05T15:26:04.000+0000][98.531s][info ][safepoint     ] Leaving safepoint region
[2023-11-05T15:26:04.001+0000][98.532s][info ][safepoint     ] Total time for which application threads were stopped: 0.0045705 seconds, Stopping threads took: 0.0005703 seconds
[2023-11-05T15:26:05.002+0000][99.533s][debug][safepoint     ] Safepoint synchronization initiated. (185 threads)
[2023-11-05T15:26:05.003+0000][99.533s][info ][safepoint     ] Application time: 1.0007293 seconds
[2023-11-05T15:26:05.003+0000][99.534s][info ][safepoint     ] Entering safepoint region: Cleanup
[2023-11-05T15:26:05.004+0000][99.535s][info ][safepoint     ] Leaving safepoint region
[2023-11-05T15:26:05.005+0000][99.535s][info ][safepoint     ] Total time for which application threads were stopped: 0.0014070 seconds, Stopping threads took: 0.0005750 seconds
[2023-11-05T15:26:06.006+0000][100.536s][debug][safepoint     ] Safepoint synchronization initiated. (185 threads)
[2023-11-05T15:26:06.006+0000][100.537s][info ][safepoint     ] Application time: 1.0011893 seconds
[2023-11-05T15:26:06.007+0000][100.537s][debug][safepoint     ] ... found polling page return exception at pc = 0x00007f808d44a4a8, stub =0x00007f8084840600
[2023-11-05T15:26:06.007+0000][100.538s][debug][safepoint     ] Waiting for 1 thread(s) to block
[2023-11-05T15:26:06.008+0000][100.538s][info ][safepoint     ] Entering safepoint region: Cleanup
[2023-11-05T15:26:06.009+0000][100.539s][info ][safepoint     ] Leaving safepoint region
[2023-11-05T15:26:06.009+0000][100.540s][info ][safepoint     ] Total time for which application threads were stopped: 0.0025402 seconds, Stopping threads took: 0.0016759 seconds
[2023-11-05T15:26:07.010+0000][101.540s][debug][safepoint     ] Safepoint synchronization initiated. (185 threads)
[2023-11-05T15:26:07.011+0000][101.541s][info ][safepoint     ] Application time: 1.0007757 seconds
[2023-11-05T15:26:07.011+0000][101.542s][info ][safepoint     ] Entering safepoint region: Cleanup
[2023-11-05T15:26:07.012+0000][101.542s][info ][safepoint     ] Leaving safepoint region
[2023-11-05T15:26:07.012+0000][101.543s][info ][safepoint     ] Total time for which application threads were stopped: 0.0010561 seconds, Stopping threads took: 0.0004152 seconds
[2023-11-05T15:26:08.013+0000][102.543s][debug][safepoint     ] Safepoint synchronization initiated. (185 threads)
[2023-11-05T15:26:08.013+0000][102.544s][info ][safepoint     ] Application time: 1.0008622 seconds
[2023-11-05T15:26:08.014+0000][102.545s][info ][safepoint     ] Entering safepoint region: Cleanup
[2023-11-05T15:26:08.015+0000][102.546s][info ][safepoint     ] Leaving safepoint region
[2023-11-05T15:26:08.016+0000][102.546s][info ][safepoint     ] Total time for which application threads were stopped: 0.0014792 seconds, Stopping threads took: 0.0006659 seconds
[2023-11-05T15:26:09.017+0000][103.547s][debug][safepoint     ] Safepoint synchronization initiated. (185 threads)
[2023-11-05T15:26:09.017+0000][103.548s][info ][safepoint     ] Application time: 1.0008210 seconds
[2023-11-05T15:26:09.018+0000][103.548s][info ][safepoint     ] Entering safepoint region: Cleanup
[2023-11-05T15:26:09.019+0000][103.549s][info ][safepoint     ] Leaving safepoint region
[2023-11-05T15:26:09.019+0000][103.550s][info ][safepoint     ] Total time for which application threads were stopped: 0.0012713 seconds, Stopping threads took: 0.0006110 seconds
[2023-11-05T15:26:10.020+0000][104.550s][debug][safepoint     ] Safepoint synchronization initiated. (184 threads)
[2023-11-05T15:26:10.020+0000][104.551s][info ][safepoint     ] Application time: 1.0005729 seconds
[2023-11-05T15:26:10.021+0000][104.551s][info ][safepoint     ] Entering safepoint region: Cleanup
[2023-11-05T15:26:10.021+0000][104.552s][info ][safepoint     ] Leaving safepoint region
[2023-11-05T15:26:10.022+0000][104.552s][info ][safepoint     ] Total time for which application threads were stopped: 0.0011849 seconds, Stopping threads took: 0.0004131 seconds
[2023-11-05T15:26:11.022+0000][105.553s][debug][safepoint     ] Safepoint synchronization initiated. (184 threads)
[2023-11-05T15:26:11.023+0000][105.553s][info ][safepoint     ] Application time: 1.0009001 seconds
[2023-11-05T15:26:11.024+0000][105.554s][info ][safepoint     ] Entering safepoint region: Cleanup
[2023-11-05T15:26:11.024+0000][105.555s][info ][safepoint     ] Leaving safepoint region
[2023-11-05T15:26:11.025+0000][105.555s][info ][safepoint     ] Total time for which application threads were stopped: 0.0013438 seconds, Stopping threads took: 0.0005536 seconds
[2023-11-05T15:26:12.025+0000][106.556s][debug][safepoint     ] Safepoint synchronization initiated. (184 threads)
[2023-11-05T15:26:12.026+0000][106.556s][info ][safepoint     ] Application time: 1.0006542 seconds
[2023-11-05T15:26:12.027+0000][106.557s][info ][safepoint     ] Entering safepoint region: Cleanup
[2023-11-05T15:26:12.027+0000][106.558s][info ][safepoint     ] Leaving safepoint region
[2023-11-05T15:26:12.028+0000][106.558s][info ][safepoint     ] Total time for which application threads were stopped: 0.0013007 seconds, Stopping threads took: 0.0005143 seconds
[2023-11-05T15:26:13.028+0000][107.559s][debug][safepoint     ] Safepoint synchronization initiated. (184 threads)
[2023-11-05T15:26:13.029+0000][107.560s][info ][safepoint     ] Application time: 1.0008893 seconds
[2023-11-05T15:26:13.030+0000][107.561s][info ][safepoint     ] Entering safepoint region: Cleanup
[2023-11-05T15:26:13.031+0000][107.562s][info ][safepoint     ] Leaving safepoint region
[2023-11-05T15:26:13.032+0000][107.562s][info ][safepoint     ] Total time for which application threads were stopped: 0.0015519 seconds, Stopping threads took: 0.0005903 seconds
[2023-11-05T15:26:14.033+0000][108.563s][debug][safepoint     ] Safepoint synchronization initiated. (184 threads)
[2023-11-05T15:26:14.033+0000][108.564s][info ][safepoint     ] Application time: 1.0008282 seconds
[2023-11-05T15:26:14.034+0000][108.564s][info ][safepoint     ] Entering safepoint region: Cleanup
[2023-11-05T15:26:14.035+0000][108.565s][info ][safepoint     ] Leaving safepoint region
[2023-11-05T15:26:14.035+0000][108.565s][info ][safepoint     ] Total time for which application threads were stopped: 0.0012204 seconds, Stopping threads took: 0.0005019 seconds
[2023-11-05T15:26:15.036+0000][109.566s][debug][safepoint     ] Safepoint synchronization initiated. (184 threads)
[2023-11-05T15:26:15.036+0000][109.567s][info ][safepoint     ] Application time: 1.0007216 seconds
[2023-11-05T15:26:15.037+0000][109.567s][info ][safepoint     ] Entering safepoint region: Cleanup
[2023-11-05T15:26:15.037+0000][109.568s][info ][safepoint     ] Leaving safepoint region
[2023-11-05T15:26:15.038+0000][109.568s][info ][safepoint     ] Total time for which application threads were stopped: 0.0011541 seconds, Stopping threads took: 0.0004549 seconds
[2023-11-05T15:26:16.038+0000][110.569s][debug][safepoint     ] Safepoint synchronization initiated. (184 threads)
[2023-11-05T15:26:16.039+0000][110.570s][info ][safepoint     ] Application time: 1.0008630 seconds
[2023-11-05T15:26:16.040+0000][110.570s][info ][safepoint     ] Entering safepoint region: Cleanup
[2023-11-05T15:26:16.040+0000][110.571s][info ][safepoint     ] Leaving safepoint region
[2023-11-05T15:26:16.041+0000][110.572s][info ][safepoint     ] Total time for which application threads were stopped: 0.0014698 seconds, Stopping threads took: 0.0006396 seconds
[2023-11-05T15:26:17.042+0000][111.572s][debug][safepoint     ] Safepoint synchronization initiated. (184 threads)
[2023-11-05T15:26:17.042+0000][111.573s][info ][safepoint     ] Application time: 1.0007866 seconds
[2023-11-05T15:26:17.043+0000][111.573s][info ][safepoint     ] Entering safepoint region: Cleanup
[2023-11-05T15:26:17.044+0000][111.574s][info ][safepoint     ] Leaving safepoint region
[2023-11-05T15:26:17.044+0000][111.574s][info ][safepoint     ] Total time for which application threads were stopped: 0.0012371 seconds, Stopping threads took: 0.0005527 seconds
[2023-11-05T15:26:18.045+0000][112.575s][debug][safepoint     ] Safepoint synchronization initiated. (184 threads)
[2023-11-05T15:26:18.045+0000][112.576s][info ][safepoint     ] Application time: 1.0006877 seconds
[2023-11-05T15:26:18.046+0000][112.576s][info ][safepoint     ] Entering safepoint region: Cleanup
[2023-11-05T15:26:18.046+0000][112.577s][info ][safepoint     ] Leaving safepoint region
[2023-11-05T15:26:18.047+0000][112.577s][info ][safepoint     ] Total time for which application threads were stopped: 0.0011585 seconds, Stopping threads took: 0.0005562 seconds
[2023-11-05T15:26:19.047+0000][113.578s][debug][safepoint     ] Safepoint synchronization initiated. (184 threads)
[2023-11-05T15:26:19.048+0000][113.578s][info ][safepoint     ] Application time: 1.0006975 seconds
[2023-11-05T15:26:19.048+0000][113.579s][info ][safepoint     ] Entering safepoint region: Cleanup
[2023-11-05T15:26:19.049+0000][113.579s][info ][safepoint     ] Leaving safepoint region
[2023-11-05T15:26:19.049+0000][113.580s][info ][safepoint     ] Total time for which application threads were stopped: 0.0011325 seconds, Stopping threads took: 0.0004646 seconds
[2023-11-05T15:26:20.050+0000][114.581s][debug][safepoint     ] Safepoint synchronization initiated. (184 threads)
[2023-11-05T15:26:20.051+0000][114.581s][info ][safepoint     ] Application time: 1.0008410 seconds
[2023-11-05T15:26:20.051+0000][114.582s][info ][safepoint     ] Entering safepoint region: Cleanup
[2023-11-05T15:26:20.052+0000][114.583s][info ][safepoint     ] Leaving safepoint region
[2023-11-05T15:26:20.053+0000][114.583s][info ][safepoint     ] Total time for which application threads were stopped: 0.0014740 seconds, Stopping threads took: 0.0006299 seconds
[2023-11-05T15:26:21.054+0000][115.584s][debug][safepoint     ] Safepoint synchronization initiated. (184 threads)
[2023-11-05T15:26:21.054+0000][115.585s][info ][safepoint     ] Application time: 1.0008261 seconds
[2023-11-05T15:26:21.055+0000][115.585s][info ][safepoint     ] Entering safepoint region: Cleanup
[2023-11-05T15:26:21.055+0000][115.586s][info ][safepoint     ] Leaving safepoint region
[2023-11-05T15:26:21.056+0000][115.586s][info ][safepoint     ] Total time for which application threads were stopped: 0.0013078 seconds, Stopping threads took: 0.0006001 seconds
[2023-11-05T15:26:22.056+0000][116.587s][debug][safepoint     ] Safepoint synchronization initiated. (184 threads)
[2023-11-05T15:26:22.057+0000][116.588s][info ][safepoint     ] Application time: 1.0009158 seconds
[2023-11-05T15:26:22.058+0000][116.589s][info ][safepoint     ] Entering safepoint region: Cleanup
[2023-11-05T15:26:22.059+0000][116.590s][info ][safepoint     ] Leaving safepoint region
[2023-11-05T15:26:22.060+0000][116.590s][info ][safepoint     ] Total time for which application threads were stopped: 0.0016162 seconds, Stopping threads took: 0.0006749 seconds
[2023-11-05T15:26:23.061+0000][117.591s][debug][safepoint     ] Safepoint synchronization initiated. (185 threads)
[2023-11-05T15:26:23.061+0000][117.592s][info ][safepoint     ] Application time: 1.0008242 seconds
[2023-11-05T15:26:23.065+0000][117.595s][info ][safepoint     ] Entering safepoint region: Cleanup
[2023-11-05T15:26:23.066+0000][117.596s][info ][safepoint     ] Leaving safepoint region
[2023-11-05T15:26:23.069+0000][117.600s][info ][safepoint     ] Total time for which application threads were stopped: 0.0048858 seconds, Stopping threads took: 0.0013154 seconds
[2023-11-05T15:26:24.070+0000][118.601s][debug][safepoint     ] Safepoint synchronization initiated. (185 threads)
[2023-11-05T15:26:24.071+0000][118.602s][info ][safepoint     ] Application time: 1.0011364 seconds
[2023-11-05T15:26:24.071+0000][118.602s][info ][safepoint     ] Entering safepoint region: Cleanup
[2023-11-05T15:26:24.072+0000][118.603s][info ][safepoint     ] Leaving safepoint region
[2023-11-05T15:26:24.073+0000][118.604s][info ][safepoint     ] Total time for which application threads were stopped: 0.0017437 seconds, Stopping threads took: 0.0008055 seconds
[2023-11-05T15:26:25.074+0000][119.605s][debug][safepoint     ] Safepoint synchronization initiated. (185 threads)
[2023-11-05T15:26:25.095+0000][119.625s][info ][safepoint     ] Application time: 1.0207723 seconds
[2023-11-05T15:26:25.097+0000][119.628s][info ][safepoint     ] Entering safepoint region: Cleanup
[2023-11-05T15:26:25.106+0000][119.637s][info ][safepoint     ] Leaving safepoint region
[2023-11-05T15:26:25.109+0000][119.639s][info ][safepoint     ] Total time for which application threads were stopped: 0.0111740 seconds, Stopping threads took: 0.0086422 seconds
[2023-11-05T15:26:26.111+0000][120.641s][debug][safepoint     ] Safepoint synchronization initiated. (185 threads)
[2023-11-05T15:26:26.112+0000][120.642s][info ][safepoint     ] Application time: 1.0011491 seconds
[2023-11-05T15:26:26.113+0000][120.644s][info ][safepoint     ] Entering safepoint region: Cleanup
[2023-11-05T15:26:26.114+0000][120.645s][info ][safepoint     ] Leaving safepoint region
[2023-11-05T15:26:26.114+0000][120.645s][info ][safepoint     ] Total time for which application threads were stopped: 0.0016379 seconds, Stopping threads took: 0.0006962 seconds
[2023-11-05T15:26:27.115+0000][121.646s][debug][safepoint     ] Safepoint synchronization initiated. (185 threads)
[2023-11-05T15:26:27.116+0000][121.647s][info ][safepoint     ] Application time: 1.0013658 seconds
[2023-11-05T15:26:27.117+0000][121.648s][info ][safepoint     ] Entering safepoint region: Cleanup
[2023-11-05T15:26:27.118+0000][121.649s][info ][safepoint     ] Leaving safepoint region
[2023-11-05T15:26:27.119+0000][121.649s][info ][safepoint     ] Total time for which application threads were stopped: 0.0015529 seconds, Stopping threads took: 0.0007175 seconds
[2023-11-05T15:26:28.119+0000][122.650s][debug][safepoint     ] Safepoint synchronization initiated. (185 threads)
[2023-11-05T15:26:28.121+0000][122.652s][info ][safepoint     ] Application time: 1.0020140 seconds
[2023-11-05T15:26:28.122+0000][122.653s][info ][safepoint     ] Entering safepoint region: Cleanup
[2023-11-05T15:26:28.123+0000][122.654s][info ][safepoint     ] Leaving safepoint region
[2023-11-05T15:26:28.124+0000][122.655s][info ][safepoint     ] Total time for which application threads were stopped: 0.0019033 seconds, Stopping threads took: 0.0010626 seconds
[2023-11-05T15:26:29.125+0000][123.655s][debug][safepoint     ] Safepoint synchronization initiated. (185 threads)
[2023-11-05T15:26:29.136+0000][123.667s][info ][safepoint     ] Application time: 1.0119512 seconds
[2023-11-05T15:26:29.138+0000][123.668s][info ][safepoint     ] Entering safepoint region: Cleanup
[2023-11-05T15:26:29.139+0000][123.670s][info ][safepoint     ] Leaving safepoint region
[2023-11-05T15:26:29.141+0000][123.672s][info ][safepoint     ] Total time for which application threads were stopped: 0.0036159 seconds, Stopping threads took: 0.0013084 seconds
[2023-11-05T15:26:30.146+0000][124.677s][debug][safepoint     ] Safepoint synchronization initiated. (185 threads)
[2023-11-05T15:26:30.176+0000][124.706s][info ][safepoint     ] Application time: 1.0297056 seconds
[2023-11-05T15:26:30.177+0000][124.708s][info ][safepoint     ] Entering safepoint region: Cleanup
[2023-11-05T15:26:30.178+0000][124.709s][info ][safepoint     ] Leaving safepoint region
[2023-11-05T15:26:30.179+0000][124.710s][info ][safepoint     ] Total time for which application threads were stopped: 0.0023378 seconds, Stopping threads took: 0.0013319 seconds
[2023-11-05T15:26:31.180+0000][125.710s][debug][safepoint     ] Safepoint synchronization initiated. (185 threads)
[2023-11-05T15:26:31.191+0000][125.721s][info ][safepoint     ] Application time: 1.0109507 seconds
[2023-11-05T15:26:31.200+0000][125.731s][info ][safepoint     ] Entering safepoint region: Cleanup
[2023-11-05T15:26:31.210+0000][125.741s][info ][safepoint     ] Leaving safepoint region
[2023-11-05T15:26:31.218+0000][125.749s][info ][safepoint     ] Total time for which application threads were stopped: 0.0182256 seconds, Stopping threads took: 0.0097891 seconds
[2023-11-05T15:26:32.233+0000][126.763s][debug][safepoint     ] Safepoint synchronization initiated. (185 threads)
[2023-11-05T15:26:32.264+0000][126.795s][info ][safepoint     ] Application time: 1.0319683 seconds
[2023-11-05T15:26:32.315+0000][126.845s][debug][safepoint     ] ... found polling page return exception at pc = 0x00007f808d44a4a8, stub =0x00007f8084840600
[2023-11-05T15:26:32.369+0000][126.900s][debug][safepoint     ] Waiting for 1 thread(s) to block
[2023-11-05T15:26:32.387+0000][126.917s][info ][safepoint     ] Entering safepoint region: Cleanup
[2023-11-05T15:26:32.400+0000][126.931s][info ][safepoint     ] Leaving safepoint region
[2023-11-05T15:26:32.425+0000][126.956s][info ][safepoint     ] Total time for which application threads were stopped: 0.1103704 seconds, Stopping threads took: 0.0854965 seconds
[2023-11-05T15:26:33.436+0000][127.967s][debug][safepoint     ] Safepoint synchronization initiated. (185 threads)
[2023-11-05T15:26:33.437+0000][127.968s][info ][safepoint     ] Application time: 1.0010223 seconds
[2023-11-05T15:26:33.438+0000][127.969s][info ][safepoint     ] Entering safepoint region: Cleanup
[2023-11-05T15:26:33.439+0000][127.970s][info ][safepoint     ] Leaving safepoint region
[2023-11-05T15:26:33.440+0000][127.971s][info ][safepoint     ] Total time for which application threads were stopped: 0.0019942 seconds, Stopping threads took: 0.0008776 seconds
[2023-11-05T15:26:34.441+0000][128.972s][debug][safepoint     ] Safepoint synchronization initiated. (185 threads)
[2023-11-05T15:26:34.441+0000][128.972s][info ][safepoint     ] Application time: 1.0008968 seconds
[2023-11-05T15:26:34.442+0000][128.973s][info ][safepoint     ] Entering safepoint region: Cleanup
[2023-11-05T15:26:34.443+0000][128.974s][info ][safepoint     ] Leaving safepoint region
[2023-11-05T15:26:34.444+0000][128.975s][info ][safepoint     ] Total time for which application threads were stopped: 0.0016460 seconds, Stopping threads took: 0.0006672 seconds
[2023-11-05T15:26:35.445+0000][129.975s][debug][safepoint     ] Safepoint synchronization initiated. (184 threads)
[2023-11-05T15:26:35.446+0000][129.977s][info ][safepoint     ] Application time: 1.0017169 seconds
[2023-11-05T15:26:35.448+0000][129.978s][info ][safepoint     ] Entering safepoint region: Cleanup
[2023-11-05T15:26:35.449+0000][129.980s][info ][safepoint     ] Leaving safepoint region
[2023-11-05T15:26:35.450+0000][129.980s][info ][safepoint     ] Total time for which application threads were stopped: 0.0019519 seconds, Stopping threads took: 0.0010200 seconds
[2023-11-05T15:26:36.450+0000][130.981s][debug][safepoint     ] Safepoint synchronization initiated. (184 threads)
[2023-11-05T15:26:36.451+0000][130.982s][info ][safepoint     ] Application time: 1.0008501 seconds
[2023-11-05T15:26:36.452+0000][130.982s][info ][safepoint     ] Entering safepoint region: Cleanup
[2023-11-05T15:26:36.452+0000][130.983s][info ][safepoint     ] Leaving safepoint region
[2023-11-05T15:26:36.453+0000][130.984s][info ][safepoint     ] Total time for which application threads were stopped: 0.0014002 seconds, Stopping threads took: 0.0006439 seconds
[2023-11-05T15:26:37.454+0000][131.984s][debug][safepoint     ] Safepoint synchronization initiated. (184 threads)
[2023-11-05T15:26:37.454+0000][131.985s][info ][safepoint     ] Application time: 1.0006398 seconds
[2023-11-05T15:26:37.454+0000][131.985s][info ][safepoint     ] Entering safepoint region: Cleanup
[2023-11-05T15:26:37.455+0000][131.986s][info ][safepoint     ] Leaving safepoint region
[2023-11-05T15:26:37.456+0000][131.986s][info ][safepoint     ] Total time for which application threads were stopped: 0.0011259 seconds, Stopping threads took: 0.0003868 seconds
[2023-11-05T15:26:38.456+0000][132.987s][debug][safepoint     ] Safepoint synchronization initiated. (184 threads)
[2023-11-05T15:26:38.457+0000][132.988s][info ][safepoint     ] Application time: 1.0009176 seconds
[2023-11-05T15:26:38.457+0000][132.988s][info ][safepoint     ] Entering safepoint region: Cleanup
[2023-11-05T15:26:38.458+0000][132.989s][info ][safepoint     ] Leaving safepoint region
[2023-11-05T15:26:38.458+0000][132.989s][info ][safepoint     ] Total time for which application threads were stopped: 0.0011118 seconds, Stopping threads took: 0.0005420 seconds
[2023-11-05T15:26:39.459+0000][133.990s][debug][safepoint     ] Safepoint synchronization initiated. (184 threads)
[2023-11-05T15:26:39.460+0000][133.990s][info ][safepoint     ] Application time: 1.0007442 seconds
[2023-11-05T15:26:39.460+0000][133.991s][info ][safepoint     ] Entering safepoint region: Cleanup
[2023-11-05T15:26:39.461+0000][133.991s][info ][safepoint     ] Leaving safepoint region
[2023-11-05T15:26:39.461+0000][133.992s][info ][safepoint     ] Total time for which application threads were stopped: 0.0010762 seconds, Stopping threads took: 0.0004548 seconds
[2023-11-05T15:26:40.462+0000][134.992s][debug][safepoint     ] Safepoint synchronization initiated. (184 threads)
[2023-11-05T15:26:40.462+0000][134.993s][info ][safepoint     ] Application time: 1.0007267 seconds
[2023-11-05T15:26:40.463+0000][134.993s][info ][safepoint     ] Entering safepoint region: Cleanup
[2023-11-05T15:26:40.463+0000][134.994s][info ][safepoint     ] Leaving safepoint region
[2023-11-05T15:26:40.464+0000][134.994s][info ][safepoint     ] Total time for which application threads were stopped: 0.0011192 seconds, Stopping threads took: 0.0004716 seconds
[2023-11-05T15:26:41.464+0000][135.995s][debug][safepoint     ] Safepoint synchronization initiated. (184 threads)
[2023-11-05T15:26:41.465+0000][135.996s][info ][safepoint     ] Application time: 1.0008205 seconds
[2023-11-05T15:26:41.466+0000][135.996s][info ][safepoint     ] Entering safepoint region: Cleanup
[2023-11-05T15:26:41.466+0000][135.997s][info ][safepoint     ] Leaving safepoint region
[2023-11-05T15:26:41.467+0000][135.997s][info ][safepoint     ] Total time for which application threads were stopped: 0.0012507 seconds, Stopping threads took: 0.0006000 seconds
[2023-11-05T15:26:42.467+0000][136.998s][debug][safepoint     ] Safepoint synchronization initiated. (184 threads)
[2023-11-05T15:26:42.468+0000][136.999s][info ][safepoint     ] Application time: 1.0008270 seconds
[2023-11-05T15:26:42.468+0000][136.999s][info ][safepoint     ] Entering safepoint region: Cleanup
[2023-11-05T15:26:42.469+0000][137.000s][info ][safepoint     ] Leaving safepoint region
[2023-11-05T15:26:42.470+0000][137.000s][info ][safepoint     ] Total time for which application threads were stopped: 0.0012024 seconds, Stopping threads took: 0.0005608 seconds
[2023-11-05T15:26:43.470+0000][138.001s][debug][safepoint     ] Safepoint synchronization initiated. (184 threads)
[2023-11-05T15:26:43.471+0000][138.002s][info ][safepoint     ] Application time: 1.0008380 seconds
[2023-11-05T15:26:43.471+0000][138.002s][info ][safepoint     ] Entering safepoint region: Cleanup
[2023-11-05T15:26:43.472+0000][138.003s][info ][safepoint     ] Leaving safepoint region
[2023-11-05T15:26:43.472+0000][138.003s][info ][safepoint     ] Total time for which application threads were stopped: 0.0010475 seconds, Stopping threads took: 0.0004090 seconds
[2023-11-05T15:26:44.473+0000][139.003s][debug][safepoint     ] Safepoint synchronization initiated. (184 threads)
[2023-11-05T15:26:44.473+0000][139.004s][info ][safepoint     ] Application time: 1.0007803 seconds
[2023-11-05T15:26:44.474+0000][139.005s][info ][safepoint     ] Entering safepoint region: Cleanup
[2023-11-05T15:26:44.474+0000][139.005s][info ][safepoint     ] Leaving safepoint region
[2023-11-05T15:26:44.475+0000][139.006s][info ][safepoint     ] Total time for which application threads were stopped: 0.0011107 seconds, Stopping threads took: 0.0004313 seconds
[2023-11-05T15:26:45.476+0000][140.006s][debug][safepoint     ] Safepoint synchronization initiated. (184 threads)
[2023-11-05T15:26:45.476+0000][140.007s][info ][safepoint     ] Application time: 1.0008936 seconds
[2023-11-05T15:26:45.477+0000][140.007s][info ][safepoint     ] Entering safepoint region: Cleanup
[2023-11-05T15:26:45.477+0000][140.008s][info ][safepoint     ] Leaving safepoint region
[2023-11-05T15:26:45.478+0000][140.009s][info ][safepoint     ] Total time for which application threads were stopped: 0.0013461 seconds, Stopping threads took: 0.0006280 seconds
[2023-11-05T15:26:46.479+0000][141.009s][debug][safepoint     ] Safepoint synchronization initiated. (184 threads)
[2023-11-05T15:26:46.479+0000][141.010s][info ][safepoint     ] Application time: 1.0008464 seconds
[2023-11-05T15:26:46.480+0000][141.010s][info ][safepoint     ] Entering safepoint region: Cleanup
[2023-11-05T15:26:46.480+0000][141.011s][info ][safepoint     ] Leaving safepoint region
[2023-11-05T15:26:46.481+0000][141.012s][info ][safepoint     ] Total time for which application threads were stopped: 0.0011325 seconds, Stopping threads took: 0.0004965 seconds
[2023-11-05T15:26:47.481+0000][142.012s][debug][safepoint     ] Safepoint synchronization initiated. (184 threads)
[2023-11-05T15:26:47.482+0000][142.013s][info ][safepoint     ] Application time: 1.0006169 seconds
[2023-11-05T15:26:47.482+0000][142.013s][info ][safepoint     ] Entering safepoint region: Cleanup
[2023-11-05T15:26:47.483+0000][142.014s][info ][safepoint     ] Leaving safepoint region
[2023-11-05T15:26:47.483+0000][142.014s][info ][safepoint     ] Total time for which application threads were stopped: 0.0011350 seconds, Stopping threads took: 0.0004667 seconds
[2023-11-05T15:26:48.484+0000][143.015s][debug][safepoint     ] Safepoint synchronization initiated. (184 threads)
[2023-11-05T15:26:48.485+0000][143.015s][info ][safepoint     ] Application time: 1.0007447 seconds
[2023-11-05T15:26:48.485+0000][143.016s][info ][safepoint     ] Entering safepoint region: Cleanup
[2023-11-05T15:26:48.486+0000][143.017s][info ][safepoint     ] Leaving safepoint region
[2023-11-05T15:26:48.486+0000][143.017s][info ][safepoint     ] Total time for which application threads were stopped: 0.0014557 seconds, Stopping threads took: 0.0005891 seconds
[2023-11-05T15:26:49.487+0000][144.018s][debug][safepoint     ] Safepoint synchronization initiated. (185 threads)
[2023-11-05T15:26:49.488+0000][144.018s][info ][safepoint     ] Application time: 1.0006985 seconds
[2023-11-05T15:26:49.488+0000][144.019s][info ][safepoint     ] Entering safepoint region: Cleanup
[2023-11-05T15:26:49.489+0000][144.019s][info ][safepoint     ] Leaving safepoint region
[2023-11-05T15:26:49.489+0000][144.020s][info ][safepoint     ] Total time for which application threads were stopped: 0.0012143 seconds, Stopping threads took: 0.0004191 seconds
[2023-11-05T15:26:50.490+0000][145.021s][debug][safepoint     ] Safepoint synchronization initiated. (185 threads)
[2023-11-05T15:26:50.490+0000][145.021s][info ][safepoint     ] Application time: 1.0006739 seconds
[2023-11-05T15:26:50.491+0000][145.022s][info ][safepoint     ] Entering safepoint region: Cleanup
[2023-11-05T15:26:50.492+0000][145.023s][info ][safepoint     ] Leaving safepoint region
[2023-11-05T15:26:50.492+0000][145.023s][info ][safepoint     ] Total time for which application threads were stopped: 0.0012450 seconds, Stopping threads took: 0.0005274 seconds
[2023-11-05T15:26:51.493+0000][146.024s][debug][safepoint     ] Safepoint synchronization initiated. (185 threads)
[2023-11-05T15:26:51.494+0000][146.024s][info ][safepoint     ] Application time: 1.0006674 seconds
[2023-11-05T15:26:51.494+0000][146.025s][info ][safepoint     ] Entering safepoint region: Cleanup
[2023-11-05T15:26:51.495+0000][146.026s][info ][safepoint     ] Leaving safepoint region
[2023-11-05T15:26:51.495+0000][146.026s][info ][safepoint     ] Total time for which application threads were stopped: 0.0012692 seconds, Stopping threads took: 0.0004923 seconds
[2023-11-05T15:26:52.497+0000][147.027s][debug][safepoint     ] Safepoint synchronization initiated. (185 threads)
[2023-11-05T15:26:52.497+0000][147.028s][info ][safepoint     ] Application time: 1.0008176 seconds
[2023-11-05T15:26:52.498+0000][147.029s][info ][safepoint     ] Entering safepoint region: Cleanup
[2023-11-05T15:26:52.499+0000][147.029s][info ][safepoint     ] Leaving safepoint region
[2023-11-05T15:26:52.499+0000][147.030s][info ][safepoint     ] Total time for which application threads were stopped: 0.0012204 seconds, Stopping threads took: 0.0005704 seconds
[2023-11-05T15:26:53.500+0000][148.030s][debug][safepoint     ] Safepoint synchronization initiated. (185 threads)
[2023-11-05T15:26:53.500+0000][148.031s][info ][safepoint     ] Application time: 1.0006874 seconds
[2023-11-05T15:26:53.501+0000][148.032s][info ][safepoint     ] Entering safepoint region: Cleanup
[2023-11-05T15:26:53.501+0000][148.032s][info ][safepoint     ] Leaving safepoint region
[2023-11-05T15:26:53.502+0000][148.033s][info ][safepoint     ] Total time for which application threads were stopped: 0.0010931 seconds, Stopping threads took: 0.0004655 seconds
[2023-11-05T15:26:54.502+0000][149.033s][debug][safepoint     ] Safepoint synchronization initiated. (185 threads)
[2023-11-05T15:26:54.503+0000][149.034s][info ][safepoint     ] Application time: 1.0007013 seconds
[2023-11-05T15:26:54.504+0000][149.034s][info ][safepoint     ] Entering safepoint region: Cleanup
[2023-11-05T15:26:54.505+0000][149.035s][info ][safepoint     ] Leaving safepoint region
[2023-11-05T15:26:54.505+0000][149.036s][info ][safepoint     ] Total time for which application threads were stopped: 0.0015164 seconds, Stopping threads took: 0.0007222 seconds
[2023-11-05T15:26:55.506+0000][150.036s][debug][safepoint     ] Safepoint synchronization initiated. (185 threads)
[2023-11-05T15:26:55.506+0000][150.037s][info ][safepoint     ] Application time: 1.0006107 seconds
[2023-11-05T15:26:55.507+0000][150.038s][info ][safepoint     ] Entering safepoint region: Cleanup
[2023-11-05T15:26:55.508+0000][150.038s][info ][safepoint     ] Leaving safepoint region
[2023-11-05T15:26:55.508+0000][150.039s][info ][safepoint     ] Total time for which application threads were stopped: 0.0013987 seconds, Stopping threads took: 0.0005497 seconds
[2023-11-05T15:26:56.509+0000][151.039s][debug][safepoint     ] Safepoint synchronization initiated. (185 threads)
[2023-11-05T15:26:56.509+0000][151.040s][info ][safepoint     ] Application time: 1.0007770 seconds
[2023-11-05T15:26:56.510+0000][151.041s][info ][safepoint     ] Entering safepoint region: Cleanup
[2023-11-05T15:26:56.511+0000][151.041s][info ][safepoint     ] Leaving safepoint region
[2023-11-05T15:26:56.511+0000][151.042s][info ][safepoint     ] Total time for which application threads were stopped: 0.0013400 seconds, Stopping threads took: 0.0005799 seconds
[2023-11-05T15:26:57.512+0000][152.043s][debug][safepoint     ] Safepoint synchronization initiated. (185 threads)
[2023-11-05T15:26:57.512+0000][152.043s][info ][safepoint     ] Application time: 1.0006745 seconds
[2023-11-05T15:26:57.513+0000][152.044s][info ][safepoint     ] Entering safepoint region: Cleanup
[2023-11-05T15:26:57.514+0000][152.044s][info ][safepoint     ] Leaving safepoint region
[2023-11-05T15:26:57.514+0000][152.045s][info ][safepoint     ] Total time for which application threads were stopped: 0.0012047 seconds, Stopping threads took: 0.0004889 seconds
[2023-11-05T15:26:58.515+0000][153.045s][debug][safepoint     ] Safepoint synchronization initiated. (185 threads)
[2023-11-05T15:26:58.515+0000][153.046s][info ][safepoint     ] Application time: 1.0006636 seconds
[2023-11-05T15:26:58.516+0000][153.046s][info ][safepoint     ] Entering safepoint region: Cleanup
[2023-11-05T15:26:58.516+0000][153.047s][info ][safepoint     ] Leaving safepoint region
[2023-11-05T15:26:58.517+0000][153.047s][info ][safepoint     ] Total time for which application threads were stopped: 0.0010284 seconds, Stopping threads took: 0.0004051 seconds
[2023-11-05T15:26:59.517+0000][154.048s][debug][safepoint     ] Safepoint synchronization initiated. (185 threads)
[2023-11-05T15:26:59.518+0000][154.048s][info ][safepoint     ] Application time: 1.0007246 seconds
[2023-11-05T15:26:59.518+0000][154.049s][info ][safepoint     ] Entering safepoint region: Cleanup
[2023-11-05T15:26:59.519+0000][154.050s][info ][safepoint     ] Leaving safepoint region
[2023-11-05T15:26:59.519+0000][154.050s][info ][safepoint     ] Total time for which application threads were stopped: 0.0010952 seconds, Stopping threads took: 0.0004824 seconds
[2023-11-05T15:27:00.520+0000][155.051s][debug][safepoint     ] Safepoint synchronization initiated. (185 threads)
[2023-11-05T15:27:00.520+0000][155.051s][info ][safepoint     ] Application time: 1.0007014 seconds
[2023-11-05T15:27:00.521+0000][155.052s][info ][safepoint     ] Entering safepoint region: Cleanup
[2023-11-05T15:27:00.521+0000][155.052s][info ][safepoint     ] Leaving safepoint region
[2023-11-05T15:27:00.522+0000][155.053s][info ][safepoint     ] Total time for which application threads were stopped: 0.0009813 seconds, Stopping threads took: 0.0004136 seconds
[2023-11-05T15:27:01.522+0000][156.053s][debug][safepoint     ] Safepoint synchronization initiated. (185 threads)
[2023-11-05T15:27:01.523+0000][156.054s][info ][safepoint     ] Application time: 1.0007186 seconds
[2023-11-05T15:27:01.523+0000][156.054s][info ][safepoint     ] Entering safepoint region: Cleanup
[2023-11-05T15:27:01.524+0000][156.055s][info ][safepoint     ] Leaving safepoint region
[2023-11-05T15:27:01.525+0000][156.056s][info ][safepoint     ] Total time for which application threads were stopped: 0.0014558 seconds, Stopping threads took: 0.0005690 seconds
[2023-11-05T15:27:02.525+0000][157.056s][debug][safepoint     ] Safepoint synchronization initiated. (185 threads)
[2023-11-05T15:27:02.526+0000][157.057s][info ][safepoint     ] Application time: 1.0006760 seconds
[2023-11-05T15:27:02.527+0000][157.057s][info ][safepoint     ] Entering safepoint region: Cleanup
[2023-11-05T15:27:02.527+0000][157.058s][info ][safepoint     ] Leaving safepoint region
[2023-11-05T15:27:02.528+0000][157.058s][info ][safepoint     ] Total time for which application threads were stopped: 0.0011371 seconds, Stopping threads took: 0.0004745 seconds
[2023-11-05T15:27:03.528+0000][158.059s][debug][safepoint     ] Safepoint synchronization initiated. (185 threads)
[2023-11-05T15:27:03.529+0000][158.060s][info ][safepoint     ] Application time: 1.0009143 seconds
[2023-11-05T15:27:03.530+0000][158.060s][info ][safepoint     ] Entering safepoint region: Cleanup
[2023-11-05T15:27:03.530+0000][158.061s][info ][safepoint     ] Leaving safepoint region
[2023-11-05T15:27:03.531+0000][158.062s][info ][safepoint     ] Total time for which application threads were stopped: 0.0015130 seconds, Stopping threads took: 0.0006521 seconds
[2023-11-05T15:27:11.533+0000][166.063s][debug][safepoint     ] Safepoint synchronization initiated. (185 threads)
[2023-11-05T15:27:11.533+0000][166.064s][info ][safepoint     ] Application time: 8.0019085 seconds
[2023-11-05T15:27:11.534+0000][166.065s][info ][safepoint     ] Entering safepoint region: Cleanup
[2023-11-05T15:27:11.535+0000][166.066s][info ][safepoint     ] Leaving safepoint region
[2023-11-05T15:27:11.536+0000][166.066s][info ][safepoint     ] Total time for which application threads were stopped: 0.0015661 seconds, Stopping threads took: 0.0006138 seconds
[2023-11-05T15:27:12.537+0000][167.067s][debug][safepoint     ] Safepoint synchronization initiated. (185 threads)
[2023-11-05T15:27:12.537+0000][167.068s][info ][safepoint     ] Application time: 1.0007123 seconds
[2023-11-05T15:27:12.538+0000][167.069s][info ][safepoint     ] Entering safepoint region: Cleanup
[2023-11-05T15:27:12.539+0000][167.069s][info ][safepoint     ] Leaving safepoint region
[2023-11-05T15:27:12.540+0000][167.070s][info ][safepoint     ] Total time for which application threads were stopped: 0.0017881 seconds, Stopping threads took: 0.0005284 seconds
[2023-11-05T15:27:16.541+0000][171.072s][debug][safepoint     ] Safepoint synchronization initiated. (185 threads)
[2023-11-05T15:27:16.542+0000][171.072s][info ][safepoint     ] Application time: 4.0011992 seconds
[2023-11-05T15:27:16.542+0000][171.073s][info ][safepoint     ] Entering safepoint region: Cleanup
[2023-11-05T15:27:16.543+0000][171.074s][info ][safepoint     ] Leaving safepoint region
[2023-11-05T15:27:16.544+0000][171.074s][info ][safepoint     ] Total time for which application threads were stopped: 0.0013635 seconds, Stopping threads took: 0.0006379 seconds
[2023-11-05T15:27:19.545+0000][174.075s][debug][safepoint     ] Safepoint synchronization initiated. (185 threads)
[2023-11-05T15:27:19.545+0000][174.076s][info ][safepoint     ] Application time: 3.0011490 seconds
[2023-11-05T15:27:19.546+0000][174.076s][info ][safepoint     ] Entering safepoint region: Cleanup
[2023-11-05T15:27:19.547+0000][174.077s][info ][safepoint     ] Leaving safepoint region
[2023-11-05T15:27:19.547+0000][174.078s][info ][safepoint     ] Total time for which application threads were stopped: 0.0015992 seconds, Stopping threads took: 0.0005430 seconds
[2023-11-05T15:27:20.548+0000][175.079s][debug][safepoint     ] Safepoint synchronization initiated. (185 threads)
[2023-11-05T15:27:20.549+0000][175.080s][info ][safepoint     ] Application time: 1.0011926 seconds
[2023-11-05T15:27:20.550+0000][175.080s][info ][safepoint     ] Entering safepoint region: Cleanup
[2023-11-05T15:27:20.551+0000][175.081s][info ][safepoint     ] Leaving safepoint region
[2023-11-05T15:27:20.551+0000][175.082s][info ][safepoint     ] Total time for which application threads were stopped: 0.0016266 seconds, Stopping threads took: 0.0006752 seconds
[2023-11-05T15:27:21.552+0000][176.083s][debug][safepoint     ] Safepoint synchronization initiated. (185 threads)
[2023-11-05T15:27:21.553+0000][176.083s][info ][safepoint     ] Application time: 1.0007157 seconds
[2023-11-05T15:27:21.553+0000][176.084s][info ][safepoint     ] Entering safepoint region: Cleanup
[2023-11-05T15:27:21.554+0000][176.085s][info ][safepoint     ] Leaving safepoint region
[2023-11-05T15:27:21.555+0000][176.085s][info ][safepoint     ] Total time for which application threads were stopped: 0.0016737 seconds, Stopping threads took: 0.0006204 seconds
[2023-11-05T15:27:22.555+0000][177.086s][debug][safepoint     ] Safepoint synchronization initiated. (185 threads)
[2023-11-05T15:27:22.556+0000][177.087s][info ][safepoint     ] Application time: 1.0006667 seconds
[2023-11-05T15:27:22.557+0000][177.087s][info ][safepoint     ] Entering safepoint region: Cleanup
[2023-11-05T15:27:22.557+0000][177.088s][info ][safepoint     ] Leaving safepoint region
[2023-11-05T15:27:22.558+0000][177.089s][info ][safepoint     ] Total time for which application threads were stopped: 0.0015384 seconds, Stopping threads took: 0.0006463 seconds
[2023-11-05T15:27:25.559+0000][180.090s][debug][safepoint     ] Safepoint synchronization initiated. (185 threads)
[2023-11-05T15:27:25.560+0000][180.090s][info ][safepoint     ] Application time: 3.0010819 seconds
[2023-11-05T15:27:25.560+0000][180.091s][info ][safepoint     ] Entering safepoint region: Cleanup
[2023-11-05T15:27:25.561+0000][180.092s][info ][safepoint     ] Leaving safepoint region
[2023-11-05T15:27:25.562+0000][180.092s][info ][safepoint     ] Total time for which application threads were stopped: 0.0015238 seconds, Stopping threads took: 0.0006839 seconds
[2023-11-05T15:27:26.020+0000][180.550s][debug][safepoint     ] Safepoint synchronization initiated. (186 threads)
[2023-11-05T15:27:26.021+0000][180.551s][info ][safepoint     ] Application time: 0.4584491 seconds
[2023-11-05T15:27:26.021+0000][180.552s][info ][safepoint     ] Entering safepoint region: Deoptimize
[2023-11-05T15:27:26.029+0000][180.560s][info ][safepoint     ] Leaving safepoint region
[2023-11-05T15:27:26.030+0000][180.560s][info ][safepoint     ] Total time for which application threads were stopped: 0.0082006 seconds, Stopping threads took: 0.0006040 seconds
[2023-11-05T15:27:26.111+0000][180.641s][debug][safepoint     ] Safepoint synchronization initiated. (186 threads)
[2023-11-05T15:27:26.111+0000][180.642s][info ][safepoint     ] Application time: 0.0811712 seconds
[2023-11-05T15:27:26.112+0000][180.643s][info ][safepoint     ] Entering safepoint region: Deoptimize
[2023-11-05T15:27:26.115+0000][180.646s][info ][safepoint     ] Leaving safepoint region
[2023-11-05T15:27:26.116+0000][180.646s][info ][safepoint     ] Total time for which application threads were stopped: 0.0038090 seconds, Stopping threads took: 0.0007776 seconds
[2023-11-05T15:27:26.301+0000][180.831s][debug][safepoint     ] Safepoint synchronization initiated. (187 threads)
[2023-11-05T15:27:26.302+0000][180.832s][info ][safepoint     ] Application time: 0.1856239 seconds
[2023-11-05T15:27:26.303+0000][180.833s][debug][safepoint     ] Waiting for 1 thread(s) to block
[2023-11-05T15:27:26.303+0000][180.834s][info ][safepoint     ] Entering safepoint region: ICBufferFull
[2023-11-05T15:27:26.305+0000][180.836s][info ][safepoint     ] Leaving safepoint region
[2023-11-05T15:27:26.309+0000][180.840s][info ][safepoint     ] Total time for which application threads were stopped: 0.0064066 seconds, Stopping threads took: 0.0015851 seconds
[2023-11-05T15:27:26.769+0000][181.300s][debug][safepoint     ] Safepoint synchronization initiated. (192 threads)
[2023-11-05T15:27:26.783+0000][181.313s][info ][safepoint     ] Application time: 0.4731297 seconds
[2023-11-05T15:27:26.787+0000][181.318s][info ][safepoint     ] Entering safepoint region: G1CollectForAllocation
[2023-11-05T15:27:26.819+0000][181.350s][info ][gc,start      ] GC(68) Pause Young (Normal) (G1 Evacuation Pause)
[2023-11-05T15:27:26.849+0000][181.379s][info ][gc,task       ] GC(68) Using 8 workers of 8 for evacuation
[2023-11-05T15:27:26.932+0000][181.463s][info ][gc,phases     ] GC(68)   Pre Evacuate Collection Set: 0.0ms
[2023-11-05T15:27:26.933+0000][181.464s][info ][gc,phases     ] GC(68)   Evacuate Collection Set: 62.4ms
[2023-11-05T15:27:26.934+0000][181.464s][info ][gc,phases     ] GC(68)   Post Evacuate Collection Set: 7.4ms
[2023-11-05T15:27:26.935+0000][181.465s][info ][gc,phases     ] GC(68)   Other: 43.2ms
[2023-11-05T15:27:26.935+0000][181.466s][info ][gc,heap       ] GC(68) Eden regions: 157->0(139)
[2023-11-05T15:27:26.936+0000][181.466s][info ][gc,heap       ] GC(68) Survivor regions: 15->15(22)
[2023-11-05T15:27:26.946+0000][181.477s][info ][gc,heap       ] GC(68) Old regions: 145->148
[2023-11-05T15:27:26.949+0000][181.480s][info ][gc,heap       ] GC(68) Humongous regions: 25->25
[2023-11-05T15:27:26.951+0000][181.481s][info ][gc,metaspace  ] GC(68) Metaspace: 167730K(173372K)->167730K(173372K) NonClass: 148192K(151656K)->148192K(151656K) Class: 19537K(21716K)->19537K(21716K)
[2023-11-05T15:27:26.956+0000][181.487s][info ][gc            ] GC(68) Pause Young (Normal) (G1 Evacuation Pause) 339M->186M(381M) 136.951ms
[2023-11-05T15:27:26.960+0000][181.491s][info ][gc,cpu        ] GC(68) User=0.65s Sys=0.03s Real=0.14s
[2023-11-05T15:27:26.963+0000][181.494s][info ][safepoint     ] Leaving safepoint region
[2023-11-05T15:27:26.968+0000][181.499s][info ][safepoint     ] Total time for which application threads were stopped: 0.1812867 seconds, Stopping threads took: 0.0315558 seconds
[2023-11-05T15:27:26.969+0000][181.500s][info ][gc,stringdedup] Concurrent String Deduplication (181.500s)
[2023-11-05T15:27:26.978+0000][181.509s][info ][gc,stringdedup] Concurrent String Deduplication 251.8K->112.3K(139.5K) avg 54.3% (181.500s, 181.509s) 8.651ms
[2023-11-05T15:27:27.970+0000][182.500s][debug][safepoint     ] Safepoint synchronization initiated. (192 threads)
[2023-11-05T15:27:27.970+0000][182.501s][info ][safepoint     ] Application time: 1.0010795 seconds
[2023-11-05T15:27:27.971+0000][182.502s][info ][safepoint     ] Entering safepoint region: Cleanup
[2023-11-05T15:27:27.972+0000][182.503s][info ][safepoint     ] Leaving safepoint region
[2023-11-05T15:27:27.973+0000][182.503s][info ][safepoint     ] Total time for which application threads were stopped: 0.0017208 seconds, Stopping threads took: 0.0007393 seconds
[2023-11-05T15:27:28.974+0000][183.504s][debug][safepoint     ] Safepoint synchronization initiated. (192 threads)
[2023-11-05T15:27:28.974+0000][183.505s][info ][safepoint     ] Application time: 1.0007529 seconds
[2023-11-05T15:27:28.975+0000][183.505s][info ][safepoint     ] Entering safepoint region: Cleanup
[2023-11-05T15:27:28.975+0000][183.506s][info ][safepoint     ] Leaving safepoint region
[2023-11-05T15:27:28.976+0000][183.506s][info ][safepoint     ] Total time for which application threads were stopped: 0.0010239 seconds, Stopping threads took: 0.0003834 seconds
[2023-11-05T15:27:29.976+0000][184.507s][debug][safepoint     ] Safepoint synchronization initiated. (191 threads)
[2023-11-05T15:27:29.977+0000][184.507s][info ][safepoint     ] Application time: 1.0007912 seconds
[2023-11-05T15:27:29.977+0000][184.508s][info ][safepoint     ] Entering safepoint region: Cleanup
[2023-11-05T15:27:29.978+0000][184.509s][info ][safepoint     ] Leaving safepoint region
[2023-11-05T15:27:29.978+0000][184.509s][info ][safepoint     ] Total time for which application threads were stopped: 0.0011630 seconds, Stopping threads took: 0.0005014 seconds
[2023-11-05T15:27:30.979+0000][185.510s][debug][safepoint     ] Safepoint synchronization initiated. (190 threads)
[2023-11-05T15:27:30.980+0000][185.510s][info ][safepoint     ] Application time: 1.0007331 seconds
[2023-11-05T15:27:30.980+0000][185.511s][info ][safepoint     ] Entering safepoint region: Cleanup
[2023-11-05T15:27:30.981+0000][185.512s][info ][safepoint     ] Leaving safepoint region
[2023-11-05T15:27:30.982+0000][185.512s][info ][safepoint     ] Total time for which application threads were stopped: 0.0014521 seconds, Stopping threads took: 0.0006162 seconds
[2023-11-05T15:27:31.982+0000][186.513s][debug][safepoint     ] Safepoint synchronization initiated. (190 threads)
[2023-11-05T15:27:31.984+0000][186.515s][info ][safepoint     ] Application time: 1.0019110 seconds
[2023-11-05T15:27:31.985+0000][186.516s][info ][safepoint     ] Entering safepoint region: Cleanup
[2023-11-05T15:27:31.986+0000][186.516s][info ][safepoint     ] Leaving safepoint region
[2023-11-05T15:27:31.986+0000][186.517s][info ][safepoint     ] Total time for which application threads were stopped: 0.0012660 seconds, Stopping threads took: 0.0005671 seconds
[2023-11-05T15:27:32.987+0000][187.517s][debug][safepoint     ] Safepoint synchronization initiated. (190 threads)
[2023-11-05T15:27:33.009+0000][187.540s][info ][safepoint     ] Application time: 1.0229454 seconds
[2023-11-05T15:27:33.012+0000][187.542s][info ][safepoint     ] Entering safepoint region: Cleanup
[2023-11-05T15:27:33.013+0000][187.543s][info ][safepoint     ] Leaving safepoint region
[2023-11-05T15:27:33.013+0000][187.544s][info ][safepoint     ] Total time for which application threads were stopped: 0.0015744 seconds, Stopping threads took: 0.0006337 seconds
[2023-11-05T15:27:34.014+0000][188.545s][debug][safepoint     ] Safepoint synchronization initiated. (190 threads)
[2023-11-05T15:27:34.015+0000][188.545s][info ][safepoint     ] Application time: 1.0008458 seconds
[2023-11-05T15:27:34.015+0000][188.546s][info ][safepoint     ] Entering safepoint region: Cleanup
[2023-11-05T15:27:34.016+0000][188.547s][info ][safepoint     ] Leaving safepoint region
[2023-11-05T15:27:34.017+0000][188.547s][info ][safepoint     ] Total time for which application threads were stopped: 0.0016024 seconds, Stopping threads took: 0.0007333 seconds
[2023-11-05T15:27:35.017+0000][189.548s][debug][safepoint     ] Safepoint synchronization initiated. (190 threads)
[2023-11-05T15:27:35.018+0000][189.549s][info ][safepoint     ] Application time: 1.0007164 seconds
[2023-11-05T15:27:35.019+0000][189.549s][info ][safepoint     ] Entering safepoint region: Cleanup
[2023-11-05T15:27:35.019+0000][189.550s][info ][safepoint     ] Leaving safepoint region
[2023-11-05T15:27:35.020+0000][189.550s][info ][safepoint     ] Total time for which application threads were stopped: 0.0011686 seconds, Stopping threads took: 0.0005146 seconds
[2023-11-05T15:27:36.020+0000][190.551s][debug][safepoint     ] Safepoint synchronization initiated. (190 threads)
[2023-11-05T15:27:36.021+0000][190.552s][info ][safepoint     ] Application time: 1.0009950 seconds
[2023-11-05T15:27:36.022+0000][190.552s][info ][safepoint     ] Entering safepoint region: Cleanup
[2023-11-05T15:27:36.023+0000][190.553s][info ][safepoint     ] Leaving safepoint region
[2023-11-05T15:27:36.023+0000][190.554s][info ][safepoint     ] Total time for which application threads were stopped: 0.0013215 seconds, Stopping threads took: 0.0005223 seconds
[2023-11-05T15:27:37.024+0000][191.554s][debug][safepoint     ] Safepoint synchronization initiated. (190 threads)
[2023-11-05T15:27:37.024+0000][191.555s][info ][safepoint     ] Application time: 1.0006681 seconds
[2023-11-05T15:27:37.025+0000][191.555s][info ][safepoint     ] Entering safepoint region: Cleanup
[2023-11-05T15:27:37.026+0000][191.556s][info ][safepoint     ] Leaving safepoint region
[2023-11-05T15:27:37.026+0000][191.557s][info ][safepoint     ] Total time for which application threads were stopped: 0.0016683 seconds, Stopping threads took: 0.0005387 seconds
[2023-11-05T15:27:38.027+0000][192.558s][debug][safepoint     ] Safepoint synchronization initiated. (190 threads)
[2023-11-05T15:27:38.028+0000][192.559s][info ][safepoint     ] Application time: 1.0007616 seconds
[2023-11-05T15:27:38.029+0000][192.559s][info ][safepoint     ] Entering safepoint region: Cleanup
[2023-11-05T15:27:38.029+0000][192.560s][info ][safepoint     ] Leaving safepoint region
[2023-11-05T15:27:38.030+0000][192.561s][info ][safepoint     ] Total time for which application threads were stopped: 0.0014385 seconds, Stopping threads took: 0.0005543 seconds
[2023-11-05T15:27:39.031+0000][193.561s][debug][safepoint     ] Safepoint synchronization initiated. (190 threads)
[2023-11-05T15:27:39.032+0000][193.562s][info ][safepoint     ] Application time: 1.0010308 seconds
[2023-11-05T15:27:39.032+0000][193.563s][info ][safepoint     ] Entering safepoint region: Cleanup
[2023-11-05T15:27:39.033+0000][193.564s][info ][safepoint     ] Leaving safepoint region
[2023-11-05T15:27:39.033+0000][193.564s][info ][safepoint     ] Total time for which application threads were stopped: 0.0013434 seconds, Stopping threads took: 0.0005735 seconds
[2023-11-05T15:27:40.034+0000][194.565s][debug][safepoint     ] Safepoint synchronization initiated. (190 threads)
[2023-11-05T15:27:40.035+0000][194.565s][info ][safepoint     ] Application time: 1.0008047 seconds
[2023-11-05T15:27:40.035+0000][194.566s][info ][safepoint     ] Entering safepoint region: Cleanup
[2023-11-05T15:27:40.036+0000][194.567s][info ][safepoint     ] Leaving safepoint region
[2023-11-05T15:27:40.036+0000][194.567s][info ][safepoint     ] Total time for which application threads were stopped: 0.0012381 seconds, Stopping threads took: 0.0004751 seconds
[2023-11-05T15:27:41.037+0000][195.568s][debug][safepoint     ] Safepoint synchronization initiated. (190 threads)
[2023-11-05T15:27:41.038+0000][195.568s][info ][safepoint     ] Application time: 1.0007465 seconds
[2023-11-05T15:27:41.038+0000][195.569s][info ][safepoint     ] Entering safepoint region: Cleanup
[2023-11-05T15:27:41.039+0000][195.569s][info ][safepoint     ] Leaving safepoint region
[2023-11-05T15:27:41.039+0000][195.570s][info ][safepoint     ] Total time for which application threads were stopped: 0.0009947 seconds, Stopping threads took: 0.0004358 seconds
[2023-11-05T15:27:42.040+0000][196.570s][debug][safepoint     ] Safepoint synchronization initiated. (190 threads)
[2023-11-05T15:27:42.040+0000][196.571s][info ][safepoint     ] Application time: 1.0007508 seconds
[2023-11-05T15:27:42.041+0000][196.571s][info ][safepoint     ] Entering safepoint region: Cleanup
[2023-11-05T15:27:42.041+0000][196.572s][info ][safepoint     ] Leaving safepoint region
[2023-11-05T15:27:42.042+0000][196.573s][info ][safepoint     ] Total time for which application threads were stopped: 0.0011570 seconds, Stopping threads took: 0.0004315 seconds
[2023-11-05T15:27:43.043+0000][197.573s][debug][safepoint     ] Safepoint synchronization initiated. (190 threads)
[2023-11-05T15:27:43.043+0000][197.574s][info ][safepoint     ] Application time: 1.0007521 seconds
[2023-11-05T15:27:43.044+0000][197.574s][info ][safepoint     ] Entering safepoint region: Cleanup
[2023-11-05T15:27:43.044+0000][197.575s][info ][safepoint     ] Leaving safepoint region
[2023-11-05T15:27:43.045+0000][197.575s][info ][safepoint     ] Total time for which application threads were stopped: 0.0011799 seconds, Stopping threads took: 0.0005543 seconds
[2023-11-05T15:27:44.046+0000][198.576s][debug][safepoint     ] Safepoint synchronization initiated. (190 threads)
[2023-11-05T15:27:44.046+0000][198.577s][info ][safepoint     ] Application time: 1.0011486 seconds
[2023-11-05T15:27:44.047+0000][198.578s][info ][safepoint     ] Entering safepoint region: Cleanup
[2023-11-05T15:27:44.048+0000][198.579s][info ][safepoint     ] Leaving safepoint region
[2023-11-05T15:27:44.048+0000][198.579s][info ][safepoint     ] Total time for which application threads were stopped: 0.0014897 seconds, Stopping threads took: 0.0007088 seconds
[2023-11-05T15:27:45.049+0000][199.580s][debug][safepoint     ] Safepoint synchronization initiated. (190 threads)
[2023-11-05T15:27:45.050+0000][199.581s][info ][safepoint     ] Application time: 1.0008161 seconds
[2023-11-05T15:27:45.051+0000][199.581s][info ][safepoint     ] Entering safepoint region: Cleanup
[2023-11-05T15:27:45.051+0000][199.582s][info ][safepoint     ] Leaving safepoint region
[2023-11-05T15:27:45.052+0000][199.583s][info ][safepoint     ] Total time for which application threads were stopped: 0.0015178 seconds, Stopping threads took: 0.0006916 seconds
[2023-11-05T15:27:46.053+0000][200.583s][debug][safepoint     ] Safepoint synchronization initiated. (190 threads)
[2023-11-05T15:27:46.053+0000][200.584s][info ][safepoint     ] Application time: 1.0005136 seconds
[2023-11-05T15:27:46.053+0000][200.584s][info ][safepoint     ] Entering safepoint region: Cleanup
[2023-11-05T15:27:46.054+0000][200.585s][info ][safepoint     ] Leaving safepoint region
[2023-11-05T15:27:46.054+0000][200.585s][info ][safepoint     ] Total time for which application threads were stopped: 0.0009104 seconds, Stopping threads took: 0.0004046 seconds
[2023-11-05T15:27:47.055+0000][201.585s][debug][safepoint     ] Safepoint synchronization initiated. (190 threads)
[2023-11-05T15:27:47.055+0000][201.586s][info ][safepoint     ] Application time: 1.0008125 seconds
[2023-11-05T15:27:47.056+0000][201.587s][info ][safepoint     ] Entering safepoint region: Cleanup
[2023-11-05T15:27:47.057+0000][201.587s][info ][safepoint     ] Leaving safepoint region
[2023-11-05T15:27:47.057+0000][201.588s][info ][safepoint     ] Total time for which application threads were stopped: 0.0011477 seconds, Stopping threads took: 0.0005050 seconds
[2023-11-05T15:27:48.058+0000][202.588s][debug][safepoint     ] Safepoint synchronization initiated. (190 threads)
[2023-11-05T15:27:48.058+0000][202.589s][info ][safepoint     ] Application time: 1.0009969 seconds
[2023-11-05T15:27:48.059+0000][202.590s][info ][safepoint     ] Entering safepoint region: Cleanup
[2023-11-05T15:27:48.060+0000][202.590s][info ][safepoint     ] Leaving safepoint region
[2023-11-05T15:27:48.060+0000][202.591s][info ][safepoint     ] Total time for which application threads were stopped: 0.0014206 seconds, Stopping threads took: 0.0005201 seconds
[2023-11-05T15:27:49.061+0000][203.592s][debug][safepoint     ] Safepoint synchronization initiated. (190 threads)
[2023-11-05T15:27:49.062+0000][203.592s][info ][safepoint     ] Application time: 1.0009805 seconds
[2023-11-05T15:27:49.062+0000][203.593s][info ][safepoint     ] Entering safepoint region: Cleanup
[2023-11-05T15:27:49.063+0000][203.594s][info ][safepoint     ] Leaving safepoint region
[2023-11-05T15:27:49.063+0000][203.594s][info ][safepoint     ] Total time for which application threads were stopped: 0.0011194 seconds, Stopping threads took: 0.0004957 seconds
[2023-11-05T15:27:50.064+0000][204.595s][debug][safepoint     ] Safepoint synchronization initiated. (190 threads)
[2023-11-05T15:27:50.065+0000][204.595s][info ][safepoint     ] Application time: 1.0008447 seconds
[2023-11-05T15:27:50.065+0000][204.596s][info ][safepoint     ] Entering safepoint region: Cleanup
[2023-11-05T15:27:50.066+0000][204.597s][info ][safepoint     ] Leaving safepoint region
[2023-11-05T15:27:50.067+0000][204.598s][info ][safepoint     ] Total time for which application threads were stopped: 0.0015802 seconds, Stopping threads took: 0.0007447 seconds
[2023-11-05T15:27:51.068+0000][205.599s][debug][safepoint     ] Safepoint synchronization initiated. (190 threads)
[2023-11-05T15:27:51.069+0000][205.599s][info ][safepoint     ] Application time: 1.0007191 seconds
[2023-11-05T15:27:51.069+0000][205.600s][info ][safepoint     ] Entering safepoint region: Cleanup
[2023-11-05T15:27:51.070+0000][205.601s][info ][safepoint     ] Leaving safepoint region
[2023-11-05T15:27:51.070+0000][205.601s][info ][safepoint     ] Total time for which application threads were stopped: 0.0013784 seconds, Stopping threads took: 0.0005752 seconds
[2023-11-05T15:27:52.071+0000][206.602s][debug][safepoint     ] Safepoint synchronization initiated. (190 threads)
[2023-11-05T15:27:52.072+0000][206.602s][info ][safepoint     ] Application time: 1.0006686 seconds
[2023-11-05T15:27:52.072+0000][206.603s][info ][safepoint     ] Entering safepoint region: Cleanup
[2023-11-05T15:27:52.073+0000][206.604s][info ][safepoint     ] Leaving safepoint region
[2023-11-05T15:27:52.073+0000][206.604s][info ][safepoint     ] Total time for which application threads were stopped: 0.0013468 seconds, Stopping threads took: 0.0005383 seconds
[2023-11-05T15:27:53.074+0000][207.605s][debug][safepoint     ] Safepoint synchronization initiated. (190 threads)
[2023-11-05T15:27:53.075+0000][207.605s][info ][safepoint     ] Application time: 1.0006801 seconds
[2023-11-05T15:27:53.075+0000][207.606s][info ][safepoint     ] Entering safepoint region: Cleanup
[2023-11-05T15:27:53.076+0000][207.607s][info ][safepoint     ] Leaving safepoint region
[2023-11-05T15:27:53.076+0000][207.607s][info ][safepoint     ] Total time for which application threads were stopped: 0.0013829 seconds, Stopping threads took: 0.0006767 seconds
[2023-11-05T15:27:54.077+0000][208.608s][debug][safepoint     ] Safepoint synchronization initiated. (190 threads)
[2023-11-05T15:27:54.078+0000][208.608s][info ][safepoint     ] Application time: 1.0007549 seconds
[2023-11-05T15:27:54.078+0000][208.609s][info ][safepoint     ] Entering safepoint region: Cleanup
[2023-11-05T15:27:54.079+0000][208.610s][info ][safepoint     ] Leaving safepoint region
[2023-11-05T15:27:54.079+0000][208.610s][info ][safepoint     ] Total time for which application threads were stopped: 0.0012435 seconds, Stopping threads took: 0.0005688 seconds
[2023-11-05T15:27:55.080+0000][209.611s][debug][safepoint     ] Safepoint synchronization initiated. (190 threads)
[2023-11-05T15:27:55.081+0000][209.611s][info ][safepoint     ] Application time: 1.0008279 seconds
[2023-11-05T15:27:55.081+0000][209.612s][info ][safepoint     ] Entering safepoint region: Cleanup
[2023-11-05T15:27:55.082+0000][209.612s][info ][safepoint     ] Leaving safepoint region
[2023-11-05T15:27:55.082+0000][209.613s][info ][safepoint     ] Total time for which application threads were stopped: 0.0011321 seconds, Stopping threads took: 0.0005548 seconds
[2023-11-05T15:27:56.083+0000][210.613s][debug][safepoint     ] Safepoint synchronization initiated. (190 threads)
[2023-11-05T15:27:56.083+0000][210.614s][info ][safepoint     ] Application time: 1.0006649 seconds
[2023-11-05T15:27:56.084+0000][210.614s][info ][safepoint     ] Entering safepoint region: Cleanup
[2023-11-05T15:27:56.085+0000][210.615s][info ][safepoint     ] Leaving safepoint region
[2023-11-05T15:27:56.085+0000][210.616s][info ][safepoint     ] Total time for which application threads were stopped: 0.0012280 seconds, Stopping threads took: 0.0005056 seconds
[2023-11-05T15:27:57.086+0000][211.616s][debug][safepoint     ] Safepoint synchronization initiated. (190 threads)
[2023-11-05T15:27:57.086+0000][211.617s][info ][safepoint     ] Application time: 1.0007210 seconds
[2023-11-05T15:27:57.087+0000][211.617s][info ][safepoint     ] Entering safepoint region: Cleanup
[2023-11-05T15:27:57.087+0000][211.618s][info ][safepoint     ] Leaving safepoint region
[2023-11-05T15:27:57.088+0000][211.618s][info ][safepoint     ] Total time for which application threads were stopped: 0.0011274 seconds, Stopping threads took: 0.0004652 seconds
[2023-11-05T15:27:58.088+0000][212.619s][debug][safepoint     ] Safepoint synchronization initiated. (190 threads)
[2023-11-05T15:27:58.089+0000][212.620s][info ][safepoint     ] Application time: 1.0009470 seconds
[2023-11-05T15:27:58.090+0000][212.620s][info ][safepoint     ] Entering safepoint region: Cleanup
[2023-11-05T15:27:58.091+0000][212.622s][info ][safepoint     ] Leaving safepoint region
[2023-11-05T15:27:58.092+0000][212.622s][info ][safepoint     ] Total time for which application threads were stopped: 0.0022439 seconds, Stopping threads took: 0.0008750 seconds
[2023-11-05T15:27:59.093+0000][213.623s][debug][safepoint     ] Safepoint synchronization initiated. (190 threads)
[2023-11-05T15:27:59.107+0000][213.638s][info ][safepoint     ] Application time: 1.0148109 seconds
[2023-11-05T15:27:59.131+0000][213.662s][info ][safepoint     ] Entering safepoint region: Cleanup
[2023-11-05T15:27:59.148+0000][213.678s][info ][safepoint     ] Leaving safepoint region
[2023-11-05T15:27:59.165+0000][213.696s][info ][safepoint     ] Total time for which application threads were stopped: 0.0341799 seconds, Stopping threads took: 0.0160401 seconds
[2023-11-05T15:28:00.185+0000][214.715s][debug][safepoint     ] Safepoint synchronization initiated. (190 threads)
[2023-11-05T15:28:00.249+0000][214.779s][info ][safepoint     ] Application time: 1.0647370 seconds
[2023-11-05T15:28:00.325+0000][214.856s][info ][safepoint     ] Entering safepoint region: Cleanup
[2023-11-05T15:28:00.398+0000][214.929s][info ][safepoint     ] Leaving safepoint region
[2023-11-05T15:28:00.442+0000][214.972s][info ][safepoint     ] Total time for which application threads were stopped: 0.1164644 seconds, Stopping threads took: 0.0731027 seconds
[2023-11-05T15:28:01.480+0000][216.011s][debug][safepoint     ] Safepoint synchronization initiated. (190 threads)
[2023-11-05T15:28:01.481+0000][216.012s][info ][safepoint     ] Application time: 1.0014919 seconds
[2023-11-05T15:28:01.484+0000][216.015s][debug][safepoint     ] ... found polling page return exception at pc = 0x00007f808d2cf762, stub =0x00007f8084840600
[2023-11-05T15:28:01.494+0000][216.025s][debug][safepoint     ] Waiting for 1 thread(s) to block
[2023-11-05T15:28:01.495+0000][216.026s][info ][safepoint     ] Entering safepoint region: Cleanup
[2023-11-05T15:28:01.496+0000][216.027s][info ][safepoint     ] Leaving safepoint region
[2023-11-05T15:28:01.497+0000][216.027s][info ][safepoint     ] Total time for which application threads were stopped: 0.0125094 seconds, Stopping threads took: 0.0117269 seconds
[2023-11-05T15:28:02.497+0000][217.028s][debug][safepoint     ] Safepoint synchronization initiated. (190 threads)
[2023-11-05T15:28:02.498+0000][217.029s][info ][safepoint     ] Application time: 1.0010575 seconds
[2023-11-05T15:28:02.499+0000][217.030s][info ][safepoint     ] Entering safepoint region: Cleanup
[2023-11-05T15:28:02.500+0000][217.031s][info ][safepoint     ] Leaving safepoint region
[2023-11-05T15:28:02.501+0000][217.032s][info ][safepoint     ] Total time for which application threads were stopped: 0.0021962 seconds, Stopping threads took: 0.0007042 seconds
[2023-11-05T15:28:03.503+0000][218.034s][debug][safepoint     ] Safepoint synchronization initiated. (190 threads)
[2023-11-05T15:28:03.504+0000][218.034s][info ][safepoint     ] Application time: 1.0008015 seconds
[2023-11-05T15:28:03.505+0000][218.035s][info ][safepoint     ] Entering safepoint region: Cleanup
[2023-11-05T15:28:03.506+0000][218.036s][info ][safepoint     ] Leaving safepoint region
[2023-11-05T15:28:03.506+0000][218.037s][info ][safepoint     ] Total time for which application threads were stopped: 0.0019972 seconds, Stopping threads took: 0.0010036 seconds
[2023-11-05T15:28:04.507+0000][219.038s][debug][safepoint     ] Safepoint synchronization initiated. (190 threads)
[2023-11-05T15:28:04.508+0000][219.039s][info ][safepoint     ] Application time: 1.0010579 seconds
[2023-11-05T15:28:04.509+0000][219.040s][info ][safepoint     ] Entering safepoint region: Cleanup
[2023-11-05T15:28:04.510+0000][219.041s][info ][safepoint     ] Leaving safepoint region
[2023-11-05T15:28:04.511+0000][219.041s][info ][safepoint     ] Total time for which application threads were stopped: 0.0015726 seconds, Stopping threads took: 0.0007094 seconds
[2023-11-05T15:28:05.511+0000][220.042s][debug][safepoint     ] Safepoint synchronization initiated. (190 threads)
[2023-11-05T15:28:05.512+0000][220.043s][info ][safepoint     ] Application time: 1.0008703 seconds
[2023-11-05T15:28:05.513+0000][220.043s][info ][safepoint     ] Entering safepoint region: Cleanup
[2023-11-05T15:28:05.514+0000][220.044s][info ][safepoint     ] Leaving safepoint region
[2023-11-05T15:28:05.514+0000][220.045s][info ][safepoint     ] Total time for which application threads were stopped: 0.0014828 seconds, Stopping threads took: 0.0006030 seconds
[2023-11-05T15:28:06.515+0000][221.046s][debug][safepoint     ] Safepoint synchronization initiated. (190 threads)
[2023-11-05T15:28:06.538+0000][221.069s][info ][safepoint     ] Application time: 1.0234038 seconds
[2023-11-05T15:28:06.545+0000][221.075s][info ][safepoint     ] Entering safepoint region: Cleanup
[2023-11-05T15:28:06.564+0000][221.095s][info ][safepoint     ] Leaving safepoint region
[2023-11-05T15:28:06.586+0000][221.116s][info ][safepoint     ] Total time for which application threads were stopped: 0.0411030 seconds, Stopping threads took: 0.0197118 seconds
[2023-11-05T15:28:07.591+0000][222.121s][debug][safepoint     ] Safepoint synchronization initiated. (190 threads)
[2023-11-05T15:28:07.608+0000][222.139s][info ][safepoint     ] Application time: 1.0176019 seconds
[2023-11-05T15:28:07.613+0000][222.144s][info ][safepoint     ] Entering safepoint region: Cleanup
[2023-11-05T15:28:07.627+0000][222.157s][info ][safepoint     ] Leaving safepoint region
[2023-11-05T15:28:07.630+0000][222.160s][info ][safepoint     ] Total time for which application threads were stopped: 0.0164436 seconds, Stopping threads took: 0.0133177 seconds
[2023-11-05T15:28:08.638+0000][223.168s][debug][safepoint     ] Safepoint synchronization initiated. (190 threads)
[2023-11-05T15:28:08.646+0000][223.177s][info ][safepoint     ] Application time: 1.0086417 seconds
[2023-11-05T15:28:08.652+0000][223.183s][info ][safepoint     ] Entering safepoint region: Cleanup
[2023-11-05T15:28:08.659+0000][223.189s][info ][safepoint     ] Leaving safepoint region
[2023-11-05T15:28:08.667+0000][223.197s][info ][safepoint     ] Total time for which application threads were stopped: 0.0152702 seconds, Stopping threads took: 0.0066729 seconds
[2023-11-05T15:28:09.678+0000][224.208s][debug][safepoint     ] Safepoint synchronization initiated. (190 threads)
[2023-11-05T15:28:09.691+0000][224.222s][info ][safepoint     ] Application time: 1.0139942 seconds
[2023-11-05T15:28:09.696+0000][224.227s][debug][safepoint     ] ... found polling page return exception at pc = 0x00007f808cb337f4, stub =0x00007f8084840600
[2023-11-05T15:28:09.696+0000][224.227s][debug][safepoint     ] ... found polling page return exception at pc = 0x00007f808c8fcd99, stub =0x00007f8084840600
[2023-11-05T15:28:09.708+0000][224.239s][debug][safepoint     ] Waiting for 2 thread(s) to block
[2023-11-05T15:28:09.710+0000][224.240s][info ][safepoint     ] Entering safepoint region: Cleanup
[2023-11-05T15:28:09.726+0000][224.257s][info ][safepoint     ] Leaving safepoint region
[2023-11-05T15:28:09.734+0000][224.265s][info ][safepoint     ] Total time for which application threads were stopped: 0.0378276 seconds, Stopping threads took: 0.0289637 seconds
[2023-11-05T15:28:10.737+0000][225.268s][debug][safepoint     ] Safepoint synchronization initiated. (190 threads)
[2023-11-05T15:28:10.745+0000][225.275s][info ][safepoint     ] Application time: 1.0079705 seconds
[2023-11-05T15:28:10.752+0000][225.282s][info ][safepoint     ] Entering safepoint region: Cleanup
[2023-11-05T15:28:10.754+0000][225.285s][info ][safepoint     ] Leaving safepoint region
[2023-11-05T15:28:10.756+0000][225.286s][info ][safepoint     ] Total time for which application threads were stopped: 0.0040341 seconds, Stopping threads took: 0.0021325 seconds
[2023-11-05T15:28:11.759+0000][226.290s][debug][safepoint     ] Safepoint synchronization initiated. (190 threads)
[2023-11-05T15:28:11.760+0000][226.291s][info ][safepoint     ] Application time: 1.0009346 seconds
[2023-11-05T15:28:11.761+0000][226.291s][info ][safepoint     ] Entering safepoint region: Cleanup
[2023-11-05T15:28:11.761+0000][226.292s][info ][safepoint     ] Leaving safepoint region
[2023-11-05T15:28:11.762+0000][226.292s][info ][safepoint     ] Total time for which application threads were stopped: 0.0011230 seconds, Stopping threads took: 0.0004992 seconds
[2023-11-05T15:28:12.762+0000][227.293s][debug][safepoint     ] Safepoint synchronization initiated. (190 threads)
[2023-11-05T15:28:12.763+0000][227.294s][info ][safepoint     ] Application time: 1.0007638 seconds
[2023-11-05T15:28:12.764+0000][227.294s][info ][safepoint     ] Entering safepoint region: Cleanup
[2023-11-05T15:28:12.764+0000][227.295s][info ][safepoint     ] Leaving safepoint region
[2023-11-05T15:28:12.765+0000][227.296s][info ][safepoint     ] Total time for which application threads were stopped: 0.0012985 seconds, Stopping threads took: 0.0005610 seconds
[2023-11-05T15:28:13.766+0000][228.296s][debug][safepoint     ] Safepoint synchronization initiated. (190 threads)
[2023-11-05T15:28:13.766+0000][228.297s][info ][safepoint     ] Application time: 1.0008099 seconds
[2023-11-05T15:28:13.767+0000][228.297s][info ][safepoint     ] Entering safepoint region: Cleanup
[2023-11-05T15:28:13.768+0000][228.298s][info ][safepoint     ] Leaving safepoint region
[2023-11-05T15:28:13.768+0000][228.299s][info ][safepoint     ] Total time for which application threads were stopped: 0.0013315 seconds, Stopping threads took: 0.0005876 seconds
[2023-11-05T15:28:14.769+0000][229.299s][debug][safepoint     ] Safepoint synchronization initiated. (190 threads)
[2023-11-05T15:28:14.769+0000][229.300s][info ][safepoint     ] Application time: 1.0008140 seconds
[2023-11-05T15:28:14.770+0000][229.301s][info ][safepoint     ] Entering safepoint region: Cleanup
[2023-11-05T15:28:14.771+0000][229.301s][info ][safepoint     ] Leaving safepoint region
[2023-11-05T15:28:14.771+0000][229.302s][info ][safepoint     ] Total time for which application threads were stopped: 0.0012748 seconds, Stopping threads took: 0.0005449 seconds
[2023-11-05T15:28:15.772+0000][230.302s][debug][safepoint     ] Safepoint synchronization initiated. (190 threads)
[2023-11-05T15:28:15.772+0000][230.303s][info ][safepoint     ] Application time: 1.0007474 seconds
[2023-11-05T15:28:15.773+0000][230.304s][info ][safepoint     ] Entering safepoint region: Cleanup
[2023-11-05T15:28:15.774+0000][230.304s][info ][safepoint     ] Leaving safepoint region
[2023-11-05T15:28:15.774+0000][230.305s][info ][safepoint     ] Total time for which application threads were stopped: 0.0010702 seconds, Stopping threads took: 0.0005256 seconds
[2023-11-05T15:28:16.775+0000][231.305s][debug][safepoint     ] Safepoint synchronization initiated. (190 threads)
[2023-11-05T15:28:16.775+0000][231.306s][info ][safepoint     ] Application time: 1.0008281 seconds
[2023-11-05T15:28:16.776+0000][231.306s][info ][safepoint     ] Entering safepoint region: Cleanup
[2023-11-05T15:28:16.777+0000][231.307s][info ][safepoint     ] Leaving safepoint region
[2023-11-05T15:28:16.777+0000][231.308s][info ][safepoint     ] Total time for which application threads were stopped: 0.0013453 seconds, Stopping threads took: 0.0004908 seconds
[2023-11-05T15:28:17.778+0000][232.308s][debug][safepoint     ] Safepoint synchronization initiated. (190 threads)
[2023-11-05T15:28:17.778+0000][232.309s][info ][safepoint     ] Application time: 1.0007566 seconds
[2023-11-05T15:28:17.779+0000][232.309s][info ][safepoint     ] Entering safepoint region: Cleanup
[2023-11-05T15:28:17.780+0000][232.310s][info ][safepoint     ] Leaving safepoint region
[2023-11-05T15:28:17.780+0000][232.311s][info ][safepoint     ] Total time for which application threads were stopped: 0.0011866 seconds, Stopping threads took: 0.0004905 seconds
[2023-11-05T15:28:18.781+0000][233.311s][debug][safepoint     ] Safepoint synchronization initiated. (190 threads)
[2023-11-05T15:28:18.781+0000][233.312s][info ][safepoint     ] Application time: 1.0008797 seconds
[2023-11-05T15:28:18.782+0000][233.313s][info ][safepoint     ] Entering safepoint region: Cleanup
[2023-11-05T15:28:18.783+0000][233.313s][info ][safepoint     ] Leaving safepoint region
[2023-11-05T15:28:18.783+0000][233.314s][info ][safepoint     ] Total time for which application threads were stopped: 0.0012116 seconds, Stopping threads took: 0.0004998 seconds
[2023-11-05T15:28:19.784+0000][234.315s][debug][safepoint     ] Safepoint synchronization initiated. (190 threads)
[2023-11-05T15:28:19.785+0000][234.315s][info ][safepoint     ] Application time: 1.0009841 seconds
[2023-11-05T15:28:19.785+0000][234.316s][info ][safepoint     ] Entering safepoint region: Cleanup
[2023-11-05T15:28:19.786+0000][234.317s][info ][safepoint     ] Leaving safepoint region
[2023-11-05T15:28:19.787+0000][234.317s][info ][safepoint     ] Total time for which application threads were stopped: 0.0012564 seconds, Stopping threads took: 0.0005582 seconds
[2023-11-05T15:28:20.787+0000][235.318s][debug][safepoint     ] Safepoint synchronization initiated. (190 threads)
[2023-11-05T15:28:20.788+0000][235.318s][info ][safepoint     ] Application time: 1.0008689 seconds
[2023-11-05T15:28:20.789+0000][235.319s][info ][safepoint     ] Entering safepoint region: Cleanup
[2023-11-05T15:28:20.789+0000][235.320s][info ][safepoint     ] Leaving safepoint region
[2023-11-05T15:28:20.790+0000][235.320s][info ][safepoint     ] Total time for which application threads were stopped: 0.0012972 seconds, Stopping threads took: 0.0005627 seconds
[2023-11-05T15:28:21.790+0000][236.321s][debug][safepoint     ] Safepoint synchronization initiated. (190 threads)
[2023-11-05T15:28:21.791+0000][236.322s][info ][safepoint     ] Application time: 1.0008887 seconds
[2023-11-05T15:28:21.792+0000][236.322s][info ][safepoint     ] Entering safepoint region: Cleanup
[2023-11-05T15:28:21.792+0000][236.323s][info ][safepoint     ] Leaving safepoint region
[2023-11-05T15:28:21.793+0000][236.323s][info ][safepoint     ] Total time for which application threads were stopped: 0.0011018 seconds, Stopping threads took: 0.0005252 seconds
[2023-11-05T15:28:22.793+0000][237.324s][debug][safepoint     ] Safepoint synchronization initiated. (190 threads)
[2023-11-05T15:28:22.794+0000][237.325s][info ][safepoint     ] Application time: 1.0007129 seconds
[2023-11-05T15:28:22.794+0000][237.325s][info ][safepoint     ] Entering safepoint region: Cleanup
[2023-11-05T15:28:22.795+0000][237.326s][info ][safepoint     ] Leaving safepoint region
[2023-11-05T15:28:22.796+0000][237.326s][info ][safepoint     ] Total time for which application threads were stopped: 0.0011825 seconds, Stopping threads took: 0.0004912 seconds
[2023-11-05T15:28:23.796+0000][238.327s][debug][safepoint     ] Safepoint synchronization initiated. (190 threads)
[2023-11-05T15:28:23.797+0000][238.328s][info ][safepoint     ] Application time: 1.0009432 seconds
[2023-11-05T15:28:23.798+0000][238.328s][info ][safepoint     ] Entering safepoint region: Cleanup
[2023-11-05T15:28:23.798+0000][238.329s][info ][safepoint     ] Leaving safepoint region
[2023-11-05T15:28:23.799+0000][238.329s][info ][safepoint     ] Total time for which application threads were stopped: 0.0011884 seconds, Stopping threads took: 0.0005405 seconds
[2023-11-05T15:28:24.799+0000][239.330s][debug][safepoint     ] Safepoint synchronization initiated. (190 threads)
[2023-11-05T15:28:24.800+0000][239.331s][info ][safepoint     ] Application time: 1.0007715 seconds
[2023-11-05T15:28:24.801+0000][239.331s][info ][safepoint     ] Entering safepoint region: Cleanup
[2023-11-05T15:28:24.801+0000][239.332s][info ][safepoint     ] Leaving safepoint region
[2023-11-05T15:28:24.802+0000][239.332s][info ][safepoint     ] Total time for which application threads were stopped: 0.0012176 seconds, Stopping threads took: 0.0005155 seconds
[2023-11-05T15:28:25.802+0000][240.333s][debug][safepoint     ] Safepoint synchronization initiated. (190 threads)
[2023-11-05T15:28:25.803+0000][240.334s][info ][safepoint     ] Application time: 1.0008767 seconds
[2023-11-05T15:28:25.804+0000][240.334s][info ][safepoint     ] Entering safepoint region: Cleanup
[2023-11-05T15:28:25.804+0000][240.335s][info ][safepoint     ] Leaving safepoint region
[2023-11-05T15:28:25.805+0000][240.336s][info ][safepoint     ] Total time for which application threads were stopped: 0.0012635 seconds, Stopping threads took: 0.0005833 seconds
[2023-11-05T15:28:26.806+0000][241.336s][debug][safepoint     ] Safepoint synchronization initiated. (189 threads)
[2023-11-05T15:28:26.806+0000][241.337s][info ][safepoint     ] Application time: 1.0008813 seconds
[2023-11-05T15:28:26.807+0000][241.337s][info ][safepoint     ] Entering safepoint region: Cleanup
[2023-11-05T15:28:26.808+0000][241.338s][info ][safepoint     ] Leaving safepoint region
[2023-11-05T15:28:26.808+0000][241.339s][info ][safepoint     ] Total time for which application threads were stopped: 0.0011259 seconds, Stopping threads took: 0.0005289 seconds
[2023-11-05T15:28:27.809+0000][242.339s][debug][safepoint     ] Safepoint synchronization initiated. (188 threads)
[2023-11-05T15:28:27.809+0000][242.340s][info ][safepoint     ] Application time: 1.0009007 seconds
[2023-11-05T15:28:27.810+0000][242.340s][info ][safepoint     ] Entering safepoint region: Cleanup
[2023-11-05T15:28:27.811+0000][242.341s][info ][safepoint     ] Leaving safepoint region
[2023-11-05T15:28:27.811+0000][242.342s][info ][safepoint     ] Total time for which application threads were stopped: 0.0012493 seconds, Stopping threads took: 0.0005239 seconds
[2023-11-05T15:28:28.812+0000][243.342s][debug][safepoint     ] Safepoint synchronization initiated. (188 threads)
[2023-11-05T15:28:28.812+0000][243.343s][info ][safepoint     ] Application time: 1.0009675 seconds
[2023-11-05T15:28:28.813+0000][243.344s][info ][safepoint     ] Entering safepoint region: Cleanup
[2023-11-05T15:28:28.814+0000][243.344s][info ][safepoint     ] Leaving safepoint region
[2023-11-05T15:28:28.814+0000][243.345s][info ][safepoint     ] Total time for which application threads were stopped: 0.0012844 seconds, Stopping threads took: 0.0005415 seconds
[2023-11-05T15:28:29.815+0000][244.345s][debug][safepoint     ] Safepoint synchronization initiated. (188 threads)
[2023-11-05T15:28:29.816+0000][244.346s][info ][safepoint     ] Application time: 1.0008387 seconds
[2023-11-05T15:28:29.816+0000][244.347s][info ][safepoint     ] Entering safepoint region: Cleanup
[2023-11-05T15:28:29.817+0000][244.347s][info ][safepoint     ] Leaving safepoint region
[2023-11-05T15:28:29.817+0000][244.348s][info ][safepoint     ] Total time for which application threads were stopped: 0.0011734 seconds, Stopping threads took: 0.0005105 seconds
[2023-11-05T15:28:30.818+0000][245.348s][debug][safepoint     ] Safepoint synchronization initiated. (188 threads)
[2023-11-05T15:28:30.819+0000][245.349s][info ][safepoint     ] Application time: 1.0009787 seconds
[2023-11-05T15:28:30.819+0000][245.350s][info ][safepoint     ] Entering safepoint region: Cleanup
[2023-11-05T15:28:30.820+0000][245.351s][info ][safepoint     ] Leaving safepoint region
[2023-11-05T15:28:30.821+0000][245.351s][info ][safepoint     ] Total time for which application threads were stopped: 0.0013675 seconds, Stopping threads took: 0.0006324 seconds
[2023-11-05T15:28:31.821+0000][246.352s][debug][safepoint     ] Safepoint synchronization initiated. (188 threads)
[2023-11-05T15:28:31.822+0000][246.353s][info ][safepoint     ] Application time: 1.0009451 seconds
[2023-11-05T15:28:31.823+0000][246.353s][info ][safepoint     ] Entering safepoint region: Cleanup
[2023-11-05T15:28:31.823+0000][246.354s][info ][safepoint     ] Leaving safepoint region
[2023-11-05T15:28:31.824+0000][246.354s][info ][safepoint     ] Total time for which application threads were stopped: 0.0012092 seconds, Stopping threads took: 0.0005104 seconds
[2023-11-05T15:28:32.825+0000][247.355s][debug][safepoint     ] Safepoint synchronization initiated. (188 threads)
[2023-11-05T15:28:32.825+0000][247.356s][info ][safepoint     ] Application time: 1.0009043 seconds
[2023-11-05T15:28:32.826+0000][247.356s][info ][safepoint     ] Entering safepoint region: Cleanup
[2023-11-05T15:28:32.826+0000][247.357s][info ][safepoint     ] Leaving safepoint region
[2023-11-05T15:28:32.827+0000][247.358s][info ][safepoint     ] Total time for which application threads were stopped: 0.0012556 seconds, Stopping threads took: 0.0005302 seconds
[2023-11-05T15:28:33.828+0000][248.358s][debug][safepoint     ] Safepoint synchronization initiated. (186 threads)
[2023-11-05T15:28:33.828+0000][248.359s][info ][safepoint     ] Application time: 1.0009250 seconds
[2023-11-05T15:28:33.829+0000][248.360s][info ][safepoint     ] Entering safepoint region: Cleanup
[2023-11-05T15:28:33.830+0000][248.360s][info ][safepoint     ] Leaving safepoint region
[2023-11-05T15:28:33.830+0000][248.361s][info ][safepoint     ] Total time for which application threads were stopped: 0.0011591 seconds, Stopping threads took: 0.0005199 seconds
[2023-11-05T15:28:34.831+0000][249.361s][debug][safepoint     ] Safepoint synchronization initiated. (185 threads)
[2023-11-05T15:28:34.831+0000][249.362s][info ][safepoint     ] Application time: 1.0008355 seconds
[2023-11-05T15:28:34.832+0000][249.363s][info ][safepoint     ] Entering safepoint region: Cleanup
[2023-11-05T15:28:34.833+0000][249.363s][info ][safepoint     ] Leaving safepoint region
[2023-11-05T15:28:34.833+0000][249.364s][info ][safepoint     ] Total time for which application threads were stopped: 0.0011960 seconds, Stopping threads took: 0.0004539 seconds
[2023-11-05T15:28:37.834+0000][252.365s][debug][safepoint     ] Safepoint synchronization initiated. (185 threads)
[2023-11-05T15:28:37.835+0000][252.366s][info ][safepoint     ] Application time: 3.0013785 seconds
[2023-11-05T15:28:37.836+0000][252.366s][info ][safepoint     ] Entering safepoint region: Cleanup
[2023-11-05T15:28:37.836+0000][252.367s][info ][safepoint     ] Leaving safepoint region
[2023-11-05T15:28:37.837+0000][252.367s][info ][safepoint     ] Total time for which application threads were stopped: 0.0012420 seconds, Stopping threads took: 0.0006042 seconds
[2023-11-05T15:28:39.838+0000][254.368s][debug][safepoint     ] Safepoint synchronization initiated. (185 threads)
[2023-11-05T15:28:39.838+0000][254.369s][info ][safepoint     ] Application time: 2.0010666 seconds
[2023-11-05T15:28:39.839+0000][254.369s][info ][safepoint     ] Entering safepoint region: Cleanup
[2023-11-05T15:28:39.840+0000][254.370s][info ][safepoint     ] Leaving safepoint region
[2023-11-05T15:28:39.840+0000][254.371s][info ][safepoint     ] Total time for which application threads were stopped: 0.0012684 seconds, Stopping threads took: 0.0005241 seconds
[2023-11-05T15:28:52.843+0000][267.373s][debug][safepoint     ] Safepoint synchronization initiated. (185 threads)
[2023-11-05T15:28:52.843+0000][267.374s][info ][safepoint     ] Application time: 13.0027845 seconds
[2023-11-05T15:28:52.844+0000][267.375s][info ][safepoint     ] Entering safepoint region: Cleanup
[2023-11-05T15:28:52.845+0000][267.375s][info ][safepoint     ] Leaving safepoint region
[2023-11-05T15:28:52.845+0000][267.376s][info ][safepoint     ] Total time for which application threads were stopped: 0.0012164 seconds, Stopping threads took: 0.0005281 seconds
[2023-11-05T15:28:54.846+0000][269.377s][debug][safepoint     ] Safepoint synchronization initiated. (185 threads)
[2023-11-05T15:28:54.847+0000][269.377s][info ][safepoint     ] Application time: 2.0011716 seconds
[2023-11-05T15:28:54.847+0000][269.378s][info ][safepoint     ] Entering safepoint region: Cleanup
[2023-11-05T15:28:54.848+0000][269.379s][info ][safepoint     ] Leaving safepoint region
[2023-11-05T15:28:54.849+0000][269.379s][info ][safepoint     ] Total time for which application threads were stopped: 0.0011792 seconds, Stopping threads took: 0.0005314 seconds
[2023-11-05T15:29:09.852+0000][284.383s][debug][safepoint     ] Safepoint synchronization initiated. (185 threads)
[2023-11-05T15:29:09.853+0000][284.383s][info ][safepoint     ] Application time: 15.0035353 seconds
[2023-11-05T15:29:09.853+0000][284.384s][info ][safepoint     ] Entering safepoint region: Cleanup
[2023-11-05T15:29:09.854+0000][284.385s][info ][safepoint     ] Leaving safepoint region
[2023-11-05T15:29:09.855+0000][284.385s][info ][safepoint     ] Total time for which application threads were stopped: 0.0012866 seconds, Stopping threads took: 0.0005666 seconds
[2023-11-05T15:29:10.855+0000][285.386s][debug][safepoint     ] Safepoint synchronization initiated. (185 threads)
[2023-11-05T15:29:10.856+0000][285.386s][info ][safepoint     ] Application time: 1.0007560 seconds
[2023-11-05T15:29:10.856+0000][285.387s][info ][safepoint     ] Entering safepoint region: Cleanup
[2023-11-05T15:29:10.857+0000][285.387s][info ][safepoint     ] Leaving safepoint region
[2023-11-05T15:29:10.857+0000][285.388s][info ][safepoint     ] Total time for which application threads were stopped: 0.0013138 seconds, Stopping threads took: 0.0005478 seconds
[2023-11-05T15:29:11.858+0000][286.389s][debug][safepoint     ] Safepoint synchronization initiated. (185 threads)
[2023-11-05T15:29:11.859+0000][286.389s][info ][safepoint     ] Application time: 1.0010169 seconds
[2023-11-05T15:29:11.859+0000][286.390s][info ][safepoint     ] Entering safepoint region: Cleanup
[2023-11-05T15:29:11.860+0000][286.391s][info ][safepoint     ] Leaving safepoint region
[2023-11-05T15:29:11.861+0000][286.391s][info ][safepoint     ] Total time for which application threads were stopped: 0.0012651 seconds, Stopping threads took: 0.0006029 seconds
[2023-11-05T15:29:34.865+0000][309.396s][debug][safepoint     ] Safepoint synchronization initiated. (181 threads)
[2023-11-05T15:29:34.866+0000][309.396s][info ][safepoint     ] Application time: 23.0044786 seconds
[2023-11-05T15:29:34.866+0000][309.397s][info ][safepoint     ] Entering safepoint region: Cleanup
[2023-11-05T15:29:34.867+0000][309.397s][info ][safepoint     ] Leaving safepoint region
[2023-11-05T15:29:34.867+0000][309.398s][info ][safepoint     ] Total time for which application threads were stopped: 0.0011261 seconds, Stopping threads took: 0.0004492 seconds
[2023-11-05T15:29:38.868+0000][313.399s][debug][safepoint     ] Safepoint synchronization initiated. (181 threads)
[2023-11-05T15:29:38.869+0000][313.399s][info ][safepoint     ] Application time: 4.0011727 seconds
[2023-11-05T15:29:38.869+0000][313.400s][info ][safepoint     ] Entering safepoint region: Cleanup
[2023-11-05T15:29:38.870+0000][313.400s][info ][safepoint     ] Leaving safepoint region
[2023-11-05T15:29:38.870+0000][313.401s][info ][safepoint     ] Total time for which application threads were stopped: 0.0011804 seconds, Stopping threads took: 0.0004638 seconds
[2023-11-05T15:29:39.871+0000][314.401s][debug][safepoint     ] Safepoint synchronization initiated. (181 threads)
[2023-11-05T15:29:39.872+0000][314.402s][info ][safepoint     ] Application time: 1.0009778 seconds
[2023-11-05T15:29:39.872+0000][314.403s][debug][safepoint     ] ... found polling page return exception at pc = 0x00007f808d486486, stub =0x00007f8084840600
[2023-11-05T15:29:39.874+0000][314.404s][debug][safepoint     ] Waiting for 1 thread(s) to block
[2023-11-05T15:29:39.875+0000][314.406s][info ][safepoint     ] Entering safepoint region: Cleanup
[2023-11-05T15:29:39.877+0000][314.407s][info ][safepoint     ] Leaving safepoint region
[2023-11-05T15:29:39.877+0000][314.408s][info ][safepoint     ] Total time for which application threads were stopped: 0.0048368 seconds, Stopping threads took: 0.0038240 seconds
[2023-11-05T15:29:47.879+0000][322.410s][debug][safepoint     ] Safepoint synchronization initiated. (184 threads)
[2023-11-05T15:29:47.880+0000][322.411s][info ][safepoint     ] Application time: 8.0025820 seconds
[2023-11-05T15:29:47.881+0000][322.411s][info ][safepoint     ] Entering safepoint region: Cleanup
[2023-11-05T15:29:47.881+0000][322.412s][info ][safepoint     ] Leaving safepoint region
[2023-11-05T15:29:47.882+0000][322.412s][info ][safepoint     ] Total time for which application threads were stopped: 0.0011103 seconds, Stopping threads took: 0.0004475 seconds
[2023-11-05T15:29:50.199+0000][324.730s][debug][safepoint     ] Safepoint synchronization initiated. (184 threads)
[2023-11-05T15:29:50.200+0000][324.731s][info ][safepoint     ] Application time: 2.3181112 seconds
[2023-11-05T15:29:50.201+0000][324.731s][info ][safepoint     ] Entering safepoint region: G1CollectForAllocation
[2023-11-05T15:29:50.202+0000][324.732s][info ][gc,start      ] GC(69) Pause Young (Concurrent Start) (G1 Evacuation Pause)
[2023-11-05T15:29:50.202+0000][324.733s][info ][gc,task       ] GC(69) Using 8 workers of 8 for evacuation
[2023-11-05T15:29:50.227+0000][324.757s][info ][gc,phases     ] GC(69)   Pre Evacuate Collection Set: 2.7ms
[2023-11-05T15:29:50.227+0000][324.758s][info ][gc,phases     ] GC(69)   Evacuate Collection Set: 16.9ms
[2023-11-05T15:29:50.228+0000][324.759s][info ][gc,phases     ] GC(69)   Post Evacuate Collection Set: 4.2ms
[2023-11-05T15:29:50.228+0000][324.759s][info ][gc,phases     ] GC(69)   Other: 1.5ms
[2023-11-05T15:29:50.229+0000][324.760s][info ][gc,heap       ] GC(69) Eden regions: 139->0(143)
[2023-11-05T15:29:50.229+0000][324.760s][info ][gc,heap       ] GC(69) Survivor regions: 15->11(20)
[2023-11-05T15:29:50.230+0000][324.760s][info ][gc,heap       ] GC(69) Old regions: 148->152
[2023-11-05T15:29:50.230+0000][324.761s][info ][gc,heap       ] GC(69) Humongous regions: 25->25
[2023-11-05T15:29:50.231+0000][324.761s][info ][gc,metaspace  ] GC(69) Metaspace: 168072K(173628K)->168072K(173628K) NonClass: 148516K(151912K)->148516K(151912K) Class: 19556K(21716K)->19556K(21716K)
[2023-11-05T15:29:50.231+0000][324.762s][info ][gc            ] GC(69) Pause Young (Concurrent Start) (G1 Evacuation Pause) 325M->186M(381M) 29.908ms
[2023-11-05T15:29:50.232+0000][324.763s][info ][gc,cpu        ] GC(69) User=0.15s Sys=0.00s Real=0.03s
[2023-11-05T15:29:50.233+0000][324.763s][info ][gc            ] GC(70) Concurrent Cycle
[2023-11-05T15:29:50.233+0000][324.763s][info ][safepoint     ] Leaving safepoint region
[2023-11-05T15:29:50.234+0000][324.764s][info ][safepoint     ] Total time for which application threads were stopped: 0.0329837 seconds, Stopping threads took: 0.0005795 seconds
[2023-11-05T15:29:50.233+0000][324.764s][info ][gc,marking    ] GC(70) Concurrent Clear Claimed Marks
[2023-11-05T15:29:50.234+0000][324.765s][info ][gc,stringdedup] Concurrent String Deduplication (324.765s)
[2023-11-05T15:29:50.236+0000][324.766s][info ][gc,marking    ] GC(70) Concurrent Clear Claimed Marks 2.555ms
[2023-11-05T15:29:50.236+0000][324.767s][info ][gc,marking    ] GC(70) Concurrent Scan Root Regions
[2023-11-05T15:29:50.240+0000][324.770s][info ][gc,stringdedup] Concurrent String Deduplication 207.7K->90728.0B(119.1K) avg 54.4% (324.765s, 324.770s) 5.538ms
[2023-11-05T15:29:50.243+0000][324.774s][info ][gc,marking    ] GC(70) Concurrent Scan Root Regions 6.873ms
[2023-11-05T15:29:50.244+0000][324.774s][info ][gc,marking    ] GC(70) Concurrent Mark (324.774s)
[2023-11-05T15:29:50.244+0000][324.775s][info ][gc,marking    ] GC(70) Concurrent Mark From Roots
[2023-11-05T15:29:50.245+0000][324.775s][info ][gc,task       ] GC(70) Using 2 workers of 2 for marking
[2023-11-05T15:29:50.406+0000][324.936s][info ][gc,marking    ] GC(70) Concurrent Mark From Roots 161.519ms
[2023-11-05T15:29:50.406+0000][324.937s][info ][gc,marking    ] GC(70) Concurrent Preclean
[2023-11-05T15:29:50.407+0000][324.937s][info ][gc,marking    ] GC(70) Concurrent Preclean 0.520ms
[2023-11-05T15:29:50.407+0000][324.938s][info ][gc,marking    ] GC(70) Concurrent Mark (324.774s, 324.938s) 163.464ms
[2023-11-05T15:29:50.408+0000][324.938s][debug][safepoint     ] Safepoint synchronization initiated. (184 threads)
[2023-11-05T15:29:50.408+0000][324.939s][info ][safepoint     ] Application time: 0.1738396 seconds
[2023-11-05T15:29:50.408+0000][324.939s][info ][safepoint     ] Entering safepoint region: CGC_Operation
[2023-11-05T15:29:50.409+0000][324.940s][info ][gc,start      ] GC(70) Pause Remark
[2023-11-05T15:29:50.440+0000][324.971s][info ][gc,stringtable] GC(70) Cleaned string and symbol table, strings: 83253 processed, 115 removed, symbols: 410201 processed, 234 removed
[2023-11-05T15:29:50.441+0000][324.971s][info ][gc            ] GC(70) Pause Remark 188M->188M(381M) 31.628ms
[2023-11-05T15:29:50.441+0000][324.972s][info ][gc,cpu        ] GC(70) User=0.23s Sys=0.00s Real=0.03s
[2023-11-05T15:29:50.442+0000][324.972s][info ][safepoint     ] Leaving safepoint region
[2023-11-05T15:29:50.442+0000][324.973s][info ][safepoint     ] Total time for which application threads were stopped: 0.0335601 seconds, Stopping threads took: 0.0004869 seconds
[2023-11-05T15:29:50.443+0000][324.973s][info ][gc,marking    ] GC(70) Concurrent Rebuild Remembered Sets
[2023-11-05T15:29:50.574+0000][325.104s][info ][gc,marking    ] GC(70) Concurrent Rebuild Remembered Sets 131.288ms
[2023-11-05T15:29:50.574+0000][325.105s][debug][safepoint     ] Safepoint synchronization initiated. (184 threads)
[2023-11-05T15:29:50.575+0000][325.105s][info ][safepoint     ] Application time: 0.1322794 seconds
[2023-11-05T15:29:50.575+0000][325.106s][info ][safepoint     ] Entering safepoint region: CGC_Operation
[2023-11-05T15:29:50.576+0000][325.106s][info ][gc,start      ] GC(70) Pause Cleanup
[2023-11-05T15:29:50.576+0000][325.107s][info ][gc            ] GC(70) Pause Cleanup 188M->188M(381M) 0.721ms
[2023-11-05T15:29:50.577+0000][325.107s][info ][gc,cpu        ] GC(70) User=0.00s Sys=0.00s Real=0.00s
[2023-11-05T15:29:50.577+0000][325.108s][info ][safepoint     ] Leaving safepoint region
[2023-11-05T15:29:50.578+0000][325.108s][info ][safepoint     ] Total time for which application threads were stopped: 0.0025166 seconds, Stopping threads took: 0.0004223 seconds
[2023-11-05T15:29:50.578+0000][325.109s][info ][gc,marking    ] GC(70) Concurrent Cleanup for Next Mark
[2023-11-05T15:29:50.580+0000][325.111s][info ][gc,marking    ] GC(70) Concurrent Cleanup for Next Mark 2.025ms
[2023-11-05T15:29:50.581+0000][325.111s][info ][gc            ] GC(70) Concurrent Cycle 347.971ms
[2023-11-05T15:29:51.578+0000][326.109s][debug][safepoint     ] Safepoint synchronization initiated. (185 threads)
[2023-11-05T15:29:51.579+0000][326.109s][info ][safepoint     ] Application time: 1.0006817 seconds
[2023-11-05T15:29:51.579+0000][326.110s][info ][safepoint     ] Entering safepoint region: Cleanup
[2023-11-05T15:29:51.580+0000][326.111s][info ][safepoint     ] Leaving safepoint region
[2023-11-05T15:29:51.581+0000][326.111s][info ][safepoint     ] Total time for which application threads were stopped: 0.0012525 seconds, Stopping threads took: 0.0005233 seconds
[2023-11-05T15:29:52.581+0000][327.112s][debug][safepoint     ] Safepoint synchronization initiated. (186 threads)
[2023-11-05T15:29:52.582+0000][327.112s][info ][safepoint     ] Application time: 1.0007922 seconds
[2023-11-05T15:29:52.583+0000][327.113s][info ][safepoint     ] Entering safepoint region: Cleanup
[2023-11-05T15:29:52.583+0000][327.114s][info ][safepoint     ] Leaving safepoint region
[2023-11-05T15:29:52.584+0000][327.114s][info ][safepoint     ] Total time for which application threads were stopped: 0.0012693 seconds, Stopping threads took: 0.0005277 seconds
[2023-11-05T15:29:59.585+0000][334.116s][debug][safepoint     ] Safepoint synchronization initiated. (186 threads)
[2023-11-05T15:29:59.586+0000][334.116s][info ][safepoint     ] Application time: 7.0015082 seconds
[2023-11-05T15:29:59.587+0000][334.117s][info ][safepoint     ] Entering safepoint region: Cleanup
[2023-11-05T15:29:59.588+0000][334.119s][info ][safepoint     ] Leaving safepoint region
[2023-11-05T15:29:59.588+0000][334.119s][info ][safepoint     ] Total time for which application threads were stopped: 0.0019825 seconds, Stopping threads took: 0.0013348 seconds
[2023-11-05T15:30:02.589+0000][337.120s][debug][safepoint     ] Safepoint synchronization initiated. (186 threads)
[2023-11-05T15:30:02.590+0000][337.121s][info ][safepoint     ] Application time: 3.0011841 seconds
[2023-11-05T15:30:02.591+0000][337.121s][info ][safepoint     ] Entering safepoint region: Cleanup
[2023-11-05T15:30:02.591+0000][337.122s][info ][safepoint     ] Leaving safepoint region
[2023-11-05T15:30:02.592+0000][337.122s][info ][safepoint     ] Total time for which application threads were stopped: 0.0012154 seconds, Stopping threads took: 0.0005372 seconds
[2023-11-05T15:30:07.593+0000][342.124s][debug][safepoint     ] Safepoint synchronization initiated. (186 threads)
[2023-11-05T15:30:07.594+0000][342.124s][info ][safepoint     ] Application time: 5.0014269 seconds
[2023-11-05T15:30:07.594+0000][342.125s][info ][safepoint     ] Entering safepoint region: Cleanup
[2023-11-05T15:30:07.595+0000][342.126s][info ][safepoint     ] Leaving safepoint region
[2023-11-05T15:30:07.596+0000][342.126s][info ][safepoint     ] Total time for which application threads were stopped: 0.0013448 seconds, Stopping threads took: 0.0005103 seconds
[2023-11-05T15:30:17.598+0000][352.129s][debug][safepoint     ] Safepoint synchronization initiated. (186 threads)
[2023-11-05T15:30:17.599+0000][352.130s][info ][safepoint     ] Application time: 10.0027869 seconds
[2023-11-05T15:30:17.600+0000][352.130s][info ][safepoint     ] Entering safepoint region: Cleanup
[2023-11-05T15:30:17.600+0000][352.131s][info ][safepoint     ] Leaving safepoint region
[2023-11-05T15:30:17.601+0000][352.131s][info ][safepoint     ] Total time for which application threads were stopped: 0.0013978 seconds, Stopping threads took: 0.0004833 seconds
[2023-11-05T15:30:18.602+0000][353.132s][debug][safepoint     ] Safepoint synchronization initiated. (186 threads)
[2023-11-05T15:30:18.603+0000][353.134s][info ][safepoint     ] Application time: 1.0015454 seconds
[2023-11-05T15:30:18.604+0000][353.135s][info ][safepoint     ] Entering safepoint region: Cleanup
[2023-11-05T15:30:18.605+0000][353.136s][info ][safepoint     ] Leaving safepoint region
[2023-11-05T15:30:18.606+0000][353.137s][info ][safepoint     ] Total time for which application threads were stopped: 0.0023326 seconds, Stopping threads took: 0.0009613 seconds
[2023-11-05T15:30:30.610+0000][365.141s][debug][safepoint     ] Safepoint synchronization initiated. (185 threads)
[2023-11-05T15:30:30.612+0000][365.142s][info ][safepoint     ] Application time: 12.0043215 seconds
[2023-11-05T15:30:30.613+0000][365.143s][info ][safepoint     ] Entering safepoint region: Cleanup
[2023-11-05T15:30:30.614+0000][365.145s][info ][safepoint     ] Leaving safepoint region
[2023-11-05T15:30:30.615+0000][365.146s][info ][safepoint     ] Total time for which application threads were stopped: 0.0024182 seconds, Stopping threads took: 0.0011229 seconds
[2023-11-05T15:30:34.617+0000][369.148s][debug][safepoint     ] Safepoint synchronization initiated. (186 threads)
[2023-11-05T15:30:34.618+0000][369.148s][info ][safepoint     ] Application time: 4.0018024 seconds
[2023-11-05T15:30:34.619+0000][369.149s][info ][safepoint     ] Entering safepoint region: Cleanup
[2023-11-05T15:30:34.619+0000][369.150s][info ][safepoint     ] Leaving safepoint region
[2023-11-05T15:30:34.620+0000][369.150s][info ][safepoint     ] Total time for which application threads were stopped: 0.0012863 seconds, Stopping threads took: 0.0005830 seconds
[2023-11-05T15:30:35.621+0000][370.151s][debug][safepoint     ] Safepoint synchronization initiated. (186 threads)
[2023-11-05T15:30:35.621+0000][370.152s][info ][safepoint     ] Application time: 1.0011919 seconds
[2023-11-05T15:30:35.622+0000][370.153s][info ][safepoint     ] Entering safepoint region: Cleanup
[2023-11-05T15:30:35.624+0000][370.154s][info ][safepoint     ] Leaving safepoint region
[2023-11-05T15:30:35.624+0000][370.155s][info ][safepoint     ] Total time for which application threads were stopped: 0.0021897 seconds, Stopping threads took: 0.0006534 seconds
[2023-11-05T15:30:36.625+0000][371.156s][debug][safepoint     ] Safepoint synchronization initiated. (186 threads)
[2023-11-05T15:30:36.626+0000][371.156s][info ][safepoint     ] Application time: 1.0008555 seconds
[2023-11-05T15:30:36.626+0000][371.157s][info ][safepoint     ] Entering safepoint region: Cleanup
[2023-11-05T15:30:36.627+0000][371.157s][info ][safepoint     ] Leaving safepoint region
[2023-11-05T15:30:36.627+0000][371.158s][info ][safepoint     ] Total time for which application threads were stopped: 0.0009251 seconds, Stopping threads took: 0.0004201 seconds
[2023-11-05T15:30:37.628+0000][372.158s][debug][safepoint     ] Safepoint synchronization initiated. (186 threads)
[2023-11-05T15:30:37.629+0000][372.159s][info ][safepoint     ] Application time: 1.0015609 seconds
[2023-11-05T15:30:37.630+0000][372.160s][info ][safepoint     ] Entering safepoint region: Cleanup
[2023-11-05T15:30:37.630+0000][372.161s][info ][safepoint     ] Leaving safepoint region
[2023-11-05T15:30:37.631+0000][372.161s][info ][safepoint     ] Total time for which application threads were stopped: 0.0012538 seconds, Stopping threads took: 0.0006116 seconds
[2023-11-05T15:30:38.631+0000][373.162s][debug][safepoint     ] Safepoint synchronization initiated. (186 threads)
[2023-11-05T15:30:38.633+0000][373.163s][info ][safepoint     ] Application time: 1.0014283 seconds
[2023-11-05T15:30:38.634+0000][373.165s][info ][safepoint     ] Entering safepoint region: Cleanup
[2023-11-05T15:30:38.635+0000][373.166s][info ][safepoint     ] Leaving safepoint region
[2023-11-05T15:30:38.636+0000][373.166s][info ][safepoint     ] Total time for which application threads were stopped: 0.0015896 seconds, Stopping threads took: 0.0008226 seconds
[2023-11-05T15:30:40.637+0000][375.167s][debug][safepoint     ] Safepoint synchronization initiated. (189 threads)
[2023-11-05T15:30:40.637+0000][375.168s][info ][safepoint     ] Application time: 2.0008604 seconds
[2023-11-05T15:30:40.638+0000][375.168s][info ][safepoint     ] Entering safepoint region: Cleanup
[2023-11-05T15:30:40.638+0000][375.169s][info ][safepoint     ] Leaving safepoint region
[2023-11-05T15:30:40.639+0000][375.169s][info ][safepoint     ] Total time for which application threads were stopped: 0.0009173 seconds, Stopping threads took: 0.0003936 seconds
[2023-11-05T15:30:49.641+0000][384.172s][debug][safepoint     ] Safepoint synchronization initiated. (188 threads)
[2023-11-05T15:30:49.642+0000][384.172s][info ][safepoint     ] Application time: 9.0029348 seconds
[2023-11-05T15:30:49.642+0000][384.173s][info ][safepoint     ] Entering safepoint region: Cleanup
[2023-11-05T15:30:49.643+0000][384.174s][info ][safepoint     ] Leaving safepoint region
[2023-11-05T15:30:49.644+0000][384.174s][info ][safepoint     ] Total time for which application threads were stopped: 0.0014867 seconds, Stopping threads took: 0.0007196 seconds
[2023-11-05T15:30:58.646+0000][393.177s][debug][safepoint     ] Safepoint synchronization initiated. (188 threads)
[2023-11-05T15:30:58.647+0000][393.177s][info ][safepoint     ] Application time: 9.0022244 seconds
[2023-11-05T15:30:58.647+0000][393.177s][info ][safepoint     ] Entering safepoint region: Cleanup
[2023-11-05T15:30:58.648+0000][393.178s][info ][safepoint     ] Leaving safepoint region
[2023-11-05T15:30:58.648+0000][393.178s][info ][safepoint     ] Total time for which application threads were stopped: 0.0011000 seconds, Stopping threads took: 0.0004431 seconds
[2023-11-05T15:31:35.656+0000][430.186s][debug][safepoint     ] Safepoint synchronization initiated. (188 threads)
[2023-11-05T15:31:35.656+0000][430.187s][info ][safepoint     ] Application time: 37.0078630 seconds
[2023-11-05T15:31:35.657+0000][430.187s][info ][safepoint     ] Entering safepoint region: Cleanup
[2023-11-05T15:31:35.657+0000][430.188s][info ][safepoint     ] Leaving safepoint region
[2023-11-05T15:31:35.658+0000][430.188s][info ][safepoint     ] Total time for which application threads were stopped: 0.0010774 seconds, Stopping threads took: 0.0004706 seconds
[2023-11-05T15:31:38.659+0000][433.189s][debug][safepoint     ] Safepoint synchronization initiated. (188 threads)
[2023-11-05T15:31:38.659+0000][433.190s][info ][safepoint     ] Application time: 3.0011257 seconds
[2023-11-05T15:31:38.660+0000][433.190s][info ][safepoint     ] Entering safepoint region: Cleanup
[2023-11-05T15:31:38.661+0000][433.191s][info ][safepoint     ] Leaving safepoint region
[2023-11-05T15:31:38.661+0000][433.192s][info ][safepoint     ] Total time for which application threads were stopped: 0.0013285 seconds, Stopping threads took: 0.0005507 seconds
[2023-11-05T15:31:39.662+0000][434.193s][debug][safepoint     ] Safepoint synchronization initiated. (188 threads)
[2023-11-05T15:31:39.663+0000][434.194s][info ][safepoint     ] Application time: 1.0015306 seconds
[2023-11-05T15:31:39.665+0000][434.195s][info ][safepoint     ] Entering safepoint region: Cleanup
[2023-11-05T15:31:39.666+0000][434.197s][info ][safepoint     ] Leaving safepoint region
[2023-11-05T15:31:39.667+0000][434.198s][info ][safepoint     ] Total time for which application threads were stopped: 0.0028692 seconds, Stopping threads took: 0.0011601 seconds
[2023-11-05T15:31:58.673+0000][453.204s][debug][safepoint     ] Safepoint synchronization initiated. (186 threads)
[2023-11-05T15:31:58.674+0000][453.204s][info ][safepoint     ] Application time: 19.0051900 seconds
[2023-11-05T15:31:58.674+0000][453.205s][info ][safepoint     ] Entering safepoint region: Cleanup
[2023-11-05T15:31:58.675+0000][453.205s][info ][safepoint     ] Leaving safepoint region
[2023-11-05T15:31:58.675+0000][453.206s][info ][safepoint     ] Total time for which application threads were stopped: 0.0011382 seconds, Stopping threads took: 0.0004937 seconds
[2023-11-05T15:32:00.676+0000][455.207s][debug][safepoint     ] Safepoint synchronization initiated. (187 threads)
[2023-11-05T15:32:00.677+0000][455.208s][info ][safepoint     ] Application time: 2.0015899 seconds
[2023-11-05T15:32:00.678+0000][455.209s][info ][safepoint     ] Entering safepoint region: Cleanup
[2023-11-05T15:32:00.679+0000][455.209s][info ][safepoint     ] Leaving safepoint region
[2023-11-05T15:32:00.680+0000][455.210s][info ][safepoint     ] Total time for which application threads were stopped: 0.0014931 seconds, Stopping threads took: 0.0006143 seconds
[2023-11-05T15:32:01.680+0000][456.211s][debug][safepoint     ] Safepoint synchronization initiated. (189 threads)
[2023-11-05T15:32:01.681+0000][456.212s][info ][safepoint     ] Application time: 1.0010892 seconds
[2023-11-05T15:32:01.682+0000][456.212s][info ][safepoint     ] Entering safepoint region: Cleanup
[2023-11-05T15:32:01.683+0000][456.214s][info ][safepoint     ] Leaving safepoint region
[2023-11-05T15:32:01.684+0000][456.214s][info ][safepoint     ] Total time for which application threads were stopped: 0.0019144 seconds, Stopping threads took: 0.0008355 seconds
[2023-11-05T15:32:10.686+0000][465.217s][debug][safepoint     ] Safepoint synchronization initiated. (189 threads)
[2023-11-05T15:32:10.688+0000][465.218s][info ][safepoint     ] Application time: 9.0031746 seconds
[2023-11-05T15:32:10.689+0000][465.219s][info ][safepoint     ] Entering safepoint region: Cleanup
[2023-11-05T15:32:10.690+0000][465.221s][info ][safepoint     ] Leaving safepoint region
[2023-11-05T15:32:10.691+0000][465.221s][info ][safepoint     ] Total time for which application threads were stopped: 0.0022469 seconds, Stopping threads took: 0.0009524 seconds
[2023-11-05T15:32:19.341+0000][473.872s][debug][safepoint     ] Safepoint synchronization initiated. (189 threads)
[2023-11-05T15:32:19.342+0000][473.872s][info ][safepoint     ] Application time: 8.6502365 seconds
[2023-11-05T15:32:19.343+0000][473.874s][info ][safepoint     ] Entering safepoint region: G1CollectForAllocation
[2023-11-05T15:32:19.344+0000][473.875s][info ][gc,start      ] GC(71) Pause Young (Prepare Mixed) (G1 Evacuation Pause)
[2023-11-05T15:32:19.345+0000][473.875s][info ][gc,task       ] GC(71) Using 8 workers of 8 for evacuation
[2023-11-05T15:32:19.365+0000][473.895s][info ][gc,phases     ] GC(71)   Pre Evacuate Collection Set: 0.0ms
[2023-11-05T15:32:19.366+0000][473.896s][info ][gc,phases     ] GC(71)   Evacuate Collection Set: 12.7ms
[2023-11-05T15:32:19.366+0000][473.896s][info ][gc,phases     ] GC(71)   Post Evacuate Collection Set: 6.4ms
[2023-11-05T15:32:19.366+0000][473.897s][info ][gc,phases     ] GC(71)   Other: 1.3ms
[2023-11-05T15:32:19.367+0000][473.897s][info ][gc,heap       ] GC(71) Eden regions: 143->0(8)
[2023-11-05T15:32:19.367+0000][473.898s][info ][gc,heap       ] GC(71) Survivor regions: 11->11(20)
[2023-11-05T15:32:19.368+0000][473.898s][info ][gc,heap       ] GC(71) Old regions: 152->152
[2023-11-05T15:32:19.369+0000][473.899s][info ][gc,heap       ] GC(71) Humongous regions: 40->40
[2023-11-05T15:32:19.369+0000][473.900s][info ][gc,metaspace  ] GC(71) Metaspace: 168300K(173884K)->168300K(173884K) NonClass: 148727K(152168K)->148727K(152168K) Class: 19572K(21716K)->19572K(21716K)
[2023-11-05T15:32:19.370+0000][473.901s][info ][gc            ] GC(71) Pause Young (Prepare Mixed) (G1 Evacuation Pause) 344M->201M(381M) 25.723ms
[2023-11-05T15:32:19.371+0000][473.901s][info ][gc,cpu        ] GC(71) User=0.13s Sys=0.01s Real=0.03s
[2023-11-05T15:32:19.372+0000][473.902s][info ][safepoint     ] Leaving safepoint region
[2023-11-05T15:32:19.373+0000][473.904s][info ][safepoint     ] Total time for which application threads were stopped: 0.0300147 seconds, Stopping threads took: 0.0009386 seconds
[2023-11-05T15:32:19.374+0000][473.904s][info ][gc,stringdedup] Concurrent String Deduplication (473.904s)
[2023-11-05T15:32:19.377+0000][473.908s][info ][gc,stringdedup] Concurrent String Deduplication 265.8K->152.0K(113.8K) avg 54.2% (473.904s, 473.908s) 3.369ms
[2023-11-05T15:32:22.375+0000][476.905s][debug][safepoint     ] Safepoint synchronization initiated. (189 threads)
[2023-11-05T15:32:22.376+0000][476.906s][info ][safepoint     ] Application time: 3.0023302 seconds
[2023-11-05T15:32:22.377+0000][476.908s][info ][safepoint     ] Entering safepoint region: Cleanup
[2023-11-05T15:32:22.378+0000][476.909s][info ][safepoint     ] Leaving safepoint region
[2023-11-05T15:32:22.379+0000][476.910s][info ][safepoint     ] Total time for which application threads were stopped: 0.0020820 seconds, Stopping threads took: 0.0009147 seconds
[2023-11-05T15:32:26.564+0000][481.094s][debug][safepoint     ] Safepoint synchronization initiated. (189 threads)
[2023-11-05T15:32:26.564+0000][481.095s][info ][safepoint     ] Application time: 4.1842255 seconds
[2023-11-05T15:32:26.565+0000][481.095s][info ][safepoint     ] Entering safepoint region: G1CollectForAllocation
[2023-11-05T15:32:26.565+0000][481.096s][info ][gc,start      ] GC(72) Pause Young (Mixed) (G1 Evacuation Pause)
[2023-11-05T15:32:26.566+0000][481.096s][info ][gc,task       ] GC(72) Using 8 workers of 8 for evacuation
[2023-11-05T15:32:26.581+0000][481.111s][info ][gc,phases     ] GC(72)   Pre Evacuate Collection Set: 0.1ms
[2023-11-05T15:32:26.582+0000][481.112s][info ][gc,phases     ] GC(72)   Evacuate Collection Set: 11.6ms
[2023-11-05T15:32:26.582+0000][481.113s][info ][gc,phases     ] GC(72)   Post Evacuate Collection Set: 3.1ms
[2023-11-05T15:32:26.583+0000][481.113s][info ][gc,phases     ] GC(72)   Other: 1.0ms
[2023-11-05T15:32:26.583+0000][481.113s][info ][gc,heap       ] GC(72) Eden regions: 8->0(134)
[2023-11-05T15:32:26.584+0000][481.114s][info ][gc,heap       ] GC(72) Survivor regions: 11->3(3)
[2023-11-05T15:32:26.584+0000][481.114s][info ][gc,heap       ] GC(72) Old regions: 152->158
[2023-11-05T15:32:26.585+0000][481.115s][info ][gc,heap       ] GC(72) Humongous regions: 40->40
[2023-11-05T15:32:26.586+0000][481.116s][info ][gc,metaspace  ] GC(72) Metaspace: 168301K(173884K)->168301K(173884K) NonClass: 148728K(152168K)->148728K(152168K) Class: 19572K(21716K)->19572K(21716K)
[2023-11-05T15:32:26.586+0000][481.117s][info ][gc            ] GC(72) Pause Young (Mixed) (G1 Evacuation Pause) 209M->198M(381M) 20.893ms
[2023-11-05T15:32:26.587+0000][481.117s][info ][gc,cpu        ] GC(72) User=0.10s Sys=0.01s Real=0.02s
[2023-11-05T15:32:26.587+0000][481.117s][info ][safepoint     ] Leaving safepoint region
[2023-11-05T15:32:26.587+0000][481.118s][info ][safepoint     ] Total time for which application threads were stopped: 0.0226874 seconds, Stopping threads took: 0.0004443 seconds
[2023-11-05T15:32:26.588+0000][481.118s][info ][gc,stringdedup] Concurrent String Deduplication (481.118s)
[2023-11-05T15:32:26.588+0000][481.119s][info ][gc,stringdedup] Concurrent String Deduplication 18552.0B->8832.0B(9720.0B) avg 54.2% (481.118s, 481.119s) 0.596ms
[2023-11-05T15:32:34.590+0000][489.120s][debug][safepoint     ] Safepoint synchronization initiated. (189 threads)
[2023-11-05T15:32:34.590+0000][489.121s][info ][safepoint     ] Application time: 8.0028500 seconds
[2023-11-05T15:32:34.591+0000][489.121s][info ][safepoint     ] Entering safepoint region: Cleanup
[2023-11-05T15:32:34.592+0000][489.122s][info ][safepoint     ] Leaving safepoint region
[2023-11-05T15:32:34.592+0000][489.122s][info ][safepoint     ] Total time for which application threads were stopped: 0.0011129 seconds, Stopping threads took: 0.0004884 seconds
[2023-11-05T15:32:35.593+0000][490.123s][debug][safepoint     ] Safepoint synchronization initiated. (189 threads)
[2023-11-05T15:32:35.594+0000][490.124s][info ][safepoint     ] Application time: 1.0014683 seconds
[2023-11-05T15:32:35.595+0000][490.126s][info ][safepoint     ] Entering safepoint region: Cleanup
[2023-11-05T15:32:35.597+0000][490.127s][info ][safepoint     ] Leaving safepoint region
[2023-11-05T15:32:35.598+0000][490.128s][info ][safepoint     ] Total time for which application threads were stopped: 0.0024797 seconds, Stopping threads took: 0.0010865 seconds
[2023-11-05T15:32:36.980+0000][491.510s][debug][safepoint     ] Safepoint synchronization initiated. (190 threads)
[2023-11-05T15:32:36.981+0000][491.511s][info ][safepoint     ] Application time: 1.3820996 seconds
[2023-11-05T15:32:36.981+0000][491.512s][info ][safepoint     ] Entering safepoint region: G1CollectForAllocation
[2023-11-05T15:32:36.982+0000][491.512s][info ][gc,start      ] GC(73) Pause Young (Concurrent Start) (G1 Humongous Allocation)
[2023-11-05T15:32:36.982+0000][491.513s][info ][gc,task       ] GC(73) Using 8 workers of 8 for evacuation
[2023-11-05T15:32:36.989+0000][491.520s][info ][gc,phases     ] GC(73)   Pre Evacuate Collection Set: 0.6ms
[2023-11-05T15:32:36.990+0000][491.520s][info ][gc,phases     ] GC(73)   Evacuate Collection Set: 3.5ms
[2023-11-05T15:32:36.990+0000][491.521s][info ][gc,phases     ] GC(73)   Post Evacuate Collection Set: 2.4ms
[2023-11-05T15:32:36.991+0000][491.521s][info ][gc,phases     ] GC(73)   Other: 1.1ms
[2023-11-05T15:32:36.991+0000][491.522s][info ][gc,heap       ] GC(73) Eden regions: 12->0(104)
[2023-11-05T15:32:36.992+0000][491.522s][info ][gc,heap       ] GC(73) Survivor regions: 3->2(18)
[2023-11-05T15:32:36.992+0000][491.523s][info ][gc,heap       ] GC(73) Old regions: 158->158
[2023-11-05T15:32:36.992+0000][491.523s][info ][gc,heap       ] GC(73) Humongous regions: 40->40
[2023-11-05T15:32:36.993+0000][491.523s][info ][gc,metaspace  ] GC(73) Metaspace: 168326K(173884K)->168326K(173884K) NonClass: 148753K(152168K)->148753K(152168K) Class: 19572K(21716K)->19572K(21716K)
[2023-11-05T15:32:36.993+0000][491.523s][info ][gc            ] GC(73) Pause Young (Concurrent Start) (G1 Humongous Allocation) 209M->197M(381M) 11.235ms
[2023-11-05T15:32:36.993+0000][491.524s][info ][gc,cpu        ] GC(73) User=0.03s Sys=0.00s Real=0.01s
[2023-11-05T15:32:36.994+0000][491.524s][info ][gc            ] GC(74) Concurrent Cycle
[2023-11-05T15:32:36.994+0000][491.524s][info ][safepoint     ] Leaving safepoint region
[2023-11-05T15:32:36.995+0000][491.525s][info ][safepoint     ] Total time for which application threads were stopped: 0.0134432 seconds, Stopping threads took: 0.0005184 seconds
[2023-11-05T15:32:36.994+0000][491.525s][info ][gc,marking    ] GC(74) Concurrent Clear Claimed Marks
[2023-11-05T15:32:36.995+0000][491.525s][info ][gc,stringdedup] Concurrent String Deduplication (491.525s)
[2023-11-05T15:32:36.996+0000][491.526s][info ][gc,stringdedup] Concurrent String Deduplication 14984.0B->3456.0B(11528.0B) avg 54.2% (491.525s, 491.526s) 0.868ms
[2023-11-05T15:32:36.996+0000][491.527s][info ][gc,marking    ] GC(74) Concurrent Clear Claimed Marks 1.939ms
[2023-11-05T15:32:36.997+0000][491.527s][info ][gc,marking    ] GC(74) Concurrent Scan Root Regions
[2023-11-05T15:32:37.000+0000][491.530s][info ][gc,marking    ] GC(74) Concurrent Scan Root Regions 3.556ms
[2023-11-05T15:32:37.001+0000][491.531s][info ][gc,marking    ] GC(74) Concurrent Mark (491.531s)
[2023-11-05T15:32:37.001+0000][491.531s][info ][gc,marking    ] GC(74) Concurrent Mark From Roots
[2023-11-05T15:32:37.001+0000][491.531s][info ][gc,task       ] GC(74) Using 2 workers of 2 for marking
[2023-11-05T15:32:37.111+0000][491.642s][info ][gc,marking    ] GC(74) Concurrent Mark From Roots 110.402ms
[2023-11-05T15:32:37.112+0000][491.642s][info ][gc,marking    ] GC(74) Concurrent Preclean
[2023-11-05T15:32:37.112+0000][491.643s][info ][gc,marking    ] GC(74) Concurrent Preclean 0.703ms
[2023-11-05T15:32:37.113+0000][491.643s][info ][gc,marking    ] GC(74) Concurrent Mark (491.531s, 491.643s) 112.479ms
[2023-11-05T15:32:37.114+0000][491.644s][debug][safepoint     ] Safepoint synchronization initiated. (190 threads)
[2023-11-05T15:32:37.114+0000][491.644s][info ][safepoint     ] Application time: 0.1191612 seconds
[2023-11-05T15:32:37.115+0000][491.645s][info ][safepoint     ] Entering safepoint region: CGC_Operation
[2023-11-05T15:32:37.115+0000][491.646s][info ][gc,start      ] GC(74) Pause Remark
[2023-11-05T15:32:37.145+0000][491.675s][info ][gc,stringtable] GC(74) Cleaned string and symbol table, strings: 83369 processed, 23 removed, symbols: 410027 processed, 0 removed
[2023-11-05T15:32:37.146+0000][491.676s][info ][gc            ] GC(74) Pause Remark 204M->204M(381M) 30.804ms
[2023-11-05T15:32:37.147+0000][491.677s][info ][gc,cpu        ] GC(74) User=0.21s Sys=0.00s Real=0.03s
[2023-11-05T15:32:37.147+0000][491.678s][info ][safepoint     ] Leaving safepoint region
[2023-11-05T15:32:37.148+0000][491.678s][info ][safepoint     ] Total time for which application threads were stopped: 0.0332950 seconds, Stopping threads took: 0.0005075 seconds
[2023-11-05T15:32:37.148+0000][491.679s][info ][gc,marking    ] GC(74) Concurrent Rebuild Remembered Sets
[2023-11-05T15:32:37.222+0000][491.753s][info ][gc,marking    ] GC(74) Concurrent Rebuild Remembered Sets 73.856ms
[2023-11-05T15:32:37.223+0000][491.753s][debug][safepoint     ] Safepoint synchronization initiated. (190 threads)
[2023-11-05T15:32:37.224+0000][491.754s][info ][safepoint     ] Application time: 0.0753076 seconds
[2023-11-05T15:32:37.224+0000][491.754s][info ][safepoint     ] Entering safepoint region: CGC_Operation
[2023-11-05T15:32:37.225+0000][491.755s][info ][gc,start      ] GC(74) Pause Cleanup
[2023-11-05T15:32:37.226+0000][491.756s][info ][gc            ] GC(74) Pause Cleanup 204M->204M(381M) 0.824ms
[2023-11-05T15:32:37.226+0000][491.756s][info ][gc,cpu        ] GC(74) User=0.00s Sys=0.00s Real=0.00s
[2023-11-05T15:32:37.227+0000][491.757s][info ][safepoint     ] Leaving safepoint region
[2023-11-05T15:32:37.227+0000][491.757s][info ][safepoint     ] Total time for which application threads were stopped: 0.0029457 seconds, Stopping threads took: 0.0004539 seconds
[2023-11-05T15:32:37.227+0000][491.758s][info ][gc,marking    ] GC(74) Concurrent Cleanup for Next Mark
[2023-11-05T15:32:37.228+0000][491.759s][info ][gc,marking    ] GC(74) Concurrent Cleanup for Next Mark 1.020ms
[2023-11-05T15:32:37.229+0000][491.759s][info ][gc            ] GC(74) Concurrent Cycle 234.858ms
[2023-11-05T15:32:38.228+0000][492.758s][debug][safepoint     ] Safepoint synchronization initiated. (190 threads)
[2023-11-05T15:32:38.229+0000][492.759s][info ][safepoint     ] Application time: 1.0012518 seconds
[2023-11-05T15:32:38.229+0000][492.760s][info ][safepoint     ] Entering safepoint region: Cleanup
[2023-11-05T15:32:38.230+0000][492.761s][info ][safepoint     ] Leaving safepoint region
[2023-11-05T15:32:38.231+0000][492.761s][info ][safepoint     ] Total time for which application threads were stopped: 0.0017640 seconds, Stopping threads took: 0.0006685 seconds
[2023-11-05T15:32:39.232+0000][493.762s][debug][safepoint     ] Safepoint synchronization initiated. (190 threads)
[2023-11-05T15:32:39.233+0000][493.763s][info ][safepoint     ] Application time: 1.0015014 seconds
[2023-11-05T15:32:39.234+0000][493.764s][info ][safepoint     ] Entering safepoint region: Cleanup
[2023-11-05T15:32:39.235+0000][493.766s][info ][safepoint     ] Leaving safepoint region
[2023-11-05T15:32:39.236+0000][493.766s][info ][safepoint     ] Total time for which application threads were stopped: 0.0020220 seconds, Stopping threads took: 0.0007513 seconds
[2023-11-05T15:32:40.237+0000][494.767s][debug][safepoint     ] Safepoint synchronization initiated. (190 threads)
[2023-11-05T15:32:40.238+0000][494.768s][info ][safepoint     ] Application time: 1.0013358 seconds
[2023-11-05T15:32:40.239+0000][494.770s][info ][safepoint     ] Entering safepoint region: Cleanup
[2023-11-05T15:32:40.241+0000][494.771s][info ][safepoint     ] Leaving safepoint region
[2023-11-05T15:32:40.241+0000][494.772s][info ][safepoint     ] Total time for which application threads were stopped: 0.0023340 seconds, Stopping threads took: 0.0011251 seconds
[2023-11-05T15:32:44.243+0000][498.773s][debug][safepoint     ] Safepoint synchronization initiated. (190 threads)
[2023-11-05T15:32:44.244+0000][498.774s][info ][safepoint     ] Application time: 4.0015729 seconds
[2023-11-05T15:32:44.245+0000][498.775s][info ][safepoint     ] Entering safepoint region: Cleanup
[2023-11-05T15:32:44.246+0000][498.776s][info ][safepoint     ] Leaving safepoint region
[2023-11-05T15:32:44.247+0000][498.777s][info ][safepoint     ] Total time for which application threads were stopped: 0.0021518 seconds, Stopping threads took: 0.0009322 seconds
[2023-11-05T15:32:47.249+0000][501.779s][debug][safepoint     ] Safepoint synchronization initiated. (190 threads)
[2023-11-05T15:32:47.249+0000][501.780s][info ][safepoint     ] Application time: 3.0018929 seconds
[2023-11-05T15:32:47.250+0000][501.781s][info ][safepoint     ] Entering safepoint region: Cleanup
[2023-11-05T15:32:47.251+0000][501.782s][info ][safepoint     ] Leaving safepoint region
[2023-11-05T15:32:47.252+0000][501.782s][info ][safepoint     ] Total time for which application threads were stopped: 0.0017700 seconds, Stopping threads took: 0.0007591 seconds
[2023-11-05T15:33:12.259+0000][526.789s][debug][safepoint     ] Safepoint synchronization initiated. (190 threads)
[2023-11-05T15:33:12.259+0000][526.789s][info ][safepoint     ] Application time: 25.0060773 seconds
[2023-11-05T15:33:12.260+0000][526.790s][info ][safepoint     ] Entering safepoint region: Cleanup
[2023-11-05T15:33:12.260+0000][526.790s][info ][safepoint     ] Leaving safepoint region
[2023-11-05T15:33:12.261+0000][526.791s][info ][safepoint     ] Total time for which application threads were stopped: 0.0011100 seconds, Stopping threads took: 0.0005154 seconds
[2023-11-05T15:33:23.263+0000][537.793s][debug][safepoint     ] Safepoint synchronization initiated. (190 threads)
[2023-11-05T15:33:23.264+0000][537.794s][info ][safepoint     ] Application time: 11.0027810 seconds
[2023-11-05T15:33:23.264+0000][537.794s][info ][safepoint     ] Entering safepoint region: Cleanup
[2023-11-05T15:33:23.265+0000][537.795s][info ][safepoint     ] Leaving safepoint region
[2023-11-05T15:33:23.266+0000][537.796s][info ][safepoint     ] Total time for which application threads were stopped: 0.0013843 seconds, Stopping threads took: 0.0006046 seconds
[2023-11-05T15:33:23.490+0000][538.020s][debug][safepoint     ] Safepoint synchronization initiated. (191 threads)
[2023-11-05T15:33:23.490+0000][538.020s][info ][safepoint     ] Application time: 0.2242683 seconds
[2023-11-05T15:33:23.491+0000][538.021s][info ][safepoint     ] Entering safepoint region: G1CollectForAllocation
[2023-11-05T15:33:23.492+0000][538.022s][info ][gc,start      ] GC(75) Pause Young (Concurrent Start) (G1 Humongous Allocation)
[2023-11-05T15:33:23.492+0000][538.022s][info ][gc,task       ] GC(75) Using 8 workers of 8 for evacuation
[2023-11-05T15:33:23.507+0000][538.037s][info ][gc,phases     ] GC(75)   Pre Evacuate Collection Set: 1.6ms
[2023-11-05T15:33:23.507+0000][538.037s][info ][gc,phases     ] GC(75)   Evacuate Collection Set: 8.1ms
[2023-11-05T15:33:23.508+0000][538.038s][info ][gc,phases     ] GC(75)   Post Evacuate Collection Set: 3.1ms
[2023-11-05T15:33:23.508+0000][538.038s][info ][gc,phases     ] GC(75)   Other: 2.1ms
[2023-11-05T15:33:23.509+0000][538.039s][info ][gc,heap       ] GC(75) Eden regions: 44->0(85)
[2023-11-05T15:33:23.509+0000][538.039s][info ][gc,heap       ] GC(75) Survivor regions: 2->3(14)
[2023-11-05T15:33:23.510+0000][538.040s][info ][gc,heap       ] GC(75) Old regions: 158->158
[2023-11-05T15:33:23.510+0000][538.040s][info ][gc,heap       ] GC(75) Humongous regions: 45->45
[2023-11-05T15:33:23.511+0000][538.041s][info ][gc,metaspace  ] GC(75) Metaspace: 168362K(173884K)->168362K(173884K) NonClass: 148797K(152168K)->148797K(152168K) Class: 19564K(21716K)->19564K(21716K)
[2023-11-05T15:33:23.511+0000][538.041s][info ][gc            ] GC(75) Pause Young (Concurrent Start) (G1 Humongous Allocation) 245M->203M(381M) 19.578ms
[2023-11-05T15:33:23.512+0000][538.042s][info ][gc,cpu        ] GC(75) User=0.08s Sys=0.00s Real=0.02s
[2023-11-05T15:33:23.513+0000][538.043s][info ][safepoint     ] Leaving safepoint region
[2023-11-05T15:33:23.513+0000][538.043s][info ][safepoint     ] Total time for which application threads were stopped: 0.0222063 seconds, Stopping threads took: 0.0004770 seconds
[2023-11-05T15:33:23.513+0000][538.043s][info ][gc            ] GC(76) Concurrent Cycle
[2023-11-05T15:33:23.515+0000][538.045s][info ][gc,marking    ] GC(76) Concurrent Clear Claimed Marks
[2023-11-05T15:33:23.516+0000][538.046s][info ][gc,marking    ] GC(76) Concurrent Clear Claimed Marks 1.141ms
[2023-11-05T15:33:23.517+0000][538.047s][info ][gc,marking    ] GC(76) Concurrent Scan Root Regions
[2023-11-05T15:33:23.521+0000][538.051s][info ][gc,marking    ] GC(76) Concurrent Scan Root Regions 4.407ms
[2023-11-05T15:33:23.522+0000][538.052s][info ][gc,marking    ] GC(76) Concurrent Mark (538.052s)
[2023-11-05T15:33:23.523+0000][538.053s][info ][gc,marking    ] GC(76) Concurrent Mark From Roots
[2023-11-05T15:33:23.523+0000][538.053s][info ][gc,task       ] GC(76) Using 2 workers of 2 for marking
[2023-11-05T15:33:23.656+0000][538.186s][info ][gc,marking    ] GC(76) Concurrent Mark From Roots 133.183ms
[2023-11-05T15:33:23.656+0000][538.186s][info ][gc,marking    ] GC(76) Concurrent Preclean
[2023-11-05T15:33:23.657+0000][538.187s][info ][gc,marking    ] GC(76) Concurrent Preclean 0.715ms
[2023-11-05T15:33:23.658+0000][538.188s][info ][gc,marking    ] GC(76) Concurrent Mark (538.052s, 538.188s) 135.549ms
[2023-11-05T15:33:23.658+0000][538.188s][debug][safepoint     ] Safepoint synchronization initiated. (191 threads)
[2023-11-05T15:33:23.659+0000][538.189s][info ][safepoint     ] Application time: 0.1449255 seconds
[2023-11-05T15:33:23.659+0000][538.189s][info ][safepoint     ] Entering safepoint region: CGC_Operation
[2023-11-05T15:33:23.660+0000][538.190s][info ][gc,start      ] GC(76) Pause Remark
[2023-11-05T15:33:23.685+0000][538.215s][info ][gc,stringtable] GC(76) Cleaned string and symbol table, strings: 83362 processed, 0 removed, symbols: 410031 processed, 16 removed
[2023-11-05T15:33:23.686+0000][538.216s][info ][gc            ] GC(76) Pause Remark 209M->209M(381M) 25.620ms
[2023-11-05T15:33:23.686+0000][538.216s][info ][gc,cpu        ] GC(76) User=0.17s Sys=0.00s Real=0.02s
[2023-11-05T15:33:23.687+0000][538.217s][info ][safepoint     ] Leaving safepoint region
[2023-11-05T15:33:23.687+0000][538.217s][info ][safepoint     ] Total time for which application threads were stopped: 0.0282231 seconds, Stopping threads took: 0.0005121 seconds
[2023-11-05T15:33:23.688+0000][538.218s][info ][gc,marking    ] GC(76) Concurrent Rebuild Remembered Sets
[2023-11-05T15:33:23.777+0000][538.308s][info ][gc,marking    ] GC(76) Concurrent Rebuild Remembered Sets 89.977ms
[2023-11-05T15:33:23.778+0000][538.308s][debug][safepoint     ] Safepoint synchronization initiated. (191 threads)
[2023-11-05T15:33:23.779+0000][538.309s][info ][safepoint     ] Application time: 0.0912252 seconds
[2023-11-05T15:33:23.779+0000][538.309s][info ][safepoint     ] Entering safepoint region: CGC_Operation
[2023-11-05T15:33:23.780+0000][538.310s][info ][gc,start      ] GC(76) Pause Cleanup
[2023-11-05T15:33:23.780+0000][538.311s][info ][gc            ] GC(76) Pause Cleanup 209M->209M(381M) 0.715ms
[2023-11-05T15:33:23.781+0000][538.311s][info ][gc,cpu        ] GC(76) User=0.00s Sys=0.00s Real=0.00s
[2023-11-05T15:33:23.781+0000][538.312s][info ][safepoint     ] Leaving safepoint region
[2023-11-05T15:33:23.782+0000][538.312s][info ][safepoint     ] Total time for which application threads were stopped: 0.0026370 seconds, Stopping threads took: 0.0004679 seconds
[2023-11-05T15:33:23.782+0000][538.312s][info ][gc,marking    ] GC(76) Concurrent Cleanup for Next Mark
[2023-11-05T15:33:23.783+0000][538.314s][info ][gc,marking    ] GC(76) Concurrent Cleanup for Next Mark 1.244ms
[2023-11-05T15:33:23.784+0000][538.314s][info ][gc            ] GC(76) Concurrent Cycle 271.438ms
[2023-11-05T15:33:24.782+0000][539.313s][debug][safepoint     ] Safepoint synchronization initiated. (191 threads)
[2023-11-05T15:33:24.783+0000][539.313s][info ][safepoint     ] Application time: 1.0009318 seconds
[2023-11-05T15:33:24.784+0000][539.314s][info ][safepoint     ] Entering safepoint region: Cleanup
[2023-11-05T15:33:24.784+0000][539.315s][info ][safepoint     ] Leaving safepoint region
[2023-11-05T15:33:24.785+0000][539.315s][info ][safepoint     ] Total time for which application threads were stopped: 0.0013933 seconds, Stopping threads took: 0.0005300 seconds
[2023-11-05T15:33:29.786+0000][544.317s][debug][safepoint     ] Safepoint synchronization initiated. (191 threads)
[2023-11-05T15:33:29.787+0000][544.317s][info ][safepoint     ] Application time: 5.0016008 seconds
[2023-11-05T15:33:29.788+0000][544.318s][info ][safepoint     ] Entering safepoint region: Cleanup
[2023-11-05T15:33:29.788+0000][544.319s][info ][safepoint     ] Leaving safepoint region
[2023-11-05T15:33:29.789+0000][544.319s][info ][safepoint     ] Total time for which application threads were stopped: 0.0011975 seconds, Stopping threads took: 0.0004786 seconds
[2023-11-05T15:33:33.790+0000][548.320s][debug][safepoint     ] Safepoint synchronization initiated. (191 threads)
[2023-11-05T15:33:33.791+0000][548.321s][info ][safepoint     ] Application time: 4.0015687 seconds
[2023-11-05T15:33:33.792+0000][548.322s][info ][safepoint     ] Entering safepoint region: Cleanup
[2023-11-05T15:33:33.793+0000][548.323s][info ][safepoint     ] Leaving safepoint region
[2023-11-05T15:33:33.793+0000][548.324s][info ][safepoint     ] Total time for which application threads were stopped: 0.0017334 seconds, Stopping threads took: 0.0008305 seconds
[2023-11-05T15:33:34.794+0000][549.325s][debug][safepoint     ] Safepoint synchronization initiated. (191 threads)
[2023-11-05T15:33:34.795+0000][549.325s][info ][safepoint     ] Application time: 1.0005937 seconds
[2023-11-05T15:33:34.795+0000][549.325s][info ][safepoint     ] Entering safepoint region: Cleanup
[2023-11-05T15:33:34.796+0000][549.326s][info ][safepoint     ] Leaving safepoint region
[2023-11-05T15:33:34.796+0000][549.326s][info ][safepoint     ] Total time for which application threads were stopped: 0.0009897 seconds, Stopping threads took: 0.0004215 seconds
[2023-11-05T15:33:35.797+0000][550.327s][debug][safepoint     ] Safepoint synchronization initiated. (191 threads)
[2023-11-05T15:33:35.797+0000][550.328s][info ][safepoint     ] Application time: 1.0010373 seconds
[2023-11-05T15:33:35.798+0000][550.328s][info ][safepoint     ] Entering safepoint region: Cleanup
[2023-11-05T15:33:35.799+0000][550.329s][info ][safepoint     ] Leaving safepoint region
[2023-11-05T15:33:35.799+0000][550.330s][info ][safepoint     ] Total time for which application threads were stopped: 0.0013630 seconds, Stopping threads took: 0.0005488 seconds
[2023-11-05T15:33:35.799+0000][550.329s][debug][safepoint     ] ... found polling page return exception at pc = 0x00007f808d32eb44, stub =0x00007f8084840600
[2023-11-05T15:33:39.801+0000][554.331s][debug][safepoint     ] Safepoint synchronization initiated. (191 threads)
[2023-11-05T15:33:39.802+0000][554.333s][info ][safepoint     ] Application time: 4.0026183 seconds
[2023-11-05T15:33:39.803+0000][554.334s][info ][safepoint     ] Entering safepoint region: Cleanup
[2023-11-05T15:33:39.805+0000][554.335s][info ][safepoint     ] Leaving safepoint region
[2023-11-05T15:33:39.806+0000][554.336s][info ][safepoint     ] Total time for which application threads were stopped: 0.0023921 seconds, Stopping threads took: 0.0010124 seconds
[2023-11-05T15:33:48.809+0000][563.339s][debug][safepoint     ] Safepoint synchronization initiated. (191 threads)
[2023-11-05T15:33:48.810+0000][563.340s][info ][safepoint     ] Application time: 9.0032700 seconds
[2023-11-05T15:33:48.810+0000][563.341s][info ][safepoint     ] Entering safepoint region: Cleanup
[2023-11-05T15:33:48.811+0000][563.342s][info ][safepoint     ] Leaving safepoint region
[2023-11-05T15:33:48.812+0000][563.342s][info ][safepoint     ] Total time for which application threads were stopped: 0.0015965 seconds, Stopping threads took: 0.0007188 seconds
[2023-11-05T15:33:49.974+0000][564.504s][debug][safepoint     ] Safepoint synchronization initiated. (192 threads)
[2023-11-05T15:33:49.975+0000][564.505s][info ][safepoint     ] Application time: 1.1621873 seconds
[2023-11-05T15:33:49.975+0000][564.505s][info ][safepoint     ] Entering safepoint region: G1CollectForAllocation
[2023-11-05T15:33:49.976+0000][564.506s][info ][gc,start      ] GC(77) Pause Young (Concurrent Start) (G1 Humongous Allocation)
[2023-11-05T15:33:49.977+0000][564.507s][info ][gc,task       ] GC(77) Using 8 workers of 8 for evacuation
[2023-11-05T15:33:49.985+0000][564.515s][info ][gc,phases     ] GC(77)   Pre Evacuate Collection Set: 0.8ms
[2023-11-05T15:33:49.985+0000][564.516s][info ][gc,phases     ] GC(77)   Evacuate Collection Set: 2.7ms
[2023-11-05T15:33:49.986+0000][564.516s][info ][gc,phases     ] GC(77)   Post Evacuate Collection Set: 2.8ms
[2023-11-05T15:33:49.987+0000][564.517s][info ][gc,phases     ] GC(77)   Other: 2.5ms
[2023-11-05T15:33:49.987+0000][564.518s][info ][gc,heap       ] GC(77) Eden regions: 26->0(88)
[2023-11-05T15:33:49.988+0000][564.518s][info ][gc,heap       ] GC(77) Survivor regions: 3->3(11)
[2023-11-05T15:33:49.988+0000][564.518s][info ][gc,heap       ] GC(77) Old regions: 158->158
[2023-11-05T15:33:49.988+0000][564.519s][info ][gc,heap       ] GC(77) Humongous regions: 50->50
[2023-11-05T15:33:49.989+0000][564.519s][info ][gc,metaspace  ] GC(77) Metaspace: 168497K(174140K)->168497K(174140K) NonClass: 148929K(152424K)->148929K(152424K) Class: 19567K(21716K)->19567K(21716K)
[2023-11-05T15:33:49.989+0000][564.520s][info ][gc            ] GC(77) Pause Young (Concurrent Start) (G1 Humongous Allocation) 233M->208M(381M) 13.398ms
[2023-11-05T15:33:49.990+0000][564.520s][info ][gc,cpu        ] GC(77) User=0.03s Sys=0.01s Real=0.02s
[2023-11-05T15:33:49.990+0000][564.521s][info ][safepoint     ] Leaving safepoint region
[2023-11-05T15:33:49.991+0000][564.521s][info ][safepoint     ] Total time for which application threads were stopped: 0.0156756 seconds, Stopping threads took: 0.0003686 seconds
[2023-11-05T15:33:49.990+0000][564.521s][info ][gc            ] GC(78) Concurrent Cycle
[2023-11-05T15:33:49.991+0000][564.522s][info ][gc,marking    ] GC(78) Concurrent Clear Claimed Marks
[2023-11-05T15:33:49.991+0000][564.521s][info ][gc,stringdedup] Concurrent String Deduplication (564.521s)
[2023-11-05T15:33:49.992+0000][564.522s][info ][gc,stringdedup] Concurrent String Deduplication 144.0B->40.0B(104.0B) avg 54.2% (564.521s, 564.522s) 1.019ms
[2023-11-05T15:33:49.993+0000][564.523s][info ][gc,marking    ] GC(78) Concurrent Clear Claimed Marks 1.426ms
[2023-11-05T15:33:49.993+0000][564.524s][info ][gc,marking    ] GC(78) Concurrent Scan Root Regions
[2023-11-05T15:33:49.998+0000][564.529s][info ][gc,marking    ] GC(78) Concurrent Scan Root Regions 5.021ms
[2023-11-05T15:33:49.999+0000][564.529s][info ][gc,marking    ] GC(78) Concurrent Mark (564.529s)
[2023-11-05T15:33:50.000+0000][564.530s][info ][gc,marking    ] GC(78) Concurrent Mark From Roots
[2023-11-05T15:33:50.000+0000][564.531s][info ][gc,task       ] GC(78) Using 2 workers of 2 for marking
[2023-11-05T15:33:50.130+0000][564.660s][info ][gc,marking    ] GC(78) Concurrent Mark From Roots 129.876ms
[2023-11-05T15:33:50.131+0000][564.661s][info ][gc,marking    ] GC(78) Concurrent Preclean
[2023-11-05T15:33:50.131+0000][564.661s][info ][gc,marking    ] GC(78) Concurrent Preclean 0.488ms
[2023-11-05T15:33:50.132+0000][564.662s][info ][gc,marking    ] GC(78) Concurrent Mark (564.529s, 564.662s) 132.754ms
[2023-11-05T15:33:50.132+0000][564.662s][debug][safepoint     ] Safepoint synchronization initiated. (192 threads)
[2023-11-05T15:33:50.133+0000][564.663s][info ][safepoint     ] Application time: 0.1415232 seconds
[2023-11-05T15:33:50.134+0000][564.664s][info ][safepoint     ] Entering safepoint region: CGC_Operation
[2023-11-05T15:33:50.134+0000][564.665s][info ][gc,start      ] GC(78) Pause Remark
[2023-11-05T15:33:50.153+0000][564.683s][info ][gc,stringtable] GC(78) Cleaned string and symbol table, strings: 83410 processed, 0 removed, symbols: 410027 processed, 0 removed
[2023-11-05T15:33:50.154+0000][564.684s][info ][gc            ] GC(78) Pause Remark 214M->214M(381M) 19.485ms
[2023-11-05T15:33:50.154+0000][564.685s][info ][gc,cpu        ] GC(78) User=0.13s Sys=0.00s Real=0.02s
[2023-11-05T15:33:50.155+0000][564.685s][info ][safepoint     ] Leaving safepoint region
[2023-11-05T15:33:50.156+0000][564.686s][info ][safepoint     ] Total time for which application threads were stopped: 0.0225482 seconds, Stopping threads took: 0.0005048 seconds
[2023-11-05T15:33:50.157+0000][564.687s][info ][gc,marking    ] GC(78) Concurrent Rebuild Remembered Sets
[2023-11-05T15:33:50.242+0000][564.772s][info ][gc,marking    ] GC(78) Concurrent Rebuild Remembered Sets 85.207ms
[2023-11-05T15:33:50.243+0000][564.773s][debug][safepoint     ] Safepoint synchronization initiated. (192 threads)
[2023-11-05T15:33:50.243+0000][564.773s][info ][safepoint     ] Application time: 0.0862841 seconds
[2023-11-05T15:33:50.243+0000][564.774s][info ][safepoint     ] Entering safepoint region: CGC_Operation
[2023-11-05T15:33:50.244+0000][564.774s][info ][gc,start      ] GC(78) Pause Cleanup
[2023-11-05T15:33:50.245+0000][564.775s][info ][gc            ] GC(78) Pause Cleanup 214M->214M(381M) 0.706ms
[2023-11-05T15:33:50.245+0000][564.775s][info ][gc,cpu        ] GC(78) User=0.00s Sys=0.00s Real=0.00s
[2023-11-05T15:33:50.245+0000][564.775s][info ][safepoint     ] Leaving safepoint region
[2023-11-05T15:33:50.245+0000][564.776s][info ][safepoint     ] Total time for which application threads were stopped: 0.0023030 seconds, Stopping threads took: 0.0003700 seconds
[2023-11-05T15:33:50.246+0000][564.776s][info ][gc,marking    ] GC(78) Concurrent Cleanup for Next Mark
[2023-11-05T15:33:50.247+0000][564.777s][info ][gc,marking    ] GC(78) Concurrent Cleanup for Next Mark 0.844ms
[2023-11-05T15:33:50.248+0000][564.778s][info ][gc            ] GC(78) Concurrent Cycle 257.388ms
[2023-11-05T15:33:51.246+0000][565.776s][debug][safepoint     ] Safepoint synchronization initiated. (192 threads)
[2023-11-05T15:33:51.246+0000][565.777s][info ][safepoint     ] Application time: 1.0005140 seconds
[2023-11-05T15:33:51.247+0000][565.777s][info ][safepoint     ] Entering safepoint region: Cleanup
[2023-11-05T15:33:51.247+0000][565.778s][info ][safepoint     ] Leaving safepoint region
[2023-11-05T15:33:51.247+0000][565.778s][info ][safepoint     ] Total time for which application threads were stopped: 0.0008449 seconds, Stopping threads took: 0.0003348 seconds
[2023-11-05T15:33:52.248+0000][566.778s][debug][safepoint     ] Safepoint synchronization initiated. (192 threads)
[2023-11-05T15:33:52.249+0000][566.779s][info ][safepoint     ] Application time: 1.0010713 seconds
[2023-11-05T15:33:52.249+0000][566.780s][info ][safepoint     ] Entering safepoint region: Cleanup
[2023-11-05T15:33:52.250+0000][566.780s][info ][safepoint     ] Leaving safepoint region
[2023-11-05T15:33:52.250+0000][566.781s][info ][safepoint     ] Total time for which application threads were stopped: 0.0010868 seconds, Stopping threads took: 0.0004691 seconds
[2023-11-05T15:33:59.249+0000][573.783s][debug][safepoint     ] Safepoint synchronization initiated. (192 threads)
[2023-11-05T15:33:59.250+0000][573.784s][info ][safepoint     ] Application time: 7.0027297 seconds
[2023-11-05T15:33:59.251+0000][573.785s][info ][safepoint     ] Entering safepoint region: Cleanup
[2023-11-05T15:33:59.253+0000][573.786s][info ][safepoint     ] Leaving safepoint region
[2023-11-05T15:33:59.253+0000][573.787s][info ][safepoint     ] Total time for which application threads were stopped: 0.0021751 seconds, Stopping threads took: 0.0010236 seconds
[2023-11-05T15:34:00.255+0000][574.788s][debug][safepoint     ] Safepoint synchronization initiated. (192 threads)
[2023-11-05T15:34:00.256+0000][574.789s][info ][safepoint     ] Application time: 1.0012289 seconds
[2023-11-05T15:34:00.256+0000][574.790s][info ][safepoint     ] Entering safepoint region: Cleanup
[2023-11-05T15:34:00.257+0000][574.790s][info ][safepoint     ] Leaving safepoint region
[2023-11-05T15:34:00.257+0000][574.791s][info ][safepoint     ] Total time for which application threads were stopped: 0.0014543 seconds, Stopping threads took: 0.0007674 seconds
[2023-11-05T15:34:08.260+0000][582.793s][debug][safepoint     ] Safepoint synchronization initiated. (192 threads)
[2023-11-05T15:34:08.261+0000][582.794s][info ][safepoint     ] Application time: 8.0027225 seconds
[2023-11-05T15:34:08.261+0000][582.795s][info ][safepoint     ] Entering safepoint region: Cleanup
[2023-11-05T15:34:08.262+0000][582.796s][info ][safepoint     ] Leaving safepoint region
[2023-11-05T15:34:08.263+0000][582.796s][info ][safepoint     ] Total time for which application threads were stopped: 0.0016015 seconds, Stopping threads took: 0.0005770 seconds
[2023-11-05T15:34:31.615+0000][606.150s][debug][safepoint     ] Safepoint synchronization initiated. (193 threads)
[2023-11-05T15:34:31.616+0000][606.150s][info ][safepoint     ] Application time: 23.3530768 seconds
[2023-11-05T15:34:31.616+0000][606.151s][info ][safepoint     ] Entering safepoint region: G1CollectForAllocation
[2023-11-05T15:34:31.618+0000][606.152s][info ][gc,start      ] GC(79) Pause Young (Concurrent Start) (G1 Humongous Allocation)
[2023-11-05T15:34:31.619+0000][606.153s][info ][gc,task       ] GC(79) Using 8 workers of 8 for evacuation
[2023-11-05T15:34:31.626+0000][606.161s][info ][gc,phases     ] GC(79)   Pre Evacuate Collection Set: 0.7ms
[2023-11-05T15:34:31.627+0000][606.161s][info ][gc,phases     ] GC(79)   Evacuate Collection Set: 3.1ms
[2023-11-05T15:34:31.627+0000][606.162s][info ][gc,phases     ] GC(79)   Post Evacuate Collection Set: 2.9ms
[2023-11-05T15:34:31.628+0000][606.162s][info ][gc,phases     ] GC(79)   Other: 2.1ms
[2023-11-05T15:34:31.629+0000][606.163s][info ][gc,heap       ] GC(79) Eden regions: 39->0(89)
[2023-11-05T15:34:31.629+0000][606.163s][info ][gc,heap       ] GC(79) Survivor regions: 3->3(12)
[2023-11-05T15:34:31.630+0000][606.164s][info ][gc,heap       ] GC(79) Old regions: 158->158
[2023-11-05T15:34:31.630+0000][606.164s][info ][gc,heap       ] GC(79) Humongous regions: 55->55
[2023-11-05T15:34:31.631+0000][606.165s][info ][gc,metaspace  ] GC(79) Metaspace: 168585K(174140K)->168585K(174140K) NonClass: 149015K(152424K)->149015K(152424K) Class: 19569K(21716K)->19569K(21716K)
[2023-11-05T15:34:31.631+0000][606.165s][info ][gc            ] GC(79) Pause Young (Concurrent Start) (G1 Humongous Allocation) 251M->213M(381M) 13.472ms
[2023-11-05T15:34:31.632+0000][606.166s][info ][gc,cpu        ] GC(79) User=0.03s Sys=0.01s Real=0.01s
[2023-11-05T15:34:31.632+0000][606.166s][info ][safepoint     ] Leaving safepoint region
[2023-11-05T15:34:31.632+0000][606.167s][info ][safepoint     ] Total time for which application threads were stopped: 0.0159973 seconds, Stopping threads took: 0.0006170 seconds
[2023-11-05T15:34:31.632+0000][606.166s][info ][gc            ] GC(80) Concurrent Cycle
[2023-11-05T15:34:31.633+0000][606.167s][info ][gc,stringdedup] Concurrent String Deduplication (606.167s)
[2023-11-05T15:34:31.634+0000][606.169s][info ][gc,marking    ] GC(80) Concurrent Clear Claimed Marks
[2023-11-05T15:34:31.636+0000][606.170s][info ][gc,stringdedup] Concurrent String Deduplication 384.0B->224.0B(160.0B) avg 54.2% (606.167s, 606.170s) 2.791ms
[2023-11-05T15:34:31.638+0000][606.172s][info ][gc,marking    ] GC(80) Concurrent Clear Claimed Marks 3.101ms
[2023-11-05T15:34:31.638+0000][606.172s][info ][gc,marking    ] GC(80) Concurrent Scan Root Regions
[2023-11-05T15:34:31.641+0000][606.175s][info ][gc,marking    ] GC(80) Concurrent Scan Root Regions 2.472ms
[2023-11-05T15:34:31.641+0000][606.176s][info ][gc,marking    ] GC(80) Concurrent Mark (606.175s)
[2023-11-05T15:34:31.642+0000][606.176s][info ][gc,marking    ] GC(80) Concurrent Mark From Roots
[2023-11-05T15:34:31.642+0000][606.176s][info ][gc,task       ] GC(80) Using 2 workers of 2 for marking
[2023-11-05T15:34:31.742+0000][606.276s][info ][gc,marking    ] GC(80) Concurrent Mark From Roots 100.029ms
[2023-11-05T15:34:31.742+0000][606.277s][info ][gc,marking    ] GC(80) Concurrent Preclean
[2023-11-05T15:34:31.743+0000][606.277s][info ][gc,marking    ] GC(80) Concurrent Preclean 0.792ms
[2023-11-05T15:34:31.743+0000][606.278s][info ][gc,marking    ] GC(80) Concurrent Mark (606.175s, 606.278s) 102.221ms
[2023-11-05T15:34:31.744+0000][606.278s][debug][safepoint     ] Safepoint synchronization initiated. (193 threads)
[2023-11-05T15:34:31.744+0000][606.279s][info ][safepoint     ] Application time: 0.1116345 seconds
[2023-11-05T15:34:31.745+0000][606.279s][info ][safepoint     ] Entering safepoint region: CGC_Operation
[2023-11-05T15:34:31.745+0000][606.280s][info ][gc,start      ] GC(80) Pause Remark
[2023-11-05T15:34:31.758+0000][606.293s][info ][gc,stringtable] GC(80) Cleaned string and symbol table, strings: 83432 processed, 0 removed, symbols: 410033 processed, 0 removed
[2023-11-05T15:34:31.759+0000][606.294s][info ][gc            ] GC(80) Pause Remark 219M->219M(381M) 13.933ms
[2023-11-05T15:34:31.760+0000][606.294s][info ][gc,cpu        ] GC(80) User=0.09s Sys=0.00s Real=0.01s
[2023-11-05T15:34:31.760+0000][606.295s][debug][safepoint     ] ... found polling page return exception at pc = 0x00007f808d32eb44, stub =0x00007f8084840600
[2023-11-05T15:34:31.760+0000][606.295s][debug][safepoint     ] ... found polling page return exception at pc = 0x00007f808d32eb44, stub =0x00007f8084840600
[2023-11-05T15:34:31.760+0000][606.295s][info ][safepoint     ] Leaving safepoint region
[2023-11-05T15:34:31.762+0000][606.296s][info ][safepoint     ] Total time for which application threads were stopped: 0.0170800 seconds, Stopping threads took: 0.0004062 seconds
[2023-11-05T15:34:31.762+0000][606.297s][info ][gc,marking    ] GC(80) Concurrent Rebuild Remembered Sets
[2023-11-05T15:34:31.840+0000][606.374s][info ][gc,marking    ] GC(80) Concurrent Rebuild Remembered Sets 77.583ms
[2023-11-05T15:34:31.841+0000][606.375s][debug][safepoint     ] Safepoint synchronization initiated. (193 threads)
[2023-11-05T15:34:31.841+0000][606.375s][info ][safepoint     ] Application time: 0.0789780 seconds
[2023-11-05T15:34:31.842+0000][606.376s][info ][safepoint     ] Entering safepoint region: CGC_Operation
[2023-11-05T15:34:31.842+0000][606.377s][info ][gc,start      ] GC(80) Pause Cleanup
[2023-11-05T15:34:31.844+0000][606.378s][info ][gc            ] GC(80) Pause Cleanup 219M->219M(381M) 1.130ms
[2023-11-05T15:34:31.844+0000][606.378s][info ][gc,cpu        ] GC(80) User=0.00s Sys=0.00s Real=0.01s
[2023-11-05T15:34:31.845+0000][606.379s][info ][safepoint     ] Leaving safepoint region
[2023-11-05T15:34:31.845+0000][606.379s][info ][safepoint     ] Total time for which application threads were stopped: 0.0031846 seconds, Stopping threads took: 0.0005040 seconds
[2023-11-05T15:34:31.845+0000][606.380s][info ][gc,marking    ] GC(80) Concurrent Cleanup for Next Mark
[2023-11-05T15:34:31.846+0000][606.381s][info ][gc,marking    ] GC(80) Concurrent Cleanup for Next Mark 1.011ms
[2023-11-05T15:34:31.847+0000][606.381s][info ][gc            ] GC(80) Concurrent Cycle 215.072ms
[2023-11-05T15:34:32.846+0000][607.380s][debug][safepoint     ] Safepoint synchronization initiated. (193 threads)
[2023-11-05T15:34:32.846+0000][607.381s][info ][safepoint     ] Application time: 1.0008936 seconds
[2023-11-05T15:34:32.847+0000][607.381s][info ][safepoint     ] Entering safepoint region: Cleanup
[2023-11-05T15:34:32.847+0000][607.382s][info ][safepoint     ] Leaving safepoint region
[2023-11-05T15:34:32.848+0000][607.382s][info ][safepoint     ] Total time for which application threads were stopped: 0.0012320 seconds, Stopping threads took: 0.0004815 seconds
[2023-11-05T15:34:33.848+0000][608.383s][debug][safepoint     ] Safepoint synchronization initiated. (193 threads)
[2023-11-05T15:34:33.849+0000][608.383s][info ][safepoint     ] Application time: 1.0004807 seconds
[2023-11-05T15:34:33.849+0000][608.384s][info ][safepoint     ] Entering safepoint region: Cleanup
[2023-11-05T15:34:33.850+0000][608.384s][info ][safepoint     ] Leaving safepoint region
[2023-11-05T15:34:33.850+0000][608.384s][info ][safepoint     ] Total time for which application threads were stopped: 0.0008731 seconds, Stopping threads took: 0.0004020 seconds
[2023-11-05T15:34:34.851+0000][609.385s][debug][safepoint     ] Safepoint synchronization initiated. (193 threads)
[2023-11-05T15:34:34.851+0000][609.386s][info ][safepoint     ] Application time: 1.0011389 seconds
[2023-11-05T15:34:34.852+0000][609.386s][info ][safepoint     ] Entering safepoint region: Cleanup
[2023-11-05T15:34:34.852+0000][609.387s][info ][safepoint     ] Leaving safepoint region
[2023-11-05T15:34:34.853+0000][609.387s][info ][safepoint     ] Total time for which application threads were stopped: 0.0008212 seconds, Stopping threads took: 0.0003296 seconds
[2023-11-05T15:34:36.853+0000][611.387s][debug][safepoint     ] Safepoint synchronization initiated. (193 threads)
[2023-11-05T15:34:36.854+0000][611.388s][info ][safepoint     ] Application time: 2.0008775 seconds
[2023-11-05T15:34:36.854+0000][611.389s][info ][safepoint     ] Entering safepoint region: Cleanup
[2023-11-05T15:34:36.855+0000][611.389s][info ][safepoint     ] Leaving safepoint region
[2023-11-05T15:34:36.856+0000][611.390s][info ][safepoint     ] Total time for which application threads were stopped: 0.0019700 seconds, Stopping threads took: 0.0005349 seconds
[2023-11-05T15:34:37.857+0000][612.391s][debug][safepoint     ] Safepoint synchronization initiated. (193 threads)
[2023-11-05T15:34:37.858+0000][612.392s][info ][safepoint     ] Application time: 1.0008992 seconds
[2023-11-05T15:34:37.858+0000][612.392s][info ][safepoint     ] Entering safepoint region: Cleanup
[2023-11-05T15:34:37.859+0000][612.393s][info ][safepoint     ] Leaving safepoint region
[2023-11-05T15:34:37.860+0000][612.394s][info ][safepoint     ] Total time for which application threads were stopped: 0.0016279 seconds, Stopping threads took: 0.0005333 seconds
[2023-11-05T15:34:38.860+0000][613.395s][debug][safepoint     ] Safepoint synchronization initiated. (193 threads)
[2023-11-05T15:34:38.861+0000][613.395s][info ][safepoint     ] Application time: 1.0007676 seconds
[2023-11-05T15:34:38.861+0000][613.396s][info ][safepoint     ] Entering safepoint region: Cleanup
[2023-11-05T15:34:38.862+0000][613.396s][info ][safepoint     ] Leaving safepoint region
[2023-11-05T15:34:38.862+0000][613.396s][info ][safepoint     ] Total time for which application threads were stopped: 0.0009559 seconds, Stopping threads took: 0.0004019 seconds
[2023-11-05T15:34:39.863+0000][614.397s][debug][safepoint     ] Safepoint synchronization initiated. (193 threads)
[2023-11-05T15:34:39.864+0000][614.398s][info ][safepoint     ] Application time: 1.0007383 seconds
[2023-11-05T15:34:39.864+0000][614.398s][info ][safepoint     ] Entering safepoint region: Cleanup
[2023-11-05T15:34:39.865+0000][614.399s][info ][safepoint     ] Leaving safepoint region
[2023-11-05T15:34:39.865+0000][614.400s][info ][safepoint     ] Total time for which application threads were stopped: 0.0012672 seconds, Stopping threads took: 0.0006314 seconds
[2023-11-05T15:34:41.866+0000][616.400s][debug][safepoint     ] Safepoint synchronization initiated. (197 threads)
[2023-11-05T15:34:41.867+0000][616.401s][info ][safepoint     ] Application time: 2.0009576 seconds
[2023-11-05T15:34:41.867+0000][616.401s][info ][safepoint     ] Entering safepoint region: Cleanup
[2023-11-05T15:34:41.868+0000][616.402s][info ][safepoint     ] Leaving safepoint region
[2023-11-05T15:34:41.868+0000][616.402s][info ][safepoint     ] Total time for which application threads were stopped: 0.0011394 seconds, Stopping threads took: 0.0003921 seconds
[2023-11-05T15:34:45.869+0000][620.404s][debug][safepoint     ] Safepoint synchronization initiated. (196 threads)
[2023-11-05T15:34:45.870+0000][620.404s][info ][safepoint     ] Application time: 4.0012434 seconds
[2023-11-05T15:34:45.870+0000][620.405s][info ][safepoint     ] Entering safepoint region: Cleanup
[2023-11-05T15:34:45.872+0000][620.406s][info ][safepoint     ] Leaving safepoint region
[2023-11-05T15:34:45.873+0000][620.408s][info ][safepoint     ] Total time for which application threads were stopped: 0.0029720 seconds, Stopping threads took: 0.0007598 seconds
[2023-11-05T15:34:46.874+0000][621.408s][debug][safepoint     ] Safepoint synchronization initiated. (196 threads)
[2023-11-05T15:34:46.875+0000][621.409s][info ][safepoint     ] Application time: 1.0008110 seconds
[2023-11-05T15:34:46.875+0000][621.409s][info ][safepoint     ] Entering safepoint region: Cleanup
[2023-11-05T15:34:46.876+0000][621.410s][info ][safepoint     ] Leaving safepoint region
[2023-11-05T15:34:46.876+0000][621.410s][info ][safepoint     ] Total time for which application threads were stopped: 0.0011575 seconds, Stopping threads took: 0.0004919 seconds
[2023-11-05T15:34:49.877+0000][624.411s][debug][safepoint     ] Safepoint synchronization initiated. (196 threads)
[2023-11-05T15:34:49.877+0000][624.412s][info ][safepoint     ] Application time: 3.0008574 seconds
[2023-11-05T15:34:49.878+0000][624.412s][info ][safepoint     ] Entering safepoint region: Cleanup
[2023-11-05T15:34:49.879+0000][624.413s][info ][safepoint     ] Leaving safepoint region
[2023-11-05T15:34:49.879+0000][624.414s][info ][safepoint     ] Total time for which application threads were stopped: 0.0017123 seconds, Stopping threads took: 0.0011155 seconds
[2023-11-05T15:35:01.882+0000][636.417s][debug][safepoint     ] Safepoint synchronization initiated. (196 threads)
[2023-11-05T15:35:01.883+0000][636.418s][info ][safepoint     ] Application time: 12.0037436 seconds
[2023-11-05T15:35:01.884+0000][636.419s][info ][safepoint     ] Entering safepoint region: Cleanup
[2023-11-05T15:35:01.885+0000][636.420s][info ][safepoint     ] Leaving safepoint region
[2023-11-05T15:35:01.886+0000][636.420s][info ][safepoint     ] Total time for which application threads were stopped: 0.0017761 seconds, Stopping threads took: 0.0008091 seconds
[2023-11-05T15:35:18.889+0000][653.424s][debug][safepoint     ] Safepoint synchronization initiated. (196 threads)
[2023-11-05T15:35:18.890+0000][653.424s][info ][safepoint     ] Application time: 17.0032135 seconds
[2023-11-05T15:35:18.890+0000][653.425s][info ][safepoint     ] Entering safepoint region: Cleanup
[2023-11-05T15:35:18.891+0000][653.425s][info ][safepoint     ] Leaving safepoint region
[2023-11-05T15:35:18.891+0000][653.426s][info ][safepoint     ] Total time for which application threads were stopped: 0.0012206 seconds, Stopping threads took: 0.0004793 seconds
[2023-11-05T15:35:33.894+0000][668.429s][debug][safepoint     ] Safepoint synchronization initiated. (196 threads)
[2023-11-05T15:35:33.894+0000][668.429s][info ][safepoint     ] Application time: 15.0028627 seconds
[2023-11-05T15:35:33.895+0000][668.430s][info ][safepoint     ] Entering safepoint region: Cleanup
[2023-11-05T15:35:33.895+0000][668.430s][info ][safepoint     ] Leaving safepoint region
[2023-11-05T15:35:33.895+0000][668.431s][info ][safepoint     ] Total time for which application threads were stopped: 0.0009253 seconds, Stopping threads took: 0.0003918 seconds
[2023-11-05T15:35:34.896+0000][669.431s][debug][safepoint     ] Safepoint synchronization initiated. (196 threads)
[2023-11-05T15:35:34.897+0000][669.432s][info ][safepoint     ] Application time: 1.0007402 seconds
[2023-11-05T15:35:34.897+0000][669.432s][info ][safepoint     ] Entering safepoint region: Cleanup
[2023-11-05T15:35:34.898+0000][669.433s][info ][safepoint     ] Leaving safepoint region
[2023-11-05T15:35:34.898+0000][669.434s][info ][safepoint     ] Total time for which application threads were stopped: 0.0013868 seconds, Stopping threads took: 0.0006049 seconds
[2023-11-05T15:35:39.900+0000][674.435s][debug][safepoint     ] Safepoint synchronization initiated. (196 threads)
[2023-11-05T15:35:39.901+0000][674.436s][info ][safepoint     ] Application time: 5.0022567 seconds
[2023-11-05T15:35:39.902+0000][674.437s][info ][safepoint     ] Entering safepoint region: Cleanup
[2023-11-05T15:35:39.903+0000][674.438s][info ][safepoint     ] Leaving safepoint region
[2023-11-05T15:35:39.903+0000][674.438s][info ][safepoint     ] Total time for which application threads were stopped: 0.0013452 seconds, Stopping threads took: 0.0006416 seconds
[2023-11-05T15:36:01.664+0000][696.200s][debug][safepoint     ] Safepoint synchronization initiated. (192 threads)
[2023-11-05T15:36:01.665+0000][696.201s][info ][safepoint     ] Application time: 21.7619594 seconds
[2023-11-05T15:36:01.666+0000][696.202s][info ][safepoint     ] Entering safepoint region: G1CollectForAllocation
[2023-11-05T15:36:01.667+0000][696.203s][info ][gc,start      ] GC(81) Pause Young (Normal) (G1 Evacuation Pause)
[2023-11-05T15:36:01.668+0000][696.203s][info ][gc,task       ] GC(81) Using 8 workers of 8 for evacuation
[2023-11-05T15:36:01.675+0000][696.210s][info ][gc,phases     ] GC(81)   Pre Evacuate Collection Set: 0.1ms
[2023-11-05T15:36:01.675+0000][696.211s][info ][gc,phases     ] GC(81)   Evacuate Collection Set: 2.9ms
[2023-11-05T15:36:01.676+0000][696.211s][info ][gc,phases     ] GC(81)   Post Evacuate Collection Set: 2.9ms
[2023-11-05T15:36:01.677+0000][696.212s][info ][gc,phases     ] GC(81)   Other: 1.6ms
[2023-11-05T15:36:01.677+0000][696.212s][info ][gc,heap       ] GC(81) Eden regions: 89->0(90)
[2023-11-05T15:36:01.677+0000][696.213s][info ][gc,heap       ] GC(81) Survivor regions: 3->3(12)
[2023-11-05T15:36:01.678+0000][696.213s][info ][gc,heap       ] GC(81) Old regions: 158->158
[2023-11-05T15:36:01.679+0000][696.214s][info ][gc,heap       ] GC(81) Humongous regions: 60->60
[2023-11-05T15:36:01.679+0000][696.214s][info ][gc,metaspace  ] GC(81) Metaspace: 168911K(174396K)->168911K(174396K) NonClass: 149319K(152680K)->149319K(152680K) Class: 19592K(21716K)->19592K(21716K)
[2023-11-05T15:36:01.680+0000][696.215s][info ][gc            ] GC(81) Pause Young (Normal) (G1 Evacuation Pause) 307M->218M(381M) 12.160ms
[2023-11-05T15:36:01.680+0000][696.215s][info ][gc,cpu        ] GC(81) User=0.03s Sys=0.00s Real=0.01s
[2023-11-05T15:36:01.680+0000][696.216s][info ][safepoint     ] Leaving safepoint region
[2023-11-05T15:36:01.681+0000][696.216s][info ][safepoint     ] Total time for which application threads were stopped: 0.0146160 seconds, Stopping threads took: 0.0008260 seconds
[2023-11-05T15:36:01.681+0000][696.217s][info ][gc,stringdedup] Concurrent String Deduplication (696.217s)
[2023-11-05T15:36:01.682+0000][696.217s][info ][gc,stringdedup] Concurrent String Deduplication 624.0B->472.0B(152.0B) avg 54.2% (696.217s, 696.217s) 0.404ms
[2023-11-05T15:36:04.682+0000][699.217s][debug][safepoint     ] Safepoint synchronization initiated. (192 threads)
[2023-11-05T15:36:04.683+0000][699.219s][info ][safepoint     ] Application time: 3.0020695 seconds
[2023-11-05T15:36:04.685+0000][699.220s][info ][safepoint     ] Entering safepoint region: Cleanup
[2023-11-05T15:36:04.686+0000][699.221s][info ][safepoint     ] Leaving safepoint region
[2023-11-05T15:36:04.686+0000][699.222s][info ][safepoint     ] Total time for which application threads were stopped: 0.0017026 seconds, Stopping threads took: 0.0008225 seconds
[2023-11-05T15:36:09.688+0000][704.223s][debug][safepoint     ] Safepoint synchronization initiated. (192 threads)
[2023-11-05T15:36:09.689+0000][704.224s][info ][safepoint     ] Application time: 5.0019484 seconds
[2023-11-05T15:36:09.689+0000][704.225s][info ][safepoint     ] Entering safepoint region: Cleanup
[2023-11-05T15:36:09.691+0000][704.226s][info ][safepoint     ] Leaving safepoint region
[2023-11-05T15:36:09.691+0000][704.227s][info ][safepoint     ] Total time for which application threads were stopped: 0.0021739 seconds, Stopping threads took: 0.0006650 seconds
[2023-11-05T15:37:27.709+0000][782.245s][debug][safepoint     ] Safepoint synchronization initiated. (190 threads)
[2023-11-05T15:37:27.711+0000][782.246s][info ][safepoint     ] Application time: 78.0182438 seconds
[2023-11-05T15:37:27.711+0000][782.247s][info ][safepoint     ] Entering safepoint region: Cleanup
[2023-11-05T15:37:27.713+0000][782.248s][info ][safepoint     ] Leaving safepoint region
[2023-11-05T15:37:27.713+0000][782.249s][info ][safepoint     ] Total time for which application threads were stopped: 0.0022241 seconds, Stopping threads took: 0.0014237 seconds
[2023-11-05T15:37:42.057+0000][796.593s][debug][safepoint     ] Safepoint synchronization initiated. (189 threads)
[2023-11-05T15:37:42.058+0000][796.594s][info ][safepoint     ] Application time: 14.3446686 seconds
[2023-11-05T15:37:42.059+0000][796.595s][info ][safepoint     ] Entering safepoint region: G1CollectForAllocation
[2023-11-05T15:37:42.060+0000][796.596s][info ][gc,start      ] GC(82) Pause Young (Concurrent Start) (G1 Evacuation Pause)
[2023-11-05T15:37:42.061+0000][796.597s][info ][gc,task       ] GC(82) Using 8 workers of 8 for evacuation
[2023-11-05T15:37:42.069+0000][796.605s][info ][gc,phases     ] GC(82)   Pre Evacuate Collection Set: 0.9ms
[2023-11-05T15:37:42.070+0000][796.606s][info ][gc,phases     ] GC(82)   Evacuate Collection Set: 3.3ms
[2023-11-05T15:37:42.070+0000][796.606s][info ][gc,phases     ] GC(82)   Post Evacuate Collection Set: 2.5ms
[2023-11-05T15:37:42.071+0000][796.607s][info ][gc,phases     ] GC(82)   Other: 2.0ms
[2023-11-05T15:37:42.071+0000][796.607s][info ][gc,heap       ] GC(82) Eden regions: 90->0(94)
[2023-11-05T15:37:42.072+0000][796.608s][info ][gc,heap       ] GC(82) Survivor regions: 3->3(12)
[2023-11-05T15:37:42.073+0000][796.608s][info ][gc,heap       ] GC(82) Old regions: 158->158
[2023-11-05T15:37:42.073+0000][796.609s][info ][gc,heap       ] GC(82) Humongous regions: 60->60
[2023-11-05T15:37:42.074+0000][796.609s][info ][gc,metaspace  ] GC(82) Metaspace: 168917K(174396K)->168917K(174396K) NonClass: 149325K(152680K)->149325K(152680K) Class: 19592K(21716K)->19592K(21716K)
[2023-11-05T15:37:42.074+0000][796.610s][info ][gc            ] GC(82) Pause Young (Concurrent Start) (G1 Evacuation Pause) 308M->218M(381M) 13.698ms
[2023-11-05T15:37:42.075+0000][796.610s][info ][gc,cpu        ] GC(82) User=0.03s Sys=0.00s Real=0.02s
[2023-11-05T15:37:42.075+0000][796.611s][info ][gc            ] GC(83) Concurrent Cycle
[2023-11-05T15:37:42.076+0000][796.611s][info ][gc,marking    ] GC(83) Concurrent Clear Claimed Marks
[2023-11-05T15:37:42.075+0000][796.611s][info ][safepoint     ] Leaving safepoint region
[2023-11-05T15:37:42.076+0000][796.612s][info ][safepoint     ] Total time for which application threads were stopped: 0.0172898 seconds, Stopping threads took: 0.0009003 seconds
[2023-11-05T15:37:42.077+0000][796.612s][info ][gc,marking    ] GC(83) Concurrent Clear Claimed Marks 1.077ms
[2023-11-05T15:37:42.077+0000][796.613s][info ][gc,marking    ] GC(83) Concurrent Scan Root Regions
[2023-11-05T15:37:42.077+0000][796.613s][info ][gc,stringdedup] Concurrent String Deduplication (796.613s)
[2023-11-05T15:37:42.078+0000][796.614s][info ][gc,stringdedup] Concurrent String Deduplication 360.0B->256.0B(104.0B) avg 54.2% (796.613s, 796.614s) 1.277ms
[2023-11-05T15:37:42.081+0000][796.616s][info ][gc,marking    ] GC(83) Concurrent Scan Root Regions 3.179ms
[2023-11-05T15:37:42.081+0000][796.617s][info ][gc,marking    ] GC(83) Concurrent Mark (796.617s)
[2023-11-05T15:37:42.081+0000][796.617s][info ][gc,marking    ] GC(83) Concurrent Mark From Roots
[2023-11-05T15:37:42.082+0000][796.618s][info ][gc,task       ] GC(83) Using 2 workers of 2 for marking
[2023-11-05T15:37:42.181+0000][796.717s][info ][gc,marking    ] GC(83) Concurrent Mark From Roots 99.501ms
[2023-11-05T15:37:42.182+0000][796.717s][info ][gc,marking    ] GC(83) Concurrent Preclean
[2023-11-05T15:37:42.182+0000][796.718s][info ][gc,marking    ] GC(83) Concurrent Preclean 0.559ms
[2023-11-05T15:37:42.183+0000][796.719s][info ][gc,marking    ] GC(83) Concurrent Mark (796.617s, 796.719s) 101.739ms
[2023-11-05T15:37:42.183+0000][796.719s][debug][safepoint     ] Safepoint synchronization initiated. (189 threads)
[2023-11-05T15:37:42.184+0000][796.720s][info ][safepoint     ] Application time: 0.1070699 seconds
[2023-11-05T15:37:42.185+0000][796.720s][info ][safepoint     ] Entering safepoint region: CGC_Operation
[2023-11-05T15:37:42.185+0000][796.721s][info ][gc,start      ] GC(83) Pause Remark
[2023-11-05T15:37:42.201+0000][796.737s][info ][gc,stringtable] GC(83) Cleaned string and symbol table, strings: 83541 processed, 0 removed, symbols: 410117 processed, 0 removed
[2023-11-05T15:37:42.202+0000][796.738s][info ][gc            ] GC(83) Pause Remark 220M->220M(381M) 16.741ms
[2023-11-05T15:37:42.203+0000][796.739s][info ][gc,cpu        ] GC(83) User=0.11s Sys=0.00s Real=0.02s
[2023-11-05T15:37:42.203+0000][796.739s][info ][safepoint     ] Leaving safepoint region
[2023-11-05T15:37:42.204+0000][796.740s][info ][safepoint     ] Total time for which application threads were stopped: 0.0193942 seconds, Stopping threads took: 0.0006686 seconds
[2023-11-05T15:37:42.205+0000][796.740s][info ][gc,marking    ] GC(83) Concurrent Rebuild Remembered Sets
[2023-11-05T15:37:42.278+0000][796.813s][info ][gc,marking    ] GC(83) Concurrent Rebuild Remembered Sets 73.008ms
[2023-11-05T15:37:42.278+0000][796.814s][debug][safepoint     ] Safepoint synchronization initiated. (189 threads)
[2023-11-05T15:37:42.279+0000][796.815s][info ][safepoint     ] Application time: 0.0744077 seconds
[2023-11-05T15:37:42.280+0000][796.815s][info ][safepoint     ] Entering safepoint region: CGC_Operation
[2023-11-05T15:37:42.280+0000][796.816s][info ][gc,start      ] GC(83) Pause Cleanup
[2023-11-05T15:37:42.281+0000][796.817s][info ][gc            ] GC(83) Pause Cleanup 220M->220M(381M) 0.999ms
[2023-11-05T15:37:42.282+0000][796.818s][info ][gc,cpu        ] GC(83) User=0.00s Sys=0.00s Real=0.00s
[2023-11-05T15:37:42.282+0000][796.818s][info ][safepoint     ] Leaving safepoint region
[2023-11-05T15:37:42.283+0000][796.819s][info ][safepoint     ] Total time for which application threads were stopped: 0.0035713 seconds, Stopping threads took: 0.0005673 seconds
[2023-11-05T15:37:42.284+0000][796.819s][info ][gc,marking    ] GC(83) Concurrent Cleanup for Next Mark
[2023-11-05T15:37:42.285+0000][796.821s][info ][gc,marking    ] GC(83) Concurrent Cleanup for Next Mark 1.746ms
[2023-11-05T15:37:42.286+0000][796.822s][info ][gc            ] GC(83) Concurrent Cycle 210.722ms
[2023-11-05T15:37:54.277+0000][808.822s][debug][safepoint     ] Safepoint synchronization initiated. (189 threads)
[2023-11-05T15:37:54.278+0000][808.823s][info ][safepoint     ] Application time: 12.0037644 seconds
[2023-11-05T15:37:54.279+0000][808.824s][info ][safepoint     ] Entering safepoint region: Cleanup
[2023-11-05T15:37:54.280+0000][808.825s][info ][safepoint     ] Leaving safepoint region
[2023-11-05T15:37:54.280+0000][808.825s][info ][safepoint     ] Total time for which application threads were stopped: 0.0013946 seconds, Stopping threads took: 0.0006467 seconds
[2023-11-05T15:38:08.285+0000][822.830s][debug][safepoint     ] Safepoint synchronization initiated. (189 threads)
[2023-11-05T15:38:08.286+0000][822.831s][info ][safepoint     ] Application time: 14.0048898 seconds
[2023-11-05T15:38:08.286+0000][822.832s][info ][safepoint     ] Entering safepoint region: Cleanup
[2023-11-05T15:38:08.288+0000][822.833s][info ][safepoint     ] Leaving safepoint region
[2023-11-05T15:38:08.288+0000][822.834s][info ][safepoint     ] Total time for which application threads were stopped: 0.0020374 seconds, Stopping threads took: 0.0008605 seconds
[2023-11-05T15:38:35.294+0000][849.840s][debug][safepoint     ] Safepoint synchronization initiated. (188 threads)
[2023-11-05T15:38:35.294+0000][849.841s][info ][safepoint     ] Application time: 27.0067702 seconds
[2023-11-05T15:38:35.295+0000][849.842s][info ][safepoint     ] Entering safepoint region: Cleanup
[2023-11-05T15:38:35.296+0000][849.843s][info ][safepoint     ] Leaving safepoint region
[2023-11-05T15:38:35.297+0000][849.844s][info ][safepoint     ] Total time for which application threads were stopped: 0.0020698 seconds, Stopping threads took: 0.0006028 seconds
[2023-11-05T15:38:40.299+0000][854.845s][debug][safepoint     ] Safepoint synchronization initiated. (188 threads)
[2023-11-05T15:38:40.300+0000][854.847s][info ][safepoint     ] Application time: 5.0026574 seconds
[2023-11-05T15:38:40.301+0000][854.848s][info ][safepoint     ] Entering safepoint region: Cleanup
[2023-11-05T15:38:40.303+0000][854.850s][info ][safepoint     ] Leaving safepoint region
[2023-11-05T15:38:40.304+0000][854.851s][info ][safepoint     ] Total time for which application threads were stopped: 0.0028141 seconds, Stopping threads took: 0.0013891 seconds
[2023-11-05T15:38:49.307+0000][863.854s][debug][safepoint     ] Safepoint synchronization initiated. (189 threads)
[2023-11-05T15:38:49.308+0000][863.855s][info ][safepoint     ] Application time: 9.0031942 seconds
[2023-11-05T15:38:49.309+0000][863.855s][info ][safepoint     ] Entering safepoint region: Cleanup
[2023-11-05T15:38:49.309+0000][863.856s][info ][safepoint     ] Leaving safepoint region
[2023-11-05T15:38:49.310+0000][863.857s][info ][safepoint     ] Total time for which application threads were stopped: 0.0013389 seconds, Stopping threads took: 0.0005610 seconds
[2023-11-05T15:38:50.310+0000][864.857s][debug][safepoint     ] Safepoint synchronization initiated. (190 threads)
[2023-11-05T15:38:50.311+0000][864.858s][info ][safepoint     ] Application time: 1.0006600 seconds
[2023-11-05T15:38:50.311+0000][864.858s][info ][safepoint     ] Entering safepoint region: Cleanup
[2023-11-05T15:38:50.312+0000][864.858s][info ][safepoint     ] Leaving safepoint region
[2023-11-05T15:38:50.312+0000][864.859s][info ][safepoint     ] Total time for which application threads were stopped: 0.0009524 seconds, Stopping threads took: 0.0004042 seconds
[2023-11-05T15:38:54.315+0000][868.860s][debug][safepoint     ] Safepoint synchronization initiated. (190 threads)
[2023-11-05T15:38:54.316+0000][868.862s][info ][safepoint     ] Application time: 4.0023228 seconds
[2023-11-05T15:38:54.317+0000][868.863s][info ][safepoint     ] Entering safepoint region: Cleanup
[2023-11-05T15:38:54.319+0000][868.864s][info ][safepoint     ] Leaving safepoint region
[2023-11-05T15:38:54.320+0000][868.865s][info ][safepoint     ] Total time for which application threads were stopped: 0.0027209 seconds, Stopping threads took: 0.0011298 seconds
[2023-11-05T15:39:26.942+0000][901.487s][debug][safepoint     ] Safepoint synchronization initiated. (190 threads)
[2023-11-05T15:39:26.942+0000][901.487s][info ][safepoint     ] Application time: 32.6210990 seconds
[2023-11-05T15:39:26.943+0000][901.488s][info ][safepoint     ] Entering safepoint region: G1CollectForAllocation
[2023-11-05T15:39:26.944+0000][901.489s][info ][gc,start      ] GC(84) Pause Young (Normal) (G1 Evacuation Pause)
[2023-11-05T15:39:26.944+0000][901.489s][info ][gc,task       ] GC(84) Using 8 workers of 8 for evacuation
[2023-11-05T15:39:26.951+0000][901.496s][info ][gc,phases     ] GC(84)   Pre Evacuate Collection Set: 0.1ms
[2023-11-05T15:39:26.952+0000][901.497s][info ][gc,phases     ] GC(84)   Evacuate Collection Set: 2.8ms
[2023-11-05T15:39:26.952+0000][901.497s][info ][gc,phases     ] GC(84)   Post Evacuate Collection Set: 2.7ms
[2023-11-05T15:39:26.953+0000][901.498s][info ][gc,phases     ] GC(84)   Other: 1.2ms
[2023-11-05T15:39:26.953+0000][901.498s][info ][gc,heap       ] GC(84) Eden regions: 94->0(97)
[2023-11-05T15:39:26.953+0000][901.499s][info ][gc,heap       ] GC(84) Survivor regions: 3->3(13)
[2023-11-05T15:39:26.954+0000][901.499s][info ][gc,heap       ] GC(84) Old regions: 158->158
[2023-11-05T15:39:26.954+0000][901.499s][info ][gc,heap       ] GC(84) Humongous regions: 60->60
[2023-11-05T15:39:26.955+0000][901.500s][info ][gc,metaspace  ] GC(84) Metaspace: 168963K(174652K)->168963K(174652K) NonClass: 149370K(152936K)->149370K(152936K) Class: 19592K(21716K)->19592K(21716K)
[2023-11-05T15:39:26.955+0000][901.500s][info ][gc            ] GC(84) Pause Young (Normal) (G1 Evacuation Pause) 312M->218M(381M) 11.224ms
[2023-11-05T15:39:26.956+0000][901.501s][info ][gc,cpu        ] GC(84) User=0.03s Sys=0.00s Real=0.01s
[2023-11-05T15:39:26.956+0000][901.501s][info ][safepoint     ] Leaving safepoint region
[2023-11-05T15:39:26.957+0000][901.502s][info ][safepoint     ] Total time for which application threads were stopped: 0.0138461 seconds, Stopping threads took: 0.0009687 seconds
[2023-11-05T15:39:26.957+0000][901.502s][info ][gc,stringdedup] Concurrent String Deduplication (901.502s)
[2023-11-05T15:39:26.958+0000][901.503s][info ][gc,stringdedup] Concurrent String Deduplication 12616.0B->4072.0B(8544.0B) avg 54.3% (901.502s, 901.503s) 0.456ms
[2023-11-05T15:39:33.958+0000][908.503s][debug][safepoint     ] Safepoint synchronization initiated. (190 threads)
[2023-11-05T15:39:33.960+0000][908.505s][info ][safepoint     ] Application time: 7.0026434 seconds
[2023-11-05T15:39:33.960+0000][908.505s][info ][safepoint     ] Entering safepoint region: Cleanup
[2023-11-05T15:39:33.961+0000][908.506s][info ][safepoint     ] Leaving safepoint region
[2023-11-05T15:39:33.962+0000][908.507s][info ][safepoint     ] Total time for which application threads were stopped: 0.0012813 seconds, Stopping threads took: 0.0004924 seconds
[2023-11-05T15:39:34.962+0000][909.507s][debug][safepoint     ] Safepoint synchronization initiated. (190 threads)
[2023-11-05T15:39:34.963+0000][909.508s][info ][safepoint     ] Application time: 1.0007131 seconds
[2023-11-05T15:39:34.963+0000][909.508s][info ][safepoint     ] Entering safepoint region: Cleanup
[2023-11-05T15:39:34.964+0000][909.509s][info ][safepoint     ] Leaving safepoint region
[2023-11-05T15:39:34.964+0000][909.509s][info ][safepoint     ] Total time for which application threads were stopped: 0.0010339 seconds, Stopping threads took: 0.0004253 seconds
[2023-11-05T15:39:35.965+0000][910.510s][debug][safepoint     ] Safepoint synchronization initiated. (190 threads)
[2023-11-05T15:39:35.966+0000][910.511s][info ][safepoint     ] Application time: 1.0010163 seconds
[2023-11-05T15:39:35.967+0000][910.512s][info ][safepoint     ] Entering safepoint region: Cleanup
[2023-11-05T15:39:35.967+0000][910.512s][info ][safepoint     ] Leaving safepoint region
[2023-11-05T15:39:35.968+0000][910.513s][info ][safepoint     ] Total time for which application threads were stopped: 0.0015311 seconds, Stopping threads took: 0.0006156 seconds
[2023-11-05T15:39:38.969+0000][913.514s][debug][safepoint     ] Safepoint synchronization initiated. (190 threads)
[2023-11-05T15:39:38.970+0000][913.515s][info ][safepoint     ] Application time: 3.0010663 seconds
[2023-11-05T15:39:38.970+0000][913.515s][info ][safepoint     ] Entering safepoint region: Cleanup
[2023-11-05T15:39:38.971+0000][913.516s][info ][safepoint     ] Leaving safepoint region
[2023-11-05T15:39:38.971+0000][913.516s][info ][safepoint     ] Total time for which application threads were stopped: 0.0010988 seconds, Stopping threads took: 0.0004864 seconds
[2023-11-05T15:39:39.972+0000][914.517s][debug][safepoint     ] Safepoint synchronization initiated. (190 threads)
[2023-11-05T15:39:39.973+0000][914.518s][info ][safepoint     ] Application time: 1.0009229 seconds
[2023-11-05T15:39:39.973+0000][914.518s][info ][safepoint     ] Entering safepoint region: Cleanup
[2023-11-05T15:39:39.974+0000][914.519s][info ][safepoint     ] Leaving safepoint region
[2023-11-05T15:39:39.974+0000][914.520s][info ][safepoint     ] Total time for which application threads were stopped: 0.0012633 seconds, Stopping threads took: 0.0005503 seconds
[2023-11-05T15:40:23.985+0000][958.529s][debug][safepoint     ] Safepoint synchronization initiated. (190 threads)
[2023-11-05T15:40:23.986+0000][958.530s][info ][safepoint     ] Application time: 44.0103643 seconds
[2023-11-05T15:40:23.987+0000][958.531s][info ][safepoint     ] Entering safepoint region: Cleanup
[2023-11-05T15:40:23.988+0000][958.532s][info ][safepoint     ] Leaving safepoint region
[2023-11-05T15:40:23.988+0000][958.533s][info ][safepoint     ] Total time for which application threads were stopped: 0.0019889 seconds, Stopping threads took: 0.0009226 seconds
[2023-11-05T15:40:33.992+0000][968.536s][debug][safepoint     ] Safepoint synchronization initiated. (190 threads)
[2023-11-05T15:40:33.992+0000][968.537s][info ][safepoint     ] Application time: 10.0029281 seconds
[2023-11-05T15:40:33.993+0000][968.537s][info ][safepoint     ] Entering safepoint region: Cleanup
[2023-11-05T15:40:33.993+0000][968.538s][info ][safepoint     ] Leaving safepoint region
[2023-11-05T15:40:33.994+0000][968.538s][info ][safepoint     ] Total time for which application threads were stopped: 0.0011919 seconds, Stopping threads took: 0.0005428 seconds
[2023-11-05T15:40:34.995+0000][969.540s][debug][safepoint     ] Safepoint synchronization initiated. (190 threads)
[2023-11-05T15:40:34.999+0000][969.544s][info ][safepoint     ] Application time: 1.0044135 seconds
[2023-11-05T15:40:35.000+0000][969.544s][info ][safepoint     ] Entering safepoint region: Cleanup
[2023-11-05T15:40:35.000+0000][969.545s][info ][safepoint     ] Leaving safepoint region
[2023-11-05T15:40:35.001+0000][969.545s][info ][safepoint     ] Total time for which application threads were stopped: 0.0010613 seconds, Stopping threads took: 0.0004559 seconds
[2023-11-05T15:40:40.002+0000][974.547s][debug][safepoint     ] Safepoint synchronization initiated. (188 threads)
[2023-11-05T15:40:40.003+0000][974.548s][info ][safepoint     ] Application time: 5.0018607 seconds
[2023-11-05T15:40:40.004+0000][974.548s][info ][safepoint     ] Entering safepoint region: Cleanup
[2023-11-05T15:40:40.004+0000][974.549s][info ][safepoint     ] Leaving safepoint region
[2023-11-05T15:40:40.005+0000][974.549s][info ][safepoint     ] Total time for which application threads were stopped: 0.0012456 seconds, Stopping threads took: 0.0005318 seconds
[2023-11-05T15:40:59.010+0000][993.554s][debug][safepoint     ] Safepoint synchronization initiated. (188 threads)
[2023-11-05T15:40:59.010+0000][993.555s][info ][safepoint     ] Application time: 19.0050011 seconds
[2023-11-05T15:40:59.012+0000][993.556s][info ][safepoint     ] Entering safepoint region: Cleanup
[2023-11-05T15:40:59.012+0000][993.557s][info ][safepoint     ] Leaving safepoint region
[2023-11-05T15:40:59.013+0000][993.557s][info ][safepoint     ] Total time for which application threads were stopped: 0.0010794 seconds, Stopping threads took: 0.0004038 seconds
[2023-11-05T15:41:14.976+0000][1009.521s][debug][safepoint     ] Safepoint synchronization initiated. (188 threads)
[2023-11-05T15:41:14.977+0000][1009.521s][info ][safepoint     ] Application time: 15.9636805 seconds
[2023-11-05T15:41:14.977+0000][1009.522s][info ][safepoint     ] Entering safepoint region: G1CollectForAllocation
[2023-11-05T15:41:14.979+0000][1009.523s][info ][gc,start      ] GC(85) Pause Young (Concurrent Start) (G1 Evacuation Pause)
[2023-11-05T15:41:14.979+0000][1009.524s][info ][gc,task       ] GC(85) Using 8 workers of 8 for evacuation
[2023-11-05T15:41:14.989+0000][1009.534s][info ][gc,phases     ] GC(85)   Pre Evacuate Collection Set: 1.3ms
[2023-11-05T15:41:14.990+0000][1009.535s][info ][gc,phases     ] GC(85)   Evacuate Collection Set: 5.5ms
[2023-11-05T15:41:14.991+0000][1009.535s][info ][gc,phases     ] GC(85)   Post Evacuate Collection Set: 2.7ms
[2023-11-05T15:41:14.991+0000][1009.536s][info ][gc,phases     ] GC(85)   Other: 1.4ms
[2023-11-05T15:41:14.991+0000][1009.536s][info ][gc,heap       ] GC(85) Eden regions: 97->0(99)
[2023-11-05T15:41:14.992+0000][1009.536s][info ][gc,heap       ] GC(85) Survivor regions: 3->3(13)
[2023-11-05T15:41:14.992+0000][1009.537s][info ][gc,heap       ] GC(85) Old regions: 158->158
[2023-11-05T15:41:14.993+0000][1009.538s][info ][gc,heap       ] GC(85) Humongous regions: 60->60
[2023-11-05T15:41:14.993+0000][1009.538s][info ][gc,metaspace  ] GC(85) Metaspace: 169056K(174652K)->169056K(174652K) NonClass: 149461K(152936K)->149461K(152936K) Class: 19594K(21716K)->19594K(21716K)
[2023-11-05T15:41:14.994+0000][1009.539s][info ][gc            ] GC(85) Pause Young (Concurrent Start) (G1 Evacuation Pause) 315M->218M(381M) 15.420ms
[2023-11-05T15:41:14.994+0000][1009.539s][info ][gc,cpu        ] GC(85) User=0.05s Sys=0.00s Real=0.02s
[2023-11-05T15:41:14.995+0000][1009.539s][info ][gc            ] GC(86) Concurrent Cycle
[2023-11-05T15:41:14.995+0000][1009.540s][info ][gc,marking    ] GC(86) Concurrent Clear Claimed Marks
[2023-11-05T15:41:14.995+0000][1009.539s][info ][safepoint     ] Leaving safepoint region
[2023-11-05T15:41:14.996+0000][1009.540s][info ][safepoint     ] Total time for which application threads were stopped: 0.0184432 seconds, Stopping threads took: 0.0007768 seconds
[2023-11-05T15:41:14.996+0000][1009.541s][info ][gc,stringdedup] Concurrent String Deduplication (1009.541s)
[2023-11-05T15:41:14.997+0000][1009.541s][info ][gc,stringdedup] Concurrent String Deduplication 40.0B->40.0B(0.0B) avg 54.3% (1009.541s, 1009.541s) 0.500ms
[2023-11-05T15:41:14.997+0000][1009.541s][info ][gc,marking    ] GC(86) Concurrent Clear Claimed Marks 1.419ms
[2023-11-05T15:41:14.998+0000][1009.542s][info ][gc,marking    ] GC(86) Concurrent Scan Root Regions
[2023-11-05T15:41:15.001+0000][1009.546s][info ][gc,marking    ] GC(86) Concurrent Scan Root Regions 3.392ms
[2023-11-05T15:41:15.002+0000][1009.546s][info ][gc,marking    ] GC(86) Concurrent Mark (1009.546s)
[2023-11-05T15:41:15.002+0000][1009.547s][info ][gc,marking    ] GC(86) Concurrent Mark From Roots
[2023-11-05T15:41:15.003+0000][1009.547s][info ][gc,task       ] GC(86) Using 2 workers of 2 for marking
[2023-11-05T15:41:15.103+0000][1009.648s][info ][gc,marking    ] GC(86) Concurrent Mark From Roots 101.246ms
[2023-11-05T15:41:15.104+0000][1009.648s][info ][gc,marking    ] GC(86) Concurrent Preclean
[2023-11-05T15:41:15.104+0000][1009.649s][info ][gc,marking    ] GC(86) Concurrent Preclean 0.557ms
[2023-11-05T15:41:15.105+0000][1009.649s][info ][gc,marking    ] GC(86) Concurrent Mark (1009.546s, 1009.649s) 103.257ms
[2023-11-05T15:41:15.105+0000][1009.650s][debug][safepoint     ] Safepoint synchronization initiated. (188 threads)
[2023-11-05T15:41:15.106+0000][1009.650s][info ][safepoint     ] Application time: 0.1097068 seconds
[2023-11-05T15:41:15.106+0000][1009.651s][info ][safepoint     ] Entering safepoint region: CGC_Operation
[2023-11-05T15:41:15.107+0000][1009.652s][info ][gc,start      ] GC(86) Pause Remark
[2023-11-05T15:41:15.123+0000][1009.668s][info ][gc,stringtable] GC(86) Cleaned string and symbol table, strings: 83612 processed, 0 removed, symbols: 410127 processed, 0 removed
[2023-11-05T15:41:15.124+0000][1009.669s][info ][gc            ] GC(86) Pause Remark 220M->220M(381M) 17.185ms
[2023-11-05T15:41:15.125+0000][1009.669s][info ][gc,cpu        ] GC(86) User=0.11s Sys=0.00s Real=0.02s
[2023-11-05T15:41:15.125+0000][1009.670s][info ][safepoint     ] Leaving safepoint region
[2023-11-05T15:41:15.126+0000][1009.670s][info ][safepoint     ] Total time for which application threads were stopped: 0.0194505 seconds, Stopping threads took: 0.0004560 seconds
[2023-11-05T15:41:15.126+0000][1009.671s][info ][gc,marking    ] GC(86) Concurrent Rebuild Remembered Sets
[2023-11-05T15:41:15.208+0000][1009.753s][info ][gc,marking    ] GC(86) Concurrent Rebuild Remembered Sets 81.900ms
[2023-11-05T15:41:15.209+0000][1009.753s][debug][safepoint     ] Safepoint synchronization initiated. (188 threads)
[2023-11-05T15:41:15.209+0000][1009.754s][info ][safepoint     ] Application time: 0.0832358 seconds
[2023-11-05T15:41:15.210+0000][1009.755s][info ][safepoint     ] Entering safepoint region: CGC_Operation
[2023-11-05T15:41:15.211+0000][1009.755s][info ][gc,start      ] GC(86) Pause Cleanup
[2023-11-05T15:41:15.212+0000][1009.756s][info ][gc            ] GC(86) Pause Cleanup 220M->220M(381M) 0.977ms
[2023-11-05T15:41:15.212+0000][1009.757s][info ][gc,cpu        ] GC(86) User=0.00s Sys=0.00s Real=0.00s
[2023-11-05T15:41:15.213+0000][1009.757s][info ][safepoint     ] Leaving safepoint region
[2023-11-05T15:41:15.213+0000][1009.758s][info ][safepoint     ] Total time for which application threads were stopped: 0.0035530 seconds, Stopping threads took: 0.0006024 seconds
[2023-11-05T15:41:15.214+0000][1009.759s][info ][gc,marking    ] GC(86) Concurrent Cleanup for Next Mark
[2023-11-05T15:41:15.215+0000][1009.760s][info ][gc,marking    ] GC(86) Concurrent Cleanup for Next Mark 1.316ms
[2023-11-05T15:41:15.216+0000][1009.760s][info ][gc            ] GC(86) Concurrent Cycle 221.056ms
[2023-11-05T15:41:40.220+0000][1034.765s][debug][safepoint     ] Safepoint synchronization initiated. (187 threads)
[2023-11-05T15:41:40.220+0000][1034.766s][info ][safepoint     ] Application time: 25.0070884 seconds
[2023-11-05T15:41:40.221+0000][1034.766s][info ][safepoint     ] Entering safepoint region: Cleanup
[2023-11-05T15:41:40.222+0000][1034.767s][info ][safepoint     ] Leaving safepoint region
[2023-11-05T15:41:40.222+0000][1034.767s][info ][safepoint     ] Total time for which application threads were stopped: 0.0011950 seconds, Stopping threads took: 0.0005087 seconds
[2023-11-05T15:42:51.239+0000][1105.784s][debug][safepoint     ] Safepoint synchronization initiated. (187 threads)
[2023-11-05T15:42:51.240+0000][1105.785s][info ][safepoint     ] Application time: 71.0168564 seconds
[2023-11-05T15:42:51.240+0000][1105.785s][info ][safepoint     ] Entering safepoint region: Cleanup
[2023-11-05T15:42:51.241+0000][1105.786s][info ][safepoint     ] Leaving safepoint region
[2023-11-05T15:42:51.242+0000][1105.786s][info ][safepoint     ] Total time for which application threads were stopped: 0.0011256 seconds, Stopping threads took: 0.0004790 seconds
[2023-11-05T15:43:05.939+0000][1120.484s][debug][safepoint     ] Safepoint synchronization initiated. (189 threads)
[2023-11-05T15:43:05.940+0000][1120.485s][info ][safepoint     ] Application time: 14.6980315 seconds
[2023-11-05T15:43:05.941+0000][1120.486s][info ][safepoint     ] Entering safepoint region: G1CollectForAllocation
[2023-11-05T15:43:05.942+0000][1120.487s][info ][gc,start      ] GC(87) Pause Young (Normal) (G1 Evacuation Pause)
[2023-11-05T15:43:05.942+0000][1120.487s][info ][gc,task       ] GC(87) Using 8 workers of 8 for evacuation
[2023-11-05T15:43:05.948+0000][1120.493s][info ][gc,phases     ] GC(87)   Pre Evacuate Collection Set: 0.1ms
[2023-11-05T15:43:05.949+0000][1120.493s][info ][gc,phases     ] GC(87)   Evacuate Collection Set: 2.0ms
[2023-11-05T15:43:05.949+0000][1120.494s][info ][gc,phases     ] GC(87)   Post Evacuate Collection Set: 2.5ms
[2023-11-05T15:43:05.950+0000][1120.495s][info ][gc,phases     ] GC(87)   Other: 1.5ms
[2023-11-05T15:43:05.950+0000][1120.495s][info ][gc,heap       ] GC(87) Eden regions: 99->0(101)
[2023-11-05T15:43:05.951+0000][1120.496s][info ][gc,heap       ] GC(87) Survivor regions: 3->2(13)
[2023-11-05T15:43:05.951+0000][1120.496s][info ][gc,heap       ] GC(87) Old regions: 158->159
[2023-11-05T15:43:05.952+0000][1120.497s][info ][gc,heap       ] GC(87) Humongous regions: 60->60
[2023-11-05T15:43:05.952+0000][1120.497s][info ][gc,metaspace  ] GC(87) Metaspace: 169077K(174652K)->169077K(174652K) NonClass: 149481K(152936K)->149481K(152936K) Class: 19595K(21716K)->19595K(21716K)
[2023-11-05T15:43:05.953+0000][1120.498s][info ][gc            ] GC(87) Pause Young (Normal) (G1 Evacuation Pause) 317M->218M(381M) 11.133ms
[2023-11-05T15:43:05.953+0000][1120.498s][info ][gc,cpu        ] GC(87) User=0.03s Sys=0.01s Real=0.01s
[2023-11-05T15:43:05.954+0000][1120.499s][info ][safepoint     ] Leaving safepoint region
[2023-11-05T15:43:05.954+0000][1120.499s][info ][safepoint     ] Total time for which application threads were stopped: 0.0134284 seconds, Stopping threads took: 0.0006978 seconds
[2023-11-05T15:43:05.955+0000][1120.499s][info ][gc,stringdedup] Concurrent String Deduplication (1120.499s)
[2023-11-05T15:43:05.955+0000][1120.500s][info ][gc,stringdedup] Concurrent String Deduplication 152.0B->72.0B(80.0B) avg 54.3% (1120.499s, 1120.500s) 0.356ms
[2023-11-05T15:43:34.961+0000][1149.505s][debug][safepoint     ] Safepoint synchronization initiated. (189 threads)
[2023-11-05T15:43:34.961+0000][1149.506s][info ][safepoint     ] Application time: 29.0066411 seconds
[2023-11-05T15:43:34.962+0000][1149.507s][info ][safepoint     ] Entering safepoint region: Cleanup
[2023-11-05T15:43:34.963+0000][1149.507s][info ][safepoint     ] Leaving safepoint region
[2023-11-05T15:43:34.963+0000][1149.508s][info ][safepoint     ] Total time for which application threads were stopped: 0.0012217 seconds, Stopping threads took: 0.0006314 seconds
[2023-11-05T15:43:34.963+0000][1149.507s][debug][safepoint     ] ... found polling page return exception at pc = 0x00007f808d32eb44, stub =0x00007f8084840600
[2023-11-05T15:43:34.963+0000][1149.507s][debug][safepoint     ] ... found polling page return exception at pc = 0x00007f808d32eb44, stub =0x00007f8084840600
[2023-11-05T15:43:34.963+0000][1149.507s][debug][safepoint     ] ... found polling page return exception at pc = 0x00007f808d32eb44, stub =0x00007f8084840600
[2023-11-05T15:43:46.966+0000][1161.511s][debug][safepoint     ] Safepoint synchronization initiated. (189 threads)
[2023-11-05T15:43:46.968+0000][1161.513s][info ][safepoint     ] Application time: 12.0042403 seconds
[2023-11-05T15:43:46.968+0000][1161.513s][info ][safepoint     ] Entering safepoint region: Cleanup
[2023-11-05T15:43:46.969+0000][1161.514s][info ][safepoint     ] Leaving safepoint region
[2023-11-05T15:43:46.970+0000][1161.515s][info ][safepoint     ] Total time for which application threads were stopped: 0.0014788 seconds, Stopping threads took: 0.0006647 seconds
[2023-11-05T15:44:18.978+0000][1193.523s][debug][safepoint     ] Safepoint synchronization initiated. (188 threads)
[2023-11-05T15:44:18.979+0000][1193.523s][info ][safepoint     ] Application time: 32.0083415 seconds
[2023-11-05T15:44:18.980+0000][1193.524s][info ][safepoint     ] Entering safepoint region: Cleanup
[2023-11-05T15:44:18.980+0000][1193.525s][info ][safepoint     ] Leaving safepoint region
[2023-11-05T15:44:18.981+0000][1193.526s][info ][safepoint     ] Total time for which application threads were stopped: 0.0012565 seconds, Stopping threads took: 0.0005026 seconds
[2023-11-05T15:44:32.985+0000][1207.530s][debug][safepoint     ] Safepoint synchronization initiated. (188 threads)
[2023-11-05T15:44:32.986+0000][1207.530s][info ][safepoint     ] Application time: 14.0041806 seconds
[2023-11-05T15:44:32.986+0000][1207.531s][info ][safepoint     ] Entering safepoint region: Cleanup
[2023-11-05T15:44:32.987+0000][1207.531s][info ][safepoint     ] Leaving safepoint region
[2023-11-05T15:44:32.987+0000][1207.532s][info ][safepoint     ] Total time for which application threads were stopped: 0.0009082 seconds, Stopping threads took: 0.0004015 seconds
[2023-11-05T15:44:38.988+0000][1213.533s][debug][safepoint     ] Safepoint synchronization initiated. (187 threads)
[2023-11-05T15:44:38.989+0000][1213.534s][info ][safepoint     ] Application time: 6.0017060 seconds
[2023-11-05T15:44:38.989+0000][1213.534s][info ][safepoint     ] Entering safepoint region: Cleanup
[2023-11-05T15:44:38.990+0000][1213.535s][info ][safepoint     ] Leaving safepoint region
[2023-11-05T15:44:38.991+0000][1213.535s][info ][safepoint     ] Total time for which application threads were stopped: 0.0010832 seconds, Stopping threads took: 0.0004449 seconds
[2023-11-05T15:44:42.992+0000][1217.536s][debug][safepoint     ] Safepoint synchronization initiated. (187 threads)
[2023-11-05T15:44:42.992+0000][1217.537s][info ][safepoint     ] Application time: 4.0013093 seconds
[2023-11-05T15:44:42.993+0000][1217.537s][info ][safepoint     ] Entering safepoint region: Cleanup
[2023-11-05T15:44:42.993+0000][1217.538s][info ][safepoint     ] Leaving safepoint region
[2023-11-05T15:44:42.994+0000][1217.538s][info ][safepoint     ] Total time for which application threads were stopped: 0.0010355 seconds, Stopping threads took: 0.0004522 seconds
[2023-11-05T15:44:59.334+0000][1233.879s][debug][safepoint     ] Safepoint synchronization initiated. (187 threads)
[2023-11-05T15:44:59.335+0000][1233.881s][info ][safepoint     ] Application time: 16.3417836 seconds
[2023-11-05T15:44:59.336+0000][1233.882s][info ][safepoint     ] Entering safepoint region: G1CollectForAllocation
[2023-11-05T15:44:59.338+0000][1233.883s][info ][gc,start      ] GC(88) Pause Young (Concurrent Start) (G1 Evacuation Pause)
[2023-11-05T15:44:59.339+0000][1233.884s][info ][gc,task       ] GC(88) Using 8 workers of 8 for evacuation
[2023-11-05T15:44:59.347+0000][1233.892s][info ][gc,phases     ] GC(88)   Pre Evacuate Collection Set: 1.5ms
[2023-11-05T15:44:59.347+0000][1233.892s][info ][gc,phases     ] GC(88)   Evacuate Collection Set: 2.6ms
[2023-11-05T15:44:59.348+0000][1233.893s][info ][gc,phases     ] GC(88)   Post Evacuate Collection Set: 2.8ms
[2023-11-05T15:44:59.348+0000][1233.893s][info ][gc,phases     ] GC(88)   Other: 2.0ms
[2023-11-05T15:44:59.349+0000][1233.894s][info ][gc,heap       ] GC(88) Eden regions: 101->0(103)
[2023-11-05T15:44:59.349+0000][1233.894s][info ][gc,heap       ] GC(88) Survivor regions: 2->2(13)
[2023-11-05T15:44:59.350+0000][1233.895s][info ][gc,heap       ] GC(88) Old regions: 159->159
[2023-11-05T15:44:59.350+0000][1233.895s][info ][gc,heap       ] GC(88) Humongous regions: 60->60
[2023-11-05T15:44:59.351+0000][1233.896s][info ][gc,metaspace  ] GC(88) Metaspace: 169098K(174652K)->169098K(174652K) NonClass: 149503K(152936K)->149503K(152936K) Class: 19595K(21716K)->19595K(21716K)
[2023-11-05T15:44:59.351+0000][1233.896s][info ][gc            ] GC(88) Pause Young (Concurrent Start) (G1 Evacuation Pause) 319M->218M(381M) 13.309ms
[2023-11-05T15:44:59.351+0000][1233.897s][info ][gc,cpu        ] GC(88) User=0.03s Sys=0.00s Real=0.01s
[2023-11-05T15:44:59.352+0000][1233.897s][info ][gc            ] GC(89) Concurrent Cycle
[2023-11-05T15:44:59.352+0000][1233.898s][info ][gc,marking    ] GC(89) Concurrent Clear Claimed Marks
[2023-11-05T15:44:59.352+0000][1233.897s][info ][safepoint     ] Leaving safepoint region
[2023-11-05T15:44:59.353+0000][1233.898s][info ][safepoint     ] Total time for which application threads were stopped: 0.0170190 seconds, Stopping threads took: 0.0010201 seconds
[2023-11-05T15:44:59.354+0000][1233.899s][info ][gc,marking    ] GC(89) Concurrent Clear Claimed Marks 1.244ms
[2023-11-05T15:44:59.354+0000][1233.899s][info ][gc,marking    ] GC(89) Concurrent Scan Root Regions
[2023-11-05T15:44:59.354+0000][1233.899s][info ][gc,stringdedup] Concurrent String Deduplication (1233.899s)
[2023-11-05T15:44:59.355+0000][1233.900s][info ][gc,stringdedup] Concurrent String Deduplication 392.0B->288.0B(104.0B) avg 54.3% (1233.899s, 1233.900s) 1.254ms
[2023-11-05T15:44:59.357+0000][1233.902s][info ][gc,marking    ] GC(89) Concurrent Scan Root Regions 2.982ms
[2023-11-05T15:44:59.357+0000][1233.903s][info ][gc,marking    ] GC(89) Concurrent Mark (1233.903s)
[2023-11-05T15:44:59.358+0000][1233.903s][info ][gc,marking    ] GC(89) Concurrent Mark From Roots
[2023-11-05T15:44:59.358+0000][1233.903s][info ][gc,task       ] GC(89) Using 2 workers of 2 for marking
[2023-11-05T15:44:59.459+0000][1234.004s][info ][gc,marking    ] GC(89) Concurrent Mark From Roots 100.741ms
[2023-11-05T15:44:59.459+0000][1234.004s][info ][gc,marking    ] GC(89) Concurrent Preclean
[2023-11-05T15:44:59.460+0000][1234.005s][info ][gc,marking    ] GC(89) Concurrent Preclean 0.672ms
[2023-11-05T15:44:59.460+0000][1234.006s][info ][gc,marking    ] GC(89) Concurrent Mark (1233.903s, 1234.006s) 102.934ms
[2023-11-05T15:44:59.461+0000][1234.006s][debug][safepoint     ] Safepoint synchronization initiated. (187 threads)
[2023-11-05T15:44:59.461+0000][1234.007s][info ][safepoint     ] Application time: 0.1076964 seconds
[2023-11-05T15:44:59.462+0000][1234.007s][info ][safepoint     ] Entering safepoint region: CGC_Operation
[2023-11-05T15:44:59.463+0000][1234.008s][info ][gc,start      ] GC(89) Pause Remark
[2023-11-05T15:44:59.478+0000][1234.023s][info ][gc,stringtable] GC(89) Cleaned string and symbol table, strings: 83624 processed, 0 removed, symbols: 410132 processed, 1 removed
[2023-11-05T15:44:59.479+0000][1234.024s][info ][gc            ] GC(89) Pause Remark 220M->220M(381M) 16.282ms
[2023-11-05T15:44:59.479+0000][1234.025s][info ][gc,cpu        ] GC(89) User=0.10s Sys=0.00s Real=0.02s
[2023-11-05T15:44:59.480+0000][1234.025s][info ][safepoint     ] Leaving safepoint region
[2023-11-05T15:44:59.481+0000][1234.026s][info ][safepoint     ] Total time for which application threads were stopped: 0.0186842 seconds, Stopping threads took: 0.0006595 seconds
[2023-11-05T15:44:59.481+0000][1234.026s][info ][gc,marking    ] GC(89) Concurrent Rebuild Remembered Sets
[2023-11-05T15:44:59.559+0000][1234.104s][info ][gc,marking    ] GC(89) Concurrent Rebuild Remembered Sets 77.875ms
[2023-11-05T15:44:59.560+0000][1234.105s][debug][safepoint     ] Safepoint synchronization initiated. (187 threads)
[2023-11-05T15:44:59.560+0000][1234.105s][info ][safepoint     ] Application time: 0.0790213 seconds
[2023-11-05T15:44:59.561+0000][1234.106s][debug][safepoint     ] ... found polling page return exception at pc = 0x00007f808cb81676, stub =0x00007f8084840600
[2023-11-05T15:44:59.561+0000][1234.106s][debug][safepoint     ] ... found polling page return exception at pc = 0x00007f808c8fcd99, stub =0x00007f8084840600
[2023-11-05T15:44:59.562+0000][1234.107s][debug][safepoint     ] Waiting for 3 thread(s) to block
[2023-11-05T15:44:59.563+0000][1234.108s][info ][safepoint     ] Entering safepoint region: CGC_Operation
[2023-11-05T15:44:59.563+0000][1234.108s][info ][gc,start      ] GC(89) Pause Cleanup
[2023-11-05T15:44:59.564+0000][1234.109s][info ][gc            ] GC(89) Pause Cleanup 220M->220M(381M) 0.868ms
[2023-11-05T15:44:59.565+0000][1234.110s][info ][gc,cpu        ] GC(89) User=0.00s Sys=0.00s Real=0.00s
[2023-11-05T15:44:59.565+0000][1234.110s][info ][safepoint     ] Leaving safepoint region
[2023-11-05T15:44:59.566+0000][1234.111s][info ][safepoint     ] Total time for which application threads were stopped: 0.0050015 seconds, Stopping threads took: 0.0024455 seconds
[2023-11-05T15:44:59.566+0000][1234.111s][info ][gc,marking    ] GC(89) Concurrent Cleanup for Next Mark
[2023-11-05T15:44:59.567+0000][1234.113s][info ][gc,marking    ] GC(89) Concurrent Cleanup for Next Mark 1.197ms
[2023-11-05T15:44:59.568+0000][1234.113s][info ][gc            ] GC(89) Concurrent Cycle 215.795ms
[2023-11-05T15:45:47.577+0000][1282.122s][debug][safepoint     ] Safepoint synchronization initiated. (186 threads)
[2023-11-05T15:45:47.577+0000][1282.122s][info ][safepoint     ] Application time: 48.0107756 seconds
[2023-11-05T15:45:47.578+0000][1282.122s][info ][safepoint     ] Entering safepoint region: Cleanup
[2023-11-05T15:45:47.578+0000][1282.123s][info ][safepoint     ] Leaving safepoint region
[2023-11-05T15:45:47.579+0000][1282.123s][info ][safepoint     ] Total time for which application threads were stopped: 0.0009961 seconds, Stopping threads took: 0.0003792 seconds
[2023-11-05T15:46:25.587+0000][1320.132s][debug][safepoint     ] Safepoint synchronization initiated. (190 threads)
[2023-11-05T15:46:25.588+0000][1320.133s][info ][safepoint     ] Application time: 38.0089558 seconds
[2023-11-05T15:46:25.589+0000][1320.134s][info ][safepoint     ] Entering safepoint region: Cleanup
[2023-11-05T15:46:25.590+0000][1320.135s][info ][safepoint     ] Leaving safepoint region
[2023-11-05T15:46:25.591+0000][1320.136s][info ][safepoint     ] Total time for which application threads were stopped: 0.0019792 seconds, Stopping threads took: 0.0008330 seconds
[2023-11-05T15:46:31.593+0000][1326.137s][debug][safepoint     ] Safepoint synchronization initiated. (190 threads)
[2023-11-05T15:46:31.593+0000][1326.138s][info ][safepoint     ] Application time: 6.0017079 seconds
[2023-11-05T15:46:31.594+0000][1326.138s][info ][safepoint     ] Entering safepoint region: Cleanup
[2023-11-05T15:46:31.594+0000][1326.139s][info ][safepoint     ] Leaving safepoint region
[2023-11-05T15:46:31.595+0000][1326.139s][info ][safepoint     ] Total time for which application threads were stopped: 0.0008625 seconds, Stopping threads took: 0.0003569 seconds
[2023-11-05T15:46:32.595+0000][1327.139s][debug][safepoint     ] Safepoint synchronization initiated. (190 threads)
[2023-11-05T15:46:32.596+0000][1327.140s][info ][safepoint     ] Application time: 1.0007367 seconds
[2023-11-05T15:46:32.596+0000][1327.141s][info ][safepoint     ] Entering safepoint region: Cleanup
[2023-11-05T15:46:32.597+0000][1327.141s][info ][safepoint     ] Leaving safepoint region
[2023-11-05T15:46:32.598+0000][1327.142s][info ][safepoint     ] Total time for which application threads were stopped: 0.0013434 seconds, Stopping threads took: 0.0005503 seconds
[2023-11-05T15:46:34.599+0000][1329.143s][debug][safepoint     ] Safepoint synchronization initiated. (193 threads)
[2023-11-05T15:46:34.599+0000][1329.144s][info ][safepoint     ] Application time: 2.0013999 seconds
[2023-11-05T15:46:34.600+0000][1329.144s][info ][safepoint     ] Entering safepoint region: Cleanup
[2023-11-05T15:46:34.601+0000][1329.145s][info ][safepoint     ] Leaving safepoint region
[2023-11-05T15:46:34.601+0000][1329.146s][info ][safepoint     ] Total time for which application threads were stopped: 0.0013929 seconds, Stopping threads took: 0.0006239 seconds
[2023-11-05T15:46:35.602+0000][1330.146s][debug][safepoint     ] Safepoint synchronization initiated. (193 threads)
[2023-11-05T15:46:35.603+0000][1330.147s][info ][safepoint     ] Application time: 1.0010268 seconds
[2023-11-05T15:46:35.603+0000][1330.148s][info ][safepoint     ] Entering safepoint region: Cleanup
[2023-11-05T15:46:35.604+0000][1330.149s][info ][safepoint     ] Leaving safepoint region
[2023-11-05T15:46:35.605+0000][1330.149s][info ][safepoint     ] Total time for which application threads were stopped: 0.0016871 seconds, Stopping threads took: 0.0006495 seconds
[2023-11-05T15:46:46.156+0000][1340.701s][debug][safepoint     ] Safepoint synchronization initiated. (193 threads)
[2023-11-05T15:46:46.157+0000][1340.702s][info ][safepoint     ] Application time: 10.5517564 seconds
[2023-11-05T15:46:46.159+0000][1340.703s][info ][safepoint     ] Entering safepoint region: G1CollectForAllocation
[2023-11-05T15:46:46.160+0000][1340.705s][info ][gc,start      ] GC(90) Pause Young (Normal) (G1 Evacuation Pause)
[2023-11-05T15:46:46.161+0000][1340.706s][info ][gc,task       ] GC(90) Using 8 workers of 8 for evacuation
[2023-11-05T15:46:46.168+0000][1340.713s][info ][gc,phases     ] GC(90)   Pre Evacuate Collection Set: 0.1ms
[2023-11-05T15:46:46.169+0000][1340.713s][info ][gc,phases     ] GC(90)   Evacuate Collection Set: 3.0ms
[2023-11-05T15:46:46.169+0000][1340.714s][info ][gc,phases     ] GC(90)   Post Evacuate Collection Set: 2.7ms
[2023-11-05T15:46:46.170+0000][1340.714s][info ][gc,phases     ] GC(90)   Other: 2.1ms
[2023-11-05T15:46:46.170+0000][1340.715s][info ][gc,heap       ] GC(90) Eden regions: 103->0(104)
[2023-11-05T15:46:46.171+0000][1340.715s][info ][gc,heap       ] GC(90) Survivor regions: 2->2(14)
[2023-11-05T15:46:46.171+0000][1340.716s][info ][gc,heap       ] GC(90) Old regions: 159->159
[2023-11-05T15:46:46.172+0000][1340.716s][info ][gc,heap       ] GC(90) Humongous regions: 60->60
[2023-11-05T15:46:46.172+0000][1340.717s][info ][gc,metaspace  ] GC(90) Metaspace: 169286K(174908K)->169286K(174908K) NonClass: 149689K(153192K)->149689K(153192K) Class: 19596K(21716K)->19596K(21716K)
[2023-11-05T15:46:46.173+0000][1340.717s][info ][gc            ] GC(90) Pause Young (Normal) (G1 Evacuation Pause) 321M->218M(381M) 12.796ms
[2023-11-05T15:46:46.174+0000][1340.718s][info ][gc,cpu        ] GC(90) User=0.04s Sys=0.00s Real=0.01s
[2023-11-05T15:46:46.174+0000][1340.718s][info ][safepoint     ] Leaving safepoint region
[2023-11-05T15:46:46.175+0000][1340.719s][info ][safepoint     ] Total time for which application threads were stopped: 0.0161563 seconds, Stopping threads took: 0.0012242 seconds
[2023-11-05T15:46:46.175+0000][1340.720s][info ][gc,stringdedup] Concurrent String Deduplication (1340.720s)
[2023-11-05T15:46:46.176+0000][1340.720s][info ][gc,stringdedup] Concurrent String Deduplication 72.0B->72.0B(0.0B) avg 54.3% (1340.720s, 1340.720s) 0.558ms
[2023-11-05T15:47:04.177+0000][1358.724s][debug][safepoint     ] Safepoint synchronization initiated. (193 threads)
[2023-11-05T15:47:04.177+0000][1358.724s][info ][safepoint     ] Application time: 18.0047534 seconds
[2023-11-05T15:47:04.178+0000][1358.725s][info ][safepoint     ] Entering safepoint region: Cleanup
[2023-11-05T15:47:04.179+0000][1358.726s][info ][safepoint     ] Leaving safepoint region
[2023-11-05T15:47:04.179+0000][1358.726s][info ][safepoint     ] Total time for which application threads were stopped: 0.0013184 seconds, Stopping threads took: 0.0005990 seconds
[2023-11-05T15:47:10.181+0000][1364.728s][debug][safepoint     ] Safepoint synchronization initiated. (193 threads)
[2023-11-05T15:47:10.182+0000][1364.729s][info ][safepoint     ] Application time: 6.0023817 seconds
[2023-11-05T15:47:10.183+0000][1364.730s][info ][safepoint     ] Entering safepoint region: Cleanup
[2023-11-05T15:47:10.185+0000][1364.731s][info ][safepoint     ] Leaving safepoint region
[2023-11-05T15:47:10.185+0000][1364.732s][info ][safepoint     ] Total time for which application threads were stopped: 0.0024315 seconds, Stopping threads took: 0.0010449 seconds
[2023-11-05T15:47:34.195+0000][1388.740s][debug][safepoint     ] Safepoint synchronization initiated. (190 threads)
[2023-11-05T15:47:34.195+0000][1388.741s][info ][safepoint     ] Application time: 24.0075035 seconds
[2023-11-05T15:47:34.196+0000][1388.741s][debug][safepoint     ] ... found polling page return exception at pc = 0x00007f808c8fcd99, stub =0x00007f8084840600
[2023-11-05T15:47:34.196+0000][1388.742s][debug][safepoint     ] Waiting for 1 thread(s) to block
[2023-11-05T15:47:34.197+0000][1388.742s][info ][safepoint     ] Entering safepoint region: Cleanup
[2023-11-05T15:47:34.198+0000][1388.743s][info ][safepoint     ] Leaving safepoint region
[2023-11-05T15:47:34.198+0000][1388.744s][info ][safepoint     ] Total time for which application threads were stopped: 0.0022187 seconds, Stopping threads took: 0.0016096 seconds
[2023-11-05T15:47:36.199+0000][1390.744s][debug][safepoint     ] Safepoint synchronization initiated. (189 threads)
[2023-11-05T15:47:36.200+0000][1390.745s][info ][safepoint     ] Application time: 2.0013084 seconds
[2023-11-05T15:47:36.201+0000][1390.746s][info ][safepoint     ] Entering safepoint region: Cleanup
[2023-11-05T15:47:36.202+0000][1390.748s][info ][safepoint     ] Leaving safepoint region
[2023-11-05T15:47:36.203+0000][1390.748s][info ][safepoint     ] Total time for which application threads were stopped: 0.0023674 seconds, Stopping threads took: 0.0014677 seconds
[2023-11-05T15:47:52.207+0000][1406.752s][debug][safepoint     ] Safepoint synchronization initiated. (189 threads)
[2023-11-05T15:47:52.208+0000][1406.753s][info ][safepoint     ] Application time: 16.0041984 seconds
[2023-11-05T15:47:52.208+0000][1406.754s][info ][safepoint     ] Entering safepoint region: Cleanup
[2023-11-05T15:47:52.209+0000][1406.755s][info ][safepoint     ] Leaving safepoint region
[2023-11-05T15:47:52.210+0000][1406.755s][info ][safepoint     ] Total time for which application threads were stopped: 0.0014550 seconds, Stopping threads took: 0.0005713 seconds
[2023-11-05T15:48:02.212+0000][1416.758s][debug][safepoint     ] Safepoint synchronization initiated. (189 threads)
[2023-11-05T15:48:02.213+0000][1416.758s][info ][safepoint     ] Application time: 10.0027997 seconds
[2023-11-05T15:48:02.213+0000][1416.759s][info ][safepoint     ] Entering safepoint region: Cleanup
[2023-11-05T15:48:02.214+0000][1416.759s][info ][safepoint     ] Leaving safepoint region
[2023-11-05T15:48:02.214+0000][1416.760s][info ][safepoint     ] Total time for which application threads were stopped: 0.0011242 seconds, Stopping threads took: 0.0004678 seconds
[2023-11-05T15:48:10.216+0000][1424.762s][debug][safepoint     ] Safepoint synchronization initiated. (189 threads)
[2023-11-05T15:48:10.217+0000][1424.762s][info ][safepoint     ] Application time: 8.0022633 seconds
[2023-11-05T15:48:10.218+0000][1424.763s][info ][safepoint     ] Entering safepoint region: Cleanup
[2023-11-05T15:48:10.219+0000][1424.765s][info ][safepoint     ] Leaving safepoint region
[2023-11-05T15:48:10.220+0000][1424.765s][info ][safepoint     ] Total time for which application threads were stopped: 0.0020510 seconds, Stopping threads took: 0.0009229 seconds
[2023-11-05T15:48:35.225+0000][1449.771s][debug][safepoint     ] Safepoint synchronization initiated. (190 threads)
[2023-11-05T15:48:35.226+0000][1449.771s][info ][safepoint     ] Application time: 25.0052742 seconds
[2023-11-05T15:48:35.227+0000][1449.772s][info ][safepoint     ] Entering safepoint region: Cleanup
[2023-11-05T15:48:35.228+0000][1449.774s][info ][safepoint     ] Leaving safepoint region
[2023-11-05T15:48:35.229+0000][1449.774s][info ][safepoint     ] Total time for which application threads were stopped: 0.0020320 seconds, Stopping threads took: 0.0007083 seconds
[2023-11-05T15:48:39.230+0000][1453.775s][debug][safepoint     ] Safepoint synchronization initiated. (190 threads)
[2023-11-05T15:48:39.231+0000][1453.776s][info ][safepoint     ] Application time: 4.0018081 seconds
[2023-11-05T15:48:39.233+0000][1453.778s][info ][safepoint     ] Entering safepoint region: Cleanup
[2023-11-05T15:48:39.233+0000][1453.779s][info ][safepoint     ] Leaving safepoint region
[2023-11-05T15:48:39.234+0000][1453.779s][info ][safepoint     ] Total time for which application threads were stopped: 0.0015893 seconds, Stopping threads took: 0.0008804 seconds
[2023-11-05T15:48:40.235+0000][1454.780s][debug][safepoint     ] Safepoint synchronization initiated. (191 threads)
[2023-11-05T15:48:40.235+0000][1454.781s][info ][safepoint     ] Application time: 1.0008676 seconds
[2023-11-05T15:48:40.236+0000][1454.781s][info ][safepoint     ] Entering safepoint region: Cleanup
[2023-11-05T15:48:40.237+0000][1454.782s][info ][safepoint     ] Leaving safepoint region
[2023-11-05T15:48:40.237+0000][1454.783s][info ][safepoint     ] Total time for which application threads were stopped: 0.0013567 seconds, Stopping threads took: 0.0005868 seconds
[2023-11-05T15:48:42.077+0000][1456.623s][debug][safepoint     ] Safepoint synchronization initiated. (191 threads)
[2023-11-05T15:48:42.078+0000][1456.623s][info ][safepoint     ] Application time: 1.8400773 seconds
[2023-11-05T15:48:42.078+0000][1456.624s][info ][safepoint     ] Entering safepoint region: G1CollectForAllocation
[2023-11-05T15:48:42.079+0000][1456.625s][info ][gc,start      ] GC(91) Pause Young (Concurrent Start) (G1 Evacuation Pause)
[2023-11-05T15:48:42.080+0000][1456.625s][info ][gc,task       ] GC(91) Using 8 workers of 8 for evacuation
[2023-11-05T15:48:42.086+0000][1456.632s][info ][gc,phases     ] GC(91)   Pre Evacuate Collection Set: 0.7ms
[2023-11-05T15:48:42.087+0000][1456.632s][info ][gc,phases     ] GC(91)   Evacuate Collection Set: 2.8ms
[2023-11-05T15:48:42.087+0000][1456.633s][info ][gc,phases     ] GC(91)   Post Evacuate Collection Set: 2.5ms
[2023-11-05T15:48:42.089+0000][1456.634s][info ][gc,phases     ] GC(91)   Other: 1.1ms
[2023-11-05T15:48:42.089+0000][1456.635s][info ][gc,heap       ] GC(91) Eden regions: 104->0(105)
[2023-11-05T15:48:42.090+0000][1456.635s][info ][gc,heap       ] GC(91) Survivor regions: 2->2(14)
[2023-11-05T15:48:42.090+0000][1456.636s][info ][gc,heap       ] GC(91) Old regions: 159->159
[2023-11-05T15:48:42.091+0000][1456.636s][info ][gc,heap       ] GC(91) Humongous regions: 60->60
[2023-11-05T15:48:42.091+0000][1456.636s][info ][gc,metaspace  ] GC(91) Metaspace: 169340K(174908K)->169340K(174908K) NonClass: 149742K(153192K)->149742K(153192K) Class: 19598K(21716K)->19598K(21716K)
[2023-11-05T15:48:42.091+0000][1456.637s][info ][gc            ] GC(91) Pause Young (Concurrent Start) (G1 Evacuation Pause) 322M->218M(381M) 12.382ms
[2023-11-05T15:48:42.092+0000][1456.637s][info ][gc,cpu        ] GC(91) User=0.03s Sys=0.00s Real=0.01s
[2023-11-05T15:48:42.092+0000][1456.638s][info ][safepoint     ] Leaving safepoint region
[2023-11-05T15:48:42.093+0000][1456.638s][info ][safepoint     ] Total time for which application threads were stopped: 0.0145529 seconds, Stopping threads took: 0.0006395 seconds
[2023-11-05T15:48:42.092+0000][1456.638s][info ][gc            ] GC(92) Concurrent Cycle
[2023-11-05T15:48:42.094+0000][1456.639s][info ][gc,marking    ] GC(92) Concurrent Clear Claimed Marks
[2023-11-05T15:48:42.093+0000][1456.639s][info ][gc,stringdedup] Concurrent String Deduplication (1456.639s)
[2023-11-05T15:48:42.095+0000][1456.641s][info ][gc,stringdedup] Concurrent String Deduplication 72.0B->72.0B(0.0B) avg 54.3% (1456.639s, 1456.641s) 1.824ms
[2023-11-05T15:48:42.095+0000][1456.640s][info ][gc,marking    ] GC(92) Concurrent Clear Claimed Marks 1.067ms
[2023-11-05T15:48:42.096+0000][1456.641s][info ][gc,marking    ] GC(92) Concurrent Scan Root Regions
[2023-11-05T15:48:42.099+0000][1456.644s][info ][gc,marking    ] GC(92) Concurrent Scan Root Regions 2.911ms
[2023-11-05T15:48:42.099+0000][1456.645s][info ][gc,marking    ] GC(92) Concurrent Mark (1456.645s)
[2023-11-05T15:48:42.100+0000][1456.645s][info ][gc,marking    ] GC(92) Concurrent Mark From Roots
[2023-11-05T15:48:42.100+0000][1456.646s][info ][gc,task       ] GC(92) Using 2 workers of 2 for marking
[2023-11-05T15:48:42.217+0000][1456.762s][info ][gc,marking    ] GC(92) Concurrent Mark From Roots 117.270ms
[2023-11-05T15:48:42.218+0000][1456.763s][info ][gc,marking    ] GC(92) Concurrent Preclean
[2023-11-05T15:48:42.218+0000][1456.764s][info ][gc,marking    ] GC(92) Concurrent Preclean 0.628ms
[2023-11-05T15:48:42.219+0000][1456.764s][info ][gc,marking    ] GC(92) Concurrent Mark (1456.645s, 1456.764s) 119.505ms
[2023-11-05T15:48:42.219+0000][1456.765s][debug][safepoint     ] Safepoint synchronization initiated. (191 threads)
[2023-11-05T15:48:42.220+0000][1456.765s][info ][safepoint     ] Application time: 0.1266216 seconds
[2023-11-05T15:48:42.221+0000][1456.767s][info ][safepoint     ] Entering safepoint region: CGC_Operation
[2023-11-05T15:48:42.222+0000][1456.767s][info ][gc,start      ] GC(92) Pause Remark
[2023-11-05T15:48:42.241+0000][1456.787s][info ][gc,stringtable] GC(92) Cleaned string and symbol table, strings: 83687 processed, 0 removed, symbols: 410141 processed, 0 removed
[2023-11-05T15:48:42.243+0000][1456.788s][info ][gc            ] GC(92) Pause Remark 220M->220M(381M) 20.825ms
[2023-11-05T15:48:42.243+0000][1456.789s][info ][gc,cpu        ] GC(92) User=0.14s Sys=0.00s Real=0.03s
[2023-11-05T15:48:42.244+0000][1456.789s][info ][safepoint     ] Leaving safepoint region
[2023-11-05T15:48:42.244+0000][1456.790s][info ][safepoint     ] Total time for which application threads were stopped: 0.0230973 seconds, Stopping threads took: 0.0005893 seconds
[2023-11-05T15:48:42.245+0000][1456.790s][info ][gc,marking    ] GC(92) Concurrent Rebuild Remembered Sets
[2023-11-05T15:48:42.330+0000][1456.875s][info ][gc,marking    ] GC(92) Concurrent Rebuild Remembered Sets 84.921ms
[2023-11-05T15:48:42.330+0000][1456.876s][debug][safepoint     ] Safepoint synchronization initiated. (191 threads)
[2023-11-05T15:48:42.331+0000][1456.876s][info ][safepoint     ] Application time: 0.0861416 seconds
[2023-11-05T15:48:42.331+0000][1456.877s][info ][safepoint     ] Entering safepoint region: CGC_Operation
[2023-11-05T15:48:42.332+0000][1456.877s][info ][gc,start      ] GC(92) Pause Cleanup
[2023-11-05T15:48:42.333+0000][1456.878s][info ][gc            ] GC(92) Pause Cleanup 220M->220M(381M) 0.779ms
[2023-11-05T15:48:42.333+0000][1456.879s][info ][gc,cpu        ] GC(92) User=0.00s Sys=0.00s Real=0.01s
[2023-11-05T15:48:42.333+0000][1456.879s][info ][safepoint     ] Leaving safepoint region
[2023-11-05T15:48:42.334+0000][1456.879s][info ][safepoint     ] Total time for which application threads were stopped: 0.0026648 seconds, Stopping threads took: 0.0004711 seconds
[2023-11-05T15:48:42.334+0000][1456.880s][info ][gc,marking    ] GC(92) Concurrent Cleanup for Next Mark
[2023-11-05T15:48:42.335+0000][1456.880s][info ][gc,marking    ] GC(92) Concurrent Cleanup for Next Mark 0.811ms
[2023-11-05T15:48:42.335+0000][1456.881s][info ][gc            ] GC(92) Concurrent Cycle 242.796ms
[2023-11-05T15:48:50.336+0000][1464.882s][debug][safepoint     ] Safepoint synchronization initiated. (191 threads)
[2023-11-05T15:48:50.337+0000][1464.883s][info ][safepoint     ] Application time: 8.0032023 seconds
[2023-11-05T15:48:50.338+0000][1464.884s][info ][safepoint     ] Entering safepoint region: Cleanup
[2023-11-05T15:48:50.340+0000][1464.885s][info ][safepoint     ] Leaving safepoint region
[2023-11-05T15:48:50.341+0000][1464.886s][info ][safepoint     ] Total time for which application threads were stopped: 0.0024306 seconds, Stopping threads took: 0.0010527 seconds
[2023-11-05T15:48:58.343+0000][1472.889s][debug][safepoint     ] Safepoint synchronization initiated. (191 threads)
[2023-11-05T15:48:58.344+0000][1472.890s][info ][safepoint     ] Application time: 8.0027644 seconds
[2023-11-05T15:48:58.345+0000][1472.890s][info ][safepoint     ] Entering safepoint region: Cleanup
[2023-11-05T15:48:58.346+0000][1472.891s][info ][safepoint     ] Leaving safepoint region
[2023-11-05T15:48:58.346+0000][1472.892s][info ][safepoint     ] Total time for which application threads were stopped: 0.0013943 seconds, Stopping threads took: 0.0006615 seconds
[2023-11-05T15:48:59.347+0000][1473.893s][debug][safepoint     ] Safepoint synchronization initiated. (191 threads)
[2023-11-05T15:48:59.348+0000][1473.894s][info ][safepoint     ] Application time: 1.0015617 seconds
[2023-11-05T15:48:59.349+0000][1473.895s][info ][safepoint     ] Entering safepoint region: Cleanup
[2023-11-05T15:48:59.351+0000][1473.896s][info ][safepoint     ] Leaving safepoint region
[2023-11-05T15:48:59.352+0000][1473.897s][info ][safepoint     ] Total time for which application threads were stopped: 0.0025805 seconds, Stopping threads took: 0.0010790 seconds
[2023-11-05T15:49:02.353+0000][1476.899s][debug][safepoint     ] Safepoint synchronization initiated. (191 threads)
[2023-11-05T15:49:02.354+0000][1476.900s][info ][safepoint     ] Application time: 3.0012699 seconds
[2023-11-05T15:49:02.355+0000][1476.900s][info ][safepoint     ] Entering safepoint region: Cleanup
[2023-11-05T15:49:02.356+0000][1476.902s][info ][safepoint     ] Leaving safepoint region
[2023-11-05T15:49:02.357+0000][1476.903s][info ][safepoint     ] Total time for which application threads were stopped: 0.0027859 seconds, Stopping threads took: 0.0007216 seconds
[2023-11-05T15:49:06.359+0000][1480.904s][debug][safepoint     ] Safepoint synchronization initiated. (191 threads)
[2023-11-05T15:49:06.359+0000][1480.905s][info ][safepoint     ] Application time: 4.0010457 seconds
[2023-11-05T15:49:06.360+0000][1480.905s][debug][safepoint     ] ... found polling page return exception at pc = 0x00007f808d0dee0f, stub =0x00007f8084840600
[2023-11-05T15:49:06.360+0000][1480.905s][debug][safepoint     ] ... found polling page return exception at pc = 0x00007f808c5ff59a, stub =0x00007f8084840600
[2023-11-05T15:49:06.360+0000][1480.906s][debug][safepoint     ] Waiting for 2 thread(s) to block
[2023-11-05T15:49:06.361+0000][1480.906s][info ][safepoint     ] Entering safepoint region: Cleanup
[2023-11-05T15:49:06.362+0000][1480.907s][info ][safepoint     ] Leaving safepoint region
[2023-11-05T15:49:06.362+0000][1480.907s][info ][safepoint     ] Total time for which application threads were stopped: 0.0021848 seconds, Stopping threads took: 0.0013459 seconds
[2023-11-05T15:49:07.362+0000][1481.908s][debug][safepoint     ] Safepoint synchronization initiated. (191 threads)
[2023-11-05T15:49:07.363+0000][1481.909s][info ][safepoint     ] Application time: 1.0007361 seconds
[2023-11-05T15:49:07.364+0000][1481.909s][info ][safepoint     ] Entering safepoint region: Cleanup
[2023-11-05T15:49:07.365+0000][1481.911s][info ][safepoint     ] Leaving safepoint region
[2023-11-05T15:49:07.366+0000][1481.911s][info ][safepoint     ] Total time for which application threads were stopped: 0.0019677 seconds, Stopping threads took: 0.0005146 seconds
[2023-11-05T15:49:32.370+0000][1506.916s][debug][safepoint     ] Safepoint synchronization initiated. (191 threads)
[2023-11-05T15:49:32.371+0000][1506.917s][info ][safepoint     ] Application time: 25.0050309 seconds
[2023-11-05T15:49:32.371+0000][1506.917s][info ][safepoint     ] Entering safepoint region: Cleanup
[2023-11-05T15:49:32.372+0000][1506.918s][info ][safepoint     ] Leaving safepoint region
[2023-11-05T15:49:32.373+0000][1506.918s][info ][safepoint     ] Total time for which application threads were stopped: 0.0012850 seconds, Stopping threads took: 0.0005913 seconds
[2023-11-05T15:49:33.373+0000][1507.919s][debug][safepoint     ] Safepoint synchronization initiated. (192 threads)
[2023-11-05T15:49:33.374+0000][1507.919s][info ][safepoint     ] Application time: 1.0006572 seconds
[2023-11-05T15:49:33.374+0000][1507.920s][info ][safepoint     ] Entering safepoint region: Cleanup
[2023-11-05T15:49:33.375+0000][1507.921s][info ][safepoint     ] Leaving safepoint region
[2023-11-05T15:49:33.376+0000][1507.921s][info ][safepoint     ] Total time for which application threads were stopped: 0.0013635 seconds, Stopping threads took: 0.0005584 seconds
[2023-11-05T15:49:34.376+0000][1508.922s][debug][safepoint     ] Safepoint synchronization initiated. (192 threads)
[2023-11-05T15:49:34.377+0000][1508.923s][info ][safepoint     ] Application time: 1.0009381 seconds
[2023-11-05T15:49:34.378+0000][1508.923s][info ][safepoint     ] Entering safepoint region: Cleanup
[2023-11-05T15:49:34.378+0000][1508.924s][info ][safepoint     ] Leaving safepoint region
[2023-11-05T15:49:34.379+0000][1508.924s][info ][safepoint     ] Total time for which application threads were stopped: 0.0013115 seconds, Stopping threads took: 0.0005714 seconds
[2023-11-05T15:49:35.380+0000][1509.925s][debug][safepoint     ] Safepoint synchronization initiated. (192 threads)
[2023-11-05T15:49:35.381+0000][1509.926s][info ][safepoint     ] Application time: 1.0011400 seconds
[2023-11-05T15:49:35.381+0000][1509.927s][info ][safepoint     ] Entering safepoint region: Cleanup
[2023-11-05T15:49:35.382+0000][1509.928s][info ][safepoint     ] Leaving safepoint region
[2023-11-05T15:49:35.383+0000][1509.928s][info ][safepoint     ] Total time for which application threads were stopped: 0.0017176 seconds, Stopping threads took: 0.0006941 seconds
[2023-11-05T15:50:17.393+0000][1551.940s][debug][safepoint     ] Safepoint synchronization initiated. (192 threads)
[2023-11-05T15:50:17.394+0000][1551.941s][info ][safepoint     ] Application time: 42.0118108 seconds
[2023-11-05T15:50:17.395+0000][1551.942s][info ][safepoint     ] Entering safepoint region: Cleanup
[2023-11-05T15:50:17.396+0000][1551.943s][info ][safepoint     ] Leaving safepoint region
[2023-11-05T15:50:17.397+0000][1551.944s][info ][safepoint     ] Total time for which application threads were stopped: 0.0024920 seconds, Stopping threads took: 0.0010664 seconds
[2023-11-05T15:50:37.803+0000][1572.350s][debug][safepoint     ] Safepoint synchronization initiated. (192 threads)
[2023-11-05T15:50:37.804+0000][1572.351s][info ][safepoint     ] Application time: 20.4062324 seconds
[2023-11-05T15:50:37.805+0000][1572.352s][info ][safepoint     ] Entering safepoint region: G1CollectForAllocation
[2023-11-05T15:50:37.807+0000][1572.354s][info ][gc,start      ] GC(93) Pause Young (Normal) (G1 Evacuation Pause)
[2023-11-05T15:50:37.807+0000][1572.355s][info ][gc,task       ] GC(93) Using 8 workers of 8 for evacuation
[2023-11-05T15:50:37.814+0000][1572.361s][info ][gc,phases     ] GC(93)   Pre Evacuate Collection Set: 0.1ms
[2023-11-05T15:50:37.815+0000][1572.362s][info ][gc,phases     ] GC(93)   Evacuate Collection Set: 2.9ms
[2023-11-05T15:50:37.815+0000][1572.362s][info ][gc,phases     ] GC(93)   Post Evacuate Collection Set: 2.7ms
[2023-11-05T15:50:37.816+0000][1572.363s][info ][gc,phases     ] GC(93)   Other: 1.8ms
[2023-11-05T15:50:37.816+0000][1572.363s][info ][gc,heap       ] GC(93) Eden regions: 105->0(107)
[2023-11-05T15:50:37.817+0000][1572.364s][info ][gc,heap       ] GC(93) Survivor regions: 2->2(14)
[2023-11-05T15:50:37.817+0000][1572.364s][info ][gc,heap       ] GC(93) Old regions: 159->159
[2023-11-05T15:50:37.818+0000][1572.365s][info ][gc,heap       ] GC(93) Humongous regions: 60->60
[2023-11-05T15:50:37.818+0000][1572.365s][info ][gc,metaspace  ] GC(93) Metaspace: 169420K(174908K)->169420K(174908K) NonClass: 149821K(153192K)->149821K(153192K) Class: 19598K(21716K)->19598K(21716K)
[2023-11-05T15:50:37.819+0000][1572.366s][info ][gc            ] GC(93) Pause Young (Normal) (G1 Evacuation Pause) 323M->218M(381M) 11.785ms
[2023-11-05T15:50:37.819+0000][1572.366s][info ][gc,cpu        ] GC(93) User=0.03s Sys=0.00s Real=0.01s
[2023-11-05T15:50:37.820+0000][1572.367s][info ][safepoint     ] Leaving safepoint region
[2023-11-05T15:50:37.820+0000][1572.367s][info ][safepoint     ] Total time for which application threads were stopped: 0.0146787 seconds, Stopping threads took: 0.0009354 seconds
[2023-11-05T15:50:37.821+0000][1572.368s][info ][gc,stringdedup] Concurrent String Deduplication (1572.368s)
[2023-11-05T15:50:37.821+0000][1572.368s][info ][gc,stringdedup] Concurrent String Deduplication 8368.0B->1272.0B(7096.0B) avg 54.3% (1572.368s, 1572.368s) 0.521ms
[2023-11-05T15:50:43.822+0000][1578.369s][debug][safepoint     ] Safepoint synchronization initiated. (192 threads)
[2023-11-05T15:50:43.823+0000][1578.370s][info ][safepoint     ] Application time: 6.0026437 seconds
[2023-11-05T15:50:43.824+0000][1578.371s][info ][safepoint     ] Entering safepoint region: Cleanup
[2023-11-05T15:50:43.825+0000][1578.372s][info ][safepoint     ] Leaving safepoint region
[2023-11-05T15:50:43.826+0000][1578.373s][info ][safepoint     ] Total time for which application threads were stopped: 0.0019720 seconds, Stopping threads took: 0.0009012 seconds
[2023-11-05T15:50:44.827+0000][1579.374s][debug][safepoint     ] Safepoint synchronization initiated. (192 threads)
[2023-11-05T15:50:44.827+0000][1579.375s][info ][safepoint     ] Application time: 1.0007727 seconds
[2023-11-05T15:50:44.828+0000][1579.375s][info ][safepoint     ] Entering safepoint region: Cleanup
[2023-11-05T15:50:44.829+0000][1579.376s][info ][safepoint     ] Leaving safepoint region
[2023-11-05T15:50:44.829+0000][1579.376s][info ][safepoint     ] Total time for which application threads were stopped: 0.0013041 seconds, Stopping threads took: 0.0005376 seconds
[2023-11-05T15:50:49.831+0000][1584.378s][debug][safepoint     ] Safepoint synchronization initiated. (192 threads)
[2023-11-05T15:50:49.832+0000][1584.379s][info ][safepoint     ] Application time: 5.0024363 seconds
[2023-11-05T15:50:49.834+0000][1584.381s][info ][safepoint     ] Entering safepoint region: Cleanup
[2023-11-05T15:50:49.835+0000][1584.382s][info ][safepoint     ] Leaving safepoint region
[2023-11-05T15:50:49.835+0000][1584.383s][info ][safepoint     ] Total time for which application threads were stopped: 0.0019913 seconds, Stopping threads took: 0.0008686 seconds
[2023-11-05T15:51:00.845+0000][1595.385s][debug][safepoint     ] Safepoint synchronization initiated. (192 threads)
[2023-11-05T15:51:00.846+0000][1595.386s][info ][safepoint     ] Application time: 11.0026702 seconds
[2023-11-05T15:51:00.847+0000][1595.387s][info ][safepoint     ] Entering safepoint region: Cleanup
[2023-11-05T15:51:00.847+0000][1595.387s][info ][safepoint     ] Leaving safepoint region
[2023-11-05T15:51:00.848+0000][1595.388s][info ][safepoint     ] Total time for which application threads were stopped: 0.0014482 seconds, Stopping threads took: 0.0007078 seconds
[2023-11-05T15:51:09.850+0000][1604.390s][debug][safepoint     ] Safepoint synchronization initiated. (192 threads)
[2023-11-05T15:51:09.851+0000][1604.391s][info ][safepoint     ] Application time: 9.0026012 seconds
[2023-11-05T15:51:09.851+0000][1604.391s][info ][safepoint     ] Entering safepoint region: Cleanup
[2023-11-05T15:51:09.852+0000][1604.392s][info ][safepoint     ] Leaving safepoint region
[2023-11-05T15:51:09.853+0000][1604.393s][info ][safepoint     ] Total time for which application threads were stopped: 0.0013343 seconds, Stopping threads took: 0.0006022 seconds
[2023-11-05T15:51:35.851+0000][1630.398s][debug][safepoint     ] Safepoint synchronization initiated. (192 threads)
[2023-11-05T15:51:35.852+0000][1630.399s][info ][safepoint     ] Application time: 26.0059339 seconds
[2023-11-05T15:51:35.853+0000][1630.400s][info ][safepoint     ] Entering safepoint region: Cleanup
[2023-11-05T15:51:35.853+0000][1630.400s][info ][safepoint     ] Leaving safepoint region
[2023-11-05T15:51:35.854+0000][1630.401s][info ][safepoint     ] Total time for which application threads were stopped: 0.0010109 seconds, Stopping threads took: 0.0004750 seconds
[2023-11-05T15:51:36.854+0000][1631.401s][debug][safepoint     ] Safepoint synchronization initiated. (192 threads)
[2023-11-05T15:51:36.855+0000][1631.402s][info ][safepoint     ] Application time: 1.0014115 seconds
[2023-11-05T15:51:36.856+0000][1631.404s][info ][safepoint     ] Entering safepoint region: Cleanup
[2023-11-05T15:51:36.858+0000][1631.405s][info ][safepoint     ] Leaving safepoint region
[2023-11-05T15:51:36.859+0000][1631.406s][info ][safepoint     ] Total time for which application threads were stopped: 0.0026576 seconds, Stopping threads took: 0.0011612 seconds
[2023-11-05T15:51:39.860+0000][1634.407s][debug][safepoint     ] Safepoint synchronization initiated. (192 threads)
[2023-11-05T15:51:39.862+0000][1634.409s][info ][safepoint     ] Application time: 3.0022135 seconds
[2023-11-05T15:51:39.863+0000][1634.410s][info ][safepoint     ] Entering safepoint region: Cleanup
[2023-11-05T15:51:39.863+0000][1634.410s][info ][safepoint     ] Leaving safepoint region
[2023-11-05T15:51:39.864+0000][1634.411s][info ][safepoint     ] Total time for which application threads were stopped: 0.0014391 seconds, Stopping threads took: 0.0004937 seconds
[2023-11-05T15:51:54.866+0000][1649.414s][debug][safepoint     ] Safepoint synchronization initiated. (192 threads)
[2023-11-05T15:51:54.866+0000][1649.415s][info ][safepoint     ] Application time: 15.0033425 seconds
[2023-11-05T15:51:54.867+0000][1649.415s][info ][safepoint     ] Entering safepoint region: Cleanup
[2023-11-05T15:51:54.867+0000][1649.416s][info ][safepoint     ] Leaving safepoint region
[2023-11-05T15:51:54.868+0000][1649.416s][info ][safepoint     ] Total time for which application threads were stopped: 0.0010734 seconds, Stopping threads took: 0.0004317 seconds
[2023-11-05T15:52:13.873+0000][1668.421s][debug][safepoint     ] Safepoint synchronization initiated. (192 threads)
[2023-11-05T15:52:13.873+0000][1668.422s][info ][safepoint     ] Application time: 19.0048093 seconds
[2023-11-05T15:52:13.874+0000][1668.423s][info ][safepoint     ] Entering safepoint region: Cleanup
[2023-11-05T15:52:13.875+0000][1668.423s][info ][safepoint     ] Leaving safepoint region
[2023-11-05T15:52:13.875+0000][1668.423s][info ][safepoint     ] Total time for which application threads were stopped: 0.0009075 seconds, Stopping threads took: 0.0003711 seconds
[2023-11-05T15:52:33.876+0000][1688.427s][debug][safepoint     ] Safepoint synchronization initiated. (192 threads)
[2023-11-05T15:52:33.877+0000][1688.428s][info ][safepoint     ] Application time: 20.0040415 seconds
[2023-11-05T15:52:33.878+0000][1688.428s][info ][safepoint     ] Entering safepoint region: Cleanup
[2023-11-05T15:52:33.878+0000][1688.429s][info ][safepoint     ] Leaving safepoint region
[2023-11-05T15:52:33.879+0000][1688.430s][info ][safepoint     ] Total time for which application threads were stopped: 0.0012235 seconds, Stopping threads took: 0.0005388 seconds
[2023-11-05T15:52:34.880+0000][1689.430s][debug][safepoint     ] Safepoint synchronization initiated. (192 threads)
[2023-11-05T15:52:34.880+0000][1689.431s][info ][safepoint     ] Application time: 1.0009955 seconds
[2023-11-05T15:52:34.881+0000][1689.431s][info ][safepoint     ] Entering safepoint region: Cleanup
[2023-11-05T15:52:34.881+0000][1689.432s][info ][safepoint     ] Leaving safepoint region
[2023-11-05T15:52:34.882+0000][1689.432s][info ][safepoint     ] Total time for which application threads were stopped: 0.0011845 seconds, Stopping threads took: 0.0004439 seconds
[2023-11-05T15:52:36.213+0000][1690.764s][debug][safepoint     ] Safepoint synchronization initiated. (191 threads)
[2023-11-05T15:52:36.213+0000][1690.764s][info ][safepoint     ] Application time: 1.3310346 seconds
[2023-11-05T15:52:36.214+0000][1690.764s][info ][safepoint     ] Entering safepoint region: G1CollectForAllocation
[2023-11-05T15:52:36.214+0000][1690.765s][info ][gc,start      ] GC(94) Pause Young (Concurrent Start) (G1 Evacuation Pause)
[2023-11-05T15:52:36.215+0000][1690.765s][info ][gc,task       ] GC(94) Using 8 workers of 8 for evacuation
[2023-11-05T15:52:36.224+0000][1690.775s][info ][gc,phases     ] GC(94)   Pre Evacuate Collection Set: 2.4ms
[2023-11-05T15:52:36.225+0000][1690.776s][info ][gc,phases     ] GC(94)   Evacuate Collection Set: 3.7ms
[2023-11-05T15:52:36.226+0000][1690.777s][info ][gc,phases     ] GC(94)   Post Evacuate Collection Set: 2.9ms
[2023-11-05T15:52:36.226+0000][1690.777s][info ][gc,phases     ] GC(94)   Other: 1.1ms
[2023-11-05T15:52:36.227+0000][1690.777s][info ][gc,heap       ] GC(94) Eden regions: 107->0(108)
[2023-11-05T15:52:36.227+0000][1690.778s][info ][gc,heap       ] GC(94) Survivor regions: 2->2(14)
[2023-11-05T15:52:36.228+0000][1690.778s][info ][gc,heap       ] GC(94) Old regions: 159->160
[2023-11-05T15:52:36.228+0000][1690.779s][info ][gc,heap       ] GC(94) Humongous regions: 60->60
[2023-11-05T15:52:36.228+0000][1690.779s][info ][gc,metaspace  ] GC(94) Metaspace: 169499K(175164K)->169499K(175164K) NonClass: 149901K(153448K)->149901K(153448K) Class: 19598K(21716K)->19598K(21716K)
[2023-11-05T15:52:36.229+0000][1690.780s][info ][gc            ] GC(94) Pause Young (Concurrent Start) (G1 Evacuation Pause) 325M->218M(381M) 14.597ms
[2023-11-05T15:52:36.229+0000][1690.780s][info ][gc,cpu        ] GC(94) User=0.03s Sys=0.00s Real=0.02s
[2023-11-05T15:52:36.230+0000][1690.780s][info ][gc            ] GC(95) Concurrent Cycle
[2023-11-05T15:52:36.230+0000][1690.781s][info ][gc,marking    ] GC(95) Concurrent Clear Claimed Marks
[2023-11-05T15:52:36.230+0000][1690.780s][info ][safepoint     ] Leaving safepoint region
[2023-11-05T15:52:36.230+0000][1690.781s][info ][safepoint     ] Total time for which application threads were stopped: 0.0168132 seconds, Stopping threads took: 0.0003716 seconds
[2023-11-05T15:52:36.231+0000][1690.781s][info ][gc,stringdedup] Concurrent String Deduplication (1690.781s)
[2023-11-05T15:52:36.231+0000][1690.782s][info ][gc,marking    ] GC(95) Concurrent Clear Claimed Marks 1.105ms
[2023-11-05T15:52:36.231+0000][1690.782s][info ][gc,marking    ] GC(95) Concurrent Scan Root Regions
[2023-11-05T15:52:36.231+0000][1690.782s][info ][gc,stringdedup] Concurrent String Deduplication 408.0B->376.0B(32.0B) avg 54.3% (1690.781s, 1690.782s) 0.367ms
[2023-11-05T15:52:36.235+0000][1690.786s][info ][gc,marking    ] GC(95) Concurrent Scan Root Regions 3.838ms
[2023-11-05T15:52:36.236+0000][1690.786s][info ][gc,marking    ] GC(95) Concurrent Mark (1690.786s)
[2023-11-05T15:52:36.236+0000][1690.787s][info ][gc,marking    ] GC(95) Concurrent Mark From Roots
[2023-11-05T15:52:36.236+0000][1690.787s][info ][gc,task       ] GC(95) Using 2 workers of 2 for marking
[2023-11-05T15:52:36.369+0000][1690.920s][info ][gc,marking    ] GC(95) Concurrent Mark From Roots 133.361ms
[2023-11-05T15:52:36.370+0000][1690.921s][info ][gc,marking    ] GC(95) Concurrent Preclean
[2023-11-05T15:52:36.371+0000][1690.922s][info ][gc,marking    ] GC(95) Concurrent Preclean 0.723ms
[2023-11-05T15:52:36.372+0000][1690.922s][info ][gc,marking    ] GC(95) Concurrent Mark (1690.786s, 1690.922s) 135.966ms
[2023-11-05T15:52:36.372+0000][1690.923s][debug][safepoint     ] Safepoint synchronization initiated. (191 threads)
[2023-11-05T15:52:36.373+0000][1690.923s][info ][safepoint     ] Application time: 0.1420955 seconds
[2023-11-05T15:52:36.373+0000][1690.924s][info ][safepoint     ] Entering safepoint region: CGC_Operation
[2023-11-05T15:52:36.375+0000][1690.926s][info ][gc,start      ] GC(95) Pause Remark
[2023-11-05T15:52:36.395+0000][1690.946s][info ][gc,stringtable] GC(95) Cleaned string and symbol table, strings: 83822 processed, 0 removed, symbols: 410141 processed, 0 removed
[2023-11-05T15:52:36.397+0000][1690.947s][info ][gc            ] GC(95) Pause Remark 220M->220M(381M) 21.702ms
[2023-11-05T15:52:36.397+0000][1690.948s][info ][gc,cpu        ] GC(95) User=0.13s Sys=0.00s Real=0.02s
[2023-11-05T15:52:36.398+0000][1690.948s][info ][safepoint     ] Leaving safepoint region
[2023-11-05T15:52:36.398+0000][1690.949s][info ][safepoint     ] Total time for which application threads were stopped: 0.0250451 seconds, Stopping threads took: 0.0012802 seconds
[2023-11-05T15:52:36.399+0000][1690.950s][info ][gc,marking    ] GC(95) Concurrent Rebuild Remembered Sets
[2023-11-05T15:52:36.485+0000][1691.036s][info ][gc,marking    ] GC(95) Concurrent Rebuild Remembered Sets 86.351ms
[2023-11-05T15:52:36.486+0000][1691.037s][debug][safepoint     ] Safepoint synchronization initiated. (191 threads)
[2023-11-05T15:52:36.487+0000][1691.037s][info ][safepoint     ] Application time: 0.0876252 seconds
[2023-11-05T15:52:36.488+0000][1691.038s][info ][safepoint     ] Entering safepoint region: CGC_Operation
[2023-11-05T15:52:36.488+0000][1691.039s][info ][gc,start      ] GC(95) Pause Cleanup
[2023-11-05T15:52:36.489+0000][1691.040s][info ][gc            ] GC(95) Pause Cleanup 220M->220M(381M) 0.787ms
[2023-11-05T15:52:36.490+0000][1691.040s][info ][gc,cpu        ] GC(95) User=0.00s Sys=0.00s Real=0.00s
[2023-11-05T15:52:36.490+0000][1691.041s][info ][safepoint     ] Leaving safepoint region
[2023-11-05T15:52:36.491+0000][1691.041s][info ][safepoint     ] Total time for which application threads were stopped: 0.0030133 seconds, Stopping threads took: 0.0005246 seconds
[2023-11-05T15:52:36.491+0000][1691.042s][info ][gc,marking    ] GC(95) Concurrent Cleanup for Next Mark
[2023-11-05T15:52:36.492+0000][1691.043s][info ][gc,marking    ] GC(95) Concurrent Cleanup for Next Mark 1.218ms
[2023-11-05T15:52:36.493+0000][1691.043s][info ][gc            ] GC(95) Concurrent Cycle 263.252ms
[2023-11-05T15:52:40.492+0000][1695.043s][debug][safepoint     ] Safepoint synchronization initiated. (189 threads)
[2023-11-05T15:52:40.493+0000][1695.043s][info ][safepoint     ] Application time: 4.0016181 seconds
[2023-11-05T15:52:40.493+0000][1695.044s][info ][safepoint     ] Entering safepoint region: Cleanup
[2023-11-05T15:52:40.494+0000][1695.045s][info ][safepoint     ] Leaving safepoint region
[2023-11-05T15:52:40.495+0000][1695.046s][info ][safepoint     ] Total time for which application threads were stopped: 0.0017879 seconds, Stopping threads took: 0.0005108 seconds
[2023-11-05T15:52:52.498+0000][1707.049s][debug][safepoint     ] Safepoint synchronization initiated. (190 threads)
[2023-11-05T15:52:52.499+0000][1707.050s][info ][safepoint     ] Application time: 12.0034917 seconds
[2023-11-05T15:52:52.500+0000][1707.051s][info ][safepoint     ] Entering safepoint region: Cleanup
[2023-11-05T15:52:52.502+0000][1707.052s][info ][safepoint     ] Leaving safepoint region
[2023-11-05T15:52:52.502+0000][1707.053s][info ][safepoint     ] Total time for which application threads were stopped: 0.0019793 seconds, Stopping threads took: 0.0012643 seconds
[2023-11-05T15:53:21.507+0000][1736.058s][debug][safepoint     ] Safepoint synchronization initiated. (190 threads)
[2023-11-05T15:53:21.507+0000][1736.059s][info ][safepoint     ] Application time: 29.0058517 seconds
[2023-11-05T15:53:21.508+0000][1736.059s][info ][safepoint     ] Entering safepoint region: Cleanup
[2023-11-05T15:53:21.508+0000][1736.060s][info ][safepoint     ] Leaving safepoint region
[2023-11-05T15:53:21.509+0000][1736.060s][info ][safepoint     ] Total time for which application threads were stopped: 0.0009894 seconds, Stopping threads took: 0.0004028 seconds
[2023-11-05T15:53:34.512+0000][1749.064s][debug][safepoint     ] Safepoint synchronization initiated. (190 threads)
[2023-11-05T15:53:34.513+0000][1749.065s][info ][safepoint     ] Application time: 13.0048491 seconds
[2023-11-05T15:53:34.514+0000][1749.067s][info ][safepoint     ] Entering safepoint region: Cleanup
[2023-11-05T15:53:34.516+0000][1749.068s][info ][safepoint     ] Leaving safepoint region
[2023-11-05T15:53:34.517+0000][1749.069s][info ][safepoint     ] Total time for which application threads were stopped: 0.0027894 seconds, Stopping threads took: 0.0012591 seconds
[2023-11-05T15:53:58.518+0000][1773.076s][debug][safepoint     ] Safepoint synchronization initiated. (190 threads)
[2023-11-05T15:53:58.519+0000][1773.077s][info ][safepoint     ] Application time: 24.0065278 seconds
[2023-11-05T15:53:58.520+0000][1773.078s][info ][safepoint     ] Entering safepoint region: Cleanup
[2023-11-05T15:53:58.522+0000][1773.079s][info ][safepoint     ] Leaving safepoint region
[2023-11-05T15:53:58.523+0000][1773.080s][info ][safepoint     ] Total time for which application threads were stopped: 0.0027028 seconds, Stopping threads took: 0.0011267 seconds
[2023-11-05T15:54:12.527+0000][1787.085s][debug][safepoint     ] Safepoint synchronization initiated. (192 threads)
[2023-11-05T15:54:12.529+0000][1787.086s][info ][safepoint     ] Application time: 14.0046888 seconds
[2023-11-05T15:54:12.529+0000][1787.087s][info ][safepoint     ] Entering safepoint region: Cleanup
[2023-11-05T15:54:12.530+0000][1787.088s][info ][safepoint     ] Leaving safepoint region
[2023-11-05T15:54:12.531+0000][1787.088s][info ][safepoint     ] Total time for which application threads were stopped: 0.0015031 seconds, Stopping threads took: 0.0006473 seconds
[2023-11-05T15:54:24.532+0000][1799.091s][debug][safepoint     ] Safepoint synchronization initiated. (192 threads)
[2023-11-05T15:54:24.533+0000][1799.092s][info ][safepoint     ] Application time: 12.0033346 seconds
[2023-11-05T15:54:24.534+0000][1799.093s][info ][safepoint     ] Entering safepoint region: Cleanup
[2023-11-05T15:54:24.535+0000][1799.094s][info ][safepoint     ] Leaving safepoint region
[2023-11-05T15:54:24.536+0000][1799.095s][info ][safepoint     ] Total time for which application threads were stopped: 0.0017606 seconds, Stopping threads took: 0.0007708 seconds
[2023-11-05T15:54:25.537+0000][1800.095s][debug][safepoint     ] Safepoint synchronization initiated. (192 threads)
[2023-11-05T15:54:25.538+0000][1800.096s][info ][safepoint     ] Application time: 1.0010962 seconds
[2023-11-05T15:54:25.539+0000][1800.098s][info ][safepoint     ] Entering safepoint region: Cleanup
[2023-11-05T15:54:25.540+0000][1800.099s][info ][safepoint     ] Leaving safepoint region
[2023-11-05T15:54:25.541+0000][1800.100s][info ][safepoint     ] Total time for which application threads were stopped: 0.0027445 seconds, Stopping threads took: 0.0017869 seconds
[2023-11-05T15:54:28.542+0000][1803.101s][debug][safepoint     ] Safepoint synchronization initiated. (193 threads)
[2023-11-05T15:54:28.543+0000][1803.102s][info ][safepoint     ] Application time: 3.0011313 seconds
[2023-11-05T15:54:28.543+0000][1803.102s][info ][safepoint     ] Entering safepoint region: Cleanup
[2023-11-05T15:54:28.544+0000][1803.103s][info ][safepoint     ] Leaving safepoint region
[2023-11-05T15:54:28.544+0000][1803.103s][info ][safepoint     ] Total time for which application threads were stopped: 0.0012247 seconds, Stopping threads took: 0.0004630 seconds
[2023-11-05T15:54:34.664+0000][1809.223s][debug][safepoint     ] Safepoint synchronization initiated. (193 threads)
[2023-11-05T15:54:34.665+0000][1809.224s][info ][safepoint     ] Application time: 6.1200208 seconds
[2023-11-05T15:54:34.665+0000][1809.224s][info ][safepoint     ] Entering safepoint region: G1CollectForAllocation
[2023-11-05T15:54:34.666+0000][1809.225s][info ][gc,start      ] GC(96) Pause Young (Normal) (G1 Evacuation Pause)
[2023-11-05T15:54:34.666+0000][1809.225s][info ][gc,task       ] GC(96) Using 8 workers of 8 for evacuation
[2023-11-05T15:54:34.674+0000][1809.232s][info ][gc,phases     ] GC(96)   Pre Evacuate Collection Set: 0.0ms
[2023-11-05T15:54:34.675+0000][1809.233s][info ][gc,phases     ] GC(96)   Evacuate Collection Set: 4.2ms
[2023-11-05T15:54:34.676+0000][1809.235s][info ][gc,phases     ] GC(96)   Post Evacuate Collection Set: 2.8ms
[2023-11-05T15:54:34.677+0000][1809.236s][info ][gc,phases     ] GC(96)   Other: 0.8ms
[2023-11-05T15:54:34.677+0000][1809.236s][info ][gc,heap       ] GC(96) Eden regions: 108->0(109)
[2023-11-05T15:54:34.678+0000][1809.237s][info ][gc,heap       ] GC(96) Survivor regions: 2->2(14)
[2023-11-05T15:54:34.678+0000][1809.237s][info ][gc,heap       ] GC(96) Old regions: 160->160
[2023-11-05T15:54:34.679+0000][1809.238s][info ][gc,heap       ] GC(96) Humongous regions: 60->60
[2023-11-05T15:54:34.680+0000][1809.238s][info ][gc,metaspace  ] GC(96) Metaspace: 169592K(175164K)->169592K(175164K) NonClass: 149993K(153448K)->149993K(153448K) Class: 19599K(21716K)->19599K(21716K)
[2023-11-05T15:54:34.680+0000][1809.239s][info ][gc            ] GC(96) Pause Young (Normal) (G1 Evacuation Pause) 326M->219M(381M) 14.433ms
[2023-11-05T15:54:34.681+0000][1809.239s][info ][gc,cpu        ] GC(96) User=0.05s Sys=0.00s Real=0.02s
[2023-11-05T15:54:34.681+0000][1809.240s][info ][safepoint     ] Leaving safepoint region
[2023-11-05T15:54:34.682+0000][1809.241s][info ][safepoint     ] Total time for which application threads were stopped: 0.0169996 seconds, Stopping threads took: 0.0003700 seconds
[2023-11-05T15:54:34.683+0000][1809.242s][info ][gc,stringdedup] Concurrent String Deduplication (1809.242s)
[2023-11-05T15:54:34.683+0000][1809.242s][info ][gc,stringdedup] Concurrent String Deduplication 144.0B->48.0B(96.0B) avg 54.3% (1809.242s, 1809.242s) 0.333ms
[2023-11-05T15:54:37.683+0000][1812.242s][debug][safepoint     ] Safepoint synchronization initiated. (193 threads)
[2023-11-05T15:54:37.684+0000][1812.243s][info ][safepoint     ] Application time: 3.0014126 seconds
[2023-11-05T15:54:37.685+0000][1812.244s][info ][safepoint     ] Entering safepoint region: Cleanup
[2023-11-05T15:54:37.685+0000][1812.244s][info ][safepoint     ] Leaving safepoint region
[2023-11-05T15:54:37.686+0000][1812.245s][info ][safepoint     ] Total time for which application threads were stopped: 0.0017776 seconds, Stopping threads took: 0.0004936 seconds
[2023-11-05T15:54:39.687+0000][1814.246s][debug][safepoint     ] Safepoint synchronization initiated. (193 threads)
[2023-11-05T15:54:39.688+0000][1814.247s][info ][safepoint     ] Application time: 2.0013998 seconds
[2023-11-05T15:54:39.689+0000][1814.248s][info ][safepoint     ] Entering safepoint region: Cleanup
[2023-11-05T15:54:39.690+0000][1814.249s][info ][safepoint     ] Leaving safepoint region
[2023-11-05T15:54:39.690+0000][1814.249s][info ][safepoint     ] Total time for which application threads were stopped: 0.0013372 seconds, Stopping threads took: 0.0005655 seconds
[2023-11-05T15:54:43.692+0000][1818.251s][debug][safepoint     ] Safepoint synchronization initiated. (193 threads)
[2023-11-05T15:54:43.693+0000][1818.252s][info ][safepoint     ] Application time: 4.0022409 seconds
[2023-11-05T15:54:43.694+0000][1818.253s][info ][safepoint     ] Entering safepoint region: Cleanup
[2023-11-05T15:54:43.696+0000][1818.255s][info ][safepoint     ] Leaving safepoint region
[2023-11-05T15:54:43.697+0000][1818.256s][info ][safepoint     ] Total time for which application threads were stopped: 0.0024447 seconds, Stopping threads took: 0.0009849 seconds
[2023-11-05T15:54:47.698+0000][1822.257s][debug][safepoint     ] Safepoint synchronization initiated. (193 threads)
[2023-11-05T15:54:47.699+0000][1822.258s][info ][safepoint     ] Application time: 4.0014326 seconds
[2023-11-05T15:54:47.700+0000][1822.258s][info ][safepoint     ] Entering safepoint region: Cleanup
[2023-11-05T15:54:47.700+0000][1822.259s][info ][safepoint     ] Leaving safepoint region
[2023-11-05T15:54:47.701+0000][1822.259s][info ][safepoint     ] Total time for which application threads were stopped: 0.0010889 seconds, Stopping threads took: 0.0004489 seconds
[2023-11-05T15:54:48.701+0000][1823.260s][debug][safepoint     ] Safepoint synchronization initiated. (193 threads)
[2023-11-05T15:54:48.703+0000][1823.262s][info ][safepoint     ] Application time: 1.0016972 seconds
[2023-11-05T15:54:48.704+0000][1823.263s][info ][safepoint     ] Entering safepoint region: Cleanup
[2023-11-05T15:54:48.705+0000][1823.264s][info ][safepoint     ] Leaving safepoint region
[2023-11-05T15:54:48.706+0000][1823.265s][info ][safepoint     ] Total time for which application threads were stopped: 0.0020791 seconds, Stopping threads took: 0.0009156 seconds
[2023-11-05T15:54:49.707+0000][1824.266s][debug][safepoint     ] Safepoint synchronization initiated. (193 threads)
[2023-11-05T15:54:49.708+0000][1824.266s][info ][safepoint     ] Application time: 1.0011531 seconds
[2023-11-05T15:54:49.708+0000][1824.267s][info ][safepoint     ] Entering safepoint region: Cleanup
[2023-11-05T15:54:49.709+0000][1824.268s][info ][safepoint     ] Leaving safepoint region
[2023-11-05T15:54:49.710+0000][1824.269s][info ][safepoint     ] Total time for which application threads were stopped: 0.0014643 seconds, Stopping threads took: 0.0007167 seconds
[2023-11-05T15:54:50.711+0000][1825.269s][debug][safepoint     ] Safepoint synchronization initiated. (192 threads)
[2023-11-05T15:54:50.711+0000][1825.270s][info ][safepoint     ] Application time: 1.0006579 seconds
[2023-11-05T15:54:50.712+0000][1825.270s][info ][safepoint     ] Entering safepoint region: Cleanup
[2023-11-05T15:54:50.712+0000][1825.271s][info ][safepoint     ] Leaving safepoint region
[2023-11-05T15:54:50.713+0000][1825.272s][info ][safepoint     ] Total time for which application threads were stopped: 0.0014077 seconds, Stopping threads took: 0.0005391 seconds
[2023-11-05T15:54:51.714+0000][1826.272s][debug][safepoint     ] Safepoint synchronization initiated. (191 threads)
[2023-11-05T15:54:51.715+0000][1826.274s][info ][safepoint     ] Application time: 1.0015566 seconds
[2023-11-05T15:54:51.716+0000][1826.274s][info ][safepoint     ] Entering safepoint region: Cleanup
[2023-11-05T15:54:51.717+0000][1826.276s][info ][safepoint     ] Leaving safepoint region
[2023-11-05T15:54:51.718+0000][1826.277s][info ][safepoint     ] Total time for which application threads were stopped: 0.0026241 seconds, Stopping threads took: 0.0005957 seconds
[2023-11-05T15:54:52.719+0000][1827.278s][debug][safepoint     ] Safepoint synchronization initiated. (191 threads)
[2023-11-05T15:54:52.720+0000][1827.278s][info ][safepoint     ] Application time: 1.0009578 seconds
[2023-11-05T15:54:52.720+0000][1827.279s][info ][safepoint     ] Entering safepoint region: Cleanup
[2023-11-05T15:54:52.721+0000][1827.280s][info ][safepoint     ] Leaving safepoint region
[2023-11-05T15:54:52.721+0000][1827.280s][info ][safepoint     ] Total time for which application threads were stopped: 0.0013957 seconds, Stopping threads took: 0.0007286 seconds
[2023-11-05T15:54:53.722+0000][1828.281s][debug][safepoint     ] Safepoint synchronization initiated. (191 threads)
[2023-11-05T15:54:53.722+0000][1828.281s][info ][safepoint     ] Application time: 1.0006621 seconds
[2023-11-05T15:54:53.723+0000][1828.282s][info ][safepoint     ] Entering safepoint region: Cleanup
[2023-11-05T15:54:53.725+0000][1828.283s][info ][safepoint     ] Leaving safepoint region
[2023-11-05T15:54:53.725+0000][1828.284s][info ][safepoint     ] Total time for which application threads were stopped: 0.0022268 seconds, Stopping threads took: 0.0013627 seconds
[2023-11-05T15:54:54.726+0000][1829.285s][debug][safepoint     ] Safepoint synchronization initiated. (191 threads)
[2023-11-05T15:54:54.726+0000][1829.285s][info ][safepoint     ] Application time: 1.0009873 seconds
[2023-11-05T15:54:54.727+0000][1829.286s][info ][safepoint     ] Entering safepoint region: Cleanup
[2023-11-05T15:54:54.727+0000][1829.287s][info ][safepoint     ] Leaving safepoint region
[2023-11-05T15:54:54.728+0000][1829.287s][info ][safepoint     ] Total time for which application threads were stopped: 0.0011592 seconds, Stopping threads took: 0.0005216 seconds
[2023-11-05T15:54:55.729+0000][1830.288s][debug][safepoint     ] Safepoint synchronization initiated. (191 threads)
[2023-11-05T15:54:55.730+0000][1830.289s][info ][safepoint     ] Application time: 1.0013268 seconds
[2023-11-05T15:54:55.730+0000][1830.289s][info ][safepoint     ] Entering safepoint region: Cleanup
[2023-11-05T15:54:55.731+0000][1830.290s][info ][safepoint     ] Leaving safepoint region
[2023-11-05T15:54:55.731+0000][1830.290s][info ][safepoint     ] Total time for which application threads were stopped: 0.0009863 seconds, Stopping threads took: 0.0004642 seconds
[2023-11-05T15:54:56.731+0000][1831.291s][debug][safepoint     ] Safepoint synchronization initiated. (191 threads)
[2023-11-05T15:54:56.732+0000][1831.291s][info ][safepoint     ] Application time: 1.0006423 seconds
[2023-11-05T15:54:56.732+0000][1831.292s][info ][safepoint     ] Entering safepoint region: Cleanup
[2023-11-05T15:54:56.733+0000][1831.292s][info ][safepoint     ] Leaving safepoint region
[2023-11-05T15:54:56.733+0000][1831.292s][info ][safepoint     ] Total time for which application threads were stopped: 0.0009653 seconds, Stopping threads took: 0.0003709 seconds
[2023-11-05T15:54:57.734+0000][1832.293s][debug][safepoint     ] Safepoint synchronization initiated. (191 threads)
[2023-11-05T15:54:57.735+0000][1832.294s][info ][safepoint     ] Application time: 1.0008666 seconds
[2023-11-05T15:54:57.735+0000][1832.294s][info ][safepoint     ] Entering safepoint region: Cleanup
[2023-11-05T15:54:57.736+0000][1832.295s][info ][safepoint     ] Leaving safepoint region
[2023-11-05T15:54:57.736+0000][1832.295s][info ][safepoint     ] Total time for which application threads were stopped: 0.0011963 seconds, Stopping threads took: 0.0005175 seconds
[2023-11-05T15:54:58.737+0000][1833.296s][debug][safepoint     ] Safepoint synchronization initiated. (191 threads)
[2023-11-05T15:54:58.738+0000][1833.297s][info ][safepoint     ] Application time: 1.0008614 seconds
[2023-11-05T15:54:58.738+0000][1833.297s][info ][safepoint     ] Entering safepoint region: Cleanup
[2023-11-05T15:54:58.739+0000][1833.298s][info ][safepoint     ] Leaving safepoint region
[2023-11-05T15:54:58.740+0000][1833.299s][info ][safepoint     ] Total time for which application threads were stopped: 0.0012797 seconds, Stopping threads took: 0.0005618 seconds
[2023-11-05T15:54:59.740+0000][1834.299s][debug][safepoint     ] Safepoint synchronization initiated. (191 threads)
[2023-11-05T15:54:59.741+0000][1834.300s][info ][safepoint     ] Application time: 1.0008649 seconds
[2023-11-05T15:54:59.741+0000][1834.301s][info ][safepoint     ] Entering safepoint region: Cleanup
[2023-11-05T15:54:59.742+0000][1834.301s][info ][safepoint     ] Leaving safepoint region
[2023-11-05T15:54:59.743+0000][1834.302s][info ][safepoint     ] Total time for which application threads were stopped: 0.0012371 seconds, Stopping threads took: 0.0005416 seconds
[2023-11-05T15:55:00.743+0000][1835.302s][debug][safepoint     ] Safepoint synchronization initiated. (191 threads)
[2023-11-05T15:55:00.744+0000][1835.303s][info ][safepoint     ] Application time: 1.0006885 seconds
[2023-11-05T15:55:00.744+0000][1835.303s][info ][safepoint     ] Entering safepoint region: Cleanup
[2023-11-05T15:55:00.745+0000][1835.304s][info ][safepoint     ] Leaving safepoint region
[2023-11-05T15:55:00.745+0000][1835.304s][info ][safepoint     ] Total time for which application threads were stopped: 0.0011532 seconds, Stopping threads took: 0.0004896 seconds
[2023-11-05T15:55:01.746+0000][1836.305s][debug][safepoint     ] Safepoint synchronization initiated. (191 threads)
[2023-11-05T15:55:01.747+0000][1836.306s][info ][safepoint     ] Application time: 1.0009124 seconds
[2023-11-05T15:55:01.747+0000][1836.306s][info ][safepoint     ] Entering safepoint region: Cleanup
[2023-11-05T15:55:01.748+0000][1836.307s][info ][safepoint     ] Leaving safepoint region
[2023-11-05T15:55:01.748+0000][1836.308s][info ][safepoint     ] Total time for which application threads were stopped: 0.0012500 seconds, Stopping threads took: 0.0005584 seconds
[2023-11-05T15:55:02.749+0000][1837.308s][debug][safepoint     ] Safepoint synchronization initiated. (191 threads)
[2023-11-05T15:55:02.750+0000][1837.309s][info ][safepoint     ] Application time: 1.0007850 seconds
[2023-11-05T15:55:02.750+0000][1837.309s][info ][safepoint     ] Entering safepoint region: Cleanup
[2023-11-05T15:55:02.751+0000][1837.310s][info ][safepoint     ] Leaving safepoint region
[2023-11-05T15:55:02.752+0000][1837.311s][info ][safepoint     ] Total time for which application threads were stopped: 0.0013000 seconds, Stopping threads took: 0.0005078 seconds
[2023-11-05T15:55:03.752+0000][1838.311s][debug][safepoint     ] Safepoint synchronization initiated. (191 threads)
[2023-11-05T15:55:03.753+0000][1838.312s][info ][safepoint     ] Application time: 1.0009317 seconds
[2023-11-05T15:55:03.754+0000][1838.313s][info ][safepoint     ] Entering safepoint region: Cleanup
[2023-11-05T15:55:03.754+0000][1838.313s][info ][safepoint     ] Leaving safepoint region
[2023-11-05T15:55:03.755+0000][1838.314s][info ][safepoint     ] Total time for which application threads were stopped: 0.0012865 seconds, Stopping threads took: 0.0005780 seconds
[2023-11-05T15:55:04.755+0000][1839.315s][debug][safepoint     ] Safepoint synchronization initiated. (191 threads)
[2023-11-05T15:55:04.756+0000][1839.315s][info ][safepoint     ] Application time: 1.0007848 seconds
[2023-11-05T15:55:04.757+0000][1839.316s][info ][safepoint     ] Entering safepoint region: Cleanup
[2023-11-05T15:55:04.757+0000][1839.317s][info ][safepoint     ] Leaving safepoint region
[2023-11-05T15:55:04.758+0000][1839.317s][info ][safepoint     ] Total time for which application threads were stopped: 0.0011958 seconds, Stopping threads took: 0.0005589 seconds
[2023-11-05T15:55:05.759+0000][1840.318s][debug][safepoint     ] Safepoint synchronization initiated. (191 threads)
[2023-11-05T15:55:05.759+0000][1840.318s][info ][safepoint     ] Application time: 1.0008774 seconds
[2023-11-05T15:55:05.760+0000][1840.319s][info ][safepoint     ] Entering safepoint region: Cleanup
[2023-11-05T15:55:05.761+0000][1840.320s][info ][safepoint     ] Leaving safepoint region
[2023-11-05T15:55:05.761+0000][1840.320s][info ][safepoint     ] Total time for which application threads were stopped: 0.0011289 seconds, Stopping threads took: 0.0005017 seconds
[2023-11-05T15:55:06.762+0000][1841.321s][debug][safepoint     ] Safepoint synchronization initiated. (191 threads)
[2023-11-05T15:55:06.762+0000][1841.321s][info ][safepoint     ] Application time: 1.0007329 seconds
[2023-11-05T15:55:06.763+0000][1841.322s][info ][safepoint     ] Entering safepoint region: Cleanup
[2023-11-05T15:55:06.763+0000][1841.322s][info ][safepoint     ] Leaving safepoint region
[2023-11-05T15:55:06.764+0000][1841.323s][info ][safepoint     ] Total time for which application threads were stopped: 0.0011827 seconds, Stopping threads took: 0.0005009 seconds
[2023-11-05T15:55:07.764+0000][1842.323s][debug][safepoint     ] Safepoint synchronization initiated. (191 threads)
[2023-11-05T15:55:07.765+0000][1842.324s][info ][safepoint     ] Application time: 1.0005739 seconds
[2023-11-05T15:55:07.765+0000][1842.324s][info ][safepoint     ] Entering safepoint region: Cleanup
[2023-11-05T15:55:07.766+0000][1842.325s][info ][safepoint     ] Leaving safepoint region
[2023-11-05T15:55:07.766+0000][1842.325s][info ][safepoint     ] Total time for which application threads were stopped: 0.0009647 seconds, Stopping threads took: 0.0003583 seconds
[2023-11-05T15:55:08.767+0000][1843.326s][debug][safepoint     ] Safepoint synchronization initiated. (191 threads)
[2023-11-05T15:55:08.767+0000][1843.326s][info ][safepoint     ] Application time: 1.0007279 seconds
[2023-11-05T15:55:08.768+0000][1843.327s][info ][safepoint     ] Entering safepoint region: Cleanup
[2023-11-05T15:55:08.769+0000][1843.328s][info ][safepoint     ] Leaving safepoint region
[2023-11-05T15:55:08.769+0000][1843.328s][info ][safepoint     ] Total time for which application threads were stopped: 0.0014028 seconds, Stopping threads took: 0.0006226 seconds
[2023-11-05T15:55:09.770+0000][1844.329s][debug][safepoint     ] Safepoint synchronization initiated. (191 threads)
[2023-11-05T15:55:09.771+0000][1844.330s][info ][safepoint     ] Application time: 1.0009156 seconds
[2023-11-05T15:55:09.771+0000][1844.330s][info ][safepoint     ] Entering safepoint region: Cleanup
[2023-11-05T15:55:09.772+0000][1844.331s][info ][safepoint     ] Leaving safepoint region
[2023-11-05T15:55:09.772+0000][1844.331s][info ][safepoint     ] Total time for which application threads were stopped: 0.0011273 seconds, Stopping threads took: 0.0005093 seconds
[2023-11-05T15:55:10.773+0000][1845.332s][debug][safepoint     ] Safepoint synchronization initiated. (191 threads)
[2023-11-05T15:55:10.774+0000][1845.333s][info ][safepoint     ] Application time: 1.0010434 seconds
[2023-11-05T15:55:10.774+0000][1845.333s][info ][safepoint     ] Entering safepoint region: Cleanup
[2023-11-05T15:55:10.775+0000][1845.334s][info ][safepoint     ] Leaving safepoint region
[2023-11-05T15:55:10.775+0000][1845.334s][info ][safepoint     ] Total time for which application threads were stopped: 0.0011658 seconds, Stopping threads took: 0.0003876 seconds
[2023-11-05T15:55:11.776+0000][1846.335s][debug][safepoint     ] Safepoint synchronization initiated. (191 threads)
[2023-11-05T15:55:11.776+0000][1846.336s][info ][safepoint     ] Application time: 1.0007143 seconds
[2023-11-05T15:55:11.777+0000][1846.336s][info ][safepoint     ] Entering safepoint region: Cleanup
[2023-11-05T15:55:11.778+0000][1846.337s][info ][safepoint     ] Leaving safepoint region
[2023-11-05T15:55:11.778+0000][1846.337s][info ][safepoint     ] Total time for which application threads were stopped: 0.0013570 seconds, Stopping threads took: 0.0005057 seconds
[2023-11-05T15:55:12.779+0000][1847.338s][debug][safepoint     ] Safepoint synchronization initiated. (191 threads)
[2023-11-05T15:55:12.780+0000][1847.339s][info ][safepoint     ] Application time: 1.0008946 seconds
[2023-11-05T15:55:12.780+0000][1847.339s][info ][safepoint     ] Entering safepoint region: Cleanup
[2023-11-05T15:55:12.781+0000][1847.340s][info ][safepoint     ] Leaving safepoint region
[2023-11-05T15:55:12.781+0000][1847.340s][info ][safepoint     ] Total time for which application threads were stopped: 0.0011566 seconds, Stopping threads took: 0.0004589 seconds
[2023-11-05T15:55:13.782+0000][1848.341s][debug][safepoint     ] Safepoint synchronization initiated. (191 threads)
[2023-11-05T15:55:13.783+0000][1848.342s][info ][safepoint     ] Application time: 1.0008898 seconds
[2023-11-05T15:55:13.783+0000][1848.342s][info ][safepoint     ] Entering safepoint region: Cleanup
[2023-11-05T15:55:13.784+0000][1848.343s][info ][safepoint     ] Leaving safepoint region
[2023-11-05T15:55:13.784+0000][1848.343s][info ][safepoint     ] Total time for which application threads were stopped: 0.0011959 seconds, Stopping threads took: 0.0005476 seconds
[2023-11-05T15:55:14.785+0000][1849.344s][debug][safepoint     ] Safepoint synchronization initiated. (191 threads)
[2023-11-05T15:55:14.786+0000][1849.345s][info ][safepoint     ] Application time: 1.0009993 seconds
[2023-11-05T15:55:14.786+0000][1849.346s][info ][safepoint     ] Entering safepoint region: Cleanup
[2023-11-05T15:55:14.787+0000][1849.346s][info ][safepoint     ] Leaving safepoint region
[2023-11-05T15:55:14.788+0000][1849.347s][info ][safepoint     ] Total time for which application threads were stopped: 0.0013439 seconds, Stopping threads took: 0.0005834 seconds
[2023-11-05T15:55:15.788+0000][1850.348s][debug][safepoint     ] Safepoint synchronization initiated. (191 threads)
[2023-11-05T15:55:15.789+0000][1850.348s][info ][safepoint     ] Application time: 1.0007110 seconds
[2023-11-05T15:55:15.790+0000][1850.349s][info ][safepoint     ] Entering safepoint region: Cleanup
[2023-11-05T15:55:15.790+0000][1850.349s][info ][safepoint     ] Leaving safepoint region
[2023-11-05T15:55:15.791+0000][1850.350s][info ][safepoint     ] Total time for which application threads were stopped: 0.0012392 seconds, Stopping threads took: 0.0005266 seconds
[2023-11-05T15:55:16.791+0000][1851.350s][debug][safepoint     ] Safepoint synchronization initiated. (191 threads)
[2023-11-05T15:55:16.792+0000][1851.351s][info ][safepoint     ] Application time: 1.0006129 seconds
[2023-11-05T15:55:16.792+0000][1851.351s][info ][safepoint     ] Entering safepoint region: Cleanup
[2023-11-05T15:55:16.793+0000][1851.353s][info ][safepoint     ] Leaving safepoint region
[2023-11-05T15:55:16.794+0000][1851.353s][info ][safepoint     ] Total time for which application threads were stopped: 0.0021005 seconds, Stopping threads took: 0.0004738 seconds
[2023-11-05T15:55:17.795+0000][1852.354s][debug][safepoint     ] Safepoint synchronization initiated. (191 threads)
[2023-11-05T15:55:17.795+0000][1852.354s][info ][safepoint     ] Application time: 1.0007451 seconds
[2023-11-05T15:55:17.796+0000][1852.355s][info ][safepoint     ] Entering safepoint region: Cleanup
[2023-11-05T15:55:17.797+0000][1852.356s][info ][safepoint     ] Leaving safepoint region
[2023-11-05T15:55:17.797+0000][1852.356s][info ][safepoint     ] Total time for which application threads were stopped: 0.0009874 seconds, Stopping threads took: 0.0004991 seconds
[2023-11-05T15:55:18.798+0000][1853.357s][debug][safepoint     ] Safepoint synchronization initiated. (191 threads)
[2023-11-05T15:55:18.799+0000][1853.358s][info ][safepoint     ] Application time: 1.0014869 seconds
[2023-11-05T15:55:18.800+0000][1853.359s][info ][safepoint     ] Entering safepoint region: Cleanup
[2023-11-05T15:55:18.801+0000][1853.360s][info ][safepoint     ] Leaving safepoint region
[2023-11-05T15:55:18.801+0000][1853.361s][info ][safepoint     ] Total time for which application threads were stopped: 0.0020030 seconds, Stopping threads took: 0.0008766 seconds
[2023-11-05T15:55:19.802+0000][1854.362s][debug][safepoint     ] Safepoint synchronization initiated. (191 threads)
[2023-11-05T15:55:19.804+0000][1854.363s][info ][safepoint     ] Application time: 1.0016033 seconds
[2023-11-05T15:55:19.805+0000][1854.364s][info ][safepoint     ] Entering safepoint region: Cleanup
[2023-11-05T15:55:19.806+0000][1854.365s][info ][safepoint     ] Leaving safepoint region
[2023-11-05T15:55:19.807+0000][1854.366s][info ][safepoint     ] Total time for which application threads were stopped: 0.0024375 seconds, Stopping threads took: 0.0011540 seconds
[2023-11-05T15:55:20.808+0000][1855.367s][debug][safepoint     ] Safepoint synchronization initiated. (191 threads)
[2023-11-05T15:55:20.809+0000][1855.368s][info ][safepoint     ] Application time: 1.0008847 seconds
[2023-11-05T15:55:20.810+0000][1855.369s][info ][safepoint     ] Entering safepoint region: Cleanup
[2023-11-05T15:55:20.811+0000][1855.370s][info ][safepoint     ] Leaving safepoint region
[2023-11-05T15:55:20.812+0000][1855.371s][info ][safepoint     ] Total time for which application threads were stopped: 0.0024897 seconds, Stopping threads took: 0.0007819 seconds
[2023-11-05T15:55:21.813+0000][1856.372s][debug][safepoint     ] Safepoint synchronization initiated. (191 threads)
[2023-11-05T15:55:21.814+0000][1856.373s][info ][safepoint     ] Application time: 1.0010357 seconds
[2023-11-05T15:55:21.814+0000][1856.374s][info ][safepoint     ] Entering safepoint region: Cleanup
[2023-11-05T15:55:21.815+0000][1856.374s][info ][safepoint     ] Leaving safepoint region
[2023-11-05T15:55:21.816+0000][1856.375s][info ][safepoint     ] Total time for which application threads were stopped: 0.0012864 seconds, Stopping threads took: 0.0006253 seconds
[2023-11-05T15:55:22.816+0000][1857.375s][debug][safepoint     ] Safepoint synchronization initiated. (191 threads)
[2023-11-05T15:55:22.817+0000][1857.376s][info ][safepoint     ] Application time: 1.0012242 seconds
[2023-11-05T15:55:22.818+0000][1857.377s][info ][safepoint     ] Entering safepoint region: Cleanup
[2023-11-05T15:55:22.819+0000][1857.378s][info ][safepoint     ] Leaving safepoint region
[2023-11-05T15:55:22.820+0000][1857.379s][info ][safepoint     ] Total time for which application threads were stopped: 0.0018667 seconds, Stopping threads took: 0.0008330 seconds
[2023-11-05T15:55:23.820+0000][1858.380s][debug][safepoint     ] Safepoint synchronization initiated. (191 threads)
[2023-11-05T15:55:23.821+0000][1858.380s][info ][safepoint     ] Application time: 1.0004413 seconds
[2023-11-05T15:55:23.821+0000][1858.381s][info ][safepoint     ] Entering safepoint region: Cleanup
[2023-11-05T15:55:23.822+0000][1858.381s][info ][safepoint     ] Leaving safepoint region
[2023-11-05T15:55:23.822+0000][1858.381s][info ][safepoint     ] Total time for which application threads were stopped: 0.0007803 seconds, Stopping threads took: 0.0003205 seconds
[2023-11-05T15:55:24.822+0000][1859.382s][debug][safepoint     ] Safepoint synchronization initiated. (191 threads)
[2023-11-05T15:55:24.823+0000][1859.382s][info ][safepoint     ] Application time: 1.0008923 seconds
[2023-11-05T15:55:24.824+0000][1859.383s][info ][safepoint     ] Entering safepoint region: Cleanup
[2023-11-05T15:55:24.825+0000][1859.384s][info ][safepoint     ] Leaving safepoint region
[2023-11-05T15:55:24.826+0000][1859.385s][info ][safepoint     ] Total time for which application threads were stopped: 0.0018863 seconds, Stopping threads took: 0.0008535 seconds
[2023-11-05T15:55:25.827+0000][1860.386s][debug][safepoint     ] Safepoint synchronization initiated. (191 threads)
[2023-11-05T15:55:25.827+0000][1860.386s][info ][safepoint     ] Application time: 1.0005854 seconds
[2023-11-05T15:55:25.828+0000][1860.387s][info ][safepoint     ] Entering safepoint region: Cleanup
[2023-11-05T15:55:25.828+0000][1860.388s][info ][safepoint     ] Leaving safepoint region
[2023-11-05T15:55:25.829+0000][1860.388s][info ][safepoint     ] Total time for which application threads were stopped: 0.0010800 seconds, Stopping threads took: 0.0004588 seconds
[2023-11-05T15:55:26.829+0000][1861.389s][debug][safepoint     ] Safepoint synchronization initiated. (191 threads)
[2023-11-05T15:55:26.830+0000][1861.389s][info ][safepoint     ] Application time: 1.0006170 seconds
[2023-11-05T15:55:26.830+0000][1861.389s][info ][safepoint     ] Entering safepoint region: Cleanup
[2023-11-05T15:55:26.830+0000][1861.390s][info ][safepoint     ] Leaving safepoint region
[2023-11-05T15:55:26.831+0000][1861.390s][info ][safepoint     ] Total time for which application threads were stopped: 0.0008506 seconds, Stopping threads took: 0.0003520 seconds
[2023-11-05T15:55:27.831+0000][1862.391s][debug][safepoint     ] Safepoint synchronization initiated. (191 threads)
[2023-11-05T15:55:27.832+0000][1862.392s][info ][safepoint     ] Application time: 1.0011594 seconds
[2023-11-05T15:55:27.833+0000][1862.392s][info ][safepoint     ] Entering safepoint region: Cleanup
[2023-11-05T15:55:27.834+0000][1862.393s][info ][safepoint     ] Leaving safepoint region
[2023-11-05T15:55:27.834+0000][1862.394s][info ][safepoint     ] Total time for which application threads were stopped: 0.0013377 seconds, Stopping threads took: 0.0006035 seconds
[2023-11-05T15:55:28.835+0000][1863.395s][debug][safepoint     ] Safepoint synchronization initiated. (191 threads)
[2023-11-05T15:55:28.837+0000][1863.396s][info ][safepoint     ] Application time: 1.0018069 seconds
[2023-11-05T15:55:28.838+0000][1863.397s][info ][safepoint     ] Entering safepoint region: Cleanup
[2023-11-05T15:55:28.839+0000][1863.399s][info ][safepoint     ] Leaving safepoint region
[2023-11-05T15:55:28.840+0000][1863.399s][info ][safepoint     ] Total time for which application threads were stopped: 0.0022460 seconds, Stopping threads took: 0.0009886 seconds
[2023-11-05T15:55:29.841+0000][1864.401s][debug][safepoint     ] Safepoint synchronization initiated. (191 threads)
[2023-11-05T15:55:29.842+0000][1864.402s][info ][safepoint     ] Application time: 1.0015669 seconds
[2023-11-05T15:55:29.844+0000][1864.403s][info ][safepoint     ] Entering safepoint region: Cleanup
[2023-11-05T15:55:29.845+0000][1864.404s][info ][safepoint     ] Leaving safepoint region
[2023-11-05T15:55:29.846+0000][1864.405s][info ][safepoint     ] Total time for which application threads were stopped: 0.0023878 seconds, Stopping threads took: 0.0009622 seconds
[2023-11-05T15:55:30.847+0000][1865.407s][debug][safepoint     ] Safepoint synchronization initiated. (191 threads)
[2023-11-05T15:55:30.849+0000][1865.408s][info ][safepoint     ] Application time: 1.0017577 seconds
[2023-11-05T15:55:30.850+0000][1865.409s][info ][safepoint     ] Entering safepoint region: Cleanup
[2023-11-05T15:55:30.851+0000][1865.411s][info ][safepoint     ] Leaving safepoint region
[2023-11-05T15:55:30.852+0000][1865.412s][info ][safepoint     ] Total time for which application threads were stopped: 0.0025929 seconds, Stopping threads took: 0.0012217 seconds
[2023-11-05T15:55:31.854+0000][1866.413s][debug][safepoint     ] Safepoint synchronization initiated. (191 threads)
[2023-11-05T15:55:31.855+0000][1866.415s][info ][safepoint     ] Application time: 1.0015312 seconds
[2023-11-05T15:55:31.856+0000][1866.416s][info ][safepoint     ] Entering safepoint region: Cleanup
[2023-11-05T15:55:31.858+0000][1866.417s][info ][safepoint     ] Leaving safepoint region
[2023-11-05T15:55:31.859+0000][1866.418s][info ][safepoint     ] Total time for which application threads were stopped: 0.0023922 seconds, Stopping threads took: 0.0010404 seconds
[2023-11-05T15:55:32.860+0000][1867.419s][debug][safepoint     ] Safepoint synchronization initiated. (191 threads)
[2023-11-05T15:55:32.860+0000][1867.420s][info ][safepoint     ] Application time: 1.0009049 seconds
[2023-11-05T15:55:32.861+0000][1867.420s][info ][safepoint     ] Entering safepoint region: Cleanup
[2023-11-05T15:55:32.862+0000][1867.421s][info ][safepoint     ] Leaving safepoint region
[2023-11-05T15:55:32.862+0000][1867.422s][info ][safepoint     ] Total time for which application threads were stopped: 0.0013097 seconds, Stopping threads took: 0.0005863 seconds
[2023-11-05T15:55:33.863+0000][1868.422s][debug][safepoint     ] Safepoint synchronization initiated. (192 threads)
[2023-11-05T15:55:33.863+0000][1868.423s][info ][safepoint     ] Application time: 1.0005827 seconds
[2023-11-05T15:55:33.864+0000][1868.423s][info ][safepoint     ] Entering safepoint region: Cleanup
[2023-11-05T15:55:33.864+0000][1868.424s][info ][safepoint     ] Leaving safepoint region
[2023-11-05T15:55:33.865+0000][1868.424s][info ][safepoint     ] Total time for which application threads were stopped: 0.0011110 seconds, Stopping threads took: 0.0004785 seconds
[2023-11-05T15:55:34.866+0000][1869.425s][debug][safepoint     ] Safepoint synchronization initiated. (192 threads)
[2023-11-05T15:55:34.866+0000][1869.426s][info ][safepoint     ] Application time: 1.0008146 seconds
[2023-11-05T15:55:34.867+0000][1869.426s][info ][safepoint     ] Entering safepoint region: Cleanup
[2023-11-05T15:55:34.868+0000][1869.427s][info ][safepoint     ] Leaving safepoint region
[2023-11-05T15:55:34.868+0000][1869.428s][info ][safepoint     ] Total time for which application threads were stopped: 0.0014901 seconds, Stopping threads took: 0.0006682 seconds
[2023-11-05T15:55:35.869+0000][1870.428s][debug][safepoint     ] Safepoint synchronization initiated. (192 threads)
[2023-11-05T15:55:35.870+0000][1870.429s][info ][safepoint     ] Application time: 1.0010825 seconds
[2023-11-05T15:55:35.871+0000][1870.430s][info ][safepoint     ] Entering safepoint region: Cleanup
[2023-11-05T15:55:35.872+0000][1870.431s][info ][safepoint     ] Leaving safepoint region
[2023-11-05T15:55:35.872+0000][1870.431s][info ][safepoint     ] Total time for which application threads were stopped: 0.0012294 seconds, Stopping threads took: 0.0006655 seconds
[2023-11-05T15:55:36.873+0000][1871.432s][debug][safepoint     ] Safepoint synchronization initiated. (192 threads)
[2023-11-05T15:55:36.873+0000][1871.433s][info ][safepoint     ] Application time: 1.0007810 seconds
[2023-11-05T15:55:36.874+0000][1871.433s][info ][safepoint     ] Entering safepoint region: Cleanup
[2023-11-05T15:55:36.875+0000][1871.434s][info ][safepoint     ] Leaving safepoint region
[2023-11-05T15:55:36.876+0000][1871.436s][info ][safepoint     ] Total time for which application threads were stopped: 0.0026937 seconds, Stopping threads took: 0.0005887 seconds
[2023-11-05T15:55:37.878+0000][1872.437s][debug][safepoint     ] Safepoint synchronization initiated. (192 threads)
[2023-11-05T15:55:37.878+0000][1872.438s][info ][safepoint     ] Application time: 1.0012675 seconds
[2023-11-05T15:55:37.879+0000][1872.439s][info ][safepoint     ] Entering safepoint region: Cleanup
[2023-11-05T15:55:37.880+0000][1872.440s][info ][safepoint     ] Leaving safepoint region
[2023-11-05T15:55:37.881+0000][1872.440s][info ][safepoint     ] Total time for which application threads were stopped: 0.0016958 seconds, Stopping threads took: 0.0006985 seconds
[2023-11-05T15:55:38.882+0000][1873.441s][debug][safepoint     ] Safepoint synchronization initiated. (191 threads)
[2023-11-05T15:55:38.882+0000][1873.442s][info ][safepoint     ] Application time: 1.0007746 seconds
[2023-11-05T15:55:38.883+0000][1873.442s][info ][safepoint     ] Entering safepoint region: Cleanup
[2023-11-05T15:55:38.883+0000][1873.443s][info ][safepoint     ] Leaving safepoint region
[2023-11-05T15:55:38.884+0000][1873.443s][info ][safepoint     ] Total time for which application threads were stopped: 0.0009873 seconds, Stopping threads took: 0.0003957 seconds
[2023-11-05T15:55:39.884+0000][1874.444s][debug][safepoint     ] Safepoint synchronization initiated. (191 threads)
[2023-11-05T15:55:39.885+0000][1874.444s][info ][safepoint     ] Application time: 1.0007430 seconds
[2023-11-05T15:55:39.885+0000][1874.445s][info ][safepoint     ] Entering safepoint region: Cleanup
[2023-11-05T15:55:39.886+0000][1874.445s][info ][safepoint     ] Leaving safepoint region
[2023-11-05T15:55:39.886+0000][1874.446s][info ][safepoint     ] Total time for which application threads were stopped: 0.0011053 seconds, Stopping threads took: 0.0004740 seconds
[2023-11-05T15:55:40.887+0000][1875.447s][debug][safepoint     ] Safepoint synchronization initiated. (191 threads)
[2023-11-05T15:55:40.888+0000][1875.447s][info ][safepoint     ] Application time: 1.0011720 seconds
[2023-11-05T15:55:40.889+0000][1875.449s][info ][safepoint     ] Entering safepoint region: Cleanup
[2023-11-05T15:55:40.890+0000][1875.450s][info ][safepoint     ] Leaving safepoint region
[2023-11-05T15:55:40.891+0000][1875.450s][info ][safepoint     ] Total time for which application threads were stopped: 0.0020332 seconds, Stopping threads took: 0.0009796 seconds
[2023-11-05T15:55:41.892+0000][1876.452s][debug][safepoint     ] Safepoint synchronization initiated. (191 threads)
[2023-11-05T15:55:41.893+0000][1876.452s][info ][safepoint     ] Application time: 1.0009614 seconds
[2023-11-05T15:55:41.894+0000][1876.453s][info ][safepoint     ] Entering safepoint region: Cleanup
[2023-11-05T15:55:41.895+0000][1876.454s][info ][safepoint     ] Leaving safepoint region
[2023-11-05T15:55:41.895+0000][1876.455s][info ][safepoint     ] Total time for which application threads were stopped: 0.0012454 seconds, Stopping threads took: 0.0004945 seconds
[2023-11-05T15:55:42.896+0000][1877.455s][debug][safepoint     ] Safepoint synchronization initiated. (191 threads)
[2023-11-05T15:55:42.896+0000][1877.456s][info ][safepoint     ] Application time: 1.0006763 seconds
[2023-11-05T15:55:42.897+0000][1877.456s][info ][safepoint     ] Entering safepoint region: Cleanup
[2023-11-05T15:55:42.897+0000][1877.457s][info ][safepoint     ] Leaving safepoint region
[2023-11-05T15:55:42.898+0000][1877.457s][info ][safepoint     ] Total time for which application threads were stopped: 0.0009975 seconds, Stopping threads took: 0.0004445 seconds
[2023-11-05T15:55:43.898+0000][1878.457s][debug][safepoint     ] Safepoint synchronization initiated. (191 threads)
[2023-11-05T15:55:43.898+0000][1878.458s][info ][safepoint     ] Application time: 1.0004702 seconds
[2023-11-05T15:55:43.899+0000][1878.458s][info ][safepoint     ] Entering safepoint region: Cleanup
[2023-11-05T15:55:43.899+0000][1878.459s][info ][safepoint     ] Leaving safepoint region
[2023-11-05T15:55:43.900+0000][1878.459s][info ][safepoint     ] Total time for which application threads were stopped: 0.0008612 seconds, Stopping threads took: 0.0003183 seconds
[2023-11-05T15:55:44.901+0000][1879.460s][debug][safepoint     ] Safepoint synchronization initiated. (191 threads)
[2023-11-05T15:55:44.901+0000][1879.461s][info ][safepoint     ] Application time: 1.0007789 seconds
[2023-11-05T15:55:44.902+0000][1879.461s][info ][safepoint     ] Entering safepoint region: Cleanup
[2023-11-05T15:55:44.903+0000][1879.462s][info ][safepoint     ] Leaving safepoint region
[2023-11-05T15:55:44.903+0000][1879.462s][info ][safepoint     ] Total time for which application threads were stopped: 0.0014465 seconds, Stopping threads took: 0.0005750 seconds
[2023-11-05T15:55:45.904+0000][1880.463s][debug][safepoint     ] Safepoint synchronization initiated. (191 threads)
[2023-11-05T15:55:45.904+0000][1880.464s][info ][safepoint     ] Application time: 1.0006978 seconds
[2023-11-05T15:55:45.905+0000][1880.464s][info ][safepoint     ] Entering safepoint region: Cleanup
[2023-11-05T15:55:45.905+0000][1880.465s][info ][safepoint     ] Leaving safepoint region
[2023-11-05T15:55:45.907+0000][1880.466s][info ][safepoint     ] Total time for which application threads were stopped: 0.0018817 seconds, Stopping threads took: 0.0005775 seconds
[2023-11-05T15:55:46.908+0000][1881.467s][debug][safepoint     ] Safepoint synchronization initiated. (191 threads)
[2023-11-05T15:55:46.908+0000][1881.468s][info ][safepoint     ] Application time: 1.0006205 seconds
[2023-11-05T15:55:46.909+0000][1881.468s][info ][safepoint     ] Entering safepoint region: Cleanup
[2023-11-05T15:55:46.909+0000][1881.469s][info ][safepoint     ] Leaving safepoint region
[2023-11-05T15:55:46.910+0000][1881.469s][info ][safepoint     ] Total time for which application threads were stopped: 0.0008746 seconds, Stopping threads took: 0.0003606 seconds
[2023-11-05T15:55:47.910+0000][1882.470s][debug][safepoint     ] Safepoint synchronization initiated. (191 threads)
[2023-11-05T15:55:47.911+0000][1882.470s][info ][safepoint     ] Application time: 1.0011175 seconds
[2023-11-05T15:55:47.912+0000][1882.471s][info ][safepoint     ] Entering safepoint region: Cleanup
[2023-11-05T15:55:47.913+0000][1882.472s][info ][safepoint     ] Leaving safepoint region
[2023-11-05T15:55:47.913+0000][1882.473s][info ][safepoint     ] Total time for which application threads were stopped: 0.0016938 seconds, Stopping threads took: 0.0007388 seconds
[2023-11-05T15:55:48.914+0000][1883.474s][debug][safepoint     ] Safepoint synchronization initiated. (191 threads)
[2023-11-05T15:55:48.915+0000][1883.474s][info ][safepoint     ] Application time: 1.0008849 seconds
[2023-11-05T15:55:48.915+0000][1883.475s][info ][safepoint     ] Entering safepoint region: Cleanup
[2023-11-05T15:55:48.916+0000][1883.475s][info ][safepoint     ] Leaving safepoint region
[2023-11-05T15:55:48.916+0000][1883.476s][info ][safepoint     ] Total time for which application threads were stopped: 0.0011411 seconds, Stopping threads took: 0.0004788 seconds
[2023-11-05T15:55:49.917+0000][1884.477s][debug][safepoint     ] Safepoint synchronization initiated. (191 threads)
[2023-11-05T15:55:49.918+0000][1884.477s][info ][safepoint     ] Application time: 1.0008625 seconds
[2023-11-05T15:55:49.918+0000][1884.478s][info ][safepoint     ] Entering safepoint region: Cleanup
[2023-11-05T15:55:49.919+0000][1884.479s][info ][safepoint     ] Leaving safepoint region
[2023-11-05T15:55:49.920+0000][1884.479s][info ][safepoint     ] Total time for which application threads were stopped: 0.0011734 seconds, Stopping threads took: 0.0005634 seconds
[2023-11-05T15:55:50.920+0000][1885.480s][debug][safepoint     ] Safepoint synchronization initiated. (191 threads)
[2023-11-05T15:55:50.921+0000][1885.480s][info ][safepoint     ] Application time: 1.0008216 seconds
[2023-11-05T15:55:50.921+0000][1885.481s][info ][safepoint     ] Entering safepoint region: Cleanup
[2023-11-05T15:55:50.922+0000][1885.481s][info ][safepoint     ] Leaving safepoint region
[2023-11-05T15:55:50.923+0000][1885.482s][info ][safepoint     ] Total time for which application threads were stopped: 0.0013498 seconds, Stopping threads took: 0.0004683 seconds
[2023-11-05T15:55:51.923+0000][1886.483s][debug][safepoint     ] Safepoint synchronization initiated. (191 threads)
[2023-11-05T15:55:51.924+0000][1886.484s][info ][safepoint     ] Application time: 1.0009945 seconds
[2023-11-05T15:55:51.925+0000][1886.484s][info ][safepoint     ] Entering safepoint region: Cleanup
[2023-11-05T15:55:51.926+0000][1886.485s][info ][safepoint     ] Leaving safepoint region
[2023-11-05T15:55:51.926+0000][1886.486s][info ][safepoint     ] Total time for which application threads were stopped: 0.0013759 seconds, Stopping threads took: 0.0006469 seconds
[2023-11-05T15:55:52.927+0000][1887.487s][debug][safepoint     ] Safepoint synchronization initiated. (191 threads)
[2023-11-05T15:55:52.929+0000][1887.489s][info ][safepoint     ] Application time: 1.0024379 seconds
[2023-11-05T15:55:52.930+0000][1887.489s][info ][safepoint     ] Entering safepoint region: Cleanup
[2023-11-05T15:55:52.930+0000][1887.490s][info ][safepoint     ] Leaving safepoint region
[2023-11-05T15:55:52.931+0000][1887.490s][info ][safepoint     ] Total time for which application threads were stopped: 0.0015306 seconds, Stopping threads took: 0.0004642 seconds
[2023-11-05T15:55:53.931+0000][1888.491s][debug][safepoint     ] Safepoint synchronization initiated. (191 threads)
[2023-11-05T15:55:53.932+0000][1888.492s][info ][safepoint     ] Application time: 1.0006299 seconds
[2023-11-05T15:55:53.932+0000][1888.492s][info ][safepoint     ] Entering safepoint region: Cleanup
[2023-11-05T15:55:53.933+0000][1888.493s][info ][safepoint     ] Leaving safepoint region
[2023-11-05T15:55:53.933+0000][1888.493s][info ][safepoint     ] Total time for which application threads were stopped: 0.0012264 seconds, Stopping threads took: 0.0005382 seconds
[2023-11-05T15:55:54.934+0000][1889.494s][debug][safepoint     ] Safepoint synchronization initiated. (191 threads)
[2023-11-05T15:55:54.935+0000][1889.494s][info ][safepoint     ] Application time: 1.0009346 seconds
[2023-11-05T15:55:54.935+0000][1889.495s][info ][safepoint     ] Entering safepoint region: Cleanup
[2023-11-05T15:55:54.936+0000][1889.496s][info ][safepoint     ] Leaving safepoint region
[2023-11-05T15:55:54.937+0000][1889.497s][info ][safepoint     ] Total time for which application threads were stopped: 0.0013641 seconds, Stopping threads took: 0.0006293 seconds
[2023-11-05T15:55:55.937+0000][1890.497s][debug][safepoint     ] Safepoint synchronization initiated. (191 threads)
[2023-11-05T15:55:55.938+0000][1890.498s][info ][safepoint     ] Application time: 1.0006098 seconds
[2023-11-05T15:55:55.939+0000][1890.498s][info ][safepoint     ] Entering safepoint region: Cleanup
[2023-11-05T15:55:55.939+0000][1890.499s][info ][safepoint     ] Leaving safepoint region
[2023-11-05T15:55:55.940+0000][1890.500s][info ][safepoint     ] Total time for which application threads were stopped: 0.0015327 seconds, Stopping threads took: 0.0008885 seconds
[2023-11-05T15:55:56.940+0000][1891.500s][debug][safepoint     ] Safepoint synchronization initiated. (191 threads)
[2023-11-05T15:55:56.941+0000][1891.501s][info ][safepoint     ] Application time: 1.0008328 seconds
[2023-11-05T15:55:56.942+0000][1891.501s][info ][safepoint     ] Entering safepoint region: Cleanup
[2023-11-05T15:55:56.942+0000][1891.502s][info ][safepoint     ] Leaving safepoint region
[2023-11-05T15:55:56.943+0000][1891.503s][info ][safepoint     ] Total time for which application threads were stopped: 0.0013316 seconds, Stopping threads took: 0.0005728 seconds
[2023-11-05T15:55:57.943+0000][1892.503s][debug][safepoint     ] Safepoint synchronization initiated. (191 threads)
[2023-11-05T15:55:57.944+0000][1892.504s][info ][safepoint     ] Application time: 1.0007336 seconds
[2023-11-05T15:55:57.945+0000][1892.504s][info ][safepoint     ] Entering safepoint region: Cleanup
[2023-11-05T15:55:57.945+0000][1892.505s][info ][safepoint     ] Leaving safepoint region
[2023-11-05T15:55:57.946+0000][1892.506s][info ][safepoint     ] Total time for which application threads were stopped: 0.0011582 seconds, Stopping threads took: 0.0005050 seconds
[2023-11-05T15:55:58.947+0000][1893.506s][debug][safepoint     ] Safepoint synchronization initiated. (191 threads)
[2023-11-05T15:55:58.947+0000][1893.507s][info ][safepoint     ] Application time: 1.0008245 seconds
[2023-11-05T15:55:58.948+0000][1893.507s][info ][safepoint     ] Entering safepoint region: Cleanup
[2023-11-05T15:55:58.948+0000][1893.508s][info ][safepoint     ] Leaving safepoint region
[2023-11-05T15:55:58.949+0000][1893.509s][info ][safepoint     ] Total time for which application threads were stopped: 0.0012669 seconds, Stopping threads took: 0.0005310 seconds
[2023-11-05T15:55:59.949+0000][1894.509s][debug][safepoint     ] Safepoint synchronization initiated. (191 threads)
[2023-11-05T15:55:59.950+0000][1894.510s][info ][safepoint     ] Application time: 1.0005954 seconds
[2023-11-05T15:55:59.950+0000][1894.510s][info ][safepoint     ] Entering safepoint region: Cleanup
[2023-11-05T15:55:59.951+0000][1894.511s][info ][safepoint     ] Leaving safepoint region
[2023-11-05T15:55:59.952+0000][1894.511s][info ][safepoint     ] Total time for which application threads were stopped: 0.0012765 seconds, Stopping threads took: 0.0004846 seconds
[2023-11-05T15:56:00.259+0000][1894.819s][debug][safepoint     ] Safepoint synchronization initiated. (191 threads)
[2023-11-05T15:56:00.259+0000][1894.819s][info ][safepoint     ] Application time: 0.3072518 seconds
[2023-11-05T15:56:00.260+0000][1894.820s][info ][safepoint     ] Entering safepoint region: Deoptimize
[2023-11-05T15:56:00.265+0000][1894.824s][info ][safepoint     ] Leaving safepoint region
[2023-11-05T15:56:00.265+0000][1894.825s][info ][safepoint     ] Total time for which application threads were stopped: 0.0054029 seconds, Stopping threads took: 0.0004019 seconds
[2023-11-05T15:56:01.266+0000][1895.826s][debug][safepoint     ] Safepoint synchronization initiated. (191 threads)
[2023-11-05T15:56:01.266+0000][1895.826s][info ][safepoint     ] Application time: 1.0006999 seconds
[2023-11-05T15:56:01.267+0000][1895.827s][info ][safepoint     ] Entering safepoint region: Cleanup
[2023-11-05T15:56:01.268+0000][1895.827s][info ][safepoint     ] Leaving safepoint region
[2023-11-05T15:56:01.268+0000][1895.828s][info ][safepoint     ] Total time for which application threads were stopped: 0.0013475 seconds, Stopping threads took: 0.0004657 seconds
[2023-11-05T15:56:02.273+0000][1896.833s][debug][safepoint     ] Safepoint synchronization initiated. (191 threads)
[2023-11-05T15:56:02.274+0000][1896.834s][info ][safepoint     ] Application time: 1.0007444 seconds
[2023-11-05T15:56:02.274+0000][1896.834s][info ][safepoint     ] Entering safepoint region: Cleanup
[2023-11-05T15:56:02.275+0000][1896.835s][info ][safepoint     ] Leaving safepoint region
[2023-11-05T15:56:02.276+0000][1896.835s][info ][safepoint     ] Total time for which application threads were stopped: 0.0011521 seconds, Stopping threads took: 0.0004939 seconds
[2023-11-05T15:56:03.276+0000][1897.836s][debug][safepoint     ] Safepoint synchronization initiated. (191 threads)
[2023-11-05T15:56:03.276+0000][1897.836s][info ][safepoint     ] Application time: 1.0005083 seconds
[2023-11-05T15:56:03.277+0000][1897.836s][info ][safepoint     ] Entering safepoint region: Cleanup
[2023-11-05T15:56:03.277+0000][1897.837s][info ][safepoint     ] Leaving safepoint region
[2023-11-05T15:56:03.278+0000][1897.837s][info ][safepoint     ] Total time for which application threads were stopped: 0.0008725 seconds, Stopping threads took: 0.0003268 seconds
[2023-11-05T15:56:04.278+0000][1898.838s][debug][safepoint     ] Safepoint synchronization initiated. (191 threads)
[2023-11-05T15:56:04.279+0000][1898.838s][info ][safepoint     ] Application time: 1.0007691 seconds
[2023-11-05T15:56:04.279+0000][1898.839s][info ][safepoint     ] Entering safepoint region: Cleanup
[2023-11-05T15:56:04.280+0000][1898.840s][info ][safepoint     ] Leaving safepoint region
[2023-11-05T15:56:04.280+0000][1898.840s][info ][safepoint     ] Total time for which application threads were stopped: 0.0011888 seconds, Stopping threads took: 0.0005446 seconds
[2023-11-05T15:56:05.281+0000][1899.841s][debug][safepoint     ] Safepoint synchronization initiated. (191 threads)
[2023-11-05T15:56:05.282+0000][1899.842s][info ][safepoint     ] Application time: 1.0009334 seconds
[2023-11-05T15:56:05.282+0000][1899.842s][info ][safepoint     ] Entering safepoint region: Cleanup
[2023-11-05T15:56:05.283+0000][1899.843s][info ][safepoint     ] Leaving safepoint region
[2023-11-05T15:56:05.284+0000][1899.843s][info ][safepoint     ] Total time for which application threads were stopped: 0.0013313 seconds, Stopping threads took: 0.0005932 seconds
[2023-11-05T15:56:06.284+0000][1900.844s][debug][safepoint     ] Safepoint synchronization initiated. (191 threads)
[2023-11-05T15:56:06.285+0000][1900.845s][info ][safepoint     ] Application time: 1.0006332 seconds
[2023-11-05T15:56:06.285+0000][1900.845s][info ][safepoint     ] Entering safepoint region: Cleanup
[2023-11-05T15:56:06.286+0000][1900.846s][info ][safepoint     ] Leaving safepoint region
[2023-11-05T15:56:06.286+0000][1900.846s][info ][safepoint     ] Total time for which application threads were stopped: 0.0013149 seconds, Stopping threads took: 0.0005551 seconds
[2023-11-05T15:56:07.287+0000][1901.847s][debug][safepoint     ] Safepoint synchronization initiated. (191 threads)
[2023-11-05T15:56:07.288+0000][1901.848s][info ][safepoint     ] Application time: 1.0008529 seconds
[2023-11-05T15:56:07.288+0000][1901.848s][info ][safepoint     ] Entering safepoint region: Cleanup
[2023-11-05T15:56:07.289+0000][1901.849s][info ][safepoint     ] Leaving safepoint region
[2023-11-05T15:56:07.290+0000][1901.849s][info ][safepoint     ] Total time for which application threads were stopped: 0.0012462 seconds, Stopping threads took: 0.0005483 seconds
[2023-11-05T15:56:08.290+0000][1902.850s][debug][safepoint     ] Safepoint synchronization initiated. (191 threads)
[2023-11-05T15:56:08.291+0000][1902.850s][info ][safepoint     ] Application time: 1.0006766 seconds
[2023-11-05T15:56:08.291+0000][1902.851s][info ][safepoint     ] Entering safepoint region: Cleanup
[2023-11-05T15:56:08.292+0000][1902.851s][info ][safepoint     ] Leaving safepoint region
[2023-11-05T15:56:08.292+0000][1902.852s][info ][safepoint     ] Total time for which application threads were stopped: 0.0010731 seconds, Stopping threads took: 0.0004733 seconds
[2023-11-05T15:56:09.293+0000][1903.852s][debug][safepoint     ] Safepoint synchronization initiated. (191 threads)
[2023-11-05T15:56:09.293+0000][1903.853s][info ][safepoint     ] Application time: 1.0008325 seconds
[2023-11-05T15:56:09.294+0000][1903.854s][info ][safepoint     ] Entering safepoint region: Cleanup
[2023-11-05T15:56:09.295+0000][1903.855s][info ][safepoint     ] Leaving safepoint region
[2023-11-05T15:56:09.295+0000][1903.855s][info ][safepoint     ] Total time for which application threads were stopped: 0.0013476 seconds, Stopping threads took: 0.0005962 seconds
[2023-11-05T15:56:10.296+0000][1904.856s][debug][safepoint     ] Safepoint synchronization initiated. (191 threads)
[2023-11-05T15:56:10.297+0000][1904.856s][info ][safepoint     ] Application time: 1.0007176 seconds
[2023-11-05T15:56:10.297+0000][1904.857s][info ][safepoint     ] Entering safepoint region: Cleanup
[2023-11-05T15:56:10.298+0000][1904.858s][info ][safepoint     ] Leaving safepoint region
[2023-11-05T15:56:10.299+0000][1904.858s][info ][safepoint     ] Total time for which application threads were stopped: 0.0013072 seconds, Stopping threads took: 0.0005606 seconds
[2023-11-05T15:56:10.298+0000][1904.858s][debug][safepoint     ] ... found polling page return exception at pc = 0x00007f808d32eb44, stub =0x00007f8084840600
[2023-11-05T15:56:11.299+0000][1905.859s][debug][safepoint     ] Safepoint synchronization initiated. (191 threads)
[2023-11-05T15:56:11.300+0000][1905.860s][info ][safepoint     ] Application time: 1.0008832 seconds
[2023-11-05T15:56:11.301+0000][1905.860s][info ][safepoint     ] Entering safepoint region: Cleanup
[2023-11-05T15:56:11.301+0000][1905.861s][info ][safepoint     ] Leaving safepoint region
[2023-11-05T15:56:11.302+0000][1905.861s][info ][safepoint     ] Total time for which application threads were stopped: 0.0012461 seconds, Stopping threads took: 0.0005649 seconds
[2023-11-05T15:56:12.302+0000][1906.862s][debug][safepoint     ] Safepoint synchronization initiated. (191 threads)
[2023-11-05T15:56:12.303+0000][1906.863s][info ][safepoint     ] Application time: 1.0006401 seconds
[2023-11-05T15:56:12.303+0000][1906.863s][info ][safepoint     ] Entering safepoint region: Cleanup
[2023-11-05T15:56:12.304+0000][1906.864s][info ][safepoint     ] Leaving safepoint region
[2023-11-05T15:56:12.304+0000][1906.864s][info ][safepoint     ] Total time for which application threads were stopped: 0.0011514 seconds, Stopping threads took: 0.0004918 seconds
[2023-11-05T15:56:13.305+0000][1907.865s][debug][safepoint     ] Safepoint synchronization initiated. (191 threads)
[2023-11-05T15:56:13.306+0000][1907.865s][info ][safepoint     ] Application time: 1.0006122 seconds
[2023-11-05T15:56:13.306+0000][1907.866s][info ][safepoint     ] Entering safepoint region: Cleanup
[2023-11-05T15:56:13.307+0000][1907.867s][info ][safepoint     ] Leaving safepoint region
[2023-11-05T15:56:13.307+0000][1907.867s][info ][safepoint     ] Total time for which application threads were stopped: 0.0013954 seconds, Stopping threads took: 0.0006097 seconds
[2023-11-05T15:56:14.308+0000][1908.868s][debug][safepoint     ] Safepoint synchronization initiated. (191 threads)
[2023-11-05T15:56:14.309+0000][1908.869s][info ][safepoint     ] Application time: 1.0013124 seconds
[2023-11-05T15:56:14.310+0000][1908.870s][info ][safepoint     ] Entering safepoint region: Cleanup
[2023-11-05T15:56:14.311+0000][1908.871s][info ][safepoint     ] Leaving safepoint region
[2023-11-05T15:56:14.312+0000][1908.872s][info ][safepoint     ] Total time for which application threads were stopped: 0.0017381 seconds, Stopping threads took: 0.0007771 seconds
[2023-11-05T15:56:15.313+0000][1909.873s][debug][safepoint     ] Safepoint synchronization initiated. (191 threads)
[2023-11-05T15:56:15.314+0000][1909.874s][info ][safepoint     ] Application time: 1.0014324 seconds
[2023-11-05T15:56:15.315+0000][1909.875s][debug][safepoint     ] ... found polling page return exception at pc = 0x00007f808d44a4a8, stub =0x00007f8084840600
[2023-11-05T15:56:15.316+0000][1909.876s][debug][safepoint     ] Waiting for 1 thread(s) to block
[2023-11-05T15:56:15.318+0000][1909.877s][info ][safepoint     ] Entering safepoint region: Cleanup
[2023-11-05T15:56:15.319+0000][1909.879s][info ][safepoint     ] Leaving safepoint region
[2023-11-05T15:56:15.320+0000][1909.879s][info ][safepoint     ] Total time for which application threads were stopped: 0.0041330 seconds, Stopping threads took: 0.0030816 seconds
[2023-11-05T15:56:16.321+0000][1910.880s][debug][safepoint     ] Safepoint synchronization initiated. (191 threads)
[2023-11-05T15:56:16.322+0000][1910.882s][info ][safepoint     ] Application time: 1.0015064 seconds
[2023-11-05T15:56:16.323+0000][1910.883s][info ][safepoint     ] Entering safepoint region: Cleanup
[2023-11-05T15:56:16.324+0000][1910.884s][info ][safepoint     ] Leaving safepoint region
[2023-11-05T15:56:16.325+0000][1910.885s][info ][safepoint     ] Total time for which application threads were stopped: 0.0020403 seconds, Stopping threads took: 0.0009035 seconds
[2023-11-05T15:56:17.326+0000][1911.886s][debug][safepoint     ] Safepoint synchronization initiated. (191 threads)
[2023-11-05T15:56:17.327+0000][1911.887s][info ][safepoint     ] Application time: 1.0008959 seconds
[2023-11-05T15:56:17.328+0000][1911.887s][info ][safepoint     ] Entering safepoint region: Cleanup
[2023-11-05T15:56:17.328+0000][1911.888s][info ][safepoint     ] Leaving safepoint region
[2023-11-05T15:56:17.329+0000][1911.888s][info ][safepoint     ] Total time for which application threads were stopped: 0.0012529 seconds, Stopping threads took: 0.0005689 seconds
[2023-11-05T15:56:18.329+0000][1912.889s][debug][safepoint     ] Safepoint synchronization initiated. (191 threads)
[2023-11-05T15:56:18.330+0000][1912.890s][info ][safepoint     ] Application time: 1.0006429 seconds
[2023-11-05T15:56:18.330+0000][1912.890s][info ][safepoint     ] Entering safepoint region: Cleanup
[2023-11-05T15:56:18.331+0000][1912.891s][info ][safepoint     ] Leaving safepoint region
[2023-11-05T15:56:18.331+0000][1912.891s][info ][safepoint     ] Total time for which application threads were stopped: 0.0011413 seconds, Stopping threads took: 0.0005263 seconds
[2023-11-05T15:56:19.332+0000][1913.892s][debug][safepoint     ] Safepoint synchronization initiated. (191 threads)
[2023-11-05T15:56:19.333+0000][1913.893s][info ][safepoint     ] Application time: 1.0013533 seconds
[2023-11-05T15:56:19.334+0000][1913.894s][info ][safepoint     ] Entering safepoint region: Cleanup
[2023-11-05T15:56:19.335+0000][1913.895s][info ][safepoint     ] Leaving safepoint region
[2023-11-05T15:56:19.336+0000][1913.895s][info ][safepoint     ] Total time for which application threads were stopped: 0.0018388 seconds, Stopping threads took: 0.0008452 seconds
[2023-11-05T15:56:20.337+0000][1914.896s][debug][safepoint     ] Safepoint synchronization initiated. (191 threads)
[2023-11-05T15:56:20.337+0000][1914.897s][info ][safepoint     ] Application time: 1.0008079 seconds
[2023-11-05T15:56:20.338+0000][1914.898s][info ][safepoint     ] Entering safepoint region: Cleanup
[2023-11-05T15:56:20.339+0000][1914.898s][info ][safepoint     ] Leaving safepoint region
[2023-11-05T15:56:20.339+0000][1914.899s][info ][safepoint     ] Total time for which application threads were stopped: 0.0012721 seconds, Stopping threads took: 0.0005915 seconds
[2023-11-05T15:56:20.339+0000][1914.898s][debug][safepoint     ] ... found polling page return exception at pc = 0x00007f808d32eb44, stub =0x00007f8084840600
[2023-11-05T15:56:20.339+0000][1914.898s][debug][safepoint     ] ... found polling page return exception at pc = 0x00007f808d32eb44, stub =0x00007f8084840600
[2023-11-05T15:56:20.339+0000][1914.898s][debug][safepoint     ] ... found polling page return exception at pc = 0x00007f808d32eb44, stub =0x00007f8084840600
[2023-11-05T15:56:21.340+0000][1915.899s][debug][safepoint     ] Safepoint synchronization initiated. (191 threads)
[2023-11-05T15:56:21.340+0000][1915.900s][info ][safepoint     ] Application time: 1.0008897 seconds
[2023-11-05T15:56:21.341+0000][1915.901s][info ][safepoint     ] Entering safepoint region: Cleanup
[2023-11-05T15:56:21.342+0000][1915.902s][info ][safepoint     ] Leaving safepoint region
[2023-11-05T15:56:21.343+0000][1915.902s][info ][safepoint     ] Total time for which application threads were stopped: 0.0016951 seconds, Stopping threads took: 0.0006582 seconds
[2023-11-05T15:56:22.343+0000][1916.903s][debug][safepoint     ] Safepoint synchronization initiated. (191 threads)
[2023-11-05T15:56:22.344+0000][1916.904s][info ][safepoint     ] Application time: 1.0008831 seconds
[2023-11-05T15:56:22.345+0000][1916.905s][info ][safepoint     ] Entering safepoint region: Cleanup
[2023-11-05T15:56:22.346+0000][1916.906s][info ][safepoint     ] Leaving safepoint region
[2023-11-05T15:56:22.347+0000][1916.907s][info ][safepoint     ] Total time for which application threads were stopped: 0.0021003 seconds, Stopping threads took: 0.0009300 seconds
[2023-11-05T15:56:23.348+0000][1917.908s][debug][safepoint     ] Safepoint synchronization initiated. (191 threads)
[2023-11-05T15:56:23.349+0000][1917.909s][info ][safepoint     ] Application time: 1.0014506 seconds
[2023-11-05T15:56:23.350+0000][1917.910s][info ][safepoint     ] Entering safepoint region: Cleanup
[2023-11-05T15:56:23.352+0000][1917.912s][info ][safepoint     ] Leaving safepoint region
[2023-11-05T15:56:23.353+0000][1917.912s][info ][safepoint     ] Total time for which application threads were stopped: 0.0024719 seconds, Stopping threads took: 0.0011045 seconds
[2023-11-05T15:56:24.354+0000][1918.914s][debug][safepoint     ] Safepoint synchronization initiated. (191 threads)
[2023-11-05T15:56:24.355+0000][1918.914s][info ][safepoint     ] Application time: 1.0007421 seconds
[2023-11-05T15:56:24.355+0000][1918.915s][info ][safepoint     ] Entering safepoint region: Cleanup
[2023-11-05T15:56:24.356+0000][1918.916s][info ][safepoint     ] Leaving safepoint region
[2023-11-05T15:56:24.356+0000][1918.916s][info ][safepoint     ] Total time for which application threads were stopped: 0.0012251 seconds, Stopping threads took: 0.0005431 seconds
[2023-11-05T15:56:25.357+0000][1919.917s][debug][safepoint     ] Safepoint synchronization initiated. (191 threads)
[2023-11-05T15:56:25.357+0000][1919.917s][info ][safepoint     ] Application time: 1.0008077 seconds
[2023-11-05T15:56:25.358+0000][1919.918s][info ][safepoint     ] Entering safepoint region: Cleanup
[2023-11-05T15:56:25.359+0000][1919.919s][info ][safepoint     ] Leaving safepoint region
[2023-11-05T15:56:25.359+0000][1919.919s][info ][safepoint     ] Total time for which application threads were stopped: 0.0013256 seconds, Stopping threads took: 0.0005348 seconds
[2023-11-05T15:56:26.360+0000][1920.920s][debug][safepoint     ] Safepoint synchronization initiated. (191 threads)
[2023-11-05T15:56:26.361+0000][1920.921s][info ][safepoint     ] Application time: 1.0008522 seconds
[2023-11-05T15:56:26.362+0000][1920.921s][info ][safepoint     ] Entering safepoint region: Cleanup
[2023-11-05T15:56:26.362+0000][1920.922s][info ][safepoint     ] Leaving safepoint region
[2023-11-05T15:56:26.363+0000][1920.923s][info ][safepoint     ] Total time for which application threads were stopped: 0.0015213 seconds, Stopping threads took: 0.0005862 seconds
[2023-11-05T15:56:27.364+0000][1921.924s][debug][safepoint     ] Safepoint synchronization initiated. (191 threads)
[2023-11-05T15:56:27.364+0000][1921.924s][info ][safepoint     ] Application time: 1.0009109 seconds
[2023-11-05T15:56:27.365+0000][1921.925s][info ][safepoint     ] Entering safepoint region: Cleanup
[2023-11-05T15:56:27.366+0000][1921.926s][info ][safepoint     ] Leaving safepoint region
[2023-11-05T15:56:27.366+0000][1921.926s][info ][safepoint     ] Total time for which application threads were stopped: 0.0011417 seconds, Stopping threads took: 0.0005184 seconds
[2023-11-05T15:56:28.367+0000][1922.927s][debug][safepoint     ] Safepoint synchronization initiated. (191 threads)
[2023-11-05T15:56:28.368+0000][1922.928s][info ][safepoint     ] Application time: 1.0014783 seconds
[2023-11-05T15:56:28.369+0000][1922.929s][info ][safepoint     ] Entering safepoint region: Cleanup
[2023-11-05T15:56:28.370+0000][1922.930s][info ][safepoint     ] Leaving safepoint region
[2023-11-05T15:56:28.371+0000][1922.931s][info ][safepoint     ] Total time for which application threads were stopped: 0.0021266 seconds, Stopping threads took: 0.0010023 seconds
[2023-11-05T15:56:29.372+0000][1923.932s][debug][safepoint     ] Safepoint synchronization initiated. (191 threads)
[2023-11-05T15:56:29.373+0000][1923.933s][info ][safepoint     ] Application time: 1.0016131 seconds
[2023-11-05T15:56:29.375+0000][1923.934s][info ][safepoint     ] Entering safepoint region: Cleanup
[2023-11-05T15:56:29.376+0000][1923.936s][info ][safepoint     ] Leaving safepoint region
[2023-11-05T15:56:29.377+0000][1923.937s][info ][safepoint     ] Total time for which application threads were stopped: 0.0022347 seconds, Stopping threads took: 0.0009911 seconds
[2023-11-05T15:56:30.378+0000][1924.938s][debug][safepoint     ] Safepoint synchronization initiated. (191 threads)
[2023-11-05T15:56:30.379+0000][1924.939s][info ][safepoint     ] Application time: 1.0017318 seconds
[2023-11-05T15:56:30.380+0000][1924.940s][info ][safepoint     ] Entering safepoint region: Cleanup
[2023-11-05T15:56:30.382+0000][1924.942s][info ][safepoint     ] Leaving safepoint region
[2023-11-05T15:56:30.383+0000][1924.943s][info ][safepoint     ] Total time for which application threads were stopped: 0.0026027 seconds, Stopping threads took: 0.0011308 seconds
[2023-11-05T15:56:31.384+0000][1925.944s][debug][safepoint     ] Safepoint synchronization initiated. (191 threads)
[2023-11-05T15:56:31.385+0000][1925.945s][info ][safepoint     ] Application time: 1.0016931 seconds
[2023-11-05T15:56:31.387+0000][1925.946s][info ][safepoint     ] Entering safepoint region: Cleanup
[2023-11-05T15:56:31.387+0000][1925.947s][info ][safepoint     ] Leaving safepoint region
[2023-11-05T15:56:31.388+0000][1925.947s][info ][safepoint     ] Total time for which application threads were stopped: 0.0011124 seconds, Stopping threads took: 0.0004606 seconds
[2023-11-05T15:56:32.388+0000][1926.948s][debug][safepoint     ] Safepoint synchronization initiated. (191 threads)
[2023-11-05T15:56:32.389+0000][1926.949s][info ][safepoint     ] Application time: 1.0008430 seconds
[2023-11-05T15:56:32.389+0000][1926.949s][info ][safepoint     ] Entering safepoint region: Cleanup
[2023-11-05T15:56:32.390+0000][1926.950s][info ][safepoint     ] Leaving safepoint region
[2023-11-05T15:56:32.391+0000][1926.951s][info ][safepoint     ] Total time for which application threads were stopped: 0.0013544 seconds, Stopping threads took: 0.0006395 seconds
[2023-11-05T15:56:33.391+0000][1927.951s][debug][safepoint     ] Safepoint synchronization initiated. (191 threads)
[2023-11-05T15:56:33.392+0000][1927.952s][info ][safepoint     ] Application time: 1.0005167 seconds
[2023-11-05T15:56:33.392+0000][1927.952s][info ][safepoint     ] Entering safepoint region: Cleanup
[2023-11-05T15:56:33.393+0000][1927.953s][info ][safepoint     ] Leaving safepoint region
[2023-11-05T15:56:33.393+0000][1927.953s][info ][safepoint     ] Total time for which application threads were stopped: 0.0009207 seconds, Stopping threads took: 0.0003810 seconds
[2023-11-05T15:56:34.205+0000][1928.765s][debug][safepoint     ] Safepoint synchronization initiated. (191 threads)
[2023-11-05T15:56:34.206+0000][1928.766s][info ][safepoint     ] Application time: 0.8127707 seconds
[2023-11-05T15:56:34.207+0000][1928.767s][info ][safepoint     ] Entering safepoint region: G1CollectForAllocation
[2023-11-05T15:56:34.208+0000][1928.768s][info ][gc,start      ] GC(97) Pause Young (Concurrent Start) (G1 Evacuation Pause)
[2023-11-05T15:56:34.208+0000][1928.768s][info ][gc,task       ] GC(97) Using 8 workers of 8 for evacuation
[2023-11-05T15:56:34.217+0000][1928.776s][info ][gc,phases     ] GC(97)   Pre Evacuate Collection Set: 1.3ms
[2023-11-05T15:56:34.217+0000][1928.777s][info ][gc,phases     ] GC(97)   Evacuate Collection Set: 3.2ms
[2023-11-05T15:56:34.218+0000][1928.778s][info ][gc,phases     ] GC(97)   Post Evacuate Collection Set: 3.3ms
[2023-11-05T15:56:34.218+0000][1928.778s][info ][gc,phases     ] GC(97)   Other: 1.0ms
[2023-11-05T15:56:34.219+0000][1928.779s][info ][gc,heap       ] GC(97) Eden regions: 109->0(109)
[2023-11-05T15:56:34.219+0000][1928.779s][info ][gc,heap       ] GC(97) Survivor regions: 2->2(14)
[2023-11-05T15:56:34.219+0000][1928.779s][info ][gc,heap       ] GC(97) Old regions: 160->160
[2023-11-05T15:56:34.220+0000][1928.780s][info ][gc,heap       ] GC(97) Humongous regions: 60->60
[2023-11-05T15:56:34.220+0000][1928.780s][info ][gc,metaspace  ] GC(97) Metaspace: 169659K(175164K)->169659K(175164K) NonClass: 150058K(153448K)->150058K(153448K) Class: 19600K(21716K)->19600K(21716K)
[2023-11-05T15:56:34.221+0000][1928.781s][info ][gc            ] GC(97) Pause Young (Concurrent Start) (G1 Evacuation Pause) 328M->219M(381M) 12.879ms
[2023-11-05T15:56:34.221+0000][1928.781s][info ][gc,cpu        ] GC(97) User=0.02s Sys=0.01s Real=0.02s
[2023-11-05T15:56:34.222+0000][1928.782s][info ][gc            ] GC(98) Concurrent Cycle
[2023-11-05T15:56:34.222+0000][1928.782s][info ][safepoint     ] Leaving safepoint region
[2023-11-05T15:56:34.224+0000][1928.784s][info ][safepoint     ] Total time for which application threads were stopped: 0.0175204 seconds, Stopping threads took: 0.0008118 seconds
[2023-11-05T15:56:34.223+0000][1928.783s][info ][gc,marking    ] GC(98) Concurrent Clear Claimed Marks
[2023-11-05T15:56:34.225+0000][1928.785s][info ][gc,stringdedup] Concurrent String Deduplication (1928.785s)
[2023-11-05T15:56:34.226+0000][1928.786s][info ][gc,stringdedup] Concurrent String Deduplication 96.0B->0.0B(96.0B) avg 54.3% (1928.785s, 1928.786s) 0.889ms
[2023-11-05T15:56:34.227+0000][1928.787s][info ][gc,marking    ] GC(98) Concurrent Clear Claimed Marks 4.252ms
[2023-11-05T15:56:34.228+0000][1928.788s][info ][gc,marking    ] GC(98) Concurrent Scan Root Regions
[2023-11-05T15:56:34.232+0000][1928.792s][info ][gc,marking    ] GC(98) Concurrent Scan Root Regions 4.460ms
[2023-11-05T15:56:34.233+0000][1928.793s][info ][gc,marking    ] GC(98) Concurrent Mark (1928.793s)
[2023-11-05T15:56:34.233+0000][1928.793s][info ][gc,marking    ] GC(98) Concurrent Mark From Roots
[2023-11-05T15:56:34.234+0000][1928.794s][info ][gc,task       ] GC(98) Using 2 workers of 2 for marking
[2023-11-05T15:56:34.477+0000][1929.037s][info ][gc,marking    ] GC(98) Concurrent Mark From Roots 244.183ms
[2023-11-05T15:56:34.478+0000][1929.038s][info ][gc,marking    ] GC(98) Concurrent Preclean
[2023-11-05T15:56:34.481+0000][1929.041s][info ][gc,marking    ] GC(98) Concurrent Preclean 2.480ms
[2023-11-05T15:56:34.482+0000][1929.042s][info ][gc,marking    ] GC(98) Concurrent Mark (1928.793s, 1929.042s) 249.045ms
[2023-11-05T15:56:34.482+0000][1929.042s][debug][safepoint     ] Safepoint synchronization initiated. (191 threads)
[2023-11-05T15:56:34.483+0000][1929.043s][info ][safepoint     ] Application time: 0.2575896 seconds
[2023-11-05T15:56:34.483+0000][1929.043s][info ][safepoint     ] Entering safepoint region: CGC_Operation
[2023-11-05T15:56:34.484+0000][1929.044s][info ][gc,start      ] GC(98) Pause Remark
[2023-11-05T15:56:34.550+0000][1929.110s][info ][gc,stringtable] GC(98) Cleaned string and symbol table, strings: 83913 processed, 12145 removed, symbols: 410157 processed, 0 removed
[2023-11-05T15:56:34.554+0000][1929.114s][info ][gc            ] GC(98) Pause Remark 221M->221M(381M) 70.002ms
[2023-11-05T15:56:34.555+0000][1929.114s][info ][gc,cpu        ] GC(98) User=0.41s Sys=0.00s Real=0.07s
[2023-11-05T15:56:34.555+0000][1929.115s][info ][safepoint     ] Leaving safepoint region
[2023-11-05T15:56:34.555+0000][1929.115s][info ][safepoint     ] Total time for which application threads were stopped: 0.0718109 seconds, Stopping threads took: 0.0004457 seconds
[2023-11-05T15:56:34.556+0000][1929.115s][info ][gc,marking    ] GC(98) Concurrent Rebuild Remembered Sets
[2023-11-05T15:56:34.633+0000][1929.193s][info ][gc,marking    ] GC(98) Concurrent Rebuild Remembered Sets 77.238ms
[2023-11-05T15:56:34.633+0000][1929.193s][debug][safepoint     ] Safepoint synchronization initiated. (191 threads)
[2023-11-05T15:56:34.634+0000][1929.194s][info ][safepoint     ] Application time: 0.0783318 seconds
[2023-11-05T15:56:34.634+0000][1929.194s][info ][safepoint     ] Entering safepoint region: CGC_Operation
[2023-11-05T15:56:34.635+0000][1929.195s][info ][gc,start      ] GC(98) Pause Cleanup
[2023-11-05T15:56:34.635+0000][1929.195s][info ][gc            ] GC(98) Pause Cleanup 221M->221M(381M) 0.690ms
[2023-11-05T15:56:34.636+0000][1929.196s][info ][gc,cpu        ] GC(98) User=0.01s Sys=0.00s Real=0.00s
[2023-11-05T15:56:34.636+0000][1929.196s][info ][safepoint     ] Leaving safepoint region
[2023-11-05T15:56:34.636+0000][1929.196s][info ][safepoint     ] Total time for which application threads were stopped: 0.0023298 seconds, Stopping threads took: 0.0003775 seconds
[2023-11-05T15:56:34.637+0000][1929.197s][info ][gc,marking    ] GC(98) Concurrent Cleanup for Next Mark
[2023-11-05T15:56:34.638+0000][1929.197s][info ][gc,marking    ] GC(98) Concurrent Cleanup for Next Mark 0.763ms
[2023-11-05T15:56:34.638+0000][1929.198s][info ][gc            ] GC(98) Concurrent Cycle 415.967ms
[2023-11-05T15:56:35.637+0000][1930.197s][debug][safepoint     ] Safepoint synchronization initiated. (191 threads)
[2023-11-05T15:56:35.638+0000][1930.198s][info ][safepoint     ] Application time: 1.0015800 seconds
[2023-11-05T15:56:35.639+0000][1930.199s][info ][safepoint     ] Entering safepoint region: Cleanup
[2023-11-05T15:56:35.641+0000][1930.201s][info ][safepoint     ] Leaving safepoint region
[2023-11-05T15:56:35.642+0000][1930.202s][info ][safepoint     ] Total time for which application threads were stopped: 0.0022327 seconds, Stopping threads took: 0.0010353 seconds
[2023-11-05T15:56:36.643+0000][1931.203s][debug][safepoint     ] Safepoint synchronization initiated. (191 threads)
[2023-11-05T15:56:36.644+0000][1931.204s][info ][safepoint     ] Application time: 1.0017267 seconds
[2023-11-05T15:56:36.645+0000][1931.205s][info ][safepoint     ] Entering safepoint region: Cleanup
[2023-11-05T15:56:36.647+0000][1931.207s][info ][safepoint     ] Leaving safepoint region
[2023-11-05T15:56:36.648+0000][1931.208s][info ][safepoint     ] Total time for which application threads were stopped: 0.0023590 seconds, Stopping threads took: 0.0011218 seconds
[2023-11-05T15:56:37.649+0000][1932.208s][debug][safepoint     ] Safepoint synchronization initiated. (191 threads)
[2023-11-05T15:56:37.649+0000][1932.209s][info ][safepoint     ] Application time: 1.0008600 seconds
[2023-11-05T15:56:37.650+0000][1932.210s][info ][safepoint     ] Entering safepoint region: Cleanup
[2023-11-05T15:56:37.651+0000][1932.211s][info ][safepoint     ] Leaving safepoint region
[2023-11-05T15:56:37.652+0000][1932.212s][info ][safepoint     ] Total time for which application threads were stopped: 0.0023473 seconds, Stopping threads took: 0.0005753 seconds
[2023-11-05T15:56:38.653+0000][1933.213s][debug][safepoint     ] Safepoint synchronization initiated. (191 threads)
[2023-11-05T15:56:38.654+0000][1933.214s][info ][safepoint     ] Application time: 1.0012936 seconds
[2023-11-05T15:56:38.655+0000][1933.215s][info ][safepoint     ] Entering safepoint region: Cleanup
[2023-11-05T15:56:38.657+0000][1933.217s][info ][safepoint     ] Leaving safepoint region
[2023-11-05T15:56:38.658+0000][1933.218s][info ][safepoint     ] Total time for which application threads were stopped: 0.0024428 seconds, Stopping threads took: 0.0010767 seconds
[2023-11-05T15:56:39.659+0000][1934.219s][debug][safepoint     ] Safepoint synchronization initiated. (191 threads)
[2023-11-05T15:56:39.660+0000][1934.220s][info ][safepoint     ] Application time: 1.0009684 seconds
[2023-11-05T15:56:39.660+0000][1934.220s][info ][safepoint     ] Entering safepoint region: Cleanup
[2023-11-05T15:56:39.661+0000][1934.221s][info ][safepoint     ] Leaving safepoint region
[2023-11-05T15:56:39.662+0000][1934.221s][info ][safepoint     ] Total time for which application threads were stopped: 0.0013723 seconds, Stopping threads took: 0.0005588 seconds
[2023-11-05T15:56:40.662+0000][1935.222s][debug][safepoint     ] Safepoint synchronization initiated. (191 threads)
[2023-11-05T15:56:40.663+0000][1935.223s][info ][safepoint     ] Application time: 1.0013413 seconds
[2023-11-05T15:56:40.664+0000][1935.224s][info ][safepoint     ] Entering safepoint region: Cleanup
[2023-11-05T15:56:40.666+0000][1935.226s][info ][safepoint     ] Leaving safepoint region
[2023-11-05T15:56:40.667+0000][1935.227s][info ][safepoint     ] Total time for which application threads were stopped: 0.0024950 seconds, Stopping threads took: 0.0011502 seconds
[2023-11-05T15:56:41.668+0000][1936.228s][debug][safepoint     ] Safepoint synchronization initiated. (191 threads)
[2023-11-05T15:56:41.669+0000][1936.229s][info ][safepoint     ] Application time: 1.0016998 seconds
[2023-11-05T15:56:41.671+0000][1936.230s][info ][safepoint     ] Entering safepoint region: Cleanup
[2023-11-05T15:56:41.672+0000][1936.232s][info ][safepoint     ] Leaving safepoint region
[2023-11-05T15:56:41.673+0000][1936.233s][info ][safepoint     ] Total time for which application threads were stopped: 0.0027504 seconds, Stopping threads took: 0.0012526 seconds
[2023-11-05T15:56:42.674+0000][1937.234s][debug][safepoint     ] Safepoint synchronization initiated. (191 threads)
[2023-11-05T15:56:42.676+0000][1937.235s][info ][safepoint     ] Application time: 1.0014749 seconds
[2023-11-05T15:56:42.677+0000][1937.237s][info ][safepoint     ] Entering safepoint region: Cleanup
[2023-11-05T15:56:42.678+0000][1937.238s][info ][safepoint     ] Leaving safepoint region
[2023-11-05T15:56:42.679+0000][1937.239s][info ][safepoint     ] Total time for which application threads were stopped: 0.0026080 seconds, Stopping threads took: 0.0011571 seconds
[2023-11-05T15:56:43.680+0000][1938.240s][debug][safepoint     ] Safepoint synchronization initiated. (191 threads)
[2023-11-05T15:56:43.682+0000][1938.242s][info ][safepoint     ] Application time: 1.0015463 seconds
[2023-11-05T15:56:43.683+0000][1938.243s][info ][safepoint     ] Entering safepoint region: Cleanup
[2023-11-05T15:56:43.685+0000][1938.244s][info ][safepoint     ] Leaving safepoint region
[2023-11-05T15:56:43.686+0000][1938.245s][info ][safepoint     ] Total time for which application threads were stopped: 0.0023332 seconds, Stopping threads took: 0.0010237 seconds
[2023-11-05T15:56:44.687+0000][1939.247s][debug][safepoint     ] Safepoint synchronization initiated. (191 threads)
[2023-11-05T15:56:44.688+0000][1939.248s][info ][safepoint     ] Application time: 1.0015365 seconds
[2023-11-05T15:56:44.689+0000][1939.249s][info ][safepoint     ] Entering safepoint region: Cleanup
[2023-11-05T15:56:44.691+0000][1939.251s][info ][safepoint     ] Leaving safepoint region
[2023-11-05T15:56:44.692+0000][1939.252s][info ][safepoint     ] Total time for which application threads were stopped: 0.0025581 seconds, Stopping threads took: 0.0010621 seconds
[2023-11-05T15:56:45.693+0000][1940.253s][debug][safepoint     ] Safepoint synchronization initiated. (190 threads)
[2023-11-05T15:56:45.694+0000][1940.253s][info ][safepoint     ] Application time: 1.0009104 seconds
[2023-11-05T15:56:45.694+0000][1940.254s][info ][safepoint     ] Entering safepoint region: Cleanup
[2023-11-05T15:56:45.695+0000][1940.255s][info ][safepoint     ] Leaving safepoint region
[2023-11-05T15:56:45.695+0000][1940.255s][info ][safepoint     ] Total time for which application threads were stopped: 0.0011769 seconds, Stopping threads took: 0.0005661 seconds
[2023-11-05T15:56:46.696+0000][1941.256s][debug][safepoint     ] Safepoint synchronization initiated. (190 threads)
[2023-11-05T15:56:46.696+0000][1941.256s][info ][safepoint     ] Application time: 1.0009661 seconds
[2023-11-05T15:56:46.698+0000][1941.258s][info ][safepoint     ] Entering safepoint region: Cleanup
[2023-11-05T15:56:46.699+0000][1941.259s][info ][safepoint     ] Leaving safepoint region
[2023-11-05T15:56:46.700+0000][1941.260s][info ][safepoint     ] Total time for which application threads were stopped: 0.0021545 seconds, Stopping threads took: 0.0012941 seconds
[2023-11-05T15:56:47.701+0000][1942.261s][debug][safepoint     ] Safepoint synchronization initiated. (190 threads)
[2023-11-05T15:56:47.702+0000][1942.262s][info ][safepoint     ] Application time: 1.0013628 seconds
[2023-11-05T15:56:47.703+0000][1942.263s][info ][safepoint     ] Entering safepoint region: Cleanup
[2023-11-05T15:56:47.704+0000][1942.264s][info ][safepoint     ] Leaving safepoint region
[2023-11-05T15:56:47.705+0000][1942.265s][info ][safepoint     ] Total time for which application threads were stopped: 0.0020817 seconds, Stopping threads took: 0.0008822 seconds
[2023-11-05T15:56:48.706+0000][1943.266s][debug][safepoint     ] Safepoint synchronization initiated. (190 threads)
[2023-11-05T15:56:48.707+0000][1943.267s][info ][safepoint     ] Application time: 1.0011043 seconds
[2023-11-05T15:56:48.708+0000][1943.267s][info ][safepoint     ] Entering safepoint region: Cleanup
[2023-11-05T15:56:48.708+0000][1943.268s][info ][safepoint     ] Leaving safepoint region
[2023-11-05T15:56:48.709+0000][1943.269s][info ][safepoint     ] Total time for which application threads were stopped: 0.0012961 seconds, Stopping threads took: 0.0006009 seconds
[2023-11-05T15:56:49.710+0000][1944.269s][debug][safepoint     ] Safepoint synchronization initiated. (190 threads)
[2023-11-05T15:56:49.711+0000][1944.271s][info ][safepoint     ] Application time: 1.0013973 seconds
[2023-11-05T15:56:49.711+0000][1944.271s][info ][safepoint     ] Entering safepoint region: Cleanup
[2023-11-05T15:56:49.713+0000][1944.273s][info ][safepoint     ] Leaving safepoint region
[2023-11-05T15:56:49.713+0000][1944.273s][info ][safepoint     ] Total time for which application threads were stopped: 0.0020292 seconds, Stopping threads took: 0.0008737 seconds
[2023-11-05T15:56:50.714+0000][1945.274s][debug][safepoint     ] Safepoint synchronization initiated. (190 threads)
[2023-11-05T15:56:50.715+0000][1945.274s][info ][safepoint     ] Application time: 1.0005789 seconds
[2023-11-05T15:56:50.715+0000][1945.275s][info ][safepoint     ] Entering safepoint region: Cleanup
[2023-11-05T15:56:50.716+0000][1945.275s][info ][safepoint     ] Leaving safepoint region
[2023-11-05T15:56:50.716+0000][1945.276s][info ][safepoint     ] Total time for which application threads were stopped: 0.0010802 seconds, Stopping threads took: 0.0003259 seconds
[2023-11-05T15:56:51.717+0000][1946.276s][debug][safepoint     ] Safepoint synchronization initiated. (190 threads)
[2023-11-05T15:56:51.718+0000][1946.278s][info ][safepoint     ] Application time: 1.0015711 seconds
[2023-11-05T15:56:51.719+0000][1946.279s][info ][safepoint     ] Entering safepoint region: Cleanup
[2023-11-05T15:56:51.720+0000][1946.280s][info ][safepoint     ] Leaving safepoint region
[2023-11-05T15:56:51.721+0000][1946.281s][info ][safepoint     ] Total time for which application threads were stopped: 0.0025315 seconds, Stopping threads took: 0.0010626 seconds
[2023-11-05T15:56:52.723+0000][1947.283s][debug][safepoint     ] Safepoint synchronization initiated. (190 threads)
[2023-11-05T15:56:52.724+0000][1947.284s][info ][safepoint     ] Application time: 1.0016814 seconds
[2023-11-05T15:56:52.725+0000][1947.285s][info ][safepoint     ] Entering safepoint region: Cleanup
[2023-11-05T15:56:52.727+0000][1947.287s][info ][safepoint     ] Leaving safepoint region
[2023-11-05T15:56:52.728+0000][1947.288s][info ][safepoint     ] Total time for which application threads were stopped: 0.0027162 seconds, Stopping threads took: 0.0011942 seconds
[2023-11-05T15:56:53.729+0000][1948.289s][debug][safepoint     ] Safepoint synchronization initiated. (190 threads)
[2023-11-05T15:56:53.730+0000][1948.290s][info ][safepoint     ] Application time: 1.0014388 seconds
[2023-11-05T15:56:53.731+0000][1948.291s][info ][safepoint     ] Entering safepoint region: Cleanup
[2023-11-05T15:56:53.733+0000][1948.293s][info ][safepoint     ] Leaving safepoint region
[2023-11-05T15:56:53.734+0000][1948.294s][info ][safepoint     ] Total time for which application threads were stopped: 0.0027498 seconds, Stopping threads took: 0.0011784 seconds
[2023-11-05T15:56:54.735+0000][1949.295s][debug][safepoint     ] Safepoint synchronization initiated. (190 threads)
[2023-11-05T15:56:54.736+0000][1949.296s][info ][safepoint     ] Application time: 1.0011638 seconds
[2023-11-05T15:56:54.737+0000][1949.297s][info ][safepoint     ] Entering safepoint region: Cleanup
[2023-11-05T15:56:54.737+0000][1949.297s][info ][safepoint     ] Leaving safepoint region
[2023-11-05T15:56:54.738+0000][1949.298s][info ][safepoint     ] Total time for which application threads were stopped: 0.0014321 seconds, Stopping threads took: 0.0005976 seconds
[2023-11-05T15:56:55.739+0000][1950.299s][debug][safepoint     ] Safepoint synchronization initiated. (190 threads)
[2023-11-05T15:56:55.739+0000][1950.299s][info ][safepoint     ] Application time: 1.0006333 seconds
[2023-11-05T15:56:55.740+0000][1950.300s][info ][safepoint     ] Entering safepoint region: Cleanup
[2023-11-05T15:56:55.740+0000][1950.300s][info ][safepoint     ] Leaving safepoint region
[2023-11-05T15:56:55.741+0000][1950.301s][info ][safepoint     ] Total time for which application threads were stopped: 0.0009954 seconds, Stopping threads took: 0.0004198 seconds
[2023-11-05T15:56:56.742+0000][1951.302s][debug][safepoint     ] Safepoint synchronization initiated. (190 threads)
[2023-11-05T15:56:56.742+0000][1951.302s][info ][safepoint     ] Application time: 1.0011208 seconds
[2023-11-05T15:56:56.743+0000][1951.303s][info ][safepoint     ] Entering safepoint region: Cleanup
[2023-11-05T15:56:56.744+0000][1951.304s][info ][safepoint     ] Leaving safepoint region
[2023-11-05T15:56:56.744+0000][1951.304s][info ][safepoint     ] Total time for which application threads were stopped: 0.0014067 seconds, Stopping threads took: 0.0006472 seconds
[2023-11-05T15:56:57.745+0000][1952.305s][debug][safepoint     ] Safepoint synchronization initiated. (190 threads)
[2023-11-05T15:56:57.746+0000][1952.306s][info ][safepoint     ] Application time: 1.0014866 seconds
[2023-11-05T15:56:57.747+0000][1952.307s][info ][safepoint     ] Entering safepoint region: Cleanup
[2023-11-05T15:56:57.749+0000][1952.309s][info ][safepoint     ] Leaving safepoint region
[2023-11-05T15:56:57.749+0000][1952.309s][info ][safepoint     ] Total time for which application threads were stopped: 0.0019319 seconds, Stopping threads took: 0.0009722 seconds
[2023-11-05T15:56:58.750+0000][1953.310s][debug][safepoint     ] Safepoint synchronization initiated. (190 threads)
[2023-11-05T15:56:58.752+0000][1953.312s][info ][safepoint     ] Application time: 1.0015747 seconds
[2023-11-05T15:56:58.753+0000][1953.313s][info ][safepoint     ] Entering safepoint region: Cleanup
[2023-11-05T15:56:58.754+0000][1953.314s][info ][safepoint     ] Leaving safepoint region
[2023-11-05T15:56:58.755+0000][1953.315s][info ][safepoint     ] Total time for which application threads were stopped: 0.0023723 seconds, Stopping threads took: 0.0009704 seconds
[2023-11-05T15:56:59.756+0000][1954.316s][debug][safepoint     ] Safepoint synchronization initiated. (190 threads)
[2023-11-05T15:56:59.758+0000][1954.318s][info ][safepoint     ] Application time: 1.0014692 seconds
[2023-11-05T15:56:59.759+0000][1954.319s][info ][safepoint     ] Entering safepoint region: Cleanup
[2023-11-05T15:56:59.760+0000][1954.320s][info ][safepoint     ] Leaving safepoint region
[2023-11-05T15:56:59.761+0000][1954.321s][info ][safepoint     ] Total time for which application threads were stopped: 0.0025309 seconds, Stopping threads took: 0.0011796 seconds
[2023-11-05T15:57:00.762+0000][1955.322s][debug][safepoint     ] Safepoint synchronization initiated. (190 threads)
[2023-11-05T15:57:00.763+0000][1955.323s][info ][safepoint     ] Application time: 1.0010246 seconds
[2023-11-05T15:57:00.764+0000][1955.324s][info ][safepoint     ] Entering safepoint region: Cleanup
[2023-11-05T15:57:00.765+0000][1955.325s][info ][safepoint     ] Leaving safepoint region
[2023-11-05T15:57:00.766+0000][1955.326s][info ][safepoint     ] Total time for which application threads were stopped: 0.0016910 seconds, Stopping threads took: 0.0007918 seconds
[2023-11-05T15:57:01.766+0000][1956.326s][debug][safepoint     ] Safepoint synchronization initiated. (190 threads)
[2023-11-05T15:57:01.768+0000][1956.328s][info ][safepoint     ] Application time: 1.0014649 seconds
[2023-11-05T15:57:01.769+0000][1956.329s][info ][safepoint     ] Entering safepoint region: Cleanup
[2023-11-05T15:57:01.770+0000][1956.330s][info ][safepoint     ] Leaving safepoint region
[2023-11-05T15:57:01.771+0000][1956.331s][info ][safepoint     ] Total time for which application threads were stopped: 0.0015173 seconds, Stopping threads took: 0.0007027 seconds
[2023-11-05T15:57:02.772+0000][1957.332s][debug][safepoint     ] Safepoint synchronization initiated. (190 threads)
[2023-11-05T15:57:02.773+0000][1957.333s][info ][safepoint     ] Application time: 1.0014897 seconds
[2023-11-05T15:57:02.774+0000][1957.333s][info ][safepoint     ] Entering safepoint region: Cleanup
[2023-11-05T15:57:02.775+0000][1957.335s][info ][safepoint     ] Leaving safepoint region
[2023-11-05T15:57:02.775+0000][1957.335s][info ][safepoint     ] Total time for which application threads were stopped: 0.0017853 seconds, Stopping threads took: 0.0010075 seconds
[2023-11-05T15:57:03.776+0000][1958.336s][debug][safepoint     ] Safepoint synchronization initiated. (190 threads)
[2023-11-05T15:57:03.777+0000][1958.337s][info ][safepoint     ] Application time: 1.0016483 seconds
[2023-11-05T15:57:03.779+0000][1958.339s][info ][safepoint     ] Entering safepoint region: Cleanup
[2023-11-05T15:57:03.780+0000][1958.340s][info ][safepoint     ] Leaving safepoint region
[2023-11-05T15:57:03.781+0000][1958.341s][info ][safepoint     ] Total time for which application threads were stopped: 0.0025508 seconds, Stopping threads took: 0.0011242 seconds
[2023-11-05T15:57:04.782+0000][1959.342s][debug][safepoint     ] Safepoint synchronization initiated. (190 threads)
[2023-11-05T15:57:04.783+0000][1959.343s][info ][safepoint     ] Application time: 1.0011211 seconds
[2023-11-05T15:57:04.784+0000][1959.344s][info ][safepoint     ] Entering safepoint region: Cleanup
[2023-11-05T15:57:04.784+0000][1959.344s][info ][safepoint     ] Leaving safepoint region
[2023-11-05T15:57:04.785+0000][1959.345s][info ][safepoint     ] Total time for which application threads were stopped: 0.0013049 seconds, Stopping threads took: 0.0005444 seconds
[2023-11-05T15:57:05.786+0000][1960.346s][debug][safepoint     ] Safepoint synchronization initiated. (190 threads)
[2023-11-05T15:57:05.787+0000][1960.347s][info ][safepoint     ] Application time: 1.0015598 seconds
[2023-11-05T15:57:05.788+0000][1960.348s][info ][safepoint     ] Entering safepoint region: Cleanup
[2023-11-05T15:57:05.790+0000][1960.350s][info ][safepoint     ] Leaving safepoint region
[2023-11-05T15:57:05.791+0000][1960.351s][info ][safepoint     ] Total time for which application threads were stopped: 0.0028287 seconds, Stopping threads took: 0.0012231 seconds
[2023-11-05T15:57:06.792+0000][1961.352s][debug][safepoint     ] Safepoint synchronization initiated. (190 threads)
[2023-11-05T15:57:06.793+0000][1961.353s][info ][safepoint     ] Application time: 1.0008126 seconds
[2023-11-05T15:57:06.794+0000][1961.354s][info ][safepoint     ] Entering safepoint region: Cleanup
[2023-11-05T15:57:06.795+0000][1961.355s][info ][safepoint     ] Leaving safepoint region
[2023-11-05T15:57:06.795+0000][1961.355s][info ][safepoint     ] Total time for which application threads were stopped: 0.0013037 seconds, Stopping threads took: 0.0005056 seconds
[2023-11-05T15:57:07.796+0000][1962.356s][debug][safepoint     ] Safepoint synchronization initiated. (190 threads)
[2023-11-05T15:57:07.798+0000][1962.358s][info ][safepoint     ] Application time: 1.0016975 seconds
[2023-11-05T15:57:07.799+0000][1962.359s][info ][safepoint     ] Entering safepoint region: Cleanup
[2023-11-05T15:57:07.800+0000][1962.360s][info ][safepoint     ] Leaving safepoint region
[2023-11-05T15:57:07.802+0000][1962.361s][info ][safepoint     ] Total time for which application threads were stopped: 0.0027214 seconds, Stopping threads took: 0.0010536 seconds
[2023-11-05T15:57:08.803+0000][1963.363s][debug][safepoint     ] Safepoint synchronization initiated. (190 threads)
[2023-11-05T15:57:08.804+0000][1963.364s][info ][safepoint     ] Application time: 1.0014717 seconds
[2023-11-05T15:57:08.805+0000][1963.365s][info ][safepoint     ] Entering safepoint region: Cleanup
[2023-11-05T15:57:08.807+0000][1963.367s][info ][safepoint     ] Leaving safepoint region
[2023-11-05T15:57:08.808+0000][1963.368s][info ][safepoint     ] Total time for which application threads were stopped: 0.0026230 seconds, Stopping threads took: 0.0012132 seconds
[2023-11-05T15:57:09.809+0000][1964.369s][debug][safepoint     ] Safepoint synchronization initiated. (190 threads)
[2023-11-05T15:57:09.810+0000][1964.370s][info ][safepoint     ] Application time: 1.0015726 seconds
[2023-11-05T15:57:09.811+0000][1964.371s][info ][safepoint     ] Entering safepoint region: Cleanup
[2023-11-05T15:57:09.813+0000][1964.373s][info ][safepoint     ] Leaving safepoint region
[2023-11-05T15:57:09.814+0000][1964.374s][info ][safepoint     ] Total time for which application threads were stopped: 0.0028198 seconds, Stopping threads took: 0.0011465 seconds
[2023-11-05T15:57:10.815+0000][1965.375s][debug][safepoint     ] Safepoint synchronization initiated. (190 threads)
[2023-11-05T15:57:10.817+0000][1965.377s][info ][safepoint     ] Application time: 1.0016436 seconds
[2023-11-05T15:57:10.818+0000][1965.378s][info ][safepoint     ] Entering safepoint region: Cleanup
[2023-11-05T15:57:10.819+0000][1965.379s][info ][safepoint     ] Leaving safepoint region
[2023-11-05T15:57:10.820+0000][1965.380s][info ][safepoint     ] Total time for which application threads were stopped: 0.0024689 seconds, Stopping threads took: 0.0009420 seconds
[2023-11-05T15:57:11.822+0000][1966.382s][debug][safepoint     ] Safepoint synchronization initiated. (190 threads)
[2023-11-05T15:57:11.823+0000][1966.382s][info ][safepoint     ] Application time: 1.0010142 seconds
[2023-11-05T15:57:11.823+0000][1966.383s][info ][safepoint     ] Entering safepoint region: Cleanup
[2023-11-05T15:57:11.824+0000][1966.384s][info ][safepoint     ] Leaving safepoint region
[2023-11-05T15:57:11.825+0000][1966.385s][info ][safepoint     ] Total time for which application threads were stopped: 0.0013932 seconds, Stopping threads took: 0.0005643 seconds
[2023-11-05T15:57:12.826+0000][1967.385s][debug][safepoint     ] Safepoint synchronization initiated. (190 threads)
[2023-11-05T15:57:12.827+0000][1967.387s][info ][safepoint     ] Application time: 1.0013252 seconds
[2023-11-05T15:57:12.828+0000][1967.388s][info ][safepoint     ] Entering safepoint region: Cleanup
[2023-11-05T15:57:12.829+0000][1967.389s][info ][safepoint     ] Leaving safepoint region
[2023-11-05T15:57:12.830+0000][1967.390s][info ][safepoint     ] Total time for which application threads were stopped: 0.0020839 seconds, Stopping threads took: 0.0009337 seconds
[2023-11-05T15:57:13.831+0000][1968.391s][debug][safepoint     ] Safepoint synchronization initiated. (190 threads)
[2023-11-05T15:57:13.832+0000][1968.392s][info ][safepoint     ] Application time: 1.0015767 seconds
[2023-11-05T15:57:13.833+0000][1968.393s][info ][safepoint     ] Entering safepoint region: Cleanup
[2023-11-05T15:57:13.835+0000][1968.395s][info ][safepoint     ] Leaving safepoint region
[2023-11-05T15:57:13.836+0000][1968.396s][info ][safepoint     ] Total time for which application threads were stopped: 0.0024209 seconds, Stopping threads took: 0.0009819 seconds
[2023-11-05T15:57:14.837+0000][1969.397s][debug][safepoint     ] Safepoint synchronization initiated. (190 threads)
[2023-11-05T15:57:14.838+0000][1969.398s][info ][safepoint     ] Application time: 1.0016389 seconds
[2023-11-05T15:57:14.840+0000][1969.400s][info ][safepoint     ] Entering safepoint region: Cleanup
[2023-11-05T15:57:14.841+0000][1969.401s][info ][safepoint     ] Leaving safepoint region
[2023-11-05T15:57:14.842+0000][1969.402s][info ][safepoint     ] Total time for which application threads were stopped: 0.0024909 seconds, Stopping threads took: 0.0011590 seconds
[2023-11-05T15:57:15.843+0000][1970.403s][debug][safepoint     ] Safepoint synchronization initiated. (190 threads)
[2023-11-05T15:57:15.843+0000][1970.403s][info ][safepoint     ] Application time: 1.0007800 seconds
[2023-11-05T15:57:15.844+0000][1970.404s][info ][safepoint     ] Entering safepoint region: Cleanup
[2023-11-05T15:57:15.844+0000][1970.404s][info ][safepoint     ] Leaving safepoint region
[2023-11-05T15:57:15.845+0000][1970.405s][info ][safepoint     ] Total time for which application threads were stopped: 0.0007746 seconds, Stopping threads took: 0.0003266 seconds
[2023-11-05T15:57:16.845+0000][1971.405s][debug][safepoint     ] Safepoint synchronization initiated. (190 threads)
[2023-11-05T15:57:16.846+0000][1971.406s][info ][safepoint     ] Application time: 1.0013004 seconds
[2023-11-05T15:57:16.847+0000][1971.407s][info ][safepoint     ] Entering safepoint region: Cleanup
[2023-11-05T15:57:16.849+0000][1971.409s][info ][safepoint     ] Leaving safepoint region
[2023-11-05T15:57:16.850+0000][1971.410s][info ][safepoint     ] Total time for which application threads were stopped: 0.0021420 seconds, Stopping threads took: 0.0009168 seconds
[2023-11-05T15:57:17.851+0000][1972.411s][debug][safepoint     ] Safepoint synchronization initiated. (191 threads)
[2023-11-05T15:57:17.852+0000][1972.411s][info ][safepoint     ] Application time: 1.0011447 seconds
[2023-11-05T15:57:17.852+0000][1972.412s][info ][safepoint     ] Entering safepoint region: Cleanup
[2023-11-05T15:57:17.853+0000][1972.413s][info ][safepoint     ] Leaving safepoint region
[2023-11-05T15:57:17.854+0000][1972.413s][info ][safepoint     ] Total time for which application threads were stopped: 0.0014522 seconds, Stopping threads took: 0.0005714 seconds
[2023-11-05T15:57:18.854+0000][1973.414s][debug][safepoint     ] Safepoint synchronization initiated. (191 threads)
[2023-11-05T15:57:18.855+0000][1973.415s][info ][safepoint     ] Application time: 1.0009069 seconds
[2023-11-05T15:57:18.856+0000][1973.416s][info ][safepoint     ] Entering safepoint region: Cleanup
[2023-11-05T15:57:18.857+0000][1973.417s][info ][safepoint     ] Leaving safepoint region
[2023-11-05T15:57:18.857+0000][1973.417s][info ][safepoint     ] Total time for which application threads were stopped: 0.0012392 seconds, Stopping threads took: 0.0005218 seconds
[2023-11-05T15:57:19.858+0000][1974.418s][debug][safepoint     ] Safepoint synchronization initiated. (191 threads)
[2023-11-05T15:57:19.859+0000][1974.419s][info ][safepoint     ] Application time: 1.0014006 seconds
[2023-11-05T15:57:19.860+0000][1974.420s][info ][safepoint     ] Entering safepoint region: Cleanup
[2023-11-05T15:57:19.860+0000][1974.420s][info ][safepoint     ] Leaving safepoint region
[2023-11-05T15:57:19.861+0000][1974.421s][info ][safepoint     ] Total time for which application threads were stopped: 0.0012055 seconds, Stopping threads took: 0.0005224 seconds
[2023-11-05T15:57:20.862+0000][1975.422s][debug][safepoint     ] Safepoint synchronization initiated. (191 threads)
[2023-11-05T15:57:20.863+0000][1975.423s][info ][safepoint     ] Application time: 1.0020219 seconds
[2023-11-05T15:57:20.864+0000][1975.424s][info ][safepoint     ] Entering safepoint region: Cleanup
[2023-11-05T15:57:20.864+0000][1975.424s][info ][safepoint     ] Leaving safepoint region
[2023-11-05T15:57:20.865+0000][1975.425s][info ][safepoint     ] Total time for which application threads were stopped: 0.0014466 seconds, Stopping threads took: 0.0004583 seconds
[2023-11-05T15:57:21.866+0000][1976.426s][debug][safepoint     ] Safepoint synchronization initiated. (191 threads)
[2023-11-05T15:57:21.868+0000][1976.428s][info ][safepoint     ] Application time: 1.0024259 seconds
[2023-11-05T15:57:21.869+0000][1976.429s][info ][safepoint     ] Entering safepoint region: Cleanup
[2023-11-05T15:57:21.869+0000][1976.429s][info ][safepoint     ] Leaving safepoint region
[2023-11-05T15:57:21.870+0000][1976.430s][info ][safepoint     ] Total time for which application threads were stopped: 0.0013023 seconds, Stopping threads took: 0.0005262 seconds
[2023-11-05T15:57:21.869+0000][1976.429s][debug][safepoint     ] ... found polling page return exception at pc = 0x00007f808d32eb44, stub =0x00007f8084840600
[2023-11-05T15:57:22.871+0000][1977.431s][debug][safepoint     ] Safepoint synchronization initiated. (191 threads)
[2023-11-05T15:57:22.872+0000][1977.432s][info ][safepoint     ] Application time: 1.0015559 seconds
[2023-11-05T15:57:22.873+0000][1977.433s][info ][safepoint     ] Entering safepoint region: Cleanup
[2023-11-05T15:57:22.875+0000][1977.435s][info ][safepoint     ] Leaving safepoint region
[2023-11-05T15:57:22.876+0000][1977.435s][info ][safepoint     ] Total time for which application threads were stopped: 0.0022418 seconds, Stopping threads took: 0.0010332 seconds
[2023-11-05T15:57:23.876+0000][1978.436s][debug][safepoint     ] Safepoint synchronization initiated. (191 threads)
[2023-11-05T15:57:23.877+0000][1978.437s][info ][safepoint     ] Application time: 1.0006299 seconds
[2023-11-05T15:57:23.877+0000][1978.438s][info ][safepoint     ] Entering safepoint region: Cleanup
[2023-11-05T15:57:23.878+0000][1978.438s][info ][safepoint     ] Leaving safepoint region
[2023-11-05T15:57:23.878+0000][1978.438s][info ][safepoint     ] Total time for which application threads were stopped: 0.0008838 seconds, Stopping threads took: 0.0004254 seconds
[2023-11-05T15:57:24.878+0000][1979.439s][debug][safepoint     ] Safepoint synchronization initiated. (191 threads)
[2023-11-05T15:57:24.879+0000][1979.439s][info ][safepoint     ] Application time: 1.0005467 seconds
[2023-11-05T15:57:24.879+0000][1979.440s][info ][safepoint     ] Entering safepoint region: Cleanup
[2023-11-05T15:57:24.880+0000][1979.440s][info ][safepoint     ] Leaving safepoint region
[2023-11-05T15:57:24.880+0000][1979.441s][info ][safepoint     ] Total time for which application threads were stopped: 0.0010241 seconds, Stopping threads took: 0.0003392 seconds
[2023-11-05T15:57:25.881+0000][1980.441s][debug][safepoint     ] Safepoint synchronization initiated. (191 threads)
[2023-11-05T15:57:25.881+0000][1980.442s][info ][safepoint     ] Application time: 1.0006304 seconds
[2023-11-05T15:57:25.882+0000][1980.442s][info ][safepoint     ] Entering safepoint region: Cleanup
[2023-11-05T15:57:25.883+0000][1980.443s][info ][safepoint     ] Leaving safepoint region
[2023-11-05T15:57:25.883+0000][1980.444s][info ][safepoint     ] Total time for which application threads were stopped: 0.0013312 seconds, Stopping threads took: 0.0006199 seconds
[2023-11-05T15:57:26.884+0000][1981.444s][debug][safepoint     ] Safepoint synchronization initiated. (191 threads)
[2023-11-05T15:57:26.885+0000][1981.445s][info ][safepoint     ] Application time: 1.0007971 seconds
[2023-11-05T15:57:26.885+0000][1981.445s][info ][safepoint     ] Entering safepoint region: Cleanup
[2023-11-05T15:57:26.886+0000][1981.446s][info ][safepoint     ] Leaving safepoint region
[2023-11-05T15:57:26.886+0000][1981.447s][info ][safepoint     ] Total time for which application threads were stopped: 0.0012640 seconds, Stopping threads took: 0.0005864 seconds
[2023-11-05T15:57:27.887+0000][1982.447s][debug][safepoint     ] Safepoint synchronization initiated. (191 threads)
[2023-11-05T15:57:27.888+0000][1982.448s][info ][safepoint     ] Application time: 1.0012752 seconds
[2023-11-05T15:57:27.889+0000][1982.449s][info ][safepoint     ] Entering safepoint region: Cleanup
[2023-11-05T15:57:27.890+0000][1982.450s][info ][safepoint     ] Leaving safepoint region
[2023-11-05T15:57:27.890+0000][1982.451s][info ][safepoint     ] Total time for which application threads were stopped: 0.0014498 seconds, Stopping threads took: 0.0007757 seconds
[2023-11-05T15:57:28.891+0000][1983.452s][debug][safepoint     ] Safepoint synchronization initiated. (191 threads)
[2023-11-05T15:57:28.893+0000][1983.453s][info ][safepoint     ] Application time: 1.0015097 seconds
[2023-11-05T15:57:28.894+0000][1983.454s][info ][safepoint     ] Entering safepoint region: Cleanup
[2023-11-05T15:57:28.895+0000][1983.455s][info ][safepoint     ] Leaving safepoint region
[2023-11-05T15:57:28.896+0000][1983.456s][info ][safepoint     ] Total time for which application threads were stopped: 0.0024694 seconds, Stopping threads took: 0.0011481 seconds
[2023-11-05T15:57:29.897+0000][1984.457s][debug][safepoint     ] Safepoint synchronization initiated. (191 threads)
[2023-11-05T15:57:29.898+0000][1984.458s][info ][safepoint     ] Application time: 1.0008402 seconds
[2023-11-05T15:57:29.898+0000][1984.459s][info ][safepoint     ] Entering safepoint region: Cleanup
[2023-11-05T15:57:29.899+0000][1984.459s][info ][safepoint     ] Leaving safepoint region
[2023-11-05T15:57:29.899+0000][1984.460s][info ][safepoint     ] Total time for which application threads were stopped: 0.0013088 seconds, Stopping threads took: 0.0005765 seconds
[2023-11-05T15:57:30.900+0000][1985.460s][debug][safepoint     ] Safepoint synchronization initiated. (191 threads)
[2023-11-05T15:57:30.901+0000][1985.462s][info ][safepoint     ] Application time: 1.0013417 seconds
[2023-11-05T15:57:30.902+0000][1985.463s][info ][safepoint     ] Entering safepoint region: Cleanup
[2023-11-05T15:57:30.904+0000][1985.464s][info ][safepoint     ] Leaving safepoint region
[2023-11-05T15:57:30.905+0000][1985.465s][info ][safepoint     ] Total time for which application threads were stopped: 0.0025311 seconds, Stopping threads took: 0.0012044 seconds
[2023-11-05T15:57:31.906+0000][1986.466s][debug][safepoint     ] Safepoint synchronization initiated. (191 threads)
[2023-11-05T15:57:31.907+0000][1986.467s][info ][safepoint     ] Application time: 1.0013672 seconds
[2023-11-05T15:57:31.908+0000][1986.468s][info ][safepoint     ] Entering safepoint region: Cleanup
[2023-11-05T15:57:31.909+0000][1986.470s][info ][safepoint     ] Leaving safepoint region
[2023-11-05T15:57:31.910+0000][1986.471s][info ][safepoint     ] Total time for which application threads were stopped: 0.0021745 seconds, Stopping threads took: 0.0009507 seconds
[2023-11-05T15:57:32.911+0000][1987.472s][debug][safepoint     ] Safepoint synchronization initiated. (191 threads)
[2023-11-05T15:57:32.913+0000][1987.473s][info ][safepoint     ] Application time: 1.0018146 seconds
[2023-11-05T15:57:32.914+0000][1987.474s][info ][safepoint     ] Entering safepoint region: Cleanup
[2023-11-05T15:57:32.915+0000][1987.476s][info ][safepoint     ] Leaving safepoint region
[2023-11-05T15:57:32.916+0000][1987.476s][info ][safepoint     ] Total time for which application threads were stopped: 0.0021992 seconds, Stopping threads took: 0.0010292 seconds
[2023-11-05T15:57:33.917+0000][1988.477s][debug][safepoint     ] Safepoint synchronization initiated. (191 threads)
[2023-11-05T15:57:33.918+0000][1988.478s][info ][safepoint     ] Application time: 1.0005885 seconds
[2023-11-05T15:57:33.918+0000][1988.478s][info ][safepoint     ] Entering safepoint region: Cleanup
[2023-11-05T15:57:33.919+0000][1988.479s][info ][safepoint     ] Leaving safepoint region
[2023-11-05T15:57:33.919+0000][1988.479s][info ][safepoint     ] Total time for which application threads were stopped: 0.0009428 seconds, Stopping threads took: 0.0004146 seconds
[2023-11-05T15:57:34.919+0000][1989.480s][debug][safepoint     ] Safepoint synchronization initiated. (191 threads)
[2023-11-05T15:57:34.920+0000][1989.480s][info ][safepoint     ] Application time: 1.0008906 seconds
[2023-11-05T15:57:34.921+0000][1989.481s][info ][safepoint     ] Entering safepoint region: Cleanup
[2023-11-05T15:57:34.921+0000][1989.482s][info ][safepoint     ] Leaving safepoint region
[2023-11-05T15:57:34.922+0000][1989.482s][info ][safepoint     ] Total time for which application threads were stopped: 0.0015172 seconds, Stopping threads took: 0.0005755 seconds
[2023-11-05T15:57:35.923+0000][1990.483s][debug][safepoint     ] Safepoint synchronization initiated. (191 threads)
[2023-11-05T15:57:35.923+0000][1990.484s][info ][safepoint     ] Application time: 1.0007355 seconds
[2023-11-05T15:57:35.925+0000][1990.485s][info ][safepoint     ] Entering safepoint region: Cleanup
[2023-11-05T15:57:35.925+0000][1990.486s][info ][safepoint     ] Leaving safepoint region
[2023-11-05T15:57:35.926+0000][1990.486s][info ][safepoint     ] Total time for which application threads were stopped: 0.0012268 seconds, Stopping threads took: 0.0005443 seconds
[2023-11-05T15:57:36.926+0000][1991.487s][debug][safepoint     ] Safepoint synchronization initiated. (191 threads)
[2023-11-05T15:57:36.934+0000][1991.494s][info ][safepoint     ] Application time: 1.0073140 seconds
[2023-11-05T15:57:36.934+0000][1991.495s][info ][safepoint     ] Entering safepoint region: Cleanup
[2023-11-05T15:57:36.935+0000][1991.495s][info ][safepoint     ] Leaving safepoint region
[2023-11-05T15:57:36.935+0000][1991.496s][info ][safepoint     ] Total time for which application threads were stopped: 0.0012143 seconds, Stopping threads took: 0.0005345 seconds
[2023-11-05T15:57:37.936+0000][1992.496s][debug][safepoint     ] Safepoint synchronization initiated. (191 threads)
[2023-11-05T15:57:37.937+0000][1992.497s][info ][safepoint     ] Application time: 1.0008112 seconds
[2023-11-05T15:57:37.937+0000][1992.498s][info ][safepoint     ] Entering safepoint region: Cleanup
[2023-11-05T15:57:37.938+0000][1992.498s][info ][safepoint     ] Leaving safepoint region
[2023-11-05T15:57:37.938+0000][1992.499s][info ][safepoint     ] Total time for which application threads were stopped: 0.0012463 seconds, Stopping threads took: 0.0005688 seconds
[2023-11-05T15:57:38.939+0000][1993.499s][debug][safepoint     ] Safepoint synchronization initiated. (191 threads)
[2023-11-05T15:57:38.940+0000][1993.500s][info ][safepoint     ] Application time: 1.0006231 seconds
[2023-11-05T15:57:38.940+0000][1993.500s][info ][safepoint     ] Entering safepoint region: Cleanup
[2023-11-05T15:57:38.941+0000][1993.501s][info ][safepoint     ] Leaving safepoint region
[2023-11-05T15:57:38.941+0000][1993.501s][info ][safepoint     ] Total time for which application threads were stopped: 0.0010903 seconds, Stopping threads took: 0.0004940 seconds
[2023-11-05T15:57:39.942+0000][1994.502s][debug][safepoint     ] Safepoint synchronization initiated. (191 threads)
[2023-11-05T15:57:39.943+0000][1994.503s][info ][safepoint     ] Application time: 1.0010777 seconds
[2023-11-05T15:57:39.943+0000][1994.504s][info ][safepoint     ] Entering safepoint region: Cleanup
[2023-11-05T15:57:39.944+0000][1994.504s][info ][safepoint     ] Leaving safepoint region
[2023-11-05T15:57:39.945+0000][1994.505s][info ][safepoint     ] Total time for which application threads were stopped: 0.0012251 seconds, Stopping threads took: 0.0005370 seconds
[2023-11-05T15:57:40.945+0000][1995.506s][debug][safepoint     ] Safepoint synchronization initiated. (191 threads)
[2023-11-05T15:57:40.946+0000][1995.506s][info ][safepoint     ] Application time: 1.0008346 seconds
[2023-11-05T15:57:40.947+0000][1995.507s][info ][safepoint     ] Entering safepoint region: Cleanup
[2023-11-05T15:57:40.947+0000][1995.508s][info ][safepoint     ] Leaving safepoint region
[2023-11-05T15:57:40.948+0000][1995.508s][info ][safepoint     ] Total time for which application threads were stopped: 0.0013572 seconds, Stopping threads took: 0.0005041 seconds
[2023-11-05T15:57:41.948+0000][1996.509s][debug][safepoint     ] Safepoint synchronization initiated. (191 threads)
[2023-11-05T15:57:41.950+0000][1996.510s][info ][safepoint     ] Application time: 1.0012023 seconds
[2023-11-05T15:57:41.951+0000][1996.511s][info ][safepoint     ] Entering safepoint region: Cleanup
[2023-11-05T15:57:41.952+0000][1996.512s][info ][safepoint     ] Leaving safepoint region
[2023-11-05T15:57:41.953+0000][1996.513s][info ][safepoint     ] Total time for which application threads were stopped: 0.0023101 seconds, Stopping threads took: 0.0009922 seconds
[2023-11-05T15:57:42.954+0000][1997.514s][debug][safepoint     ] Safepoint synchronization initiated. (191 threads)
[2023-11-05T15:57:42.954+0000][1997.515s][info ][safepoint     ] Application time: 1.0007004 seconds
[2023-11-05T15:57:42.955+0000][1997.515s][info ][safepoint     ] Entering safepoint region: Cleanup
[2023-11-05T15:57:42.955+0000][1997.516s][info ][safepoint     ] Leaving safepoint region
[2023-11-05T15:57:42.956+0000][1997.516s][info ][safepoint     ] Total time for which application threads were stopped: 0.0012243 seconds, Stopping threads took: 0.0004335 seconds
[2023-11-05T15:57:43.957+0000][1998.517s][debug][safepoint     ] Safepoint synchronization initiated. (191 threads)
[2023-11-05T15:57:43.958+0000][1998.518s][info ][safepoint     ] Application time: 1.0009570 seconds
[2023-11-05T15:57:43.958+0000][1998.518s][info ][safepoint     ] Entering safepoint region: Cleanup
[2023-11-05T15:57:43.959+0000][1998.519s][info ][safepoint     ] Leaving safepoint region
[2023-11-05T15:57:43.959+0000][1998.519s][info ][safepoint     ] Total time for which application threads were stopped: 0.0010378 seconds, Stopping threads took: 0.0004340 seconds
[2023-11-05T15:57:44.960+0000][1999.520s][debug][safepoint     ] Safepoint synchronization initiated. (191 threads)
[2023-11-05T15:57:44.961+0000][1999.521s][info ][safepoint     ] Application time: 1.0014597 seconds
[2023-11-05T15:57:44.962+0000][1999.522s][info ][safepoint     ] Entering safepoint region: Cleanup
[2023-11-05T15:57:44.963+0000][1999.523s][info ][safepoint     ] Leaving safepoint region
[2023-11-05T15:57:44.963+0000][1999.524s][info ][safepoint     ] Total time for which application threads were stopped: 0.0019179 seconds, Stopping threads took: 0.0006806 seconds
[2023-11-05T15:57:45.964+0000][2000.525s][debug][safepoint     ] Safepoint synchronization initiated. (191 threads)
[2023-11-05T15:57:45.965+0000][2000.525s][info ][safepoint     ] Application time: 1.0007670 seconds
[2023-11-05T15:57:45.965+0000][2000.526s][info ][safepoint     ] Entering safepoint region: Cleanup
[2023-11-05T15:57:45.966+0000][2000.526s][info ][safepoint     ] Leaving safepoint region
[2023-11-05T15:57:45.966+0000][2000.527s][info ][safepoint     ] Total time for which application threads were stopped: 0.0008442 seconds, Stopping threads took: 0.0003450 seconds
[2023-11-05T15:57:46.967+0000][2001.527s][debug][safepoint     ] Safepoint synchronization initiated. (191 threads)
[2023-11-05T15:57:46.967+0000][2001.528s][info ][safepoint     ] Application time: 1.0008022 seconds
[2023-11-05T15:57:46.968+0000][2001.528s][info ][safepoint     ] Entering safepoint region: Cleanup
[2023-11-05T15:57:46.969+0000][2001.529s][info ][safepoint     ] Leaving safepoint region
[2023-11-05T15:57:46.969+0000][2001.529s][info ][safepoint     ] Total time for which application threads were stopped: 0.0012488 seconds, Stopping threads took: 0.0005620 seconds
[2023-11-05T15:57:47.970+0000][2002.530s][debug][safepoint     ] Safepoint synchronization initiated. (191 threads)
[2023-11-05T15:57:47.970+0000][2002.531s][info ][safepoint     ] Application time: 1.0007384 seconds
[2023-11-05T15:57:47.971+0000][2002.531s][info ][safepoint     ] Entering safepoint region: Cleanup
[2023-11-05T15:57:47.971+0000][2002.532s][info ][safepoint     ] Leaving safepoint region
[2023-11-05T15:57:47.972+0000][2002.532s][info ][safepoint     ] Total time for which application threads were stopped: 0.0010417 seconds, Stopping threads took: 0.0004657 seconds
[2023-11-05T15:57:48.972+0000][2003.533s][debug][safepoint     ] Safepoint synchronization initiated. (191 threads)
[2023-11-05T15:57:48.974+0000][2003.534s][info ][safepoint     ] Application time: 1.0013464 seconds
[2023-11-05T15:57:48.975+0000][2003.536s][info ][safepoint     ] Entering safepoint region: Cleanup
[2023-11-05T15:57:48.976+0000][2003.536s][info ][safepoint     ] Leaving safepoint region
[2023-11-05T15:57:48.977+0000][2003.537s][info ][safepoint     ] Total time for which application threads were stopped: 0.0013548 seconds, Stopping threads took: 0.0005907 seconds
[2023-11-05T15:57:49.977+0000][2004.538s][debug][safepoint     ] Safepoint synchronization initiated. (191 threads)
[2023-11-05T15:57:49.978+0000][2004.538s][info ][safepoint     ] Application time: 1.0007329 seconds
[2023-11-05T15:57:49.978+0000][2004.539s][info ][safepoint     ] Entering safepoint region: Cleanup
[2023-11-05T15:57:49.979+0000][2004.539s][info ][safepoint     ] Leaving safepoint region
[2023-11-05T15:57:49.980+0000][2004.540s][info ][safepoint     ] Total time for which application threads were stopped: 0.0011503 seconds, Stopping threads took: 0.0004694 seconds
[2023-11-05T15:57:50.980+0000][2005.541s][debug][safepoint     ] Safepoint synchronization initiated. (191 threads)
[2023-11-05T15:57:50.981+0000][2005.541s][info ][safepoint     ] Application time: 1.0008509 seconds
[2023-11-05T15:57:50.982+0000][2005.542s][info ][safepoint     ] Entering safepoint region: Cleanup
[2023-11-05T15:57:50.982+0000][2005.543s][info ][safepoint     ] Leaving safepoint region
[2023-11-05T15:57:50.983+0000][2005.543s][info ][safepoint     ] Total time for which application threads were stopped: 0.0014344 seconds, Stopping threads took: 0.0005918 seconds
[2023-11-05T15:57:51.984+0000][2006.544s][debug][safepoint     ] Safepoint synchronization initiated. (191 threads)
[2023-11-05T15:57:51.984+0000][2006.545s][info ][safepoint     ] Application time: 1.0007525 seconds
[2023-11-05T15:57:51.985+0000][2006.545s][info ][safepoint     ] Entering safepoint region: Cleanup
[2023-11-05T15:57:51.986+0000][2006.546s][info ][safepoint     ] Leaving safepoint region
[2023-11-05T15:57:51.986+0000][2006.546s][info ][safepoint     ] Total time for which application threads were stopped: 0.0012838 seconds, Stopping threads took: 0.0005672 seconds
[2023-11-05T15:57:52.987+0000][2007.547s][debug][safepoint     ] Safepoint synchronization initiated. (191 threads)
[2023-11-05T15:57:52.988+0000][2007.548s][info ][safepoint     ] Application time: 1.0013052 seconds
[2023-11-05T15:57:52.988+0000][2007.549s][info ][safepoint     ] Entering safepoint region: Cleanup
[2023-11-05T15:57:52.989+0000][2007.549s][info ][safepoint     ] Leaving safepoint region
[2023-11-05T15:57:52.990+0000][2007.550s][info ][safepoint     ] Total time for which application threads were stopped: 0.0012094 seconds, Stopping threads took: 0.0005114 seconds
[2023-11-05T15:57:53.990+0000][2008.550s][debug][safepoint     ] Safepoint synchronization initiated. (191 threads)
[2023-11-05T15:57:53.991+0000][2008.551s][info ][safepoint     ] Application time: 1.0007083 seconds
[2023-11-05T15:57:53.991+0000][2008.552s][info ][safepoint     ] Entering safepoint region: Cleanup
[2023-11-05T15:57:53.992+0000][2008.552s][info ][safepoint     ] Leaving safepoint region
[2023-11-05T15:57:53.992+0000][2008.553s][info ][safepoint     ] Total time for which application threads were stopped: 0.0010202 seconds, Stopping threads took: 0.0004621 seconds
[2023-11-05T15:57:54.993+0000][2009.553s][debug][safepoint     ] Safepoint synchronization initiated. (191 threads)
[2023-11-05T15:57:54.993+0000][2009.554s][info ][safepoint     ] Application time: 1.0007730 seconds
[2023-11-05T15:57:54.994+0000][2009.555s][info ][safepoint     ] Entering safepoint region: Cleanup
[2023-11-05T15:57:54.995+0000][2009.556s][info ][safepoint     ] Leaving safepoint region
[2023-11-05T15:57:54.996+0000][2009.556s][info ][safepoint     ] Total time for which application threads were stopped: 0.0012516 seconds, Stopping threads took: 0.0005551 seconds
[2023-11-05T15:57:55.996+0000][2010.557s][debug][safepoint     ] Safepoint synchronization initiated. (191 threads)
[2023-11-05T15:57:55.996+0000][2010.557s][info ][safepoint     ] Application time: 1.0004735 seconds
[2023-11-05T15:57:55.997+0000][2010.557s][info ][safepoint     ] Entering safepoint region: Cleanup
[2023-11-05T15:57:55.997+0000][2010.558s][info ][safepoint     ] Leaving safepoint region
[2023-11-05T15:57:55.998+0000][2010.558s][info ][safepoint     ] Total time for which application threads were stopped: 0.0009076 seconds, Stopping threads took: 0.0003726 seconds
[2023-11-05T15:57:56.998+0000][2011.559s][debug][safepoint     ] Safepoint synchronization initiated. (191 threads)
[2023-11-05T15:57:56.999+0000][2011.559s][info ][safepoint     ] Application time: 1.0008611 seconds
[2023-11-05T15:57:56.999+0000][2011.560s][info ][safepoint     ] Entering safepoint region: Cleanup
[2023-11-05T15:57:57.000+0000][2011.561s][info ][safepoint     ] Leaving safepoint region
[2023-11-05T15:57:57.001+0000][2011.561s][info ][safepoint     ] Total time for which application threads were stopped: 0.0015677 seconds, Stopping threads took: 0.0004883 seconds
[2023-11-05T15:57:58.002+0000][2012.562s][debug][safepoint     ] Safepoint synchronization initiated. (191 threads)
[2023-11-05T15:57:58.003+0000][2012.563s][info ][safepoint     ] Application time: 1.0008831 seconds
[2023-11-05T15:57:58.003+0000][2012.563s][info ][safepoint     ] Entering safepoint region: Cleanup
[2023-11-05T15:57:58.004+0000][2012.564s][info ][safepoint     ] Leaving safepoint region
[2023-11-05T15:57:58.004+0000][2012.564s][info ][safepoint     ] Total time for which application threads were stopped: 0.0011509 seconds, Stopping threads took: 0.0004442 seconds
[2023-11-05T15:57:59.005+0000][2013.565s][debug][safepoint     ] Safepoint synchronization initiated. (191 threads)
[2023-11-05T15:57:59.005+0000][2013.566s][info ][safepoint     ] Application time: 1.0005911 seconds
[2023-11-05T15:57:59.006+0000][2013.566s][info ][safepoint     ] Entering safepoint region: Cleanup
[2023-11-05T15:57:59.006+0000][2013.567s][info ][safepoint     ] Leaving safepoint region
[2023-11-05T15:57:59.007+0000][2013.567s][info ][safepoint     ] Total time for which application threads were stopped: 0.0011787 seconds, Stopping threads took: 0.0004688 seconds
[2023-11-05T15:58:00.007+0000][2014.568s][debug][safepoint     ] Safepoint synchronization initiated. (191 threads)
[2023-11-05T15:58:00.008+0000][2014.568s][info ][safepoint     ] Application time: 1.0007691 seconds
[2023-11-05T15:58:00.008+0000][2014.569s][info ][safepoint     ] Entering safepoint region: Cleanup
[2023-11-05T15:58:00.009+0000][2014.570s][info ][safepoint     ] Leaving safepoint region
[2023-11-05T15:58:00.010+0000][2014.570s][info ][safepoint     ] Total time for which application threads were stopped: 0.0012079 seconds, Stopping threads took: 0.0005217 seconds
[2023-11-05T15:58:01.010+0000][2015.571s][debug][safepoint     ] Safepoint synchronization initiated. (191 threads)
[2023-11-05T15:58:01.011+0000][2015.571s][info ][safepoint     ] Application time: 1.0007344 seconds
[2023-11-05T15:58:01.011+0000][2015.572s][info ][safepoint     ] Entering safepoint region: Cleanup
[2023-11-05T15:58:01.012+0000][2015.572s][info ][safepoint     ] Leaving safepoint region
[2023-11-05T15:58:01.012+0000][2015.573s][info ][safepoint     ] Total time for which application threads were stopped: 0.0010419 seconds, Stopping threads took: 0.0004413 seconds
[2023-11-05T15:58:02.013+0000][2016.573s][debug][safepoint     ] Safepoint synchronization initiated. (191 threads)
[2023-11-05T15:58:02.013+0000][2016.574s][info ][safepoint     ] Application time: 1.0008427 seconds
[2023-11-05T15:58:02.014+0000][2016.575s][info ][safepoint     ] Entering safepoint region: Cleanup
[2023-11-05T15:58:02.015+0000][2016.575s][info ][safepoint     ] Leaving safepoint region
[2023-11-05T15:58:02.015+0000][2016.576s][info ][safepoint     ] Total time for which application threads were stopped: 0.0012254 seconds, Stopping threads took: 0.0005216 seconds
[2023-11-05T15:58:03.016+0000][2017.576s][debug][safepoint     ] Safepoint synchronization initiated. (191 threads)
[2023-11-05T15:58:03.017+0000][2017.577s][info ][safepoint     ] Application time: 1.0008493 seconds
[2023-11-05T15:58:03.017+0000][2017.578s][info ][safepoint     ] Entering safepoint region: Cleanup
[2023-11-05T15:58:03.018+0000][2017.578s][info ][safepoint     ] Leaving safepoint region
[2023-11-05T15:58:03.018+0000][2017.579s][info ][safepoint     ] Total time for which application threads were stopped: 0.0012930 seconds, Stopping threads took: 0.0005067 seconds
[2023-11-05T15:58:04.019+0000][2018.580s][debug][safepoint     ] Safepoint synchronization initiated. (191 threads)
[2023-11-05T15:58:04.020+0000][2018.580s][info ][safepoint     ] Application time: 1.0006910 seconds
[2023-11-05T15:58:04.020+0000][2018.581s][info ][safepoint     ] Entering safepoint region: Cleanup
[2023-11-05T15:58:04.021+0000][2018.581s][info ][safepoint     ] Leaving safepoint region
[2023-11-05T15:58:04.021+0000][2018.582s][info ][safepoint     ] Total time for which application threads were stopped: 0.0011186 seconds, Stopping threads took: 0.0004169 seconds
[2023-11-05T15:58:05.022+0000][2019.583s][debug][safepoint     ] Safepoint synchronization initiated. (191 threads)
[2023-11-05T15:58:05.023+0000][2019.583s][info ][safepoint     ] Application time: 1.0011020 seconds
[2023-11-05T15:58:05.024+0000][2019.584s][info ][safepoint     ] Entering safepoint region: Cleanup
[2023-11-05T15:58:05.025+0000][2019.585s][info ][safepoint     ] Leaving safepoint region
[2023-11-05T15:58:05.025+0000][2019.586s][info ][safepoint     ] Total time for which application threads were stopped: 0.0015082 seconds, Stopping threads took: 0.0006763 seconds
[2023-11-05T15:58:06.026+0000][2020.586s][debug][safepoint     ] Safepoint synchronization initiated. (191 threads)
[2023-11-05T15:58:06.026+0000][2020.587s][info ][safepoint     ] Application time: 1.0008519 seconds
[2023-11-05T15:58:06.027+0000][2020.587s][info ][safepoint     ] Entering safepoint region: Cleanup
[2023-11-05T15:58:06.028+0000][2020.588s][info ][safepoint     ] Leaving safepoint region
[2023-11-05T15:58:06.028+0000][2020.589s][info ][safepoint     ] Total time for which application threads were stopped: 0.0012783 seconds, Stopping threads took: 0.0005587 seconds
[2023-11-05T15:58:07.029+0000][2021.589s][debug][safepoint     ] Safepoint synchronization initiated. (191 threads)
[2023-11-05T15:58:07.030+0000][2021.590s][info ][safepoint     ] Application time: 1.0009806 seconds
[2023-11-05T15:58:07.030+0000][2021.591s][info ][safepoint     ] Entering safepoint region: Cleanup
[2023-11-05T15:58:07.031+0000][2021.591s][info ][safepoint     ] Leaving safepoint region
[2023-11-05T15:58:07.031+0000][2021.592s][info ][safepoint     ] Total time for which application threads were stopped: 0.0012722 seconds, Stopping threads took: 0.0005494 seconds
[2023-11-05T15:58:08.032+0000][2022.593s][debug][safepoint     ] Safepoint synchronization initiated. (191 threads)
[2023-11-05T15:58:08.033+0000][2022.593s][info ][safepoint     ] Application time: 1.0008118 seconds
[2023-11-05T15:58:08.033+0000][2022.594s][info ][safepoint     ] Entering safepoint region: Cleanup
[2023-11-05T15:58:08.034+0000][2022.595s][info ][safepoint     ] Leaving safepoint region
[2023-11-05T15:58:08.035+0000][2022.595s][info ][safepoint     ] Total time for which application threads were stopped: 0.0013861 seconds, Stopping threads took: 0.0006056 seconds
[2023-11-05T15:58:09.035+0000][2023.596s][debug][safepoint     ] Safepoint synchronization initiated. (191 threads)
[2023-11-05T15:58:09.036+0000][2023.596s][info ][safepoint     ] Application time: 1.0006661 seconds
[2023-11-05T15:58:09.037+0000][2023.597s][info ][safepoint     ] Entering safepoint region: Cleanup
[2023-11-05T15:58:09.037+0000][2023.598s][info ][safepoint     ] Leaving safepoint region
[2023-11-05T15:58:09.038+0000][2023.598s][info ][safepoint     ] Total time for which application threads were stopped: 0.0010411 seconds, Stopping threads took: 0.0004140 seconds
[2023-11-05T15:58:10.038+0000][2024.599s][debug][safepoint     ] Safepoint synchronization initiated. (191 threads)
[2023-11-05T15:58:10.039+0000][2024.599s][info ][safepoint     ] Application time: 1.0008745 seconds
[2023-11-05T15:58:10.039+0000][2024.600s][info ][safepoint     ] Entering safepoint region: Cleanup
[2023-11-05T15:58:10.040+0000][2024.601s][info ][safepoint     ] Leaving safepoint region
[2023-11-05T15:58:10.041+0000][2024.601s][info ][safepoint     ] Total time for which application threads were stopped: 0.0013229 seconds, Stopping threads took: 0.0006146 seconds
[2023-11-05T15:58:11.041+0000][2025.602s][debug][safepoint     ] Safepoint synchronization initiated. (191 threads)
[2023-11-05T15:58:11.042+0000][2025.602s][info ][safepoint     ] Application time: 1.0006676 seconds
[2023-11-05T15:58:11.042+0000][2025.603s][info ][safepoint     ] Entering safepoint region: Cleanup
[2023-11-05T15:58:11.043+0000][2025.603s][info ][safepoint     ] Leaving safepoint region
[2023-11-05T15:58:11.043+0000][2025.604s][info ][safepoint     ] Total time for which application threads were stopped: 0.0009960 seconds, Stopping threads took: 0.0004485 seconds
[2023-11-05T15:58:12.044+0000][2026.604s][debug][safepoint     ] Safepoint synchronization initiated. (191 threads)
[2023-11-05T15:58:12.044+0000][2026.605s][info ][safepoint     ] Application time: 1.0007194 seconds
[2023-11-05T15:58:12.045+0000][2026.605s][info ][safepoint     ] Entering safepoint region: Cleanup
[2023-11-05T15:58:12.046+0000][2026.606s][info ][safepoint     ] Leaving safepoint region
[2023-11-05T15:58:12.046+0000][2026.607s][info ][safepoint     ] Total time for which application threads were stopped: 0.0013844 seconds, Stopping threads took: 0.0006183 seconds
[2023-11-05T15:58:13.047+0000][2027.607s][debug][safepoint     ] Safepoint synchronization initiated. (191 threads)
[2023-11-05T15:58:13.048+0000][2027.608s][info ][safepoint     ] Application time: 1.0014149 seconds
[2023-11-05T15:58:13.049+0000][2027.610s][info ][safepoint     ] Entering safepoint region: Cleanup
[2023-11-05T15:58:13.050+0000][2027.611s][info ][safepoint     ] Leaving safepoint region
[2023-11-05T15:58:13.051+0000][2027.612s][info ][safepoint     ] Total time for which application threads were stopped: 0.0022808 seconds, Stopping threads took: 0.0009766 seconds
[2023-11-05T15:58:14.052+0000][2028.613s][debug][safepoint     ] Safepoint synchronization initiated. (191 threads)
[2023-11-05T15:58:14.053+0000][2028.614s][info ][safepoint     ] Application time: 1.0011568 seconds
[2023-11-05T15:58:14.054+0000][2028.614s][info ][safepoint     ] Entering safepoint region: Cleanup
[2023-11-05T15:58:14.055+0000][2028.615s][info ][safepoint     ] Leaving safepoint region
[2023-11-05T15:58:14.055+0000][2028.616s][info ][safepoint     ] Total time for which application threads were stopped: 0.0015628 seconds, Stopping threads took: 0.0006585 seconds
[2023-11-05T15:58:15.058+0000][2029.619s][debug][safepoint     ] Safepoint synchronization initiated. (191 threads)
[2023-11-05T15:58:15.059+0000][2029.619s][info ][safepoint     ] Application time: 1.0012229 seconds
[2023-11-05T15:58:15.060+0000][2029.620s][info ][safepoint     ] Entering safepoint region: Cleanup
[2023-11-05T15:58:15.061+0000][2029.621s][info ][safepoint     ] Leaving safepoint region
[2023-11-05T15:58:15.061+0000][2029.622s][info ][safepoint     ] Total time for which application threads were stopped: 0.0017217 seconds, Stopping threads took: 0.0007804 seconds
[2023-11-05T15:58:16.062+0000][2030.623s][debug][safepoint     ] Safepoint synchronization initiated. (191 threads)
[2023-11-05T15:58:16.063+0000][2030.623s][info ][safepoint     ] Application time: 1.0008006 seconds
[2023-11-05T15:58:16.063+0000][2030.624s][info ][safepoint     ] Entering safepoint region: Cleanup
[2023-11-05T15:58:16.064+0000][2030.625s][info ][safepoint     ] Leaving safepoint region
[2023-11-05T15:58:16.065+0000][2030.625s][info ][safepoint     ] Total time for which application threads were stopped: 0.0013972 seconds, Stopping threads took: 0.0007087 seconds
[2023-11-05T15:58:17.065+0000][2031.626s][debug][safepoint     ] Safepoint synchronization initiated. (191 threads)
[2023-11-05T15:58:17.066+0000][2031.627s][info ][safepoint     ] Application time: 1.0009375 seconds
[2023-11-05T15:58:17.067+0000][2031.627s][info ][safepoint     ] Entering safepoint region: Cleanup
[2023-11-05T15:58:17.068+0000][2031.628s][info ][safepoint     ] Leaving safepoint region
[2023-11-05T15:58:17.068+0000][2031.629s][info ][safepoint     ] Total time for which application threads were stopped: 0.0014244 seconds, Stopping threads took: 0.0006235 seconds
[2023-11-05T15:58:18.069+0000][2032.630s][debug][safepoint     ] Safepoint synchronization initiated. (191 threads)
[2023-11-05T15:58:18.071+0000][2032.631s][info ][safepoint     ] Application time: 1.0017448 seconds
[2023-11-05T15:58:18.072+0000][2032.632s][info ][safepoint     ] Entering safepoint region: Cleanup
[2023-11-05T15:58:18.073+0000][2032.634s][info ][safepoint     ] Leaving safepoint region
[2023-11-05T15:58:18.074+0000][2032.635s][info ][safepoint     ] Total time for which application threads were stopped: 0.0025953 seconds, Stopping threads took: 0.0012339 seconds
[2023-11-05T15:58:19.076+0000][2033.637s][debug][safepoint     ] Safepoint synchronization initiated. (191 threads)
[2023-11-05T15:58:19.077+0000][2033.638s][info ][safepoint     ] Application time: 1.0015777 seconds
[2023-11-05T15:58:19.078+0000][2033.638s][info ][safepoint     ] Entering safepoint region: Cleanup
[2023-11-05T15:58:19.079+0000][2033.640s][info ][safepoint     ] Leaving safepoint region
[2023-11-05T15:58:19.080+0000][2033.640s][info ][safepoint     ] Total time for which application threads were stopped: 0.0019260 seconds, Stopping threads took: 0.0007796 seconds
[2023-11-05T15:58:20.081+0000][2034.641s][debug][safepoint     ] Safepoint synchronization initiated. (191 threads)
[2023-11-05T15:58:20.082+0000][2034.642s][info ][safepoint     ] Application time: 1.0011058 seconds
[2023-11-05T15:58:20.082+0000][2034.643s][info ][safepoint     ] Entering safepoint region: Cleanup
[2023-11-05T15:58:20.083+0000][2034.644s][info ][safepoint     ] Leaving safepoint region
[2023-11-05T15:58:20.084+0000][2034.644s][info ][safepoint     ] Total time for which application threads were stopped: 0.0016149 seconds, Stopping threads took: 0.0008523 seconds
[2023-11-05T15:58:21.085+0000][2035.645s][debug][safepoint     ] Safepoint synchronization initiated. (191 threads)
[2023-11-05T15:58:21.086+0000][2035.647s][info ][safepoint     ] Application time: 1.0016752 seconds
[2023-11-05T15:58:21.088+0000][2035.648s][info ][safepoint     ] Entering safepoint region: Cleanup
[2023-11-05T15:58:21.089+0000][2035.649s][info ][safepoint     ] Leaving safepoint region
[2023-11-05T15:58:21.090+0000][2035.650s][info ][safepoint     ] Total time for which application threads were stopped: 0.0024723 seconds, Stopping threads took: 0.0009757 seconds
[2023-11-05T15:58:22.091+0000][2036.651s][debug][safepoint     ] Safepoint synchronization initiated. (191 threads)
[2023-11-05T15:58:22.092+0000][2036.652s][info ][safepoint     ] Application time: 1.0008634 seconds
[2023-11-05T15:58:22.092+0000][2036.653s][info ][safepoint     ] Entering safepoint region: Cleanup
[2023-11-05T15:58:22.093+0000][2036.654s][info ][safepoint     ] Leaving safepoint region
[2023-11-05T15:58:22.094+0000][2036.654s][info ][safepoint     ] Total time for which application threads were stopped: 0.0013066 seconds, Stopping threads took: 0.0006558 seconds
[2023-11-05T15:58:23.095+0000][2037.655s][debug][safepoint     ] Safepoint synchronization initiated. (191 threads)
[2023-11-05T15:58:23.096+0000][2037.656s][info ][safepoint     ] Application time: 1.0016920 seconds
[2023-11-05T15:58:23.097+0000][2037.658s][info ][safepoint     ] Entering safepoint region: Cleanup
[2023-11-05T15:58:23.099+0000][2037.659s][info ][safepoint     ] Leaving safepoint region
[2023-11-05T15:58:23.100+0000][2037.660s][info ][safepoint     ] Total time for which application threads were stopped: 0.0028736 seconds, Stopping threads took: 0.0011936 seconds
[2023-11-05T15:58:24.101+0000][2038.662s][debug][safepoint     ] Safepoint synchronization initiated. (191 threads)
[2023-11-05T15:58:24.102+0000][2038.663s][info ][safepoint     ] Application time: 1.0012840 seconds
[2023-11-05T15:58:24.103+0000][2038.664s][info ][safepoint     ] Entering safepoint region: Cleanup
[2023-11-05T15:58:24.104+0000][2038.664s][info ][safepoint     ] Leaving safepoint region
[2023-11-05T15:58:24.105+0000][2038.665s][info ][safepoint     ] Total time for which application threads were stopped: 0.0014338 seconds, Stopping threads took: 0.0004815 seconds
[2023-11-05T15:58:25.105+0000][2039.666s][debug][safepoint     ] Safepoint synchronization initiated. (191 threads)
[2023-11-05T15:58:25.106+0000][2039.667s][info ][safepoint     ] Application time: 1.0010221 seconds
[2023-11-05T15:58:25.107+0000][2039.667s][info ][safepoint     ] Entering safepoint region: Cleanup
[2023-11-05T15:58:25.107+0000][2039.668s][info ][safepoint     ] Leaving safepoint region
[2023-11-05T15:58:25.108+0000][2039.668s][info ][safepoint     ] Total time for which application threads were stopped: 0.0010949 seconds, Stopping threads took: 0.0004703 seconds
[2023-11-05T15:58:26.108+0000][2040.669s][debug][safepoint     ] Safepoint synchronization initiated. (191 threads)
[2023-11-05T15:58:26.109+0000][2040.670s][info ][safepoint     ] Application time: 1.0010970 seconds
[2023-11-05T15:58:26.110+0000][2040.671s][info ][safepoint     ] Entering safepoint region: Cleanup
[2023-11-05T15:58:26.111+0000][2040.672s][info ][safepoint     ] Leaving safepoint region
[2023-11-05T15:58:26.112+0000][2040.673s][info ][safepoint     ] Total time for which application threads were stopped: 0.0018912 seconds, Stopping threads took: 0.0008043 seconds
[2023-11-05T15:58:27.113+0000][2041.674s][debug][safepoint     ] Safepoint synchronization initiated. (191 threads)
[2023-11-05T15:58:27.114+0000][2041.674s][info ][safepoint     ] Application time: 1.0005061 seconds
[2023-11-05T15:58:27.114+0000][2041.674s][info ][safepoint     ] Entering safepoint region: Cleanup
[2023-11-05T15:58:27.114+0000][2041.675s][info ][safepoint     ] Leaving safepoint region
[2023-11-05T15:58:27.115+0000][2041.675s][info ][safepoint     ] Total time for which application threads were stopped: 0.0009079 seconds, Stopping threads took: 0.0003502 seconds
[2023-11-05T15:58:28.115+0000][2042.676s][debug][safepoint     ] Safepoint synchronization initiated. (191 threads)
[2023-11-05T15:58:28.116+0000][2042.676s][info ][safepoint     ] Application time: 1.0006648 seconds
[2023-11-05T15:58:28.116+0000][2042.677s][info ][safepoint     ] Entering safepoint region: Cleanup
[2023-11-05T15:58:28.117+0000][2042.677s][info ][safepoint     ] Leaving safepoint region
[2023-11-05T15:58:28.117+0000][2042.678s][info ][safepoint     ] Total time for which application threads were stopped: 0.0011496 seconds, Stopping threads took: 0.0004735 seconds
[2023-11-05T15:58:29.118+0000][2043.678s][debug][safepoint     ] Safepoint synchronization initiated. (191 threads)
[2023-11-05T15:58:29.119+0000][2043.680s][info ][safepoint     ] Application time: 1.0015138 seconds
[2023-11-05T15:58:29.120+0000][2043.681s][info ][safepoint     ] Entering safepoint region: Cleanup
[2023-11-05T15:58:29.121+0000][2043.682s][info ][safepoint     ] Leaving safepoint region
[2023-11-05T15:58:29.122+0000][2043.683s][info ][safepoint     ] Total time for which application threads were stopped: 0.0019917 seconds, Stopping threads took: 0.0008825 seconds
[2023-11-05T15:58:30.123+0000][2044.684s][debug][safepoint     ] Safepoint synchronization initiated. (191 threads)
[2023-11-05T15:58:30.124+0000][2044.684s][info ][safepoint     ] Application time: 1.0009204 seconds
[2023-11-05T15:58:30.125+0000][2044.685s][info ][safepoint     ] Entering safepoint region: Cleanup
[2023-11-05T15:58:30.126+0000][2044.687s][info ][safepoint     ] Leaving safepoint region
[2023-11-05T15:58:30.127+0000][2044.687s][info ][safepoint     ] Total time for which application threads were stopped: 0.0019247 seconds, Stopping threads took: 0.0008911 seconds
[2023-11-05T15:58:31.128+0000][2045.688s][debug][safepoint     ] Safepoint synchronization initiated. (191 threads)
[2023-11-05T15:58:31.129+0000][2045.690s][info ][safepoint     ] Application time: 1.0014274 seconds
[2023-11-05T15:58:31.130+0000][2045.691s][info ][safepoint     ] Entering safepoint region: Cleanup
[2023-11-05T15:58:31.131+0000][2045.692s][info ][safepoint     ] Leaving safepoint region
[2023-11-05T15:58:31.132+0000][2045.693s][info ][safepoint     ] Total time for which application threads were stopped: 0.0022736 seconds, Stopping threads took: 0.0009336 seconds
[2023-11-05T15:58:32.133+0000][2046.694s][debug][safepoint     ] Safepoint synchronization initiated. (191 threads)
[2023-11-05T15:58:32.134+0000][2046.694s][info ][safepoint     ] Application time: 1.0007134 seconds
[2023-11-05T15:58:32.134+0000][2046.695s][info ][safepoint     ] Entering safepoint region: Cleanup
[2023-11-05T15:58:32.135+0000][2046.695s][info ][safepoint     ] Leaving safepoint region
[2023-11-05T15:58:32.135+0000][2046.696s][info ][safepoint     ] Total time for which application threads were stopped: 0.0011108 seconds, Stopping threads took: 0.0004809 seconds
[2023-11-05T15:58:33.136+0000][2047.697s][debug][safepoint     ] Safepoint synchronization initiated. (191 threads)
[2023-11-05T15:58:33.137+0000][2047.698s][info ][safepoint     ] Application time: 1.0015528 seconds
[2023-11-05T15:58:33.139+0000][2047.699s][info ][safepoint     ] Entering safepoint region: Cleanup
[2023-11-05T15:58:33.140+0000][2047.700s][info ][safepoint     ] Leaving safepoint region
[2023-11-05T15:58:33.141+0000][2047.701s][info ][safepoint     ] Total time for which application threads were stopped: 0.0023353 seconds, Stopping threads took: 0.0010438 seconds
[2023-11-05T15:58:34.142+0000][2048.702s][debug][safepoint     ] Safepoint synchronization initiated. (191 threads)
[2023-11-05T15:58:34.143+0000][2048.703s][info ][safepoint     ] Application time: 1.0011553 seconds
[2023-11-05T15:58:34.144+0000][2048.704s][info ][safepoint     ] Entering safepoint region: Cleanup
[2023-11-05T15:58:34.145+0000][2048.706s][info ][safepoint     ] Leaving safepoint region
[2023-11-05T15:58:34.146+0000][2048.707s][info ][safepoint     ] Total time for which application threads were stopped: 0.0024528 seconds, Stopping threads took: 0.0010945 seconds
[2023-11-05T15:58:34.736+0000][2049.296s][debug][safepoint     ] Safepoint synchronization initiated. (191 threads)
[2023-11-05T15:58:34.737+0000][2049.297s][info ][safepoint     ] Application time: 0.5896550 seconds
[2023-11-05T15:58:34.738+0000][2049.298s][info ][safepoint     ] Entering safepoint region: G1CollectForAllocation
[2023-11-05T15:58:34.739+0000][2049.299s][info ][gc,start      ] GC(99) Pause Young (Prepare Mixed) (G1 Evacuation Pause)
[2023-11-05T15:58:34.740+0000][2049.300s][info ][gc,task       ] GC(99) Using 8 workers of 8 for evacuation
[2023-11-05T15:58:34.749+0000][2049.310s][info ][gc,phases     ] GC(99)   Pre Evacuate Collection Set: 0.0ms
[2023-11-05T15:58:34.750+0000][2049.310s][info ][gc,phases     ] GC(99)   Evacuate Collection Set: 4.7ms
[2023-11-05T15:58:34.750+0000][2049.311s][info ][gc,phases     ] GC(99)   Post Evacuate Collection Set: 3.0ms
[2023-11-05T15:58:34.751+0000][2049.311s][info ][gc,phases     ] GC(99)   Other: 2.5ms
[2023-11-05T15:58:34.751+0000][2049.312s][info ][gc,heap       ] GC(99) Eden regions: 109->0(17)
[2023-11-05T15:58:34.752+0000][2049.312s][info ][gc,heap       ] GC(99) Survivor regions: 2->2(14)
[2023-11-05T15:58:34.752+0000][2049.313s][info ][gc,heap       ] GC(99) Old regions: 160->160
[2023-11-05T15:58:34.753+0000][2049.313s][info ][gc,heap       ] GC(99) Humongous regions: 60->60
[2023-11-05T15:58:34.753+0000][2049.314s][info ][gc,metaspace  ] GC(99) Metaspace: 168111K(175420K)->168111K(175420K) NonClass: 148871K(153704K)->148871K(153704K) Class: 19240K(21716K)->19240K(21716K)
[2023-11-05T15:58:34.754+0000][2049.314s][info ][gc            ] GC(99) Pause Young (Prepare Mixed) (G1 Evacuation Pause) 328M->219M(381M) 14.965ms
[2023-11-05T15:58:34.754+0000][2049.315s][info ][gc,cpu        ] GC(99) User=0.05s Sys=0.00s Real=0.01s
[2023-11-05T15:58:34.755+0000][2049.316s][info ][safepoint     ] Leaving safepoint region
[2023-11-05T15:58:34.755+0000][2049.316s][info ][safepoint     ] Total time for which application threads were stopped: 0.0178900 seconds, Stopping threads took: 0.0009205 seconds
[2023-11-05T15:58:34.756+0000][2049.316s][info ][gc,stringdedup] Concurrent String Deduplication (2049.316s)
[2023-11-05T15:58:34.757+0000][2049.317s][info ][gc,stringdedup] Concurrent String Deduplication 22984.0B->432.0B(22552.0B) avg 54.3% (2049.316s, 2049.317s) 0.604ms
[2023-11-05T15:58:35.756+0000][2050.317s][debug][safepoint     ] Safepoint synchronization initiated. (191 threads)
[2023-11-05T15:58:35.757+0000][2050.318s][info ][safepoint     ] Application time: 1.0013190 seconds
[2023-11-05T15:58:35.758+0000][2050.318s][info ][safepoint     ] Entering safepoint region: Cleanup
[2023-11-05T15:58:35.759+0000][2050.319s][info ][safepoint     ] Leaving safepoint region
[2023-11-05T15:58:35.759+0000][2050.320s][info ][safepoint     ] Total time for which application threads were stopped: 0.0014247 seconds, Stopping threads took: 0.0006802 seconds
[2023-11-05T15:58:36.760+0000][2051.321s][debug][safepoint     ] Safepoint synchronization initiated. (191 threads)
[2023-11-05T15:58:36.761+0000][2051.321s][info ][safepoint     ] Application time: 1.0008729 seconds
[2023-11-05T15:58:36.761+0000][2051.322s][info ][safepoint     ] Entering safepoint region: Cleanup
[2023-11-05T15:58:36.762+0000][2051.323s][info ][safepoint     ] Leaving safepoint region
[2023-11-05T15:58:36.763+0000][2051.323s][info ][safepoint     ] Total time for which application threads were stopped: 0.0013605 seconds, Stopping threads took: 0.0005878 seconds
[2023-11-05T15:58:37.763+0000][2052.324s][debug][safepoint     ] Safepoint synchronization initiated. (191 threads)
[2023-11-05T15:58:37.764+0000][2052.325s][info ][safepoint     ] Application time: 1.0011935 seconds
[2023-11-05T15:58:37.766+0000][2052.326s][info ][safepoint     ] Entering safepoint region: Cleanup
[2023-11-05T15:58:37.767+0000][2052.327s][info ][safepoint     ] Leaving safepoint region
[2023-11-05T15:58:37.768+0000][2052.328s][info ][safepoint     ] Total time for which application threads were stopped: 0.0020914 seconds, Stopping threads took: 0.0008668 seconds
[2023-11-05T15:58:38.769+0000][2053.330s][debug][safepoint     ] Safepoint synchronization initiated. (191 threads)
[2023-11-05T15:58:38.770+0000][2053.331s][info ][safepoint     ] Application time: 1.0019494 seconds
[2023-11-05T15:58:38.771+0000][2053.332s][info ][safepoint     ] Entering safepoint region: Cleanup
[2023-11-05T15:58:38.772+0000][2053.333s][info ][safepoint     ] Leaving safepoint region
[2023-11-05T15:58:38.773+0000][2053.334s][info ][safepoint     ] Total time for which application threads were stopped: 0.0018738 seconds, Stopping threads took: 0.0008982 seconds
[2023-11-05T15:58:39.774+0000][2054.334s][debug][safepoint     ] Safepoint synchronization initiated. (191 threads)
[2023-11-05T15:58:39.775+0000][2054.335s][info ][safepoint     ] Application time: 1.0012338 seconds
[2023-11-05T15:58:39.776+0000][2054.336s][info ][safepoint     ] Entering safepoint region: Cleanup
[2023-11-05T15:58:39.777+0000][2054.338s][info ][safepoint     ] Leaving safepoint region
[2023-11-05T15:58:39.778+0000][2054.339s][info ][safepoint     ] Total time for which application threads were stopped: 0.0022208 seconds, Stopping threads took: 0.0009767 seconds
[2023-11-05T15:58:40.779+0000][2055.340s][debug][safepoint     ] Safepoint synchronization initiated. (191 threads)
[2023-11-05T15:58:40.780+0000][2055.341s][info ][safepoint     ] Application time: 1.0014634 seconds
[2023-11-05T15:58:40.781+0000][2055.342s][info ][safepoint     ] Entering safepoint region: Cleanup
[2023-11-05T15:58:40.783+0000][2055.343s][info ][safepoint     ] Leaving safepoint region
[2023-11-05T15:58:40.783+0000][2055.344s][info ][safepoint     ] Total time for which application threads were stopped: 0.0020858 seconds, Stopping threads took: 0.0010030 seconds
[2023-11-05T15:58:41.784+0000][2056.345s][debug][safepoint     ] Safepoint synchronization initiated. (191 threads)
[2023-11-05T15:58:41.785+0000][2056.345s][info ][safepoint     ] Application time: 1.0006408 seconds
[2023-11-05T15:58:41.785+0000][2056.346s][info ][safepoint     ] Entering safepoint region: Cleanup
[2023-11-05T15:58:41.786+0000][2056.346s][info ][safepoint     ] Leaving safepoint region
[2023-11-05T15:58:41.787+0000][2056.347s][info ][safepoint     ] Total time for which application threads were stopped: 0.0012386 seconds, Stopping threads took: 0.0004600 seconds
[2023-11-05T15:58:42.787+0000][2057.348s][debug][safepoint     ] Safepoint synchronization initiated. (191 threads)
[2023-11-05T15:58:42.788+0000][2057.348s][info ][safepoint     ] Application time: 1.0006833 seconds
[2023-11-05T15:58:42.788+0000][2057.349s][info ][safepoint     ] Entering safepoint region: Cleanup
[2023-11-05T15:58:42.789+0000][2057.349s][info ][safepoint     ] Leaving safepoint region
[2023-11-05T15:58:42.789+0000][2057.350s][info ][safepoint     ] Total time for which application threads were stopped: 0.0010075 seconds, Stopping threads took: 0.0004813 seconds
[2023-11-05T15:58:43.790+0000][2058.351s][debug][safepoint     ] Safepoint synchronization initiated. (191 threads)
[2023-11-05T15:58:43.791+0000][2058.352s][info ][safepoint     ] Application time: 1.0014531 seconds
[2023-11-05T15:58:43.792+0000][2058.353s][info ][safepoint     ] Entering safepoint region: Cleanup
[2023-11-05T15:58:43.793+0000][2058.354s][info ][safepoint     ] Leaving safepoint region
[2023-11-05T15:58:43.794+0000][2058.354s][info ][safepoint     ] Total time for which application threads were stopped: 0.0017940 seconds, Stopping threads took: 0.0007385 seconds
[2023-11-05T15:58:44.795+0000][2059.355s][debug][safepoint     ] Safepoint synchronization initiated. (191 threads)
[2023-11-05T15:58:44.796+0000][2059.356s][info ][safepoint     ] Application time: 1.0008354 seconds
[2023-11-05T15:58:44.796+0000][2059.357s][info ][safepoint     ] Entering safepoint region: Cleanup
[2023-11-05T15:58:44.797+0000][2059.357s][info ][safepoint     ] Leaving safepoint region
[2023-11-05T15:58:44.797+0000][2059.358s][info ][safepoint     ] Total time for which application threads were stopped: 0.0012115 seconds, Stopping threads took: 0.0005849 seconds
[2023-11-05T15:58:45.798+0000][2060.358s][debug][safepoint     ] Safepoint synchronization initiated. (191 threads)
[2023-11-05T15:58:45.799+0000][2060.359s][info ][safepoint     ] Application time: 1.0009761 seconds
[2023-11-05T15:58:45.799+0000][2060.360s][info ][safepoint     ] Entering safepoint region: Cleanup
[2023-11-05T15:58:45.800+0000][2060.361s][info ][safepoint     ] Leaving safepoint region
[2023-11-05T15:58:45.801+0000][2060.361s][info ][safepoint     ] Total time for which application threads were stopped: 0.0013426 seconds, Stopping threads took: 0.0007584 seconds
[2023-11-05T15:58:46.801+0000][2061.362s][debug][safepoint     ] Safepoint synchronization initiated. (191 threads)
[2023-11-05T15:58:46.802+0000][2061.362s][info ][safepoint     ] Application time: 1.0008124 seconds
[2023-11-05T15:58:46.802+0000][2061.363s][info ][safepoint     ] Entering safepoint region: Cleanup
[2023-11-05T15:58:46.803+0000][2061.364s][info ][safepoint     ] Leaving safepoint region
[2023-11-05T15:58:46.804+0000][2061.364s][info ][safepoint     ] Total time for which application threads were stopped: 0.0014873 seconds, Stopping threads took: 0.0006829 seconds
[2023-11-05T15:58:47.805+0000][2062.365s][debug][safepoint     ] Safepoint synchronization initiated. (191 threads)
[2023-11-05T15:58:47.806+0000][2062.367s][info ][safepoint     ] Application time: 1.0019080 seconds
[2023-11-05T15:58:47.807+0000][2062.367s][info ][safepoint     ] Entering safepoint region: Cleanup
[2023-11-05T15:58:47.808+0000][2062.368s][info ][safepoint     ] Leaving safepoint region
[2023-11-05T15:58:47.808+0000][2062.369s][info ][safepoint     ] Total time for which application threads were stopped: 0.0016767 seconds, Stopping threads took: 0.0008093 seconds
[2023-11-05T15:58:48.809+0000][2063.370s][debug][safepoint     ] Safepoint synchronization initiated. (191 threads)
[2023-11-05T15:58:48.810+0000][2063.370s][info ][safepoint     ] Application time: 1.0009134 seconds
[2023-11-05T15:58:48.810+0000][2063.371s][info ][safepoint     ] Entering safepoint region: Cleanup
[2023-11-05T15:58:48.811+0000][2063.371s][info ][safepoint     ] Leaving safepoint region
[2023-11-05T15:58:48.811+0000][2063.372s][info ][safepoint     ] Total time for which application threads were stopped: 0.0011659 seconds, Stopping threads took: 0.0004950 seconds
[2023-11-05T15:58:49.812+0000][2064.373s][debug][safepoint     ] Safepoint synchronization initiated. (191 threads)
[2023-11-05T15:58:49.813+0000][2064.374s][info ][safepoint     ] Application time: 1.0012163 seconds
[2023-11-05T15:58:49.814+0000][2064.374s][info ][safepoint     ] Entering safepoint region: Cleanup
[2023-11-05T15:58:49.815+0000][2064.375s][info ][safepoint     ] Leaving safepoint region
[2023-11-05T15:58:49.815+0000][2064.376s][info ][safepoint     ] Total time for which application threads were stopped: 0.0013846 seconds, Stopping threads took: 0.0005635 seconds
[2023-11-05T15:58:50.817+0000][2065.377s][debug][safepoint     ] Safepoint synchronization initiated. (191 threads)
[2023-11-05T15:58:50.818+0000][2065.378s][info ][safepoint     ] Application time: 1.0011440 seconds
[2023-11-05T15:58:50.818+0000][2065.379s][info ][safepoint     ] Entering safepoint region: Cleanup
[2023-11-05T15:58:50.819+0000][2065.380s][info ][safepoint     ] Leaving safepoint region
[2023-11-05T15:58:50.820+0000][2065.380s][info ][safepoint     ] Total time for which application threads were stopped: 0.0018024 seconds, Stopping threads took: 0.0008485 seconds
[2023-11-05T15:58:51.821+0000][2066.382s][debug][safepoint     ] Safepoint synchronization initiated. (191 threads)
[2023-11-05T15:58:51.822+0000][2066.383s][info ][safepoint     ] Application time: 1.0013480 seconds
[2023-11-05T15:58:51.823+0000][2066.384s][info ][safepoint     ] Entering safepoint region: Cleanup
[2023-11-05T15:58:51.824+0000][2066.384s][info ][safepoint     ] Leaving safepoint region
[2023-11-05T15:58:51.825+0000][2066.385s][info ][safepoint     ] Total time for which application threads were stopped: 0.0016512 seconds, Stopping threads took: 0.0006376 seconds
[2023-11-05T15:58:51.888+0000][2066.448s][debug][safepoint     ] Safepoint synchronization initiated. (191 threads)
[2023-11-05T15:58:51.889+0000][2066.450s][info ][safepoint     ] Application time: 0.0637340 seconds
[2023-11-05T15:58:51.890+0000][2066.451s][info ][safepoint     ] Entering safepoint region: G1CollectForAllocation
[2023-11-05T15:58:51.892+0000][2066.452s][info ][gc,start      ] GC(100) Pause Young (Mixed) (G1 Evacuation Pause)
[2023-11-05T15:58:51.893+0000][2066.453s][info ][gc,task       ] GC(100) Using 8 workers of 8 for evacuation
[2023-11-05T15:58:51.928+0000][2066.489s][info ][gc,phases     ] GC(100)   Pre Evacuate Collection Set: 3.8ms
[2023-11-05T15:58:51.929+0000][2066.489s][info ][gc,phases     ] GC(100)   Evacuate Collection Set: 26.7ms
[2023-11-05T15:58:51.930+0000][2066.490s][info ][gc,phases     ] GC(100)   Post Evacuate Collection Set: 4.2ms
[2023-11-05T15:58:51.930+0000][2066.491s][info ][gc,phases     ] GC(100)   Other: 1.9ms
[2023-11-05T15:58:51.931+0000][2066.492s][info ][gc,heap       ] GC(100) Eden regions: 17->0(17)
[2023-11-05T15:58:51.932+0000][2066.492s][info ][gc,heap       ] GC(100) Survivor regions: 2->2(3)
[2023-11-05T15:58:51.932+0000][2066.493s][info ][gc,heap       ] GC(100) Old regions: 160->143
[2023-11-05T15:58:51.933+0000][2066.494s][info ][gc,heap       ] GC(100) Humongous regions: 60->60
[2023-11-05T15:58:51.934+0000][2066.494s][info ][gc,metaspace  ] GC(100) Metaspace: 168132K(175420K)->168132K(175420K) NonClass: 148892K(153704K)->148892K(153704K) Class: 19240K(21716K)->19240K(21716K)
[2023-11-05T15:58:51.934+0000][2066.495s][info ][gc            ] GC(100) Pause Young (Mixed) (G1 Evacuation Pause) 236M->202M(381M) 42.499ms
[2023-11-05T15:58:51.935+0000][2066.495s][info ][gc,cpu        ] GC(100) User=0.23s Sys=0.00s Real=0.04s
[2023-11-05T15:58:51.935+0000][2066.496s][info ][safepoint     ] Leaving safepoint region
[2023-11-05T15:58:51.936+0000][2066.496s][info ][safepoint     ] Total time for which application threads were stopped: 0.0454862 seconds, Stopping threads took: 0.0010645 seconds
[2023-11-05T15:58:51.936+0000][2066.497s][info ][gc,stringdedup] Concurrent String Deduplication (2066.497s)
[2023-11-05T15:58:51.937+0000][2066.497s][info ][gc,stringdedup] Concurrent String Deduplication 15880.0B->600.0B(15280.0B) avg 54.3% (2066.497s, 2066.497s) 0.456ms
[2023-11-05T15:58:52.936+0000][2067.497s][debug][safepoint     ] Safepoint synchronization initiated. (191 threads)
[2023-11-05T15:58:52.937+0000][2067.497s][info ][safepoint     ] Application time: 1.0008874 seconds
[2023-11-05T15:58:52.938+0000][2067.498s][info ][safepoint     ] Entering safepoint region: Cleanup
[2023-11-05T15:58:52.939+0000][2067.499s][info ][safepoint     ] Leaving safepoint region
[2023-11-05T15:58:52.939+0000][2067.500s][info ][safepoint     ] Total time for which application threads were stopped: 0.0014114 seconds, Stopping threads took: 0.0006380 seconds
[2023-11-05T15:58:53.933+0000][2068.501s][debug][safepoint     ] Safepoint synchronization initiated. (191 threads)
[2023-11-05T15:58:53.933+0000][2068.501s][info ][safepoint     ] Application time: 1.0008110 seconds
[2023-11-05T15:58:53.934+0000][2068.502s][info ][safepoint     ] Entering safepoint region: Cleanup
[2023-11-05T15:58:53.935+0000][2068.503s][info ][safepoint     ] Leaving safepoint region
[2023-11-05T15:58:53.936+0000][2068.504s][info ][safepoint     ] Total time for which application threads were stopped: 0.0026110 seconds, Stopping threads took: 0.0009776 seconds
[2023-11-05T15:58:54.937+0000][2069.505s][debug][safepoint     ] Safepoint synchronization initiated. (191 threads)
[2023-11-05T15:58:54.938+0000][2069.506s][info ][safepoint     ] Application time: 1.0010847 seconds
[2023-11-05T15:58:54.939+0000][2069.507s][info ][safepoint     ] Entering safepoint region: Cleanup
[2023-11-05T15:58:54.939+0000][2069.507s][info ][safepoint     ] Leaving safepoint region
[2023-11-05T15:58:54.940+0000][2069.508s][info ][safepoint     ] Total time for which application threads were stopped: 0.0015225 seconds, Stopping threads took: 0.0006114 seconds
[2023-11-05T15:58:55.941+0000][2070.509s][debug][safepoint     ] Safepoint synchronization initiated. (191 threads)
[2023-11-05T15:58:55.942+0000][2070.510s][info ][safepoint     ] Application time: 1.0012461 seconds
[2023-11-05T15:58:55.942+0000][2070.510s][info ][safepoint     ] Entering safepoint region: Cleanup
[2023-11-05T15:58:55.943+0000][2070.511s][info ][safepoint     ] Leaving safepoint region
[2023-11-05T15:58:55.944+0000][2070.512s][info ][safepoint     ] Total time for which application threads were stopped: 0.0013945 seconds, Stopping threads took: 0.0005978 seconds
[2023-11-05T15:58:56.945+0000][2071.513s][debug][safepoint     ] Safepoint synchronization initiated. (191 threads)
[2023-11-05T15:58:56.945+0000][2071.513s][info ][safepoint     ] Application time: 1.0011375 seconds
[2023-11-05T15:58:56.946+0000][2071.514s][info ][safepoint     ] Entering safepoint region: Cleanup
[2023-11-05T15:58:56.947+0000][2071.515s][info ][safepoint     ] Leaving safepoint region
[2023-11-05T15:58:56.948+0000][2071.516s][info ][safepoint     ] Total time for which application threads were stopped: 0.0016184 seconds, Stopping threads took: 0.0007271 seconds
[2023-11-05T15:58:57.949+0000][2072.517s][debug][safepoint     ] Safepoint synchronization initiated. (191 threads)
[2023-11-05T15:58:57.950+0000][2072.518s][info ][safepoint     ] Application time: 1.0014997 seconds
[2023-11-05T15:58:57.951+0000][2072.519s][info ][safepoint     ] Entering safepoint region: Cleanup
[2023-11-05T15:58:57.952+0000][2072.520s][info ][safepoint     ] Leaving safepoint region
[2023-11-05T15:58:57.953+0000][2072.521s][info ][safepoint     ] Total time for which application threads were stopped: 0.0024727 seconds, Stopping threads took: 0.0011234 seconds
[2023-11-05T15:58:58.954+0000][2073.522s][debug][safepoint     ] Safepoint synchronization initiated. (191 threads)
[2023-11-05T15:58:58.955+0000][2073.523s][info ][safepoint     ] Application time: 1.0006118 seconds
[2023-11-05T15:58:58.955+0000][2073.523s][info ][safepoint     ] Entering safepoint region: Cleanup
[2023-11-05T15:58:58.956+0000][2073.524s][info ][safepoint     ] Leaving safepoint region
[2023-11-05T15:58:58.956+0000][2073.524s][info ][safepoint     ] Total time for which application threads were stopped: 0.0013563 seconds, Stopping threads took: 0.0004295 seconds
[2023-11-05T15:58:59.957+0000][2074.525s][debug][safepoint     ] Safepoint synchronization initiated. (191 threads)
[2023-11-05T15:58:59.957+0000][2074.525s][info ][safepoint     ] Application time: 1.0005118 seconds
[2023-11-05T15:58:59.957+0000][2074.525s][info ][safepoint     ] Entering safepoint region: Cleanup
[2023-11-05T15:58:59.958+0000][2074.526s][info ][safepoint     ] Leaving safepoint region
[2023-11-05T15:58:59.958+0000][2074.526s][info ][safepoint     ] Total time for which application threads were stopped: 0.0007793 seconds, Stopping threads took: 0.0003315 seconds
[2023-11-05T15:59:00.959+0000][2075.527s][debug][safepoint     ] Safepoint synchronization initiated. (191 threads)
[2023-11-05T15:59:00.959+0000][2075.527s][info ][safepoint     ] Application time: 1.0008846 seconds
[2023-11-05T15:59:00.960+0000][2075.528s][info ][safepoint     ] Entering safepoint region: Cleanup
[2023-11-05T15:59:00.961+0000][2075.529s][info ][safepoint     ] Leaving safepoint region
[2023-11-05T15:59:00.963+0000][2075.531s][info ][safepoint     ] Total time for which application threads were stopped: 0.0030100 seconds, Stopping threads took: 0.0008690 seconds
[2023-11-05T15:59:01.964+0000][2076.532s][debug][safepoint     ] Safepoint synchronization initiated. (191 threads)
[2023-11-05T15:59:01.966+0000][2076.534s][info ][safepoint     ] Application time: 1.0021917 seconds
[2023-11-05T15:59:01.966+0000][2076.534s][info ][safepoint     ] Entering safepoint region: Cleanup
[2023-11-05T15:59:01.967+0000][2076.535s][info ][safepoint     ] Leaving safepoint region
[2023-11-05T15:59:01.967+0000][2076.535s][info ][safepoint     ] Total time for which application threads were stopped: 0.0012202 seconds, Stopping threads took: 0.0005607 seconds
[2023-11-05T15:59:02.968+0000][2077.536s][debug][safepoint     ] Safepoint synchronization initiated. (191 threads)
[2023-11-05T15:59:02.969+0000][2077.537s][info ][safepoint     ] Application time: 1.0009700 seconds
[2023-11-05T15:59:02.970+0000][2077.538s][info ][safepoint     ] Entering safepoint region: Cleanup
[2023-11-05T15:59:02.971+0000][2077.539s][info ][safepoint     ] Leaving safepoint region
[2023-11-05T15:59:02.971+0000][2077.539s][info ][safepoint     ] Total time for which application threads were stopped: 0.0016596 seconds, Stopping threads took: 0.0007354 seconds
[2023-11-05T15:59:03.972+0000][2078.540s][debug][safepoint     ] Safepoint synchronization initiated. (191 threads)
[2023-11-05T15:59:03.973+0000][2078.541s][info ][safepoint     ] Application time: 1.0008466 seconds
[2023-11-05T15:59:03.973+0000][2078.541s][info ][safepoint     ] Entering safepoint region: Cleanup
[2023-11-05T15:59:03.974+0000][2078.542s][info ][safepoint     ] Leaving safepoint region
[2023-11-05T15:59:03.974+0000][2078.542s][info ][safepoint     ] Total time for which application threads were stopped: 0.0013578 seconds, Stopping threads took: 0.0005782 seconds
[2023-11-05T15:59:04.975+0000][2079.543s][debug][safepoint     ] Safepoint synchronization initiated. (191 threads)
[2023-11-05T15:59:04.976+0000][2079.544s][info ][safepoint     ] Application time: 1.0008039 seconds
[2023-11-05T15:59:04.976+0000][2079.544s][info ][safepoint     ] Entering safepoint region: Cleanup
[2023-11-05T15:59:04.977+0000][2079.545s][info ][safepoint     ] Leaving safepoint region
[2023-11-05T15:59:04.978+0000][2079.546s][info ][safepoint     ] Total time for which application threads were stopped: 0.0017858 seconds, Stopping threads took: 0.0005729 seconds
[2023-11-05T15:59:05.980+0000][2080.548s][debug][safepoint     ] Safepoint synchronization initiated. (191 threads)
[2023-11-05T15:59:05.981+0000][2080.549s][info ][safepoint     ] Application time: 1.0008702 seconds
[2023-11-05T15:59:05.982+0000][2080.550s][info ][safepoint     ] Entering safepoint region: Cleanup
[2023-11-05T15:59:05.982+0000][2080.550s][info ][safepoint     ] Leaving safepoint region
[2023-11-05T15:59:05.983+0000][2080.551s][info ][safepoint     ] Total time for which application threads were stopped: 0.0014012 seconds, Stopping threads took: 0.0006472 seconds
[2023-11-05T15:59:06.983+0000][2081.551s][debug][safepoint     ] Safepoint synchronization initiated. (191 threads)
[2023-11-05T15:59:06.985+0000][2081.553s][info ][safepoint     ] Application time: 1.0012182 seconds
[2023-11-05T15:59:06.986+0000][2081.554s][info ][safepoint     ] Entering safepoint region: Cleanup
[2023-11-05T15:59:06.987+0000][2081.555s][info ][safepoint     ] Leaving safepoint region
[2023-11-05T15:59:06.987+0000][2081.555s][info ][safepoint     ] Total time for which application threads were stopped: 0.0016149 seconds, Stopping threads took: 0.0006782 seconds
[2023-11-05T15:59:07.988+0000][2082.556s][debug][safepoint     ] Safepoint synchronization initiated. (191 threads)
[2023-11-05T15:59:07.989+0000][2082.557s][info ][safepoint     ] Application time: 1.0014557 seconds
[2023-11-05T15:59:07.990+0000][2082.558s][info ][safepoint     ] Entering safepoint region: Cleanup
[2023-11-05T15:59:07.992+0000][2082.560s][info ][safepoint     ] Leaving safepoint region
[2023-11-05T15:59:07.992+0000][2082.560s][info ][safepoint     ] Total time for which application threads were stopped: 0.0019704 seconds, Stopping threads took: 0.0008873 seconds
[2023-11-05T15:59:08.993+0000][2083.561s][debug][safepoint     ] Safepoint synchronization initiated. (191 threads)
[2023-11-05T15:59:08.995+0000][2083.563s][info ][safepoint     ] Application time: 1.0014641 seconds
[2023-11-05T15:59:08.996+0000][2083.564s][info ][safepoint     ] Entering safepoint region: Cleanup
[2023-11-05T15:59:08.997+0000][2083.565s][info ][safepoint     ] Leaving safepoint region
[2023-11-05T15:59:08.998+0000][2083.566s][info ][safepoint     ] Total time for which application threads were stopped: 0.0026323 seconds, Stopping threads took: 0.0011645 seconds
[2023-11-05T15:59:09.867+0000][2084.435s][debug][safepoint     ] Safepoint synchronization initiated. (191 threads)
[2023-11-05T15:59:09.867+0000][2084.435s][info ][safepoint     ] Application time: 0.8682436 seconds
[2023-11-05T15:59:09.868+0000][2084.436s][info ][safepoint     ] Entering safepoint region: G1CollectForAllocation
[2023-11-05T15:59:09.869+0000][2084.437s][info ][gc,start      ] GC(101) Pause Young (Mixed) (G1 Evacuation Pause)
[2023-11-05T15:59:09.869+0000][2084.437s][info ][gc,task       ] GC(101) Using 8 workers of 8 for evacuation
[2023-11-05T15:59:09.882+0000][2084.450s][info ][gc,phases     ] GC(101)   Pre Evacuate Collection Set: 0.1ms
[2023-11-05T15:59:09.883+0000][2084.451s][info ][gc,phases     ] GC(101)   Evacuate Collection Set: 10.0ms
[2023-11-05T15:59:09.884+0000][2084.452s][info ][gc,phases     ] GC(101)   Post Evacuate Collection Set: 2.7ms
[2023-11-05T15:59:09.884+0000][2084.452s][info ][gc,phases     ] GC(101)   Other: 0.9ms
[2023-11-05T15:59:09.885+0000][2084.453s][info ][gc,heap       ] GC(101) Eden regions: 17->0(118)
[2023-11-05T15:59:09.885+0000][2084.453s][info ][gc,heap       ] GC(101) Survivor regions: 2->2(3)
[2023-11-05T15:59:09.886+0000][2084.454s][info ][gc,heap       ] GC(101) Old regions: 143->142
[2023-11-05T15:59:09.886+0000][2084.454s][info ][gc,heap       ] GC(101) Humongous regions: 60->60
[2023-11-05T15:59:09.887+0000][2084.455s][info ][gc,metaspace  ] GC(101) Metaspace: 168134K(175420K)->168134K(175420K) NonClass: 148894K(153704K)->148894K(153704K) Class: 19240K(21716K)->19240K(21716K)
[2023-11-05T15:59:09.887+0000][2084.455s][info ][gc            ] GC(101) Pause Young (Mixed) (G1 Evacuation Pause) 219M->202M(381M) 18.861ms
[2023-11-05T15:59:09.888+0000][2084.456s][info ][gc,cpu        ] GC(101) User=0.09s Sys=0.00s Real=0.02s
[2023-11-05T15:59:09.889+0000][2084.457s][info ][safepoint     ] Leaving safepoint region
[2023-11-05T15:59:09.889+0000][2084.457s][info ][safepoint     ] Total time for which application threads were stopped: 0.0211500 seconds, Stopping threads took: 0.0003358 seconds
[2023-11-05T15:59:09.890+0000][2084.458s][info ][gc,stringdedup] Concurrent String Deduplication (2084.458s)
[2023-11-05T15:59:09.890+0000][2084.458s][info ][gc,stringdedup] Concurrent String Deduplication 264.0B->48.0B(216.0B) avg 54.3% (2084.458s, 2084.458s) 0.453ms
[2023-11-05T15:59:10.890+0000][2085.458s][debug][safepoint     ] Safepoint synchronization initiated. (191 threads)
[2023-11-05T15:59:10.891+0000][2085.459s][info ][safepoint     ] Application time: 1.0015473 seconds
[2023-11-05T15:59:10.893+0000][2085.461s][info ][safepoint     ] Entering safepoint region: Cleanup
[2023-11-05T15:59:10.894+0000][2085.462s][info ][safepoint     ] Leaving safepoint region
[2023-11-05T15:59:10.895+0000][2085.463s][info ][safepoint     ] Total time for which application threads were stopped: 0.0025098 seconds, Stopping threads took: 0.0011099 seconds
[2023-11-05T15:59:11.896+0000][2086.464s][debug][safepoint     ] Safepoint synchronization initiated. (191 threads)
[2023-11-05T15:59:11.897+0000][2086.465s][info ][safepoint     ] Application time: 1.0014343 seconds
[2023-11-05T15:59:11.898+0000][2086.466s][info ][safepoint     ] Entering safepoint region: Cleanup
[2023-11-05T15:59:11.900+0000][2086.468s][info ][safepoint     ] Leaving safepoint region
[2023-11-05T15:59:11.900+0000][2086.468s][info ][safepoint     ] Total time for which application threads were stopped: 0.0021864 seconds, Stopping threads took: 0.0009366 seconds
[2023-11-05T15:59:12.902+0000][2087.470s][debug][safepoint     ] Safepoint synchronization initiated. (191 threads)
[2023-11-05T15:59:12.903+0000][2087.471s][info ][safepoint     ] Application time: 1.0014565 seconds
[2023-11-05T15:59:12.904+0000][2087.472s][info ][safepoint     ] Entering safepoint region: Cleanup
[2023-11-05T15:59:12.905+0000][2087.473s][info ][safepoint     ] Leaving safepoint region
[2023-11-05T15:59:12.906+0000][2087.474s][info ][safepoint     ] Total time for which application threads were stopped: 0.0023502 seconds, Stopping threads took: 0.0010219 seconds
[2023-11-05T15:59:13.907+0000][2088.475s][debug][safepoint     ] Safepoint synchronization initiated. (191 threads)
[2023-11-05T15:59:13.909+0000][2088.477s][info ][safepoint     ] Application time: 1.0016539 seconds
[2023-11-05T15:59:13.910+0000][2088.478s][info ][safepoint     ] Entering safepoint region: Cleanup
[2023-11-05T15:59:13.911+0000][2088.479s][info ][safepoint     ] Leaving safepoint region
[2023-11-05T15:59:13.912+0000][2088.480s][info ][safepoint     ] Total time for which application threads were stopped: 0.0022891 seconds, Stopping threads took: 0.0008855 seconds
[2023-11-05T15:59:14.913+0000][2089.481s][debug][safepoint     ] Safepoint synchronization initiated. (191 threads)
[2023-11-05T15:59:14.915+0000][2089.483s][info ][safepoint     ] Application time: 1.0017883 seconds
[2023-11-05T15:59:14.916+0000][2089.484s][info ][safepoint     ] Entering safepoint region: Cleanup
[2023-11-05T15:59:14.917+0000][2089.485s][info ][safepoint     ] Leaving safepoint region
[2023-11-05T15:59:14.918+0000][2089.486s][info ][safepoint     ] Total time for which application threads were stopped: 0.0014096 seconds, Stopping threads took: 0.0006626 seconds
[2023-11-05T15:59:15.918+0000][2090.486s][debug][safepoint     ] Safepoint synchronization initiated. (191 threads)
[2023-11-05T15:59:15.919+0000][2090.487s][info ][safepoint     ] Application time: 1.0006212 seconds
[2023-11-05T15:59:15.921+0000][2090.489s][info ][safepoint     ] Entering safepoint region: Cleanup
[2023-11-05T15:59:15.922+0000][2090.490s][info ][safepoint     ] Leaving safepoint region
[2023-11-05T15:59:15.923+0000][2090.491s][info ][safepoint     ] Total time for which application threads were stopped: 0.0025639 seconds, Stopping threads took: 0.0015203 seconds
[2023-11-05T15:59:16.924+0000][2091.492s][debug][safepoint     ] Safepoint synchronization initiated. (191 threads)
[2023-11-05T15:59:16.924+0000][2091.492s][info ][safepoint     ] Application time: 1.0009540 seconds
[2023-11-05T15:59:16.925+0000][2091.493s][info ][safepoint     ] Entering safepoint region: Cleanup
[2023-11-05T15:59:16.926+0000][2091.494s][info ][safepoint     ] Leaving safepoint region
[2023-11-05T15:59:16.926+0000][2091.494s][info ][safepoint     ] Total time for which application threads were stopped: 0.0012673 seconds, Stopping threads took: 0.0005993 seconds
[2023-11-05T15:59:17.927+0000][2092.495s][debug][safepoint     ] Safepoint synchronization initiated. (191 threads)
[2023-11-05T15:59:17.927+0000][2092.495s][info ][safepoint     ] Application time: 1.0008503 seconds
[2023-11-05T15:59:17.928+0000][2092.496s][info ][safepoint     ] Entering safepoint region: Cleanup
[2023-11-05T15:59:17.929+0000][2092.497s][info ][safepoint     ] Leaving safepoint region
[2023-11-05T15:59:17.929+0000][2092.497s][info ][safepoint     ] Total time for which application threads were stopped: 0.0012866 seconds, Stopping threads took: 0.0005419 seconds
[2023-11-05T15:59:18.930+0000][2093.498s][debug][safepoint     ] Safepoint synchronization initiated. (191 threads)
[2023-11-05T15:59:18.931+0000][2093.499s][info ][safepoint     ] Application time: 1.0014781 seconds
[2023-11-05T15:59:18.932+0000][2093.500s][info ][safepoint     ] Entering safepoint region: Cleanup
[2023-11-05T15:59:18.934+0000][2093.502s][info ][safepoint     ] Leaving safepoint region
[2023-11-05T15:59:18.934+0000][2093.502s][info ][safepoint     ] Total time for which application threads were stopped: 0.0022357 seconds, Stopping threads took: 0.0009672 seconds
[2023-11-05T15:59:19.935+0000][2094.503s][debug][safepoint     ] Safepoint synchronization initiated. (191 threads)
[2023-11-05T15:59:19.936+0000][2094.504s][info ][safepoint     ] Application time: 1.0007953 seconds
[2023-11-05T15:59:19.937+0000][2094.505s][info ][safepoint     ] Entering safepoint region: Cleanup
[2023-11-05T15:59:19.938+0000][2094.506s][info ][safepoint     ] Leaving safepoint region
[2023-11-05T15:59:19.939+0000][2094.507s][info ][safepoint     ] Total time for which application threads were stopped: 0.0019432 seconds, Stopping threads took: 0.0008435 seconds
[2023-11-05T15:59:20.940+0000][2095.508s][debug][safepoint     ] Safepoint synchronization initiated. (191 threads)
[2023-11-05T15:59:20.940+0000][2095.508s][info ][safepoint     ] Application time: 1.0007804 seconds
[2023-11-05T15:59:20.941+0000][2095.509s][info ][safepoint     ] Entering safepoint region: Cleanup
[2023-11-05T15:59:20.942+0000][2095.510s][info ][safepoint     ] Leaving safepoint region
[2023-11-05T15:59:20.942+0000][2095.510s][info ][safepoint     ] Total time for which application threads were stopped: 0.0011167 seconds, Stopping threads took: 0.0004946 seconds
[2023-11-05T15:59:21.943+0000][2096.511s][debug][safepoint     ] Safepoint synchronization initiated. (191 threads)
[2023-11-05T15:59:21.944+0000][2096.512s][info ][safepoint     ] Application time: 1.0010453 seconds
[2023-11-05T15:59:21.945+0000][2096.513s][info ][safepoint     ] Entering safepoint region: Cleanup
[2023-11-05T15:59:21.946+0000][2096.514s][info ][safepoint     ] Leaving safepoint region
[2023-11-05T15:59:21.946+0000][2096.514s][info ][safepoint     ] Total time for which application threads were stopped: 0.0016930 seconds, Stopping threads took: 0.0007527 seconds
[2023-11-05T15:59:22.947+0000][2097.515s][debug][safepoint     ] Safepoint synchronization initiated. (191 threads)
[2023-11-05T15:59:22.948+0000][2097.516s][info ][safepoint     ] Application time: 1.0015035 seconds
[2023-11-05T15:59:22.949+0000][2097.517s][info ][safepoint     ] Entering safepoint region: Cleanup
[2023-11-05T15:59:22.951+0000][2097.519s][info ][safepoint     ] Leaving safepoint region
[2023-11-05T15:59:22.952+0000][2097.520s][info ][safepoint     ] Total time for which application threads were stopped: 0.0024577 seconds, Stopping threads took: 0.0011747 seconds
[2023-11-05T15:59:23.960+0000][2098.521s][debug][safepoint     ] Safepoint synchronization initiated. (191 threads)
[2023-11-05T15:59:23.960+0000][2098.521s][info ][safepoint     ] Application time: 1.0006491 seconds
[2023-11-05T15:59:23.961+0000][2098.521s][info ][safepoint     ] Entering safepoint region: Cleanup
[2023-11-05T15:59:23.961+0000][2098.522s][info ][safepoint     ] Leaving safepoint region
[2023-11-05T15:59:23.961+0000][2098.522s][info ][safepoint     ] Total time for which application threads were stopped: 0.0008476 seconds, Stopping threads took: 0.0003849 seconds
[2023-11-05T15:59:24.962+0000][2099.523s][debug][safepoint     ] Safepoint synchronization initiated. (191 threads)
[2023-11-05T15:59:24.964+0000][2099.525s][info ][safepoint     ] Application time: 1.0020749 seconds
[2023-11-05T15:59:24.965+0000][2099.526s][info ][safepoint     ] Entering safepoint region: Cleanup
[2023-11-05T15:59:24.966+0000][2099.527s][info ][safepoint     ] Leaving safepoint region
[2023-11-05T15:59:24.966+0000][2099.527s][info ][safepoint     ] Total time for which application threads were stopped: 0.0012675 seconds, Stopping threads took: 0.0005503 seconds
[2023-11-05T15:59:25.967+0000][2100.528s][debug][safepoint     ] Safepoint synchronization initiated. (191 threads)
[2023-11-05T15:59:25.967+0000][2100.528s][info ][safepoint     ] Application time: 1.0006501 seconds
[2023-11-05T15:59:25.968+0000][2100.529s][info ][safepoint     ] Entering safepoint region: Cleanup
[2023-11-05T15:59:25.969+0000][2100.530s][info ][safepoint     ] Leaving safepoint region
[2023-11-05T15:59:25.969+0000][2100.530s][info ][safepoint     ] Total time for which application threads were stopped: 0.0011271 seconds, Stopping threads took: 0.0004956 seconds
[2023-11-05T15:59:26.969+0000][2101.530s][debug][safepoint     ] Safepoint synchronization initiated. (191 threads)
[2023-11-05T15:59:26.970+0000][2101.531s][info ][safepoint     ] Application time: 1.0005526 seconds
[2023-11-05T15:59:26.970+0000][2101.531s][debug][safepoint     ] ... found polling page return exception at pc = 0x00007f808d1bfb66, stub =0x00007f8084840600
[2023-11-05T15:59:26.971+0000][2101.532s][debug][safepoint     ] Waiting for 1 thread(s) to block
[2023-11-05T15:59:26.971+0000][2101.532s][info ][safepoint     ] Entering safepoint region: Cleanup
[2023-11-05T15:59:26.972+0000][2101.533s][info ][safepoint     ] Leaving safepoint region
[2023-11-05T15:59:26.972+0000][2101.533s][info ][safepoint     ] Total time for which application threads were stopped: 0.0021950 seconds, Stopping threads took: 0.0014207 seconds
[2023-11-05T15:59:27.974+0000][2102.535s][debug][safepoint     ] Safepoint synchronization initiated. (191 threads)
[2023-11-05T15:59:27.975+0000][2102.536s][info ][safepoint     ] Application time: 1.0019489 seconds
[2023-11-05T15:59:27.976+0000][2102.536s][info ][safepoint     ] Entering safepoint region: Cleanup
[2023-11-05T15:59:27.976+0000][2102.537s][info ][safepoint     ] Leaving safepoint region
[2023-11-05T15:59:27.977+0000][2102.538s][info ][safepoint     ] Total time for which application threads were stopped: 0.0014332 seconds, Stopping threads took: 0.0005931 seconds
[2023-11-05T15:59:28.978+0000][2103.539s][debug][safepoint     ] Safepoint synchronization initiated. (191 threads)
[2023-11-05T15:59:28.979+0000][2103.540s][info ][safepoint     ] Application time: 1.0014249 seconds
[2023-11-05T15:59:28.980+0000][2103.541s][info ][safepoint     ] Entering safepoint region: Cleanup
[2023-11-05T15:59:28.981+0000][2103.542s][info ][safepoint     ] Leaving safepoint region
[2023-11-05T15:59:28.982+0000][2103.543s][info ][safepoint     ] Total time for which application threads were stopped: 0.0020267 seconds, Stopping threads took: 0.0009672 seconds
[2023-11-05T15:59:29.983+0000][2104.544s][debug][safepoint     ] Safepoint synchronization initiated. (191 threads)
[2023-11-05T15:59:29.984+0000][2104.545s][info ][safepoint     ] Application time: 1.0013707 seconds
[2023-11-05T15:59:29.985+0000][2104.546s][info ][safepoint     ] Entering safepoint region: Cleanup
[2023-11-05T15:59:29.986+0000][2104.547s][info ][safepoint     ] Leaving safepoint region
[2023-11-05T15:59:29.987+0000][2104.548s][info ][safepoint     ] Total time for which application threads were stopped: 0.0021435 seconds, Stopping threads took: 0.0009112 seconds
[2023-11-05T15:59:30.988+0000][2105.549s][debug][safepoint     ] Safepoint synchronization initiated. (191 threads)
[2023-11-05T15:59:30.988+0000][2105.549s][info ][safepoint     ] Application time: 1.0006745 seconds
[2023-11-05T15:59:30.989+0000][2105.550s][info ][safepoint     ] Entering safepoint region: Cleanup
[2023-11-05T15:59:30.989+0000][2105.550s][info ][safepoint     ] Leaving safepoint region
[2023-11-05T15:59:30.990+0000][2105.550s][info ][safepoint     ] Total time for which application threads were stopped: 0.0008419 seconds, Stopping threads took: 0.0003483 seconds
[2023-11-05T15:59:31.990+0000][2106.551s][debug][safepoint     ] Safepoint synchronization initiated. (191 threads)
[2023-11-05T15:59:31.991+0000][2106.552s][info ][safepoint     ] Application time: 1.0010264 seconds
[2023-11-05T15:59:31.992+0000][2106.553s][info ][safepoint     ] Entering safepoint region: Cleanup
[2023-11-05T15:59:31.993+0000][2106.554s][debug][safepoint     ] ... found polling page return exception at pc = 0x00007f808d32eb44, stub =0x00007f8084840600
[2023-11-05T15:59:31.993+0000][2106.554s][debug][safepoint     ] ... found polling page return exception at pc = 0x00007f808d32eb44, stub =0x00007f8084840600
[2023-11-05T15:59:31.993+0000][2106.554s][debug][safepoint     ] ... found polling page return exception at pc = 0x00007f808d32eb44, stub =0x00007f8084840600
[2023-11-05T15:59:31.993+0000][2106.554s][debug][safepoint     ] ... found polling page return exception at pc = 0x00007f808d32eb44, stub =0x00007f8084840600
[2023-11-05T15:59:31.993+0000][2106.554s][debug][safepoint     ] ... found polling page return exception at pc = 0x00007f808d32eb44, stub =0x00007f8084840600
[2023-11-05T15:59:31.993+0000][2106.554s][debug][safepoint     ] ... found polling page return exception at pc = 0x00007f808d32eb44, stub =0x00007f8084840600
[2023-11-05T15:59:31.993+0000][2106.554s][info ][safepoint     ] Leaving safepoint region
[2023-11-05T15:59:31.998+0000][2106.558s][info ][safepoint     ] Total time for which application threads were stopped: 0.0059725 seconds, Stopping threads took: 0.0007783 seconds
[2023-11-05T15:59:31.993+0000][2106.554s][debug][safepoint     ] ... found polling page return exception at pc = 0x00007f808d32eb44, stub =0x00007f8084840600
[2023-11-05T15:59:31.993+0000][2106.554s][debug][safepoint     ] ... found polling page return exception at pc = 0x00007f808d32eb44, stub =0x00007f8084840600
[2023-11-05T15:59:31.993+0000][2106.554s][debug][safepoint     ] ... found polling page return exception at pc = 0x00007f808d32eb44, stub =0x00007f8084840600
[2023-11-05T15:59:31.993+0000][2106.554s][debug][safepoint     ] ... found polling page return exception at pc = 0x00007f808d32eb44, stub =0x00007f8084840600
[2023-11-05T15:59:32.998+0000][2107.559s][debug][safepoint     ] Safepoint synchronization initiated. (191 threads)
[2023-11-05T15:59:32.999+0000][2107.560s][info ][safepoint     ] Application time: 1.0010880 seconds
[2023-11-05T15:59:33.000+0000][2107.561s][info ][safepoint     ] Entering safepoint region: Cleanup
[2023-11-05T15:59:33.000+0000][2107.561s][info ][safepoint     ] Leaving safepoint region
[2023-11-05T15:59:33.001+0000][2107.562s][info ][safepoint     ] Total time for which application threads were stopped: 0.0012825 seconds, Stopping threads took: 0.0005764 seconds
[2023-11-05T15:59:34.001+0000][2108.562s][debug][safepoint     ] Safepoint synchronization initiated. (191 threads)
[2023-11-05T15:59:34.002+0000][2108.563s][info ][safepoint     ] Application time: 1.0006414 seconds
[2023-11-05T15:59:34.002+0000][2108.563s][info ][safepoint     ] Entering safepoint region: Cleanup
[2023-11-05T15:59:34.003+0000][2108.564s][info ][safepoint     ] Leaving safepoint region
[2023-11-05T15:59:34.003+0000][2108.564s][info ][safepoint     ] Total time for which application threads were stopped: 0.0010880 seconds, Stopping threads took: 0.0004720 seconds
[2023-11-05T15:59:35.004+0000][2109.565s][debug][safepoint     ] Safepoint synchronization initiated. (191 threads)
[2023-11-05T15:59:35.005+0000][2109.566s][info ][safepoint     ] Application time: 1.0006173 seconds
[2023-11-05T15:59:35.005+0000][2109.566s][info ][safepoint     ] Entering safepoint region: Cleanup
[2023-11-05T15:59:35.006+0000][2109.567s][info ][safepoint     ] Leaving safepoint region
[2023-11-05T15:59:35.006+0000][2109.567s][info ][safepoint     ] Total time for which application threads were stopped: 0.0010666 seconds, Stopping threads took: 0.0004362 seconds
[2023-11-05T15:59:36.007+0000][2110.568s][debug][safepoint     ] Safepoint synchronization initiated. (191 threads)
[2023-11-05T15:59:36.008+0000][2110.569s][info ][safepoint     ] Application time: 1.0008750 seconds
[2023-11-05T15:59:36.008+0000][2110.569s][info ][safepoint     ] Entering safepoint region: Cleanup
[2023-11-05T15:59:36.010+0000][2110.571s][info ][safepoint     ] Leaving safepoint region
[2023-11-05T15:59:36.010+0000][2110.571s][info ][safepoint     ] Total time for which application threads were stopped: 0.0022140 seconds, Stopping threads took: 0.0012751 seconds
[2023-11-05T15:59:37.011+0000][2111.572s][debug][safepoint     ] Safepoint synchronization initiated. (191 threads)
[2023-11-05T15:59:37.012+0000][2111.573s][info ][safepoint     ] Application time: 1.0012059 seconds
[2023-11-05T15:59:37.013+0000][2111.574s][info ][safepoint     ] Entering safepoint region: Cleanup
[2023-11-05T15:59:37.015+0000][2111.575s][info ][safepoint     ] Leaving safepoint region
[2023-11-05T15:59:37.015+0000][2111.576s][info ][safepoint     ] Total time for which application threads were stopped: 0.0020437 seconds, Stopping threads took: 0.0012021 seconds
[2023-11-05T15:59:38.016+0000][2112.577s][debug][safepoint     ] Safepoint synchronization initiated. (191 threads)
[2023-11-05T15:59:38.017+0000][2112.578s][info ][safepoint     ] Application time: 1.0009251 seconds
[2023-11-05T15:59:38.017+0000][2112.578s][info ][safepoint     ] Entering safepoint region: Cleanup
[2023-11-05T15:59:38.018+0000][2112.579s][info ][safepoint     ] Leaving safepoint region
[2023-11-05T15:59:38.018+0000][2112.579s][info ][safepoint     ] Total time for which application threads were stopped: 0.0011512 seconds, Stopping threads took: 0.0004686 seconds
[2023-11-05T15:59:39.019+0000][2113.580s][debug][safepoint     ] Safepoint synchronization initiated. (191 threads)
[2023-11-05T15:59:39.020+0000][2113.581s][info ][safepoint     ] Application time: 1.0009541 seconds
[2023-11-05T15:59:39.020+0000][2113.581s][info ][safepoint     ] Entering safepoint region: Cleanup
[2023-11-05T15:59:39.021+0000][2113.582s][info ][safepoint     ] Leaving safepoint region
[2023-11-05T15:59:39.022+0000][2113.582s][info ][safepoint     ] Total time for which application threads were stopped: 0.0012802 seconds, Stopping threads took: 0.0005504 seconds
[2023-11-05T15:59:40.022+0000][2114.583s][debug][safepoint     ] Safepoint synchronization initiated. (191 threads)
[2023-11-05T15:59:40.023+0000][2114.584s][info ][safepoint     ] Application time: 1.0009173 seconds
[2023-11-05T15:59:40.024+0000][2114.585s][info ][safepoint     ] Entering safepoint region: Cleanup
[2023-11-05T15:59:40.024+0000][2114.585s][info ][safepoint     ] Leaving safepoint region
[2023-11-05T15:59:40.025+0000][2114.586s][info ][safepoint     ] Total time for which application threads were stopped: 0.0014118 seconds, Stopping threads took: 0.0006438 seconds
[2023-11-05T15:59:41.026+0000][2115.587s][debug][safepoint     ] Safepoint synchronization initiated. (191 threads)
[2023-11-05T15:59:41.026+0000][2115.587s][info ][safepoint     ] Application time: 1.0006353 seconds
[2023-11-05T15:59:41.027+0000][2115.588s][info ][safepoint     ] Entering safepoint region: Cleanup
[2023-11-05T15:59:41.027+0000][2115.588s][info ][safepoint     ] Leaving safepoint region
[2023-11-05T15:59:41.028+0000][2115.589s][info ][safepoint     ] Total time for which application threads were stopped: 0.0009764 seconds, Stopping threads took: 0.0004399 seconds
[2023-11-05T15:59:42.028+0000][2116.589s][debug][safepoint     ] Safepoint synchronization initiated. (191 threads)
[2023-11-05T15:59:42.029+0000][2116.590s][info ][safepoint     ] Application time: 1.0007511 seconds
[2023-11-05T15:59:42.029+0000][2116.590s][info ][safepoint     ] Entering safepoint region: Cleanup
[2023-11-05T15:59:42.030+0000][2116.591s][info ][safepoint     ] Leaving safepoint region
[2023-11-05T15:59:42.031+0000][2116.591s][info ][safepoint     ] Total time for which application threads were stopped: 0.0011725 seconds, Stopping threads took: 0.0004618 seconds
[2023-11-05T15:59:43.031+0000][2117.592s][debug][safepoint     ] Safepoint synchronization initiated. (191 threads)
[2023-11-05T15:59:43.032+0000][2117.593s][info ][safepoint     ] Application time: 1.0007915 seconds
[2023-11-05T15:59:43.032+0000][2117.593s][info ][safepoint     ] Entering safepoint region: Cleanup
[2023-11-05T15:59:43.034+0000][2117.595s][info ][safepoint     ] Leaving safepoint region
[2023-11-05T15:59:43.034+0000][2117.595s][info ][safepoint     ] Total time for which application threads were stopped: 0.0019871 seconds, Stopping threads took: 0.0012606 seconds
[2023-11-05T15:59:44.035+0000][2118.596s][debug][safepoint     ] Safepoint synchronization initiated. (191 threads)
[2023-11-05T15:59:44.035+0000][2118.596s][info ][safepoint     ] Application time: 1.0007950 seconds
[2023-11-05T15:59:44.036+0000][2118.597s][info ][safepoint     ] Entering safepoint region: Cleanup
[2023-11-05T15:59:44.036+0000][2118.597s][info ][safepoint     ] Leaving safepoint region
[2023-11-05T15:59:44.037+0000][2118.598s][info ][safepoint     ] Total time for which application threads were stopped: 0.0010705 seconds, Stopping threads took: 0.0004166 seconds
[2023-11-05T15:59:45.037+0000][2119.598s][debug][safepoint     ] Safepoint synchronization initiated. (191 threads)
[2023-11-05T15:59:45.038+0000][2119.599s][info ][safepoint     ] Application time: 1.0006424 seconds
[2023-11-05T15:59:45.038+0000][2119.599s][info ][safepoint     ] Entering safepoint region: Cleanup
[2023-11-05T15:59:45.039+0000][2119.600s][info ][safepoint     ] Leaving safepoint region
[2023-11-05T15:59:45.039+0000][2119.600s][info ][safepoint     ] Total time for which application threads were stopped: 0.0009298 seconds, Stopping threads took: 0.0003692 seconds
[2023-11-05T15:59:46.040+0000][2120.601s][debug][safepoint     ] Safepoint synchronization initiated. (191 threads)
[2023-11-05T15:59:46.044+0000][2120.605s][info ][safepoint     ] Application time: 1.0045622 seconds
[2023-11-05T15:59:46.045+0000][2120.606s][info ][safepoint     ] Entering safepoint region: Cleanup
[2023-11-05T15:59:46.045+0000][2120.606s][info ][safepoint     ] Leaving safepoint region
[2023-11-05T15:59:46.046+0000][2120.607s][info ][safepoint     ] Total time for which application threads were stopped: 0.0010378 seconds, Stopping threads took: 0.0004467 seconds
[2023-11-05T15:59:47.047+0000][2121.608s][debug][safepoint     ] Safepoint synchronization initiated. (191 threads)
[2023-11-05T15:59:47.048+0000][2121.609s][info ][safepoint     ] Application time: 1.0018939 seconds
[2023-11-05T15:59:47.049+0000][2121.609s][info ][safepoint     ] Entering safepoint region: Cleanup
[2023-11-05T15:59:47.049+0000][2121.610s][info ][safepoint     ] Leaving safepoint region
[2023-11-05T15:59:47.050+0000][2121.611s][info ][safepoint     ] Total time for which application threads were stopped: 0.0012572 seconds, Stopping threads took: 0.0005535 seconds
[2023-11-05T15:59:48.050+0000][2122.611s][debug][safepoint     ] Safepoint synchronization initiated. (191 threads)
[2023-11-05T15:59:48.051+0000][2122.612s][info ][safepoint     ] Application time: 1.0008221 seconds
[2023-11-05T15:59:48.052+0000][2122.613s][info ][safepoint     ] Entering safepoint region: Cleanup
[2023-11-05T15:59:48.053+0000][2122.614s][info ][safepoint     ] Leaving safepoint region
[2023-11-05T15:59:48.053+0000][2122.614s][info ][safepoint     ] Total time for which application threads were stopped: 0.0011789 seconds, Stopping threads took: 0.0006323 seconds
[2023-11-05T15:59:49.054+0000][2123.615s][debug][safepoint     ] Safepoint synchronization initiated. (191 threads)
[2023-11-05T15:59:49.055+0000][2123.615s][info ][safepoint     ] Application time: 1.0012073 seconds
[2023-11-05T15:59:49.055+0000][2123.616s][info ][safepoint     ] Entering safepoint region: Cleanup
[2023-11-05T15:59:49.057+0000][2123.618s][info ][safepoint     ] Leaving safepoint region
[2023-11-05T15:59:49.058+0000][2123.618s][info ][safepoint     ] Total time for which application threads were stopped: 0.0021195 seconds, Stopping threads took: 0.0010053 seconds
[2023-11-05T15:59:50.058+0000][2124.619s][debug][safepoint     ] Safepoint synchronization initiated. (191 threads)
[2023-11-05T15:59:50.060+0000][2124.621s][info ][safepoint     ] Application time: 1.0013209 seconds
[2023-11-05T15:59:50.061+0000][2124.622s][info ][safepoint     ] Entering safepoint region: Cleanup
[2023-11-05T15:59:50.062+0000][2124.623s][info ][safepoint     ] Leaving safepoint region
[2023-11-05T15:59:50.063+0000][2124.624s][info ][safepoint     ] Total time for which application threads were stopped: 0.0021379 seconds, Stopping threads took: 0.0009826 seconds
[2023-11-05T15:59:51.064+0000][2125.625s][debug][safepoint     ] Safepoint synchronization initiated. (191 threads)
[2023-11-05T15:59:51.065+0000][2125.626s][info ][safepoint     ] Application time: 1.0011756 seconds
[2023-11-05T15:59:51.065+0000][2125.626s][info ][safepoint     ] Entering safepoint region: Cleanup
[2023-11-05T15:59:51.066+0000][2125.627s][info ][safepoint     ] Leaving safepoint region
[2023-11-05T15:59:51.067+0000][2125.628s][info ][safepoint     ] Total time for which application threads were stopped: 0.0016676 seconds, Stopping threads took: 0.0006735 seconds
[2023-11-05T15:59:52.068+0000][2126.629s][debug][safepoint     ] Safepoint synchronization initiated. (191 threads)
[2023-11-05T15:59:52.069+0000][2126.630s][info ][safepoint     ] Application time: 1.0013250 seconds
[2023-11-05T15:59:52.070+0000][2126.631s][info ][safepoint     ] Entering safepoint region: Cleanup
[2023-11-05T15:59:52.071+0000][2126.632s][info ][safepoint     ] Leaving safepoint region
[2023-11-05T15:59:52.072+0000][2126.633s][info ][safepoint     ] Total time for which application threads were stopped: 0.0020071 seconds, Stopping threads took: 0.0008277 seconds
[2023-11-05T15:59:53.073+0000][2127.634s][debug][safepoint     ] Safepoint synchronization initiated. (191 threads)
[2023-11-05T15:59:53.074+0000][2127.635s][info ][safepoint     ] Application time: 1.0011574 seconds
[2023-11-05T15:59:53.075+0000][2127.636s][info ][safepoint     ] Entering safepoint region: Cleanup
[2023-11-05T15:59:53.076+0000][2127.637s][info ][safepoint     ] Leaving safepoint region
[2023-11-05T15:59:53.076+0000][2127.637s][info ][safepoint     ] Total time for which application threads were stopped: 0.0018069 seconds, Stopping threads took: 0.0007428 seconds
[2023-11-05T15:59:54.078+0000][2128.638s][debug][safepoint     ] Safepoint synchronization initiated. (191 threads)
[2023-11-05T15:59:54.079+0000][2128.639s][info ][safepoint     ] Application time: 1.0008657 seconds
[2023-11-05T15:59:54.079+0000][2128.639s][info ][safepoint     ] Entering safepoint region: Cleanup
[2023-11-05T15:59:54.080+0000][2128.640s][info ][safepoint     ] Leaving safepoint region
[2023-11-05T15:59:54.080+0000][2128.640s][info ][safepoint     ] Total time for which application threads were stopped: 0.0011760 seconds, Stopping threads took: 0.0005354 seconds
[2023-11-05T15:59:55.081+0000][2129.641s][debug][safepoint     ] Safepoint synchronization initiated. (191 threads)
[2023-11-05T15:59:55.082+0000][2129.642s][info ][safepoint     ] Application time: 1.0009895 seconds
[2023-11-05T15:59:55.083+0000][2129.643s][info ][safepoint     ] Entering safepoint region: Cleanup
[2023-11-05T15:59:55.083+0000][2129.643s][info ][safepoint     ] Leaving safepoint region
[2023-11-05T15:59:55.084+0000][2129.644s][info ][safepoint     ] Total time for which application threads were stopped: 0.0011146 seconds, Stopping threads took: 0.0005094 seconds
[2023-11-05T15:59:56.084+0000][2130.644s][debug][safepoint     ] Safepoint synchronization initiated. (191 threads)
[2023-11-05T15:59:56.085+0000][2130.645s][info ][safepoint     ] Application time: 1.0005511 seconds
[2023-11-05T15:59:56.085+0000][2130.645s][info ][safepoint     ] Entering safepoint region: Cleanup
[2023-11-05T15:59:56.086+0000][2130.646s][info ][safepoint     ] Leaving safepoint region
[2023-11-05T15:59:56.086+0000][2130.646s][info ][safepoint     ] Total time for which application threads were stopped: 0.0011506 seconds, Stopping threads took: 0.0004287 seconds
[2023-11-05T15:59:57.087+0000][2131.647s][debug][safepoint     ] Safepoint synchronization initiated. (191 threads)
[2023-11-05T15:59:57.088+0000][2131.648s][info ][safepoint     ] Application time: 1.0013868 seconds
[2023-11-05T15:59:57.089+0000][2131.649s][info ][safepoint     ] Entering safepoint region: Cleanup
[2023-11-05T15:59:57.090+0000][2131.650s][info ][safepoint     ] Leaving safepoint region
[2023-11-05T15:59:57.091+0000][2131.651s][info ][safepoint     ] Total time for which application threads were stopped: 0.0024303 seconds, Stopping threads took: 0.0010184 seconds
[2023-11-05T15:59:58.092+0000][2132.652s][debug][safepoint     ] Safepoint synchronization initiated. (191 threads)
[2023-11-05T15:59:58.093+0000][2132.653s][info ][safepoint     ] Application time: 1.0010573 seconds
[2023-11-05T15:59:58.094+0000][2132.654s][info ][safepoint     ] Entering safepoint region: Cleanup
[2023-11-05T15:59:58.095+0000][2132.655s][info ][safepoint     ] Leaving safepoint region
[2023-11-05T15:59:58.096+0000][2132.656s][info ][safepoint     ] Total time for which application threads were stopped: 0.0016631 seconds, Stopping threads took: 0.0006878 seconds
[2023-11-05T15:59:59.097+0000][2133.657s][debug][safepoint     ] Safepoint synchronization initiated. (191 threads)
[2023-11-05T15:59:59.098+0000][2133.658s][info ][safepoint     ] Application time: 1.0014812 seconds
[2023-11-05T15:59:59.099+0000][2133.659s][info ][safepoint     ] Entering safepoint region: Cleanup
[2023-11-05T15:59:59.100+0000][2133.660s][info ][safepoint     ] Leaving safepoint region
[2023-11-05T15:59:59.101+0000][2133.661s][info ][safepoint     ] Total time for which application threads were stopped: 0.0021255 seconds, Stopping threads took: 0.0008755 seconds
[2023-11-05T16:00:00.102+0000][2134.662s][debug][safepoint     ] Safepoint synchronization initiated. (191 threads)
[2023-11-05T16:00:00.103+0000][2134.663s][info ][safepoint     ] Application time: 1.0008074 seconds
[2023-11-05T16:00:00.103+0000][2134.663s][info ][safepoint     ] Entering safepoint region: Cleanup
[2023-11-05T16:00:00.104+0000][2134.664s][info ][safepoint     ] Leaving safepoint region
[2023-11-05T16:00:00.104+0000][2134.664s][info ][safepoint     ] Total time for which application threads were stopped: 0.0010717 seconds, Stopping threads took: 0.0004039 seconds
[2023-11-05T16:00:01.105+0000][2135.665s][debug][safepoint     ] Safepoint synchronization initiated. (191 threads)
[2023-11-05T16:00:01.105+0000][2135.665s][info ][safepoint     ] Application time: 1.0006549 seconds
[2023-11-05T16:00:01.106+0000][2135.666s][info ][safepoint     ] Entering safepoint region: Cleanup
[2023-11-05T16:00:01.106+0000][2135.666s][info ][safepoint     ] Leaving safepoint region
[2023-11-05T16:00:01.107+0000][2135.667s][info ][safepoint     ] Total time for which application threads were stopped: 0.0011114 seconds, Stopping threads took: 0.0004821 seconds
[2023-11-05T16:00:02.107+0000][2136.667s][debug][safepoint     ] Safepoint synchronization initiated. (191 threads)
[2023-11-05T16:00:02.108+0000][2136.668s][info ][safepoint     ] Application time: 1.0009123 seconds
[2023-11-05T16:00:02.109+0000][2136.669s][info ][safepoint     ] Entering safepoint region: Cleanup
[2023-11-05T16:00:02.111+0000][2136.671s][info ][safepoint     ] Leaving safepoint region
[2023-11-05T16:00:02.111+0000][2136.671s][info ][safepoint     ] Total time for which application threads were stopped: 0.0019803 seconds, Stopping threads took: 0.0012053 seconds
[2023-11-05T16:00:03.112+0000][2137.672s][debug][safepoint     ] Safepoint synchronization initiated. (191 threads)
[2023-11-05T16:00:03.113+0000][2137.673s][info ][safepoint     ] Application time: 1.0010866 seconds
[2023-11-05T16:00:03.113+0000][2137.673s][info ][safepoint     ] Entering safepoint region: Cleanup
[2023-11-05T16:00:03.114+0000][2137.674s][info ][safepoint     ] Leaving safepoint region
[2023-11-05T16:00:03.114+0000][2137.674s][info ][safepoint     ] Total time for which application threads were stopped: 0.0012253 seconds, Stopping threads took: 0.0005201 seconds
[2023-11-05T16:00:04.115+0000][2138.675s][debug][safepoint     ] Safepoint synchronization initiated. (191 threads)
[2023-11-05T16:00:04.116+0000][2138.676s][info ][safepoint     ] Application time: 1.0010768 seconds
[2023-11-05T16:00:04.117+0000][2138.677s][info ][safepoint     ] Entering safepoint region: Cleanup
[2023-11-05T16:00:04.117+0000][2138.677s][info ][safepoint     ] Leaving safepoint region
[2023-11-05T16:00:04.118+0000][2138.678s][info ][safepoint     ] Total time for which application threads were stopped: 0.0014790 seconds, Stopping threads took: 0.0006235 seconds
[2023-11-05T16:00:05.119+0000][2139.679s][debug][safepoint     ] Safepoint synchronization initiated. (191 threads)
[2023-11-05T16:00:05.120+0000][2139.680s][info ][safepoint     ] Application time: 1.0014091 seconds
[2023-11-05T16:00:05.121+0000][2139.681s][info ][safepoint     ] Entering safepoint region: Cleanup
[2023-11-05T16:00:05.122+0000][2139.682s][info ][safepoint     ] Leaving safepoint region
[2023-11-05T16:00:05.124+0000][2139.684s][info ][safepoint     ] Total time for which application threads were stopped: 0.0029761 seconds, Stopping threads took: 0.0009830 seconds
[2023-11-05T16:00:06.125+0000][2140.685s][debug][safepoint     ] Safepoint synchronization initiated. (191 threads)
[2023-11-05T16:00:06.126+0000][2140.686s][info ][safepoint     ] Application time: 1.0013586 seconds
[2023-11-05T16:00:06.126+0000][2140.686s][info ][safepoint     ] Entering safepoint region: Cleanup
[2023-11-05T16:00:06.127+0000][2140.687s][info ][safepoint     ] Leaving safepoint region
[2023-11-05T16:00:06.127+0000][2140.687s][info ][safepoint     ] Total time for which application threads were stopped: 0.0010505 seconds, Stopping threads took: 0.0004611 seconds
[2023-11-05T16:00:07.128+0000][2141.688s][debug][safepoint     ] Safepoint synchronization initiated. (191 threads)
[2023-11-05T16:00:07.128+0000][2141.689s][info ][safepoint     ] Application time: 1.0009105 seconds
[2023-11-05T16:00:07.129+0000][2141.689s][info ][safepoint     ] Entering safepoint region: Cleanup
[2023-11-05T16:00:07.130+0000][2141.690s][info ][safepoint     ] Leaving safepoint region
[2023-11-05T16:00:07.130+0000][2141.690s][info ][safepoint     ] Total time for which application threads were stopped: 0.0012259 seconds, Stopping threads took: 0.0005516 seconds
[2023-11-05T16:00:08.131+0000][2142.691s][debug][safepoint     ] Safepoint synchronization initiated. (191 threads)
[2023-11-05T16:00:08.132+0000][2142.692s][info ][safepoint     ] Application time: 1.0007780 seconds
[2023-11-05T16:00:08.132+0000][2142.692s][info ][safepoint     ] Entering safepoint region: Cleanup
[2023-11-05T16:00:08.133+0000][2142.693s][info ][safepoint     ] Leaving safepoint region
[2023-11-05T16:00:08.133+0000][2142.693s][info ][safepoint     ] Total time for which application threads were stopped: 0.0013814 seconds, Stopping threads took: 0.0006803 seconds
[2023-11-05T16:00:09.134+0000][2143.694s][debug][safepoint     ] Safepoint synchronization initiated. (191 threads)
[2023-11-05T16:00:09.135+0000][2143.695s][info ][safepoint     ] Application time: 1.0008210 seconds
[2023-11-05T16:00:09.135+0000][2143.695s][info ][safepoint     ] Entering safepoint region: Cleanup
[2023-11-05T16:00:09.136+0000][2143.696s][info ][safepoint     ] Leaving safepoint region
[2023-11-05T16:00:09.136+0000][2143.696s][info ][safepoint     ] Total time for which application threads were stopped: 0.0011376 seconds, Stopping threads took: 0.0004073 seconds
[2023-11-05T16:00:10.137+0000][2144.697s][debug][safepoint     ] Safepoint synchronization initiated. (191 threads)
[2023-11-05T16:00:10.138+0000][2144.698s][info ][safepoint     ] Application time: 1.0012147 seconds
[2023-11-05T16:00:10.138+0000][2144.698s][info ][safepoint     ] Entering safepoint region: Cleanup
[2023-11-05T16:00:10.139+0000][2144.699s][info ][safepoint     ] Leaving safepoint region
[2023-11-05T16:00:10.139+0000][2144.699s][info ][safepoint     ] Total time for which application threads were stopped: 0.0011622 seconds, Stopping threads took: 0.0004265 seconds
[2023-11-05T16:00:11.140+0000][2145.700s][debug][safepoint     ] Safepoint synchronization initiated. (191 threads)
[2023-11-05T16:00:11.141+0000][2145.701s][info ][safepoint     ] Application time: 1.0008848 seconds
[2023-11-05T16:00:11.141+0000][2145.701s][info ][safepoint     ] Entering safepoint region: Cleanup
[2023-11-05T16:00:11.142+0000][2145.702s][info ][safepoint     ] Leaving safepoint region
[2023-11-05T16:00:11.143+0000][2145.703s][info ][safepoint     ] Total time for which application threads were stopped: 0.0013173 seconds, Stopping threads took: 0.0005897 seconds
[2023-11-05T16:00:12.143+0000][2146.703s][debug][safepoint     ] Safepoint synchronization initiated. (191 threads)
[2023-11-05T16:00:12.144+0000][2146.704s][info ][safepoint     ] Application time: 1.0007938 seconds
[2023-11-05T16:00:12.144+0000][2146.704s][info ][safepoint     ] Entering safepoint region: Cleanup
[2023-11-05T16:00:12.145+0000][2146.705s][info ][safepoint     ] Leaving safepoint region
[2023-11-05T16:00:12.145+0000][2146.705s][info ][safepoint     ] Total time for which application threads were stopped: 0.0010636 seconds, Stopping threads took: 0.0004434 seconds
[2023-11-05T16:00:13.146+0000][2147.706s][debug][safepoint     ] Safepoint synchronization initiated. (191 threads)
[2023-11-05T16:00:13.146+0000][2147.706s][info ][safepoint     ] Application time: 1.0006319 seconds
[2023-11-05T16:00:13.147+0000][2147.707s][info ][safepoint     ] Entering safepoint region: Cleanup
[2023-11-05T16:00:13.147+0000][2147.708s][info ][safepoint     ] Leaving safepoint region
[2023-11-05T16:00:13.148+0000][2147.708s][info ][safepoint     ] Total time for which application threads were stopped: 0.0010309 seconds, Stopping threads took: 0.0004573 seconds
[2023-11-05T16:00:14.148+0000][2148.708s][debug][safepoint     ] Safepoint synchronization initiated. (191 threads)
[2023-11-05T16:00:14.149+0000][2148.709s][info ][safepoint     ] Application time: 1.0007237 seconds
[2023-11-05T16:00:14.150+0000][2148.710s][info ][safepoint     ] Entering safepoint region: Cleanup
[2023-11-05T16:00:14.150+0000][2148.710s][info ][safepoint     ] Leaving safepoint region
[2023-11-05T16:00:14.151+0000][2148.711s][info ][safepoint     ] Total time for which application threads were stopped: 0.0013932 seconds, Stopping threads took: 0.0005996 seconds
[2023-11-05T16:00:15.152+0000][2149.712s][debug][safepoint     ] Safepoint synchronization initiated. (191 threads)
[2023-11-05T16:00:15.153+0000][2149.713s][info ][safepoint     ] Application time: 1.0013355 seconds
[2023-11-05T16:00:15.154+0000][2149.714s][info ][safepoint     ] Entering safepoint region: Cleanup
[2023-11-05T16:00:15.155+0000][2149.715s][info ][safepoint     ] Leaving safepoint region
[2023-11-05T16:00:15.156+0000][2149.716s][info ][safepoint     ] Total time for which application threads were stopped: 0.0019548 seconds, Stopping threads took: 0.0008626 seconds
[2023-11-05T16:00:16.157+0000][2150.717s][debug][safepoint     ] Safepoint synchronization initiated. (191 threads)
[2023-11-05T16:00:16.157+0000][2150.717s][info ][safepoint     ] Application time: 1.0007681 seconds
[2023-11-05T16:00:16.158+0000][2150.718s][info ][safepoint     ] Entering safepoint region: Cleanup
[2023-11-05T16:00:16.159+0000][2150.719s][info ][safepoint     ] Leaving safepoint region
[2023-11-05T16:00:16.159+0000][2150.719s][info ][safepoint     ] Total time for which application threads were stopped: 0.0014599 seconds, Stopping threads took: 0.0007872 seconds
[2023-11-05T16:00:17.160+0000][2151.720s][debug][safepoint     ] Safepoint synchronization initiated. (191 threads)
[2023-11-05T16:00:17.160+0000][2151.720s][info ][safepoint     ] Application time: 1.0007315 seconds
[2023-11-05T16:00:17.161+0000][2151.721s][info ][safepoint     ] Entering safepoint region: Cleanup
[2023-11-05T16:00:17.162+0000][2151.722s][info ][safepoint     ] Leaving safepoint region
[2023-11-05T16:00:17.162+0000][2151.722s][info ][safepoint     ] Total time for which application threads were stopped: 0.0011809 seconds, Stopping threads took: 0.0005099 seconds
[2023-11-05T16:00:18.163+0000][2152.723s][debug][safepoint     ] Safepoint synchronization initiated. (191 threads)
[2023-11-05T16:00:18.163+0000][2152.723s][info ][safepoint     ] Application time: 1.0006567 seconds
[2023-11-05T16:00:18.164+0000][2152.724s][info ][safepoint     ] Entering safepoint region: Cleanup
[2023-11-05T16:00:18.164+0000][2152.724s][info ][safepoint     ] Leaving safepoint region
[2023-11-05T16:00:18.164+0000][2152.725s][info ][safepoint     ] Total time for which application threads were stopped: 0.0009491 seconds, Stopping threads took: 0.0004058 seconds
[2023-11-05T16:00:19.165+0000][2153.725s][debug][safepoint     ] Safepoint synchronization initiated. (191 threads)
[2023-11-05T16:00:19.166+0000][2153.726s][info ][safepoint     ] Application time: 1.0008391 seconds
[2023-11-05T16:00:19.166+0000][2153.726s][info ][safepoint     ] Entering safepoint region: Cleanup
[2023-11-05T16:00:19.167+0000][2153.727s][info ][safepoint     ] Leaving safepoint region
[2023-11-05T16:00:19.167+0000][2153.727s][info ][safepoint     ] Total time for which application threads were stopped: 0.0012837 seconds, Stopping threads took: 0.0005071 seconds
[2023-11-05T16:00:20.168+0000][2154.728s][debug][safepoint     ] Safepoint synchronization initiated. (191 threads)
[2023-11-05T16:00:20.169+0000][2154.729s][info ][safepoint     ] Application time: 1.0012346 seconds
[2023-11-05T16:00:20.170+0000][2154.730s][info ][safepoint     ] Entering safepoint region: Cleanup
[2023-11-05T16:00:20.171+0000][2154.731s][info ][safepoint     ] Leaving safepoint region
[2023-11-05T16:00:20.171+0000][2154.731s][info ][safepoint     ] Total time for which application threads were stopped: 0.0013636 seconds, Stopping threads took: 0.0005192 seconds
[2023-11-05T16:00:21.172+0000][2155.732s][debug][safepoint     ] Safepoint synchronization initiated. (191 threads)
[2023-11-05T16:00:21.173+0000][2155.733s][info ][safepoint     ] Application time: 1.0013760 seconds
[2023-11-05T16:00:21.174+0000][2155.734s][info ][safepoint     ] Entering safepoint region: Cleanup
[2023-11-05T16:00:21.175+0000][2155.735s][info ][safepoint     ] Leaving safepoint region
[2023-11-05T16:00:21.175+0000][2155.735s][info ][safepoint     ] Total time for which application threads were stopped: 0.0012798 seconds, Stopping threads took: 0.0005868 seconds
[2023-11-05T16:00:22.176+0000][2156.736s][debug][safepoint     ] Safepoint synchronization initiated. (191 threads)
[2023-11-05T16:00:22.177+0000][2156.737s][info ][safepoint     ] Application time: 1.0009659 seconds
[2023-11-05T16:00:22.177+0000][2156.737s][info ][safepoint     ] Entering safepoint region: Cleanup
[2023-11-05T16:00:22.178+0000][2156.738s][info ][safepoint     ] Leaving safepoint region
[2023-11-05T16:00:22.178+0000][2156.738s][info ][safepoint     ] Total time for which application threads were stopped: 0.0012015 seconds, Stopping threads took: 0.0005617 seconds
[2023-11-05T16:00:23.179+0000][2157.739s][debug][safepoint     ] Safepoint synchronization initiated. (191 threads)
[2023-11-05T16:00:23.180+0000][2157.740s][info ][safepoint     ] Application time: 1.0013025 seconds
[2023-11-05T16:00:23.181+0000][2157.741s][info ][safepoint     ] Entering safepoint region: Cleanup
[2023-11-05T16:00:23.182+0000][2157.742s][info ][safepoint     ] Leaving safepoint region
[2023-11-05T16:00:23.183+0000][2157.743s][info ][safepoint     ] Total time for which application threads were stopped: 0.0019483 seconds, Stopping threads took: 0.0008798 seconds
[2023-11-05T16:00:24.184+0000][2158.744s][debug][safepoint     ] Safepoint synchronization initiated. (191 threads)
[2023-11-05T16:00:24.185+0000][2158.745s][info ][safepoint     ] Application time: 1.0008221 seconds
[2023-11-05T16:00:24.186+0000][2158.745s][info ][safepoint     ] Entering safepoint region: Cleanup
[2023-11-05T16:00:24.186+0000][2158.746s][info ][safepoint     ] Leaving safepoint region
[2023-11-05T16:00:24.187+0000][2158.747s][info ][safepoint     ] Total time for which application threads were stopped: 0.0012997 seconds, Stopping threads took: 0.0005003 seconds
[2023-11-05T16:00:25.188+0000][2159.747s][debug][safepoint     ] Safepoint synchronization initiated. (191 threads)
[2023-11-05T16:00:25.188+0000][2159.748s][info ][safepoint     ] Application time: 1.0010283 seconds
[2023-11-05T16:00:25.189+0000][2159.749s][info ][safepoint     ] Entering safepoint region: Cleanup
[2023-11-05T16:00:25.190+0000][2159.750s][info ][safepoint     ] Leaving safepoint region
[2023-11-05T16:00:25.191+0000][2159.751s][info ][safepoint     ] Total time for which application threads were stopped: 0.0019215 seconds, Stopping threads took: 0.0011780 seconds
[2023-11-05T16:00:26.192+0000][2160.751s][debug][safepoint     ] Safepoint synchronization initiated. (191 threads)
[2023-11-05T16:00:26.192+0000][2160.752s][info ][safepoint     ] Application time: 1.0005196 seconds
[2023-11-05T16:00:26.192+0000][2160.752s][info ][safepoint     ] Entering safepoint region: Cleanup
[2023-11-05T16:00:26.193+0000][2160.752s][info ][safepoint     ] Leaving safepoint region
[2023-11-05T16:00:26.193+0000][2160.753s][info ][safepoint     ] Total time for which application threads were stopped: 0.0009590 seconds, Stopping threads took: 0.0003204 seconds
[2023-11-05T16:00:27.194+0000][2161.753s][debug][safepoint     ] Safepoint synchronization initiated. (191 threads)
[2023-11-05T16:00:27.194+0000][2161.754s][info ][safepoint     ] Application time: 1.0005769 seconds
[2023-11-05T16:00:27.195+0000][2161.754s][info ][safepoint     ] Entering safepoint region: Cleanup
[2023-11-05T16:00:27.195+0000][2161.755s][info ][safepoint     ] Leaving safepoint region
[2023-11-05T16:00:27.195+0000][2161.755s][info ][safepoint     ] Total time for which application threads were stopped: 0.0008080 seconds, Stopping threads took: 0.0003322 seconds
[2023-11-05T16:00:28.196+0000][2162.755s][debug][safepoint     ] Safepoint synchronization initiated. (191 threads)
[2023-11-05T16:00:28.196+0000][2162.756s][info ][safepoint     ] Application time: 1.0005731 seconds
[2023-11-05T16:00:28.197+0000][2162.756s][info ][safepoint     ] Entering safepoint region: Cleanup
[2023-11-05T16:00:28.197+0000][2162.757s][info ][safepoint     ] Leaving safepoint region
[2023-11-05T16:00:28.197+0000][2162.757s][info ][safepoint     ] Total time for which application threads were stopped: 0.0009269 seconds, Stopping threads took: 0.0004271 seconds
[2023-11-05T16:00:29.198+0000][2163.758s][debug][safepoint     ] Safepoint synchronization initiated. (191 threads)
[2023-11-05T16:00:29.198+0000][2163.758s][info ][safepoint     ] Application time: 1.0005754 seconds
[2023-11-05T16:00:29.199+0000][2163.758s][info ][safepoint     ] Entering safepoint region: Cleanup
[2023-11-05T16:00:29.199+0000][2163.759s][info ][safepoint     ] Leaving safepoint region
[2023-11-05T16:00:29.199+0000][2163.759s][info ][safepoint     ] Total time for which application threads were stopped: 0.0007706 seconds, Stopping threads took: 0.0003051 seconds
[2023-11-05T16:00:30.200+0000][2164.760s][debug][safepoint     ] Safepoint synchronization initiated. (191 threads)
[2023-11-05T16:00:30.201+0000][2164.761s][info ][safepoint     ] Application time: 1.0011796 seconds
[2023-11-05T16:00:30.202+0000][2164.762s][info ][safepoint     ] Entering safepoint region: Cleanup
[2023-11-05T16:00:30.203+0000][2164.763s][info ][safepoint     ] Leaving safepoint region
[2023-11-05T16:00:30.204+0000][2164.764s][info ][safepoint     ] Total time for which application threads were stopped: 0.0021256 seconds, Stopping threads took: 0.0010784 seconds
[2023-11-05T16:00:31.205+0000][2165.765s][debug][safepoint     ] Safepoint synchronization initiated. (191 threads)
[2023-11-05T16:00:31.206+0000][2165.765s][info ][safepoint     ] Application time: 1.0008945 seconds
[2023-11-05T16:00:31.206+0000][2165.766s][info ][safepoint     ] Entering safepoint region: Cleanup
[2023-11-05T16:00:31.207+0000][2165.767s][info ][safepoint     ] Leaving safepoint region
[2023-11-05T16:00:31.208+0000][2165.768s][info ][safepoint     ] Total time for which application threads were stopped: 0.0019730 seconds, Stopping threads took: 0.0005567 seconds
[2023-11-05T16:00:32.209+0000][2166.768s][debug][safepoint     ] Safepoint synchronization initiated. (191 threads)
[2023-11-05T16:00:32.209+0000][2166.769s][info ][safepoint     ] Application time: 1.0007750 seconds
[2023-11-05T16:00:32.210+0000][2166.770s][info ][safepoint     ] Entering safepoint region: Cleanup
[2023-11-05T16:00:32.211+0000][2166.771s][info ][safepoint     ] Leaving safepoint region
[2023-11-05T16:00:32.212+0000][2166.771s][info ][safepoint     ] Total time for which application threads were stopped: 0.0019200 seconds, Stopping threads took: 0.0010549 seconds
[2023-11-05T16:00:33.213+0000][2167.772s][debug][safepoint     ] Safepoint synchronization initiated. (191 threads)
[2023-11-05T16:00:33.214+0000][2167.773s][info ][safepoint     ] Application time: 1.0015716 seconds
[2023-11-05T16:00:33.215+0000][2167.775s][info ][safepoint     ] Entering safepoint region: Cleanup
[2023-11-05T16:00:33.216+0000][2167.776s][info ][safepoint     ] Leaving safepoint region
[2023-11-05T16:00:33.217+0000][2167.777s][info ][safepoint     ] Total time for which application threads were stopped: 0.0021708 seconds, Stopping threads took: 0.0009304 seconds
[2023-11-05T16:00:34.218+0000][2168.777s][debug][safepoint     ] Safepoint synchronization initiated. (191 threads)
[2023-11-05T16:00:34.218+0000][2168.778s][info ][safepoint     ] Application time: 1.0007150 seconds
[2023-11-05T16:00:34.219+0000][2168.779s][info ][safepoint     ] Entering safepoint region: Cleanup
[2023-11-05T16:00:34.221+0000][2168.780s][info ][safepoint     ] Leaving safepoint region
[2023-11-05T16:00:34.221+0000][2168.781s][info ][safepoint     ] Total time for which application threads were stopped: 0.0021992 seconds, Stopping threads took: 0.0014396 seconds
[2023-11-05T16:00:35.222+0000][2169.781s][debug][safepoint     ] Safepoint synchronization initiated. (191 threads)
[2023-11-05T16:00:35.223+0000][2169.782s][info ][safepoint     ] Application time: 1.0007936 seconds
[2023-11-05T16:00:35.223+0000][2169.783s][info ][safepoint     ] Entering safepoint region: Cleanup
[2023-11-05T16:00:35.224+0000][2169.783s][info ][safepoint     ] Leaving safepoint region
[2023-11-05T16:00:35.224+0000][2169.784s][info ][safepoint     ] Total time for which application threads were stopped: 0.0012068 seconds, Stopping threads took: 0.0005884 seconds
[2023-11-05T16:00:36.225+0000][2170.785s][debug][safepoint     ] Safepoint synchronization initiated. (191 threads)
[2023-11-05T16:00:36.226+0000][2170.786s][info ][safepoint     ] Application time: 1.0012691 seconds
[2023-11-05T16:00:36.227+0000][2170.787s][info ][safepoint     ] Entering safepoint region: Cleanup
[2023-11-05T16:00:36.228+0000][2170.788s][info ][safepoint     ] Leaving safepoint region
[2023-11-05T16:00:36.229+0000][2170.788s][info ][safepoint     ] Total time for which application threads were stopped: 0.0017510 seconds, Stopping threads took: 0.0007816 seconds
[2023-11-05T16:00:37.230+0000][2171.789s][debug][safepoint     ] Safepoint synchronization initiated. (191 threads)
[2023-11-05T16:00:37.231+0000][2171.790s][info ][safepoint     ] Application time: 1.0012025 seconds
[2023-11-05T16:00:37.231+0000][2171.791s][info ][safepoint     ] Entering safepoint region: Cleanup
[2023-11-05T16:00:37.232+0000][2171.792s][info ][safepoint     ] Leaving safepoint region
[2023-11-05T16:00:37.233+0000][2171.792s][info ][safepoint     ] Total time for which application threads were stopped: 0.0014832 seconds, Stopping threads took: 0.0007831 seconds
[2023-11-05T16:00:38.234+0000][2172.793s][debug][safepoint     ] Safepoint synchronization initiated. (191 threads)
[2023-11-05T16:00:38.234+0000][2172.794s][info ][safepoint     ] Application time: 1.0007782 seconds
[2023-11-05T16:00:38.235+0000][2172.794s][info ][safepoint     ] Entering safepoint region: Cleanup
[2023-11-05T16:00:38.235+0000][2172.795s][info ][safepoint     ] Leaving safepoint region
[2023-11-05T16:00:38.236+0000][2172.796s][info ][safepoint     ] Total time for which application threads were stopped: 0.0012615 seconds, Stopping threads took: 0.0005374 seconds
[2023-11-05T16:00:39.237+0000][2173.796s][debug][safepoint     ] Safepoint synchronization initiated. (191 threads)
[2023-11-05T16:00:39.237+0000][2173.797s][info ][safepoint     ] Application time: 1.0010152 seconds
[2023-11-05T16:00:39.238+0000][2173.798s][info ][safepoint     ] Entering safepoint region: Cleanup
[2023-11-05T16:00:39.239+0000][2173.798s][info ][safepoint     ] Leaving safepoint region
[2023-11-05T16:00:39.239+0000][2173.799s][info ][safepoint     ] Total time for which application threads were stopped: 0.0013303 seconds, Stopping threads took: 0.0006367 seconds
[2023-11-05T16:00:40.240+0000][2174.800s][debug][safepoint     ] Safepoint synchronization initiated. (191 threads)
[2023-11-05T16:00:40.241+0000][2174.800s][info ][safepoint     ] Application time: 1.0009243 seconds
[2023-11-05T16:00:40.241+0000][2174.801s][info ][safepoint     ] Entering safepoint region: Cleanup
[2023-11-05T16:00:40.242+0000][2174.802s][info ][safepoint     ] Leaving safepoint region
[2023-11-05T16:00:40.243+0000][2174.803s][info ][safepoint     ] Total time for which application threads were stopped: 0.0015587 seconds, Stopping threads took: 0.0006575 seconds
[2023-11-05T16:00:41.244+0000][2175.803s][debug][safepoint     ] Safepoint synchronization initiated. (191 threads)
[2023-11-05T16:00:41.245+0000][2175.804s][info ][safepoint     ] Application time: 1.0008783 seconds
[2023-11-05T16:00:41.245+0000][2175.805s][info ][safepoint     ] Entering safepoint region: Cleanup
[2023-11-05T16:00:41.246+0000][2175.806s][info ][safepoint     ] Leaving safepoint region
[2023-11-05T16:00:41.246+0000][2175.806s][info ][safepoint     ] Total time for which application threads were stopped: 0.0012347 seconds, Stopping threads took: 0.0006215 seconds
[2023-11-05T16:00:42.247+0000][2176.807s][debug][safepoint     ] Safepoint synchronization initiated. (191 threads)
[2023-11-05T16:00:42.248+0000][2176.808s][info ][safepoint     ] Application time: 1.0015965 seconds
[2023-11-05T16:00:42.249+0000][2176.809s][info ][safepoint     ] Entering safepoint region: Cleanup
[2023-11-05T16:00:42.250+0000][2176.809s][info ][safepoint     ] Leaving safepoint region
[2023-11-05T16:00:42.250+0000][2176.810s][info ][safepoint     ] Total time for which application threads were stopped: 0.0012457 seconds, Stopping threads took: 0.0005355 seconds
[2023-11-05T16:00:43.251+0000][2177.810s][debug][safepoint     ] Safepoint synchronization initiated. (191 threads)
[2023-11-05T16:00:43.252+0000][2177.811s][info ][safepoint     ] Application time: 1.0008916 seconds
[2023-11-05T16:00:43.252+0000][2177.812s][info ][safepoint     ] Entering safepoint region: Cleanup
[2023-11-05T16:00:43.253+0000][2177.813s][info ][safepoint     ] Leaving safepoint region
[2023-11-05T16:00:43.254+0000][2177.813s][info ][safepoint     ] Total time for which application threads were stopped: 0.0014314 seconds, Stopping threads took: 0.0006918 seconds
[2023-11-05T16:00:44.254+0000][2178.814s][debug][safepoint     ] Safepoint synchronization initiated. (191 threads)
[2023-11-05T16:00:44.255+0000][2178.815s][info ][safepoint     ] Application time: 1.0008106 seconds
[2023-11-05T16:00:44.255+0000][2178.815s][info ][safepoint     ] Entering safepoint region: Cleanup
[2023-11-05T16:00:44.256+0000][2178.816s][info ][safepoint     ] Leaving safepoint region
[2023-11-05T16:00:44.257+0000][2178.816s][info ][safepoint     ] Total time for which application threads were stopped: 0.0012284 seconds, Stopping threads took: 0.0004991 seconds
[2023-11-05T16:00:45.257+0000][2179.817s][debug][safepoint     ] Safepoint synchronization initiated. (191 threads)
[2023-11-05T16:00:45.258+0000][2179.818s][info ][safepoint     ] Application time: 1.0011810 seconds
[2023-11-05T16:00:45.259+0000][2179.819s][info ][safepoint     ] Entering safepoint region: Cleanup
[2023-11-05T16:00:45.260+0000][2179.820s][info ][safepoint     ] Leaving safepoint region
[2023-11-05T16:00:45.261+0000][2179.821s][info ][safepoint     ] Total time for which application threads were stopped: 0.0019848 seconds, Stopping threads took: 0.0009053 seconds
[2023-11-05T16:00:46.262+0000][2180.822s][debug][safepoint     ] Safepoint synchronization initiated. (191 threads)
[2023-11-05T16:00:46.263+0000][2180.822s][info ][safepoint     ] Application time: 1.0010147 seconds
[2023-11-05T16:00:46.264+0000][2180.823s][debug][safepoint     ] ... found polling page return exception at pc = 0x00007f808d48e85a, stub =0x00007f8084840600
[2023-11-05T16:00:46.264+0000][2180.824s][debug][safepoint     ] Waiting for 1 thread(s) to block
[2023-11-05T16:00:46.265+0000][2180.824s][info ][safepoint     ] Entering safepoint region: Cleanup
[2023-11-05T16:00:46.266+0000][2180.825s][info ][safepoint     ] Leaving safepoint region
[2023-11-05T16:00:46.266+0000][2180.826s][info ][safepoint     ] Total time for which application threads were stopped: 0.0030144 seconds, Stopping threads took: 0.0021802 seconds
[2023-11-05T16:00:47.267+0000][2181.827s][debug][safepoint     ] Safepoint synchronization initiated. (191 threads)
[2023-11-05T16:00:47.268+0000][2181.828s][info ][safepoint     ] Application time: 1.0012731 seconds
[2023-11-05T16:00:47.269+0000][2181.828s][info ][safepoint     ] Entering safepoint region: Cleanup
[2023-11-05T16:00:47.270+0000][2181.829s][info ][safepoint     ] Leaving safepoint region
[2023-11-05T16:00:47.270+0000][2181.830s][info ][safepoint     ] Total time for which application threads were stopped: 0.0014000 seconds, Stopping threads took: 0.0005706 seconds
[2023-11-05T16:00:48.271+0000][2182.831s][debug][safepoint     ] Safepoint synchronization initiated. (191 threads)
[2023-11-05T16:00:48.272+0000][2182.832s][info ][safepoint     ] Application time: 1.0016391 seconds
[2023-11-05T16:00:48.274+0000][2182.833s][info ][safepoint     ] Entering safepoint region: Cleanup
[2023-11-05T16:00:48.275+0000][2182.834s][info ][safepoint     ] Leaving safepoint region
[2023-11-05T16:00:48.276+0000][2182.835s][info ][safepoint     ] Total time for which application threads were stopped: 0.0020552 seconds, Stopping threads took: 0.0008341 seconds
[2023-11-05T16:00:49.277+0000][2183.836s][debug][safepoint     ] Safepoint synchronization initiated. (191 threads)
[2023-11-05T16:00:49.278+0000][2183.837s][info ][safepoint     ] Application time: 1.0012079 seconds
[2023-11-05T16:00:49.279+0000][2183.838s][info ][safepoint     ] Entering safepoint region: Cleanup
[2023-11-05T16:00:49.280+0000][2183.840s][info ][safepoint     ] Leaving safepoint region
[2023-11-05T16:00:49.281+0000][2183.840s][info ][safepoint     ] Total time for which application threads were stopped: 0.0023845 seconds, Stopping threads took: 0.0011090 seconds
[2023-11-05T16:00:50.282+0000][2184.841s][debug][safepoint     ] Safepoint synchronization initiated. (191 threads)
[2023-11-05T16:00:50.282+0000][2184.842s][info ][safepoint     ] Application time: 1.0004478 seconds
[2023-11-05T16:00:50.282+0000][2184.842s][info ][safepoint     ] Entering safepoint region: Cleanup
[2023-11-05T16:00:50.283+0000][2184.843s][info ][safepoint     ] Leaving safepoint region
[2023-11-05T16:00:50.283+0000][2184.843s][info ][safepoint     ] Total time for which application threads were stopped: 0.0010985 seconds, Stopping threads took: 0.0005108 seconds
[2023-11-05T16:00:51.284+0000][2185.844s][debug][safepoint     ] Safepoint synchronization initiated. (191 threads)
[2023-11-05T16:00:51.286+0000][2185.845s][info ][safepoint     ] Application time: 1.0018372 seconds
[2023-11-05T16:00:51.286+0000][2185.846s][info ][safepoint     ] Entering safepoint region: Cleanup
[2023-11-05T16:00:51.287+0000][2185.847s][info ][safepoint     ] Leaving safepoint region
[2023-11-05T16:00:51.288+0000][2185.847s][info ][safepoint     ] Total time for which application threads were stopped: 0.0014394 seconds, Stopping threads took: 0.0006513 seconds
[2023-11-05T16:00:52.288+0000][2186.848s][debug][safepoint     ] Safepoint synchronization initiated. (191 threads)
[2023-11-05T16:00:52.289+0000][2186.849s][info ][safepoint     ] Application time: 1.0008654 seconds
[2023-11-05T16:00:52.290+0000][2186.849s][info ][safepoint     ] Entering safepoint region: Cleanup
[2023-11-05T16:00:52.291+0000][2186.850s][info ][safepoint     ] Leaving safepoint region
[2023-11-05T16:00:52.291+0000][2186.851s][info ][safepoint     ] Total time for which application threads were stopped: 0.0014238 seconds, Stopping threads took: 0.0007361 seconds
[2023-11-05T16:00:53.292+0000][2187.851s][debug][safepoint     ] Safepoint synchronization initiated. (191 threads)
[2023-11-05T16:00:53.292+0000][2187.852s][info ][safepoint     ] Application time: 1.0010030 seconds
[2023-11-05T16:00:53.293+0000][2187.853s][info ][safepoint     ] Entering safepoint region: Cleanup
[2023-11-05T16:00:53.294+0000][2187.853s][info ][safepoint     ] Leaving safepoint region
[2023-11-05T16:00:53.294+0000][2187.854s][info ][safepoint     ] Total time for which application threads were stopped: 0.0013283 seconds, Stopping threads took: 0.0005634 seconds
[2023-11-05T16:00:54.295+0000][2188.855s][debug][safepoint     ] Safepoint synchronization initiated. (191 threads)
[2023-11-05T16:00:54.296+0000][2188.856s][info ][safepoint     ] Application time: 1.0010894 seconds
[2023-11-05T16:00:54.297+0000][2188.856s][info ][safepoint     ] Entering safepoint region: Cleanup
[2023-11-05T16:00:54.298+0000][2188.857s][info ][safepoint     ] Leaving safepoint region
[2023-11-05T16:00:54.298+0000][2188.858s][info ][safepoint     ] Total time for which application threads were stopped: 0.0013039 seconds, Stopping threads took: 0.0004852 seconds
[2023-11-05T16:00:55.299+0000][2189.858s][debug][safepoint     ] Safepoint synchronization initiated. (191 threads)
[2023-11-05T16:00:55.300+0000][2189.859s][info ][safepoint     ] Application time: 1.0006002 seconds
[2023-11-05T16:00:55.300+0000][2189.860s][debug][safepoint     ] ... found polling page return exception at pc = 0x00007f808c61c8fc, stub =0x00007f8084840600
[2023-11-05T16:00:55.303+0000][2189.862s][debug][safepoint     ] Waiting for 1 thread(s) to block
[2023-11-05T16:00:55.304+0000][2189.863s][info ][safepoint     ] Entering safepoint region: Cleanup
[2023-11-05T16:00:55.305+0000][2189.864s][info ][safepoint     ] Leaving safepoint region
[2023-11-05T16:00:55.305+0000][2189.865s][info ][safepoint     ] Total time for which application threads were stopped: 0.0052725 seconds, Stopping threads took: 0.0043955 seconds
[2023-11-05T16:00:56.306+0000][2190.865s][debug][safepoint     ] Safepoint synchronization initiated. (191 threads)
[2023-11-05T16:00:56.306+0000][2190.866s][info ][safepoint     ] Application time: 1.0006703 seconds
[2023-11-05T16:00:56.307+0000][2190.866s][info ][safepoint     ] Entering safepoint region: Cleanup
[2023-11-05T16:00:56.308+0000][2190.867s][info ][safepoint     ] Leaving safepoint region
[2023-11-05T16:00:56.308+0000][2190.867s][info ][safepoint     ] Total time for which application threads were stopped: 0.0010953 seconds, Stopping threads took: 0.0005386 seconds
[2023-11-05T16:00:57.309+0000][2191.868s][debug][safepoint     ] Safepoint synchronization initiated. (191 threads)
[2023-11-05T16:00:57.309+0000][2191.869s][info ][safepoint     ] Application time: 1.0008633 seconds
[2023-11-05T16:00:57.310+0000][2191.869s][info ][safepoint     ] Entering safepoint region: Cleanup
[2023-11-05T16:00:57.310+0000][2191.870s][info ][safepoint     ] Leaving safepoint region
[2023-11-05T16:00:57.311+0000][2191.870s][info ][safepoint     ] Total time for which application threads were stopped: 0.0011233 seconds, Stopping threads took: 0.0004923 seconds
[2023-11-05T16:00:58.311+0000][2192.871s][debug][safepoint     ] Safepoint synchronization initiated. (191 threads)
[2023-11-05T16:00:58.312+0000][2192.872s][info ][safepoint     ] Application time: 1.0009851 seconds
[2023-11-05T16:00:58.313+0000][2192.872s][info ][safepoint     ] Entering safepoint region: Cleanup
[2023-11-05T16:00:58.314+0000][2192.874s][info ][safepoint     ] Leaving safepoint region
[2023-11-05T16:00:58.315+0000][2192.874s][info ][safepoint     ] Total time for which application threads were stopped: 0.0019121 seconds, Stopping threads took: 0.0005058 seconds
[2023-11-05T16:00:59.315+0000][2193.875s][debug][safepoint     ] Safepoint synchronization initiated. (191 threads)
[2023-11-05T16:00:59.316+0000][2193.875s][info ][safepoint     ] Application time: 1.0007517 seconds
[2023-11-05T16:00:59.316+0000][2193.876s][info ][safepoint     ] Entering safepoint region: Cleanup
[2023-11-05T16:00:59.317+0000][2193.877s][info ][safepoint     ] Leaving safepoint region
[2023-11-05T16:00:59.318+0000][2193.877s][info ][safepoint     ] Total time for which application threads were stopped: 0.0010839 seconds, Stopping threads took: 0.0004278 seconds
[2023-11-05T16:01:00.318+0000][2194.878s][debug][safepoint     ] Safepoint synchronization initiated. (191 threads)
[2023-11-05T16:01:00.319+0000][2194.878s][info ][safepoint     ] Application time: 1.0009164 seconds
[2023-11-05T16:01:00.319+0000][2194.879s][info ][safepoint     ] Entering safepoint region: Cleanup
[2023-11-05T16:01:00.320+0000][2194.879s][info ][safepoint     ] Leaving safepoint region
[2023-11-05T16:01:00.320+0000][2194.880s][info ][safepoint     ] Total time for which application threads were stopped: 0.0010409 seconds, Stopping threads took: 0.0004436 seconds
[2023-11-05T16:01:01.321+0000][2195.880s][debug][safepoint     ] Safepoint synchronization initiated. (191 threads)
[2023-11-05T16:01:01.322+0000][2195.881s][info ][safepoint     ] Application time: 1.0009382 seconds
[2023-11-05T16:01:01.322+0000][2195.882s][info ][safepoint     ] Entering safepoint region: Cleanup
[2023-11-05T16:01:01.323+0000][2195.882s][info ][safepoint     ] Leaving safepoint region
[2023-11-05T16:01:01.323+0000][2195.883s][info ][safepoint     ] Total time for which application threads were stopped: 0.0014057 seconds, Stopping threads took: 0.0005344 seconds
[2023-11-05T16:01:02.324+0000][2196.884s][debug][safepoint     ] Safepoint synchronization initiated. (191 threads)
[2023-11-05T16:01:02.325+0000][2196.884s][info ][safepoint     ] Application time: 1.0008385 seconds
[2023-11-05T16:01:02.325+0000][2196.885s][info ][safepoint     ] Entering safepoint region: Cleanup
[2023-11-05T16:01:02.326+0000][2196.885s][info ][safepoint     ] Leaving safepoint region
[2023-11-05T16:01:02.326+0000][2196.886s][info ][safepoint     ] Total time for which application threads were stopped: 0.0010849 seconds, Stopping threads took: 0.0005550 seconds
[2023-11-05T16:01:03.327+0000][2197.886s][debug][safepoint     ] Safepoint synchronization initiated. (191 threads)
[2023-11-05T16:01:03.327+0000][2197.887s][info ][safepoint     ] Application time: 1.0008486 seconds
[2023-11-05T16:01:03.328+0000][2197.888s][info ][safepoint     ] Entering safepoint region: Cleanup
[2023-11-05T16:01:03.329+0000][2197.888s][info ][safepoint     ] Leaving safepoint region
[2023-11-05T16:01:03.330+0000][2197.889s][info ][safepoint     ] Total time for which application threads were stopped: 0.0018007 seconds, Stopping threads took: 0.0005498 seconds
[2023-11-05T16:01:04.331+0000][2198.890s][debug][safepoint     ] Safepoint synchronization initiated. (191 threads)
[2023-11-05T16:01:04.332+0000][2198.891s][info ][safepoint     ] Application time: 1.0012066 seconds
[2023-11-05T16:01:04.332+0000][2198.892s][info ][safepoint     ] Entering safepoint region: Cleanup
[2023-11-05T16:01:04.333+0000][2198.893s][info ][safepoint     ] Leaving safepoint region
[2023-11-05T16:01:04.334+0000][2198.893s][info ][safepoint     ] Total time for which application threads were stopped: 0.0013458 seconds, Stopping threads took: 0.0007739 seconds
[2023-11-05T16:01:05.334+0000][2199.894s][debug][safepoint     ] Safepoint synchronization initiated. (191 threads)
[2023-11-05T16:01:05.335+0000][2199.894s][info ][safepoint     ] Application time: 1.0008501 seconds
[2023-11-05T16:01:05.336+0000][2199.895s][info ][safepoint     ] Entering safepoint region: Cleanup
[2023-11-05T16:01:05.337+0000][2199.896s][info ][safepoint     ] Leaving safepoint region
[2023-11-05T16:01:05.338+0000][2199.897s][info ][safepoint     ] Total time for which application threads were stopped: 0.0021560 seconds, Stopping threads took: 0.0013281 seconds
[2023-11-05T16:01:06.338+0000][2200.898s][debug][safepoint     ] Safepoint synchronization initiated. (191 threads)
[2023-11-05T16:01:06.340+0000][2200.899s][info ][safepoint     ] Application time: 1.0014559 seconds
[2023-11-05T16:01:06.340+0000][2200.900s][info ][safepoint     ] Entering safepoint region: Cleanup
[2023-11-05T16:01:06.341+0000][2200.900s][info ][safepoint     ] Leaving safepoint region
[2023-11-05T16:01:06.341+0000][2200.901s][info ][safepoint     ] Total time for which application threads were stopped: 0.0012248 seconds, Stopping threads took: 0.0005511 seconds
[2023-11-05T16:01:07.342+0000][2201.902s][debug][safepoint     ] Safepoint synchronization initiated. (191 threads)
[2023-11-05T16:01:07.343+0000][2201.903s][info ][safepoint     ] Application time: 1.0013973 seconds
[2023-11-05T16:01:07.344+0000][2201.904s][info ][safepoint     ] Entering safepoint region: Cleanup
[2023-11-05T16:01:07.345+0000][2201.905s][info ][safepoint     ] Leaving safepoint region
[2023-11-05T16:01:07.346+0000][2201.905s][info ][safepoint     ] Total time for which application threads were stopped: 0.0018780 seconds, Stopping threads took: 0.0008272 seconds
[2023-11-05T16:01:08.347+0000][2202.906s][debug][safepoint     ] Safepoint synchronization initiated. (191 threads)
[2023-11-05T16:01:08.347+0000][2202.907s][info ][safepoint     ] Application time: 1.0005452 seconds
[2023-11-05T16:01:08.348+0000][2202.907s][info ][safepoint     ] Entering safepoint region: Cleanup
[2023-11-05T16:01:08.348+0000][2202.908s][info ][safepoint     ] Leaving safepoint region
[2023-11-05T16:01:08.349+0000][2202.908s][info ][safepoint     ] Total time for which application threads were stopped: 0.0008841 seconds, Stopping threads took: 0.0003566 seconds
[2023-11-05T16:01:09.349+0000][2203.908s][debug][safepoint     ] Safepoint synchronization initiated. (191 threads)
[2023-11-05T16:01:09.349+0000][2203.909s][info ][safepoint     ] Application time: 1.0005657 seconds
[2023-11-05T16:01:09.350+0000][2203.909s][info ][safepoint     ] Entering safepoint region: Cleanup
[2023-11-05T16:01:09.350+0000][2203.910s][info ][safepoint     ] Leaving safepoint region
[2023-11-05T16:01:09.350+0000][2203.910s][info ][safepoint     ] Total time for which application threads were stopped: 0.0007320 seconds, Stopping threads took: 0.0002979 seconds
[2023-11-05T16:01:10.351+0000][2204.910s][debug][safepoint     ] Safepoint synchronization initiated. (191 threads)
[2023-11-05T16:01:10.352+0000][2204.911s][info ][safepoint     ] Application time: 1.0008773 seconds
[2023-11-05T16:01:10.352+0000][2204.912s][info ][safepoint     ] Entering safepoint region: Cleanup
[2023-11-05T16:01:10.353+0000][2204.912s][info ][safepoint     ] Leaving safepoint region
[2023-11-05T16:01:10.353+0000][2204.913s][info ][safepoint     ] Total time for which application threads were stopped: 0.0013412 seconds, Stopping threads took: 0.0005135 seconds
[2023-11-05T16:01:11.354+0000][2205.914s][debug][safepoint     ] Safepoint synchronization initiated. (191 threads)
[2023-11-05T16:01:11.355+0000][2205.914s][info ][safepoint     ] Application time: 1.0008453 seconds
[2023-11-05T16:01:11.355+0000][2205.915s][info ][safepoint     ] Entering safepoint region: Cleanup
[2023-11-05T16:01:11.356+0000][2205.915s][info ][safepoint     ] Leaving safepoint region
[2023-11-05T16:01:11.356+0000][2205.916s][info ][safepoint     ] Total time for which application threads were stopped: 0.0010423 seconds, Stopping threads took: 0.0004450 seconds
[2023-11-05T16:01:12.357+0000][2206.916s][debug][safepoint     ] Safepoint synchronization initiated. (191 threads)
[2023-11-05T16:01:12.358+0000][2206.917s][info ][safepoint     ] Application time: 1.0008234 seconds
[2023-11-05T16:01:12.358+0000][2206.917s][info ][safepoint     ] Entering safepoint region: Cleanup
[2023-11-05T16:01:12.359+0000][2206.918s][info ][safepoint     ] Leaving safepoint region
[2023-11-05T16:01:12.359+0000][2206.918s][info ][safepoint     ] Total time for which application threads were stopped: 0.0010064 seconds, Stopping threads took: 0.0004023 seconds
[2023-11-05T16:01:13.360+0000][2207.919s][debug][safepoint     ] Safepoint synchronization initiated. (191 threads)
[2023-11-05T16:01:13.360+0000][2207.920s][info ][safepoint     ] Application time: 1.0007521 seconds
[2023-11-05T16:01:13.361+0000][2207.920s][info ][safepoint     ] Entering safepoint region: Cleanup
[2023-11-05T16:01:13.362+0000][2207.922s][info ][safepoint     ] Leaving safepoint region
[2023-11-05T16:01:13.363+0000][2207.922s][info ][safepoint     ] Total time for which application threads were stopped: 0.0021385 seconds, Stopping threads took: 0.0013269 seconds
[2023-11-05T16:01:14.363+0000][2208.923s][debug][safepoint     ] Safepoint synchronization initiated. (191 threads)
[2023-11-05T16:01:14.371+0000][2208.930s][info ][safepoint     ] Application time: 1.0075363 seconds
[2023-11-05T16:01:14.377+0000][2208.937s][debug][safepoint     ] ... found polling page return exception at pc = 0x00007f808cb81676, stub =0x00007f8084840600
[2023-11-05T16:01:14.394+0000][2208.954s][debug][safepoint     ] Waiting for 2 thread(s) to block
[2023-11-05T16:01:14.407+0000][2208.966s][info ][safepoint     ] Entering safepoint region: Cleanup
[2023-11-05T16:01:14.410+0000][2208.970s][info ][safepoint     ] Leaving safepoint region
[2023-11-05T16:01:14.413+0000][2208.973s][info ][safepoint     ] Total time for which application threads were stopped: 0.0364717 seconds, Stopping threads took: 0.0329014 seconds
[2023-11-05T16:01:15.417+0000][2209.976s][debug][safepoint     ] Safepoint synchronization initiated. (190 threads)
[2023-11-05T16:01:15.418+0000][2209.978s][info ][safepoint     ] Application time: 1.0016447 seconds
[2023-11-05T16:01:15.419+0000][2209.978s][info ][safepoint     ] Entering safepoint region: Cleanup
[2023-11-05T16:01:15.419+0000][2209.979s][info ][safepoint     ] Leaving safepoint region
[2023-11-05T16:01:15.420+0000][2209.979s][info ][safepoint     ] Total time for which application threads were stopped: 0.0011179 seconds, Stopping threads took: 0.0004761 seconds
[2023-11-05T16:01:16.420+0000][2210.980s][debug][safepoint     ] Safepoint synchronization initiated. (190 threads)
[2023-11-05T16:01:16.421+0000][2210.980s][info ][safepoint     ] Application time: 1.0005995 seconds
[2023-11-05T16:01:16.421+0000][2210.981s][info ][safepoint     ] Entering safepoint region: Cleanup
[2023-11-05T16:01:16.422+0000][2210.981s][info ][safepoint     ] Leaving safepoint region
[2023-11-05T16:01:16.422+0000][2210.982s][info ][safepoint     ] Total time for which application threads were stopped: 0.0011685 seconds, Stopping threads took: 0.0004408 seconds
[2023-11-05T16:01:17.423+0000][2211.982s][debug][safepoint     ] Safepoint synchronization initiated. (190 threads)
[2023-11-05T16:01:17.423+0000][2211.983s][info ][safepoint     ] Application time: 1.0006286 seconds
[2023-11-05T16:01:17.424+0000][2211.983s][info ][safepoint     ] Entering safepoint region: Cleanup
[2023-11-05T16:01:17.425+0000][2211.984s][info ][safepoint     ] Leaving safepoint region
[2023-11-05T16:01:17.425+0000][2211.985s][info ][safepoint     ] Total time for which application threads were stopped: 0.0012176 seconds, Stopping threads took: 0.0004536 seconds
[2023-11-05T16:01:18.426+0000][2212.985s][debug][safepoint     ] Safepoint synchronization initiated. (190 threads)
[2023-11-05T16:01:18.426+0000][2212.986s][info ][safepoint     ] Application time: 1.0008091 seconds
[2023-11-05T16:01:18.427+0000][2212.986s][info ][safepoint     ] Entering safepoint region: Cleanup
[2023-11-05T16:01:18.428+0000][2212.987s][info ][safepoint     ] Leaving safepoint region
[2023-11-05T16:01:18.428+0000][2212.987s][info ][safepoint     ] Total time for which application threads were stopped: 0.0011626 seconds, Stopping threads took: 0.0004678 seconds
[2023-11-05T16:01:19.429+0000][2213.988s][debug][safepoint     ] Safepoint synchronization initiated. (190 threads)
[2023-11-05T16:01:19.429+0000][2213.989s][info ][safepoint     ] Application time: 1.0009567 seconds
[2023-11-05T16:01:19.431+0000][2213.990s][info ][safepoint     ] Entering safepoint region: Cleanup
[2023-11-05T16:01:19.431+0000][2213.991s][info ][safepoint     ] Leaving safepoint region
[2023-11-05T16:01:19.432+0000][2213.991s][info ][safepoint     ] Total time for which application threads were stopped: 0.0013211 seconds, Stopping threads took: 0.0005482 seconds
[2023-11-05T16:01:20.433+0000][2214.992s][debug][safepoint     ] Safepoint synchronization initiated. (190 threads)
[2023-11-05T16:01:20.433+0000][2214.993s][info ][safepoint     ] Application time: 1.0007317 seconds
[2023-11-05T16:01:20.434+0000][2214.993s][info ][safepoint     ] Entering safepoint region: Cleanup
[2023-11-05T16:01:20.434+0000][2214.994s][info ][safepoint     ] Leaving safepoint region
[2023-11-05T16:01:20.435+0000][2214.994s][info ][safepoint     ] Total time for which application threads were stopped: 0.0012186 seconds, Stopping threads took: 0.0006089 seconds
[2023-11-05T16:01:20.586+0000][2215.146s][debug][safepoint     ] Safepoint synchronization initiated. (190 threads)
[2023-11-05T16:01:20.587+0000][2215.146s][info ][safepoint     ] Application time: 0.1518024 seconds
[2023-11-05T16:01:20.588+0000][2215.147s][info ][safepoint     ] Entering safepoint region: G1CollectForAllocation
[2023-11-05T16:01:20.588+0000][2215.148s][info ][gc,start      ] GC(102) Pause Young (Concurrent Start) (G1 Evacuation Pause)
[2023-11-05T16:01:20.589+0000][2215.148s][info ][gc,task       ] GC(102) Using 8 workers of 8 for evacuation
[2023-11-05T16:01:20.606+0000][2215.165s][info ][gc,phases     ] GC(102)   Pre Evacuate Collection Set: 1.0ms
[2023-11-05T16:01:20.607+0000][2215.166s][info ][gc,phases     ] GC(102)   Evacuate Collection Set: 11.8ms
[2023-11-05T16:01:20.607+0000][2215.166s][info ][gc,phases     ] GC(102)   Post Evacuate Collection Set: 3.9ms
[2023-11-05T16:01:20.608+0000][2215.167s][info ][gc,phases     ] GC(102)   Other: 1.1ms
[2023-11-05T16:01:20.608+0000][2215.167s][info ][gc,heap       ] GC(102) Eden regions: 118->0(120)
[2023-11-05T16:01:20.608+0000][2215.168s][info ][gc,heap       ] GC(102) Survivor regions: 2->2(15)
[2023-11-05T16:01:20.609+0000][2215.168s][info ][gc,heap       ] GC(102) Old regions: 142->142
[2023-11-05T16:01:20.609+0000][2215.169s][info ][gc,heap       ] GC(102) Humongous regions: 60->60
[2023-11-05T16:01:20.610+0000][2215.169s][info ][gc,metaspace  ] GC(102) Metaspace: 168194K(175420K)->168194K(175420K) NonClass: 148954K(153704K)->148954K(153704K) Class: 19240K(21716K)->19240K(21716K)
[2023-11-05T16:01:20.610+0000][2215.170s][info ][gc            ] GC(102) Pause Young (Concurrent Start) (G1 Evacuation Pause) 320M->201M(381M) 22.198ms
[2023-11-05T16:01:20.611+0000][2215.170s][info ][gc,cpu        ] GC(102) User=0.10s Sys=0.00s Real=0.03s
[2023-11-05T16:01:20.611+0000][2215.171s][info ][gc            ] GC(103) Concurrent Cycle
[2023-11-05T16:01:20.612+0000][2215.171s][info ][gc,marking    ] GC(103) Concurrent Clear Claimed Marks
[2023-11-05T16:01:20.611+0000][2215.171s][info ][safepoint     ] Leaving safepoint region
[2023-11-05T16:01:20.613+0000][2215.172s][info ][safepoint     ] Total time for which application threads were stopped: 0.0249852 seconds, Stopping threads took: 0.0004157 seconds
[2023-11-05T16:01:20.614+0000][2215.173s][info ][gc,stringdedup] Concurrent String Deduplication (2215.173s)
[2023-11-05T16:01:20.614+0000][2215.174s][info ][gc,marking    ] GC(103) Concurrent Clear Claimed Marks 2.470ms
[2023-11-05T16:01:20.615+0000][2215.174s][info ][gc,marking    ] GC(103) Concurrent Scan Root Regions
[2023-11-05T16:01:20.614+0000][2215.174s][info ][gc,stringdedup] Concurrent String Deduplication 32.0B->0.0B(32.0B) avg 54.3% (2215.173s, 2215.174s) 0.647ms
[2023-11-05T16:01:20.619+0000][2215.179s][info ][gc,marking    ] GC(103) Concurrent Scan Root Regions 4.490ms
[2023-11-05T16:01:20.620+0000][2215.179s][info ][gc,marking    ] GC(103) Concurrent Mark (2215.179s)
[2023-11-05T16:01:20.620+0000][2215.180s][info ][gc,marking    ] GC(103) Concurrent Mark From Roots
[2023-11-05T16:01:20.621+0000][2215.180s][info ][gc,task       ] GC(103) Using 2 workers of 2 for marking
[2023-11-05T16:01:20.747+0000][2215.307s][info ][gc,marking    ] GC(103) Concurrent Mark From Roots 126.834ms
[2023-11-05T16:01:20.748+0000][2215.307s][info ][gc,marking    ] GC(103) Concurrent Preclean
[2023-11-05T16:01:20.748+0000][2215.308s][info ][gc,marking    ] GC(103) Concurrent Preclean 0.645ms
[2023-11-05T16:01:20.749+0000][2215.308s][info ][gc,marking    ] GC(103) Concurrent Mark (2215.179s, 2215.308s) 128.896ms
[2023-11-05T16:01:20.749+0000][2215.309s][debug][safepoint     ] Safepoint synchronization initiated. (190 threads)
[2023-11-05T16:01:20.750+0000][2215.309s][info ][safepoint     ] Application time: 0.1361510 seconds
[2023-11-05T16:01:20.751+0000][2215.310s][info ][safepoint     ] Entering safepoint region: CGC_Operation
[2023-11-05T16:01:20.751+0000][2215.311s][info ][gc,start      ] GC(103) Pause Remark
[2023-11-05T16:01:20.782+0000][2215.342s][info ][gc,stringtable] GC(103) Cleaned string and symbol table, strings: 71848 processed, 0 removed, symbols: 410157 processed, 432 removed
[2023-11-05T16:01:20.784+0000][2215.343s][info ][gc            ] GC(103) Pause Remark 204M->204M(381M) 32.110ms
[2023-11-05T16:01:20.784+0000][2215.344s][info ][gc,cpu        ] GC(103) User=0.23s Sys=0.00s Real=0.03s
[2023-11-05T16:01:20.785+0000][2215.344s][info ][safepoint     ] Leaving safepoint region
[2023-11-05T16:01:20.785+0000][2215.345s][info ][safepoint     ] Total time for which application threads were stopped: 0.0345295 seconds, Stopping threads took: 0.0004978 seconds
[2023-11-05T16:01:20.786+0000][2215.345s][info ][gc,marking    ] GC(103) Concurrent Rebuild Remembered Sets
[2023-11-05T16:01:20.890+0000][2215.449s][info ][gc,marking    ] GC(103) Concurrent Rebuild Remembered Sets 103.981ms
[2023-11-05T16:01:20.890+0000][2215.450s][debug][safepoint     ] Safepoint synchronization initiated. (190 threads)
[2023-11-05T16:01:20.891+0000][2215.450s][info ][safepoint     ] Application time: 0.1050412 seconds
[2023-11-05T16:01:20.891+0000][2215.451s][info ][safepoint     ] Entering safepoint region: CGC_Operation
[2023-11-05T16:01:20.892+0000][2215.451s][info ][gc,start      ] GC(103) Pause Cleanup
[2023-11-05T16:01:20.892+0000][2215.452s][info ][gc            ] GC(103) Pause Cleanup 204M->204M(381M) 0.707ms
[2023-11-05T16:01:20.893+0000][2215.452s][info ][gc,cpu        ] GC(103) User=0.00s Sys=0.00s Real=0.00s
[2023-11-05T16:01:20.893+0000][2215.453s][info ][safepoint     ] Leaving safepoint region
[2023-11-05T16:01:20.894+0000][2215.453s][info ][safepoint     ] Total time for which application threads were stopped: 0.0025270 seconds, Stopping threads took: 0.0004605 seconds
[2023-11-05T16:01:20.894+0000][2215.453s][info ][gc,marking    ] GC(103) Concurrent Cleanup for Next Mark
[2023-11-05T16:01:20.895+0000][2215.454s][info ][gc,marking    ] GC(103) Concurrent Cleanup for Next Mark 0.894ms
[2023-11-05T16:01:20.895+0000][2215.455s][info ][gc            ] GC(103) Concurrent Cycle 284.142ms
[2023-11-05T16:01:21.894+0000][2216.454s][debug][safepoint     ] Safepoint synchronization initiated. (190 threads)
[2023-11-05T16:01:21.895+0000][2216.454s][info ][safepoint     ] Application time: 1.0008251 seconds
[2023-11-05T16:01:21.895+0000][2216.455s][info ][safepoint     ] Entering safepoint region: Cleanup
[2023-11-05T16:01:21.896+0000][2216.456s][info ][safepoint     ] Leaving safepoint region
[2023-11-05T16:01:21.897+0000][2216.456s][info ][safepoint     ] Total time for which application threads were stopped: 0.0013748 seconds, Stopping threads took: 0.0006469 seconds
[2023-11-05T16:01:22.897+0000][2217.457s][debug][safepoint     ] Safepoint synchronization initiated. (190 threads)
[2023-11-05T16:01:22.898+0000][2217.457s][info ][safepoint     ] Application time: 1.0007389 seconds
[2023-11-05T16:01:22.899+0000][2217.458s][info ][safepoint     ] Entering safepoint region: Cleanup
[2023-11-05T16:01:22.899+0000][2217.459s][info ][safepoint     ] Leaving safepoint region
[2023-11-05T16:01:22.900+0000][2217.459s][info ][safepoint     ] Total time for which application threads were stopped: 0.0012481 seconds, Stopping threads took: 0.0005271 seconds
[2023-11-05T16:01:23.901+0000][2218.460s][debug][safepoint     ] Safepoint synchronization initiated. (190 threads)
[2023-11-05T16:01:23.901+0000][2218.461s][info ][safepoint     ] Application time: 1.0007919 seconds
[2023-11-05T16:01:23.902+0000][2218.461s][info ][safepoint     ] Entering safepoint region: Cleanup
[2023-11-05T16:01:23.902+0000][2218.462s][info ][safepoint     ] Leaving safepoint region
[2023-11-05T16:01:23.903+0000][2218.462s][info ][safepoint     ] Total time for which application threads were stopped: 0.0011122 seconds, Stopping threads took: 0.0004810 seconds
[2023-11-05T16:01:24.903+0000][2219.463s][debug][safepoint     ] Safepoint synchronization initiated. (190 threads)
[2023-11-05T16:01:24.904+0000][2219.463s][info ][safepoint     ] Application time: 1.0007465 seconds
[2023-11-05T16:01:24.905+0000][2219.464s][info ][safepoint     ] Entering safepoint region: Cleanup
[2023-11-05T16:01:24.905+0000][2219.465s][info ][safepoint     ] Leaving safepoint region
[2023-11-05T16:01:24.906+0000][2219.465s][info ][safepoint     ] Total time for which application threads were stopped: 0.0012515 seconds, Stopping threads took: 0.0005105 seconds
[2023-11-05T16:01:25.906+0000][2220.466s][debug][safepoint     ] Safepoint synchronization initiated. (190 threads)
[2023-11-05T16:01:25.907+0000][2220.466s][info ][safepoint     ] Application time: 1.0008717 seconds
[2023-11-05T16:01:25.908+0000][2220.468s][info ][safepoint     ] Entering safepoint region: Cleanup
[2023-11-05T16:01:25.909+0000][2220.468s][info ][safepoint     ] Leaving safepoint region
[2023-11-05T16:01:25.910+0000][2220.469s][info ][safepoint     ] Total time for which application threads were stopped: 0.0015466 seconds, Stopping threads took: 0.0007134 seconds
[2023-11-05T16:01:26.910+0000][2221.470s][debug][safepoint     ] Safepoint synchronization initiated. (190 threads)
[2023-11-05T16:01:26.911+0000][2221.470s][info ][safepoint     ] Application time: 1.0006571 seconds
[2023-11-05T16:01:26.911+0000][2221.471s][info ][safepoint     ] Entering safepoint region: Cleanup
[2023-11-05T16:01:26.912+0000][2221.471s][info ][safepoint     ] Leaving safepoint region
[2023-11-05T16:01:26.912+0000][2221.472s][info ][safepoint     ] Total time for which application threads were stopped: 0.0010160 seconds, Stopping threads took: 0.0003871 seconds
[2023-11-05T16:01:27.913+0000][2222.472s][debug][safepoint     ] Safepoint synchronization initiated. (190 threads)
[2023-11-05T16:01:27.914+0000][2222.473s][info ][safepoint     ] Application time: 1.0010120 seconds
[2023-11-05T16:01:27.914+0000][2222.474s][info ][safepoint     ] Entering safepoint region: Cleanup
[2023-11-05T16:01:27.915+0000][2222.474s][info ][safepoint     ] Leaving safepoint region
[2023-11-05T16:01:27.915+0000][2222.475s][info ][safepoint     ] Total time for which application threads were stopped: 0.0011529 seconds, Stopping threads took: 0.0004540 seconds
[2023-11-05T16:01:28.916+0000][2223.475s][debug][safepoint     ] Safepoint synchronization initiated. (190 threads)
[2023-11-05T16:01:28.917+0000][2223.476s][info ][safepoint     ] Application time: 1.0008426 seconds
[2023-11-05T16:01:28.917+0000][2223.476s][info ][safepoint     ] Entering safepoint region: Cleanup
[2023-11-05T16:01:28.918+0000][2223.477s][info ][safepoint     ] Leaving safepoint region
[2023-11-05T16:01:28.918+0000][2223.477s][info ][safepoint     ] Total time for which application threads were stopped: 0.0010175 seconds, Stopping threads took: 0.0004749 seconds
[2023-11-05T16:01:29.919+0000][2224.478s][debug][safepoint     ] Safepoint synchronization initiated. (190 threads)
[2023-11-05T16:01:29.919+0000][2224.479s][info ][safepoint     ] Application time: 1.0009862 seconds
[2023-11-05T16:01:29.920+0000][2224.479s][info ][safepoint     ] Entering safepoint region: Cleanup
[2023-11-05T16:01:29.921+0000][2224.480s][info ][safepoint     ] Leaving safepoint region
[2023-11-05T16:01:29.921+0000][2224.481s][info ][safepoint     ] Total time for which application threads were stopped: 0.0013000 seconds, Stopping threads took: 0.0005067 seconds
[2023-11-05T16:01:30.922+0000][2225.481s][debug][safepoint     ] Safepoint synchronization initiated. (190 threads)
[2023-11-05T16:01:30.923+0000][2225.482s][info ][safepoint     ] Application time: 1.0008228 seconds
[2023-11-05T16:01:30.923+0000][2225.483s][info ][safepoint     ] Entering safepoint region: Cleanup
[2023-11-05T16:01:30.924+0000][2225.483s][info ][safepoint     ] Leaving safepoint region
[2023-11-05T16:01:30.924+0000][2225.484s][info ][safepoint     ] Total time for which application threads were stopped: 0.0012019 seconds, Stopping threads took: 0.0004876 seconds
[2023-11-05T16:01:31.925+0000][2226.484s][debug][safepoint     ] Safepoint synchronization initiated. (190 threads)
[2023-11-05T16:01:31.926+0000][2226.485s][info ][safepoint     ] Application time: 1.0008878 seconds
[2023-11-05T16:01:31.927+0000][2226.486s][info ][safepoint     ] Entering safepoint region: Cleanup
[2023-11-05T16:01:31.927+0000][2226.487s][info ][safepoint     ] Leaving safepoint region
[2023-11-05T16:01:31.928+0000][2226.487s][info ][safepoint     ] Total time for which application threads were stopped: 0.0012739 seconds, Stopping threads took: 0.0005613 seconds
[2023-11-05T16:01:32.929+0000][2227.488s][debug][safepoint     ] Safepoint synchronization initiated. (190 threads)
[2023-11-05T16:01:32.930+0000][2227.489s][info ][safepoint     ] Application time: 1.0013931 seconds
[2023-11-05T16:01:32.931+0000][2227.490s][info ][safepoint     ] Entering safepoint region: Cleanup
[2023-11-05T16:01:32.932+0000][2227.491s][info ][safepoint     ] Leaving safepoint region
[2023-11-05T16:01:32.933+0000][2227.492s][info ][safepoint     ] Total time for which application threads were stopped: 0.0022466 seconds, Stopping threads took: 0.0010493 seconds
[2023-11-05T16:01:33.934+0000][2228.493s][debug][safepoint     ] Safepoint synchronization initiated. (190 threads)
[2023-11-05T16:01:33.934+0000][2228.494s][info ][safepoint     ] Application time: 1.0005906 seconds
[2023-11-05T16:01:33.935+0000][2228.494s][info ][safepoint     ] Entering safepoint region: Cleanup
[2023-11-05T16:01:33.936+0000][2228.495s][info ][safepoint     ] Leaving safepoint region
[2023-11-05T16:01:33.936+0000][2228.495s][info ][safepoint     ] Total time for which application threads were stopped: 0.0010471 seconds, Stopping threads took: 0.0004137 seconds
[2023-11-05T16:01:34.936+0000][2229.496s][debug][safepoint     ] Safepoint synchronization initiated. (190 threads)
[2023-11-05T16:01:34.937+0000][2229.496s][info ][safepoint     ] Application time: 1.0009433 seconds
[2023-11-05T16:01:34.938+0000][2229.497s][info ][safepoint     ] Entering safepoint region: Cleanup
[2023-11-05T16:01:34.938+0000][2229.498s][info ][safepoint     ] Leaving safepoint region
[2023-11-05T16:01:34.939+0000][2229.498s][info ][safepoint     ] Total time for which application threads were stopped: 0.0013208 seconds, Stopping threads took: 0.0005820 seconds
[2023-11-05T16:01:35.940+0000][2230.499s][debug][safepoint     ] Safepoint synchronization initiated. (190 threads)
[2023-11-05T16:01:35.941+0000][2230.500s][info ][safepoint     ] Application time: 1.0014982 seconds
[2023-11-05T16:01:35.942+0000][2230.501s][info ][safepoint     ] Entering safepoint region: Cleanup
[2023-11-05T16:01:35.943+0000][2230.503s][info ][safepoint     ] Leaving safepoint region
[2023-11-05T16:01:35.944+0000][2230.504s][info ][safepoint     ] Total time for which application threads were stopped: 0.0022026 seconds, Stopping threads took: 0.0010237 seconds
[2023-11-05T16:01:36.945+0000][2231.505s][debug][safepoint     ] Safepoint synchronization initiated. (190 threads)
[2023-11-05T16:01:36.947+0000][2231.506s][info ][safepoint     ] Application time: 1.0015959 seconds
[2023-11-05T16:01:36.948+0000][2231.507s][info ][safepoint     ] Entering safepoint region: Cleanup
[2023-11-05T16:01:36.949+0000][2231.508s][info ][safepoint     ] Leaving safepoint region
[2023-11-05T16:01:36.949+0000][2231.509s][info ][safepoint     ] Total time for which application threads were stopped: 0.0019340 seconds, Stopping threads took: 0.0007161 seconds
[2023-11-05T16:01:37.951+0000][2232.510s][debug][safepoint     ] Safepoint synchronization initiated. (190 threads)
[2023-11-05T16:01:37.952+0000][2232.511s][info ][safepoint     ] Application time: 1.0014933 seconds
[2023-11-05T16:01:37.953+0000][2232.512s][info ][safepoint     ] Entering safepoint region: Cleanup
[2023-11-05T16:01:37.954+0000][2232.513s][info ][safepoint     ] Leaving safepoint region
[2023-11-05T16:01:37.955+0000][2232.514s][info ][safepoint     ] Total time for which application threads were stopped: 0.0021585 seconds, Stopping threads took: 0.0009411 seconds
[2023-11-05T16:01:38.956+0000][2233.515s][debug][safepoint     ] Safepoint synchronization initiated. (190 threads)
[2023-11-05T16:01:38.957+0000][2233.517s][info ][safepoint     ] Application time: 1.0014405 seconds
[2023-11-05T16:01:38.958+0000][2233.518s][info ][safepoint     ] Entering safepoint region: Cleanup
[2023-11-05T16:01:38.959+0000][2233.519s][info ][safepoint     ] Leaving safepoint region
[2023-11-05T16:01:38.960+0000][2233.519s][info ][safepoint     ] Total time for which application threads were stopped: 0.0018618 seconds, Stopping threads took: 0.0008314 seconds
[2023-11-05T16:01:39.961+0000][2234.520s][debug][safepoint     ] Safepoint synchronization initiated. (190 threads)
[2023-11-05T16:01:39.962+0000][2234.521s][info ][safepoint     ] Application time: 1.0009382 seconds
[2023-11-05T16:01:39.962+0000][2234.522s][info ][safepoint     ] Entering safepoint region: Cleanup
[2023-11-05T16:01:39.963+0000][2234.523s][info ][safepoint     ] Leaving safepoint region
[2023-11-05T16:01:39.964+0000][2234.523s][info ][safepoint     ] Total time for which application threads were stopped: 0.0011591 seconds, Stopping threads took: 0.0005459 seconds
[2023-11-05T16:01:40.964+0000][2235.524s][debug][safepoint     ] Safepoint synchronization initiated. (190 threads)
[2023-11-05T16:01:40.966+0000][2235.525s][info ][safepoint     ] Application time: 1.0014213 seconds
[2023-11-05T16:01:40.966+0000][2235.526s][info ][safepoint     ] Entering safepoint region: Cleanup
[2023-11-05T16:01:40.968+0000][2235.527s][info ][safepoint     ] Leaving safepoint region
[2023-11-05T16:01:40.969+0000][2235.528s][info ][safepoint     ] Total time for which application threads were stopped: 0.0023504 seconds, Stopping threads took: 0.0009951 seconds
[2023-11-05T16:01:41.970+0000][2236.529s][debug][safepoint     ] Safepoint synchronization initiated. (190 threads)
[2023-11-05T16:01:41.971+0000][2236.530s][info ][safepoint     ] Application time: 1.0015505 seconds
[2023-11-05T16:01:41.972+0000][2236.532s][info ][safepoint     ] Entering safepoint region: Cleanup
[2023-11-05T16:01:41.974+0000][2236.533s][info ][safepoint     ] Leaving safepoint region
[2023-11-05T16:01:41.974+0000][2236.534s][info ][safepoint     ] Total time for which application threads were stopped: 0.0021520 seconds, Stopping threads took: 0.0011607 seconds
[2023-11-05T16:01:42.976+0000][2237.535s][debug][safepoint     ] Safepoint synchronization initiated. (190 threads)
[2023-11-05T16:01:42.976+0000][2237.536s][info ][safepoint     ] Application time: 1.0009901 seconds
[2023-11-05T16:01:42.977+0000][2237.536s][info ][safepoint     ] Entering safepoint region: Cleanup
[2023-11-05T16:01:42.978+0000][2237.537s][info ][safepoint     ] Leaving safepoint region
[2023-11-05T16:01:42.978+0000][2237.538s][info ][safepoint     ] Total time for which application threads were stopped: 0.0012042 seconds, Stopping threads took: 0.0005592 seconds
[2023-11-05T16:01:43.979+0000][2238.538s][debug][safepoint     ] Safepoint synchronization initiated. (190 threads)
[2023-11-05T16:01:43.979+0000][2238.539s][info ][safepoint     ] Application time: 1.0007358 seconds
[2023-11-05T16:01:43.980+0000][2238.539s][info ][safepoint     ] Entering safepoint region: Cleanup
[2023-11-05T16:01:43.981+0000][2238.540s][info ][safepoint     ] Leaving safepoint region
[2023-11-05T16:01:43.981+0000][2238.541s][info ][safepoint     ] Total time for which application threads were stopped: 0.0012936 seconds, Stopping threads took: 0.0006546 seconds
[2023-11-05T16:01:44.982+0000][2239.541s][debug][safepoint     ] Safepoint synchronization initiated. (190 threads)
[2023-11-05T16:01:44.983+0000][2239.542s][info ][safepoint     ] Application time: 1.0013432 seconds
[2023-11-05T16:01:44.984+0000][2239.543s][info ][safepoint     ] Entering safepoint region: Cleanup
[2023-11-05T16:01:44.984+0000][2239.544s][info ][safepoint     ] Leaving safepoint region
[2023-11-05T16:01:44.985+0000][2239.544s][info ][safepoint     ] Total time for which application threads were stopped: 0.0013894 seconds, Stopping threads took: 0.0006236 seconds
[2023-11-05T16:01:45.986+0000][2240.545s][debug][safepoint     ] Safepoint synchronization initiated. (190 threads)
[2023-11-05T16:01:45.987+0000][2240.547s][info ][safepoint     ] Application time: 1.0016233 seconds
[2023-11-05T16:01:45.988+0000][2240.548s][info ][safepoint     ] Entering safepoint region: Cleanup
[2023-11-05T16:01:45.990+0000][2240.549s][info ][safepoint     ] Leaving safepoint region
[2023-11-05T16:01:45.991+0000][2240.550s][info ][safepoint     ] Total time for which application threads were stopped: 0.0024978 seconds, Stopping threads took: 0.0010379 seconds
[2023-11-05T16:01:46.992+0000][2241.551s][debug][safepoint     ] Safepoint synchronization initiated. (190 threads)
[2023-11-05T16:01:46.993+0000][2241.553s][info ][safepoint     ] Application time: 1.0016942 seconds
[2023-11-05T16:01:46.994+0000][2241.554s][info ][safepoint     ] Entering safepoint region: Cleanup
[2023-11-05T16:01:46.996+0000][2241.555s][info ][safepoint     ] Leaving safepoint region
[2023-11-05T16:01:46.997+0000][2241.556s][info ][safepoint     ] Total time for which application threads were stopped: 0.0024862 seconds, Stopping threads took: 0.0010573 seconds
[2023-11-05T16:01:47.998+0000][2242.557s][debug][safepoint     ] Safepoint synchronization initiated. (190 threads)
[2023-11-05T16:01:47.998+0000][2242.558s][info ][safepoint     ] Application time: 1.0007732 seconds
[2023-11-05T16:01:47.999+0000][2242.558s][info ][safepoint     ] Entering safepoint region: Cleanup
[2023-11-05T16:01:48.000+0000][2242.559s][info ][safepoint     ] Leaving safepoint region
[2023-11-05T16:01:48.000+0000][2242.560s][info ][safepoint     ] Total time for which application threads were stopped: 0.0015082 seconds, Stopping threads took: 0.0006376 seconds
[2023-11-05T16:01:49.001+0000][2243.561s][debug][safepoint     ] Safepoint synchronization initiated. (190 threads)
[2023-11-05T16:01:49.002+0000][2243.561s][info ][safepoint     ] Application time: 1.0008709 seconds
[2023-11-05T16:01:49.002+0000][2243.562s][info ][safepoint     ] Entering safepoint region: Cleanup
[2023-11-05T16:01:49.003+0000][2243.563s][info ][safepoint     ] Leaving safepoint region
[2023-11-05T16:01:49.005+0000][2243.565s][info ][safepoint     ] Total time for which application threads were stopped: 0.0032935 seconds, Stopping threads took: 0.0004660 seconds
[2023-11-05T16:01:50.006+0000][2244.565s][debug][safepoint     ] Safepoint synchronization initiated. (190 threads)
[2023-11-05T16:01:50.007+0000][2244.566s][info ][safepoint     ] Application time: 1.0010135 seconds
[2023-11-05T16:01:50.007+0000][2244.567s][info ][safepoint     ] Entering safepoint region: Cleanup
[2023-11-05T16:01:50.008+0000][2244.567s][info ][safepoint     ] Leaving safepoint region
[2023-11-05T16:01:50.009+0000][2244.568s][info ][safepoint     ] Total time for which application threads were stopped: 0.0013630 seconds, Stopping threads took: 0.0005948 seconds
[2023-11-05T16:01:51.010+0000][2245.569s][debug][safepoint     ] Safepoint synchronization initiated. (190 threads)
[2023-11-05T16:01:51.010+0000][2245.570s][info ][safepoint     ] Application time: 1.0009507 seconds
[2023-11-05T16:01:51.011+0000][2245.570s][info ][safepoint     ] Entering safepoint region: Cleanup
[2023-11-05T16:01:51.012+0000][2245.571s][info ][safepoint     ] Leaving safepoint region
[2023-11-05T16:01:51.012+0000][2245.571s][info ][safepoint     ] Total time for which application threads were stopped: 0.0013159 seconds, Stopping threads took: 0.0005785 seconds
[2023-11-05T16:01:52.013+0000][2246.572s][debug][safepoint     ] Safepoint synchronization initiated. (190 threads)
[2023-11-05T16:01:52.014+0000][2246.573s][info ][safepoint     ] Application time: 1.0011903 seconds
[2023-11-05T16:01:52.015+0000][2246.574s][info ][safepoint     ] Entering safepoint region: Cleanup
[2023-11-05T16:01:52.016+0000][2246.575s][info ][safepoint     ] Leaving safepoint region
[2023-11-05T16:01:52.016+0000][2246.575s][info ][safepoint     ] Total time for which application threads were stopped: 0.0016815 seconds, Stopping threads took: 0.0007330 seconds
[2023-11-05T16:01:53.017+0000][2247.576s][debug][safepoint     ] Safepoint synchronization initiated. (190 threads)
[2023-11-05T16:01:53.018+0000][2247.577s][info ][safepoint     ] Application time: 1.0012224 seconds
[2023-11-05T16:01:53.019+0000][2247.578s][info ][safepoint     ] Entering safepoint region: Cleanup
[2023-11-05T16:01:53.020+0000][2247.579s][info ][safepoint     ] Leaving safepoint region
[2023-11-05T16:01:53.021+0000][2247.580s][info ][safepoint     ] Total time for which application threads were stopped: 0.0019368 seconds, Stopping threads took: 0.0009218 seconds
[2023-11-05T16:01:54.013+0000][2248.581s][debug][safepoint     ] Safepoint synchronization initiated. (190 threads)
[2023-11-05T16:01:54.014+0000][2248.582s][info ][safepoint     ] Application time: 1.0010565 seconds
[2023-11-05T16:01:54.014+0000][2248.583s][info ][safepoint     ] Entering safepoint region: Cleanup
[2023-11-05T16:01:54.015+0000][2248.583s][info ][safepoint     ] Leaving safepoint region
[2023-11-05T16:01:54.016+0000][2248.584s][info ][safepoint     ] Total time for which application threads were stopped: 0.0013297 seconds, Stopping threads took: 0.0005435 seconds
[2023-11-05T16:01:55.016+0000][2249.585s][debug][safepoint     ] Safepoint synchronization initiated. (190 threads)
[2023-11-05T16:01:55.017+0000][2249.585s][info ][safepoint     ] Application time: 1.0008804 seconds
[2023-11-05T16:01:55.017+0000][2249.586s][info ][safepoint     ] Entering safepoint region: Cleanup
[2023-11-05T16:01:55.018+0000][2249.587s][info ][safepoint     ] Leaving safepoint region
[2023-11-05T16:01:55.019+0000][2249.587s][info ][safepoint     ] Total time for which application threads were stopped: 0.0013253 seconds, Stopping threads took: 0.0005669 seconds
[2023-11-05T16:01:56.019+0000][2250.588s][debug][safepoint     ] Safepoint synchronization initiated. (190 threads)
[2023-11-05T16:01:56.020+0000][2250.588s][info ][safepoint     ] Application time: 1.0006321 seconds
[2023-11-05T16:01:56.021+0000][2250.589s][info ][safepoint     ] Entering safepoint region: Cleanup
[2023-11-05T16:01:56.023+0000][2250.591s][info ][safepoint     ] Leaving safepoint region
[2023-11-05T16:01:56.024+0000][2250.593s][info ][safepoint     ] Total time for which application threads were stopped: 0.0037928 seconds, Stopping threads took: 0.0015265 seconds
[2023-11-05T16:01:57.025+0000][2251.593s][debug][safepoint     ] Safepoint synchronization initiated. (190 threads)
[2023-11-05T16:01:57.026+0000][2251.594s][info ][safepoint     ] Application time: 1.0011817 seconds
[2023-11-05T16:01:57.027+0000][2251.595s][info ][safepoint     ] Entering safepoint region: Cleanup
[2023-11-05T16:01:57.028+0000][2251.596s][info ][safepoint     ] Leaving safepoint region
[2023-11-05T16:01:57.028+0000][2251.596s][info ][safepoint     ] Total time for which application threads were stopped: 0.0013721 seconds, Stopping threads took: 0.0006670 seconds
[2023-11-05T16:01:58.029+0000][2252.597s][debug][safepoint     ] Safepoint synchronization initiated. (190 threads)
[2023-11-05T16:01:58.030+0000][2252.598s][info ][safepoint     ] Application time: 1.0010401 seconds
[2023-11-05T16:01:58.031+0000][2252.599s][info ][safepoint     ] Entering safepoint region: Cleanup
[2023-11-05T16:01:58.032+0000][2252.600s][info ][safepoint     ] Leaving safepoint region
[2023-11-05T16:01:58.032+0000][2252.600s][info ][safepoint     ] Total time for which application threads were stopped: 0.0017128 seconds, Stopping threads took: 0.0008244 seconds
[2023-11-05T16:01:59.033+0000][2253.601s][debug][safepoint     ] Safepoint synchronization initiated. (190 threads)
[2023-11-05T16:01:59.034+0000][2253.602s][info ][safepoint     ] Application time: 1.0008909 seconds
[2023-11-05T16:01:59.034+0000][2253.603s][info ][safepoint     ] Entering safepoint region: Cleanup
[2023-11-05T16:01:59.035+0000][2253.603s][info ][safepoint     ] Leaving safepoint region
[2023-11-05T16:01:59.036+0000][2253.604s][info ][safepoint     ] Total time for which application threads were stopped: 0.0013008 seconds, Stopping threads took: 0.0005207 seconds
[2023-11-05T16:02:00.036+0000][2254.605s][debug][safepoint     ] Safepoint synchronization initiated. (190 threads)
[2023-11-05T16:02:00.037+0000][2254.605s][info ][safepoint     ] Application time: 1.0009787 seconds
[2023-11-05T16:02:00.038+0000][2254.606s][info ][safepoint     ] Entering safepoint region: Cleanup
[2023-11-05T16:02:00.038+0000][2254.607s][info ][safepoint     ] Leaving safepoint region
[2023-11-05T16:02:00.039+0000][2254.607s][info ][safepoint     ] Total time for which application threads were stopped: 0.0013802 seconds, Stopping threads took: 0.0005304 seconds
[2023-11-05T16:02:01.040+0000][2255.608s][debug][safepoint     ] Safepoint synchronization initiated. (190 threads)
[2023-11-05T16:02:01.041+0000][2255.609s][info ][safepoint     ] Application time: 1.0015591 seconds
[2023-11-05T16:02:01.042+0000][2255.610s][info ][safepoint     ] Entering safepoint region: Cleanup
[2023-11-05T16:02:01.043+0000][2255.612s][info ][safepoint     ] Leaving safepoint region
[2023-11-05T16:02:01.044+0000][2255.612s][info ][safepoint     ] Total time for which application threads were stopped: 0.0018071 seconds, Stopping threads took: 0.0008426 seconds
[2023-11-05T16:02:02.045+0000][2256.613s][debug][safepoint     ] Safepoint synchronization initiated. (190 threads)
[2023-11-05T16:02:02.046+0000][2256.614s][info ][safepoint     ] Application time: 1.0013661 seconds
[2023-11-05T16:02:02.047+0000][2256.615s][info ][safepoint     ] Entering safepoint region: Cleanup
[2023-11-05T16:02:02.048+0000][2256.617s][info ][safepoint     ] Leaving safepoint region
[2023-11-05T16:02:02.049+0000][2256.617s][info ][safepoint     ] Total time for which application threads were stopped: 0.0023083 seconds, Stopping threads took: 0.0010071 seconds
[2023-11-05T16:02:03.050+0000][2257.619s][debug][safepoint     ] Safepoint synchronization initiated. (190 threads)
[2023-11-05T16:02:03.051+0000][2257.620s][info ][safepoint     ] Application time: 1.0014134 seconds
[2023-11-05T16:02:03.052+0000][2257.621s][info ][safepoint     ] Entering safepoint region: Cleanup
[2023-11-05T16:02:03.054+0000][2257.622s][info ][safepoint     ] Leaving safepoint region
[2023-11-05T16:02:03.055+0000][2257.623s][info ][safepoint     ] Total time for which application threads were stopped: 0.0022398 seconds, Stopping threads took: 0.0009542 seconds
[2023-11-05T16:02:04.056+0000][2258.624s][debug][safepoint     ] Safepoint synchronization initiated. (190 threads)
[2023-11-05T16:02:04.057+0000][2258.626s][info ][safepoint     ] Application time: 1.0021136 seconds
[2023-11-05T16:02:04.058+0000][2258.626s][info ][safepoint     ] Entering safepoint region: Cleanup
[2023-11-05T16:02:04.059+0000][2258.627s][info ][safepoint     ] Leaving safepoint region
[2023-11-05T16:02:04.059+0000][2258.627s][info ][safepoint     ] Total time for which application threads were stopped: 0.0010359 seconds, Stopping threads took: 0.0004556 seconds
[2023-11-05T16:02:05.059+0000][2259.628s][debug][safepoint     ] Safepoint synchronization initiated. (190 threads)
[2023-11-05T16:02:05.060+0000][2259.628s][info ][safepoint     ] Application time: 1.0007053 seconds
[2023-11-05T16:02:05.061+0000][2259.629s][info ][safepoint     ] Entering safepoint region: Cleanup
[2023-11-05T16:02:05.061+0000][2259.630s][info ][safepoint     ] Leaving safepoint region
[2023-11-05T16:02:05.062+0000][2259.630s][info ][safepoint     ] Total time for which application threads were stopped: 0.0012192 seconds, Stopping threads took: 0.0004631 seconds
[2023-11-05T16:02:06.062+0000][2260.631s][debug][safepoint     ] Safepoint synchronization initiated. (190 threads)
[2023-11-05T16:02:06.063+0000][2260.631s][info ][safepoint     ] Application time: 1.0009356 seconds
[2023-11-05T16:02:06.064+0000][2260.632s][info ][safepoint     ] Entering safepoint region: Cleanup
[2023-11-05T16:02:06.065+0000][2260.633s][info ][safepoint     ] Leaving safepoint region
[2023-11-05T16:02:06.065+0000][2260.634s][info ][safepoint     ] Total time for which application threads were stopped: 0.0014167 seconds, Stopping threads took: 0.0006724 seconds
[2023-11-05T16:02:07.066+0000][2261.634s][debug][safepoint     ] Safepoint synchronization initiated. (190 threads)
[2023-11-05T16:02:07.067+0000][2261.635s][info ][safepoint     ] Application time: 1.0009740 seconds
[2023-11-05T16:02:07.067+0000][2261.636s][info ][safepoint     ] Entering safepoint region: Cleanup
[2023-11-05T16:02:07.068+0000][2261.637s][info ][safepoint     ] Leaving safepoint region
[2023-11-05T16:02:07.069+0000][2261.637s][info ][safepoint     ] Total time for which application threads were stopped: 0.0012978 seconds, Stopping threads took: 0.0005420 seconds
[2023-11-05T16:02:08.069+0000][2262.638s][debug][safepoint     ] Safepoint synchronization initiated. (190 threads)
[2023-11-05T16:02:08.070+0000][2262.638s][info ][safepoint     ] Application time: 1.0007651 seconds
[2023-11-05T16:02:08.071+0000][2262.639s][info ][safepoint     ] Entering safepoint region: Cleanup
[2023-11-05T16:02:08.072+0000][2262.640s][info ][safepoint     ] Leaving safepoint region
[2023-11-05T16:02:08.074+0000][2262.642s][info ][safepoint     ] Total time for which application threads were stopped: 0.0034349 seconds, Stopping threads took: 0.0006285 seconds
[2023-11-05T16:02:09.076+0000][2263.644s][debug][safepoint     ] Safepoint synchronization initiated. (190 threads)
[2023-11-05T16:02:09.077+0000][2263.645s][info ][safepoint     ] Application time: 1.0014978 seconds
[2023-11-05T16:02:09.078+0000][2263.646s][info ][safepoint     ] Entering safepoint region: Cleanup
[2023-11-05T16:02:09.079+0000][2263.647s][info ][safepoint     ] Leaving safepoint region
[2023-11-05T16:02:09.079+0000][2263.648s][info ][safepoint     ] Total time for which application threads were stopped: 0.0016490 seconds, Stopping threads took: 0.0008777 seconds
[2023-11-05T16:02:10.080+0000][2264.648s][debug][safepoint     ] Safepoint synchronization initiated. (190 threads)
[2023-11-05T16:02:10.081+0000][2264.649s][info ][safepoint     ] Application time: 1.0007395 seconds
[2023-11-05T16:02:10.081+0000][2264.650s][info ][safepoint     ] Entering safepoint region: Cleanup
[2023-11-05T16:02:10.082+0000][2264.650s][info ][safepoint     ] Leaving safepoint region
[2023-11-05T16:02:10.082+0000][2264.651s][info ][safepoint     ] Total time for which application threads were stopped: 0.0011918 seconds, Stopping threads took: 0.0004738 seconds
[2023-11-05T16:02:11.083+0000][2265.651s][debug][safepoint     ] Safepoint synchronization initiated. (190 threads)
[2023-11-05T16:02:11.084+0000][2265.652s][info ][safepoint     ] Application time: 1.0008592 seconds
[2023-11-05T16:02:11.084+0000][2265.653s][info ][safepoint     ] Entering safepoint region: Cleanup
[2023-11-05T16:02:11.085+0000][2265.653s][info ][safepoint     ] Leaving safepoint region
[2023-11-05T16:02:11.085+0000][2265.654s][info ][safepoint     ] Total time for which application threads were stopped: 0.0012384 seconds, Stopping threads took: 0.0005576 seconds
[2023-11-05T16:02:12.086+0000][2266.654s][debug][safepoint     ] Safepoint synchronization initiated. (190 threads)
[2023-11-05T16:02:12.087+0000][2266.655s][info ][safepoint     ] Application time: 1.0011056 seconds
[2023-11-05T16:02:12.088+0000][2266.656s][info ][safepoint     ] Entering safepoint region: Cleanup
[2023-11-05T16:02:12.089+0000][2266.657s][info ][safepoint     ] Leaving safepoint region
[2023-11-05T16:02:12.089+0000][2266.657s][info ][safepoint     ] Total time for which application threads were stopped: 0.0014627 seconds, Stopping threads took: 0.0006683 seconds
[2023-11-05T16:02:13.090+0000][2267.658s][debug][safepoint     ] Safepoint synchronization initiated. (190 threads)
[2023-11-05T16:02:13.092+0000][2267.660s][info ][safepoint     ] Application time: 1.0022138 seconds
[2023-11-05T16:02:13.092+0000][2267.661s][info ][safepoint     ] Entering safepoint region: Cleanup
[2023-11-05T16:02:13.093+0000][2267.662s][info ][safepoint     ] Leaving safepoint region
[2023-11-05T16:02:13.094+0000][2267.663s][info ][safepoint     ] Total time for which application threads were stopped: 0.0019175 seconds, Stopping threads took: 0.0005296 seconds
[2023-11-05T16:02:14.095+0000][2268.663s][debug][safepoint     ] Safepoint synchronization initiated. (190 threads)
[2023-11-05T16:02:14.096+0000][2268.664s][info ][safepoint     ] Application time: 1.0008237 seconds
[2023-11-05T16:02:14.096+0000][2268.664s][info ][safepoint     ] Entering safepoint region: Cleanup
[2023-11-05T16:02:14.098+0000][2268.666s][info ][safepoint     ] Leaving safepoint region
[2023-11-05T16:02:14.099+0000][2268.667s][info ][safepoint     ] Total time for which application threads were stopped: 0.0027522 seconds, Stopping threads took: 0.0008956 seconds
[2023-11-05T16:02:15.100+0000][2269.668s][debug][safepoint     ] Safepoint synchronization initiated. (190 threads)
[2023-11-05T16:02:15.101+0000][2269.669s][info ][safepoint     ] Application time: 1.0014049 seconds
[2023-11-05T16:02:15.102+0000][2269.670s][info ][safepoint     ] Entering safepoint region: Cleanup
[2023-11-05T16:02:15.103+0000][2269.671s][info ][safepoint     ] Leaving safepoint region
[2023-11-05T16:02:15.104+0000][2269.672s][info ][safepoint     ] Total time for which application threads were stopped: 0.0025281 seconds, Stopping threads took: 0.0010335 seconds
[2023-11-05T16:02:16.105+0000][2270.673s][debug][safepoint     ] Safepoint synchronization initiated. (190 threads)
[2023-11-05T16:02:16.106+0000][2270.674s][info ][safepoint     ] Application time: 1.0006692 seconds
[2023-11-05T16:02:16.106+0000][2270.674s][info ][safepoint     ] Entering safepoint region: Cleanup
[2023-11-05T16:02:16.107+0000][2270.675s][info ][safepoint     ] Leaving safepoint region
[2023-11-05T16:02:16.107+0000][2270.675s][info ][safepoint     ] Total time for which application threads were stopped: 0.0009593 seconds, Stopping threads took: 0.0004362 seconds
[2023-11-05T16:02:17.107+0000][2271.676s][debug][safepoint     ] Safepoint synchronization initiated. (190 threads)
[2023-11-05T16:02:17.108+0000][2271.677s][info ][safepoint     ] Application time: 1.0009796 seconds
[2023-11-05T16:02:17.109+0000][2271.677s][info ][safepoint     ] Entering safepoint region: Cleanup
[2023-11-05T16:02:17.110+0000][2271.678s][info ][safepoint     ] Leaving safepoint region
[2023-11-05T16:02:17.110+0000][2271.678s][info ][safepoint     ] Total time for which application threads were stopped: 0.0012305 seconds, Stopping threads took: 0.0005686 seconds
[2023-11-05T16:02:18.111+0000][2272.679s][debug][safepoint     ] Safepoint synchronization initiated. (190 threads)
[2023-11-05T16:02:18.112+0000][2272.680s][info ][safepoint     ] Application time: 1.0013071 seconds
[2023-11-05T16:02:18.113+0000][2272.681s][info ][safepoint     ] Entering safepoint region: Cleanup
[2023-11-05T16:02:18.113+0000][2272.682s][info ][safepoint     ] Leaving safepoint region
[2023-11-05T16:02:18.114+0000][2272.682s][info ][safepoint     ] Total time for which application threads were stopped: 0.0014077 seconds, Stopping threads took: 0.0005580 seconds
[2023-11-05T16:02:19.115+0000][2273.683s][debug][safepoint     ] Safepoint synchronization initiated. (190 threads)
[2023-11-05T16:02:19.116+0000][2273.685s][info ][safepoint     ] Application time: 1.0018688 seconds
[2023-11-05T16:02:19.117+0000][2273.685s][info ][safepoint     ] Entering safepoint region: Cleanup
[2023-11-05T16:02:19.118+0000][2273.686s][info ][safepoint     ] Leaving safepoint region
[2023-11-05T16:02:19.119+0000][2273.687s][info ][safepoint     ] Total time for which application threads were stopped: 0.0017064 seconds, Stopping threads took: 0.0008397 seconds
[2023-11-05T16:02:20.119+0000][2274.688s][debug][safepoint     ] Safepoint synchronization initiated. (190 threads)
[2023-11-05T16:02:20.121+0000][2274.689s][info ][safepoint     ] Application time: 1.0014769 seconds
[2023-11-05T16:02:20.121+0000][2274.690s][info ][safepoint     ] Entering safepoint region: Cleanup
[2023-11-05T16:02:20.122+0000][2274.690s][info ][safepoint     ] Leaving safepoint region
[2023-11-05T16:02:20.123+0000][2274.691s][info ][safepoint     ] Total time for which application threads were stopped: 0.0013094 seconds, Stopping threads took: 0.0005333 seconds
[2023-11-05T16:02:21.123+0000][2275.692s][debug][safepoint     ] Safepoint synchronization initiated. (190 threads)
[2023-11-05T16:02:21.124+0000][2275.692s][info ][safepoint     ] Application time: 1.0008823 seconds
[2023-11-05T16:02:21.125+0000][2275.693s][info ][safepoint     ] Entering safepoint region: Cleanup
[2023-11-05T16:02:21.126+0000][2275.694s][info ][safepoint     ] Leaving safepoint region
[2023-11-05T16:02:21.126+0000][2275.694s][info ][safepoint     ] Total time for which application threads were stopped: 0.0011959 seconds, Stopping threads took: 0.0006095 seconds
[2023-11-05T16:02:22.127+0000][2276.695s][debug][safepoint     ] Safepoint synchronization initiated. (190 threads)
[2023-11-05T16:02:22.128+0000][2276.697s][info ][safepoint     ] Application time: 1.0014256 seconds
[2023-11-05T16:02:22.129+0000][2276.698s][info ][safepoint     ] Entering safepoint region: Cleanup
[2023-11-05T16:02:22.131+0000][2276.699s][info ][safepoint     ] Leaving safepoint region
[2023-11-05T16:02:22.132+0000][2276.700s][info ][safepoint     ] Total time for which application threads were stopped: 0.0026177 seconds, Stopping threads took: 0.0009610 seconds
[2023-11-05T16:02:23.133+0000][2277.701s][debug][safepoint     ] Safepoint synchronization initiated. (190 threads)
[2023-11-05T16:02:23.134+0000][2277.702s][info ][safepoint     ] Application time: 1.0012192 seconds
[2023-11-05T16:02:23.135+0000][2277.703s][info ][safepoint     ] Entering safepoint region: Cleanup
[2023-11-05T16:02:23.136+0000][2277.704s][info ][safepoint     ] Leaving safepoint region
[2023-11-05T16:02:23.137+0000][2277.705s][info ][safepoint     ] Total time for which application threads were stopped: 0.0022934 seconds, Stopping threads took: 0.0008619 seconds
[2023-11-05T16:02:24.147+0000][2278.706s][debug][safepoint     ] Safepoint synchronization initiated. (190 threads)
[2023-11-05T16:02:24.147+0000][2278.707s][info ][safepoint     ] Application time: 1.0007673 seconds
[2023-11-05T16:02:24.148+0000][2278.707s][info ][safepoint     ] Entering safepoint region: Cleanup
[2023-11-05T16:02:24.148+0000][2278.708s][info ][safepoint     ] Leaving safepoint region
[2023-11-05T16:02:24.149+0000][2278.708s][info ][safepoint     ] Total time for which application threads were stopped: 0.0010974 seconds, Stopping threads took: 0.0004775 seconds
[2023-11-05T16:02:25.150+0000][2279.709s][debug][safepoint     ] Safepoint synchronization initiated. (190 threads)
[2023-11-05T16:02:25.150+0000][2279.710s][info ][safepoint     ] Application time: 1.0011650 seconds
[2023-11-05T16:02:25.151+0000][2279.711s][info ][safepoint     ] Entering safepoint region: Cleanup
[2023-11-05T16:02:25.152+0000][2279.711s][info ][safepoint     ] Leaving safepoint region
[2023-11-05T16:02:25.153+0000][2279.712s][info ][safepoint     ] Total time for which application threads were stopped: 0.0013730 seconds, Stopping threads took: 0.0006055 seconds
[2023-11-05T16:02:26.153+0000][2280.713s][debug][safepoint     ] Safepoint synchronization initiated. (190 threads)
[2023-11-05T16:02:26.154+0000][2280.713s][info ][safepoint     ] Application time: 1.0008809 seconds
[2023-11-05T16:02:26.155+0000][2280.714s][info ][safepoint     ] Entering safepoint region: Cleanup
[2023-11-05T16:02:26.156+0000][2280.716s][info ][safepoint     ] Leaving safepoint region
[2023-11-05T16:02:26.157+0000][2280.717s][info ][safepoint     ] Total time for which application threads were stopped: 0.0023395 seconds, Stopping threads took: 0.0006963 seconds
[2023-11-05T16:02:27.158+0000][2281.717s][debug][safepoint     ] Safepoint synchronization initiated. (190 threads)
[2023-11-05T16:02:27.158+0000][2281.718s][info ][safepoint     ] Application time: 1.0006411 seconds
[2023-11-05T16:02:27.159+0000][2281.718s][info ][safepoint     ] Entering safepoint region: Cleanup
[2023-11-05T16:02:27.160+0000][2281.720s][info ][safepoint     ] Leaving safepoint region
[2023-11-05T16:02:27.162+0000][2281.722s][info ][safepoint     ] Total time for which application threads were stopped: 0.0037799 seconds, Stopping threads took: 0.0009582 seconds
[2023-11-05T16:02:28.163+0000][2282.723s][debug][safepoint     ] Safepoint synchronization initiated. (190 threads)
[2023-11-05T16:02:28.164+0000][2282.724s][info ][safepoint     ] Application time: 1.0015133 seconds
[2023-11-05T16:02:28.165+0000][2282.725s][info ][safepoint     ] Entering safepoint region: Cleanup
[2023-11-05T16:02:28.166+0000][2282.726s][info ][safepoint     ] Leaving safepoint region
[2023-11-05T16:02:28.167+0000][2282.726s][info ][safepoint     ] Total time for which application threads were stopped: 0.0014639 seconds, Stopping threads took: 0.0006983 seconds
[2023-11-05T16:02:29.167+0000][2283.727s][debug][safepoint     ] Safepoint synchronization initiated. (190 threads)
[2023-11-05T16:02:29.168+0000][2283.728s][info ][safepoint     ] Application time: 1.0012857 seconds
[2023-11-05T16:02:29.169+0000][2283.729s][info ][safepoint     ] Entering safepoint region: Cleanup
[2023-11-05T16:02:29.170+0000][2283.729s][info ][safepoint     ] Leaving safepoint region
[2023-11-05T16:02:29.171+0000][2283.730s][info ][safepoint     ] Total time for which application threads were stopped: 0.0016414 seconds, Stopping threads took: 0.0006777 seconds
[2023-11-05T16:02:30.171+0000][2284.731s][debug][safepoint     ] Safepoint synchronization initiated. (190 threads)
[2023-11-05T16:02:30.172+0000][2284.732s][info ][safepoint     ] Application time: 1.0010696 seconds
[2023-11-05T16:02:30.173+0000][2284.732s][info ][safepoint     ] Entering safepoint region: Cleanup
[2023-11-05T16:02:30.174+0000][2284.733s][info ][safepoint     ] Leaving safepoint region
[2023-11-05T16:02:30.174+0000][2284.734s][info ][safepoint     ] Total time for which application threads were stopped: 0.0012982 seconds, Stopping threads took: 0.0004769 seconds
[2023-11-05T16:02:31.175+0000][2285.734s][debug][safepoint     ] Safepoint synchronization initiated. (190 threads)
[2023-11-05T16:02:31.175+0000][2285.735s][info ][safepoint     ] Application time: 1.0006029 seconds
[2023-11-05T16:02:31.176+0000][2285.736s][info ][safepoint     ] Entering safepoint region: Cleanup
[2023-11-05T16:02:31.177+0000][2285.736s][info ][safepoint     ] Leaving safepoint region
[2023-11-05T16:02:31.177+0000][2285.737s][info ][safepoint     ] Total time for which application threads were stopped: 0.0009976 seconds, Stopping threads took: 0.0004408 seconds
[2023-11-05T16:02:32.178+0000][2286.737s][debug][safepoint     ] Safepoint synchronization initiated. (190 threads)
[2023-11-05T16:02:32.178+0000][2286.738s][info ][safepoint     ] Application time: 1.0008139 seconds
[2023-11-05T16:02:32.179+0000][2286.738s][info ][safepoint     ] Entering safepoint region: Cleanup
[2023-11-05T16:02:32.180+0000][2286.739s][info ][safepoint     ] Leaving safepoint region
[2023-11-05T16:02:32.181+0000][2286.740s][info ][safepoint     ] Total time for which application threads were stopped: 0.0020784 seconds, Stopping threads took: 0.0007642 seconds
[2023-11-05T16:02:33.182+0000][2287.741s][debug][safepoint     ] Safepoint synchronization initiated. (190 threads)
[2023-11-05T16:02:33.182+0000][2287.742s][info ][safepoint     ] Application time: 1.0009834 seconds
[2023-11-05T16:02:33.183+0000][2287.743s][info ][safepoint     ] Entering safepoint region: Cleanup
[2023-11-05T16:02:33.184+0000][2287.744s][info ][safepoint     ] Leaving safepoint region
[2023-11-05T16:02:33.185+0000][2287.744s][info ][safepoint     ] Total time for which application threads were stopped: 0.0016039 seconds, Stopping threads took: 0.0007878 seconds
[2023-11-05T16:02:34.185+0000][2288.745s][debug][safepoint     ] Safepoint synchronization initiated. (190 threads)
[2023-11-05T16:02:34.186+0000][2288.745s][info ][safepoint     ] Application time: 1.0007225 seconds
[2023-11-05T16:02:34.186+0000][2288.746s][info ][safepoint     ] Entering safepoint region: Cleanup
[2023-11-05T16:02:34.187+0000][2288.747s][info ][safepoint     ] Leaving safepoint region
[2023-11-05T16:02:34.188+0000][2288.747s][info ][safepoint     ] Total time for which application threads were stopped: 0.0012188 seconds, Stopping threads took: 0.0004993 seconds
[2023-11-05T16:02:35.188+0000][2289.748s][debug][safepoint     ] Safepoint synchronization initiated. (190 threads)
[2023-11-05T16:02:35.189+0000][2289.748s][info ][safepoint     ] Application time: 1.0005843 seconds
[2023-11-05T16:02:35.189+0000][2289.749s][info ][safepoint     ] Entering safepoint region: Cleanup
[2023-11-05T16:02:35.190+0000][2289.749s][info ][safepoint     ] Leaving safepoint region
[2023-11-05T16:02:35.190+0000][2289.749s][info ][safepoint     ] Total time for which application threads were stopped: 0.0007495 seconds, Stopping threads took: 0.0003067 seconds
[2023-11-05T16:02:36.190+0000][2290.750s][debug][safepoint     ] Safepoint synchronization initiated. (190 threads)
[2023-11-05T16:02:36.191+0000][2290.750s][info ][safepoint     ] Application time: 1.0005793 seconds
[2023-11-05T16:02:36.191+0000][2290.751s][info ][safepoint     ] Entering safepoint region: Cleanup
[2023-11-05T16:02:36.192+0000][2290.751s][info ][safepoint     ] Leaving safepoint region
[2023-11-05T16:02:36.192+0000][2290.752s][info ][safepoint     ] Total time for which application threads were stopped: 0.0010207 seconds, Stopping threads took: 0.0003864 seconds
[2023-11-05T16:02:37.193+0000][2291.752s][debug][safepoint     ] Safepoint synchronization initiated. (190 threads)
[2023-11-05T16:02:37.193+0000][2291.753s][info ][safepoint     ] Application time: 1.0008715 seconds
[2023-11-05T16:02:37.194+0000][2291.753s][info ][safepoint     ] Entering safepoint region: Cleanup
[2023-11-05T16:02:37.195+0000][2291.754s][info ][safepoint     ] Leaving safepoint region
[2023-11-05T16:02:37.196+0000][2291.756s][info ][safepoint     ] Total time for which application threads were stopped: 0.0021473 seconds, Stopping threads took: 0.0005642 seconds
[2023-11-05T16:02:38.197+0000][2292.757s][debug][safepoint     ] Safepoint synchronization initiated. (190 threads)
[2023-11-05T16:02:38.199+0000][2292.759s][info ][safepoint     ] Application time: 1.0027121 seconds
[2023-11-05T16:02:38.200+0000][2292.760s][info ][safepoint     ] Entering safepoint region: Cleanup
[2023-11-05T16:02:38.201+0000][2292.761s][info ][safepoint     ] Leaving safepoint region
[2023-11-05T16:02:38.202+0000][2292.761s][info ][safepoint     ] Total time for which application threads were stopped: 0.0016499 seconds, Stopping threads took: 0.0008743 seconds
[2023-11-05T16:02:39.202+0000][2293.762s][debug][safepoint     ] Safepoint synchronization initiated. (190 threads)
[2023-11-05T16:02:39.203+0000][2293.762s][info ][safepoint     ] Application time: 1.0008100 seconds
[2023-11-05T16:02:39.203+0000][2293.763s][info ][safepoint     ] Entering safepoint region: Cleanup
[2023-11-05T16:02:39.204+0000][2293.764s][info ][safepoint     ] Leaving safepoint region
[2023-11-05T16:02:39.205+0000][2293.764s][info ][safepoint     ] Total time for which application threads were stopped: 0.0012503 seconds, Stopping threads took: 0.0004936 seconds
[2023-11-05T16:02:40.205+0000][2294.765s][debug][safepoint     ] Safepoint synchronization initiated. (190 threads)
[2023-11-05T16:02:40.206+0000][2294.766s][info ][safepoint     ] Application time: 1.0008199 seconds
[2023-11-05T16:02:40.206+0000][2294.766s][info ][safepoint     ] Entering safepoint region: Cleanup
[2023-11-05T16:02:40.208+0000][2294.768s][info ][safepoint     ] Leaving safepoint region
[2023-11-05T16:02:40.209+0000][2294.769s][info ][safepoint     ] Total time for which application threads were stopped: 0.0027773 seconds, Stopping threads took: 0.0011230 seconds
[2023-11-05T16:02:41.210+0000][2295.769s][debug][safepoint     ] Safepoint synchronization initiated. (190 threads)
[2023-11-05T16:02:41.211+0000][2295.770s][info ][safepoint     ] Application time: 1.0008973 seconds
[2023-11-05T16:02:41.211+0000][2295.771s][info ][safepoint     ] Entering safepoint region: Cleanup
[2023-11-05T16:02:41.212+0000][2295.771s][info ][safepoint     ] Leaving safepoint region
[2023-11-05T16:02:41.212+0000][2295.772s][info ][safepoint     ] Total time for which application threads were stopped: 0.0011471 seconds, Stopping threads took: 0.0004957 seconds
[2023-11-05T16:02:42.213+0000][2296.772s][debug][safepoint     ] Safepoint synchronization initiated. (190 threads)
[2023-11-05T16:02:42.213+0000][2296.773s][info ][safepoint     ] Application time: 1.0007156 seconds
[2023-11-05T16:02:42.214+0000][2296.774s][info ][safepoint     ] Entering safepoint region: Cleanup
[2023-11-05T16:02:42.215+0000][2296.774s][info ][safepoint     ] Leaving safepoint region
[2023-11-05T16:02:42.215+0000][2296.775s][info ][safepoint     ] Total time for which application threads were stopped: 0.0013852 seconds, Stopping threads took: 0.0006524 seconds
[2023-11-05T16:02:43.216+0000][2297.776s][debug][safepoint     ] Safepoint synchronization initiated. (190 threads)
[2023-11-05T16:02:43.217+0000][2297.776s][info ][safepoint     ] Application time: 1.0008353 seconds
[2023-11-05T16:02:43.217+0000][2297.777s][info ][safepoint     ] Entering safepoint region: Cleanup
[2023-11-05T16:02:43.218+0000][2297.777s][info ][safepoint     ] Leaving safepoint region
[2023-11-05T16:02:43.219+0000][2297.778s][info ][safepoint     ] Total time for which application threads were stopped: 0.0017542 seconds, Stopping threads took: 0.0005136 seconds
[2023-11-05T16:02:44.219+0000][2298.779s][debug][safepoint     ] Safepoint synchronization initiated. (190 threads)
[2023-11-05T16:02:44.220+0000][2298.780s][info ][safepoint     ] Application time: 1.0009320 seconds
[2023-11-05T16:02:44.221+0000][2298.780s][info ][safepoint     ] Entering safepoint region: Cleanup
[2023-11-05T16:02:44.221+0000][2298.781s][info ][safepoint     ] Leaving safepoint region
[2023-11-05T16:02:44.222+0000][2298.781s][info ][safepoint     ] Total time for which application threads were stopped: 0.0011490 seconds, Stopping threads took: 0.0004921 seconds
[2023-11-05T16:02:45.222+0000][2299.782s][debug][safepoint     ] Safepoint synchronization initiated. (190 threads)
[2023-11-05T16:02:45.223+0000][2299.783s][info ][safepoint     ] Application time: 1.0008637 seconds
[2023-11-05T16:02:45.224+0000][2299.783s][info ][safepoint     ] Entering safepoint region: Cleanup
[2023-11-05T16:02:45.226+0000][2299.785s][info ][safepoint     ] Leaving safepoint region
[2023-11-05T16:02:45.226+0000][2299.786s][info ][safepoint     ] Total time for which application threads were stopped: 0.0023281 seconds, Stopping threads took: 0.0011333 seconds
[2023-11-05T16:02:46.227+0000][2300.786s][debug][safepoint     ] Safepoint synchronization initiated. (190 threads)
[2023-11-05T16:02:46.227+0000][2300.787s][info ][safepoint     ] Application time: 1.0007396 seconds
[2023-11-05T16:02:46.228+0000][2300.787s][info ][safepoint     ] Entering safepoint region: Cleanup
[2023-11-05T16:02:46.228+0000][2300.788s][info ][safepoint     ] Leaving safepoint region
[2023-11-05T16:02:46.229+0000][2300.788s][info ][safepoint     ] Total time for which application threads were stopped: 0.0011248 seconds, Stopping threads took: 0.0004957 seconds
[2023-11-05T16:02:47.229+0000][2301.789s][debug][safepoint     ] Safepoint synchronization initiated. (190 threads)
[2023-11-05T16:02:47.230+0000][2301.790s][info ][safepoint     ] Application time: 1.0008784 seconds
[2023-11-05T16:02:47.231+0000][2301.790s][info ][safepoint     ] Entering safepoint region: Cleanup
[2023-11-05T16:02:47.231+0000][2301.791s][info ][safepoint     ] Leaving safepoint region
[2023-11-05T16:02:47.232+0000][2301.791s][info ][safepoint     ] Total time for which application threads were stopped: 0.0011305 seconds, Stopping threads took: 0.0004651 seconds
[2023-11-05T16:02:48.232+0000][2302.792s][debug][safepoint     ] Safepoint synchronization initiated. (190 threads)
[2023-11-05T16:02:48.233+0000][2302.793s][info ][safepoint     ] Application time: 1.0007174 seconds
[2023-11-05T16:02:48.234+0000][2302.793s][info ][safepoint     ] Entering safepoint region: Cleanup
[2023-11-05T16:02:48.235+0000][2302.795s][info ][safepoint     ] Leaving safepoint region
[2023-11-05T16:02:48.236+0000][2302.795s][info ][safepoint     ] Total time for which application threads were stopped: 0.0022806 seconds, Stopping threads took: 0.0006228 seconds
[2023-11-05T16:02:49.236+0000][2303.796s][debug][safepoint     ] Safepoint synchronization initiated. (190 threads)
[2023-11-05T16:02:49.237+0000][2303.796s][info ][safepoint     ] Application time: 1.0005383 seconds
[2023-11-05T16:02:49.237+0000][2303.797s][info ][safepoint     ] Entering safepoint region: Cleanup
[2023-11-05T16:02:49.238+0000][2303.797s][info ][safepoint     ] Leaving safepoint region
[2023-11-05T16:02:49.239+0000][2303.798s][info ][safepoint     ] Total time for which application threads were stopped: 0.0013602 seconds, Stopping threads took: 0.0003342 seconds
[2023-11-05T16:02:50.240+0000][2304.799s][debug][safepoint     ] Safepoint synchronization initiated. (190 threads)
[2023-11-05T16:02:50.241+0000][2304.801s][info ][safepoint     ] Application time: 1.0017172 seconds
[2023-11-05T16:02:50.242+0000][2304.802s][info ][safepoint     ] Entering safepoint region: Cleanup
[2023-11-05T16:02:50.244+0000][2304.803s][info ][safepoint     ] Leaving safepoint region
[2023-11-05T16:02:50.245+0000][2304.805s][info ][safepoint     ] Total time for which application threads were stopped: 0.0027253 seconds, Stopping threads took: 0.0013062 seconds
[2023-11-05T16:02:51.246+0000][2305.806s][debug][safepoint     ] Safepoint synchronization initiated. (190 threads)
[2023-11-05T16:02:51.248+0000][2305.807s][info ][safepoint     ] Application time: 1.0017139 seconds
[2023-11-05T16:02:51.249+0000][2305.808s][info ][safepoint     ] Entering safepoint region: Cleanup
[2023-11-05T16:02:51.250+0000][2305.810s][info ][safepoint     ] Leaving safepoint region
[2023-11-05T16:02:51.251+0000][2305.811s][info ][safepoint     ] Total time for which application threads were stopped: 0.0025095 seconds, Stopping threads took: 0.0012641 seconds
[2023-11-05T16:02:52.252+0000][2306.812s][debug][safepoint     ] Safepoint synchronization initiated. (190 threads)
[2023-11-05T16:02:52.253+0000][2306.813s][info ][safepoint     ] Application time: 1.0009618 seconds
[2023-11-05T16:02:52.254+0000][2306.813s][info ][safepoint     ] Entering safepoint region: Cleanup
[2023-11-05T16:02:52.254+0000][2306.814s][info ][safepoint     ] Leaving safepoint region
[2023-11-05T16:02:52.255+0000][2306.815s][info ][safepoint     ] Total time for which application threads were stopped: 0.0014365 seconds, Stopping threads took: 0.0006637 seconds
[2023-11-05T16:02:53.256+0000][2307.815s][debug][safepoint     ] Safepoint synchronization initiated. (190 threads)
[2023-11-05T16:02:53.256+0000][2307.816s][info ][safepoint     ] Application time: 1.0008364 seconds
[2023-11-05T16:02:53.258+0000][2307.817s][info ][safepoint     ] Entering safepoint region: Cleanup
[2023-11-05T16:02:53.259+0000][2307.818s][info ][safepoint     ] Leaving safepoint region
[2023-11-05T16:02:53.259+0000][2307.819s][info ][safepoint     ] Total time for which application threads were stopped: 0.0012671 seconds, Stopping threads took: 0.0004563 seconds
[2023-11-05T16:02:54.258+0000][2308.819s][debug][safepoint     ] Safepoint synchronization initiated. (190 threads)
[2023-11-05T16:02:54.259+0000][2308.820s][info ][safepoint     ] Application time: 1.0008832 seconds
[2023-11-05T16:02:54.259+0000][2308.821s][info ][safepoint     ] Entering safepoint region: Cleanup
[2023-11-05T16:02:54.260+0000][2308.821s][info ][safepoint     ] Leaving safepoint region
[2023-11-05T16:02:54.261+0000][2308.822s][info ][safepoint     ] Total time for which application threads were stopped: 0.0017989 seconds, Stopping threads took: 0.0004312 seconds
[2023-11-05T16:02:55.262+0000][2309.823s][debug][safepoint     ] Safepoint synchronization initiated. (190 threads)
[2023-11-05T16:02:55.263+0000][2309.824s][info ][safepoint     ] Application time: 1.0011269 seconds
[2023-11-05T16:02:55.263+0000][2309.825s][info ][safepoint     ] Entering safepoint region: Cleanup
[2023-11-05T16:02:55.264+0000][2309.826s][info ][safepoint     ] Leaving safepoint region
[2023-11-05T16:02:55.265+0000][2309.826s][info ][safepoint     ] Total time for which application threads were stopped: 0.0014187 seconds, Stopping threads took: 0.0006527 seconds
[2023-11-05T16:02:56.266+0000][2310.827s][debug][safepoint     ] Safepoint synchronization initiated. (190 threads)
[2023-11-05T16:02:56.266+0000][2310.828s][info ][safepoint     ] Application time: 1.0007554 seconds
[2023-11-05T16:02:56.267+0000][2310.828s][info ][safepoint     ] Entering safepoint region: Cleanup
[2023-11-05T16:02:56.268+0000][2310.829s][info ][safepoint     ] Leaving safepoint region
[2023-11-05T16:02:56.268+0000][2310.829s][info ][safepoint     ] Total time for which application threads were stopped: 0.0013088 seconds, Stopping threads took: 0.0006059 seconds
[2023-11-05T16:02:57.269+0000][2311.831s][debug][safepoint     ] Safepoint synchronization initiated. (190 threads)
[2023-11-05T16:02:57.270+0000][2311.832s][info ][safepoint     ] Application time: 1.0013301 seconds
[2023-11-05T16:02:57.271+0000][2311.833s][info ][safepoint     ] Entering safepoint region: Cleanup
[2023-11-05T16:02:57.272+0000][2311.834s][info ][safepoint     ] Leaving safepoint region
[2023-11-05T16:02:57.273+0000][2311.835s][info ][safepoint     ] Total time for which application threads were stopped: 0.0023854 seconds, Stopping threads took: 0.0009716 seconds
[2023-11-05T16:02:58.275+0000][2312.836s][debug][safepoint     ] Safepoint synchronization initiated. (190 threads)
[2023-11-05T16:02:58.276+0000][2312.837s][info ][safepoint     ] Application time: 1.0014695 seconds
[2023-11-05T16:02:58.277+0000][2312.838s][info ][safepoint     ] Entering safepoint region: Cleanup
[2023-11-05T16:02:58.278+0000][2312.839s][info ][safepoint     ] Leaving safepoint region
[2023-11-05T16:02:58.279+0000][2312.840s][info ][safepoint     ] Total time for which application threads were stopped: 0.0022258 seconds, Stopping threads took: 0.0010095 seconds
[2023-11-05T16:02:59.280+0000][2313.841s][debug][safepoint     ] Safepoint synchronization initiated. (190 threads)
[2023-11-05T16:02:59.281+0000][2313.843s][info ][safepoint     ] Application time: 1.0013324 seconds
[2023-11-05T16:02:59.282+0000][2313.844s][info ][safepoint     ] Entering safepoint region: Cleanup
[2023-11-05T16:02:59.284+0000][2313.845s][info ][safepoint     ] Leaving safepoint region
[2023-11-05T16:02:59.284+0000][2313.846s][info ][safepoint     ] Total time for which application threads were stopped: 0.0021484 seconds, Stopping threads took: 0.0010332 seconds
[2023-11-05T16:03:00.285+0000][2314.847s][debug][safepoint     ] Safepoint synchronization initiated. (190 threads)
[2023-11-05T16:03:00.286+0000][2314.848s][info ][safepoint     ] Application time: 1.0013135 seconds
[2023-11-05T16:03:00.287+0000][2314.848s][info ][safepoint     ] Entering safepoint region: Cleanup
[2023-11-05T16:03:00.287+0000][2314.849s][info ][safepoint     ] Leaving safepoint region
[2023-11-05T16:03:00.288+0000][2314.849s][info ][safepoint     ] Total time for which application threads were stopped: 0.0009544 seconds, Stopping threads took: 0.0004571 seconds
[2023-11-05T16:03:01.289+0000][2315.850s][debug][safepoint     ] Safepoint synchronization initiated. (190 threads)
[2023-11-05T16:03:01.291+0000][2315.852s][info ][safepoint     ] Application time: 1.0023697 seconds
[2023-11-05T16:03:01.291+0000][2315.853s][info ][safepoint     ] Entering safepoint region: Cleanup
[2023-11-05T16:03:01.292+0000][2315.854s][info ][safepoint     ] Leaving safepoint region
[2023-11-05T16:03:01.293+0000][2315.854s][info ][safepoint     ] Total time for which application threads were stopped: 0.0015251 seconds, Stopping threads took: 0.0008609 seconds
[2023-11-05T16:03:02.293+0000][2316.855s][debug][safepoint     ] Safepoint synchronization initiated. (190 threads)
[2023-11-05T16:03:02.295+0000][2316.856s][info ][safepoint     ] Application time: 1.0015055 seconds
[2023-11-05T16:03:02.296+0000][2316.857s][info ][safepoint     ] Entering safepoint region: Cleanup
[2023-11-05T16:03:02.297+0000][2316.858s][info ][safepoint     ] Leaving safepoint region
[2023-11-05T16:03:02.298+0000][2316.859s][info ][safepoint     ] Total time for which application threads were stopped: 0.0022463 seconds, Stopping threads took: 0.0010343 seconds
[2023-11-05T16:03:03.299+0000][2317.860s][debug][safepoint     ] Safepoint synchronization initiated. (190 threads)
[2023-11-05T16:03:03.301+0000][2317.862s][info ][safepoint     ] Application time: 1.0020335 seconds
[2023-11-05T16:03:03.302+0000][2317.864s][info ][safepoint     ] Entering safepoint region: Cleanup
[2023-11-05T16:03:03.303+0000][2317.865s][info ][safepoint     ] Leaving safepoint region
[2023-11-05T16:03:03.304+0000][2317.866s][info ][safepoint     ] Total time for which application threads were stopped: 0.0019338 seconds, Stopping threads took: 0.0008930 seconds
[2023-11-05T16:03:04.305+0000][2318.867s][debug][safepoint     ] Safepoint synchronization initiated. (190 threads)
[2023-11-05T16:03:04.307+0000][2318.868s][info ][safepoint     ] Application time: 1.0018348 seconds
[2023-11-05T16:03:04.308+0000][2318.869s][info ][safepoint     ] Entering safepoint region: Cleanup
[2023-11-05T16:03:04.309+0000][2318.871s][info ][safepoint     ] Leaving safepoint region
[2023-11-05T16:03:04.310+0000][2318.872s][info ][safepoint     ] Total time for which application threads were stopped: 0.0024354 seconds, Stopping threads took: 0.0011048 seconds
[2023-11-05T16:03:05.311+0000][2319.873s][debug][safepoint     ] Safepoint synchronization initiated. (190 threads)
[2023-11-05T16:03:05.312+0000][2319.874s][info ][safepoint     ] Application time: 1.0014017 seconds
[2023-11-05T16:03:05.313+0000][2319.875s][info ][safepoint     ] Entering safepoint region: Cleanup
[2023-11-05T16:03:05.315+0000][2319.876s][info ][safepoint     ] Leaving safepoint region
[2023-11-05T16:03:05.316+0000][2319.877s][info ][safepoint     ] Total time for which application threads were stopped: 0.0021665 seconds, Stopping threads took: 0.0009835 seconds
[2023-11-05T16:03:06.317+0000][2320.878s][debug][safepoint     ] Safepoint synchronization initiated. (190 threads)
[2023-11-05T16:03:06.318+0000][2320.879s][info ][safepoint     ] Application time: 1.0012476 seconds
[2023-11-05T16:03:06.319+0000][2320.880s][info ][safepoint     ] Entering safepoint region: Cleanup
[2023-11-05T16:03:06.320+0000][2320.882s][info ][safepoint     ] Leaving safepoint region
[2023-11-05T16:03:06.321+0000][2320.882s][info ][safepoint     ] Total time for which application threads were stopped: 0.0021380 seconds, Stopping threads took: 0.0011467 seconds
[2023-11-05T16:03:07.322+0000][2321.883s][debug][safepoint     ] Safepoint synchronization initiated. (190 threads)
[2023-11-05T16:03:07.322+0000][2321.884s][info ][safepoint     ] Application time: 1.0006080 seconds
[2023-11-05T16:03:07.323+0000][2321.884s][info ][safepoint     ] Entering safepoint region: Cleanup
[2023-11-05T16:03:07.323+0000][2321.884s][info ][safepoint     ] Leaving safepoint region
[2023-11-05T16:03:07.323+0000][2321.885s][info ][safepoint     ] Total time for which application threads were stopped: 0.0007785 seconds, Stopping threads took: 0.0003364 seconds
[2023-11-05T16:03:08.324+0000][2322.885s][debug][safepoint     ] Safepoint synchronization initiated. (190 threads)
[2023-11-05T16:03:08.325+0000][2322.887s][info ][safepoint     ] Application time: 1.0014871 seconds
[2023-11-05T16:03:08.326+0000][2322.888s][info ][safepoint     ] Entering safepoint region: Cleanup
[2023-11-05T16:03:08.327+0000][2322.889s][info ][safepoint     ] Leaving safepoint region
[2023-11-05T16:03:08.328+0000][2322.889s][info ][safepoint     ] Total time for which application threads were stopped: 0.0020402 seconds, Stopping threads took: 0.0010052 seconds
[2023-11-05T16:03:09.329+0000][2323.890s][debug][safepoint     ] Safepoint synchronization initiated. (189 threads)
[2023-11-05T16:03:09.330+0000][2323.891s][info ][safepoint     ] Application time: 1.0010818 seconds
[2023-11-05T16:03:09.330+0000][2323.892s][info ][safepoint     ] Entering safepoint region: Cleanup
[2023-11-05T16:03:09.331+0000][2323.892s][info ][safepoint     ] Leaving safepoint region
[2023-11-05T16:03:09.331+0000][2323.893s][info ][safepoint     ] Total time for which application threads were stopped: 0.0010608 seconds, Stopping threads took: 0.0003854 seconds
[2023-11-05T16:03:10.332+0000][2324.893s][debug][safepoint     ] Safepoint synchronization initiated. (189 threads)
[2023-11-05T16:03:10.333+0000][2324.895s][info ][safepoint     ] Application time: 1.0014002 seconds
[2023-11-05T16:03:10.334+0000][2324.896s][info ][safepoint     ] Entering safepoint region: Cleanup
[2023-11-05T16:03:10.336+0000][2324.897s][info ][safepoint     ] Leaving safepoint region
[2023-11-05T16:03:10.337+0000][2324.898s][info ][safepoint     ] Total time for which application threads were stopped: 0.0022571 seconds, Stopping threads took: 0.0009367 seconds
[2023-11-05T16:03:11.338+0000][2325.899s][debug][safepoint     ] Safepoint synchronization initiated. (189 threads)
[2023-11-05T16:03:11.339+0000][2325.901s][info ][safepoint     ] Application time: 1.0018434 seconds
[2023-11-05T16:03:11.340+0000][2325.902s][info ][safepoint     ] Entering safepoint region: Cleanup
[2023-11-05T16:03:11.342+0000][2325.903s][info ][safepoint     ] Leaving safepoint region
[2023-11-05T16:03:11.343+0000][2325.905s][info ][safepoint     ] Total time for which application threads were stopped: 0.0028336 seconds, Stopping threads took: 0.0012701 seconds
[2023-11-05T16:03:12.344+0000][2326.906s][debug][safepoint     ] Safepoint synchronization initiated. (189 threads)
[2023-11-05T16:03:12.345+0000][2326.907s][info ][safepoint     ] Application time: 1.0010810 seconds
[2023-11-05T16:03:12.346+0000][2326.907s][info ][safepoint     ] Entering safepoint region: Cleanup
[2023-11-05T16:03:12.347+0000][2326.908s][info ][safepoint     ] Leaving safepoint region
[2023-11-05T16:03:12.347+0000][2326.908s][info ][safepoint     ] Total time for which application threads were stopped: 0.0011163 seconds, Stopping threads took: 0.0005419 seconds
[2023-11-05T16:03:13.348+0000][2327.909s][debug][safepoint     ] Safepoint synchronization initiated. (189 threads)
[2023-11-05T16:03:13.349+0000][2327.911s][info ][safepoint     ] Application time: 1.0016504 seconds
[2023-11-05T16:03:13.350+0000][2327.911s][info ][safepoint     ] Entering safepoint region: Cleanup
[2023-11-05T16:03:13.351+0000][2327.912s][info ][safepoint     ] Leaving safepoint region
[2023-11-05T16:03:13.351+0000][2327.913s][info ][safepoint     ] Total time for which application threads were stopped: 0.0012701 seconds, Stopping threads took: 0.0005271 seconds
[2023-11-05T16:03:14.352+0000][2328.913s][debug][safepoint     ] Safepoint synchronization initiated. (189 threads)
[2023-11-05T16:03:14.353+0000][2328.914s][info ][safepoint     ] Application time: 1.0008923 seconds
[2023-11-05T16:03:14.353+0000][2328.915s][info ][safepoint     ] Entering safepoint region: Cleanup
[2023-11-05T16:03:14.354+0000][2328.916s][info ][safepoint     ] Leaving safepoint region
[2023-11-05T16:03:14.355+0000][2328.916s][info ][safepoint     ] Total time for which application threads were stopped: 0.0018199 seconds, Stopping threads took: 0.0010796 seconds
[2023-11-05T16:03:15.356+0000][2329.917s][debug][safepoint     ] Safepoint synchronization initiated. (189 threads)
[2023-11-05T16:03:15.356+0000][2329.918s][info ][safepoint     ] Application time: 1.0009362 seconds
[2023-11-05T16:03:15.357+0000][2329.918s][info ][safepoint     ] Entering safepoint region: Cleanup
[2023-11-05T16:03:15.358+0000][2329.919s][info ][safepoint     ] Leaving safepoint region
[2023-11-05T16:03:15.358+0000][2329.920s][info ][safepoint     ] Total time for which application threads were stopped: 0.0014446 seconds, Stopping threads took: 0.0005805 seconds
[2023-11-05T16:03:16.359+0000][2330.920s][debug][safepoint     ] Safepoint synchronization initiated. (189 threads)
[2023-11-05T16:03:16.360+0000][2330.921s][info ][safepoint     ] Application time: 1.0011799 seconds
[2023-11-05T16:03:16.360+0000][2330.922s][info ][safepoint     ] Entering safepoint region: Cleanup
[2023-11-05T16:03:16.361+0000][2330.923s][info ][safepoint     ] Leaving safepoint region
[2023-11-05T16:03:16.362+0000][2330.923s][info ][safepoint     ] Total time for which application threads were stopped: 0.0014087 seconds, Stopping threads took: 0.0007084 seconds
[2023-11-05T16:03:17.362+0000][2331.924s][debug][safepoint     ] Safepoint synchronization initiated. (189 threads)
[2023-11-05T16:03:17.363+0000][2331.925s][info ][safepoint     ] Application time: 1.0011130 seconds
[2023-11-05T16:03:17.364+0000][2331.926s][info ][safepoint     ] Entering safepoint region: Cleanup
[2023-11-05T16:03:17.365+0000][2331.927s][info ][safepoint     ] Leaving safepoint region
[2023-11-05T16:03:17.366+0000][2331.928s][info ][safepoint     ] Total time for which application threads were stopped: 0.0019744 seconds, Stopping threads took: 0.0008885 seconds
[2023-11-05T16:03:18.367+0000][2332.929s][debug][safepoint     ] Safepoint synchronization initiated. (191 threads)
[2023-11-05T16:03:18.368+0000][2332.930s][info ][safepoint     ] Application time: 1.0013513 seconds
[2023-11-05T16:03:18.369+0000][2332.931s][info ][safepoint     ] Entering safepoint region: Cleanup
[2023-11-05T16:03:18.370+0000][2332.932s][info ][safepoint     ] Leaving safepoint region
[2023-11-05T16:03:18.371+0000][2332.932s][info ][safepoint     ] Total time for which application threads were stopped: 0.0019000 seconds, Stopping threads took: 0.0007369 seconds
[2023-11-05T16:03:19.372+0000][2333.933s][debug][safepoint     ] Safepoint synchronization initiated. (191 threads)
[2023-11-05T16:03:19.373+0000][2333.934s][info ][safepoint     ] Application time: 1.0009659 seconds
[2023-11-05T16:03:19.373+0000][2333.935s][info ][safepoint     ] Entering safepoint region: Cleanup
[2023-11-05T16:03:19.375+0000][2333.936s][info ][safepoint     ] Leaving safepoint region
[2023-11-05T16:03:19.376+0000][2333.937s][info ][safepoint     ] Total time for which application threads were stopped: 0.0024131 seconds, Stopping threads took: 0.0010533 seconds
[2023-11-05T16:03:20.377+0000][2334.938s][debug][safepoint     ] Safepoint synchronization initiated. (191 threads)
[2023-11-05T16:03:20.377+0000][2334.939s][info ][safepoint     ] Application time: 1.0008378 seconds
[2023-11-05T16:03:20.378+0000][2334.939s][info ][safepoint     ] Entering safepoint region: Cleanup
[2023-11-05T16:03:20.378+0000][2334.940s][info ][safepoint     ] Leaving safepoint region
[2023-11-05T16:03:20.378+0000][2334.940s][info ][safepoint     ] Total time for which application threads were stopped: 0.0008972 seconds, Stopping threads took: 0.0003592 seconds
[2023-11-05T16:03:21.379+0000][2335.941s][debug][safepoint     ] Safepoint synchronization initiated. (191 threads)
[2023-11-05T16:03:21.380+0000][2335.941s][info ][safepoint     ] Application time: 1.0009226 seconds
[2023-11-05T16:03:21.380+0000][2335.942s][info ][safepoint     ] Entering safepoint region: Cleanup
[2023-11-05T16:03:21.382+0000][2335.943s][info ][safepoint     ] Leaving safepoint region
[2023-11-05T16:03:21.383+0000][2335.944s][info ][safepoint     ] Total time for which application threads were stopped: 0.0022981 seconds, Stopping threads took: 0.0012690 seconds
[2023-11-05T16:03:22.383+0000][2336.945s][debug][safepoint     ] Safepoint synchronization initiated. (191 threads)
[2023-11-05T16:03:22.384+0000][2336.946s][info ][safepoint     ] Application time: 1.0009107 seconds
[2023-11-05T16:03:22.385+0000][2336.947s][info ][safepoint     ] Entering safepoint region: Cleanup
[2023-11-05T16:03:22.387+0000][2336.949s][info ][safepoint     ] Leaving safepoint region
[2023-11-05T16:03:22.388+0000][2336.949s][info ][safepoint     ] Total time for which application threads were stopped: 0.0027506 seconds, Stopping threads took: 0.0012165 seconds
[2023-11-05T16:03:23.389+0000][2337.950s][debug][safepoint     ] Safepoint synchronization initiated. (191 threads)
[2023-11-05T16:03:23.390+0000][2337.952s][info ][safepoint     ] Application time: 1.0017374 seconds
[2023-11-05T16:03:23.391+0000][2337.953s][info ][safepoint     ] Entering safepoint region: Cleanup
[2023-11-05T16:03:23.393+0000][2337.954s][info ][safepoint     ] Leaving safepoint region
[2023-11-05T16:03:23.394+0000][2337.955s][info ][safepoint     ] Total time for which application threads were stopped: 0.0027566 seconds, Stopping threads took: 0.0012687 seconds
[2023-11-05T16:03:24.393+0000][2338.957s][debug][safepoint     ] Safepoint synchronization initiated. (191 threads)
[2023-11-05T16:03:24.394+0000][2338.958s][info ][safepoint     ] Application time: 1.0011386 seconds
[2023-11-05T16:03:24.395+0000][2338.958s][info ][safepoint     ] Entering safepoint region: Cleanup
[2023-11-05T16:03:24.396+0000][2338.959s][info ][safepoint     ] Leaving safepoint region
[2023-11-05T16:03:24.396+0000][2338.960s][info ][safepoint     ] Total time for which application threads were stopped: 0.0014098 seconds, Stopping threads took: 0.0006799 seconds
[2023-11-05T16:03:25.397+0000][2339.960s][debug][safepoint     ] Safepoint synchronization initiated. (191 threads)
[2023-11-05T16:03:25.398+0000][2339.961s][info ][safepoint     ] Application time: 1.0007773 seconds
[2023-11-05T16:03:25.398+0000][2339.962s][info ][safepoint     ] Entering safepoint region: Cleanup
[2023-11-05T16:03:25.400+0000][2339.963s][info ][safepoint     ] Leaving safepoint region
[2023-11-05T16:03:25.402+0000][2339.965s][info ][safepoint     ] Total time for which application threads were stopped: 0.0038128 seconds, Stopping threads took: 0.0008796 seconds
[2023-11-05T16:03:26.403+0000][2340.966s][debug][safepoint     ] Safepoint synchronization initiated. (191 threads)
[2023-11-05T16:03:26.404+0000][2340.967s][info ][safepoint     ] Application time: 1.0008893 seconds
[2023-11-05T16:03:26.404+0000][2340.967s][info ][safepoint     ] Entering safepoint region: Cleanup
[2023-11-05T16:03:26.405+0000][2340.968s][info ][safepoint     ] Leaving safepoint region
[2023-11-05T16:03:26.405+0000][2340.969s][info ][safepoint     ] Total time for which application threads were stopped: 0.0012083 seconds, Stopping threads took: 0.0004956 seconds
[2023-11-05T16:03:27.406+0000][2341.969s][debug][safepoint     ] Safepoint synchronization initiated. (191 threads)
[2023-11-05T16:03:27.406+0000][2341.970s][info ][safepoint     ] Application time: 1.0006489 seconds
[2023-11-05T16:03:27.407+0000][2341.970s][info ][safepoint     ] Entering safepoint region: Cleanup
[2023-11-05T16:03:27.407+0000][2341.971s][info ][safepoint     ] Leaving safepoint region
[2023-11-05T16:03:27.408+0000][2341.971s][info ][safepoint     ] Total time for which application threads were stopped: 0.0008311 seconds, Stopping threads took: 0.0003368 seconds
[2023-11-05T16:03:28.408+0000][2342.971s][debug][safepoint     ] Safepoint synchronization initiated. (191 threads)
[2023-11-05T16:03:28.409+0000][2342.972s][info ][safepoint     ] Application time: 1.0010115 seconds
[2023-11-05T16:03:28.410+0000][2342.973s][info ][safepoint     ] Entering safepoint region: Cleanup
[2023-11-05T16:03:28.410+0000][2342.973s][info ][safepoint     ] Leaving safepoint region
[2023-11-05T16:03:28.411+0000][2342.974s][info ][safepoint     ] Total time for which application threads were stopped: 0.0010670 seconds, Stopping threads took: 0.0005071 seconds
[2023-11-05T16:03:29.411+0000][2343.975s][debug][safepoint     ] Safepoint synchronization initiated. (191 threads)
[2023-11-05T16:03:29.412+0000][2343.976s][info ][safepoint     ] Application time: 1.0013754 seconds
[2023-11-05T16:03:29.413+0000][2343.977s][info ][safepoint     ] Entering safepoint region: Cleanup
[2023-11-05T16:03:29.414+0000][2343.977s][info ][safepoint     ] Leaving safepoint region
[2023-11-05T16:03:29.414+0000][2343.978s][info ][safepoint     ] Total time for which application threads were stopped: 0.0012283 seconds, Stopping threads took: 0.0005333 seconds
[2023-11-05T16:03:30.415+0000][2344.978s][debug][safepoint     ] Safepoint synchronization initiated. (191 threads)
[2023-11-05T16:03:30.416+0000][2344.979s][info ][safepoint     ] Application time: 1.0008959 seconds
[2023-11-05T16:03:30.416+0000][2344.980s][info ][safepoint     ] Entering safepoint region: Cleanup
[2023-11-05T16:03:30.418+0000][2344.981s][info ][safepoint     ] Leaving safepoint region
[2023-11-05T16:03:30.418+0000][2344.982s][info ][safepoint     ] Total time for which application threads were stopped: 0.0019071 seconds, Stopping threads took: 0.0011378 seconds
[2023-11-05T16:03:31.419+0000][2345.982s][debug][safepoint     ] Safepoint synchronization initiated. (191 threads)
[2023-11-05T16:03:31.420+0000][2345.984s][info ][safepoint     ] Application time: 1.0016250 seconds
[2023-11-05T16:03:31.422+0000][2345.985s][info ][safepoint     ] Entering safepoint region: Cleanup
[2023-11-05T16:03:31.424+0000][2345.987s][info ][safepoint     ] Leaving safepoint region
[2023-11-05T16:03:31.425+0000][2345.988s][info ][safepoint     ] Total time for which application threads were stopped: 0.0033610 seconds, Stopping threads took: 0.0019124 seconds
[2023-11-05T16:03:32.426+0000][2346.989s][debug][safepoint     ] Safepoint synchronization initiated. (191 threads)
[2023-11-05T16:03:32.427+0000][2346.990s][info ][safepoint     ] Application time: 1.0009572 seconds
[2023-11-05T16:03:32.427+0000][2346.990s][info ][safepoint     ] Entering safepoint region: Cleanup
[2023-11-05T16:03:32.429+0000][2346.992s][info ][safepoint     ] Leaving safepoint region
[2023-11-05T16:03:32.430+0000][2346.993s][info ][safepoint     ] Total time for which application threads were stopped: 0.0026275 seconds, Stopping threads took: 0.0011564 seconds
[2023-11-05T16:03:33.431+0000][2347.994s][debug][safepoint     ] Safepoint synchronization initiated. (191 threads)
[2023-11-05T16:03:33.431+0000][2347.995s][info ][safepoint     ] Application time: 1.0008867 seconds
[2023-11-05T16:03:33.432+0000][2347.995s][info ][safepoint     ] Entering safepoint region: Cleanup
[2023-11-05T16:03:33.433+0000][2347.996s][info ][safepoint     ] Leaving safepoint region
[2023-11-05T16:03:33.433+0000][2347.997s][info ][safepoint     ] Total time for which application threads were stopped: 0.0014042 seconds, Stopping threads took: 0.0006549 seconds
[2023-11-05T16:03:34.150+0000][2348.713s][debug][safepoint     ] Safepoint synchronization initiated. (191 threads)
[2023-11-05T16:03:34.151+0000][2348.714s][info ][safepoint     ] Application time: 0.7170558 seconds
[2023-11-05T16:03:34.152+0000][2348.715s][info ][safepoint     ] Entering safepoint region: G1CollectForAllocation
[2023-11-05T16:03:34.153+0000][2348.716s][info ][gc,start      ] GC(104) Pause Young (Prepare Mixed) (G1 Evacuation Pause)
[2023-11-05T16:03:34.154+0000][2348.717s][info ][gc,task       ] GC(104) Using 8 workers of 8 for evacuation
[2023-11-05T16:03:34.162+0000][2348.725s][info ][gc,phases     ] GC(104)   Pre Evacuate Collection Set: 0.0ms
[2023-11-05T16:03:34.162+0000][2348.726s][info ][gc,phases     ] GC(104)   Evacuate Collection Set: 3.9ms
[2023-11-05T16:03:34.163+0000][2348.726s][info ][gc,phases     ] GC(104)   Post Evacuate Collection Set: 3.0ms
[2023-11-05T16:03:34.163+0000][2348.727s][info ][gc,phases     ] GC(104)   Other: 1.9ms
[2023-11-05T16:03:34.164+0000][2348.727s][info ][gc,heap       ] GC(104) Eden regions: 120->0(17)
[2023-11-05T16:03:34.164+0000][2348.728s][info ][gc,heap       ] GC(104) Survivor regions: 2->2(16)
[2023-11-05T16:03:34.165+0000][2348.728s][info ][gc,heap       ] GC(104) Old regions: 142->142
[2023-11-05T16:03:34.165+0000][2348.729s][info ][gc,heap       ] GC(104) Humongous regions: 60->60
[2023-11-05T16:03:34.166+0000][2348.729s][info ][gc,metaspace  ] GC(104) Metaspace: 168229K(175676K)->168229K(175676K) NonClass: 148989K(153960K)->148989K(153960K) Class: 19240K(21716K)->19240K(21716K)
[2023-11-05T16:03:34.166+0000][2348.729s][info ][gc            ] GC(104) Pause Young (Prepare Mixed) (G1 Evacuation Pause) 321M->202M(381M) 12.802ms
[2023-11-05T16:03:34.166+0000][2348.729s][info ][gc,cpu        ] GC(104) User=0.03s Sys=0.01s Real=0.02s
[2023-11-05T16:03:34.166+0000][2348.730s][info ][safepoint     ] Leaving safepoint region
[2023-11-05T16:03:34.167+0000][2348.730s][info ][safepoint     ] Total time for which application threads were stopped: 0.0151287 seconds, Stopping threads took: 0.0009593 seconds
[2023-11-05T16:03:35.168+0000][2349.731s][debug][safepoint     ] Safepoint synchronization initiated. (191 threads)
[2023-11-05T16:03:35.168+0000][2349.732s][info ][safepoint     ] Application time: 1.0014460 seconds
[2023-11-05T16:03:35.169+0000][2349.732s][info ][safepoint     ] Entering safepoint region: Cleanup
[2023-11-05T16:03:35.170+0000][2349.734s][info ][safepoint     ] Leaving safepoint region
[2023-11-05T16:03:35.171+0000][2349.734s][info ][safepoint     ] Total time for which application threads were stopped: 0.0020462 seconds, Stopping threads took: 0.0010469 seconds
[2023-11-05T16:03:36.172+0000][2350.735s][debug][safepoint     ] Safepoint synchronization initiated. (191 threads)
[2023-11-05T16:03:36.173+0000][2350.736s][info ][safepoint     ] Application time: 1.0014970 seconds
[2023-11-05T16:03:36.174+0000][2350.737s][info ][safepoint     ] Entering safepoint region: Cleanup
[2023-11-05T16:03:36.174+0000][2350.738s][info ][safepoint     ] Leaving safepoint region
[2023-11-05T16:03:36.175+0000][2350.738s][info ][safepoint     ] Total time for which application threads were stopped: 0.0012064 seconds, Stopping threads took: 0.0005350 seconds
[2023-11-05T16:03:37.175+0000][2351.739s][debug][safepoint     ] Safepoint synchronization initiated. (191 threads)
[2023-11-05T16:03:37.176+0000][2351.740s][info ][safepoint     ] Application time: 1.0008890 seconds
[2023-11-05T16:03:37.177+0000][2351.740s][info ][safepoint     ] Entering safepoint region: Cleanup
[2023-11-05T16:03:37.177+0000][2351.741s][info ][safepoint     ] Leaving safepoint region
[2023-11-05T16:03:37.178+0000][2351.741s][info ][safepoint     ] Total time for which application threads were stopped: 0.0011402 seconds, Stopping threads took: 0.0005033 seconds
[2023-11-05T16:03:38.179+0000][2352.742s][debug][safepoint     ] Safepoint synchronization initiated. (191 threads)
[2023-11-05T16:03:38.179+0000][2352.743s][info ][safepoint     ] Application time: 1.0006653 seconds
[2023-11-05T16:03:38.180+0000][2352.743s][info ][safepoint     ] Entering safepoint region: Cleanup
[2023-11-05T16:03:38.180+0000][2352.743s][info ][safepoint     ] Leaving safepoint region
[2023-11-05T16:03:38.181+0000][2352.744s][info ][safepoint     ] Total time for which application threads were stopped: 0.0009530 seconds, Stopping threads took: 0.0003572 seconds
[2023-11-05T16:03:39.181+0000][2353.745s][debug][safepoint     ] Safepoint synchronization initiated. (191 threads)
[2023-11-05T16:03:39.183+0000][2353.746s][info ][safepoint     ] Application time: 1.0016465 seconds
[2023-11-05T16:03:39.183+0000][2353.746s][info ][safepoint     ] Entering safepoint region: Cleanup
[2023-11-05T16:03:39.184+0000][2353.747s][info ][safepoint     ] Leaving safepoint region
[2023-11-05T16:03:39.184+0000][2353.748s][info ][safepoint     ] Total time for which application threads were stopped: 0.0013649 seconds, Stopping threads took: 0.0006215 seconds
[2023-11-05T16:03:40.185+0000][2354.749s][debug][safepoint     ] Safepoint synchronization initiated. (191 threads)
[2023-11-05T16:03:40.186+0000][2354.749s][info ][safepoint     ] Application time: 1.0007635 seconds
[2023-11-05T16:03:40.186+0000][2354.750s][info ][safepoint     ] Entering safepoint region: Cleanup
[2023-11-05T16:03:40.187+0000][2354.750s][info ][safepoint     ] Leaving safepoint region
[2023-11-05T16:03:40.188+0000][2354.751s][info ][safepoint     ] Total time for which application threads were stopped: 0.0011631 seconds, Stopping threads took: 0.0004456 seconds
[2023-11-05T16:03:41.188+0000][2355.752s][debug][safepoint     ] Safepoint synchronization initiated. (191 threads)
[2023-11-05T16:03:41.189+0000][2355.752s][info ][safepoint     ] Application time: 1.0010231 seconds
[2023-11-05T16:03:41.190+0000][2355.753s][info ][safepoint     ] Entering safepoint region: Cleanup
[2023-11-05T16:03:41.190+0000][2355.754s][info ][safepoint     ] Leaving safepoint region
[2023-11-05T16:03:41.192+0000][2355.755s][info ][safepoint     ] Total time for which application threads were stopped: 0.0018546 seconds, Stopping threads took: 0.0004675 seconds
[2023-11-05T16:03:42.193+0000][2356.756s][debug][safepoint     ] Safepoint synchronization initiated. (191 threads)
[2023-11-05T16:03:42.195+0000][2356.758s][info ][safepoint     ] Application time: 1.0024641 seconds
[2023-11-05T16:03:42.196+0000][2356.759s][info ][safepoint     ] Entering safepoint region: Cleanup
[2023-11-05T16:03:42.197+0000][2356.761s][info ][safepoint     ] Leaving safepoint region
[2023-11-05T16:03:42.198+0000][2356.762s][info ][safepoint     ] Total time for which application threads were stopped: 0.0025665 seconds, Stopping threads took: 0.0011342 seconds
[2023-11-05T16:03:43.200+0000][2357.763s][debug][safepoint     ] Safepoint synchronization initiated. (191 threads)
[2023-11-05T16:03:43.200+0000][2357.763s][info ][safepoint     ] Application time: 1.0008297 seconds
[2023-11-05T16:03:43.201+0000][2357.764s][info ][safepoint     ] Entering safepoint region: Cleanup
[2023-11-05T16:03:43.202+0000][2357.765s][info ][safepoint     ] Leaving safepoint region
[2023-11-05T16:03:43.202+0000][2357.766s][info ][safepoint     ] Total time for which application threads were stopped: 0.0017034 seconds, Stopping threads took: 0.0011073 seconds
[2023-11-05T16:03:44.203+0000][2358.766s][debug][safepoint     ] Safepoint synchronization initiated. (191 threads)
[2023-11-05T16:03:44.204+0000][2358.767s][info ][safepoint     ] Application time: 1.0007520 seconds
[2023-11-05T16:03:44.205+0000][2358.768s][info ][safepoint     ] Entering safepoint region: Cleanup
[2023-11-05T16:03:44.206+0000][2358.769s][info ][safepoint     ] Leaving safepoint region
[2023-11-05T16:03:44.206+0000][2358.770s][info ][safepoint     ] Total time for which application threads were stopped: 0.0018892 seconds, Stopping threads took: 0.0011981 seconds
[2023-11-05T16:03:45.207+0000][2359.770s][debug][safepoint     ] Safepoint synchronization initiated. (191 threads)
[2023-11-05T16:03:45.208+0000][2359.771s][info ][safepoint     ] Application time: 1.0011240 seconds
[2023-11-05T16:03:45.209+0000][2359.772s][info ][safepoint     ] Entering safepoint region: Cleanup
[2023-11-05T16:03:45.209+0000][2359.773s][info ][safepoint     ] Leaving safepoint region
[2023-11-05T16:03:45.210+0000][2359.773s][info ][safepoint     ] Total time for which application threads were stopped: 0.0011184 seconds, Stopping threads took: 0.0005172 seconds
[2023-11-05T16:03:46.210+0000][2360.773s][debug][safepoint     ] Safepoint synchronization initiated. (191 threads)
[2023-11-05T16:03:46.211+0000][2360.774s][info ][safepoint     ] Application time: 1.0005318 seconds
[2023-11-05T16:03:46.211+0000][2360.774s][info ][safepoint     ] Entering safepoint region: Cleanup
[2023-11-05T16:03:46.212+0000][2360.775s][info ][safepoint     ] Leaving safepoint region
[2023-11-05T16:03:46.212+0000][2360.775s][info ][safepoint     ] Total time for which application threads were stopped: 0.0008803 seconds, Stopping threads took: 0.0003750 seconds
[2023-11-05T16:03:47.213+0000][2361.776s][debug][safepoint     ] Safepoint synchronization initiated. (191 threads)
[2023-11-05T16:03:47.214+0000][2361.777s][info ][safepoint     ] Application time: 1.0009924 seconds
[2023-11-05T16:03:47.214+0000][2361.778s][info ][safepoint     ] Entering safepoint region: Cleanup
[2023-11-05T16:03:47.215+0000][2361.778s][info ][safepoint     ] Leaving safepoint region
[2023-11-05T16:03:47.215+0000][2361.779s][info ][safepoint     ] Total time for which application threads were stopped: 0.0010863 seconds, Stopping threads took: 0.0004875 seconds
[2023-11-05T16:03:48.216+0000][2362.779s][debug][safepoint     ] Safepoint synchronization initiated. (191 threads)
[2023-11-05T16:03:48.217+0000][2362.780s][info ][safepoint     ] Application time: 1.0009286 seconds
[2023-11-05T16:03:48.217+0000][2362.780s][info ][safepoint     ] Entering safepoint region: Cleanup
[2023-11-05T16:03:48.218+0000][2362.781s][info ][safepoint     ] Leaving safepoint region
[2023-11-05T16:03:48.219+0000][2362.782s][info ][safepoint     ] Total time for which application threads were stopped: 0.0014093 seconds, Stopping threads took: 0.0004379 seconds
[2023-11-05T16:03:49.219+0000][2363.783s][debug][safepoint     ] Safepoint synchronization initiated. (191 threads)
[2023-11-05T16:03:49.249+0000][2363.812s][info ][safepoint     ] Application time: 1.0299630 seconds
[2023-11-05T16:03:49.250+0000][2363.813s][info ][safepoint     ] Entering safepoint region: Cleanup
[2023-11-05T16:03:49.251+0000][2363.814s][info ][safepoint     ] Leaving safepoint region
[2023-11-05T16:03:49.252+0000][2363.815s][info ][safepoint     ] Total time for which application threads were stopped: 0.0023336 seconds, Stopping threads took: 0.0004779 seconds
[2023-11-05T16:03:50.254+0000][2364.818s][debug][safepoint     ] Safepoint synchronization initiated. (191 threads)
[2023-11-05T16:03:50.255+0000][2364.818s][info ][safepoint     ] Application time: 1.0008132 seconds
[2023-11-05T16:03:50.256+0000][2364.819s][info ][safepoint     ] Entering safepoint region: Cleanup
[2023-11-05T16:03:50.257+0000][2364.820s][info ][safepoint     ] Leaving safepoint region
[2023-11-05T16:03:50.257+0000][2364.821s][info ][safepoint     ] Total time for which application threads were stopped: 0.0015490 seconds, Stopping threads took: 0.0008968 seconds
[2023-11-05T16:03:51.259+0000][2365.822s][debug][safepoint     ] Safepoint synchronization initiated. (191 threads)
[2023-11-05T16:03:51.259+0000][2365.823s][info ][safepoint     ] Application time: 1.0008282 seconds
[2023-11-05T16:03:51.260+0000][2365.823s][info ][safepoint     ] Entering safepoint region: Cleanup
[2023-11-05T16:03:51.260+0000][2365.824s][info ][safepoint     ] Leaving safepoint region
[2023-11-05T16:03:51.261+0000][2365.824s][info ][safepoint     ] Total time for which application threads were stopped: 0.0012510 seconds, Stopping threads took: 0.0005624 seconds
[2023-11-05T16:03:51.873+0000][2366.437s][debug][safepoint     ] Safepoint synchronization initiated. (191 threads)
[2023-11-05T16:03:51.874+0000][2366.437s][info ][safepoint     ] Application time: 0.6118864 seconds
[2023-11-05T16:03:51.875+0000][2366.438s][info ][safepoint     ] Entering safepoint region: G1CollectForAllocation
[2023-11-05T16:03:51.875+0000][2366.439s][info ][gc,start      ] GC(105) Pause Young (Mixed) (G1 Evacuation Pause)
[2023-11-05T16:03:51.876+0000][2366.439s][info ][gc,task       ] GC(105) Using 8 workers of 8 for evacuation
[2023-11-05T16:03:51.885+0000][2366.448s][info ][gc,phases     ] GC(105)   Pre Evacuate Collection Set: 0.2ms
[2023-11-05T16:03:51.886+0000][2366.449s][info ][gc,phases     ] GC(105)   Evacuate Collection Set: 5.1ms
[2023-11-05T16:03:51.886+0000][2366.449s][info ][gc,phases     ] GC(105)   Post Evacuate Collection Set: 2.4ms
[2023-11-05T16:03:51.887+0000][2366.450s][info ][gc,phases     ] GC(105)   Other: 1.8ms
[2023-11-05T16:03:51.887+0000][2366.451s][info ][gc,heap       ] GC(105) Eden regions: 17->0(123)
[2023-11-05T16:03:51.888+0000][2366.451s][info ][gc,heap       ] GC(105) Survivor regions: 2->2(3)
[2023-11-05T16:03:51.888+0000][2366.452s][info ][gc,heap       ] GC(105) Old regions: 142->140
[2023-11-05T16:03:51.889+0000][2366.452s][info ][gc,heap       ] GC(105) Humongous regions: 60->60
[2023-11-05T16:03:51.889+0000][2366.452s][info ][gc,metaspace  ] GC(105) Metaspace: 168239K(175676K)->168239K(175676K) NonClass: 148999K(153960K)->148999K(153960K) Class: 19240K(21716K)->19240K(21716K)
[2023-11-05T16:03:51.890+0000][2366.453s][info ][gc            ] GC(105) Pause Young (Mixed) (G1 Evacuation Pause) 219M->199M(381M) 14.060ms
[2023-11-05T16:03:51.891+0000][2366.454s][info ][gc,cpu        ] GC(105) User=0.05s Sys=0.01s Real=0.01s
[2023-11-05T16:03:51.891+0000][2366.454s][info ][safepoint     ] Leaving safepoint region
[2023-11-05T16:03:51.891+0000][2366.455s][info ][safepoint     ] Total time for which application threads were stopped: 0.0168946 seconds, Stopping threads took: 0.0005978 seconds
[2023-11-05T16:03:51.892+0000][2366.455s][info ][gc,stringdedup] Concurrent String Deduplication (2366.455s)
[2023-11-05T16:03:51.892+0000][2366.456s][info ][gc,stringdedup] Concurrent String Deduplication 10072.0B->1808.0B(8264.0B) avg 54.4% (2366.455s, 2366.456s) 0.544ms
[2023-11-05T16:03:52.892+0000][2367.455s][debug][safepoint     ] Safepoint synchronization initiated. (191 threads)
[2023-11-05T16:03:52.893+0000][2367.456s][info ][safepoint     ] Application time: 1.0010689 seconds
[2023-11-05T16:03:52.894+0000][2367.457s][info ][safepoint     ] Entering safepoint region: Cleanup
[2023-11-05T16:03:52.894+0000][2367.458s][info ][safepoint     ] Leaving safepoint region
[2023-11-05T16:03:52.895+0000][2367.458s][info ][safepoint     ] Total time for which application threads were stopped: 0.0011047 seconds, Stopping threads took: 0.0004691 seconds
[2023-11-05T16:03:53.894+0000][2368.459s][debug][safepoint     ] Safepoint synchronization initiated. (191 threads)
[2023-11-05T16:03:53.896+0000][2368.460s][info ][safepoint     ] Application time: 1.0014127 seconds
[2023-11-05T16:03:53.896+0000][2368.460s][info ][safepoint     ] Entering safepoint region: Cleanup
[2023-11-05T16:03:53.896+0000][2368.461s][info ][safepoint     ] Leaving safepoint region
[2023-11-05T16:03:53.897+0000][2368.461s][info ][safepoint     ] Total time for which application threads were stopped: 0.0010121 seconds, Stopping threads took: 0.0003341 seconds
[2023-11-05T16:03:54.897+0000][2369.462s][debug][safepoint     ] Safepoint synchronization initiated. (191 threads)
[2023-11-05T16:03:54.898+0000][2369.462s][info ][safepoint     ] Application time: 1.0007010 seconds
[2023-11-05T16:03:54.898+0000][2369.463s][info ][safepoint     ] Entering safepoint region: Cleanup
[2023-11-05T16:03:54.899+0000][2369.463s][info ][safepoint     ] Leaving safepoint region
[2023-11-05T16:03:54.900+0000][2369.464s][info ][safepoint     ] Total time for which application threads were stopped: 0.0011934 seconds, Stopping threads took: 0.0005557 seconds
[2023-11-05T16:03:55.900+0000][2370.464s][debug][safepoint     ] Safepoint synchronization initiated. (191 threads)
[2023-11-05T16:03:55.901+0000][2370.466s][info ][safepoint     ] Application time: 1.0012574 seconds
[2023-11-05T16:03:55.902+0000][2370.466s][info ][safepoint     ] Entering safepoint region: Cleanup
[2023-11-05T16:03:55.903+0000][2370.467s][info ][safepoint     ] Leaving safepoint region
[2023-11-05T16:03:55.903+0000][2370.467s][info ][safepoint     ] Total time for which application threads were stopped: 0.0012618 seconds, Stopping threads took: 0.0005088 seconds
[2023-11-05T16:03:56.904+0000][2371.468s][debug][safepoint     ] Safepoint synchronization initiated. (191 threads)
[2023-11-05T16:03:56.904+0000][2371.469s][info ][safepoint     ] Application time: 1.0008207 seconds
[2023-11-05T16:03:56.905+0000][2371.469s][debug][safepoint     ] ... found polling page return exception at pc = 0x00007f808d45275a, stub =0x00007f8084840600
[2023-11-05T16:03:56.906+0000][2371.470s][debug][safepoint     ] Waiting for 1 thread(s) to block
[2023-11-05T16:03:56.906+0000][2371.470s][info ][safepoint     ] Entering safepoint region: Cleanup
[2023-11-05T16:03:56.907+0000][2371.471s][info ][safepoint     ] Leaving safepoint region
[2023-11-05T16:03:56.907+0000][2371.472s][info ][safepoint     ] Total time for which application threads were stopped: 0.0024780 seconds, Stopping threads took: 0.0017324 seconds
[2023-11-05T16:03:57.908+0000][2372.472s][debug][safepoint     ] Safepoint synchronization initiated. (191 threads)
[2023-11-05T16:03:57.909+0000][2372.473s][info ][safepoint     ] Application time: 1.0008698 seconds
[2023-11-05T16:03:57.909+0000][2372.474s][debug][safepoint     ] ... found polling page return exception at pc = 0x00007f808d3fb260, stub =0x00007f8084840600
[2023-11-05T16:03:57.910+0000][2372.474s][debug][safepoint     ] Waiting for 1 thread(s) to block
[2023-11-05T16:03:57.910+0000][2372.475s][info ][safepoint     ] Entering safepoint region: Cleanup
[2023-11-05T16:03:57.911+0000][2372.476s][info ][safepoint     ] Leaving safepoint region
[2023-11-05T16:03:57.912+0000][2372.476s][info ][safepoint     ] Total time for which application threads were stopped: 0.0024341 seconds, Stopping threads took: 0.0017604 seconds
[2023-11-05T16:03:58.913+0000][2373.477s][debug][safepoint     ] Safepoint synchronization initiated. (191 threads)
[2023-11-05T16:03:58.913+0000][2373.478s][info ][safepoint     ] Application time: 1.0011750 seconds
[2023-11-05T16:03:58.914+0000][2373.478s][info ][safepoint     ] Entering safepoint region: Cleanup
[2023-11-05T16:03:58.915+0000][2373.479s][info ][safepoint     ] Leaving safepoint region
[2023-11-05T16:03:58.915+0000][2373.479s][info ][safepoint     ] Total time for which application threads were stopped: 0.0011572 seconds, Stopping threads took: 0.0005121 seconds
[2023-11-05T16:03:59.916+0000][2374.480s][debug][safepoint     ] Safepoint synchronization initiated. (191 threads)
[2023-11-05T16:03:59.917+0000][2374.481s][info ][safepoint     ] Application time: 1.0009272 seconds
[2023-11-05T16:03:59.917+0000][2374.481s][info ][safepoint     ] Entering safepoint region: Cleanup
[2023-11-05T16:03:59.918+0000][2374.482s][info ][safepoint     ] Leaving safepoint region
[2023-11-05T16:03:59.918+0000][2374.483s][info ][safepoint     ] Total time for which application threads were stopped: 0.0012422 seconds, Stopping threads took: 0.0005159 seconds
[2023-11-05T16:04:00.919+0000][2375.483s][debug][safepoint     ] Safepoint synchronization initiated. (191 threads)
[2023-11-05T16:04:00.920+0000][2375.484s][info ][safepoint     ] Application time: 1.0005044 seconds
[2023-11-05T16:04:00.920+0000][2375.484s][info ][safepoint     ] Entering safepoint region: Cleanup
[2023-11-05T16:04:00.920+0000][2375.484s][info ][safepoint     ] Leaving safepoint region
[2023-11-05T16:04:00.921+0000][2375.485s][info ][safepoint     ] Total time for which application threads were stopped: 0.0007257 seconds, Stopping threads took: 0.0002986 seconds
[2023-11-05T16:04:01.921+0000][2376.485s][debug][safepoint     ] Safepoint synchronization initiated. (191 threads)
[2023-11-05T16:04:01.922+0000][2376.486s][info ][safepoint     ] Application time: 1.0011647 seconds
[2023-11-05T16:04:01.923+0000][2376.487s][info ][safepoint     ] Entering safepoint region: Cleanup
[2023-11-05T16:04:01.924+0000][2376.488s][info ][safepoint     ] Leaving safepoint region
[2023-11-05T16:04:01.924+0000][2376.488s][info ][safepoint     ] Total time for which application threads were stopped: 0.0012219 seconds, Stopping threads took: 0.0004881 seconds
[2023-11-05T16:04:02.925+0000][2377.489s][debug][safepoint     ] Safepoint synchronization initiated. (191 threads)
[2023-11-05T16:04:02.926+0000][2377.490s][info ][safepoint     ] Application time: 1.0014445 seconds
[2023-11-05T16:04:02.927+0000][2377.491s][info ][safepoint     ] Entering safepoint region: Cleanup
[2023-11-05T16:04:02.928+0000][2377.493s][info ][safepoint     ] Leaving safepoint region
[2023-11-05T16:04:02.929+0000][2377.493s][info ][safepoint     ] Total time for which application threads were stopped: 0.0015287 seconds, Stopping threads took: 0.0007970 seconds
[2023-11-05T16:04:03.930+0000][2378.494s][debug][safepoint     ] Safepoint synchronization initiated. (191 threads)
[2023-11-05T16:04:03.931+0000][2378.495s][info ][safepoint     ] Application time: 1.0015135 seconds
[2023-11-05T16:04:03.931+0000][2378.496s][info ][safepoint     ] Entering safepoint region: Cleanup
[2023-11-05T16:04:03.932+0000][2378.496s][info ][safepoint     ] Leaving safepoint region
[2023-11-05T16:04:03.933+0000][2378.497s][info ][safepoint     ] Total time for which application threads were stopped: 0.0012513 seconds, Stopping threads took: 0.0005516 seconds
[2023-11-05T16:04:04.933+0000][2379.498s][debug][safepoint     ] Safepoint synchronization initiated. (191 threads)
[2023-11-05T16:04:04.934+0000][2379.499s][info ][safepoint     ] Application time: 1.0014192 seconds
[2023-11-05T16:04:04.935+0000][2379.499s][info ][safepoint     ] Entering safepoint region: Cleanup
[2023-11-05T16:04:04.936+0000][2379.500s][info ][safepoint     ] Leaving safepoint region
[2023-11-05T16:04:04.936+0000][2379.501s][info ][safepoint     ] Total time for which application threads were stopped: 0.0013018 seconds, Stopping threads took: 0.0005499 seconds
[2023-11-05T16:04:05.937+0000][2380.501s][debug][safepoint     ] Safepoint synchronization initiated. (191 threads)
[2023-11-05T16:04:05.938+0000][2380.503s][info ][safepoint     ] Application time: 1.0013773 seconds
[2023-11-05T16:04:05.939+0000][2380.503s][info ][safepoint     ] Entering safepoint region: Cleanup
[2023-11-05T16:04:05.940+0000][2380.504s][info ][safepoint     ] Leaving safepoint region
[2023-11-05T16:04:05.941+0000][2380.505s][info ][safepoint     ] Total time for which application threads were stopped: 0.0013947 seconds, Stopping threads took: 0.0006519 seconds
[2023-11-05T16:04:06.941+0000][2381.506s][debug][safepoint     ] Safepoint synchronization initiated. (191 threads)
[2023-11-05T16:04:06.942+0000][2381.506s][info ][safepoint     ] Application time: 1.0008829 seconds
[2023-11-05T16:04:06.943+0000][2381.507s][info ][safepoint     ] Entering safepoint region: Cleanup
[2023-11-05T16:04:06.943+0000][2381.508s][info ][safepoint     ] Leaving safepoint region
[2023-11-05T16:04:06.944+0000][2381.508s][info ][safepoint     ] Total time for which application threads were stopped: 0.0011541 seconds, Stopping threads took: 0.0005049 seconds
[2023-11-05T16:04:07.945+0000][2382.509s][debug][safepoint     ] Safepoint synchronization initiated. (191 threads)
[2023-11-05T16:04:07.946+0000][2382.511s][info ][safepoint     ] Application time: 1.0019856 seconds
[2023-11-05T16:04:07.947+0000][2382.511s][info ][safepoint     ] Entering safepoint region: Cleanup
[2023-11-05T16:04:07.949+0000][2382.513s][info ][safepoint     ] Leaving safepoint region
[2023-11-05T16:04:07.949+0000][2382.514s][info ][safepoint     ] Total time for which application threads were stopped: 0.0024375 seconds, Stopping threads took: 0.0011029 seconds
[2023-11-05T16:04:08.950+0000][2383.514s][debug][safepoint     ] Safepoint synchronization initiated. (191 threads)
[2023-11-05T16:04:08.951+0000][2383.515s][info ][safepoint     ] Application time: 1.0009014 seconds
[2023-11-05T16:04:08.951+0000][2383.515s][info ][safepoint     ] Entering safepoint region: Cleanup
[2023-11-05T16:04:08.952+0000][2383.517s][info ][safepoint     ] Leaving safepoint region
[2023-11-05T16:04:08.953+0000][2383.517s][info ][safepoint     ] Total time for which application threads were stopped: 0.0017496 seconds, Stopping threads took: 0.0009712 seconds
[2023-11-05T16:04:09.953+0000][2384.518s][debug][safepoint     ] Safepoint synchronization initiated. (191 threads)
[2023-11-05T16:04:09.954+0000][2384.518s][info ][safepoint     ] Application time: 1.0008584 seconds
[2023-11-05T16:04:09.955+0000][2384.519s][info ][safepoint     ] Entering safepoint region: Cleanup
[2023-11-05T16:04:09.955+0000][2384.520s][info ][safepoint     ] Leaving safepoint region
[2023-11-05T16:04:09.956+0000][2384.520s][info ][safepoint     ] Total time for which application threads were stopped: 0.0013415 seconds, Stopping threads took: 0.0005869 seconds
[2023-11-05T16:04:10.957+0000][2385.521s][debug][safepoint     ] Safepoint synchronization initiated. (191 threads)
[2023-11-05T16:04:10.957+0000][2385.521s][info ][safepoint     ] Application time: 1.0006819 seconds
[2023-11-05T16:04:10.958+0000][2385.522s][info ][safepoint     ] Entering safepoint region: Cleanup
[2023-11-05T16:04:10.958+0000][2385.522s][info ][safepoint     ] Leaving safepoint region
[2023-11-05T16:04:10.959+0000][2385.523s][info ][safepoint     ] Total time for which application threads were stopped: 0.0009631 seconds, Stopping threads took: 0.0004448 seconds
[2023-11-05T16:04:11.959+0000][2386.524s][debug][safepoint     ] Safepoint synchronization initiated. (191 threads)
[2023-11-05T16:04:11.961+0000][2386.526s][info ][safepoint     ] Application time: 1.0024592 seconds
[2023-11-05T16:04:11.964+0000][2386.528s][info ][safepoint     ] Entering safepoint region: Cleanup
[2023-11-05T16:04:11.964+0000][2386.529s][info ][safepoint     ] Leaving safepoint region
[2023-11-05T16:04:11.965+0000][2386.529s][info ][safepoint     ] Total time for which application threads were stopped: 0.0016989 seconds, Stopping threads took: 0.0010399 seconds
[2023-11-05T16:04:12.966+0000][2387.530s][debug][safepoint     ] Safepoint synchronization initiated. (191 threads)
[2023-11-05T16:04:12.966+0000][2387.531s][info ][safepoint     ] Application time: 1.0009976 seconds
[2023-11-05T16:04:12.967+0000][2387.531s][info ][safepoint     ] Entering safepoint region: Cleanup
[2023-11-05T16:04:12.968+0000][2387.532s][info ][safepoint     ] Leaving safepoint region
[2023-11-05T16:04:12.968+0000][2387.532s][info ][safepoint     ] Total time for which application threads were stopped: 0.0011932 seconds, Stopping threads took: 0.0005646 seconds
[2023-11-05T16:04:13.969+0000][2388.533s][debug][safepoint     ] Safepoint synchronization initiated. (191 threads)
[2023-11-05T16:04:13.970+0000][2388.534s][info ][safepoint     ] Application time: 1.0009312 seconds
[2023-11-05T16:04:13.970+0000][2388.534s][info ][safepoint     ] Entering safepoint region: Cleanup
[2023-11-05T16:04:13.971+0000][2388.535s][info ][safepoint     ] Leaving safepoint region
[2023-11-05T16:04:13.971+0000][2388.536s][info ][safepoint     ] Total time for which application threads were stopped: 0.0012852 seconds, Stopping threads took: 0.0005480 seconds
[2023-11-05T16:04:14.972+0000][2389.536s][debug][safepoint     ] Safepoint synchronization initiated. (191 threads)
[2023-11-05T16:04:14.973+0000][2389.537s][info ][safepoint     ] Application time: 1.0007443 seconds
[2023-11-05T16:04:14.973+0000][2389.537s][info ][safepoint     ] Entering safepoint region: Cleanup
[2023-11-05T16:04:14.974+0000][2389.538s][info ][safepoint     ] Leaving safepoint region
[2023-11-05T16:04:14.974+0000][2389.539s][info ][safepoint     ] Total time for which application threads were stopped: 0.0013001 seconds, Stopping threads took: 0.0005750 seconds
[2023-11-05T16:04:15.975+0000][2390.539s][debug][safepoint     ] Safepoint synchronization initiated. (191 threads)
[2023-11-05T16:04:15.983+0000][2390.547s][info ][safepoint     ] Application time: 1.0081713 seconds
[2023-11-05T16:04:15.985+0000][2390.549s][info ][safepoint     ] Entering safepoint region: Cleanup
[2023-11-05T16:04:15.986+0000][2390.550s][info ][safepoint     ] Leaving safepoint region
[2023-11-05T16:04:15.987+0000][2390.551s][info ][safepoint     ] Total time for which application threads were stopped: 0.0026282 seconds, Stopping threads took: 0.0009453 seconds
[2023-11-05T16:04:16.988+0000][2391.552s][debug][safepoint     ] Safepoint synchronization initiated. (191 threads)
[2023-11-05T16:04:16.989+0000][2391.553s][info ][safepoint     ] Application time: 1.0011854 seconds
[2023-11-05T16:04:16.990+0000][2391.554s][info ][safepoint     ] Entering safepoint region: Cleanup
[2023-11-05T16:04:16.990+0000][2391.554s][info ][safepoint     ] Leaving safepoint region
[2023-11-05T16:04:16.991+0000][2391.555s][info ][safepoint     ] Total time for which application threads were stopped: 0.0010694 seconds, Stopping threads took: 0.0004889 seconds
[2023-11-05T16:04:17.991+0000][2392.555s][debug][safepoint     ] Safepoint synchronization initiated. (191 threads)
[2023-11-05T16:04:17.992+0000][2392.556s][info ][safepoint     ] Application time: 1.0009316 seconds
[2023-11-05T16:04:17.992+0000][2392.557s][info ][safepoint     ] Entering safepoint region: Cleanup
[2023-11-05T16:04:17.993+0000][2392.557s][info ][safepoint     ] Leaving safepoint region
[2023-11-05T16:04:17.994+0000][2392.558s][info ][safepoint     ] Total time for which application threads were stopped: 0.0011764 seconds, Stopping threads took: 0.0005923 seconds
[2023-11-05T16:04:18.994+0000][2393.558s][debug][safepoint     ] Safepoint synchronization initiated. (191 threads)
[2023-11-05T16:04:18.995+0000][2393.559s][info ][safepoint     ] Application time: 1.0009361 seconds
[2023-11-05T16:04:18.996+0000][2393.560s][info ][safepoint     ] Entering safepoint region: Cleanup
[2023-11-05T16:04:18.997+0000][2393.561s][info ][safepoint     ] Leaving safepoint region
[2023-11-05T16:04:18.997+0000][2393.562s][info ][safepoint     ] Total time for which application threads were stopped: 0.0015582 seconds, Stopping threads took: 0.0007457 seconds
[2023-11-05T16:04:19.998+0000][2394.563s][debug][safepoint     ] Safepoint synchronization initiated. (191 threads)
[2023-11-05T16:04:19.999+0000][2394.564s][info ][safepoint     ] Application time: 1.0013603 seconds
[2023-11-05T16:04:20.000+0000][2394.565s][info ][safepoint     ] Entering safepoint region: Cleanup
[2023-11-05T16:04:20.002+0000][2394.566s][info ][safepoint     ] Leaving safepoint region
[2023-11-05T16:04:20.002+0000][2394.567s][info ][safepoint     ] Total time for which application threads were stopped: 0.0020221 seconds, Stopping threads took: 0.0008645 seconds
[2023-11-05T16:04:21.003+0000][2395.567s][debug][safepoint     ] Safepoint synchronization initiated. (191 threads)
[2023-11-05T16:04:21.005+0000][2395.569s][info ][safepoint     ] Application time: 1.0013776 seconds
[2023-11-05T16:04:21.005+0000][2395.569s][info ][safepoint     ] Entering safepoint region: Cleanup
[2023-11-05T16:04:21.006+0000][2395.570s][info ][safepoint     ] Leaving safepoint region
[2023-11-05T16:04:21.007+0000][2395.571s][info ][safepoint     ] Total time for which application threads were stopped: 0.0013981 seconds, Stopping threads took: 0.0004815 seconds
[2023-11-05T16:04:22.008+0000][2396.572s][debug][safepoint     ] Safepoint synchronization initiated. (191 threads)
[2023-11-05T16:04:22.008+0000][2396.572s][info ][safepoint     ] Application time: 1.0008281 seconds
[2023-11-05T16:04:22.009+0000][2396.573s][info ][safepoint     ] Entering safepoint region: Cleanup
[2023-11-05T16:04:22.010+0000][2396.574s][info ][safepoint     ] Leaving safepoint region
[2023-11-05T16:04:22.010+0000][2396.574s][info ][safepoint     ] Total time for which application threads were stopped: 0.0012458 seconds, Stopping threads took: 0.0005010 seconds
[2023-11-05T16:04:23.011+0000][2397.575s][debug][safepoint     ] Safepoint synchronization initiated. (191 threads)
[2023-11-05T16:04:23.011+0000][2397.575s][info ][safepoint     ] Application time: 1.0007238 seconds
[2023-11-05T16:04:23.012+0000][2397.576s][info ][safepoint     ] Entering safepoint region: Cleanup
[2023-11-05T16:04:23.012+0000][2397.577s][info ][safepoint     ] Leaving safepoint region
[2023-11-05T16:04:23.013+0000][2397.577s][info ][safepoint     ] Total time for which application threads were stopped: 0.0015366 seconds, Stopping threads took: 0.0005247 seconds
[2023-11-05T16:04:24.013+0000][2398.578s][debug][safepoint     ] Safepoint synchronization initiated. (191 threads)
[2023-11-05T16:04:24.014+0000][2398.579s][info ][safepoint     ] Application time: 1.0009834 seconds
[2023-11-05T16:04:24.015+0000][2398.580s][info ][safepoint     ] Entering safepoint region: Cleanup
[2023-11-05T16:04:24.016+0000][2398.581s][info ][safepoint     ] Leaving safepoint region
[2023-11-05T16:04:24.016+0000][2398.581s][info ][safepoint     ] Total time for which application threads were stopped: 0.0016042 seconds, Stopping threads took: 0.0008065 seconds
[2023-11-05T16:04:25.017+0000][2399.582s][debug][safepoint     ] Safepoint synchronization initiated. (191 threads)
[2023-11-05T16:04:25.018+0000][2399.583s][info ][safepoint     ] Application time: 1.0010082 seconds
[2023-11-05T16:04:25.019+0000][2399.584s][info ][safepoint     ] Entering safepoint region: Cleanup
[2023-11-05T16:04:25.020+0000][2399.585s][info ][safepoint     ] Leaving safepoint region
[2023-11-05T16:04:25.020+0000][2399.585s][info ][safepoint     ] Total time for which application threads were stopped: 0.0015147 seconds, Stopping threads took: 0.0007059 seconds
[2023-11-05T16:04:26.021+0000][2400.586s][debug][safepoint     ] Safepoint synchronization initiated. (191 threads)
[2023-11-05T16:04:26.022+0000][2400.587s][info ][safepoint     ] Application time: 1.0013774 seconds
[2023-11-05T16:04:26.023+0000][2400.588s][info ][safepoint     ] Entering safepoint region: Cleanup
[2023-11-05T16:04:26.025+0000][2400.590s][info ][safepoint     ] Leaving safepoint region
[2023-11-05T16:04:26.026+0000][2400.591s][info ][safepoint     ] Total time for which application threads were stopped: 0.0025198 seconds, Stopping threads took: 0.0006133 seconds
[2023-11-05T16:04:27.026+0000][2401.591s][debug][safepoint     ] Safepoint synchronization initiated. (191 threads)
[2023-11-05T16:04:27.027+0000][2401.592s][info ][safepoint     ] Application time: 1.0008463 seconds
[2023-11-05T16:04:27.028+0000][2401.593s][info ][safepoint     ] Entering safepoint region: Cleanup
[2023-11-05T16:04:27.029+0000][2401.594s][info ][safepoint     ] Leaving safepoint region
[2023-11-05T16:04:27.030+0000][2401.594s][info ][safepoint     ] Total time for which application threads were stopped: 0.0018783 seconds, Stopping threads took: 0.0005657 seconds
[2023-11-05T16:04:28.030+0000][2402.595s][debug][safepoint     ] Safepoint synchronization initiated. (191 threads)
[2023-11-05T16:04:28.031+0000][2402.596s][info ][safepoint     ] Application time: 1.0009063 seconds
[2023-11-05T16:04:28.032+0000][2402.596s][info ][safepoint     ] Entering safepoint region: Cleanup
[2023-11-05T16:04:28.032+0000][2402.597s][info ][safepoint     ] Leaving safepoint region
[2023-11-05T16:04:28.033+0000][2402.598s][info ][safepoint     ] Total time for which application threads were stopped: 0.0012188 seconds, Stopping threads took: 0.0004841 seconds
[2023-11-05T16:04:29.033+0000][2403.598s][debug][safepoint     ] Safepoint synchronization initiated. (191 threads)
[2023-11-05T16:04:29.034+0000][2403.599s][info ][safepoint     ] Application time: 1.0005559 seconds
[2023-11-05T16:04:29.034+0000][2403.599s][info ][safepoint     ] Entering safepoint region: Cleanup
[2023-11-05T16:04:29.035+0000][2403.600s][info ][safepoint     ] Leaving safepoint region
[2023-11-05T16:04:29.035+0000][2403.600s][info ][safepoint     ] Total time for which application threads were stopped: 0.0013181 seconds, Stopping threads took: 0.0005263 seconds
[2023-11-05T16:04:30.036+0000][2404.601s][debug][safepoint     ] Safepoint synchronization initiated. (191 threads)
[2023-11-05T16:04:30.036+0000][2404.601s][info ][safepoint     ] Application time: 1.0007453 seconds
[2023-11-05T16:04:30.037+0000][2404.602s][info ][safepoint     ] Entering safepoint region: Cleanup
[2023-11-05T16:04:30.038+0000][2404.602s][info ][safepoint     ] Leaving safepoint region
[2023-11-05T16:04:30.038+0000][2404.603s][info ][safepoint     ] Total time for which application threads were stopped: 0.0010464 seconds, Stopping threads took: 0.0005105 seconds
[2023-11-05T16:04:31.039+0000][2405.604s][debug][safepoint     ] Safepoint synchronization initiated. (191 threads)
[2023-11-05T16:04:31.039+0000][2405.604s][info ][safepoint     ] Application time: 1.0008606 seconds
[2023-11-05T16:04:31.040+0000][2405.605s][info ][safepoint     ] Entering safepoint region: Cleanup
[2023-11-05T16:04:31.041+0000][2405.606s][info ][safepoint     ] Leaving safepoint region
[2023-11-05T16:04:31.041+0000][2405.606s][info ][safepoint     ] Total time for which application threads were stopped: 0.0012379 seconds, Stopping threads took: 0.0005421 seconds
[2023-11-05T16:04:32.042+0000][2406.607s][debug][safepoint     ] Safepoint synchronization initiated. (191 threads)
[2023-11-05T16:04:32.042+0000][2406.607s][info ][safepoint     ] Application time: 1.0006127 seconds
[2023-11-05T16:04:32.043+0000][2406.608s][info ][safepoint     ] Entering safepoint region: Cleanup
[2023-11-05T16:04:32.043+0000][2406.608s][info ][safepoint     ] Leaving safepoint region
[2023-11-05T16:04:32.044+0000][2406.608s][info ][safepoint     ] Total time for which application threads were stopped: 0.0009871 seconds, Stopping threads took: 0.0004177 seconds
[2023-11-05T16:04:33.044+0000][2407.609s][debug][safepoint     ] Safepoint synchronization initiated. (191 threads)
[2023-11-05T16:04:33.046+0000][2407.610s][info ][safepoint     ] Application time: 1.0016448 seconds
[2023-11-05T16:04:33.048+0000][2407.613s][info ][safepoint     ] Entering safepoint region: Cleanup
[2023-11-05T16:04:33.049+0000][2407.614s][info ][safepoint     ] Leaving safepoint region
[2023-11-05T16:04:33.052+0000][2407.617s][info ][safepoint     ] Total time for which application threads were stopped: 0.0034939 seconds, Stopping threads took: 0.0008094 seconds
[2023-11-05T16:04:34.055+0000][2408.620s][debug][safepoint     ] Safepoint synchronization initiated. (191 threads)
[2023-11-05T16:04:34.056+0000][2408.621s][info ][safepoint     ] Application time: 1.0009681 seconds
[2023-11-05T16:04:34.056+0000][2408.621s][info ][safepoint     ] Entering safepoint region: Cleanup
[2023-11-05T16:04:34.057+0000][2408.622s][info ][safepoint     ] Leaving safepoint region
[2023-11-05T16:04:34.057+0000][2408.622s][info ][safepoint     ] Total time for which application threads were stopped: 0.0011497 seconds, Stopping threads took: 0.0004665 seconds
[2023-11-05T16:04:35.058+0000][2409.623s][debug][safepoint     ] Safepoint synchronization initiated. (191 threads)
[2023-11-05T16:04:35.059+0000][2409.624s][info ][safepoint     ] Application time: 1.0010586 seconds
[2023-11-05T16:04:35.060+0000][2409.625s][info ][safepoint     ] Entering safepoint region: Cleanup
[2023-11-05T16:04:35.061+0000][2409.626s][info ][safepoint     ] Leaving safepoint region
[2023-11-05T16:04:35.061+0000][2409.626s][info ][safepoint     ] Total time for which application threads were stopped: 0.0012479 seconds, Stopping threads took: 0.0004943 seconds
[2023-11-05T16:04:36.062+0000][2410.627s][debug][safepoint     ] Safepoint synchronization initiated. (191 threads)
[2023-11-05T16:04:36.064+0000][2410.628s][info ][safepoint     ] Application time: 1.0014647 seconds
[2023-11-05T16:04:36.064+0000][2410.629s][info ][safepoint     ] Entering safepoint region: Cleanup
[2023-11-05T16:04:36.066+0000][2410.630s][info ][safepoint     ] Leaving safepoint region
[2023-11-05T16:04:36.066+0000][2410.631s][info ][safepoint     ] Total time for which application threads were stopped: 0.0019068 seconds, Stopping threads took: 0.0011419 seconds
[2023-11-05T16:04:37.067+0000][2411.632s][debug][safepoint     ] Safepoint synchronization initiated. (191 threads)
[2023-11-05T16:04:37.068+0000][2411.633s][info ][safepoint     ] Application time: 1.0011342 seconds
[2023-11-05T16:04:37.068+0000][2411.633s][info ][safepoint     ] Entering safepoint region: Cleanup
[2023-11-05T16:04:37.069+0000][2411.634s][info ][safepoint     ] Leaving safepoint region
[2023-11-05T16:04:37.070+0000][2411.635s][info ][safepoint     ] Total time for which application threads were stopped: 0.0013581 seconds, Stopping threads took: 0.0005885 seconds
[2023-11-05T16:04:38.071+0000][2412.635s][debug][safepoint     ] Safepoint synchronization initiated. (191 threads)
[2023-11-05T16:04:38.071+0000][2412.636s][info ][safepoint     ] Application time: 1.0008961 seconds
[2023-11-05T16:04:38.072+0000][2412.637s][info ][safepoint     ] Entering safepoint region: Cleanup
[2023-11-05T16:04:38.073+0000][2412.638s][info ][safepoint     ] Leaving safepoint region
[2023-11-05T16:04:38.073+0000][2412.638s][info ][safepoint     ] Total time for which application threads were stopped: 0.0013475 seconds, Stopping threads took: 0.0004692 seconds
[2023-11-05T16:04:39.074+0000][2413.639s][debug][safepoint     ] Safepoint synchronization initiated. (191 threads)
[2023-11-05T16:04:39.075+0000][2413.640s][info ][safepoint     ] Application time: 1.0007754 seconds
[2023-11-05T16:04:39.076+0000][2413.640s][info ][safepoint     ] Entering safepoint region: Cleanup
[2023-11-05T16:04:39.076+0000][2413.641s][info ][safepoint     ] Leaving safepoint region
[2023-11-05T16:04:39.077+0000][2413.642s][info ][safepoint     ] Total time for which application threads were stopped: 0.0015341 seconds, Stopping threads took: 0.0007323 seconds
[2023-11-05T16:04:40.078+0000][2414.643s][debug][safepoint     ] Safepoint synchronization initiated. (191 threads)
[2023-11-05T16:04:40.093+0000][2414.658s][info ][safepoint     ] Application time: 1.0157518 seconds
[2023-11-05T16:04:40.094+0000][2414.659s][info ][safepoint     ] Entering safepoint region: Cleanup
[2023-11-05T16:04:40.095+0000][2414.660s][info ][safepoint     ] Leaving safepoint region
[2023-11-05T16:04:40.095+0000][2414.660s][info ][safepoint     ] Total time for which application threads were stopped: 0.0014300 seconds, Stopping threads took: 0.0006411 seconds
[2023-11-05T16:04:41.097+0000][2415.661s][debug][safepoint     ] Safepoint synchronization initiated. (191 threads)
[2023-11-05T16:04:41.104+0000][2415.669s][info ][safepoint     ] Application time: 1.0076722 seconds
[2023-11-05T16:04:41.110+0000][2415.675s][info ][safepoint     ] Entering safepoint region: Cleanup
[2023-11-05T16:04:41.116+0000][2415.681s][info ][safepoint     ] Leaving safepoint region
[2023-11-05T16:04:41.121+0000][2415.686s][info ][safepoint     ] Total time for which application threads were stopped: 0.0109256 seconds, Stopping threads took: 0.0058595 seconds
[2023-11-05T16:04:42.130+0000][2416.695s][debug][safepoint     ] Safepoint synchronization initiated. (191 threads)
[2023-11-05T16:04:42.137+0000][2416.702s][info ][safepoint     ] Application time: 1.0077769 seconds
[2023-11-05T16:04:42.164+0000][2416.729s][info ][safepoint     ] Entering safepoint region: Cleanup
[2023-11-05T16:04:42.171+0000][2416.736s][info ][safepoint     ] Leaving safepoint region
[2023-11-05T16:04:42.184+0000][2416.749s][info ][safepoint     ] Total time for which application threads were stopped: 0.0193336 seconds, Stopping threads took: 0.0066280 seconds
[2023-11-05T16:04:43.191+0000][2417.756s][debug][safepoint     ] Safepoint synchronization initiated. (191 threads)
[2023-11-05T16:04:43.198+0000][2417.763s][info ][safepoint     ] Application time: 1.0071285 seconds
[2023-11-05T16:04:43.213+0000][2417.778s][info ][safepoint     ] Entering safepoint region: Cleanup
[2023-11-05T16:04:43.220+0000][2417.785s][info ][safepoint     ] Leaving safepoint region
[2023-11-05T16:04:43.226+0000][2417.791s][info ][safepoint     ] Total time for which application threads were stopped: 0.0126383 seconds, Stopping threads took: 0.0068741 seconds
[2023-11-05T16:04:44.228+0000][2418.793s][debug][safepoint     ] Safepoint synchronization initiated. (191 threads)
[2023-11-05T16:04:44.239+0000][2418.804s][info ][safepoint     ] Application time: 1.0116911 seconds
[2023-11-05T16:04:44.247+0000][2418.812s][info ][safepoint     ] Entering safepoint region: Cleanup
[2023-11-05T16:04:44.261+0000][2418.826s][info ][safepoint     ] Leaving safepoint region
[2023-11-05T16:04:44.273+0000][2418.838s][info ][safepoint     ] Total time for which application threads were stopped: 0.0261929 seconds, Stopping threads took: 0.0141044 seconds
[2023-11-05T16:04:45.281+0000][2419.846s][debug][safepoint     ] Safepoint synchronization initiated. (191 threads)
[2023-11-05T16:04:45.287+0000][2419.852s][info ][safepoint     ] Application time: 1.0058769 seconds
[2023-11-05T16:04:45.291+0000][2419.856s][info ][safepoint     ] Entering safepoint region: Cleanup
[2023-11-05T16:04:45.297+0000][2419.862s][info ][safepoint     ] Leaving safepoint region
[2023-11-05T16:04:45.310+0000][2419.875s][info ][safepoint     ] Total time for which application threads were stopped: 0.0191025 seconds, Stopping threads took: 0.0053940 seconds
[2023-11-05T16:04:46.326+0000][2420.891s][debug][safepoint     ] Safepoint synchronization initiated. (191 threads)
[2023-11-05T16:04:46.327+0000][2420.892s][info ][safepoint     ] Application time: 1.0009608 seconds
[2023-11-05T16:04:46.328+0000][2420.893s][info ][safepoint     ] Entering safepoint region: Cleanup
[2023-11-05T16:04:46.328+0000][2420.893s][info ][safepoint     ] Leaving safepoint region
[2023-11-05T16:04:46.329+0000][2420.894s][info ][safepoint     ] Total time for which application threads were stopped: 0.0013373 seconds, Stopping threads took: 0.0005570 seconds
[2023-11-05T16:04:47.330+0000][2421.894s][debug][safepoint     ] Safepoint synchronization initiated. (191 threads)
[2023-11-05T16:04:47.330+0000][2421.895s][info ][safepoint     ] Application time: 1.0007938 seconds
[2023-11-05T16:04:47.331+0000][2421.896s][info ][safepoint     ] Entering safepoint region: Cleanup
[2023-11-05T16:04:47.331+0000][2421.896s][info ][safepoint     ] Leaving safepoint region
[2023-11-05T16:04:47.332+0000][2421.897s][info ][safepoint     ] Total time for which application threads were stopped: 0.0013138 seconds, Stopping threads took: 0.0004955 seconds
[2023-11-05T16:04:48.333+0000][2422.897s][debug][safepoint     ] Safepoint synchronization initiated. (191 threads)
[2023-11-05T16:04:48.333+0000][2422.898s][info ][safepoint     ] Application time: 1.0010666 seconds
[2023-11-05T16:04:48.334+0000][2422.899s][info ][safepoint     ] Entering safepoint region: Cleanup
[2023-11-05T16:04:48.335+0000][2422.899s][info ][safepoint     ] Leaving safepoint region
[2023-11-05T16:04:48.335+0000][2422.900s][info ][safepoint     ] Total time for which application threads were stopped: 0.0012543 seconds, Stopping threads took: 0.0005262 seconds
[2023-11-05T16:04:49.336+0000][2423.901s][debug][safepoint     ] Safepoint synchronization initiated. (191 threads)
[2023-11-05T16:04:49.337+0000][2423.901s][info ][safepoint     ] Application time: 1.0009974 seconds
[2023-11-05T16:04:49.337+0000][2423.902s][info ][safepoint     ] Entering safepoint region: Cleanup
[2023-11-05T16:04:49.338+0000][2423.903s][info ][safepoint     ] Leaving safepoint region
[2023-11-05T16:04:49.338+0000][2423.903s][info ][safepoint     ] Total time for which application threads were stopped: 0.0013279 seconds, Stopping threads took: 0.0005642 seconds
[2023-11-05T16:04:50.339+0000][2424.904s][debug][safepoint     ] Safepoint synchronization initiated. (191 threads)
[2023-11-05T16:04:50.340+0000][2424.905s][info ][safepoint     ] Application time: 1.0006927 seconds
[2023-11-05T16:04:50.340+0000][2424.905s][info ][safepoint     ] Entering safepoint region: Cleanup
[2023-11-05T16:04:50.341+0000][2424.906s][info ][safepoint     ] Leaving safepoint region
[2023-11-05T16:04:50.341+0000][2424.906s][info ][safepoint     ] Total time for which application threads were stopped: 0.0009830 seconds, Stopping threads took: 0.0004313 seconds
[2023-11-05T16:04:51.342+0000][2425.907s][debug][safepoint     ] Safepoint synchronization initiated. (191 threads)
[2023-11-05T16:04:51.342+0000][2425.907s][info ][safepoint     ] Application time: 1.0009686 seconds
[2023-11-05T16:04:51.343+0000][2425.908s][info ][safepoint     ] Entering safepoint region: Cleanup
[2023-11-05T16:04:51.344+0000][2425.909s][info ][safepoint     ] Leaving safepoint region
[2023-11-05T16:04:51.344+0000][2425.909s][info ][safepoint     ] Total time for which application threads were stopped: 0.0013442 seconds, Stopping threads took: 0.0006355 seconds
[2023-11-05T16:04:52.345+0000][2426.910s][debug][safepoint     ] Safepoint synchronization initiated. (191 threads)
[2023-11-05T16:04:52.346+0000][2426.910s][info ][safepoint     ] Application time: 1.0007324 seconds
[2023-11-05T16:04:52.346+0000][2426.911s][info ][safepoint     ] Entering safepoint region: Cleanup
[2023-11-05T16:04:52.347+0000][2426.912s][info ][safepoint     ] Leaving safepoint region
[2023-11-05T16:04:52.347+0000][2426.912s][info ][safepoint     ] Total time for which application threads were stopped: 0.0011682 seconds, Stopping threads took: 0.0005759 seconds
[2023-11-05T16:04:53.348+0000][2427.913s][debug][safepoint     ] Safepoint synchronization initiated. (191 threads)
[2023-11-05T16:04:53.349+0000][2427.913s][info ][safepoint     ] Application time: 1.0008536 seconds
[2023-11-05T16:04:53.349+0000][2427.914s][info ][safepoint     ] Entering safepoint region: Cleanup
[2023-11-05T16:04:53.350+0000][2427.915s][info ][safepoint     ] Leaving safepoint region
[2023-11-05T16:04:53.350+0000][2427.915s][info ][safepoint     ] Total time for which application threads were stopped: 0.0014355 seconds, Stopping threads took: 0.0006204 seconds
[2023-11-05T16:04:54.351+0000][2428.916s][debug][safepoint     ] Safepoint synchronization initiated. (191 threads)
[2023-11-05T16:04:54.351+0000][2428.916s][info ][safepoint     ] Application time: 1.0006638 seconds
[2023-11-05T16:04:54.352+0000][2428.917s][info ][safepoint     ] Entering safepoint region: Cleanup
[2023-11-05T16:04:54.352+0000][2428.917s][info ][safepoint     ] Leaving safepoint region
[2023-11-05T16:04:54.353+0000][2428.918s][info ][safepoint     ] Total time for which application threads were stopped: 0.0010549 seconds, Stopping threads took: 0.0004440 seconds
[2023-11-05T16:04:55.354+0000][2429.919s][debug][safepoint     ] Safepoint synchronization initiated. (191 threads)
[2023-11-05T16:04:55.354+0000][2429.920s][info ][safepoint     ] Application time: 1.0007266 seconds
[2023-11-05T16:04:55.355+0000][2429.920s][info ][safepoint     ] Entering safepoint region: Cleanup
[2023-11-05T16:04:55.356+0000][2429.921s][info ][safepoint     ] Leaving safepoint region
[2023-11-05T16:04:55.357+0000][2429.922s][info ][safepoint     ] Total time for which application threads were stopped: 0.0021858 seconds, Stopping threads took: 0.0005387 seconds
[2023-11-05T16:04:56.358+0000][2430.923s][debug][safepoint     ] Safepoint synchronization initiated. (191 threads)
[2023-11-05T16:04:56.358+0000][2430.924s][info ][safepoint     ] Application time: 1.0009930 seconds
[2023-11-05T16:04:56.359+0000][2430.924s][info ][safepoint     ] Entering safepoint region: Cleanup
[2023-11-05T16:04:56.360+0000][2430.925s][info ][safepoint     ] Leaving safepoint region
[2023-11-05T16:04:56.360+0000][2430.926s][info ][safepoint     ] Total time for which application threads were stopped: 0.0012929 seconds, Stopping threads took: 0.0005954 seconds
[2023-11-05T16:04:57.361+0000][2431.926s][debug][safepoint     ] Safepoint synchronization initiated. (191 threads)
[2023-11-05T16:04:57.362+0000][2431.927s][info ][safepoint     ] Application time: 1.0008970 seconds
[2023-11-05T16:04:57.362+0000][2431.927s][info ][safepoint     ] Entering safepoint region: Cleanup
[2023-11-05T16:04:57.363+0000][2431.928s][info ][safepoint     ] Leaving safepoint region
[2023-11-05T16:04:57.364+0000][2431.929s][info ][safepoint     ] Total time for which application threads were stopped: 0.0013993 seconds, Stopping threads took: 0.0005329 seconds
[2023-11-05T16:04:58.364+0000][2432.929s][debug][safepoint     ] Safepoint synchronization initiated. (191 threads)
[2023-11-05T16:04:58.365+0000][2432.930s][info ][safepoint     ] Application time: 1.0008550 seconds
[2023-11-05T16:04:58.365+0000][2432.931s][info ][safepoint     ] Entering safepoint region: Cleanup
[2023-11-05T16:04:58.366+0000][2432.931s][info ][safepoint     ] Leaving safepoint region
[2023-11-05T16:04:58.367+0000][2432.932s][info ][safepoint     ] Total time for which application threads were stopped: 0.0012504 seconds, Stopping threads took: 0.0005321 seconds
[2023-11-05T16:04:59.367+0000][2433.933s][debug][safepoint     ] Safepoint synchronization initiated. (191 threads)
[2023-11-05T16:04:59.368+0000][2433.933s][info ][safepoint     ] Application time: 1.0009096 seconds
[2023-11-05T16:04:59.369+0000][2433.934s][info ][safepoint     ] Entering safepoint region: Cleanup
[2023-11-05T16:04:59.370+0000][2433.935s][info ][safepoint     ] Leaving safepoint region
[2023-11-05T16:04:59.370+0000][2433.935s][info ][safepoint     ] Total time for which application threads were stopped: 0.0014787 seconds, Stopping threads took: 0.0006662 seconds
[2023-11-05T16:05:00.371+0000][2434.936s][debug][safepoint     ] Safepoint synchronization initiated. (191 threads)
[2023-11-05T16:05:00.372+0000][2434.937s][info ][safepoint     ] Application time: 1.0008340 seconds
[2023-11-05T16:05:00.372+0000][2434.937s][info ][safepoint     ] Entering safepoint region: Cleanup
[2023-11-05T16:05:00.373+0000][2434.938s][info ][safepoint     ] Leaving safepoint region
[2023-11-05T16:05:00.373+0000][2434.939s][info ][safepoint     ] Total time for which application threads were stopped: 0.0013111 seconds, Stopping threads took: 0.0006822 seconds
[2023-11-05T16:05:01.374+0000][2435.939s][debug][safepoint     ] Safepoint synchronization initiated. (191 threads)
[2023-11-05T16:05:01.375+0000][2435.941s][info ][safepoint     ] Application time: 1.0017934 seconds
[2023-11-05T16:05:01.376+0000][2435.941s][info ][safepoint     ] Entering safepoint region: Cleanup
[2023-11-05T16:05:01.377+0000][2435.942s][info ][safepoint     ] Leaving safepoint region
[2023-11-05T16:05:01.377+0000][2435.942s][info ][safepoint     ] Total time for which application threads were stopped: 0.0011383 seconds, Stopping threads took: 0.0005090 seconds
[2023-11-05T16:05:02.378+0000][2436.943s][debug][safepoint     ] Safepoint synchronization initiated. (191 threads)
[2023-11-05T16:05:02.379+0000][2436.944s][info ][safepoint     ] Application time: 1.0010658 seconds
[2023-11-05T16:05:02.380+0000][2436.945s][info ][safepoint     ] Entering safepoint region: Cleanup
[2023-11-05T16:05:02.381+0000][2436.946s][info ][safepoint     ] Leaving safepoint region
[2023-11-05T16:05:02.381+0000][2436.946s][info ][safepoint     ] Total time for which application threads were stopped: 0.0017119 seconds, Stopping threads took: 0.0007472 seconds
[2023-11-05T16:05:03.382+0000][2437.947s][debug][safepoint     ] Safepoint synchronization initiated. (191 threads)
[2023-11-05T16:05:03.383+0000][2437.948s][info ][safepoint     ] Application time: 1.0007758 seconds
[2023-11-05T16:05:03.383+0000][2437.949s][info ][safepoint     ] Entering safepoint region: Cleanup
[2023-11-05T16:05:03.384+0000][2437.949s][info ][safepoint     ] Leaving safepoint region
[2023-11-05T16:05:03.385+0000][2437.950s][info ][safepoint     ] Total time for which application threads were stopped: 0.0016032 seconds, Stopping threads took: 0.0005820 seconds
[2023-11-05T16:05:04.386+0000][2438.951s][debug][safepoint     ] Safepoint synchronization initiated. (191 threads)
[2023-11-05T16:05:04.387+0000][2438.952s][info ][safepoint     ] Application time: 1.0008793 seconds
[2023-11-05T16:05:04.387+0000][2438.953s][info ][safepoint     ] Entering safepoint region: Cleanup
[2023-11-05T16:05:04.388+0000][2438.953s][info ][safepoint     ] Leaving safepoint region
[2023-11-05T16:05:04.389+0000][2438.954s][info ][safepoint     ] Total time for which application threads were stopped: 0.0012733 seconds, Stopping threads took: 0.0005853 seconds
[2023-11-05T16:05:05.389+0000][2439.955s][debug][safepoint     ] Safepoint synchronization initiated. (191 threads)
[2023-11-05T16:05:05.391+0000][2439.956s][info ][safepoint     ] Application time: 1.0014151 seconds
[2023-11-05T16:05:05.391+0000][2439.957s][info ][safepoint     ] Entering safepoint region: Cleanup
[2023-11-05T16:05:05.393+0000][2439.958s][info ][safepoint     ] Leaving safepoint region
[2023-11-05T16:05:05.393+0000][2439.959s][info ][safepoint     ] Total time for which application threads were stopped: 0.0018507 seconds, Stopping threads took: 0.0009167 seconds
[2023-11-05T16:05:06.394+0000][2440.959s][debug][safepoint     ] Safepoint synchronization initiated. (191 threads)
[2023-11-05T16:05:06.395+0000][2440.961s][info ][safepoint     ] Application time: 1.0015220 seconds
[2023-11-05T16:05:06.397+0000][2440.962s][info ][safepoint     ] Entering safepoint region: Cleanup
[2023-11-05T16:05:06.398+0000][2440.963s][info ][safepoint     ] Leaving safepoint region
[2023-11-05T16:05:06.399+0000][2440.964s][info ][safepoint     ] Total time for which application threads were stopped: 0.0023985 seconds, Stopping threads took: 0.0010722 seconds
[2023-11-05T16:05:07.400+0000][2441.965s][debug][safepoint     ] Safepoint synchronization initiated. (191 threads)
[2023-11-05T16:05:07.401+0000][2441.966s][info ][safepoint     ] Application time: 1.0009949 seconds
[2023-11-05T16:05:07.402+0000][2441.967s][info ][safepoint     ] Entering safepoint region: Cleanup
[2023-11-05T16:05:07.402+0000][2441.967s][info ][safepoint     ] Leaving safepoint region
[2023-11-05T16:05:07.403+0000][2441.968s][info ][safepoint     ] Total time for which application threads were stopped: 0.0010274 seconds, Stopping threads took: 0.0004210 seconds
[2023-11-05T16:05:08.403+0000][2442.968s][debug][safepoint     ] Safepoint synchronization initiated. (191 threads)
[2023-11-05T16:05:08.404+0000][2442.969s][info ][safepoint     ] Application time: 1.0009855 seconds
[2023-11-05T16:05:08.404+0000][2442.970s][info ][safepoint     ] Entering safepoint region: Cleanup
[2023-11-05T16:05:08.405+0000][2442.971s][info ][safepoint     ] Leaving safepoint region
[2023-11-05T16:05:08.406+0000][2442.971s][info ][safepoint     ] Total time for which application threads were stopped: 0.0014213 seconds, Stopping threads took: 0.0005935 seconds
[2023-11-05T16:05:09.407+0000][2443.972s][debug][safepoint     ] Safepoint synchronization initiated. (191 threads)
[2023-11-05T16:05:09.407+0000][2443.973s][info ][safepoint     ] Application time: 1.0011378 seconds
[2023-11-05T16:05:09.408+0000][2443.973s][info ][safepoint     ] Entering safepoint region: Cleanup
[2023-11-05T16:05:09.409+0000][2443.974s][info ][safepoint     ] Leaving safepoint region
[2023-11-05T16:05:09.410+0000][2443.975s][info ][safepoint     ] Total time for which application threads were stopped: 0.0017199 seconds, Stopping threads took: 0.0007653 seconds
[2023-11-05T16:05:10.411+0000][2444.976s][debug][safepoint     ] Safepoint synchronization initiated. (191 threads)
[2023-11-05T16:05:10.412+0000][2444.977s][info ][safepoint     ] Application time: 1.0013413 seconds
[2023-11-05T16:05:10.413+0000][2444.978s][info ][safepoint     ] Entering safepoint region: Cleanup
[2023-11-05T16:05:10.414+0000][2444.979s][info ][safepoint     ] Leaving safepoint region
[2023-11-05T16:05:10.415+0000][2444.980s][info ][safepoint     ] Total time for which application threads were stopped: 0.0022168 seconds, Stopping threads took: 0.0009861 seconds
[2023-11-05T16:05:11.416+0000][2445.981s][debug][safepoint     ] Safepoint synchronization initiated. (191 threads)
[2023-11-05T16:05:11.417+0000][2445.982s][info ][safepoint     ] Application time: 1.0013192 seconds
[2023-11-05T16:05:11.418+0000][2445.983s][info ][safepoint     ] Entering safepoint region: Cleanup
[2023-11-05T16:05:11.419+0000][2445.984s][info ][safepoint     ] Leaving safepoint region
[2023-11-05T16:05:11.420+0000][2445.985s][info ][safepoint     ] Total time for which application threads were stopped: 0.0021651 seconds, Stopping threads took: 0.0009354 seconds
[2023-11-05T16:05:12.421+0000][2446.986s][debug][safepoint     ] Safepoint synchronization initiated. (191 threads)
[2023-11-05T16:05:12.422+0000][2446.987s][info ][safepoint     ] Application time: 1.0011757 seconds
[2023-11-05T16:05:12.423+0000][2446.988s][info ][safepoint     ] Entering safepoint region: Cleanup
[2023-11-05T16:05:12.424+0000][2446.989s][info ][safepoint     ] Leaving safepoint region
[2023-11-05T16:05:12.425+0000][2446.990s][info ][safepoint     ] Total time for which application threads were stopped: 0.0018642 seconds, Stopping threads took: 0.0008957 seconds
[2023-11-05T16:05:13.426+0000][2447.991s][debug][safepoint     ] Safepoint synchronization initiated. (191 threads)
[2023-11-05T16:05:13.427+0000][2447.992s][info ][safepoint     ] Application time: 1.0010892 seconds
[2023-11-05T16:05:13.428+0000][2447.993s][info ][safepoint     ] Entering safepoint region: Cleanup
[2023-11-05T16:05:13.428+0000][2447.994s][info ][safepoint     ] Leaving safepoint region
[2023-11-05T16:05:13.429+0000][2447.994s][info ][safepoint     ] Total time for which application threads were stopped: 0.0017373 seconds, Stopping threads took: 0.0007019 seconds
[2023-11-05T16:05:14.430+0000][2448.995s][debug][safepoint     ] Safepoint synchronization initiated. (191 threads)
[2023-11-05T16:05:14.431+0000][2448.996s][info ][safepoint     ] Application time: 1.0012684 seconds
[2023-11-05T16:05:14.432+0000][2448.997s][info ][safepoint     ] Entering safepoint region: Cleanup
[2023-11-05T16:05:14.433+0000][2448.998s][info ][safepoint     ] Leaving safepoint region
[2023-11-05T16:05:14.433+0000][2448.998s][info ][safepoint     ] Total time for which application threads were stopped: 0.0011943 seconds, Stopping threads took: 0.0004831 seconds
[2023-11-05T16:05:15.434+0000][2449.999s][debug][safepoint     ] Safepoint synchronization initiated. (191 threads)
[2023-11-05T16:05:15.434+0000][2450.000s][info ][safepoint     ] Application time: 1.0009030 seconds
[2023-11-05T16:05:15.435+0000][2450.000s][info ][safepoint     ] Entering safepoint region: Cleanup
[2023-11-05T16:05:15.436+0000][2450.001s][info ][safepoint     ] Leaving safepoint region
[2023-11-05T16:05:15.437+0000][2450.002s][info ][safepoint     ] Total time for which application threads were stopped: 0.0013824 seconds, Stopping threads took: 0.0006510 seconds
[2023-11-05T16:05:16.438+0000][2451.003s][debug][safepoint     ] Safepoint synchronization initiated. (191 threads)
[2023-11-05T16:05:16.439+0000][2451.004s][info ][safepoint     ] Application time: 1.0017082 seconds
[2023-11-05T16:05:16.440+0000][2451.005s][info ][safepoint     ] Entering safepoint region: Cleanup
[2023-11-05T16:05:16.442+0000][2451.007s][info ][safepoint     ] Leaving safepoint region
[2023-11-05T16:05:16.443+0000][2451.008s][info ][safepoint     ] Total time for which application threads were stopped: 0.0025901 seconds, Stopping threads took: 0.0011310 seconds
[2023-11-05T16:05:17.444+0000][2452.009s][debug][safepoint     ] Safepoint synchronization initiated. (191 threads)
[2023-11-05T16:05:17.444+0000][2452.009s][info ][safepoint     ] Application time: 1.0008387 seconds
[2023-11-05T16:05:17.445+0000][2452.010s][info ][safepoint     ] Entering safepoint region: Cleanup
[2023-11-05T16:05:17.446+0000][2452.011s][info ][safepoint     ] Leaving safepoint region
[2023-11-05T16:05:17.446+0000][2452.011s][info ][safepoint     ] Total time for which application threads were stopped: 0.0013676 seconds, Stopping threads took: 0.0005544 seconds
[2023-11-05T16:05:18.447+0000][2453.012s][debug][safepoint     ] Safepoint synchronization initiated. (191 threads)
[2023-11-05T16:05:18.448+0000][2453.013s][info ][safepoint     ] Application time: 1.0009357 seconds
[2023-11-05T16:05:18.448+0000][2453.013s][info ][safepoint     ] Entering safepoint region: Cleanup
[2023-11-05T16:05:18.449+0000][2453.014s][info ][safepoint     ] Leaving safepoint region
[2023-11-05T16:05:18.449+0000][2453.015s][info ][safepoint     ] Total time for which application threads were stopped: 0.0012391 seconds, Stopping threads took: 0.0004706 seconds
[2023-11-05T16:05:19.450+0000][2454.015s][debug][safepoint     ] Safepoint synchronization initiated. (191 threads)
[2023-11-05T16:05:19.451+0000][2454.016s][info ][safepoint     ] Application time: 1.0007865 seconds
[2023-11-05T16:05:19.451+0000][2454.016s][info ][safepoint     ] Entering safepoint region: Cleanup
[2023-11-05T16:05:19.452+0000][2454.017s][info ][safepoint     ] Leaving safepoint region
[2023-11-05T16:05:19.452+0000][2454.017s][info ][safepoint     ] Total time for which application threads were stopped: 0.0011156 seconds, Stopping threads took: 0.0004305 seconds
[2023-11-05T16:05:20.453+0000][2455.018s][debug][safepoint     ] Safepoint synchronization initiated. (191 threads)
[2023-11-05T16:05:20.454+0000][2455.020s][info ][safepoint     ] Application time: 1.0016868 seconds
[2023-11-05T16:05:20.455+0000][2455.021s][info ][safepoint     ] Entering safepoint region: Cleanup
[2023-11-05T16:05:20.457+0000][2455.022s][info ][safepoint     ] Leaving safepoint region
[2023-11-05T16:05:20.458+0000][2455.023s][info ][safepoint     ] Total time for which application threads were stopped: 0.0023919 seconds, Stopping threads took: 0.0009773 seconds
[2023-11-05T16:05:21.459+0000][2456.024s][debug][safepoint     ] Safepoint synchronization initiated. (189 threads)
[2023-11-05T16:05:21.460+0000][2456.025s][info ][safepoint     ] Application time: 1.0015457 seconds
[2023-11-05T16:05:21.461+0000][2456.027s][info ][safepoint     ] Entering safepoint region: Cleanup
[2023-11-05T16:05:21.463+0000][2456.028s][info ][safepoint     ] Leaving safepoint region
[2023-11-05T16:05:21.464+0000][2456.029s][info ][safepoint     ] Total time for which application threads were stopped: 0.0025556 seconds, Stopping threads took: 0.0011414 seconds
[2023-11-05T16:05:22.465+0000][2457.030s][debug][safepoint     ] Safepoint synchronization initiated. (189 threads)
[2023-11-05T16:05:22.466+0000][2457.031s][info ][safepoint     ] Application time: 1.0015444 seconds
[2023-11-05T16:05:22.467+0000][2457.033s][info ][safepoint     ] Entering safepoint region: Cleanup
[2023-11-05T16:05:22.468+0000][2457.034s][info ][safepoint     ] Leaving safepoint region
[2023-11-05T16:05:22.469+0000][2457.035s][info ][safepoint     ] Total time for which application threads were stopped: 0.0020897 seconds, Stopping threads took: 0.0009796 seconds
[2023-11-05T16:05:23.470+0000][2458.036s][debug][safepoint     ] Safepoint synchronization initiated. (189 threads)
[2023-11-05T16:05:23.471+0000][2458.036s][info ][safepoint     ] Application time: 1.0010845 seconds
[2023-11-05T16:05:23.472+0000][2458.037s][info ][safepoint     ] Entering safepoint region: Cleanup
[2023-11-05T16:05:23.472+0000][2458.038s][info ][safepoint     ] Leaving safepoint region
[2023-11-05T16:05:23.473+0000][2458.038s][info ][safepoint     ] Total time for which application threads were stopped: 0.0012301 seconds, Stopping threads took: 0.0005860 seconds
[2023-11-05T16:05:24.476+0000][2459.039s][debug][safepoint     ] Safepoint synchronization initiated. (189 threads)
[2023-11-05T16:05:24.477+0000][2459.040s][info ][safepoint     ] Application time: 1.0009937 seconds
[2023-11-05T16:05:24.478+0000][2459.040s][info ][safepoint     ] Entering safepoint region: Cleanup
[2023-11-05T16:05:24.479+0000][2459.041s][info ][safepoint     ] Leaving safepoint region
[2023-11-05T16:05:24.479+0000][2459.042s][info ][safepoint     ] Total time for which application threads were stopped: 0.0014784 seconds, Stopping threads took: 0.0006259 seconds
[2023-11-05T16:05:25.480+0000][2460.043s][debug][safepoint     ] Safepoint synchronization initiated. (189 threads)
[2023-11-05T16:05:25.481+0000][2460.043s][info ][safepoint     ] Application time: 1.0009775 seconds
[2023-11-05T16:05:25.481+0000][2460.044s][info ][safepoint     ] Entering safepoint region: Cleanup
[2023-11-05T16:05:25.482+0000][2460.045s][info ][safepoint     ] Leaving safepoint region
[2023-11-05T16:05:25.483+0000][2460.045s][info ][safepoint     ] Total time for which application threads were stopped: 0.0012325 seconds, Stopping threads took: 0.0005922 seconds
[2023-11-05T16:05:26.483+0000][2461.046s][debug][safepoint     ] Safepoint synchronization initiated. (189 threads)
[2023-11-05T16:05:26.484+0000][2461.047s][info ][safepoint     ] Application time: 1.0011053 seconds
[2023-11-05T16:05:26.485+0000][2461.048s][info ][safepoint     ] Entering safepoint region: Cleanup
[2023-11-05T16:05:26.486+0000][2461.049s][info ][safepoint     ] Leaving safepoint region
[2023-11-05T16:05:26.486+0000][2461.049s][info ][safepoint     ] Total time for which application threads were stopped: 0.0015898 seconds, Stopping threads took: 0.0007558 seconds
[2023-11-05T16:05:27.487+0000][2462.050s][debug][safepoint     ] Safepoint synchronization initiated. (190 threads)
[2023-11-05T16:05:27.488+0000][2462.050s][info ][safepoint     ] Application time: 1.0005811 seconds
[2023-11-05T16:05:27.488+0000][2462.051s][info ][safepoint     ] Entering safepoint region: Cleanup
[2023-11-05T16:05:27.489+0000][2462.052s][info ][safepoint     ] Leaving safepoint region
[2023-11-05T16:05:27.489+0000][2462.052s][info ][safepoint     ] Total time for which application threads were stopped: 0.0013685 seconds, Stopping threads took: 0.0005043 seconds
[2023-11-05T16:05:28.490+0000][2463.053s][debug][safepoint     ] Safepoint synchronization initiated. (190 threads)
[2023-11-05T16:05:28.490+0000][2463.053s][info ][safepoint     ] Application time: 1.0005112 seconds
[2023-11-05T16:05:28.491+0000][2463.053s][info ][safepoint     ] Entering safepoint region: Cleanup
[2023-11-05T16:05:28.491+0000][2463.054s][info ][safepoint     ] Leaving safepoint region
[2023-11-05T16:05:28.491+0000][2463.054s][info ][safepoint     ] Total time for which application threads were stopped: 0.0007737 seconds, Stopping threads took: 0.0003270 seconds
[2023-11-05T16:05:29.492+0000][2464.055s][debug][safepoint     ] Safepoint synchronization initiated. (190 threads)
[2023-11-05T16:05:29.492+0000][2464.055s][info ][safepoint     ] Application time: 1.0006065 seconds
[2023-11-05T16:05:29.493+0000][2464.055s][info ][safepoint     ] Entering safepoint region: Cleanup
[2023-11-05T16:05:29.493+0000][2464.056s][info ][safepoint     ] Leaving safepoint region
[2023-11-05T16:05:29.494+0000][2464.057s][info ][safepoint     ] Total time for which application threads were stopped: 0.0010814 seconds, Stopping threads took: 0.0004786 seconds
[2023-11-05T16:05:30.494+0000][2465.057s][debug][safepoint     ] Safepoint synchronization initiated. (191 threads)
[2023-11-05T16:05:30.495+0000][2465.057s][info ][safepoint     ] Application time: 1.0005325 seconds
[2023-11-05T16:05:30.495+0000][2465.058s][info ][safepoint     ] Entering safepoint region: Cleanup
[2023-11-05T16:05:30.496+0000][2465.058s][info ][safepoint     ] Leaving safepoint region
[2023-11-05T16:05:30.496+0000][2465.059s][info ][safepoint     ] Total time for which application threads were stopped: 0.0011935 seconds, Stopping threads took: 0.0003748 seconds
[2023-11-05T16:05:31.497+0000][2466.060s][debug][safepoint     ] Safepoint synchronization initiated. (191 threads)
[2023-11-05T16:05:31.498+0000][2466.060s][info ][safepoint     ] Application time: 1.0009957 seconds
[2023-11-05T16:05:31.498+0000][2466.061s][debug][safepoint     ] Waiting for 1 thread(s) to block
[2023-11-05T16:05:31.499+0000][2466.062s][info ][safepoint     ] Entering safepoint region: Cleanup
[2023-11-05T16:05:31.500+0000][2466.063s][info ][safepoint     ] Leaving safepoint region
[2023-11-05T16:05:31.502+0000][2466.065s][info ][safepoint     ] Total time for which application threads were stopped: 0.0035532 seconds, Stopping threads took: 0.0013144 seconds
[2023-11-05T16:05:32.504+0000][2467.067s][debug][safepoint     ] Safepoint synchronization initiated. (191 threads)
[2023-11-05T16:05:32.506+0000][2467.069s][info ][safepoint     ] Application time: 1.0023609 seconds
[2023-11-05T16:05:32.507+0000][2467.069s][info ][safepoint     ] Entering safepoint region: Cleanup
[2023-11-05T16:05:32.508+0000][2467.071s][info ][safepoint     ] Leaving safepoint region
[2023-11-05T16:05:32.508+0000][2467.071s][info ][safepoint     ] Total time for which application threads were stopped: 0.0017145 seconds, Stopping threads took: 0.0006373 seconds
[2023-11-05T16:05:33.509+0000][2468.072s][debug][safepoint     ] Safepoint synchronization initiated. (191 threads)
[2023-11-05T16:05:33.510+0000][2468.073s][info ][safepoint     ] Application time: 1.0014419 seconds
[2023-11-05T16:05:33.512+0000][2468.074s][info ][safepoint     ] Entering safepoint region: Cleanup
[2023-11-05T16:05:33.513+0000][2468.075s][info ][safepoint     ] Leaving safepoint region
[2023-11-05T16:05:33.514+0000][2468.076s][info ][safepoint     ] Total time for which application threads were stopped: 0.0022034 seconds, Stopping threads took: 0.0009570 seconds
[2023-11-05T16:05:34.515+0000][2469.078s][debug][safepoint     ] Safepoint synchronization initiated. (191 threads)
[2023-11-05T16:05:34.516+0000][2469.079s][info ][safepoint     ] Application time: 1.0013330 seconds
[2023-11-05T16:05:34.517+0000][2469.080s][info ][safepoint     ] Entering safepoint region: Cleanup
[2023-11-05T16:05:34.518+0000][2469.081s][info ][safepoint     ] Leaving safepoint region
[2023-11-05T16:05:34.519+0000][2469.082s][info ][safepoint     ] Total time for which application threads were stopped: 0.0022632 seconds, Stopping threads took: 0.0009349 seconds
[2023-11-05T16:05:35.520+0000][2470.083s][debug][safepoint     ] Safepoint synchronization initiated. (191 threads)
[2023-11-05T16:05:35.522+0000][2470.084s][info ][safepoint     ] Application time: 1.0016293 seconds
[2023-11-05T16:05:35.523+0000][2470.085s][info ][safepoint     ] Entering safepoint region: Cleanup
[2023-11-05T16:05:35.524+0000][2470.087s][info ][safepoint     ] Leaving safepoint region
[2023-11-05T16:05:35.525+0000][2470.088s][info ][safepoint     ] Total time for which application threads were stopped: 0.0024980 seconds, Stopping threads took: 0.0011502 seconds
[2023-11-05T16:05:36.526+0000][2471.089s][debug][safepoint     ] Safepoint synchronization initiated. (191 threads)
[2023-11-05T16:05:36.527+0000][2471.090s][info ][safepoint     ] Application time: 1.0009658 seconds
[2023-11-05T16:05:36.528+0000][2471.090s][info ][safepoint     ] Entering safepoint region: Cleanup
[2023-11-05T16:05:36.528+0000][2471.091s][info ][safepoint     ] Leaving safepoint region
[2023-11-05T16:05:36.529+0000][2471.092s][info ][safepoint     ] Total time for which application threads were stopped: 0.0011448 seconds, Stopping threads took: 0.0004696 seconds
[2023-11-05T16:05:37.529+0000][2472.092s][debug][safepoint     ] Safepoint synchronization initiated. (191 threads)
[2023-11-05T16:05:37.530+0000][2472.093s][info ][safepoint     ] Application time: 1.0006578 seconds
[2023-11-05T16:05:37.530+0000][2472.093s][info ][safepoint     ] Entering safepoint region: Cleanup
[2023-11-05T16:05:37.531+0000][2472.094s][info ][safepoint     ] Leaving safepoint region
[2023-11-05T16:05:37.531+0000][2472.094s][info ][safepoint     ] Total time for which application threads were stopped: 0.0010874 seconds, Stopping threads took: 0.0004343 seconds
[2023-11-05T16:05:38.532+0000][2473.095s][debug][safepoint     ] Safepoint synchronization initiated. (191 threads)
[2023-11-05T16:05:38.533+0000][2473.096s][info ][safepoint     ] Application time: 1.0006823 seconds
[2023-11-05T16:05:38.534+0000][2473.096s][info ][safepoint     ] Entering safepoint region: Cleanup
[2023-11-05T16:05:38.534+0000][2473.097s][info ][safepoint     ] Leaving safepoint region
[2023-11-05T16:05:38.535+0000][2473.098s][info ][safepoint     ] Total time for which application threads were stopped: 0.0015685 seconds, Stopping threads took: 0.0006022 seconds
[2023-11-05T16:05:39.536+0000][2474.099s][debug][safepoint     ] Safepoint synchronization initiated. (191 threads)
[2023-11-05T16:05:39.537+0000][2474.099s][info ][safepoint     ] Application time: 1.0007892 seconds
[2023-11-05T16:05:39.537+0000][2474.100s][info ][safepoint     ] Entering safepoint region: Cleanup
[2023-11-05T16:05:39.538+0000][2474.100s][info ][safepoint     ] Leaving safepoint region
[2023-11-05T16:05:39.538+0000][2474.101s][info ][safepoint     ] Total time for which application threads were stopped: 0.0009007 seconds, Stopping threads took: 0.0003277 seconds
[2023-11-05T16:05:40.539+0000][2475.101s][debug][safepoint     ] Safepoint synchronization initiated. (191 threads)
[2023-11-05T16:05:40.540+0000][2475.102s][info ][safepoint     ] Application time: 1.0012665 seconds
[2023-11-05T16:05:40.541+0000][2475.103s][info ][safepoint     ] Entering safepoint region: Cleanup
[2023-11-05T16:05:40.542+0000][2475.104s][info ][safepoint     ] Leaving safepoint region
[2023-11-05T16:05:40.542+0000][2475.105s][info ][safepoint     ] Total time for which application threads were stopped: 0.0019458 seconds, Stopping threads took: 0.0008542 seconds
[2023-11-05T16:05:41.544+0000][2476.106s][debug][safepoint     ] Safepoint synchronization initiated. (191 threads)
[2023-11-05T16:05:41.545+0000][2476.107s][info ][safepoint     ] Application time: 1.0013539 seconds
[2023-11-05T16:05:41.546+0000][2476.109s][info ][safepoint     ] Entering safepoint region: Cleanup
[2023-11-05T16:05:41.547+0000][2476.110s][info ][safepoint     ] Leaving safepoint region
[2023-11-05T16:05:41.548+0000][2476.111s][info ][safepoint     ] Total time for which application threads were stopped: 0.0025692 seconds, Stopping threads took: 0.0012335 seconds
[2023-11-05T16:05:42.549+0000][2477.112s][debug][safepoint     ] Safepoint synchronization initiated. (191 threads)
[2023-11-05T16:05:42.550+0000][2477.113s][info ][safepoint     ] Application time: 1.0008656 seconds
[2023-11-05T16:05:42.551+0000][2477.113s][info ][safepoint     ] Entering safepoint region: Cleanup
[2023-11-05T16:05:42.552+0000][2477.114s][info ][safepoint     ] Leaving safepoint region
[2023-11-05T16:05:42.552+0000][2477.115s][info ][safepoint     ] Total time for which application threads were stopped: 0.0014584 seconds, Stopping threads took: 0.0006830 seconds
[2023-11-05T16:05:43.553+0000][2478.116s][debug][safepoint     ] Safepoint synchronization initiated. (191 threads)
[2023-11-05T16:05:43.554+0000][2478.117s][info ][safepoint     ] Application time: 1.0010234 seconds
[2023-11-05T16:05:43.554+0000][2478.117s][info ][safepoint     ] Entering safepoint region: Cleanup
[2023-11-05T16:05:43.555+0000][2478.118s][info ][safepoint     ] Leaving safepoint region
[2023-11-05T16:05:43.556+0000][2478.118s][info ][safepoint     ] Total time for which application threads were stopped: 0.0014089 seconds, Stopping threads took: 0.0006532 seconds
[2023-11-05T16:05:44.556+0000][2479.119s][debug][safepoint     ] Safepoint synchronization initiated. (191 threads)
[2023-11-05T16:05:44.557+0000][2479.120s][info ][safepoint     ] Application time: 1.0007909 seconds
[2023-11-05T16:05:44.558+0000][2479.120s][info ][safepoint     ] Entering safepoint region: Cleanup
[2023-11-05T16:05:44.558+0000][2479.121s][info ][safepoint     ] Leaving safepoint region
[2023-11-05T16:05:44.559+0000][2479.121s][info ][safepoint     ] Total time for which application threads were stopped: 0.0012553 seconds, Stopping threads took: 0.0005955 seconds
[2023-11-05T16:05:45.559+0000][2480.122s][debug][safepoint     ] Safepoint synchronization initiated. (191 threads)
[2023-11-05T16:05:45.561+0000][2480.124s][info ][safepoint     ] Application time: 1.0016558 seconds
[2023-11-05T16:05:45.562+0000][2480.125s][info ][safepoint     ] Entering safepoint region: Cleanup
[2023-11-05T16:05:45.564+0000][2480.126s][info ][safepoint     ] Leaving safepoint region
[2023-11-05T16:05:45.564+0000][2480.127s][info ][safepoint     ] Total time for which application threads were stopped: 0.0024540 seconds, Stopping threads took: 0.0011381 seconds
[2023-11-05T16:05:46.566+0000][2481.128s][debug][safepoint     ] Safepoint synchronization initiated. (191 threads)
[2023-11-05T16:05:46.566+0000][2481.129s][info ][safepoint     ] Application time: 1.0009466 seconds
[2023-11-05T16:05:46.567+0000][2481.130s][info ][safepoint     ] Entering safepoint region: Cleanup
[2023-11-05T16:05:46.568+0000][2481.130s][info ][safepoint     ] Leaving safepoint region
[2023-11-05T16:05:46.568+0000][2481.131s][info ][safepoint     ] Total time for which application threads were stopped: 0.0013799 seconds, Stopping threads took: 0.0005612 seconds
[2023-11-05T16:05:47.569+0000][2482.132s][debug][safepoint     ] Safepoint synchronization initiated. (191 threads)
[2023-11-05T16:05:47.570+0000][2482.133s][info ][safepoint     ] Application time: 1.0013096 seconds
[2023-11-05T16:05:47.571+0000][2482.134s][info ][safepoint     ] Entering safepoint region: Cleanup
[2023-11-05T16:05:47.572+0000][2482.135s][info ][safepoint     ] Leaving safepoint region
[2023-11-05T16:05:47.574+0000][2482.136s][info ][safepoint     ] Total time for which application threads were stopped: 0.0025708 seconds, Stopping threads took: 0.0010667 seconds
[2023-11-05T16:05:48.575+0000][2483.137s][debug][safepoint     ] Safepoint synchronization initiated. (191 threads)
[2023-11-05T16:05:48.575+0000][2483.138s][info ][safepoint     ] Application time: 1.0008419 seconds
[2023-11-05T16:05:48.576+0000][2483.138s][info ][safepoint     ] Entering safepoint region: Cleanup
[2023-11-05T16:05:48.576+0000][2483.139s][info ][safepoint     ] Leaving safepoint region
[2023-11-05T16:05:48.577+0000][2483.140s][info ][safepoint     ] Total time for which application threads were stopped: 0.0013289 seconds, Stopping threads took: 0.0006099 seconds
[2023-11-05T16:05:49.578+0000][2484.140s][debug][safepoint     ] Safepoint synchronization initiated. (191 threads)
[2023-11-05T16:05:49.579+0000][2484.142s][info ][safepoint     ] Application time: 1.0015364 seconds
[2023-11-05T16:05:49.580+0000][2484.143s][info ][safepoint     ] Entering safepoint region: Cleanup
[2023-11-05T16:05:49.582+0000][2484.144s][info ][safepoint     ] Leaving safepoint region
[2023-11-05T16:05:49.583+0000][2484.145s][info ][safepoint     ] Total time for which application threads were stopped: 0.0025473 seconds, Stopping threads took: 0.0010901 seconds
[2023-11-05T16:05:50.583+0000][2485.146s][debug][safepoint     ] Safepoint synchronization initiated. (191 threads)
[2023-11-05T16:05:50.584+0000][2485.147s][info ][safepoint     ] Application time: 1.0011415 seconds
[2023-11-05T16:05:50.586+0000][2485.148s][info ][safepoint     ] Entering safepoint region: Cleanup
[2023-11-05T16:05:50.587+0000][2485.150s][info ][safepoint     ] Leaving safepoint region
[2023-11-05T16:05:50.588+0000][2485.151s][info ][safepoint     ] Total time for which application threads were stopped: 0.0023882 seconds, Stopping threads took: 0.0009467 seconds
[2023-11-05T16:05:51.589+0000][2486.152s][debug][safepoint     ] Safepoint synchronization initiated. (191 threads)
[2023-11-05T16:05:51.591+0000][2486.153s][info ][safepoint     ] Application time: 1.0016332 seconds
[2023-11-05T16:05:51.592+0000][2486.154s][info ][safepoint     ] Entering safepoint region: Cleanup
[2023-11-05T16:05:51.593+0000][2486.156s][info ][safepoint     ] Leaving safepoint region
[2023-11-05T16:05:51.594+0000][2486.156s][info ][safepoint     ] Total time for which application threads were stopped: 0.0021085 seconds, Stopping threads took: 0.0008162 seconds
[2023-11-05T16:05:52.595+0000][2487.158s][debug][safepoint     ] Safepoint synchronization initiated. (191 threads)
[2023-11-05T16:05:52.596+0000][2487.158s][info ][safepoint     ] Application time: 1.0010055 seconds
[2023-11-05T16:05:52.596+0000][2487.159s][info ][safepoint     ] Entering safepoint region: Cleanup
[2023-11-05T16:05:52.597+0000][2487.160s][info ][safepoint     ] Leaving safepoint region
[2023-11-05T16:05:52.597+0000][2487.160s][info ][safepoint     ] Total time for which application threads were stopped: 0.0013123 seconds, Stopping threads took: 0.0005694 seconds
[2023-11-05T16:05:53.598+0000][2488.161s][debug][safepoint     ] Safepoint synchronization initiated. (191 threads)
[2023-11-05T16:05:53.599+0000][2488.161s][info ][safepoint     ] Application time: 1.0005614 seconds
[2023-11-05T16:05:53.599+0000][2488.162s][info ][safepoint     ] Entering safepoint region: Cleanup
[2023-11-05T16:05:53.599+0000][2488.162s][info ][safepoint     ] Leaving safepoint region
[2023-11-05T16:05:53.600+0000][2488.163s][info ][safepoint     ] Total time for which application threads were stopped: 0.0009501 seconds, Stopping threads took: 0.0003434 seconds
[2023-11-05T16:05:54.601+0000][2489.163s][debug][safepoint     ] Safepoint synchronization initiated. (191 threads)
[2023-11-05T16:05:54.601+0000][2489.163s][info ][safepoint     ] Application time: 1.0004797 seconds
[2023-11-05T16:05:54.602+0000][2489.164s][info ][safepoint     ] Entering safepoint region: Cleanup
[2023-11-05T16:05:54.602+0000][2489.164s][info ][safepoint     ] Leaving safepoint region
[2023-11-05T16:05:54.602+0000][2489.164s][info ][safepoint     ] Total time for which application threads were stopped: 0.0007589 seconds, Stopping threads took: 0.0003276 seconds
[2023-11-05T16:05:55.603+0000][2490.165s][debug][safepoint     ] Safepoint synchronization initiated. (191 threads)
[2023-11-05T16:05:55.603+0000][2490.165s][info ][safepoint     ] Application time: 1.0007022 seconds
[2023-11-05T16:05:55.604+0000][2490.166s][info ][safepoint     ] Entering safepoint region: Cleanup
[2023-11-05T16:05:55.604+0000][2490.167s][info ][safepoint     ] Leaving safepoint region
[2023-11-05T16:05:55.605+0000][2490.167s][info ][safepoint     ] Total time for which application threads were stopped: 0.0011712 seconds, Stopping threads took: 0.0004504 seconds
[2023-11-05T16:05:56.605+0000][2491.168s][debug][safepoint     ] Safepoint synchronization initiated. (191 threads)
[2023-11-05T16:05:56.606+0000][2491.168s][info ][safepoint     ] Application time: 1.0008057 seconds
[2023-11-05T16:05:56.607+0000][2491.169s][info ][safepoint     ] Entering safepoint region: Cleanup
[2023-11-05T16:05:56.609+0000][2491.171s][info ][safepoint     ] Leaving safepoint region
[2023-11-05T16:05:56.610+0000][2491.172s][info ][safepoint     ] Total time for which application threads were stopped: 0.0032246 seconds, Stopping threads took: 0.0014040 seconds
[2023-11-05T16:05:57.611+0000][2492.174s][debug][safepoint     ] Safepoint synchronization initiated. (191 threads)
[2023-11-05T16:05:57.612+0000][2492.174s][info ][safepoint     ] Application time: 1.0013176 seconds
[2023-11-05T16:05:57.613+0000][2492.175s][info ][safepoint     ] Entering safepoint region: Cleanup
[2023-11-05T16:05:57.614+0000][2492.176s][info ][safepoint     ] Leaving safepoint region
[2023-11-05T16:05:57.615+0000][2492.177s][info ][safepoint     ] Total time for which application threads were stopped: 0.0016594 seconds, Stopping threads took: 0.0006311 seconds
[2023-11-05T16:05:58.616+0000][2493.178s][debug][safepoint     ] Safepoint synchronization initiated. (191 threads)
[2023-11-05T16:05:58.617+0000][2493.179s][info ][safepoint     ] Application time: 1.0010940 seconds
[2023-11-05T16:05:58.618+0000][2493.180s][info ][safepoint     ] Entering safepoint region: Cleanup
[2023-11-05T16:05:58.619+0000][2493.181s][info ][safepoint     ] Leaving safepoint region
[2023-11-05T16:05:58.619+0000][2493.182s][info ][safepoint     ] Total time for which application threads were stopped: 0.0014733 seconds, Stopping threads took: 0.0007380 seconds
[2023-11-05T16:05:59.620+0000][2494.182s][debug][safepoint     ] Safepoint synchronization initiated. (191 threads)
[2023-11-05T16:05:59.621+0000][2494.183s][info ][safepoint     ] Application time: 1.0009032 seconds
[2023-11-05T16:05:59.621+0000][2494.184s][info ][safepoint     ] Entering safepoint region: Cleanup
[2023-11-05T16:05:59.622+0000][2494.184s][info ][safepoint     ] Leaving safepoint region
[2023-11-05T16:05:59.622+0000][2494.184s][info ][safepoint     ] Total time for which application threads were stopped: 0.0009709 seconds, Stopping threads took: 0.0004209 seconds
[2023-11-05T16:06:00.623+0000][2495.185s][debug][safepoint     ] Safepoint synchronization initiated. (191 threads)
[2023-11-05T16:06:00.623+0000][2495.186s][info ][safepoint     ] Application time: 1.0007107 seconds
[2023-11-05T16:06:00.624+0000][2495.186s][info ][safepoint     ] Entering safepoint region: Cleanup
[2023-11-05T16:06:00.625+0000][2495.187s][info ][safepoint     ] Leaving safepoint region
[2023-11-05T16:06:00.625+0000][2495.187s][info ][safepoint     ] Total time for which application threads were stopped: 0.0013189 seconds, Stopping threads took: 0.0005561 seconds
[2023-11-05T16:06:01.626+0000][2496.188s][debug][safepoint     ] Safepoint synchronization initiated. (191 threads)
[2023-11-05T16:06:01.627+0000][2496.189s][info ][safepoint     ] Application time: 1.0006985 seconds
[2023-11-05T16:06:01.627+0000][2496.189s][info ][safepoint     ] Entering safepoint region: Cleanup
[2023-11-05T16:06:01.628+0000][2496.190s][info ][safepoint     ] Leaving safepoint region
[2023-11-05T16:06:01.628+0000][2496.191s][info ][safepoint     ] Total time for which application threads were stopped: 0.0014312 seconds, Stopping threads took: 0.0008285 seconds
[2023-11-05T16:06:02.629+0000][2497.191s][debug][safepoint     ] Safepoint synchronization initiated. (191 threads)
[2023-11-05T16:06:02.629+0000][2497.192s][info ][safepoint     ] Application time: 1.0005898 seconds
[2023-11-05T16:06:02.630+0000][2497.192s][info ][safepoint     ] Entering safepoint region: Cleanup
[2023-11-05T16:06:02.630+0000][2497.192s][info ][safepoint     ] Leaving safepoint region
[2023-11-05T16:06:02.631+0000][2497.193s][info ][safepoint     ] Total time for which application threads were stopped: 0.0008927 seconds, Stopping threads took: 0.0003774 seconds
[2023-11-05T16:06:03.631+0000][2498.193s][debug][safepoint     ] Safepoint synchronization initiated. (191 threads)
[2023-11-05T16:06:03.632+0000][2498.194s][info ][safepoint     ] Application time: 1.0009631 seconds
[2023-11-05T16:06:03.633+0000][2498.195s][info ][safepoint     ] Entering safepoint region: Cleanup
[2023-11-05T16:06:03.633+0000][2498.195s][info ][safepoint     ] Leaving safepoint region
[2023-11-05T16:06:03.634+0000][2498.196s][info ][safepoint     ] Total time for which application threads were stopped: 0.0014146 seconds, Stopping threads took: 0.0006100 seconds
[2023-11-05T16:06:04.634+0000][2499.197s][debug][safepoint     ] Safepoint synchronization initiated. (191 threads)
[2023-11-05T16:06:04.635+0000][2499.197s][info ][safepoint     ] Application time: 1.0008069 seconds
[2023-11-05T16:06:04.636+0000][2499.198s][info ][safepoint     ] Entering safepoint region: Cleanup
[2023-11-05T16:06:04.636+0000][2499.198s][info ][safepoint     ] Leaving safepoint region
[2023-11-05T16:06:04.636+0000][2499.199s][info ][safepoint     ] Total time for which application threads were stopped: 0.0009234 seconds, Stopping threads took: 0.0003608 seconds
[2023-11-05T16:06:05.637+0000][2500.199s][debug][safepoint     ] Safepoint synchronization initiated. (191 threads)
[2023-11-05T16:06:05.637+0000][2500.199s][info ][safepoint     ] Application time: 1.0005432 seconds
[2023-11-05T16:06:05.638+0000][2500.200s][info ][safepoint     ] Entering safepoint region: Cleanup
[2023-11-05T16:06:05.638+0000][2500.200s][info ][safepoint     ] Leaving safepoint region
[2023-11-05T16:06:05.638+0000][2500.201s][info ][safepoint     ] Total time for which application threads were stopped: 0.0008622 seconds, Stopping threads took: 0.0003666 seconds
[2023-11-05T16:06:06.639+0000][2501.201s][debug][safepoint     ] Safepoint synchronization initiated. (191 threads)
[2023-11-05T16:06:06.639+0000][2501.202s][info ][safepoint     ] Application time: 1.0006880 seconds
[2023-11-05T16:06:06.640+0000][2501.202s][info ][safepoint     ] Entering safepoint region: Cleanup
[2023-11-05T16:06:06.641+0000][2501.203s][info ][safepoint     ] Leaving safepoint region
[2023-11-05T16:06:06.641+0000][2501.203s][info ][safepoint     ] Total time for which application threads were stopped: 0.0010759 seconds, Stopping threads took: 0.0004901 seconds
[2023-11-05T16:06:07.642+0000][2502.204s][debug][safepoint     ] Safepoint synchronization initiated. (191 threads)
[2023-11-05T16:06:07.642+0000][2502.204s][info ][safepoint     ] Application time: 1.0005777 seconds
[2023-11-05T16:06:07.642+0000][2502.205s][info ][safepoint     ] Entering safepoint region: Cleanup
[2023-11-05T16:06:07.643+0000][2502.205s][info ][safepoint     ] Leaving safepoint region
[2023-11-05T16:06:07.644+0000][2502.206s][info ][safepoint     ] Total time for which application threads were stopped: 0.0011603 seconds, Stopping threads took: 0.0005531 seconds
[2023-11-05T16:06:07.698+0000][2502.260s][debug][safepoint     ] Safepoint synchronization initiated. (191 threads)
[2023-11-05T16:06:07.699+0000][2502.261s][info ][safepoint     ] Application time: 0.0547394 seconds
[2023-11-05T16:06:07.699+0000][2502.262s][info ][safepoint     ] Entering safepoint region: G1CollectForAllocation
[2023-11-05T16:06:07.700+0000][2502.262s][info ][gc,start      ] GC(106) Pause Young (Concurrent Start) (G1 Evacuation Pause)
[2023-11-05T16:06:07.701+0000][2502.263s][info ][gc,task       ] GC(106) Using 8 workers of 8 for evacuation
[2023-11-05T16:06:07.707+0000][2502.269s][info ][gc,phases     ] GC(106)   Pre Evacuate Collection Set: 0.5ms
[2023-11-05T16:06:07.707+0000][2502.269s][info ][gc,phases     ] GC(106)   Evacuate Collection Set: 2.8ms
[2023-11-05T16:06:07.708+0000][2502.270s][info ][gc,phases     ] GC(106)   Post Evacuate Collection Set: 2.1ms
[2023-11-05T16:06:07.708+0000][2502.271s][info ][gc,phases     ] GC(106)   Other: 1.2ms
[2023-11-05T16:06:07.709+0000][2502.271s][info ][gc,heap       ] GC(106) Eden regions: 123->0(125)
[2023-11-05T16:06:07.709+0000][2502.272s][info ][gc,heap       ] GC(106) Survivor regions: 2->2(16)
[2023-11-05T16:06:07.710+0000][2502.272s][info ][gc,heap       ] GC(106) Old regions: 140->140
[2023-11-05T16:06:07.711+0000][2502.273s][info ][gc,heap       ] GC(106) Humongous regions: 60->60
[2023-11-05T16:06:07.711+0000][2502.273s][info ][gc,metaspace  ] GC(106) Metaspace: 168307K(175676K)->168307K(175676K) NonClass: 149067K(153960K)->149067K(153960K) Class: 19240K(21716K)->19240K(21716K)
[2023-11-05T16:06:07.712+0000][2502.274s][info ][gc            ] GC(106) Pause Young (Concurrent Start) (G1 Evacuation Pause) 322M->199M(381M) 11.703ms
[2023-11-05T16:06:07.712+0000][2502.274s][info ][gc,cpu        ] GC(106) User=0.03s Sys=0.00s Real=0.01s
[2023-11-05T16:06:07.713+0000][2502.275s][info ][gc            ] GC(107) Concurrent Cycle
[2023-11-05T16:06:07.713+0000][2502.275s][info ][gc,marking    ] GC(107) Concurrent Clear Claimed Marks
[2023-11-05T16:06:07.713+0000][2502.275s][debug][safepoint     ] ... found polling page return exception at pc = 0x00007f808d32eb44, stub =0x00007f8084840600
[2023-11-05T16:06:07.713+0000][2502.275s][debug][safepoint     ] ... found polling page return exception at pc = 0x00007f808d32eb44, stub =0x00007f8084840600
[2023-11-05T16:06:07.713+0000][2502.275s][info ][safepoint     ] Leaving safepoint region
[2023-11-05T16:06:07.715+0000][2502.277s][info ][safepoint     ] Total time for which application threads were stopped: 0.0160036 seconds, Stopping threads took: 0.0004772 seconds
[2023-11-05T16:06:07.713+0000][2502.275s][debug][safepoint     ] ... found polling page return exception at pc = 0x00007f808d32eb44, stub =0x00007f8084840600
[2023-11-05T16:06:07.714+0000][2502.276s][info ][gc,marking    ] GC(107) Concurrent Clear Claimed Marks 1.028ms
[2023-11-05T16:06:07.717+0000][2502.279s][info ][gc,marking    ] GC(107) Concurrent Scan Root Regions
[2023-11-05T16:06:07.716+0000][2502.278s][info ][gc,stringdedup] Concurrent String Deduplication (2502.278s)
[2023-11-05T16:06:07.713+0000][2502.275s][debug][safepoint     ] ... found polling page return exception at pc = 0x00007f808d32eb44, stub =0x00007f8084840600
[2023-11-05T16:06:07.717+0000][2502.280s][info ][gc,stringdedup] Concurrent String Deduplication 112.0B->48.0B(64.0B) avg 54.4% (2502.278s, 2502.280s) 1.533ms
[2023-11-05T16:06:07.720+0000][2502.282s][info ][gc,marking    ] GC(107) Concurrent Scan Root Regions 3.002ms
[2023-11-05T16:06:07.720+0000][2502.282s][info ][gc,marking    ] GC(107) Concurrent Mark (2502.282s)
[2023-11-05T16:06:07.721+0000][2502.283s][info ][gc,marking    ] GC(107) Concurrent Mark From Roots
[2023-11-05T16:06:07.721+0000][2502.283s][info ][gc,task       ] GC(107) Using 2 workers of 2 for marking
[2023-11-05T16:06:07.831+0000][2502.393s][info ][gc,marking    ] GC(107) Concurrent Mark From Roots 110.352ms
[2023-11-05T16:06:07.832+0000][2502.394s][info ][gc,marking    ] GC(107) Concurrent Preclean
[2023-11-05T16:06:07.832+0000][2502.394s][info ][gc,marking    ] GC(107) Concurrent Preclean 0.743ms
[2023-11-05T16:06:07.833+0000][2502.395s][info ][gc,marking    ] GC(107) Concurrent Mark (2502.282s, 2502.395s) 112.604ms
[2023-11-05T16:06:07.833+0000][2502.395s][debug][safepoint     ] Safepoint synchronization initiated. (191 threads)
[2023-11-05T16:06:07.834+0000][2502.396s][info ][safepoint     ] Application time: 0.1178926 seconds
[2023-11-05T16:06:07.834+0000][2502.396s][info ][safepoint     ] Entering safepoint region: CGC_Operation
[2023-11-05T16:06:07.835+0000][2502.397s][info ][gc,start      ] GC(107) Pause Remark
[2023-11-05T16:06:07.856+0000][2502.418s][info ][gc,stringtable] GC(107) Cleaned string and symbol table, strings: 71881 processed, 36 removed, symbols: 409725 processed, 0 removed
[2023-11-05T16:06:07.857+0000][2502.419s][info ][gc            ] GC(107) Pause Remark 202M->202M(381M) 22.143ms
[2023-11-05T16:06:07.858+0000][2502.420s][info ][gc,cpu        ] GC(107) User=0.15s Sys=0.00s Real=0.03s
[2023-11-05T16:06:07.858+0000][2502.420s][info ][safepoint     ] Leaving safepoint region
[2023-11-05T16:06:07.858+0000][2502.420s][info ][safepoint     ] Total time for which application threads were stopped: 0.0241602 seconds, Stopping threads took: 0.0004598 seconds
[2023-11-05T16:06:07.859+0000][2502.421s][info ][gc,marking    ] GC(107) Concurrent Rebuild Remembered Sets
[2023-11-05T16:06:07.949+0000][2502.511s][info ][gc,marking    ] GC(107) Concurrent Rebuild Remembered Sets 90.251ms
[2023-11-05T16:06:07.950+0000][2502.512s][debug][safepoint     ] Safepoint synchronization initiated. (191 threads)
[2023-11-05T16:06:07.951+0000][2502.513s][info ][safepoint     ] Application time: 0.0918648 seconds
[2023-11-05T16:06:07.951+0000][2502.513s][info ][safepoint     ] Entering safepoint region: CGC_Operation
[2023-11-05T16:06:07.952+0000][2502.514s][info ][gc,start      ] GC(107) Pause Cleanup
[2023-11-05T16:06:07.953+0000][2502.515s][info ][gc            ] GC(107) Pause Cleanup 202M->202M(381M) 0.912ms
[2023-11-05T16:06:07.954+0000][2502.516s][info ][gc,cpu        ] GC(107) User=0.00s Sys=0.00s Real=0.00s
[2023-11-05T16:06:07.954+0000][2502.516s][info ][safepoint     ] Leaving safepoint region
[2023-11-05T16:06:07.955+0000][2502.517s][info ][safepoint     ] Total time for which application threads were stopped: 0.0037398 seconds, Stopping threads took: 0.0006001 seconds
[2023-11-05T16:06:07.956+0000][2502.518s][info ][gc,marking    ] GC(107) Concurrent Cleanup for Next Mark
[2023-11-05T16:06:07.959+0000][2502.521s][info ][gc,marking    ] GC(107) Concurrent Cleanup for Next Mark 3.497ms
[2023-11-05T16:06:07.959+0000][2502.522s][info ][gc            ] GC(107) Concurrent Cycle 246.628ms
[2023-11-05T16:06:08.956+0000][2503.518s][debug][safepoint     ] Safepoint synchronization initiated. (191 threads)
[2023-11-05T16:06:08.956+0000][2503.518s][info ][safepoint     ] Application time: 1.0008233 seconds
[2023-11-05T16:06:08.957+0000][2503.519s][info ][safepoint     ] Entering safepoint region: Cleanup
[2023-11-05T16:06:08.958+0000][2503.520s][info ][safepoint     ] Leaving safepoint region
[2023-11-05T16:06:08.958+0000][2503.520s][info ][safepoint     ] Total time for which application threads were stopped: 0.0011745 seconds, Stopping threads took: 0.0004809 seconds
[2023-11-05T16:06:09.959+0000][2504.521s][debug][safepoint     ] Safepoint synchronization initiated. (191 threads)
[2023-11-05T16:06:09.960+0000][2504.522s][info ][safepoint     ] Application time: 1.0009942 seconds
[2023-11-05T16:06:09.960+0000][2504.522s][info ][safepoint     ] Entering safepoint region: Cleanup
[2023-11-05T16:06:09.961+0000][2504.523s][info ][safepoint     ] Leaving safepoint region
[2023-11-05T16:06:09.962+0000][2504.524s][info ][safepoint     ] Total time for which application threads were stopped: 0.0012900 seconds, Stopping threads took: 0.0005514 seconds
[2023-11-05T16:06:10.962+0000][2505.524s][debug][safepoint     ] Safepoint synchronization initiated. (191 threads)
[2023-11-05T16:06:10.963+0000][2505.525s][info ][safepoint     ] Application time: 1.0005548 seconds
[2023-11-05T16:06:10.963+0000][2505.525s][info ][safepoint     ] Entering safepoint region: Cleanup
[2023-11-05T16:06:10.964+0000][2505.526s][info ][safepoint     ] Leaving safepoint region
[2023-11-05T16:06:10.964+0000][2505.526s][info ][safepoint     ] Total time for which application threads were stopped: 0.0012227 seconds, Stopping threads took: 0.0004270 seconds
[2023-11-05T16:06:11.965+0000][2506.527s][debug][safepoint     ] Safepoint synchronization initiated. (191 threads)
[2023-11-05T16:06:11.965+0000][2506.528s][info ][safepoint     ] Application time: 1.0006979 seconds
[2023-11-05T16:06:11.966+0000][2506.528s][info ][safepoint     ] Entering safepoint region: Cleanup
[2023-11-05T16:06:11.966+0000][2506.529s][info ][safepoint     ] Leaving safepoint region
[2023-11-05T16:06:11.967+0000][2506.529s][info ][safepoint     ] Total time for which application threads were stopped: 0.0011479 seconds, Stopping threads took: 0.0005211 seconds
[2023-11-05T16:06:12.968+0000][2507.530s][debug][safepoint     ] Safepoint synchronization initiated. (191 threads)
[2023-11-05T16:06:12.969+0000][2507.531s][info ][safepoint     ] Application time: 1.0011881 seconds
[2023-11-05T16:06:12.969+0000][2507.531s][info ][safepoint     ] Entering safepoint region: Cleanup
[2023-11-05T16:06:12.970+0000][2507.532s][info ][safepoint     ] Leaving safepoint region
[2023-11-05T16:06:12.970+0000][2507.533s][info ][safepoint     ] Total time for which application threads were stopped: 0.0013643 seconds, Stopping threads took: 0.0005603 seconds
[2023-11-05T16:06:13.971+0000][2508.533s][debug][safepoint     ] Safepoint synchronization initiated. (191 threads)
[2023-11-05T16:06:13.972+0000][2508.534s][info ][safepoint     ] Application time: 1.0008909 seconds
[2023-11-05T16:06:13.973+0000][2508.535s][info ][safepoint     ] Entering safepoint region: Cleanup
[2023-11-05T16:06:13.973+0000][2508.535s][info ][safepoint     ] Leaving safepoint region
[2023-11-05T16:06:13.974+0000][2508.536s][info ][safepoint     ] Total time for which application threads were stopped: 0.0011636 seconds, Stopping threads took: 0.0005954 seconds
[2023-11-05T16:06:14.974+0000][2509.536s][debug][safepoint     ] Safepoint synchronization initiated. (191 threads)
[2023-11-05T16:06:14.975+0000][2509.537s][info ][safepoint     ] Application time: 1.0008627 seconds
[2023-11-05T16:06:14.975+0000][2509.538s][info ][safepoint     ] Entering safepoint region: Cleanup
[2023-11-05T16:06:14.976+0000][2509.538s][info ][safepoint     ] Leaving safepoint region
[2023-11-05T16:06:14.977+0000][2509.539s][info ][safepoint     ] Total time for which application threads were stopped: 0.0013149 seconds, Stopping threads took: 0.0006450 seconds
[2023-11-05T16:06:15.977+0000][2510.540s][debug][safepoint     ] Safepoint synchronization initiated. (191 threads)
[2023-11-05T16:06:15.978+0000][2510.540s][info ][safepoint     ] Application time: 1.0006506 seconds
[2023-11-05T16:06:15.978+0000][2510.541s][info ][safepoint     ] Entering safepoint region: Cleanup
[2023-11-05T16:06:15.979+0000][2510.541s][info ][safepoint     ] Leaving safepoint region
[2023-11-05T16:06:15.979+0000][2510.542s][info ][safepoint     ] Total time for which application threads were stopped: 0.0010114 seconds, Stopping threads took: 0.0004340 seconds
[2023-11-05T16:06:16.980+0000][2511.542s][debug][safepoint     ] Safepoint synchronization initiated. (191 threads)
[2023-11-05T16:06:16.981+0000][2511.543s][info ][safepoint     ] Application time: 1.0009331 seconds
[2023-11-05T16:06:16.981+0000][2511.543s][info ][safepoint     ] Entering safepoint region: Cleanup
[2023-11-05T16:06:16.982+0000][2511.544s][info ][safepoint     ] Leaving safepoint region
[2023-11-05T16:06:16.983+0000][2511.545s][info ][safepoint     ] Total time for which application threads were stopped: 0.0013120 seconds, Stopping threads took: 0.0006837 seconds
[2023-11-05T16:06:17.983+0000][2512.546s][debug][safepoint     ] Safepoint synchronization initiated. (191 threads)
[2023-11-05T16:06:17.984+0000][2512.546s][info ][safepoint     ] Application time: 1.0013044 seconds
[2023-11-05T16:06:17.985+0000][2512.547s][info ][safepoint     ] Entering safepoint region: Cleanup
[2023-11-05T16:06:17.987+0000][2512.549s][info ][safepoint     ] Leaving safepoint region
[2023-11-05T16:06:17.987+0000][2512.549s][info ][safepoint     ] Total time for which application threads were stopped: 0.0022138 seconds, Stopping threads took: 0.0010647 seconds
[2023-11-05T16:06:18.988+0000][2513.550s][debug][safepoint     ] Safepoint synchronization initiated. (191 threads)
[2023-11-05T16:06:19.014+0000][2513.576s][info ][safepoint     ] Application time: 1.0260219 seconds
[2023-11-05T16:06:19.015+0000][2513.577s][info ][safepoint     ] Entering safepoint region: Cleanup
[2023-11-05T16:06:19.015+0000][2513.578s][info ][safepoint     ] Leaving safepoint region
[2023-11-05T16:06:19.016+0000][2513.578s][info ][safepoint     ] Total time for which application threads were stopped: 0.0012093 seconds, Stopping threads took: 0.0005299 seconds
[2023-11-05T16:06:20.016+0000][2514.579s][debug][safepoint     ] Safepoint synchronization initiated. (191 threads)
[2023-11-05T16:06:20.017+0000][2514.579s][info ][safepoint     ] Application time: 1.0008317 seconds
[2023-11-05T16:06:20.018+0000][2514.580s][info ][safepoint     ] Entering safepoint region: Cleanup
[2023-11-05T16:06:20.018+0000][2514.581s][info ][safepoint     ] Leaving safepoint region
[2023-11-05T16:06:20.019+0000][2514.581s][info ][safepoint     ] Total time for which application threads were stopped: 0.0012377 seconds, Stopping threads took: 0.0005084 seconds
[2023-11-05T16:06:21.020+0000][2515.582s][debug][safepoint     ] Safepoint synchronization initiated. (191 threads)
[2023-11-05T16:06:21.021+0000][2515.583s][info ][safepoint     ] Application time: 1.0017075 seconds
[2023-11-05T16:06:21.022+0000][2515.584s][info ][safepoint     ] Entering safepoint region: Cleanup
[2023-11-05T16:06:21.024+0000][2515.586s][info ][safepoint     ] Leaving safepoint region
[2023-11-05T16:06:21.025+0000][2515.587s][info ][safepoint     ] Total time for which application threads were stopped: 0.0024345 seconds, Stopping threads took: 0.0010448 seconds
[2023-11-05T16:06:22.026+0000][2516.588s][debug][safepoint     ] Safepoint synchronization initiated. (191 threads)
[2023-11-05T16:06:22.027+0000][2516.589s][info ][safepoint     ] Application time: 1.0010869 seconds
[2023-11-05T16:06:22.028+0000][2516.590s][info ][safepoint     ] Entering safepoint region: Cleanup
[2023-11-05T16:06:22.028+0000][2516.591s][info ][safepoint     ] Leaving safepoint region
[2023-11-05T16:06:22.029+0000][2516.591s][info ][safepoint     ] Total time for which application threads were stopped: 0.0015503 seconds, Stopping threads took: 0.0007200 seconds
[2023-11-05T16:06:23.030+0000][2517.592s][debug][safepoint     ] Safepoint synchronization initiated. (191 threads)
[2023-11-05T16:06:23.031+0000][2517.593s][info ][safepoint     ] Application time: 1.0010344 seconds
[2023-11-05T16:06:23.032+0000][2517.594s][info ][safepoint     ] Entering safepoint region: Cleanup
[2023-11-05T16:06:23.032+0000][2517.595s][info ][safepoint     ] Leaving safepoint region
[2023-11-05T16:06:23.033+0000][2517.595s][info ][safepoint     ] Total time for which application threads were stopped: 0.0015089 seconds, Stopping threads took: 0.0006828 seconds
[2023-11-05T16:06:24.034+0000][2518.596s][debug][safepoint     ] Safepoint synchronization initiated. (191 threads)
[2023-11-05T16:06:24.035+0000][2518.597s][info ][safepoint     ] Application time: 1.0014412 seconds
[2023-11-05T16:06:24.036+0000][2518.598s][info ][safepoint     ] Entering safepoint region: Cleanup
[2023-11-05T16:06:24.038+0000][2518.600s][info ][safepoint     ] Leaving safepoint region
[2023-11-05T16:06:24.039+0000][2518.601s][info ][safepoint     ] Total time for which application threads were stopped: 0.0023509 seconds, Stopping threads took: 0.0009985 seconds
[2023-11-05T16:06:25.040+0000][2519.602s][debug][safepoint     ] Safepoint synchronization initiated. (191 threads)
[2023-11-05T16:06:25.041+0000][2519.603s][info ][safepoint     ] Application time: 1.0014661 seconds
[2023-11-05T16:06:25.042+0000][2519.604s][info ][safepoint     ] Entering safepoint region: Cleanup
[2023-11-05T16:06:25.043+0000][2519.605s][info ][safepoint     ] Leaving safepoint region
[2023-11-05T16:06:25.044+0000][2519.606s][info ][safepoint     ] Total time for which application threads were stopped: 0.0022220 seconds, Stopping threads took: 0.0009838 seconds
[2023-11-05T16:06:26.045+0000][2520.607s][debug][safepoint     ] Safepoint synchronization initiated. (191 threads)
[2023-11-05T16:06:26.046+0000][2520.608s][info ][safepoint     ] Application time: 1.0006588 seconds
[2023-11-05T16:06:26.046+0000][2520.608s][info ][safepoint     ] Entering safepoint region: Cleanup
[2023-11-05T16:06:26.047+0000][2520.609s][info ][safepoint     ] Leaving safepoint region
[2023-11-05T16:06:26.048+0000][2520.610s][info ][safepoint     ] Total time for which application threads were stopped: 0.0014435 seconds, Stopping threads took: 0.0005920 seconds
[2023-11-05T16:06:26.047+0000][2520.609s][debug][safepoint     ] ... found polling page return exception at pc = 0x00007f808d32eb44, stub =0x00007f8084840600
[2023-11-05T16:06:27.048+0000][2521.610s][debug][safepoint     ] Safepoint synchronization initiated. (191 threads)
[2023-11-05T16:06:27.049+0000][2521.611s][info ][safepoint     ] Application time: 1.0013051 seconds
[2023-11-05T16:06:27.050+0000][2521.612s][info ][safepoint     ] Entering safepoint region: Cleanup
[2023-11-05T16:06:27.051+0000][2521.613s][info ][safepoint     ] Leaving safepoint region
[2023-11-05T16:06:27.052+0000][2521.614s][info ][safepoint     ] Total time for which application threads were stopped: 0.0018987 seconds, Stopping threads took: 0.0008019 seconds
[2023-11-05T16:06:28.053+0000][2522.615s][debug][safepoint     ] Safepoint synchronization initiated. (191 threads)
[2023-11-05T16:06:28.054+0000][2522.616s][info ][safepoint     ] Application time: 1.0014688 seconds
[2023-11-05T16:06:28.055+0000][2522.617s][info ][safepoint     ] Entering safepoint region: Cleanup
[2023-11-05T16:06:28.057+0000][2522.619s][info ][safepoint     ] Leaving safepoint region
[2023-11-05T16:06:28.058+0000][2522.619s][info ][safepoint     ] Total time for which application threads were stopped: 0.0021515 seconds, Stopping threads took: 0.0009212 seconds
[2023-11-05T16:06:29.058+0000][2523.620s][debug][safepoint     ] Safepoint synchronization initiated. (191 threads)
[2023-11-05T16:06:29.060+0000][2523.621s][info ][safepoint     ] Application time: 1.0014297 seconds
[2023-11-05T16:06:29.061+0000][2523.623s][info ][safepoint     ] Entering safepoint region: Cleanup
[2023-11-05T16:06:29.062+0000][2523.624s][info ][safepoint     ] Leaving safepoint region
[2023-11-05T16:06:29.063+0000][2523.625s][info ][safepoint     ] Total time for which application threads were stopped: 0.0026182 seconds, Stopping threads took: 0.0010878 seconds
[2023-11-05T16:06:30.064+0000][2524.626s][debug][safepoint     ] Safepoint synchronization initiated. (191 threads)
[2023-11-05T16:06:30.065+0000][2524.627s][info ][safepoint     ] Application time: 1.0007438 seconds
[2023-11-05T16:06:30.065+0000][2524.627s][info ][safepoint     ] Entering safepoint region: Cleanup
[2023-11-05T16:06:30.066+0000][2524.628s][info ][safepoint     ] Leaving safepoint region
[2023-11-05T16:06:30.066+0000][2524.628s][info ][safepoint     ] Total time for which application threads were stopped: 0.0011071 seconds, Stopping threads took: 0.0004545 seconds
[2023-11-05T16:06:31.067+0000][2525.629s][debug][safepoint     ] Safepoint synchronization initiated. (191 threads)
[2023-11-05T16:06:31.068+0000][2525.630s][info ][safepoint     ] Application time: 1.0009326 seconds
[2023-11-05T16:06:31.068+0000][2525.630s][info ][safepoint     ] Entering safepoint region: Cleanup
[2023-11-05T16:06:31.069+0000][2525.631s][info ][safepoint     ] Leaving safepoint region
[2023-11-05T16:06:31.069+0000][2525.631s][info ][safepoint     ] Total time for which application threads were stopped: 0.0013048 seconds, Stopping threads took: 0.0005365 seconds
[2023-11-05T16:06:32.070+0000][2526.632s][debug][safepoint     ] Safepoint synchronization initiated. (191 threads)
[2023-11-05T16:06:32.071+0000][2526.633s][info ][safepoint     ] Application time: 1.0011355 seconds
[2023-11-05T16:06:32.072+0000][2526.634s][info ][safepoint     ] Entering safepoint region: Cleanup
[2023-11-05T16:06:32.073+0000][2526.635s][info ][safepoint     ] Leaving safepoint region
[2023-11-05T16:06:32.074+0000][2526.636s][info ][safepoint     ] Total time for which application threads were stopped: 0.0020045 seconds, Stopping threads took: 0.0009402 seconds
[2023-11-05T16:06:33.075+0000][2527.637s][debug][safepoint     ] Safepoint synchronization initiated. (191 threads)
[2023-11-05T16:06:33.076+0000][2527.638s][info ][safepoint     ] Application time: 1.0017346 seconds
[2023-11-05T16:06:33.078+0000][2527.640s][info ][safepoint     ] Entering safepoint region: Cleanup
[2023-11-05T16:06:33.079+0000][2527.641s][info ][safepoint     ] Leaving safepoint region
[2023-11-05T16:06:33.080+0000][2527.642s][info ][safepoint     ] Total time for which application threads were stopped: 0.0026986 seconds, Stopping threads took: 0.0011999 seconds
[2023-11-05T16:06:34.082+0000][2528.643s][debug][safepoint     ] Safepoint synchronization initiated. (191 threads)
[2023-11-05T16:06:34.083+0000][2528.645s][info ][safepoint     ] Application time: 1.0015099 seconds
[2023-11-05T16:06:34.084+0000][2528.646s][info ][safepoint     ] Entering safepoint region: Cleanup
[2023-11-05T16:06:34.085+0000][2528.647s][info ][safepoint     ] Leaving safepoint region
[2023-11-05T16:06:34.087+0000][2528.648s][info ][safepoint     ] Total time for which application threads were stopped: 0.0025968 seconds, Stopping threads took: 0.0010472 seconds
[2023-11-05T16:06:35.088+0000][2529.649s][debug][safepoint     ] Safepoint synchronization initiated. (191 threads)
[2023-11-05T16:06:35.089+0000][2529.651s][info ][safepoint     ] Application time: 1.0014866 seconds
[2023-11-05T16:06:35.090+0000][2529.652s][info ][safepoint     ] Entering safepoint region: Cleanup
[2023-11-05T16:06:35.091+0000][2529.653s][info ][safepoint     ] Leaving safepoint region
[2023-11-05T16:06:35.092+0000][2529.654s][info ][safepoint     ] Total time for which application threads were stopped: 0.0023094 seconds, Stopping threads took: 0.0009512 seconds
[2023-11-05T16:06:36.093+0000][2530.655s][debug][safepoint     ] Safepoint synchronization initiated. (191 threads)
[2023-11-05T16:06:36.129+0000][2530.691s][info ][safepoint     ] Application time: 1.0364006 seconds
[2023-11-05T16:06:36.135+0000][2530.697s][debug][safepoint     ] ... found polling page return exception at pc = 0x00007f808d486486, stub =0x00007f8084840600
[2023-11-05T16:06:36.135+0000][2530.697s][debug][safepoint     ] Waiting for 1 thread(s) to block
[2023-11-05T16:06:36.136+0000][2530.698s][info ][safepoint     ] Entering safepoint region: Cleanup
[2023-11-05T16:06:36.136+0000][2530.698s][info ][safepoint     ] Leaving safepoint region
[2023-11-05T16:06:36.137+0000][2530.699s][info ][safepoint     ] Total time for which application threads were stopped: 0.0022501 seconds, Stopping threads took: 0.0016194 seconds
[2023-11-05T16:06:37.138+0000][2531.699s][debug][safepoint     ] Safepoint synchronization initiated. (191 threads)
[2023-11-05T16:06:37.139+0000][2531.701s][info ][safepoint     ] Application time: 1.0020145 seconds
[2023-11-05T16:06:37.140+0000][2531.702s][info ][safepoint     ] Entering safepoint region: Cleanup
[2023-11-05T16:06:37.141+0000][2531.703s][info ][safepoint     ] Leaving safepoint region
[2023-11-05T16:06:37.141+0000][2531.703s][info ][safepoint     ] Total time for which application threads were stopped: 0.0010005 seconds, Stopping threads took: 0.0004626 seconds
[2023-11-05T16:06:38.142+0000][2532.704s][debug][safepoint     ] Safepoint synchronization initiated. (191 threads)
[2023-11-05T16:06:38.143+0000][2532.705s][info ][safepoint     ] Application time: 1.0019645 seconds
[2023-11-05T16:06:38.145+0000][2532.707s][info ][safepoint     ] Entering safepoint region: Cleanup
[2023-11-05T16:06:38.146+0000][2532.708s][info ][safepoint     ] Leaving safepoint region
[2023-11-05T16:06:38.147+0000][2532.709s][info ][safepoint     ] Total time for which application threads were stopped: 0.0017911 seconds, Stopping threads took: 0.0006743 seconds
[2023-11-05T16:06:39.148+0000][2533.710s][debug][safepoint     ] Safepoint synchronization initiated. (191 threads)
[2023-11-05T16:06:39.149+0000][2533.711s][info ][safepoint     ] Application time: 1.0014625 seconds
[2023-11-05T16:06:39.150+0000][2533.712s][info ][safepoint     ] Entering safepoint region: Cleanup
[2023-11-05T16:06:39.152+0000][2533.713s][info ][safepoint     ] Leaving safepoint region
[2023-11-05T16:06:39.153+0000][2533.714s][info ][safepoint     ] Total time for which application threads were stopped: 0.0025701 seconds, Stopping threads took: 0.0011190 seconds
[2023-11-05T16:06:40.153+0000][2534.715s][debug][safepoint     ] Safepoint synchronization initiated. (191 threads)
[2023-11-05T16:06:40.154+0000][2534.716s][info ][safepoint     ] Application time: 1.0008087 seconds
[2023-11-05T16:06:40.155+0000][2534.717s][debug][safepoint     ] ... found polling page return exception at pc = 0x00007f808c9e411c, stub =0x00007f8084840600
[2023-11-05T16:06:40.155+0000][2534.717s][debug][safepoint     ] Waiting for 1 thread(s) to block
[2023-11-05T16:06:40.156+0000][2534.717s][info ][safepoint     ] Entering safepoint region: Cleanup
[2023-11-05T16:06:40.156+0000][2534.718s][info ][safepoint     ] Leaving safepoint region
[2023-11-05T16:06:40.156+0000][2534.718s][info ][safepoint     ] Total time for which application threads were stopped: 0.0017330 seconds, Stopping threads took: 0.0012822 seconds
[2023-11-05T16:06:41.157+0000][2535.719s][debug][safepoint     ] Safepoint synchronization initiated. (191 threads)
[2023-11-05T16:06:41.158+0000][2535.719s][info ][safepoint     ] Application time: 1.0008882 seconds
[2023-11-05T16:06:41.158+0000][2535.720s][info ][safepoint     ] Entering safepoint region: Cleanup
[2023-11-05T16:06:41.159+0000][2535.721s][info ][safepoint     ] Leaving safepoint region
[2023-11-05T16:06:41.159+0000][2535.721s][info ][safepoint     ] Total time for which application threads were stopped: 0.0011292 seconds, Stopping threads took: 0.0004554 seconds
[2023-11-05T16:06:42.160+0000][2536.722s][debug][safepoint     ] Safepoint synchronization initiated. (191 threads)
[2023-11-05T16:06:42.161+0000][2536.723s][info ][safepoint     ] Application time: 1.0015028 seconds
[2023-11-05T16:06:42.162+0000][2536.724s][info ][safepoint     ] Entering safepoint region: Cleanup
[2023-11-05T16:06:42.164+0000][2536.725s][info ][safepoint     ] Leaving safepoint region
[2023-11-05T16:06:42.164+0000][2536.726s][info ][safepoint     ] Total time for which application threads were stopped: 0.0021915 seconds, Stopping threads took: 0.0009991 seconds
[2023-11-05T16:06:43.166+0000][2537.727s][debug][safepoint     ] Safepoint synchronization initiated. (191 threads)
[2023-11-05T16:06:43.166+0000][2537.728s][info ][safepoint     ] Application time: 1.0009877 seconds
[2023-11-05T16:06:43.167+0000][2537.729s][info ][safepoint     ] Entering safepoint region: Cleanup
[2023-11-05T16:06:43.168+0000][2537.730s][info ][safepoint     ] Leaving safepoint region
[2023-11-05T16:06:43.168+0000][2537.730s][info ][safepoint     ] Total time for which application threads were stopped: 0.0011788 seconds, Stopping threads took: 0.0004790 seconds
[2023-11-05T16:06:44.169+0000][2538.731s][debug][safepoint     ] Safepoint synchronization initiated. (191 threads)
[2023-11-05T16:06:44.170+0000][2538.732s][info ][safepoint     ] Application time: 1.0008729 seconds
[2023-11-05T16:06:44.170+0000][2538.732s][info ][safepoint     ] Entering safepoint region: Cleanup
[2023-11-05T16:06:44.171+0000][2538.733s][info ][safepoint     ] Leaving safepoint region
[2023-11-05T16:06:44.171+0000][2538.733s][info ][safepoint     ] Total time for which application threads were stopped: 0.0010938 seconds, Stopping threads took: 0.0004110 seconds
[2023-11-05T16:06:45.172+0000][2539.734s][debug][safepoint     ] Safepoint synchronization initiated. (191 threads)
[2023-11-05T16:06:45.173+0000][2539.735s][info ][safepoint     ] Application time: 1.0009458 seconds
[2023-11-05T16:06:45.173+0000][2539.735s][info ][safepoint     ] Entering safepoint region: Cleanup
[2023-11-05T16:06:45.174+0000][2539.736s][info ][safepoint     ] Leaving safepoint region
[2023-11-05T16:06:45.175+0000][2539.737s][info ][safepoint     ] Total time for which application threads were stopped: 0.0016138 seconds, Stopping threads took: 0.0005529 seconds
[2023-11-05T16:06:46.176+0000][2540.738s][debug][safepoint     ] Safepoint synchronization initiated. (191 threads)
[2023-11-05T16:06:46.176+0000][2540.738s][info ][safepoint     ] Application time: 1.0008982 seconds
[2023-11-05T16:06:46.177+0000][2540.739s][info ][safepoint     ] Entering safepoint region: Cleanup
[2023-11-05T16:06:46.178+0000][2540.740s][info ][safepoint     ] Leaving safepoint region
[2023-11-05T16:06:46.178+0000][2540.740s][info ][safepoint     ] Total time for which application threads were stopped: 0.0012981 seconds, Stopping threads took: 0.0005740 seconds
[2023-11-05T16:06:47.179+0000][2541.741s][debug][safepoint     ] Safepoint synchronization initiated. (191 threads)
[2023-11-05T16:06:47.180+0000][2541.742s][info ][safepoint     ] Application time: 1.0012783 seconds
[2023-11-05T16:06:47.181+0000][2541.743s][info ][safepoint     ] Entering safepoint region: Cleanup
[2023-11-05T16:06:47.182+0000][2541.744s][info ][safepoint     ] Leaving safepoint region
[2023-11-05T16:06:47.183+0000][2541.745s][info ][safepoint     ] Total time for which application threads were stopped: 0.0021743 seconds, Stopping threads took: 0.0008901 seconds
[2023-11-05T16:06:48.184+0000][2542.746s][debug][safepoint     ] Safepoint synchronization initiated. (191 threads)
[2023-11-05T16:06:48.185+0000][2542.747s][info ][safepoint     ] Application time: 1.0007876 seconds
[2023-11-05T16:06:48.185+0000][2542.747s][info ][safepoint     ] Entering safepoint region: Cleanup
[2023-11-05T16:06:48.186+0000][2542.748s][info ][safepoint     ] Leaving safepoint region
[2023-11-05T16:06:48.186+0000][2542.748s][info ][safepoint     ] Total time for which application threads were stopped: 0.0010372 seconds, Stopping threads took: 0.0004346 seconds
[2023-11-05T16:06:49.187+0000][2543.749s][debug][safepoint     ] Safepoint synchronization initiated. (191 threads)
[2023-11-05T16:06:49.187+0000][2543.749s][info ][safepoint     ] Application time: 1.0009187 seconds
[2023-11-05T16:06:49.188+0000][2543.750s][info ][safepoint     ] Entering safepoint region: Cleanup
[2023-11-05T16:06:49.189+0000][2543.750s][info ][safepoint     ] Leaving safepoint region
[2023-11-05T16:06:49.189+0000][2543.751s][info ][safepoint     ] Total time for which application threads were stopped: 0.0009401 seconds, Stopping threads took: 0.0004419 seconds
[2023-11-05T16:06:50.190+0000][2544.752s][debug][safepoint     ] Safepoint synchronization initiated. (191 threads)
[2023-11-05T16:06:50.192+0000][2544.753s][info ][safepoint     ] Application time: 1.0021394 seconds
[2023-11-05T16:06:50.193+0000][2544.755s][info ][safepoint     ] Entering safepoint region: Cleanup
[2023-11-05T16:06:50.194+0000][2544.756s][info ][safepoint     ] Leaving safepoint region
[2023-11-05T16:06:50.195+0000][2544.757s][info ][safepoint     ] Total time for which application threads were stopped: 0.0013747 seconds, Stopping threads took: 0.0006395 seconds
[2023-11-05T16:06:51.196+0000][2545.758s][debug][safepoint     ] Safepoint synchronization initiated. (191 threads)
[2023-11-05T16:06:51.198+0000][2545.760s][info ][safepoint     ] Application time: 1.0016170 seconds
[2023-11-05T16:06:51.199+0000][2545.761s][info ][safepoint     ] Entering safepoint region: Cleanup
[2023-11-05T16:06:51.200+0000][2545.762s][info ][safepoint     ] Leaving safepoint region
[2023-11-05T16:06:51.201+0000][2545.763s][info ][safepoint     ] Total time for which application threads were stopped: 0.0026683 seconds, Stopping threads took: 0.0011168 seconds
[2023-11-05T16:06:52.202+0000][2546.764s][debug][safepoint     ] Safepoint synchronization initiated. (191 threads)
[2023-11-05T16:06:52.203+0000][2546.765s][info ][safepoint     ] Application time: 1.0013871 seconds
[2023-11-05T16:06:52.204+0000][2546.766s][info ][safepoint     ] Entering safepoint region: Cleanup
[2023-11-05T16:06:52.206+0000][2546.768s][info ][safepoint     ] Leaving safepoint region
[2023-11-05T16:06:52.206+0000][2546.768s][info ][safepoint     ] Total time for which application threads were stopped: 0.0021544 seconds, Stopping threads took: 0.0009606 seconds
[2023-11-05T16:06:53.208+0000][2547.769s][debug][safepoint     ] Safepoint synchronization initiated. (191 threads)
[2023-11-05T16:06:53.209+0000][2547.771s][info ][safepoint     ] Application time: 1.0016818 seconds
[2023-11-05T16:06:53.210+0000][2547.772s][info ][safepoint     ] Entering safepoint region: Cleanup
[2023-11-05T16:06:53.212+0000][2547.774s][info ][safepoint     ] Leaving safepoint region
[2023-11-05T16:06:53.213+0000][2547.775s][info ][safepoint     ] Total time for which application threads were stopped: 0.0027981 seconds, Stopping threads took: 0.0011196 seconds
[2023-11-05T16:06:54.205+0000][2548.776s][debug][safepoint     ] Safepoint synchronization initiated. (191 threads)
[2023-11-05T16:06:54.206+0000][2548.777s][info ][safepoint     ] Application time: 1.0008796 seconds
[2023-11-05T16:06:54.207+0000][2548.778s][info ][safepoint     ] Entering safepoint region: Cleanup
[2023-11-05T16:06:54.208+0000][2548.779s][info ][safepoint     ] Leaving safepoint region
[2023-11-05T16:06:54.208+0000][2548.779s][info ][safepoint     ] Total time for which application threads were stopped: 0.0016553 seconds, Stopping threads took: 0.0009184 seconds
[2023-11-05T16:06:55.209+0000][2549.780s][debug][safepoint     ] Safepoint synchronization initiated. (191 threads)
[2023-11-05T16:06:55.210+0000][2549.781s][info ][safepoint     ] Application time: 1.0014401 seconds
[2023-11-05T16:06:55.211+0000][2549.782s][info ][safepoint     ] Entering safepoint region: Cleanup
[2023-11-05T16:06:55.213+0000][2549.784s][info ][safepoint     ] Leaving safepoint region
[2023-11-05T16:06:55.214+0000][2549.785s][info ][safepoint     ] Total time for which application threads were stopped: 0.0028889 seconds, Stopping threads took: 0.0011505 seconds
[2023-11-05T16:06:56.215+0000][2550.786s][debug][safepoint     ] Safepoint synchronization initiated. (191 threads)
[2023-11-05T16:06:56.216+0000][2550.787s][info ][safepoint     ] Application time: 1.0005512 seconds
[2023-11-05T16:06:56.216+0000][2550.787s][info ][safepoint     ] Entering safepoint region: Cleanup
[2023-11-05T16:06:56.217+0000][2550.788s][info ][safepoint     ] Leaving safepoint region
[2023-11-05T16:06:56.217+0000][2550.788s][info ][safepoint     ] Total time for which application threads were stopped: 0.0010110 seconds, Stopping threads took: 0.0003982 seconds
[2023-11-05T16:06:57.217+0000][2551.788s][debug][safepoint     ] Safepoint synchronization initiated. (191 threads)
[2023-11-05T16:06:57.218+0000][2551.789s][info ][safepoint     ] Application time: 1.0008563 seconds
[2023-11-05T16:06:57.220+0000][2551.791s][info ][safepoint     ] Entering safepoint region: Cleanup
[2023-11-05T16:06:57.220+0000][2551.791s][info ][safepoint     ] Leaving safepoint region
[2023-11-05T16:06:57.221+0000][2551.792s][info ][safepoint     ] Total time for which application threads were stopped: 0.0014849 seconds, Stopping threads took: 0.0007517 seconds
[2023-11-05T16:06:58.222+0000][2552.793s][debug][safepoint     ] Safepoint synchronization initiated. (191 threads)
[2023-11-05T16:06:58.222+0000][2552.793s][info ][safepoint     ] Application time: 1.0009109 seconds
[2023-11-05T16:06:58.223+0000][2552.794s][info ][safepoint     ] Entering safepoint region: Cleanup
[2023-11-05T16:06:58.224+0000][2552.795s][info ][safepoint     ] Leaving safepoint region
[2023-11-05T16:06:58.225+0000][2552.796s][info ][safepoint     ] Total time for which application threads were stopped: 0.0015544 seconds, Stopping threads took: 0.0006730 seconds
[2023-11-05T16:06:59.225+0000][2553.796s][debug][safepoint     ] Safepoint synchronization initiated. (191 threads)
[2023-11-05T16:06:59.226+0000][2553.797s][info ][safepoint     ] Application time: 1.0007377 seconds
[2023-11-05T16:06:59.226+0000][2553.797s][info ][safepoint     ] Entering safepoint region: Cleanup
[2023-11-05T16:06:59.227+0000][2553.798s][info ][safepoint     ] Leaving safepoint region
[2023-11-05T16:06:59.228+0000][2553.799s][info ][safepoint     ] Total time for which application threads were stopped: 0.0012435 seconds, Stopping threads took: 0.0004994 seconds
[2023-11-05T16:07:00.229+0000][2554.800s][debug][safepoint     ] Safepoint synchronization initiated. (191 threads)
[2023-11-05T16:07:00.230+0000][2554.801s][info ][safepoint     ] Application time: 1.0012064 seconds
[2023-11-05T16:07:00.230+0000][2554.801s][info ][safepoint     ] Entering safepoint region: Cleanup
[2023-11-05T16:07:00.231+0000][2554.802s][info ][safepoint     ] Leaving safepoint region
[2023-11-05T16:07:00.232+0000][2554.803s][info ][safepoint     ] Total time for which application threads were stopped: 0.0013493 seconds, Stopping threads took: 0.0005740 seconds
[2023-11-05T16:07:01.232+0000][2555.803s][debug][safepoint     ] Safepoint synchronization initiated. (191 threads)
[2023-11-05T16:07:01.233+0000][2555.804s][info ][safepoint     ] Application time: 1.0007697 seconds
[2023-11-05T16:07:01.233+0000][2555.804s][info ][safepoint     ] Entering safepoint region: Cleanup
[2023-11-05T16:07:01.234+0000][2555.805s][info ][safepoint     ] Leaving safepoint region
[2023-11-05T16:07:01.234+0000][2555.805s][info ][safepoint     ] Total time for which application threads were stopped: 0.0009997 seconds, Stopping threads took: 0.0003842 seconds
[2023-11-05T16:07:02.235+0000][2556.806s][debug][safepoint     ] Safepoint synchronization initiated. (191 threads)
[2023-11-05T16:07:02.236+0000][2556.807s][info ][safepoint     ] Application time: 1.0007723 seconds
[2023-11-05T16:07:02.236+0000][2556.807s][info ][safepoint     ] Entering safepoint region: Cleanup
[2023-11-05T16:07:02.237+0000][2556.808s][info ][safepoint     ] Leaving safepoint region
[2023-11-05T16:07:02.237+0000][2556.808s][info ][safepoint     ] Total time for which application threads were stopped: 0.0009211 seconds, Stopping threads took: 0.0003361 seconds
[2023-11-05T16:07:03.237+0000][2557.808s][debug][safepoint     ] Safepoint synchronization initiated. (191 threads)
[2023-11-05T16:07:03.238+0000][2557.809s][info ][safepoint     ] Application time: 1.0008949 seconds
[2023-11-05T16:07:03.239+0000][2557.810s][info ][safepoint     ] Entering safepoint region: Cleanup
[2023-11-05T16:07:03.240+0000][2557.811s][info ][safepoint     ] Leaving safepoint region
[2023-11-05T16:07:03.241+0000][2557.812s][info ][safepoint     ] Total time for which application threads were stopped: 0.0019259 seconds, Stopping threads took: 0.0006511 seconds
[2023-11-05T16:07:04.242+0000][2558.813s][debug][safepoint     ] Safepoint synchronization initiated. (191 threads)
[2023-11-05T16:07:04.242+0000][2558.813s][info ][safepoint     ] Application time: 1.0008430 seconds
[2023-11-05T16:07:04.243+0000][2558.814s][info ][safepoint     ] Entering safepoint region: Cleanup
[2023-11-05T16:07:04.244+0000][2558.815s][info ][safepoint     ] Leaving safepoint region
[2023-11-05T16:07:04.244+0000][2558.815s][info ][safepoint     ] Total time for which application threads were stopped: 0.0012312 seconds, Stopping threads took: 0.0005351 seconds
[2023-11-05T16:07:05.245+0000][2559.816s][debug][safepoint     ] Safepoint synchronization initiated. (191 threads)
[2023-11-05T16:07:05.246+0000][2559.817s][info ][safepoint     ] Application time: 1.0010850 seconds
[2023-11-05T16:07:05.246+0000][2559.817s][info ][safepoint     ] Entering safepoint region: Cleanup
[2023-11-05T16:07:05.247+0000][2559.818s][info ][safepoint     ] Leaving safepoint region
[2023-11-05T16:07:05.248+0000][2559.819s][info ][safepoint     ] Total time for which application threads were stopped: 0.0014418 seconds, Stopping threads took: 0.0007114 seconds
[2023-11-05T16:07:06.248+0000][2560.819s][debug][safepoint     ] Safepoint synchronization initiated. (191 threads)
[2023-11-05T16:07:06.249+0000][2560.820s][info ][safepoint     ] Application time: 1.0007437 seconds
[2023-11-05T16:07:06.250+0000][2560.821s][info ][safepoint     ] Entering safepoint region: Cleanup
[2023-11-05T16:07:06.250+0000][2560.821s][info ][safepoint     ] Leaving safepoint region
[2023-11-05T16:07:06.251+0000][2560.822s][info ][safepoint     ] Total time for which application threads were stopped: 0.0013615 seconds, Stopping threads took: 0.0005837 seconds
[2023-11-05T16:07:07.252+0000][2561.823s][debug][safepoint     ] Safepoint synchronization initiated. (191 threads)
[2023-11-05T16:07:07.252+0000][2561.823s][info ][safepoint     ] Application time: 1.0008794 seconds
[2023-11-05T16:07:07.253+0000][2561.824s][info ][safepoint     ] Entering safepoint region: Cleanup
[2023-11-05T16:07:07.254+0000][2561.825s][info ][safepoint     ] Leaving safepoint region
[2023-11-05T16:07:07.254+0000][2561.825s][info ][safepoint     ] Total time for which application threads were stopped: 0.0014097 seconds, Stopping threads took: 0.0006267 seconds
[2023-11-05T16:07:08.255+0000][2562.826s][debug][safepoint     ] Safepoint synchronization initiated. (191 threads)
[2023-11-05T16:07:08.255+0000][2562.826s][info ][safepoint     ] Application time: 1.0005559 seconds
[2023-11-05T16:07:08.256+0000][2562.827s][info ][safepoint     ] Entering safepoint region: Cleanup
[2023-11-05T16:07:08.256+0000][2562.827s][info ][safepoint     ] Leaving safepoint region
[2023-11-05T16:07:08.257+0000][2562.828s][info ][safepoint     ] Total time for which application threads were stopped: 0.0010642 seconds, Stopping threads took: 0.0003707 seconds
[2023-11-05T16:07:09.257+0000][2563.828s][debug][safepoint     ] Safepoint synchronization initiated. (191 threads)
[2023-11-05T16:07:09.258+0000][2563.829s][info ][safepoint     ] Application time: 1.0010090 seconds
[2023-11-05T16:07:09.259+0000][2563.830s][info ][safepoint     ] Entering safepoint region: Cleanup
[2023-11-05T16:07:09.259+0000][2563.830s][info ][safepoint     ] Leaving safepoint region
[2023-11-05T16:07:09.260+0000][2563.831s][info ][safepoint     ] Total time for which application threads were stopped: 0.0012543 seconds, Stopping threads took: 0.0005346 seconds
[2023-11-05T16:07:10.261+0000][2564.832s][debug][safepoint     ] Safepoint synchronization initiated. (191 threads)
[2023-11-05T16:07:10.262+0000][2564.833s][info ][safepoint     ] Application time: 1.0017919 seconds
[2023-11-05T16:07:10.263+0000][2564.834s][info ][safepoint     ] Entering safepoint region: Cleanup
[2023-11-05T16:07:10.263+0000][2564.834s][info ][safepoint     ] Leaving safepoint region
[2023-11-05T16:07:10.264+0000][2564.835s][info ][safepoint     ] Total time for which application threads were stopped: 0.0010880 seconds, Stopping threads took: 0.0004781 seconds
[2023-11-05T16:07:11.264+0000][2565.835s][debug][safepoint     ] Safepoint synchronization initiated. (191 threads)
[2023-11-05T16:07:11.266+0000][2565.837s][info ][safepoint     ] Application time: 1.0020515 seconds
[2023-11-05T16:07:11.267+0000][2565.838s][info ][safepoint     ] Entering safepoint region: Cleanup
[2023-11-05T16:07:11.267+0000][2565.838s][info ][safepoint     ] Leaving safepoint region
[2023-11-05T16:07:11.268+0000][2565.839s][info ][safepoint     ] Total time for which application threads were stopped: 0.0011947 seconds, Stopping threads took: 0.0004908 seconds
[2023-11-05T16:07:12.268+0000][2566.839s][debug][safepoint     ] Safepoint synchronization initiated. (191 threads)
[2023-11-05T16:07:12.270+0000][2566.841s][info ][safepoint     ] Application time: 1.0013149 seconds
[2023-11-05T16:07:12.270+0000][2566.841s][info ][safepoint     ] Entering safepoint region: Cleanup
[2023-11-05T16:07:12.271+0000][2566.842s][info ][safepoint     ] Leaving safepoint region
[2023-11-05T16:07:12.271+0000][2566.842s][info ][safepoint     ] Total time for which application threads were stopped: 0.0013753 seconds, Stopping threads took: 0.0006052 seconds
[2023-11-05T16:07:13.272+0000][2567.843s][debug][safepoint     ] Safepoint synchronization initiated. (191 threads)
[2023-11-05T16:07:13.273+0000][2567.844s][info ][safepoint     ] Application time: 1.0007967 seconds
[2023-11-05T16:07:13.274+0000][2567.845s][info ][safepoint     ] Entering safepoint region: Cleanup
[2023-11-05T16:07:13.274+0000][2567.845s][info ][safepoint     ] Leaving safepoint region
[2023-11-05T16:07:13.275+0000][2567.846s][info ][safepoint     ] Total time for which application threads were stopped: 0.0010929 seconds, Stopping threads took: 0.0004929 seconds
[2023-11-05T16:07:14.275+0000][2568.846s][debug][safepoint     ] Safepoint synchronization initiated. (191 threads)
[2023-11-05T16:07:14.276+0000][2568.847s][info ][safepoint     ] Application time: 1.0010095 seconds
[2023-11-05T16:07:14.277+0000][2568.848s][info ][safepoint     ] Entering safepoint region: Cleanup
[2023-11-05T16:07:14.278+0000][2568.849s][info ][safepoint     ] Leaving safepoint region
[2023-11-05T16:07:14.278+0000][2568.849s][info ][safepoint     ] Total time for which application threads were stopped: 0.0017253 seconds, Stopping threads took: 0.0008801 seconds
[2023-11-05T16:07:15.279+0000][2569.850s][debug][safepoint     ] Safepoint synchronization initiated. (191 threads)
[2023-11-05T16:07:15.280+0000][2569.851s][info ][safepoint     ] Application time: 1.0008668 seconds
[2023-11-05T16:07:15.280+0000][2569.851s][info ][safepoint     ] Entering safepoint region: Cleanup
[2023-11-05T16:07:15.282+0000][2569.853s][info ][safepoint     ] Leaving safepoint region
[2023-11-05T16:07:15.283+0000][2569.854s][info ][safepoint     ] Total time for which application threads were stopped: 0.0021938 seconds, Stopping threads took: 0.0006511 seconds
[2023-11-05T16:07:16.283+0000][2570.854s][debug][safepoint     ] Safepoint synchronization initiated. (191 threads)
[2023-11-05T16:07:16.284+0000][2570.855s][info ][safepoint     ] Application time: 1.0009228 seconds
[2023-11-05T16:07:16.285+0000][2570.856s][info ][safepoint     ] Entering safepoint region: Cleanup
[2023-11-05T16:07:16.286+0000][2570.857s][info ][safepoint     ] Leaving safepoint region
[2023-11-05T16:07:16.286+0000][2570.857s][info ][safepoint     ] Total time for which application threads were stopped: 0.0015023 seconds, Stopping threads took: 0.0008263 seconds
[2023-11-05T16:07:17.287+0000][2571.858s][debug][safepoint     ] Safepoint synchronization initiated. (191 threads)
[2023-11-05T16:07:17.287+0000][2571.858s][info ][safepoint     ] Application time: 1.0008655 seconds
[2023-11-05T16:07:17.288+0000][2571.859s][info ][safepoint     ] Entering safepoint region: Cleanup
[2023-11-05T16:07:17.290+0000][2571.861s][info ][safepoint     ] Leaving safepoint region
[2023-11-05T16:07:17.290+0000][2571.861s][info ][safepoint     ] Total time for which application threads were stopped: 0.0022127 seconds, Stopping threads took: 0.0011095 seconds
[2023-11-05T16:07:18.291+0000][2572.862s][debug][safepoint     ] Safepoint synchronization initiated. (191 threads)
[2023-11-05T16:07:18.292+0000][2572.863s][info ][safepoint     ] Application time: 1.0011366 seconds
[2023-11-05T16:07:18.292+0000][2572.863s][info ][safepoint     ] Entering safepoint region: Cleanup
[2023-11-05T16:07:18.293+0000][2572.864s][info ][safepoint     ] Leaving safepoint region
[2023-11-05T16:07:18.294+0000][2572.865s][info ][safepoint     ] Total time for which application threads were stopped: 0.0012624 seconds, Stopping threads took: 0.0005432 seconds
[2023-11-05T16:07:19.295+0000][2573.866s][debug][safepoint     ] Safepoint synchronization initiated. (191 threads)
[2023-11-05T16:07:19.295+0000][2573.866s][info ][safepoint     ] Application time: 1.0009924 seconds
[2023-11-05T16:07:19.296+0000][2573.867s][info ][safepoint     ] Entering safepoint region: Cleanup
[2023-11-05T16:07:19.296+0000][2573.867s][info ][safepoint     ] Leaving safepoint region
[2023-11-05T16:07:19.297+0000][2573.868s][info ][safepoint     ] Total time for which application threads were stopped: 0.0014887 seconds, Stopping threads took: 0.0005493 seconds
[2023-11-05T16:07:20.298+0000][2574.869s][debug][safepoint     ] Safepoint synchronization initiated. (191 threads)
[2023-11-05T16:07:20.299+0000][2574.870s][info ][safepoint     ] Application time: 1.0008800 seconds
[2023-11-05T16:07:20.299+0000][2574.870s][info ][safepoint     ] Entering safepoint region: Cleanup
[2023-11-05T16:07:20.300+0000][2574.871s][info ][safepoint     ] Leaving safepoint region
[2023-11-05T16:07:20.301+0000][2574.872s][info ][safepoint     ] Total time for which application threads were stopped: 0.0014315 seconds, Stopping threads took: 0.0006268 seconds
[2023-11-05T16:07:21.302+0000][2575.873s][debug][safepoint     ] Safepoint synchronization initiated. (191 threads)
[2023-11-05T16:07:21.302+0000][2575.873s][info ][safepoint     ] Application time: 1.0006934 seconds
[2023-11-05T16:07:21.303+0000][2575.874s][info ][safepoint     ] Entering safepoint region: Cleanup
[2023-11-05T16:07:21.304+0000][2575.875s][info ][safepoint     ] Leaving safepoint region
[2023-11-05T16:07:21.304+0000][2575.875s][info ][safepoint     ] Total time for which application threads were stopped: 0.0015362 seconds, Stopping threads took: 0.0006501 seconds
[2023-11-05T16:07:22.305+0000][2576.876s][debug][safepoint     ] Safepoint synchronization initiated. (191 threads)
[2023-11-05T16:07:22.306+0000][2576.877s][info ][safepoint     ] Application time: 1.0009320 seconds
[2023-11-05T16:07:22.306+0000][2576.877s][info ][safepoint     ] Entering safepoint region: Cleanup
[2023-11-05T16:07:22.307+0000][2576.878s][info ][safepoint     ] Leaving safepoint region
[2023-11-05T16:07:22.308+0000][2576.879s][info ][safepoint     ] Total time for which application threads were stopped: 0.0015833 seconds, Stopping threads took: 0.0006840 seconds
[2023-11-05T16:07:23.309+0000][2577.880s][debug][safepoint     ] Safepoint synchronization initiated. (191 threads)
[2023-11-05T16:07:23.310+0000][2577.881s][info ][safepoint     ] Application time: 1.0009398 seconds
[2023-11-05T16:07:23.310+0000][2577.881s][info ][safepoint     ] Entering safepoint region: Cleanup
[2023-11-05T16:07:23.311+0000][2577.882s][info ][safepoint     ] Leaving safepoint region
[2023-11-05T16:07:23.312+0000][2577.883s][info ][safepoint     ] Total time for which application threads were stopped: 0.0014071 seconds, Stopping threads took: 0.0005748 seconds
[2023-11-05T16:07:24.311+0000][2578.883s][debug][safepoint     ] Safepoint synchronization initiated. (191 threads)
[2023-11-05T16:07:24.312+0000][2578.884s][info ][safepoint     ] Application time: 1.0010597 seconds
[2023-11-05T16:07:24.312+0000][2578.885s][info ][safepoint     ] Entering safepoint region: Cleanup
[2023-11-05T16:07:24.313+0000][2578.886s][info ][safepoint     ] Leaving safepoint region
[2023-11-05T16:07:24.314+0000][2578.887s][info ][safepoint     ] Total time for which application threads were stopped: 0.0020635 seconds, Stopping threads took: 0.0006253 seconds
[2023-11-05T16:07:25.315+0000][2579.888s][debug][safepoint     ] Safepoint synchronization initiated. (191 threads)
[2023-11-05T16:07:25.316+0000][2579.888s][info ][safepoint     ] Application time: 1.0009754 seconds
[2023-11-05T16:07:25.317+0000][2579.890s][info ][safepoint     ] Entering safepoint region: Cleanup
[2023-11-05T16:07:25.318+0000][2579.890s][info ][safepoint     ] Leaving safepoint region
[2023-11-05T16:07:25.319+0000][2579.891s][info ][safepoint     ] Total time for which application threads were stopped: 0.0019079 seconds, Stopping threads took: 0.0006417 seconds
[2023-11-05T16:07:26.320+0000][2580.892s][debug][safepoint     ] Safepoint synchronization initiated. (191 threads)
[2023-11-05T16:07:26.320+0000][2580.893s][info ][safepoint     ] Application time: 1.0005106 seconds
[2023-11-05T16:07:26.320+0000][2580.893s][info ][safepoint     ] Entering safepoint region: Cleanup
[2023-11-05T16:07:26.321+0000][2580.893s][info ][safepoint     ] Leaving safepoint region
[2023-11-05T16:07:26.321+0000][2580.894s][info ][safepoint     ] Total time for which application threads were stopped: 0.0007305 seconds, Stopping threads took: 0.0002971 seconds
[2023-11-05T16:07:27.322+0000][2581.894s][debug][safepoint     ] Safepoint synchronization initiated. (191 threads)
[2023-11-05T16:07:27.322+0000][2581.895s][info ][safepoint     ] Application time: 1.0008599 seconds
[2023-11-05T16:07:27.323+0000][2581.896s][info ][safepoint     ] Entering safepoint region: Cleanup
[2023-11-05T16:07:27.324+0000][2581.897s][info ][safepoint     ] Leaving safepoint region
[2023-11-05T16:07:27.325+0000][2581.897s][info ][safepoint     ] Total time for which application threads were stopped: 0.0013788 seconds, Stopping threads took: 0.0006489 seconds
[2023-11-05T16:07:28.325+0000][2582.898s][debug][safepoint     ] Safepoint synchronization initiated. (191 threads)
[2023-11-05T16:07:28.326+0000][2582.899s][info ][safepoint     ] Application time: 1.0010210 seconds
[2023-11-05T16:07:28.327+0000][2582.899s][info ][safepoint     ] Entering safepoint region: Cleanup
[2023-11-05T16:07:28.328+0000][2582.900s][info ][safepoint     ] Leaving safepoint region
[2023-11-05T16:07:28.328+0000][2582.901s][info ][safepoint     ] Total time for which application threads were stopped: 0.0014213 seconds, Stopping threads took: 0.0007152 seconds
[2023-11-05T16:07:29.329+0000][2583.901s][debug][safepoint     ] Safepoint synchronization initiated. (191 threads)
[2023-11-05T16:07:29.329+0000][2583.902s][info ][safepoint     ] Application time: 1.0007471 seconds
[2023-11-05T16:07:29.330+0000][2583.903s][info ][safepoint     ] Entering safepoint region: Cleanup
[2023-11-05T16:07:29.331+0000][2583.903s][info ][safepoint     ] Leaving safepoint region
[2023-11-05T16:07:29.331+0000][2583.904s][info ][safepoint     ] Total time for which application threads were stopped: 0.0010003 seconds, Stopping threads took: 0.0004775 seconds
[2023-11-05T16:07:30.332+0000][2584.904s][debug][safepoint     ] Safepoint synchronization initiated. (191 threads)
[2023-11-05T16:07:30.333+0000][2584.905s][info ][safepoint     ] Application time: 1.0009019 seconds
[2023-11-05T16:07:30.333+0000][2584.906s][info ][safepoint     ] Entering safepoint region: Cleanup
[2023-11-05T16:07:30.334+0000][2584.906s][info ][safepoint     ] Leaving safepoint region
[2023-11-05T16:07:30.334+0000][2584.907s][info ][safepoint     ] Total time for which application threads were stopped: 0.0010786 seconds, Stopping threads took: 0.0005185 seconds
[2023-11-05T16:07:31.335+0000][2585.907s][debug][safepoint     ] Safepoint synchronization initiated. (191 threads)
[2023-11-05T16:07:31.335+0000][2585.908s][info ][safepoint     ] Application time: 1.0007798 seconds
[2023-11-05T16:07:31.336+0000][2585.908s][info ][safepoint     ] Entering safepoint region: Cleanup
[2023-11-05T16:07:31.336+0000][2585.909s][info ][safepoint     ] Leaving safepoint region
[2023-11-05T16:07:31.337+0000][2585.909s][info ][safepoint     ] Total time for which application threads were stopped: 0.0010812 seconds, Stopping threads took: 0.0005394 seconds
[2023-11-05T16:07:32.337+0000][2586.910s][debug][safepoint     ] Safepoint synchronization initiated. (191 threads)
[2023-11-05T16:07:32.338+0000][2586.910s][info ][safepoint     ] Application time: 1.0007773 seconds
[2023-11-05T16:07:32.339+0000][2586.911s][info ][safepoint     ] Entering safepoint region: Cleanup
[2023-11-05T16:07:32.339+0000][2586.912s][info ][safepoint     ] Leaving safepoint region
[2023-11-05T16:07:32.340+0000][2586.912s][info ][safepoint     ] Total time for which application threads were stopped: 0.0011461 seconds, Stopping threads took: 0.0004927 seconds
[2023-11-05T16:07:33.340+0000][2587.913s][debug][safepoint     ] Safepoint synchronization initiated. (191 threads)
[2023-11-05T16:07:33.341+0000][2587.913s][info ][safepoint     ] Application time: 1.0008804 seconds
[2023-11-05T16:07:33.341+0000][2587.914s][info ][safepoint     ] Entering safepoint region: Cleanup
[2023-11-05T16:07:33.342+0000][2587.915s][info ][safepoint     ] Leaving safepoint region
[2023-11-05T16:07:33.343+0000][2587.915s][info ][safepoint     ] Total time for which application threads were stopped: 0.0011881 seconds, Stopping threads took: 0.0005380 seconds
[2023-11-05T16:07:34.343+0000][2588.916s][debug][safepoint     ] Safepoint synchronization initiated. (191 threads)
[2023-11-05T16:07:34.344+0000][2588.916s][info ][safepoint     ] Application time: 1.0007564 seconds
[2023-11-05T16:07:34.344+0000][2588.917s][info ][safepoint     ] Entering safepoint region: Cleanup
[2023-11-05T16:07:34.345+0000][2588.917s][info ][safepoint     ] Leaving safepoint region
[2023-11-05T16:07:34.345+0000][2588.918s][info ][safepoint     ] Total time for which application threads were stopped: 0.0012337 seconds, Stopping threads took: 0.0004454 seconds
[2023-11-05T16:07:35.346+0000][2589.918s][debug][safepoint     ] Safepoint synchronization initiated. (191 threads)
[2023-11-05T16:07:35.347+0000][2589.919s][info ][safepoint     ] Application time: 1.0006614 seconds
[2023-11-05T16:07:35.347+0000][2589.920s][info ][safepoint     ] Entering safepoint region: Cleanup
[2023-11-05T16:07:35.348+0000][2589.920s][info ][safepoint     ] Leaving safepoint region
[2023-11-05T16:07:35.348+0000][2589.921s][info ][safepoint     ] Total time for which application threads were stopped: 0.0012987 seconds, Stopping threads took: 0.0005455 seconds
[2023-11-05T16:07:36.349+0000][2590.922s][debug][safepoint     ] Safepoint synchronization initiated. (191 threads)
[2023-11-05T16:07:36.350+0000][2590.922s][info ][safepoint     ] Application time: 1.0011248 seconds
[2023-11-05T16:07:36.351+0000][2590.923s][info ][safepoint     ] Entering safepoint region: Cleanup
[2023-11-05T16:07:36.351+0000][2590.924s][info ][safepoint     ] Leaving safepoint region
[2023-11-05T16:07:36.352+0000][2590.924s][info ][safepoint     ] Total time for which application threads were stopped: 0.0012277 seconds, Stopping threads took: 0.0005010 seconds
[2023-11-05T16:07:37.353+0000][2591.925s][debug][safepoint     ] Safepoint synchronization initiated. (191 threads)
[2023-11-05T16:07:37.354+0000][2591.926s][info ][safepoint     ] Application time: 1.0010982 seconds
[2023-11-05T16:07:37.355+0000][2591.928s][info ][safepoint     ] Entering safepoint region: Cleanup
[2023-11-05T16:07:37.356+0000][2591.928s][info ][safepoint     ] Leaving safepoint region
[2023-11-05T16:07:37.357+0000][2591.929s][info ][safepoint     ] Total time for which application threads were stopped: 0.0014034 seconds, Stopping threads took: 0.0006402 seconds
[2023-11-05T16:07:38.358+0000][2592.930s][debug][safepoint     ] Safepoint synchronization initiated. (191 threads)
[2023-11-05T16:07:38.359+0000][2592.932s][info ][safepoint     ] Application time: 1.0019460 seconds
[2023-11-05T16:07:38.360+0000][2592.932s][info ][safepoint     ] Entering safepoint region: Cleanup
[2023-11-05T16:07:38.361+0000][2592.933s][info ][safepoint     ] Leaving safepoint region
[2023-11-05T16:07:38.361+0000][2592.934s][info ][safepoint     ] Total time for which application threads were stopped: 0.0016527 seconds, Stopping threads took: 0.0005508 seconds
[2023-11-05T16:07:39.362+0000][2593.934s][debug][safepoint     ] Safepoint synchronization initiated. (191 threads)
[2023-11-05T16:07:39.363+0000][2593.935s][info ][safepoint     ] Application time: 1.0008209 seconds
[2023-11-05T16:07:39.363+0000][2593.936s][info ][safepoint     ] Entering safepoint region: Cleanup
[2023-11-05T16:07:39.364+0000][2593.936s][info ][safepoint     ] Leaving safepoint region
[2023-11-05T16:07:39.365+0000][2593.937s][info ][safepoint     ] Total time for which application threads were stopped: 0.0013114 seconds, Stopping threads took: 0.0006700 seconds
[2023-11-05T16:07:40.365+0000][2594.938s][debug][safepoint     ] Safepoint synchronization initiated. (191 threads)
[2023-11-05T16:07:40.366+0000][2594.939s][info ][safepoint     ] Application time: 1.0013078 seconds
[2023-11-05T16:07:40.367+0000][2594.940s][info ][safepoint     ] Entering safepoint region: Cleanup
[2023-11-05T16:07:40.369+0000][2594.941s][info ][safepoint     ] Leaving safepoint region
[2023-11-05T16:07:40.369+0000][2594.942s][info ][safepoint     ] Total time for which application threads were stopped: 0.0019635 seconds, Stopping threads took: 0.0008798 seconds
[2023-11-05T16:07:41.370+0000][2595.943s][debug][safepoint     ] Safepoint synchronization initiated. (191 threads)
[2023-11-05T16:07:41.371+0000][2595.943s][info ][safepoint     ] Application time: 1.0008605 seconds
[2023-11-05T16:07:41.371+0000][2595.944s][info ][safepoint     ] Entering safepoint region: Cleanup
[2023-11-05T16:07:41.372+0000][2595.944s][info ][safepoint     ] Leaving safepoint region
[2023-11-05T16:07:41.372+0000][2595.945s][info ][safepoint     ] Total time for which application threads were stopped: 0.0010065 seconds, Stopping threads took: 0.0004572 seconds
[2023-11-05T16:07:42.373+0000][2596.945s][debug][safepoint     ] Safepoint synchronization initiated. (191 threads)
[2023-11-05T16:07:42.374+0000][2596.946s][info ][safepoint     ] Application time: 1.0007750 seconds
[2023-11-05T16:07:42.374+0000][2596.947s][debug][safepoint     ] ... found polling page loop exception at pc = 0x00007f808d3fab8f, stub =0x00007f8084843680
[2023-11-05T16:07:42.377+0000][2596.949s][debug][safepoint     ] Waiting for 1 thread(s) to block
[2023-11-05T16:07:42.378+0000][2596.950s][info ][safepoint     ] Entering safepoint region: Cleanup
[2023-11-05T16:07:42.379+0000][2596.951s][info ][safepoint     ] Leaving safepoint region
[2023-11-05T16:07:42.379+0000][2596.951s][info ][safepoint     ] Total time for which application threads were stopped: 0.0050691 seconds, Stopping threads took: 0.0044081 seconds
[2023-11-05T16:07:43.380+0000][2597.952s][debug][safepoint     ] Safepoint synchronization initiated. (191 threads)
[2023-11-05T16:07:43.380+0000][2597.953s][info ][safepoint     ] Application time: 1.0006724 seconds
[2023-11-05T16:07:43.381+0000][2597.953s][info ][safepoint     ] Entering safepoint region: Cleanup
[2023-11-05T16:07:43.381+0000][2597.954s][info ][safepoint     ] Leaving safepoint region
[2023-11-05T16:07:43.382+0000][2597.954s][info ][safepoint     ] Total time for which application threads were stopped: 0.0011023 seconds, Stopping threads took: 0.0005091 seconds
[2023-11-05T16:07:44.382+0000][2598.955s][debug][safepoint     ] Safepoint synchronization initiated. (191 threads)
[2023-11-05T16:07:44.383+0000][2598.955s][info ][safepoint     ] Application time: 1.0008481 seconds
[2023-11-05T16:07:44.383+0000][2598.956s][info ][safepoint     ] Entering safepoint region: Cleanup
[2023-11-05T16:07:44.384+0000][2598.956s][info ][safepoint     ] Leaving safepoint region
[2023-11-05T16:07:44.384+0000][2598.957s][info ][safepoint     ] Total time for which application threads were stopped: 0.0011172 seconds, Stopping threads took: 0.0005555 seconds
[2023-11-05T16:07:45.385+0000][2599.957s][debug][safepoint     ] Safepoint synchronization initiated. (191 threads)
[2023-11-05T16:07:45.386+0000][2599.959s][info ][safepoint     ] Application time: 1.0013543 seconds
[2023-11-05T16:07:45.387+0000][2599.960s][info ][safepoint     ] Entering safepoint region: Cleanup
[2023-11-05T16:07:45.389+0000][2599.961s][info ][safepoint     ] Leaving safepoint region
[2023-11-05T16:07:45.390+0000][2599.962s][info ][safepoint     ] Total time for which application threads were stopped: 0.0024989 seconds, Stopping threads took: 0.0010863 seconds
[2023-11-05T16:07:46.391+0000][2600.963s][debug][safepoint     ] Safepoint synchronization initiated. (191 threads)
[2023-11-05T16:07:46.392+0000][2600.965s][info ][safepoint     ] Application time: 1.0014517 seconds
[2023-11-05T16:07:46.393+0000][2600.966s][info ][safepoint     ] Entering safepoint region: Cleanup
[2023-11-05T16:07:46.394+0000][2600.967s][info ][safepoint     ] Leaving safepoint region
[2023-11-05T16:07:46.395+0000][2600.968s][info ][safepoint     ] Total time for which application threads were stopped: 0.0021502 seconds, Stopping threads took: 0.0009937 seconds
[2023-11-05T16:07:47.396+0000][2601.969s][debug][safepoint     ] Safepoint synchronization initiated. (191 threads)
[2023-11-05T16:07:47.397+0000][2601.970s][info ][safepoint     ] Application time: 1.0011386 seconds
[2023-11-05T16:07:47.398+0000][2601.970s][info ][safepoint     ] Entering safepoint region: Cleanup
[2023-11-05T16:07:47.399+0000][2601.971s][info ][safepoint     ] Leaving safepoint region
[2023-11-05T16:07:47.400+0000][2601.972s][info ][safepoint     ] Total time for which application threads were stopped: 0.0017561 seconds, Stopping threads took: 0.0008498 seconds
[2023-11-05T16:07:48.400+0000][2602.973s][debug][safepoint     ] Safepoint synchronization initiated. (189 threads)
[2023-11-05T16:07:48.401+0000][2602.973s][info ][safepoint     ] Application time: 1.0007321 seconds
[2023-11-05T16:07:48.402+0000][2602.974s][info ][safepoint     ] Entering safepoint region: Cleanup
[2023-11-05T16:07:48.402+0000][2602.975s][info ][safepoint     ] Leaving safepoint region
[2023-11-05T16:07:48.403+0000][2602.975s][info ][safepoint     ] Total time for which application threads were stopped: 0.0010838 seconds, Stopping threads took: 0.0004164 seconds
[2023-11-05T16:07:49.403+0000][2603.976s][debug][safepoint     ] Safepoint synchronization initiated. (189 threads)
[2023-11-05T16:07:49.404+0000][2603.976s][info ][safepoint     ] Application time: 1.0007028 seconds
[2023-11-05T16:07:49.404+0000][2603.977s][info ][safepoint     ] Entering safepoint region: Cleanup
[2023-11-05T16:07:49.405+0000][2603.977s][info ][safepoint     ] Leaving safepoint region
[2023-11-05T16:07:49.405+0000][2603.978s][info ][safepoint     ] Total time for which application threads were stopped: 0.0011744 seconds, Stopping threads took: 0.0004625 seconds
[2023-11-05T16:07:50.406+0000][2604.978s][debug][safepoint     ] Safepoint synchronization initiated. (189 threads)
[2023-11-05T16:07:50.407+0000][2604.979s][info ][safepoint     ] Application time: 1.0008972 seconds
[2023-11-05T16:07:50.407+0000][2604.980s][info ][safepoint     ] Entering safepoint region: Cleanup
[2023-11-05T16:07:50.408+0000][2604.981s][info ][safepoint     ] Leaving safepoint region
[2023-11-05T16:07:50.409+0000][2604.981s][info ][safepoint     ] Total time for which application threads were stopped: 0.0013673 seconds, Stopping threads took: 0.0006079 seconds
[2023-11-05T16:07:51.409+0000][2605.982s][debug][safepoint     ] Safepoint synchronization initiated. (189 threads)
[2023-11-05T16:07:51.410+0000][2605.982s][info ][safepoint     ] Application time: 1.0006145 seconds
[2023-11-05T16:07:51.410+0000][2605.982s][info ][safepoint     ] Entering safepoint region: Cleanup
[2023-11-05T16:07:51.411+0000][2605.983s][info ][safepoint     ] Leaving safepoint region
[2023-11-05T16:07:51.411+0000][2605.983s][info ][safepoint     ] Total time for which application threads were stopped: 0.0008852 seconds, Stopping threads took: 0.0003567 seconds
[2023-11-05T16:07:52.411+0000][2606.984s][debug][safepoint     ] Safepoint synchronization initiated. (189 threads)
[2023-11-05T16:07:52.412+0000][2606.984s][info ][safepoint     ] Application time: 1.0005087 seconds
[2023-11-05T16:07:52.412+0000][2606.985s][info ][safepoint     ] Entering safepoint region: Cleanup
[2023-11-05T16:07:52.413+0000][2606.985s][info ][safepoint     ] Leaving safepoint region
[2023-11-05T16:07:52.414+0000][2606.986s][info ][safepoint     ] Total time for which application threads were stopped: 0.0014813 seconds, Stopping threads took: 0.0002980 seconds
[2023-11-05T16:07:53.414+0000][2607.986s][debug][safepoint     ] Safepoint synchronization initiated. (189 threads)
[2023-11-05T16:07:53.415+0000][2607.987s][info ][safepoint     ] Application time: 1.0006409 seconds
[2023-11-05T16:07:53.415+0000][2607.988s][info ][safepoint     ] Entering safepoint region: Cleanup
[2023-11-05T16:07:53.417+0000][2607.989s][info ][safepoint     ] Leaving safepoint region
[2023-11-05T16:07:53.417+0000][2607.990s][info ][safepoint     ] Total time for which application threads were stopped: 0.0020615 seconds, Stopping threads took: 0.0013805 seconds
[2023-11-05T16:07:54.417+0000][2608.990s][debug][safepoint     ] Safepoint synchronization initiated. (189 threads)
[2023-11-05T16:07:54.418+0000][2608.991s][info ][safepoint     ] Application time: 1.0007647 seconds
[2023-11-05T16:07:54.418+0000][2608.991s][info ][safepoint     ] Entering safepoint region: Cleanup
[2023-11-05T16:07:54.419+0000][2608.992s][info ][safepoint     ] Leaving safepoint region
[2023-11-05T16:07:54.419+0000][2608.992s][info ][safepoint     ] Total time for which application threads were stopped: 0.0010193 seconds, Stopping threads took: 0.0004392 seconds
[2023-11-05T16:07:55.420+0000][2609.993s][debug][safepoint     ] Safepoint synchronization initiated. (189 threads)
[2023-11-05T16:07:55.421+0000][2609.994s][info ][safepoint     ] Application time: 1.0009563 seconds
[2023-11-05T16:07:55.421+0000][2609.994s][info ][safepoint     ] Entering safepoint region: Cleanup
[2023-11-05T16:07:55.422+0000][2609.995s][info ][safepoint     ] Leaving safepoint region
[2023-11-05T16:07:55.423+0000][2609.996s][info ][safepoint     ] Total time for which application threads were stopped: 0.0017000 seconds, Stopping threads took: 0.0003887 seconds
[2023-11-05T16:07:56.423+0000][2610.996s][debug][safepoint     ] Safepoint synchronization initiated. (189 threads)
[2023-11-05T16:07:56.424+0000][2610.997s][info ][safepoint     ] Application time: 1.0006873 seconds
[2023-11-05T16:07:56.424+0000][2610.997s][info ][safepoint     ] Entering safepoint region: Cleanup
[2023-11-05T16:07:56.425+0000][2610.998s][info ][safepoint     ] Leaving safepoint region
[2023-11-05T16:07:56.425+0000][2610.998s][info ][safepoint     ] Total time for which application threads were stopped: 0.0008888 seconds, Stopping threads took: 0.0004114 seconds
[2023-11-05T16:07:57.426+0000][2611.999s][debug][safepoint     ] Safepoint synchronization initiated. (189 threads)
[2023-11-05T16:07:57.426+0000][2611.999s][info ][safepoint     ] Application time: 1.0007047 seconds
[2023-11-05T16:07:57.427+0000][2612.000s][info ][safepoint     ] Entering safepoint region: Cleanup
[2023-11-05T16:07:57.428+0000][2612.001s][info ][safepoint     ] Leaving safepoint region
[2023-11-05T16:07:57.428+0000][2612.001s][info ][safepoint     ] Total time for which application threads were stopped: 0.0010001 seconds, Stopping threads took: 0.0004591 seconds
[2023-11-05T16:07:58.429+0000][2613.002s][debug][safepoint     ] Safepoint synchronization initiated. (189 threads)
[2023-11-05T16:07:58.429+0000][2613.002s][info ][safepoint     ] Application time: 1.0009792 seconds
[2023-11-05T16:07:58.430+0000][2613.003s][debug][safepoint     ] ... found polling page return exception at pc = 0x00007f808c8e4606, stub =0x00007f8084840600
[2023-11-05T16:07:58.431+0000][2613.004s][debug][safepoint     ] Waiting for 1 thread(s) to block
[2023-11-05T16:07:58.432+0000][2613.005s][info ][safepoint     ] Entering safepoint region: Cleanup
[2023-11-05T16:07:58.432+0000][2613.005s][info ][safepoint     ] Leaving safepoint region
[2023-11-05T16:07:58.433+0000][2613.006s][info ][safepoint     ] Total time for which application threads were stopped: 0.0027185 seconds, Stopping threads took: 0.0021553 seconds
[2023-11-05T16:07:59.433+0000][2614.006s][debug][safepoint     ] Safepoint synchronization initiated. (189 threads)
[2023-11-05T16:07:59.434+0000][2614.007s][info ][safepoint     ] Application time: 1.0007640 seconds
[2023-11-05T16:07:59.434+0000][2614.007s][info ][safepoint     ] Entering safepoint region: Cleanup
[2023-11-05T16:07:59.435+0000][2614.008s][info ][safepoint     ] Leaving safepoint region
[2023-11-05T16:07:59.435+0000][2614.008s][info ][safepoint     ] Total time for which application threads were stopped: 0.0011827 seconds, Stopping threads took: 0.0005266 seconds
[2023-11-05T16:08:00.437+0000][2615.010s][debug][safepoint     ] Safepoint synchronization initiated. (189 threads)
[2023-11-05T16:08:00.438+0000][2615.011s][info ][safepoint     ] Application time: 1.0011240 seconds
[2023-11-05T16:08:00.438+0000][2615.011s][info ][safepoint     ] Entering safepoint region: Cleanup
[2023-11-05T16:08:00.439+0000][2615.012s][info ][safepoint     ] Leaving safepoint region
[2023-11-05T16:08:00.439+0000][2615.012s][info ][safepoint     ] Total time for which application threads were stopped: 0.0011141 seconds, Stopping threads took: 0.0004673 seconds
[2023-11-05T16:08:01.440+0000][2616.013s][debug][safepoint     ] Safepoint synchronization initiated. (189 threads)
[2023-11-05T16:08:01.440+0000][2616.013s][info ][safepoint     ] Application time: 1.0005867 seconds
[2023-11-05T16:08:01.441+0000][2616.014s][info ][safepoint     ] Entering safepoint region: Cleanup
[2023-11-05T16:08:01.441+0000][2616.014s][info ][safepoint     ] Leaving safepoint region
[2023-11-05T16:08:01.442+0000][2616.015s][info ][safepoint     ] Total time for which application threads were stopped: 0.0013587 seconds, Stopping threads took: 0.0003995 seconds
[2023-11-05T16:08:02.443+0000][2617.016s][debug][safepoint     ] Safepoint synchronization initiated. (189 threads)
[2023-11-05T16:08:02.444+0000][2617.017s][info ][safepoint     ] Application time: 1.0010868 seconds
[2023-11-05T16:08:02.444+0000][2617.017s][info ][safepoint     ] Entering safepoint region: Cleanup
[2023-11-05T16:08:02.445+0000][2617.018s][info ][safepoint     ] Leaving safepoint region
[2023-11-05T16:08:02.445+0000][2617.018s][info ][safepoint     ] Total time for which application threads were stopped: 0.0010182 seconds, Stopping threads took: 0.0004725 seconds
[2023-11-05T16:08:03.446+0000][2618.019s][debug][safepoint     ] Safepoint synchronization initiated. (189 threads)
[2023-11-05T16:08:03.447+0000][2618.020s][info ][safepoint     ] Application time: 1.0010739 seconds
[2023-11-05T16:08:03.447+0000][2618.020s][info ][safepoint     ] Entering safepoint region: Cleanup
[2023-11-05T16:08:03.448+0000][2618.021s][info ][safepoint     ] Leaving safepoint region
[2023-11-05T16:08:03.448+0000][2618.021s][info ][safepoint     ] Total time for which application threads were stopped: 0.0011026 seconds, Stopping threads took: 0.0005361 seconds
[2023-11-05T16:08:04.448+0000][2619.021s][debug][safepoint     ] Safepoint synchronization initiated. (189 threads)
[2023-11-05T16:08:04.449+0000][2619.022s][info ][safepoint     ] Application time: 1.0007518 seconds
[2023-11-05T16:08:04.450+0000][2619.023s][info ][safepoint     ] Entering safepoint region: Cleanup
[2023-11-05T16:08:04.450+0000][2619.023s][info ][safepoint     ] Leaving safepoint region
[2023-11-05T16:08:04.451+0000][2619.024s][info ][safepoint     ] Total time for which application threads were stopped: 0.0013668 seconds, Stopping threads took: 0.0006008 seconds
[2023-11-05T16:08:05.452+0000][2620.025s][debug][safepoint     ] Safepoint synchronization initiated. (189 threads)
[2023-11-05T16:08:05.453+0000][2620.026s][info ][safepoint     ] Application time: 1.0014111 seconds
[2023-11-05T16:08:05.454+0000][2620.027s][info ][safepoint     ] Entering safepoint region: Cleanup
[2023-11-05T16:08:05.456+0000][2620.029s][info ][safepoint     ] Leaving safepoint region
[2023-11-05T16:08:05.457+0000][2620.030s][info ][safepoint     ] Total time for which application threads were stopped: 0.0027483 seconds, Stopping threads took: 0.0011383 seconds
[2023-11-05T16:08:06.458+0000][2621.031s][debug][safepoint     ] Safepoint synchronization initiated. (189 threads)
[2023-11-05T16:08:06.459+0000][2621.032s][info ][safepoint     ] Application time: 1.0017355 seconds
[2023-11-05T16:08:06.460+0000][2621.033s][info ][safepoint     ] Entering safepoint region: Cleanup
[2023-11-05T16:08:06.462+0000][2621.035s][info ][safepoint     ] Leaving safepoint region
[2023-11-05T16:08:06.463+0000][2621.036s][info ][safepoint     ] Total time for which application threads were stopped: 0.0021720 seconds, Stopping threads took: 0.0009742 seconds
[2023-11-05T16:08:07.463+0000][2622.036s][debug][safepoint     ] Safepoint synchronization initiated. (189 threads)
[2023-11-05T16:08:07.464+0000][2622.037s][info ][safepoint     ] Application time: 1.0009489 seconds
[2023-11-05T16:08:07.465+0000][2622.038s][info ][safepoint     ] Entering safepoint region: Cleanup
[2023-11-05T16:08:07.466+0000][2622.039s][info ][safepoint     ] Leaving safepoint region
[2023-11-05T16:08:07.466+0000][2622.039s][info ][safepoint     ] Total time for which application threads were stopped: 0.0011596 seconds, Stopping threads took: 0.0005480 seconds
[2023-11-05T16:08:08.467+0000][2623.040s][debug][safepoint     ] Safepoint synchronization initiated. (189 threads)
[2023-11-05T16:08:08.467+0000][2623.041s][info ][safepoint     ] Application time: 1.0010625 seconds
[2023-11-05T16:08:08.468+0000][2623.041s][info ][safepoint     ] Entering safepoint region: Cleanup
[2023-11-05T16:08:08.469+0000][2623.042s][info ][safepoint     ] Leaving safepoint region
[2023-11-05T16:08:08.470+0000][2623.043s][info ][safepoint     ] Total time for which application threads were stopped: 0.0015126 seconds, Stopping threads took: 0.0006481 seconds
[2023-11-05T16:08:09.471+0000][2624.044s][debug][safepoint     ] Safepoint synchronization initiated. (189 threads)
[2023-11-05T16:08:09.471+0000][2624.044s][info ][safepoint     ] Application time: 1.0011800 seconds
[2023-11-05T16:08:09.472+0000][2624.045s][info ][safepoint     ] Entering safepoint region: Cleanup
[2023-11-05T16:08:09.473+0000][2624.046s][info ][safepoint     ] Leaving safepoint region
[2023-11-05T16:08:09.474+0000][2624.047s][info ][safepoint     ] Total time for which application threads were stopped: 0.0014168 seconds, Stopping threads took: 0.0005960 seconds
[2023-11-05T16:08:10.475+0000][2625.048s][debug][safepoint     ] Safepoint synchronization initiated. (189 threads)
[2023-11-05T16:08:10.476+0000][2625.049s][info ][safepoint     ] Application time: 1.0016334 seconds
[2023-11-05T16:08:10.477+0000][2625.050s][info ][safepoint     ] Entering safepoint region: Cleanup
[2023-11-05T16:08:10.479+0000][2625.052s][info ][safepoint     ] Leaving safepoint region
[2023-11-05T16:08:10.480+0000][2625.053s][info ][safepoint     ] Total time for which application threads were stopped: 0.0027178 seconds, Stopping threads took: 0.0011828 seconds
[2023-11-05T16:08:11.481+0000][2626.054s][debug][safepoint     ] Safepoint synchronization initiated. (189 threads)
[2023-11-05T16:08:11.482+0000][2626.056s][info ][safepoint     ] Application time: 1.0017192 seconds
[2023-11-05T16:08:11.484+0000][2626.057s][info ][safepoint     ] Entering safepoint region: Cleanup
[2023-11-05T16:08:11.485+0000][2626.058s][info ][safepoint     ] Leaving safepoint region
[2023-11-05T16:08:11.486+0000][2626.059s][info ][safepoint     ] Total time for which application threads were stopped: 0.0026356 seconds, Stopping threads took: 0.0011540 seconds
[2023-11-05T16:08:12.488+0000][2627.061s][debug][safepoint     ] Safepoint synchronization initiated. (189 threads)
[2023-11-05T16:08:12.488+0000][2627.061s][info ][safepoint     ] Application time: 1.0010435 seconds
[2023-11-05T16:08:12.489+0000][2627.062s][info ][safepoint     ] Entering safepoint region: Cleanup
[2023-11-05T16:08:12.490+0000][2627.063s][info ][safepoint     ] Leaving safepoint region
[2023-11-05T16:08:12.491+0000][2627.064s][info ][safepoint     ] Total time for which application threads were stopped: 0.0019715 seconds, Stopping threads took: 0.0009443 seconds
[2023-11-05T16:08:13.492+0000][2628.065s][debug][safepoint     ] Safepoint synchronization initiated. (189 threads)
[2023-11-05T16:08:13.493+0000][2628.066s][info ][safepoint     ] Application time: 1.0017270 seconds
[2023-11-05T16:08:13.495+0000][2628.068s][info ][safepoint     ] Entering safepoint region: Cleanup
[2023-11-05T16:08:13.496+0000][2628.069s][info ][safepoint     ] Leaving safepoint region
[2023-11-05T16:08:13.497+0000][2628.070s][info ][safepoint     ] Total time for which application threads were stopped: 0.0026582 seconds, Stopping threads took: 0.0011557 seconds
[2023-11-05T16:08:14.498+0000][2629.071s][debug][safepoint     ] Safepoint synchronization initiated. (189 threads)
[2023-11-05T16:08:14.499+0000][2629.072s][info ][safepoint     ] Application time: 1.0008970 seconds
[2023-11-05T16:08:14.499+0000][2629.072s][info ][safepoint     ] Entering safepoint region: Cleanup
[2023-11-05T16:08:14.500+0000][2629.073s][info ][safepoint     ] Leaving safepoint region
[2023-11-05T16:08:14.501+0000][2629.074s][info ][safepoint     ] Total time for which application threads were stopped: 0.0012511 seconds, Stopping threads took: 0.0005560 seconds
[2023-11-05T16:08:15.501+0000][2630.074s][debug][safepoint     ] Safepoint synchronization initiated. (189 threads)
[2023-11-05T16:08:15.502+0000][2630.075s][info ][safepoint     ] Application time: 1.0011009 seconds
[2023-11-05T16:08:15.503+0000][2630.076s][info ][safepoint     ] Entering safepoint region: Cleanup
[2023-11-05T16:08:15.504+0000][2630.077s][info ][safepoint     ] Leaving safepoint region
[2023-11-05T16:08:15.504+0000][2630.077s][info ][safepoint     ] Total time for which application threads were stopped: 0.0013490 seconds, Stopping threads took: 0.0006439 seconds
[2023-11-05T16:08:16.505+0000][2631.078s][debug][safepoint     ] Safepoint synchronization initiated. (189 threads)
[2023-11-05T16:08:16.506+0000][2631.079s][info ][safepoint     ] Application time: 1.0007898 seconds
[2023-11-05T16:08:16.506+0000][2631.079s][info ][safepoint     ] Entering safepoint region: Cleanup
[2023-11-05T16:08:16.507+0000][2631.080s][info ][safepoint     ] Leaving safepoint region
[2023-11-05T16:08:16.507+0000][2631.080s][info ][safepoint     ] Total time for which application threads were stopped: 0.0011432 seconds, Stopping threads took: 0.0005026 seconds
[2023-11-05T16:08:17.508+0000][2632.081s][debug][safepoint     ] Safepoint synchronization initiated. (189 threads)
[2023-11-05T16:08:17.508+0000][2632.081s][info ][safepoint     ] Application time: 1.0006267 seconds
[2023-11-05T16:08:17.509+0000][2632.082s][info ][safepoint     ] Entering safepoint region: Cleanup
[2023-11-05T16:08:17.510+0000][2632.083s][info ][safepoint     ] Leaving safepoint region
[2023-11-05T16:08:17.510+0000][2632.083s][info ][safepoint     ] Total time for which application threads were stopped: 0.0016317 seconds, Stopping threads took: 0.0004437 seconds
[2023-11-05T16:08:18.511+0000][2633.084s][debug][safepoint     ] Safepoint synchronization initiated. (189 threads)
[2023-11-05T16:08:18.512+0000][2633.085s][info ][safepoint     ] Application time: 1.0009981 seconds
[2023-11-05T16:08:18.513+0000][2633.086s][info ][safepoint     ] Entering safepoint region: Cleanup
[2023-11-05T16:08:18.514+0000][2633.087s][info ][safepoint     ] Leaving safepoint region
[2023-11-05T16:08:18.514+0000][2633.087s][info ][safepoint     ] Total time for which application threads were stopped: 0.0013619 seconds, Stopping threads took: 0.0005852 seconds
[2023-11-05T16:08:19.515+0000][2634.088s][debug][safepoint     ] Safepoint synchronization initiated. (189 threads)
[2023-11-05T16:08:19.516+0000][2634.089s][info ][safepoint     ] Application time: 1.0016387 seconds
[2023-11-05T16:08:19.517+0000][2634.090s][info ][safepoint     ] Entering safepoint region: Cleanup
[2023-11-05T16:08:19.519+0000][2634.092s][info ][safepoint     ] Leaving safepoint region
[2023-11-05T16:08:19.520+0000][2634.093s][info ][safepoint     ] Total time for which application threads were stopped: 0.0023556 seconds, Stopping threads took: 0.0009998 seconds
[2023-11-05T16:08:20.521+0000][2635.094s][debug][safepoint     ] Safepoint synchronization initiated. (189 threads)
[2023-11-05T16:08:20.522+0000][2635.095s][info ][safepoint     ] Application time: 1.0014192 seconds
[2023-11-05T16:08:20.523+0000][2635.096s][info ][safepoint     ] Entering safepoint region: Cleanup
[2023-11-05T16:08:20.524+0000][2635.097s][info ][safepoint     ] Leaving safepoint region
[2023-11-05T16:08:20.525+0000][2635.098s][info ][safepoint     ] Total time for which application threads were stopped: 0.0025391 seconds, Stopping threads took: 0.0010899 seconds
[2023-11-05T16:08:21.527+0000][2636.100s][debug][safepoint     ] Safepoint synchronization initiated. (189 threads)
[2023-11-05T16:08:21.528+0000][2636.101s][info ][safepoint     ] Application time: 1.0017066 seconds
[2023-11-05T16:08:21.529+0000][2636.102s][info ][safepoint     ] Entering safepoint region: Cleanup
[2023-11-05T16:08:21.531+0000][2636.104s][info ][safepoint     ] Leaving safepoint region
[2023-11-05T16:08:21.532+0000][2636.105s][info ][safepoint     ] Total time for which application threads were stopped: 0.0025882 seconds, Stopping threads took: 0.0010727 seconds
[2023-11-05T16:08:22.533+0000][2637.106s][debug][safepoint     ] Safepoint synchronization initiated. (189 threads)
[2023-11-05T16:08:22.534+0000][2637.107s][info ][safepoint     ] Application time: 1.0012219 seconds
[2023-11-05T16:08:22.535+0000][2637.108s][info ][safepoint     ] Entering safepoint region: Cleanup
[2023-11-05T16:08:22.536+0000][2637.109s][info ][safepoint     ] Leaving safepoint region
[2023-11-05T16:08:22.537+0000][2637.110s][info ][safepoint     ] Total time for which application threads were stopped: 0.0018596 seconds, Stopping threads took: 0.0007269 seconds
[2023-11-05T16:08:23.538+0000][2638.111s][debug][safepoint     ] Safepoint synchronization initiated. (189 threads)
[2023-11-05T16:08:23.538+0000][2638.112s][info ][safepoint     ] Application time: 1.0011016 seconds
[2023-11-05T16:08:23.539+0000][2638.112s][info ][safepoint     ] Entering safepoint region: Cleanup
[2023-11-05T16:08:23.540+0000][2638.113s][info ][safepoint     ] Leaving safepoint region
[2023-11-05T16:08:23.541+0000][2638.114s][info ][safepoint     ] Total time for which application threads were stopped: 0.0015002 seconds, Stopping threads took: 0.0007534 seconds
[2023-11-05T16:08:24.541+0000][2639.115s][debug][safepoint     ] Safepoint synchronization initiated. (189 threads)
[2023-11-05T16:08:24.541+0000][2639.115s][info ][safepoint     ] Application time: 1.0009292 seconds
[2023-11-05T16:08:24.542+0000][2639.116s][info ][safepoint     ] Entering safepoint region: Cleanup
[2023-11-05T16:08:24.544+0000][2639.118s][info ][safepoint     ] Leaving safepoint region
[2023-11-05T16:08:24.544+0000][2639.118s][info ][safepoint     ] Total time for which application threads were stopped: 0.0021467 seconds, Stopping threads took: 0.0014483 seconds
[2023-11-05T16:08:25.545+0000][2640.119s][debug][safepoint     ] Safepoint synchronization initiated. (189 threads)
[2023-11-05T16:08:25.546+0000][2640.120s][info ][safepoint     ] Application time: 1.0015388 seconds
[2023-11-05T16:08:25.547+0000][2640.121s][info ][safepoint     ] Entering safepoint region: Cleanup
[2023-11-05T16:08:25.547+0000][2640.121s][info ][safepoint     ] Leaving safepoint region
[2023-11-05T16:08:25.548+0000][2640.122s][info ][safepoint     ] Total time for which application threads were stopped: 0.0011954 seconds, Stopping threads took: 0.0005654 seconds
[2023-11-05T16:08:26.548+0000][2641.122s][debug][safepoint     ] Safepoint synchronization initiated. (189 threads)
[2023-11-05T16:08:26.550+0000][2641.124s][info ][safepoint     ] Application time: 1.0017104 seconds
[2023-11-05T16:08:26.550+0000][2641.124s][info ][safepoint     ] Entering safepoint region: Cleanup
[2023-11-05T16:08:26.551+0000][2641.125s][info ][safepoint     ] Leaving safepoint region
[2023-11-05T16:08:26.551+0000][2641.125s][info ][safepoint     ] Total time for which application threads were stopped: 0.0012187 seconds, Stopping threads took: 0.0006046 seconds
[2023-11-05T16:08:27.025+0000][2641.599s][debug][safepoint     ] Safepoint synchronization initiated. (189 threads)
[2023-11-05T16:08:27.026+0000][2641.600s][info ][safepoint     ] Application time: 0.4742537 seconds
[2023-11-05T16:08:27.027+0000][2641.601s][info ][safepoint     ] Entering safepoint region: G1CollectForAllocation
[2023-11-05T16:08:27.028+0000][2641.602s][info ][gc,start      ] GC(108) Pause Young (Normal) (G1 Evacuation Pause)
[2023-11-05T16:08:27.029+0000][2641.603s][info ][gc,task       ] GC(108) Using 8 workers of 8 for evacuation
[2023-11-05T16:08:27.035+0000][2641.609s][info ][gc,phases     ] GC(108)   Pre Evacuate Collection Set: 0.0ms
[2023-11-05T16:08:27.036+0000][2641.610s][info ][gc,phases     ] GC(108)   Evacuate Collection Set: 2.5ms
[2023-11-05T16:08:27.036+0000][2641.610s][info ][gc,phases     ] GC(108)   Post Evacuate Collection Set: 2.3ms
[2023-11-05T16:08:27.037+0000][2641.611s][info ][gc,phases     ] GC(108)   Other: 2.0ms
[2023-11-05T16:08:27.038+0000][2641.612s][info ][gc,heap       ] GC(108) Eden regions: 125->0(127)
[2023-11-05T16:08:27.038+0000][2641.612s][info ][gc,heap       ] GC(108) Survivor regions: 2->2(16)
[2023-11-05T16:08:27.039+0000][2641.613s][info ][gc,heap       ] GC(108) Old regions: 140->140
[2023-11-05T16:08:27.039+0000][2641.613s][info ][gc,heap       ] GC(108) Humongous regions: 60->60
[2023-11-05T16:08:27.040+0000][2641.614s][info ][gc,metaspace  ] GC(108) Metaspace: 168392K(175676K)->168392K(175676K) NonClass: 149152K(153960K)->149152K(153960K) Class: 19240K(21716K)->19240K(21716K)
[2023-11-05T16:08:27.040+0000][2641.614s][info ][gc            ] GC(108) Pause Young (Normal) (G1 Evacuation Pause) 324M->199M(381M) 11.836ms
[2023-11-05T16:08:27.041+0000][2641.615s][info ][gc,cpu        ] GC(108) User=0.02s Sys=0.02s Real=0.01s
[2023-11-05T16:08:27.041+0000][2641.615s][info ][safepoint     ] Leaving safepoint region
[2023-11-05T16:08:27.042+0000][2641.616s][info ][safepoint     ] Total time for which application threads were stopped: 0.0148786 seconds, Stopping threads took: 0.0009505 seconds
[2023-11-05T16:08:27.042+0000][2641.616s][info ][gc,stringdedup] Concurrent String Deduplication (2641.616s)
[2023-11-05T16:08:27.043+0000][2641.617s][info ][gc,stringdedup] Concurrent String Deduplication 0.0B->0.0B(0.0B) avg 54.4% (2641.616s, 2641.617s) 0.377ms
[2023-11-05T16:08:28.043+0000][2642.617s][debug][safepoint     ] Safepoint synchronization initiated. (189 threads)
[2023-11-05T16:08:28.043+0000][2642.617s][info ][safepoint     ] Application time: 1.0007024 seconds
[2023-11-05T16:08:28.044+0000][2642.618s][info ][safepoint     ] Entering safepoint region: Cleanup
[2023-11-05T16:08:28.045+0000][2642.619s][info ][safepoint     ] Leaving safepoint region
[2023-11-05T16:08:28.045+0000][2642.619s][info ][safepoint     ] Total time for which application threads were stopped: 0.0012691 seconds, Stopping threads took: 0.0004783 seconds
[2023-11-05T16:08:29.046+0000][2643.620s][debug][safepoint     ] Safepoint synchronization initiated. (189 threads)
[2023-11-05T16:08:29.046+0000][2643.620s][info ][safepoint     ] Application time: 1.0007329 seconds
[2023-11-05T16:08:29.047+0000][2643.621s][info ][safepoint     ] Entering safepoint region: Cleanup
[2023-11-05T16:08:29.048+0000][2643.622s][info ][safepoint     ] Leaving safepoint region
[2023-11-05T16:08:29.048+0000][2643.622s][info ][safepoint     ] Total time for which application threads were stopped: 0.0016465 seconds, Stopping threads took: 0.0009016 seconds
[2023-11-05T16:08:30.049+0000][2644.623s][debug][safepoint     ] Safepoint synchronization initiated. (189 threads)
[2023-11-05T16:08:30.049+0000][2644.624s][info ][safepoint     ] Application time: 1.0007602 seconds
[2023-11-05T16:08:30.050+0000][2644.624s][info ][safepoint     ] Entering safepoint region: Cleanup
[2023-11-05T16:08:30.051+0000][2644.625s][info ][safepoint     ] Leaving safepoint region
[2023-11-05T16:08:30.051+0000][2644.625s][info ][safepoint     ] Total time for which application threads were stopped: 0.0011450 seconds, Stopping threads took: 0.0004734 seconds
[2023-11-05T16:08:30.051+0000][2644.625s][debug][safepoint     ] ... found polling page return exception at pc = 0x00007f808d32eb44, stub =0x00007f8084840600
[2023-11-05T16:08:30.051+0000][2644.625s][debug][safepoint     ] ... found polling page return exception at pc = 0x00007f808d32eb44, stub =0x00007f8084840600
[2023-11-05T16:08:30.051+0000][2644.625s][debug][safepoint     ] ... found polling page return exception at pc = 0x00007f808d32eb44, stub =0x00007f8084840600
[2023-11-05T16:08:31.052+0000][2645.626s][debug][safepoint     ] Safepoint synchronization initiated. (189 threads)
[2023-11-05T16:08:31.053+0000][2645.627s][info ][safepoint     ] Application time: 1.0009817 seconds
[2023-11-05T16:08:31.053+0000][2645.627s][info ][safepoint     ] Entering safepoint region: Cleanup
[2023-11-05T16:08:31.054+0000][2645.628s][info ][safepoint     ] Leaving safepoint region
[2023-11-05T16:08:31.055+0000][2645.629s][info ][safepoint     ] Total time for which application threads were stopped: 0.0013528 seconds, Stopping threads took: 0.0005557 seconds
[2023-11-05T16:08:32.055+0000][2646.629s][debug][safepoint     ] Safepoint synchronization initiated. (189 threads)
[2023-11-05T16:08:32.056+0000][2646.630s][info ][safepoint     ] Application time: 1.0007254 seconds
[2023-11-05T16:08:32.056+0000][2646.630s][info ][safepoint     ] Entering safepoint region: Cleanup
[2023-11-05T16:08:32.057+0000][2646.631s][info ][safepoint     ] Leaving safepoint region
[2023-11-05T16:08:32.057+0000][2646.631s][info ][safepoint     ] Total time for which application threads were stopped: 0.0009245 seconds, Stopping threads took: 0.0003569 seconds
[2023-11-05T16:08:33.058+0000][2647.632s][debug][safepoint     ] Safepoint synchronization initiated. (189 threads)
[2023-11-05T16:08:33.059+0000][2647.633s][info ][safepoint     ] Application time: 1.0010085 seconds
[2023-11-05T16:08:33.059+0000][2647.633s][info ][safepoint     ] Entering safepoint region: Cleanup
[2023-11-05T16:08:33.060+0000][2647.634s][info ][safepoint     ] Leaving safepoint region
[2023-11-05T16:08:33.061+0000][2647.635s][info ][safepoint     ] Total time for which application threads were stopped: 0.0013675 seconds, Stopping threads took: 0.0005697 seconds
[2023-11-05T16:08:34.061+0000][2648.635s][debug][safepoint     ] Safepoint synchronization initiated. (189 threads)
[2023-11-05T16:08:34.062+0000][2648.636s][info ][safepoint     ] Application time: 1.0009750 seconds
[2023-11-05T16:08:34.063+0000][2648.637s][info ][safepoint     ] Entering safepoint region: Cleanup
[2023-11-05T16:08:34.063+0000][2648.637s][info ][safepoint     ] Leaving safepoint region
[2023-11-05T16:08:34.064+0000][2648.638s][info ][safepoint     ] Total time for which application threads were stopped: 0.0013737 seconds, Stopping threads took: 0.0005196 seconds
[2023-11-05T16:08:35.065+0000][2649.639s][debug][safepoint     ] Safepoint synchronization initiated. (189 threads)
[2023-11-05T16:08:35.065+0000][2649.639s][info ][safepoint     ] Application time: 1.0007196 seconds
[2023-11-05T16:08:35.066+0000][2649.640s][info ][safepoint     ] Entering safepoint region: Cleanup
[2023-11-05T16:08:35.066+0000][2649.640s][info ][safepoint     ] Leaving safepoint region
[2023-11-05T16:08:35.067+0000][2649.641s][info ][safepoint     ] Total time for which application threads were stopped: 0.0009953 seconds, Stopping threads took: 0.0003776 seconds
[2023-11-05T16:08:36.067+0000][2650.641s][debug][safepoint     ] Safepoint synchronization initiated. (189 threads)
[2023-11-05T16:08:36.068+0000][2650.642s][info ][safepoint     ] Application time: 1.0009327 seconds
[2023-11-05T16:08:36.069+0000][2650.643s][info ][safepoint     ] Entering safepoint region: Cleanup
[2023-11-05T16:08:36.069+0000][2650.643s][info ][safepoint     ] Leaving safepoint region
[2023-11-05T16:08:36.070+0000][2650.644s][info ][safepoint     ] Total time for which application threads were stopped: 0.0012837 seconds, Stopping threads took: 0.0005338 seconds
[2023-11-05T16:08:37.070+0000][2651.644s][debug][safepoint     ] Safepoint synchronization initiated. (189 threads)
[2023-11-05T16:08:37.071+0000][2651.645s][info ][safepoint     ] Application time: 1.0008265 seconds
[2023-11-05T16:08:37.072+0000][2651.646s][info ][safepoint     ] Entering safepoint region: Cleanup
[2023-11-05T16:08:37.072+0000][2651.646s][info ][safepoint     ] Leaving safepoint region
[2023-11-05T16:08:37.073+0000][2651.647s][info ][safepoint     ] Total time for which application threads were stopped: 0.0012797 seconds, Stopping threads took: 0.0005132 seconds
[2023-11-05T16:08:38.074+0000][2652.648s][debug][safepoint     ] Safepoint synchronization initiated. (189 threads)
[2023-11-05T16:08:38.074+0000][2652.648s][info ][safepoint     ] Application time: 1.0008740 seconds
[2023-11-05T16:08:38.075+0000][2652.649s][info ][safepoint     ] Entering safepoint region: Cleanup
[2023-11-05T16:08:38.075+0000][2652.649s][info ][safepoint     ] Leaving safepoint region
[2023-11-05T16:08:38.075+0000][2652.650s][info ][safepoint     ] Total time for which application threads were stopped: 0.0009316 seconds, Stopping threads took: 0.0003860 seconds
[2023-11-05T16:08:39.076+0000][2653.650s][debug][safepoint     ] Safepoint synchronization initiated. (189 threads)
[2023-11-05T16:08:39.077+0000][2653.651s][info ][safepoint     ] Application time: 1.0008135 seconds
[2023-11-05T16:08:39.077+0000][2653.651s][info ][safepoint     ] Entering safepoint region: Cleanup
[2023-11-05T16:08:39.078+0000][2653.652s][info ][safepoint     ] Leaving safepoint region
[2023-11-05T16:08:39.078+0000][2653.652s][info ][safepoint     ] Total time for which application threads were stopped: 0.0012242 seconds, Stopping threads took: 0.0005420 seconds
[2023-11-05T16:08:40.079+0000][2654.653s][debug][safepoint     ] Safepoint synchronization initiated. (190 threads)
[2023-11-05T16:08:40.079+0000][2654.653s][info ][safepoint     ] Application time: 1.0004802 seconds
[2023-11-05T16:08:40.080+0000][2654.654s][info ][safepoint     ] Entering safepoint region: Cleanup
[2023-11-05T16:08:40.080+0000][2654.654s][info ][safepoint     ] Leaving safepoint region
[2023-11-05T16:08:40.081+0000][2654.655s][info ][safepoint     ] Total time for which application threads were stopped: 0.0013350 seconds, Stopping threads took: 0.0006198 seconds
[2023-11-05T16:08:41.082+0000][2655.656s][debug][safepoint     ] Safepoint synchronization initiated. (190 threads)
[2023-11-05T16:08:41.082+0000][2655.656s][info ][safepoint     ] Application time: 1.0009835 seconds
[2023-11-05T16:08:41.083+0000][2655.657s][info ][safepoint     ] Entering safepoint region: Cleanup
[2023-11-05T16:08:41.084+0000][2655.658s][info ][safepoint     ] Leaving safepoint region
[2023-11-05T16:08:41.084+0000][2655.658s][info ][safepoint     ] Total time for which application threads were stopped: 0.0012734 seconds, Stopping threads took: 0.0005358 seconds
[2023-11-05T16:08:42.085+0000][2656.659s][debug][safepoint     ] Safepoint synchronization initiated. (191 threads)
[2023-11-05T16:08:42.085+0000][2656.659s][info ][safepoint     ] Application time: 1.0008155 seconds
[2023-11-05T16:08:42.086+0000][2656.660s][info ][safepoint     ] Entering safepoint region: Cleanup
[2023-11-05T16:08:42.087+0000][2656.661s][info ][safepoint     ] Leaving safepoint region
[2023-11-05T16:08:42.087+0000][2656.661s][info ][safepoint     ] Total time for which application threads were stopped: 0.0012657 seconds, Stopping threads took: 0.0005715 seconds
[2023-11-05T16:08:43.088+0000][2657.662s][debug][safepoint     ] Safepoint synchronization initiated. (191 threads)
[2023-11-05T16:08:43.089+0000][2657.663s][info ][safepoint     ] Application time: 1.0008848 seconds
[2023-11-05T16:08:43.089+0000][2657.663s][info ][safepoint     ] Entering safepoint region: Cleanup
[2023-11-05T16:08:43.090+0000][2657.664s][info ][safepoint     ] Leaving safepoint region
[2023-11-05T16:08:43.090+0000][2657.664s][info ][safepoint     ] Total time for which application threads were stopped: 0.0013839 seconds, Stopping threads took: 0.0006533 seconds
[2023-11-05T16:08:44.091+0000][2658.665s][debug][safepoint     ] Safepoint synchronization initiated. (191 threads)
[2023-11-05T16:08:44.091+0000][2658.665s][info ][safepoint     ] Application time: 1.0006333 seconds
[2023-11-05T16:08:44.092+0000][2658.666s][info ][safepoint     ] Entering safepoint region: Cleanup
[2023-11-05T16:08:44.092+0000][2658.666s][info ][safepoint     ] Leaving safepoint region
[2023-11-05T16:08:44.093+0000][2658.667s][info ][safepoint     ] Total time for which application threads were stopped: 0.0010080 seconds, Stopping threads took: 0.0003948 seconds
[2023-11-05T16:08:45.094+0000][2659.668s][debug][safepoint     ] Safepoint synchronization initiated. (191 threads)
[2023-11-05T16:08:45.094+0000][2659.669s][info ][safepoint     ] Application time: 1.0012057 seconds
[2023-11-05T16:08:45.095+0000][2659.669s][info ][safepoint     ] Entering safepoint region: Cleanup
[2023-11-05T16:08:45.096+0000][2659.670s][info ][safepoint     ] Leaving safepoint region
[2023-11-05T16:08:45.097+0000][2659.671s][info ][safepoint     ] Total time for which application threads were stopped: 0.0017696 seconds, Stopping threads took: 0.0008573 seconds
[2023-11-05T16:08:46.098+0000][2660.672s][debug][safepoint     ] Safepoint synchronization initiated. (191 threads)
[2023-11-05T16:08:46.099+0000][2660.673s][info ][safepoint     ] Application time: 1.0010239 seconds
[2023-11-05T16:08:46.099+0000][2660.673s][info ][safepoint     ] Entering safepoint region: Cleanup
[2023-11-05T16:08:46.100+0000][2660.674s][info ][safepoint     ] Leaving safepoint region
[2023-11-05T16:08:46.101+0000][2660.675s][info ][safepoint     ] Total time for which application threads were stopped: 0.0013909 seconds, Stopping threads took: 0.0006410 seconds
[2023-11-05T16:08:47.101+0000][2661.675s][debug][safepoint     ] Safepoint synchronization initiated. (191 threads)
[2023-11-05T16:08:47.102+0000][2661.676s][info ][safepoint     ] Application time: 1.0007694 seconds
[2023-11-05T16:08:47.102+0000][2661.676s][info ][safepoint     ] Entering safepoint region: Cleanup
[2023-11-05T16:08:47.103+0000][2661.677s][info ][safepoint     ] Leaving safepoint region
[2023-11-05T16:08:47.104+0000][2661.678s][info ][safepoint     ] Total time for which application threads were stopped: 0.0011908 seconds, Stopping threads took: 0.0005705 seconds
[2023-11-05T16:08:48.104+0000][2662.679s][debug][safepoint     ] Safepoint synchronization initiated. (191 threads)
[2023-11-05T16:08:48.106+0000][2662.680s][info ][safepoint     ] Application time: 1.0014369 seconds
[2023-11-05T16:08:48.107+0000][2662.681s][info ][safepoint     ] Entering safepoint region: Cleanup
[2023-11-05T16:08:48.108+0000][2662.682s][info ][safepoint     ] Leaving safepoint region
[2023-11-05T16:08:48.109+0000][2662.683s][info ][safepoint     ] Total time for which application threads were stopped: 0.0025589 seconds, Stopping threads took: 0.0011311 seconds
[2023-11-05T16:08:49.111+0000][2663.685s][debug][safepoint     ] Safepoint synchronization initiated. (191 threads)
[2023-11-05T16:08:49.112+0000][2663.686s][info ][safepoint     ] Application time: 1.0016606 seconds
[2023-11-05T16:08:49.113+0000][2663.687s][info ][safepoint     ] Entering safepoint region: Cleanup
[2023-11-05T16:08:49.115+0000][2663.689s][info ][safepoint     ] Leaving safepoint region
[2023-11-05T16:08:49.116+0000][2663.690s][info ][safepoint     ] Total time for which application threads were stopped: 0.0024699 seconds, Stopping threads took: 0.0012284 seconds
[2023-11-05T16:08:50.117+0000][2664.691s][debug][safepoint     ] Safepoint synchronization initiated. (191 threads)
[2023-11-05T16:08:50.118+0000][2664.692s][info ][safepoint     ] Application time: 1.0015832 seconds
[2023-11-05T16:08:50.119+0000][2664.693s][info ][safepoint     ] Entering safepoint region: Cleanup
[2023-11-05T16:08:50.120+0000][2664.694s][info ][safepoint     ] Leaving safepoint region
[2023-11-05T16:08:50.121+0000][2664.695s][info ][safepoint     ] Total time for which application threads were stopped: 0.0023078 seconds, Stopping threads took: 0.0010418 seconds
[2023-11-05T16:08:51.122+0000][2665.696s][debug][safepoint     ] Safepoint synchronization initiated. (191 threads)
[2023-11-05T16:08:51.124+0000][2665.698s][info ][safepoint     ] Application time: 1.0015198 seconds
[2023-11-05T16:08:51.125+0000][2665.699s][info ][safepoint     ] Entering safepoint region: Cleanup
[2023-11-05T16:08:51.126+0000][2665.700s][info ][safepoint     ] Leaving safepoint region
[2023-11-05T16:08:51.127+0000][2665.701s][info ][safepoint     ] Total time for which application threads were stopped: 0.0022124 seconds, Stopping threads took: 0.0010024 seconds
[2023-11-05T16:08:52.128+0000][2666.702s][debug][safepoint     ] Safepoint synchronization initiated. (191 threads)
[2023-11-05T16:08:52.129+0000][2666.703s][info ][safepoint     ] Application time: 1.0010634 seconds
[2023-11-05T16:08:52.130+0000][2666.704s][info ][safepoint     ] Entering safepoint region: Cleanup
[2023-11-05T16:08:52.130+0000][2666.704s][info ][safepoint     ] Leaving safepoint region
[2023-11-05T16:08:52.131+0000][2666.705s][info ][safepoint     ] Total time for which application threads were stopped: 0.0016401 seconds, Stopping threads took: 0.0007344 seconds
[2023-11-05T16:08:53.132+0000][2667.706s][debug][safepoint     ] Safepoint synchronization initiated. (191 threads)
[2023-11-05T16:08:53.133+0000][2667.707s][info ][safepoint     ] Application time: 1.0015828 seconds
[2023-11-05T16:08:53.135+0000][2667.709s][info ][safepoint     ] Entering safepoint region: Cleanup
[2023-11-05T16:08:53.136+0000][2667.710s][info ][safepoint     ] Leaving safepoint region
[2023-11-05T16:08:53.137+0000][2667.711s][info ][safepoint     ] Total time for which application threads were stopped: 0.0025179 seconds, Stopping threads took: 0.0011130 seconds
[2023-11-05T16:08:54.133+0000][2668.712s][debug][safepoint     ] Safepoint synchronization initiated. (191 threads)
[2023-11-05T16:08:54.133+0000][2668.712s][info ][safepoint     ] Application time: 1.0007039 seconds
[2023-11-05T16:08:54.134+0000][2668.713s][info ][safepoint     ] Entering safepoint region: Cleanup
[2023-11-05T16:08:54.135+0000][2668.714s][info ][safepoint     ] Leaving safepoint region
[2023-11-05T16:08:54.136+0000][2668.715s][info ][safepoint     ] Total time for which application threads were stopped: 0.0020647 seconds, Stopping threads took: 0.0005354 seconds
[2023-11-05T16:08:55.137+0000][2669.716s][debug][safepoint     ] Safepoint synchronization initiated. (191 threads)
[2023-11-05T16:08:55.137+0000][2669.716s][info ][safepoint     ] Application time: 1.0010460 seconds
[2023-11-05T16:08:55.138+0000][2669.717s][info ][safepoint     ] Entering safepoint region: Cleanup
[2023-11-05T16:08:55.139+0000][2669.718s][info ][safepoint     ] Leaving safepoint region
[2023-11-05T16:08:55.139+0000][2669.718s][info ][safepoint     ] Total time for which application threads were stopped: 0.0012888 seconds, Stopping threads took: 0.0006222 seconds
[2023-11-05T16:08:56.140+0000][2670.719s][debug][safepoint     ] Safepoint synchronization initiated. (191 threads)
[2023-11-05T16:08:56.141+0000][2670.720s][info ][safepoint     ] Application time: 1.0010782 seconds
[2023-11-05T16:08:56.141+0000][2670.720s][info ][safepoint     ] Entering safepoint region: Cleanup
[2023-11-05T16:08:56.142+0000][2670.721s][info ][safepoint     ] Leaving safepoint region
[2023-11-05T16:08:56.143+0000][2670.722s][info ][safepoint     ] Total time for which application threads were stopped: 0.0014224 seconds, Stopping threads took: 0.0005638 seconds
[2023-11-05T16:08:57.143+0000][2671.723s][debug][safepoint     ] Safepoint synchronization initiated. (191 threads)
[2023-11-05T16:08:57.144+0000][2671.723s][info ][safepoint     ] Application time: 1.0009123 seconds
[2023-11-05T16:08:57.145+0000][2671.724s][info ][safepoint     ] Entering safepoint region: Cleanup
[2023-11-05T16:08:57.146+0000][2671.725s][info ][safepoint     ] Leaving safepoint region
[2023-11-05T16:08:57.147+0000][2671.726s][info ][safepoint     ] Total time for which application threads were stopped: 0.0018350 seconds, Stopping threads took: 0.0008009 seconds
[2023-11-05T16:08:58.148+0000][2672.727s][debug][safepoint     ] Safepoint synchronization initiated. (191 threads)
[2023-11-05T16:08:58.148+0000][2672.728s][info ][safepoint     ] Application time: 1.0007378 seconds
[2023-11-05T16:08:58.149+0000][2672.728s][info ][safepoint     ] Entering safepoint region: Cleanup
[2023-11-05T16:08:58.150+0000][2672.729s][info ][safepoint     ] Leaving safepoint region
[2023-11-05T16:08:58.150+0000][2672.729s][info ][safepoint     ] Total time for which application threads were stopped: 0.0012631 seconds, Stopping threads took: 0.0005057 seconds
[2023-11-05T16:08:59.151+0000][2673.730s][debug][safepoint     ] Safepoint synchronization initiated. (191 threads)
[2023-11-05T16:08:59.151+0000][2673.731s][info ][safepoint     ] Application time: 1.0007128 seconds
[2023-11-05T16:08:59.152+0000][2673.731s][info ][safepoint     ] Entering safepoint region: Cleanup
[2023-11-05T16:08:59.153+0000][2673.732s][info ][safepoint     ] Leaving safepoint region
[2023-11-05T16:08:59.154+0000][2673.733s][info ][safepoint     ] Total time for which application threads were stopped: 0.0016091 seconds, Stopping threads took: 0.0007465 seconds
[2023-11-05T16:09:00.155+0000][2674.734s][debug][safepoint     ] Safepoint synchronization initiated. (191 threads)
[2023-11-05T16:09:00.156+0000][2674.735s][info ][safepoint     ] Application time: 1.0017650 seconds
[2023-11-05T16:09:00.157+0000][2674.736s][debug][safepoint     ] Waiting for 1 thread(s) to block
[2023-11-05T16:09:00.158+0000][2674.738s][info ][safepoint     ] Entering safepoint region: Cleanup
[2023-11-05T16:09:00.160+0000][2674.739s][info ][safepoint     ] Leaving safepoint region
[2023-11-05T16:09:00.161+0000][2674.740s][info ][safepoint     ] Total time for which application threads were stopped: 0.0037646 seconds, Stopping threads took: 0.0026007 seconds
[2023-11-05T16:09:01.162+0000][2675.741s][debug][safepoint     ] Safepoint synchronization initiated. (191 threads)
[2023-11-05T16:09:01.163+0000][2675.742s][info ][safepoint     ] Application time: 1.0016936 seconds
[2023-11-05T16:09:01.164+0000][2675.744s][info ][safepoint     ] Entering safepoint region: Cleanup
[2023-11-05T16:09:01.166+0000][2675.745s][info ][safepoint     ] Leaving safepoint region
[2023-11-05T16:09:01.167+0000][2675.746s][info ][safepoint     ] Total time for which application threads were stopped: 0.0023500 seconds, Stopping threads took: 0.0009277 seconds
[2023-11-05T16:09:02.168+0000][2676.747s][debug][safepoint     ] Safepoint synchronization initiated. (191 threads)
[2023-11-05T16:09:02.168+0000][2676.748s][info ][safepoint     ] Application time: 1.0007557 seconds
[2023-11-05T16:09:02.169+0000][2676.748s][info ][safepoint     ] Entering safepoint region: Cleanup
[2023-11-05T16:09:02.170+0000][2676.749s][info ][safepoint     ] Leaving safepoint region
[2023-11-05T16:09:02.170+0000][2676.749s][info ][safepoint     ] Total time for which application threads were stopped: 0.0014324 seconds, Stopping threads took: 0.0004760 seconds
[2023-11-05T16:09:03.171+0000][2677.750s][debug][safepoint     ] Safepoint synchronization initiated. (191 threads)
[2023-11-05T16:09:03.172+0000][2677.751s][info ][safepoint     ] Application time: 1.0011463 seconds
[2023-11-05T16:09:03.172+0000][2677.751s][info ][safepoint     ] Entering safepoint region: Cleanup
[2023-11-05T16:09:03.173+0000][2677.752s][info ][safepoint     ] Leaving safepoint region
[2023-11-05T16:09:03.173+0000][2677.753s][info ][safepoint     ] Total time for which application threads were stopped: 0.0011843 seconds, Stopping threads took: 0.0004792 seconds
[2023-11-05T16:09:04.174+0000][2678.753s][debug][safepoint     ] Safepoint synchronization initiated. (191 threads)
[2023-11-05T16:09:04.175+0000][2678.754s][info ][safepoint     ] Application time: 1.0006697 seconds
[2023-11-05T16:09:04.175+0000][2678.754s][info ][safepoint     ] Entering safepoint region: Cleanup
[2023-11-05T16:09:04.176+0000][2678.755s][info ][safepoint     ] Leaving safepoint region
[2023-11-05T16:09:04.177+0000][2678.756s][info ][safepoint     ] Total time for which application threads were stopped: 0.0012765 seconds, Stopping threads took: 0.0005695 seconds
[2023-11-05T16:09:05.177+0000][2679.756s][debug][safepoint     ] Safepoint synchronization initiated. (191 threads)
[2023-11-05T16:09:05.179+0000][2679.758s][info ][safepoint     ] Application time: 1.0016253 seconds
[2023-11-05T16:09:05.180+0000][2679.759s][info ][safepoint     ] Entering safepoint region: Cleanup
[2023-11-05T16:09:05.181+0000][2679.760s][info ][safepoint     ] Leaving safepoint region
[2023-11-05T16:09:05.182+0000][2679.761s][info ][safepoint     ] Total time for which application threads were stopped: 0.0021949 seconds, Stopping threads took: 0.0011026 seconds
[2023-11-05T16:09:06.183+0000][2680.762s][debug][safepoint     ] Safepoint synchronization initiated. (191 threads)
[2023-11-05T16:09:06.184+0000][2680.763s][info ][safepoint     ] Application time: 1.0013734 seconds
[2023-11-05T16:09:06.185+0000][2680.764s][info ][safepoint     ] Entering safepoint region: Cleanup
[2023-11-05T16:09:06.187+0000][2680.766s][info ][safepoint     ] Leaving safepoint region
[2023-11-05T16:09:06.188+0000][2680.767s][info ][safepoint     ] Total time for which application threads were stopped: 0.0024898 seconds, Stopping threads took: 0.0010987 seconds
[2023-11-05T16:09:07.189+0000][2681.768s][debug][safepoint     ] Safepoint synchronization initiated. (191 threads)
[2023-11-05T16:09:07.190+0000][2681.769s][info ][safepoint     ] Application time: 1.0011201 seconds
[2023-11-05T16:09:07.190+0000][2681.769s][info ][safepoint     ] Entering safepoint region: Cleanup
[2023-11-05T16:09:07.191+0000][2681.770s][info ][safepoint     ] Leaving safepoint region
[2023-11-05T16:09:07.192+0000][2681.771s][info ][safepoint     ] Total time for which application threads were stopped: 0.0013281 seconds, Stopping threads took: 0.0005798 seconds
[2023-11-05T16:09:08.192+0000][2682.771s][debug][safepoint     ] Safepoint synchronization initiated. (191 threads)
[2023-11-05T16:09:08.193+0000][2682.773s][info ][safepoint     ] Application time: 1.0014374 seconds
[2023-11-05T16:09:08.194+0000][2682.774s][info ][safepoint     ] Entering safepoint region: Cleanup
[2023-11-05T16:09:08.196+0000][2682.775s][info ][safepoint     ] Leaving safepoint region
[2023-11-05T16:09:08.197+0000][2682.776s][info ][safepoint     ] Total time for which application threads were stopped: 0.0026694 seconds, Stopping threads took: 0.0011776 seconds
[2023-11-05T16:09:09.198+0000][2683.777s][debug][safepoint     ] Safepoint synchronization initiated. (191 threads)
[2023-11-05T16:09:09.199+0000][2683.778s][info ][safepoint     ] Application time: 1.0007237 seconds
[2023-11-05T16:09:09.199+0000][2683.778s][info ][safepoint     ] Entering safepoint region: Cleanup
[2023-11-05T16:09:09.200+0000][2683.779s][info ][safepoint     ] Leaving safepoint region
[2023-11-05T16:09:09.200+0000][2683.779s][info ][safepoint     ] Total time for which application threads were stopped: 0.0009825 seconds, Stopping threads took: 0.0004190 seconds
[2023-11-05T16:09:10.201+0000][2684.780s][debug][safepoint     ] Safepoint synchronization initiated. (191 threads)
[2023-11-05T16:09:10.201+0000][2684.781s][info ][safepoint     ] Application time: 1.0009344 seconds
[2023-11-05T16:09:10.202+0000][2684.781s][info ][safepoint     ] Entering safepoint region: Cleanup
[2023-11-05T16:09:10.203+0000][2684.782s][info ][safepoint     ] Leaving safepoint region
[2023-11-05T16:09:10.204+0000][2684.783s][info ][safepoint     ] Total time for which application threads were stopped: 0.0016560 seconds, Stopping threads took: 0.0008264 seconds
[2023-11-05T16:09:11.205+0000][2685.784s][debug][safepoint     ] Safepoint synchronization initiated. (191 threads)
[2023-11-05T16:09:11.206+0000][2685.785s][info ][safepoint     ] Application time: 1.0017169 seconds
[2023-11-05T16:09:11.207+0000][2685.786s][info ][safepoint     ] Entering safepoint region: Cleanup
[2023-11-05T16:09:11.208+0000][2685.787s][info ][safepoint     ] Leaving safepoint region
[2023-11-05T16:09:11.208+0000][2685.788s][info ][safepoint     ] Total time for which application threads were stopped: 0.0016340 seconds, Stopping threads took: 0.0009045 seconds
[2023-11-05T16:09:12.209+0000][2686.788s][debug][safepoint     ] Safepoint synchronization initiated. (191 threads)
[2023-11-05T16:09:12.209+0000][2686.788s][info ][safepoint     ] Application time: 1.0005258 seconds
[2023-11-05T16:09:12.210+0000][2686.789s][info ][safepoint     ] Entering safepoint region: Cleanup
[2023-11-05T16:09:12.210+0000][2686.789s][info ][safepoint     ] Leaving safepoint region
[2023-11-05T16:09:12.210+0000][2686.790s][info ][safepoint     ] Total time for which application threads were stopped: 0.0008398 seconds, Stopping threads took: 0.0003590 seconds
[2023-11-05T16:09:13.211+0000][2687.790s][debug][safepoint     ] Safepoint synchronization initiated. (191 threads)
[2023-11-05T16:09:13.212+0000][2687.791s][info ][safepoint     ] Application time: 1.0009552 seconds
[2023-11-05T16:09:13.212+0000][2687.791s][info ][safepoint     ] Entering safepoint region: Cleanup
[2023-11-05T16:09:13.213+0000][2687.792s][info ][safepoint     ] Leaving safepoint region
[2023-11-05T16:09:13.213+0000][2687.793s][info ][safepoint     ] Total time for which application threads were stopped: 0.0012442 seconds, Stopping threads took: 0.0004127 seconds
[2023-11-05T16:09:14.214+0000][2688.794s][debug][safepoint     ] Safepoint synchronization initiated. (191 threads)
[2023-11-05T16:09:14.215+0000][2688.794s][info ][safepoint     ] Application time: 1.0010217 seconds
[2023-11-05T16:09:14.216+0000][2688.795s][info ][safepoint     ] Entering safepoint region: Cleanup
[2023-11-05T16:09:14.216+0000][2688.795s][info ][safepoint     ] Leaving safepoint region
[2023-11-05T16:09:14.217+0000][2688.796s][info ][safepoint     ] Total time for which application threads were stopped: 0.0012437 seconds, Stopping threads took: 0.0005788 seconds
[2023-11-05T16:09:15.218+0000][2689.797s][debug][safepoint     ] Safepoint synchronization initiated. (191 threads)
[2023-11-05T16:09:15.219+0000][2689.798s][info ][safepoint     ] Application time: 1.0009856 seconds
[2023-11-05T16:09:15.220+0000][2689.799s][info ][safepoint     ] Entering safepoint region: Cleanup
[2023-11-05T16:09:15.221+0000][2689.800s][info ][safepoint     ] Leaving safepoint region
[2023-11-05T16:09:15.221+0000][2689.800s][info ][safepoint     ] Total time for which application threads were stopped: 0.0013898 seconds, Stopping threads took: 0.0006811 seconds
[2023-11-05T16:09:16.222+0000][2690.801s][debug][safepoint     ] Safepoint synchronization initiated. (191 threads)
[2023-11-05T16:09:16.223+0000][2690.803s][info ][safepoint     ] Application time: 1.0019487 seconds
[2023-11-05T16:09:16.224+0000][2690.804s][info ][safepoint     ] Entering safepoint region: Cleanup
[2023-11-05T16:09:16.225+0000][2690.805s][info ][safepoint     ] Leaving safepoint region
[2023-11-05T16:09:16.226+0000][2690.805s][info ][safepoint     ] Total time for which application threads were stopped: 0.0018094 seconds, Stopping threads took: 0.0008373 seconds
[2023-11-05T16:09:17.227+0000][2691.806s][debug][safepoint     ] Safepoint synchronization initiated. (191 threads)
[2023-11-05T16:09:17.228+0000][2691.807s][info ][safepoint     ] Application time: 1.0009446 seconds
[2023-11-05T16:09:17.229+0000][2691.808s][info ][safepoint     ] Entering safepoint region: Cleanup
[2023-11-05T16:09:17.229+0000][2691.808s][info ][safepoint     ] Leaving safepoint region
[2023-11-05T16:09:17.230+0000][2691.809s][info ][safepoint     ] Total time for which application threads were stopped: 0.0012880 seconds, Stopping threads took: 0.0006048 seconds
[2023-11-05T16:09:18.231+0000][2692.810s][debug][safepoint     ] Safepoint synchronization initiated. (191 threads)
[2023-11-05T16:09:18.231+0000][2692.810s][info ][safepoint     ] Application time: 1.0008310 seconds
[2023-11-05T16:09:18.232+0000][2692.811s][info ][safepoint     ] Entering safepoint region: Cleanup
[2023-11-05T16:09:18.233+0000][2692.812s][info ][safepoint     ] Leaving safepoint region
[2023-11-05T16:09:18.233+0000][2692.812s][info ][safepoint     ] Total time for which application threads were stopped: 0.0016024 seconds, Stopping threads took: 0.0009167 seconds
[2023-11-05T16:09:19.234+0000][2693.813s][debug][safepoint     ] Safepoint synchronization initiated. (191 threads)
[2023-11-05T16:09:19.235+0000][2693.814s][info ][safepoint     ] Application time: 1.0010576 seconds
[2023-11-05T16:09:19.235+0000][2693.814s][info ][safepoint     ] Entering safepoint region: Cleanup
[2023-11-05T16:09:19.236+0000][2693.815s][info ][safepoint     ] Leaving safepoint region
[2023-11-05T16:09:19.237+0000][2693.816s][info ][safepoint     ] Total time for which application threads were stopped: 0.0015484 seconds, Stopping threads took: 0.0006744 seconds
[2023-11-05T16:09:20.238+0000][2694.817s][debug][safepoint     ] Safepoint synchronization initiated. (191 threads)
[2023-11-05T16:09:20.238+0000][2694.817s][info ][safepoint     ] Application time: 1.0007739 seconds
[2023-11-05T16:09:20.240+0000][2694.819s][info ][safepoint     ] Entering safepoint region: Cleanup
[2023-11-05T16:09:20.240+0000][2694.820s][info ][safepoint     ] Leaving safepoint region
[2023-11-05T16:09:20.241+0000][2694.820s][info ][safepoint     ] Total time for which application threads were stopped: 0.0014635 seconds, Stopping threads took: 0.0007911 seconds
[2023-11-05T16:09:21.242+0000][2695.821s][debug][safepoint     ] Safepoint synchronization initiated. (191 threads)
[2023-11-05T16:09:21.242+0000][2695.822s][info ][safepoint     ] Application time: 1.0010638 seconds
[2023-11-05T16:09:21.243+0000][2695.822s][info ][safepoint     ] Entering safepoint region: Cleanup
[2023-11-05T16:09:21.244+0000][2695.823s][info ][safepoint     ] Leaving safepoint region
[2023-11-05T16:09:21.245+0000][2695.824s][info ][safepoint     ] Total time for which application threads were stopped: 0.0014720 seconds, Stopping threads took: 0.0006476 seconds
[2023-11-05T16:09:22.245+0000][2696.825s][debug][safepoint     ] Safepoint synchronization initiated. (191 threads)
[2023-11-05T16:09:22.246+0000][2696.825s][info ][safepoint     ] Application time: 1.0010216 seconds
[2023-11-05T16:09:22.247+0000][2696.826s][info ][safepoint     ] Entering safepoint region: Cleanup
[2023-11-05T16:09:22.248+0000][2696.827s][info ][safepoint     ] Leaving safepoint region
[2023-11-05T16:09:22.249+0000][2696.828s][info ][safepoint     ] Total time for which application threads were stopped: 0.0018278 seconds, Stopping threads took: 0.0007945 seconds
[2023-11-05T16:09:23.250+0000][2697.829s][debug][safepoint     ] Safepoint synchronization initiated. (191 threads)
[2023-11-05T16:09:23.250+0000][2697.829s][info ][safepoint     ] Application time: 1.0008494 seconds
[2023-11-05T16:09:23.251+0000][2697.830s][info ][safepoint     ] Entering safepoint region: Cleanup
[2023-11-05T16:09:23.251+0000][2697.831s][info ][safepoint     ] Leaving safepoint region
[2023-11-05T16:09:23.252+0000][2697.831s][info ][safepoint     ] Total time for which application threads were stopped: 0.0012313 seconds, Stopping threads took: 0.0004634 seconds
[2023-11-05T16:09:24.250+0000][2698.832s][debug][safepoint     ] Safepoint synchronization initiated. (191 threads)
[2023-11-05T16:09:24.251+0000][2698.833s][info ][safepoint     ] Application time: 1.0010140 seconds
[2023-11-05T16:09:24.252+0000][2698.833s][info ][safepoint     ] Entering safepoint region: Cleanup
[2023-11-05T16:09:24.253+0000][2698.835s][info ][safepoint     ] Leaving safepoint region
[2023-11-05T16:09:24.254+0000][2698.835s][info ][safepoint     ] Total time for which application threads were stopped: 0.0019988 seconds, Stopping threads took: 0.0012777 seconds
[2023-11-05T16:09:25.255+0000][2699.836s][debug][safepoint     ] Safepoint synchronization initiated. (191 threads)
[2023-11-05T16:09:25.256+0000][2699.837s][info ][safepoint     ] Application time: 1.0010714 seconds
[2023-11-05T16:09:25.256+0000][2699.838s][info ][safepoint     ] Entering safepoint region: Cleanup
[2023-11-05T16:09:25.257+0000][2699.838s][info ][safepoint     ] Leaving safepoint region
[2023-11-05T16:09:25.258+0000][2699.839s][info ][safepoint     ] Total time for which application threads were stopped: 0.0016122 seconds, Stopping threads took: 0.0006515 seconds
[2023-11-05T16:09:26.258+0000][2700.840s][debug][safepoint     ] Safepoint synchronization initiated. (191 threads)
[2023-11-05T16:09:26.259+0000][2700.840s][info ][safepoint     ] Application time: 1.0004386 seconds
[2023-11-05T16:09:26.259+0000][2700.841s][info ][safepoint     ] Entering safepoint region: Cleanup
[2023-11-05T16:09:26.260+0000][2700.841s][info ][safepoint     ] Leaving safepoint region
[2023-11-05T16:09:26.260+0000][2700.842s][info ][safepoint     ] Total time for which application threads were stopped: 0.0010731 seconds, Stopping threads took: 0.0004799 seconds
[2023-11-05T16:09:27.261+0000][2701.842s][debug][safepoint     ] Safepoint synchronization initiated. (191 threads)
[2023-11-05T16:09:27.262+0000][2701.843s][info ][safepoint     ] Application time: 1.0010062 seconds
[2023-11-05T16:09:27.262+0000][2701.844s][info ][safepoint     ] Entering safepoint region: Cleanup
[2023-11-05T16:09:27.263+0000][2701.845s][info ][safepoint     ] Leaving safepoint region
[2023-11-05T16:09:27.264+0000][2701.845s][info ][safepoint     ] Total time for which application threads were stopped: 0.0017444 seconds, Stopping threads took: 0.0006011 seconds
[2023-11-05T16:09:28.265+0000][2702.846s][debug][safepoint     ] Safepoint synchronization initiated. (191 threads)
[2023-11-05T16:09:28.265+0000][2702.847s][info ][safepoint     ] Application time: 1.0008014 seconds
[2023-11-05T16:09:28.266+0000][2702.847s][info ][safepoint     ] Entering safepoint region: Cleanup
[2023-11-05T16:09:28.266+0000][2702.848s][info ][safepoint     ] Leaving safepoint region
[2023-11-05T16:09:28.267+0000][2702.848s][info ][safepoint     ] Total time for which application threads were stopped: 0.0009039 seconds, Stopping threads took: 0.0003707 seconds
[2023-11-05T16:09:29.267+0000][2703.848s][debug][safepoint     ] Safepoint synchronization initiated. (191 threads)
[2023-11-05T16:09:29.269+0000][2703.850s][info ][safepoint     ] Application time: 1.0015248 seconds
[2023-11-05T16:09:29.269+0000][2703.851s][info ][safepoint     ] Entering safepoint region: Cleanup
[2023-11-05T16:09:29.271+0000][2703.852s][info ][safepoint     ] Leaving safepoint region
[2023-11-05T16:09:29.271+0000][2703.853s][info ][safepoint     ] Total time for which application threads were stopped: 0.0021028 seconds, Stopping threads took: 0.0005332 seconds
[2023-11-05T16:09:30.272+0000][2704.853s][debug][safepoint     ] Safepoint synchronization initiated. (191 threads)
[2023-11-05T16:09:30.273+0000][2704.854s][info ][safepoint     ] Application time: 1.0010491 seconds
[2023-11-05T16:09:30.274+0000][2704.855s][info ][safepoint     ] Entering safepoint region: Cleanup
[2023-11-05T16:09:30.275+0000][2704.856s][info ][safepoint     ] Leaving safepoint region
[2023-11-05T16:09:30.275+0000][2704.856s][info ][safepoint     ] Total time for which application threads were stopped: 0.0015589 seconds, Stopping threads took: 0.0007132 seconds
[2023-11-05T16:09:31.276+0000][2705.857s][debug][safepoint     ] Safepoint synchronization initiated. (191 threads)
[2023-11-05T16:09:31.276+0000][2705.858s][info ][safepoint     ] Application time: 1.0007782 seconds
[2023-11-05T16:09:31.277+0000][2705.858s][info ][safepoint     ] Entering safepoint region: Cleanup
[2023-11-05T16:09:31.277+0000][2705.859s][info ][safepoint     ] Leaving safepoint region
[2023-11-05T16:09:31.278+0000][2705.859s][info ][safepoint     ] Total time for which application threads were stopped: 0.0011851 seconds, Stopping threads took: 0.0004662 seconds
[2023-11-05T16:09:32.279+0000][2706.860s][debug][safepoint     ] Safepoint synchronization initiated. (191 threads)
[2023-11-05T16:09:32.279+0000][2706.860s][info ][safepoint     ] Application time: 1.0007380 seconds
[2023-11-05T16:09:32.280+0000][2706.861s][info ][safepoint     ] Entering safepoint region: Cleanup
[2023-11-05T16:09:32.280+0000][2706.861s][info ][safepoint     ] Leaving safepoint region
[2023-11-05T16:09:32.280+0000][2706.862s][info ][safepoint     ] Total time for which application threads were stopped: 0.0008676 seconds, Stopping threads took: 0.0003934 seconds
[2023-11-05T16:09:33.281+0000][2707.863s][debug][safepoint     ] Safepoint synchronization initiated. (191 threads)
[2023-11-05T16:09:33.282+0000][2707.863s][info ][safepoint     ] Application time: 1.0008321 seconds
[2023-11-05T16:09:33.283+0000][2707.864s][info ][safepoint     ] Entering safepoint region: Cleanup
[2023-11-05T16:09:33.283+0000][2707.864s][info ][safepoint     ] Leaving safepoint region
[2023-11-05T16:09:33.284+0000][2707.865s][info ][safepoint     ] Total time for which application threads were stopped: 0.0011317 seconds, Stopping threads took: 0.0004575 seconds
[2023-11-05T16:09:34.284+0000][2708.865s][debug][safepoint     ] Safepoint synchronization initiated. (191 threads)
[2023-11-05T16:09:34.285+0000][2708.866s][info ][safepoint     ] Application time: 1.0008799 seconds
[2023-11-05T16:09:34.285+0000][2708.867s][info ][safepoint     ] Entering safepoint region: Cleanup
[2023-11-05T16:09:34.286+0000][2708.868s][info ][safepoint     ] Leaving safepoint region
[2023-11-05T16:09:34.287+0000][2708.868s][info ][safepoint     ] Total time for which application threads were stopped: 0.0013474 seconds, Stopping threads took: 0.0006174 seconds
[2023-11-05T16:09:35.287+0000][2709.869s][debug][safepoint     ] Safepoint synchronization initiated. (191 threads)
[2023-11-05T16:09:35.288+0000][2709.869s][info ][safepoint     ] Application time: 1.0009099 seconds
[2023-11-05T16:09:35.289+0000][2709.870s][info ][safepoint     ] Entering safepoint region: Cleanup
[2023-11-05T16:09:35.290+0000][2709.871s][info ][safepoint     ] Leaving safepoint region
[2023-11-05T16:09:35.290+0000][2709.871s][info ][safepoint     ] Total time for which application threads were stopped: 0.0013860 seconds, Stopping threads took: 0.0006540 seconds
[2023-11-05T16:09:36.291+0000][2710.872s][debug][safepoint     ] Safepoint synchronization initiated. (191 threads)
[2023-11-05T16:09:36.292+0000][2710.873s][info ][safepoint     ] Application time: 1.0008851 seconds
[2023-11-05T16:09:36.292+0000][2710.873s][info ][safepoint     ] Entering safepoint region: Cleanup
[2023-11-05T16:09:36.293+0000][2710.874s][info ][safepoint     ] Leaving safepoint region
[2023-11-05T16:09:36.293+0000][2710.875s][info ][safepoint     ] Total time for which application threads were stopped: 0.0012575 seconds, Stopping threads took: 0.0005076 seconds
[2023-11-05T16:09:37.294+0000][2711.875s][debug][safepoint     ] Safepoint synchronization initiated. (191 threads)
[2023-11-05T16:09:37.295+0000][2711.876s][info ][safepoint     ] Application time: 1.0009553 seconds
[2023-11-05T16:09:37.295+0000][2711.877s][info ][safepoint     ] Entering safepoint region: Cleanup
[2023-11-05T16:09:37.296+0000][2711.877s][info ][safepoint     ] Leaving safepoint region
[2023-11-05T16:09:37.297+0000][2711.879s][info ][safepoint     ] Total time for which application threads were stopped: 0.0019977 seconds, Stopping threads took: 0.0006027 seconds
[2023-11-05T16:09:38.299+0000][2712.880s][debug][safepoint     ] Safepoint synchronization initiated. (191 threads)
[2023-11-05T16:09:38.299+0000][2712.881s][info ][safepoint     ] Application time: 1.0013463 seconds
[2023-11-05T16:09:38.300+0000][2712.881s][info ][safepoint     ] Entering safepoint region: Cleanup
[2023-11-05T16:09:38.300+0000][2712.882s][info ][safepoint     ] Leaving safepoint region
[2023-11-05T16:09:38.301+0000][2712.882s][info ][safepoint     ] Total time for which application threads were stopped: 0.0010895 seconds, Stopping threads took: 0.0005565 seconds
[2023-11-05T16:09:39.301+0000][2713.883s][debug][safepoint     ] Safepoint synchronization initiated. (191 threads)
[2023-11-05T16:09:39.303+0000][2713.884s][info ][safepoint     ] Application time: 1.0013769 seconds
[2023-11-05T16:09:39.303+0000][2713.885s][info ][safepoint     ] Entering safepoint region: Cleanup
[2023-11-05T16:09:39.304+0000][2713.885s][info ][safepoint     ] Leaving safepoint region
[2023-11-05T16:09:39.305+0000][2713.886s][info ][safepoint     ] Total time for which application threads were stopped: 0.0012985 seconds, Stopping threads took: 0.0005264 seconds
[2023-11-05T16:09:40.306+0000][2714.887s][debug][safepoint     ] Safepoint synchronization initiated. (191 threads)
[2023-11-05T16:09:40.306+0000][2714.888s][info ][safepoint     ] Application time: 1.0009836 seconds
[2023-11-05T16:09:40.307+0000][2714.888s][info ][safepoint     ] Entering safepoint region: Cleanup
[2023-11-05T16:09:40.308+0000][2714.889s][info ][safepoint     ] Leaving safepoint region
[2023-11-05T16:09:40.309+0000][2714.890s][info ][safepoint     ] Total time for which application threads were stopped: 0.0016895 seconds, Stopping threads took: 0.0009629 seconds
[2023-11-05T16:09:41.309+0000][2715.891s][debug][safepoint     ] Safepoint synchronization initiated. (191 threads)
[2023-11-05T16:09:41.310+0000][2715.891s][info ][safepoint     ] Application time: 1.0008532 seconds
[2023-11-05T16:09:41.311+0000][2715.892s][info ][safepoint     ] Entering safepoint region: Cleanup
[2023-11-05T16:09:41.311+0000][2715.893s][info ][safepoint     ] Leaving safepoint region
[2023-11-05T16:09:41.312+0000][2715.893s][info ][safepoint     ] Total time for which application threads were stopped: 0.0012508 seconds, Stopping threads took: 0.0005731 seconds
[2023-11-05T16:09:42.313+0000][2716.894s][debug][safepoint     ] Safepoint synchronization initiated. (191 threads)
[2023-11-05T16:09:42.313+0000][2716.894s][info ][safepoint     ] Application time: 1.0007996 seconds
[2023-11-05T16:09:42.314+0000][2716.895s][info ][safepoint     ] Entering safepoint region: Cleanup
[2023-11-05T16:09:42.314+0000][2716.895s][info ][safepoint     ] Leaving safepoint region
[2023-11-05T16:09:42.315+0000][2716.896s][info ][safepoint     ] Total time for which application threads were stopped: 0.0010419 seconds, Stopping threads took: 0.0003418 seconds
[2023-11-05T16:09:43.316+0000][2717.897s][debug][safepoint     ] Safepoint synchronization initiated. (191 threads)
[2023-11-05T16:09:43.316+0000][2717.898s][info ][safepoint     ] Application time: 1.0010267 seconds
[2023-11-05T16:09:43.317+0000][2717.899s][info ][safepoint     ] Entering safepoint region: Cleanup
[2023-11-05T16:09:43.318+0000][2717.900s][info ][safepoint     ] Leaving safepoint region
[2023-11-05T16:09:43.319+0000][2717.900s][info ][safepoint     ] Total time for which application threads were stopped: 0.0017599 seconds, Stopping threads took: 0.0010915 seconds
[2023-11-05T16:09:44.319+0000][2718.901s][debug][safepoint     ] Safepoint synchronization initiated. (191 threads)
[2023-11-05T16:09:44.320+0000][2718.901s][info ][safepoint     ] Application time: 1.0008175 seconds
[2023-11-05T16:09:44.320+0000][2718.902s][info ][safepoint     ] Entering safepoint region: Cleanup
[2023-11-05T16:09:44.321+0000][2718.902s][info ][safepoint     ] Leaving safepoint region
[2023-11-05T16:09:44.322+0000][2718.903s][info ][safepoint     ] Total time for which application threads were stopped: 0.0011981 seconds, Stopping threads took: 0.0005307 seconds
[2023-11-05T16:09:44.321+0000][2718.902s][debug][safepoint     ] ... found polling page return exception at pc = 0x00007f808d32eb44, stub =0x00007f8084840600
[2023-11-05T16:09:44.321+0000][2718.902s][debug][safepoint     ] ... found polling page return exception at pc = 0x00007f808d32eb44, stub =0x00007f8084840600
[2023-11-05T16:09:45.322+0000][2719.904s][debug][safepoint     ] Safepoint synchronization initiated. (191 threads)
[2023-11-05T16:09:45.324+0000][2719.905s][info ][safepoint     ] Application time: 1.0015118 seconds
[2023-11-05T16:09:45.324+0000][2719.906s][info ][safepoint     ] Entering safepoint region: Cleanup
[2023-11-05T16:09:45.325+0000][2719.906s][info ][safepoint     ] Leaving safepoint region
[2023-11-05T16:09:45.326+0000][2719.907s][info ][safepoint     ] Total time for which application threads were stopped: 0.0013140 seconds, Stopping threads took: 0.0005679 seconds
[2023-11-05T16:09:46.327+0000][2720.908s][debug][safepoint     ] Safepoint synchronization initiated. (191 threads)
[2023-11-05T16:09:46.327+0000][2720.909s][info ][safepoint     ] Application time: 1.0011117 seconds
[2023-11-05T16:09:46.328+0000][2720.909s][info ][safepoint     ] Entering safepoint region: Cleanup
[2023-11-05T16:09:46.329+0000][2720.910s][info ][safepoint     ] Leaving safepoint region
[2023-11-05T16:09:46.330+0000][2720.911s][info ][safepoint     ] Total time for which application threads were stopped: 0.0015602 seconds, Stopping threads took: 0.0007017 seconds
[2023-11-05T16:09:47.331+0000][2721.912s][debug][safepoint     ] Safepoint synchronization initiated. (191 threads)
[2023-11-05T16:09:47.331+0000][2721.912s][info ][safepoint     ] Application time: 1.0007768 seconds
[2023-11-05T16:09:47.332+0000][2721.913s][info ][safepoint     ] Entering safepoint region: Cleanup
[2023-11-05T16:09:47.332+0000][2721.914s][info ][safepoint     ] Leaving safepoint region
[2023-11-05T16:09:47.333+0000][2721.914s][info ][safepoint     ] Total time for which application threads were stopped: 0.0011579 seconds, Stopping threads took: 0.0005038 seconds
[2023-11-05T16:09:48.333+0000][2722.915s][debug][safepoint     ] Safepoint synchronization initiated. (191 threads)
[2023-11-05T16:09:48.334+0000][2722.915s][info ][safepoint     ] Application time: 1.0008226 seconds
[2023-11-05T16:09:48.335+0000][2722.916s][info ][safepoint     ] Entering safepoint region: Cleanup
[2023-11-05T16:09:48.335+0000][2722.917s][info ][safepoint     ] Leaving safepoint region
[2023-11-05T16:09:48.336+0000][2722.917s][info ][safepoint     ] Total time for which application threads were stopped: 0.0012870 seconds, Stopping threads took: 0.0006487 seconds
[2023-11-05T16:09:49.337+0000][2723.918s][debug][safepoint     ] Safepoint synchronization initiated. (191 threads)
[2023-11-05T16:09:49.337+0000][2723.919s][info ][safepoint     ] Application time: 1.0010384 seconds
[2023-11-05T16:09:49.338+0000][2723.919s][info ][safepoint     ] Entering safepoint region: Cleanup
[2023-11-05T16:09:49.339+0000][2723.920s][info ][safepoint     ] Leaving safepoint region
[2023-11-05T16:09:49.339+0000][2723.921s][info ][safepoint     ] Total time for which application threads were stopped: 0.0013369 seconds, Stopping threads took: 0.0006472 seconds
[2023-11-05T16:09:49.339+0000][2723.920s][debug][safepoint     ] ... found polling page return exception at pc = 0x00007f808d32eb44, stub =0x00007f8084840600
[2023-11-05T16:09:49.339+0000][2723.920s][debug][safepoint     ] ... found polling page return exception at pc = 0x00007f808d32eb44, stub =0x00007f8084840600
[2023-11-05T16:09:49.339+0000][2723.920s][debug][safepoint     ] ... found polling page return exception at pc = 0x00007f808d32eb44, stub =0x00007f8084840600
[2023-11-05T16:09:50.340+0000][2724.921s][debug][safepoint     ] Safepoint synchronization initiated. (191 threads)
[2023-11-05T16:09:50.340+0000][2724.922s][info ][safepoint     ] Application time: 1.0006344 seconds
[2023-11-05T16:09:50.341+0000][2724.922s][info ][safepoint     ] Entering safepoint region: Cleanup
[2023-11-05T16:09:50.341+0000][2724.923s][info ][safepoint     ] Leaving safepoint region
[2023-11-05T16:09:50.342+0000][2724.923s][info ][safepoint     ] Total time for which application threads were stopped: 0.0010269 seconds, Stopping threads took: 0.0004413 seconds
[2023-11-05T16:09:51.342+0000][2725.924s][debug][safepoint     ] Safepoint synchronization initiated. (191 threads)
[2023-11-05T16:09:51.344+0000][2725.925s][info ][safepoint     ] Application time: 1.0016612 seconds
[2023-11-05T16:09:51.345+0000][2725.926s][info ][safepoint     ] Entering safepoint region: Cleanup
[2023-11-05T16:09:51.346+0000][2725.927s][info ][safepoint     ] Leaving safepoint region
[2023-11-05T16:09:51.347+0000][2725.928s][info ][safepoint     ] Total time for which application threads were stopped: 0.0021911 seconds, Stopping threads took: 0.0012015 seconds
[2023-11-05T16:09:52.348+0000][2726.929s][debug][safepoint     ] Safepoint synchronization initiated. (191 threads)
[2023-11-05T16:09:52.349+0000][2726.930s][info ][safepoint     ] Application time: 1.0014693 seconds
[2023-11-05T16:09:52.350+0000][2726.931s][info ][safepoint     ] Entering safepoint region: Cleanup
[2023-11-05T16:09:52.351+0000][2726.933s][info ][safepoint     ] Leaving safepoint region
[2023-11-05T16:09:52.352+0000][2726.934s][info ][safepoint     ] Total time for which application threads were stopped: 0.0022718 seconds, Stopping threads took: 0.0008670 seconds
[2023-11-05T16:09:53.354+0000][2727.935s][debug][safepoint     ] Safepoint synchronization initiated. (191 threads)
[2023-11-05T16:09:53.355+0000][2727.936s][info ][safepoint     ] Application time: 1.0013873 seconds
[2023-11-05T16:09:53.356+0000][2727.937s][info ][safepoint     ] Entering safepoint region: Cleanup
[2023-11-05T16:09:53.357+0000][2727.938s][info ][safepoint     ] Leaving safepoint region
[2023-11-05T16:09:53.358+0000][2727.939s][info ][safepoint     ] Total time for which application threads were stopped: 0.0019648 seconds, Stopping threads took: 0.0008301 seconds
[2023-11-05T16:09:54.357+0000][2728.940s][debug][safepoint     ] Safepoint synchronization initiated. (191 threads)
[2023-11-05T16:09:54.358+0000][2728.941s][info ][safepoint     ] Application time: 1.0016001 seconds
[2023-11-05T16:09:54.360+0000][2728.942s][info ][safepoint     ] Entering safepoint region: Cleanup
[2023-11-05T16:09:54.361+0000][2728.944s][info ][safepoint     ] Leaving safepoint region
[2023-11-05T16:09:54.364+0000][2728.946s][info ][safepoint     ] Total time for which application threads were stopped: 0.0040937 seconds, Stopping threads took: 0.0011763 seconds
[2023-11-05T16:09:55.365+0000][2729.948s][debug][safepoint     ] Safepoint synchronization initiated. (191 threads)
[2023-11-05T16:09:55.366+0000][2729.949s][info ][safepoint     ] Application time: 1.0014363 seconds
[2023-11-05T16:09:55.367+0000][2729.950s][info ][safepoint     ] Entering safepoint region: Cleanup
[2023-11-05T16:09:55.368+0000][2729.951s][info ][safepoint     ] Leaving safepoint region
[2023-11-05T16:09:55.369+0000][2729.952s][info ][safepoint     ] Total time for which application threads were stopped: 0.0022945 seconds, Stopping threads took: 0.0010281 seconds
[2023-11-05T16:09:56.370+0000][2730.953s][debug][safepoint     ] Safepoint synchronization initiated. (191 threads)
[2023-11-05T16:09:56.371+0000][2730.954s][info ][safepoint     ] Application time: 1.0011238 seconds
[2023-11-05T16:09:56.372+0000][2730.955s][info ][safepoint     ] Entering safepoint region: Cleanup
[2023-11-05T16:09:56.373+0000][2730.956s][info ][safepoint     ] Leaving safepoint region
[2023-11-05T16:09:56.373+0000][2730.956s][info ][safepoint     ] Total time for which application threads were stopped: 0.0015040 seconds, Stopping threads took: 0.0006689 seconds
[2023-11-05T16:09:57.374+0000][2731.957s][debug][safepoint     ] Safepoint synchronization initiated. (191 threads)
[2023-11-05T16:09:57.374+0000][2731.957s][info ][safepoint     ] Application time: 1.0007415 seconds
[2023-11-05T16:09:57.375+0000][2731.958s][info ][safepoint     ] Entering safepoint region: Cleanup
[2023-11-05T16:09:57.376+0000][2731.958s][info ][safepoint     ] Leaving safepoint region
[2023-11-05T16:09:57.376+0000][2731.959s][info ][safepoint     ] Total time for which application threads were stopped: 0.0010199 seconds, Stopping threads took: 0.0004480 seconds
[2023-11-05T16:09:58.376+0000][2732.959s][debug][safepoint     ] Safepoint synchronization initiated. (191 threads)
[2023-11-05T16:09:58.377+0000][2732.960s][info ][safepoint     ] Application time: 1.0008941 seconds
[2023-11-05T16:09:58.378+0000][2732.961s][info ][safepoint     ] Entering safepoint region: Cleanup
[2023-11-05T16:09:58.379+0000][2732.962s][info ][safepoint     ] Leaving safepoint region
[2023-11-05T16:09:58.379+0000][2732.962s][info ][safepoint     ] Total time for which application threads were stopped: 0.0014528 seconds, Stopping threads took: 0.0006647 seconds
[2023-11-05T16:09:59.380+0000][2733.963s][debug][safepoint     ] Safepoint synchronization initiated. (191 threads)
[2023-11-05T16:09:59.382+0000][2733.964s][info ][safepoint     ] Application time: 1.0017469 seconds
[2023-11-05T16:09:59.382+0000][2733.965s][debug][safepoint     ] ... found polling page loop exception at pc = 0x00007f808d44a52c, stub =0x00007f8084843680
[2023-11-05T16:09:59.382+0000][2733.965s][debug][safepoint     ] ... found polling page return exception at pc = 0x00007f808d44a4a8, stub =0x00007f8084840600
[2023-11-05T16:09:59.382+0000][2733.965s][debug][safepoint     ] ... found polling page return exception at pc = 0x00007f808d44a4a8, stub =0x00007f8084840600
[2023-11-05T16:09:59.382+0000][2733.965s][debug][safepoint     ] ... found polling page return exception at pc = 0x00007f808cb337f4, stub =0x00007f8084840600
[2023-11-05T16:09:59.382+0000][2733.965s][debug][safepoint     ] ... found polling page loop exception at pc = 0x00007f808d0b42a1, stub =0x00007f8084843680
[2023-11-05T16:09:59.382+0000][2733.965s][debug][safepoint     ] ... found polling page return exception at pc = 0x00007f808d44a4a8, stub =0x00007f8084840600
[2023-11-05T16:09:59.385+0000][2733.968s][debug][safepoint     ] Waiting for 6 thread(s) to block
[2023-11-05T16:09:59.386+0000][2733.969s][info ][safepoint     ] Entering safepoint region: Cleanup
[2023-11-05T16:09:59.387+0000][2733.970s][info ][safepoint     ] Leaving safepoint region
[2023-11-05T16:09:59.387+0000][2733.970s][info ][safepoint     ] Total time for which application threads were stopped: 0.0054901 seconds, Stopping threads took: 0.0048317 seconds
[2023-11-05T16:10:00.388+0000][2734.971s][debug][safepoint     ] Safepoint synchronization initiated. (191 threads)
[2023-11-05T16:10:00.389+0000][2734.972s][info ][safepoint     ] Application time: 1.0016054 seconds
[2023-11-05T16:10:00.391+0000][2734.973s][info ][safepoint     ] Entering safepoint region: Cleanup
[2023-11-05T16:10:00.392+0000][2734.975s][info ][safepoint     ] Leaving safepoint region
[2023-11-05T16:10:00.393+0000][2734.976s][info ][safepoint     ] Total time for which application threads were stopped: 0.0024860 seconds, Stopping threads took: 0.0011245 seconds
[2023-11-05T16:10:01.394+0000][2735.977s][debug][safepoint     ] Safepoint synchronization initiated. (191 threads)
[2023-11-05T16:10:01.395+0000][2735.978s][info ][safepoint     ] Application time: 1.0011123 seconds
[2023-11-05T16:10:01.395+0000][2735.978s][info ][safepoint     ] Entering safepoint region: Cleanup
[2023-11-05T16:10:01.396+0000][2735.979s][info ][safepoint     ] Leaving safepoint region
[2023-11-05T16:10:01.397+0000][2735.979s][info ][safepoint     ] Total time for which application threads were stopped: 0.0011875 seconds, Stopping threads took: 0.0005035 seconds
[2023-11-05T16:10:02.397+0000][2736.980s][debug][safepoint     ] Safepoint synchronization initiated. (191 threads)
[2023-11-05T16:10:02.398+0000][2736.981s][info ][safepoint     ] Application time: 1.0012442 seconds
[2023-11-05T16:10:02.400+0000][2736.983s][info ][safepoint     ] Entering safepoint region: Cleanup
[2023-11-05T16:10:02.401+0000][2736.984s][info ][safepoint     ] Leaving safepoint region
[2023-11-05T16:10:02.401+0000][2736.984s][info ][safepoint     ] Total time for which application threads were stopped: 0.0015565 seconds, Stopping threads took: 0.0010199 seconds
[2023-11-05T16:10:03.402+0000][2737.984s][debug][safepoint     ] Safepoint synchronization initiated. (191 threads)
[2023-11-05T16:10:03.402+0000][2737.985s][info ][safepoint     ] Application time: 1.0007464 seconds
[2023-11-05T16:10:03.403+0000][2737.985s][info ][safepoint     ] Entering safepoint region: Cleanup
[2023-11-05T16:10:03.403+0000][2737.986s][info ][safepoint     ] Leaving safepoint region
[2023-11-05T16:10:03.404+0000][2737.986s][info ][safepoint     ] Total time for which application threads were stopped: 0.0010185 seconds, Stopping threads took: 0.0005037 seconds
[2023-11-05T16:10:04.404+0000][2738.987s][debug][safepoint     ] Safepoint synchronization initiated. (191 threads)
[2023-11-05T16:10:04.405+0000][2738.988s][info ][safepoint     ] Application time: 1.0013190 seconds
[2023-11-05T16:10:04.406+0000][2738.989s][info ][safepoint     ] Entering safepoint region: Cleanup
[2023-11-05T16:10:04.408+0000][2738.990s][info ][safepoint     ] Leaving safepoint region
[2023-11-05T16:10:04.408+0000][2738.991s][info ][safepoint     ] Total time for which application threads were stopped: 0.0021637 seconds, Stopping threads took: 0.0009536 seconds
[2023-11-05T16:10:05.410+0000][2739.993s][debug][safepoint     ] Safepoint synchronization initiated. (191 threads)
[2023-11-05T16:10:05.411+0000][2739.994s][info ][safepoint     ] Application time: 1.0018540 seconds
[2023-11-05T16:10:05.412+0000][2739.995s][info ][safepoint     ] Entering safepoint region: Cleanup
[2023-11-05T16:10:05.414+0000][2739.996s][info ][safepoint     ] Leaving safepoint region
[2023-11-05T16:10:05.414+0000][2739.997s][info ][safepoint     ] Total time for which application threads were stopped: 0.0022192 seconds, Stopping threads took: 0.0008890 seconds
[2023-11-05T16:10:06.415+0000][2740.998s][debug][safepoint     ] Safepoint synchronization initiated. (191 threads)
[2023-11-05T16:10:06.416+0000][2740.999s][info ][safepoint     ] Application time: 1.0009737 seconds
[2023-11-05T16:10:06.417+0000][2741.000s][info ][safepoint     ] Entering safepoint region: Cleanup
[2023-11-05T16:10:06.418+0000][2741.001s][info ][safepoint     ] Leaving safepoint region
[2023-11-05T16:10:06.418+0000][2741.001s][info ][safepoint     ] Total time for which application threads were stopped: 0.0014771 seconds, Stopping threads took: 0.0006842 seconds
[2023-11-05T16:10:07.419+0000][2742.002s][debug][safepoint     ] Safepoint synchronization initiated. (191 threads)
[2023-11-05T16:10:07.420+0000][2742.003s][info ][safepoint     ] Application time: 1.0014743 seconds
[2023-11-05T16:10:07.421+0000][2742.004s][info ][safepoint     ] Entering safepoint region: Cleanup
[2023-11-05T16:10:07.423+0000][2742.006s][info ][safepoint     ] Leaving safepoint region
[2023-11-05T16:10:07.424+0000][2742.007s][info ][safepoint     ] Total time for which application threads were stopped: 0.0027437 seconds, Stopping threads took: 0.0011847 seconds
[2023-11-05T16:10:08.425+0000][2743.008s][debug][safepoint     ] Safepoint synchronization initiated. (191 threads)
[2023-11-05T16:10:08.426+0000][2743.009s][info ][safepoint     ] Application time: 1.0012997 seconds
[2023-11-05T16:10:08.427+0000][2743.010s][info ][safepoint     ] Entering safepoint region: Cleanup
[2023-11-05T16:10:08.428+0000][2743.011s][info ][safepoint     ] Leaving safepoint region
[2023-11-05T16:10:08.429+0000][2743.012s][info ][safepoint     ] Total time for which application threads were stopped: 0.0018916 seconds, Stopping threads took: 0.0007949 seconds
[2023-11-05T16:10:09.430+0000][2744.013s][debug][safepoint     ] Safepoint synchronization initiated. (191 threads)
[2023-11-05T16:10:09.431+0000][2744.014s][info ][safepoint     ] Application time: 1.0013723 seconds
[2023-11-05T16:10:09.432+0000][2744.015s][info ][safepoint     ] Entering safepoint region: Cleanup
[2023-11-05T16:10:09.433+0000][2744.016s][info ][safepoint     ] Leaving safepoint region
[2023-11-05T16:10:09.434+0000][2744.017s][info ][safepoint     ] Total time for which application threads were stopped: 0.0022896 seconds, Stopping threads took: 0.0008618 seconds
[2023-11-05T16:10:10.435+0000][2745.018s][debug][safepoint     ] Safepoint synchronization initiated. (191 threads)
[2023-11-05T16:10:10.436+0000][2745.019s][info ][safepoint     ] Application time: 1.0013239 seconds
[2023-11-05T16:10:10.437+0000][2745.020s][info ][safepoint     ] Entering safepoint region: Cleanup
[2023-11-05T16:10:10.439+0000][2745.022s][info ][safepoint     ] Leaving safepoint region
[2023-11-05T16:10:10.440+0000][2745.022s][info ][safepoint     ] Total time for which application threads were stopped: 0.0021775 seconds, Stopping threads took: 0.0009094 seconds
[2023-11-05T16:10:11.441+0000][2746.024s][debug][safepoint     ] Safepoint synchronization initiated. (191 threads)
[2023-11-05T16:10:11.441+0000][2746.024s][info ][safepoint     ] Application time: 1.0007374 seconds
[2023-11-05T16:10:11.442+0000][2746.025s][info ][safepoint     ] Entering safepoint region: Cleanup
[2023-11-05T16:10:11.442+0000][2746.025s][info ][safepoint     ] Leaving safepoint region
[2023-11-05T16:10:11.443+0000][2746.026s][info ][safepoint     ] Total time for which application threads were stopped: 0.0012324 seconds, Stopping threads took: 0.0005421 seconds
[2023-11-05T16:10:12.443+0000][2747.026s][debug][safepoint     ] Safepoint synchronization initiated. (189 threads)
[2023-11-05T16:10:12.444+0000][2747.027s][info ][safepoint     ] Application time: 1.0006333 seconds
[2023-11-05T16:10:12.444+0000][2747.027s][info ][safepoint     ] Entering safepoint region: Cleanup
[2023-11-05T16:10:12.445+0000][2747.028s][info ][safepoint     ] Leaving safepoint region
[2023-11-05T16:10:12.446+0000][2747.028s][info ][safepoint     ] Total time for which application threads were stopped: 0.0011964 seconds, Stopping threads took: 0.0005217 seconds
[2023-11-05T16:10:13.446+0000][2748.029s][debug][safepoint     ] Safepoint synchronization initiated. (189 threads)
[2023-11-05T16:10:13.447+0000][2748.030s][info ][safepoint     ] Application time: 1.0010160 seconds
[2023-11-05T16:10:13.447+0000][2748.030s][info ][safepoint     ] Entering safepoint region: Cleanup
[2023-11-05T16:10:13.448+0000][2748.031s][info ][safepoint     ] Leaving safepoint region
[2023-11-05T16:10:13.449+0000][2748.032s][info ][safepoint     ] Total time for which application threads were stopped: 0.0012122 seconds, Stopping threads took: 0.0005951 seconds
[2023-11-05T16:10:14.449+0000][2749.032s][debug][safepoint     ] Safepoint synchronization initiated. (189 threads)
[2023-11-05T16:10:14.450+0000][2749.033s][info ][safepoint     ] Application time: 1.0007055 seconds
[2023-11-05T16:10:14.450+0000][2749.033s][info ][safepoint     ] Entering safepoint region: Cleanup
[2023-11-05T16:10:14.451+0000][2749.034s][info ][safepoint     ] Leaving safepoint region
[2023-11-05T16:10:14.451+0000][2749.034s][info ][safepoint     ] Total time for which application threads were stopped: 0.0011397 seconds, Stopping threads took: 0.0004993 seconds
[2023-11-05T16:10:15.452+0000][2750.035s][debug][safepoint     ] Safepoint synchronization initiated. (189 threads)
[2023-11-05T16:10:15.453+0000][2750.036s][info ][safepoint     ] Application time: 1.0011009 seconds
[2023-11-05T16:10:15.454+0000][2750.037s][info ][safepoint     ] Entering safepoint region: Cleanup
[2023-11-05T16:10:15.455+0000][2750.038s][info ][safepoint     ] Leaving safepoint region
[2023-11-05T16:10:15.456+0000][2750.039s][info ][safepoint     ] Total time for which application threads were stopped: 0.0021281 seconds, Stopping threads took: 0.0011776 seconds
[2023-11-05T16:10:16.457+0000][2751.040s][debug][safepoint     ] Safepoint synchronization initiated. (189 threads)
[2023-11-05T16:10:16.458+0000][2751.041s][info ][safepoint     ] Application time: 1.0013815 seconds
[2023-11-05T16:10:16.459+0000][2751.042s][info ][safepoint     ] Entering safepoint region: Cleanup
[2023-11-05T16:10:16.460+0000][2751.043s][info ][safepoint     ] Leaving safepoint region
[2023-11-05T16:10:16.461+0000][2751.044s][info ][safepoint     ] Total time for which application threads were stopped: 0.0022021 seconds, Stopping threads took: 0.0009868 seconds
[2023-11-05T16:10:17.462+0000][2752.045s][debug][safepoint     ] Safepoint synchronization initiated. (189 threads)
[2023-11-05T16:10:17.463+0000][2752.046s][info ][safepoint     ] Application time: 1.0008546 seconds
[2023-11-05T16:10:17.463+0000][2752.046s][info ][safepoint     ] Entering safepoint region: Cleanup
[2023-11-05T16:10:17.464+0000][2752.047s][info ][safepoint     ] Leaving safepoint region
[2023-11-05T16:10:17.465+0000][2752.047s][info ][safepoint     ] Total time for which application threads were stopped: 0.0013873 seconds, Stopping threads took: 0.0005272 seconds
[2023-11-05T16:10:18.465+0000][2753.048s][debug][safepoint     ] Safepoint synchronization initiated. (189 threads)
[2023-11-05T16:10:18.466+0000][2753.049s][info ][safepoint     ] Application time: 1.0013567 seconds
[2023-11-05T16:10:18.468+0000][2753.050s][info ][safepoint     ] Entering safepoint region: Cleanup
[2023-11-05T16:10:18.469+0000][2753.052s][info ][safepoint     ] Leaving safepoint region
[2023-11-05T16:10:18.470+0000][2753.053s][info ][safepoint     ] Total time for which application threads were stopped: 0.0022360 seconds, Stopping threads took: 0.0009436 seconds
[2023-11-05T16:10:19.471+0000][2754.054s][debug][safepoint     ] Safepoint synchronization initiated. (189 threads)
[2023-11-05T16:10:19.472+0000][2754.055s][info ][safepoint     ] Application time: 1.0016329 seconds
[2023-11-05T16:10:19.473+0000][2754.056s][info ][safepoint     ] Entering safepoint region: Cleanup
[2023-11-05T16:10:19.475+0000][2754.058s][info ][safepoint     ] Leaving safepoint region
[2023-11-05T16:10:19.476+0000][2754.059s][info ][safepoint     ] Total time for which application threads were stopped: 0.0025228 seconds, Stopping threads took: 0.0011232 seconds
[2023-11-05T16:10:20.477+0000][2755.060s][debug][safepoint     ] Safepoint synchronization initiated. (189 threads)
[2023-11-05T16:10:20.478+0000][2755.061s][info ][safepoint     ] Application time: 1.0012908 seconds
[2023-11-05T16:10:20.479+0000][2755.062s][info ][safepoint     ] Entering safepoint region: Cleanup
[2023-11-05T16:10:20.480+0000][2755.063s][info ][safepoint     ] Leaving safepoint region
[2023-11-05T16:10:20.481+0000][2755.064s][info ][safepoint     ] Total time for which application threads were stopped: 0.0021869 seconds, Stopping threads took: 0.0009703 seconds
[2023-11-05T16:10:21.482+0000][2756.065s][debug][safepoint     ] Safepoint synchronization initiated. (189 threads)
[2023-11-05T16:10:21.483+0000][2756.066s][info ][safepoint     ] Application time: 1.0015343 seconds
[2023-11-05T16:10:21.485+0000][2756.068s][info ][safepoint     ] Entering safepoint region: Cleanup
[2023-11-05T16:10:21.486+0000][2756.069s][info ][safepoint     ] Leaving safepoint region
[2023-11-05T16:10:21.487+0000][2756.070s][info ][safepoint     ] Total time for which application threads were stopped: 0.0022592 seconds, Stopping threads took: 0.0009903 seconds
[2023-11-05T16:10:22.488+0000][2757.071s][debug][safepoint     ] Safepoint synchronization initiated. (189 threads)
[2023-11-05T16:10:22.489+0000][2757.072s][info ][safepoint     ] Application time: 1.0015036 seconds
[2023-11-05T16:10:22.490+0000][2757.073s][debug][safepoint     ] ... found polling page return exception at pc = 0x00007f808cbe8cc4, stub =0x00007f8084840600
[2023-11-05T16:10:22.490+0000][2757.073s][debug][safepoint     ] ... found polling page return exception at pc = 0x00007f808cbe8cc4, stub =0x00007f8084840600
[2023-11-05T16:10:22.490+0000][2757.073s][debug][safepoint     ] ... found polling page return exception at pc = 0x00007f808c8fcd99, stub =0x00007f8084840600
[2023-11-05T16:10:22.490+0000][2757.073s][debug][safepoint     ] ... found polling page return exception at pc = 0x00007f808cbe8cc4, stub =0x00007f8084840600
[2023-11-05T16:10:22.490+0000][2757.073s][debug][safepoint     ] ... found polling page return exception at pc = 0x00007f808cbe8cc4, stub =0x00007f8084840600
[2023-11-05T16:10:22.490+0000][2757.073s][debug][safepoint     ] ... found polling page return exception at pc = 0x00007f808d48e85a, stub =0x00007f8084840600
[2023-11-05T16:10:22.495+0000][2757.078s][debug][safepoint     ] Waiting for 6 thread(s) to block
[2023-11-05T16:10:22.496+0000][2757.079s][info ][safepoint     ] Entering safepoint region: Cleanup
[2023-11-05T16:10:22.497+0000][2757.080s][info ][safepoint     ] Leaving safepoint region
[2023-11-05T16:10:22.498+0000][2757.081s][info ][safepoint     ] Total time for which application threads were stopped: 0.0074648 seconds, Stopping threads took: 0.0068578 seconds
[2023-11-05T16:10:23.499+0000][2758.082s][debug][safepoint     ] Safepoint synchronization initiated. (189 threads)
[2023-11-05T16:10:23.500+0000][2758.083s][info ][safepoint     ] Application time: 1.0017326 seconds
[2023-11-05T16:10:23.501+0000][2758.084s][info ][safepoint     ] Entering safepoint region: Cleanup
[2023-11-05T16:10:23.503+0000][2758.086s][info ][safepoint     ] Leaving safepoint region
[2023-11-05T16:10:23.504+0000][2758.087s][info ][safepoint     ] Total time for which application threads were stopped: 0.0025736 seconds, Stopping threads took: 0.0011398 seconds
[2023-11-05T16:10:24.503+0000][2759.088s][debug][safepoint     ] Safepoint synchronization initiated. (189 threads)
[2023-11-05T16:10:24.504+0000][2759.088s][info ][safepoint     ] Application time: 1.0007372 seconds
[2023-11-05T16:10:24.505+0000][2759.089s][info ][safepoint     ] Entering safepoint region: Cleanup
[2023-11-05T16:10:24.505+0000][2759.090s][info ][safepoint     ] Leaving safepoint region
[2023-11-05T16:10:24.506+0000][2759.090s][info ][safepoint     ] Total time for which application threads were stopped: 0.0012437 seconds, Stopping threads took: 0.0005445 seconds
[2023-11-05T16:10:25.507+0000][2760.091s][debug][safepoint     ] Safepoint synchronization initiated. (189 threads)
[2023-11-05T16:10:25.508+0000][2760.092s][info ][safepoint     ] Application time: 1.0016910 seconds
[2023-11-05T16:10:25.509+0000][2760.094s][info ][safepoint     ] Entering safepoint region: Cleanup
[2023-11-05T16:10:25.511+0000][2760.095s][info ][safepoint     ] Leaving safepoint region
[2023-11-05T16:10:25.512+0000][2760.096s][info ][safepoint     ] Total time for which application threads were stopped: 0.0024634 seconds, Stopping threads took: 0.0011176 seconds
[2023-11-05T16:10:26.513+0000][2761.097s][debug][safepoint     ] Safepoint synchronization initiated. (189 threads)
[2023-11-05T16:10:26.514+0000][2761.099s][info ][safepoint     ] Application time: 1.0017248 seconds
[2023-11-05T16:10:26.515+0000][2761.100s][debug][safepoint     ] ... found polling page return exception at pc = 0x00007f808c8e4606, stub =0x00007f8084840600
[2023-11-05T16:10:26.515+0000][2761.100s][debug][safepoint     ] ... found polling page return exception at pc = 0x00007f808cb81676, stub =0x00007f8084840600
[2023-11-05T16:10:26.515+0000][2761.100s][debug][safepoint     ] ... found polling page return exception at pc = 0x00007f808cb337f4, stub =0x00007f8084840600
[2023-11-05T16:10:26.519+0000][2761.104s][debug][safepoint     ] Waiting for 3 thread(s) to block
[2023-11-05T16:10:26.521+0000][2761.105s][info ][safepoint     ] Entering safepoint region: Cleanup
[2023-11-05T16:10:26.522+0000][2761.106s][info ][safepoint     ] Leaving safepoint region
[2023-11-05T16:10:26.523+0000][2761.107s][info ][safepoint     ] Total time for which application threads were stopped: 0.0073319 seconds, Stopping threads took: 0.0064068 seconds
[2023-11-05T16:10:27.524+0000][2762.109s][debug][safepoint     ] Safepoint synchronization initiated. (189 threads)
[2023-11-05T16:10:27.525+0000][2762.110s][info ][safepoint     ] Application time: 1.0017836 seconds
[2023-11-05T16:10:27.526+0000][2762.110s][info ][safepoint     ] Entering safepoint region: Cleanup
[2023-11-05T16:10:27.526+0000][2762.111s][info ][safepoint     ] Leaving safepoint region
[2023-11-05T16:10:27.527+0000][2762.111s][info ][safepoint     ] Total time for which application threads were stopped: 0.0012989 seconds, Stopping threads took: 0.0005980 seconds
[2023-11-05T16:10:28.528+0000][2763.112s][debug][safepoint     ] Safepoint synchronization initiated. (189 threads)
[2023-11-05T16:10:28.529+0000][2763.113s][info ][safepoint     ] Application time: 1.0013735 seconds
[2023-11-05T16:10:28.529+0000][2763.114s][info ][safepoint     ] Entering safepoint region: Cleanup
[2023-11-05T16:10:28.530+0000][2763.115s][info ][safepoint     ] Leaving safepoint region
[2023-11-05T16:10:28.531+0000][2763.116s][info ][safepoint     ] Total time for which application threads were stopped: 0.0019907 seconds, Stopping threads took: 0.0005982 seconds
[2023-11-05T16:10:29.532+0000][2764.117s][debug][safepoint     ] Safepoint synchronization initiated. (189 threads)
[2023-11-05T16:10:29.533+0000][2764.118s][info ][safepoint     ] Application time: 1.0015767 seconds
[2023-11-05T16:10:29.535+0000][2764.119s][info ][safepoint     ] Entering safepoint region: Cleanup
[2023-11-05T16:10:29.536+0000][2764.120s][info ][safepoint     ] Leaving safepoint region
[2023-11-05T16:10:29.537+0000][2764.121s][info ][safepoint     ] Total time for which application threads were stopped: 0.0023388 seconds, Stopping threads took: 0.0011108 seconds
[2023-11-05T16:10:30.538+0000][2765.122s][debug][safepoint     ] Safepoint synchronization initiated. (189 threads)
[2023-11-05T16:10:30.539+0000][2765.123s][info ][safepoint     ] Application time: 1.0009716 seconds
[2023-11-05T16:10:30.540+0000][2765.124s][info ][safepoint     ] Entering safepoint region: Cleanup
[2023-11-05T16:10:30.541+0000][2765.125s][info ][safepoint     ] Leaving safepoint region
[2023-11-05T16:10:30.541+0000][2765.126s][info ][safepoint     ] Total time for which application threads were stopped: 0.0013010 seconds, Stopping threads took: 0.0005784 seconds
[2023-11-05T16:10:31.542+0000][2766.126s][debug][safepoint     ] Safepoint synchronization initiated. (189 threads)
[2023-11-05T16:10:31.543+0000][2766.128s][info ][safepoint     ] Application time: 1.0015834 seconds
[2023-11-05T16:10:31.544+0000][2766.129s][info ][safepoint     ] Entering safepoint region: Cleanup
[2023-11-05T16:10:31.545+0000][2766.129s][info ][safepoint     ] Leaving safepoint region
[2023-11-05T16:10:31.545+0000][2766.130s][info ][safepoint     ] Total time for which application threads were stopped: 0.0011914 seconds, Stopping threads took: 0.0005334 seconds
[2023-11-05T16:10:32.546+0000][2767.130s][debug][safepoint     ] Safepoint synchronization initiated. (189 threads)
[2023-11-05T16:10:32.547+0000][2767.131s][info ][safepoint     ] Application time: 1.0009463 seconds
[2023-11-05T16:10:32.548+0000][2767.132s][info ][safepoint     ] Entering safepoint region: Cleanup
[2023-11-05T16:10:32.549+0000][2767.133s][info ][safepoint     ] Leaving safepoint region
[2023-11-05T16:10:32.550+0000][2767.134s][info ][safepoint     ] Total time for which application threads were stopped: 0.0016999 seconds, Stopping threads took: 0.0008857 seconds
[2023-11-05T16:10:33.551+0000][2768.135s][debug][safepoint     ] Safepoint synchronization initiated. (189 threads)
[2023-11-05T16:10:33.552+0000][2768.137s][info ][safepoint     ] Application time: 1.0019251 seconds
[2023-11-05T16:10:33.553+0000][2768.137s][info ][safepoint     ] Entering safepoint region: Cleanup
[2023-11-05T16:10:33.554+0000][2768.139s][info ][safepoint     ] Leaving safepoint region
[2023-11-05T16:10:33.555+0000][2768.139s][info ][safepoint     ] Total time for which application threads were stopped: 0.0020864 seconds, Stopping threads took: 0.0013004 seconds
[2023-11-05T16:10:34.556+0000][2769.140s][debug][safepoint     ] Safepoint synchronization initiated. (189 threads)
[2023-11-05T16:10:34.556+0000][2769.141s][info ][safepoint     ] Application time: 1.0007806 seconds
[2023-11-05T16:10:34.557+0000][2769.141s][info ][safepoint     ] Entering safepoint region: Cleanup
[2023-11-05T16:10:34.557+0000][2769.142s][info ][safepoint     ] Leaving safepoint region
[2023-11-05T16:10:34.558+0000][2769.142s][info ][safepoint     ] Total time for which application threads were stopped: 0.0012786 seconds, Stopping threads took: 0.0005431 seconds
[2023-11-05T16:10:35.559+0000][2770.143s][debug][safepoint     ] Safepoint synchronization initiated. (189 threads)
[2023-11-05T16:10:35.560+0000][2770.144s][info ][safepoint     ] Application time: 1.0010779 seconds
[2023-11-05T16:10:35.561+0000][2770.145s][info ][safepoint     ] Entering safepoint region: Cleanup
[2023-11-05T16:10:35.562+0000][2770.146s][info ][safepoint     ] Leaving safepoint region
[2023-11-05T16:10:35.562+0000][2770.147s][info ][safepoint     ] Total time for which application threads were stopped: 0.0019999 seconds, Stopping threads took: 0.0012633 seconds
[2023-11-05T16:10:36.563+0000][2771.147s][debug][safepoint     ] Safepoint synchronization initiated. (189 threads)
[2023-11-05T16:10:36.564+0000][2771.148s][info ][safepoint     ] Application time: 1.0012411 seconds
[2023-11-05T16:10:36.565+0000][2771.149s][info ][safepoint     ] Entering safepoint region: Cleanup
[2023-11-05T16:10:36.565+0000][2771.150s][info ][safepoint     ] Leaving safepoint region
[2023-11-05T16:10:36.566+0000][2771.150s][info ][safepoint     ] Total time for which application threads were stopped: 0.0013614 seconds, Stopping threads took: 0.0005551 seconds
[2023-11-05T16:10:37.567+0000][2772.151s][debug][safepoint     ] Safepoint synchronization initiated. (189 threads)
[2023-11-05T16:10:37.567+0000][2772.152s][info ][safepoint     ] Application time: 1.0008169 seconds
[2023-11-05T16:10:37.568+0000][2772.153s][info ][safepoint     ] Entering safepoint region: Cleanup
[2023-11-05T16:10:37.570+0000][2772.154s][info ][safepoint     ] Leaving safepoint region
[2023-11-05T16:10:37.571+0000][2772.155s][info ][safepoint     ] Total time for which application threads were stopped: 0.0031341 seconds, Stopping threads took: 0.0015611 seconds
[2023-11-05T16:10:38.572+0000][2773.156s][debug][safepoint     ] Safepoint synchronization initiated. (189 threads)
[2023-11-05T16:10:38.572+0000][2773.157s][info ][safepoint     ] Application time: 1.0005360 seconds
[2023-11-05T16:10:38.573+0000][2773.157s][info ][safepoint     ] Entering safepoint region: Cleanup
[2023-11-05T16:10:38.573+0000][2773.157s][info ][safepoint     ] Leaving safepoint region
[2023-11-05T16:10:38.573+0000][2773.158s][info ][safepoint     ] Total time for which application threads were stopped: 0.0009230 seconds, Stopping threads took: 0.0003982 seconds
[2023-11-05T16:10:39.574+0000][2774.158s][debug][safepoint     ] Safepoint synchronization initiated. (189 threads)
[2023-11-05T16:10:39.575+0000][2774.159s][info ][safepoint     ] Application time: 1.0012237 seconds
[2023-11-05T16:10:39.576+0000][2774.160s][info ][safepoint     ] Entering safepoint region: Cleanup
[2023-11-05T16:10:39.577+0000][2774.161s][info ][safepoint     ] Leaving safepoint region
[2023-11-05T16:10:39.578+0000][2774.162s][info ][safepoint     ] Total time for which application threads were stopped: 0.0015750 seconds, Stopping threads took: 0.0007051 seconds
[2023-11-05T16:10:40.578+0000][2775.163s][debug][safepoint     ] Safepoint synchronization initiated. (189 threads)
[2023-11-05T16:10:40.580+0000][2775.164s][info ][safepoint     ] Application time: 1.0014980 seconds
[2023-11-05T16:10:40.580+0000][2775.165s][info ][safepoint     ] Entering safepoint region: Cleanup
[2023-11-05T16:10:40.581+0000][2775.165s][info ][safepoint     ] Leaving safepoint region
[2023-11-05T16:10:40.582+0000][2775.166s][info ][safepoint     ] Total time for which application threads were stopped: 0.0014652 seconds, Stopping threads took: 0.0006105 seconds
[2023-11-05T16:10:41.583+0000][2776.167s][debug][safepoint     ] Safepoint synchronization initiated. (189 threads)
[2023-11-05T16:10:41.583+0000][2776.168s][info ][safepoint     ] Application time: 1.0009003 seconds
[2023-11-05T16:10:41.584+0000][2776.168s][info ][safepoint     ] Entering safepoint region: Cleanup
[2023-11-05T16:10:41.584+0000][2776.169s][info ][safepoint     ] Leaving safepoint region
[2023-11-05T16:10:41.585+0000][2776.169s][info ][safepoint     ] Total time for which application threads were stopped: 0.0012262 seconds, Stopping threads took: 0.0004279 seconds
[2023-11-05T16:10:42.586+0000][2777.170s][debug][safepoint     ] Safepoint synchronization initiated. (189 threads)
[2023-11-05T16:10:42.587+0000][2777.171s][info ][safepoint     ] Application time: 1.0012074 seconds
[2023-11-05T16:10:42.588+0000][2777.172s][info ][safepoint     ] Entering safepoint region: Cleanup
[2023-11-05T16:10:42.589+0000][2777.173s][info ][safepoint     ] Leaving safepoint region
[2023-11-05T16:10:42.589+0000][2777.174s][info ][safepoint     ] Total time for which application threads were stopped: 0.0015066 seconds, Stopping threads took: 0.0007604 seconds
[2023-11-05T16:10:43.590+0000][2778.174s][debug][safepoint     ] Safepoint synchronization initiated. (189 threads)
[2023-11-05T16:10:43.591+0000][2778.175s][info ][safepoint     ] Application time: 1.0010964 seconds
[2023-11-05T16:10:43.592+0000][2778.176s][info ][safepoint     ] Entering safepoint region: Cleanup
[2023-11-05T16:10:43.593+0000][2778.177s][info ][safepoint     ] Leaving safepoint region
[2023-11-05T16:10:43.593+0000][2778.178s][info ][safepoint     ] Total time for which application threads were stopped: 0.0016348 seconds, Stopping threads took: 0.0005884 seconds
[2023-11-05T16:10:44.594+0000][2779.178s][debug][safepoint     ] Safepoint synchronization initiated. (189 threads)
[2023-11-05T16:10:44.595+0000][2779.179s][info ][safepoint     ] Application time: 1.0007706 seconds
[2023-11-05T16:10:44.595+0000][2779.180s][info ][safepoint     ] Entering safepoint region: Cleanup
[2023-11-05T16:10:44.596+0000][2779.180s][info ][safepoint     ] Leaving safepoint region
[2023-11-05T16:10:44.596+0000][2779.181s][info ][safepoint     ] Total time for which application threads were stopped: 0.0012279 seconds, Stopping threads took: 0.0005610 seconds
[2023-11-05T16:10:45.597+0000][2780.181s][debug][safepoint     ] Safepoint synchronization initiated. (189 threads)
[2023-11-05T16:10:45.598+0000][2780.182s][info ][safepoint     ] Application time: 1.0012865 seconds
[2023-11-05T16:10:45.599+0000][2780.183s][info ][safepoint     ] Entering safepoint region: Cleanup
[2023-11-05T16:10:45.600+0000][2780.185s][info ][safepoint     ] Leaving safepoint region
[2023-11-05T16:10:45.601+0000][2780.185s][info ][safepoint     ] Total time for which application threads were stopped: 0.0020609 seconds, Stopping threads took: 0.0009383 seconds
[2023-11-05T16:10:46.602+0000][2781.186s][debug][safepoint     ] Safepoint synchronization initiated. (189 threads)
[2023-11-05T16:10:46.603+0000][2781.188s][info ][safepoint     ] Application time: 1.0014582 seconds
[2023-11-05T16:10:46.604+0000][2781.189s][info ][safepoint     ] Entering safepoint region: Cleanup
[2023-11-05T16:10:46.606+0000][2781.190s][info ][safepoint     ] Leaving safepoint region
[2023-11-05T16:10:46.606+0000][2781.191s][info ][safepoint     ] Total time for which application threads were stopped: 0.0020025 seconds, Stopping threads took: 0.0009328 seconds
[2023-11-05T16:10:47.608+0000][2782.192s][debug][safepoint     ] Safepoint synchronization initiated. (189 threads)
[2023-11-05T16:10:47.609+0000][2782.193s][info ][safepoint     ] Application time: 1.0013461 seconds
[2023-11-05T16:10:47.610+0000][2782.194s][info ][safepoint     ] Entering safepoint region: Cleanup
[2023-11-05T16:10:47.611+0000][2782.195s][info ][safepoint     ] Leaving safepoint region
[2023-11-05T16:10:47.612+0000][2782.196s][info ][safepoint     ] Total time for which application threads were stopped: 0.0022160 seconds, Stopping threads took: 0.0009445 seconds
[2023-11-05T16:10:48.613+0000][2783.197s][debug][safepoint     ] Safepoint synchronization initiated. (189 threads)
[2023-11-05T16:10:48.614+0000][2783.198s][info ][safepoint     ] Application time: 1.0016577 seconds
[2023-11-05T16:10:48.615+0000][2783.199s][debug][safepoint     ] ... found polling page return exception at pc = 0x00007f808cb337f4, stub =0x00007f8084840600
[2023-11-05T16:10:48.615+0000][2783.199s][debug][safepoint     ] ... found polling page return exception at pc = 0x00007f808d44a4a8, stub =0x00007f8084840600
[2023-11-05T16:10:48.615+0000][2783.199s][debug][safepoint     ] ... found polling page loop exception at pc = 0x00007f808d44a52c, stub =0x00007f8084843680
[2023-11-05T16:10:48.615+0000][2783.199s][debug][safepoint     ] ... found polling page return exception at pc = 0x00007f808d44a4a8, stub =0x00007f8084840600
[2023-11-05T16:10:48.615+0000][2783.199s][debug][safepoint     ] ... found polling page return exception at pc = 0x00007f808d44a4a8, stub =0x00007f8084840600
[2023-11-05T16:10:48.620+0000][2783.204s][debug][safepoint     ] Waiting for 6 thread(s) to block
[2023-11-05T16:10:48.621+0000][2783.205s][info ][safepoint     ] Entering safepoint region: Cleanup
[2023-11-05T16:10:48.621+0000][2783.205s][info ][safepoint     ] Leaving safepoint region
[2023-11-05T16:10:48.622+0000][2783.206s][info ][safepoint     ] Total time for which application threads were stopped: 0.0066863 seconds, Stopping threads took: 0.0059471 seconds
[2023-11-05T16:10:48.737+0000][2783.321s][debug][safepoint     ] Safepoint synchronization initiated. (189 threads)
[2023-11-05T16:10:48.737+0000][2783.322s][info ][safepoint     ] Application time: 0.1151009 seconds
[2023-11-05T16:10:48.738+0000][2783.322s][info ][safepoint     ] Entering safepoint region: G1CollectForAllocation
[2023-11-05T16:10:48.739+0000][2783.323s][info ][gc,start      ] GC(109) Pause Young (Concurrent Start) (G1 Evacuation Pause)
[2023-11-05T16:10:48.739+0000][2783.324s][info ][gc,task       ] GC(109) Using 8 workers of 8 for evacuation
[2023-11-05T16:10:48.747+0000][2783.332s][info ][gc,phases     ] GC(109)   Pre Evacuate Collection Set: 2.2ms
[2023-11-05T16:10:48.748+0000][2783.332s][info ][gc,phases     ] GC(109)   Evacuate Collection Set: 2.7ms
[2023-11-05T16:10:48.749+0000][2783.333s][info ][gc,phases     ] GC(109)   Post Evacuate Collection Set: 2.4ms
[2023-11-05T16:10:48.749+0000][2783.333s][info ][gc,phases     ] GC(109)   Other: 1.4ms
[2023-11-05T16:10:48.750+0000][2783.334s][info ][gc,heap       ] GC(109) Eden regions: 127->0(128)
[2023-11-05T16:10:48.750+0000][2783.335s][info ][gc,heap       ] GC(109) Survivor regions: 2->1(17)
[2023-11-05T16:10:48.751+0000][2783.335s][info ][gc,heap       ] GC(109) Old regions: 140->141
[2023-11-05T16:10:48.751+0000][2783.336s][info ][gc,heap       ] GC(109) Humongous regions: 60->60
[2023-11-05T16:10:48.752+0000][2783.336s][info ][gc,metaspace  ] GC(109) Metaspace: 168431K(175676K)->168431K(175676K) NonClass: 149191K(153960K)->149191K(153960K) Class: 19240K(21716K)->19240K(21716K)
[2023-11-05T16:10:48.753+0000][2783.337s][info ][gc            ] GC(109) Pause Young (Concurrent Start) (G1 Evacuation Pause) 326M->199M(381M) 13.801ms
[2023-11-05T16:10:48.753+0000][2783.337s][info ][gc,cpu        ] GC(109) User=0.04s Sys=0.00s Real=0.01s
[2023-11-05T16:10:48.754+0000][2783.338s][info ][safepoint     ] Leaving safepoint region
[2023-11-05T16:10:48.754+0000][2783.338s][info ][safepoint     ] Total time for which application threads were stopped: 0.0163785 seconds, Stopping threads took: 0.0007800 seconds
[2023-11-05T16:10:48.754+0000][2783.338s][info ][gc            ] GC(110) Concurrent Cycle
[2023-11-05T16:10:48.754+0000][2783.339s][info ][gc,stringdedup] Concurrent String Deduplication (2783.339s)
[2023-11-05T16:10:48.755+0000][2783.339s][info ][gc,marking    ] GC(110) Concurrent Clear Claimed Marks
[2023-11-05T16:10:48.755+0000][2783.340s][info ][gc,stringdedup] Concurrent String Deduplication 160.0B->0.0B(160.0B) avg 54.4% (2783.339s, 2783.339s) 0.689ms
[2023-11-05T16:10:48.756+0000][2783.340s][info ][gc,marking    ] GC(110) Concurrent Clear Claimed Marks 1.248ms
[2023-11-05T16:10:48.756+0000][2783.341s][info ][gc,marking    ] GC(110) Concurrent Scan Root Regions
[2023-11-05T16:10:48.759+0000][2783.343s][info ][gc,marking    ] GC(110) Concurrent Scan Root Regions 2.442ms
[2023-11-05T16:10:48.759+0000][2783.344s][info ][gc,marking    ] GC(110) Concurrent Mark (2783.344s)
[2023-11-05T16:10:48.760+0000][2783.344s][info ][gc,marking    ] GC(110) Concurrent Mark From Roots
[2023-11-05T16:10:48.760+0000][2783.344s][info ][gc,task       ] GC(110) Using 2 workers of 2 for marking
[2023-11-05T16:10:48.843+0000][2783.428s][info ][gc,marking    ] GC(110) Concurrent Mark From Roots 83.714ms
[2023-11-05T16:10:48.844+0000][2783.428s][info ][gc,marking    ] GC(110) Concurrent Preclean
[2023-11-05T16:10:48.845+0000][2783.429s][info ][gc,marking    ] GC(110) Concurrent Preclean 0.640ms
[2023-11-05T16:10:48.845+0000][2783.430s][info ][gc,marking    ] GC(110) Concurrent Mark (2783.344s, 2783.429s) 85.885ms
[2023-11-05T16:10:48.846+0000][2783.430s][debug][safepoint     ] Safepoint synchronization initiated. (189 threads)
[2023-11-05T16:10:48.846+0000][2783.431s][info ][safepoint     ] Application time: 0.0919893 seconds
[2023-11-05T16:10:48.847+0000][2783.431s][info ][safepoint     ] Entering safepoint region: CGC_Operation
[2023-11-05T16:10:48.848+0000][2783.432s][info ][gc,start      ] GC(110) Pause Remark
[2023-11-05T16:10:48.865+0000][2783.450s][info ][gc,stringtable] GC(110) Cleaned string and symbol table, strings: 71920 processed, 0 removed, symbols: 409726 processed, 1 removed
[2023-11-05T16:10:48.866+0000][2783.451s][info ][gc            ] GC(110) Pause Remark 202M->202M(381M) 18.216ms
[2023-11-05T16:10:48.867+0000][2783.451s][info ][gc,cpu        ] GC(110) User=0.12s Sys=0.00s Real=0.02s
[2023-11-05T16:10:48.868+0000][2783.452s][info ][safepoint     ] Leaving safepoint region
[2023-11-05T16:10:48.868+0000][2783.452s][info ][safepoint     ] Total time for which application threads were stopped: 0.0210341 seconds, Stopping threads took: 0.0007118 seconds
[2023-11-05T16:10:48.869+0000][2783.453s][info ][gc,marking    ] GC(110) Concurrent Rebuild Remembered Sets
[2023-11-05T16:10:48.941+0000][2783.526s][info ][gc,marking    ] GC(110) Concurrent Rebuild Remembered Sets 72.368ms
[2023-11-05T16:10:48.942+0000][2783.526s][debug][safepoint     ] Safepoint synchronization initiated. (189 threads)
[2023-11-05T16:10:48.942+0000][2783.527s][info ][safepoint     ] Application time: 0.0735193 seconds
[2023-11-05T16:10:48.943+0000][2783.527s][info ][safepoint     ] Entering safepoint region: CGC_Operation
[2023-11-05T16:10:48.943+0000][2783.528s][info ][gc,start      ] GC(110) Pause Cleanup
[2023-11-05T16:10:48.944+0000][2783.528s][info ][gc            ] GC(110) Pause Cleanup 202M->202M(381M) 0.728ms
[2023-11-05T16:10:48.944+0000][2783.529s][info ][gc,cpu        ] GC(110) User=0.00s Sys=0.00s Real=0.01s
[2023-11-05T16:10:48.945+0000][2783.529s][info ][safepoint     ] Leaving safepoint region
[2023-11-05T16:10:48.945+0000][2783.529s][info ][safepoint     ] Total time for which application threads were stopped: 0.0023615 seconds, Stopping threads took: 0.0003792 seconds
[2023-11-05T16:10:48.945+0000][2783.529s][debug][safepoint     ] ... found polling page return exception at pc = 0x00007f808d32eb44, stub =0x00007f8084840600
[2023-11-05T16:10:48.945+0000][2783.529s][debug][safepoint     ] ... found polling page return exception at pc = 0x00007f808d32eb44, stub =0x00007f8084840600
[2023-11-05T16:10:48.945+0000][2783.530s][info ][gc,marking    ] GC(110) Concurrent Cleanup for Next Mark
[2023-11-05T16:10:48.947+0000][2783.531s][info ][gc,marking    ] GC(110) Concurrent Cleanup for Next Mark 1.572ms
[2023-11-05T16:10:48.947+0000][2783.532s][info ][gc            ] GC(110) Concurrent Cycle 193.730ms
[2023-11-05T16:10:49.946+0000][2784.530s][debug][safepoint     ] Safepoint synchronization initiated. (189 threads)
[2023-11-05T16:10:49.946+0000][2784.531s][info ][safepoint     ] Application time: 1.0009113 seconds
[2023-11-05T16:10:49.947+0000][2784.531s][info ][safepoint     ] Entering safepoint region: Cleanup
[2023-11-05T16:10:49.948+0000][2784.532s][info ][safepoint     ] Leaving safepoint region
[2023-11-05T16:10:49.948+0000][2784.532s][info ][safepoint     ] Total time for which application threads were stopped: 0.0012399 seconds, Stopping threads took: 0.0004784 seconds
[2023-11-05T16:10:50.949+0000][2785.533s][debug][safepoint     ] Safepoint synchronization initiated. (189 threads)
[2023-11-05T16:10:50.950+0000][2785.534s][info ][safepoint     ] Application time: 1.0010545 seconds
[2023-11-05T16:10:50.950+0000][2785.535s][info ][safepoint     ] Entering safepoint region: Cleanup
[2023-11-05T16:10:50.951+0000][2785.536s][info ][safepoint     ] Leaving safepoint region
[2023-11-05T16:10:50.952+0000][2785.537s][info ][safepoint     ] Total time for which application threads were stopped: 0.0018628 seconds, Stopping threads took: 0.0008235 seconds
[2023-11-05T16:10:51.953+0000][2786.537s][debug][safepoint     ] Safepoint synchronization initiated. (189 threads)
[2023-11-05T16:10:51.954+0000][2786.538s][info ][safepoint     ] Application time: 1.0005439 seconds
[2023-11-05T16:10:51.954+0000][2786.538s][info ][safepoint     ] Entering safepoint region: Cleanup
[2023-11-05T16:10:51.955+0000][2786.539s][info ][safepoint     ] Leaving safepoint region
[2023-11-05T16:10:51.955+0000][2786.539s][info ][safepoint     ] Total time for which application threads were stopped: 0.0009003 seconds, Stopping threads took: 0.0004306 seconds
[2023-11-05T16:10:52.955+0000][2787.540s][debug][safepoint     ] Safepoint synchronization initiated. (189 threads)
[2023-11-05T16:10:52.956+0000][2787.541s][info ][safepoint     ] Application time: 1.0011056 seconds
[2023-11-05T16:10:52.957+0000][2787.541s][info ][safepoint     ] Entering safepoint region: Cleanup
[2023-11-05T16:10:52.957+0000][2787.542s][info ][safepoint     ] Leaving safepoint region
[2023-11-05T16:10:52.958+0000][2787.542s][info ][safepoint     ] Total time for which application threads were stopped: 0.0010230 seconds, Stopping threads took: 0.0005133 seconds
[2023-11-05T16:10:53.957+0000][2788.543s][debug][safepoint     ] Safepoint synchronization initiated. (189 threads)
[2023-11-05T16:10:53.958+0000][2788.543s][info ][safepoint     ] Application time: 1.0010679 seconds
[2023-11-05T16:10:53.959+0000][2788.544s][info ][safepoint     ] Entering safepoint region: Cleanup
[2023-11-05T16:10:53.960+0000][2788.545s][info ][safepoint     ] Leaving safepoint region
[2023-11-05T16:10:53.960+0000][2788.545s][info ][safepoint     ] Total time for which application threads were stopped: 0.0010636 seconds, Stopping threads took: 0.0003598 seconds
[2023-11-05T16:10:54.961+0000][2789.546s][debug][safepoint     ] Safepoint synchronization initiated. (189 threads)
[2023-11-05T16:10:54.961+0000][2789.547s][info ][safepoint     ] Application time: 1.0009340 seconds
[2023-11-05T16:10:54.962+0000][2789.547s][info ][safepoint     ] Entering safepoint region: Cleanup
[2023-11-05T16:10:54.963+0000][2789.548s][info ][safepoint     ] Leaving safepoint region
[2023-11-05T16:10:54.964+0000][2789.549s][info ][safepoint     ] Total time for which application threads were stopped: 0.0015423 seconds, Stopping threads took: 0.0006695 seconds
[2023-11-05T16:10:55.964+0000][2790.549s][debug][safepoint     ] Safepoint synchronization initiated. (189 threads)
[2023-11-05T16:10:55.965+0000][2790.550s][info ][safepoint     ] Application time: 1.0010356 seconds
[2023-11-05T16:10:55.966+0000][2790.551s][info ][safepoint     ] Entering safepoint region: Cleanup
[2023-11-05T16:10:55.967+0000][2790.552s][info ][safepoint     ] Leaving safepoint region
[2023-11-05T16:10:55.967+0000][2790.552s][info ][safepoint     ] Total time for which application threads were stopped: 0.0013369 seconds, Stopping threads took: 0.0006133 seconds
[2023-11-05T16:10:56.968+0000][2791.553s][debug][safepoint     ] Safepoint synchronization initiated. (189 threads)
[2023-11-05T16:10:56.968+0000][2791.554s][info ][safepoint     ] Application time: 1.0006778 seconds
[2023-11-05T16:10:56.969+0000][2791.554s][info ][safepoint     ] Entering safepoint region: Cleanup
[2023-11-05T16:10:56.970+0000][2791.555s][info ][safepoint     ] Leaving safepoint region
[2023-11-05T16:10:56.970+0000][2791.555s][info ][safepoint     ] Total time for which application threads were stopped: 0.0010989 seconds, Stopping threads took: 0.0005392 seconds
[2023-11-05T16:10:57.971+0000][2792.556s][debug][safepoint     ] Safepoint synchronization initiated. (189 threads)
[2023-11-05T16:10:57.971+0000][2792.556s][info ][safepoint     ] Application time: 1.0006067 seconds
[2023-11-05T16:10:57.972+0000][2792.557s][info ][safepoint     ] Entering safepoint region: Cleanup
[2023-11-05T16:10:57.972+0000][2792.557s][info ][safepoint     ] Leaving safepoint region
[2023-11-05T16:10:57.973+0000][2792.558s][info ][safepoint     ] Total time for which application threads were stopped: 0.0011425 seconds, Stopping threads took: 0.0004389 seconds
[2023-11-05T16:10:58.973+0000][2793.558s][debug][safepoint     ] Safepoint synchronization initiated. (189 threads)
[2023-11-05T16:10:58.974+0000][2793.559s][info ][safepoint     ] Application time: 1.0009294 seconds
[2023-11-05T16:10:58.975+0000][2793.560s][info ][safepoint     ] Entering safepoint region: Cleanup
[2023-11-05T16:10:58.976+0000][2793.561s][info ][safepoint     ] Leaving safepoint region
[2023-11-05T16:10:58.976+0000][2793.561s][info ][safepoint     ] Total time for which application threads were stopped: 0.0014861 seconds, Stopping threads took: 0.0007015 seconds
[2023-11-05T16:10:59.977+0000][2794.562s][debug][safepoint     ] Safepoint synchronization initiated. (189 threads)
[2023-11-05T16:10:59.978+0000][2794.563s][info ][safepoint     ] Application time: 1.0008340 seconds
[2023-11-05T16:10:59.978+0000][2794.563s][info ][safepoint     ] Entering safepoint region: Cleanup
[2023-11-05T16:10:59.979+0000][2794.564s][info ][safepoint     ] Leaving safepoint region
[2023-11-05T16:10:59.979+0000][2794.564s][info ][safepoint     ] Total time for which application threads were stopped: 0.0011538 seconds, Stopping threads took: 0.0005002 seconds
[2023-11-05T16:11:00.980+0000][2795.565s][debug][safepoint     ] Safepoint synchronization initiated. (189 threads)
[2023-11-05T16:11:00.981+0000][2795.566s][info ][safepoint     ] Application time: 1.0011972 seconds
[2023-11-05T16:11:00.982+0000][2795.567s][info ][safepoint     ] Entering safepoint region: Cleanup
[2023-11-05T16:11:00.983+0000][2795.568s][info ][safepoint     ] Leaving safepoint region
[2023-11-05T16:11:00.983+0000][2795.568s][info ][safepoint     ] Total time for which application threads were stopped: 0.0013794 seconds, Stopping threads took: 0.0007217 seconds
[2023-11-05T16:11:01.984+0000][2796.569s][debug][safepoint     ] Safepoint synchronization initiated. (189 threads)
[2023-11-05T16:11:01.984+0000][2796.569s][info ][safepoint     ] Application time: 1.0005202 seconds
[2023-11-05T16:11:01.984+0000][2796.570s][info ][safepoint     ] Entering safepoint region: Cleanup
[2023-11-05T16:11:01.985+0000][2796.570s][info ][safepoint     ] Leaving safepoint region
[2023-11-05T16:11:01.985+0000][2796.570s][info ][safepoint     ] Total time for which application threads were stopped: 0.0008255 seconds, Stopping threads took: 0.0003497 seconds
[2023-11-05T16:11:02.986+0000][2797.571s][debug][safepoint     ] Safepoint synchronization initiated. (189 threads)
[2023-11-05T16:11:02.986+0000][2797.571s][info ][safepoint     ] Application time: 1.0007925 seconds
[2023-11-05T16:11:02.987+0000][2797.572s][info ][safepoint     ] Entering safepoint region: Cleanup
[2023-11-05T16:11:02.987+0000][2797.573s][info ][safepoint     ] Leaving safepoint region
[2023-11-05T16:11:02.988+0000][2797.573s][info ][safepoint     ] Total time for which application threads were stopped: 0.0012774 seconds, Stopping threads took: 0.0005330 seconds
[2023-11-05T16:11:03.989+0000][2798.574s][debug][safepoint     ] Safepoint synchronization initiated. (189 threads)
[2023-11-05T16:11:03.989+0000][2798.575s][info ][safepoint     ] Application time: 1.0008923 seconds
[2023-11-05T16:11:03.990+0000][2798.575s][info ][safepoint     ] Entering safepoint region: Cleanup
[2023-11-05T16:11:03.991+0000][2798.576s][info ][safepoint     ] Leaving safepoint region
[2023-11-05T16:11:03.991+0000][2798.576s][info ][safepoint     ] Total time for which application threads were stopped: 0.0012786 seconds, Stopping threads took: 0.0005802 seconds
[2023-11-05T16:11:04.992+0000][2799.577s][debug][safepoint     ] Safepoint synchronization initiated. (189 threads)
[2023-11-05T16:11:04.993+0000][2799.578s][info ][safepoint     ] Application time: 1.0011082 seconds
[2023-11-05T16:11:04.994+0000][2799.579s][info ][safepoint     ] Entering safepoint region: Cleanup
[2023-11-05T16:11:04.994+0000][2799.580s][info ][safepoint     ] Leaving safepoint region
[2023-11-05T16:11:04.995+0000][2799.580s][info ][safepoint     ] Total time for which application threads were stopped: 0.0017041 seconds, Stopping threads took: 0.0006911 seconds
[2023-11-05T16:11:05.996+0000][2800.582s][debug][safepoint     ] Safepoint synchronization initiated. (189 threads)
[2023-11-05T16:11:05.998+0000][2800.583s][info ][safepoint     ] Application time: 1.0014984 seconds
[2023-11-05T16:11:05.999+0000][2800.584s][info ][safepoint     ] Entering safepoint region: Cleanup
[2023-11-05T16:11:06.000+0000][2800.585s][info ][safepoint     ] Leaving safepoint region
[2023-11-05T16:11:06.001+0000][2800.586s][info ][safepoint     ] Total time for which application threads were stopped: 0.0020917 seconds, Stopping threads took: 0.0008537 seconds
[2023-11-05T16:11:07.002+0000][2801.587s][debug][safepoint     ] Safepoint synchronization initiated. (189 threads)
[2023-11-05T16:11:07.003+0000][2801.588s][info ][safepoint     ] Application time: 1.0015490 seconds
[2023-11-05T16:11:07.004+0000][2801.589s][info ][safepoint     ] Entering safepoint region: Cleanup
[2023-11-05T16:11:07.005+0000][2801.590s][info ][safepoint     ] Leaving safepoint region
[2023-11-05T16:11:07.006+0000][2801.591s][info ][safepoint     ] Total time for which application threads were stopped: 0.0019200 seconds, Stopping threads took: 0.0008369 seconds
[2023-11-05T16:11:08.007+0000][2802.592s][debug][safepoint     ] Safepoint synchronization initiated. (189 threads)
[2023-11-05T16:11:08.008+0000][2802.593s][info ][safepoint     ] Application time: 1.0010612 seconds
[2023-11-05T16:11:08.009+0000][2802.594s][info ][safepoint     ] Entering safepoint region: Cleanup
[2023-11-05T16:11:08.010+0000][2802.595s][info ][safepoint     ] Leaving safepoint region
[2023-11-05T16:11:08.010+0000][2802.595s][info ][safepoint     ] Total time for which application threads were stopped: 0.0016201 seconds, Stopping threads took: 0.0007697 seconds
[2023-11-05T16:11:09.011+0000][2803.596s][debug][safepoint     ] Safepoint synchronization initiated. (189 threads)
[2023-11-05T16:11:09.011+0000][2803.597s][info ][safepoint     ] Application time: 1.0007521 seconds
[2023-11-05T16:11:09.012+0000][2803.597s][info ][safepoint     ] Entering safepoint region: Cleanup
[2023-11-05T16:11:09.013+0000][2803.598s][info ][safepoint     ] Leaving safepoint region
[2023-11-05T16:11:09.013+0000][2803.598s][info ][safepoint     ] Total time for which application threads were stopped: 0.0013576 seconds, Stopping threads took: 0.0006187 seconds
[2023-11-05T16:11:10.014+0000][2804.599s][debug][safepoint     ] Safepoint synchronization initiated. (189 threads)
[2023-11-05T16:11:10.015+0000][2804.601s][info ][safepoint     ] Application time: 1.0013596 seconds
[2023-11-05T16:11:10.016+0000][2804.601s][info ][safepoint     ] Entering safepoint region: Cleanup
[2023-11-05T16:11:10.017+0000][2804.602s][info ][safepoint     ] Leaving safepoint region
[2023-11-05T16:11:10.018+0000][2804.603s][info ][safepoint     ] Total time for which application threads were stopped: 0.0017575 seconds, Stopping threads took: 0.0009017 seconds
[2023-11-05T16:11:10.017+0000][2804.603s][debug][safepoint     ] ... found polling page return exception at pc = 0x00007f808d32eb44, stub =0x00007f8084840600
[2023-11-05T16:11:10.017+0000][2804.603s][debug][safepoint     ] ... found polling page return exception at pc = 0x00007f808d32eb44, stub =0x00007f8084840600
[2023-11-05T16:11:10.017+0000][2804.603s][debug][safepoint     ] ... found polling page return exception at pc = 0x00007f808d32eb44, stub =0x00007f8084840600
[2023-11-05T16:11:10.017+0000][2804.603s][debug][safepoint     ] ... found polling page return exception at pc = 0x00007f808d32eb44, stub =0x00007f8084840600
[2023-11-05T16:11:10.017+0000][2804.603s][debug][safepoint     ] ... found polling page return exception at pc = 0x00007f808d32eb44, stub =0x00007f8084840600
[2023-11-05T16:11:11.019+0000][2805.604s][debug][safepoint     ] Safepoint synchronization initiated. (189 threads)
[2023-11-05T16:11:11.020+0000][2805.605s][info ][safepoint     ] Application time: 1.0013458 seconds
[2023-11-05T16:11:11.021+0000][2805.606s][info ][safepoint     ] Entering safepoint region: Cleanup
[2023-11-05T16:11:11.022+0000][2805.607s][info ][safepoint     ] Leaving safepoint region
[2023-11-05T16:11:11.023+0000][2805.608s][info ][safepoint     ] Total time for which application threads were stopped: 0.0020511 seconds, Stopping threads took: 0.0007987 seconds
[2023-11-05T16:11:12.024+0000][2806.609s][debug][safepoint     ] Safepoint synchronization initiated. (188 threads)
[2023-11-05T16:11:12.025+0000][2806.610s][info ][safepoint     ] Application time: 1.0011330 seconds
[2023-11-05T16:11:12.026+0000][2806.611s][info ][safepoint     ] Entering safepoint region: Cleanup
[2023-11-05T16:11:12.027+0000][2806.612s][info ][safepoint     ] Leaving safepoint region
[2023-11-05T16:11:12.027+0000][2806.613s][info ][safepoint     ] Total time for which application threads were stopped: 0.0019290 seconds, Stopping threads took: 0.0008625 seconds
[2023-11-05T16:11:13.028+0000][2807.614s][debug][safepoint     ] Safepoint synchronization initiated. (188 threads)
[2023-11-05T16:11:13.029+0000][2807.615s][info ][safepoint     ] Application time: 1.0013765 seconds
[2023-11-05T16:11:13.030+0000][2807.616s][info ][safepoint     ] Entering safepoint region: Cleanup
[2023-11-05T16:11:13.032+0000][2807.617s][info ][safepoint     ] Leaving safepoint region
[2023-11-05T16:11:13.033+0000][2807.618s][info ][safepoint     ] Total time for which application threads were stopped: 0.0021622 seconds, Stopping threads took: 0.0009066 seconds
[2023-11-05T16:11:14.034+0000][2808.619s][debug][safepoint     ] Safepoint synchronization initiated. (188 threads)
[2023-11-05T16:11:14.035+0000][2808.620s][info ][safepoint     ] Application time: 1.0018600 seconds
[2023-11-05T16:11:14.036+0000][2808.622s][info ][safepoint     ] Entering safepoint region: Cleanup
[2023-11-05T16:11:14.038+0000][2808.623s][info ][safepoint     ] Leaving safepoint region
[2023-11-05T16:11:14.039+0000][2808.624s][info ][safepoint     ] Total time for which application threads were stopped: 0.0025845 seconds, Stopping threads took: 0.0011651 seconds
[2023-11-05T16:11:15.040+0000][2809.625s][debug][safepoint     ] Safepoint synchronization initiated. (188 threads)
[2023-11-05T16:11:15.041+0000][2809.627s][info ][safepoint     ] Application time: 1.0014153 seconds
[2023-11-05T16:11:15.042+0000][2809.628s][info ][safepoint     ] Entering safepoint region: Cleanup
[2023-11-05T16:11:15.044+0000][2809.629s][info ][safepoint     ] Leaving safepoint region
[2023-11-05T16:11:15.044+0000][2809.630s][info ][safepoint     ] Total time for which application threads were stopped: 0.0020838 seconds, Stopping threads took: 0.0009469 seconds
[2023-11-05T16:11:16.045+0000][2810.631s][debug][safepoint     ] Safepoint synchronization initiated. (188 threads)
[2023-11-05T16:11:16.046+0000][2810.632s][info ][safepoint     ] Application time: 1.0012164 seconds
[2023-11-05T16:11:16.047+0000][2810.632s][info ][safepoint     ] Entering safepoint region: Cleanup
[2023-11-05T16:11:16.048+0000][2810.634s][info ][safepoint     ] Leaving safepoint region
[2023-11-05T16:11:16.049+0000][2810.634s][info ][safepoint     ] Total time for which application threads were stopped: 0.0019282 seconds, Stopping threads took: 0.0009533 seconds
[2023-11-05T16:11:17.050+0000][2811.635s][debug][safepoint     ] Safepoint synchronization initiated. (188 threads)
[2023-11-05T16:11:17.051+0000][2811.636s][info ][safepoint     ] Application time: 1.0011587 seconds
[2023-11-05T16:11:17.052+0000][2811.637s][info ][safepoint     ] Entering safepoint region: Cleanup
[2023-11-05T16:11:17.053+0000][2811.638s][info ][safepoint     ] Leaving safepoint region
[2023-11-05T16:11:17.054+0000][2811.639s][info ][safepoint     ] Total time for which application threads were stopped: 0.0018085 seconds, Stopping threads took: 0.0006684 seconds
[2023-11-05T16:11:18.055+0000][2812.640s][debug][safepoint     ] Safepoint synchronization initiated. (188 threads)
[2023-11-05T16:11:18.056+0000][2812.641s][info ][safepoint     ] Application time: 1.0015721 seconds
[2023-11-05T16:11:18.057+0000][2812.642s][info ][safepoint     ] Entering safepoint region: Cleanup
[2023-11-05T16:11:18.059+0000][2812.644s][info ][safepoint     ] Leaving safepoint region
[2023-11-05T16:11:18.060+0000][2812.645s][info ][safepoint     ] Total time for which application threads were stopped: 0.0025259 seconds, Stopping threads took: 0.0011426 seconds
[2023-11-05T16:11:19.061+0000][2813.646s][debug][safepoint     ] Safepoint synchronization initiated. (188 threads)
[2023-11-05T16:11:19.062+0000][2813.647s][info ][safepoint     ] Application time: 1.0012146 seconds
[2023-11-05T16:11:19.063+0000][2813.648s][info ][safepoint     ] Entering safepoint region: Cleanup
[2023-11-05T16:11:19.064+0000][2813.649s][info ][safepoint     ] Leaving safepoint region
[2023-11-05T16:11:19.065+0000][2813.650s][info ][safepoint     ] Total time for which application threads were stopped: 0.0025623 seconds, Stopping threads took: 0.0010981 seconds
[2023-11-05T16:11:20.067+0000][2814.652s][debug][safepoint     ] Safepoint synchronization initiated. (188 threads)
[2023-11-05T16:11:20.068+0000][2814.653s][info ][safepoint     ] Application time: 1.0016420 seconds
[2023-11-05T16:11:20.069+0000][2814.654s][debug][safepoint     ] ... found polling page return exception at pc = 0x00007f808d44a4a8, stub =0x00007f8084840600
[2023-11-05T16:11:20.070+0000][2814.655s][debug][safepoint     ] Waiting for 1 thread(s) to block
[2023-11-05T16:11:20.071+0000][2814.656s][info ][safepoint     ] Entering safepoint region: Cleanup
[2023-11-05T16:11:20.072+0000][2814.658s][info ][safepoint     ] Leaving safepoint region
[2023-11-05T16:11:20.073+0000][2814.658s][info ][safepoint     ] Total time for which application threads were stopped: 0.0044359 seconds, Stopping threads took: 0.0031534 seconds
[2023-11-05T16:11:21.074+0000][2815.660s][debug][safepoint     ] Safepoint synchronization initiated. (188 threads)
[2023-11-05T16:11:21.076+0000][2815.661s][info ][safepoint     ] Application time: 1.0013727 seconds
[2023-11-05T16:11:21.076+0000][2815.662s][info ][safepoint     ] Entering safepoint region: Cleanup
[2023-11-05T16:11:21.078+0000][2815.663s][info ][safepoint     ] Leaving safepoint region
[2023-11-05T16:11:21.078+0000][2815.663s][info ][safepoint     ] Total time for which application threads were stopped: 0.0018559 seconds, Stopping threads took: 0.0010095 seconds
[2023-11-05T16:11:22.079+0000][2816.664s][debug][safepoint     ] Safepoint synchronization initiated. (188 threads)
[2023-11-05T16:11:22.080+0000][2816.666s][info ][safepoint     ] Application time: 1.0017187 seconds
[2023-11-05T16:11:22.082+0000][2816.667s][debug][safepoint     ] ... found polling page return exception at pc = 0x00007f808d44a4a8, stub =0x00007f8084840600
[2023-11-05T16:11:22.082+0000][2816.667s][debug][safepoint     ] ... found polling page return exception at pc = 0x00007f808cb81676, stub =0x00007f8084840600
[2023-11-05T16:11:22.084+0000][2816.669s][debug][safepoint     ] Waiting for 2 thread(s) to block
[2023-11-05T16:11:22.085+0000][2816.670s][info ][safepoint     ] Entering safepoint region: Cleanup
[2023-11-05T16:11:22.086+0000][2816.671s][info ][safepoint     ] Leaving safepoint region
[2023-11-05T16:11:22.087+0000][2816.672s][info ][safepoint     ] Total time for which application threads were stopped: 0.0050319 seconds, Stopping threads took: 0.0039867 seconds
[2023-11-05T16:11:23.088+0000][2817.673s][debug][safepoint     ] Safepoint synchronization initiated. (188 threads)
[2023-11-05T16:11:23.089+0000][2817.674s][info ][safepoint     ] Application time: 1.0017216 seconds
[2023-11-05T16:11:23.090+0000][2817.675s][info ][safepoint     ] Entering safepoint region: Cleanup
[2023-11-05T16:11:23.092+0000][2817.677s][info ][safepoint     ] Leaving safepoint region
[2023-11-05T16:11:23.093+0000][2817.678s][info ][safepoint     ] Total time for which application threads were stopped: 0.0026978 seconds, Stopping threads took: 0.0012149 seconds
[2023-11-05T16:11:23.092+0000][2817.677s][debug][safepoint     ] ... found polling page return exception at pc = 0x00007f808d32eb44, stub =0x00007f8084840600
[2023-11-05T16:11:23.092+0000][2817.677s][debug][safepoint     ] ... found polling page return exception at pc = 0x00007f808d32eb44, stub =0x00007f8084840600
[2023-11-05T16:11:24.090+0000][2818.679s][debug][safepoint     ] Safepoint synchronization initiated. (188 threads)
[2023-11-05T16:11:24.091+0000][2818.681s][info ][safepoint     ] Application time: 1.0014114 seconds
[2023-11-05T16:11:24.092+0000][2818.682s][info ][safepoint     ] Entering safepoint region: Cleanup
[2023-11-05T16:11:24.093+0000][2818.683s][info ][safepoint     ] Leaving safepoint region
[2023-11-05T16:11:24.094+0000][2818.684s][info ][safepoint     ] Total time for which application threads were stopped: 0.0023631 seconds, Stopping threads took: 0.0010050 seconds
[2023-11-05T16:11:25.095+0000][2819.685s][debug][safepoint     ] Safepoint synchronization initiated. (188 threads)
[2023-11-05T16:11:25.096+0000][2819.686s][info ][safepoint     ] Application time: 1.0012331 seconds
[2023-11-05T16:11:25.097+0000][2819.687s][info ][safepoint     ] Entering safepoint region: Cleanup
[2023-11-05T16:11:25.098+0000][2819.688s][info ][safepoint     ] Leaving safepoint region
[2023-11-05T16:11:25.099+0000][2819.689s][info ][safepoint     ] Total time for which application threads were stopped: 0.0017685 seconds, Stopping threads took: 0.0007785 seconds
[2023-11-05T16:11:26.100+0000][2820.690s][debug][safepoint     ] Safepoint synchronization initiated. (188 threads)
[2023-11-05T16:11:26.101+0000][2820.691s][info ][safepoint     ] Application time: 1.0012787 seconds
[2023-11-05T16:11:26.102+0000][2820.691s][info ][safepoint     ] Entering safepoint region: Cleanup
[2023-11-05T16:11:26.103+0000][2820.693s][info ][safepoint     ] Leaving safepoint region
[2023-11-05T16:11:26.104+0000][2820.693s][info ][safepoint     ] Total time for which application threads were stopped: 0.0020053 seconds, Stopping threads took: 0.0008759 seconds
[2023-11-05T16:11:27.105+0000][2821.695s][debug][safepoint     ] Safepoint synchronization initiated. (188 threads)
[2023-11-05T16:11:27.106+0000][2821.695s][info ][safepoint     ] Application time: 1.0012826 seconds
[2023-11-05T16:11:27.106+0000][2821.696s][info ][safepoint     ] Entering safepoint region: Cleanup
[2023-11-05T16:11:27.107+0000][2821.697s][info ][safepoint     ] Leaving safepoint region
[2023-11-05T16:11:27.108+0000][2821.698s][info ][safepoint     ] Total time for which application threads were stopped: 0.0017001 seconds, Stopping threads took: 0.0008496 seconds
[2023-11-05T16:11:27.107+0000][2821.697s][debug][safepoint     ] ... found polling page return exception at pc = 0x00007f808d32eb44, stub =0x00007f8084840600
[2023-11-05T16:11:27.108+0000][2821.697s][debug][safepoint     ] ... found polling page return exception at pc = 0x00007f808d32eb44, stub =0x00007f8084840600
[2023-11-05T16:11:27.107+0000][2821.697s][debug][safepoint     ] ... found polling page return exception at pc = 0x00007f808d32eb44, stub =0x00007f8084840600
[2023-11-05T16:11:27.107+0000][2821.697s][debug][safepoint     ] ... found polling page return exception at pc = 0x00007f808d32eb44, stub =0x00007f8084840600
[2023-11-05T16:11:28.109+0000][2822.699s][debug][safepoint     ] Safepoint synchronization initiated. (188 threads)
[2023-11-05T16:11:28.110+0000][2822.700s][info ][safepoint     ] Application time: 1.0014930 seconds
[2023-11-05T16:11:28.111+0000][2822.701s][info ][safepoint     ] Entering safepoint region: Cleanup
[2023-11-05T16:11:28.113+0000][2822.703s][info ][safepoint     ] Leaving safepoint region
[2023-11-05T16:11:28.113+0000][2822.703s][info ][safepoint     ] Total time for which application threads were stopped: 0.0020665 seconds, Stopping threads took: 0.0010294 seconds
[2023-11-05T16:11:29.115+0000][2823.705s][debug][safepoint     ] Safepoint synchronization initiated. (188 threads)
[2023-11-05T16:11:29.116+0000][2823.706s][info ][safepoint     ] Application time: 1.0014964 seconds
[2023-11-05T16:11:29.117+0000][2823.707s][info ][safepoint     ] Entering safepoint region: Cleanup
[2023-11-05T16:11:29.118+0000][2823.708s][info ][safepoint     ] Leaving safepoint region
[2023-11-05T16:11:29.119+0000][2823.709s][info ][safepoint     ] Total time for which application threads were stopped: 0.0019283 seconds, Stopping threads took: 0.0008582 seconds
[2023-11-05T16:11:30.120+0000][2824.710s][debug][safepoint     ] Safepoint synchronization initiated. (188 threads)
[2023-11-05T16:11:30.121+0000][2824.711s][info ][safepoint     ] Application time: 1.0013191 seconds
[2023-11-05T16:11:30.122+0000][2824.712s][info ][safepoint     ] Entering safepoint region: Cleanup
[2023-11-05T16:11:30.123+0000][2824.713s][info ][safepoint     ] Leaving safepoint region
[2023-11-05T16:11:30.124+0000][2824.714s][info ][safepoint     ] Total time for which application threads were stopped: 0.0020131 seconds, Stopping threads took: 0.0009671 seconds
[2023-11-05T16:11:31.125+0000][2825.715s][debug][safepoint     ] Safepoint synchronization initiated. (188 threads)
[2023-11-05T16:11:31.125+0000][2825.715s][info ][safepoint     ] Application time: 1.0009989 seconds
[2023-11-05T16:11:31.126+0000][2825.716s][info ][safepoint     ] Entering safepoint region: Cleanup
[2023-11-05T16:11:31.127+0000][2825.717s][info ][safepoint     ] Leaving safepoint region
[2023-11-05T16:11:31.127+0000][2825.717s][info ][safepoint     ] Total time for which application threads were stopped: 0.0013219 seconds, Stopping threads took: 0.0006429 seconds
[2023-11-05T16:11:32.128+0000][2826.718s][debug][safepoint     ] Safepoint synchronization initiated. (188 threads)
[2023-11-05T16:11:32.129+0000][2826.719s][info ][safepoint     ] Application time: 1.0008707 seconds
[2023-11-05T16:11:32.130+0000][2826.719s][info ][safepoint     ] Entering safepoint region: Cleanup
[2023-11-05T16:11:32.130+0000][2826.720s][info ][safepoint     ] Leaving safepoint region
[2023-11-05T16:11:32.131+0000][2826.721s][info ][safepoint     ] Total time for which application threads were stopped: 0.0015780 seconds, Stopping threads took: 0.0007246 seconds
[2023-11-05T16:11:33.132+0000][2827.722s][debug][safepoint     ] Safepoint synchronization initiated. (188 threads)
[2023-11-05T16:11:33.133+0000][2827.723s][info ][safepoint     ] Application time: 1.0012520 seconds
[2023-11-05T16:11:33.134+0000][2827.723s][info ][safepoint     ] Entering safepoint region: Cleanup
[2023-11-05T16:11:33.135+0000][2827.725s][info ][safepoint     ] Leaving safepoint region
[2023-11-05T16:11:33.135+0000][2827.725s][info ][safepoint     ] Total time for which application threads were stopped: 0.0017312 seconds, Stopping threads took: 0.0007332 seconds
[2023-11-05T16:11:34.136+0000][2828.726s][debug][safepoint     ] Safepoint synchronization initiated. (188 threads)
[2023-11-05T16:11:34.137+0000][2828.727s][info ][safepoint     ] Application time: 1.0013307 seconds
[2023-11-05T16:11:34.140+0000][2828.730s][info ][safepoint     ] Entering safepoint region: Cleanup
[2023-11-05T16:11:34.142+0000][2828.732s][info ][safepoint     ] Leaving safepoint region
[2023-11-05T16:11:34.142+0000][2828.732s][info ][safepoint     ] Total time for which application threads were stopped: 0.0023762 seconds, Stopping threads took: 0.0016428 seconds
[2023-11-05T16:11:35.143+0000][2829.733s][debug][safepoint     ] Safepoint synchronization initiated. (188 threads)
[2023-11-05T16:11:35.144+0000][2829.734s][info ][safepoint     ] Application time: 1.0017870 seconds
[2023-11-05T16:11:35.145+0000][2829.735s][info ][safepoint     ] Entering safepoint region: Cleanup
[2023-11-05T16:11:35.145+0000][2829.735s][info ][safepoint     ] Leaving safepoint region
[2023-11-05T16:11:35.146+0000][2829.736s][info ][safepoint     ] Total time for which application threads were stopped: 0.0011615 seconds, Stopping threads took: 0.0004149 seconds
[2023-11-05T16:11:36.147+0000][2830.737s][debug][safepoint     ] Safepoint synchronization initiated. (188 threads)
[2023-11-05T16:11:36.148+0000][2830.738s][info ][safepoint     ] Application time: 1.0014636 seconds
[2023-11-05T16:11:36.149+0000][2830.739s][info ][safepoint     ] Entering safepoint region: Cleanup
[2023-11-05T16:11:36.151+0000][2830.741s][info ][safepoint     ] Leaving safepoint region
[2023-11-05T16:11:36.152+0000][2830.742s][info ][safepoint     ] Total time for which application threads were stopped: 0.0025765 seconds, Stopping threads took: 0.0011876 seconds
[2023-11-05T16:11:37.153+0000][2831.743s][debug][safepoint     ] Safepoint synchronization initiated. (188 threads)
[2023-11-05T16:11:37.154+0000][2831.743s][info ][safepoint     ] Application time: 1.0010404 seconds
[2023-11-05T16:11:37.154+0000][2831.744s][info ][safepoint     ] Entering safepoint region: Cleanup
[2023-11-05T16:11:37.155+0000][2831.745s][info ][safepoint     ] Leaving safepoint region
[2023-11-05T16:11:37.156+0000][2831.746s][info ][safepoint     ] Total time for which application threads were stopped: 0.0016852 seconds, Stopping threads took: 0.0008157 seconds
[2023-11-05T16:11:38.157+0000][2832.747s][debug][safepoint     ] Safepoint synchronization initiated. (188 threads)
[2023-11-05T16:11:38.158+0000][2832.748s][info ][safepoint     ] Application time: 1.0014396 seconds
[2023-11-05T16:11:38.159+0000][2832.749s][info ][safepoint     ] Entering safepoint region: Cleanup
[2023-11-05T16:11:38.160+0000][2832.750s][info ][safepoint     ] Leaving safepoint region
[2023-11-05T16:11:38.161+0000][2832.751s][info ][safepoint     ] Total time for which application threads were stopped: 0.0021114 seconds, Stopping threads took: 0.0009777 seconds
[2023-11-05T16:11:39.162+0000][2833.752s][debug][safepoint     ] Safepoint synchronization initiated. (188 threads)
[2023-11-05T16:11:39.163+0000][2833.753s][info ][safepoint     ] Application time: 1.0006573 seconds
[2023-11-05T16:11:39.163+0000][2833.753s][info ][safepoint     ] Entering safepoint region: Cleanup
[2023-11-05T16:11:39.164+0000][2833.754s][info ][safepoint     ] Leaving safepoint region
[2023-11-05T16:11:39.165+0000][2833.754s][info ][safepoint     ] Total time for which application threads were stopped: 0.0012463 seconds, Stopping threads took: 0.0004378 seconds
[2023-11-05T16:11:40.165+0000][2834.755s][debug][safepoint     ] Safepoint synchronization initiated. (188 threads)
[2023-11-05T16:11:40.166+0000][2834.756s][info ][safepoint     ] Application time: 1.0008655 seconds
[2023-11-05T16:11:40.166+0000][2834.756s][info ][safepoint     ] Entering safepoint region: Cleanup
[2023-11-05T16:11:40.167+0000][2834.757s][info ][safepoint     ] Leaving safepoint region
[2023-11-05T16:11:40.168+0000][2834.757s][info ][safepoint     ] Total time for which application threads were stopped: 0.0011724 seconds, Stopping threads took: 0.0005357 seconds
[2023-11-05T16:11:41.168+0000][2835.758s][debug][safepoint     ] Safepoint synchronization initiated. (188 threads)
[2023-11-05T16:11:41.169+0000][2835.759s][info ][safepoint     ] Application time: 1.0008097 seconds
[2023-11-05T16:11:41.169+0000][2835.759s][info ][safepoint     ] Entering safepoint region: Cleanup
[2023-11-05T16:11:41.170+0000][2835.760s][info ][safepoint     ] Leaving safepoint region
[2023-11-05T16:11:41.171+0000][2835.761s][info ][safepoint     ] Total time for which application threads were stopped: 0.0013132 seconds, Stopping threads took: 0.0005606 seconds
[2023-11-05T16:11:42.171+0000][2836.761s][debug][safepoint     ] Safepoint synchronization initiated. (188 threads)
[2023-11-05T16:11:42.172+0000][2836.762s][info ][safepoint     ] Application time: 1.0007662 seconds
[2023-11-05T16:11:42.172+0000][2836.762s][info ][safepoint     ] Entering safepoint region: Cleanup
[2023-11-05T16:11:42.173+0000][2836.763s][info ][safepoint     ] Leaving safepoint region
[2023-11-05T16:11:42.173+0000][2836.763s][info ][safepoint     ] Total time for which application threads were stopped: 0.0012435 seconds, Stopping threads took: 0.0005394 seconds
[2023-11-05T16:11:43.174+0000][2837.764s][debug][safepoint     ] Safepoint synchronization initiated. (188 threads)
[2023-11-05T16:11:43.175+0000][2837.764s][info ][safepoint     ] Application time: 1.0005873 seconds
[2023-11-05T16:11:43.175+0000][2837.765s][info ][safepoint     ] Entering safepoint region: Cleanup
[2023-11-05T16:11:43.175+0000][2837.765s][info ][safepoint     ] Leaving safepoint region
[2023-11-05T16:11:43.176+0000][2837.766s][info ][safepoint     ] Total time for which application threads were stopped: 0.0009738 seconds, Stopping threads took: 0.0004205 seconds
[2023-11-05T16:11:44.177+0000][2838.766s][debug][safepoint     ] Safepoint synchronization initiated. (188 threads)
[2023-11-05T16:11:44.178+0000][2838.768s][info ][safepoint     ] Application time: 1.0017459 seconds
[2023-11-05T16:11:44.179+0000][2838.769s][info ][safepoint     ] Entering safepoint region: Cleanup
[2023-11-05T16:11:44.180+0000][2838.770s][info ][safepoint     ] Leaving safepoint region
[2023-11-05T16:11:44.181+0000][2838.771s][info ][safepoint     ] Total time for which application threads were stopped: 0.0022667 seconds, Stopping threads took: 0.0008680 seconds
[2023-11-05T16:11:45.182+0000][2839.772s][debug][safepoint     ] Safepoint synchronization initiated. (188 threads)
[2023-11-05T16:11:45.183+0000][2839.773s][info ][safepoint     ] Application time: 1.0005921 seconds
[2023-11-05T16:11:45.183+0000][2839.773s][info ][safepoint     ] Entering safepoint region: Cleanup
[2023-11-05T16:11:45.184+0000][2839.774s][info ][safepoint     ] Leaving safepoint region
[2023-11-05T16:11:45.184+0000][2839.774s][info ][safepoint     ] Total time for which application threads were stopped: 0.0010040 seconds, Stopping threads took: 0.0004667 seconds
[2023-11-05T16:11:46.185+0000][2840.775s][debug][safepoint     ] Safepoint synchronization initiated. (188 threads)
[2023-11-05T16:11:46.185+0000][2840.775s][info ][safepoint     ] Application time: 1.0008915 seconds
[2023-11-05T16:11:46.218+0000][2840.808s][info ][safepoint     ] Entering safepoint region: Cleanup
[2023-11-05T16:11:46.219+0000][2840.808s][info ][safepoint     ] Leaving safepoint region
[2023-11-05T16:11:46.219+0000][2840.809s][info ][safepoint     ] Total time for which application threads were stopped: 0.0013242 seconds, Stopping threads took: 0.0006591 seconds
[2023-11-05T16:11:47.220+0000][2841.810s][debug][safepoint     ] Safepoint synchronization initiated. (188 threads)
[2023-11-05T16:11:47.221+0000][2841.811s][info ][safepoint     ] Application time: 1.0010938 seconds
[2023-11-05T16:11:47.221+0000][2841.811s][info ][safepoint     ] Entering safepoint region: Cleanup
[2023-11-05T16:11:47.222+0000][2841.812s][info ][safepoint     ] Leaving safepoint region
[2023-11-05T16:11:47.223+0000][2841.813s][info ][safepoint     ] Total time for which application threads were stopped: 0.0017411 seconds, Stopping threads took: 0.0007693 seconds
[2023-11-05T16:11:48.224+0000][2842.814s][debug][safepoint     ] Safepoint synchronization initiated. (188 threads)
[2023-11-05T16:11:48.225+0000][2842.815s][info ][safepoint     ] Application time: 1.0009410 seconds
[2023-11-05T16:11:48.225+0000][2842.815s][info ][safepoint     ] Entering safepoint region: Cleanup
[2023-11-05T16:11:48.226+0000][2842.816s][info ][safepoint     ] Leaving safepoint region
[2023-11-05T16:11:48.226+0000][2842.816s][info ][safepoint     ] Total time for which application threads were stopped: 0.0011134 seconds, Stopping threads took: 0.0004550 seconds
[2023-11-05T16:11:49.227+0000][2843.817s][debug][safepoint     ] Safepoint synchronization initiated. (188 threads)
[2023-11-05T16:11:49.228+0000][2843.818s][info ][safepoint     ] Application time: 1.0009610 seconds
[2023-11-05T16:11:49.228+0000][2843.818s][info ][safepoint     ] Entering safepoint region: Cleanup
[2023-11-05T16:11:49.229+0000][2843.819s][info ][safepoint     ] Leaving safepoint region
[2023-11-05T16:11:49.230+0000][2843.820s][info ][safepoint     ] Total time for which application threads were stopped: 0.0015143 seconds, Stopping threads took: 0.0005817 seconds
[2023-11-05T16:11:50.231+0000][2844.821s][debug][safepoint     ] Safepoint synchronization initiated. (188 threads)
[2023-11-05T16:11:50.231+0000][2844.821s][info ][safepoint     ] Application time: 1.0007266 seconds
[2023-11-05T16:11:50.232+0000][2844.822s][info ][safepoint     ] Entering safepoint region: Cleanup
[2023-11-05T16:11:50.232+0000][2844.822s][info ][safepoint     ] Leaving safepoint region
[2023-11-05T16:11:50.233+0000][2844.823s][info ][safepoint     ] Total time for which application threads were stopped: 0.0012295 seconds, Stopping threads took: 0.0004944 seconds
[2023-11-05T16:11:51.234+0000][2845.824s][debug][safepoint     ] Safepoint synchronization initiated. (188 threads)
[2023-11-05T16:11:51.235+0000][2845.825s][info ][safepoint     ] Application time: 1.0018002 seconds
[2023-11-05T16:11:51.236+0000][2845.826s][info ][safepoint     ] Entering safepoint region: Cleanup
[2023-11-05T16:11:51.238+0000][2845.828s][info ][safepoint     ] Leaving safepoint region
[2023-11-05T16:11:51.239+0000][2845.828s][info ][safepoint     ] Total time for which application threads were stopped: 0.0022859 seconds, Stopping threads took: 0.0010761 seconds
[2023-11-05T16:11:52.240+0000][2846.830s][debug][safepoint     ] Safepoint synchronization initiated. (188 threads)
[2023-11-05T16:11:52.241+0000][2846.831s][info ][safepoint     ] Application time: 1.0015175 seconds
[2023-11-05T16:11:52.242+0000][2846.832s][info ][safepoint     ] Entering safepoint region: Cleanup
[2023-11-05T16:11:52.243+0000][2846.833s][info ][safepoint     ] Leaving safepoint region
[2023-11-05T16:11:52.244+0000][2846.834s][info ][safepoint     ] Total time for which application threads were stopped: 0.0021861 seconds, Stopping threads took: 0.0009909 seconds
[2023-11-05T16:11:53.245+0000][2847.835s][debug][safepoint     ] Safepoint synchronization initiated. (188 threads)
[2023-11-05T16:11:53.246+0000][2847.835s][info ][safepoint     ] Application time: 1.0006591 seconds
[2023-11-05T16:11:53.246+0000][2847.836s][info ][safepoint     ] Entering safepoint region: Cleanup
[2023-11-05T16:11:53.247+0000][2847.837s][info ][safepoint     ] Leaving safepoint region
[2023-11-05T16:11:53.248+0000][2847.837s][info ][safepoint     ] Total time for which application threads were stopped: 0.0014971 seconds, Stopping threads took: 0.0004976 seconds
[2023-11-05T16:11:53.247+0000][2847.837s][debug][safepoint     ] ... found polling page return exception at pc = 0x00007f808d32eb44, stub =0x00007f8084840600
[2023-11-05T16:11:53.247+0000][2847.837s][debug][safepoint     ] ... found polling page return exception at pc = 0x00007f808d32eb44, stub =0x00007f8084840600
[2023-11-05T16:11:53.247+0000][2847.837s][debug][safepoint     ] ... found polling page return exception at pc = 0x00007f808d32eb44, stub =0x00007f8084840600
[2023-11-05T16:11:53.247+0000][2847.837s][debug][safepoint     ] ... found polling page return exception at pc = 0x00007f808d32eb44, stub =0x00007f8084840600
[2023-11-05T16:11:53.247+0000][2847.837s][debug][safepoint     ] ... found polling page return exception at pc = 0x00007f808d32eb44, stub =0x00007f8084840600
[2023-11-05T16:11:53.247+0000][2847.837s][debug][safepoint     ] ... found polling page return exception at pc = 0x00007f808d32eb44, stub =0x00007f8084840600
[2023-11-05T16:11:54.246+0000][2848.838s][debug][safepoint     ] Safepoint synchronization initiated. (188 threads)
[2023-11-05T16:11:54.247+0000][2848.839s][info ][safepoint     ] Application time: 1.0015138 seconds
[2023-11-05T16:11:54.248+0000][2848.841s][info ][safepoint     ] Entering safepoint region: Cleanup
[2023-11-05T16:11:54.250+0000][2848.842s][info ][safepoint     ] Leaving safepoint region
[2023-11-05T16:11:54.251+0000][2848.843s][info ][safepoint     ] Total time for which application threads were stopped: 0.0025676 seconds, Stopping threads took: 0.0010887 seconds
[2023-11-05T16:11:55.252+0000][2849.844s][debug][safepoint     ] Safepoint synchronization initiated. (188 threads)
[2023-11-05T16:11:55.253+0000][2849.845s][info ][safepoint     ] Application time: 1.0009796 seconds
[2023-11-05T16:11:55.253+0000][2849.845s][info ][safepoint     ] Entering safepoint region: Cleanup
[2023-11-05T16:11:55.254+0000][2849.846s][info ][safepoint     ] Leaving safepoint region
[2023-11-05T16:11:55.254+0000][2849.846s][info ][safepoint     ] Total time for which application threads were stopped: 0.0008653 seconds, Stopping threads took: 0.0003485 seconds
[2023-11-05T16:11:56.254+0000][2850.847s][debug][safepoint     ] Safepoint synchronization initiated. (189 threads)
[2023-11-05T16:11:56.255+0000][2850.847s][info ][safepoint     ] Application time: 1.0006928 seconds
[2023-11-05T16:11:56.255+0000][2850.848s][info ][safepoint     ] Entering safepoint region: Cleanup
[2023-11-05T16:11:56.256+0000][2850.848s][info ][safepoint     ] Leaving safepoint region
[2023-11-05T16:11:56.257+0000][2850.849s][info ][safepoint     ] Total time for which application threads were stopped: 0.0013271 seconds, Stopping threads took: 0.0005894 seconds
[2023-11-05T16:11:57.258+0000][2851.850s][debug][safepoint     ] Safepoint synchronization initiated. (189 threads)
[2023-11-05T16:11:57.259+0000][2851.851s][info ][safepoint     ] Application time: 1.0011327 seconds
[2023-11-05T16:11:57.259+0000][2851.852s][info ][safepoint     ] Entering safepoint region: Cleanup
[2023-11-05T16:11:57.260+0000][2851.853s][info ][safepoint     ] Leaving safepoint region
[2023-11-05T16:11:57.261+0000][2851.853s][info ][safepoint     ] Total time for which application threads were stopped: 0.0016962 seconds, Stopping threads took: 0.0007835 seconds
[2023-11-05T16:11:58.262+0000][2852.854s][debug][safepoint     ] Safepoint synchronization initiated. (189 threads)
[2023-11-05T16:11:58.262+0000][2852.855s][info ][safepoint     ] Application time: 1.0007070 seconds
[2023-11-05T16:11:58.263+0000][2852.855s][info ][safepoint     ] Entering safepoint region: Cleanup
[2023-11-05T16:11:58.265+0000][2852.857s][info ][safepoint     ] Leaving safepoint region
[2023-11-05T16:11:58.265+0000][2852.858s][info ][safepoint     ] Total time for which application threads were stopped: 0.0021972 seconds, Stopping threads took: 0.0013447 seconds
[2023-11-05T16:11:59.266+0000][2853.858s][debug][safepoint     ] Safepoint synchronization initiated. (189 threads)
[2023-11-05T16:11:59.267+0000][2853.860s][info ][safepoint     ] Application time: 1.0015489 seconds
[2023-11-05T16:11:59.269+0000][2853.861s][info ][safepoint     ] Entering safepoint region: Cleanup
[2023-11-05T16:11:59.270+0000][2853.862s][info ][safepoint     ] Leaving safepoint region
[2023-11-05T16:11:59.271+0000][2853.863s][info ][safepoint     ] Total time for which application threads were stopped: 0.0018977 seconds, Stopping threads took: 0.0011565 seconds
[2023-11-05T16:12:00.271+0000][2854.863s][debug][safepoint     ] Safepoint synchronization initiated. (189 threads)
[2023-11-05T16:12:00.272+0000][2854.864s][info ][safepoint     ] Application time: 1.0009395 seconds
[2023-11-05T16:12:00.273+0000][2854.865s][info ][safepoint     ] Entering safepoint region: Cleanup
[2023-11-05T16:12:00.273+0000][2854.866s][info ][safepoint     ] Leaving safepoint region
[2023-11-05T16:12:00.274+0000][2854.866s][info ][safepoint     ] Total time for which application threads were stopped: 0.0012836 seconds, Stopping threads took: 0.0005899 seconds
[2023-11-05T16:12:01.275+0000][2855.867s][debug][safepoint     ] Safepoint synchronization initiated. (189 threads)
[2023-11-05T16:12:01.275+0000][2855.868s][info ][safepoint     ] Application time: 1.0010267 seconds
[2023-11-05T16:12:01.276+0000][2855.868s][info ][safepoint     ] Entering safepoint region: Cleanup
[2023-11-05T16:12:01.277+0000][2855.869s][info ][safepoint     ] Leaving safepoint region
[2023-11-05T16:12:01.277+0000][2855.870s][info ][safepoint     ] Total time for which application threads were stopped: 0.0014470 seconds, Stopping threads took: 0.0006612 seconds
[2023-11-05T16:12:02.278+0000][2856.870s][debug][safepoint     ] Safepoint synchronization initiated. (189 threads)
[2023-11-05T16:12:02.279+0000][2856.871s][info ][safepoint     ] Application time: 1.0006585 seconds
[2023-11-05T16:12:02.279+0000][2856.871s][info ][safepoint     ] Entering safepoint region: Cleanup
[2023-11-05T16:12:02.280+0000][2856.872s][info ][safepoint     ] Leaving safepoint region
[2023-11-05T16:12:02.281+0000][2856.873s][info ][safepoint     ] Total time for which application threads were stopped: 0.0012913 seconds, Stopping threads took: 0.0004567 seconds
[2023-11-05T16:12:03.281+0000][2857.873s][debug][safepoint     ] Safepoint synchronization initiated. (189 threads)
[2023-11-05T16:12:03.282+0000][2857.874s][info ][safepoint     ] Application time: 1.0009860 seconds
[2023-11-05T16:12:03.282+0000][2857.875s][info ][safepoint     ] Entering safepoint region: Cleanup
[2023-11-05T16:12:03.283+0000][2857.876s][info ][safepoint     ] Leaving safepoint region
[2023-11-05T16:12:03.284+0000][2857.876s][info ][safepoint     ] Total time for which application threads were stopped: 0.0013762 seconds, Stopping threads took: 0.0006173 seconds
[2023-11-05T16:12:04.285+0000][2858.877s][debug][safepoint     ] Safepoint synchronization initiated. (189 threads)
[2023-11-05T16:12:04.286+0000][2858.878s][info ][safepoint     ] Application time: 1.0014405 seconds
[2023-11-05T16:12:04.286+0000][2858.879s][info ][safepoint     ] Entering safepoint region: Cleanup
[2023-11-05T16:12:04.287+0000][2858.879s][info ][safepoint     ] Leaving safepoint region
[2023-11-05T16:12:04.288+0000][2858.880s][info ][safepoint     ] Total time for which application threads were stopped: 0.0012669 seconds, Stopping threads took: 0.0006218 seconds
[2023-11-05T16:12:05.289+0000][2859.881s][debug][safepoint     ] Safepoint synchronization initiated. (189 threads)
[2023-11-05T16:12:05.289+0000][2859.882s][info ][safepoint     ] Application time: 1.0011045 seconds
[2023-11-05T16:12:05.290+0000][2859.882s][info ][safepoint     ] Entering safepoint region: Cleanup
[2023-11-05T16:12:05.291+0000][2859.883s][info ][safepoint     ] Leaving safepoint region
[2023-11-05T16:12:05.291+0000][2859.884s][info ][safepoint     ] Total time for which application threads were stopped: 0.0013516 seconds, Stopping threads took: 0.0004610 seconds
[2023-11-05T16:12:06.292+0000][2860.884s][debug][safepoint     ] Safepoint synchronization initiated. (189 threads)
[2023-11-05T16:12:06.293+0000][2860.885s][info ][safepoint     ] Application time: 1.0008900 seconds
[2023-11-05T16:12:06.294+0000][2860.886s][info ][safepoint     ] Entering safepoint region: Cleanup
[2023-11-05T16:12:06.294+0000][2860.887s][info ][safepoint     ] Leaving safepoint region
[2023-11-05T16:12:06.295+0000][2860.887s][info ][safepoint     ] Total time for which application threads were stopped: 0.0014411 seconds, Stopping threads took: 0.0006816 seconds
[2023-11-05T16:12:07.296+0000][2861.888s][debug][safepoint     ] Safepoint synchronization initiated. (189 threads)
[2023-11-05T16:12:07.297+0000][2861.889s][info ][safepoint     ] Application time: 1.0012328 seconds
[2023-11-05T16:12:07.297+0000][2861.890s][info ][safepoint     ] Entering safepoint region: Cleanup
[2023-11-05T16:12:07.299+0000][2861.891s][info ][safepoint     ] Leaving safepoint region
[2023-11-05T16:12:07.299+0000][2861.892s][info ][safepoint     ] Total time for which application threads were stopped: 0.0019026 seconds, Stopping threads took: 0.0007897 seconds
[2023-11-05T16:12:08.300+0000][2862.893s][debug][safepoint     ] Safepoint synchronization initiated. (189 threads)
[2023-11-05T16:12:08.301+0000][2862.893s][info ][safepoint     ] Application time: 1.0010241 seconds
[2023-11-05T16:12:08.302+0000][2862.894s][info ][safepoint     ] Entering safepoint region: Cleanup
[2023-11-05T16:12:08.302+0000][2862.895s][info ][safepoint     ] Leaving safepoint region
[2023-11-05T16:12:08.303+0000][2862.895s][info ][safepoint     ] Total time for which application threads were stopped: 0.0011583 seconds, Stopping threads took: 0.0004711 seconds
[2023-11-05T16:12:09.304+0000][2863.896s][debug][safepoint     ] Safepoint synchronization initiated. (189 threads)
[2023-11-05T16:12:09.305+0000][2863.897s][info ][safepoint     ] Application time: 1.0012752 seconds
[2023-11-05T16:12:09.305+0000][2863.898s][info ][safepoint     ] Entering safepoint region: Cleanup
[2023-11-05T16:12:09.306+0000][2863.898s][info ][safepoint     ] Leaving safepoint region
[2023-11-05T16:12:09.307+0000][2863.899s][info ][safepoint     ] Total time for which application threads were stopped: 0.0011159 seconds, Stopping threads took: 0.0005146 seconds
[2023-11-05T16:12:10.307+0000][2864.899s][debug][safepoint     ] Safepoint synchronization initiated. (189 threads)
[2023-11-05T16:12:10.308+0000][2864.900s][info ][safepoint     ] Application time: 1.0007351 seconds
[2023-11-05T16:12:10.308+0000][2864.900s][info ][safepoint     ] Entering safepoint region: Cleanup
[2023-11-05T16:12:10.309+0000][2864.901s][info ][safepoint     ] Leaving safepoint region
[2023-11-05T16:12:10.309+0000][2864.901s][info ][safepoint     ] Total time for which application threads were stopped: 0.0009045 seconds, Stopping threads took: 0.0003329 seconds
[2023-11-05T16:12:11.310+0000][2865.902s][debug][safepoint     ] Safepoint synchronization initiated. (189 threads)
[2023-11-05T16:12:11.310+0000][2865.902s][info ][safepoint     ] Application time: 1.0008395 seconds
[2023-11-05T16:12:11.311+0000][2865.903s][info ][safepoint     ] Entering safepoint region: Cleanup
[2023-11-05T16:12:11.311+0000][2865.904s][info ][safepoint     ] Leaving safepoint region
[2023-11-05T16:12:11.312+0000][2865.904s][info ][safepoint     ] Total time for which application threads were stopped: 0.0010731 seconds, Stopping threads took: 0.0004863 seconds
[2023-11-05T16:12:12.312+0000][2866.905s][debug][safepoint     ] Safepoint synchronization initiated. (189 threads)
[2023-11-05T16:12:12.313+0000][2866.905s][info ][safepoint     ] Application time: 1.0009771 seconds
[2023-11-05T16:12:12.314+0000][2866.906s][info ][safepoint     ] Entering safepoint region: Cleanup
[2023-11-05T16:12:12.314+0000][2866.907s][info ][safepoint     ] Leaving safepoint region
[2023-11-05T16:12:12.315+0000][2866.907s][info ][safepoint     ] Total time for which application threads were stopped: 0.0011519 seconds, Stopping threads took: 0.0004883 seconds
[2023-11-05T16:12:13.316+0000][2867.908s][debug][safepoint     ] Safepoint synchronization initiated. (189 threads)
[2023-11-05T16:12:13.316+0000][2867.908s][info ][safepoint     ] Application time: 1.0009465 seconds
[2023-11-05T16:12:13.317+0000][2867.909s][info ][safepoint     ] Entering safepoint region: Cleanup
[2023-11-05T16:12:13.317+0000][2867.910s][info ][safepoint     ] Leaving safepoint region
[2023-11-05T16:12:13.318+0000][2867.910s][info ][safepoint     ] Total time for which application threads were stopped: 0.0012497 seconds, Stopping threads took: 0.0005581 seconds
[2023-11-05T16:12:14.319+0000][2868.911s][debug][safepoint     ] Safepoint synchronization initiated. (189 threads)
[2023-11-05T16:12:14.319+0000][2868.912s][info ][safepoint     ] Application time: 1.0010665 seconds
[2023-11-05T16:12:14.320+0000][2868.913s][info ][safepoint     ] Entering safepoint region: Cleanup
[2023-11-05T16:12:14.321+0000][2868.914s][info ][safepoint     ] Leaving safepoint region
[2023-11-05T16:12:14.322+0000][2868.914s][info ][safepoint     ] Total time for which application threads were stopped: 0.0013719 seconds, Stopping threads took: 0.0007617 seconds
[2023-11-05T16:12:15.322+0000][2869.915s][debug][safepoint     ] Safepoint synchronization initiated. (189 threads)
[2023-11-05T16:12:15.323+0000][2869.915s][info ][safepoint     ] Application time: 1.0007890 seconds
[2023-11-05T16:12:15.324+0000][2869.916s][info ][safepoint     ] Entering safepoint region: Cleanup
[2023-11-05T16:12:15.324+0000][2869.916s][info ][safepoint     ] Leaving safepoint region
[2023-11-05T16:12:15.324+0000][2869.917s][info ][safepoint     ] Total time for which application threads were stopped: 0.0009428 seconds, Stopping threads took: 0.0003598 seconds
[2023-11-05T16:12:16.325+0000][2870.917s][debug][safepoint     ] Safepoint synchronization initiated. (189 threads)
[2023-11-05T16:12:16.326+0000][2870.918s][info ][safepoint     ] Application time: 1.0010226 seconds
[2023-11-05T16:12:16.327+0000][2870.919s][info ][safepoint     ] Entering safepoint region: Cleanup
[2023-11-05T16:12:16.327+0000][2870.920s][info ][safepoint     ] Leaving safepoint region
[2023-11-05T16:12:16.328+0000][2870.920s][info ][safepoint     ] Total time for which application threads were stopped: 0.0011250 seconds, Stopping threads took: 0.0004274 seconds
[2023-11-05T16:12:17.328+0000][2871.921s][debug][safepoint     ] Safepoint synchronization initiated. (189 threads)
[2023-11-05T16:12:17.329+0000][2871.921s][info ][safepoint     ] Application time: 1.0007351 seconds
[2023-11-05T16:12:17.329+0000][2871.922s][info ][safepoint     ] Entering safepoint region: Cleanup
[2023-11-05T16:12:17.330+0000][2871.922s][info ][safepoint     ] Leaving safepoint region
[2023-11-05T16:12:17.331+0000][2871.923s][info ][safepoint     ] Total time for which application threads were stopped: 0.0015914 seconds, Stopping threads took: 0.0004165 seconds
[2023-11-05T16:12:18.332+0000][2872.924s][debug][safepoint     ] Safepoint synchronization initiated. (189 threads)
[2023-11-05T16:12:18.332+0000][2872.925s][info ][safepoint     ] Application time: 1.0009486 seconds
[2023-11-05T16:12:18.333+0000][2872.925s][info ][safepoint     ] Entering safepoint region: Cleanup
[2023-11-05T16:12:18.334+0000][2872.926s][info ][safepoint     ] Leaving safepoint region
[2023-11-05T16:12:18.334+0000][2872.926s][info ][safepoint     ] Total time for which application threads were stopped: 0.0011764 seconds, Stopping threads took: 0.0005193 seconds
[2023-11-05T16:12:19.335+0000][2873.927s][debug][safepoint     ] Safepoint synchronization initiated. (189 threads)
[2023-11-05T16:12:19.336+0000][2873.928s][info ][safepoint     ] Application time: 1.0011580 seconds
[2023-11-05T16:12:19.337+0000][2873.929s][info ][safepoint     ] Entering safepoint region: Cleanup
[2023-11-05T16:12:19.337+0000][2873.930s][info ][safepoint     ] Leaving safepoint region
[2023-11-05T16:12:19.338+0000][2873.930s][info ][safepoint     ] Total time for which application threads were stopped: 0.0011880 seconds, Stopping threads took: 0.0004936 seconds
[2023-11-05T16:12:20.339+0000][2874.931s][debug][safepoint     ] Safepoint synchronization initiated. (189 threads)
[2023-11-05T16:12:20.340+0000][2874.932s][info ][safepoint     ] Application time: 1.0011884 seconds
[2023-11-05T16:12:20.340+0000][2874.933s][info ][safepoint     ] Entering safepoint region: Cleanup
[2023-11-05T16:12:20.341+0000][2874.933s][info ][safepoint     ] Leaving safepoint region
[2023-11-05T16:12:20.342+0000][2874.934s][info ][safepoint     ] Total time for which application threads were stopped: 0.0014851 seconds, Stopping threads took: 0.0006866 seconds
[2023-11-05T16:12:21.342+0000][2875.935s][debug][safepoint     ] Safepoint synchronization initiated. (189 threads)
[2023-11-05T16:12:21.343+0000][2875.935s][info ][safepoint     ] Application time: 1.0007373 seconds
[2023-11-05T16:12:21.344+0000][2875.936s][info ][safepoint     ] Entering safepoint region: Cleanup
[2023-11-05T16:12:21.345+0000][2875.937s][info ][safepoint     ] Leaving safepoint region
[2023-11-05T16:12:21.345+0000][2875.937s][info ][safepoint     ] Total time for which application threads were stopped: 0.0015828 seconds, Stopping threads took: 0.0010325 seconds
[2023-11-05T16:12:22.346+0000][2876.938s][debug][safepoint     ] Safepoint synchronization initiated. (189 threads)
[2023-11-05T16:12:22.346+0000][2876.938s][info ][safepoint     ] Application time: 1.0006787 seconds
[2023-11-05T16:12:22.347+0000][2876.939s][info ][safepoint     ] Entering safepoint region: Cleanup
[2023-11-05T16:12:22.347+0000][2876.939s][info ][safepoint     ] Leaving safepoint region
[2023-11-05T16:12:22.347+0000][2876.940s][info ][safepoint     ] Total time for which application threads were stopped: 0.0009080 seconds, Stopping threads took: 0.0004052 seconds
[2023-11-05T16:12:23.348+0000][2877.940s][debug][safepoint     ] Safepoint synchronization initiated. (189 threads)
[2023-11-05T16:12:23.349+0000][2877.941s][info ][safepoint     ] Application time: 1.0013281 seconds
[2023-11-05T16:12:23.350+0000][2877.942s][info ][safepoint     ] Entering safepoint region: Cleanup
[2023-11-05T16:12:23.350+0000][2877.943s][info ][safepoint     ] Leaving safepoint region
[2023-11-05T16:12:23.351+0000][2877.943s][info ][safepoint     ] Total time for which application threads were stopped: 0.0012477 seconds, Stopping threads took: 0.0005505 seconds
[2023-11-05T16:12:24.352+0000][2878.944s][debug][safepoint     ] Safepoint synchronization initiated. (189 threads)
[2023-11-05T16:12:24.352+0000][2878.944s][info ][safepoint     ] Application time: 1.0006661 seconds
[2023-11-05T16:12:24.353+0000][2878.945s][info ][safepoint     ] Entering safepoint region: Cleanup
[2023-11-05T16:12:24.354+0000][2878.946s][info ][safepoint     ] Leaving safepoint region
[2023-11-05T16:12:24.354+0000][2878.946s][info ][safepoint     ] Total time for which application threads were stopped: 0.0016724 seconds, Stopping threads took: 0.0006385 seconds
[2023-11-05T16:12:25.355+0000][2879.947s][debug][safepoint     ] Safepoint synchronization initiated. (189 threads)
[2023-11-05T16:12:25.356+0000][2879.948s][info ][safepoint     ] Application time: 1.0009432 seconds
[2023-11-05T16:12:25.356+0000][2879.948s][info ][safepoint     ] Entering safepoint region: Cleanup
[2023-11-05T16:12:25.357+0000][2879.949s][info ][safepoint     ] Leaving safepoint region
[2023-11-05T16:12:25.358+0000][2879.950s][info ][safepoint     ] Total time for which application threads were stopped: 0.0013432 seconds, Stopping threads took: 0.0007302 seconds
[2023-11-05T16:12:26.358+0000][2880.950s][debug][safepoint     ] Safepoint synchronization initiated. (189 threads)
[2023-11-05T16:12:26.359+0000][2880.951s][info ][safepoint     ] Application time: 1.0010717 seconds
[2023-11-05T16:12:26.360+0000][2880.952s][info ][safepoint     ] Entering safepoint region: Cleanup
[2023-11-05T16:12:26.361+0000][2880.953s][info ][safepoint     ] Leaving safepoint region
[2023-11-05T16:12:26.362+0000][2880.954s][info ][safepoint     ] Total time for which application threads were stopped: 0.0015266 seconds, Stopping threads took: 0.0008480 seconds
[2023-11-05T16:12:27.363+0000][2881.955s][debug][safepoint     ] Safepoint synchronization initiated. (189 threads)
[2023-11-05T16:12:27.363+0000][2881.955s][info ][safepoint     ] Application time: 1.0011148 seconds
[2023-11-05T16:12:27.364+0000][2881.956s][info ][safepoint     ] Entering safepoint region: Cleanup
[2023-11-05T16:12:27.365+0000][2881.957s][info ][safepoint     ] Leaving safepoint region
[2023-11-05T16:12:27.365+0000][2881.957s][info ][safepoint     ] Total time for which application threads were stopped: 0.0012914 seconds, Stopping threads took: 0.0005739 seconds
[2023-11-05T16:12:28.366+0000][2882.958s][debug][safepoint     ] Safepoint synchronization initiated. (189 threads)
[2023-11-05T16:12:28.367+0000][2882.959s][info ][safepoint     ] Application time: 1.0010710 seconds
[2023-11-05T16:12:28.367+0000][2882.959s][info ][safepoint     ] Entering safepoint region: Cleanup
[2023-11-05T16:12:28.368+0000][2882.960s][info ][safepoint     ] Leaving safepoint region
[2023-11-05T16:12:28.369+0000][2882.961s][info ][safepoint     ] Total time for which application threads were stopped: 0.0013643 seconds, Stopping threads took: 0.0006518 seconds
[2023-11-05T16:12:29.369+0000][2883.961s][debug][safepoint     ] Safepoint synchronization initiated. (189 threads)
[2023-11-05T16:12:29.370+0000][2883.962s][info ][safepoint     ] Application time: 1.0008903 seconds
[2023-11-05T16:12:29.371+0000][2883.963s][info ][safepoint     ] Entering safepoint region: Cleanup
[2023-11-05T16:12:29.371+0000][2883.963s][info ][safepoint     ] Leaving safepoint region
[2023-11-05T16:12:29.372+0000][2883.964s][info ][safepoint     ] Total time for which application threads were stopped: 0.0011884 seconds, Stopping threads took: 0.0005663 seconds
[2023-11-05T16:12:29.371+0000][2883.963s][debug][safepoint     ] ... found polling page return exception at pc = 0x00007f808d32eb44, stub =0x00007f8084840600
[2023-11-05T16:12:29.371+0000][2883.963s][debug][safepoint     ] ... found polling page return exception at pc = 0x00007f808d32eb44, stub =0x00007f8084840600
[2023-11-05T16:12:29.372+0000][2883.963s][debug][safepoint     ] ... found polling page return exception at pc = 0x00007f808d32eb44, stub =0x00007f8084840600
[2023-11-05T16:12:29.372+0000][2883.964s][debug][safepoint     ] ... found polling page return exception at pc = 0x00007f808d32eb44, stub =0x00007f8084840600
[2023-11-05T16:12:29.371+0000][2883.963s][debug][safepoint     ] ... found polling page return exception at pc = 0x00007f808d32eb44, stub =0x00007f8084840600
[2023-11-05T16:12:30.372+0000][2884.964s][debug][safepoint     ] Safepoint synchronization initiated. (189 threads)
[2023-11-05T16:12:30.373+0000][2884.965s][info ][safepoint     ] Application time: 1.0007354 seconds
[2023-11-05T16:12:30.374+0000][2884.965s][info ][safepoint     ] Entering safepoint region: Cleanup
[2023-11-05T16:12:30.374+0000][2884.966s][info ][safepoint     ] Leaving safepoint region
[2023-11-05T16:12:30.375+0000][2884.966s][info ][safepoint     ] Total time for which application threads were stopped: 0.0010568 seconds, Stopping threads took: 0.0004326 seconds
[2023-11-05T16:12:31.375+0000][2885.967s][debug][safepoint     ] Safepoint synchronization initiated. (189 threads)
[2023-11-05T16:12:31.376+0000][2885.968s][info ][safepoint     ] Application time: 1.0008956 seconds
[2023-11-05T16:12:31.377+0000][2885.968s][info ][safepoint     ] Entering safepoint region: Cleanup
[2023-11-05T16:12:31.377+0000][2885.969s][info ][safepoint     ] Leaving safepoint region
[2023-11-05T16:12:31.378+0000][2885.970s][info ][safepoint     ] Total time for which application threads were stopped: 0.0014534 seconds, Stopping threads took: 0.0006738 seconds
[2023-11-05T16:12:32.379+0000][2886.971s][debug][safepoint     ] Safepoint synchronization initiated. (189 threads)
[2023-11-05T16:12:32.379+0000][2886.971s][info ][safepoint     ] Application time: 1.0008051 seconds
[2023-11-05T16:12:32.380+0000][2886.972s][info ][safepoint     ] Entering safepoint region: Cleanup
[2023-11-05T16:12:32.381+0000][2886.973s][info ][safepoint     ] Leaving safepoint region
[2023-11-05T16:12:32.381+0000][2886.973s][info ][safepoint     ] Total time for which application threads were stopped: 0.0011103 seconds, Stopping threads took: 0.0004754 seconds
[2023-11-05T16:12:33.381+0000][2887.973s][debug][safepoint     ] Safepoint synchronization initiated. (189 threads)
[2023-11-05T16:12:33.382+0000][2887.974s][info ][safepoint     ] Application time: 1.0007302 seconds
[2023-11-05T16:12:33.383+0000][2887.974s][info ][safepoint     ] Entering safepoint region: Cleanup
[2023-11-05T16:12:33.383+0000][2887.975s][info ][safepoint     ] Leaving safepoint region
[2023-11-05T16:12:33.384+0000][2887.975s][info ][safepoint     ] Total time for which application threads were stopped: 0.0010517 seconds, Stopping threads took: 0.0004291 seconds
[2023-11-05T16:12:34.384+0000][2888.976s][debug][safepoint     ] Safepoint synchronization initiated. (189 threads)
[2023-11-05T16:12:34.385+0000][2888.977s][info ][safepoint     ] Application time: 1.0008740 seconds
[2023-11-05T16:12:34.385+0000][2888.977s][info ][safepoint     ] Entering safepoint region: Cleanup
[2023-11-05T16:12:34.386+0000][2888.978s][info ][safepoint     ] Leaving safepoint region
[2023-11-05T16:12:34.386+0000][2888.978s][info ][safepoint     ] Total time for which application threads were stopped: 0.0010570 seconds, Stopping threads took: 0.0005153 seconds
[2023-11-05T16:12:35.387+0000][2889.979s][debug][safepoint     ] Safepoint synchronization initiated. (189 threads)
[2023-11-05T16:12:35.388+0000][2889.980s][info ][safepoint     ] Application time: 1.0012544 seconds
[2023-11-05T16:12:35.389+0000][2889.981s][info ][safepoint     ] Entering safepoint region: Cleanup
[2023-11-05T16:12:35.390+0000][2889.982s][info ][safepoint     ] Leaving safepoint region
[2023-11-05T16:12:35.391+0000][2889.983s][info ][safepoint     ] Total time for which application threads were stopped: 0.0019476 seconds, Stopping threads took: 0.0008770 seconds
[2023-11-05T16:12:36.392+0000][2890.984s][debug][safepoint     ] Safepoint synchronization initiated. (189 threads)
[2023-11-05T16:12:36.393+0000][2890.985s][info ][safepoint     ] Application time: 1.0013198 seconds
[2023-11-05T16:12:36.394+0000][2890.986s][info ][safepoint     ] Entering safepoint region: Cleanup
[2023-11-05T16:12:36.395+0000][2890.987s][info ][safepoint     ] Leaving safepoint region
[2023-11-05T16:12:36.395+0000][2890.987s][info ][safepoint     ] Total time for which application threads were stopped: 0.0017368 seconds, Stopping threads took: 0.0007280 seconds
[2023-11-05T16:12:37.396+0000][2891.988s][debug][safepoint     ] Safepoint synchronization initiated. (189 threads)
[2023-11-05T16:12:37.397+0000][2891.989s][info ][safepoint     ] Application time: 1.0008896 seconds
[2023-11-05T16:12:37.398+0000][2891.990s][info ][safepoint     ] Entering safepoint region: Cleanup
[2023-11-05T16:12:37.398+0000][2891.990s][info ][safepoint     ] Leaving safepoint region
[2023-11-05T16:12:37.399+0000][2891.991s][info ][safepoint     ] Total time for which application threads were stopped: 0.0015450 seconds, Stopping threads took: 0.0005923 seconds
[2023-11-05T16:12:38.400+0000][2892.992s][debug][safepoint     ] Safepoint synchronization initiated. (189 threads)
[2023-11-05T16:12:38.401+0000][2892.993s][info ][safepoint     ] Application time: 1.0014287 seconds
[2023-11-05T16:12:38.402+0000][2892.994s][info ][safepoint     ] Entering safepoint region: Cleanup
[2023-11-05T16:12:38.404+0000][2892.996s][info ][safepoint     ] Leaving safepoint region
[2023-11-05T16:12:38.404+0000][2892.996s][info ][safepoint     ] Total time for which application threads were stopped: 0.0021473 seconds, Stopping threads took: 0.0009389 seconds
[2023-11-05T16:12:39.406+0000][2893.998s][debug][safepoint     ] Safepoint synchronization initiated. (189 threads)
[2023-11-05T16:12:39.407+0000][2893.999s][info ][safepoint     ] Application time: 1.0018551 seconds
[2023-11-05T16:12:39.408+0000][2894.000s][info ][safepoint     ] Entering safepoint region: Cleanup
[2023-11-05T16:12:39.410+0000][2894.002s][info ][safepoint     ] Leaving safepoint region
[2023-11-05T16:12:39.411+0000][2894.003s][info ][safepoint     ] Total time for which application threads were stopped: 0.0025557 seconds, Stopping threads took: 0.0010806 seconds
[2023-11-05T16:12:40.412+0000][2895.004s][debug][safepoint     ] Safepoint synchronization initiated. (191 threads)
[2023-11-05T16:12:40.413+0000][2895.005s][info ][safepoint     ] Application time: 1.0011075 seconds
[2023-11-05T16:12:40.414+0000][2895.006s][info ][safepoint     ] Entering safepoint region: Cleanup
[2023-11-05T16:12:40.414+0000][2895.006s][info ][safepoint     ] Leaving safepoint region
[2023-11-05T16:12:40.415+0000][2895.007s][info ][safepoint     ] Total time for which application threads were stopped: 0.0015897 seconds, Stopping threads took: 0.0005503 seconds
[2023-11-05T16:12:41.416+0000][2896.008s][debug][safepoint     ] Safepoint synchronization initiated. (191 threads)
[2023-11-05T16:12:41.417+0000][2896.009s][info ][safepoint     ] Application time: 1.0013768 seconds
[2023-11-05T16:12:41.418+0000][2896.010s][info ][safepoint     ] Entering safepoint region: Cleanup
[2023-11-05T16:12:41.419+0000][2896.011s][info ][safepoint     ] Leaving safepoint region
[2023-11-05T16:12:41.420+0000][2896.012s][info ][safepoint     ] Total time for which application threads were stopped: 0.0019758 seconds, Stopping threads took: 0.0008006 seconds
[2023-11-05T16:12:42.421+0000][2897.013s][debug][safepoint     ] Safepoint synchronization initiated. (191 threads)
[2023-11-05T16:12:42.422+0000][2897.014s][info ][safepoint     ] Application time: 1.0006436 seconds
[2023-11-05T16:12:42.422+0000][2897.014s][info ][safepoint     ] Entering safepoint region: Cleanup
[2023-11-05T16:12:42.423+0000][2897.015s][info ][safepoint     ] Leaving safepoint region
[2023-11-05T16:12:42.423+0000][2897.015s][info ][safepoint     ] Total time for which application threads were stopped: 0.0009705 seconds, Stopping threads took: 0.0004344 seconds
[2023-11-05T16:12:43.424+0000][2898.016s][debug][safepoint     ] Safepoint synchronization initiated. (191 threads)
[2023-11-05T16:12:43.425+0000][2898.016s][info ][safepoint     ] Application time: 1.0011279 seconds
[2023-11-05T16:12:43.425+0000][2898.017s][info ][safepoint     ] Entering safepoint region: Cleanup
[2023-11-05T16:12:43.426+0000][2898.018s][info ][safepoint     ] Leaving safepoint region
[2023-11-05T16:12:43.427+0000][2898.019s][info ][safepoint     ] Total time for which application threads were stopped: 0.0018266 seconds, Stopping threads took: 0.0008155 seconds
[2023-11-05T16:12:44.428+0000][2899.020s][debug][safepoint     ] Safepoint synchronization initiated. (191 threads)
[2023-11-05T16:12:44.429+0000][2899.021s][info ][safepoint     ] Application time: 1.0009786 seconds
[2023-11-05T16:12:44.429+0000][2899.021s][info ][safepoint     ] Entering safepoint region: Cleanup
[2023-11-05T16:12:44.430+0000][2899.022s][info ][safepoint     ] Leaving safepoint region
[2023-11-05T16:12:44.430+0000][2899.022s][info ][safepoint     ] Total time for which application threads were stopped: 0.0012427 seconds, Stopping threads took: 0.0005578 seconds
[2023-11-05T16:12:45.432+0000][2900.024s][debug][safepoint     ] Safepoint synchronization initiated. (191 threads)
[2023-11-05T16:12:45.432+0000][2900.024s][info ][safepoint     ] Application time: 1.0005341 seconds
[2023-11-05T16:12:45.432+0000][2900.024s][info ][safepoint     ] Entering safepoint region: Cleanup
[2023-11-05T16:12:45.433+0000][2900.025s][info ][safepoint     ] Leaving safepoint region
[2023-11-05T16:12:45.433+0000][2900.025s][info ][safepoint     ] Total time for which application threads were stopped: 0.0008384 seconds, Stopping threads took: 0.0003259 seconds
[2023-11-05T16:12:46.434+0000][2901.026s][debug][safepoint     ] Safepoint synchronization initiated. (191 threads)
[2023-11-05T16:12:46.434+0000][2901.026s][info ][safepoint     ] Application time: 1.0007233 seconds
[2023-11-05T16:12:46.435+0000][2901.027s][info ][safepoint     ] Entering safepoint region: Cleanup
[2023-11-05T16:12:46.435+0000][2901.027s][info ][safepoint     ] Leaving safepoint region
[2023-11-05T16:12:46.436+0000][2901.028s][info ][safepoint     ] Total time for which application threads were stopped: 0.0010539 seconds, Stopping threads took: 0.0004128 seconds
[2023-11-05T16:12:47.436+0000][2902.028s][debug][safepoint     ] Safepoint synchronization initiated. (191 threads)
[2023-11-05T16:12:47.460+0000][2902.052s][info ][safepoint     ] Application time: 1.0235986 seconds
[2023-11-05T16:12:47.461+0000][2902.053s][info ][safepoint     ] Entering safepoint region: Cleanup
[2023-11-05T16:12:47.462+0000][2902.054s][info ][safepoint     ] Leaving safepoint region
[2023-11-05T16:12:47.462+0000][2902.054s][info ][safepoint     ] Total time for which application threads were stopped: 0.0012202 seconds, Stopping threads took: 0.0005876 seconds
[2023-11-05T16:12:48.463+0000][2903.055s][debug][safepoint     ] Safepoint synchronization initiated. (191 threads)
[2023-11-05T16:12:48.464+0000][2903.056s][info ][safepoint     ] Application time: 1.0010543 seconds
[2023-11-05T16:12:48.464+0000][2903.056s][info ][safepoint     ] Entering safepoint region: Cleanup
[2023-11-05T16:12:48.466+0000][2903.058s][info ][safepoint     ] Leaving safepoint region
[2023-11-05T16:12:48.466+0000][2903.058s][info ][safepoint     ] Total time for which application threads were stopped: 0.0016009 seconds, Stopping threads took: 0.0009841 seconds
[2023-11-05T16:12:49.467+0000][2904.058s][debug][safepoint     ] Safepoint synchronization initiated. (191 threads)
[2023-11-05T16:12:49.467+0000][2904.059s][info ][safepoint     ] Application time: 1.0008863 seconds
[2023-11-05T16:12:49.468+0000][2904.060s][info ][safepoint     ] Entering safepoint region: Cleanup
[2023-11-05T16:12:49.469+0000][2904.061s][info ][safepoint     ] Leaving safepoint region
[2023-11-05T16:12:49.470+0000][2904.062s][info ][safepoint     ] Total time for which application threads were stopped: 0.0020855 seconds, Stopping threads took: 0.0011764 seconds
[2023-11-05T16:12:50.471+0000][2905.063s][debug][safepoint     ] Safepoint synchronization initiated. (191 threads)
[2023-11-05T16:12:50.471+0000][2905.063s][info ][safepoint     ] Application time: 1.0011393 seconds
[2023-11-05T16:12:50.473+0000][2905.065s][info ][safepoint     ] Entering safepoint region: Cleanup
[2023-11-05T16:12:50.474+0000][2905.066s][info ][safepoint     ] Leaving safepoint region
[2023-11-05T16:12:50.475+0000][2905.067s][info ][safepoint     ] Total time for which application threads were stopped: 0.0023443 seconds, Stopping threads took: 0.0009551 seconds
[2023-11-05T16:12:51.476+0000][2906.068s][debug][safepoint     ] Safepoint synchronization initiated. (191 threads)
[2023-11-05T16:12:51.477+0000][2906.069s][info ][safepoint     ] Application time: 1.0009834 seconds
[2023-11-05T16:12:51.478+0000][2906.070s][info ][safepoint     ] Entering safepoint region: Cleanup
[2023-11-05T16:12:51.479+0000][2906.071s][info ][safepoint     ] Leaving safepoint region
[2023-11-05T16:12:51.480+0000][2906.072s][info ][safepoint     ] Total time for which application threads were stopped: 0.0019446 seconds, Stopping threads took: 0.0008682 seconds
[2023-11-05T16:12:52.481+0000][2907.072s][debug][safepoint     ] Safepoint synchronization initiated. (191 threads)
[2023-11-05T16:12:52.482+0000][2907.074s][info ][safepoint     ] Application time: 1.0013185 seconds
[2023-11-05T16:12:52.483+0000][2907.075s][info ][safepoint     ] Entering safepoint region: Cleanup
[2023-11-05T16:12:52.484+0000][2907.076s][info ][safepoint     ] Leaving safepoint region
[2023-11-05T16:12:52.485+0000][2907.077s][info ][safepoint     ] Total time for which application threads were stopped: 0.0025996 seconds, Stopping threads took: 0.0011341 seconds
[2023-11-05T16:12:53.486+0000][2908.078s][debug][safepoint     ] Safepoint synchronization initiated. (191 threads)
[2023-11-05T16:12:53.488+0000][2908.080s][info ][safepoint     ] Application time: 1.0014620 seconds
[2023-11-05T16:12:53.489+0000][2908.081s][info ][safepoint     ] Entering safepoint region: Cleanup
[2023-11-05T16:12:53.490+0000][2908.082s][info ][safepoint     ] Leaving safepoint region
[2023-11-05T16:12:53.491+0000][2908.083s][info ][safepoint     ] Total time for which application threads were stopped: 0.0019705 seconds, Stopping threads took: 0.0009463 seconds
[2023-11-05T16:12:54.492+0000][2909.084s][debug][safepoint     ] Safepoint synchronization initiated. (191 threads)
[2023-11-05T16:12:54.493+0000][2909.084s][info ][safepoint     ] Application time: 1.0009185 seconds
[2023-11-05T16:12:54.493+0000][2909.085s][info ][safepoint     ] Entering safepoint region: Cleanup
[2023-11-05T16:12:54.494+0000][2909.086s][info ][safepoint     ] Leaving safepoint region
[2023-11-05T16:12:54.495+0000][2909.086s][info ][safepoint     ] Total time for which application threads were stopped: 0.0015653 seconds, Stopping threads took: 0.0007324 seconds
[2023-11-05T16:12:55.495+0000][2910.087s][debug][safepoint     ] Safepoint synchronization initiated. (191 threads)
[2023-11-05T16:12:55.496+0000][2910.088s][info ][safepoint     ] Application time: 1.0007192 seconds
[2023-11-05T16:12:55.497+0000][2910.088s][info ][safepoint     ] Entering safepoint region: Cleanup
[2023-11-05T16:12:55.497+0000][2910.089s][info ][safepoint     ] Leaving safepoint region
[2023-11-05T16:12:55.497+0000][2910.089s][info ][safepoint     ] Total time for which application threads were stopped: 0.0009061 seconds, Stopping threads took: 0.0004432 seconds
[2023-11-05T16:12:56.498+0000][2911.090s][debug][safepoint     ] Safepoint synchronization initiated. (191 threads)
[2023-11-05T16:12:56.498+0000][2911.090s][info ][safepoint     ] Application time: 1.0006382 seconds
[2023-11-05T16:12:56.499+0000][2911.091s][info ][safepoint     ] Entering safepoint region: Cleanup
[2023-11-05T16:12:56.499+0000][2911.091s][info ][safepoint     ] Leaving safepoint region
[2023-11-05T16:12:56.500+0000][2911.091s][info ][safepoint     ] Total time for which application threads were stopped: 0.0009932 seconds, Stopping threads took: 0.0004144 seconds
[2023-11-05T16:12:57.500+0000][2912.092s][debug][safepoint     ] Safepoint synchronization initiated. (191 threads)
[2023-11-05T16:12:57.501+0000][2912.093s][info ][safepoint     ] Application time: 1.0008174 seconds
[2023-11-05T16:12:57.501+0000][2912.093s][info ][safepoint     ] Entering safepoint region: Cleanup
[2023-11-05T16:12:57.502+0000][2912.094s][info ][safepoint     ] Leaving safepoint region
[2023-11-05T16:12:57.503+0000][2912.094s][info ][safepoint     ] Total time for which application threads were stopped: 0.0011808 seconds, Stopping threads took: 0.0005081 seconds
[2023-11-05T16:12:58.503+0000][2913.095s][debug][safepoint     ] Safepoint synchronization initiated. (191 threads)
[2023-11-05T16:12:58.504+0000][2913.096s][info ][safepoint     ] Application time: 1.0009167 seconds
[2023-11-05T16:12:58.504+0000][2913.096s][info ][safepoint     ] Entering safepoint region: Cleanup
[2023-11-05T16:12:58.505+0000][2913.097s][info ][safepoint     ] Leaving safepoint region
[2023-11-05T16:12:58.505+0000][2913.097s][info ][safepoint     ] Total time for which application threads were stopped: 0.0009815 seconds, Stopping threads took: 0.0004165 seconds
[2023-11-05T16:12:59.506+0000][2914.098s][debug][safepoint     ] Safepoint synchronization initiated. (191 threads)
[2023-11-05T16:12:59.507+0000][2914.099s][info ][safepoint     ] Application time: 1.0013749 seconds
[2023-11-05T16:12:59.508+0000][2914.100s][info ][safepoint     ] Entering safepoint region: Cleanup
[2023-11-05T16:12:59.509+0000][2914.101s][info ][safepoint     ] Leaving safepoint region
[2023-11-05T16:12:59.509+0000][2914.101s][info ][safepoint     ] Total time for which application threads were stopped: 0.0010423 seconds, Stopping threads took: 0.0004584 seconds
[2023-11-05T16:13:00.510+0000][2915.102s][debug][safepoint     ] Safepoint synchronization initiated. (191 threads)
[2023-11-05T16:13:00.512+0000][2915.103s][info ][safepoint     ] Application time: 1.0015982 seconds
[2023-11-05T16:13:00.512+0000][2915.104s][info ][safepoint     ] Entering safepoint region: Cleanup
[2023-11-05T16:13:00.513+0000][2915.105s][info ][safepoint     ] Leaving safepoint region
[2023-11-05T16:13:00.514+0000][2915.106s][info ][safepoint     ] Total time for which application threads were stopped: 0.0018037 seconds, Stopping threads took: 0.0007356 seconds
[2023-11-05T16:13:01.515+0000][2916.107s][debug][safepoint     ] Safepoint synchronization initiated. (191 threads)
[2023-11-05T16:13:01.516+0000][2916.108s][info ][safepoint     ] Application time: 1.0010419 seconds
[2023-11-05T16:13:01.517+0000][2916.108s][info ][safepoint     ] Entering safepoint region: Cleanup
[2023-11-05T16:13:01.517+0000][2916.109s][info ][safepoint     ] Leaving safepoint region
[2023-11-05T16:13:01.518+0000][2916.110s][info ][safepoint     ] Total time for which application threads were stopped: 0.0013129 seconds, Stopping threads took: 0.0005745 seconds
[2023-11-05T16:13:02.519+0000][2917.110s][debug][safepoint     ] Safepoint synchronization initiated. (191 threads)
[2023-11-05T16:13:02.519+0000][2917.111s][info ][safepoint     ] Application time: 1.0008986 seconds
[2023-11-05T16:13:02.520+0000][2917.112s][info ][safepoint     ] Entering safepoint region: Cleanup
[2023-11-05T16:13:02.521+0000][2917.113s][info ][safepoint     ] Leaving safepoint region
[2023-11-05T16:13:02.521+0000][2917.113s][info ][safepoint     ] Total time for which application threads were stopped: 0.0014798 seconds, Stopping threads took: 0.0005948 seconds
[2023-11-05T16:13:03.522+0000][2918.114s][debug][safepoint     ] Safepoint synchronization initiated. (191 threads)
[2023-11-05T16:13:03.522+0000][2918.114s][info ][safepoint     ] Application time: 1.0006154 seconds
[2023-11-05T16:13:03.523+0000][2918.115s][info ][safepoint     ] Entering safepoint region: Cleanup
[2023-11-05T16:13:03.524+0000][2918.115s][info ][safepoint     ] Leaving safepoint region
[2023-11-05T16:13:03.524+0000][2918.116s][info ][safepoint     ] Total time for which application threads were stopped: 0.0011004 seconds, Stopping threads took: 0.0005680 seconds
[2023-11-05T16:13:04.525+0000][2919.116s][debug][safepoint     ] Safepoint synchronization initiated. (191 threads)
[2023-11-05T16:13:04.525+0000][2919.117s][info ][safepoint     ] Application time: 1.0009360 seconds
[2023-11-05T16:13:04.526+0000][2919.117s][info ][safepoint     ] Entering safepoint region: Cleanup
[2023-11-05T16:13:04.526+0000][2919.118s][info ][safepoint     ] Leaving safepoint region
[2023-11-05T16:13:04.527+0000][2919.119s][info ][safepoint     ] Total time for which application threads were stopped: 0.0012762 seconds, Stopping threads took: 0.0005557 seconds
[2023-11-05T16:13:05.528+0000][2920.119s][debug][safepoint     ] Safepoint synchronization initiated. (191 threads)
[2023-11-05T16:13:05.528+0000][2920.120s][info ][safepoint     ] Application time: 1.0006341 seconds
[2023-11-05T16:13:05.529+0000][2920.120s][info ][safepoint     ] Entering safepoint region: Cleanup
[2023-11-05T16:13:05.529+0000][2920.121s][info ][safepoint     ] Leaving safepoint region
[2023-11-05T16:13:05.529+0000][2920.121s][info ][safepoint     ] Total time for which application threads were stopped: 0.0009250 seconds, Stopping threads took: 0.0004044 seconds
[2023-11-05T16:13:06.531+0000][2921.122s][debug][safepoint     ] Safepoint synchronization initiated. (191 threads)
[2023-11-05T16:13:06.531+0000][2921.123s][info ][safepoint     ] Application time: 1.0007871 seconds
[2023-11-05T16:13:06.532+0000][2921.123s][info ][safepoint     ] Entering safepoint region: Cleanup
[2023-11-05T16:13:06.532+0000][2921.124s][info ][safepoint     ] Leaving safepoint region
[2023-11-05T16:13:06.533+0000][2921.124s][info ][safepoint     ] Total time for which application threads were stopped: 0.0009679 seconds, Stopping threads took: 0.0003487 seconds
[2023-11-05T16:13:07.533+0000][2922.125s][debug][safepoint     ] Safepoint synchronization initiated. (191 threads)
[2023-11-05T16:13:07.534+0000][2922.125s][info ][safepoint     ] Application time: 1.0006493 seconds
[2023-11-05T16:13:07.534+0000][2922.126s][info ][safepoint     ] Entering safepoint region: Cleanup
[2023-11-05T16:13:07.535+0000][2922.126s][info ][safepoint     ] Leaving safepoint region
[2023-11-05T16:13:07.535+0000][2922.127s][info ][safepoint     ] Total time for which application threads were stopped: 0.0012680 seconds, Stopping threads took: 0.0005702 seconds
[2023-11-05T16:13:08.536+0000][2923.128s][debug][safepoint     ] Safepoint synchronization initiated. (191 threads)
[2023-11-05T16:13:08.537+0000][2923.129s][info ][safepoint     ] Application time: 1.0013998 seconds
[2023-11-05T16:13:08.538+0000][2923.130s][info ][safepoint     ] Entering safepoint region: Cleanup
[2023-11-05T16:13:08.539+0000][2923.130s][info ][safepoint     ] Leaving safepoint region
[2023-11-05T16:13:08.539+0000][2923.131s][info ][safepoint     ] Total time for which application threads were stopped: 0.0013311 seconds, Stopping threads took: 0.0006332 seconds
[2023-11-05T16:13:09.540+0000][2924.131s][debug][safepoint     ] Safepoint synchronization initiated. (191 threads)
[2023-11-05T16:13:09.540+0000][2924.132s][info ][safepoint     ] Application time: 1.0005834 seconds
[2023-11-05T16:13:09.541+0000][2924.132s][info ][safepoint     ] Entering safepoint region: Cleanup
[2023-11-05T16:13:09.541+0000][2924.133s][info ][safepoint     ] Leaving safepoint region
[2023-11-05T16:13:09.542+0000][2924.133s][info ][safepoint     ] Total time for which application threads were stopped: 0.0010052 seconds, Stopping threads took: 0.0003897 seconds
[2023-11-05T16:13:10.542+0000][2925.134s][debug][safepoint     ] Safepoint synchronization initiated. (191 threads)
[2023-11-05T16:13:10.542+0000][2925.134s][info ][safepoint     ] Application time: 1.0005470 seconds
[2023-11-05T16:13:10.543+0000][2925.135s][info ][safepoint     ] Entering safepoint region: Cleanup
[2023-11-05T16:13:10.543+0000][2925.135s][info ][safepoint     ] Leaving safepoint region
[2023-11-05T16:13:10.544+0000][2925.136s][info ][safepoint     ] Total time for which application threads were stopped: 0.0010063 seconds, Stopping threads took: 0.0004257 seconds
[2023-11-05T16:13:11.195+0000][2925.787s][debug][safepoint     ] Safepoint synchronization initiated. (191 threads)
[2023-11-05T16:13:11.196+0000][2925.787s][info ][safepoint     ] Application time: 0.6516559 seconds
[2023-11-05T16:13:11.196+0000][2925.788s][info ][safepoint     ] Entering safepoint region: G1CollectForAllocation
[2023-11-05T16:13:11.197+0000][2925.789s][info ][gc,start      ] GC(111) Pause Young (Prepare Mixed) (G1 Evacuation Pause)
[2023-11-05T16:13:11.197+0000][2925.789s][info ][gc,task       ] GC(111) Using 8 workers of 8 for evacuation
[2023-11-05T16:13:11.216+0000][2925.807s][info ][gc,phases     ] GC(111)   Pre Evacuate Collection Set: 0.0ms
[2023-11-05T16:13:11.216+0000][2925.808s][info ][gc,phases     ] GC(111)   Evacuate Collection Set: 10.5ms
[2023-11-05T16:13:11.217+0000][2925.808s][info ][gc,phases     ] GC(111)   Post Evacuate Collection Set: 7.0ms
[2023-11-05T16:13:11.217+0000][2925.809s][info ][gc,phases     ] GC(111)   Other: 1.2ms
[2023-11-05T16:13:11.217+0000][2925.809s][info ][gc,heap       ] GC(111) Eden regions: 128->0(18)
[2023-11-05T16:13:11.218+0000][2925.810s][info ][gc,heap       ] GC(111) Survivor regions: 1->1(17)
[2023-11-05T16:13:11.218+0000][2925.810s][info ][gc,heap       ] GC(111) Old regions: 141->141
[2023-11-05T16:13:11.219+0000][2925.810s][info ][gc,heap       ] GC(111) Humongous regions: 60->60
[2023-11-05T16:13:11.219+0000][2925.811s][info ][gc,metaspace  ] GC(111) Metaspace: 168463K(175676K)->168463K(175676K) NonClass: 149223K(153960K)->149223K(153960K) Class: 19240K(21716K)->19240K(21716K)
[2023-11-05T16:13:11.221+0000][2925.812s][info ][gc            ] GC(111) Pause Young (Prepare Mixed) (G1 Evacuation Pause) 327M->199M(381M) 23.614ms
[2023-11-05T16:13:11.221+0000][2925.813s][info ][gc,cpu        ] GC(111) User=0.11s Sys=0.00s Real=0.02s
[2023-11-05T16:13:11.222+0000][2925.814s][info ][safepoint     ] Leaving safepoint region
[2023-11-05T16:13:11.222+0000][2925.814s][info ][safepoint     ] Total time for which application threads were stopped: 0.0261171 seconds, Stopping threads took: 0.0004332 seconds
[2023-11-05T16:13:11.223+0000][2925.815s][info ][gc,stringdedup] Concurrent String Deduplication (2925.815s)
[2023-11-05T16:13:11.223+0000][2925.815s][info ][gc,stringdedup] Concurrent String Deduplication 64.0B->0.0B(64.0B) avg 54.4% (2925.815s, 2925.815s) 0.504ms
[2023-11-05T16:13:12.223+0000][2926.815s][debug][safepoint     ] Safepoint synchronization initiated. (191 threads)
[2023-11-05T16:13:12.225+0000][2926.817s][info ][safepoint     ] Application time: 1.0021451 seconds
[2023-11-05T16:13:12.225+0000][2926.817s][info ][safepoint     ] Entering safepoint region: Cleanup
[2023-11-05T16:13:12.226+0000][2926.818s][info ][safepoint     ] Leaving safepoint region
[2023-11-05T16:13:12.227+0000][2926.818s][info ][safepoint     ] Total time for which application threads were stopped: 0.0011903 seconds, Stopping threads took: 0.0005456 seconds
[2023-11-05T16:13:13.227+0000][2927.819s][debug][safepoint     ] Safepoint synchronization initiated. (191 threads)
[2023-11-05T16:13:13.227+0000][2927.819s][info ][safepoint     ] Application time: 1.0004955 seconds
[2023-11-05T16:13:13.228+0000][2927.820s][info ][safepoint     ] Entering safepoint region: Cleanup
[2023-11-05T16:13:13.229+0000][2927.820s][info ][safepoint     ] Leaving safepoint region
[2023-11-05T16:13:13.229+0000][2927.821s][info ][safepoint     ] Total time for which application threads were stopped: 0.0010261 seconds, Stopping threads took: 0.0004731 seconds
[2023-11-05T16:13:14.229+0000][2928.821s][debug][safepoint     ] Safepoint synchronization initiated. (191 threads)
[2023-11-05T16:13:14.230+0000][2928.822s][info ][safepoint     ] Application time: 1.0010517 seconds
[2023-11-05T16:13:14.231+0000][2928.822s][info ][safepoint     ] Entering safepoint region: Cleanup
[2023-11-05T16:13:14.231+0000][2928.823s][info ][safepoint     ] Leaving safepoint region
[2023-11-05T16:13:14.232+0000][2928.823s][info ][safepoint     ] Total time for which application threads were stopped: 0.0011703 seconds, Stopping threads took: 0.0005225 seconds
[2023-11-05T16:13:15.232+0000][2929.824s][debug][safepoint     ] Safepoint synchronization initiated. (191 threads)
[2023-11-05T16:13:15.234+0000][2929.826s][info ][safepoint     ] Application time: 1.0018216 seconds
[2023-11-05T16:13:15.235+0000][2929.826s][info ][safepoint     ] Entering safepoint region: Cleanup
[2023-11-05T16:13:15.235+0000][2929.827s][info ][safepoint     ] Leaving safepoint region
[2023-11-05T16:13:15.236+0000][2929.828s][info ][safepoint     ] Total time for which application threads were stopped: 0.0014391 seconds, Stopping threads took: 0.0007179 seconds
[2023-11-05T16:13:16.237+0000][2930.829s][debug][safepoint     ] Safepoint synchronization initiated. (191 threads)
[2023-11-05T16:13:16.238+0000][2930.830s][info ][safepoint     ] Application time: 1.0012407 seconds
[2023-11-05T16:13:16.239+0000][2930.831s][info ][safepoint     ] Entering safepoint region: Cleanup
[2023-11-05T16:13:16.241+0000][2930.832s][info ][safepoint     ] Leaving safepoint region
[2023-11-05T16:13:16.242+0000][2930.833s][info ][safepoint     ] Total time for which application threads were stopped: 0.0026536 seconds, Stopping threads took: 0.0008565 seconds
[2023-11-05T16:13:17.242+0000][2931.834s][debug][safepoint     ] Safepoint synchronization initiated. (191 threads)
[2023-11-05T16:13:17.244+0000][2931.835s][info ][safepoint     ] Application time: 1.0013324 seconds
[2023-11-05T16:13:17.245+0000][2931.836s][info ][safepoint     ] Entering safepoint region: Cleanup
[2023-11-05T16:13:17.246+0000][2931.838s][info ][safepoint     ] Leaving safepoint region
[2023-11-05T16:13:17.247+0000][2931.839s][info ][safepoint     ] Total time for which application threads were stopped: 0.0024576 seconds, Stopping threads took: 0.0011062 seconds
[2023-11-05T16:13:18.248+0000][2932.840s][debug][safepoint     ] Safepoint synchronization initiated. (191 threads)
[2023-11-05T16:13:18.249+0000][2932.841s][info ][safepoint     ] Application time: 1.0014690 seconds
[2023-11-05T16:13:18.250+0000][2932.842s][info ][safepoint     ] Entering safepoint region: Cleanup
[2023-11-05T16:13:18.252+0000][2932.844s][info ][safepoint     ] Leaving safepoint region
[2023-11-05T16:13:18.253+0000][2932.844s][info ][safepoint     ] Total time for which application threads were stopped: 0.0022708 seconds, Stopping threads took: 0.0010702 seconds
[2023-11-05T16:13:19.254+0000][2933.846s][debug][safepoint     ] Safepoint synchronization initiated. (191 threads)
[2023-11-05T16:13:19.254+0000][2933.846s][info ][safepoint     ] Application time: 1.0008220 seconds
[2023-11-05T16:13:19.255+0000][2933.847s][info ][safepoint     ] Entering safepoint region: Cleanup
[2023-11-05T16:13:19.256+0000][2933.847s][info ][safepoint     ] Leaving safepoint region
[2023-11-05T16:13:19.256+0000][2933.848s][info ][safepoint     ] Total time for which application threads were stopped: 0.0012012 seconds, Stopping threads took: 0.0005467 seconds
[2023-11-05T16:13:20.257+0000][2934.849s][debug][safepoint     ] Safepoint synchronization initiated. (191 threads)
[2023-11-05T16:13:20.258+0000][2934.850s][info ][safepoint     ] Application time: 1.0013923 seconds
[2023-11-05T16:13:20.259+0000][2934.851s][info ][safepoint     ] Entering safepoint region: Cleanup
[2023-11-05T16:13:20.260+0000][2934.852s][info ][safepoint     ] Leaving safepoint region
[2023-11-05T16:13:20.261+0000][2934.853s][info ][safepoint     ] Total time for which application threads were stopped: 0.0020053 seconds, Stopping threads took: 0.0008758 seconds
[2023-11-05T16:13:21.262+0000][2935.854s][debug][safepoint     ] Safepoint synchronization initiated. (191 threads)
[2023-11-05T16:13:21.263+0000][2935.855s][info ][safepoint     ] Application time: 1.0015424 seconds
[2023-11-05T16:13:21.264+0000][2935.856s][info ][safepoint     ] Entering safepoint region: Cleanup
[2023-11-05T16:13:21.265+0000][2935.857s][info ][safepoint     ] Leaving safepoint region
[2023-11-05T16:13:21.266+0000][2935.858s][info ][safepoint     ] Total time for which application threads were stopped: 0.0019434 seconds, Stopping threads took: 0.0009531 seconds
[2023-11-05T16:13:22.267+0000][2936.859s][debug][safepoint     ] Safepoint synchronization initiated. (191 threads)
[2023-11-05T16:13:22.268+0000][2936.859s][info ][safepoint     ] Application time: 1.0007408 seconds
[2023-11-05T16:13:22.268+0000][2936.860s][info ][safepoint     ] Entering safepoint region: Cleanup
[2023-11-05T16:13:22.269+0000][2936.861s][info ][safepoint     ] Leaving safepoint region
[2023-11-05T16:13:22.269+0000][2936.861s][info ][safepoint     ] Total time for which application threads were stopped: 0.0010334 seconds, Stopping threads took: 0.0004277 seconds
[2023-11-05T16:13:23.270+0000][2937.862s][debug][safepoint     ] Safepoint synchronization initiated. (191 threads)
[2023-11-05T16:13:23.271+0000][2937.863s][info ][safepoint     ] Application time: 1.0014368 seconds
[2023-11-05T16:13:23.272+0000][2937.864s][info ][safepoint     ] Entering safepoint region: Cleanup
[2023-11-05T16:13:23.273+0000][2937.865s][info ][safepoint     ] Leaving safepoint region
[2023-11-05T16:13:23.274+0000][2937.866s][info ][safepoint     ] Total time for which application threads were stopped: 0.0020243 seconds, Stopping threads took: 0.0008100 seconds
[2023-11-05T16:13:24.275+0000][2938.866s][debug][safepoint     ] Safepoint synchronization initiated. (191 threads)
[2023-11-05T16:13:24.275+0000][2938.867s][info ][safepoint     ] Application time: 1.0007051 seconds
[2023-11-05T16:13:24.276+0000][2938.868s][info ][safepoint     ] Entering safepoint region: Cleanup
[2023-11-05T16:13:24.277+0000][2938.868s][info ][safepoint     ] Leaving safepoint region
[2023-11-05T16:13:24.277+0000][2938.869s][info ][safepoint     ] Total time for which application threads were stopped: 0.0011228 seconds, Stopping threads took: 0.0004820 seconds
[2023-11-05T16:13:25.278+0000][2939.869s][debug][safepoint     ] Safepoint synchronization initiated. (191 threads)
[2023-11-05T16:13:25.279+0000][2939.871s][info ][safepoint     ] Application time: 1.0015879 seconds
[2023-11-05T16:13:25.280+0000][2939.872s][info ][safepoint     ] Entering safepoint region: Cleanup
[2023-11-05T16:13:25.281+0000][2939.873s][info ][safepoint     ] Leaving safepoint region
[2023-11-05T16:13:25.282+0000][2939.874s][info ][safepoint     ] Total time for which application threads were stopped: 0.0022797 seconds, Stopping threads took: 0.0010068 seconds
[2023-11-05T16:13:26.283+0000][2940.875s][debug][safepoint     ] Safepoint synchronization initiated. (191 threads)
[2023-11-05T16:13:26.284+0000][2940.875s][info ][safepoint     ] Application time: 1.0009027 seconds
[2023-11-05T16:13:26.284+0000][2940.876s][info ][safepoint     ] Entering safepoint region: Cleanup
[2023-11-05T16:13:26.285+0000][2940.877s][info ][safepoint     ] Leaving safepoint region
[2023-11-05T16:13:26.286+0000][2940.877s][info ][safepoint     ] Total time for which application threads were stopped: 0.0015402 seconds, Stopping threads took: 0.0006332 seconds
[2023-11-05T16:13:27.287+0000][2941.878s][debug][safepoint     ] Safepoint synchronization initiated. (191 threads)
[2023-11-05T16:13:27.288+0000][2941.880s][info ][safepoint     ] Application time: 1.0015005 seconds
[2023-11-05T16:13:27.289+0000][2941.881s][info ][safepoint     ] Entering safepoint region: Cleanup
[2023-11-05T16:13:27.290+0000][2941.882s][info ][safepoint     ] Leaving safepoint region
[2023-11-05T16:13:27.291+0000][2941.883s][info ][safepoint     ] Total time for which application threads were stopped: 0.0022632 seconds, Stopping threads took: 0.0009153 seconds
[2023-11-05T16:13:28.293+0000][2942.884s][debug][safepoint     ] Safepoint synchronization initiated. (191 threads)
[2023-11-05T16:13:28.294+0000][2942.885s][info ][safepoint     ] Application time: 1.0013318 seconds
[2023-11-05T16:13:28.295+0000][2942.886s][info ][safepoint     ] Entering safepoint region: Cleanup
[2023-11-05T16:13:28.296+0000][2942.887s][info ][safepoint     ] Leaving safepoint region
[2023-11-05T16:13:28.297+0000][2942.888s][info ][safepoint     ] Total time for which application threads were stopped: 0.0020476 seconds, Stopping threads took: 0.0009028 seconds
[2023-11-05T16:13:29.215+0000][2943.806s][debug][safepoint     ] Safepoint synchronization initiated. (191 threads)
[2023-11-05T16:13:29.216+0000][2943.807s][info ][safepoint     ] Application time: 0.9186048 seconds
[2023-11-05T16:13:29.217+0000][2943.808s][info ][safepoint     ] Entering safepoint region: G1CollectForAllocation
[2023-11-05T16:13:29.218+0000][2943.810s][info ][gc,start      ] GC(112) Pause Young (Mixed) (G1 Evacuation Pause)
[2023-11-05T16:13:29.219+0000][2943.810s][info ][gc,task       ] GC(112) Using 8 workers of 8 for evacuation
[2023-11-05T16:13:29.225+0000][2943.816s][info ][gc,phases     ] GC(112)   Pre Evacuate Collection Set: 0.1ms
[2023-11-05T16:13:29.225+0000][2943.817s][info ][gc,phases     ] GC(112)   Evacuate Collection Set: 2.6ms
[2023-11-05T16:13:29.226+0000][2943.818s][info ][gc,phases     ] GC(112)   Post Evacuate Collection Set: 2.3ms
[2023-11-05T16:13:29.227+0000][2943.818s][info ][gc,phases     ] GC(112)   Other: 1.9ms
[2023-11-05T16:13:29.227+0000][2943.819s][info ][gc,heap       ] GC(112) Eden regions: 18->0(129)
[2023-11-05T16:13:29.228+0000][2943.819s][info ][gc,heap       ] GC(112) Survivor regions: 1->1(3)
[2023-11-05T16:13:29.228+0000][2943.820s][info ][gc,heap       ] GC(112) Old regions: 141->141
[2023-11-05T16:13:29.228+0000][2943.820s][info ][gc,heap       ] GC(112) Humongous regions: 60->60
[2023-11-05T16:13:29.229+0000][2943.821s][info ][gc,metaspace  ] GC(112) Metaspace: 168515K(175676K)->168515K(175676K) NonClass: 149275K(153960K)->149275K(153960K) Class: 19240K(21716K)->19240K(21716K)
[2023-11-05T16:13:29.229+0000][2943.821s][info ][gc            ] GC(112) Pause Young (Mixed) (G1 Evacuation Pause) 217M->199M(381M) 11.446ms
[2023-11-05T16:13:29.230+0000][2943.821s][info ][gc,cpu        ] GC(112) User=0.03s Sys=0.00s Real=0.01s
[2023-11-05T16:13:29.230+0000][2943.822s][info ][safepoint     ] Leaving safepoint region
[2023-11-05T16:13:29.231+0000][2943.822s][info ][safepoint     ] Total time for which application threads were stopped: 0.0138428 seconds, Stopping threads took: 0.0009066 seconds
[2023-11-05T16:13:29.231+0000][2943.823s][info ][gc,stringdedup] Concurrent String Deduplication (2943.823s)
[2023-11-05T16:13:29.231+0000][2943.823s][info ][gc,stringdedup] Concurrent String Deduplication 112.0B->48.0B(64.0B) avg 54.4% (2943.823s, 2943.823s) 0.341ms
[2023-11-05T16:13:30.231+0000][2944.823s][debug][safepoint     ] Safepoint synchronization initiated. (191 threads)
[2023-11-05T16:13:30.232+0000][2944.823s][info ][safepoint     ] Application time: 1.0009946 seconds
[2023-11-05T16:13:30.233+0000][2944.824s][info ][safepoint     ] Entering safepoint region: Cleanup
[2023-11-05T16:13:30.233+0000][2944.825s][info ][safepoint     ] Leaving safepoint region
[2023-11-05T16:13:30.234+0000][2944.825s][info ][safepoint     ] Total time for which application threads were stopped: 0.0013964 seconds, Stopping threads took: 0.0006643 seconds
[2023-11-05T16:13:31.234+0000][2945.826s][debug][safepoint     ] Safepoint synchronization initiated. (191 threads)
[2023-11-05T16:13:31.235+0000][2945.827s][info ][safepoint     ] Application time: 1.0008099 seconds
[2023-11-05T16:13:31.236+0000][2945.827s][info ][safepoint     ] Entering safepoint region: Cleanup
[2023-11-05T16:13:31.236+0000][2945.828s][info ][safepoint     ] Leaving safepoint region
[2023-11-05T16:13:31.237+0000][2945.828s][info ][safepoint     ] Total time for which application threads were stopped: 0.0011675 seconds, Stopping threads took: 0.0004997 seconds
[2023-11-05T16:13:32.238+0000][2946.829s][debug][safepoint     ] Safepoint synchronization initiated. (191 threads)
[2023-11-05T16:13:32.238+0000][2946.830s][info ][safepoint     ] Application time: 1.0009798 seconds
[2023-11-05T16:13:32.239+0000][2946.830s][info ][safepoint     ] Entering safepoint region: Cleanup
[2023-11-05T16:13:32.240+0000][2946.831s][info ][safepoint     ] Leaving safepoint region
[2023-11-05T16:13:32.240+0000][2946.832s][info ][safepoint     ] Total time for which application threads were stopped: 0.0012901 seconds, Stopping threads took: 0.0006371 seconds
[2023-11-05T16:13:33.241+0000][2947.833s][debug][safepoint     ] Safepoint synchronization initiated. (191 threads)
[2023-11-05T16:13:33.242+0000][2947.834s][info ][safepoint     ] Application time: 1.0012407 seconds
[2023-11-05T16:13:33.243+0000][2947.834s][info ][safepoint     ] Entering safepoint region: Cleanup
[2023-11-05T16:13:33.244+0000][2947.835s][info ][safepoint     ] Leaving safepoint region
[2023-11-05T16:13:33.244+0000][2947.836s][info ][safepoint     ] Total time for which application threads were stopped: 0.0014540 seconds, Stopping threads took: 0.0007237 seconds
[2023-11-05T16:13:34.245+0000][2948.836s][debug][safepoint     ] Safepoint synchronization initiated. (191 threads)
[2023-11-05T16:13:34.245+0000][2948.837s][info ][safepoint     ] Application time: 1.0009332 seconds
[2023-11-05T16:13:34.246+0000][2948.838s][info ][safepoint     ] Entering safepoint region: Cleanup
[2023-11-05T16:13:34.247+0000][2948.838s][info ][safepoint     ] Leaving safepoint region
[2023-11-05T16:13:34.247+0000][2948.839s][info ][safepoint     ] Total time for which application threads were stopped: 0.0011870 seconds, Stopping threads took: 0.0004826 seconds
[2023-11-05T16:13:35.248+0000][2949.840s][debug][safepoint     ] Safepoint synchronization initiated. (191 threads)
[2023-11-05T16:13:35.249+0000][2949.841s][info ][safepoint     ] Application time: 1.0009661 seconds
[2023-11-05T16:13:35.250+0000][2949.841s][info ][safepoint     ] Entering safepoint region: Cleanup
[2023-11-05T16:13:35.250+0000][2949.842s][info ][safepoint     ] Leaving safepoint region
[2023-11-05T16:13:35.251+0000][2949.843s][info ][safepoint     ] Total time for which application threads were stopped: 0.0011818 seconds, Stopping threads took: 0.0005384 seconds
[2023-11-05T16:13:36.251+0000][2950.843s][debug][safepoint     ] Safepoint synchronization initiated. (191 threads)
[2023-11-05T16:13:36.252+0000][2950.844s][info ][safepoint     ] Application time: 1.0007799 seconds
[2023-11-05T16:13:36.253+0000][2950.844s][info ][safepoint     ] Entering safepoint region: Cleanup
[2023-11-05T16:13:36.253+0000][2950.845s][info ][safepoint     ] Leaving safepoint region
[2023-11-05T16:13:36.254+0000][2950.845s][info ][safepoint     ] Total time for which application threads were stopped: 0.0012044 seconds, Stopping threads took: 0.0005073 seconds
[2023-11-05T16:13:37.254+0000][2951.846s][debug][safepoint     ] Safepoint synchronization initiated. (191 threads)
[2023-11-05T16:13:37.255+0000][2951.847s][info ][safepoint     ] Application time: 1.0008891 seconds
[2023-11-05T16:13:37.256+0000][2951.847s][info ][safepoint     ] Entering safepoint region: Cleanup
[2023-11-05T16:13:37.256+0000][2951.848s][info ][safepoint     ] Leaving safepoint region
[2023-11-05T16:13:37.257+0000][2951.849s][info ][safepoint     ] Total time for which application threads were stopped: 0.0012078 seconds, Stopping threads took: 0.0006200 seconds
[2023-11-05T16:13:38.258+0000][2952.849s][debug][safepoint     ] Safepoint synchronization initiated. (191 threads)
[2023-11-05T16:13:38.259+0000][2952.850s][info ][safepoint     ] Application time: 1.0012758 seconds
[2023-11-05T16:13:38.260+0000][2952.851s][info ][safepoint     ] Entering safepoint region: Cleanup
[2023-11-05T16:13:38.261+0000][2952.852s][info ][safepoint     ] Leaving safepoint region
[2023-11-05T16:13:38.261+0000][2952.853s][info ][safepoint     ] Total time for which application threads were stopped: 0.0017718 seconds, Stopping threads took: 0.0008337 seconds
[2023-11-05T16:13:39.262+0000][2953.854s][debug][safepoint     ] Safepoint synchronization initiated. (191 threads)
[2023-11-05T16:13:39.263+0000][2953.854s][info ][safepoint     ] Application time: 1.0007049 seconds
[2023-11-05T16:13:39.263+0000][2953.855s][info ][safepoint     ] Entering safepoint region: Cleanup
[2023-11-05T16:13:39.264+0000][2953.856s][info ][safepoint     ] Leaving safepoint region
[2023-11-05T16:13:39.264+0000][2953.856s][info ][safepoint     ] Total time for which application threads were stopped: 0.0011520 seconds, Stopping threads took: 0.0005225 seconds
[2023-11-05T16:13:40.265+0000][2954.857s][debug][safepoint     ] Safepoint synchronization initiated. (191 threads)
[2023-11-05T16:13:40.266+0000][2954.857s][info ][safepoint     ] Application time: 1.0008492 seconds
[2023-11-05T16:13:40.266+0000][2954.858s][info ][safepoint     ] Entering safepoint region: Cleanup
[2023-11-05T16:13:40.267+0000][2954.859s][info ][safepoint     ] Leaving safepoint region
[2023-11-05T16:13:40.267+0000][2954.859s][info ][safepoint     ] Total time for which application threads were stopped: 0.0011422 seconds, Stopping threads took: 0.0004965 seconds
[2023-11-05T16:13:41.268+0000][2955.860s][debug][safepoint     ] Safepoint synchronization initiated. (191 threads)
[2023-11-05T16:13:41.270+0000][2955.861s][info ][safepoint     ] Application time: 1.0016922 seconds
[2023-11-05T16:13:41.270+0000][2955.862s][info ][safepoint     ] Entering safepoint region: Cleanup
[2023-11-05T16:13:41.271+0000][2955.862s][info ][safepoint     ] Leaving safepoint region
[2023-11-05T16:13:41.271+0000][2955.863s][info ][safepoint     ] Total time for which application threads were stopped: 0.0012733 seconds, Stopping threads took: 0.0005043 seconds
[2023-11-05T16:13:42.272+0000][2956.864s][debug][safepoint     ] Safepoint synchronization initiated. (191 threads)
[2023-11-05T16:13:42.273+0000][2956.864s][info ][safepoint     ] Application time: 1.0009120 seconds
[2023-11-05T16:13:42.273+0000][2956.865s][info ][safepoint     ] Entering safepoint region: Cleanup
[2023-11-05T16:13:42.274+0000][2956.866s][info ][safepoint     ] Leaving safepoint region
[2023-11-05T16:13:42.275+0000][2956.866s][info ][safepoint     ] Total time for which application threads were stopped: 0.0013558 seconds, Stopping threads took: 0.0005772 seconds
[2023-11-05T16:13:43.275+0000][2957.867s][debug][safepoint     ] Safepoint synchronization initiated. (191 threads)
[2023-11-05T16:13:43.276+0000][2957.868s][info ][safepoint     ] Application time: 1.0009200 seconds
[2023-11-05T16:13:43.277+0000][2957.868s][info ][safepoint     ] Entering safepoint region: Cleanup
[2023-11-05T16:13:43.278+0000][2957.869s][info ][safepoint     ] Leaving safepoint region
[2023-11-05T16:13:43.278+0000][2957.870s][info ][safepoint     ] Total time for which application threads were stopped: 0.0013592 seconds, Stopping threads took: 0.0005236 seconds
[2023-11-05T16:13:44.279+0000][2958.870s][debug][safepoint     ] Safepoint synchronization initiated. (191 threads)
[2023-11-05T16:13:44.279+0000][2958.871s][info ][safepoint     ] Application time: 1.0005318 seconds
[2023-11-05T16:13:44.280+0000][2958.871s][info ][safepoint     ] Entering safepoint region: Cleanup
[2023-11-05T16:13:44.280+0000][2958.872s][info ][safepoint     ] Leaving safepoint region
[2023-11-05T16:13:44.280+0000][2958.872s][info ][safepoint     ] Total time for which application threads were stopped: 0.0008668 seconds, Stopping threads took: 0.0003821 seconds
[2023-11-05T16:13:45.281+0000][2959.872s][debug][safepoint     ] Safepoint synchronization initiated. (191 threads)
[2023-11-05T16:13:45.281+0000][2959.873s][info ][safepoint     ] Application time: 1.0006002 seconds
[2023-11-05T16:13:45.282+0000][2959.873s][info ][safepoint     ] Entering safepoint region: Cleanup
[2023-11-05T16:13:45.282+0000][2959.874s][info ][safepoint     ] Leaving safepoint region
[2023-11-05T16:13:45.283+0000][2959.874s][info ][safepoint     ] Total time for which application threads were stopped: 0.0010417 seconds, Stopping threads took: 0.0004495 seconds
[2023-11-05T16:13:46.283+0000][2960.875s][debug][safepoint     ] Safepoint synchronization initiated. (191 threads)
[2023-11-05T16:13:46.284+0000][2960.876s][info ][safepoint     ] Application time: 1.0006853 seconds
[2023-11-05T16:13:46.285+0000][2960.876s][info ][safepoint     ] Entering safepoint region: Cleanup
[2023-11-05T16:13:46.285+0000][2960.877s][info ][safepoint     ] Leaving safepoint region
[2023-11-05T16:13:46.286+0000][2960.877s][info ][safepoint     ] Total time for which application threads were stopped: 0.0012177 seconds, Stopping threads took: 0.0005141 seconds
[2023-11-05T16:13:47.287+0000][2961.878s][debug][safepoint     ] Safepoint synchronization initiated. (191 threads)
[2023-11-05T16:13:47.288+0000][2961.879s][info ][safepoint     ] Application time: 1.0016457 seconds
[2023-11-05T16:13:47.289+0000][2961.880s][info ][safepoint     ] Entering safepoint region: Cleanup
[2023-11-05T16:13:47.290+0000][2961.882s][info ][safepoint     ] Leaving safepoint region
[2023-11-05T16:13:47.291+0000][2961.883s][info ][safepoint     ] Total time for which application threads were stopped: 0.0022079 seconds, Stopping threads took: 0.0009853 seconds
[2023-11-05T16:13:48.292+0000][2962.884s][debug][safepoint     ] Safepoint synchronization initiated. (191 threads)
[2023-11-05T16:13:48.293+0000][2962.884s][info ][safepoint     ] Application time: 1.0008123 seconds
[2023-11-05T16:13:48.294+0000][2962.885s][debug][safepoint     ] Waiting for 1 thread(s) to block
[2023-11-05T16:13:48.294+0000][2962.886s][info ][safepoint     ] Entering safepoint region: Cleanup
[2023-11-05T16:13:48.295+0000][2962.886s][info ][safepoint     ] Leaving safepoint region
[2023-11-05T16:13:48.295+0000][2962.886s][info ][safepoint     ] Total time for which application threads were stopped: 0.0013004 seconds, Stopping threads took: 0.0008210 seconds
[2023-11-05T16:13:49.295+0000][2963.887s][debug][safepoint     ] Safepoint synchronization initiated. (191 threads)
[2023-11-05T16:13:49.296+0000][2963.887s][info ][safepoint     ] Application time: 1.0007108 seconds
[2023-11-05T16:13:49.296+0000][2963.888s][info ][safepoint     ] Entering safepoint region: Cleanup
[2023-11-05T16:13:49.297+0000][2963.888s][info ][safepoint     ] Leaving safepoint region
[2023-11-05T16:13:49.297+0000][2963.889s][info ][safepoint     ] Total time for which application threads were stopped: 0.0009459 seconds, Stopping threads took: 0.0004421 seconds
[2023-11-05T16:13:50.298+0000][2964.889s][debug][safepoint     ] Safepoint synchronization initiated. (191 threads)
[2023-11-05T16:13:50.298+0000][2964.890s][info ][safepoint     ] Application time: 1.0008070 seconds
[2023-11-05T16:13:50.299+0000][2964.890s][info ][safepoint     ] Entering safepoint region: Cleanup
[2023-11-05T16:13:50.300+0000][2964.891s][info ][safepoint     ] Leaving safepoint region
[2023-11-05T16:13:50.300+0000][2964.892s][info ][safepoint     ] Total time for which application threads were stopped: 0.0015949 seconds, Stopping threads took: 0.0004691 seconds
[2023-11-05T16:13:51.301+0000][2965.893s][debug][safepoint     ] Safepoint synchronization initiated. (191 threads)
[2023-11-05T16:13:51.302+0000][2965.894s][info ][safepoint     ] Application time: 1.0011201 seconds
[2023-11-05T16:13:51.303+0000][2965.894s][info ][safepoint     ] Entering safepoint region: Cleanup
[2023-11-05T16:13:51.303+0000][2965.895s][info ][safepoint     ] Leaving safepoint region
[2023-11-05T16:13:51.304+0000][2965.896s][info ][safepoint     ] Total time for which application threads were stopped: 0.0013787 seconds, Stopping threads took: 0.0006934 seconds
[2023-11-05T16:13:52.305+0000][2966.896s][debug][safepoint     ] Safepoint synchronization initiated. (191 threads)
[2023-11-05T16:13:52.306+0000][2966.897s][info ][safepoint     ] Application time: 1.0012610 seconds
[2023-11-05T16:13:52.307+0000][2966.898s][info ][safepoint     ] Entering safepoint region: Cleanup
[2023-11-05T16:13:52.308+0000][2966.899s][info ][safepoint     ] Leaving safepoint region
[2023-11-05T16:13:52.309+0000][2966.900s][info ][safepoint     ] Total time for which application threads were stopped: 0.0018676 seconds, Stopping threads took: 0.0007958 seconds
[2023-11-05T16:13:53.309+0000][2967.901s][debug][safepoint     ] Safepoint synchronization initiated. (191 threads)
[2023-11-05T16:13:53.310+0000][2967.902s][info ][safepoint     ] Application time: 1.0008395 seconds
[2023-11-05T16:13:53.311+0000][2967.902s][info ][safepoint     ] Entering safepoint region: Cleanup
[2023-11-05T16:13:53.311+0000][2967.903s][info ][safepoint     ] Leaving safepoint region
[2023-11-05T16:13:53.312+0000][2967.903s][info ][safepoint     ] Total time for which application threads were stopped: 0.0012611 seconds, Stopping threads took: 0.0005901 seconds
[2023-11-05T16:13:54.313+0000][2968.904s][debug][safepoint     ] Safepoint synchronization initiated. (191 threads)
[2023-11-05T16:13:54.313+0000][2968.905s][info ][safepoint     ] Application time: 1.0006303 seconds
[2023-11-05T16:13:54.314+0000][2968.905s][info ][safepoint     ] Entering safepoint region: Cleanup
[2023-11-05T16:13:54.314+0000][2968.905s][info ][safepoint     ] Leaving safepoint region
[2023-11-05T16:13:54.314+0000][2968.906s][info ][safepoint     ] Total time for which application threads were stopped: 0.0007828 seconds, Stopping threads took: 0.0003380 seconds
[2023-11-05T16:13:55.315+0000][2969.906s][debug][safepoint     ] Safepoint synchronization initiated. (191 threads)
[2023-11-05T16:13:55.315+0000][2969.907s][info ][safepoint     ] Application time: 1.0006815 seconds
[2023-11-05T16:13:55.316+0000][2969.907s][info ][safepoint     ] Entering safepoint region: Cleanup
[2023-11-05T16:13:55.317+0000][2969.908s][info ][safepoint     ] Leaving safepoint region
[2023-11-05T16:13:55.317+0000][2969.908s][info ][safepoint     ] Total time for which application threads were stopped: 0.0010974 seconds, Stopping threads took: 0.0004722 seconds
[2023-11-05T16:13:56.317+0000][2970.909s][debug][safepoint     ] Safepoint synchronization initiated. (191 threads)
[2023-11-05T16:13:56.318+0000][2970.909s][info ][safepoint     ] Application time: 1.0005067 seconds
[2023-11-05T16:13:56.318+0000][2970.910s][info ][safepoint     ] Entering safepoint region: Cleanup
[2023-11-05T16:13:56.319+0000][2970.910s][info ][safepoint     ] Leaving safepoint region
[2023-11-05T16:13:56.319+0000][2970.911s][info ][safepoint     ] Total time for which application threads were stopped: 0.0010657 seconds, Stopping threads took: 0.0004458 seconds
[2023-11-05T16:13:57.320+0000][2971.911s][debug][safepoint     ] Safepoint synchronization initiated. (191 threads)
[2023-11-05T16:13:57.320+0000][2971.912s][info ][safepoint     ] Application time: 1.0007887 seconds
[2023-11-05T16:13:57.321+0000][2971.912s][info ][safepoint     ] Entering safepoint region: Cleanup
[2023-11-05T16:13:57.322+0000][2971.913s][info ][safepoint     ] Leaving safepoint region
[2023-11-05T16:13:57.322+0000][2971.914s][info ][safepoint     ] Total time for which application threads were stopped: 0.0011867 seconds, Stopping threads took: 0.0005448 seconds
[2023-11-05T16:13:58.323+0000][2972.914s][debug][safepoint     ] Safepoint synchronization initiated. (191 threads)
[2023-11-05T16:13:58.324+0000][2972.915s][info ][safepoint     ] Application time: 1.0014192 seconds
[2023-11-05T16:13:58.325+0000][2972.916s][info ][safepoint     ] Entering safepoint region: Cleanup
[2023-11-05T16:13:58.325+0000][2972.917s][info ][safepoint     ] Leaving safepoint region
[2023-11-05T16:13:58.326+0000][2972.917s][info ][safepoint     ] Total time for which application threads were stopped: 0.0011817 seconds, Stopping threads took: 0.0005252 seconds
[2023-11-05T16:13:59.326+0000][2973.918s][debug][safepoint     ] Safepoint synchronization initiated. (191 threads)
[2023-11-05T16:13:59.327+0000][2973.918s][info ][safepoint     ] Application time: 1.0007620 seconds
[2023-11-05T16:13:59.327+0000][2973.919s][info ][safepoint     ] Entering safepoint region: Cleanup
[2023-11-05T16:13:59.328+0000][2973.919s][info ][safepoint     ] Leaving safepoint region
[2023-11-05T16:13:59.328+0000][2973.920s][info ][safepoint     ] Total time for which application threads were stopped: 0.0011170 seconds, Stopping threads took: 0.0004237 seconds
[2023-11-05T16:14:00.329+0000][2974.921s][debug][safepoint     ] Safepoint synchronization initiated. (191 threads)
[2023-11-05T16:14:00.330+0000][2974.922s][info ][safepoint     ] Application time: 1.0012591 seconds
[2023-11-05T16:14:00.331+0000][2974.922s][info ][safepoint     ] Entering safepoint region: Cleanup
[2023-11-05T16:14:00.332+0000][2974.924s][info ][safepoint     ] Leaving safepoint region
[2023-11-05T16:14:00.333+0000][2974.924s][info ][safepoint     ] Total time for which application threads were stopped: 0.0017669 seconds, Stopping threads took: 0.0007607 seconds
[2023-11-05T16:14:01.334+0000][2975.925s][debug][safepoint     ] Safepoint synchronization initiated. (191 threads)
[2023-11-05T16:14:01.334+0000][2975.926s][info ][safepoint     ] Application time: 1.0006233 seconds
[2023-11-05T16:14:01.334+0000][2975.926s][info ][safepoint     ] Entering safepoint region: Cleanup
[2023-11-05T16:14:01.335+0000][2975.926s][info ][safepoint     ] Leaving safepoint region
[2023-11-05T16:14:01.335+0000][2975.927s][info ][safepoint     ] Total time for which application threads were stopped: 0.0008885 seconds, Stopping threads took: 0.0003689 seconds
[2023-11-05T16:14:02.336+0000][2976.927s][debug][safepoint     ] Safepoint synchronization initiated. (191 threads)
[2023-11-05T16:14:02.337+0000][2976.928s][info ][safepoint     ] Application time: 1.0008931 seconds
[2023-11-05T16:14:02.337+0000][2976.929s][info ][safepoint     ] Entering safepoint region: Cleanup
[2023-11-05T16:14:02.338+0000][2976.929s][info ][safepoint     ] Leaving safepoint region
[2023-11-05T16:14:02.338+0000][2976.930s][info ][safepoint     ] Total time for which application threads were stopped: 0.0012189 seconds, Stopping threads took: 0.0005220 seconds
[2023-11-05T16:14:03.339+0000][2977.930s][debug][safepoint     ] Safepoint synchronization initiated. (191 threads)
[2023-11-05T16:14:03.340+0000][2977.931s][info ][safepoint     ] Application time: 1.0009609 seconds
[2023-11-05T16:14:03.340+0000][2977.932s][info ][safepoint     ] Entering safepoint region: Cleanup
[2023-11-05T16:14:03.341+0000][2977.932s][info ][safepoint     ] Leaving safepoint region
[2023-11-05T16:14:03.341+0000][2977.933s][info ][safepoint     ] Total time for which application threads were stopped: 0.0012180 seconds, Stopping threads took: 0.0005213 seconds
[2023-11-05T16:14:04.342+0000][2978.934s][debug][safepoint     ] Safepoint synchronization initiated. (191 threads)
[2023-11-05T16:14:04.343+0000][2978.935s][info ][safepoint     ] Application time: 1.0012219 seconds
[2023-11-05T16:14:04.344+0000][2978.935s][info ][safepoint     ] Entering safepoint region: Cleanup
[2023-11-05T16:14:04.345+0000][2978.936s][info ][safepoint     ] Leaving safepoint region
[2023-11-05T16:14:04.346+0000][2978.937s][info ][safepoint     ] Total time for which application threads were stopped: 0.0015790 seconds, Stopping threads took: 0.0008367 seconds
[2023-11-05T16:14:05.346+0000][2979.938s][debug][safepoint     ] Safepoint synchronization initiated. (191 threads)
[2023-11-05T16:14:05.347+0000][2979.938s][info ][safepoint     ] Application time: 1.0006259 seconds
[2023-11-05T16:14:05.347+0000][2979.939s][info ][safepoint     ] Entering safepoint region: Cleanup
[2023-11-05T16:14:05.348+0000][2979.939s][info ][safepoint     ] Leaving safepoint region
[2023-11-05T16:14:05.348+0000][2979.940s][info ][safepoint     ] Total time for which application threads were stopped: 0.0011001 seconds, Stopping threads took: 0.0004177 seconds
[2023-11-05T16:14:06.349+0000][2980.940s][debug][safepoint     ] Safepoint synchronization initiated. (191 threads)
[2023-11-05T16:14:06.349+0000][2980.941s][info ][safepoint     ] Application time: 1.0006134 seconds
[2023-11-05T16:14:06.350+0000][2980.941s][info ][safepoint     ] Entering safepoint region: Cleanup
[2023-11-05T16:14:06.350+0000][2980.942s][info ][safepoint     ] Leaving safepoint region
[2023-11-05T16:14:06.351+0000][2980.942s][info ][safepoint     ] Total time for which application threads were stopped: 0.0010785 seconds, Stopping threads took: 0.0004977 seconds
[2023-11-05T16:14:07.351+0000][2981.943s][debug][safepoint     ] Safepoint synchronization initiated. (191 threads)
[2023-11-05T16:14:07.352+0000][2981.943s][info ][safepoint     ] Application time: 1.0008358 seconds
[2023-11-05T16:14:07.353+0000][2981.944s][info ][safepoint     ] Entering safepoint region: Cleanup
[2023-11-05T16:14:07.353+0000][2981.945s][info ][safepoint     ] Leaving safepoint region
[2023-11-05T16:14:07.354+0000][2981.945s][info ][safepoint     ] Total time for which application threads were stopped: 0.0013494 seconds, Stopping threads took: 0.0005787 seconds
[2023-11-05T16:14:08.354+0000][2982.946s][debug][safepoint     ] Safepoint synchronization initiated. (191 threads)
[2023-11-05T16:14:08.355+0000][2982.947s][info ][safepoint     ] Application time: 1.0008024 seconds
[2023-11-05T16:14:08.356+0000][2982.947s][info ][safepoint     ] Entering safepoint region: Cleanup
[2023-11-05T16:14:08.356+0000][2982.948s][info ][safepoint     ] Leaving safepoint region
[2023-11-05T16:14:08.357+0000][2982.948s][info ][safepoint     ] Total time for which application threads were stopped: 0.0011924 seconds, Stopping threads took: 0.0004915 seconds
[2023-11-05T16:14:09.358+0000][2983.949s][debug][safepoint     ] Safepoint synchronization initiated. (191 threads)
[2023-11-05T16:14:09.358+0000][2983.950s][info ][safepoint     ] Application time: 1.0008232 seconds
[2023-11-05T16:14:09.359+0000][2983.950s][info ][safepoint     ] Entering safepoint region: Cleanup
[2023-11-05T16:14:09.360+0000][2983.951s][info ][safepoint     ] Leaving safepoint region
[2023-11-05T16:14:09.361+0000][2983.952s][info ][safepoint     ] Total time for which application threads were stopped: 0.0016959 seconds, Stopping threads took: 0.0005915 seconds
[2023-11-05T16:14:10.361+0000][2984.953s][debug][safepoint     ] Safepoint synchronization initiated. (191 threads)
[2023-11-05T16:14:10.368+0000][2984.960s][info ][safepoint     ] Application time: 1.0071838 seconds
[2023-11-05T16:14:10.369+0000][2984.960s][info ][safepoint     ] Entering safepoint region: Cleanup
[2023-11-05T16:14:10.369+0000][2984.961s][info ][safepoint     ] Leaving safepoint region
[2023-11-05T16:14:10.370+0000][2984.961s][info ][safepoint     ] Total time for which application threads were stopped: 0.0009538 seconds, Stopping threads took: 0.0004189 seconds
[2023-11-05T16:14:11.372+0000][2985.963s][debug][safepoint     ] Safepoint synchronization initiated. (191 threads)
[2023-11-05T16:14:11.372+0000][2985.964s][info ][safepoint     ] Application time: 1.0008691 seconds
[2023-11-05T16:14:11.373+0000][2985.964s][info ][safepoint     ] Entering safepoint region: Cleanup
[2023-11-05T16:14:11.374+0000][2985.965s][info ][safepoint     ] Leaving safepoint region
[2023-11-05T16:14:11.374+0000][2985.966s][info ][safepoint     ] Total time for which application threads were stopped: 0.0013262 seconds, Stopping threads took: 0.0005741 seconds
[2023-11-05T16:14:12.375+0000][2986.966s][debug][safepoint     ] Safepoint synchronization initiated. (191 threads)
[2023-11-05T16:14:12.375+0000][2986.967s][info ][safepoint     ] Application time: 1.0008497 seconds
[2023-11-05T16:14:12.376+0000][2986.968s][info ][safepoint     ] Entering safepoint region: Cleanup
[2023-11-05T16:14:12.377+0000][2986.969s][info ][safepoint     ] Leaving safepoint region
[2023-11-05T16:14:12.378+0000][2986.969s][info ][safepoint     ] Total time for which application threads were stopped: 0.0014865 seconds, Stopping threads took: 0.0005873 seconds
[2023-11-05T16:14:13.378+0000][2987.970s][debug][safepoint     ] Safepoint synchronization initiated. (191 threads)
[2023-11-05T16:14:13.379+0000][2987.971s][info ][safepoint     ] Application time: 1.0009919 seconds
[2023-11-05T16:14:13.380+0000][2987.971s][info ][safepoint     ] Entering safepoint region: Cleanup
[2023-11-05T16:14:13.381+0000][2987.972s][info ][safepoint     ] Leaving safepoint region
[2023-11-05T16:14:13.381+0000][2987.973s][info ][safepoint     ] Total time for which application threads were stopped: 0.0012264 seconds, Stopping threads took: 0.0005763 seconds
[2023-11-05T16:14:14.382+0000][2988.973s][debug][safepoint     ] Safepoint synchronization initiated. (191 threads)
[2023-11-05T16:14:14.382+0000][2988.974s][info ][safepoint     ] Application time: 1.0007501 seconds
[2023-11-05T16:14:14.383+0000][2988.974s][info ][safepoint     ] Entering safepoint region: Cleanup
[2023-11-05T16:14:14.383+0000][2988.975s][info ][safepoint     ] Leaving safepoint region
[2023-11-05T16:14:14.384+0000][2988.975s][info ][safepoint     ] Total time for which application threads were stopped: 0.0010934 seconds, Stopping threads took: 0.0004758 seconds
[2023-11-05T16:14:15.384+0000][2989.976s][debug][safepoint     ] Safepoint synchronization initiated. (191 threads)
[2023-11-05T16:14:15.385+0000][2989.977s][info ][safepoint     ] Application time: 1.0007702 seconds
[2023-11-05T16:14:15.385+0000][2989.977s][info ][safepoint     ] Entering safepoint region: Cleanup
[2023-11-05T16:14:15.386+0000][2989.978s][info ][safepoint     ] Leaving safepoint region
[2023-11-05T16:14:15.386+0000][2989.978s][info ][safepoint     ] Total time for which application threads were stopped: 0.0009750 seconds, Stopping threads took: 0.0004348 seconds
[2023-11-05T16:14:16.387+0000][2990.978s][debug][safepoint     ] Safepoint synchronization initiated. (191 threads)
[2023-11-05T16:14:16.387+0000][2990.979s][info ][safepoint     ] Application time: 1.0006647 seconds
[2023-11-05T16:14:16.388+0000][2990.979s][info ][safepoint     ] Entering safepoint region: Cleanup
[2023-11-05T16:14:16.389+0000][2990.980s][info ][safepoint     ] Leaving safepoint region
[2023-11-05T16:14:16.389+0000][2990.980s][info ][safepoint     ] Total time for which application threads were stopped: 0.0011200 seconds, Stopping threads took: 0.0004428 seconds
[2023-11-05T16:14:17.390+0000][2991.981s][debug][safepoint     ] Safepoint synchronization initiated. (191 threads)
[2023-11-05T16:14:17.391+0000][2991.982s][info ][safepoint     ] Application time: 1.0015533 seconds
[2023-11-05T16:14:17.392+0000][2991.983s][info ][safepoint     ] Entering safepoint region: Cleanup
[2023-11-05T16:14:17.393+0000][2991.984s][info ][safepoint     ] Leaving safepoint region
[2023-11-05T16:14:17.393+0000][2991.985s][info ][safepoint     ] Total time for which application threads were stopped: 0.0014067 seconds, Stopping threads took: 0.0006776 seconds
[2023-11-05T16:14:18.394+0000][2992.985s][debug][safepoint     ] Safepoint synchronization initiated. (191 threads)
[2023-11-05T16:14:18.394+0000][2992.986s][info ][safepoint     ] Application time: 1.0008230 seconds
[2023-11-05T16:14:18.395+0000][2992.987s][info ][safepoint     ] Entering safepoint region: Cleanup
[2023-11-05T16:14:18.396+0000][2992.987s][info ][safepoint     ] Leaving safepoint region
[2023-11-05T16:14:18.396+0000][2992.988s][info ][safepoint     ] Total time for which application threads were stopped: 0.0011150 seconds, Stopping threads took: 0.0004873 seconds
[2023-11-05T16:14:19.397+0000][2993.988s][debug][safepoint     ] Safepoint synchronization initiated. (191 threads)
[2023-11-05T16:14:19.397+0000][2993.989s][info ][safepoint     ] Application time: 1.0006973 seconds
[2023-11-05T16:14:19.398+0000][2993.989s][info ][safepoint     ] Entering safepoint region: Cleanup
[2023-11-05T16:14:19.399+0000][2993.990s][info ][safepoint     ] Leaving safepoint region
[2023-11-05T16:14:19.399+0000][2993.990s][info ][safepoint     ] Total time for which application threads were stopped: 0.0010705 seconds, Stopping threads took: 0.0004684 seconds
[2023-11-05T16:14:20.400+0000][2994.991s][debug][safepoint     ] Safepoint synchronization initiated. (191 threads)
[2023-11-05T16:14:20.402+0000][2994.993s][info ][safepoint     ] Application time: 1.0023322 seconds
[2023-11-05T16:14:20.403+0000][2994.994s][info ][safepoint     ] Entering safepoint region: Cleanup
[2023-11-05T16:14:20.404+0000][2994.995s][info ][safepoint     ] Leaving safepoint region
[2023-11-05T16:14:20.404+0000][2994.996s][info ][safepoint     ] Total time for which application threads were stopped: 0.0014647 seconds, Stopping threads took: 0.0007374 seconds
[2023-11-05T16:14:21.405+0000][2995.996s][debug][safepoint     ] Safepoint synchronization initiated. (191 threads)
[2023-11-05T16:14:21.406+0000][2995.997s][info ][safepoint     ] Application time: 1.0010731 seconds
[2023-11-05T16:14:21.406+0000][2995.998s][info ][safepoint     ] Entering safepoint region: Cleanup
[2023-11-05T16:14:21.407+0000][2995.999s][info ][safepoint     ] Leaving safepoint region
[2023-11-05T16:14:21.408+0000][2995.999s][info ][safepoint     ] Total time for which application threads were stopped: 0.0011841 seconds, Stopping threads took: 0.0005746 seconds
[2023-11-05T16:14:22.408+0000][2997.000s][debug][safepoint     ] Safepoint synchronization initiated. (191 threads)
[2023-11-05T16:14:22.409+0000][2997.000s][info ][safepoint     ] Application time: 1.0009250 seconds
[2023-11-05T16:14:22.410+0000][2997.001s][info ][safepoint     ] Entering safepoint region: Cleanup
[2023-11-05T16:14:22.410+0000][2997.002s][info ][safepoint     ] Leaving safepoint region
[2023-11-05T16:14:22.411+0000][2997.002s][info ][safepoint     ] Total time for which application threads were stopped: 0.0011208 seconds, Stopping threads took: 0.0004525 seconds
[2023-11-05T16:14:23.411+0000][2998.003s][debug][safepoint     ] Safepoint synchronization initiated. (191 threads)
[2023-11-05T16:14:23.412+0000][2998.004s][info ][safepoint     ] Application time: 1.0008370 seconds
[2023-11-05T16:14:23.413+0000][2998.004s][info ][safepoint     ] Entering safepoint region: Cleanup
[2023-11-05T16:14:23.413+0000][2998.005s][info ][safepoint     ] Leaving safepoint region
[2023-11-05T16:14:23.415+0000][2998.007s][info ][safepoint     ] Total time for which application threads were stopped: 0.0026838 seconds, Stopping threads took: 0.0004625 seconds
[2023-11-05T16:14:24.417+0000][2999.008s][debug][safepoint     ] Safepoint synchronization initiated. (191 threads)
[2023-11-05T16:14:24.417+0000][2999.009s][info ][safepoint     ] Application time: 1.0006730 seconds
[2023-11-05T16:14:24.418+0000][2999.009s][info ][safepoint     ] Entering safepoint region: Cleanup
[2023-11-05T16:14:24.418+0000][2999.010s][info ][safepoint     ] Leaving safepoint region
[2023-11-05T16:14:24.419+0000][2999.010s][info ][safepoint     ] Total time for which application threads were stopped: 0.0010718 seconds, Stopping threads took: 0.0004427 seconds
[2023-11-05T16:14:25.419+0000][3000.011s][debug][safepoint     ] Safepoint synchronization initiated. (191 threads)
[2023-11-05T16:14:25.420+0000][3000.011s][info ][safepoint     ] Application time: 1.0007471 seconds
[2023-11-05T16:14:25.420+0000][3000.012s][info ][safepoint     ] Entering safepoint region: Cleanup
[2023-11-05T16:14:25.421+0000][3000.013s][info ][safepoint     ] Leaving safepoint region
[2023-11-05T16:14:25.422+0000][3000.013s][info ][safepoint     ] Total time for which application threads were stopped: 0.0014428 seconds, Stopping threads took: 0.0006364 seconds
[2023-11-05T16:14:26.423+0000][3001.014s][debug][safepoint     ] Safepoint synchronization initiated. (191 threads)
[2023-11-05T16:14:26.423+0000][3001.015s][info ][safepoint     ] Application time: 1.0008294 seconds
[2023-11-05T16:14:26.424+0000][3001.015s][info ][safepoint     ] Entering safepoint region: Cleanup
[2023-11-05T16:14:26.424+0000][3001.016s][info ][safepoint     ] Leaving safepoint region
[2023-11-05T16:14:26.425+0000][3001.016s][info ][safepoint     ] Total time for which application threads were stopped: 0.0012210 seconds, Stopping threads took: 0.0005186 seconds
[2023-11-05T16:14:27.425+0000][3002.017s][debug][safepoint     ] Safepoint synchronization initiated. (191 threads)
[2023-11-05T16:14:27.426+0000][3002.018s][info ][safepoint     ] Application time: 1.0009489 seconds
[2023-11-05T16:14:27.427+0000][3002.018s][info ][safepoint     ] Entering safepoint region: Cleanup
[2023-11-05T16:14:27.428+0000][3002.019s][info ][safepoint     ] Leaving safepoint region
[2023-11-05T16:14:27.428+0000][3002.020s][info ][safepoint     ] Total time for which application threads were stopped: 0.0016647 seconds, Stopping threads took: 0.0005400 seconds
[2023-11-05T16:14:28.430+0000][3003.021s][debug][safepoint     ] Safepoint synchronization initiated. (191 threads)
[2023-11-05T16:14:28.431+0000][3003.022s][info ][safepoint     ] Application time: 1.0015066 seconds
[2023-11-05T16:14:28.431+0000][3003.023s][info ][safepoint     ] Entering safepoint region: Cleanup
[2023-11-05T16:14:28.432+0000][3003.023s][info ][safepoint     ] Leaving safepoint region
[2023-11-05T16:14:28.432+0000][3003.024s][info ][safepoint     ] Total time for which application threads were stopped: 0.0011455 seconds, Stopping threads took: 0.0005074 seconds
[2023-11-05T16:14:29.433+0000][3004.024s][debug][safepoint     ] Safepoint synchronization initiated. (191 threads)
[2023-11-05T16:14:29.434+0000][3004.025s][info ][safepoint     ] Application time: 1.0008402 seconds
[2023-11-05T16:14:29.434+0000][3004.026s][info ][safepoint     ] Entering safepoint region: Cleanup
[2023-11-05T16:14:29.435+0000][3004.026s][info ][safepoint     ] Leaving safepoint region
[2023-11-05T16:14:29.435+0000][3004.027s][info ][safepoint     ] Total time for which application threads were stopped: 0.0011248 seconds, Stopping threads took: 0.0004692 seconds
[2023-11-05T16:14:30.436+0000][3005.027s][debug][safepoint     ] Safepoint synchronization initiated. (191 threads)
[2023-11-05T16:14:30.436+0000][3005.028s][info ][safepoint     ] Application time: 1.0008643 seconds
[2023-11-05T16:14:30.437+0000][3005.028s][info ][safepoint     ] Entering safepoint region: Cleanup
[2023-11-05T16:14:30.438+0000][3005.029s][info ][safepoint     ] Leaving safepoint region
[2023-11-05T16:14:30.438+0000][3005.030s][info ][safepoint     ] Total time for which application threads were stopped: 0.0013084 seconds, Stopping threads took: 0.0006105 seconds
[2023-11-05T16:14:31.439+0000][3006.030s][debug][safepoint     ] Safepoint synchronization initiated. (191 threads)
[2023-11-05T16:14:31.440+0000][3006.031s][info ][safepoint     ] Application time: 1.0011479 seconds
[2023-11-05T16:14:31.440+0000][3006.032s][info ][safepoint     ] Entering safepoint region: Cleanup
[2023-11-05T16:14:31.441+0000][3006.033s][info ][safepoint     ] Leaving safepoint region
[2023-11-05T16:14:31.442+0000][3006.033s][info ][safepoint     ] Total time for which application threads were stopped: 0.0014509 seconds, Stopping threads took: 0.0006244 seconds
[2023-11-05T16:14:32.443+0000][3007.034s][debug][safepoint     ] Safepoint synchronization initiated. (191 threads)
[2023-11-05T16:14:32.443+0000][3007.035s][info ][safepoint     ] Application time: 1.0008980 seconds
[2023-11-05T16:14:32.444+0000][3007.036s][info ][safepoint     ] Entering safepoint region: Cleanup
[2023-11-05T16:14:32.445+0000][3007.036s][info ][safepoint     ] Leaving safepoint region
[2023-11-05T16:14:32.445+0000][3007.037s][info ][safepoint     ] Total time for which application threads were stopped: 0.0012275 seconds, Stopping threads took: 0.0005570 seconds
[2023-11-05T16:14:33.446+0000][3008.038s][debug][safepoint     ] Safepoint synchronization initiated. (191 threads)
[2023-11-05T16:14:33.447+0000][3008.039s][info ][safepoint     ] Application time: 1.0011235 seconds
[2023-11-05T16:14:33.448+0000][3008.039s][info ][safepoint     ] Entering safepoint region: Cleanup
[2023-11-05T16:14:33.448+0000][3008.040s][info ][safepoint     ] Leaving safepoint region
[2023-11-05T16:14:33.449+0000][3008.040s][info ][safepoint     ] Total time for which application threads were stopped: 0.0012461 seconds, Stopping threads took: 0.0005340 seconds
[2023-11-05T16:14:34.450+0000][3009.041s][debug][safepoint     ] Safepoint synchronization initiated. (191 threads)
[2023-11-05T16:14:34.450+0000][3009.042s][info ][safepoint     ] Application time: 1.0008870 seconds
[2023-11-05T16:14:34.451+0000][3009.042s][info ][safepoint     ] Entering safepoint region: Cleanup
[2023-11-05T16:14:34.452+0000][3009.043s][info ][safepoint     ] Leaving safepoint region
[2023-11-05T16:14:34.452+0000][3009.044s][info ][safepoint     ] Total time for which application threads were stopped: 0.0013449 seconds, Stopping threads took: 0.0005711 seconds
[2023-11-05T16:14:35.453+0000][3010.044s][debug][safepoint     ] Safepoint synchronization initiated. (191 threads)
[2023-11-05T16:14:35.454+0000][3010.045s][info ][safepoint     ] Application time: 1.0010640 seconds
[2023-11-05T16:14:35.455+0000][3010.046s][info ][safepoint     ] Entering safepoint region: Cleanup
[2023-11-05T16:14:35.455+0000][3010.047s][info ][safepoint     ] Leaving safepoint region
[2023-11-05T16:14:35.456+0000][3010.047s][info ][safepoint     ] Total time for which application threads were stopped: 0.0014598 seconds, Stopping threads took: 0.0006230 seconds
[2023-11-05T16:14:36.457+0000][3011.048s][debug][safepoint     ] Safepoint synchronization initiated. (191 threads)
[2023-11-05T16:14:36.457+0000][3011.049s][info ][safepoint     ] Application time: 1.0008694 seconds
[2023-11-05T16:14:36.458+0000][3011.049s][info ][safepoint     ] Entering safepoint region: Cleanup
[2023-11-05T16:14:36.458+0000][3011.050s][info ][safepoint     ] Leaving safepoint region
[2023-11-05T16:14:36.459+0000][3011.050s][info ][safepoint     ] Total time for which application threads were stopped: 0.0011625 seconds, Stopping threads took: 0.0004961 seconds
[2023-11-05T16:14:37.460+0000][3012.051s][debug][safepoint     ] Safepoint synchronization initiated. (191 threads)
[2023-11-05T16:14:37.460+0000][3012.052s][info ][safepoint     ] Application time: 1.0010407 seconds
[2023-11-05T16:14:37.461+0000][3012.053s][info ][safepoint     ] Entering safepoint region: Cleanup
[2023-11-05T16:14:37.462+0000][3012.053s][info ][safepoint     ] Leaving safepoint region
[2023-11-05T16:14:37.462+0000][3012.054s][info ][safepoint     ] Total time for which application threads were stopped: 0.0012992 seconds, Stopping threads took: 0.0005964 seconds
[2023-11-05T16:14:38.463+0000][3013.055s][debug][safepoint     ] Safepoint synchronization initiated. (191 threads)
[2023-11-05T16:14:38.466+0000][3013.058s][info ][safepoint     ] Application time: 1.0034193 seconds
[2023-11-05T16:14:38.467+0000][3013.058s][info ][safepoint     ] Entering safepoint region: Cleanup
[2023-11-05T16:14:38.468+0000][3013.059s][info ][safepoint     ] Leaving safepoint region
[2023-11-05T16:14:38.468+0000][3013.059s][info ][safepoint     ] Total time for which application threads were stopped: 0.0011314 seconds, Stopping threads took: 0.0004764 seconds
[2023-11-05T16:14:39.469+0000][3014.060s][debug][safepoint     ] Safepoint synchronization initiated. (191 threads)
[2023-11-05T16:14:39.469+0000][3014.061s][info ][safepoint     ] Application time: 1.0008997 seconds
[2023-11-05T16:14:39.470+0000][3014.061s][info ][safepoint     ] Entering safepoint region: Cleanup
[2023-11-05T16:14:39.471+0000][3014.062s][info ][safepoint     ] Leaving safepoint region
[2023-11-05T16:14:39.471+0000][3014.063s][info ][safepoint     ] Total time for which application threads were stopped: 0.0012470 seconds, Stopping threads took: 0.0005876 seconds
[2023-11-05T16:14:40.472+0000][3015.063s][debug][safepoint     ] Safepoint synchronization initiated. (191 threads)
[2023-11-05T16:14:40.473+0000][3015.065s][info ][safepoint     ] Application time: 1.0017637 seconds
[2023-11-05T16:14:40.474+0000][3015.066s][info ][safepoint     ] Entering safepoint region: Cleanup
[2023-11-05T16:14:40.476+0000][3015.067s][info ][safepoint     ] Leaving safepoint region
[2023-11-05T16:14:40.477+0000][3015.068s][info ][safepoint     ] Total time for which application threads were stopped: 0.0023823 seconds, Stopping threads took: 0.0010847 seconds
[2023-11-05T16:14:41.477+0000][3016.069s][debug][safepoint     ] Safepoint synchronization initiated. (191 threads)
[2023-11-05T16:14:41.479+0000][3016.070s][info ][safepoint     ] Application time: 1.0015078 seconds
[2023-11-05T16:14:41.479+0000][3016.071s][info ][safepoint     ] Entering safepoint region: Cleanup
[2023-11-05T16:14:41.480+0000][3016.071s][info ][safepoint     ] Leaving safepoint region
[2023-11-05T16:14:41.481+0000][3016.072s][info ][safepoint     ] Total time for which application threads were stopped: 0.0013732 seconds, Stopping threads took: 0.0005372 seconds
[2023-11-05T16:14:42.481+0000][3017.073s][debug][safepoint     ] Safepoint synchronization initiated. (191 threads)
[2023-11-05T16:14:42.482+0000][3017.074s][info ][safepoint     ] Application time: 1.0009282 seconds
[2023-11-05T16:14:42.483+0000][3017.074s][info ][safepoint     ] Entering safepoint region: Cleanup
[2023-11-05T16:14:42.483+0000][3017.075s][info ][safepoint     ] Leaving safepoint region
[2023-11-05T16:14:42.484+0000][3017.075s][info ][safepoint     ] Total time for which application threads were stopped: 0.0012214 seconds, Stopping threads took: 0.0005206 seconds
[2023-11-05T16:14:43.485+0000][3018.076s][debug][safepoint     ] Safepoint synchronization initiated. (191 threads)
[2023-11-05T16:14:43.485+0000][3018.077s][info ][safepoint     ] Application time: 1.0008217 seconds
[2023-11-05T16:14:43.486+0000][3018.077s][info ][safepoint     ] Entering safepoint region: Cleanup
[2023-11-05T16:14:43.487+0000][3018.078s][info ][safepoint     ] Leaving safepoint region
[2023-11-05T16:14:43.487+0000][3018.079s][info ][safepoint     ] Total time for which application threads were stopped: 0.0013912 seconds, Stopping threads took: 0.0005263 seconds
[2023-11-05T16:14:44.488+0000][3019.079s][debug][safepoint     ] Safepoint synchronization initiated. (191 threads)
[2023-11-05T16:14:44.489+0000][3019.081s][info ][safepoint     ] Application time: 1.0015856 seconds
[2023-11-05T16:14:44.490+0000][3019.082s][info ][safepoint     ] Entering safepoint region: Cleanup
[2023-11-05T16:14:44.492+0000][3019.083s][info ][safepoint     ] Leaving safepoint region
[2023-11-05T16:14:44.493+0000][3019.084s][info ][safepoint     ] Total time for which application threads were stopped: 0.0025481 seconds, Stopping threads took: 0.0011513 seconds
[2023-11-05T16:14:45.494+0000][3020.085s][debug][safepoint     ] Safepoint synchronization initiated. (191 threads)
[2023-11-05T16:14:45.495+0000][3020.086s][info ][safepoint     ] Application time: 1.0012726 seconds
[2023-11-05T16:14:45.496+0000][3020.087s][info ][safepoint     ] Entering safepoint region: Cleanup
[2023-11-05T16:14:45.497+0000][3020.089s][info ][safepoint     ] Leaving safepoint region
[2023-11-05T16:14:45.499+0000][3020.090s][info ][safepoint     ] Total time for which application threads were stopped: 0.0026161 seconds, Stopping threads took: 0.0011566 seconds
[2023-11-05T16:14:46.500+0000][3021.091s][debug][safepoint     ] Safepoint synchronization initiated. (191 threads)
[2023-11-05T16:14:46.500+0000][3021.092s][info ][safepoint     ] Application time: 1.0008151 seconds
[2023-11-05T16:14:46.501+0000][3021.092s][info ][safepoint     ] Entering safepoint region: Cleanup
[2023-11-05T16:14:46.502+0000][3021.093s][info ][safepoint     ] Leaving safepoint region
[2023-11-05T16:14:46.502+0000][3021.094s][info ][safepoint     ] Total time for which application threads were stopped: 0.0014511 seconds, Stopping threads took: 0.0007019 seconds
[2023-11-05T16:14:47.503+0000][3022.094s][debug][safepoint     ] Safepoint synchronization initiated. (191 threads)
[2023-11-05T16:14:47.503+0000][3022.095s][info ][safepoint     ] Application time: 1.0006208 seconds
[2023-11-05T16:14:47.504+0000][3022.095s][info ][safepoint     ] Entering safepoint region: Cleanup
[2023-11-05T16:14:47.504+0000][3022.096s][info ][safepoint     ] Leaving safepoint region
[2023-11-05T16:14:47.505+0000][3022.096s][info ][safepoint     ] Total time for which application threads were stopped: 0.0009924 seconds, Stopping threads took: 0.0003847 seconds
[2023-11-05T16:14:48.505+0000][3023.097s][debug][safepoint     ] Safepoint synchronization initiated. (191 threads)
[2023-11-05T16:14:48.506+0000][3023.098s][info ][safepoint     ] Application time: 1.0010905 seconds
[2023-11-05T16:14:48.507+0000][3023.098s][info ][safepoint     ] Entering safepoint region: Cleanup
[2023-11-05T16:14:48.508+0000][3023.100s][info ][safepoint     ] Leaving safepoint region
[2023-11-05T16:14:48.509+0000][3023.100s][info ][safepoint     ] Total time for which application threads were stopped: 0.0017804 seconds, Stopping threads took: 0.0006804 seconds
[2023-11-05T16:14:49.510+0000][3024.101s][debug][safepoint     ] Safepoint synchronization initiated. (191 threads)
[2023-11-05T16:14:49.511+0000][3024.103s][info ][safepoint     ] Application time: 1.0019640 seconds
[2023-11-05T16:14:49.512+0000][3024.104s][info ][safepoint     ] Entering safepoint region: Cleanup
[2023-11-05T16:14:49.513+0000][3024.104s][info ][safepoint     ] Leaving safepoint region
[2023-11-05T16:14:49.513+0000][3024.105s][info ][safepoint     ] Total time for which application threads were stopped: 0.0014573 seconds, Stopping threads took: 0.0004923 seconds
[2023-11-05T16:14:50.514+0000][3025.106s][debug][safepoint     ] Safepoint synchronization initiated. (191 threads)
[2023-11-05T16:14:50.516+0000][3025.107s][info ][safepoint     ] Application time: 1.0015634 seconds
[2023-11-05T16:14:50.517+0000][3025.108s][info ][safepoint     ] Entering safepoint region: Cleanup
[2023-11-05T16:14:50.518+0000][3025.110s][info ][safepoint     ] Leaving safepoint region
[2023-11-05T16:14:50.519+0000][3025.111s][info ][safepoint     ] Total time for which application threads were stopped: 0.0027201 seconds, Stopping threads took: 0.0012463 seconds
[2023-11-05T16:14:51.521+0000][3026.112s][debug][safepoint     ] Safepoint synchronization initiated. (191 threads)
[2023-11-05T16:14:51.522+0000][3026.113s][info ][safepoint     ] Application time: 1.0017223 seconds
[2023-11-05T16:14:51.523+0000][3026.115s][info ][safepoint     ] Entering safepoint region: Cleanup
[2023-11-05T16:14:51.524+0000][3026.116s][info ][safepoint     ] Leaving safepoint region
[2023-11-05T16:14:51.525+0000][3026.117s][info ][safepoint     ] Total time for which application threads were stopped: 0.0021932 seconds, Stopping threads took: 0.0010649 seconds
[2023-11-05T16:14:52.526+0000][3027.118s][debug][safepoint     ] Safepoint synchronization initiated. (191 threads)
[2023-11-05T16:14:52.527+0000][3027.119s][info ][safepoint     ] Application time: 1.0017072 seconds
[2023-11-05T16:14:52.529+0000][3027.120s][info ][safepoint     ] Entering safepoint region: Cleanup
[2023-11-05T16:14:52.530+0000][3027.121s][info ][safepoint     ] Leaving safepoint region
[2023-11-05T16:14:52.531+0000][3027.122s][info ][safepoint     ] Total time for which application threads were stopped: 0.0023268 seconds, Stopping threads took: 0.0010864 seconds
[2023-11-05T16:14:53.532+0000][3028.124s][debug][safepoint     ] Safepoint synchronization initiated. (191 threads)
[2023-11-05T16:14:53.533+0000][3028.125s][info ][safepoint     ] Application time: 1.0017042 seconds
[2023-11-05T16:14:53.534+0000][3028.126s][info ][safepoint     ] Entering safepoint region: Cleanup
[2023-11-05T16:14:53.535+0000][3028.127s][info ][safepoint     ] Leaving safepoint region
[2023-11-05T16:14:53.536+0000][3028.128s][info ][safepoint     ] Total time for which application threads were stopped: 0.0020466 seconds, Stopping threads took: 0.0008388 seconds
[2023-11-05T16:14:54.537+0000][3029.129s][debug][safepoint     ] Safepoint synchronization initiated. (191 threads)
[2023-11-05T16:14:54.539+0000][3029.130s][info ][safepoint     ] Application time: 1.0018539 seconds
[2023-11-05T16:14:54.540+0000][3029.131s][info ][safepoint     ] Entering safepoint region: Cleanup
[2023-11-05T16:14:54.541+0000][3029.132s][info ][safepoint     ] Leaving safepoint region
[2023-11-05T16:14:54.542+0000][3029.133s][info ][safepoint     ] Total time for which application threads were stopped: 0.0019224 seconds, Stopping threads took: 0.0007658 seconds
[2023-11-05T16:14:55.543+0000][3030.134s][debug][safepoint     ] Safepoint synchronization initiated. (191 threads)
[2023-11-05T16:14:55.544+0000][3030.136s][info ][safepoint     ] Application time: 1.0017502 seconds
[2023-11-05T16:14:55.545+0000][3030.137s][info ][safepoint     ] Entering safepoint region: Cleanup
[2023-11-05T16:14:55.547+0000][3030.138s][info ][safepoint     ] Leaving safepoint region
[2023-11-05T16:14:55.548+0000][3030.139s][info ][safepoint     ] Total time for which application threads were stopped: 0.0024625 seconds, Stopping threads took: 0.0011279 seconds
[2023-11-05T16:14:56.549+0000][3031.140s][debug][safepoint     ] Safepoint synchronization initiated. (191 threads)
[2023-11-05T16:14:56.549+0000][3031.141s][info ][safepoint     ] Application time: 1.0005031 seconds
[2023-11-05T16:14:56.550+0000][3031.141s][info ][safepoint     ] Entering safepoint region: Cleanup
[2023-11-05T16:14:56.550+0000][3031.142s][info ][safepoint     ] Leaving safepoint region
[2023-11-05T16:14:56.551+0000][3031.142s][info ][safepoint     ] Total time for which application threads were stopped: 0.0009992 seconds, Stopping threads took: 0.0004087 seconds
[2023-11-05T16:14:57.551+0000][3032.143s][debug][safepoint     ] Safepoint synchronization initiated. (191 threads)
[2023-11-05T16:14:57.552+0000][3032.144s][info ][safepoint     ] Application time: 1.0012351 seconds
[2023-11-05T16:14:57.553+0000][3032.144s][info ][safepoint     ] Entering safepoint region: Cleanup
[2023-11-05T16:14:57.554+0000][3032.145s][info ][safepoint     ] Leaving safepoint region
[2023-11-05T16:14:57.555+0000][3032.146s][info ][safepoint     ] Total time for which application threads were stopped: 0.0017417 seconds, Stopping threads took: 0.0008471 seconds
[2023-11-05T16:14:58.555+0000][3033.147s][debug][safepoint     ] Safepoint synchronization initiated. (191 threads)
[2023-11-05T16:14:58.556+0000][3033.148s][info ][safepoint     ] Application time: 1.0008250 seconds
[2023-11-05T16:14:58.557+0000][3033.148s][info ][safepoint     ] Entering safepoint region: Cleanup
[2023-11-05T16:14:58.557+0000][3033.149s][info ][safepoint     ] Leaving safepoint region
[2023-11-05T16:14:58.558+0000][3033.149s][info ][safepoint     ] Total time for which application threads were stopped: 0.0011728 seconds, Stopping threads took: 0.0005006 seconds
[2023-11-05T16:14:59.559+0000][3034.150s][debug][safepoint     ] Safepoint synchronization initiated. (191 threads)
[2023-11-05T16:14:59.560+0000][3034.151s][info ][safepoint     ] Application time: 1.0015838 seconds
[2023-11-05T16:14:59.561+0000][3034.152s][info ][safepoint     ] Entering safepoint region: Cleanup
[2023-11-05T16:14:59.562+0000][3034.154s][info ][safepoint     ] Leaving safepoint region
[2023-11-05T16:14:59.563+0000][3034.155s][info ][safepoint     ] Total time for which application threads were stopped: 0.0025773 seconds, Stopping threads took: 0.0010980 seconds
[2023-11-05T16:15:00.565+0000][3035.156s][debug][safepoint     ] Safepoint synchronization initiated. (191 threads)
[2023-11-05T16:15:00.565+0000][3035.157s][info ][safepoint     ] Application time: 1.0010609 seconds
[2023-11-05T16:15:00.566+0000][3035.158s][info ][safepoint     ] Entering safepoint region: Cleanup
[2023-11-05T16:15:00.567+0000][3035.158s][info ][safepoint     ] Leaving safepoint region
[2023-11-05T16:15:00.567+0000][3035.159s][info ][safepoint     ] Total time for which application threads were stopped: 0.0013622 seconds, Stopping threads took: 0.0005740 seconds
[2023-11-05T16:15:01.568+0000][3036.160s][debug][safepoint     ] Safepoint synchronization initiated. (191 threads)
[2023-11-05T16:15:01.569+0000][3036.161s][info ][safepoint     ] Application time: 1.0015223 seconds
[2023-11-05T16:15:01.571+0000][3036.162s][info ][safepoint     ] Entering safepoint region: Cleanup
[2023-11-05T16:15:01.572+0000][3036.164s][info ][safepoint     ] Leaving safepoint region
[2023-11-05T16:15:01.573+0000][3036.165s][info ][safepoint     ] Total time for which application threads were stopped: 0.0026236 seconds, Stopping threads took: 0.0011066 seconds
[2023-11-05T16:15:02.574+0000][3037.166s][debug][safepoint     ] Safepoint synchronization initiated. (191 threads)
[2023-11-05T16:15:02.576+0000][3037.167s][info ][safepoint     ] Application time: 1.0016427 seconds
[2023-11-05T16:15:02.576+0000][3037.168s][info ][safepoint     ] Entering safepoint region: Cleanup
[2023-11-05T16:15:02.577+0000][3037.169s][info ][safepoint     ] Leaving safepoint region
[2023-11-05T16:15:02.578+0000][3037.169s][info ][safepoint     ] Total time for which application threads were stopped: 0.0014190 seconds, Stopping threads took: 0.0004773 seconds
[2023-11-05T16:15:03.578+0000][3038.169s][debug][safepoint     ] Safepoint synchronization initiated. (191 threads)
[2023-11-05T16:15:03.579+0000][3038.170s][info ][safepoint     ] Application time: 1.0007313 seconds
[2023-11-05T16:15:03.580+0000][3038.172s][info ][safepoint     ] Entering safepoint region: Cleanup
[2023-11-05T16:15:03.581+0000][3038.172s][info ][safepoint     ] Leaving safepoint region
[2023-11-05T16:15:03.581+0000][3038.173s][info ][safepoint     ] Total time for which application threads were stopped: 0.0015931 seconds, Stopping threads took: 0.0010214 seconds
[2023-11-05T16:15:04.582+0000][3039.174s][debug][safepoint     ] Safepoint synchronization initiated. (191 threads)
[2023-11-05T16:15:04.583+0000][3039.174s][info ][safepoint     ] Application time: 1.0010492 seconds
[2023-11-05T16:15:04.584+0000][3039.175s][info ][safepoint     ] Entering safepoint region: Cleanup
[2023-11-05T16:15:04.584+0000][3039.176s][info ][safepoint     ] Leaving safepoint region
[2023-11-05T16:15:04.585+0000][3039.176s][info ][safepoint     ] Total time for which application threads were stopped: 0.0014484 seconds, Stopping threads took: 0.0004579 seconds
[2023-11-05T16:15:05.586+0000][3040.177s][debug][safepoint     ] Safepoint synchronization initiated. (191 threads)
[2023-11-05T16:15:05.587+0000][3040.179s][info ][safepoint     ] Application time: 1.0015218 seconds
[2023-11-05T16:15:05.588+0000][3040.180s][info ][safepoint     ] Entering safepoint region: Cleanup
[2023-11-05T16:15:05.589+0000][3040.181s][info ][safepoint     ] Leaving safepoint region
[2023-11-05T16:15:05.590+0000][3040.182s][info ][safepoint     ] Total time for which application threads were stopped: 0.0022164 seconds, Stopping threads took: 0.0009460 seconds
[2023-11-05T16:15:06.591+0000][3041.183s][debug][safepoint     ] Safepoint synchronization initiated. (191 threads)
[2023-11-05T16:15:06.593+0000][3041.184s][info ][safepoint     ] Application time: 1.0017354 seconds
[2023-11-05T16:15:06.594+0000][3041.185s][info ][safepoint     ] Entering safepoint region: Cleanup
[2023-11-05T16:15:06.595+0000][3041.187s][info ][safepoint     ] Leaving safepoint region
[2023-11-05T16:15:06.596+0000][3041.188s][info ][safepoint     ] Total time for which application threads were stopped: 0.0023185 seconds, Stopping threads took: 0.0010092 seconds
[2023-11-05T16:15:07.597+0000][3042.189s][debug][safepoint     ] Safepoint synchronization initiated. (191 threads)
[2023-11-05T16:15:07.598+0000][3042.189s][info ][safepoint     ] Application time: 1.0007592 seconds
[2023-11-05T16:15:07.598+0000][3042.190s][info ][safepoint     ] Entering safepoint region: Cleanup
[2023-11-05T16:15:07.599+0000][3042.191s][info ][safepoint     ] Leaving safepoint region
[2023-11-05T16:15:07.599+0000][3042.191s][info ][safepoint     ] Total time for which application threads were stopped: 0.0012217 seconds, Stopping threads took: 0.0006761 seconds
[2023-11-05T16:15:08.600+0000][3043.192s][debug][safepoint     ] Safepoint synchronization initiated. (191 threads)
[2023-11-05T16:15:08.601+0000][3043.193s][info ][safepoint     ] Application time: 1.0014764 seconds
[2023-11-05T16:15:08.602+0000][3043.194s][info ][safepoint     ] Entering safepoint region: Cleanup
[2023-11-05T16:15:08.604+0000][3043.195s][info ][safepoint     ] Leaving safepoint region
[2023-11-05T16:15:08.605+0000][3043.196s][info ][safepoint     ] Total time for which application threads were stopped: 0.0026669 seconds, Stopping threads took: 0.0012100 seconds
[2023-11-05T16:15:09.606+0000][3044.197s][debug][safepoint     ] Safepoint synchronization initiated. (191 threads)
[2023-11-05T16:15:09.607+0000][3044.198s][info ][safepoint     ] Application time: 1.0009426 seconds
[2023-11-05T16:15:09.607+0000][3044.199s][info ][safepoint     ] Entering safepoint region: Cleanup
[2023-11-05T16:15:09.608+0000][3044.200s][info ][safepoint     ] Leaving safepoint region
[2023-11-05T16:15:09.609+0000][3044.200s][info ][safepoint     ] Total time for which application threads were stopped: 0.0013989 seconds, Stopping threads took: 0.0006338 seconds
[2023-11-05T16:15:10.609+0000][3045.201s][debug][safepoint     ] Safepoint synchronization initiated. (191 threads)
[2023-11-05T16:15:10.611+0000][3045.202s][info ][safepoint     ] Application time: 1.0015001 seconds
[2023-11-05T16:15:10.613+0000][3045.205s][info ][safepoint     ] Entering safepoint region: Cleanup
[2023-11-05T16:15:10.615+0000][3045.206s][info ][safepoint     ] Leaving safepoint region
[2023-11-05T16:15:10.615+0000][3045.207s][info ][safepoint     ] Total time for which application threads were stopped: 0.0023121 seconds, Stopping threads took: 0.0011752 seconds
[2023-11-05T16:15:11.616+0000][3046.208s][debug][safepoint     ] Safepoint synchronization initiated. (191 threads)
[2023-11-05T16:15:11.617+0000][3046.208s][info ][safepoint     ] Application time: 1.0005892 seconds
[2023-11-05T16:15:11.617+0000][3046.209s][info ][safepoint     ] Entering safepoint region: Cleanup
[2023-11-05T16:15:11.618+0000][3046.210s][info ][safepoint     ] Leaving safepoint region
[2023-11-05T16:15:11.618+0000][3046.210s][info ][safepoint     ] Total time for which application threads were stopped: 0.0011310 seconds, Stopping threads took: 0.0006042 seconds
[2023-11-05T16:15:12.619+0000][3047.210s][debug][safepoint     ] Safepoint synchronization initiated. (191 threads)
[2023-11-05T16:15:12.620+0000][3047.211s][info ][safepoint     ] Application time: 1.0006333 seconds
[2023-11-05T16:15:12.620+0000][3047.211s][info ][safepoint     ] Entering safepoint region: Cleanup
[2023-11-05T16:15:12.620+0000][3047.212s][info ][safepoint     ] Leaving safepoint region
[2023-11-05T16:15:12.621+0000][3047.212s][info ][safepoint     ] Total time for which application threads were stopped: 0.0008241 seconds, Stopping threads took: 0.0003528 seconds
[2023-11-05T16:15:13.621+0000][3048.213s][debug][safepoint     ] Safepoint synchronization initiated. (191 threads)
[2023-11-05T16:15:13.622+0000][3048.214s][info ][safepoint     ] Application time: 1.0013276 seconds
[2023-11-05T16:15:13.624+0000][3048.215s][info ][safepoint     ] Entering safepoint region: Cleanup
[2023-11-05T16:15:13.625+0000][3048.216s][info ][safepoint     ] Leaving safepoint region
[2023-11-05T16:15:13.625+0000][3048.217s][info ][safepoint     ] Total time for which application threads were stopped: 0.0017763 seconds, Stopping threads took: 0.0007681 seconds
[2023-11-05T16:15:14.626+0000][3049.218s][debug][safepoint     ] Safepoint synchronization initiated. (191 threads)
[2023-11-05T16:15:14.628+0000][3049.219s][info ][safepoint     ] Application time: 1.0015256 seconds
[2023-11-05T16:15:14.629+0000][3049.220s][info ][safepoint     ] Entering safepoint region: Cleanup
[2023-11-05T16:15:14.631+0000][3049.223s][info ][safepoint     ] Leaving safepoint region
[2023-11-05T16:15:14.632+0000][3049.223s][info ][safepoint     ] Total time for which application threads were stopped: 0.0030758 seconds, Stopping threads took: 0.0018795 seconds
[2023-11-05T16:15:15.634+0000][3050.225s][debug][safepoint     ] Safepoint synchronization initiated. (191 threads)
[2023-11-05T16:15:15.635+0000][3050.226s][info ][safepoint     ] Application time: 1.0013586 seconds
[2023-11-05T16:15:15.635+0000][3050.227s][info ][safepoint     ] Entering safepoint region: Cleanup
[2023-11-05T16:15:15.636+0000][3050.228s][info ][safepoint     ] Leaving safepoint region
[2023-11-05T16:15:15.637+0000][3050.228s][info ][safepoint     ] Total time for which application threads were stopped: 0.0014948 seconds, Stopping threads took: 0.0006784 seconds
[2023-11-05T16:15:16.638+0000][3051.229s][debug][safepoint     ] Safepoint synchronization initiated. (191 threads)
[2023-11-05T16:15:16.638+0000][3051.230s][info ][safepoint     ] Application time: 1.0008146 seconds
[2023-11-05T16:15:16.639+0000][3051.230s][info ][safepoint     ] Entering safepoint region: Cleanup
[2023-11-05T16:15:16.639+0000][3051.231s][info ][safepoint     ] Leaving safepoint region
[2023-11-05T16:15:16.641+0000][3051.232s][info ][safepoint     ] Total time for which application threads were stopped: 0.0018640 seconds, Stopping threads took: 0.0005710 seconds
[2023-11-05T16:15:17.641+0000][3052.233s][debug][safepoint     ] Safepoint synchronization initiated. (191 threads)
[2023-11-05T16:15:17.643+0000][3052.234s][info ][safepoint     ] Application time: 1.0017053 seconds
[2023-11-05T16:15:17.644+0000][3052.235s][info ][safepoint     ] Entering safepoint region: Cleanup
[2023-11-05T16:15:17.646+0000][3052.238s][info ][safepoint     ] Leaving safepoint region
[2023-11-05T16:15:17.646+0000][3052.238s][info ][safepoint     ] Total time for which application threads were stopped: 0.0027595 seconds, Stopping threads took: 0.0013661 seconds
[2023-11-05T16:15:17.646+0000][3052.238s][debug][safepoint     ] ... found polling page return exception at pc = 0x00007f808d32eb44, stub =0x00007f8084840600
[2023-11-05T16:15:17.646+0000][3052.238s][debug][safepoint     ] ... found polling page return exception at pc = 0x00007f808d32eb44, stub =0x00007f8084840600
[2023-11-05T16:15:17.646+0000][3052.238s][debug][safepoint     ] ... found polling page return exception at pc = 0x00007f808d32eb44, stub =0x00007f8084840600
[2023-11-05T16:15:17.646+0000][3052.238s][debug][safepoint     ] ... found polling page return exception at pc = 0x00007f808d32eb44, stub =0x00007f8084840600
[2023-11-05T16:15:17.646+0000][3052.238s][debug][safepoint     ] ... found polling page return exception at pc = 0x00007f808d32eb44, stub =0x00007f8084840600
[2023-11-05T16:15:17.646+0000][3052.238s][debug][safepoint     ] ... found polling page return exception at pc = 0x00007f808d32eb44, stub =0x00007f8084840600
[2023-11-05T16:15:18.647+0000][3053.239s][debug][safepoint     ] Safepoint synchronization initiated. (191 threads)
[2023-11-05T16:15:18.648+0000][3053.240s][info ][safepoint     ] Application time: 1.0012444 seconds
[2023-11-05T16:15:18.649+0000][3053.240s][info ][safepoint     ] Entering safepoint region: Cleanup
[2023-11-05T16:15:18.651+0000][3053.242s][info ][safepoint     ] Leaving safepoint region
[2023-11-05T16:15:18.651+0000][3053.243s][info ][safepoint     ] Total time for which application threads were stopped: 0.0025171 seconds, Stopping threads took: 0.0007654 seconds
[2023-11-05T16:15:19.652+0000][3054.244s][debug][safepoint     ] Safepoint synchronization initiated. (191 threads)
[2023-11-05T16:15:19.653+0000][3054.245s][info ][safepoint     ] Application time: 1.0011899 seconds
[2023-11-05T16:15:19.654+0000][3054.245s][info ][safepoint     ] Entering safepoint region: Cleanup
[2023-11-05T16:15:19.655+0000][3054.246s][info ][safepoint     ] Leaving safepoint region
[2023-11-05T16:15:19.655+0000][3054.247s][info ][safepoint     ] Total time for which application threads were stopped: 0.0015038 seconds, Stopping threads took: 0.0007532 seconds
[2023-11-05T16:15:20.656+0000][3055.248s][debug][safepoint     ] Safepoint synchronization initiated. (191 threads)
[2023-11-05T16:15:20.657+0000][3055.249s][info ][safepoint     ] Application time: 1.0010701 seconds
[2023-11-05T16:15:20.658+0000][3055.249s][info ][safepoint     ] Entering safepoint region: Cleanup
[2023-11-05T16:15:20.658+0000][3055.250s][info ][safepoint     ] Leaving safepoint region
[2023-11-05T16:15:20.659+0000][3055.250s][info ][safepoint     ] Total time for which application threads were stopped: 0.0011945 seconds, Stopping threads took: 0.0005112 seconds
[2023-11-05T16:15:21.660+0000][3056.251s][debug][safepoint     ] Safepoint synchronization initiated. (191 threads)
[2023-11-05T16:15:21.660+0000][3056.252s][info ][safepoint     ] Application time: 1.0006192 seconds
[2023-11-05T16:15:21.661+0000][3056.252s][info ][safepoint     ] Entering safepoint region: Cleanup
[2023-11-05T16:15:21.661+0000][3056.253s][info ][safepoint     ] Leaving safepoint region
[2023-11-05T16:15:21.661+0000][3056.253s][info ][safepoint     ] Total time for which application threads were stopped: 0.0008882 seconds, Stopping threads took: 0.0003863 seconds
[2023-11-05T16:15:22.662+0000][3057.253s][debug][safepoint     ] Safepoint synchronization initiated. (191 threads)
[2023-11-05T16:15:22.663+0000][3057.255s][info ][safepoint     ] Application time: 1.0014147 seconds
[2023-11-05T16:15:22.664+0000][3057.256s][info ][safepoint     ] Entering safepoint region: Cleanup
[2023-11-05T16:15:22.665+0000][3057.257s][info ][safepoint     ] Leaving safepoint region
[2023-11-05T16:15:22.666+0000][3057.258s][info ][safepoint     ] Total time for which application threads were stopped: 0.0020315 seconds, Stopping threads took: 0.0007639 seconds
[2023-11-05T16:15:23.667+0000][3058.259s][debug][safepoint     ] Safepoint synchronization initiated. (191 threads)
[2023-11-05T16:15:23.668+0000][3058.260s][info ][safepoint     ] Application time: 1.0011086 seconds
[2023-11-05T16:15:23.669+0000][3058.260s][info ][safepoint     ] Entering safepoint region: Cleanup
[2023-11-05T16:15:23.670+0000][3058.261s][info ][safepoint     ] Leaving safepoint region
[2023-11-05T16:15:23.670+0000][3058.262s][info ][safepoint     ] Total time for which application threads were stopped: 0.0014741 seconds, Stopping threads took: 0.0005297 seconds
[2023-11-05T16:15:24.671+0000][3059.263s][debug][safepoint     ] Safepoint synchronization initiated. (191 threads)
[2023-11-05T16:15:24.672+0000][3059.264s][info ][safepoint     ] Application time: 1.0011845 seconds
[2023-11-05T16:15:24.673+0000][3059.265s][info ][safepoint     ] Entering safepoint region: Cleanup
[2023-11-05T16:15:24.674+0000][3059.266s][info ][safepoint     ] Leaving safepoint region
[2023-11-05T16:15:24.675+0000][3059.266s][info ][safepoint     ] Total time for which application threads were stopped: 0.0016392 seconds, Stopping threads took: 0.0008707 seconds
[2023-11-05T16:15:25.676+0000][3060.267s][debug][safepoint     ] Safepoint synchronization initiated. (191 threads)
[2023-11-05T16:15:25.677+0000][3060.268s][info ][safepoint     ] Application time: 1.0017202 seconds
[2023-11-05T16:15:25.678+0000][3060.269s][info ][safepoint     ] Entering safepoint region: Cleanup
[2023-11-05T16:15:25.679+0000][3060.271s][info ][safepoint     ] Leaving safepoint region
[2023-11-05T16:15:25.681+0000][3060.272s][info ][safepoint     ] Total time for which application threads were stopped: 0.0025194 seconds, Stopping threads took: 0.0011332 seconds
[2023-11-05T16:15:26.682+0000][3061.273s][debug][safepoint     ] Safepoint synchronization initiated. (191 threads)
[2023-11-05T16:15:26.683+0000][3061.274s][info ][safepoint     ] Application time: 1.0010342 seconds
[2023-11-05T16:15:26.683+0000][3061.275s][debug][safepoint     ] ... found polling page return exception at pc = 0x00007f808c8fcd99, stub =0x00007f8084840600
[2023-11-05T16:15:26.684+0000][3061.275s][debug][safepoint     ] Waiting for 1 thread(s) to block
[2023-11-05T16:15:26.685+0000][3061.276s][info ][safepoint     ] Entering safepoint region: Cleanup
[2023-11-05T16:15:26.686+0000][3061.277s][info ][safepoint     ] Leaving safepoint region
[2023-11-05T16:15:26.686+0000][3061.278s][info ][safepoint     ] Total time for which application threads were stopped: 0.0032221 seconds, Stopping threads took: 0.0022851 seconds
[2023-11-05T16:15:27.687+0000][3062.279s][debug][safepoint     ] Safepoint synchronization initiated. (191 threads)
[2023-11-05T16:15:27.689+0000][3062.280s][info ][safepoint     ] Application time: 1.0016847 seconds
[2023-11-05T16:15:27.690+0000][3062.281s][debug][safepoint     ] ... found polling page return exception at pc = 0x00007f808ce6e356, stub =0x00007f8084840600
[2023-11-05T16:15:27.691+0000][3062.282s][debug][safepoint     ] Waiting for 1 thread(s) to block
[2023-11-05T16:15:27.692+0000][3062.284s][info ][safepoint     ] Entering safepoint region: Cleanup
[2023-11-05T16:15:27.694+0000][3062.285s][info ][safepoint     ] Leaving safepoint region
[2023-11-05T16:15:27.694+0000][3062.286s][info ][safepoint     ] Total time for which application threads were stopped: 0.0045386 seconds, Stopping threads took: 0.0032376 seconds
[2023-11-05T16:15:28.696+0000][3063.287s][debug][safepoint     ] Safepoint synchronization initiated. (191 threads)
[2023-11-05T16:15:28.696+0000][3063.287s][info ][safepoint     ] Application time: 1.0006580 seconds
[2023-11-05T16:15:28.696+0000][3063.288s][info ][safepoint     ] Entering safepoint region: Cleanup
[2023-11-05T16:15:28.697+0000][3063.288s][info ][safepoint     ] Leaving safepoint region
[2023-11-05T16:15:28.697+0000][3063.289s][info ][safepoint     ] Total time for which application threads were stopped: 0.0009007 seconds, Stopping threads took: 0.0003375 seconds
[2023-11-05T16:15:29.698+0000][3064.289s][debug][safepoint     ] Safepoint synchronization initiated. (191 threads)
[2023-11-05T16:15:29.699+0000][3064.290s][info ][safepoint     ] Application time: 1.0013643 seconds
[2023-11-05T16:15:29.700+0000][3064.291s][info ][safepoint     ] Entering safepoint region: Cleanup
[2023-11-05T16:15:29.704+0000][3064.295s][info ][safepoint     ] Leaving safepoint region
[2023-11-05T16:15:29.704+0000][3064.296s][info ][safepoint     ] Total time for which application threads were stopped: 0.0042280 seconds, Stopping threads took: 0.0032771 seconds
[2023-11-05T16:15:30.705+0000][3065.297s][debug][safepoint     ] Safepoint synchronization initiated. (191 threads)
[2023-11-05T16:15:30.707+0000][3065.298s][info ][safepoint     ] Application time: 1.0016619 seconds
[2023-11-05T16:15:30.707+0000][3065.299s][info ][safepoint     ] Entering safepoint region: Cleanup
[2023-11-05T16:15:30.709+0000][3065.300s][info ][safepoint     ] Leaving safepoint region
[2023-11-05T16:15:30.709+0000][3065.301s][info ][safepoint     ] Total time for which application threads were stopped: 0.0020297 seconds, Stopping threads took: 0.0008662 seconds
[2023-11-05T16:15:31.710+0000][3066.302s][debug][safepoint     ] Safepoint synchronization initiated. (191 threads)
[2023-11-05T16:15:31.712+0000][3066.303s][info ][safepoint     ] Application time: 1.0014179 seconds
[2023-11-05T16:15:31.713+0000][3066.304s][info ][safepoint     ] Entering safepoint region: Cleanup
[2023-11-05T16:15:31.714+0000][3066.305s][info ][safepoint     ] Leaving safepoint region
[2023-11-05T16:15:31.715+0000][3066.306s][info ][safepoint     ] Total time for which application threads were stopped: 0.0023597 seconds, Stopping threads took: 0.0010807 seconds
[2023-11-05T16:15:32.716+0000][3067.308s][debug][safepoint     ] Safepoint synchronization initiated. (191 threads)
[2023-11-05T16:15:32.717+0000][3067.308s][info ][safepoint     ] Application time: 1.0010821 seconds
[2023-11-05T16:15:32.718+0000][3067.309s][info ][safepoint     ] Entering safepoint region: Cleanup
[2023-11-05T16:15:32.719+0000][3067.310s][info ][safepoint     ] Leaving safepoint region
[2023-11-05T16:15:32.719+0000][3067.311s][info ][safepoint     ] Total time for which application threads were stopped: 0.0015723 seconds, Stopping threads took: 0.0006935 seconds
[2023-11-05T16:15:33.720+0000][3068.311s][debug][safepoint     ] Safepoint synchronization initiated. (191 threads)
[2023-11-05T16:15:33.721+0000][3068.312s][info ][safepoint     ] Application time: 1.0006731 seconds
[2023-11-05T16:15:33.721+0000][3068.313s][info ][safepoint     ] Entering safepoint region: Cleanup
[2023-11-05T16:15:33.722+0000][3068.313s][info ][safepoint     ] Leaving safepoint region
[2023-11-05T16:15:33.722+0000][3068.314s][info ][safepoint     ] Total time for which application threads were stopped: 0.0012579 seconds, Stopping threads took: 0.0005422 seconds
[2023-11-05T16:15:34.723+0000][3069.314s][debug][safepoint     ] Safepoint synchronization initiated. (191 threads)
[2023-11-05T16:15:34.723+0000][3069.315s][info ][safepoint     ] Application time: 1.0005406 seconds
[2023-11-05T16:15:34.724+0000][3069.315s][info ][safepoint     ] Entering safepoint region: Cleanup
[2023-11-05T16:15:34.725+0000][3069.316s][info ][safepoint     ] Leaving safepoint region
[2023-11-05T16:15:34.725+0000][3069.317s][info ][safepoint     ] Total time for which application threads were stopped: 0.0013360 seconds, Stopping threads took: 0.0007641 seconds
[2023-11-05T16:15:35.726+0000][3070.317s][debug][safepoint     ] Safepoint synchronization initiated. (191 threads)
[2023-11-05T16:15:35.727+0000][3070.318s][info ][safepoint     ] Application time: 1.0011918 seconds
[2023-11-05T16:15:35.727+0000][3070.319s][info ][safepoint     ] Entering safepoint region: Cleanup
[2023-11-05T16:15:35.729+0000][3070.320s][info ][safepoint     ] Leaving safepoint region
[2023-11-05T16:15:35.730+0000][3070.321s][info ][safepoint     ] Total time for which application threads were stopped: 0.0020881 seconds, Stopping threads took: 0.0008602 seconds
[2023-11-05T16:15:36.730+0000][3071.322s][debug][safepoint     ] Safepoint synchronization initiated. (191 threads)
[2023-11-05T16:15:36.732+0000][3071.323s][info ][safepoint     ] Application time: 1.0013759 seconds
[2023-11-05T16:15:36.732+0000][3071.324s][info ][safepoint     ] Entering safepoint region: Cleanup
[2023-11-05T16:15:36.734+0000][3071.326s][info ][safepoint     ] Leaving safepoint region
[2023-11-05T16:15:36.735+0000][3071.326s][info ][safepoint     ] Total time for which application threads were stopped: 0.0024406 seconds, Stopping threads took: 0.0011659 seconds
[2023-11-05T16:15:37.736+0000][3072.327s][debug][safepoint     ] Safepoint synchronization initiated. (191 threads)
[2023-11-05T16:15:37.737+0000][3072.328s][info ][safepoint     ] Application time: 1.0011719 seconds
[2023-11-05T16:15:37.737+0000][3072.329s][info ][safepoint     ] Entering safepoint region: Cleanup
[2023-11-05T16:15:37.739+0000][3072.330s][info ][safepoint     ] Leaving safepoint region
[2023-11-05T16:15:37.739+0000][3072.331s][info ][safepoint     ] Total time for which application threads were stopped: 0.0019278 seconds, Stopping threads took: 0.0007222 seconds
[2023-11-05T16:15:38.740+0000][3073.332s][debug][safepoint     ] Safepoint synchronization initiated. (191 threads)
[2023-11-05T16:15:38.742+0000][3073.333s][info ][safepoint     ] Application time: 1.0016576 seconds
[2023-11-05T16:15:38.743+0000][3073.334s][info ][safepoint     ] Entering safepoint region: Cleanup
[2023-11-05T16:15:38.744+0000][3073.336s][info ][safepoint     ] Leaving safepoint region
[2023-11-05T16:15:38.745+0000][3073.336s][info ][safepoint     ] Total time for which application threads were stopped: 0.0022860 seconds, Stopping threads took: 0.0010474 seconds
[2023-11-05T16:15:39.746+0000][3074.338s][debug][safepoint     ] Safepoint synchronization initiated. (191 threads)
[2023-11-05T16:15:39.747+0000][3074.338s][info ][safepoint     ] Application time: 1.0011161 seconds
[2023-11-05T16:15:39.748+0000][3074.339s][info ][safepoint     ] Entering safepoint region: Cleanup
[2023-11-05T16:15:39.749+0000][3074.340s][info ][safepoint     ] Leaving safepoint region
[2023-11-05T16:15:39.749+0000][3074.341s][info ][safepoint     ] Total time for which application threads were stopped: 0.0017197 seconds, Stopping threads took: 0.0008331 seconds
[2023-11-05T16:15:40.750+0000][3075.342s][debug][safepoint     ] Safepoint synchronization initiated. (191 threads)
[2023-11-05T16:15:40.751+0000][3075.343s][info ][safepoint     ] Application time: 1.0011753 seconds
[2023-11-05T16:15:40.752+0000][3075.344s][info ][safepoint     ] Entering safepoint region: Cleanup
[2023-11-05T16:15:40.753+0000][3075.345s][info ][safepoint     ] Leaving safepoint region
[2023-11-05T16:15:40.754+0000][3075.345s][info ][safepoint     ] Total time for which application threads were stopped: 0.0018741 seconds, Stopping threads took: 0.0007667 seconds
[2023-11-05T16:15:41.755+0000][3076.346s][debug][safepoint     ] Safepoint synchronization initiated. (191 threads)
[2023-11-05T16:15:41.756+0000][3076.347s][info ][safepoint     ] Application time: 1.0013210 seconds
[2023-11-05T16:15:41.757+0000][3076.348s][info ][safepoint     ] Entering safepoint region: Cleanup
[2023-11-05T16:15:41.758+0000][3076.350s][info ][safepoint     ] Leaving safepoint region
[2023-11-05T16:15:41.759+0000][3076.350s][info ][safepoint     ] Total time for which application threads were stopped: 0.0023089 seconds, Stopping threads took: 0.0010700 seconds
[2023-11-05T16:15:42.760+0000][3077.352s][debug][safepoint     ] Safepoint synchronization initiated. (191 threads)
[2023-11-05T16:15:42.761+0000][3077.353s][info ][safepoint     ] Application time: 1.0015057 seconds
[2023-11-05T16:15:42.762+0000][3077.354s][info ][safepoint     ] Entering safepoint region: Cleanup
[2023-11-05T16:15:42.764+0000][3077.355s][info ][safepoint     ] Leaving safepoint region
[2023-11-05T16:15:42.765+0000][3077.356s][info ][safepoint     ] Total time for which application threads were stopped: 0.0025860 seconds, Stopping threads took: 0.0011699 seconds
[2023-11-05T16:15:43.766+0000][3078.358s][debug][safepoint     ] Safepoint synchronization initiated. (191 threads)
[2023-11-05T16:15:43.767+0000][3078.358s][info ][safepoint     ] Application time: 1.0013041 seconds
[2023-11-05T16:15:43.768+0000][3078.359s][info ][safepoint     ] Entering safepoint region: Cleanup
[2023-11-05T16:15:43.769+0000][3078.360s][info ][safepoint     ] Leaving safepoint region
[2023-11-05T16:15:43.769+0000][3078.361s][info ][safepoint     ] Total time for which application threads were stopped: 0.0018927 seconds, Stopping threads took: 0.0007814 seconds
[2023-11-05T16:15:44.771+0000][3079.362s][debug][safepoint     ] Safepoint synchronization initiated. (191 threads)
[2023-11-05T16:15:44.771+0000][3079.363s][info ][safepoint     ] Application time: 1.0009963 seconds
[2023-11-05T16:15:44.772+0000][3079.363s][info ][safepoint     ] Entering safepoint region: Cleanup
[2023-11-05T16:15:44.773+0000][3079.364s][info ][safepoint     ] Leaving safepoint region
[2023-11-05T16:15:44.773+0000][3079.364s][info ][safepoint     ] Total time for which application threads were stopped: 0.0013384 seconds, Stopping threads took: 0.0005888 seconds
[2023-11-05T16:15:45.774+0000][3080.365s][debug][safepoint     ] Safepoint synchronization initiated. (191 threads)
[2023-11-05T16:15:45.775+0000][3080.366s][info ][safepoint     ] Application time: 1.0011012 seconds
[2023-11-05T16:15:45.775+0000][3080.367s][info ][safepoint     ] Entering safepoint region: Cleanup
[2023-11-05T16:15:45.776+0000][3080.368s][info ][safepoint     ] Leaving safepoint region
[2023-11-05T16:15:45.777+0000][3080.368s][info ][safepoint     ] Total time for which application threads were stopped: 0.0017158 seconds, Stopping threads took: 0.0007612 seconds
[2023-11-05T16:15:46.778+0000][3081.369s][debug][safepoint     ] Safepoint synchronization initiated. (191 threads)
[2023-11-05T16:15:46.779+0000][3081.371s][info ][safepoint     ] Application time: 1.0017286 seconds
[2023-11-05T16:15:46.781+0000][3081.372s][info ][safepoint     ] Entering safepoint region: Cleanup
[2023-11-05T16:15:46.782+0000][3081.374s][info ][safepoint     ] Leaving safepoint region
[2023-11-05T16:15:46.783+0000][3081.375s][info ][safepoint     ] Total time for which application threads were stopped: 0.0028475 seconds, Stopping threads took: 0.0011878 seconds
[2023-11-05T16:15:47.785+0000][3082.376s][debug][safepoint     ] Safepoint synchronization initiated. (191 threads)
[2023-11-05T16:15:47.786+0000][3082.377s][info ][safepoint     ] Application time: 1.0013588 seconds
[2023-11-05T16:15:47.787+0000][3082.378s][info ][safepoint     ] Entering safepoint region: Cleanup
[2023-11-05T16:15:47.788+0000][3082.379s][info ][safepoint     ] Leaving safepoint region
[2023-11-05T16:15:47.788+0000][3082.380s][info ][safepoint     ] Total time for which application threads were stopped: 0.0017008 seconds, Stopping threads took: 0.0007406 seconds
[2023-11-05T16:15:48.789+0000][3083.381s][debug][safepoint     ] Safepoint synchronization initiated. (191 threads)
[2023-11-05T16:15:48.791+0000][3083.382s][info ][safepoint     ] Application time: 1.0014973 seconds
[2023-11-05T16:15:48.792+0000][3083.383s][info ][safepoint     ] Entering safepoint region: Cleanup
[2023-11-05T16:15:48.793+0000][3083.385s][info ][safepoint     ] Leaving safepoint region
[2023-11-05T16:15:48.794+0000][3083.385s][info ][safepoint     ] Total time for which application threads were stopped: 0.0022803 seconds, Stopping threads took: 0.0010386 seconds
[2023-11-05T16:15:49.795+0000][3084.387s][debug][safepoint     ] Safepoint synchronization initiated. (191 threads)
[2023-11-05T16:15:49.797+0000][3084.388s][info ][safepoint     ] Application time: 1.0016289 seconds
[2023-11-05T16:15:49.798+0000][3084.389s][info ][safepoint     ] Entering safepoint region: Cleanup
[2023-11-05T16:15:49.799+0000][3084.390s][info ][safepoint     ] Leaving safepoint region
[2023-11-05T16:15:49.800+0000][3084.391s][info ][safepoint     ] Total time for which application threads were stopped: 0.0022378 seconds, Stopping threads took: 0.0009838 seconds
[2023-11-05T16:15:50.331+0000][3084.923s][debug][safepoint     ] Safepoint synchronization initiated. (191 threads)
[2023-11-05T16:15:50.333+0000][3084.924s][info ][safepoint     ] Application time: 0.5320701 seconds
[2023-11-05T16:15:50.334+0000][3084.925s][info ][safepoint     ] Entering safepoint region: G1CollectForAllocation
[2023-11-05T16:15:50.335+0000][3084.926s][info ][gc,start      ] GC(113) Pause Young (Concurrent Start) (G1 Evacuation Pause)
[2023-11-05T16:15:50.336+0000][3084.927s][info ][gc,task       ] GC(113) Using 8 workers of 8 for evacuation
[2023-11-05T16:15:50.344+0000][3084.936s][info ][gc,phases     ] GC(113)   Pre Evacuate Collection Set: 2.2ms
[2023-11-05T16:15:50.345+0000][3084.936s][info ][gc,phases     ] GC(113)   Evacuate Collection Set: 2.5ms
[2023-11-05T16:15:50.345+0000][3084.937s][info ][gc,phases     ] GC(113)   Post Evacuate Collection Set: 2.3ms
[2023-11-05T16:15:50.346+0000][3084.937s][info ][gc,phases     ] GC(113)   Other: 2.3ms
[2023-11-05T16:15:50.346+0000][3084.938s][info ][gc,heap       ] GC(113) Eden regions: 129->0(131)
[2023-11-05T16:15:50.347+0000][3084.938s][info ][gc,heap       ] GC(113) Survivor regions: 1->1(17)
[2023-11-05T16:15:50.347+0000][3084.939s][info ][gc,heap       ] GC(113) Old regions: 141->141
[2023-11-05T16:15:50.348+0000][3084.939s][info ][gc,heap       ] GC(113) Humongous regions: 60->60
[2023-11-05T16:15:50.348+0000][3084.939s][info ][gc,metaspace  ] GC(113) Metaspace: 168627K(175932K)->168627K(175932K) NonClass: 149387K(154216K)->149387K(154216K) Class: 19240K(21716K)->19240K(21716K)
[2023-11-05T16:15:50.349+0000][3084.940s][info ][gc            ] GC(113) Pause Young (Concurrent Start) (G1 Evacuation Pause) 328M->199M(381M) 13.571ms
[2023-11-05T16:15:50.349+0000][3084.940s][info ][gc,cpu        ] GC(113) User=0.02s Sys=0.01s Real=0.02s
[2023-11-05T16:15:50.350+0000][3084.941s][info ][gc            ] GC(114) Concurrent Cycle
[2023-11-05T16:15:50.350+0000][3084.941s][info ][gc,marking    ] GC(114) Concurrent Clear Claimed Marks
[2023-11-05T16:15:50.350+0000][3084.941s][info ][safepoint     ] Leaving safepoint region
[2023-11-05T16:15:50.351+0000][3084.943s][info ][safepoint     ] Total time for which application threads were stopped: 0.0172970 seconds, Stopping threads took: 0.0008382 seconds
[2023-11-05T16:15:50.351+0000][3084.943s][info ][gc,marking    ] GC(114) Concurrent Clear Claimed Marks 1.233ms
[2023-11-05T16:15:50.352+0000][3084.943s][info ][gc,marking    ] GC(114) Concurrent Scan Root Regions
[2023-11-05T16:15:50.352+0000][3084.943s][info ][gc,stringdedup] Concurrent String Deduplication (3084.943s)
[2023-11-05T16:15:50.353+0000][3084.944s][info ][gc,stringdedup] Concurrent String Deduplication 240.0B->144.0B(96.0B) avg 54.4% (3084.943s, 3084.944s) 0.928ms
[2023-11-05T16:15:50.355+0000][3084.947s][info ][gc,marking    ] GC(114) Concurrent Scan Root Regions 3.485ms
[2023-11-05T16:15:50.356+0000][3084.947s][info ][gc,marking    ] GC(114) Concurrent Mark (3084.947s)
[2023-11-05T16:15:50.356+0000][3084.948s][info ][gc,marking    ] GC(114) Concurrent Mark From Roots
[2023-11-05T16:15:50.357+0000][3084.948s][info ][gc,task       ] GC(114) Using 2 workers of 2 for marking
[2023-11-05T16:15:50.443+0000][3085.034s][info ][gc,marking    ] GC(114) Concurrent Mark From Roots 86.655ms
[2023-11-05T16:15:50.444+0000][3085.035s][info ][gc,marking    ] GC(114) Concurrent Preclean
[2023-11-05T16:15:50.444+0000][3085.036s][info ][gc,marking    ] GC(114) Concurrent Preclean 0.693ms
[2023-11-05T16:15:50.445+0000][3085.036s][info ][gc,marking    ] GC(114) Concurrent Mark (3084.947s, 3085.036s) 89.182ms
[2023-11-05T16:15:50.446+0000][3085.037s][debug][safepoint     ] Safepoint synchronization initiated. (191 threads)
[2023-11-05T16:15:50.446+0000][3085.038s][info ][safepoint     ] Application time: 0.0947999 seconds
[2023-11-05T16:15:50.447+0000][3085.038s][info ][safepoint     ] Entering safepoint region: CGC_Operation
[2023-11-05T16:15:50.448+0000][3085.039s][info ][gc,start      ] GC(114) Pause Remark
[2023-11-05T16:15:50.477+0000][3085.069s][info ][gc,stringtable] GC(114) Cleaned string and symbol table, strings: 71996 processed, 36 removed, symbols: 409725 processed, 0 removed
[2023-11-05T16:15:50.479+0000][3085.070s][info ][gc            ] GC(114) Pause Remark 202M->202M(381M) 31.019ms
[2023-11-05T16:15:50.479+0000][3085.071s][info ][gc,cpu        ] GC(114) User=0.21s Sys=0.00s Real=0.03s
[2023-11-05T16:15:50.480+0000][3085.071s][info ][safepoint     ] Leaving safepoint region
[2023-11-05T16:15:50.480+0000][3085.072s][info ][safepoint     ] Total time for which application threads were stopped: 0.0334749 seconds, Stopping threads took: 0.0005273 seconds
[2023-11-05T16:15:50.481+0000][3085.072s][info ][gc,marking    ] GC(114) Concurrent Rebuild Remembered Sets
[2023-11-05T16:15:50.548+0000][3085.140s][info ][gc,marking    ] GC(114) Concurrent Rebuild Remembered Sets 67.497ms
[2023-11-05T16:15:50.549+0000][3085.141s][debug][safepoint     ] Safepoint synchronization initiated. (191 threads)
[2023-11-05T16:15:50.550+0000][3085.141s][info ][safepoint     ] Application time: 0.0687987 seconds
[2023-11-05T16:15:50.550+0000][3085.142s][info ][safepoint     ] Entering safepoint region: CGC_Operation
[2023-11-05T16:15:50.551+0000][3085.142s][info ][gc,start      ] GC(114) Pause Cleanup
[2023-11-05T16:15:50.552+0000][3085.143s][info ][gc            ] GC(114) Pause Cleanup 202M->202M(381M) 0.766ms
[2023-11-05T16:15:50.552+0000][3085.144s][info ][gc,cpu        ] GC(114) User=0.00s Sys=0.00s Real=0.00s
[2023-11-05T16:15:50.553+0000][3085.144s][info ][safepoint     ] Leaving safepoint region
[2023-11-05T16:15:50.553+0000][3085.145s][info ][safepoint     ] Total time for which application threads were stopped: 0.0030662 seconds, Stopping threads took: 0.0005253 seconds
[2023-11-05T16:15:50.554+0000][3085.145s][info ][gc,marking    ] GC(114) Concurrent Cleanup for Next Mark
[2023-11-05T16:15:50.556+0000][3085.147s][info ][gc,marking    ] GC(114) Concurrent Cleanup for Next Mark 1.846ms
[2023-11-05T16:15:50.557+0000][3085.148s][info ][gc            ] GC(114) Concurrent Cycle 206.935ms
[2023-11-05T16:15:51.554+0000][3086.146s][debug][safepoint     ] Safepoint synchronization initiated. (191 threads)
[2023-11-05T16:15:51.555+0000][3086.147s][info ][safepoint     ] Application time: 1.0012403 seconds
[2023-11-05T16:15:51.556+0000][3086.147s][info ][safepoint     ] Entering safepoint region: Cleanup
[2023-11-05T16:15:51.557+0000][3086.149s][info ][safepoint     ] Leaving safepoint region
[2023-11-05T16:15:51.558+0000][3086.149s][info ][safepoint     ] Total time for which application threads were stopped: 0.0019507 seconds, Stopping threads took: 0.0009219 seconds
[2023-11-05T16:15:52.559+0000][3087.150s][debug][safepoint     ] Safepoint synchronization initiated. (191 threads)
[2023-11-05T16:15:52.560+0000][3087.152s][info ][safepoint     ] Application time: 1.0015756 seconds
[2023-11-05T16:15:52.562+0000][3087.153s][info ][safepoint     ] Entering safepoint region: Cleanup
[2023-11-05T16:15:52.563+0000][3087.155s][info ][safepoint     ] Leaving safepoint region
[2023-11-05T16:15:52.564+0000][3087.156s][info ][safepoint     ] Total time for which application threads were stopped: 0.0029582 seconds, Stopping threads took: 0.0011657 seconds
[2023-11-05T16:15:53.565+0000][3088.157s][debug][safepoint     ] Safepoint synchronization initiated. (191 threads)
[2023-11-05T16:15:53.567+0000][3088.158s][info ][safepoint     ] Application time: 1.0016241 seconds
[2023-11-05T16:15:53.568+0000][3088.159s][info ][safepoint     ] Entering safepoint region: Cleanup
[2023-11-05T16:15:53.569+0000][3088.160s][info ][safepoint     ] Leaving safepoint region
[2023-11-05T16:15:53.570+0000][3088.161s][info ][safepoint     ] Total time for which application threads were stopped: 0.0020164 seconds, Stopping threads took: 0.0008917 seconds
[2023-11-05T16:15:54.571+0000][3089.162s][debug][safepoint     ] Safepoint synchronization initiated. (191 threads)
[2023-11-05T16:15:54.572+0000][3089.164s][info ][safepoint     ] Application time: 1.0013308 seconds
[2023-11-05T16:15:54.573+0000][3089.164s][info ][safepoint     ] Entering safepoint region: Cleanup
[2023-11-05T16:15:54.574+0000][3089.166s][info ][safepoint     ] Leaving safepoint region
[2023-11-05T16:15:54.575+0000][3089.166s][info ][safepoint     ] Total time for which application threads were stopped: 0.0017677 seconds, Stopping threads took: 0.0008840 seconds
[2023-11-05T16:15:55.575+0000][3090.167s][debug][safepoint     ] Safepoint synchronization initiated. (191 threads)
[2023-11-05T16:15:55.577+0000][3090.168s][info ][safepoint     ] Application time: 1.0017343 seconds
[2023-11-05T16:15:55.578+0000][3090.169s][info ][safepoint     ] Entering safepoint region: Cleanup
[2023-11-05T16:15:55.579+0000][3090.171s][info ][safepoint     ] Leaving safepoint region
[2023-11-05T16:15:55.580+0000][3090.172s][info ][safepoint     ] Total time for which application threads were stopped: 0.0021990 seconds, Stopping threads took: 0.0009712 seconds
[2023-11-05T16:15:56.581+0000][3091.173s][debug][safepoint     ] Safepoint synchronization initiated. (191 threads)
[2023-11-05T16:15:56.582+0000][3091.174s][info ][safepoint     ] Application time: 1.0013475 seconds
[2023-11-05T16:15:56.583+0000][3091.175s][info ][safepoint     ] Entering safepoint region: Cleanup
[2023-11-05T16:15:56.584+0000][3091.176s][info ][safepoint     ] Leaving safepoint region
[2023-11-05T16:15:56.585+0000][3091.177s][info ][safepoint     ] Total time for which application threads were stopped: 0.0021153 seconds, Stopping threads took: 0.0008933 seconds
[2023-11-05T16:15:57.586+0000][3092.178s][debug][safepoint     ] Safepoint synchronization initiated. (191 threads)
[2023-11-05T16:15:57.587+0000][3092.179s][info ][safepoint     ] Application time: 1.0012530 seconds
[2023-11-05T16:15:57.588+0000][3092.180s][info ][safepoint     ] Entering safepoint region: Cleanup
[2023-11-05T16:15:57.589+0000][3092.181s][info ][safepoint     ] Leaving safepoint region
[2023-11-05T16:15:57.590+0000][3092.182s][info ][safepoint     ] Total time for which application threads were stopped: 0.0019404 seconds, Stopping threads took: 0.0008724 seconds
[2023-11-05T16:15:58.591+0000][3093.183s][debug][safepoint     ] Safepoint synchronization initiated. (191 threads)
[2023-11-05T16:15:58.592+0000][3093.184s][info ][safepoint     ] Application time: 1.0013583 seconds
[2023-11-05T16:15:58.593+0000][3093.185s][info ][safepoint     ] Entering safepoint region: Cleanup
[2023-11-05T16:15:58.595+0000][3093.186s][info ][safepoint     ] Leaving safepoint region
[2023-11-05T16:15:58.596+0000][3093.187s][info ][safepoint     ] Total time for which application threads were stopped: 0.0023498 seconds, Stopping threads took: 0.0008181 seconds
[2023-11-05T16:15:59.597+0000][3094.188s][debug][safepoint     ] Safepoint synchronization initiated. (191 threads)
[2023-11-05T16:15:59.598+0000][3094.189s][info ][safepoint     ] Application time: 1.0013447 seconds
[2023-11-05T16:15:59.599+0000][3094.190s][info ][safepoint     ] Entering safepoint region: Cleanup
[2023-11-05T16:15:59.600+0000][3094.192s][info ][safepoint     ] Leaving safepoint region
[2023-11-05T16:15:59.601+0000][3094.192s][info ][safepoint     ] Total time for which application threads were stopped: 0.0021315 seconds, Stopping threads took: 0.0011004 seconds
[2023-11-05T16:16:00.602+0000][3095.193s][debug][safepoint     ] Safepoint synchronization initiated. (191 threads)
[2023-11-05T16:16:00.603+0000][3095.194s][info ][safepoint     ] Application time: 1.0010266 seconds
[2023-11-05T16:16:00.604+0000][3095.195s][info ][safepoint     ] Entering safepoint region: Cleanup
[2023-11-05T16:16:00.604+0000][3095.196s][info ][safepoint     ] Leaving safepoint region
[2023-11-05T16:16:00.605+0000][3095.196s][info ][safepoint     ] Total time for which application threads were stopped: 0.0014398 seconds, Stopping threads took: 0.0005345 seconds
[2023-11-05T16:16:01.606+0000][3096.197s][debug][safepoint     ] Safepoint synchronization initiated. (191 threads)
[2023-11-05T16:16:01.607+0000][3096.198s][info ][safepoint     ] Application time: 1.0010959 seconds
[2023-11-05T16:16:01.607+0000][3096.199s][info ][safepoint     ] Entering safepoint region: Cleanup
[2023-11-05T16:16:01.608+0000][3096.200s][info ][safepoint     ] Leaving safepoint region
[2023-11-05T16:16:01.609+0000][3096.200s][info ][safepoint     ] Total time for which application threads were stopped: 0.0016502 seconds, Stopping threads took: 0.0007241 seconds
[2023-11-05T16:16:02.610+0000][3097.201s][debug][safepoint     ] Safepoint synchronization initiated. (191 threads)
[2023-11-05T16:16:02.611+0000][3097.203s][info ][safepoint     ] Application time: 1.0016265 seconds
[2023-11-05T16:16:02.612+0000][3097.204s][info ][safepoint     ] Entering safepoint region: Cleanup
[2023-11-05T16:16:02.614+0000][3097.205s][info ][safepoint     ] Leaving safepoint region
[2023-11-05T16:16:02.615+0000][3097.206s][info ][safepoint     ] Total time for which application threads were stopped: 0.0026212 seconds, Stopping threads took: 0.0012709 seconds
[2023-11-05T16:16:03.616+0000][3098.207s][debug][safepoint     ] Safepoint synchronization initiated. (191 threads)
[2023-11-05T16:16:03.616+0000][3098.208s][info ][safepoint     ] Application time: 1.0007656 seconds
[2023-11-05T16:16:03.617+0000][3098.208s][info ][safepoint     ] Entering safepoint region: Cleanup
[2023-11-05T16:16:03.617+0000][3098.209s][info ][safepoint     ] Leaving safepoint region
[2023-11-05T16:16:03.618+0000][3098.209s][info ][safepoint     ] Total time for which application threads were stopped: 0.0010733 seconds, Stopping threads took: 0.0004997 seconds
[2023-11-05T16:16:04.618+0000][3099.210s][debug][safepoint     ] Safepoint synchronization initiated. (191 threads)
[2023-11-05T16:16:04.619+0000][3099.211s][info ][safepoint     ] Application time: 1.0009627 seconds
[2023-11-05T16:16:04.620+0000][3099.211s][info ][safepoint     ] Entering safepoint region: Cleanup
[2023-11-05T16:16:04.621+0000][3099.212s][info ][safepoint     ] Leaving safepoint region
[2023-11-05T16:16:04.621+0000][3099.213s][info ][safepoint     ] Total time for which application threads were stopped: 0.0014150 seconds, Stopping threads took: 0.0006838 seconds
[2023-11-05T16:16:05.622+0000][3100.213s][debug][safepoint     ] Safepoint synchronization initiated. (191 threads)
[2023-11-05T16:16:05.623+0000][3100.214s][info ][safepoint     ] Application time: 1.0013174 seconds
[2023-11-05T16:16:05.624+0000][3100.215s][debug][safepoint     ] ... found polling page return exception at pc = 0x00007f808cbe8cc4, stub =0x00007f8084840600
[2023-11-05T16:16:05.625+0000][3100.216s][debug][safepoint     ] Waiting for 1 thread(s) to block
[2023-11-05T16:16:05.626+0000][3100.217s][info ][safepoint     ] Entering safepoint region: Cleanup
[2023-11-05T16:16:05.627+0000][3100.218s][info ][safepoint     ] Leaving safepoint region
[2023-11-05T16:16:05.627+0000][3100.219s][info ][safepoint     ] Total time for which application threads were stopped: 0.0032826 seconds, Stopping threads took: 0.0023231 seconds
[2023-11-05T16:16:06.628+0000][3101.220s][debug][safepoint     ] Safepoint synchronization initiated. (191 threads)
[2023-11-05T16:16:06.629+0000][3101.221s][info ][safepoint     ] Application time: 1.0013459 seconds
[2023-11-05T16:16:06.630+0000][3101.222s][info ][safepoint     ] Entering safepoint region: Cleanup
[2023-11-05T16:16:06.631+0000][3101.223s][info ][safepoint     ] Leaving safepoint region
[2023-11-05T16:16:06.632+0000][3101.224s][info ][safepoint     ] Total time for which application threads were stopped: 0.0020044 seconds, Stopping threads took: 0.0008661 seconds
[2023-11-05T16:16:07.633+0000][3102.225s][debug][safepoint     ] Safepoint synchronization initiated. (191 threads)
[2023-11-05T16:16:07.634+0000][3102.226s][info ][safepoint     ] Application time: 1.0014726 seconds
[2023-11-05T16:16:07.635+0000][3102.227s][info ][safepoint     ] Entering safepoint region: Cleanup
[2023-11-05T16:16:07.637+0000][3102.228s][info ][safepoint     ] Leaving safepoint region
[2023-11-05T16:16:07.638+0000][3102.229s][info ][safepoint     ] Total time for which application threads were stopped: 0.0020650 seconds, Stopping threads took: 0.0008217 seconds
[2023-11-05T16:16:08.638+0000][3103.230s][debug][safepoint     ] Safepoint synchronization initiated. (191 threads)
[2023-11-05T16:16:08.639+0000][3103.230s][info ][safepoint     ] Application time: 1.0005510 seconds
[2023-11-05T16:16:08.639+0000][3103.231s][info ][safepoint     ] Entering safepoint region: Cleanup
[2023-11-05T16:16:08.640+0000][3103.231s][info ][safepoint     ] Leaving safepoint region
[2023-11-05T16:16:08.640+0000][3103.231s][info ][safepoint     ] Total time for which application threads were stopped: 0.0007318 seconds, Stopping threads took: 0.0003045 seconds
[2023-11-05T16:16:09.640+0000][3104.232s][debug][safepoint     ] Safepoint synchronization initiated. (191 threads)
[2023-11-05T16:16:09.641+0000][3104.232s][info ][safepoint     ] Application time: 1.0007385 seconds
[2023-11-05T16:16:09.641+0000][3104.233s][info ][safepoint     ] Entering safepoint region: Cleanup
[2023-11-05T16:16:09.642+0000][3104.234s][info ][safepoint     ] Leaving safepoint region
[2023-11-05T16:16:09.643+0000][3104.234s][info ][safepoint     ] Total time for which application threads were stopped: 0.0011315 seconds, Stopping threads took: 0.0004657 seconds
[2023-11-05T16:16:10.643+0000][3105.235s][debug][safepoint     ] Safepoint synchronization initiated. (191 threads)
[2023-11-05T16:16:10.644+0000][3105.235s][info ][safepoint     ] Application time: 1.0008437 seconds
[2023-11-05T16:16:10.644+0000][3105.236s][info ][safepoint     ] Entering safepoint region: Cleanup
[2023-11-05T16:16:10.645+0000][3105.237s][info ][safepoint     ] Leaving safepoint region
[2023-11-05T16:16:10.646+0000][3105.237s][info ][safepoint     ] Total time for which application threads were stopped: 0.0015041 seconds, Stopping threads took: 0.0006229 seconds
[2023-11-05T16:16:11.646+0000][3106.238s][debug][safepoint     ] Safepoint synchronization initiated. (191 threads)
[2023-11-05T16:16:11.647+0000][3106.239s][info ][safepoint     ] Application time: 1.0007847 seconds
[2023-11-05T16:16:11.648+0000][3106.239s][info ][safepoint     ] Entering safepoint region: Cleanup
[2023-11-05T16:16:11.648+0000][3106.240s][info ][safepoint     ] Leaving safepoint region
[2023-11-05T16:16:11.649+0000][3106.240s][info ][safepoint     ] Total time for which application threads were stopped: 0.0012939 seconds, Stopping threads took: 0.0005610 seconds
[2023-11-05T16:16:12.650+0000][3107.241s][debug][safepoint     ] Safepoint synchronization initiated. (189 threads)
[2023-11-05T16:16:12.650+0000][3107.241s][info ][safepoint     ] Application time: 1.0006115 seconds
[2023-11-05T16:16:12.651+0000][3107.242s][info ][safepoint     ] Entering safepoint region: Cleanup
[2023-11-05T16:16:12.652+0000][3107.243s][info ][safepoint     ] Leaving safepoint region
[2023-11-05T16:16:12.669+0000][3107.261s][info ][safepoint     ] Total time for which application threads were stopped: 0.0186673 seconds, Stopping threads took: 0.0011745 seconds
[2023-11-05T16:16:13.675+0000][3108.267s][debug][safepoint     ] Safepoint synchronization initiated. (189 threads)
[2023-11-05T16:16:13.676+0000][3108.268s][info ][safepoint     ] Application time: 1.0008230 seconds
[2023-11-05T16:16:13.677+0000][3108.268s][info ][safepoint     ] Entering safepoint region: Cleanup
[2023-11-05T16:16:13.677+0000][3108.269s][info ][safepoint     ] Leaving safepoint region
[2023-11-05T16:16:13.678+0000][3108.269s][info ][safepoint     ] Total time for which application threads were stopped: 0.0012098 seconds, Stopping threads took: 0.0005466 seconds
[2023-11-05T16:16:14.678+0000][3109.270s][debug][safepoint     ] Safepoint synchronization initiated. (189 threads)
[2023-11-05T16:16:14.679+0000][3109.270s][info ][safepoint     ] Application time: 1.0006780 seconds
[2023-11-05T16:16:14.679+0000][3109.271s][info ][safepoint     ] Entering safepoint region: Cleanup
[2023-11-05T16:16:14.680+0000][3109.271s][info ][safepoint     ] Leaving safepoint region
[2023-11-05T16:16:14.680+0000][3109.272s][info ][safepoint     ] Total time for which application threads were stopped: 0.0011241 seconds, Stopping threads took: 0.0005238 seconds
[2023-11-05T16:16:15.681+0000][3110.272s][debug][safepoint     ] Safepoint synchronization initiated. (189 threads)
[2023-11-05T16:16:15.682+0000][3110.274s][info ][safepoint     ] Application time: 1.0014510 seconds
[2023-11-05T16:16:15.683+0000][3110.275s][info ][safepoint     ] Entering safepoint region: Cleanup
[2023-11-05T16:16:15.685+0000][3110.276s][info ][safepoint     ] Leaving safepoint region
[2023-11-05T16:16:15.685+0000][3110.277s][info ][safepoint     ] Total time for which application threads were stopped: 0.0023245 seconds, Stopping threads took: 0.0010837 seconds
[2023-11-05T16:16:16.687+0000][3111.278s][debug][safepoint     ] Safepoint synchronization initiated. (189 threads)
[2023-11-05T16:16:16.687+0000][3111.279s][info ][safepoint     ] Application time: 1.0010589 seconds
[2023-11-05T16:16:16.688+0000][3111.279s][info ][safepoint     ] Entering safepoint region: Cleanup
[2023-11-05T16:16:16.689+0000][3111.280s][info ][safepoint     ] Leaving safepoint region
[2023-11-05T16:16:16.689+0000][3111.280s][info ][safepoint     ] Total time for which application threads were stopped: 0.0010203 seconds, Stopping threads took: 0.0004295 seconds
[2023-11-05T16:16:17.690+0000][3112.281s][debug][safepoint     ] Safepoint synchronization initiated. (189 threads)
[2023-11-05T16:16:17.690+0000][3112.282s][info ][safepoint     ] Application time: 1.0007491 seconds
[2023-11-05T16:16:17.691+0000][3112.282s][info ][safepoint     ] Entering safepoint region: Cleanup
[2023-11-05T16:16:17.692+0000][3112.283s][info ][safepoint     ] Leaving safepoint region
[2023-11-05T16:16:17.692+0000][3112.284s][info ][safepoint     ] Total time for which application threads were stopped: 0.0015082 seconds, Stopping threads took: 0.0007586 seconds
[2023-11-05T16:16:18.693+0000][3113.284s][debug][safepoint     ] Safepoint synchronization initiated. (189 threads)
[2023-11-05T16:16:18.694+0000][3113.285s][info ][safepoint     ] Application time: 1.0012434 seconds
[2023-11-05T16:16:18.695+0000][3113.286s][info ][safepoint     ] Entering safepoint region: Cleanup
[2023-11-05T16:16:18.696+0000][3113.287s][info ][safepoint     ] Leaving safepoint region
[2023-11-05T16:16:18.697+0000][3113.288s][info ][safepoint     ] Total time for which application threads were stopped: 0.0018029 seconds, Stopping threads took: 0.0008728 seconds
[2023-11-05T16:16:19.697+0000][3114.289s][debug][safepoint     ] Safepoint synchronization initiated. (189 threads)
[2023-11-05T16:16:19.698+0000][3114.289s][info ][safepoint     ] Application time: 1.0008722 seconds
[2023-11-05T16:16:19.699+0000][3114.290s][info ][safepoint     ] Entering safepoint region: Cleanup
[2023-11-05T16:16:19.701+0000][3114.292s][info ][safepoint     ] Leaving safepoint region
[2023-11-05T16:16:19.701+0000][3114.293s][info ][safepoint     ] Total time for which application threads were stopped: 0.0025517 seconds, Stopping threads took: 0.0012177 seconds
[2023-11-05T16:16:20.702+0000][3115.294s][debug][safepoint     ] Safepoint synchronization initiated. (189 threads)
[2023-11-05T16:16:20.703+0000][3115.295s][info ][safepoint     ] Application time: 1.0016081 seconds
[2023-11-05T16:16:20.704+0000][3115.296s][info ][safepoint     ] Entering safepoint region: Cleanup
[2023-11-05T16:16:20.705+0000][3115.296s][info ][safepoint     ] Leaving safepoint region
[2023-11-05T16:16:20.706+0000][3115.297s][info ][safepoint     ] Total time for which application threads were stopped: 0.0015938 seconds, Stopping threads took: 0.0005875 seconds
[2023-11-05T16:16:21.707+0000][3116.298s][debug][safepoint     ] Safepoint synchronization initiated. (189 threads)
[2023-11-05T16:16:21.708+0000][3116.300s][info ][safepoint     ] Application time: 1.0017294 seconds
[2023-11-05T16:16:21.710+0000][3116.301s][info ][safepoint     ] Entering safepoint region: Cleanup
[2023-11-05T16:16:21.711+0000][3116.302s][info ][safepoint     ] Leaving safepoint region
[2023-11-05T16:16:21.712+0000][3116.303s][info ][safepoint     ] Total time for which application threads were stopped: 0.0023098 seconds, Stopping threads took: 0.0010883 seconds
[2023-11-05T16:16:22.713+0000][3117.304s][debug][safepoint     ] Safepoint synchronization initiated. (189 threads)
[2023-11-05T16:16:22.714+0000][3117.305s][info ][safepoint     ] Application time: 1.0014459 seconds
[2023-11-05T16:16:22.715+0000][3117.306s][info ][safepoint     ] Entering safepoint region: Cleanup
[2023-11-05T16:16:22.716+0000][3117.308s][info ][safepoint     ] Leaving safepoint region
[2023-11-05T16:16:22.717+0000][3117.309s][info ][safepoint     ] Total time for which application threads were stopped: 0.0023180 seconds, Stopping threads took: 0.0011524 seconds
[2023-11-05T16:16:23.719+0000][3118.310s][debug][safepoint     ] Safepoint synchronization initiated. (189 threads)
[2023-11-05T16:16:23.720+0000][3118.312s][info ][safepoint     ] Application time: 1.0023008 seconds
[2023-11-05T16:16:23.721+0000][3118.313s][info ][safepoint     ] Entering safepoint region: Cleanup
[2023-11-05T16:16:23.722+0000][3118.314s][info ][safepoint     ] Leaving safepoint region
[2023-11-05T16:16:23.723+0000][3118.314s][info ][safepoint     ] Total time for which application threads were stopped: 0.0017358 seconds, Stopping threads took: 0.0006620 seconds
[2023-11-05T16:16:24.724+0000][3119.315s][debug][safepoint     ] Safepoint synchronization initiated. (189 threads)
[2023-11-05T16:16:24.724+0000][3119.316s][info ][safepoint     ] Application time: 1.0006066 seconds
[2023-11-05T16:16:24.724+0000][3119.316s][info ][safepoint     ] Entering safepoint region: Cleanup
[2023-11-05T16:16:24.725+0000][3119.316s][info ][safepoint     ] Leaving safepoint region
[2023-11-05T16:16:24.726+0000][3119.317s][info ][safepoint     ] Total time for which application threads were stopped: 0.0012387 seconds, Stopping threads took: 0.0003857 seconds
[2023-11-05T16:16:25.726+0000][3120.318s][debug][safepoint     ] Safepoint synchronization initiated. (189 threads)
[2023-11-05T16:16:25.727+0000][3120.319s][info ][safepoint     ] Application time: 1.0013338 seconds
[2023-11-05T16:16:25.728+0000][3120.320s][info ][safepoint     ] Entering safepoint region: Cleanup
[2023-11-05T16:16:25.729+0000][3120.320s][info ][safepoint     ] Leaving safepoint region
[2023-11-05T16:16:25.730+0000][3120.321s][info ][safepoint     ] Total time for which application threads were stopped: 0.0014127 seconds, Stopping threads took: 0.0005377 seconds
[2023-11-05T16:16:26.730+0000][3121.322s][debug][safepoint     ] Safepoint synchronization initiated. (189 threads)
[2023-11-05T16:16:26.731+0000][3121.322s][info ][safepoint     ] Application time: 1.0008022 seconds
[2023-11-05T16:16:26.732+0000][3121.324s][info ][safepoint     ] Entering safepoint region: Cleanup
[2023-11-05T16:16:26.733+0000][3121.325s][info ][safepoint     ] Leaving safepoint region
[2023-11-05T16:16:26.734+0000][3121.325s][info ][safepoint     ] Total time for which application threads were stopped: 0.0018874 seconds, Stopping threads took: 0.0010602 seconds
[2023-11-05T16:16:27.734+0000][3122.326s][debug][safepoint     ] Safepoint synchronization initiated. (189 threads)
[2023-11-05T16:16:27.735+0000][3122.326s][info ][safepoint     ] Application time: 1.0007307 seconds
[2023-11-05T16:16:27.735+0000][3122.327s][info ][safepoint     ] Entering safepoint region: Cleanup
[2023-11-05T16:16:27.736+0000][3122.328s][info ][safepoint     ] Leaving safepoint region
[2023-11-05T16:16:27.737+0000][3122.328s][info ][safepoint     ] Total time for which application threads were stopped: 0.0012647 seconds, Stopping threads took: 0.0005612 seconds
[2023-11-05T16:16:28.737+0000][3123.329s][debug][safepoint     ] Safepoint synchronization initiated. (189 threads)
[2023-11-05T16:16:28.738+0000][3123.329s][info ][safepoint     ] Application time: 1.0009388 seconds
[2023-11-05T16:16:28.739+0000][3123.330s][info ][safepoint     ] Entering safepoint region: Cleanup
[2023-11-05T16:16:28.740+0000][3123.331s][info ][safepoint     ] Leaving safepoint region
[2023-11-05T16:16:28.741+0000][3123.332s][info ][safepoint     ] Total time for which application threads were stopped: 0.0015864 seconds, Stopping threads took: 0.0007018 seconds
[2023-11-05T16:16:29.741+0000][3124.333s][debug][safepoint     ] Safepoint synchronization initiated. (189 threads)
[2023-11-05T16:16:29.742+0000][3124.334s][info ][safepoint     ] Application time: 1.0012394 seconds
[2023-11-05T16:16:29.743+0000][3124.335s][info ][safepoint     ] Entering safepoint region: Cleanup
[2023-11-05T16:16:29.744+0000][3124.336s][info ][safepoint     ] Leaving safepoint region
[2023-11-05T16:16:29.745+0000][3124.336s][info ][safepoint     ] Total time for which application threads were stopped: 0.0017339 seconds, Stopping threads took: 0.0010010 seconds
[2023-11-05T16:16:30.746+0000][3125.337s][debug][safepoint     ] Safepoint synchronization initiated. (189 threads)
[2023-11-05T16:16:30.746+0000][3125.338s][info ][safepoint     ] Application time: 1.0008941 seconds
[2023-11-05T16:16:30.747+0000][3125.338s][info ][safepoint     ] Entering safepoint region: Cleanup
[2023-11-05T16:16:30.748+0000][3125.340s][info ][safepoint     ] Leaving safepoint region
[2023-11-05T16:16:30.749+0000][3125.341s][info ][safepoint     ] Total time for which application threads were stopped: 0.0024115 seconds, Stopping threads took: 0.0007627 seconds
[2023-11-05T16:16:31.750+0000][3126.341s][debug][safepoint     ] Safepoint synchronization initiated. (189 threads)
[2023-11-05T16:16:31.751+0000][3126.342s][info ][safepoint     ] Application time: 1.0009512 seconds
[2023-11-05T16:16:31.751+0000][3126.343s][info ][safepoint     ] Entering safepoint region: Cleanup
[2023-11-05T16:16:31.752+0000][3126.344s][info ][safepoint     ] Leaving safepoint region
[2023-11-05T16:16:31.753+0000][3126.344s][info ][safepoint     ] Total time for which application threads were stopped: 0.0014419 seconds, Stopping threads took: 0.0006440 seconds
[2023-11-05T16:16:32.754+0000][3127.345s][debug][safepoint     ] Safepoint synchronization initiated. (189 threads)
[2023-11-05T16:16:32.756+0000][3127.348s][info ][safepoint     ] Application time: 1.0027038 seconds
[2023-11-05T16:16:32.757+0000][3127.348s][info ][safepoint     ] Entering safepoint region: Cleanup
[2023-11-05T16:16:32.758+0000][3127.349s][info ][safepoint     ] Leaving safepoint region
[2023-11-05T16:16:32.758+0000][3127.350s][info ][safepoint     ] Total time for which application threads were stopped: 0.0016817 seconds, Stopping threads took: 0.0006351 seconds
[2023-11-05T16:16:33.759+0000][3128.350s][debug][safepoint     ] Safepoint synchronization initiated. (189 threads)
[2023-11-05T16:16:33.760+0000][3128.351s][info ][safepoint     ] Application time: 1.0010442 seconds
[2023-11-05T16:16:33.760+0000][3128.352s][info ][safepoint     ] Entering safepoint region: Cleanup
[2023-11-05T16:16:33.761+0000][3128.353s][info ][safepoint     ] Leaving safepoint region
[2023-11-05T16:16:33.762+0000][3128.353s][info ][safepoint     ] Total time for which application threads were stopped: 0.0014008 seconds, Stopping threads took: 0.0005491 seconds
[2023-11-05T16:16:34.762+0000][3129.354s][debug][safepoint     ] Safepoint synchronization initiated. (188 threads)
[2023-11-05T16:16:34.763+0000][3129.354s][info ][safepoint     ] Application time: 1.0007161 seconds
[2023-11-05T16:16:34.764+0000][3129.355s][info ][safepoint     ] Entering safepoint region: Cleanup
[2023-11-05T16:16:34.764+0000][3129.356s][info ][safepoint     ] Leaving safepoint region
[2023-11-05T16:16:34.765+0000][3129.356s][info ][safepoint     ] Total time for which application threads were stopped: 0.0011068 seconds, Stopping threads took: 0.0004341 seconds
[2023-11-05T16:16:35.765+0000][3130.357s][debug][safepoint     ] Safepoint synchronization initiated. (188 threads)
[2023-11-05T16:16:35.766+0000][3130.357s][info ][safepoint     ] Application time: 1.0007131 seconds
[2023-11-05T16:16:35.766+0000][3130.358s][info ][safepoint     ] Entering safepoint region: Cleanup
[2023-11-05T16:16:35.767+0000][3130.358s][info ][safepoint     ] Leaving safepoint region
[2023-11-05T16:16:35.768+0000][3130.359s][info ][safepoint     ] Total time for which application threads were stopped: 0.0012478 seconds, Stopping threads took: 0.0004635 seconds
[2023-11-05T16:16:37.768+0000][3132.360s][debug][safepoint     ] Safepoint synchronization initiated. (188 threads)
[2023-11-05T16:16:37.769+0000][3132.361s][info ][safepoint     ] Application time: 2.0012710 seconds
[2023-11-05T16:16:37.770+0000][3132.361s][info ][safepoint     ] Entering safepoint region: Cleanup
[2023-11-05T16:16:37.771+0000][3132.362s][info ][safepoint     ] Leaving safepoint region
[2023-11-05T16:16:37.771+0000][3132.362s][info ][safepoint     ] Total time for which application threads were stopped: 0.0012712 seconds, Stopping threads took: 0.0005479 seconds
[2023-11-05T16:16:39.772+0000][3134.363s][debug][safepoint     ] Safepoint synchronization initiated. (188 threads)
[2023-11-05T16:16:39.773+0000][3134.364s][info ][safepoint     ] Application time: 2.0010212 seconds
[2023-11-05T16:16:39.773+0000][3134.364s][info ][safepoint     ] Entering safepoint region: Cleanup
[2023-11-05T16:16:39.774+0000][3134.365s][info ][safepoint     ] Leaving safepoint region
[2023-11-05T16:16:39.774+0000][3134.366s][info ][safepoint     ] Total time for which application threads were stopped: 0.0012236 seconds, Stopping threads took: 0.0005002 seconds
[2023-11-05T16:17:50.792+0000][3205.384s][debug][safepoint     ] Safepoint synchronization initiated. (186 threads)
[2023-11-05T16:17:50.793+0000][3205.384s][info ][safepoint     ] Application time: 71.0182756 seconds
[2023-11-05T16:17:50.793+0000][3205.385s][info ][safepoint     ] Entering safepoint region: Cleanup
[2023-11-05T16:17:50.795+0000][3205.386s][info ][safepoint     ] Leaving safepoint region
[2023-11-05T16:17:50.796+0000][3205.387s][info ][safepoint     ] Total time for which application threads were stopped: 0.0025060 seconds, Stopping threads took: 0.0009156 seconds
[2023-11-05T16:17:56.797+0000][3211.389s][debug][safepoint     ] Safepoint synchronization initiated. (189 threads)
[2023-11-05T16:17:56.798+0000][3211.390s][info ][safepoint     ] Application time: 6.0019565 seconds
[2023-11-05T16:17:56.799+0000][3211.391s][info ][safepoint     ] Entering safepoint region: Cleanup
[2023-11-05T16:17:56.800+0000][3211.392s][info ][safepoint     ] Leaving safepoint region
[2023-11-05T16:17:56.801+0000][3211.393s][info ][safepoint     ] Total time for which application threads were stopped: 0.0019996 seconds, Stopping threads took: 0.0008081 seconds
[2023-11-05T16:17:57.802+0000][3212.394s][debug][safepoint     ] Safepoint synchronization initiated. (189 threads)
[2023-11-05T16:17:57.804+0000][3212.395s][info ][safepoint     ] Application time: 1.0018399 seconds
[2023-11-05T16:17:57.804+0000][3212.396s][info ][safepoint     ] Entering safepoint region: Cleanup
[2023-11-05T16:17:57.805+0000][3212.396s][info ][safepoint     ] Leaving safepoint region
[2023-11-05T16:17:57.805+0000][3212.397s][info ][safepoint     ] Total time for which application threads were stopped: 0.0011835 seconds, Stopping threads took: 0.0004821 seconds
[2023-11-05T16:18:18.094+0000][3232.686s][debug][safepoint     ] Safepoint synchronization initiated. (189 threads)
[2023-11-05T16:18:18.095+0000][3232.687s][info ][safepoint     ] Application time: 20.2894027 seconds
[2023-11-05T16:18:18.096+0000][3232.688s][info ][safepoint     ] Entering safepoint region: G1CollectForAllocation
[2023-11-05T16:18:18.098+0000][3232.689s][info ][gc,start      ] GC(115) Pause Young (Prepare Mixed) (G1 Evacuation Pause)
[2023-11-05T16:18:18.098+0000][3232.690s][info ][gc,task       ] GC(115) Using 8 workers of 8 for evacuation
[2023-11-05T16:18:18.103+0000][3232.694s][info ][gc,phases     ] GC(115)   Pre Evacuate Collection Set: 0.0ms
[2023-11-05T16:18:18.104+0000][3232.696s][info ][gc,phases     ] GC(115)   Evacuate Collection Set: 1.5ms
[2023-11-05T16:18:18.105+0000][3232.696s][info ][gc,phases     ] GC(115)   Post Evacuate Collection Set: 2.0ms
[2023-11-05T16:18:18.105+0000][3232.697s][info ][gc,phases     ] GC(115)   Other: 1.5ms
[2023-11-05T16:18:18.105+0000][3232.697s][info ][gc,heap       ] GC(115) Eden regions: 131->0(18)
[2023-11-05T16:18:18.106+0000][3232.698s][info ][gc,heap       ] GC(115) Survivor regions: 1->1(17)
[2023-11-05T16:18:18.106+0000][3232.698s][info ][gc,heap       ] GC(115) Old regions: 141->141
[2023-11-05T16:18:18.107+0000][3232.698s][info ][gc,heap       ] GC(115) Humongous regions: 60->60
[2023-11-05T16:18:18.107+0000][3232.699s][info ][gc,metaspace  ] GC(115) Metaspace: 168636K(175932K)->168636K(175932K) NonClass: 149398K(154216K)->149398K(154216K) Class: 19238K(21716K)->19238K(21716K)
[2023-11-05T16:18:18.108+0000][3232.699s][info ][gc            ] GC(115) Pause Young (Prepare Mixed) (G1 Evacuation Pause) 330M->199M(381M) 10.072ms
[2023-11-05T16:18:18.108+0000][3232.700s][info ][gc,cpu        ] GC(115) User=0.02s Sys=0.00s Real=0.01s
[2023-11-05T16:18:18.109+0000][3232.700s][info ][safepoint     ] Leaving safepoint region
[2023-11-05T16:18:18.109+0000][3232.701s][info ][safepoint     ] Total time for which application threads were stopped: 0.0134088 seconds, Stopping threads took: 0.0015120 seconds
[2023-11-05T16:18:18.110+0000][3232.701s][info ][gc,stringdedup] Concurrent String Deduplication (3232.701s)
[2023-11-05T16:18:18.111+0000][3232.703s][info ][gc,stringdedup] Concurrent String Deduplication 64.0B->0.0B(64.0B) avg 54.4% (3232.701s, 3232.703s) 1.456ms
[2023-11-05T16:18:19.110+0000][3233.702s][debug][safepoint     ] Safepoint synchronization initiated. (189 threads)
[2023-11-05T16:18:19.110+0000][3233.702s][info ][safepoint     ] Application time: 1.0008453 seconds
[2023-11-05T16:18:19.111+0000][3233.703s][info ][safepoint     ] Entering safepoint region: Cleanup
[2023-11-05T16:18:19.112+0000][3233.703s][info ][safepoint     ] Leaving safepoint region
[2023-11-05T16:18:19.112+0000][3233.704s][info ][safepoint     ] Total time for which application threads were stopped: 0.0011220 seconds, Stopping threads took: 0.0004283 seconds
[2023-11-05T16:18:37.009+0000][3251.601s][debug][safepoint     ] Safepoint synchronization initiated. (189 threads)
[2023-11-05T16:18:37.010+0000][3251.601s][info ][safepoint     ] Application time: 17.8973489 seconds
[2023-11-05T16:18:37.010+0000][3251.602s][info ][safepoint     ] Entering safepoint region: G1CollectForAllocation
[2023-11-05T16:18:37.011+0000][3251.603s][info ][gc,start      ] GC(116) Pause Young (Mixed) (G1 Evacuation Pause)
[2023-11-05T16:18:37.012+0000][3251.603s][info ][gc,task       ] GC(116) Using 8 workers of 8 for evacuation
[2023-11-05T16:18:37.017+0000][3251.608s][info ][gc,phases     ] GC(116)   Pre Evacuate Collection Set: 0.0ms
[2023-11-05T16:18:37.017+0000][3251.609s][info ][gc,phases     ] GC(116)   Evacuate Collection Set: 2.3ms
[2023-11-05T16:18:37.018+0000][3251.609s][info ][gc,phases     ] GC(116)   Post Evacuate Collection Set: 2.0ms
[2023-11-05T16:18:37.018+0000][3251.610s][info ][gc,phases     ] GC(116)   Other: 1.1ms
[2023-11-05T16:18:37.019+0000][3251.610s][info ][gc,heap       ] GC(116) Eden regions: 18->0(132)
[2023-11-05T16:18:37.019+0000][3251.611s][info ][gc,heap       ] GC(116) Survivor regions: 1->1(3)
[2023-11-05T16:18:37.020+0000][3251.611s][info ][gc,heap       ] GC(116) Old regions: 141->141
[2023-11-05T16:18:37.020+0000][3251.612s][info ][gc,heap       ] GC(116) Humongous regions: 60->60
[2023-11-05T16:18:37.021+0000][3251.612s][info ][gc,metaspace  ] GC(116) Metaspace: 168638K(175932K)->168638K(175932K) NonClass: 149400K(154216K)->149400K(154216K) Class: 19238K(21716K)->19238K(21716K)
[2023-11-05T16:18:37.021+0000][3251.613s][info ][gc            ] GC(116) Pause Young (Mixed) (G1 Evacuation Pause) 217M->199M(381M) 9.729ms
[2023-11-05T16:18:37.021+0000][3251.613s][info ][gc,cpu        ] GC(116) User=0.02s Sys=0.00s Real=0.01s
[2023-11-05T16:18:37.022+0000][3251.613s][info ][safepoint     ] Leaving safepoint region
[2023-11-05T16:18:37.022+0000][3251.614s][info ][safepoint     ] Total time for which application threads were stopped: 0.0116830 seconds, Stopping threads took: 0.0005416 seconds
[2023-11-05T16:18:37.023+0000][3251.614s][info ][gc,stringdedup] Concurrent String Deduplication (3251.614s)
[2023-11-05T16:18:37.023+0000][3251.615s][info ][gc,stringdedup] Concurrent String Deduplication 344.0B->0.0B(344.0B) avg 54.4% (3251.614s, 3251.615s) 0.350ms
[2023-11-05T16:18:59.029+0000][3273.620s][debug][safepoint     ] Safepoint synchronization initiated. (187 threads)
[2023-11-05T16:18:59.029+0000][3273.621s][info ][safepoint     ] Application time: 22.0066919 seconds
[2023-11-05T16:18:59.031+0000][3273.622s][info ][safepoint     ] Entering safepoint region: Cleanup
[2023-11-05T16:18:59.031+0000][3273.623s][info ][safepoint     ] Leaving safepoint region
[2023-11-05T16:18:59.032+0000][3273.623s][info ][safepoint     ] Total time for which application threads were stopped: 0.0012480 seconds, Stopping threads took: 0.0005952 seconds
[2023-11-05T16:19:10.034+0000][3284.625s][debug][safepoint     ] Safepoint synchronization initiated. (187 threads)
[2023-11-05T16:19:10.035+0000][3284.626s][info ][safepoint     ] Application time: 11.0023514 seconds
[2023-11-05T16:19:10.035+0000][3284.627s][info ][safepoint     ] Entering safepoint region: Cleanup
[2023-11-05T16:19:10.036+0000][3284.628s][info ][safepoint     ] Leaving safepoint region
[2023-11-05T16:19:10.037+0000][3284.628s][info ][safepoint     ] Total time for which application threads were stopped: 0.0014868 seconds, Stopping threads took: 0.0006496 seconds
[2023-11-05T16:19:17.038+0000][3291.630s][debug][safepoint     ] Safepoint synchronization initiated. (187 threads)
[2023-11-05T16:19:17.039+0000][3291.631s][info ][safepoint     ] Application time: 7.0019519 seconds
[2023-11-05T16:19:17.040+0000][3291.631s][info ][safepoint     ] Entering safepoint region: Cleanup
[2023-11-05T16:19:17.041+0000][3291.632s][info ][safepoint     ] Leaving safepoint region
[2023-11-05T16:19:17.041+0000][3291.633s][info ][safepoint     ] Total time for which application threads were stopped: 0.0014881 seconds, Stopping threads took: 0.0006958 seconds
[2023-11-05T16:20:37.057+0000][3371.650s][debug][safepoint     ] Safepoint synchronization initiated. (184 threads)
[2023-11-05T16:20:37.058+0000][3371.650s][info ][safepoint     ] Application time: 80.0170494 seconds
[2023-11-05T16:20:37.059+0000][3371.651s][info ][safepoint     ] Entering safepoint region: Cleanup
[2023-11-05T16:20:37.060+0000][3371.653s][info ][safepoint     ] Leaving safepoint region
[2023-11-05T16:20:37.061+0000][3371.653s][info ][safepoint     ] Total time for which application threads were stopped: 0.0020847 seconds, Stopping threads took: 0.0009952 seconds
[2023-11-05T16:21:05.908+0000][3400.500s][debug][safepoint     ] Safepoint synchronization initiated. (183 threads)
[2023-11-05T16:21:05.909+0000][3400.501s][info ][safepoint     ] Application time: 28.8471441 seconds
[2023-11-05T16:21:05.909+0000][3400.502s][info ][safepoint     ] Entering safepoint region: G1CollectForAllocation
[2023-11-05T16:21:05.910+0000][3400.503s][info ][gc,start      ] GC(117) Pause Young (Concurrent Start) (G1 Evacuation Pause)
[2023-11-05T16:21:05.911+0000][3400.503s][info ][gc,task       ] GC(117) Using 8 workers of 8 for evacuation
[2023-11-05T16:21:05.918+0000][3400.511s][info ][gc,phases     ] GC(117)   Pre Evacuate Collection Set: 1.8ms
[2023-11-05T16:21:05.919+0000][3400.511s][info ][gc,phases     ] GC(117)   Evacuate Collection Set: 2.4ms
[2023-11-05T16:21:05.919+0000][3400.512s][info ][gc,phases     ] GC(117)   Post Evacuate Collection Set: 2.4ms
[2023-11-05T16:21:05.920+0000][3400.512s][info ][gc,phases     ] GC(117)   Other: 1.6ms
[2023-11-05T16:21:05.920+0000][3400.513s][info ][gc,heap       ] GC(117) Eden regions: 132->0(133)
[2023-11-05T16:21:05.921+0000][3400.513s][info ][gc,heap       ] GC(117) Survivor regions: 1->1(17)
[2023-11-05T16:21:05.921+0000][3400.514s][info ][gc,heap       ] GC(117) Old regions: 141->141
[2023-11-05T16:21:05.922+0000][3400.514s][info ][gc,heap       ] GC(117) Humongous regions: 60->60
[2023-11-05T16:21:05.922+0000][3400.515s][info ][gc,metaspace  ] GC(117) Metaspace: 168644K(175932K)->168644K(175932K) NonClass: 149406K(154216K)->149406K(154216K) Class: 19238K(21716K)->19238K(21716K)
[2023-11-05T16:21:05.923+0000][3400.515s][info ][gc            ] GC(117) Pause Young (Concurrent Start) (G1 Evacuation Pause) 331M->199M(381M) 12.398ms
[2023-11-05T16:21:05.923+0000][3400.516s][info ][gc,cpu        ] GC(117) User=0.03s Sys=0.00s Real=0.01s
[2023-11-05T16:21:05.924+0000][3400.516s][info ][safepoint     ] Leaving safepoint region
[2023-11-05T16:21:05.924+0000][3400.517s][info ][safepoint     ] Total time for which application threads were stopped: 0.0149351 seconds, Stopping threads took: 0.0007568 seconds
[2023-11-05T16:21:05.924+0000][3400.516s][info ][gc            ] GC(118) Concurrent Cycle
[2023-11-05T16:21:05.925+0000][3400.518s][info ][gc,marking    ] GC(118) Concurrent Clear Claimed Marks
[2023-11-05T16:21:05.925+0000][3400.517s][info ][gc,stringdedup] Concurrent String Deduplication (3400.517s)
[2023-11-05T16:21:05.926+0000][3400.519s][info ][gc,stringdedup] Concurrent String Deduplication 40.0B->40.0B(0.0B) avg 54.4% (3400.517s, 3400.519s) 1.225ms
[2023-11-05T16:21:05.926+0000][3400.519s][info ][gc,marking    ] GC(118) Concurrent Clear Claimed Marks 1.146ms
[2023-11-05T16:21:05.927+0000][3400.519s][info ][gc,marking    ] GC(118) Concurrent Scan Root Regions
[2023-11-05T16:21:05.930+0000][3400.523s][info ][gc,marking    ] GC(118) Concurrent Scan Root Regions 3.131ms
[2023-11-05T16:21:05.931+0000][3400.523s][info ][gc,marking    ] GC(118) Concurrent Mark (3400.523s)
[2023-11-05T16:21:05.931+0000][3400.524s][info ][gc,marking    ] GC(118) Concurrent Mark From Roots
[2023-11-05T16:21:05.932+0000][3400.524s][info ][gc,task       ] GC(118) Using 2 workers of 2 for marking
[2023-11-05T16:21:06.027+0000][3400.620s][info ][gc,marking    ] GC(118) Concurrent Mark From Roots 95.957ms
[2023-11-05T16:21:06.028+0000][3400.620s][info ][gc,marking    ] GC(118) Concurrent Preclean
[2023-11-05T16:21:06.028+0000][3400.621s][info ][gc,marking    ] GC(118) Concurrent Preclean 0.608ms
[2023-11-05T16:21:06.029+0000][3400.621s][info ][gc,marking    ] GC(118) Concurrent Mark (3400.523s, 3400.621s) 98.087ms
[2023-11-05T16:21:06.029+0000][3400.622s][debug][safepoint     ] Safepoint synchronization initiated. (183 threads)
[2023-11-05T16:21:06.030+0000][3400.622s][info ][safepoint     ] Application time: 0.1049882 seconds
[2023-11-05T16:21:06.030+0000][3400.623s][info ][safepoint     ] Entering safepoint region: CGC_Operation
[2023-11-05T16:21:06.031+0000][3400.623s][info ][gc,start      ] GC(118) Pause Remark
[2023-11-05T16:21:06.047+0000][3400.639s][info ][gc,stringtable] GC(118) Cleaned string and symbol table, strings: 71969 processed, 0 removed, symbols: 409727 processed, 6 removed
[2023-11-05T16:21:06.048+0000][3400.640s][info ][gc            ] GC(118) Pause Remark 201M->201M(381M) 16.749ms
[2023-11-05T16:21:06.048+0000][3400.641s][info ][gc,cpu        ] GC(118) User=0.11s Sys=0.00s Real=0.02s
[2023-11-05T16:21:06.049+0000][3400.641s][info ][safepoint     ] Leaving safepoint region
[2023-11-05T16:21:06.049+0000][3400.642s][info ][safepoint     ] Total time for which application threads were stopped: 0.0190718 seconds, Stopping threads took: 0.0004413 seconds
[2023-11-05T16:21:06.050+0000][3400.642s][info ][gc,marking    ] GC(118) Concurrent Rebuild Remembered Sets
[2023-11-05T16:21:06.117+0000][3400.709s][info ][gc,marking    ] GC(118) Concurrent Rebuild Remembered Sets 67.043ms
[2023-11-05T16:21:06.118+0000][3400.710s][debug][safepoint     ] Safepoint synchronization initiated. (183 threads)
[2023-11-05T16:21:06.118+0000][3400.711s][info ][safepoint     ] Application time: 0.0683957 seconds
[2023-11-05T16:21:06.119+0000][3400.711s][info ][safepoint     ] Entering safepoint region: CGC_Operation
[2023-11-05T16:21:06.120+0000][3400.712s][info ][gc,start      ] GC(118) Pause Cleanup
[2023-11-05T16:21:06.120+0000][3400.713s][info ][gc            ] GC(118) Pause Cleanup 201M->201M(381M) 0.866ms
[2023-11-05T16:21:06.121+0000][3400.713s][info ][gc,cpu        ] GC(118) User=0.00s Sys=0.00s Real=0.00s
[2023-11-05T16:21:06.121+0000][3400.714s][info ][safepoint     ] Leaving safepoint region
[2023-11-05T16:21:06.121+0000][3400.714s][info ][safepoint     ] Total time for which application threads were stopped: 0.0028023 seconds, Stopping threads took: 0.0006765 seconds
[2023-11-05T16:21:06.122+0000][3400.714s][info ][gc,marking    ] GC(118) Concurrent Cleanup for Next Mark
[2023-11-05T16:21:06.123+0000][3400.716s][info ][gc,marking    ] GC(118) Concurrent Cleanup for Next Mark 1.178ms
[2023-11-05T16:21:06.124+0000][3400.716s][info ][gc            ] GC(118) Concurrent Cycle 199.805ms
[2023-11-05T16:21:31.127+0000][3425.720s][debug][safepoint     ] Safepoint synchronization initiated. (183 threads)
[2023-11-05T16:21:31.128+0000][3425.721s][info ][safepoint     ] Application time: 25.0067379 seconds
[2023-11-05T16:21:31.129+0000][3425.721s][info ][safepoint     ] Entering safepoint region: Cleanup
[2023-11-05T16:21:31.129+0000][3425.722s][info ][safepoint     ] Leaving safepoint region
[2023-11-05T16:21:31.130+0000][3425.722s][info ][safepoint     ] Total time for which application threads were stopped: 0.0009693 seconds, Stopping threads took: 0.0004044 seconds
[2023-11-05T16:23:35.801+0000][3550.395s][debug][safepoint     ] Safepoint synchronization initiated. (184 threads)
[2023-11-05T16:23:35.802+0000][3550.396s][info ][safepoint     ] Application time: 124.6730597 seconds
[2023-11-05T16:23:35.803+0000][3550.397s][info ][safepoint     ] Entering safepoint region: G1CollectForAllocation
[2023-11-05T16:23:35.804+0000][3550.399s][info ][gc,start      ] GC(119) Pause Young (Prepare Mixed) (G1 Evacuation Pause)
[2023-11-05T16:23:35.805+0000][3550.399s][info ][gc,task       ] GC(119) Using 8 workers of 8 for evacuation
[2023-11-05T16:23:35.811+0000][3550.405s][info ][gc,phases     ] GC(119)   Pre Evacuate Collection Set: 0.0ms
[2023-11-05T16:23:35.812+0000][3550.406s][info ][gc,phases     ] GC(119)   Evacuate Collection Set: 2.3ms
[2023-11-05T16:23:35.812+0000][3550.406s][info ][gc,phases     ] GC(119)   Post Evacuate Collection Set: 2.4ms
[2023-11-05T16:23:35.813+0000][3550.407s][info ][gc,phases     ] GC(119)   Other: 1.9ms
[2023-11-05T16:23:35.813+0000][3550.407s][info ][gc,heap       ] GC(119) Eden regions: 133->0(18)
[2023-11-05T16:23:35.814+0000][3550.408s][info ][gc,heap       ] GC(119) Survivor regions: 1->1(17)
[2023-11-05T16:23:35.814+0000][3550.409s][info ][gc,heap       ] GC(119) Old regions: 141->141
[2023-11-05T16:23:35.815+0000][3550.409s][info ][gc,heap       ] GC(119) Humongous regions: 60->60
[2023-11-05T16:23:35.815+0000][3550.409s][info ][gc,metaspace  ] GC(119) Metaspace: 168661K(175932K)->168661K(175932K) NonClass: 149420K(154216K)->149420K(154216K) Class: 19240K(21716K)->19240K(21716K)
[2023-11-05T16:23:35.816+0000][3550.410s][info ][gc            ] GC(119) Pause Young (Prepare Mixed) (G1 Evacuation Pause) 332M->199M(381M) 11.150ms
[2023-11-05T16:23:35.816+0000][3550.410s][info ][gc,cpu        ] GC(119) User=0.03s Sys=0.01s Real=0.01s
[2023-11-05T16:23:35.817+0000][3550.411s][info ][safepoint     ] Leaving safepoint region
[2023-11-05T16:23:35.817+0000][3550.412s][info ][safepoint     ] Total time for which application threads were stopped: 0.0148269 seconds, Stopping threads took: 0.0011528 seconds
[2023-11-05T16:23:39.819+0000][3554.413s][debug][safepoint     ] Safepoint synchronization initiated. (186 threads)
[2023-11-05T16:23:39.819+0000][3554.413s][info ][safepoint     ] Application time: 4.0014138 seconds
[2023-11-05T16:23:39.820+0000][3554.414s][info ][safepoint     ] Entering safepoint region: Cleanup
[2023-11-05T16:23:39.820+0000][3554.414s][info ][safepoint     ] Leaving safepoint region
[2023-11-05T16:23:39.820+0000][3554.415s][info ][safepoint     ] Total time for which application threads were stopped: 0.0009195 seconds, Stopping threads took: 0.0003669 seconds
[2023-11-05T16:23:54.565+0000][3569.159s][debug][safepoint     ] Safepoint synchronization initiated. (186 threads)
[2023-11-05T16:23:54.566+0000][3569.161s][info ][safepoint     ] Application time: 14.7456252 seconds
[2023-11-05T16:23:54.567+0000][3569.161s][info ][safepoint     ] Entering safepoint region: G1CollectForAllocation
[2023-11-05T16:23:54.568+0000][3569.162s][info ][gc,start      ] GC(120) Pause Young (Mixed) (G1 Evacuation Pause)
[2023-11-05T16:23:54.568+0000][3569.162s][info ][gc,task       ] GC(120) Using 8 workers of 8 for evacuation
[2023-11-05T16:23:54.583+0000][3569.177s][info ][gc,phases     ] GC(120)   Pre Evacuate Collection Set: 0.0ms
[2023-11-05T16:23:54.584+0000][3569.178s][info ][gc,phases     ] GC(120)   Evacuate Collection Set: 12.2ms
[2023-11-05T16:23:54.584+0000][3569.179s][info ][gc,phases     ] GC(120)   Post Evacuate Collection Set: 2.2ms
[2023-11-05T16:23:54.585+0000][3569.179s][info ][gc,phases     ] GC(120)   Other: 1.2ms
[2023-11-05T16:23:54.585+0000][3569.180s][info ][gc,heap       ] GC(120) Eden regions: 18->0(134)
[2023-11-05T16:23:54.586+0000][3569.180s][info ][gc,heap       ] GC(120) Survivor regions: 1->1(3)
[2023-11-05T16:23:54.586+0000][3569.181s][info ][gc,heap       ] GC(120) Old regions: 141->140
[2023-11-05T16:23:54.587+0000][3569.181s][info ][gc,heap       ] GC(120) Humongous regions: 60->60
[2023-11-05T16:23:54.587+0000][3569.181s][info ][gc,metaspace  ] GC(120) Metaspace: 168663K(175932K)->168663K(175932K) NonClass: 149423K(154216K)->149423K(154216K) Class: 19240K(21716K)->19240K(21716K)
[2023-11-05T16:23:54.588+0000][3569.182s][info ][gc            ] GC(120) Pause Young (Mixed) (G1 Evacuation Pause) 217M->198M(381M) 20.087ms
[2023-11-05T16:23:54.588+0000][3569.183s][info ][gc,cpu        ] GC(120) User=0.09s Sys=0.01s Real=0.02s
[2023-11-05T16:23:54.589+0000][3569.183s][info ][safepoint     ] Leaving safepoint region
[2023-11-05T16:23:54.589+0000][3569.183s][info ][safepoint     ] Total time for which application threads were stopped: 0.0223553 seconds, Stopping threads took: 0.0005579 seconds
[2023-11-05T16:23:54.590+0000][3569.184s][info ][gc,stringdedup] Concurrent String Deduplication (3569.184s)
[2023-11-05T16:23:54.591+0000][3569.185s][info ][gc,stringdedup] Concurrent String Deduplication 256.0B->200.0B(56.0B) avg 54.4% (3569.184s, 3569.185s) 1.113ms
[2023-11-05T16:23:55.590+0000][3570.184s][debug][safepoint     ] Safepoint synchronization initiated. (186 threads)
[2023-11-05T16:23:55.591+0000][3570.185s][info ][safepoint     ] Application time: 1.0009601 seconds
[2023-11-05T16:23:55.592+0000][3570.186s][info ][safepoint     ] Entering safepoint region: Cleanup
[2023-11-05T16:23:55.594+0000][3570.188s][info ][safepoint     ] Leaving safepoint region
[2023-11-05T16:23:55.594+0000][3570.188s][info ][safepoint     ] Total time for which application threads were stopped: 0.0027050 seconds, Stopping threads took: 0.0015686 seconds
[2023-11-05T16:25:02.608+0000][3637.202s][debug][safepoint     ] Safepoint synchronization initiated. (183 threads)
[2023-11-05T16:25:02.610+0000][3637.204s][info ][safepoint     ] Application time: 67.0147160 seconds
[2023-11-05T16:25:02.611+0000][3637.205s][info ][safepoint     ] Entering safepoint region: Cleanup
[2023-11-05T16:25:02.612+0000][3637.206s][info ][safepoint     ] Leaving safepoint region
[2023-11-05T16:25:02.613+0000][3637.207s][info ][safepoint     ] Total time for which application threads were stopped: 0.0023683 seconds, Stopping threads took: 0.0011832 seconds
[2023-11-05T16:25:34.620+0000][3669.214s][debug][safepoint     ] Safepoint synchronization initiated. (184 threads)
[2023-11-05T16:25:34.621+0000][3669.215s][info ][safepoint     ] Application time: 32.0069038 seconds
[2023-11-05T16:25:34.621+0000][3669.215s][info ][safepoint     ] Entering safepoint region: Cleanup
[2023-11-05T16:25:34.622+0000][3669.216s][info ][safepoint     ] Leaving safepoint region
[2023-11-05T16:25:34.623+0000][3669.217s][info ][safepoint     ] Total time for which application threads were stopped: 0.0016983 seconds, Stopping threads took: 0.0005773 seconds
[2023-11-05T16:26:01.630+0000][3696.224s][debug][safepoint     ] Safepoint synchronization initiated. (184 threads)
[2023-11-05T16:26:01.630+0000][3696.224s][info ][safepoint     ] Application time: 27.0065749 seconds
[2023-11-05T16:26:01.631+0000][3696.225s][info ][safepoint     ] Entering safepoint region: Cleanup
[2023-11-05T16:26:01.632+0000][3696.226s][info ][safepoint     ] Leaving safepoint region
[2023-11-05T16:26:01.632+0000][3696.226s][info ][safepoint     ] Total time for which application threads were stopped: 0.0014445 seconds, Stopping threads took: 0.0005196 seconds
[2023-11-05T16:26:23.714+0000][3718.308s][debug][safepoint     ] Safepoint synchronization initiated. (184 threads)
[2023-11-05T16:26:23.714+0000][3718.308s][info ][safepoint     ] Application time: 22.0814907 seconds
[2023-11-05T16:26:23.715+0000][3718.309s][info ][safepoint     ] Entering safepoint region: G1CollectForAllocation
[2023-11-05T16:26:23.716+0000][3718.310s][info ][gc,start      ] GC(121) Pause Young (Concurrent Start) (G1 Evacuation Pause)
[2023-11-05T16:26:23.717+0000][3718.311s][info ][gc,task       ] GC(121) Using 8 workers of 8 for evacuation
[2023-11-05T16:26:23.731+0000][3718.325s][info ][gc,phases     ] GC(121)   Pre Evacuate Collection Set: 1.2ms
[2023-11-05T16:26:23.733+0000][3718.327s][info ][gc,phases     ] GC(121)   Evacuate Collection Set: 9.8ms
[2023-11-05T16:26:23.734+0000][3718.328s][info ][gc,phases     ] GC(121)   Post Evacuate Collection Set: 2.4ms
[2023-11-05T16:26:23.734+0000][3718.328s][info ][gc,phases     ] GC(121)   Other: 1.5ms
[2023-11-05T16:26:23.735+0000][3718.329s][info ][gc,heap       ] GC(121) Eden regions: 134->0(134)
[2023-11-05T16:26:23.735+0000][3718.329s][info ][gc,heap       ] GC(121) Survivor regions: 1->2(17)
[2023-11-05T16:26:23.736+0000][3718.330s][info ][gc,heap       ] GC(121) Old regions: 140->140
[2023-11-05T16:26:23.736+0000][3718.330s][info ][gc,heap       ] GC(121) Humongous regions: 60->60
[2023-11-05T16:26:23.737+0000][3718.331s][info ][gc,metaspace  ] GC(121) Metaspace: 168686K(175932K)->168686K(175932K) NonClass: 149443K(154216K)->149443K(154216K) Class: 19242K(21716K)->19242K(21716K)
[2023-11-05T16:26:23.737+0000][3718.331s][info ][gc            ] GC(121) Pause Young (Concurrent Start) (G1 Evacuation Pause) 332M->199M(381M) 20.740ms
[2023-11-05T16:26:23.737+0000][3718.331s][info ][gc,cpu        ] GC(121) User=0.09s Sys=0.00s Real=0.02s
[2023-11-05T16:26:23.738+0000][3718.332s][info ][gc            ] GC(122) Concurrent Cycle
[2023-11-05T16:26:23.738+0000][3718.332s][info ][safepoint     ] Leaving safepoint region
[2023-11-05T16:26:23.740+0000][3718.334s][info ][safepoint     ] Total time for which application threads were stopped: 0.0246976 seconds, Stopping threads took: 0.0011646 seconds
[2023-11-05T16:26:23.739+0000][3718.333s][info ][gc,marking    ] GC(122) Concurrent Clear Claimed Marks
[2023-11-05T16:26:23.740+0000][3718.334s][info ][gc,stringdedup] Concurrent String Deduplication (3718.334s)
[2023-11-05T16:26:23.741+0000][3718.335s][info ][gc,stringdedup] Concurrent String Deduplication 3232.0B->896.0B(2336.0B) avg 54.4% (3718.334s, 3718.335s) 0.848ms
[2023-11-05T16:26:23.741+0000][3718.335s][info ][gc,marking    ] GC(122) Concurrent Clear Claimed Marks 2.324ms
[2023-11-05T16:26:23.742+0000][3718.336s][info ][gc,marking    ] GC(122) Concurrent Scan Root Regions
[2023-11-05T16:26:23.745+0000][3718.340s][info ][gc,marking    ] GC(122) Concurrent Scan Root Regions 3.578ms
[2023-11-05T16:26:23.746+0000][3718.340s][info ][gc,marking    ] GC(122) Concurrent Mark (3718.340s)
[2023-11-05T16:26:23.747+0000][3718.341s][info ][gc,marking    ] GC(122) Concurrent Mark From Roots
[2023-11-05T16:26:23.749+0000][3718.343s][info ][gc,task       ] GC(122) Using 2 workers of 2 for marking
[2023-11-05T16:26:23.891+0000][3718.485s][info ][gc,marking    ] GC(122) Concurrent Mark From Roots 143.745ms
[2023-11-05T16:26:23.891+0000][3718.486s][info ][gc,marking    ] GC(122) Concurrent Preclean
[2023-11-05T16:26:23.892+0000][3718.486s][info ][gc,marking    ] GC(122) Concurrent Preclean 0.556ms
[2023-11-05T16:26:23.892+0000][3718.487s][info ][gc,marking    ] GC(122) Concurrent Mark (3718.340s, 3718.487s) 146.478ms
[2023-11-05T16:26:23.893+0000][3718.487s][debug][safepoint     ] Safepoint synchronization initiated. (184 threads)
[2023-11-05T16:26:23.893+0000][3718.487s][info ][safepoint     ] Application time: 0.1531374 seconds
[2023-11-05T16:26:23.894+0000][3718.488s][info ][safepoint     ] Entering safepoint region: CGC_Operation
[2023-11-05T16:26:23.894+0000][3718.488s][info ][gc,start      ] GC(122) Pause Remark
[2023-11-05T16:26:23.927+0000][3718.521s][info ][gc,stringtable] GC(122) Cleaned string and symbol table, strings: 72018 processed, 23 removed, symbols: 409731 processed, 0 removed
[2023-11-05T16:26:23.927+0000][3718.522s][info ][gc            ] GC(122) Pause Remark 202M->202M(381M) 33.272ms
[2023-11-05T16:26:23.928+0000][3718.522s][info ][gc,cpu        ] GC(122) User=0.20s Sys=0.00s Real=0.03s
[2023-11-05T16:26:23.928+0000][3718.522s][info ][safepoint     ] Leaving safepoint region
[2023-11-05T16:26:23.928+0000][3718.523s][info ][safepoint     ] Total time for which application threads were stopped: 0.0348409 seconds, Stopping threads took: 0.0003933 seconds
[2023-11-05T16:26:23.929+0000][3718.523s][info ][gc,marking    ] GC(122) Concurrent Rebuild Remembered Sets
[2023-11-05T16:26:23.999+0000][3718.593s][info ][gc,marking    ] GC(122) Concurrent Rebuild Remembered Sets 70.251ms
[2023-11-05T16:26:24.000+0000][3718.594s][debug][safepoint     ] Safepoint synchronization initiated. (184 threads)
[2023-11-05T16:26:24.000+0000][3718.594s][info ][safepoint     ] Application time: 0.0711139 seconds
[2023-11-05T16:26:24.000+0000][3718.595s][info ][safepoint     ] Entering safepoint region: CGC_Operation
[2023-11-05T16:26:24.001+0000][3718.595s][info ][gc,start      ] GC(122) Pause Cleanup
[2023-11-05T16:26:24.002+0000][3718.596s][info ][gc            ] GC(122) Pause Cleanup 202M->202M(381M) 0.656ms
[2023-11-05T16:26:24.002+0000][3718.596s][info ][gc,cpu        ] GC(122) User=0.00s Sys=0.00s Real=0.00s
[2023-11-05T16:26:24.002+0000][3718.597s][info ][safepoint     ] Leaving safepoint region
[2023-11-05T16:26:24.003+0000][3718.597s][info ][safepoint     ] Total time for which application threads were stopped: 0.0024098 seconds, Stopping threads took: 0.0003374 seconds
[2023-11-05T16:26:24.003+0000][3718.597s][info ][gc,marking    ] GC(122) Concurrent Cleanup for Next Mark
[2023-11-05T16:26:24.004+0000][3718.599s][info ][gc,marking    ] GC(122) Concurrent Cleanup for Next Mark 1.355ms
[2023-11-05T16:26:24.005+0000][3718.599s][info ][gc            ] GC(122) Concurrent Cycle 267.078ms
[2023-11-05T16:26:29.004+0000][3723.598s][debug][safepoint     ] Safepoint synchronization initiated. (184 threads)
[2023-11-05T16:26:29.005+0000][3723.599s][info ][safepoint     ] Application time: 5.0016086 seconds
[2023-11-05T16:26:29.006+0000][3723.600s][info ][safepoint     ] Entering safepoint region: Cleanup
[2023-11-05T16:26:29.007+0000][3723.601s][info ][safepoint     ] Leaving safepoint region
[2023-11-05T16:26:29.007+0000][3723.602s][info ][safepoint     ] Total time for which application threads were stopped: 0.0015256 seconds, Stopping threads took: 0.0005606 seconds
[2023-11-05T16:27:07.011+0000][3761.610s][debug][safepoint     ] Safepoint synchronization initiated. (184 threads)
[2023-11-05T16:27:07.012+0000][3761.611s][info ][safepoint     ] Application time: 38.0084849 seconds
[2023-11-05T16:27:07.013+0000][3761.612s][info ][safepoint     ] Entering safepoint region: Cleanup
[2023-11-05T16:27:07.014+0000][3761.613s][info ][safepoint     ] Leaving safepoint region
[2023-11-05T16:27:07.015+0000][3761.614s][info ][safepoint     ] Total time for which application threads were stopped: 0.0021552 seconds, Stopping threads took: 0.0008764 seconds
[2023-11-05T16:27:37.022+0000][3791.623s][debug][safepoint     ] Safepoint synchronization initiated. (184 threads)
[2023-11-05T16:27:37.023+0000][3791.623s][info ][safepoint     ] Application time: 30.0082734 seconds
[2023-11-05T16:27:37.024+0000][3791.624s][info ][safepoint     ] Entering safepoint region: Cleanup
[2023-11-05T16:27:37.025+0000][3791.625s][info ][safepoint     ] Leaving safepoint region
[2023-11-05T16:27:37.025+0000][3791.625s][info ][safepoint     ] Total time for which application threads were stopped: 0.0014766 seconds, Stopping threads took: 0.0006482 seconds
[2023-11-05T16:28:14.036+0000][3828.635s][debug][safepoint     ] Safepoint synchronization initiated. (185 threads)
[2023-11-05T16:28:14.036+0000][3828.636s][info ][safepoint     ] Application time: 37.0095674 seconds
[2023-11-05T16:28:14.037+0000][3828.636s][info ][safepoint     ] Entering safepoint region: Cleanup
[2023-11-05T16:28:14.037+0000][3828.637s][info ][safepoint     ] Leaving safepoint region
[2023-11-05T16:28:14.038+0000][3828.637s][info ][safepoint     ] Total time for which application threads were stopped: 0.0010670 seconds, Stopping threads took: 0.0004042 seconds
[2023-11-05T16:28:34.043+0000][3848.642s][debug][safepoint     ] Safepoint synchronization initiated. (185 threads)
[2023-11-05T16:28:34.044+0000][3848.643s][info ][safepoint     ] Application time: 20.0057906 seconds
[2023-11-05T16:28:34.045+0000][3848.644s][info ][safepoint     ] Entering safepoint region: Cleanup
[2023-11-05T16:28:34.046+0000][3848.645s][info ][safepoint     ] Leaving safepoint region
[2023-11-05T16:28:34.047+0000][3848.646s][info ][safepoint     ] Total time for which application threads were stopped: 0.0020009 seconds, Stopping threads took: 0.0008425 seconds
[2023-11-05T16:28:54.261+0000][3868.861s][debug][safepoint     ] Safepoint synchronization initiated. (185 threads)
[2023-11-05T16:28:54.262+0000][3868.862s][info ][safepoint     ] Application time: 20.2145808 seconds
[2023-11-05T16:28:54.263+0000][3868.862s][info ][safepoint     ] Entering safepoint region: G1CollectForAllocation
[2023-11-05T16:28:54.264+0000][3868.864s][info ][gc,start      ] GC(123) Pause Young (Normal) (G1 Evacuation Pause)
[2023-11-05T16:28:54.265+0000][3868.864s][info ][gc,task       ] GC(123) Using 8 workers of 8 for evacuation
[2023-11-05T16:28:54.271+0000][3868.870s][info ][gc,phases     ] GC(123)   Pre Evacuate Collection Set: 0.0ms
[2023-11-05T16:28:54.271+0000][3868.871s][info ][gc,phases     ] GC(123)   Evacuate Collection Set: 2.8ms
[2023-11-05T16:28:54.272+0000][3868.871s][info ][gc,phases     ] GC(123)   Post Evacuate Collection Set: 2.0ms
[2023-11-05T16:28:54.272+0000][3868.872s][info ][gc,phases     ] GC(123)   Other: 1.6ms
[2023-11-05T16:28:54.273+0000][3868.872s][info ][gc,heap       ] GC(123) Eden regions: 134->0(134)
[2023-11-05T16:28:54.273+0000][3868.873s][info ][gc,heap       ] GC(123) Survivor regions: 2->2(17)
[2023-11-05T16:28:54.274+0000][3868.873s][info ][gc,heap       ] GC(123) Old regions: 140->140
[2023-11-05T16:28:54.274+0000][3868.874s][info ][gc,heap       ] GC(123) Humongous regions: 60->60
[2023-11-05T16:28:54.275+0000][3868.874s][info ][gc,metaspace  ] GC(123) Metaspace: 168725K(175932K)->168725K(175932K) NonClass: 149483K(154216K)->149483K(154216K) Class: 19242K(21716K)->19242K(21716K)
[2023-11-05T16:28:54.275+0000][3868.875s][info ][gc            ] GC(123) Pause Young (Normal) (G1 Evacuation Pause) 333M->199M(381M) 10.986ms
[2023-11-05T16:28:54.276+0000][3868.875s][info ][gc,cpu        ] GC(123) User=0.03s Sys=0.00s Real=0.01s
[2023-11-05T16:28:54.276+0000][3868.876s][info ][safepoint     ] Leaving safepoint region
[2023-11-05T16:28:54.277+0000][3868.876s][info ][safepoint     ] Total time for which application threads were stopped: 0.0138432 seconds, Stopping threads took: 0.0010406 seconds
[2023-11-05T16:28:54.277+0000][3868.877s][info ][gc,stringdedup] Concurrent String Deduplication (3868.877s)
[2023-11-05T16:28:54.278+0000][3868.877s][info ][gc,stringdedup] Concurrent String Deduplication 7552.0B->0.0B(7552.0B) avg 54.4% (3868.877s, 3868.877s) 0.495ms
[2023-11-05T16:29:34.287+0000][3908.887s][debug][safepoint     ] Safepoint synchronization initiated. (185 threads)
[2023-11-05T16:29:34.288+0000][3908.887s][info ][safepoint     ] Application time: 40.0107925 seconds
[2023-11-05T16:29:34.289+0000][3908.888s][info ][safepoint     ] Entering safepoint region: Cleanup
[2023-11-05T16:29:34.290+0000][3908.889s][info ][safepoint     ] Leaving safepoint region
[2023-11-05T16:29:34.290+0000][3908.890s][info ][safepoint     ] Total time for which application threads were stopped: 0.0016663 seconds, Stopping threads took: 0.0006968 seconds
[2023-11-05T16:29:35.292+0000][3909.891s][debug][safepoint     ] Safepoint synchronization initiated. (184 threads)
[2023-11-05T16:29:35.292+0000][3909.891s][info ][safepoint     ] Application time: 1.0011094 seconds
[2023-11-05T16:29:35.293+0000][3909.892s][info ][safepoint     ] Entering safepoint region: Cleanup
[2023-11-05T16:29:35.293+0000][3909.893s][info ][safepoint     ] Leaving safepoint region
[2023-11-05T16:29:35.294+0000][3909.893s][info ][safepoint     ] Total time for which application threads were stopped: 0.0013238 seconds, Stopping threads took: 0.0005019 seconds
[2023-11-05T16:30:10.301+0000][3944.901s][debug][safepoint     ] Safepoint synchronization initiated. (184 threads)
[2023-11-05T16:30:10.302+0000][3944.902s][info ][safepoint     ] Application time: 35.0078188 seconds
[2023-11-05T16:30:10.303+0000][3944.902s][info ][safepoint     ] Entering safepoint region: Cleanup
[2023-11-05T16:30:10.304+0000][3944.903s][info ][safepoint     ] Leaving safepoint region
[2023-11-05T16:30:10.304+0000][3944.904s][info ][safepoint     ] Total time for which application threads were stopped: 0.0015931 seconds, Stopping threads took: 0.0009289 seconds
[2023-11-05T16:30:35.311+0000][3969.910s][debug][safepoint     ] Safepoint synchronization initiated. (183 threads)
[2023-11-05T16:30:35.311+0000][3969.910s][info ][safepoint     ] Application time: 25.0059564 seconds
[2023-11-05T16:30:35.312+0000][3969.911s][info ][safepoint     ] Entering safepoint region: Cleanup
[2023-11-05T16:30:35.312+0000][3969.912s][info ][safepoint     ] Leaving safepoint region
[2023-11-05T16:30:35.313+0000][3969.912s][info ][safepoint     ] Total time for which application threads were stopped: 0.0015883 seconds, Stopping threads took: 0.0005040 seconds
[2023-11-05T16:31:25.745+0000][4020.344s][debug][safepoint     ] Safepoint synchronization initiated. (183 threads)
[2023-11-05T16:31:25.746+0000][4020.345s][info ][safepoint     ] Application time: 50.4311364 seconds
[2023-11-05T16:31:25.747+0000][4020.346s][info ][safepoint     ] Entering safepoint region: G1CollectForAllocation
[2023-11-05T16:31:25.748+0000][4020.347s][info ][gc,start      ] GC(124) Pause Young (Concurrent Start) (G1 Evacuation Pause)
[2023-11-05T16:31:25.748+0000][4020.348s][info ][gc,task       ] GC(124) Using 8 workers of 8 for evacuation
[2023-11-05T16:31:25.755+0000][4020.354s][info ][gc,phases     ] GC(124)   Pre Evacuate Collection Set: 0.9ms
[2023-11-05T16:31:25.755+0000][4020.354s][info ][gc,phases     ] GC(124)   Evacuate Collection Set: 2.3ms
[2023-11-05T16:31:25.756+0000][4020.355s][info ][gc,phases     ] GC(124)   Post Evacuate Collection Set: 2.2ms
[2023-11-05T16:31:25.756+0000][4020.356s][info ][gc,phases     ] GC(124)   Other: 1.7ms
[2023-11-05T16:31:25.757+0000][4020.356s][info ][gc,heap       ] GC(124) Eden regions: 134->0(135)
[2023-11-05T16:31:25.758+0000][4020.357s][info ][gc,heap       ] GC(124) Survivor regions: 2->2(17)
[2023-11-05T16:31:25.758+0000][4020.357s][info ][gc,heap       ] GC(124) Old regions: 140->140
[2023-11-05T16:31:25.759+0000][4020.358s][info ][gc,heap       ] GC(124) Humongous regions: 60->60
[2023-11-05T16:31:25.759+0000][4020.358s][info ][gc,metaspace  ] GC(124) Metaspace: 168741K(175932K)->168741K(175932K) NonClass: 149498K(154216K)->149498K(154216K) Class: 19242K(21716K)->19242K(21716K)
[2023-11-05T16:31:25.760+0000][4020.359s][info ][gc            ] GC(124) Pause Young (Concurrent Start) (G1 Evacuation Pause) 333M->199M(381M) 11.972ms
[2023-11-05T16:31:25.760+0000][4020.359s][info ][gc,cpu        ] GC(124) User=0.02s Sys=0.00s Real=0.02s
[2023-11-05T16:31:25.760+0000][4020.360s][info ][safepoint     ] Leaving safepoint region
[2023-11-05T16:31:25.761+0000][4020.360s][info ][safepoint     ] Total time for which application threads were stopped: 0.0145126 seconds, Stopping threads took: 0.0008455 seconds
[2023-11-05T16:31:25.760+0000][4020.360s][info ][gc            ] GC(125) Concurrent Cycle
[2023-11-05T16:31:25.762+0000][4020.361s][info ][gc,marking    ] GC(125) Concurrent Clear Claimed Marks
[2023-11-05T16:31:25.761+0000][4020.361s][info ][gc,stringdedup] Concurrent String Deduplication (4020.361s)
[2023-11-05T16:31:25.763+0000][4020.362s][info ][gc,marking    ] GC(125) Concurrent Clear Claimed Marks 0.986ms
[2023-11-05T16:31:25.763+0000][4020.363s][info ][gc,marking    ] GC(125) Concurrent Scan Root Regions
[2023-11-05T16:31:25.763+0000][4020.362s][info ][gc,stringdedup] Concurrent String Deduplication 27072.0B->2288.0B(24784.0B) avg 54.4% (4020.361s, 4020.362s) 1.848ms
[2023-11-05T16:31:25.767+0000][4020.366s][info ][gc,marking    ] GC(125) Concurrent Scan Root Regions 3.114ms
[2023-11-05T16:31:25.767+0000][4020.366s][info ][gc,marking    ] GC(125) Concurrent Mark (4020.366s)
[2023-11-05T16:31:25.767+0000][4020.367s][info ][gc,marking    ] GC(125) Concurrent Mark From Roots
[2023-11-05T16:31:25.768+0000][4020.367s][info ][gc,task       ] GC(125) Using 2 workers of 2 for marking
[2023-11-05T16:31:25.854+0000][4020.454s][info ][gc,marking    ] GC(125) Concurrent Mark From Roots 86.928ms
[2023-11-05T16:31:25.855+0000][4020.454s][info ][gc,marking    ] GC(125) Concurrent Preclean
[2023-11-05T16:31:25.856+0000][4020.455s][info ][gc,marking    ] GC(125) Concurrent Preclean 0.792ms
[2023-11-05T16:31:25.856+0000][4020.456s][info ][gc,marking    ] GC(125) Concurrent Mark (4020.366s, 4020.456s) 89.403ms
[2023-11-05T16:31:25.857+0000][4020.456s][debug][safepoint     ] Safepoint synchronization initiated. (183 threads)
[2023-11-05T16:31:25.858+0000][4020.457s][info ][safepoint     ] Application time: 0.0963215 seconds
[2023-11-05T16:31:25.858+0000][4020.457s][info ][safepoint     ] Entering safepoint region: CGC_Operation
[2023-11-05T16:31:25.859+0000][4020.458s][info ][gc,start      ] GC(125) Pause Remark
[2023-11-05T16:31:25.874+0000][4020.473s][info ][gc,stringtable] GC(125) Cleaned string and symbol table, strings: 72010 processed, 0 removed, symbols: 409734 processed, 0 removed
[2023-11-05T16:31:25.875+0000][4020.474s][info ][gc            ] GC(125) Pause Remark 202M->202M(381M) 15.869ms
[2023-11-05T16:31:25.876+0000][4020.475s][info ][gc,cpu        ] GC(125) User=0.10s Sys=0.00s Real=0.01s
[2023-11-05T16:31:25.876+0000][4020.475s][info ][safepoint     ] Leaving safepoint region
[2023-11-05T16:31:25.877+0000][4020.476s][info ][safepoint     ] Total time for which application threads were stopped: 0.0184189 seconds, Stopping threads took: 0.0005768 seconds
[2023-11-05T16:31:25.877+0000][4020.477s][info ][gc,marking    ] GC(125) Concurrent Rebuild Remembered Sets
[2023-11-05T16:31:25.944+0000][4020.543s][info ][gc,marking    ] GC(125) Concurrent Rebuild Remembered Sets 66.131ms
[2023-11-05T16:31:25.944+0000][4020.543s][debug][safepoint     ] Safepoint synchronization initiated. (183 threads)
[2023-11-05T16:31:25.945+0000][4020.544s][info ][safepoint     ] Application time: 0.0673736 seconds
[2023-11-05T16:31:25.945+0000][4020.544s][info ][safepoint     ] Entering safepoint region: CGC_Operation
[2023-11-05T16:31:25.946+0000][4020.545s][info ][gc,start      ] GC(125) Pause Cleanup
[2023-11-05T16:31:25.947+0000][4020.546s][info ][gc            ] GC(125) Pause Cleanup 202M->202M(381M) 0.803ms
[2023-11-05T16:31:25.947+0000][4020.546s][info ][gc,cpu        ] GC(125) User=0.00s Sys=0.00s Real=0.00s
[2023-11-05T16:31:25.948+0000][4020.547s][info ][safepoint     ] Leaving safepoint region
[2023-11-05T16:31:25.948+0000][4020.547s][info ][safepoint     ] Total time for which application threads were stopped: 0.0029656 seconds, Stopping threads took: 0.0004895 seconds
[2023-11-05T16:31:25.949+0000][4020.548s][info ][gc,marking    ] GC(125) Concurrent Cleanup for Next Mark
[2023-11-05T16:31:25.950+0000][4020.549s][info ][gc,marking    ] GC(125) Concurrent Cleanup for Next Mark 1.414ms
[2023-11-05T16:31:25.951+0000][4020.550s][info ][gc            ] GC(125) Concurrent Cycle 190.606ms
[2023-11-05T16:31:39.952+0000][4034.551s][debug][safepoint     ] Safepoint synchronization initiated. (183 threads)
[2023-11-05T16:31:39.953+0000][4034.552s][info ][safepoint     ] Application time: 14.0043095 seconds
[2023-11-05T16:31:39.953+0000][4034.553s][info ][safepoint     ] Entering safepoint region: Cleanup
[2023-11-05T16:31:39.954+0000][4034.553s][info ][safepoint     ] Leaving safepoint region
[2023-11-05T16:31:39.955+0000][4034.554s][info ][safepoint     ] Total time for which application threads were stopped: 0.0014204 seconds, Stopping threads took: 0.0006957 seconds
[2023-11-05T16:32:54.974+0000][4109.574s][debug][safepoint     ] Safepoint synchronization initiated. (183 threads)
[2023-11-05T16:32:54.975+0000][4109.575s][info ][safepoint     ] Application time: 75.0203771 seconds
[2023-11-05T16:32:54.976+0000][4109.575s][info ][safepoint     ] Entering safepoint region: Cleanup
[2023-11-05T16:32:54.977+0000][4109.576s][info ][safepoint     ] Leaving safepoint region
[2023-11-05T16:32:54.977+0000][4109.577s][info ][safepoint     ] Total time for which application threads were stopped: 0.0014365 seconds, Stopping threads took: 0.0006143 seconds
[2023-11-05T16:33:58.299+0000][4172.899s][debug][safepoint     ] Safepoint synchronization initiated. (183 threads)
[2023-11-05T16:33:58.300+0000][4172.900s][info ][safepoint     ] Application time: 63.3229936 seconds
[2023-11-05T16:33:58.301+0000][4172.901s][info ][safepoint     ] Entering safepoint region: G1CollectForAllocation
[2023-11-05T16:33:58.302+0000][4172.903s][info ][gc,start      ] GC(126) Pause Young (Prepare Mixed) (G1 Evacuation Pause)
[2023-11-05T16:33:58.303+0000][4172.903s][info ][gc,task       ] GC(126) Using 8 workers of 8 for evacuation
[2023-11-05T16:33:58.311+0000][4172.911s][info ][gc,phases     ] GC(126)   Pre Evacuate Collection Set: 0.0ms
[2023-11-05T16:33:58.311+0000][4172.911s][info ][gc,phases     ] GC(126)   Evacuate Collection Set: 3.8ms
[2023-11-05T16:33:58.312+0000][4172.912s][info ][gc,phases     ] GC(126)   Post Evacuate Collection Set: 2.3ms
[2023-11-05T16:33:58.312+0000][4172.912s][info ][gc,phases     ] GC(126)   Other: 2.1ms
[2023-11-05T16:33:58.313+0000][4172.913s][info ][gc,heap       ] GC(126) Eden regions: 135->0(17)
[2023-11-05T16:33:58.313+0000][4172.913s][info ][gc,heap       ] GC(126) Survivor regions: 2->2(18)
[2023-11-05T16:33:58.314+0000][4172.915s][info ][gc,heap       ] GC(126) Old regions: 140->140
[2023-11-05T16:33:58.315+0000][4172.915s][info ][gc,heap       ] GC(126) Humongous regions: 60->60
[2023-11-05T16:33:58.316+0000][4172.916s][info ][gc,metaspace  ] GC(126) Metaspace: 168749K(175932K)->168749K(175932K) NonClass: 149506K(154216K)->149506K(154216K) Class: 19242K(21716K)->19242K(21716K)
[2023-11-05T16:33:58.316+0000][4172.916s][info ][gc            ] GC(126) Pause Young (Prepare Mixed) (G1 Evacuation Pause) 334M->199M(381M) 13.645ms
[2023-11-05T16:33:58.317+0000][4172.917s][info ][gc,cpu        ] GC(126) User=0.04s Sys=0.00s Real=0.01s
[2023-11-05T16:33:58.317+0000][4172.917s][info ][safepoint     ] Leaving safepoint region
[2023-11-05T16:33:58.317+0000][4172.918s][info ][safepoint     ] Total time for which application threads were stopped: 0.0162762 seconds, Stopping threads took: 0.0009053 seconds
[2023-11-05T16:33:58.318+0000][4172.918s][info ][gc,stringdedup] Concurrent String Deduplication (4172.918s)
[2023-11-05T16:33:58.318+0000][4172.918s][info ][gc,stringdedup] Concurrent String Deduplication 2016.0B->776.0B(1240.0B) avg 54.4% (4172.918s, 4172.918s) 0.458ms
[2023-11-05T16:34:16.390+0000][4190.990s][debug][safepoint     ] Safepoint synchronization initiated. (183 threads)
[2023-11-05T16:34:16.391+0000][4190.991s][info ][safepoint     ] Application time: 18.0732922 seconds
[2023-11-05T16:34:16.392+0000][4190.992s][info ][safepoint     ] Entering safepoint region: G1CollectForAllocation
[2023-11-05T16:34:16.393+0000][4190.994s][info ][gc,start      ] GC(127) Pause Young (Mixed) (G1 Evacuation Pause)
[2023-11-05T16:34:16.394+0000][4190.994s][info ][gc,task       ] GC(127) Using 8 workers of 8 for evacuation
[2023-11-05T16:34:16.400+0000][4191.000s][info ][gc,phases     ] GC(127)   Pre Evacuate Collection Set: 0.0ms
[2023-11-05T16:34:16.401+0000][4191.001s][info ][gc,phases     ] GC(127)   Evacuate Collection Set: 2.5ms
[2023-11-05T16:34:16.401+0000][4191.001s][info ][gc,phases     ] GC(127)   Post Evacuate Collection Set: 2.1ms
[2023-11-05T16:34:16.402+0000][4191.002s][info ][gc,phases     ] GC(127)   Other: 1.9ms
[2023-11-05T16:34:16.402+0000][4191.002s][info ][gc,heap       ] GC(127) Eden regions: 17->0(136)
[2023-11-05T16:34:16.403+0000][4191.003s][info ][gc,heap       ] GC(127) Survivor regions: 2->2(3)
[2023-11-05T16:34:16.403+0000][4191.003s][info ][gc,heap       ] GC(127) Old regions: 140->140
[2023-11-05T16:34:16.404+0000][4191.004s][info ][gc,heap       ] GC(127) Humongous regions: 60->60
[2023-11-05T16:34:16.404+0000][4191.004s][info ][gc,metaspace  ] GC(127) Metaspace: 168749K(175932K)->168749K(175932K) NonClass: 149506K(154216K)->149506K(154216K) Class: 19242K(21716K)->19242K(21716K)
[2023-11-05T16:34:16.405+0000][4191.005s][info ][gc            ] GC(127) Pause Young (Mixed) (G1 Evacuation Pause) 216M->198M(381M) 11.340ms
[2023-11-05T16:34:16.405+0000][4191.005s][info ][gc,cpu        ] GC(127) User=0.03s Sys=0.00s Real=0.01s
[2023-11-05T16:34:16.406+0000][4191.006s][info ][safepoint     ] Leaving safepoint region
[2023-11-05T16:34:16.406+0000][4191.006s][info ][safepoint     ] Total time for which application threads were stopped: 0.0140422 seconds, Stopping threads took: 0.0009792 seconds
[2023-11-05T16:34:16.407+0000][4191.007s][info ][gc,stringdedup] Concurrent String Deduplication (4191.007s)
[2023-11-05T16:34:16.407+0000][4191.007s][info ][gc,stringdedup] Concurrent String Deduplication 24.0B->0.0B(24.0B) avg 54.4% (4191.007s, 4191.007s) 0.407ms
[2023-11-05T16:34:40.410+0000][4215.012s][debug][safepoint     ] Safepoint synchronization initiated. (183 threads)
[2023-11-05T16:34:40.411+0000][4215.013s][info ][safepoint     ] Application time: 24.0058342 seconds
[2023-11-05T16:34:40.412+0000][4215.013s][info ][safepoint     ] Entering safepoint region: Cleanup
[2023-11-05T16:34:40.413+0000][4215.014s][info ][safepoint     ] Leaving safepoint region
[2023-11-05T16:34:40.413+0000][4215.014s][info ][safepoint     ] Total time for which application threads were stopped: 0.0012901 seconds, Stopping threads took: 0.0005880 seconds
[2023-11-05T16:36:49.816+0000][4344.417s][debug][safepoint     ] Safepoint synchronization initiated. (184 threads)
[2023-11-05T16:36:49.817+0000][4344.418s][info ][safepoint     ] Application time: 129.4035374 seconds
[2023-11-05T16:36:49.818+0000][4344.420s][info ][safepoint     ] Entering safepoint region: G1CollectForAllocation
[2023-11-05T16:36:49.819+0000][4344.420s][info ][gc,start      ] GC(128) Pause Young (Concurrent Start) (G1 Evacuation Pause)
[2023-11-05T16:36:49.819+0000][4344.421s][info ][gc,task       ] GC(128) Using 8 workers of 8 for evacuation
[2023-11-05T16:36:49.827+0000][4344.429s][info ][gc,phases     ] GC(128)   Pre Evacuate Collection Set: 0.8ms
[2023-11-05T16:36:49.828+0000][4344.430s][info ][gc,phases     ] GC(128)   Evacuate Collection Set: 4.6ms
[2023-11-05T16:36:49.829+0000][4344.430s][info ][gc,phases     ] GC(128)   Post Evacuate Collection Set: 2.2ms
[2023-11-05T16:36:49.829+0000][4344.431s][info ][gc,phases     ] GC(128)   Other: 1.2ms
[2023-11-05T16:36:49.829+0000][4344.431s][info ][gc,heap       ] GC(128) Eden regions: 136->0(136)
[2023-11-05T16:36:49.830+0000][4344.431s][info ][gc,heap       ] GC(128) Survivor regions: 2->2(18)
[2023-11-05T16:36:49.830+0000][4344.432s][info ][gc,heap       ] GC(128) Old regions: 140->140
[2023-11-05T16:36:49.830+0000][4344.432s][info ][gc,heap       ] GC(128) Humongous regions: 60->60
[2023-11-05T16:36:49.831+0000][4344.433s][info ][gc,metaspace  ] GC(128) Metaspace: 168750K(175932K)->168750K(175932K) NonClass: 149507K(154216K)->149507K(154216K) Class: 19242K(21716K)->19242K(21716K)
[2023-11-05T16:36:49.831+0000][4344.433s][info ][gc            ] GC(128) Pause Young (Concurrent Start) (G1 Evacuation Pause) 334M->198M(381M) 12.637ms
[2023-11-05T16:36:49.832+0000][4344.433s][info ][gc,cpu        ] GC(128) User=0.04s Sys=0.00s Real=0.01s
[2023-11-05T16:36:49.832+0000][4344.434s][info ][safepoint     ] Leaving safepoint region
[2023-11-05T16:36:49.833+0000][4344.434s][info ][safepoint     ] Total time for which application threads were stopped: 0.0147633 seconds, Stopping threads took: 0.0005385 seconds
[2023-11-05T16:36:49.832+0000][4344.434s][info ][gc            ] GC(129) Concurrent Cycle
[2023-11-05T16:36:49.833+0000][4344.435s][info ][gc,marking    ] GC(129) Concurrent Clear Claimed Marks
[2023-11-05T16:36:49.833+0000][4344.435s][info ][gc,stringdedup] Concurrent String Deduplication (4344.435s)
[2023-11-05T16:36:49.834+0000][4344.436s][info ][gc,stringdedup] Concurrent String Deduplication 40.0B->40.0B(0.0B) avg 54.4% (4344.435s, 4344.436s) 1.093ms
[2023-11-05T16:36:49.835+0000][4344.436s][info ][gc,marking    ] GC(129) Concurrent Clear Claimed Marks 1.116ms
[2023-11-05T16:36:49.835+0000][4344.437s][info ][gc,marking    ] GC(129) Concurrent Scan Root Regions
[2023-11-05T16:36:49.838+0000][4344.440s][info ][gc,marking    ] GC(129) Concurrent Scan Root Regions 3.153ms
[2023-11-05T16:36:49.839+0000][4344.440s][info ][gc,marking    ] GC(129) Concurrent Mark (4344.440s)
[2023-11-05T16:36:49.839+0000][4344.441s][info ][gc,marking    ] GC(129) Concurrent Mark From Roots
[2023-11-05T16:36:49.839+0000][4344.441s][info ][gc,task       ] GC(129) Using 2 workers of 2 for marking
[2023-11-05T16:36:49.961+0000][4344.562s][info ][gc,marking    ] GC(129) Concurrent Mark From Roots 121.801ms
[2023-11-05T16:36:49.961+0000][4344.563s][info ][gc,marking    ] GC(129) Concurrent Preclean
[2023-11-05T16:36:49.962+0000][4344.564s][info ][gc,marking    ] GC(129) Concurrent Preclean 0.589ms
[2023-11-05T16:36:49.962+0000][4344.564s][info ][gc,marking    ] GC(129) Concurrent Mark (4344.440s, 4344.564s) 123.800ms
[2023-11-05T16:36:49.963+0000][4344.564s][debug][safepoint     ] Safepoint synchronization initiated. (184 threads)
[2023-11-05T16:36:49.964+0000][4344.566s][info ][safepoint     ] Application time: 0.1311079 seconds
[2023-11-05T16:36:49.965+0000][4344.566s][info ][safepoint     ] Entering safepoint region: CGC_Operation
[2023-11-05T16:36:49.966+0000][4344.567s][info ][gc,start      ] GC(129) Pause Remark
[2023-11-05T16:36:49.994+0000][4344.595s][info ][gc,stringtable] GC(129) Cleaned string and symbol table, strings: 72011 processed, 0 removed, symbols: 409734 processed, 0 removed
[2023-11-05T16:36:49.995+0000][4344.596s][info ][gc            ] GC(129) Pause Remark 201M->201M(381M) 28.964ms
[2023-11-05T16:36:49.995+0000][4344.597s][info ][gc,cpu        ] GC(129) User=0.19s Sys=0.00s Real=0.03s
[2023-11-05T16:36:49.995+0000][4344.597s][info ][safepoint     ] Leaving safepoint region
[2023-11-05T16:36:49.996+0000][4344.597s][info ][safepoint     ] Total time for which application threads were stopped: 0.0310603 seconds, Stopping threads took: 0.0008015 seconds
[2023-11-05T16:36:49.996+0000][4344.598s][info ][gc,marking    ] GC(129) Concurrent Rebuild Remembered Sets
[2023-11-05T16:36:50.081+0000][4344.683s][info ][gc,marking    ] GC(129) Concurrent Rebuild Remembered Sets 84.809ms
[2023-11-05T16:36:50.082+0000][4344.683s][debug][safepoint     ] Safepoint synchronization initiated. (184 threads)
[2023-11-05T16:36:50.082+0000][4344.684s][info ][safepoint     ] Application time: 0.0862628 seconds
[2023-11-05T16:36:50.083+0000][4344.685s][info ][safepoint     ] Entering safepoint region: CGC_Operation
[2023-11-05T16:36:50.084+0000][4344.685s][info ][gc,start      ] GC(129) Pause Cleanup
[2023-11-05T16:36:50.085+0000][4344.686s][info ][gc            ] GC(129) Pause Cleanup 201M->201M(381M) 0.703ms
[2023-11-05T16:36:50.085+0000][4344.687s][info ][gc,cpu        ] GC(129) User=0.00s Sys=0.00s Real=0.00s
[2023-11-05T16:36:50.085+0000][4344.687s][info ][safepoint     ] Leaving safepoint region
[2023-11-05T16:36:50.086+0000][4344.687s][info ][safepoint     ] Total time for which application threads were stopped: 0.0029076 seconds, Stopping threads took: 0.0008033 seconds
[2023-11-05T16:36:50.086+0000][4344.688s][info ][gc,marking    ] GC(129) Concurrent Cleanup for Next Mark
[2023-11-05T16:36:50.087+0000][4344.689s][info ][gc,marking    ] GC(129) Concurrent Cleanup for Next Mark 1.140ms
[2023-11-05T16:36:50.088+0000][4344.689s][info ][gc            ] GC(129) Concurrent Cycle 255.503ms
[2023-11-05T16:37:07.089+0000][4361.691s][debug][safepoint     ] Safepoint synchronization initiated. (184 threads)
[2023-11-05T16:37:07.090+0000][4361.691s][info ][safepoint     ] Application time: 17.0037165 seconds
[2023-11-05T16:37:07.090+0000][4361.692s][info ][safepoint     ] Entering safepoint region: Cleanup
[2023-11-05T16:37:07.092+0000][4361.694s][info ][safepoint     ] Leaving safepoint region
[2023-11-05T16:37:07.092+0000][4361.694s][info ][safepoint     ] Total time for which application threads were stopped: 0.0020495 seconds, Stopping threads took: 0.0012964 seconds
[2023-11-05T16:38:40.112+0000][4454.713s][debug][safepoint     ] Safepoint synchronization initiated. (183 threads)
[2023-11-05T16:38:40.113+0000][4454.714s][info ][safepoint     ] Application time: 93.0197501 seconds
[2023-11-05T16:38:40.114+0000][4454.716s][info ][safepoint     ] Entering safepoint region: Cleanup
[2023-11-05T16:38:40.116+0000][4454.717s][info ][safepoint     ] Leaving safepoint region
[2023-11-05T16:38:40.116+0000][4454.718s][info ][safepoint     ] Total time for which application threads were stopped: 0.0022044 seconds, Stopping threads took: 0.0008795 seconds
[2023-11-05T16:39:23.630+0000][4498.231s][debug][safepoint     ] Safepoint synchronization initiated. (183 threads)
[2023-11-05T16:39:23.631+0000][4498.232s][info ][safepoint     ] Application time: 43.5139910 seconds
[2023-11-05T16:39:23.632+0000][4498.233s][info ][safepoint     ] Entering safepoint region: G1CollectForAllocation
[2023-11-05T16:39:23.633+0000][4498.234s][info ][gc,start      ] GC(130) Pause Young (Prepare Mixed) (G1 Evacuation Pause)
[2023-11-05T16:39:23.634+0000][4498.235s][info ][gc,task       ] GC(130) Using 8 workers of 8 for evacuation
[2023-11-05T16:39:23.640+0000][4498.241s][info ][gc,phases     ] GC(130)   Pre Evacuate Collection Set: 0.1ms
[2023-11-05T16:39:23.641+0000][4498.242s][info ][gc,phases     ] GC(130)   Evacuate Collection Set: 2.9ms
[2023-11-05T16:39:23.641+0000][4498.242s][info ][gc,phases     ] GC(130)   Post Evacuate Collection Set: 2.2ms
[2023-11-05T16:39:23.642+0000][4498.243s][info ][gc,phases     ] GC(130)   Other: 1.7ms
[2023-11-05T16:39:23.642+0000][4498.243s][info ][gc,heap       ] GC(130) Eden regions: 136->0(17)
[2023-11-05T16:39:23.643+0000][4498.244s][info ][gc,heap       ] GC(130) Survivor regions: 2->2(18)
[2023-11-05T16:39:23.643+0000][4498.244s][info ][gc,heap       ] GC(130) Old regions: 140->140
[2023-11-05T16:39:23.643+0000][4498.245s][info ][gc,heap       ] GC(130) Humongous regions: 60->60
[2023-11-05T16:39:23.644+0000][4498.245s][info ][gc,metaspace  ] GC(130) Metaspace: 168754K(175932K)->168754K(175932K) NonClass: 149511K(154216K)->149511K(154216K) Class: 19242K(21716K)->19242K(21716K)
[2023-11-05T16:39:23.645+0000][4498.246s][info ][gc            ] GC(130) Pause Young (Prepare Mixed) (G1 Evacuation Pause) 334M->198M(381M) 11.300ms
[2023-11-05T16:39:23.645+0000][4498.246s][info ][gc,cpu        ] GC(130) User=0.04s Sys=0.00s Real=0.01s
[2023-11-05T16:39:23.646+0000][4498.247s][info ][safepoint     ] Leaving safepoint region
[2023-11-05T16:39:23.646+0000][4498.247s][info ][safepoint     ] Total time for which application threads were stopped: 0.0140371 seconds, Stopping threads took: 0.0010459 seconds
[2023-11-05T16:39:41.435+0000][4516.036s][debug][safepoint     ] Safepoint synchronization initiated. (183 threads)
[2023-11-05T16:39:41.436+0000][4516.037s][info ][safepoint     ] Application time: 17.7896353 seconds
[2023-11-05T16:39:41.437+0000][4516.038s][info ][safepoint     ] Entering safepoint region: G1CollectForAllocation
[2023-11-05T16:39:41.438+0000][4516.039s][info ][gc,start      ] GC(131) Pause Young (Mixed) (G1 Evacuation Pause)
[2023-11-05T16:39:41.439+0000][4516.040s][info ][gc,task       ] GC(131) Using 8 workers of 8 for evacuation
[2023-11-05T16:39:41.447+0000][4516.048s][info ][gc,phases     ] GC(131)   Pre Evacuate Collection Set: 0.0ms
[2023-11-05T16:39:41.447+0000][4516.049s][info ][gc,phases     ] GC(131)   Evacuate Collection Set: 4.8ms
[2023-11-05T16:39:41.448+0000][4516.049s][info ][gc,phases     ] GC(131)   Post Evacuate Collection Set: 2.0ms
[2023-11-05T16:39:41.448+0000][4516.050s][info ][gc,phases     ] GC(131)   Other: 1.9ms
[2023-11-05T16:39:41.449+0000][4516.050s][info ][gc,heap       ] GC(131) Eden regions: 17->0(137)
[2023-11-05T16:39:41.449+0000][4516.050s][info ][gc,heap       ] GC(131) Survivor regions: 2->2(3)
[2023-11-05T16:39:41.450+0000][4516.051s][info ][gc,heap       ] GC(131) Old regions: 140->139
[2023-11-05T16:39:41.450+0000][4516.051s][info ][gc,heap       ] GC(131) Humongous regions: 60->60
[2023-11-05T16:39:41.451+0000][4516.052s][info ][gc,metaspace  ] GC(131) Metaspace: 168754K(175932K)->168754K(175932K) NonClass: 149511K(154216K)->149511K(154216K) Class: 19242K(21716K)->19242K(21716K)
[2023-11-05T16:39:41.451+0000][4516.052s][info ][gc            ] GC(131) Pause Young (Mixed) (G1 Evacuation Pause) 215M->198M(381M) 12.907ms
[2023-11-05T16:39:41.452+0000][4516.053s][info ][gc,cpu        ] GC(131) User=0.04s Sys=0.00s Real=0.01s
[2023-11-05T16:39:41.452+0000][4516.053s][info ][safepoint     ] Leaving safepoint region
[2023-11-05T16:39:41.453+0000][4516.054s][info ][safepoint     ] Total time for which application threads were stopped: 0.0157357 seconds, Stopping threads took: 0.0009416 seconds
[2023-11-05T16:41:17.473+0000][4612.074s][debug][safepoint     ] Safepoint synchronization initiated. (184 threads)
[2023-11-05T16:41:17.473+0000][4612.075s][info ][safepoint     ] Application time: 96.0208569 seconds
[2023-11-05T16:41:17.474+0000][4612.076s][info ][safepoint     ] Entering safepoint region: Cleanup
[2023-11-05T16:41:17.474+0000][4612.076s][info ][safepoint     ] Leaving safepoint region
[2023-11-05T16:41:17.475+0000][4612.077s][info ][safepoint     ] Total time for which application threads were stopped: 0.0011800 seconds, Stopping threads took: 0.0004560 seconds
[2023-11-05T16:41:19.476+0000][4614.078s][debug][safepoint     ] Safepoint synchronization initiated. (184 threads)
[2023-11-05T16:41:19.477+0000][4614.079s][info ][safepoint     ] Application time: 2.0010502 seconds
[2023-11-05T16:41:19.478+0000][4614.079s][info ][safepoint     ] Entering safepoint region: Cleanup
[2023-11-05T16:41:19.480+0000][4614.081s][info ][safepoint     ] Leaving safepoint region
[2023-11-05T16:41:19.481+0000][4614.083s][info ][safepoint     ] Total time for which application threads were stopped: 0.0036079 seconds, Stopping threads took: 0.0012025 seconds
[2023-11-05T16:41:22.483+0000][4617.084s][debug][safepoint     ] Safepoint synchronization initiated. (184 threads)
[2023-11-05T16:41:22.484+0000][4617.086s][info ][safepoint     ] Application time: 3.0022781 seconds
[2023-11-05T16:41:22.485+0000][4617.087s][info ][safepoint     ] Entering safepoint region: Cleanup
[2023-11-05T16:41:22.486+0000][4617.088s][info ][safepoint     ] Leaving safepoint region
[2023-11-05T16:41:22.487+0000][4617.089s][info ][safepoint     ] Total time for which application threads were stopped: 0.0020586 seconds, Stopping threads took: 0.0009379 seconds
[2023-11-05T16:41:22.486+0000][4617.088s][debug][safepoint     ] ... found polling page return exception at pc = 0x00007f808d32eb44, stub =0x00007f8084840600
[2023-11-05T16:41:22.486+0000][4617.088s][debug][safepoint     ] ... found polling page return exception at pc = 0x00007f808d32eb44, stub =0x00007f8084840600
[2023-11-05T16:41:22.486+0000][4617.088s][debug][safepoint     ] ... found polling page return exception at pc = 0x00007f808d32eb44, stub =0x00007f8084840600
[2023-11-05T16:41:24.488+0000][4619.090s][debug][safepoint     ] Safepoint synchronization initiated. (184 threads)
[2023-11-05T16:41:24.489+0000][4619.090s][info ][safepoint     ] Application time: 2.0012304 seconds
[2023-11-05T16:41:24.490+0000][4619.091s][info ][safepoint     ] Entering safepoint region: Cleanup
[2023-11-05T16:41:24.491+0000][4619.092s][info ][safepoint     ] Leaving safepoint region
[2023-11-05T16:41:24.491+0000][4619.093s][info ][safepoint     ] Total time for which application threads were stopped: 0.0016278 seconds, Stopping threads took: 0.0007203 seconds
[2023-11-05T16:41:40.496+0000][4635.097s][debug][safepoint     ] Safepoint synchronization initiated. (183 threads)
[2023-11-05T16:41:40.497+0000][4635.098s][info ][safepoint     ] Application time: 16.0047126 seconds
[2023-11-05T16:41:40.497+0000][4635.099s][info ][safepoint     ] Entering safepoint region: Cleanup
[2023-11-05T16:41:40.499+0000][4635.100s][info ][safepoint     ] Leaving safepoint region
[2023-11-05T16:41:40.499+0000][4635.101s][info ][safepoint     ] Total time for which application threads were stopped: 0.0019840 seconds, Stopping threads took: 0.0008058 seconds
[2023-11-05T16:42:16.227+0000][4670.828s][debug][safepoint     ] Safepoint synchronization initiated. (183 threads)
[2023-11-05T16:42:16.227+0000][4670.829s][info ][safepoint     ] Application time: 35.7272251 seconds
[2023-11-05T16:42:16.228+0000][4670.829s][info ][safepoint     ] Entering safepoint region: G1CollectForAllocation
[2023-11-05T16:42:16.229+0000][4670.830s][info ][gc,start      ] GC(132) Pause Young (Normal) (G1 Evacuation Pause)
[2023-11-05T16:42:16.229+0000][4670.830s][info ][gc,task       ] GC(132) Using 8 workers of 8 for evacuation
[2023-11-05T16:42:16.234+0000][4670.835s][info ][gc,phases     ] GC(132)   Pre Evacuate Collection Set: 0.0ms
[2023-11-05T16:42:16.234+0000][4670.836s][info ][gc,phases     ] GC(132)   Evacuate Collection Set: 1.9ms
[2023-11-05T16:42:16.235+0000][4670.836s][info ][gc,phases     ] GC(132)   Post Evacuate Collection Set: 2.1ms
[2023-11-05T16:42:16.235+0000][4670.837s][info ][gc,phases     ] GC(132)   Other: 1.1ms
[2023-11-05T16:42:16.236+0000][4670.837s][info ][gc,heap       ] GC(132) Eden regions: 137->0(138)
[2023-11-05T16:42:16.236+0000][4670.838s][info ][gc,heap       ] GC(132) Survivor regions: 2->2(18)
[2023-11-05T16:42:16.237+0000][4670.838s][info ][gc,heap       ] GC(132) Old regions: 139->139
[2023-11-05T16:42:16.237+0000][4670.839s][info ][gc,heap       ] GC(132) Humongous regions: 60->60
[2023-11-05T16:42:16.238+0000][4670.839s][info ][gc,metaspace  ] GC(132) Metaspace: 168755K(175932K)->168755K(175932K) NonClass: 149512K(154216K)->149512K(154216K) Class: 19242K(21716K)->19242K(21716K)
[2023-11-05T16:42:16.238+0000][4670.840s][info ][gc            ] GC(132) Pause Young (Normal) (G1 Evacuation Pause) 335M->198M(381M) 9.851ms
[2023-11-05T16:42:16.239+0000][4670.840s][info ][gc,cpu        ] GC(132) User=0.01s Sys=0.01s Real=0.01s
[2023-11-05T16:42:16.239+0000][4670.841s][info ][safepoint     ] Leaving safepoint region
[2023-11-05T16:42:16.240+0000][4670.841s][info ][safepoint     ] Total time for which application threads were stopped: 0.0118200 seconds, Stopping threads took: 0.0004966 seconds
[2023-11-05T16:42:16.240+0000][4670.841s][info ][gc,stringdedup] Concurrent String Deduplication (4670.841s)
[2023-11-05T16:42:16.241+0000][4670.842s][info ][gc,stringdedup] Concurrent String Deduplication 40.0B->40.0B(0.0B) avg 54.4% (4670.841s, 4670.842s) 0.527ms
[2023-11-05T16:42:17.240+0000][4671.842s][debug][safepoint     ] Safepoint synchronization initiated. (183 threads)
[2023-11-05T16:42:17.241+0000][4671.842s][info ][safepoint     ] Application time: 1.0008694 seconds
[2023-11-05T16:42:17.241+0000][4671.843s][info ][safepoint     ] Entering safepoint region: Cleanup
[2023-11-05T16:42:17.242+0000][4671.843s][info ][safepoint     ] Leaving safepoint region
[2023-11-05T16:42:17.242+0000][4671.844s][info ][safepoint     ] Total time for which application threads were stopped: 0.0009779 seconds, Stopping threads took: 0.0004080 seconds
[2023-11-05T16:42:35.247+0000][4689.848s][debug][safepoint     ] Safepoint synchronization initiated. (183 threads)
[2023-11-05T16:42:35.247+0000][4689.849s][info ][safepoint     ] Application time: 18.0045567 seconds
[2023-11-05T16:42:35.248+0000][4689.849s][info ][safepoint     ] Entering safepoint region: Cleanup
[2023-11-05T16:42:35.248+0000][4689.849s][info ][safepoint     ] Leaving safepoint region
[2023-11-05T16:42:35.249+0000][4689.850s][info ][safepoint     ] Total time for which application threads were stopped: 0.0008405 seconds, Stopping threads took: 0.0003210 seconds
