[2023-10-30T19:30:35.734+0000][0.079s][info][gc,heap] Heap region size: 1M
[2023-10-30T19:30:35.736+0000][0.082s][info][gc     ] Using G1
[2023-10-30T19:30:35.736+0000][0.082s][info][gc,heap,coops] Heap address: 0x0000000085a00000, size: 1958 MB, Compressed Oops mode: 32-bit
[2023-10-30T19:30:35.737+0000][0.083s][info][gc,cds       ] Mark closed archive regions in map: [0x00000000ffc00000, 0x00000000ffc6aff8]
[2023-10-30T19:30:35.737+0000][0.083s][info][gc,cds       ] Mark open archive regions in map: [0x00000000ff800000, 0x00000000ff847ff8]
[2023-10-30T19:30:35.781+0000][0.127s][debug][safepoint    ] Safepoint synchronization initiated. (9 threads)
[2023-10-30T19:30:35.782+0000][0.128s][info ][safepoint    ] Application time: 0.0221327 seconds
[2023-10-30T19:30:35.782+0000][0.128s][info ][safepoint    ] Entering safepoint region: Deoptimize
[2023-10-30T19:30:35.783+0000][0.129s][info ][safepoint    ] Leaving safepoint region
[2023-10-30T19:30:35.783+0000][0.129s][info ][safepoint    ] Total time for which application threads were stopped: 0.0009828 seconds, Stopping threads took: 0.0004391 seconds
[2023-10-30T19:30:36.079+0000][0.425s][debug][safepoint    ] Safepoint synchronization initiated. (11 threads)
[2023-10-30T19:30:36.080+0000][0.425s][info ][safepoint    ] Application time: 0.2957700 seconds
[2023-10-30T19:30:36.080+0000][0.426s][info ][safepoint    ] Entering safepoint region: G1CollectForAllocation
[2023-10-30T19:30:36.081+0000][0.427s][info ][gc,start     ] GC(0) Pause Young (Normal) (G1 Evacuation Pause)
[2023-10-30T19:30:36.082+0000][0.427s][info ][gc,task      ] GC(0) Using 3 workers of 8 for evacuation
[2023-10-30T19:30:36.089+0000][0.435s][info ][gc,phases    ] GC(0)   Pre Evacuate Collection Set: 0.0ms
[2023-10-30T19:30:36.090+0000][0.436s][info ][gc,phases    ] GC(0)   Evacuate Collection Set: 6.1ms
[2023-10-30T19:30:36.090+0000][0.436s][info ][gc,phases    ] GC(0)   Post Evacuate Collection Set: 0.9ms
[2023-10-30T19:30:36.091+0000][0.436s][info ][gc,phases    ] GC(0)   Other: 1.3ms
[2023-10-30T19:30:36.091+0000][0.437s][info ][gc,heap      ] GC(0) Eden regions: 59->0(66)
[2023-10-30T19:30:36.091+0000][0.437s][info ][gc,heap      ] GC(0) Survivor regions: 0->8(8)
[2023-10-30T19:30:36.092+0000][0.437s][info ][gc,heap      ] GC(0) Old regions: 2->2
[2023-10-30T19:30:36.092+0000][0.438s][info ][gc,heap      ] GC(0) Humongous regions: 2->0
[2023-10-30T19:30:36.092+0000][0.438s][info ][gc,metaspace ] GC(0) Metaspace: 2381K(5760K)->2381K(5760K) NonClass: 2181K(5120K)->2181K(5120K) Class: 199K(640K)->199K(640K)
[2023-10-30T19:30:36.093+0000][0.438s][info ][gc           ] GC(0) Pause Young (Normal) (G1 Evacuation Pause) 61M->8M(126M) 11.762ms
[2023-10-30T19:30:36.093+0000][0.439s][info ][gc,cpu       ] GC(0) User=0.03s Sys=0.01s Real=0.01s
[2023-10-30T19:30:36.093+0000][0.439s][info ][safepoint    ] Leaving safepoint region
[2023-10-30T19:30:36.094+0000][0.439s][info ][safepoint    ] Total time for which application threads were stopped: 0.0135578 seconds, Stopping threads took: 0.0005767 seconds
[2023-10-30T19:30:36.145+0000][0.491s][debug][safepoint    ] Safepoint synchronization initiated. (11 threads)
[2023-10-30T19:30:36.146+0000][0.492s][info ][safepoint    ] Application time: 0.0518953 seconds
[2023-10-30T19:30:36.146+0000][0.492s][info ][safepoint    ] Entering safepoint region: Deoptimize
[2023-10-30T19:30:36.147+0000][0.493s][info ][safepoint    ] Leaving safepoint region
[2023-10-30T19:30:36.147+0000][0.493s][info ][safepoint    ] Total time for which application threads were stopped: 0.0010945 seconds, Stopping threads took: 0.0003778 seconds
[2023-10-30T19:30:36.152+0000][0.498s][debug][safepoint    ] Safepoint synchronization initiated. (11 threads)
[2023-10-30T19:30:36.153+0000][0.499s][info ][safepoint    ] Application time: 0.0049544 seconds
[2023-10-30T19:30:36.153+0000][0.499s][info ][safepoint    ] Entering safepoint region: Deoptimize
[2023-10-30T19:30:36.154+0000][0.499s][info ][safepoint    ] Leaving safepoint region
[2023-10-30T19:30:36.154+0000][0.500s][info ][safepoint    ] Total time for which application threads were stopped: 0.0008926 seconds, Stopping threads took: 0.0003771 seconds
[2023-10-30T19:30:36.199+0000][0.544s][debug][safepoint    ] Safepoint synchronization initiated. (11 threads)
[2023-10-30T19:30:36.199+0000][0.545s][info ][safepoint    ] Application time: 0.0446305 seconds
[2023-10-30T19:30:36.199+0000][0.545s][info ][safepoint    ] Entering safepoint region: Deoptimize
[2023-10-30T19:30:36.200+0000][0.546s][info ][safepoint    ] Leaving safepoint region
[2023-10-30T19:30:36.200+0000][0.546s][info ][safepoint    ] Total time for which application threads were stopped: 0.0010090 seconds, Stopping threads took: 0.0004238 seconds
[2023-10-30T19:30:36.208+0000][0.554s][debug][safepoint    ] Safepoint synchronization initiated. (11 threads)
[2023-10-30T19:30:36.209+0000][0.555s][info ][safepoint    ] Application time: 0.0078557 seconds
[2023-10-30T19:30:36.209+0000][0.555s][info ][safepoint    ] Entering safepoint region: Deoptimize
[2023-10-30T19:30:36.210+0000][0.556s][info ][safepoint    ] Leaving safepoint region
[2023-10-30T19:30:36.210+0000][0.556s][info ][safepoint    ] Total time for which application threads were stopped: 0.0010273 seconds, Stopping threads took: 0.0003594 seconds
[2023-10-30T19:30:36.336+0000][0.682s][debug][safepoint    ] Safepoint synchronization initiated. (12 threads)
[2023-10-30T19:30:36.337+0000][0.682s][info ][safepoint    ] Application time: 0.1260702 seconds
[2023-10-30T19:30:36.337+0000][0.683s][info ][safepoint    ] Entering safepoint region: G1CollectForAllocation
[2023-10-30T19:30:36.337+0000][0.683s][info ][gc,start     ] GC(1) Pause Young (Normal) (G1 Evacuation Pause)
[2023-10-30T19:30:36.338+0000][0.684s][info ][gc,task      ] GC(1) Using 3 workers of 8 for evacuation
[2023-10-30T19:30:36.347+0000][0.693s][info ][gc,phases    ] GC(1)   Pre Evacuate Collection Set: 0.0ms
[2023-10-30T19:30:36.348+0000][0.694s][info ][gc,phases    ] GC(1)   Evacuate Collection Set: 8.5ms
[2023-10-30T19:30:36.348+0000][0.694s][info ][gc,phases    ] GC(1)   Post Evacuate Collection Set: 0.7ms
[2023-10-30T19:30:36.349+0000][0.694s][info ][gc,phases    ] GC(1)   Other: 0.7ms
[2023-10-30T19:30:36.349+0000][0.695s][info ][gc,heap      ] GC(1) Eden regions: 66->0(69)
[2023-10-30T19:30:36.349+0000][0.695s][info ][gc,heap      ] GC(1) Survivor regions: 8->2(10)
[2023-10-30T19:30:36.350+0000][0.695s][info ][gc,heap      ] GC(1) Old regions: 2->10
[2023-10-30T19:30:36.350+0000][0.696s][info ][gc,heap      ] GC(1) Humongous regions: 0->0
[2023-10-30T19:30:36.350+0000][0.696s][info ][gc,metaspace ] GC(1) Metaspace: 5138K(7424K)->5138K(7424K) NonClass: 4588K(6656K)->4588K(6656K) Class: 550K(768K)->550K(768K)
[2023-10-30T19:30:36.351+0000][0.696s][info ][gc           ] GC(1) Pause Young (Normal) (G1 Evacuation Pause) 74M->9M(126M) 13.143ms
[2023-10-30T19:30:36.351+0000][0.697s][info ][gc,cpu       ] GC(1) User=0.05s Sys=0.00s Real=0.01s
[2023-10-30T19:30:36.351+0000][0.697s][info ][safepoint    ] Leaving safepoint region
[2023-10-30T19:30:36.351+0000][0.697s][info ][safepoint    ] Total time for which application threads were stopped: 0.0144507 seconds, Stopping threads took: 0.0003299 seconds
[2023-10-30T19:30:36.352+0000][0.698s][info ][gc,stringdedup] Concurrent String Deduplication (0.698s)
[2023-10-30T19:30:36.363+0000][0.708s][info ][gc,stringdedup] Concurrent String Deduplication 2182.8K->2008.8K(174.0K) avg 7.1% (0.698s, 0.708s) 10.848ms
[2023-10-30T19:30:36.594+0000][0.940s][debug][safepoint     ] Safepoint synchronization initiated. (12 threads)
[2023-10-30T19:30:36.595+0000][0.941s][info ][safepoint     ] Application time: 0.2432809 seconds
[2023-10-30T19:30:36.595+0000][0.941s][info ][safepoint     ] Entering safepoint region: G1CollectForAllocation
[2023-10-30T19:30:36.596+0000][0.942s][info ][gc,start      ] GC(2) Pause Young (Normal) (G1 Evacuation Pause)
[2023-10-30T19:30:36.596+0000][0.942s][info ][gc,task       ] GC(2) Using 3 workers of 8 for evacuation
[2023-10-30T19:30:36.600+0000][0.946s][info ][gc,phases     ] GC(2)   Pre Evacuate Collection Set: 0.0ms
[2023-10-30T19:30:36.601+0000][0.946s][info ][gc,phases     ] GC(2)   Evacuate Collection Set: 2.7ms
[2023-10-30T19:30:36.601+0000][0.947s][info ][gc,phases     ] GC(2)   Post Evacuate Collection Set: 1.0ms
[2023-10-30T19:30:36.601+0000][0.947s][info ][gc,phases     ] GC(2)   Other: 0.7ms
[2023-10-30T19:30:36.602+0000][0.947s][info ][gc,heap       ] GC(2) Eden regions: 69->0(72)
[2023-10-30T19:30:36.602+0000][0.948s][info ][gc,heap       ] GC(2) Survivor regions: 2->2(9)
[2023-10-30T19:30:36.602+0000][0.948s][info ][gc,heap       ] GC(2) Old regions: 10->10
[2023-10-30T19:30:36.602+0000][0.948s][info ][gc,heap       ] GC(2) Humongous regions: 0->0
[2023-10-30T19:30:36.603+0000][0.948s][info ][gc,metaspace  ] GC(2) Metaspace: 7222K(9088K)->7222K(9088K) NonClass: 6394K(7936K)->6394K(7936K) Class: 827K(1152K)->827K(1152K)
[2023-10-30T19:30:36.603+0000][0.949s][info ][gc            ] GC(2) Pause Young (Normal) (G1 Evacuation Pause) 78M->10M(126M) 6.935ms
[2023-10-30T19:30:36.603+0000][0.949s][info ][gc,cpu        ] GC(2) User=0.01s Sys=0.00s Real=0.00s
[2023-10-30T19:30:36.603+0000][0.949s][info ][safepoint     ] Leaving safepoint region
[2023-10-30T19:30:36.604+0000][0.949s][info ][safepoint     ] Total time for which application threads were stopped: 0.0082818 seconds, Stopping threads took: 0.0003273 seconds
[2023-10-30T19:30:36.832+0000][1.178s][debug][safepoint     ] Safepoint synchronization initiated. (12 threads)
[2023-10-30T19:30:36.833+0000][1.179s][info ][safepoint     ] Application time: 0.2288353 seconds
[2023-10-30T19:30:36.833+0000][1.179s][info ][safepoint     ] Entering safepoint region: G1CollectForAllocation
[2023-10-30T19:30:36.834+0000][1.180s][info ][gc,start      ] GC(3) Pause Young (Normal) (G1 Evacuation Pause)
[2023-10-30T19:30:36.834+0000][1.180s][info ][gc,task       ] GC(3) Using 3 workers of 8 for evacuation
[2023-10-30T19:30:36.839+0000][1.185s][info ][gc,phases     ] GC(3)   Pre Evacuate Collection Set: 0.0ms
[2023-10-30T19:30:36.840+0000][1.185s][info ][gc,phases     ] GC(3)   Evacuate Collection Set: 3.4ms
[2023-10-30T19:30:36.840+0000][1.186s][info ][gc,phases     ] GC(3)   Post Evacuate Collection Set: 1.1ms
[2023-10-30T19:30:36.841+0000][1.186s][info ][gc,phases     ] GC(3)   Other: 0.8ms
[2023-10-30T19:30:36.841+0000][1.187s][info ][gc,heap       ] GC(3) Eden regions: 72->0(71)
[2023-10-30T19:30:36.841+0000][1.187s][info ][gc,heap       ] GC(3) Survivor regions: 2->3(10)
[2023-10-30T19:30:36.842+0000][1.188s][info ][gc,heap       ] GC(3) Old regions: 10->10
[2023-10-30T19:30:36.842+0000][1.188s][info ][gc,heap       ] GC(3) Humongous regions: 0->0
[2023-10-30T19:30:36.843+0000][1.188s][info ][gc,metaspace  ] GC(3) Metaspace: 10206K(11520K)->10206K(11520K) NonClass: 8957K(9984K)->8957K(9984K) Class: 1248K(1536K)->1248K(1536K)
[2023-10-30T19:30:36.843+0000][1.189s][info ][gc            ] GC(3) Pause Young (Normal) (G1 Evacuation Pause) 82M->11M(126M) 9.318ms
[2023-10-30T19:30:36.843+0000][1.189s][info ][gc,cpu        ] GC(3) User=0.03s Sys=0.00s Real=0.01s
[2023-10-30T19:30:36.844+0000][1.190s][info ][safepoint     ] Leaving safepoint region
[2023-10-30T19:30:36.844+0000][1.190s][info ][safepoint     ] Total time for which application threads were stopped: 0.0111193 seconds, Stopping threads took: 0.0003720 seconds
[2023-10-30T19:30:36.845+0000][1.191s][info ][gc,stringdedup] Concurrent String Deduplication (1.190s)
[2023-10-30T19:30:36.846+0000][1.192s][info ][gc,stringdedup] Concurrent String Deduplication 53696.0B->21296.0B(32400.0B) avg 8.2% (1.190s, 1.192s) 1.201ms
[2023-10-30T19:30:36.990+0000][1.335s][debug][safepoint     ] Safepoint synchronization initiated. (12 threads)
[2023-10-30T19:30:36.990+0000][1.336s][info ][safepoint     ] Application time: 0.1455512 seconds
[2023-10-30T19:30:36.991+0000][1.336s][info ][safepoint     ] Entering safepoint region: Deoptimize
[2023-10-30T19:30:36.991+0000][1.337s][info ][safepoint     ] Leaving safepoint region
[2023-10-30T19:30:36.992+0000][1.338s][info ][safepoint     ] Total time for which application threads were stopped: 0.0012966 seconds, Stopping threads took: 0.0004115 seconds
[2023-10-30T19:30:37.047+0000][1.393s][debug][safepoint     ] Safepoint synchronization initiated. (12 threads)
[2023-10-30T19:30:37.047+0000][1.393s][info ][safepoint     ] Application time: 0.0550389 seconds
[2023-10-30T19:30:37.048+0000][1.393s][info ][safepoint     ] Entering safepoint region: G1CollectForAllocation
[2023-10-30T19:30:37.048+0000][1.394s][info ][gc,start      ] GC(4) Pause Young (Normal) (G1 Evacuation Pause)
[2023-10-30T19:30:37.049+0000][1.394s][info ][gc,task       ] GC(4) Using 3 workers of 8 for evacuation
[2023-10-30T19:30:37.054+0000][1.399s][info ][gc,phases     ] GC(4)   Pre Evacuate Collection Set: 0.0ms
[2023-10-30T19:30:37.054+0000][1.400s][info ][gc,phases     ] GC(4)   Evacuate Collection Set: 3.2ms
[2023-10-30T19:30:37.054+0000][1.400s][info ][gc,phases     ] GC(4)   Post Evacuate Collection Set: 1.2ms
[2023-10-30T19:30:37.055+0000][1.401s][info ][gc,phases     ] GC(4)   Other: 0.9ms
[2023-10-30T19:30:37.055+0000][1.401s][info ][gc,heap       ] GC(4) Eden regions: 71->0(85)
[2023-10-30T19:30:37.055+0000][1.401s][info ][gc,heap       ] GC(4) Survivor regions: 3->4(10)
[2023-10-30T19:30:37.056+0000][1.402s][info ][gc,heap       ] GC(4) Old regions: 10->10
[2023-10-30T19:30:37.056+0000][1.402s][info ][gc,heap       ] GC(4) Humongous regions: 0->0
[2023-10-30T19:30:37.056+0000][1.402s][info ][gc,metaspace  ] GC(4) Metaspace: 11601K(12672K)->11601K(12672K) NonClass: 10182K(11008K)->10182K(11008K) Class: 1419K(1664K)->1419K(1664K)
[2023-10-30T19:30:37.057+0000][1.403s][info ][gc            ] GC(4) Pause Young (Normal) (G1 Evacuation Pause) 82M->12M(161M) 8.456ms
[2023-10-30T19:30:37.057+0000][1.403s][info ][gc,cpu        ] GC(4) User=0.03s Sys=0.00s Real=0.01s
[2023-10-30T19:30:37.057+0000][1.403s][info ][safepoint     ] Leaving safepoint region
[2023-10-30T19:30:37.058+0000][1.403s][info ][safepoint     ] Total time for which application threads were stopped: 0.0099737 seconds, Stopping threads took: 0.0004059 seconds
[2023-10-30T19:30:37.058+0000][1.404s][info ][gc,stringdedup] Concurrent String Deduplication (1.404s)
[2023-10-30T19:30:37.060+0000][1.406s][info ][gc,stringdedup] Concurrent String Deduplication 115.8K->36680.0B(81848.0B) avg 10.9% (1.404s, 1.406s) 1.870ms
[2023-10-30T19:30:37.242+0000][1.588s][debug][safepoint     ] Safepoint synchronization initiated. (13 threads)
[2023-10-30T19:30:37.242+0000][1.588s][info ][safepoint     ] Application time: 0.1842709 seconds
[2023-10-30T19:30:37.243+0000][1.588s][debug][safepoint     ] ... found polling page loop exception at pc = 0x00007f31603ae4a5, stub =0x00007f3158843680
[2023-10-30T19:30:37.243+0000][1.589s][debug][safepoint     ] Waiting for 1 thread(s) to block
[2023-10-30T19:30:37.243+0000][1.589s][info ][safepoint     ] Entering safepoint region: G1CollectForAllocation
[2023-10-30T19:30:37.244+0000][1.590s][info ][gc,start      ] GC(5) Pause Young (Normal) (G1 Evacuation Pause)
[2023-10-30T19:30:37.244+0000][1.590s][info ][gc,task       ] GC(5) Using 4 workers of 8 for evacuation
[2023-10-30T19:30:37.249+0000][1.595s][info ][gc,phases     ] GC(5)   Pre Evacuate Collection Set: 0.0ms
[2023-10-30T19:30:37.250+0000][1.596s][info ][gc,phases     ] GC(5)   Evacuate Collection Set: 3.3ms
[2023-10-30T19:30:37.250+0000][1.596s][info ][gc,phases     ] GC(5)   Post Evacuate Collection Set: 0.9ms
[2023-10-30T19:30:37.251+0000][1.596s][info ][gc,phases     ] GC(5)   Other: 1.0ms
[2023-10-30T19:30:37.251+0000][1.597s][info ][gc,heap       ] GC(5) Eden regions: 85->0(90)
[2023-10-30T19:30:37.251+0000][1.597s][info ][gc,heap       ] GC(5) Survivor regions: 4->6(12)
[2023-10-30T19:30:37.252+0000][1.597s][info ][gc,heap       ] GC(5) Old regions: 10->10
[2023-10-30T19:30:37.252+0000][1.598s][info ][gc,heap       ] GC(5) Humongous regions: 0->0
[2023-10-30T19:30:37.252+0000][1.598s][info ][gc,metaspace  ] GC(5) Metaspace: 14979K(15744K)->14979K(15744K) NonClass: 13111K(13568K)->13111K(13568K) Class: 1868K(2176K)->1868K(2176K)
[2023-10-30T19:30:37.253+0000][1.598s][info ][gc            ] GC(5) Pause Young (Normal) (G1 Evacuation Pause) 97M->14M(161M) 8.721ms
[2023-10-30T19:30:37.253+0000][1.599s][info ][gc,cpu        ] GC(5) User=0.02s Sys=0.00s Real=0.01s
[2023-10-30T19:30:37.253+0000][1.599s][info ][safepoint     ] Leaving safepoint region
[2023-10-30T19:30:37.253+0000][1.599s][info ][safepoint     ] Total time for which application threads were stopped: 0.0108326 seconds, Stopping threads took: 0.0010768 seconds
[2023-10-30T19:30:37.254+0000][1.600s][info ][gc,stringdedup] Concurrent String Deduplication (1.600s)
[2023-10-30T19:30:37.255+0000][1.600s][info ][gc,stringdedup] Concurrent String Deduplication 91000.0B->28784.0B(62216.0B) avg 12.8% (1.600s, 1.600s) 0.840ms
[2023-10-30T19:30:37.384+0000][1.730s][debug][safepoint     ] Safepoint synchronization initiated. (13 threads)
[2023-10-30T19:30:37.385+0000][1.730s][info ][safepoint     ] Application time: 0.1309286 seconds
[2023-10-30T19:30:37.385+0000][1.731s][info ][safepoint     ] Entering safepoint region: G1CollectForAllocation
[2023-10-30T19:30:37.386+0000][1.731s][info ][gc,start      ] GC(6) Pause Young (Normal) (G1 Evacuation Pause)
[2023-10-30T19:30:37.386+0000][1.732s][info ][gc,task       ] GC(6) Using 4 workers of 8 for evacuation
[2023-10-30T19:30:37.393+0000][1.739s][info ][gc,phases     ] GC(6)   Pre Evacuate Collection Set: 0.0ms
[2023-10-30T19:30:37.393+0000][1.739s][info ][gc,phases     ] GC(6)   Evacuate Collection Set: 5.1ms
[2023-10-30T19:30:37.394+0000][1.740s][info ][gc,phases     ] GC(6)   Post Evacuate Collection Set: 1.1ms
[2023-10-30T19:30:37.394+0000][1.740s][info ][gc,phases     ] GC(6)   Other: 1.0ms
[2023-10-30T19:30:37.395+0000][1.740s][info ][gc,heap       ] GC(6) Eden regions: 90->0(89)
[2023-10-30T19:30:37.395+0000][1.741s][info ][gc,heap       ] GC(6) Survivor regions: 6->7(12)
[2023-10-30T19:30:37.395+0000][1.741s][info ][gc,heap       ] GC(6) Old regions: 10->10
[2023-10-30T19:30:37.396+0000][1.742s][info ][gc,heap       ] GC(6) Humongous regions: 0->0
[2023-10-30T19:30:37.396+0000][1.742s][info ][gc,metaspace  ] GC(6) Metaspace: 17021K(17920K)->17021K(17920K) NonClass: 14788K(15360K)->14788K(15360K) Class: 2233K(2560K)->2233K(2560K)
[2023-10-30T19:30:37.397+0000][1.743s][info ][gc            ] GC(6) Pause Young (Normal) (G1 Evacuation Pause) 104M->14M(161M) 11.147ms
[2023-10-30T19:30:37.397+0000][1.743s][info ][gc,cpu        ] GC(6) User=0.02s Sys=0.00s Real=0.01s
[2023-10-30T19:30:37.398+0000][1.744s][info ][safepoint     ] Leaving safepoint region
[2023-10-30T19:30:37.398+0000][1.744s][info ][safepoint     ] Total time for which application threads were stopped: 0.0131157 seconds, Stopping threads took: 0.0004038 seconds
[2023-10-30T19:30:37.399+0000][1.744s][info ][gc,stringdedup] Concurrent String Deduplication (1.744s)
[2023-10-30T19:30:37.400+0000][1.746s][info ][gc,stringdedup] Concurrent String Deduplication 112.3K->95872.0B(19128.0B) avg 12.9% (1.744s, 1.746s) 1.753ms
[2023-10-30T19:30:37.412+0000][1.758s][debug][safepoint     ] Safepoint synchronization initiated. (13 threads)
[2023-10-30T19:30:37.412+0000][1.758s][info ][safepoint     ] Application time: 0.0138787 seconds
[2023-10-30T19:30:37.413+0000][1.759s][info ][safepoint     ] Entering safepoint region: Deoptimize
[2023-10-30T19:30:37.414+0000][1.759s][info ][safepoint     ] Leaving safepoint region
[2023-10-30T19:30:37.414+0000][1.760s][info ][safepoint     ] Total time for which application threads were stopped: 0.0011987 seconds, Stopping threads took: 0.0004056 seconds
[2023-10-30T19:30:37.525+0000][1.871s][debug][safepoint     ] Safepoint synchronization initiated. (13 threads)
[2023-10-30T19:30:37.526+0000][1.871s][info ][safepoint     ] Application time: 0.1112428 seconds
[2023-10-30T19:30:37.526+0000][1.872s][info ][safepoint     ] Entering safepoint region: Deoptimize
[2023-10-30T19:30:37.527+0000][1.873s][info ][safepoint     ] Leaving safepoint region
[2023-10-30T19:30:37.527+0000][1.873s][info ][safepoint     ] Total time for which application threads were stopped: 0.0011424 seconds, Stopping threads took: 0.0003730 seconds
[2023-10-30T19:30:37.628+0000][1.973s][debug][safepoint     ] Safepoint synchronization initiated. (13 threads)
[2023-10-30T19:30:37.628+0000][1.974s][info ][safepoint     ] Application time: 0.1008661 seconds
[2023-10-30T19:30:37.629+0000][1.975s][info ][safepoint     ] Entering safepoint region: G1CollectForAllocation
[2023-10-30T19:30:37.629+0000][1.975s][info ][gc,start      ] GC(7) Pause Young (Normal) (G1 Evacuation Pause)
[2023-10-30T19:30:37.630+0000][1.976s][info ][gc,task       ] GC(7) Using 4 workers of 8 for evacuation
[2023-10-30T19:30:37.638+0000][1.984s][info ][gc,phases     ] GC(7)   Pre Evacuate Collection Set: 0.0ms
[2023-10-30T19:30:37.638+0000][1.984s][info ][gc,phases     ] GC(7)   Evacuate Collection Set: 6.2ms
[2023-10-30T19:30:37.639+0000][1.984s][info ][gc,phases     ] GC(7)   Post Evacuate Collection Set: 1.2ms
[2023-10-30T19:30:37.639+0000][1.985s][info ][gc,phases     ] GC(7)   Other: 1.0ms
[2023-10-30T19:30:37.639+0000][1.985s][info ][gc,heap       ] GC(7) Eden regions: 89->0(88)
[2023-10-30T19:30:37.640+0000][1.985s][info ][gc,heap       ] GC(7) Survivor regions: 7->8(12)
[2023-10-30T19:30:37.640+0000][1.986s][info ][gc,heap       ] GC(7) Old regions: 10->10
[2023-10-30T19:30:37.640+0000][1.986s][info ][gc,heap       ] GC(7) Humongous regions: 0->0
[2023-10-30T19:30:37.641+0000][1.986s][info ][gc,metaspace  ] GC(7) Metaspace: 20148K(20992K)->20148K(20992K) NonClass: 17596K(18176K)->17596K(18176K) Class: 2552K(2816K)->2552K(2816K)
[2023-10-30T19:30:37.641+0000][1.987s][info ][gc            ] GC(7) Pause Young (Normal) (G1 Evacuation Pause) 103M->16M(161M) 11.705ms
[2023-10-30T19:30:37.641+0000][1.987s][info ][gc,cpu        ] GC(7) User=0.05s Sys=0.00s Real=0.01s
[2023-10-30T19:30:37.642+0000][1.988s][info ][safepoint     ] Leaving safepoint region
[2023-10-30T19:30:37.642+0000][1.988s][info ][safepoint     ] Total time for which application threads were stopped: 0.0132698 seconds, Stopping threads took: 0.0003788 seconds
[2023-10-30T19:30:37.642+0000][1.988s][info ][gc,stringdedup] Concurrent String Deduplication (1.988s)
[2023-10-30T19:30:37.644+0000][1.990s][info ][gc,stringdedup] Concurrent String Deduplication 84424.0B->29264.0B(55160.0B) avg 14.4% (1.988s, 1.990s) 1.422ms
[2023-10-30T19:30:37.659+0000][2.005s][debug][safepoint     ] Safepoint synchronization initiated. (13 threads)
[2023-10-30T19:30:37.659+0000][2.005s][info ][safepoint     ] Application time: 0.0170267 seconds
[2023-10-30T19:30:37.660+0000][2.006s][debug][safepoint     ] ... found polling page return exception at pc = 0x00007f31602cf218, stub =0x00007f3158840600
[2023-10-30T19:30:37.660+0000][2.006s][debug][safepoint     ] Waiting for 1 thread(s) to block
[2023-10-30T19:30:37.661+0000][2.006s][info ][safepoint     ] Entering safepoint region: CollectForMetadataAllocation
[2023-10-30T19:30:37.661+0000][2.007s][info ][gc,start      ] GC(8) Pause Young (Concurrent Start) (Metadata GC Threshold)
[2023-10-30T19:30:37.661+0000][2.007s][info ][gc,task       ] GC(8) Using 4 workers of 8 for evacuation
[2023-10-30T19:30:37.670+0000][2.016s][info ][gc,phases     ] GC(8)   Pre Evacuate Collection Set: 0.1ms
[2023-10-30T19:30:37.670+0000][2.016s][info ][gc,phases     ] GC(8)   Evacuate Collection Set: 6.6ms
[2023-10-30T19:30:37.671+0000][2.016s][info ][gc,phases     ] GC(8)   Post Evacuate Collection Set: 1.4ms
[2023-10-30T19:30:37.671+0000][2.017s][info ][gc,phases     ] GC(8)   Other: 0.7ms
[2023-10-30T19:30:37.671+0000][2.017s][info ][gc,heap       ] GC(8) Eden regions: 6->0(103)
[2023-10-30T19:30:37.672+0000][2.017s][info ][gc,heap       ] GC(8) Survivor regions: 8->7(12)
[2023-10-30T19:30:37.672+0000][2.018s][info ][gc,heap       ] GC(8) Old regions: 10->12
[2023-10-30T19:30:37.672+0000][2.018s][info ][gc,heap       ] GC(8) Humongous regions: 0->0
[2023-10-30T19:30:37.672+0000][2.018s][info ][gc,metaspace  ] GC(8) Metaspace: 20434K(21248K)->20434K(21248K) NonClass: 17852K(18432K)->17852K(18432K) Class: 2581K(2816K)->2581K(2816K)
[2023-10-30T19:30:37.673+0000][2.019s][info ][gc            ] GC(8) Pause Young (Concurrent Start) (Metadata GC Threshold) 22M->16M(194M) 11.621ms
[2023-10-30T19:30:37.673+0000][2.019s][info ][gc,cpu        ] GC(8) User=0.04s Sys=0.00s Real=0.01s
[2023-10-30T19:30:37.673+0000][2.019s][info ][gc            ] GC(9) Concurrent Cycle
[2023-10-30T19:30:37.673+0000][2.019s][info ][safepoint     ] Leaving safepoint region
[2023-10-30T19:30:37.674+0000][2.020s][info ][gc,marking    ] GC(9) Concurrent Clear Claimed Marks
[2023-10-30T19:30:37.674+0000][2.020s][info ][safepoint     ] Total time for which application threads were stopped: 0.0142114 seconds, Stopping threads took: 0.0010957 seconds
[2023-10-30T19:30:37.675+0000][2.020s][info ][gc,marking    ] GC(9) Concurrent Clear Claimed Marks 0.812ms
[2023-10-30T19:30:37.675+0000][2.021s][info ][gc,marking    ] GC(9) Concurrent Scan Root Regions
[2023-10-30T19:30:37.675+0000][2.021s][info ][gc,stringdedup] Concurrent String Deduplication (2.021s)
[2023-10-30T19:30:37.677+0000][2.023s][info ][gc,stringdedup] Concurrent String Deduplication 106.3K->14424.0B(94432.0B) avg 17.0% (2.021s, 2.023s) 2.251ms
[2023-10-30T19:30:37.679+0000][2.024s][info ][gc,marking    ] GC(9) Concurrent Scan Root Regions 3.383ms
[2023-10-30T19:30:37.679+0000][2.025s][info ][gc,marking    ] GC(9) Concurrent Mark (2.025s)
[2023-10-30T19:30:37.680+0000][2.025s][info ][gc,marking    ] GC(9) Concurrent Mark From Roots
[2023-10-30T19:30:37.680+0000][2.026s][info ][gc,task       ] GC(9) Using 2 workers of 2 for marking
[2023-10-30T19:30:37.691+0000][2.037s][info ][gc,marking    ] GC(9) Concurrent Mark From Roots 11.884ms
[2023-10-30T19:30:37.692+0000][2.038s][info ][gc,marking    ] GC(9) Concurrent Preclean
[2023-10-30T19:30:37.693+0000][2.038s][info ][gc,marking    ] GC(9) Concurrent Preclean 0.569ms
[2023-10-30T19:30:37.693+0000][2.039s][info ][gc,marking    ] GC(9) Concurrent Mark (2.025s, 2.039s) 14.036ms
[2023-10-30T19:30:37.694+0000][2.039s][debug][safepoint     ] Safepoint synchronization initiated. (13 threads)
[2023-10-30T19:30:37.694+0000][2.040s][info ][safepoint     ] Application time: 0.0192469 seconds
[2023-10-30T19:30:37.695+0000][2.040s][debug][safepoint     ] ... found polling page return exception at pc = 0x00007f316034e236, stub =0x00007f3158840600
[2023-10-30T19:30:37.695+0000][2.041s][debug][safepoint     ] Waiting for 2 thread(s) to block
[2023-10-30T19:30:37.696+0000][2.041s][info ][safepoint     ] Entering safepoint region: CGC_Operation
[2023-10-30T19:30:37.696+0000][2.042s][info ][gc,start      ] GC(9) Pause Remark
[2023-10-30T19:30:37.699+0000][2.045s][info ][gc,stringtable] GC(9) Cleaned string and symbol table, strings: 8270 processed, 7 removed, symbols: 55290 processed, 115 removed
[2023-10-30T19:30:37.700+0000][2.045s][info ][gc            ] GC(9) Pause Remark 22M->22M(194M) 3.575ms
[2023-10-30T19:30:37.700+0000][2.046s][info ][gc,cpu        ] GC(9) User=0.01s Sys=0.00s Real=0.00s
[2023-10-30T19:30:37.700+0000][2.046s][info ][safepoint     ] Leaving safepoint region
[2023-10-30T19:30:37.701+0000][2.047s][info ][safepoint     ] Total time for which application threads were stopped: 0.0063788 seconds, Stopping threads took: 0.0014041 seconds
[2023-10-30T19:30:37.701+0000][2.047s][info ][gc,marking    ] GC(9) Concurrent Rebuild Remembered Sets
[2023-10-30T19:30:37.706+0000][2.052s][info ][gc,marking    ] GC(9) Concurrent Rebuild Remembered Sets 5.022ms
[2023-10-30T19:30:37.707+0000][2.053s][debug][safepoint     ] Safepoint synchronization initiated. (13 threads)
[2023-10-30T19:30:37.707+0000][2.053s][info ][safepoint     ] Application time: 0.0061307 seconds
[2023-10-30T19:30:37.708+0000][2.054s][debug][safepoint     ] ... found polling page return exception at pc = 0x00007f316045e61b, stub =0x00007f3158840600
[2023-10-30T19:30:37.708+0000][2.054s][debug][safepoint     ] Waiting for 2 thread(s) to block
[2023-10-30T19:30:37.709+0000][2.055s][info ][safepoint     ] Entering safepoint region: CGC_Operation
[2023-10-30T19:30:37.709+0000][2.055s][info ][gc,start      ] GC(9) Pause Cleanup
[2023-10-30T19:30:37.710+0000][2.055s][info ][gc            ] GC(9) Pause Cleanup 25M->25M(194M) 0.489ms
[2023-10-30T19:30:37.710+0000][2.056s][info ][gc,cpu        ] GC(9) User=0.00s Sys=0.00s Real=0.00s
[2023-10-30T19:30:37.710+0000][2.056s][info ][safepoint     ] Leaving safepoint region
[2023-10-30T19:30:37.711+0000][2.056s][info ][safepoint     ] Total time for which application threads were stopped: 0.0027789 seconds, Stopping threads took: 0.0011592 seconds
[2023-10-30T19:30:37.711+0000][2.057s][info ][gc,marking    ] GC(9) Concurrent Cleanup for Next Mark
[2023-10-30T19:30:37.713+0000][2.058s][info ][gc,marking    ] GC(9) Concurrent Cleanup for Next Mark 1.662ms
[2023-10-30T19:30:37.713+0000][2.059s][info ][gc            ] GC(9) Concurrent Cycle 39.835ms
[2023-10-30T19:30:37.878+0000][2.224s][debug][safepoint     ] Safepoint synchronization initiated. (13 threads)
[2023-10-30T19:30:37.879+0000][2.225s][info ][safepoint     ] Application time: 0.1680557 seconds
[2023-10-30T19:30:37.879+0000][2.225s][info ][safepoint     ] Entering safepoint region: Deoptimize
[2023-10-30T19:30:37.880+0000][2.226s][info ][safepoint     ] Leaving safepoint region
[2023-10-30T19:30:37.881+0000][2.227s][info ][safepoint     ] Total time for which application threads were stopped: 0.0013155 seconds, Stopping threads took: 0.0004164 seconds
[2023-10-30T19:30:37.978+0000][2.323s][debug][safepoint     ] Safepoint synchronization initiated. (12 threads)
[2023-10-30T19:30:37.978+0000][2.324s][info ][safepoint     ] Application time: 0.0968891 seconds
[2023-10-30T19:30:37.978+0000][2.324s][info ][safepoint     ] Entering safepoint region: G1CollectForAllocation
[2023-10-30T19:30:37.979+0000][2.325s][info ][gc,start      ] GC(10) Pause Young (Normal) (G1 Evacuation Pause)
[2023-10-30T19:30:37.979+0000][2.325s][info ][gc,task       ] GC(10) Using 4 workers of 8 for evacuation
[2023-10-30T19:30:37.988+0000][2.333s][info ][gc,phases     ] GC(10)   Pre Evacuate Collection Set: 0.0ms
[2023-10-30T19:30:37.988+0000][2.334s][info ][gc,phases     ] GC(10)   Evacuate Collection Set: 6.5ms
[2023-10-30T19:30:37.988+0000][2.334s][info ][gc,phases     ] GC(10)   Post Evacuate Collection Set: 1.5ms
[2023-10-30T19:30:37.989+0000][2.335s][info ][gc,phases     ] GC(10)   Other: 0.7ms
[2023-10-30T19:30:37.989+0000][2.335s][info ][gc,heap       ] GC(10) Eden regions: 103->0(107)
[2023-10-30T19:30:37.989+0000][2.335s][info ][gc,heap       ] GC(10) Survivor regions: 7->9(14)
[2023-10-30T19:30:37.990+0000][2.335s][info ][gc,heap       ] GC(10) Old regions: 12->12
[2023-10-30T19:30:37.990+0000][2.336s][info ][gc,heap       ] GC(10) Humongous regions: 0->0
[2023-10-30T19:30:37.990+0000][2.336s][info ][gc,metaspace  ] GC(10) Metaspace: 23936K(24828K)->23936K(24828K) NonClass: 20913K(21500K)->20913K(21500K) Class: 3023K(3328K)->3023K(3328K)
[2023-10-30T19:30:37.991+0000][2.337s][info ][gc            ] GC(10) Pause Young (Normal) (G1 Evacuation Pause) 119M->18M(194M) 11.897ms
[2023-10-30T19:30:37.991+0000][2.337s][info ][gc,cpu        ] GC(10) User=0.05s Sys=0.00s Real=0.01s
[2023-10-30T19:30:37.991+0000][2.337s][info ][safepoint     ] Leaving safepoint region
[2023-10-30T19:30:37.992+0000][2.337s][info ][safepoint     ] Total time for which application threads were stopped: 0.0132991 seconds, Stopping threads took: 0.0003097 seconds
[2023-10-30T19:30:37.992+0000][2.338s][info ][gc,stringdedup] Concurrent String Deduplication (2.338s)
[2023-10-30T19:30:37.996+0000][2.342s][info ][gc,stringdedup] Concurrent String Deduplication 785.8K->744.8K(41960.0B) avg 14.5% (2.338s, 2.342s) 4.165ms
[2023-10-30T19:30:38.251+0000][2.597s][debug][safepoint     ] Safepoint synchronization initiated. (12 threads)
[2023-10-30T19:30:38.251+0000][2.597s][info ][safepoint     ] Application time: 0.2592487 seconds
[2023-10-30T19:30:38.252+0000][2.597s][info ][safepoint     ] Entering safepoint region: G1CollectForAllocation
[2023-10-30T19:30:38.252+0000][2.598s][info ][gc,start      ] GC(11) Pause Young (Normal) (G1 Evacuation Pause)
[2023-10-30T19:30:38.253+0000][2.599s][info ][gc,task       ] GC(11) Using 4 workers of 8 for evacuation
[2023-10-30T19:30:38.263+0000][2.609s][info ][gc,phases     ] GC(11)   Pre Evacuate Collection Set: 0.0ms
[2023-10-30T19:30:38.263+0000][2.609s][info ][gc,phases     ] GC(11)   Evacuate Collection Set: 8.2ms
[2023-10-30T19:30:38.264+0000][2.610s][info ][gc,phases     ] GC(11)   Post Evacuate Collection Set: 1.3ms
[2023-10-30T19:30:38.264+0000][2.610s][info ][gc,phases     ] GC(11)   Other: 1.1ms
[2023-10-30T19:30:38.265+0000][2.610s][info ][gc,heap       ] GC(11) Eden regions: 107->0(106)
[2023-10-30T19:30:38.265+0000][2.611s][info ][gc,heap       ] GC(11) Survivor regions: 9->10(15)
[2023-10-30T19:30:38.265+0000][2.611s][info ][gc,heap       ] GC(11) Old regions: 12->14
[2023-10-30T19:30:38.266+0000][2.612s][info ][gc,heap       ] GC(11) Humongous regions: 0->0
[2023-10-30T19:30:38.266+0000][2.612s][info ][gc,metaspace  ] GC(11) Metaspace: 24252K(25212K)->24252K(25212K) NonClass: 21182K(21756K)->21182K(21756K) Class: 3069K(3456K)->3069K(3456K)
[2023-10-30T19:30:38.267+0000][2.613s][info ][gc            ] GC(11) Pause Young (Normal) (G1 Evacuation Pause) 125M->21M(194M) 14.570ms
[2023-10-30T19:30:38.267+0000][2.613s][info ][gc,cpu        ] GC(11) User=0.08s Sys=0.00s Real=0.02s
[2023-10-30T19:30:38.268+0000][2.614s][info ][safepoint     ] Leaving safepoint region
[2023-10-30T19:30:38.268+0000][2.614s][info ][safepoint     ] Total time for which application threads were stopped: 0.0167291 seconds, Stopping threads took: 0.0004071 seconds
[2023-10-30T19:30:38.269+0000][2.615s][info ][gc,stringdedup] Concurrent String Deduplication (2.615s)
[2023-10-30T19:30:38.270+0000][2.616s][info ][gc,stringdedup] Concurrent String Deduplication 16224.0B->8752.0B(7472.0B) avg 14.7% (2.615s, 2.616s) 0.719ms
[2023-10-30T19:30:38.614+0000][2.959s][debug][safepoint     ] Safepoint synchronization initiated. (12 threads)
[2023-10-30T19:30:38.614+0000][2.960s][info ][safepoint     ] Application time: 0.3451126 seconds
[2023-10-30T19:30:38.615+0000][2.960s][info ][safepoint     ] Entering safepoint region: G1CollectForAllocation
[2023-10-30T19:30:38.615+0000][2.961s][info ][gc,start      ] GC(12) Pause Young (Normal) (G1 Evacuation Pause)
[2023-10-30T19:30:38.616+0000][2.961s][info ][gc,task       ] GC(12) Using 4 workers of 8 for evacuation
[2023-10-30T19:30:38.625+0000][2.971s][info ][gc,phases     ] GC(12)   Pre Evacuate Collection Set: 0.0ms
[2023-10-30T19:30:38.625+0000][2.971s][info ][gc,phases     ] GC(12)   Evacuate Collection Set: 7.7ms
[2023-10-30T19:30:38.626+0000][2.972s][info ][gc,phases     ] GC(12)   Post Evacuate Collection Set: 1.3ms
[2023-10-30T19:30:38.626+0000][2.972s][info ][gc,phases     ] GC(12)   Other: 0.9ms
[2023-10-30T19:30:38.627+0000][2.973s][info ][gc,heap       ] GC(12) Eden regions: 106->0(106)
[2023-10-30T19:30:38.627+0000][2.973s][info ][gc,heap       ] GC(12) Survivor regions: 10->10(15)
[2023-10-30T19:30:38.628+0000][2.973s][info ][gc,heap       ] GC(12) Old regions: 14->16
[2023-10-30T19:30:38.628+0000][2.974s][info ][gc,heap       ] GC(12) Humongous regions: 0->0
[2023-10-30T19:30:38.628+0000][2.974s][info ][gc,metaspace  ] GC(12) Metaspace: 24653K(25724K)->24653K(25724K) NonClass: 21560K(22268K)->21560K(22268K) Class: 3092K(3456K)->3092K(3456K)
[2023-10-30T19:30:38.629+0000][2.975s][info ][gc            ] GC(12) Pause Young (Normal) (G1 Evacuation Pause) 127M->23M(194M) 13.554ms
[2023-10-30T19:30:38.629+0000][2.975s][info ][gc,cpu        ] GC(12) User=0.05s Sys=0.01s Real=0.01s
[2023-10-30T19:30:38.630+0000][2.975s][info ][safepoint     ] Leaving safepoint region
[2023-10-30T19:30:38.630+0000][2.976s][info ][safepoint     ] Total time for which application threads were stopped: 0.0152857 seconds, Stopping threads took: 0.0003373 seconds
[2023-10-30T19:30:38.630+0000][2.976s][info ][gc,stringdedup] Concurrent String Deduplication (2.976s)
[2023-10-30T19:30:38.635+0000][2.981s][info ][gc,stringdedup] Concurrent String Deduplication 698.5K->454.3K(244.2K) avg 17.8% (2.976s, 2.981s) 4.440ms
[2023-10-30T19:30:38.915+0000][3.261s][debug][safepoint     ] Safepoint synchronization initiated. (12 threads)
[2023-10-30T19:30:38.916+0000][3.262s][info ][safepoint     ] Application time: 0.2853905 seconds
[2023-10-30T19:30:38.917+0000][3.263s][info ][safepoint     ] Entering safepoint region: G1CollectForAllocation
[2023-10-30T19:30:38.918+0000][3.263s][info ][gc,start      ] GC(13) Pause Young (Normal) (G1 Evacuation Pause)
[2023-10-30T19:30:38.918+0000][3.264s][info ][gc,task       ] GC(13) Using 4 workers of 8 for evacuation
[2023-10-30T19:30:38.927+0000][3.273s][info ][gc,phases     ] GC(13)   Pre Evacuate Collection Set: 0.0ms
[2023-10-30T19:30:38.928+0000][3.273s][info ][gc,phases     ] GC(13)   Evacuate Collection Set: 7.2ms
[2023-10-30T19:30:38.928+0000][3.274s][info ][gc,phases     ] GC(13)   Post Evacuate Collection Set: 1.5ms
[2023-10-30T19:30:38.928+0000][3.274s][info ][gc,phases     ] GC(13)   Other: 0.8ms
[2023-10-30T19:30:38.929+0000][3.274s][info ][gc,heap       ] GC(13) Eden regions: 106->0(138)
[2023-10-30T19:30:38.929+0000][3.275s][info ][gc,heap       ] GC(13) Survivor regions: 10->9(15)
[2023-10-30T19:30:38.929+0000][3.275s][info ][gc,heap       ] GC(13) Old regions: 16->20
[2023-10-30T19:30:38.930+0000][3.275s][info ][gc,heap       ] GC(13) Humongous regions: 0->0
[2023-10-30T19:30:38.930+0000][3.276s][info ][gc,metaspace  ] GC(13) Metaspace: 24768K(25724K)->24768K(25724K) NonClass: 21660K(22268K)->21660K(22268K) Class: 3107K(3456K)->3107K(3456K)
[2023-10-30T19:30:38.930+0000][3.276s][info ][gc            ] GC(13) Pause Young (Normal) (G1 Evacuation Pause) 129M->26M(258M) 12.599ms
[2023-10-30T19:30:38.931+0000][3.276s][info ][gc,cpu        ] GC(13) User=0.04s Sys=0.00s Real=0.01s
[2023-10-30T19:30:38.931+0000][3.277s][info ][safepoint     ] Leaving safepoint region
[2023-10-30T19:30:38.931+0000][3.277s][info ][safepoint     ] Total time for which application threads were stopped: 0.0145577 seconds, Stopping threads took: 0.0007823 seconds
[2023-10-30T19:30:38.932+0000][3.277s][info ][gc,stringdedup] Concurrent String Deduplication (3.277s)
[2023-10-30T19:30:38.936+0000][3.281s][info ][gc,stringdedup] Concurrent String Deduplication 961.2K->420.6K(540.6K) avg 24.6% (3.277s, 3.281s) 3.850ms
[2023-10-30T19:30:39.116+0000][3.461s][debug][safepoint     ] Safepoint synchronization initiated. (13 threads)
[2023-10-30T19:30:39.116+0000][3.462s][info ][safepoint     ] Application time: 0.1846252 seconds
[2023-10-30T19:30:39.117+0000][3.462s][info ][safepoint     ] Entering safepoint region: G1CollectForAllocation
[2023-10-30T19:30:39.117+0000][3.463s][info ][gc,start      ] GC(14) Pause Young (Normal) (G1 Evacuation Pause)
[2023-10-30T19:30:39.118+0000][3.464s][info ][gc,task       ] GC(14) Using 6 workers of 8 for evacuation
[2023-10-30T19:30:39.127+0000][3.473s][info ][gc,phases     ] GC(14)   Pre Evacuate Collection Set: 0.0ms
[2023-10-30T19:30:39.128+0000][3.474s][info ][gc,phases     ] GC(14)   Evacuate Collection Set: 7.8ms
[2023-10-30T19:30:39.128+0000][3.474s][info ][gc,phases     ] GC(14)   Post Evacuate Collection Set: 1.1ms
[2023-10-30T19:30:39.129+0000][3.475s][info ][gc,phases     ] GC(14)   Other: 1.3ms
[2023-10-30T19:30:39.129+0000][3.475s][info ][gc,heap       ] GC(14) Eden regions: 138->0(145)
[2023-10-30T19:30:39.130+0000][3.476s][info ][gc,heap       ] GC(14) Survivor regions: 9->9(19)
[2023-10-30T19:30:39.130+0000][3.476s][info ][gc,heap       ] GC(14) Old regions: 20->20
[2023-10-30T19:30:39.131+0000][3.477s][info ][gc,heap       ] GC(14) Humongous regions: 0->0
[2023-10-30T19:30:39.131+0000][3.477s][info ][gc,metaspace  ] GC(14) Metaspace: 26300K(27388K)->26300K(27388K) NonClass: 23075K(23804K)->23075K(23804K) Class: 3224K(3584K)->3224K(3584K)
[2023-10-30T19:30:39.132+0000][3.477s][info ][gc            ] GC(14) Pause Young (Normal) (G1 Evacuation Pause) 164M->26M(258M) 14.368ms
[2023-10-30T19:30:39.132+0000][3.478s][info ][gc,cpu        ] GC(14) User=0.04s Sys=0.00s Real=0.01s
[2023-10-30T19:30:39.132+0000][3.478s][info ][safepoint     ] Leaving safepoint region
[2023-10-30T19:30:39.133+0000][3.479s][info ][safepoint     ] Total time for which application threads were stopped: 0.0162796 seconds, Stopping threads took: 0.0003828 seconds
[2023-10-30T19:30:39.133+0000][3.479s][info ][gc,stringdedup] Concurrent String Deduplication (3.479s)
[2023-10-30T19:30:39.137+0000][3.483s][info ][gc,stringdedup] Concurrent String Deduplication 719.6K->150.5K(569.1K) avg 30.9% (3.479s, 3.483s) 3.543ms
[2023-10-30T19:30:39.258+0000][3.604s][debug][safepoint     ] Safepoint synchronization initiated. (13 threads)
[2023-10-30T19:30:39.259+0000][3.605s][info ][safepoint     ] Application time: 0.1255400 seconds
[2023-10-30T19:30:39.259+0000][3.605s][info ][safepoint     ] Entering safepoint region: G1CollectForAllocation
[2023-10-30T19:30:39.260+0000][3.606s][info ][gc,start      ] GC(15) Pause Young (Normal) (G1 Evacuation Pause)
[2023-10-30T19:30:39.261+0000][3.607s][info ][gc,task       ] GC(15) Using 6 workers of 8 for evacuation
[2023-10-30T19:30:39.265+0000][3.611s][info ][gc,phases     ] GC(15)   Pre Evacuate Collection Set: 0.0ms
[2023-10-30T19:30:39.266+0000][3.612s][info ][gc,phases     ] GC(15)   Evacuate Collection Set: 3.0ms
[2023-10-30T19:30:39.267+0000][3.613s][info ][gc,phases     ] GC(15)   Post Evacuate Collection Set: 1.2ms
[2023-10-30T19:30:39.267+0000][3.613s][info ][gc,phases     ] GC(15)   Other: 1.1ms
[2023-10-30T19:30:39.268+0000][3.614s][info ][gc,heap       ] GC(15) Eden regions: 145->0(146)
[2023-10-30T19:30:39.268+0000][3.614s][info ][gc,heap       ] GC(15) Survivor regions: 9->8(20)
[2023-10-30T19:30:39.269+0000][3.615s][info ][gc,heap       ] GC(15) Old regions: 20->20
[2023-10-30T19:30:39.269+0000][3.615s][info ][gc,heap       ] GC(15) Humongous regions: 0->0
[2023-10-30T19:30:39.270+0000][3.616s][info ][gc,metaspace  ] GC(15) Metaspace: 26308K(27388K)->26308K(27388K) NonClass: 23084K(23804K)->23084K(23804K) Class: 3224K(3584K)->3224K(3584K)
[2023-10-30T19:30:39.270+0000][3.616s][info ][gc            ] GC(15) Pause Young (Normal) (G1 Evacuation Pause) 171M->25M(258M) 10.031ms
[2023-10-30T19:30:39.271+0000][3.617s][info ][gc,cpu        ] GC(15) User=0.04s Sys=0.00s Real=0.01s
[2023-10-30T19:30:39.271+0000][3.617s][info ][safepoint     ] Leaving safepoint region
[2023-10-30T19:30:39.272+0000][3.618s][info ][safepoint     ] Total time for which application threads were stopped: 0.0124607 seconds, Stopping threads took: 0.0004636 seconds
[2023-10-30T19:30:39.273+0000][3.618s][info ][gc,stringdedup] Concurrent String Deduplication (3.618s)
[2023-10-30T19:30:39.275+0000][3.621s][info ][gc,stringdedup] Concurrent String Deduplication 1225.3K->251.5K(973.8K) avg 38.9% (3.618s, 3.621s) 2.722ms
[2023-10-30T19:30:39.612+0000][3.958s][debug][safepoint     ] Safepoint synchronization initiated. (12 threads)
[2023-10-30T19:30:39.613+0000][3.959s][info ][safepoint     ] Application time: 0.3405102 seconds
[2023-10-30T19:30:39.613+0000][3.959s][info ][safepoint     ] Entering safepoint region: G1CollectForAllocation
[2023-10-30T19:30:39.614+0000][3.960s][info ][gc,start      ] GC(16) Pause Young (Normal) (G1 Evacuation Pause)
[2023-10-30T19:30:39.615+0000][3.960s][info ][gc,task       ] GC(16) Using 6 workers of 8 for evacuation
[2023-10-30T19:30:39.622+0000][3.968s][info ][gc,phases     ] GC(16)   Pre Evacuate Collection Set: 0.0ms
[2023-10-30T19:30:39.623+0000][3.969s][info ][gc,phases     ] GC(16)   Evacuate Collection Set: 5.6ms
[2023-10-30T19:30:39.623+0000][3.969s][info ][gc,phases     ] GC(16)   Post Evacuate Collection Set: 1.6ms
[2023-10-30T19:30:39.624+0000][3.969s][info ][gc,phases     ] GC(16)   Other: 1.0ms
[2023-10-30T19:30:39.624+0000][3.970s][info ][gc,heap       ] GC(16) Eden regions: 146->0(146)
[2023-10-30T19:30:39.624+0000][3.970s][info ][gc,heap       ] GC(16) Survivor regions: 8->8(20)
[2023-10-30T19:30:39.625+0000][3.970s][info ][gc,heap       ] GC(16) Old regions: 20->20
[2023-10-30T19:30:39.625+0000][3.971s][info ][gc,heap       ] GC(16) Humongous regions: 0->0
[2023-10-30T19:30:39.625+0000][3.971s][info ][gc,metaspace  ] GC(16) Metaspace: 30562K(31612K)->30562K(31612K) NonClass: 26899K(27644K)->26899K(27644K) Class: 3663K(3968K)->3663K(3968K)
[2023-10-30T19:30:39.626+0000][3.971s][info ][gc            ] GC(16) Pause Young (Normal) (G1 Evacuation Pause) 171M->26M(258M) 11.545ms
[2023-10-30T19:30:39.626+0000][3.972s][info ][gc,cpu        ] GC(16) User=0.07s Sys=0.00s Real=0.02s
[2023-10-30T19:30:39.626+0000][3.972s][info ][safepoint     ] Leaving safepoint region
[2023-10-30T19:30:39.627+0000][3.973s][info ][safepoint     ] Total time for which application threads were stopped: 0.0133027 seconds, Stopping threads took: 0.0004309 seconds
[2023-10-30T19:30:39.627+0000][3.973s][info ][gc,stringdedup] Concurrent String Deduplication (3.973s)
[2023-10-30T19:30:39.629+0000][3.974s][info ][gc,stringdedup] Concurrent String Deduplication 118.7K->35032.0B(86496.0B) avg 39.4% (3.973s, 3.974s) 1.332ms
[2023-10-30T19:30:39.985+0000][4.331s][debug][safepoint     ] Safepoint synchronization initiated. (12 threads)
[2023-10-30T19:30:39.986+0000][4.332s][info ][safepoint     ] Application time: 0.3586280 seconds
[2023-10-30T19:30:39.986+0000][4.332s][info ][safepoint     ] Entering safepoint region: G1CollectForAllocation
[2023-10-30T19:30:39.987+0000][4.333s][info ][gc,start      ] GC(17) Pause Young (Normal) (G1 Evacuation Pause)
[2023-10-30T19:30:39.987+0000][4.333s][info ][gc,task       ] GC(17) Using 6 workers of 8 for evacuation
[2023-10-30T19:30:39.995+0000][4.341s][info ][gc,phases     ] GC(17)   Pre Evacuate Collection Set: 0.0ms
[2023-10-30T19:30:39.996+0000][4.341s][info ][gc,phases     ] GC(17)   Evacuate Collection Set: 6.1ms
[2023-10-30T19:30:39.996+0000][4.342s][info ][gc,phases     ] GC(17)   Post Evacuate Collection Set: 1.3ms
[2023-10-30T19:30:39.996+0000][4.342s][info ][gc,phases     ] GC(17)   Other: 0.9ms
[2023-10-30T19:30:39.997+0000][4.343s][info ][gc,heap       ] GC(17) Eden regions: 146->0(145)
[2023-10-30T19:30:39.997+0000][4.343s][info ][gc,heap       ] GC(17) Survivor regions: 8->9(20)
[2023-10-30T19:30:39.998+0000][4.344s][info ][gc,heap       ] GC(17) Old regions: 20->20
[2023-10-30T19:30:39.998+0000][4.344s][info ][gc,heap       ] GC(17) Humongous regions: 0->0
[2023-10-30T19:30:39.999+0000][4.345s][info ][gc,metaspace  ] GC(17) Metaspace: 32556K(33660K)->32556K(33660K) NonClass: 28640K(29436K)->28640K(29436K) Class: 3916K(4224K)->3916K(4224K)
[2023-10-30T19:30:39.999+0000][4.345s][info ][gc            ] GC(17) Pause Young (Normal) (G1 Evacuation Pause) 172M->27M(258M) 12.428ms
[2023-10-30T19:30:40.000+0000][4.345s][info ][gc,cpu        ] GC(17) User=0.05s Sys=0.01s Real=0.01s
[2023-10-30T19:30:40.000+0000][4.346s][info ][safepoint     ] Leaving safepoint region
[2023-10-30T19:30:40.001+0000][4.346s][info ][safepoint     ] Total time for which application threads were stopped: 0.0144992 seconds, Stopping threads took: 0.0003646 seconds
[2023-10-30T19:30:40.001+0000][4.347s][info ][gc,stringdedup] Concurrent String Deduplication (4.347s)
[2023-10-30T19:30:40.002+0000][4.347s][info ][gc,stringdedup] Concurrent String Deduplication 23104.0B->0.0B(23104.0B) avg 39.6% (4.347s, 4.347s) 0.432ms
[2023-10-30T19:30:40.027+0000][4.373s][debug][safepoint     ] Safepoint synchronization initiated. (12 threads)
[2023-10-30T19:30:40.028+0000][4.374s][info ][safepoint     ] Application time: 0.0269601 seconds
[2023-10-30T19:30:40.029+0000][4.374s][info ][safepoint     ] Entering safepoint region: Deoptimize
[2023-10-30T19:30:40.029+0000][4.375s][info ][safepoint     ] Leaving safepoint region
[2023-10-30T19:30:40.030+0000][4.376s][info ][safepoint     ] Total time for which application threads were stopped: 0.0013371 seconds, Stopping threads took: 0.0003820 seconds
[2023-10-30T19:30:40.303+0000][4.649s][debug][safepoint     ] Safepoint synchronization initiated. (12 threads)
[2023-10-30T19:30:40.304+0000][4.650s][info ][safepoint     ] Application time: 0.2735659 seconds
[2023-10-30T19:30:40.304+0000][4.650s][info ][safepoint     ] Entering safepoint region: G1CollectForAllocation
[2023-10-30T19:30:40.305+0000][4.650s][info ][gc,start      ] GC(18) Pause Young (Normal) (G1 Evacuation Pause)
[2023-10-30T19:30:40.305+0000][4.651s][info ][gc,task       ] GC(18) Using 6 workers of 8 for evacuation
[2023-10-30T19:30:40.312+0000][4.658s][info ][gc,phases     ] GC(18)   Pre Evacuate Collection Set: 0.0ms
[2023-10-30T19:30:40.313+0000][4.658s][info ][gc,phases     ] GC(18)   Evacuate Collection Set: 5.0ms
[2023-10-30T19:30:40.313+0000][4.659s][info ][gc,phases     ] GC(18)   Post Evacuate Collection Set: 1.7ms
[2023-10-30T19:30:40.313+0000][4.659s][info ][gc,phases     ] GC(18)   Other: 0.8ms
[2023-10-30T19:30:40.314+0000][4.660s][info ][gc,heap       ] GC(18) Eden regions: 145->0(175)
[2023-10-30T19:30:40.314+0000][4.660s][info ][gc,heap       ] GC(18) Survivor regions: 9->11(20)
[2023-10-30T19:30:40.314+0000][4.660s][info ][gc,heap       ] GC(18) Old regions: 20->20
[2023-10-30T19:30:40.315+0000][4.661s][info ][gc,heap       ] GC(18) Humongous regions: 0->0
[2023-10-30T19:30:40.315+0000][4.661s][info ][gc,metaspace  ] GC(18) Metaspace: 32893K(34044K)->32893K(34044K) NonClass: 28929K(29692K)->28929K(29692K) Class: 3963K(4352K)->3963K(4352K)
[2023-10-30T19:30:40.316+0000][4.661s][info ][gc            ] GC(18) Pause Young (Normal) (G1 Evacuation Pause) 172M->28M(310M) 10.891ms
[2023-10-30T19:30:40.316+0000][4.662s][info ][gc,cpu        ] GC(18) User=0.08s Sys=0.00s Real=0.02s
[2023-10-30T19:30:40.316+0000][4.662s][info ][safepoint     ] Leaving safepoint region
[2023-10-30T19:30:40.317+0000][4.662s][info ][safepoint     ] Total time for which application threads were stopped: 0.0124157 seconds, Stopping threads took: 0.0003111 seconds
[2023-10-30T19:30:40.317+0000][4.663s][info ][gc,stringdedup] Concurrent String Deduplication (4.663s)
[2023-10-30T19:30:40.318+0000][4.664s][info ][gc,stringdedup] Concurrent String Deduplication 355.0K->17448.0B(337.9K) avg 42.1% (4.663s, 4.664s) 1.428ms
[2023-10-30T19:30:40.355+0000][4.701s][debug][safepoint     ] Safepoint synchronization initiated. (12 threads)
[2023-10-30T19:30:40.356+0000][4.702s][info ][safepoint     ] Application time: 0.0389042 seconds
[2023-10-30T19:30:40.356+0000][4.702s][info ][safepoint     ] Entering safepoint region: Deoptimize
[2023-10-30T19:30:40.357+0000][4.703s][info ][safepoint     ] Leaving safepoint region
[2023-10-30T19:30:40.358+0000][4.703s][info ][safepoint     ] Total time for which application threads were stopped: 0.0014050 seconds, Stopping threads took: 0.0003086 seconds
[2023-10-30T19:30:40.603+0000][4.949s][debug][safepoint     ] Safepoint synchronization initiated. (12 threads)
[2023-10-30T19:30:40.604+0000][4.949s][info ][safepoint     ] Application time: 0.2455871 seconds
[2023-10-30T19:30:40.604+0000][4.950s][info ][safepoint     ] Entering safepoint region: Deoptimize
[2023-10-30T19:30:40.605+0000][4.951s][info ][safepoint     ] Leaving safepoint region
[2023-10-30T19:30:40.605+0000][4.951s][info ][safepoint     ] Total time for which application threads were stopped: 0.0014912 seconds, Stopping threads took: 0.0003630 seconds
[2023-10-30T19:30:40.612+0000][4.958s][debug][safepoint     ] Safepoint synchronization initiated. (12 threads)
[2023-10-30T19:30:40.612+0000][4.958s][info ][safepoint     ] Application time: 0.0065329 seconds
[2023-10-30T19:30:40.613+0000][4.959s][info ][safepoint     ] Entering safepoint region: Deoptimize
[2023-10-30T19:30:40.614+0000][4.959s][info ][safepoint     ] Leaving safepoint region
[2023-10-30T19:30:40.614+0000][4.960s][info ][safepoint     ] Total time for which application threads were stopped: 0.0014019 seconds, Stopping threads took: 0.0003855 seconds
[2023-10-30T19:30:40.634+0000][4.979s][debug][safepoint     ] Safepoint synchronization initiated. (12 threads)
[2023-10-30T19:30:40.634+0000][4.980s][info ][safepoint     ] Application time: 0.0197095 seconds
[2023-10-30T19:30:40.635+0000][4.980s][info ][safepoint     ] Entering safepoint region: Deoptimize
[2023-10-30T19:30:40.636+0000][4.981s][info ][safepoint     ] Leaving safepoint region
[2023-10-30T19:30:40.636+0000][4.982s][info ][safepoint     ] Total time for which application threads were stopped: 0.0014646 seconds, Stopping threads took: 0.0003961 seconds
[2023-10-30T19:30:40.677+0000][5.023s][debug][safepoint     ] Safepoint synchronization initiated. (12 threads)
[2023-10-30T19:30:40.678+0000][5.024s][info ][safepoint     ] Application time: 0.0412829 seconds
[2023-10-30T19:30:40.678+0000][5.024s][info ][safepoint     ] Entering safepoint region: Deoptimize
[2023-10-30T19:30:40.679+0000][5.025s][info ][safepoint     ] Leaving safepoint region
[2023-10-30T19:30:40.680+0000][5.025s][info ][safepoint     ] Total time for which application threads were stopped: 0.0014258 seconds, Stopping threads took: 0.0003637 seconds
[2023-10-30T19:30:40.691+0000][5.036s][debug][safepoint     ] Safepoint synchronization initiated. (12 threads)
[2023-10-30T19:30:40.691+0000][5.037s][info ][safepoint     ] Application time: 0.0112162 seconds
[2023-10-30T19:30:40.692+0000][5.037s][info ][safepoint     ] Entering safepoint region: CollectForMetadataAllocation
[2023-10-30T19:30:40.692+0000][5.038s][info ][gc,start      ] GC(19) Pause Young (Concurrent Start) (Metadata GC Threshold)
[2023-10-30T19:30:40.693+0000][5.039s][info ][gc,task       ] GC(19) Using 7 workers of 8 for evacuation
[2023-10-30T19:30:40.704+0000][5.049s][info ][gc,phases     ] GC(19)   Pre Evacuate Collection Set: 0.1ms
[2023-10-30T19:30:40.704+0000][5.050s][info ][gc,phases     ] GC(19)   Evacuate Collection Set: 8.8ms
[2023-10-30T19:30:40.704+0000][5.050s][info ][gc,phases     ] GC(19)   Post Evacuate Collection Set: 1.4ms
[2023-10-30T19:30:40.705+0000][5.051s][info ][gc,phases     ] GC(19)   Other: 1.0ms
[2023-10-30T19:30:40.705+0000][5.051s][info ][gc,heap       ] GC(19) Eden regions: 125->0(175)
[2023-10-30T19:30:40.705+0000][5.051s][info ][gc,heap       ] GC(19) Survivor regions: 11->11(24)
[2023-10-30T19:30:40.706+0000][5.052s][info ][gc,heap       ] GC(19) Old regions: 20->20
[2023-10-30T19:30:40.706+0000][5.052s][info ][gc,heap       ] GC(19) Humongous regions: 0->0
[2023-10-30T19:30:40.706+0000][5.052s][info ][gc,metaspace  ] GC(19) Metaspace: 34970K(36048K)->34970K(36048K) NonClass: 30754K(31440K)->30754K(31440K) Class: 4216K(4608K)->4216K(4608K)
[2023-10-30T19:30:40.707+0000][5.053s][info ][gc            ] GC(19) Pause Young (Concurrent Start) (Metadata GC Threshold) 153M->29M(310M) 14.590ms
[2023-10-30T19:30:40.707+0000][5.053s][info ][gc,cpu        ] GC(19) User=0.10s Sys=0.00s Real=0.02s
[2023-10-30T19:30:40.708+0000][5.053s][info ][safepoint     ] Leaving safepoint region
[2023-10-30T19:30:40.708+0000][5.054s][info ][safepoint     ] Total time for which application threads were stopped: 0.0164939 seconds, Stopping threads took: 0.0003757 seconds
[2023-10-30T19:30:40.708+0000][5.054s][info ][gc            ] GC(20) Concurrent Cycle
[2023-10-30T19:30:40.709+0000][5.055s][info ][gc,marking    ] GC(20) Concurrent Clear Claimed Marks
[2023-10-30T19:30:40.709+0000][5.054s][info ][gc,stringdedup] Concurrent String Deduplication (5.054s)
[2023-10-30T19:30:40.709+0000][5.055s][info ][gc,marking    ] GC(20) Concurrent Clear Claimed Marks 0.579ms
[2023-10-30T19:30:40.710+0000][5.056s][info ][gc,marking    ] GC(20) Concurrent Scan Root Regions
[2023-10-30T19:30:40.712+0000][5.058s][info ][gc,stringdedup] Concurrent String Deduplication 253.4K->105.1K(148.3K) avg 42.6% (5.054s, 5.058s) 3.229ms
[2023-10-30T19:30:40.714+0000][5.060s][info ][gc,marking    ] GC(20) Concurrent Scan Root Regions 3.881ms
[2023-10-30T19:30:40.714+0000][5.060s][info ][gc,marking    ] GC(20) Concurrent Mark (5.060s)
[2023-10-30T19:30:40.715+0000][5.061s][info ][gc,marking    ] GC(20) Concurrent Mark From Roots
[2023-10-30T19:30:40.715+0000][5.061s][info ][gc,task       ] GC(20) Using 2 workers of 2 for marking
[2023-10-30T19:30:40.733+0000][5.078s][info ][gc,marking    ] GC(20) Concurrent Mark From Roots 17.885ms
[2023-10-30T19:30:40.733+0000][5.079s][info ][gc,marking    ] GC(20) Concurrent Preclean
[2023-10-30T19:30:40.734+0000][5.079s][info ][gc,marking    ] GC(20) Concurrent Preclean 0.424ms
[2023-10-30T19:30:40.734+0000][5.080s][info ][gc,marking    ] GC(20) Concurrent Mark (5.060s, 5.080s) 19.582ms
[2023-10-30T19:30:40.734+0000][5.080s][debug][safepoint     ] Safepoint synchronization initiated. (12 threads)
[2023-10-30T19:30:40.735+0000][5.081s][info ][safepoint     ] Application time: 0.0262484 seconds
[2023-10-30T19:30:40.735+0000][5.081s][info ][safepoint     ] Entering safepoint region: CGC_Operation
[2023-10-30T19:30:40.736+0000][5.082s][info ][gc,start      ] GC(20) Pause Remark
[2023-10-30T19:30:40.746+0000][5.092s][info ][gc,stringtable] GC(20) Cleaned string and symbol table, strings: 12692 processed, 29 removed, symbols: 122356 processed, 335 removed
[2023-10-30T19:30:40.747+0000][5.092s][info ][gc            ] GC(20) Pause Remark 38M->38M(310M) 10.930ms
[2023-10-30T19:30:40.747+0000][5.093s][info ][gc,cpu        ] GC(20) User=0.08s Sys=0.00s Real=0.01s
[2023-10-30T19:30:40.748+0000][5.093s][info ][safepoint     ] Leaving safepoint region
[2023-10-30T19:30:40.748+0000][5.094s][info ][safepoint     ] Total time for which application threads were stopped: 0.0129065 seconds, Stopping threads took: 0.0004850 seconds
[2023-10-30T19:30:40.749+0000][5.094s][info ][gc,marking    ] GC(20) Concurrent Rebuild Remembered Sets
[2023-10-30T19:30:40.759+0000][5.105s][info ][gc,marking    ] GC(20) Concurrent Rebuild Remembered Sets 10.452ms
[2023-10-30T19:30:40.760+0000][5.105s][debug][safepoint     ] Safepoint synchronization initiated. (12 threads)
[2023-10-30T19:30:40.760+0000][5.106s][info ][safepoint     ] Application time: 0.0115951 seconds
[2023-10-30T19:30:40.761+0000][5.106s][debug][safepoint     ] ... found polling page return exception at pc = 0x00007f31603c9f83, stub =0x00007f3158840600
[2023-10-30T19:30:40.761+0000][5.107s][debug][safepoint     ] Waiting for 1 thread(s) to block
[2023-10-30T19:30:40.762+0000][5.107s][info ][safepoint     ] Entering safepoint region: CGC_Operation
[2023-10-30T19:30:40.762+0000][5.108s][info ][gc,start      ] GC(20) Pause Cleanup
[2023-10-30T19:30:40.763+0000][5.108s][info ][gc            ] GC(20) Pause Cleanup 42M->42M(310M) 0.511ms
[2023-10-30T19:30:40.763+0000][5.109s][info ][gc,cpu        ] GC(20) User=0.00s Sys=0.00s Real=0.00s
[2023-10-30T19:30:40.763+0000][5.109s][info ][safepoint     ] Leaving safepoint region
[2023-10-30T19:30:40.764+0000][5.109s][info ][safepoint     ] Total time for which application threads were stopped: 0.0030260 seconds, Stopping threads took: 0.0014548 seconds
[2023-10-30T19:30:40.764+0000][5.110s][info ][gc,marking    ] GC(20) Concurrent Cleanup for Next Mark
[2023-10-30T19:30:40.766+0000][5.112s][info ][gc,marking    ] GC(20) Concurrent Cleanup for Next Mark 2.502ms
[2023-10-30T19:30:40.767+0000][5.113s][info ][gc            ] GC(20) Concurrent Cycle 59.042ms
[2023-10-30T19:30:40.933+0000][5.278s][debug][safepoint     ] Safepoint synchronization initiated. (12 threads)
[2023-10-30T19:30:40.933+0000][5.279s][info ][safepoint     ] Application time: 0.1691799 seconds
[2023-10-30T19:30:40.933+0000][5.279s][info ][safepoint     ] Entering safepoint region: Deoptimize
[2023-10-30T19:30:40.934+0000][5.280s][info ][safepoint     ] Leaving safepoint region
[2023-10-30T19:30:40.935+0000][5.280s][info ][safepoint     ] Total time for which application threads were stopped: 0.0012707 seconds, Stopping threads took: 0.0003000 seconds
[2023-10-30T19:30:41.171+0000][5.517s][debug][safepoint     ] Safepoint synchronization initiated. (12 threads)
[2023-10-30T19:30:41.172+0000][5.518s][info ][safepoint     ] Application time: 0.2368893 seconds
[2023-10-30T19:30:41.172+0000][5.518s][info ][safepoint     ] Entering safepoint region: G1CollectForAllocation
[2023-10-30T19:30:41.173+0000][5.519s][info ][gc,start      ] GC(21) Pause Young (Normal) (G1 Evacuation Pause)
[2023-10-30T19:30:41.173+0000][5.519s][info ][gc,task       ] GC(21) Using 7 workers of 8 for evacuation
[2023-10-30T19:30:41.181+0000][5.527s][info ][gc,phases     ] GC(21)   Pre Evacuate Collection Set: 0.0ms
[2023-10-30T19:30:41.182+0000][5.528s][info ][gc,phases     ] GC(21)   Evacuate Collection Set: 5.7ms
[2023-10-30T19:30:41.182+0000][5.528s][info ][gc,phases     ] GC(21)   Post Evacuate Collection Set: 1.6ms
[2023-10-30T19:30:41.183+0000][5.528s][info ][gc,phases     ] GC(21)   Other: 0.9ms
[2023-10-30T19:30:41.183+0000][5.529s][info ][gc,heap       ] GC(21) Eden regions: 175->0(175)
[2023-10-30T19:30:41.183+0000][5.529s][info ][gc,heap       ] GC(21) Survivor regions: 11->11(24)
[2023-10-30T19:30:41.184+0000][5.530s][info ][gc,heap       ] GC(21) Old regions: 20->20
[2023-10-30T19:30:41.184+0000][5.530s][info ][gc,heap       ] GC(21) Humongous regions: 0->0
[2023-10-30T19:30:41.185+0000][5.531s][info ][gc,metaspace  ] GC(21) Metaspace: 37484K(38736K)->37484K(38736K) NonClass: 32885K(33744K)->32885K(33744K) Class: 4598K(4992K)->4598K(4992K)
[2023-10-30T19:30:41.185+0000][5.531s][info ][gc            ] GC(21) Pause Young (Normal) (G1 Evacuation Pause) 204M->29M(310M) 12.248ms
[2023-10-30T19:30:41.186+0000][5.532s][info ][gc,cpu        ] GC(21) User=0.08s Sys=0.00s Real=0.02s
[2023-10-30T19:30:41.186+0000][5.532s][info ][safepoint     ] Leaving safepoint region
[2023-10-30T19:30:41.187+0000][5.532s][info ][safepoint     ] Total time for which application threads were stopped: 0.0142826 seconds, Stopping threads took: 0.0003881 seconds
[2023-10-30T19:30:41.187+0000][5.533s][info ][gc,stringdedup] Concurrent String Deduplication (5.533s)
[2023-10-30T19:30:41.189+0000][5.535s][info ][gc,stringdedup] Concurrent String Deduplication 324.0K->164.2K(159.8K) avg 42.9% (5.533s, 5.535s) 1.753ms
[2023-10-30T19:30:41.254+0000][5.600s][debug][safepoint     ] Safepoint synchronization initiated. (12 threads)
[2023-10-30T19:30:41.255+0000][5.601s][info ][safepoint     ] Application time: 0.0675621 seconds
[2023-10-30T19:30:41.255+0000][5.601s][info ][safepoint     ] Entering safepoint region: Deoptimize
[2023-10-30T19:30:41.256+0000][5.602s][info ][safepoint     ] Leaving safepoint region
[2023-10-30T19:30:41.257+0000][5.602s][info ][safepoint     ] Total time for which application threads were stopped: 0.0015433 seconds, Stopping threads took: 0.0004542 seconds
[2023-10-30T19:30:41.857+0000][6.203s][debug][safepoint     ] Safepoint synchronization initiated. (12 threads)
[2023-10-30T19:30:41.858+0000][6.203s][info ][safepoint     ] Application time: 0.6003903 seconds
[2023-10-30T19:30:41.858+0000][6.204s][info ][safepoint     ] Entering safepoint region: ICBufferFull
[2023-10-30T19:30:41.859+0000][6.204s][info ][safepoint     ] Leaving safepoint region
[2023-10-30T19:30:41.859+0000][6.205s][info ][safepoint     ] Total time for which application threads were stopped: 0.0010935 seconds, Stopping threads took: 0.0004360 seconds
[2023-10-30T19:30:41.864+0000][6.210s][debug][safepoint     ] Safepoint synchronization initiated. (12 threads)
[2023-10-30T19:30:41.865+0000][6.210s][info ][safepoint     ] Application time: 0.0051592 seconds
[2023-10-30T19:30:41.865+0000][6.211s][info ][safepoint     ] Entering safepoint region: G1CollectForAllocation
[2023-10-30T19:30:41.866+0000][6.211s][info ][gc,start      ] GC(22) Pause Young (Normal) (G1 Evacuation Pause)
[2023-10-30T19:30:41.866+0000][6.212s][info ][gc,task       ] GC(22) Using 7 workers of 8 for evacuation
[2023-10-30T19:30:41.883+0000][6.229s][info ][gc,phases     ] GC(22)   Pre Evacuate Collection Set: 0.0ms
[2023-10-30T19:30:41.884+0000][6.230s][info ][gc,phases     ] GC(22)   Evacuate Collection Set: 15.0ms
[2023-10-30T19:30:41.884+0000][6.230s][info ][gc,phases     ] GC(22)   Post Evacuate Collection Set: 1.6ms
[2023-10-30T19:30:41.884+0000][6.230s][info ][gc,phases     ] GC(22)   Other: 1.0ms
[2023-10-30T19:30:41.885+0000][6.231s][info ][gc,heap       ] GC(22) Eden regions: 175->0(175)
[2023-10-30T19:30:41.885+0000][6.231s][info ][gc,heap       ] GC(22) Survivor regions: 11->11(24)
[2023-10-30T19:30:41.885+0000][6.231s][info ][gc,heap       ] GC(22) Old regions: 20->22
[2023-10-30T19:30:41.886+0000][6.232s][info ][gc,heap       ] GC(22) Humongous regions: 0->0
[2023-10-30T19:30:41.886+0000][6.232s][info ][gc,metaspace  ] GC(22) Metaspace: 40015K(41168K)->40015K(41168K) NonClass: 35100K(35792K)->35100K(35792K) Class: 4915K(5376K)->4915K(5376K)
[2023-10-30T19:30:41.886+0000][6.232s][info ][gc            ] GC(22) Pause Young (Normal) (G1 Evacuation Pause) 204M->31M(310M) 20.710ms
[2023-10-30T19:30:41.887+0000][6.232s][info ][gc,cpu        ] GC(22) User=0.14s Sys=0.00s Real=0.02s
[2023-10-30T19:30:41.887+0000][6.233s][info ][safepoint     ] Leaving safepoint region
[2023-10-30T19:30:41.887+0000][6.233s][info ][safepoint     ] Total time for which application threads were stopped: 0.0224081 seconds, Stopping threads took: 0.0005319 seconds
[2023-10-30T19:30:41.888+0000][6.234s][info ][gc,stringdedup] Concurrent String Deduplication (6.234s)
[2023-10-30T19:30:41.889+0000][6.235s][info ][gc,stringdedup] Concurrent String Deduplication 113.2K->37744.0B(78144.0B) avg 43.2% (6.234s, 6.235s) 1.179ms
[2023-10-30T19:30:42.265+0000][6.611s][debug][safepoint     ] Safepoint synchronization initiated. (12 threads)
[2023-10-30T19:30:42.266+0000][6.611s][info ][safepoint     ] Application time: 0.3779527 seconds
[2023-10-30T19:30:42.266+0000][6.612s][info ][safepoint     ] Entering safepoint region: Deoptimize
[2023-10-30T19:30:42.268+0000][6.614s][info ][safepoint     ] Leaving safepoint region
[2023-10-30T19:30:42.269+0000][6.614s][info ][safepoint     ] Total time for which application threads were stopped: 0.0023507 seconds, Stopping threads took: 0.0005416 seconds
[2023-10-30T19:30:42.282+0000][6.627s][debug][safepoint     ] Safepoint synchronization initiated. (12 threads)
[2023-10-30T19:30:42.282+0000][6.628s][info ][safepoint     ] Application time: 0.0131959 seconds
[2023-10-30T19:30:42.282+0000][6.628s][info ][safepoint     ] Entering safepoint region: Deoptimize
[2023-10-30T19:30:42.283+0000][6.629s][info ][safepoint     ] Leaving safepoint region
[2023-10-30T19:30:42.284+0000][6.630s][info ][safepoint     ] Total time for which application threads were stopped: 0.0013365 seconds, Stopping threads took: 0.0003397 seconds
[2023-10-30T19:30:42.305+0000][6.651s][debug][safepoint     ] Safepoint synchronization initiated. (12 threads)
[2023-10-30T19:30:42.306+0000][6.651s][info ][safepoint     ] Application time: 0.0214596 seconds
[2023-10-30T19:30:42.306+0000][6.652s][info ][safepoint     ] Entering safepoint region: Deoptimize
[2023-10-30T19:30:42.307+0000][6.653s][info ][safepoint     ] Leaving safepoint region
[2023-10-30T19:30:42.307+0000][6.653s][info ][safepoint     ] Total time for which application threads were stopped: 0.0014582 seconds, Stopping threads took: 0.0003538 seconds
[2023-10-30T19:30:42.545+0000][6.891s][debug][safepoint     ] Safepoint synchronization initiated. (12 threads)
[2023-10-30T19:30:42.546+0000][6.892s][info ][safepoint     ] Application time: 0.2382510 seconds
[2023-10-30T19:30:42.546+0000][6.892s][info ][safepoint     ] Entering safepoint region: Deoptimize
[2023-10-30T19:30:42.548+0000][6.893s][info ][safepoint     ] Leaving safepoint region
[2023-10-30T19:30:42.548+0000][6.894s][info ][safepoint     ] Total time for which application threads were stopped: 0.0015062 seconds, Stopping threads took: 0.0004822 seconds
[2023-10-30T19:30:42.549+0000][6.895s][debug][safepoint     ] Safepoint synchronization initiated. (12 threads)
[2023-10-30T19:30:42.550+0000][6.895s][info ][safepoint     ] Application time: 0.0014389 seconds
[2023-10-30T19:30:42.550+0000][6.896s][info ][safepoint     ] Entering safepoint region: Deoptimize
[2023-10-30T19:30:42.551+0000][6.897s][info ][safepoint     ] Leaving safepoint region
[2023-10-30T19:30:42.551+0000][6.897s][info ][safepoint     ] Total time for which application threads were stopped: 0.0013873 seconds, Stopping threads took: 0.0003369 seconds
[2023-10-30T19:30:42.614+0000][6.960s][debug][safepoint     ] Safepoint synchronization initiated. (12 threads)
[2023-10-30T19:30:42.615+0000][6.961s][info ][safepoint     ] Application time: 0.0629690 seconds
[2023-10-30T19:30:42.615+0000][6.961s][info ][safepoint     ] Entering safepoint region: Deoptimize
[2023-10-30T19:30:42.616+0000][6.962s][info ][safepoint     ] Leaving safepoint region
[2023-10-30T19:30:42.616+0000][6.962s][info ][safepoint     ] Total time for which application threads were stopped: 0.0013483 seconds, Stopping threads took: 0.0003554 seconds
[2023-10-30T19:30:42.666+0000][7.012s][debug][safepoint     ] Safepoint synchronization initiated. (12 threads)
[2023-10-30T19:30:42.667+0000][7.013s][info ][safepoint     ] Application time: 0.0500494 seconds
[2023-10-30T19:30:42.667+0000][7.013s][info ][safepoint     ] Entering safepoint region: G1CollectForAllocation
[2023-10-30T19:30:42.668+0000][7.014s][info ][gc,start      ] GC(23) Pause Young (Normal) (G1 Evacuation Pause)
[2023-10-30T19:30:42.668+0000][7.014s][info ][gc,task       ] GC(23) Using 7 workers of 8 for evacuation
[2023-10-30T19:30:42.681+0000][7.027s][info ][gc,phases     ] GC(23)   Pre Evacuate Collection Set: 0.0ms
[2023-10-30T19:30:42.682+0000][7.028s][info ][gc,phases     ] GC(23)   Evacuate Collection Set: 10.0ms
[2023-10-30T19:30:42.682+0000][7.028s][info ][gc,phases     ] GC(23)   Post Evacuate Collection Set: 2.8ms
[2023-10-30T19:30:42.683+0000][7.028s][info ][gc,phases     ] GC(23)   Other: 0.8ms
[2023-10-30T19:30:42.683+0000][7.029s][info ][gc,heap       ] GC(23) Eden regions: 175->0(174)
[2023-10-30T19:30:42.683+0000][7.029s][info ][gc,heap       ] GC(23) Survivor regions: 11->12(24)
[2023-10-30T19:30:42.684+0000][7.029s][info ][gc,heap       ] GC(23) Old regions: 22->24
[2023-10-30T19:30:42.684+0000][7.030s][info ][gc,heap       ] GC(23) Humongous regions: 0->0
[2023-10-30T19:30:42.684+0000][7.030s][info ][gc,metaspace  ] GC(23) Metaspace: 43936K(45264K)->43936K(45264K) NonClass: 38489K(39376K)->38489K(39376K) Class: 5447K(5888K)->5447K(5888K)
[2023-10-30T19:30:42.684+0000][7.030s][info ][gc            ] GC(23) Pause Young (Normal) (G1 Evacuation Pause) 206M->33M(310M) 16.695ms
[2023-10-30T19:30:42.685+0000][7.031s][info ][gc,cpu        ] GC(23) User=0.09s Sys=0.00s Real=0.01s
[2023-10-30T19:30:42.685+0000][7.031s][info ][safepoint     ] Leaving safepoint region
[2023-10-30T19:30:42.685+0000][7.031s][info ][safepoint     ] Total time for which application threads were stopped: 0.0182043 seconds, Stopping threads took: 0.0003605 seconds
[2023-10-30T19:30:42.686+0000][7.032s][info ][gc,stringdedup] Concurrent String Deduplication (7.032s)
[2023-10-30T19:30:42.687+0000][7.033s][info ][gc,stringdedup] Concurrent String Deduplication 99968.0B->31512.0B(68456.0B) avg 43.5% (7.032s, 7.033s) 1.225ms
[2023-10-30T19:30:42.899+0000][7.245s][debug][safepoint     ] Safepoint synchronization initiated. (12 threads)
[2023-10-30T19:30:42.900+0000][7.246s][info ][safepoint     ] Application time: 0.2140020 seconds
[2023-10-30T19:30:42.900+0000][7.246s][info ][safepoint     ] Entering safepoint region: Deoptimize
[2023-10-30T19:30:42.901+0000][7.247s][info ][safepoint     ] Leaving safepoint region
[2023-10-30T19:30:42.902+0000][7.247s][info ][safepoint     ] Total time for which application threads were stopped: 0.0014119 seconds, Stopping threads took: 0.0003541 seconds
[2023-10-30T19:30:42.902+0000][7.248s][debug][safepoint     ] Safepoint synchronization initiated. (12 threads)
[2023-10-30T19:30:42.903+0000][7.249s][info ][safepoint     ] Application time: 0.0009160 seconds
[2023-10-30T19:30:42.903+0000][7.249s][info ][safepoint     ] Entering safepoint region: Deoptimize
[2023-10-30T19:30:42.904+0000][7.250s][info ][safepoint     ] Leaving safepoint region
[2023-10-30T19:30:42.904+0000][7.250s][info ][safepoint     ] Total time for which application threads were stopped: 0.0012969 seconds, Stopping threads took: 0.0003027 seconds
[2023-10-30T19:30:42.996+0000][7.342s][debug][safepoint     ] Safepoint synchronization initiated. (12 threads)
[2023-10-30T19:30:42.997+0000][7.343s][info ][safepoint     ] Application time: 0.0921739 seconds
[2023-10-30T19:30:42.997+0000][7.343s][info ][safepoint     ] Entering safepoint region: ICBufferFull
[2023-10-30T19:30:42.998+0000][7.344s][info ][safepoint     ] Leaving safepoint region
[2023-10-30T19:30:42.999+0000][7.345s][info ][safepoint     ] Total time for which application threads were stopped: 0.0014376 seconds, Stopping threads took: 0.0005418 seconds
[2023-10-30T19:30:43.039+0000][7.385s][debug][safepoint     ] Safepoint synchronization initiated. (12 threads)
[2023-10-30T19:30:43.040+0000][7.385s][info ][safepoint     ] Application time: 0.0404407 seconds
[2023-10-30T19:30:43.040+0000][7.386s][info ][safepoint     ] Entering safepoint region: Deoptimize
[2023-10-30T19:30:43.041+0000][7.387s][info ][safepoint     ] Leaving safepoint region
[2023-10-30T19:30:43.042+0000][7.388s][info ][safepoint     ] Total time for which application threads were stopped: 0.0017631 seconds, Stopping threads took: 0.0004642 seconds
[2023-10-30T19:30:43.145+0000][7.491s][debug][safepoint     ] Safepoint synchronization initiated. (12 threads)
[2023-10-30T19:30:43.146+0000][7.492s][info ][safepoint     ] Application time: 0.1037266 seconds
[2023-10-30T19:30:43.147+0000][7.492s][info ][safepoint     ] Entering safepoint region: Deoptimize
[2023-10-30T19:30:43.148+0000][7.494s][info ][safepoint     ] Leaving safepoint region
[2023-10-30T19:30:43.148+0000][7.494s][info ][safepoint     ] Total time for which application threads were stopped: 0.0017933 seconds, Stopping threads took: 0.0005515 seconds
[2023-10-30T19:30:43.365+0000][7.711s][debug][safepoint     ] Safepoint synchronization initiated. (12 threads)
[2023-10-30T19:30:43.365+0000][7.711s][info ][safepoint     ] Application time: 0.2166604 seconds
[2023-10-30T19:30:43.366+0000][7.712s][info ][safepoint     ] Entering safepoint region: G1CollectForAllocation
[2023-10-30T19:30:43.367+0000][7.712s][info ][gc,start      ] GC(24) Pause Young (Normal) (G1 Evacuation Pause)
[2023-10-30T19:30:43.367+0000][7.713s][info ][gc,task       ] GC(24) Using 7 workers of 8 for evacuation
[2023-10-30T19:30:43.379+0000][7.725s][info ][gc,phases     ] GC(24)   Pre Evacuate Collection Set: 0.0ms
[2023-10-30T19:30:43.380+0000][7.726s][info ][gc,phases     ] GC(24)   Evacuate Collection Set: 9.0ms
[2023-10-30T19:30:43.380+0000][7.726s][info ][gc,phases     ] GC(24)   Post Evacuate Collection Set: 2.6ms
[2023-10-30T19:30:43.381+0000][7.727s][info ][gc,phases     ] GC(24)   Other: 1.0ms
[2023-10-30T19:30:43.381+0000][7.727s][info ][gc,heap       ] GC(24) Eden regions: 174->0(210)
[2023-10-30T19:30:43.382+0000][7.727s][info ][gc,heap       ] GC(24) Survivor regions: 12->13(24)
[2023-10-30T19:30:43.382+0000][7.728s][info ][gc,heap       ] GC(24) Old regions: 24->25
[2023-10-30T19:30:43.382+0000][7.728s][info ][gc,heap       ] GC(24) Humongous regions: 0->0
[2023-10-30T19:30:43.383+0000][7.729s][info ][gc,metaspace  ] GC(24) Metaspace: 49505K(50896K)->49505K(50896K) NonClass: 43365K(44240K)->43365K(44240K) Class: 6140K(6656K)->6140K(6656K)
[2023-10-30T19:30:43.383+0000][7.729s][info ][gc            ] GC(24) Pause Young (Normal) (G1 Evacuation Pause) 207M->35M(372M) 16.579ms
[2023-10-30T19:30:43.384+0000][7.729s][info ][gc,cpu        ] GC(24) User=0.08s Sys=0.00s Real=0.01s
[2023-10-30T19:30:43.384+0000][7.730s][info ][safepoint     ] Leaving safepoint region
[2023-10-30T19:30:43.384+0000][7.730s][info ][safepoint     ] Total time for which application threads were stopped: 0.0183493 seconds, Stopping threads took: 0.0004330 seconds
[2023-10-30T19:30:43.385+0000][7.731s][info ][gc,stringdedup] Concurrent String Deduplication (7.731s)
[2023-10-30T19:30:43.387+0000][7.733s][info ][gc,stringdedup] Concurrent String Deduplication 295.0K->87920.0B(209.2K) avg 44.4% (7.731s, 7.733s) 2.239ms
[2023-10-30T19:30:43.457+0000][7.803s][debug][safepoint     ] Safepoint synchronization initiated. (12 threads)
[2023-10-30T19:30:43.458+0000][7.804s][info ][safepoint     ] Application time: 0.0732200 seconds
[2023-10-30T19:30:43.458+0000][7.804s][info ][safepoint     ] Entering safepoint region: Deoptimize
[2023-10-30T19:30:43.459+0000][7.805s][info ][safepoint     ] Leaving safepoint region
[2023-10-30T19:30:43.460+0000][7.806s][info ][safepoint     ] Total time for which application threads were stopped: 0.0016559 seconds, Stopping threads took: 0.0004324 seconds
[2023-10-30T19:30:44.461+0000][8.806s][debug][safepoint     ] Safepoint synchronization initiated. (14 threads)
[2023-10-30T19:30:44.462+0000][8.808s][info ][safepoint     ] Application time: 1.0013690 seconds
[2023-10-30T19:30:44.463+0000][8.809s][info ][safepoint     ] Entering safepoint region: Cleanup
[2023-10-30T19:30:44.464+0000][8.810s][info ][safepoint     ] Leaving safepoint region
[2023-10-30T19:30:44.465+0000][8.811s][info ][safepoint     ] Total time for which application threads were stopped: 0.0019942 seconds, Stopping threads took: 0.0008789 seconds
[2023-10-30T19:30:44.523+0000][8.869s][debug][safepoint     ] Safepoint synchronization initiated. (14 threads)
[2023-10-30T19:30:44.524+0000][8.870s][info ][safepoint     ] Application time: 0.0582885 seconds
[2023-10-30T19:30:44.524+0000][8.870s][info ][safepoint     ] Entering safepoint region: Deoptimize
[2023-10-30T19:30:44.525+0000][8.871s][info ][safepoint     ] Leaving safepoint region
[2023-10-30T19:30:44.526+0000][8.872s][info ][safepoint     ] Total time for which application threads were stopped: 0.0016684 seconds, Stopping threads took: 0.0004209 seconds
[2023-10-30T19:30:44.584+0000][8.930s][debug][safepoint     ] Safepoint synchronization initiated. (14 threads)
[2023-10-30T19:30:44.585+0000][8.930s][info ][safepoint     ] Application time: 0.0581796 seconds
[2023-10-30T19:30:44.585+0000][8.931s][info ][safepoint     ] Entering safepoint region: Deoptimize
[2023-10-30T19:30:44.586+0000][8.932s][info ][safepoint     ] Leaving safepoint region
[2023-10-30T19:30:44.587+0000][8.933s][info ][safepoint     ] Total time for which application threads were stopped: 0.0018306 seconds, Stopping threads took: 0.0004937 seconds
[2023-10-30T19:30:44.773+0000][9.119s][debug][safepoint     ] Safepoint synchronization initiated. (14 threads)
[2023-10-30T19:30:44.774+0000][9.120s][info ][safepoint     ] Application time: 0.1865655 seconds
[2023-10-30T19:30:44.774+0000][9.120s][debug][safepoint     ] Waiting for 1 thread(s) to block
[2023-10-30T19:30:44.775+0000][9.121s][info ][safepoint     ] Entering safepoint region: ICBufferFull
[2023-10-30T19:30:44.776+0000][9.121s][info ][safepoint     ] Leaving safepoint region
[2023-10-30T19:30:44.776+0000][9.122s][info ][safepoint     ] Total time for which application threads were stopped: 0.0015600 seconds, Stopping threads took: 0.0008902 seconds
[2023-10-30T19:30:45.112+0000][9.458s][debug][safepoint     ] Safepoint synchronization initiated. (14 threads)
[2023-10-30T19:30:45.113+0000][9.459s][info ][safepoint     ] Application time: 0.3366289 seconds
[2023-10-30T19:30:45.113+0000][9.459s][info ][safepoint     ] Entering safepoint region: G1CollectForAllocation
[2023-10-30T19:30:45.114+0000][9.460s][info ][gc,start      ] GC(25) Pause Young (Normal) (G1 Evacuation Pause)
[2023-10-30T19:30:45.115+0000][9.461s][info ][gc,task       ] GC(25) Using 8 workers of 8 for evacuation
[2023-10-30T19:30:45.124+0000][9.470s][info ][gc,phases     ] GC(25)   Pre Evacuate Collection Set: 0.0ms
[2023-10-30T19:30:45.125+0000][9.471s][info ][gc,phases     ] GC(25)   Evacuate Collection Set: 7.4ms
[2023-10-30T19:30:45.125+0000][9.471s][info ][gc,phases     ] GC(25)   Post Evacuate Collection Set: 1.6ms
[2023-10-30T19:30:45.126+0000][9.471s][info ][gc,phases     ] GC(25)   Other: 1.3ms
[2023-10-30T19:30:45.126+0000][9.472s][info ][gc,heap       ] GC(25) Eden regions: 210->0(207)
[2023-10-30T19:30:45.126+0000][9.472s][info ][gc,heap       ] GC(25) Survivor regions: 13->16(28)
[2023-10-30T19:30:45.127+0000][9.473s][info ][gc,heap       ] GC(25) Old regions: 25->25
[2023-10-30T19:30:45.127+0000][9.473s][info ][gc,heap       ] GC(25) Humongous regions: 0->0
[2023-10-30T19:30:45.128+0000][9.473s][info ][gc,metaspace  ] GC(25) Metaspace: 55167K(56784K)->55167K(56784K) NonClass: 48371K(49360K)->48371K(49360K) Class: 6795K(7424K)->6795K(7424K)
[2023-10-30T19:30:45.128+0000][9.474s][info ][gc            ] GC(25) Pause Young (Normal) (G1 Evacuation Pause) 245M->38M(372M) 13.903ms
[2023-10-30T19:30:45.128+0000][9.474s][info ][gc,cpu        ] GC(25) User=0.07s Sys=0.01s Real=0.02s
[2023-10-30T19:30:45.129+0000][9.475s][info ][safepoint     ] Leaving safepoint region
[2023-10-30T19:30:45.129+0000][9.475s][info ][safepoint     ] Total time for which application threads were stopped: 0.0156835 seconds, Stopping threads took: 0.0004171 seconds
[2023-10-30T19:30:45.129+0000][9.475s][info ][gc,stringdedup] Concurrent String Deduplication (9.475s)
[2023-10-30T19:30:45.132+0000][9.478s][info ][gc,stringdedup] Concurrent String Deduplication 201.4K->85672.0B(117.7K) avg 44.7% (9.475s, 9.478s) 3.037ms
[2023-10-30T19:30:45.672+0000][10.018s][debug][safepoint     ] Safepoint synchronization initiated. (12 threads)
[2023-10-30T19:30:45.673+0000][10.019s][info ][safepoint     ] Application time: 0.5435831 seconds
[2023-10-30T19:30:45.673+0000][10.019s][info ][safepoint     ] Entering safepoint region: CollectForMetadataAllocation
[2023-10-30T19:30:45.674+0000][10.020s][info ][gc,start      ] GC(26) Pause Young (Concurrent Start) (Metadata GC Threshold)
[2023-10-30T19:30:45.675+0000][10.020s][info ][gc,task       ] GC(26) Using 8 workers of 8 for evacuation
[2023-10-30T19:30:45.687+0000][10.032s][info ][gc,phases     ] GC(26)   Pre Evacuate Collection Set: 0.2ms
[2023-10-30T19:30:45.687+0000][10.033s][info ][gc,phases     ] GC(26)   Evacuate Collection Set: 9.2ms
[2023-10-30T19:30:45.688+0000][10.034s][info ][gc,phases     ] GC(26)   Post Evacuate Collection Set: 1.9ms
[2023-10-30T19:30:45.688+0000][10.034s][info ][gc,phases     ] GC(26)   Other: 1.0ms
[2023-10-30T19:30:45.689+0000][10.035s][info ][gc,heap       ] GC(26) Eden regions: 179->0(207)
[2023-10-30T19:30:45.689+0000][10.035s][info ][gc,heap       ] GC(26) Survivor regions: 16->16(28)
[2023-10-30T19:30:45.690+0000][10.036s][info ][gc,heap       ] GC(26) Old regions: 25->26
[2023-10-30T19:30:45.690+0000][10.036s][info ][gc,heap       ] GC(26) Humongous regions: 0->0
[2023-10-30T19:30:45.691+0000][10.037s][info ][gc,metaspace  ] GC(26) Metaspace: 59179K(60496K)->59179K(60496K) NonClass: 51684K(52432K)->51684K(52432K) Class: 7494K(8064K)->7494K(8064K)
[2023-10-30T19:30:45.691+0000][10.037s][info ][gc            ] GC(26) Pause Young (Concurrent Start) (Metadata GC Threshold) 217M->39M(372M) 17.108ms
[2023-10-30T19:30:45.692+0000][10.037s][info ][gc,cpu        ] GC(26) User=0.06s Sys=0.00s Real=0.02s
[2023-10-30T19:30:45.692+0000][10.038s][info ][gc            ] GC(27) Concurrent Cycle
[2023-10-30T19:30:45.692+0000][10.038s][info ][safepoint     ] Leaving safepoint region
[2023-10-30T19:30:45.693+0000][10.039s][info ][safepoint     ] Total time for which application threads were stopped: 0.0194537 seconds, Stopping threads took: 0.0004851 seconds
[2023-10-30T19:30:45.692+0000][10.038s][info ][gc,marking    ] GC(27) Concurrent Clear Claimed Marks
[2023-10-30T19:30:45.693+0000][10.039s][info ][gc,stringdedup] Concurrent String Deduplication (10.039s)
[2023-10-30T19:30:45.694+0000][10.040s][info ][gc,marking    ] GC(27) Concurrent Clear Claimed Marks 1.479ms
[2023-10-30T19:30:45.695+0000][10.040s][info ][gc,marking    ] GC(27) Concurrent Scan Root Regions
[2023-10-30T19:30:45.697+0000][10.043s][info ][gc,stringdedup] Concurrent String Deduplication 219.9K->105.2K(114.7K) avg 44.9% (10.039s, 10.043s) 3.483ms
[2023-10-30T19:30:45.701+0000][10.047s][info ][gc,marking    ] GC(27) Concurrent Scan Root Regions 6.341ms
[2023-10-30T19:30:45.701+0000][10.047s][info ][gc,marking    ] GC(27) Concurrent Mark (10.047s)
[2023-10-30T19:30:45.702+0000][10.048s][info ][gc,marking    ] GC(27) Concurrent Mark From Roots
[2023-10-30T19:30:45.702+0000][10.048s][info ][gc,task       ] GC(27) Using 2 workers of 2 for marking
[2023-10-30T19:30:45.719+0000][10.064s][debug][safepoint     ] Safepoint synchronization initiated. (12 threads)
[2023-10-30T19:30:45.719+0000][10.065s][info ][safepoint     ] Application time: 0.0260688 seconds
[2023-10-30T19:30:45.720+0000][10.066s][info ][safepoint     ] Entering safepoint region: CollectForMetadataAllocation
[2023-10-30T19:30:45.720+0000][10.066s][info ][safepoint     ] Leaving safepoint region
[2023-10-30T19:30:45.721+0000][10.067s][info ][safepoint     ] Total time for which application threads were stopped: 0.0011520 seconds, Stopping threads took: 0.0004797 seconds
[2023-10-30T19:30:45.723+0000][10.069s][info ][gc,marking    ] GC(27) Concurrent Mark From Roots 21.230ms
[2023-10-30T19:30:45.724+0000][10.070s][info ][gc,marking    ] GC(27) Concurrent Preclean
[2023-10-30T19:30:45.724+0000][10.070s][info ][gc,marking    ] GC(27) Concurrent Preclean 0.626ms
[2023-10-30T19:30:45.725+0000][10.071s][info ][gc,marking    ] GC(27) Concurrent Mark (10.047s, 10.071s) 23.318ms
[2023-10-30T19:30:45.725+0000][10.071s][debug][safepoint     ] Safepoint synchronization initiated. (12 threads)
[2023-10-30T19:30:45.726+0000][10.072s][info ][safepoint     ] Application time: 0.0043326 seconds
[2023-10-30T19:30:45.726+0000][10.072s][info ][safepoint     ] Entering safepoint region: CGC_Operation
[2023-10-30T19:30:45.727+0000][10.073s][info ][gc,start      ] GC(27) Pause Remark
[2023-10-30T19:30:45.733+0000][10.078s][info ][gc,stringtable] GC(27) Cleaned string and symbol table, strings: 23516 processed, 1 removed, symbols: 192970 processed, 186 removed
[2023-10-30T19:30:45.734+0000][10.079s][info ][gc            ] GC(27) Pause Remark 45M->45M(372M) 6.797ms
[2023-10-30T19:30:45.734+0000][10.080s][info ][gc,cpu        ] GC(27) User=0.04s Sys=0.00s Real=0.00s
[2023-10-30T19:30:45.735+0000][10.080s][info ][safepoint     ] Leaving safepoint region
[2023-10-30T19:30:45.735+0000][10.081s][info ][safepoint     ] Total time for which application threads were stopped: 0.0089202 seconds, Stopping threads took: 0.0005329 seconds
[2023-10-30T19:30:45.736+0000][10.082s][info ][gc,marking    ] GC(27) Concurrent Rebuild Remembered Sets
[2023-10-30T19:30:45.747+0000][10.092s][info ][gc,marking    ] GC(27) Concurrent Rebuild Remembered Sets 10.948ms
[2023-10-30T19:30:45.747+0000][10.093s][debug][safepoint     ] Safepoint synchronization initiated. (12 threads)
[2023-10-30T19:30:45.748+0000][10.093s][info ][safepoint     ] Application time: 0.0120138 seconds
[2023-10-30T19:30:45.748+0000][10.094s][info ][safepoint     ] Entering safepoint region: CGC_Operation
[2023-10-30T19:30:45.749+0000][10.094s][info ][gc,start      ] GC(27) Pause Cleanup
[2023-10-30T19:30:45.749+0000][10.095s][info ][gc            ] GC(27) Pause Cleanup 47M->47M(372M) 0.538ms
[2023-10-30T19:30:45.750+0000][10.095s][info ][gc,cpu        ] GC(27) User=0.00s Sys=0.00s Real=0.00s
[2023-10-30T19:30:45.750+0000][10.096s][info ][safepoint     ] Leaving safepoint region
[2023-10-30T19:30:45.751+0000][10.096s][info ][safepoint     ] Total time for which application threads were stopped: 0.0026676 seconds, Stopping threads took: 0.0003843 seconds
[2023-10-30T19:30:45.751+0000][10.097s][info ][gc,marking    ] GC(27) Concurrent Cleanup for Next Mark
[2023-10-30T19:30:45.753+0000][10.098s][info ][gc,marking    ] GC(27) Concurrent Cleanup for Next Mark 1.269ms
[2023-10-30T19:30:45.753+0000][10.099s][info ][gc            ] GC(27) Concurrent Cycle 61.092ms
[2023-10-30T19:30:46.303+0000][10.649s][debug][safepoint     ] Safepoint synchronization initiated. (16 threads)
[2023-10-30T19:30:46.303+0000][10.649s][info ][safepoint     ] Application time: 0.5522154 seconds
[2023-10-30T19:30:46.304+0000][10.650s][info ][safepoint     ] Entering safepoint region: ICBufferFull
[2023-10-30T19:30:46.307+0000][10.652s][info ][safepoint     ] Leaving safepoint region
[2023-10-30T19:30:46.307+0000][10.653s][info ][safepoint     ] Total time for which application threads were stopped: 0.0028723 seconds, Stopping threads took: 0.0004134 seconds
[2023-10-30T19:30:46.350+0000][10.695s][debug][safepoint     ] Safepoint synchronization initiated. (16 threads)
[2023-10-30T19:30:46.350+0000][10.696s][info ][safepoint     ] Application time: 0.0428644 seconds
[2023-10-30T19:30:46.351+0000][10.696s][info ][safepoint     ] Entering safepoint region: Deoptimize
[2023-10-30T19:30:46.352+0000][10.698s][info ][safepoint     ] Leaving safepoint region
[2023-10-30T19:30:46.353+0000][10.699s][info ][safepoint     ] Total time for which application threads were stopped: 0.0021215 seconds, Stopping threads took: 0.0003846 seconds
[2023-10-30T19:30:46.401+0000][10.746s][debug][safepoint     ] Safepoint synchronization initiated. (16 threads)
[2023-10-30T19:30:46.401+0000][10.747s][info ][safepoint     ] Application time: 0.0478536 seconds
[2023-10-30T19:30:46.401+0000][10.747s][info ][safepoint     ] Entering safepoint region: Deoptimize
[2023-10-30T19:30:46.403+0000][10.749s][info ][safepoint     ] Leaving safepoint region
[2023-10-30T19:30:46.403+0000][10.749s][info ][safepoint     ] Total time for which application threads were stopped: 0.0017709 seconds, Stopping threads took: 0.0003626 seconds
[2023-10-30T19:30:46.713+0000][11.059s][debug][safepoint     ] Safepoint synchronization initiated. (16 threads)
[2023-10-30T19:30:46.714+0000][11.059s][info ][safepoint     ] Application time: 0.3102105 seconds
[2023-10-30T19:30:46.714+0000][11.060s][info ][safepoint     ] Entering safepoint region: G1CollectForAllocation
[2023-10-30T19:30:46.715+0000][11.061s][info ][gc,start      ] GC(28) Pause Young (Concurrent Start) (G1 Evacuation Pause)
[2023-10-30T19:30:46.715+0000][11.061s][info ][gc,task       ] GC(28) Using 8 workers of 8 for evacuation
[2023-10-30T19:30:46.746+0000][11.092s][info ][gc,phases     ] GC(28)   Pre Evacuate Collection Set: 0.3ms
[2023-10-30T19:30:46.746+0000][11.092s][info ][gc,phases     ] GC(28)   Evacuate Collection Set: 27.6ms
[2023-10-30T19:30:46.747+0000][11.093s][info ][gc,phases     ] GC(28)   Post Evacuate Collection Set: 2.3ms
[2023-10-30T19:30:46.747+0000][11.093s][info ][gc,phases     ] GC(28)   Other: 1.0ms
[2023-10-30T19:30:46.747+0000][11.093s][info ][gc,heap       ] GC(28) Eden regions: 207->0(204)
[2023-10-30T19:30:46.748+0000][11.094s][info ][gc,heap       ] GC(28) Survivor regions: 16->19(28)
[2023-10-30T19:30:46.748+0000][11.094s][info ][gc,heap       ] GC(28) Old regions: 26->27
[2023-10-30T19:30:46.749+0000][11.094s][info ][gc,heap       ] GC(28) Humongous regions: 0->0
[2023-10-30T19:30:46.749+0000][11.095s][info ][gc,metaspace  ] GC(28) Metaspace: 65445K(67280K)->65445K(67280K) NonClass: 57135K(58320K)->57135K(58320K) Class: 8310K(8960K)->8310K(8960K)
[2023-10-30T19:30:46.749+0000][11.095s][info ][gc            ] GC(28) Pause Young (Concurrent Start) (G1 Evacuation Pause) 246M->43M(372M) 34.361ms
[2023-10-30T19:30:46.750+0000][11.095s][info ][gc,cpu        ] GC(28) User=0.17s Sys=0.00s Real=0.04s
[2023-10-30T19:30:46.750+0000][11.096s][info ][safepoint     ] Leaving safepoint region
[2023-10-30T19:30:46.750+0000][11.096s][info ][safepoint     ] Total time for which application threads were stopped: 0.0363761 seconds, Stopping threads took: 0.0004510 seconds
[2023-10-30T19:30:46.750+0000][11.096s][info ][gc            ] GC(29) Concurrent Cycle
[2023-10-30T19:30:46.751+0000][11.097s][info ][gc,marking    ] GC(29) Concurrent Clear Claimed Marks
[2023-10-30T19:30:46.751+0000][11.097s][info ][gc,stringdedup] Concurrent String Deduplication (11.097s)
[2023-10-30T19:30:46.752+0000][11.098s][info ][gc,marking    ] GC(29) Concurrent Clear Claimed Marks 0.789ms
[2023-10-30T19:30:46.753+0000][11.099s][info ][gc,marking    ] GC(29) Concurrent Scan Root Regions
[2023-10-30T19:30:46.756+0000][11.102s][info ][gc,stringdedup] Concurrent String Deduplication 264.0K->93792.0B(172.4K) avg 45.4% (11.097s, 11.102s) 4.879ms
[2023-10-30T19:30:46.763+0000][11.109s][info ][gc,marking    ] GC(29) Concurrent Scan Root Regions 10.223ms
[2023-10-30T19:30:46.764+0000][11.109s][info ][gc,marking    ] GC(29) Concurrent Mark (11.109s)
[2023-10-30T19:30:46.764+0000][11.110s][info ][gc,marking    ] GC(29) Concurrent Mark From Roots
[2023-10-30T19:30:46.764+0000][11.110s][info ][gc,task       ] GC(29) Using 2 workers of 2 for marking
[2023-10-30T19:30:46.792+0000][11.138s][info ][gc,marking    ] GC(29) Concurrent Mark From Roots 27.878ms
[2023-10-30T19:30:46.792+0000][11.138s][info ][gc,marking    ] GC(29) Concurrent Preclean
[2023-10-30T19:30:46.793+0000][11.139s][info ][gc,marking    ] GC(29) Concurrent Preclean 0.623ms
[2023-10-30T19:30:46.793+0000][11.139s][info ][gc,marking    ] GC(29) Concurrent Mark (11.109s, 11.139s) 29.723ms
[2023-10-30T19:30:46.794+0000][11.140s][debug][safepoint     ] Safepoint synchronization initiated. (16 threads)
[2023-10-30T19:30:46.794+0000][11.140s][info ][safepoint     ] Application time: 0.0433092 seconds
[2023-10-30T19:30:46.795+0000][11.140s][debug][safepoint     ] ... found polling page return exception at pc = 0x00007f31608963e8, stub =0x00007f3158840600
[2023-10-30T19:30:46.795+0000][11.141s][debug][safepoint     ] Waiting for 1 thread(s) to block
[2023-10-30T19:30:46.795+0000][11.141s][info ][safepoint     ] Entering safepoint region: CGC_Operation
[2023-10-30T19:30:46.796+0000][11.142s][info ][gc,start      ] GC(29) Pause Remark
[2023-10-30T19:30:46.804+0000][11.150s][info ][gc,stringtable] GC(29) Cleaned string and symbol table, strings: 26213 processed, 0 removed, symbols: 208123 processed, 18 removed
[2023-10-30T19:30:46.805+0000][11.151s][info ][gc            ] GC(29) Pause Remark 48M->48M(372M) 9.444ms
[2023-10-30T19:30:46.806+0000][11.152s][info ][gc,cpu        ] GC(29) User=0.06s Sys=0.00s Real=0.01s
[2023-10-30T19:30:46.806+0000][11.152s][info ][safepoint     ] Leaving safepoint region
[2023-10-30T19:30:46.806+0000][11.152s][info ][safepoint     ] Total time for which application threads were stopped: 0.0119695 seconds, Stopping threads took: 0.0011886 seconds
[2023-10-30T19:30:46.807+0000][11.153s][info ][gc,marking    ] GC(29) Concurrent Rebuild Remembered Sets
[2023-10-30T19:30:46.823+0000][11.169s][info ][gc,marking    ] GC(29) Concurrent Rebuild Remembered Sets 16.226ms
[2023-10-30T19:30:46.824+0000][11.170s][debug][safepoint     ] Safepoint synchronization initiated. (16 threads)
[2023-10-30T19:30:46.824+0000][11.170s][info ][safepoint     ] Application time: 0.0174131 seconds
[2023-10-30T19:30:46.825+0000][11.171s][debug][safepoint     ] ... found polling page return exception at pc = 0x00007f31608af721, stub =0x00007f3158840600
[2023-10-30T19:30:46.825+0000][11.171s][debug][safepoint     ] Waiting for 1 thread(s) to block
[2023-10-30T19:30:46.826+0000][11.172s][info ][safepoint     ] Entering safepoint region: CGC_Operation
[2023-10-30T19:30:46.826+0000][11.172s][info ][gc,start      ] GC(29) Pause Cleanup
[2023-10-30T19:30:46.827+0000][11.173s][info ][gc            ] GC(29) Pause Cleanup 51M->51M(372M) 0.699ms
[2023-10-30T19:30:46.828+0000][11.174s][info ][gc,cpu        ] GC(29) User=0.01s Sys=0.00s Real=0.00s
[2023-10-30T19:30:46.830+0000][11.176s][info ][safepoint     ] Leaving safepoint region
[2023-10-30T19:30:46.831+0000][11.177s][info ][safepoint     ] Total time for which application threads were stopped: 0.0060341 seconds, Stopping threads took: 0.0015633 seconds
[2023-10-30T19:30:46.831+0000][11.177s][info ][gc,marking    ] GC(29) Concurrent Cleanup for Next Mark
[2023-10-30T19:30:46.833+0000][11.179s][info ][gc,marking    ] GC(29) Concurrent Cleanup for Next Mark 1.586ms
[2023-10-30T19:30:46.833+0000][11.179s][info ][gc            ] GC(29) Concurrent Cycle 83.464ms
[2023-10-30T19:30:47.546+0000][11.892s][debug][safepoint     ] Safepoint synchronization initiated. (17 threads)
[2023-10-30T19:30:47.546+0000][11.892s][info ][safepoint     ] Application time: 0.7152008 seconds
[2023-10-30T19:30:47.547+0000][11.893s][debug][safepoint     ] Waiting for 1 thread(s) to block
[2023-10-30T19:30:47.547+0000][11.893s][info ][safepoint     ] Entering safepoint region: ICBufferFull
[2023-10-30T19:30:47.548+0000][11.894s][info ][safepoint     ] Leaving safepoint region
[2023-10-30T19:30:47.548+0000][11.894s][info ][safepoint     ] Total time for which application threads were stopped: 0.0015203 seconds, Stopping threads took: 0.0008539 seconds
[2023-10-30T19:30:47.653+0000][11.999s][debug][safepoint     ] Safepoint synchronization initiated. (17 threads)
[2023-10-30T19:30:47.654+0000][12.000s][info ][safepoint     ] Application time: 0.1049049 seconds
[2023-10-30T19:30:47.654+0000][12.000s][info ][safepoint     ] Entering safepoint region: ICBufferFull
[2023-10-30T19:30:47.655+0000][12.001s][info ][safepoint     ] Leaving safepoint region
[2023-10-30T19:30:47.656+0000][12.001s][info ][safepoint     ] Total time for which application threads were stopped: 0.0013274 seconds, Stopping threads took: 0.0004734 seconds
[2023-10-30T19:30:47.682+0000][12.027s][debug][safepoint     ] Safepoint synchronization initiated. (17 threads)
[2023-10-30T19:30:47.682+0000][12.028s][info ][safepoint     ] Application time: 0.0261546 seconds
[2023-10-30T19:30:47.683+0000][12.028s][info ][safepoint     ] Entering safepoint region: G1CollectForAllocation
[2023-10-30T19:30:47.683+0000][12.029s][info ][gc,start      ] GC(30) Pause Young (Normal) (G1 Evacuation Pause)
[2023-10-30T19:30:47.684+0000][12.030s][info ][gc,task       ] GC(30) Using 8 workers of 8 for evacuation
[2023-10-30T19:30:47.700+0000][12.046s][info ][gc,phases     ] GC(30)   Pre Evacuate Collection Set: 0.0ms
[2023-10-30T19:30:47.701+0000][12.047s][info ][gc,phases     ] GC(30)   Evacuate Collection Set: 13.8ms
[2023-10-30T19:30:47.701+0000][12.047s][info ][gc,phases     ] GC(30)   Post Evacuate Collection Set: 2.4ms
[2023-10-30T19:30:47.702+0000][12.048s][info ][gc,phases     ] GC(30)   Other: 1.0ms
[2023-10-30T19:30:47.702+0000][12.048s][info ][gc,heap       ] GC(30) Eden regions: 204->0(208)
[2023-10-30T19:30:47.703+0000][12.048s][info ][gc,heap       ] GC(30) Survivor regions: 19->15(28)
[2023-10-30T19:30:47.703+0000][12.049s][info ][gc,heap       ] GC(30) Old regions: 27->31
[2023-10-30T19:30:47.703+0000][12.049s][info ][gc,heap       ] GC(30) Humongous regions: 0->0
[2023-10-30T19:30:47.704+0000][12.050s][info ][gc,metaspace  ] GC(30) Metaspace: 69099K(70864K)->69099K(70864K) NonClass: 60228K(61392K)->60228K(61392K) Class: 8870K(9472K)->8870K(9472K)
[2023-10-30T19:30:47.704+0000][12.050s][info ][gc            ] GC(30) Pause Young (Normal) (G1 Evacuation Pause) 247M->44M(372M) 20.924ms
[2023-10-30T19:30:47.705+0000][12.051s][info ][gc,cpu        ] GC(30) User=0.10s Sys=0.02s Real=0.02s
[2023-10-30T19:30:47.705+0000][12.051s][info ][safepoint     ] Leaving safepoint region
[2023-10-30T19:30:47.706+0000][12.051s][info ][safepoint     ] Total time for which application threads were stopped: 0.0230274 seconds, Stopping threads took: 0.0004868 seconds
[2023-10-30T19:30:47.706+0000][12.052s][info ][gc,stringdedup] Concurrent String Deduplication (12.052s)
[2023-10-30T19:30:47.708+0000][12.054s][info ][gc,stringdedup] Concurrent String Deduplication 84232.0B->18888.0B(65344.0B) avg 45.7% (12.052s, 12.054s) 1.853ms
[2023-10-30T19:30:47.781+0000][12.127s][debug][safepoint     ] Safepoint synchronization initiated. (17 threads)
[2023-10-30T19:30:47.781+0000][12.127s][info ][safepoint     ] Application time: 0.0751911 seconds
[2023-10-30T19:30:47.782+0000][12.127s][debug][safepoint     ] Waiting for 1 thread(s) to block
[2023-10-30T19:30:47.782+0000][12.128s][info ][safepoint     ] Entering safepoint region: ICBufferFull
[2023-10-30T19:30:47.782+0000][12.128s][info ][safepoint     ] Leaving safepoint region
[2023-10-30T19:30:47.783+0000][12.129s][info ][safepoint     ] Total time for which application threads were stopped: 0.0012156 seconds, Stopping threads took: 0.0006387 seconds
[2023-10-30T19:30:47.875+0000][12.221s][debug][safepoint     ] Safepoint synchronization initiated. (17 threads)
[2023-10-30T19:30:47.875+0000][12.221s][info ][safepoint     ] Application time: 0.0920500 seconds
[2023-10-30T19:30:47.876+0000][12.221s][info ][safepoint     ] Entering safepoint region: ICBufferFull
[2023-10-30T19:30:47.876+0000][12.222s][info ][safepoint     ] Leaving safepoint region
[2023-10-30T19:30:47.877+0000][12.223s][info ][safepoint     ] Total time for which application threads were stopped: 0.0013859 seconds, Stopping threads took: 0.0005857 seconds
[2023-10-30T19:30:48.019+0000][12.365s][debug][safepoint     ] Safepoint synchronization initiated. (17 threads)
[2023-10-30T19:30:48.020+0000][12.365s][info ][safepoint     ] Application time: 0.1421480 seconds
[2023-10-30T19:30:48.020+0000][12.366s][info ][safepoint     ] Entering safepoint region: ICBufferFull
[2023-10-30T19:30:48.021+0000][12.367s][info ][safepoint     ] Leaving safepoint region
[2023-10-30T19:30:48.021+0000][12.367s][info ][safepoint     ] Total time for which application threads were stopped: 0.0010670 seconds, Stopping threads took: 0.0004131 seconds
[2023-10-30T19:30:48.380+0000][12.726s][debug][safepoint     ] Safepoint synchronization initiated. (17 threads)
[2023-10-30T19:30:48.381+0000][12.727s][info ][safepoint     ] Application time: 0.3594022 seconds
[2023-10-30T19:30:48.382+0000][12.727s][info ][safepoint     ] Entering safepoint region: ICBufferFull
[2023-10-30T19:30:48.382+0000][12.728s][info ][safepoint     ] Leaving safepoint region
[2023-10-30T19:30:48.383+0000][12.729s][info ][safepoint     ] Total time for which application threads were stopped: 0.0011315 seconds, Stopping threads took: 0.0004654 seconds
[2023-10-30T19:30:48.460+0000][12.806s][debug][safepoint     ] Safepoint synchronization initiated. (17 threads)
[2023-10-30T19:30:48.461+0000][12.807s][info ][safepoint     ] Application time: 0.0776473 seconds
[2023-10-30T19:30:48.461+0000][12.807s][info ][safepoint     ] Entering safepoint region: Deoptimize
[2023-10-30T19:30:48.463+0000][12.809s][info ][safepoint     ] Leaving safepoint region
[2023-10-30T19:30:48.463+0000][12.809s][info ][safepoint     ] Total time for which application threads were stopped: 0.0019412 seconds, Stopping threads took: 0.0004061 seconds
[2023-10-30T19:30:48.465+0000][12.810s][debug][safepoint     ] Safepoint synchronization initiated. (17 threads)
[2023-10-30T19:30:48.465+0000][12.811s][info ][safepoint     ] Application time: 0.0013847 seconds
[2023-10-30T19:30:48.465+0000][12.811s][info ][safepoint     ] Entering safepoint region: Deoptimize
[2023-10-30T19:30:48.467+0000][12.813s][info ][safepoint     ] Leaving safepoint region
[2023-10-30T19:30:48.467+0000][12.813s][info ][safepoint     ] Total time for which application threads were stopped: 0.0018980 seconds, Stopping threads took: 0.0004091 seconds
[2023-10-30T19:30:48.536+0000][12.882s][debug][safepoint     ] Safepoint synchronization initiated. (17 threads)
[2023-10-30T19:30:48.537+0000][12.883s][info ][safepoint     ] Application time: 0.0691778 seconds
[2023-10-30T19:30:48.537+0000][12.883s][info ][safepoint     ] Entering safepoint region: G1CollectForAllocation
[2023-10-30T19:30:48.538+0000][12.884s][info ][gc,start      ] GC(31) Pause Young (Normal) (G1 Evacuation Pause)
[2023-10-30T19:30:48.538+0000][12.884s][info ][gc,task       ] GC(31) Using 8 workers of 8 for evacuation
[2023-10-30T19:30:48.554+0000][12.899s][info ][gc,phases     ] GC(31)   Pre Evacuate Collection Set: 0.0ms
[2023-10-30T19:30:48.554+0000][12.900s][info ][gc,phases     ] GC(31)   Evacuate Collection Set: 12.9ms
[2023-10-30T19:30:48.555+0000][12.900s][info ][gc,phases     ] GC(31)   Post Evacuate Collection Set: 1.9ms
[2023-10-30T19:30:48.555+0000][12.901s][info ][gc,phases     ] GC(31)   Other: 0.9ms
[2023-10-30T19:30:48.555+0000][12.901s][info ][gc,heap       ] GC(31) Eden regions: 208->0(206)
[2023-10-30T19:30:48.556+0000][12.902s][info ][gc,heap       ] GC(31) Survivor regions: 15->17(28)
[2023-10-30T19:30:48.556+0000][12.902s][info ][gc,heap       ] GC(31) Old regions: 31->31
[2023-10-30T19:30:48.556+0000][12.902s][info ][gc,heap       ] GC(31) Humongous regions: 0->0
[2023-10-30T19:30:48.557+0000][12.903s][info ][gc,metaspace  ] GC(31) Metaspace: 72696K(74576K)->72696K(74576K) NonClass: 63414K(64720K)->63414K(64720K) Class: 9281K(9856K)->9281K(9856K)
[2023-10-30T19:30:48.557+0000][12.903s][info ][gc            ] GC(31) Pause Young (Normal) (G1 Evacuation Pause) 252M->45M(372M) 19.236ms
[2023-10-30T19:30:48.557+0000][12.903s][info ][gc,cpu        ] GC(31) User=0.11s Sys=0.01s Real=0.02s
[2023-10-30T19:30:48.558+0000][12.904s][info ][safepoint     ] Leaving safepoint region
[2023-10-30T19:30:48.558+0000][12.904s][info ][safepoint     ] Total time for which application threads were stopped: 0.0207773 seconds, Stopping threads took: 0.0003826 seconds
[2023-10-30T19:30:48.559+0000][12.904s][info ][gc,stringdedup] Concurrent String Deduplication (12.904s)
[2023-10-30T19:30:48.562+0000][12.908s][info ][gc,stringdedup] Concurrent String Deduplication 206.3K->74288.0B(133.8K) avg 46.1% (12.904s, 12.908s) 3.307ms
[2023-10-30T19:30:48.713+0000][13.059s][debug][safepoint     ] Safepoint synchronization initiated. (17 threads)
[2023-10-30T19:30:48.714+0000][13.060s][info ][safepoint     ] Application time: 0.1554732 seconds
[2023-10-30T19:30:48.714+0000][13.060s][info ][safepoint     ] Entering safepoint region: Deoptimize
[2023-10-30T19:30:48.716+0000][13.062s][info ][safepoint     ] Leaving safepoint region
[2023-10-30T19:30:48.716+0000][13.062s][info ][safepoint     ] Total time for which application threads were stopped: 0.0018384 seconds, Stopping threads took: 0.0003587 seconds
[2023-10-30T19:30:48.891+0000][13.237s][debug][safepoint     ] Safepoint synchronization initiated. (17 threads)
[2023-10-30T19:30:48.892+0000][13.237s][info ][safepoint     ] Application time: 0.1750636 seconds
[2023-10-30T19:30:48.892+0000][13.238s][info ][safepoint     ] Entering safepoint region: Deoptimize
[2023-10-30T19:30:48.893+0000][13.239s][info ][safepoint     ] Leaving safepoint region
[2023-10-30T19:30:48.894+0000][13.240s][info ][safepoint     ] Total time for which application threads were stopped: 0.0020500 seconds, Stopping threads took: 0.0003231 seconds
[2023-10-30T19:30:48.904+0000][13.250s][debug][safepoint     ] Safepoint synchronization initiated. (17 threads)
[2023-10-30T19:30:48.905+0000][13.251s][info ][safepoint     ] Application time: 0.0105859 seconds
[2023-10-30T19:30:48.905+0000][13.251s][debug][safepoint     ] Waiting for 1 thread(s) to block
[2023-10-30T19:30:48.907+0000][13.252s][info ][safepoint     ] Entering safepoint region: ICBufferFull
[2023-10-30T19:30:48.907+0000][13.253s][info ][safepoint     ] Leaving safepoint region
[2023-10-30T19:30:48.908+0000][13.254s][info ][safepoint     ] Total time for which application threads were stopped: 0.0025533 seconds, Stopping threads took: 0.0018639 seconds
[2023-10-30T19:30:48.992+0000][13.338s][debug][safepoint     ] Safepoint synchronization initiated. (17 threads)
[2023-10-30T19:30:48.992+0000][13.338s][info ][safepoint     ] Application time: 0.0841012 seconds
[2023-10-30T19:30:48.993+0000][13.338s][info ][safepoint     ] Entering safepoint region: Deoptimize
[2023-10-30T19:30:48.994+0000][13.340s][info ][safepoint     ] Leaving safepoint region
[2023-10-30T19:30:48.995+0000][13.340s][info ][safepoint     ] Total time for which application threads were stopped: 0.0018973 seconds, Stopping threads took: 0.0003161 seconds
[2023-10-30T19:30:49.204+0000][13.550s][debug][safepoint     ] Safepoint synchronization initiated. (17 threads)
[2023-10-30T19:30:49.205+0000][13.551s][info ][safepoint     ] Application time: 0.2099343 seconds
[2023-10-30T19:30:49.205+0000][13.551s][info ][safepoint     ] Entering safepoint region: ICBufferFull
[2023-10-30T19:30:49.206+0000][13.552s][info ][safepoint     ] Leaving safepoint region
[2023-10-30T19:30:49.206+0000][13.552s][info ][safepoint     ] Total time for which application threads were stopped: 0.0010561 seconds, Stopping threads took: 0.0003978 seconds
[2023-10-30T19:30:49.563+0000][13.909s][debug][safepoint     ] Safepoint synchronization initiated. (17 threads)
[2023-10-30T19:30:49.564+0000][13.909s][info ][safepoint     ] Application time: 0.3568518 seconds
[2023-10-30T19:30:49.564+0000][13.910s][info ][safepoint     ] Entering safepoint region: G1CollectForAllocation
[2023-10-30T19:30:49.565+0000][13.910s][info ][gc,start      ] GC(32) Pause Young (Normal) (G1 Evacuation Pause)
[2023-10-30T19:30:49.565+0000][13.911s][info ][gc,task       ] GC(32) Using 8 workers of 8 for evacuation
[2023-10-30T19:30:49.580+0000][13.926s][info ][gc,phases     ] GC(32)   Pre Evacuate Collection Set: 0.0ms
[2023-10-30T19:30:49.581+0000][13.927s][info ][gc,phases     ] GC(32)   Evacuate Collection Set: 12.4ms
[2023-10-30T19:30:49.581+0000][13.927s][info ][gc,phases     ] GC(32)   Post Evacuate Collection Set: 2.4ms
[2023-10-30T19:30:49.582+0000][13.927s][info ][gc,phases     ] GC(32)   Other: 0.8ms
[2023-10-30T19:30:49.582+0000][13.928s][info ][gc,heap       ] GC(32) Eden regions: 206->0(206)
[2023-10-30T19:30:49.582+0000][13.928s][info ][gc,heap       ] GC(32) Survivor regions: 17->17(28)
[2023-10-30T19:30:49.583+0000][13.928s][info ][gc,heap       ] GC(32) Old regions: 31->34
[2023-10-30T19:30:49.583+0000][13.929s][info ][gc,heap       ] GC(32) Humongous regions: 0->0
[2023-10-30T19:30:49.583+0000][13.929s][info ][gc,metaspace  ] GC(32) Metaspace: 77564K(79696K)->77564K(79696K) NonClass: 67723K(69072K)->67723K(69072K) Class: 9841K(10624K)->9841K(10624K)
[2023-10-30T19:30:49.584+0000][13.930s][info ][gc            ] GC(32) Pause Young (Normal) (G1 Evacuation Pause) 251M->48M(372M) 19.218ms
[2023-10-30T19:30:49.584+0000][13.930s][info ][gc,cpu        ] GC(32) User=0.11s Sys=0.01s Real=0.02s
[2023-10-30T19:30:49.585+0000][13.930s][info ][safepoint     ] Leaving safepoint region
[2023-10-30T19:30:49.585+0000][13.931s][info ][safepoint     ] Total time for which application threads were stopped: 0.0209569 seconds, Stopping threads took: 0.0003801 seconds
[2023-10-30T19:30:49.585+0000][13.931s][info ][gc,stringdedup] Concurrent String Deduplication (13.931s)
[2023-10-30T19:30:49.588+0000][13.933s][info ][gc,stringdedup] Concurrent String Deduplication 163.1K->34632.0B(129.3K) avg 46.6% (13.931s, 13.933s) 2.242ms
[2023-10-30T19:30:50.012+0000][14.358s][debug][safepoint     ] Safepoint synchronization initiated. (17 threads)
[2023-10-30T19:30:50.013+0000][14.358s][info ][safepoint     ] Application time: 0.4273514 seconds
[2023-10-30T19:30:50.013+0000][14.359s][info ][safepoint     ] Entering safepoint region: ICBufferFull
[2023-10-30T19:30:50.014+0000][14.359s][info ][safepoint     ] Leaving safepoint region
[2023-10-30T19:30:50.014+0000][14.360s][info ][safepoint     ] Total time for which application threads were stopped: 0.0010009 seconds, Stopping threads took: 0.0003683 seconds
[2023-10-30T19:30:50.393+0000][14.739s][debug][safepoint     ] Safepoint synchronization initiated. (17 threads)
[2023-10-30T19:30:50.394+0000][14.740s][info ][safepoint     ] Application time: 0.3794017 seconds
[2023-10-30T19:30:50.394+0000][14.740s][info ][safepoint     ] Entering safepoint region: ICBufferFull
[2023-10-30T19:30:50.395+0000][14.741s][info ][safepoint     ] Leaving safepoint region
[2023-10-30T19:30:50.395+0000][14.741s][info ][safepoint     ] Total time for which application threads were stopped: 0.0010828 seconds, Stopping threads took: 0.0003824 seconds
[2023-10-30T19:30:50.561+0000][14.907s][debug][safepoint     ] Safepoint synchronization initiated. (17 threads)
[2023-10-30T19:30:50.561+0000][14.907s][info ][safepoint     ] Application time: 0.1655812 seconds
[2023-10-30T19:30:50.562+0000][14.908s][info ][safepoint     ] Entering safepoint region: G1CollectForAllocation
[2023-10-30T19:30:50.562+0000][14.908s][info ][gc,start      ] GC(33) Pause Young (Normal) (G1 Evacuation Pause)
[2023-10-30T19:30:50.563+0000][14.908s][info ][gc,task       ] GC(33) Using 8 workers of 8 for evacuation
[2023-10-30T19:30:50.581+0000][14.926s][info ][gc,phases     ] GC(33)   Pre Evacuate Collection Set: 0.0ms
[2023-10-30T19:30:50.581+0000][14.927s][info ][gc,phases     ] GC(33)   Evacuate Collection Set: 14.8ms
[2023-10-30T19:30:50.582+0000][14.927s][info ][gc,phases     ] GC(33)   Post Evacuate Collection Set: 2.7ms
[2023-10-30T19:30:50.582+0000][14.928s][info ][gc,phases     ] GC(33)   Other: 0.8ms
[2023-10-30T19:30:50.582+0000][14.928s][info ][gc,heap       ] GC(33) Eden regions: 206->0(203)
[2023-10-30T19:30:50.583+0000][14.928s][info ][gc,heap       ] GC(33) Survivor regions: 17->20(28)
[2023-10-30T19:30:50.583+0000][14.929s][info ][gc,heap       ] GC(33) Old regions: 34->36
[2023-10-30T19:30:50.583+0000][14.929s][info ][gc,heap       ] GC(33) Humongous regions: 0->0
[2023-10-30T19:30:50.584+0000][14.929s][info ][gc,metaspace  ] GC(33) Metaspace: 79488K(81488K)->79488K(81488K) NonClass: 69573K(70864K)->69573K(70864K) Class: 9915K(10624K)->9915K(10624K)
[2023-10-30T19:30:50.584+0000][14.930s][info ][gc            ] GC(33) Pause Young (Normal) (G1 Evacuation Pause) 254M->54M(372M) 21.577ms
[2023-10-30T19:30:50.584+0000][14.930s][info ][gc,cpu        ] GC(33) User=0.14s Sys=0.00s Real=0.02s
[2023-10-30T19:30:50.585+0000][14.930s][info ][safepoint     ] Leaving safepoint region
[2023-10-30T19:30:50.585+0000][14.931s][info ][safepoint     ] Total time for which application threads were stopped: 0.0230889 seconds, Stopping threads took: 0.0003529 seconds
[2023-10-30T19:30:50.585+0000][14.931s][info ][gc,stringdedup] Concurrent String Deduplication (14.931s)
[2023-10-30T19:30:50.588+0000][14.934s][info ][gc,stringdedup] Concurrent String Deduplication 258.0K->167.0K(93160.0B) avg 46.3% (14.931s, 14.934s) 2.757ms
[2023-10-30T19:30:50.648+0000][14.994s][debug][safepoint     ] Safepoint synchronization initiated. (17 threads)
[2023-10-30T19:30:50.648+0000][14.994s][info ][safepoint     ] Application time: 0.0630494 seconds
[2023-10-30T19:30:50.649+0000][14.994s][debug][safepoint     ] Waiting for 1 thread(s) to block
[2023-10-30T19:30:50.649+0000][14.995s][info ][safepoint     ] Entering safepoint region: ICBufferFull
[2023-10-30T19:30:50.650+0000][14.995s][info ][safepoint     ] Leaving safepoint region
[2023-10-30T19:30:50.650+0000][14.996s][info ][safepoint     ] Total time for which application threads were stopped: 0.0014014 seconds, Stopping threads took: 0.0007899 seconds
[2023-10-30T19:30:50.884+0000][15.230s][debug][safepoint     ] Safepoint synchronization initiated. (17 threads)
[2023-10-30T19:30:50.885+0000][15.230s][info ][safepoint     ] Application time: 0.2341017 seconds
[2023-10-30T19:30:50.885+0000][15.231s][info ][safepoint     ] Entering safepoint region: ICBufferFull
[2023-10-30T19:30:50.886+0000][15.231s][info ][safepoint     ] Leaving safepoint region
[2023-10-30T19:30:50.886+0000][15.232s][info ][safepoint     ] Total time for which application threads were stopped: 0.0009985 seconds, Stopping threads took: 0.0003966 seconds
[2023-10-30T19:30:50.938+0000][15.284s][debug][safepoint     ] Safepoint synchronization initiated. (17 threads)
[2023-10-30T19:30:50.939+0000][15.284s][info ][safepoint     ] Application time: 0.0523319 seconds
[2023-10-30T19:30:50.939+0000][15.285s][info ][safepoint     ] Entering safepoint region: Deoptimize
[2023-10-30T19:30:50.941+0000][15.286s][info ][safepoint     ] Leaving safepoint region
[2023-10-30T19:30:50.941+0000][15.287s][info ][safepoint     ] Total time for which application threads were stopped: 0.0021462 seconds, Stopping threads took: 0.0003831 seconds
[2023-10-30T19:30:51.182+0000][15.527s][debug][safepoint     ] Safepoint synchronization initiated. (17 threads)
[2023-10-30T19:30:51.182+0000][15.528s][info ][safepoint     ] Application time: 0.2408300 seconds
[2023-10-30T19:30:51.183+0000][15.529s][info ][safepoint     ] Entering safepoint region: ICBufferFull
[2023-10-30T19:30:51.183+0000][15.529s][info ][safepoint     ] Leaving safepoint region
[2023-10-30T19:30:51.184+0000][15.530s][info ][safepoint     ] Total time for which application threads were stopped: 0.0010646 seconds, Stopping threads took: 0.0003453 seconds
[2023-10-30T19:30:51.456+0000][15.802s][debug][safepoint     ] Safepoint synchronization initiated. (17 threads)
[2023-10-30T19:30:51.456+0000][15.802s][info ][safepoint     ] Application time: 0.2723293 seconds
[2023-10-30T19:30:51.457+0000][15.803s][info ][safepoint     ] Entering safepoint region: Deoptimize
[2023-10-30T19:30:51.458+0000][15.804s][info ][safepoint     ] Leaving safepoint region
[2023-10-30T19:30:51.459+0000][15.805s][info ][safepoint     ] Total time for which application threads were stopped: 0.0021309 seconds, Stopping threads took: 0.0003712 seconds
[2023-10-30T19:30:51.539+0000][15.885s][debug][safepoint     ] Safepoint synchronization initiated. (21 threads)
[2023-10-30T19:30:51.540+0000][15.886s][info ][safepoint     ] Application time: 0.0805977 seconds
[2023-10-30T19:30:51.540+0000][15.886s][info ][safepoint     ] Entering safepoint region: G1CollectForAllocation
[2023-10-30T19:30:51.541+0000][15.887s][info ][gc,start      ] GC(34) Pause Young (Normal) (G1 Evacuation Pause)
[2023-10-30T19:30:51.541+0000][15.887s][info ][gc,task       ] GC(34) Using 8 workers of 8 for evacuation
[2023-10-30T19:30:51.572+0000][15.918s][info ][gc,phases     ] GC(34)   Pre Evacuate Collection Set: 0.0ms
[2023-10-30T19:30:51.573+0000][15.918s][info ][gc,phases     ] GC(34)   Evacuate Collection Set: 27.8ms
[2023-10-30T19:30:51.573+0000][15.919s][info ][gc,phases     ] GC(34)   Post Evacuate Collection Set: 2.6ms
[2023-10-30T19:30:51.573+0000][15.919s][info ][gc,phases     ] GC(34)   Other: 0.9ms
[2023-10-30T19:30:51.574+0000][15.919s][info ][gc,heap       ] GC(34) Eden regions: 203->0(203)
[2023-10-30T19:30:51.574+0000][15.920s][info ][gc,heap       ] GC(34) Survivor regions: 20->20(28)
[2023-10-30T19:30:51.574+0000][15.920s][info ][gc,heap       ] GC(34) Old regions: 36->42
[2023-10-30T19:30:51.575+0000][15.920s][info ][gc,heap       ] GC(34) Humongous regions: 0->0
[2023-10-30T19:30:51.575+0000][15.921s][info ][gc,metaspace  ] GC(34) Metaspace: 82579K(84816K)->82579K(84816K) NonClass: 72290K(73680K)->72290K(73680K) Class: 10289K(11136K)->10289K(11136K)
[2023-10-30T19:30:51.575+0000][15.921s][info ][gc            ] GC(34) Pause Young (Normal) (G1 Evacuation Pause) 257M->60M(372M) 34.248ms
[2023-10-30T19:30:51.575+0000][15.921s][info ][gc,cpu        ] GC(34) User=0.25s Sys=0.00s Real=0.04s
[2023-10-30T19:30:51.576+0000][15.922s][info ][safepoint     ] Leaving safepoint region
[2023-10-30T19:30:51.576+0000][15.922s][info ][safepoint     ] Total time for which application threads were stopped: 0.0357851 seconds, Stopping threads took: 0.0003824 seconds
[2023-10-30T19:30:51.576+0000][15.922s][info ][gc,stringdedup] Concurrent String Deduplication (15.922s)
[2023-10-30T19:30:51.580+0000][15.926s][info ][gc,stringdedup] Concurrent String Deduplication 270.1K->94312.0B(178.0K) avg 46.8% (15.922s, 15.926s) 3.317ms
[2023-10-30T19:30:51.625+0000][15.970s][debug][safepoint     ] Safepoint synchronization initiated. (21 threads)
[2023-10-30T19:30:51.625+0000][15.971s][info ][safepoint     ] Application time: 0.0487251 seconds
[2023-10-30T19:30:51.626+0000][15.971s][info ][safepoint     ] Entering safepoint region: ICBufferFull
[2023-10-30T19:30:51.626+0000][15.972s][info ][safepoint     ] Leaving safepoint region
[2023-10-30T19:30:51.627+0000][15.973s][info ][safepoint     ] Total time for which application threads were stopped: 0.0012905 seconds, Stopping threads took: 0.0004485 seconds
[2023-10-30T19:30:51.907+0000][16.253s][debug][safepoint     ] Safepoint synchronization initiated. (21 threads)
[2023-10-30T19:30:51.907+0000][16.253s][info ][safepoint     ] Application time: 0.2785397 seconds
[2023-10-30T19:30:51.908+0000][16.254s][info ][safepoint     ] Entering safepoint region: ICBufferFull
[2023-10-30T19:30:51.908+0000][16.254s][info ][safepoint     ] Leaving safepoint region
[2023-10-30T19:30:51.909+0000][16.254s][info ][safepoint     ] Total time for which application threads were stopped: 0.0008540 seconds, Stopping threads took: 0.0003205 seconds
[2023-10-30T19:30:52.255+0000][16.601s][debug][safepoint     ] Safepoint synchronization initiated. (21 threads)
[2023-10-30T19:30:52.256+0000][16.601s][info ][safepoint     ] Application time: 0.3465781 seconds
[2023-10-30T19:30:52.256+0000][16.602s][info ][safepoint     ] Entering safepoint region: ICBufferFull
[2023-10-30T19:30:52.256+0000][16.602s][info ][safepoint     ] Leaving safepoint region
[2023-10-30T19:30:52.257+0000][16.603s][info ][safepoint     ] Total time for which application threads were stopped: 0.0009597 seconds, Stopping threads took: 0.0003635 seconds
[2023-10-30T19:30:52.261+0000][16.607s][debug][safepoint     ] Safepoint synchronization initiated. (21 threads)
[2023-10-30T19:30:52.261+0000][16.607s][info ][safepoint     ] Application time: 0.0042668 seconds
[2023-10-30T19:30:52.262+0000][16.608s][info ][safepoint     ] Entering safepoint region: Deoptimize
[2023-10-30T19:30:52.263+0000][16.609s][info ][safepoint     ] Leaving safepoint region
[2023-10-30T19:30:52.264+0000][16.610s][info ][safepoint     ] Total time for which application threads were stopped: 0.0022185 seconds, Stopping threads took: 0.0003192 seconds
[2023-10-30T19:30:52.310+0000][16.656s][debug][safepoint     ] Safepoint synchronization initiated. (21 threads)
[2023-10-30T19:30:52.310+0000][16.656s][info ][safepoint     ] Application time: 0.0459363 seconds
[2023-10-30T19:30:52.311+0000][16.656s][info ][safepoint     ] Entering safepoint region: G1CollectForAllocation
[2023-10-30T19:30:52.311+0000][16.657s][info ][gc,start      ] GC(35) Pause Young (Normal) (G1 Evacuation Pause)
[2023-10-30T19:30:52.312+0000][16.657s][info ][gc,task       ] GC(35) Using 8 workers of 8 for evacuation
[2023-10-30T19:30:52.326+0000][16.672s][info ][gc,phases     ] GC(35)   Pre Evacuate Collection Set: 0.0ms
[2023-10-30T19:30:52.326+0000][16.672s][info ][gc,phases     ] GC(35)   Evacuate Collection Set: 12.4ms
[2023-10-30T19:30:52.327+0000][16.673s][info ][gc,phases     ] GC(35)   Post Evacuate Collection Set: 1.7ms
[2023-10-30T19:30:52.327+0000][16.673s][info ][gc,phases     ] GC(35)   Other: 0.8ms
[2023-10-30T19:30:52.327+0000][16.673s][info ][gc,heap       ] GC(35) Eden regions: 203->0(206)
[2023-10-30T19:30:52.328+0000][16.674s][info ][gc,heap       ] GC(35) Survivor regions: 20->17(28)
[2023-10-30T19:30:52.328+0000][16.674s][info ][gc,heap       ] GC(35) Old regions: 42->50
[2023-10-30T19:30:52.328+0000][16.674s][info ][gc,heap       ] GC(35) Humongous regions: 0->0
[2023-10-30T19:30:52.329+0000][16.675s][info ][gc,metaspace  ] GC(35) Metaspace: 84093K(86480K)->84093K(86480K) NonClass: 73687K(75216K)->73687K(75216K) Class: 10405K(11264K)->10405K(11264K)
[2023-10-30T19:30:52.329+0000][16.675s][info ][gc            ] GC(35) Pause Young (Normal) (G1 Evacuation Pause) 263M->64M(372M) 17.857ms
[2023-10-30T19:30:52.329+0000][16.675s][info ][gc,cpu        ] GC(35) User=0.11s Sys=0.01s Real=0.02s
[2023-10-30T19:30:52.330+0000][16.675s][info ][safepoint     ] Leaving safepoint region
[2023-10-30T19:30:52.330+0000][16.676s][info ][safepoint     ] Total time for which application threads were stopped: 0.0193041 seconds, Stopping threads took: 0.0003264 seconds
[2023-10-30T19:30:52.330+0000][16.676s][info ][gc,stringdedup] Concurrent String Deduplication (16.676s)
[2023-10-30T19:30:52.333+0000][16.679s][info ][gc,stringdedup] Concurrent String Deduplication 581.1K->127.8K(453.3K) avg 48.4% (16.676s, 16.679s) 2.850ms
[2023-10-30T19:30:52.447+0000][16.793s][debug][safepoint     ] Safepoint synchronization initiated. (21 threads)
[2023-10-30T19:30:52.448+0000][16.794s][info ][safepoint     ] Application time: 0.1176588 seconds
[2023-10-30T19:30:52.448+0000][16.794s][info ][safepoint     ] Entering safepoint region: ICBufferFull
[2023-10-30T19:30:52.449+0000][16.795s][info ][safepoint     ] Leaving safepoint region
[2023-10-30T19:30:52.449+0000][16.795s][info ][safepoint     ] Total time for which application threads were stopped: 0.0009509 seconds, Stopping threads took: 0.0003735 seconds
[2023-10-30T19:30:52.556+0000][16.902s][debug][safepoint     ] Safepoint synchronization initiated. (21 threads)
[2023-10-30T19:30:52.557+0000][16.902s][info ][safepoint     ] Application time: 0.1068638 seconds
[2023-10-30T19:30:52.557+0000][16.903s][info ][safepoint     ] Entering safepoint region: Deoptimize
[2023-10-30T19:30:52.559+0000][16.905s][info ][safepoint     ] Leaving safepoint region
[2023-10-30T19:30:52.559+0000][16.905s][info ][safepoint     ] Total time for which application threads were stopped: 0.0022604 seconds, Stopping threads took: 0.0003722 seconds
[2023-10-30T19:30:52.660+0000][17.007s][debug][safepoint     ] Safepoint synchronization initiated. (22 threads)
[2023-10-30T19:30:52.661+0000][17.008s][info ][safepoint     ] Application time: 0.1024320 seconds
[2023-10-30T19:30:52.661+0000][17.008s][info ][safepoint     ] Entering safepoint region: Deoptimize
[2023-10-30T19:30:52.663+0000][17.010s][info ][safepoint     ] Leaving safepoint region
[2023-10-30T19:30:52.663+0000][17.010s][info ][safepoint     ] Total time for which application threads were stopped: 0.0021272 seconds, Stopping threads took: 0.0003658 seconds
[2023-10-30T19:30:52.830+0000][17.177s][debug][safepoint     ] Safepoint synchronization initiated. (22 threads)
[2023-10-30T19:30:52.830+0000][17.178s][info ][safepoint     ] Application time: 0.1669274 seconds
[2023-10-30T19:30:52.831+0000][17.178s][info ][safepoint     ] Entering safepoint region: Deoptimize
[2023-10-30T19:30:52.833+0000][17.180s][info ][safepoint     ] Leaving safepoint region
[2023-10-30T19:30:52.833+0000][17.180s][info ][safepoint     ] Total time for which application threads were stopped: 0.0024543 seconds, Stopping threads took: 0.0003693 seconds
[2023-10-30T19:30:53.133+0000][17.481s][debug][safepoint     ] Safepoint synchronization initiated. (23 threads)
[2023-10-30T19:30:53.134+0000][17.481s][info ][safepoint     ] Application time: 0.3002840 seconds
[2023-10-30T19:30:53.134+0000][17.482s][info ][safepoint     ] Entering safepoint region: ICBufferFull
[2023-10-30T19:30:53.135+0000][17.482s][info ][safepoint     ] Leaving safepoint region
[2023-10-30T19:30:53.136+0000][17.483s][info ][safepoint     ] Total time for which application threads were stopped: 0.0011241 seconds, Stopping threads took: 0.0004189 seconds
[2023-10-30T19:30:53.160+0000][17.507s][debug][safepoint     ] Safepoint synchronization initiated. (23 threads)
[2023-10-30T19:30:53.160+0000][17.507s][info ][safepoint     ] Application time: 0.0241164 seconds
[2023-10-30T19:30:53.160+0000][17.508s][info ][safepoint     ] Entering safepoint region: Deoptimize
[2023-10-30T19:30:53.162+0000][17.509s][info ][safepoint     ] Leaving safepoint region
[2023-10-30T19:30:53.162+0000][17.510s][info ][safepoint     ] Total time for which application threads were stopped: 0.0020691 seconds, Stopping threads took: 0.0003467 seconds
[2023-10-30T19:30:53.169+0000][17.517s][debug][safepoint     ] Safepoint synchronization initiated. (23 threads)
[2023-10-30T19:30:53.170+0000][17.517s][info ][safepoint     ] Application time: 0.0074211 seconds
[2023-10-30T19:30:53.171+0000][17.518s][info ][safepoint     ] Entering safepoint region: Deoptimize
[2023-10-30T19:30:53.172+0000][17.519s][info ][safepoint     ] Leaving safepoint region
[2023-10-30T19:30:53.173+0000][17.520s][info ][safepoint     ] Total time for which application threads were stopped: 0.0021202 seconds, Stopping threads took: 0.0003895 seconds
[2023-10-30T19:30:53.320+0000][17.668s][debug][safepoint     ] Safepoint synchronization initiated. (23 threads)
[2023-10-30T19:30:53.321+0000][17.668s][info ][safepoint     ] Application time: 0.1478568 seconds
[2023-10-30T19:30:53.321+0000][17.668s][info ][safepoint     ] Entering safepoint region: Deoptimize
[2023-10-30T19:30:53.323+0000][17.670s][info ][safepoint     ] Leaving safepoint region
[2023-10-30T19:30:53.324+0000][17.671s][info ][safepoint     ] Total time for which application threads were stopped: 0.0023346 seconds, Stopping threads took: 0.0003611 seconds
[2023-10-30T19:30:53.340+0000][17.687s][debug][safepoint     ] Safepoint synchronization initiated. (23 threads)
[2023-10-30T19:30:53.340+0000][17.687s][info ][safepoint     ] Application time: 0.0162018 seconds
[2023-10-30T19:30:53.341+0000][17.688s][info ][safepoint     ] Entering safepoint region: G1CollectForAllocation
[2023-10-30T19:30:53.341+0000][17.689s][info ][gc,start      ] GC(36) Pause Young (Normal) (G1 Evacuation Pause)
[2023-10-30T19:30:53.342+0000][17.689s][info ][gc,task       ] GC(36) Using 8 workers of 8 for evacuation
[2023-10-30T19:30:53.363+0000][17.710s][info ][gc,phases     ] GC(36)   Pre Evacuate Collection Set: 0.0ms
[2023-10-30T19:30:53.364+0000][17.711s][info ][gc,phases     ] GC(36)   Evacuate Collection Set: 18.4ms
[2023-10-30T19:30:53.364+0000][17.711s][info ][gc,phases     ] GC(36)   Post Evacuate Collection Set: 2.5ms
[2023-10-30T19:30:53.364+0000][17.712s][info ][gc,phases     ] GC(36)   Other: 1.0ms
[2023-10-30T19:30:53.365+0000][17.712s][info ][gc,heap       ] GC(36) Eden regions: 206->0(206)
[2023-10-30T19:30:53.365+0000][17.712s][info ][gc,heap       ] GC(36) Survivor regions: 17->17(28)
[2023-10-30T19:30:53.366+0000][17.713s][info ][gc,heap       ] GC(36) Old regions: 50->55
[2023-10-30T19:30:53.366+0000][17.713s][info ][gc,heap       ] GC(36) Humongous regions: 0->0
[2023-10-30T19:30:53.366+0000][17.713s][info ][gc,metaspace  ] GC(36) Metaspace: 90605K(93136K)->90605K(93136K) NonClass: 79310K(80848K)->79310K(80848K) Class: 11294K(12288K)->11294K(12288K)
[2023-10-30T19:30:53.367+0000][17.714s][info ][gc            ] GC(36) Pause Young (Normal) (G1 Evacuation Pause) 270M->70M(372M) 25.272ms
[2023-10-30T19:30:53.367+0000][17.714s][info ][gc,cpu        ] GC(36) User=0.18s Sys=0.00s Real=0.03s
[2023-10-30T19:30:53.368+0000][17.715s][info ][safepoint     ] Leaving safepoint region
[2023-10-30T19:30:53.368+0000][17.715s][info ][safepoint     ] Total time for which application threads were stopped: 0.0271878 seconds, Stopping threads took: 0.0004561 seconds
[2023-10-30T19:30:53.368+0000][17.715s][info ][gc,stringdedup] Concurrent String Deduplication (17.715s)
[2023-10-30T19:30:53.372+0000][17.719s][info ][gc,stringdedup] Concurrent String Deduplication 475.6K->141.0K(334.6K) avg 49.3% (17.715s, 17.719s) 3.601ms
[2023-10-30T19:30:53.427+0000][17.774s][debug][safepoint     ] Safepoint synchronization initiated. (23 threads)
[2023-10-30T19:30:53.427+0000][17.774s][info ][safepoint     ] Application time: 0.0590395 seconds
[2023-10-30T19:30:53.428+0000][17.775s][info ][safepoint     ] Entering safepoint region: Deoptimize
[2023-10-30T19:30:53.430+0000][17.777s][info ][safepoint     ] Leaving safepoint region
[2023-10-30T19:30:53.430+0000][17.777s][info ][safepoint     ] Total time for which application threads were stopped: 0.0022233 seconds, Stopping threads took: 0.0003369 seconds
[2023-10-30T19:30:53.754+0000][18.101s][debug][safepoint     ] Safepoint synchronization initiated. (23 threads)
[2023-10-30T19:30:53.754+0000][18.101s][info ][safepoint     ] Application time: 0.3238729 seconds
[2023-10-30T19:30:53.755+0000][18.102s][info ][safepoint     ] Entering safepoint region: Deoptimize
[2023-10-30T19:30:53.756+0000][18.103s][info ][safepoint     ] Leaving safepoint region
[2023-10-30T19:30:53.757+0000][18.104s][info ][safepoint     ] Total time for which application threads were stopped: 0.0020626 seconds, Stopping threads took: 0.0003756 seconds
[2023-10-30T19:30:53.815+0000][18.162s][debug][safepoint     ] Safepoint synchronization initiated. (23 threads)
[2023-10-30T19:30:53.816+0000][18.163s][info ][safepoint     ] Application time: 0.0588158 seconds
[2023-10-30T19:30:53.816+0000][18.163s][info ][safepoint     ] Entering safepoint region: Deoptimize
[2023-10-30T19:30:53.818+0000][18.165s][info ][safepoint     ] Leaving safepoint region
[2023-10-30T19:30:53.818+0000][18.165s][info ][safepoint     ] Total time for which application threads were stopped: 0.0019457 seconds, Stopping threads took: 0.0003978 seconds
[2023-10-30T19:30:53.883+0000][18.230s][debug][safepoint     ] Safepoint synchronization initiated. (23 threads)
[2023-10-30T19:30:53.884+0000][18.231s][info ][safepoint     ] Application time: 0.0651699 seconds
[2023-10-30T19:30:53.884+0000][18.231s][info ][safepoint     ] Entering safepoint region: Deoptimize
[2023-10-30T19:30:53.886+0000][18.233s][info ][safepoint     ] Leaving safepoint region
[2023-10-30T19:30:53.886+0000][18.233s][info ][safepoint     ] Total time for which application threads were stopped: 0.0020379 seconds, Stopping threads took: 0.0003480 seconds
[2023-10-30T19:30:54.177+0000][18.524s][debug][safepoint     ] Safepoint synchronization initiated. (23 threads)
[2023-10-30T19:30:54.177+0000][18.524s][info ][safepoint     ] Application time: 0.2908163 seconds
[2023-10-30T19:30:54.177+0000][18.525s][debug][safepoint     ] Waiting for 1 thread(s) to block
[2023-10-30T19:30:54.178+0000][18.525s][info ][safepoint     ] Entering safepoint region: ICBufferFull
[2023-10-30T19:30:54.179+0000][18.526s][info ][safepoint     ] Leaving safepoint region
[2023-10-30T19:30:54.179+0000][18.527s][info ][safepoint     ] Total time for which application threads were stopped: 0.0018673 seconds, Stopping threads took: 0.0009394 seconds
[2023-10-30T19:30:54.350+0000][18.697s][debug][safepoint     ] Safepoint synchronization initiated. (29 threads)
[2023-10-30T19:30:54.350+0000][18.698s][info ][safepoint     ] Application time: 0.1705631 seconds
[2023-10-30T19:30:54.351+0000][18.698s][info ][safepoint     ] Entering safepoint region: G1CollectForAllocation
[2023-10-30T19:30:54.352+0000][18.699s][info ][gc,start      ] GC(37) Pause Young (Normal) (G1 Evacuation Pause)
[2023-10-30T19:30:54.352+0000][18.699s][info ][gc,task       ] GC(37) Using 8 workers of 8 for evacuation
[2023-10-30T19:30:54.365+0000][18.712s][info ][gc,phases     ] GC(37)   Pre Evacuate Collection Set: 0.0ms
[2023-10-30T19:30:54.365+0000][18.712s][info ][gc,phases     ] GC(37)   Evacuate Collection Set: 9.8ms
[2023-10-30T19:30:54.366+0000][18.713s][info ][gc,phases     ] GC(37)   Post Evacuate Collection Set: 2.2ms
[2023-10-30T19:30:54.366+0000][18.713s][info ][gc,phases     ] GC(37)   Other: 1.1ms
[2023-10-30T19:30:54.366+0000][18.713s][info ][gc,heap       ] GC(37) Eden regions: 206->0(208)
[2023-10-30T19:30:54.367+0000][18.714s][info ][gc,heap       ] GC(37) Survivor regions: 17->15(28)
[2023-10-30T19:30:54.367+0000][18.714s][info ][gc,heap       ] GC(37) Old regions: 55->61
[2023-10-30T19:30:54.367+0000][18.715s][info ][gc,heap       ] GC(37) Humongous regions: 0->0
[2023-10-30T19:30:54.368+0000][18.715s][info ][gc,metaspace  ] GC(37) Metaspace: 95870K(98640K)->95870K(98640K) NonClass: 83983K(85712K)->83983K(85712K) Class: 11886K(12928K)->11886K(12928K)
[2023-10-30T19:30:54.368+0000][18.715s][info ][gc            ] GC(37) Pause Young (Normal) (G1 Evacuation Pause) 276M->74M(372M) 16.608ms
[2023-10-30T19:30:54.368+0000][18.716s][info ][gc,cpu        ] GC(37) User=0.10s Sys=0.00s Real=0.02s
[2023-10-30T19:30:54.369+0000][18.716s][info ][safepoint     ] Leaving safepoint region
[2023-10-30T19:30:54.369+0000][18.716s][info ][safepoint     ] Total time for which application threads were stopped: 0.0183476 seconds, Stopping threads took: 0.0004363 seconds
[2023-10-30T19:30:54.370+0000][18.717s][info ][gc,stringdedup] Concurrent String Deduplication (18.717s)
[2023-10-30T19:30:54.373+0000][18.720s][info ][gc,stringdedup] Concurrent String Deduplication 317.5K->81520.0B(237.9K) avg 50.0% (18.717s, 18.720s) 3.172ms
[2023-10-30T19:30:54.632+0000][18.979s][debug][safepoint     ] Safepoint synchronization initiated. (33 threads)
[2023-10-30T19:30:54.633+0000][18.980s][info ][safepoint     ] Application time: 0.2631604 seconds
[2023-10-30T19:30:54.633+0000][18.980s][info ][safepoint     ] Entering safepoint region: Deoptimize
[2023-10-30T19:30:54.635+0000][18.983s][info ][safepoint     ] Leaving safepoint region
[2023-10-30T19:30:54.636+0000][18.983s][info ][safepoint     ] Total time for which application threads were stopped: 0.0027013 seconds, Stopping threads took: 0.0003481 seconds
[2023-10-30T19:30:54.712+0000][19.059s][debug][safepoint     ] Safepoint synchronization initiated. (33 threads)
[2023-10-30T19:30:54.712+0000][19.059s][info ][safepoint     ] Application time: 0.0760052 seconds
[2023-10-30T19:30:54.713+0000][19.060s][info ][safepoint     ] Entering safepoint region: Deoptimize
[2023-10-30T19:30:54.715+0000][19.062s][info ][safepoint     ] Leaving safepoint region
[2023-10-30T19:30:54.715+0000][19.062s][info ][safepoint     ] Total time for which application threads were stopped: 0.0025896 seconds, Stopping threads took: 0.0004297 seconds
[2023-10-30T19:30:55.163+0000][19.511s][debug][safepoint     ] Safepoint synchronization initiated. (33 threads)
[2023-10-30T19:30:55.164+0000][19.511s][info ][safepoint     ] Application time: 0.4482542 seconds
[2023-10-30T19:30:55.164+0000][19.512s][info ][safepoint     ] Entering safepoint region: Deoptimize
[2023-10-30T19:30:55.166+0000][19.513s][info ][safepoint     ] Leaving safepoint region
[2023-10-30T19:30:55.167+0000][19.514s][info ][safepoint     ] Total time for which application threads were stopped: 0.0023823 seconds, Stopping threads took: 0.0004865 seconds
[2023-10-30T19:30:55.232+0000][19.579s][debug][safepoint     ] Safepoint synchronization initiated. (33 threads)
[2023-10-30T19:30:55.232+0000][19.579s][info ][safepoint     ] Application time: 0.0650368 seconds
[2023-10-30T19:30:55.233+0000][19.580s][info ][safepoint     ] Entering safepoint region: G1CollectForAllocation
[2023-10-30T19:30:55.233+0000][19.580s][info ][gc,start      ] GC(38) Pause Young (Normal) (G1 Evacuation Pause)
[2023-10-30T19:30:55.234+0000][19.581s][info ][gc,task       ] GC(38) Using 8 workers of 8 for evacuation
[2023-10-30T19:30:55.246+0000][19.593s][info ][gc,phases     ] GC(38)   Pre Evacuate Collection Set: 0.0ms
[2023-10-30T19:30:55.246+0000][19.593s][info ][gc,phases     ] GC(38)   Evacuate Collection Set: 9.4ms
[2023-10-30T19:30:55.247+0000][19.594s][info ][gc,phases     ] GC(38)   Post Evacuate Collection Set: 2.0ms
[2023-10-30T19:30:55.247+0000][19.594s][info ][gc,phases     ] GC(38)   Other: 0.9ms
[2023-10-30T19:30:55.247+0000][19.595s][info ][gc,heap       ] GC(38) Eden regions: 208->0(203)
[2023-10-30T19:30:55.248+0000][19.595s][info ][gc,heap       ] GC(38) Survivor regions: 15->20(28)
[2023-10-30T19:30:55.248+0000][19.595s][info ][gc,heap       ] GC(38) Old regions: 61->61
[2023-10-30T19:30:55.249+0000][19.596s][info ][gc,heap       ] GC(38) Humongous regions: 0->0
[2023-10-30T19:30:55.249+0000][19.596s][info ][gc,metaspace  ] GC(38) Metaspace: 99575K(102608K)->99575K(102608K) NonClass: 87282K(89296K)->87282K(89296K) Class: 12293K(13312K)->12293K(13312K)
[2023-10-30T19:30:55.250+0000][19.597s][info ][gc            ] GC(38) Pause Young (Normal) (G1 Evacuation Pause) 282M->79M(372M) 16.356ms
[2023-10-30T19:30:55.250+0000][19.597s][info ][gc,cpu        ] GC(38) User=0.09s Sys=0.00s Real=0.02s
[2023-10-30T19:30:55.250+0000][19.597s][info ][safepoint     ] Leaving safepoint region
[2023-10-30T19:30:55.251+0000][19.598s][info ][safepoint     ] Total time for which application threads were stopped: 0.0181054 seconds, Stopping threads took: 0.0004126 seconds
[2023-10-30T19:30:55.251+0000][19.598s][info ][gc,stringdedup] Concurrent String Deduplication (19.598s)
[2023-10-30T19:30:55.255+0000][19.602s][info ][gc,stringdedup] Concurrent String Deduplication 564.2K->309.2K(255.0K) avg 49.8% (19.598s, 19.602s) 4.155ms
[2023-10-30T19:30:55.356+0000][19.703s][debug][safepoint     ] Safepoint synchronization initiated. (36 threads)
[2023-10-30T19:30:55.356+0000][19.704s][info ][safepoint     ] Application time: 0.1054091 seconds
[2023-10-30T19:30:55.357+0000][19.704s][info ][safepoint     ] Entering safepoint region: Deoptimize
[2023-10-30T19:30:55.359+0000][19.706s][info ][safepoint     ] Leaving safepoint region
[2023-10-30T19:30:55.360+0000][19.707s][info ][safepoint     ] Total time for which application threads were stopped: 0.0025499 seconds, Stopping threads took: 0.0005549 seconds
[2023-10-30T19:30:55.706+0000][20.053s][debug][safepoint     ] Safepoint synchronization initiated. (37 threads)
[2023-10-30T19:30:55.706+0000][20.053s][info ][safepoint     ] Application time: 0.3464123 seconds
[2023-10-30T19:30:55.707+0000][20.054s][info ][safepoint     ] Entering safepoint region: ICBufferFull
[2023-10-30T19:30:55.708+0000][20.055s][info ][safepoint     ] Leaving safepoint region
[2023-10-30T19:30:55.708+0000][20.055s][info ][safepoint     ] Total time for which application threads were stopped: 0.0015513 seconds, Stopping threads took: 0.0004706 seconds
[2023-10-30T19:30:55.837+0000][20.184s][debug][safepoint     ] Safepoint synchronization initiated. (37 threads)
[2023-10-30T19:30:55.838+0000][20.185s][info ][safepoint     ] Application time: 0.1289017 seconds
[2023-10-30T19:30:55.838+0000][20.185s][info ][safepoint     ] Entering safepoint region: G1CollectForAllocation
[2023-10-30T19:30:55.839+0000][20.186s][info ][gc,start      ] GC(39) Pause Young (Normal) (G1 Evacuation Pause)
[2023-10-30T19:30:55.839+0000][20.186s][info ][gc,task       ] GC(39) Using 8 workers of 8 for evacuation
[2023-10-30T19:30:55.854+0000][20.202s][info ][gc,phases     ] GC(39)   Pre Evacuate Collection Set: 0.0ms
[2023-10-30T19:30:55.855+0000][20.202s][info ][gc,phases     ] GC(39)   Evacuate Collection Set: 12.7ms
[2023-10-30T19:30:55.855+0000][20.202s][info ][gc,phases     ] GC(39)   Post Evacuate Collection Set: 2.2ms
[2023-10-30T19:30:55.856+0000][20.203s][info ][gc,phases     ] GC(39)   Other: 0.8ms
[2023-10-30T19:30:55.856+0000][20.203s][info ][gc,heap       ] GC(39) Eden regions: 203->0(208)
[2023-10-30T19:30:55.856+0000][20.203s][info ][gc,heap       ] GC(39) Survivor regions: 20->15(28)
[2023-10-30T19:30:55.857+0000][20.204s][info ][gc,heap       ] GC(39) Old regions: 61->70
[2023-10-30T19:30:55.857+0000][20.204s][info ][gc,heap       ] GC(39) Humongous regions: 1->0
[2023-10-30T19:30:55.857+0000][20.205s][info ][gc,metaspace  ] GC(39) Metaspace: 103402K(106576K)->103402K(106576K) NonClass: 90847K(92880K)->90847K(92880K) Class: 12554K(13696K)->12554K(13696K)
[2023-10-30T19:30:55.858+0000][20.205s][info ][gc            ] GC(39) Pause Young (Normal) (G1 Evacuation Pause) 283M->82M(372M) 19.224ms
[2023-10-30T19:30:55.858+0000][20.205s][info ][gc,cpu        ] GC(39) User=0.11s Sys=0.00s Real=0.02s
[2023-10-30T19:30:55.859+0000][20.206s][info ][safepoint     ] Leaving safepoint region
[2023-10-30T19:30:55.859+0000][20.206s][info ][safepoint     ] Total time for which application threads were stopped: 0.0209649 seconds, Stopping threads took: 0.0003952 seconds
[2023-10-30T19:30:55.859+0000][20.207s][info ][gc,stringdedup] Concurrent String Deduplication (20.207s)
[2023-10-30T19:30:55.864+0000][20.212s][info ][gc,stringdedup] Concurrent String Deduplication 448.8K->261.4K(187.4K) avg 49.5% (20.207s, 20.212s) 4.953ms
[2023-10-30T19:30:55.891+0000][20.238s][debug][safepoint     ] Safepoint synchronization initiated. (37 threads)
[2023-10-30T19:30:55.891+0000][20.239s][info ][safepoint     ] Application time: 0.0319827 seconds
[2023-10-30T19:30:55.892+0000][20.239s][info ][safepoint     ] Entering safepoint region: ICBufferFull
[2023-10-30T19:30:55.893+0000][20.240s][info ][safepoint     ] Leaving safepoint region
[2023-10-30T19:30:55.893+0000][20.240s][info ][safepoint     ] Total time for which application threads were stopped: 0.0010697 seconds, Stopping threads took: 0.0004337 seconds
[2023-10-30T19:30:55.911+0000][20.258s][debug][safepoint     ] Safepoint synchronization initiated. (37 threads)
[2023-10-30T19:30:55.912+0000][20.259s][info ][safepoint     ] Application time: 0.0181710 seconds
[2023-10-30T19:30:55.912+0000][20.259s][info ][safepoint     ] Entering safepoint region: ICBufferFull
[2023-10-30T19:30:55.913+0000][20.260s][info ][safepoint     ] Leaving safepoint region
[2023-10-30T19:30:55.913+0000][20.260s][info ][safepoint     ] Total time for which application threads were stopped: 0.0011231 seconds, Stopping threads took: 0.0004428 seconds
[2023-10-30T19:30:56.457+0000][20.805s][debug][safepoint     ] Safepoint synchronization initiated. (37 threads)
[2023-10-30T19:30:56.458+0000][20.805s][info ][safepoint     ] Application time: 0.5444814 seconds
[2023-10-30T19:30:56.458+0000][20.805s][info ][safepoint     ] Entering safepoint region: ICBufferFull
[2023-10-30T19:30:56.459+0000][20.806s][info ][safepoint     ] Leaving safepoint region
[2023-10-30T19:30:56.460+0000][20.807s][info ][safepoint     ] Total time for which application threads were stopped: 0.0012975 seconds, Stopping threads took: 0.0003523 seconds
[2023-10-30T19:30:56.493+0000][20.840s][debug][safepoint     ] Safepoint synchronization initiated. (37 threads)
[2023-10-30T19:30:56.493+0000][20.840s][info ][safepoint     ] Application time: 0.0332371 seconds
[2023-10-30T19:30:56.494+0000][20.841s][debug][safepoint     ] Waiting for 1 thread(s) to block
[2023-10-30T19:30:56.494+0000][20.842s][info ][safepoint     ] Entering safepoint region: Deoptimize
[2023-10-30T19:30:56.496+0000][20.843s][info ][safepoint     ] Leaving safepoint region
[2023-10-30T19:30:56.497+0000][20.844s][info ][safepoint     ] Total time for which application threads were stopped: 0.0029439 seconds, Stopping threads took: 0.0011756 seconds
[2023-10-30T19:30:56.539+0000][20.887s][debug][safepoint     ] Safepoint synchronization initiated. (37 threads)
[2023-10-30T19:30:56.540+0000][20.887s][info ][safepoint     ] Application time: 0.0429292 seconds
[2023-10-30T19:30:56.541+0000][20.888s][info ][safepoint     ] Entering safepoint region: Deoptimize
[2023-10-30T19:30:56.542+0000][20.889s][info ][safepoint     ] Leaving safepoint region
[2023-10-30T19:30:56.543+0000][20.890s][info ][safepoint     ] Total time for which application threads were stopped: 0.0022710 seconds, Stopping threads took: 0.0004674 seconds
[2023-10-30T19:30:56.697+0000][21.045s][debug][safepoint     ] Safepoint synchronization initiated. (40 threads)
[2023-10-30T19:30:56.698+0000][21.045s][info ][safepoint     ] Application time: 0.1547664 seconds
[2023-10-30T19:30:56.698+0000][21.046s][info ][safepoint     ] Entering safepoint region: G1CollectForAllocation
[2023-10-30T19:30:56.699+0000][21.046s][info ][gc,start      ] GC(40) Pause Young (Normal) (G1 Evacuation Pause)
[2023-10-30T19:30:56.700+0000][21.047s][info ][gc,task       ] GC(40) Using 8 workers of 8 for evacuation
[2023-10-30T19:30:56.713+0000][21.060s][info ][gc,phases     ] GC(40)   Pre Evacuate Collection Set: 0.0ms
[2023-10-30T19:30:56.714+0000][21.061s][info ][gc,phases     ] GC(40)   Evacuate Collection Set: 10.4ms
[2023-10-30T19:30:56.714+0000][21.061s][info ][gc,phases     ] GC(40)   Post Evacuate Collection Set: 2.7ms
[2023-10-30T19:30:56.715+0000][21.062s][info ][gc,phases     ] GC(40)   Other: 1.1ms
[2023-10-30T19:30:56.715+0000][21.062s][info ][gc,heap       ] GC(40) Eden regions: 208->0(204)
[2023-10-30T19:30:56.716+0000][21.063s][info ][gc,heap       ] GC(40) Survivor regions: 15->19(28)
[2023-10-30T19:30:56.716+0000][21.063s][info ][gc,heap       ] GC(40) Old regions: 70->70
[2023-10-30T19:30:56.716+0000][21.064s][info ][gc,heap       ] GC(40) Humongous regions: 0->0
[2023-10-30T19:30:56.717+0000][21.064s][info ][gc,metaspace  ] GC(40) Metaspace: 105366K(108496K)->105366K(108496K) NonClass: 92596K(94672K)->92596K(94672K) Class: 12770K(13824K)->12770K(13824K)
[2023-10-30T19:30:56.717+0000][21.065s][info ][gc            ] GC(40) Pause Young (Normal) (G1 Evacuation Pause) 290M->86M(372M) 18.341ms
[2023-10-30T19:30:56.718+0000][21.065s][info ][gc,cpu        ] GC(40) User=0.10s Sys=0.00s Real=0.02s
[2023-10-30T19:30:56.718+0000][21.065s][info ][safepoint     ] Leaving safepoint region
[2023-10-30T19:30:56.719+0000][21.066s][info ][safepoint     ] Total time for which application threads were stopped: 0.0201268 seconds, Stopping threads took: 0.0004242 seconds
[2023-10-30T19:30:56.719+0000][21.066s][info ][gc,stringdedup] Concurrent String Deduplication (21.066s)
[2023-10-30T19:30:56.727+0000][21.074s][info ][gc,stringdedup] Concurrent String Deduplication 657.1K->385.4K(271.8K) avg 49.1% (21.066s, 21.074s) 7.893ms
[2023-10-30T19:30:57.065+0000][21.412s][debug][safepoint     ] Safepoint synchronization initiated. (40 threads)
[2023-10-30T19:30:57.065+0000][21.412s][info ][safepoint     ] Application time: 0.3464608 seconds
[2023-10-30T19:30:57.066+0000][21.413s][info ][safepoint     ] Entering safepoint region: Deoptimize
[2023-10-30T19:30:57.067+0000][21.415s][info ][safepoint     ] Leaving safepoint region
[2023-10-30T19:30:57.068+0000][21.415s][info ][safepoint     ] Total time for which application threads were stopped: 0.0021825 seconds, Stopping threads took: 0.0003501 seconds
[2023-10-30T19:30:57.305+0000][21.652s][debug][safepoint     ] Safepoint synchronization initiated. (41 threads)
[2023-10-30T19:30:57.305+0000][21.652s][info ][safepoint     ] Application time: 0.2371170 seconds
[2023-10-30T19:30:57.306+0000][21.653s][info ][safepoint     ] Entering safepoint region: ICBufferFull
[2023-10-30T19:30:57.306+0000][21.654s][info ][safepoint     ] Leaving safepoint region
[2023-10-30T19:30:57.307+0000][21.654s][info ][safepoint     ] Total time for which application threads were stopped: 0.0010873 seconds, Stopping threads took: 0.0003863 seconds
[2023-10-30T19:30:57.508+0000][21.855s][debug][safepoint     ] Safepoint synchronization initiated. (41 threads)
[2023-10-30T19:30:57.508+0000][21.855s][info ][safepoint     ] Application time: 0.2009822 seconds
[2023-10-30T19:30:57.509+0000][21.856s][info ][safepoint     ] Entering safepoint region: CollectForMetadataAllocation
[2023-10-30T19:30:57.509+0000][21.856s][info ][gc,start      ] GC(41) Pause Young (Concurrent Start) (Metadata GC Threshold)
[2023-10-30T19:30:57.510+0000][21.857s][info ][gc,task       ] GC(41) Using 8 workers of 8 for evacuation
[2023-10-30T19:30:57.528+0000][21.875s][info ][gc,phases     ] GC(41)   Pre Evacuate Collection Set: 0.3ms
[2023-10-30T19:30:57.529+0000][21.876s][info ][gc,phases     ] GC(41)   Evacuate Collection Set: 13.1ms
[2023-10-30T19:30:57.530+0000][21.877s][info ][gc,phases     ] GC(41)   Post Evacuate Collection Set: 4.6ms
[2023-10-30T19:30:57.530+0000][21.877s][info ][gc,phases     ] GC(41)   Other: 0.9ms
[2023-10-30T19:30:57.531+0000][21.878s][info ][gc,heap       ] GC(41) Eden regions: 120->0(201)
[2023-10-30T19:30:57.531+0000][21.878s][info ][gc,heap       ] GC(41) Survivor regions: 19->18(28)
[2023-10-30T19:30:57.531+0000][21.879s][info ][gc,heap       ] GC(41) Old regions: 70->74
[2023-10-30T19:30:57.532+0000][21.879s][info ][gc,heap       ] GC(41) Humongous regions: 0->0
[2023-10-30T19:30:57.532+0000][21.879s][info ][gc,metaspace  ] GC(41) Metaspace: 109251K(112136K)->109251K(112136K) NonClass: 96111K(97928K)->96111K(97928K) Class: 13140K(14208K)->13140K(14208K)
[2023-10-30T19:30:57.532+0000][21.880s][info ][gc            ] GC(41) Pause Young (Concurrent Start) (Metadata GC Threshold) 206M->89M(372M) 23.151ms
[2023-10-30T19:30:57.533+0000][21.880s][info ][gc,cpu        ] GC(41) User=0.13s Sys=0.00s Real=0.02s
[2023-10-30T19:30:57.533+0000][21.880s][info ][gc            ] GC(42) Concurrent Cycle
[2023-10-30T19:30:57.533+0000][21.881s][info ][gc,marking    ] GC(42) Concurrent Clear Claimed Marks
[2023-10-30T19:30:57.533+0000][21.880s][info ][safepoint     ] Leaving safepoint region
[2023-10-30T19:30:57.534+0000][21.881s][info ][safepoint     ] Total time for which application threads were stopped: 0.0254592 seconds, Stopping threads took: 0.0004199 seconds
[2023-10-30T19:30:57.534+0000][21.881s][info ][gc,marking    ] GC(42) Concurrent Clear Claimed Marks 0.707ms
[2023-10-30T19:30:57.535+0000][21.882s][info ][gc,marking    ] GC(42) Concurrent Scan Root Regions
[2023-10-30T19:30:57.534+0000][21.882s][info ][gc,stringdedup] Concurrent String Deduplication (21.882s)
[2023-10-30T19:30:57.539+0000][21.886s][info ][gc,stringdedup] Concurrent String Deduplication 277.4K->110.4K(167.1K) avg 49.3% (21.882s, 21.886s) 4.567ms
[2023-10-30T19:30:57.545+0000][21.892s][info ][gc,marking    ] GC(42) Concurrent Scan Root Regions 10.331ms
[2023-10-30T19:30:57.546+0000][21.893s][info ][gc,marking    ] GC(42) Concurrent Mark (21.893s)
[2023-10-30T19:30:57.546+0000][21.893s][info ][gc,marking    ] GC(42) Concurrent Mark From Roots
[2023-10-30T19:30:57.546+0000][21.894s][info ][gc,task       ] GC(42) Using 2 workers of 2 for marking
[2023-10-30T19:30:57.582+0000][21.929s][debug][safepoint     ] Safepoint synchronization initiated. (41 threads)
[2023-10-30T19:30:57.582+0000][21.930s][info ][safepoint     ] Application time: 0.0479438 seconds
[2023-10-30T19:30:57.583+0000][21.930s][info ][safepoint     ] Entering safepoint region: CollectForMetadataAllocation
[2023-10-30T19:30:57.583+0000][21.930s][info ][safepoint     ] Leaving safepoint region
[2023-10-30T19:30:57.584+0000][21.931s][info ][safepoint     ] Total time for which application threads were stopped: 0.0008875 seconds, Stopping threads took: 0.0003907 seconds
[2023-10-30T19:30:57.592+0000][21.939s][debug][safepoint     ] Safepoint synchronization initiated. (41 threads)
[2023-10-30T19:30:57.592+0000][21.939s][info ][safepoint     ] Application time: 0.0082646 seconds
[2023-10-30T19:30:57.593+0000][21.940s][info ][safepoint     ] Entering safepoint region: CollectForMetadataAllocation
[2023-10-30T19:30:57.593+0000][21.940s][info ][safepoint     ] Leaving safepoint region
[2023-10-30T19:30:57.593+0000][21.940s][info ][safepoint     ] Total time for which application threads were stopped: 0.0007830 seconds, Stopping threads took: 0.0003397 seconds
[2023-10-30T19:30:57.631+0000][21.978s][info ][gc,marking    ] GC(42) Concurrent Mark From Roots 84.461ms
[2023-10-30T19:30:57.631+0000][21.978s][info ][gc,marking    ] GC(42) Concurrent Preclean
[2023-10-30T19:30:57.632+0000][21.979s][info ][gc,marking    ] GC(42) Concurrent Preclean 0.471ms
[2023-10-30T19:30:57.632+0000][21.979s][info ][gc,marking    ] GC(42) Concurrent Mark (21.893s, 21.979s) 86.137ms
[2023-10-30T19:30:57.632+0000][21.979s][debug][safepoint     ] Safepoint synchronization initiated. (41 threads)
[2023-10-30T19:30:57.633+0000][21.980s][info ][safepoint     ] Application time: 0.0390606 seconds
[2023-10-30T19:30:57.633+0000][21.980s][debug][safepoint     ] ... found polling page return exception at pc = 0x00007f3160beaab8, stub =0x00007f3158840600
[2023-10-30T19:30:57.633+0000][21.981s][debug][safepoint     ] Waiting for 1 thread(s) to block
[2023-10-30T19:30:57.634+0000][21.981s][info ][safepoint     ] Entering safepoint region: CGC_Operation
[2023-10-30T19:30:57.634+0000][21.982s][info ][gc,start      ] GC(42) Pause Remark
[2023-10-30T19:30:57.649+0000][21.996s][info ][gc,stringtable] GC(42) Cleaned string and symbol table, strings: 54334 processed, 83 removed, symbols: 307037 processed, 371 removed
[2023-10-30T19:30:57.650+0000][21.997s][info ][gc            ] GC(42) Pause Remark 102M->102M(372M) 15.235ms
[2023-10-30T19:30:57.650+0000][21.997s][info ][gc,cpu        ] GC(42) User=0.10s Sys=0.00s Real=0.01s
[2023-10-30T19:30:57.650+0000][21.997s][info ][safepoint     ] Leaving safepoint region
[2023-10-30T19:30:57.651+0000][21.998s][info ][safepoint     ] Total time for which application threads were stopped: 0.0176365 seconds, Stopping threads took: 0.0011340 seconds
[2023-10-30T19:30:57.651+0000][21.998s][info ][gc,marking    ] GC(42) Concurrent Rebuild Remembered Sets
[2023-10-30T19:30:57.706+0000][22.054s][info ][gc,marking    ] GC(42) Concurrent Rebuild Remembered Sets 55.312ms
[2023-10-30T19:30:57.707+0000][22.054s][debug][safepoint     ] Safepoint synchronization initiated. (41 threads)
[2023-10-30T19:30:57.707+0000][22.055s][info ][safepoint     ] Application time: 0.0563279 seconds
[2023-10-30T19:30:57.708+0000][22.055s][debug][safepoint     ] ... found polling page return exception at pc = 0x00007f316066cf9d, stub =0x00007f3158840600
[2023-10-30T19:30:57.708+0000][22.055s][debug][safepoint     ] Waiting for 1 thread(s) to block
[2023-10-30T19:30:57.709+0000][22.056s][info ][safepoint     ] Entering safepoint region: CGC_Operation
[2023-10-30T19:30:57.709+0000][22.056s][info ][gc,start      ] GC(42) Pause Cleanup
[2023-10-30T19:30:57.710+0000][22.057s][info ][gc            ] GC(42) Pause Cleanup 108M->108M(372M) 0.559ms
[2023-10-30T19:30:57.710+0000][22.057s][info ][gc,cpu        ] GC(42) User=0.00s Sys=0.00s Real=0.00s
[2023-10-30T19:30:57.710+0000][22.057s][info ][safepoint     ] Leaving safepoint region
[2023-10-30T19:30:57.711+0000][22.058s][info ][safepoint     ] Total time for which application threads were stopped: 0.0029502 seconds, Stopping threads took: 0.0012945 seconds
[2023-10-30T19:30:57.711+0000][22.058s][info ][gc,marking    ] GC(42) Concurrent Cleanup for Next Mark
[2023-10-30T19:30:57.712+0000][22.059s][info ][gc,marking    ] GC(42) Concurrent Cleanup for Next Mark 1.148ms
[2023-10-30T19:30:57.713+0000][22.060s][info ][gc            ] GC(42) Concurrent Cycle 179.574ms
[2023-10-30T19:30:58.266+0000][22.613s][debug][safepoint     ] Safepoint synchronization initiated. (42 threads)
[2023-10-30T19:30:58.267+0000][22.614s][info ][safepoint     ] Application time: 0.5556051 seconds
[2023-10-30T19:30:58.267+0000][22.614s][info ][safepoint     ] Entering safepoint region: Deoptimize
[2023-10-30T19:30:58.269+0000][22.616s][info ][safepoint     ] Leaving safepoint region
[2023-10-30T19:30:58.269+0000][22.617s][info ][safepoint     ] Total time for which application threads were stopped: 0.0024866 seconds, Stopping threads took: 0.0004367 seconds
[2023-10-30T19:30:58.316+0000][22.663s][debug][safepoint     ] Safepoint synchronization initiated. (42 threads)
[2023-10-30T19:30:58.316+0000][22.663s][info ][safepoint     ] Application time: 0.0465628 seconds
[2023-10-30T19:30:58.317+0000][22.664s][info ][safepoint     ] Entering safepoint region: Deoptimize
[2023-10-30T19:30:58.318+0000][22.666s][info ][safepoint     ] Leaving safepoint region
[2023-10-30T19:30:58.319+0000][22.666s][info ][safepoint     ] Total time for which application threads were stopped: 0.0022104 seconds, Stopping threads took: 0.0003326 seconds
[2023-10-30T19:30:58.342+0000][22.689s][debug][safepoint     ] Safepoint synchronization initiated. (42 threads)
[2023-10-30T19:30:58.342+0000][22.690s][info ][safepoint     ] Application time: 0.0231458 seconds
[2023-10-30T19:30:58.343+0000][22.690s][info ][safepoint     ] Entering safepoint region: Deoptimize
[2023-10-30T19:30:58.345+0000][22.692s][info ][safepoint     ] Leaving safepoint region
[2023-10-30T19:30:58.345+0000][22.692s][info ][safepoint     ] Total time for which application threads were stopped: 0.0022073 seconds, Stopping threads took: 0.0004570 seconds
[2023-10-30T19:30:58.376+0000][22.723s][debug][safepoint     ] Safepoint synchronization initiated. (42 threads)
[2023-10-30T19:30:58.377+0000][22.724s][info ][safepoint     ] Application time: 0.0312259 seconds
[2023-10-30T19:30:58.377+0000][22.724s][info ][safepoint     ] Entering safepoint region: Deoptimize
[2023-10-30T19:30:58.379+0000][22.726s][info ][safepoint     ] Leaving safepoint region
[2023-10-30T19:30:58.380+0000][22.727s][info ][safepoint     ] Total time for which application threads were stopped: 0.0029145 seconds, Stopping threads took: 0.0004013 seconds
[2023-10-30T19:30:58.487+0000][22.834s][debug][safepoint     ] Safepoint synchronization initiated. (42 threads)
[2023-10-30T19:30:58.488+0000][22.835s][info ][safepoint     ] Application time: 0.1073078 seconds
[2023-10-30T19:30:58.488+0000][22.835s][info ][safepoint     ] Entering safepoint region: Deoptimize
[2023-10-30T19:30:58.490+0000][22.837s][info ][safepoint     ] Leaving safepoint region
[2023-10-30T19:30:58.490+0000][22.837s][info ][safepoint     ] Total time for which application threads were stopped: 0.0021521 seconds, Stopping threads took: 0.0002828 seconds
[2023-10-30T19:30:58.491+0000][22.839s][debug][safepoint     ] Safepoint synchronization initiated. (42 threads)
[2023-10-30T19:30:58.492+0000][22.839s][info ][safepoint     ] Application time: 0.0013914 seconds
[2023-10-30T19:30:58.492+0000][22.839s][info ][safepoint     ] Entering safepoint region: Deoptimize
[2023-10-30T19:30:58.494+0000][22.841s][info ][safepoint     ] Leaving safepoint region
[2023-10-30T19:30:58.494+0000][22.841s][info ][safepoint     ] Total time for which application threads were stopped: 0.0020198 seconds, Stopping threads took: 0.0002803 seconds
[2023-10-30T19:30:58.643+0000][22.990s][debug][safepoint     ] Safepoint synchronization initiated. (42 threads)
[2023-10-30T19:30:58.643+0000][22.990s][info ][safepoint     ] Application time: 0.1487590 seconds
[2023-10-30T19:30:58.643+0000][22.991s][info ][safepoint     ] Entering safepoint region: G1CollectForAllocation
[2023-10-30T19:30:58.644+0000][22.991s][info ][gc,start      ] GC(43) Pause Young (Concurrent Start) (G1 Evacuation Pause)
[2023-10-30T19:30:58.645+0000][22.992s][info ][gc,task       ] GC(43) Using 8 workers of 8 for evacuation
[2023-10-30T19:30:58.680+0000][23.027s][info ][gc,phases     ] GC(43)   Pre Evacuate Collection Set: 0.4ms
[2023-10-30T19:30:58.680+0000][23.027s][info ][gc,phases     ] GC(43)   Evacuate Collection Set: 31.3ms
[2023-10-30T19:30:58.681+0000][23.028s][info ][gc,phases     ] GC(43)   Post Evacuate Collection Set: 3.0ms
[2023-10-30T19:30:58.681+0000][23.028s][info ][gc,phases     ] GC(43)   Other: 0.9ms
[2023-10-30T19:30:58.682+0000][23.029s][info ][gc,heap       ] GC(43) Eden regions: 201->0(201)
[2023-10-30T19:30:58.682+0000][23.029s][info ][gc,heap       ] GC(43) Survivor regions: 18->17(28)
[2023-10-30T19:30:58.682+0000][23.029s][info ][gc,heap       ] GC(43) Old regions: 74->80
[2023-10-30T19:30:58.683+0000][23.030s][info ][gc,heap       ] GC(43) Humongous regions: 0->0
[2023-10-30T19:30:58.683+0000][23.030s][info ][gc,metaspace  ] GC(43) Metaspace: 117910K(121300K)->117910K(121300K) NonClass: 103810K(105864K)->103810K(105864K) Class: 14099K(15436K)->14099K(15436K)
[2023-10-30T19:30:58.683+0000][23.031s][info ][gc            ] GC(43) Pause Young (Concurrent Start) (G1 Evacuation Pause) 290M->94M(372M) 39.302ms
[2023-10-30T19:30:58.684+0000][23.031s][info ][gc,cpu        ] GC(43) User=0.26s Sys=0.01s Real=0.04s
[2023-10-30T19:30:58.684+0000][23.031s][info ][gc            ] GC(44) Concurrent Cycle
[2023-10-30T19:30:58.685+0000][23.032s][info ][gc,marking    ] GC(44) Concurrent Clear Claimed Marks
[2023-10-30T19:30:58.684+0000][23.031s][info ][safepoint     ] Leaving safepoint region
[2023-10-30T19:30:58.685+0000][23.033s][info ][safepoint     ] Total time for which application threads were stopped: 0.0419008 seconds, Stopping threads took: 0.0003505 seconds
[2023-10-30T19:30:58.685+0000][23.033s][info ][gc,marking    ] GC(44) Concurrent Clear Claimed Marks 0.803ms
[2023-10-30T19:30:58.687+0000][23.034s][info ][gc,marking    ] GC(44) Concurrent Scan Root Regions
[2023-10-30T19:30:58.686+0000][23.033s][info ][gc,stringdedup] Concurrent String Deduplication (23.033s)
[2023-10-30T19:30:58.692+0000][23.039s][info ][gc,stringdedup] Concurrent String Deduplication 432.6K->144.2K(288.4K) avg 49.9% (23.033s, 23.039s) 6.195ms
[2023-10-30T19:30:58.698+0000][23.045s][info ][gc,marking    ] GC(44) Concurrent Scan Root Regions 10.892ms
[2023-10-30T19:30:58.698+0000][23.045s][info ][gc,marking    ] GC(44) Concurrent Mark (23.045s)
[2023-10-30T19:30:58.699+0000][23.046s][info ][gc,marking    ] GC(44) Concurrent Mark From Roots
[2023-10-30T19:30:58.699+0000][23.046s][info ][gc,task       ] GC(44) Using 2 workers of 2 for marking
[2023-10-30T19:30:58.785+0000][23.132s][info ][gc,marking    ] GC(44) Concurrent Mark From Roots 86.432ms
[2023-10-30T19:30:58.786+0000][23.133s][info ][gc,marking    ] GC(44) Concurrent Preclean
[2023-10-30T19:30:58.787+0000][23.134s][info ][gc,marking    ] GC(44) Concurrent Preclean 0.686ms
[2023-10-30T19:30:58.787+0000][23.134s][info ][gc,marking    ] GC(44) Concurrent Mark (23.045s, 23.134s) 88.601ms
[2023-10-30T19:30:58.787+0000][23.135s][debug][safepoint     ] Safepoint synchronization initiated. (42 threads)
[2023-10-30T19:30:58.788+0000][23.135s][info ][safepoint     ] Application time: 0.1021118 seconds
[2023-10-30T19:30:58.788+0000][23.135s][debug][safepoint     ] ... found polling page return exception at pc = 0x00007f3160770e3b, stub =0x00007f3158840600
[2023-10-30T19:30:58.789+0000][23.136s][debug][safepoint     ] Waiting for 1 thread(s) to block
[2023-10-30T19:30:58.789+0000][23.136s][info ][safepoint     ] Entering safepoint region: CGC_Operation
[2023-10-30T19:30:58.789+0000][23.137s][info ][gc,start      ] GC(44) Pause Remark
[2023-10-30T19:30:58.807+0000][23.155s][info ][gc,stringtable] GC(44) Cleaned string and symbol table, strings: 58148 processed, 8 removed, symbols: 325152 processed, 40 removed
[2023-10-30T19:30:58.808+0000][23.155s][info ][gc            ] GC(44) Pause Remark 111M->111M(372M) 18.683ms
[2023-10-30T19:30:58.809+0000][23.156s][info ][gc,cpu        ] GC(44) User=0.14s Sys=0.00s Real=0.02s
[2023-10-30T19:30:58.809+0000][23.156s][info ][safepoint     ] Leaving safepoint region
[2023-10-30T19:30:58.809+0000][23.156s][info ][safepoint     ] Total time for which application threads were stopped: 0.0211072 seconds, Stopping threads took: 0.0011149 seconds
[2023-10-30T19:30:58.810+0000][23.157s][info ][gc,marking    ] GC(44) Concurrent Rebuild Remembered Sets
[2023-10-30T19:30:58.875+0000][23.222s][info ][gc,marking    ] GC(44) Concurrent Rebuild Remembered Sets 65.491ms
[2023-10-30T19:30:58.876+0000][23.223s][debug][safepoint     ] Safepoint synchronization initiated. (42 threads)
[2023-10-30T19:30:58.876+0000][23.223s][info ][safepoint     ] Application time: 0.0665371 seconds
[2023-10-30T19:30:58.877+0000][23.224s][debug][safepoint     ] ... found polling page loop exception at pc = 0x00007f3160bdde4e, stub =0x00007f3158843680
[2023-10-30T19:30:58.877+0000][23.224s][debug][safepoint     ] Waiting for 1 thread(s) to block
[2023-10-30T19:30:58.877+0000][23.224s][info ][safepoint     ] Entering safepoint region: CGC_Operation
[2023-10-30T19:30:58.878+0000][23.225s][info ][gc,start      ] GC(44) Pause Cleanup
[2023-10-30T19:30:58.878+0000][23.226s][info ][gc            ] GC(44) Pause Cleanup 118M->118M(372M) 0.651ms
[2023-10-30T19:30:58.879+0000][23.226s][info ][gc,cpu        ] GC(44) User=0.01s Sys=0.00s Real=0.00s
[2023-10-30T19:30:58.879+0000][23.226s][info ][safepoint     ] Leaving safepoint region
[2023-10-30T19:30:58.880+0000][23.227s][info ][safepoint     ] Total time for which application threads were stopped: 0.0030760 seconds, Stopping threads took: 0.0011210 seconds
[2023-10-30T19:30:58.880+0000][23.227s][info ][gc,marking    ] GC(44) Concurrent Cleanup for Next Mark
[2023-10-30T19:30:58.882+0000][23.229s][info ][gc,marking    ] GC(44) Concurrent Cleanup for Next Mark 1.825ms
[2023-10-30T19:30:58.882+0000][23.229s][info ][gc            ] GC(44) Concurrent Cycle 197.922ms
[2023-10-30T19:30:59.194+0000][23.541s][debug][safepoint     ] Safepoint synchronization initiated. (42 threads)
[2023-10-30T19:30:59.194+0000][23.541s][info ][safepoint     ] Application time: 0.3143146 seconds
[2023-10-30T19:30:59.195+0000][23.542s][info ][safepoint     ] Entering safepoint region: Deoptimize
[2023-10-30T19:30:59.197+0000][23.544s][info ][safepoint     ] Leaving safepoint region
[2023-10-30T19:30:59.197+0000][23.544s][info ][safepoint     ] Total time for which application threads were stopped: 0.0023451 seconds, Stopping threads took: 0.0003901 seconds
[2023-10-30T19:30:59.382+0000][23.729s][debug][safepoint     ] Safepoint synchronization initiated. (42 threads)
[2023-10-30T19:30:59.383+0000][23.730s][info ][safepoint     ] Application time: 0.1855925 seconds
[2023-10-30T19:30:59.383+0000][23.730s][info ][safepoint     ] Entering safepoint region: Deoptimize
[2023-10-30T19:30:59.385+0000][23.732s][info ][safepoint     ] Leaving safepoint region
[2023-10-30T19:30:59.386+0000][23.733s][info ][safepoint     ] Total time for which application threads were stopped: 0.0024412 seconds, Stopping threads took: 0.0004036 seconds
[2023-10-30T19:30:59.407+0000][23.754s][debug][safepoint     ] Safepoint synchronization initiated. (43 threads)
[2023-10-30T19:30:59.407+0000][23.755s][info ][safepoint     ] Application time: 0.0213443 seconds
[2023-10-30T19:30:59.408+0000][23.755s][info ][safepoint     ] Entering safepoint region: G1CollectForAllocation
[2023-10-30T19:30:59.409+0000][23.756s][info ][gc,start      ] GC(45) Pause Young (Normal) (G1 Evacuation Pause)
[2023-10-30T19:30:59.409+0000][23.756s][info ][gc,task       ] GC(45) Using 8 workers of 8 for evacuation
[2023-10-30T19:30:59.427+0000][23.774s][info ][gc,phases     ] GC(45)   Pre Evacuate Collection Set: 0.0ms
[2023-10-30T19:30:59.427+0000][23.774s][info ][gc,phases     ] GC(45)   Evacuate Collection Set: 14.4ms
[2023-10-30T19:30:59.428+0000][23.775s][info ][gc,phases     ] GC(45)   Post Evacuate Collection Set: 2.5ms
[2023-10-30T19:30:59.428+0000][23.775s][info ][gc,phases     ] GC(45)   Other: 1.0ms
[2023-10-30T19:30:59.429+0000][23.776s][info ][gc,heap       ] GC(45) Eden regions: 201->0(203)
[2023-10-30T19:30:59.429+0000][23.776s][info ][gc,heap       ] GC(45) Survivor regions: 17->17(28)
[2023-10-30T19:30:59.429+0000][23.777s][info ][gc,heap       ] GC(45) Old regions: 80->82
[2023-10-30T19:30:59.430+0000][23.777s][info ][gc,heap       ] GC(45) Humongous regions: 0->0
[2023-10-30T19:30:59.430+0000][23.778s][info ][gc,metaspace  ] GC(45) Metaspace: 122482K(126164K)->122482K(126164K) NonClass: 107852K(110216K)->107852K(110216K) Class: 14629K(15948K)->14629K(15948K)
[2023-10-30T19:30:59.431+0000][23.778s][info ][gc            ] GC(45) Pause Young (Normal) (G1 Evacuation Pause) 295M->97M(372M) 22.194ms
[2023-10-30T19:30:59.431+0000][23.778s][info ][gc,cpu        ] GC(45) User=0.13s Sys=0.00s Real=0.02s
[2023-10-30T19:30:59.432+0000][23.779s][info ][safepoint     ] Leaving safepoint region
[2023-10-30T19:30:59.432+0000][23.779s][info ][safepoint     ] Total time for which application threads were stopped: 0.0243253 seconds, Stopping threads took: 0.0004569 seconds
[2023-10-30T19:30:59.433+0000][23.780s][info ][gc,stringdedup] Concurrent String Deduplication (23.780s)
[2023-10-30T19:30:59.436+0000][23.783s][info ][gc,stringdedup] Concurrent String Deduplication 358.1K->109.1K(249.0K) avg 50.3% (23.780s, 23.783s) 2.795ms
[2023-10-30T19:30:59.970+0000][24.318s][debug][safepoint     ] Safepoint synchronization initiated. (43 threads)
[2023-10-30T19:30:59.971+0000][24.318s][info ][safepoint     ] Application time: 0.5382893 seconds
[2023-10-30T19:30:59.971+0000][24.318s][info ][safepoint     ] Entering safepoint region: ICBufferFull
[2023-10-30T19:30:59.972+0000][24.319s][info ][safepoint     ] Leaving safepoint region
[2023-10-30T19:30:59.972+0000][24.319s][info ][safepoint     ] Total time for which application threads were stopped: 0.0009263 seconds, Stopping threads took: 0.0003307 seconds
[2023-10-30T19:31:00.518+0000][24.865s][debug][safepoint     ] Safepoint synchronization initiated. (47 threads)
[2023-10-30T19:31:00.519+0000][24.866s][info ][safepoint     ] Application time: 0.5463346 seconds
[2023-10-30T19:31:00.519+0000][24.866s][info ][safepoint     ] Entering safepoint region: G1CollectForAllocation
[2023-10-30T19:31:00.520+0000][24.867s][info ][gc,start      ] GC(46) Pause Young (Normal) (G1 Evacuation Pause)
[2023-10-30T19:31:00.520+0000][24.868s][info ][gc,task       ] GC(46) Using 8 workers of 8 for evacuation
[2023-10-30T19:31:00.543+0000][24.890s][info ][gc,phases     ] GC(46)   Pre Evacuate Collection Set: 0.0ms
[2023-10-30T19:31:00.544+0000][24.891s][info ][gc,phases     ] GC(46)   Evacuate Collection Set: 19.4ms
[2023-10-30T19:31:00.544+0000][24.892s][info ][gc,phases     ] GC(46)   Post Evacuate Collection Set: 3.0ms
[2023-10-30T19:31:00.545+0000][24.892s][info ][gc,phases     ] GC(46)   Other: 0.9ms
[2023-10-30T19:31:00.545+0000][24.893s][info ][gc,heap       ] GC(46) Eden regions: 203->0(197)
[2023-10-30T19:31:00.546+0000][24.893s][info ][gc,heap       ] GC(46) Survivor regions: 17->21(28)
[2023-10-30T19:31:00.546+0000][24.894s][info ][gc,heap       ] GC(46) Old regions: 82->87
[2023-10-30T19:31:00.547+0000][24.894s][info ][gc,heap       ] GC(46) Humongous regions: 0->0
[2023-10-30T19:31:00.547+0000][24.894s][info ][gc,metaspace  ] GC(46) Metaspace: 128598K(132180K)->128598K(132180K) NonClass: 113580K(115848K)->113580K(115848K) Class: 15018K(16332K)->15018K(16332K)
[2023-10-30T19:31:00.548+0000][24.895s][info ][gc            ] GC(46) Pause Young (Normal) (G1 Evacuation Pause) 300M->106M(372M) 27.853ms
[2023-10-30T19:31:00.548+0000][24.895s][info ][gc,cpu        ] GC(46) User=0.19s Sys=0.00s Real=0.03s
[2023-10-30T19:31:00.549+0000][24.896s][info ][safepoint     ] Leaving safepoint region
[2023-10-30T19:31:00.549+0000][24.896s][info ][safepoint     ] Total time for which application threads were stopped: 0.0298071 seconds, Stopping threads took: 0.0004463 seconds
[2023-10-30T19:31:00.550+0000][24.897s][info ][gc,stringdedup] Concurrent String Deduplication (24.897s)
[2023-10-30T19:31:00.554+0000][24.901s][info ][gc,stringdedup] Concurrent String Deduplication 419.7K->163.4K(256.3K) avg 50.6% (24.897s, 24.901s) 4.811ms
[2023-10-30T19:31:01.076+0000][25.423s][debug][safepoint     ] Safepoint synchronization initiated. (53 threads)
[2023-10-30T19:31:01.076+0000][25.423s][info ][safepoint     ] Application time: 0.5267796 seconds
[2023-10-30T19:31:01.077+0000][25.424s][info ][safepoint     ] Entering safepoint region: ICBufferFull
[2023-10-30T19:31:01.077+0000][25.424s][info ][safepoint     ] Leaving safepoint region
[2023-10-30T19:31:01.078+0000][25.425s][info ][safepoint     ] Total time for which application threads were stopped: 0.0012768 seconds, Stopping threads took: 0.0004643 seconds
[2023-10-30T19:31:01.274+0000][25.622s][debug][safepoint     ] Safepoint synchronization initiated. (53 threads)
[2023-10-30T19:31:01.275+0000][25.622s][info ][safepoint     ] Application time: 0.1965263 seconds
[2023-10-30T19:31:01.275+0000][25.622s][info ][safepoint     ] Entering safepoint region: Deoptimize
[2023-10-30T19:31:01.277+0000][25.624s][info ][safepoint     ] Leaving safepoint region
[2023-10-30T19:31:01.278+0000][25.625s][info ][safepoint     ] Total time for which application threads were stopped: 0.0022340 seconds, Stopping threads took: 0.0003940 seconds
[2023-10-30T19:31:01.489+0000][25.836s][debug][safepoint     ] Safepoint synchronization initiated. (64 threads)
[2023-10-30T19:31:01.489+0000][25.836s][info ][safepoint     ] Application time: 0.2113662 seconds
[2023-10-30T19:31:01.490+0000][25.837s][info ][safepoint     ] Entering safepoint region: G1CollectForAllocation
[2023-10-30T19:31:01.491+0000][25.838s][info ][gc,start      ] GC(47) Pause Young (Normal) (G1 Evacuation Pause)
[2023-10-30T19:31:01.491+0000][25.838s][info ][gc,task       ] GC(47) Using 8 workers of 8 for evacuation
[2023-10-30T19:31:01.508+0000][25.855s][info ][gc,phases     ] GC(47)   Pre Evacuate Collection Set: 0.0ms
[2023-10-30T19:31:01.508+0000][25.856s][info ][gc,phases     ] GC(47)   Evacuate Collection Set: 13.6ms
[2023-10-30T19:31:01.509+0000][25.856s][info ][gc,phases     ] GC(47)   Post Evacuate Collection Set: 2.7ms
[2023-10-30T19:31:01.509+0000][25.856s][info ][gc,phases     ] GC(47)   Other: 1.0ms
[2023-10-30T19:31:01.510+0000][25.857s][info ][gc,heap       ] GC(47) Eden regions: 197->0(196)
[2023-10-30T19:31:01.510+0000][25.857s][info ][gc,heap       ] GC(47) Survivor regions: 21->18(28)
[2023-10-30T19:31:01.511+0000][25.858s][info ][gc,heap       ] GC(47) Old regions: 87->95
[2023-10-30T19:31:01.511+0000][25.858s][info ][gc,heap       ] GC(47) Humongous regions: 0->0
[2023-10-30T19:31:01.512+0000][25.859s][info ][gc,metaspace  ] GC(47) Metaspace: 135285K(138964K)->135285K(138964K) NonClass: 119520K(121736K)->119520K(121736K) Class: 15764K(17228K)->15764K(17228K)
[2023-10-30T19:31:01.512+0000][25.859s][info ][gc            ] GC(47) Pause Young (Normal) (G1 Evacuation Pause) 303M->111M(372M) 21.663ms
[2023-10-30T19:31:01.513+0000][25.860s][info ][gc,cpu        ] GC(47) User=0.13s Sys=0.00s Real=0.02s
[2023-10-30T19:31:01.513+0000][25.860s][info ][safepoint     ] Leaving safepoint region
[2023-10-30T19:31:01.514+0000][25.861s][info ][safepoint     ] Total time for which application threads were stopped: 0.0238199 seconds, Stopping threads took: 0.0005211 seconds
[2023-10-30T19:31:01.514+0000][25.861s][info ][gc,stringdedup] Concurrent String Deduplication (25.861s)
[2023-10-30T19:31:01.516+0000][25.863s][info ][gc,stringdedup] Concurrent String Deduplication 134.8K->39264.0B(98784.0B) avg 50.8% (25.861s, 25.863s) 1.830ms
[2023-10-30T19:31:01.864+0000][26.211s][debug][safepoint     ] Safepoint synchronization initiated. (65 threads)
[2023-10-30T19:31:01.865+0000][26.212s][info ][safepoint     ] Application time: 0.3507639 seconds
[2023-10-30T19:31:01.865+0000][26.212s][info ][safepoint     ] Entering safepoint region: Deoptimize
[2023-10-30T19:31:01.867+0000][26.214s][info ][safepoint     ] Leaving safepoint region
[2023-10-30T19:31:01.867+0000][26.215s][info ][safepoint     ] Total time for which application threads were stopped: 0.0024136 seconds, Stopping threads took: 0.0003234 seconds
[2023-10-30T19:31:01.868+0000][26.215s][debug][safepoint     ] Safepoint synchronization initiated. (65 threads)
[2023-10-30T19:31:01.868+0000][26.215s][info ][safepoint     ] Application time: 0.0005364 seconds
[2023-10-30T19:31:01.869+0000][26.216s][info ][safepoint     ] Entering safepoint region: Deoptimize
[2023-10-30T19:31:01.870+0000][26.218s][info ][safepoint     ] Leaving safepoint region
[2023-10-30T19:31:01.871+0000][26.218s][info ][safepoint     ] Total time for which application threads were stopped: 0.0022542 seconds, Stopping threads took: 0.0003235 seconds
[2023-10-30T19:31:01.872+0000][26.220s][debug][safepoint     ] Safepoint synchronization initiated. (65 threads)
[2023-10-30T19:31:01.873+0000][26.220s][info ][safepoint     ] Application time: 0.0016531 seconds
[2023-10-30T19:31:01.873+0000][26.220s][info ][safepoint     ] Entering safepoint region: Deoptimize
[2023-10-30T19:31:01.875+0000][26.222s][info ][safepoint     ] Leaving safepoint region
[2023-10-30T19:31:01.875+0000][26.222s][info ][safepoint     ] Total time for which application threads were stopped: 0.0021686 seconds, Stopping threads took: 0.0003852 seconds
[2023-10-30T19:31:01.894+0000][26.241s][debug][safepoint     ] Safepoint synchronization initiated. (65 threads)
[2023-10-30T19:31:01.895+0000][26.242s][info ][safepoint     ] Application time: 0.0191276 seconds
[2023-10-30T19:31:01.895+0000][26.242s][info ][safepoint     ] Entering safepoint region: Deoptimize
[2023-10-30T19:31:01.897+0000][26.244s][info ][safepoint     ] Leaving safepoint region
[2023-10-30T19:31:01.897+0000][26.245s][info ][safepoint     ] Total time for which application threads were stopped: 0.0022985 seconds, Stopping threads took: 0.0002978 seconds
[2023-10-30T19:31:02.058+0000][26.405s][debug][safepoint     ] Safepoint synchronization initiated. (65 threads)
[2023-10-30T19:31:02.058+0000][26.406s][info ][safepoint     ] Application time: 0.1605740 seconds
[2023-10-30T19:31:02.059+0000][26.406s][info ][safepoint     ] Entering safepoint region: Deoptimize
[2023-10-30T19:31:02.061+0000][26.408s][info ][safepoint     ] Leaving safepoint region
[2023-10-30T19:31:02.061+0000][26.409s][info ][safepoint     ] Total time for which application threads were stopped: 0.0025703 seconds, Stopping threads took: 0.0003481 seconds
[2023-10-30T19:31:02.309+0000][26.656s][debug][safepoint     ] Safepoint synchronization initiated. (65 threads)
[2023-10-30T19:31:02.309+0000][26.656s][info ][safepoint     ] Application time: 0.2472321 seconds
[2023-10-30T19:31:02.309+0000][26.657s][info ][safepoint     ] Entering safepoint region: G1CollectForAllocation
[2023-10-30T19:31:02.310+0000][26.657s][info ][gc,start      ] GC(48) Pause Young (Normal) (G1 Evacuation Pause)
[2023-10-30T19:31:02.310+0000][26.657s][info ][gc,task       ] GC(48) Using 8 workers of 8 for evacuation
[2023-10-30T19:31:02.330+0000][26.677s][info ][gc,phases     ] GC(48)   Pre Evacuate Collection Set: 0.0ms
[2023-10-30T19:31:02.330+0000][26.678s][info ][gc,phases     ] GC(48)   Evacuate Collection Set: 15.8ms
[2023-10-30T19:31:02.331+0000][26.678s][info ][gc,phases     ] GC(48)   Post Evacuate Collection Set: 3.4ms
[2023-10-30T19:31:02.331+0000][26.678s][info ][gc,phases     ] GC(48)   Other: 0.8ms
[2023-10-30T19:31:02.332+0000][26.679s][info ][gc,heap       ] GC(48) Eden regions: 196->0(195)
[2023-10-30T19:31:02.332+0000][26.679s][info ][gc,heap       ] GC(48) Survivor regions: 18->18(27)
[2023-10-30T19:31:02.332+0000][26.680s][info ][gc,heap       ] GC(48) Old regions: 95->99
[2023-10-30T19:31:02.333+0000][26.680s][info ][gc,heap       ] GC(48) Humongous regions: 0->0
[2023-10-30T19:31:02.333+0000][26.680s][info ][gc,metaspace  ] GC(48) Metaspace: 137256K(141012K)->137256K(141012K) NonClass: 121235K(123528K)->121235K(123528K) Class: 16020K(17484K)->16020K(17484K)
[2023-10-30T19:31:02.334+0000][26.681s][info ][gc            ] GC(48) Pause Young (Normal) (G1 Evacuation Pause) 307M->115M(372M) 23.556ms
[2023-10-30T19:31:02.334+0000][26.681s][info ][gc,cpu        ] GC(48) User=0.17s Sys=0.01s Real=0.03s
[2023-10-30T19:31:02.334+0000][26.681s][info ][safepoint     ] Leaving safepoint region
[2023-10-30T19:31:02.335+0000][26.682s][info ][safepoint     ] Total time for which application threads were stopped: 0.0252576 seconds, Stopping threads took: 0.0003329 seconds
[2023-10-30T19:31:02.335+0000][26.682s][info ][gc,stringdedup] Concurrent String Deduplication (26.682s)
[2023-10-30T19:31:02.340+0000][26.687s][info ][gc,stringdedup] Concurrent String Deduplication 594.2K->104.4K(489.9K) avg 52.0% (26.682s, 26.687s) 5.086ms
[2023-10-30T19:31:02.699+0000][27.047s][debug][safepoint     ] Safepoint synchronization initiated. (65 threads)
[2023-10-30T19:31:02.700+0000][27.047s][info ][safepoint     ] Application time: 0.3651213 seconds
[2023-10-30T19:31:02.701+0000][27.048s][info ][safepoint     ] Entering safepoint region: Deoptimize
[2023-10-30T19:31:02.702+0000][27.050s][info ][safepoint     ] Leaving safepoint region
[2023-10-30T19:31:02.703+0000][27.050s][info ][safepoint     ] Total time for which application threads were stopped: 0.0024795 seconds, Stopping threads took: 0.0004666 seconds
[2023-10-30T19:31:02.887+0000][27.234s][debug][safepoint     ] Safepoint synchronization initiated. (65 threads)
[2023-10-30T19:31:02.888+0000][27.235s][info ][safepoint     ] Application time: 0.1843234 seconds
[2023-10-30T19:31:02.888+0000][27.235s][info ][safepoint     ] Entering safepoint region: G1CollectForAllocation
[2023-10-30T19:31:02.889+0000][27.236s][info ][gc,start      ] GC(49) Pause Young (Normal) (G1 Evacuation Pause)
[2023-10-30T19:31:02.889+0000][27.236s][info ][gc,task       ] GC(49) Using 8 workers of 8 for evacuation
[2023-10-30T19:31:02.904+0000][27.251s][info ][gc,phases     ] GC(49)   Pre Evacuate Collection Set: 0.0ms
[2023-10-30T19:31:02.905+0000][27.252s][info ][gc,phases     ] GC(49)   Evacuate Collection Set: 12.1ms
[2023-10-30T19:31:02.905+0000][27.252s][info ][gc,phases     ] GC(49)   Post Evacuate Collection Set: 2.6ms
[2023-10-30T19:31:02.906+0000][27.253s][info ][gc,phases     ] GC(49)   Other: 0.8ms
[2023-10-30T19:31:02.906+0000][27.253s][info ][gc,heap       ] GC(49) Eden regions: 195->0(196)
[2023-10-30T19:31:02.906+0000][27.253s][info ][gc,heap       ] GC(49) Survivor regions: 18->11(27)
[2023-10-30T19:31:02.907+0000][27.254s][info ][gc,heap       ] GC(49) Old regions: 99->108
[2023-10-30T19:31:02.907+0000][27.254s][info ][gc,heap       ] GC(49) Humongous regions: 0->0
[2023-10-30T19:31:02.908+0000][27.255s][info ][gc,metaspace  ] GC(49) Metaspace: 139259K(143188K)->139259K(143188K) NonClass: 122940K(125320K)->122940K(125320K) Class: 16318K(17868K)->16318K(17868K)
[2023-10-30T19:31:02.908+0000][27.255s][info ][gc            ] GC(49) Pause Young (Normal) (G1 Evacuation Pause) 310M->116M(372M) 19.133ms
[2023-10-30T19:31:02.908+0000][27.256s][info ][gc,cpu        ] GC(49) User=0.12s Sys=0.00s Real=0.02s
[2023-10-30T19:31:02.909+0000][27.256s][info ][safepoint     ] Leaving safepoint region
[2023-10-30T19:31:02.909+0000][27.256s][info ][safepoint     ] Total time for which application threads were stopped: 0.0209995 seconds, Stopping threads took: 0.0005268 seconds
[2023-10-30T19:31:02.910+0000][27.257s][info ][gc,stringdedup] Concurrent String Deduplication (27.257s)
[2023-10-30T19:31:02.913+0000][27.260s][info ][gc,stringdedup] Concurrent String Deduplication 316.5K->127.3K(189.2K) avg 52.2% (27.257s, 27.260s) 2.824ms
[2023-10-30T19:31:02.966+0000][27.313s][debug][safepoint     ] Safepoint synchronization initiated. (65 threads)
[2023-10-30T19:31:02.966+0000][27.313s][info ][safepoint     ] Application time: 0.0567822 seconds
[2023-10-30T19:31:02.967+0000][27.314s][info ][safepoint     ] Entering safepoint region: Deoptimize
[2023-10-30T19:31:02.969+0000][27.316s][info ][safepoint     ] Leaving safepoint region
[2023-10-30T19:31:02.969+0000][27.316s][info ][safepoint     ] Total time for which application threads were stopped: 0.0023315 seconds, Stopping threads took: 0.0003482 seconds
[2023-10-30T19:31:03.007+0000][27.354s][debug][safepoint     ] Safepoint synchronization initiated. (65 threads)
[2023-10-30T19:31:03.007+0000][27.354s][info ][safepoint     ] Application time: 0.0378107 seconds
[2023-10-30T19:31:03.008+0000][27.355s][info ][safepoint     ] Entering safepoint region: Deoptimize
[2023-10-30T19:31:03.009+0000][27.357s][info ][safepoint     ] Leaving safepoint region
[2023-10-30T19:31:03.010+0000][27.357s][info ][safepoint     ] Total time for which application threads were stopped: 0.0021416 seconds, Stopping threads took: 0.0003218 seconds
[2023-10-30T19:31:03.437+0000][27.784s][debug][safepoint     ] Safepoint synchronization initiated. (74 threads)
[2023-10-30T19:31:03.437+0000][27.785s][info ][safepoint     ] Application time: 0.4271785 seconds
[2023-10-30T19:31:03.438+0000][27.785s][info ][safepoint     ] Entering safepoint region: G1CollectForAllocation
[2023-10-30T19:31:03.439+0000][27.786s][info ][gc,start      ] GC(50) Pause Young (Normal) (G1 Evacuation Pause)
[2023-10-30T19:31:03.439+0000][27.786s][info ][gc,task       ] GC(50) Using 8 workers of 8 for evacuation
[2023-10-30T19:31:03.451+0000][27.798s][info ][gc,phases     ] GC(50)   Pre Evacuate Collection Set: 0.0ms
[2023-10-30T19:31:03.451+0000][27.798s][info ][gc,phases     ] GC(50)   Evacuate Collection Set: 7.6ms
[2023-10-30T19:31:03.452+0000][27.799s][info ][gc,phases     ] GC(50)   Post Evacuate Collection Set: 3.1ms
[2023-10-30T19:31:03.452+0000][27.800s][info ][gc,phases     ] GC(50)   Other: 1.1ms
[2023-10-30T19:31:03.453+0000][27.800s][info ][gc,heap       ] GC(50) Eden regions: 196->0(196)
[2023-10-30T19:31:03.454+0000][27.801s][info ][gc,heap       ] GC(50) Survivor regions: 11->14(26)
[2023-10-30T19:31:03.454+0000][27.801s][info ][gc,heap       ] GC(50) Old regions: 108->108
[2023-10-30T19:31:03.455+0000][27.802s][info ][gc,heap       ] GC(50) Humongous regions: 0->0
[2023-10-30T19:31:03.455+0000][27.802s][info ][gc,metaspace  ] GC(50) Metaspace: 141382K(145492K)->141382K(145492K) NonClass: 124738K(127368K)->124738K(127368K) Class: 16643K(18124K)->16643K(18124K)
[2023-10-30T19:31:03.456+0000][27.803s][info ][gc            ] GC(50) Pause Young (Normal) (G1 Evacuation Pause) 312M->119M(372M) 16.933ms
[2023-10-30T19:31:03.456+0000][27.803s][info ][gc,cpu        ] GC(50) User=0.08s Sys=0.00s Real=0.02s
[2023-10-30T19:31:03.457+0000][27.804s][info ][safepoint     ] Leaving safepoint region
[2023-10-30T19:31:03.457+0000][27.804s][info ][safepoint     ] Total time for which application threads were stopped: 0.0192756 seconds, Stopping threads took: 0.0005972 seconds
[2023-10-30T19:31:03.458+0000][27.805s][info ][gc,stringdedup] Concurrent String Deduplication (27.805s)
[2023-10-30T19:31:03.461+0000][27.808s][info ][gc,stringdedup] Concurrent String Deduplication 340.3K->198.7K(141.6K) avg 51.9% (27.805s, 27.808s) 2.844ms
[2023-10-30T19:31:03.601+0000][27.948s][debug][safepoint     ] Safepoint synchronization initiated. (74 threads)
[2023-10-30T19:31:03.601+0000][27.948s][info ][safepoint     ] Application time: 0.1435028 seconds
[2023-10-30T19:31:03.602+0000][27.949s][info ][safepoint     ] Entering safepoint region: Deoptimize
[2023-10-30T19:31:03.604+0000][27.951s][info ][safepoint     ] Leaving safepoint region
[2023-10-30T19:31:03.604+0000][27.951s][info ][safepoint     ] Total time for which application threads were stopped: 0.0025209 seconds, Stopping threads took: 0.0004585 seconds
[2023-10-30T19:31:03.689+0000][28.036s][debug][safepoint     ] Safepoint synchronization initiated. (86 threads)
[2023-10-30T19:31:03.689+0000][28.037s][info ][safepoint     ] Application time: 0.0848125 seconds
[2023-10-30T19:31:03.690+0000][28.037s][info ][safepoint     ] Entering safepoint region: ICBufferFull
[2023-10-30T19:31:03.691+0000][28.038s][info ][safepoint     ] Leaving safepoint region
[2023-10-30T19:31:03.691+0000][28.038s][info ][safepoint     ] Total time for which application threads were stopped: 0.0010846 seconds, Stopping threads took: 0.0004189 seconds
[2023-10-30T19:31:04.112+0000][28.460s][debug][safepoint     ] Safepoint synchronization initiated. (86 threads)
[2023-10-30T19:31:04.113+0000][28.460s][info ][safepoint     ] Application time: 0.4215725 seconds
[2023-10-30T19:31:04.113+0000][28.460s][info ][safepoint     ] Entering safepoint region: ICBufferFull
[2023-10-30T19:31:04.114+0000][28.461s][info ][safepoint     ] Leaving safepoint region
[2023-10-30T19:31:04.114+0000][28.462s][info ][safepoint     ] Total time for which application threads were stopped: 0.0010383 seconds, Stopping threads took: 0.0004063 seconds
[2023-10-30T19:31:04.373+0000][28.720s][debug][safepoint     ] Safepoint synchronization initiated. (86 threads)
[2023-10-30T19:31:04.374+0000][28.721s][info ][safepoint     ] Application time: 0.2588501 seconds
[2023-10-30T19:31:04.374+0000][28.721s][info ][safepoint     ] Entering safepoint region: ICBufferFull
[2023-10-30T19:31:04.375+0000][28.722s][info ][safepoint     ] Leaving safepoint region
[2023-10-30T19:31:04.375+0000][28.722s][info ][safepoint     ] Total time for which application threads were stopped: 0.0009852 seconds, Stopping threads took: 0.0003639 seconds
[2023-10-30T19:31:04.380+0000][28.727s][debug][safepoint     ] Safepoint synchronization initiated. (86 threads)
[2023-10-30T19:31:04.380+0000][28.727s][info ][safepoint     ] Application time: 0.0046025 seconds
[2023-10-30T19:31:04.380+0000][28.727s][info ][safepoint     ] Entering safepoint region: G1CollectForAllocation
[2023-10-30T19:31:04.381+0000][28.728s][info ][gc,start      ] GC(51) Pause Young (Normal) (G1 Evacuation Pause)
[2023-10-30T19:31:04.381+0000][28.728s][info ][gc,task       ] GC(51) Using 8 workers of 8 for evacuation
[2023-10-30T19:31:04.407+0000][28.754s][info ][gc,phases     ] GC(51)   Pre Evacuate Collection Set: 0.0ms
[2023-10-30T19:31:04.407+0000][28.754s][info ][gc,phases     ] GC(51)   Evacuate Collection Set: 19.7ms
[2023-10-30T19:31:04.407+0000][28.755s][info ][gc,phases     ] GC(51)   Post Evacuate Collection Set: 5.3ms
[2023-10-30T19:31:04.408+0000][28.755s][info ][gc,phases     ] GC(51)   Other: 0.7ms
[2023-10-30T19:31:04.408+0000][28.755s][info ][gc,heap       ] GC(51) Eden regions: 196->0(184)
[2023-10-30T19:31:04.408+0000][28.755s][info ][gc,heap       ] GC(51) Survivor regions: 14->21(27)
[2023-10-30T19:31:04.409+0000][28.756s][info ][gc,heap       ] GC(51) Old regions: 108->108
[2023-10-30T19:31:04.409+0000][28.756s][info ][gc,heap       ] GC(51) Humongous regions: 0->0
[2023-10-30T19:31:04.409+0000][28.756s][info ][gc,metaspace  ] GC(51) Metaspace: 144748K(149204K)->144748K(149204K) NonClass: 127655K(130440K)->127655K(130440K) Class: 17092K(18764K)->17092K(18764K)
[2023-10-30T19:31:04.410+0000][28.757s][info ][gc            ] GC(51) Pause Young (Normal) (G1 Evacuation Pause) 315M->126M(372M) 28.829ms
[2023-10-30T19:31:04.410+0000][28.757s][info ][gc,cpu        ] GC(51) User=0.19s Sys=0.00s Real=0.03s
[2023-10-30T19:31:04.410+0000][28.757s][info ][safepoint     ] Leaving safepoint region
[2023-10-30T19:31:04.411+0000][28.758s][info ][safepoint     ] Total time for which application threads were stopped: 0.0302755 seconds, Stopping threads took: 0.0003165 seconds
[2023-10-30T19:31:04.411+0000][28.758s][info ][gc,stringdedup] Concurrent String Deduplication (28.758s)
[2023-10-30T19:31:04.414+0000][28.761s][info ][gc,stringdedup] Concurrent String Deduplication 211.9K->87048.0B(126.9K) avg 52.0% (28.758s, 28.761s) 2.403ms
[2023-10-30T19:31:04.673+0000][29.020s][debug][safepoint     ] Safepoint synchronization initiated. (86 threads)
[2023-10-30T19:31:04.674+0000][29.021s][info ][safepoint     ] Application time: 0.2624256 seconds
[2023-10-30T19:31:04.674+0000][29.021s][info ][safepoint     ] Entering safepoint region: ICBufferFull
[2023-10-30T19:31:04.675+0000][29.022s][info ][safepoint     ] Leaving safepoint region
[2023-10-30T19:31:04.675+0000][29.022s][info ][safepoint     ] Total time for which application threads were stopped: 0.0008909 seconds, Stopping threads took: 0.0003253 seconds
[2023-10-30T19:31:04.916+0000][29.263s][debug][safepoint     ] Safepoint synchronization initiated. (86 threads)
[2023-10-30T19:31:04.916+0000][29.264s][info ][safepoint     ] Application time: 0.2411765 seconds
[2023-10-30T19:31:04.917+0000][29.264s][debug][safepoint     ] Waiting for 2 thread(s) to block
[2023-10-30T19:31:04.917+0000][29.264s][info ][safepoint     ] Entering safepoint region: ICBufferFull
[2023-10-30T19:31:04.918+0000][29.265s][info ][safepoint     ] Leaving safepoint region
[2023-10-30T19:31:04.918+0000][29.265s][info ][safepoint     ] Total time for which application threads were stopped: 0.0013818 seconds, Stopping threads took: 0.0008026 seconds
[2023-10-30T19:31:05.186+0000][29.533s][debug][safepoint     ] Safepoint synchronization initiated. (86 threads)
[2023-10-30T19:31:05.187+0000][29.534s][info ][safepoint     ] Application time: 0.2683097 seconds
[2023-10-30T19:31:05.187+0000][29.534s][info ][safepoint     ] Entering safepoint region: G1CollectForAllocation
[2023-10-30T19:31:05.188+0000][29.535s][info ][gc,start      ] GC(52) Pause Young (Normal) (G1 Evacuation Pause)
[2023-10-30T19:31:05.188+0000][29.535s][info ][gc,task       ] GC(52) Using 8 workers of 8 for evacuation
[2023-10-30T19:31:05.209+0000][29.556s][info ][gc,phases     ] GC(52)   Pre Evacuate Collection Set: 0.0ms
[2023-10-30T19:31:05.210+0000][29.557s][info ][gc,phases     ] GC(52)   Evacuate Collection Set: 17.6ms
[2023-10-30T19:31:05.210+0000][29.557s][info ][gc,phases     ] GC(52)   Post Evacuate Collection Set: 2.8ms
[2023-10-30T19:31:05.211+0000][29.558s][info ][gc,phases     ] GC(52)   Other: 0.9ms
[2023-10-30T19:31:05.211+0000][29.558s][info ][gc,heap       ] GC(52) Eden regions: 184->0(183)
[2023-10-30T19:31:05.211+0000][29.558s][info ][gc,heap       ] GC(52) Survivor regions: 21->18(26)
[2023-10-30T19:31:05.212+0000][29.559s][info ][gc,heap       ] GC(52) Old regions: 108->115
[2023-10-30T19:31:05.212+0000][29.559s][info ][gc,heap       ] GC(52) Humongous regions: 0->0
[2023-10-30T19:31:05.212+0000][29.559s][info ][gc,metaspace  ] GC(52) Metaspace: 145439K(150100K)->145439K(150100K) NonClass: 128330K(131208K)->128330K(131208K) Class: 17109K(18892K)->17109K(18892K)
[2023-10-30T19:31:05.212+0000][29.560s][info ][gc            ] GC(52) Pause Young (Normal) (G1 Evacuation Pause) 310M->131M(372M) 24.597ms
[2023-10-30T19:31:05.213+0000][29.560s][info ][gc,cpu        ] GC(52) User=0.16s Sys=0.00s Real=0.02s
[2023-10-30T19:31:05.213+0000][29.560s][info ][safepoint     ] Leaving safepoint region
[2023-10-30T19:31:05.214+0000][29.561s][info ][safepoint     ] Total time for which application threads were stopped: 0.0264335 seconds, Stopping threads took: 0.0003877 seconds
[2023-10-30T19:31:05.214+0000][29.561s][info ][gc,stringdedup] Concurrent String Deduplication (29.561s)
[2023-10-30T19:31:05.216+0000][29.563s][info ][gc,stringdedup] Concurrent String Deduplication 185.7K->80024.0B(107.5K) avg 52.1% (29.561s, 29.563s) 1.880ms
[2023-10-30T19:31:05.585+0000][29.932s][debug][safepoint     ] Safepoint synchronization initiated. (86 threads)
[2023-10-30T19:31:05.586+0000][29.933s][info ][safepoint     ] Application time: 0.3716809 seconds
[2023-10-30T19:31:05.586+0000][29.933s][debug][safepoint     ] Waiting for 1 thread(s) to block
[2023-10-30T19:31:05.587+0000][29.934s][info ][safepoint     ] Entering safepoint region: ICBufferFull
[2023-10-30T19:31:05.587+0000][29.934s][info ][safepoint     ] Leaving safepoint region
[2023-10-30T19:31:05.588+0000][29.935s][info ][safepoint     ] Total time for which application threads were stopped: 0.0014109 seconds, Stopping threads took: 0.0007912 seconds
[2023-10-30T19:31:05.808+0000][30.155s][debug][safepoint     ] Safepoint synchronization initiated. (86 threads)
[2023-10-30T19:31:05.808+0000][30.156s][info ][safepoint     ] Application time: 0.2205769 seconds
[2023-10-30T19:31:05.809+0000][30.156s][info ][safepoint     ] Entering safepoint region: G1CollectForAllocation
[2023-10-30T19:31:05.810+0000][30.157s][info ][gc,start      ] GC(53) Pause Young (Normal) (G1 Evacuation Pause)
[2023-10-30T19:31:05.810+0000][30.158s][info ][gc,task       ] GC(53) Using 8 workers of 8 for evacuation
[2023-10-30T19:31:05.839+0000][30.186s][info ][gc,phases     ] GC(53)   Pre Evacuate Collection Set: 0.0ms
[2023-10-30T19:31:05.840+0000][30.187s][info ][gc,phases     ] GC(53)   Evacuate Collection Set: 22.7ms
[2023-10-30T19:31:05.840+0000][30.188s][info ][gc,phases     ] GC(53)   Post Evacuate Collection Set: 5.5ms
[2023-10-30T19:31:05.841+0000][30.188s][info ][gc,phases     ] GC(53)   Other: 1.1ms
[2023-10-30T19:31:05.842+0000][30.189s][info ][gc,heap       ] GC(53) Eden regions: 183->0(180)
[2023-10-30T19:31:05.842+0000][30.189s][info ][gc,heap       ] GC(53) Survivor regions: 18->17(26)
[2023-10-30T19:31:05.843+0000][30.190s][info ][gc,heap       ] GC(53) Old regions: 115->120
[2023-10-30T19:31:05.843+0000][30.190s][info ][gc,heap       ] GC(53) Humongous regions: 0->0
[2023-10-30T19:31:05.844+0000][30.191s][info ][gc,metaspace  ] GC(53) Metaspace: 145838K(150356K)->145838K(150356K) NonClass: 128680K(131464K)->128680K(131464K) Class: 17158K(18892K)->17158K(18892K)
[2023-10-30T19:31:05.844+0000][30.191s][info ][gc            ] GC(53) Pause Young (Normal) (G1 Evacuation Pause) 314M->135M(372M) 34.190ms
[2023-10-30T19:31:05.845+0000][30.192s][info ][gc,cpu        ] GC(53) User=0.19s Sys=0.00s Real=0.04s
[2023-10-30T19:31:05.846+0000][30.193s][info ][safepoint     ] Leaving safepoint region
[2023-10-30T19:31:05.846+0000][30.194s][info ][safepoint     ] Total time for which application threads were stopped: 0.0373130 seconds, Stopping threads took: 0.0004866 seconds
[2023-10-30T19:31:05.847+0000][30.195s][info ][gc,stringdedup] Concurrent String Deduplication (30.195s)
[2023-10-30T19:31:05.856+0000][30.203s][info ][gc,stringdedup] Concurrent String Deduplication 619.1K->146.9K(472.2K) avg 53.0% (30.195s, 30.203s) 8.326ms
[2023-10-30T19:31:06.322+0000][30.669s][debug][safepoint     ] Safepoint synchronization initiated. (86 threads)
[2023-10-30T19:31:06.322+0000][30.670s][info ][safepoint     ] Application time: 0.4754195 seconds
[2023-10-30T19:31:06.323+0000][30.670s][debug][safepoint     ] Waiting for 1 thread(s) to block
[2023-10-30T19:31:06.323+0000][30.670s][info ][safepoint     ] Entering safepoint region: G1CollectForAllocation
[2023-10-30T19:31:06.324+0000][30.671s][info ][gc,start      ] GC(54) Pause Young (Normal) (G1 Evacuation Pause)
[2023-10-30T19:31:06.324+0000][30.671s][info ][gc,task       ] GC(54) Using 8 workers of 8 for evacuation
[2023-10-30T19:31:06.340+0000][30.687s][info ][gc,phases     ] GC(54)   Pre Evacuate Collection Set: 0.0ms
[2023-10-30T19:31:06.341+0000][30.688s][info ][gc,phases     ] GC(54)   Evacuate Collection Set: 11.8ms
[2023-10-30T19:31:06.341+0000][30.688s][info ][gc,phases     ] GC(54)   Post Evacuate Collection Set: 3.5ms
[2023-10-30T19:31:06.341+0000][30.689s][info ][gc,phases     ] GC(54)   Other: 0.7ms
[2023-10-30T19:31:06.342+0000][30.689s][info ][gc,heap       ] GC(54) Eden regions: 180->0(183)
[2023-10-30T19:31:06.342+0000][30.689s][info ][gc,heap       ] GC(54) Survivor regions: 17->11(25)
[2023-10-30T19:31:06.343+0000][30.690s][info ][gc,heap       ] GC(54) Old regions: 120->127
[2023-10-30T19:31:06.343+0000][30.690s][info ][gc,heap       ] GC(54) Humongous regions: 0->0
[2023-10-30T19:31:06.343+0000][30.691s][info ][gc,metaspace  ] GC(54) Metaspace: 146060K(150612K)->146060K(150612K) NonClass: 128883K(131720K)->128883K(131720K) Class: 17176K(18892K)->17176K(18892K)
[2023-10-30T19:31:06.344+0000][30.691s][info ][gc            ] GC(54) Pause Young (Normal) (G1 Evacuation Pause) 315M->136M(372M) 19.993ms
[2023-10-30T19:31:06.344+0000][30.691s][info ][gc,cpu        ] GC(54) User=0.13s Sys=0.00s Real=0.02s
[2023-10-30T19:31:06.345+0000][30.692s][info ][safepoint     ] Leaving safepoint region
[2023-10-30T19:31:06.345+0000][30.692s][info ][safepoint     ] Total time for which application threads were stopped: 0.0221950 seconds, Stopping threads took: 0.0008006 seconds
[2023-10-30T19:31:06.346+0000][30.693s][info ][gc,stringdedup] Concurrent String Deduplication (30.693s)
[2023-10-30T19:31:06.349+0000][30.696s][info ][gc,stringdedup] Concurrent String Deduplication 396.4K->147.5K(249.0K) avg 53.2% (30.693s, 30.696s) 3.156ms
[2023-10-30T19:31:06.807+0000][31.154s][debug][safepoint     ] Safepoint synchronization initiated. (86 threads)
[2023-10-30T19:31:06.807+0000][31.154s][info ][safepoint     ] Application time: 0.4618042 seconds
[2023-10-30T19:31:06.808+0000][31.155s][info ][safepoint     ] Entering safepoint region: G1CollectForAllocation
[2023-10-30T19:31:06.809+0000][31.156s][info ][gc,start      ] GC(55) Pause Young (Normal) (G1 Evacuation Pause)
[2023-10-30T19:31:06.809+0000][31.156s][info ][gc,task       ] GC(55) Using 8 workers of 8 for evacuation
[2023-10-30T19:31:06.826+0000][31.173s][info ][gc,phases     ] GC(55)   Pre Evacuate Collection Set: 0.0ms
[2023-10-30T19:31:06.827+0000][31.174s][info ][gc,phases     ] GC(55)   Evacuate Collection Set: 10.2ms
[2023-10-30T19:31:06.827+0000][31.174s][info ][gc,phases     ] GC(55)   Post Evacuate Collection Set: 6.4ms
[2023-10-30T19:31:06.828+0000][31.175s][info ][gc,phases     ] GC(55)   Other: 0.9ms
[2023-10-30T19:31:06.828+0000][31.175s][info ][gc,heap       ] GC(55) Eden regions: 183->0(181)
[2023-10-30T19:31:06.828+0000][31.175s][info ][gc,heap       ] GC(55) Survivor regions: 11->13(25)
[2023-10-30T19:31:06.829+0000][31.176s][info ][gc,heap       ] GC(55) Old regions: 127->127
[2023-10-30T19:31:06.829+0000][31.176s][info ][gc,heap       ] GC(55) Humongous regions: 0->0
[2023-10-30T19:31:06.829+0000][31.177s][info ][gc,metaspace  ] GC(55) Metaspace: 146231K(150612K)->146231K(150612K) NonClass: 129045K(131720K)->129045K(131720K) Class: 17186K(18892K)->17186K(18892K)
[2023-10-30T19:31:06.830+0000][31.177s][info ][gc            ] GC(55) Pause Young (Normal) (G1 Evacuation Pause) 319M->137M(372M) 21.376ms
[2023-10-30T19:31:06.830+0000][31.177s][info ][gc,cpu        ] GC(55) User=0.13s Sys=0.00s Real=0.02s
[2023-10-30T19:31:06.831+0000][31.178s][info ][safepoint     ] Leaving safepoint region
[2023-10-30T19:31:06.831+0000][31.178s][info ][safepoint     ] Total time for which application threads were stopped: 0.0232856 seconds, Stopping threads took: 0.0004052 seconds
[2023-10-30T19:31:06.831+0000][31.179s][info ][gc,stringdedup] Concurrent String Deduplication (31.179s)
[2023-10-30T19:31:06.835+0000][31.182s][info ][gc,stringdedup] Concurrent String Deduplication 362.4K->123.9K(238.5K) avg 53.4% (31.179s, 31.182s) 3.371ms
[2023-10-30T19:31:07.234+0000][31.581s][debug][safepoint     ] Safepoint synchronization initiated. (87 threads)
[2023-10-30T19:31:07.235+0000][31.582s][info ][safepoint     ] Application time: 0.4033193 seconds
[2023-10-30T19:31:07.235+0000][31.582s][info ][safepoint     ] Entering safepoint region: G1CollectForAllocation
[2023-10-30T19:31:07.236+0000][31.583s][info ][gc,start      ] GC(56) Pause Young (Normal) (G1 Evacuation Pause)
[2023-10-30T19:31:07.236+0000][31.583s][info ][gc,task       ] GC(56) Using 8 workers of 8 for evacuation
[2023-10-30T19:31:07.248+0000][31.595s][info ][gc,phases     ] GC(56)   Pre Evacuate Collection Set: 0.0ms
[2023-10-30T19:31:07.248+0000][31.595s][info ][gc,phases     ] GC(56)   Evacuate Collection Set: 8.5ms
[2023-10-30T19:31:07.249+0000][31.596s][info ][gc,phases     ] GC(56)   Post Evacuate Collection Set: 2.7ms
[2023-10-30T19:31:07.249+0000][31.596s][info ][gc,phases     ] GC(56)   Other: 0.9ms
[2023-10-30T19:31:07.250+0000][31.597s][info ][gc,heap       ] GC(56) Eden regions: 181->0(177)
[2023-10-30T19:31:07.250+0000][31.597s][info ][gc,heap       ] GC(56) Survivor regions: 13->15(25)
[2023-10-30T19:31:07.250+0000][31.597s][info ][gc,heap       ] GC(56) Old regions: 127->127
[2023-10-30T19:31:07.251+0000][31.598s][info ][gc,heap       ] GC(56) Humongous regions: 0->0
[2023-10-30T19:31:07.251+0000][31.598s][info ][gc,metaspace  ] GC(56) Metaspace: 146374K(150996K)->146374K(150996K) NonClass: 129173K(131976K)->129173K(131976K) Class: 17201K(19020K)->17201K(19020K)
[2023-10-30T19:31:07.252+0000][31.599s][info ][gc            ] GC(56) Pause Young (Normal) (G1 Evacuation Pause) 318M->139M(372M) 15.838ms
[2023-10-30T19:31:07.252+0000][31.599s][info ][gc,cpu        ] GC(56) User=0.09s Sys=0.00s Real=0.01s
[2023-10-30T19:31:07.252+0000][31.600s][info ][safepoint     ] Leaving safepoint region
[2023-10-30T19:31:07.253+0000][31.600s][info ][safepoint     ] Total time for which application threads were stopped: 0.0176206 seconds, Stopping threads took: 0.0003733 seconds
[2023-10-30T19:31:07.253+0000][31.600s][info ][gc,stringdedup] Concurrent String Deduplication (31.600s)
[2023-10-30T19:31:07.256+0000][31.603s][info ][gc,stringdedup] Concurrent String Deduplication 291.6K->92584.0B(201.1K) avg 53.7% (31.600s, 31.603s) 2.677ms
[2023-10-30T19:31:07.665+0000][32.012s][debug][safepoint     ] Safepoint synchronization initiated. (87 threads)
[2023-10-30T19:31:07.665+0000][32.012s][info ][safepoint     ] Application time: 0.4121261 seconds
[2023-10-30T19:31:07.666+0000][32.013s][info ][safepoint     ] Entering safepoint region: G1CollectForAllocation
[2023-10-30T19:31:07.666+0000][32.013s][info ][gc,start      ] GC(57) Pause Young (Normal) (G1 Evacuation Pause)
[2023-10-30T19:31:07.667+0000][32.014s][info ][gc,task       ] GC(57) Using 8 workers of 8 for evacuation
[2023-10-30T19:31:07.680+0000][32.027s][info ][gc,phases     ] GC(57)   Pre Evacuate Collection Set: 0.0ms
[2023-10-30T19:31:07.680+0000][32.027s][info ][gc,phases     ] GC(57)   Evacuate Collection Set: 9.8ms
[2023-10-30T19:31:07.681+0000][32.028s][info ][gc,phases     ] GC(57)   Post Evacuate Collection Set: 3.0ms
[2023-10-30T19:31:07.681+0000][32.028s][info ][gc,phases     ] GC(57)   Other: 0.8ms
[2023-10-30T19:31:07.681+0000][32.029s][info ][gc,heap       ] GC(57) Eden regions: 177->0(177)
[2023-10-30T19:31:07.682+0000][32.029s][info ][gc,heap       ] GC(57) Survivor regions: 15->13(24)
[2023-10-30T19:31:07.682+0000][32.029s][info ][gc,heap       ] GC(57) Old regions: 127->131
[2023-10-30T19:31:07.682+0000][32.030s][info ][gc,heap       ] GC(57) Humongous regions: 0->0
[2023-10-30T19:31:07.683+0000][32.030s][info ][gc,metaspace  ] GC(57) Metaspace: 146482K(150996K)->146482K(150996K) NonClass: 129259K(131976K)->129259K(131976K) Class: 17222K(19020K)->17222K(19020K)
[2023-10-30T19:31:07.683+0000][32.030s][info ][gc            ] GC(57) Pause Young (Normal) (G1 Evacuation Pause) 316M->141M(372M) 16.829ms
[2023-10-30T19:31:07.684+0000][32.031s][info ][gc,cpu        ] GC(57) User=0.10s Sys=0.00s Real=0.01s
[2023-10-30T19:31:07.684+0000][32.031s][info ][safepoint     ] Leaving safepoint region
[2023-10-30T19:31:07.684+0000][32.031s][info ][safepoint     ] Total time for which application threads were stopped: 0.0185827 seconds, Stopping threads took: 0.0004085 seconds
[2023-10-30T19:31:07.685+0000][32.032s][info ][gc,stringdedup] Concurrent String Deduplication (32.032s)
[2023-10-30T19:31:07.688+0000][32.035s][info ][gc,stringdedup] Concurrent String Deduplication 234.3K->83560.0B(152.7K) avg 53.8% (32.032s, 32.035s) 2.969ms
[2023-10-30T19:31:08.046+0000][32.393s][debug][safepoint     ] Safepoint synchronization initiated. (87 threads)
[2023-10-30T19:31:08.046+0000][32.394s][info ][safepoint     ] Application time: 0.3617274 seconds
[2023-10-30T19:31:08.047+0000][32.394s][info ][safepoint     ] Entering safepoint region: G1CollectForAllocation
[2023-10-30T19:31:08.047+0000][32.394s][info ][gc,start      ] GC(58) Pause Young (Normal) (G1 Evacuation Pause)
[2023-10-30T19:31:08.048+0000][32.395s][info ][gc,task       ] GC(58) Using 8 workers of 8 for evacuation
[2023-10-30T19:31:08.062+0000][32.409s][info ][gc,phases     ] GC(58)   Pre Evacuate Collection Set: 0.0ms
[2023-10-30T19:31:08.062+0000][32.409s][info ][gc,phases     ] GC(58)   Evacuate Collection Set: 9.8ms
[2023-10-30T19:31:08.063+0000][32.410s][info ][gc,phases     ] GC(58)   Post Evacuate Collection Set: 3.9ms
[2023-10-30T19:31:08.063+0000][32.410s][info ][gc,phases     ] GC(58)   Other: 0.8ms
[2023-10-30T19:31:08.063+0000][32.411s][info ][gc,heap       ] GC(58) Eden regions: 177->0(175)
[2023-10-30T19:31:08.064+0000][32.411s][info ][gc,heap       ] GC(58) Survivor regions: 13->14(24)
[2023-10-30T19:31:08.064+0000][32.411s][info ][gc,heap       ] GC(58) Old regions: 131->131
[2023-10-30T19:31:08.065+0000][32.412s][info ][gc,heap       ] GC(58) Humongous regions: 0->0
[2023-10-30T19:31:08.065+0000][32.412s][info ][gc,metaspace  ] GC(58) Metaspace: 146523K(150996K)->146523K(150996K) NonClass: 129297K(131976K)->129297K(131976K) Class: 17225K(19020K)->17225K(19020K)
[2023-10-30T19:31:08.065+0000][32.412s][info ][gc            ] GC(58) Pause Young (Normal) (G1 Evacuation Pause) 318M->143M(372M) 17.971ms
[2023-10-30T19:31:08.066+0000][32.413s][info ][gc,cpu        ] GC(58) User=0.12s Sys=0.00s Real=0.02s
[2023-10-30T19:31:08.066+0000][32.413s][info ][safepoint     ] Leaving safepoint region
[2023-10-30T19:31:08.066+0000][32.414s][info ][safepoint     ] Total time for which application threads were stopped: 0.0196567 seconds, Stopping threads took: 0.0003327 seconds
[2023-10-30T19:31:08.067+0000][32.414s][info ][gc,stringdedup] Concurrent String Deduplication (32.414s)
[2023-10-30T19:31:08.069+0000][32.416s][info ][gc,stringdedup] Concurrent String Deduplication 289.9K->91680.0B(200.4K) avg 54.0% (32.414s, 32.416s) 2.240ms
[2023-10-30T19:31:08.393+0000][32.740s][debug][safepoint     ] Safepoint synchronization initiated. (87 threads)
[2023-10-30T19:31:08.393+0000][32.740s][info ][safepoint     ] Application time: 0.3263689 seconds
[2023-10-30T19:31:08.394+0000][32.741s][debug][safepoint     ] ... found polling page loop exception at pc = 0x00007f3160639e57, stub =0x00007f3158843680
[2023-10-30T19:31:08.394+0000][32.741s][debug][safepoint     ] Waiting for 1 thread(s) to block
[2023-10-30T19:31:08.395+0000][32.742s][info ][safepoint     ] Entering safepoint region: ICBufferFull
[2023-10-30T19:31:08.395+0000][32.742s][info ][safepoint     ] Leaving safepoint region
[2023-10-30T19:31:08.396+0000][32.743s][info ][safepoint     ] Total time for which application threads were stopped: 0.0022101 seconds, Stopping threads took: 0.0014586 seconds
[2023-10-30T19:31:08.427+0000][32.774s][debug][safepoint     ] Safepoint synchronization initiated. (87 threads)
[2023-10-30T19:31:08.428+0000][32.775s][info ][safepoint     ] Application time: 0.0316421 seconds
[2023-10-30T19:31:08.428+0000][32.775s][info ][safepoint     ] Entering safepoint region: G1CollectForAllocation
[2023-10-30T19:31:08.429+0000][32.776s][info ][gc,start      ] GC(59) Pause Young (Normal) (G1 Evacuation Pause)
[2023-10-30T19:31:08.429+0000][32.776s][info ][gc,task       ] GC(59) Using 8 workers of 8 for evacuation
[2023-10-30T19:31:08.442+0000][32.789s][info ][gc,phases     ] GC(59)   Pre Evacuate Collection Set: 0.0ms
[2023-10-30T19:31:08.442+0000][32.790s][info ][gc,phases     ] GC(59)   Evacuate Collection Set: 9.6ms
[2023-10-30T19:31:08.443+0000][32.790s][info ][gc,phases     ] GC(59)   Post Evacuate Collection Set: 2.4ms
[2023-10-30T19:31:08.443+0000][32.790s][info ][gc,phases     ] GC(59)   Other: 1.1ms
[2023-10-30T19:31:08.444+0000][32.791s][info ][gc,heap       ] GC(59) Eden regions: 175->0(174)
[2023-10-30T19:31:08.444+0000][32.791s][info ][gc,heap       ] GC(59) Survivor regions: 14->13(24)
[2023-10-30T19:31:08.444+0000][32.791s][info ][gc,heap       ] GC(59) Old regions: 131->134
[2023-10-30T19:31:08.445+0000][32.792s][info ][gc,heap       ] GC(59) Humongous regions: 0->0
[2023-10-30T19:31:08.445+0000][32.792s][info ][gc,metaspace  ] GC(59) Metaspace: 146594K(151252K)->146594K(151252K) NonClass: 129359K(132232K)->129359K(132232K) Class: 17234K(19020K)->17234K(19020K)
[2023-10-30T19:31:08.445+0000][32.792s][info ][gc            ] GC(59) Pause Young (Normal) (G1 Evacuation Pause) 318M->145M(372M) 16.346ms
[2023-10-30T19:31:08.446+0000][32.793s][info ][gc,cpu        ] GC(59) User=0.09s Sys=0.01s Real=0.02s
[2023-10-30T19:31:08.446+0000][32.793s][info ][safepoint     ] Leaving safepoint region
[2023-10-30T19:31:08.446+0000][32.793s][info ][safepoint     ] Total time for which application threads were stopped: 0.0179945 seconds, Stopping threads took: 0.0004881 seconds
[2023-10-30T19:31:08.447+0000][32.794s][info ][gc,stringdedup] Concurrent String Deduplication (32.794s)
[2023-10-30T19:31:08.449+0000][32.796s][info ][gc,stringdedup] Concurrent String Deduplication 178.1K->65776.0B(113.9K) avg 54.1% (32.794s, 32.796s) 2.023ms
[2023-10-30T19:31:08.771+0000][33.118s][debug][safepoint     ] Safepoint synchronization initiated. (87 threads)
[2023-10-30T19:31:08.771+0000][33.119s][info ][safepoint     ] Application time: 0.3249465 seconds
[2023-10-30T19:31:08.772+0000][33.119s][info ][safepoint     ] Entering safepoint region: G1CollectForAllocation
[2023-10-30T19:31:08.772+0000][33.120s][info ][gc,start      ] GC(60) Pause Young (Normal) (G1 Evacuation Pause)
[2023-10-30T19:31:08.773+0000][33.120s][info ][gc,task       ] GC(60) Using 8 workers of 8 for evacuation
[2023-10-30T19:31:08.784+0000][33.131s][info ][gc,phases     ] GC(60)   Pre Evacuate Collection Set: 0.0ms
[2023-10-30T19:31:08.785+0000][33.132s][info ][gc,phases     ] GC(60)   Evacuate Collection Set: 7.8ms
[2023-10-30T19:31:08.785+0000][33.132s][info ][gc,phases     ] GC(60)   Post Evacuate Collection Set: 2.8ms
[2023-10-30T19:31:08.786+0000][33.133s][info ][gc,phases     ] GC(60)   Other: 1.0ms
[2023-10-30T19:31:08.786+0000][33.133s][info ][gc,heap       ] GC(60) Eden regions: 174->0(172)
[2023-10-30T19:31:08.787+0000][33.134s][info ][gc,heap       ] GC(60) Survivor regions: 13->14(24)
[2023-10-30T19:31:08.787+0000][33.134s][info ][gc,heap       ] GC(60) Old regions: 134->134
[2023-10-30T19:31:08.787+0000][33.135s][info ][gc,heap       ] GC(60) Humongous regions: 0->0
[2023-10-30T19:31:08.788+0000][33.135s][info ][gc,metaspace  ] GC(60) Metaspace: 146749K(151252K)->146749K(151252K) NonClass: 129502K(132232K)->129502K(132232K) Class: 17247K(19020K)->17247K(19020K)
[2023-10-30T19:31:08.789+0000][33.136s][info ][gc            ] GC(60) Pause Young (Normal) (G1 Evacuation Pause) 319M->145M(372M) 16.169ms
[2023-10-30T19:31:08.789+0000][33.136s][info ][gc,cpu        ] GC(60) User=0.08s Sys=0.02s Real=0.02s
[2023-10-30T19:31:08.789+0000][33.137s][info ][safepoint     ] Leaving safepoint region
[2023-10-30T19:31:08.790+0000][33.137s][info ][safepoint     ] Total time for which application threads were stopped: 0.0179788 seconds, Stopping threads took: 0.0003816 seconds
[2023-10-30T19:31:08.790+0000][33.137s][info ][gc,stringdedup] Concurrent String Deduplication (33.137s)
[2023-10-30T19:31:08.792+0000][33.139s][info ][gc,stringdedup] Concurrent String Deduplication 147.7K->62888.0B(88336.0B) avg 54.2% (33.137s, 33.139s) 1.620ms
[2023-10-30T19:31:08.920+0000][33.268s][debug][safepoint     ] Safepoint synchronization initiated. (95 threads)
[2023-10-30T19:31:08.921+0000][33.268s][info ][safepoint     ] Application time: 0.1306825 seconds
[2023-10-30T19:31:08.921+0000][33.268s][info ][safepoint     ] Entering safepoint region: Deoptimize
[2023-10-30T19:31:08.924+0000][33.272s][info ][safepoint     ] Leaving safepoint region
[2023-10-30T19:31:08.925+0000][33.272s][info ][safepoint     ] Total time for which application threads were stopped: 0.0037986 seconds, Stopping threads took: 0.0007458 seconds
[2023-10-30T19:31:09.081+0000][33.429s][debug][safepoint     ] Safepoint synchronization initiated. (107 threads)
[2023-10-30T19:31:09.082+0000][33.429s][info ][safepoint     ] Application time: 0.1563785 seconds
[2023-10-30T19:31:09.082+0000][33.429s][info ][safepoint     ] Entering safepoint region: Deoptimize
[2023-10-30T19:31:09.085+0000][33.432s][info ][safepoint     ] Leaving safepoint region
[2023-10-30T19:31:09.085+0000][33.432s][info ][safepoint     ] Total time for which application threads were stopped: 0.0027842 seconds, Stopping threads took: 0.0004419 seconds
[2023-10-30T19:31:09.448+0000][33.796s][debug][safepoint     ] Safepoint synchronization initiated. (132 threads)
[2023-10-30T19:31:09.449+0000][33.796s][info ][safepoint     ] Application time: 0.3635738 seconds
[2023-10-30T19:31:09.450+0000][33.797s][info ][safepoint     ] Entering safepoint region: Deoptimize
[2023-10-30T19:31:09.452+0000][33.799s][info ][safepoint     ] Leaving safepoint region
[2023-10-30T19:31:09.453+0000][33.800s][info ][safepoint     ] Total time for which application threads were stopped: 0.0030457 seconds, Stopping threads took: 0.0004688 seconds
[2023-10-30T19:31:09.506+0000][33.854s][debug][safepoint     ] Safepoint synchronization initiated. (136 threads)
[2023-10-30T19:31:09.507+0000][33.854s][info ][safepoint     ] Application time: 0.0540375 seconds
[2023-10-30T19:31:09.507+0000][33.855s][info ][safepoint     ] Entering safepoint region: Deoptimize
[2023-10-30T19:31:09.511+0000][33.858s][info ][safepoint     ] Leaving safepoint region
[2023-10-30T19:31:09.511+0000][33.858s][info ][safepoint     ] Total time for which application threads were stopped: 0.0035298 seconds, Stopping threads took: 0.0004323 seconds
[2023-10-30T19:31:10.511+0000][34.859s][debug][safepoint     ] Safepoint synchronization initiated. (164 threads)
[2023-10-30T19:31:10.512+0000][34.859s][info ][safepoint     ] Application time: 1.0008828 seconds
[2023-10-30T19:31:10.513+0000][34.860s][info ][safepoint     ] Entering safepoint region: Cleanup
[2023-10-30T19:31:10.514+0000][34.861s][info ][safepoint     ] Leaving safepoint region
[2023-10-30T19:31:10.514+0000][34.861s][info ][safepoint     ] Total time for which application threads were stopped: 0.0015167 seconds, Stopping threads took: 0.0006888 seconds
[2023-10-30T19:31:12.515+0000][36.862s][debug][safepoint     ] Safepoint synchronization initiated. (164 threads)
[2023-10-30T19:31:12.516+0000][36.863s][info ][safepoint     ] Application time: 2.0013823 seconds
[2023-10-30T19:31:12.517+0000][36.864s][info ][safepoint     ] Entering safepoint region: Cleanup
[2023-10-30T19:31:12.518+0000][36.865s][info ][safepoint     ] Leaving safepoint region
[2023-10-30T19:31:12.519+0000][36.866s][info ][safepoint     ] Total time for which application threads were stopped: 0.0018211 seconds, Stopping threads took: 0.0008118 seconds
[2023-10-30T19:31:12.518+0000][36.865s][debug][safepoint     ] ... found polling page return exception at pc = 0x00007f3160b83dc4, stub =0x00007f3158840600
[2023-10-30T19:31:16.520+0000][40.867s][debug][safepoint     ] Safepoint synchronization initiated. (163 threads)
[2023-10-30T19:31:16.521+0000][40.868s][info ][safepoint     ] Application time: 4.0017379 seconds
[2023-10-30T19:31:16.522+0000][40.869s][info ][safepoint     ] Entering safepoint region: Cleanup
[2023-10-30T19:31:16.523+0000][40.871s][info ][safepoint     ] Leaving safepoint region
[2023-10-30T19:31:16.524+0000][40.871s][info ][safepoint     ] Total time for which application threads were stopped: 0.0019780 seconds, Stopping threads took: 0.0010035 seconds
[2023-10-30T19:31:20.526+0000][44.873s][debug][safepoint     ] Safepoint synchronization initiated. (164 threads)
[2023-10-30T19:31:20.526+0000][44.873s][info ][safepoint     ] Application time: 4.0012933 seconds
[2023-10-30T19:31:20.526+0000][44.874s][info ][safepoint     ] Entering safepoint region: Cleanup
[2023-10-30T19:31:20.527+0000][44.874s][info ][safepoint     ] Leaving safepoint region
[2023-10-30T19:31:20.527+0000][44.874s][info ][safepoint     ] Total time for which application threads were stopped: 0.0007278 seconds, Stopping threads took: 0.0003137 seconds
[2023-10-30T19:31:21.528+0000][45.875s][debug][safepoint     ] Safepoint synchronization initiated. (164 threads)
[2023-10-30T19:31:21.528+0000][45.875s][info ][safepoint     ] Application time: 1.0009006 seconds
[2023-10-30T19:31:21.529+0000][45.876s][info ][safepoint     ] Entering safepoint region: Cleanup
[2023-10-30T19:31:21.530+0000][45.877s][info ][safepoint     ] Leaving safepoint region
[2023-10-30T19:31:21.530+0000][45.877s][info ][safepoint     ] Total time for which application threads were stopped: 0.0010523 seconds, Stopping threads took: 0.0005032 seconds
[2023-10-30T19:31:24.531+0000][48.878s][debug][safepoint     ] Safepoint synchronization initiated. (164 threads)
[2023-10-30T19:31:24.532+0000][48.879s][info ][safepoint     ] Application time: 3.0018356 seconds
[2023-10-30T19:31:24.533+0000][48.880s][info ][safepoint     ] Entering safepoint region: Cleanup
[2023-10-30T19:31:24.534+0000][48.881s][info ][safepoint     ] Leaving safepoint region
[2023-10-30T19:31:24.535+0000][48.882s][info ][safepoint     ] Total time for which application threads were stopped: 0.0019816 seconds, Stopping threads took: 0.0008411 seconds
[2023-10-30T19:31:25.535+0000][49.883s][debug][safepoint     ] Safepoint synchronization initiated. (164 threads)
[2023-10-30T19:31:25.536+0000][49.884s][info ][safepoint     ] Application time: 1.0007492 seconds
[2023-10-30T19:31:25.536+0000][49.884s][info ][safepoint     ] Entering safepoint region: Cleanup
[2023-10-30T19:31:25.537+0000][49.885s][info ][safepoint     ] Leaving safepoint region
[2023-10-30T19:31:25.538+0000][49.885s][info ][safepoint     ] Total time for which application threads were stopped: 0.0012073 seconds, Stopping threads took: 0.0005092 seconds
[2023-10-30T19:31:31.944+0000][56.292s][debug][safepoint     ] Safepoint synchronization initiated. (165 threads)
[2023-10-30T19:31:31.945+0000][56.293s][info ][safepoint     ] Application time: 6.4070027 seconds
[2023-10-30T19:31:31.946+0000][56.294s][info ][safepoint     ] Entering safepoint region: G1CollectForAllocation
[2023-10-30T19:31:31.947+0000][56.295s][info ][gc,start      ] GC(61) Pause Young (Normal) (G1 Evacuation Pause)
[2023-10-30T19:31:31.948+0000][56.295s][info ][gc,task       ] GC(61) Using 8 workers of 8 for evacuation
[2023-10-30T19:31:31.959+0000][56.306s][info ][gc,phases     ] GC(61)   Pre Evacuate Collection Set: 0.0ms
[2023-10-30T19:31:31.960+0000][56.307s][info ][gc,phases     ] GC(61)   Evacuate Collection Set: 7.2ms
[2023-10-30T19:31:31.960+0000][56.307s][info ][gc,phases     ] GC(61)   Post Evacuate Collection Set: 2.9ms
[2023-10-30T19:31:31.960+0000][56.308s][info ][gc,phases     ] GC(61)   Other: 1.7ms
[2023-10-30T19:31:31.961+0000][56.308s][info ][gc,heap       ] GC(61) Eden regions: 172->0(170)
[2023-10-30T19:31:31.962+0000][56.309s][info ][gc,heap       ] GC(61) Survivor regions: 14->14(24)
[2023-10-30T19:31:31.962+0000][56.310s][info ][gc,heap       ] GC(61) Old regions: 134->136
[2023-10-30T19:31:31.962+0000][56.310s][info ][gc,heap       ] GC(61) Humongous regions: 0->0
[2023-10-30T19:31:31.963+0000][56.310s][info ][gc,metaspace  ] GC(61) Metaspace: 152218K(157268K)->152218K(157268K) NonClass: 134295K(137352K)->134295K(137352K) Class: 17922K(19916K)->17922K(19916K)
[2023-10-30T19:31:31.963+0000][56.311s][info ][gc            ] GC(61) Pause Young (Normal) (G1 Evacuation Pause) 317M->148M(372M) 16.343ms
[2023-10-30T19:31:31.964+0000][56.311s][info ][gc,cpu        ] GC(61) User=0.07s Sys=0.00s Real=0.02s
[2023-10-30T19:31:31.964+0000][56.312s][info ][safepoint     ] Leaving safepoint region
[2023-10-30T19:31:31.965+0000][56.312s][info ][safepoint     ] Total time for which application threads were stopped: 0.0187158 seconds, Stopping threads took: 0.0008570 seconds
[2023-10-30T19:31:31.965+0000][56.313s][info ][gc,stringdedup] Concurrent String Deduplication (56.313s)
[2023-10-30T19:31:31.966+0000][56.314s][info ][gc,stringdedup] Concurrent String Deduplication 180.8K->54104.0B(127.9K) avg 54.3% (56.313s, 56.314s) 1.375ms
[2023-10-30T19:31:32.965+0000][57.313s][debug][safepoint     ] Safepoint synchronization initiated. (165 threads)
[2023-10-30T19:31:32.966+0000][57.314s][info ][safepoint     ] Application time: 1.0011340 seconds
[2023-10-30T19:31:32.967+0000][57.315s][info ][safepoint     ] Entering safepoint region: Cleanup
[2023-10-30T19:31:32.968+0000][57.316s][info ][safepoint     ] Leaving safepoint region
[2023-10-30T19:31:32.969+0000][57.316s][info ][safepoint     ] Total time for which application threads were stopped: 0.0017604 seconds, Stopping threads took: 0.0007766 seconds
[2023-10-30T19:31:36.970+0000][61.318s][debug][safepoint     ] Safepoint synchronization initiated. (165 threads)
[2023-10-30T19:31:36.972+0000][61.319s][info ][safepoint     ] Application time: 4.0022562 seconds
[2023-10-30T19:31:36.973+0000][61.320s][info ][safepoint     ] Entering safepoint region: Cleanup
[2023-10-30T19:31:36.974+0000][61.322s][info ][safepoint     ] Leaving safepoint region
[2023-10-30T19:31:36.975+0000][61.322s][info ][safepoint     ] Total time for which application threads were stopped: 0.0020889 seconds, Stopping threads took: 0.0010099 seconds
[2023-10-30T19:31:56.980+0000][81.328s][debug][safepoint     ] Safepoint synchronization initiated. (166 threads)
[2023-10-30T19:31:56.982+0000][81.329s][info ][safepoint     ] Application time: 20.0063510 seconds
[2023-10-30T19:31:56.983+0000][81.331s][info ][safepoint     ] Entering safepoint region: Cleanup
[2023-10-30T19:31:56.984+0000][81.332s][info ][safepoint     ] Leaving safepoint region
[2023-10-30T19:31:56.985+0000][81.333s][info ][safepoint     ] Total time for which application threads were stopped: 0.0022299 seconds, Stopping threads took: 0.0010892 seconds
[2023-10-30T19:31:57.986+0000][82.334s][debug][safepoint     ] Safepoint synchronization initiated. (166 threads)
[2023-10-30T19:31:57.987+0000][82.335s][info ][safepoint     ] Application time: 1.0011880 seconds
[2023-10-30T19:31:57.988+0000][82.336s][info ][safepoint     ] Entering safepoint region: Cleanup
[2023-10-30T19:31:57.989+0000][82.337s][info ][safepoint     ] Leaving safepoint region
[2023-10-30T19:31:57.989+0000][82.337s][info ][safepoint     ] Total time for which application threads were stopped: 0.0016099 seconds, Stopping threads took: 0.0007357 seconds
[2023-10-30T19:32:08.992+0000][93.340s][debug][safepoint     ] Safepoint synchronization initiated. (166 threads)
[2023-10-30T19:32:08.994+0000][93.341s][info ][safepoint     ] Application time: 11.0035742 seconds
[2023-10-30T19:32:08.995+0000][93.343s][info ][safepoint     ] Entering safepoint region: Cleanup
[2023-10-30T19:32:08.996+0000][93.344s][info ][safepoint     ] Leaving safepoint region
[2023-10-30T19:32:08.997+0000][93.345s][info ][safepoint     ] Total time for which application threads were stopped: 0.0020959 seconds, Stopping threads took: 0.0009552 seconds
[2023-10-30T19:32:14.999+0000][99.347s][debug][safepoint     ] Safepoint synchronization initiated. (165 threads)
[2023-10-30T19:32:15.000+0000][99.348s][info ][safepoint     ] Application time: 6.0024196 seconds
[2023-10-30T19:32:15.001+0000][99.349s][info ][safepoint     ] Entering safepoint region: Cleanup
[2023-10-30T19:32:15.002+0000][99.349s][info ][safepoint     ] Leaving safepoint region
[2023-10-30T19:32:15.003+0000][99.350s][info ][safepoint     ] Total time for which application threads were stopped: 0.0017968 seconds, Stopping threads took: 0.0006409 seconds
[2023-10-30T19:32:16.003+0000][100.351s][debug][safepoint     ] Safepoint synchronization initiated. (165 threads)
[2023-10-30T19:32:16.004+0000][100.352s][info ][safepoint     ] Application time: 1.0012567 seconds
[2023-10-30T19:32:16.005+0000][100.353s][info ][safepoint     ] Entering safepoint region: Cleanup
[2023-10-30T19:32:16.007+0000][100.354s][info ][safepoint     ] Leaving safepoint region
[2023-10-30T19:32:16.008+0000][100.355s][info ][safepoint     ] Total time for which application threads were stopped: 0.0021262 seconds, Stopping threads took: 0.0008772 seconds
[2023-10-30T19:32:17.009+0000][101.356s][debug][safepoint     ] Safepoint synchronization initiated. (165 threads)
[2023-10-30T19:32:17.009+0000][101.357s][info ][safepoint     ] Application time: 1.0010683 seconds
[2023-10-30T19:32:17.010+0000][101.358s][info ][safepoint     ] Entering safepoint region: Cleanup
[2023-10-30T19:32:17.011+0000][101.359s][info ][safepoint     ] Leaving safepoint region
[2023-10-30T19:32:17.012+0000][101.360s][info ][safepoint     ] Total time for which application threads were stopped: 0.0017935 seconds, Stopping threads took: 0.0008277 seconds
[2023-10-30T19:32:28.016+0000][112.364s][debug][safepoint     ] Safepoint synchronization initiated. (165 threads)
[2023-10-30T19:32:28.017+0000][112.365s][info ][safepoint     ] Application time: 11.0042575 seconds
[2023-10-30T19:32:28.018+0000][112.365s][info ][safepoint     ] Entering safepoint region: Cleanup
[2023-10-30T19:32:28.019+0000][112.366s][info ][safepoint     ] Leaving safepoint region
[2023-10-30T19:32:28.019+0000][112.367s][info ][safepoint     ] Total time for which application threads were stopped: 0.0016865 seconds, Stopping threads took: 0.0006372 seconds
[2023-10-30T19:32:57.027+0000][141.375s][debug][safepoint     ] Safepoint synchronization initiated. (165 threads)
[2023-10-30T19:32:57.029+0000][141.377s][info ][safepoint     ] Application time: 29.0090724 seconds
[2023-10-30T19:32:57.030+0000][141.378s][info ][safepoint     ] Entering safepoint region: Cleanup
[2023-10-30T19:32:57.031+0000][141.379s][info ][safepoint     ] Leaving safepoint region
[2023-10-30T19:32:57.032+0000][141.379s][info ][safepoint     ] Total time for which application threads were stopped: 0.0019368 seconds, Stopping threads took: 0.0008316 seconds
[2023-10-30T19:33:09.036+0000][153.384s][debug][safepoint     ] Safepoint synchronization initiated. (165 threads)
[2023-10-30T19:33:09.037+0000][153.385s][info ][safepoint     ] Application time: 12.0049088 seconds
[2023-10-30T19:33:09.038+0000][153.386s][info ][safepoint     ] Entering safepoint region: Cleanup
[2023-10-30T19:33:09.040+0000][153.388s][info ][safepoint     ] Leaving safepoint region
[2023-10-30T19:33:09.041+0000][153.389s][info ][safepoint     ] Total time for which application threads were stopped: 0.0026708 seconds, Stopping threads took: 0.0010978 seconds
[2023-10-30T19:33:09.040+0000][153.388s][debug][safepoint     ] ... found polling page return exception at pc = 0x00007f3160b83dc4, stub =0x00007f3158840600
[2023-10-30T19:33:09.040+0000][153.388s][debug][safepoint     ] ... found polling page return exception at pc = 0x00007f3160b83dc4, stub =0x00007f3158840600
[2023-10-30T19:33:09.040+0000][153.388s][debug][safepoint     ] ... found polling page return exception at pc = 0x00007f3160b83dc4, stub =0x00007f3158840600
[2023-10-30T19:33:09.040+0000][153.388s][debug][safepoint     ] ... found polling page return exception at pc = 0x00007f3160b83dc4, stub =0x00007f3158840600
[2023-10-30T19:33:54.052+0000][198.401s][debug][safepoint     ] Safepoint synchronization initiated. (163 threads)
[2023-10-30T19:33:54.053+0000][198.401s][info ][safepoint     ] Application time: 45.0115368 seconds
[2023-10-30T19:33:54.054+0000][198.402s][info ][safepoint     ] Entering safepoint region: Cleanup
[2023-10-30T19:33:54.055+0000][198.403s][info ][safepoint     ] Leaving safepoint region
[2023-10-30T19:33:54.056+0000][198.404s][info ][safepoint     ] Total time for which application threads were stopped: 0.0017673 seconds, Stopping threads took: 0.0008238 seconds
[2023-10-30T19:34:01.058+0000][205.406s][debug][safepoint     ] Safepoint synchronization initiated. (163 threads)
[2023-10-30T19:34:01.059+0000][205.407s][info ][safepoint     ] Application time: 7.0027228 seconds
[2023-10-30T19:34:01.060+0000][205.408s][info ][safepoint     ] Entering safepoint region: Cleanup
[2023-10-30T19:34:01.062+0000][205.410s][info ][safepoint     ] Leaving safepoint region
[2023-10-30T19:34:01.063+0000][205.411s][info ][safepoint     ] Total time for which application threads were stopped: 0.0024433 seconds, Stopping threads took: 0.0009644 seconds
[2023-10-30T19:34:10.066+0000][214.414s][debug][safepoint     ] Safepoint synchronization initiated. (161 threads)
[2023-10-30T19:34:10.067+0000][214.415s][info ][safepoint     ] Application time: 9.0036635 seconds
[2023-10-30T19:34:10.068+0000][214.416s][info ][safepoint     ] Entering safepoint region: Cleanup
[2023-10-30T19:34:10.069+0000][214.417s][info ][safepoint     ] Leaving safepoint region
[2023-10-30T19:34:10.070+0000][214.418s][info ][safepoint     ] Total time for which application threads were stopped: 0.0017816 seconds, Stopping threads took: 0.0007564 seconds
[2023-10-30T19:34:15.072+0000][219.420s][debug][safepoint     ] Safepoint synchronization initiated. (161 threads)
[2023-10-30T19:34:15.073+0000][219.421s][info ][safepoint     ] Application time: 5.0021460 seconds
[2023-10-30T19:34:15.074+0000][219.422s][info ][safepoint     ] Entering safepoint region: Cleanup
[2023-10-30T19:34:15.075+0000][219.423s][info ][safepoint     ] Leaving safepoint region
[2023-10-30T19:34:15.076+0000][219.424s][info ][safepoint     ] Total time for which application threads were stopped: 0.0021949 seconds, Stopping threads took: 0.0010667 seconds
[2023-10-30T19:34:17.077+0000][221.425s][debug][safepoint     ] Safepoint synchronization initiated. (161 threads)
[2023-10-30T19:34:17.078+0000][221.426s][info ][safepoint     ] Application time: 2.0014682 seconds
[2023-10-30T19:34:17.079+0000][221.427s][info ][safepoint     ] Entering safepoint region: Cleanup
[2023-10-30T19:34:17.080+0000][221.428s][info ][safepoint     ] Leaving safepoint region
[2023-10-30T19:34:17.081+0000][221.429s][info ][safepoint     ] Total time for which application threads were stopped: 0.0019955 seconds, Stopping threads took: 0.0009694 seconds
[2023-10-30T19:34:39.369+0000][243.718s][debug][safepoint     ] Safepoint synchronization initiated. (161 threads)
[2023-10-30T19:34:39.370+0000][243.719s][info ][safepoint     ] Application time: 22.2890649 seconds
[2023-10-30T19:34:39.371+0000][243.720s][info ][safepoint     ] Entering safepoint region: G1CollectForAllocation
[2023-10-30T19:34:39.372+0000][243.721s][info ][gc,start      ] GC(62) Pause Young (Normal) (G1 Evacuation Pause)
[2023-10-30T19:34:39.373+0000][243.722s][info ][gc,task       ] GC(62) Using 8 workers of 8 for evacuation
[2023-10-30T19:34:39.383+0000][243.732s][info ][gc,phases     ] GC(62)   Pre Evacuate Collection Set: 0.0ms
[2023-10-30T19:34:39.384+0000][243.733s][info ][gc,phases     ] GC(62)   Evacuate Collection Set: 6.4ms
[2023-10-30T19:34:39.384+0000][243.733s][info ][gc,phases     ] GC(62)   Post Evacuate Collection Set: 3.0ms
[2023-10-30T19:34:39.385+0000][243.734s][info ][gc,phases     ] GC(62)   Other: 1.6ms
[2023-10-30T19:34:39.385+0000][243.734s][info ][gc,heap       ] GC(62) Eden regions: 170->0(171)
[2023-10-30T19:34:39.386+0000][243.735s][info ][gc,heap       ] GC(62) Survivor regions: 14->12(23)
[2023-10-30T19:34:39.386+0000][243.735s][info ][gc,heap       ] GC(62) Old regions: 136->139
[2023-10-30T19:34:39.387+0000][243.736s][info ][gc,heap       ] GC(62) Humongous regions: 0->0
[2023-10-30T19:34:39.387+0000][243.736s][info ][gc,metaspace  ] GC(62) Metaspace: 152492K(157524K)->152492K(157524K) NonClass: 134544K(137608K)->134544K(137608K) Class: 17947K(19916K)->17947K(19916K)
[2023-10-30T19:34:39.388+0000][243.737s][info ][gc            ] GC(62) Pause Young (Normal) (G1 Evacuation Pause) 318M->148M(372M) 15.505ms
[2023-10-30T19:34:39.388+0000][243.737s][info ][gc,cpu        ] GC(62) User=0.07s Sys=0.00s Real=0.01s
[2023-10-30T19:34:39.389+0000][243.738s][info ][safepoint     ] Leaving safepoint region
[2023-10-30T19:34:39.389+0000][243.738s][info ][safepoint     ] Total time for which application threads were stopped: 0.0184774 seconds, Stopping threads took: 0.0009282 seconds
[2023-10-30T19:34:39.390+0000][243.739s][info ][gc,stringdedup] Concurrent String Deduplication (243.739s)
[2023-10-30T19:34:39.391+0000][243.740s][info ][gc,stringdedup] Concurrent String Deduplication 113.6K->53408.0B(62904.0B) avg 54.3% (243.739s, 243.740s) 1.036ms
[2023-10-30T19:34:42.390+0000][246.739s][debug][safepoint     ] Safepoint synchronization initiated. (161 threads)
[2023-10-30T19:34:42.391+0000][246.740s][info ][safepoint     ] Application time: 3.0011652 seconds
[2023-10-30T19:34:42.391+0000][246.740s][info ][safepoint     ] Entering safepoint region: Cleanup
[2023-10-30T19:34:42.392+0000][246.741s][info ][safepoint     ] Leaving safepoint region
[2023-10-30T19:34:42.393+0000][246.742s][info ][safepoint     ] Total time for which application threads were stopped: 0.0013880 seconds, Stopping threads took: 0.0006417 seconds
[2023-10-30T19:34:57.396+0000][261.744s][debug][safepoint     ] Safepoint synchronization initiated. (161 threads)
[2023-10-30T19:34:57.397+0000][261.745s][info ][safepoint     ] Application time: 15.0026221 seconds
[2023-10-30T19:34:57.397+0000][261.745s][info ][safepoint     ] Entering safepoint region: Cleanup
[2023-10-30T19:34:57.398+0000][261.746s][info ][safepoint     ] Leaving safepoint region
[2023-10-30T19:34:57.398+0000][261.746s][info ][safepoint     ] Total time for which application threads were stopped: 0.0011142 seconds, Stopping threads took: 0.0004748 seconds
[2023-10-30T19:35:10.400+0000][274.748s][debug][safepoint     ] Safepoint synchronization initiated. (161 threads)
[2023-10-30T19:35:10.401+0000][274.749s][info ][safepoint     ] Application time: 13.0018720 seconds
[2023-10-30T19:35:10.401+0000][274.749s][info ][safepoint     ] Entering safepoint region: Cleanup
[2023-10-30T19:35:10.402+0000][274.750s][info ][safepoint     ] Leaving safepoint region
[2023-10-30T19:35:10.402+0000][274.750s][info ][safepoint     ] Total time for which application threads were stopped: 0.0010608 seconds, Stopping threads took: 0.0004424 seconds
[2023-10-30T19:35:17.403+0000][281.752s][debug][safepoint     ] Safepoint synchronization initiated. (161 threads)
[2023-10-30T19:35:17.404+0000][281.752s][info ][safepoint     ] Application time: 7.0014259 seconds
[2023-10-30T19:35:17.405+0000][281.753s][info ][safepoint     ] Entering safepoint region: Cleanup
[2023-10-30T19:35:17.405+0000][281.753s][info ][safepoint     ] Leaving safepoint region
[2023-10-30T19:35:17.406+0000][281.754s][info ][safepoint     ] Total time for which application threads were stopped: 0.0011504 seconds, Stopping threads took: 0.0005462 seconds
[2023-10-30T19:35:20.407+0000][284.755s][debug][safepoint     ] Safepoint synchronization initiated. (161 threads)
[2023-10-30T19:35:20.408+0000][284.756s][info ][safepoint     ] Application time: 3.0013377 seconds
[2023-10-30T19:35:20.408+0000][284.756s][info ][safepoint     ] Entering safepoint region: Cleanup
[2023-10-30T19:35:20.409+0000][284.757s][info ][safepoint     ] Leaving safepoint region
[2023-10-30T19:35:20.410+0000][284.758s][info ][safepoint     ] Total time for which application threads were stopped: 0.0022300 seconds, Stopping threads took: 0.0005943 seconds
[2023-10-30T19:35:27.412+0000][291.761s][debug][safepoint     ] Safepoint synchronization initiated. (161 threads)
[2023-10-30T19:35:27.414+0000][291.762s][info ][safepoint     ] Application time: 7.0029848 seconds
[2023-10-30T19:35:27.414+0000][291.763s][info ][safepoint     ] Entering safepoint region: Cleanup
[2023-10-30T19:35:27.415+0000][291.763s][info ][safepoint     ] Leaving safepoint region
[2023-10-30T19:35:27.416+0000][291.764s][info ][safepoint     ] Total time for which application threads were stopped: 0.0012341 seconds, Stopping threads took: 0.0005036 seconds
[2023-10-30T19:35:45.420+0000][309.768s][debug][safepoint     ] Safepoint synchronization initiated. (161 threads)
[2023-10-30T19:35:45.421+0000][309.769s][info ][safepoint     ] Application time: 18.0049960 seconds
[2023-10-30T19:35:45.422+0000][309.770s][info ][safepoint     ] Entering safepoint region: Cleanup
[2023-10-30T19:35:45.423+0000][309.771s][info ][safepoint     ] Leaving safepoint region
[2023-10-30T19:35:45.423+0000][309.771s][info ][safepoint     ] Total time for which application threads were stopped: 0.0016328 seconds, Stopping threads took: 0.0007739 seconds
[2023-10-30T19:35:54.426+0000][318.774s][debug][safepoint     ] Safepoint synchronization initiated. (161 threads)
[2023-10-30T19:35:54.427+0000][318.775s][info ][safepoint     ] Application time: 9.0031086 seconds
[2023-10-30T19:35:54.428+0000][318.776s][info ][safepoint     ] Entering safepoint region: Cleanup
[2023-10-30T19:35:54.429+0000][318.777s][info ][safepoint     ] Leaving safepoint region
[2023-10-30T19:35:54.430+0000][318.778s][info ][safepoint     ] Total time for which application threads were stopped: 0.0016347 seconds, Stopping threads took: 0.0006682 seconds
[2023-10-30T19:35:54.429+0000][318.777s][debug][safepoint     ] ... found polling page return exception at pc = 0x00007f3160b83dc4, stub =0x00007f3158840600
[2023-10-30T19:35:54.429+0000][318.777s][debug][safepoint     ] ... found polling page return exception at pc = 0x00007f3160b83dc4, stub =0x00007f3158840600
[2023-10-30T19:35:54.429+0000][318.777s][debug][safepoint     ] ... found polling page return exception at pc = 0x00007f3160b83dc4, stub =0x00007f3158840600
[2023-10-30T19:35:54.429+0000][318.777s][debug][safepoint     ] ... found polling page return exception at pc = 0x00007f3160b83dc4, stub =0x00007f3158840600
[2023-10-30T19:35:57.431+0000][321.779s][debug][safepoint     ] Safepoint synchronization initiated. (161 threads)
[2023-10-30T19:35:57.432+0000][321.780s][info ][safepoint     ] Application time: 3.0017898 seconds
[2023-10-30T19:35:57.433+0000][321.781s][info ][safepoint     ] Entering safepoint region: Cleanup
[2023-10-30T19:35:57.434+0000][321.782s][info ][safepoint     ] Leaving safepoint region
[2023-10-30T19:35:57.435+0000][321.783s][info ][safepoint     ] Total time for which application threads were stopped: 0.0021066 seconds, Stopping threads took: 0.0009657 seconds
[2023-10-30T19:36:01.437+0000][325.785s][debug][safepoint     ] Safepoint synchronization initiated. (161 threads)
[2023-10-30T19:36:01.438+0000][325.786s][info ][safepoint     ] Application time: 4.0022920 seconds
[2023-10-30T19:36:01.439+0000][325.787s][info ][safepoint     ] Entering safepoint region: Cleanup
[2023-10-30T19:36:01.440+0000][325.788s][info ][safepoint     ] Leaving safepoint region
[2023-10-30T19:36:01.441+0000][325.789s][info ][safepoint     ] Total time for which application threads were stopped: 0.0021311 seconds, Stopping threads took: 0.0009207 seconds
[2023-10-30T19:36:04.442+0000][328.791s][debug][safepoint     ] Safepoint synchronization initiated. (161 threads)
[2023-10-30T19:36:04.443+0000][328.792s][info ][safepoint     ] Application time: 3.0017975 seconds
[2023-10-30T19:36:04.444+0000][328.792s][info ][safepoint     ] Entering safepoint region: Cleanup
[2023-10-30T19:36:04.445+0000][328.794s][info ][safepoint     ] Leaving safepoint region
[2023-10-30T19:36:04.446+0000][328.794s][info ][safepoint     ] Total time for which application threads were stopped: 0.0018560 seconds, Stopping threads took: 0.0008353 seconds
[2023-10-30T19:36:17.450+0000][341.798s][debug][safepoint     ] Safepoint synchronization initiated. (162 threads)
[2023-10-30T19:36:17.451+0000][341.799s][info ][safepoint     ] Application time: 13.0037799 seconds
[2023-10-30T19:36:17.451+0000][341.799s][info ][safepoint     ] Entering safepoint region: Cleanup
[2023-10-30T19:36:17.452+0000][341.800s][info ][safepoint     ] Leaving safepoint region
[2023-10-30T19:36:17.453+0000][341.801s][info ][safepoint     ] Total time for which application threads were stopped: 0.0015097 seconds, Stopping threads took: 0.0006905 seconds
[2023-10-30T19:36:27.456+0000][351.804s][debug][safepoint     ] Safepoint synchronization initiated. (162 threads)
[2023-10-30T19:36:27.457+0000][351.806s][info ][safepoint     ] Application time: 10.0041123 seconds
[2023-10-30T19:36:27.459+0000][351.807s][info ][safepoint     ] Entering safepoint region: Cleanup
[2023-10-30T19:36:27.460+0000][351.808s][info ][safepoint     ] Leaving safepoint region
[2023-10-30T19:36:27.461+0000][351.809s][info ][safepoint     ] Total time for which application threads were stopped: 0.0026006 seconds, Stopping threads took: 0.0011984 seconds
[2023-10-30T19:36:45.468+0000][369.816s][debug][safepoint     ] Safepoint synchronization initiated. (162 threads)
[2023-10-30T19:36:45.469+0000][369.817s][info ][safepoint     ] Application time: 18.0067035 seconds
[2023-10-30T19:36:45.470+0000][369.818s][info ][safepoint     ] Entering safepoint region: Cleanup
[2023-10-30T19:36:45.472+0000][369.820s][info ][safepoint     ] Leaving safepoint region
[2023-10-30T19:36:45.473+0000][369.821s][info ][safepoint     ] Total time for which application threads were stopped: 0.0023713 seconds, Stopping threads took: 0.0009438 seconds
[2023-10-30T19:36:59.477+0000][383.826s][debug][safepoint     ] Safepoint synchronization initiated. (162 threads)
[2023-10-30T19:36:59.478+0000][383.827s][info ][safepoint     ] Application time: 14.0051233 seconds
[2023-10-30T19:36:59.479+0000][383.828s][info ][safepoint     ] Entering safepoint region: Cleanup
[2023-10-30T19:36:59.480+0000][383.829s][info ][safepoint     ] Leaving safepoint region
[2023-10-30T19:36:59.481+0000][383.830s][info ][safepoint     ] Total time for which application threads were stopped: 0.0016754 seconds, Stopping threads took: 0.0007225 seconds
[2023-10-30T19:37:10.484+0000][394.833s][debug][safepoint     ] Safepoint synchronization initiated. (162 threads)
[2023-10-30T19:37:10.485+0000][394.834s][info ][safepoint     ] Application time: 11.0038463 seconds
[2023-10-30T19:37:10.486+0000][394.835s][info ][safepoint     ] Entering safepoint region: Cleanup
[2023-10-30T19:37:10.488+0000][394.837s][info ][safepoint     ] Leaving safepoint region
[2023-10-30T19:37:10.489+0000][394.838s][info ][safepoint     ] Total time for which application threads were stopped: 0.0023576 seconds, Stopping threads took: 0.0009661 seconds
[2023-10-30T19:37:14.490+0000][398.839s][debug][safepoint     ] Safepoint synchronization initiated. (162 threads)
[2023-10-30T19:37:14.491+0000][398.840s][info ][safepoint     ] Application time: 4.0019852 seconds
[2023-10-30T19:37:14.492+0000][398.841s][info ][safepoint     ] Entering safepoint region: Cleanup
[2023-10-30T19:37:14.493+0000][398.842s][info ][safepoint     ] Leaving safepoint region
[2023-10-30T19:37:14.494+0000][398.843s][info ][safepoint     ] Total time for which application threads were stopped: 0.0019626 seconds, Stopping threads took: 0.0008489 seconds
[2023-10-30T19:37:15.495+0000][399.844s][debug][safepoint     ] Safepoint synchronization initiated. (162 threads)
[2023-10-30T19:37:15.496+0000][399.845s][info ][safepoint     ] Application time: 1.0013593 seconds
[2023-10-30T19:37:15.497+0000][399.846s][info ][safepoint     ] Entering safepoint region: Cleanup
[2023-10-30T19:37:15.498+0000][399.847s][info ][safepoint     ] Leaving safepoint region
[2023-10-30T19:37:15.499+0000][399.848s][info ][safepoint     ] Total time for which application threads were stopped: 0.0020272 seconds, Stopping threads took: 0.0008181 seconds
[2023-10-30T19:37:17.500+0000][401.849s][debug][safepoint     ] Safepoint synchronization initiated. (162 threads)
[2023-10-30T19:37:17.501+0000][401.850s][info ][safepoint     ] Application time: 2.0009440 seconds
[2023-10-30T19:37:17.501+0000][401.850s][info ][safepoint     ] Entering safepoint region: Cleanup
[2023-10-30T19:37:17.502+0000][401.851s][info ][safepoint     ] Leaving safepoint region
[2023-10-30T19:37:17.502+0000][401.851s][info ][safepoint     ] Total time for which application threads were stopped: 0.0010031 seconds, Stopping threads took: 0.0004357 seconds
[2023-10-30T19:37:33.506+0000][417.856s][debug][safepoint     ] Safepoint synchronization initiated. (162 threads)
[2023-10-30T19:37:33.508+0000][417.857s][info ][safepoint     ] Application time: 16.0056838 seconds
[2023-10-30T19:37:33.509+0000][417.859s][info ][safepoint     ] Entering safepoint region: Cleanup
[2023-10-30T19:37:33.510+0000][417.860s][info ][safepoint     ] Leaving safepoint region
[2023-10-30T19:37:33.511+0000][417.861s][info ][safepoint     ] Total time for which application threads were stopped: 0.0025526 seconds, Stopping threads took: 0.0010846 seconds
[2023-10-30T19:37:51.226+0000][435.576s][debug][safepoint     ] Safepoint synchronization initiated. (162 threads)
[2023-10-30T19:37:51.226+0000][435.576s][info ][safepoint     ] Application time: 17.7141689 seconds
[2023-10-30T19:37:51.227+0000][435.576s][info ][safepoint     ] Entering safepoint region: G1CollectForAllocation
[2023-10-30T19:37:51.227+0000][435.577s][info ][gc,start      ] GC(63) Pause Young (Normal) (G1 Evacuation Pause)
[2023-10-30T19:37:51.228+0000][435.577s][info ][gc,task       ] GC(63) Using 8 workers of 8 for evacuation
[2023-10-30T19:37:51.236+0000][435.585s][info ][gc,phases     ] GC(63)   Pre Evacuate Collection Set: 0.0ms
[2023-10-30T19:37:51.236+0000][435.586s][info ][gc,phases     ] GC(63)   Evacuate Collection Set: 4.9ms
[2023-10-30T19:37:51.237+0000][435.587s][info ][gc,phases     ] GC(63)   Post Evacuate Collection Set: 2.7ms
[2023-10-30T19:37:51.237+0000][435.587s][info ][gc,phases     ] GC(63)   Other: 1.0ms
[2023-10-30T19:37:51.238+0000][435.588s][info ][gc,heap       ] GC(63) Eden regions: 171->0(171)
[2023-10-30T19:37:51.238+0000][435.588s][info ][gc,heap       ] GC(63) Survivor regions: 12->12(23)
[2023-10-30T19:37:51.239+0000][435.589s][info ][gc,heap       ] GC(63) Old regions: 139->139
[2023-10-30T19:37:51.239+0000][435.589s][info ][gc,heap       ] GC(63) Humongous regions: 0->0
[2023-10-30T19:37:51.240+0000][435.590s][info ][gc,metaspace  ] GC(63) Metaspace: 152608K(157524K)->152608K(157524K) NonClass: 134660K(137608K)->134660K(137608K) Class: 17948K(19916K)->17948K(19916K)
[2023-10-30T19:37:51.240+0000][435.590s][info ][gc            ] GC(63) Pause Young (Normal) (G1 Evacuation Pause) 319M->148M(372M) 13.102ms
[2023-10-30T19:37:51.241+0000][435.591s][info ][gc,cpu        ] GC(63) User=0.05s Sys=0.00s Real=0.02s
[2023-10-30T19:37:51.241+0000][435.591s][info ][safepoint     ] Leaving safepoint region
[2023-10-30T19:37:51.242+0000][435.592s][info ][safepoint     ] Total time for which application threads were stopped: 0.0152509 seconds, Stopping threads took: 0.0003365 seconds
[2023-10-30T19:37:51.242+0000][435.592s][info ][gc,stringdedup] Concurrent String Deduplication (435.592s)
[2023-10-30T19:37:51.244+0000][435.594s][info ][gc,stringdedup] Concurrent String Deduplication 263.6K->148.7K(114.9K) avg 54.2% (435.592s, 435.594s) 1.954ms
[2023-10-30T19:37:57.243+0000][441.594s][debug][safepoint     ] Safepoint synchronization initiated. (162 threads)
[2023-10-30T19:37:57.245+0000][441.595s][info ][safepoint     ] Application time: 6.0027246 seconds
[2023-10-30T19:37:57.246+0000][441.596s][info ][safepoint     ] Entering safepoint region: Cleanup
[2023-10-30T19:37:57.247+0000][441.597s][info ][safepoint     ] Leaving safepoint region
[2023-10-30T19:37:57.248+0000][441.598s][info ][safepoint     ] Total time for which application threads were stopped: 0.0020480 seconds, Stopping threads took: 0.0008957 seconds
[2023-10-30T19:38:10.252+0000][454.602s][debug][safepoint     ] Safepoint synchronization initiated. (162 threads)
[2023-10-30T19:38:10.254+0000][454.604s][info ][safepoint     ] Application time: 13.0053512 seconds
[2023-10-30T19:38:10.255+0000][454.605s][info ][safepoint     ] Entering safepoint region: Cleanup
[2023-10-30T19:38:10.256+0000][454.606s][info ][safepoint     ] Leaving safepoint region
[2023-10-30T19:38:10.257+0000][454.607s][info ][safepoint     ] Total time for which application threads were stopped: 0.0023022 seconds, Stopping threads took: 0.0009698 seconds
[2023-10-30T19:38:13.259+0000][457.609s][debug][safepoint     ] Safepoint synchronization initiated. (162 threads)
[2023-10-30T19:38:13.260+0000][457.610s][info ][safepoint     ] Application time: 3.0023243 seconds
[2023-10-30T19:38:13.261+0000][457.611s][info ][safepoint     ] Entering safepoint region: Cleanup
[2023-10-30T19:38:13.262+0000][457.612s][info ][safepoint     ] Leaving safepoint region
[2023-10-30T19:38:13.263+0000][457.613s][info ][safepoint     ] Total time for which application threads were stopped: 0.0021916 seconds, Stopping threads took: 0.0009334 seconds
[2023-10-30T19:38:17.265+0000][461.615s][debug][safepoint     ] Safepoint synchronization initiated. (162 threads)
[2023-10-30T19:38:17.266+0000][461.616s][info ][safepoint     ] Application time: 4.0023681 seconds
[2023-10-30T19:38:17.267+0000][461.618s][info ][safepoint     ] Entering safepoint region: Cleanup
[2023-10-30T19:38:17.269+0000][461.619s][info ][safepoint     ] Leaving safepoint region
[2023-10-30T19:38:17.270+0000][461.620s][info ][safepoint     ] Total time for which application threads were stopped: 0.0023824 seconds, Stopping threads took: 0.0011268 seconds
[2023-10-30T19:39:10.284+0000][514.635s][debug][safepoint     ] Safepoint synchronization initiated. (162 threads)
[2023-10-30T19:39:10.285+0000][514.636s][info ][safepoint     ] Application time: 53.0154686 seconds
[2023-10-30T19:39:10.286+0000][514.637s][info ][safepoint     ] Entering safepoint region: Cleanup
[2023-10-30T19:39:10.288+0000][514.639s][info ][safepoint     ] Leaving safepoint region
[2023-10-30T19:39:10.289+0000][514.639s][info ][safepoint     ] Total time for which application threads were stopped: 0.0021857 seconds, Stopping threads took: 0.0011343 seconds
[2023-10-30T19:39:17.291+0000][521.642s][debug][safepoint     ] Safepoint synchronization initiated. (162 threads)
[2023-10-30T19:39:17.292+0000][521.643s][info ][safepoint     ] Application time: 7.0030662 seconds
[2023-10-30T19:39:17.294+0000][521.644s][info ][safepoint     ] Entering safepoint region: Cleanup
[2023-10-30T19:39:17.295+0000][521.646s][info ][safepoint     ] Leaving safepoint region
[2023-10-30T19:39:17.296+0000][521.647s][info ][safepoint     ] Total time for which application threads were stopped: 0.0021888 seconds, Stopping threads took: 0.0009546 seconds
[2023-10-30T19:40:21.314+0000][585.665s][debug][safepoint     ] Safepoint synchronization initiated. (162 threads)
[2023-10-30T19:40:21.315+0000][585.666s][info ][safepoint     ] Application time: 64.0184702 seconds
[2023-10-30T19:40:21.315+0000][585.666s][info ][safepoint     ] Entering safepoint region: Cleanup
[2023-10-30T19:40:21.316+0000][585.667s][info ][safepoint     ] Leaving safepoint region
[2023-10-30T19:40:21.316+0000][585.667s][info ][safepoint     ] Total time for which application threads were stopped: 0.0011278 seconds, Stopping threads took: 0.0004132 seconds
[2023-10-30T19:40:24.317+0000][588.669s][debug][safepoint     ] Safepoint synchronization initiated. (162 threads)
[2023-10-30T19:40:24.319+0000][588.670s][info ][safepoint     ] Application time: 3.0020670 seconds
[2023-10-30T19:40:24.320+0000][588.671s][info ][safepoint     ] Entering safepoint region: Cleanup
[2023-10-30T19:40:24.321+0000][588.672s][info ][safepoint     ] Leaving safepoint region
[2023-10-30T19:40:24.322+0000][588.673s][info ][safepoint     ] Total time for which application threads were stopped: 0.0021634 seconds, Stopping threads took: 0.0010103 seconds
[2023-10-30T19:40:37.326+0000][601.677s][debug][safepoint     ] Safepoint synchronization initiated. (162 threads)
[2023-10-30T19:40:37.327+0000][601.678s][info ][safepoint     ] Application time: 13.0042317 seconds
[2023-10-30T19:40:37.327+0000][601.679s][info ][safepoint     ] Entering safepoint region: Cleanup
[2023-10-30T19:40:37.328+0000][601.680s][info ][safepoint     ] Leaving safepoint region
[2023-10-30T19:40:37.329+0000][601.681s][info ][safepoint     ] Total time for which application threads were stopped: 0.0016782 seconds, Stopping threads took: 0.0006737 seconds
[2023-10-30T19:40:56.334+0000][620.686s][debug][safepoint     ] Safepoint synchronization initiated. (162 threads)
[2023-10-30T19:40:56.336+0000][620.687s][info ][safepoint     ] Application time: 19.0060306 seconds
[2023-10-30T19:40:56.337+0000][620.688s][info ][safepoint     ] Entering safepoint region: Cleanup
[2023-10-30T19:40:56.338+0000][620.690s][info ][safepoint     ] Leaving safepoint region
[2023-10-30T19:40:56.339+0000][620.690s][info ][safepoint     ] Total time for which application threads were stopped: 0.0022209 seconds, Stopping threads took: 0.0010054 seconds
[2023-10-30T19:41:04.197+0000][628.549s][debug][safepoint     ] Safepoint synchronization initiated. (162 threads)
[2023-10-30T19:41:04.199+0000][628.550s][info ][safepoint     ] Application time: 7.8590059 seconds
[2023-10-30T19:41:04.200+0000][628.551s][info ][safepoint     ] Entering safepoint region: G1CollectForAllocation
[2023-10-30T19:41:04.201+0000][628.553s][info ][gc,start      ] GC(64) Pause Young (Normal) (G1 Evacuation Pause)
[2023-10-30T19:41:04.202+0000][628.554s][info ][gc,task       ] GC(64) Using 8 workers of 8 for evacuation
[2023-10-30T19:41:04.211+0000][628.563s][info ][gc,phases     ] GC(64)   Pre Evacuate Collection Set: 0.0ms
[2023-10-30T19:41:04.212+0000][628.563s][info ][gc,phases     ] GC(64)   Evacuate Collection Set: 5.5ms
[2023-10-30T19:41:04.212+0000][628.564s][info ][gc,phases     ] GC(64)   Post Evacuate Collection Set: 2.8ms
[2023-10-30T19:41:04.213+0000][628.564s][info ][gc,phases     ] GC(64)   Other: 1.9ms
[2023-10-30T19:41:04.213+0000][628.565s][info ][gc,heap       ] GC(64) Eden regions: 171->0(171)
[2023-10-30T19:41:04.214+0000][628.565s][info ][gc,heap       ] GC(64) Survivor regions: 12->12(23)
[2023-10-30T19:41:04.214+0000][628.566s][info ][gc,heap       ] GC(64) Old regions: 139->139
[2023-10-30T19:41:04.215+0000][628.566s][info ][gc,heap       ] GC(64) Humongous regions: 0->0
[2023-10-30T19:41:04.215+0000][628.567s][info ][gc,metaspace  ] GC(64) Metaspace: 152689K(157780K)->152689K(157780K) NonClass: 134739K(137864K)->134739K(137864K) Class: 17949K(19916K)->17949K(19916K)
[2023-10-30T19:41:04.216+0000][628.567s][info ][gc            ] GC(64) Pause Young (Normal) (G1 Evacuation Pause) 319M->148M(372M) 14.569ms
[2023-10-30T19:41:04.216+0000][628.568s][info ][gc,cpu        ] GC(64) User=0.06s Sys=0.00s Real=0.01s
[2023-10-30T19:41:04.217+0000][628.568s][info ][safepoint     ] Leaving safepoint region
[2023-10-30T19:41:04.217+0000][628.569s][info ][safepoint     ] Total time for which application threads were stopped: 0.0175078 seconds, Stopping threads took: 0.0009351 seconds
[2023-10-30T19:41:04.218+0000][628.569s][info ][gc,stringdedup] Concurrent String Deduplication (628.569s)
[2023-10-30T19:41:04.218+0000][628.570s][info ][gc,stringdedup] Concurrent String Deduplication 6392.0B->4416.0B(1976.0B) avg 54.2% (628.569s, 628.570s) 0.512ms
[2023-10-30T19:41:06.218+0000][630.570s][debug][safepoint     ] Safepoint synchronization initiated. (162 threads)
[2023-10-30T19:41:06.219+0000][630.570s][info ][safepoint     ] Application time: 2.0010666 seconds
[2023-10-30T19:41:06.219+0000][630.571s][info ][safepoint     ] Entering safepoint region: Cleanup
[2023-10-30T19:41:06.220+0000][630.571s][info ][safepoint     ] Leaving safepoint region
[2023-10-30T19:41:06.220+0000][630.572s][info ][safepoint     ] Total time for which application threads were stopped: 0.0010881 seconds, Stopping threads took: 0.0005507 seconds
[2023-10-30T19:41:10.222+0000][634.573s][debug][safepoint     ] Safepoint synchronization initiated. (162 threads)
[2023-10-30T19:41:10.223+0000][634.574s][info ][safepoint     ] Application time: 4.0021569 seconds
[2023-10-30T19:41:10.224+0000][634.575s][info ][safepoint     ] Entering safepoint region: Cleanup
[2023-10-30T19:41:10.225+0000][634.576s][info ][safepoint     ] Leaving safepoint region
[2023-10-30T19:41:10.226+0000][634.577s][info ][safepoint     ] Total time for which application threads were stopped: 0.0022039 seconds, Stopping threads took: 0.0008427 seconds
[2023-10-30T19:41:17.228+0000][641.580s][debug][safepoint     ] Safepoint synchronization initiated. (162 threads)
[2023-10-30T19:41:17.229+0000][641.581s][info ][safepoint     ] Application time: 7.0029346 seconds
[2023-10-30T19:41:17.230+0000][641.582s][info ][safepoint     ] Entering safepoint region: Cleanup
[2023-10-30T19:41:17.231+0000][641.583s][info ][safepoint     ] Leaving safepoint region
[2023-10-30T19:41:17.232+0000][641.584s][info ][safepoint     ] Total time for which application threads were stopped: 0.0017859 seconds, Stopping threads took: 0.0006908 seconds
[2023-10-30T19:41:47.240+0000][671.592s][debug][safepoint     ] Safepoint synchronization initiated. (162 threads)
[2023-10-30T19:41:47.241+0000][671.593s][info ][safepoint     ] Application time: 30.0086706 seconds
[2023-10-30T19:41:47.242+0000][671.594s][info ][safepoint     ] Entering safepoint region: Cleanup
[2023-10-30T19:41:47.244+0000][671.596s][info ][safepoint     ] Leaving safepoint region
[2023-10-30T19:41:47.245+0000][671.597s][info ][safepoint     ] Total time for which application threads were stopped: 0.0026744 seconds, Stopping threads took: 0.0012506 seconds
[2023-10-30T19:42:09.251+0000][693.602s][debug][safepoint     ] Safepoint synchronization initiated. (162 threads)
[2023-10-30T19:42:09.252+0000][693.603s][info ][safepoint     ] Application time: 22.0059144 seconds
[2023-10-30T19:42:09.253+0000][693.604s][info ][safepoint     ] Entering safepoint region: Cleanup
[2023-10-30T19:42:09.254+0000][693.606s][info ][safepoint     ] Leaving safepoint region
[2023-10-30T19:42:09.255+0000][693.606s][info ][safepoint     ] Total time for which application threads were stopped: 0.0019559 seconds, Stopping threads took: 0.0008661 seconds
[2023-10-30T19:42:10.256+0000][694.608s][debug][safepoint     ] Safepoint synchronization initiated. (162 threads)
[2023-10-30T19:42:10.257+0000][694.609s][info ][safepoint     ] Application time: 1.0016508 seconds
[2023-10-30T19:42:10.258+0000][694.610s][info ][safepoint     ] Entering safepoint region: Cleanup
[2023-10-30T19:42:10.260+0000][694.612s][info ][safepoint     ] Leaving safepoint region
[2023-10-30T19:42:10.261+0000][694.612s][info ][safepoint     ] Total time for which application threads were stopped: 0.0024375 seconds, Stopping threads took: 0.0011372 seconds
[2023-10-30T19:42:17.263+0000][701.615s][debug][safepoint     ] Safepoint synchronization initiated. (162 threads)
[2023-10-30T19:42:17.264+0000][701.615s][info ][safepoint     ] Application time: 7.0024051 seconds
[2023-10-30T19:42:17.264+0000][701.616s][info ][safepoint     ] Entering safepoint region: Cleanup
[2023-10-30T19:42:17.265+0000][701.616s][info ][safepoint     ] Leaving safepoint region
[2023-10-30T19:42:17.265+0000][701.617s][info ][safepoint     ] Total time for which application threads were stopped: 0.0009332 seconds, Stopping threads took: 0.0003979 seconds
[2023-10-30T19:42:32.269+0000][716.621s][debug][safepoint     ] Safepoint synchronization initiated. (162 threads)
[2023-10-30T19:42:32.270+0000][716.622s][info ][safepoint     ] Application time: 15.0049346 seconds
[2023-10-30T19:42:32.271+0000][716.623s][info ][safepoint     ] Entering safepoint region: Cleanup
[2023-10-30T19:42:32.272+0000][716.624s][info ][safepoint     ] Leaving safepoint region
[2023-10-30T19:42:32.273+0000][716.625s][info ][safepoint     ] Total time for which application threads were stopped: 0.0019180 seconds, Stopping threads took: 0.0008070 seconds
[2023-10-30T19:43:10.284+0000][754.635s][debug][safepoint     ] Safepoint synchronization initiated. (161 threads)
[2023-10-30T19:43:10.285+0000][754.637s][info ][safepoint     ] Application time: 38.0112542 seconds
[2023-10-30T19:43:10.286+0000][754.638s][info ][safepoint     ] Entering safepoint region: Cleanup
[2023-10-30T19:43:10.288+0000][754.639s][info ][safepoint     ] Leaving safepoint region
[2023-10-30T19:43:10.288+0000][754.640s][info ][safepoint     ] Total time for which application threads were stopped: 0.0023230 seconds, Stopping threads took: 0.0010685 seconds
[2023-10-30T19:43:43.296+0000][787.648s][debug][safepoint     ] Safepoint synchronization initiated. (161 threads)
[2023-10-30T19:43:43.297+0000][787.650s][info ][safepoint     ] Application time: 33.0089162 seconds
[2023-10-30T19:43:43.298+0000][787.651s][info ][safepoint     ] Entering safepoint region: Cleanup
[2023-10-30T19:43:43.300+0000][787.652s][info ][safepoint     ] Leaving safepoint region
[2023-10-30T19:43:43.301+0000][787.653s][info ][safepoint     ] Total time for which application threads were stopped: 0.0023206 seconds, Stopping threads took: 0.0010588 seconds
[2023-10-30T19:43:49.303+0000][793.656s][debug][safepoint     ] Safepoint synchronization initiated. (161 threads)
[2023-10-30T19:43:49.304+0000][793.657s][info ][safepoint     ] Application time: 6.0025594 seconds
[2023-10-30T19:43:49.305+0000][793.658s][info ][safepoint     ] Entering safepoint region: Cleanup
[2023-10-30T19:43:49.307+0000][793.659s][info ][safepoint     ] Leaving safepoint region
[2023-10-30T19:43:49.308+0000][793.660s][info ][safepoint     ] Total time for which application threads were stopped: 0.0023389 seconds, Stopping threads took: 0.0010576 seconds
[2023-10-30T19:43:57.310+0000][801.663s][debug][safepoint     ] Safepoint synchronization initiated. (161 threads)
[2023-10-30T19:43:57.311+0000][801.664s][info ][safepoint     ] Application time: 8.0029430 seconds
[2023-10-30T19:43:57.312+0000][801.665s][info ][safepoint     ] Entering safepoint region: Cleanup
[2023-10-30T19:43:57.313+0000][801.666s][info ][safepoint     ] Leaving safepoint region
[2023-10-30T19:43:57.314+0000][801.667s][info ][safepoint     ] Total time for which application threads were stopped: 0.0018686 seconds, Stopping threads took: 0.0008785 seconds
[2023-10-30T19:44:17.320+0000][821.673s][debug][safepoint     ] Safepoint synchronization initiated. (161 threads)
[2023-10-30T19:44:17.322+0000][821.675s][info ][safepoint     ] Application time: 20.0070673 seconds
[2023-10-30T19:44:17.323+0000][821.676s][info ][safepoint     ] Entering safepoint region: Cleanup
[2023-10-30T19:44:17.324+0000][821.677s][info ][safepoint     ] Leaving safepoint region
[2023-10-30T19:44:17.325+0000][821.678s][info ][safepoint     ] Total time for which application threads were stopped: 0.0020902 seconds, Stopping threads took: 0.0007323 seconds
[2023-10-30T19:44:17.387+0000][821.740s][debug][safepoint     ] Safepoint synchronization initiated. (161 threads)
[2023-10-30T19:44:17.388+0000][821.741s][info ][safepoint     ] Application time: 0.0625293 seconds
[2023-10-30T19:44:17.389+0000][821.742s][info ][safepoint     ] Entering safepoint region: G1CollectForAllocation
[2023-10-30T19:44:17.390+0000][821.743s][info ][gc,start      ] GC(65) Pause Young (Normal) (G1 Evacuation Pause)
[2023-10-30T19:44:17.391+0000][821.743s][info ][gc,task       ] GC(65) Using 8 workers of 8 for evacuation
[2023-10-30T19:44:17.398+0000][821.751s][info ][gc,phases     ] GC(65)   Pre Evacuate Collection Set: 0.0ms
[2023-10-30T19:44:17.399+0000][821.751s][info ][gc,phases     ] GC(65)   Evacuate Collection Set: 4.6ms
[2023-10-30T19:44:17.399+0000][821.752s][info ][gc,phases     ] GC(65)   Post Evacuate Collection Set: 2.6ms
[2023-10-30T19:44:17.400+0000][821.753s][info ][gc,phases     ] GC(65)   Other: 1.0ms
[2023-10-30T19:44:17.400+0000][821.753s][info ][gc,heap       ] GC(65) Eden regions: 171->0(171)
[2023-10-30T19:44:17.401+0000][821.753s][info ][gc,heap       ] GC(65) Survivor regions: 12->12(23)
[2023-10-30T19:44:17.401+0000][821.754s][info ][gc,heap       ] GC(65) Old regions: 139->139
[2023-10-30T19:44:17.401+0000][821.754s][info ][gc,heap       ] GC(65) Humongous regions: 0->0
[2023-10-30T19:44:17.402+0000][821.755s][info ][gc,metaspace  ] GC(65) Metaspace: 152820K(157780K)->152820K(157780K) NonClass: 134871K(137864K)->134871K(137864K) Class: 17949K(19916K)->17949K(19916K)
[2023-10-30T19:44:17.402+0000][821.755s][info ][gc            ] GC(65) Pause Young (Normal) (G1 Evacuation Pause) 319M->148M(372M) 12.180ms
[2023-10-30T19:44:17.403+0000][821.755s][info ][gc,cpu        ] GC(65) User=0.04s Sys=0.01s Real=0.01s
[2023-10-30T19:44:17.403+0000][821.756s][info ][safepoint     ] Leaving safepoint region
[2023-10-30T19:44:17.404+0000][821.756s][info ][safepoint     ] Total time for which application threads were stopped: 0.0144902 seconds, Stopping threads took: 0.0006960 seconds
[2023-10-30T19:44:17.404+0000][821.757s][info ][gc,stringdedup] Concurrent String Deduplication (821.757s)
[2023-10-30T19:44:17.405+0000][821.757s][info ][gc,stringdedup] Concurrent String Deduplication 216.0B->184.0B(32.0B) avg 54.2% (821.757s, 821.757s) 0.561ms
[2023-10-30T19:44:18.404+0000][822.757s][debug][safepoint     ] Safepoint synchronization initiated. (161 threads)
[2023-10-30T19:44:18.405+0000][822.758s][info ][safepoint     ] Application time: 1.0009192 seconds
[2023-10-30T19:44:18.406+0000][822.759s][info ][safepoint     ] Entering safepoint region: Cleanup
[2023-10-30T19:44:18.407+0000][822.760s][info ][safepoint     ] Leaving safepoint region
[2023-10-30T19:44:18.407+0000][822.760s][info ][safepoint     ] Total time for which application threads were stopped: 0.0018919 seconds, Stopping threads took: 0.0011738 seconds
[2023-10-30T19:44:31.411+0000][835.764s][debug][safepoint     ] Safepoint synchronization initiated. (161 threads)
[2023-10-30T19:44:31.412+0000][835.765s][info ][safepoint     ] Application time: 13.0042780 seconds
[2023-10-30T19:44:31.413+0000][835.766s][info ][safepoint     ] Entering safepoint region: Cleanup
[2023-10-30T19:44:31.414+0000][835.767s][info ][safepoint     ] Leaving safepoint region
[2023-10-30T19:44:31.415+0000][835.768s][info ][safepoint     ] Total time for which application threads were stopped: 0.0018293 seconds, Stopping threads took: 0.0007625 seconds
[2023-10-30T19:44:57.422+0000][861.775s][debug][safepoint     ] Safepoint synchronization initiated. (161 threads)
[2023-10-30T19:44:57.422+0000][861.775s][info ][safepoint     ] Application time: 26.0070924 seconds
[2023-10-30T19:44:57.423+0000][861.776s][info ][safepoint     ] Entering safepoint region: Cleanup
[2023-10-30T19:44:57.423+0000][861.776s][info ][safepoint     ] Leaving safepoint region
[2023-10-30T19:44:57.424+0000][861.777s][info ][safepoint     ] Total time for which application threads were stopped: 0.0009826 seconds, Stopping threads took: 0.0003654 seconds
[2023-10-30T19:45:17.429+0000][881.782s][debug][safepoint     ] Safepoint synchronization initiated. (161 threads)
[2023-10-30T19:45:17.430+0000][881.783s][info ][safepoint     ] Application time: 20.0064197 seconds
[2023-10-30T19:45:17.431+0000][881.784s][info ][safepoint     ] Entering safepoint region: Cleanup
[2023-10-30T19:45:17.432+0000][881.785s][info ][safepoint     ] Leaving safepoint region
[2023-10-30T19:45:17.433+0000][881.786s][info ][safepoint     ] Total time for which application threads were stopped: 0.0015814 seconds, Stopping threads took: 0.0008150 seconds
[2023-10-30T19:45:27.434+0000][891.788s][debug][safepoint     ] Safepoint synchronization initiated. (161 threads)
[2023-10-30T19:45:27.435+0000][891.789s][info ][safepoint     ] Application time: 10.0033802 seconds
[2023-10-30T19:45:27.436+0000][891.790s][info ][safepoint     ] Entering safepoint region: Cleanup
[2023-10-30T19:45:27.437+0000][891.791s][info ][safepoint     ] Leaving safepoint region
[2023-10-30T19:45:27.437+0000][891.791s][info ][safepoint     ] Total time for which application threads were stopped: 0.0013944 seconds, Stopping threads took: 0.0005556 seconds
[2023-10-30T19:46:10.449+0000][934.802s][debug][safepoint     ] Safepoint synchronization initiated. (161 threads)
[2023-10-30T19:46:10.450+0000][934.803s][info ][safepoint     ] Application time: 43.0106793 seconds
[2023-10-30T19:46:10.451+0000][934.804s][info ][safepoint     ] Entering safepoint region: Cleanup
[2023-10-30T19:46:10.452+0000][934.805s][info ][safepoint     ] Leaving safepoint region
[2023-10-30T19:46:10.453+0000][934.806s][info ][safepoint     ] Total time for which application threads were stopped: 0.0019909 seconds, Stopping threads took: 0.0008419 seconds
[2023-10-30T19:46:17.455+0000][941.808s][debug][safepoint     ] Safepoint synchronization initiated. (161 threads)
[2023-10-30T19:46:17.455+0000][941.808s][info ][safepoint     ] Application time: 7.0020199 seconds
[2023-10-30T19:46:17.456+0000][941.809s][info ][safepoint     ] Entering safepoint region: Cleanup
[2023-10-30T19:46:17.456+0000][941.809s][info ][safepoint     ] Leaving safepoint region
[2023-10-30T19:46:17.457+0000][941.810s][info ][safepoint     ] Total time for which application threads were stopped: 0.0009103 seconds, Stopping threads took: 0.0004354 seconds
[2023-10-30T19:46:51.466+0000][975.819s][debug][safepoint     ] Safepoint synchronization initiated. (161 threads)
[2023-10-30T19:46:51.468+0000][975.821s][info ][safepoint     ] Application time: 34.0105897 seconds
[2023-10-30T19:46:51.469+0000][975.822s][info ][safepoint     ] Entering safepoint region: Cleanup
[2023-10-30T19:46:51.470+0000][975.823s][info ][safepoint     ] Leaving safepoint region
[2023-10-30T19:46:51.471+0000][975.824s][info ][safepoint     ] Total time for which application threads were stopped: 0.0023662 seconds, Stopping threads took: 0.0012666 seconds
[2023-10-30T19:47:30.737+0000][1015.090s][debug][safepoint     ] Safepoint synchronization initiated. (161 threads)
[2023-10-30T19:47:30.738+0000][1015.091s][info ][safepoint     ] Application time: 39.2663207 seconds
[2023-10-30T19:47:30.739+0000][1015.092s][info ][safepoint     ] Entering safepoint region: G1CollectForAllocation
[2023-10-30T19:47:30.740+0000][1015.093s][info ][gc,start      ] GC(66) Pause Young (Normal) (G1 Evacuation Pause)
[2023-10-30T19:47:30.741+0000][1015.094s][info ][gc,task       ] GC(66) Using 8 workers of 8 for evacuation
[2023-10-30T19:47:30.750+0000][1015.103s][info ][gc,phases     ] GC(66)   Pre Evacuate Collection Set: 0.0ms
[2023-10-30T19:47:30.750+0000][1015.103s][info ][gc,phases     ] GC(66)   Evacuate Collection Set: 5.0ms
[2023-10-30T19:47:30.751+0000][1015.104s][info ][gc,phases     ] GC(66)   Post Evacuate Collection Set: 3.1ms
[2023-10-30T19:47:30.752+0000][1015.104s][info ][gc,phases     ] GC(66)   Other: 1.5ms
[2023-10-30T19:47:30.752+0000][1015.105s][info ][gc,heap       ] GC(66) Eden regions: 171->0(173)
[2023-10-30T19:47:30.753+0000][1015.106s][info ][gc,heap       ] GC(66) Survivor regions: 12->10(23)
[2023-10-30T19:47:30.753+0000][1015.106s][info ][gc,heap       ] GC(66) Old regions: 139->141
[2023-10-30T19:47:30.754+0000][1015.107s][info ][gc,heap       ] GC(66) Humongous regions: 0->0
[2023-10-30T19:47:30.755+0000][1015.107s][info ][gc,metaspace  ] GC(66) Metaspace: 152899K(157780K)->152899K(157780K) NonClass: 134947K(137864K)->134947K(137864K) Class: 17951K(19916K)->17951K(19916K)
[2023-10-30T19:47:30.755+0000][1015.108s][info ][gc            ] GC(66) Pause Young (Normal) (G1 Evacuation Pause) 319M->148M(372M) 14.929ms
[2023-10-30T19:47:30.756+0000][1015.109s][info ][gc,cpu        ] GC(66) User=0.06s Sys=0.00s Real=0.01s
[2023-10-30T19:47:30.756+0000][1015.109s][info ][safepoint     ] Leaving safepoint region
[2023-10-30T19:47:30.757+0000][1015.110s][info ][safepoint     ] Total time for which application threads were stopped: 0.0177819 seconds, Stopping threads took: 0.0007795 seconds
[2023-10-30T19:47:30.757+0000][1015.110s][info ][gc,stringdedup] Concurrent String Deduplication (1015.110s)
[2023-10-30T19:47:30.758+0000][1015.111s][info ][gc,stringdedup] Concurrent String Deduplication 24.0B->0.0B(24.0B) avg 54.2% (1015.110s, 1015.111s) 0.409ms
[2023-10-30T19:48:10.768+0000][1055.121s][debug][safepoint     ] Safepoint synchronization initiated. (161 threads)
[2023-10-30T19:48:10.769+0000][1055.122s][info ][safepoint     ] Application time: 40.0120580 seconds
[2023-10-30T19:48:10.771+0000][1055.124s][info ][safepoint     ] Entering safepoint region: Cleanup
[2023-10-30T19:48:10.772+0000][1055.125s][info ][safepoint     ] Leaving safepoint region
[2023-10-30T19:48:10.773+0000][1055.126s][info ][safepoint     ] Total time for which application threads were stopped: 0.0022503 seconds, Stopping threads took: 0.0009490 seconds
[2023-10-30T19:48:16.775+0000][1061.128s][debug][safepoint     ] Safepoint synchronization initiated. (161 threads)
[2023-10-30T19:48:16.776+0000][1061.129s][info ][safepoint     ] Application time: 6.0027708 seconds
[2023-10-30T19:48:16.777+0000][1061.130s][info ][safepoint     ] Entering safepoint region: Cleanup
[2023-10-30T19:48:16.778+0000][1061.131s][info ][safepoint     ] Leaving safepoint region
[2023-10-30T19:48:16.779+0000][1061.132s][info ][safepoint     ] Total time for which application threads were stopped: 0.0022067 seconds, Stopping threads took: 0.0009423 seconds
[2023-10-30T19:48:17.780+0000][1062.133s][debug][safepoint     ] Safepoint synchronization initiated. (161 threads)
[2023-10-30T19:48:17.781+0000][1062.134s][info ][safepoint     ] Application time: 1.0009339 seconds
[2023-10-30T19:48:17.782+0000][1062.135s][info ][safepoint     ] Entering safepoint region: Cleanup
[2023-10-30T19:48:17.783+0000][1062.136s][info ][safepoint     ] Leaving safepoint region
[2023-10-30T19:48:17.784+0000][1062.137s][info ][safepoint     ] Total time for which application threads were stopped: 0.0020516 seconds, Stopping threads took: 0.0010120 seconds
[2023-10-30T19:49:10.798+0000][1115.152s][debug][safepoint     ] Safepoint synchronization initiated. (161 threads)
[2023-10-30T19:49:10.800+0000][1115.153s][info ][safepoint     ] Application time: 53.0152231 seconds
[2023-10-30T19:49:10.801+0000][1115.154s][info ][safepoint     ] Entering safepoint region: Cleanup
[2023-10-30T19:49:10.802+0000][1115.155s][info ][safepoint     ] Leaving safepoint region
[2023-10-30T19:49:10.803+0000][1115.156s][info ][safepoint     ] Total time for which application threads were stopped: 0.0021666 seconds, Stopping threads took: 0.0008747 seconds
[2023-10-30T19:49:37.810+0000][1142.164s][debug][safepoint     ] Safepoint synchronization initiated. (161 threads)
[2023-10-30T19:49:37.811+0000][1142.165s][info ][safepoint     ] Application time: 27.0080677 seconds
[2023-10-30T19:49:37.812+0000][1142.165s][info ][safepoint     ] Entering safepoint region: Cleanup
[2023-10-30T19:49:37.813+0000][1142.167s][info ][safepoint     ] Leaving safepoint region
[2023-10-30T19:49:37.814+0000][1142.167s][info ][safepoint     ] Total time for which application threads were stopped: 0.0020283 seconds, Stopping threads took: 0.0008741 seconds
[2023-10-30T19:49:56.821+0000][1161.174s][debug][safepoint     ] Safepoint synchronization initiated. (161 threads)
[2023-10-30T19:49:56.822+0000][1161.175s][info ][safepoint     ] Application time: 19.0068594 seconds
[2023-10-30T19:49:56.823+0000][1161.176s][info ][safepoint     ] Entering safepoint region: Cleanup
[2023-10-30T19:49:56.824+0000][1161.177s][info ][safepoint     ] Leaving safepoint region
[2023-10-30T19:49:56.825+0000][1161.178s][info ][safepoint     ] Total time for which application threads were stopped: 0.0020441 seconds, Stopping threads took: 0.0008835 seconds
[2023-10-30T19:50:07.829+0000][1172.182s][debug][safepoint     ] Safepoint synchronization initiated. (161 threads)
[2023-10-30T19:50:07.830+0000][1172.183s][info ][safepoint     ] Application time: 11.0042970 seconds
[2023-10-30T19:50:07.831+0000][1172.184s][info ][safepoint     ] Entering safepoint region: Cleanup
[2023-10-30T19:50:07.833+0000][1172.186s][info ][safepoint     ] Leaving safepoint region
[2023-10-30T19:50:07.834+0000][1172.187s][info ][safepoint     ] Total time for which application threads were stopped: 0.0026383 seconds, Stopping threads took: 0.0011004 seconds
[2023-10-30T19:50:13.835+0000][1178.188s][debug][safepoint     ] Safepoint synchronization initiated. (162 threads)
[2023-10-30T19:50:13.836+0000][1178.189s][info ][safepoint     ] Application time: 6.0013343 seconds
[2023-10-30T19:50:13.836+0000][1178.190s][info ][safepoint     ] Entering safepoint region: Cleanup
[2023-10-30T19:50:13.837+0000][1178.190s][info ][safepoint     ] Leaving safepoint region
[2023-10-30T19:50:13.838+0000][1178.191s][info ][safepoint     ] Total time for which application threads were stopped: 0.0013939 seconds, Stopping threads took: 0.0006645 seconds
[2023-10-30T19:50:16.839+0000][1181.192s][debug][safepoint     ] Safepoint synchronization initiated. (162 threads)
[2023-10-30T19:50:16.840+0000][1181.193s][info ][safepoint     ] Application time: 3.0015447 seconds
[2023-10-30T19:50:16.841+0000][1181.194s][info ][safepoint     ] Entering safepoint region: Cleanup
[2023-10-30T19:50:16.842+0000][1181.195s][info ][safepoint     ] Leaving safepoint region
[2023-10-30T19:50:16.843+0000][1181.196s][info ][safepoint     ] Total time for which application threads were stopped: 0.0023469 seconds, Stopping threads took: 0.0010992 seconds
[2023-10-30T19:50:46.800+0000][1211.153s][debug][safepoint     ] Safepoint synchronization initiated. (162 threads)
[2023-10-30T19:50:46.801+0000][1211.155s][info ][safepoint     ] Application time: 29.9577774 seconds
[2023-10-30T19:50:46.802+0000][1211.156s][info ][safepoint     ] Entering safepoint region: G1CollectForAllocation
[2023-10-30T19:50:46.804+0000][1211.157s][info ][gc,start      ] GC(67) Pause Young (Normal) (G1 Evacuation Pause)
[2023-10-30T19:50:46.804+0000][1211.158s][info ][gc,task       ] GC(67) Using 8 workers of 8 for evacuation
[2023-10-30T19:50:46.814+0000][1211.167s][info ][gc,phases     ] GC(67)   Pre Evacuate Collection Set: 0.0ms
[2023-10-30T19:50:46.815+0000][1211.168s][info ][gc,phases     ] GC(67)   Evacuate Collection Set: 6.1ms
[2023-10-30T19:50:46.815+0000][1211.168s][info ][gc,phases     ] GC(67)   Post Evacuate Collection Set: 2.6ms
[2023-10-30T19:50:46.816+0000][1211.169s][info ][gc,phases     ] GC(67)   Other: 1.7ms
[2023-10-30T19:50:46.816+0000][1211.169s][info ][gc,heap       ] GC(67) Eden regions: 173->0(176)
[2023-10-30T19:50:46.817+0000][1211.170s][info ][gc,heap       ] GC(67) Survivor regions: 10->8(23)
[2023-10-30T19:50:46.817+0000][1211.170s][info ][gc,heap       ] GC(67) Old regions: 141->142
[2023-10-30T19:50:46.817+0000][1211.171s][info ][gc,heap       ] GC(67) Humongous regions: 0->0
[2023-10-30T19:50:46.818+0000][1211.171s][info ][gc,metaspace  ] GC(67) Metaspace: 152942K(158036K)->152942K(158036K) NonClass: 134987K(138120K)->134987K(138120K) Class: 17954K(19916K)->17954K(19916K)
[2023-10-30T19:50:46.818+0000][1211.172s][info ][gc            ] GC(67) Pause Young (Normal) (G1 Evacuation Pause) 321M->148M(372M) 14.765ms
[2023-10-30T19:50:46.819+0000][1211.172s][info ][gc,cpu        ] GC(67) User=0.06s Sys=0.00s Real=0.02s
[2023-10-30T19:50:46.820+0000][1211.173s][info ][safepoint     ] Leaving safepoint region
[2023-10-30T19:50:46.820+0000][1211.173s][info ][safepoint     ] Total time for which application threads were stopped: 0.0178463 seconds, Stopping threads took: 0.0010533 seconds
[2023-10-30T19:50:46.820+0000][1211.174s][info ][gc,stringdedup] Concurrent String Deduplication (1211.174s)
[2023-10-30T19:50:46.821+0000][1211.174s][info ][gc,stringdedup] Concurrent String Deduplication 0.0B->0.0B(0.0B) avg 54.2% (1211.174s, 1211.174s) 0.411ms
[2023-10-30T19:51:59.838+0000][1284.191s][debug][safepoint     ] Safepoint synchronization initiated. (161 threads)
[2023-10-30T19:51:59.838+0000][1284.192s][info ][safepoint     ] Application time: 73.0178058 seconds
[2023-10-30T19:51:59.839+0000][1284.192s][info ][safepoint     ] Entering safepoint region: Cleanup
[2023-10-30T19:51:59.839+0000][1284.193s][info ][safepoint     ] Leaving safepoint region
[2023-10-30T19:51:59.840+0000][1284.193s][info ][safepoint     ] Total time for which application threads were stopped: 0.0011605 seconds, Stopping threads took: 0.0005258 seconds
[2023-10-30T19:52:10.842+0000][1295.195s][debug][safepoint     ] Safepoint synchronization initiated. (161 threads)
[2023-10-30T19:52:10.842+0000][1295.196s][info ][safepoint     ] Application time: 11.0024049 seconds
[2023-10-30T19:52:10.843+0000][1295.196s][info ][safepoint     ] Entering safepoint region: Cleanup
[2023-10-30T19:52:10.844+0000][1295.197s][info ][safepoint     ] Leaving safepoint region
[2023-10-30T19:52:10.844+0000][1295.198s][info ][safepoint     ] Total time for which application threads were stopped: 0.0012079 seconds, Stopping threads took: 0.0005725 seconds
[2023-10-30T19:52:16.846+0000][1301.199s][debug][safepoint     ] Safepoint synchronization initiated. (161 threads)
[2023-10-30T19:52:16.846+0000][1301.200s][info ][safepoint     ] Application time: 6.0015930 seconds
[2023-10-30T19:52:16.847+0000][1301.200s][info ][safepoint     ] Entering safepoint region: Cleanup
[2023-10-30T19:52:16.847+0000][1301.201s][info ][safepoint     ] Leaving safepoint region
[2023-10-30T19:52:16.848+0000][1301.201s][info ][safepoint     ] Total time for which application threads were stopped: 0.0009929 seconds, Stopping threads took: 0.0004507 seconds
[2023-10-30T19:52:36.852+0000][1321.205s][debug][safepoint     ] Safepoint synchronization initiated. (161 threads)
[2023-10-30T19:52:36.852+0000][1321.206s][info ][safepoint     ] Application time: 20.0039650 seconds
[2023-10-30T19:52:36.853+0000][1321.206s][info ][safepoint     ] Entering safepoint region: Cleanup
[2023-10-30T19:52:36.853+0000][1321.207s][info ][safepoint     ] Leaving safepoint region
[2023-10-30T19:52:36.853+0000][1321.207s][info ][safepoint     ] Total time for which application threads were stopped: 0.0008911 seconds, Stopping threads took: 0.0003927 seconds
[2023-10-30T19:53:09.861+0000][1354.214s][debug][safepoint     ] Safepoint synchronization initiated. (161 threads)
[2023-10-30T19:53:09.862+0000][1354.215s][info ][safepoint     ] Application time: 33.0079278 seconds
[2023-10-30T19:53:09.862+0000][1354.216s][info ][safepoint     ] Entering safepoint region: Cleanup
[2023-10-30T19:53:09.863+0000][1354.217s][info ][safepoint     ] Leaving safepoint region
[2023-10-30T19:53:09.864+0000][1354.217s][info ][safepoint     ] Total time for which application threads were stopped: 0.0014128 seconds, Stopping threads took: 0.0007133 seconds
[2023-10-30T19:54:03.876+0000][1408.230s][debug][safepoint     ] Safepoint synchronization initiated. (161 threads)
[2023-10-30T19:54:03.876+0000][1408.231s][info ][safepoint     ] Application time: 54.0129652 seconds
[2023-10-30T19:54:03.877+0000][1408.231s][info ][safepoint     ] Entering safepoint region: Cleanup
[2023-10-30T19:54:03.878+0000][1408.232s][info ][safepoint     ] Leaving safepoint region
[2023-10-30T19:54:03.879+0000][1408.233s][info ][safepoint     ] Total time for which application threads were stopped: 0.0015797 seconds, Stopping threads took: 0.0007049 seconds
[2023-10-30T19:54:06.471+0000][1410.825s][debug][safepoint     ] Safepoint synchronization initiated. (161 threads)
[2023-10-30T19:54:06.472+0000][1410.826s][info ][safepoint     ] Application time: 2.5926162 seconds
[2023-10-30T19:54:06.473+0000][1410.827s][info ][safepoint     ] Entering safepoint region: G1CollectForAllocation
[2023-10-30T19:54:06.474+0000][1410.828s][info ][gc,start      ] GC(68) Pause Young (Normal) (G1 Evacuation Pause)
[2023-10-30T19:54:06.475+0000][1410.829s][info ][gc,task       ] GC(68) Using 8 workers of 8 for evacuation
[2023-10-30T19:54:06.483+0000][1410.837s][info ][gc,phases     ] GC(68)   Pre Evacuate Collection Set: 0.0ms
[2023-10-30T19:54:06.484+0000][1410.838s][info ][gc,phases     ] GC(68)   Evacuate Collection Set: 4.5ms
[2023-10-30T19:54:06.484+0000][1410.838s][info ][gc,phases     ] GC(68)   Post Evacuate Collection Set: 2.9ms
[2023-10-30T19:54:06.485+0000][1410.839s][info ][gc,phases     ] GC(68)   Other: 1.7ms
[2023-10-30T19:54:06.485+0000][1410.839s][info ][gc,heap       ] GC(68) Eden regions: 176->0(176)
[2023-10-30T19:54:06.486+0000][1410.840s][info ][gc,heap       ] GC(68) Survivor regions: 8->7(23)
[2023-10-30T19:54:06.486+0000][1410.840s][info ][gc,heap       ] GC(68) Old regions: 142->144
[2023-10-30T19:54:06.487+0000][1410.841s][info ][gc,heap       ] GC(68) Humongous regions: 0->0
[2023-10-30T19:54:06.487+0000][1410.841s][info ][gc,metaspace  ] GC(68) Metaspace: 153039K(158036K)->153039K(158036K) NonClass: 135084K(138120K)->135084K(138120K) Class: 17955K(19916K)->17955K(19916K)
[2023-10-30T19:54:06.488+0000][1410.842s][info ][gc            ] GC(68) Pause Young (Normal) (G1 Evacuation Pause) 324M->148M(372M) 13.930ms
[2023-10-30T19:54:06.488+0000][1410.842s][info ][gc,cpu        ] GC(68) User=0.05s Sys=0.01s Real=0.02s
[2023-10-30T19:54:06.489+0000][1410.843s][info ][safepoint     ] Leaving safepoint region
[2023-10-30T19:54:06.489+0000][1410.844s][info ][safepoint     ] Total time for which application threads were stopped: 0.0168495 seconds, Stopping threads took: 0.0009232 seconds
[2023-10-30T19:54:06.490+0000][1410.844s][info ][gc,stringdedup] Concurrent String Deduplication (1410.844s)
[2023-10-30T19:54:06.490+0000][1410.845s][info ][gc,stringdedup] Concurrent String Deduplication 360.0B->360.0B(0.0B) avg 54.2% (1410.844s, 1410.845s) 0.432ms
[2023-10-30T19:54:10.491+0000][1414.845s][debug][safepoint     ] Safepoint synchronization initiated. (161 threads)
[2023-10-30T19:54:10.492+0000][1414.846s][info ][safepoint     ] Application time: 4.0019511 seconds
[2023-10-30T19:54:10.493+0000][1414.847s][info ][safepoint     ] Entering safepoint region: Cleanup
[2023-10-30T19:54:10.494+0000][1414.848s][info ][safepoint     ] Leaving safepoint region
[2023-10-30T19:54:10.495+0000][1414.849s][info ][safepoint     ] Total time for which application threads were stopped: 0.0019017 seconds, Stopping threads took: 0.0009072 seconds
[2023-10-30T19:54:17.497+0000][1421.851s][debug][safepoint     ] Safepoint synchronization initiated. (161 threads)
[2023-10-30T19:54:17.499+0000][1421.853s][info ][safepoint     ] Application time: 7.0034586 seconds
[2023-10-30T19:54:17.500+0000][1421.854s][info ][safepoint     ] Entering safepoint region: Cleanup
[2023-10-30T19:54:17.502+0000][1421.856s][info ][safepoint     ] Leaving safepoint region
[2023-10-30T19:54:17.503+0000][1421.857s][info ][safepoint     ] Total time for which application threads were stopped: 0.0027646 seconds, Stopping threads took: 0.0012791 seconds
[2023-10-30T19:55:09.517+0000][1473.871s][debug][safepoint     ] Safepoint synchronization initiated. (161 threads)
[2023-10-30T19:55:09.518+0000][1473.872s][info ][safepoint     ] Application time: 52.0139625 seconds
[2023-10-30T19:55:09.519+0000][1473.873s][info ][safepoint     ] Entering safepoint region: Cleanup
[2023-10-30T19:55:09.520+0000][1473.873s][info ][safepoint     ] Leaving safepoint region
[2023-10-30T19:55:09.521+0000][1473.874s][info ][safepoint     ] Total time for which application threads were stopped: 0.0015609 seconds, Stopping threads took: 0.0006607 seconds
[2023-10-30T19:55:10.522+0000][1474.875s][debug][safepoint     ] Safepoint synchronization initiated. (161 threads)
[2023-10-30T19:55:10.523+0000][1474.876s][info ][safepoint     ] Application time: 1.0014200 seconds
[2023-10-30T19:55:10.524+0000][1474.877s][info ][safepoint     ] Entering safepoint region: Cleanup
[2023-10-30T19:55:10.525+0000][1474.878s][info ][safepoint     ] Leaving safepoint region
[2023-10-30T19:55:10.526+0000][1474.879s][info ][safepoint     ] Total time for which application threads were stopped: 0.0021011 seconds, Stopping threads took: 0.0009439 seconds
[2023-10-30T19:55:14.528+0000][1478.881s][debug][safepoint     ] Safepoint synchronization initiated. (161 threads)
[2023-10-30T19:55:14.529+0000][1478.882s][info ][safepoint     ] Application time: 4.0020428 seconds
[2023-10-30T19:55:14.530+0000][1478.883s][debug][safepoint     ] ... found polling page return exception at pc = 0x00007f3160b78876, stub =0x00007f3158840600
[2023-10-30T19:55:14.530+0000][1478.883s][debug][safepoint     ] ... found polling page return exception at pc = 0x00007f3160b78876, stub =0x00007f3158840600
[2023-10-30T19:55:14.530+0000][1478.883s][debug][safepoint     ] ... found polling page return exception at pc = 0x00007f3160b78876, stub =0x00007f3158840600
[2023-10-30T19:55:14.530+0000][1478.883s][debug][safepoint     ] ... found polling page return exception at pc = 0x00007f3160b78876, stub =0x00007f3158840600
[2023-10-30T19:55:14.535+0000][1478.888s][debug][safepoint     ] Waiting for 6 thread(s) to block
[2023-10-30T19:55:14.536+0000][1478.889s][info ][safepoint     ] Entering safepoint region: Cleanup
[2023-10-30T19:55:14.537+0000][1478.890s][info ][safepoint     ] Leaving safepoint region
[2023-10-30T19:55:14.538+0000][1478.891s][info ][safepoint     ] Total time for which application threads were stopped: 0.0080068 seconds, Stopping threads took: 0.0071838 seconds
[2023-10-30T19:55:17.539+0000][1481.892s][debug][safepoint     ] Safepoint synchronization initiated. (161 threads)
[2023-10-30T19:55:17.540+0000][1481.894s][info ][safepoint     ] Application time: 3.0018882 seconds
[2023-10-30T19:55:17.541+0000][1481.895s][info ][safepoint     ] Entering safepoint region: Cleanup
[2023-10-30T19:55:17.543+0000][1481.896s][info ][safepoint     ] Leaving safepoint region
[2023-10-30T19:55:17.544+0000][1481.897s][info ][safepoint     ] Total time for which application threads were stopped: 0.0025662 seconds, Stopping threads took: 0.0011799 seconds
[2023-10-30T19:56:10.557+0000][1534.910s][debug][safepoint     ] Safepoint synchronization initiated. (161 threads)
[2023-10-30T19:56:10.558+0000][1534.912s][info ][safepoint     ] Application time: 53.0134747 seconds
[2023-10-30T19:56:10.559+0000][1534.913s][info ][safepoint     ] Entering safepoint region: Cleanup
[2023-10-30T19:56:10.561+0000][1534.914s][info ][safepoint     ] Leaving safepoint region
[2023-10-30T19:56:10.562+0000][1534.915s][info ][safepoint     ] Total time for which application threads were stopped: 0.0024008 seconds, Stopping threads took: 0.0009830 seconds
[2023-10-30T19:56:17.564+0000][1541.917s][debug][safepoint     ] Safepoint synchronization initiated. (161 threads)
[2023-10-30T19:56:17.565+0000][1541.919s][info ][safepoint     ] Application time: 7.0027859 seconds
[2023-10-30T19:56:17.566+0000][1541.919s][info ][safepoint     ] Entering safepoint region: Cleanup
[2023-10-30T19:56:17.567+0000][1541.920s][info ][safepoint     ] Leaving safepoint region
[2023-10-30T19:56:17.568+0000][1541.921s][info ][safepoint     ] Total time for which application threads were stopped: 0.0016277 seconds, Stopping threads took: 0.0007994 seconds
[2023-10-30T19:56:56.576+0000][1580.929s][debug][safepoint     ] Safepoint synchronization initiated. (161 threads)
[2023-10-30T19:56:56.577+0000][1580.930s][info ][safepoint     ] Application time: 39.0086223 seconds
[2023-10-30T19:56:56.578+0000][1580.931s][info ][safepoint     ] Entering safepoint region: Cleanup
[2023-10-30T19:56:56.579+0000][1580.932s][info ][safepoint     ] Leaving safepoint region
[2023-10-30T19:56:56.579+0000][1580.932s][info ][safepoint     ] Total time for which application threads were stopped: 0.0016599 seconds, Stopping threads took: 0.0006297 seconds
[2023-10-30T19:56:57.580+0000][1581.933s][debug][safepoint     ] Safepoint synchronization initiated. (161 threads)
[2023-10-30T19:56:57.581+0000][1581.934s][info ][safepoint     ] Application time: 1.0011629 seconds
[2023-10-30T19:56:57.582+0000][1581.935s][info ][safepoint     ] Entering safepoint region: Cleanup
[2023-10-30T19:56:57.583+0000][1581.936s][info ][safepoint     ] Leaving safepoint region
[2023-10-30T19:56:57.584+0000][1581.937s][info ][safepoint     ] Total time for which application threads were stopped: 0.0020979 seconds, Stopping threads took: 0.0008850 seconds
[2023-10-30T19:57:09.587+0000][1593.940s][debug][safepoint     ] Safepoint synchronization initiated. (161 threads)
[2023-10-30T19:57:09.588+0000][1593.941s][info ][safepoint     ] Application time: 12.0035021 seconds
[2023-10-30T19:57:09.589+0000][1593.942s][info ][safepoint     ] Entering safepoint region: Cleanup
[2023-10-30T19:57:09.590+0000][1593.943s][info ][safepoint     ] Leaving safepoint region
[2023-10-30T19:57:09.591+0000][1593.944s][info ][safepoint     ] Total time for which application threads were stopped: 0.0021016 seconds, Stopping threads took: 0.0009623 seconds
[2023-10-30T19:57:10.592+0000][1594.945s][debug][safepoint     ] Safepoint synchronization initiated. (161 threads)
[2023-10-30T19:57:10.593+0000][1594.946s][info ][safepoint     ] Application time: 1.0013037 seconds
[2023-10-30T19:57:10.594+0000][1594.947s][info ][safepoint     ] Entering safepoint region: Cleanup
[2023-10-30T19:57:10.595+0000][1594.948s][info ][safepoint     ] Leaving safepoint region
[2023-10-30T19:57:10.596+0000][1594.949s][info ][safepoint     ] Total time for which application threads were stopped: 0.0021380 seconds, Stopping threads took: 0.0009089 seconds
[2023-10-30T19:57:17.599+0000][1601.952s][debug][safepoint     ] Safepoint synchronization initiated. (161 threads)
[2023-10-30T19:57:17.600+0000][1601.953s][info ][safepoint     ] Application time: 7.0027950 seconds
[2023-10-30T19:57:17.601+0000][1601.954s][info ][safepoint     ] Entering safepoint region: Cleanup
[2023-10-30T19:57:17.602+0000][1601.955s][info ][safepoint     ] Leaving safepoint region
[2023-10-30T19:57:17.603+0000][1601.956s][info ][safepoint     ] Total time for which application threads were stopped: 0.0023092 seconds, Stopping threads took: 0.0009546 seconds
[2023-10-30T19:57:25.494+0000][1609.847s][debug][safepoint     ] Safepoint synchronization initiated. (161 threads)
[2023-10-30T19:57:25.494+0000][1609.847s][info ][safepoint     ] Application time: 7.8903583 seconds
[2023-10-30T19:57:25.495+0000][1609.848s][info ][safepoint     ] Entering safepoint region: G1CollectForAllocation
[2023-10-30T19:57:25.496+0000][1609.849s][info ][gc,start      ] GC(69) Pause Young (Normal) (G1 Evacuation Pause)
[2023-10-30T19:57:25.496+0000][1609.849s][info ][gc,task       ] GC(69) Using 8 workers of 8 for evacuation
[2023-10-30T19:57:25.507+0000][1609.860s][info ][gc,phases     ] GC(69)   Pre Evacuate Collection Set: 0.1ms
[2023-10-30T19:57:25.508+0000][1609.861s][info ][gc,phases     ] GC(69)   Evacuate Collection Set: 6.6ms
[2023-10-30T19:57:25.508+0000][1609.861s][info ][gc,phases     ] GC(69)   Post Evacuate Collection Set: 3.4ms
[2023-10-30T19:57:25.509+0000][1609.862s][info ][gc,phases     ] GC(69)   Other: 1.3ms
[2023-10-30T19:57:25.509+0000][1609.862s][info ][gc,heap       ] GC(69) Eden regions: 176->0(179)
[2023-10-30T19:57:25.510+0000][1609.862s][info ][gc,heap       ] GC(69) Survivor regions: 7->5(23)
[2023-10-30T19:57:25.510+0000][1609.863s][info ][gc,heap       ] GC(69) Old regions: 144->145
[2023-10-30T19:57:25.511+0000][1609.863s][info ][gc,heap       ] GC(69) Humongous regions: 0->0
[2023-10-30T19:57:25.511+0000][1609.864s][info ][gc,metaspace  ] GC(69) Metaspace: 153163K(158292K)->153163K(158292K) NonClass: 135208K(138376K)->135208K(138376K) Class: 17955K(19916K)->17955K(19916K)
[2023-10-30T19:57:25.512+0000][1609.865s][info ][gc            ] GC(69) Pause Young (Normal) (G1 Evacuation Pause) 324M->148M(372M) 15.691ms
[2023-10-30T19:57:25.512+0000][1609.865s][info ][gc,cpu        ] GC(69) User=0.06s Sys=0.01s Real=0.02s
[2023-10-30T19:57:25.512+0000][1609.865s][info ][safepoint     ] Leaving safepoint region
[2023-10-30T19:57:25.513+0000][1609.866s][info ][safepoint     ] Total time for which application threads were stopped: 0.0178942 seconds, Stopping threads took: 0.0006341 seconds
[2023-10-30T19:57:25.513+0000][1609.866s][info ][gc,stringdedup] Concurrent String Deduplication (1609.866s)
[2023-10-30T19:57:25.514+0000][1609.867s][info ][gc,stringdedup] Concurrent String Deduplication 2312.0B->928.0B(1384.0B) avg 54.2% (1609.866s, 1609.867s) 0.408ms
[2023-10-30T19:57:40.518+0000][1624.871s][debug][safepoint     ] Safepoint synchronization initiated. (161 threads)
[2023-10-30T19:57:40.519+0000][1624.872s][info ][safepoint     ] Application time: 15.0056470 seconds
[2023-10-30T19:57:40.520+0000][1624.873s][info ][safepoint     ] Entering safepoint region: Cleanup
[2023-10-30T19:57:40.521+0000][1624.874s][info ][safepoint     ] Leaving safepoint region
[2023-10-30T19:57:40.522+0000][1624.875s][info ][safepoint     ] Total time for which application threads were stopped: 0.0022728 seconds, Stopping threads took: 0.0010066 seconds
[2023-10-30T19:58:09.531+0000][1653.884s][debug][safepoint     ] Safepoint synchronization initiated. (162 threads)
[2023-10-30T19:58:09.531+0000][1653.884s][info ][safepoint     ] Application time: 29.0085171 seconds
[2023-10-30T19:58:09.532+0000][1653.885s][info ][safepoint     ] Entering safepoint region: Cleanup
[2023-10-30T19:58:09.533+0000][1653.886s][info ][safepoint     ] Leaving safepoint region
[2023-10-30T19:58:09.534+0000][1653.887s][info ][safepoint     ] Total time for which application threads were stopped: 0.0018380 seconds, Stopping threads took: 0.0008178 seconds
[2023-10-30T19:58:10.535+0000][1654.888s][debug][safepoint     ] Safepoint synchronization initiated. (162 threads)
[2023-10-30T19:58:10.536+0000][1654.889s][info ][safepoint     ] Application time: 1.0006951 seconds
[2023-10-30T19:58:10.536+0000][1654.889s][info ][safepoint     ] Entering safepoint region: Cleanup
[2023-10-30T19:58:10.537+0000][1654.890s][info ][safepoint     ] Leaving safepoint region
[2023-10-30T19:58:10.537+0000][1654.890s][info ][safepoint     ] Total time for which application threads were stopped: 0.0011579 seconds, Stopping threads took: 0.0005445 seconds
[2023-10-30T19:59:17.552+0000][1721.905s][debug][safepoint     ] Safepoint synchronization initiated. (161 threads)
[2023-10-30T19:59:17.553+0000][1721.906s][info ][safepoint     ] Application time: 67.0154157 seconds
[2023-10-30T19:59:17.554+0000][1721.907s][info ][safepoint     ] Entering safepoint region: Cleanup
[2023-10-30T19:59:17.555+0000][1721.909s][info ][safepoint     ] Leaving safepoint region
[2023-10-30T19:59:17.556+0000][1721.909s][info ][safepoint     ] Total time for which application threads were stopped: 0.0023918 seconds, Stopping threads took: 0.0010165 seconds
[2023-10-30T20:00:03.569+0000][1767.922s][debug][safepoint     ] Safepoint synchronization initiated. (163 threads)
[2023-10-30T20:00:03.570+0000][1767.923s][info ][safepoint     ] Application time: 46.0128228 seconds
[2023-10-30T20:00:03.571+0000][1767.924s][info ][safepoint     ] Entering safepoint region: Cleanup
[2023-10-30T20:00:03.572+0000][1767.925s][info ][safepoint     ] Leaving safepoint region
[2023-10-30T20:00:03.573+0000][1767.926s][info ][safepoint     ] Total time for which application threads were stopped: 0.0017636 seconds, Stopping threads took: 0.0007950 seconds
[2023-10-30T20:00:21.578+0000][1785.931s][debug][safepoint     ] Safepoint synchronization initiated. (163 threads)
[2023-10-30T20:00:21.578+0000][1785.931s][info ][safepoint     ] Application time: 18.0049115 seconds
[2023-10-30T20:00:21.579+0000][1785.932s][info ][safepoint     ] Entering safepoint region: Cleanup
[2023-10-30T20:00:21.580+0000][1785.933s][info ][safepoint     ] Leaving safepoint region
[2023-10-30T20:00:21.580+0000][1785.933s][info ][safepoint     ] Total time for which application threads were stopped: 0.0012728 seconds, Stopping threads took: 0.0005100 seconds
[2023-10-30T20:00:46.843+0000][1811.196s][debug][safepoint     ] Safepoint synchronization initiated. (162 threads)
[2023-10-30T20:00:46.843+0000][1811.196s][info ][safepoint     ] Application time: 25.2623594 seconds
[2023-10-30T20:00:46.844+0000][1811.197s][info ][safepoint     ] Entering safepoint region: G1CollectForAllocation
[2023-10-30T20:00:46.845+0000][1811.197s][info ][gc,start      ] GC(70) Pause Young (Normal) (G1 Evacuation Pause)
[2023-10-30T20:00:46.845+0000][1811.198s][info ][gc,task       ] GC(70) Using 8 workers of 8 for evacuation
[2023-10-30T20:00:46.858+0000][1811.211s][info ][gc,phases     ] GC(70)   Pre Evacuate Collection Set: 0.1ms
[2023-10-30T20:00:46.859+0000][1811.212s][info ][gc,phases     ] GC(70)   Evacuate Collection Set: 9.8ms
[2023-10-30T20:00:46.860+0000][1811.213s][info ][gc,phases     ] GC(70)   Post Evacuate Collection Set: 2.8ms
[2023-10-30T20:00:46.860+0000][1811.213s][info ][gc,phases     ] GC(70)   Other: 1.3ms
[2023-10-30T20:00:46.861+0000][1811.214s][info ][gc,heap       ] GC(70) Eden regions: 179->0(177)
[2023-10-30T20:00:46.861+0000][1811.214s][info ][gc,heap       ] GC(70) Survivor regions: 5->5(23)
[2023-10-30T20:00:46.862+0000][1811.215s][info ][gc,heap       ] GC(70) Old regions: 145->147
[2023-10-30T20:00:46.862+0000][1811.215s][info ][gc,heap       ] GC(70) Humongous regions: 0->0
[2023-10-30T20:00:46.863+0000][1811.216s][info ][gc,metaspace  ] GC(70) Metaspace: 153206K(158292K)->153206K(158292K) NonClass: 135250K(138376K)->135250K(138376K) Class: 17955K(19916K)->17955K(19916K)
[2023-10-30T20:00:46.863+0000][1811.216s][info ][gc            ] GC(70) Pause Young (Normal) (G1 Evacuation Pause) 327M->149M(372M) 18.751ms
[2023-10-30T20:00:46.864+0000][1811.217s][info ][gc,cpu        ] GC(70) User=0.09s Sys=0.00s Real=0.02s
[2023-10-30T20:00:46.864+0000][1811.217s][info ][safepoint     ] Leaving safepoint region
[2023-10-30T20:00:46.865+0000][1811.218s][info ][safepoint     ] Total time for which application threads were stopped: 0.0212899 seconds, Stopping threads took: 0.0005804 seconds
[2023-10-30T20:00:46.865+0000][1811.218s][info ][gc,stringdedup] Concurrent String Deduplication (1811.218s)
[2023-10-30T20:00:46.866+0000][1811.219s][info ][gc,stringdedup] Concurrent String Deduplication 144.0B->144.0B(0.0B) avg 54.2% (1811.218s, 1811.219s) 0.481ms
[2023-10-30T20:00:56.868+0000][1821.221s][debug][safepoint     ] Safepoint synchronization initiated. (160 threads)
[2023-10-30T20:00:56.868+0000][1821.221s][info ][safepoint     ] Application time: 10.0027806 seconds
[2023-10-30T20:00:56.869+0000][1821.222s][info ][safepoint     ] Entering safepoint region: Cleanup
[2023-10-30T20:00:56.870+0000][1821.223s][info ][safepoint     ] Leaving safepoint region
[2023-10-30T20:00:56.870+0000][1821.223s][info ][safepoint     ] Total time for which application threads were stopped: 0.0014020 seconds, Stopping threads took: 0.0006274 seconds
[2023-10-30T20:01:41.618+0000][1865.971s][debug][safepoint     ] Safepoint synchronization initiated. (161 threads)
[2023-10-30T20:01:41.618+0000][1865.971s][info ][safepoint     ] Application time: 44.7476400 seconds
[2023-10-30T20:01:41.619+0000][1865.972s][info ][safepoint     ] Entering safepoint region: Deoptimize
[2023-10-30T20:01:41.631+0000][1865.984s][info ][safepoint     ] Leaving safepoint region
[2023-10-30T20:01:41.632+0000][1865.985s][info ][safepoint     ] Total time for which application threads were stopped: 0.0129385 seconds, Stopping threads took: 0.0005317 seconds
[2023-10-30T20:02:00.637+0000][1884.990s][debug][safepoint     ] Safepoint synchronization initiated. (161 threads)
[2023-10-30T20:02:00.638+0000][1884.991s][info ][safepoint     ] Application time: 19.0060601 seconds
[2023-10-30T20:02:00.640+0000][1884.992s][info ][safepoint     ] Entering safepoint region: Cleanup
[2023-10-30T20:02:00.641+0000][1884.994s][info ][safepoint     ] Leaving safepoint region
[2023-10-30T20:02:00.642+0000][1884.995s][info ][safepoint     ] Total time for which application threads were stopped: 0.0026034 seconds, Stopping threads took: 0.0010788 seconds
[2023-10-30T20:02:57.659+0000][1942.012s][debug][safepoint     ] Safepoint synchronization initiated. (161 threads)
[2023-10-30T20:02:57.660+0000][1942.013s][info ][safepoint     ] Application time: 57.0167937 seconds
[2023-10-30T20:02:57.661+0000][1942.014s][info ][safepoint     ] Entering safepoint region: Cleanup
[2023-10-30T20:02:57.662+0000][1942.015s][info ][safepoint     ] Leaving safepoint region
[2023-10-30T20:02:57.663+0000][1942.016s][info ][safepoint     ] Total time for which application threads were stopped: 0.0018516 seconds, Stopping threads took: 0.0007186 seconds
[2023-10-30T20:03:03.665+0000][1948.018s][debug][safepoint     ] Safepoint synchronization initiated. (161 threads)
[2023-10-30T20:03:03.666+0000][1948.019s][info ][safepoint     ] Application time: 6.0026510 seconds
[2023-10-30T20:03:03.667+0000][1948.020s][info ][safepoint     ] Entering safepoint region: Cleanup
[2023-10-30T20:03:03.668+0000][1948.021s][info ][safepoint     ] Leaving safepoint region
[2023-10-30T20:03:03.669+0000][1948.022s][info ][safepoint     ] Total time for which application threads were stopped: 0.0019680 seconds, Stopping threads took: 0.0008684 seconds
[2023-10-30T20:03:09.671+0000][1954.024s][debug][safepoint     ] Safepoint synchronization initiated. (161 threads)
[2023-10-30T20:03:09.672+0000][1954.025s][info ][safepoint     ] Application time: 6.0024631 seconds
[2023-10-30T20:03:09.673+0000][1954.026s][info ][safepoint     ] Entering safepoint region: Cleanup
[2023-10-30T20:03:09.674+0000][1954.027s][info ][safepoint     ] Leaving safepoint region
[2023-10-30T20:03:09.675+0000][1954.028s][info ][safepoint     ] Total time for which application threads were stopped: 0.0020920 seconds, Stopping threads took: 0.0008540 seconds
[2023-10-30T20:03:10.676+0000][1955.029s][debug][safepoint     ] Safepoint synchronization initiated. (161 threads)
[2023-10-30T20:03:10.677+0000][1955.030s][info ][safepoint     ] Application time: 1.0011787 seconds
[2023-10-30T20:03:10.677+0000][1955.030s][info ][safepoint     ] Entering safepoint region: Cleanup
[2023-10-30T20:03:10.678+0000][1955.031s][info ][safepoint     ] Leaving safepoint region
[2023-10-30T20:03:10.679+0000][1955.032s][info ][safepoint     ] Total time for which application threads were stopped: 0.0017351 seconds, Stopping threads took: 0.0007028 seconds
[2023-10-30T20:03:17.681+0000][1962.034s][debug][safepoint     ] Safepoint synchronization initiated. (161 threads)
[2023-10-30T20:03:17.682+0000][1962.035s][info ][safepoint     ] Application time: 7.0024806 seconds
[2023-10-30T20:03:17.683+0000][1962.036s][info ][safepoint     ] Entering safepoint region: Cleanup
[2023-10-30T20:03:17.684+0000][1962.037s][info ][safepoint     ] Leaving safepoint region
[2023-10-30T20:03:17.685+0000][1962.038s][info ][safepoint     ] Total time for which application threads were stopped: 0.0018050 seconds, Stopping threads took: 0.0006916 seconds
[2023-10-30T20:03:56.694+0000][2001.048s][debug][safepoint     ] Safepoint synchronization initiated. (161 threads)
[2023-10-30T20:03:56.694+0000][2001.048s][info ][safepoint     ] Application time: 39.0101331 seconds
[2023-10-30T20:03:56.695+0000][2001.049s][info ][safepoint     ] Entering safepoint region: Cleanup
[2023-10-30T20:03:56.696+0000][2001.050s][info ][safepoint     ] Leaving safepoint region
[2023-10-30T20:03:56.696+0000][2001.050s][info ][safepoint     ] Total time for which application threads were stopped: 0.0012254 seconds, Stopping threads took: 0.0005125 seconds
[2023-10-30T20:04:06.230+0000][2010.584s][debug][safepoint     ] Safepoint synchronization initiated. (161 threads)
[2023-10-30T20:04:06.231+0000][2010.585s][info ][safepoint     ] Application time: 9.5343946 seconds
[2023-10-30T20:04:06.232+0000][2010.586s][info ][safepoint     ] Entering safepoint region: G1CollectForAllocation
[2023-10-30T20:04:06.234+0000][2010.588s][info ][gc,start      ] GC(71) Pause Young (Normal) (G1 Evacuation Pause)
[2023-10-30T20:04:06.235+0000][2010.589s][info ][gc,task       ] GC(71) Using 8 workers of 8 for evacuation
[2023-10-30T20:04:06.242+0000][2010.596s][info ][gc,phases     ] GC(71)   Pre Evacuate Collection Set: 0.1ms
[2023-10-30T20:04:06.243+0000][2010.597s][info ][gc,phases     ] GC(71)   Evacuate Collection Set: 3.6ms
[2023-10-30T20:04:06.243+0000][2010.597s][info ][gc,phases     ] GC(71)   Post Evacuate Collection Set: 2.5ms
[2023-10-30T20:04:06.244+0000][2010.598s][info ][gc,phases     ] GC(71)   Other: 1.9ms
[2023-10-30T20:04:06.244+0000][2010.598s][info ][gc,heap       ] GC(71) Eden regions: 177->0(178)
[2023-10-30T20:04:06.245+0000][2010.599s][info ][gc,heap       ] GC(71) Survivor regions: 5->2(23)
[2023-10-30T20:04:06.245+0000][2010.599s][info ][gc,heap       ] GC(71) Old regions: 147->150
[2023-10-30T20:04:06.246+0000][2010.600s][info ][gc,heap       ] GC(71) Humongous regions: 0->0
[2023-10-30T20:04:06.247+0000][2010.601s][info ][gc,metaspace  ] GC(71) Metaspace: 153270K(158292K)->153270K(158292K) NonClass: 135313K(138376K)->135313K(138376K) Class: 17957K(19916K)->17957K(19916K)
[2023-10-30T20:04:06.247+0000][2010.601s][info ][gc            ] GC(71) Pause Young (Normal) (G1 Evacuation Pause) 326M->149M(372M) 13.490ms
[2023-10-30T20:04:06.248+0000][2010.602s][info ][gc,cpu        ] GC(71) User=0.04s Sys=0.00s Real=0.02s
[2023-10-30T20:04:06.248+0000][2010.602s][info ][safepoint     ] Leaving safepoint region
[2023-10-30T20:04:06.249+0000][2010.603s][info ][safepoint     ] Total time for which application threads were stopped: 0.0169672 seconds, Stopping threads took: 0.0011026 seconds
[2023-10-30T20:04:06.250+0000][2010.604s][info ][gc,stringdedup] Concurrent String Deduplication (2010.604s)
[2023-10-30T20:04:06.250+0000][2010.604s][info ][gc,stringdedup] Concurrent String Deduplication 0.0B->0.0B(0.0B) avg 54.2% (2010.604s, 2010.604s) 0.477ms
[2023-10-30T20:04:08.250+0000][2012.604s][debug][safepoint     ] Safepoint synchronization initiated. (161 threads)
[2023-10-30T20:04:08.251+0000][2012.605s][info ][safepoint     ] Application time: 2.0015558 seconds
[2023-10-30T20:04:08.252+0000][2012.606s][info ][safepoint     ] Entering safepoint region: Cleanup
[2023-10-30T20:04:08.253+0000][2012.607s][info ][safepoint     ] Leaving safepoint region
[2023-10-30T20:04:08.254+0000][2012.608s][info ][safepoint     ] Total time for which application threads were stopped: 0.0022205 seconds, Stopping threads took: 0.0010545 seconds
[2023-10-30T20:04:10.256+0000][2014.610s][debug][safepoint     ] Safepoint synchronization initiated. (161 threads)
[2023-10-30T20:04:10.257+0000][2014.611s][info ][safepoint     ] Application time: 2.0014560 seconds
[2023-10-30T20:04:10.257+0000][2014.612s][info ][safepoint     ] Entering safepoint region: Cleanup
[2023-10-30T20:04:10.259+0000][2014.613s][info ][safepoint     ] Leaving safepoint region
[2023-10-30T20:04:10.259+0000][2014.613s][info ][safepoint     ] Total time for which application threads were stopped: 0.0019071 seconds, Stopping threads took: 0.0009412 seconds
[2023-10-30T20:04:17.262+0000][2021.616s][debug][safepoint     ] Safepoint synchronization initiated. (161 threads)
[2023-10-30T20:04:17.263+0000][2021.617s][info ][safepoint     ] Application time: 7.0031777 seconds
[2023-10-30T20:04:17.264+0000][2021.618s][info ][safepoint     ] Entering safepoint region: Cleanup
[2023-10-30T20:04:17.266+0000][2021.620s][info ][safepoint     ] Leaving safepoint region
[2023-10-30T20:04:17.267+0000][2021.621s][info ][safepoint     ] Total time for which application threads were stopped: 0.0024136 seconds, Stopping threads took: 0.0009902 seconds
[2023-10-30T20:05:10.282+0000][2074.635s][debug][safepoint     ] Safepoint synchronization initiated. (161 threads)
[2023-10-30T20:05:10.283+0000][2074.636s][info ][safepoint     ] Application time: 53.0144645 seconds
[2023-10-30T20:05:10.284+0000][2074.637s][info ][safepoint     ] Entering safepoint region: Cleanup
[2023-10-30T20:05:10.285+0000][2074.638s][info ][safepoint     ] Leaving safepoint region
[2023-10-30T20:05:10.286+0000][2074.639s][info ][safepoint     ] Total time for which application threads were stopped: 0.0018621 seconds, Stopping threads took: 0.0009474 seconds
[2023-10-30T20:05:17.288+0000][2081.641s][debug][safepoint     ] Safepoint synchronization initiated. (161 threads)
[2023-10-30T20:05:17.289+0000][2081.642s][info ][safepoint     ] Application time: 7.0028107 seconds
[2023-10-30T20:05:17.290+0000][2081.643s][info ][safepoint     ] Entering safepoint region: Cleanup
[2023-10-30T20:05:17.291+0000][2081.645s][info ][safepoint     ] Leaving safepoint region
[2023-10-30T20:05:17.292+0000][2081.645s][info ][safepoint     ] Total time for which application threads were stopped: 0.0020912 seconds, Stopping threads took: 0.0010310 seconds
[2023-10-30T20:05:35.297+0000][2099.651s][debug][safepoint     ] Safepoint synchronization initiated. (161 threads)
[2023-10-30T20:05:35.298+0000][2099.652s][info ][safepoint     ] Application time: 18.0057437 seconds
[2023-10-30T20:05:35.299+0000][2099.653s][info ][safepoint     ] Entering safepoint region: Cleanup
[2023-10-30T20:05:35.301+0000][2099.654s][info ][safepoint     ] Leaving safepoint region
[2023-10-30T20:05:35.301+0000][2099.655s][info ][safepoint     ] Total time for which application threads were stopped: 0.0020503 seconds, Stopping threads took: 0.0007565 seconds
[2023-10-30T20:06:10.311+0000][2134.664s][debug][safepoint     ] Safepoint synchronization initiated. (161 threads)
[2023-10-30T20:06:10.312+0000][2134.665s][info ][safepoint     ] Application time: 35.0097953 seconds
[2023-10-30T20:06:10.313+0000][2134.666s][info ][safepoint     ] Entering safepoint region: Cleanup
[2023-10-30T20:06:10.314+0000][2134.668s][info ][safepoint     ] Leaving safepoint region
[2023-10-30T20:06:10.315+0000][2134.668s][info ][safepoint     ] Total time for which application threads were stopped: 0.0019453 seconds, Stopping threads took: 0.0009381 seconds
[2023-10-30T20:07:09.331+0000][2193.685s][debug][safepoint     ] Safepoint synchronization initiated. (161 threads)
[2023-10-30T20:07:09.332+0000][2193.686s][info ][safepoint     ] Application time: 59.0167351 seconds
[2023-10-30T20:07:09.333+0000][2193.687s][info ][safepoint     ] Entering safepoint region: Cleanup
[2023-10-30T20:07:09.334+0000][2193.687s][info ][safepoint     ] Leaving safepoint region
[2023-10-30T20:07:09.334+0000][2193.688s][info ][safepoint     ] Total time for which application threads were stopped: 0.0014317 seconds, Stopping threads took: 0.0006630 seconds
[2023-10-30T20:07:27.681+0000][2212.034s][debug][safepoint     ] Safepoint synchronization initiated. (161 threads)
[2023-10-30T20:07:27.682+0000][2212.035s][info ][safepoint     ] Application time: 18.3468404 seconds
[2023-10-30T20:07:27.683+0000][2212.036s][info ][safepoint     ] Entering safepoint region: G1CollectForAllocation
[2023-10-30T20:07:27.684+0000][2212.038s][info ][gc,start      ] GC(72) Pause Young (Normal) (G1 Evacuation Pause)
[2023-10-30T20:07:27.685+0000][2212.038s][info ][gc,task       ] GC(72) Using 8 workers of 8 for evacuation
[2023-10-30T20:07:27.691+0000][2212.045s][info ][gc,phases     ] GC(72)   Pre Evacuate Collection Set: 0.1ms
[2023-10-30T20:07:27.692+0000][2212.046s][info ][gc,phases     ] GC(72)   Evacuate Collection Set: 2.6ms
[2023-10-30T20:07:27.692+0000][2212.046s][info ][gc,phases     ] GC(72)   Post Evacuate Collection Set: 2.7ms
[2023-10-30T20:07:27.693+0000][2212.046s][info ][gc,phases     ] GC(72)   Other: 2.0ms
[2023-10-30T20:07:27.693+0000][2212.047s][info ][gc,heap       ] GC(72) Eden regions: 178->0(178)
[2023-10-30T20:07:27.694+0000][2212.047s][info ][gc,heap       ] GC(72) Survivor regions: 2->2(23)
[2023-10-30T20:07:27.694+0000][2212.048s][info ][gc,heap       ] GC(72) Old regions: 150->150
[2023-10-30T20:07:27.695+0000][2212.049s][info ][gc,heap       ] GC(72) Humongous regions: 0->0
[2023-10-30T20:07:27.695+0000][2212.049s][info ][gc,metaspace  ] GC(72) Metaspace: 153311K(158292K)->153311K(158292K) NonClass: 135353K(138376K)->135353K(138376K) Class: 17957K(19916K)->17957K(19916K)
[2023-10-30T20:07:27.696+0000][2212.050s][info ][gc            ] GC(72) Pause Young (Normal) (G1 Evacuation Pause) 327M->149M(372M) 12.173ms
[2023-10-30T20:07:27.696+0000][2212.050s][info ][gc,cpu        ] GC(72) User=0.04s Sys=0.00s Real=0.01s
[2023-10-30T20:07:27.697+0000][2212.051s][info ][safepoint     ] Leaving safepoint region
[2023-10-30T20:07:27.697+0000][2212.051s][info ][safepoint     ] Total time for which application threads were stopped: 0.0148799 seconds, Stopping threads took: 0.0008498 seconds
[2023-10-30T20:07:27.698+0000][2212.052s][info ][gc,stringdedup] Concurrent String Deduplication (2212.052s)
[2023-10-30T20:07:27.698+0000][2212.052s][info ][gc,stringdedup] Concurrent String Deduplication 30520.0B->312.0B(30208.0B) avg 54.2% (2212.052s, 2212.052s) 0.491ms
[2023-10-30T20:08:16.710+0000][2261.064s][debug][safepoint     ] Safepoint synchronization initiated. (161 threads)
[2023-10-30T20:08:16.711+0000][2261.065s][info ][safepoint     ] Application time: 49.0131418 seconds
[2023-10-30T20:08:16.712+0000][2261.066s][info ][safepoint     ] Entering safepoint region: Cleanup
[2023-10-30T20:08:16.713+0000][2261.067s][info ][safepoint     ] Leaving safepoint region
[2023-10-30T20:08:16.713+0000][2261.067s][info ][safepoint     ] Total time for which application threads were stopped: 0.0016675 seconds, Stopping threads took: 0.0007084 seconds
[2023-10-30T20:09:16.730+0000][2321.084s][debug][safepoint     ] Safepoint synchronization initiated. (161 threads)
[2023-10-30T20:09:16.731+0000][2321.085s][info ][safepoint     ] Application time: 60.0168238 seconds
[2023-10-30T20:09:16.732+0000][2321.086s][info ][safepoint     ] Entering safepoint region: Cleanup
[2023-10-30T20:09:16.733+0000][2321.087s][info ][safepoint     ] Leaving safepoint region
[2023-10-30T20:09:16.734+0000][2321.088s][info ][safepoint     ] Total time for which application threads were stopped: 0.0021557 seconds, Stopping threads took: 0.0009501 seconds
[2023-10-30T20:10:10.748+0000][2375.102s][debug][safepoint     ] Safepoint synchronization initiated. (161 threads)
[2023-10-30T20:10:10.749+0000][2375.103s][info ][safepoint     ] Application time: 54.0145767 seconds
[2023-10-30T20:10:10.750+0000][2375.104s][info ][safepoint     ] Entering safepoint region: Cleanup
[2023-10-30T20:10:10.752+0000][2375.106s][info ][safepoint     ] Leaving safepoint region
[2023-10-30T20:10:10.752+0000][2375.107s][info ][safepoint     ] Total time for which application threads were stopped: 0.0022798 seconds, Stopping threads took: 0.0010902 seconds
[2023-10-30T20:10:16.755+0000][2381.109s][debug][safepoint     ] Safepoint synchronization initiated. (161 threads)
[2023-10-30T20:10:16.756+0000][2381.110s][info ][safepoint     ] Application time: 6.0025382 seconds
[2023-10-30T20:10:16.757+0000][2381.111s][info ][safepoint     ] Entering safepoint region: Cleanup
[2023-10-30T20:10:16.758+0000][2381.112s][info ][safepoint     ] Leaving safepoint region
[2023-10-30T20:10:16.758+0000][2381.112s][info ][safepoint     ] Total time for which application threads were stopped: 0.0017504 seconds, Stopping threads took: 0.0007244 seconds
[2023-10-30T20:10:39.765+0000][2404.119s][debug][safepoint     ] Safepoint synchronization initiated. (161 threads)
[2023-10-30T20:10:39.766+0000][2404.120s][info ][safepoint     ] Application time: 23.0068553 seconds
[2023-10-30T20:10:39.767+0000][2404.121s][info ][safepoint     ] Entering safepoint region: Cleanup
[2023-10-30T20:10:39.768+0000][2404.122s][info ][safepoint     ] Leaving safepoint region
[2023-10-30T20:10:39.769+0000][2404.123s][info ][safepoint     ] Total time for which application threads were stopped: 0.0021559 seconds, Stopping threads took: 0.0009360 seconds
[2023-10-30T20:10:49.310+0000][2413.664s][debug][safepoint     ] Safepoint synchronization initiated. (161 threads)
[2023-10-30T20:10:49.311+0000][2413.665s][info ][safepoint     ] Application time: 9.5410265 seconds
[2023-10-30T20:10:49.311+0000][2413.665s][info ][safepoint     ] Entering safepoint region: G1CollectForAllocation
[2023-10-30T20:10:49.312+0000][2413.666s][info ][gc,start      ] GC(73) Pause Young (Normal) (G1 Evacuation Pause)
[2023-10-30T20:10:49.312+0000][2413.667s][info ][gc,task       ] GC(73) Using 8 workers of 8 for evacuation
[2023-10-30T20:10:49.325+0000][2413.679s][info ][gc,phases     ] GC(73)   Pre Evacuate Collection Set: 0.1ms
[2023-10-30T20:10:49.325+0000][2413.679s][info ][gc,phases     ] GC(73)   Evacuate Collection Set: 8.9ms
[2023-10-30T20:10:49.326+0000][2413.680s][info ][gc,phases     ] GC(73)   Post Evacuate Collection Set: 2.7ms
[2023-10-30T20:10:49.326+0000][2413.680s][info ][gc,phases     ] GC(73)   Other: 1.0ms
[2023-10-30T20:10:49.326+0000][2413.681s][info ][gc,heap       ] GC(73) Eden regions: 178->0(179)
[2023-10-30T20:10:49.327+0000][2413.681s][info ][gc,heap       ] GC(73) Survivor regions: 2->2(23)
[2023-10-30T20:10:49.327+0000][2413.681s][info ][gc,heap       ] GC(73) Old regions: 150->150
[2023-10-30T20:10:49.328+0000][2413.682s][info ][gc,heap       ] GC(73) Humongous regions: 0->0
[2023-10-30T20:10:49.328+0000][2413.682s][info ][gc,metaspace  ] GC(73) Metaspace: 153324K(158292K)->153324K(158292K) NonClass: 135366K(138376K)->135366K(138376K) Class: 17957K(19916K)->17957K(19916K)
[2023-10-30T20:10:49.329+0000][2413.683s][info ][gc            ] GC(73) Pause Young (Normal) (G1 Evacuation Pause) 327M->149M(372M) 16.547ms
[2023-10-30T20:10:49.329+0000][2413.683s][info ][gc,cpu        ] GC(73) User=0.08s Sys=0.01s Real=0.02s
[2023-10-30T20:10:49.330+0000][2413.684s][info ][safepoint     ] Leaving safepoint region
[2023-10-30T20:10:49.330+0000][2413.684s][info ][safepoint     ] Total time for which application threads were stopped: 0.0188058 seconds, Stopping threads took: 0.0005663 seconds
[2023-10-30T20:10:49.331+0000][2413.685s][info ][gc,stringdedup] Concurrent String Deduplication (2413.685s)
[2023-10-30T20:10:49.331+0000][2413.685s][info ][gc,stringdedup] Concurrent String Deduplication 2216.0B->640.0B(1576.0B) avg 54.2% (2413.685s, 2413.685s) 0.584ms
[2023-10-30T20:12:17.352+0000][2501.706s][debug][safepoint     ] Safepoint synchronization initiated. (161 threads)
[2023-10-30T20:12:17.353+0000][2501.707s][info ][safepoint     ] Application time: 88.0224505 seconds
[2023-10-30T20:12:17.354+0000][2501.708s][info ][safepoint     ] Entering safepoint region: Cleanup
[2023-10-30T20:12:17.355+0000][2501.709s][info ][safepoint     ] Leaving safepoint region
[2023-10-30T20:12:17.356+0000][2501.710s][info ][safepoint     ] Total time for which application threads were stopped: 0.0020493 seconds, Stopping threads took: 0.0008729 seconds
[2023-10-30T20:13:10.369+0000][2554.723s][debug][safepoint     ] Safepoint synchronization initiated. (161 threads)
[2023-10-30T20:13:10.370+0000][2554.724s][info ][safepoint     ] Application time: 53.0133748 seconds
[2023-10-30T20:13:10.371+0000][2554.725s][info ][safepoint     ] Entering safepoint region: Cleanup
[2023-10-30T20:13:10.372+0000][2554.726s][info ][safepoint     ] Leaving safepoint region
[2023-10-30T20:13:10.373+0000][2554.727s][info ][safepoint     ] Total time for which application threads were stopped: 0.0018261 seconds, Stopping threads took: 0.0008660 seconds
[2023-10-30T20:13:17.375+0000][2561.730s][debug][safepoint     ] Safepoint synchronization initiated. (161 threads)
[2023-10-30T20:13:17.376+0000][2561.731s][info ][safepoint     ] Application time: 7.0030552 seconds
[2023-10-30T20:13:17.377+0000][2561.732s][info ][safepoint     ] Entering safepoint region: Cleanup
[2023-10-30T20:13:17.378+0000][2561.733s][info ][safepoint     ] Leaving safepoint region
[2023-10-30T20:13:17.379+0000][2561.733s][info ][safepoint     ] Total time for which application threads were stopped: 0.0019422 seconds, Stopping threads took: 0.0008008 seconds
[2023-10-30T20:13:27.382+0000][2571.736s][debug][safepoint     ] Safepoint synchronization initiated. (161 threads)
[2023-10-30T20:13:27.383+0000][2571.737s][info ][safepoint     ] Application time: 10.0030896 seconds
[2023-10-30T20:13:27.384+0000][2571.738s][info ][safepoint     ] Entering safepoint region: Cleanup
[2023-10-30T20:13:27.385+0000][2571.739s][info ][safepoint     ] Leaving safepoint region
[2023-10-30T20:13:27.385+0000][2571.740s][info ][safepoint     ] Total time for which application threads were stopped: 0.0016577 seconds, Stopping threads took: 0.0006999 seconds
[2023-10-30T20:13:37.389+0000][2581.743s][debug][safepoint     ] Safepoint synchronization initiated. (161 threads)
[2023-10-30T20:13:37.390+0000][2581.744s][info ][safepoint     ] Application time: 10.0036518 seconds
[2023-10-30T20:13:37.391+0000][2581.745s][info ][safepoint     ] Entering safepoint region: Cleanup
[2023-10-30T20:13:37.392+0000][2581.746s][info ][safepoint     ] Leaving safepoint region
[2023-10-30T20:13:37.393+0000][2581.747s][info ][safepoint     ] Total time for which application threads were stopped: 0.0022682 seconds, Stopping threads took: 0.0009451 seconds
[2023-10-30T20:13:47.397+0000][2591.751s][debug][safepoint     ] Safepoint synchronization initiated. (161 threads)
[2023-10-30T20:13:47.398+0000][2591.752s][info ][safepoint     ] Application time: 10.0040716 seconds
[2023-10-30T20:13:47.399+0000][2591.753s][info ][safepoint     ] Entering safepoint region: Cleanup
[2023-10-30T20:13:47.400+0000][2591.755s][info ][safepoint     ] Leaving safepoint region
[2023-10-30T20:13:47.401+0000][2591.756s][info ][safepoint     ] Total time for which application threads were stopped: 0.0023641 seconds, Stopping threads took: 0.0009870 seconds
[2023-10-30T20:14:10.408+0000][2614.763s][debug][safepoint     ] Safepoint synchronization initiated. (161 threads)
[2023-10-30T20:14:10.409+0000][2614.764s][info ][safepoint     ] Application time: 23.0073517 seconds
[2023-10-30T20:14:10.410+0000][2614.764s][info ][safepoint     ] Entering safepoint region: Cleanup
[2023-10-30T20:14:10.411+0000][2614.765s][info ][safepoint     ] Leaving safepoint region
[2023-10-30T20:14:10.412+0000][2614.766s][info ][safepoint     ] Total time for which application threads were stopped: 0.0016466 seconds, Stopping threads took: 0.0007646 seconds
[2023-10-30T20:14:12.139+0000][2616.493s][debug][safepoint     ] Safepoint synchronization initiated. (161 threads)
[2023-10-30T20:14:12.140+0000][2616.494s][info ][safepoint     ] Application time: 1.7278630 seconds
[2023-10-30T20:14:12.141+0000][2616.495s][info ][safepoint     ] Entering safepoint region: G1CollectForAllocation
[2023-10-30T20:14:12.142+0000][2616.497s][info ][gc,start      ] GC(74) Pause Young (Normal) (G1 Evacuation Pause)
[2023-10-30T20:14:12.143+0000][2616.497s][info ][gc,task       ] GC(74) Using 8 workers of 8 for evacuation
[2023-10-30T20:14:12.149+0000][2616.503s][info ][gc,phases     ] GC(74)   Pre Evacuate Collection Set: 0.1ms
[2023-10-30T20:14:12.149+0000][2616.504s][info ][gc,phases     ] GC(74)   Evacuate Collection Set: 1.6ms
[2023-10-30T20:14:12.150+0000][2616.504s][info ][gc,phases     ] GC(74)   Post Evacuate Collection Set: 2.6ms
[2023-10-30T20:14:12.150+0000][2616.505s][info ][gc,phases     ] GC(74)   Other: 1.9ms
[2023-10-30T20:14:12.151+0000][2616.505s][info ][gc,heap       ] GC(74) Eden regions: 179->0(179)
[2023-10-30T20:14:12.152+0000][2616.506s][info ][gc,heap       ] GC(74) Survivor regions: 2->2(23)
[2023-10-30T20:14:12.152+0000][2616.506s][info ][gc,heap       ] GC(74) Old regions: 150->150
[2023-10-30T20:14:12.153+0000][2616.507s][info ][gc,heap       ] GC(74) Humongous regions: 0->0
[2023-10-30T20:14:12.153+0000][2616.507s][info ][gc,metaspace  ] GC(74) Metaspace: 153377K(158548K)->153377K(158548K) NonClass: 135419K(138632K)->135419K(138632K) Class: 17957K(19916K)->17957K(19916K)
[2023-10-30T20:14:12.154+0000][2616.508s][info ][gc            ] GC(74) Pause Young (Normal) (G1 Evacuation Pause) 328M->149M(372M) 11.472ms
[2023-10-30T20:14:12.154+0000][2616.509s][info ][gc,cpu        ] GC(74) User=0.02s Sys=0.00s Real=0.01s
[2023-10-30T20:14:12.155+0000][2616.509s][info ][safepoint     ] Leaving safepoint region
[2023-10-30T20:14:12.155+0000][2616.510s][info ][safepoint     ] Total time for which application threads were stopped: 0.0142973 seconds, Stopping threads took: 0.0008922 seconds
[2023-10-30T20:14:12.156+0000][2616.510s][info ][gc,stringdedup] Concurrent String Deduplication (2616.510s)
[2023-10-30T20:14:12.156+0000][2616.511s][info ][gc,stringdedup] Concurrent String Deduplication 24.0B->0.0B(24.0B) avg 54.2% (2616.510s, 2616.511s) 0.364ms
[2023-10-30T20:14:17.157+0000][2621.511s][debug][safepoint     ] Safepoint synchronization initiated. (161 threads)
[2023-10-30T20:14:17.158+0000][2621.512s][info ][safepoint     ] Application time: 5.0019446 seconds
[2023-10-30T20:14:17.158+0000][2621.512s][info ][safepoint     ] Entering safepoint region: Cleanup
[2023-10-30T20:14:17.159+0000][2621.513s][info ][safepoint     ] Leaving safepoint region
[2023-10-30T20:14:17.159+0000][2621.514s][info ][safepoint     ] Total time for which application threads were stopped: 0.0011138 seconds, Stopping threads took: 0.0004729 seconds
[2023-10-30T20:14:25.162+0000][2629.516s][debug][safepoint     ] Safepoint synchronization initiated. (161 threads)
[2023-10-30T20:14:25.163+0000][2629.517s][info ][safepoint     ] Application time: 8.0026693 seconds
[2023-10-30T20:14:25.164+0000][2629.518s][info ][safepoint     ] Entering safepoint region: Cleanup
[2023-10-30T20:14:25.165+0000][2629.519s][info ][safepoint     ] Leaving safepoint region
[2023-10-30T20:14:25.166+0000][2629.520s][info ][safepoint     ] Total time for which application threads were stopped: 0.0020812 seconds, Stopping threads took: 0.0009001 seconds
[2023-10-30T20:15:10.178+0000][2674.532s][debug][safepoint     ] Safepoint synchronization initiated. (161 threads)
[2023-10-30T20:15:10.179+0000][2674.533s][info ][safepoint     ] Application time: 45.0125621 seconds
[2023-10-30T20:15:10.180+0000][2674.534s][info ][safepoint     ] Entering safepoint region: Cleanup
[2023-10-30T20:15:10.181+0000][2674.535s][info ][safepoint     ] Leaving safepoint region
[2023-10-30T20:15:10.182+0000][2674.536s][info ][safepoint     ] Total time for which application threads were stopped: 0.0016954 seconds, Stopping threads took: 0.0007560 seconds
[2023-10-30T20:15:17.184+0000][2681.538s][debug][safepoint     ] Safepoint synchronization initiated. (161 threads)
[2023-10-30T20:15:17.185+0000][2681.539s][info ][safepoint     ] Application time: 7.0023444 seconds
[2023-10-30T20:15:17.186+0000][2681.539s][info ][safepoint     ] Entering safepoint region: Cleanup
[2023-10-30T20:15:17.186+0000][2681.540s][info ][safepoint     ] Leaving safepoint region
[2023-10-30T20:15:17.187+0000][2681.541s][info ][safepoint     ] Total time for which application threads were stopped: 0.0013601 seconds, Stopping threads took: 0.0005210 seconds
[2023-10-30T20:15:57.197+0000][2721.552s][debug][safepoint     ] Safepoint synchronization initiated. (161 threads)
[2023-10-30T20:15:57.198+0000][2721.553s][info ][safepoint     ] Application time: 40.0116162 seconds
[2023-10-30T20:15:57.199+0000][2721.554s][info ][safepoint     ] Entering safepoint region: Cleanup
[2023-10-30T20:15:57.201+0000][2721.555s][info ][safepoint     ] Leaving safepoint region
[2023-10-30T20:15:57.201+0000][2721.556s][info ][safepoint     ] Total time for which application threads were stopped: 0.0022292 seconds, Stopping threads took: 0.0009652 seconds
[2023-10-30T20:17:17.222+0000][2801.578s][debug][safepoint     ] Safepoint synchronization initiated. (161 threads)
[2023-10-30T20:17:17.223+0000][2801.579s][info ][safepoint     ] Application time: 80.0221907 seconds
[2023-10-30T20:17:17.223+0000][2801.579s][info ][safepoint     ] Entering safepoint region: Cleanup
[2023-10-30T20:17:17.224+0000][2801.580s][info ][safepoint     ] Leaving safepoint region
[2023-10-30T20:17:17.225+0000][2801.581s][info ][safepoint     ] Total time for which application threads were stopped: 0.0011820 seconds, Stopping threads took: 0.0005006 seconds
[2023-10-30T20:17:35.254+0000][2819.611s][debug][safepoint     ] Safepoint synchronization initiated. (161 threads)
[2023-10-30T20:17:35.254+0000][2819.611s][info ][safepoint     ] Application time: 18.0303099 seconds
[2023-10-30T20:17:35.255+0000][2819.612s][info ][safepoint     ] Entering safepoint region: G1CollectForAllocation
[2023-10-30T20:17:35.256+0000][2819.613s][info ][gc,start      ] GC(75) Pause Young (Normal) (G1 Evacuation Pause)
[2023-10-30T20:17:35.257+0000][2819.614s][info ][gc,task       ] GC(75) Using 8 workers of 8 for evacuation
[2023-10-30T20:17:35.263+0000][2819.620s][info ][gc,phases     ] GC(75)   Pre Evacuate Collection Set: 0.1ms
[2023-10-30T20:17:35.263+0000][2819.620s][info ][gc,phases     ] GC(75)   Evacuate Collection Set: 1.8ms
[2023-10-30T20:17:35.264+0000][2819.621s][info ][gc,phases     ] GC(75)   Post Evacuate Collection Set: 2.8ms
[2023-10-30T20:17:35.264+0000][2819.621s][info ][gc,phases     ] GC(75)   Other: 1.8ms
[2023-10-30T20:17:35.265+0000][2819.622s][info ][gc,heap       ] GC(75) Eden regions: 179->0(179)
[2023-10-30T20:17:35.265+0000][2819.622s][info ][gc,heap       ] GC(75) Survivor regions: 2->2(23)
[2023-10-30T20:17:35.266+0000][2819.623s][info ][gc,heap       ] GC(75) Old regions: 150->150
[2023-10-30T20:17:35.266+0000][2819.623s][info ][gc,heap       ] GC(75) Humongous regions: 0->0
[2023-10-30T20:17:35.267+0000][2819.623s][info ][gc,metaspace  ] GC(75) Metaspace: 153414K(158548K)->153414K(158548K) NonClass: 135456K(138632K)->135456K(138632K) Class: 17957K(19916K)->17957K(19916K)
[2023-10-30T20:17:35.267+0000][2819.624s][info ][gc            ] GC(75) Pause Young (Normal) (G1 Evacuation Pause) 328M->149M(372M) 10.727ms
[2023-10-30T20:17:35.268+0000][2819.624s][info ][gc,cpu        ] GC(75) User=0.01s Sys=0.02s Real=0.01s
[2023-10-30T20:17:35.268+0000][2819.625s][info ][safepoint     ] Leaving safepoint region
[2023-10-30T20:17:35.269+0000][2819.625s][info ][safepoint     ] Total time for which application threads were stopped: 0.0132870 seconds, Stopping threads took: 0.0008131 seconds
[2023-10-30T20:17:35.269+0000][2819.626s][info ][gc,stringdedup] Concurrent String Deduplication (2819.626s)
[2023-10-30T20:17:35.270+0000][2819.626s][info ][gc,stringdedup] Concurrent String Deduplication 0.0B->0.0B(0.0B) avg 54.2% (2819.626s, 2819.626s) 0.499ms
[2023-10-30T20:18:10.278+0000][2854.635s][debug][safepoint     ] Safepoint synchronization initiated. (161 threads)
[2023-10-30T20:18:10.279+0000][2854.636s][info ][safepoint     ] Application time: 35.0097671 seconds
[2023-10-30T20:18:10.280+0000][2854.637s][info ][safepoint     ] Entering safepoint region: Cleanup
[2023-10-30T20:18:10.281+0000][2854.638s][info ][safepoint     ] Leaving safepoint region
[2023-10-30T20:18:10.281+0000][2854.638s][info ][safepoint     ] Total time for which application threads were stopped: 0.0016874 seconds, Stopping threads took: 0.0007090 seconds
[2023-10-30T20:19:17.299+0000][2921.656s][debug][safepoint     ] Safepoint synchronization initiated. (161 threads)
[2023-10-30T20:19:17.300+0000][2921.657s][info ][safepoint     ] Application time: 67.0179214 seconds
[2023-10-30T20:19:17.300+0000][2921.657s][info ][safepoint     ] Entering safepoint region: Cleanup
[2023-10-30T20:19:17.301+0000][2921.659s][info ][safepoint     ] Leaving safepoint region
[2023-10-30T20:19:17.302+0000][2921.659s][info ][safepoint     ] Total time for which application threads were stopped: 0.0019682 seconds, Stopping threads took: 0.0008585 seconds
[2023-10-30T20:20:17.318+0000][2981.675s][debug][safepoint     ] Safepoint synchronization initiated. (161 threads)
[2023-10-30T20:20:17.319+0000][2981.676s][info ][safepoint     ] Application time: 60.0160631 seconds
[2023-10-30T20:20:17.319+0000][2981.677s][info ][safepoint     ] Entering safepoint region: Cleanup
[2023-10-30T20:20:17.320+0000][2981.677s][info ][safepoint     ] Leaving safepoint region
[2023-10-30T20:20:17.321+0000][2981.678s][info ][safepoint     ] Total time for which application threads were stopped: 0.0013068 seconds, Stopping threads took: 0.0005354 seconds
[2023-10-30T20:20:39.327+0000][3003.684s][debug][safepoint     ] Safepoint synchronization initiated. (161 threads)
[2023-10-30T20:20:39.328+0000][3003.685s][info ][safepoint     ] Application time: 22.0069145 seconds
[2023-10-30T20:20:39.329+0000][3003.687s][info ][safepoint     ] Entering safepoint region: Cleanup
[2023-10-30T20:20:39.331+0000][3003.688s][info ][safepoint     ] Leaving safepoint region
[2023-10-30T20:20:39.332+0000][3003.689s][info ][safepoint     ] Total time for which application threads were stopped: 0.0023054 seconds, Stopping threads took: 0.0008940 seconds
[2023-10-30T20:20:47.335+0000][3011.692s][debug][safepoint     ] Safepoint synchronization initiated. (161 threads)
[2023-10-30T20:20:47.336+0000][3011.693s][info ][safepoint     ] Application time: 8.0034926 seconds
[2023-10-30T20:20:47.337+0000][3011.694s][info ][safepoint     ] Entering safepoint region: Cleanup
[2023-10-30T20:20:47.339+0000][3011.696s][info ][safepoint     ] Leaving safepoint region
[2023-10-30T20:20:47.340+0000][3011.697s][info ][safepoint     ] Total time for which application threads were stopped: 0.0025484 seconds, Stopping threads took: 0.0010541 seconds
[2023-10-30T20:20:57.343+0000][3021.700s][debug][safepoint     ] Safepoint synchronization initiated. (161 threads)
[2023-10-30T20:20:57.344+0000][3021.701s][info ][safepoint     ] Application time: 10.0037819 seconds
[2023-10-30T20:20:57.345+0000][3021.702s][info ][safepoint     ] Entering safepoint region: Cleanup
[2023-10-30T20:20:57.347+0000][3021.703s][info ][safepoint     ] Leaving safepoint region
[2023-10-30T20:20:57.348+0000][3021.704s][info ][safepoint     ] Total time for which application threads were stopped: 0.0024271 seconds, Stopping threads took: 0.0010561 seconds
[2023-10-30T20:20:57.983+0000][3022.340s][debug][safepoint     ] Safepoint synchronization initiated. (161 threads)
[2023-10-30T20:20:57.984+0000][3022.341s][info ][safepoint     ] Application time: 0.6354952 seconds
[2023-10-30T20:20:57.985+0000][3022.342s][info ][safepoint     ] Entering safepoint region: G1CollectForAllocation
[2023-10-30T20:20:57.986+0000][3022.343s][info ][gc,start      ] GC(76) Pause Young (Normal) (G1 Evacuation Pause)
[2023-10-30T20:20:57.987+0000][3022.344s][info ][gc,task       ] GC(76) Using 8 workers of 8 for evacuation
[2023-10-30T20:20:57.992+0000][3022.349s][info ][gc,phases     ] GC(76)   Pre Evacuate Collection Set: 0.1ms
[2023-10-30T20:20:57.993+0000][3022.350s][info ][gc,phases     ] GC(76)   Evacuate Collection Set: 1.7ms
[2023-10-30T20:20:57.993+0000][3022.350s][info ][gc,phases     ] GC(76)   Post Evacuate Collection Set: 2.5ms
[2023-10-30T20:20:57.994+0000][3022.351s][info ][gc,phases     ] GC(76)   Other: 1.8ms
[2023-10-30T20:20:57.994+0000][3022.351s][info ][gc,heap       ] GC(76) Eden regions: 179->0(180)
[2023-10-30T20:20:57.995+0000][3022.352s][info ][gc,heap       ] GC(76) Survivor regions: 2->2(23)
[2023-10-30T20:20:57.995+0000][3022.352s][info ][gc,heap       ] GC(76) Old regions: 150->150
[2023-10-30T20:20:57.996+0000][3022.352s][info ][gc,heap       ] GC(76) Humongous regions: 0->0
[2023-10-30T20:20:57.996+0000][3022.353s][info ][gc,metaspace  ] GC(76) Metaspace: 153420K(158548K)->153420K(158548K) NonClass: 135463K(138632K)->135463K(138632K) Class: 17957K(19916K)->17957K(19916K)
[2023-10-30T20:20:57.996+0000][3022.353s][info ][gc            ] GC(76) Pause Young (Normal) (G1 Evacuation Pause) 328M->149M(372M) 10.215ms
[2023-10-30T20:20:57.997+0000][3022.354s][info ][gc,cpu        ] GC(76) User=0.01s Sys=0.01s Real=0.01s
[2023-10-30T20:20:57.997+0000][3022.354s][info ][safepoint     ] Leaving safepoint region
[2023-10-30T20:20:57.998+0000][3022.354s][info ][safepoint     ] Total time for which application threads were stopped: 0.0127389 seconds, Stopping threads took: 0.0009571 seconds
[2023-10-30T20:20:57.998+0000][3022.355s][info ][gc,stringdedup] Concurrent String Deduplication (3022.355s)
[2023-10-30T20:20:57.998+0000][3022.355s][info ][gc,stringdedup] Concurrent String Deduplication 0.0B->0.0B(0.0B) avg 54.2% (3022.355s, 3022.355s) 0.422ms
[2023-10-30T20:23:10.033+0000][3154.389s][debug][safepoint     ] Safepoint synchronization initiated. (161 threads)
[2023-10-30T20:23:10.034+0000][3154.390s][info ][safepoint     ] Application time: 132.0350887 seconds
[2023-10-30T20:23:10.035+0000][3154.391s][info ][safepoint     ] Entering safepoint region: Cleanup
[2023-10-30T20:23:10.036+0000][3154.392s][info ][safepoint     ] Leaving safepoint region
[2023-10-30T20:23:10.037+0000][3154.393s][info ][safepoint     ] Total time for which application threads were stopped: 0.0020699 seconds, Stopping threads took: 0.0008834 seconds
[2023-10-30T20:23:17.039+0000][3161.395s][debug][safepoint     ] Safepoint synchronization initiated. (161 threads)
[2023-10-30T20:23:17.040+0000][3161.397s][info ][safepoint     ] Application time: 7.0029258 seconds
[2023-10-30T20:23:17.041+0000][3161.398s][info ][safepoint     ] Entering safepoint region: Cleanup
[2023-10-30T20:23:17.043+0000][3161.399s][info ][safepoint     ] Leaving safepoint region
[2023-10-30T20:23:17.044+0000][3161.400s][info ][safepoint     ] Total time for which application threads were stopped: 0.0024037 seconds, Stopping threads took: 0.0011108 seconds
[2023-10-30T20:24:10.059+0000][3214.415s][debug][safepoint     ] Safepoint synchronization initiated. (162 threads)
[2023-10-30T20:24:10.060+0000][3214.416s][info ][safepoint     ] Application time: 53.0145384 seconds
[2023-10-30T20:24:10.060+0000][3214.416s][info ][safepoint     ] Entering safepoint region: Cleanup
[2023-10-30T20:24:10.061+0000][3214.417s][info ][safepoint     ] Leaving safepoint region
[2023-10-30T20:24:10.061+0000][3214.417s][info ][safepoint     ] Total time for which application threads were stopped: 0.0010119 seconds, Stopping threads took: 0.0004159 seconds
[2023-10-30T20:24:18.064+0000][3222.420s][debug][safepoint     ] Safepoint synchronization initiated. (162 threads)
[2023-10-30T20:24:18.065+0000][3222.421s][info ][safepoint     ] Application time: 8.0041018 seconds
[2023-10-30T20:24:18.067+0000][3222.423s][info ][safepoint     ] Entering safepoint region: Cleanup
[2023-10-30T20:24:18.068+0000][3222.424s][info ][safepoint     ] Leaving safepoint region
[2023-10-30T20:24:18.069+0000][3222.425s][info ][safepoint     ] Total time for which application threads were stopped: 0.0020162 seconds, Stopping threads took: 0.0009349 seconds
[2023-10-30T20:24:21.166+0000][3225.522s][debug][safepoint     ] Safepoint synchronization initiated. (162 threads)
[2023-10-30T20:24:21.167+0000][3225.523s][info ][safepoint     ] Application time: 3.0974233 seconds
[2023-10-30T20:24:21.168+0000][3225.524s][info ][safepoint     ] Entering safepoint region: G1CollectForAllocation
[2023-10-30T20:24:21.169+0000][3225.525s][info ][gc,start      ] GC(77) Pause Young (Normal) (G1 Evacuation Pause)
[2023-10-30T20:24:21.170+0000][3225.526s][info ][gc,task       ] GC(77) Using 8 workers of 8 for evacuation
[2023-10-30T20:24:21.177+0000][3225.533s][info ][gc,phases     ] GC(77)   Pre Evacuate Collection Set: 0.1ms
[2023-10-30T20:24:21.177+0000][3225.533s][info ][gc,phases     ] GC(77)   Evacuate Collection Set: 1.9ms
[2023-10-30T20:24:21.178+0000][3225.534s][info ][gc,phases     ] GC(77)   Post Evacuate Collection Set: 3.5ms
[2023-10-30T20:24:21.179+0000][3225.535s][info ][gc,phases     ] GC(77)   Other: 1.9ms
[2023-10-30T20:24:21.179+0000][3225.535s][info ][gc,heap       ] GC(77) Eden regions: 180->0(180)
[2023-10-30T20:24:21.180+0000][3225.536s][info ][gc,heap       ] GC(77) Survivor regions: 2->2(23)
[2023-10-30T20:24:21.180+0000][3225.536s][info ][gc,heap       ] GC(77) Old regions: 150->150
[2023-10-30T20:24:21.181+0000][3225.537s][info ][gc,heap       ] GC(77) Humongous regions: 0->0
[2023-10-30T20:24:21.181+0000][3225.537s][info ][gc,metaspace  ] GC(77) Metaspace: 153451K(158548K)->153451K(158548K) NonClass: 135493K(138632K)->135493K(138632K) Class: 17957K(19916K)->17957K(19916K)
[2023-10-30T20:24:21.182+0000][3225.538s][info ][gc            ] GC(77) Pause Young (Normal) (G1 Evacuation Pause) 329M->149M(372M) 12.172ms
[2023-10-30T20:24:21.182+0000][3225.538s][info ][gc,cpu        ] GC(77) User=0.01s Sys=0.01s Real=0.01s
[2023-10-30T20:24:21.183+0000][3225.539s][info ][safepoint     ] Leaving safepoint region
[2023-10-30T20:24:21.183+0000][3225.539s][info ][safepoint     ] Total time for which application threads were stopped: 0.0151546 seconds, Stopping threads took: 0.0009538 seconds
[2023-10-30T20:24:21.183+0000][3225.539s][info ][gc,stringdedup] Concurrent String Deduplication (3225.539s)
[2023-10-30T20:24:21.184+0000][3225.540s][info ][gc,stringdedup] Concurrent String Deduplication 0.0B->0.0B(0.0B) avg 54.2% (3225.539s, 3225.540s) 0.402ms
[2023-10-30T20:25:44.202+0000][3308.558s][debug][safepoint     ] Safepoint synchronization initiated. (161 threads)
[2023-10-30T20:25:44.203+0000][3308.559s][info ][safepoint     ] Application time: 83.0192955 seconds
[2023-10-30T20:25:44.203+0000][3308.559s][info ][safepoint     ] Entering safepoint region: Cleanup
[2023-10-30T20:25:44.204+0000][3308.559s][info ][safepoint     ] Leaving safepoint region
[2023-10-30T20:25:44.204+0000][3308.560s][info ][safepoint     ] Total time for which application threads were stopped: 0.0007761 seconds, Stopping threads took: 0.0002831 seconds
[2023-10-30T20:26:17.210+0000][3341.566s][debug][safepoint     ] Safepoint synchronization initiated. (161 threads)
[2023-10-30T20:26:17.211+0000][3341.567s][info ][safepoint     ] Application time: 33.0070229 seconds
[2023-10-30T20:26:17.212+0000][3341.568s][info ][safepoint     ] Entering safepoint region: Cleanup
[2023-10-30T20:26:17.214+0000][3341.570s][info ][safepoint     ] Leaving safepoint region
[2023-10-30T20:26:17.215+0000][3341.571s][info ][safepoint     ] Total time for which application threads were stopped: 0.0025521 seconds, Stopping threads took: 0.0010440 seconds
[2023-10-30T20:26:50.267+0000][3374.622s][debug][safepoint     ] Safepoint synchronization initiated. (161 threads)
[2023-10-30T20:26:50.267+0000][3374.623s][info ][safepoint     ] Application time: 33.0513723 seconds
[2023-10-30T20:26:50.268+0000][3374.623s][info ][safepoint     ] Entering safepoint region: Deoptimize
[2023-10-30T20:26:50.273+0000][3374.629s][info ][safepoint     ] Leaving safepoint region
[2023-10-30T20:26:50.274+0000][3374.629s][info ][safepoint     ] Total time for which application threads were stopped: 0.0059839 seconds, Stopping threads took: 0.0004402 seconds
[2023-10-30T20:26:50.303+0000][3374.659s][debug][safepoint     ] Safepoint synchronization initiated. (161 threads)
[2023-10-30T20:26:50.304+0000][3374.660s][info ][safepoint     ] Application time: 0.0298804 seconds
[2023-10-30T20:26:50.305+0000][3374.660s][info ][safepoint     ] Entering safepoint region: Deoptimize
[2023-10-30T20:26:50.307+0000][3374.662s][info ][safepoint     ] Leaving safepoint region
[2023-10-30T20:26:50.307+0000][3374.663s][info ][safepoint     ] Total time for which application threads were stopped: 0.0029173 seconds, Stopping threads took: 0.0005844 seconds
[2023-10-30T20:26:50.347+0000][3374.702s][debug][safepoint     ] Safepoint synchronization initiated. (161 threads)
[2023-10-30T20:26:50.347+0000][3374.703s][info ][safepoint     ] Application time: 0.0391852 seconds
[2023-10-30T20:26:50.348+0000][3374.703s][info ][safepoint     ] Entering safepoint region: Deoptimize
[2023-10-30T20:26:50.350+0000][3374.706s][info ][safepoint     ] Leaving safepoint region
[2023-10-30T20:26:50.351+0000][3374.706s][info ][safepoint     ] Total time for which application threads were stopped: 0.0030520 seconds, Stopping threads took: 0.0003383 seconds
[2023-10-30T20:26:50.367+0000][3374.722s][debug][safepoint     ] Safepoint synchronization initiated. (161 threads)
[2023-10-30T20:26:50.367+0000][3374.723s][info ][safepoint     ] Application time: 0.0162963 seconds
[2023-10-30T20:26:50.368+0000][3374.723s][info ][safepoint     ] Entering safepoint region: Deoptimize
[2023-10-30T20:26:50.370+0000][3374.726s][info ][safepoint     ] Leaving safepoint region
[2023-10-30T20:26:50.371+0000][3374.726s][info ][safepoint     ] Total time for which application threads were stopped: 0.0030471 seconds, Stopping threads took: 0.0006505 seconds
[2023-10-30T20:26:50.470+0000][3374.826s][debug][safepoint     ] Safepoint synchronization initiated. (163 threads)
[2023-10-30T20:26:50.471+0000][3374.826s][info ][safepoint     ] Application time: 0.0994880 seconds
[2023-10-30T20:26:50.471+0000][3374.827s][info ][safepoint     ] Entering safepoint region: Deoptimize
[2023-10-30T20:26:50.474+0000][3374.829s][info ][safepoint     ] Leaving safepoint region
[2023-10-30T20:26:50.474+0000][3374.830s][info ][safepoint     ] Total time for which application threads were stopped: 0.0029361 seconds, Stopping threads took: 0.0005267 seconds
[2023-10-30T20:26:50.526+0000][3374.881s][debug][safepoint     ] Safepoint synchronization initiated. (163 threads)
[2023-10-30T20:26:50.526+0000][3374.882s][info ][safepoint     ] Application time: 0.0515319 seconds
[2023-10-30T20:26:50.527+0000][3374.883s][info ][safepoint     ] Entering safepoint region: G1CollectForAllocation
[2023-10-30T20:26:50.528+0000][3374.883s][info ][gc,start      ] GC(78) Pause Young (Normal) (G1 Evacuation Pause)
[2023-10-30T20:26:50.528+0000][3374.884s][info ][gc,task       ] GC(78) Using 8 workers of 8 for evacuation
[2023-10-30T20:26:50.534+0000][3374.889s][info ][gc,phases     ] GC(78)   Pre Evacuate Collection Set: 0.1ms
[2023-10-30T20:26:50.534+0000][3374.890s][info ][gc,phases     ] GC(78)   Evacuate Collection Set: 2.1ms
[2023-10-30T20:26:50.535+0000][3374.890s][info ][gc,phases     ] GC(78)   Post Evacuate Collection Set: 2.4ms
[2023-10-30T20:26:50.535+0000][3374.891s][info ][gc,phases     ] GC(78)   Other: 1.5ms
[2023-10-30T20:26:50.536+0000][3374.891s][info ][gc,heap       ] GC(78) Eden regions: 180->0(180)
[2023-10-30T20:26:50.536+0000][3374.892s][info ][gc,heap       ] GC(78) Survivor regions: 2->2(23)
[2023-10-30T20:26:50.536+0000][3374.892s][info ][gc,heap       ] GC(78) Old regions: 150->150
[2023-10-30T20:26:50.537+0000][3374.893s][info ][gc,heap       ] GC(78) Humongous regions: 0->0
[2023-10-30T20:26:50.537+0000][3374.893s][info ][gc,metaspace  ] GC(78) Metaspace: 156371K(161492K)->156371K(161492K) NonClass: 138051K(141192K)->138051K(141192K) Class: 18319K(20300K)->18319K(20300K)
[2023-10-30T20:26:50.538+0000][3374.893s][info ][gc            ] GC(78) Pause Young (Normal) (G1 Evacuation Pause) 329M->150M(372M) 9.949ms
[2023-10-30T20:26:50.538+0000][3374.894s][info ][gc,cpu        ] GC(78) User=0.03s Sys=0.01s Real=0.01s
[2023-10-30T20:26:50.538+0000][3374.894s][info ][safepoint     ] Leaving safepoint region
[2023-10-30T20:26:50.539+0000][3374.894s][info ][safepoint     ] Total time for which application threads were stopped: 0.0116142 seconds, Stopping threads took: 0.0005688 seconds
[2023-10-30T20:26:50.539+0000][3374.894s][info ][gc,stringdedup] Concurrent String Deduplication (3374.894s)
[2023-10-30T20:26:50.539+0000][3374.895s][info ][gc,stringdedup] Concurrent String Deduplication 0.0B->0.0B(0.0B) avg 54.2% (3374.894s, 3374.895s) 0.313ms
[2023-10-30T20:26:51.478+0000][3375.834s][debug][safepoint     ] Safepoint synchronization initiated. (161 threads)
[2023-10-30T20:26:51.479+0000][3375.835s][info ][safepoint     ] Application time: 0.9404970 seconds
[2023-10-30T20:26:51.480+0000][3375.836s][info ][safepoint     ] Entering safepoint region: ICBufferFull
[2023-10-30T20:26:51.481+0000][3375.836s][info ][safepoint     ] Leaving safepoint region
[2023-10-30T20:26:51.482+0000][3375.837s][info ][safepoint     ] Total time for which application threads were stopped: 0.0019028 seconds, Stopping threads took: 0.0004861 seconds
[2023-10-30T20:26:51.809+0000][3376.164s][debug][safepoint     ] Safepoint synchronization initiated. (161 threads)
[2023-10-30T20:26:51.809+0000][3376.165s][info ][safepoint     ] Application time: 0.3268258 seconds
[2023-10-30T20:26:51.810+0000][3376.165s][info ][safepoint     ] Entering safepoint region: Deoptimize
[2023-10-30T20:26:51.812+0000][3376.168s][info ][safepoint     ] Leaving safepoint region
[2023-10-30T20:26:51.813+0000][3376.168s][info ][safepoint     ] Total time for which application threads were stopped: 0.0029142 seconds, Stopping threads took: 0.0005635 seconds
[2023-10-30T20:26:52.813+0000][3377.169s][debug][safepoint     ] Safepoint synchronization initiated. (162 threads)
[2023-10-30T20:26:52.814+0000][3377.169s][info ][safepoint     ] Application time: 1.0006905 seconds
[2023-10-30T20:26:52.814+0000][3377.170s][info ][safepoint     ] Entering safepoint region: Cleanup
[2023-10-30T20:26:52.815+0000][3377.170s][info ][safepoint     ] Leaving safepoint region
[2023-10-30T20:26:52.815+0000][3377.171s][info ][safepoint     ] Total time for which application threads were stopped: 0.0008718 seconds, Stopping threads took: 0.0003475 seconds
[2023-10-30T20:26:53.816+0000][3378.171s][debug][safepoint     ] Safepoint synchronization initiated. (162 threads)
[2023-10-30T20:26:53.816+0000][3378.172s][info ][safepoint     ] Application time: 1.0005447 seconds
[2023-10-30T20:26:53.816+0000][3378.172s][info ][safepoint     ] Entering safepoint region: Cleanup
[2023-10-30T20:26:53.817+0000][3378.173s][info ][safepoint     ] Leaving safepoint region
[2023-10-30T20:26:53.817+0000][3378.173s][info ][safepoint     ] Total time for which application threads were stopped: 0.0008389 seconds, Stopping threads took: 0.0003844 seconds
[2023-10-30T20:26:54.400+0000][3378.755s][debug][safepoint     ] Safepoint synchronization initiated. (163 threads)
[2023-10-30T20:26:54.400+0000][3378.756s][info ][safepoint     ] Application time: 0.5827361 seconds
[2023-10-30T20:26:54.401+0000][3378.756s][info ][safepoint     ] Entering safepoint region: Deoptimize
[2023-10-30T20:26:54.403+0000][3378.759s][info ][safepoint     ] Leaving safepoint region
[2023-10-30T20:26:54.403+0000][3378.759s][info ][safepoint     ] Total time for which application threads were stopped: 0.0027342 seconds, Stopping threads took: 0.0004441 seconds
[2023-10-30T20:26:54.426+0000][3378.782s][debug][safepoint     ] Safepoint synchronization initiated. (163 threads)
[2023-10-30T20:26:54.427+0000][3378.783s][info ][safepoint     ] Application time: 0.0231689 seconds
[2023-10-30T20:26:54.428+0000][3378.783s][info ][safepoint     ] Entering safepoint region: Deoptimize
[2023-10-30T20:26:54.430+0000][3378.786s][info ][safepoint     ] Leaving safepoint region
[2023-10-30T20:26:54.431+0000][3378.786s][info ][safepoint     ] Total time for which application threads were stopped: 0.0031410 seconds, Stopping threads took: 0.0005057 seconds
[2023-10-30T20:26:54.432+0000][3378.788s][debug][safepoint     ] Safepoint synchronization initiated. (163 threads)
[2023-10-30T20:26:54.433+0000][3378.788s][info ][safepoint     ] Application time: 0.0014027 seconds
[2023-10-30T20:26:54.433+0000][3378.789s][info ][safepoint     ] Entering safepoint region: Deoptimize
[2023-10-30T20:26:54.436+0000][3378.791s][info ][safepoint     ] Leaving safepoint region
[2023-10-30T20:26:54.436+0000][3378.792s][info ][safepoint     ] Total time for which application threads were stopped: 0.0030490 seconds, Stopping threads took: 0.0005657 seconds
[2023-10-30T20:26:54.442+0000][3378.797s][debug][safepoint     ] Safepoint synchronization initiated. (163 threads)
[2023-10-30T20:26:54.442+0000][3378.798s][info ][safepoint     ] Application time: 0.0054859 seconds
[2023-10-30T20:26:54.443+0000][3378.799s][debug][safepoint     ] Waiting for 1 thread(s) to block
[2023-10-30T20:26:54.444+0000][3378.799s][info ][safepoint     ] Entering safepoint region: Deoptimize
[2023-10-30T20:26:54.446+0000][3378.802s][info ][safepoint     ] Leaving safepoint region
[2023-10-30T20:26:54.447+0000][3378.802s][info ][safepoint     ] Total time for which application threads were stopped: 0.0037854 seconds, Stopping threads took: 0.0012859 seconds
[2023-10-30T20:26:54.504+0000][3378.860s][debug][safepoint     ] Safepoint synchronization initiated. (163 threads)
[2023-10-30T20:26:54.505+0000][3378.860s][info ][safepoint     ] Application time: 0.0577381 seconds
[2023-10-30T20:26:54.505+0000][3378.861s][info ][safepoint     ] Entering safepoint region: Deoptimize
[2023-10-30T20:26:54.509+0000][3378.865s][info ][safepoint     ] Leaving safepoint region
[2023-10-30T20:26:54.510+0000][3378.865s][info ][safepoint     ] Total time for which application threads were stopped: 0.0040752 seconds, Stopping threads took: 0.0007333 seconds
[2023-10-30T20:26:54.514+0000][3378.869s][debug][safepoint     ] Safepoint synchronization initiated. (163 threads)
[2023-10-30T20:26:54.514+0000][3378.870s][info ][safepoint     ] Application time: 0.0044333 seconds
[2023-10-30T20:26:54.515+0000][3378.870s][info ][safepoint     ] Entering safepoint region: Deoptimize
[2023-10-30T20:26:54.517+0000][3378.873s][info ][safepoint     ] Leaving safepoint region
[2023-10-30T20:26:54.517+0000][3378.873s][info ][safepoint     ] Total time for which application threads were stopped: 0.0026801 seconds, Stopping threads took: 0.0004412 seconds
[2023-10-30T20:26:54.544+0000][3378.900s][debug][safepoint     ] Safepoint synchronization initiated. (163 threads)
[2023-10-30T20:26:54.544+0000][3378.900s][info ][safepoint     ] Application time: 0.0266816 seconds
[2023-10-30T20:26:54.545+0000][3378.901s][info ][safepoint     ] Entering safepoint region: Deoptimize
[2023-10-30T20:26:54.547+0000][3378.903s][info ][safepoint     ] Leaving safepoint region
[2023-10-30T20:26:54.548+0000][3378.904s][info ][safepoint     ] Total time for which application threads were stopped: 0.0029439 seconds, Stopping threads took: 0.0004899 seconds
[2023-10-30T20:26:54.683+0000][3379.039s][debug][safepoint     ] Safepoint synchronization initiated. (166 threads)
[2023-10-30T20:26:54.684+0000][3379.039s][info ][safepoint     ] Application time: 0.1354260 seconds
[2023-10-30T20:26:54.684+0000][3379.040s][info ][safepoint     ] Entering safepoint region: Deoptimize
[2023-10-30T20:26:54.687+0000][3379.043s][info ][safepoint     ] Leaving safepoint region
[2023-10-30T20:26:54.688+0000][3379.043s][info ][safepoint     ] Total time for which application threads were stopped: 0.0037444 seconds, Stopping threads took: 0.0004619 seconds
[2023-10-30T20:26:54.750+0000][3379.106s][debug][safepoint     ] Safepoint synchronization initiated. (166 threads)
[2023-10-30T20:26:54.751+0000][3379.106s][info ][safepoint     ] Application time: 0.0620888 seconds
[2023-10-30T20:26:54.751+0000][3379.107s][info ][safepoint     ] Entering safepoint region: G1CollectForAllocation
[2023-10-30T20:26:54.752+0000][3379.107s][info ][gc,start      ] GC(79) Pause Young (Normal) (G1 Evacuation Pause)
[2023-10-30T20:26:54.752+0000][3379.108s][info ][gc,task       ] GC(79) Using 8 workers of 8 for evacuation
[2023-10-30T20:26:54.761+0000][3379.117s][info ][gc,phases     ] GC(79)   Pre Evacuate Collection Set: 0.0ms
[2023-10-30T20:26:54.762+0000][3379.117s][info ][gc,phases     ] GC(79)   Evacuate Collection Set: 5.6ms
[2023-10-30T20:26:54.762+0000][3379.118s][info ][gc,phases     ] GC(79)   Post Evacuate Collection Set: 2.9ms
[2023-10-30T20:26:54.763+0000][3379.118s][info ][gc,phases     ] GC(79)   Other: 0.9ms
[2023-10-30T20:26:54.763+0000][3379.119s][info ][gc,heap       ] GC(79) Eden regions: 180->0(174)
[2023-10-30T20:26:54.764+0000][3379.119s][info ][gc,heap       ] GC(79) Survivor regions: 2->5(23)
[2023-10-30T20:26:54.764+0000][3379.120s][info ][gc,heap       ] GC(79) Old regions: 150->150
[2023-10-30T20:26:54.765+0000][3379.120s][info ][gc,heap       ] GC(79) Humongous regions: 14->0
[2023-10-30T20:26:54.765+0000][3379.121s][info ][gc,metaspace  ] GC(79) Metaspace: 160872K(166100K)->160872K(166100K) NonClass: 142078K(145288K)->142078K(145288K) Class: 18794K(20812K)->18794K(20812K)
[2023-10-30T20:26:54.765+0000][3379.121s][info ][gc            ] GC(79) Pause Young (Normal) (G1 Evacuation Pause) 344M->152M(372M) 13.641ms
[2023-10-30T20:26:54.766+0000][3379.122s][info ][gc,cpu        ] GC(79) User=0.07s Sys=0.00s Real=0.02s
[2023-10-30T20:26:54.767+0000][3379.122s][info ][safepoint     ] Leaving safepoint region
[2023-10-30T20:26:54.767+0000][3379.123s][info ][safepoint     ] Total time for which application threads were stopped: 0.0159822 seconds, Stopping threads took: 0.0004080 seconds
[2023-10-30T20:26:54.768+0000][3379.123s][info ][gc,stringdedup] Concurrent String Deduplication (3379.123s)
[2023-10-30T20:26:54.768+0000][3379.124s][info ][gc,stringdedup] Concurrent String Deduplication 40.0B->40.0B(0.0B) avg 54.2% (3379.123s, 3379.124s) 0.349ms
[2023-10-30T20:26:54.957+0000][3379.313s][debug][safepoint     ] Safepoint synchronization initiated. (166 threads)
[2023-10-30T20:26:54.957+0000][3379.313s][info ][safepoint     ] Application time: 0.1899273 seconds
[2023-10-30T20:26:54.958+0000][3379.313s][info ][safepoint     ] Entering safepoint region: Deoptimize
[2023-10-30T20:26:54.961+0000][3379.316s][info ][safepoint     ] Leaving safepoint region
[2023-10-30T20:26:54.961+0000][3379.317s][info ][safepoint     ] Total time for which application threads were stopped: 0.0034365 seconds, Stopping threads took: 0.0004705 seconds
[2023-10-30T20:26:55.359+0000][3379.715s][debug][safepoint     ] Safepoint synchronization initiated. (167 threads)
[2023-10-30T20:26:55.360+0000][3379.715s][info ][safepoint     ] Application time: 0.3982241 seconds
[2023-10-30T20:26:55.360+0000][3379.716s][info ][safepoint     ] Entering safepoint region: Deoptimize
[2023-10-30T20:26:55.363+0000][3379.719s][info ][safepoint     ] Leaving safepoint region
[2023-10-30T20:26:55.363+0000][3379.719s][info ][safepoint     ] Total time for which application threads were stopped: 0.0033173 seconds, Stopping threads took: 0.0003917 seconds
[2023-10-30T20:26:56.283+0000][3380.638s][debug][safepoint     ] Safepoint synchronization initiated. (169 threads)
[2023-10-30T20:26:56.284+0000][3380.639s][info ][safepoint     ] Application time: 0.9197783 seconds
[2023-10-30T20:26:56.284+0000][3380.640s][info ][safepoint     ] Entering safepoint region: Deoptimize
[2023-10-30T20:26:56.287+0000][3380.643s][info ][safepoint     ] Leaving safepoint region
[2023-10-30T20:26:56.288+0000][3380.643s][info ][safepoint     ] Total time for which application threads were stopped: 0.0034582 seconds, Stopping threads took: 0.0004337 seconds
[2023-10-30T20:26:57.288+0000][3381.644s][debug][safepoint     ] Safepoint synchronization initiated. (171 threads)
[2023-10-30T20:26:57.289+0000][3381.645s][info ][safepoint     ] Application time: 1.0010405 seconds
[2023-10-30T20:26:57.290+0000][3381.645s][info ][safepoint     ] Entering safepoint region: Cleanup
[2023-10-30T20:26:57.290+0000][3381.646s][info ][safepoint     ] Leaving safepoint region
[2023-10-30T20:26:57.291+0000][3381.647s][info ][safepoint     ] Total time for which application threads were stopped: 0.0014849 seconds, Stopping threads took: 0.0005989 seconds
[2023-10-30T20:26:59.292+0000][3383.647s][debug][safepoint     ] Safepoint synchronization initiated. (171 threads)
[2023-10-30T20:26:59.293+0000][3383.648s][info ][safepoint     ] Application time: 2.0010866 seconds
[2023-10-30T20:26:59.293+0000][3383.649s][info ][safepoint     ] Entering safepoint region: Cleanup
[2023-10-30T20:26:59.294+0000][3383.650s][info ][safepoint     ] Leaving safepoint region
[2023-10-30T20:26:59.295+0000][3383.650s][info ][safepoint     ] Total time for which application threads were stopped: 0.0015147 seconds, Stopping threads took: 0.0006858 seconds
[2023-10-30T20:27:01.296+0000][3385.651s][debug][safepoint     ] Safepoint synchronization initiated. (172 threads)
[2023-10-30T20:27:01.297+0000][3385.652s][info ][safepoint     ] Application time: 2.0014751 seconds
[2023-10-30T20:27:01.298+0000][3385.653s][info ][safepoint     ] Entering safepoint region: Cleanup
[2023-10-30T20:27:01.299+0000][3385.655s][info ][safepoint     ] Leaving safepoint region
[2023-10-30T20:27:01.300+0000][3385.655s][info ][safepoint     ] Total time for which application threads were stopped: 0.0018570 seconds, Stopping threads took: 0.0008296 seconds
[2023-10-30T20:27:02.418+0000][3386.774s][debug][safepoint     ] Safepoint synchronization initiated. (171 threads)
[2023-10-30T20:27:02.419+0000][3386.775s][info ][safepoint     ] Application time: 1.1188242 seconds
[2023-10-30T20:27:02.419+0000][3386.775s][info ][safepoint     ] Entering safepoint region: Deoptimize
[2023-10-30T20:27:02.422+0000][3386.778s][info ][safepoint     ] Leaving safepoint region
[2023-10-30T20:27:02.423+0000][3386.779s][info ][safepoint     ] Total time for which application threads were stopped: 0.0038657 seconds, Stopping threads took: 0.0004262 seconds
[2023-10-30T20:27:03.424+0000][3387.779s][debug][safepoint     ] Safepoint synchronization initiated. (172 threads)
[2023-10-30T20:27:03.424+0000][3387.780s][info ][safepoint     ] Application time: 1.0005511 seconds
[2023-10-30T20:27:03.425+0000][3387.781s][info ][safepoint     ] Entering safepoint region: Cleanup
[2023-10-30T20:27:03.426+0000][3387.781s][info ][safepoint     ] Leaving safepoint region
[2023-10-30T20:27:03.426+0000][3387.782s][info ][safepoint     ] Total time for which application threads were stopped: 0.0012588 seconds, Stopping threads took: 0.0006067 seconds
[2023-10-30T20:27:04.427+0000][3388.782s][debug][safepoint     ] Safepoint synchronization initiated. (172 threads)
[2023-10-30T20:27:04.428+0000][3388.783s][info ][safepoint     ] Application time: 1.0010884 seconds
[2023-10-30T20:27:04.428+0000][3388.784s][info ][safepoint     ] Entering safepoint region: Cleanup
[2023-10-30T20:27:04.429+0000][3388.785s][info ][safepoint     ] Leaving safepoint region
[2023-10-30T20:27:04.430+0000][3388.785s][info ][safepoint     ] Total time for which application threads were stopped: 0.0013236 seconds, Stopping threads took: 0.0005528 seconds
[2023-10-30T20:27:06.430+0000][3390.786s][debug][safepoint     ] Safepoint synchronization initiated. (172 threads)
[2023-10-30T20:27:06.431+0000][3390.786s][info ][safepoint     ] Application time: 2.0006800 seconds
[2023-10-30T20:27:06.431+0000][3390.787s][info ][safepoint     ] Entering safepoint region: Cleanup
[2023-10-30T20:27:06.432+0000][3390.788s][info ][safepoint     ] Leaving safepoint region
[2023-10-30T20:27:06.433+0000][3390.788s][info ][safepoint     ] Total time for which application threads were stopped: 0.0014430 seconds, Stopping threads took: 0.0006659 seconds
[2023-10-30T20:27:09.434+0000][3393.789s][debug][safepoint     ] Safepoint synchronization initiated. (171 threads)
[2023-10-30T20:27:09.435+0000][3393.791s][info ][safepoint     ] Application time: 3.0016521 seconds
[2023-10-30T20:27:09.436+0000][3393.792s][info ][safepoint     ] Entering safepoint region: Cleanup
[2023-10-30T20:27:09.437+0000][3393.793s][info ][safepoint     ] Leaving safepoint region
[2023-10-30T20:27:09.438+0000][3393.794s][info ][safepoint     ] Total time for which application threads were stopped: 0.0019592 seconds, Stopping threads took: 0.0008922 seconds
[2023-10-30T20:27:10.439+0000][3394.794s][debug][safepoint     ] Safepoint synchronization initiated. (172 threads)
[2023-10-30T20:27:10.439+0000][3394.795s][info ][safepoint     ] Application time: 1.0006135 seconds
[2023-10-30T20:27:10.440+0000][3394.795s][info ][safepoint     ] Entering safepoint region: Cleanup
[2023-10-30T20:27:10.440+0000][3394.796s][info ][safepoint     ] Leaving safepoint region
[2023-10-30T20:27:10.440+0000][3394.796s][info ][safepoint     ] Total time for which application threads were stopped: 0.0007487 seconds, Stopping threads took: 0.0003143 seconds
[2023-10-30T20:27:11.441+0000][3395.797s][debug][safepoint     ] Safepoint synchronization initiated. (172 threads)
[2023-10-30T20:27:11.442+0000][3395.798s][info ][safepoint     ] Application time: 1.0012396 seconds
[2023-10-30T20:27:11.443+0000][3395.798s][info ][safepoint     ] Entering safepoint region: Cleanup
[2023-10-30T20:27:11.444+0000][3395.800s][info ][safepoint     ] Leaving safepoint region
[2023-10-30T20:27:11.445+0000][3395.800s][info ][safepoint     ] Total time for which application threads were stopped: 0.0017907 seconds, Stopping threads took: 0.0007899 seconds
[2023-10-30T20:27:13.445+0000][3397.801s][debug][safepoint     ] Safepoint synchronization initiated. (172 threads)
[2023-10-30T20:27:13.446+0000][3397.802s][info ][safepoint     ] Application time: 2.0007987 seconds
[2023-10-30T20:27:13.446+0000][3397.802s][info ][safepoint     ] Entering safepoint region: Cleanup
[2023-10-30T20:27:13.447+0000][3397.803s][info ][safepoint     ] Leaving safepoint region
[2023-10-30T20:27:13.447+0000][3397.803s][info ][safepoint     ] Total time for which application threads were stopped: 0.0008601 seconds, Stopping threads took: 0.0003584 seconds
[2023-10-30T20:27:14.448+0000][3398.803s][debug][safepoint     ] Safepoint synchronization initiated. (172 threads)
[2023-10-30T20:27:14.448+0000][3398.804s][info ][safepoint     ] Application time: 1.0007708 seconds
[2023-10-30T20:27:14.449+0000][3398.805s][info ][safepoint     ] Entering safepoint region: Cleanup
[2023-10-30T20:27:14.450+0000][3398.805s][info ][safepoint     ] Leaving safepoint region
[2023-10-30T20:27:14.450+0000][3398.806s][info ][safepoint     ] Total time for which application threads were stopped: 0.0014295 seconds, Stopping threads took: 0.0005912 seconds
[2023-10-30T20:27:17.452+0000][3401.807s][debug][safepoint     ] Safepoint synchronization initiated. (172 threads)
[2023-10-30T20:27:17.452+0000][3401.808s][info ][safepoint     ] Application time: 3.0010563 seconds
[2023-10-30T20:27:17.452+0000][3401.808s][info ][safepoint     ] Entering safepoint region: Cleanup
[2023-10-30T20:27:17.453+0000][3401.809s][info ][safepoint     ] Leaving safepoint region
[2023-10-30T20:27:17.453+0000][3401.809s][info ][safepoint     ] Total time for which application threads were stopped: 0.0009436 seconds, Stopping threads took: 0.0004144 seconds
[2023-10-30T20:27:22.682+0000][3407.038s][debug][safepoint     ] Safepoint synchronization initiated. (172 threads)
[2023-10-30T20:27:22.683+0000][3407.039s][info ][safepoint     ] Application time: 5.2295928 seconds
[2023-10-30T20:27:22.684+0000][3407.040s][info ][safepoint     ] Entering safepoint region: G1CollectForAllocation
[2023-10-30T20:27:22.686+0000][3407.042s][info ][gc,start      ] GC(80) Pause Young (Normal) (G1 Evacuation Pause)
[2023-10-30T20:27:22.687+0000][3407.043s][info ][gc,task       ] GC(80) Using 8 workers of 8 for evacuation
[2023-10-30T20:27:22.696+0000][3407.052s][info ][gc,phases     ] GC(80)   Pre Evacuate Collection Set: 0.0ms
[2023-10-30T20:27:22.697+0000][3407.052s][info ][gc,phases     ] GC(80)   Evacuate Collection Set: 5.0ms
[2023-10-30T20:27:22.697+0000][3407.053s][info ][gc,phases     ] GC(80)   Post Evacuate Collection Set: 2.7ms
[2023-10-30T20:27:22.698+0000][3407.053s][info ][gc,phases     ] GC(80)   Other: 2.1ms
[2023-10-30T20:27:22.698+0000][3407.054s][info ][gc,heap       ] GC(80) Eden regions: 174->0(169)
[2023-10-30T20:27:22.699+0000][3407.054s][info ][gc,heap       ] GC(80) Survivor regions: 5->7(23)
[2023-10-30T20:27:22.699+0000][3407.055s][info ][gc,heap       ] GC(80) Old regions: 150->151
[2023-10-30T20:27:22.700+0000][3407.055s][info ][gc,heap       ] GC(80) Humongous regions: 1->0
[2023-10-30T20:27:22.700+0000][3407.056s][info ][gc,metaspace  ] GC(80) Metaspace: 163101K(168404K)->163101K(168404K) NonClass: 144114K(147336K)->144114K(147336K) Class: 18986K(21068K)->18986K(21068K)
[2023-10-30T20:27:22.701+0000][3407.056s][info ][gc            ] GC(80) Pause Young (Normal) (G1 Evacuation Pause) 327M->156M(372M) 14.511ms
[2023-10-30T20:27:22.701+0000][3407.057s][info ][gc,cpu        ] GC(80) User=0.05s Sys=0.00s Real=0.01s
[2023-10-30T20:27:22.702+0000][3407.057s][info ][safepoint     ] Leaving safepoint region
[2023-10-30T20:27:22.702+0000][3407.057s][info ][safepoint     ] Total time for which application threads were stopped: 0.0175559 seconds, Stopping threads took: 0.0014158 seconds
[2023-10-30T20:27:22.702+0000][3407.058s][info ][gc,stringdedup] Concurrent String Deduplication (3407.058s)
[2023-10-30T20:27:22.703+0000][3407.059s][info ][gc,stringdedup] Concurrent String Deduplication 27984.0B->11136.0B(16848.0B) avg 54.2% (3407.058s, 3407.059s) 0.724ms
[2023-10-30T20:27:25.703+0000][3410.058s][debug][safepoint     ] Safepoint synchronization initiated. (172 threads)
[2023-10-30T20:27:25.703+0000][3410.059s][info ][safepoint     ] Application time: 3.0009894 seconds
[2023-10-30T20:27:25.704+0000][3410.059s][info ][safepoint     ] Entering safepoint region: Cleanup
[2023-10-30T20:27:25.704+0000][3410.060s][info ][safepoint     ] Leaving safepoint region
[2023-10-30T20:27:25.705+0000][3410.060s][info ][safepoint     ] Total time for which application threads were stopped: 0.0009265 seconds, Stopping threads took: 0.0004057 seconds
[2023-10-30T20:27:30.706+0000][3415.062s][debug][safepoint     ] Safepoint synchronization initiated. (172 threads)
[2023-10-30T20:27:30.707+0000][3415.062s][info ][safepoint     ] Application time: 5.0016162 seconds
[2023-10-30T20:27:30.707+0000][3415.062s][info ][safepoint     ] Entering safepoint region: Cleanup
[2023-10-30T20:27:30.707+0000][3415.063s][info ][safepoint     ] Leaving safepoint region
[2023-10-30T20:27:30.708+0000][3415.063s][info ][safepoint     ] Total time for which application threads were stopped: 0.0007842 seconds, Stopping threads took: 0.0003204 seconds
[2023-10-30T20:27:32.708+0000][3417.064s][debug][safepoint     ] Safepoint synchronization initiated. (172 threads)
[2023-10-30T20:27:32.709+0000][3417.064s][info ][safepoint     ] Application time: 2.0008478 seconds
[2023-10-30T20:27:32.709+0000][3417.065s][info ][safepoint     ] Entering safepoint region: Cleanup
[2023-10-30T20:27:32.710+0000][3417.066s][info ][safepoint     ] Leaving safepoint region
[2023-10-30T20:27:32.710+0000][3417.066s][info ][safepoint     ] Total time for which application threads were stopped: 0.0012209 seconds, Stopping threads took: 0.0005217 seconds
[2023-10-30T20:27:37.712+0000][3422.067s][debug][safepoint     ] Safepoint synchronization initiated. (172 threads)
[2023-10-30T20:27:37.712+0000][3422.068s][info ][safepoint     ] Application time: 5.0015035 seconds
[2023-10-30T20:27:37.713+0000][3422.069s][info ][safepoint     ] Entering safepoint region: Cleanup
[2023-10-30T20:27:37.714+0000][3422.069s][info ][safepoint     ] Leaving safepoint region
[2023-10-30T20:27:37.714+0000][3422.070s][info ][safepoint     ] Total time for which application threads were stopped: 0.0013068 seconds, Stopping threads took: 0.0006162 seconds
[2023-10-30T20:27:38.715+0000][3423.070s][debug][safepoint     ] Safepoint synchronization initiated. (172 threads)
[2023-10-30T20:27:38.715+0000][3423.071s][info ][safepoint     ] Application time: 1.0005462 seconds
[2023-10-30T20:27:38.716+0000][3423.071s][info ][safepoint     ] Entering safepoint region: Cleanup
[2023-10-30T20:27:38.716+0000][3423.072s][info ][safepoint     ] Leaving safepoint region
[2023-10-30T20:27:38.716+0000][3423.072s][info ][safepoint     ] Total time for which application threads were stopped: 0.0008930 seconds, Stopping threads took: 0.0002984 seconds
[2023-10-30T20:27:40.717+0000][3425.073s][debug][safepoint     ] Safepoint synchronization initiated. (172 threads)
[2023-10-30T20:27:40.718+0000][3425.074s][info ][safepoint     ] Application time: 2.0014019 seconds
[2023-10-30T20:27:40.719+0000][3425.075s][info ][safepoint     ] Entering safepoint region: Cleanup
[2023-10-30T20:27:40.720+0000][3425.075s][info ][safepoint     ] Leaving safepoint region
[2023-10-30T20:27:40.720+0000][3425.076s][info ][safepoint     ] Total time for which application threads were stopped: 0.0014974 seconds, Stopping threads took: 0.0005957 seconds
[2023-10-30T20:27:41.721+0000][3426.077s][debug][safepoint     ] Safepoint synchronization initiated. (172 threads)
[2023-10-30T20:27:41.722+0000][3426.078s][info ][safepoint     ] Application time: 1.0014712 seconds
[2023-10-30T20:27:41.724+0000][3426.079s][info ][safepoint     ] Entering safepoint region: Cleanup
[2023-10-30T20:27:41.725+0000][3426.081s][info ][safepoint     ] Leaving safepoint region
[2023-10-30T20:27:41.726+0000][3426.082s][info ][safepoint     ] Total time for which application threads were stopped: 0.0023425 seconds, Stopping threads took: 0.0011069 seconds
[2023-10-30T20:27:42.727+0000][3427.082s][debug][safepoint     ] Safepoint synchronization initiated. (172 threads)
[2023-10-30T20:27:42.728+0000][3427.083s][info ][safepoint     ] Application time: 1.0008563 seconds
[2023-10-30T20:27:42.728+0000][3427.084s][info ][safepoint     ] Entering safepoint region: Cleanup
[2023-10-30T20:27:42.729+0000][3427.085s][info ][safepoint     ] Leaving safepoint region
[2023-10-30T20:27:42.729+0000][3427.085s][info ][safepoint     ] Total time for which application threads were stopped: 0.0013377 seconds, Stopping threads took: 0.0005620 seconds
[2023-10-30T20:27:43.730+0000][3428.086s][debug][safepoint     ] Safepoint synchronization initiated. (172 threads)
[2023-10-30T20:27:43.730+0000][3428.086s][info ][safepoint     ] Application time: 1.0005037 seconds
[2023-10-30T20:27:43.731+0000][3428.086s][info ][safepoint     ] Entering safepoint region: Cleanup
[2023-10-30T20:27:43.731+0000][3428.087s][info ][safepoint     ] Leaving safepoint region
[2023-10-30T20:27:43.731+0000][3428.087s][info ][safepoint     ] Total time for which application threads were stopped: 0.0008157 seconds, Stopping threads took: 0.0003415 seconds
[2023-10-30T20:27:44.296+0000][3428.651s][debug][safepoint     ] Safepoint synchronization initiated. (174 threads)
[2023-10-30T20:27:44.296+0000][3428.652s][info ][safepoint     ] Application time: 0.5644445 seconds
[2023-10-30T20:27:44.297+0000][3428.652s][info ][safepoint     ] Entering safepoint region: Deoptimize
[2023-10-30T20:27:44.300+0000][3428.656s][info ][safepoint     ] Leaving safepoint region
[2023-10-30T20:27:44.301+0000][3428.656s][info ][safepoint     ] Total time for which application threads were stopped: 0.0040093 seconds, Stopping threads took: 0.0005921 seconds
[2023-10-30T20:27:44.780+0000][3429.135s][debug][safepoint     ] Safepoint synchronization initiated. (181 threads)
[2023-10-30T20:27:44.780+0000][3429.136s][info ][safepoint     ] Application time: 0.4788823 seconds
[2023-10-30T20:27:44.781+0000][3429.136s][info ][safepoint     ] Entering safepoint region: ICBufferFull
[2023-10-30T20:27:44.782+0000][3429.137s][info ][safepoint     ] Leaving safepoint region
[2023-10-30T20:27:44.782+0000][3429.137s][info ][safepoint     ] Total time for which application threads were stopped: 0.0012309 seconds, Stopping threads took: 0.0005390 seconds
[2023-10-30T20:27:45.783+0000][3430.138s][debug][safepoint     ] Safepoint synchronization initiated. (181 threads)
[2023-10-30T20:27:45.783+0000][3430.139s][info ][safepoint     ] Application time: 1.0011262 seconds
[2023-10-30T20:27:45.784+0000][3430.140s][info ][safepoint     ] Entering safepoint region: Cleanup
[2023-10-30T20:27:45.786+0000][3430.141s][info ][safepoint     ] Leaving safepoint region
[2023-10-30T20:27:45.786+0000][3430.142s][info ][safepoint     ] Total time for which application threads were stopped: 0.0020196 seconds, Stopping threads took: 0.0009310 seconds
[2023-10-30T20:27:46.787+0000][3431.143s][debug][safepoint     ] Safepoint synchronization initiated. (179 threads)
[2023-10-30T20:27:46.788+0000][3431.143s][info ][safepoint     ] Application time: 1.0005772 seconds
[2023-10-30T20:27:46.788+0000][3431.144s][info ][safepoint     ] Entering safepoint region: Cleanup
[2023-10-30T20:27:46.788+0000][3431.144s][info ][safepoint     ] Leaving safepoint region
[2023-10-30T20:27:46.789+0000][3431.144s][info ][safepoint     ] Total time for which application threads were stopped: 0.0008250 seconds, Stopping threads took: 0.0003454 seconds
[2023-10-30T20:27:52.790+0000][3437.146s][debug][safepoint     ] Safepoint synchronization initiated. (179 threads)
[2023-10-30T20:27:52.791+0000][3437.146s][info ][safepoint     ] Application time: 6.0018158 seconds
[2023-10-30T20:27:52.792+0000][3437.147s][info ][safepoint     ] Entering safepoint region: Cleanup
[2023-10-30T20:27:52.792+0000][3437.148s][info ][safepoint     ] Leaving safepoint region
[2023-10-30T20:27:52.793+0000][3437.149s][info ][safepoint     ] Total time for which application threads were stopped: 0.0014581 seconds, Stopping threads took: 0.0007095 seconds
[2023-10-30T20:27:59.795+0000][3444.150s][debug][safepoint     ] Safepoint synchronization initiated. (179 threads)
[2023-10-30T20:27:59.795+0000][3444.151s][info ][safepoint     ] Application time: 7.0015643 seconds
[2023-10-30T20:27:59.796+0000][3444.151s][info ][safepoint     ] Entering safepoint region: Cleanup
[2023-10-30T20:27:59.796+0000][3444.152s][info ][safepoint     ] Leaving safepoint region
[2023-10-30T20:27:59.797+0000][3444.152s][info ][safepoint     ] Total time for which application threads were stopped: 0.0011500 seconds, Stopping threads took: 0.0005154 seconds
[2023-10-30T20:28:00.797+0000][3445.153s][debug][safepoint     ] Safepoint synchronization initiated. (179 threads)
[2023-10-30T20:28:00.798+0000][3445.153s][info ][safepoint     ] Application time: 1.0007039 seconds
[2023-10-30T20:28:00.798+0000][3445.154s][info ][safepoint     ] Entering safepoint region: Cleanup
[2023-10-30T20:28:00.799+0000][3445.154s][info ][safepoint     ] Leaving safepoint region
[2023-10-30T20:28:00.799+0000][3445.155s][info ][safepoint     ] Total time for which application threads were stopped: 0.0010362 seconds, Stopping threads took: 0.0004494 seconds
[2023-10-30T20:28:09.801+0000][3454.157s][debug][safepoint     ] Safepoint synchronization initiated. (179 threads)
[2023-10-30T20:28:09.802+0000][3454.158s][info ][safepoint     ] Application time: 9.0024523 seconds
[2023-10-30T20:28:09.803+0000][3454.159s][info ][safepoint     ] Entering safepoint region: Cleanup
[2023-10-30T20:28:09.804+0000][3454.160s][info ][safepoint     ] Leaving safepoint region
[2023-10-30T20:28:09.805+0000][3454.161s][info ][safepoint     ] Total time for which application threads were stopped: 0.0020501 seconds, Stopping threads took: 0.0008214 seconds
[2023-10-30T20:28:10.806+0000][3455.161s][debug][safepoint     ] Safepoint synchronization initiated. (179 threads)
[2023-10-30T20:28:10.806+0000][3455.162s][info ][safepoint     ] Application time: 1.0005649 seconds
[2023-10-30T20:28:10.807+0000][3455.162s][info ][safepoint     ] Entering safepoint region: Cleanup
[2023-10-30T20:28:10.807+0000][3455.163s][info ][safepoint     ] Leaving safepoint region
[2023-10-30T20:28:10.808+0000][3455.163s][info ][safepoint     ] Total time for which application threads were stopped: 0.0010147 seconds, Stopping threads took: 0.0003927 seconds
[2023-10-30T20:28:11.808+0000][3456.164s][debug][safepoint     ] Safepoint synchronization initiated. (179 threads)
[2023-10-30T20:28:11.809+0000][3456.164s][info ][safepoint     ] Application time: 1.0009263 seconds
[2023-10-30T20:28:11.809+0000][3456.165s][info ][safepoint     ] Entering safepoint region: Cleanup
[2023-10-30T20:28:11.810+0000][3456.166s][info ][safepoint     ] Leaving safepoint region
[2023-10-30T20:28:11.811+0000][3456.166s][info ][safepoint     ] Total time for which application threads were stopped: 0.0013763 seconds, Stopping threads took: 0.0005372 seconds
[2023-10-30T20:28:12.812+0000][3457.167s][debug][safepoint     ] Safepoint synchronization initiated. (179 threads)
[2023-10-30T20:28:12.813+0000][3457.168s][info ][safepoint     ] Application time: 1.0013285 seconds
[2023-10-30T20:28:12.814+0000][3457.169s][info ][safepoint     ] Entering safepoint region: Cleanup
[2023-10-30T20:28:12.815+0000][3457.170s][info ][safepoint     ] Leaving safepoint region
[2023-10-30T20:28:12.816+0000][3457.171s][info ][safepoint     ] Total time for which application threads were stopped: 0.0020625 seconds, Stopping threads took: 0.0009198 seconds
[2023-10-30T20:28:13.817+0000][3458.172s][debug][safepoint     ] Safepoint synchronization initiated. (179 threads)
[2023-10-30T20:28:13.817+0000][3458.173s][info ][safepoint     ] Application time: 1.0011734 seconds
[2023-10-30T20:28:13.818+0000][3458.174s][info ][safepoint     ] Entering safepoint region: Cleanup
[2023-10-30T20:28:13.819+0000][3458.175s][info ][safepoint     ] Leaving safepoint region
[2023-10-30T20:28:13.820+0000][3458.175s][info ][safepoint     ] Total time for which application threads were stopped: 0.0015198 seconds, Stopping threads took: 0.0007303 seconds
[2023-10-30T20:28:14.820+0000][3459.176s][debug][safepoint     ] Safepoint synchronization initiated. (179 threads)
[2023-10-30T20:28:14.821+0000][3459.176s][info ][safepoint     ] Application time: 1.0006797 seconds
[2023-10-30T20:28:14.821+0000][3459.177s][debug][safepoint     ] Waiting for 1 thread(s) to block
[2023-10-30T20:28:14.822+0000][3459.177s][info ][safepoint     ] Entering safepoint region: Cleanup
[2023-10-30T20:28:14.823+0000][3459.178s][info ][safepoint     ] Leaving safepoint region
[2023-10-30T20:28:14.823+0000][3459.179s][info ][safepoint     ] Total time for which application threads were stopped: 0.0017596 seconds, Stopping threads took: 0.0011276 seconds
[2023-10-30T20:28:15.824+0000][3460.179s][debug][safepoint     ] Safepoint synchronization initiated. (179 threads)
[2023-10-30T20:28:15.825+0000][3460.180s][info ][safepoint     ] Application time: 1.0013425 seconds
[2023-10-30T20:28:15.826+0000][3460.181s][info ][safepoint     ] Entering safepoint region: Cleanup
[2023-10-30T20:28:15.826+0000][3460.182s][info ][safepoint     ] Leaving safepoint region
[2023-10-30T20:28:15.827+0000][3460.183s][info ][safepoint     ] Total time for which application threads were stopped: 0.0016987 seconds, Stopping threads took: 0.0006148 seconds
[2023-10-30T20:28:16.828+0000][3461.184s][debug][safepoint     ] Safepoint synchronization initiated. (179 threads)
[2023-10-30T20:28:16.829+0000][3461.184s][info ][safepoint     ] Application time: 1.0007454 seconds
[2023-10-30T20:28:16.829+0000][3461.185s][info ][safepoint     ] Entering safepoint region: Cleanup
[2023-10-30T20:28:16.830+0000][3461.185s][info ][safepoint     ] Leaving safepoint region
[2023-10-30T20:28:16.830+0000][3461.186s][info ][safepoint     ] Total time for which application threads were stopped: 0.0010828 seconds, Stopping threads took: 0.0004537 seconds
[2023-10-30T20:28:17.831+0000][3462.186s][debug][safepoint     ] Safepoint synchronization initiated. (179 threads)
[2023-10-30T20:28:17.831+0000][3462.187s][info ][safepoint     ] Application time: 1.0005983 seconds
[2023-10-30T20:28:17.832+0000][3462.187s][info ][safepoint     ] Entering safepoint region: Cleanup
[2023-10-30T20:28:17.832+0000][3462.188s][info ][safepoint     ] Leaving safepoint region
[2023-10-30T20:28:17.833+0000][3462.188s][info ][safepoint     ] Total time for which application threads were stopped: 0.0008625 seconds, Stopping threads took: 0.0003402 seconds
[2023-10-30T20:28:18.833+0000][3463.189s][debug][safepoint     ] Safepoint synchronization initiated. (179 threads)
[2023-10-30T20:28:18.834+0000][3463.190s][info ][safepoint     ] Application time: 1.0011543 seconds
[2023-10-30T20:28:18.835+0000][3463.190s][info ][safepoint     ] Entering safepoint region: Cleanup
[2023-10-30T20:28:18.836+0000][3463.191s][info ][safepoint     ] Leaving safepoint region
[2023-10-30T20:28:18.836+0000][3463.192s][info ][safepoint     ] Total time for which application threads were stopped: 0.0017149 seconds, Stopping threads took: 0.0007964 seconds
[2023-10-30T20:28:19.837+0000][3464.193s][debug][safepoint     ] Safepoint synchronization initiated. (179 threads)
[2023-10-30T20:28:19.838+0000][3464.194s][info ][safepoint     ] Application time: 1.0013211 seconds
[2023-10-30T20:28:19.839+0000][3464.195s][info ][safepoint     ] Entering safepoint region: Cleanup
[2023-10-30T20:28:19.841+0000][3464.196s][info ][safepoint     ] Leaving safepoint region
[2023-10-30T20:28:19.841+0000][3464.197s][info ][safepoint     ] Total time for which application threads were stopped: 0.0019308 seconds, Stopping threads took: 0.0009282 seconds
[2023-10-30T20:28:20.842+0000][3465.198s][debug][safepoint     ] Safepoint synchronization initiated. (179 threads)
[2023-10-30T20:28:20.843+0000][3465.198s][info ][safepoint     ] Application time: 1.0006721 seconds
[2023-10-30T20:28:20.843+0000][3465.199s][info ][safepoint     ] Entering safepoint region: Cleanup
[2023-10-30T20:28:20.844+0000][3465.199s][info ][safepoint     ] Leaving safepoint region
[2023-10-30T20:28:20.844+0000][3465.200s][info ][safepoint     ] Total time for which application threads were stopped: 0.0009229 seconds, Stopping threads took: 0.0003870 seconds
[2023-10-30T20:28:21.844+0000][3466.200s][debug][safepoint     ] Safepoint synchronization initiated. (179 threads)
[2023-10-30T20:28:21.845+0000][3466.200s][info ][safepoint     ] Application time: 1.0005294 seconds
[2023-10-30T20:28:21.845+0000][3466.201s][info ][safepoint     ] Entering safepoint region: Cleanup
[2023-10-30T20:28:21.846+0000][3466.201s][info ][safepoint     ] Leaving safepoint region
[2023-10-30T20:28:21.846+0000][3466.202s][info ][safepoint     ] Total time for which application threads were stopped: 0.0007645 seconds, Stopping threads took: 0.0003163 seconds
[2023-10-30T20:28:22.846+0000][3467.202s][debug][safepoint     ] Safepoint synchronization initiated. (179 threads)
[2023-10-30T20:28:22.847+0000][3467.203s][info ][safepoint     ] Application time: 1.0007033 seconds
[2023-10-30T20:28:22.848+0000][3467.203s][info ][safepoint     ] Entering safepoint region: Cleanup
[2023-10-30T20:28:22.848+0000][3467.204s][info ][safepoint     ] Leaving safepoint region
[2023-10-30T20:28:22.849+0000][3467.204s][info ][safepoint     ] Total time for which application threads were stopped: 0.0013164 seconds, Stopping threads took: 0.0004882 seconds
[2023-10-30T20:28:23.850+0000][3468.206s][debug][safepoint     ] Safepoint synchronization initiated. (179 threads)
[2023-10-30T20:28:23.851+0000][3468.207s][info ][safepoint     ] Application time: 1.0014067 seconds
[2023-10-30T20:28:23.852+0000][3468.208s][info ][safepoint     ] Entering safepoint region: Cleanup
[2023-10-30T20:28:23.854+0000][3468.209s][info ][safepoint     ] Leaving safepoint region
[2023-10-30T20:28:23.855+0000][3468.210s][info ][safepoint     ] Total time for which application threads were stopped: 0.0024820 seconds, Stopping threads took: 0.0010228 seconds
[2023-10-30T20:28:24.856+0000][3469.211s][debug][safepoint     ] Safepoint synchronization initiated. (179 threads)
[2023-10-30T20:28:24.856+0000][3469.212s][info ][safepoint     ] Application time: 1.0005946 seconds
[2023-10-30T20:28:24.857+0000][3469.212s][info ][safepoint     ] Entering safepoint region: Cleanup
[2023-10-30T20:28:24.857+0000][3469.212s][info ][safepoint     ] Leaving safepoint region
[2023-10-30T20:28:24.857+0000][3469.213s][info ][safepoint     ] Total time for which application threads were stopped: 0.0007537 seconds, Stopping threads took: 0.0003288 seconds
[2023-10-30T20:28:25.858+0000][3470.213s][debug][safepoint     ] Safepoint synchronization initiated. (179 threads)
[2023-10-30T20:28:25.858+0000][3470.214s][info ][safepoint     ] Application time: 1.0006067 seconds
[2023-10-30T20:28:25.858+0000][3470.214s][info ][safepoint     ] Entering safepoint region: Cleanup
[2023-10-30T20:28:25.859+0000][3470.214s][info ][safepoint     ] Leaving safepoint region
[2023-10-30T20:28:25.859+0000][3470.215s][info ][safepoint     ] Total time for which application threads were stopped: 0.0008903 seconds, Stopping threads took: 0.0004084 seconds
[2023-10-30T20:28:26.860+0000][3471.215s][debug][safepoint     ] Safepoint synchronization initiated. (179 threads)
[2023-10-30T20:28:26.862+0000][3471.217s][info ][safepoint     ] Application time: 1.0020107 seconds
[2023-10-30T20:28:26.862+0000][3471.218s][info ][safepoint     ] Entering safepoint region: Cleanup
[2023-10-30T20:28:26.863+0000][3471.218s][info ][safepoint     ] Leaving safepoint region
[2023-10-30T20:28:26.863+0000][3471.219s][info ][safepoint     ] Total time for which application threads were stopped: 0.0009256 seconds, Stopping threads took: 0.0004172 seconds
[2023-10-30T20:28:27.864+0000][3472.219s][debug][safepoint     ] Safepoint synchronization initiated. (179 threads)
[2023-10-30T20:28:27.864+0000][3472.220s][info ][safepoint     ] Application time: 1.0008654 seconds
[2023-10-30T20:28:27.865+0000][3472.220s][info ][safepoint     ] Entering safepoint region: Cleanup
[2023-10-30T20:28:27.866+0000][3472.221s][info ][safepoint     ] Leaving safepoint region
[2023-10-30T20:28:27.866+0000][3472.222s][info ][safepoint     ] Total time for which application threads were stopped: 0.0013149 seconds, Stopping threads took: 0.0006214 seconds
[2023-10-30T20:28:28.867+0000][3473.222s][debug][safepoint     ] Safepoint synchronization initiated. (179 threads)
[2023-10-30T20:28:28.867+0000][3473.223s][info ][safepoint     ] Application time: 1.0008006 seconds
[2023-10-30T20:28:28.868+0000][3473.223s][info ][safepoint     ] Entering safepoint region: Cleanup
[2023-10-30T20:28:28.869+0000][3473.224s][info ][safepoint     ] Leaving safepoint region
[2023-10-30T20:28:28.869+0000][3473.225s][info ][safepoint     ] Total time for which application threads were stopped: 0.0011558 seconds, Stopping threads took: 0.0004952 seconds
[2023-10-30T20:28:29.870+0000][3474.225s][debug][safepoint     ] Safepoint synchronization initiated. (179 threads)
[2023-10-30T20:28:29.870+0000][3474.225s][info ][safepoint     ] Application time: 1.0005040 seconds
[2023-10-30T20:28:29.870+0000][3474.226s][info ][safepoint     ] Entering safepoint region: Cleanup
[2023-10-30T20:28:29.871+0000][3474.226s][info ][safepoint     ] Leaving safepoint region
[2023-10-30T20:28:29.871+0000][3474.227s][info ][safepoint     ] Total time for which application threads were stopped: 0.0008097 seconds, Stopping threads took: 0.0003289 seconds
[2023-10-30T20:28:30.871+0000][3475.227s][debug][safepoint     ] Safepoint synchronization initiated. (179 threads)
[2023-10-30T20:28:30.872+0000][3475.228s][info ][safepoint     ] Application time: 1.0007718 seconds
[2023-10-30T20:28:30.873+0000][3475.228s][info ][safepoint     ] Entering safepoint region: Cleanup
[2023-10-30T20:28:30.873+0000][3475.229s][info ][safepoint     ] Leaving safepoint region
[2023-10-30T20:28:30.874+0000][3475.229s][info ][safepoint     ] Total time for which application threads were stopped: 0.0009687 seconds, Stopping threads took: 0.0004863 seconds
[2023-10-30T20:28:31.874+0000][3476.230s][debug][safepoint     ] Safepoint synchronization initiated. (179 threads)
[2023-10-30T20:28:31.875+0000][3476.231s][info ][safepoint     ] Application time: 1.0013472 seconds
[2023-10-30T20:28:31.876+0000][3476.232s][info ][safepoint     ] Entering safepoint region: Cleanup
[2023-10-30T20:28:31.878+0000][3476.233s][info ][safepoint     ] Leaving safepoint region
[2023-10-30T20:28:31.878+0000][3476.234s][info ][safepoint     ] Total time for which application threads were stopped: 0.0020867 seconds, Stopping threads took: 0.0009227 seconds
[2023-10-30T20:28:32.879+0000][3477.235s][debug][safepoint     ] Safepoint synchronization initiated. (179 threads)
[2023-10-30T20:28:32.880+0000][3477.236s][info ][safepoint     ] Application time: 1.0010330 seconds
[2023-10-30T20:28:32.881+0000][3477.236s][info ][safepoint     ] Entering safepoint region: Cleanup
[2023-10-30T20:28:32.882+0000][3477.238s][info ][safepoint     ] Leaving safepoint region
[2023-10-30T20:28:32.883+0000][3477.238s][info ][safepoint     ] Total time for which application threads were stopped: 0.0018660 seconds, Stopping threads took: 0.0008217 seconds
[2023-10-30T20:28:33.883+0000][3478.239s][debug][safepoint     ] Safepoint synchronization initiated. (179 threads)
[2023-10-30T20:28:33.884+0000][3478.240s][info ][safepoint     ] Application time: 1.0008356 seconds
[2023-10-30T20:28:33.885+0000][3478.240s][info ][safepoint     ] Entering safepoint region: Cleanup
[2023-10-30T20:28:33.886+0000][3478.241s][info ][safepoint     ] Leaving safepoint region
[2023-10-30T20:28:33.886+0000][3478.242s][info ][safepoint     ] Total time for which application threads were stopped: 0.0011745 seconds, Stopping threads took: 0.0005043 seconds
[2023-10-30T20:28:34.887+0000][3479.242s][debug][safepoint     ] Safepoint synchronization initiated. (179 threads)
[2023-10-30T20:28:34.887+0000][3479.243s][info ][safepoint     ] Application time: 1.0007212 seconds
[2023-10-30T20:28:34.888+0000][3479.243s][info ][safepoint     ] Entering safepoint region: Cleanup
[2023-10-30T20:28:34.888+0000][3479.244s][info ][safepoint     ] Leaving safepoint region
[2023-10-30T20:28:34.889+0000][3479.244s][info ][safepoint     ] Total time for which application threads were stopped: 0.0009654 seconds, Stopping threads took: 0.0003974 seconds
[2023-10-30T20:28:35.889+0000][3480.245s][debug][safepoint     ] Safepoint synchronization initiated. (179 threads)
[2023-10-30T20:28:35.890+0000][3480.245s][info ][safepoint     ] Application time: 1.0006759 seconds
[2023-10-30T20:28:35.890+0000][3480.246s][info ][safepoint     ] Entering safepoint region: Cleanup
[2023-10-30T20:28:35.891+0000][3480.246s][info ][safepoint     ] Leaving safepoint region
[2023-10-30T20:28:35.891+0000][3480.247s][info ][safepoint     ] Total time for which application threads were stopped: 0.0010980 seconds, Stopping threads took: 0.0005104 seconds
[2023-10-30T20:28:36.892+0000][3481.247s][debug][safepoint     ] Safepoint synchronization initiated. (179 threads)
[2023-10-30T20:28:36.892+0000][3481.248s][info ][safepoint     ] Application time: 1.0005947 seconds
[2023-10-30T20:28:36.892+0000][3481.248s][info ][safepoint     ] Entering safepoint region: Cleanup
[2023-10-30T20:28:36.893+0000][3481.249s][info ][safepoint     ] Leaving safepoint region
[2023-10-30T20:28:36.894+0000][3481.249s][info ][safepoint     ] Total time for which application threads were stopped: 0.0011501 seconds, Stopping threads took: 0.0004362 seconds
[2023-10-30T20:28:37.894+0000][3482.250s][debug][safepoint     ] Safepoint synchronization initiated. (179 threads)
[2023-10-30T20:28:37.895+0000][3482.251s][info ][safepoint     ] Application time: 1.0010758 seconds
[2023-10-30T20:28:37.896+0000][3482.251s][info ][safepoint     ] Entering safepoint region: Cleanup
[2023-10-30T20:28:37.896+0000][3482.252s][info ][safepoint     ] Leaving safepoint region
[2023-10-30T20:28:37.897+0000][3482.252s][info ][safepoint     ] Total time for which application threads were stopped: 0.0010777 seconds, Stopping threads took: 0.0004598 seconds
[2023-10-30T20:28:38.898+0000][3483.253s][debug][safepoint     ] Safepoint synchronization initiated. (179 threads)
[2023-10-30T20:28:38.898+0000][3483.254s][info ][safepoint     ] Application time: 1.0010862 seconds
[2023-10-30T20:28:38.899+0000][3483.254s][info ][safepoint     ] Entering safepoint region: Cleanup
[2023-10-30T20:28:38.899+0000][3483.255s][info ][safepoint     ] Leaving safepoint region
[2023-10-30T20:28:38.900+0000][3483.255s][info ][safepoint     ] Total time for which application threads were stopped: 0.0009682 seconds, Stopping threads took: 0.0003858 seconds
[2023-10-30T20:28:39.900+0000][3484.256s][debug][safepoint     ] Safepoint synchronization initiated. (179 threads)
[2023-10-30T20:28:39.901+0000][3484.256s][info ][safepoint     ] Application time: 1.0008052 seconds
[2023-10-30T20:28:39.901+0000][3484.257s][info ][safepoint     ] Entering safepoint region: Cleanup
[2023-10-30T20:28:39.902+0000][3484.257s][info ][safepoint     ] Leaving safepoint region
[2023-10-30T20:28:39.902+0000][3484.258s][info ][safepoint     ] Total time for which application threads were stopped: 0.0012673 seconds, Stopping threads took: 0.0005123 seconds
[2023-10-30T20:28:40.903+0000][3485.259s][debug][safepoint     ] Safepoint synchronization initiated. (179 threads)
[2023-10-30T20:28:40.904+0000][3485.259s][info ][safepoint     ] Application time: 1.0008079 seconds
[2023-10-30T20:28:40.904+0000][3485.260s][info ][safepoint     ] Entering safepoint region: Cleanup
[2023-10-30T20:28:40.905+0000][3485.261s][info ][safepoint     ] Leaving safepoint region
[2023-10-30T20:28:40.906+0000][3485.261s][info ][safepoint     ] Total time for which application threads were stopped: 0.0012797 seconds, Stopping threads took: 0.0006439 seconds
[2023-10-30T20:28:41.906+0000][3486.262s][debug][safepoint     ] Safepoint synchronization initiated. (179 threads)
[2023-10-30T20:28:41.907+0000][3486.262s][info ][safepoint     ] Application time: 1.0006553 seconds
[2023-10-30T20:28:41.907+0000][3486.263s][info ][safepoint     ] Entering safepoint region: Cleanup
[2023-10-30T20:28:41.908+0000][3486.263s][info ][safepoint     ] Leaving safepoint region
[2023-10-30T20:28:41.908+0000][3486.264s][info ][safepoint     ] Total time for which application threads were stopped: 0.0013266 seconds, Stopping threads took: 0.0004299 seconds
[2023-10-30T20:28:42.358+0000][3486.714s][debug][safepoint     ] Safepoint synchronization initiated. (179 threads)
[2023-10-30T20:28:42.359+0000][3486.715s][info ][safepoint     ] Application time: 0.4502476 seconds
[2023-10-30T20:28:42.360+0000][3486.715s][info ][safepoint     ] Entering safepoint region: G1CollectForAllocation
[2023-10-30T20:28:42.361+0000][3486.716s][info ][gc,start      ] GC(81) Pause Young (Normal) (G1 Evacuation Pause)
[2023-10-30T20:28:42.361+0000][3486.717s][info ][gc,task       ] GC(81) Using 8 workers of 8 for evacuation
[2023-10-30T20:28:42.374+0000][3486.729s][info ][gc,phases     ] GC(81)   Pre Evacuate Collection Set: 0.0ms
[2023-10-30T20:28:42.374+0000][3486.730s][info ][gc,phases     ] GC(81)   Evacuate Collection Set: 7.1ms
[2023-10-30T20:28:42.375+0000][3486.730s][info ][gc,phases     ] GC(81)   Post Evacuate Collection Set: 4.9ms
[2023-10-30T20:28:42.375+0000][3486.731s][info ][gc,phases     ] GC(81)   Other: 1.0ms
[2023-10-30T20:28:42.376+0000][3486.732s][info ][gc,heap       ] GC(81) Eden regions: 169->0(163)
[2023-10-30T20:28:42.377+0000][3486.732s][info ][gc,heap       ] GC(81) Survivor regions: 7->10(22)
[2023-10-30T20:28:42.378+0000][3486.733s][info ][gc,heap       ] GC(81) Old regions: 151->151
[2023-10-30T20:28:42.378+0000][3486.734s][info ][gc,heap       ] GC(81) Humongous regions: 0->0
[2023-10-30T20:28:42.379+0000][3486.734s][info ][gc,metaspace  ] GC(81) Metaspace: 166821K(172372K)->166821K(172372K) NonClass: 147497K(150920K)->147497K(150920K) Class: 19323K(21452K)->19323K(21452K)
[2023-10-30T20:28:42.379+0000][3486.735s][info ][gc            ] GC(81) Pause Young (Normal) (G1 Evacuation Pause) 325M->159M(372M) 18.491ms
[2023-10-30T20:28:42.380+0000][3486.735s][info ][gc,cpu        ] GC(81) User=0.07s Sys=0.00s Real=0.02s
[2023-10-30T20:28:42.380+0000][3486.736s][info ][safepoint     ] Leaving safepoint region
[2023-10-30T20:28:42.381+0000][3486.737s][info ][safepoint     ] Total time for which application threads were stopped: 0.0212025 seconds, Stopping threads took: 0.0006740 seconds
[2023-10-30T20:28:42.382+0000][3486.737s][info ][gc,stringdedup] Concurrent String Deduplication (3486.737s)
[2023-10-30T20:28:42.385+0000][3486.741s][info ][gc,stringdedup] Concurrent String Deduplication 325.1K->133.7K(191.3K) avg 54.3% (3486.737s, 3486.741s) 3.405ms
[2023-10-30T20:28:43.382+0000][3487.737s][debug][safepoint     ] Safepoint synchronization initiated. (179 threads)
[2023-10-30T20:28:43.382+0000][3487.738s][info ][safepoint     ] Application time: 1.0006321 seconds
[2023-10-30T20:28:43.383+0000][3487.738s][info ][safepoint     ] Entering safepoint region: Cleanup
[2023-10-30T20:28:43.383+0000][3487.739s][info ][safepoint     ] Leaving safepoint region
[2023-10-30T20:28:43.383+0000][3487.739s][info ][safepoint     ] Total time for which application threads were stopped: 0.0007806 seconds, Stopping threads took: 0.0003092 seconds
[2023-10-30T20:28:44.384+0000][3488.739s][debug][safepoint     ] Safepoint synchronization initiated. (179 threads)
[2023-10-30T20:28:44.384+0000][3488.740s][info ][safepoint     ] Application time: 1.0007116 seconds
[2023-10-30T20:28:44.385+0000][3488.741s][info ][safepoint     ] Entering safepoint region: Cleanup
[2023-10-30T20:28:44.386+0000][3488.742s][info ][safepoint     ] Leaving safepoint region
[2023-10-30T20:28:44.386+0000][3488.742s][info ][safepoint     ] Total time for which application threads were stopped: 0.0009553 seconds, Stopping threads took: 0.0004176 seconds
[2023-10-30T20:28:45.387+0000][3489.742s][debug][safepoint     ] Safepoint synchronization initiated. (178 threads)
[2023-10-30T20:28:45.388+0000][3489.743s][info ][safepoint     ] Application time: 1.0007616 seconds
[2023-10-30T20:28:45.388+0000][3489.744s][info ][safepoint     ] Entering safepoint region: Cleanup
[2023-10-30T20:28:45.389+0000][3489.744s][info ][safepoint     ] Leaving safepoint region
[2023-10-30T20:28:45.389+0000][3489.744s][info ][safepoint     ] Total time for which application threads were stopped: 0.0009323 seconds, Stopping threads took: 0.0003587 seconds
[2023-10-30T20:28:46.389+0000][3490.745s][debug][safepoint     ] Safepoint synchronization initiated. (178 threads)
[2023-10-30T20:28:46.390+0000][3490.746s][info ][safepoint     ] Application time: 1.0007359 seconds
[2023-10-30T20:28:46.391+0000][3490.746s][info ][safepoint     ] Entering safepoint region: Cleanup
[2023-10-30T20:28:46.391+0000][3490.747s][info ][safepoint     ] Leaving safepoint region
[2023-10-30T20:28:46.392+0000][3490.747s][info ][safepoint     ] Total time for which application threads were stopped: 0.0012878 seconds, Stopping threads took: 0.0005926 seconds
[2023-10-30T20:28:47.393+0000][3491.748s][debug][safepoint     ] Safepoint synchronization initiated. (178 threads)
[2023-10-30T20:28:47.394+0000][3491.749s][info ][safepoint     ] Application time: 1.0014894 seconds
[2023-10-30T20:28:47.395+0000][3491.750s][info ][safepoint     ] Entering safepoint region: Cleanup
[2023-10-30T20:28:47.396+0000][3491.751s][info ][safepoint     ] Leaving safepoint region
[2023-10-30T20:28:47.397+0000][3491.752s][info ][safepoint     ] Total time for which application threads were stopped: 0.0018757 seconds, Stopping threads took: 0.0007813 seconds
[2023-10-30T20:28:48.398+0000][3492.753s][debug][safepoint     ] Safepoint synchronization initiated. (178 threads)
[2023-10-30T20:28:48.398+0000][3492.754s][info ][safepoint     ] Application time: 1.0010091 seconds
[2023-10-30T20:28:48.399+0000][3492.755s][info ][safepoint     ] Entering safepoint region: Cleanup
[2023-10-30T20:28:48.400+0000][3492.756s][info ][safepoint     ] Leaving safepoint region
[2023-10-30T20:28:48.400+0000][3492.756s][info ][safepoint     ] Total time for which application threads were stopped: 0.0013483 seconds, Stopping threads took: 0.0006272 seconds
[2023-10-30T20:28:49.401+0000][3493.757s][debug][safepoint     ] Safepoint synchronization initiated. (178 threads)
[2023-10-30T20:28:49.402+0000][3493.757s][info ][safepoint     ] Application time: 1.0005603 seconds
[2023-10-30T20:28:49.402+0000][3493.757s][info ][safepoint     ] Entering safepoint region: Cleanup
[2023-10-30T20:28:49.402+0000][3493.758s][info ][safepoint     ] Leaving safepoint region
[2023-10-30T20:28:49.403+0000][3493.758s][info ][safepoint     ] Total time for which application threads were stopped: 0.0009136 seconds, Stopping threads took: 0.0003559 seconds
[2023-10-30T20:28:50.403+0000][3494.759s][debug][safepoint     ] Safepoint synchronization initiated. (178 threads)
[2023-10-30T20:28:50.404+0000][3494.760s][info ][safepoint     ] Application time: 1.0008733 seconds
[2023-10-30T20:28:50.404+0000][3494.760s][info ][safepoint     ] Entering safepoint region: Cleanup
[2023-10-30T20:28:50.405+0000][3494.761s][info ][safepoint     ] Leaving safepoint region
[2023-10-30T20:28:50.406+0000][3494.761s][info ][safepoint     ] Total time for which application threads were stopped: 0.0012515 seconds, Stopping threads took: 0.0005327 seconds
[2023-10-30T20:28:51.406+0000][3495.762s][debug][safepoint     ] Safepoint synchronization initiated. (178 threads)
[2023-10-30T20:28:51.407+0000][3495.763s][info ][safepoint     ] Application time: 1.0010157 seconds
[2023-10-30T20:28:51.408+0000][3495.763s][info ][safepoint     ] Entering safepoint region: Cleanup
[2023-10-30T20:28:51.409+0000][3495.764s][info ][safepoint     ] Leaving safepoint region
[2023-10-30T20:28:51.409+0000][3495.765s][info ][safepoint     ] Total time for which application threads were stopped: 0.0015293 seconds, Stopping threads took: 0.0006832 seconds
[2023-10-30T20:28:52.410+0000][3496.766s][debug][safepoint     ] Safepoint synchronization initiated. (178 threads)
[2023-10-30T20:28:52.411+0000][3496.766s][info ][safepoint     ] Application time: 1.0007833 seconds
[2023-10-30T20:28:52.411+0000][3496.767s][info ][safepoint     ] Entering safepoint region: Cleanup
[2023-10-30T20:28:52.412+0000][3496.767s][info ][safepoint     ] Leaving safepoint region
[2023-10-30T20:28:52.412+0000][3496.768s][info ][safepoint     ] Total time for which application threads were stopped: 0.0011891 seconds, Stopping threads took: 0.0004109 seconds
[2023-10-30T20:28:53.413+0000][3497.768s][debug][safepoint     ] Safepoint synchronization initiated. (178 threads)
[2023-10-30T20:28:53.414+0000][3497.769s][info ][safepoint     ] Application time: 1.0009100 seconds
[2023-10-30T20:28:53.414+0000][3497.770s][info ][safepoint     ] Entering safepoint region: Cleanup
[2023-10-30T20:28:53.415+0000][3497.771s][info ][safepoint     ] Leaving safepoint region
[2023-10-30T20:28:53.416+0000][3497.771s][info ][safepoint     ] Total time for which application threads were stopped: 0.0014111 seconds, Stopping threads took: 0.0006319 seconds
[2023-10-30T20:28:54.416+0000][3498.772s][debug][safepoint     ] Safepoint synchronization initiated. (178 threads)
[2023-10-30T20:28:54.417+0000][3498.773s][info ][safepoint     ] Application time: 1.0009353 seconds
[2023-10-30T20:28:54.418+0000][3498.774s][info ][safepoint     ] Entering safepoint region: Cleanup
[2023-10-30T20:28:54.419+0000][3498.775s][info ][safepoint     ] Leaving safepoint region
[2023-10-30T20:28:54.420+0000][3498.775s][info ][safepoint     ] Total time for which application threads were stopped: 0.0013984 seconds, Stopping threads took: 0.0006066 seconds
[2023-10-30T20:28:55.420+0000][3499.776s][debug][safepoint     ] Safepoint synchronization initiated. (178 threads)
[2023-10-30T20:28:55.421+0000][3499.776s][info ][safepoint     ] Application time: 1.0007206 seconds
[2023-10-30T20:28:55.422+0000][3499.777s][info ][safepoint     ] Entering safepoint region: Cleanup
[2023-10-30T20:28:55.422+0000][3499.778s][info ][safepoint     ] Leaving safepoint region
[2023-10-30T20:28:55.423+0000][3499.778s][info ][safepoint     ] Total time for which application threads were stopped: 0.0010920 seconds, Stopping threads took: 0.0004875 seconds
[2023-10-30T20:28:56.423+0000][3500.779s][debug][safepoint     ] Safepoint synchronization initiated. (178 threads)
[2023-10-30T20:28:56.424+0000][3500.779s][info ][safepoint     ] Application time: 1.0011496 seconds
[2023-10-30T20:28:56.425+0000][3500.780s][info ][safepoint     ] Entering safepoint region: Cleanup
[2023-10-30T20:28:56.426+0000][3500.781s][info ][safepoint     ] Leaving safepoint region
[2023-10-30T20:28:56.427+0000][3500.782s][info ][safepoint     ] Total time for which application threads were stopped: 0.0018326 seconds, Stopping threads took: 0.0008250 seconds
[2023-10-30T20:28:57.427+0000][3501.783s][debug][safepoint     ] Safepoint synchronization initiated. (178 threads)
[2023-10-30T20:28:57.428+0000][3501.784s][info ][safepoint     ] Application time: 1.0010623 seconds
[2023-10-30T20:28:57.429+0000][3501.784s][info ][safepoint     ] Entering safepoint region: Cleanup
[2023-10-30T20:28:57.430+0000][3501.785s][info ][safepoint     ] Leaving safepoint region
[2023-10-30T20:28:57.430+0000][3501.786s][info ][safepoint     ] Total time for which application threads were stopped: 0.0014754 seconds, Stopping threads took: 0.0007006 seconds
[2023-10-30T20:28:58.431+0000][3502.786s][debug][safepoint     ] Safepoint synchronization initiated. (178 threads)
[2023-10-30T20:28:58.432+0000][3502.787s][info ][safepoint     ] Application time: 1.0009916 seconds
[2023-10-30T20:28:58.432+0000][3502.788s][info ][safepoint     ] Entering safepoint region: Cleanup
[2023-10-30T20:28:58.433+0000][3502.788s][info ][safepoint     ] Leaving safepoint region
[2023-10-30T20:28:58.433+0000][3502.789s][info ][safepoint     ] Total time for which application threads were stopped: 0.0009950 seconds, Stopping threads took: 0.0004067 seconds
[2023-10-30T20:28:59.434+0000][3503.789s][debug][safepoint     ] Safepoint synchronization initiated. (180 threads)
[2023-10-30T20:28:59.435+0000][3503.790s][info ][safepoint     ] Application time: 1.0009337 seconds
[2023-10-30T20:28:59.435+0000][3503.791s][info ][safepoint     ] Entering safepoint region: Cleanup
[2023-10-30T20:28:59.436+0000][3503.791s][info ][safepoint     ] Leaving safepoint region
[2023-10-30T20:28:59.437+0000][3503.792s][info ][safepoint     ] Total time for which application threads were stopped: 0.0013982 seconds, Stopping threads took: 0.0005428 seconds
[2023-10-30T20:29:12.439+0000][3516.795s][debug][safepoint     ] Safepoint synchronization initiated. (179 threads)
[2023-10-30T20:29:12.440+0000][3516.796s][info ][safepoint     ] Application time: 13.0030124 seconds
[2023-10-30T20:29:12.441+0000][3516.796s][info ][safepoint     ] Entering safepoint region: Cleanup
[2023-10-30T20:29:12.442+0000][3516.797s][info ][safepoint     ] Leaving safepoint region
[2023-10-30T20:29:12.443+0000][3516.798s][info ][safepoint     ] Total time for which application threads were stopped: 0.0017953 seconds, Stopping threads took: 0.0008609 seconds
[2023-10-30T20:29:29.447+0000][3533.803s][debug][safepoint     ] Safepoint synchronization initiated. (181 threads)
[2023-10-30T20:29:29.448+0000][3533.803s][info ][safepoint     ] Application time: 17.0044593 seconds
[2023-10-30T20:29:29.448+0000][3533.804s][info ][safepoint     ] Entering safepoint region: Cleanup
[2023-10-30T20:29:29.449+0000][3533.804s][info ][safepoint     ] Leaving safepoint region
[2023-10-30T20:29:29.449+0000][3533.804s][info ][safepoint     ] Total time for which application threads were stopped: 0.0008146 seconds, Stopping threads took: 0.0003109 seconds
[2023-10-30T20:30:03.455+0000][3567.810s][debug][safepoint     ] Safepoint synchronization initiated. (177 threads)
[2023-10-30T20:30:03.456+0000][3567.811s][info ][safepoint     ] Application time: 34.0061460 seconds
[2023-10-30T20:30:03.456+0000][3567.811s][info ][safepoint     ] Entering safepoint region: Cleanup
[2023-10-30T20:30:03.457+0000][3567.812s][info ][safepoint     ] Leaving safepoint region
[2023-10-30T20:30:03.457+0000][3567.813s][info ][safepoint     ] Total time for which application threads were stopped: 0.0011811 seconds, Stopping threads took: 0.0004620 seconds
[2023-10-30T20:30:28.463+0000][3592.818s][debug][safepoint     ] Safepoint synchronization initiated. (178 threads)
[2023-10-30T20:30:28.464+0000][3592.819s][info ][safepoint     ] Application time: 25.0057898 seconds
[2023-10-30T20:30:28.464+0000][3592.819s][info ][safepoint     ] Entering safepoint region: Cleanup
[2023-10-30T20:30:28.465+0000][3592.820s][info ][safepoint     ] Leaving safepoint region
[2023-10-30T20:30:28.465+0000][3592.820s][info ][safepoint     ] Total time for which application threads were stopped: 0.0007773 seconds, Stopping threads took: 0.0003373 seconds
[2023-10-30T20:30:30.465+0000][3594.820s][debug][safepoint     ] Safepoint synchronization initiated. (178 threads)
[2023-10-30T20:30:30.466+0000][3594.821s][info ][safepoint     ] Application time: 2.0007503 seconds
[2023-10-30T20:30:30.466+0000][3594.821s][info ][safepoint     ] Entering safepoint region: Cleanup
[2023-10-30T20:30:30.467+0000][3594.822s][info ][safepoint     ] Leaving safepoint region
[2023-10-30T20:30:30.467+0000][3594.822s][info ][safepoint     ] Total time for which application threads were stopped: 0.0011412 seconds, Stopping threads took: 0.0005072 seconds
[2023-10-30T20:30:31.468+0000][3595.823s][debug][safepoint     ] Safepoint synchronization initiated. (178 threads)
[2023-10-30T20:30:31.469+0000][3595.824s][info ][safepoint     ] Application time: 1.0010559 seconds
[2023-10-30T20:30:31.470+0000][3595.825s][info ][safepoint     ] Entering safepoint region: Cleanup
[2023-10-30T20:30:31.471+0000][3595.826s][info ][safepoint     ] Leaving safepoint region
[2023-10-30T20:30:31.471+0000][3595.826s][info ][safepoint     ] Total time for which application threads were stopped: 0.0017763 seconds, Stopping threads took: 0.0007026 seconds
[2023-10-30T20:30:33.472+0000][3597.827s][debug][safepoint     ] Safepoint synchronization initiated. (176 threads)
[2023-10-30T20:30:33.473+0000][3597.828s][info ][safepoint     ] Application time: 2.0009286 seconds
[2023-10-30T20:30:33.473+0000][3597.828s][info ][safepoint     ] Entering safepoint region: Cleanup
[2023-10-30T20:30:33.474+0000][3597.829s][info ][safepoint     ] Leaving safepoint region
[2023-10-30T20:30:33.474+0000][3597.829s][info ][safepoint     ] Total time for which application threads were stopped: 0.0012419 seconds, Stopping threads took: 0.0005238 seconds
[2023-10-30T20:30:34.476+0000][3598.831s][debug][safepoint     ] Safepoint synchronization initiated. (176 threads)
[2023-10-30T20:30:34.477+0000][3598.832s][info ][safepoint     ] Application time: 1.0011014 seconds
[2023-10-30T20:30:34.477+0000][3598.833s][info ][safepoint     ] Entering safepoint region: Cleanup
[2023-10-30T20:30:34.479+0000][3598.834s][info ][safepoint     ] Leaving safepoint region
[2023-10-30T20:30:34.479+0000][3598.835s][info ][safepoint     ] Total time for which application threads were stopped: 0.0020547 seconds, Stopping threads took: 0.0009381 seconds
[2023-10-30T20:30:37.481+0000][3601.836s][debug][safepoint     ] Safepoint synchronization initiated. (178 threads)
[2023-10-30T20:30:37.482+0000][3601.837s][info ][safepoint     ] Application time: 3.0017631 seconds
[2023-10-30T20:30:37.483+0000][3601.838s][info ][safepoint     ] Entering safepoint region: Cleanup
[2023-10-30T20:30:37.484+0000][3601.839s][info ][safepoint     ] Leaving safepoint region
[2023-10-30T20:30:37.485+0000][3601.840s][info ][safepoint     ] Total time for which application threads were stopped: 0.0023692 seconds, Stopping threads took: 0.0009722 seconds
[2023-10-30T20:30:38.486+0000][3602.841s][debug][safepoint     ] Safepoint synchronization initiated. (178 threads)
[2023-10-30T20:30:38.487+0000][3602.842s][info ][safepoint     ] Application time: 1.0007674 seconds
[2023-10-30T20:30:38.487+0000][3602.842s][info ][safepoint     ] Entering safepoint region: Cleanup
[2023-10-30T20:30:38.488+0000][3602.843s][info ][safepoint     ] Leaving safepoint region
[2023-10-30T20:30:38.488+0000][3602.843s][info ][safepoint     ] Total time for which application threads were stopped: 0.0010733 seconds, Stopping threads took: 0.0004998 seconds
[2023-10-30T20:30:39.489+0000][3603.844s][debug][safepoint     ] Safepoint synchronization initiated. (178 threads)
[2023-10-30T20:30:39.489+0000][3603.844s][info ][safepoint     ] Application time: 1.0005646 seconds
[2023-10-30T20:30:39.490+0000][3603.845s][info ][safepoint     ] Entering safepoint region: Cleanup
[2023-10-30T20:30:39.490+0000][3603.845s][info ][safepoint     ] Leaving safepoint region
[2023-10-30T20:30:39.490+0000][3603.846s][info ][safepoint     ] Total time for which application threads were stopped: 0.0007992 seconds, Stopping threads took: 0.0003299 seconds
[2023-10-30T20:30:40.491+0000][3604.846s][debug][safepoint     ] Safepoint synchronization initiated. (182 threads)
[2023-10-30T20:30:40.491+0000][3604.846s][info ][safepoint     ] Application time: 1.0005750 seconds
[2023-10-30T20:30:40.492+0000][3604.847s][info ][safepoint     ] Entering safepoint region: Cleanup
[2023-10-30T20:30:40.492+0000][3604.848s][info ][safepoint     ] Leaving safepoint region
[2023-10-30T20:30:40.493+0000][3604.848s][info ][safepoint     ] Total time for which application threads were stopped: 0.0009284 seconds, Stopping threads took: 0.0004405 seconds
[2023-10-30T20:30:41.493+0000][3605.848s][debug][safepoint     ] Safepoint synchronization initiated. (183 threads)
[2023-10-30T20:30:41.494+0000][3605.849s][info ][safepoint     ] Application time: 1.0006039 seconds
[2023-10-30T20:30:41.494+0000][3605.849s][info ][safepoint     ] Entering safepoint region: Cleanup
[2023-10-30T20:30:41.495+0000][3605.850s][info ][safepoint     ] Leaving safepoint region
[2023-10-30T20:30:41.495+0000][3605.850s][info ][safepoint     ] Total time for which application threads were stopped: 0.0008586 seconds, Stopping threads took: 0.0003944 seconds
[2023-10-30T20:30:42.495+0000][3606.851s][debug][safepoint     ] Safepoint synchronization initiated. (183 threads)
[2023-10-30T20:30:42.496+0000][3606.851s][info ][safepoint     ] Application time: 1.0011217 seconds
[2023-10-30T20:30:42.497+0000][3606.852s][info ][safepoint     ] Entering safepoint region: Cleanup
[2023-10-30T20:30:42.498+0000][3606.853s][info ][safepoint     ] Leaving safepoint region
[2023-10-30T20:30:42.499+0000][3606.854s][info ][safepoint     ] Total time for which application threads were stopped: 0.0018295 seconds, Stopping threads took: 0.0008252 seconds
[2023-10-30T20:30:43.500+0000][3607.855s][debug][safepoint     ] Safepoint synchronization initiated. (183 threads)
[2023-10-30T20:30:43.500+0000][3607.855s][info ][safepoint     ] Application time: 1.0006883 seconds
[2023-10-30T20:30:43.501+0000][3607.856s][info ][safepoint     ] Entering safepoint region: Cleanup
[2023-10-30T20:30:43.502+0000][3607.857s][info ][safepoint     ] Leaving safepoint region
[2023-10-30T20:30:43.502+0000][3607.857s][info ][safepoint     ] Total time for which application threads were stopped: 0.0011276 seconds, Stopping threads took: 0.0005329 seconds
[2023-10-30T20:30:44.503+0000][3608.858s][debug][safepoint     ] Safepoint synchronization initiated. (183 threads)
[2023-10-30T20:30:44.503+0000][3608.858s][info ][safepoint     ] Application time: 1.0010101 seconds
[2023-10-30T20:30:44.504+0000][3608.859s][info ][safepoint     ] Entering safepoint region: Cleanup
[2023-10-30T20:30:44.505+0000][3608.860s][info ][safepoint     ] Leaving safepoint region
[2023-10-30T20:30:44.506+0000][3608.861s][info ][safepoint     ] Total time for which application threads were stopped: 0.0016359 seconds, Stopping threads took: 0.0006874 seconds
[2023-10-30T20:30:45.506+0000][3609.861s][debug][safepoint     ] Safepoint synchronization initiated. (183 threads)
[2023-10-30T20:30:45.507+0000][3609.862s][info ][safepoint     ] Application time: 1.0005935 seconds
[2023-10-30T20:30:45.507+0000][3609.862s][info ][safepoint     ] Entering safepoint region: Cleanup
[2023-10-30T20:30:45.508+0000][3609.863s][info ][safepoint     ] Leaving safepoint region
[2023-10-30T20:30:45.508+0000][3609.863s][info ][safepoint     ] Total time for which application threads were stopped: 0.0007806 seconds, Stopping threads took: 0.0003121 seconds
[2023-10-30T20:30:46.508+0000][3610.863s][debug][safepoint     ] Safepoint synchronization initiated. (181 threads)
[2023-10-30T20:30:46.509+0000][3610.864s][info ][safepoint     ] Application time: 1.0005728 seconds
[2023-10-30T20:30:46.509+0000][3610.864s][info ][safepoint     ] Entering safepoint region: Cleanup
[2023-10-30T20:30:46.510+0000][3610.865s][info ][safepoint     ] Leaving safepoint region
[2023-10-30T20:30:46.510+0000][3610.865s][info ][safepoint     ] Total time for which application threads were stopped: 0.0009797 seconds, Stopping threads took: 0.0003902 seconds
[2023-10-30T20:30:47.511+0000][3611.866s][debug][safepoint     ] Safepoint synchronization initiated. (181 threads)
[2023-10-30T20:30:47.511+0000][3611.866s][info ][safepoint     ] Application time: 1.0005513 seconds
[2023-10-30T20:30:47.511+0000][3611.866s][info ][safepoint     ] Entering safepoint region: Cleanup
[2023-10-30T20:30:47.512+0000][3611.867s][info ][safepoint     ] Leaving safepoint region
[2023-10-30T20:30:47.512+0000][3611.867s][info ][safepoint     ] Total time for which application threads were stopped: 0.0008952 seconds, Stopping threads took: 0.0003573 seconds
[2023-10-30T20:30:48.513+0000][3612.868s][debug][safepoint     ] Safepoint synchronization initiated. (181 threads)
[2023-10-30T20:30:48.514+0000][3612.869s][info ][safepoint     ] Application time: 1.0011772 seconds
[2023-10-30T20:30:48.514+0000][3612.870s][info ][safepoint     ] Entering safepoint region: Cleanup
[2023-10-30T20:30:48.516+0000][3612.871s][info ][safepoint     ] Leaving safepoint region
[2023-10-30T20:30:48.516+0000][3612.871s][info ][safepoint     ] Total time for which application threads were stopped: 0.0017745 seconds, Stopping threads took: 0.0007826 seconds
[2023-10-30T20:30:49.517+0000][3613.872s][debug][safepoint     ] Safepoint synchronization initiated. (181 threads)
[2023-10-30T20:30:49.517+0000][3613.872s][info ][safepoint     ] Application time: 1.0004821 seconds
[2023-10-30T20:30:49.518+0000][3613.873s][info ][safepoint     ] Entering safepoint region: Cleanup
[2023-10-30T20:30:49.518+0000][3613.873s][info ][safepoint     ] Leaving safepoint region
[2023-10-30T20:30:49.518+0000][3613.873s][info ][safepoint     ] Total time for which application threads were stopped: 0.0007239 seconds, Stopping threads took: 0.0002901 seconds
[2023-10-30T20:30:50.519+0000][3614.874s][debug][safepoint     ] Safepoint synchronization initiated. (181 threads)
[2023-10-30T20:30:50.519+0000][3614.874s][info ][safepoint     ] Application time: 1.0007548 seconds
[2023-10-30T20:30:50.520+0000][3614.875s][info ][safepoint     ] Entering safepoint region: Cleanup
[2023-10-30T20:30:50.520+0000][3614.875s][info ][safepoint     ] Leaving safepoint region
[2023-10-30T20:30:50.521+0000][3614.876s][info ][safepoint     ] Total time for which application threads were stopped: 0.0009453 seconds, Stopping threads took: 0.0004471 seconds
[2023-10-30T20:30:51.521+0000][3615.876s][debug][safepoint     ] Safepoint synchronization initiated. (181 threads)
[2023-10-30T20:30:51.522+0000][3615.877s][info ][safepoint     ] Application time: 1.0011594 seconds
[2023-10-30T20:30:51.523+0000][3615.878s][info ][safepoint     ] Entering safepoint region: Cleanup
[2023-10-30T20:30:51.524+0000][3615.879s][info ][safepoint     ] Leaving safepoint region
[2023-10-30T20:30:51.525+0000][3615.880s][info ][safepoint     ] Total time for which application threads were stopped: 0.0017406 seconds, Stopping threads took: 0.0006658 seconds
[2023-10-30T20:30:52.526+0000][3616.881s][debug][safepoint     ] Safepoint synchronization initiated. (181 threads)
[2023-10-30T20:30:52.527+0000][3616.882s][info ][safepoint     ] Application time: 1.0014170 seconds
[2023-10-30T20:30:52.528+0000][3616.883s][info ][safepoint     ] Entering safepoint region: Cleanup
[2023-10-30T20:30:52.529+0000][3616.884s][info ][safepoint     ] Leaving safepoint region
[2023-10-30T20:30:52.530+0000][3616.885s][info ][safepoint     ] Total time for which application threads were stopped: 0.0022234 seconds, Stopping threads took: 0.0009339 seconds
[2023-10-30T20:30:53.531+0000][3617.886s][debug][safepoint     ] Safepoint synchronization initiated. (181 threads)
[2023-10-30T20:30:53.532+0000][3617.887s][info ][safepoint     ] Application time: 1.0011194 seconds
[2023-10-30T20:30:53.533+0000][3617.888s][info ][safepoint     ] Entering safepoint region: Cleanup
[2023-10-30T20:30:53.534+0000][3617.889s][info ][safepoint     ] Leaving safepoint region
[2023-10-30T20:30:53.535+0000][3617.890s][info ][safepoint     ] Total time for which application threads were stopped: 0.0017774 seconds, Stopping threads took: 0.0007933 seconds
[2023-10-30T20:30:54.535+0000][3618.890s][debug][safepoint     ] Safepoint synchronization initiated. (181 threads)
[2023-10-30T20:30:54.536+0000][3618.891s][info ][safepoint     ] Application time: 1.0010482 seconds
[2023-10-30T20:30:54.537+0000][3618.892s][info ][safepoint     ] Entering safepoint region: Cleanup
[2023-10-30T20:30:54.539+0000][3618.894s][info ][safepoint     ] Leaving safepoint region
[2023-10-30T20:30:54.539+0000][3618.894s][info ][safepoint     ] Total time for which application threads were stopped: 0.0021483 seconds, Stopping threads took: 0.0009592 seconds
[2023-10-30T20:30:55.540+0000][3619.895s][debug][safepoint     ] Safepoint synchronization initiated. (181 threads)
[2023-10-30T20:30:55.541+0000][3619.896s][info ][safepoint     ] Application time: 1.0008273 seconds
[2023-10-30T20:30:55.541+0000][3619.896s][info ][safepoint     ] Entering safepoint region: Cleanup
[2023-10-30T20:30:55.542+0000][3619.897s][info ][safepoint     ] Leaving safepoint region
[2023-10-30T20:30:55.542+0000][3619.897s][info ][safepoint     ] Total time for which application threads were stopped: 0.0010445 seconds, Stopping threads took: 0.0004887 seconds
[2023-10-30T20:30:56.543+0000][3620.898s][debug][safepoint     ] Safepoint synchronization initiated. (181 threads)
[2023-10-30T20:30:56.544+0000][3620.899s][info ][safepoint     ] Application time: 1.0009492 seconds
[2023-10-30T20:30:56.544+0000][3620.899s][info ][safepoint     ] Entering safepoint region: Cleanup
[2023-10-30T20:30:56.545+0000][3620.900s][info ][safepoint     ] Leaving safepoint region
[2023-10-30T20:30:56.546+0000][3620.901s][info ][safepoint     ] Total time for which application threads were stopped: 0.0013890 seconds, Stopping threads took: 0.0005975 seconds
[2023-10-30T20:30:57.546+0000][3621.902s][debug][safepoint     ] Safepoint synchronization initiated. (181 threads)
[2023-10-30T20:30:57.547+0000][3621.903s][info ][safepoint     ] Application time: 1.0012559 seconds
[2023-10-30T20:30:57.549+0000][3621.904s][info ][safepoint     ] Entering safepoint region: Cleanup
[2023-10-30T20:30:57.550+0000][3621.905s][info ][safepoint     ] Leaving safepoint region
[2023-10-30T20:30:57.551+0000][3621.906s][info ][safepoint     ] Total time for which application threads were stopped: 0.0024263 seconds, Stopping threads took: 0.0011470 seconds
[2023-10-30T20:30:58.552+0000][3622.907s][debug][safepoint     ] Safepoint synchronization initiated. (181 threads)
[2023-10-30T20:30:58.553+0000][3622.908s][info ][safepoint     ] Application time: 1.0010684 seconds
[2023-10-30T20:30:58.553+0000][3622.908s][info ][safepoint     ] Entering safepoint region: Cleanup
[2023-10-30T20:30:58.554+0000][3622.909s][info ][safepoint     ] Leaving safepoint region
[2023-10-30T20:30:58.554+0000][3622.909s][info ][safepoint     ] Total time for which application threads were stopped: 0.0010052 seconds, Stopping threads took: 0.0004628 seconds
[2023-10-30T20:30:59.555+0000][3623.910s][debug][safepoint     ] Safepoint synchronization initiated. (181 threads)
[2023-10-30T20:30:59.556+0000][3623.911s][info ][safepoint     ] Application time: 1.0012951 seconds
[2023-10-30T20:30:59.557+0000][3623.912s][info ][safepoint     ] Entering safepoint region: Cleanup
[2023-10-30T20:30:59.558+0000][3623.913s][info ][safepoint     ] Leaving safepoint region
[2023-10-30T20:30:59.559+0000][3623.914s][info ][safepoint     ] Total time for which application threads were stopped: 0.0019616 seconds, Stopping threads took: 0.0008592 seconds
[2023-10-30T20:31:00.560+0000][3624.915s][debug][safepoint     ] Safepoint synchronization initiated. (181 threads)
[2023-10-30T20:31:00.560+0000][3624.916s][info ][safepoint     ] Application time: 1.0010179 seconds
[2023-10-30T20:31:00.561+0000][3624.916s][info ][safepoint     ] Entering safepoint region: Cleanup
[2023-10-30T20:31:00.562+0000][3624.917s][info ][safepoint     ] Leaving safepoint region
[2023-10-30T20:31:00.562+0000][3624.918s][info ][safepoint     ] Total time for which application threads were stopped: 0.0013091 seconds, Stopping threads took: 0.0006210 seconds
[2023-10-30T20:31:01.563+0000][3625.918s][debug][safepoint     ] Safepoint synchronization initiated. (181 threads)
[2023-10-30T20:31:01.564+0000][3625.919s][info ][safepoint     ] Application time: 1.0008126 seconds
[2023-10-30T20:31:01.564+0000][3625.919s][info ][safepoint     ] Entering safepoint region: Cleanup
[2023-10-30T20:31:01.565+0000][3625.920s][info ][safepoint     ] Leaving safepoint region
[2023-10-30T20:31:01.566+0000][3625.921s][info ][safepoint     ] Total time for which application threads were stopped: 0.0013406 seconds, Stopping threads took: 0.0006200 seconds
[2023-10-30T20:31:02.566+0000][3626.921s][debug][safepoint     ] Safepoint synchronization initiated. (181 threads)
[2023-10-30T20:31:02.568+0000][3626.923s][info ][safepoint     ] Application time: 1.0014769 seconds
[2023-10-30T20:31:02.569+0000][3626.924s][info ][safepoint     ] Entering safepoint region: Cleanup
[2023-10-30T20:31:02.570+0000][3626.925s][info ][safepoint     ] Leaving safepoint region
[2023-10-30T20:31:02.571+0000][3626.926s][info ][safepoint     ] Total time for which application threads were stopped: 0.0024890 seconds, Stopping threads took: 0.0010423 seconds
[2023-10-30T20:31:03.572+0000][3627.927s][debug][safepoint     ] Safepoint synchronization initiated. (181 threads)
[2023-10-30T20:31:03.573+0000][3627.928s][info ][safepoint     ] Application time: 1.0012107 seconds
[2023-10-30T20:31:03.574+0000][3627.929s][info ][safepoint     ] Entering safepoint region: Cleanup
[2023-10-30T20:31:03.575+0000][3627.930s][info ][safepoint     ] Leaving safepoint region
[2023-10-30T20:31:03.576+0000][3627.931s][info ][safepoint     ] Total time for which application threads were stopped: 0.0014418 seconds, Stopping threads took: 0.0006275 seconds
[2023-10-30T20:31:04.576+0000][3628.931s][debug][safepoint     ] Safepoint synchronization initiated. (181 threads)
[2023-10-30T20:31:04.577+0000][3628.932s][info ][safepoint     ] Application time: 1.0006936 seconds
[2023-10-30T20:31:04.577+0000][3628.932s][info ][safepoint     ] Entering safepoint region: Cleanup
[2023-10-30T20:31:04.578+0000][3628.933s][info ][safepoint     ] Leaving safepoint region
[2023-10-30T20:31:04.579+0000][3628.934s][info ][safepoint     ] Total time for which application threads were stopped: 0.0013242 seconds, Stopping threads took: 0.0005928 seconds
[2023-10-30T20:31:05.579+0000][3629.934s][debug][safepoint     ] Safepoint synchronization initiated. (181 threads)
[2023-10-30T20:31:05.581+0000][3629.936s][info ][safepoint     ] Application time: 1.0014777 seconds
[2023-10-30T20:31:05.582+0000][3629.937s][info ][safepoint     ] Entering safepoint region: Cleanup
[2023-10-30T20:31:05.583+0000][3629.938s][info ][safepoint     ] Leaving safepoint region
[2023-10-30T20:31:05.583+0000][3629.938s][info ][safepoint     ] Total time for which application threads were stopped: 0.0012189 seconds, Stopping threads took: 0.0005096 seconds
[2023-10-30T20:31:06.584+0000][3630.939s][debug][safepoint     ] Safepoint synchronization initiated. (181 threads)
[2023-10-30T20:31:06.584+0000][3630.940s][info ][safepoint     ] Application time: 1.0008806 seconds
[2023-10-30T20:31:06.585+0000][3630.940s][info ][safepoint     ] Entering safepoint region: Cleanup
[2023-10-30T20:31:06.586+0000][3630.941s][info ][safepoint     ] Leaving safepoint region
[2023-10-30T20:31:06.586+0000][3630.941s][info ][safepoint     ] Total time for which application threads were stopped: 0.0013181 seconds, Stopping threads took: 0.0005237 seconds
[2023-10-30T20:31:07.587+0000][3631.942s][debug][safepoint     ] Safepoint synchronization initiated. (181 threads)
[2023-10-30T20:31:07.588+0000][3631.943s][info ][safepoint     ] Application time: 1.0012866 seconds
[2023-10-30T20:31:07.589+0000][3631.944s][info ][safepoint     ] Entering safepoint region: Cleanup
[2023-10-30T20:31:07.590+0000][3631.945s][info ][safepoint     ] Leaving safepoint region
[2023-10-30T20:31:07.591+0000][3631.946s][info ][safepoint     ] Total time for which application threads were stopped: 0.0017480 seconds, Stopping threads took: 0.0008430 seconds
[2023-10-30T20:31:08.592+0000][3632.947s][debug][safepoint     ] Safepoint synchronization initiated. (181 threads)
[2023-10-30T20:31:08.592+0000][3632.947s][info ][safepoint     ] Application time: 1.0006952 seconds
[2023-10-30T20:31:08.593+0000][3632.948s][info ][safepoint     ] Entering safepoint region: Cleanup
[2023-10-30T20:31:08.593+0000][3632.948s][info ][safepoint     ] Leaving safepoint region
[2023-10-30T20:31:08.593+0000][3632.949s][info ][safepoint     ] Total time for which application threads were stopped: 0.0009943 seconds, Stopping threads took: 0.0004547 seconds
[2023-10-30T20:31:09.594+0000][3633.949s][debug][safepoint     ] Safepoint synchronization initiated. (182 threads)
[2023-10-30T20:31:09.595+0000][3633.950s][info ][safepoint     ] Application time: 1.0007376 seconds
[2023-10-30T20:31:09.595+0000][3633.950s][info ][safepoint     ] Entering safepoint region: Cleanup
[2023-10-30T20:31:09.596+0000][3633.951s][info ][safepoint     ] Leaving safepoint region
[2023-10-30T20:31:09.597+0000][3633.952s][info ][safepoint     ] Total time for which application threads were stopped: 0.0013440 seconds, Stopping threads took: 0.0005840 seconds
[2023-10-30T20:31:10.597+0000][3634.952s][debug][safepoint     ] Safepoint synchronization initiated. (182 threads)
[2023-10-30T20:31:10.598+0000][3634.953s][info ][safepoint     ] Application time: 1.0004969 seconds
[2023-10-30T20:31:10.598+0000][3634.953s][info ][safepoint     ] Entering safepoint region: Cleanup
[2023-10-30T20:31:10.598+0000][3634.953s][info ][safepoint     ] Leaving safepoint region
[2023-10-30T20:31:10.599+0000][3634.954s][info ][safepoint     ] Total time for which application threads were stopped: 0.0007696 seconds, Stopping threads took: 0.0003216 seconds
[2023-10-30T20:31:11.599+0000][3635.954s][debug][safepoint     ] Safepoint synchronization initiated. (182 threads)
[2023-10-30T20:31:11.600+0000][3635.955s][info ][safepoint     ] Application time: 1.0009480 seconds
[2023-10-30T20:31:11.600+0000][3635.955s][info ][safepoint     ] Entering safepoint region: Cleanup
[2023-10-30T20:31:11.601+0000][3635.956s][info ][safepoint     ] Leaving safepoint region
[2023-10-30T20:31:11.602+0000][3635.957s][info ][safepoint     ] Total time for which application threads were stopped: 0.0012322 seconds, Stopping threads took: 0.0004901 seconds
[2023-10-30T20:31:12.602+0000][3636.957s][debug][safepoint     ] Safepoint synchronization initiated. (182 threads)
[2023-10-30T20:31:12.602+0000][3636.958s][info ][safepoint     ] Application time: 1.0004964 seconds
[2023-10-30T20:31:12.603+0000][3636.958s][info ][safepoint     ] Entering safepoint region: Cleanup
[2023-10-30T20:31:12.603+0000][3636.958s][info ][safepoint     ] Leaving safepoint region
[2023-10-30T20:31:12.604+0000][3636.959s][info ][safepoint     ] Total time for which application threads were stopped: 0.0008157 seconds, Stopping threads took: 0.0003930 seconds
[2023-10-30T20:31:13.604+0000][3637.959s][debug][safepoint     ] Safepoint synchronization initiated. (182 threads)
[2023-10-30T20:31:13.604+0000][3637.960s][info ][safepoint     ] Application time: 1.0005760 seconds
[2023-10-30T20:31:13.605+0000][3637.960s][info ][safepoint     ] Entering safepoint region: Cleanup
[2023-10-30T20:31:13.605+0000][3637.960s][info ][safepoint     ] Leaving safepoint region
[2023-10-30T20:31:13.606+0000][3637.961s][info ][safepoint     ] Total time for which application threads were stopped: 0.0009266 seconds, Stopping threads took: 0.0003853 seconds
[2023-10-30T20:31:14.606+0000][3638.961s][debug][safepoint     ] Safepoint synchronization initiated. (181 threads)
[2023-10-30T20:31:14.607+0000][3638.962s][info ][safepoint     ] Application time: 1.0008209 seconds
[2023-10-30T20:31:14.607+0000][3638.963s][info ][safepoint     ] Entering safepoint region: Cleanup
[2023-10-30T20:31:14.608+0000][3638.963s][info ][safepoint     ] Leaving safepoint region
[2023-10-30T20:31:14.608+0000][3638.964s][info ][safepoint     ] Total time for which application threads were stopped: 0.0010769 seconds, Stopping threads took: 0.0004906 seconds
[2023-10-30T20:31:15.609+0000][3639.964s][debug][safepoint     ] Safepoint synchronization initiated. (181 threads)
[2023-10-30T20:31:15.610+0000][3639.965s][info ][safepoint     ] Application time: 1.0008591 seconds
[2023-10-30T20:31:15.610+0000][3639.965s][info ][safepoint     ] Entering safepoint region: Cleanup
[2023-10-30T20:31:15.611+0000][3639.966s][info ][safepoint     ] Leaving safepoint region
[2023-10-30T20:31:15.612+0000][3639.967s][info ][safepoint     ] Total time for which application threads were stopped: 0.0013341 seconds, Stopping threads took: 0.0005569 seconds
[2023-10-30T20:31:16.612+0000][3640.967s][debug][safepoint     ] Safepoint synchronization initiated. (181 threads)
[2023-10-30T20:31:16.613+0000][3640.968s][info ][safepoint     ] Application time: 1.0005849 seconds
[2023-10-30T20:31:16.613+0000][3640.968s][info ][safepoint     ] Entering safepoint region: Cleanup
[2023-10-30T20:31:16.614+0000][3640.969s][info ][safepoint     ] Leaving safepoint region
[2023-10-30T20:31:16.614+0000][3640.969s][info ][safepoint     ] Total time for which application threads were stopped: 0.0011764 seconds, Stopping threads took: 0.0005367 seconds
[2023-10-30T20:31:17.615+0000][3641.970s][debug][safepoint     ] Safepoint synchronization initiated. (181 threads)
[2023-10-30T20:31:17.615+0000][3641.970s][info ][safepoint     ] Application time: 1.0005465 seconds
[2023-10-30T20:31:17.616+0000][3641.971s][info ][safepoint     ] Entering safepoint region: Cleanup
[2023-10-30T20:31:17.616+0000][3641.971s][info ][safepoint     ] Leaving safepoint region
[2023-10-30T20:31:17.616+0000][3641.972s][info ][safepoint     ] Total time for which application threads were stopped: 0.0008695 seconds, Stopping threads took: 0.0003710 seconds
[2023-10-30T20:31:18.617+0000][3642.972s][debug][safepoint     ] Safepoint synchronization initiated. (181 threads)
[2023-10-30T20:31:18.617+0000][3642.972s][info ][safepoint     ] Application time: 1.0005884 seconds
[2023-10-30T20:31:18.618+0000][3642.973s][info ][safepoint     ] Entering safepoint region: Cleanup
[2023-10-30T20:31:18.618+0000][3642.973s][info ][safepoint     ] Leaving safepoint region
[2023-10-30T20:31:18.619+0000][3642.974s][info ][safepoint     ] Total time for which application threads were stopped: 0.0008157 seconds, Stopping threads took: 0.0003397 seconds
[2023-10-30T20:31:19.619+0000][3643.974s][debug][safepoint     ] Safepoint synchronization initiated. (181 threads)
[2023-10-30T20:31:19.620+0000][3643.976s][info ][safepoint     ] Application time: 1.0016088 seconds
[2023-10-30T20:31:19.622+0000][3643.977s][info ][safepoint     ] Entering safepoint region: Cleanup
[2023-10-30T20:31:19.623+0000][3643.978s][info ][safepoint     ] Leaving safepoint region
[2023-10-30T20:31:19.624+0000][3643.979s][info ][safepoint     ] Total time for which application threads were stopped: 0.0027804 seconds, Stopping threads took: 0.0011932 seconds
[2023-10-30T20:31:20.625+0000][3644.980s][debug][safepoint     ] Safepoint synchronization initiated. (181 threads)
[2023-10-30T20:31:20.626+0000][3644.981s][info ][safepoint     ] Application time: 1.0007537 seconds
[2023-10-30T20:31:20.626+0000][3644.982s][info ][safepoint     ] Entering safepoint region: Cleanup
[2023-10-30T20:31:20.627+0000][3644.982s][info ][safepoint     ] Leaving safepoint region
[2023-10-30T20:31:20.628+0000][3644.983s][info ][safepoint     ] Total time for which application threads were stopped: 0.0013253 seconds, Stopping threads took: 0.0004948 seconds
[2023-10-30T20:31:21.629+0000][3645.984s][debug][safepoint     ] Safepoint synchronization initiated. (181 threads)
[2023-10-30T20:31:21.629+0000][3645.984s][info ][safepoint     ] Application time: 1.0009847 seconds
[2023-10-30T20:31:21.630+0000][3645.985s][info ][safepoint     ] Entering safepoint region: Cleanup
[2023-10-30T20:31:21.631+0000][3645.986s][info ][safepoint     ] Leaving safepoint region
[2023-10-30T20:31:21.631+0000][3645.987s][info ][safepoint     ] Total time for which application threads were stopped: 0.0014522 seconds, Stopping threads took: 0.0007521 seconds
[2023-10-30T20:31:22.632+0000][3646.987s][debug][safepoint     ] Safepoint synchronization initiated. (181 threads)
[2023-10-30T20:31:22.634+0000][3646.989s][info ][safepoint     ] Application time: 1.0018161 seconds
[2023-10-30T20:31:22.635+0000][3646.990s][info ][safepoint     ] Entering safepoint region: Cleanup
[2023-10-30T20:31:22.636+0000][3646.991s][info ][safepoint     ] Leaving safepoint region
[2023-10-30T20:31:22.637+0000][3646.992s][info ][safepoint     ] Total time for which application threads were stopped: 0.0022130 seconds, Stopping threads took: 0.0010575 seconds
[2023-10-30T20:31:23.472+0000][3647.827s][debug][safepoint     ] Safepoint synchronization initiated. (181 threads)
[2023-10-30T20:31:23.473+0000][3647.828s][info ][safepoint     ] Application time: 0.8350394 seconds
[2023-10-30T20:31:23.474+0000][3647.829s][info ][safepoint     ] Entering safepoint region: G1CollectForAllocation
[2023-10-30T20:31:23.475+0000][3647.830s][info ][gc,start      ] GC(82) Pause Young (Normal) (G1 Evacuation Pause)
[2023-10-30T20:31:23.476+0000][3647.831s][info ][gc,task       ] GC(82) Using 8 workers of 8 for evacuation
[2023-10-30T20:31:23.487+0000][3647.842s][info ][gc,phases     ] GC(82)   Pre Evacuate Collection Set: 0.1ms
[2023-10-30T20:31:23.487+0000][3647.843s][info ][gc,phases     ] GC(82)   Evacuate Collection Set: 6.1ms
[2023-10-30T20:31:23.488+0000][3647.843s][info ][gc,phases     ] GC(82)   Post Evacuate Collection Set: 3.8ms
[2023-10-30T20:31:23.489+0000][3647.844s][info ][gc,phases     ] GC(82)   Other: 2.0ms
[2023-10-30T20:31:23.489+0000][3647.844s][info ][gc,heap       ] GC(82) Eden regions: 163->0(161)
[2023-10-30T20:31:23.490+0000][3647.845s][info ][gc,heap       ] GC(82) Survivor regions: 10->11(22)
[2023-10-30T20:31:23.490+0000][3647.845s][info ][gc,heap       ] GC(82) Old regions: 151->151
[2023-10-30T20:31:23.491+0000][3647.846s][info ][gc,heap       ] GC(82) Humongous regions: 0->0
[2023-10-30T20:31:23.491+0000][3647.846s][info ][gc,metaspace  ] GC(82) Metaspace: 167383K(173012K)->167383K(173012K) NonClass: 147999K(151432K)->147999K(151432K) Class: 19384K(21580K)->19384K(21580K)
[2023-10-30T20:31:23.492+0000][3647.847s][info ][gc            ] GC(82) Pause Young (Normal) (G1 Evacuation Pause) 322M->160M(372M) 16.620ms
[2023-10-30T20:31:23.492+0000][3647.847s][info ][gc,cpu        ] GC(82) User=0.07s Sys=0.00s Real=0.02s
[2023-10-30T20:31:23.492+0000][3647.848s][info ][safepoint     ] Leaving safepoint region
[2023-10-30T20:31:23.493+0000][3647.848s][info ][safepoint     ] Total time for which application threads were stopped: 0.0191798 seconds, Stopping threads took: 0.0009908 seconds
[2023-10-30T20:31:23.493+0000][3647.848s][info ][gc,stringdedup] Concurrent String Deduplication (3647.848s)
[2023-10-30T20:31:23.495+0000][3647.850s][info ][gc,stringdedup] Concurrent String Deduplication 167.1K->80392.0B(90720.0B) avg 54.3% (3647.848s, 3647.850s) 1.316ms
[2023-10-30T20:31:24.493+0000][3648.849s][debug][safepoint     ] Safepoint synchronization initiated. (181 threads)
[2023-10-30T20:31:24.495+0000][3648.850s][info ][safepoint     ] Application time: 1.0015073 seconds
[2023-10-30T20:31:24.496+0000][3648.851s][info ][safepoint     ] Entering safepoint region: Cleanup
[2023-10-30T20:31:24.497+0000][3648.852s][info ][safepoint     ] Leaving safepoint region
[2023-10-30T20:31:24.498+0000][3648.853s][info ][safepoint     ] Total time for which application threads were stopped: 0.0021892 seconds, Stopping threads took: 0.0010142 seconds
[2023-10-30T20:31:25.499+0000][3649.854s][debug][safepoint     ] Safepoint synchronization initiated. (181 threads)
[2023-10-30T20:31:25.500+0000][3649.855s][info ][safepoint     ] Application time: 1.0012340 seconds
[2023-10-30T20:31:25.501+0000][3649.856s][info ][safepoint     ] Entering safepoint region: Cleanup
[2023-10-30T20:31:25.502+0000][3649.857s][info ][safepoint     ] Leaving safepoint region
[2023-10-30T20:31:25.503+0000][3649.858s][info ][safepoint     ] Total time for which application threads were stopped: 0.0018458 seconds, Stopping threads took: 0.0007902 seconds
[2023-10-30T20:31:26.504+0000][3650.859s][debug][safepoint     ] Safepoint synchronization initiated. (181 threads)
[2023-10-30T20:31:26.505+0000][3650.860s][info ][safepoint     ] Application time: 1.0014299 seconds
[2023-10-30T20:31:26.506+0000][3650.861s][info ][safepoint     ] Entering safepoint region: Cleanup
[2023-10-30T20:31:26.507+0000][3650.862s][info ][safepoint     ] Leaving safepoint region
[2023-10-30T20:31:26.508+0000][3650.863s][info ][safepoint     ] Total time for which application threads were stopped: 0.0018929 seconds, Stopping threads took: 0.0008675 seconds
[2023-10-30T20:31:27.509+0000][3651.864s][debug][safepoint     ] Safepoint synchronization initiated. (181 threads)
[2023-10-30T20:31:27.510+0000][3651.865s][info ][safepoint     ] Application time: 1.0011902 seconds
[2023-10-30T20:31:27.510+0000][3651.866s][info ][safepoint     ] Entering safepoint region: Cleanup
[2023-10-30T20:31:27.511+0000][3651.866s][info ][safepoint     ] Leaving safepoint region
[2023-10-30T20:31:27.512+0000][3651.867s][info ][safepoint     ] Total time for which application threads were stopped: 0.0015076 seconds, Stopping threads took: 0.0006412 seconds
[2023-10-30T20:31:28.513+0000][3652.868s][debug][safepoint     ] Safepoint synchronization initiated. (181 threads)
[2023-10-30T20:31:28.514+0000][3652.869s][info ][safepoint     ] Application time: 1.0014529 seconds
[2023-10-30T20:31:28.515+0000][3652.870s][info ][safepoint     ] Entering safepoint region: Cleanup
[2023-10-30T20:31:28.516+0000][3652.871s][info ][safepoint     ] Leaving safepoint region
[2023-10-30T20:31:28.517+0000][3652.872s][info ][safepoint     ] Total time for which application threads were stopped: 0.0017720 seconds, Stopping threads took: 0.0008279 seconds
[2023-10-30T20:31:29.518+0000][3653.873s][debug][safepoint     ] Safepoint synchronization initiated. (181 threads)
[2023-10-30T20:31:29.519+0000][3653.874s][info ][safepoint     ] Application time: 1.0012857 seconds
[2023-10-30T20:31:29.519+0000][3653.875s][info ][safepoint     ] Entering safepoint region: Cleanup
[2023-10-30T20:31:29.520+0000][3653.876s][info ][safepoint     ] Leaving safepoint region
[2023-10-30T20:31:29.521+0000][3653.877s][info ][safepoint     ] Total time for which application threads were stopped: 0.0019433 seconds, Stopping threads took: 0.0008333 seconds
[2023-10-30T20:31:30.522+0000][3654.877s][debug][safepoint     ] Safepoint synchronization initiated. (181 threads)
[2023-10-30T20:31:30.523+0000][3654.878s][info ][safepoint     ] Application time: 1.0006798 seconds
[2023-10-30T20:31:30.523+0000][3654.878s][info ][safepoint     ] Entering safepoint region: Cleanup
[2023-10-30T20:31:30.524+0000][3654.879s][info ][safepoint     ] Leaving safepoint region
[2023-10-30T20:31:30.525+0000][3654.881s][info ][safepoint     ] Total time for which application threads were stopped: 0.0023729 seconds, Stopping threads took: 0.0006056 seconds
[2023-10-30T20:31:31.526+0000][3655.881s][debug][safepoint     ] Safepoint synchronization initiated. (181 threads)
[2023-10-30T20:31:31.526+0000][3655.882s][info ][safepoint     ] Application time: 1.0005669 seconds
[2023-10-30T20:31:31.527+0000][3655.882s][info ][safepoint     ] Entering safepoint region: Cleanup
[2023-10-30T20:31:31.527+0000][3655.883s][info ][safepoint     ] Leaving safepoint region
[2023-10-30T20:31:31.528+0000][3655.883s][info ][safepoint     ] Total time for which application threads were stopped: 0.0009206 seconds, Stopping threads took: 0.0003811 seconds
[2023-10-30T20:31:32.528+0000][3656.883s][debug][safepoint     ] Safepoint synchronization initiated. (181 threads)
[2023-10-30T20:31:32.529+0000][3656.884s][info ][safepoint     ] Application time: 1.0009073 seconds
[2023-10-30T20:31:32.530+0000][3656.885s][info ][safepoint     ] Entering safepoint region: Cleanup
[2023-10-30T20:31:32.531+0000][3656.886s][info ][safepoint     ] Leaving safepoint region
[2023-10-30T20:31:32.532+0000][3656.887s][info ][safepoint     ] Total time for which application threads were stopped: 0.0017811 seconds, Stopping threads took: 0.0007631 seconds
[2023-10-30T20:31:33.532+0000][3657.888s][debug][safepoint     ] Safepoint synchronization initiated. (181 threads)
[2023-10-30T20:31:33.533+0000][3657.888s][info ][safepoint     ] Application time: 1.0007110 seconds
[2023-10-30T20:31:33.533+0000][3657.889s][info ][safepoint     ] Entering safepoint region: Cleanup
[2023-10-30T20:31:33.534+0000][3657.889s][info ][safepoint     ] Leaving safepoint region
[2023-10-30T20:31:33.534+0000][3657.889s][info ][safepoint     ] Total time for which application threads were stopped: 0.0009596 seconds, Stopping threads took: 0.0004734 seconds
[2023-10-30T20:31:34.535+0000][3658.890s][debug][safepoint     ] Safepoint synchronization initiated. (181 threads)
[2023-10-30T20:31:34.535+0000][3658.891s][info ][safepoint     ] Application time: 1.0006109 seconds
[2023-10-30T20:31:34.536+0000][3658.891s][info ][safepoint     ] Entering safepoint region: Cleanup
[2023-10-30T20:31:34.536+0000][3658.892s][info ][safepoint     ] Leaving safepoint region
[2023-10-30T20:31:34.537+0000][3658.892s][info ][safepoint     ] Total time for which application threads were stopped: 0.0009094 seconds, Stopping threads took: 0.0004218 seconds
[2023-10-30T20:31:35.537+0000][3659.892s][debug][safepoint     ] Safepoint synchronization initiated. (181 threads)
[2023-10-30T20:31:35.538+0000][3659.893s][info ][safepoint     ] Application time: 1.0006922 seconds
[2023-10-30T20:31:35.538+0000][3659.893s][info ][safepoint     ] Entering safepoint region: Cleanup
[2023-10-30T20:31:35.539+0000][3659.894s][info ][safepoint     ] Leaving safepoint region
[2023-10-30T20:31:35.539+0000][3659.894s][info ][safepoint     ] Total time for which application threads were stopped: 0.0007410 seconds, Stopping threads took: 0.0003080 seconds
[2023-10-30T20:31:36.539+0000][3660.895s][debug][safepoint     ] Safepoint synchronization initiated. (181 threads)
[2023-10-30T20:31:36.541+0000][3660.896s][info ][safepoint     ] Application time: 1.0018269 seconds
[2023-10-30T20:31:36.541+0000][3660.897s][debug][safepoint     ] Waiting for 1 thread(s) to block
[2023-10-30T20:31:36.542+0000][3660.897s][info ][safepoint     ] Entering safepoint region: Cleanup
[2023-10-30T20:31:36.543+0000][3660.898s][info ][safepoint     ] Leaving safepoint region
[2023-10-30T20:31:36.543+0000][3660.899s][info ][safepoint     ] Total time for which application threads were stopped: 0.0020205 seconds, Stopping threads took: 0.0009502 seconds
[2023-10-30T20:31:37.544+0000][3661.899s][debug][safepoint     ] Safepoint synchronization initiated. (181 threads)
[2023-10-30T20:31:37.544+0000][3661.900s][info ][safepoint     ] Application time: 1.0006723 seconds
[2023-10-30T20:31:37.545+0000][3661.900s][info ][safepoint     ] Entering safepoint region: Cleanup
[2023-10-30T20:31:37.545+0000][3661.901s][info ][safepoint     ] Leaving safepoint region
[2023-10-30T20:31:37.546+0000][3661.901s][info ][safepoint     ] Total time for which application threads were stopped: 0.0011661 seconds, Stopping threads took: 0.0004818 seconds
[2023-10-30T20:31:38.546+0000][3662.902s][debug][safepoint     ] Safepoint synchronization initiated. (181 threads)
[2023-10-30T20:31:38.547+0000][3662.902s][info ][safepoint     ] Application time: 1.0007634 seconds
[2023-10-30T20:31:38.548+0000][3662.903s][info ][safepoint     ] Entering safepoint region: Cleanup
[2023-10-30T20:31:38.548+0000][3662.904s][info ][safepoint     ] Leaving safepoint region
[2023-10-30T20:31:38.549+0000][3662.904s][info ][safepoint     ] Total time for which application threads were stopped: 0.0012804 seconds, Stopping threads took: 0.0005296 seconds
[2023-10-30T20:31:39.549+0000][3663.905s][debug][safepoint     ] Safepoint synchronization initiated. (181 threads)
[2023-10-30T20:31:39.550+0000][3663.905s][info ][safepoint     ] Application time: 1.0007415 seconds
[2023-10-30T20:31:39.551+0000][3663.906s][info ][safepoint     ] Entering safepoint region: Cleanup
[2023-10-30T20:31:39.551+0000][3663.906s][info ][safepoint     ] Leaving safepoint region
[2023-10-30T20:31:39.551+0000][3663.907s][info ][safepoint     ] Total time for which application threads were stopped: 0.0009342 seconds, Stopping threads took: 0.0004415 seconds
[2023-10-30T20:31:40.552+0000][3664.907s][debug][safepoint     ] Safepoint synchronization initiated. (179 threads)
[2023-10-30T20:31:40.553+0000][3664.909s][info ][safepoint     ] Application time: 1.0015824 seconds
[2023-10-30T20:31:40.555+0000][3664.910s][info ][safepoint     ] Entering safepoint region: Cleanup
[2023-10-30T20:31:40.556+0000][3664.911s][info ][safepoint     ] Leaving safepoint region
[2023-10-30T20:31:40.556+0000][3664.912s][info ][safepoint     ] Total time for which application threads were stopped: 0.0019656 seconds, Stopping threads took: 0.0009993 seconds
[2023-10-30T20:31:41.557+0000][3665.913s][debug][safepoint     ] Safepoint synchronization initiated. (179 threads)
[2023-10-30T20:31:41.558+0000][3665.913s][info ][safepoint     ] Application time: 1.0008503 seconds
[2023-10-30T20:31:41.559+0000][3665.914s][info ][safepoint     ] Entering safepoint region: Cleanup
[2023-10-30T20:31:41.560+0000][3665.915s][info ][safepoint     ] Leaving safepoint region
[2023-10-30T20:31:41.560+0000][3665.915s][info ][safepoint     ] Total time for which application threads were stopped: 0.0013414 seconds, Stopping threads took: 0.0006517 seconds
[2023-10-30T20:31:42.561+0000][3666.916s][debug][safepoint     ] Safepoint synchronization initiated. (179 threads)
[2023-10-30T20:31:42.562+0000][3666.917s][info ][safepoint     ] Application time: 1.0011334 seconds
[2023-10-30T20:31:42.563+0000][3666.918s][info ][safepoint     ] Entering safepoint region: Cleanup
[2023-10-30T20:31:42.564+0000][3666.919s][info ][safepoint     ] Leaving safepoint region
[2023-10-30T20:31:42.564+0000][3666.920s][info ][safepoint     ] Total time for which application threads were stopped: 0.0018029 seconds, Stopping threads took: 0.0009050 seconds
[2023-10-30T20:31:43.565+0000][3667.921s][debug][safepoint     ] Safepoint synchronization initiated. (179 threads)
[2023-10-30T20:31:43.566+0000][3667.921s][info ][safepoint     ] Application time: 1.0010402 seconds
[2023-10-30T20:31:43.567+0000][3667.922s][info ][safepoint     ] Entering safepoint region: Cleanup
[2023-10-30T20:31:43.567+0000][3667.922s][info ][safepoint     ] Leaving safepoint region
[2023-10-30T20:31:43.568+0000][3667.923s][info ][safepoint     ] Total time for which application threads were stopped: 0.0010568 seconds, Stopping threads took: 0.0004169 seconds
[2023-10-30T20:31:44.568+0000][3668.923s][debug][safepoint     ] Safepoint synchronization initiated. (179 threads)
[2023-10-30T20:31:44.569+0000][3668.924s][info ][safepoint     ] Application time: 1.0006611 seconds
[2023-10-30T20:31:44.569+0000][3668.924s][info ][safepoint     ] Entering safepoint region: Cleanup
[2023-10-30T20:31:44.570+0000][3668.925s][info ][safepoint     ] Leaving safepoint region
[2023-10-30T20:31:44.570+0000][3668.925s][info ][safepoint     ] Total time for which application threads were stopped: 0.0011116 seconds, Stopping threads took: 0.0004374 seconds
[2023-10-30T20:31:45.571+0000][3669.926s][debug][safepoint     ] Safepoint synchronization initiated. (179 threads)
[2023-10-30T20:31:45.572+0000][3669.927s][info ][safepoint     ] Application time: 1.0015322 seconds
[2023-10-30T20:31:45.573+0000][3669.928s][info ][safepoint     ] Entering safepoint region: Cleanup
[2023-10-30T20:31:45.574+0000][3669.929s][info ][safepoint     ] Leaving safepoint region
[2023-10-30T20:31:45.574+0000][3669.929s][info ][safepoint     ] Total time for which application threads were stopped: 0.0014676 seconds, Stopping threads took: 0.0006738 seconds
[2023-10-30T20:31:46.575+0000][3670.930s][debug][safepoint     ] Safepoint synchronization initiated. (179 threads)
[2023-10-30T20:31:46.575+0000][3670.931s][info ][safepoint     ] Application time: 1.0008629 seconds
[2023-10-30T20:31:46.576+0000][3670.931s][info ][safepoint     ] Entering safepoint region: Cleanup
[2023-10-30T20:31:46.577+0000][3670.932s][info ][safepoint     ] Leaving safepoint region
[2023-10-30T20:31:46.577+0000][3670.932s][info ][safepoint     ] Total time for which application threads were stopped: 0.0010081 seconds, Stopping threads took: 0.0004509 seconds
[2023-10-30T20:31:47.578+0000][3671.933s][debug][safepoint     ] Safepoint synchronization initiated. (179 threads)
[2023-10-30T20:31:47.579+0000][3671.934s][info ][safepoint     ] Application time: 1.0013082 seconds
[2023-10-30T20:31:47.580+0000][3671.935s][info ][safepoint     ] Entering safepoint region: Cleanup
[2023-10-30T20:31:47.581+0000][3671.936s][info ][safepoint     ] Leaving safepoint region
[2023-10-30T20:31:47.582+0000][3671.937s][info ][safepoint     ] Total time for which application threads were stopped: 0.0020477 seconds, Stopping threads took: 0.0009790 seconds
[2023-10-30T20:31:48.583+0000][3672.938s][debug][safepoint     ] Safepoint synchronization initiated. (179 threads)
[2023-10-30T20:31:48.583+0000][3672.938s][info ][safepoint     ] Application time: 1.0006839 seconds
[2023-10-30T20:31:48.583+0000][3672.939s][info ][safepoint     ] Entering safepoint region: Cleanup
[2023-10-30T20:31:48.584+0000][3672.939s][info ][safepoint     ] Leaving safepoint region
[2023-10-30T20:31:48.584+0000][3672.940s][info ][safepoint     ] Total time for which application threads were stopped: 0.0009293 seconds, Stopping threads took: 0.0004330 seconds
[2023-10-30T20:31:49.585+0000][3673.940s][debug][safepoint     ] Safepoint synchronization initiated. (179 threads)
[2023-10-30T20:31:49.585+0000][3673.941s][info ][safepoint     ] Application time: 1.0008046 seconds
[2023-10-30T20:31:49.586+0000][3673.941s][info ][safepoint     ] Entering safepoint region: Cleanup
[2023-10-30T20:31:49.586+0000][3673.942s][info ][safepoint     ] Leaving safepoint region
[2023-10-30T20:31:49.587+0000][3673.942s][info ][safepoint     ] Total time for which application threads were stopped: 0.0010002 seconds, Stopping threads took: 0.0003760 seconds
[2023-10-30T20:31:50.588+0000][3674.943s][debug][safepoint     ] Safepoint synchronization initiated. (179 threads)
[2023-10-30T20:31:50.589+0000][3674.945s][info ][safepoint     ] Application time: 1.0019366 seconds
[2023-10-30T20:31:50.590+0000][3674.945s][info ][safepoint     ] Entering safepoint region: Cleanup
[2023-10-30T20:31:50.591+0000][3674.946s][info ][safepoint     ] Leaving safepoint region
[2023-10-30T20:31:50.591+0000][3674.946s][info ][safepoint     ] Total time for which application threads were stopped: 0.0011416 seconds, Stopping threads took: 0.0004585 seconds
[2023-10-30T20:31:51.592+0000][3675.947s][debug][safepoint     ] Safepoint synchronization initiated. (179 threads)
[2023-10-30T20:31:51.592+0000][3675.948s][info ][safepoint     ] Application time: 1.0008061 seconds
[2023-10-30T20:31:51.593+0000][3675.948s][info ][safepoint     ] Entering safepoint region: Cleanup
[2023-10-30T20:31:51.593+0000][3675.949s][info ][safepoint     ] Leaving safepoint region
[2023-10-30T20:31:51.594+0000][3675.949s][info ][safepoint     ] Total time for which application threads were stopped: 0.0010817 seconds, Stopping threads took: 0.0004648 seconds
[2023-10-30T20:31:52.595+0000][3676.950s][debug][safepoint     ] Safepoint synchronization initiated. (179 threads)
[2023-10-30T20:31:52.595+0000][3676.951s][info ][safepoint     ] Application time: 1.0010663 seconds
[2023-10-30T20:31:52.596+0000][3676.951s][info ][safepoint     ] Entering safepoint region: Cleanup
[2023-10-30T20:31:52.597+0000][3676.952s][info ][safepoint     ] Leaving safepoint region
[2023-10-30T20:31:52.597+0000][3676.952s][info ][safepoint     ] Total time for which application threads were stopped: 0.0013065 seconds, Stopping threads took: 0.0006362 seconds
[2023-10-30T20:31:53.598+0000][3677.953s][debug][safepoint     ] Safepoint synchronization initiated. (179 threads)
[2023-10-30T20:31:53.599+0000][3677.954s][info ][safepoint     ] Application time: 1.0013916 seconds
[2023-10-30T20:31:53.600+0000][3677.955s][info ][safepoint     ] Entering safepoint region: Cleanup
[2023-10-30T20:31:53.601+0000][3677.957s][info ][safepoint     ] Leaving safepoint region
[2023-10-30T20:31:53.602+0000][3677.957s][info ][safepoint     ] Total time for which application threads were stopped: 0.0021878 seconds, Stopping threads took: 0.0008961 seconds
[2023-10-30T20:31:54.603+0000][3678.958s][debug][safepoint     ] Safepoint synchronization initiated. (179 threads)
[2023-10-30T20:31:54.604+0000][3678.959s][info ][safepoint     ] Application time: 1.0009081 seconds
[2023-10-30T20:31:54.604+0000][3678.960s][info ][safepoint     ] Entering safepoint region: Cleanup
[2023-10-30T20:31:54.605+0000][3678.960s][info ][safepoint     ] Leaving safepoint region
[2023-10-30T20:31:54.606+0000][3678.961s][info ][safepoint     ] Total time for which application threads were stopped: 0.0012434 seconds, Stopping threads took: 0.0006102 seconds
[2023-10-30T20:31:55.606+0000][3679.961s][debug][safepoint     ] Safepoint synchronization initiated. (179 threads)
[2023-10-30T20:31:55.607+0000][3679.962s][info ][safepoint     ] Application time: 1.0009182 seconds
[2023-10-30T20:31:55.608+0000][3679.963s][info ][safepoint     ] Entering safepoint region: Cleanup
[2023-10-30T20:31:55.608+0000][3679.964s][info ][safepoint     ] Leaving safepoint region
[2023-10-30T20:31:55.609+0000][3679.964s][info ][safepoint     ] Total time for which application threads were stopped: 0.0013340 seconds, Stopping threads took: 0.0005000 seconds
[2023-10-30T20:31:56.609+0000][3680.965s][debug][safepoint     ] Safepoint synchronization initiated. (179 threads)
[2023-10-30T20:31:56.610+0000][3680.965s][info ][safepoint     ] Application time: 1.0007000 seconds
[2023-10-30T20:31:56.611+0000][3680.966s][info ][safepoint     ] Entering safepoint region: Cleanup
[2023-10-30T20:31:56.611+0000][3680.967s][info ][safepoint     ] Leaving safepoint region
[2023-10-30T20:31:56.612+0000][3680.967s][info ][safepoint     ] Total time for which application threads were stopped: 0.0012083 seconds, Stopping threads took: 0.0005398 seconds
[2023-10-30T20:31:57.612+0000][3681.968s][debug][safepoint     ] Safepoint synchronization initiated. (179 threads)
[2023-10-30T20:31:57.613+0000][3681.968s][info ][safepoint     ] Application time: 1.0007503 seconds
[2023-10-30T20:31:57.614+0000][3681.969s][info ][safepoint     ] Entering safepoint region: Cleanup
[2023-10-30T20:31:57.614+0000][3681.969s][info ][safepoint     ] Leaving safepoint region
[2023-10-30T20:31:57.615+0000][3681.970s][info ][safepoint     ] Total time for which application threads were stopped: 0.0010798 seconds, Stopping threads took: 0.0005158 seconds
[2023-10-30T20:31:58.615+0000][3682.970s][debug][safepoint     ] Safepoint synchronization initiated. (179 threads)
[2023-10-30T20:31:58.616+0000][3682.971s][info ][safepoint     ] Application time: 1.0006693 seconds
[2023-10-30T20:31:58.616+0000][3682.971s][info ][safepoint     ] Entering safepoint region: Cleanup
[2023-10-30T20:31:58.617+0000][3682.972s][info ][safepoint     ] Leaving safepoint region
[2023-10-30T20:31:58.617+0000][3682.972s][info ][safepoint     ] Total time for which application threads were stopped: 0.0009909 seconds, Stopping threads took: 0.0004500 seconds
[2023-10-30T20:31:59.618+0000][3683.973s][debug][safepoint     ] Safepoint synchronization initiated. (179 threads)
[2023-10-30T20:31:59.619+0000][3683.974s][info ][safepoint     ] Application time: 1.0012350 seconds
[2023-10-30T20:31:59.619+0000][3683.975s][info ][safepoint     ] Entering safepoint region: Cleanup
[2023-10-30T20:31:59.621+0000][3683.976s][info ][safepoint     ] Leaving safepoint region
[2023-10-30T20:31:59.621+0000][3683.976s][info ][safepoint     ] Total time for which application threads were stopped: 0.0017695 seconds, Stopping threads took: 0.0007276 seconds
[2023-10-30T20:32:00.622+0000][3684.977s][debug][safepoint     ] Safepoint synchronization initiated. (179 threads)
[2023-10-30T20:32:00.623+0000][3684.978s][info ][safepoint     ] Application time: 1.0012517 seconds
[2023-10-30T20:32:00.624+0000][3684.979s][info ][safepoint     ] Entering safepoint region: Cleanup
[2023-10-30T20:32:00.625+0000][3684.980s][info ][safepoint     ] Leaving safepoint region
[2023-10-30T20:32:00.626+0000][3684.981s][info ][safepoint     ] Total time for which application threads were stopped: 0.0018084 seconds, Stopping threads took: 0.0006936 seconds
[2023-10-30T20:32:01.627+0000][3685.982s][debug][safepoint     ] Safepoint synchronization initiated. (179 threads)
[2023-10-30T20:32:01.627+0000][3685.983s][info ][safepoint     ] Application time: 1.0010413 seconds
[2023-10-30T20:32:01.628+0000][3685.983s][info ][safepoint     ] Entering safepoint region: Cleanup
[2023-10-30T20:32:01.629+0000][3685.984s][info ][safepoint     ] Leaving safepoint region
[2023-10-30T20:32:01.629+0000][3685.984s][info ][safepoint     ] Total time for which application threads were stopped: 0.0011102 seconds, Stopping threads took: 0.0004770 seconds
[2023-10-30T20:32:02.630+0000][3686.985s][debug][safepoint     ] Safepoint synchronization initiated. (179 threads)
[2023-10-30T20:32:02.630+0000][3686.985s][info ][safepoint     ] Application time: 1.0006515 seconds
[2023-10-30T20:32:02.631+0000][3686.986s][info ][safepoint     ] Entering safepoint region: Cleanup
[2023-10-30T20:32:02.631+0000][3686.986s][info ][safepoint     ] Leaving safepoint region
[2023-10-30T20:32:02.632+0000][3686.987s][info ][safepoint     ] Total time for which application threads were stopped: 0.0011653 seconds, Stopping threads took: 0.0004657 seconds
[2023-10-30T20:32:03.632+0000][3687.988s][debug][safepoint     ] Safepoint synchronization initiated. (179 threads)
[2023-10-30T20:32:03.633+0000][3687.989s][info ][safepoint     ] Application time: 1.0010641 seconds
[2023-10-30T20:32:03.634+0000][3687.989s][info ][safepoint     ] Entering safepoint region: Cleanup
[2023-10-30T20:32:03.635+0000][3687.990s][info ][safepoint     ] Leaving safepoint region
[2023-10-30T20:32:03.636+0000][3687.991s][info ][safepoint     ] Total time for which application threads were stopped: 0.0016467 seconds, Stopping threads took: 0.0007598 seconds
[2023-10-30T20:32:04.636+0000][3688.992s][debug][safepoint     ] Safepoint synchronization initiated. (179 threads)
[2023-10-30T20:32:04.637+0000][3688.992s][info ][safepoint     ] Application time: 1.0008937 seconds
[2023-10-30T20:32:04.638+0000][3688.993s][info ][safepoint     ] Entering safepoint region: Cleanup
[2023-10-30T20:32:04.639+0000][3688.994s][info ][safepoint     ] Leaving safepoint region
[2023-10-30T20:32:04.639+0000][3688.994s][info ][safepoint     ] Total time for which application threads were stopped: 0.0011771 seconds, Stopping threads took: 0.0005213 seconds
[2023-10-30T20:32:05.640+0000][3689.995s][debug][safepoint     ] Safepoint synchronization initiated. (179 threads)
[2023-10-30T20:32:05.641+0000][3689.996s][info ][safepoint     ] Application time: 1.0012339 seconds
[2023-10-30T20:32:05.642+0000][3689.997s][info ][safepoint     ] Entering safepoint region: Cleanup
[2023-10-30T20:32:05.643+0000][3689.998s][info ][safepoint     ] Leaving safepoint region
[2023-10-30T20:32:05.643+0000][3689.999s][info ][safepoint     ] Total time for which application threads were stopped: 0.0019076 seconds, Stopping threads took: 0.0009458 seconds
[2023-10-30T20:32:06.644+0000][3691.000s][debug][safepoint     ] Safepoint synchronization initiated. (179 threads)
[2023-10-30T20:32:06.645+0000][3691.000s][info ][safepoint     ] Application time: 1.0009055 seconds
[2023-10-30T20:32:06.646+0000][3691.001s][info ][safepoint     ] Entering safepoint region: Cleanup
[2023-10-30T20:32:06.646+0000][3691.002s][info ][safepoint     ] Leaving safepoint region
[2023-10-30T20:32:06.647+0000][3691.002s][info ][safepoint     ] Total time for which application threads were stopped: 0.0012551 seconds, Stopping threads took: 0.0005615 seconds
[2023-10-30T20:32:07.648+0000][3692.003s][debug][safepoint     ] Safepoint synchronization initiated. (179 threads)
[2023-10-30T20:32:07.649+0000][3692.004s][info ][safepoint     ] Application time: 1.0015015 seconds
[2023-10-30T20:32:07.650+0000][3692.005s][info ][safepoint     ] Entering safepoint region: Cleanup
[2023-10-30T20:32:07.651+0000][3692.007s][info ][safepoint     ] Leaving safepoint region
[2023-10-30T20:32:07.652+0000][3692.007s][info ][safepoint     ] Total time for which application threads were stopped: 0.0021334 seconds, Stopping threads took: 0.0009986 seconds
[2023-10-30T20:32:08.653+0000][3693.009s][debug][safepoint     ] Safepoint synchronization initiated. (179 threads)
[2023-10-30T20:32:08.654+0000][3693.009s][info ][safepoint     ] Application time: 1.0011130 seconds
[2023-10-30T20:32:08.655+0000][3693.010s][info ][safepoint     ] Entering safepoint region: Cleanup
[2023-10-30T20:32:08.656+0000][3693.011s][info ][safepoint     ] Leaving safepoint region
[2023-10-30T20:32:08.656+0000][3693.011s][info ][safepoint     ] Total time for which application threads were stopped: 0.0011308 seconds, Stopping threads took: 0.0004839 seconds
[2023-10-30T20:32:09.657+0000][3694.012s][debug][safepoint     ] Safepoint synchronization initiated. (178 threads)
[2023-10-30T20:32:09.657+0000][3694.012s][info ][safepoint     ] Application time: 1.0008674 seconds
[2023-10-30T20:32:09.658+0000][3694.013s][info ][safepoint     ] Entering safepoint region: Cleanup
[2023-10-30T20:32:09.659+0000][3694.014s][info ][safepoint     ] Leaving safepoint region
[2023-10-30T20:32:09.659+0000][3694.014s][info ][safepoint     ] Total time for which application threads were stopped: 0.0012858 seconds, Stopping threads took: 0.0005943 seconds
[2023-10-30T20:32:10.660+0000][3695.015s][debug][safepoint     ] Safepoint synchronization initiated. (178 threads)
[2023-10-30T20:32:10.660+0000][3695.016s][info ][safepoint     ] Application time: 1.0007383 seconds
[2023-10-30T20:32:10.661+0000][3695.016s][info ][safepoint     ] Entering safepoint region: Cleanup
[2023-10-30T20:32:10.662+0000][3695.017s][info ][safepoint     ] Leaving safepoint region
[2023-10-30T20:32:10.662+0000][3695.017s][info ][safepoint     ] Total time for which application threads were stopped: 0.0013302 seconds, Stopping threads took: 0.0005398 seconds
[2023-10-30T20:32:11.663+0000][3696.018s][debug][safepoint     ] Safepoint synchronization initiated. (178 threads)
[2023-10-30T20:32:11.663+0000][3696.019s][info ][safepoint     ] Application time: 1.0007482 seconds
[2023-10-30T20:32:11.664+0000][3696.019s][info ][safepoint     ] Entering safepoint region: Cleanup
[2023-10-30T20:32:11.665+0000][3696.020s][info ][safepoint     ] Leaving safepoint region
[2023-10-30T20:32:11.665+0000][3696.020s][info ][safepoint     ] Total time for which application threads were stopped: 0.0010244 seconds, Stopping threads took: 0.0004568 seconds
[2023-10-30T20:32:12.666+0000][3697.021s][debug][safepoint     ] Safepoint synchronization initiated. (178 threads)
[2023-10-30T20:32:12.666+0000][3697.022s][info ][safepoint     ] Application time: 1.0009442 seconds
[2023-10-30T20:32:12.667+0000][3697.022s][info ][safepoint     ] Entering safepoint region: Cleanup
[2023-10-30T20:32:12.668+0000][3697.023s][info ][safepoint     ] Leaving safepoint region
[2023-10-30T20:32:12.668+0000][3697.023s][info ][safepoint     ] Total time for which application threads were stopped: 0.0011787 seconds, Stopping threads took: 0.0005498 seconds
[2023-10-30T20:32:13.669+0000][3698.024s][debug][safepoint     ] Safepoint synchronization initiated. (178 threads)
[2023-10-30T20:32:13.669+0000][3698.025s][info ][safepoint     ] Application time: 1.0008825 seconds
[2023-10-30T20:32:13.670+0000][3698.025s][info ][safepoint     ] Entering safepoint region: Cleanup
[2023-10-30T20:32:13.671+0000][3698.026s][info ][safepoint     ] Leaving safepoint region
[2023-10-30T20:32:13.671+0000][3698.027s][info ][safepoint     ] Total time for which application threads were stopped: 0.0013668 seconds, Stopping threads took: 0.0006080 seconds
[2023-10-30T20:32:14.672+0000][3699.028s][debug][safepoint     ] Safepoint synchronization initiated. (178 threads)
[2023-10-30T20:32:14.673+0000][3699.028s][info ][safepoint     ] Application time: 1.0009850 seconds
[2023-10-30T20:32:14.674+0000][3699.029s][info ][safepoint     ] Entering safepoint region: Cleanup
[2023-10-30T20:32:14.674+0000][3699.030s][info ][safepoint     ] Leaving safepoint region
[2023-10-30T20:32:14.675+0000][3699.030s][info ][safepoint     ] Total time for which application threads were stopped: 0.0013004 seconds, Stopping threads took: 0.0006627 seconds
[2023-10-30T20:32:15.676+0000][3700.031s][debug][safepoint     ] Safepoint synchronization initiated. (178 threads)
[2023-10-30T20:32:15.676+0000][3700.031s][info ][safepoint     ] Application time: 1.0008962 seconds
[2023-10-30T20:32:15.677+0000][3700.032s][info ][safepoint     ] Entering safepoint region: Cleanup
[2023-10-30T20:32:15.677+0000][3700.032s][info ][safepoint     ] Leaving safepoint region
[2023-10-30T20:32:15.678+0000][3700.033s][info ][safepoint     ] Total time for which application threads were stopped: 0.0012145 seconds, Stopping threads took: 0.0004258 seconds
[2023-10-30T20:32:16.679+0000][3701.034s][debug][safepoint     ] Safepoint synchronization initiated. (178 threads)
[2023-10-30T20:32:16.680+0000][3701.035s][info ][safepoint     ] Application time: 1.0018740 seconds
[2023-10-30T20:32:16.681+0000][3701.036s][info ][safepoint     ] Entering safepoint region: Cleanup
[2023-10-30T20:32:16.682+0000][3701.037s][info ][safepoint     ] Leaving safepoint region
[2023-10-30T20:32:16.683+0000][3701.038s][info ][safepoint     ] Total time for which application threads were stopped: 0.0017984 seconds, Stopping threads took: 0.0005988 seconds
[2023-10-30T20:32:17.683+0000][3702.038s][debug][safepoint     ] Safepoint synchronization initiated. (178 threads)
[2023-10-30T20:32:17.684+0000][3702.039s][info ][safepoint     ] Application time: 1.0005837 seconds
[2023-10-30T20:32:17.684+0000][3702.039s][info ][safepoint     ] Entering safepoint region: Cleanup
[2023-10-30T20:32:17.685+0000][3702.040s][info ][safepoint     ] Leaving safepoint region
[2023-10-30T20:32:17.685+0000][3702.040s][info ][safepoint     ] Total time for which application threads were stopped: 0.0010493 seconds, Stopping threads took: 0.0004348 seconds
[2023-10-30T20:32:18.686+0000][3703.041s][debug][safepoint     ] Safepoint synchronization initiated. (178 threads)
[2023-10-30T20:32:18.686+0000][3703.041s][info ][safepoint     ] Application time: 1.0005461 seconds
[2023-10-30T20:32:18.686+0000][3703.042s][info ][safepoint     ] Entering safepoint region: Cleanup
[2023-10-30T20:32:18.687+0000][3703.042s][info ][safepoint     ] Leaving safepoint region
[2023-10-30T20:32:18.687+0000][3703.043s][info ][safepoint     ] Total time for which application threads were stopped: 0.0009160 seconds, Stopping threads took: 0.0004322 seconds
[2023-10-30T20:32:19.688+0000][3704.043s][debug][safepoint     ] Safepoint synchronization initiated. (178 threads)
[2023-10-30T20:32:19.688+0000][3704.044s][info ][safepoint     ] Application time: 1.0006741 seconds
[2023-10-30T20:32:19.689+0000][3704.044s][info ][safepoint     ] Entering safepoint region: Cleanup
[2023-10-30T20:32:19.690+0000][3704.045s][info ][safepoint     ] Leaving safepoint region
[2023-10-30T20:32:19.690+0000][3704.045s][info ][safepoint     ] Total time for which application threads were stopped: 0.0011263 seconds, Stopping threads took: 0.0005047 seconds
[2023-10-30T20:32:20.690+0000][3705.046s][debug][safepoint     ] Safepoint synchronization initiated. (178 threads)
[2023-10-30T20:32:20.691+0000][3705.046s][info ][safepoint     ] Application time: 1.0007427 seconds
[2023-10-30T20:32:20.691+0000][3705.047s][info ][safepoint     ] Entering safepoint region: Cleanup
[2023-10-30T20:32:20.692+0000][3705.047s][info ][safepoint     ] Leaving safepoint region
[2023-10-30T20:32:20.692+0000][3705.048s][info ][safepoint     ] Total time for which application threads were stopped: 0.0010004 seconds, Stopping threads took: 0.0003892 seconds
[2023-10-30T20:32:21.693+0000][3706.048s][debug][safepoint     ] Safepoint synchronization initiated. (178 threads)
[2023-10-30T20:32:21.694+0000][3706.049s][info ][safepoint     ] Application time: 1.0008836 seconds
[2023-10-30T20:32:21.694+0000][3706.049s][info ][safepoint     ] Entering safepoint region: Cleanup
[2023-10-30T20:32:21.695+0000][3706.050s][info ][safepoint     ] Leaving safepoint region
[2023-10-30T20:32:21.695+0000][3706.051s][info ][safepoint     ] Total time for which application threads were stopped: 0.0013447 seconds, Stopping threads took: 0.0005086 seconds
[2023-10-30T20:32:22.696+0000][3707.051s][debug][safepoint     ] Safepoint synchronization initiated. (178 threads)
[2023-10-30T20:32:22.697+0000][3707.052s][info ][safepoint     ] Application time: 1.0009491 seconds
[2023-10-30T20:32:22.697+0000][3707.053s][info ][safepoint     ] Entering safepoint region: Cleanup
[2023-10-30T20:32:22.698+0000][3707.053s][info ][safepoint     ] Leaving safepoint region
[2023-10-30T20:32:22.699+0000][3707.054s][info ][safepoint     ] Total time for which application threads were stopped: 0.0014217 seconds, Stopping threads took: 0.0006500 seconds
[2023-10-30T20:32:23.699+0000][3708.055s][debug][safepoint     ] Safepoint synchronization initiated. (178 threads)
[2023-10-30T20:32:23.700+0000][3708.055s][info ][safepoint     ] Application time: 1.0008451 seconds
[2023-10-30T20:32:23.701+0000][3708.056s][info ][safepoint     ] Entering safepoint region: Cleanup
[2023-10-30T20:32:23.701+0000][3708.057s][info ][safepoint     ] Leaving safepoint region
[2023-10-30T20:32:23.702+0000][3708.057s][info ][safepoint     ] Total time for which application threads were stopped: 0.0012057 seconds, Stopping threads took: 0.0005025 seconds
[2023-10-30T20:32:24.703+0000][3709.058s][debug][safepoint     ] Safepoint synchronization initiated. (178 threads)
[2023-10-30T20:32:24.703+0000][3709.059s][info ][safepoint     ] Application time: 1.0008847 seconds
[2023-10-30T20:32:24.704+0000][3709.059s][info ][safepoint     ] Entering safepoint region: Cleanup
[2023-10-30T20:32:24.705+0000][3709.060s][info ][safepoint     ] Leaving safepoint region
[2023-10-30T20:32:24.705+0000][3709.060s][info ][safepoint     ] Total time for which application threads were stopped: 0.0013125 seconds, Stopping threads took: 0.0006600 seconds
[2023-10-30T20:32:25.706+0000][3710.061s][debug][safepoint     ] Safepoint synchronization initiated. (178 threads)
[2023-10-30T20:32:25.707+0000][3710.062s][info ][safepoint     ] Application time: 1.0010158 seconds
[2023-10-30T20:32:25.707+0000][3710.063s][info ][safepoint     ] Entering safepoint region: Cleanup
[2023-10-30T20:32:25.708+0000][3710.063s][info ][safepoint     ] Leaving safepoint region
[2023-10-30T20:32:25.709+0000][3710.064s][info ][safepoint     ] Total time for which application threads were stopped: 0.0012431 seconds, Stopping threads took: 0.0005137 seconds
[2023-10-30T20:32:26.709+0000][3711.064s][debug][safepoint     ] Safepoint synchronization initiated. (178 threads)
[2023-10-30T20:32:26.710+0000][3711.065s][info ][safepoint     ] Application time: 1.0007623 seconds
[2023-10-30T20:32:26.710+0000][3711.066s][info ][safepoint     ] Entering safepoint region: Cleanup
[2023-10-30T20:32:26.711+0000][3711.066s][info ][safepoint     ] Leaving safepoint region
[2023-10-30T20:32:26.712+0000][3711.067s][info ][safepoint     ] Total time for which application threads were stopped: 0.0011995 seconds, Stopping threads took: 0.0005004 seconds
[2023-10-30T20:32:27.712+0000][3712.067s][debug][safepoint     ] Safepoint synchronization initiated. (178 threads)
[2023-10-30T20:32:27.713+0000][3712.068s][info ][safepoint     ] Application time: 1.0010743 seconds
[2023-10-30T20:32:27.714+0000][3712.069s][info ][safepoint     ] Entering safepoint region: Cleanup
[2023-10-30T20:32:27.715+0000][3712.070s][info ][safepoint     ] Leaving safepoint region
[2023-10-30T20:32:27.715+0000][3712.070s][info ][safepoint     ] Total time for which application threads were stopped: 0.0014007 seconds, Stopping threads took: 0.0005694 seconds
[2023-10-30T20:32:28.716+0000][3713.071s][debug][safepoint     ] Safepoint synchronization initiated. (178 threads)
[2023-10-30T20:32:28.717+0000][3713.072s][info ][safepoint     ] Application time: 1.0007353 seconds
[2023-10-30T20:32:28.717+0000][3713.072s][info ][safepoint     ] Entering safepoint region: Cleanup
[2023-10-30T20:32:28.718+0000][3713.073s][info ][safepoint     ] Leaving safepoint region
[2023-10-30T20:32:28.718+0000][3713.073s][info ][safepoint     ] Total time for which application threads were stopped: 0.0011878 seconds, Stopping threads took: 0.0005421 seconds
[2023-10-30T20:32:29.719+0000][3714.074s][debug][safepoint     ] Safepoint synchronization initiated. (178 threads)
[2023-10-30T20:32:29.720+0000][3714.075s][info ][safepoint     ] Application time: 1.0007293 seconds
[2023-10-30T20:32:29.720+0000][3714.076s][info ][safepoint     ] Entering safepoint region: Cleanup
[2023-10-30T20:32:29.721+0000][3714.076s][info ][safepoint     ] Leaving safepoint region
[2023-10-30T20:32:29.722+0000][3714.077s][info ][safepoint     ] Total time for which application threads were stopped: 0.0012167 seconds, Stopping threads took: 0.0005335 seconds
[2023-10-30T20:32:30.722+0000][3715.077s][debug][safepoint     ] Safepoint synchronization initiated. (178 threads)
[2023-10-30T20:32:30.723+0000][3715.078s][info ][safepoint     ] Application time: 1.0007972 seconds
[2023-10-30T20:32:30.723+0000][3715.079s][info ][safepoint     ] Entering safepoint region: Cleanup
[2023-10-30T20:32:30.724+0000][3715.079s][info ][safepoint     ] Leaving safepoint region
[2023-10-30T20:32:30.725+0000][3715.080s][info ][safepoint     ] Total time for which application threads were stopped: 0.0011909 seconds, Stopping threads took: 0.0005393 seconds
[2023-10-30T20:32:31.725+0000][3716.080s][debug][safepoint     ] Safepoint synchronization initiated. (178 threads)
[2023-10-30T20:32:31.726+0000][3716.081s][info ][safepoint     ] Application time: 1.0011117 seconds
[2023-10-30T20:32:31.727+0000][3716.082s][info ][safepoint     ] Entering safepoint region: Cleanup
[2023-10-30T20:32:31.728+0000][3716.083s][info ][safepoint     ] Leaving safepoint region
[2023-10-30T20:32:31.729+0000][3716.084s][info ][safepoint     ] Total time for which application threads were stopped: 0.0016185 seconds, Stopping threads took: 0.0006704 seconds
[2023-10-30T20:32:32.730+0000][3717.085s][debug][safepoint     ] Safepoint synchronization initiated. (178 threads)
[2023-10-30T20:32:32.730+0000][3717.086s][info ][safepoint     ] Application time: 1.0010244 seconds
[2023-10-30T20:32:32.731+0000][3717.086s][info ][safepoint     ] Entering safepoint region: Cleanup
[2023-10-30T20:32:32.732+0000][3717.087s][info ][safepoint     ] Leaving safepoint region
[2023-10-30T20:32:32.733+0000][3717.088s][info ][safepoint     ] Total time for which application threads were stopped: 0.0016848 seconds, Stopping threads took: 0.0008402 seconds
[2023-10-30T20:32:33.733+0000][3718.089s][debug][safepoint     ] Safepoint synchronization initiated. (178 threads)
[2023-10-30T20:32:33.734+0000][3718.089s][info ][safepoint     ] Application time: 1.0006080 seconds
[2023-10-30T20:32:33.734+0000][3718.090s][info ][safepoint     ] Entering safepoint region: Cleanup
[2023-10-30T20:32:33.735+0000][3718.090s][info ][safepoint     ] Leaving safepoint region
[2023-10-30T20:32:33.735+0000][3718.091s][info ][safepoint     ] Total time for which application threads were stopped: 0.0010937 seconds, Stopping threads took: 0.0004869 seconds
[2023-10-30T20:32:34.736+0000][3719.091s][debug][safepoint     ] Safepoint synchronization initiated. (178 threads)
[2023-10-30T20:32:34.737+0000][3719.092s][info ][safepoint     ] Application time: 1.0008406 seconds
[2023-10-30T20:32:34.737+0000][3719.092s][info ][safepoint     ] Entering safepoint region: Cleanup
[2023-10-30T20:32:34.738+0000][3719.093s][info ][safepoint     ] Leaving safepoint region
[2023-10-30T20:32:34.738+0000][3719.093s][info ][safepoint     ] Total time for which application threads were stopped: 0.0010302 seconds, Stopping threads took: 0.0004290 seconds
[2023-10-30T20:32:35.739+0000][3720.094s][debug][safepoint     ] Safepoint synchronization initiated. (178 threads)
[2023-10-30T20:32:35.739+0000][3720.095s][info ][safepoint     ] Application time: 1.0010024 seconds
[2023-10-30T20:32:35.740+0000][3720.095s][info ][safepoint     ] Entering safepoint region: Cleanup
[2023-10-30T20:32:35.741+0000][3720.096s][info ][safepoint     ] Leaving safepoint region
[2023-10-30T20:32:35.741+0000][3720.097s][info ][safepoint     ] Total time for which application threads were stopped: 0.0015291 seconds, Stopping threads took: 0.0007220 seconds
[2023-10-30T20:32:36.742+0000][3721.097s][debug][safepoint     ] Safepoint synchronization initiated. (178 threads)
[2023-10-30T20:32:36.743+0000][3721.098s][info ][safepoint     ] Application time: 1.0008798 seconds
[2023-10-30T20:32:36.743+0000][3721.099s][info ][safepoint     ] Entering safepoint region: Cleanup
[2023-10-30T20:32:36.744+0000][3721.099s][info ][safepoint     ] Leaving safepoint region
[2023-10-30T20:32:36.745+0000][3721.100s][info ][safepoint     ] Total time for which application threads were stopped: 0.0012548 seconds, Stopping threads took: 0.0005865 seconds
[2023-10-30T20:32:37.745+0000][3722.101s][debug][safepoint     ] Safepoint synchronization initiated. (178 threads)
[2023-10-30T20:32:37.746+0000][3722.101s][info ][safepoint     ] Application time: 1.0011884 seconds
[2023-10-30T20:32:37.747+0000][3722.102s][info ][safepoint     ] Entering safepoint region: Cleanup
[2023-10-30T20:32:37.748+0000][3722.103s][info ][safepoint     ] Leaving safepoint region
[2023-10-30T20:32:37.749+0000][3722.104s][info ][safepoint     ] Total time for which application threads were stopped: 0.0017338 seconds, Stopping threads took: 0.0007575 seconds
[2023-10-30T20:32:38.750+0000][3723.105s][debug][safepoint     ] Safepoint synchronization initiated. (178 threads)
[2023-10-30T20:32:38.750+0000][3723.105s][info ][safepoint     ] Application time: 1.0006343 seconds
[2023-10-30T20:32:38.751+0000][3723.106s][info ][safepoint     ] Entering safepoint region: Cleanup
[2023-10-30T20:32:38.751+0000][3723.106s][info ][safepoint     ] Leaving safepoint region
[2023-10-30T20:32:38.751+0000][3723.107s][info ][safepoint     ] Total time for which application threads were stopped: 0.0008933 seconds, Stopping threads took: 0.0004008 seconds
[2023-10-30T20:32:39.752+0000][3724.107s][debug][safepoint     ] Safepoint synchronization initiated. (178 threads)
[2023-10-30T20:32:39.753+0000][3724.108s][info ][safepoint     ] Application time: 1.0008321 seconds
[2023-10-30T20:32:39.753+0000][3724.108s][info ][safepoint     ] Entering safepoint region: Cleanup
[2023-10-30T20:32:39.754+0000][3724.109s][info ][safepoint     ] Leaving safepoint region
[2023-10-30T20:32:39.754+0000][3724.109s][info ][safepoint     ] Total time for which application threads were stopped: 0.0009241 seconds, Stopping threads took: 0.0003626 seconds
[2023-10-30T20:32:40.754+0000][3725.109s][debug][safepoint     ] Safepoint synchronization initiated. (177 threads)
[2023-10-30T20:32:40.755+0000][3725.110s][info ][safepoint     ] Application time: 1.0009309 seconds
[2023-10-30T20:32:40.756+0000][3725.111s][info ][safepoint     ] Entering safepoint region: Cleanup
[2023-10-30T20:32:40.756+0000][3725.112s][info ][safepoint     ] Leaving safepoint region
[2023-10-30T20:32:40.757+0000][3725.112s][info ][safepoint     ] Total time for which application threads were stopped: 0.0012100 seconds, Stopping threads took: 0.0005217 seconds
[2023-10-30T20:32:41.758+0000][3726.113s][debug][safepoint     ] Safepoint synchronization initiated. (177 threads)
[2023-10-30T20:32:41.758+0000][3726.113s][info ][safepoint     ] Application time: 1.0007944 seconds
[2023-10-30T20:32:41.759+0000][3726.114s][debug][safepoint     ] ... found polling page return exception at pc = 0x00007f3160cd77f7, stub =0x00007f3158840600
[2023-10-30T20:32:41.759+0000][3726.114s][debug][safepoint     ] Waiting for 1 thread(s) to block
[2023-10-30T20:32:41.760+0000][3726.115s][info ][safepoint     ] Entering safepoint region: Cleanup
[2023-10-30T20:32:41.760+0000][3726.116s][info ][safepoint     ] Leaving safepoint region
[2023-10-30T20:32:41.761+0000][3726.116s][info ][safepoint     ] Total time for which application threads were stopped: 0.0018734 seconds, Stopping threads took: 0.0014206 seconds
[2023-10-30T20:32:42.761+0000][3727.116s][debug][safepoint     ] Safepoint synchronization initiated. (177 threads)
[2023-10-30T20:32:42.762+0000][3727.117s][info ][safepoint     ] Application time: 1.0007109 seconds
[2023-10-30T20:32:42.762+0000][3727.117s][info ][safepoint     ] Entering safepoint region: Cleanup
[2023-10-30T20:32:42.763+0000][3727.118s][info ][safepoint     ] Leaving safepoint region
[2023-10-30T20:32:42.763+0000][3727.118s][info ][safepoint     ] Total time for which application threads were stopped: 0.0008070 seconds, Stopping threads took: 0.0003698 seconds
[2023-10-30T20:32:43.763+0000][3728.119s][debug][safepoint     ] Safepoint synchronization initiated. (177 threads)
[2023-10-30T20:32:43.764+0000][3728.119s][info ][safepoint     ] Application time: 1.0005557 seconds
[2023-10-30T20:32:43.764+0000][3728.119s][info ][safepoint     ] Entering safepoint region: Cleanup
[2023-10-30T20:32:43.765+0000][3728.120s][info ][safepoint     ] Leaving safepoint region
[2023-10-30T20:32:43.765+0000][3728.120s][info ][safepoint     ] Total time for which application threads were stopped: 0.0007651 seconds, Stopping threads took: 0.0003240 seconds
[2023-10-30T20:32:44.765+0000][3729.121s][debug][safepoint     ] Safepoint synchronization initiated. (177 threads)
[2023-10-30T20:32:44.766+0000][3729.121s][info ][safepoint     ] Application time: 1.0008829 seconds
[2023-10-30T20:32:44.767+0000][3729.122s][info ][safepoint     ] Entering safepoint region: Cleanup
[2023-10-30T20:32:44.767+0000][3729.123s][info ][safepoint     ] Leaving safepoint region
[2023-10-30T20:32:44.768+0000][3729.123s][info ][safepoint     ] Total time for which application threads were stopped: 0.0014597 seconds, Stopping threads took: 0.0007233 seconds
[2023-10-30T20:32:45.769+0000][3730.124s][debug][safepoint     ] Safepoint synchronization initiated. (177 threads)
[2023-10-30T20:32:45.769+0000][3730.124s][info ][safepoint     ] Application time: 1.0008894 seconds
[2023-10-30T20:32:45.770+0000][3730.125s][info ][safepoint     ] Entering safepoint region: Cleanup
[2023-10-30T20:32:45.771+0000][3730.126s][info ][safepoint     ] Leaving safepoint region
[2023-10-30T20:32:45.771+0000][3730.126s][info ][safepoint     ] Total time for which application threads were stopped: 0.0011900 seconds, Stopping threads took: 0.0005289 seconds
[2023-10-30T20:32:46.772+0000][3731.127s][debug][safepoint     ] Safepoint synchronization initiated. (177 threads)
[2023-10-30T20:32:46.774+0000][3731.129s][info ][safepoint     ] Application time: 1.0020477 seconds
[2023-10-30T20:32:46.774+0000][3731.129s][info ][safepoint     ] Entering safepoint region: Cleanup
[2023-10-30T20:32:46.775+0000][3731.130s][info ][safepoint     ] Leaving safepoint region
[2023-10-30T20:32:46.775+0000][3731.130s][info ][safepoint     ] Total time for which application threads were stopped: 0.0010988 seconds, Stopping threads took: 0.0005720 seconds
[2023-10-30T20:32:47.776+0000][3732.131s][debug][safepoint     ] Safepoint synchronization initiated. (177 threads)
[2023-10-30T20:32:47.777+0000][3732.132s][info ][safepoint     ] Application time: 1.0011351 seconds
[2023-10-30T20:32:47.778+0000][3732.133s][info ][safepoint     ] Entering safepoint region: Cleanup
[2023-10-30T20:32:47.778+0000][3732.134s][info ][safepoint     ] Leaving safepoint region
[2023-10-30T20:32:47.779+0000][3732.134s][info ][safepoint     ] Total time for which application threads were stopped: 0.0013595 seconds, Stopping threads took: 0.0006190 seconds
[2023-10-30T20:32:48.780+0000][3733.135s][debug][safepoint     ] Safepoint synchronization initiated. (177 threads)
[2023-10-30T20:32:48.780+0000][3733.135s][info ][safepoint     ] Application time: 1.0006751 seconds
[2023-10-30T20:32:48.781+0000][3733.136s][info ][safepoint     ] Entering safepoint region: Cleanup
[2023-10-30T20:32:48.782+0000][3733.137s][info ][safepoint     ] Leaving safepoint region
[2023-10-30T20:32:48.783+0000][3733.138s][info ][safepoint     ] Total time for which application threads were stopped: 0.0021477 seconds, Stopping threads took: 0.0005617 seconds
[2023-10-30T20:32:49.783+0000][3734.138s][debug][safepoint     ] Safepoint synchronization initiated. (177 threads)
[2023-10-30T20:32:49.784+0000][3734.139s][info ][safepoint     ] Application time: 1.0010750 seconds
[2023-10-30T20:32:49.785+0000][3734.140s][info ][safepoint     ] Entering safepoint region: Cleanup
[2023-10-30T20:32:49.785+0000][3734.141s][info ][safepoint     ] Leaving safepoint region
[2023-10-30T20:32:49.786+0000][3734.141s][info ][safepoint     ] Total time for which application threads were stopped: 0.0013132 seconds, Stopping threads took: 0.0005894 seconds
[2023-10-30T20:32:50.787+0000][3735.142s][debug][safepoint     ] Safepoint synchronization initiated. (177 threads)
[2023-10-30T20:32:50.788+0000][3735.143s][info ][safepoint     ] Application time: 1.0013497 seconds
[2023-10-30T20:32:50.788+0000][3735.144s][debug][safepoint     ] ... found polling page loop exception at pc = 0x00007f3160e65612, stub =0x00007f3158843680
[2023-10-30T20:32:50.789+0000][3735.144s][debug][safepoint     ] Waiting for 1 thread(s) to block
[2023-10-30T20:32:50.789+0000][3735.144s][info ][safepoint     ] Entering safepoint region: Cleanup
[2023-10-30T20:32:50.790+0000][3735.145s][info ][safepoint     ] Leaving safepoint region
[2023-10-30T20:32:50.790+0000][3735.145s][info ][safepoint     ] Total time for which application threads were stopped: 0.0020050 seconds, Stopping threads took: 0.0013862 seconds
[2023-10-30T20:32:51.791+0000][3736.146s][debug][safepoint     ] Safepoint synchronization initiated. (177 threads)
[2023-10-30T20:32:51.792+0000][3736.147s][info ][safepoint     ] Application time: 1.0009857 seconds
[2023-10-30T20:32:51.792+0000][3736.148s][info ][safepoint     ] Entering safepoint region: Cleanup
[2023-10-30T20:32:51.793+0000][3736.148s][info ][safepoint     ] Leaving safepoint region
[2023-10-30T20:32:51.794+0000][3736.149s][info ][safepoint     ] Total time for which application threads were stopped: 0.0012022 seconds, Stopping threads took: 0.0005512 seconds
[2023-10-30T20:32:52.794+0000][3737.149s][debug][safepoint     ] Safepoint synchronization initiated. (177 threads)
[2023-10-30T20:32:52.795+0000][3737.150s][info ][safepoint     ] Application time: 1.0008486 seconds
[2023-10-30T20:32:52.795+0000][3737.151s][info ][safepoint     ] Entering safepoint region: Cleanup
[2023-10-30T20:32:52.796+0000][3737.151s][info ][safepoint     ] Leaving safepoint region
[2023-10-30T20:32:52.797+0000][3737.152s][info ][safepoint     ] Total time for which application threads were stopped: 0.0012739 seconds, Stopping threads took: 0.0005335 seconds
[2023-10-30T20:32:53.797+0000][3738.153s][debug][safepoint     ] Safepoint synchronization initiated. (177 threads)
[2023-10-30T20:32:53.798+0000][3738.153s][info ][safepoint     ] Application time: 1.0007655 seconds
[2023-10-30T20:32:53.799+0000][3738.154s][info ][safepoint     ] Entering safepoint region: Cleanup
[2023-10-30T20:32:53.800+0000][3738.155s][info ][safepoint     ] Leaving safepoint region
[2023-10-30T20:32:53.801+0000][3738.156s][info ][safepoint     ] Total time for which application threads were stopped: 0.0020027 seconds, Stopping threads took: 0.0005078 seconds
[2023-10-30T20:32:54.801+0000][3739.157s][debug][safepoint     ] Safepoint synchronization initiated. (177 threads)
[2023-10-30T20:32:54.802+0000][3739.157s][info ][safepoint     ] Application time: 1.0007707 seconds
[2023-10-30T20:32:54.803+0000][3739.158s][info ][safepoint     ] Entering safepoint region: Cleanup
[2023-10-30T20:32:54.804+0000][3739.159s][info ][safepoint     ] Leaving safepoint region
[2023-10-30T20:32:54.804+0000][3739.159s][info ][safepoint     ] Total time for which application threads were stopped: 0.0014061 seconds, Stopping threads took: 0.0007031 seconds
[2023-10-30T20:32:55.805+0000][3740.160s][debug][safepoint     ] Safepoint synchronization initiated. (177 threads)
[2023-10-30T20:32:55.806+0000][3740.161s][info ][safepoint     ] Application time: 1.0015047 seconds
[2023-10-30T20:32:55.807+0000][3740.162s][info ][safepoint     ] Entering safepoint region: Cleanup
[2023-10-30T20:32:55.809+0000][3740.164s][info ][safepoint     ] Leaving safepoint region
[2023-10-30T20:32:55.809+0000][3740.165s][info ][safepoint     ] Total time for which application threads were stopped: 0.0021897 seconds, Stopping threads took: 0.0010607 seconds
[2023-10-30T20:32:56.810+0000][3741.165s][debug][safepoint     ] Safepoint synchronization initiated. (177 threads)
[2023-10-30T20:32:56.811+0000][3741.166s][info ][safepoint     ] Application time: 1.0008263 seconds
[2023-10-30T20:32:56.811+0000][3741.167s][info ][safepoint     ] Entering safepoint region: Cleanup
[2023-10-30T20:32:56.812+0000][3741.167s][info ][safepoint     ] Leaving safepoint region
[2023-10-30T20:32:56.813+0000][3741.168s][info ][safepoint     ] Total time for which application threads were stopped: 0.0015107 seconds, Stopping threads took: 0.0005920 seconds
[2023-10-30T20:32:57.814+0000][3742.169s][debug][safepoint     ] Safepoint synchronization initiated. (177 threads)
[2023-10-30T20:32:57.814+0000][3742.169s][info ][safepoint     ] Application time: 1.0007344 seconds
[2023-10-30T20:32:57.815+0000][3742.170s][info ][safepoint     ] Entering safepoint region: Cleanup
[2023-10-30T20:32:57.815+0000][3742.170s][info ][safepoint     ] Leaving safepoint region
[2023-10-30T20:32:57.816+0000][3742.171s][info ][safepoint     ] Total time for which application threads were stopped: 0.0010691 seconds, Stopping threads took: 0.0003791 seconds
[2023-10-30T20:32:58.816+0000][3743.171s][debug][safepoint     ] Safepoint synchronization initiated. (177 threads)
[2023-10-30T20:32:58.817+0000][3743.172s][info ][safepoint     ] Application time: 1.0008074 seconds
[2023-10-30T20:32:58.818+0000][3743.173s][info ][safepoint     ] Entering safepoint region: Cleanup
[2023-10-30T20:32:58.818+0000][3743.173s][info ][safepoint     ] Leaving safepoint region
[2023-10-30T20:32:58.819+0000][3743.174s][info ][safepoint     ] Total time for which application threads were stopped: 0.0011764 seconds, Stopping threads took: 0.0005487 seconds
[2023-10-30T20:32:59.819+0000][3744.174s][debug][safepoint     ] Safepoint synchronization initiated. (177 threads)
[2023-10-30T20:32:59.820+0000][3744.175s][info ][safepoint     ] Application time: 1.0007362 seconds
[2023-10-30T20:32:59.820+0000][3744.176s][info ][safepoint     ] Entering safepoint region: Cleanup
[2023-10-30T20:32:59.821+0000][3744.176s][info ][safepoint     ] Leaving safepoint region
[2023-10-30T20:32:59.822+0000][3744.177s][info ][safepoint     ] Total time for which application threads were stopped: 0.0010963 seconds, Stopping threads took: 0.0005170 seconds
[2023-10-30T20:33:00.822+0000][3745.177s][debug][safepoint     ] Safepoint synchronization initiated. (177 threads)
[2023-10-30T20:33:00.823+0000][3745.178s][info ][safepoint     ] Application time: 1.0008219 seconds
[2023-10-30T20:33:00.823+0000][3745.179s][info ][safepoint     ] Entering safepoint region: Cleanup
[2023-10-30T20:33:00.824+0000][3745.179s][info ][safepoint     ] Leaving safepoint region
[2023-10-30T20:33:00.825+0000][3745.180s][info ][safepoint     ] Total time for which application threads were stopped: 0.0013307 seconds, Stopping threads took: 0.0006391 seconds
[2023-10-30T20:33:01.826+0000][3746.181s][debug][safepoint     ] Safepoint synchronization initiated. (177 threads)
[2023-10-30T20:33:01.827+0000][3746.182s][info ][safepoint     ] Application time: 1.0014366 seconds
[2023-10-30T20:33:01.828+0000][3746.183s][info ][safepoint     ] Entering safepoint region: Cleanup
[2023-10-30T20:33:01.829+0000][3746.184s][info ][safepoint     ] Leaving safepoint region
[2023-10-30T20:33:01.830+0000][3746.185s][info ][safepoint     ] Total time for which application threads were stopped: 0.0019186 seconds, Stopping threads took: 0.0009706 seconds
[2023-10-30T20:33:02.830+0000][3747.185s][debug][safepoint     ] Safepoint synchronization initiated. (177 threads)
[2023-10-30T20:33:02.831+0000][3747.186s][info ][safepoint     ] Application time: 1.0008680 seconds
[2023-10-30T20:33:02.831+0000][3747.187s][info ][safepoint     ] Entering safepoint region: Cleanup
[2023-10-30T20:33:02.832+0000][3747.187s][info ][safepoint     ] Leaving safepoint region
[2023-10-30T20:33:02.833+0000][3747.188s][info ][safepoint     ] Total time for which application threads were stopped: 0.0013971 seconds, Stopping threads took: 0.0005648 seconds
[2023-10-30T20:33:03.834+0000][3748.189s][debug][safepoint     ] Safepoint synchronization initiated. (177 threads)
[2023-10-30T20:33:03.835+0000][3748.190s][info ][safepoint     ] Application time: 1.0015836 seconds
[2023-10-30T20:33:03.836+0000][3748.191s][info ][safepoint     ] Entering safepoint region: Cleanup
[2023-10-30T20:33:03.837+0000][3748.192s][info ][safepoint     ] Leaving safepoint region
[2023-10-30T20:33:03.837+0000][3748.192s][info ][safepoint     ] Total time for which application threads were stopped: 0.0013068 seconds, Stopping threads took: 0.0006227 seconds
[2023-10-30T20:33:04.838+0000][3749.193s][debug][safepoint     ] Safepoint synchronization initiated. (177 threads)
[2023-10-30T20:33:04.838+0000][3749.193s][info ][safepoint     ] Application time: 1.0007132 seconds
[2023-10-30T20:33:04.839+0000][3749.194s][info ][safepoint     ] Entering safepoint region: Cleanup
[2023-10-30T20:33:04.840+0000][3749.195s][info ][safepoint     ] Leaving safepoint region
[2023-10-30T20:33:04.840+0000][3749.195s][info ][safepoint     ] Total time for which application threads were stopped: 0.0013276 seconds, Stopping threads took: 0.0005473 seconds
[2023-10-30T20:33:05.841+0000][3750.196s][debug][safepoint     ] Safepoint synchronization initiated. (177 threads)
[2023-10-30T20:33:05.842+0000][3750.197s][info ][safepoint     ] Application time: 1.0009192 seconds
[2023-10-30T20:33:05.842+0000][3750.197s][info ][safepoint     ] Entering safepoint region: Cleanup
[2023-10-30T20:33:05.843+0000][3750.198s][info ][safepoint     ] Leaving safepoint region
[2023-10-30T20:33:05.843+0000][3750.198s][info ][safepoint     ] Total time for which application threads were stopped: 0.0012572 seconds, Stopping threads took: 0.0005953 seconds
[2023-10-30T20:33:06.844+0000][3751.199s][debug][safepoint     ] Safepoint synchronization initiated. (177 threads)
[2023-10-30T20:33:06.845+0000][3751.200s][info ][safepoint     ] Application time: 1.0008666 seconds
[2023-10-30T20:33:06.845+0000][3751.200s][info ][safepoint     ] Entering safepoint region: Cleanup
[2023-10-30T20:33:06.846+0000][3751.201s][info ][safepoint     ] Leaving safepoint region
[2023-10-30T20:33:06.846+0000][3751.201s][info ][safepoint     ] Total time for which application threads were stopped: 0.0011225 seconds, Stopping threads took: 0.0004814 seconds
[2023-10-30T20:33:07.847+0000][3752.202s][debug][safepoint     ] Safepoint synchronization initiated. (177 threads)
[2023-10-30T20:33:07.848+0000][3752.203s][info ][safepoint     ] Application time: 1.0013388 seconds
[2023-10-30T20:33:07.849+0000][3752.204s][info ][safepoint     ] Entering safepoint region: Cleanup
[2023-10-30T20:33:07.850+0000][3752.205s][info ][safepoint     ] Leaving safepoint region
[2023-10-30T20:33:07.851+0000][3752.206s][info ][safepoint     ] Total time for which application threads were stopped: 0.0021091 seconds, Stopping threads took: 0.0009572 seconds
[2023-10-30T20:33:08.852+0000][3753.207s][debug][safepoint     ] Safepoint synchronization initiated. (177 threads)
[2023-10-30T20:33:08.853+0000][3753.208s][info ][safepoint     ] Application time: 1.0007749 seconds
[2023-10-30T20:33:08.854+0000][3753.209s][info ][safepoint     ] Entering safepoint region: Cleanup
[2023-10-30T20:33:08.854+0000][3753.209s][info ][safepoint     ] Leaving safepoint region
[2023-10-30T20:33:08.855+0000][3753.210s][info ][safepoint     ] Total time for which application threads were stopped: 0.0013108 seconds, Stopping threads took: 0.0005980 seconds
[2023-10-30T20:33:09.856+0000][3754.211s][debug][safepoint     ] Safepoint synchronization initiated. (176 threads)
[2023-10-30T20:33:09.856+0000][3754.211s][info ][safepoint     ] Application time: 1.0008273 seconds
[2023-10-30T20:33:09.857+0000][3754.212s][info ][safepoint     ] Entering safepoint region: Cleanup
[2023-10-30T20:33:09.857+0000][3754.213s][info ][safepoint     ] Leaving safepoint region
[2023-10-30T20:33:09.858+0000][3754.213s][info ][safepoint     ] Total time for which application threads were stopped: 0.0012034 seconds, Stopping threads took: 0.0005287 seconds
[2023-10-30T20:33:10.859+0000][3755.214s][debug][safepoint     ] Safepoint synchronization initiated. (176 threads)
[2023-10-30T20:33:10.860+0000][3755.215s][info ][safepoint     ] Application time: 1.0012589 seconds
[2023-10-30T20:33:10.860+0000][3755.216s][info ][safepoint     ] Entering safepoint region: Cleanup
[2023-10-30T20:33:10.862+0000][3755.217s][info ][safepoint     ] Leaving safepoint region
[2023-10-30T20:33:10.862+0000][3755.217s][info ][safepoint     ] Total time for which application threads were stopped: 0.0019063 seconds, Stopping threads took: 0.0008739 seconds
[2023-10-30T20:33:11.863+0000][3756.218s][debug][safepoint     ] Safepoint synchronization initiated. (176 threads)
[2023-10-30T20:33:11.864+0000][3756.219s][info ][safepoint     ] Application time: 1.0010054 seconds
[2023-10-30T20:33:11.864+0000][3756.220s][info ][safepoint     ] Entering safepoint region: Cleanup
[2023-10-30T20:33:11.865+0000][3756.220s][info ][safepoint     ] Leaving safepoint region
[2023-10-30T20:33:11.866+0000][3756.221s][info ][safepoint     ] Total time for which application threads were stopped: 0.0013537 seconds, Stopping threads took: 0.0006410 seconds
[2023-10-30T20:33:12.866+0000][3757.222s][debug][safepoint     ] Safepoint synchronization initiated. (176 threads)
[2023-10-30T20:33:12.867+0000][3757.222s][info ][safepoint     ] Application time: 1.0009320 seconds
[2023-10-30T20:33:12.868+0000][3757.223s][info ][safepoint     ] Entering safepoint region: Cleanup
[2023-10-30T20:33:12.868+0000][3757.224s][info ][safepoint     ] Leaving safepoint region
[2023-10-30T20:33:12.869+0000][3757.224s][info ][safepoint     ] Total time for which application threads were stopped: 0.0011448 seconds, Stopping threads took: 0.0004788 seconds
[2023-10-30T20:33:13.869+0000][3758.225s][debug][safepoint     ] Safepoint synchronization initiated. (176 threads)
[2023-10-30T20:33:13.871+0000][3758.226s][info ][safepoint     ] Application time: 1.0017670 seconds
[2023-10-30T20:33:13.872+0000][3758.227s][info ][safepoint     ] Entering safepoint region: Cleanup
[2023-10-30T20:33:13.873+0000][3758.228s][info ][safepoint     ] Leaving safepoint region
[2023-10-30T20:33:13.873+0000][3758.228s][info ][safepoint     ] Total time for which application threads were stopped: 0.0012347 seconds, Stopping threads took: 0.0005420 seconds
[2023-10-30T20:33:14.875+0000][3759.230s][debug][safepoint     ] Safepoint synchronization initiated. (176 threads)
[2023-10-30T20:33:14.876+0000][3759.231s][info ][safepoint     ] Application time: 1.0018206 seconds
[2023-10-30T20:33:14.876+0000][3759.232s][info ][safepoint     ] Entering safepoint region: Cleanup
[2023-10-30T20:33:14.877+0000][3759.232s][info ][safepoint     ] Leaving safepoint region
[2023-10-30T20:33:14.878+0000][3759.233s][info ][safepoint     ] Total time for which application threads were stopped: 0.0012763 seconds, Stopping threads took: 0.0004783 seconds
[2023-10-30T20:33:15.878+0000][3760.233s][debug][safepoint     ] Safepoint synchronization initiated. (176 threads)
[2023-10-30T20:33:15.879+0000][3760.234s][info ][safepoint     ] Application time: 1.0007482 seconds
[2023-10-30T20:33:15.879+0000][3760.235s][info ][safepoint     ] Entering safepoint region: Cleanup
[2023-10-30T20:33:15.880+0000][3760.235s][info ][safepoint     ] Leaving safepoint region
[2023-10-30T20:33:15.880+0000][3760.236s][info ][safepoint     ] Total time for which application threads were stopped: 0.0011227 seconds, Stopping threads took: 0.0005223 seconds
[2023-10-30T20:33:16.881+0000][3761.236s][debug][safepoint     ] Safepoint synchronization initiated. (176 threads)
[2023-10-30T20:33:16.882+0000][3761.237s][info ][safepoint     ] Application time: 1.0007468 seconds
[2023-10-30T20:33:16.882+0000][3761.237s][info ][safepoint     ] Entering safepoint region: Cleanup
[2023-10-30T20:33:16.883+0000][3761.238s][info ][safepoint     ] Leaving safepoint region
[2023-10-30T20:33:16.883+0000][3761.238s][info ][safepoint     ] Total time for which application threads were stopped: 0.0011151 seconds, Stopping threads took: 0.0004916 seconds
[2023-10-30T20:33:17.884+0000][3762.239s][debug][safepoint     ] Safepoint synchronization initiated. (176 threads)
[2023-10-30T20:33:17.885+0000][3762.240s][info ][safepoint     ] Application time: 1.0011555 seconds
[2023-10-30T20:33:17.885+0000][3762.240s][info ][safepoint     ] Entering safepoint region: Cleanup
[2023-10-30T20:33:17.886+0000][3762.241s][info ][safepoint     ] Leaving safepoint region
[2023-10-30T20:33:17.886+0000][3762.242s][info ][safepoint     ] Total time for which application threads were stopped: 0.0011957 seconds, Stopping threads took: 0.0005537 seconds
[2023-10-30T20:33:18.887+0000][3763.242s][debug][safepoint     ] Safepoint synchronization initiated. (176 threads)
[2023-10-30T20:33:18.888+0000][3763.243s][info ][safepoint     ] Application time: 1.0006517 seconds
[2023-10-30T20:33:18.888+0000][3763.243s][info ][safepoint     ] Entering safepoint region: Cleanup
[2023-10-30T20:33:18.888+0000][3763.244s][info ][safepoint     ] Leaving safepoint region
[2023-10-30T20:33:18.889+0000][3763.244s][info ][safepoint     ] Total time for which application threads were stopped: 0.0008765 seconds, Stopping threads took: 0.0003878 seconds
[2023-10-30T20:33:19.889+0000][3764.244s][debug][safepoint     ] Safepoint synchronization initiated. (176 threads)
[2023-10-30T20:33:19.890+0000][3764.245s][info ][safepoint     ] Application time: 1.0006842 seconds
[2023-10-30T20:33:19.890+0000][3764.245s][info ][safepoint     ] Entering safepoint region: Cleanup
[2023-10-30T20:33:19.891+0000][3764.246s][info ][safepoint     ] Leaving safepoint region
[2023-10-30T20:33:19.892+0000][3764.247s][info ][safepoint     ] Total time for which application threads were stopped: 0.0013401 seconds, Stopping threads took: 0.0006448 seconds
[2023-10-30T20:33:20.892+0000][3765.247s][debug][safepoint     ] Safepoint synchronization initiated. (176 threads)
[2023-10-30T20:33:20.893+0000][3765.248s][info ][safepoint     ] Application time: 1.0006932 seconds
[2023-10-30T20:33:20.893+0000][3765.248s][info ][safepoint     ] Entering safepoint region: Cleanup
[2023-10-30T20:33:20.894+0000][3765.249s][info ][safepoint     ] Leaving safepoint region
[2023-10-30T20:33:20.894+0000][3765.249s][info ][safepoint     ] Total time for which application threads were stopped: 0.0010192 seconds, Stopping threads took: 0.0004226 seconds
[2023-10-30T20:33:21.895+0000][3766.250s][debug][safepoint     ] Safepoint synchronization initiated. (176 threads)
[2023-10-30T20:33:21.895+0000][3766.250s][info ][safepoint     ] Application time: 1.0006312 seconds
[2023-10-30T20:33:21.896+0000][3766.251s][info ][safepoint     ] Entering safepoint region: Cleanup
[2023-10-30T20:33:21.896+0000][3766.252s][info ][safepoint     ] Leaving safepoint region
[2023-10-30T20:33:21.897+0000][3766.252s][info ][safepoint     ] Total time for which application threads were stopped: 0.0011760 seconds, Stopping threads took: 0.0004912 seconds
[2023-10-30T20:33:22.898+0000][3767.253s][debug][safepoint     ] Safepoint synchronization initiated. (176 threads)
[2023-10-30T20:33:22.898+0000][3767.253s][info ][safepoint     ] Application time: 1.0005887 seconds
[2023-10-30T20:33:22.899+0000][3767.254s][info ][safepoint     ] Entering safepoint region: Cleanup
[2023-10-30T20:33:22.899+0000][3767.254s][info ][safepoint     ] Leaving safepoint region
[2023-10-30T20:33:22.900+0000][3767.255s][info ][safepoint     ] Total time for which application threads were stopped: 0.0009747 seconds, Stopping threads took: 0.0003513 seconds
[2023-10-30T20:33:23.900+0000][3768.255s][debug][safepoint     ] Safepoint synchronization initiated. (176 threads)
[2023-10-30T20:33:23.901+0000][3768.256s][info ][safepoint     ] Application time: 1.0009710 seconds
[2023-10-30T20:33:23.901+0000][3768.256s][info ][safepoint     ] Entering safepoint region: Cleanup
[2023-10-30T20:33:23.902+0000][3768.257s][info ][safepoint     ] Leaving safepoint region
[2023-10-30T20:33:23.903+0000][3768.258s][info ][safepoint     ] Total time for which application threads were stopped: 0.0012049 seconds, Stopping threads took: 0.0005286 seconds
[2023-10-30T20:33:24.903+0000][3769.258s][debug][safepoint     ] Safepoint synchronization initiated. (176 threads)
[2023-10-30T20:33:24.904+0000][3769.259s][info ][safepoint     ] Application time: 1.0005392 seconds
[2023-10-30T20:33:24.904+0000][3769.259s][info ][safepoint     ] Entering safepoint region: Cleanup
[2023-10-30T20:33:24.904+0000][3769.259s][info ][safepoint     ] Leaving safepoint region
[2023-10-30T20:33:24.905+0000][3769.260s][info ][safepoint     ] Total time for which application threads were stopped: 0.0007710 seconds, Stopping threads took: 0.0003156 seconds
[2023-10-30T20:33:25.905+0000][3770.260s][debug][safepoint     ] Safepoint synchronization initiated. (176 threads)
[2023-10-30T20:33:25.906+0000][3770.261s][info ][safepoint     ] Application time: 1.0008835 seconds
[2023-10-30T20:33:25.906+0000][3770.261s][info ][safepoint     ] Entering safepoint region: Cleanup
[2023-10-30T20:33:25.907+0000][3770.262s][info ][safepoint     ] Leaving safepoint region
[2023-10-30T20:33:25.908+0000][3770.263s][info ][safepoint     ] Total time for which application threads were stopped: 0.0012749 seconds, Stopping threads took: 0.0005820 seconds
[2023-10-30T20:33:26.908+0000][3771.263s][debug][safepoint     ] Safepoint synchronization initiated. (176 threads)
[2023-10-30T20:33:26.909+0000][3771.264s][info ][safepoint     ] Application time: 1.0007442 seconds
[2023-10-30T20:33:26.909+0000][3771.264s][info ][safepoint     ] Entering safepoint region: Cleanup
[2023-10-30T20:33:26.910+0000][3771.265s][info ][safepoint     ] Leaving safepoint region
[2023-10-30T20:33:26.910+0000][3771.265s][info ][safepoint     ] Total time for which application threads were stopped: 0.0011124 seconds, Stopping threads took: 0.0004935 seconds
[2023-10-30T20:33:27.911+0000][3772.266s][debug][safepoint     ] Safepoint synchronization initiated. (176 threads)
[2023-10-30T20:33:27.911+0000][3772.266s][info ][safepoint     ] Application time: 1.0006311 seconds
[2023-10-30T20:33:27.912+0000][3772.267s][info ][safepoint     ] Entering safepoint region: Cleanup
[2023-10-30T20:33:27.912+0000][3772.267s][info ][safepoint     ] Leaving safepoint region
[2023-10-30T20:33:27.913+0000][3772.268s][info ][safepoint     ] Total time for which application threads were stopped: 0.0008545 seconds, Stopping threads took: 0.0003537 seconds
[2023-10-30T20:33:28.913+0000][3773.268s][debug][safepoint     ] Safepoint synchronization initiated. (176 threads)
[2023-10-30T20:33:28.913+0000][3773.268s][info ][safepoint     ] Application time: 1.0005179 seconds
[2023-10-30T20:33:28.914+0000][3773.269s][info ][safepoint     ] Entering safepoint region: Cleanup
[2023-10-30T20:33:28.914+0000][3773.269s][info ][safepoint     ] Leaving safepoint region
[2023-10-30T20:33:28.915+0000][3773.269s][info ][safepoint     ] Total time for which application threads were stopped: 0.0007806 seconds, Stopping threads took: 0.0003251 seconds
[2023-10-30T20:33:29.915+0000][3774.270s][debug][safepoint     ] Safepoint synchronization initiated. (176 threads)
[2023-10-30T20:33:29.916+0000][3774.270s][info ][safepoint     ] Application time: 1.0007591 seconds
[2023-10-30T20:33:29.916+0000][3774.271s][info ][safepoint     ] Entering safepoint region: Cleanup
[2023-10-30T20:33:29.917+0000][3774.271s][info ][safepoint     ] Leaving safepoint region
[2023-10-30T20:33:29.917+0000][3774.272s][info ][safepoint     ] Total time for which application threads were stopped: 0.0009632 seconds, Stopping threads took: 0.0003792 seconds
[2023-10-30T20:33:30.918+0000][3775.273s][debug][safepoint     ] Safepoint synchronization initiated. (176 threads)
[2023-10-30T20:33:30.918+0000][3775.273s][info ][safepoint     ] Application time: 1.0008859 seconds
[2023-10-30T20:33:30.919+0000][3775.274s][info ][safepoint     ] Entering safepoint region: Cleanup
[2023-10-30T20:33:30.920+0000][3775.275s][info ][safepoint     ] Leaving safepoint region
[2023-10-30T20:33:30.920+0000][3775.275s][info ][safepoint     ] Total time for which application threads were stopped: 0.0015439 seconds, Stopping threads took: 0.0005943 seconds
[2023-10-30T20:33:31.921+0000][3776.276s][debug][safepoint     ] Safepoint synchronization initiated. (176 threads)
[2023-10-30T20:33:31.921+0000][3776.276s][info ][safepoint     ] Application time: 1.0004695 seconds
[2023-10-30T20:33:31.921+0000][3776.276s][info ][safepoint     ] Entering safepoint region: Cleanup
[2023-10-30T20:33:31.922+0000][3776.277s][info ][safepoint     ] Leaving safepoint region
[2023-10-30T20:33:31.922+0000][3776.277s][info ][safepoint     ] Total time for which application threads were stopped: 0.0007248 seconds, Stopping threads took: 0.0002782 seconds
[2023-10-30T20:33:32.923+0000][3777.278s][debug][safepoint     ] Safepoint synchronization initiated. (176 threads)
[2023-10-30T20:33:32.923+0000][3777.278s][info ][safepoint     ] Application time: 1.0009347 seconds
[2023-10-30T20:33:32.924+0000][3777.279s][info ][safepoint     ] Entering safepoint region: Cleanup
[2023-10-30T20:33:32.924+0000][3777.279s][info ][safepoint     ] Leaving safepoint region
[2023-10-30T20:33:32.925+0000][3777.280s][info ][safepoint     ] Total time for which application threads were stopped: 0.0011421 seconds, Stopping threads took: 0.0005065 seconds
[2023-10-30T20:33:33.925+0000][3778.280s][debug][safepoint     ] Safepoint synchronization initiated. (176 threads)
[2023-10-30T20:33:33.926+0000][3778.281s][info ][safepoint     ] Application time: 1.0005236 seconds
[2023-10-30T20:33:33.926+0000][3778.281s][info ][safepoint     ] Entering safepoint region: Cleanup
[2023-10-30T20:33:33.927+0000][3778.282s][info ][safepoint     ] Leaving safepoint region
[2023-10-30T20:33:33.927+0000][3778.282s][info ][safepoint     ] Total time for which application threads were stopped: 0.0007654 seconds, Stopping threads took: 0.0003377 seconds
[2023-10-30T20:33:34.927+0000][3779.282s][debug][safepoint     ] Safepoint synchronization initiated. (176 threads)
[2023-10-30T20:33:34.928+0000][3779.283s][info ][safepoint     ] Application time: 1.0010712 seconds
[2023-10-30T20:33:34.929+0000][3779.284s][info ][safepoint     ] Entering safepoint region: Cleanup
[2023-10-30T20:33:34.930+0000][3779.285s][info ][safepoint     ] Leaving safepoint region
[2023-10-30T20:33:34.930+0000][3779.285s][info ][safepoint     ] Total time for which application threads were stopped: 0.0013853 seconds, Stopping threads took: 0.0007075 seconds
[2023-10-30T20:33:35.931+0000][3780.286s][debug][safepoint     ] Safepoint synchronization initiated. (176 threads)
[2023-10-30T20:33:35.932+0000][3780.287s][info ][safepoint     ] Application time: 1.0009329 seconds
[2023-10-30T20:33:35.932+0000][3780.287s][info ][safepoint     ] Entering safepoint region: Cleanup
[2023-10-30T20:33:35.933+0000][3780.288s][info ][safepoint     ] Leaving safepoint region
[2023-10-30T20:33:35.934+0000][3780.289s][info ][safepoint     ] Total time for which application threads were stopped: 0.0013633 seconds, Stopping threads took: 0.0005865 seconds
[2023-10-30T20:33:36.934+0000][3781.289s][debug][safepoint     ] Safepoint synchronization initiated. (176 threads)
[2023-10-30T20:33:36.935+0000][3781.290s][info ][safepoint     ] Application time: 1.0011292 seconds
[2023-10-30T20:33:36.936+0000][3781.291s][info ][safepoint     ] Entering safepoint region: Cleanup
[2023-10-30T20:33:36.937+0000][3781.292s][info ][safepoint     ] Leaving safepoint region
[2023-10-30T20:33:36.937+0000][3781.292s][info ][safepoint     ] Total time for which application threads were stopped: 0.0014880 seconds, Stopping threads took: 0.0007155 seconds
[2023-10-30T20:33:37.938+0000][3782.293s][debug][safepoint     ] Safepoint synchronization initiated. (176 threads)
[2023-10-30T20:33:37.939+0000][3782.294s][info ][safepoint     ] Application time: 1.0011107 seconds
[2023-10-30T20:33:37.940+0000][3782.295s][info ][safepoint     ] Entering safepoint region: Cleanup
[2023-10-30T20:33:37.940+0000][3782.295s][info ][safepoint     ] Leaving safepoint region
[2023-10-30T20:33:37.941+0000][3782.296s][info ][safepoint     ] Total time for which application threads were stopped: 0.0013263 seconds, Stopping threads took: 0.0005576 seconds
[2023-10-30T20:33:38.942+0000][3783.296s][debug][safepoint     ] Safepoint synchronization initiated. (176 threads)
[2023-10-30T20:33:38.942+0000][3783.297s][info ][safepoint     ] Application time: 1.0005578 seconds
[2023-10-30T20:33:38.942+0000][3783.297s][info ][safepoint     ] Entering safepoint region: Cleanup
[2023-10-30T20:33:38.943+0000][3783.298s][info ][safepoint     ] Leaving safepoint region
[2023-10-30T20:33:38.943+0000][3783.298s][info ][safepoint     ] Total time for which application threads were stopped: 0.0008726 seconds, Stopping threads took: 0.0003403 seconds
[2023-10-30T20:33:39.944+0000][3784.299s][debug][safepoint     ] Safepoint synchronization initiated. (176 threads)
[2023-10-30T20:33:39.945+0000][3784.300s][info ][safepoint     ] Application time: 1.0007478 seconds
[2023-10-30T20:33:39.945+0000][3784.300s][info ][safepoint     ] Entering safepoint region: Cleanup
[2023-10-30T20:33:39.946+0000][3784.301s][info ][safepoint     ] Leaving safepoint region
[2023-10-30T20:33:39.946+0000][3784.301s][info ][safepoint     ] Total time for which application threads were stopped: 0.0011579 seconds, Stopping threads took: 0.0005076 seconds
[2023-10-30T20:34:09.952+0000][3814.307s][debug][safepoint     ] Safepoint synchronization initiated. (175 threads)
[2023-10-30T20:34:09.953+0000][3814.308s][info ][safepoint     ] Application time: 30.0059914 seconds
[2023-10-30T20:34:09.953+0000][3814.308s][info ][safepoint     ] Entering safepoint region: Cleanup
[2023-10-30T20:34:09.954+0000][3814.308s][info ][safepoint     ] Leaving safepoint region
[2023-10-30T20:34:09.954+0000][3814.309s][info ][safepoint     ] Total time for which application threads were stopped: 0.0007940 seconds, Stopping threads took: 0.0003306 seconds
[2023-10-30T20:34:22.957+0000][3827.312s][debug][safepoint     ] Safepoint synchronization initiated. (175 threads)
[2023-10-30T20:34:22.958+0000][3827.313s][info ][safepoint     ] Application time: 13.0035426 seconds
[2023-10-30T20:34:22.958+0000][3827.313s][info ][safepoint     ] Entering safepoint region: Cleanup
[2023-10-30T20:34:22.959+0000][3827.314s][info ][safepoint     ] Leaving safepoint region
[2023-10-30T20:34:22.959+0000][3827.314s][info ][safepoint     ] Total time for which application threads were stopped: 0.0010431 seconds, Stopping threads took: 0.0004163 seconds
[2023-10-30T20:34:23.718+0000][3828.073s][debug][safepoint     ] Safepoint synchronization initiated. (175 threads)
[2023-10-30T20:34:23.719+0000][3828.074s][info ][safepoint     ] Application time: 0.7596059 seconds
[2023-10-30T20:34:23.720+0000][3828.074s][info ][safepoint     ] Entering safepoint region: G1CollectForAllocation
[2023-10-30T20:34:23.720+0000][3828.075s][info ][gc,start      ] GC(83) Pause Young (Normal) (G1 Evacuation Pause)
[2023-10-30T20:34:23.721+0000][3828.076s][info ][gc,task       ] GC(83) Using 8 workers of 8 for evacuation
[2023-10-30T20:34:23.733+0000][3828.087s][info ][gc,phases     ] GC(83)   Pre Evacuate Collection Set: 0.1ms
[2023-10-30T20:34:23.733+0000][3828.088s][info ][gc,phases     ] GC(83)   Evacuate Collection Set: 5.3ms
[2023-10-30T20:34:23.734+0000][3828.089s][info ][gc,phases     ] GC(83)   Post Evacuate Collection Set: 5.6ms
[2023-10-30T20:34:23.734+0000][3828.089s][info ][gc,phases     ] GC(83)   Other: 1.3ms
[2023-10-30T20:34:23.735+0000][3828.090s][info ][gc,heap       ] GC(83) Eden regions: 161->0(161)
[2023-10-30T20:34:23.736+0000][3828.090s][info ][gc,heap       ] GC(83) Survivor regions: 11->11(22)
[2023-10-30T20:34:23.736+0000][3828.091s][info ][gc,heap       ] GC(83) Old regions: 151->151
[2023-10-30T20:34:23.737+0000][3828.091s][info ][gc,heap       ] GC(83) Humongous regions: 0->0
[2023-10-30T20:34:23.737+0000][3828.092s][info ][gc,metaspace  ] GC(83) Metaspace: 167518K(173268K)->167518K(173268K) NonClass: 148129K(151688K)->148129K(151688K) Class: 19388K(21580K)->19388K(21580K)
[2023-10-30T20:34:23.738+0000][3828.093s][info ][gc            ] GC(83) Pause Young (Normal) (G1 Evacuation Pause) 321M->159M(372M) 17.491ms
[2023-10-30T20:34:23.738+0000][3828.093s][info ][gc,cpu        ] GC(83) User=0.08s Sys=0.00s Real=0.02s
[2023-10-30T20:34:23.739+0000][3828.094s][info ][safepoint     ] Leaving safepoint region
[2023-10-30T20:34:23.740+0000][3828.094s][info ][safepoint     ] Total time for which application threads were stopped: 0.0200102 seconds, Stopping threads took: 0.0005349 seconds
[2023-10-30T20:34:23.740+0000][3828.095s][info ][gc,stringdedup] Concurrent String Deduplication (3828.095s)
[2023-10-30T20:34:23.743+0000][3828.098s][info ][gc,stringdedup] Concurrent String Deduplication 281.0K->139.7K(141.3K) avg 54.2% (3828.095s, 3828.098s) 3.082ms
[2023-10-30T20:34:30.742+0000][3835.097s][debug][safepoint     ] Safepoint synchronization initiated. (175 threads)
[2023-10-30T20:34:30.742+0000][3835.097s][info ][safepoint     ] Application time: 7.0023254 seconds
[2023-10-30T20:34:30.743+0000][3835.098s][info ][safepoint     ] Entering safepoint region: Cleanup
[2023-10-30T20:34:30.743+0000][3835.098s][info ][safepoint     ] Leaving safepoint region
[2023-10-30T20:34:30.744+0000][3835.099s][info ][safepoint     ] Total time for which application threads were stopped: 0.0010827 seconds, Stopping threads took: 0.0004156 seconds
[2023-10-30T20:34:50.749+0000][3855.103s][debug][safepoint     ] Safepoint synchronization initiated. (174 threads)
[2023-10-30T20:34:50.749+0000][3855.104s][info ][safepoint     ] Application time: 20.0049225 seconds
[2023-10-30T20:34:50.750+0000][3855.105s][info ][safepoint     ] Entering safepoint region: Cleanup
[2023-10-30T20:34:50.750+0000][3855.105s][info ][safepoint     ] Leaving safepoint region
[2023-10-30T20:34:50.751+0000][3855.106s][info ][safepoint     ] Total time for which application threads were stopped: 0.0012267 seconds, Stopping threads took: 0.0005624 seconds
[2023-10-30T20:35:09.754+0000][3874.110s][debug][safepoint     ] Safepoint synchronization initiated. (174 threads)
[2023-10-30T20:35:09.755+0000][3874.110s][info ][safepoint     ] Application time: 19.0040849 seconds
[2023-10-30T20:35:09.755+0000][3874.111s][info ][safepoint     ] Entering safepoint region: Cleanup
[2023-10-30T20:35:09.756+0000][3874.111s][info ][safepoint     ] Leaving safepoint region
[2023-10-30T20:35:09.756+0000][3874.112s][info ][safepoint     ] Total time for which application threads were stopped: 0.0010354 seconds, Stopping threads took: 0.0004343 seconds
[2023-10-30T20:35:17.758+0000][3882.114s][debug][safepoint     ] Safepoint synchronization initiated. (174 threads)
[2023-10-30T20:35:17.759+0000][3882.114s][info ][safepoint     ] Application time: 8.0021553 seconds
[2023-10-30T20:35:17.759+0000][3882.115s][info ][safepoint     ] Entering safepoint region: Cleanup
[2023-10-30T20:35:17.760+0000][3882.115s][info ][safepoint     ] Leaving safepoint region
[2023-10-30T20:35:17.760+0000][3882.116s][info ][safepoint     ] Total time for which application threads were stopped: 0.0012830 seconds, Stopping threads took: 0.0005658 seconds
[2023-10-30T20:35:49.767+0000][3914.122s][debug][safepoint     ] Safepoint synchronization initiated. (174 threads)
[2023-10-30T20:35:49.768+0000][3914.123s][info ][safepoint     ] Application time: 32.0067431 seconds
[2023-10-30T20:35:49.769+0000][3914.124s][info ][safepoint     ] Entering safepoint region: Cleanup
[2023-10-30T20:35:49.770+0000][3914.125s][info ][safepoint     ] Leaving safepoint region
[2023-10-30T20:35:49.770+0000][3914.125s][info ][safepoint     ] Total time for which application threads were stopped: 0.0013225 seconds, Stopping threads took: 0.0007534 seconds
[2023-10-30T20:36:18.778+0000][3943.132s][debug][safepoint     ] Safepoint synchronization initiated. (174 threads)
[2023-10-30T20:36:18.778+0000][3943.133s][info ][safepoint     ] Application time: 29.0075915 seconds
[2023-10-30T20:36:18.779+0000][3943.133s][debug][safepoint     ] ... found polling page return exception at pc = 0x00007f3160cd77f7, stub =0x00007f3158840600
[2023-10-30T20:36:18.779+0000][3943.134s][debug][safepoint     ] Waiting for 1 thread(s) to block
[2023-10-30T20:36:18.780+0000][3943.134s][info ][safepoint     ] Entering safepoint region: Cleanup
[2023-10-30T20:36:18.780+0000][3943.135s][info ][safepoint     ] Leaving safepoint region
[2023-10-30T20:36:18.781+0000][3943.135s][info ][safepoint     ] Total time for which application threads were stopped: 0.0021898 seconds, Stopping threads took: 0.0016099 seconds
[2023-10-30T20:36:24.782+0000][3949.137s][debug][safepoint     ] Safepoint synchronization initiated. (174 threads)
[2023-10-30T20:36:24.783+0000][3949.138s][info ][safepoint     ] Application time: 6.0018080 seconds
[2023-10-30T20:36:24.783+0000][3949.138s][info ][safepoint     ] Entering safepoint region: Cleanup
[2023-10-30T20:36:24.784+0000][3949.138s][info ][safepoint     ] Leaving safepoint region
[2023-10-30T20:36:24.784+0000][3949.139s][info ][safepoint     ] Total time for which application threads were stopped: 0.0008928 seconds, Stopping threads took: 0.0003096 seconds
[2023-10-30T20:36:30.786+0000][3955.140s][debug][safepoint     ] Safepoint synchronization initiated. (174 threads)
[2023-10-30T20:36:30.787+0000][3955.142s][info ][safepoint     ] Application time: 6.0025790 seconds
[2023-10-30T20:36:30.788+0000][3955.143s][info ][safepoint     ] Entering safepoint region: Cleanup
[2023-10-30T20:36:30.789+0000][3955.144s][info ][safepoint     ] Leaving safepoint region
[2023-10-30T20:36:30.790+0000][3955.145s][info ][safepoint     ] Total time for which application threads were stopped: 0.0022234 seconds, Stopping threads took: 0.0009091 seconds
[2023-10-30T20:37:24.943+0000][4009.298s][debug][safepoint     ] Safepoint synchronization initiated. (174 threads)
[2023-10-30T20:37:24.944+0000][4009.298s][info ][safepoint     ] Application time: 54.1528984 seconds
[2023-10-30T20:37:24.944+0000][4009.299s][info ][safepoint     ] Entering safepoint region: G1CollectForAllocation
[2023-10-30T20:37:24.945+0000][4009.300s][info ][gc,start      ] GC(84) Pause Young (Normal) (G1 Evacuation Pause)
[2023-10-30T20:37:24.946+0000][4009.300s][info ][gc,task       ] GC(84) Using 8 workers of 8 for evacuation
[2023-10-30T20:37:24.954+0000][4009.309s][info ][gc,phases     ] GC(84)   Pre Evacuate Collection Set: 0.0ms
[2023-10-30T20:37:24.955+0000][4009.310s][info ][gc,phases     ] GC(84)   Evacuate Collection Set: 5.2ms
[2023-10-30T20:37:24.955+0000][4009.310s][info ][gc,phases     ] GC(84)   Post Evacuate Collection Set: 2.8ms
[2023-10-30T20:37:24.956+0000][4009.311s][info ][gc,phases     ] GC(84)   Other: 1.2ms
[2023-10-30T20:37:24.956+0000][4009.311s][info ][gc,heap       ] GC(84) Eden regions: 161->0(161)
[2023-10-30T20:37:24.957+0000][4009.311s][info ][gc,heap       ] GC(84) Survivor regions: 11->11(22)
[2023-10-30T20:37:24.957+0000][4009.312s][info ][gc,heap       ] GC(84) Old regions: 151->151
[2023-10-30T20:37:24.958+0000][4009.312s][info ][gc,heap       ] GC(84) Humongous regions: 0->0
[2023-10-30T20:37:24.958+0000][4009.313s][info ][gc,metaspace  ] GC(84) Metaspace: 167538K(173268K)->167538K(173268K) NonClass: 148149K(151688K)->148149K(151688K) Class: 19388K(21580K)->19388K(21580K)
[2023-10-30T20:37:24.959+0000][4009.313s][info ][gc            ] GC(84) Pause Young (Normal) (G1 Evacuation Pause) 320M->159M(372M) 13.570ms
[2023-10-30T20:37:24.959+0000][4009.314s][info ][gc,cpu        ] GC(84) User=0.05s Sys=0.01s Real=0.02s
[2023-10-30T20:37:24.959+0000][4009.314s][info ][safepoint     ] Leaving safepoint region
[2023-10-30T20:37:24.960+0000][4009.315s][info ][safepoint     ] Total time for which application threads were stopped: 0.0156072 seconds, Stopping threads took: 0.0005601 seconds
[2023-10-30T20:37:24.960+0000][4009.315s][info ][gc,stringdedup] Concurrent String Deduplication (4009.315s)
[2023-10-30T20:37:24.961+0000][4009.316s][info ][gc,stringdedup] Concurrent String Deduplication 83712.0B->13136.0B(70576.0B) avg 54.4% (4009.315s, 4009.316s) 0.706ms
[2023-10-30T20:37:25.960+0000][4010.315s][debug][safepoint     ] Safepoint synchronization initiated. (174 threads)
[2023-10-30T20:37:25.961+0000][4010.316s][info ][safepoint     ] Application time: 1.0006015 seconds
[2023-10-30T20:37:25.961+0000][4010.316s][info ][safepoint     ] Entering safepoint region: Cleanup
[2023-10-30T20:37:25.962+0000][4010.317s][info ][safepoint     ] Leaving safepoint region
[2023-10-30T20:37:25.962+0000][4010.317s][info ][safepoint     ] Total time for which application threads were stopped: 0.0010675 seconds, Stopping threads took: 0.0005093 seconds
[2023-10-30T20:39:50.991+0000][4155.345s][debug][safepoint     ] Safepoint synchronization initiated. (174 threads)
[2023-10-30T20:39:50.992+0000][4155.346s][info ][safepoint     ] Application time: 145.0287708 seconds
[2023-10-30T20:39:50.993+0000][4155.347s][info ][safepoint     ] Entering safepoint region: Cleanup
[2023-10-30T20:39:50.994+0000][4155.348s][info ][safepoint     ] Leaving safepoint region
[2023-10-30T20:39:50.995+0000][4155.349s][info ][safepoint     ] Total time for which application threads were stopped: 0.0021404 seconds, Stopping threads took: 0.0009585 seconds
[2023-10-30T20:40:26.303+0000][4190.657s][debug][safepoint     ] Safepoint synchronization initiated. (174 threads)
[2023-10-30T20:40:26.303+0000][4190.658s][info ][safepoint     ] Application time: 35.3080534 seconds
[2023-10-30T20:40:26.304+0000][4190.658s][info ][safepoint     ] Entering safepoint region: G1CollectForAllocation
[2023-10-30T20:40:26.305+0000][4190.659s][info ][gc,start      ] GC(85) Pause Young (Normal) (G1 Evacuation Pause)
[2023-10-30T20:40:26.306+0000][4190.660s][info ][gc,task       ] GC(85) Using 8 workers of 8 for evacuation
[2023-10-30T20:40:26.315+0000][4190.669s][info ][gc,phases     ] GC(85)   Pre Evacuate Collection Set: 0.1ms
[2023-10-30T20:40:26.316+0000][4190.670s][info ][gc,phases     ] GC(85)   Evacuate Collection Set: 5.3ms
[2023-10-30T20:40:26.316+0000][4190.671s][info ][gc,phases     ] GC(85)   Post Evacuate Collection Set: 3.2ms
[2023-10-30T20:40:26.317+0000][4190.671s][info ][gc,phases     ] GC(85)   Other: 1.3ms
[2023-10-30T20:40:26.317+0000][4190.672s][info ][gc,heap       ] GC(85) Eden regions: 161->0(163)
[2023-10-30T20:40:26.318+0000][4190.672s][info ][gc,heap       ] GC(85) Survivor regions: 11->10(22)
[2023-10-30T20:40:26.318+0000][4190.673s][info ][gc,heap       ] GC(85) Old regions: 151->151
[2023-10-30T20:40:26.319+0000][4190.673s][info ][gc,heap       ] GC(85) Humongous regions: 0->0
[2023-10-30T20:40:26.319+0000][4190.674s][info ][gc,metaspace  ] GC(85) Metaspace: 167582K(173268K)->167582K(173268K) NonClass: 148194K(151688K)->148194K(151688K) Class: 19388K(21580K)->19388K(21580K)
[2023-10-30T20:40:26.320+0000][4190.674s][info ][gc            ] GC(85) Pause Young (Normal) (G1 Evacuation Pause) 320M->159M(372M) 14.931ms
[2023-10-30T20:40:26.320+0000][4190.675s][info ][gc,cpu        ] GC(85) User=0.04s Sys=0.01s Real=0.02s
[2023-10-30T20:40:26.321+0000][4190.675s][info ][safepoint     ] Leaving safepoint region
[2023-10-30T20:40:26.321+0000][4190.676s][info ][safepoint     ] Total time for which application threads were stopped: 0.0173712 seconds, Stopping threads took: 0.0006897 seconds
[2023-10-30T20:40:26.322+0000][4190.676s][info ][gc,stringdedup] Concurrent String Deduplication (4190.676s)
[2023-10-30T20:40:26.322+0000][4190.677s][info ][gc,stringdedup] Concurrent String Deduplication 752.0B->352.0B(400.0B) avg 54.4% (4190.676s, 4190.677s) 0.434ms
[2023-10-30T20:41:17.334+0000][4241.688s][debug][safepoint     ] Safepoint synchronization initiated. (174 threads)
[2023-10-30T20:41:17.334+0000][4241.689s][info ][safepoint     ] Application time: 51.0124745 seconds
[2023-10-30T20:41:17.335+0000][4241.689s][info ][safepoint     ] Entering safepoint region: Cleanup
[2023-10-30T20:41:17.335+0000][4241.690s][info ][safepoint     ] Leaving safepoint region
[2023-10-30T20:41:17.336+0000][4241.690s][info ][safepoint     ] Total time for which application threads were stopped: 0.0008331 seconds, Stopping threads took: 0.0003483 seconds
[2023-10-30T20:41:35.340+0000][4259.695s][debug][safepoint     ] Safepoint synchronization initiated. (174 threads)
[2023-10-30T20:41:35.341+0000][4259.696s][info ][safepoint     ] Application time: 18.0056713 seconds
[2023-10-30T20:41:35.342+0000][4259.697s][info ][safepoint     ] Entering safepoint region: Cleanup
[2023-10-30T20:41:35.343+0000][4259.698s][info ][safepoint     ] Leaving safepoint region
[2023-10-30T20:41:35.344+0000][4259.699s][info ][safepoint     ] Total time for which application threads were stopped: 0.0020225 seconds, Stopping threads took: 0.0010407 seconds
[2023-10-30T20:42:10.354+0000][4294.709s][debug][safepoint     ] Safepoint synchronization initiated. (174 threads)
[2023-10-30T20:42:10.355+0000][4294.710s][info ][safepoint     ] Application time: 35.0106705 seconds
[2023-10-30T20:42:10.356+0000][4294.711s][info ][safepoint     ] Entering safepoint region: Cleanup
[2023-10-30T20:42:10.357+0000][4294.712s][info ][safepoint     ] Leaving safepoint region
[2023-10-30T20:42:10.358+0000][4294.713s][info ][safepoint     ] Total time for which application threads were stopped: 0.0020024 seconds, Stopping threads took: 0.0007953 seconds
[2023-10-30T20:42:17.360+0000][4301.716s][debug][safepoint     ] Safepoint synchronization initiated. (174 threads)
[2023-10-30T20:42:17.361+0000][4301.717s][info ][safepoint     ] Application time: 7.0027294 seconds
[2023-10-30T20:42:17.362+0000][4301.718s][info ][safepoint     ] Entering safepoint region: Cleanup
[2023-10-30T20:42:17.364+0000][4301.719s][info ][safepoint     ] Leaving safepoint region
[2023-10-30T20:42:17.364+0000][4301.720s][info ][safepoint     ] Total time for which application threads were stopped: 0.0021141 seconds, Stopping threads took: 0.0008917 seconds
[2023-10-30T20:42:51.374+0000][4335.729s][debug][safepoint     ] Safepoint synchronization initiated. (174 threads)
[2023-10-30T20:42:51.375+0000][4335.730s][info ][safepoint     ] Application time: 34.0101852 seconds
[2023-10-30T20:42:51.376+0000][4335.731s][info ][safepoint     ] Entering safepoint region: Cleanup
[2023-10-30T20:42:51.377+0000][4335.732s][info ][safepoint     ] Leaving safepoint region
[2023-10-30T20:42:51.378+0000][4335.733s][info ][safepoint     ] Total time for which application threads were stopped: 0.0018286 seconds, Stopping threads took: 0.0008583 seconds
[2023-10-30T20:43:01.380+0000][4345.736s][debug][safepoint     ] Safepoint synchronization initiated. (174 threads)
[2023-10-30T20:43:01.381+0000][4345.736s][info ][safepoint     ] Application time: 10.0026178 seconds
[2023-10-30T20:43:01.381+0000][4345.737s][info ][safepoint     ] Entering safepoint region: Cleanup
[2023-10-30T20:43:01.382+0000][4345.738s][info ][safepoint     ] Leaving safepoint region
[2023-10-30T20:43:01.382+0000][4345.738s][info ][safepoint     ] Total time for which application threads were stopped: 0.0012647 seconds, Stopping threads took: 0.0004662 seconds
[2023-10-30T20:43:30.290+0000][4374.646s][debug][safepoint     ] Safepoint synchronization initiated. (174 threads)
[2023-10-30T20:43:30.290+0000][4374.646s][info ][safepoint     ] Application time: 28.9076943 seconds
[2023-10-30T20:43:30.291+0000][4374.647s][info ][safepoint     ] Entering safepoint region: G1CollectForAllocation
[2023-10-30T20:43:30.291+0000][4374.647s][info ][gc,start      ] GC(86) Pause Young (Normal) (G1 Evacuation Pause)
[2023-10-30T20:43:30.291+0000][4374.648s][info ][gc,task       ] GC(86) Using 8 workers of 8 for evacuation
[2023-10-30T20:43:30.301+0000][4374.657s][info ][gc,phases     ] GC(86)   Pre Evacuate Collection Set: 0.1ms
[2023-10-30T20:43:30.301+0000][4374.658s][info ][gc,phases     ] GC(86)   Evacuate Collection Set: 5.5ms
[2023-10-30T20:43:30.302+0000][4374.658s][info ][gc,phases     ] GC(86)   Post Evacuate Collection Set: 3.4ms
[2023-10-30T20:43:30.302+0000][4374.658s][info ][gc,phases     ] GC(86)   Other: 0.9ms
[2023-10-30T20:43:30.303+0000][4374.659s][info ][gc,heap       ] GC(86) Eden regions: 163->0(161)
[2023-10-30T20:43:30.303+0000][4374.659s][info ][gc,heap       ] GC(86) Survivor regions: 10->11(22)
[2023-10-30T20:43:30.303+0000][4374.659s][info ][gc,heap       ] GC(86) Old regions: 151->151
[2023-10-30T20:43:30.303+0000][4374.659s][info ][gc,heap       ] GC(86) Humongous regions: 0->0
[2023-10-30T20:43:30.304+0000][4374.660s][info ][gc,metaspace  ] GC(86) Metaspace: 167598K(173268K)->167598K(173268K) NonClass: 148209K(151688K)->148209K(151688K) Class: 19388K(21580K)->19388K(21580K)
[2023-10-30T20:43:30.304+0000][4374.660s][info ][gc            ] GC(86) Pause Young (Normal) (G1 Evacuation Pause) 322M->159M(372M) 12.907ms
[2023-10-30T20:43:30.304+0000][4374.661s][info ][gc,cpu        ] GC(86) User=0.06s Sys=0.00s Real=0.01s
[2023-10-30T20:43:30.305+0000][4374.661s][info ][safepoint     ] Leaving safepoint region
[2023-10-30T20:43:30.305+0000][4374.661s][info ][safepoint     ] Total time for which application threads were stopped: 0.0147608 seconds, Stopping threads took: 0.0003527 seconds
[2023-10-30T20:43:30.306+0000][4374.662s][info ][gc,stringdedup] Concurrent String Deduplication (4374.662s)
[2023-10-30T20:43:30.306+0000][4374.662s][info ][gc,stringdedup] Concurrent String Deduplication 24.0B->0.0B(24.0B) avg 54.4% (4374.662s, 4374.662s) 0.387ms
[2023-10-30T20:43:31.306+0000][4375.662s][debug][safepoint     ] Safepoint synchronization initiated. (174 threads)
[2023-10-30T20:43:31.306+0000][4375.663s][info ][safepoint     ] Application time: 1.0008029 seconds
[2023-10-30T20:43:31.307+0000][4375.663s][info ][safepoint     ] Entering safepoint region: Cleanup
[2023-10-30T20:43:31.307+0000][4375.663s][info ][safepoint     ] Leaving safepoint region
[2023-10-30T20:43:31.307+0000][4375.664s][info ][safepoint     ] Total time for which application threads were stopped: 0.0007174 seconds, Stopping threads took: 0.0002810 seconds
[2023-10-30T20:43:57.313+0000][4401.669s][debug][safepoint     ] Safepoint synchronization initiated. (174 threads)
[2023-10-30T20:43:57.313+0000][4401.669s][info ][safepoint     ] Application time: 26.0055824 seconds
[2023-10-30T20:43:57.313+0000][4401.670s][info ][safepoint     ] Entering safepoint region: Cleanup
[2023-10-30T20:43:57.314+0000][4401.670s][info ][safepoint     ] Leaving safepoint region
[2023-10-30T20:43:57.314+0000][4401.671s][info ][safepoint     ] Total time for which application threads were stopped: 0.0010161 seconds, Stopping threads took: 0.0003803 seconds
[2023-10-30T20:44:10.317+0000][4414.674s][debug][safepoint     ] Safepoint synchronization initiated. (174 threads)
[2023-10-30T20:44:10.318+0000][4414.674s][info ][safepoint     ] Application time: 13.0031802 seconds
[2023-10-30T20:44:10.318+0000][4414.675s][info ][safepoint     ] Entering safepoint region: Cleanup
[2023-10-30T20:44:10.319+0000][4414.676s][info ][safepoint     ] Leaving safepoint region
[2023-10-30T20:44:10.320+0000][4414.676s][info ][safepoint     ] Total time for which application threads were stopped: 0.0012166 seconds, Stopping threads took: 0.0005111 seconds
[2023-10-30T20:44:17.322+0000][4421.678s][debug][safepoint     ] Safepoint synchronization initiated. (174 threads)
[2023-10-30T20:44:17.322+0000][4421.679s][info ][safepoint     ] Application time: 7.0021760 seconds
[2023-10-30T20:44:17.323+0000][4421.679s][info ][safepoint     ] Entering safepoint region: Cleanup
[2023-10-30T20:44:17.324+0000][4421.680s][info ][safepoint     ] Leaving safepoint region
[2023-10-30T20:44:17.324+0000][4421.680s][info ][safepoint     ] Total time for which application threads were stopped: 0.0012885 seconds, Stopping threads took: 0.0005584 seconds
[2023-10-30T20:44:27.327+0000][4431.683s][debug][safepoint     ] Safepoint synchronization initiated. (174 threads)
[2023-10-30T20:44:27.327+0000][4431.684s][info ][safepoint     ] Application time: 10.0029412 seconds
[2023-10-30T20:44:27.328+0000][4431.685s][info ][safepoint     ] Entering safepoint region: Cleanup
[2023-10-30T20:44:27.328+0000][4431.685s][info ][safepoint     ] Leaving safepoint region
[2023-10-30T20:44:27.329+0000][4431.686s][info ][safepoint     ] Total time for which application threads were stopped: 0.0011618 seconds, Stopping threads took: 0.0004790 seconds
[2023-10-30T20:45:10.337+0000][4474.694s][debug][safepoint     ] Safepoint synchronization initiated. (175 threads)
[2023-10-30T20:45:10.338+0000][4474.695s][info ][safepoint     ] Application time: 43.0088855 seconds
[2023-10-30T20:45:10.339+0000][4474.696s][info ][safepoint     ] Entering safepoint region: Cleanup
[2023-10-30T20:45:10.340+0000][4474.697s][info ][safepoint     ] Leaving safepoint region
[2023-10-30T20:45:10.340+0000][4474.697s][info ][safepoint     ] Total time for which application threads were stopped: 0.0017677 seconds, Stopping threads took: 0.0008151 seconds
[2023-10-30T20:45:54.349+0000][4518.707s][debug][safepoint     ] Safepoint synchronization initiated. (175 threads)
[2023-10-30T20:45:54.350+0000][4518.708s][info ][safepoint     ] Application time: 44.0097419 seconds
[2023-10-30T20:45:54.351+0000][4518.709s][info ][safepoint     ] Entering safepoint region: Cleanup
[2023-10-30T20:45:54.352+0000][4518.710s][info ][safepoint     ] Leaving safepoint region
[2023-10-30T20:45:54.352+0000][4518.710s][info ][safepoint     ] Total time for which application threads were stopped: 0.0014971 seconds, Stopping threads took: 0.0008814 seconds
[2023-10-30T20:46:10.356+0000][4534.713s][debug][safepoint     ] Safepoint synchronization initiated. (174 threads)
[2023-10-30T20:46:10.356+0000][4534.714s][info ][safepoint     ] Application time: 16.0035878 seconds
[2023-10-30T20:46:10.357+0000][4534.714s][info ][safepoint     ] Entering safepoint region: Cleanup
[2023-10-30T20:46:10.358+0000][4534.715s][info ][safepoint     ] Leaving safepoint region
[2023-10-30T20:46:10.358+0000][4534.715s][info ][safepoint     ] Total time for which application threads were stopped: 0.0009514 seconds, Stopping threads took: 0.0004478 seconds
[2023-10-30T20:46:17.360+0000][4541.717s][debug][safepoint     ] Safepoint synchronization initiated. (174 threads)
[2023-10-30T20:46:17.361+0000][4541.718s][info ][safepoint     ] Application time: 7.0024792 seconds
[2023-10-30T20:46:17.362+0000][4541.719s][info ][safepoint     ] Entering safepoint region: Cleanup
[2023-10-30T20:46:17.363+0000][4541.720s][info ][safepoint     ] Leaving safepoint region
[2023-10-30T20:46:17.363+0000][4541.721s][info ][safepoint     ] Total time for which application threads were stopped: 0.0018544 seconds, Stopping threads took: 0.0007574 seconds
[2023-10-30T20:46:31.368+0000][4555.725s][debug][safepoint     ] Safepoint synchronization initiated. (174 threads)
[2023-10-30T20:46:31.369+0000][4555.727s][info ][safepoint     ] Application time: 14.0050797 seconds
[2023-10-30T20:46:31.370+0000][4555.728s][info ][safepoint     ] Entering safepoint region: Cleanup
[2023-10-30T20:46:31.372+0000][4555.730s][info ][safepoint     ] Leaving safepoint region
[2023-10-30T20:46:31.373+0000][4555.730s][info ][safepoint     ] Total time for which application threads were stopped: 0.0023862 seconds, Stopping threads took: 0.0011942 seconds
[2023-10-30T20:46:32.030+0000][4556.388s][debug][safepoint     ] Safepoint synchronization initiated. (174 threads)
[2023-10-30T20:46:32.031+0000][4556.389s][info ][safepoint     ] Application time: 0.6580533 seconds
[2023-10-30T20:46:32.032+0000][4556.390s][info ][safepoint     ] Entering safepoint region: G1CollectForAllocation
[2023-10-30T20:46:32.033+0000][4556.390s][info ][gc,start      ] GC(87) Pause Young (Normal) (G1 Evacuation Pause)
[2023-10-30T20:46:32.033+0000][4556.391s][info ][gc,task       ] GC(87) Using 8 workers of 8 for evacuation
[2023-10-30T20:46:32.047+0000][4556.405s][info ][gc,phases     ] GC(87)   Pre Evacuate Collection Set: 0.0ms
[2023-10-30T20:46:32.048+0000][4556.405s][info ][gc,phases     ] GC(87)   Evacuate Collection Set: 9.6ms
[2023-10-30T20:46:32.048+0000][4556.406s][info ][gc,phases     ] GC(87)   Post Evacuate Collection Set: 3.4ms
[2023-10-30T20:46:32.049+0000][4556.407s][info ][gc,phases     ] GC(87)   Other: 1.3ms
[2023-10-30T20:46:32.050+0000][4556.408s][info ][gc,heap       ] GC(87) Eden regions: 161->0(161)
[2023-10-30T20:46:32.051+0000][4556.408s][info ][gc,heap       ] GC(87) Survivor regions: 11->11(22)
[2023-10-30T20:46:32.051+0000][4556.409s][info ][gc,heap       ] GC(87) Old regions: 151->151
[2023-10-30T20:46:32.052+0000][4556.409s][info ][gc,heap       ] GC(87) Humongous regions: 0->0
[2023-10-30T20:46:32.052+0000][4556.410s][info ][gc,metaspace  ] GC(87) Metaspace: 167614K(173268K)->167614K(173268K) NonClass: 148226K(151688K)->148226K(151688K) Class: 19388K(21580K)->19388K(21580K)
[2023-10-30T20:46:32.053+0000][4556.411s][info ][gc            ] GC(87) Pause Young (Normal) (G1 Evacuation Pause) 320M->159M(372M) 20.031ms
[2023-10-30T20:46:32.053+0000][4556.411s][info ][gc,cpu        ] GC(87) User=0.08s Sys=0.01s Real=0.03s
[2023-10-30T20:46:32.054+0000][4556.412s][info ][safepoint     ] Leaving safepoint region
[2023-10-30T20:46:32.054+0000][4556.412s][info ][safepoint     ] Total time for which application threads were stopped: 0.0224879 seconds, Stopping threads took: 0.0004790 seconds
[2023-10-30T20:46:32.055+0000][4556.413s][info ][gc,stringdedup] Concurrent String Deduplication (4556.413s)
[2023-10-30T20:46:32.055+0000][4556.413s][info ][gc,stringdedup] Concurrent String Deduplication 0.0B->0.0B(0.0B) avg 54.4% (4556.413s, 4556.413s) 0.396ms
[2023-10-30T20:47:10.062+0000][4594.420s][debug][safepoint     ] Safepoint synchronization initiated. (174 threads)
[2023-10-30T20:47:10.063+0000][4594.421s][info ][safepoint     ] Application time: 38.0082623 seconds
[2023-10-30T20:47:10.064+0000][4594.422s][info ][safepoint     ] Entering safepoint region: Cleanup
[2023-10-30T20:47:10.065+0000][4594.423s][info ][safepoint     ] Leaving safepoint region
[2023-10-30T20:47:10.065+0000][4594.423s][info ][safepoint     ] Total time for which application threads were stopped: 0.0014340 seconds, Stopping threads took: 0.0009693 seconds
[2023-10-30T20:47:13.066+0000][4597.424s][debug][safepoint     ] Safepoint synchronization initiated. (174 threads)
[2023-10-30T20:47:13.066+0000][4597.424s][info ][safepoint     ] Application time: 3.0011450 seconds
[2023-10-30T20:47:13.067+0000][4597.425s][info ][safepoint     ] Entering safepoint region: Cleanup
[2023-10-30T20:47:13.068+0000][4597.426s][info ][safepoint     ] Leaving safepoint region
[2023-10-30T20:47:13.068+0000][4597.426s][info ][safepoint     ] Total time for which application threads were stopped: 0.0014060 seconds, Stopping threads took: 0.0006419 seconds
[2023-10-30T20:47:17.069+0000][4601.427s][debug][safepoint     ] Safepoint synchronization initiated. (174 threads)
[2023-10-30T20:47:17.070+0000][4601.428s][info ][safepoint     ] Application time: 4.0014047 seconds
[2023-10-30T20:47:17.071+0000][4601.429s][info ][safepoint     ] Entering safepoint region: Cleanup
[2023-10-30T20:47:17.072+0000][4601.430s][info ][safepoint     ] Leaving safepoint region
[2023-10-30T20:47:17.072+0000][4601.430s][info ][safepoint     ] Total time for which application threads were stopped: 0.0013682 seconds, Stopping threads took: 0.0006117 seconds
[2023-10-30T20:47:21.074+0000][4605.432s][debug][safepoint     ] Safepoint synchronization initiated. (174 threads)
[2023-10-30T20:47:21.074+0000][4605.432s][info ][safepoint     ] Application time: 4.0015489 seconds
[2023-10-30T20:47:21.075+0000][4605.433s][info ][safepoint     ] Entering safepoint region: Cleanup
[2023-10-30T20:47:21.076+0000][4605.434s][info ][safepoint     ] Leaving safepoint region
[2023-10-30T20:47:21.076+0000][4605.434s][info ][safepoint     ] Total time for which application threads were stopped: 0.0011478 seconds, Stopping threads took: 0.0004963 seconds
[2023-10-30T20:48:10.085+0000][4654.444s][debug][safepoint     ] Safepoint synchronization initiated. (174 threads)
[2023-10-30T20:48:10.087+0000][4654.446s][info ][safepoint     ] Application time: 49.0109328 seconds
[2023-10-30T20:48:10.088+0000][4654.447s][info ][safepoint     ] Entering safepoint region: Cleanup
[2023-10-30T20:48:10.089+0000][4654.448s][info ][safepoint     ] Leaving safepoint region
[2023-10-30T20:48:10.090+0000][4654.448s][info ][safepoint     ] Total time for which application threads were stopped: 0.0015444 seconds, Stopping threads took: 0.0007154 seconds
[2023-10-30T20:48:31.094+0000][4675.453s][debug][safepoint     ] Safepoint synchronization initiated. (176 threads)
[2023-10-30T20:48:31.095+0000][4675.453s][info ][safepoint     ] Application time: 21.0046213 seconds
[2023-10-30T20:48:31.095+0000][4675.454s][info ][safepoint     ] Entering safepoint region: Cleanup
[2023-10-30T20:48:31.097+0000][4675.455s][info ][safepoint     ] Leaving safepoint region
[2023-10-30T20:48:31.097+0000][4675.456s][info ][safepoint     ] Total time for which application threads were stopped: 0.0020035 seconds, Stopping threads took: 0.0010874 seconds
[2023-10-30T20:48:32.098+0000][4676.456s][debug][safepoint     ] Safepoint synchronization initiated. (176 threads)
[2023-10-30T20:48:32.098+0000][4676.457s][info ][safepoint     ] Application time: 1.0007791 seconds
[2023-10-30T20:48:32.099+0000][4676.457s][info ][safepoint     ] Entering safepoint region: Cleanup
[2023-10-30T20:48:32.099+0000][4676.458s][info ][safepoint     ] Leaving safepoint region
[2023-10-30T20:48:32.100+0000][4676.458s][info ][safepoint     ] Total time for which application threads were stopped: 0.0010209 seconds, Stopping threads took: 0.0003947 seconds
[2023-10-30T20:48:43.103+0000][4687.461s][debug][safepoint     ] Safepoint synchronization initiated. (174 threads)
[2023-10-30T20:48:43.103+0000][4687.462s][info ][safepoint     ] Application time: 11.0029954 seconds
[2023-10-30T20:48:43.104+0000][4687.462s][info ][safepoint     ] Entering safepoint region: Cleanup
[2023-10-30T20:48:43.104+0000][4687.463s][info ][safepoint     ] Leaving safepoint region
[2023-10-30T20:48:43.105+0000][4687.463s][info ][safepoint     ] Total time for which application threads were stopped: 0.0012405 seconds, Stopping threads took: 0.0005736 seconds
[2023-10-30T20:48:44.105+0000][4688.464s][debug][safepoint     ] Safepoint synchronization initiated. (174 threads)
[2023-10-30T20:48:44.106+0000][4688.464s][info ][safepoint     ] Application time: 1.0005951 seconds
[2023-10-30T20:48:44.106+0000][4688.465s][info ][safepoint     ] Entering safepoint region: Cleanup
[2023-10-30T20:48:44.107+0000][4688.465s][info ][safepoint     ] Leaving safepoint region
[2023-10-30T20:48:44.107+0000][4688.466s][info ][safepoint     ] Total time for which application threads were stopped: 0.0008319 seconds, Stopping threads took: 0.0003675 seconds
[2023-10-30T20:48:46.107+0000][4690.466s][debug][safepoint     ] Safepoint synchronization initiated. (174 threads)
[2023-10-30T20:48:46.108+0000][4690.467s][info ][safepoint     ] Application time: 2.0007475 seconds
[2023-10-30T20:48:46.108+0000][4690.467s][info ][safepoint     ] Entering safepoint region: Cleanup
[2023-10-30T20:48:46.109+0000][4690.467s][info ][safepoint     ] Leaving safepoint region
[2023-10-30T20:48:46.109+0000][4690.468s][info ][safepoint     ] Total time for which application threads were stopped: 0.0008348 seconds, Stopping threads took: 0.0003377 seconds
[2023-10-30T20:48:47.109+0000][4691.468s][debug][safepoint     ] Safepoint synchronization initiated. (174 threads)
[2023-10-30T20:48:47.110+0000][4691.469s][info ][safepoint     ] Application time: 1.0008353 seconds
[2023-10-30T20:48:47.111+0000][4691.469s][info ][safepoint     ] Entering safepoint region: Cleanup
[2023-10-30T20:48:47.111+0000][4691.470s][info ][safepoint     ] Leaving safepoint region
[2023-10-30T20:48:47.112+0000][4691.471s][info ][safepoint     ] Total time for which application threads were stopped: 0.0012214 seconds, Stopping threads took: 0.0005074 seconds
[2023-10-30T20:49:28.002+0000][4732.361s][debug][safepoint     ] Safepoint synchronization initiated. (174 threads)
[2023-10-30T20:49:28.002+0000][4732.361s][info ][safepoint     ] Application time: 40.8901807 seconds
[2023-10-30T20:49:28.003+0000][4732.362s][info ][safepoint     ] Entering safepoint region: G1CollectForAllocation
[2023-10-30T20:49:28.004+0000][4732.363s][info ][gc,start      ] GC(88) Pause Young (Normal) (G1 Evacuation Pause)
[2023-10-30T20:49:28.004+0000][4732.363s][info ][gc,task       ] GC(88) Using 8 workers of 8 for evacuation
[2023-10-30T20:49:28.018+0000][4732.377s][info ][gc,phases     ] GC(88)   Pre Evacuate Collection Set: 0.1ms
[2023-10-30T20:49:28.019+0000][4732.378s][info ][gc,phases     ] GC(88)   Evacuate Collection Set: 9.2ms
[2023-10-30T20:49:28.019+0000][4732.378s][info ][gc,phases     ] GC(88)   Post Evacuate Collection Set: 4.2ms
[2023-10-30T20:49:28.020+0000][4732.379s][info ][gc,phases     ] GC(88)   Other: 1.1ms
[2023-10-30T20:49:28.020+0000][4732.379s][info ][gc,heap       ] GC(88) Eden regions: 161->0(162)
[2023-10-30T20:49:28.021+0000][4732.380s][info ][gc,heap       ] GC(88) Survivor regions: 11->10(22)
[2023-10-30T20:49:28.021+0000][4732.380s][info ][gc,heap       ] GC(88) Old regions: 151->152
[2023-10-30T20:49:28.022+0000][4732.381s][info ][gc,heap       ] GC(88) Humongous regions: 0->0
[2023-10-30T20:49:28.022+0000][4732.381s][info ][gc,metaspace  ] GC(88) Metaspace: 167734K(173524K)->167734K(173524K) NonClass: 148343K(151944K)->148343K(151944K) Class: 19391K(21580K)->19391K(21580K)
[2023-10-30T20:49:28.022+0000][4732.381s][info ][gc            ] GC(88) Pause Young (Normal) (G1 Evacuation Pause) 320M->159M(372M) 18.893ms
[2023-10-30T20:49:28.023+0000][4732.382s][info ][gc,cpu        ] GC(88) User=0.09s Sys=0.00s Real=0.02s
[2023-10-30T20:49:28.024+0000][4732.383s][info ][safepoint     ] Leaving safepoint region
[2023-10-30T20:49:28.024+0000][4732.383s][info ][safepoint     ] Total time for which application threads were stopped: 0.0212079 seconds, Stopping threads took: 0.0005177 seconds
[2023-10-30T20:49:28.025+0000][4732.384s][info ][gc,stringdedup] Concurrent String Deduplication (4732.384s)
[2023-10-30T20:49:28.025+0000][4732.384s][info ][gc,stringdedup] Concurrent String Deduplication 0.0B->0.0B(0.0B) avg 54.4% (4732.384s, 4732.384s) 0.363ms
[2023-10-30T20:50:01.030+0000][4765.390s][debug][safepoint     ] Safepoint synchronization initiated. (174 threads)
[2023-10-30T20:50:01.031+0000][4765.390s][info ][safepoint     ] Application time: 33.0066416 seconds
[2023-10-30T20:50:01.032+0000][4765.391s][info ][safepoint     ] Entering safepoint region: Cleanup
[2023-10-30T20:50:01.032+0000][4765.391s][info ][safepoint     ] Leaving safepoint region
[2023-10-30T20:50:01.033+0000][4765.392s][info ][safepoint     ] Total time for which application threads were stopped: 0.0011005 seconds, Stopping threads took: 0.0004797 seconds
[2023-10-30T20:50:10.035+0000][4774.394s][debug][safepoint     ] Safepoint synchronization initiated. (175 threads)
[2023-10-30T20:50:10.036+0000][4774.395s][info ][safepoint     ] Application time: 9.0029991 seconds
[2023-10-30T20:50:10.037+0000][4774.396s][info ][safepoint     ] Entering safepoint region: Cleanup
[2023-10-30T20:50:10.038+0000][4774.397s][info ][safepoint     ] Leaving safepoint region
[2023-10-30T20:50:10.038+0000][4774.397s][info ][safepoint     ] Total time for which application threads were stopped: 0.0012772 seconds, Stopping threads took: 0.0006296 seconds
[2023-10-30T20:50:17.040+0000][4781.399s][debug][safepoint     ] Safepoint synchronization initiated. (175 threads)
[2023-10-30T20:50:17.041+0000][4781.400s][info ][safepoint     ] Application time: 7.0024836 seconds
[2023-10-30T20:50:17.042+0000][4781.401s][info ][safepoint     ] Entering safepoint region: Cleanup
[2023-10-30T20:50:17.043+0000][4781.402s][info ][safepoint     ] Leaving safepoint region
[2023-10-30T20:50:17.044+0000][4781.403s][info ][safepoint     ] Total time for which application threads were stopped: 0.0022399 seconds, Stopping threads took: 0.0009881 seconds
[2023-10-30T20:50:41.050+0000][4805.409s][debug][safepoint     ] Safepoint synchronization initiated. (175 threads)
[2023-10-30T20:50:41.050+0000][4805.410s][info ][safepoint     ] Application time: 24.0057878 seconds
[2023-10-30T20:50:41.051+0000][4805.410s][debug][safepoint     ] ... found polling page return exception at pc = 0x00007f3160cd8ade, stub =0x00007f3158840600
[2023-10-30T20:50:41.051+0000][4805.411s][debug][safepoint     ] Waiting for 1 thread(s) to block
[2023-10-30T20:50:41.051+0000][4805.411s][info ][safepoint     ] Entering safepoint region: Cleanup
[2023-10-30T20:50:41.052+0000][4805.412s][info ][safepoint     ] Leaving safepoint region
[2023-10-30T20:50:41.052+0000][4805.412s][info ][safepoint     ] Total time for which application threads were stopped: 0.0014349 seconds, Stopping threads took: 0.0009833 seconds
[2023-10-30T20:51:01.057+0000][4825.417s][debug][safepoint     ] Safepoint synchronization initiated. (175 threads)
[2023-10-30T20:51:01.058+0000][4825.417s][info ][safepoint     ] Application time: 20.0051547 seconds
[2023-10-30T20:51:01.058+0000][4825.418s][info ][safepoint     ] Entering safepoint region: Cleanup
[2023-10-30T20:51:01.059+0000][4825.418s][info ][safepoint     ] Leaving safepoint region
[2023-10-30T20:51:01.059+0000][4825.419s][info ][safepoint     ] Total time for which application threads were stopped: 0.0011262 seconds, Stopping threads took: 0.0004768 seconds
[2023-10-30T20:51:04.060+0000][4828.420s][debug][safepoint     ] Safepoint synchronization initiated. (175 threads)
[2023-10-30T20:51:04.062+0000][4828.421s][info ][safepoint     ] Application time: 3.0021858 seconds
[2023-10-30T20:51:04.063+0000][4828.422s][info ][safepoint     ] Entering safepoint region: Cleanup
[2023-10-30T20:51:04.065+0000][4828.424s][info ][safepoint     ] Leaving safepoint region
[2023-10-30T20:51:04.065+0000][4828.425s][info ][safepoint     ] Total time for which application threads were stopped: 0.0021029 seconds, Stopping threads took: 0.0011081 seconds
[2023-10-30T20:51:10.067+0000][4834.427s][debug][safepoint     ] Safepoint synchronization initiated. (175 threads)
[2023-10-30T20:51:10.068+0000][4834.427s][info ][safepoint     ] Application time: 6.0017831 seconds
[2023-10-30T20:51:10.068+0000][4834.428s][info ][safepoint     ] Entering safepoint region: Cleanup
[2023-10-30T20:51:10.069+0000][4834.428s][info ][safepoint     ] Leaving safepoint region
[2023-10-30T20:51:10.069+0000][4834.428s][info ][safepoint     ] Total time for which application threads were stopped: 0.0007435 seconds, Stopping threads took: 0.0002976 seconds
[2023-10-30T20:51:17.070+0000][4841.430s][debug][safepoint     ] Safepoint synchronization initiated. (175 threads)
[2023-10-30T20:51:17.071+0000][4841.430s][info ][safepoint     ] Application time: 7.0017197 seconds
[2023-10-30T20:51:17.071+0000][4841.431s][info ][safepoint     ] Entering safepoint region: Cleanup
[2023-10-30T20:51:17.072+0000][4841.431s][info ][safepoint     ] Leaving safepoint region
[2023-10-30T20:51:17.072+0000][4841.431s][info ][safepoint     ] Total time for which application threads were stopped: 0.0007668 seconds, Stopping threads took: 0.0003170 seconds
[2023-10-30T20:51:21.073+0000][4845.432s][debug][safepoint     ] Safepoint synchronization initiated. (175 threads)
[2023-10-30T20:51:21.073+0000][4845.433s][info ][safepoint     ] Application time: 4.0011621 seconds
[2023-10-30T20:51:21.074+0000][4845.433s][info ][safepoint     ] Entering safepoint region: Cleanup
[2023-10-30T20:51:21.075+0000][4845.434s][info ][safepoint     ] Leaving safepoint region
[2023-10-30T20:51:21.075+0000][4845.434s][info ][safepoint     ] Total time for which application threads were stopped: 0.0011005 seconds, Stopping threads took: 0.0004289 seconds
[2023-10-30T20:51:41.080+0000][4865.439s][debug][safepoint     ] Safepoint synchronization initiated. (175 threads)
[2023-10-30T20:51:41.080+0000][4865.440s][info ][safepoint     ] Application time: 20.0050919 seconds
[2023-10-30T20:51:41.081+0000][4865.441s][info ][safepoint     ] Entering safepoint region: Cleanup
[2023-10-30T20:51:41.082+0000][4865.442s][info ][safepoint     ] Leaving safepoint region
[2023-10-30T20:51:41.083+0000][4865.443s][info ][safepoint     ] Total time for which application threads were stopped: 0.0019131 seconds, Stopping threads took: 0.0009196 seconds
[2023-10-30T20:51:48.085+0000][4872.444s][debug][safepoint     ] Safepoint synchronization initiated. (175 threads)
[2023-10-30T20:51:48.086+0000][4872.445s][info ][safepoint     ] Application time: 7.0021331 seconds
[2023-10-30T20:51:48.087+0000][4872.446s][info ][safepoint     ] Entering safepoint region: Cleanup
[2023-10-30T20:51:48.088+0000][4872.447s][info ][safepoint     ] Leaving safepoint region
[2023-10-30T20:51:48.088+0000][4872.448s][info ][safepoint     ] Total time for which application threads were stopped: 0.0017762 seconds, Stopping threads took: 0.0007820 seconds
[2023-10-30T20:51:49.089+0000][4873.449s][debug][safepoint     ] Safepoint synchronization initiated. (175 threads)
[2023-10-30T20:51:49.090+0000][4873.449s][info ][safepoint     ] Application time: 1.0009042 seconds
[2023-10-30T20:51:49.091+0000][4873.450s][info ][safepoint     ] Entering safepoint region: Cleanup
[2023-10-30T20:51:49.091+0000][4873.451s][info ][safepoint     ] Leaving safepoint region
[2023-10-30T20:51:49.092+0000][4873.452s][info ][safepoint     ] Total time for which application threads were stopped: 0.0014533 seconds, Stopping threads took: 0.0007084 seconds
[2023-10-30T20:51:51.093+0000][4875.453s][debug][safepoint     ] Safepoint synchronization initiated. (175 threads)
[2023-10-30T20:51:51.094+0000][4875.453s][info ][safepoint     ] Application time: 2.0012453 seconds
[2023-10-30T20:51:51.095+0000][4875.454s][info ][safepoint     ] Entering safepoint region: Cleanup
[2023-10-30T20:51:51.096+0000][4875.455s][info ][safepoint     ] Leaving safepoint region
[2023-10-30T20:51:51.096+0000][4875.456s][info ][safepoint     ] Total time for which application threads were stopped: 0.0018057 seconds, Stopping threads took: 0.0007375 seconds
[2023-10-30T20:51:57.098+0000][4881.458s][debug][safepoint     ] Safepoint synchronization initiated. (175 threads)
[2023-10-30T20:51:57.099+0000][4881.459s][info ][safepoint     ] Application time: 6.0019520 seconds
[2023-10-30T20:51:57.100+0000][4881.459s][info ][safepoint     ] Entering safepoint region: Cleanup
[2023-10-30T20:51:57.100+0000][4881.460s][info ][safepoint     ] Leaving safepoint region
[2023-10-30T20:51:57.101+0000][4881.460s][info ][safepoint     ] Total time for which application threads were stopped: 0.0013050 seconds, Stopping threads took: 0.0005944 seconds
[2023-10-30T20:52:11.104+0000][4895.464s][debug][safepoint     ] Safepoint synchronization initiated. (174 threads)
[2023-10-30T20:52:11.105+0000][4895.464s][info ][safepoint     ] Application time: 14.0032528 seconds
[2023-10-30T20:52:11.105+0000][4895.465s][info ][safepoint     ] Entering safepoint region: Cleanup
[2023-10-30T20:52:11.106+0000][4895.465s][info ][safepoint     ] Leaving safepoint region
[2023-10-30T20:52:11.106+0000][4895.466s][info ][safepoint     ] Total time for which application threads were stopped: 0.0009789 seconds, Stopping threads took: 0.0003799 seconds
[2023-10-30T20:52:30.754+0000][4915.114s][debug][safepoint     ] Safepoint synchronization initiated. (174 threads)
[2023-10-30T20:52:30.755+0000][4915.115s][info ][safepoint     ] Application time: 19.6487703 seconds
[2023-10-30T20:52:30.756+0000][4915.116s][info ][safepoint     ] Entering safepoint region: G1CollectForAllocation
[2023-10-30T20:52:30.757+0000][4915.117s][info ][gc,start      ] GC(89) Pause Young (Normal) (G1 Evacuation Pause)
[2023-10-30T20:52:30.758+0000][4915.118s][info ][gc,task       ] GC(89) Using 8 workers of 8 for evacuation
[2023-10-30T20:52:30.767+0000][4915.127s][info ][gc,phases     ] GC(89)   Pre Evacuate Collection Set: 0.0ms
[2023-10-30T20:52:30.768+0000][4915.127s][info ][gc,phases     ] GC(89)   Evacuate Collection Set: 5.2ms
[2023-10-30T20:52:30.768+0000][4915.128s][info ][gc,phases     ] GC(89)   Post Evacuate Collection Set: 2.7ms
[2023-10-30T20:52:30.769+0000][4915.128s][info ][gc,phases     ] GC(89)   Other: 1.8ms
[2023-10-30T20:52:30.769+0000][4915.129s][info ][gc,heap       ] GC(89) Eden regions: 162->0(162)
[2023-10-30T20:52:30.770+0000][4915.129s][info ][gc,heap       ] GC(89) Survivor regions: 10->9(22)
[2023-10-30T20:52:30.770+0000][4915.130s][info ][gc,heap       ] GC(89) Old regions: 152->154
[2023-10-30T20:52:30.771+0000][4915.130s][info ][gc,heap       ] GC(89) Humongous regions: 0->0
[2023-10-30T20:52:30.771+0000][4915.131s][info ][gc,metaspace  ] GC(89) Metaspace: 167759K(173524K)->167759K(173524K) NonClass: 148368K(151944K)->148368K(151944K) Class: 19391K(21580K)->19391K(21580K)
[2023-10-30T20:52:30.772+0000][4915.131s][info ][gc            ] GC(89) Pause Young (Normal) (G1 Evacuation Pause) 321M->160M(372M) 14.621ms
[2023-10-30T20:52:30.772+0000][4915.132s][info ][gc,cpu        ] GC(89) User=0.05s Sys=0.00s Real=0.02s
[2023-10-30T20:52:30.773+0000][4915.132s][info ][safepoint     ] Leaving safepoint region
[2023-10-30T20:52:30.773+0000][4915.133s][info ][safepoint     ] Total time for which application threads were stopped: 0.0171804 seconds, Stopping threads took: 0.0007172 seconds
[2023-10-30T20:52:30.774+0000][4915.133s][info ][gc,stringdedup] Concurrent String Deduplication (4915.133s)
[2023-10-30T20:52:30.774+0000][4915.134s][info ][gc,stringdedup] Concurrent String Deduplication 256.0B->0.0B(256.0B) avg 54.4% (4915.133s, 4915.134s) 0.410ms
[2023-10-30T20:52:33.774+0000][4918.134s][debug][safepoint     ] Safepoint synchronization initiated. (174 threads)
[2023-10-30T20:52:33.775+0000][4918.134s][info ][safepoint     ] Application time: 3.0011385 seconds
[2023-10-30T20:52:33.775+0000][4918.135s][info ][safepoint     ] Entering safepoint region: Cleanup
[2023-10-30T20:52:33.776+0000][4918.136s][info ][safepoint     ] Leaving safepoint region
[2023-10-30T20:52:33.777+0000][4918.136s][info ][safepoint     ] Total time for which application threads were stopped: 0.0014327 seconds, Stopping threads took: 0.0006772 seconds
[2023-10-30T20:53:05.784+0000][4950.144s][debug][safepoint     ] Safepoint synchronization initiated. (174 threads)
[2023-10-30T20:53:05.785+0000][4950.144s][info ][safepoint     ] Application time: 32.0075106 seconds
[2023-10-30T20:53:05.785+0000][4950.145s][info ][safepoint     ] Entering safepoint region: Cleanup
[2023-10-30T20:53:05.786+0000][4950.146s][info ][safepoint     ] Leaving safepoint region
[2023-10-30T20:53:05.787+0000][4950.146s][info ][safepoint     ] Total time for which application threads were stopped: 0.0014702 seconds, Stopping threads took: 0.0006298 seconds
[2023-10-30T20:53:20.790+0000][4965.150s][debug][safepoint     ] Safepoint synchronization initiated. (174 threads)
[2023-10-30T20:53:20.792+0000][4965.152s][info ][safepoint     ] Application time: 15.0046145 seconds
[2023-10-30T20:53:20.793+0000][4965.152s][info ][safepoint     ] Entering safepoint region: Cleanup
[2023-10-30T20:53:20.794+0000][4965.153s][info ][safepoint     ] Leaving safepoint region
[2023-10-30T20:53:20.794+0000][4965.154s][info ][safepoint     ] Total time for which application threads were stopped: 0.0014899 seconds, Stopping threads took: 0.0007489 seconds
[2023-10-30T20:54:10.805+0000][5015.165s][debug][safepoint     ] Safepoint synchronization initiated. (174 threads)
[2023-10-30T20:54:10.806+0000][5015.166s][info ][safepoint     ] Application time: 50.0119908 seconds
[2023-10-30T20:54:10.807+0000][5015.166s][info ][safepoint     ] Entering safepoint region: Cleanup
[2023-10-30T20:54:10.807+0000][5015.167s][info ][safepoint     ] Leaving safepoint region
[2023-10-30T20:54:10.807+0000][5015.167s][info ][safepoint     ] Total time for which application threads were stopped: 0.0008749 seconds, Stopping threads took: 0.0003818 seconds
[2023-10-30T20:55:20.823+0000][5085.183s][debug][safepoint     ] Safepoint synchronization initiated. (174 threads)
[2023-10-30T20:55:20.824+0000][5085.183s][info ][safepoint     ] Application time: 70.0156724 seconds
[2023-10-30T20:55:20.824+0000][5085.183s][info ][safepoint     ] Entering safepoint region: Cleanup
[2023-10-30T20:55:20.825+0000][5085.184s][info ][safepoint     ] Leaving safepoint region
[2023-10-30T20:55:20.825+0000][5085.184s][info ][safepoint     ] Total time for which application threads were stopped: 0.0010753 seconds, Stopping threads took: 0.0004915 seconds
[2023-10-30T20:55:33.015+0000][5097.374s][debug][safepoint     ] Safepoint synchronization initiated. (174 threads)
[2023-10-30T20:55:33.015+0000][5097.375s][info ][safepoint     ] Application time: 12.1898254 seconds
[2023-10-30T20:55:33.016+0000][5097.376s][info ][safepoint     ] Entering safepoint region: G1CollectForAllocation
[2023-10-30T20:55:33.017+0000][5097.377s][info ][gc,start      ] GC(90) Pause Young (Normal) (G1 Evacuation Pause)
[2023-10-30T20:55:33.018+0000][5097.377s][info ][gc,task       ] GC(90) Using 8 workers of 8 for evacuation
[2023-10-30T20:55:33.027+0000][5097.386s][info ][gc,phases     ] GC(90)   Pre Evacuate Collection Set: 0.1ms
[2023-10-30T20:55:33.028+0000][5097.387s][info ][gc,phases     ] GC(90)   Evacuate Collection Set: 4.7ms
[2023-10-30T20:55:33.028+0000][5097.387s][info ][gc,phases     ] GC(90)   Post Evacuate Collection Set: 3.0ms
[2023-10-30T20:55:33.029+0000][5097.388s][info ][gc,phases     ] GC(90)   Other: 1.6ms
[2023-10-30T20:55:33.029+0000][5097.388s][info ][gc,heap       ] GC(90) Eden regions: 162->0(165)
[2023-10-30T20:55:33.030+0000][5097.389s][info ][gc,heap       ] GC(90) Survivor regions: 9->6(22)
[2023-10-30T20:55:33.030+0000][5097.389s][info ][gc,heap       ] GC(90) Old regions: 154->157
[2023-10-30T20:55:33.031+0000][5097.390s][info ][gc,heap       ] GC(90) Humongous regions: 0->0
[2023-10-30T20:55:33.031+0000][5097.390s][info ][gc,metaspace  ] GC(90) Metaspace: 167798K(173524K)->167798K(173524K) NonClass: 148407K(151944K)->148407K(151944K) Class: 19391K(21580K)->19391K(21580K)
[2023-10-30T20:55:33.032+0000][5097.391s][info ][gc            ] GC(90) Pause Young (Normal) (G1 Evacuation Pause) 322M->160M(372M) 14.149ms
[2023-10-30T20:55:33.032+0000][5097.391s][info ][gc,cpu        ] GC(90) User=0.05s Sys=0.00s Real=0.02s
[2023-10-30T20:55:33.033+0000][5097.392s][info ][safepoint     ] Leaving safepoint region
[2023-10-30T20:55:33.033+0000][5097.392s][info ][safepoint     ] Total time for which application threads were stopped: 0.0168467 seconds, Stopping threads took: 0.0007982 seconds
[2023-10-30T20:55:33.034+0000][5097.393s][info ][gc,stringdedup] Concurrent String Deduplication (5097.393s)
[2023-10-30T20:55:33.034+0000][5097.393s][info ][gc,stringdedup] Concurrent String Deduplication 13248.0B->2264.0B(10984.0B) avg 54.4% (5097.393s, 5097.393s) 0.502ms
[2023-10-30T20:55:57.040+0000][5121.399s][debug][safepoint     ] Safepoint synchronization initiated. (174 threads)
[2023-10-30T20:55:57.040+0000][5121.399s][info ][safepoint     ] Application time: 24.0065735 seconds
[2023-10-30T20:55:57.041+0000][5121.400s][info ][safepoint     ] Entering safepoint region: Cleanup
[2023-10-30T20:55:57.041+0000][5121.400s][info ][safepoint     ] Leaving safepoint region
[2023-10-30T20:55:57.042+0000][5121.401s][info ][safepoint     ] Total time for which application threads were stopped: 0.0009553 seconds, Stopping threads took: 0.0003221 seconds
[2023-10-30T20:56:28.047+0000][5152.406s][debug][safepoint     ] Safepoint synchronization initiated. (174 threads)
[2023-10-30T20:56:28.048+0000][5152.407s][info ][safepoint     ] Application time: 31.0058157 seconds
[2023-10-30T20:56:28.048+0000][5152.407s][info ][safepoint     ] Entering safepoint region: Cleanup
[2023-10-30T20:56:28.049+0000][5152.408s][info ][safepoint     ] Leaving safepoint region
[2023-10-30T20:56:28.049+0000][5152.408s][info ][safepoint     ] Total time for which application threads were stopped: 0.0010898 seconds, Stopping threads took: 0.0004424 seconds
[2023-10-30T20:56:55.056+0000][5179.415s][debug][safepoint     ] Safepoint synchronization initiated. (174 threads)
[2023-10-30T20:56:55.057+0000][5179.416s][info ][safepoint     ] Application time: 27.0068802 seconds
[2023-10-30T20:56:55.057+0000][5179.416s][info ][safepoint     ] Entering safepoint region: Cleanup
[2023-10-30T20:56:55.057+0000][5179.416s][info ][safepoint     ] Leaving safepoint region
[2023-10-30T20:56:55.058+0000][5179.417s][info ][safepoint     ] Total time for which application threads were stopped: 0.0007369 seconds, Stopping threads took: 0.0003041 seconds
[2023-10-30T20:56:56.058+0000][5180.417s][debug][safepoint     ] Safepoint synchronization initiated. (174 threads)
[2023-10-30T20:56:56.059+0000][5180.418s][info ][safepoint     ] Application time: 1.0009080 seconds
[2023-10-30T20:56:56.059+0000][5180.418s][info ][safepoint     ] Entering safepoint region: Cleanup
[2023-10-30T20:56:56.060+0000][5180.419s][info ][safepoint     ] Leaving safepoint region
[2023-10-30T20:56:56.061+0000][5180.420s][info ][safepoint     ] Total time for which application threads were stopped: 0.0014133 seconds, Stopping threads took: 0.0005987 seconds
[2023-10-30T20:57:01.063+0000][5185.422s][debug][safepoint     ] Safepoint synchronization initiated. (174 threads)
[2023-10-30T20:57:01.064+0000][5185.423s][info ][safepoint     ] Application time: 5.0025458 seconds
[2023-10-30T20:57:01.065+0000][5185.424s][info ][safepoint     ] Entering safepoint region: Cleanup
[2023-10-30T20:57:01.066+0000][5185.425s][info ][safepoint     ] Leaving safepoint region
[2023-10-30T20:57:01.067+0000][5185.426s][info ][safepoint     ] Total time for which application threads were stopped: 0.0023321 seconds, Stopping threads took: 0.0010527 seconds
[2023-10-30T20:57:10.070+0000][5194.429s][debug][safepoint     ] Safepoint synchronization initiated. (173 threads)
[2023-10-30T20:57:10.071+0000][5194.430s][info ][safepoint     ] Application time: 9.0030227 seconds
[2023-10-30T20:57:10.072+0000][5194.431s][info ][safepoint     ] Entering safepoint region: Cleanup
[2023-10-30T20:57:10.073+0000][5194.432s][info ][safepoint     ] Leaving safepoint region
[2023-10-30T20:57:10.073+0000][5194.432s][info ][safepoint     ] Total time for which application threads were stopped: 0.0016116 seconds, Stopping threads took: 0.0006927 seconds
[2023-10-30T20:57:17.076+0000][5201.435s][debug][safepoint     ] Safepoint synchronization initiated. (173 threads)
[2023-10-30T20:57:17.077+0000][5201.436s][info ][safepoint     ] Application time: 7.0025628 seconds
[2023-10-30T20:57:17.077+0000][5201.436s][info ][safepoint     ] Entering safepoint region: Cleanup
[2023-10-30T20:57:17.078+0000][5201.437s][info ][safepoint     ] Leaving safepoint region
[2023-10-30T20:57:17.079+0000][5201.438s][info ][safepoint     ] Total time for which application threads were stopped: 0.0016424 seconds, Stopping threads took: 0.0006941 seconds
[2023-10-30T20:57:25.080+0000][5209.440s][debug][safepoint     ] Safepoint synchronization initiated. (173 threads)
[2023-10-30T20:57:25.081+0000][5209.441s][info ][safepoint     ] Application time: 8.0020942 seconds
[2023-10-30T20:57:25.081+0000][5209.441s][info ][safepoint     ] Entering safepoint region: Cleanup
[2023-10-30T20:57:25.082+0000][5209.442s][info ][safepoint     ] Leaving safepoint region
[2023-10-30T20:57:25.082+0000][5209.442s][info ][safepoint     ] Total time for which application threads were stopped: 0.0011983 seconds, Stopping threads took: 0.0005852 seconds
[2023-10-30T20:57:51.087+0000][5235.447s][debug][safepoint     ] Safepoint synchronization initiated. (173 threads)
[2023-10-30T20:57:51.088+0000][5235.448s][info ][safepoint     ] Application time: 26.0052562 seconds
[2023-10-30T20:57:51.088+0000][5235.448s][info ][safepoint     ] Entering safepoint region: Cleanup
[2023-10-30T20:57:51.089+0000][5235.449s][info ][safepoint     ] Leaving safepoint region
[2023-10-30T20:57:51.089+0000][5235.449s][info ][safepoint     ] Total time for which application threads were stopped: 0.0010958 seconds, Stopping threads took: 0.0004590 seconds
[2023-10-30T20:58:39.523+0000][5283.883s][debug][safepoint     ] Safepoint synchronization initiated. (174 threads)
[2023-10-30T20:58:39.524+0000][5283.884s][info ][safepoint     ] Application time: 48.4339625 seconds
[2023-10-30T20:58:39.525+0000][5283.885s][info ][safepoint     ] Entering safepoint region: G1CollectForAllocation
[2023-10-30T20:58:39.526+0000][5283.886s][info ][gc,start      ] GC(91) Pause Young (Normal) (G1 Evacuation Pause)
[2023-10-30T20:58:39.527+0000][5283.887s][info ][gc,task       ] GC(91) Using 8 workers of 8 for evacuation
[2023-10-30T20:58:39.534+0000][5283.894s][info ][gc,phases     ] GC(91)   Pre Evacuate Collection Set: 0.1ms
[2023-10-30T20:58:39.535+0000][5283.895s][info ][gc,phases     ] GC(91)   Evacuate Collection Set: 3.4ms
[2023-10-30T20:58:39.535+0000][5283.895s][info ][gc,phases     ] GC(91)   Post Evacuate Collection Set: 2.7ms
[2023-10-30T20:58:39.536+0000][5283.896s][info ][gc,phases     ] GC(91)   Other: 1.7ms
[2023-10-30T20:58:39.536+0000][5283.896s][info ][gc,heap       ] GC(91) Eden regions: 165->0(166)
[2023-10-30T20:58:39.537+0000][5283.897s][info ][gc,heap       ] GC(91) Survivor regions: 6->3(22)
[2023-10-30T20:58:39.537+0000][5283.898s][info ][gc,heap       ] GC(91) Old regions: 157->160
[2023-10-30T20:58:39.538+0000][5283.898s][info ][gc,heap       ] GC(91) Humongous regions: 0->0
[2023-10-30T20:58:39.538+0000][5283.899s][info ][gc,metaspace  ] GC(91) Metaspace: 167818K(173524K)->167818K(173524K) NonClass: 148427K(151944K)->148427K(151944K) Class: 19391K(21580K)->19391K(21580K)
[2023-10-30T20:58:39.539+0000][5283.899s][info ][gc            ] GC(91) Pause Young (Normal) (G1 Evacuation Pause) 325M->160M(372M) 13.028ms
[2023-10-30T20:58:39.540+0000][5283.900s][info ][gc,cpu        ] GC(91) User=0.04s Sys=0.00s Real=0.01s
[2023-10-30T20:58:39.540+0000][5283.900s][info ][safepoint     ] Leaving safepoint region
[2023-10-30T20:58:39.541+0000][5283.901s][info ][safepoint     ] Total time for which application threads were stopped: 0.0158829 seconds, Stopping threads took: 0.0008097 seconds
[2023-10-30T20:58:39.542+0000][5283.902s][info ][gc,stringdedup] Concurrent String Deduplication (5283.902s)
[2023-10-30T20:58:39.542+0000][5283.902s][info ][gc,stringdedup] Concurrent String Deduplication 0.0B->0.0B(0.0B) avg 54.4% (5283.902s, 5283.902s) 0.448ms
[2023-10-30T20:58:46.543+0000][5290.903s][debug][safepoint     ] Safepoint synchronization initiated. (176 threads)
[2023-10-30T20:58:46.543+0000][5290.903s][info ][safepoint     ] Application time: 7.0016202 seconds
[2023-10-30T20:58:46.543+0000][5290.904s][info ][safepoint     ] Entering safepoint region: Cleanup
[2023-10-30T20:58:46.544+0000][5290.904s][info ][safepoint     ] Leaving safepoint region
[2023-10-30T20:58:46.544+0000][5290.904s][info ][safepoint     ] Total time for which application threads were stopped: 0.0008676 seconds, Stopping threads took: 0.0003354 seconds
[2023-10-30T20:58:51.546+0000][5295.906s][debug][safepoint     ] Safepoint synchronization initiated. (174 threads)
[2023-10-30T20:58:51.546+0000][5295.906s][info ][safepoint     ] Application time: 5.0017492 seconds
[2023-10-30T20:58:51.547+0000][5295.907s][info ][safepoint     ] Entering safepoint region: Cleanup
[2023-10-30T20:58:51.548+0000][5295.908s][info ][safepoint     ] Leaving safepoint region
[2023-10-30T20:58:51.548+0000][5295.908s][info ][safepoint     ] Total time for which application threads were stopped: 0.0013466 seconds, Stopping threads took: 0.0005808 seconds
[2023-10-30T20:59:17.553+0000][5321.913s][debug][safepoint     ] Safepoint synchronization initiated. (176 threads)
[2023-10-30T20:59:17.554+0000][5321.914s][info ][safepoint     ] Application time: 26.0052012 seconds
[2023-10-30T20:59:17.554+0000][5321.915s][info ][safepoint     ] Entering safepoint region: Cleanup
[2023-10-30T20:59:17.555+0000][5321.916s][info ][safepoint     ] Leaving safepoint region
[2023-10-30T20:59:17.556+0000][5321.916s][info ][safepoint     ] Total time for which application threads were stopped: 0.0018042 seconds, Stopping threads took: 0.0009010 seconds
[2023-10-30T21:00:18.568+0000][5382.929s][debug][safepoint     ] Safepoint synchronization initiated. (175 threads)
[2023-10-30T21:00:18.570+0000][5382.930s][info ][safepoint     ] Application time: 61.0130217 seconds
[2023-10-30T21:00:18.571+0000][5382.931s][info ][safepoint     ] Entering safepoint region: Cleanup
[2023-10-30T21:00:18.572+0000][5382.932s][info ][safepoint     ] Leaving safepoint region
[2023-10-30T21:00:18.573+0000][5382.933s][info ][safepoint     ] Total time for which application threads were stopped: 0.0021828 seconds, Stopping threads took: 0.0009483 seconds
[2023-10-30T21:00:40.588+0000][5404.939s][debug][safepoint     ] Safepoint synchronization initiated. (175 threads)
[2023-10-30T21:00:40.589+0000][5404.939s][info ][safepoint     ] Application time: 22.0052392 seconds
[2023-10-30T21:00:40.589+0000][5404.940s][info ][safepoint     ] Entering safepoint region: Cleanup
[2023-10-30T21:00:40.590+0000][5404.940s][info ][safepoint     ] Leaving safepoint region
[2023-10-30T21:00:40.590+0000][5404.941s][info ][safepoint     ] Total time for which application threads were stopped: 0.0012464 seconds, Stopping threads took: 0.0004453 seconds
[2023-10-30T21:00:57.583+0000][5421.944s][debug][safepoint     ] Safepoint synchronization initiated. (174 threads)
[2023-10-30T21:00:57.584+0000][5421.944s][info ][safepoint     ] Application time: 17.0033602 seconds
[2023-10-30T21:00:57.584+0000][5421.945s][info ][safepoint     ] Entering safepoint region: Cleanup
[2023-10-30T21:00:57.585+0000][5421.946s][info ][safepoint     ] Leaving safepoint region
[2023-10-30T21:00:57.585+0000][5421.946s][info ][safepoint     ] Total time for which application threads were stopped: 0.0011145 seconds, Stopping threads took: 0.0004411 seconds
[2023-10-30T21:01:44.594+0000][5468.957s][debug][safepoint     ] Safepoint synchronization initiated. (174 threads)
[2023-10-30T21:01:44.594+0000][5468.957s][info ][safepoint     ] Application time: 47.0110284 seconds
[2023-10-30T21:01:44.595+0000][5468.958s][info ][safepoint     ] Entering safepoint region: Cleanup
[2023-10-30T21:01:44.595+0000][5468.958s][info ][safepoint     ] Leaving safepoint region
[2023-10-30T21:01:44.596+0000][5468.959s][info ][safepoint     ] Total time for which application threads were stopped: 0.0009309 seconds, Stopping threads took: 0.0003434 seconds
[2023-10-30T21:01:44.868+0000][5469.231s][debug][safepoint     ] Safepoint synchronization initiated. (174 threads)
[2023-10-30T21:01:44.869+0000][5469.232s][info ][safepoint     ] Application time: 0.2724630 seconds
[2023-10-30T21:01:44.869+0000][5469.232s][info ][safepoint     ] Entering safepoint region: G1CollectForAllocation
[2023-10-30T21:01:44.870+0000][5469.233s][info ][gc,start      ] GC(92) Pause Young (Normal) (G1 Evacuation Pause)
[2023-10-30T21:01:44.870+0000][5469.233s][info ][gc,task       ] GC(92) Using 8 workers of 8 for evacuation
[2023-10-30T21:01:44.889+0000][5469.252s][info ][gc,phases     ] GC(92)   Pre Evacuate Collection Set: 0.1ms
[2023-10-30T21:01:44.889+0000][5469.252s][info ][gc,phases     ] GC(92)   Evacuate Collection Set: 13.4ms
[2023-10-30T21:01:44.890+0000][5469.253s][info ][gc,phases     ] GC(92)   Post Evacuate Collection Set: 4.5ms
[2023-10-30T21:01:44.891+0000][5469.254s][info ][gc,phases     ] GC(92)   Other: 1.1ms
[2023-10-30T21:01:44.891+0000][5469.254s][info ][gc,heap       ] GC(92) Eden regions: 166->0(166)
[2023-10-30T21:01:44.892+0000][5469.255s][info ][gc,heap       ] GC(92) Survivor regions: 3->2(22)
[2023-10-30T21:01:44.892+0000][5469.255s][info ][gc,heap       ] GC(92) Old regions: 160->161
[2023-10-30T21:01:44.894+0000][5469.257s][info ][gc,heap       ] GC(92) Humongous regions: 0->0
[2023-10-30T21:01:44.894+0000][5469.257s][info ][gc,metaspace  ] GC(92) Metaspace: 167844K(173524K)->167844K(173524K) NonClass: 148453K(151944K)->148453K(151944K) Class: 19391K(21580K)->19391K(21580K)
[2023-10-30T21:01:44.895+0000][5469.258s][info ][gc            ] GC(92) Pause Young (Normal) (G1 Evacuation Pause) 326M->161M(372M) 24.756ms
[2023-10-30T21:01:44.895+0000][5469.258s][info ][gc,cpu        ] GC(92) User=0.13s Sys=0.00s Real=0.02s
[2023-10-30T21:01:44.896+0000][5469.259s][info ][safepoint     ] Leaving safepoint region
[2023-10-30T21:01:44.896+0000][5469.259s][info ][safepoint     ] Total time for which application threads were stopped: 0.0271934 seconds, Stopping threads took: 0.0005115 seconds
[2023-10-30T21:01:44.897+0000][5469.260s][info ][gc,stringdedup] Concurrent String Deduplication (5469.260s)
[2023-10-30T21:01:44.897+0000][5469.260s][info ][gc,stringdedup] Concurrent String Deduplication 0.0B->0.0B(0.0B) avg 54.4% (5469.260s, 5469.260s) 0.363ms
[2023-10-30T21:02:16.902+0000][5501.265s][debug][safepoint     ] Safepoint synchronization initiated. (174 threads)
[2023-10-30T21:02:16.902+0000][5501.266s][info ][safepoint     ] Application time: 32.0062415 seconds
[2023-10-30T21:02:16.903+0000][5501.267s][info ][safepoint     ] Entering safepoint region: Cleanup
[2023-10-30T21:02:16.904+0000][5501.268s][info ][safepoint     ] Leaving safepoint region
[2023-10-30T21:02:16.905+0000][5501.268s][info ][safepoint     ] Total time for which application threads were stopped: 0.0016924 seconds, Stopping threads took: 0.0007733 seconds
[2023-10-30T21:02:20.907+0000][5505.270s][debug][safepoint     ] Safepoint synchronization initiated. (174 threads)
[2023-10-30T21:02:20.908+0000][5505.271s][info ][safepoint     ] Application time: 4.0022398 seconds
[2023-10-30T21:02:20.909+0000][5505.272s][info ][safepoint     ] Entering safepoint region: Cleanup
[2023-10-30T21:02:20.910+0000][5505.274s][info ][safepoint     ] Leaving safepoint region
[2023-10-30T21:02:20.911+0000][5505.274s][info ][safepoint     ] Total time for which application threads were stopped: 0.0021038 seconds, Stopping threads took: 0.0009253 seconds
[2023-10-30T21:03:10.922+0000][5555.286s][debug][safepoint     ] Safepoint synchronization initiated. (174 threads)
[2023-10-30T21:03:10.922+0000][5555.287s][info ][safepoint     ] Application time: 50.0115610 seconds
[2023-10-30T21:03:10.923+0000][5555.287s][info ][safepoint     ] Entering safepoint region: Cleanup
[2023-10-30T21:03:10.924+0000][5555.288s][info ][safepoint     ] Leaving safepoint region
[2023-10-30T21:03:10.924+0000][5555.289s][info ][safepoint     ] Total time for which application threads were stopped: 0.0013775 seconds, Stopping threads took: 0.0006058 seconds
[2023-10-30T21:04:16.938+0000][5621.303s][debug][safepoint     ] Safepoint synchronization initiated. (175 threads)
[2023-10-30T21:04:16.939+0000][5621.304s][info ][safepoint     ] Application time: 66.0143391 seconds
[2023-10-30T21:04:16.939+0000][5621.304s][info ][safepoint     ] Entering safepoint region: Cleanup
[2023-10-30T21:04:16.940+0000][5621.305s][info ][safepoint     ] Leaving safepoint region
[2023-10-30T21:04:16.941+0000][5621.306s][info ][safepoint     ] Total time for which application threads were stopped: 0.0015491 seconds, Stopping threads took: 0.0006591 seconds
[2023-10-30T21:04:36.946+0000][5641.311s][debug][safepoint     ] Safepoint synchronization initiated. (175 threads)
[2023-10-30T21:04:36.947+0000][5641.312s][info ][safepoint     ] Application time: 20.0055645 seconds
[2023-10-30T21:04:36.947+0000][5641.313s][info ][safepoint     ] Entering safepoint region: Cleanup
[2023-10-30T21:04:36.948+0000][5641.313s][info ][safepoint     ] Leaving safepoint region
[2023-10-30T21:04:36.949+0000][5641.314s][info ][safepoint     ] Total time for which application threads were stopped: 0.0014910 seconds, Stopping threads took: 0.0007587 seconds
[2023-10-30T21:04:52.005+0000][5656.370s][debug][safepoint     ] Safepoint synchronization initiated. (175 threads)
[2023-10-30T21:04:52.006+0000][5656.371s][info ][safepoint     ] Application time: 15.0565698 seconds
[2023-10-30T21:04:52.007+0000][5656.372s][info ][safepoint     ] Entering safepoint region: G1CollectForAllocation
[2023-10-30T21:04:52.007+0000][5656.373s][info ][gc,start      ] GC(93) Pause Young (Normal) (G1 Evacuation Pause)
[2023-10-30T21:04:52.008+0000][5656.373s][info ][gc,task       ] GC(93) Using 8 workers of 8 for evacuation
[2023-10-30T21:04:52.015+0000][5656.380s][info ][gc,phases     ] GC(93)   Pre Evacuate Collection Set: 0.0ms
[2023-10-30T21:04:52.016+0000][5656.381s][info ][gc,phases     ] GC(93)   Evacuate Collection Set: 2.5ms
[2023-10-30T21:04:52.016+0000][5656.381s][info ][gc,phases     ] GC(93)   Post Evacuate Collection Set: 3.8ms
[2023-10-30T21:04:52.017+0000][5656.382s][info ][gc,phases     ] GC(93)   Other: 1.5ms
[2023-10-30T21:04:52.018+0000][5656.383s][info ][gc,heap       ] GC(93) Eden regions: 166->0(166)
[2023-10-30T21:04:52.018+0000][5656.383s][info ][gc,heap       ] GC(93) Survivor regions: 2->2(21)
[2023-10-30T21:04:52.019+0000][5656.384s][info ][gc,heap       ] GC(93) Old regions: 161->161
[2023-10-30T21:04:52.019+0000][5656.384s][info ][gc,heap       ] GC(93) Humongous regions: 0->0
[2023-10-30T21:04:52.020+0000][5656.385s][info ][gc,metaspace  ] GC(93) Metaspace: 167858K(173524K)->167858K(173524K) NonClass: 148467K(151944K)->148467K(151944K) Class: 19391K(21580K)->19391K(21580K)
[2023-10-30T21:04:52.020+0000][5656.385s][info ][gc            ] GC(93) Pause Young (Normal) (G1 Evacuation Pause) 327M->161M(372M) 12.804ms
[2023-10-30T21:04:52.021+0000][5656.386s][info ][gc,cpu        ] GC(93) User=0.03s Sys=0.01s Real=0.01s
[2023-10-30T21:04:52.021+0000][5656.386s][info ][safepoint     ] Leaving safepoint region
[2023-10-30T21:04:52.022+0000][5656.387s][info ][safepoint     ] Total time for which application threads were stopped: 0.0151171 seconds, Stopping threads took: 0.0006643 seconds
[2023-10-30T21:04:52.022+0000][5656.387s][info ][gc,stringdedup] Concurrent String Deduplication (5656.387s)
[2023-10-30T21:04:52.023+0000][5656.388s][info ][gc,stringdedup] Concurrent String Deduplication 0.0B->0.0B(0.0B) avg 54.4% (5656.387s, 5656.388s) 0.416ms
[2023-10-30T21:05:05.024+0000][5669.390s][debug][safepoint     ] Safepoint synchronization initiated. (175 threads)
[2023-10-30T21:05:05.031+0000][5669.396s][info ][safepoint     ] Application time: 13.0084689 seconds
[2023-10-30T21:05:05.031+0000][5669.396s][info ][safepoint     ] Entering safepoint region: Cleanup
[2023-10-30T21:05:05.032+0000][5669.397s][info ][safepoint     ] Leaving safepoint region
[2023-10-30T21:05:05.033+0000][5669.398s][info ][safepoint     ] Total time for which application threads were stopped: 0.0014288 seconds, Stopping threads took: 0.0006110 seconds
[2023-10-30T21:05:10.034+0000][5674.399s][debug][safepoint     ] Safepoint synchronization initiated. (175 threads)
[2023-10-30T21:05:10.035+0000][5674.400s][info ][safepoint     ] Application time: 5.0016174 seconds
[2023-10-30T21:05:10.035+0000][5674.400s][info ][safepoint     ] Entering safepoint region: Cleanup
[2023-10-30T21:05:10.036+0000][5674.401s][info ][safepoint     ] Leaving safepoint region
[2023-10-30T21:05:10.036+0000][5674.401s][info ][safepoint     ] Total time for which application threads were stopped: 0.0010372 seconds, Stopping threads took: 0.0004007 seconds
[2023-10-30T21:05:17.038+0000][5681.403s][debug][safepoint     ] Safepoint synchronization initiated. (175 threads)
[2023-10-30T21:05:17.039+0000][5681.404s][info ][safepoint     ] Application time: 7.0022334 seconds
[2023-10-30T21:05:17.040+0000][5681.405s][info ][safepoint     ] Entering safepoint region: Cleanup
[2023-10-30T21:05:17.040+0000][5681.405s][info ][safepoint     ] Leaving safepoint region
[2023-10-30T21:05:17.041+0000][5681.406s][info ][safepoint     ] Total time for which application threads were stopped: 0.0012510 seconds, Stopping threads took: 0.0006210 seconds
[2023-10-30T21:05:57.048+0000][5721.413s][debug][safepoint     ] Safepoint synchronization initiated. (175 threads)
[2023-10-30T21:05:57.049+0000][5721.414s][info ][safepoint     ] Application time: 40.0074947 seconds
[2023-10-30T21:05:57.049+0000][5721.414s][info ][safepoint     ] Entering safepoint region: Cleanup
[2023-10-30T21:05:57.050+0000][5721.415s][info ][safepoint     ] Leaving safepoint region
[2023-10-30T21:05:57.050+0000][5721.415s][info ][safepoint     ] Total time for which application threads were stopped: 0.0010990 seconds, Stopping threads took: 0.0004858 seconds
[2023-10-30T21:07:59.352+0000][5843.717s][debug][safepoint     ] Safepoint synchronization initiated. (174 threads)
[2023-10-30T21:07:59.352+0000][5843.718s][info ][safepoint     ] Application time: 122.3016824 seconds
[2023-10-30T21:07:59.353+0000][5843.718s][info ][safepoint     ] Entering safepoint region: G1CollectForAllocation
[2023-10-30T21:07:59.353+0000][5843.719s][info ][gc,start      ] GC(94) Pause Young (Normal) (G1 Evacuation Pause)
[2023-10-30T21:07:59.354+0000][5843.719s][info ][gc,task       ] GC(94) Using 8 workers of 8 for evacuation
[2023-10-30T21:07:59.359+0000][5843.724s][info ][gc,phases     ] GC(94)   Pre Evacuate Collection Set: 0.1ms
[2023-10-30T21:07:59.360+0000][5843.725s][info ][gc,phases     ] GC(94)   Evacuate Collection Set: 1.9ms
[2023-10-30T21:07:59.360+0000][5843.726s][info ][gc,phases     ] GC(94)   Post Evacuate Collection Set: 2.8ms
[2023-10-30T21:07:59.361+0000][5843.726s][info ][gc,phases     ] GC(94)   Other: 1.0ms
[2023-10-30T21:07:59.361+0000][5843.727s][info ][gc,heap       ] GC(94) Eden regions: 166->0(166)
[2023-10-30T21:07:59.362+0000][5843.727s][info ][gc,heap       ] GC(94) Survivor regions: 2->2(21)
[2023-10-30T21:07:59.362+0000][5843.728s][info ][gc,heap       ] GC(94) Old regions: 161->161
[2023-10-30T21:07:59.363+0000][5843.728s][info ][gc,heap       ] GC(94) Humongous regions: 0->0
[2023-10-30T21:07:59.363+0000][5843.729s][info ][gc,metaspace  ] GC(94) Metaspace: 167870K(173524K)->167870K(173524K) NonClass: 148479K(151944K)->148479K(151944K) Class: 19391K(21580K)->19391K(21580K)
[2023-10-30T21:07:59.364+0000][5843.729s][info ][gc            ] GC(94) Pause Young (Normal) (G1 Evacuation Pause) 327M->161M(372M) 10.255ms
[2023-10-30T21:07:59.364+0000][5843.729s][info ][gc,cpu        ] GC(94) User=0.03s Sys=0.00s Real=0.01s
[2023-10-30T21:07:59.364+0000][5843.730s][info ][safepoint     ] Leaving safepoint region
[2023-10-30T21:07:59.365+0000][5843.730s][info ][safepoint     ] Total time for which application threads were stopped: 0.0124994 seconds, Stopping threads took: 0.0004901 seconds
[2023-10-30T21:07:59.365+0000][5843.731s][info ][gc,stringdedup] Concurrent String Deduplication (5843.731s)
[2023-10-30T21:07:59.366+0000][5843.732s][info ][gc,stringdedup] Concurrent String Deduplication 35016.0B->48.0B(34968.0B) avg 54.5% (5843.731s, 5843.732s) 0.854ms
[2023-10-30T21:10:19.389+0000][5983.755s][debug][safepoint     ] Safepoint synchronization initiated. (174 threads)
[2023-10-30T21:10:19.391+0000][5983.756s][info ][safepoint     ] Application time: 140.0251416 seconds
[2023-10-30T21:10:19.392+0000][5983.757s][info ][safepoint     ] Entering safepoint region: Cleanup
[2023-10-30T21:10:19.393+0000][5983.758s][info ][safepoint     ] Leaving safepoint region
[2023-10-30T21:10:19.394+0000][5983.759s][info ][safepoint     ] Total time for which application threads were stopped: 0.0020616 seconds, Stopping threads took: 0.0009647 seconds
[2023-10-30T21:10:23.395+0000][5987.761s][debug][safepoint     ] Safepoint synchronization initiated. (174 threads)
[2023-10-30T21:10:23.397+0000][5987.762s][info ][safepoint     ] Application time: 4.0022587 seconds
[2023-10-30T21:10:23.398+0000][5987.763s][info ][safepoint     ] Entering safepoint region: Cleanup
[2023-10-30T21:10:23.399+0000][5987.765s][info ][safepoint     ] Leaving safepoint region
[2023-10-30T21:10:23.400+0000][5987.766s][info ][safepoint     ] Total time for which application threads were stopped: 0.0025734 seconds, Stopping threads took: 0.0010548 seconds
[2023-10-30T21:10:57.409+0000][6021.775s][debug][safepoint     ] Safepoint synchronization initiated. (174 threads)
[2023-10-30T21:10:57.411+0000][6021.776s][info ][safepoint     ] Application time: 34.0095111 seconds
[2023-10-30T21:10:57.411+0000][6021.777s][info ][safepoint     ] Entering safepoint region: Cleanup
[2023-10-30T21:10:57.413+0000][6021.778s][info ][safepoint     ] Leaving safepoint region
[2023-10-30T21:10:57.414+0000][6021.779s][info ][safepoint     ] Total time for which application threads were stopped: 0.0022844 seconds, Stopping threads took: 0.0011398 seconds
[2023-10-30T21:11:06.539+0000][6030.905s][debug][safepoint     ] Safepoint synchronization initiated. (174 threads)
[2023-10-30T21:11:06.540+0000][6030.905s][info ][safepoint     ] Application time: 9.1254392 seconds
[2023-10-30T21:11:06.540+0000][6030.906s][info ][safepoint     ] Entering safepoint region: G1CollectForAllocation
[2023-10-30T21:11:06.541+0000][6030.907s][info ][gc,start      ] GC(95) Pause Young (Normal) (G1 Evacuation Pause)
[2023-10-30T21:11:06.542+0000][6030.907s][info ][gc,task       ] GC(95) Using 8 workers of 8 for evacuation
[2023-10-30T21:11:06.561+0000][6030.926s][info ][gc,phases     ] GC(95)   Pre Evacuate Collection Set: 0.1ms
[2023-10-30T21:11:06.564+0000][6030.929s][info ][gc,phases     ] GC(95)   Evacuate Collection Set: 10.3ms
[2023-10-30T21:11:06.564+0000][6030.930s][info ][gc,phases     ] GC(95)   Post Evacuate Collection Set: 8.0ms
[2023-10-30T21:11:06.565+0000][6030.930s][info ][gc,phases     ] GC(95)   Other: 1.2ms
[2023-10-30T21:11:06.565+0000][6030.930s][info ][gc,heap       ] GC(95) Eden regions: 166->0(166)
[2023-10-30T21:11:06.565+0000][6030.931s][info ][gc,heap       ] GC(95) Survivor regions: 2->2(21)
[2023-10-30T21:11:06.566+0000][6030.931s][info ][gc,heap       ] GC(95) Old regions: 161->161
[2023-10-30T21:11:06.566+0000][6030.932s][info ][gc,heap       ] GC(95) Humongous regions: 0->0
[2023-10-30T21:11:06.567+0000][6030.932s][info ][gc,metaspace  ] GC(95) Metaspace: 167879K(173524K)->167879K(173524K) NonClass: 148488K(151944K)->148488K(151944K) Class: 19391K(21580K)->19391K(21580K)
[2023-10-30T21:11:06.567+0000][6030.933s][info ][gc            ] GC(95) Pause Young (Normal) (G1 Evacuation Pause) 327M->161M(372M) 26.094ms
[2023-10-30T21:11:06.568+0000][6030.933s][info ][gc,cpu        ] GC(95) User=0.11s Sys=0.00s Real=0.03s
[2023-10-30T21:11:06.568+0000][6030.934s][info ][safepoint     ] Leaving safepoint region
[2023-10-30T21:11:06.569+0000][6030.934s][info ][safepoint     ] Total time for which application threads were stopped: 0.0284596 seconds, Stopping threads took: 0.0006170 seconds
[2023-10-30T21:11:06.569+0000][6030.935s][info ][gc,stringdedup] Concurrent String Deduplication (6030.935s)
[2023-10-30T21:11:06.570+0000][6030.935s][info ][gc,stringdedup] Concurrent String Deduplication 64.0B->40.0B(24.0B) avg 54.5% (6030.935s, 6030.935s) 0.432ms
[2023-10-30T21:11:07.569+0000][6031.935s][debug][safepoint     ] Safepoint synchronization initiated. (174 threads)
[2023-10-30T21:11:07.570+0000][6031.936s][info ][safepoint     ] Application time: 1.0009003 seconds
[2023-10-30T21:11:07.571+0000][6031.936s][info ][safepoint     ] Entering safepoint region: Cleanup
[2023-10-30T21:11:07.572+0000][6031.937s][info ][safepoint     ] Leaving safepoint region
[2023-10-30T21:11:07.572+0000][6031.938s][info ][safepoint     ] Total time for which application threads were stopped: 0.0013556 seconds, Stopping threads took: 0.0006255 seconds
[2023-10-30T21:11:10.573+0000][6034.939s][debug][safepoint     ] Safepoint synchronization initiated. (174 threads)
[2023-10-30T21:11:10.574+0000][6034.940s][info ][safepoint     ] Application time: 3.0015303 seconds
[2023-10-30T21:11:10.575+0000][6034.940s][info ][safepoint     ] Entering safepoint region: Cleanup
[2023-10-30T21:11:10.576+0000][6034.942s][info ][safepoint     ] Leaving safepoint region
[2023-10-30T21:11:10.577+0000][6034.942s][info ][safepoint     ] Total time for which application threads were stopped: 0.0019417 seconds, Stopping threads took: 0.0009009 seconds
[2023-10-30T21:11:24.580+0000][6048.946s][debug][safepoint     ] Safepoint synchronization initiated. (174 threads)
[2023-10-30T21:11:24.581+0000][6048.946s][info ][safepoint     ] Application time: 14.0033916 seconds
[2023-10-30T21:11:24.581+0000][6048.947s][info ][safepoint     ] Entering safepoint region: Cleanup
[2023-10-30T21:11:24.582+0000][6048.947s][info ][safepoint     ] Leaving safepoint region
[2023-10-30T21:11:24.582+0000][6048.948s][info ][safepoint     ] Total time for which application threads were stopped: 0.0011511 seconds, Stopping threads took: 0.0004397 seconds
[2023-10-30T21:11:40.586+0000][6064.951s][debug][safepoint     ] Safepoint synchronization initiated. (174 threads)
[2023-10-30T21:11:40.586+0000][6064.952s][info ][safepoint     ] Application time: 16.0036315 seconds
[2023-10-30T21:11:40.587+0000][6064.953s][info ][safepoint     ] Entering safepoint region: Cleanup
[2023-10-30T21:11:40.588+0000][6064.953s][info ][safepoint     ] Leaving safepoint region
[2023-10-30T21:11:40.588+0000][6064.953s][info ][safepoint     ] Total time for which application threads were stopped: 0.0010142 seconds, Stopping threads took: 0.0003649 seconds
[2023-10-30T21:12:20.596+0000][6104.961s][debug][safepoint     ] Safepoint synchronization initiated. (175 threads)
[2023-10-30T21:12:20.597+0000][6104.962s][info ][safepoint     ] Application time: 40.0082725 seconds
[2023-10-30T21:12:20.597+0000][6104.963s][info ][safepoint     ] Entering safepoint region: Cleanup
[2023-10-30T21:12:20.598+0000][6104.964s][info ][safepoint     ] Leaving safepoint region
[2023-10-30T21:12:20.599+0000][6104.964s][info ][safepoint     ] Total time for which application threads were stopped: 0.0014194 seconds, Stopping threads took: 0.0005481 seconds
[2023-10-30T21:13:10.608+0000][6154.974s][debug][safepoint     ] Safepoint synchronization initiated. (175 threads)
[2023-10-30T21:13:10.609+0000][6154.975s][info ][safepoint     ] Application time: 50.0098841 seconds
[2023-10-30T21:13:10.610+0000][6154.975s][info ][safepoint     ] Entering safepoint region: Cleanup
[2023-10-30T21:13:10.610+0000][6154.976s][info ][safepoint     ] Leaving safepoint region
[2023-10-30T21:13:10.611+0000][6154.977s][info ][safepoint     ] Total time for which application threads were stopped: 0.0013093 seconds, Stopping threads took: 0.0005504 seconds
[2023-10-30T21:13:20.613+0000][6164.979s][debug][safepoint     ] Safepoint synchronization initiated. (175 threads)
[2023-10-30T21:13:20.615+0000][6164.981s][info ][safepoint     ] Application time: 10.0036150 seconds
[2023-10-30T21:13:20.616+0000][6164.981s][info ][safepoint     ] Entering safepoint region: Cleanup
[2023-10-30T21:13:20.616+0000][6164.982s][info ][safepoint     ] Leaving safepoint region
[2023-10-30T21:13:20.617+0000][6164.983s][info ][safepoint     ] Total time for which application threads were stopped: 0.0013230 seconds, Stopping threads took: 0.0006172 seconds
[2023-10-30T21:14:00.624+0000][6204.990s][debug][safepoint     ] Safepoint synchronization initiated. (175 threads)
[2023-10-30T21:14:00.625+0000][6204.991s][info ][safepoint     ] Application time: 40.0075308 seconds
[2023-10-30T21:14:00.625+0000][6204.991s][info ][safepoint     ] Entering safepoint region: Cleanup
[2023-10-30T21:14:00.626+0000][6204.992s][info ][safepoint     ] Leaving safepoint region
[2023-10-30T21:14:00.626+0000][6204.992s][info ][safepoint     ] Total time for which application threads were stopped: 0.0008974 seconds, Stopping threads took: 0.0004340 seconds
[2023-10-30T21:14:13.402+0000][6217.767s][debug][safepoint     ] Safepoint synchronization initiated. (174 threads)
[2023-10-30T21:14:13.402+0000][6217.768s][info ][safepoint     ] Application time: 12.7759836 seconds
[2023-10-30T21:14:13.403+0000][6217.769s][info ][safepoint     ] Entering safepoint region: G1CollectForAllocation
[2023-10-30T21:14:13.404+0000][6217.770s][info ][gc,start      ] GC(96) Pause Young (Normal) (G1 Evacuation Pause)
[2023-10-30T21:14:13.405+0000][6217.770s][info ][gc,task       ] GC(96) Using 8 workers of 8 for evacuation
[2023-10-30T21:14:13.410+0000][6217.775s][info ][gc,phases     ] GC(96)   Pre Evacuate Collection Set: 0.0ms
[2023-10-30T21:14:13.410+0000][6217.776s][info ][gc,phases     ] GC(96)   Evacuate Collection Set: 1.5ms
[2023-10-30T21:14:13.411+0000][6217.777s][info ][gc,phases     ] GC(96)   Post Evacuate Collection Set: 2.8ms
[2023-10-30T21:14:13.411+0000][6217.777s][info ][gc,phases     ] GC(96)   Other: 1.2ms
[2023-10-30T21:14:13.412+0000][6217.778s][info ][gc,heap       ] GC(96) Eden regions: 166->0(167)
[2023-10-30T21:14:13.412+0000][6217.778s][info ][gc,heap       ] GC(96) Survivor regions: 2->2(21)
[2023-10-30T21:14:13.413+0000][6217.779s][info ][gc,heap       ] GC(96) Old regions: 161->161
[2023-10-30T21:14:13.413+0000][6217.779s][info ][gc,heap       ] GC(96) Humongous regions: 0->0
[2023-10-30T21:14:13.414+0000][6217.779s][info ][gc,metaspace  ] GC(96) Metaspace: 167910K(173524K)->167910K(173524K) NonClass: 148519K(151944K)->148519K(151944K) Class: 19391K(21580K)->19391K(21580K)
[2023-10-30T21:14:13.414+0000][6217.780s][info ][gc            ] GC(96) Pause Young (Normal) (G1 Evacuation Pause) 327M->161M(372M) 10.207ms
[2023-10-30T21:14:13.415+0000][6217.781s][info ][gc,cpu        ] GC(96) User=0.02s Sys=0.00s Real=0.01s
[2023-10-30T21:14:13.415+0000][6217.781s][info ][safepoint     ] Leaving safepoint region
[2023-10-30T21:14:13.416+0000][6217.782s][info ][safepoint     ] Total time for which application threads were stopped: 0.0127074 seconds, Stopping threads took: 0.0007143 seconds
[2023-10-30T21:14:13.416+0000][6217.782s][info ][gc,stringdedup] Concurrent String Deduplication (6217.782s)
[2023-10-30T21:14:13.417+0000][6217.782s][info ][gc,stringdedup] Concurrent String Deduplication 24.0B->0.0B(24.0B) avg 54.5% (6217.782s, 6217.782s) 0.369ms
[2023-10-30T21:14:17.417+0000][6221.783s][debug][safepoint     ] Safepoint synchronization initiated. (174 threads)
[2023-10-30T21:14:17.418+0000][6221.784s][info ][safepoint     ] Application time: 4.0018671 seconds
[2023-10-30T21:14:17.419+0000][6221.785s][info ][safepoint     ] Entering safepoint region: Cleanup
[2023-10-30T21:14:17.421+0000][6221.787s][info ][safepoint     ] Leaving safepoint region
[2023-10-30T21:14:17.421+0000][6221.787s][info ][safepoint     ] Total time for which application threads were stopped: 0.0023472 seconds, Stopping threads took: 0.0011158 seconds
[2023-10-30T21:14:21.423+0000][6225.789s][debug][safepoint     ] Safepoint synchronization initiated. (174 threads)
[2023-10-30T21:14:21.423+0000][6225.789s][info ][safepoint     ] Application time: 4.0010416 seconds
[2023-10-30T21:14:21.424+0000][6225.789s][info ][safepoint     ] Entering safepoint region: Cleanup
[2023-10-30T21:14:21.424+0000][6225.790s][info ][safepoint     ] Leaving safepoint region
[2023-10-30T21:14:21.424+0000][6225.790s][info ][safepoint     ] Total time for which application threads were stopped: 0.0007954 seconds, Stopping threads took: 0.0003140 seconds
[2023-10-30T21:15:01.431+0000][6265.798s][debug][safepoint     ] Safepoint synchronization initiated. (174 threads)
[2023-10-30T21:15:01.432+0000][6265.799s][info ][safepoint     ] Application time: 40.0080956 seconds
[2023-10-30T21:15:01.433+0000][6265.799s][info ][safepoint     ] Entering safepoint region: Cleanup
[2023-10-30T21:15:01.434+0000][6265.800s][info ][safepoint     ] Leaving safepoint region
[2023-10-30T21:15:01.434+0000][6265.801s][info ][safepoint     ] Total time for which application threads were stopped: 0.0014010 seconds, Stopping threads took: 0.0006342 seconds
[2023-10-30T21:15:21.439+0000][6285.806s][debug][safepoint     ] Safepoint synchronization initiated. (174 threads)
[2023-10-30T21:15:21.440+0000][6285.806s][info ][safepoint     ] Application time: 20.0052144 seconds
[2023-10-30T21:15:21.440+0000][6285.807s][info ][safepoint     ] Entering safepoint region: Cleanup
[2023-10-30T21:15:21.441+0000][6285.808s][info ][safepoint     ] Leaving safepoint region
[2023-10-30T21:15:21.442+0000][6285.808s][info ][safepoint     ] Total time for which application threads were stopped: 0.0012556 seconds, Stopping threads took: 0.0006128 seconds
[2023-10-30T21:15:41.445+0000][6305.812s][debug][safepoint     ] Safepoint synchronization initiated. (174 threads)
[2023-10-30T21:15:41.446+0000][6305.812s][info ][safepoint     ] Application time: 20.0038752 seconds
[2023-10-30T21:15:41.446+0000][6305.813s][info ][safepoint     ] Entering safepoint region: Cleanup
[2023-10-30T21:15:41.447+0000][6305.813s][info ][safepoint     ] Leaving safepoint region
[2023-10-30T21:15:41.447+0000][6305.814s][info ][safepoint     ] Total time for which application threads were stopped: 0.0009322 seconds, Stopping threads took: 0.0003737 seconds
[2023-10-30T21:16:01.451+0000][6325.818s][debug][safepoint     ] Safepoint synchronization initiated. (174 threads)
[2023-10-30T21:16:01.452+0000][6325.819s][info ][safepoint     ] Application time: 20.0045550 seconds
[2023-10-30T21:16:01.453+0000][6325.819s][info ][safepoint     ] Entering safepoint region: Cleanup
[2023-10-30T21:16:01.453+0000][6325.820s][info ][safepoint     ] Leaving safepoint region
[2023-10-30T21:16:01.454+0000][6325.821s][info ][safepoint     ] Total time for which application threads were stopped: 0.0014936 seconds, Stopping threads took: 0.0006496 seconds
[2023-10-30T21:16:20.458+0000][6344.825s][debug][safepoint     ] Safepoint synchronization initiated. (175 threads)
[2023-10-30T21:16:20.459+0000][6344.825s][info ][safepoint     ] Application time: 19.0039943 seconds
[2023-10-30T21:16:20.459+0000][6344.826s][info ][safepoint     ] Entering safepoint region: Cleanup
[2023-10-30T21:16:20.459+0000][6344.826s][info ][safepoint     ] Leaving safepoint region
[2023-10-30T21:16:20.460+0000][6344.827s][info ][safepoint     ] Total time for which application threads were stopped: 0.0008515 seconds, Stopping threads took: 0.0003740 seconds
[2023-10-30T21:16:40.465+0000][6364.832s][debug][safepoint     ] Safepoint synchronization initiated. (175 threads)
[2023-10-30T21:16:40.465+0000][6364.832s][info ][safepoint     ] Application time: 20.0051218 seconds
[2023-10-30T21:16:40.465+0000][6364.832s][info ][safepoint     ] Entering safepoint region: Cleanup
[2023-10-30T21:16:40.466+0000][6364.833s][info ][safepoint     ] Leaving safepoint region
[2023-10-30T21:16:40.466+0000][6364.833s][info ][safepoint     ] Total time for which application threads were stopped: 0.0010449 seconds, Stopping threads took: 0.0004559 seconds
[2023-10-30T21:17:00.471+0000][6384.838s][debug][safepoint     ] Safepoint synchronization initiated. (175 threads)
[2023-10-30T21:17:00.472+0000][6384.839s][info ][safepoint     ] Application time: 20.0049655 seconds
[2023-10-30T21:17:00.472+0000][6384.839s][info ][safepoint     ] Entering safepoint region: Cleanup
[2023-10-30T21:17:00.473+0000][6384.840s][info ][safepoint     ] Leaving safepoint region
[2023-10-30T21:17:00.473+0000][6384.840s][info ][safepoint     ] Total time for which application threads were stopped: 0.0009091 seconds, Stopping threads took: 0.0003888 seconds
[2023-10-30T21:17:07.474+0000][6391.841s][debug][safepoint     ] Safepoint synchronization initiated. (175 threads)
[2023-10-30T21:17:07.475+0000][6391.842s][info ][safepoint     ] Application time: 7.0014571 seconds
[2023-10-30T21:17:07.475+0000][6391.842s][info ][safepoint     ] Entering safepoint region: Cleanup
[2023-10-30T21:17:07.476+0000][6391.843s][info ][safepoint     ] Leaving safepoint region
[2023-10-30T21:17:07.476+0000][6391.843s][info ][safepoint     ] Total time for which application threads were stopped: 0.0008222 seconds, Stopping threads took: 0.0003279 seconds
[2023-10-30T21:17:10.477+0000][6394.844s][debug][safepoint     ] Safepoint synchronization initiated. (175 threads)
[2023-10-30T21:17:10.478+0000][6394.845s][info ][safepoint     ] Application time: 3.0014657 seconds
[2023-10-30T21:17:10.478+0000][6394.845s][info ][safepoint     ] Entering safepoint region: Cleanup
[2023-10-30T21:17:10.480+0000][6394.847s][info ][safepoint     ] Leaving safepoint region
[2023-10-30T21:17:10.480+0000][6394.847s][info ][safepoint     ] Total time for which application threads were stopped: 0.0017601 seconds, Stopping threads took: 0.0007490 seconds
[2023-10-30T21:17:20.482+0000][6404.849s][debug][safepoint     ] Safepoint synchronization initiated. (175 threads)
[2023-10-30T21:17:20.483+0000][6404.850s][info ][safepoint     ] Application time: 10.0019183 seconds
[2023-10-30T21:17:20.483+0000][6404.850s][info ][safepoint     ] Entering safepoint region: Cleanup
[2023-10-30T21:17:20.484+0000][6404.851s][info ][safepoint     ] Leaving safepoint region
[2023-10-30T21:17:20.484+0000][6404.851s][info ][safepoint     ] Total time for which application threads were stopped: 0.0007816 seconds, Stopping threads took: 0.0003388 seconds
[2023-10-30T21:17:21.998+0000][6406.365s][debug][safepoint     ] Safepoint synchronization initiated. (175 threads)
[2023-10-30T21:17:21.999+0000][6406.366s][info ][safepoint     ] Application time: 1.5151809 seconds
[2023-10-30T21:17:22.001+0000][6406.368s][info ][safepoint     ] Entering safepoint region: G1CollectForAllocation
[2023-10-30T21:17:22.001+0000][6406.368s][info ][gc,start      ] GC(97) Pause Young (Normal) (G1 Evacuation Pause)
[2023-10-30T21:17:22.002+0000][6406.369s][info ][gc,task       ] GC(97) Using 8 workers of 8 for evacuation
[2023-10-30T21:17:22.007+0000][6406.374s][info ][gc,phases     ] GC(97)   Pre Evacuate Collection Set: 0.0ms
[2023-10-30T21:17:22.008+0000][6406.375s][info ][gc,phases     ] GC(97)   Evacuate Collection Set: 1.4ms
[2023-10-30T21:17:22.008+0000][6406.375s][info ][gc,phases     ] GC(97)   Post Evacuate Collection Set: 3.8ms
[2023-10-30T21:17:22.009+0000][6406.376s][info ][gc,phases     ] GC(97)   Other: 0.8ms
[2023-10-30T21:17:22.009+0000][6406.376s][info ][gc,heap       ] GC(97) Eden regions: 167->0(167)
[2023-10-30T21:17:22.009+0000][6406.376s][info ][gc,heap       ] GC(97) Survivor regions: 2->2(22)
[2023-10-30T21:17:22.010+0000][6406.377s][info ][gc,heap       ] GC(97) Old regions: 161->161
[2023-10-30T21:17:22.010+0000][6406.377s][info ][gc,heap       ] GC(97) Humongous regions: 0->0
[2023-10-30T21:17:22.010+0000][6406.377s][info ][gc,metaspace  ] GC(97) Metaspace: 167974K(173780K)->167974K(173780K) NonClass: 148582K(152200K)->148582K(152200K) Class: 19391K(21580K)->19391K(21580K)
[2023-10-30T21:17:22.011+0000][6406.378s][info ][gc            ] GC(97) Pause Young (Normal) (G1 Evacuation Pause) 328M->161M(372M) 9.959ms
[2023-10-30T21:17:22.012+0000][6406.379s][info ][gc,cpu        ] GC(97) User=0.02s Sys=0.02s Real=0.01s
[2023-10-30T21:17:22.013+0000][6406.380s][info ][safepoint     ] Leaving safepoint region
[2023-10-30T21:17:22.013+0000][6406.380s][info ][safepoint     ] Total time for which application threads were stopped: 0.0130622 seconds, Stopping threads took: 0.0007757 seconds
[2023-10-30T21:17:22.014+0000][6406.381s][info ][gc,stringdedup] Concurrent String Deduplication (6406.381s)
[2023-10-30T21:17:22.015+0000][6406.382s][info ][gc,stringdedup] Concurrent String Deduplication 0.0B->0.0B(0.0B) avg 54.5% (6406.381s, 6406.382s) 0.780ms
[2023-10-30T21:19:04.033+0000][6508.401s][debug][safepoint     ] Safepoint synchronization initiated. (175 threads)
[2023-10-30T21:19:04.034+0000][6508.402s][info ][safepoint     ] Application time: 102.0209454 seconds
[2023-10-30T21:19:04.035+0000][6508.403s][info ][safepoint     ] Entering safepoint region: Cleanup
[2023-10-30T21:19:04.036+0000][6508.403s][info ][safepoint     ] Leaving safepoint region
[2023-10-30T21:19:04.036+0000][6508.404s][info ][safepoint     ] Total time for which application threads were stopped: 0.0013156 seconds, Stopping threads took: 0.0006296 seconds
[2023-10-30T21:19:13.038+0000][6517.406s][debug][safepoint     ] Safepoint synchronization initiated. (175 threads)
[2023-10-30T21:19:13.039+0000][6517.407s][info ][safepoint     ] Application time: 9.0023419 seconds
[2023-10-30T21:19:13.039+0000][6517.407s][info ][safepoint     ] Entering safepoint region: Cleanup
[2023-10-30T21:19:13.040+0000][6517.408s][info ][safepoint     ] Leaving safepoint region
[2023-10-30T21:19:13.040+0000][6517.408s][info ][safepoint     ] Total time for which application threads were stopped: 0.0010029 seconds, Stopping threads took: 0.0003750 seconds
[2023-10-30T21:19:21.042+0000][6525.410s][debug][safepoint     ] Safepoint synchronization initiated. (175 threads)
[2023-10-30T21:19:21.043+0000][6525.411s][info ][safepoint     ] Application time: 8.0019942 seconds
[2023-10-30T21:19:21.044+0000][6525.411s][info ][safepoint     ] Entering safepoint region: Cleanup
[2023-10-30T21:19:21.044+0000][6525.412s][info ][safepoint     ] Leaving safepoint region
[2023-10-30T21:19:21.045+0000][6525.413s][info ][safepoint     ] Total time for which application threads were stopped: 0.0016621 seconds, Stopping threads took: 0.0006964 seconds
[2023-10-30T21:20:01.054+0000][6565.422s][debug][safepoint     ] Safepoint synchronization initiated. (175 threads)
[2023-10-30T21:20:01.055+0000][6565.423s][info ][safepoint     ] Application time: 40.0090269 seconds
[2023-10-30T21:20:01.056+0000][6565.423s][info ][safepoint     ] Entering safepoint region: Cleanup
[2023-10-30T21:20:01.056+0000][6565.424s][info ][safepoint     ] Leaving safepoint region
[2023-10-30T21:20:01.057+0000][6565.425s][info ][safepoint     ] Total time for which application threads were stopped: 0.0013078 seconds, Stopping threads took: 0.0005535 seconds
[2023-10-30T21:20:30.827+0000][6595.195s][debug][safepoint     ] Safepoint synchronization initiated. (174 threads)
[2023-10-30T21:20:30.828+0000][6595.196s][info ][safepoint     ] Application time: 29.7704119 seconds
[2023-10-30T21:20:30.830+0000][6595.197s][info ][safepoint     ] Entering safepoint region: G1CollectForAllocation
[2023-10-30T21:20:30.831+0000][6595.198s][info ][gc,start      ] GC(98) Pause Young (Normal) (G1 Evacuation Pause)
[2023-10-30T21:20:30.831+0000][6595.199s][info ][gc,task       ] GC(98) Using 8 workers of 8 for evacuation
[2023-10-30T21:20:30.836+0000][6595.204s][info ][gc,phases     ] GC(98)   Pre Evacuate Collection Set: 0.0ms
[2023-10-30T21:20:30.837+0000][6595.204s][info ][gc,phases     ] GC(98)   Evacuate Collection Set: 1.4ms
[2023-10-30T21:20:30.837+0000][6595.205s][info ][gc,phases     ] GC(98)   Post Evacuate Collection Set: 2.6ms
[2023-10-30T21:20:30.837+0000][6595.205s][info ][gc,phases     ] GC(98)   Other: 1.2ms
[2023-10-30T21:20:30.838+0000][6595.206s][info ][gc,heap       ] GC(98) Eden regions: 167->0(167)
[2023-10-30T21:20:30.838+0000][6595.206s][info ][gc,heap       ] GC(98) Survivor regions: 2->1(22)
[2023-10-30T21:20:30.839+0000][6595.207s][info ][gc,heap       ] GC(98) Old regions: 161->162
[2023-10-30T21:20:30.840+0000][6595.207s][info ][gc,heap       ] GC(98) Humongous regions: 0->0
[2023-10-30T21:20:30.840+0000][6595.208s][info ][gc,metaspace  ] GC(98) Metaspace: 167997K(173780K)->167997K(173780K) NonClass: 148606K(152200K)->148606K(152200K) Class: 19391K(21580K)->19391K(21580K)
[2023-10-30T21:20:30.840+0000][6595.208s][info ][gc            ] GC(98) Pause Young (Normal) (G1 Evacuation Pause) 328M->161M(372M) 9.841ms
[2023-10-30T21:20:30.841+0000][6595.208s][info ][gc,cpu        ] GC(98) User=0.02s Sys=0.00s Real=0.01s
[2023-10-30T21:20:30.841+0000][6595.209s][info ][safepoint     ] Leaving safepoint region
[2023-10-30T21:20:30.842+0000][6595.209s][info ][safepoint     ] Total time for which application threads were stopped: 0.0126051 seconds, Stopping threads took: 0.0011737 seconds
[2023-10-30T21:20:30.842+0000][6595.210s][info ][gc,stringdedup] Concurrent String Deduplication (6595.210s)
[2023-10-30T21:20:30.843+0000][6595.210s][info ][gc,stringdedup] Concurrent String Deduplication 0.0B->0.0B(0.0B) avg 54.5% (6595.210s, 6595.210s) 0.430ms
[2023-10-30T21:21:00.850+0000][6625.218s][debug][safepoint     ] Safepoint synchronization initiated. (174 threads)
[2023-10-30T21:21:00.851+0000][6625.218s][info ][safepoint     ] Application time: 30.0081572 seconds
[2023-10-30T21:21:00.851+0000][6625.219s][info ][safepoint     ] Entering safepoint region: Cleanup
[2023-10-30T21:21:00.852+0000][6625.219s][info ][safepoint     ] Leaving safepoint region
[2023-10-30T21:21:00.852+0000][6625.219s][info ][safepoint     ] Total time for which application threads were stopped: 0.0009647 seconds, Stopping threads took: 0.0003338 seconds
[2023-10-30T21:21:16.856+0000][6641.223s][debug][safepoint     ] Safepoint synchronization initiated. (175 threads)
[2023-10-30T21:21:16.857+0000][6641.224s][info ][safepoint     ] Application time: 16.0044127 seconds
[2023-10-30T21:21:16.858+0000][6641.225s][info ][safepoint     ] Entering safepoint region: Cleanup
[2023-10-30T21:21:16.859+0000][6641.226s][info ][safepoint     ] Leaving safepoint region
[2023-10-30T21:21:16.859+0000][6641.227s][info ][safepoint     ] Total time for which application threads were stopped: 0.0018773 seconds, Stopping threads took: 0.0007795 seconds
[2023-10-30T21:22:16.874+0000][6701.241s][debug][safepoint     ] Safepoint synchronization initiated. (174 threads)
[2023-10-30T21:22:16.875+0000][6701.242s][info ][safepoint     ] Application time: 60.0145097 seconds
[2023-10-30T21:22:16.876+0000][6701.243s][info ][safepoint     ] Entering safepoint region: Cleanup
[2023-10-30T21:22:16.877+0000][6701.244s][info ][safepoint     ] Leaving safepoint region
[2023-10-30T21:22:16.878+0000][6701.245s][info ][safepoint     ] Total time for which application threads were stopped: 0.0018987 seconds, Stopping threads took: 0.0008921 seconds
[2023-10-30T21:23:09.891+0000][6754.259s][debug][safepoint     ] Safepoint synchronization initiated. (174 threads)
[2023-10-30T21:23:09.893+0000][6754.260s][info ][safepoint     ] Application time: 53.0143511 seconds
[2023-10-30T21:23:09.893+0000][6754.261s][info ][safepoint     ] Entering safepoint region: Cleanup
[2023-10-30T21:23:09.894+0000][6754.262s][info ][safepoint     ] Leaving safepoint region
[2023-10-30T21:23:09.895+0000][6754.262s][info ][safepoint     ] Total time for which application threads were stopped: 0.0013536 seconds, Stopping threads took: 0.0005695 seconds
[2023-10-30T21:23:10.895+0000][6755.262s][debug][safepoint     ] Safepoint synchronization initiated. (174 threads)
[2023-10-30T21:23:10.896+0000][6755.263s][info ][safepoint     ] Application time: 1.0011473 seconds
[2023-10-30T21:23:10.897+0000][6755.264s][info ][safepoint     ] Entering safepoint region: Cleanup
[2023-10-30T21:23:10.898+0000][6755.266s][info ][safepoint     ] Leaving safepoint region
[2023-10-30T21:23:10.899+0000][6755.266s][info ][safepoint     ] Total time for which application threads were stopped: 0.0020519 seconds, Stopping threads took: 0.0009215 seconds
[2023-10-30T21:23:39.746+0000][6784.114s][debug][safepoint     ] Safepoint synchronization initiated. (174 threads)
[2023-10-30T21:23:39.747+0000][6784.114s][info ][safepoint     ] Application time: 28.8470014 seconds
[2023-10-30T21:23:39.748+0000][6784.115s][info ][safepoint     ] Entering safepoint region: G1CollectForAllocation
[2023-10-30T21:23:39.748+0000][6784.115s][info ][gc,start      ] GC(99) Pause Young (Normal) (G1 Evacuation Pause)
[2023-10-30T21:23:39.749+0000][6784.116s][info ][gc,task       ] GC(99) Using 8 workers of 8 for evacuation
[2023-10-30T21:23:39.762+0000][6784.130s][info ][gc,phases     ] GC(99)   Pre Evacuate Collection Set: 0.0ms
[2023-10-30T21:23:39.763+0000][6784.130s][info ][gc,phases     ] GC(99)   Evacuate Collection Set: 9.4ms
[2023-10-30T21:23:39.764+0000][6784.131s][info ][gc,phases     ] GC(99)   Post Evacuate Collection Set: 3.4ms
[2023-10-30T21:23:39.764+0000][6784.131s][info ][gc,phases     ] GC(99)   Other: 1.3ms
[2023-10-30T21:23:39.765+0000][6784.132s][info ][gc,heap       ] GC(99) Eden regions: 167->0(167)
[2023-10-30T21:23:39.765+0000][6784.133s][info ][gc,heap       ] GC(99) Survivor regions: 1->1(21)
[2023-10-30T21:23:39.766+0000][6784.133s][info ][gc,heap       ] GC(99) Old regions: 162->162
[2023-10-30T21:23:39.766+0000][6784.134s][info ][gc,heap       ] GC(99) Humongous regions: 0->0
[2023-10-30T21:23:39.767+0000][6784.134s][info ][gc,metaspace  ] GC(99) Metaspace: 168018K(173780K)->168018K(173780K) NonClass: 148627K(152200K)->148627K(152200K) Class: 19391K(21580K)->19391K(21580K)
[2023-10-30T21:23:39.768+0000][6784.135s][info ][gc            ] GC(99) Pause Young (Normal) (G1 Evacuation Pause) 328M->161M(372M) 19.364ms
[2023-10-30T21:23:39.768+0000][6784.135s][info ][gc,cpu        ] GC(99) User=0.08s Sys=0.01s Real=0.02s
[2023-10-30T21:23:39.769+0000][6784.136s][info ][safepoint     ] Leaving safepoint region
[2023-10-30T21:23:39.769+0000][6784.137s][info ][safepoint     ] Total time for which application threads were stopped: 0.0217836 seconds, Stopping threads took: 0.0004528 seconds
[2023-10-30T21:23:39.770+0000][6784.137s][info ][gc,stringdedup] Concurrent String Deduplication (6784.137s)
[2023-10-30T21:23:39.770+0000][6784.138s][info ][gc,stringdedup] Concurrent String Deduplication 0.0B->0.0B(0.0B) avg 54.5% (6784.137s, 6784.138s) 0.537ms
[2023-10-30T21:23:58.773+0000][6803.140s][debug][safepoint     ] Safepoint synchronization initiated. (174 threads)
[2023-10-30T21:23:58.774+0000][6803.141s][info ][safepoint     ] Application time: 19.0037027 seconds
[2023-10-30T21:23:58.774+0000][6803.141s][info ][safepoint     ] Entering safepoint region: Cleanup
[2023-10-30T21:23:58.775+0000][6803.142s][info ][safepoint     ] Leaving safepoint region
[2023-10-30T21:23:58.775+0000][6803.143s][info ][safepoint     ] Total time for which application threads were stopped: 0.0014023 seconds, Stopping threads took: 0.0005682 seconds
[2023-10-30T21:25:24.789+0000][6889.158s][debug][safepoint     ] Safepoint synchronization initiated. (175 threads)
[2023-10-30T21:25:24.790+0000][6889.158s][info ][safepoint     ] Application time: 86.0154572 seconds
[2023-10-30T21:25:24.790+0000][6889.159s][info ][safepoint     ] Entering safepoint region: Cleanup
[2023-10-30T21:25:24.791+0000][6889.160s][info ][safepoint     ] Leaving safepoint region
[2023-10-30T21:25:24.792+0000][6889.160s][info ][safepoint     ] Total time for which application threads were stopped: 0.0012056 seconds, Stopping threads took: 0.0006040 seconds
[2023-10-30T21:26:47.771+0000][6972.139s][debug][safepoint     ] Safepoint synchronization initiated. (174 threads)
[2023-10-30T21:26:47.772+0000][6972.140s][info ][safepoint     ] Application time: 82.9794312 seconds
[2023-10-30T21:26:47.773+0000][6972.141s][info ][safepoint     ] Entering safepoint region: G1CollectForAllocation
[2023-10-30T21:26:47.774+0000][6972.142s][info ][gc,start      ] GC(100) Pause Young (Normal) (G1 Evacuation Pause)
[2023-10-30T21:26:47.774+0000][6972.142s][info ][gc,task       ] GC(100) Using 8 workers of 8 for evacuation
[2023-10-30T21:26:47.783+0000][6972.152s][info ][gc,phases     ] GC(100)   Pre Evacuate Collection Set: 0.2ms
[2023-10-30T21:26:47.784+0000][6972.152s][info ][gc,phases     ] GC(100)   Evacuate Collection Set: 4.2ms
[2023-10-30T21:26:47.785+0000][6972.153s][info ][gc,phases     ] GC(100)   Post Evacuate Collection Set: 4.1ms
[2023-10-30T21:26:47.785+0000][6972.153s][info ][gc,phases     ] GC(100)   Other: 1.3ms
[2023-10-30T21:26:47.785+0000][6972.154s][info ][gc,heap       ] GC(100) Eden regions: 167->0(167)
[2023-10-30T21:26:47.786+0000][6972.154s][info ][gc,heap       ] GC(100) Survivor regions: 1->1(21)
[2023-10-30T21:26:47.786+0000][6972.155s][info ][gc,heap       ] GC(100) Old regions: 162->162
[2023-10-30T21:26:47.787+0000][6972.155s][info ][gc,heap       ] GC(100) Humongous regions: 0->0
[2023-10-30T21:26:47.787+0000][6972.156s][info ][gc,metaspace  ] GC(100) Metaspace: 168036K(173780K)->168036K(173780K) NonClass: 148645K(152200K)->148645K(152200K) Class: 19391K(21580K)->19391K(21580K)
[2023-10-30T21:26:47.788+0000][6972.156s][info ][gc            ] GC(100) Pause Young (Normal) (G1 Evacuation Pause) 328M->161M(372M) 14.458ms
[2023-10-30T21:26:47.788+0000][6972.157s][info ][gc,cpu        ] GC(100) User=0.05s Sys=0.01s Real=0.01s
[2023-10-30T21:26:47.789+0000][6972.157s][info ][safepoint     ] Leaving safepoint region
[2023-10-30T21:26:47.789+0000][6972.158s][info ][safepoint     ] Total time for which application threads were stopped: 0.0170210 seconds, Stopping threads took: 0.0007507 seconds
[2023-10-30T21:26:47.790+0000][6972.158s][info ][gc,stringdedup] Concurrent String Deduplication (6972.158s)
[2023-10-30T21:26:47.790+0000][6972.159s][info ][gc,stringdedup] Concurrent String Deduplication 0.0B->0.0B(0.0B) avg 54.5% (6972.158s, 6972.159s) 0.445ms
[2023-10-30T21:27:39.801+0000][7024.170s][debug][safepoint     ] Safepoint synchronization initiated. (174 threads)
[2023-10-30T21:27:39.802+0000][7024.171s][info ][safepoint     ] Application time: 52.0124821 seconds
[2023-10-30T21:27:39.802+0000][7024.171s][info ][safepoint     ] Entering safepoint region: Cleanup
[2023-10-30T21:27:39.803+0000][7024.172s][info ][safepoint     ] Leaving safepoint region
[2023-10-30T21:27:39.803+0000][7024.172s][info ][safepoint     ] Total time for which application threads were stopped: 0.0009199 seconds, Stopping threads took: 0.0003999 seconds
[2023-10-30T21:28:22.813+0000][7067.182s][debug][safepoint     ] Safepoint synchronization initiated. (176 threads)
[2023-10-30T21:28:22.813+0000][7067.182s][info ][safepoint     ] Application time: 43.0095739 seconds
[2023-10-30T21:28:22.813+0000][7067.182s][info ][safepoint     ] Entering safepoint region: Cleanup
[2023-10-30T21:28:22.814+0000][7067.183s][info ][safepoint     ] Leaving safepoint region
[2023-10-30T21:28:22.814+0000][7067.183s][info ][safepoint     ] Total time for which application threads were stopped: 0.0008865 seconds, Stopping threads took: 0.0003235 seconds
[2023-10-30T21:28:34.817+0000][7079.186s][debug][safepoint     ] Safepoint synchronization initiated. (175 threads)
[2023-10-30T21:28:34.817+0000][7079.186s][info ][safepoint     ] Application time: 12.0027179 seconds
[2023-10-30T21:28:34.818+0000][7079.187s][info ][safepoint     ] Entering safepoint region: Cleanup
[2023-10-30T21:28:34.819+0000][7079.188s][info ][safepoint     ] Leaving safepoint region
[2023-10-30T21:28:34.820+0000][7079.189s][info ][safepoint     ] Total time for which application threads were stopped: 0.0016565 seconds, Stopping threads took: 0.0006599 seconds
[2023-10-30T21:29:55.373+0000][7159.743s][debug][safepoint     ] Safepoint synchronization initiated. (174 threads)
[2023-10-30T21:29:55.374+0000][7159.743s][info ][safepoint     ] Application time: 80.5539893 seconds
[2023-10-30T21:29:55.374+0000][7159.744s][info ][safepoint     ] Entering safepoint region: G1CollectForAllocation
[2023-10-30T21:29:55.375+0000][7159.745s][info ][gc,start      ] GC(101) Pause Young (Normal) (G1 Evacuation Pause)
[2023-10-30T21:29:55.375+0000][7159.745s][info ][gc,task       ] GC(101) Using 8 workers of 8 for evacuation
[2023-10-30T21:29:55.389+0000][7159.759s][info ][gc,phases     ] GC(101)   Pre Evacuate Collection Set: 0.0ms
[2023-10-30T21:29:55.390+0000][7159.759s][info ][gc,phases     ] GC(101)   Evacuate Collection Set: 9.5ms
[2023-10-30T21:29:55.390+0000][7159.760s][info ][gc,phases     ] GC(101)   Post Evacuate Collection Set: 3.7ms
[2023-10-30T21:29:55.391+0000][7159.761s][info ][gc,phases     ] GC(101)   Other: 1.0ms
[2023-10-30T21:29:55.392+0000][7159.761s][info ][gc,heap       ] GC(101) Eden regions: 167->0(166)
[2023-10-30T21:29:55.392+0000][7159.762s][info ][gc,heap       ] GC(101) Survivor regions: 1->2(21)
[2023-10-30T21:29:55.393+0000][7159.762s][info ][gc,heap       ] GC(101) Old regions: 162->162
[2023-10-30T21:29:55.393+0000][7159.763s][info ][gc,heap       ] GC(101) Humongous regions: 0->0
[2023-10-30T21:29:55.394+0000][7159.763s][info ][gc,metaspace  ] GC(101) Metaspace: 168041K(173780K)->168041K(173780K) NonClass: 148650K(152200K)->148650K(152200K) Class: 19391K(21580K)->19391K(21580K)
[2023-10-30T21:29:55.394+0000][7159.764s][info ][gc            ] GC(101) Pause Young (Normal) (G1 Evacuation Pause) 328M->161M(372M) 19.206ms
[2023-10-30T21:29:55.395+0000][7159.764s][info ][gc,cpu        ] GC(101) User=0.10s Sys=0.00s Real=0.02s
[2023-10-30T21:29:55.395+0000][7159.765s][info ][safepoint     ] Leaving safepoint region
[2023-10-30T21:29:55.396+0000][7159.765s][info ][safepoint     ] Total time for which application threads were stopped: 0.0215830 seconds, Stopping threads took: 0.0005633 seconds
[2023-10-30T21:29:55.396+0000][7159.766s][info ][gc,stringdedup] Concurrent String Deduplication (7159.766s)
[2023-10-30T21:29:55.397+0000][7159.766s][info ][gc,stringdedup] Concurrent String Deduplication 0.0B->0.0B(0.0B) avg 54.5% (7159.766s, 7159.766s) 0.450ms
[2023-10-30T21:30:08.399+0000][7172.769s][debug][safepoint     ] Safepoint synchronization initiated. (176 threads)
[2023-10-30T21:30:08.439+0000][7172.808s][info ][safepoint     ] Application time: 13.0422519 seconds
[2023-10-30T21:30:08.439+0000][7172.809s][info ][safepoint     ] Entering safepoint region: Cleanup
[2023-10-30T21:30:08.441+0000][7172.810s][info ][safepoint     ] Leaving safepoint region
[2023-10-30T21:30:08.441+0000][7172.811s][info ][safepoint     ] Total time for which application threads were stopped: 0.0021241 seconds, Stopping threads took: 0.0009271 seconds
[2023-10-30T21:30:18.444+0000][7182.814s][debug][safepoint     ] Safepoint synchronization initiated. (176 threads)
[2023-10-30T21:30:18.445+0000][7182.814s][info ][safepoint     ] Application time: 10.0025898 seconds
[2023-10-30T21:30:18.445+0000][7182.814s][info ][safepoint     ] Entering safepoint region: Cleanup
[2023-10-30T21:30:18.446+0000][7182.815s][info ][safepoint     ] Leaving safepoint region
[2023-10-30T21:30:18.446+0000][7182.815s][info ][safepoint     ] Total time for which application threads were stopped: 0.0011276 seconds, Stopping threads took: 0.0005197 seconds
[2023-10-30T21:30:21.447+0000][7185.817s][debug][safepoint     ] Safepoint synchronization initiated. (176 threads)
[2023-10-30T21:30:21.448+0000][7185.817s][info ][safepoint     ] Application time: 3.0011877 seconds
[2023-10-30T21:30:21.448+0000][7185.817s][info ][safepoint     ] Entering safepoint region: Cleanup
[2023-10-30T21:30:21.448+0000][7185.818s][info ][safepoint     ] Leaving safepoint region
[2023-10-30T21:30:21.449+0000][7185.818s][info ][safepoint     ] Total time for which application threads were stopped: 0.0009876 seconds, Stopping threads took: 0.0003173 seconds
[2023-10-30T21:31:10.460+0000][7234.830s][debug][safepoint     ] Safepoint synchronization initiated. (175 threads)
[2023-10-30T21:31:10.461+0000][7234.831s][info ][safepoint     ] Application time: 49.0119719 seconds
[2023-10-30T21:31:10.462+0000][7234.831s][info ][safepoint     ] Entering safepoint region: Cleanup
[2023-10-30T21:31:10.463+0000][7234.832s][info ][safepoint     ] Leaving safepoint region
[2023-10-30T21:31:10.464+0000][7234.833s][info ][safepoint     ] Total time for which application threads were stopped: 0.0016694 seconds, Stopping threads took: 0.0008060 seconds
[2023-10-30T21:32:10.478+0000][7294.847s][debug][safepoint     ] Safepoint synchronization initiated. (174 threads)
[2023-10-30T21:32:10.480+0000][7294.850s][info ][safepoint     ] Application time: 60.0160075 seconds
[2023-10-30T21:32:10.481+0000][7294.850s][info ][safepoint     ] Entering safepoint region: Cleanup
[2023-10-30T21:32:10.481+0000][7294.851s][info ][safepoint     ] Leaving safepoint region
[2023-10-30T21:32:10.482+0000][7294.852s][info ][safepoint     ] Total time for which application threads were stopped: 0.0012969 seconds, Stopping threads took: 0.0005168 seconds
[2023-10-30T21:32:40.489+0000][7324.859s][debug][safepoint     ] Safepoint synchronization initiated. (174 threads)
[2023-10-30T21:32:40.490+0000][7324.859s][info ][safepoint     ] Application time: 30.0070535 seconds
[2023-10-30T21:32:40.490+0000][7324.860s][info ][safepoint     ] Entering safepoint region: Cleanup
[2023-10-30T21:32:40.491+0000][7324.860s][info ][safepoint     ] Leaving safepoint region
[2023-10-30T21:32:40.491+0000][7324.861s][info ][safepoint     ] Total time for which application threads were stopped: 0.0009626 seconds, Stopping threads took: 0.0003582 seconds
[2023-10-30T21:33:00.495+0000][7344.865s][debug][safepoint     ] Safepoint synchronization initiated. (174 threads)
[2023-10-30T21:33:00.495+0000][7344.866s][info ][safepoint     ] Application time: 20.0045860 seconds
[2023-10-30T21:33:00.495+0000][7344.866s][info ][safepoint     ] Entering safepoint region: Cleanup
[2023-10-30T21:33:00.496+0000][7344.866s][info ][safepoint     ] Leaving safepoint region
[2023-10-30T21:33:00.496+0000][7344.867s][info ][safepoint     ] Total time for which application threads were stopped: 0.0008362 seconds, Stopping threads took: 0.0003266 seconds
[2023-10-30T21:33:02.469+0000][7346.839s][debug][safepoint     ] Safepoint synchronization initiated. (174 threads)
[2023-10-30T21:33:02.470+0000][7346.840s][info ][safepoint     ] Application time: 1.9730009 seconds
[2023-10-30T21:33:02.470+0000][7346.841s][info ][safepoint     ] Entering safepoint region: G1CollectForAllocation
[2023-10-30T21:33:02.472+0000][7346.842s][info ][gc,start      ] GC(102) Pause Young (Normal) (G1 Evacuation Pause)
[2023-10-30T21:33:02.472+0000][7346.843s][info ][gc,task       ] GC(102) Using 8 workers of 8 for evacuation
[2023-10-30T21:33:02.479+0000][7346.850s][info ][gc,phases     ] GC(102)   Pre Evacuate Collection Set: 0.1ms
[2023-10-30T21:33:02.480+0000][7346.850s][info ][gc,phases     ] GC(102)   Evacuate Collection Set: 3.1ms
[2023-10-30T21:33:02.480+0000][7346.851s][info ][gc,phases     ] GC(102)   Post Evacuate Collection Set: 2.8ms
[2023-10-30T21:33:02.481+0000][7346.851s][info ][gc,phases     ] GC(102)   Other: 1.7ms
[2023-10-30T21:33:02.481+0000][7346.852s][info ][gc,heap       ] GC(102) Eden regions: 166->0(166)
[2023-10-30T21:33:02.482+0000][7346.852s][info ][gc,heap       ] GC(102) Survivor regions: 2->2(21)
[2023-10-30T21:33:02.482+0000][7346.852s][info ][gc,heap       ] GC(102) Old regions: 162->162
[2023-10-30T21:33:02.482+0000][7346.853s][info ][gc,heap       ] GC(102) Humongous regions: 0->0
[2023-10-30T21:33:02.483+0000][7346.853s][info ][gc,metaspace  ] GC(102) Metaspace: 168050K(173780K)->168050K(173780K) NonClass: 148659K(152200K)->148659K(152200K) Class: 19391K(21580K)->19391K(21580K)
[2023-10-30T21:33:02.483+0000][7346.854s][info ][gc            ] GC(102) Pause Young (Normal) (G1 Evacuation Pause) 327M->161M(372M) 11.601ms
[2023-10-30T21:33:02.484+0000][7346.854s][info ][gc,cpu        ] GC(102) User=0.03s Sys=0.00s Real=0.01s
[2023-10-30T21:33:02.484+0000][7346.855s][info ][safepoint     ] Leaving safepoint region
[2023-10-30T21:33:02.485+0000][7346.855s][info ][safepoint     ] Total time for which application threads were stopped: 0.0140700 seconds, Stopping threads took: 0.0008266 seconds
[2023-10-30T21:33:02.485+0000][7346.855s][info ][gc,stringdedup] Concurrent String Deduplication (7346.855s)
[2023-10-30T21:33:02.485+0000][7346.856s][info ][gc,stringdedup] Concurrent String Deduplication 40.0B->40.0B(0.0B) avg 54.5% (7346.855s, 7346.856s) 0.440ms
[2023-10-30T21:33:17.488+0000][7361.859s][debug][safepoint     ] Safepoint synchronization initiated. (174 threads)
[2023-10-30T21:33:17.489+0000][7361.860s][info ][safepoint     ] Application time: 15.0046158 seconds
[2023-10-30T21:33:17.490+0000][7361.861s][info ][safepoint     ] Entering safepoint region: Cleanup
[2023-10-30T21:33:17.491+0000][7361.862s][info ][safepoint     ] Leaving safepoint region
[2023-10-30T21:33:17.492+0000][7361.862s][info ][safepoint     ] Total time for which application threads were stopped: 0.0017065 seconds, Stopping threads took: 0.0007131 seconds
[2023-10-30T21:35:10.520+0000][7474.889s][debug][safepoint     ] Safepoint synchronization initiated. (174 threads)
[2023-10-30T21:35:10.521+0000][7474.891s][info ][safepoint     ] Application time: 113.0275145 seconds
[2023-10-30T21:35:10.522+0000][7474.891s][info ][safepoint     ] Entering safepoint region: Cleanup
[2023-10-30T21:35:10.523+0000][7474.892s][info ][safepoint     ] Leaving safepoint region
[2023-10-30T21:35:10.524+0000][7474.893s][info ][safepoint     ] Total time for which application threads were stopped: 0.0016113 seconds, Stopping threads took: 0.0006927 seconds
[2023-10-30T21:35:17.526+0000][7481.895s][debug][safepoint     ] Safepoint synchronization initiated. (174 threads)
[2023-10-30T21:35:17.527+0000][7481.896s][info ][safepoint     ] Application time: 7.0026951 seconds
[2023-10-30T21:35:17.528+0000][7481.897s][info ][safepoint     ] Entering safepoint region: Cleanup
[2023-10-30T21:35:17.529+0000][7481.898s][info ][safepoint     ] Leaving safepoint region
[2023-10-30T21:35:17.531+0000][7481.900s][info ][safepoint     ] Total time for which application threads were stopped: 0.0029426 seconds, Stopping threads took: 0.0006510 seconds
[2023-10-30T21:36:10.069+0000][7534.438s][debug][safepoint     ] Safepoint synchronization initiated. (174 threads)
[2023-10-30T21:36:10.069+0000][7534.438s][info ][safepoint     ] Application time: 52.5376368 seconds
[2023-10-30T21:36:10.070+0000][7534.439s][info ][safepoint     ] Entering safepoint region: G1CollectForAllocation
[2023-10-30T21:36:10.070+0000][7534.439s][info ][gc,start      ] GC(103) Pause Young (Normal) (G1 Evacuation Pause)
[2023-10-30T21:36:10.070+0000][7534.440s][info ][gc,task       ] GC(103) Using 8 workers of 8 for evacuation
[2023-10-30T21:36:10.086+0000][7534.455s][info ][gc,phases     ] GC(103)   Pre Evacuate Collection Set: 0.0ms
[2023-10-30T21:36:10.087+0000][7534.456s][info ][gc,phases     ] GC(103)   Evacuate Collection Set: 12.1ms
[2023-10-30T21:36:10.087+0000][7534.457s][info ][gc,phases     ] GC(103)   Post Evacuate Collection Set: 3.2ms
[2023-10-30T21:36:10.088+0000][7534.457s][info ][gc,phases     ] GC(103)   Other: 0.9ms
[2023-10-30T21:36:10.088+0000][7534.458s][info ][gc,heap       ] GC(103) Eden regions: 166->0(167)
[2023-10-30T21:36:10.089+0000][7534.458s][info ][gc,heap       ] GC(103) Survivor regions: 2->2(21)
[2023-10-30T21:36:10.089+0000][7534.459s][info ][gc,heap       ] GC(103) Old regions: 162->162
[2023-10-30T21:36:10.090+0000][7534.459s][info ][gc,heap       ] GC(103) Humongous regions: 0->0
[2023-10-30T21:36:10.090+0000][7534.460s][info ][gc,metaspace  ] GC(103) Metaspace: 168065K(173780K)->168065K(173780K) NonClass: 148674K(152200K)->148674K(152200K) Class: 19391K(21580K)->19391K(21580K)
[2023-10-30T21:36:10.091+0000][7534.460s][info ][gc            ] GC(103) Pause Young (Normal) (G1 Evacuation Pause) 327M->161M(372M) 20.771ms
[2023-10-30T21:36:10.091+0000][7534.461s][info ][gc,cpu        ] GC(103) User=0.11s Sys=0.00s Real=0.02s
[2023-10-30T21:36:10.092+0000][7534.461s][info ][safepoint     ] Leaving safepoint region
[2023-10-30T21:36:10.092+0000][7534.462s][info ][safepoint     ] Total time for which application threads were stopped: 0.0228006 seconds, Stopping threads took: 0.0003293 seconds
[2023-10-30T21:36:10.093+0000][7534.462s][info ][gc,stringdedup] Concurrent String Deduplication (7534.462s)
[2023-10-30T21:36:10.094+0000][7534.463s][info ][gc,stringdedup] Concurrent String Deduplication 18880.0B->0.0B(18880.0B) avg 54.5% (7534.462s, 7534.463s) 0.564ms
[2023-10-30T21:36:17.094+0000][7541.464s][debug][safepoint     ] Safepoint synchronization initiated. (174 threads)
[2023-10-30T21:36:17.095+0000][7541.465s][info ][safepoint     ] Application time: 7.0023795 seconds
[2023-10-30T21:36:17.096+0000][7541.465s][info ][safepoint     ] Entering safepoint region: Cleanup
[2023-10-30T21:36:17.097+0000][7541.466s][info ][safepoint     ] Leaving safepoint region
[2023-10-30T21:36:17.097+0000][7541.467s][info ][safepoint     ] Total time for which application threads were stopped: 0.0015783 seconds, Stopping threads took: 0.0007211 seconds
[2023-10-30T21:38:09.122+0000][7653.491s][debug][safepoint     ] Safepoint synchronization initiated. (174 threads)
[2023-10-30T21:38:09.123+0000][7653.492s][info ][safepoint     ] Application time: 112.0244230 seconds
[2023-10-30T21:38:09.123+0000][7653.493s][info ][safepoint     ] Entering safepoint region: Cleanup
[2023-10-30T21:38:09.125+0000][7653.494s][info ][safepoint     ] Leaving safepoint region
[2023-10-30T21:38:09.125+0000][7653.495s][info ][safepoint     ] Total time for which application threads were stopped: 0.0019580 seconds, Stopping threads took: 0.0008545 seconds
[2023-10-30T21:38:21.129+0000][7665.498s][debug][safepoint     ] Safepoint synchronization initiated. (174 threads)
[2023-10-30T21:38:21.129+0000][7665.498s][info ][safepoint     ] Application time: 12.0030484 seconds
[2023-10-30T21:38:21.130+0000][7665.499s][info ][safepoint     ] Entering safepoint region: Cleanup
[2023-10-30T21:38:21.130+0000][7665.500s][info ][safepoint     ] Leaving safepoint region
[2023-10-30T21:38:21.131+0000][7665.500s][info ][safepoint     ] Total time for which application threads were stopped: 0.0012721 seconds, Stopping threads took: 0.0005308 seconds
[2023-10-30T21:38:57.139+0000][7701.509s][debug][safepoint     ] Safepoint synchronization initiated. (174 threads)
[2023-10-30T21:38:57.140+0000][7701.510s][info ][safepoint     ] Application time: 36.0092235 seconds
[2023-10-30T21:38:57.142+0000][7701.511s][debug][safepoint     ] ... found polling page return exception at pc = 0x00007f31608af721, stub =0x00007f3158840600
[2023-10-30T21:38:57.143+0000][7701.512s][debug][safepoint     ] Waiting for 1 thread(s) to block
[2023-10-30T21:38:57.144+0000][7701.513s][info ][safepoint     ] Entering safepoint region: Cleanup
[2023-10-30T21:38:57.145+0000][7701.515s][info ][safepoint     ] Leaving safepoint region
[2023-10-30T21:38:57.145+0000][7701.515s][info ][safepoint     ] Total time for which application threads were stopped: 0.0041326 seconds, Stopping threads took: 0.0032460 seconds
[2023-10-30T21:39:17.151+0000][7721.520s][debug][safepoint     ] Safepoint synchronization initiated. (174 threads)
[2023-10-30T21:39:17.152+0000][7721.521s][info ][safepoint     ] Application time: 20.0056869 seconds
[2023-10-30T21:39:17.153+0000][7721.522s][info ][safepoint     ] Entering safepoint region: Cleanup
[2023-10-30T21:39:17.154+0000][7721.524s][info ][safepoint     ] Leaving safepoint region
[2023-10-30T21:39:17.155+0000][7721.524s][info ][safepoint     ] Total time for which application threads were stopped: 0.0020769 seconds, Stopping threads took: 0.0009035 seconds
[2023-10-30T21:39:18.807+0000][7723.177s][debug][safepoint     ] Safepoint synchronization initiated. (174 threads)
[2023-10-30T21:39:18.808+0000][7723.178s][info ][safepoint     ] Application time: 1.6527459 seconds
[2023-10-30T21:39:18.809+0000][7723.179s][info ][safepoint     ] Entering safepoint region: G1CollectForAllocation
[2023-10-30T21:39:18.810+0000][7723.180s][info ][gc,start      ] GC(104) Pause Young (Normal) (G1 Evacuation Pause)
[2023-10-30T21:39:18.811+0000][7723.181s][info ][gc,task       ] GC(104) Using 8 workers of 8 for evacuation
[2023-10-30T21:39:18.816+0000][7723.186s][info ][gc,phases     ] GC(104)   Pre Evacuate Collection Set: 0.0ms
[2023-10-30T21:39:18.817+0000][7723.186s][info ][gc,phases     ] GC(104)   Evacuate Collection Set: 1.1ms
[2023-10-30T21:39:18.817+0000][7723.187s][info ][gc,phases     ] GC(104)   Post Evacuate Collection Set: 2.5ms
[2023-10-30T21:39:18.818+0000][7723.188s][info ][gc,phases     ] GC(104)   Other: 1.9ms
[2023-10-30T21:39:18.818+0000][7723.188s][info ][gc,heap       ] GC(104) Eden regions: 167->0(168)
[2023-10-30T21:39:18.819+0000][7723.189s][info ][gc,heap       ] GC(104) Survivor regions: 2->1(22)
[2023-10-30T21:39:18.819+0000][7723.189s][info ][gc,heap       ] GC(104) Old regions: 162->162
[2023-10-30T21:39:18.820+0000][7723.190s][info ][gc,heap       ] GC(104) Humongous regions: 0->0
[2023-10-30T21:39:18.820+0000][7723.190s][info ][gc,metaspace  ] GC(104) Metaspace: 168120K(173780K)->168120K(173780K) NonClass: 148729K(152200K)->148729K(152200K) Class: 19391K(21580K)->19391K(21580K)
[2023-10-30T21:39:18.821+0000][7723.191s][info ][gc            ] GC(104) Pause Young (Normal) (G1 Evacuation Pause) 328M->161M(372M) 10.509ms
[2023-10-30T21:39:18.821+0000][7723.191s][info ][gc,cpu        ] GC(104) User=0.01s Sys=0.02s Real=0.02s
[2023-10-30T21:39:18.822+0000][7723.192s][info ][safepoint     ] Leaving safepoint region
[2023-10-30T21:39:18.822+0000][7723.192s][info ][safepoint     ] Total time for which application threads were stopped: 0.0129845 seconds, Stopping threads took: 0.0008041 seconds
[2023-10-30T21:39:18.823+0000][7723.193s][info ][gc,stringdedup] Concurrent String Deduplication (7723.193s)
[2023-10-30T21:39:18.823+0000][7723.193s][info ][gc,stringdedup] Concurrent String Deduplication 13688.0B->48.0B(13640.0B) avg 54.5% (7723.193s, 7723.193s) 0.512ms
[2023-10-30T21:40:20.835+0000][7785.205s][debug][safepoint     ] Safepoint synchronization initiated. (174 threads)
[2023-10-30T21:40:20.836+0000][7785.206s][info ][safepoint     ] Application time: 62.0130475 seconds
[2023-10-30T21:40:20.836+0000][7785.206s][info ][safepoint     ] Entering safepoint region: Cleanup
[2023-10-30T21:40:20.837+0000][7785.207s][info ][safepoint     ] Leaving safepoint region
[2023-10-30T21:40:20.837+0000][7785.207s][info ][safepoint     ] Total time for which application threads were stopped: 0.0009821 seconds, Stopping threads took: 0.0003625 seconds
[2023-10-30T21:42:29.028+0000][7913.398s][debug][safepoint     ] Safepoint synchronization initiated. (175 threads)
[2023-10-30T21:42:29.028+0000][7913.398s][info ][safepoint     ] Application time: 128.1908661 seconds
[2023-10-30T21:42:29.029+0000][7913.399s][info ][safepoint     ] Entering safepoint region: G1CollectForAllocation
[2023-10-30T21:42:29.029+0000][7913.399s][info ][gc,start      ] GC(105) Pause Young (Normal) (G1 Evacuation Pause)
[2023-10-30T21:42:29.030+0000][7913.400s][info ][gc,task       ] GC(105) Using 8 workers of 8 for evacuation
[2023-10-30T21:42:29.034+0000][7913.404s][info ][gc,phases     ] GC(105)   Pre Evacuate Collection Set: 0.0ms
[2023-10-30T21:42:29.035+0000][7913.405s][info ][gc,phases     ] GC(105)   Evacuate Collection Set: 1.0ms
[2023-10-30T21:42:29.035+0000][7913.405s][info ][gc,phases     ] GC(105)   Post Evacuate Collection Set: 2.5ms
[2023-10-30T21:42:29.036+0000][7913.406s][info ][gc,phases     ] GC(105)   Other: 1.0ms
[2023-10-30T21:42:29.036+0000][7913.406s][info ][gc,heap       ] GC(105) Eden regions: 168->0(168)
[2023-10-30T21:42:29.036+0000][7913.407s][info ][gc,heap       ] GC(105) Survivor regions: 1->1(22)
[2023-10-30T21:42:29.037+0000][7913.407s][info ][gc,heap       ] GC(105) Old regions: 162->162
[2023-10-30T21:42:29.037+0000][7913.407s][info ][gc,heap       ] GC(105) Humongous regions: 0->0
[2023-10-30T21:42:29.038+0000][7913.408s][info ][gc,metaspace  ] GC(105) Metaspace: 168128K(173780K)->168128K(173780K) NonClass: 148737K(152200K)->148737K(152200K) Class: 19391K(21580K)->19391K(21580K)
[2023-10-30T21:42:29.038+0000][7913.408s][info ][gc            ] GC(105) Pause Young (Normal) (G1 Evacuation Pause) 329M->161M(372M) 8.719ms
[2023-10-30T21:42:29.038+0000][7913.409s][info ][gc,cpu        ] GC(105) User=0.02s Sys=0.00s Real=0.01s
[2023-10-30T21:42:29.039+0000][7913.409s][info ][safepoint     ] Leaving safepoint region
[2023-10-30T21:42:29.039+0000][7913.409s][info ][safepoint     ] Total time for which application threads were stopped: 0.0107327 seconds, Stopping threads took: 0.0004492 seconds
[2023-10-30T21:42:29.040+0000][7913.410s][info ][gc,stringdedup] Concurrent String Deduplication (7913.410s)
[2023-10-30T21:42:29.040+0000][7913.410s][info ][gc,stringdedup] Concurrent String Deduplication 24.0B->0.0B(24.0B) avg 54.5% (7913.410s, 7913.410s) 0.496ms
[2023-10-30T21:43:10.046+0000][7954.416s][debug][safepoint     ] Safepoint synchronization initiated. (174 threads)
[2023-10-30T21:43:10.046+0000][7954.417s][info ][safepoint     ] Application time: 41.0068179 seconds
[2023-10-30T21:43:10.047+0000][7954.417s][info ][safepoint     ] Entering safepoint region: Cleanup
[2023-10-30T21:43:10.047+0000][7954.418s][info ][safepoint     ] Leaving safepoint region
[2023-10-30T21:43:10.048+0000][7954.418s][info ][safepoint     ] Total time for which application threads were stopped: 0.0009904 seconds, Stopping threads took: 0.0003533 seconds
[2023-10-30T21:43:21.050+0000][7965.421s][debug][safepoint     ] Safepoint synchronization initiated. (174 threads)
[2023-10-30T21:43:21.051+0000][7965.421s][info ][safepoint     ] Application time: 11.0031410 seconds
[2023-10-30T21:43:21.052+0000][7965.422s][info ][safepoint     ] Entering safepoint region: Cleanup
[2023-10-30T21:43:21.052+0000][7965.423s][info ][safepoint     ] Leaving safepoint region
[2023-10-30T21:43:21.053+0000][7965.423s][info ][safepoint     ] Total time for which application threads were stopped: 0.0012501 seconds, Stopping threads took: 0.0005469 seconds
[2023-10-30T21:45:17.076+0000][8081.446s][debug][safepoint     ] Safepoint synchronization initiated. (174 threads)
[2023-10-30T21:45:17.077+0000][8081.447s][info ][safepoint     ] Application time: 116.0229877 seconds
[2023-10-30T21:45:17.077+0000][8081.447s][info ][safepoint     ] Entering safepoint region: Cleanup
[2023-10-30T21:45:17.078+0000][8081.448s][info ][safepoint     ] Leaving safepoint region
[2023-10-30T21:45:17.078+0000][8081.448s][info ][safepoint     ] Total time for which application threads were stopped: 0.0011151 seconds, Stopping threads took: 0.0004721 seconds
[2023-10-30T21:45:39.167+0000][8103.537s][debug][safepoint     ] Safepoint synchronization initiated. (174 threads)
[2023-10-30T21:45:39.168+0000][8103.538s][info ][safepoint     ] Application time: 22.0899112 seconds
[2023-10-30T21:45:39.169+0000][8103.539s][info ][safepoint     ] Entering safepoint region: G1CollectForAllocation
[2023-10-30T21:45:39.170+0000][8103.540s][info ][gc,start      ] GC(106) Pause Young (Normal) (G1 Evacuation Pause)
[2023-10-30T21:45:39.171+0000][8103.541s][info ][gc,task       ] GC(106) Using 8 workers of 8 for evacuation
[2023-10-30T21:45:39.176+0000][8103.546s][info ][gc,phases     ] GC(106)   Pre Evacuate Collection Set: 0.0ms
[2023-10-30T21:45:39.176+0000][8103.546s][info ][gc,phases     ] GC(106)   Evacuate Collection Set: 1.6ms
[2023-10-30T21:45:39.177+0000][8103.547s][info ][gc,phases     ] GC(106)   Post Evacuate Collection Set: 2.4ms
[2023-10-30T21:45:39.177+0000][8103.547s][info ][gc,phases     ] GC(106)   Other: 1.3ms
[2023-10-30T21:45:39.178+0000][8103.548s][info ][gc,heap       ] GC(106) Eden regions: 168->0(168)
[2023-10-30T21:45:39.178+0000][8103.548s][info ][gc,heap       ] GC(106) Survivor regions: 1->1(22)
[2023-10-30T21:45:39.179+0000][8103.549s][info ][gc,heap       ] GC(106) Old regions: 162->162
[2023-10-30T21:45:39.179+0000][8103.549s][info ][gc,heap       ] GC(106) Humongous regions: 0->0
[2023-10-30T21:45:39.179+0000][8103.549s][info ][gc,metaspace  ] GC(106) Metaspace: 168131K(173780K)->168131K(173780K) NonClass: 148740K(152200K)->148740K(152200K) Class: 19391K(21580K)->19391K(21580K)
[2023-10-30T21:45:39.180+0000][8103.550s][info ][gc            ] GC(106) Pause Young (Normal) (G1 Evacuation Pause) 329M->161M(372M) 9.509ms
[2023-10-30T21:45:39.180+0000][8103.550s][info ][gc,cpu        ] GC(106) User=0.02s Sys=0.01s Real=0.01s
[2023-10-30T21:45:39.181+0000][8103.551s][info ][safepoint     ] Leaving safepoint region
[2023-10-30T21:45:39.181+0000][8103.551s][info ][safepoint     ] Total time for which application threads were stopped: 0.0121653 seconds, Stopping threads took: 0.0008243 seconds
[2023-10-30T21:45:39.182+0000][8103.552s][info ][gc,stringdedup] Concurrent String Deduplication (8103.552s)
[2023-10-30T21:45:39.182+0000][8103.552s][info ][gc,stringdedup] Concurrent String Deduplication 24.0B->0.0B(24.0B) avg 54.5% (8103.552s, 8103.552s) 0.460ms
[2023-10-30T21:48:49.108+0000][8293.478s][debug][safepoint     ] Safepoint synchronization initiated. (174 threads)
[2023-10-30T21:48:49.109+0000][8293.479s][info ][safepoint     ] Application time: 189.9275474 seconds
[2023-10-30T21:48:49.110+0000][8293.480s][info ][safepoint     ] Entering safepoint region: G1CollectForAllocation
[2023-10-30T21:48:49.111+0000][8293.481s][info ][gc,start      ] GC(107) Pause Young (Normal) (G1 Evacuation Pause)
[2023-10-30T21:48:49.111+0000][8293.482s][info ][gc,task       ] GC(107) Using 8 workers of 8 for evacuation
[2023-10-30T21:48:49.116+0000][8293.487s][info ][gc,phases     ] GC(107)   Pre Evacuate Collection Set: 0.0ms
[2023-10-30T21:48:49.117+0000][8293.487s][info ][gc,phases     ] GC(107)   Evacuate Collection Set: 1.8ms
[2023-10-30T21:48:49.118+0000][8293.488s][info ][gc,phases     ] GC(107)   Post Evacuate Collection Set: 2.4ms
[2023-10-30T21:48:49.118+0000][8293.489s][info ][gc,phases     ] GC(107)   Other: 1.6ms
[2023-10-30T21:48:49.119+0000][8293.489s][info ][gc,heap       ] GC(107) Eden regions: 168->0(168)
[2023-10-30T21:48:49.119+0000][8293.490s][info ][gc,heap       ] GC(107) Survivor regions: 1->1(22)
[2023-10-30T21:48:49.120+0000][8293.490s][info ][gc,heap       ] GC(107) Old regions: 162->162
[2023-10-30T21:48:49.120+0000][8293.491s][info ][gc,heap       ] GC(107) Humongous regions: 0->0
[2023-10-30T21:48:49.120+0000][8293.491s][info ][gc,metaspace  ] GC(107) Metaspace: 168131K(173780K)->168131K(173780K) NonClass: 148740K(152200K)->148740K(152200K) Class: 19391K(21580K)->19391K(21580K)
[2023-10-30T21:48:49.121+0000][8293.491s][info ][gc            ] GC(107) Pause Young (Normal) (G1 Evacuation Pause) 329M->161M(372M) 10.217ms
[2023-10-30T21:48:49.121+0000][8293.492s][info ][gc,cpu        ] GC(107) User=0.02s Sys=0.01s Real=0.01s
[2023-10-30T21:48:49.122+0000][8293.492s][info ][safepoint     ] Leaving safepoint region
[2023-10-30T21:48:49.122+0000][8293.493s][info ][safepoint     ] Total time for which application threads were stopped: 0.0124016 seconds, Stopping threads took: 0.0007346 seconds
[2023-10-30T21:49:16.129+0000][8320.499s][debug][safepoint     ] Safepoint synchronization initiated. (174 threads)
[2023-10-30T21:49:16.130+0000][8320.501s][info ][safepoint     ] Application time: 27.0075034 seconds
[2023-10-30T21:49:16.131+0000][8320.501s][info ][safepoint     ] Entering safepoint region: Cleanup
[2023-10-30T21:49:16.132+0000][8320.502s][info ][safepoint     ] Leaving safepoint region
[2023-10-30T21:49:16.133+0000][8320.503s][info ][safepoint     ] Total time for which application threads were stopped: 0.0019895 seconds, Stopping threads took: 0.0008082 seconds
[2023-10-30T21:49:37.138+0000][8341.508s][debug][safepoint     ] Safepoint synchronization initiated. (174 threads)
[2023-10-30T21:49:37.139+0000][8341.509s][info ][safepoint     ] Application time: 21.0053338 seconds
[2023-10-30T21:49:37.139+0000][8341.510s][info ][safepoint     ] Entering safepoint region: Cleanup
[2023-10-30T21:49:37.140+0000][8341.511s][info ][safepoint     ] Leaving safepoint region
[2023-10-30T21:49:37.141+0000][8341.511s][info ][safepoint     ] Total time for which application threads were stopped: 0.0013843 seconds, Stopping threads took: 0.0005770 seconds
[2023-10-30T21:50:10.148+0000][8374.519s][debug][safepoint     ] Safepoint synchronization initiated. (174 threads)
[2023-10-30T21:50:10.149+0000][8374.520s][info ][safepoint     ] Application time: 33.0083813 seconds
[2023-10-30T21:50:10.150+0000][8374.521s][info ][safepoint     ] Entering safepoint region: Cleanup
[2023-10-30T21:50:10.150+0000][8374.521s][info ][safepoint     ] Leaving safepoint region
[2023-10-30T21:50:10.151+0000][8374.522s][info ][safepoint     ] Total time for which application threads were stopped: 0.0013156 seconds, Stopping threads took: 0.0004658 seconds
[2023-10-30T21:51:09.163+0000][8433.535s][debug][safepoint     ] Safepoint synchronization initiated. (174 threads)
[2023-10-30T21:51:09.165+0000][8433.536s][info ][safepoint     ] Application time: 59.0139357 seconds
[2023-10-30T21:51:09.166+0000][8433.537s][info ][safepoint     ] Entering safepoint region: Cleanup
[2023-10-30T21:51:09.167+0000][8433.539s][info ][safepoint     ] Leaving safepoint region
[2023-10-30T21:51:09.168+0000][8433.540s][info ][safepoint     ] Total time for which application threads were stopped: 0.0022572 seconds, Stopping threads took: 0.0009923 seconds
[2023-10-30T21:51:58.970+0000][8483.341s][debug][safepoint     ] Safepoint synchronization initiated. (174 threads)
[2023-10-30T21:51:58.971+0000][8483.342s][info ][safepoint     ] Application time: 49.8017993 seconds
[2023-10-30T21:51:58.972+0000][8483.343s][info ][safepoint     ] Entering safepoint region: G1CollectForAllocation
[2023-10-30T21:51:58.973+0000][8483.344s][info ][gc,start      ] GC(108) Pause Young (Normal) (G1 Evacuation Pause)
[2023-10-30T21:51:58.974+0000][8483.345s][info ][gc,task       ] GC(108) Using 8 workers of 8 for evacuation
[2023-10-30T21:51:58.978+0000][8483.350s][info ][gc,phases     ] GC(108)   Pre Evacuate Collection Set: 0.0ms
[2023-10-30T21:51:58.979+0000][8483.350s][info ][gc,phases     ] GC(108)   Evacuate Collection Set: 1.1ms
[2023-10-30T21:51:58.980+0000][8483.351s][info ][gc,phases     ] GC(108)   Post Evacuate Collection Set: 2.5ms
[2023-10-30T21:51:58.980+0000][8483.351s][info ][gc,phases     ] GC(108)   Other: 1.7ms
[2023-10-30T21:51:58.981+0000][8483.352s][info ][gc,heap       ] GC(108) Eden regions: 168->0(168)
[2023-10-30T21:51:58.981+0000][8483.352s][info ][gc,heap       ] GC(108) Survivor regions: 1->1(22)
[2023-10-30T21:51:58.981+0000][8483.353s][info ][gc,heap       ] GC(108) Old regions: 162->162
[2023-10-30T21:51:58.982+0000][8483.353s][info ][gc,heap       ] GC(108) Humongous regions: 0->0
[2023-10-30T21:51:58.982+0000][8483.354s][info ][gc,metaspace  ] GC(108) Metaspace: 168141K(173780K)->168141K(173780K) NonClass: 148750K(152200K)->148750K(152200K) Class: 19391K(21580K)->19391K(21580K)
[2023-10-30T21:51:58.983+0000][8483.354s][info ][gc            ] GC(108) Pause Young (Normal) (G1 Evacuation Pause) 329M->161M(372M) 9.617ms
[2023-10-30T21:51:58.983+0000][8483.354s][info ][gc,cpu        ] GC(108) User=0.01s Sys=0.00s Real=0.01s
[2023-10-30T21:51:58.983+0000][8483.355s][info ][safepoint     ] Leaving safepoint region
[2023-10-30T21:51:58.984+0000][8483.355s][info ][safepoint     ] Total time for which application threads were stopped: 0.0117866 seconds, Stopping threads took: 0.0008200 seconds
[2023-10-30T21:51:58.984+0000][8483.356s][info ][gc,stringdedup] Concurrent String Deduplication (8483.355s)
[2023-10-30T21:51:58.985+0000][8483.356s][info ][gc,stringdedup] Concurrent String Deduplication 0.0B->0.0B(0.0B) avg 54.5% (8483.355s, 8483.356s) 0.419ms
[2023-10-30T21:52:08.987+0000][8493.358s][debug][safepoint     ] Safepoint synchronization initiated. (174 threads)
[2023-10-30T21:52:08.987+0000][8493.359s][info ][safepoint     ] Application time: 10.0032755 seconds
[2023-10-30T21:52:08.988+0000][8493.359s][info ][safepoint     ] Entering safepoint region: Cleanup
[2023-10-30T21:52:08.989+0000][8493.360s][info ][safepoint     ] Leaving safepoint region
[2023-10-30T21:52:08.989+0000][8493.361s][info ][safepoint     ] Total time for which application threads were stopped: 0.0012929 seconds, Stopping threads took: 0.0005036 seconds
[2023-10-30T21:52:16.991+0000][8501.363s][debug][safepoint     ] Safepoint synchronization initiated. (174 threads)
[2023-10-30T21:52:16.993+0000][8501.364s][info ][safepoint     ] Application time: 8.0029375 seconds
[2023-10-30T21:52:16.994+0000][8501.365s][info ][safepoint     ] Entering safepoint region: Cleanup
[2023-10-30T21:52:16.995+0000][8501.366s][info ][safepoint     ] Leaving safepoint region
[2023-10-30T21:52:16.996+0000][8501.367s][info ][safepoint     ] Total time for which application threads were stopped: 0.0020371 seconds, Stopping threads took: 0.0008650 seconds
[2023-10-30T21:53:10.009+0000][8554.381s][debug][safepoint     ] Safepoint synchronization initiated. (174 threads)
[2023-10-30T21:53:10.010+0000][8554.382s][info ][safepoint     ] Application time: 53.0143467 seconds
[2023-10-30T21:53:10.011+0000][8554.383s][info ][safepoint     ] Entering safepoint region: Cleanup
[2023-10-30T21:53:10.012+0000][8554.384s][info ][safepoint     ] Leaving safepoint region
[2023-10-30T21:53:10.013+0000][8554.385s][info ][safepoint     ] Total time for which application threads were stopped: 0.0019574 seconds, Stopping threads took: 0.0007034 seconds
[2023-10-30T21:53:35.019+0000][8579.391s][debug][safepoint     ] Safepoint synchronization initiated. (174 threads)
[2023-10-30T21:53:35.020+0000][8579.392s][info ][safepoint     ] Application time: 25.0062939 seconds
[2023-10-30T21:53:35.021+0000][8579.392s][info ][safepoint     ] Entering safepoint region: Cleanup
[2023-10-30T21:53:35.022+0000][8579.393s][info ][safepoint     ] Leaving safepoint region
[2023-10-30T21:53:35.022+0000][8579.394s][info ][safepoint     ] Total time for which application threads were stopped: 0.0011785 seconds, Stopping threads took: 0.0005041 seconds
[2023-10-30T21:54:10.031+0000][8614.403s][debug][safepoint     ] Safepoint synchronization initiated. (174 threads)
[2023-10-30T21:54:10.032+0000][8614.404s][info ][safepoint     ] Application time: 35.0095570 seconds
[2023-10-30T21:54:10.033+0000][8614.404s][info ][safepoint     ] Entering safepoint region: Cleanup
[2023-10-30T21:54:10.034+0000][8614.405s][info ][safepoint     ] Leaving safepoint region
[2023-10-30T21:54:10.035+0000][8614.406s][info ][safepoint     ] Total time for which application threads were stopped: 0.0017963 seconds, Stopping threads took: 0.0007269 seconds
[2023-10-30T21:55:08.773+0000][8673.144s][debug][safepoint     ] Safepoint synchronization initiated. (174 threads)
[2023-10-30T21:55:08.774+0000][8673.145s][info ][safepoint     ] Application time: 58.7381058 seconds
[2023-10-30T21:55:08.774+0000][8673.145s][info ][safepoint     ] Entering safepoint region: G1CollectForAllocation
[2023-10-30T21:55:08.775+0000][8673.146s][info ][gc,start      ] GC(109) Pause Young (Normal) (G1 Evacuation Pause)
[2023-10-30T21:55:08.775+0000][8673.147s][info ][gc,task       ] GC(109) Using 8 workers of 8 for evacuation
[2023-10-30T21:55:08.780+0000][8673.151s][info ][gc,phases     ] GC(109)   Pre Evacuate Collection Set: 0.0ms
[2023-10-30T21:55:08.780+0000][8673.151s][info ][gc,phases     ] GC(109)   Evacuate Collection Set: 1.1ms
[2023-10-30T21:55:08.780+0000][8673.152s][info ][gc,phases     ] GC(109)   Post Evacuate Collection Set: 2.4ms
[2023-10-30T21:55:08.781+0000][8673.152s][info ][gc,phases     ] GC(109)   Other: 1.2ms
[2023-10-30T21:55:08.781+0000][8673.152s][info ][gc,heap       ] GC(109) Eden regions: 168->0(168)
[2023-10-30T21:55:08.782+0000][8673.153s][info ][gc,heap       ] GC(109) Survivor regions: 1->1(22)
[2023-10-30T21:55:08.782+0000][8673.154s][info ][gc,heap       ] GC(109) Old regions: 162->162
[2023-10-30T21:55:08.783+0000][8673.154s][info ][gc,heap       ] GC(109) Humongous regions: 0->0
[2023-10-30T21:55:08.783+0000][8673.155s][info ][gc,metaspace  ] GC(109) Metaspace: 168142K(173780K)->168142K(173780K) NonClass: 148751K(152200K)->148751K(152200K) Class: 19391K(21580K)->19391K(21580K)
[2023-10-30T21:55:08.784+0000][8673.156s][info ][gc            ] GC(109) Pause Young (Normal) (G1 Evacuation Pause) 329M->161M(372M) 9.335ms
[2023-10-30T21:55:08.785+0000][8673.156s][info ][gc,cpu        ] GC(109) User=0.01s Sys=0.02s Real=0.01s
[2023-10-30T21:55:08.786+0000][8673.158s][info ][safepoint     ] Leaving safepoint region
[2023-10-30T21:55:08.788+0000][8673.159s][info ][safepoint     ] Total time for which application threads were stopped: 0.0140319 seconds, Stopping threads took: 0.0006648 seconds
[2023-10-30T21:55:08.789+0000][8673.160s][info ][gc,stringdedup] Concurrent String Deduplication (8673.160s)
[2023-10-30T21:55:08.789+0000][8673.161s][info ][gc,stringdedup] Concurrent String Deduplication 0.0B->0.0B(0.0B) avg 54.5% (8673.160s, 8673.161s) 0.620ms
[2023-10-30T21:56:00.799+0000][8725.172s][debug][safepoint     ] Safepoint synchronization initiated. (174 threads)
[2023-10-30T21:56:00.800+0000][8725.173s][info ][safepoint     ] Application time: 52.0125689 seconds
[2023-10-30T21:56:00.800+0000][8725.173s][info ][safepoint     ] Entering safepoint region: Cleanup
[2023-10-30T21:56:00.801+0000][8725.174s][info ][safepoint     ] Leaving safepoint region
[2023-10-30T21:56:00.801+0000][8725.174s][info ][safepoint     ] Total time for which application threads were stopped: 0.0010929 seconds, Stopping threads took: 0.0004337 seconds
[2023-10-30T21:56:09.804+0000][8734.177s][debug][safepoint     ] Safepoint synchronization initiated. (174 threads)
[2023-10-30T21:56:09.805+0000][8734.178s][info ][safepoint     ] Application time: 9.0034775 seconds
[2023-10-30T21:56:09.806+0000][8734.179s][info ][safepoint     ] Entering safepoint region: Cleanup
[2023-10-30T21:56:09.807+0000][8734.180s][info ][safepoint     ] Leaving safepoint region
[2023-10-30T21:56:09.808+0000][8734.181s][info ][safepoint     ] Total time for which application threads were stopped: 0.0020312 seconds, Stopping threads took: 0.0009383 seconds
[2023-10-30T21:56:10.809+0000][8735.182s][debug][safepoint     ] Safepoint synchronization initiated. (174 threads)
[2023-10-30T21:56:10.810+0000][8735.183s][info ][safepoint     ] Application time: 1.0012448 seconds
[2023-10-30T21:56:10.811+0000][8735.184s][info ][safepoint     ] Entering safepoint region: Cleanup
[2023-10-30T21:56:10.812+0000][8735.186s][info ][safepoint     ] Leaving safepoint region
[2023-10-30T21:56:10.813+0000][8735.186s][info ][safepoint     ] Total time for which application threads were stopped: 0.0021647 seconds, Stopping threads took: 0.0009993 seconds
[2023-10-30T21:57:54.833+0000][8839.209s][debug][safepoint     ] Safepoint synchronization initiated. (174 threads)
[2023-10-30T21:57:54.834+0000][8839.209s][info ][safepoint     ] Application time: 104.0222449 seconds
[2023-10-30T21:57:54.835+0000][8839.210s][info ][safepoint     ] Entering safepoint region: Cleanup
[2023-10-30T21:57:54.836+0000][8839.211s][info ][safepoint     ] Leaving safepoint region
[2023-10-30T21:57:54.837+0000][8839.212s][info ][safepoint     ] Total time for which application threads were stopped: 0.0017818 seconds, Stopping threads took: 0.0007352 seconds
[2023-10-30T21:58:18.331+0000][8862.706s][debug][safepoint     ] Safepoint synchronization initiated. (175 threads)
[2023-10-30T21:58:18.333+0000][8862.708s][info ][safepoint     ] Application time: 23.4948475 seconds
[2023-10-30T21:58:18.334+0000][8862.709s][info ][safepoint     ] Entering safepoint region: G1CollectForAllocation
[2023-10-30T21:58:18.335+0000][8862.710s][info ][gc,start      ] GC(110) Pause Young (Normal) (G1 Evacuation Pause)
[2023-10-30T21:58:18.336+0000][8862.711s][info ][gc,task       ] GC(110) Using 8 workers of 8 for evacuation
[2023-10-30T21:58:18.341+0000][8862.716s][info ][gc,phases     ] GC(110)   Pre Evacuate Collection Set: 0.0ms
[2023-10-30T21:58:18.342+0000][8862.717s][info ][gc,phases     ] GC(110)   Evacuate Collection Set: 1.3ms
[2023-10-30T21:58:18.342+0000][8862.717s][info ][gc,phases     ] GC(110)   Post Evacuate Collection Set: 3.0ms
[2023-10-30T21:58:18.343+0000][8862.718s][info ][gc,phases     ] GC(110)   Other: 1.8ms
[2023-10-30T21:58:18.343+0000][8862.718s][info ][gc,heap       ] GC(110) Eden regions: 168->0(167)
[2023-10-30T21:58:18.344+0000][8862.719s][info ][gc,heap       ] GC(110) Survivor regions: 1->2(22)
[2023-10-30T21:58:18.344+0000][8862.719s][info ][gc,heap       ] GC(110) Old regions: 162->162
[2023-10-30T21:58:18.345+0000][8862.720s][info ][gc,heap       ] GC(110) Humongous regions: 0->0
[2023-10-30T21:58:18.345+0000][8862.720s][info ][gc,metaspace  ] GC(110) Metaspace: 168145K(173780K)->168145K(173780K) NonClass: 148754K(152200K)->148754K(152200K) Class: 19391K(21580K)->19391K(21580K)
[2023-10-30T21:58:18.346+0000][8862.721s][info ][gc            ] GC(110) Pause Young (Normal) (G1 Evacuation Pause) 329M->161M(372M) 10.982ms
[2023-10-30T21:58:18.346+0000][8862.721s][info ][gc,cpu        ] GC(110) User=0.02s Sys=0.00s Real=0.02s
[2023-10-30T21:58:18.347+0000][8862.722s][info ][safepoint     ] Leaving safepoint region
[2023-10-30T21:58:18.347+0000][8862.722s][info ][safepoint     ] Total time for which application threads were stopped: 0.0138342 seconds, Stopping threads took: 0.0010095 seconds
[2023-10-30T21:58:18.348+0000][8862.723s][info ][gc,stringdedup] Concurrent String Deduplication (8862.723s)
[2023-10-30T21:58:18.348+0000][8862.723s][info ][gc,stringdedup] Concurrent String Deduplication 256.0B->0.0B(256.0B) avg 54.5% (8862.723s, 8862.723s) 0.301ms
[2023-10-30T21:59:17.360+0000][8921.736s][debug][safepoint     ] Safepoint synchronization initiated. (173 threads)
[2023-10-30T21:59:17.361+0000][8921.736s][info ][safepoint     ] Application time: 59.0136189 seconds
[2023-10-30T21:59:17.361+0000][8921.737s][info ][safepoint     ] Entering safepoint region: Cleanup
[2023-10-30T21:59:17.362+0000][8921.738s][info ][safepoint     ] Leaving safepoint region
[2023-10-30T21:59:17.362+0000][8921.738s][info ][safepoint     ] Total time for which application threads were stopped: 0.0009279 seconds, Stopping threads took: 0.0004114 seconds
[2023-10-30T21:59:20.363+0000][8924.738s][debug][safepoint     ] Safepoint synchronization initiated. (174 threads)
[2023-10-30T21:59:20.363+0000][8924.739s][info ][safepoint     ] Application time: 3.0009367 seconds
[2023-10-30T21:59:20.364+0000][8924.739s][info ][safepoint     ] Entering safepoint region: Cleanup
[2023-10-30T21:59:20.365+0000][8924.740s][info ][safepoint     ] Leaving safepoint region
[2023-10-30T21:59:20.365+0000][8924.741s][info ][safepoint     ] Total time for which application threads were stopped: 0.0012284 seconds, Stopping threads took: 0.0004898 seconds
[2023-10-30T22:01:25.718+0000][9050.094s][debug][safepoint     ] Safepoint synchronization initiated. (174 threads)
[2023-10-30T22:01:25.718+0000][9050.095s][info ][safepoint     ] Application time: 125.3534923 seconds
[2023-10-30T22:01:25.719+0000][9050.095s][info ][safepoint     ] Entering safepoint region: G1CollectForAllocation
[2023-10-30T22:01:25.720+0000][9050.096s][info ][gc,start      ] GC(111) Pause Young (Normal) (G1 Evacuation Pause)
[2023-10-30T22:01:25.720+0000][9050.096s][info ][gc,task       ] GC(111) Using 8 workers of 8 for evacuation
[2023-10-30T22:01:25.726+0000][9050.102s][info ][gc,phases     ] GC(111)   Pre Evacuate Collection Set: 0.0ms
[2023-10-30T22:01:25.726+0000][9050.103s][info ][gc,phases     ] GC(111)   Evacuate Collection Set: 2.1ms
[2023-10-30T22:01:25.727+0000][9050.103s][info ][gc,phases     ] GC(111)   Post Evacuate Collection Set: 2.9ms
[2023-10-30T22:01:25.727+0000][9050.104s][info ][gc,phases     ] GC(111)   Other: 1.1ms
[2023-10-30T22:01:25.728+0000][9050.104s][info ][gc,heap       ] GC(111) Eden regions: 167->0(167)
[2023-10-30T22:01:25.728+0000][9050.104s][info ][gc,heap       ] GC(111) Survivor regions: 2->2(22)
[2023-10-30T22:01:25.729+0000][9050.105s][info ][gc,heap       ] GC(111) Old regions: 162->163
[2023-10-30T22:01:25.729+0000][9050.105s][info ][gc,heap       ] GC(111) Humongous regions: 0->0
[2023-10-30T22:01:25.729+0000][9050.106s][info ][gc,metaspace  ] GC(111) Metaspace: 168149K(173780K)->168149K(173780K) NonClass: 148758K(152200K)->148758K(152200K) Class: 19391K(21580K)->19391K(21580K)
[2023-10-30T22:01:25.730+0000][9050.106s][info ][gc            ] GC(111) Pause Young (Normal) (G1 Evacuation Pause) 328M->162M(372M) 10.046ms
[2023-10-30T22:01:25.730+0000][9050.106s][info ][gc,cpu        ] GC(111) User=0.03s Sys=0.00s Real=0.01s
[2023-10-30T22:01:25.730+0000][9050.107s][info ][safepoint     ] Leaving safepoint region
[2023-10-30T22:01:25.731+0000][9050.107s][info ][safepoint     ] Total time for which application threads were stopped: 0.0118388 seconds, Stopping threads took: 0.0004952 seconds
[2023-10-30T22:01:25.731+0000][9050.107s][info ][gc,stringdedup] Concurrent String Deduplication (9050.107s)
[2023-10-30T22:01:25.731+0000][9050.108s][info ][gc,stringdedup] Concurrent String Deduplication 40.0B->40.0B(0.0B) avg 54.5% (9050.107s, 9050.108s) 0.292ms
[2023-10-30T22:01:39.734+0000][9064.111s][debug][safepoint     ] Safepoint synchronization initiated. (174 threads)
[2023-10-30T22:01:39.735+0000][9064.111s][info ][safepoint     ] Application time: 14.0040202 seconds
[2023-10-30T22:01:39.736+0000][9064.112s][info ][safepoint     ] Entering safepoint region: Cleanup
[2023-10-30T22:01:39.736+0000][9064.113s][info ][safepoint     ] Leaving safepoint region
[2023-10-30T22:01:39.737+0000][9064.113s][info ][safepoint     ] Total time for which application threads were stopped: 0.0012386 seconds, Stopping threads took: 0.0005225 seconds
[2023-10-30T22:04:10.770+0000][9215.148s][debug][safepoint     ] Safepoint synchronization initiated. (174 threads)
[2023-10-30T22:04:10.770+0000][9215.149s][info ][safepoint     ] Application time: 151.0355368 seconds
[2023-10-30T22:04:10.771+0000][9215.150s][info ][safepoint     ] Entering safepoint region: Cleanup
[2023-10-30T22:04:10.772+0000][9215.150s][info ][safepoint     ] Leaving safepoint region
[2023-10-30T22:04:10.772+0000][9215.151s][info ][safepoint     ] Total time for which application threads were stopped: 0.0012989 seconds, Stopping threads took: 0.0005614 seconds
[2023-10-30T22:04:34.422+0000][9238.800s][debug][safepoint     ] Safepoint synchronization initiated. (174 threads)
[2023-10-30T22:04:34.423+0000][9238.801s][info ][safepoint     ] Application time: 23.6500826 seconds
[2023-10-30T22:04:34.423+0000][9238.802s][info ][safepoint     ] Entering safepoint region: G1CollectForAllocation
[2023-10-30T22:04:34.425+0000][9238.803s][info ][gc,start      ] GC(112) Pause Young (Normal) (G1 Evacuation Pause)
[2023-10-30T22:04:34.425+0000][9238.804s][info ][gc,task       ] GC(112) Using 8 workers of 8 for evacuation
[2023-10-30T22:04:34.430+0000][9238.809s][info ][gc,phases     ] GC(112)   Pre Evacuate Collection Set: 0.0ms
[2023-10-30T22:04:34.431+0000][9238.810s][info ][gc,phases     ] GC(112)   Evacuate Collection Set: 1.3ms
[2023-10-30T22:04:34.432+0000][9238.810s][info ][gc,phases     ] GC(112)   Post Evacuate Collection Set: 2.7ms
[2023-10-30T22:04:34.432+0000][9238.811s][info ][gc,phases     ] GC(112)   Other: 1.8ms
[2023-10-30T22:04:34.433+0000][9238.812s][info ][gc,heap       ] GC(112) Eden regions: 167->0(167)
[2023-10-30T22:04:34.433+0000][9238.812s][info ][gc,heap       ] GC(112) Survivor regions: 2->1(22)
[2023-10-30T22:04:34.434+0000][9238.813s][info ][gc,heap       ] GC(112) Old regions: 163->163
[2023-10-30T22:04:34.435+0000][9238.813s][info ][gc,heap       ] GC(112) Humongous regions: 0->0
[2023-10-30T22:04:34.435+0000][9238.814s][info ][gc,metaspace  ] GC(112) Metaspace: 168149K(173780K)->168149K(173780K) NonClass: 148758K(152200K)->148758K(152200K) Class: 19391K(21580K)->19391K(21580K)
[2023-10-30T22:04:34.435+0000][9238.814s][info ][gc            ] GC(112) Pause Young (Normal) (G1 Evacuation Pause) 329M->162M(372M) 10.926ms
[2023-10-30T22:04:34.436+0000][9238.815s][info ][gc,cpu        ] GC(112) User=0.02s Sys=0.01s Real=0.01s
[2023-10-30T22:04:34.436+0000][9238.815s][info ][safepoint     ] Leaving safepoint region
[2023-10-30T22:04:34.437+0000][9238.816s][info ][safepoint     ] Total time for which application threads were stopped: 0.0135197 seconds, Stopping threads took: 0.0008904 seconds
[2023-10-30T22:04:34.437+0000][9238.816s][info ][gc,stringdedup] Concurrent String Deduplication (9238.816s)
[2023-10-30T22:04:34.438+0000][9238.817s][info ][gc,stringdedup] Concurrent String Deduplication 6592.0B->0.0B(6592.0B) avg 54.5% (9238.816s, 9238.817s) 0.434ms
[2023-10-30T22:06:29.464+0000][9353.843s][debug][safepoint     ] Safepoint synchronization initiated. (174 threads)
[2023-10-30T22:06:29.464+0000][9353.843s][info ][safepoint     ] Application time: 115.0272555 seconds
[2023-10-30T22:06:29.465+0000][9353.844s][info ][safepoint     ] Entering safepoint region: Cleanup
[2023-10-30T22:06:29.466+0000][9353.845s][info ][safepoint     ] Leaving safepoint region
[2023-10-30T22:06:29.466+0000][9353.845s][info ][safepoint     ] Total time for which application threads were stopped: 0.0013495 seconds, Stopping threads took: 0.0006111 seconds
[2023-10-30T22:07:39.482+0000][9423.861s][debug][safepoint     ] Safepoint synchronization initiated. (174 threads)
[2023-10-30T22:07:39.483+0000][9423.862s][info ][safepoint     ] Application time: 70.0164388 seconds
[2023-10-30T22:07:39.484+0000][9423.863s][info ][safepoint     ] Entering safepoint region: Cleanup
[2023-10-30T22:07:39.485+0000][9423.864s][info ][safepoint     ] Leaving safepoint region
[2023-10-30T22:07:39.486+0000][9423.865s][info ][safepoint     ] Total time for which application threads were stopped: 0.0018861 seconds, Stopping threads took: 0.0008456 seconds
[2023-10-30T22:07:42.757+0000][9427.136s][debug][safepoint     ] Safepoint synchronization initiated. (174 threads)
[2023-10-30T22:07:42.758+0000][9427.137s][info ][safepoint     ] Application time: 3.2713805 seconds
[2023-10-30T22:07:42.758+0000][9427.137s][info ][safepoint     ] Entering safepoint region: G1CollectForAllocation
[2023-10-30T22:07:42.759+0000][9427.138s][info ][gc,start      ] GC(113) Pause Young (Normal) (G1 Evacuation Pause)
[2023-10-30T22:07:42.759+0000][9427.139s][info ][gc,task       ] GC(113) Using 8 workers of 8 for evacuation
[2023-10-30T22:07:42.772+0000][9427.151s][info ][gc,phases     ] GC(113)   Pre Evacuate Collection Set: 0.0ms
[2023-10-30T22:07:42.773+0000][9427.152s][info ][gc,phases     ] GC(113)   Evacuate Collection Set: 8.0ms
[2023-10-30T22:07:42.773+0000][9427.153s][info ][gc,phases     ] GC(113)   Post Evacuate Collection Set: 4.1ms
[2023-10-30T22:07:42.774+0000][9427.153s][info ][gc,phases     ] GC(113)   Other: 1.2ms
[2023-10-30T22:07:42.774+0000][9427.154s][info ][gc,heap       ] GC(113) Eden regions: 167->0(167)
[2023-10-30T22:07:42.775+0000][9427.154s][info ][gc,heap       ] GC(113) Survivor regions: 1->1(21)
[2023-10-30T22:07:42.775+0000][9427.155s][info ][gc,heap       ] GC(113) Old regions: 163->163
[2023-10-30T22:07:42.776+0000][9427.155s][info ][gc,heap       ] GC(113) Humongous regions: 0->0
[2023-10-30T22:07:42.776+0000][9427.155s][info ][gc,metaspace  ] GC(113) Metaspace: 168150K(173780K)->168150K(173780K) NonClass: 148759K(152200K)->148759K(152200K) Class: 19391K(21580K)->19391K(21580K)
[2023-10-30T22:07:42.777+0000][9427.156s][info ][gc            ] GC(113) Pause Young (Normal) (G1 Evacuation Pause) 329M->162M(372M) 17.757ms
[2023-10-30T22:07:42.777+0000][9427.156s][info ][gc,cpu        ] GC(113) User=0.08s Sys=0.00s Real=0.02s
[2023-10-30T22:07:42.778+0000][9427.157s][info ][safepoint     ] Leaving safepoint region
[2023-10-30T22:07:42.778+0000][9427.157s][info ][safepoint     ] Total time for which application threads were stopped: 0.0199428 seconds, Stopping threads took: 0.0005172 seconds
[2023-10-30T22:07:42.779+0000][9427.158s][info ][gc,stringdedup] Concurrent String Deduplication (9427.158s)
[2023-10-30T22:07:42.779+0000][9427.158s][info ][gc,stringdedup] Concurrent String Deduplication 26368.0B->48.0B(26320.0B) avg 54.6% (9427.158s, 9427.158s) 0.468ms
[2023-10-30T22:07:43.779+0000][9428.158s][debug][safepoint     ] Safepoint synchronization initiated. (174 threads)
[2023-10-30T22:07:43.780+0000][9428.159s][info ][safepoint     ] Application time: 1.0011478 seconds
[2023-10-30T22:07:43.780+0000][9428.160s][info ][safepoint     ] Entering safepoint region: Cleanup
[2023-10-30T22:07:43.781+0000][9428.161s][info ][safepoint     ] Leaving safepoint region
[2023-10-30T22:07:43.782+0000][9428.161s][info ][safepoint     ] Total time for which application threads were stopped: 0.0015220 seconds, Stopping threads took: 0.0007144 seconds
[2023-10-30T22:09:10.801+0000][9515.181s][debug][safepoint     ] Safepoint synchronization initiated. (174 threads)
[2023-10-30T22:09:10.802+0000][9515.181s][info ][safepoint     ] Application time: 87.0197486 seconds
[2023-10-30T22:09:10.802+0000][9515.182s][info ][safepoint     ] Entering safepoint region: Cleanup
[2023-10-30T22:09:10.803+0000][9515.182s][info ][safepoint     ] Leaving safepoint region
[2023-10-30T22:09:10.803+0000][9515.183s][info ][safepoint     ] Total time for which application threads were stopped: 0.0011654 seconds, Stopping threads took: 0.0004626 seconds
[2023-10-30T22:09:17.805+0000][9522.185s][debug][safepoint     ] Safepoint synchronization initiated. (174 threads)
[2023-10-30T22:09:17.806+0000][9522.185s][info ][safepoint     ] Application time: 7.0021385 seconds
[2023-10-30T22:09:17.806+0000][9522.186s][info ][safepoint     ] Entering safepoint region: Cleanup
[2023-10-30T22:09:17.807+0000][9522.187s][info ][safepoint     ] Leaving safepoint region
[2023-10-30T22:09:17.808+0000][9522.187s][info ][safepoint     ] Total time for which application threads were stopped: 0.0012855 seconds, Stopping threads took: 0.0005538 seconds
[2023-10-30T22:09:25.809+0000][9530.189s][debug][safepoint     ] Safepoint synchronization initiated. (174 threads)
[2023-10-30T22:09:25.810+0000][9530.190s][info ][safepoint     ] Application time: 8.0022494 seconds
[2023-10-30T22:09:25.811+0000][9530.191s][info ][safepoint     ] Entering safepoint region: Cleanup
[2023-10-30T22:09:25.813+0000][9530.192s][info ][safepoint     ] Leaving safepoint region
[2023-10-30T22:09:25.813+0000][9530.193s][info ][safepoint     ] Total time for which application threads were stopped: 0.0020588 seconds, Stopping threads took: 0.0009109 seconds
[2023-10-30T22:10:51.250+0000][9615.630s][debug][safepoint     ] Safepoint synchronization initiated. (174 threads)
[2023-10-30T22:10:51.251+0000][9615.631s][info ][safepoint     ] Application time: 85.4372889 seconds
[2023-10-30T22:10:51.252+0000][9615.632s][info ][safepoint     ] Entering safepoint region: G1CollectForAllocation
[2023-10-30T22:10:51.253+0000][9615.633s][info ][gc,start      ] GC(114) Pause Young (Normal) (G1 Evacuation Pause)
[2023-10-30T22:10:51.254+0000][9615.634s][info ][gc,task       ] GC(114) Using 8 workers of 8 for evacuation
[2023-10-30T22:10:51.259+0000][9615.639s][info ][gc,phases     ] GC(114)   Pre Evacuate Collection Set: 0.1ms
[2023-10-30T22:10:51.260+0000][9615.639s][info ][gc,phases     ] GC(114)   Evacuate Collection Set: 1.5ms
[2023-10-30T22:10:51.260+0000][9615.640s][info ][gc,phases     ] GC(114)   Post Evacuate Collection Set: 2.8ms
[2023-10-30T22:10:51.261+0000][9615.640s][info ][gc,phases     ] GC(114)   Other: 1.7ms
[2023-10-30T22:10:51.261+0000][9615.641s][info ][gc,heap       ] GC(114) Eden regions: 167->0(167)
[2023-10-30T22:10:51.262+0000][9615.641s][info ][gc,heap       ] GC(114) Survivor regions: 1->1(21)
[2023-10-30T22:10:51.262+0000][9615.642s][info ][gc,heap       ] GC(114) Old regions: 163->163
[2023-10-30T22:10:51.262+0000][9615.642s][info ][gc,heap       ] GC(114) Humongous regions: 0->0
[2023-10-30T22:10:51.263+0000][9615.643s][info ][gc,metaspace  ] GC(114) Metaspace: 168152K(173780K)->168152K(173780K) NonClass: 148761K(152200K)->148761K(152200K) Class: 19391K(21580K)->19391K(21580K)
[2023-10-30T22:10:51.263+0000][9615.643s][info ][gc            ] GC(114) Pause Young (Normal) (G1 Evacuation Pause) 329M->162M(372M) 10.246ms
[2023-10-30T22:10:51.264+0000][9615.644s][info ][gc,cpu        ] GC(114) User=0.02s Sys=0.01s Real=0.01s
[2023-10-30T22:10:51.264+0000][9615.644s][info ][safepoint     ] Leaving safepoint region
[2023-10-30T22:10:51.265+0000][9615.644s][info ][safepoint     ] Total time for which application threads were stopped: 0.0127256 seconds, Stopping threads took: 0.0007738 seconds
[2023-10-30T22:10:51.265+0000][9615.645s][info ][gc,stringdedup] Concurrent String Deduplication (9615.645s)
[2023-10-30T22:10:51.266+0000][9615.645s][info ][gc,stringdedup] Concurrent String Deduplication 136.0B->0.0B(136.0B) avg 54.6% (9615.645s, 9615.645s) 0.417ms
[2023-10-30T22:13:44.305+0000][9788.684s][debug][safepoint     ] Safepoint synchronization initiated. (175 threads)
[2023-10-30T22:13:44.306+0000][9788.685s][info ][safepoint     ] Application time: 173.0402313 seconds
[2023-10-30T22:13:44.306+0000][9788.686s][info ][safepoint     ] Entering safepoint region: Cleanup
[2023-10-30T22:13:44.307+0000][9788.686s][info ][safepoint     ] Leaving safepoint region
[2023-10-30T22:13:44.307+0000][9788.687s][info ][safepoint     ] Total time for which application threads were stopped: 0.0012218 seconds, Stopping threads took: 0.0005317 seconds
[2023-10-30T22:13:52.309+0000][9796.689s][debug][safepoint     ] Safepoint synchronization initiated. (175 threads)
[2023-10-30T22:13:52.310+0000][9796.689s][info ][safepoint     ] Application time: 8.0021361 seconds
[2023-10-30T22:13:52.311+0000][9796.690s][info ][safepoint     ] Entering safepoint region: Cleanup
[2023-10-30T22:13:52.311+0000][9796.691s][info ][safepoint     ] Leaving safepoint region
[2023-10-30T22:13:52.312+0000][9796.691s][info ][safepoint     ] Total time for which application threads were stopped: 0.0014325 seconds, Stopping threads took: 0.0006248 seconds
[2023-10-30T22:14:00.268+0000][9804.647s][debug][safepoint     ] Safepoint synchronization initiated. (175 threads)
[2023-10-30T22:14:00.269+0000][9804.648s][info ][safepoint     ] Application time: 7.9561812 seconds
[2023-10-30T22:14:00.269+0000][9804.648s][info ][safepoint     ] Entering safepoint region: G1CollectForAllocation
[2023-10-30T22:14:00.270+0000][9804.649s][info ][gc,start      ] GC(115) Pause Young (Normal) (G1 Evacuation Pause)
[2023-10-30T22:14:00.270+0000][9804.649s][info ][gc,task       ] GC(115) Using 8 workers of 8 for evacuation
[2023-10-30T22:14:00.274+0000][9804.654s][info ][gc,phases     ] GC(115)   Pre Evacuate Collection Set: 0.1ms
[2023-10-30T22:14:00.275+0000][9804.654s][info ][gc,phases     ] GC(115)   Evacuate Collection Set: 1.1ms
[2023-10-30T22:14:00.275+0000][9804.654s][info ][gc,phases     ] GC(115)   Post Evacuate Collection Set: 2.5ms
[2023-10-30T22:14:00.276+0000][9804.655s][info ][gc,phases     ] GC(115)   Other: 1.0ms
[2023-10-30T22:14:00.276+0000][9804.655s][info ][gc,heap       ] GC(115) Eden regions: 167->0(167)
[2023-10-30T22:14:00.276+0000][9804.655s][info ][gc,heap       ] GC(115) Survivor regions: 1->1(21)
[2023-10-30T22:14:00.277+0000][9804.656s][info ][gc,heap       ] GC(115) Old regions: 163->163
[2023-10-30T22:14:00.277+0000][9804.656s][info ][gc,heap       ] GC(115) Humongous regions: 0->0
[2023-10-30T22:14:00.277+0000][9804.656s][info ][gc,metaspace  ] GC(115) Metaspace: 168161K(173780K)->168161K(173780K) NonClass: 148769K(152200K)->148769K(152200K) Class: 19391K(21580K)->19391K(21580K)
[2023-10-30T22:14:00.278+0000][9804.657s][info ][gc            ] GC(115) Pause Young (Normal) (G1 Evacuation Pause) 329M->162M(372M) 7.787ms
[2023-10-30T22:14:00.278+0000][9804.657s][info ][gc,cpu        ] GC(115) User=0.02s Sys=0.00s Real=0.01s
[2023-10-30T22:14:00.278+0000][9804.657s][info ][safepoint     ] Leaving safepoint region
[2023-10-30T22:14:00.279+0000][9804.658s][info ][safepoint     ] Total time for which application threads were stopped: 0.0092970 seconds, Stopping threads took: 0.0004000 seconds
[2023-10-30T22:14:00.279+0000][9804.658s][info ][gc,stringdedup] Concurrent String Deduplication (9804.658s)
[2023-10-30T22:14:00.279+0000][9804.658s][info ][gc,stringdedup] Concurrent String Deduplication 64.0B->40.0B(24.0B) avg 54.6% (9804.658s, 9804.658s) 0.324ms
[2023-10-30T22:15:11.294+0000][9875.673s][debug][safepoint     ] Safepoint synchronization initiated. (174 threads)
[2023-10-30T22:15:11.294+0000][9875.673s][info ][safepoint     ] Application time: 71.0154502 seconds
[2023-10-30T22:15:11.294+0000][9875.674s][info ][safepoint     ] Entering safepoint region: Cleanup
[2023-10-30T22:15:11.295+0000][9875.674s][info ][safepoint     ] Leaving safepoint region
[2023-10-30T22:15:11.295+0000][9875.675s][info ][safepoint     ] Total time for which application threads were stopped: 0.0009165 seconds, Stopping threads took: 0.0004332 seconds
[2023-10-30T22:16:37.314+0000][9961.694s][debug][safepoint     ] Safepoint synchronization initiated. (174 threads)
[2023-10-30T22:16:37.314+0000][9961.695s][info ][safepoint     ] Application time: 86.0195204 seconds
[2023-10-30T22:16:37.315+0000][9961.695s][info ][safepoint     ] Entering safepoint region: Cleanup
[2023-10-30T22:16:37.316+0000][9961.696s][info ][safepoint     ] Leaving safepoint region
[2023-10-30T22:16:37.317+0000][9961.697s][info ][safepoint     ] Total time for which application threads were stopped: 0.0016601 seconds, Stopping threads took: 0.0007390 seconds
[2023-10-30T22:17:08.840+0000][9993.220s][debug][safepoint     ] Safepoint synchronization initiated. (174 threads)
[2023-10-30T22:17:08.841+0000][9993.221s][info ][safepoint     ] Application time: 31.5234934 seconds
[2023-10-30T22:17:08.841+0000][9993.221s][info ][safepoint     ] Entering safepoint region: G1CollectForAllocation
[2023-10-30T22:17:08.842+0000][9993.222s][info ][gc,start      ] GC(116) Pause Young (Normal) (G1 Evacuation Pause)
[2023-10-30T22:17:08.842+0000][9993.222s][info ][gc,task       ] GC(116) Using 8 workers of 8 for evacuation
[2023-10-30T22:17:08.848+0000][9993.228s][info ][gc,phases     ] GC(116)   Pre Evacuate Collection Set: 0.0ms
[2023-10-30T22:17:08.849+0000][9993.229s][info ][gc,phases     ] GC(116)   Evacuate Collection Set: 2.2ms
[2023-10-30T22:17:08.849+0000][9993.229s][info ][gc,phases     ] GC(116)   Post Evacuate Collection Set: 3.5ms
[2023-10-30T22:17:08.850+0000][9993.230s][info ][gc,phases     ] GC(116)   Other: 0.9ms
[2023-10-30T22:17:08.850+0000][9993.230s][info ][gc,heap       ] GC(116) Eden regions: 167->0(167)
[2023-10-30T22:17:08.851+0000][9993.231s][info ][gc,heap       ] GC(116) Survivor regions: 1->1(21)
[2023-10-30T22:17:08.851+0000][9993.231s][info ][gc,heap       ] GC(116) Old regions: 163->163
[2023-10-30T22:17:08.851+0000][9993.231s][info ][gc,heap       ] GC(116) Humongous regions: 0->0
[2023-10-30T22:17:08.852+0000][9993.232s][info ][gc,metaspace  ] GC(116) Metaspace: 168163K(173780K)->168163K(173780K) NonClass: 148772K(152200K)->148772K(152200K) Class: 19391K(21580K)->19391K(21580K)
[2023-10-30T22:17:08.852+0000][9993.232s][info ][gc            ] GC(116) Pause Young (Normal) (G1 Evacuation Pause) 329M->162M(372M) 10.476ms
[2023-10-30T22:17:08.853+0000][9993.233s][info ][gc,cpu        ] GC(116) User=0.02s Sys=0.02s Real=0.01s
[2023-10-30T22:17:08.853+0000][9993.233s][info ][safepoint     ] Leaving safepoint region
[2023-10-30T22:17:08.853+0000][9993.233s][info ][safepoint     ] Total time for which application threads were stopped: 0.0121935 seconds, Stopping threads took: 0.0003966 seconds
[2023-10-30T22:17:08.854+0000][9993.234s][info ][gc,stringdedup] Concurrent String Deduplication (9993.234s)
[2023-10-30T22:17:08.854+0000][9993.234s][info ][gc,stringdedup] Concurrent String Deduplication 0.0B->0.0B(0.0B) avg 54.6% (9993.234s, 9993.234s) 0.338ms
[2023-10-30T22:19:25.262+0000][10129.641s][debug][safepoint     ] Safepoint synchronization initiated. (175 threads)
[2023-10-30T22:19:25.262+0000][10129.642s][info ][safepoint     ] Application time: 136.4081491 seconds
[2023-10-30T22:19:25.263+0000][10129.642s][info ][safepoint     ] Entering safepoint region: Deoptimize
[2023-10-30T22:19:25.346+0000][10129.726s][info ][safepoint     ] Leaving safepoint region
[2023-10-30T22:19:25.347+0000][10129.727s][info ][safepoint     ] Total time for which application threads were stopped: 0.0843053 seconds, Stopping threads took: 0.0004650 seconds
[2023-10-30T22:19:25.380+0000][10129.759s][debug][safepoint     ] Safepoint synchronization initiated. (175 threads)
[2023-10-30T22:19:25.380+0000][10129.760s][info ][safepoint     ] Application time: 0.0325628 seconds
[2023-10-30T22:19:25.381+0000][10129.760s][info ][safepoint     ] Entering safepoint region: Deoptimize
[2023-10-30T22:19:25.383+0000][10129.763s][info ][safepoint     ] Leaving safepoint region
[2023-10-30T22:19:25.384+0000][10129.763s][info ][safepoint     ] Total time for which application threads were stopped: 0.0029594 seconds, Stopping threads took: 0.0004188 seconds
[2023-10-30T22:19:26.299+0000][10130.678s][debug][safepoint     ] Safepoint synchronization initiated. (177 threads)
[2023-10-30T22:19:26.299+0000][10130.679s][info ][safepoint     ] Application time: 0.9152700 seconds
[2023-10-30T22:19:26.300+0000][10130.679s][info ][safepoint     ] Entering safepoint region: Deoptimize
[2023-10-30T22:19:26.303+0000][10130.682s][info ][safepoint     ] Leaving safepoint region
[2023-10-30T22:19:26.303+0000][10130.683s][info ][safepoint     ] Total time for which application threads were stopped: 0.0036069 seconds, Stopping threads took: 0.0005999 seconds
[2023-10-30T22:19:27.304+0000][10131.684s][debug][safepoint     ] Safepoint synchronization initiated. (182 threads)
[2023-10-30T22:19:27.305+0000][10131.685s][info ][safepoint     ] Application time: 1.0010768 seconds
[2023-10-30T22:19:27.306+0000][10131.685s][info ][safepoint     ] Entering safepoint region: Cleanup
[2023-10-30T22:19:27.307+0000][10131.686s][info ][safepoint     ] Leaving safepoint region
[2023-10-30T22:19:27.307+0000][10131.687s][info ][safepoint     ] Total time for which application threads were stopped: 0.0016182 seconds, Stopping threads took: 0.0006474 seconds
[2023-10-30T22:19:28.308+0000][10132.688s][debug][safepoint     ] Safepoint synchronization initiated. (182 threads)
[2023-10-30T22:19:28.309+0000][10132.688s][info ][safepoint     ] Application time: 1.0007403 seconds
[2023-10-30T22:19:28.309+0000][10132.689s][info ][safepoint     ] Entering safepoint region: Cleanup
[2023-10-30T22:19:28.310+0000][10132.689s][info ][safepoint     ] Leaving safepoint region
[2023-10-30T22:19:28.310+0000][10132.690s][info ][safepoint     ] Total time for which application threads were stopped: 0.0011491 seconds, Stopping threads took: 0.0005184 seconds
[2023-10-30T22:19:29.311+0000][10133.690s][debug][safepoint     ] Safepoint synchronization initiated. (182 threads)
[2023-10-30T22:19:29.311+0000][10133.691s][info ][safepoint     ] Application time: 1.0006513 seconds
[2023-10-30T22:19:29.312+0000][10133.691s][info ][safepoint     ] Entering safepoint region: Cleanup
[2023-10-30T22:19:29.312+0000][10133.692s][info ][safepoint     ] Leaving safepoint region
[2023-10-30T22:19:29.313+0000][10133.692s][info ][safepoint     ] Total time for which application threads were stopped: 0.0009032 seconds, Stopping threads took: 0.0004256 seconds
[2023-10-30T22:19:31.313+0000][10135.693s][debug][safepoint     ] Safepoint synchronization initiated. (182 threads)
[2023-10-30T22:19:31.314+0000][10135.694s][info ][safepoint     ] Application time: 2.0010132 seconds
[2023-10-30T22:19:31.314+0000][10135.694s][info ][safepoint     ] Entering safepoint region: Cleanup
[2023-10-30T22:19:31.315+0000][10135.695s][info ][safepoint     ] Leaving safepoint region
[2023-10-30T22:19:31.316+0000][10135.695s][info ][safepoint     ] Total time for which application threads were stopped: 0.0012180 seconds, Stopping threads took: 0.0005513 seconds
[2023-10-30T22:19:35.662+0000][10140.042s][debug][safepoint     ] Safepoint synchronization initiated. (182 threads)
[2023-10-30T22:19:35.663+0000][10140.042s][info ][safepoint     ] Application time: 4.3462716 seconds
[2023-10-30T22:19:35.663+0000][10140.043s][info ][safepoint     ] Entering safepoint region: G1CollectForAllocation
[2023-10-30T22:19:35.664+0000][10140.043s][info ][gc,start      ] GC(117) Pause Young (Normal) (G1 Evacuation Pause)
[2023-10-30T22:19:35.664+0000][10140.044s][info ][gc,task       ] GC(117) Using 8 workers of 8 for evacuation
[2023-10-30T22:19:35.671+0000][10140.050s][info ][gc,phases     ] GC(117)   Pre Evacuate Collection Set: 0.0ms
[2023-10-30T22:19:35.671+0000][10140.051s][info ][gc,phases     ] GC(117)   Evacuate Collection Set: 3.1ms
[2023-10-30T22:19:35.672+0000][10140.051s][info ][gc,phases     ] GC(117)   Post Evacuate Collection Set: 3.1ms
[2023-10-30T22:19:35.672+0000][10140.052s][info ][gc,phases     ] GC(117)   Other: 0.9ms
[2023-10-30T22:19:35.672+0000][10140.052s][info ][gc,heap       ] GC(117) Eden regions: 167->0(160)
[2023-10-30T22:19:35.673+0000][10140.052s][info ][gc,heap       ] GC(117) Survivor regions: 1->3(21)
[2023-10-30T22:19:35.673+0000][10140.053s][info ][gc,heap       ] GC(117) Old regions: 163->163
[2023-10-30T22:19:35.673+0000][10140.053s][info ][gc,heap       ] GC(117) Humongous regions: 5->5
[2023-10-30T22:19:35.674+0000][10140.053s][info ][gc,metaspace  ] GC(117) Metaspace: 170508K(176340K)->170508K(176340K) NonClass: 150837K(154504K)->150837K(154504K) Class: 19671K(21836K)->19671K(21836K)
[2023-10-30T22:19:35.674+0000][10140.054s][info ][gc            ] GC(117) Pause Young (Normal) (G1 Evacuation Pause) 334M->168M(372M) 10.443ms
[2023-10-30T22:19:35.675+0000][10140.054s][info ][gc,cpu        ] GC(117) User=0.03s Sys=0.01s Real=0.01s
[2023-10-30T22:19:35.675+0000][10140.055s][info ][safepoint     ] Leaving safepoint region
[2023-10-30T22:19:35.675+0000][10140.055s][info ][safepoint     ] Total time for which application threads were stopped: 0.0122777 seconds, Stopping threads took: 0.0004618 seconds
[2023-10-30T22:19:35.676+0000][10140.055s][info ][gc,stringdedup] Concurrent String Deduplication (10140.055s)
[2023-10-30T22:19:35.676+0000][10140.056s][info ][gc,stringdedup] Concurrent String Deduplication 0.0B->0.0B(0.0B) avg 54.6% (10140.055s, 10140.056s) 0.454ms
[2023-10-30T22:19:36.676+0000][10141.055s][debug][safepoint     ] Safepoint synchronization initiated. (181 threads)
[2023-10-30T22:19:36.676+0000][10141.056s][info ][safepoint     ] Application time: 1.0006744 seconds
[2023-10-30T22:19:36.677+0000][10141.056s][info ][safepoint     ] Entering safepoint region: Cleanup
[2023-10-30T22:19:36.677+0000][10141.057s][info ][safepoint     ] Leaving safepoint region
[2023-10-30T22:19:36.678+0000][10141.058s][info ][safepoint     ] Total time for which application threads were stopped: 0.0013058 seconds, Stopping threads took: 0.0004404 seconds
[2023-10-30T22:19:37.678+0000][10142.058s][debug][safepoint     ] Safepoint synchronization initiated. (182 threads)
[2023-10-30T22:19:37.680+0000][10142.059s][info ][safepoint     ] Application time: 1.0012161 seconds
[2023-10-30T22:19:37.680+0000][10142.060s][info ][safepoint     ] Entering safepoint region: Cleanup
[2023-10-30T22:19:37.681+0000][10142.061s][info ][safepoint     ] Leaving safepoint region
[2023-10-30T22:19:37.681+0000][10142.061s][info ][safepoint     ] Total time for which application threads were stopped: 0.0011418 seconds, Stopping threads took: 0.0005001 seconds
[2023-10-30T22:19:38.682+0000][10143.062s][debug][safepoint     ] Safepoint synchronization initiated. (182 threads)
[2023-10-30T22:19:38.682+0000][10143.062s][info ][safepoint     ] Application time: 1.0007417 seconds
[2023-10-30T22:19:38.683+0000][10143.063s][info ][safepoint     ] Entering safepoint region: Cleanup
[2023-10-30T22:19:38.684+0000][10143.063s][info ][safepoint     ] Leaving safepoint region
[2023-10-30T22:19:38.684+0000][10143.064s][info ][safepoint     ] Total time for which application threads were stopped: 0.0010927 seconds, Stopping threads took: 0.0004515 seconds
[2023-10-30T22:19:39.684+0000][10144.064s][debug][safepoint     ] Safepoint synchronization initiated. (182 threads)
[2023-10-30T22:19:39.685+0000][10144.065s][info ][safepoint     ] Application time: 1.0005601 seconds
[2023-10-30T22:19:39.685+0000][10144.065s][info ][safepoint     ] Entering safepoint region: Cleanup
[2023-10-30T22:19:39.686+0000][10144.066s][info ][safepoint     ] Leaving safepoint region
[2023-10-30T22:19:39.686+0000][10144.066s][info ][safepoint     ] Total time for which application threads were stopped: 0.0009447 seconds, Stopping threads took: 0.0004116 seconds
[2023-10-30T22:19:40.687+0000][10145.067s][debug][safepoint     ] Safepoint synchronization initiated. (182 threads)
[2023-10-30T22:19:40.688+0000][10145.067s][info ][safepoint     ] Application time: 1.0010597 seconds
[2023-10-30T22:19:40.688+0000][10145.068s][info ][safepoint     ] Entering safepoint region: Cleanup
[2023-10-30T22:19:40.689+0000][10145.069s][info ][safepoint     ] Leaving safepoint region
[2023-10-30T22:19:40.689+0000][10145.069s][info ][safepoint     ] Total time for which application threads were stopped: 0.0011819 seconds, Stopping threads took: 0.0005300 seconds
[2023-10-30T22:19:41.690+0000][10146.070s][debug][safepoint     ] Safepoint synchronization initiated. (182 threads)
[2023-10-30T22:19:41.690+0000][10146.070s][info ][safepoint     ] Application time: 1.0005706 seconds
[2023-10-30T22:19:41.691+0000][10146.070s][info ][safepoint     ] Entering safepoint region: Cleanup
[2023-10-30T22:19:41.691+0000][10146.071s][info ][safepoint     ] Leaving safepoint region
[2023-10-30T22:19:41.691+0000][10146.071s][info ][safepoint     ] Total time for which application threads were stopped: 0.0008595 seconds, Stopping threads took: 0.0003765 seconds
[2023-10-30T22:19:42.692+0000][10147.072s][debug][safepoint     ] Safepoint synchronization initiated. (182 threads)
[2023-10-30T22:19:42.693+0000][10147.073s][info ][safepoint     ] Application time: 1.0011330 seconds
[2023-10-30T22:19:42.694+0000][10147.074s][info ][safepoint     ] Entering safepoint region: Cleanup
[2023-10-30T22:19:42.695+0000][10147.074s][info ][safepoint     ] Leaving safepoint region
[2023-10-30T22:19:42.695+0000][10147.075s][info ][safepoint     ] Total time for which application threads were stopped: 0.0012546 seconds, Stopping threads took: 0.0006231 seconds
[2023-10-30T22:19:43.696+0000][10148.075s][debug][safepoint     ] Safepoint synchronization initiated. (182 threads)
[2023-10-30T22:19:43.696+0000][10148.076s][info ][safepoint     ] Application time: 1.0007640 seconds
[2023-10-30T22:19:43.697+0000][10148.076s][info ][safepoint     ] Entering safepoint region: Cleanup
[2023-10-30T22:19:43.697+0000][10148.077s][info ][safepoint     ] Leaving safepoint region
[2023-10-30T22:19:43.698+0000][10148.077s][info ][safepoint     ] Total time for which application threads were stopped: 0.0008937 seconds, Stopping threads took: 0.0003845 seconds
[2023-10-30T22:19:44.698+0000][10149.078s][debug][safepoint     ] Safepoint synchronization initiated. (182 threads)
[2023-10-30T22:19:44.700+0000][10149.079s][info ][safepoint     ] Application time: 1.0018051 seconds
[2023-10-30T22:19:44.701+0000][10149.081s][info ][safepoint     ] Entering safepoint region: Cleanup
[2023-10-30T22:19:44.702+0000][10149.081s][info ][safepoint     ] Leaving safepoint region
[2023-10-30T22:19:44.702+0000][10149.082s][info ][safepoint     ] Total time for which application threads were stopped: 0.0011557 seconds, Stopping threads took: 0.0004980 seconds
[2023-10-30T22:19:45.703+0000][10150.082s][debug][safepoint     ] Safepoint synchronization initiated. (182 threads)
[2023-10-30T22:19:45.703+0000][10150.083s][info ][safepoint     ] Application time: 1.0010715 seconds
[2023-10-30T22:19:45.704+0000][10150.084s][info ][safepoint     ] Entering safepoint region: Cleanup
[2023-10-30T22:19:45.705+0000][10150.085s][info ][safepoint     ] Leaving safepoint region
[2023-10-30T22:19:45.706+0000][10150.085s][info ][safepoint     ] Total time for which application threads were stopped: 0.0013849 seconds, Stopping threads took: 0.0005094 seconds
[2023-10-30T22:19:46.706+0000][10151.086s][debug][safepoint     ] Safepoint synchronization initiated. (182 threads)
[2023-10-30T22:19:46.707+0000][10151.087s][info ][safepoint     ] Application time: 1.0011037 seconds
[2023-10-30T22:19:46.708+0000][10151.088s][info ][safepoint     ] Entering safepoint region: Cleanup
[2023-10-30T22:19:46.709+0000][10151.088s][info ][safepoint     ] Leaving safepoint region
[2023-10-30T22:19:46.709+0000][10151.089s][info ][safepoint     ] Total time for which application threads were stopped: 0.0012280 seconds, Stopping threads took: 0.0004977 seconds
[2023-10-30T22:19:47.710+0000][10152.090s][debug][safepoint     ] Safepoint synchronization initiated. (182 threads)
[2023-10-30T22:19:47.711+0000][10152.090s][info ][safepoint     ] Application time: 1.0010214 seconds
[2023-10-30T22:19:47.711+0000][10152.091s][info ][safepoint     ] Entering safepoint region: Cleanup
[2023-10-30T22:19:47.712+0000][10152.092s][info ][safepoint     ] Leaving safepoint region
[2023-10-30T22:19:47.713+0000][10152.092s][info ][safepoint     ] Total time for which application threads were stopped: 0.0011547 seconds, Stopping threads took: 0.0005274 seconds
[2023-10-30T22:19:48.713+0000][10153.093s][debug][safepoint     ] Safepoint synchronization initiated. (182 threads)
[2023-10-30T22:19:48.714+0000][10153.093s][info ][safepoint     ] Application time: 1.0008109 seconds
[2023-10-30T22:19:48.714+0000][10153.094s][info ][safepoint     ] Entering safepoint region: Cleanup
[2023-10-30T22:19:48.715+0000][10153.095s][info ][safepoint     ] Leaving safepoint region
[2023-10-30T22:19:48.716+0000][10153.095s][info ][safepoint     ] Total time for which application threads were stopped: 0.0012881 seconds, Stopping threads took: 0.0005517 seconds
[2023-10-30T22:19:49.716+0000][10154.096s][debug][safepoint     ] Safepoint synchronization initiated. (182 threads)
[2023-10-30T22:19:49.717+0000][10154.097s][info ][safepoint     ] Application time: 1.0008968 seconds
[2023-10-30T22:19:49.718+0000][10154.097s][info ][safepoint     ] Entering safepoint region: Cleanup
[2023-10-30T22:19:49.718+0000][10154.098s][info ][safepoint     ] Leaving safepoint region
[2023-10-30T22:19:49.719+0000][10154.098s][info ][safepoint     ] Total time for which application threads were stopped: 0.0012777 seconds, Stopping threads took: 0.0005423 seconds
[2023-10-30T22:19:50.720+0000][10155.099s][debug][safepoint     ] Safepoint synchronization initiated. (182 threads)
[2023-10-30T22:19:50.721+0000][10155.101s][info ][safepoint     ] Application time: 1.0018188 seconds
[2023-10-30T22:19:50.722+0000][10155.101s][info ][safepoint     ] Entering safepoint region: Cleanup
[2023-10-30T22:19:50.723+0000][10155.102s][info ][safepoint     ] Leaving safepoint region
[2023-10-30T22:19:50.723+0000][10155.103s][info ][safepoint     ] Total time for which application threads were stopped: 0.0016284 seconds, Stopping threads took: 0.0008737 seconds
[2023-10-30T22:19:51.724+0000][10156.104s][debug][safepoint     ] Safepoint synchronization initiated. (182 threads)
[2023-10-30T22:19:51.725+0000][10156.104s][info ][safepoint     ] Application time: 1.0009360 seconds
[2023-10-30T22:19:51.725+0000][10156.105s][info ][safepoint     ] Entering safepoint region: Cleanup
[2023-10-30T22:19:51.726+0000][10156.106s][info ][safepoint     ] Leaving safepoint region
[2023-10-30T22:19:51.726+0000][10156.106s][info ][safepoint     ] Total time for which application threads were stopped: 0.0011991 seconds, Stopping threads took: 0.0004440 seconds
[2023-10-30T22:19:52.727+0000][10157.107s][debug][safepoint     ] Safepoint synchronization initiated. (182 threads)
[2023-10-30T22:19:52.728+0000][10157.108s][info ][safepoint     ] Application time: 1.0012577 seconds
[2023-10-30T22:19:52.730+0000][10157.109s][info ][safepoint     ] Entering safepoint region: Cleanup
[2023-10-30T22:19:52.731+0000][10157.110s][info ][safepoint     ] Leaving safepoint region
[2023-10-30T22:19:52.731+0000][10157.111s][info ][safepoint     ] Total time for which application threads were stopped: 0.0017950 seconds, Stopping threads took: 0.0010316 seconds
[2023-10-30T22:19:53.732+0000][10158.112s][debug][safepoint     ] Safepoint synchronization initiated. (182 threads)
[2023-10-30T22:19:53.733+0000][10158.112s][info ][safepoint     ] Application time: 1.0008289 seconds
[2023-10-30T22:19:53.733+0000][10158.113s][info ][safepoint     ] Entering safepoint region: Cleanup
[2023-10-30T22:19:53.734+0000][10158.113s][info ][safepoint     ] Leaving safepoint region
[2023-10-30T22:19:53.734+0000][10158.114s][info ][safepoint     ] Total time for which application threads were stopped: 0.0008520 seconds, Stopping threads took: 0.0002987 seconds
[2023-10-30T22:19:54.735+0000][10159.114s][debug][safepoint     ] Safepoint synchronization initiated. (182 threads)
[2023-10-30T22:19:54.735+0000][10159.115s][info ][safepoint     ] Application time: 1.0006858 seconds
[2023-10-30T22:19:54.736+0000][10159.115s][info ][safepoint     ] Entering safepoint region: Cleanup
[2023-10-30T22:19:54.736+0000][10159.116s][info ][safepoint     ] Leaving safepoint region
[2023-10-30T22:19:54.736+0000][10159.116s][info ][safepoint     ] Total time for which application threads were stopped: 0.0008571 seconds, Stopping threads took: 0.0003710 seconds
[2023-10-30T22:19:55.737+0000][10160.116s][debug][safepoint     ] Safepoint synchronization initiated. (182 threads)
[2023-10-30T22:19:55.738+0000][10160.117s][info ][safepoint     ] Application time: 1.0007528 seconds
[2023-10-30T22:19:55.738+0000][10160.118s][info ][safepoint     ] Entering safepoint region: Cleanup
[2023-10-30T22:19:55.739+0000][10160.118s][info ][safepoint     ] Leaving safepoint region
[2023-10-30T22:19:55.739+0000][10160.119s][info ][safepoint     ] Total time for which application threads were stopped: 0.0012448 seconds, Stopping threads took: 0.0005489 seconds
[2023-10-30T22:19:56.740+0000][10161.119s][debug][safepoint     ] Safepoint synchronization initiated. (182 threads)
[2023-10-30T22:19:56.741+0000][10161.120s][info ][safepoint     ] Application time: 1.0009276 seconds
[2023-10-30T22:19:56.741+0000][10161.121s][info ][safepoint     ] Entering safepoint region: Cleanup
[2023-10-30T22:19:56.742+0000][10161.121s][info ][safepoint     ] Leaving safepoint region
[2023-10-30T22:19:56.743+0000][10161.122s][info ][safepoint     ] Total time for which application threads were stopped: 0.0012786 seconds, Stopping threads took: 0.0005866 seconds
[2023-10-30T22:19:57.743+0000][10162.123s][debug][safepoint     ] Safepoint synchronization initiated. (182 threads)
[2023-10-30T22:19:57.745+0000][10162.124s][info ][safepoint     ] Application time: 1.0013973 seconds
[2023-10-30T22:19:57.745+0000][10162.125s][info ][safepoint     ] Entering safepoint region: Cleanup
[2023-10-30T22:19:57.747+0000][10162.126s][info ][safepoint     ] Leaving safepoint region
[2023-10-30T22:19:57.747+0000][10162.127s][info ][safepoint     ] Total time for which application threads were stopped: 0.0019831 seconds, Stopping threads took: 0.0008077 seconds
[2023-10-30T22:19:58.748+0000][10163.128s][debug][safepoint     ] Safepoint synchronization initiated. (182 threads)
[2023-10-30T22:19:58.749+0000][10163.128s][info ][safepoint     ] Application time: 1.0009170 seconds
[2023-10-30T22:19:58.750+0000][10163.129s][info ][safepoint     ] Entering safepoint region: Cleanup
[2023-10-30T22:19:58.751+0000][10163.130s][info ][safepoint     ] Leaving safepoint region
[2023-10-30T22:19:58.751+0000][10163.130s][info ][safepoint     ] Total time for which application threads were stopped: 0.0014020 seconds, Stopping threads took: 0.0006358 seconds
[2023-10-30T22:19:59.752+0000][10164.131s][debug][safepoint     ] Safepoint synchronization initiated. (182 threads)
[2023-10-30T22:19:59.753+0000][10164.132s][info ][safepoint     ] Application time: 1.0013387 seconds
[2023-10-30T22:19:59.753+0000][10164.133s][info ][safepoint     ] Entering safepoint region: Cleanup
[2023-10-30T22:19:59.754+0000][10164.133s][info ][safepoint     ] Leaving safepoint region
[2023-10-30T22:19:59.754+0000][10164.134s][info ][safepoint     ] Total time for which application threads were stopped: 0.0010262 seconds, Stopping threads took: 0.0005104 seconds
[2023-10-30T22:20:00.755+0000][10165.134s][debug][safepoint     ] Safepoint synchronization initiated. (182 threads)
[2023-10-30T22:20:00.756+0000][10165.135s][info ][safepoint     ] Application time: 1.0009691 seconds
[2023-10-30T22:20:00.756+0000][10165.136s][info ][safepoint     ] Entering safepoint region: Cleanup
[2023-10-30T22:20:00.757+0000][10165.137s][info ][safepoint     ] Leaving safepoint region
[2023-10-30T22:20:00.758+0000][10165.137s][info ][safepoint     ] Total time for which application threads were stopped: 0.0013732 seconds, Stopping threads took: 0.0006265 seconds
[2023-10-30T22:20:01.758+0000][10166.138s][debug][safepoint     ] Safepoint synchronization initiated. (182 threads)
[2023-10-30T22:20:01.759+0000][10166.139s][info ][safepoint     ] Application time: 1.0012459 seconds
[2023-10-30T22:20:01.760+0000][10166.140s][info ][safepoint     ] Entering safepoint region: Cleanup
[2023-10-30T22:20:01.761+0000][10166.141s][info ][safepoint     ] Leaving safepoint region
[2023-10-30T22:20:01.762+0000][10166.142s][info ][safepoint     ] Total time for which application threads were stopped: 0.0019399 seconds, Stopping threads took: 0.0008283 seconds
[2023-10-30T22:20:02.763+0000][10167.143s][debug][safepoint     ] Safepoint synchronization initiated. (182 threads)
[2023-10-30T22:20:02.764+0000][10167.143s][info ][safepoint     ] Application time: 1.0010584 seconds
[2023-10-30T22:20:02.765+0000][10167.144s][info ][safepoint     ] Entering safepoint region: Cleanup
[2023-10-30T22:20:02.766+0000][10167.145s][info ][safepoint     ] Leaving safepoint region
[2023-10-30T22:20:02.766+0000][10167.146s][info ][safepoint     ] Total time for which application threads were stopped: 0.0015187 seconds, Stopping threads took: 0.0006809 seconds
[2023-10-30T22:20:03.767+0000][10168.146s][debug][safepoint     ] Safepoint synchronization initiated. (182 threads)
[2023-10-30T22:20:03.767+0000][10168.147s][info ][safepoint     ] Application time: 1.0007076 seconds
[2023-10-30T22:20:03.768+0000][10168.147s][info ][safepoint     ] Entering safepoint region: Cleanup
[2023-10-30T22:20:03.769+0000][10168.148s][info ][safepoint     ] Leaving safepoint region
[2023-10-30T22:20:03.769+0000][10168.149s][info ][safepoint     ] Total time for which application threads were stopped: 0.0012986 seconds, Stopping threads took: 0.0005550 seconds
[2023-10-30T22:20:04.770+0000][10169.149s][debug][safepoint     ] Safepoint synchronization initiated. (182 threads)
[2023-10-30T22:20:04.770+0000][10169.150s][info ][safepoint     ] Application time: 1.0005785 seconds
[2023-10-30T22:20:04.771+0000][10169.150s][info ][safepoint     ] Entering safepoint region: Cleanup
[2023-10-30T22:20:04.771+0000][10169.151s][info ][safepoint     ] Leaving safepoint region
[2023-10-30T22:20:04.771+0000][10169.151s][info ][safepoint     ] Total time for which application threads were stopped: 0.0008022 seconds, Stopping threads took: 0.0003546 seconds
[2023-10-30T22:20:05.772+0000][10170.151s][debug][safepoint     ] Safepoint synchronization initiated. (182 threads)
[2023-10-30T22:20:05.772+0000][10170.152s][info ][safepoint     ] Application time: 1.0005930 seconds
[2023-10-30T22:20:05.773+0000][10170.152s][info ][safepoint     ] Entering safepoint region: Cleanup
[2023-10-30T22:20:05.773+0000][10170.153s][info ][safepoint     ] Leaving safepoint region
[2023-10-30T22:20:05.773+0000][10170.153s][info ][safepoint     ] Total time for which application threads were stopped: 0.0007491 seconds, Stopping threads took: 0.0002930 seconds
[2023-10-30T22:20:06.774+0000][10171.153s][debug][safepoint     ] Safepoint synchronization initiated. (182 threads)
[2023-10-30T22:20:06.775+0000][10171.154s][info ][safepoint     ] Application time: 1.0012180 seconds
[2023-10-30T22:20:06.776+0000][10171.155s][info ][safepoint     ] Entering safepoint region: Cleanup
[2023-10-30T22:20:06.777+0000][10171.156s][info ][safepoint     ] Leaving safepoint region
[2023-10-30T22:20:06.777+0000][10171.157s][info ][safepoint     ] Total time for which application threads were stopped: 0.0017783 seconds, Stopping threads took: 0.0007962 seconds
[2023-10-30T22:20:07.778+0000][10172.157s][debug][safepoint     ] Safepoint synchronization initiated. (182 threads)
[2023-10-30T22:20:07.779+0000][10172.158s][info ][safepoint     ] Application time: 1.0007327 seconds
[2023-10-30T22:20:07.779+0000][10172.158s][info ][safepoint     ] Entering safepoint region: Cleanup
[2023-10-30T22:20:07.780+0000][10172.159s][info ][safepoint     ] Leaving safepoint region
[2023-10-30T22:20:07.780+0000][10172.159s][info ][safepoint     ] Total time for which application threads were stopped: 0.0009131 seconds, Stopping threads took: 0.0003751 seconds
[2023-10-30T22:20:08.781+0000][10173.160s][debug][safepoint     ] Safepoint synchronization initiated. (182 threads)
[2023-10-30T22:20:08.781+0000][10173.160s][info ][safepoint     ] Application time: 1.0008167 seconds
[2023-10-30T22:20:08.782+0000][10173.161s][info ][safepoint     ] Entering safepoint region: Cleanup
[2023-10-30T22:20:08.782+0000][10173.162s][info ][safepoint     ] Leaving safepoint region
[2023-10-30T22:20:08.783+0000][10173.162s][info ][safepoint     ] Total time for which application threads were stopped: 0.0012732 seconds, Stopping threads took: 0.0005689 seconds
[2023-10-30T22:20:09.783+0000][10174.163s][debug][safepoint     ] Safepoint synchronization initiated. (183 threads)
[2023-10-30T22:20:09.784+0000][10174.163s][info ][safepoint     ] Application time: 1.0008410 seconds
[2023-10-30T22:20:09.785+0000][10174.164s][info ][safepoint     ] Entering safepoint region: Cleanup
[2023-10-30T22:20:09.785+0000][10174.165s][info ][safepoint     ] Leaving safepoint region
[2023-10-30T22:20:09.786+0000][10174.165s][info ][safepoint     ] Total time for which application threads were stopped: 0.0011036 seconds, Stopping threads took: 0.0004557 seconds
[2023-10-30T22:20:10.786+0000][10175.166s][debug][safepoint     ] Safepoint synchronization initiated. (183 threads)
[2023-10-30T22:20:10.788+0000][10175.167s][info ][safepoint     ] Application time: 1.0016671 seconds
[2023-10-30T22:20:10.789+0000][10175.169s][info ][safepoint     ] Entering safepoint region: Cleanup
[2023-10-30T22:20:10.790+0000][10175.169s][info ][safepoint     ] Leaving safepoint region
[2023-10-30T22:20:10.791+0000][10175.170s][info ][safepoint     ] Total time for which application threads were stopped: 0.0010758 seconds, Stopping threads took: 0.0004916 seconds
[2023-10-30T22:20:11.791+0000][10176.171s][debug][safepoint     ] Safepoint synchronization initiated. (183 threads)
[2023-10-30T22:20:11.792+0000][10176.172s][info ][safepoint     ] Application time: 1.0014821 seconds
[2023-10-30T22:20:11.794+0000][10176.173s][info ][safepoint     ] Entering safepoint region: Cleanup
[2023-10-30T22:20:11.795+0000][10176.174s][info ][safepoint     ] Leaving safepoint region
[2023-10-30T22:20:11.796+0000][10176.175s][info ][safepoint     ] Total time for which application threads were stopped: 0.0022385 seconds, Stopping threads took: 0.0009867 seconds
[2023-10-30T22:20:12.797+0000][10177.176s][debug][safepoint     ] Safepoint synchronization initiated. (183 threads)
[2023-10-30T22:20:12.798+0000][10177.177s][info ][safepoint     ] Application time: 1.0013067 seconds
[2023-10-30T22:20:12.799+0000][10177.178s][info ][safepoint     ] Entering safepoint region: Cleanup
[2023-10-30T22:20:12.800+0000][10177.179s][info ][safepoint     ] Leaving safepoint region
[2023-10-30T22:20:12.801+0000][10177.180s][info ][safepoint     ] Total time for which application threads were stopped: 0.0018614 seconds, Stopping threads took: 0.0007777 seconds
[2023-10-30T22:20:13.802+0000][10178.181s][debug][safepoint     ] Safepoint synchronization initiated. (183 threads)
[2023-10-30T22:20:13.802+0000][10178.181s][info ][safepoint     ] Application time: 1.0006213 seconds
[2023-10-30T22:20:13.802+0000][10178.182s][info ][safepoint     ] Entering safepoint region: Cleanup
[2023-10-30T22:20:13.803+0000][10178.182s][info ][safepoint     ] Leaving safepoint region
[2023-10-30T22:20:13.803+0000][10178.182s][info ][safepoint     ] Total time for which application threads were stopped: 0.0008132 seconds, Stopping threads took: 0.0003065 seconds
[2023-10-30T22:20:14.804+0000][10179.183s][debug][safepoint     ] Safepoint synchronization initiated. (182 threads)
[2023-10-30T22:20:14.804+0000][10179.184s][info ][safepoint     ] Application time: 1.0009336 seconds
[2023-10-30T22:20:14.805+0000][10179.184s][info ][safepoint     ] Entering safepoint region: Cleanup
[2023-10-30T22:20:14.806+0000][10179.185s][info ][safepoint     ] Leaving safepoint region
[2023-10-30T22:20:14.806+0000][10179.186s][info ][safepoint     ] Total time for which application threads were stopped: 0.0012579 seconds, Stopping threads took: 0.0006497 seconds
[2023-10-30T22:20:15.807+0000][10180.187s][debug][safepoint     ] Safepoint synchronization initiated. (182 threads)
[2023-10-30T22:20:15.808+0000][10180.188s][info ][safepoint     ] Application time: 1.0017775 seconds
[2023-10-30T22:20:15.809+0000][10180.189s][info ][safepoint     ] Entering safepoint region: Cleanup
[2023-10-30T22:20:15.810+0000][10180.190s][info ][safepoint     ] Leaving safepoint region
[2023-10-30T22:20:15.811+0000][10180.190s][info ][safepoint     ] Total time for which application threads were stopped: 0.0017053 seconds, Stopping threads took: 0.0007657 seconds
[2023-10-30T22:20:16.811+0000][10181.191s][debug][safepoint     ] Safepoint synchronization initiated. (182 threads)
[2023-10-30T22:20:16.812+0000][10181.192s][info ][safepoint     ] Application time: 1.0012433 seconds
[2023-10-30T22:20:16.813+0000][10181.192s][info ][safepoint     ] Entering safepoint region: Cleanup
[2023-10-30T22:20:16.814+0000][10181.194s][info ][safepoint     ] Leaving safepoint region
[2023-10-30T22:20:16.815+0000][10181.195s][info ][safepoint     ] Total time for which application threads were stopped: 0.0021978 seconds, Stopping threads took: 0.0009899 seconds
[2023-10-30T22:20:17.816+0000][10182.196s][debug][safepoint     ] Safepoint synchronization initiated. (182 threads)
[2023-10-30T22:20:17.817+0000][10182.196s][info ][safepoint     ] Application time: 1.0008426 seconds
[2023-10-30T22:20:17.817+0000][10182.197s][info ][safepoint     ] Entering safepoint region: Cleanup
[2023-10-30T22:20:17.818+0000][10182.198s][info ][safepoint     ] Leaving safepoint region
[2023-10-30T22:20:17.819+0000][10182.198s][info ][safepoint     ] Total time for which application threads were stopped: 0.0014851 seconds, Stopping threads took: 0.0005300 seconds
[2023-10-30T22:20:18.820+0000][10183.199s][debug][safepoint     ] Safepoint synchronization initiated. (182 threads)
[2023-10-30T22:20:18.820+0000][10183.200s][info ][safepoint     ] Application time: 1.0010882 seconds
[2023-10-30T22:20:18.821+0000][10183.201s][info ][safepoint     ] Entering safepoint region: Cleanup
[2023-10-30T22:20:18.822+0000][10183.202s][info ][safepoint     ] Leaving safepoint region
[2023-10-30T22:20:18.823+0000][10183.202s][info ][safepoint     ] Total time for which application threads were stopped: 0.0016869 seconds, Stopping threads took: 0.0006889 seconds
[2023-10-30T22:20:19.824+0000][10184.203s][debug][safepoint     ] Safepoint synchronization initiated. (182 threads)
[2023-10-30T22:20:19.824+0000][10184.204s][info ][safepoint     ] Application time: 1.0007168 seconds
[2023-10-30T22:20:19.825+0000][10184.204s][info ][safepoint     ] Entering safepoint region: Cleanup
[2023-10-30T22:20:19.825+0000][10184.205s][info ][safepoint     ] Leaving safepoint region
[2023-10-30T22:20:19.825+0000][10184.205s][info ][safepoint     ] Total time for which application threads were stopped: 0.0007603 seconds, Stopping threads took: 0.0003377 seconds
[2023-10-30T22:20:20.826+0000][10185.205s][debug][safepoint     ] Safepoint synchronization initiated. (182 threads)
[2023-10-30T22:20:20.827+0000][10185.206s][info ][safepoint     ] Application time: 1.0008073 seconds
[2023-10-30T22:20:20.827+0000][10185.206s][info ][safepoint     ] Entering safepoint region: Cleanup
[2023-10-30T22:20:20.828+0000][10185.207s][info ][safepoint     ] Leaving safepoint region
[2023-10-30T22:20:20.828+0000][10185.207s][info ][safepoint     ] Total time for which application threads were stopped: 0.0010927 seconds, Stopping threads took: 0.0004545 seconds
[2023-10-30T22:20:21.829+0000][10186.208s][debug][safepoint     ] Safepoint synchronization initiated. (182 threads)
[2023-10-30T22:20:21.830+0000][10186.209s][info ][safepoint     ] Application time: 1.0008962 seconds
[2023-10-30T22:20:21.830+0000][10186.209s][info ][safepoint     ] Entering safepoint region: Cleanup
[2023-10-30T22:20:21.831+0000][10186.210s][info ][safepoint     ] Leaving safepoint region
[2023-10-30T22:20:21.831+0000][10186.211s][info ][safepoint     ] Total time for which application threads were stopped: 0.0013355 seconds, Stopping threads took: 0.0005391 seconds
[2023-10-30T22:20:22.832+0000][10187.211s][debug][safepoint     ] Safepoint synchronization initiated. (182 threads)
[2023-10-30T22:20:22.833+0000][10187.212s][info ][safepoint     ] Application time: 1.0006526 seconds
[2023-10-30T22:20:22.833+0000][10187.212s][info ][safepoint     ] Entering safepoint region: Cleanup
[2023-10-30T22:20:22.834+0000][10187.213s][info ][safepoint     ] Leaving safepoint region
[2023-10-30T22:20:22.834+0000][10187.213s][info ][safepoint     ] Total time for which application threads were stopped: 0.0010168 seconds, Stopping threads took: 0.0004209 seconds
[2023-10-30T22:20:23.835+0000][10188.214s][debug][safepoint     ] Safepoint synchronization initiated. (182 threads)
[2023-10-30T22:20:23.836+0000][10188.215s][info ][safepoint     ] Application time: 1.0008355 seconds
[2023-10-30T22:20:23.836+0000][10188.215s][info ][safepoint     ] Entering safepoint region: Cleanup
[2023-10-30T22:20:23.837+0000][10188.216s][info ][safepoint     ] Leaving safepoint region
[2023-10-30T22:20:23.837+0000][10188.216s][info ][safepoint     ] Total time for which application threads were stopped: 0.0011430 seconds, Stopping threads took: 0.0005140 seconds
[2023-10-30T22:20:24.838+0000][10189.217s][debug][safepoint     ] Safepoint synchronization initiated. (182 threads)
[2023-10-30T22:20:24.839+0000][10189.218s][info ][safepoint     ] Application time: 1.0015108 seconds
[2023-10-30T22:20:24.840+0000][10189.219s][info ][safepoint     ] Entering safepoint region: Cleanup
[2023-10-30T22:20:24.842+0000][10189.221s][info ][safepoint     ] Leaving safepoint region
[2023-10-30T22:20:24.842+0000][10189.222s][info ][safepoint     ] Total time for which application threads were stopped: 0.0022236 seconds, Stopping threads took: 0.0011051 seconds
[2023-10-30T22:20:25.844+0000][10190.223s][debug][safepoint     ] Safepoint synchronization initiated. (182 threads)
[2023-10-30T22:20:25.844+0000][10190.224s][info ][safepoint     ] Application time: 1.0010599 seconds
[2023-10-30T22:20:25.845+0000][10190.224s][info ][safepoint     ] Entering safepoint region: Cleanup
[2023-10-30T22:20:25.846+0000][10190.225s][info ][safepoint     ] Leaving safepoint region
[2023-10-30T22:20:25.847+0000][10190.226s][info ][safepoint     ] Total time for which application threads were stopped: 0.0016512 seconds, Stopping threads took: 0.0007552 seconds
[2023-10-30T22:20:26.848+0000][10191.227s][debug][safepoint     ] Safepoint synchronization initiated. (180 threads)
[2023-10-30T22:20:26.848+0000][10191.227s][info ][safepoint     ] Application time: 1.0007206 seconds
[2023-10-30T22:20:26.849+0000][10191.228s][info ][safepoint     ] Entering safepoint region: Cleanup
[2023-10-30T22:20:26.849+0000][10191.228s][info ][safepoint     ] Leaving safepoint region
[2023-10-30T22:20:26.850+0000][10191.229s][info ][safepoint     ] Total time for which application threads were stopped: 0.0010622 seconds, Stopping threads took: 0.0004513 seconds
[2023-10-30T22:20:27.850+0000][10192.229s][debug][safepoint     ] Safepoint synchronization initiated. (180 threads)
[2023-10-30T22:20:27.851+0000][10192.230s][info ][safepoint     ] Application time: 1.0010299 seconds
[2023-10-30T22:20:27.851+0000][10192.231s][info ][safepoint     ] Entering safepoint region: Cleanup
[2023-10-30T22:20:27.852+0000][10192.231s][info ][safepoint     ] Leaving safepoint region
[2023-10-30T22:20:27.853+0000][10192.232s][info ][safepoint     ] Total time for which application threads were stopped: 0.0012896 seconds, Stopping threads took: 0.0006176 seconds
[2023-10-30T22:20:28.853+0000][10193.233s][debug][safepoint     ] Safepoint synchronization initiated. (180 threads)
[2023-10-30T22:20:28.854+0000][10193.233s][info ][safepoint     ] Application time: 1.0011503 seconds
[2023-10-30T22:20:28.855+0000][10193.234s][info ][safepoint     ] Entering safepoint region: Cleanup
[2023-10-30T22:20:28.856+0000][10193.235s][info ][safepoint     ] Leaving safepoint region
[2023-10-30T22:20:28.857+0000][10193.236s][info ][safepoint     ] Total time for which application threads were stopped: 0.0014484 seconds, Stopping threads took: 0.0006587 seconds
[2023-10-30T22:20:29.857+0000][10194.236s][debug][safepoint     ] Safepoint synchronization initiated. (181 threads)
[2023-10-30T22:20:29.858+0000][10194.237s][info ][safepoint     ] Application time: 1.0009285 seconds
[2023-10-30T22:20:29.859+0000][10194.238s][info ][safepoint     ] Entering safepoint region: Cleanup
[2023-10-30T22:20:29.860+0000][10194.239s][info ][safepoint     ] Leaving safepoint region
[2023-10-30T22:20:29.861+0000][10194.240s][info ][safepoint     ] Total time for which application threads were stopped: 0.0023313 seconds, Stopping threads took: 0.0007257 seconds
[2023-10-30T22:20:30.862+0000][10195.241s][debug][safepoint     ] Safepoint synchronization initiated. (181 threads)
[2023-10-30T22:20:30.863+0000][10195.242s][info ][safepoint     ] Application time: 1.0014925 seconds
[2023-10-30T22:20:30.864+0000][10195.243s][info ][safepoint     ] Entering safepoint region: Cleanup
[2023-10-30T22:20:30.864+0000][10195.244s][info ][safepoint     ] Leaving safepoint region
[2023-10-30T22:20:30.865+0000][10195.244s][info ][safepoint     ] Total time for which application threads were stopped: 0.0015130 seconds, Stopping threads took: 0.0006653 seconds
[2023-10-30T22:20:31.866+0000][10196.245s][debug][safepoint     ] Safepoint synchronization initiated. (181 threads)
[2023-10-30T22:20:31.867+0000][10196.246s][info ][safepoint     ] Application time: 1.0008915 seconds
[2023-10-30T22:20:31.867+0000][10196.246s][info ][safepoint     ] Entering safepoint region: Cleanup
[2023-10-30T22:20:31.868+0000][10196.247s][info ][safepoint     ] Leaving safepoint region
[2023-10-30T22:20:31.868+0000][10196.247s][info ][safepoint     ] Total time for which application threads were stopped: 0.0011094 seconds, Stopping threads took: 0.0004814 seconds
[2023-10-30T22:20:32.869+0000][10197.248s][debug][safepoint     ] Safepoint synchronization initiated. (181 threads)
[2023-10-30T22:20:32.869+0000][10197.248s][info ][safepoint     ] Application time: 1.0005914 seconds
[2023-10-30T22:20:32.870+0000][10197.249s][info ][safepoint     ] Entering safepoint region: Cleanup
[2023-10-30T22:20:32.870+0000][10197.249s][info ][safepoint     ] Leaving safepoint region
[2023-10-30T22:20:32.870+0000][10197.250s][info ][safepoint     ] Total time for which application threads were stopped: 0.0008471 seconds, Stopping threads took: 0.0003677 seconds
[2023-10-30T22:20:33.871+0000][10198.250s][debug][safepoint     ] Safepoint synchronization initiated. (181 threads)
[2023-10-30T22:20:33.871+0000][10198.250s][info ][safepoint     ] Application time: 1.0005547 seconds
[2023-10-30T22:20:33.872+0000][10198.251s][info ][safepoint     ] Entering safepoint region: Cleanup
[2023-10-30T22:20:33.872+0000][10198.251s][info ][safepoint     ] Leaving safepoint region
[2023-10-30T22:20:33.872+0000][10198.252s][info ][safepoint     ] Total time for which application threads were stopped: 0.0008831 seconds, Stopping threads took: 0.0003701 seconds
[2023-10-30T22:20:34.873+0000][10199.252s][debug][safepoint     ] Safepoint synchronization initiated. (181 threads)
[2023-10-30T22:20:34.874+0000][10199.253s][info ][safepoint     ] Application time: 1.0011613 seconds
[2023-10-30T22:20:34.875+0000][10199.254s][info ][safepoint     ] Entering safepoint region: Cleanup
[2023-10-30T22:20:34.876+0000][10199.255s][info ][safepoint     ] Leaving safepoint region
[2023-10-30T22:20:34.877+0000][10199.256s][info ][safepoint     ] Total time for which application threads were stopped: 0.0018234 seconds, Stopping threads took: 0.0008240 seconds
[2023-10-30T22:20:35.877+0000][10200.257s][debug][safepoint     ] Safepoint synchronization initiated. (181 threads)
[2023-10-30T22:20:35.878+0000][10200.257s][info ][safepoint     ] Application time: 1.0006816 seconds
[2023-10-30T22:20:35.879+0000][10200.258s][info ][safepoint     ] Entering safepoint region: Cleanup
[2023-10-30T22:20:35.879+0000][10200.258s][info ][safepoint     ] Leaving safepoint region
[2023-10-30T22:20:35.880+0000][10200.259s][info ][safepoint     ] Total time for which application threads were stopped: 0.0011906 seconds, Stopping threads took: 0.0004683 seconds
[2023-10-30T22:20:36.880+0000][10201.259s][debug][safepoint     ] Safepoint synchronization initiated. (181 threads)
[2023-10-30T22:20:36.881+0000][10201.260s][info ][safepoint     ] Application time: 1.0006743 seconds
[2023-10-30T22:20:36.881+0000][10201.260s][debug][safepoint     ] ... found polling page return exception at pc = 0x00007f316094b879, stub =0x00007f3158840600
[2023-10-30T22:20:36.881+0000][10201.261s][debug][safepoint     ] Waiting for 1 thread(s) to block
[2023-10-30T22:20:36.882+0000][10201.261s][info ][safepoint     ] Entering safepoint region: Cleanup
[2023-10-30T22:20:36.882+0000][10201.261s][info ][safepoint     ] Leaving safepoint region
[2023-10-30T22:20:36.883+0000][10201.262s][info ][safepoint     ] Total time for which application threads were stopped: 0.0015296 seconds, Stopping threads took: 0.0010414 seconds
[2023-10-30T22:20:37.883+0000][10202.262s][debug][safepoint     ] Safepoint synchronization initiated. (181 threads)
[2023-10-30T22:20:37.884+0000][10202.263s][info ][safepoint     ] Application time: 1.0011480 seconds
[2023-10-30T22:20:37.885+0000][10202.264s][info ][safepoint     ] Entering safepoint region: Cleanup
[2023-10-30T22:20:37.886+0000][10202.265s][info ][safepoint     ] Leaving safepoint region
[2023-10-30T22:20:37.887+0000][10202.266s][info ][safepoint     ] Total time for which application threads were stopped: 0.0017217 seconds, Stopping threads took: 0.0007090 seconds
[2023-10-30T22:20:38.888+0000][10203.267s][debug][safepoint     ] Safepoint synchronization initiated. (181 threads)
[2023-10-30T22:20:38.889+0000][10203.268s][info ][safepoint     ] Application time: 1.0015165 seconds
[2023-10-30T22:20:38.890+0000][10203.269s][info ][safepoint     ] Entering safepoint region: Cleanup
[2023-10-30T22:20:38.891+0000][10203.271s][info ][safepoint     ] Leaving safepoint region
[2023-10-30T22:20:38.892+0000][10203.271s][info ][safepoint     ] Total time for which application threads were stopped: 0.0019726 seconds, Stopping threads took: 0.0008462 seconds
[2023-10-30T22:20:39.893+0000][10204.272s][debug][safepoint     ] Safepoint synchronization initiated. (181 threads)
[2023-10-30T22:20:39.894+0000][10204.273s][info ][safepoint     ] Application time: 1.0014292 seconds
[2023-10-30T22:20:39.895+0000][10204.274s][info ][safepoint     ] Entering safepoint region: Cleanup
[2023-10-30T22:20:39.896+0000][10204.276s][info ][safepoint     ] Leaving safepoint region
[2023-10-30T22:20:39.897+0000][10204.276s][info ][safepoint     ] Total time for which application threads were stopped: 0.0019976 seconds, Stopping threads took: 0.0009601 seconds
[2023-10-30T22:20:40.898+0000][10205.277s][debug][safepoint     ] Safepoint synchronization initiated. (181 threads)
[2023-10-30T22:20:40.899+0000][10205.278s][info ][safepoint     ] Application time: 1.0013824 seconds
[2023-10-30T22:20:40.900+0000][10205.280s][info ][safepoint     ] Entering safepoint region: Cleanup
[2023-10-30T22:20:40.902+0000][10205.281s][info ][safepoint     ] Leaving safepoint region
[2023-10-30T22:20:40.903+0000][10205.282s][info ][safepoint     ] Total time for which application threads were stopped: 0.0023957 seconds, Stopping threads took: 0.0010129 seconds
[2023-10-30T22:20:41.904+0000][10206.283s][debug][safepoint     ] Safepoint synchronization initiated. (181 threads)
[2023-10-30T22:20:41.904+0000][10206.283s][info ][safepoint     ] Application time: 1.0007305 seconds
[2023-10-30T22:20:41.905+0000][10206.284s][info ][safepoint     ] Entering safepoint region: Cleanup
[2023-10-30T22:20:41.905+0000][10206.284s][info ][safepoint     ] Leaving safepoint region
[2023-10-30T22:20:41.905+0000][10206.284s][info ][safepoint     ] Total time for which application threads were stopped: 0.0007394 seconds, Stopping threads took: 0.0003180 seconds
[2023-10-30T22:20:42.906+0000][10207.285s][debug][safepoint     ] Safepoint synchronization initiated. (181 threads)
[2023-10-30T22:20:42.906+0000][10207.286s][info ][safepoint     ] Application time: 1.0008466 seconds
[2023-10-30T22:20:42.907+0000][10207.286s][info ][safepoint     ] Entering safepoint region: Cleanup
[2023-10-30T22:20:42.908+0000][10207.287s][info ][safepoint     ] Leaving safepoint region
[2023-10-30T22:20:42.908+0000][10207.287s][info ][safepoint     ] Total time for which application threads were stopped: 0.0013919 seconds, Stopping threads took: 0.0006431 seconds
[2023-10-30T22:20:43.909+0000][10208.288s][debug][safepoint     ] Safepoint synchronization initiated. (181 threads)
[2023-10-30T22:20:43.909+0000][10208.288s][info ][safepoint     ] Application time: 1.0005588 seconds
[2023-10-30T22:20:43.910+0000][10208.289s][info ][safepoint     ] Entering safepoint region: Cleanup
[2023-10-30T22:20:43.910+0000][10208.289s][info ][safepoint     ] Leaving safepoint region
[2023-10-30T22:20:43.911+0000][10208.290s][info ][safepoint     ] Total time for which application threads were stopped: 0.0009827 seconds, Stopping threads took: 0.0004185 seconds
[2023-10-30T22:20:44.911+0000][10209.290s][debug][safepoint     ] Safepoint synchronization initiated. (181 threads)
[2023-10-30T22:20:44.912+0000][10209.291s][info ][safepoint     ] Application time: 1.0007725 seconds
[2023-10-30T22:20:44.912+0000][10209.291s][info ][safepoint     ] Entering safepoint region: Cleanup
[2023-10-30T22:20:44.913+0000][10209.292s][info ][safepoint     ] Leaving safepoint region
[2023-10-30T22:20:44.913+0000][10209.293s][info ][safepoint     ] Total time for which application threads were stopped: 0.0011047 seconds, Stopping threads took: 0.0004245 seconds
[2023-10-30T22:20:45.914+0000][10210.293s][debug][safepoint     ] Safepoint synchronization initiated. (181 threads)
[2023-10-30T22:20:45.915+0000][10210.294s][info ][safepoint     ] Application time: 1.0009344 seconds
[2023-10-30T22:20:45.915+0000][10210.295s][info ][safepoint     ] Entering safepoint region: Cleanup
[2023-10-30T22:20:45.916+0000][10210.295s][info ][safepoint     ] Leaving safepoint region
[2023-10-30T22:20:45.917+0000][10210.296s][info ][safepoint     ] Total time for which application threads were stopped: 0.0015271 seconds, Stopping threads took: 0.0006262 seconds
[2023-10-30T22:20:46.918+0000][10211.297s][debug][safepoint     ] Safepoint synchronization initiated. (181 threads)
[2023-10-30T22:20:46.918+0000][10211.298s][info ][safepoint     ] Application time: 1.0010653 seconds
[2023-10-30T22:20:46.919+0000][10211.298s][info ][safepoint     ] Entering safepoint region: Cleanup
[2023-10-30T22:20:46.920+0000][10211.299s][info ][safepoint     ] Leaving safepoint region
[2023-10-30T22:20:46.920+0000][10211.299s][info ][safepoint     ] Total time for which application threads were stopped: 0.0011490 seconds, Stopping threads took: 0.0005135 seconds
[2023-10-30T22:20:47.921+0000][10212.300s][debug][safepoint     ] Safepoint synchronization initiated. (181 threads)
[2023-10-30T22:20:47.921+0000][10212.300s][info ][safepoint     ] Application time: 1.0005297 seconds
[2023-10-30T22:20:47.921+0000][10212.301s][info ][safepoint     ] Entering safepoint region: Cleanup
[2023-10-30T22:20:47.922+0000][10212.301s][info ][safepoint     ] Leaving safepoint region
[2023-10-30T22:20:47.922+0000][10212.301s][info ][safepoint     ] Total time for which application threads were stopped: 0.0007741 seconds, Stopping threads took: 0.0003487 seconds
[2023-10-30T22:20:48.923+0000][10213.302s][debug][safepoint     ] Safepoint synchronization initiated. (181 threads)
[2023-10-30T22:20:48.923+0000][10213.302s][info ][safepoint     ] Application time: 1.0008981 seconds
[2023-10-30T22:20:48.924+0000][10213.303s][info ][safepoint     ] Entering safepoint region: Cleanup
[2023-10-30T22:20:48.924+0000][10213.304s][info ][safepoint     ] Leaving safepoint region
[2023-10-30T22:20:48.925+0000][10213.304s][info ][safepoint     ] Total time for which application threads were stopped: 0.0010547 seconds, Stopping threads took: 0.0004684 seconds
[2023-10-30T22:20:49.925+0000][10214.304s][debug][safepoint     ] Safepoint synchronization initiated. (181 threads)
[2023-10-30T22:20:49.926+0000][10214.305s][info ][safepoint     ] Application time: 1.0006013 seconds
[2023-10-30T22:20:49.926+0000][10214.306s][info ][safepoint     ] Entering safepoint region: Cleanup
[2023-10-30T22:20:49.927+0000][10214.306s][info ][safepoint     ] Leaving safepoint region
[2023-10-30T22:20:49.927+0000][10214.306s][info ][safepoint     ] Total time for which application threads were stopped: 0.0010455 seconds, Stopping threads took: 0.0004339 seconds
[2023-10-30T22:20:50.928+0000][10215.307s][debug][safepoint     ] Safepoint synchronization initiated. (181 threads)
[2023-10-30T22:20:50.936+0000][10215.315s][info ][safepoint     ] Application time: 1.0083444 seconds
[2023-10-30T22:20:50.944+0000][10215.323s][info ][safepoint     ] Entering safepoint region: Cleanup
[2023-10-30T22:20:50.958+0000][10215.337s][info ][safepoint     ] Leaving safepoint region
[2023-10-30T22:20:50.966+0000][10215.345s][info ][safepoint     ] Total time for which application threads were stopped: 0.0222955 seconds, Stopping threads took: 0.0138926 seconds
[2023-10-30T22:20:51.973+0000][10216.352s][debug][safepoint     ] Safepoint synchronization initiated. (181 threads)
[2023-10-30T22:20:51.974+0000][10216.353s][info ][safepoint     ] Application time: 1.0005397 seconds
[2023-10-30T22:20:51.974+0000][10216.353s][info ][safepoint     ] Entering safepoint region: Cleanup
[2023-10-30T22:20:51.974+0000][10216.354s][info ][safepoint     ] Leaving safepoint region
[2023-10-30T22:20:51.975+0000][10216.354s][info ][safepoint     ] Total time for which application threads were stopped: 0.0008110 seconds, Stopping threads took: 0.0003063 seconds
[2023-10-30T22:20:52.975+0000][10217.354s][debug][safepoint     ] Safepoint synchronization initiated. (181 threads)
[2023-10-30T22:20:52.976+0000][10217.355s][info ][safepoint     ] Application time: 1.0005345 seconds
[2023-10-30T22:20:52.976+0000][10217.355s][info ][safepoint     ] Entering safepoint region: Cleanup
[2023-10-30T22:20:52.976+0000][10217.356s][info ][safepoint     ] Leaving safepoint region
[2023-10-30T22:20:52.977+0000][10217.356s][info ][safepoint     ] Total time for which application threads were stopped: 0.0008994 seconds, Stopping threads took: 0.0003543 seconds
[2023-10-30T22:20:53.977+0000][10218.357s][debug][safepoint     ] Safepoint synchronization initiated. (181 threads)
[2023-10-30T22:20:53.978+0000][10218.358s][info ][safepoint     ] Application time: 1.0019277 seconds
[2023-10-30T22:20:53.979+0000][10218.359s][info ][safepoint     ] Entering safepoint region: Cleanup
[2023-10-30T22:20:53.980+0000][10218.360s][info ][safepoint     ] Leaving safepoint region
[2023-10-30T22:20:53.981+0000][10218.360s][info ][safepoint     ] Total time for which application threads were stopped: 0.0017787 seconds, Stopping threads took: 0.0006140 seconds
[2023-10-30T22:20:54.982+0000][10219.361s][debug][safepoint     ] Safepoint synchronization initiated. (181 threads)
[2023-10-30T22:20:54.982+0000][10219.362s][info ][safepoint     ] Application time: 1.0013126 seconds
[2023-10-30T22:20:54.983+0000][10219.363s][info ][safepoint     ] Entering safepoint region: Cleanup
[2023-10-30T22:20:54.984+0000][10219.364s][info ][safepoint     ] Leaving safepoint region
[2023-10-30T22:20:54.985+0000][10219.365s][info ][safepoint     ] Total time for which application threads were stopped: 0.0016545 seconds, Stopping threads took: 0.0006708 seconds
[2023-10-30T22:20:55.986+0000][10220.366s][debug][safepoint     ] Safepoint synchronization initiated. (181 threads)
[2023-10-30T22:20:55.987+0000][10220.366s][info ][safepoint     ] Application time: 1.0011547 seconds
[2023-10-30T22:20:55.987+0000][10220.367s][info ][safepoint     ] Entering safepoint region: Cleanup
[2023-10-30T22:20:55.988+0000][10220.368s][info ][safepoint     ] Leaving safepoint region
[2023-10-30T22:20:55.989+0000][10220.369s][info ][safepoint     ] Total time for which application threads were stopped: 0.0014118 seconds, Stopping threads took: 0.0005788 seconds
[2023-10-30T22:20:56.990+0000][10221.370s][debug][safepoint     ] Safepoint synchronization initiated. (181 threads)
[2023-10-30T22:20:56.991+0000][10221.370s][info ][safepoint     ] Application time: 1.0010812 seconds
[2023-10-30T22:20:56.991+0000][10221.371s][info ][safepoint     ] Entering safepoint region: Cleanup
[2023-10-30T22:20:56.992+0000][10221.372s][info ][safepoint     ] Leaving safepoint region
[2023-10-30T22:20:56.993+0000][10221.372s][info ][safepoint     ] Total time for which application threads were stopped: 0.0014683 seconds, Stopping threads took: 0.0006313 seconds
[2023-10-30T22:20:57.993+0000][10222.373s][debug][safepoint     ] Safepoint synchronization initiated. (181 threads)
[2023-10-30T22:20:57.995+0000][10222.375s][info ][safepoint     ] Application time: 1.0013990 seconds
[2023-10-30T22:20:57.996+0000][10222.376s][info ][safepoint     ] Entering safepoint region: Cleanup
[2023-10-30T22:20:57.997+0000][10222.377s][info ][safepoint     ] Leaving safepoint region
[2023-10-30T22:20:57.998+0000][10222.378s][info ][safepoint     ] Total time for which application threads were stopped: 0.0021318 seconds, Stopping threads took: 0.0009266 seconds
[2023-10-30T22:20:58.999+0000][10223.379s][debug][safepoint     ] Safepoint synchronization initiated. (181 threads)
[2023-10-30T22:20:59.000+0000][10223.380s][info ][safepoint     ] Application time: 1.0014648 seconds
[2023-10-30T22:20:59.001+0000][10223.381s][info ][safepoint     ] Entering safepoint region: Cleanup
[2023-10-30T22:20:59.002+0000][10223.382s][info ][safepoint     ] Leaving safepoint region
[2023-10-30T22:20:59.003+0000][10223.383s][info ][safepoint     ] Total time for which application threads were stopped: 0.0019532 seconds, Stopping threads took: 0.0009229 seconds
[2023-10-30T22:21:00.004+0000][10224.384s][debug][safepoint     ] Safepoint synchronization initiated. (181 threads)
[2023-10-30T22:21:00.005+0000][10224.385s][info ][safepoint     ] Application time: 1.0012770 seconds
[2023-10-30T22:21:00.006+0000][10224.386s][info ][safepoint     ] Entering safepoint region: Cleanup
[2023-10-30T22:21:00.007+0000][10224.387s][info ][safepoint     ] Leaving safepoint region
[2023-10-30T22:21:00.008+0000][10224.388s][info ][safepoint     ] Total time for which application threads were stopped: 0.0021946 seconds, Stopping threads took: 0.0010266 seconds
[2023-10-30T22:21:01.009+0000][10225.389s][debug][safepoint     ] Safepoint synchronization initiated. (181 threads)
[2023-10-30T22:21:01.010+0000][10225.390s][info ][safepoint     ] Application time: 1.0014313 seconds
[2023-10-30T22:21:01.011+0000][10225.391s][info ][safepoint     ] Entering safepoint region: Cleanup
[2023-10-30T22:21:01.012+0000][10225.392s][info ][safepoint     ] Leaving safepoint region
[2023-10-30T22:21:01.013+0000][10225.393s][info ][safepoint     ] Total time for which application threads were stopped: 0.0022084 seconds, Stopping threads took: 0.0011459 seconds
[2023-10-30T22:21:02.014+0000][10226.394s][debug][safepoint     ] Safepoint synchronization initiated. (181 threads)
[2023-10-30T22:21:02.015+0000][10226.395s][info ][safepoint     ] Application time: 1.0012120 seconds
[2023-10-30T22:21:02.016+0000][10226.396s][info ][safepoint     ] Entering safepoint region: Cleanup
[2023-10-30T22:21:02.017+0000][10226.397s][info ][safepoint     ] Leaving safepoint region
[2023-10-30T22:21:02.018+0000][10226.397s][info ][safepoint     ] Total time for which application threads were stopped: 0.0016635 seconds, Stopping threads took: 0.0007356 seconds
[2023-10-30T22:21:03.019+0000][10227.398s][debug][safepoint     ] Safepoint synchronization initiated. (181 threads)
[2023-10-30T22:21:03.020+0000][10227.400s][info ][safepoint     ] Application time: 1.0013556 seconds
[2023-10-30T22:21:03.021+0000][10227.400s][info ][safepoint     ] Entering safepoint region: Cleanup
[2023-10-30T22:21:03.022+0000][10227.401s][info ][safepoint     ] Leaving safepoint region
[2023-10-30T22:21:03.022+0000][10227.402s][info ][safepoint     ] Total time for which application threads were stopped: 0.0017197 seconds, Stopping threads took: 0.0007031 seconds
[2023-10-30T22:21:04.023+0000][10228.403s][debug][safepoint     ] Safepoint synchronization initiated. (181 threads)
[2023-10-30T22:21:04.024+0000][10228.404s][info ][safepoint     ] Application time: 1.0012384 seconds
[2023-10-30T22:21:04.025+0000][10228.405s][info ][safepoint     ] Entering safepoint region: Cleanup
[2023-10-30T22:21:04.026+0000][10228.406s][info ][safepoint     ] Leaving safepoint region
[2023-10-30T22:21:04.027+0000][10228.407s][info ][safepoint     ] Total time for which application threads were stopped: 0.0015898 seconds, Stopping threads took: 0.0006578 seconds
[2023-10-30T22:21:05.028+0000][10229.408s][debug][safepoint     ] Safepoint synchronization initiated. (181 threads)
[2023-10-30T22:21:05.029+0000][10229.409s][info ][safepoint     ] Application time: 1.0014173 seconds
[2023-10-30T22:21:05.030+0000][10229.410s][info ][safepoint     ] Entering safepoint region: Cleanup
[2023-10-30T22:21:05.031+0000][10229.411s][info ][safepoint     ] Leaving safepoint region
[2023-10-30T22:21:05.032+0000][10229.412s][info ][safepoint     ] Total time for which application threads were stopped: 0.0020642 seconds, Stopping threads took: 0.0011281 seconds
[2023-10-30T22:21:06.033+0000][10230.413s][debug][safepoint     ] Safepoint synchronization initiated. (181 threads)
[2023-10-30T22:21:06.034+0000][10230.414s][info ][safepoint     ] Application time: 1.0014601 seconds
[2023-10-30T22:21:06.035+0000][10230.415s][info ][safepoint     ] Entering safepoint region: Cleanup
[2023-10-30T22:21:06.037+0000][10230.417s][info ][safepoint     ] Leaving safepoint region
[2023-10-30T22:21:06.038+0000][10230.417s][info ][safepoint     ] Total time for which application threads were stopped: 0.0023407 seconds, Stopping threads took: 0.0010799 seconds
[2023-10-30T22:21:07.038+0000][10231.418s][debug][safepoint     ] Safepoint synchronization initiated. (181 threads)
[2023-10-30T22:21:07.040+0000][10231.420s][info ][safepoint     ] Application time: 1.0013963 seconds
[2023-10-30T22:21:07.041+0000][10231.420s][info ][safepoint     ] Entering safepoint region: Cleanup
[2023-10-30T22:21:07.042+0000][10231.422s][info ][safepoint     ] Leaving safepoint region
[2023-10-30T22:21:07.043+0000][10231.423s][info ][safepoint     ] Total time for which application threads were stopped: 0.0020934 seconds, Stopping threads took: 0.0010300 seconds
[2023-10-30T22:21:08.044+0000][10232.424s][debug][safepoint     ] Safepoint synchronization initiated. (181 threads)
[2023-10-30T22:21:08.045+0000][10232.425s][info ][safepoint     ] Application time: 1.0013226 seconds
[2023-10-30T22:21:08.046+0000][10232.426s][info ][safepoint     ] Entering safepoint region: Cleanup
[2023-10-30T22:21:08.047+0000][10232.427s][info ][safepoint     ] Leaving safepoint region
[2023-10-30T22:21:08.048+0000][10232.428s][info ][safepoint     ] Total time for which application threads were stopped: 0.0019839 seconds, Stopping threads took: 0.0008793 seconds
[2023-10-30T22:21:09.049+0000][10233.428s][debug][safepoint     ] Safepoint synchronization initiated. (181 threads)
[2023-10-30T22:21:09.050+0000][10233.430s][info ][safepoint     ] Application time: 1.0012658 seconds
[2023-10-30T22:21:09.051+0000][10233.431s][info ][safepoint     ] Entering safepoint region: Cleanup
[2023-10-30T22:21:09.052+0000][10233.432s][info ][safepoint     ] Leaving safepoint region
[2023-10-30T22:21:09.053+0000][10233.433s][info ][safepoint     ] Total time for which application threads were stopped: 0.0022451 seconds, Stopping threads took: 0.0009836 seconds
[2023-10-30T22:21:10.054+0000][10234.434s][debug][safepoint     ] Safepoint synchronization initiated. (180 threads)
[2023-10-30T22:21:10.055+0000][10234.435s][info ][safepoint     ] Application time: 1.0011163 seconds
[2023-10-30T22:21:10.056+0000][10234.435s][info ][safepoint     ] Entering safepoint region: Cleanup
[2023-10-30T22:21:10.056+0000][10234.436s][info ][safepoint     ] Leaving safepoint region
[2023-10-30T22:21:10.057+0000][10234.437s][info ][safepoint     ] Total time for which application threads were stopped: 0.0013744 seconds, Stopping threads took: 0.0007213 seconds
[2023-10-30T22:21:11.058+0000][10235.438s][debug][safepoint     ] Safepoint synchronization initiated. (180 threads)
[2023-10-30T22:21:11.059+0000][10235.439s][info ][safepoint     ] Application time: 1.0013622 seconds
[2023-10-30T22:21:11.060+0000][10235.440s][info ][safepoint     ] Entering safepoint region: Cleanup
[2023-10-30T22:21:11.061+0000][10235.441s][info ][safepoint     ] Leaving safepoint region
[2023-10-30T22:21:11.062+0000][10235.442s][info ][safepoint     ] Total time for which application threads were stopped: 0.0021437 seconds, Stopping threads took: 0.0008263 seconds
[2023-10-30T22:21:12.063+0000][10236.443s][debug][safepoint     ] Safepoint synchronization initiated. (180 threads)
[2023-10-30T22:21:12.064+0000][10236.444s][info ][safepoint     ] Application time: 1.0008449 seconds
[2023-10-30T22:21:12.065+0000][10236.444s][info ][safepoint     ] Entering safepoint region: Cleanup
[2023-10-30T22:21:12.065+0000][10236.445s][info ][safepoint     ] Leaving safepoint region
[2023-10-30T22:21:12.066+0000][10236.445s][info ][safepoint     ] Total time for which application threads were stopped: 0.0010889 seconds, Stopping threads took: 0.0004984 seconds
[2023-10-30T22:21:13.066+0000][10237.446s][debug][safepoint     ] Safepoint synchronization initiated. (180 threads)
[2023-10-30T22:21:13.067+0000][10237.447s][info ][safepoint     ] Application time: 1.0010440 seconds
[2023-10-30T22:21:13.068+0000][10237.448s][info ][safepoint     ] Entering safepoint region: Cleanup
[2023-10-30T22:21:13.069+0000][10237.449s][info ][safepoint     ] Leaving safepoint region
[2023-10-30T22:21:13.070+0000][10237.450s][info ][safepoint     ] Total time for which application threads were stopped: 0.0016907 seconds, Stopping threads took: 0.0008910 seconds
[2023-10-30T22:21:14.070+0000][10238.450s][debug][safepoint     ] Safepoint synchronization initiated. (180 threads)
[2023-10-30T22:21:14.071+0000][10238.451s][info ][safepoint     ] Application time: 1.0007350 seconds
[2023-10-30T22:21:14.072+0000][10238.452s][info ][safepoint     ] Entering safepoint region: Cleanup
[2023-10-30T22:21:14.072+0000][10238.452s][info ][safepoint     ] Leaving safepoint region
[2023-10-30T22:21:14.073+0000][10238.453s][info ][safepoint     ] Total time for which application threads were stopped: 0.0012705 seconds, Stopping threads took: 0.0005911 seconds
[2023-10-30T22:21:15.074+0000][10239.453s][debug][safepoint     ] Safepoint synchronization initiated. (180 threads)
[2023-10-30T22:21:15.074+0000][10239.454s][info ][safepoint     ] Application time: 1.0009461 seconds
[2023-10-30T22:21:15.075+0000][10239.455s][info ][safepoint     ] Entering safepoint region: Cleanup
[2023-10-30T22:21:15.076+0000][10239.456s][info ][safepoint     ] Leaving safepoint region
[2023-10-30T22:21:15.076+0000][10239.456s][info ][safepoint     ] Total time for which application threads were stopped: 0.0012159 seconds, Stopping threads took: 0.0005956 seconds
[2023-10-30T22:21:16.077+0000][10240.457s][debug][safepoint     ] Safepoint synchronization initiated. (180 threads)
[2023-10-30T22:21:16.077+0000][10240.457s][info ][safepoint     ] Application time: 1.0006631 seconds
[2023-10-30T22:21:16.078+0000][10240.458s][info ][safepoint     ] Entering safepoint region: Cleanup
[2023-10-30T22:21:16.078+0000][10240.458s][info ][safepoint     ] Leaving safepoint region
[2023-10-30T22:21:16.079+0000][10240.459s][info ][safepoint     ] Total time for which application threads were stopped: 0.0011594 seconds, Stopping threads took: 0.0005516 seconds
[2023-10-30T22:21:17.079+0000][10241.459s][debug][safepoint     ] Safepoint synchronization initiated. (180 threads)
[2023-10-30T22:21:17.080+0000][10241.460s][info ][safepoint     ] Application time: 1.0008181 seconds
[2023-10-30T22:21:17.080+0000][10241.460s][info ][safepoint     ] Entering safepoint region: Cleanup
[2023-10-30T22:21:17.081+0000][10241.461s][info ][safepoint     ] Leaving safepoint region
[2023-10-30T22:21:17.081+0000][10241.461s][info ][safepoint     ] Total time for which application threads were stopped: 0.0010475 seconds, Stopping threads took: 0.0004101 seconds
[2023-10-30T22:21:18.082+0000][10242.462s][debug][safepoint     ] Safepoint synchronization initiated. (180 threads)
[2023-10-30T22:21:18.083+0000][10242.463s][info ][safepoint     ] Application time: 1.0010432 seconds
[2023-10-30T22:21:18.083+0000][10242.463s][info ][safepoint     ] Entering safepoint region: Cleanup
[2023-10-30T22:21:18.084+0000][10242.464s][info ][safepoint     ] Leaving safepoint region
[2023-10-30T22:21:18.084+0000][10242.464s][info ][safepoint     ] Total time for which application threads were stopped: 0.0009842 seconds, Stopping threads took: 0.0004733 seconds
[2023-10-30T22:21:19.085+0000][10243.465s][debug][safepoint     ] Safepoint synchronization initiated. (180 threads)
[2023-10-30T22:21:19.086+0000][10243.466s][info ][safepoint     ] Application time: 1.0009344 seconds
[2023-10-30T22:21:19.086+0000][10243.466s][info ][safepoint     ] Entering safepoint region: Cleanup
[2023-10-30T22:21:19.087+0000][10243.467s][info ][safepoint     ] Leaving safepoint region
[2023-10-30T22:21:19.087+0000][10243.467s][info ][safepoint     ] Total time for which application threads were stopped: 0.0010037 seconds, Stopping threads took: 0.0004976 seconds
[2023-10-30T22:21:20.088+0000][10244.468s][debug][safepoint     ] Safepoint synchronization initiated. (180 threads)
[2023-10-30T22:21:20.088+0000][10244.468s][info ][safepoint     ] Application time: 1.0005743 seconds
[2023-10-30T22:21:20.089+0000][10244.469s][info ][safepoint     ] Entering safepoint region: Cleanup
[2023-10-30T22:21:20.089+0000][10244.469s][info ][safepoint     ] Leaving safepoint region
[2023-10-30T22:21:20.090+0000][10244.469s][info ][safepoint     ] Total time for which application threads were stopped: 0.0009870 seconds, Stopping threads took: 0.0004306 seconds
[2023-10-30T22:21:21.090+0000][10245.470s][debug][safepoint     ] Safepoint synchronization initiated. (180 threads)
[2023-10-30T22:21:21.091+0000][10245.470s][info ][safepoint     ] Application time: 1.0006660 seconds
[2023-10-30T22:21:21.091+0000][10245.471s][info ][safepoint     ] Entering safepoint region: Cleanup
[2023-10-30T22:21:21.092+0000][10245.471s][info ][safepoint     ] Leaving safepoint region
[2023-10-30T22:21:21.092+0000][10245.472s][info ][safepoint     ] Total time for which application threads were stopped: 0.0009131 seconds, Stopping threads took: 0.0003750 seconds
[2023-10-30T22:21:22.092+0000][10246.472s][debug][safepoint     ] Safepoint synchronization initiated. (180 threads)
[2023-10-30T22:21:22.093+0000][10246.473s][info ][safepoint     ] Application time: 1.0005468 seconds
[2023-10-30T22:21:22.093+0000][10246.473s][info ][safepoint     ] Entering safepoint region: Cleanup
[2023-10-30T22:21:22.094+0000][10246.473s][info ][safepoint     ] Leaving safepoint region
[2023-10-30T22:21:22.094+0000][10246.474s][info ][safepoint     ] Total time for which application threads were stopped: 0.0008266 seconds, Stopping threads took: 0.0003686 seconds
[2023-10-30T22:21:23.094+0000][10247.474s][debug][safepoint     ] Safepoint synchronization initiated. (180 threads)
[2023-10-30T22:21:23.096+0000][10247.475s][info ][safepoint     ] Application time: 1.0013864 seconds
[2023-10-30T22:21:23.096+0000][10247.476s][info ][safepoint     ] Entering safepoint region: Cleanup
[2023-10-30T22:21:23.097+0000][10247.477s][info ][safepoint     ] Leaving safepoint region
[2023-10-30T22:21:23.097+0000][10247.477s][info ][safepoint     ] Total time for which application threads were stopped: 0.0012821 seconds, Stopping threads took: 0.0006995 seconds
[2023-10-30T22:21:24.098+0000][10248.478s][debug][safepoint     ] Safepoint synchronization initiated. (180 threads)
[2023-10-30T22:21:24.098+0000][10248.478s][info ][safepoint     ] Application time: 1.0006207 seconds
[2023-10-30T22:21:24.099+0000][10248.479s][info ][safepoint     ] Entering safepoint region: Cleanup
[2023-10-30T22:21:24.100+0000][10248.480s][info ][safepoint     ] Leaving safepoint region
[2023-10-30T22:21:24.100+0000][10248.480s][info ][safepoint     ] Total time for which application threads were stopped: 0.0010575 seconds, Stopping threads took: 0.0004195 seconds
[2023-10-30T22:21:25.101+0000][10249.481s][debug][safepoint     ] Safepoint synchronization initiated. (180 threads)
[2023-10-30T22:21:25.101+0000][10249.481s][info ][safepoint     ] Application time: 1.0006611 seconds
[2023-10-30T22:21:25.102+0000][10249.482s][info ][safepoint     ] Entering safepoint region: Cleanup
[2023-10-30T22:21:25.102+0000][10249.482s][info ][safepoint     ] Leaving safepoint region
[2023-10-30T22:21:25.103+0000][10249.483s][info ][safepoint     ] Total time for which application threads were stopped: 0.0010511 seconds, Stopping threads took: 0.0004622 seconds
[2023-10-30T22:21:26.086+0000][10250.466s][debug][safepoint     ] Safepoint synchronization initiated. (180 threads)
[2023-10-30T22:21:26.087+0000][10250.467s][info ][safepoint     ] Application time: 0.9835644 seconds
[2023-10-30T22:21:26.087+0000][10250.467s][info ][safepoint     ] Entering safepoint region: G1CollectForAllocation
[2023-10-30T22:21:26.088+0000][10250.468s][info ][gc,start      ] GC(118) Pause Young (Concurrent Start) (G1 Evacuation Pause)
[2023-10-30T22:21:26.088+0000][10250.468s][info ][gc,task       ] GC(118) Using 8 workers of 8 for evacuation
[2023-10-30T22:21:26.134+0000][10250.514s][info ][gc,phases     ] GC(118)   Pre Evacuate Collection Set: 1.1ms
[2023-10-30T22:21:26.134+0000][10250.514s][info ][gc,phases     ] GC(118)   Evacuate Collection Set: 38.9ms
[2023-10-30T22:21:26.134+0000][10250.514s][info ][gc,phases     ] GC(118)   Post Evacuate Collection Set: 3.7ms
[2023-10-30T22:21:26.135+0000][10250.515s][info ][gc,phases     ] GC(118)   Other: 2.0ms
[2023-10-30T22:21:26.135+0000][10250.515s][info ][gc,heap       ] GC(118) Eden regions: 160->0(160)
[2023-10-30T22:21:26.135+0000][10250.515s][info ][gc,heap       ] GC(118) Survivor regions: 3->3(21)
[2023-10-30T22:21:26.136+0000][10250.516s][info ][gc,heap       ] GC(118) Old regions: 163->163
[2023-10-30T22:21:26.136+0000][10250.516s][info ][gc,heap       ] GC(118) Humongous regions: 5->5
[2023-10-30T22:21:26.137+0000][10250.517s][info ][gc,metaspace  ] GC(118) Metaspace: 170687K(176468K)->170687K(176468K) NonClass: 151010K(154504K)->151010K(154504K) Class: 19676K(21964K)->19676K(21964K)
[2023-10-30T22:21:26.137+0000][10250.517s][info ][gc            ] GC(118) Pause Young (Concurrent Start) (G1 Evacuation Pause) 328M->168M(372M) 48.980ms
[2023-10-30T22:21:26.137+0000][10250.517s][info ][gc,cpu        ] GC(118) User=0.29s Sys=0.01s Real=0.05s
[2023-10-30T22:21:26.138+0000][10250.518s][info ][safepoint     ] Leaving safepoint region
[2023-10-30T22:21:26.138+0000][10250.518s][info ][safepoint     ] Total time for which application threads were stopped: 0.0510106 seconds, Stopping threads took: 0.0004983 seconds
[2023-10-30T22:21:26.138+0000][10250.518s][info ][gc            ] GC(119) Concurrent Cycle
[2023-10-30T22:21:26.139+0000][10250.519s][info ][gc,marking    ] GC(119) Concurrent Clear Claimed Marks
[2023-10-30T22:21:26.141+0000][10250.521s][info ][gc,marking    ] GC(119) Concurrent Clear Claimed Marks 1.442ms
[2023-10-30T22:21:26.141+0000][10250.521s][info ][gc,marking    ] GC(119) Concurrent Scan Root Regions
[2023-10-30T22:21:26.240+0000][10250.620s][info ][gc,marking    ] GC(119) Concurrent Scan Root Regions 98.767ms
[2023-10-30T22:21:26.241+0000][10250.621s][info ][gc,marking    ] GC(119) Concurrent Mark (10250.621s)
[2023-10-30T22:21:26.241+0000][10250.621s][info ][gc,marking    ] GC(119) Concurrent Mark From Roots
[2023-10-30T22:21:26.242+0000][10250.622s][info ][gc,task       ] GC(119) Using 2 workers of 2 for marking
[2023-10-30T22:21:26.894+0000][10251.274s][info ][gc,marking    ] GC(119) Concurrent Mark From Roots 652.620ms
[2023-10-30T22:21:26.894+0000][10251.274s][info ][gc,marking    ] GC(119) Concurrent Preclean
[2023-10-30T22:21:26.896+0000][10251.276s][info ][gc,marking    ] GC(119) Concurrent Preclean 2.066ms
[2023-10-30T22:21:26.897+0000][10251.277s][info ][gc,marking    ] GC(119) Concurrent Mark (10250.621s, 10251.277s) 656.060ms
[2023-10-30T22:21:26.897+0000][10251.277s][debug][safepoint     ] Safepoint synchronization initiated. (180 threads)
[2023-10-30T22:21:26.897+0000][10251.277s][info ][safepoint     ] Application time: 0.7588613 seconds
[2023-10-30T22:21:26.898+0000][10251.278s][info ][safepoint     ] Entering safepoint region: CGC_Operation
[2023-10-30T22:21:26.898+0000][10251.278s][info ][gc,start      ] GC(119) Pause Remark
[2023-10-30T22:21:27.208+0000][10251.588s][info ][gc,stringtable] GC(119) Cleaned string and symbol table, strings: 84894 processed, 12211 removed, symbols: 411093 processed, 200 removed
[2023-10-30T22:21:27.218+0000][10251.598s][info ][gc            ] GC(119) Pause Remark 171M->171M(372M) 319.678ms
[2023-10-30T22:21:27.219+0000][10251.599s][info ][gc,cpu        ] GC(119) User=2.25s Sys=0.00s Real=0.32s
[2023-10-30T22:21:27.220+0000][10251.600s][info ][safepoint     ] Leaving safepoint region
[2023-10-30T22:21:27.220+0000][10251.600s][info ][safepoint     ] Total time for which application threads were stopped: 0.3224118 seconds, Stopping threads took: 0.0004012 seconds
[2023-10-30T22:21:27.221+0000][10251.601s][info ][gc,marking    ] GC(119) Concurrent Rebuild Remembered Sets
[2023-10-30T22:21:27.310+0000][10251.690s][info ][gc,marking    ] GC(119) Concurrent Rebuild Remembered Sets 89.030ms
[2023-10-30T22:21:27.310+0000][10251.690s][debug][safepoint     ] Safepoint synchronization initiated. (180 threads)
[2023-10-30T22:21:27.311+0000][10251.691s][info ][safepoint     ] Application time: 0.0901000 seconds
[2023-10-30T22:21:27.311+0000][10251.691s][info ][safepoint     ] Entering safepoint region: CGC_Operation
[2023-10-30T22:21:27.312+0000][10251.692s][info ][gc,start      ] GC(119) Pause Cleanup
[2023-10-30T22:21:27.313+0000][10251.693s][info ][gc            ] GC(119) Pause Cleanup 171M->171M(372M) 0.840ms
[2023-10-30T22:21:27.313+0000][10251.693s][info ][gc,cpu        ] GC(119) User=0.00s Sys=0.00s Real=0.00s
[2023-10-30T22:21:27.313+0000][10251.693s][info ][safepoint     ] Leaving safepoint region
[2023-10-30T22:21:27.313+0000][10251.693s][info ][safepoint     ] Total time for which application threads were stopped: 0.0025052 seconds, Stopping threads took: 0.0004510 seconds
[2023-10-30T22:21:27.314+0000][10251.694s][info ][gc,marking    ] GC(119) Concurrent Cleanup for Next Mark
[2023-10-30T22:21:27.325+0000][10251.705s][info ][gc,marking    ] GC(119) Concurrent Cleanup for Next Mark 10.786ms
[2023-10-30T22:21:27.325+0000][10251.705s][info ][gc            ] GC(119) Concurrent Cycle 1187.066ms
[2023-10-30T22:21:28.314+0000][10252.694s][debug][safepoint     ] Safepoint synchronization initiated. (180 threads)
[2023-10-30T22:21:28.315+0000][10252.695s][info ][safepoint     ] Application time: 1.0009115 seconds
[2023-10-30T22:21:28.316+0000][10252.696s][info ][safepoint     ] Entering safepoint region: Cleanup
[2023-10-30T22:21:28.317+0000][10252.697s][info ][safepoint     ] Leaving safepoint region
[2023-10-30T22:21:28.325+0000][10252.705s][info ][safepoint     ] Total time for which application threads were stopped: 0.0090997 seconds, Stopping threads took: 0.0009191 seconds
[2023-10-30T22:21:29.331+0000][10253.711s][debug][safepoint     ] Safepoint synchronization initiated. (180 threads)
[2023-10-30T22:21:29.332+0000][10253.712s][info ][safepoint     ] Application time: 1.0006525 seconds
[2023-10-30T22:21:29.332+0000][10253.712s][info ][safepoint     ] Entering safepoint region: Cleanup
[2023-10-30T22:21:29.333+0000][10253.713s][info ][safepoint     ] Leaving safepoint region
[2023-10-30T22:21:29.334+0000][10253.714s][info ][safepoint     ] Total time for which application threads were stopped: 0.0011495 seconds, Stopping threads took: 0.0005448 seconds
[2023-10-30T22:21:30.334+0000][10254.714s][debug][safepoint     ] Safepoint synchronization initiated. (180 threads)
[2023-10-30T22:21:30.363+0000][10254.743s][info ][safepoint     ] Application time: 1.0293861 seconds
[2023-10-30T22:21:30.383+0000][10254.763s][info ][safepoint     ] Entering safepoint region: Cleanup
[2023-10-30T22:21:30.390+0000][10254.770s][info ][safepoint     ] Leaving safepoint region
[2023-10-30T22:21:30.400+0000][10254.780s][info ][safepoint     ] Total time for which application threads were stopped: 0.0170880 seconds, Stopping threads took: 0.0073206 seconds
[2023-10-30T22:21:31.408+0000][10255.788s][debug][safepoint     ] Safepoint synchronization initiated. (180 threads)
[2023-10-30T22:21:31.424+0000][10255.805s][info ][safepoint     ] Application time: 1.0167643 seconds
[2023-10-30T22:21:31.436+0000][10255.816s][info ][safepoint     ] Entering safepoint region: Cleanup
[2023-10-30T22:21:31.453+0000][10255.833s][info ][safepoint     ] Leaving safepoint region
[2023-10-30T22:21:31.466+0000][10255.846s][info ][safepoint     ] Total time for which application threads were stopped: 0.0301014 seconds, Stopping threads took: 0.0171792 seconds
[2023-10-30T22:21:32.467+0000][10256.847s][debug][safepoint     ] Safepoint synchronization initiated. (180 threads)
[2023-10-30T22:21:32.468+0000][10256.848s][info ][safepoint     ] Application time: 1.0009612 seconds
[2023-10-30T22:21:32.468+0000][10256.848s][info ][safepoint     ] Entering safepoint region: Cleanup
[2023-10-30T22:21:32.469+0000][10256.849s][info ][safepoint     ] Leaving safepoint region
[2023-10-30T22:21:32.470+0000][10256.850s][info ][safepoint     ] Total time for which application threads were stopped: 0.0017298 seconds, Stopping threads took: 0.0007088 seconds
[2023-10-30T22:21:33.471+0000][10257.851s][debug][safepoint     ] Safepoint synchronization initiated. (180 threads)
[2023-10-30T22:21:33.471+0000][10257.851s][info ][safepoint     ] Application time: 1.0007311 seconds
[2023-10-30T22:21:33.472+0000][10257.852s][info ][safepoint     ] Entering safepoint region: Cleanup
[2023-10-30T22:21:33.472+0000][10257.852s][info ][safepoint     ] Leaving safepoint region
[2023-10-30T22:21:33.473+0000][10257.853s][info ][safepoint     ] Total time for which application threads were stopped: 0.0011660 seconds, Stopping threads took: 0.0004246 seconds
[2023-10-30T22:21:34.473+0000][10258.853s][debug][safepoint     ] Safepoint synchronization initiated. (180 threads)
[2023-10-30T22:21:34.474+0000][10258.854s][info ][safepoint     ] Application time: 1.0005378 seconds
[2023-10-30T22:21:34.474+0000][10258.854s][info ][safepoint     ] Entering safepoint region: Cleanup
[2023-10-30T22:21:34.475+0000][10258.855s][info ][safepoint     ] Leaving safepoint region
[2023-10-30T22:21:34.475+0000][10258.855s][info ][safepoint     ] Total time for which application threads were stopped: 0.0008711 seconds, Stopping threads took: 0.0003737 seconds
[2023-10-30T22:21:35.475+0000][10259.855s][debug][safepoint     ] Safepoint synchronization initiated. (180 threads)
[2023-10-30T22:21:35.476+0000][10259.856s][info ][safepoint     ] Application time: 1.0005389 seconds
[2023-10-30T22:21:35.476+0000][10259.856s][info ][safepoint     ] Entering safepoint region: Cleanup
[2023-10-30T22:21:35.477+0000][10259.857s][info ][safepoint     ] Leaving safepoint region
[2023-10-30T22:21:35.477+0000][10259.857s][info ][safepoint     ] Total time for which application threads were stopped: 0.0008320 seconds, Stopping threads took: 0.0003285 seconds
[2023-10-30T22:21:36.477+0000][10260.857s][debug][safepoint     ] Safepoint synchronization initiated. (180 threads)
[2023-10-30T22:21:36.478+0000][10260.858s][info ][safepoint     ] Application time: 1.0008025 seconds
[2023-10-30T22:21:36.478+0000][10260.858s][info ][safepoint     ] Entering safepoint region: Cleanup
[2023-10-30T22:21:36.479+0000][10260.859s][info ][safepoint     ] Leaving safepoint region
[2023-10-30T22:21:36.480+0000][10260.860s][info ][safepoint     ] Total time for which application threads were stopped: 0.0011471 seconds, Stopping threads took: 0.0005167 seconds
[2023-10-30T22:21:37.480+0000][10261.860s][debug][safepoint     ] Safepoint synchronization initiated. (180 threads)
[2023-10-30T22:21:37.481+0000][10261.861s][info ][safepoint     ] Application time: 1.0005674 seconds
[2023-10-30T22:21:37.481+0000][10261.861s][info ][safepoint     ] Entering safepoint region: Cleanup
[2023-10-30T22:21:37.481+0000][10261.861s][info ][safepoint     ] Leaving safepoint region
[2023-10-30T22:21:37.482+0000][10261.862s][info ][safepoint     ] Total time for which application threads were stopped: 0.0008723 seconds, Stopping threads took: 0.0003587 seconds
[2023-10-30T22:21:38.482+0000][10262.862s][debug][safepoint     ] Safepoint synchronization initiated. (180 threads)
[2023-10-30T22:21:38.483+0000][10262.863s][info ][safepoint     ] Application time: 1.0007945 seconds
[2023-10-30T22:21:38.483+0000][10262.863s][info ][safepoint     ] Entering safepoint region: Cleanup
[2023-10-30T22:21:38.484+0000][10262.864s][info ][safepoint     ] Leaving safepoint region
[2023-10-30T22:21:38.485+0000][10262.865s][info ][safepoint     ] Total time for which application threads were stopped: 0.0011926 seconds, Stopping threads took: 0.0005676 seconds
[2023-10-30T22:21:39.485+0000][10263.865s][debug][safepoint     ] Safepoint synchronization initiated. (180 threads)
[2023-10-30T22:21:39.485+0000][10263.865s][info ][safepoint     ] Application time: 1.0004902 seconds
[2023-10-30T22:21:39.486+0000][10263.866s][info ][safepoint     ] Entering safepoint region: Cleanup
[2023-10-30T22:21:39.486+0000][10263.866s][info ][safepoint     ] Leaving safepoint region
[2023-10-30T22:21:39.487+0000][10263.867s][info ][safepoint     ] Total time for which application threads were stopped: 0.0010104 seconds, Stopping threads took: 0.0003674 seconds
[2023-10-30T22:21:40.487+0000][10264.867s][debug][safepoint     ] Safepoint synchronization initiated. (180 threads)
[2023-10-30T22:21:40.489+0000][10264.869s][info ][safepoint     ] Application time: 1.0014746 seconds
[2023-10-30T22:21:40.490+0000][10264.870s][info ][safepoint     ] Entering safepoint region: Cleanup
[2023-10-30T22:21:40.491+0000][10264.871s][info ][safepoint     ] Leaving safepoint region
[2023-10-30T22:21:40.492+0000][10264.872s][info ][safepoint     ] Total time for which application threads were stopped: 0.0019523 seconds, Stopping threads took: 0.0008466 seconds
[2023-10-30T22:21:41.492+0000][10265.872s][debug][safepoint     ] Safepoint synchronization initiated. (180 threads)
[2023-10-30T22:21:41.494+0000][10265.874s][info ][safepoint     ] Application time: 1.0020253 seconds
[2023-10-30T22:21:41.499+0000][10265.879s][info ][safepoint     ] Entering safepoint region: Cleanup
[2023-10-30T22:21:41.501+0000][10265.881s][info ][safepoint     ] Leaving safepoint region
[2023-10-30T22:21:41.504+0000][10265.884s][info ][safepoint     ] Total time for which application threads were stopped: 0.0041165 seconds, Stopping threads took: 0.0018337 seconds
[2023-10-30T22:21:42.506+0000][10266.886s][debug][safepoint     ] Safepoint synchronization initiated. (180 threads)
[2023-10-30T22:21:42.507+0000][10266.887s][info ][safepoint     ] Application time: 1.0017320 seconds
[2023-10-30T22:21:42.508+0000][10266.888s][info ][safepoint     ] Entering safepoint region: Cleanup
[2023-10-30T22:21:42.510+0000][10266.890s][info ][safepoint     ] Leaving safepoint region
[2023-10-30T22:21:42.511+0000][10266.891s][info ][safepoint     ] Total time for which application threads were stopped: 0.0025226 seconds, Stopping threads took: 0.0011314 seconds
[2023-10-30T22:21:43.512+0000][10267.892s][debug][safepoint     ] Safepoint synchronization initiated. (180 threads)
[2023-10-30T22:21:43.513+0000][10267.893s][info ][safepoint     ] Application time: 1.0010778 seconds
[2023-10-30T22:21:43.513+0000][10267.893s][info ][safepoint     ] Entering safepoint region: Cleanup
[2023-10-30T22:21:43.514+0000][10267.894s][info ][safepoint     ] Leaving safepoint region
[2023-10-30T22:21:43.515+0000][10267.895s][info ][safepoint     ] Total time for which application threads were stopped: 0.0018990 seconds, Stopping threads took: 0.0007834 seconds
[2023-10-30T22:21:44.516+0000][10268.896s][debug][safepoint     ] Safepoint synchronization initiated. (180 threads)
[2023-10-30T22:21:44.517+0000][10268.897s][info ][safepoint     ] Application time: 1.0014855 seconds
[2023-10-30T22:21:44.519+0000][10268.899s][info ][safepoint     ] Entering safepoint region: Cleanup
[2023-10-30T22:21:44.521+0000][10268.901s][info ][safepoint     ] Leaving safepoint region
[2023-10-30T22:21:44.521+0000][10268.901s][info ][safepoint     ] Total time for which application threads were stopped: 0.0027209 seconds, Stopping threads took: 0.0014717 seconds
[2023-10-30T22:21:45.522+0000][10269.902s][debug][safepoint     ] Safepoint synchronization initiated. (180 threads)
[2023-10-30T22:21:45.523+0000][10269.903s][info ][safepoint     ] Application time: 1.0008491 seconds
[2023-10-30T22:21:45.523+0000][10269.903s][info ][safepoint     ] Entering safepoint region: Cleanup
[2023-10-30T22:21:45.524+0000][10269.904s][info ][safepoint     ] Leaving safepoint region
[2023-10-30T22:21:45.525+0000][10269.905s][info ][safepoint     ] Total time for which application threads were stopped: 0.0012102 seconds, Stopping threads took: 0.0005045 seconds
[2023-10-30T22:21:46.525+0000][10270.905s][debug][safepoint     ] Safepoint synchronization initiated. (180 threads)
[2023-10-30T22:21:46.526+0000][10270.906s][info ][safepoint     ] Application time: 1.0005872 seconds
[2023-10-30T22:21:46.526+0000][10270.906s][info ][safepoint     ] Entering safepoint region: Cleanup
[2023-10-30T22:21:46.527+0000][10270.907s][info ][safepoint     ] Leaving safepoint region
[2023-10-30T22:21:46.527+0000][10270.907s][info ][safepoint     ] Total time for which application threads were stopped: 0.0012248 seconds, Stopping threads took: 0.0003744 seconds
[2023-10-30T22:21:47.528+0000][10271.908s][debug][safepoint     ] Safepoint synchronization initiated. (180 threads)
[2023-10-30T22:21:47.529+0000][10271.909s][info ][safepoint     ] Application time: 1.0011269 seconds
[2023-10-30T22:21:47.530+0000][10271.910s][info ][safepoint     ] Entering safepoint region: Cleanup
[2023-10-30T22:21:47.531+0000][10271.911s][info ][safepoint     ] Leaving safepoint region
[2023-10-30T22:21:47.532+0000][10271.912s][info ][safepoint     ] Total time for which application threads were stopped: 0.0021052 seconds, Stopping threads took: 0.0009130 seconds
[2023-10-30T22:21:48.533+0000][10272.913s][debug][safepoint     ] Safepoint synchronization initiated. (180 threads)
[2023-10-30T22:21:48.533+0000][10272.913s][info ][safepoint     ] Application time: 1.0006436 seconds
[2023-10-30T22:21:48.534+0000][10272.914s][info ][safepoint     ] Entering safepoint region: Cleanup
[2023-10-30T22:21:48.535+0000][10272.915s][info ][safepoint     ] Leaving safepoint region
[2023-10-30T22:21:48.536+0000][10272.916s][info ][safepoint     ] Total time for which application threads were stopped: 0.0021796 seconds, Stopping threads took: 0.0005135 seconds
[2023-10-30T22:21:49.537+0000][10273.917s][debug][safepoint     ] Safepoint synchronization initiated. (180 threads)
[2023-10-30T22:21:49.538+0000][10273.918s][info ][safepoint     ] Application time: 1.0005726 seconds
[2023-10-30T22:21:49.538+0000][10273.918s][info ][safepoint     ] Entering safepoint region: Cleanup
[2023-10-30T22:21:49.539+0000][10273.919s][info ][safepoint     ] Leaving safepoint region
[2023-10-30T22:21:49.539+0000][10273.919s][info ][safepoint     ] Total time for which application threads were stopped: 0.0011907 seconds, Stopping threads took: 0.0005142 seconds
[2023-10-30T22:21:50.540+0000][10274.920s][debug][safepoint     ] Safepoint synchronization initiated. (180 threads)
[2023-10-30T22:21:50.541+0000][10274.921s][info ][safepoint     ] Application time: 1.0017504 seconds
[2023-10-30T22:21:50.542+0000][10274.922s][info ][safepoint     ] Entering safepoint region: Cleanup
[2023-10-30T22:21:50.542+0000][10274.922s][info ][safepoint     ] Leaving safepoint region
[2023-10-30T22:21:50.543+0000][10274.923s][info ][safepoint     ] Total time for which application threads were stopped: 0.0009261 seconds, Stopping threads took: 0.0004139 seconds
[2023-10-30T22:21:51.543+0000][10275.923s][debug][safepoint     ] Safepoint synchronization initiated. (180 threads)
[2023-10-30T22:21:51.545+0000][10275.925s][info ][safepoint     ] Application time: 1.0017984 seconds
[2023-10-30T22:21:51.545+0000][10275.925s][info ][safepoint     ] Entering safepoint region: Cleanup
[2023-10-30T22:21:51.546+0000][10275.926s][info ][safepoint     ] Leaving safepoint region
[2023-10-30T22:21:51.547+0000][10275.927s][info ][safepoint     ] Total time for which application threads were stopped: 0.0013502 seconds, Stopping threads took: 0.0005635 seconds
[2023-10-30T22:21:52.547+0000][10276.927s][debug][safepoint     ] Safepoint synchronization initiated. (180 threads)
[2023-10-30T22:21:52.548+0000][10276.928s][info ][safepoint     ] Application time: 1.0012105 seconds
[2023-10-30T22:21:52.549+0000][10276.929s][info ][safepoint     ] Entering safepoint region: Cleanup
[2023-10-30T22:21:52.550+0000][10276.930s][info ][safepoint     ] Leaving safepoint region
[2023-10-30T22:21:52.551+0000][10276.931s][info ][safepoint     ] Total time for which application threads were stopped: 0.0018656 seconds, Stopping threads took: 0.0009159 seconds
[2023-10-30T22:21:53.552+0000][10277.932s][debug][safepoint     ] Safepoint synchronization initiated. (180 threads)
[2023-10-30T22:21:53.552+0000][10277.932s][info ][safepoint     ] Application time: 1.0008360 seconds
[2023-10-30T22:21:53.553+0000][10277.933s][info ][safepoint     ] Entering safepoint region: Cleanup
[2023-10-30T22:21:53.553+0000][10277.933s][info ][safepoint     ] Leaving safepoint region
[2023-10-30T22:21:53.554+0000][10277.934s][info ][safepoint     ] Total time for which application threads were stopped: 0.0009237 seconds, Stopping threads took: 0.0004528 seconds
[2023-10-30T22:21:54.554+0000][10278.934s][debug][safepoint     ] Safepoint synchronization initiated. (180 threads)
[2023-10-30T22:21:54.555+0000][10278.935s][info ][safepoint     ] Application time: 1.0013139 seconds
[2023-10-30T22:21:54.556+0000][10278.936s][info ][safepoint     ] Entering safepoint region: Cleanup
[2023-10-30T22:21:54.557+0000][10278.937s][info ][safepoint     ] Leaving safepoint region
[2023-10-30T22:21:54.558+0000][10278.938s][info ][safepoint     ] Total time for which application threads were stopped: 0.0019601 seconds, Stopping threads took: 0.0008490 seconds
[2023-10-30T22:21:55.559+0000][10279.939s][debug][safepoint     ] Safepoint synchronization initiated. (180 threads)
[2023-10-30T22:21:55.559+0000][10279.940s][info ][safepoint     ] Application time: 1.0006965 seconds
[2023-10-30T22:21:55.560+0000][10279.940s][info ][safepoint     ] Entering safepoint region: Cleanup
[2023-10-30T22:21:55.561+0000][10279.941s][info ][safepoint     ] Leaving safepoint region
[2023-10-30T22:21:55.561+0000][10279.941s][info ][safepoint     ] Total time for which application threads were stopped: 0.0010659 seconds, Stopping threads took: 0.0004874 seconds
[2023-10-30T22:21:56.562+0000][10280.942s][debug][safepoint     ] Safepoint synchronization initiated. (183 threads)
[2023-10-30T22:21:56.562+0000][10280.942s][info ][safepoint     ] Application time: 1.0008132 seconds
[2023-10-30T22:21:56.563+0000][10280.943s][info ][safepoint     ] Entering safepoint region: Cleanup
[2023-10-30T22:21:56.564+0000][10280.944s][info ][safepoint     ] Leaving safepoint region
[2023-10-30T22:21:56.564+0000][10280.944s][info ][safepoint     ] Total time for which application threads were stopped: 0.0012844 seconds, Stopping threads took: 0.0005114 seconds
[2023-10-30T22:21:57.565+0000][10281.945s][debug][safepoint     ] Safepoint synchronization initiated. (183 threads)
[2023-10-30T22:21:57.566+0000][10281.946s][info ][safepoint     ] Application time: 1.0010896 seconds
[2023-10-30T22:21:57.566+0000][10281.946s][info ][safepoint     ] Entering safepoint region: Cleanup
[2023-10-30T22:21:57.567+0000][10281.947s][info ][safepoint     ] Leaving safepoint region
[2023-10-30T22:21:57.568+0000][10281.948s][info ][safepoint     ] Total time for which application threads were stopped: 0.0017235 seconds, Stopping threads took: 0.0008368 seconds
[2023-10-30T22:21:58.569+0000][10282.949s][debug][safepoint     ] Safepoint synchronization initiated. (183 threads)
[2023-10-30T22:21:58.569+0000][10282.949s][info ][safepoint     ] Application time: 1.0006008 seconds
[2023-10-30T22:21:58.569+0000][10282.950s][info ][safepoint     ] Entering safepoint region: Cleanup
[2023-10-30T22:21:58.570+0000][10282.950s][info ][safepoint     ] Leaving safepoint region
[2023-10-30T22:21:58.570+0000][10282.950s][info ][safepoint     ] Total time for which application threads were stopped: 0.0008670 seconds, Stopping threads took: 0.0003459 seconds
[2023-10-30T22:21:59.571+0000][10283.951s][debug][safepoint     ] Safepoint synchronization initiated. (183 threads)
[2023-10-30T22:21:59.571+0000][10283.951s][info ][safepoint     ] Application time: 1.0004682 seconds
[2023-10-30T22:21:59.571+0000][10283.952s][info ][safepoint     ] Entering safepoint region: Cleanup
[2023-10-30T22:21:59.572+0000][10283.952s][info ][safepoint     ] Leaving safepoint region
[2023-10-30T22:21:59.572+0000][10283.952s][info ][safepoint     ] Total time for which application threads were stopped: 0.0007546 seconds, Stopping threads took: 0.0003166 seconds
[2023-10-30T22:22:00.573+0000][10284.953s][debug][safepoint     ] Safepoint synchronization initiated. (183 threads)
[2023-10-30T22:22:00.573+0000][10284.953s][info ][safepoint     ] Application time: 1.0008288 seconds
[2023-10-30T22:22:00.574+0000][10284.954s][info ][safepoint     ] Entering safepoint region: Cleanup
[2023-10-30T22:22:00.574+0000][10284.955s][info ][safepoint     ] Leaving safepoint region
[2023-10-30T22:22:00.575+0000][10284.955s][info ][safepoint     ] Total time for which application threads were stopped: 0.0011532 seconds, Stopping threads took: 0.0005579 seconds
[2023-10-30T22:22:01.575+0000][10285.955s][debug][safepoint     ] Safepoint synchronization initiated. (183 threads)
[2023-10-30T22:22:01.576+0000][10285.956s][info ][safepoint     ] Application time: 1.0007424 seconds
[2023-10-30T22:22:01.576+0000][10285.956s][info ][safepoint     ] Entering safepoint region: Cleanup
[2023-10-30T22:22:01.577+0000][10285.957s][info ][safepoint     ] Leaving safepoint region
[2023-10-30T22:22:01.578+0000][10285.958s][info ][safepoint     ] Total time for which application threads were stopped: 0.0011728 seconds, Stopping threads took: 0.0005642 seconds
[2023-10-30T22:22:02.578+0000][10286.958s][debug][safepoint     ] Safepoint synchronization initiated. (183 threads)
[2023-10-30T22:22:02.579+0000][10286.959s][info ][safepoint     ] Application time: 1.0011219 seconds
[2023-10-30T22:22:02.580+0000][10286.960s][info ][safepoint     ] Entering safepoint region: Cleanup
[2023-10-30T22:22:02.581+0000][10286.961s][info ][safepoint     ] Leaving safepoint region
[2023-10-30T22:22:02.582+0000][10286.962s][info ][safepoint     ] Total time for which application threads were stopped: 0.0020164 seconds, Stopping threads took: 0.0009171 seconds
[2023-10-30T22:22:03.583+0000][10287.963s][debug][safepoint     ] Safepoint synchronization initiated. (183 threads)
[2023-10-30T22:22:03.584+0000][10287.964s][info ][safepoint     ] Application time: 1.0007234 seconds
[2023-10-30T22:22:03.584+0000][10287.964s][info ][safepoint     ] Entering safepoint region: Cleanup
[2023-10-30T22:22:03.585+0000][10287.966s][info ][safepoint     ] Leaving safepoint region
[2023-10-30T22:22:03.587+0000][10287.967s][info ][safepoint     ] Total time for which application threads were stopped: 0.0025218 seconds, Stopping threads took: 0.0008382 seconds
[2023-10-30T22:22:04.588+0000][10288.968s][debug][safepoint     ] Safepoint synchronization initiated. (183 threads)
[2023-10-30T22:22:04.590+0000][10288.970s][info ][safepoint     ] Application time: 1.0024597 seconds
[2023-10-30T22:22:04.590+0000][10288.971s][info ][safepoint     ] Entering safepoint region: Cleanup
[2023-10-30T22:22:04.591+0000][10288.971s][info ][safepoint     ] Leaving safepoint region
[2023-10-30T22:22:04.592+0000][10288.972s][info ][safepoint     ] Total time for which application threads were stopped: 0.0011867 seconds, Stopping threads took: 0.0005243 seconds
[2023-10-30T22:22:05.592+0000][10289.972s][debug][safepoint     ] Safepoint synchronization initiated. (183 threads)
[2023-10-30T22:22:05.593+0000][10289.973s][info ][safepoint     ] Application time: 1.0008473 seconds
[2023-10-30T22:22:05.593+0000][10289.973s][info ][safepoint     ] Entering safepoint region: Cleanup
[2023-10-30T22:22:05.594+0000][10289.974s][info ][safepoint     ] Leaving safepoint region
[2023-10-30T22:22:05.594+0000][10289.974s][info ][safepoint     ] Total time for which application threads were stopped: 0.0009200 seconds, Stopping threads took: 0.0004111 seconds
[2023-10-30T22:22:06.595+0000][10290.975s][debug][safepoint     ] Safepoint synchronization initiated. (183 threads)
[2023-10-30T22:22:06.595+0000][10290.976s][info ][safepoint     ] Application time: 1.0008088 seconds
[2023-10-30T22:22:06.596+0000][10290.976s][info ][safepoint     ] Entering safepoint region: Cleanup
[2023-10-30T22:22:06.597+0000][10290.977s][info ][safepoint     ] Leaving safepoint region
[2023-10-30T22:22:06.597+0000][10290.977s][info ][safepoint     ] Total time for which application threads were stopped: 0.0012459 seconds, Stopping threads took: 0.0004603 seconds
[2023-10-30T22:22:07.598+0000][10291.978s][debug][safepoint     ] Safepoint synchronization initiated. (183 threads)
[2023-10-30T22:22:07.599+0000][10291.979s][info ][safepoint     ] Application time: 1.0012894 seconds
[2023-10-30T22:22:07.600+0000][10291.980s][info ][safepoint     ] Entering safepoint region: Cleanup
[2023-10-30T22:22:07.601+0000][10291.981s][info ][safepoint     ] Leaving safepoint region
[2023-10-30T22:22:07.602+0000][10291.982s][info ][safepoint     ] Total time for which application threads were stopped: 0.0018703 seconds, Stopping threads took: 0.0008128 seconds
[2023-10-30T22:22:08.603+0000][10292.983s][debug][safepoint     ] Safepoint synchronization initiated. (183 threads)
[2023-10-30T22:22:08.603+0000][10292.984s][info ][safepoint     ] Application time: 1.0008823 seconds
[2023-10-30T22:22:08.604+0000][10292.984s][info ][safepoint     ] Entering safepoint region: Cleanup
[2023-10-30T22:22:08.605+0000][10292.985s][info ][safepoint     ] Leaving safepoint region
[2023-10-30T22:22:08.605+0000][10292.985s][info ][safepoint     ] Total time for which application threads were stopped: 0.0011953 seconds, Stopping threads took: 0.0005087 seconds
[2023-10-30T22:22:09.606+0000][10293.986s][debug][safepoint     ] Safepoint synchronization initiated. (183 threads)
[2023-10-30T22:22:09.607+0000][10293.987s][info ][safepoint     ] Application time: 1.0011626 seconds
[2023-10-30T22:22:09.608+0000][10293.988s][info ][safepoint     ] Entering safepoint region: Cleanup
[2023-10-30T22:22:09.609+0000][10293.989s][info ][safepoint     ] Leaving safepoint region
[2023-10-30T22:22:09.610+0000][10293.990s][info ][safepoint     ] Total time for which application threads were stopped: 0.0021923 seconds, Stopping threads took: 0.0009557 seconds
[2023-10-30T22:22:10.611+0000][10294.991s][debug][safepoint     ] Safepoint synchronization initiated. (183 threads)
[2023-10-30T22:22:10.611+0000][10294.991s][info ][safepoint     ] Application time: 1.0005587 seconds
[2023-10-30T22:22:10.611+0000][10294.991s][info ][safepoint     ] Entering safepoint region: Cleanup
[2023-10-30T22:22:10.612+0000][10294.992s][info ][safepoint     ] Leaving safepoint region
[2023-10-30T22:22:10.612+0000][10294.992s][info ][safepoint     ] Total time for which application threads were stopped: 0.0008043 seconds, Stopping threads took: 0.0003136 seconds
[2023-10-30T22:22:11.613+0000][10295.993s][debug][safepoint     ] Safepoint synchronization initiated. (183 threads)
[2023-10-30T22:22:11.613+0000][10295.993s][info ][safepoint     ] Application time: 1.0008840 seconds
[2023-10-30T22:22:11.614+0000][10295.994s][info ][safepoint     ] Entering safepoint region: Cleanup
[2023-10-30T22:22:11.615+0000][10295.995s][info ][safepoint     ] Leaving safepoint region
[2023-10-30T22:22:11.615+0000][10295.995s][info ][safepoint     ] Total time for which application threads were stopped: 0.0012226 seconds, Stopping threads took: 0.0005427 seconds
[2023-10-30T22:22:12.616+0000][10296.996s][debug][safepoint     ] Safepoint synchronization initiated. (183 threads)
[2023-10-30T22:22:12.617+0000][10296.997s][info ][safepoint     ] Application time: 1.0011412 seconds
[2023-10-30T22:22:12.618+0000][10296.998s][info ][safepoint     ] Entering safepoint region: Cleanup
[2023-10-30T22:22:12.619+0000][10296.999s][info ][safepoint     ] Leaving safepoint region
[2023-10-30T22:22:12.619+0000][10296.999s][info ][safepoint     ] Total time for which application threads were stopped: 0.0016618 seconds, Stopping threads took: 0.0008113 seconds
[2023-10-30T22:22:13.620+0000][10298.000s][debug][safepoint     ] Safepoint synchronization initiated. (183 threads)
[2023-10-30T22:22:13.621+0000][10298.001s][info ][safepoint     ] Application time: 1.0013730 seconds
[2023-10-30T22:22:13.622+0000][10298.002s][info ][safepoint     ] Entering safepoint region: Cleanup
[2023-10-30T22:22:13.623+0000][10298.003s][info ][safepoint     ] Leaving safepoint region
[2023-10-30T22:22:13.624+0000][10298.004s][info ][safepoint     ] Total time for which application threads were stopped: 0.0016449 seconds, Stopping threads took: 0.0007545 seconds
[2023-10-30T22:22:14.625+0000][10299.005s][debug][safepoint     ] Safepoint synchronization initiated. (183 threads)
[2023-10-30T22:22:14.625+0000][10299.005s][info ][safepoint     ] Application time: 1.0005775 seconds
[2023-10-30T22:22:14.626+0000][10299.006s][info ][safepoint     ] Entering safepoint region: Cleanup
[2023-10-30T22:22:14.626+0000][10299.006s][info ][safepoint     ] Leaving safepoint region
[2023-10-30T22:22:14.627+0000][10299.007s][info ][safepoint     ] Total time for which application threads were stopped: 0.0009864 seconds, Stopping threads took: 0.0004646 seconds
[2023-10-30T22:22:15.627+0000][10300.007s][debug][safepoint     ] Safepoint synchronization initiated. (183 threads)
[2023-10-30T22:22:15.628+0000][10300.008s][info ][safepoint     ] Application time: 1.0006919 seconds
[2023-10-30T22:22:15.628+0000][10300.008s][info ][safepoint     ] Entering safepoint region: Cleanup
[2023-10-30T22:22:15.629+0000][10300.009s][info ][safepoint     ] Leaving safepoint region
[2023-10-30T22:22:15.629+0000][10300.009s][info ][safepoint     ] Total time for which application threads were stopped: 0.0013914 seconds, Stopping threads took: 0.0004143 seconds
[2023-10-30T22:22:16.630+0000][10301.010s][debug][safepoint     ] Safepoint synchronization initiated. (183 threads)
[2023-10-30T22:22:16.631+0000][10301.011s][info ][safepoint     ] Application time: 1.0009422 seconds
[2023-10-30T22:22:16.631+0000][10301.012s][info ][safepoint     ] Entering safepoint region: Cleanup
[2023-10-30T22:22:16.632+0000][10301.012s][info ][safepoint     ] Leaving safepoint region
[2023-10-30T22:22:16.633+0000][10301.013s][info ][safepoint     ] Total time for which application threads were stopped: 0.0013112 seconds, Stopping threads took: 0.0005925 seconds
[2023-10-30T22:22:17.633+0000][10302.013s][debug][safepoint     ] Safepoint synchronization initiated. (183 threads)
[2023-10-30T22:22:17.634+0000][10302.014s][info ][safepoint     ] Application time: 1.0007985 seconds
[2023-10-30T22:22:17.634+0000][10302.015s][info ][safepoint     ] Entering safepoint region: Cleanup
[2023-10-30T22:22:17.635+0000][10302.015s][info ][safepoint     ] Leaving safepoint region
[2023-10-30T22:22:17.635+0000][10302.016s][info ][safepoint     ] Total time for which application threads were stopped: 0.0011144 seconds, Stopping threads took: 0.0004904 seconds
[2023-10-30T22:22:18.636+0000][10303.016s][debug][safepoint     ] Safepoint synchronization initiated. (183 threads)
[2023-10-30T22:22:18.638+0000][10303.018s][info ][safepoint     ] Application time: 1.0018035 seconds
[2023-10-30T22:22:18.639+0000][10303.019s][info ][safepoint     ] Entering safepoint region: Cleanup
[2023-10-30T22:22:18.640+0000][10303.020s][info ][safepoint     ] Leaving safepoint region
[2023-10-30T22:22:18.640+0000][10303.020s][info ][safepoint     ] Total time for which application threads were stopped: 0.0013915 seconds, Stopping threads took: 0.0006135 seconds
[2023-10-30T22:22:19.641+0000][10304.021s][debug][safepoint     ] Safepoint synchronization initiated. (183 threads)
[2023-10-30T22:22:19.642+0000][10304.022s][info ][safepoint     ] Application time: 1.0010595 seconds
[2023-10-30T22:22:19.643+0000][10304.023s][info ][safepoint     ] Entering safepoint region: Cleanup
[2023-10-30T22:22:19.644+0000][10304.024s][info ][safepoint     ] Leaving safepoint region
[2023-10-30T22:22:19.644+0000][10304.024s][info ][safepoint     ] Total time for which application threads were stopped: 0.0015451 seconds, Stopping threads took: 0.0006143 seconds
[2023-10-30T22:22:20.645+0000][10305.025s][debug][safepoint     ] Safepoint synchronization initiated. (183 threads)
[2023-10-30T22:22:20.646+0000][10305.026s][info ][safepoint     ] Application time: 1.0012015 seconds
[2023-10-30T22:22:20.647+0000][10305.027s][info ][safepoint     ] Entering safepoint region: Cleanup
[2023-10-30T22:22:20.648+0000][10305.028s][info ][safepoint     ] Leaving safepoint region
[2023-10-30T22:22:20.648+0000][10305.028s][info ][safepoint     ] Total time for which application threads were stopped: 0.0015698 seconds, Stopping threads took: 0.0007379 seconds
[2023-10-30T22:22:21.649+0000][10306.029s][debug][safepoint     ] Safepoint synchronization initiated. (183 threads)
[2023-10-30T22:22:21.650+0000][10306.030s][info ][safepoint     ] Application time: 1.0007934 seconds
[2023-10-30T22:22:21.650+0000][10306.030s][info ][safepoint     ] Entering safepoint region: Cleanup
[2023-10-30T22:22:21.651+0000][10306.031s][info ][safepoint     ] Leaving safepoint region
[2023-10-30T22:22:21.651+0000][10306.031s][info ][safepoint     ] Total time for which application threads were stopped: 0.0010971 seconds, Stopping threads took: 0.0004161 seconds
[2023-10-30T22:22:22.652+0000][10307.032s][debug][safepoint     ] Safepoint synchronization initiated. (183 threads)
[2023-10-30T22:22:22.653+0000][10307.033s][info ][safepoint     ] Application time: 1.0012232 seconds
[2023-10-30T22:22:22.654+0000][10307.034s][info ][safepoint     ] Entering safepoint region: Cleanup
[2023-10-30T22:22:22.655+0000][10307.035s][info ][safepoint     ] Leaving safepoint region
[2023-10-30T22:22:22.655+0000][10307.035s][info ][safepoint     ] Total time for which application threads were stopped: 0.0018265 seconds, Stopping threads took: 0.0008357 seconds
[2023-10-30T22:22:23.656+0000][10308.036s][debug][safepoint     ] Safepoint synchronization initiated. (183 threads)
[2023-10-30T22:22:23.657+0000][10308.037s][info ][safepoint     ] Application time: 1.0008414 seconds
[2023-10-30T22:22:23.657+0000][10308.037s][info ][safepoint     ] Entering safepoint region: Cleanup
[2023-10-30T22:22:23.658+0000][10308.038s][info ][safepoint     ] Leaving safepoint region
[2023-10-30T22:22:23.658+0000][10308.039s][info ][safepoint     ] Total time for which application threads were stopped: 0.0013308 seconds, Stopping threads took: 0.0005449 seconds
[2023-10-30T22:22:24.659+0000][10309.039s][debug][safepoint     ] Safepoint synchronization initiated. (183 threads)
[2023-10-30T22:22:24.660+0000][10309.041s][info ][safepoint     ] Application time: 1.0015252 seconds
[2023-10-30T22:22:24.661+0000][10309.042s][info ][safepoint     ] Entering safepoint region: Cleanup
[2023-10-30T22:22:24.663+0000][10309.043s][info ][safepoint     ] Leaving safepoint region
[2023-10-30T22:22:24.663+0000][10309.043s][info ][safepoint     ] Total time for which application threads were stopped: 0.0019955 seconds, Stopping threads took: 0.0008807 seconds
[2023-10-30T22:22:25.664+0000][10310.045s][debug][safepoint     ] Safepoint synchronization initiated. (183 threads)
[2023-10-30T22:22:25.665+0000][10310.045s][info ][safepoint     ] Application time: 1.0008651 seconds
[2023-10-30T22:22:25.666+0000][10310.046s][info ][safepoint     ] Entering safepoint region: Cleanup
[2023-10-30T22:22:25.666+0000][10310.046s][info ][safepoint     ] Leaving safepoint region
[2023-10-30T22:22:25.667+0000][10310.047s][info ][safepoint     ] Total time for which application threads were stopped: 0.0011810 seconds, Stopping threads took: 0.0005488 seconds
[2023-10-30T22:22:26.667+0000][10311.047s][debug][safepoint     ] Safepoint synchronization initiated. (183 threads)
[2023-10-30T22:22:26.668+0000][10311.048s][info ][safepoint     ] Application time: 1.0009148 seconds
[2023-10-30T22:22:26.669+0000][10311.049s][info ][safepoint     ] Entering safepoint region: Cleanup
[2023-10-30T22:22:26.670+0000][10311.050s][info ][safepoint     ] Leaving safepoint region
[2023-10-30T22:22:26.670+0000][10311.050s][info ][safepoint     ] Total time for which application threads were stopped: 0.0013475 seconds, Stopping threads took: 0.0006142 seconds
[2023-10-30T22:22:27.671+0000][10312.051s][debug][safepoint     ] Safepoint synchronization initiated. (183 threads)
[2023-10-30T22:22:27.671+0000][10312.052s][info ][safepoint     ] Application time: 1.0006848 seconds
[2023-10-30T22:22:27.672+0000][10312.052s][info ][safepoint     ] Entering safepoint region: Cleanup
[2023-10-30T22:22:27.673+0000][10312.053s][info ][safepoint     ] Leaving safepoint region
[2023-10-30T22:22:27.673+0000][10312.053s][info ][safepoint     ] Total time for which application threads were stopped: 0.0011488 seconds, Stopping threads took: 0.0005452 seconds
[2023-10-30T22:22:28.673+0000][10313.054s][debug][safepoint     ] Safepoint synchronization initiated. (183 threads)
[2023-10-30T22:22:28.675+0000][10313.055s][info ][safepoint     ] Application time: 1.0012297 seconds
[2023-10-30T22:22:28.676+0000][10313.056s][info ][safepoint     ] Entering safepoint region: Cleanup
[2023-10-30T22:22:28.677+0000][10313.057s][info ][safepoint     ] Leaving safepoint region
[2023-10-30T22:22:28.677+0000][10313.058s][info ][safepoint     ] Total time for which application threads were stopped: 0.0018783 seconds, Stopping threads took: 0.0008349 seconds
[2023-10-30T22:22:29.678+0000][10314.059s][debug][safepoint     ] Safepoint synchronization initiated. (183 threads)
[2023-10-30T22:22:29.679+0000][10314.059s][info ][safepoint     ] Application time: 1.0012026 seconds
[2023-10-30T22:22:29.680+0000][10314.060s][info ][safepoint     ] Entering safepoint region: Cleanup
[2023-10-30T22:22:29.681+0000][10314.061s][info ][safepoint     ] Leaving safepoint region
[2023-10-30T22:22:29.682+0000][10314.062s][info ][safepoint     ] Total time for which application threads were stopped: 0.0018337 seconds, Stopping threads took: 0.0007654 seconds
[2023-10-30T22:22:30.683+0000][10315.063s][debug][safepoint     ] Safepoint synchronization initiated. (183 threads)
[2023-10-30T22:22:30.684+0000][10315.064s][info ][safepoint     ] Application time: 1.0013325 seconds
[2023-10-30T22:22:30.685+0000][10315.065s][info ][safepoint     ] Entering safepoint region: Cleanup
[2023-10-30T22:22:30.686+0000][10315.066s][info ][safepoint     ] Leaving safepoint region
[2023-10-30T22:22:30.686+0000][10315.067s][info ][safepoint     ] Total time for which application threads were stopped: 0.0016217 seconds, Stopping threads took: 0.0008312 seconds
[2023-10-30T22:22:31.687+0000][10316.068s][debug][safepoint     ] Safepoint synchronization initiated. (183 threads)
[2023-10-30T22:22:31.688+0000][10316.068s][info ][safepoint     ] Application time: 1.0012935 seconds
[2023-10-30T22:22:31.689+0000][10316.069s][info ][safepoint     ] Entering safepoint region: Cleanup
[2023-10-30T22:22:31.691+0000][10316.071s][info ][safepoint     ] Leaving safepoint region
[2023-10-30T22:22:31.691+0000][10316.071s][info ][safepoint     ] Total time for which application threads were stopped: 0.0021240 seconds, Stopping threads took: 0.0009923 seconds
[2023-10-30T22:22:32.692+0000][10317.072s][debug][safepoint     ] Safepoint synchronization initiated. (183 threads)
[2023-10-30T22:22:32.693+0000][10317.073s][info ][safepoint     ] Application time: 1.0011830 seconds
[2023-10-30T22:22:32.694+0000][10317.074s][info ][safepoint     ] Entering safepoint region: Cleanup
[2023-10-30T22:22:32.695+0000][10317.075s][info ][safepoint     ] Leaving safepoint region
[2023-10-30T22:22:32.696+0000][10317.076s][info ][safepoint     ] Total time for which application threads were stopped: 0.0018900 seconds, Stopping threads took: 0.0008248 seconds
[2023-10-30T22:22:33.697+0000][10318.077s][debug][safepoint     ] Safepoint synchronization initiated. (183 threads)
[2023-10-30T22:22:33.698+0000][10318.078s][info ][safepoint     ] Application time: 1.0014409 seconds
[2023-10-30T22:22:33.699+0000][10318.079s][info ][safepoint     ] Entering safepoint region: Cleanup
[2023-10-30T22:22:33.700+0000][10318.080s][info ][safepoint     ] Leaving safepoint region
[2023-10-30T22:22:33.701+0000][10318.081s][info ][safepoint     ] Total time for which application threads were stopped: 0.0020163 seconds, Stopping threads took: 0.0009179 seconds
[2023-10-30T22:22:34.702+0000][10319.082s][debug][safepoint     ] Safepoint synchronization initiated. (183 threads)
[2023-10-30T22:22:34.703+0000][10319.083s][info ][safepoint     ] Application time: 1.0014459 seconds
[2023-10-30T22:22:34.704+0000][10319.084s][info ][safepoint     ] Entering safepoint region: Cleanup
[2023-10-30T22:22:34.705+0000][10319.086s][info ][safepoint     ] Leaving safepoint region
[2023-10-30T22:22:34.706+0000][10319.086s][info ][safepoint     ] Total time for which application threads were stopped: 0.0021670 seconds, Stopping threads took: 0.0009649 seconds
[2023-10-30T22:22:35.707+0000][10320.087s][debug][safepoint     ] Safepoint synchronization initiated. (183 threads)
[2023-10-30T22:22:35.708+0000][10320.088s][info ][safepoint     ] Application time: 1.0007300 seconds
[2023-10-30T22:22:35.708+0000][10320.088s][info ][safepoint     ] Entering safepoint region: Cleanup
[2023-10-30T22:22:35.709+0000][10320.089s][info ][safepoint     ] Leaving safepoint region
[2023-10-30T22:22:35.709+0000][10320.090s][info ][safepoint     ] Total time for which application threads were stopped: 0.0011943 seconds, Stopping threads took: 0.0005224 seconds
[2023-10-30T22:22:36.710+0000][10321.090s][debug][safepoint     ] Safepoint synchronization initiated. (183 threads)
[2023-10-30T22:22:36.711+0000][10321.091s][info ][safepoint     ] Application time: 1.0010469 seconds
[2023-10-30T22:22:36.712+0000][10321.092s][info ][safepoint     ] Entering safepoint region: Cleanup
[2023-10-30T22:22:36.713+0000][10321.093s][info ][safepoint     ] Leaving safepoint region
[2023-10-30T22:22:36.713+0000][10321.093s][info ][safepoint     ] Total time for which application threads were stopped: 0.0014389 seconds, Stopping threads took: 0.0006679 seconds
[2023-10-30T22:22:37.714+0000][10322.094s][debug][safepoint     ] Safepoint synchronization initiated. (183 threads)
[2023-10-30T22:22:37.715+0000][10322.096s][info ][safepoint     ] Application time: 1.0017940 seconds
[2023-10-30T22:22:37.716+0000][10322.097s][info ][safepoint     ] Entering safepoint region: Cleanup
[2023-10-30T22:22:37.717+0000][10322.098s][info ][safepoint     ] Leaving safepoint region
[2023-10-30T22:22:37.718+0000][10322.098s][info ][safepoint     ] Total time for which application threads were stopped: 0.0018280 seconds, Stopping threads took: 0.0007876 seconds
[2023-10-30T22:22:38.719+0000][10323.099s][debug][safepoint     ] Safepoint synchronization initiated. (183 threads)
[2023-10-30T22:22:38.720+0000][10323.100s][info ][safepoint     ] Application time: 1.0010733 seconds
[2023-10-30T22:22:38.721+0000][10323.101s][info ][safepoint     ] Entering safepoint region: Cleanup
[2023-10-30T22:22:38.721+0000][10323.102s][info ][safepoint     ] Leaving safepoint region
[2023-10-30T22:22:38.722+0000][10323.102s][info ][safepoint     ] Total time for which application threads were stopped: 0.0016423 seconds, Stopping threads took: 0.0007057 seconds
[2023-10-30T22:22:39.723+0000][10324.103s][debug][safepoint     ] Safepoint synchronization initiated. (183 threads)
[2023-10-30T22:22:39.724+0000][10324.104s][info ][safepoint     ] Application time: 1.0012643 seconds
[2023-10-30T22:22:39.725+0000][10324.105s][info ][safepoint     ] Entering safepoint region: Cleanup
[2023-10-30T22:22:39.726+0000][10324.106s][info ][safepoint     ] Leaving safepoint region
[2023-10-30T22:22:39.727+0000][10324.107s][info ][safepoint     ] Total time for which application threads were stopped: 0.0017549 seconds, Stopping threads took: 0.0008167 seconds
[2023-10-30T22:22:40.728+0000][10325.108s][debug][safepoint     ] Safepoint synchronization initiated. (183 threads)
[2023-10-30T22:22:40.729+0000][10325.109s][info ][safepoint     ] Application time: 1.0014944 seconds
[2023-10-30T22:22:40.730+0000][10325.110s][info ][safepoint     ] Entering safepoint region: Cleanup
[2023-10-30T22:22:40.731+0000][10325.111s][info ][safepoint     ] Leaving safepoint region
[2023-10-30T22:22:40.732+0000][10325.112s][info ][safepoint     ] Total time for which application threads were stopped: 0.0021209 seconds, Stopping threads took: 0.0010027 seconds
[2023-10-30T22:22:41.733+0000][10326.113s][debug][safepoint     ] Safepoint synchronization initiated. (183 threads)
[2023-10-30T22:22:41.734+0000][10326.114s][info ][safepoint     ] Application time: 1.0015504 seconds
[2023-10-30T22:22:41.735+0000][10326.116s][info ][safepoint     ] Entering safepoint region: Cleanup
[2023-10-30T22:22:41.737+0000][10326.117s][info ][safepoint     ] Leaving safepoint region
[2023-10-30T22:22:41.738+0000][10326.118s][info ][safepoint     ] Total time for which application threads were stopped: 0.0022384 seconds, Stopping threads took: 0.0010761 seconds
[2023-10-30T22:22:42.739+0000][10327.119s][debug][safepoint     ] Safepoint synchronization initiated. (183 threads)
[2023-10-30T22:22:42.739+0000][10327.120s][info ][safepoint     ] Application time: 1.0011057 seconds
[2023-10-30T22:22:42.740+0000][10327.120s][info ][safepoint     ] Entering safepoint region: Cleanup
[2023-10-30T22:22:42.741+0000][10327.122s][info ][safepoint     ] Leaving safepoint region
[2023-10-30T22:22:42.742+0000][10327.122s][info ][safepoint     ] Total time for which application threads were stopped: 0.0020720 seconds, Stopping threads took: 0.0009882 seconds
[2023-10-30T22:22:43.743+0000][10328.123s][debug][safepoint     ] Safepoint synchronization initiated. (183 threads)
[2023-10-30T22:22:43.744+0000][10328.124s][info ][safepoint     ] Application time: 1.0009769 seconds
[2023-10-30T22:22:43.745+0000][10328.125s][info ][safepoint     ] Entering safepoint region: Cleanup
[2023-10-30T22:22:43.745+0000][10328.126s][info ][safepoint     ] Leaving safepoint region
[2023-10-30T22:22:43.746+0000][10328.126s][info ][safepoint     ] Total time for which application threads were stopped: 0.0013424 seconds, Stopping threads took: 0.0006397 seconds
[2023-10-30T22:22:44.747+0000][10329.127s][debug][safepoint     ] Safepoint synchronization initiated. (183 threads)
[2023-10-30T22:22:44.748+0000][10329.128s][info ][safepoint     ] Application time: 1.0011656 seconds
[2023-10-30T22:22:44.749+0000][10329.129s][info ][safepoint     ] Entering safepoint region: Cleanup
[2023-10-30T22:22:44.749+0000][10329.130s][info ][safepoint     ] Leaving safepoint region
[2023-10-30T22:22:44.750+0000][10329.130s][info ][safepoint     ] Total time for which application threads were stopped: 0.0017884 seconds, Stopping threads took: 0.0006558 seconds
[2023-10-30T22:22:45.751+0000][10330.132s][debug][safepoint     ] Safepoint synchronization initiated. (183 threads)
[2023-10-30T22:22:45.754+0000][10330.134s][info ][safepoint     ] Application time: 1.0028713 seconds
[2023-10-30T22:22:45.754+0000][10330.135s][info ][safepoint     ] Entering safepoint region: Cleanup
[2023-10-30T22:22:45.755+0000][10330.135s][info ][safepoint     ] Leaving safepoint region
[2023-10-30T22:22:45.756+0000][10330.136s][info ][safepoint     ] Total time for which application threads were stopped: 0.0014760 seconds, Stopping threads took: 0.0006761 seconds
[2023-10-30T22:22:46.757+0000][10331.137s][debug][safepoint     ] Safepoint synchronization initiated. (183 threads)
[2023-10-30T22:22:46.758+0000][10331.138s][info ][safepoint     ] Application time: 1.0010476 seconds
[2023-10-30T22:22:46.758+0000][10331.138s][info ][safepoint     ] Entering safepoint region: Cleanup
[2023-10-30T22:22:46.759+0000][10331.139s][info ][safepoint     ] Leaving safepoint region
[2023-10-30T22:22:46.760+0000][10331.140s][info ][safepoint     ] Total time for which application threads were stopped: 0.0013815 seconds, Stopping threads took: 0.0006876 seconds
[2023-10-30T22:22:47.760+0000][10332.140s][debug][safepoint     ] Safepoint synchronization initiated. (183 threads)
[2023-10-30T22:22:47.761+0000][10332.141s][info ][safepoint     ] Application time: 1.0007304 seconds
[2023-10-30T22:22:47.761+0000][10332.141s][info ][safepoint     ] Entering safepoint region: Cleanup
[2023-10-30T22:22:47.762+0000][10332.142s][info ][safepoint     ] Leaving safepoint region
[2023-10-30T22:22:47.762+0000][10332.142s][info ][safepoint     ] Total time for which application threads were stopped: 0.0008495 seconds, Stopping threads took: 0.0003245 seconds
[2023-10-30T22:22:48.763+0000][10333.143s][debug][safepoint     ] Safepoint synchronization initiated. (183 threads)
[2023-10-30T22:22:48.763+0000][10333.143s][info ][safepoint     ] Application time: 1.0009071 seconds
[2023-10-30T22:22:48.764+0000][10333.144s][info ][safepoint     ] Entering safepoint region: Cleanup
[2023-10-30T22:22:48.764+0000][10333.145s][info ][safepoint     ] Leaving safepoint region
[2023-10-30T22:22:48.765+0000][10333.145s][info ][safepoint     ] Total time for which application threads were stopped: 0.0011966 seconds, Stopping threads took: 0.0005549 seconds
[2023-10-30T22:22:49.765+0000][10334.145s][debug][safepoint     ] Safepoint synchronization initiated. (183 threads)
[2023-10-30T22:22:49.766+0000][10334.146s][info ][safepoint     ] Application time: 1.0010511 seconds
[2023-10-30T22:22:49.767+0000][10334.147s][info ][safepoint     ] Entering safepoint region: Cleanup
[2023-10-30T22:22:49.768+0000][10334.148s][info ][safepoint     ] Leaving safepoint region
[2023-10-30T22:22:49.769+0000][10334.149s][info ][safepoint     ] Total time for which application threads were stopped: 0.0019668 seconds, Stopping threads took: 0.0008378 seconds
[2023-10-30T22:22:50.770+0000][10335.150s][debug][safepoint     ] Safepoint synchronization initiated. (183 threads)
[2023-10-30T22:22:50.771+0000][10335.151s][info ][safepoint     ] Application time: 1.0009733 seconds
[2023-10-30T22:22:50.771+0000][10335.152s][info ][safepoint     ] Entering safepoint region: Cleanup
[2023-10-30T22:22:50.772+0000][10335.153s][info ][safepoint     ] Leaving safepoint region
[2023-10-30T22:22:50.773+0000][10335.153s][info ][safepoint     ] Total time for which application threads were stopped: 0.0017294 seconds, Stopping threads took: 0.0007915 seconds
[2023-10-30T22:22:51.774+0000][10336.154s][debug][safepoint     ] Safepoint synchronization initiated. (183 threads)
[2023-10-30T22:22:51.775+0000][10336.155s][info ][safepoint     ] Application time: 1.0014374 seconds
[2023-10-30T22:22:51.776+0000][10336.157s][info ][safepoint     ] Entering safepoint region: Cleanup
[2023-10-30T22:22:51.778+0000][10336.158s][info ][safepoint     ] Leaving safepoint region
[2023-10-30T22:22:51.778+0000][10336.159s][info ][safepoint     ] Total time for which application threads were stopped: 0.0021711 seconds, Stopping threads took: 0.0009916 seconds
[2023-10-30T22:22:52.780+0000][10337.160s][debug][safepoint     ] Safepoint synchronization initiated. (183 threads)
[2023-10-30T22:22:52.781+0000][10337.161s][info ][safepoint     ] Application time: 1.0015109 seconds
[2023-10-30T22:22:52.781+0000][10337.162s][info ][safepoint     ] Entering safepoint region: Cleanup
[2023-10-30T22:22:52.782+0000][10337.163s][info ][safepoint     ] Leaving safepoint region
[2023-10-30T22:22:52.783+0000][10337.163s][info ][safepoint     ] Total time for which application threads were stopped: 0.0018634 seconds, Stopping threads took: 0.0008223 seconds
[2023-10-30T22:22:53.784+0000][10338.164s][debug][safepoint     ] Safepoint synchronization initiated. (183 threads)
[2023-10-30T22:22:53.785+0000][10338.165s][info ][safepoint     ] Application time: 1.0011409 seconds
[2023-10-30T22:22:53.786+0000][10338.166s][info ][safepoint     ] Entering safepoint region: Cleanup
[2023-10-30T22:22:53.787+0000][10338.167s][info ][safepoint     ] Leaving safepoint region
[2023-10-30T22:22:53.787+0000][10338.167s][info ][safepoint     ] Total time for which application threads were stopped: 0.0014606 seconds, Stopping threads took: 0.0006319 seconds
[2023-10-30T22:22:54.788+0000][10339.168s][debug][safepoint     ] Safepoint synchronization initiated. (183 threads)
[2023-10-30T22:22:54.789+0000][10339.169s][info ][safepoint     ] Application time: 1.0012568 seconds
[2023-10-30T22:22:54.790+0000][10339.170s][info ][safepoint     ] Entering safepoint region: Cleanup
[2023-10-30T22:22:54.791+0000][10339.171s][info ][safepoint     ] Leaving safepoint region
[2023-10-30T22:22:54.792+0000][10339.172s][info ][safepoint     ] Total time for which application threads were stopped: 0.0018316 seconds, Stopping threads took: 0.0007204 seconds
[2023-10-30T22:22:55.793+0000][10340.173s][debug][safepoint     ] Safepoint synchronization initiated. (183 threads)
[2023-10-30T22:22:55.794+0000][10340.174s][info ][safepoint     ] Application time: 1.0012340 seconds
[2023-10-30T22:22:55.795+0000][10340.175s][info ][safepoint     ] Entering safepoint region: Cleanup
[2023-10-30T22:22:55.796+0000][10340.176s][info ][safepoint     ] Leaving safepoint region
[2023-10-30T22:22:55.797+0000][10340.177s][info ][safepoint     ] Total time for which application threads were stopped: 0.0021178 seconds, Stopping threads took: 0.0008226 seconds
[2023-10-30T22:22:56.798+0000][10341.178s][debug][safepoint     ] Safepoint synchronization initiated. (183 threads)
[2023-10-30T22:22:56.799+0000][10341.179s][info ][safepoint     ] Application time: 1.0015510 seconds
[2023-10-30T22:22:56.800+0000][10341.180s][info ][safepoint     ] Entering safepoint region: Cleanup
[2023-10-30T22:22:56.801+0000][10341.181s][info ][safepoint     ] Leaving safepoint region
[2023-10-30T22:22:56.802+0000][10341.182s][info ][safepoint     ] Total time for which application threads were stopped: 0.0018392 seconds, Stopping threads took: 0.0008559 seconds
[2023-10-30T22:22:57.803+0000][10342.183s][debug][safepoint     ] Safepoint synchronization initiated. (183 threads)
[2023-10-30T22:22:57.804+0000][10342.184s][info ][safepoint     ] Application time: 1.0012582 seconds
[2023-10-30T22:22:57.805+0000][10342.185s][info ][safepoint     ] Entering safepoint region: Cleanup
[2023-10-30T22:22:57.806+0000][10342.186s][info ][safepoint     ] Leaving safepoint region
[2023-10-30T22:22:57.807+0000][10342.187s][info ][safepoint     ] Total time for which application threads were stopped: 0.0019990 seconds, Stopping threads took: 0.0007385 seconds
[2023-10-30T22:22:58.808+0000][10343.188s][debug][safepoint     ] Safepoint synchronization initiated. (183 threads)
[2023-10-30T22:22:58.809+0000][10343.189s][info ][safepoint     ] Application time: 1.0016611 seconds
[2023-10-30T22:22:58.810+0000][10343.190s][info ][safepoint     ] Entering safepoint region: Cleanup
[2023-10-30T22:22:58.811+0000][10343.191s][info ][safepoint     ] Leaving safepoint region
[2023-10-30T22:22:58.812+0000][10343.192s][info ][safepoint     ] Total time for which application threads were stopped: 0.0020561 seconds, Stopping threads took: 0.0008419 seconds
[2023-10-30T22:22:59.813+0000][10344.193s][debug][safepoint     ] Safepoint synchronization initiated. (181 threads)
[2023-10-30T22:22:59.815+0000][10344.195s][info ][safepoint     ] Application time: 1.0019740 seconds
[2023-10-30T22:22:59.816+0000][10344.196s][info ][safepoint     ] Entering safepoint region: Cleanup
[2023-10-30T22:22:59.817+0000][10344.197s][info ][safepoint     ] Leaving safepoint region
[2023-10-30T22:22:59.817+0000][10344.198s][info ][safepoint     ] Total time for which application threads were stopped: 0.0012650 seconds, Stopping threads took: 0.0005507 seconds
[2023-10-30T22:23:00.818+0000][10345.199s][debug][safepoint     ] Safepoint synchronization initiated. (181 threads)
[2023-10-30T22:23:00.819+0000][10345.199s][info ][safepoint     ] Application time: 1.0011665 seconds
[2023-10-30T22:23:00.820+0000][10345.200s][info ][safepoint     ] Entering safepoint region: Cleanup
[2023-10-30T22:23:00.820+0000][10345.200s][info ][safepoint     ] Leaving safepoint region
[2023-10-30T22:23:00.821+0000][10345.201s][info ][safepoint     ] Total time for which application threads were stopped: 0.0009667 seconds, Stopping threads took: 0.0003858 seconds
[2023-10-30T22:23:01.821+0000][10346.201s][debug][safepoint     ] Safepoint synchronization initiated. (181 threads)
[2023-10-30T22:23:01.822+0000][10346.203s][info ][safepoint     ] Application time: 1.0013842 seconds
[2023-10-30T22:23:01.823+0000][10346.203s][info ][safepoint     ] Entering safepoint region: Cleanup
[2023-10-30T22:23:01.825+0000][10346.205s][info ][safepoint     ] Leaving safepoint region
[2023-10-30T22:23:01.826+0000][10346.206s][info ][safepoint     ] Total time for which application threads were stopped: 0.0022567 seconds, Stopping threads took: 0.0010077 seconds
[2023-10-30T22:23:02.827+0000][10347.207s][debug][safepoint     ] Safepoint synchronization initiated. (184 threads)
[2023-10-30T22:23:02.827+0000][10347.207s][info ][safepoint     ] Application time: 1.0006629 seconds
[2023-10-30T22:23:02.828+0000][10347.208s][info ][safepoint     ] Entering safepoint region: Cleanup
[2023-10-30T22:23:02.828+0000][10347.208s][info ][safepoint     ] Leaving safepoint region
[2023-10-30T22:23:02.829+0000][10347.209s][info ][safepoint     ] Total time for which application threads were stopped: 0.0010152 seconds, Stopping threads took: 0.0004716 seconds
[2023-10-30T22:23:03.829+0000][10348.209s][debug][safepoint     ] Safepoint synchronization initiated. (184 threads)
[2023-10-30T22:23:03.829+0000][10348.210s][info ][safepoint     ] Application time: 1.0005616 seconds
[2023-10-30T22:23:03.830+0000][10348.210s][info ][safepoint     ] Entering safepoint region: Cleanup
[2023-10-30T22:23:03.830+0000][10348.210s][info ][safepoint     ] Leaving safepoint region
[2023-10-30T22:23:03.830+0000][10348.211s][info ][safepoint     ] Total time for which application threads were stopped: 0.0007585 seconds, Stopping threads took: 0.0002956 seconds
[2023-10-30T22:23:04.831+0000][10349.211s][debug][safepoint     ] Safepoint synchronization initiated. (184 threads)
[2023-10-30T22:23:04.832+0000][10349.212s][info ][safepoint     ] Application time: 1.0010420 seconds
[2023-10-30T22:23:04.833+0000][10349.213s][info ][safepoint     ] Entering safepoint region: Cleanup
[2023-10-30T22:23:04.834+0000][10349.214s][info ][safepoint     ] Leaving safepoint region
[2023-10-30T22:23:04.834+0000][10349.214s][info ][safepoint     ] Total time for which application threads were stopped: 0.0015393 seconds, Stopping threads took: 0.0007436 seconds
[2023-10-30T22:23:05.835+0000][10350.215s][debug][safepoint     ] Safepoint synchronization initiated. (185 threads)
[2023-10-30T22:23:05.836+0000][10350.216s][info ][safepoint     ] Application time: 1.0013305 seconds
[2023-10-30T22:23:05.837+0000][10350.217s][info ][safepoint     ] Entering safepoint region: Cleanup
[2023-10-30T22:23:05.839+0000][10350.219s][info ][safepoint     ] Leaving safepoint region
[2023-10-30T22:23:05.839+0000][10350.219s][info ][safepoint     ] Total time for which application threads were stopped: 0.0021089 seconds, Stopping threads took: 0.0009689 seconds
[2023-10-30T22:23:06.840+0000][10351.220s][debug][safepoint     ] Safepoint synchronization initiated. (185 threads)
[2023-10-30T22:23:06.841+0000][10351.221s][info ][safepoint     ] Application time: 1.0006407 seconds
[2023-10-30T22:23:06.841+0000][10351.221s][info ][safepoint     ] Entering safepoint region: Cleanup
[2023-10-30T22:23:06.841+0000][10351.221s][info ][safepoint     ] Leaving safepoint region
[2023-10-30T22:23:06.842+0000][10351.222s][info ][safepoint     ] Total time for which application threads were stopped: 0.0007397 seconds, Stopping threads took: 0.0003192 seconds
[2023-10-30T22:23:07.842+0000][10352.222s][debug][safepoint     ] Safepoint synchronization initiated. (185 threads)
[2023-10-30T22:23:07.843+0000][10352.223s][info ][safepoint     ] Application time: 1.0009082 seconds
[2023-10-30T22:23:07.843+0000][10352.223s][info ][safepoint     ] Entering safepoint region: Cleanup
[2023-10-30T22:23:07.844+0000][10352.224s][info ][safepoint     ] Leaving safepoint region
[2023-10-30T22:23:07.844+0000][10352.224s][info ][safepoint     ] Total time for which application threads were stopped: 0.0011078 seconds, Stopping threads took: 0.0003950 seconds
[2023-10-30T22:23:08.845+0000][10353.225s][debug][safepoint     ] Safepoint synchronization initiated. (185 threads)
[2023-10-30T22:23:08.845+0000][10353.225s][info ][safepoint     ] Application time: 1.0004604 seconds
[2023-10-30T22:23:08.845+0000][10353.226s][info ][safepoint     ] Entering safepoint region: Cleanup
[2023-10-30T22:23:08.846+0000][10353.226s][info ][safepoint     ] Leaving safepoint region
[2023-10-30T22:23:08.846+0000][10353.226s][info ][safepoint     ] Total time for which application threads were stopped: 0.0007840 seconds, Stopping threads took: 0.0003158 seconds
[2023-10-30T22:23:09.847+0000][10354.227s][debug][safepoint     ] Safepoint synchronization initiated. (185 threads)
[2023-10-30T22:23:09.847+0000][10354.228s][info ][safepoint     ] Application time: 1.0010210 seconds
[2023-10-30T22:23:09.848+0000][10354.229s][info ][safepoint     ] Entering safepoint region: Cleanup
[2023-10-30T22:23:09.849+0000][10354.229s][info ][safepoint     ] Leaving safepoint region
[2023-10-30T22:23:09.850+0000][10354.230s][info ][safepoint     ] Total time for which application threads were stopped: 0.0012518 seconds, Stopping threads took: 0.0005009 seconds
[2023-10-30T22:23:10.850+0000][10355.230s][debug][safepoint     ] Safepoint synchronization initiated. (185 threads)
[2023-10-30T22:23:10.851+0000][10355.231s][info ][safepoint     ] Application time: 1.0005311 seconds
[2023-10-30T22:23:10.851+0000][10355.231s][info ][safepoint     ] Entering safepoint region: Cleanup
[2023-10-30T22:23:10.851+0000][10355.232s][info ][safepoint     ] Leaving safepoint region
[2023-10-30T22:23:10.852+0000][10355.232s][info ][safepoint     ] Total time for which application threads were stopped: 0.0008775 seconds, Stopping threads took: 0.0003499 seconds
[2023-10-30T22:23:11.852+0000][10356.233s][debug][safepoint     ] Safepoint synchronization initiated. (185 threads)
[2023-10-30T22:23:11.853+0000][10356.233s][info ][safepoint     ] Application time: 1.0012147 seconds
[2023-10-30T22:23:11.854+0000][10356.234s][info ][safepoint     ] Entering safepoint region: Cleanup
[2023-10-30T22:23:11.855+0000][10356.235s][info ][safepoint     ] Leaving safepoint region
[2023-10-30T22:23:11.856+0000][10356.236s][info ][safepoint     ] Total time for which application threads were stopped: 0.0015061 seconds, Stopping threads took: 0.0006720 seconds
[2023-10-30T22:23:12.856+0000][10357.237s][debug][safepoint     ] Safepoint synchronization initiated. (185 threads)
[2023-10-30T22:23:12.858+0000][10357.238s][info ][safepoint     ] Application time: 1.0015571 seconds
[2023-10-30T22:23:12.859+0000][10357.239s][info ][safepoint     ] Entering safepoint region: Cleanup
[2023-10-30T22:23:12.860+0000][10357.240s][info ][safepoint     ] Leaving safepoint region
[2023-10-30T22:23:12.861+0000][10357.241s][info ][safepoint     ] Total time for which application threads were stopped: 0.0019259 seconds, Stopping threads took: 0.0007353 seconds
[2023-10-30T22:23:13.861+0000][10358.241s][debug][safepoint     ] Safepoint synchronization initiated. (185 threads)
[2023-10-30T22:23:13.862+0000][10358.242s][info ][safepoint     ] Application time: 1.0006247 seconds
[2023-10-30T22:23:13.862+0000][10358.242s][info ][safepoint     ] Entering safepoint region: Cleanup
[2023-10-30T22:23:13.863+0000][10358.243s][info ][safepoint     ] Leaving safepoint region
[2023-10-30T22:23:13.863+0000][10358.243s][info ][safepoint     ] Total time for which application threads were stopped: 0.0008616 seconds, Stopping threads took: 0.0003519 seconds
[2023-10-30T22:23:14.863+0000][10359.244s][debug][safepoint     ] Safepoint synchronization initiated. (185 threads)
[2023-10-30T22:23:14.864+0000][10359.244s][info ][safepoint     ] Application time: 1.0011527 seconds
[2023-10-30T22:23:14.865+0000][10359.245s][info ][safepoint     ] Entering safepoint region: Cleanup
[2023-10-30T22:23:14.866+0000][10359.246s][info ][safepoint     ] Leaving safepoint region
[2023-10-30T22:23:14.867+0000][10359.247s][info ][safepoint     ] Total time for which application threads were stopped: 0.0016735 seconds, Stopping threads took: 0.0008020 seconds
[2023-10-30T22:23:15.868+0000][10360.248s][debug][safepoint     ] Safepoint synchronization initiated. (185 threads)
[2023-10-30T22:23:15.869+0000][10360.249s][info ][safepoint     ] Application time: 1.0014398 seconds
[2023-10-30T22:23:15.870+0000][10360.250s][info ][safepoint     ] Entering safepoint region: Cleanup
[2023-10-30T22:23:15.870+0000][10360.250s][info ][safepoint     ] Leaving safepoint region
[2023-10-30T22:23:15.871+0000][10360.251s][info ][safepoint     ] Total time for which application threads were stopped: 0.0011469 seconds, Stopping threads took: 0.0005436 seconds
[2023-10-30T22:23:16.871+0000][10361.251s][debug][safepoint     ] Safepoint synchronization initiated. (185 threads)
[2023-10-30T22:23:16.872+0000][10361.252s][info ][safepoint     ] Application time: 1.0009251 seconds
[2023-10-30T22:23:16.873+0000][10361.253s][info ][safepoint     ] Entering safepoint region: Cleanup
[2023-10-30T22:23:16.874+0000][10361.254s][info ][safepoint     ] Leaving safepoint region
[2023-10-30T22:23:16.874+0000][10361.254s][info ][safepoint     ] Total time for which application threads were stopped: 0.0014088 seconds, Stopping threads took: 0.0006649 seconds
[2023-10-30T22:23:17.875+0000][10362.255s][debug][safepoint     ] Safepoint synchronization initiated. (185 threads)
[2023-10-30T22:23:17.876+0000][10362.256s][info ][safepoint     ] Application time: 1.0011553 seconds
[2023-10-30T22:23:17.877+0000][10362.257s][info ][safepoint     ] Entering safepoint region: Cleanup
[2023-10-30T22:23:17.878+0000][10362.258s][info ][safepoint     ] Leaving safepoint region
[2023-10-30T22:23:17.879+0000][10362.259s][info ][safepoint     ] Total time for which application threads were stopped: 0.0019865 seconds, Stopping threads took: 0.0007779 seconds
[2023-10-30T22:23:18.880+0000][10363.260s][debug][safepoint     ] Safepoint synchronization initiated. (185 threads)
[2023-10-30T22:23:18.880+0000][10363.260s][info ][safepoint     ] Application time: 1.0007740 seconds
[2023-10-30T22:23:18.881+0000][10363.261s][info ][safepoint     ] Entering safepoint region: Cleanup
[2023-10-30T22:23:18.881+0000][10363.262s][info ][safepoint     ] Leaving safepoint region
[2023-10-30T22:23:18.882+0000][10363.262s][info ][safepoint     ] Total time for which application threads were stopped: 0.0013503 seconds, Stopping threads took: 0.0006099 seconds
[2023-10-30T22:23:19.883+0000][10364.263s][debug][safepoint     ] Safepoint synchronization initiated. (185 threads)
[2023-10-30T22:23:19.883+0000][10364.264s][info ][safepoint     ] Application time: 1.0011158 seconds
[2023-10-30T22:23:19.884+0000][10364.264s][info ][safepoint     ] Entering safepoint region: Cleanup
[2023-10-30T22:23:19.885+0000][10364.265s][info ][safepoint     ] Leaving safepoint region
[2023-10-30T22:23:19.886+0000][10364.266s][info ][safepoint     ] Total time for which application threads were stopped: 0.0015182 seconds, Stopping threads took: 0.0006761 seconds
[2023-10-30T22:23:20.886+0000][10365.267s][debug][safepoint     ] Safepoint synchronization initiated. (185 threads)
[2023-10-30T22:23:20.887+0000][10365.267s][info ][safepoint     ] Application time: 1.0009124 seconds
[2023-10-30T22:23:20.888+0000][10365.268s][info ][safepoint     ] Entering safepoint region: Cleanup
[2023-10-30T22:23:20.888+0000][10365.269s][info ][safepoint     ] Leaving safepoint region
[2023-10-30T22:23:20.889+0000][10365.269s][info ][safepoint     ] Total time for which application threads were stopped: 0.0012096 seconds, Stopping threads took: 0.0004627 seconds
[2023-10-30T22:23:21.889+0000][10366.270s][debug][safepoint     ] Safepoint synchronization initiated. (185 threads)
[2023-10-30T22:23:21.890+0000][10366.270s][info ][safepoint     ] Application time: 1.0005802 seconds
[2023-10-30T22:23:21.890+0000][10366.270s][info ][safepoint     ] Entering safepoint region: Cleanup
[2023-10-30T22:23:21.891+0000][10366.271s][info ][safepoint     ] Leaving safepoint region
[2023-10-30T22:23:21.891+0000][10366.271s][info ][safepoint     ] Total time for which application threads were stopped: 0.0008679 seconds, Stopping threads took: 0.0002995 seconds
[2023-10-30T22:23:22.892+0000][10367.272s][debug][safepoint     ] Safepoint synchronization initiated. (185 threads)
[2023-10-30T22:23:22.893+0000][10367.273s][info ][safepoint     ] Application time: 1.0011074 seconds
[2023-10-30T22:23:22.894+0000][10367.274s][info ][safepoint     ] Entering safepoint region: Cleanup
[2023-10-30T22:23:22.895+0000][10367.275s][info ][safepoint     ] Leaving safepoint region
[2023-10-30T22:23:22.895+0000][10367.276s][info ][safepoint     ] Total time for which application threads were stopped: 0.0019316 seconds, Stopping threads took: 0.0007805 seconds
[2023-10-30T22:23:23.896+0000][10368.276s][debug][safepoint     ] Safepoint synchronization initiated. (185 threads)
[2023-10-30T22:23:23.897+0000][10368.277s][info ][safepoint     ] Application time: 1.0010986 seconds
[2023-10-30T22:23:23.898+0000][10368.278s][info ][safepoint     ] Entering safepoint region: Cleanup
[2023-10-30T22:23:23.899+0000][10368.279s][info ][safepoint     ] Leaving safepoint region
[2023-10-30T22:23:23.899+0000][10368.280s][info ][safepoint     ] Total time for which application threads were stopped: 0.0017108 seconds, Stopping threads took: 0.0006677 seconds
[2023-10-30T22:23:24.901+0000][10369.281s][debug][safepoint     ] Safepoint synchronization initiated. (185 threads)
[2023-10-30T22:23:24.902+0000][10369.282s][info ][safepoint     ] Application time: 1.0017503 seconds
[2023-10-30T22:23:24.903+0000][10369.283s][info ][safepoint     ] Entering safepoint region: Cleanup
[2023-10-30T22:23:24.904+0000][10369.284s][info ][safepoint     ] Leaving safepoint region
[2023-10-30T22:23:24.904+0000][10369.285s][info ][safepoint     ] Total time for which application threads were stopped: 0.0016159 seconds, Stopping threads took: 0.0007497 seconds
[2023-10-30T22:23:25.905+0000][10370.285s][debug][safepoint     ] Safepoint synchronization initiated. (185 threads)
[2023-10-30T22:23:25.906+0000][10370.286s][info ][safepoint     ] Application time: 1.0005622 seconds
[2023-10-30T22:23:25.906+0000][10370.286s][info ][safepoint     ] Entering safepoint region: Cleanup
[2023-10-30T22:23:25.906+0000][10370.287s][info ][safepoint     ] Leaving safepoint region
[2023-10-30T22:23:25.907+0000][10370.287s][info ][safepoint     ] Total time for which application threads were stopped: 0.0008921 seconds, Stopping threads took: 0.0004004 seconds
[2023-10-30T22:23:26.907+0000][10371.287s][debug][safepoint     ] Safepoint synchronization initiated. (185 threads)
[2023-10-30T22:23:26.908+0000][10371.288s][info ][safepoint     ] Application time: 1.0007188 seconds
[2023-10-30T22:23:26.908+0000][10371.288s][info ][safepoint     ] Entering safepoint region: Cleanup
[2023-10-30T22:23:26.909+0000][10371.289s][info ][safepoint     ] Leaving safepoint region
[2023-10-30T22:23:26.909+0000][10371.289s][info ][safepoint     ] Total time for which application threads were stopped: 0.0009226 seconds, Stopping threads took: 0.0003852 seconds
[2023-10-30T22:23:27.910+0000][10372.290s][debug][safepoint     ] Safepoint synchronization initiated. (185 threads)
[2023-10-30T22:23:27.911+0000][10372.291s][info ][safepoint     ] Application time: 1.0015182 seconds
[2023-10-30T22:23:27.913+0000][10372.293s][info ][safepoint     ] Entering safepoint region: Cleanup
[2023-10-30T22:23:27.914+0000][10372.294s][info ][safepoint     ] Leaving safepoint region
[2023-10-30T22:23:27.914+0000][10372.295s][info ][safepoint     ] Total time for which application threads were stopped: 0.0022041 seconds, Stopping threads took: 0.0014666 seconds
[2023-10-30T22:23:28.915+0000][10373.295s][debug][safepoint     ] Safepoint synchronization initiated. (185 threads)
[2023-10-30T22:23:28.916+0000][10373.296s][info ][safepoint     ] Application time: 1.0008732 seconds
[2023-10-30T22:23:28.916+0000][10373.296s][info ][safepoint     ] Entering safepoint region: Cleanup
[2023-10-30T22:23:28.917+0000][10373.297s][info ][safepoint     ] Leaving safepoint region
[2023-10-30T22:23:28.917+0000][10373.298s][info ][safepoint     ] Total time for which application threads were stopped: 0.0011163 seconds, Stopping threads took: 0.0004991 seconds
[2023-10-30T22:23:29.918+0000][10374.298s][debug][safepoint     ] Safepoint synchronization initiated. (185 threads)
[2023-10-30T22:23:29.918+0000][10374.299s][info ][safepoint     ] Application time: 1.0007219 seconds
[2023-10-30T22:23:29.919+0000][10374.299s][info ][safepoint     ] Entering safepoint region: Cleanup
[2023-10-30T22:23:29.920+0000][10374.300s][info ][safepoint     ] Leaving safepoint region
[2023-10-30T22:23:29.920+0000][10374.300s][info ][safepoint     ] Total time for which application threads were stopped: 0.0011148 seconds, Stopping threads took: 0.0005397 seconds
[2023-10-30T22:23:30.921+0000][10375.301s][debug][safepoint     ] Safepoint synchronization initiated. (185 threads)
[2023-10-30T22:23:30.922+0000][10375.302s][info ][safepoint     ] Application time: 1.0010472 seconds
[2023-10-30T22:23:30.922+0000][10375.302s][info ][safepoint     ] Entering safepoint region: Cleanup
[2023-10-30T22:23:30.923+0000][10375.303s][info ][safepoint     ] Leaving safepoint region
[2023-10-30T22:23:30.923+0000][10375.304s][info ][safepoint     ] Total time for which application threads were stopped: 0.0013023 seconds, Stopping threads took: 0.0005523 seconds
[2023-10-30T22:23:31.924+0000][10376.304s][debug][safepoint     ] Safepoint synchronization initiated. (185 threads)
[2023-10-30T22:23:31.924+0000][10376.305s][info ][safepoint     ] Application time: 1.0005268 seconds
[2023-10-30T22:23:31.925+0000][10376.305s][info ][safepoint     ] Entering safepoint region: Cleanup
[2023-10-30T22:23:31.925+0000][10376.305s][info ][safepoint     ] Leaving safepoint region
[2023-10-30T22:23:31.926+0000][10376.306s][info ][safepoint     ] Total time for which application threads were stopped: 0.0009066 seconds, Stopping threads took: 0.0003710 seconds
[2023-10-30T22:23:32.926+0000][10377.306s][debug][safepoint     ] Safepoint synchronization initiated. (185 threads)
[2023-10-30T22:23:32.927+0000][10377.307s][info ][safepoint     ] Application time: 1.0013650 seconds
[2023-10-30T22:23:32.928+0000][10377.308s][info ][safepoint     ] Entering safepoint region: Cleanup
[2023-10-30T22:23:32.929+0000][10377.310s][info ][safepoint     ] Leaving safepoint region
[2023-10-30T22:23:32.930+0000][10377.310s][info ][safepoint     ] Total time for which application threads were stopped: 0.0020751 seconds, Stopping threads took: 0.0009576 seconds
[2023-10-30T22:23:33.931+0000][10378.311s][debug][safepoint     ] Safepoint synchronization initiated. (185 threads)
[2023-10-30T22:23:33.932+0000][10378.312s][info ][safepoint     ] Application time: 1.0007182 seconds
[2023-10-30T22:23:33.932+0000][10378.312s][info ][safepoint     ] Entering safepoint region: Cleanup
[2023-10-30T22:23:33.933+0000][10378.313s][info ][safepoint     ] Leaving safepoint region
[2023-10-30T22:23:33.933+0000][10378.313s][info ][safepoint     ] Total time for which application threads were stopped: 0.0011753 seconds, Stopping threads took: 0.0005546 seconds
[2023-10-30T22:23:34.934+0000][10379.314s][debug][safepoint     ] Safepoint synchronization initiated. (185 threads)
[2023-10-30T22:23:34.935+0000][10379.315s][info ][safepoint     ] Application time: 1.0013322 seconds
[2023-10-30T22:23:34.936+0000][10379.316s][info ][safepoint     ] Entering safepoint region: Cleanup
[2023-10-30T22:23:34.937+0000][10379.317s][info ][safepoint     ] Leaving safepoint region
[2023-10-30T22:23:34.938+0000][10379.318s][info ][safepoint     ] Total time for which application threads were stopped: 0.0021337 seconds, Stopping threads took: 0.0009670 seconds
[2023-10-30T22:23:35.939+0000][10380.319s][debug][safepoint     ] Safepoint synchronization initiated. (185 threads)
[2023-10-30T22:23:35.940+0000][10380.320s][info ][safepoint     ] Application time: 1.0012747 seconds
[2023-10-30T22:23:35.941+0000][10380.321s][info ][safepoint     ] Entering safepoint region: Cleanup
[2023-10-30T22:23:35.943+0000][10380.323s][info ][safepoint     ] Leaving safepoint region
[2023-10-30T22:23:35.943+0000][10380.324s][info ][safepoint     ] Total time for which application threads were stopped: 0.0021878 seconds, Stopping threads took: 0.0010829 seconds
[2023-10-30T22:23:36.945+0000][10381.325s][debug][safepoint     ] Safepoint synchronization initiated. (185 threads)
[2023-10-30T22:23:36.945+0000][10381.325s][info ][safepoint     ] Application time: 1.0006448 seconds
[2023-10-30T22:23:36.946+0000][10381.326s][info ][safepoint     ] Entering safepoint region: Cleanup
[2023-10-30T22:23:36.946+0000][10381.326s][info ][safepoint     ] Leaving safepoint region
[2023-10-30T22:23:36.947+0000][10381.327s][info ][safepoint     ] Total time for which application threads were stopped: 0.0010594 seconds, Stopping threads took: 0.0004676 seconds
[2023-10-30T22:23:37.947+0000][10382.328s][debug][safepoint     ] Safepoint synchronization initiated. (185 threads)
[2023-10-30T22:23:37.949+0000][10382.329s][info ][safepoint     ] Application time: 1.0014430 seconds
[2023-10-30T22:23:37.950+0000][10382.330s][info ][safepoint     ] Entering safepoint region: Cleanup
[2023-10-30T22:23:37.951+0000][10382.331s][info ][safepoint     ] Leaving safepoint region
[2023-10-30T22:23:37.952+0000][10382.332s][info ][safepoint     ] Total time for which application threads were stopped: 0.0020690 seconds, Stopping threads took: 0.0009276 seconds
[2023-10-30T22:23:38.952+0000][10383.333s][debug][safepoint     ] Safepoint synchronization initiated. (185 threads)
[2023-10-30T22:23:38.953+0000][10383.334s][info ][safepoint     ] Application time: 1.0011786 seconds
[2023-10-30T22:23:38.954+0000][10383.334s][info ][safepoint     ] Entering safepoint region: Cleanup
[2023-10-30T22:23:38.955+0000][10383.335s][info ][safepoint     ] Leaving safepoint region
[2023-10-30T22:23:38.955+0000][10383.335s][info ][safepoint     ] Total time for which application threads were stopped: 0.0013319 seconds, Stopping threads took: 0.0005671 seconds
[2023-10-30T22:23:39.956+0000][10384.336s][debug][safepoint     ] Safepoint synchronization initiated. (185 threads)
[2023-10-30T22:23:39.957+0000][10384.337s][info ][safepoint     ] Application time: 1.0008324 seconds
[2023-10-30T22:23:39.957+0000][10384.337s][info ][safepoint     ] Entering safepoint region: Cleanup
[2023-10-30T22:23:39.958+0000][10384.338s][info ][safepoint     ] Leaving safepoint region
[2023-10-30T22:23:39.958+0000][10384.339s][info ][safepoint     ] Total time for which application threads were stopped: 0.0013243 seconds, Stopping threads took: 0.0005881 seconds
[2023-10-30T22:23:39.958+0000][10384.338s][debug][safepoint     ] ... found polling page return exception at pc = 0x00007f3160b83dc4, stub =0x00007f3158840600
[2023-10-30T22:23:39.958+0000][10384.338s][debug][safepoint     ] ... found polling page return exception at pc = 0x00007f3160b83dc4, stub =0x00007f3158840600
[2023-10-30T22:23:39.958+0000][10384.338s][debug][safepoint     ] ... found polling page return exception at pc = 0x00007f3160b83dc4, stub =0x00007f3158840600
[2023-10-30T22:23:39.958+0000][10384.338s][debug][safepoint     ] ... found polling page return exception at pc = 0x00007f3160b83dc4, stub =0x00007f3158840600
[2023-10-30T22:23:39.958+0000][10384.338s][debug][safepoint     ] ... found polling page return exception at pc = 0x00007f3160b83dc4, stub =0x00007f3158840600
[2023-10-30T22:23:39.958+0000][10384.338s][debug][safepoint     ] ... found polling page return exception at pc = 0x00007f3160b83dc4, stub =0x00007f3158840600
[2023-10-30T22:23:40.959+0000][10385.339s][debug][safepoint     ] Safepoint synchronization initiated. (185 threads)
[2023-10-30T22:23:40.960+0000][10385.340s][info ][safepoint     ] Application time: 1.0011107 seconds
[2023-10-30T22:23:40.961+0000][10385.341s][info ][safepoint     ] Entering safepoint region: Cleanup
[2023-10-30T22:23:40.962+0000][10385.342s][info ][safepoint     ] Leaving safepoint region
[2023-10-30T22:23:40.963+0000][10385.343s][info ][safepoint     ] Total time for which application threads were stopped: 0.0020399 seconds, Stopping threads took: 0.0008575 seconds
[2023-10-30T22:23:41.964+0000][10386.344s][debug][safepoint     ] Safepoint synchronization initiated. (185 threads)
[2023-10-30T22:23:41.965+0000][10386.345s][info ][safepoint     ] Application time: 1.0009178 seconds
[2023-10-30T22:23:41.965+0000][10386.345s][info ][safepoint     ] Entering safepoint region: Cleanup
[2023-10-30T22:23:41.966+0000][10386.346s][info ][safepoint     ] Leaving safepoint region
[2023-10-30T22:23:41.966+0000][10386.347s][info ][safepoint     ] Total time for which application threads were stopped: 0.0013307 seconds, Stopping threads took: 0.0004680 seconds
[2023-10-30T22:23:42.967+0000][10387.347s][debug][safepoint     ] Safepoint synchronization initiated. (185 threads)
[2023-10-30T22:23:42.968+0000][10387.348s][info ][safepoint     ] Application time: 1.0010978 seconds
[2023-10-30T22:23:42.969+0000][10387.349s][info ][safepoint     ] Entering safepoint region: Cleanup
[2023-10-30T22:23:42.970+0000][10387.350s][info ][safepoint     ] Leaving safepoint region
[2023-10-30T22:23:42.970+0000][10387.350s][info ][safepoint     ] Total time for which application threads were stopped: 0.0015565 seconds, Stopping threads took: 0.0006592 seconds
[2023-10-30T22:23:43.971+0000][10388.351s][debug][safepoint     ] Safepoint synchronization initiated. (185 threads)
[2023-10-30T22:23:43.972+0000][10388.352s][info ][safepoint     ] Application time: 1.0005663 seconds
[2023-10-30T22:23:43.972+0000][10388.352s][info ][safepoint     ] Entering safepoint region: Cleanup
[2023-10-30T22:23:43.972+0000][10388.353s][info ][safepoint     ] Leaving safepoint region
[2023-10-30T22:23:43.973+0000][10388.353s][info ][safepoint     ] Total time for which application threads were stopped: 0.0008727 seconds, Stopping threads took: 0.0003403 seconds
[2023-10-30T22:23:44.973+0000][10389.354s][debug][safepoint     ] Safepoint synchronization initiated. (185 threads)
[2023-10-30T22:23:44.974+0000][10389.354s][info ][safepoint     ] Application time: 1.0010952 seconds
[2023-10-30T22:23:44.975+0000][10389.355s][info ][safepoint     ] Entering safepoint region: Cleanup
[2023-10-30T22:23:44.975+0000][10389.356s][info ][safepoint     ] Leaving safepoint region
[2023-10-30T22:23:44.976+0000][10389.356s][info ][safepoint     ] Total time for which application threads were stopped: 0.0011568 seconds, Stopping threads took: 0.0004960 seconds
[2023-10-30T22:23:45.977+0000][10390.357s][debug][safepoint     ] Safepoint synchronization initiated. (185 threads)
[2023-10-30T22:23:45.978+0000][10390.358s][info ][safepoint     ] Application time: 1.0013890 seconds
[2023-10-30T22:23:45.979+0000][10390.359s][info ][safepoint     ] Entering safepoint region: Cleanup
[2023-10-30T22:23:45.980+0000][10390.360s][info ][safepoint     ] Leaving safepoint region
[2023-10-30T22:23:45.981+0000][10390.361s][info ][safepoint     ] Total time for which application threads were stopped: 0.0021270 seconds, Stopping threads took: 0.0008730 seconds
[2023-10-30T22:23:46.982+0000][10391.362s][debug][safepoint     ] Safepoint synchronization initiated. (185 threads)
[2023-10-30T22:23:46.982+0000][10391.362s][info ][safepoint     ] Application time: 1.0009469 seconds
[2023-10-30T22:23:46.983+0000][10391.363s][info ][safepoint     ] Entering safepoint region: Cleanup
[2023-10-30T22:23:46.984+0000][10391.364s][info ][safepoint     ] Leaving safepoint region
[2023-10-30T22:23:46.984+0000][10391.364s][info ][safepoint     ] Total time for which application threads were stopped: 0.0013751 seconds, Stopping threads took: 0.0006159 seconds
[2023-10-30T22:23:47.985+0000][10392.365s][debug][safepoint     ] Safepoint synchronization initiated. (185 threads)
[2023-10-30T22:23:47.986+0000][10392.366s][info ][safepoint     ] Application time: 1.0014373 seconds
[2023-10-30T22:23:47.987+0000][10392.367s][info ][safepoint     ] Entering safepoint region: Cleanup
[2023-10-30T22:23:47.989+0000][10392.369s][debug][safepoint     ] ... found polling page return exception at pc = 0x00007f3160b83dc4, stub =0x00007f3158840600
[2023-10-30T22:23:47.989+0000][10392.369s][debug][safepoint     ] ... found polling page return exception at pc = 0x00007f3160b83dc4, stub =0x00007f3158840600
[2023-10-30T22:23:47.989+0000][10392.369s][debug][safepoint     ] ... found polling page return exception at pc = 0x00007f3160b83dc4, stub =0x00007f3158840600
[2023-10-30T22:23:47.989+0000][10392.369s][debug][safepoint     ] ... found polling page return exception at pc = 0x00007f3160b83dc4, stub =0x00007f3158840600
[2023-10-30T22:23:47.989+0000][10392.369s][info ][safepoint     ] Leaving safepoint region
[2023-10-30T22:23:47.992+0000][10392.372s][info ][safepoint     ] Total time for which application threads were stopped: 0.0049719 seconds, Stopping threads took: 0.0008191 seconds
[2023-10-30T22:23:48.993+0000][10393.373s][debug][safepoint     ] Safepoint synchronization initiated. (185 threads)
[2023-10-30T22:23:48.994+0000][10393.374s][info ][safepoint     ] Application time: 1.0011861 seconds
[2023-10-30T22:23:48.995+0000][10393.375s][info ][safepoint     ] Entering safepoint region: Cleanup
[2023-10-30T22:23:48.996+0000][10393.376s][info ][safepoint     ] Leaving safepoint region
[2023-10-30T22:23:48.997+0000][10393.377s][info ][safepoint     ] Total time for which application threads were stopped: 0.0018394 seconds, Stopping threads took: 0.0008569 seconds
[2023-10-30T22:23:49.997+0000][10394.378s][debug][safepoint     ] Safepoint synchronization initiated. (185 threads)
[2023-10-30T22:23:49.998+0000][10394.378s][info ][safepoint     ] Application time: 1.0008919 seconds
[2023-10-30T22:23:49.999+0000][10394.379s][info ][safepoint     ] Entering safepoint region: Cleanup
[2023-10-30T22:23:49.999+0000][10394.380s][info ][safepoint     ] Leaving safepoint region
[2023-10-30T22:23:50.000+0000][10394.380s][info ][safepoint     ] Total time for which application threads were stopped: 0.0011612 seconds, Stopping threads took: 0.0004752 seconds
[2023-10-30T22:23:51.001+0000][10395.381s][debug][safepoint     ] Safepoint synchronization initiated. (185 threads)
[2023-10-30T22:23:51.002+0000][10395.382s][info ][safepoint     ] Application time: 1.0014575 seconds
[2023-10-30T22:23:51.003+0000][10395.383s][info ][safepoint     ] Entering safepoint region: Cleanup
[2023-10-30T22:23:51.004+0000][10395.384s][info ][safepoint     ] Leaving safepoint region
[2023-10-30T22:23:51.004+0000][10395.384s][info ][safepoint     ] Total time for which application threads were stopped: 0.0017427 seconds, Stopping threads took: 0.0007688 seconds
[2023-10-30T22:23:52.005+0000][10396.385s][debug][safepoint     ] Safepoint synchronization initiated. (185 threads)
[2023-10-30T22:23:52.005+0000][10396.386s][info ][safepoint     ] Application time: 1.0005048 seconds
[2023-10-30T22:23:52.006+0000][10396.386s][info ][safepoint     ] Entering safepoint region: Cleanup
[2023-10-30T22:23:52.006+0000][10396.386s][info ][safepoint     ] Leaving safepoint region
[2023-10-30T22:23:52.006+0000][10396.387s][info ][safepoint     ] Total time for which application threads were stopped: 0.0007170 seconds, Stopping threads took: 0.0003005 seconds
[2023-10-30T22:23:53.007+0000][10397.387s][debug][safepoint     ] Safepoint synchronization initiated. (185 threads)
[2023-10-30T22:23:53.007+0000][10397.388s][info ][safepoint     ] Application time: 1.0005776 seconds
[2023-10-30T22:23:53.008+0000][10397.388s][info ][safepoint     ] Entering safepoint region: Cleanup
[2023-10-30T22:23:53.008+0000][10397.388s][info ][safepoint     ] Leaving safepoint region
[2023-10-30T22:23:53.009+0000][10397.389s][info ][safepoint     ] Total time for which application threads were stopped: 0.0008347 seconds, Stopping threads took: 0.0003304 seconds
[2023-10-30T22:23:54.009+0000][10398.389s][debug][safepoint     ] Safepoint synchronization initiated. (185 threads)
[2023-10-30T22:23:54.009+0000][10398.390s][info ][safepoint     ] Application time: 1.0005755 seconds
[2023-10-30T22:23:54.010+0000][10398.390s][info ][safepoint     ] Entering safepoint region: Cleanup
[2023-10-30T22:23:54.010+0000][10398.391s][info ][safepoint     ] Leaving safepoint region
[2023-10-30T22:23:54.011+0000][10398.391s][info ][safepoint     ] Total time for which application threads were stopped: 0.0009873 seconds, Stopping threads took: 0.0004618 seconds
[2023-10-30T22:23:55.011+0000][10399.391s][debug][safepoint     ] Safepoint synchronization initiated. (185 threads)
[2023-10-30T22:23:55.012+0000][10399.392s][info ][safepoint     ] Application time: 1.0010408 seconds
[2023-10-30T22:23:55.013+0000][10399.393s][info ][safepoint     ] Entering safepoint region: Cleanup
[2023-10-30T22:23:55.014+0000][10399.394s][info ][safepoint     ] Leaving safepoint region
[2023-10-30T22:23:55.014+0000][10399.395s][info ][safepoint     ] Total time for which application threads were stopped: 0.0015480 seconds, Stopping threads took: 0.0006766 seconds
[2023-10-30T22:23:56.015+0000][10400.396s][debug][safepoint     ] Safepoint synchronization initiated. (185 threads)
[2023-10-30T22:23:56.016+0000][10400.397s][info ][safepoint     ] Application time: 1.0013843 seconds
[2023-10-30T22:23:56.017+0000][10400.398s][info ][safepoint     ] Entering safepoint region: Cleanup
[2023-10-30T22:23:56.018+0000][10400.399s][info ][safepoint     ] Leaving safepoint region
[2023-10-30T22:23:56.019+0000][10400.399s][info ][safepoint     ] Total time for which application threads were stopped: 0.0017580 seconds, Stopping threads took: 0.0007077 seconds
[2023-10-30T22:23:57.020+0000][10401.400s][debug][safepoint     ] Safepoint synchronization initiated. (185 threads)
[2023-10-30T22:23:57.021+0000][10401.401s][info ][safepoint     ] Application time: 1.0014166 seconds
[2023-10-30T22:23:57.022+0000][10401.402s][info ][safepoint     ] Entering safepoint region: Cleanup
[2023-10-30T22:23:57.023+0000][10401.404s][info ][safepoint     ] Leaving safepoint region
[2023-10-30T22:23:57.024+0000][10401.404s][info ][safepoint     ] Total time for which application threads were stopped: 0.0021291 seconds, Stopping threads took: 0.0009419 seconds
[2023-10-30T22:23:58.025+0000][10402.405s][debug][safepoint     ] Safepoint synchronization initiated. (185 threads)
[2023-10-30T22:23:58.026+0000][10402.406s][info ][safepoint     ] Application time: 1.0010605 seconds
[2023-10-30T22:23:58.027+0000][10402.407s][debug][safepoint     ] Waiting for 1 thread(s) to block
[2023-10-30T22:23:58.028+0000][10402.408s][info ][safepoint     ] Entering safepoint region: Cleanup
[2023-10-30T22:23:58.029+0000][10402.409s][info ][safepoint     ] Leaving safepoint region
[2023-10-30T22:23:58.029+0000][10402.409s][info ][safepoint     ] Total time for which application threads were stopped: 0.0025592 seconds, Stopping threads took: 0.0016964 seconds
[2023-10-30T22:23:59.030+0000][10403.410s][debug][safepoint     ] Safepoint synchronization initiated. (185 threads)
[2023-10-30T22:23:59.031+0000][10403.411s][info ][safepoint     ] Application time: 1.0012701 seconds
[2023-10-30T22:23:59.032+0000][10403.412s][info ][safepoint     ] Entering safepoint region: Cleanup
[2023-10-30T22:23:59.033+0000][10403.413s][info ][safepoint     ] Leaving safepoint region
[2023-10-30T22:23:59.033+0000][10403.414s][info ][safepoint     ] Total time for which application threads were stopped: 0.0016280 seconds, Stopping threads took: 0.0007360 seconds
[2023-10-30T22:24:00.034+0000][10404.414s][debug][safepoint     ] Safepoint synchronization initiated. (185 threads)
[2023-10-30T22:24:00.035+0000][10404.415s][info ][safepoint     ] Application time: 1.0008391 seconds
[2023-10-30T22:24:00.035+0000][10404.416s][info ][safepoint     ] Entering safepoint region: Cleanup
[2023-10-30T22:24:00.036+0000][10404.416s][info ][safepoint     ] Leaving safepoint region
[2023-10-30T22:24:00.037+0000][10404.417s][info ][safepoint     ] Total time for which application threads were stopped: 0.0011922 seconds, Stopping threads took: 0.0005243 seconds
[2023-10-30T22:24:01.037+0000][10405.417s][debug][safepoint     ] Safepoint synchronization initiated. (185 threads)
[2023-10-30T22:24:01.038+0000][10405.418s][info ][safepoint     ] Application time: 1.0007330 seconds
[2023-10-30T22:24:01.038+0000][10405.418s][info ][safepoint     ] Entering safepoint region: Cleanup
[2023-10-30T22:24:01.039+0000][10405.419s][info ][safepoint     ] Leaving safepoint region
[2023-10-30T22:24:01.039+0000][10405.420s][info ][safepoint     ] Total time for which application threads were stopped: 0.0012823 seconds, Stopping threads took: 0.0005784 seconds
[2023-10-30T22:24:02.040+0000][10406.420s][debug][safepoint     ] Safepoint synchronization initiated. (185 threads)
[2023-10-30T22:24:02.041+0000][10406.421s][info ][safepoint     ] Application time: 1.0009839 seconds
[2023-10-30T22:24:02.042+0000][10406.422s][info ][safepoint     ] Entering safepoint region: Cleanup
[2023-10-30T22:24:02.042+0000][10406.423s][info ][safepoint     ] Leaving safepoint region
[2023-10-30T22:24:02.043+0000][10406.423s][info ][safepoint     ] Total time for which application threads were stopped: 0.0012329 seconds, Stopping threads took: 0.0005592 seconds
[2023-10-30T22:24:03.043+0000][10407.424s][debug][safepoint     ] Safepoint synchronization initiated. (185 threads)
[2023-10-30T22:24:03.044+0000][10407.424s][info ][safepoint     ] Application time: 1.0009674 seconds
[2023-10-30T22:24:03.045+0000][10407.425s][info ][safepoint     ] Entering safepoint region: Cleanup
[2023-10-30T22:24:03.046+0000][10407.426s][info ][safepoint     ] Leaving safepoint region
[2023-10-30T22:24:03.046+0000][10407.427s][info ][safepoint     ] Total time for which application threads were stopped: 0.0015082 seconds, Stopping threads took: 0.0007094 seconds
[2023-10-30T22:24:04.047+0000][10408.427s][debug][safepoint     ] Safepoint synchronization initiated. (185 threads)
[2023-10-30T22:24:04.048+0000][10408.428s][info ][safepoint     ] Application time: 1.0007426 seconds
[2023-10-30T22:24:04.048+0000][10408.428s][info ][safepoint     ] Entering safepoint region: Cleanup
[2023-10-30T22:24:04.049+0000][10408.429s][info ][safepoint     ] Leaving safepoint region
[2023-10-30T22:24:04.049+0000][10408.430s][info ][safepoint     ] Total time for which application threads were stopped: 0.0011946 seconds, Stopping threads took: 0.0005159 seconds
[2023-10-30T22:24:05.050+0000][10409.430s][debug][safepoint     ] Safepoint synchronization initiated. (185 threads)
[2023-10-30T22:24:05.051+0000][10409.431s][info ][safepoint     ] Application time: 1.0010711 seconds
[2023-10-30T22:24:05.051+0000][10409.432s][info ][safepoint     ] Entering safepoint region: Cleanup
[2023-10-30T22:24:05.052+0000][10409.433s][info ][safepoint     ] Leaving safepoint region
[2023-10-30T22:24:05.053+0000][10409.433s][info ][safepoint     ] Total time for which application threads were stopped: 0.0015752 seconds, Stopping threads took: 0.0006478 seconds
[2023-10-30T22:24:06.054+0000][10410.434s][debug][safepoint     ] Safepoint synchronization initiated. (185 threads)
[2023-10-30T22:24:06.055+0000][10410.435s][info ][safepoint     ] Application time: 1.0011512 seconds
[2023-10-30T22:24:06.056+0000][10410.436s][info ][safepoint     ] Entering safepoint region: Cleanup
[2023-10-30T22:24:06.057+0000][10410.437s][info ][safepoint     ] Leaving safepoint region
[2023-10-30T22:24:06.057+0000][10410.438s][info ][safepoint     ] Total time for which application threads were stopped: 0.0017736 seconds, Stopping threads took: 0.0007810 seconds
[2023-10-30T22:24:07.058+0000][10411.438s][debug][safepoint     ] Safepoint synchronization initiated. (185 threads)
[2023-10-30T22:24:07.059+0000][10411.439s][info ][safepoint     ] Application time: 1.0012239 seconds
[2023-10-30T22:24:07.060+0000][10411.440s][info ][safepoint     ] Entering safepoint region: Cleanup
[2023-10-30T22:24:07.061+0000][10411.441s][info ][safepoint     ] Leaving safepoint region
[2023-10-30T22:24:07.061+0000][10411.442s][info ][safepoint     ] Total time for which application threads were stopped: 0.0014689 seconds, Stopping threads took: 0.0007085 seconds
[2023-10-30T22:24:08.062+0000][10412.442s][debug][safepoint     ] Safepoint synchronization initiated. (185 threads)
[2023-10-30T22:24:08.063+0000][10412.443s][info ][safepoint     ] Application time: 1.0012873 seconds
[2023-10-30T22:24:08.064+0000][10412.444s][info ][safepoint     ] Entering safepoint region: Cleanup
[2023-10-30T22:24:08.065+0000][10412.445s][info ][safepoint     ] Leaving safepoint region
[2023-10-30T22:24:08.066+0000][10412.446s][info ][safepoint     ] Total time for which application threads were stopped: 0.0017524 seconds, Stopping threads took: 0.0007666 seconds
[2023-10-30T22:24:09.066+0000][10413.447s][debug][safepoint     ] Safepoint synchronization initiated. (185 threads)
[2023-10-30T22:24:09.067+0000][10413.448s][info ][safepoint     ] Application time: 1.0011261 seconds
[2023-10-30T22:24:09.068+0000][10413.448s][info ][safepoint     ] Entering safepoint region: Cleanup
[2023-10-30T22:24:09.069+0000][10413.450s][info ][safepoint     ] Leaving safepoint region
[2023-10-30T22:24:09.070+0000][10413.450s][info ][safepoint     ] Total time for which application threads were stopped: 0.0019232 seconds, Stopping threads took: 0.0008866 seconds
[2023-10-30T22:24:10.071+0000][10414.451s][debug][safepoint     ] Safepoint synchronization initiated. (184 threads)
[2023-10-30T22:24:10.072+0000][10414.452s][info ][safepoint     ] Application time: 1.0010150 seconds
[2023-10-30T22:24:10.072+0000][10414.453s][info ][safepoint     ] Entering safepoint region: Cleanup
[2023-10-30T22:24:10.073+0000][10414.454s][info ][safepoint     ] Leaving safepoint region
[2023-10-30T22:24:10.074+0000][10414.454s][info ][safepoint     ] Total time for which application threads were stopped: 0.0015484 seconds, Stopping threads took: 0.0007224 seconds
[2023-10-30T22:24:11.075+0000][10415.455s][debug][safepoint     ] Safepoint synchronization initiated. (184 threads)
[2023-10-30T22:24:11.075+0000][10415.456s][info ][safepoint     ] Application time: 1.0008944 seconds
[2023-10-30T22:24:11.076+0000][10415.456s][info ][safepoint     ] Entering safepoint region: Cleanup
[2023-10-30T22:24:11.077+0000][10415.457s][info ][safepoint     ] Leaving safepoint region
[2023-10-30T22:24:11.078+0000][10415.458s][info ][safepoint     ] Total time for which application threads were stopped: 0.0016558 seconds, Stopping threads took: 0.0007051 seconds
[2023-10-30T22:24:12.078+0000][10416.459s][debug][safepoint     ] Safepoint synchronization initiated. (184 threads)
[2023-10-30T22:24:12.079+0000][10416.459s][info ][safepoint     ] Application time: 1.0008074 seconds
[2023-10-30T22:24:12.080+0000][10416.460s][info ][safepoint     ] Entering safepoint region: Cleanup
[2023-10-30T22:24:12.080+0000][10416.461s][info ][safepoint     ] Leaving safepoint region
[2023-10-30T22:24:12.081+0000][10416.461s][info ][safepoint     ] Total time for which application threads were stopped: 0.0014584 seconds, Stopping threads took: 0.0005915 seconds
[2023-10-30T22:24:13.082+0000][10417.462s][debug][safepoint     ] Safepoint synchronization initiated. (184 threads)
[2023-10-30T22:24:13.082+0000][10417.462s][info ][safepoint     ] Application time: 1.0007461 seconds
[2023-10-30T22:24:13.083+0000][10417.463s][info ][safepoint     ] Entering safepoint region: Cleanup
[2023-10-30T22:24:13.083+0000][10417.464s][info ][safepoint     ] Leaving safepoint region
[2023-10-30T22:24:13.084+0000][10417.464s][info ][safepoint     ] Total time for which application threads were stopped: 0.0010910 seconds, Stopping threads took: 0.0005204 seconds
[2023-10-30T22:24:14.085+0000][10418.465s][debug][safepoint     ] Safepoint synchronization initiated. (184 threads)
[2023-10-30T22:24:14.086+0000][10418.466s][info ][safepoint     ] Application time: 1.0014916 seconds
[2023-10-30T22:24:14.086+0000][10418.466s][info ][safepoint     ] Entering safepoint region: Cleanup
[2023-10-30T22:24:14.086+0000][10418.467s][info ][safepoint     ] Leaving safepoint region
[2023-10-30T22:24:14.087+0000][10418.467s][info ][safepoint     ] Total time for which application threads were stopped: 0.0009487 seconds, Stopping threads took: 0.0004013 seconds
[2023-10-30T22:24:15.087+0000][10419.468s][debug][safepoint     ] Safepoint synchronization initiated. (184 threads)
[2023-10-30T22:24:15.088+0000][10419.468s][info ][safepoint     ] Application time: 1.0005493 seconds
[2023-10-30T22:24:15.088+0000][10419.468s][info ][safepoint     ] Entering safepoint region: Cleanup
[2023-10-30T22:24:15.089+0000][10419.469s][info ][safepoint     ] Leaving safepoint region
[2023-10-30T22:24:15.089+0000][10419.469s][info ][safepoint     ] Total time for which application threads were stopped: 0.0011765 seconds, Stopping threads took: 0.0006201 seconds
[2023-10-30T22:24:16.090+0000][10420.470s][debug][safepoint     ] Safepoint synchronization initiated. (184 threads)
[2023-10-30T22:24:16.090+0000][10420.471s][info ][safepoint     ] Application time: 1.0008776 seconds
[2023-10-30T22:24:16.091+0000][10420.471s][info ][safepoint     ] Entering safepoint region: Cleanup
[2023-10-30T22:24:16.092+0000][10420.472s][info ][safepoint     ] Leaving safepoint region
[2023-10-30T22:24:16.092+0000][10420.472s][info ][safepoint     ] Total time for which application threads were stopped: 0.0010216 seconds, Stopping threads took: 0.0003793 seconds
[2023-10-30T22:24:17.092+0000][10421.473s][debug][safepoint     ] Safepoint synchronization initiated. (184 threads)
[2023-10-30T22:24:17.093+0000][10421.473s][info ][safepoint     ] Application time: 1.0007057 seconds
[2023-10-30T22:24:17.093+0000][10421.474s][info ][safepoint     ] Entering safepoint region: Cleanup
[2023-10-30T22:24:17.094+0000][10421.474s][info ][safepoint     ] Leaving safepoint region
[2023-10-30T22:24:17.094+0000][10421.475s][info ][safepoint     ] Total time for which application threads were stopped: 0.0010939 seconds, Stopping threads took: 0.0005096 seconds
[2023-10-30T22:24:18.095+0000][10422.475s][debug][safepoint     ] Safepoint synchronization initiated. (184 threads)
[2023-10-30T22:24:18.096+0000][10422.476s][info ][safepoint     ] Application time: 1.0007350 seconds
[2023-10-30T22:24:18.096+0000][10422.476s][info ][safepoint     ] Entering safepoint region: Cleanup
[2023-10-30T22:24:18.097+0000][10422.477s][info ][safepoint     ] Leaving safepoint region
[2023-10-30T22:24:18.097+0000][10422.478s][info ][safepoint     ] Total time for which application threads were stopped: 0.0012997 seconds, Stopping threads took: 0.0005899 seconds
[2023-10-30T22:24:19.098+0000][10423.478s][debug][safepoint     ] Safepoint synchronization initiated. (184 threads)
[2023-10-30T22:24:19.099+0000][10423.479s][info ][safepoint     ] Application time: 1.0008385 seconds
[2023-10-30T22:24:19.099+0000][10423.479s][info ][safepoint     ] Entering safepoint region: Cleanup
[2023-10-30T22:24:19.100+0000][10423.480s][info ][safepoint     ] Leaving safepoint region
[2023-10-30T22:24:19.100+0000][10423.481s][info ][safepoint     ] Total time for which application threads were stopped: 0.0012363 seconds, Stopping threads took: 0.0004994 seconds
[2023-10-30T22:24:20.101+0000][10424.481s][debug][safepoint     ] Safepoint synchronization initiated. (184 threads)
[2023-10-30T22:24:20.102+0000][10424.482s][info ][safepoint     ] Application time: 1.0007842 seconds
[2023-10-30T22:24:20.102+0000][10424.482s][info ][safepoint     ] Entering safepoint region: Cleanup
[2023-10-30T22:24:20.103+0000][10424.483s][info ][safepoint     ] Leaving safepoint region
[2023-10-30T22:24:20.103+0000][10424.484s][info ][safepoint     ] Total time for which application threads were stopped: 0.0013187 seconds, Stopping threads took: 0.0006373 seconds
[2023-10-30T22:24:21.104+0000][10425.484s][debug][safepoint     ] Safepoint synchronization initiated. (184 threads)
[2023-10-30T22:24:21.105+0000][10425.485s][info ][safepoint     ] Application time: 1.0008250 seconds
[2023-10-30T22:24:21.105+0000][10425.486s][info ][safepoint     ] Entering safepoint region: Cleanup
[2023-10-30T22:24:21.106+0000][10425.486s][info ][safepoint     ] Leaving safepoint region
[2023-10-30T22:24:21.106+0000][10425.487s][info ][safepoint     ] Total time for which application threads were stopped: 0.0010750 seconds, Stopping threads took: 0.0004230 seconds
[2023-10-30T22:24:22.107+0000][10426.487s][debug][safepoint     ] Safepoint synchronization initiated. (184 threads)
[2023-10-30T22:24:22.108+0000][10426.488s][info ][safepoint     ] Application time: 1.0011554 seconds
[2023-10-30T22:24:22.108+0000][10426.489s][info ][safepoint     ] Entering safepoint region: Cleanup
[2023-10-30T22:24:22.109+0000][10426.489s][info ][safepoint     ] Leaving safepoint region
[2023-10-30T22:24:22.110+0000][10426.490s][info ][safepoint     ] Total time for which application threads were stopped: 0.0011452 seconds, Stopping threads took: 0.0005110 seconds
[2023-10-30T22:24:23.110+0000][10427.491s][debug][safepoint     ] Safepoint synchronization initiated. (184 threads)
[2023-10-30T22:24:23.111+0000][10427.491s][info ][safepoint     ] Application time: 1.0010166 seconds
[2023-10-30T22:24:23.112+0000][10427.492s][info ][safepoint     ] Entering safepoint region: Cleanup
[2023-10-30T22:24:23.112+0000][10427.493s][info ][safepoint     ] Leaving safepoint region
[2023-10-30T22:24:23.113+0000][10427.493s][info ][safepoint     ] Total time for which application threads were stopped: 0.0012063 seconds, Stopping threads took: 0.0005196 seconds
[2023-10-30T22:24:23.579+0000][10427.959s][debug][safepoint     ] Safepoint synchronization initiated. (184 threads)
[2023-10-30T22:24:23.580+0000][10427.960s][info ][safepoint     ] Application time: 0.4667371 seconds
[2023-10-30T22:24:23.581+0000][10427.961s][info ][safepoint     ] Entering safepoint region: G1CollectForAllocation
[2023-10-30T22:24:23.582+0000][10427.963s][info ][gc,start      ] GC(120) Pause Young (Prepare Mixed) (G1 Evacuation Pause)
[2023-10-30T22:24:23.583+0000][10427.964s][info ][gc,task       ] GC(120) Using 8 workers of 8 for evacuation
[2023-10-30T22:24:23.595+0000][10427.976s][info ][gc,phases     ] GC(120)   Pre Evacuate Collection Set: 0.1ms
[2023-10-30T22:24:23.596+0000][10427.976s][info ][gc,phases     ] GC(120)   Evacuate Collection Set: 8.3ms
[2023-10-30T22:24:23.596+0000][10427.977s][info ][gc,phases     ] GC(120)   Post Evacuate Collection Set: 2.3ms
[2023-10-30T22:24:23.597+0000][10427.977s][info ][gc,phases     ] GC(120)   Other: 2.0ms
[2023-10-30T22:24:23.597+0000][10427.978s][info ][gc,heap       ] GC(120) Eden regions: 160->0(14)
[2023-10-30T22:24:23.598+0000][10427.978s][info ][gc,heap       ] GC(120) Survivor regions: 3->4(21)
[2023-10-30T22:24:23.598+0000][10427.979s][info ][gc,heap       ] GC(120) Old regions: 163->163
[2023-10-30T22:24:23.599+0000][10427.979s][info ][gc,heap       ] GC(120) Humongous regions: 15->15
[2023-10-30T22:24:23.599+0000][10427.979s][info ][gc,metaspace  ] GC(120) Metaspace: 168972K(176468K)->168972K(176468K) NonClass: 149675K(154504K)->149675K(154504K) Class: 19296K(21964K)->19296K(21964K)
[2023-10-30T22:24:23.600+0000][10427.980s][info ][gc            ] GC(120) Pause Young (Prepare Mixed) (G1 Evacuation Pause) 338M->179M(372M) 17.139ms
[2023-10-30T22:24:23.600+0000][10427.980s][info ][gc,cpu        ] GC(120) User=0.07s Sys=0.01s Real=0.01s
[2023-10-30T22:24:23.601+0000][10427.981s][info ][safepoint     ] Leaving safepoint region
[2023-10-30T22:24:23.601+0000][10427.981s][info ][safepoint     ] Total time for which application threads were stopped: 0.0200021 seconds, Stopping threads took: 0.0010475 seconds
[2023-10-30T22:24:23.602+0000][10427.982s][info ][gc,stringdedup] Concurrent String Deduplication (10427.982s)
[2023-10-30T22:24:23.603+0000][10427.983s][info ][gc,stringdedup] Concurrent String Deduplication 63640.0B->26736.0B(36904.0B) avg 54.6% (10427.982s, 10427.983s) 1.161ms
[2023-10-30T22:24:24.602+0000][10428.982s][debug][safepoint     ] Safepoint synchronization initiated. (184 threads)
[2023-10-30T22:24:24.603+0000][10428.983s][info ][safepoint     ] Application time: 1.0012744 seconds
[2023-10-30T22:24:24.604+0000][10428.984s][info ][safepoint     ] Entering safepoint region: Cleanup
[2023-10-30T22:24:24.605+0000][10428.985s][info ][safepoint     ] Leaving safepoint region
[2023-10-30T22:24:24.605+0000][10428.986s][info ][safepoint     ] Total time for which application threads were stopped: 0.0019177 seconds, Stopping threads took: 0.0009708 seconds
[2023-10-30T22:24:25.606+0000][10429.987s][debug][safepoint     ] Safepoint synchronization initiated. (184 threads)
[2023-10-30T22:24:25.607+0000][10429.987s][info ][safepoint     ] Application time: 1.0006960 seconds
[2023-10-30T22:24:25.607+0000][10429.988s][info ][safepoint     ] Entering safepoint region: Cleanup
[2023-10-30T22:24:25.608+0000][10429.988s][info ][safepoint     ] Leaving safepoint region
[2023-10-30T22:24:25.608+0000][10429.989s][info ][safepoint     ] Total time for which application threads were stopped: 0.0011161 seconds, Stopping threads took: 0.0004894 seconds
[2023-10-30T22:24:26.609+0000][10430.989s][debug][safepoint     ] Safepoint synchronization initiated. (184 threads)
[2023-10-30T22:24:26.609+0000][10430.990s][info ][safepoint     ] Application time: 1.0007655 seconds
[2023-10-30T22:24:26.610+0000][10430.990s][info ][safepoint     ] Entering safepoint region: Cleanup
[2023-10-30T22:24:26.611+0000][10430.991s][info ][safepoint     ] Leaving safepoint region
[2023-10-30T22:24:26.611+0000][10430.991s][info ][safepoint     ] Total time for which application threads were stopped: 0.0011324 seconds, Stopping threads took: 0.0004818 seconds
[2023-10-30T22:24:27.612+0000][10431.992s][debug][safepoint     ] Safepoint synchronization initiated. (184 threads)
[2023-10-30T22:24:27.612+0000][10431.993s][info ][safepoint     ] Application time: 1.0008743 seconds
[2023-10-30T22:24:27.613+0000][10431.993s][info ][safepoint     ] Entering safepoint region: Cleanup
[2023-10-30T22:24:27.614+0000][10431.994s][info ][safepoint     ] Leaving safepoint region
[2023-10-30T22:24:27.614+0000][10431.995s][info ][safepoint     ] Total time for which application threads were stopped: 0.0013316 seconds, Stopping threads took: 0.0005931 seconds
[2023-10-30T22:24:28.615+0000][10432.995s][debug][safepoint     ] Safepoint synchronization initiated. (184 threads)
[2023-10-30T22:24:28.616+0000][10432.996s][info ][safepoint     ] Application time: 1.0008158 seconds
[2023-10-30T22:24:28.616+0000][10432.997s][info ][safepoint     ] Entering safepoint region: Cleanup
[2023-10-30T22:24:28.617+0000][10432.997s][info ][safepoint     ] Leaving safepoint region
[2023-10-30T22:24:28.618+0000][10432.998s][info ][safepoint     ] Total time for which application threads were stopped: 0.0016120 seconds, Stopping threads took: 0.0006836 seconds
[2023-10-30T22:24:29.619+0000][10433.999s][debug][safepoint     ] Safepoint synchronization initiated. (184 threads)
[2023-10-30T22:24:29.619+0000][10434.000s][info ][safepoint     ] Application time: 1.0010146 seconds
[2023-10-30T22:24:29.620+0000][10434.000s][info ][safepoint     ] Entering safepoint region: Cleanup
[2023-10-30T22:24:29.621+0000][10434.001s][info ][safepoint     ] Leaving safepoint region
[2023-10-30T22:24:29.621+0000][10434.001s][info ][safepoint     ] Total time for which application threads were stopped: 0.0011915 seconds, Stopping threads took: 0.0005197 seconds
[2023-10-30T22:24:30.622+0000][10435.002s][debug][safepoint     ] Safepoint synchronization initiated. (184 threads)
[2023-10-30T22:24:30.623+0000][10435.003s][info ][safepoint     ] Application time: 1.0012915 seconds
[2023-10-30T22:24:30.624+0000][10435.004s][info ][safepoint     ] Entering safepoint region: Cleanup
[2023-10-30T22:24:30.625+0000][10435.005s][info ][safepoint     ] Leaving safepoint region
[2023-10-30T22:24:30.626+0000][10435.006s][info ][safepoint     ] Total time for which application threads were stopped: 0.0020570 seconds, Stopping threads took: 0.0009435 seconds
[2023-10-30T22:24:31.627+0000][10436.007s][debug][safepoint     ] Safepoint synchronization initiated. (184 threads)
[2023-10-30T22:24:31.628+0000][10436.008s][info ][safepoint     ] Application time: 1.0010928 seconds
[2023-10-30T22:24:31.628+0000][10436.009s][info ][safepoint     ] Entering safepoint region: Cleanup
[2023-10-30T22:24:31.629+0000][10436.009s][info ][safepoint     ] Leaving safepoint region
[2023-10-30T22:24:31.629+0000][10436.010s][info ][safepoint     ] Total time for which application threads were stopped: 0.0012272 seconds, Stopping threads took: 0.0005416 seconds
[2023-10-30T22:24:32.630+0000][10437.011s][debug][safepoint     ] Safepoint synchronization initiated. (184 threads)
[2023-10-30T22:24:32.631+0000][10437.012s][info ][safepoint     ] Application time: 1.0013536 seconds
[2023-10-30T22:24:32.632+0000][10437.013s][info ][safepoint     ] Entering safepoint region: Cleanup
[2023-10-30T22:24:32.633+0000][10437.014s][info ][safepoint     ] Leaving safepoint region
[2023-10-30T22:24:32.634+0000][10437.015s][info ][safepoint     ] Total time for which application threads were stopped: 0.0019641 seconds, Stopping threads took: 0.0008102 seconds
[2023-10-30T22:24:33.635+0000][10438.015s][debug][safepoint     ] Safepoint synchronization initiated. (184 threads)
[2023-10-30T22:24:33.636+0000][10438.016s][info ][safepoint     ] Application time: 1.0012114 seconds
[2023-10-30T22:24:33.637+0000][10438.017s][info ][safepoint     ] Entering safepoint region: Cleanup
[2023-10-30T22:24:33.638+0000][10438.018s][info ][safepoint     ] Leaving safepoint region
[2023-10-30T22:24:33.639+0000][10438.019s][info ][safepoint     ] Total time for which application threads were stopped: 0.0019308 seconds, Stopping threads took: 0.0008648 seconds
[2023-10-30T22:24:34.640+0000][10439.021s][debug][safepoint     ] Safepoint synchronization initiated. (184 threads)
[2023-10-30T22:24:34.641+0000][10439.022s][info ][safepoint     ] Application time: 1.0015151 seconds
[2023-10-30T22:24:34.642+0000][10439.023s][info ][safepoint     ] Entering safepoint region: Cleanup
[2023-10-30T22:24:34.643+0000][10439.024s][info ][safepoint     ] Leaving safepoint region
[2023-10-30T22:24:34.644+0000][10439.024s][info ][safepoint     ] Total time for which application threads were stopped: 0.0019469 seconds, Stopping threads took: 0.0010209 seconds
[2023-10-30T22:24:35.645+0000][10440.025s][debug][safepoint     ] Safepoint synchronization initiated. (184 threads)
[2023-10-30T22:24:35.646+0000][10440.026s][info ][safepoint     ] Application time: 1.0009146 seconds
[2023-10-30T22:24:35.646+0000][10440.027s][info ][safepoint     ] Entering safepoint region: Cleanup
[2023-10-30T22:24:35.647+0000][10440.027s][info ][safepoint     ] Leaving safepoint region
[2023-10-30T22:24:35.647+0000][10440.028s][info ][safepoint     ] Total time for which application threads were stopped: 0.0011773 seconds, Stopping threads took: 0.0005280 seconds
[2023-10-30T22:24:36.648+0000][10441.029s][debug][safepoint     ] Safepoint synchronization initiated. (184 threads)
[2023-10-30T22:24:36.650+0000][10441.030s][info ][safepoint     ] Application time: 1.0019678 seconds
[2023-10-30T22:24:36.651+0000][10441.031s][info ][safepoint     ] Entering safepoint region: Cleanup
[2023-10-30T22:24:36.651+0000][10441.032s][info ][safepoint     ] Leaving safepoint region
[2023-10-30T22:24:36.652+0000][10441.032s][info ][safepoint     ] Total time for which application threads were stopped: 0.0011892 seconds, Stopping threads took: 0.0005848 seconds
[2023-10-30T22:24:37.652+0000][10442.033s][debug][safepoint     ] Safepoint synchronization initiated. (184 threads)
[2023-10-30T22:24:37.653+0000][10442.033s][info ][safepoint     ] Application time: 1.0007710 seconds
[2023-10-30T22:24:37.654+0000][10442.034s][info ][safepoint     ] Entering safepoint region: Cleanup
[2023-10-30T22:24:37.655+0000][10442.036s][info ][safepoint     ] Leaving safepoint region
[2023-10-30T22:24:37.656+0000][10442.037s][info ][safepoint     ] Total time for which application threads were stopped: 0.0025848 seconds, Stopping threads took: 0.0009006 seconds
[2023-10-30T22:24:38.029+0000][10442.410s][debug][safepoint     ] Safepoint synchronization initiated. (184 threads)
[2023-10-30T22:24:38.030+0000][10442.410s][info ][safepoint     ] Application time: 0.3733840 seconds
[2023-10-30T22:24:38.031+0000][10442.411s][info ][safepoint     ] Entering safepoint region: G1CollectForAllocation
[2023-10-30T22:24:38.032+0000][10442.412s][info ][gc,start      ] GC(121) Pause Young (Mixed) (G1 Evacuation Pause)
[2023-10-30T22:24:38.032+0000][10442.413s][info ][gc,task       ] GC(121) Using 8 workers of 8 for evacuation
[2023-10-30T22:24:38.137+0000][10442.518s][info ][gc,phases     ] GC(121)   Pre Evacuate Collection Set: 0.3ms
[2023-10-30T22:24:38.138+0000][10442.518s][info ][gc,phases     ] GC(121)   Evacuate Collection Set: 100.2ms
[2023-10-30T22:24:38.138+0000][10442.519s][info ][gc,phases     ] GC(121)   Post Evacuate Collection Set: 4.0ms
[2023-10-30T22:24:38.139+0000][10442.519s][info ][gc,phases     ] GC(121)   Other: 1.3ms
[2023-10-30T22:24:38.139+0000][10442.520s][info ][gc,heap       ] GC(121) Eden regions: 14->0(16)
[2023-10-30T22:24:38.140+0000][10442.520s][info ][gc,heap       ] GC(121) Survivor regions: 4->2(3)
[2023-10-30T22:24:38.140+0000][10442.521s][info ][gc,heap       ] GC(121) Old regions: 163->147
[2023-10-30T22:24:38.141+0000][10442.521s][info ][gc,heap       ] GC(121) Humongous regions: 15->15
[2023-10-30T22:24:38.141+0000][10442.522s][info ][gc,metaspace  ] GC(121) Metaspace: 168972K(176468K)->168972K(176468K) NonClass: 149675K(154504K)->149675K(154504K) Class: 19296K(21964K)->19296K(21964K)
[2023-10-30T22:24:38.142+0000][10442.522s][info ][gc            ] GC(121) Pause Young (Mixed) (G1 Evacuation Pause) 193M->161M(372M) 110.065ms
[2023-10-30T22:24:38.142+0000][10442.523s][info ][gc,cpu        ] GC(121) User=0.81s Sys=0.00s Real=0.11s
[2023-10-30T22:24:38.143+0000][10442.523s][info ][safepoint     ] Leaving safepoint region
[2023-10-30T22:24:38.143+0000][10442.523s][info ][safepoint     ] Total time for which application threads were stopped: 0.1123581 seconds, Stopping threads took: 0.0006412 seconds
[2023-10-30T22:24:38.144+0000][10442.524s][info ][gc,stringdedup] Concurrent String Deduplication (10442.524s)
[2023-10-30T22:24:38.144+0000][10442.524s][info ][gc,stringdedup] Concurrent String Deduplication 19112.0B->4440.0B(14672.0B) avg 54.6% (10442.524s, 10442.524s) 0.532ms
[2023-10-30T22:24:39.144+0000][10443.524s][debug][safepoint     ] Safepoint synchronization initiated. (184 threads)
[2023-10-30T22:24:39.144+0000][10443.524s][info ][safepoint     ] Application time: 1.0005894 seconds
[2023-10-30T22:24:39.144+0000][10443.525s][info ][safepoint     ] Entering safepoint region: Cleanup
[2023-10-30T22:24:39.145+0000][10443.525s][info ][safepoint     ] Leaving safepoint region
[2023-10-30T22:24:39.145+0000][10443.526s][info ][safepoint     ] Total time for which application threads were stopped: 0.0009366 seconds, Stopping threads took: 0.0004098 seconds
[2023-10-30T22:24:40.146+0000][10444.526s][debug][safepoint     ] Safepoint synchronization initiated. (184 threads)
[2023-10-30T22:24:40.146+0000][10444.527s][info ][safepoint     ] Application time: 1.0005382 seconds
[2023-10-30T22:24:40.147+0000][10444.527s][info ][safepoint     ] Entering safepoint region: Cleanup
[2023-10-30T22:24:40.147+0000][10444.527s][info ][safepoint     ] Leaving safepoint region
[2023-10-30T22:24:40.147+0000][10444.528s][info ][safepoint     ] Total time for which application threads were stopped: 0.0008521 seconds, Stopping threads took: 0.0003209 seconds
[2023-10-30T22:24:41.148+0000][10445.528s][debug][safepoint     ] Safepoint synchronization initiated. (184 threads)
[2023-10-30T22:24:41.149+0000][10445.529s][info ][safepoint     ] Application time: 1.0014209 seconds
[2023-10-30T22:24:41.150+0000][10445.530s][info ][safepoint     ] Entering safepoint region: Cleanup
[2023-10-30T22:24:41.151+0000][10445.531s][info ][safepoint     ] Leaving safepoint region
[2023-10-30T22:24:41.152+0000][10445.532s][info ][safepoint     ] Total time for which application threads were stopped: 0.0016656 seconds, Stopping threads took: 0.0007108 seconds
[2023-10-30T22:24:42.153+0000][10446.533s][debug][safepoint     ] Safepoint synchronization initiated. (184 threads)
[2023-10-30T22:24:42.154+0000][10446.534s][info ][safepoint     ] Application time: 1.0011857 seconds
[2023-10-30T22:24:42.154+0000][10446.535s][info ][safepoint     ] Entering safepoint region: Cleanup
[2023-10-30T22:24:42.155+0000][10446.536s][info ][safepoint     ] Leaving safepoint region
[2023-10-30T22:24:42.156+0000][10446.537s][info ][safepoint     ] Total time for which application threads were stopped: 0.0017486 seconds, Stopping threads took: 0.0007517 seconds
[2023-10-30T22:24:43.157+0000][10447.538s][debug][safepoint     ] Safepoint synchronization initiated. (184 threads)
[2023-10-30T22:24:43.158+0000][10447.538s][info ][safepoint     ] Application time: 1.0012175 seconds
[2023-10-30T22:24:43.159+0000][10447.539s][info ][safepoint     ] Entering safepoint region: Cleanup
[2023-10-30T22:24:43.160+0000][10447.540s][info ][safepoint     ] Leaving safepoint region
[2023-10-30T22:24:43.161+0000][10447.541s][info ][safepoint     ] Total time for which application threads were stopped: 0.0018377 seconds, Stopping threads took: 0.0008201 seconds
[2023-10-30T22:24:44.162+0000][10448.542s][debug][safepoint     ] Safepoint synchronization initiated. (184 threads)
[2023-10-30T22:24:44.163+0000][10448.543s][info ][safepoint     ] Application time: 1.0012204 seconds
[2023-10-30T22:24:44.163+0000][10448.544s][info ][safepoint     ] Entering safepoint region: Cleanup
[2023-10-30T22:24:44.165+0000][10448.545s][info ][safepoint     ] Leaving safepoint region
[2023-10-30T22:24:44.165+0000][10448.546s][info ][safepoint     ] Total time for which application threads were stopped: 0.0018607 seconds, Stopping threads took: 0.0008683 seconds
[2023-10-30T22:24:45.166+0000][10449.546s][debug][safepoint     ] Safepoint synchronization initiated. (184 threads)
[2023-10-30T22:24:45.167+0000][10449.547s][info ][safepoint     ] Application time: 1.0011559 seconds
[2023-10-30T22:24:45.168+0000][10449.548s][info ][safepoint     ] Entering safepoint region: Cleanup
[2023-10-30T22:24:45.169+0000][10449.549s][info ][safepoint     ] Leaving safepoint region
[2023-10-30T22:24:45.169+0000][10449.550s][info ][safepoint     ] Total time for which application threads were stopped: 0.0015793 seconds, Stopping threads took: 0.0006235 seconds
[2023-10-30T22:24:46.170+0000][10450.550s][debug][safepoint     ] Safepoint synchronization initiated. (184 threads)
[2023-10-30T22:24:46.171+0000][10450.551s][info ][safepoint     ] Application time: 1.0008559 seconds
[2023-10-30T22:24:46.171+0000][10450.552s][info ][safepoint     ] Entering safepoint region: Cleanup
[2023-10-30T22:24:46.172+0000][10450.553s][info ][safepoint     ] Leaving safepoint region
[2023-10-30T22:24:46.173+0000][10450.553s][info ][safepoint     ] Total time for which application threads were stopped: 0.0011664 seconds, Stopping threads took: 0.0005762 seconds
[2023-10-30T22:24:47.173+0000][10451.554s][debug][safepoint     ] Safepoint synchronization initiated. (184 threads)
[2023-10-30T22:24:47.174+0000][10451.555s][info ][safepoint     ] Application time: 1.0013420 seconds
[2023-10-30T22:24:47.175+0000][10451.556s][info ][safepoint     ] Entering safepoint region: Cleanup
[2023-10-30T22:24:47.177+0000][10451.557s][info ][safepoint     ] Leaving safepoint region
[2023-10-30T22:24:47.177+0000][10451.558s][info ][safepoint     ] Total time for which application threads were stopped: 0.0018363 seconds, Stopping threads took: 0.0008286 seconds
[2023-10-30T22:24:48.178+0000][10452.559s][debug][safepoint     ] Safepoint synchronization initiated. (184 threads)
[2023-10-30T22:24:48.179+0000][10452.560s][info ][safepoint     ] Application time: 1.0013668 seconds
[2023-10-30T22:24:48.180+0000][10452.560s][info ][safepoint     ] Entering safepoint region: Cleanup
[2023-10-30T22:24:48.181+0000][10452.561s][info ][safepoint     ] Leaving safepoint region
[2023-10-30T22:24:48.182+0000][10452.562s][info ][safepoint     ] Total time for which application threads were stopped: 0.0017371 seconds, Stopping threads took: 0.0007678 seconds
[2023-10-30T22:24:49.183+0000][10453.563s][debug][safepoint     ] Safepoint synchronization initiated. (184 threads)
[2023-10-30T22:24:49.184+0000][10453.564s][info ][safepoint     ] Application time: 1.0011790 seconds
[2023-10-30T22:24:49.185+0000][10453.565s][info ][safepoint     ] Entering safepoint region: Cleanup
[2023-10-30T22:24:49.186+0000][10453.566s][info ][safepoint     ] Leaving safepoint region
[2023-10-30T22:24:49.187+0000][10453.567s][info ][safepoint     ] Total time for which application threads were stopped: 0.0019153 seconds, Stopping threads took: 0.0008570 seconds
[2023-10-30T22:24:50.188+0000][10454.568s][debug][safepoint     ] Safepoint synchronization initiated. (184 threads)
[2023-10-30T22:24:50.189+0000][10454.569s][info ][safepoint     ] Application time: 1.0011868 seconds
[2023-10-30T22:24:50.189+0000][10454.570s][info ][safepoint     ] Entering safepoint region: Cleanup
[2023-10-30T22:24:50.190+0000][10454.571s][info ][safepoint     ] Leaving safepoint region
[2023-10-30T22:24:50.191+0000][10454.571s][info ][safepoint     ] Total time for which application threads were stopped: 0.0016318 seconds, Stopping threads took: 0.0007220 seconds
[2023-10-30T22:24:50.190+0000][10454.571s][debug][safepoint     ] ... found polling page return exception at pc = 0x00007f3160b83dc4, stub =0x00007f3158840600
[2023-10-30T22:24:50.190+0000][10454.571s][debug][safepoint     ] ... found polling page return exception at pc = 0x00007f3160b83dc4, stub =0x00007f3158840600
[2023-10-30T22:24:50.190+0000][10454.571s][debug][safepoint     ] ... found polling page return exception at pc = 0x00007f3160b83dc4, stub =0x00007f3158840600
[2023-10-30T22:24:50.190+0000][10454.571s][debug][safepoint     ] ... found polling page return exception at pc = 0x00007f3160b83dc4, stub =0x00007f3158840600
[2023-10-30T22:24:51.192+0000][10455.572s][debug][safepoint     ] Safepoint synchronization initiated. (184 threads)
[2023-10-30T22:24:51.192+0000][10455.573s][info ][safepoint     ] Application time: 1.0006589 seconds
[2023-10-30T22:24:51.193+0000][10455.573s][info ][safepoint     ] Entering safepoint region: Cleanup
[2023-10-30T22:24:51.193+0000][10455.574s][info ][safepoint     ] Leaving safepoint region
[2023-10-30T22:24:51.194+0000][10455.574s][info ][safepoint     ] Total time for which application threads were stopped: 0.0010410 seconds, Stopping threads took: 0.0004104 seconds
[2023-10-30T22:24:52.194+0000][10456.575s][debug][safepoint     ] Safepoint synchronization initiated. (184 threads)
[2023-10-30T22:24:52.195+0000][10456.575s][info ][safepoint     ] Application time: 1.0011183 seconds
[2023-10-30T22:24:52.196+0000][10456.576s][info ][safepoint     ] Entering safepoint region: Cleanup
[2023-10-30T22:24:52.197+0000][10456.577s][info ][safepoint     ] Leaving safepoint region
[2023-10-30T22:24:52.198+0000][10456.578s][info ][safepoint     ] Total time for which application threads were stopped: 0.0018261 seconds, Stopping threads took: 0.0008502 seconds
[2023-10-30T22:24:53.199+0000][10457.579s][debug][safepoint     ] Safepoint synchronization initiated. (184 threads)
[2023-10-30T22:24:53.199+0000][10457.580s][info ][safepoint     ] Application time: 1.0010233 seconds
[2023-10-30T22:24:53.200+0000][10457.581s][info ][safepoint     ] Entering safepoint region: Cleanup
[2023-10-30T22:24:53.201+0000][10457.582s][info ][safepoint     ] Leaving safepoint region
[2023-10-30T22:24:53.202+0000][10457.582s][info ][safepoint     ] Total time for which application threads were stopped: 0.0016749 seconds, Stopping threads took: 0.0007140 seconds
[2023-10-30T22:24:54.203+0000][10458.583s][debug][safepoint     ] Safepoint synchronization initiated. (184 threads)
[2023-10-30T22:24:54.204+0000][10458.584s][info ][safepoint     ] Application time: 1.0010395 seconds
[2023-10-30T22:24:54.204+0000][10458.585s][info ][safepoint     ] Entering safepoint region: Cleanup
[2023-10-30T22:24:54.205+0000][10458.585s][info ][safepoint     ] Leaving safepoint region
[2023-10-30T22:24:54.206+0000][10458.586s][info ][safepoint     ] Total time for which application threads were stopped: 0.0016753 seconds, Stopping threads took: 0.0005542 seconds
[2023-10-30T22:24:54.882+0000][10459.262s][debug][safepoint     ] Safepoint synchronization initiated. (184 threads)
[2023-10-30T22:24:54.882+0000][10459.263s][info ][safepoint     ] Application time: 0.6754210 seconds
[2023-10-30T22:24:54.883+0000][10459.263s][info ][safepoint     ] Entering safepoint region: G1CollectForAllocation
[2023-10-30T22:24:54.883+0000][10459.264s][info ][gc,start      ] GC(122) Pause Young (Mixed) (G1 Evacuation Pause)
[2023-10-30T22:24:54.884+0000][10459.264s][info ][gc,task       ] GC(122) Using 8 workers of 8 for evacuation
[2023-10-30T22:24:54.906+0000][10459.286s][info ][gc,phases     ] GC(122)   Pre Evacuate Collection Set: 0.2ms
[2023-10-30T22:24:54.906+0000][10459.287s][info ][gc,phases     ] GC(122)   Evacuate Collection Set: 18.5ms
[2023-10-30T22:24:54.907+0000][10459.287s][info ][gc,phases     ] GC(122)   Post Evacuate Collection Set: 2.7ms
[2023-10-30T22:24:54.907+0000][10459.288s][info ][gc,phases     ] GC(122)   Other: 1.0ms
[2023-10-30T22:24:54.908+0000][10459.288s][info ][gc,heap       ] GC(122) Eden regions: 16->0(165)
[2023-10-30T22:24:54.908+0000][10459.288s][info ][gc,heap       ] GC(122) Survivor regions: 2->2(3)
[2023-10-30T22:24:54.909+0000][10459.289s][info ][gc,heap       ] GC(122) Old regions: 147->145
[2023-10-30T22:24:54.909+0000][10459.289s][info ][gc,heap       ] GC(122) Humongous regions: 15->15
[2023-10-30T22:24:54.909+0000][10459.290s][info ][gc,metaspace  ] GC(122) Metaspace: 168972K(176468K)->168972K(176468K) NonClass: 149676K(154504K)->149676K(154504K) Class: 19296K(21964K)->19296K(21964K)
[2023-10-30T22:24:54.910+0000][10459.290s][info ][gc            ] GC(122) Pause Young (Mixed) (G1 Evacuation Pause) 177M->159M(372M) 26.635ms
[2023-10-30T22:24:54.910+0000][10459.291s][info ][gc,cpu        ] GC(122) User=0.15s Sys=0.00s Real=0.02s
[2023-10-30T22:24:54.912+0000][10459.292s][info ][safepoint     ] Leaving safepoint region
[2023-10-30T22:24:54.912+0000][10459.293s][info ][safepoint     ] Total time for which application threads were stopped: 0.0296272 seconds, Stopping threads took: 0.0004403 seconds
[2023-10-30T22:24:54.913+0000][10459.293s][info ][gc,stringdedup] Concurrent String Deduplication (10459.293s)
[2023-10-30T22:24:54.913+0000][10459.294s][info ][gc,stringdedup] Concurrent String Deduplication 2856.0B->1648.0B(1208.0B) avg 54.6% (10459.293s, 10459.294s) 0.412ms
[2023-10-30T22:24:55.913+0000][10460.294s][debug][safepoint     ] Safepoint synchronization initiated. (184 threads)
[2023-10-30T22:24:55.915+0000][10460.295s][info ][safepoint     ] Application time: 1.0020338 seconds
[2023-10-30T22:24:55.916+0000][10460.296s][info ][safepoint     ] Entering safepoint region: Cleanup
[2023-10-30T22:24:55.916+0000][10460.297s][info ][safepoint     ] Leaving safepoint region
[2023-10-30T22:24:55.917+0000][10460.297s][info ][safepoint     ] Total time for which application threads were stopped: 0.0011494 seconds, Stopping threads took: 0.0004918 seconds
[2023-10-30T22:24:56.917+0000][10461.298s][debug][safepoint     ] Safepoint synchronization initiated. (184 threads)
[2023-10-30T22:24:56.918+0000][10461.299s][info ][safepoint     ] Application time: 1.0009333 seconds
[2023-10-30T22:24:56.920+0000][10461.300s][info ][safepoint     ] Entering safepoint region: Cleanup
[2023-10-30T22:24:56.921+0000][10461.302s][info ][safepoint     ] Leaving safepoint region
[2023-10-30T22:24:56.922+0000][10461.302s][info ][safepoint     ] Total time for which application threads were stopped: 0.0025023 seconds, Stopping threads took: 0.0011682 seconds
[2023-10-30T22:24:57.923+0000][10462.304s][debug][safepoint     ] Safepoint synchronization initiated. (184 threads)
[2023-10-30T22:24:57.924+0000][10462.305s][info ][safepoint     ] Application time: 1.0014121 seconds
[2023-10-30T22:24:57.926+0000][10462.306s][info ][safepoint     ] Entering safepoint region: Cleanup
[2023-10-30T22:24:57.927+0000][10462.307s][info ][safepoint     ] Leaving safepoint region
[2023-10-30T22:24:57.928+0000][10462.308s][info ][safepoint     ] Total time for which application threads were stopped: 0.0022994 seconds, Stopping threads took: 0.0010304 seconds
[2023-10-30T22:24:58.929+0000][10463.309s][debug][safepoint     ] Safepoint synchronization initiated. (184 threads)
[2023-10-30T22:24:58.930+0000][10463.310s][info ][safepoint     ] Application time: 1.0013870 seconds
[2023-10-30T22:24:58.931+0000][10463.311s][info ][safepoint     ] Entering safepoint region: Cleanup
[2023-10-30T22:24:58.932+0000][10463.312s][info ][safepoint     ] Leaving safepoint region
[2023-10-30T22:24:58.933+0000][10463.313s][info ][safepoint     ] Total time for which application threads were stopped: 0.0018099 seconds, Stopping threads took: 0.0008161 seconds
[2023-10-30T22:24:59.934+0000][10464.314s][debug][safepoint     ] Safepoint synchronization initiated. (184 threads)
[2023-10-30T22:24:59.934+0000][10464.314s][info ][safepoint     ] Application time: 1.0006602 seconds
[2023-10-30T22:24:59.935+0000][10464.315s][info ][safepoint     ] Entering safepoint region: Cleanup
[2023-10-30T22:24:59.936+0000][10464.316s][info ][safepoint     ] Leaving safepoint region
[2023-10-30T22:24:59.936+0000][10464.317s][info ][safepoint     ] Total time for which application threads were stopped: 0.0013426 seconds, Stopping threads took: 0.0004852 seconds
[2023-10-30T22:25:00.937+0000][10465.318s][debug][safepoint     ] Safepoint synchronization initiated. (184 threads)
[2023-10-30T22:25:00.940+0000][10465.321s][info ][safepoint     ] Application time: 1.0035669 seconds
[2023-10-30T22:25:00.941+0000][10465.321s][info ][safepoint     ] Entering safepoint region: Cleanup
[2023-10-30T22:25:00.942+0000][10465.322s][info ][safepoint     ] Leaving safepoint region
[2023-10-30T22:25:00.942+0000][10465.322s][info ][safepoint     ] Total time for which application threads were stopped: 0.0014360 seconds, Stopping threads took: 0.0005712 seconds
[2023-10-30T22:25:01.943+0000][10466.323s][debug][safepoint     ] Safepoint synchronization initiated. (184 threads)
[2023-10-30T22:25:01.944+0000][10466.324s][info ][safepoint     ] Application time: 1.0008146 seconds
[2023-10-30T22:25:01.944+0000][10466.325s][info ][safepoint     ] Entering safepoint region: Cleanup
[2023-10-30T22:25:01.945+0000][10466.325s][info ][safepoint     ] Leaving safepoint region
[2023-10-30T22:25:01.945+0000][10466.326s][info ][safepoint     ] Total time for which application threads were stopped: 0.0011244 seconds, Stopping threads took: 0.0005134 seconds
[2023-10-30T22:25:02.946+0000][10467.327s][debug][safepoint     ] Safepoint synchronization initiated. (184 threads)
[2023-10-30T22:25:02.947+0000][10467.328s][info ][safepoint     ] Application time: 1.0014250 seconds
[2023-10-30T22:25:02.948+0000][10467.329s][info ][safepoint     ] Entering safepoint region: Cleanup
[2023-10-30T22:25:02.949+0000][10467.330s][info ][safepoint     ] Leaving safepoint region
[2023-10-30T22:25:02.950+0000][10467.331s][info ][safepoint     ] Total time for which application threads were stopped: 0.0019821 seconds, Stopping threads took: 0.0008084 seconds
[2023-10-30T22:25:03.951+0000][10468.332s][debug][safepoint     ] Safepoint synchronization initiated. (184 threads)
[2023-10-30T22:25:03.952+0000][10468.332s][info ][safepoint     ] Application time: 1.0006810 seconds
[2023-10-30T22:25:03.953+0000][10468.333s][info ][safepoint     ] Entering safepoint region: Cleanup
[2023-10-30T22:25:03.953+0000][10468.334s][info ][safepoint     ] Leaving safepoint region
[2023-10-30T22:25:03.954+0000][10468.334s][info ][safepoint     ] Total time for which application threads were stopped: 0.0013925 seconds, Stopping threads took: 0.0005821 seconds
[2023-10-30T22:25:04.955+0000][10469.335s][debug][safepoint     ] Safepoint synchronization initiated. (184 threads)
[2023-10-30T22:25:04.955+0000][10469.336s][info ][safepoint     ] Application time: 1.0009978 seconds
[2023-10-30T22:25:04.956+0000][10469.336s][info ][safepoint     ] Entering safepoint region: Cleanup
[2023-10-30T22:25:04.957+0000][10469.337s][info ][safepoint     ] Leaving safepoint region
[2023-10-30T22:25:04.957+0000][10469.337s][info ][safepoint     ] Total time for which application threads were stopped: 0.0011949 seconds, Stopping threads took: 0.0005168 seconds
[2023-10-30T22:25:05.958+0000][10470.338s][debug][safepoint     ] Safepoint synchronization initiated. (184 threads)
[2023-10-30T22:25:05.959+0000][10470.339s][info ][safepoint     ] Application time: 1.0014280 seconds
[2023-10-30T22:25:05.960+0000][10470.341s][info ][safepoint     ] Entering safepoint region: Cleanup
[2023-10-30T22:25:05.961+0000][10470.342s][info ][safepoint     ] Leaving safepoint region
[2023-10-30T22:25:05.962+0000][10470.343s][info ][safepoint     ] Total time for which application threads were stopped: 0.0021785 seconds, Stopping threads took: 0.0010458 seconds
[2023-10-30T22:25:06.963+0000][10471.344s][debug][safepoint     ] Safepoint synchronization initiated. (184 threads)
[2023-10-30T22:25:06.965+0000][10471.345s][info ][safepoint     ] Application time: 1.0014478 seconds
[2023-10-30T22:25:06.966+0000][10471.346s][info ][safepoint     ] Entering safepoint region: Cleanup
[2023-10-30T22:25:06.967+0000][10471.347s][info ][safepoint     ] Leaving safepoint region
[2023-10-30T22:25:06.968+0000][10471.348s][info ][safepoint     ] Total time for which application threads were stopped: 0.0020105 seconds, Stopping threads took: 0.0009512 seconds
[2023-10-30T22:25:07.968+0000][10472.349s][debug][safepoint     ] Safepoint synchronization initiated. (184 threads)
[2023-10-30T22:25:07.970+0000][10472.350s][info ][safepoint     ] Application time: 1.0014279 seconds
[2023-10-30T22:25:07.971+0000][10472.351s][info ][safepoint     ] Entering safepoint region: Cleanup
[2023-10-30T22:25:07.972+0000][10472.352s][info ][safepoint     ] Leaving safepoint region
[2023-10-30T22:25:07.973+0000][10472.353s][info ][safepoint     ] Total time for which application threads were stopped: 0.0022221 seconds, Stopping threads took: 0.0010446 seconds
[2023-10-30T22:25:08.974+0000][10473.354s][debug][safepoint     ] Safepoint synchronization initiated. (184 threads)
[2023-10-30T22:25:08.975+0000][10473.355s][info ][safepoint     ] Application time: 1.0013803 seconds
[2023-10-30T22:25:08.976+0000][10473.356s][info ][safepoint     ] Entering safepoint region: Cleanup
[2023-10-30T22:25:08.977+0000][10473.357s][info ][safepoint     ] Leaving safepoint region
[2023-10-30T22:25:08.978+0000][10473.358s][info ][safepoint     ] Total time for which application threads were stopped: 0.0020304 seconds, Stopping threads took: 0.0009001 seconds
[2023-10-30T22:25:09.979+0000][10474.359s][debug][safepoint     ] Safepoint synchronization initiated. (183 threads)
[2023-10-30T22:25:09.980+0000][10474.360s][info ][safepoint     ] Application time: 1.0010393 seconds
[2023-10-30T22:25:09.980+0000][10474.361s][info ][safepoint     ] Entering safepoint region: Cleanup
[2023-10-30T22:25:09.981+0000][10474.361s][info ][safepoint     ] Leaving safepoint region
[2023-10-30T22:25:09.982+0000][10474.362s][info ][safepoint     ] Total time for which application threads were stopped: 0.0014471 seconds, Stopping threads took: 0.0007406 seconds
[2023-10-30T22:25:10.982+0000][10475.363s][debug][safepoint     ] Safepoint synchronization initiated. (183 threads)
[2023-10-30T22:25:10.983+0000][10475.364s][info ][safepoint     ] Application time: 1.0010640 seconds
[2023-10-30T22:25:10.984+0000][10475.364s][info ][safepoint     ] Entering safepoint region: Cleanup
[2023-10-30T22:25:10.985+0000][10475.366s][info ][safepoint     ] Leaving safepoint region
[2023-10-30T22:25:10.986+0000][10475.366s][info ][safepoint     ] Total time for which application threads were stopped: 0.0018688 seconds, Stopping threads took: 0.0008252 seconds
[2023-10-30T22:25:11.987+0000][10476.367s][debug][safepoint     ] Safepoint synchronization initiated. (183 threads)
[2023-10-30T22:25:11.988+0000][10476.368s][info ][safepoint     ] Application time: 1.0013780 seconds
[2023-10-30T22:25:11.989+0000][10476.369s][info ][safepoint     ] Entering safepoint region: Cleanup
[2023-10-30T22:25:11.990+0000][10476.371s][info ][safepoint     ] Leaving safepoint region
[2023-10-30T22:25:11.991+0000][10476.372s][info ][safepoint     ] Total time for which application threads were stopped: 0.0023862 seconds, Stopping threads took: 0.0010210 seconds
[2023-10-30T22:25:12.992+0000][10477.373s][debug][safepoint     ] Safepoint synchronization initiated. (183 threads)
[2023-10-30T22:25:12.993+0000][10477.373s][info ][safepoint     ] Application time: 1.0010059 seconds
[2023-10-30T22:25:12.994+0000][10477.374s][info ][safepoint     ] Entering safepoint region: Cleanup
[2023-10-30T22:25:12.995+0000][10477.375s][info ][safepoint     ] Leaving safepoint region
[2023-10-30T22:25:12.996+0000][10477.376s][info ][safepoint     ] Total time for which application threads were stopped: 0.0018735 seconds, Stopping threads took: 0.0007365 seconds
[2023-10-30T22:25:13.996+0000][10478.377s][debug][safepoint     ] Safepoint synchronization initiated. (183 threads)
[2023-10-30T22:25:13.997+0000][10478.377s][info ][safepoint     ] Application time: 1.0006260 seconds
[2023-10-30T22:25:13.998+0000][10478.378s][info ][safepoint     ] Entering safepoint region: Cleanup
[2023-10-30T22:25:13.998+0000][10478.379s][info ][safepoint     ] Leaving safepoint region
[2023-10-30T22:25:13.999+0000][10478.379s][info ][safepoint     ] Total time for which application threads were stopped: 0.0014485 seconds, Stopping threads took: 0.0005942 seconds
[2023-10-30T22:25:15.000+0000][10479.380s][debug][safepoint     ] Safepoint synchronization initiated. (183 threads)
[2023-10-30T22:25:15.000+0000][10479.381s][info ][safepoint     ] Application time: 1.0009678 seconds
[2023-10-30T22:25:15.001+0000][10479.381s][info ][safepoint     ] Entering safepoint region: Cleanup
[2023-10-30T22:25:15.002+0000][10479.382s][info ][safepoint     ] Leaving safepoint region
[2023-10-30T22:25:15.002+0000][10479.383s][info ][safepoint     ] Total time for which application threads were stopped: 0.0012055 seconds, Stopping threads took: 0.0006555 seconds
[2023-10-30T22:25:16.003+0000][10480.383s][debug][safepoint     ] Safepoint synchronization initiated. (183 threads)
[2023-10-30T22:25:16.003+0000][10480.384s][info ][safepoint     ] Application time: 1.0005364 seconds
[2023-10-30T22:25:16.003+0000][10480.384s][info ][safepoint     ] Entering safepoint region: Cleanup
[2023-10-30T22:25:16.004+0000][10480.384s][info ][safepoint     ] Leaving safepoint region
[2023-10-30T22:25:16.004+0000][10480.384s][info ][safepoint     ] Total time for which application threads were stopped: 0.0007377 seconds, Stopping threads took: 0.0002692 seconds
[2023-10-30T22:25:17.005+0000][10481.385s][debug][safepoint     ] Safepoint synchronization initiated. (183 threads)
[2023-10-30T22:25:17.005+0000][10481.385s][info ][safepoint     ] Application time: 1.0006615 seconds
[2023-10-30T22:25:17.006+0000][10481.386s][info ][safepoint     ] Entering safepoint region: Cleanup
[2023-10-30T22:25:17.006+0000][10481.387s][info ][safepoint     ] Leaving safepoint region
[2023-10-30T22:25:17.007+0000][10481.387s][info ][safepoint     ] Total time for which application threads were stopped: 0.0011497 seconds, Stopping threads took: 0.0005217 seconds
[2023-10-30T22:25:18.008+0000][10482.388s][debug][safepoint     ] Safepoint synchronization initiated. (183 threads)
[2023-10-30T22:25:18.009+0000][10482.389s][info ][safepoint     ] Application time: 1.0011863 seconds
[2023-10-30T22:25:18.009+0000][10482.390s][info ][safepoint     ] Entering safepoint region: Cleanup
[2023-10-30T22:25:18.010+0000][10482.390s][info ][safepoint     ] Leaving safepoint region
[2023-10-30T22:25:18.010+0000][10482.391s][info ][safepoint     ] Total time for which application threads were stopped: 0.0011364 seconds, Stopping threads took: 0.0004528 seconds
[2023-10-30T22:25:19.011+0000][10483.391s][debug][safepoint     ] Safepoint synchronization initiated. (183 threads)
[2023-10-30T22:25:19.012+0000][10483.392s][info ][safepoint     ] Application time: 1.0009878 seconds
[2023-10-30T22:25:19.012+0000][10483.393s][info ][safepoint     ] Entering safepoint region: Cleanup
[2023-10-30T22:25:19.013+0000][10483.393s][info ][safepoint     ] Leaving safepoint region
[2023-10-30T22:25:19.013+0000][10483.394s][info ][safepoint     ] Total time for which application threads were stopped: 0.0011255 seconds, Stopping threads took: 0.0005534 seconds
[2023-10-30T22:25:20.014+0000][10484.394s][debug][safepoint     ] Safepoint synchronization initiated. (183 threads)
[2023-10-30T22:25:20.014+0000][10484.395s][info ][safepoint     ] Application time: 1.0007206 seconds
[2023-10-30T22:25:20.015+0000][10484.395s][info ][safepoint     ] Entering safepoint region: Cleanup
[2023-10-30T22:25:20.016+0000][10484.396s][info ][safepoint     ] Leaving safepoint region
[2023-10-30T22:25:20.016+0000][10484.396s][info ][safepoint     ] Total time for which application threads were stopped: 0.0012020 seconds, Stopping threads took: 0.0005704 seconds
[2023-10-30T22:25:21.017+0000][10485.397s][debug][safepoint     ] Safepoint synchronization initiated. (183 threads)
[2023-10-30T22:25:21.017+0000][10485.397s][info ][safepoint     ] Application time: 1.0006550 seconds
[2023-10-30T22:25:21.018+0000][10485.398s][info ][safepoint     ] Entering safepoint region: Cleanup
[2023-10-30T22:25:21.018+0000][10485.398s][info ][safepoint     ] Leaving safepoint region
[2023-10-30T22:25:21.018+0000][10485.399s][info ][safepoint     ] Total time for which application threads were stopped: 0.0008956 seconds, Stopping threads took: 0.0003199 seconds
[2023-10-30T22:25:22.019+0000][10486.399s][debug][safepoint     ] Safepoint synchronization initiated. (183 threads)
[2023-10-30T22:25:22.020+0000][10486.400s][info ][safepoint     ] Application time: 1.0008235 seconds
[2023-10-30T22:25:22.020+0000][10486.400s][info ][safepoint     ] Entering safepoint region: Cleanup
[2023-10-30T22:25:22.021+0000][10486.401s][info ][safepoint     ] Leaving safepoint region
[2023-10-30T22:25:22.021+0000][10486.401s][info ][safepoint     ] Total time for which application threads were stopped: 0.0010943 seconds, Stopping threads took: 0.0004658 seconds
[2023-10-30T22:25:23.022+0000][10487.402s][debug][safepoint     ] Safepoint synchronization initiated. (183 threads)
[2023-10-30T22:25:23.023+0000][10487.403s][info ][safepoint     ] Application time: 1.0009751 seconds
[2023-10-30T22:25:23.023+0000][10487.403s][info ][safepoint     ] Entering safepoint region: Cleanup
[2023-10-30T22:25:23.024+0000][10487.404s][info ][safepoint     ] Leaving safepoint region
[2023-10-30T22:25:23.024+0000][10487.405s][info ][safepoint     ] Total time for which application threads were stopped: 0.0011100 seconds, Stopping threads took: 0.0004888 seconds
[2023-10-30T22:25:24.025+0000][10488.405s][debug][safepoint     ] Safepoint synchronization initiated. (183 threads)
[2023-10-30T22:25:24.025+0000][10488.405s][info ][safepoint     ] Application time: 1.0005792 seconds
[2023-10-30T22:25:24.025+0000][10488.406s][info ][safepoint     ] Entering safepoint region: Cleanup
[2023-10-30T22:25:24.026+0000][10488.406s][info ][safepoint     ] Leaving safepoint region
[2023-10-30T22:25:24.026+0000][10488.407s][info ][safepoint     ] Total time for which application threads were stopped: 0.0011625 seconds, Stopping threads took: 0.0004973 seconds
[2023-10-30T22:25:25.027+0000][10489.407s][debug][safepoint     ] Safepoint synchronization initiated. (183 threads)
[2023-10-30T22:25:25.028+0000][10489.408s][info ][safepoint     ] Application time: 1.0010198 seconds
[2023-10-30T22:25:25.029+0000][10489.410s][info ][safepoint     ] Entering safepoint region: Cleanup
[2023-10-30T22:25:25.030+0000][10489.411s][info ][safepoint     ] Leaving safepoint region
[2023-10-30T22:25:25.031+0000][10489.412s][info ][safepoint     ] Total time for which application threads were stopped: 0.0020756 seconds, Stopping threads took: 0.0007761 seconds
[2023-10-30T22:25:26.032+0000][10490.413s][debug][safepoint     ] Safepoint synchronization initiated. (183 threads)
[2023-10-30T22:25:26.033+0000][10490.413s][info ][safepoint     ] Application time: 1.0008137 seconds
[2023-10-30T22:25:26.033+0000][10490.414s][info ][safepoint     ] Entering safepoint region: Cleanup
[2023-10-30T22:25:26.034+0000][10490.415s][info ][safepoint     ] Leaving safepoint region
[2023-10-30T22:25:26.035+0000][10490.415s][info ][safepoint     ] Total time for which application threads were stopped: 0.0012657 seconds, Stopping threads took: 0.0005509 seconds
[2023-10-30T22:25:27.035+0000][10491.416s][debug][safepoint     ] Safepoint synchronization initiated. (183 threads)
[2023-10-30T22:25:27.036+0000][10491.417s][info ][safepoint     ] Application time: 1.0009551 seconds
[2023-10-30T22:25:27.037+0000][10491.417s][info ][safepoint     ] Entering safepoint region: Cleanup
[2023-10-30T22:25:27.038+0000][10491.418s][info ][safepoint     ] Leaving safepoint region
[2023-10-30T22:25:27.038+0000][10491.419s][info ][safepoint     ] Total time for which application threads were stopped: 0.0015406 seconds, Stopping threads took: 0.0006758 seconds
[2023-10-30T22:25:28.039+0000][10492.420s][debug][safepoint     ] Safepoint synchronization initiated. (183 threads)
[2023-10-30T22:25:28.040+0000][10492.420s][info ][safepoint     ] Application time: 1.0008595 seconds
[2023-10-30T22:25:28.040+0000][10492.421s][info ][safepoint     ] Entering safepoint region: Cleanup
[2023-10-30T22:25:28.041+0000][10492.421s][info ][safepoint     ] Leaving safepoint region
[2023-10-30T22:25:28.041+0000][10492.422s][info ][safepoint     ] Total time for which application threads were stopped: 0.0012130 seconds, Stopping threads took: 0.0005190 seconds
[2023-10-30T22:25:29.042+0000][10493.423s][debug][safepoint     ] Safepoint synchronization initiated. (183 threads)
[2023-10-30T22:25:29.043+0000][10493.423s][info ][safepoint     ] Application time: 1.0008890 seconds
[2023-10-30T22:25:29.043+0000][10493.424s][info ][safepoint     ] Entering safepoint region: Cleanup
[2023-10-30T22:25:29.044+0000][10493.425s][info ][safepoint     ] Leaving safepoint region
[2023-10-30T22:25:29.045+0000][10493.425s][info ][safepoint     ] Total time for which application threads were stopped: 0.0012310 seconds, Stopping threads took: 0.0006167 seconds
[2023-10-30T22:25:30.045+0000][10494.425s][debug][safepoint     ] Safepoint synchronization initiated. (183 threads)
[2023-10-30T22:25:30.046+0000][10494.426s][info ][safepoint     ] Application time: 1.0006547 seconds
[2023-10-30T22:25:30.046+0000][10494.426s][info ][safepoint     ] Entering safepoint region: Cleanup
[2023-10-30T22:25:30.046+0000][10494.427s][info ][safepoint     ] Leaving safepoint region
[2023-10-30T22:25:30.047+0000][10494.427s][info ][safepoint     ] Total time for which application threads were stopped: 0.0009995 seconds, Stopping threads took: 0.0004463 seconds
[2023-10-30T22:25:31.047+0000][10495.428s][debug][safepoint     ] Safepoint synchronization initiated. (183 threads)
[2023-10-30T22:25:31.048+0000][10495.429s][info ][safepoint     ] Application time: 1.0008694 seconds
[2023-10-30T22:25:31.049+0000][10495.429s][info ][safepoint     ] Entering safepoint region: Cleanup
[2023-10-30T22:25:31.050+0000][10495.430s][info ][safepoint     ] Leaving safepoint region
[2023-10-30T22:25:31.050+0000][10495.431s][info ][safepoint     ] Total time for which application threads were stopped: 0.0013478 seconds, Stopping threads took: 0.0006461 seconds
[2023-10-30T22:25:32.051+0000][10496.431s][debug][safepoint     ] Safepoint synchronization initiated. (183 threads)
[2023-10-30T22:25:32.051+0000][10496.432s][info ][safepoint     ] Application time: 1.0005141 seconds
[2023-10-30T22:25:32.052+0000][10496.432s][debug][safepoint     ] ... found polling page loop exception at pc = 0x00007f3160e65612, stub =0x00007f3158843680
[2023-10-30T22:25:32.052+0000][10496.432s][debug][safepoint     ] Waiting for 1 thread(s) to block
[2023-10-30T22:25:32.052+0000][10496.433s][info ][safepoint     ] Entering safepoint region: Cleanup
[2023-10-30T22:25:32.053+0000][10496.433s][info ][safepoint     ] Leaving safepoint region
[2023-10-30T22:25:32.053+0000][10496.433s][info ][safepoint     ] Total time for which application threads were stopped: 0.0013507 seconds, Stopping threads took: 0.0009496 seconds
[2023-10-30T22:25:33.053+0000][10497.434s][debug][safepoint     ] Safepoint synchronization initiated. (183 threads)
[2023-10-30T22:25:33.054+0000][10497.434s][info ][safepoint     ] Application time: 1.0006357 seconds
[2023-10-30T22:25:33.054+0000][10497.435s][info ][safepoint     ] Entering safepoint region: Cleanup
[2023-10-30T22:25:33.055+0000][10497.435s][info ][safepoint     ] Leaving safepoint region
[2023-10-30T22:25:33.055+0000][10497.436s][info ][safepoint     ] Total time for which application threads were stopped: 0.0010163 seconds, Stopping threads took: 0.0003873 seconds
[2023-10-30T22:25:34.056+0000][10498.436s][debug][safepoint     ] Safepoint synchronization initiated. (183 threads)
[2023-10-30T22:25:34.056+0000][10498.437s][info ][safepoint     ] Application time: 1.0005674 seconds
[2023-10-30T22:25:34.057+0000][10498.437s][info ][safepoint     ] Entering safepoint region: Cleanup
[2023-10-30T22:25:34.057+0000][10498.438s][info ][safepoint     ] Leaving safepoint region
[2023-10-30T22:25:34.057+0000][10498.438s][info ][safepoint     ] Total time for which application threads were stopped: 0.0009185 seconds, Stopping threads took: 0.0003802 seconds
[2023-10-30T22:25:35.058+0000][10499.438s][debug][safepoint     ] Safepoint synchronization initiated. (183 threads)
[2023-10-30T22:25:35.059+0000][10499.439s][info ][safepoint     ] Application time: 1.0008085 seconds
[2023-10-30T22:25:35.059+0000][10499.440s][info ][safepoint     ] Entering safepoint region: Cleanup
[2023-10-30T22:25:35.060+0000][10499.440s][info ][safepoint     ] Leaving safepoint region
[2023-10-30T22:25:35.060+0000][10499.441s][info ][safepoint     ] Total time for which application threads were stopped: 0.0011674 seconds, Stopping threads took: 0.0006422 seconds
[2023-10-30T22:25:36.061+0000][10500.441s][debug][safepoint     ] Safepoint synchronization initiated. (183 threads)
[2023-10-30T22:25:36.061+0000][10500.442s][info ][safepoint     ] Application time: 1.0005908 seconds
[2023-10-30T22:25:36.062+0000][10500.442s][info ][safepoint     ] Entering safepoint region: Cleanup
[2023-10-30T22:25:36.062+0000][10500.443s][info ][safepoint     ] Leaving safepoint region
[2023-10-30T22:25:36.063+0000][10500.443s][info ][safepoint     ] Total time for which application threads were stopped: 0.0009552 seconds, Stopping threads took: 0.0004510 seconds
[2023-10-30T22:25:37.063+0000][10501.443s][debug][safepoint     ] Safepoint synchronization initiated. (183 threads)
[2023-10-30T22:25:37.065+0000][10501.446s][info ][safepoint     ] Application time: 1.0025223 seconds
[2023-10-30T22:25:37.067+0000][10501.448s][info ][safepoint     ] Entering safepoint region: Cleanup
[2023-10-30T22:25:37.072+0000][10501.453s][info ][safepoint     ] Leaving safepoint region
[2023-10-30T22:25:37.076+0000][10501.457s][info ][safepoint     ] Total time for which application threads were stopped: 0.0092055 seconds, Stopping threads took: 0.0050977 seconds
[2023-10-30T22:25:38.080+0000][10502.460s][debug][safepoint     ] Safepoint synchronization initiated. (183 threads)
[2023-10-30T22:25:38.081+0000][10502.461s][info ][safepoint     ] Application time: 1.0009019 seconds
[2023-10-30T22:25:38.081+0000][10502.462s][info ][safepoint     ] Entering safepoint region: Cleanup
[2023-10-30T22:25:38.083+0000][10502.463s][info ][safepoint     ] Leaving safepoint region
[2023-10-30T22:25:38.100+0000][10502.481s][info ][safepoint     ] Total time for which application threads were stopped: 0.0191815 seconds, Stopping threads took: 0.0012645 seconds
[2023-10-30T22:25:39.109+0000][10503.490s][debug][safepoint     ] Safepoint synchronization initiated. (183 threads)
[2023-10-30T22:25:39.111+0000][10503.491s][info ][safepoint     ] Application time: 1.0015792 seconds
[2023-10-30T22:25:39.111+0000][10503.492s][info ][safepoint     ] Entering safepoint region: Cleanup
[2023-10-30T22:25:39.112+0000][10503.492s][info ][safepoint     ] Leaving safepoint region
[2023-10-30T22:25:39.112+0000][10503.493s][info ][safepoint     ] Total time for which application threads were stopped: 0.0011130 seconds, Stopping threads took: 0.0004576 seconds
[2023-10-30T22:25:40.113+0000][10504.493s][debug][safepoint     ] Safepoint synchronization initiated. (183 threads)
[2023-10-30T22:25:40.114+0000][10504.494s][info ][safepoint     ] Application time: 1.0007123 seconds
[2023-10-30T22:25:40.114+0000][10504.494s][info ][safepoint     ] Entering safepoint region: Cleanup
[2023-10-30T22:25:40.115+0000][10504.495s][info ][safepoint     ] Leaving safepoint region
[2023-10-30T22:25:40.115+0000][10504.495s][info ][safepoint     ] Total time for which application threads were stopped: 0.0009933 seconds, Stopping threads took: 0.0004542 seconds
[2023-10-30T22:25:41.115+0000][10505.496s][debug][safepoint     ] Safepoint synchronization initiated. (183 threads)
[2023-10-30T22:25:41.116+0000][10505.496s][info ][safepoint     ] Application time: 1.0006873 seconds
[2023-10-30T22:25:41.117+0000][10505.497s][info ][safepoint     ] Entering safepoint region: Cleanup
[2023-10-30T22:25:41.117+0000][10505.498s][info ][safepoint     ] Leaving safepoint region
[2023-10-30T22:25:41.118+0000][10505.498s][info ][safepoint     ] Total time for which application threads were stopped: 0.0012062 seconds, Stopping threads took: 0.0005467 seconds
[2023-10-30T22:25:42.118+0000][10506.499s][debug][safepoint     ] Safepoint synchronization initiated. (183 threads)
[2023-10-30T22:25:42.119+0000][10506.500s][info ][safepoint     ] Application time: 1.0009887 seconds
[2023-10-30T22:25:42.120+0000][10506.500s][info ][safepoint     ] Entering safepoint region: Cleanup
[2023-10-30T22:25:42.120+0000][10506.501s][info ][safepoint     ] Leaving safepoint region
[2023-10-30T22:25:42.121+0000][10506.501s][info ][safepoint     ] Total time for which application threads were stopped: 0.0010513 seconds, Stopping threads took: 0.0004009 seconds
[2023-10-30T22:25:43.121+0000][10507.502s][debug][safepoint     ] Safepoint synchronization initiated. (183 threads)
[2023-10-30T22:25:43.122+0000][10507.502s][info ][safepoint     ] Application time: 1.0006874 seconds
[2023-10-30T22:25:43.122+0000][10507.503s][info ][safepoint     ] Entering safepoint region: Cleanup
[2023-10-30T22:25:43.123+0000][10507.503s][info ][safepoint     ] Leaving safepoint region
[2023-10-30T22:25:43.123+0000][10507.504s][info ][safepoint     ] Total time for which application threads were stopped: 0.0011808 seconds, Stopping threads took: 0.0004507 seconds
[2023-10-30T22:25:44.124+0000][10508.504s][debug][safepoint     ] Safepoint synchronization initiated. (183 threads)
[2023-10-30T22:25:44.125+0000][10508.505s][info ][safepoint     ] Application time: 1.0008967 seconds
[2023-10-30T22:25:44.125+0000][10508.506s][info ][safepoint     ] Entering safepoint region: Cleanup
[2023-10-30T22:25:44.126+0000][10508.507s][info ][safepoint     ] Leaving safepoint region
[2023-10-30T22:25:44.127+0000][10508.508s][info ][safepoint     ] Total time for which application threads were stopped: 0.0019626 seconds, Stopping threads took: 0.0010926 seconds
[2023-10-30T22:25:45.128+0000][10509.508s][debug][safepoint     ] Safepoint synchronization initiated. (183 threads)
[2023-10-30T22:25:45.133+0000][10509.514s][info ][safepoint     ] Application time: 1.0055333 seconds
[2023-10-30T22:25:45.143+0000][10509.523s][info ][safepoint     ] Entering safepoint region: Cleanup
[2023-10-30T22:25:45.152+0000][10509.532s][info ][safepoint     ] Leaving safepoint region
[2023-10-30T22:25:45.158+0000][10509.538s][info ][safepoint     ] Total time for which application threads were stopped: 0.0150416 seconds, Stopping threads took: 0.0090865 seconds
[2023-10-30T22:25:46.167+0000][10510.547s][debug][safepoint     ] Safepoint synchronization initiated. (183 threads)
[2023-10-30T22:25:46.167+0000][10510.548s][info ][safepoint     ] Application time: 1.0007767 seconds
[2023-10-30T22:25:46.168+0000][10510.548s][info ][safepoint     ] Entering safepoint region: Cleanup
[2023-10-30T22:25:46.169+0000][10510.549s][info ][safepoint     ] Leaving safepoint region
[2023-10-30T22:25:46.169+0000][10510.550s][info ][safepoint     ] Total time for which application threads were stopped: 0.0011225 seconds, Stopping threads took: 0.0004787 seconds
[2023-10-30T22:25:47.170+0000][10511.550s][debug][safepoint     ] Safepoint synchronization initiated. (183 threads)
[2023-10-30T22:25:47.170+0000][10511.551s][info ][safepoint     ] Application time: 1.0007591 seconds
[2023-10-30T22:25:47.171+0000][10511.551s][info ][safepoint     ] Entering safepoint region: Cleanup
[2023-10-30T22:25:47.172+0000][10511.552s][info ][safepoint     ] Leaving safepoint region
[2023-10-30T22:25:47.172+0000][10511.552s][info ][safepoint     ] Total time for which application threads were stopped: 0.0011852 seconds, Stopping threads took: 0.0005548 seconds
[2023-10-30T22:25:47.172+0000][10511.552s][debug][safepoint     ] ... found polling page return exception at pc = 0x00007f3160b83dc4, stub =0x00007f3158840600
[2023-10-30T22:25:47.172+0000][10511.552s][debug][safepoint     ] ... found polling page return exception at pc = 0x00007f3160b83dc4, stub =0x00007f3158840600
[2023-10-30T22:25:47.172+0000][10511.552s][debug][safepoint     ] ... found polling page return exception at pc = 0x00007f3160b83dc4, stub =0x00007f3158840600
[2023-10-30T22:25:47.172+0000][10511.552s][debug][safepoint     ] ... found polling page return exception at pc = 0x00007f3160b83dc4, stub =0x00007f3158840600
[2023-10-30T22:25:48.173+0000][10512.553s][debug][safepoint     ] Safepoint synchronization initiated. (183 threads)
[2023-10-30T22:25:48.173+0000][10512.554s][info ][safepoint     ] Application time: 1.0007555 seconds
[2023-10-30T22:25:48.174+0000][10512.554s][info ][safepoint     ] Entering safepoint region: Cleanup
[2023-10-30T22:25:48.174+0000][10512.555s][info ][safepoint     ] Leaving safepoint region
[2023-10-30T22:25:48.175+0000][10512.555s][info ][safepoint     ] Total time for which application threads were stopped: 0.0012328 seconds, Stopping threads took: 0.0005498 seconds
[2023-10-30T22:25:49.175+0000][10513.556s][debug][safepoint     ] Safepoint synchronization initiated. (183 threads)
[2023-10-30T22:25:49.176+0000][10513.556s][info ][safepoint     ] Application time: 1.0007360 seconds
[2023-10-30T22:25:49.177+0000][10513.557s][info ][safepoint     ] Entering safepoint region: Cleanup
[2023-10-30T22:25:49.177+0000][10513.558s][info ][safepoint     ] Leaving safepoint region
[2023-10-30T22:25:49.178+0000][10513.558s][info ][safepoint     ] Total time for which application threads were stopped: 0.0010639 seconds, Stopping threads took: 0.0004086 seconds
[2023-10-30T22:25:50.178+0000][10514.559s][debug][safepoint     ] Safepoint synchronization initiated. (183 threads)
[2023-10-30T22:25:50.179+0000][10514.559s][info ][safepoint     ] Application time: 1.0007242 seconds
[2023-10-30T22:25:50.179+0000][10514.560s][info ][safepoint     ] Entering safepoint region: Cleanup
[2023-10-30T22:25:50.180+0000][10514.561s][info ][safepoint     ] Leaving safepoint region
[2023-10-30T22:25:50.181+0000][10514.561s][info ][safepoint     ] Total time for which application threads were stopped: 0.0013942 seconds, Stopping threads took: 0.0007001 seconds
[2023-10-30T22:25:51.181+0000][10515.562s][debug][safepoint     ] Safepoint synchronization initiated. (183 threads)
[2023-10-30T22:25:51.182+0000][10515.562s][info ][safepoint     ] Application time: 1.0007339 seconds
[2023-10-30T22:25:51.182+0000][10515.563s][info ][safepoint     ] Entering safepoint region: Cleanup
[2023-10-30T22:25:51.183+0000][10515.564s][info ][safepoint     ] Leaving safepoint region
[2023-10-30T22:25:51.183+0000][10515.564s][info ][safepoint     ] Total time for which application threads were stopped: 0.0010914 seconds, Stopping threads took: 0.0005461 seconds
[2023-10-30T22:25:52.184+0000][10516.565s][debug][safepoint     ] Safepoint synchronization initiated. (183 threads)
[2023-10-30T22:25:52.185+0000][10516.566s][info ][safepoint     ] Application time: 1.0012597 seconds
[2023-10-30T22:25:52.186+0000][10516.566s][info ][safepoint     ] Entering safepoint region: Cleanup
[2023-10-30T22:25:52.187+0000][10516.567s][info ][safepoint     ] Leaving safepoint region
[2023-10-30T22:25:52.187+0000][10516.568s][info ][safepoint     ] Total time for which application threads were stopped: 0.0016136 seconds, Stopping threads took: 0.0007677 seconds
[2023-10-30T22:25:53.188+0000][10517.569s][debug][safepoint     ] Safepoint synchronization initiated. (183 threads)
[2023-10-30T22:25:53.189+0000][10517.569s][info ][safepoint     ] Application time: 1.0007060 seconds
[2023-10-30T22:25:53.189+0000][10517.570s][info ][safepoint     ] Entering safepoint region: Cleanup
[2023-10-30T22:25:53.190+0000][10517.570s][info ][safepoint     ] Leaving safepoint region
[2023-10-30T22:25:53.190+0000][10517.570s][info ][safepoint     ] Total time for which application threads were stopped: 0.0009368 seconds, Stopping threads took: 0.0003821 seconds
[2023-10-30T22:25:54.190+0000][10518.571s][debug][safepoint     ] Safepoint synchronization initiated. (183 threads)
[2023-10-30T22:25:54.191+0000][10518.571s][info ][safepoint     ] Application time: 1.0004619 seconds
[2023-10-30T22:25:54.191+0000][10518.572s][info ][safepoint     ] Entering safepoint region: Cleanup
[2023-10-30T22:25:54.192+0000][10518.572s][info ][safepoint     ] Leaving safepoint region
[2023-10-30T22:25:54.192+0000][10518.572s][info ][safepoint     ] Total time for which application threads were stopped: 0.0009435 seconds, Stopping threads took: 0.0003040 seconds
[2023-10-30T22:25:55.192+0000][10519.573s][debug][safepoint     ] Safepoint synchronization initiated. (183 threads)
[2023-10-30T22:25:55.193+0000][10519.573s][info ][safepoint     ] Application time: 1.0004868 seconds
[2023-10-30T22:25:55.193+0000][10519.574s][info ][safepoint     ] Entering safepoint region: Cleanup
[2023-10-30T22:25:55.194+0000][10519.574s][info ][safepoint     ] Leaving safepoint region
[2023-10-30T22:25:55.194+0000][10519.574s][info ][safepoint     ] Total time for which application threads were stopped: 0.0008815 seconds, Stopping threads took: 0.0003372 seconds
[2023-10-30T22:25:56.195+0000][10520.575s][debug][safepoint     ] Safepoint synchronization initiated. (183 threads)
[2023-10-30T22:25:56.195+0000][10520.576s][info ][safepoint     ] Application time: 1.0007639 seconds
[2023-10-30T22:25:56.196+0000][10520.576s][debug][safepoint     ] ... found polling page return exception at pc = 0x00007f3160b78876, stub =0x00007f3158840600
[2023-10-30T22:25:56.196+0000][10520.576s][debug][safepoint     ] ... found polling page return exception at pc = 0x00007f31609c75c8, stub =0x00007f3158840600
[2023-10-30T22:25:56.197+0000][10520.577s][debug][safepoint     ] Waiting for 2 thread(s) to block
[2023-10-30T22:25:56.198+0000][10520.578s][info ][safepoint     ] Entering safepoint region: Cleanup
[2023-10-30T22:25:56.198+0000][10520.579s][info ][safepoint     ] Leaving safepoint region
[2023-10-30T22:25:56.199+0000][10520.579s][info ][safepoint     ] Total time for which application threads were stopped: 0.0033710 seconds, Stopping threads took: 0.0026802 seconds
[2023-10-30T22:25:57.200+0000][10521.580s][debug][safepoint     ] Safepoint synchronization initiated. (183 threads)
[2023-10-30T22:25:57.200+0000][10521.581s][info ][safepoint     ] Application time: 1.0009222 seconds
[2023-10-30T22:25:57.201+0000][10521.581s][info ][safepoint     ] Entering safepoint region: Cleanup
[2023-10-30T22:25:57.202+0000][10521.582s][info ][safepoint     ] Leaving safepoint region
[2023-10-30T22:25:57.202+0000][10521.583s][info ][safepoint     ] Total time for which application threads were stopped: 0.0014235 seconds, Stopping threads took: 0.0006790 seconds
[2023-10-30T22:25:58.203+0000][10522.583s][debug][safepoint     ] Safepoint synchronization initiated. (183 threads)
[2023-10-30T22:25:58.204+0000][10522.584s][info ][safepoint     ] Application time: 1.0007909 seconds
[2023-10-30T22:25:58.204+0000][10522.584s][info ][safepoint     ] Entering safepoint region: Cleanup
[2023-10-30T22:25:58.205+0000][10522.585s][info ][safepoint     ] Leaving safepoint region
[2023-10-30T22:25:58.205+0000][10522.586s][info ][safepoint     ] Total time for which application threads were stopped: 0.0011868 seconds, Stopping threads took: 0.0004619 seconds
[2023-10-30T22:25:59.206+0000][10523.586s][debug][safepoint     ] Safepoint synchronization initiated. (183 threads)
[2023-10-30T22:25:59.206+0000][10523.587s][info ][safepoint     ] Application time: 1.0009717 seconds
[2023-10-30T22:25:59.207+0000][10523.588s][info ][safepoint     ] Entering safepoint region: Cleanup
[2023-10-30T22:25:59.208+0000][10523.588s][info ][safepoint     ] Leaving safepoint region
[2023-10-30T22:25:59.208+0000][10523.589s][info ][safepoint     ] Total time for which application threads were stopped: 0.0013326 seconds, Stopping threads took: 0.0006358 seconds
[2023-10-30T22:26:00.209+0000][10524.590s][debug][safepoint     ] Safepoint synchronization initiated. (183 threads)
[2023-10-30T22:26:00.210+0000][10524.590s][info ][safepoint     ] Application time: 1.0007679 seconds
[2023-10-30T22:26:00.210+0000][10524.591s][info ][safepoint     ] Entering safepoint region: Cleanup
[2023-10-30T22:26:00.211+0000][10524.591s][info ][safepoint     ] Leaving safepoint region
[2023-10-30T22:26:00.211+0000][10524.592s][info ][safepoint     ] Total time for which application threads were stopped: 0.0012577 seconds, Stopping threads took: 0.0005469 seconds
[2023-10-30T22:26:01.212+0000][10525.593s][debug][safepoint     ] Safepoint synchronization initiated. (183 threads)
[2023-10-30T22:26:01.213+0000][10525.593s][info ][safepoint     ] Application time: 1.0011342 seconds
[2023-10-30T22:26:01.214+0000][10525.594s][info ][safepoint     ] Entering safepoint region: Cleanup
[2023-10-30T22:26:01.215+0000][10525.595s][info ][safepoint     ] Leaving safepoint region
[2023-10-30T22:26:01.215+0000][10525.596s][info ][safepoint     ] Total time for which application threads were stopped: 0.0017718 seconds, Stopping threads took: 0.0008099 seconds
[2023-10-30T22:26:02.216+0000][10526.597s][debug][safepoint     ] Safepoint synchronization initiated. (183 threads)
[2023-10-30T22:26:02.217+0000][10526.597s][info ][safepoint     ] Application time: 1.0008910 seconds
[2023-10-30T22:26:02.217+0000][10526.598s][info ][safepoint     ] Entering safepoint region: Cleanup
[2023-10-30T22:26:02.218+0000][10526.599s][info ][safepoint     ] Leaving safepoint region
[2023-10-30T22:26:02.219+0000][10526.599s][info ][safepoint     ] Total time for which application threads were stopped: 0.0012385 seconds, Stopping threads took: 0.0005982 seconds
[2023-10-30T22:26:03.219+0000][10527.600s][debug][safepoint     ] Safepoint synchronization initiated. (183 threads)
[2023-10-30T22:26:03.220+0000][10527.601s][info ][safepoint     ] Application time: 1.0013269 seconds
[2023-10-30T22:26:03.221+0000][10527.602s][info ][safepoint     ] Entering safepoint region: Cleanup
[2023-10-30T22:26:03.222+0000][10527.603s][info ][safepoint     ] Leaving safepoint region
[2023-10-30T22:26:03.223+0000][10527.603s][info ][safepoint     ] Total time for which application threads were stopped: 0.0017430 seconds, Stopping threads took: 0.0007444 seconds
[2023-10-30T22:26:04.224+0000][10528.604s][debug][safepoint     ] Safepoint synchronization initiated. (183 threads)
[2023-10-30T22:26:04.225+0000][10528.605s][info ][safepoint     ] Application time: 1.0011336 seconds
[2023-10-30T22:26:04.225+0000][10528.606s][info ][safepoint     ] Entering safepoint region: Cleanup
[2023-10-30T22:26:04.226+0000][10528.607s][info ][safepoint     ] Leaving safepoint region
[2023-10-30T22:26:04.227+0000][10528.607s][info ][safepoint     ] Total time for which application threads were stopped: 0.0014210 seconds, Stopping threads took: 0.0006484 seconds
[2023-10-30T22:26:05.228+0000][10529.608s][debug][safepoint     ] Safepoint synchronization initiated. (183 threads)
[2023-10-30T22:26:05.228+0000][10529.609s][info ][safepoint     ] Application time: 1.0005865 seconds
[2023-10-30T22:26:05.228+0000][10529.609s][info ][safepoint     ] Entering safepoint region: Cleanup
[2023-10-30T22:26:05.229+0000][10529.609s][info ][safepoint     ] Leaving safepoint region
[2023-10-30T22:26:05.229+0000][10529.610s][info ][safepoint     ] Total time for which application threads were stopped: 0.0010029 seconds, Stopping threads took: 0.0003966 seconds
[2023-10-30T22:26:06.230+0000][10530.610s][debug][safepoint     ] Safepoint synchronization initiated. (181 threads)
[2023-10-30T22:26:06.231+0000][10530.612s][info ][safepoint     ] Application time: 1.0013156 seconds
[2023-10-30T22:26:06.232+0000][10530.613s][info ][safepoint     ] Entering safepoint region: Cleanup
[2023-10-30T22:26:06.233+0000][10530.614s][info ][safepoint     ] Leaving safepoint region
[2023-10-30T22:26:06.234+0000][10530.614s][info ][safepoint     ] Total time for which application threads were stopped: 0.0018195 seconds, Stopping threads took: 0.0008419 seconds
[2023-10-30T22:26:07.235+0000][10531.615s][debug][safepoint     ] Safepoint synchronization initiated. (181 threads)
[2023-10-30T22:26:07.235+0000][10531.616s][info ][safepoint     ] Application time: 1.0005232 seconds
[2023-10-30T22:26:07.236+0000][10531.616s][info ][safepoint     ] Entering safepoint region: Cleanup
[2023-10-30T22:26:07.236+0000][10531.617s][info ][safepoint     ] Leaving safepoint region
[2023-10-30T22:26:07.236+0000][10531.617s][info ][safepoint     ] Total time for which application threads were stopped: 0.0009636 seconds, Stopping threads took: 0.0004144 seconds
[2023-10-30T22:26:08.237+0000][10532.617s][debug][safepoint     ] Safepoint synchronization initiated. (181 threads)
[2023-10-30T22:26:08.237+0000][10532.618s][info ][safepoint     ] Application time: 1.0005964 seconds
[2023-10-30T22:26:08.238+0000][10532.618s][info ][safepoint     ] Entering safepoint region: Cleanup
[2023-10-30T22:26:08.238+0000][10532.619s][info ][safepoint     ] Leaving safepoint region
[2023-10-30T22:26:08.239+0000][10532.619s][info ][safepoint     ] Total time for which application threads were stopped: 0.0008577 seconds, Stopping threads took: 0.0003211 seconds
[2023-10-30T22:26:09.239+0000][10533.619s][debug][safepoint     ] Safepoint synchronization initiated. (181 threads)
[2023-10-30T22:26:09.239+0000][10533.620s][info ][safepoint     ] Application time: 1.0004527 seconds
[2023-10-30T22:26:09.240+0000][10533.620s][info ][safepoint     ] Entering safepoint region: Cleanup
[2023-10-30T22:26:09.240+0000][10533.621s][info ][safepoint     ] Leaving safepoint region
[2023-10-30T22:26:09.241+0000][10533.621s][info ][safepoint     ] Total time for which application threads were stopped: 0.0009130 seconds, Stopping threads took: 0.0003613 seconds
[2023-10-30T22:26:10.241+0000][10534.622s][debug][safepoint     ] Safepoint synchronization initiated. (181 threads)
[2023-10-30T22:26:10.242+0000][10534.622s][info ][safepoint     ] Application time: 1.0005458 seconds
[2023-10-30T22:26:10.242+0000][10534.622s][info ][safepoint     ] Entering safepoint region: Cleanup
[2023-10-30T22:26:10.242+0000][10534.623s][info ][safepoint     ] Leaving safepoint region
[2023-10-30T22:26:10.243+0000][10534.623s][info ][safepoint     ] Total time for which application threads were stopped: 0.0008434 seconds, Stopping threads took: 0.0003985 seconds
[2023-10-30T22:26:11.243+0000][10535.623s][debug][safepoint     ] Safepoint synchronization initiated. (181 threads)
[2023-10-30T22:26:11.243+0000][10535.624s][info ][safepoint     ] Application time: 1.0005643 seconds
[2023-10-30T22:26:11.244+0000][10535.624s][info ][safepoint     ] Entering safepoint region: Cleanup
[2023-10-30T22:26:11.244+0000][10535.625s][info ][safepoint     ] Leaving safepoint region
[2023-10-30T22:26:11.245+0000][10535.625s][info ][safepoint     ] Total time for which application threads were stopped: 0.0009470 seconds, Stopping threads took: 0.0004251 seconds
[2023-10-30T22:26:12.245+0000][10536.626s][debug][safepoint     ] Safepoint synchronization initiated. (181 threads)
[2023-10-30T22:26:12.246+0000][10536.627s][info ][safepoint     ] Application time: 1.0010381 seconds
[2023-10-30T22:26:12.247+0000][10536.627s][info ][safepoint     ] Entering safepoint region: Cleanup
[2023-10-30T22:26:12.248+0000][10536.628s][info ][safepoint     ] Leaving safepoint region
[2023-10-30T22:26:12.248+0000][10536.629s][info ][safepoint     ] Total time for which application threads were stopped: 0.0014462 seconds, Stopping threads took: 0.0006438 seconds
[2023-10-30T22:26:13.249+0000][10537.629s][debug][safepoint     ] Safepoint synchronization initiated. (181 threads)
[2023-10-30T22:26:13.250+0000][10537.630s][info ][safepoint     ] Application time: 1.0008589 seconds
[2023-10-30T22:26:13.250+0000][10537.631s][debug][safepoint     ] ... found polling page return exception at pc = 0x00007f3160b83dc4, stub =0x00007f3158840600
[2023-10-30T22:26:13.251+0000][10537.631s][debug][safepoint     ] Waiting for 2 thread(s) to block
[2023-10-30T22:26:13.252+0000][10537.632s][info ][safepoint     ] Entering safepoint region: Cleanup
[2023-10-30T22:26:13.252+0000][10537.633s][info ][safepoint     ] Leaving safepoint region
[2023-10-30T22:26:13.253+0000][10537.633s][info ][safepoint     ] Total time for which application threads were stopped: 0.0025622 seconds, Stopping threads took: 0.0018033 seconds
[2023-10-30T22:26:14.253+0000][10538.634s][debug][safepoint     ] Safepoint synchronization initiated. (181 threads)
[2023-10-30T22:26:14.254+0000][10538.635s][info ][safepoint     ] Application time: 1.0008003 seconds
[2023-10-30T22:26:14.255+0000][10538.635s][info ][safepoint     ] Entering safepoint region: Cleanup
[2023-10-30T22:26:14.255+0000][10538.636s][info ][safepoint     ] Leaving safepoint region
[2023-10-30T22:26:14.256+0000][10538.636s][info ][safepoint     ] Total time for which application threads were stopped: 0.0012400 seconds, Stopping threads took: 0.0005144 seconds
[2023-10-30T22:26:15.257+0000][10539.637s][debug][safepoint     ] Safepoint synchronization initiated. (185 threads)
[2023-10-30T22:26:15.257+0000][10539.638s][info ][safepoint     ] Application time: 1.0010095 seconds
[2023-10-30T22:26:15.258+0000][10539.638s][info ][safepoint     ] Entering safepoint region: Cleanup
[2023-10-30T22:26:15.259+0000][10539.639s][info ][safepoint     ] Leaving safepoint region
[2023-10-30T22:26:15.259+0000][10539.640s][info ][safepoint     ] Total time for which application threads were stopped: 0.0012686 seconds, Stopping threads took: 0.0005260 seconds
[2023-10-30T22:26:16.260+0000][10540.640s][debug][safepoint     ] Safepoint synchronization initiated. (185 threads)
[2023-10-30T22:26:16.260+0000][10540.641s][info ][safepoint     ] Application time: 1.0007242 seconds
[2023-10-30T22:26:16.261+0000][10540.641s][info ][safepoint     ] Entering safepoint region: Cleanup
[2023-10-30T22:26:16.261+0000][10540.642s][info ][safepoint     ] Leaving safepoint region
[2023-10-30T22:26:16.262+0000][10540.642s][info ][safepoint     ] Total time for which application threads were stopped: 0.0011319 seconds, Stopping threads took: 0.0005133 seconds
[2023-10-30T22:26:17.263+0000][10541.643s][debug][safepoint     ] Safepoint synchronization initiated. (185 threads)
[2023-10-30T22:26:17.264+0000][10541.644s][info ][safepoint     ] Application time: 1.0013488 seconds
[2023-10-30T22:26:17.265+0000][10541.645s][info ][safepoint     ] Entering safepoint region: Cleanup
[2023-10-30T22:26:17.266+0000][10541.646s][info ][safepoint     ] Leaving safepoint region
[2023-10-30T22:26:17.266+0000][10541.647s][info ][safepoint     ] Total time for which application threads were stopped: 0.0016826 seconds, Stopping threads took: 0.0007540 seconds
[2023-10-30T22:26:18.267+0000][10542.648s][debug][safepoint     ] Safepoint synchronization initiated. (186 threads)
[2023-10-30T22:26:18.268+0000][10542.648s][info ][safepoint     ] Application time: 1.0013019 seconds
[2023-10-30T22:26:18.269+0000][10542.649s][info ][safepoint     ] Entering safepoint region: Cleanup
[2023-10-30T22:26:18.270+0000][10542.651s][info ][safepoint     ] Leaving safepoint region
[2023-10-30T22:26:18.271+0000][10542.651s][info ][safepoint     ] Total time for which application threads were stopped: 0.0019698 seconds, Stopping threads took: 0.0008164 seconds
[2023-10-30T22:26:19.272+0000][10543.652s][debug][safepoint     ] Safepoint synchronization initiated. (186 threads)
[2023-10-30T22:26:19.273+0000][10543.653s][info ][safepoint     ] Application time: 1.0011189 seconds
[2023-10-30T22:26:19.273+0000][10543.654s][info ][safepoint     ] Entering safepoint region: Cleanup
[2023-10-30T22:26:19.275+0000][10543.655s][info ][safepoint     ] Leaving safepoint region
[2023-10-30T22:26:19.275+0000][10543.656s][info ][safepoint     ] Total time for which application threads were stopped: 0.0020553 seconds, Stopping threads took: 0.0009389 seconds
[2023-10-30T22:26:20.276+0000][10544.657s][debug][safepoint     ] Safepoint synchronization initiated. (186 threads)
[2023-10-30T22:26:20.277+0000][10544.658s][info ][safepoint     ] Application time: 1.0008242 seconds
[2023-10-30T22:26:20.278+0000][10544.658s][info ][safepoint     ] Entering safepoint region: Cleanup
[2023-10-30T22:26:20.278+0000][10544.659s][info ][safepoint     ] Leaving safepoint region
[2023-10-30T22:26:20.279+0000][10544.659s][info ][safepoint     ] Total time for which application threads were stopped: 0.0012144 seconds, Stopping threads took: 0.0005749 seconds
[2023-10-30T22:26:21.279+0000][10545.660s][debug][safepoint     ] Safepoint synchronization initiated. (186 threads)
[2023-10-30T22:26:21.280+0000][10545.661s][info ][safepoint     ] Application time: 1.0012585 seconds
[2023-10-30T22:26:21.281+0000][10545.662s][info ][safepoint     ] Entering safepoint region: Cleanup
[2023-10-30T22:26:21.282+0000][10545.663s][info ][safepoint     ] Leaving safepoint region
[2023-10-30T22:26:21.283+0000][10545.664s][info ][safepoint     ] Total time for which application threads were stopped: 0.0018386 seconds, Stopping threads took: 0.0008186 seconds
[2023-10-30T22:26:22.284+0000][10546.665s][debug][safepoint     ] Safepoint synchronization initiated. (186 threads)
[2023-10-30T22:26:22.285+0000][10546.666s][info ][safepoint     ] Application time: 1.0014126 seconds
[2023-10-30T22:26:22.286+0000][10546.667s][info ][safepoint     ] Entering safepoint region: Cleanup
[2023-10-30T22:26:22.288+0000][10546.668s][info ][safepoint     ] Leaving safepoint region
[2023-10-30T22:26:22.289+0000][10546.669s][info ][safepoint     ] Total time for which application threads were stopped: 0.0025809 seconds, Stopping threads took: 0.0012693 seconds
[2023-10-30T22:26:23.290+0000][10547.670s][debug][safepoint     ] Safepoint synchronization initiated. (186 threads)
[2023-10-30T22:26:23.291+0000][10547.672s][info ][safepoint     ] Application time: 1.0012845 seconds
[2023-10-30T22:26:23.292+0000][10547.673s][info ][safepoint     ] Entering safepoint region: Cleanup
[2023-10-30T22:26:23.293+0000][10547.674s][info ][safepoint     ] Leaving safepoint region
[2023-10-30T22:26:23.294+0000][10547.674s][info ][safepoint     ] Total time for which application threads were stopped: 0.0018306 seconds, Stopping threads took: 0.0009401 seconds
[2023-10-30T22:26:24.294+0000][10548.675s][debug][safepoint     ] Safepoint synchronization initiated. (186 threads)
[2023-10-30T22:26:24.295+0000][10548.676s][info ][safepoint     ] Application time: 1.0014021 seconds
[2023-10-30T22:26:24.296+0000][10548.677s][info ][safepoint     ] Entering safepoint region: Cleanup
[2023-10-30T22:26:24.297+0000][10548.679s][info ][safepoint     ] Leaving safepoint region
[2023-10-30T22:26:24.298+0000][10548.679s][info ][safepoint     ] Total time for which application threads were stopped: 0.0019651 seconds, Stopping threads took: 0.0009570 seconds
[2023-10-30T22:26:25.299+0000][10549.680s][debug][safepoint     ] Safepoint synchronization initiated. (186 threads)
[2023-10-30T22:26:25.300+0000][10549.681s][info ][safepoint     ] Application time: 1.0011463 seconds
[2023-10-30T22:26:25.301+0000][10549.682s][info ][safepoint     ] Entering safepoint region: Cleanup
[2023-10-30T22:26:25.302+0000][10549.683s][info ][safepoint     ] Leaving safepoint region
[2023-10-30T22:26:25.302+0000][10549.683s][info ][safepoint     ] Total time for which application threads were stopped: 0.0016836 seconds, Stopping threads took: 0.0007063 seconds
[2023-10-30T22:26:26.303+0000][10550.684s][debug][safepoint     ] Safepoint synchronization initiated. (186 threads)
[2023-10-30T22:26:26.304+0000][10550.685s][info ][safepoint     ] Application time: 1.0013000 seconds
[2023-10-30T22:26:26.305+0000][10550.686s][info ][safepoint     ] Entering safepoint region: Cleanup
[2023-10-30T22:26:26.306+0000][10550.687s][info ][safepoint     ] Leaving safepoint region
[2023-10-30T22:26:26.307+0000][10550.688s][info ][safepoint     ] Total time for which application threads were stopped: 0.0020246 seconds, Stopping threads took: 0.0008914 seconds
[2023-10-30T22:26:27.308+0000][10551.689s][debug][safepoint     ] Safepoint synchronization initiated. (186 threads)
[2023-10-30T22:26:27.308+0000][10551.690s][info ][safepoint     ] Application time: 1.0005975 seconds
[2023-10-30T22:26:27.309+0000][10551.690s][info ][safepoint     ] Entering safepoint region: Cleanup
[2023-10-30T22:26:27.309+0000][10551.691s][info ][safepoint     ] Leaving safepoint region
[2023-10-30T22:26:27.310+0000][10551.691s][info ][safepoint     ] Total time for which application threads were stopped: 0.0010222 seconds, Stopping threads took: 0.0003826 seconds
[2023-10-30T22:26:28.310+0000][10552.691s][debug][safepoint     ] Safepoint synchronization initiated. (186 threads)
[2023-10-30T22:26:28.311+0000][10552.692s][info ][safepoint     ] Application time: 1.0009091 seconds
[2023-10-30T22:26:28.312+0000][10552.693s][info ][safepoint     ] Entering safepoint region: Cleanup
[2023-10-30T22:26:28.312+0000][10552.693s][info ][safepoint     ] Leaving safepoint region
[2023-10-30T22:26:28.313+0000][10552.694s][info ][safepoint     ] Total time for which application threads were stopped: 0.0012530 seconds, Stopping threads took: 0.0005133 seconds
[2023-10-30T22:26:29.313+0000][10553.695s][debug][safepoint     ] Safepoint synchronization initiated. (186 threads)
[2023-10-30T22:26:29.314+0000][10553.695s][info ][safepoint     ] Application time: 1.0007682 seconds
[2023-10-30T22:26:29.315+0000][10553.696s][info ][safepoint     ] Entering safepoint region: Cleanup
[2023-10-30T22:26:29.315+0000][10553.696s][info ][safepoint     ] Leaving safepoint region
[2023-10-30T22:26:29.316+0000][10553.697s][info ][safepoint     ] Total time for which application threads were stopped: 0.0012227 seconds, Stopping threads took: 0.0005378 seconds
[2023-10-30T22:26:30.316+0000][10554.698s][debug][safepoint     ] Safepoint synchronization initiated. (186 threads)
[2023-10-30T22:26:30.317+0000][10554.698s][info ][safepoint     ] Application time: 1.0006998 seconds
[2023-10-30T22:26:30.317+0000][10554.699s][info ][safepoint     ] Entering safepoint region: Cleanup
[2023-10-30T22:26:30.318+0000][10554.699s][info ][safepoint     ] Leaving safepoint region
[2023-10-30T22:26:30.319+0000][10554.700s][info ][safepoint     ] Total time for which application threads were stopped: 0.0011739 seconds, Stopping threads took: 0.0005896 seconds
[2023-10-30T22:26:31.319+0000][10555.700s][debug][safepoint     ] Safepoint synchronization initiated. (186 threads)
[2023-10-30T22:26:31.320+0000][10555.701s][info ][safepoint     ] Application time: 1.0006624 seconds
[2023-10-30T22:26:31.320+0000][10555.702s][info ][safepoint     ] Entering safepoint region: Cleanup
[2023-10-30T22:26:31.321+0000][10555.702s][info ][safepoint     ] Leaving safepoint region
[2023-10-30T22:26:31.322+0000][10555.703s][info ][safepoint     ] Total time for which application threads were stopped: 0.0013978 seconds, Stopping threads took: 0.0005388 seconds
[2023-10-30T22:26:32.323+0000][10556.704s][debug][safepoint     ] Safepoint synchronization initiated. (186 threads)
[2023-10-30T22:26:32.324+0000][10556.705s][info ][safepoint     ] Application time: 1.0014252 seconds
[2023-10-30T22:26:32.325+0000][10556.706s][info ][safepoint     ] Entering safepoint region: Cleanup
[2023-10-30T22:26:32.326+0000][10556.707s][info ][safepoint     ] Leaving safepoint region
[2023-10-30T22:26:32.327+0000][10556.708s][info ][safepoint     ] Total time for which application threads were stopped: 0.0023651 seconds, Stopping threads took: 0.0010655 seconds
[2023-10-30T22:26:33.328+0000][10557.709s][debug][safepoint     ] Safepoint synchronization initiated. (186 threads)
[2023-10-30T22:26:33.329+0000][10557.710s][info ][safepoint     ] Application time: 1.0009714 seconds
[2023-10-30T22:26:33.330+0000][10557.711s][info ][safepoint     ] Entering safepoint region: Cleanup
[2023-10-30T22:26:33.331+0000][10557.712s][info ][safepoint     ] Leaving safepoint region
[2023-10-30T22:26:33.331+0000][10557.712s][info ][safepoint     ] Total time for which application threads were stopped: 0.0014863 seconds, Stopping threads took: 0.0007080 seconds
[2023-10-30T22:26:34.332+0000][10558.713s][debug][safepoint     ] Safepoint synchronization initiated. (186 threads)
[2023-10-30T22:26:34.333+0000][10558.714s][info ][safepoint     ] Application time: 1.0009827 seconds
[2023-10-30T22:26:34.333+0000][10558.715s][info ][safepoint     ] Entering safepoint region: Cleanup
[2023-10-30T22:26:34.334+0000][10558.715s][info ][safepoint     ] Leaving safepoint region
[2023-10-30T22:26:34.335+0000][10558.716s][info ][safepoint     ] Total time for which application threads were stopped: 0.0015233 seconds, Stopping threads took: 0.0006332 seconds
[2023-10-30T22:26:35.336+0000][10559.717s][debug][safepoint     ] Safepoint synchronization initiated. (186 threads)
[2023-10-30T22:26:35.337+0000][10559.718s][info ][safepoint     ] Application time: 1.0011380 seconds
[2023-10-30T22:26:35.338+0000][10559.719s][info ][safepoint     ] Entering safepoint region: Cleanup
[2023-10-30T22:26:35.339+0000][10559.720s][info ][safepoint     ] Leaving safepoint region
[2023-10-30T22:26:35.339+0000][10559.720s][info ][safepoint     ] Total time for which application threads were stopped: 0.0013503 seconds, Stopping threads took: 0.0006043 seconds
[2023-10-30T22:26:36.340+0000][10560.721s][debug][safepoint     ] Safepoint synchronization initiated. (186 threads)
[2023-10-30T22:26:36.341+0000][10560.722s][info ][safepoint     ] Application time: 1.0007627 seconds
[2023-10-30T22:26:36.341+0000][10560.722s][info ][safepoint     ] Entering safepoint region: Cleanup
[2023-10-30T22:26:36.342+0000][10560.723s][info ][safepoint     ] Leaving safepoint region
[2023-10-30T22:26:36.342+0000][10560.723s][info ][safepoint     ] Total time for which application threads were stopped: 0.0009677 seconds, Stopping threads took: 0.0003844 seconds
[2023-10-30T22:26:36.857+0000][10561.238s][debug][safepoint     ] Safepoint synchronization initiated. (187 threads)
[2023-10-30T22:26:36.858+0000][10561.239s][info ][safepoint     ] Application time: 0.5152909 seconds
[2023-10-30T22:26:36.858+0000][10561.239s][info ][safepoint     ] Entering safepoint region: G1CollectForAllocation
[2023-10-30T22:26:36.859+0000][10561.240s][info ][gc,start      ] GC(123) Pause Young (Concurrent Start) (G1 Humongous Allocation)
[2023-10-30T22:26:36.859+0000][10561.240s][info ][gc,task       ] GC(123) Using 8 workers of 8 for evacuation
[2023-10-30T22:26:36.869+0000][10561.250s][info ][gc,phases     ] GC(123)   Pre Evacuate Collection Set: 0.6ms
[2023-10-30T22:26:36.869+0000][10561.250s][info ][gc,phases     ] GC(123)   Evacuate Collection Set: 5.7ms
[2023-10-30T22:26:36.870+0000][10561.251s][info ][gc,phases     ] GC(123)   Post Evacuate Collection Set: 2.4ms
[2023-10-30T22:26:36.870+0000][10561.251s][info ][gc,phases     ] GC(123)   Other: 1.1ms
[2023-10-30T22:26:36.870+0000][10561.251s][info ][gc,heap       ] GC(123) Eden regions: 93->0(162)
[2023-10-30T22:26:36.871+0000][10561.252s][info ][gc,heap       ] GC(123) Survivor regions: 2->2(21)
[2023-10-30T22:26:36.871+0000][10561.252s][info ][gc,heap       ] GC(123) Old regions: 145->145
[2023-10-30T22:26:36.872+0000][10561.253s][info ][gc,heap       ] GC(123) Humongous regions: 20->20
[2023-10-30T22:26:36.872+0000][10561.253s][info ][gc,metaspace  ] GC(123) Metaspace: 169004K(176468K)->169004K(176468K) NonClass: 149704K(154504K)->149704K(154504K) Class: 19299K(21964K)->19299K(21964K)
[2023-10-30T22:26:36.872+0000][10561.254s][info ][gc            ] GC(123) Pause Young (Concurrent Start) (G1 Humongous Allocation) 257M->164M(372M) 13.705ms
[2023-10-30T22:26:36.873+0000][10561.254s][info ][gc,cpu        ] GC(123) User=0.04s Sys=0.01s Real=0.02s
[2023-10-30T22:26:36.874+0000][10561.255s][info ][safepoint     ] Leaving safepoint region
[2023-10-30T22:26:36.874+0000][10561.255s][info ][safepoint     ] Total time for which application threads were stopped: 0.0158719 seconds, Stopping threads took: 0.0004603 seconds
[2023-10-30T22:26:36.874+0000][10561.255s][info ][gc            ] GC(124) Concurrent Cycle
[2023-10-30T22:26:36.875+0000][10561.256s][info ][gc,marking    ] GC(124) Concurrent Clear Claimed Marks
[2023-10-30T22:26:36.876+0000][10561.257s][info ][gc,marking    ] GC(124) Concurrent Clear Claimed Marks 0.902ms
[2023-10-30T22:26:36.876+0000][10561.257s][info ][gc,marking    ] GC(124) Concurrent Scan Root Regions
[2023-10-30T22:26:36.883+0000][10561.264s][info ][gc,marking    ] GC(124) Concurrent Scan Root Regions 7.177ms
[2023-10-30T22:26:36.884+0000][10561.265s][info ][gc,marking    ] GC(124) Concurrent Mark (10561.265s)
[2023-10-30T22:26:36.884+0000][10561.265s][info ][gc,marking    ] GC(124) Concurrent Mark From Roots
[2023-10-30T22:26:36.884+0000][10561.266s][info ][gc,task       ] GC(124) Using 2 workers of 2 for marking
[2023-10-30T22:26:36.993+0000][10561.374s][info ][gc,marking    ] GC(124) Concurrent Mark From Roots 109.009ms
[2023-10-30T22:26:36.994+0000][10561.375s][info ][gc,marking    ] GC(124) Concurrent Preclean
[2023-10-30T22:26:36.994+0000][10561.375s][info ][gc,marking    ] GC(124) Concurrent Preclean 0.686ms
[2023-10-30T22:26:36.995+0000][10561.376s][info ][gc,marking    ] GC(124) Concurrent Mark (10561.265s, 10561.376s) 111.356ms
[2023-10-30T22:26:36.995+0000][10561.377s][debug][safepoint     ] Safepoint synchronization initiated. (187 threads)
[2023-10-30T22:26:36.996+0000][10561.377s][info ][safepoint     ] Application time: 0.1216052 seconds
[2023-10-30T22:26:36.996+0000][10561.378s][info ][safepoint     ] Entering safepoint region: CGC_Operation
[2023-10-30T22:26:36.997+0000][10561.378s][info ][gc,start      ] GC(124) Pause Remark
[2023-10-30T22:26:37.020+0000][10561.401s][info ][gc,stringtable] GC(124) Cleaned string and symbol table, strings: 72746 processed, 0 removed, symbols: 410946 processed, 450 removed
[2023-10-30T22:26:37.021+0000][10561.402s][info ][gc            ] GC(124) Pause Remark 172M->172M(372M) 23.609ms
[2023-10-30T22:26:37.021+0000][10561.402s][info ][gc,cpu        ] GC(124) User=0.17s Sys=0.00s Real=0.03s
[2023-10-30T22:26:37.022+0000][10561.403s][info ][safepoint     ] Leaving safepoint region
[2023-10-30T22:26:37.022+0000][10561.404s][info ][safepoint     ] Total time for which application threads were stopped: 0.0260174 seconds, Stopping threads took: 0.0005062 seconds
[2023-10-30T22:26:37.023+0000][10561.404s][info ][gc,marking    ] GC(124) Concurrent Rebuild Remembered Sets
[2023-10-30T22:26:37.097+0000][10561.478s][info ][gc,marking    ] GC(124) Concurrent Rebuild Remembered Sets 73.539ms
[2023-10-30T22:26:37.097+0000][10561.478s][debug][safepoint     ] Safepoint synchronization initiated. (187 threads)
[2023-10-30T22:26:37.098+0000][10561.479s][info ][safepoint     ] Application time: 0.0749956 seconds
[2023-10-30T22:26:37.098+0000][10561.480s][info ][safepoint     ] Entering safepoint region: CGC_Operation
[2023-10-30T22:26:37.099+0000][10561.480s][info ][gc,start      ] GC(124) Pause Cleanup
[2023-10-30T22:26:37.100+0000][10561.481s][info ][gc            ] GC(124) Pause Cleanup 172M->172M(372M) 0.894ms
[2023-10-30T22:26:37.100+0000][10561.482s][info ][gc,cpu        ] GC(124) User=0.00s Sys=0.00s Real=0.01s
[2023-10-30T22:26:37.101+0000][10561.482s][info ][safepoint     ] Leaving safepoint region
[2023-10-30T22:26:37.101+0000][10561.482s][info ][safepoint     ] Total time for which application threads were stopped: 0.0028670 seconds, Stopping threads took: 0.0005225 seconds
[2023-10-30T22:26:37.101+0000][10561.482s][debug][safepoint     ] ... found polling page return exception at pc = 0x00007f3160b83dc4, stub =0x00007f3158840600
[2023-10-30T22:26:37.102+0000][10561.483s][info ][gc,marking    ] GC(124) Concurrent Cleanup for Next Mark
[2023-10-30T22:26:37.108+0000][10561.489s][info ][gc,marking    ] GC(124) Concurrent Cleanup for Next Mark 6.285ms
[2023-10-30T22:26:37.109+0000][10561.490s][info ][gc            ] GC(124) Concurrent Cycle 235.385ms
[2023-10-30T22:26:38.102+0000][10562.483s][debug][safepoint     ] Safepoint synchronization initiated. (187 threads)
[2023-10-30T22:26:38.102+0000][10562.484s][info ][safepoint     ] Application time: 1.0007203 seconds
[2023-10-30T22:26:38.103+0000][10562.484s][info ][safepoint     ] Entering safepoint region: Cleanup
[2023-10-30T22:26:38.103+0000][10562.485s][info ][safepoint     ] Leaving safepoint region
[2023-10-30T22:26:38.104+0000][10562.485s][info ][safepoint     ] Total time for which application threads were stopped: 0.0010292 seconds, Stopping threads took: 0.0003865 seconds
[2023-10-30T22:26:39.104+0000][10563.486s][debug][safepoint     ] Safepoint synchronization initiated. (187 threads)
[2023-10-30T22:26:39.105+0000][10563.486s][info ][safepoint     ] Application time: 1.0008308 seconds
[2023-10-30T22:26:39.106+0000][10563.487s][info ][safepoint     ] Entering safepoint region: Cleanup
[2023-10-30T22:26:39.106+0000][10563.488s][info ][safepoint     ] Leaving safepoint region
[2023-10-30T22:26:39.107+0000][10563.488s][info ][safepoint     ] Total time for which application threads were stopped: 0.0013468 seconds, Stopping threads took: 0.0006201 seconds
[2023-10-30T22:26:40.108+0000][10564.489s][debug][safepoint     ] Safepoint synchronization initiated. (187 threads)
[2023-10-30T22:26:40.108+0000][10564.489s][info ][safepoint     ] Application time: 1.0008302 seconds
[2023-10-30T22:26:40.109+0000][10564.490s][info ][safepoint     ] Entering safepoint region: Cleanup
[2023-10-30T22:26:40.109+0000][10564.490s][info ][safepoint     ] Leaving safepoint region
[2023-10-30T22:26:40.110+0000][10564.491s][info ][safepoint     ] Total time for which application threads were stopped: 0.0011368 seconds, Stopping threads took: 0.0004805 seconds
[2023-10-30T22:26:41.110+0000][10565.492s][debug][safepoint     ] Safepoint synchronization initiated. (187 threads)
[2023-10-30T22:26:41.111+0000][10565.492s][info ][safepoint     ] Application time: 1.0006748 seconds
[2023-10-30T22:26:41.112+0000][10565.493s][info ][safepoint     ] Entering safepoint region: Cleanup
[2023-10-30T22:26:41.112+0000][10565.493s][info ][safepoint     ] Leaving safepoint region
[2023-10-30T22:26:41.113+0000][10565.494s][info ][safepoint     ] Total time for which application threads were stopped: 0.0010961 seconds, Stopping threads took: 0.0004346 seconds
[2023-10-30T22:26:42.113+0000][10566.495s][debug][safepoint     ] Safepoint synchronization initiated. (187 threads)
[2023-10-30T22:26:42.114+0000][10566.495s][info ][safepoint     ] Application time: 1.0007396 seconds
[2023-10-30T22:26:42.115+0000][10566.496s][info ][safepoint     ] Entering safepoint region: Cleanup
[2023-10-30T22:26:42.115+0000][10566.496s][info ][safepoint     ] Leaving safepoint region
[2023-10-30T22:26:42.116+0000][10566.497s][info ][safepoint     ] Total time for which application threads were stopped: 0.0013024 seconds, Stopping threads took: 0.0004763 seconds
[2023-10-30T22:26:43.117+0000][10567.498s][debug][safepoint     ] Safepoint synchronization initiated. (187 threads)
[2023-10-30T22:26:43.117+0000][10567.499s][info ][safepoint     ] Application time: 1.0010393 seconds
[2023-10-30T22:26:43.118+0000][10567.499s][info ][safepoint     ] Entering safepoint region: Cleanup
[2023-10-30T22:26:43.119+0000][10567.500s][info ][safepoint     ] Leaving safepoint region
[2023-10-30T22:26:43.119+0000][10567.501s][info ][safepoint     ] Total time for which application threads were stopped: 0.0012986 seconds, Stopping threads took: 0.0006264 seconds
[2023-10-30T22:26:44.120+0000][10568.501s][debug][safepoint     ] Safepoint synchronization initiated. (187 threads)
[2023-10-30T22:26:44.120+0000][10568.502s][info ][safepoint     ] Application time: 1.0005680 seconds
[2023-10-30T22:26:44.121+0000][10568.502s][info ][safepoint     ] Entering safepoint region: Cleanup
[2023-10-30T22:26:44.122+0000][10568.503s][info ][safepoint     ] Leaving safepoint region
[2023-10-30T22:26:44.122+0000][10568.503s][info ][safepoint     ] Total time for which application threads were stopped: 0.0012200 seconds, Stopping threads took: 0.0004167 seconds
[2023-10-30T22:26:45.123+0000][10569.504s][debug][safepoint     ] Safepoint synchronization initiated. (187 threads)
[2023-10-30T22:26:45.123+0000][10569.505s][info ][safepoint     ] Application time: 1.0009021 seconds
[2023-10-30T22:26:45.124+0000][10569.505s][info ][safepoint     ] Entering safepoint region: Cleanup
[2023-10-30T22:26:45.125+0000][10569.506s][info ][safepoint     ] Leaving safepoint region
[2023-10-30T22:26:45.125+0000][10569.506s][info ][safepoint     ] Total time for which application threads were stopped: 0.0012722 seconds, Stopping threads took: 0.0005429 seconds
[2023-10-30T22:26:46.126+0000][10570.507s][debug][safepoint     ] Safepoint synchronization initiated. (187 threads)
[2023-10-30T22:26:46.127+0000][10570.508s][info ][safepoint     ] Application time: 1.0010266 seconds
[2023-10-30T22:26:46.127+0000][10570.509s][info ][safepoint     ] Entering safepoint region: Cleanup
[2023-10-30T22:26:46.128+0000][10570.509s][info ][safepoint     ] Leaving safepoint region
[2023-10-30T22:26:46.129+0000][10570.510s][info ][safepoint     ] Total time for which application threads were stopped: 0.0014225 seconds, Stopping threads took: 0.0005548 seconds
[2023-10-30T22:26:47.129+0000][10571.511s][debug][safepoint     ] Safepoint synchronization initiated. (187 threads)
[2023-10-30T22:26:47.130+0000][10571.511s][info ][safepoint     ] Application time: 1.0006897 seconds
[2023-10-30T22:26:47.130+0000][10571.512s][info ][safepoint     ] Entering safepoint region: Cleanup
[2023-10-30T22:26:47.131+0000][10571.512s][info ][safepoint     ] Leaving safepoint region
[2023-10-30T22:26:47.131+0000][10571.512s][info ][safepoint     ] Total time for which application threads were stopped: 0.0007908 seconds, Stopping threads took: 0.0003447 seconds
[2023-10-30T22:26:48.132+0000][10572.513s][debug][safepoint     ] Safepoint synchronization initiated. (187 threads)
[2023-10-30T22:26:48.132+0000][10572.513s][info ][safepoint     ] Application time: 1.0006218 seconds
[2023-10-30T22:26:48.132+0000][10572.514s][info ][safepoint     ] Entering safepoint region: Cleanup
[2023-10-30T22:26:48.133+0000][10572.514s][info ][safepoint     ] Leaving safepoint region
[2023-10-30T22:26:48.133+0000][10572.514s][info ][safepoint     ] Total time for which application threads were stopped: 0.0008499 seconds, Stopping threads took: 0.0003727 seconds
[2023-10-30T22:26:49.134+0000][10573.515s][debug][safepoint     ] Safepoint synchronization initiated. (187 threads)
[2023-10-30T22:26:49.134+0000][10573.515s][info ][safepoint     ] Application time: 1.0008432 seconds
[2023-10-30T22:26:49.135+0000][10573.516s][info ][safepoint     ] Entering safepoint region: Cleanup
[2023-10-30T22:26:49.136+0000][10573.517s][info ][safepoint     ] Leaving safepoint region
[2023-10-30T22:26:49.136+0000][10573.517s][info ][safepoint     ] Total time for which application threads were stopped: 0.0011445 seconds, Stopping threads took: 0.0004905 seconds
[2023-10-30T22:26:50.137+0000][10574.518s][debug][safepoint     ] Safepoint synchronization initiated. (187 threads)
[2023-10-30T22:26:50.138+0000][10574.519s][info ][safepoint     ] Application time: 1.0010110 seconds
[2023-10-30T22:26:50.138+0000][10574.520s][info ][safepoint     ] Entering safepoint region: Cleanup
[2023-10-30T22:26:50.139+0000][10574.520s][info ][safepoint     ] Leaving safepoint region
[2023-10-30T22:26:50.140+0000][10574.521s][info ][safepoint     ] Total time for which application threads were stopped: 0.0013891 seconds, Stopping threads took: 0.0005198 seconds
[2023-10-30T22:26:51.140+0000][10575.522s][debug][safepoint     ] Safepoint synchronization initiated. (187 threads)
[2023-10-30T22:26:51.141+0000][10575.522s][info ][safepoint     ] Application time: 1.0008789 seconds
[2023-10-30T22:26:51.142+0000][10575.523s][info ][safepoint     ] Entering safepoint region: Cleanup
[2023-10-30T22:26:51.143+0000][10575.524s][info ][safepoint     ] Leaving safepoint region
[2023-10-30T22:26:51.143+0000][10575.524s][info ][safepoint     ] Total time for which application threads were stopped: 0.0013955 seconds, Stopping threads took: 0.0006165 seconds
[2023-10-30T22:26:52.144+0000][10576.525s][debug][safepoint     ] Safepoint synchronization initiated. (187 threads)
[2023-10-30T22:26:52.146+0000][10576.527s][info ][safepoint     ] Application time: 1.0020669 seconds
[2023-10-30T22:26:52.147+0000][10576.528s][info ][safepoint     ] Entering safepoint region: Cleanup
[2023-10-30T22:26:52.148+0000][10576.529s][info ][safepoint     ] Leaving safepoint region
[2023-10-30T22:26:52.149+0000][10576.530s][info ][safepoint     ] Total time for which application threads were stopped: 0.0013511 seconds, Stopping threads took: 0.0005541 seconds
[2023-10-30T22:26:53.149+0000][10577.530s][debug][safepoint     ] Safepoint synchronization initiated. (187 threads)
[2023-10-30T22:26:53.150+0000][10577.531s][info ][safepoint     ] Application time: 1.0005665 seconds
[2023-10-30T22:26:53.150+0000][10577.531s][info ][safepoint     ] Entering safepoint region: Cleanup
[2023-10-30T22:26:53.150+0000][10577.532s][info ][safepoint     ] Leaving safepoint region
[2023-10-30T22:26:53.151+0000][10577.532s][info ][safepoint     ] Total time for which application threads were stopped: 0.0009323 seconds, Stopping threads took: 0.0003381 seconds
[2023-10-30T22:26:54.152+0000][10578.532s][debug][safepoint     ] Safepoint synchronization initiated. (187 threads)
[2023-10-30T22:26:54.152+0000][10578.533s][info ][safepoint     ] Application time: 1.0007526 seconds
[2023-10-30T22:26:54.153+0000][10578.533s][info ][safepoint     ] Entering safepoint region: Cleanup
[2023-10-30T22:26:54.153+0000][10578.534s][info ][safepoint     ] Leaving safepoint region
[2023-10-30T22:26:54.154+0000][10578.534s][info ][safepoint     ] Total time for which application threads were stopped: 0.0009079 seconds, Stopping threads took: 0.0004064 seconds
[2023-10-30T22:26:55.154+0000][10579.535s][debug][safepoint     ] Safepoint synchronization initiated. (187 threads)
[2023-10-30T22:26:55.155+0000][10579.536s][info ][safepoint     ] Application time: 1.0008606 seconds
[2023-10-30T22:26:55.155+0000][10579.536s][info ][safepoint     ] Entering safepoint region: Cleanup
[2023-10-30T22:26:55.156+0000][10579.537s][info ][safepoint     ] Leaving safepoint region
[2023-10-30T22:26:55.157+0000][10579.537s][info ][safepoint     ] Total time for which application threads were stopped: 0.0014199 seconds, Stopping threads took: 0.0006951 seconds
[2023-10-30T22:26:56.158+0000][10580.538s][debug][safepoint     ] Safepoint synchronization initiated. (187 threads)
[2023-10-30T22:26:56.158+0000][10580.539s][info ][safepoint     ] Application time: 1.0008664 seconds
[2023-10-30T22:26:56.159+0000][10580.540s][info ][safepoint     ] Entering safepoint region: Cleanup
[2023-10-30T22:26:56.159+0000][10580.540s][info ][safepoint     ] Leaving safepoint region
[2023-10-30T22:26:56.160+0000][10580.541s][info ][safepoint     ] Total time for which application threads were stopped: 0.0013502 seconds, Stopping threads took: 0.0004885 seconds
[2023-10-30T22:26:57.161+0000][10581.541s][debug][safepoint     ] Safepoint synchronization initiated. (187 threads)
[2023-10-30T22:26:57.162+0000][10581.542s][info ][safepoint     ] Application time: 1.0011996 seconds
[2023-10-30T22:26:57.163+0000][10581.543s][info ][safepoint     ] Entering safepoint region: Cleanup
[2023-10-30T22:26:57.164+0000][10581.544s][info ][safepoint     ] Leaving safepoint region
[2023-10-30T22:26:57.164+0000][10581.545s][info ][safepoint     ] Total time for which application threads were stopped: 0.0017574 seconds, Stopping threads took: 0.0007888 seconds
[2023-10-30T22:26:58.165+0000][10582.546s][debug][safepoint     ] Safepoint synchronization initiated. (187 threads)
[2023-10-30T22:26:58.166+0000][10582.546s][info ][safepoint     ] Application time: 1.0006094 seconds
[2023-10-30T22:26:58.166+0000][10582.547s][info ][safepoint     ] Entering safepoint region: Cleanup
[2023-10-30T22:26:58.166+0000][10582.547s][info ][safepoint     ] Leaving safepoint region
[2023-10-30T22:26:58.167+0000][10582.548s][info ][safepoint     ] Total time for which application threads were stopped: 0.0008124 seconds, Stopping threads took: 0.0003270 seconds
[2023-10-30T22:26:59.167+0000][10583.548s][debug][safepoint     ] Safepoint synchronization initiated. (187 threads)
[2023-10-30T22:26:59.168+0000][10583.549s][info ][safepoint     ] Application time: 1.0009063 seconds
[2023-10-30T22:26:59.169+0000][10583.549s][info ][safepoint     ] Entering safepoint region: Cleanup
[2023-10-30T22:26:59.169+0000][10583.550s][info ][safepoint     ] Leaving safepoint region
[2023-10-30T22:26:59.170+0000][10583.551s][info ][safepoint     ] Total time for which application threads were stopped: 0.0013423 seconds, Stopping threads took: 0.0006653 seconds
[2023-10-30T22:27:00.171+0000][10584.551s][debug][safepoint     ] Safepoint synchronization initiated. (187 threads)
[2023-10-30T22:27:00.171+0000][10584.552s][info ][safepoint     ] Application time: 1.0012381 seconds
[2023-10-30T22:27:00.172+0000][10584.553s][info ][safepoint     ] Entering safepoint region: Cleanup
[2023-10-30T22:27:00.174+0000][10584.554s][info ][safepoint     ] Leaving safepoint region
[2023-10-30T22:27:00.174+0000][10584.555s][info ][safepoint     ] Total time for which application threads were stopped: 0.0018488 seconds, Stopping threads took: 0.0008359 seconds
[2023-10-30T22:27:01.175+0000][10585.556s][debug][safepoint     ] Safepoint synchronization initiated. (187 threads)
[2023-10-30T22:27:01.176+0000][10585.557s][info ][safepoint     ] Application time: 1.0013771 seconds
[2023-10-30T22:27:01.177+0000][10585.558s][info ][safepoint     ] Entering safepoint region: Cleanup
[2023-10-30T22:27:01.178+0000][10585.559s][info ][safepoint     ] Leaving safepoint region
[2023-10-30T22:27:01.179+0000][10585.560s][info ][safepoint     ] Total time for which application threads were stopped: 0.0021299 seconds, Stopping threads took: 0.0009066 seconds
[2023-10-30T22:27:02.180+0000][10586.561s][debug][safepoint     ] Safepoint synchronization initiated. (187 threads)
[2023-10-30T22:27:02.181+0000][10586.562s][info ][safepoint     ] Application time: 1.0013181 seconds
[2023-10-30T22:27:02.182+0000][10586.563s][info ][safepoint     ] Entering safepoint region: Cleanup
[2023-10-30T22:27:02.183+0000][10586.564s][info ][safepoint     ] Leaving safepoint region
[2023-10-30T22:27:02.184+0000][10586.565s][info ][safepoint     ] Total time for which application threads were stopped: 0.0019007 seconds, Stopping threads took: 0.0008596 seconds
[2023-10-30T22:27:03.185+0000][10587.566s][debug][safepoint     ] Safepoint synchronization initiated. (187 threads)
[2023-10-30T22:27:03.186+0000][10587.567s][info ][safepoint     ] Application time: 1.0011231 seconds
[2023-10-30T22:27:03.187+0000][10587.567s][info ][safepoint     ] Entering safepoint region: Cleanup
[2023-10-30T22:27:03.188+0000][10587.568s][info ][safepoint     ] Leaving safepoint region
[2023-10-30T22:27:03.188+0000][10587.569s][info ][safepoint     ] Total time for which application threads were stopped: 0.0016625 seconds, Stopping threads took: 0.0007023 seconds
[2023-10-30T22:27:04.189+0000][10588.570s][debug][safepoint     ] Safepoint synchronization initiated. (187 threads)
[2023-10-30T22:27:04.189+0000][10588.570s][info ][safepoint     ] Application time: 1.0005168 seconds
[2023-10-30T22:27:04.190+0000][10588.571s][info ][safepoint     ] Entering safepoint region: Cleanup
[2023-10-30T22:27:04.190+0000][10588.571s][info ][safepoint     ] Leaving safepoint region
[2023-10-30T22:27:04.191+0000][10588.571s][info ][safepoint     ] Total time for which application threads were stopped: 0.0008861 seconds, Stopping threads took: 0.0003876 seconds
[2023-10-30T22:27:05.191+0000][10589.572s][debug][safepoint     ] Safepoint synchronization initiated. (187 threads)
[2023-10-30T22:27:05.192+0000][10589.573s][info ][safepoint     ] Application time: 1.0009195 seconds
[2023-10-30T22:27:05.193+0000][10589.573s][info ][safepoint     ] Entering safepoint region: Cleanup
[2023-10-30T22:27:05.194+0000][10589.574s][info ][safepoint     ] Leaving safepoint region
[2023-10-30T22:27:05.194+0000][10589.575s][info ][safepoint     ] Total time for which application threads were stopped: 0.0016656 seconds, Stopping threads took: 0.0007903 seconds
[2023-10-30T22:27:06.195+0000][10590.576s][debug][safepoint     ] Safepoint synchronization initiated. (187 threads)
[2023-10-30T22:27:06.196+0000][10590.577s][info ][safepoint     ] Application time: 1.0009815 seconds
[2023-10-30T22:27:06.196+0000][10590.577s][info ][safepoint     ] Entering safepoint region: Cleanup
[2023-10-30T22:27:06.197+0000][10590.578s][info ][safepoint     ] Leaving safepoint region
[2023-10-30T22:27:06.198+0000][10590.578s][info ][safepoint     ] Total time for which application threads were stopped: 0.0013165 seconds, Stopping threads took: 0.0005742 seconds
[2023-10-30T22:27:07.198+0000][10591.579s][debug][safepoint     ] Safepoint synchronization initiated. (187 threads)
[2023-10-30T22:27:07.199+0000][10591.580s][info ][safepoint     ] Application time: 1.0010704 seconds
[2023-10-30T22:27:07.200+0000][10591.581s][info ][safepoint     ] Entering safepoint region: Cleanup
[2023-10-30T22:27:07.201+0000][10591.582s][info ][safepoint     ] Leaving safepoint region
[2023-10-30T22:27:07.201+0000][10591.582s][info ][safepoint     ] Total time for which application threads were stopped: 0.0014883 seconds, Stopping threads took: 0.0007173 seconds
[2023-10-30T22:27:08.202+0000][10592.583s][debug][safepoint     ] Safepoint synchronization initiated. (187 threads)
[2023-10-30T22:27:08.203+0000][10592.583s][info ][safepoint     ] Application time: 1.0006703 seconds
[2023-10-30T22:27:08.203+0000][10592.584s][info ][safepoint     ] Entering safepoint region: Cleanup
[2023-10-30T22:27:08.204+0000][10592.584s][info ][safepoint     ] Leaving safepoint region
[2023-10-30T22:27:08.204+0000][10592.585s][info ][safepoint     ] Total time for which application threads were stopped: 0.0008946 seconds, Stopping threads took: 0.0003596 seconds
[2023-10-30T22:27:09.204+0000][10593.585s][debug][safepoint     ] Safepoint synchronization initiated. (187 threads)
[2023-10-30T22:27:09.205+0000][10593.586s][info ][safepoint     ] Application time: 1.0006731 seconds
[2023-10-30T22:27:09.205+0000][10593.586s][info ][safepoint     ] Entering safepoint region: Cleanup
[2023-10-30T22:27:09.206+0000][10593.587s][info ][safepoint     ] Leaving safepoint region
[2023-10-30T22:27:09.207+0000][10593.587s][info ][safepoint     ] Total time for which application threads were stopped: 0.0012522 seconds, Stopping threads took: 0.0005377 seconds
[2023-10-30T22:27:10.207+0000][10594.588s][debug][safepoint     ] Safepoint synchronization initiated. (187 threads)
[2023-10-30T22:27:10.208+0000][10594.589s][info ][safepoint     ] Application time: 1.0010436 seconds
[2023-10-30T22:27:10.209+0000][10594.589s][info ][safepoint     ] Entering safepoint region: Cleanup
[2023-10-30T22:27:10.209+0000][10594.590s][info ][safepoint     ] Leaving safepoint region
[2023-10-30T22:27:10.210+0000][10594.591s][info ][safepoint     ] Total time for which application threads were stopped: 0.0016164 seconds, Stopping threads took: 0.0006405 seconds
[2023-10-30T22:27:11.211+0000][10595.592s][debug][safepoint     ] Safepoint synchronization initiated. (187 threads)
[2023-10-30T22:27:11.211+0000][10595.592s][info ][safepoint     ] Application time: 1.0005200 seconds
[2023-10-30T22:27:11.212+0000][10595.592s][info ][safepoint     ] Entering safepoint region: Cleanup
[2023-10-30T22:27:11.212+0000][10595.593s][info ][safepoint     ] Leaving safepoint region
[2023-10-30T22:27:11.212+0000][10595.593s][info ][safepoint     ] Total time for which application threads were stopped: 0.0008385 seconds, Stopping threads took: 0.0003241 seconds
[2023-10-30T22:27:12.213+0000][10596.594s][debug][safepoint     ] Safepoint synchronization initiated. (187 threads)
[2023-10-30T22:27:12.213+0000][10596.594s][info ][safepoint     ] Application time: 1.0005010 seconds
[2023-10-30T22:27:12.213+0000][10596.594s][info ][safepoint     ] Entering safepoint region: Cleanup
[2023-10-30T22:27:12.214+0000][10596.595s][info ][safepoint     ] Leaving safepoint region
[2023-10-30T22:27:12.214+0000][10596.595s][info ][safepoint     ] Total time for which application threads were stopped: 0.0007443 seconds, Stopping threads took: 0.0003081 seconds
[2023-10-30T22:27:13.215+0000][10597.595s][debug][safepoint     ] Safepoint synchronization initiated. (187 threads)
[2023-10-30T22:27:13.216+0000][10597.596s][info ][safepoint     ] Application time: 1.0010660 seconds
[2023-10-30T22:27:13.216+0000][10597.597s][info ][safepoint     ] Entering safepoint region: Cleanup
[2023-10-30T22:27:13.217+0000][10597.598s][info ][safepoint     ] Leaving safepoint region
[2023-10-30T22:27:13.218+0000][10597.599s][info ][safepoint     ] Total time for which application threads were stopped: 0.0018554 seconds, Stopping threads took: 0.0008065 seconds
[2023-10-30T22:27:14.219+0000][10598.599s][debug][safepoint     ] Safepoint synchronization initiated. (187 threads)
[2023-10-30T22:27:14.219+0000][10598.600s][info ][safepoint     ] Application time: 1.0005136 seconds
[2023-10-30T22:27:14.219+0000][10598.600s][info ][safepoint     ] Entering safepoint region: Cleanup
[2023-10-30T22:27:14.220+0000][10598.601s][info ][safepoint     ] Leaving safepoint region
[2023-10-30T22:27:14.220+0000][10598.601s][info ][safepoint     ] Total time for which application threads were stopped: 0.0007921 seconds, Stopping threads took: 0.0003291 seconds
[2023-10-30T22:27:15.221+0000][10599.601s][debug][safepoint     ] Safepoint synchronization initiated. (187 threads)
[2023-10-30T22:27:15.221+0000][10599.602s][info ][safepoint     ] Application time: 1.0005323 seconds
[2023-10-30T22:27:15.221+0000][10599.602s][info ][safepoint     ] Entering safepoint region: Cleanup
[2023-10-30T22:27:15.222+0000][10599.603s][info ][safepoint     ] Leaving safepoint region
[2023-10-30T22:27:15.222+0000][10599.603s][info ][safepoint     ] Total time for which application threads were stopped: 0.0008127 seconds, Stopping threads took: 0.0003315 seconds
[2023-10-30T22:27:16.223+0000][10600.603s][debug][safepoint     ] Safepoint synchronization initiated. (187 threads)
[2023-10-30T22:27:16.223+0000][10600.604s][info ][safepoint     ] Application time: 1.0005221 seconds
[2023-10-30T22:27:16.223+0000][10600.604s][info ][safepoint     ] Entering safepoint region: Cleanup
[2023-10-30T22:27:16.224+0000][10600.605s][info ][safepoint     ] Leaving safepoint region
[2023-10-30T22:27:16.224+0000][10600.605s][info ][safepoint     ] Total time for which application threads were stopped: 0.0009422 seconds, Stopping threads took: 0.0003181 seconds
[2023-10-30T22:27:17.225+0000][10601.606s][debug][safepoint     ] Safepoint synchronization initiated. (187 threads)
[2023-10-30T22:27:17.226+0000][10601.607s][info ][safepoint     ] Application time: 1.0012177 seconds
[2023-10-30T22:27:17.227+0000][10601.607s][info ][safepoint     ] Entering safepoint region: Cleanup
[2023-10-30T22:27:17.227+0000][10601.608s][info ][safepoint     ] Leaving safepoint region
[2023-10-30T22:27:17.228+0000][10601.608s][info ][safepoint     ] Total time for which application threads were stopped: 0.0011565 seconds, Stopping threads took: 0.0004978 seconds
[2023-10-30T22:27:18.228+0000][10602.609s][debug][safepoint     ] Safepoint synchronization initiated. (187 threads)
[2023-10-30T22:27:18.229+0000][10602.610s][info ][safepoint     ] Application time: 1.0005863 seconds
[2023-10-30T22:27:18.229+0000][10602.610s][info ][safepoint     ] Entering safepoint region: Cleanup
[2023-10-30T22:27:18.230+0000][10602.611s][info ][safepoint     ] Leaving safepoint region
[2023-10-30T22:27:18.230+0000][10602.611s][info ][safepoint     ] Total time for which application threads were stopped: 0.0008960 seconds, Stopping threads took: 0.0003701 seconds
[2023-10-30T22:27:19.231+0000][10603.611s][debug][safepoint     ] Safepoint synchronization initiated. (187 threads)
[2023-10-30T22:27:19.231+0000][10603.612s][info ][safepoint     ] Application time: 1.0007093 seconds
[2023-10-30T22:27:19.232+0000][10603.612s][info ][safepoint     ] Entering safepoint region: Cleanup
[2023-10-30T22:27:19.232+0000][10603.613s][info ][safepoint     ] Leaving safepoint region
[2023-10-30T22:27:19.232+0000][10603.613s][info ][safepoint     ] Total time for which application threads were stopped: 0.0007450 seconds, Stopping threads took: 0.0003093 seconds
[2023-10-30T22:27:20.233+0000][10604.614s][debug][safepoint     ] Safepoint synchronization initiated. (187 threads)
[2023-10-30T22:27:20.233+0000][10604.614s][info ][safepoint     ] Application time: 1.0006256 seconds
[2023-10-30T22:27:20.234+0000][10604.614s][info ][safepoint     ] Entering safepoint region: Cleanup
[2023-10-30T22:27:20.234+0000][10604.615s][info ][safepoint     ] Leaving safepoint region
[2023-10-30T22:27:20.234+0000][10604.615s][info ][safepoint     ] Total time for which application threads were stopped: 0.0007857 seconds, Stopping threads took: 0.0003399 seconds
[2023-10-30T22:27:21.235+0000][10605.616s][debug][safepoint     ] Safepoint synchronization initiated. (187 threads)
[2023-10-30T22:27:21.236+0000][10605.616s][info ][safepoint     ] Application time: 1.0009498 seconds
[2023-10-30T22:27:21.236+0000][10605.617s][info ][safepoint     ] Entering safepoint region: Cleanup
[2023-10-30T22:27:21.237+0000][10605.618s][info ][safepoint     ] Leaving safepoint region
[2023-10-30T22:27:21.238+0000][10605.618s][info ][safepoint     ] Total time for which application threads were stopped: 0.0013277 seconds, Stopping threads took: 0.0005496 seconds
[2023-10-30T22:27:22.238+0000][10606.619s][debug][safepoint     ] Safepoint synchronization initiated. (187 threads)
[2023-10-30T22:27:22.239+0000][10606.620s][info ][safepoint     ] Application time: 1.0008429 seconds
[2023-10-30T22:27:22.239+0000][10606.620s][info ][safepoint     ] Entering safepoint region: Cleanup
[2023-10-30T22:27:22.240+0000][10606.621s][info ][safepoint     ] Leaving safepoint region
[2023-10-30T22:27:22.241+0000][10606.621s][info ][safepoint     ] Total time for which application threads were stopped: 0.0012825 seconds, Stopping threads took: 0.0006127 seconds
[2023-10-30T22:27:23.241+0000][10607.622s][debug][safepoint     ] Safepoint synchronization initiated. (187 threads)
[2023-10-30T22:27:23.242+0000][10607.623s][info ][safepoint     ] Application time: 1.0011729 seconds
[2023-10-30T22:27:23.243+0000][10607.624s][info ][safepoint     ] Entering safepoint region: Cleanup
[2023-10-30T22:27:23.244+0000][10607.625s][info ][safepoint     ] Leaving safepoint region
[2023-10-30T22:27:23.245+0000][10607.626s][info ][safepoint     ] Total time for which application threads were stopped: 0.0020492 seconds, Stopping threads took: 0.0006798 seconds
[2023-10-30T22:27:24.247+0000][10608.627s][debug][safepoint     ] Safepoint synchronization initiated. (187 threads)
[2023-10-30T22:27:24.247+0000][10608.628s][info ][safepoint     ] Application time: 1.0009737 seconds
[2023-10-30T22:27:24.248+0000][10608.628s][info ][safepoint     ] Entering safepoint region: Cleanup
[2023-10-30T22:27:24.249+0000][10608.629s][info ][safepoint     ] Leaving safepoint region
[2023-10-30T22:27:24.249+0000][10608.630s][info ][safepoint     ] Total time for which application threads were stopped: 0.0012491 seconds, Stopping threads took: 0.0005810 seconds
[2023-10-30T22:27:25.250+0000][10609.630s][debug][safepoint     ] Safepoint synchronization initiated. (187 threads)
[2023-10-30T22:27:25.250+0000][10609.631s][info ][safepoint     ] Application time: 1.0005685 seconds
[2023-10-30T22:27:25.250+0000][10609.631s][info ][safepoint     ] Entering safepoint region: Cleanup
[2023-10-30T22:27:25.251+0000][10609.632s][info ][safepoint     ] Leaving safepoint region
[2023-10-30T22:27:25.251+0000][10609.632s][info ][safepoint     ] Total time for which application threads were stopped: 0.0008643 seconds, Stopping threads took: 0.0003392 seconds
[2023-10-30T22:27:26.252+0000][10610.632s][debug][safepoint     ] Safepoint synchronization initiated. (187 threads)
[2023-10-30T22:27:26.252+0000][10610.633s][info ][safepoint     ] Application time: 1.0006216 seconds
[2023-10-30T22:27:26.253+0000][10610.633s][info ][safepoint     ] Entering safepoint region: Cleanup
[2023-10-30T22:27:26.253+0000][10610.634s][info ][safepoint     ] Leaving safepoint region
[2023-10-30T22:27:26.253+0000][10610.634s][info ][safepoint     ] Total time for which application threads were stopped: 0.0008722 seconds, Stopping threads took: 0.0003672 seconds
[2023-10-30T22:27:27.254+0000][10611.635s][debug][safepoint     ] Safepoint synchronization initiated. (187 threads)
[2023-10-30T22:27:27.255+0000][10611.636s][info ][safepoint     ] Application time: 1.0011957 seconds
[2023-10-30T22:27:27.256+0000][10611.637s][info ][safepoint     ] Entering safepoint region: Cleanup
[2023-10-30T22:27:27.257+0000][10611.638s][info ][safepoint     ] Leaving safepoint region
[2023-10-30T22:27:27.257+0000][10611.638s][info ][safepoint     ] Total time for which application threads were stopped: 0.0016223 seconds, Stopping threads took: 0.0006750 seconds
[2023-10-30T22:27:28.258+0000][10612.639s][debug][safepoint     ] Safepoint synchronization initiated. (187 threads)
[2023-10-30T22:27:28.259+0000][10612.640s][info ][safepoint     ] Application time: 1.0008149 seconds
[2023-10-30T22:27:28.260+0000][10612.640s][info ][safepoint     ] Entering safepoint region: Cleanup
[2023-10-30T22:27:28.260+0000][10612.641s][info ][safepoint     ] Leaving safepoint region
[2023-10-30T22:27:28.261+0000][10612.641s][info ][safepoint     ] Total time for which application threads were stopped: 0.0012748 seconds, Stopping threads took: 0.0006318 seconds
[2023-10-30T22:27:29.261+0000][10613.642s][debug][safepoint     ] Safepoint synchronization initiated. (187 threads)
[2023-10-30T22:27:29.262+0000][10613.643s][info ][safepoint     ] Application time: 1.0006349 seconds
[2023-10-30T22:27:29.262+0000][10613.643s][info ][safepoint     ] Entering safepoint region: Cleanup
[2023-10-30T22:27:29.263+0000][10613.644s][info ][safepoint     ] Leaving safepoint region
[2023-10-30T22:27:29.263+0000][10613.644s][info ][safepoint     ] Total time for which application threads were stopped: 0.0009844 seconds, Stopping threads took: 0.0004180 seconds
[2023-10-30T22:27:30.264+0000][10614.644s][debug][safepoint     ] Safepoint synchronization initiated. (188 threads)
[2023-10-30T22:27:30.264+0000][10614.645s][info ][safepoint     ] Application time: 1.0006675 seconds
[2023-10-30T22:27:30.265+0000][10614.646s][info ][safepoint     ] Entering safepoint region: Cleanup
[2023-10-30T22:27:30.267+0000][10614.648s][info ][safepoint     ] Leaving safepoint region
[2023-10-30T22:27:30.269+0000][10614.650s][info ][safepoint     ] Total time for which application threads were stopped: 0.0036489 seconds, Stopping threads took: 0.0014437 seconds
[2023-10-30T22:27:31.269+0000][10615.650s][debug][safepoint     ] Safepoint synchronization initiated. (188 threads)
[2023-10-30T22:27:31.270+0000][10615.651s][info ][safepoint     ] Application time: 1.0011907 seconds
[2023-10-30T22:27:31.271+0000][10615.652s][info ][safepoint     ] Entering safepoint region: Cleanup
[2023-10-30T22:27:31.273+0000][10615.653s][info ][safepoint     ] Leaving safepoint region
[2023-10-30T22:27:31.273+0000][10615.654s][info ][safepoint     ] Total time for which application threads were stopped: 0.0019557 seconds, Stopping threads took: 0.0008757 seconds
[2023-10-30T22:27:32.274+0000][10616.655s][debug][safepoint     ] Safepoint synchronization initiated. (188 threads)
[2023-10-30T22:27:32.275+0000][10616.655s][info ][safepoint     ] Application time: 1.0009405 seconds
[2023-10-30T22:27:32.275+0000][10616.656s][info ][safepoint     ] Entering safepoint region: Cleanup
[2023-10-30T22:27:32.276+0000][10616.657s][info ][safepoint     ] Leaving safepoint region
[2023-10-30T22:27:32.277+0000][10616.658s][info ][safepoint     ] Total time for which application threads were stopped: 0.0017681 seconds, Stopping threads took: 0.0006682 seconds
[2023-10-30T22:27:33.278+0000][10617.659s][debug][safepoint     ] Safepoint synchronization initiated. (188 threads)
[2023-10-30T22:27:33.279+0000][10617.660s][info ][safepoint     ] Application time: 1.0016887 seconds
[2023-10-30T22:27:33.280+0000][10617.661s][info ][safepoint     ] Entering safepoint region: Cleanup
[2023-10-30T22:27:33.282+0000][10617.663s][info ][safepoint     ] Leaving safepoint region
[2023-10-30T22:27:33.283+0000][10617.663s][info ][safepoint     ] Total time for which application threads were stopped: 0.0023103 seconds, Stopping threads took: 0.0010966 seconds
[2023-10-30T22:27:34.284+0000][10618.664s][debug][safepoint     ] Safepoint synchronization initiated. (188 threads)
[2023-10-30T22:27:34.284+0000][10618.665s][info ][safepoint     ] Application time: 1.0005435 seconds
[2023-10-30T22:27:34.284+0000][10618.665s][info ][safepoint     ] Entering safepoint region: Cleanup
[2023-10-30T22:27:34.285+0000][10618.666s][info ][safepoint     ] Leaving safepoint region
[2023-10-30T22:27:34.285+0000][10618.666s][info ][safepoint     ] Total time for which application threads were stopped: 0.0009061 seconds, Stopping threads took: 0.0003887 seconds
[2023-10-30T22:27:35.286+0000][10619.666s][debug][safepoint     ] Safepoint synchronization initiated. (186 threads)
[2023-10-30T22:27:35.286+0000][10619.667s][info ][safepoint     ] Application time: 1.0005449 seconds
[2023-10-30T22:27:35.286+0000][10619.667s][info ][safepoint     ] Entering safepoint region: Cleanup
[2023-10-30T22:27:35.287+0000][10619.668s][info ][safepoint     ] Leaving safepoint region
[2023-10-30T22:27:35.287+0000][10619.668s][info ][safepoint     ] Total time for which application threads were stopped: 0.0007387 seconds, Stopping threads took: 0.0003254 seconds
[2023-10-30T22:27:36.288+0000][10620.668s][debug][safepoint     ] Safepoint synchronization initiated. (186 threads)
[2023-10-30T22:27:36.288+0000][10620.669s][info ][safepoint     ] Application time: 1.0006313 seconds
[2023-10-30T22:27:36.289+0000][10620.669s][info ][safepoint     ] Entering safepoint region: Cleanup
[2023-10-30T22:27:36.289+0000][10620.670s][info ][safepoint     ] Leaving safepoint region
[2023-10-30T22:27:36.290+0000][10620.671s][info ][safepoint     ] Total time for which application threads were stopped: 0.0013335 seconds, Stopping threads took: 0.0004975 seconds
[2023-10-30T22:27:37.290+0000][10621.671s][debug][safepoint     ] Safepoint synchronization initiated. (186 threads)
[2023-10-30T22:27:37.291+0000][10621.671s][info ][safepoint     ] Application time: 1.0006234 seconds
[2023-10-30T22:27:37.291+0000][10621.672s][info ][safepoint     ] Entering safepoint region: Cleanup
[2023-10-30T22:27:37.292+0000][10621.673s][info ][safepoint     ] Leaving safepoint region
[2023-10-30T22:27:37.292+0000][10621.673s][info ][safepoint     ] Total time for which application threads were stopped: 0.0012650 seconds, Stopping threads took: 0.0004171 seconds
[2023-10-30T22:27:38.293+0000][10622.674s][debug][safepoint     ] Safepoint synchronization initiated. (186 threads)
[2023-10-30T22:27:38.294+0000][10622.675s][info ][safepoint     ] Application time: 1.0014765 seconds
[2023-10-30T22:27:38.295+0000][10622.676s][info ][safepoint     ] Entering safepoint region: Cleanup
[2023-10-30T22:27:38.297+0000][10622.677s][info ][safepoint     ] Leaving safepoint region
[2023-10-30T22:27:38.297+0000][10622.678s][info ][safepoint     ] Total time for which application threads were stopped: 0.0020286 seconds, Stopping threads took: 0.0009512 seconds
[2023-10-30T22:27:39.298+0000][10623.679s][debug][safepoint     ] Safepoint synchronization initiated. (185 threads)
[2023-10-30T22:27:39.299+0000][10623.680s][info ][safepoint     ] Application time: 1.0006117 seconds
[2023-10-30T22:27:39.299+0000][10623.680s][info ][safepoint     ] Entering safepoint region: Cleanup
[2023-10-30T22:27:39.300+0000][10623.681s][info ][safepoint     ] Leaving safepoint region
[2023-10-30T22:27:39.300+0000][10623.681s][info ][safepoint     ] Total time for which application threads were stopped: 0.0009872 seconds, Stopping threads took: 0.0004091 seconds
[2023-10-30T22:27:40.301+0000][10624.681s][debug][safepoint     ] Safepoint synchronization initiated. (185 threads)
[2023-10-30T22:27:40.301+0000][10624.682s][info ][safepoint     ] Application time: 1.0005749 seconds
[2023-10-30T22:27:40.302+0000][10624.682s][info ][safepoint     ] Entering safepoint region: Cleanup
[2023-10-30T22:27:40.302+0000][10624.683s][info ][safepoint     ] Leaving safepoint region
[2023-10-30T22:27:40.302+0000][10624.683s][info ][safepoint     ] Total time for which application threads were stopped: 0.0008503 seconds, Stopping threads took: 0.0003480 seconds
[2023-10-30T22:27:41.303+0000][10625.684s][debug][safepoint     ] Safepoint synchronization initiated. (185 threads)
[2023-10-30T22:27:41.303+0000][10625.684s][info ][safepoint     ] Application time: 1.0007022 seconds
[2023-10-30T22:27:41.304+0000][10625.685s][info ][safepoint     ] Entering safepoint region: Cleanup
[2023-10-30T22:27:41.305+0000][10625.685s][info ][safepoint     ] Leaving safepoint region
[2023-10-30T22:27:41.305+0000][10625.686s][info ][safepoint     ] Total time for which application threads were stopped: 0.0010205 seconds, Stopping threads took: 0.0004351 seconds
[2023-10-30T22:27:42.306+0000][10626.686s][debug][safepoint     ] Safepoint synchronization initiated. (185 threads)
[2023-10-30T22:27:42.306+0000][10626.687s][info ][safepoint     ] Application time: 1.0009597 seconds
[2023-10-30T22:27:42.307+0000][10626.688s][info ][safepoint     ] Entering safepoint region: Cleanup
[2023-10-30T22:27:42.308+0000][10626.689s][info ][safepoint     ] Leaving safepoint region
[2023-10-30T22:27:42.309+0000][10626.689s][info ][safepoint     ] Total time for which application threads were stopped: 0.0015447 seconds, Stopping threads took: 0.0006674 seconds
[2023-10-30T22:27:43.309+0000][10627.690s][debug][safepoint     ] Safepoint synchronization initiated. (185 threads)
[2023-10-30T22:27:43.310+0000][10627.691s][info ][safepoint     ] Application time: 1.0010150 seconds
[2023-10-30T22:27:43.311+0000][10627.692s][info ][safepoint     ] Entering safepoint region: Cleanup
[2023-10-30T22:27:43.312+0000][10627.692s][info ][safepoint     ] Leaving safepoint region
[2023-10-30T22:27:43.312+0000][10627.693s][info ][safepoint     ] Total time for which application threads were stopped: 0.0013758 seconds, Stopping threads took: 0.0006428 seconds
[2023-10-30T22:27:44.313+0000][10628.694s][debug][safepoint     ] Safepoint synchronization initiated. (185 threads)
[2023-10-30T22:27:44.314+0000][10628.694s][info ][safepoint     ] Application time: 1.0009218 seconds
[2023-10-30T22:27:44.314+0000][10628.695s][info ][safepoint     ] Entering safepoint region: Cleanup
[2023-10-30T22:27:44.315+0000][10628.696s][info ][safepoint     ] Leaving safepoint region
[2023-10-30T22:27:44.315+0000][10628.696s][info ][safepoint     ] Total time for which application threads were stopped: 0.0012892 seconds, Stopping threads took: 0.0005931 seconds
[2023-10-30T22:27:45.316+0000][10629.697s][debug][safepoint     ] Safepoint synchronization initiated. (185 threads)
[2023-10-30T22:27:45.317+0000][10629.698s][info ][safepoint     ] Application time: 1.0012328 seconds
[2023-10-30T22:27:45.318+0000][10629.698s][info ][safepoint     ] Entering safepoint region: Cleanup
[2023-10-30T22:27:45.319+0000][10629.699s][info ][safepoint     ] Leaving safepoint region
[2023-10-30T22:27:45.319+0000][10629.700s][info ][safepoint     ] Total time for which application threads were stopped: 0.0012989 seconds, Stopping threads took: 0.0005732 seconds
[2023-10-30T22:27:46.320+0000][10630.700s][debug][safepoint     ] Safepoint synchronization initiated. (185 threads)
[2023-10-30T22:27:46.320+0000][10630.701s][info ][safepoint     ] Application time: 1.0005453 seconds
[2023-10-30T22:27:46.320+0000][10630.701s][info ][safepoint     ] Entering safepoint region: Cleanup
[2023-10-30T22:27:46.321+0000][10630.702s][info ][safepoint     ] Leaving safepoint region
[2023-10-30T22:27:46.321+0000][10630.702s][info ][safepoint     ] Total time for which application threads were stopped: 0.0007405 seconds, Stopping threads took: 0.0002853 seconds
[2023-10-30T22:27:47.322+0000][10631.702s][debug][safepoint     ] Safepoint synchronization initiated. (185 threads)
[2023-10-30T22:27:47.322+0000][10631.703s][info ][safepoint     ] Application time: 1.0009808 seconds
[2023-10-30T22:27:47.323+0000][10631.704s][info ][safepoint     ] Entering safepoint region: Cleanup
[2023-10-30T22:27:47.324+0000][10631.705s][info ][safepoint     ] Leaving safepoint region
[2023-10-30T22:27:47.324+0000][10631.705s][info ][safepoint     ] Total time for which application threads were stopped: 0.0013543 seconds, Stopping threads took: 0.0006985 seconds
[2023-10-30T22:27:48.325+0000][10632.706s][debug][safepoint     ] Safepoint synchronization initiated. (185 threads)
[2023-10-30T22:27:48.326+0000][10632.706s][info ][safepoint     ] Application time: 1.0005850 seconds
[2023-10-30T22:27:48.326+0000][10632.707s][info ][safepoint     ] Entering safepoint region: Cleanup
[2023-10-30T22:27:48.327+0000][10632.707s][info ][safepoint     ] Leaving safepoint region
[2023-10-30T22:27:48.327+0000][10632.708s][info ][safepoint     ] Total time for which application threads were stopped: 0.0009368 seconds, Stopping threads took: 0.0004482 seconds
[2023-10-30T22:27:49.327+0000][10633.708s][debug][safepoint     ] Safepoint synchronization initiated. (185 threads)
[2023-10-30T22:27:49.328+0000][10633.709s][info ][safepoint     ] Application time: 1.0008870 seconds
[2023-10-30T22:27:49.329+0000][10633.709s][info ][safepoint     ] Entering safepoint region: Cleanup
[2023-10-30T22:27:49.330+0000][10633.710s][info ][safepoint     ] Leaving safepoint region
[2023-10-30T22:27:49.330+0000][10633.711s][info ][safepoint     ] Total time for which application threads were stopped: 0.0015050 seconds, Stopping threads took: 0.0007196 seconds
[2023-10-30T22:27:50.331+0000][10634.712s][debug][safepoint     ] Safepoint synchronization initiated. (185 threads)
[2023-10-30T22:27:50.332+0000][10634.712s][info ][safepoint     ] Application time: 1.0008392 seconds
[2023-10-30T22:27:50.332+0000][10634.713s][info ][safepoint     ] Entering safepoint region: Cleanup
[2023-10-30T22:27:50.333+0000][10634.713s][info ][safepoint     ] Leaving safepoint region
[2023-10-30T22:27:50.333+0000][10634.714s][info ][safepoint     ] Total time for which application threads were stopped: 0.0011858 seconds, Stopping threads took: 0.0004588 seconds
[2023-10-30T22:27:51.334+0000][10635.714s][debug][safepoint     ] Safepoint synchronization initiated. (185 threads)
[2023-10-30T22:27:51.334+0000][10635.715s][info ][safepoint     ] Application time: 1.0008167 seconds
[2023-10-30T22:27:51.335+0000][10635.716s][info ][safepoint     ] Entering safepoint region: Cleanup
[2023-10-30T22:27:51.336+0000][10635.716s][info ][safepoint     ] Leaving safepoint region
[2023-10-30T22:27:51.336+0000][10635.717s][info ][safepoint     ] Total time for which application threads were stopped: 0.0012020 seconds, Stopping threads took: 0.0005716 seconds
[2023-10-30T22:27:52.337+0000][10636.717s][debug][safepoint     ] Safepoint synchronization initiated. (185 threads)
[2023-10-30T22:27:52.338+0000][10636.718s][info ][safepoint     ] Application time: 1.0011665 seconds
[2023-10-30T22:27:52.339+0000][10636.719s][info ][safepoint     ] Entering safepoint region: Cleanup
[2023-10-30T22:27:52.340+0000][10636.720s][info ][safepoint     ] Leaving safepoint region
[2023-10-30T22:27:52.340+0000][10636.721s][info ][safepoint     ] Total time for which application threads were stopped: 0.0017243 seconds, Stopping threads took: 0.0007863 seconds
[2023-10-30T22:27:53.341+0000][10637.722s][debug][safepoint     ] Safepoint synchronization initiated. (185 threads)
[2023-10-30T22:27:53.341+0000][10637.723s][info ][safepoint     ] Application time: 1.0007355 seconds
[2023-10-30T22:27:53.342+0000][10637.723s][info ][safepoint     ] Entering safepoint region: Cleanup
[2023-10-30T22:27:53.342+0000][10637.724s][info ][safepoint     ] Leaving safepoint region
[2023-10-30T22:27:53.343+0000][10637.724s][info ][safepoint     ] Total time for which application threads were stopped: 0.0009641 seconds, Stopping threads took: 0.0004081 seconds
[2023-10-30T22:27:54.343+0000][10638.725s][debug][safepoint     ] Safepoint synchronization initiated. (185 threads)
[2023-10-30T22:27:54.344+0000][10638.725s][info ][safepoint     ] Application time: 1.0009059 seconds
[2023-10-30T22:27:54.345+0000][10638.726s][info ][safepoint     ] Entering safepoint region: Cleanup
[2023-10-30T22:27:54.345+0000][10638.727s][info ][safepoint     ] Leaving safepoint region
[2023-10-30T22:27:54.346+0000][10638.727s][info ][safepoint     ] Total time for which application threads were stopped: 0.0011719 seconds, Stopping threads took: 0.0004784 seconds
[2023-10-30T22:27:55.346+0000][10639.728s][debug][safepoint     ] Safepoint synchronization initiated. (185 threads)
[2023-10-30T22:27:55.347+0000][10639.728s][info ][safepoint     ] Application time: 1.0006102 seconds
[2023-10-30T22:27:55.347+0000][10639.729s][info ][safepoint     ] Entering safepoint region: Cleanup
[2023-10-30T22:27:55.348+0000][10639.729s][info ][safepoint     ] Leaving safepoint region
[2023-10-30T22:27:55.348+0000][10639.729s][info ][safepoint     ] Total time for which application threads were stopped: 0.0008532 seconds, Stopping threads took: 0.0003492 seconds
[2023-10-30T22:27:56.348+0000][10640.730s][debug][safepoint     ] Safepoint synchronization initiated. (185 threads)
[2023-10-30T22:27:56.349+0000][10640.731s][info ][safepoint     ] Application time: 1.0012031 seconds
[2023-10-30T22:27:56.350+0000][10640.732s][debug][safepoint     ] ... found polling page return exception at pc = 0x00007f31606b645a, stub =0x00007f3158840600
[2023-10-30T22:27:56.350+0000][10640.732s][debug][safepoint     ] ... found polling page return exception at pc = 0x00007f3160ab34f4, stub =0x00007f3158840600
[2023-10-30T22:27:56.351+0000][10640.732s][debug][safepoint     ] ... found polling page return exception at pc = 0x00007f3160b83dc4, stub =0x00007f3158840600
[2023-10-30T22:27:56.351+0000][10640.732s][debug][safepoint     ] ... found polling page return exception at pc = 0x00007f3160ab34f4, stub =0x00007f3158840600
[2023-10-30T22:27:56.353+0000][10640.735s][debug][safepoint     ] Waiting for 4 thread(s) to block
[2023-10-30T22:27:56.354+0000][10640.736s][info ][safepoint     ] Entering safepoint region: Cleanup
[2023-10-30T22:27:56.355+0000][10640.737s][info ][safepoint     ] Leaving safepoint region
[2023-10-30T22:27:56.356+0000][10640.737s][info ][safepoint     ] Total time for which application threads were stopped: 0.0053461 seconds, Stopping threads took: 0.0045639 seconds
[2023-10-30T22:27:57.357+0000][10641.738s][debug][safepoint     ] Safepoint synchronization initiated. (185 threads)
[2023-10-30T22:27:57.358+0000][10641.739s][info ][safepoint     ] Application time: 1.0012226 seconds
[2023-10-30T22:27:57.358+0000][10641.740s][info ][safepoint     ] Entering safepoint region: Cleanup
[2023-10-30T22:27:57.359+0000][10641.740s][info ][safepoint     ] Leaving safepoint region
[2023-10-30T22:27:57.359+0000][10641.741s][info ][safepoint     ] Total time for which application threads were stopped: 0.0012883 seconds, Stopping threads took: 0.0006298 seconds
[2023-10-30T22:27:58.360+0000][10642.741s][debug][safepoint     ] Safepoint synchronization initiated. (185 threads)
[2023-10-30T22:27:58.361+0000][10642.742s][info ][safepoint     ] Application time: 1.0007808 seconds
[2023-10-30T22:27:58.361+0000][10642.743s][info ][safepoint     ] Entering safepoint region: Cleanup
[2023-10-30T22:27:58.362+0000][10642.744s][info ][safepoint     ] Leaving safepoint region
[2023-10-30T22:27:58.363+0000][10642.744s][info ][safepoint     ] Total time for which application threads were stopped: 0.0018878 seconds, Stopping threads took: 0.0010936 seconds
[2023-10-30T22:27:59.363+0000][10643.745s][debug][safepoint     ] Safepoint synchronization initiated. (185 threads)
[2023-10-30T22:27:59.364+0000][10643.746s][info ][safepoint     ] Application time: 1.0008629 seconds
[2023-10-30T22:27:59.365+0000][10643.746s][info ][safepoint     ] Entering safepoint region: Cleanup
[2023-10-30T22:27:59.365+0000][10643.747s][info ][safepoint     ] Leaving safepoint region
[2023-10-30T22:27:59.366+0000][10643.747s][info ][safepoint     ] Total time for which application threads were stopped: 0.0010043 seconds, Stopping threads took: 0.0004241 seconds
[2023-10-30T22:28:00.367+0000][10644.748s][debug][safepoint     ] Safepoint synchronization initiated. (185 threads)
[2023-10-30T22:28:00.367+0000][10644.749s][info ][safepoint     ] Application time: 1.0008498 seconds
[2023-10-30T22:28:00.368+0000][10644.750s][info ][safepoint     ] Entering safepoint region: Cleanup
[2023-10-30T22:28:00.369+0000][10644.750s][info ][safepoint     ] Leaving safepoint region
[2023-10-30T22:28:00.369+0000][10644.751s][info ][safepoint     ] Total time for which application threads were stopped: 0.0011091 seconds, Stopping threads took: 0.0005659 seconds
[2023-10-30T22:28:01.370+0000][10645.751s][debug][safepoint     ] Safepoint synchronization initiated. (185 threads)
[2023-10-30T22:28:01.400+0000][10645.781s][info ][safepoint     ] Application time: 1.0304369 seconds
[2023-10-30T22:28:01.428+0000][10645.810s][info ][safepoint     ] Entering safepoint region: Cleanup
[2023-10-30T22:28:01.444+0000][10645.826s][info ][safepoint     ] Leaving safepoint region
[2023-10-30T22:28:01.513+0000][10645.894s][info ][safepoint     ] Total time for which application threads were stopped: 0.0844261 seconds, Stopping threads took: 0.0157679 seconds
[2023-10-30T22:28:02.527+0000][10646.908s][debug][safepoint     ] Safepoint synchronization initiated. (187 threads)
[2023-10-30T22:28:02.528+0000][10646.910s][info ][safepoint     ] Application time: 1.0012982 seconds
[2023-10-30T22:28:02.530+0000][10646.911s][info ][safepoint     ] Entering safepoint region: Cleanup
[2023-10-30T22:28:02.531+0000][10646.913s][info ][safepoint     ] Leaving safepoint region
[2023-10-30T22:28:02.532+0000][10646.913s][info ][safepoint     ] Total time for which application threads were stopped: 0.0023325 seconds, Stopping threads took: 0.0014917 seconds
[2023-10-30T22:28:03.533+0000][10647.914s][debug][safepoint     ] Safepoint synchronization initiated. (187 threads)
[2023-10-30T22:28:03.533+0000][10647.915s][info ][safepoint     ] Application time: 1.0008400 seconds
[2023-10-30T22:28:03.534+0000][10647.915s][info ][safepoint     ] Entering safepoint region: Cleanup
[2023-10-30T22:28:03.535+0000][10647.916s][info ][safepoint     ] Leaving safepoint region
[2023-10-30T22:28:03.535+0000][10647.917s][info ][safepoint     ] Total time for which application threads were stopped: 0.0013291 seconds, Stopping threads took: 0.0005785 seconds
[2023-10-30T22:28:04.536+0000][10648.917s][debug][safepoint     ] Safepoint synchronization initiated. (187 threads)
[2023-10-30T22:28:04.536+0000][10648.918s][info ][safepoint     ] Application time: 1.0005046 seconds
[2023-10-30T22:28:04.536+0000][10648.918s][info ][safepoint     ] Entering safepoint region: Cleanup
[2023-10-30T22:28:04.537+0000][10648.918s][info ][safepoint     ] Leaving safepoint region
[2023-10-30T22:28:04.537+0000][10648.919s][info ][safepoint     ] Total time for which application threads were stopped: 0.0007751 seconds, Stopping threads took: 0.0003417 seconds
[2023-10-30T22:28:05.538+0000][10649.919s][debug][safepoint     ] Safepoint synchronization initiated. (187 threads)
[2023-10-30T22:28:05.538+0000][10649.920s][info ][safepoint     ] Application time: 1.0006020 seconds
[2023-10-30T22:28:05.538+0000][10649.920s][info ][safepoint     ] Entering safepoint region: Cleanup
[2023-10-30T22:28:05.539+0000][10649.920s][info ][safepoint     ] Leaving safepoint region
[2023-10-30T22:28:05.539+0000][10649.921s][info ][safepoint     ] Total time for which application threads were stopped: 0.0009334 seconds, Stopping threads took: 0.0003866 seconds
[2023-10-30T22:28:06.540+0000][10650.921s][debug][safepoint     ] Safepoint synchronization initiated. (187 threads)
[2023-10-30T22:28:06.540+0000][10650.922s][info ][safepoint     ] Application time: 1.0006623 seconds
[2023-10-30T22:28:06.541+0000][10650.922s][info ][safepoint     ] Entering safepoint region: Cleanup
[2023-10-30T22:28:06.541+0000][10650.923s][info ][safepoint     ] Leaving safepoint region
[2023-10-30T22:28:06.542+0000][10650.923s][info ][safepoint     ] Total time for which application threads were stopped: 0.0011282 seconds, Stopping threads took: 0.0005090 seconds
[2023-10-30T22:28:07.542+0000][10651.924s][debug][safepoint     ] Safepoint synchronization initiated. (187 threads)
[2023-10-30T22:28:07.543+0000][10651.924s][info ][safepoint     ] Application time: 1.0007405 seconds
[2023-10-30T22:28:07.544+0000][10651.925s][info ][safepoint     ] Entering safepoint region: Cleanup
[2023-10-30T22:28:07.544+0000][10651.926s][info ][safepoint     ] Leaving safepoint region
[2023-10-30T22:28:07.545+0000][10651.926s][info ][safepoint     ] Total time for which application threads were stopped: 0.0011002 seconds, Stopping threads took: 0.0004571 seconds
[2023-10-30T22:28:08.545+0000][10652.927s][debug][safepoint     ] Safepoint synchronization initiated. (188 threads)
[2023-10-30T22:28:08.546+0000][10652.928s][info ][safepoint     ] Application time: 1.0012015 seconds
[2023-10-30T22:28:08.547+0000][10652.928s][info ][safepoint     ] Entering safepoint region: Cleanup
[2023-10-30T22:28:08.548+0000][10652.929s][info ][safepoint     ] Leaving safepoint region
[2023-10-30T22:28:08.548+0000][10652.930s][info ][safepoint     ] Total time for which application threads were stopped: 0.0012798 seconds, Stopping threads took: 0.0005581 seconds
[2023-10-30T22:28:09.549+0000][10653.930s][debug][safepoint     ] Safepoint synchronization initiated. (186 threads)
[2023-10-30T22:28:09.549+0000][10653.931s][info ][safepoint     ] Application time: 1.0006043 seconds
[2023-10-30T22:28:09.550+0000][10653.931s][info ][safepoint     ] Entering safepoint region: Cleanup
[2023-10-30T22:28:09.551+0000][10653.932s][info ][safepoint     ] Leaving safepoint region
[2023-10-30T22:28:09.551+0000][10653.932s][info ][safepoint     ] Total time for which application threads were stopped: 0.0010306 seconds, Stopping threads took: 0.0004474 seconds
[2023-10-30T22:28:10.552+0000][10654.933s][debug][safepoint     ] Safepoint synchronization initiated. (186 threads)
[2023-10-30T22:28:10.553+0000][10654.934s][info ][safepoint     ] Application time: 1.0013753 seconds
[2023-10-30T22:28:10.554+0000][10654.935s][info ][safepoint     ] Entering safepoint region: Cleanup
[2023-10-30T22:28:10.555+0000][10654.936s][info ][safepoint     ] Leaving safepoint region
[2023-10-30T22:28:10.555+0000][10654.937s][info ][safepoint     ] Total time for which application threads were stopped: 0.0017909 seconds, Stopping threads took: 0.0007642 seconds
[2023-10-30T22:28:11.556+0000][10655.938s][debug][safepoint     ] Safepoint synchronization initiated. (186 threads)
[2023-10-30T22:28:11.557+0000][10655.938s][info ][safepoint     ] Application time: 1.0006765 seconds
[2023-10-30T22:28:11.557+0000][10655.939s][info ][safepoint     ] Entering safepoint region: Cleanup
[2023-10-30T22:28:11.558+0000][10655.939s][info ][safepoint     ] Leaving safepoint region
[2023-10-30T22:28:11.558+0000][10655.940s][info ][safepoint     ] Total time for which application threads were stopped: 0.0010781 seconds, Stopping threads took: 0.0004326 seconds
[2023-10-30T22:28:12.559+0000][10656.940s][debug][safepoint     ] Safepoint synchronization initiated. (186 threads)
[2023-10-30T22:28:12.559+0000][10656.941s][info ][safepoint     ] Application time: 1.0005432 seconds
[2023-10-30T22:28:12.560+0000][10656.941s][info ][safepoint     ] Entering safepoint region: Cleanup
[2023-10-30T22:28:12.560+0000][10656.941s][info ][safepoint     ] Leaving safepoint region
[2023-10-30T22:28:12.560+0000][10656.942s][info ][safepoint     ] Total time for which application threads were stopped: 0.0007703 seconds, Stopping threads took: 0.0003389 seconds
[2023-10-30T22:28:13.561+0000][10657.942s][debug][safepoint     ] Safepoint synchronization initiated. (186 threads)
[2023-10-30T22:28:13.561+0000][10657.943s][info ][safepoint     ] Application time: 1.0007510 seconds
[2023-10-30T22:28:13.562+0000][10657.943s][info ][safepoint     ] Entering safepoint region: Cleanup
[2023-10-30T22:28:13.562+0000][10657.944s][info ][safepoint     ] Leaving safepoint region
[2023-10-30T22:28:13.562+0000][10657.944s][info ][safepoint     ] Total time for which application threads were stopped: 0.0008396 seconds, Stopping threads took: 0.0003117 seconds
[2023-10-30T22:28:14.563+0000][10658.944s][debug][safepoint     ] Safepoint synchronization initiated. (186 threads)
[2023-10-30T22:28:14.564+0000][10658.945s][info ][safepoint     ] Application time: 1.0009843 seconds
[2023-10-30T22:28:14.564+0000][10658.946s][info ][safepoint     ] Entering safepoint region: Cleanup
[2023-10-30T22:28:14.565+0000][10658.947s][info ][safepoint     ] Leaving safepoint region
[2023-10-30T22:28:14.566+0000][10658.947s][info ][safepoint     ] Total time for which application threads were stopped: 0.0015990 seconds, Stopping threads took: 0.0007201 seconds
[2023-10-30T22:28:15.567+0000][10659.948s][debug][safepoint     ] Safepoint synchronization initiated. (186 threads)
[2023-10-30T22:28:15.568+0000][10659.949s][info ][safepoint     ] Application time: 1.0014693 seconds
[2023-10-30T22:28:15.569+0000][10659.950s][info ][safepoint     ] Entering safepoint region: Cleanup
[2023-10-30T22:28:15.569+0000][10659.951s][info ][safepoint     ] Leaving safepoint region
[2023-10-30T22:28:15.570+0000][10659.951s][info ][safepoint     ] Total time for which application threads were stopped: 0.0012313 seconds, Stopping threads took: 0.0005104 seconds
[2023-10-30T22:28:16.570+0000][10660.952s][debug][safepoint     ] Safepoint synchronization initiated. (186 threads)
[2023-10-30T22:28:16.571+0000][10660.953s][info ][safepoint     ] Application time: 1.0007981 seconds
[2023-10-30T22:28:16.572+0000][10660.953s][info ][safepoint     ] Entering safepoint region: Cleanup
[2023-10-30T22:28:16.572+0000][10660.954s][info ][safepoint     ] Leaving safepoint region
[2023-10-30T22:28:16.573+0000][10660.954s][info ][safepoint     ] Total time for which application threads were stopped: 0.0012645 seconds, Stopping threads took: 0.0005222 seconds
[2023-10-30T22:28:17.574+0000][10661.955s][debug][safepoint     ] Safepoint synchronization initiated. (186 threads)
[2023-10-30T22:28:17.575+0000][10661.956s][info ][safepoint     ] Application time: 1.0012864 seconds
[2023-10-30T22:28:17.576+0000][10661.957s][info ][safepoint     ] Entering safepoint region: Cleanup
[2023-10-30T22:28:17.577+0000][10661.959s][info ][safepoint     ] Leaving safepoint region
[2023-10-30T22:28:17.578+0000][10661.960s][info ][safepoint     ] Total time for which application threads were stopped: 0.0026511 seconds, Stopping threads took: 0.0010472 seconds
[2023-10-30T22:28:18.579+0000][10662.961s][debug][safepoint     ] Safepoint synchronization initiated. (186 threads)
[2023-10-30T22:28:18.580+0000][10662.961s][info ][safepoint     ] Application time: 1.0006228 seconds
[2023-10-30T22:28:18.580+0000][10662.962s][info ][safepoint     ] Entering safepoint region: Cleanup
[2023-10-30T22:28:18.581+0000][10662.962s][info ][safepoint     ] Leaving safepoint region
[2023-10-30T22:28:18.581+0000][10662.963s][info ][safepoint     ] Total time for which application threads were stopped: 0.0008506 seconds, Stopping threads took: 0.0003952 seconds
[2023-10-30T22:28:19.582+0000][10663.963s][debug][safepoint     ] Safepoint synchronization initiated. (186 threads)
[2023-10-30T22:28:19.583+0000][10663.964s][info ][safepoint     ] Application time: 1.0014129 seconds
[2023-10-30T22:28:19.584+0000][10663.965s][info ][safepoint     ] Entering safepoint region: Cleanup
[2023-10-30T22:28:19.585+0000][10663.966s][info ][safepoint     ] Leaving safepoint region
[2023-10-30T22:28:19.585+0000][10663.967s][info ][safepoint     ] Total time for which application threads were stopped: 0.0017552 seconds, Stopping threads took: 0.0008127 seconds
[2023-10-30T22:28:20.586+0000][10664.968s][debug][safepoint     ] Safepoint synchronization initiated. (186 threads)
[2023-10-30T22:28:20.587+0000][10664.968s][info ][safepoint     ] Application time: 1.0005626 seconds
[2023-10-30T22:28:20.587+0000][10664.969s][info ][safepoint     ] Entering safepoint region: Cleanup
[2023-10-30T22:28:20.588+0000][10664.969s][info ][safepoint     ] Leaving safepoint region
[2023-10-30T22:28:20.588+0000][10664.970s][info ][safepoint     ] Total time for which application threads were stopped: 0.0009614 seconds, Stopping threads took: 0.0005038 seconds
[2023-10-30T22:28:21.589+0000][10665.970s][debug][safepoint     ] Safepoint synchronization initiated. (186 threads)
[2023-10-30T22:28:21.589+0000][10665.971s][info ][safepoint     ] Application time: 1.0008025 seconds
[2023-10-30T22:28:21.590+0000][10665.971s][info ][safepoint     ] Entering safepoint region: Cleanup
[2023-10-30T22:28:21.590+0000][10665.972s][info ][safepoint     ] Leaving safepoint region
[2023-10-30T22:28:21.591+0000][10665.972s][info ][safepoint     ] Total time for which application threads were stopped: 0.0012411 seconds, Stopping threads took: 0.0005508 seconds
[2023-10-30T22:28:22.592+0000][10666.973s][debug][safepoint     ] Safepoint synchronization initiated. (186 threads)
[2023-10-30T22:28:22.592+0000][10666.974s][info ][safepoint     ] Application time: 1.0007001 seconds
[2023-10-30T22:28:22.593+0000][10666.974s][info ][safepoint     ] Entering safepoint region: Cleanup
[2023-10-30T22:28:22.593+0000][10666.975s][info ][safepoint     ] Leaving safepoint region
[2023-10-30T22:28:22.594+0000][10666.975s][info ][safepoint     ] Total time for which application threads were stopped: 0.0009606 seconds, Stopping threads took: 0.0004080 seconds
[2023-10-30T22:28:23.594+0000][10667.976s][debug][safepoint     ] Safepoint synchronization initiated. (188 threads)
[2023-10-30T22:28:23.595+0000][10667.977s][info ][safepoint     ] Application time: 1.0011261 seconds
[2023-10-30T22:28:23.596+0000][10667.977s][info ][safepoint     ] Entering safepoint region: Cleanup
[2023-10-30T22:28:23.597+0000][10667.979s][info ][safepoint     ] Leaving safepoint region
[2023-10-30T22:28:23.598+0000][10667.979s][info ][safepoint     ] Total time for which application threads were stopped: 0.0017087 seconds, Stopping threads took: 0.0008371 seconds
[2023-10-30T22:28:24.599+0000][10668.980s][debug][safepoint     ] Safepoint synchronization initiated. (188 threads)
[2023-10-30T22:28:24.599+0000][10668.981s][info ][safepoint     ] Application time: 1.0007985 seconds
[2023-10-30T22:28:24.600+0000][10668.981s][info ][safepoint     ] Entering safepoint region: Cleanup
[2023-10-30T22:28:24.601+0000][10668.982s][info ][safepoint     ] Leaving safepoint region
[2023-10-30T22:28:24.601+0000][10668.982s][info ][safepoint     ] Total time for which application threads were stopped: 0.0011214 seconds, Stopping threads took: 0.0005361 seconds
[2023-10-30T22:28:25.601+0000][10669.983s][debug][safepoint     ] Safepoint synchronization initiated. (188 threads)
[2023-10-30T22:28:25.602+0000][10669.983s][info ][safepoint     ] Application time: 1.0006704 seconds
[2023-10-30T22:28:25.602+0000][10669.983s][info ][safepoint     ] Entering safepoint region: Cleanup
[2023-10-30T22:28:25.603+0000][10669.984s][info ][safepoint     ] Leaving safepoint region
[2023-10-30T22:28:25.603+0000][10669.984s][info ][safepoint     ] Total time for which application threads were stopped: 0.0010134 seconds, Stopping threads took: 0.0004491 seconds
[2023-10-30T22:28:26.604+0000][10670.985s][debug][safepoint     ] Safepoint synchronization initiated. (188 threads)
[2023-10-30T22:28:26.605+0000][10670.986s][info ][safepoint     ] Application time: 1.0009108 seconds
[2023-10-30T22:28:26.605+0000][10670.986s][info ][safepoint     ] Entering safepoint region: Cleanup
[2023-10-30T22:28:26.606+0000][10670.987s][info ][safepoint     ] Leaving safepoint region
[2023-10-30T22:28:26.607+0000][10670.988s][info ][safepoint     ] Total time for which application threads were stopped: 0.0015592 seconds, Stopping threads took: 0.0005611 seconds
[2023-10-30T22:28:27.607+0000][10671.989s][debug][safepoint     ] Safepoint synchronization initiated. (188 threads)
[2023-10-30T22:28:27.608+0000][10671.989s][info ][safepoint     ] Application time: 1.0007614 seconds
[2023-10-30T22:28:27.609+0000][10671.990s][info ][safepoint     ] Entering safepoint region: Cleanup
[2023-10-30T22:28:27.610+0000][10671.991s][info ][safepoint     ] Leaving safepoint region
[2023-10-30T22:28:27.610+0000][10671.991s][info ][safepoint     ] Total time for which application threads were stopped: 0.0015258 seconds, Stopping threads took: 0.0007906 seconds
[2023-10-30T22:28:28.611+0000][10672.992s][debug][safepoint     ] Safepoint synchronization initiated. (188 threads)
[2023-10-30T22:28:28.612+0000][10672.993s][info ][safepoint     ] Application time: 1.0014561 seconds
[2023-10-30T22:28:28.613+0000][10672.994s][info ][safepoint     ] Entering safepoint region: Cleanup
[2023-10-30T22:28:28.614+0000][10672.995s][info ][safepoint     ] Leaving safepoint region
[2023-10-30T22:28:28.614+0000][10672.996s][info ][safepoint     ] Total time for which application threads were stopped: 0.0016662 seconds, Stopping threads took: 0.0007788 seconds
[2023-10-30T22:28:29.615+0000][10673.996s][debug][safepoint     ] Safepoint synchronization initiated. (186 threads)
[2023-10-30T22:28:29.616+0000][10673.997s][info ][safepoint     ] Application time: 1.0005412 seconds
[2023-10-30T22:28:29.616+0000][10673.997s][info ][safepoint     ] Entering safepoint region: Cleanup
[2023-10-30T22:28:29.617+0000][10673.998s][info ][safepoint     ] Leaving safepoint region
[2023-10-30T22:28:29.617+0000][10673.998s][info ][safepoint     ] Total time for which application threads were stopped: 0.0010968 seconds, Stopping threads took: 0.0004519 seconds
[2023-10-30T22:28:30.618+0000][10674.999s][debug][safepoint     ] Safepoint synchronization initiated. (188 threads)
[2023-10-30T22:28:30.618+0000][10674.999s][info ][safepoint     ] Application time: 1.0006348 seconds
[2023-10-30T22:28:30.618+0000][10675.000s][info ][safepoint     ] Entering safepoint region: Cleanup
[2023-10-30T22:28:30.619+0000][10675.000s][info ][safepoint     ] Leaving safepoint region
[2023-10-30T22:28:30.620+0000][10675.001s][info ][safepoint     ] Total time for which application threads were stopped: 0.0013828 seconds, Stopping threads took: 0.0005470 seconds
[2023-10-30T22:28:31.620+0000][10676.002s][debug][safepoint     ] Safepoint synchronization initiated. (188 threads)
[2023-10-30T22:28:31.621+0000][10676.002s][info ][safepoint     ] Application time: 1.0009009 seconds
[2023-10-30T22:28:31.621+0000][10676.003s][info ][safepoint     ] Entering safepoint region: Cleanup
[2023-10-30T22:28:31.622+0000][10676.004s][info ][safepoint     ] Leaving safepoint region
[2023-10-30T22:28:31.623+0000][10676.004s][info ][safepoint     ] Total time for which application threads were stopped: 0.0015962 seconds, Stopping threads took: 0.0007044 seconds
[2023-10-30T22:28:32.624+0000][10677.005s][debug][safepoint     ] Safepoint synchronization initiated. (188 threads)
[2023-10-30T22:28:32.625+0000][10677.006s][info ][safepoint     ] Application time: 1.0012894 seconds
[2023-10-30T22:28:32.626+0000][10677.007s][info ][safepoint     ] Entering safepoint region: Cleanup
[2023-10-30T22:28:32.627+0000][10677.008s][info ][safepoint     ] Leaving safepoint region
[2023-10-30T22:28:32.628+0000][10677.009s][info ][safepoint     ] Total time for which application threads were stopped: 0.0019595 seconds, Stopping threads took: 0.0008588 seconds
[2023-10-30T22:28:33.629+0000][10678.010s][debug][safepoint     ] Safepoint synchronization initiated. (188 threads)
[2023-10-30T22:28:33.629+0000][10678.011s][info ][safepoint     ] Application time: 1.0010775 seconds
[2023-10-30T22:28:33.630+0000][10678.011s][info ][safepoint     ] Entering safepoint region: Cleanup
[2023-10-30T22:28:33.631+0000][10678.012s][info ][safepoint     ] Leaving safepoint region
[2023-10-30T22:28:33.632+0000][10678.013s][info ][safepoint     ] Total time for which application threads were stopped: 0.0015403 seconds, Stopping threads took: 0.0007055 seconds
[2023-10-30T22:28:34.633+0000][10679.014s][debug][safepoint     ] Safepoint synchronization initiated. (187 threads)
[2023-10-30T22:28:34.633+0000][10679.015s][info ][safepoint     ] Application time: 1.0010844 seconds
[2023-10-30T22:28:34.634+0000][10679.015s][info ][safepoint     ] Entering safepoint region: Cleanup
[2023-10-30T22:28:34.635+0000][10679.016s][info ][safepoint     ] Leaving safepoint region
[2023-10-30T22:28:34.635+0000][10679.016s][info ][safepoint     ] Total time for which application threads were stopped: 0.0012218 seconds, Stopping threads took: 0.0005736 seconds
[2023-10-30T22:28:35.636+0000][10680.017s][debug][safepoint     ] Safepoint synchronization initiated. (187 threads)
[2023-10-30T22:28:35.636+0000][10680.018s][info ][safepoint     ] Application time: 1.0007716 seconds
[2023-10-30T22:28:35.637+0000][10680.018s][info ][safepoint     ] Entering safepoint region: Cleanup
[2023-10-30T22:28:35.637+0000][10680.019s][info ][safepoint     ] Leaving safepoint region
[2023-10-30T22:28:35.638+0000][10680.019s][info ][safepoint     ] Total time for which application threads were stopped: 0.0011293 seconds, Stopping threads took: 0.0004954 seconds
[2023-10-30T22:28:36.638+0000][10681.020s][debug][safepoint     ] Safepoint synchronization initiated. (187 threads)
[2023-10-30T22:28:36.639+0000][10681.020s][info ][safepoint     ] Application time: 1.0008169 seconds
[2023-10-30T22:28:36.640+0000][10681.021s][info ][safepoint     ] Entering safepoint region: Cleanup
[2023-10-30T22:28:36.640+0000][10681.022s][info ][safepoint     ] Leaving safepoint region
[2023-10-30T22:28:36.641+0000][10681.022s][info ][safepoint     ] Total time for which application threads were stopped: 0.0012655 seconds, Stopping threads took: 0.0005642 seconds
[2023-10-30T22:28:37.642+0000][10682.023s][debug][safepoint     ] Safepoint synchronization initiated. (187 threads)
[2023-10-30T22:28:37.642+0000][10682.024s][info ][safepoint     ] Application time: 1.0009577 seconds
[2023-10-30T22:28:37.643+0000][10682.024s][info ][safepoint     ] Entering safepoint region: Cleanup
[2023-10-30T22:28:37.644+0000][10682.026s][info ][safepoint     ] Leaving safepoint region
[2023-10-30T22:28:37.645+0000][10682.026s][info ][safepoint     ] Total time for which application threads were stopped: 0.0022995 seconds, Stopping threads took: 0.0007886 seconds
[2023-10-30T22:28:38.646+0000][10683.027s][debug][safepoint     ] Safepoint synchronization initiated. (185 threads)
[2023-10-30T22:28:38.646+0000][10683.028s][info ][safepoint     ] Application time: 1.0005484 seconds
[2023-10-30T22:28:38.647+0000][10683.028s][info ][safepoint     ] Entering safepoint region: Cleanup
[2023-10-30T22:28:38.647+0000][10683.028s][info ][safepoint     ] Leaving safepoint region
[2023-10-30T22:28:38.648+0000][10683.029s][info ][safepoint     ] Total time for which application threads were stopped: 0.0008190 seconds, Stopping threads took: 0.0003025 seconds
[2023-10-30T22:28:39.648+0000][10684.029s][debug][safepoint     ] Safepoint synchronization initiated. (185 threads)
[2023-10-30T22:28:39.648+0000][10684.029s][info ][safepoint     ] Application time: 1.0004664 seconds
[2023-10-30T22:28:39.649+0000][10684.030s][info ][safepoint     ] Entering safepoint region: Cleanup
[2023-10-30T22:28:39.649+0000][10684.030s][info ][safepoint     ] Leaving safepoint region
[2023-10-30T22:28:39.650+0000][10684.031s][info ][safepoint     ] Total time for which application threads were stopped: 0.0009707 seconds, Stopping threads took: 0.0003902 seconds
[2023-10-30T22:28:40.650+0000][10685.031s][debug][safepoint     ] Safepoint synchronization initiated. (185 threads)
[2023-10-30T22:28:40.651+0000][10685.032s][info ][safepoint     ] Application time: 1.0009882 seconds
[2023-10-30T22:28:40.652+0000][10685.033s][info ][safepoint     ] Entering safepoint region: Cleanup
[2023-10-30T22:28:40.653+0000][10685.034s][info ][safepoint     ] Leaving safepoint region
[2023-10-30T22:28:40.653+0000][10685.035s][info ][safepoint     ] Total time for which application threads were stopped: 0.0018192 seconds, Stopping threads took: 0.0008141 seconds
[2023-10-30T22:28:41.654+0000][10686.035s][debug][safepoint     ] Safepoint synchronization initiated. (186 threads)
[2023-10-30T22:28:41.655+0000][10686.036s][info ][safepoint     ] Application time: 1.0006637 seconds
[2023-10-30T22:28:41.655+0000][10686.036s][info ][safepoint     ] Entering safepoint region: Cleanup
[2023-10-30T22:28:41.656+0000][10686.037s][info ][safepoint     ] Leaving safepoint region
[2023-10-30T22:28:41.656+0000][10686.037s][info ][safepoint     ] Total time for which application threads were stopped: 0.0010287 seconds, Stopping threads took: 0.0004303 seconds
[2023-10-30T22:28:42.657+0000][10687.038s][debug][safepoint     ] Safepoint synchronization initiated. (186 threads)
[2023-10-30T22:28:42.657+0000][10687.038s][info ][safepoint     ] Application time: 1.0006899 seconds
[2023-10-30T22:28:42.658+0000][10687.039s][info ][safepoint     ] Entering safepoint region: Cleanup
[2023-10-30T22:28:42.658+0000][10687.039s][info ][safepoint     ] Leaving safepoint region
[2023-10-30T22:28:42.658+0000][10687.040s][info ][safepoint     ] Total time for which application threads were stopped: 0.0008807 seconds, Stopping threads took: 0.0003390 seconds
[2023-10-30T22:28:43.659+0000][10688.040s][debug][safepoint     ] Safepoint synchronization initiated. (184 threads)
[2023-10-30T22:28:43.660+0000][10688.041s][info ][safepoint     ] Application time: 1.0008561 seconds
[2023-10-30T22:28:43.661+0000][10688.042s][info ][safepoint     ] Entering safepoint region: Cleanup
[2023-10-30T22:28:43.661+0000][10688.043s][info ][safepoint     ] Leaving safepoint region
[2023-10-30T22:28:43.662+0000][10688.043s][info ][safepoint     ] Total time for which application threads were stopped: 0.0015769 seconds, Stopping threads took: 0.0007213 seconds
[2023-10-30T22:28:44.662+0000][10689.044s][debug][safepoint     ] Safepoint synchronization initiated. (184 threads)
[2023-10-30T22:28:44.663+0000][10689.044s][info ][safepoint     ] Application time: 1.0006711 seconds
[2023-10-30T22:28:44.664+0000][10689.045s][info ][safepoint     ] Entering safepoint region: Cleanup
[2023-10-30T22:28:44.665+0000][10689.046s][info ][safepoint     ] Leaving safepoint region
[2023-10-30T22:28:44.665+0000][10689.046s][info ][safepoint     ] Total time for which application threads were stopped: 0.0017643 seconds, Stopping threads took: 0.0009538 seconds
[2023-10-30T22:28:45.666+0000][10690.047s][debug][safepoint     ] Safepoint synchronization initiated. (184 threads)
[2023-10-30T22:28:45.667+0000][10690.048s][info ][safepoint     ] Application time: 1.0011522 seconds
[2023-10-30T22:28:45.667+0000][10690.049s][info ][safepoint     ] Entering safepoint region: Cleanup
[2023-10-30T22:28:45.668+0000][10690.049s][info ][safepoint     ] Leaving safepoint region
[2023-10-30T22:28:45.669+0000][10690.050s][info ][safepoint     ] Total time for which application threads were stopped: 0.0015154 seconds, Stopping threads took: 0.0006126 seconds
[2023-10-30T22:28:46.670+0000][10691.051s][debug][safepoint     ] Safepoint synchronization initiated. (184 threads)
[2023-10-30T22:28:46.670+0000][10691.051s][info ][safepoint     ] Application time: 1.0009732 seconds
[2023-10-30T22:28:46.671+0000][10691.052s][info ][safepoint     ] Entering safepoint region: Cleanup
[2023-10-30T22:28:46.672+0000][10691.053s][info ][safepoint     ] Leaving safepoint region
[2023-10-30T22:28:46.672+0000][10691.054s][info ][safepoint     ] Total time for which application threads were stopped: 0.0013887 seconds, Stopping threads took: 0.0006213 seconds
[2023-10-30T22:28:47.673+0000][10692.054s][debug][safepoint     ] Safepoint synchronization initiated. (186 threads)
[2023-10-30T22:28:47.674+0000][10692.055s][info ][safepoint     ] Application time: 1.0009857 seconds
[2023-10-30T22:28:47.675+0000][10692.056s][info ][safepoint     ] Entering safepoint region: Cleanup
[2023-10-30T22:28:47.675+0000][10692.057s][info ][safepoint     ] Leaving safepoint region
[2023-10-30T22:28:47.676+0000][10692.057s][info ][safepoint     ] Total time for which application threads were stopped: 0.0012743 seconds, Stopping threads took: 0.0005378 seconds
[2023-10-30T22:28:48.676+0000][10693.058s][debug][safepoint     ] Safepoint synchronization initiated. (186 threads)
[2023-10-30T22:28:48.677+0000][10693.058s][info ][safepoint     ] Application time: 1.0008613 seconds
[2023-10-30T22:28:48.678+0000][10693.059s][info ][safepoint     ] Entering safepoint region: Cleanup
[2023-10-30T22:28:48.678+0000][10693.060s][info ][safepoint     ] Leaving safepoint region
[2023-10-30T22:28:48.679+0000][10693.060s][info ][safepoint     ] Total time for which application threads were stopped: 0.0011929 seconds, Stopping threads took: 0.0005737 seconds
[2023-10-30T22:28:49.680+0000][10694.061s][debug][safepoint     ] Safepoint synchronization initiated. (186 threads)
[2023-10-30T22:28:49.680+0000][10694.061s][info ][safepoint     ] Application time: 1.0009035 seconds
[2023-10-30T22:28:49.681+0000][10694.062s][info ][safepoint     ] Entering safepoint region: Cleanup
[2023-10-30T22:28:49.682+0000][10694.063s][info ][safepoint     ] Leaving safepoint region
[2023-10-30T22:28:49.682+0000][10694.063s][info ][safepoint     ] Total time for which application threads were stopped: 0.0013610 seconds, Stopping threads took: 0.0005776 seconds
[2023-10-30T22:28:50.683+0000][10695.064s][debug][safepoint     ] Safepoint synchronization initiated. (186 threads)
[2023-10-30T22:28:50.684+0000][10695.065s][info ][safepoint     ] Application time: 1.0015990 seconds
[2023-10-30T22:28:50.685+0000][10695.067s][info ][safepoint     ] Entering safepoint region: Cleanup
[2023-10-30T22:28:50.687+0000][10695.068s][info ][safepoint     ] Leaving safepoint region
[2023-10-30T22:28:50.687+0000][10695.068s][info ][safepoint     ] Total time for which application threads were stopped: 0.0019651 seconds, Stopping threads took: 0.0009269 seconds
[2023-10-30T22:28:51.688+0000][10696.069s][debug][safepoint     ] Safepoint synchronization initiated. (186 threads)
[2023-10-30T22:28:51.689+0000][10696.070s][info ][safepoint     ] Application time: 1.0004963 seconds
[2023-10-30T22:28:51.689+0000][10696.070s][info ][safepoint     ] Entering safepoint region: Cleanup
[2023-10-30T22:28:51.689+0000][10696.071s][info ][safepoint     ] Leaving safepoint region
[2023-10-30T22:28:51.690+0000][10696.071s][info ][safepoint     ] Total time for which application threads were stopped: 0.0007942 seconds, Stopping threads took: 0.0003397 seconds
[2023-10-30T22:28:52.690+0000][10697.071s][debug][safepoint     ] Safepoint synchronization initiated. (186 threads)
[2023-10-30T22:28:52.691+0000][10697.072s][info ][safepoint     ] Application time: 1.0013115 seconds
[2023-10-30T22:28:52.692+0000][10697.073s][info ][safepoint     ] Entering safepoint region: Cleanup
[2023-10-30T22:28:52.693+0000][10697.074s][info ][safepoint     ] Leaving safepoint region
[2023-10-30T22:28:52.694+0000][10697.075s][info ][safepoint     ] Total time for which application threads were stopped: 0.0019589 seconds, Stopping threads took: 0.0008884 seconds
[2023-10-30T22:28:53.695+0000][10698.076s][debug][safepoint     ] Safepoint synchronization initiated. (186 threads)
[2023-10-30T22:28:53.696+0000][10698.077s][info ][safepoint     ] Application time: 1.0013003 seconds
[2023-10-30T22:28:53.697+0000][10698.078s][info ][safepoint     ] Entering safepoint region: Cleanup
[2023-10-30T22:28:53.699+0000][10698.080s][info ][safepoint     ] Leaving safepoint region
[2023-10-30T22:28:53.700+0000][10698.081s][info ][safepoint     ] Total time for which application threads were stopped: 0.0022799 seconds, Stopping threads took: 0.0011167 seconds
[2023-10-30T22:28:54.700+0000][10699.082s][debug][safepoint     ] Safepoint synchronization initiated. (186 threads)
[2023-10-30T22:28:54.701+0000][10699.082s][info ][safepoint     ] Application time: 1.0006299 seconds
[2023-10-30T22:28:54.701+0000][10699.082s][info ][safepoint     ] Entering safepoint region: Cleanup
[2023-10-30T22:28:54.702+0000][10699.083s][info ][safepoint     ] Leaving safepoint region
[2023-10-30T22:28:54.702+0000][10699.083s][info ][safepoint     ] Total time for which application threads were stopped: 0.0009712 seconds, Stopping threads took: 0.0003959 seconds
[2023-10-30T22:28:55.703+0000][10700.084s][debug][safepoint     ] Safepoint synchronization initiated. (186 threads)
[2023-10-30T22:28:55.703+0000][10700.084s][info ][safepoint     ] Application time: 1.0006105 seconds
[2023-10-30T22:28:55.704+0000][10700.085s][info ][safepoint     ] Entering safepoint region: Cleanup
[2023-10-30T22:28:55.704+0000][10700.085s][info ][safepoint     ] Leaving safepoint region
[2023-10-30T22:28:55.704+0000][10700.085s][info ][safepoint     ] Total time for which application threads were stopped: 0.0007441 seconds, Stopping threads took: 0.0003057 seconds
[2023-10-30T22:28:56.705+0000][10701.086s][debug][safepoint     ] Safepoint synchronization initiated. (186 threads)
[2023-10-30T22:28:56.705+0000][10701.086s][info ][safepoint     ] Application time: 1.0007845 seconds
[2023-10-30T22:28:56.706+0000][10701.087s][info ][safepoint     ] Entering safepoint region: Cleanup
[2023-10-30T22:28:56.707+0000][10701.088s][info ][safepoint     ] Leaving safepoint region
[2023-10-30T22:28:56.707+0000][10701.088s][info ][safepoint     ] Total time for which application threads were stopped: 0.0013025 seconds, Stopping threads took: 0.0005118 seconds
[2023-10-30T22:28:57.708+0000][10702.089s][debug][safepoint     ] Safepoint synchronization initiated. (184 threads)
[2023-10-30T22:28:57.708+0000][10702.089s][info ][safepoint     ] Application time: 1.0006527 seconds
[2023-10-30T22:28:57.709+0000][10702.090s][info ][safepoint     ] Entering safepoint region: Cleanup
[2023-10-30T22:28:57.709+0000][10702.090s][info ][safepoint     ] Leaving safepoint region
[2023-10-30T22:28:57.709+0000][10702.090s][info ][safepoint     ] Total time for which application threads were stopped: 0.0007511 seconds, Stopping threads took: 0.0003203 seconds
[2023-10-30T22:28:58.710+0000][10703.091s][debug][safepoint     ] Safepoint synchronization initiated. (184 threads)
[2023-10-30T22:28:58.710+0000][10703.091s][info ][safepoint     ] Application time: 1.0005706 seconds
[2023-10-30T22:28:58.710+0000][10703.091s][info ][safepoint     ] Entering safepoint region: Cleanup
[2023-10-30T22:28:58.711+0000][10703.092s][info ][safepoint     ] Leaving safepoint region
[2023-10-30T22:28:58.711+0000][10703.092s][info ][safepoint     ] Total time for which application threads were stopped: 0.0008215 seconds, Stopping threads took: 0.0003105 seconds
[2023-10-30T22:28:59.712+0000][10704.093s][debug][safepoint     ] Safepoint synchronization initiated. (184 threads)
[2023-10-30T22:28:59.712+0000][10704.094s][info ][safepoint     ] Application time: 1.0009164 seconds
[2023-10-30T22:28:59.713+0000][10704.094s][info ][safepoint     ] Entering safepoint region: Cleanup
[2023-10-30T22:28:59.714+0000][10704.095s][info ][safepoint     ] Leaving safepoint region
[2023-10-30T22:28:59.714+0000][10704.095s][info ][safepoint     ] Total time for which application threads were stopped: 0.0012913 seconds, Stopping threads took: 0.0005313 seconds
[2023-10-30T22:29:00.715+0000][10705.096s][debug][safepoint     ] Safepoint synchronization initiated. (184 threads)
[2023-10-30T22:29:00.716+0000][10705.097s][info ][safepoint     ] Application time: 1.0013046 seconds
[2023-10-30T22:29:00.717+0000][10705.098s][info ][safepoint     ] Entering safepoint region: Cleanup
[2023-10-30T22:29:00.718+0000][10705.099s][info ][safepoint     ] Leaving safepoint region
[2023-10-30T22:29:00.719+0000][10705.100s][info ][safepoint     ] Total time for which application threads were stopped: 0.0019839 seconds, Stopping threads took: 0.0010058 seconds
[2023-10-30T22:29:01.720+0000][10706.101s][debug][safepoint     ] Safepoint synchronization initiated. (184 threads)
[2023-10-30T22:29:01.721+0000][10706.102s][info ][safepoint     ] Application time: 1.0015975 seconds
[2023-10-30T22:29:01.723+0000][10706.104s][info ][safepoint     ] Entering safepoint region: Cleanup
[2023-10-30T22:29:01.723+0000][10706.105s][info ][safepoint     ] Leaving safepoint region
[2023-10-30T22:29:01.724+0000][10706.105s][info ][safepoint     ] Total time for which application threads were stopped: 0.0012945 seconds, Stopping threads took: 0.0005770 seconds
[2023-10-30T22:29:02.725+0000][10707.106s][debug][safepoint     ] Safepoint synchronization initiated. (186 threads)
[2023-10-30T22:29:02.726+0000][10707.107s][info ][safepoint     ] Application time: 1.0013467 seconds
[2023-10-30T22:29:02.727+0000][10707.108s][info ][safepoint     ] Entering safepoint region: Cleanup
[2023-10-30T22:29:02.728+0000][10707.109s][info ][safepoint     ] Leaving safepoint region
[2023-10-30T22:29:02.729+0000][10707.110s][info ][safepoint     ] Total time for which application threads were stopped: 0.0018970 seconds, Stopping threads took: 0.0008603 seconds
[2023-10-30T22:29:03.730+0000][10708.111s][debug][safepoint     ] Safepoint synchronization initiated. (186 threads)
[2023-10-30T22:29:03.730+0000][10708.111s][info ][safepoint     ] Application time: 1.0005775 seconds
[2023-10-30T22:29:03.731+0000][10708.112s][info ][safepoint     ] Entering safepoint region: Cleanup
[2023-10-30T22:29:03.731+0000][10708.112s][info ][safepoint     ] Leaving safepoint region
[2023-10-30T22:29:03.732+0000][10708.113s][info ][safepoint     ] Total time for which application threads were stopped: 0.0009839 seconds, Stopping threads took: 0.0004091 seconds
[2023-10-30T22:29:04.732+0000][10709.113s][debug][safepoint     ] Safepoint synchronization initiated. (186 threads)
[2023-10-30T22:29:04.733+0000][10709.114s][info ][safepoint     ] Application time: 1.0009004 seconds
[2023-10-30T22:29:04.733+0000][10709.115s][info ][safepoint     ] Entering safepoint region: Cleanup
[2023-10-30T22:29:04.734+0000][10709.115s][info ][safepoint     ] Leaving safepoint region
[2023-10-30T22:29:04.735+0000][10709.116s][info ][safepoint     ] Total time for which application threads were stopped: 0.0013713 seconds, Stopping threads took: 0.0006409 seconds
[2023-10-30T22:29:05.736+0000][10710.117s][debug][safepoint     ] Safepoint synchronization initiated. (186 threads)
[2023-10-30T22:29:05.736+0000][10710.117s][info ][safepoint     ] Application time: 1.0009596 seconds
[2023-10-30T22:29:05.737+0000][10710.118s][info ][safepoint     ] Entering safepoint region: Cleanup
[2023-10-30T22:29:05.738+0000][10710.119s][info ][safepoint     ] Leaving safepoint region
[2023-10-30T22:29:05.738+0000][10710.119s][info ][safepoint     ] Total time for which application threads were stopped: 0.0014118 seconds, Stopping threads took: 0.0005898 seconds
[2023-10-30T22:29:06.739+0000][10711.120s][debug][safepoint     ] Safepoint synchronization initiated. (186 threads)
[2023-10-30T22:29:06.740+0000][10711.121s][info ][safepoint     ] Application time: 1.0009159 seconds
[2023-10-30T22:29:06.740+0000][10711.121s][info ][safepoint     ] Entering safepoint region: Cleanup
[2023-10-30T22:29:06.741+0000][10711.122s][info ][safepoint     ] Leaving safepoint region
[2023-10-30T22:29:06.742+0000][10711.123s][info ][safepoint     ] Total time for which application threads were stopped: 0.0012955 seconds, Stopping threads took: 0.0006322 seconds
[2023-10-30T22:29:07.742+0000][10712.123s][debug][safepoint     ] Safepoint synchronization initiated. (184 threads)
[2023-10-30T22:29:07.743+0000][10712.124s][info ][safepoint     ] Application time: 1.0008677 seconds
[2023-10-30T22:29:07.743+0000][10712.125s][info ][safepoint     ] Entering safepoint region: Cleanup
[2023-10-30T22:29:07.744+0000][10712.125s][info ][safepoint     ] Leaving safepoint region
[2023-10-30T22:29:07.745+0000][10712.126s][info ][safepoint     ] Total time for which application threads were stopped: 0.0011935 seconds, Stopping threads took: 0.0005172 seconds
[2023-10-30T22:29:08.745+0000][10713.126s][debug][safepoint     ] Safepoint synchronization initiated. (184 threads)
[2023-10-30T22:29:08.747+0000][10713.128s][info ][safepoint     ] Application time: 1.0015006 seconds
[2023-10-30T22:29:08.748+0000][10713.129s][info ][safepoint     ] Entering safepoint region: Cleanup
[2023-10-30T22:29:08.749+0000][10713.130s][info ][safepoint     ] Leaving safepoint region
[2023-10-30T22:29:08.750+0000][10713.131s][info ][safepoint     ] Total time for which application threads were stopped: 0.0021538 seconds, Stopping threads took: 0.0009334 seconds
[2023-10-30T22:29:09.751+0000][10714.132s][debug][safepoint     ] Safepoint synchronization initiated. (183 threads)
[2023-10-30T22:29:09.752+0000][10714.133s][info ][safepoint     ] Application time: 1.0011258 seconds
[2023-10-30T22:29:09.753+0000][10714.134s][info ][safepoint     ] Entering safepoint region: Cleanup
[2023-10-30T22:29:09.754+0000][10714.135s][info ][safepoint     ] Leaving safepoint region
[2023-10-30T22:29:09.754+0000][10714.135s][info ][safepoint     ] Total time for which application threads were stopped: 0.0017123 seconds, Stopping threads took: 0.0007815 seconds
[2023-10-30T22:29:10.755+0000][10715.136s][debug][safepoint     ] Safepoint synchronization initiated. (183 threads)
[2023-10-30T22:29:10.756+0000][10715.137s][info ][safepoint     ] Application time: 1.0008799 seconds
[2023-10-30T22:29:10.756+0000][10715.137s][info ][safepoint     ] Entering safepoint region: Cleanup
[2023-10-30T22:29:10.757+0000][10715.138s][info ][safepoint     ] Leaving safepoint region
[2023-10-30T22:29:10.757+0000][10715.138s][info ][safepoint     ] Total time for which application threads were stopped: 0.0011030 seconds, Stopping threads took: 0.0004765 seconds
[2023-10-30T22:29:11.758+0000][10716.139s][debug][safepoint     ] Safepoint synchronization initiated. (183 threads)
[2023-10-30T22:29:11.760+0000][10716.141s][info ][safepoint     ] Application time: 1.0019548 seconds
[2023-10-30T22:29:11.761+0000][10716.142s][info ][safepoint     ] Entering safepoint region: Cleanup
[2023-10-30T22:29:11.762+0000][10716.143s][info ][safepoint     ] Leaving safepoint region
[2023-10-30T22:29:11.763+0000][10716.144s][info ][safepoint     ] Total time for which application threads were stopped: 0.0022918 seconds, Stopping threads took: 0.0010227 seconds
[2023-10-30T22:29:12.764+0000][10717.145s][debug][safepoint     ] Safepoint synchronization initiated. (183 threads)
[2023-10-30T22:29:12.765+0000][10717.146s][info ][safepoint     ] Application time: 1.0012541 seconds
[2023-10-30T22:29:12.766+0000][10717.147s][info ][safepoint     ] Entering safepoint region: Cleanup
[2023-10-30T22:29:12.767+0000][10717.148s][info ][safepoint     ] Leaving safepoint region
[2023-10-30T22:29:12.768+0000][10717.149s][info ][safepoint     ] Total time for which application threads were stopped: 0.0018986 seconds, Stopping threads took: 0.0008381 seconds
[2023-10-30T22:29:13.769+0000][10718.150s][debug][safepoint     ] Safepoint synchronization initiated. (183 threads)
[2023-10-30T22:29:13.769+0000][10718.150s][info ][safepoint     ] Application time: 1.0007255 seconds
[2023-10-30T22:29:13.770+0000][10718.151s][info ][safepoint     ] Entering safepoint region: Cleanup
[2023-10-30T22:29:13.770+0000][10718.152s][info ][safepoint     ] Leaving safepoint region
[2023-10-30T22:29:13.771+0000][10718.152s][info ][safepoint     ] Total time for which application threads were stopped: 0.0012069 seconds, Stopping threads took: 0.0005300 seconds
[2023-10-30T22:29:14.772+0000][10719.153s][debug][safepoint     ] Safepoint synchronization initiated. (183 threads)
[2023-10-30T22:29:14.773+0000][10719.154s][info ][safepoint     ] Application time: 1.0013424 seconds
[2023-10-30T22:29:14.774+0000][10719.155s][info ][safepoint     ] Entering safepoint region: Cleanup
[2023-10-30T22:29:14.775+0000][10719.156s][info ][safepoint     ] Leaving safepoint region
[2023-10-30T22:29:14.776+0000][10719.157s][info ][safepoint     ] Total time for which application threads were stopped: 0.0019660 seconds, Stopping threads took: 0.0009028 seconds
[2023-10-30T22:29:15.777+0000][10720.158s][debug][safepoint     ] Safepoint synchronization initiated. (183 threads)
[2023-10-30T22:29:15.778+0000][10720.159s][info ][safepoint     ] Application time: 1.0015206 seconds
[2023-10-30T22:29:15.779+0000][10720.160s][info ][safepoint     ] Entering safepoint region: Cleanup
[2023-10-30T22:29:15.780+0000][10720.161s][info ][safepoint     ] Leaving safepoint region
[2023-10-30T22:29:15.781+0000][10720.162s][info ][safepoint     ] Total time for which application threads were stopped: 0.0019083 seconds, Stopping threads took: 0.0009137 seconds
[2023-10-30T22:29:16.782+0000][10721.163s][debug][safepoint     ] Safepoint synchronization initiated. (185 threads)
[2023-10-30T22:29:16.782+0000][10721.163s][info ][safepoint     ] Application time: 1.0008357 seconds
[2023-10-30T22:29:16.783+0000][10721.164s][info ][safepoint     ] Entering safepoint region: Cleanup
[2023-10-30T22:29:16.784+0000][10721.165s][info ][safepoint     ] Leaving safepoint region
[2023-10-30T22:29:16.784+0000][10721.165s][info ][safepoint     ] Total time for which application threads were stopped: 0.0014018 seconds, Stopping threads took: 0.0005534 seconds
[2023-10-30T22:29:17.785+0000][10722.166s][debug][safepoint     ] Safepoint synchronization initiated. (185 threads)
[2023-10-30T22:29:17.786+0000][10722.167s][info ][safepoint     ] Application time: 1.0009427 seconds
[2023-10-30T22:29:17.786+0000][10722.167s][info ][safepoint     ] Entering safepoint region: Cleanup
[2023-10-30T22:29:17.787+0000][10722.168s][info ][safepoint     ] Leaving safepoint region
[2023-10-30T22:29:17.787+0000][10722.168s][info ][safepoint     ] Total time for which application threads were stopped: 0.0011367 seconds, Stopping threads took: 0.0005011 seconds
[2023-10-30T22:29:18.788+0000][10723.169s][debug][safepoint     ] Safepoint synchronization initiated. (185 threads)
[2023-10-30T22:29:18.789+0000][10723.170s][info ][safepoint     ] Application time: 1.0012001 seconds
[2023-10-30T22:29:18.790+0000][10723.171s][info ][safepoint     ] Entering safepoint region: Cleanup
[2023-10-30T22:29:18.791+0000][10723.172s][info ][safepoint     ] Leaving safepoint region
[2023-10-30T22:29:18.791+0000][10723.173s][info ][safepoint     ] Total time for which application threads were stopped: 0.0016677 seconds, Stopping threads took: 0.0006409 seconds
[2023-10-30T22:29:19.793+0000][10724.174s][debug][safepoint     ] Safepoint synchronization initiated. (185 threads)
[2023-10-30T22:29:19.794+0000][10724.175s][info ][safepoint     ] Application time: 1.0008546 seconds
[2023-10-30T22:29:19.796+0000][10724.177s][info ][safepoint     ] Entering safepoint region: Cleanup
[2023-10-30T22:29:19.797+0000][10724.178s][info ][safepoint     ] Leaving safepoint region
[2023-10-30T22:29:19.798+0000][10724.179s][info ][safepoint     ] Total time for which application threads were stopped: 0.0023165 seconds, Stopping threads took: 0.0013807 seconds
[2023-10-30T22:29:20.798+0000][10725.180s][debug][safepoint     ] Safepoint synchronization initiated. (185 threads)
[2023-10-30T22:29:20.799+0000][10725.180s][info ][safepoint     ] Application time: 1.0009298 seconds
[2023-10-30T22:29:20.800+0000][10725.181s][info ][safepoint     ] Entering safepoint region: Cleanup
[2023-10-30T22:29:20.802+0000][10725.183s][info ][safepoint     ] Leaving safepoint region
[2023-10-30T22:29:20.803+0000][10725.184s][info ][safepoint     ] Total time for which application threads were stopped: 0.0027958 seconds, Stopping threads took: 0.0012791 seconds
[2023-10-30T22:29:21.803+0000][10726.185s][debug][safepoint     ] Safepoint synchronization initiated. (185 threads)
[2023-10-30T22:29:21.804+0000][10726.185s][info ][safepoint     ] Application time: 1.0010466 seconds
[2023-10-30T22:29:21.805+0000][10726.186s][info ][safepoint     ] Entering safepoint region: Cleanup
[2023-10-30T22:29:21.806+0000][10726.187s][info ][safepoint     ] Leaving safepoint region
[2023-10-30T22:29:21.806+0000][10726.187s][info ][safepoint     ] Total time for which application threads were stopped: 0.0013712 seconds, Stopping threads took: 0.0006423 seconds
[2023-10-30T22:29:22.807+0000][10727.188s][debug][safepoint     ] Safepoint synchronization initiated. (185 threads)
[2023-10-30T22:29:22.807+0000][10727.188s][info ][safepoint     ] Application time: 1.0005760 seconds
[2023-10-30T22:29:22.807+0000][10727.189s][info ][safepoint     ] Entering safepoint region: Cleanup
[2023-10-30T22:29:22.808+0000][10727.189s][info ][safepoint     ] Leaving safepoint region
[2023-10-30T22:29:22.808+0000][10727.189s][info ][safepoint     ] Total time for which application threads were stopped: 0.0008172 seconds, Stopping threads took: 0.0002991 seconds
[2023-10-30T22:29:23.808+0000][10728.190s][debug][safepoint     ] Safepoint synchronization initiated. (185 threads)
[2023-10-30T22:29:23.810+0000][10728.191s][info ][safepoint     ] Application time: 1.0015724 seconds
[2023-10-30T22:29:23.811+0000][10728.193s][info ][safepoint     ] Entering safepoint region: Cleanup
[2023-10-30T22:29:23.812+0000][10728.194s][info ][safepoint     ] Leaving safepoint region
[2023-10-30T22:29:23.813+0000][10728.195s][info ][safepoint     ] Total time for which application threads were stopped: 0.0025307 seconds, Stopping threads took: 0.0010630 seconds
[2023-10-30T22:29:24.814+0000][10729.195s][debug][safepoint     ] Safepoint synchronization initiated. (183 threads)
[2023-10-30T22:29:24.814+0000][10729.196s][info ][safepoint     ] Application time: 1.0006075 seconds
[2023-10-30T22:29:24.815+0000][10729.196s][info ][safepoint     ] Entering safepoint region: Cleanup
[2023-10-30T22:29:24.815+0000][10729.197s][info ][safepoint     ] Leaving safepoint region
[2023-10-30T22:29:24.816+0000][10729.197s][info ][safepoint     ] Total time for which application threads were stopped: 0.0010004 seconds, Stopping threads took: 0.0004308 seconds
[2023-10-30T22:29:25.816+0000][10730.198s][debug][safepoint     ] Safepoint synchronization initiated. (183 threads)
[2023-10-30T22:29:25.817+0000][10730.199s][info ][safepoint     ] Application time: 1.0009240 seconds
[2023-10-30T22:29:25.817+0000][10730.199s][info ][safepoint     ] Entering safepoint region: Cleanup
[2023-10-30T22:29:25.818+0000][10730.200s][info ][safepoint     ] Leaving safepoint region
[2023-10-30T22:29:25.819+0000][10730.200s][info ][safepoint     ] Total time for which application threads were stopped: 0.0011492 seconds, Stopping threads took: 0.0005443 seconds
[2023-10-30T22:29:26.819+0000][10731.201s][debug][safepoint     ] Safepoint synchronization initiated. (183 threads)
[2023-10-30T22:29:26.820+0000][10731.201s][info ][safepoint     ] Application time: 1.0008206 seconds
[2023-10-30T22:29:26.820+0000][10731.202s][info ][safepoint     ] Entering safepoint region: Cleanup
[2023-10-30T22:29:26.821+0000][10731.203s][info ][safepoint     ] Leaving safepoint region
[2023-10-30T22:29:26.822+0000][10731.203s][info ][safepoint     ] Total time for which application threads were stopped: 0.0013547 seconds, Stopping threads took: 0.0006454 seconds
[2023-10-30T22:29:27.822+0000][10732.204s][debug][safepoint     ] Safepoint synchronization initiated. (183 threads)
[2023-10-30T22:29:27.823+0000][10732.205s][info ][safepoint     ] Application time: 1.0011365 seconds
[2023-10-30T22:29:27.824+0000][10732.205s][info ][safepoint     ] Entering safepoint region: Cleanup
[2023-10-30T22:29:27.825+0000][10732.206s][info ][safepoint     ] Leaving safepoint region
[2023-10-30T22:29:27.825+0000][10732.207s][info ][safepoint     ] Total time for which application threads were stopped: 0.0014644 seconds, Stopping threads took: 0.0006987 seconds
[2023-10-30T22:29:28.826+0000][10733.208s][debug][safepoint     ] Safepoint synchronization initiated. (183 threads)
[2023-10-30T22:29:28.827+0000][10733.209s][info ][safepoint     ] Application time: 1.0010907 seconds
[2023-10-30T22:29:28.828+0000][10733.209s][info ][safepoint     ] Entering safepoint region: Cleanup
[2023-10-30T22:29:28.829+0000][10733.210s][info ][safepoint     ] Leaving safepoint region
[2023-10-30T22:29:28.829+0000][10733.211s][info ][safepoint     ] Total time for which application threads were stopped: 0.0015886 seconds, Stopping threads took: 0.0006239 seconds
[2023-10-30T22:29:29.830+0000][10734.212s][debug][safepoint     ] Safepoint synchronization initiated. (185 threads)
[2023-10-30T22:29:29.831+0000][10734.212s][info ][safepoint     ] Application time: 1.0008609 seconds
[2023-10-30T22:29:29.832+0000][10734.213s][info ][safepoint     ] Entering safepoint region: Cleanup
[2023-10-30T22:29:29.832+0000][10734.214s][info ][safepoint     ] Leaving safepoint region
[2023-10-30T22:29:29.833+0000][10734.214s][info ][safepoint     ] Total time for which application threads were stopped: 0.0012108 seconds, Stopping threads took: 0.0005796 seconds
[2023-10-30T22:29:30.834+0000][10735.215s][debug][safepoint     ] Safepoint synchronization initiated. (185 threads)
[2023-10-30T22:29:30.834+0000][10735.216s][info ][safepoint     ] Application time: 1.0006028 seconds
[2023-10-30T22:29:30.835+0000][10735.216s][info ][safepoint     ] Entering safepoint region: Cleanup
[2023-10-30T22:29:30.835+0000][10735.217s][info ][safepoint     ] Leaving safepoint region
[2023-10-30T22:29:30.836+0000][10735.217s][info ][safepoint     ] Total time for which application threads were stopped: 0.0012486 seconds, Stopping threads took: 0.0003692 seconds
[2023-10-30T22:29:31.836+0000][10736.218s][debug][safepoint     ] Safepoint synchronization initiated. (185 threads)
[2023-10-30T22:29:31.837+0000][10736.219s][info ][safepoint     ] Application time: 1.0009051 seconds
[2023-10-30T22:29:31.838+0000][10736.219s][info ][safepoint     ] Entering safepoint region: Cleanup
[2023-10-30T22:29:31.839+0000][10736.221s][info ][safepoint     ] Leaving safepoint region
[2023-10-30T22:29:31.840+0000][10736.221s][info ][safepoint     ] Total time for which application threads were stopped: 0.0020462 seconds, Stopping threads took: 0.0011928 seconds
[2023-10-30T22:29:32.841+0000][10737.222s][debug][safepoint     ] Safepoint synchronization initiated. (185 threads)
[2023-10-30T22:29:32.843+0000][10737.225s][info ][safepoint     ] Application time: 1.0028729 seconds
[2023-10-30T22:29:32.844+0000][10737.225s][info ][safepoint     ] Entering safepoint region: Cleanup
[2023-10-30T22:29:32.844+0000][10737.226s][info ][safepoint     ] Leaving safepoint region
[2023-10-30T22:29:32.845+0000][10737.226s][info ][safepoint     ] Total time for which application threads were stopped: 0.0012006 seconds, Stopping threads took: 0.0005787 seconds
[2023-10-30T22:29:33.845+0000][10738.227s][debug][safepoint     ] Safepoint synchronization initiated. (185 threads)
[2023-10-30T22:29:33.847+0000][10738.229s][info ][safepoint     ] Application time: 1.0022813 seconds
[2023-10-30T22:29:33.850+0000][10738.231s][info ][safepoint     ] Entering safepoint region: Cleanup
[2023-10-30T22:29:33.850+0000][10738.232s][info ][safepoint     ] Leaving safepoint region
[2023-10-30T22:29:33.851+0000][10738.232s][info ][safepoint     ] Total time for which application threads were stopped: 0.0014232 seconds, Stopping threads took: 0.0006411 seconds
[2023-10-30T22:29:34.852+0000][10739.233s][debug][safepoint     ] Safepoint synchronization initiated. (184 threads)
[2023-10-30T22:29:34.852+0000][10739.234s][info ][safepoint     ] Application time: 1.0005979 seconds
[2023-10-30T22:29:34.852+0000][10739.234s][info ][safepoint     ] Entering safepoint region: Cleanup
[2023-10-30T22:29:34.853+0000][10739.234s][info ][safepoint     ] Leaving safepoint region
[2023-10-30T22:29:34.853+0000][10739.235s][info ][safepoint     ] Total time for which application threads were stopped: 0.0008022 seconds, Stopping threads took: 0.0003318 seconds
[2023-10-30T22:29:35.853+0000][10740.235s][debug][safepoint     ] Safepoint synchronization initiated. (184 threads)
[2023-10-30T22:29:35.854+0000][10740.236s][info ][safepoint     ] Application time: 1.0006422 seconds
[2023-10-30T22:29:35.855+0000][10740.236s][info ][safepoint     ] Entering safepoint region: Cleanup
[2023-10-30T22:29:35.855+0000][10740.237s][info ][safepoint     ] Leaving safepoint region
[2023-10-30T22:29:35.856+0000][10740.238s][info ][safepoint     ] Total time for which application threads were stopped: 0.0016196 seconds, Stopping threads took: 0.0005527 seconds
[2023-10-30T22:29:36.858+0000][10741.239s][debug][safepoint     ] Safepoint synchronization initiated. (184 threads)
[2023-10-30T22:29:36.859+0000][10741.240s][info ][safepoint     ] Application time: 1.0010382 seconds
[2023-10-30T22:29:36.859+0000][10741.241s][info ][safepoint     ] Entering safepoint region: Cleanup
[2023-10-30T22:29:36.860+0000][10741.242s][info ][safepoint     ] Leaving safepoint region
[2023-10-30T22:29:36.861+0000][10741.242s][info ][safepoint     ] Total time for which application threads were stopped: 0.0015922 seconds, Stopping threads took: 0.0007879 seconds
[2023-10-30T22:29:36.891+0000][10741.273s][debug][safepoint     ] Safepoint synchronization initiated. (184 threads)
[2023-10-30T22:29:36.892+0000][10741.273s][info ][safepoint     ] Application time: 0.0305925 seconds
[2023-10-30T22:29:36.892+0000][10741.274s][info ][safepoint     ] Entering safepoint region: G1CollectForAllocation
[2023-10-30T22:29:36.893+0000][10741.275s][info ][gc,start      ] GC(125) Pause Young (Prepare Mixed) (G1 Evacuation Pause)
[2023-10-30T22:29:36.894+0000][10741.275s][info ][gc,task       ] GC(125) Using 8 workers of 8 for evacuation
[2023-10-30T22:29:36.899+0000][10741.281s][info ][gc,phases     ] GC(125)   Pre Evacuate Collection Set: 0.0ms
[2023-10-30T22:29:36.900+0000][10741.281s][info ][gc,phases     ] GC(125)   Evacuate Collection Set: 1.7ms
[2023-10-30T22:29:36.900+0000][10741.282s][info ][gc,phases     ] GC(125)   Post Evacuate Collection Set: 3.0ms
[2023-10-30T22:29:36.901+0000][10741.282s][info ][gc,phases     ] GC(125)   Other: 1.2ms
[2023-10-30T22:29:36.901+0000][10741.283s][info ][gc,heap       ] GC(125) Eden regions: 162->0(15)
[2023-10-30T22:29:36.902+0000][10741.284s][info ][gc,heap       ] GC(125) Survivor regions: 2->3(21)
[2023-10-30T22:29:36.902+0000][10741.284s][info ][gc,heap       ] GC(125) Old regions: 145->145
[2023-10-30T22:29:36.903+0000][10741.284s][info ][gc,heap       ] GC(125) Humongous regions: 25->25
[2023-10-30T22:29:36.903+0000][10741.285s][info ][gc,metaspace  ] GC(125) Metaspace: 169042K(176724K)->169042K(176724K) NonClass: 149742K(154760K)->149742K(154760K) Class: 19299K(21964K)->19299K(21964K)
[2023-10-30T22:29:36.904+0000][10741.285s][info ][gc            ] GC(125) Pause Young (Prepare Mixed) (G1 Evacuation Pause) 331M->170M(372M) 10.248ms
[2023-10-30T22:29:36.904+0000][10741.285s][info ][gc,cpu        ] GC(125) User=0.02s Sys=0.01s Real=0.01s
[2023-10-30T22:29:36.904+0000][10741.286s][info ][safepoint     ] Leaving safepoint region
[2023-10-30T22:29:36.905+0000][10741.286s][info ][safepoint     ] Total time for which application threads were stopped: 0.0120674 seconds, Stopping threads took: 0.0005263 seconds
[2023-10-30T22:29:37.905+0000][10742.287s][debug][safepoint     ] Safepoint synchronization initiated. (184 threads)
[2023-10-30T22:29:37.906+0000][10742.288s][info ][safepoint     ] Application time: 1.0012768 seconds
[2023-10-30T22:29:37.907+0000][10742.289s][info ][safepoint     ] Entering safepoint region: Cleanup
[2023-10-30T22:29:37.908+0000][10742.289s][info ][safepoint     ] Leaving safepoint region
[2023-10-30T22:29:37.908+0000][10742.290s][info ][safepoint     ] Total time for which application threads were stopped: 0.0013155 seconds, Stopping threads took: 0.0005054 seconds
[2023-10-30T22:29:38.909+0000][10743.290s][debug][safepoint     ] Safepoint synchronization initiated. (184 threads)
[2023-10-30T22:29:38.910+0000][10743.291s][info ][safepoint     ] Application time: 1.0010894 seconds
[2023-10-30T22:29:38.911+0000][10743.292s][info ][safepoint     ] Entering safepoint region: Cleanup
[2023-10-30T22:29:38.912+0000][10743.293s][info ][safepoint     ] Leaving safepoint region
[2023-10-30T22:29:38.912+0000][10743.294s][info ][safepoint     ] Total time for which application threads were stopped: 0.0018595 seconds, Stopping threads took: 0.0007611 seconds
[2023-10-30T22:29:39.913+0000][10744.295s][debug][safepoint     ] Safepoint synchronization initiated. (184 threads)
[2023-10-30T22:29:39.914+0000][10744.296s][info ][safepoint     ] Application time: 1.0010230 seconds
[2023-10-30T22:29:39.915+0000][10744.296s][info ][safepoint     ] Entering safepoint region: Cleanup
[2023-10-30T22:29:39.915+0000][10744.297s][info ][safepoint     ] Leaving safepoint region
[2023-10-30T22:29:39.916+0000][10744.297s][info ][safepoint     ] Total time for which application threads were stopped: 0.0012491 seconds, Stopping threads took: 0.0006007 seconds
[2023-10-30T22:29:40.917+0000][10745.298s][debug][safepoint     ] Safepoint synchronization initiated. (184 threads)
[2023-10-30T22:29:40.918+0000][10745.299s][info ][safepoint     ] Application time: 1.0012242 seconds
[2023-10-30T22:29:40.918+0000][10745.300s][info ][safepoint     ] Entering safepoint region: Cleanup
[2023-10-30T22:29:40.919+0000][10745.301s][info ][safepoint     ] Leaving safepoint region
[2023-10-30T22:29:40.920+0000][10745.302s][info ][safepoint     ] Total time for which application threads were stopped: 0.0016460 seconds, Stopping threads took: 0.0006697 seconds
[2023-10-30T22:29:41.921+0000][10746.302s][debug][safepoint     ] Safepoint synchronization initiated. (184 threads)
[2023-10-30T22:29:41.921+0000][10746.303s][info ][safepoint     ] Application time: 1.0009140 seconds
[2023-10-30T22:29:41.922+0000][10746.304s][info ][safepoint     ] Entering safepoint region: Cleanup
[2023-10-30T22:29:41.923+0000][10746.304s][info ][safepoint     ] Leaving safepoint region
[2023-10-30T22:29:41.923+0000][10746.305s][info ][safepoint     ] Total time for which application threads were stopped: 0.0012604 seconds, Stopping threads took: 0.0005642 seconds
[2023-10-30T22:29:42.924+0000][10747.306s][debug][safepoint     ] Safepoint synchronization initiated. (184 threads)
[2023-10-30T22:29:42.925+0000][10747.307s][info ][safepoint     ] Application time: 1.0009583 seconds
[2023-10-30T22:29:42.926+0000][10747.307s][info ][safepoint     ] Entering safepoint region: Cleanup
[2023-10-30T22:29:42.926+0000][10747.308s][info ][safepoint     ] Leaving safepoint region
[2023-10-30T22:29:42.927+0000][10747.308s][info ][safepoint     ] Total time for which application threads were stopped: 0.0013174 seconds, Stopping threads took: 0.0005277 seconds
[2023-10-30T22:29:43.928+0000][10748.309s][debug][safepoint     ] Safepoint synchronization initiated. (184 threads)
[2023-10-30T22:29:43.928+0000][10748.310s][info ][safepoint     ] Application time: 1.0007784 seconds
[2023-10-30T22:29:43.929+0000][10748.310s][info ][safepoint     ] Entering safepoint region: Cleanup
[2023-10-30T22:29:43.929+0000][10748.311s][info ][safepoint     ] Leaving safepoint region
[2023-10-30T22:29:43.930+0000][10748.311s][info ][safepoint     ] Total time for which application threads were stopped: 0.0010356 seconds, Stopping threads took: 0.0004708 seconds
[2023-10-30T22:29:44.930+0000][10749.312s][debug][safepoint     ] Safepoint synchronization initiated. (184 threads)
[2023-10-30T22:29:44.931+0000][10749.312s][info ][safepoint     ] Application time: 1.0005837 seconds
[2023-10-30T22:29:44.931+0000][10749.313s][info ][safepoint     ] Entering safepoint region: Cleanup
[2023-10-30T22:29:44.932+0000][10749.313s][info ][safepoint     ] Leaving safepoint region
[2023-10-30T22:29:44.932+0000][10749.314s][info ][safepoint     ] Total time for which application threads were stopped: 0.0010276 seconds, Stopping threads took: 0.0003572 seconds
[2023-10-30T22:29:45.933+0000][10750.314s][debug][safepoint     ] Safepoint synchronization initiated. (184 threads)
[2023-10-30T22:29:45.933+0000][10750.315s][info ][safepoint     ] Application time: 1.0006434 seconds
[2023-10-30T22:29:45.934+0000][10750.315s][info ][safepoint     ] Entering safepoint region: Cleanup
[2023-10-30T22:29:45.934+0000][10750.316s][info ][safepoint     ] Leaving safepoint region
[2023-10-30T22:29:45.935+0000][10750.316s][info ][safepoint     ] Total time for which application threads were stopped: 0.0011944 seconds, Stopping threads took: 0.0003862 seconds
[2023-10-30T22:29:46.935+0000][10751.317s][debug][safepoint     ] Safepoint synchronization initiated. (184 threads)
[2023-10-30T22:29:46.936+0000][10751.318s][info ][safepoint     ] Application time: 1.0013244 seconds
[2023-10-30T22:29:46.938+0000][10751.319s][info ][safepoint     ] Entering safepoint region: Cleanup
[2023-10-30T22:29:46.939+0000][10751.320s][info ][safepoint     ] Leaving safepoint region
[2023-10-30T22:29:46.940+0000][10751.321s][info ][safepoint     ] Total time for which application threads were stopped: 0.0021465 seconds, Stopping threads took: 0.0008860 seconds
[2023-10-30T22:29:47.941+0000][10752.322s][debug][safepoint     ] Safepoint synchronization initiated. (184 threads)
[2023-10-30T22:29:47.942+0000][10752.323s][info ][safepoint     ] Application time: 1.0013162 seconds
[2023-10-30T22:29:47.943+0000][10752.324s][info ][safepoint     ] Entering safepoint region: Cleanup
[2023-10-30T22:29:47.944+0000][10752.325s][info ][safepoint     ] Leaving safepoint region
[2023-10-30T22:29:47.945+0000][10752.326s][info ][safepoint     ] Total time for which application threads were stopped: 0.0018040 seconds, Stopping threads took: 0.0007918 seconds
[2023-10-30T22:29:48.946+0000][10753.327s][debug][safepoint     ] Safepoint synchronization initiated. (184 threads)
[2023-10-30T22:29:48.947+0000][10753.328s][info ][safepoint     ] Application time: 1.0013841 seconds
[2023-10-30T22:29:48.948+0000][10753.329s][info ][safepoint     ] Entering safepoint region: Cleanup
[2023-10-30T22:29:48.949+0000][10753.331s][info ][safepoint     ] Leaving safepoint region
[2023-10-30T22:29:48.950+0000][10753.331s][info ][safepoint     ] Total time for which application threads were stopped: 0.0021239 seconds, Stopping threads took: 0.0009958 seconds
[2023-10-30T22:29:49.951+0000][10754.332s][debug][safepoint     ] Safepoint synchronization initiated. (184 threads)
[2023-10-30T22:29:49.952+0000][10754.333s][info ][safepoint     ] Application time: 1.0011385 seconds
[2023-10-30T22:29:49.953+0000][10754.334s][info ][safepoint     ] Entering safepoint region: Cleanup
[2023-10-30T22:29:49.954+0000][10754.335s][info ][safepoint     ] Leaving safepoint region
[2023-10-30T22:29:49.954+0000][10754.336s][info ][safepoint     ] Total time for which application threads were stopped: 0.0017298 seconds, Stopping threads took: 0.0007823 seconds
[2023-10-30T22:29:50.955+0000][10755.337s][debug][safepoint     ] Safepoint synchronization initiated. (184 threads)
[2023-10-30T22:29:50.956+0000][10755.337s][info ][safepoint     ] Application time: 1.0005582 seconds
[2023-10-30T22:29:50.956+0000][10755.338s][info ][safepoint     ] Entering safepoint region: Cleanup
[2023-10-30T22:29:50.957+0000][10755.338s][info ][safepoint     ] Leaving safepoint region
[2023-10-30T22:29:50.957+0000][10755.338s][info ][safepoint     ] Total time for which application threads were stopped: 0.0008424 seconds, Stopping threads took: 0.0003716 seconds
[2023-10-30T22:29:51.957+0000][10756.339s][debug][safepoint     ] Safepoint synchronization initiated. (184 threads)
[2023-10-30T22:29:51.959+0000][10756.340s][info ][safepoint     ] Application time: 1.0013783 seconds
[2023-10-30T22:29:51.960+0000][10756.341s][info ][safepoint     ] Entering safepoint region: Cleanup
[2023-10-30T22:29:51.961+0000][10756.342s][info ][safepoint     ] Leaving safepoint region
[2023-10-30T22:29:51.961+0000][10756.343s][info ][safepoint     ] Total time for which application threads were stopped: 0.0017585 seconds, Stopping threads took: 0.0007887 seconds
[2023-10-30T22:29:52.516+0000][10756.898s][debug][safepoint     ] Safepoint synchronization initiated. (184 threads)
[2023-10-30T22:29:52.517+0000][10756.899s][info ][safepoint     ] Application time: 0.5555530 seconds
[2023-10-30T22:29:52.518+0000][10756.900s][info ][safepoint     ] Entering safepoint region: G1CollectForAllocation
[2023-10-30T22:29:52.520+0000][10756.902s][info ][gc,start      ] GC(126) Pause Young (Mixed) (G1 Evacuation Pause)
[2023-10-30T22:29:52.521+0000][10756.902s][info ][gc,task       ] GC(126) Using 8 workers of 8 for evacuation
[2023-10-30T22:29:52.536+0000][10756.918s][info ][gc,phases     ] GC(126)   Pre Evacuate Collection Set: 0.2ms
[2023-10-30T22:29:52.537+0000][10756.918s][info ][gc,phases     ] GC(126)   Evacuate Collection Set: 11.4ms
[2023-10-30T22:29:52.537+0000][10756.919s][info ][gc,phases     ] GC(126)   Post Evacuate Collection Set: 2.7ms
[2023-10-30T22:29:52.538+0000][10756.919s][info ][gc,phases     ] GC(126)   Other: 1.7ms
[2023-10-30T22:29:52.538+0000][10756.919s][info ][gc,heap       ] GC(126) Eden regions: 15->0(160)
[2023-10-30T22:29:52.538+0000][10756.920s][info ][gc,heap       ] GC(126) Survivor regions: 3->2(3)
[2023-10-30T22:29:52.539+0000][10756.920s][info ][gc,heap       ] GC(126) Old regions: 145->143
[2023-10-30T22:29:52.539+0000][10756.921s][info ][gc,heap       ] GC(126) Humongous regions: 25->25
[2023-10-30T22:29:52.540+0000][10756.921s][info ][gc,metaspace  ] GC(126) Metaspace: 169043K(176724K)->169043K(176724K) NonClass: 149744K(154760K)->149744K(154760K) Class: 19299K(21964K)->19299K(21964K)
[2023-10-30T22:29:52.540+0000][10756.922s][info ][gc            ] GC(126) Pause Young (Mixed) (G1 Evacuation Pause) 185M->168M(372M) 20.219ms
[2023-10-30T22:29:52.541+0000][10756.922s][info ][gc,cpu        ] GC(126) User=0.10s Sys=0.01s Real=0.02s
[2023-10-30T22:29:52.541+0000][10756.923s][info ][safepoint     ] Leaving safepoint region
[2023-10-30T22:29:52.542+0000][10756.923s][info ][safepoint     ] Total time for which application threads were stopped: 0.0235786 seconds, Stopping threads took: 0.0015611 seconds
[2023-10-30T22:29:52.542+0000][10756.924s][info ][gc,stringdedup] Concurrent String Deduplication (10756.924s)
[2023-10-30T22:29:52.543+0000][10756.924s][info ][gc,stringdedup] Concurrent String Deduplication 824.0B->616.0B(208.0B) avg 54.6% (10756.924s, 10756.924s) 0.473ms
[2023-10-30T22:29:53.542+0000][10757.924s][debug][safepoint     ] Safepoint synchronization initiated. (184 threads)
[2023-10-30T22:29:53.543+0000][10757.925s][info ][safepoint     ] Application time: 1.0011514 seconds
[2023-10-30T22:29:53.544+0000][10757.926s][info ][safepoint     ] Entering safepoint region: Cleanup
[2023-10-30T22:29:53.545+0000][10757.927s][info ][safepoint     ] Leaving safepoint region
[2023-10-30T22:29:53.546+0000][10757.927s][info ][safepoint     ] Total time for which application threads were stopped: 0.0018114 seconds, Stopping threads took: 0.0007307 seconds
[2023-10-30T22:29:54.547+0000][10758.928s][debug][safepoint     ] Safepoint synchronization initiated. (184 threads)
[2023-10-30T22:29:54.548+0000][10758.929s][info ][safepoint     ] Application time: 1.0012154 seconds
[2023-10-30T22:29:54.548+0000][10758.930s][info ][safepoint     ] Entering safepoint region: Cleanup
[2023-10-30T22:29:54.549+0000][10758.931s][info ][safepoint     ] Leaving safepoint region
[2023-10-30T22:29:54.550+0000][10758.932s][info ][safepoint     ] Total time for which application threads were stopped: 0.0017021 seconds, Stopping threads took: 0.0005907 seconds
[2023-10-30T22:29:55.551+0000][10759.932s][debug][safepoint     ] Safepoint synchronization initiated. (184 threads)
[2023-10-30T22:29:55.551+0000][10759.933s][info ][safepoint     ] Application time: 1.0005551 seconds
[2023-10-30T22:29:55.552+0000][10759.933s][info ][safepoint     ] Entering safepoint region: Cleanup
[2023-10-30T22:29:55.552+0000][10759.934s][info ][safepoint     ] Leaving safepoint region
[2023-10-30T22:29:55.552+0000][10759.934s][info ][safepoint     ] Total time for which application threads were stopped: 0.0008615 seconds, Stopping threads took: 0.0003677 seconds
[2023-10-30T22:29:56.553+0000][10760.935s][debug][safepoint     ] Safepoint synchronization initiated. (184 threads)
[2023-10-30T22:29:56.554+0000][10760.935s][info ][safepoint     ] Application time: 1.0007975 seconds
[2023-10-30T22:29:56.554+0000][10760.936s][info ][safepoint     ] Entering safepoint region: Cleanup
[2023-10-30T22:29:56.554+0000][10760.936s][info ][safepoint     ] Leaving safepoint region
[2023-10-30T22:29:56.555+0000][10760.936s][info ][safepoint     ] Total time for which application threads were stopped: 0.0009744 seconds, Stopping threads took: 0.0004566 seconds
[2023-10-30T22:29:57.555+0000][10761.937s][debug][safepoint     ] Safepoint synchronization initiated. (184 threads)
[2023-10-30T22:29:57.556+0000][10761.937s][info ][safepoint     ] Application time: 1.0006122 seconds
[2023-10-30T22:29:57.556+0000][10761.938s][info ][safepoint     ] Entering safepoint region: Cleanup
[2023-10-30T22:29:57.557+0000][10761.939s][info ][safepoint     ] Leaving safepoint region
[2023-10-30T22:29:57.557+0000][10761.939s][info ][safepoint     ] Total time for which application threads were stopped: 0.0011387 seconds, Stopping threads took: 0.0004877 seconds
[2023-10-30T22:29:58.558+0000][10762.940s][debug][safepoint     ] Safepoint synchronization initiated. (184 threads)
[2023-10-30T22:29:58.559+0000][10762.941s][info ][safepoint     ] Application time: 1.0013714 seconds
[2023-10-30T22:29:58.560+0000][10762.942s][info ][safepoint     ] Entering safepoint region: Cleanup
[2023-10-30T22:29:58.561+0000][10762.942s][info ][safepoint     ] Leaving safepoint region
[2023-10-30T22:29:58.561+0000][10762.943s][info ][safepoint     ] Total time for which application threads were stopped: 0.0011251 seconds, Stopping threads took: 0.0004309 seconds
[2023-10-30T22:29:59.562+0000][10763.943s][debug][safepoint     ] Safepoint synchronization initiated. (184 threads)
[2023-10-30T22:29:59.563+0000][10763.944s][info ][safepoint     ] Application time: 1.0011832 seconds
[2023-10-30T22:29:59.564+0000][10763.945s][info ][safepoint     ] Entering safepoint region: Cleanup
[2023-10-30T22:29:59.565+0000][10763.946s][info ][safepoint     ] Leaving safepoint region
[2023-10-30T22:29:59.565+0000][10763.947s][info ][safepoint     ] Total time for which application threads were stopped: 0.0019480 seconds, Stopping threads took: 0.0008402 seconds
[2023-10-30T22:30:00.567+0000][10764.948s][debug][safepoint     ] Safepoint synchronization initiated. (184 threads)
[2023-10-30T22:30:00.567+0000][10764.949s][info ][safepoint     ] Application time: 1.0012019 seconds
[2023-10-30T22:30:00.568+0000][10764.950s][info ][safepoint     ] Entering safepoint region: Cleanup
[2023-10-30T22:30:00.569+0000][10764.951s][info ][safepoint     ] Leaving safepoint region
[2023-10-30T22:30:00.570+0000][10764.952s][info ][safepoint     ] Total time for which application threads were stopped: 0.0017456 seconds, Stopping threads took: 0.0006780 seconds
[2023-10-30T22:30:01.571+0000][10765.952s][debug][safepoint     ] Safepoint synchronization initiated. (184 threads)
[2023-10-30T22:30:01.571+0000][10765.953s][info ][safepoint     ] Application time: 1.0008050 seconds
[2023-10-30T22:30:01.572+0000][10765.954s][info ][safepoint     ] Entering safepoint region: Cleanup
[2023-10-30T22:30:01.573+0000][10765.955s][info ][safepoint     ] Leaving safepoint region
[2023-10-30T22:30:01.573+0000][10765.955s][info ][safepoint     ] Total time for which application threads were stopped: 0.0013963 seconds, Stopping threads took: 0.0006506 seconds
[2023-10-30T22:30:02.574+0000][10766.956s][debug][safepoint     ] Safepoint synchronization initiated. (184 threads)
[2023-10-30T22:30:02.575+0000][10766.956s][info ][safepoint     ] Application time: 1.0006637 seconds
[2023-10-30T22:30:02.575+0000][10766.957s][info ][safepoint     ] Entering safepoint region: Cleanup
[2023-10-30T22:30:02.576+0000][10766.957s][info ][safepoint     ] Leaving safepoint region
[2023-10-30T22:30:02.576+0000][10766.958s][info ][safepoint     ] Total time for which application threads were stopped: 0.0010009 seconds, Stopping threads took: 0.0004454 seconds
[2023-10-30T22:30:03.577+0000][10767.958s][debug][safepoint     ] Safepoint synchronization initiated. (184 threads)
[2023-10-30T22:30:03.577+0000][10767.959s][info ][safepoint     ] Application time: 1.0010375 seconds
[2023-10-30T22:30:03.578+0000][10767.960s][info ][safepoint     ] Entering safepoint region: Cleanup
[2023-10-30T22:30:03.579+0000][10767.961s][info ][safepoint     ] Leaving safepoint region
[2023-10-30T22:30:03.580+0000][10767.962s][info ][safepoint     ] Total time for which application threads were stopped: 0.0018569 seconds, Stopping threads took: 0.0005305 seconds
[2023-10-30T22:30:04.581+0000][10768.962s][debug][safepoint     ] Safepoint synchronization initiated. (184 threads)
[2023-10-30T22:30:04.582+0000][10768.963s][info ][safepoint     ] Application time: 1.0010349 seconds
[2023-10-30T22:30:04.582+0000][10768.964s][info ][safepoint     ] Entering safepoint region: Cleanup
[2023-10-30T22:30:04.583+0000][10768.964s][info ][safepoint     ] Leaving safepoint region
[2023-10-30T22:30:04.583+0000][10768.965s][info ][safepoint     ] Total time for which application threads were stopped: 0.0012594 seconds, Stopping threads took: 0.0005295 seconds
[2023-10-30T22:30:05.584+0000][10769.966s][debug][safepoint     ] Safepoint synchronization initiated. (184 threads)
[2023-10-30T22:30:05.585+0000][10769.967s][info ][safepoint     ] Application time: 1.0009404 seconds
[2023-10-30T22:30:05.586+0000][10769.967s][info ][safepoint     ] Entering safepoint region: Cleanup
[2023-10-30T22:30:05.587+0000][10769.968s][info ][safepoint     ] Leaving safepoint region
[2023-10-30T22:30:05.588+0000][10769.969s][info ][safepoint     ] Total time for which application threads were stopped: 0.0019104 seconds, Stopping threads took: 0.0008286 seconds
[2023-10-30T22:30:06.588+0000][10770.970s][debug][safepoint     ] Safepoint synchronization initiated. (184 threads)
[2023-10-30T22:30:06.589+0000][10770.971s][info ][safepoint     ] Application time: 1.0008321 seconds
[2023-10-30T22:30:06.590+0000][10770.971s][info ][safepoint     ] Entering safepoint region: Cleanup
[2023-10-30T22:30:06.590+0000][10770.972s][info ][safepoint     ] Leaving safepoint region
[2023-10-30T22:30:06.591+0000][10770.972s][info ][safepoint     ] Total time for which application threads were stopped: 0.0012498 seconds, Stopping threads took: 0.0005478 seconds
[2023-10-30T22:30:07.591+0000][10771.973s][debug][safepoint     ] Safepoint synchronization initiated. (184 threads)
[2023-10-30T22:30:07.592+0000][10771.973s][info ][safepoint     ] Application time: 1.0004784 seconds
[2023-10-30T22:30:07.592+0000][10771.974s][info ][safepoint     ] Entering safepoint region: Cleanup
[2023-10-30T22:30:07.593+0000][10771.974s][info ][safepoint     ] Leaving safepoint region
[2023-10-30T22:30:07.593+0000][10771.975s][info ][safepoint     ] Total time for which application threads were stopped: 0.0008175 seconds, Stopping threads took: 0.0003305 seconds
[2023-10-30T22:30:08.593+0000][10772.975s][debug][safepoint     ] Safepoint synchronization initiated. (184 threads)
[2023-10-30T22:30:08.595+0000][10772.976s][info ][safepoint     ] Application time: 1.0015296 seconds
[2023-10-30T22:30:08.596+0000][10772.977s][info ][safepoint     ] Entering safepoint region: Cleanup
[2023-10-30T22:30:08.597+0000][10772.979s][info ][safepoint     ] Leaving safepoint region
[2023-10-30T22:30:08.598+0000][10772.979s][info ][safepoint     ] Total time for which application threads were stopped: 0.0020221 seconds, Stopping threads took: 0.0008574 seconds
[2023-10-30T22:30:09.599+0000][10773.980s][debug][safepoint     ] Safepoint synchronization initiated. (183 threads)
[2023-10-30T22:30:09.599+0000][10773.981s][info ][safepoint     ] Application time: 1.0009802 seconds
[2023-10-30T22:30:09.600+0000][10773.982s][info ][safepoint     ] Entering safepoint region: Cleanup
[2023-10-30T22:30:09.601+0000][10773.982s][info ][safepoint     ] Leaving safepoint region
[2023-10-30T22:30:09.601+0000][10773.983s][info ][safepoint     ] Total time for which application threads were stopped: 0.0012891 seconds, Stopping threads took: 0.0004936 seconds
[2023-10-30T22:30:10.602+0000][10774.984s][debug][safepoint     ] Safepoint synchronization initiated. (184 threads)
[2023-10-30T22:30:10.603+0000][10774.985s][info ][safepoint     ] Application time: 1.0010715 seconds
[2023-10-30T22:30:10.604+0000][10774.985s][info ][safepoint     ] Entering safepoint region: Cleanup
[2023-10-30T22:30:10.604+0000][10774.986s][info ][safepoint     ] Leaving safepoint region
[2023-10-30T22:30:10.605+0000][10774.987s][info ][safepoint     ] Total time for which application threads were stopped: 0.0014149 seconds, Stopping threads took: 0.0006530 seconds
[2023-10-30T22:30:11.606+0000][10775.987s][debug][safepoint     ] Safepoint synchronization initiated. (184 threads)
[2023-10-30T22:30:11.607+0000][10775.988s][info ][safepoint     ] Application time: 1.0010676 seconds
[2023-10-30T22:30:11.607+0000][10775.989s][info ][safepoint     ] Entering safepoint region: Cleanup
[2023-10-30T22:30:11.608+0000][10775.989s][info ][safepoint     ] Leaving safepoint region
[2023-10-30T22:30:11.608+0000][10775.990s][info ][safepoint     ] Total time for which application threads were stopped: 0.0010964 seconds, Stopping threads took: 0.0004682 seconds
[2023-10-30T22:30:12.609+0000][10776.990s][debug][safepoint     ] Safepoint synchronization initiated. (184 threads)
[2023-10-30T22:30:12.610+0000][10776.991s][info ][safepoint     ] Application time: 1.0011520 seconds
[2023-10-30T22:30:12.611+0000][10776.992s][info ][safepoint     ] Entering safepoint region: Cleanup
[2023-10-30T22:30:12.612+0000][10776.993s][info ][safepoint     ] Leaving safepoint region
[2023-10-30T22:30:12.612+0000][10776.994s][info ][safepoint     ] Total time for which application threads were stopped: 0.0018277 seconds, Stopping threads took: 0.0008470 seconds
[2023-10-30T22:30:13.613+0000][10777.995s][debug][safepoint     ] Safepoint synchronization initiated. (184 threads)
[2023-10-30T22:30:13.614+0000][10777.996s][info ][safepoint     ] Application time: 1.0009548 seconds
[2023-10-30T22:30:13.615+0000][10777.996s][info ][safepoint     ] Entering safepoint region: Cleanup
[2023-10-30T22:30:13.615+0000][10777.997s][info ][safepoint     ] Leaving safepoint region
[2023-10-30T22:30:13.616+0000][10777.998s][info ][safepoint     ] Total time for which application threads were stopped: 0.0013641 seconds, Stopping threads took: 0.0006092 seconds
[2023-10-30T22:30:14.617+0000][10778.998s][debug][safepoint     ] Safepoint synchronization initiated. (184 threads)
[2023-10-30T22:30:14.618+0000][10778.999s][info ][safepoint     ] Application time: 1.0013604 seconds
[2023-10-30T22:30:14.619+0000][10779.000s][info ][safepoint     ] Entering safepoint region: Cleanup
[2023-10-30T22:30:14.620+0000][10779.001s][info ][safepoint     ] Leaving safepoint region
[2023-10-30T22:30:14.620+0000][10779.002s][info ][safepoint     ] Total time for which application threads were stopped: 0.0016762 seconds, Stopping threads took: 0.0006860 seconds
[2023-10-30T22:30:15.621+0000][10780.003s][debug][safepoint     ] Safepoint synchronization initiated. (184 threads)
[2023-10-30T22:30:15.622+0000][10780.004s][info ][safepoint     ] Application time: 1.0008637 seconds
[2023-10-30T22:30:15.622+0000][10780.004s][info ][safepoint     ] Entering safepoint region: Cleanup
[2023-10-30T22:30:15.623+0000][10780.005s][info ][safepoint     ] Leaving safepoint region
[2023-10-30T22:30:15.624+0000][10780.005s][info ][safepoint     ] Total time for which application threads were stopped: 0.0013417 seconds, Stopping threads took: 0.0006228 seconds
[2023-10-30T22:30:16.624+0000][10781.006s][debug][safepoint     ] Safepoint synchronization initiated. (184 threads)
[2023-10-30T22:30:16.625+0000][10781.006s][info ][safepoint     ] Application time: 1.0008262 seconds
[2023-10-30T22:30:16.625+0000][10781.007s][info ][safepoint     ] Entering safepoint region: Cleanup
[2023-10-30T22:30:16.626+0000][10781.008s][info ][safepoint     ] Leaving safepoint region
[2023-10-30T22:30:16.627+0000][10781.009s][info ][safepoint     ] Total time for which application threads were stopped: 0.0015834 seconds, Stopping threads took: 0.0007323 seconds
[2023-10-30T22:30:17.628+0000][10782.010s][debug][safepoint     ] Safepoint synchronization initiated. (182 threads)
[2023-10-30T22:30:17.629+0000][10782.010s][info ][safepoint     ] Application time: 1.0010566 seconds
[2023-10-30T22:30:17.629+0000][10782.011s][info ][safepoint     ] Entering safepoint region: Cleanup
[2023-10-30T22:30:17.630+0000][10782.012s][info ][safepoint     ] Leaving safepoint region
[2023-10-30T22:30:17.631+0000][10782.012s][info ][safepoint     ] Total time for which application threads were stopped: 0.0013285 seconds, Stopping threads took: 0.0005665 seconds
[2023-10-30T22:30:18.631+0000][10783.013s][debug][safepoint     ] Safepoint synchronization initiated. (182 threads)
[2023-10-30T22:30:18.634+0000][10783.016s][info ][safepoint     ] Application time: 1.0031625 seconds
[2023-10-30T22:30:18.641+0000][10783.022s][info ][safepoint     ] Entering safepoint region: Cleanup
[2023-10-30T22:30:18.654+0000][10783.036s][info ][safepoint     ] Leaving safepoint region
[2023-10-30T22:30:18.665+0000][10783.046s][info ][safepoint     ] Total time for which application threads were stopped: 0.0240909 seconds, Stopping threads took: 0.0131947 seconds
[2023-10-30T22:30:19.676+0000][10784.058s][debug][safepoint     ] Safepoint synchronization initiated. (182 threads)
[2023-10-30T22:30:19.677+0000][10784.058s][info ][safepoint     ] Application time: 1.0009671 seconds
[2023-10-30T22:30:19.677+0000][10784.059s][info ][safepoint     ] Entering safepoint region: Cleanup
[2023-10-30T22:30:19.678+0000][10784.060s][info ][safepoint     ] Leaving safepoint region
[2023-10-30T22:30:19.679+0000][10784.060s][info ][safepoint     ] Total time for which application threads were stopped: 0.0013760 seconds, Stopping threads took: 0.0005946 seconds
[2023-10-30T22:30:20.679+0000][10785.061s][debug][safepoint     ] Safepoint synchronization initiated. (182 threads)
[2023-10-30T22:30:20.680+0000][10785.062s][info ][safepoint     ] Application time: 1.0009712 seconds
[2023-10-30T22:30:20.681+0000][10785.062s][info ][safepoint     ] Entering safepoint region: Cleanup
[2023-10-30T22:30:20.682+0000][10785.063s][info ][safepoint     ] Leaving safepoint region
[2023-10-30T22:30:20.682+0000][10785.064s][info ][safepoint     ] Total time for which application threads were stopped: 0.0014860 seconds, Stopping threads took: 0.0007181 seconds
[2023-10-30T22:30:21.683+0000][10786.065s][debug][safepoint     ] Safepoint synchronization initiated. (182 threads)
[2023-10-30T22:30:21.684+0000][10786.065s][info ][safepoint     ] Application time: 1.0007999 seconds
[2023-10-30T22:30:21.684+0000][10786.066s][info ][safepoint     ] Entering safepoint region: Cleanup
[2023-10-30T22:30:21.685+0000][10786.066s][info ][safepoint     ] Leaving safepoint region
[2023-10-30T22:30:21.685+0000][10786.067s][info ][safepoint     ] Total time for which application threads were stopped: 0.0010877 seconds, Stopping threads took: 0.0005296 seconds
[2023-10-30T22:30:22.686+0000][10787.067s][debug][safepoint     ] Safepoint synchronization initiated. (182 threads)
[2023-10-30T22:30:22.686+0000][10787.068s][info ][safepoint     ] Application time: 1.0006266 seconds
[2023-10-30T22:30:22.687+0000][10787.068s][info ][safepoint     ] Entering safepoint region: Cleanup
[2023-10-30T22:30:22.687+0000][10787.069s][info ][safepoint     ] Leaving safepoint region
[2023-10-30T22:30:22.688+0000][10787.069s][info ][safepoint     ] Total time for which application threads were stopped: 0.0010911 seconds, Stopping threads took: 0.0004343 seconds
[2023-10-30T22:30:23.688+0000][10788.070s][debug][safepoint     ] Safepoint synchronization initiated. (182 threads)
[2023-10-30T22:30:23.689+0000][10788.071s][info ][safepoint     ] Application time: 1.0009175 seconds
[2023-10-30T22:30:23.690+0000][10788.071s][info ][safepoint     ] Entering safepoint region: Cleanup
[2023-10-30T22:30:23.690+0000][10788.072s][info ][safepoint     ] Leaving safepoint region
[2023-10-30T22:30:23.691+0000][10788.072s][info ][safepoint     ] Total time for which application threads were stopped: 0.0011963 seconds, Stopping threads took: 0.0005245 seconds
[2023-10-30T22:30:24.692+0000][10789.073s][debug][safepoint     ] Safepoint synchronization initiated. (182 threads)
[2023-10-30T22:30:24.692+0000][10789.074s][info ][safepoint     ] Application time: 1.0006370 seconds
[2023-10-30T22:30:24.693+0000][10789.074s][info ][safepoint     ] Entering safepoint region: Cleanup
[2023-10-30T22:30:24.693+0000][10789.075s][info ][safepoint     ] Leaving safepoint region
[2023-10-30T22:30:24.694+0000][10789.076s][info ][safepoint     ] Total time for which application threads were stopped: 0.0016401 seconds, Stopping threads took: 0.0005647 seconds
[2023-10-30T22:30:25.695+0000][10790.077s][debug][safepoint     ] Safepoint synchronization initiated. (182 threads)
[2023-10-30T22:30:25.696+0000][10790.077s][info ][safepoint     ] Application time: 1.0009428 seconds
[2023-10-30T22:30:25.696+0000][10790.078s][info ][safepoint     ] Entering safepoint region: Cleanup
[2023-10-30T22:30:25.697+0000][10790.079s][info ][safepoint     ] Leaving safepoint region
[2023-10-30T22:30:25.698+0000][10790.079s][info ][safepoint     ] Total time for which application threads were stopped: 0.0013766 seconds, Stopping threads took: 0.0006625 seconds
[2023-10-30T22:30:26.698+0000][10791.080s][debug][safepoint     ] Safepoint synchronization initiated. (182 threads)
[2023-10-30T22:30:26.699+0000][10791.080s][info ][safepoint     ] Application time: 1.0005672 seconds
[2023-10-30T22:30:26.699+0000][10791.081s][info ][safepoint     ] Entering safepoint region: Cleanup
[2023-10-30T22:30:26.700+0000][10791.081s][info ][safepoint     ] Leaving safepoint region
[2023-10-30T22:30:26.700+0000][10791.082s][info ][safepoint     ] Total time for which application threads were stopped: 0.0008395 seconds, Stopping threads took: 0.0003404 seconds
[2023-10-30T22:30:27.701+0000][10792.082s][debug][safepoint     ] Safepoint synchronization initiated. (182 threads)
[2023-10-30T22:30:27.702+0000][10792.083s][info ][safepoint     ] Application time: 1.0012643 seconds
[2023-10-30T22:30:27.702+0000][10792.084s][info ][safepoint     ] Entering safepoint region: Cleanup
[2023-10-30T22:30:27.703+0000][10792.085s][info ][safepoint     ] Leaving safepoint region
[2023-10-30T22:30:27.704+0000][10792.086s][info ][safepoint     ] Total time for which application threads were stopped: 0.0016813 seconds, Stopping threads took: 0.0008570 seconds
[2023-10-30T22:30:28.705+0000][10793.086s][debug][safepoint     ] Safepoint synchronization initiated. (182 threads)
[2023-10-30T22:30:28.705+0000][10793.087s][info ][safepoint     ] Application time: 1.0005476 seconds
[2023-10-30T22:30:28.706+0000][10793.087s][info ][safepoint     ] Entering safepoint region: Cleanup
[2023-10-30T22:30:28.706+0000][10793.088s][info ][safepoint     ] Leaving safepoint region
[2023-10-30T22:30:28.706+0000][10793.088s][info ][safepoint     ] Total time for which application threads were stopped: 0.0007786 seconds, Stopping threads took: 0.0003185 seconds
[2023-10-30T22:30:29.707+0000][10794.088s][debug][safepoint     ] Safepoint synchronization initiated. (182 threads)
[2023-10-30T22:30:29.708+0000][10794.090s][info ][safepoint     ] Application time: 1.0012458 seconds
[2023-10-30T22:30:29.709+0000][10794.090s][info ][safepoint     ] Entering safepoint region: Cleanup
[2023-10-30T22:30:29.710+0000][10794.091s][info ][safepoint     ] Leaving safepoint region
[2023-10-30T22:30:29.710+0000][10794.092s][info ][safepoint     ] Total time for which application threads were stopped: 0.0017930 seconds, Stopping threads took: 0.0007828 seconds
[2023-10-30T22:30:30.711+0000][10795.093s][debug][safepoint     ] Safepoint synchronization initiated. (182 threads)
[2023-10-30T22:30:30.712+0000][10795.094s][info ][safepoint     ] Application time: 1.0008966 seconds
[2023-10-30T22:30:30.713+0000][10795.094s][info ][safepoint     ] Entering safepoint region: Cleanup
[2023-10-30T22:30:30.713+0000][10795.095s][info ][safepoint     ] Leaving safepoint region
[2023-10-30T22:30:30.714+0000][10795.095s][info ][safepoint     ] Total time for which application threads were stopped: 0.0010669 seconds, Stopping threads took: 0.0004439 seconds
[2023-10-30T22:30:31.714+0000][10796.096s][debug][safepoint     ] Safepoint synchronization initiated. (182 threads)
[2023-10-30T22:30:31.715+0000][10796.097s][info ][safepoint     ] Application time: 1.0010736 seconds
[2023-10-30T22:30:31.716+0000][10796.098s][info ][safepoint     ] Entering safepoint region: Cleanup
[2023-10-30T22:30:31.717+0000][10796.098s][info ][safepoint     ] Leaving safepoint region
[2023-10-30T22:30:31.717+0000][10796.099s][info ][safepoint     ] Total time for which application threads were stopped: 0.0015048 seconds, Stopping threads took: 0.0006729 seconds
[2023-10-30T22:30:32.718+0000][10797.100s][debug][safepoint     ] Safepoint synchronization initiated. (182 threads)
[2023-10-30T22:30:32.719+0000][10797.101s][info ][safepoint     ] Application time: 1.0009715 seconds
[2023-10-30T22:30:32.719+0000][10797.101s][info ][safepoint     ] Entering safepoint region: Cleanup
[2023-10-30T22:30:32.720+0000][10797.102s][info ][safepoint     ] Leaving safepoint region
[2023-10-30T22:30:32.721+0000][10797.102s][info ][safepoint     ] Total time for which application threads were stopped: 0.0012218 seconds, Stopping threads took: 0.0005550 seconds
[2023-10-30T22:30:33.721+0000][10798.103s][debug][safepoint     ] Safepoint synchronization initiated. (182 threads)
[2023-10-30T22:30:33.722+0000][10798.103s][info ][safepoint     ] Application time: 1.0007605 seconds
[2023-10-30T22:30:33.722+0000][10798.104s][info ][safepoint     ] Entering safepoint region: Cleanup
[2023-10-30T22:30:33.723+0000][10798.105s][info ][safepoint     ] Leaving safepoint region
[2023-10-30T22:30:33.723+0000][10798.105s][info ][safepoint     ] Total time for which application threads were stopped: 0.0011889 seconds, Stopping threads took: 0.0006000 seconds
[2023-10-30T22:30:34.724+0000][10799.106s][debug][safepoint     ] Safepoint synchronization initiated. (182 threads)
[2023-10-30T22:30:34.725+0000][10799.106s][info ][safepoint     ] Application time: 1.0005820 seconds
[2023-10-30T22:30:34.725+0000][10799.107s][info ][safepoint     ] Entering safepoint region: Cleanup
[2023-10-30T22:30:34.725+0000][10799.107s][info ][safepoint     ] Leaving safepoint region
[2023-10-30T22:30:34.726+0000][10799.107s][info ][safepoint     ] Total time for which application threads were stopped: 0.0009152 seconds, Stopping threads took: 0.0004559 seconds
[2023-10-30T22:30:35.726+0000][10800.108s][debug][safepoint     ] Safepoint synchronization initiated. (182 threads)
[2023-10-30T22:30:35.727+0000][10800.109s][info ][safepoint     ] Application time: 1.0010645 seconds
[2023-10-30T22:30:35.728+0000][10800.110s][info ][safepoint     ] Entering safepoint region: Cleanup
[2023-10-30T22:30:35.729+0000][10800.111s][info ][safepoint     ] Leaving safepoint region
[2023-10-30T22:30:35.730+0000][10800.112s][info ][safepoint     ] Total time for which application threads were stopped: 0.0017215 seconds, Stopping threads took: 0.0006693 seconds
[2023-10-30T22:30:36.731+0000][10801.113s][debug][safepoint     ] Safepoint synchronization initiated. (182 threads)
[2023-10-30T22:30:36.732+0000][10801.114s][info ][safepoint     ] Application time: 1.0012401 seconds
[2023-10-30T22:30:36.733+0000][10801.115s][info ][safepoint     ] Entering safepoint region: Cleanup
[2023-10-30T22:30:36.734+0000][10801.116s][info ][safepoint     ] Leaving safepoint region
[2023-10-30T22:30:36.735+0000][10801.117s][info ][safepoint     ] Total time for which application threads were stopped: 0.0021150 seconds, Stopping threads took: 0.0010903 seconds
[2023-10-30T22:30:37.736+0000][10802.118s][debug][safepoint     ] Safepoint synchronization initiated. (182 threads)
[2023-10-30T22:30:37.737+0000][10802.119s][info ][safepoint     ] Application time: 1.0013638 seconds
[2023-10-30T22:30:37.738+0000][10802.119s][info ][safepoint     ] Entering safepoint region: Cleanup
[2023-10-30T22:30:37.738+0000][10802.120s][info ][safepoint     ] Leaving safepoint region
[2023-10-30T22:30:37.739+0000][10802.121s][info ][safepoint     ] Total time for which application threads were stopped: 0.0012485 seconds, Stopping threads took: 0.0005728 seconds
[2023-10-30T22:30:38.740+0000][10803.121s][debug][safepoint     ] Safepoint synchronization initiated. (182 threads)
[2023-10-30T22:30:38.741+0000][10803.122s][info ][safepoint     ] Application time: 1.0012390 seconds
[2023-10-30T22:30:38.742+0000][10803.123s][info ][safepoint     ] Entering safepoint region: Cleanup
[2023-10-30T22:30:38.743+0000][10803.124s][info ][safepoint     ] Leaving safepoint region
[2023-10-30T22:30:38.743+0000][10803.125s][info ][safepoint     ] Total time for which application threads were stopped: 0.0018603 seconds, Stopping threads took: 0.0007642 seconds
[2023-10-30T22:30:39.744+0000][10804.126s][debug][safepoint     ] Safepoint synchronization initiated. (182 threads)
[2023-10-30T22:30:39.745+0000][10804.126s][info ][safepoint     ] Application time: 1.0006852 seconds
[2023-10-30T22:30:39.745+0000][10804.127s][info ][safepoint     ] Entering safepoint region: Cleanup
[2023-10-30T22:30:39.746+0000][10804.128s][info ][safepoint     ] Leaving safepoint region
[2023-10-30T22:30:39.746+0000][10804.128s][info ][safepoint     ] Total time for which application threads were stopped: 0.0012363 seconds, Stopping threads took: 0.0005323 seconds
[2023-10-30T22:30:40.747+0000][10805.129s][debug][safepoint     ] Safepoint synchronization initiated. (182 threads)
[2023-10-30T22:30:40.748+0000][10805.130s][info ][safepoint     ] Application time: 1.0010655 seconds
[2023-10-30T22:30:40.749+0000][10805.130s][info ][safepoint     ] Entering safepoint region: Cleanup
[2023-10-30T22:30:40.750+0000][10805.131s][info ][safepoint     ] Leaving safepoint region
[2023-10-30T22:30:40.750+0000][10805.132s][info ][safepoint     ] Total time for which application threads were stopped: 0.0015259 seconds, Stopping threads took: 0.0006361 seconds
[2023-10-30T22:30:41.751+0000][10806.133s][debug][safepoint     ] Safepoint synchronization initiated. (182 threads)
[2023-10-30T22:30:41.752+0000][10806.134s][info ][safepoint     ] Application time: 1.0014048 seconds
[2023-10-30T22:30:41.753+0000][10806.135s][info ][safepoint     ] Entering safepoint region: Cleanup
[2023-10-30T22:30:41.754+0000][10806.136s][info ][safepoint     ] Leaving safepoint region
[2023-10-30T22:30:41.755+0000][10806.137s][info ][safepoint     ] Total time for which application threads were stopped: 0.0021338 seconds, Stopping threads took: 0.0009147 seconds
[2023-10-30T22:30:42.756+0000][10807.138s][debug][safepoint     ] Safepoint synchronization initiated. (182 threads)
[2023-10-30T22:30:42.757+0000][10807.139s][info ][safepoint     ] Application time: 1.0013793 seconds
[2023-10-30T22:30:42.758+0000][10807.140s][info ][safepoint     ] Entering safepoint region: Cleanup
[2023-10-30T22:30:42.759+0000][10807.141s][info ][safepoint     ] Leaving safepoint region
[2023-10-30T22:30:42.760+0000][10807.142s][info ][safepoint     ] Total time for which application threads were stopped: 0.0017500 seconds, Stopping threads took: 0.0007638 seconds
[2023-10-30T22:30:43.761+0000][10808.143s][debug][safepoint     ] Safepoint synchronization initiated. (182 threads)
[2023-10-30T22:30:43.762+0000][10808.144s][info ][safepoint     ] Application time: 1.0013426 seconds
[2023-10-30T22:30:43.763+0000][10808.145s][info ][safepoint     ] Entering safepoint region: Cleanup
[2023-10-30T22:30:43.764+0000][10808.146s][info ][safepoint     ] Leaving safepoint region
[2023-10-30T22:30:43.765+0000][10808.147s][info ][safepoint     ] Total time for which application threads were stopped: 0.0020813 seconds, Stopping threads took: 0.0009431 seconds
[2023-10-30T22:30:44.766+0000][10809.148s][debug][safepoint     ] Safepoint synchronization initiated. (182 threads)
[2023-10-30T22:30:44.767+0000][10809.148s][info ][safepoint     ] Application time: 1.0007048 seconds
[2023-10-30T22:30:44.767+0000][10809.149s][info ][safepoint     ] Entering safepoint region: Cleanup
[2023-10-30T22:30:44.768+0000][10809.149s][info ][safepoint     ] Leaving safepoint region
[2023-10-30T22:30:44.768+0000][10809.150s][info ][safepoint     ] Total time for which application threads were stopped: 0.0010494 seconds, Stopping threads took: 0.0004832 seconds
[2023-10-30T22:30:45.769+0000][10810.150s][debug][safepoint     ] Safepoint synchronization initiated. (182 threads)
[2023-10-30T22:30:45.769+0000][10810.151s][info ][safepoint     ] Application time: 1.0005445 seconds
[2023-10-30T22:30:45.769+0000][10810.151s][info ][safepoint     ] Entering safepoint region: Cleanup
[2023-10-30T22:30:45.770+0000][10810.152s][info ][safepoint     ] Leaving safepoint region
[2023-10-30T22:30:45.770+0000][10810.152s][info ][safepoint     ] Total time for which application threads were stopped: 0.0008616 seconds, Stopping threads took: 0.0004008 seconds
[2023-10-30T22:30:46.771+0000][10811.153s][debug][safepoint     ] Safepoint synchronization initiated. (182 threads)
[2023-10-30T22:30:46.772+0000][10811.154s][info ][safepoint     ] Application time: 1.0014887 seconds
[2023-10-30T22:30:46.773+0000][10811.155s][info ][safepoint     ] Entering safepoint region: Cleanup
[2023-10-30T22:30:46.774+0000][10811.156s][info ][safepoint     ] Leaving safepoint region
[2023-10-30T22:30:46.775+0000][10811.157s][info ][safepoint     ] Total time for which application threads were stopped: 0.0022567 seconds, Stopping threads took: 0.0009387 seconds
[2023-10-30T22:30:47.776+0000][10812.158s][debug][safepoint     ] Safepoint synchronization initiated. (182 threads)
[2023-10-30T22:30:47.777+0000][10812.159s][info ][safepoint     ] Application time: 1.0013132 seconds
[2023-10-30T22:30:47.778+0000][10812.160s][info ][safepoint     ] Entering safepoint region: Cleanup
[2023-10-30T22:30:47.779+0000][10812.161s][info ][safepoint     ] Leaving safepoint region
[2023-10-30T22:30:47.780+0000][10812.162s][info ][safepoint     ] Total time for which application threads were stopped: 0.0019897 seconds, Stopping threads took: 0.0009672 seconds
[2023-10-30T22:30:48.781+0000][10813.163s][debug][safepoint     ] Safepoint synchronization initiated. (182 threads)
[2023-10-30T22:30:48.783+0000][10813.164s][info ][safepoint     ] Application time: 1.0015431 seconds
[2023-10-30T22:30:48.784+0000][10813.165s][info ][safepoint     ] Entering safepoint region: Cleanup
[2023-10-30T22:30:48.785+0000][10813.166s][info ][safepoint     ] Leaving safepoint region
[2023-10-30T22:30:48.786+0000][10813.167s][info ][safepoint     ] Total time for which application threads were stopped: 0.0020682 seconds, Stopping threads took: 0.0009214 seconds
[2023-10-30T22:30:49.787+0000][10814.168s][debug][safepoint     ] Safepoint synchronization initiated. (182 threads)
[2023-10-30T22:30:49.787+0000][10814.169s][info ][safepoint     ] Application time: 1.0011379 seconds
[2023-10-30T22:30:49.788+0000][10814.170s][info ][safepoint     ] Entering safepoint region: Cleanup
[2023-10-30T22:30:49.789+0000][10814.171s][info ][safepoint     ] Leaving safepoint region
[2023-10-30T22:30:49.789+0000][10814.171s][info ][safepoint     ] Total time for which application threads were stopped: 0.0012668 seconds, Stopping threads took: 0.0005071 seconds
[2023-10-30T22:30:50.790+0000][10815.172s][debug][safepoint     ] Safepoint synchronization initiated. (182 threads)
[2023-10-30T22:30:50.792+0000][10815.173s][info ][safepoint     ] Application time: 1.0017801 seconds
[2023-10-30T22:30:50.793+0000][10815.175s][info ][safepoint     ] Entering safepoint region: Cleanup
[2023-10-30T22:30:50.794+0000][10815.176s][info ][safepoint     ] Leaving safepoint region
[2023-10-30T22:30:50.795+0000][10815.177s][info ][safepoint     ] Total time for which application threads were stopped: 0.0021311 seconds, Stopping threads took: 0.0007704 seconds
[2023-10-30T22:30:51.796+0000][10816.178s][debug][safepoint     ] Safepoint synchronization initiated. (182 threads)
[2023-10-30T22:30:51.797+0000][10816.179s][info ][safepoint     ] Application time: 1.0016401 seconds
[2023-10-30T22:30:51.799+0000][10816.180s][info ][safepoint     ] Entering safepoint region: Cleanup
[2023-10-30T22:30:51.800+0000][10816.182s][info ][safepoint     ] Leaving safepoint region
[2023-10-30T22:30:51.801+0000][10816.183s][info ][safepoint     ] Total time for which application threads were stopped: 0.0026387 seconds, Stopping threads took: 0.0011952 seconds
[2023-10-30T22:30:52.802+0000][10817.184s][debug][safepoint     ] Safepoint synchronization initiated. (182 threads)
[2023-10-30T22:30:52.803+0000][10817.184s][info ][safepoint     ] Application time: 1.0006569 seconds
[2023-10-30T22:30:52.803+0000][10817.185s][info ][safepoint     ] Entering safepoint region: Cleanup
[2023-10-30T22:30:52.804+0000][10817.185s][info ][safepoint     ] Leaving safepoint region
[2023-10-30T22:30:52.804+0000][10817.186s][info ][safepoint     ] Total time for which application threads were stopped: 0.0009134 seconds, Stopping threads took: 0.0004255 seconds
[2023-10-30T22:30:53.804+0000][10818.186s][debug][safepoint     ] Safepoint synchronization initiated. (182 threads)
[2023-10-30T22:30:53.805+0000][10818.187s][info ][safepoint     ] Application time: 1.0009732 seconds
[2023-10-30T22:30:53.806+0000][10818.187s][info ][safepoint     ] Entering safepoint region: Cleanup
[2023-10-30T22:30:53.806+0000][10818.188s][info ][safepoint     ] Leaving safepoint region
[2023-10-30T22:30:53.807+0000][10818.189s][info ][safepoint     ] Total time for which application threads were stopped: 0.0011932 seconds, Stopping threads took: 0.0005187 seconds
[2023-10-30T22:30:54.808+0000][10819.189s][debug][safepoint     ] Safepoint synchronization initiated. (182 threads)
[2023-10-30T22:30:54.808+0000][10819.190s][info ][safepoint     ] Application time: 1.0009971 seconds
[2023-10-30T22:30:54.809+0000][10819.191s][info ][safepoint     ] Entering safepoint region: Cleanup
[2023-10-30T22:30:54.810+0000][10819.192s][info ][safepoint     ] Leaving safepoint region
[2023-10-30T22:30:54.811+0000][10819.192s][info ][safepoint     ] Total time for which application threads were stopped: 0.0015144 seconds, Stopping threads took: 0.0007137 seconds
[2023-10-30T22:30:55.811+0000][10820.193s][debug][safepoint     ] Safepoint synchronization initiated. (182 threads)
[2023-10-30T22:30:55.813+0000][10820.194s][info ][safepoint     ] Application time: 1.0016086 seconds
[2023-10-30T22:30:55.814+0000][10820.195s][info ][safepoint     ] Entering safepoint region: Cleanup
[2023-10-30T22:30:55.815+0000][10820.197s][info ][safepoint     ] Leaving safepoint region
[2023-10-30T22:30:55.816+0000][10820.197s][info ][safepoint     ] Total time for which application threads were stopped: 0.0020947 seconds, Stopping threads took: 0.0009410 seconds
[2023-10-30T22:30:56.817+0000][10821.198s][debug][safepoint     ] Safepoint synchronization initiated. (182 threads)
[2023-10-30T22:30:56.818+0000][10821.200s][info ][safepoint     ] Application time: 1.0012913 seconds
[2023-10-30T22:30:56.819+0000][10821.200s][info ][safepoint     ] Entering safepoint region: Cleanup
[2023-10-30T22:30:56.820+0000][10821.202s][info ][safepoint     ] Leaving safepoint region
[2023-10-30T22:30:56.821+0000][10821.202s][info ][safepoint     ] Total time for which application threads were stopped: 0.0018355 seconds, Stopping threads took: 0.0008507 seconds
[2023-10-30T22:30:57.821+0000][10822.203s][debug][safepoint     ] Safepoint synchronization initiated. (182 threads)
[2023-10-30T22:30:57.822+0000][10822.204s][info ][safepoint     ] Application time: 1.0011157 seconds
[2023-10-30T22:30:57.823+0000][10822.205s][info ][safepoint     ] Entering safepoint region: Cleanup
[2023-10-30T22:30:57.824+0000][10822.206s][info ][safepoint     ] Leaving safepoint region
[2023-10-30T22:30:57.825+0000][10822.207s][info ][safepoint     ] Total time for which application threads were stopped: 0.0018877 seconds, Stopping threads took: 0.0008451 seconds
[2023-10-30T22:30:58.826+0000][10823.208s][debug][safepoint     ] Safepoint synchronization initiated. (182 threads)
[2023-10-30T22:30:58.827+0000][10823.209s][info ][safepoint     ] Application time: 1.0010957 seconds
[2023-10-30T22:30:58.828+0000][10823.209s][info ][safepoint     ] Entering safepoint region: Cleanup
[2023-10-30T22:30:58.829+0000][10823.210s][info ][safepoint     ] Leaving safepoint region
[2023-10-30T22:30:58.829+0000][10823.211s][info ][safepoint     ] Total time for which application threads were stopped: 0.0017286 seconds, Stopping threads took: 0.0006864 seconds
[2023-10-30T22:30:59.830+0000][10824.212s][debug][safepoint     ] Safepoint synchronization initiated. (182 threads)
[2023-10-30T22:30:59.831+0000][10824.213s][info ][safepoint     ] Application time: 1.0011029 seconds
[2023-10-30T22:30:59.832+0000][10824.213s][info ][safepoint     ] Entering safepoint region: Cleanup
[2023-10-30T22:30:59.833+0000][10824.215s][info ][safepoint     ] Leaving safepoint region
[2023-10-30T22:30:59.833+0000][10824.215s][info ][safepoint     ] Total time for which application threads were stopped: 0.0015304 seconds, Stopping threads took: 0.0008315 seconds
[2023-10-30T22:31:00.834+0000][10825.216s][debug][safepoint     ] Safepoint synchronization initiated. (182 threads)
[2023-10-30T22:31:00.835+0000][10825.217s][info ][safepoint     ] Application time: 1.0013482 seconds
[2023-10-30T22:31:00.836+0000][10825.217s][info ][safepoint     ] Entering safepoint region: Cleanup
[2023-10-30T22:31:00.836+0000][10825.218s][info ][safepoint     ] Leaving safepoint region
[2023-10-30T22:31:00.837+0000][10825.218s][info ][safepoint     ] Total time for which application threads were stopped: 0.0010743 seconds, Stopping threads took: 0.0004165 seconds
[2023-10-30T22:31:01.837+0000][10826.219s][debug][safepoint     ] Safepoint synchronization initiated. (183 threads)
[2023-10-30T22:31:01.838+0000][10826.220s][info ][safepoint     ] Application time: 1.0009866 seconds
[2023-10-30T22:31:01.839+0000][10826.220s][info ][safepoint     ] Entering safepoint region: Cleanup
[2023-10-30T22:31:01.839+0000][10826.221s][info ][safepoint     ] Leaving safepoint region
[2023-10-30T22:31:01.840+0000][10826.222s][info ][safepoint     ] Total time for which application threads were stopped: 0.0012772 seconds, Stopping threads took: 0.0005678 seconds
[2023-10-30T22:31:02.841+0000][10827.222s][debug][safepoint     ] Safepoint synchronization initiated. (183 threads)
[2023-10-30T22:31:02.841+0000][10827.223s][info ][safepoint     ] Application time: 1.0007361 seconds
[2023-10-30T22:31:02.842+0000][10827.223s][info ][safepoint     ] Entering safepoint region: Cleanup
[2023-10-30T22:31:02.842+0000][10827.224s][info ][safepoint     ] Leaving safepoint region
[2023-10-30T22:31:02.843+0000][10827.225s][info ][safepoint     ] Total time for which application threads were stopped: 0.0011912 seconds, Stopping threads took: 0.0005165 seconds
[2023-10-30T22:31:03.843+0000][10828.225s][debug][safepoint     ] Safepoint synchronization initiated. (183 threads)
[2023-10-30T22:31:03.844+0000][10828.226s][info ][safepoint     ] Application time: 1.0007475 seconds
[2023-10-30T22:31:03.845+0000][10828.226s][info ][safepoint     ] Entering safepoint region: Cleanup
[2023-10-30T22:31:03.845+0000][10828.227s][info ][safepoint     ] Leaving safepoint region
[2023-10-30T22:31:03.846+0000][10828.228s][info ][safepoint     ] Total time for which application threads were stopped: 0.0013257 seconds, Stopping threads took: 0.0005624 seconds
[2023-10-30T22:31:04.847+0000][10829.228s][debug][safepoint     ] Safepoint synchronization initiated. (183 threads)
[2023-10-30T22:31:04.847+0000][10829.229s][info ][safepoint     ] Application time: 1.0007023 seconds
[2023-10-30T22:31:04.848+0000][10829.229s][info ][safepoint     ] Entering safepoint region: Cleanup
[2023-10-30T22:31:04.848+0000][10829.230s][info ][safepoint     ] Leaving safepoint region
[2023-10-30T22:31:04.849+0000][10829.230s][info ][safepoint     ] Total time for which application threads were stopped: 0.0012851 seconds, Stopping threads took: 0.0004260 seconds
[2023-10-30T22:31:05.849+0000][10830.231s][debug][safepoint     ] Safepoint synchronization initiated. (183 threads)
[2023-10-30T22:31:05.850+0000][10830.232s][info ][safepoint     ] Application time: 1.0010348 seconds
[2023-10-30T22:31:05.851+0000][10830.233s][info ][safepoint     ] Entering safepoint region: Cleanup
[2023-10-30T22:31:05.852+0000][10830.233s][info ][safepoint     ] Leaving safepoint region
[2023-10-30T22:31:05.852+0000][10830.234s][info ][safepoint     ] Total time for which application threads were stopped: 0.0013390 seconds, Stopping threads took: 0.0006154 seconds
[2023-10-30T22:31:06.853+0000][10831.235s][debug][safepoint     ] Safepoint synchronization initiated. (183 threads)
[2023-10-30T22:31:06.854+0000][10831.235s][info ][safepoint     ] Application time: 1.0010880 seconds
[2023-10-30T22:31:06.854+0000][10831.236s][info ][safepoint     ] Entering safepoint region: Cleanup
[2023-10-30T22:31:06.855+0000][10831.237s][info ][safepoint     ] Leaving safepoint region
[2023-10-30T22:31:06.856+0000][10831.238s][info ][safepoint     ] Total time for which application threads were stopped: 0.0016492 seconds, Stopping threads took: 0.0006888 seconds
[2023-10-30T22:31:07.857+0000][10832.239s][debug][safepoint     ] Safepoint synchronization initiated. (183 threads)
[2023-10-30T22:31:07.858+0000][10832.240s][info ][safepoint     ] Application time: 1.0012794 seconds
[2023-10-30T22:31:07.859+0000][10832.241s][info ][safepoint     ] Entering safepoint region: Cleanup
[2023-10-30T22:31:07.860+0000][10832.241s][info ][safepoint     ] Leaving safepoint region
[2023-10-30T22:31:07.860+0000][10832.242s][info ][safepoint     ] Total time for which application threads were stopped: 0.0014440 seconds, Stopping threads took: 0.0006121 seconds
[2023-10-30T22:31:08.861+0000][10833.243s][debug][safepoint     ] Safepoint synchronization initiated. (183 threads)
[2023-10-30T22:31:08.862+0000][10833.244s][info ][safepoint     ] Application time: 1.0009517 seconds
[2023-10-30T22:31:08.862+0000][10833.244s][info ][safepoint     ] Entering safepoint region: Cleanup
[2023-10-30T22:31:08.863+0000][10833.245s][info ][safepoint     ] Leaving safepoint region
[2023-10-30T22:31:08.864+0000][10833.246s][info ][safepoint     ] Total time for which application threads were stopped: 0.0014898 seconds, Stopping threads took: 0.0006097 seconds
[2023-10-30T22:31:09.865+0000][10834.246s][debug][safepoint     ] Safepoint synchronization initiated. (183 threads)
[2023-10-30T22:31:09.865+0000][10834.247s][info ][safepoint     ] Application time: 1.0008129 seconds
[2023-10-30T22:31:09.866+0000][10834.247s][info ][safepoint     ] Entering safepoint region: Cleanup
[2023-10-30T22:31:09.866+0000][10834.248s][info ][safepoint     ] Leaving safepoint region
[2023-10-30T22:31:09.867+0000][10834.249s][info ][safepoint     ] Total time for which application threads were stopped: 0.0013138 seconds, Stopping threads took: 0.0005520 seconds
[2023-10-30T22:31:10.868+0000][10835.250s][debug][safepoint     ] Safepoint synchronization initiated. (183 threads)
[2023-10-30T22:31:10.869+0000][10835.251s][info ][safepoint     ] Application time: 1.0015487 seconds
[2023-10-30T22:31:10.870+0000][10835.251s][info ][safepoint     ] Entering safepoint region: Cleanup
[2023-10-30T22:31:10.870+0000][10835.252s][info ][safepoint     ] Leaving safepoint region
[2023-10-30T22:31:10.871+0000][10835.252s][info ][safepoint     ] Total time for which application threads were stopped: 0.0013596 seconds, Stopping threads took: 0.0006791 seconds
[2023-10-30T22:31:11.872+0000][10836.253s][debug][safepoint     ] Safepoint synchronization initiated. (183 threads)
[2023-10-30T22:31:11.872+0000][10836.254s][info ][safepoint     ] Application time: 1.0011015 seconds
[2023-10-30T22:31:11.873+0000][10836.255s][info ][safepoint     ] Entering safepoint region: Cleanup
[2023-10-30T22:31:11.874+0000][10836.255s][info ][safepoint     ] Leaving safepoint region
[2023-10-30T22:31:11.874+0000][10836.256s][info ][safepoint     ] Total time for which application threads were stopped: 0.0012911 seconds, Stopping threads took: 0.0006071 seconds
[2023-10-30T22:31:12.875+0000][10837.257s][debug][safepoint     ] Safepoint synchronization initiated. (183 threads)
[2023-10-30T22:31:12.876+0000][10837.257s][info ][safepoint     ] Application time: 1.0008109 seconds
[2023-10-30T22:31:12.876+0000][10837.258s][info ][safepoint     ] Entering safepoint region: Cleanup
[2023-10-30T22:31:12.877+0000][10837.259s][info ][safepoint     ] Leaving safepoint region
[2023-10-30T22:31:12.877+0000][10837.259s][info ][safepoint     ] Total time for which application threads were stopped: 0.0012591 seconds, Stopping threads took: 0.0005234 seconds
[2023-10-30T22:31:13.878+0000][10838.260s][debug][safepoint     ] Safepoint synchronization initiated. (183 threads)
[2023-10-30T22:31:13.879+0000][10838.261s][info ][safepoint     ] Application time: 1.0010146 seconds
[2023-10-30T22:31:13.879+0000][10838.261s][info ][safepoint     ] Entering safepoint region: Cleanup
[2023-10-30T22:31:13.880+0000][10838.262s][info ][safepoint     ] Leaving safepoint region
[2023-10-30T22:31:13.881+0000][10838.262s][info ][safepoint     ] Total time for which application threads were stopped: 0.0012182 seconds, Stopping threads took: 0.0005770 seconds
[2023-10-30T22:31:14.881+0000][10839.263s][debug][safepoint     ] Safepoint synchronization initiated. (183 threads)
[2023-10-30T22:31:14.882+0000][10839.263s][info ][safepoint     ] Application time: 1.0007757 seconds
[2023-10-30T22:31:14.882+0000][10839.264s][info ][safepoint     ] Entering safepoint region: Cleanup
[2023-10-30T22:31:14.883+0000][10839.265s][info ][safepoint     ] Leaving safepoint region
[2023-10-30T22:31:14.883+0000][10839.265s][info ][safepoint     ] Total time for which application threads were stopped: 0.0011438 seconds, Stopping threads took: 0.0004725 seconds
[2023-10-30T22:31:15.884+0000][10840.266s][debug][safepoint     ] Safepoint synchronization initiated. (183 threads)
[2023-10-30T22:31:15.885+0000][10840.266s][info ][safepoint     ] Application time: 1.0007357 seconds
[2023-10-30T22:31:15.885+0000][10840.267s][info ][safepoint     ] Entering safepoint region: Cleanup
[2023-10-30T22:31:15.886+0000][10840.268s][info ][safepoint     ] Leaving safepoint region
[2023-10-30T22:31:15.887+0000][10840.268s][info ][safepoint     ] Total time for which application threads were stopped: 0.0013572 seconds, Stopping threads took: 0.0005780 seconds
[2023-10-30T22:31:16.888+0000][10841.269s][debug][safepoint     ] Safepoint synchronization initiated. (183 threads)
[2023-10-30T22:31:16.888+0000][10841.270s][info ][safepoint     ] Application time: 1.0011237 seconds
[2023-10-30T22:31:16.889+0000][10841.271s][info ][safepoint     ] Entering safepoint region: Cleanup
[2023-10-30T22:31:16.890+0000][10841.272s][info ][safepoint     ] Leaving safepoint region
[2023-10-30T22:31:16.890+0000][10841.272s][info ][safepoint     ] Total time for which application threads were stopped: 0.0013984 seconds, Stopping threads took: 0.0006251 seconds
[2023-10-30T22:31:17.891+0000][10842.273s][debug][safepoint     ] Safepoint synchronization initiated. (183 threads)
[2023-10-30T22:31:17.892+0000][10842.273s][info ][safepoint     ] Application time: 1.0006784 seconds
[2023-10-30T22:31:17.892+0000][10842.274s][info ][safepoint     ] Entering safepoint region: Cleanup
[2023-10-30T22:31:17.893+0000][10842.274s][info ][safepoint     ] Leaving safepoint region
[2023-10-30T22:31:17.893+0000][10842.275s][info ][safepoint     ] Total time for which application threads were stopped: 0.0011125 seconds, Stopping threads took: 0.0004552 seconds
[2023-10-30T22:31:18.894+0000][10843.275s][debug][safepoint     ] Safepoint synchronization initiated. (183 threads)
[2023-10-30T22:31:18.894+0000][10843.276s][info ][safepoint     ] Application time: 1.0007611 seconds
[2023-10-30T22:31:18.895+0000][10843.276s][info ][safepoint     ] Entering safepoint region: Cleanup
[2023-10-30T22:31:18.895+0000][10843.277s][info ][safepoint     ] Leaving safepoint region
[2023-10-30T22:31:18.896+0000][10843.277s][info ][safepoint     ] Total time for which application threads were stopped: 0.0009606 seconds, Stopping threads took: 0.0004873 seconds
[2023-10-30T22:31:19.896+0000][10844.278s][debug][safepoint     ] Safepoint synchronization initiated. (183 threads)
[2023-10-30T22:31:19.897+0000][10844.279s][info ][safepoint     ] Application time: 1.0008492 seconds
[2023-10-30T22:31:19.897+0000][10844.279s][info ][safepoint     ] Entering safepoint region: Cleanup
[2023-10-30T22:31:19.898+0000][10844.280s][info ][safepoint     ] Leaving safepoint region
[2023-10-30T22:31:19.899+0000][10844.280s][info ][safepoint     ] Total time for which application threads were stopped: 0.0012845 seconds, Stopping threads took: 0.0006734 seconds
[2023-10-30T22:31:20.899+0000][10845.281s][debug][safepoint     ] Safepoint synchronization initiated. (183 threads)
[2023-10-30T22:31:20.900+0000][10845.282s][info ][safepoint     ] Application time: 1.0010312 seconds
[2023-10-30T22:31:20.901+0000][10845.283s][info ][safepoint     ] Entering safepoint region: Cleanup
[2023-10-30T22:31:20.902+0000][10845.283s][info ][safepoint     ] Leaving safepoint region
[2023-10-30T22:31:20.902+0000][10845.284s][info ][safepoint     ] Total time for which application threads were stopped: 0.0015061 seconds, Stopping threads took: 0.0006747 seconds
[2023-10-30T22:31:21.903+0000][10846.285s][debug][safepoint     ] Safepoint synchronization initiated. (183 threads)
[2023-10-30T22:31:21.904+0000][10846.286s][info ][safepoint     ] Application time: 1.0009668 seconds
[2023-10-30T22:31:21.904+0000][10846.286s][info ][safepoint     ] Entering safepoint region: Cleanup
[2023-10-30T22:31:21.905+0000][10846.287s][info ][safepoint     ] Leaving safepoint region
[2023-10-30T22:31:21.905+0000][10846.287s][info ][safepoint     ] Total time for which application threads were stopped: 0.0009856 seconds, Stopping threads took: 0.0003877 seconds
[2023-10-30T22:31:22.906+0000][10847.288s][debug][safepoint     ] Safepoint synchronization initiated. (183 threads)
[2023-10-30T22:31:22.907+0000][10847.289s][info ][safepoint     ] Application time: 1.0012506 seconds
[2023-10-30T22:31:22.908+0000][10847.289s][info ][safepoint     ] Entering safepoint region: Cleanup
[2023-10-30T22:31:22.909+0000][10847.290s][info ][safepoint     ] Leaving safepoint region
[2023-10-30T22:31:22.909+0000][10847.291s][info ][safepoint     ] Total time for which application threads were stopped: 0.0015440 seconds, Stopping threads took: 0.0006301 seconds
[2023-10-30T22:31:23.910+0000][10848.292s][debug][safepoint     ] Safepoint synchronization initiated. (183 threads)
[2023-10-30T22:31:23.911+0000][10848.292s][info ][safepoint     ] Application time: 1.0006232 seconds
[2023-10-30T22:31:23.911+0000][10848.293s][info ][safepoint     ] Entering safepoint region: Cleanup
[2023-10-30T22:31:23.911+0000][10848.293s][info ][safepoint     ] Leaving safepoint region
[2023-10-30T22:31:23.912+0000][10848.294s][info ][safepoint     ] Total time for which application threads were stopped: 0.0008986 seconds, Stopping threads took: 0.0003893 seconds
[2023-10-30T22:31:24.912+0000][10849.294s][debug][safepoint     ] Safepoint synchronization initiated. (183 threads)
[2023-10-30T22:31:24.913+0000][10849.294s][info ][safepoint     ] Application time: 1.0005666 seconds
[2023-10-30T22:31:24.913+0000][10849.295s][info ][safepoint     ] Entering safepoint region: Cleanup
[2023-10-30T22:31:24.914+0000][10849.295s][info ][safepoint     ] Leaving safepoint region
[2023-10-30T22:31:24.914+0000][10849.296s][info ][safepoint     ] Total time for which application threads were stopped: 0.0008394 seconds, Stopping threads took: 0.0003429 seconds
[2023-10-30T22:31:25.915+0000][10850.296s][debug][safepoint     ] Safepoint synchronization initiated. (183 threads)
[2023-10-30T22:31:25.915+0000][10850.297s][info ][safepoint     ] Application time: 1.0007375 seconds
[2023-10-30T22:31:25.916+0000][10850.297s][info ][safepoint     ] Entering safepoint region: Cleanup
[2023-10-30T22:31:25.917+0000][10850.298s][info ][safepoint     ] Leaving safepoint region
[2023-10-30T22:31:25.917+0000][10850.299s][info ][safepoint     ] Total time for which application threads were stopped: 0.0013751 seconds, Stopping threads took: 0.0004663 seconds
[2023-10-30T22:31:26.918+0000][10851.300s][debug][safepoint     ] Safepoint synchronization initiated. (183 threads)
[2023-10-30T22:31:26.918+0000][10851.300s][info ][safepoint     ] Application time: 1.0005738 seconds
[2023-10-30T22:31:26.919+0000][10851.300s][info ][safepoint     ] Entering safepoint region: Cleanup
[2023-10-30T22:31:26.919+0000][10851.301s][info ][safepoint     ] Leaving safepoint region
[2023-10-30T22:31:26.920+0000][10851.301s][info ][safepoint     ] Total time for which application threads were stopped: 0.0010181 seconds, Stopping threads took: 0.0004423 seconds
[2023-10-30T22:31:27.920+0000][10852.302s][debug][safepoint     ] Safepoint synchronization initiated. (183 threads)
[2023-10-30T22:31:27.921+0000][10852.303s][info ][safepoint     ] Application time: 1.0010423 seconds
[2023-10-30T22:31:27.922+0000][10852.304s][info ][safepoint     ] Entering safepoint region: Cleanup
[2023-10-30T22:31:27.923+0000][10852.304s][info ][safepoint     ] Leaving safepoint region
[2023-10-30T22:31:27.923+0000][10852.305s][info ][safepoint     ] Total time for which application threads were stopped: 0.0015699 seconds, Stopping threads took: 0.0007159 seconds
[2023-10-30T22:31:28.924+0000][10853.306s][debug][safepoint     ] Safepoint synchronization initiated. (183 threads)
[2023-10-30T22:31:28.925+0000][10853.307s][info ][safepoint     ] Application time: 1.0009942 seconds
[2023-10-30T22:31:28.926+0000][10853.308s][info ][safepoint     ] Entering safepoint region: Cleanup
[2023-10-30T22:31:28.927+0000][10853.309s][info ][safepoint     ] Leaving safepoint region
[2023-10-30T22:31:28.928+0000][10853.309s][info ][safepoint     ] Total time for which application threads were stopped: 0.0016963 seconds, Stopping threads took: 0.0008021 seconds
[2023-10-30T22:31:29.928+0000][10854.310s][debug][safepoint     ] Safepoint synchronization initiated. (183 threads)
[2023-10-30T22:31:29.929+0000][10854.311s][info ][safepoint     ] Application time: 1.0009310 seconds
[2023-10-30T22:31:29.930+0000][10854.312s][info ][safepoint     ] Entering safepoint region: Cleanup
[2023-10-30T22:31:29.931+0000][10854.312s][info ][safepoint     ] Leaving safepoint region
[2023-10-30T22:31:29.931+0000][10854.313s][info ][safepoint     ] Total time for which application threads were stopped: 0.0014796 seconds, Stopping threads took: 0.0007671 seconds
[2023-10-30T22:31:30.932+0000][10855.314s][debug][safepoint     ] Safepoint synchronization initiated. (183 threads)
[2023-10-30T22:31:30.933+0000][10855.315s][info ][safepoint     ] Application time: 1.0014023 seconds
[2023-10-30T22:31:30.934+0000][10855.316s][info ][safepoint     ] Entering safepoint region: Cleanup
[2023-10-30T22:31:30.935+0000][10855.317s][info ][safepoint     ] Leaving safepoint region
[2023-10-30T22:31:30.936+0000][10855.318s][info ][safepoint     ] Total time for which application threads were stopped: 0.0017544 seconds, Stopping threads took: 0.0007339 seconds
[2023-10-30T22:31:31.937+0000][10856.318s][debug][safepoint     ] Safepoint synchronization initiated. (183 threads)
[2023-10-30T22:31:31.938+0000][10856.320s][info ][safepoint     ] Application time: 1.0013978 seconds
[2023-10-30T22:31:31.939+0000][10856.321s][info ][safepoint     ] Entering safepoint region: Cleanup
[2023-10-30T22:31:31.940+0000][10856.322s][info ][safepoint     ] Leaving safepoint region
[2023-10-30T22:31:31.941+0000][10856.323s][info ][safepoint     ] Total time for which application threads were stopped: 0.0020047 seconds, Stopping threads took: 0.0008606 seconds
[2023-10-30T22:31:32.942+0000][10857.324s][debug][safepoint     ] Safepoint synchronization initiated. (183 threads)
[2023-10-30T22:31:32.943+0000][10857.325s][info ][safepoint     ] Application time: 1.0012786 seconds
[2023-10-30T22:31:32.944+0000][10857.326s][info ][safepoint     ] Entering safepoint region: Cleanup
[2023-10-30T22:31:32.945+0000][10857.327s][info ][safepoint     ] Leaving safepoint region
[2023-10-30T22:31:32.946+0000][10857.327s][info ][safepoint     ] Total time for which application threads were stopped: 0.0019089 seconds, Stopping threads took: 0.0008568 seconds
[2023-10-30T22:31:33.947+0000][10858.329s][debug][safepoint     ] Safepoint synchronization initiated. (183 threads)
[2023-10-30T22:31:33.948+0000][10858.330s][info ][safepoint     ] Application time: 1.0013877 seconds
[2023-10-30T22:31:33.949+0000][10858.331s][info ][safepoint     ] Entering safepoint region: Cleanup
[2023-10-30T22:31:33.950+0000][10858.332s][info ][safepoint     ] Leaving safepoint region
[2023-10-30T22:31:33.951+0000][10858.332s][info ][safepoint     ] Total time for which application threads were stopped: 0.0019172 seconds, Stopping threads took: 0.0007962 seconds
[2023-10-30T22:31:34.952+0000][10859.334s][debug][safepoint     ] Safepoint synchronization initiated. (183 threads)
[2023-10-30T22:31:34.952+0000][10859.334s][info ][safepoint     ] Application time: 1.0009452 seconds
[2023-10-30T22:31:34.953+0000][10859.335s][info ][safepoint     ] Entering safepoint region: Cleanup
[2023-10-30T22:31:34.954+0000][10859.336s][info ][safepoint     ] Leaving safepoint region
[2023-10-30T22:31:34.955+0000][10859.337s][info ][safepoint     ] Total time for which application threads were stopped: 0.0017831 seconds, Stopping threads took: 0.0006884 seconds
[2023-10-30T22:31:35.956+0000][10860.338s][debug][safepoint     ] Safepoint synchronization initiated. (183 threads)
[2023-10-30T22:31:35.957+0000][10860.339s][info ][safepoint     ] Application time: 1.0013734 seconds
[2023-10-30T22:31:35.958+0000][10860.340s][info ][safepoint     ] Entering safepoint region: Cleanup
[2023-10-30T22:31:35.959+0000][10860.341s][info ][safepoint     ] Leaving safepoint region
[2023-10-30T22:31:35.960+0000][10860.342s][info ][safepoint     ] Total time for which application threads were stopped: 0.0018937 seconds, Stopping threads took: 0.0009164 seconds
[2023-10-30T22:31:36.961+0000][10861.343s][debug][safepoint     ] Safepoint synchronization initiated. (183 threads)
[2023-10-30T22:31:36.962+0000][10861.344s][info ][safepoint     ] Application time: 1.0012764 seconds
[2023-10-30T22:31:36.963+0000][10861.344s][info ][safepoint     ] Entering safepoint region: Cleanup
[2023-10-30T22:31:36.963+0000][10861.345s][info ][safepoint     ] Leaving safepoint region
[2023-10-30T22:31:36.964+0000][10861.345s][info ][safepoint     ] Total time for which application threads were stopped: 0.0012387 seconds, Stopping threads took: 0.0004587 seconds
[2023-10-30T22:31:37.965+0000][10862.346s][debug][safepoint     ] Safepoint synchronization initiated. (183 threads)
[2023-10-30T22:31:37.965+0000][10862.347s][info ][safepoint     ] Application time: 1.0010682 seconds
[2023-10-30T22:31:37.966+0000][10862.348s][info ][safepoint     ] Entering safepoint region: Cleanup
[2023-10-30T22:31:37.967+0000][10862.349s][info ][safepoint     ] Leaving safepoint region
[2023-10-30T22:31:37.968+0000][10862.349s][info ][safepoint     ] Total time for which application threads were stopped: 0.0015037 seconds, Stopping threads took: 0.0006943 seconds
[2023-10-30T22:31:38.969+0000][10863.350s][debug][safepoint     ] Safepoint synchronization initiated. (183 threads)
[2023-10-30T22:31:38.969+0000][10863.351s][info ][safepoint     ] Application time: 1.0009674 seconds
[2023-10-30T22:31:38.970+0000][10863.352s][info ][safepoint     ] Entering safepoint region: Cleanup
[2023-10-30T22:31:38.971+0000][10863.352s][info ][safepoint     ] Leaving safepoint region
[2023-10-30T22:31:38.971+0000][10863.353s][info ][safepoint     ] Total time for which application threads were stopped: 0.0013301 seconds, Stopping threads took: 0.0005202 seconds
[2023-10-30T22:31:39.972+0000][10864.354s][debug][safepoint     ] Safepoint synchronization initiated. (183 threads)
[2023-10-30T22:31:39.974+0000][10864.356s][info ][safepoint     ] Application time: 1.0025734 seconds
[2023-10-30T22:31:39.975+0000][10864.357s][info ][safepoint     ] Entering safepoint region: Cleanup
[2023-10-30T22:31:39.976+0000][10864.357s][info ][safepoint     ] Leaving safepoint region
[2023-10-30T22:31:39.976+0000][10864.358s][info ][safepoint     ] Total time for which application threads were stopped: 0.0012193 seconds, Stopping threads took: 0.0004535 seconds
[2023-10-30T22:31:40.977+0000][10865.359s][debug][safepoint     ] Safepoint synchronization initiated. (183 threads)
[2023-10-30T22:31:40.978+0000][10865.359s][info ][safepoint     ] Application time: 1.0009472 seconds
[2023-10-30T22:31:40.978+0000][10865.360s][info ][safepoint     ] Entering safepoint region: Cleanup
[2023-10-30T22:31:40.979+0000][10865.361s][info ][safepoint     ] Leaving safepoint region
[2023-10-30T22:31:40.979+0000][10865.361s][info ][safepoint     ] Total time for which application threads were stopped: 0.0012016 seconds, Stopping threads took: 0.0005160 seconds
[2023-10-30T22:31:41.980+0000][10866.362s][debug][safepoint     ] Safepoint synchronization initiated. (183 threads)
[2023-10-30T22:31:41.981+0000][10866.363s][info ][safepoint     ] Application time: 1.0016186 seconds
[2023-10-30T22:31:41.982+0000][10866.364s][info ][safepoint     ] Entering safepoint region: Cleanup
[2023-10-30T22:31:41.983+0000][10866.364s][info ][safepoint     ] Leaving safepoint region
[2023-10-30T22:31:41.983+0000][10866.365s][info ][safepoint     ] Total time for which application threads were stopped: 0.0013736 seconds, Stopping threads took: 0.0006329 seconds
[2023-10-30T22:31:42.985+0000][10867.366s][debug][safepoint     ] Safepoint synchronization initiated. (183 threads)
[2023-10-30T22:31:42.986+0000][10867.368s][info ][safepoint     ] Application time: 1.0020280 seconds
[2023-10-30T22:31:42.986+0000][10867.368s][info ][safepoint     ] Entering safepoint region: Cleanup
[2023-10-30T22:31:42.987+0000][10867.369s][info ][safepoint     ] Leaving safepoint region
[2023-10-30T22:31:42.988+0000][10867.370s][info ][safepoint     ] Total time for which application threads were stopped: 0.0016202 seconds, Stopping threads took: 0.0008685 seconds
[2023-10-30T22:31:43.989+0000][10868.370s][debug][safepoint     ] Safepoint synchronization initiated. (183 threads)
[2023-10-30T22:31:43.990+0000][10868.371s][info ][safepoint     ] Application time: 1.0011216 seconds
[2023-10-30T22:31:43.991+0000][10868.372s][info ][safepoint     ] Entering safepoint region: Cleanup
[2023-10-30T22:31:43.992+0000][10868.373s][info ][safepoint     ] Leaving safepoint region
[2023-10-30T22:31:43.992+0000][10868.374s][info ][safepoint     ] Total time for which application threads were stopped: 0.0017939 seconds, Stopping threads took: 0.0007464 seconds
[2023-10-30T22:31:44.993+0000][10869.375s][debug][safepoint     ] Safepoint synchronization initiated. (183 threads)
[2023-10-30T22:31:44.994+0000][10869.376s][info ][safepoint     ] Application time: 1.0013209 seconds
[2023-10-30T22:31:44.995+0000][10869.377s][info ][safepoint     ] Entering safepoint region: Cleanup
[2023-10-30T22:31:44.996+0000][10869.378s][info ][safepoint     ] Leaving safepoint region
[2023-10-30T22:31:44.997+0000][10869.379s][info ][safepoint     ] Total time for which application threads were stopped: 0.0018362 seconds, Stopping threads took: 0.0008480 seconds
[2023-10-30T22:31:45.998+0000][10870.380s][debug][safepoint     ] Safepoint synchronization initiated. (183 threads)
[2023-10-30T22:31:45.998+0000][10870.380s][info ][safepoint     ] Application time: 1.0007605 seconds
[2023-10-30T22:31:45.999+0000][10870.381s][info ][safepoint     ] Entering safepoint region: Cleanup
[2023-10-30T22:31:45.999+0000][10870.381s][info ][safepoint     ] Leaving safepoint region
[2023-10-30T22:31:46.000+0000][10870.381s][info ][safepoint     ] Total time for which application threads were stopped: 0.0008559 seconds, Stopping threads took: 0.0003689 seconds
[2023-10-30T22:31:47.000+0000][10871.382s][debug][safepoint     ] Safepoint synchronization initiated. (183 threads)
[2023-10-30T22:31:47.001+0000][10871.383s][info ][safepoint     ] Application time: 1.0010865 seconds
[2023-10-30T22:31:47.002+0000][10871.384s][info ][safepoint     ] Entering safepoint region: Cleanup
[2023-10-30T22:31:47.003+0000][10871.385s][info ][safepoint     ] Leaving safepoint region
[2023-10-30T22:31:47.003+0000][10871.385s][info ][safepoint     ] Total time for which application threads were stopped: 0.0015289 seconds, Stopping threads took: 0.0006728 seconds
[2023-10-30T22:31:48.004+0000][10872.386s][debug][safepoint     ] Safepoint synchronization initiated. (183 threads)
[2023-10-30T22:31:48.005+0000][10872.387s][info ][safepoint     ] Application time: 1.0014233 seconds
[2023-10-30T22:31:48.006+0000][10872.388s][info ][safepoint     ] Entering safepoint region: Cleanup
[2023-10-30T22:31:48.008+0000][10872.389s][info ][safepoint     ] Leaving safepoint region
[2023-10-30T22:31:48.009+0000][10872.390s][info ][safepoint     ] Total time for which application threads were stopped: 0.0021938 seconds, Stopping threads took: 0.0008953 seconds
[2023-10-30T22:31:49.009+0000][10873.391s][debug][safepoint     ] Safepoint synchronization initiated. (183 threads)
[2023-10-30T22:31:49.010+0000][10873.392s][info ][safepoint     ] Application time: 1.0009840 seconds
[2023-10-30T22:31:49.011+0000][10873.392s][info ][safepoint     ] Entering safepoint region: Cleanup
[2023-10-30T22:31:49.011+0000][10873.393s][info ][safepoint     ] Leaving safepoint region
[2023-10-30T22:31:49.012+0000][10873.394s][info ][safepoint     ] Total time for which application threads were stopped: 0.0012702 seconds, Stopping threads took: 0.0005285 seconds
[2023-10-30T22:31:50.013+0000][10874.394s][debug][safepoint     ] Safepoint synchronization initiated. (183 threads)
[2023-10-30T22:31:50.014+0000][10874.396s][info ][safepoint     ] Application time: 1.0013951 seconds
[2023-10-30T22:31:50.015+0000][10874.397s][info ][safepoint     ] Entering safepoint region: Cleanup
[2023-10-30T22:31:50.016+0000][10874.398s][info ][safepoint     ] Leaving safepoint region
[2023-10-30T22:31:50.017+0000][10874.399s][info ][safepoint     ] Total time for which application threads were stopped: 0.0023384 seconds, Stopping threads took: 0.0009548 seconds
[2023-10-30T22:31:51.018+0000][10875.400s][debug][safepoint     ] Safepoint synchronization initiated. (183 threads)
[2023-10-30T22:31:51.019+0000][10875.401s][info ][safepoint     ] Application time: 1.0013159 seconds
[2023-10-30T22:31:51.020+0000][10875.402s][info ][safepoint     ] Entering safepoint region: Cleanup
[2023-10-30T22:31:51.022+0000][10875.404s][info ][safepoint     ] Leaving safepoint region
[2023-10-30T22:31:51.023+0000][10875.404s][info ][safepoint     ] Total time for which application threads were stopped: 0.0021154 seconds, Stopping threads took: 0.0009954 seconds
[2023-10-30T22:31:52.024+0000][10876.405s][debug][safepoint     ] Safepoint synchronization initiated. (183 threads)
[2023-10-30T22:31:52.025+0000][10876.406s][info ][safepoint     ] Application time: 1.0013506 seconds
[2023-10-30T22:31:52.026+0000][10876.408s][info ][safepoint     ] Entering safepoint region: Cleanup
[2023-10-30T22:31:52.027+0000][10876.409s][info ][safepoint     ] Leaving safepoint region
[2023-10-30T22:31:52.028+0000][10876.410s][info ][safepoint     ] Total time for which application threads were stopped: 0.0021338 seconds, Stopping threads took: 0.0010023 seconds
[2023-10-30T22:31:53.029+0000][10877.411s][debug][safepoint     ] Safepoint synchronization initiated. (183 threads)
[2023-10-30T22:31:53.031+0000][10877.412s][info ][safepoint     ] Application time: 1.0020178 seconds
[2023-10-30T22:31:53.032+0000][10877.414s][info ][safepoint     ] Entering safepoint region: Cleanup
[2023-10-30T22:31:53.034+0000][10877.416s][info ][safepoint     ] Leaving safepoint region
[2023-10-30T22:31:53.035+0000][10877.416s][info ][safepoint     ] Total time for which application threads were stopped: 0.0028735 seconds, Stopping threads took: 0.0014916 seconds
[2023-10-30T22:31:54.036+0000][10878.417s][debug][safepoint     ] Safepoint synchronization initiated. (183 threads)
[2023-10-30T22:31:54.036+0000][10878.418s][info ][safepoint     ] Application time: 1.0010394 seconds
[2023-10-30T22:31:54.037+0000][10878.419s][info ][safepoint     ] Entering safepoint region: Cleanup
[2023-10-30T22:31:54.038+0000][10878.419s][info ][safepoint     ] Leaving safepoint region
[2023-10-30T22:31:54.038+0000][10878.420s][info ][safepoint     ] Total time for which application threads were stopped: 0.0014862 seconds, Stopping threads took: 0.0006226 seconds
[2023-10-30T22:31:55.039+0000][10879.421s][debug][safepoint     ] Safepoint synchronization initiated. (183 threads)
[2023-10-30T22:31:55.040+0000][10879.422s][info ][safepoint     ] Application time: 1.0013994 seconds
[2023-10-30T22:31:55.041+0000][10879.423s][info ][safepoint     ] Entering safepoint region: Cleanup
[2023-10-30T22:31:55.042+0000][10879.424s][info ][safepoint     ] Leaving safepoint region
[2023-10-30T22:31:55.043+0000][10879.425s][info ][safepoint     ] Total time for which application threads were stopped: 0.0019195 seconds, Stopping threads took: 0.0008655 seconds
[2023-10-30T22:31:56.044+0000][10880.426s][debug][safepoint     ] Safepoint synchronization initiated. (183 threads)
[2023-10-30T22:31:56.045+0000][10880.426s][info ][safepoint     ] Application time: 1.0008610 seconds
[2023-10-30T22:31:56.045+0000][10880.427s][info ][safepoint     ] Entering safepoint region: Cleanup
[2023-10-30T22:31:56.046+0000][10880.428s][info ][safepoint     ] Leaving safepoint region
[2023-10-30T22:31:56.047+0000][10880.428s][info ][safepoint     ] Total time for which application threads were stopped: 0.0013082 seconds, Stopping threads took: 0.0005790 seconds
[2023-10-30T22:31:57.047+0000][10881.429s][debug][safepoint     ] Safepoint synchronization initiated. (183 threads)
[2023-10-30T22:31:57.048+0000][10881.429s][info ][safepoint     ] Application time: 1.0007625 seconds
[2023-10-30T22:31:57.048+0000][10881.430s][info ][safepoint     ] Entering safepoint region: Cleanup
[2023-10-30T22:31:57.049+0000][10881.431s][info ][safepoint     ] Leaving safepoint region
[2023-10-30T22:31:57.050+0000][10881.432s][info ][safepoint     ] Total time for which application threads were stopped: 0.0013790 seconds, Stopping threads took: 0.0007890 seconds
[2023-10-30T22:31:58.050+0000][10882.432s][debug][safepoint     ] Safepoint synchronization initiated. (183 threads)
[2023-10-30T22:31:58.051+0000][10882.433s][info ][safepoint     ] Application time: 1.0009707 seconds
[2023-10-30T22:31:58.052+0000][10882.434s][info ][safepoint     ] Entering safepoint region: Cleanup
[2023-10-30T22:31:58.053+0000][10882.434s][info ][safepoint     ] Leaving safepoint region
[2023-10-30T22:31:58.053+0000][10882.435s][info ][safepoint     ] Total time for which application threads were stopped: 0.0014150 seconds, Stopping threads took: 0.0007230 seconds
[2023-10-30T22:31:59.054+0000][10883.436s][debug][safepoint     ] Safepoint synchronization initiated. (183 threads)
[2023-10-30T22:31:59.054+0000][10883.436s][info ][safepoint     ] Application time: 1.0007703 seconds
[2023-10-30T22:31:59.055+0000][10883.437s][info ][safepoint     ] Entering safepoint region: Cleanup
[2023-10-30T22:31:59.056+0000][10883.437s][info ][safepoint     ] Leaving safepoint region
[2023-10-30T22:31:59.056+0000][10883.438s][info ][safepoint     ] Total time for which application threads were stopped: 0.0011998 seconds, Stopping threads took: 0.0005274 seconds
[2023-10-30T22:32:00.057+0000][10884.438s][debug][safepoint     ] Safepoint synchronization initiated. (183 threads)
[2023-10-30T22:32:00.057+0000][10884.439s][info ][safepoint     ] Application time: 1.0007688 seconds
[2023-10-30T22:32:00.058+0000][10884.440s][info ][safepoint     ] Entering safepoint region: Cleanup
[2023-10-30T22:32:00.059+0000][10884.441s][info ][safepoint     ] Leaving safepoint region
[2023-10-30T22:32:00.059+0000][10884.441s][info ][safepoint     ] Total time for which application threads were stopped: 0.0012527 seconds, Stopping threads took: 0.0005720 seconds
[2023-10-30T22:32:01.060+0000][10885.442s][debug][safepoint     ] Safepoint synchronization initiated. (183 threads)
[2023-10-30T22:32:01.061+0000][10885.443s][info ][safepoint     ] Application time: 1.0013270 seconds
[2023-10-30T22:32:01.062+0000][10885.444s][info ][safepoint     ] Entering safepoint region: Cleanup
[2023-10-30T22:32:01.063+0000][10885.445s][info ][safepoint     ] Leaving safepoint region
[2023-10-30T22:32:01.064+0000][10885.446s][info ][safepoint     ] Total time for which application threads were stopped: 0.0020429 seconds, Stopping threads took: 0.0009576 seconds
[2023-10-30T22:32:02.065+0000][10886.447s][debug][safepoint     ] Safepoint synchronization initiated. (183 threads)
[2023-10-30T22:32:02.066+0000][10886.448s][info ][safepoint     ] Application time: 1.0013445 seconds
[2023-10-30T22:32:02.067+0000][10886.449s][info ][safepoint     ] Entering safepoint region: Cleanup
[2023-10-30T22:32:02.068+0000][10886.450s][info ][safepoint     ] Leaving safepoint region
[2023-10-30T22:32:02.069+0000][10886.450s][info ][safepoint     ] Total time for which application threads were stopped: 0.0017554 seconds, Stopping threads took: 0.0008144 seconds
[2023-10-30T22:32:03.070+0000][10887.451s][debug][safepoint     ] Safepoint synchronization initiated. (183 threads)
[2023-10-30T22:32:03.071+0000][10887.453s][info ][safepoint     ] Application time: 1.0014721 seconds
[2023-10-30T22:32:03.072+0000][10887.454s][info ][safepoint     ] Entering safepoint region: Cleanup
[2023-10-30T22:32:03.073+0000][10887.455s][info ][safepoint     ] Leaving safepoint region
[2023-10-30T22:32:03.074+0000][10887.455s][info ][safepoint     ] Total time for which application threads were stopped: 0.0018654 seconds, Stopping threads took: 0.0008175 seconds
[2023-10-30T22:32:04.075+0000][10888.456s][debug][safepoint     ] Safepoint synchronization initiated. (183 threads)
[2023-10-30T22:32:04.075+0000][10888.457s][info ][safepoint     ] Application time: 1.0012239 seconds
[2023-10-30T22:32:04.076+0000][10888.458s][info ][safepoint     ] Entering safepoint region: Cleanup
[2023-10-30T22:32:04.077+0000][10888.459s][info ][safepoint     ] Leaving safepoint region
[2023-10-30T22:32:04.078+0000][10888.460s][info ][safepoint     ] Total time for which application threads were stopped: 0.0018630 seconds, Stopping threads took: 0.0007953 seconds
[2023-10-30T22:32:05.079+0000][10889.461s][debug][safepoint     ] Safepoint synchronization initiated. (183 threads)
[2023-10-30T22:32:05.080+0000][10889.462s][info ][safepoint     ] Application time: 1.0012474 seconds
[2023-10-30T22:32:05.081+0000][10889.463s][info ][safepoint     ] Entering safepoint region: Cleanup
[2023-10-30T22:32:05.082+0000][10889.464s][info ][safepoint     ] Leaving safepoint region
[2023-10-30T22:32:05.083+0000][10889.465s][info ][safepoint     ] Total time for which application threads were stopped: 0.0020619 seconds, Stopping threads took: 0.0008401 seconds
[2023-10-30T22:32:06.084+0000][10890.466s][debug][safepoint     ] Safepoint synchronization initiated. (183 threads)
[2023-10-30T22:32:06.084+0000][10890.466s][info ][safepoint     ] Application time: 1.0009333 seconds
[2023-10-30T22:32:06.085+0000][10890.467s][info ][safepoint     ] Entering safepoint region: Cleanup
[2023-10-30T22:32:06.086+0000][10890.468s][info ][safepoint     ] Leaving safepoint region
[2023-10-30T22:32:06.086+0000][10890.468s][info ][safepoint     ] Total time for which application threads were stopped: 0.0013899 seconds, Stopping threads took: 0.0006418 seconds
[2023-10-30T22:32:07.087+0000][10891.469s][debug][safepoint     ] Safepoint synchronization initiated. (183 threads)
[2023-10-30T22:32:07.088+0000][10891.470s][info ][safepoint     ] Application time: 1.0011281 seconds
[2023-10-30T22:32:07.089+0000][10891.471s][info ][safepoint     ] Entering safepoint region: Cleanup
[2023-10-30T22:32:07.090+0000][10891.472s][info ][safepoint     ] Leaving safepoint region
[2023-10-30T22:32:07.090+0000][10891.472s][info ][safepoint     ] Total time for which application threads were stopped: 0.0014225 seconds, Stopping threads took: 0.0007045 seconds
[2023-10-30T22:32:08.091+0000][10892.473s][debug][safepoint     ] Safepoint synchronization initiated. (183 threads)
[2023-10-30T22:32:08.092+0000][10892.473s][info ][safepoint     ] Application time: 1.0010581 seconds
[2023-10-30T22:32:08.093+0000][10892.474s][info ][safepoint     ] Entering safepoint region: Cleanup
[2023-10-30T22:32:08.093+0000][10892.475s][info ][safepoint     ] Leaving safepoint region
[2023-10-30T22:32:08.094+0000][10892.476s][info ][safepoint     ] Total time for which application threads were stopped: 0.0013708 seconds, Stopping threads took: 0.0005670 seconds
[2023-10-30T22:32:09.095+0000][10893.476s][debug][safepoint     ] Safepoint synchronization initiated. (183 threads)
[2023-10-30T22:32:09.096+0000][10893.477s][info ][safepoint     ] Application time: 1.0013030 seconds
[2023-10-30T22:32:09.096+0000][10893.478s][info ][safepoint     ] Entering safepoint region: Cleanup
[2023-10-30T22:32:09.097+0000][10893.479s][info ][safepoint     ] Leaving safepoint region
[2023-10-30T22:32:09.098+0000][10893.480s][info ][safepoint     ] Total time for which application threads were stopped: 0.0015121 seconds, Stopping threads took: 0.0006180 seconds
[2023-10-30T22:32:10.099+0000][10894.480s][debug][safepoint     ] Safepoint synchronization initiated. (183 threads)
[2023-10-30T22:32:10.101+0000][10894.482s][info ][safepoint     ] Application time: 1.0024129 seconds
[2023-10-30T22:32:10.102+0000][10894.484s][info ][safepoint     ] Entering safepoint region: Cleanup
[2023-10-30T22:32:10.103+0000][10894.485s][info ][safepoint     ] Leaving safepoint region
[2023-10-30T22:32:10.104+0000][10894.486s][info ][safepoint     ] Total time for which application threads were stopped: 0.0016841 seconds, Stopping threads took: 0.0006999 seconds
[2023-10-30T22:32:11.105+0000][10895.486s][debug][safepoint     ] Safepoint synchronization initiated. (183 threads)
[2023-10-30T22:32:11.105+0000][10895.487s][info ][safepoint     ] Application time: 1.0006312 seconds
[2023-10-30T22:32:11.106+0000][10895.487s][info ][safepoint     ] Entering safepoint region: Cleanup
[2023-10-30T22:32:11.106+0000][10895.488s][info ][safepoint     ] Leaving safepoint region
[2023-10-30T22:32:11.107+0000][10895.489s][info ][safepoint     ] Total time for which application threads were stopped: 0.0011714 seconds, Stopping threads took: 0.0004409 seconds
[2023-10-30T22:32:12.107+0000][10896.489s][debug][safepoint     ] Safepoint synchronization initiated. (183 threads)
[2023-10-30T22:32:12.108+0000][10896.490s][info ][safepoint     ] Application time: 1.0005625 seconds
[2023-10-30T22:32:12.108+0000][10896.490s][debug][safepoint     ] ... found polling page loop exception at pc = 0x00007f3160e65612, stub =0x00007f3158843680
[2023-10-30T22:32:12.109+0000][10896.490s][debug][safepoint     ] Waiting for 1 thread(s) to block
[2023-10-30T22:32:12.109+0000][10896.491s][info ][safepoint     ] Entering safepoint region: Cleanup
[2023-10-30T22:32:12.110+0000][10896.492s][info ][safepoint     ] Leaving safepoint region
[2023-10-30T22:32:12.110+0000][10896.492s][info ][safepoint     ] Total time for which application threads were stopped: 0.0022125 seconds, Stopping threads took: 0.0015659 seconds
[2023-10-30T22:32:13.111+0000][10897.493s][debug][safepoint     ] Safepoint synchronization initiated. (183 threads)
[2023-10-30T22:32:13.112+0000][10897.493s][info ][safepoint     ] Application time: 1.0008001 seconds
[2023-10-30T22:32:13.112+0000][10897.494s][info ][safepoint     ] Entering safepoint region: Cleanup
[2023-10-30T22:32:13.113+0000][10897.494s][info ][safepoint     ] Leaving safepoint region
[2023-10-30T22:32:13.113+0000][10897.495s][info ][safepoint     ] Total time for which application threads were stopped: 0.0011077 seconds, Stopping threads took: 0.0003915 seconds
[2023-10-30T22:32:14.114+0000][10898.496s][debug][safepoint     ] Safepoint synchronization initiated. (183 threads)
[2023-10-30T22:32:14.115+0000][10898.496s][info ][safepoint     ] Application time: 1.0009656 seconds
[2023-10-30T22:32:14.115+0000][10898.497s][info ][safepoint     ] Entering safepoint region: Cleanup
[2023-10-30T22:32:14.116+0000][10898.497s][info ][safepoint     ] Leaving safepoint region
[2023-10-30T22:32:14.116+0000][10898.498s][info ][safepoint     ] Total time for which application threads were stopped: 0.0011836 seconds, Stopping threads took: 0.0005348 seconds
[2023-10-30T22:32:15.117+0000][10899.499s][debug][safepoint     ] Safepoint synchronization initiated. (183 threads)
[2023-10-30T22:32:15.117+0000][10899.499s][info ][safepoint     ] Application time: 1.0005255 seconds
[2023-10-30T22:32:15.117+0000][10899.499s][info ][safepoint     ] Entering safepoint region: Cleanup
[2023-10-30T22:32:15.118+0000][10899.500s][info ][safepoint     ] Leaving safepoint region
[2023-10-30T22:32:15.118+0000][10899.500s][info ][safepoint     ] Total time for which application threads were stopped: 0.0008637 seconds, Stopping threads took: 0.0003541 seconds
[2023-10-30T22:32:16.119+0000][10900.501s][debug][safepoint     ] Safepoint synchronization initiated. (183 threads)
[2023-10-30T22:32:16.119+0000][10900.501s][info ][safepoint     ] Application time: 1.0006867 seconds
[2023-10-30T22:32:16.120+0000][10900.502s][info ][safepoint     ] Entering safepoint region: Cleanup
[2023-10-30T22:32:16.120+0000][10900.502s][info ][safepoint     ] Leaving safepoint region
[2023-10-30T22:32:16.121+0000][10900.503s][info ][safepoint     ] Total time for which application threads were stopped: 0.0012168 seconds, Stopping threads took: 0.0005725 seconds
[2023-10-30T22:32:17.122+0000][10901.504s][debug][safepoint     ] Safepoint synchronization initiated. (183 threads)
[2023-10-30T22:32:17.126+0000][10901.507s][info ][safepoint     ] Application time: 1.0042195 seconds
[2023-10-30T22:32:17.130+0000][10901.512s][info ][safepoint     ] Entering safepoint region: Cleanup
[2023-10-30T22:32:17.140+0000][10901.522s][info ][safepoint     ] Leaving safepoint region
[2023-10-30T22:32:17.152+0000][10901.533s][info ][safepoint     ] Total time for which application threads were stopped: 0.0212003 seconds, Stopping threads took: 0.0095263 seconds
[2023-10-30T22:32:18.158+0000][10902.540s][debug][safepoint     ] Safepoint synchronization initiated. (183 threads)
[2023-10-30T22:32:18.159+0000][10902.541s][info ][safepoint     ] Application time: 1.0011245 seconds
[2023-10-30T22:32:18.160+0000][10902.541s][info ][safepoint     ] Entering safepoint region: Cleanup
[2023-10-30T22:32:18.160+0000][10902.542s][info ][safepoint     ] Leaving safepoint region
[2023-10-30T22:32:18.161+0000][10902.543s][info ][safepoint     ] Total time for which application threads were stopped: 0.0012167 seconds, Stopping threads took: 0.0004989 seconds
[2023-10-30T22:32:19.161+0000][10903.543s][debug][safepoint     ] Safepoint synchronization initiated. (183 threads)
[2023-10-30T22:32:19.167+0000][10903.549s][info ][safepoint     ] Application time: 1.0059764 seconds
[2023-10-30T22:32:19.176+0000][10903.558s][info ][safepoint     ] Entering safepoint region: Cleanup
[2023-10-30T22:32:19.193+0000][10903.575s][info ][safepoint     ] Leaving safepoint region
[2023-10-30T22:32:19.200+0000][10903.582s][info ][safepoint     ] Total time for which application threads were stopped: 0.0239876 seconds, Stopping threads took: 0.0164150 seconds
[2023-10-30T22:32:20.207+0000][10904.588s][debug][safepoint     ] Safepoint synchronization initiated. (183 threads)
[2023-10-30T22:32:20.209+0000][10904.590s][info ][safepoint     ] Application time: 1.0023523 seconds
[2023-10-30T22:32:20.210+0000][10904.592s][info ][safepoint     ] Entering safepoint region: Cleanup
[2023-10-30T22:32:20.211+0000][10904.592s][info ][safepoint     ] Leaving safepoint region
[2023-10-30T22:32:20.211+0000][10904.593s][info ][safepoint     ] Total time for which application threads were stopped: 0.0012252 seconds, Stopping threads took: 0.0006131 seconds
[2023-10-30T22:32:21.212+0000][10905.594s][debug][safepoint     ] Safepoint synchronization initiated. (183 threads)
[2023-10-30T22:32:21.213+0000][10905.595s][info ][safepoint     ] Application time: 1.0018970 seconds
[2023-10-30T22:32:21.214+0000][10905.596s][info ][safepoint     ] Entering safepoint region: Cleanup
[2023-10-30T22:32:21.215+0000][10905.596s][info ][safepoint     ] Leaving safepoint region
[2023-10-30T22:32:21.215+0000][10905.597s][info ][safepoint     ] Total time for which application threads were stopped: 0.0012760 seconds, Stopping threads took: 0.0004936 seconds
[2023-10-30T22:32:22.216+0000][10906.598s][debug][safepoint     ] Safepoint synchronization initiated. (183 threads)
[2023-10-30T22:32:22.217+0000][10906.598s][info ][safepoint     ] Application time: 1.0011334 seconds
[2023-10-30T22:32:22.217+0000][10906.599s][info ][safepoint     ] Entering safepoint region: Cleanup
[2023-10-30T22:32:22.218+0000][10906.600s][info ][safepoint     ] Leaving safepoint region
[2023-10-30T22:32:22.218+0000][10906.600s][info ][safepoint     ] Total time for which application threads were stopped: 0.0009793 seconds, Stopping threads took: 0.0004202 seconds
[2023-10-30T22:32:23.219+0000][10907.600s][debug][safepoint     ] Safepoint synchronization initiated. (183 threads)
[2023-10-30T22:32:23.219+0000][10907.601s][info ][safepoint     ] Application time: 1.0007060 seconds
[2023-10-30T22:32:23.220+0000][10907.601s][info ][safepoint     ] Entering safepoint region: Cleanup
[2023-10-30T22:32:23.220+0000][10907.602s][info ][safepoint     ] Leaving safepoint region
[2023-10-30T22:32:23.221+0000][10907.603s][info ][safepoint     ] Total time for which application threads were stopped: 0.0012967 seconds, Stopping threads took: 0.0005612 seconds
[2023-10-30T22:32:24.222+0000][10908.603s][debug][safepoint     ] Safepoint synchronization initiated. (183 threads)
[2023-10-30T22:32:24.223+0000][10908.604s][info ][safepoint     ] Application time: 1.0011330 seconds
[2023-10-30T22:32:24.223+0000][10908.605s][info ][safepoint     ] Entering safepoint region: Cleanup
[2023-10-30T22:32:24.224+0000][10908.606s][info ][safepoint     ] Leaving safepoint region
[2023-10-30T22:32:24.225+0000][10908.607s][info ][safepoint     ] Total time for which application threads were stopped: 0.0018385 seconds, Stopping threads took: 0.0009657 seconds
[2023-10-30T22:32:25.226+0000][10909.608s][debug][safepoint     ] Safepoint synchronization initiated. (183 threads)
[2023-10-30T22:32:25.227+0000][10909.609s][info ][safepoint     ] Application time: 1.0009568 seconds
[2023-10-30T22:32:25.228+0000][10909.610s][info ][safepoint     ] Entering safepoint region: Cleanup
[2023-10-30T22:32:25.229+0000][10909.610s][info ][safepoint     ] Leaving safepoint region
[2023-10-30T22:32:25.229+0000][10909.611s][info ][safepoint     ] Total time for which application threads were stopped: 0.0013775 seconds, Stopping threads took: 0.0006769 seconds
[2023-10-30T22:32:26.230+0000][10910.612s][debug][safepoint     ] Safepoint synchronization initiated. (183 threads)
[2023-10-30T22:32:26.230+0000][10910.612s][info ][safepoint     ] Application time: 1.0008083 seconds
[2023-10-30T22:32:26.231+0000][10910.613s][info ][safepoint     ] Entering safepoint region: Cleanup
[2023-10-30T22:32:26.232+0000][10910.614s][info ][safepoint     ] Leaving safepoint region
[2023-10-30T22:32:26.232+0000][10910.614s][info ][safepoint     ] Total time for which application threads were stopped: 0.0013152 seconds, Stopping threads took: 0.0005625 seconds
[2023-10-30T22:32:27.233+0000][10911.615s][debug][safepoint     ] Safepoint synchronization initiated. (183 threads)
[2023-10-30T22:32:27.233+0000][10911.615s][info ][safepoint     ] Application time: 1.0005794 seconds
[2023-10-30T22:32:27.234+0000][10911.616s][info ][safepoint     ] Entering safepoint region: Cleanup
[2023-10-30T22:32:27.234+0000][10911.616s][info ][safepoint     ] Leaving safepoint region
[2023-10-30T22:32:27.235+0000][10911.617s][info ][safepoint     ] Total time for which application threads were stopped: 0.0008620 seconds, Stopping threads took: 0.0003753 seconds
[2023-10-30T22:32:28.235+0000][10912.617s][debug][safepoint     ] Safepoint synchronization initiated. (183 threads)
[2023-10-30T22:32:28.237+0000][10912.618s][info ][safepoint     ] Application time: 1.0016487 seconds
[2023-10-30T22:32:28.238+0000][10912.619s][info ][safepoint     ] Entering safepoint region: Cleanup
[2023-10-30T22:32:28.239+0000][10912.620s][info ][safepoint     ] Leaving safepoint region
[2023-10-30T22:32:28.239+0000][10912.621s][info ][safepoint     ] Total time for which application threads were stopped: 0.0016045 seconds, Stopping threads took: 0.0007467 seconds
[2023-10-30T22:32:29.240+0000][10913.622s][debug][safepoint     ] Safepoint synchronization initiated. (183 threads)
[2023-10-30T22:32:29.241+0000][10913.623s][info ][safepoint     ] Application time: 1.0007722 seconds
[2023-10-30T22:32:29.241+0000][10913.623s][info ][safepoint     ] Entering safepoint region: Cleanup
[2023-10-30T22:32:29.242+0000][10913.623s][info ][safepoint     ] Leaving safepoint region
[2023-10-30T22:32:29.242+0000][10913.624s][info ][safepoint     ] Total time for which application threads were stopped: 0.0008768 seconds, Stopping threads took: 0.0003494 seconds
[2023-10-30T22:32:30.243+0000][10914.624s][debug][safepoint     ] Safepoint synchronization initiated. (183 threads)
[2023-10-30T22:32:30.244+0000][10914.625s][info ][safepoint     ] Application time: 1.0012131 seconds
[2023-10-30T22:32:30.244+0000][10914.626s][info ][safepoint     ] Entering safepoint region: Cleanup
[2023-10-30T22:32:30.245+0000][10914.627s][info ][safepoint     ] Leaving safepoint region
[2023-10-30T22:32:30.246+0000][10914.628s][info ][safepoint     ] Total time for which application threads were stopped: 0.0016849 seconds, Stopping threads took: 0.0007767 seconds
[2023-10-30T22:32:31.247+0000][10915.629s][debug][safepoint     ] Safepoint synchronization initiated. (183 threads)
[2023-10-30T22:32:31.248+0000][10915.630s][info ][safepoint     ] Application time: 1.0016244 seconds
[2023-10-30T22:32:31.249+0000][10915.631s][info ][safepoint     ] Entering safepoint region: Cleanup
[2023-10-30T22:32:31.250+0000][10915.632s][info ][safepoint     ] Leaving safepoint region
[2023-10-30T22:32:31.251+0000][10915.633s][info ][safepoint     ] Total time for which application threads were stopped: 0.0017548 seconds, Stopping threads took: 0.0007464 seconds
[2023-10-30T22:32:32.252+0000][10916.634s][debug][safepoint     ] Safepoint synchronization initiated. (183 threads)
[2023-10-30T22:32:32.253+0000][10916.635s][info ][safepoint     ] Application time: 1.0010548 seconds
[2023-10-30T22:32:32.254+0000][10916.635s][info ][safepoint     ] Entering safepoint region: Cleanup
[2023-10-30T22:32:32.254+0000][10916.636s][info ][safepoint     ] Leaving safepoint region
[2023-10-30T22:32:32.255+0000][10916.637s][info ][safepoint     ] Total time for which application threads were stopped: 0.0015967 seconds, Stopping threads took: 0.0006886 seconds
[2023-10-30T22:32:33.256+0000][10917.638s][debug][safepoint     ] Safepoint synchronization initiated. (183 threads)
[2023-10-30T22:32:33.257+0000][10917.639s][info ][safepoint     ] Application time: 1.0012676 seconds
[2023-10-30T22:32:33.258+0000][10917.640s][info ][safepoint     ] Entering safepoint region: Cleanup
[2023-10-30T22:32:33.259+0000][10917.640s][info ][safepoint     ] Leaving safepoint region
[2023-10-30T22:32:33.259+0000][10917.641s][info ][safepoint     ] Total time for which application threads were stopped: 0.0015576 seconds, Stopping threads took: 0.0006591 seconds
[2023-10-30T22:32:34.260+0000][10918.642s][debug][safepoint     ] Safepoint synchronization initiated. (183 threads)
[2023-10-30T22:32:34.261+0000][10918.643s][info ][safepoint     ] Application time: 1.0013286 seconds
[2023-10-30T22:32:34.262+0000][10918.644s][info ][safepoint     ] Entering safepoint region: Cleanup
[2023-10-30T22:32:34.263+0000][10918.645s][info ][safepoint     ] Leaving safepoint region
[2023-10-30T22:32:34.264+0000][10918.646s][info ][safepoint     ] Total time for which application threads were stopped: 0.0019358 seconds, Stopping threads took: 0.0009110 seconds
[2023-10-30T22:32:35.265+0000][10919.647s][debug][safepoint     ] Safepoint synchronization initiated. (183 threads)
[2023-10-30T22:32:35.266+0000][10919.648s][info ][safepoint     ] Application time: 1.0013330 seconds
[2023-10-30T22:32:35.267+0000][10919.649s][info ][safepoint     ] Entering safepoint region: Cleanup
[2023-10-30T22:32:35.268+0000][10919.650s][info ][safepoint     ] Leaving safepoint region
[2023-10-30T22:32:35.269+0000][10919.651s][info ][safepoint     ] Total time for which application threads were stopped: 0.0020473 seconds, Stopping threads took: 0.0009043 seconds
[2023-10-30T22:32:36.270+0000][10920.652s][debug][safepoint     ] Safepoint synchronization initiated. (183 threads)
[2023-10-30T22:32:36.271+0000][10920.652s][info ][safepoint     ] Application time: 1.0009268 seconds
[2023-10-30T22:32:36.271+0000][10920.653s][info ][safepoint     ] Entering safepoint region: Cleanup
[2023-10-30T22:32:36.272+0000][10920.654s][info ][safepoint     ] Leaving safepoint region
[2023-10-30T22:32:36.273+0000][10920.654s][info ][safepoint     ] Total time for which application threads were stopped: 0.0012523 seconds, Stopping threads took: 0.0007170 seconds
[2023-10-30T22:32:37.273+0000][10921.655s][debug][safepoint     ] Safepoint synchronization initiated. (183 threads)
[2023-10-30T22:32:37.274+0000][10921.656s][info ][safepoint     ] Application time: 1.0013041 seconds
[2023-10-30T22:32:37.275+0000][10921.657s][info ][safepoint     ] Entering safepoint region: Cleanup
[2023-10-30T22:32:37.276+0000][10921.658s][info ][safepoint     ] Leaving safepoint region
[2023-10-30T22:32:37.277+0000][10921.659s][info ][safepoint     ] Total time for which application threads were stopped: 0.0019974 seconds, Stopping threads took: 0.0009086 seconds
[2023-10-30T22:32:38.278+0000][10922.660s][debug][safepoint     ] Safepoint synchronization initiated. (183 threads)
[2023-10-30T22:32:38.279+0000][10922.661s][info ][safepoint     ] Application time: 1.0014523 seconds
[2023-10-30T22:32:38.280+0000][10922.662s][info ][safepoint     ] Entering safepoint region: Cleanup
[2023-10-30T22:32:38.281+0000][10922.663s][info ][safepoint     ] Leaving safepoint region
[2023-10-30T22:32:38.282+0000][10922.664s][info ][safepoint     ] Total time for which application threads were stopped: 0.0016455 seconds, Stopping threads took: 0.0007262 seconds
[2023-10-30T22:32:39.283+0000][10923.664s][debug][safepoint     ] Safepoint synchronization initiated. (183 threads)
[2023-10-30T22:32:39.284+0000][10923.666s][info ][safepoint     ] Application time: 1.0014685 seconds
[2023-10-30T22:32:39.285+0000][10923.667s][info ][safepoint     ] Entering safepoint region: Cleanup
[2023-10-30T22:32:39.286+0000][10923.668s][info ][safepoint     ] Leaving safepoint region
[2023-10-30T22:32:39.287+0000][10923.669s][info ][safepoint     ] Total time for which application threads were stopped: 0.0020530 seconds, Stopping threads took: 0.0009262 seconds
[2023-10-30T22:32:40.288+0000][10924.670s][debug][safepoint     ] Safepoint synchronization initiated. (183 threads)
[2023-10-30T22:32:40.289+0000][10924.670s][info ][safepoint     ] Application time: 1.0007864 seconds
[2023-10-30T22:32:40.289+0000][10924.671s][info ][safepoint     ] Entering safepoint region: Cleanup
[2023-10-30T22:32:40.290+0000][10924.672s][info ][safepoint     ] Leaving safepoint region
[2023-10-30T22:32:40.290+0000][10924.672s][info ][safepoint     ] Total time for which application threads were stopped: 0.0011817 seconds, Stopping threads took: 0.0005021 seconds
[2023-10-30T22:32:41.291+0000][10925.673s][debug][safepoint     ] Safepoint synchronization initiated. (183 threads)
[2023-10-30T22:32:41.291+0000][10925.673s][info ][safepoint     ] Application time: 1.0008109 seconds
[2023-10-30T22:32:41.292+0000][10925.674s][info ][safepoint     ] Entering safepoint region: Cleanup
[2023-10-30T22:32:41.293+0000][10925.675s][info ][safepoint     ] Leaving safepoint region
[2023-10-30T22:32:41.294+0000][10925.675s][info ][safepoint     ] Total time for which application threads were stopped: 0.0015890 seconds, Stopping threads took: 0.0008167 seconds
[2023-10-30T22:32:42.294+0000][10926.676s][debug][safepoint     ] Safepoint synchronization initiated. (183 threads)
[2023-10-30T22:32:42.294+0000][10926.676s][info ][safepoint     ] Application time: 1.0005403 seconds
[2023-10-30T22:32:42.295+0000][10926.677s][info ][safepoint     ] Entering safepoint region: Cleanup
[2023-10-30T22:32:42.295+0000][10926.677s][info ][safepoint     ] Leaving safepoint region
[2023-10-30T22:32:42.296+0000][10926.677s][info ][safepoint     ] Total time for which application threads were stopped: 0.0007668 seconds, Stopping threads took: 0.0003106 seconds
[2023-10-30T22:32:43.296+0000][10927.678s][debug][safepoint     ] Safepoint synchronization initiated. (183 threads)
[2023-10-30T22:32:43.297+0000][10927.678s][info ][safepoint     ] Application time: 1.0007852 seconds
[2023-10-30T22:32:43.297+0000][10927.679s][info ][safepoint     ] Entering safepoint region: Cleanup
[2023-10-30T22:32:43.298+0000][10927.680s][info ][safepoint     ] Leaving safepoint region
[2023-10-30T22:32:43.298+0000][10927.680s][info ][safepoint     ] Total time for which application threads were stopped: 0.0009522 seconds, Stopping threads took: 0.0004520 seconds
[2023-10-30T22:32:44.299+0000][10928.680s][debug][safepoint     ] Safepoint synchronization initiated. (183 threads)
[2023-10-30T22:32:44.300+0000][10928.682s][info ][safepoint     ] Application time: 1.0013091 seconds
[2023-10-30T22:32:44.301+0000][10928.682s][info ][safepoint     ] Entering safepoint region: Cleanup
[2023-10-30T22:32:44.302+0000][10928.683s][info ][safepoint     ] Leaving safepoint region
[2023-10-30T22:32:44.302+0000][10928.684s][info ][safepoint     ] Total time for which application threads were stopped: 0.0017094 seconds, Stopping threads took: 0.0007010 seconds
[2023-10-30T22:32:45.303+0000][10929.685s][debug][safepoint     ] Safepoint synchronization initiated. (183 threads)
[2023-10-30T22:32:45.304+0000][10929.686s][info ][safepoint     ] Application time: 1.0007224 seconds
[2023-10-30T22:32:45.304+0000][10929.686s][info ][safepoint     ] Entering safepoint region: Cleanup
[2023-10-30T22:32:45.305+0000][10929.686s][info ][safepoint     ] Leaving safepoint region
[2023-10-30T22:32:45.305+0000][10929.687s][info ][safepoint     ] Total time for which application threads were stopped: 0.0009164 seconds, Stopping threads took: 0.0003930 seconds
[2023-10-30T22:32:46.306+0000][10930.687s][debug][safepoint     ] Safepoint synchronization initiated. (183 threads)
[2023-10-30T22:32:46.306+0000][10930.688s][info ][safepoint     ] Application time: 1.0010940 seconds
[2023-10-30T22:32:46.307+0000][10930.689s][info ][safepoint     ] Entering safepoint region: Cleanup
[2023-10-30T22:32:46.308+0000][10930.690s][info ][safepoint     ] Leaving safepoint region
[2023-10-30T22:32:46.309+0000][10930.691s][info ][safepoint     ] Total time for which application threads were stopped: 0.0019301 seconds, Stopping threads took: 0.0008131 seconds
[2023-10-30T22:32:47.310+0000][10931.692s][debug][safepoint     ] Safepoint synchronization initiated. (183 threads)
[2023-10-30T22:32:47.311+0000][10931.693s][info ][safepoint     ] Application time: 1.0011476 seconds
[2023-10-30T22:32:47.312+0000][10931.694s][info ][safepoint     ] Entering safepoint region: Cleanup
[2023-10-30T22:32:47.313+0000][10931.695s][info ][safepoint     ] Leaving safepoint region
[2023-10-30T22:32:47.314+0000][10931.695s][info ][safepoint     ] Total time for which application threads were stopped: 0.0018437 seconds, Stopping threads took: 0.0007730 seconds
[2023-10-30T22:32:48.315+0000][10932.696s][debug][safepoint     ] Safepoint synchronization initiated. (183 threads)
[2023-10-30T22:32:48.315+0000][10932.697s][info ][safepoint     ] Application time: 1.0011541 seconds
[2023-10-30T22:32:48.316+0000][10932.698s][info ][safepoint     ] Entering safepoint region: Cleanup
[2023-10-30T22:32:48.317+0000][10932.698s][info ][safepoint     ] Leaving safepoint region
[2023-10-30T22:32:48.317+0000][10932.699s][info ][safepoint     ] Total time for which application threads were stopped: 0.0010067 seconds, Stopping threads took: 0.0004125 seconds
[2023-10-30T22:32:49.318+0000][10933.699s][debug][safepoint     ] Safepoint synchronization initiated. (183 threads)
[2023-10-30T22:32:49.319+0000][10933.701s][info ][safepoint     ] Application time: 1.0014214 seconds
[2023-10-30T22:32:49.320+0000][10933.701s][info ][safepoint     ] Entering safepoint region: Cleanup
[2023-10-30T22:32:49.321+0000][10933.703s][info ][safepoint     ] Leaving safepoint region
[2023-10-30T22:32:49.322+0000][10933.703s][info ][safepoint     ] Total time for which application threads were stopped: 0.0019341 seconds, Stopping threads took: 0.0009478 seconds
[2023-10-30T22:32:50.322+0000][10934.704s][debug][safepoint     ] Safepoint synchronization initiated. (183 threads)
[2023-10-30T22:32:50.323+0000][10934.705s][info ][safepoint     ] Application time: 1.0008762 seconds
[2023-10-30T22:32:50.324+0000][10934.705s][info ][safepoint     ] Entering safepoint region: Cleanup
[2023-10-30T22:32:50.324+0000][10934.706s][info ][safepoint     ] Leaving safepoint region
[2023-10-30T22:32:50.325+0000][10934.706s][info ][safepoint     ] Total time for which application threads were stopped: 0.0010973 seconds, Stopping threads took: 0.0004611 seconds
[2023-10-30T22:32:51.325+0000][10935.707s][debug][safepoint     ] Safepoint synchronization initiated. (183 threads)
[2023-10-30T22:32:51.326+0000][10935.707s][info ][safepoint     ] Application time: 1.0006578 seconds
[2023-10-30T22:32:51.326+0000][10935.708s][info ][safepoint     ] Entering safepoint region: Cleanup
[2023-10-30T22:32:51.327+0000][10935.708s][info ][safepoint     ] Leaving safepoint region
[2023-10-30T22:32:51.327+0000][10935.709s][info ][safepoint     ] Total time for which application threads were stopped: 0.0009644 seconds, Stopping threads took: 0.0003473 seconds
[2023-10-30T22:32:52.328+0000][10936.709s][debug][safepoint     ] Safepoint synchronization initiated. (183 threads)
[2023-10-30T22:32:52.328+0000][10936.710s][info ][safepoint     ] Application time: 1.0008547 seconds
[2023-10-30T22:32:52.329+0000][10936.711s][info ][safepoint     ] Entering safepoint region: Cleanup
[2023-10-30T22:32:52.330+0000][10936.712s][info ][safepoint     ] Leaving safepoint region
[2023-10-30T22:32:52.330+0000][10936.712s][info ][safepoint     ] Total time for which application threads were stopped: 0.0012754 seconds, Stopping threads took: 0.0005762 seconds
[2023-10-30T22:32:52.659+0000][10937.041s][debug][safepoint     ] Safepoint synchronization initiated. (183 threads)
[2023-10-30T22:32:52.660+0000][10937.042s][info ][safepoint     ] Application time: 0.3293075 seconds
[2023-10-30T22:32:52.661+0000][10937.043s][info ][safepoint     ] Entering safepoint region: G1CollectForAllocation
[2023-10-30T22:32:52.662+0000][10937.044s][info ][gc,start      ] GC(127) Pause Young (Concurrent Start) (G1 Evacuation Pause)
[2023-10-30T22:32:52.663+0000][10937.044s][info ][gc,task       ] GC(127) Using 8 workers of 8 for evacuation
[2023-10-30T22:32:52.672+0000][10937.054s][info ][gc,phases     ] GC(127)   Pre Evacuate Collection Set: 0.7ms
[2023-10-30T22:32:52.673+0000][10937.054s][info ][gc,phases     ] GC(127)   Evacuate Collection Set: 4.7ms
[2023-10-30T22:32:52.673+0000][10937.055s][info ][gc,phases     ] GC(127)   Post Evacuate Collection Set: 3.3ms
[2023-10-30T22:32:52.673+0000][10937.055s][info ][gc,phases     ] GC(127)   Other: 1.7ms
[2023-10-30T22:32:52.674+0000][10937.055s][info ][gc,heap       ] GC(127) Eden regions: 160->0(160)
[2023-10-30T22:32:52.674+0000][10937.056s][info ][gc,heap       ] GC(127) Survivor regions: 2->2(21)
[2023-10-30T22:32:52.674+0000][10937.056s][info ][gc,heap       ] GC(127) Old regions: 143->143
[2023-10-30T22:32:52.675+0000][10937.056s][info ][gc,heap       ] GC(127) Humongous regions: 25->25
[2023-10-30T22:32:52.675+0000][10937.057s][info ][gc,metaspace  ] GC(127) Metaspace: 169055K(176724K)->169055K(176724K) NonClass: 149755K(154760K)->149755K(154760K) Class: 19299K(21964K)->19299K(21964K)
[2023-10-30T22:32:52.675+0000][10937.057s][info ][gc            ] GC(127) Pause Young (Concurrent Start) (G1 Evacuation Pause) 328M->168M(372M) 13.448ms
[2023-10-30T22:32:52.676+0000][10937.057s][info ][gc,cpu        ] GC(127) User=0.04s Sys=0.01s Real=0.01s
[2023-10-30T22:32:52.676+0000][10937.058s][info ][safepoint     ] Leaving safepoint region
[2023-10-30T22:32:52.676+0000][10937.058s][info ][safepoint     ] Total time for which application threads were stopped: 0.0155987 seconds, Stopping threads took: 0.0007852 seconds
[2023-10-30T22:32:52.677+0000][10937.059s][info ][gc,stringdedup] Concurrent String Deduplication (10937.059s)
[2023-10-30T22:32:52.676+0000][10937.058s][info ][gc            ] GC(128) Concurrent Cycle
[2023-10-30T22:32:52.678+0000][10937.060s][info ][gc,stringdedup] Concurrent String Deduplication 32384.0B->192.0B(32192.0B) avg 54.7% (10937.059s, 10937.060s) 0.907ms
[2023-10-30T22:32:52.678+0000][10937.060s][info ][gc,marking    ] GC(128) Concurrent Clear Claimed Marks
[2023-10-30T22:32:52.679+0000][10937.061s][info ][gc,marking    ] GC(128) Concurrent Clear Claimed Marks 1.420ms
[2023-10-30T22:32:52.680+0000][10937.062s][info ][gc,marking    ] GC(128) Concurrent Scan Root Regions
[2023-10-30T22:32:52.685+0000][10937.066s][info ][gc,marking    ] GC(128) Concurrent Scan Root Regions 4.717ms
[2023-10-30T22:32:52.685+0000][10937.067s][info ][gc,marking    ] GC(128) Concurrent Mark (10937.067s)
[2023-10-30T22:32:52.686+0000][10937.067s][info ][gc,marking    ] GC(128) Concurrent Mark From Roots
[2023-10-30T22:32:52.686+0000][10937.068s][info ][gc,task       ] GC(128) Using 2 workers of 2 for marking
[2023-10-30T22:32:52.802+0000][10937.184s][info ][gc,marking    ] GC(128) Concurrent Mark From Roots 116.404ms
[2023-10-30T22:32:52.803+0000][10937.185s][info ][gc,marking    ] GC(128) Concurrent Preclean
[2023-10-30T22:32:52.804+0000][10937.185s][info ][gc,marking    ] GC(128) Concurrent Preclean 0.691ms
[2023-10-30T22:32:52.804+0000][10937.186s][info ][gc,marking    ] GC(128) Concurrent Mark (10937.067s, 10937.186s) 118.989ms
[2023-10-30T22:32:52.805+0000][10937.187s][debug][safepoint     ] Safepoint synchronization initiated. (183 threads)
[2023-10-30T22:32:52.805+0000][10937.187s][info ][safepoint     ] Application time: 0.1283530 seconds
[2023-10-30T22:32:52.806+0000][10937.187s][info ][safepoint     ] Entering safepoint region: CGC_Operation
[2023-10-30T22:32:52.806+0000][10937.188s][info ][gc,start      ] GC(128) Pause Remark
[2023-10-30T22:32:52.843+0000][10937.225s][info ][gc,stringtable] GC(128) Cleaned string and symbol table, strings: 72767 processed, 0 removed, symbols: 410497 processed, 1 removed
[2023-10-30T22:32:52.844+0000][10937.226s][info ][gc            ] GC(128) Pause Remark 171M->171M(372M) 37.750ms
[2023-10-30T22:32:52.844+0000][10937.226s][info ][gc,cpu        ] GC(128) User=0.25s Sys=0.00s Real=0.04s
[2023-10-30T22:32:52.845+0000][10937.227s][info ][safepoint     ] Leaving safepoint region
[2023-10-30T22:32:52.845+0000][10937.227s][info ][safepoint     ] Total time for which application threads were stopped: 0.0396248 seconds, Stopping threads took: 0.0004280 seconds
[2023-10-30T22:32:52.846+0000][10937.227s][info ][gc,marking    ] GC(128) Concurrent Rebuild Remembered Sets
[2023-10-30T22:32:52.929+0000][10937.310s][info ][gc,marking    ] GC(128) Concurrent Rebuild Remembered Sets 82.970ms
[2023-10-30T22:32:52.929+0000][10937.311s][debug][safepoint     ] Safepoint synchronization initiated. (183 threads)
[2023-10-30T22:32:52.929+0000][10937.311s][info ][safepoint     ] Application time: 0.0839164 seconds
[2023-10-30T22:32:52.930+0000][10937.311s][info ][safepoint     ] Entering safepoint region: CGC_Operation
[2023-10-30T22:32:52.930+0000][10937.312s][info ][gc,start      ] GC(128) Pause Cleanup
[2023-10-30T22:32:52.931+0000][10937.313s][info ][gc            ] GC(128) Pause Cleanup 171M->171M(372M) 0.676ms
[2023-10-30T22:32:52.931+0000][10937.313s][info ][gc,cpu        ] GC(128) User=0.00s Sys=0.00s Real=0.00s
[2023-10-30T22:32:52.931+0000][10937.313s][info ][safepoint     ] Leaving safepoint region
[2023-10-30T22:32:52.932+0000][10937.313s][info ][safepoint     ] Total time for which application threads were stopped: 0.0019771 seconds, Stopping threads took: 0.0002855 seconds
[2023-10-30T22:32:52.932+0000][10937.314s][info ][gc,marking    ] GC(128) Concurrent Cleanup for Next Mark
[2023-10-30T22:32:52.933+0000][10937.314s][info ][gc,marking    ] GC(128) Concurrent Cleanup for Next Mark 0.837ms
[2023-10-30T22:32:52.933+0000][10937.315s][info ][gc            ] GC(128) Concurrent Cycle 256.797ms
[2023-10-30T22:32:53.932+0000][10938.314s][debug][safepoint     ] Safepoint synchronization initiated. (183 threads)
[2023-10-30T22:32:53.933+0000][10938.314s][info ][safepoint     ] Application time: 1.0009136 seconds
[2023-10-30T22:32:53.934+0000][10938.315s][info ][safepoint     ] Entering safepoint region: Cleanup
[2023-10-30T22:32:53.934+0000][10938.316s][info ][safepoint     ] Leaving safepoint region
[2023-10-30T22:32:53.935+0000][10938.317s][info ][safepoint     ] Total time for which application threads were stopped: 0.0015474 seconds, Stopping threads took: 0.0006793 seconds
[2023-10-30T22:32:54.936+0000][10939.317s][debug][safepoint     ] Safepoint synchronization initiated. (183 threads)
[2023-10-30T22:32:54.937+0000][10939.318s][info ][safepoint     ] Application time: 1.0009661 seconds
[2023-10-30T22:32:54.937+0000][10939.319s][info ][safepoint     ] Entering safepoint region: Cleanup
[2023-10-30T22:32:54.938+0000][10939.320s][info ][safepoint     ] Leaving safepoint region
[2023-10-30T22:32:54.939+0000][10939.321s][info ][safepoint     ] Total time for which application threads were stopped: 0.0016826 seconds, Stopping threads took: 0.0007383 seconds
[2023-10-30T22:32:55.940+0000][10940.322s][debug][safepoint     ] Safepoint synchronization initiated. (183 threads)
[2023-10-30T22:32:55.941+0000][10940.323s][info ][safepoint     ] Application time: 1.0012286 seconds
[2023-10-30T22:32:55.942+0000][10940.323s][info ][safepoint     ] Entering safepoint region: Cleanup
[2023-10-30T22:32:55.943+0000][10940.324s][info ][safepoint     ] Leaving safepoint region
[2023-10-30T22:32:55.943+0000][10940.325s][info ][safepoint     ] Total time for which application threads were stopped: 0.0018753 seconds, Stopping threads took: 0.0007400 seconds
[2023-10-30T22:32:56.945+0000][10941.326s][debug][safepoint     ] Safepoint synchronization initiated. (183 threads)
[2023-10-30T22:32:56.946+0000][10941.327s][info ][safepoint     ] Application time: 1.0014810 seconds
[2023-10-30T22:32:56.947+0000][10941.328s][info ][safepoint     ] Entering safepoint region: Cleanup
[2023-10-30T22:32:56.948+0000][10941.330s][info ][safepoint     ] Leaving safepoint region
[2023-10-30T22:32:56.949+0000][10941.330s][info ][safepoint     ] Total time for which application threads were stopped: 0.0022815 seconds, Stopping threads took: 0.0009072 seconds
[2023-10-30T22:32:57.950+0000][10942.331s][debug][safepoint     ] Safepoint synchronization initiated. (183 threads)
[2023-10-30T22:32:57.951+0000][10942.333s][info ][safepoint     ] Application time: 1.0016308 seconds
[2023-10-30T22:32:57.952+0000][10942.334s][info ][safepoint     ] Entering safepoint region: Cleanup
[2023-10-30T22:32:57.953+0000][10942.335s][info ][safepoint     ] Leaving safepoint region
[2023-10-30T22:32:57.954+0000][10942.336s][info ][safepoint     ] Total time for which application threads were stopped: 0.0019299 seconds, Stopping threads took: 0.0008376 seconds
[2023-10-30T22:32:58.955+0000][10943.336s][debug][safepoint     ] Safepoint synchronization initiated. (183 threads)
[2023-10-30T22:32:58.956+0000][10943.338s][info ][safepoint     ] Application time: 1.0014380 seconds
[2023-10-30T22:32:58.957+0000][10943.339s][info ][safepoint     ] Entering safepoint region: Cleanup
[2023-10-30T22:32:58.958+0000][10943.340s][info ][safepoint     ] Leaving safepoint region
[2023-10-30T22:32:58.959+0000][10943.340s][info ][safepoint     ] Total time for which application threads were stopped: 0.0019115 seconds, Stopping threads took: 0.0008379 seconds
[2023-10-30T22:32:59.960+0000][10944.341s][debug][safepoint     ] Safepoint synchronization initiated. (183 threads)
[2023-10-30T22:32:59.960+0000][10944.342s][info ][safepoint     ] Application time: 1.0008772 seconds
[2023-10-30T22:32:59.961+0000][10944.343s][info ][safepoint     ] Entering safepoint region: Cleanup
[2023-10-30T22:32:59.962+0000][10944.344s][info ][safepoint     ] Leaving safepoint region
[2023-10-30T22:32:59.962+0000][10944.344s][info ][safepoint     ] Total time for which application threads were stopped: 0.0012008 seconds, Stopping threads took: 0.0005655 seconds
[2023-10-30T22:33:00.963+0000][10945.345s][debug][safepoint     ] Safepoint synchronization initiated. (183 threads)
[2023-10-30T22:33:00.964+0000][10945.346s][info ][safepoint     ] Application time: 1.0012286 seconds
[2023-10-30T22:33:00.965+0000][10945.347s][info ][safepoint     ] Entering safepoint region: Cleanup
[2023-10-30T22:33:00.966+0000][10945.348s][info ][safepoint     ] Leaving safepoint region
[2023-10-30T22:33:00.967+0000][10945.348s][info ][safepoint     ] Total time for which application threads were stopped: 0.0018842 seconds, Stopping threads took: 0.0009798 seconds
[2023-10-30T22:33:01.967+0000][10946.349s][debug][safepoint     ] Safepoint synchronization initiated. (183 threads)
[2023-10-30T22:33:01.968+0000][10946.350s][info ][safepoint     ] Application time: 1.0009944 seconds
[2023-10-30T22:33:01.969+0000][10946.351s][info ][safepoint     ] Entering safepoint region: Cleanup
[2023-10-30T22:33:01.970+0000][10946.351s][info ][safepoint     ] Leaving safepoint region
[2023-10-30T22:33:01.970+0000][10946.352s][info ][safepoint     ] Total time for which application threads were stopped: 0.0015605 seconds, Stopping threads took: 0.0005859 seconds
[2023-10-30T22:33:02.971+0000][10947.353s][debug][safepoint     ] Safepoint synchronization initiated. (183 threads)
[2023-10-30T22:33:02.972+0000][10947.353s][info ][safepoint     ] Application time: 1.0005895 seconds
[2023-10-30T22:33:02.972+0000][10947.354s][info ][safepoint     ] Entering safepoint region: Cleanup
[2023-10-30T22:33:02.973+0000][10947.354s][info ][safepoint     ] Leaving safepoint region
[2023-10-30T22:33:02.973+0000][10947.355s][info ][safepoint     ] Total time for which application threads were stopped: 0.0008328 seconds, Stopping threads took: 0.0003469 seconds
[2023-10-30T22:33:03.973+0000][10948.355s][debug][safepoint     ] Safepoint synchronization initiated. (183 threads)
[2023-10-30T22:33:03.974+0000][10948.356s][info ][safepoint     ] Application time: 1.0011107 seconds
[2023-10-30T22:33:03.975+0000][10948.357s][info ][safepoint     ] Entering safepoint region: Cleanup
[2023-10-30T22:33:03.976+0000][10948.358s][info ][safepoint     ] Leaving safepoint region
[2023-10-30T22:33:03.977+0000][10948.358s][info ][safepoint     ] Total time for which application threads were stopped: 0.0015574 seconds, Stopping threads took: 0.0006744 seconds
[2023-10-30T22:33:04.977+0000][10949.359s][debug][safepoint     ] Safepoint synchronization initiated. (183 threads)
[2023-10-30T22:33:04.978+0000][10949.360s][info ][safepoint     ] Application time: 1.0009967 seconds
[2023-10-30T22:33:04.979+0000][10949.361s][info ][safepoint     ] Entering safepoint region: Cleanup
[2023-10-30T22:33:04.980+0000][10949.362s][info ][safepoint     ] Leaving safepoint region
[2023-10-30T22:33:04.980+0000][10949.362s][info ][safepoint     ] Total time for which application threads were stopped: 0.0016211 seconds, Stopping threads took: 0.0006735 seconds
[2023-10-30T22:33:05.981+0000][10950.363s][debug][safepoint     ] Safepoint synchronization initiated. (183 threads)
[2023-10-30T22:33:05.982+0000][10950.364s][info ][safepoint     ] Application time: 1.0012918 seconds
[2023-10-30T22:33:05.983+0000][10950.365s][info ][safepoint     ] Entering safepoint region: Cleanup
[2023-10-30T22:33:05.984+0000][10950.366s][info ][safepoint     ] Leaving safepoint region
[2023-10-30T22:33:05.985+0000][10950.366s][info ][safepoint     ] Total time for which application threads were stopped: 0.0017716 seconds, Stopping threads took: 0.0007642 seconds
[2023-10-30T22:33:06.986+0000][10951.367s][debug][safepoint     ] Safepoint synchronization initiated. (183 threads)
[2023-10-30T22:33:06.986+0000][10951.368s][info ][safepoint     ] Application time: 1.0010124 seconds
[2023-10-30T22:33:06.987+0000][10951.369s][info ][safepoint     ] Entering safepoint region: Cleanup
[2023-10-30T22:33:06.988+0000][10951.370s][info ][safepoint     ] Leaving safepoint region
[2023-10-30T22:33:06.989+0000][10951.370s][info ][safepoint     ] Total time for which application threads were stopped: 0.0014252 seconds, Stopping threads took: 0.0006807 seconds
[2023-10-30T22:33:07.989+0000][10952.371s][debug][safepoint     ] Safepoint synchronization initiated. (183 threads)
[2023-10-30T22:33:07.990+0000][10952.372s][info ][safepoint     ] Application time: 1.0012444 seconds
[2023-10-30T22:33:07.991+0000][10952.373s][info ][safepoint     ] Entering safepoint region: Cleanup
[2023-10-30T22:33:07.992+0000][10952.374s][info ][safepoint     ] Leaving safepoint region
[2023-10-30T22:33:07.993+0000][10952.375s][info ][safepoint     ] Total time for which application threads were stopped: 0.0019019 seconds, Stopping threads took: 0.0007727 seconds
[2023-10-30T22:33:08.994+0000][10953.376s][debug][safepoint     ] Safepoint synchronization initiated. (183 threads)
[2023-10-30T22:33:08.995+0000][10953.377s][info ][safepoint     ] Application time: 1.0011259 seconds
[2023-10-30T22:33:08.996+0000][10953.377s][info ][safepoint     ] Entering safepoint region: Cleanup
[2023-10-30T22:33:08.997+0000][10953.378s][info ][safepoint     ] Leaving safepoint region
[2023-10-30T22:33:08.997+0000][10953.379s][info ][safepoint     ] Total time for which application threads were stopped: 0.0017370 seconds, Stopping threads took: 0.0007188 seconds
[2023-10-30T22:33:09.998+0000][10954.380s][debug][safepoint     ] Safepoint synchronization initiated. (184 threads)
[2023-10-30T22:33:09.999+0000][10954.380s][info ][safepoint     ] Application time: 1.0006933 seconds
[2023-10-30T22:33:09.999+0000][10954.381s][info ][safepoint     ] Entering safepoint region: Cleanup
[2023-10-30T22:33:10.000+0000][10954.381s][info ][safepoint     ] Leaving safepoint region
[2023-10-30T22:33:10.000+0000][10954.382s][info ][safepoint     ] Total time for which application threads were stopped: 0.0011983 seconds, Stopping threads took: 0.0005273 seconds
[2023-10-30T22:33:11.001+0000][10955.383s][debug][safepoint     ] Safepoint synchronization initiated. (184 threads)
[2023-10-30T22:33:11.002+0000][10955.384s][info ][safepoint     ] Application time: 1.0015237 seconds
[2023-10-30T22:33:11.003+0000][10955.385s][info ][safepoint     ] Entering safepoint region: Cleanup
[2023-10-30T22:33:11.004+0000][10955.386s][info ][safepoint     ] Leaving safepoint region
[2023-10-30T22:33:11.005+0000][10955.387s][info ][safepoint     ] Total time for which application threads were stopped: 0.0022277 seconds, Stopping threads took: 0.0009659 seconds
[2023-10-30T22:33:12.006+0000][10956.388s][debug][safepoint     ] Safepoint synchronization initiated. (184 threads)
[2023-10-30T22:33:12.007+0000][10956.388s][info ][safepoint     ] Application time: 1.0005484 seconds
[2023-10-30T22:33:12.007+0000][10956.389s][info ][safepoint     ] Entering safepoint region: Cleanup
[2023-10-30T22:33:12.008+0000][10956.390s][info ][safepoint     ] Leaving safepoint region
[2023-10-30T22:33:12.008+0000][10956.390s][info ][safepoint     ] Total time for which application threads were stopped: 0.0013017 seconds, Stopping threads took: 0.0006228 seconds
[2023-10-30T22:33:13.009+0000][10957.390s][debug][safepoint     ] Safepoint synchronization initiated. (184 threads)
[2023-10-30T22:33:13.009+0000][10957.391s][info ][safepoint     ] Application time: 1.0007838 seconds
[2023-10-30T22:33:13.010+0000][10957.392s][info ][safepoint     ] Entering safepoint region: Cleanup
[2023-10-30T22:33:13.011+0000][10957.392s][info ][safepoint     ] Leaving safepoint region
[2023-10-30T22:33:13.011+0000][10957.393s][info ][safepoint     ] Total time for which application threads were stopped: 0.0012695 seconds, Stopping threads took: 0.0005325 seconds
[2023-10-30T22:33:14.012+0000][10958.394s][debug][safepoint     ] Safepoint synchronization initiated. (184 threads)
[2023-10-30T22:33:14.013+0000][10958.395s][info ][safepoint     ] Application time: 1.0014579 seconds
[2023-10-30T22:33:14.014+0000][10958.396s][info ][safepoint     ] Entering safepoint region: Cleanup
[2023-10-30T22:33:14.016+0000][10958.397s][info ][safepoint     ] Leaving safepoint region
[2023-10-30T22:33:14.016+0000][10958.398s][info ][safepoint     ] Total time for which application threads were stopped: 0.0021440 seconds, Stopping threads took: 0.0008800 seconds
[2023-10-30T22:33:15.018+0000][10959.399s][debug][safepoint     ] Safepoint synchronization initiated. (184 threads)
[2023-10-30T22:33:15.019+0000][10959.400s][info ][safepoint     ] Application time: 1.0012970 seconds
[2023-10-30T22:33:15.020+0000][10959.401s][info ][safepoint     ] Entering safepoint region: Cleanup
[2023-10-30T22:33:15.021+0000][10959.403s][info ][safepoint     ] Leaving safepoint region
[2023-10-30T22:33:15.022+0000][10959.403s][info ][safepoint     ] Total time for which application threads were stopped: 0.0021376 seconds, Stopping threads took: 0.0010474 seconds
[2023-10-30T22:33:16.023+0000][10960.405s][debug][safepoint     ] Safepoint synchronization initiated. (184 threads)
[2023-10-30T22:33:16.024+0000][10960.406s][info ][safepoint     ] Application time: 1.0014554 seconds
[2023-10-30T22:33:16.025+0000][10960.407s][info ][safepoint     ] Entering safepoint region: Cleanup
[2023-10-30T22:33:16.026+0000][10960.408s][info ][safepoint     ] Leaving safepoint region
[2023-10-30T22:33:16.027+0000][10960.409s][info ][safepoint     ] Total time for which application threads were stopped: 0.0021720 seconds, Stopping threads took: 0.0010163 seconds
[2023-10-30T22:33:17.028+0000][10961.410s][debug][safepoint     ] Safepoint synchronization initiated. (184 threads)
[2023-10-30T22:33:17.029+0000][10961.410s][info ][safepoint     ] Application time: 1.0007287 seconds
[2023-10-30T22:33:17.029+0000][10961.411s][info ][safepoint     ] Entering safepoint region: Cleanup
[2023-10-30T22:33:17.030+0000][10961.411s][info ][safepoint     ] Leaving safepoint region
[2023-10-30T22:33:17.030+0000][10961.412s][info ][safepoint     ] Total time for which application threads were stopped: 0.0010366 seconds, Stopping threads took: 0.0005240 seconds
[2023-10-30T22:33:18.030+0000][10962.412s][debug][safepoint     ] Safepoint synchronization initiated. (184 threads)
[2023-10-30T22:33:18.031+0000][10962.413s][info ][safepoint     ] Application time: 1.0006438 seconds
[2023-10-30T22:33:18.031+0000][10962.413s][info ][safepoint     ] Entering safepoint region: Cleanup
[2023-10-30T22:33:18.032+0000][10962.413s][info ][safepoint     ] Leaving safepoint region
[2023-10-30T22:33:18.032+0000][10962.414s][info ][safepoint     ] Total time for which application threads were stopped: 0.0007889 seconds, Stopping threads took: 0.0003314 seconds
[2023-10-30T22:33:19.032+0000][10963.414s][debug][safepoint     ] Safepoint synchronization initiated. (184 threads)
[2023-10-30T22:33:19.033+0000][10963.415s][info ][safepoint     ] Application time: 1.0011283 seconds
[2023-10-30T22:33:19.034+0000][10963.416s][info ][safepoint     ] Entering safepoint region: Cleanup
[2023-10-30T22:33:19.035+0000][10963.417s][info ][safepoint     ] Leaving safepoint region
[2023-10-30T22:33:19.036+0000][10963.418s][info ][safepoint     ] Total time for which application threads were stopped: 0.0018743 seconds, Stopping threads took: 0.0008483 seconds
[2023-10-30T22:33:20.037+0000][10964.419s][debug][safepoint     ] Safepoint synchronization initiated. (184 threads)
[2023-10-30T22:33:20.038+0000][10964.420s][info ][safepoint     ] Application time: 1.0010686 seconds
[2023-10-30T22:33:20.039+0000][10964.420s][info ][safepoint     ] Entering safepoint region: Cleanup
[2023-10-30T22:33:20.040+0000][10964.421s][info ][safepoint     ] Leaving safepoint region
[2023-10-30T22:33:20.040+0000][10964.422s][info ][safepoint     ] Total time for which application threads were stopped: 0.0015626 seconds, Stopping threads took: 0.0007593 seconds
[2023-10-30T22:33:21.041+0000][10965.423s][debug][safepoint     ] Safepoint synchronization initiated. (184 threads)
[2023-10-30T22:33:21.042+0000][10965.423s][info ][safepoint     ] Application time: 1.0009798 seconds
[2023-10-30T22:33:21.042+0000][10965.424s][info ][safepoint     ] Entering safepoint region: Cleanup
[2023-10-30T22:33:21.043+0000][10965.425s][info ][safepoint     ] Leaving safepoint region
[2023-10-30T22:33:21.044+0000][10965.425s][info ][safepoint     ] Total time for which application threads were stopped: 0.0012991 seconds, Stopping threads took: 0.0005579 seconds
[2023-10-30T22:33:22.044+0000][10966.426s][debug][safepoint     ] Safepoint synchronization initiated. (184 threads)
[2023-10-30T22:33:22.045+0000][10966.427s][info ][safepoint     ] Application time: 1.0012792 seconds
[2023-10-30T22:33:22.046+0000][10966.428s][info ][safepoint     ] Entering safepoint region: Cleanup
[2023-10-30T22:33:22.047+0000][10966.429s][info ][safepoint     ] Leaving safepoint region
[2023-10-30T22:33:22.047+0000][10966.429s][info ][safepoint     ] Total time for which application threads were stopped: 0.0013604 seconds, Stopping threads took: 0.0005619 seconds
[2023-10-30T22:33:23.048+0000][10967.430s][debug][safepoint     ] Safepoint synchronization initiated. (184 threads)
[2023-10-30T22:33:23.049+0000][10967.431s][info ][safepoint     ] Application time: 1.0007691 seconds
[2023-10-30T22:33:23.050+0000][10967.431s][info ][safepoint     ] Entering safepoint region: Cleanup
[2023-10-30T22:33:23.050+0000][10967.432s][info ][safepoint     ] Leaving safepoint region
[2023-10-30T22:33:23.051+0000][10967.433s][info ][safepoint     ] Total time for which application threads were stopped: 0.0014397 seconds, Stopping threads took: 0.0005170 seconds
[2023-10-30T22:33:24.052+0000][10968.434s][debug][safepoint     ] Safepoint synchronization initiated. (184 threads)
[2023-10-30T22:33:24.053+0000][10968.435s][info ][safepoint     ] Application time: 1.0009567 seconds
[2023-10-30T22:33:24.054+0000][10968.435s][info ][safepoint     ] Entering safepoint region: Cleanup
[2023-10-30T22:33:24.055+0000][10968.436s][info ][safepoint     ] Leaving safepoint region
[2023-10-30T22:33:24.055+0000][10968.437s][info ][safepoint     ] Total time for which application threads were stopped: 0.0016081 seconds, Stopping threads took: 0.0007453 seconds
[2023-10-30T22:33:25.056+0000][10969.438s][debug][safepoint     ] Safepoint synchronization initiated. (184 threads)
[2023-10-30T22:33:25.057+0000][10969.438s][info ][safepoint     ] Application time: 1.0007781 seconds
[2023-10-30T22:33:25.057+0000][10969.439s][info ][safepoint     ] Entering safepoint region: Cleanup
[2023-10-30T22:33:25.058+0000][10969.439s][info ][safepoint     ] Leaving safepoint region
[2023-10-30T22:33:25.058+0000][10969.440s][info ][safepoint     ] Total time for which application threads were stopped: 0.0010382 seconds, Stopping threads took: 0.0004922 seconds
[2023-10-30T22:33:26.059+0000][10970.440s][debug][safepoint     ] Safepoint synchronization initiated. (184 threads)
[2023-10-30T22:33:26.060+0000][10970.441s][info ][safepoint     ] Application time: 1.0012901 seconds
[2023-10-30T22:33:26.060+0000][10970.442s][info ][safepoint     ] Entering safepoint region: Cleanup
[2023-10-30T22:33:26.061+0000][10970.443s][info ][safepoint     ] Leaving safepoint region
[2023-10-30T22:33:26.062+0000][10970.443s][info ][safepoint     ] Total time for which application threads were stopped: 0.0013034 seconds, Stopping threads took: 0.0005432 seconds
[2023-10-30T22:33:27.062+0000][10971.444s][debug][safepoint     ] Safepoint synchronization initiated. (184 threads)
[2023-10-30T22:33:27.063+0000][10971.445s][info ][safepoint     ] Application time: 1.0012819 seconds
[2023-10-30T22:33:27.064+0000][10971.446s][info ][safepoint     ] Entering safepoint region: Cleanup
[2023-10-30T22:33:27.065+0000][10971.447s][info ][safepoint     ] Leaving safepoint region
[2023-10-30T22:33:27.066+0000][10971.448s][info ][safepoint     ] Total time for which application threads were stopped: 0.0020439 seconds, Stopping threads took: 0.0008863 seconds
[2023-10-30T22:33:28.067+0000][10972.449s][debug][safepoint     ] Safepoint synchronization initiated. (184 threads)
[2023-10-30T22:33:28.069+0000][10972.450s][info ][safepoint     ] Application time: 1.0015247 seconds
[2023-10-30T22:33:28.069+0000][10972.451s][info ][safepoint     ] Entering safepoint region: Cleanup
[2023-10-30T22:33:28.071+0000][10972.452s][info ][safepoint     ] Leaving safepoint region
[2023-10-30T22:33:28.071+0000][10972.453s][info ][safepoint     ] Total time for which application threads were stopped: 0.0020445 seconds, Stopping threads took: 0.0010664 seconds
[2023-10-30T22:33:29.072+0000][10973.454s][debug][safepoint     ] Safepoint synchronization initiated. (184 threads)
[2023-10-30T22:33:29.073+0000][10973.454s][info ][safepoint     ] Application time: 1.0006578 seconds
[2023-10-30T22:33:29.073+0000][10973.455s][info ][safepoint     ] Entering safepoint region: Cleanup
[2023-10-30T22:33:29.074+0000][10973.455s][info ][safepoint     ] Leaving safepoint region
[2023-10-30T22:33:29.074+0000][10973.455s][info ][safepoint     ] Total time for which application threads were stopped: 0.0008260 seconds, Stopping threads took: 0.0003747 seconds
[2023-10-30T22:33:30.074+0000][10974.456s][debug][safepoint     ] Safepoint synchronization initiated. (184 threads)
[2023-10-30T22:33:30.075+0000][10974.457s][info ][safepoint     ] Application time: 1.0009364 seconds
[2023-10-30T22:33:30.076+0000][10974.457s][info ][safepoint     ] Entering safepoint region: Cleanup
[2023-10-30T22:33:30.077+0000][10974.458s][info ][safepoint     ] Leaving safepoint region
[2023-10-30T22:33:30.077+0000][10974.459s][info ][safepoint     ] Total time for which application threads were stopped: 0.0013773 seconds, Stopping threads took: 0.0006311 seconds
[2023-10-30T22:33:31.078+0000][10975.459s][debug][safepoint     ] Safepoint synchronization initiated. (184 threads)
[2023-10-30T22:33:31.079+0000][10975.460s][info ][safepoint     ] Application time: 1.0011018 seconds
[2023-10-30T22:33:31.080+0000][10975.461s][info ][safepoint     ] Entering safepoint region: Cleanup
[2023-10-30T22:33:31.081+0000][10975.463s][info ][safepoint     ] Leaving safepoint region
[2023-10-30T22:33:31.082+0000][10975.463s][info ][safepoint     ] Total time for which application threads were stopped: 0.0020144 seconds, Stopping threads took: 0.0009902 seconds
[2023-10-30T22:33:32.083+0000][10976.464s][debug][safepoint     ] Safepoint synchronization initiated. (184 threads)
[2023-10-30T22:33:32.083+0000][10976.465s][info ][safepoint     ] Application time: 1.0006888 seconds
[2023-10-30T22:33:32.084+0000][10976.465s][info ][safepoint     ] Entering safepoint region: Cleanup
[2023-10-30T22:33:32.084+0000][10976.466s][info ][safepoint     ] Leaving safepoint region
[2023-10-30T22:33:32.084+0000][10976.466s][info ][safepoint     ] Total time for which application threads were stopped: 0.0008857 seconds, Stopping threads took: 0.0003386 seconds
[2023-10-30T22:33:33.085+0000][10977.467s][debug][safepoint     ] Safepoint synchronization initiated. (184 threads)
[2023-10-30T22:33:33.086+0000][10977.468s][info ][safepoint     ] Application time: 1.0013195 seconds
[2023-10-30T22:33:33.087+0000][10977.468s][debug][safepoint     ] ... found polling page return exception at pc = 0x00007f3160b78876, stub =0x00007f3158840600
[2023-10-30T22:33:33.087+0000][10977.469s][debug][safepoint     ] ... found polling page return exception at pc = 0x00007f31609c75c8, stub =0x00007f3158840600
[2023-10-30T22:33:33.089+0000][10977.470s][debug][safepoint     ] Waiting for 3 thread(s) to block
[2023-10-30T22:33:33.090+0000][10977.471s][info ][safepoint     ] Entering safepoint region: Cleanup
[2023-10-30T22:33:33.091+0000][10977.472s][info ][safepoint     ] Leaving safepoint region
[2023-10-30T22:33:33.091+0000][10977.473s][info ][safepoint     ] Total time for which application threads were stopped: 0.0044429 seconds, Stopping threads took: 0.0035747 seconds
[2023-10-30T22:33:34.092+0000][10978.474s][debug][safepoint     ] Safepoint synchronization initiated. (184 threads)
[2023-10-30T22:33:34.093+0000][10978.475s][info ][safepoint     ] Application time: 1.0012021 seconds
[2023-10-30T22:33:34.094+0000][10978.476s][info ][safepoint     ] Entering safepoint region: Cleanup
[2023-10-30T22:33:34.095+0000][10978.476s][info ][safepoint     ] Leaving safepoint region
[2023-10-30T22:33:34.095+0000][10978.477s][info ][safepoint     ] Total time for which application threads were stopped: 0.0013791 seconds, Stopping threads took: 0.0006244 seconds
[2023-10-30T22:33:35.096+0000][10979.478s][debug][safepoint     ] Safepoint synchronization initiated. (184 threads)
[2023-10-30T22:33:35.097+0000][10979.479s][info ][safepoint     ] Application time: 1.0009628 seconds
[2023-10-30T22:33:35.098+0000][10979.479s][info ][safepoint     ] Entering safepoint region: Cleanup
[2023-10-30T22:33:35.098+0000][10979.480s][info ][safepoint     ] Leaving safepoint region
[2023-10-30T22:33:35.099+0000][10979.480s][info ][safepoint     ] Total time for which application threads were stopped: 0.0010301 seconds, Stopping threads took: 0.0003994 seconds
[2023-10-30T22:33:36.099+0000][10980.481s][debug][safepoint     ] Safepoint synchronization initiated. (184 threads)
[2023-10-30T22:33:36.100+0000][10980.481s][info ][safepoint     ] Application time: 1.0006168 seconds
[2023-10-30T22:33:36.100+0000][10980.482s][info ][safepoint     ] Entering safepoint region: Cleanup
[2023-10-30T22:33:36.100+0000][10980.482s][info ][safepoint     ] Leaving safepoint region
[2023-10-30T22:33:36.101+0000][10980.482s][info ][safepoint     ] Total time for which application threads were stopped: 0.0008619 seconds, Stopping threads took: 0.0003597 seconds
[2023-10-30T22:33:37.101+0000][10981.483s][debug][safepoint     ] Safepoint synchronization initiated. (184 threads)
[2023-10-30T22:33:37.102+0000][10981.484s][info ][safepoint     ] Application time: 1.0011053 seconds
[2023-10-30T22:33:37.103+0000][10981.484s][info ][safepoint     ] Entering safepoint region: Cleanup
[2023-10-30T22:33:37.103+0000][10981.485s][info ][safepoint     ] Leaving safepoint region
[2023-10-30T22:33:37.104+0000][10981.485s][info ][safepoint     ] Total time for which application threads were stopped: 0.0009385 seconds, Stopping threads took: 0.0003544 seconds
[2023-10-30T22:33:38.104+0000][10982.486s][debug][safepoint     ] Safepoint synchronization initiated. (184 threads)
[2023-10-30T22:33:38.104+0000][10982.486s][info ][safepoint     ] Application time: 1.0006305 seconds
[2023-10-30T22:33:38.105+0000][10982.487s][info ][safepoint     ] Entering safepoint region: Cleanup
[2023-10-30T22:33:38.106+0000][10982.488s][info ][safepoint     ] Leaving safepoint region
[2023-10-30T22:33:38.108+0000][10982.489s][info ][safepoint     ] Total time for which application threads were stopped: 0.0028426 seconds, Stopping threads took: 0.0006219 seconds
[2023-10-30T22:33:39.109+0000][10983.490s][debug][safepoint     ] Safepoint synchronization initiated. (184 threads)
[2023-10-30T22:33:39.109+0000][10983.491s][info ][safepoint     ] Application time: 1.0006583 seconds
[2023-10-30T22:33:39.110+0000][10983.491s][info ][safepoint     ] Entering safepoint region: Cleanup
[2023-10-30T22:33:39.110+0000][10983.492s][info ][safepoint     ] Leaving safepoint region
[2023-10-30T22:33:39.110+0000][10983.492s][info ][safepoint     ] Total time for which application threads were stopped: 0.0009490 seconds, Stopping threads took: 0.0003957 seconds
[2023-10-30T22:33:40.111+0000][10984.493s][debug][safepoint     ] Safepoint synchronization initiated. (184 threads)
[2023-10-30T22:33:40.112+0000][10984.493s][info ][safepoint     ] Application time: 1.0008062 seconds
[2023-10-30T22:33:40.112+0000][10984.493s][info ][safepoint     ] Entering safepoint region: Cleanup
[2023-10-30T22:33:40.112+0000][10984.494s][info ][safepoint     ] Leaving safepoint region
[2023-10-30T22:33:40.113+0000][10984.494s][info ][safepoint     ] Total time for which application threads were stopped: 0.0009344 seconds, Stopping threads took: 0.0003278 seconds
[2023-10-30T22:33:41.113+0000][10985.495s][debug][safepoint     ] Safepoint synchronization initiated. (184 threads)
[2023-10-30T22:33:41.114+0000][10985.496s][info ][safepoint     ] Application time: 1.0008383 seconds
[2023-10-30T22:33:41.115+0000][10985.496s][info ][safepoint     ] Entering safepoint region: Cleanup
[2023-10-30T22:33:41.115+0000][10985.497s][info ][safepoint     ] Leaving safepoint region
[2023-10-30T22:33:41.116+0000][10985.497s][info ][safepoint     ] Total time for which application threads were stopped: 0.0012319 seconds, Stopping threads took: 0.0005283 seconds
[2023-10-30T22:33:42.116+0000][10986.498s][debug][safepoint     ] Safepoint synchronization initiated. (183 threads)
[2023-10-30T22:33:42.117+0000][10986.498s][info ][safepoint     ] Application time: 1.0005777 seconds
[2023-10-30T22:33:42.117+0000][10986.499s][info ][safepoint     ] Entering safepoint region: Cleanup
[2023-10-30T22:33:42.118+0000][10986.499s][info ][safepoint     ] Leaving safepoint region
[2023-10-30T22:33:42.118+0000][10986.500s][info ][safepoint     ] Total time for which application threads were stopped: 0.0009842 seconds, Stopping threads took: 0.0004338 seconds
[2023-10-30T22:33:43.119+0000][10987.500s][debug][safepoint     ] Safepoint synchronization initiated. (183 threads)
[2023-10-30T22:33:43.119+0000][10987.501s][info ][safepoint     ] Application time: 1.0005292 seconds
[2023-10-30T22:33:43.119+0000][10987.501s][info ][safepoint     ] Entering safepoint region: Cleanup
[2023-10-30T22:33:43.120+0000][10987.501s][info ][safepoint     ] Leaving safepoint region
[2023-10-30T22:33:43.120+0000][10987.502s][info ][safepoint     ] Total time for which application threads were stopped: 0.0008215 seconds, Stopping threads took: 0.0003358 seconds
[2023-10-30T22:33:44.121+0000][10988.502s][debug][safepoint     ] Safepoint synchronization initiated. (183 threads)
[2023-10-30T22:33:44.121+0000][10988.503s][info ][safepoint     ] Application time: 1.0009072 seconds
[2023-10-30T22:33:44.122+0000][10988.503s][info ][safepoint     ] Entering safepoint region: Cleanup
[2023-10-30T22:33:44.123+0000][10988.504s][info ][safepoint     ] Leaving safepoint region
[2023-10-30T22:33:44.123+0000][10988.505s][info ][safepoint     ] Total time for which application threads were stopped: 0.0012952 seconds, Stopping threads took: 0.0005533 seconds
[2023-10-30T22:33:45.124+0000][10989.505s][debug][safepoint     ] Safepoint synchronization initiated. (184 threads)
[2023-10-30T22:33:45.124+0000][10989.506s][info ][safepoint     ] Application time: 1.0006442 seconds
[2023-10-30T22:33:45.125+0000][10989.506s][info ][safepoint     ] Entering safepoint region: Cleanup
[2023-10-30T22:33:45.125+0000][10989.507s][info ][safepoint     ] Leaving safepoint region
[2023-10-30T22:33:45.126+0000][10989.507s][info ][safepoint     ] Total time for which application threads were stopped: 0.0008701 seconds, Stopping threads took: 0.0003405 seconds
[2023-10-30T22:33:46.126+0000][10990.508s][debug][safepoint     ] Safepoint synchronization initiated. (184 threads)
[2023-10-30T22:33:46.127+0000][10990.508s][info ][safepoint     ] Application time: 1.0008037 seconds
[2023-10-30T22:33:46.127+0000][10990.509s][info ][safepoint     ] Entering safepoint region: Cleanup
[2023-10-30T22:33:46.128+0000][10990.510s][info ][safepoint     ] Leaving safepoint region
[2023-10-30T22:33:46.129+0000][10990.510s][info ][safepoint     ] Total time for which application threads were stopped: 0.0013205 seconds, Stopping threads took: 0.0005227 seconds
[2023-10-30T22:33:47.129+0000][10991.511s][debug][safepoint     ] Safepoint synchronization initiated. (184 threads)
[2023-10-30T22:33:47.130+0000][10991.511s][info ][safepoint     ] Application time: 1.0005079 seconds
[2023-10-30T22:33:47.130+0000][10991.511s][info ][safepoint     ] Entering safepoint region: Cleanup
[2023-10-30T22:33:47.130+0000][10991.512s][info ][safepoint     ] Leaving safepoint region
[2023-10-30T22:33:47.131+0000][10991.512s][info ][safepoint     ] Total time for which application threads were stopped: 0.0008010 seconds, Stopping threads took: 0.0003011 seconds
[2023-10-30T22:33:47.130+0000][10991.512s][debug][safepoint     ] ... found polling page return exception at pc = 0x00007f3160b83dc4, stub =0x00007f3158840600
[2023-10-30T22:33:47.130+0000][10991.512s][debug][safepoint     ] ... found polling page return exception at pc = 0x00007f3160b83dc4, stub =0x00007f3158840600
[2023-10-30T22:33:48.131+0000][10992.513s][debug][safepoint     ] Safepoint synchronization initiated. (184 threads)
[2023-10-30T22:33:48.131+0000][10992.513s][info ][safepoint     ] Application time: 1.0005396 seconds
[2023-10-30T22:33:48.132+0000][10992.513s][info ][safepoint     ] Entering safepoint region: Cleanup
[2023-10-30T22:33:48.132+0000][10992.514s][info ][safepoint     ] Leaving safepoint region
[2023-10-30T22:33:48.133+0000][10992.514s][info ][safepoint     ] Total time for which application threads were stopped: 0.0008103 seconds, Stopping threads took: 0.0003563 seconds
[2023-10-30T22:33:49.133+0000][10993.515s][debug][safepoint     ] Safepoint synchronization initiated. (184 threads)
[2023-10-30T22:33:49.134+0000][10993.515s][info ][safepoint     ] Application time: 1.0009241 seconds
[2023-10-30T22:33:49.134+0000][10993.516s][info ][safepoint     ] Entering safepoint region: Cleanup
[2023-10-30T22:33:49.135+0000][10993.517s][info ][safepoint     ] Leaving safepoint region
[2023-10-30T22:33:49.136+0000][10993.517s][info ][safepoint     ] Total time for which application threads were stopped: 0.0013448 seconds, Stopping threads took: 0.0006672 seconds
[2023-10-30T22:33:50.136+0000][10994.518s][debug][safepoint     ] Safepoint synchronization initiated. (184 threads)
[2023-10-30T22:33:50.137+0000][10994.519s][info ][safepoint     ] Application time: 1.0008623 seconds
[2023-10-30T22:33:50.138+0000][10994.519s][info ][safepoint     ] Entering safepoint region: Cleanup
[2023-10-30T22:33:50.138+0000][10994.520s][info ][safepoint     ] Leaving safepoint region
[2023-10-30T22:33:50.139+0000][10994.520s][info ][safepoint     ] Total time for which application threads were stopped: 0.0011544 seconds, Stopping threads took: 0.0005078 seconds
[2023-10-30T22:33:51.140+0000][10995.521s][debug][safepoint     ] Safepoint synchronization initiated. (184 threads)
[2023-10-30T22:33:51.140+0000][10995.522s][info ][safepoint     ] Application time: 1.0011123 seconds
[2023-10-30T22:33:51.141+0000][10995.523s][info ][safepoint     ] Entering safepoint region: Cleanup
[2023-10-30T22:33:51.142+0000][10995.523s][info ][safepoint     ] Leaving safepoint region
[2023-10-30T22:33:51.142+0000][10995.524s][info ][safepoint     ] Total time for which application threads were stopped: 0.0012063 seconds, Stopping threads took: 0.0005101 seconds
[2023-10-30T22:33:52.143+0000][10996.524s][debug][safepoint     ] Safepoint synchronization initiated. (184 threads)
[2023-10-30T22:33:52.143+0000][10996.525s][info ][safepoint     ] Application time: 1.0006135 seconds
[2023-10-30T22:33:52.144+0000][10996.525s][info ][safepoint     ] Entering safepoint region: Cleanup
[2023-10-30T22:33:52.144+0000][10996.526s][info ][safepoint     ] Leaving safepoint region
[2023-10-30T22:33:52.144+0000][10996.526s][info ][safepoint     ] Total time for which application threads were stopped: 0.0008047 seconds, Stopping threads took: 0.0003263 seconds
[2023-10-30T22:33:53.145+0000][10997.526s][debug][safepoint     ] Safepoint synchronization initiated. (184 threads)
[2023-10-30T22:33:53.146+0000][10997.527s][info ][safepoint     ] Application time: 1.0008655 seconds
[2023-10-30T22:33:53.146+0000][10997.528s][info ][safepoint     ] Entering safepoint region: Cleanup
[2023-10-30T22:33:53.147+0000][10997.528s][info ][safepoint     ] Leaving safepoint region
[2023-10-30T22:33:53.147+0000][10997.529s][info ][safepoint     ] Total time for which application threads were stopped: 0.0012963 seconds, Stopping threads took: 0.0005709 seconds
[2023-10-30T22:33:54.147+0000][10998.530s][debug][safepoint     ] Safepoint synchronization initiated. (184 threads)
[2023-10-30T22:33:54.148+0000][10998.530s][info ][safepoint     ] Application time: 1.0005883 seconds
[2023-10-30T22:33:54.148+0000][10998.530s][info ][safepoint     ] Entering safepoint region: Cleanup
[2023-10-30T22:33:54.148+0000][10998.531s][info ][safepoint     ] Leaving safepoint region
[2023-10-30T22:33:54.149+0000][10998.531s][info ][safepoint     ] Total time for which application threads were stopped: 0.0007940 seconds, Stopping threads took: 0.0003065 seconds
[2023-10-30T22:33:55.149+0000][10999.532s][debug][safepoint     ] Safepoint synchronization initiated. (184 threads)
[2023-10-30T22:33:55.150+0000][10999.532s][info ][safepoint     ] Application time: 1.0007358 seconds
[2023-10-30T22:33:55.150+0000][10999.533s][info ][safepoint     ] Entering safepoint region: Cleanup
[2023-10-30T22:33:55.151+0000][10999.533s][info ][safepoint     ] Leaving safepoint region
[2023-10-30T22:33:55.151+0000][10999.533s][info ][safepoint     ] Total time for which application threads were stopped: 0.0009503 seconds, Stopping threads took: 0.0004189 seconds
[2023-10-30T22:33:56.151+0000][11000.534s][debug][safepoint     ] Safepoint synchronization initiated. (184 threads)
[2023-10-30T22:33:56.152+0000][11000.534s][info ][safepoint     ] Application time: 1.0006695 seconds
[2023-10-30T22:33:56.152+0000][11000.535s][info ][safepoint     ] Entering safepoint region: Cleanup
[2023-10-30T22:33:56.153+0000][11000.535s][info ][safepoint     ] Leaving safepoint region
[2023-10-30T22:33:56.153+0000][11000.536s][info ][safepoint     ] Total time for which application threads were stopped: 0.0010025 seconds, Stopping threads took: 0.0003894 seconds
[2023-10-30T22:33:57.154+0000][11001.536s][debug][safepoint     ] Safepoint synchronization initiated. (184 threads)
[2023-10-30T22:33:57.155+0000][11001.537s][info ][safepoint     ] Application time: 1.0010786 seconds
[2023-10-30T22:33:57.156+0000][11001.538s][info ][safepoint     ] Entering safepoint region: Cleanup
[2023-10-30T22:33:57.156+0000][11001.539s][info ][safepoint     ] Leaving safepoint region
[2023-10-30T22:33:57.157+0000][11001.539s][info ][safepoint     ] Total time for which application threads were stopped: 0.0013226 seconds, Stopping threads took: 0.0006156 seconds
[2023-10-30T22:33:58.157+0000][11002.540s][debug][safepoint     ] Safepoint synchronization initiated. (184 threads)
[2023-10-30T22:33:58.158+0000][11002.540s][info ][safepoint     ] Application time: 1.0005762 seconds
[2023-10-30T22:33:58.158+0000][11002.541s][info ][safepoint     ] Entering safepoint region: Cleanup
[2023-10-30T22:33:58.159+0000][11002.541s][info ][safepoint     ] Leaving safepoint region
[2023-10-30T22:33:58.159+0000][11002.541s][info ][safepoint     ] Total time for which application threads were stopped: 0.0007803 seconds, Stopping threads took: 0.0002972 seconds
[2023-10-30T22:33:59.160+0000][11003.542s][debug][safepoint     ] Safepoint synchronization initiated. (184 threads)
[2023-10-30T22:33:59.160+0000][11003.543s][info ][safepoint     ] Application time: 1.0010945 seconds
[2023-10-30T22:33:59.161+0000][11003.543s][info ][safepoint     ] Entering safepoint region: Cleanup
[2023-10-30T22:33:59.162+0000][11003.544s][info ][safepoint     ] Leaving safepoint region
[2023-10-30T22:33:59.162+0000][11003.544s][info ][safepoint     ] Total time for which application threads were stopped: 0.0011750 seconds, Stopping threads took: 0.0004792 seconds
[2023-10-30T22:34:00.163+0000][11004.545s][debug][safepoint     ] Safepoint synchronization initiated. (184 threads)
[2023-10-30T22:34:00.163+0000][11004.546s][info ][safepoint     ] Application time: 1.0009174 seconds
[2023-10-30T22:34:00.164+0000][11004.547s][info ][safepoint     ] Entering safepoint region: Cleanup
[2023-10-30T22:34:00.165+0000][11004.547s][info ][safepoint     ] Leaving safepoint region
[2023-10-30T22:34:00.165+0000][11004.548s][info ][safepoint     ] Total time for which application threads were stopped: 0.0013202 seconds, Stopping threads took: 0.0005949 seconds
[2023-10-30T22:34:01.166+0000][11005.549s][debug][safepoint     ] Safepoint synchronization initiated. (184 threads)
[2023-10-30T22:34:01.167+0000][11005.549s][info ][safepoint     ] Application time: 1.0009627 seconds
[2023-10-30T22:34:01.167+0000][11005.550s][info ][safepoint     ] Entering safepoint region: Cleanup
[2023-10-30T22:34:01.168+0000][11005.551s][info ][safepoint     ] Leaving safepoint region
[2023-10-30T22:34:01.169+0000][11005.551s][info ][safepoint     ] Total time for which application threads were stopped: 0.0013896 seconds, Stopping threads took: 0.0005521 seconds
[2023-10-30T22:34:02.170+0000][11006.552s][debug][safepoint     ] Safepoint synchronization initiated. (184 threads)
[2023-10-30T22:34:02.170+0000][11006.553s][info ][safepoint     ] Application time: 1.0010575 seconds
[2023-10-30T22:34:02.171+0000][11006.554s][info ][safepoint     ] Entering safepoint region: Cleanup
[2023-10-30T22:34:02.172+0000][11006.555s][info ][safepoint     ] Leaving safepoint region
[2023-10-30T22:34:02.173+0000][11006.555s][info ][safepoint     ] Total time for which application threads were stopped: 0.0015993 seconds, Stopping threads took: 0.0007904 seconds
[2023-10-30T22:34:03.174+0000][11007.556s][debug][safepoint     ] Safepoint synchronization initiated. (184 threads)
[2023-10-30T22:34:03.175+0000][11007.557s][info ][safepoint     ] Application time: 1.0009817 seconds
[2023-10-30T22:34:03.175+0000][11007.558s][info ][safepoint     ] Entering safepoint region: Cleanup
[2023-10-30T22:34:03.176+0000][11007.559s][info ][safepoint     ] Leaving safepoint region
[2023-10-30T22:34:03.177+0000][11007.559s][info ][safepoint     ] Total time for which application threads were stopped: 0.0015631 seconds, Stopping threads took: 0.0006916 seconds
[2023-10-30T22:34:04.178+0000][11008.560s][debug][safepoint     ] Safepoint synchronization initiated. (184 threads)
[2023-10-30T22:34:04.179+0000][11008.561s][info ][safepoint     ] Application time: 1.0012447 seconds
[2023-10-30T22:34:04.180+0000][11008.562s][info ][safepoint     ] Entering safepoint region: Cleanup
[2023-10-30T22:34:04.181+0000][11008.563s][info ][safepoint     ] Leaving safepoint region
[2023-10-30T22:34:04.182+0000][11008.564s][info ][safepoint     ] Total time for which application threads were stopped: 0.0019173 seconds, Stopping threads took: 0.0008483 seconds
[2023-10-30T22:34:05.183+0000][11009.565s][debug][safepoint     ] Safepoint synchronization initiated. (184 threads)
[2023-10-30T22:34:05.183+0000][11009.566s][info ][safepoint     ] Application time: 1.0012036 seconds
[2023-10-30T22:34:05.184+0000][11009.567s][info ][safepoint     ] Entering safepoint region: Cleanup
[2023-10-30T22:34:05.185+0000][11009.568s][info ][safepoint     ] Leaving safepoint region
[2023-10-30T22:34:05.186+0000][11009.568s][info ][safepoint     ] Total time for which application threads were stopped: 0.0016031 seconds, Stopping threads took: 0.0007303 seconds
[2023-10-30T22:34:06.186+0000][11010.569s][debug][safepoint     ] Safepoint synchronization initiated. (184 threads)
[2023-10-30T22:34:06.187+0000][11010.569s][info ][safepoint     ] Application time: 1.0007653 seconds
[2023-10-30T22:34:06.188+0000][11010.570s][info ][safepoint     ] Entering safepoint region: Cleanup
[2023-10-30T22:34:06.188+0000][11010.571s][info ][safepoint     ] Leaving safepoint region
[2023-10-30T22:34:06.189+0000][11010.571s][info ][safepoint     ] Total time for which application threads were stopped: 0.0014336 seconds, Stopping threads took: 0.0005771 seconds
[2023-10-30T22:34:07.190+0000][11011.572s][debug][safepoint     ] Safepoint synchronization initiated. (184 threads)
[2023-10-30T22:34:07.191+0000][11011.573s][info ][safepoint     ] Application time: 1.0011534 seconds
[2023-10-30T22:34:07.191+0000][11011.574s][info ][safepoint     ] Entering safepoint region: Cleanup
[2023-10-30T22:34:07.192+0000][11011.575s][info ][safepoint     ] Leaving safepoint region
[2023-10-30T22:34:07.193+0000][11011.576s][info ][safepoint     ] Total time for which application threads were stopped: 0.0019197 seconds, Stopping threads took: 0.0007690 seconds
[2023-10-30T22:34:08.194+0000][11012.577s][debug][safepoint     ] Safepoint synchronization initiated. (184 threads)
[2023-10-30T22:34:08.195+0000][11012.578s][info ][safepoint     ] Application time: 1.0014939 seconds
[2023-10-30T22:34:08.196+0000][11012.579s][info ][safepoint     ] Entering safepoint region: Cleanup
[2023-10-30T22:34:08.198+0000][11012.580s][info ][safepoint     ] Leaving safepoint region
[2023-10-30T22:34:08.199+0000][11012.581s][info ][safepoint     ] Total time for which application threads were stopped: 0.0024795 seconds, Stopping threads took: 0.0010832 seconds
[2023-10-30T22:34:09.200+0000][11013.582s][debug][safepoint     ] Safepoint synchronization initiated. (184 threads)
[2023-10-30T22:34:09.201+0000][11013.584s][info ][safepoint     ] Application time: 1.0014769 seconds
[2023-10-30T22:34:09.203+0000][11013.585s][debug][safepoint     ] ... found polling page return exception at pc = 0x00007f3160e13498, stub =0x00007f3158840600
[2023-10-30T22:34:09.204+0000][11013.586s][debug][safepoint     ] Waiting for 1 thread(s) to block
[2023-10-30T22:34:09.205+0000][11013.587s][info ][safepoint     ] Entering safepoint region: Cleanup
[2023-10-30T22:34:09.206+0000][11013.588s][info ][safepoint     ] Leaving safepoint region
[2023-10-30T22:34:09.207+0000][11013.589s][info ][safepoint     ] Total time for which application threads were stopped: 0.0042846 seconds, Stopping threads took: 0.0034624 seconds
[2023-10-30T22:34:10.207+0000][11014.590s][debug][safepoint     ] Safepoint synchronization initiated. (184 threads)
[2023-10-30T22:34:10.208+0000][11014.590s][info ][safepoint     ] Application time: 1.0009137 seconds
[2023-10-30T22:34:10.209+0000][11014.591s][info ][safepoint     ] Entering safepoint region: Cleanup
[2023-10-30T22:34:10.209+0000][11014.592s][info ][safepoint     ] Leaving safepoint region
[2023-10-30T22:34:10.210+0000][11014.592s][info ][safepoint     ] Total time for which application threads were stopped: 0.0015110 seconds, Stopping threads took: 0.0006613 seconds
[2023-10-30T22:34:11.211+0000][11015.593s][debug][safepoint     ] Safepoint synchronization initiated. (184 threads)
[2023-10-30T22:34:11.212+0000][11015.594s][info ][safepoint     ] Application time: 1.0008784 seconds
[2023-10-30T22:34:11.212+0000][11015.595s][info ][safepoint     ] Entering safepoint region: Cleanup
[2023-10-30T22:34:11.213+0000][11015.595s][info ][safepoint     ] Leaving safepoint region
[2023-10-30T22:34:11.213+0000][11015.596s][info ][safepoint     ] Total time for which application threads were stopped: 0.0012887 seconds, Stopping threads took: 0.0006188 seconds
[2023-10-30T22:34:12.214+0000][11016.597s][debug][safepoint     ] Safepoint synchronization initiated. (184 threads)
[2023-10-30T22:34:12.215+0000][11016.597s][info ][safepoint     ] Application time: 1.0010514 seconds
[2023-10-30T22:34:12.216+0000][11016.598s][info ][safepoint     ] Entering safepoint region: Cleanup
[2023-10-30T22:34:12.217+0000][11016.599s][info ][safepoint     ] Leaving safepoint region
[2023-10-30T22:34:12.217+0000][11016.600s][info ][safepoint     ] Total time for which application threads were stopped: 0.0015260 seconds, Stopping threads took: 0.0005875 seconds
[2023-10-30T22:34:13.218+0000][11017.600s][debug][safepoint     ] Safepoint synchronization initiated. (184 threads)
[2023-10-30T22:34:13.219+0000][11017.602s][info ][safepoint     ] Application time: 1.0011963 seconds
[2023-10-30T22:34:13.220+0000][11017.602s][info ][safepoint     ] Entering safepoint region: Cleanup
[2023-10-30T22:34:13.221+0000][11017.603s][info ][safepoint     ] Leaving safepoint region
[2023-10-30T22:34:13.221+0000][11017.604s][info ][safepoint     ] Total time for which application threads were stopped: 0.0015099 seconds, Stopping threads took: 0.0006173 seconds
[2023-10-30T22:34:14.222+0000][11018.605s][debug][safepoint     ] Safepoint synchronization initiated. (184 threads)
[2023-10-30T22:34:14.223+0000][11018.606s][info ][safepoint     ] Application time: 1.0012829 seconds
[2023-10-30T22:34:14.224+0000][11018.607s][info ][safepoint     ] Entering safepoint region: Cleanup
[2023-10-30T22:34:14.226+0000][11018.608s][info ][safepoint     ] Leaving safepoint region
[2023-10-30T22:34:14.226+0000][11018.609s][info ][safepoint     ] Total time for which application threads were stopped: 0.0020831 seconds, Stopping threads took: 0.0009137 seconds
[2023-10-30T22:34:15.228+0000][11019.610s][debug][safepoint     ] Safepoint synchronization initiated. (184 threads)
[2023-10-30T22:34:15.229+0000][11019.611s][info ][safepoint     ] Application time: 1.0014287 seconds
[2023-10-30T22:34:15.230+0000][11019.612s][info ][safepoint     ] Entering safepoint region: Cleanup
[2023-10-30T22:34:15.231+0000][11019.613s][info ][safepoint     ] Leaving safepoint region
[2023-10-30T22:34:15.232+0000][11019.614s][info ][safepoint     ] Total time for which application threads were stopped: 0.0021926 seconds, Stopping threads took: 0.0010357 seconds
[2023-10-30T22:34:16.233+0000][11020.615s][debug][safepoint     ] Safepoint synchronization initiated. (184 threads)
[2023-10-30T22:34:16.233+0000][11020.616s][info ][safepoint     ] Application time: 1.0008769 seconds
[2023-10-30T22:34:16.234+0000][11020.616s][info ][safepoint     ] Entering safepoint region: Cleanup
[2023-10-30T22:34:16.235+0000][11020.617s][info ][safepoint     ] Leaving safepoint region
[2023-10-30T22:34:16.235+0000][11020.618s][info ][safepoint     ] Total time for which application threads were stopped: 0.0012626 seconds, Stopping threads took: 0.0005663 seconds
[2023-10-30T22:34:17.236+0000][11021.618s][debug][safepoint     ] Safepoint synchronization initiated. (184 threads)
[2023-10-30T22:34:17.237+0000][11021.619s][info ][safepoint     ] Application time: 1.0012394 seconds
[2023-10-30T22:34:17.238+0000][11021.620s][debug][safepoint     ] ... found polling page return exception at pc = 0x00007f3160ab34f4, stub =0x00007f3158840600
[2023-10-30T22:34:17.238+0000][11021.621s][debug][safepoint     ] ... found polling page return exception at pc = 0x00007f3160b78876, stub =0x00007f3158840600
[2023-10-30T22:34:17.240+0000][11021.622s][debug][safepoint     ] Waiting for 3 thread(s) to block
[2023-10-30T22:34:17.241+0000][11021.623s][info ][safepoint     ] Entering safepoint region: Cleanup
[2023-10-30T22:34:17.242+0000][11021.624s][info ][safepoint     ] Leaving safepoint region
[2023-10-30T22:34:17.242+0000][11021.625s][info ][safepoint     ] Total time for which application threads were stopped: 0.0046930 seconds, Stopping threads took: 0.0037893 seconds
[2023-10-30T22:34:18.243+0000][11022.626s][debug][safepoint     ] Safepoint synchronization initiated. (184 threads)
[2023-10-30T22:34:18.245+0000][11022.627s][info ][safepoint     ] Application time: 1.0016005 seconds
[2023-10-30T22:34:18.246+0000][11022.628s][info ][safepoint     ] Entering safepoint region: Cleanup
[2023-10-30T22:34:18.247+0000][11022.630s][info ][safepoint     ] Leaving safepoint region
[2023-10-30T22:34:18.248+0000][11022.630s][info ][safepoint     ] Total time for which application threads were stopped: 0.0023288 seconds, Stopping threads took: 0.0011394 seconds
[2023-10-30T22:34:19.249+0000][11023.631s][debug][safepoint     ] Safepoint synchronization initiated. (184 threads)
[2023-10-30T22:34:19.250+0000][11023.632s][info ][safepoint     ] Application time: 1.0009991 seconds
[2023-10-30T22:34:19.250+0000][11023.633s][info ][safepoint     ] Entering safepoint region: Cleanup
[2023-10-30T22:34:19.251+0000][11023.633s][info ][safepoint     ] Leaving safepoint region
[2023-10-30T22:34:19.251+0000][11023.634s][info ][safepoint     ] Total time for which application threads were stopped: 0.0013239 seconds, Stopping threads took: 0.0005764 seconds
[2023-10-30T22:34:20.252+0000][11024.635s][debug][safepoint     ] Safepoint synchronization initiated. (184 threads)
[2023-10-30T22:34:20.253+0000][11024.635s][info ][safepoint     ] Application time: 1.0010201 seconds
[2023-10-30T22:34:20.254+0000][11024.636s][info ][safepoint     ] Entering safepoint region: Cleanup
[2023-10-30T22:34:20.254+0000][11024.637s][info ][safepoint     ] Leaving safepoint region
[2023-10-30T22:34:20.255+0000][11024.637s][info ][safepoint     ] Total time for which application threads were stopped: 0.0012122 seconds, Stopping threads took: 0.0005509 seconds
[2023-10-30T22:34:21.256+0000][11025.638s][debug][safepoint     ] Safepoint synchronization initiated. (184 threads)
[2023-10-30T22:34:21.257+0000][11025.639s][info ][safepoint     ] Application time: 1.0014225 seconds
[2023-10-30T22:34:21.258+0000][11025.640s][info ][safepoint     ] Entering safepoint region: Cleanup
[2023-10-30T22:34:21.259+0000][11025.642s][info ][safepoint     ] Leaving safepoint region
[2023-10-30T22:34:21.260+0000][11025.643s][info ][safepoint     ] Total time for which application threads were stopped: 0.0023534 seconds, Stopping threads took: 0.0012309 seconds
[2023-10-30T22:34:22.261+0000][11026.644s][debug][safepoint     ] Safepoint synchronization initiated. (184 threads)
[2023-10-30T22:34:22.262+0000][11026.644s][info ][safepoint     ] Application time: 1.0010760 seconds
[2023-10-30T22:34:22.263+0000][11026.645s][info ][safepoint     ] Entering safepoint region: Cleanup
[2023-10-30T22:34:22.264+0000][11026.646s][info ][safepoint     ] Leaving safepoint region
[2023-10-30T22:34:22.265+0000][11026.647s][info ][safepoint     ] Total time for which application threads were stopped: 0.0017224 seconds, Stopping threads took: 0.0007129 seconds
[2023-10-30T22:34:23.266+0000][11027.648s][debug][safepoint     ] Safepoint synchronization initiated. (184 threads)
[2023-10-30T22:34:23.266+0000][11027.649s][info ][safepoint     ] Application time: 1.0011506 seconds
[2023-10-30T22:34:23.267+0000][11027.649s][info ][safepoint     ] Entering safepoint region: Cleanup
[2023-10-30T22:34:23.268+0000][11027.650s][info ][safepoint     ] Leaving safepoint region
[2023-10-30T22:34:23.269+0000][11027.651s][info ][safepoint     ] Total time for which application threads were stopped: 0.0015201 seconds, Stopping threads took: 0.0006856 seconds
[2023-10-30T22:34:24.270+0000][11028.652s][debug][safepoint     ] Safepoint synchronization initiated. (184 threads)
[2023-10-30T22:34:24.271+0000][11028.653s][info ][safepoint     ] Application time: 1.0012571 seconds
[2023-10-30T22:34:24.272+0000][11028.654s][info ][safepoint     ] Entering safepoint region: Cleanup
[2023-10-30T22:34:24.273+0000][11028.655s][info ][safepoint     ] Leaving safepoint region
[2023-10-30T22:34:24.274+0000][11028.655s][info ][safepoint     ] Total time for which application threads were stopped: 0.0017729 seconds, Stopping threads took: 0.0007342 seconds
[2023-10-30T22:34:25.275+0000][11029.656s][debug][safepoint     ] Safepoint synchronization initiated. (184 threads)
[2023-10-30T22:34:25.275+0000][11029.657s][info ][safepoint     ] Application time: 1.0007982 seconds
[2023-10-30T22:34:25.276+0000][11029.658s][info ][safepoint     ] Entering safepoint region: Cleanup
[2023-10-30T22:34:25.277+0000][11029.658s][info ][safepoint     ] Leaving safepoint region
[2023-10-30T22:34:25.277+0000][11029.659s][info ][safepoint     ] Total time for which application threads were stopped: 0.0013962 seconds, Stopping threads took: 0.0006237 seconds
[2023-10-30T22:34:26.278+0000][11030.659s][debug][safepoint     ] Safepoint synchronization initiated. (184 threads)
[2023-10-30T22:34:26.278+0000][11030.660s][info ][safepoint     ] Application time: 1.0006396 seconds
[2023-10-30T22:34:26.279+0000][11030.660s][info ][safepoint     ] Entering safepoint region: Cleanup
[2023-10-30T22:34:26.279+0000][11030.661s][info ][safepoint     ] Leaving safepoint region
[2023-10-30T22:34:26.280+0000][11030.661s][info ][safepoint     ] Total time for which application threads were stopped: 0.0009309 seconds, Stopping threads took: 0.0004044 seconds
[2023-10-30T22:34:27.280+0000][11031.662s][debug][safepoint     ] Safepoint synchronization initiated. (184 threads)
[2023-10-30T22:34:27.281+0000][11031.663s][info ][safepoint     ] Application time: 1.0013024 seconds
[2023-10-30T22:34:27.282+0000][11031.664s][info ][safepoint     ] Entering safepoint region: Cleanup
[2023-10-30T22:34:27.283+0000][11031.665s][info ][safepoint     ] Leaving safepoint region
[2023-10-30T22:34:27.284+0000][11031.666s][info ][safepoint     ] Total time for which application threads were stopped: 0.0021298 seconds, Stopping threads took: 0.0009336 seconds
[2023-10-30T22:34:28.285+0000][11032.667s][debug][safepoint     ] Safepoint synchronization initiated. (184 threads)
[2023-10-30T22:34:28.286+0000][11032.668s][info ][safepoint     ] Application time: 1.0009401 seconds
[2023-10-30T22:34:28.286+0000][11032.668s][info ][safepoint     ] Entering safepoint region: Cleanup
[2023-10-30T22:34:28.287+0000][11032.669s][info ][safepoint     ] Leaving safepoint region
[2023-10-30T22:34:28.287+0000][11032.669s][info ][safepoint     ] Total time for which application threads were stopped: 0.0009220 seconds, Stopping threads took: 0.0004390 seconds
[2023-10-30T22:34:29.288+0000][11033.669s][debug][safepoint     ] Safepoint synchronization initiated. (184 threads)
[2023-10-30T22:34:29.288+0000][11033.670s][info ][safepoint     ] Application time: 1.0006653 seconds
[2023-10-30T22:34:29.289+0000][11033.671s][info ][safepoint     ] Entering safepoint region: Cleanup
[2023-10-30T22:34:29.290+0000][11033.672s][info ][safepoint     ] Leaving safepoint region
[2023-10-30T22:34:29.292+0000][11033.673s][info ][safepoint     ] Total time for which application threads were stopped: 0.0026454 seconds, Stopping threads took: 0.0008405 seconds
[2023-10-30T22:34:30.292+0000][11034.674s][debug][safepoint     ] Safepoint synchronization initiated. (184 threads)
[2023-10-30T22:34:30.293+0000][11034.675s][info ][safepoint     ] Application time: 1.0010351 seconds
[2023-10-30T22:34:30.294+0000][11034.676s][debug][safepoint     ] Waiting for 1 thread(s) to block
[2023-10-30T22:34:30.295+0000][11034.677s][info ][safepoint     ] Entering safepoint region: Cleanup
[2023-10-30T22:34:30.296+0000][11034.678s][info ][safepoint     ] Leaving safepoint region
[2023-10-30T22:34:30.297+0000][11034.679s][info ][safepoint     ] Total time for which application threads were stopped: 0.0030368 seconds, Stopping threads took: 0.0020048 seconds
[2023-10-30T22:34:31.298+0000][11035.680s][debug][safepoint     ] Safepoint synchronization initiated. (184 threads)
[2023-10-30T22:34:31.298+0000][11035.680s][info ][safepoint     ] Application time: 1.0004674 seconds
[2023-10-30T22:34:31.298+0000][11035.680s][info ][safepoint     ] Entering safepoint region: Cleanup
[2023-10-30T22:34:31.299+0000][11035.681s][info ][safepoint     ] Leaving safepoint region
[2023-10-30T22:34:31.299+0000][11035.681s][info ][safepoint     ] Total time for which application threads were stopped: 0.0009124 seconds, Stopping threads took: 0.0003079 seconds
[2023-10-30T22:34:32.300+0000][11036.682s][debug][safepoint     ] Safepoint synchronization initiated. (184 threads)
[2023-10-30T22:34:32.301+0000][11036.683s][info ][safepoint     ] Application time: 1.0013445 seconds
[2023-10-30T22:34:32.302+0000][11036.684s][info ][safepoint     ] Entering safepoint region: Cleanup
[2023-10-30T22:34:32.303+0000][11036.685s][info ][safepoint     ] Leaving safepoint region
[2023-10-30T22:34:32.304+0000][11036.686s][info ][safepoint     ] Total time for which application threads were stopped: 0.0021322 seconds, Stopping threads took: 0.0008937 seconds
[2023-10-30T22:34:33.305+0000][11037.687s][debug][safepoint     ] Safepoint synchronization initiated. (184 threads)
[2023-10-30T22:34:33.306+0000][11037.687s][info ][safepoint     ] Application time: 1.0008682 seconds
[2023-10-30T22:34:33.306+0000][11037.688s][info ][safepoint     ] Entering safepoint region: Cleanup
[2023-10-30T22:34:33.307+0000][11037.689s][info ][safepoint     ] Leaving safepoint region
[2023-10-30T22:34:33.307+0000][11037.689s][info ][safepoint     ] Total time for which application threads were stopped: 0.0013104 seconds, Stopping threads took: 0.0004933 seconds
[2023-10-30T22:34:34.308+0000][11038.690s][debug][safepoint     ] Safepoint synchronization initiated. (184 threads)
[2023-10-30T22:34:34.309+0000][11038.691s][info ][safepoint     ] Application time: 1.0013528 seconds
[2023-10-30T22:34:34.310+0000][11038.692s][info ][safepoint     ] Entering safepoint region: Cleanup
[2023-10-30T22:34:34.312+0000][11038.694s][info ][safepoint     ] Leaving safepoint region
[2023-10-30T22:34:34.312+0000][11038.694s][info ][safepoint     ] Total time for which application threads were stopped: 0.0020506 seconds, Stopping threads took: 0.0010279 seconds
[2023-10-30T22:34:35.313+0000][11039.695s][debug][safepoint     ] Safepoint synchronization initiated. (184 threads)
[2023-10-30T22:34:35.314+0000][11039.696s][info ][safepoint     ] Application time: 1.0005724 seconds
[2023-10-30T22:34:35.314+0000][11039.696s][info ][safepoint     ] Entering safepoint region: Cleanup
[2023-10-30T22:34:35.315+0000][11039.696s][info ][safepoint     ] Leaving safepoint region
[2023-10-30T22:34:35.315+0000][11039.697s][info ][safepoint     ] Total time for which application threads were stopped: 0.0009867 seconds, Stopping threads took: 0.0004068 seconds
[2023-10-30T22:34:36.316+0000][11040.697s][debug][safepoint     ] Safepoint synchronization initiated. (184 threads)
[2023-10-30T22:34:36.316+0000][11040.698s][info ][safepoint     ] Application time: 1.0005861 seconds
[2023-10-30T22:34:36.316+0000][11040.698s][info ][safepoint     ] Entering safepoint region: Cleanup
[2023-10-30T22:34:36.317+0000][11040.699s][info ][safepoint     ] Leaving safepoint region
[2023-10-30T22:34:36.317+0000][11040.699s][info ][safepoint     ] Total time for which application threads were stopped: 0.0011696 seconds, Stopping threads took: 0.0003585 seconds
[2023-10-30T22:34:37.318+0000][11041.700s][debug][safepoint     ] Safepoint synchronization initiated. (184 threads)
[2023-10-30T22:34:37.319+0000][11041.701s][info ][safepoint     ] Application time: 1.0009256 seconds
[2023-10-30T22:34:37.320+0000][11041.701s][info ][safepoint     ] Entering safepoint region: Cleanup
[2023-10-30T22:34:37.320+0000][11041.702s][info ][safepoint     ] Leaving safepoint region
[2023-10-30T22:34:37.321+0000][11041.703s][info ][safepoint     ] Total time for which application threads were stopped: 0.0014959 seconds, Stopping threads took: 0.0007410 seconds
[2023-10-30T22:34:38.322+0000][11042.704s][debug][safepoint     ] Safepoint synchronization initiated. (184 threads)
[2023-10-30T22:34:38.323+0000][11042.704s][info ][safepoint     ] Application time: 1.0007832 seconds
[2023-10-30T22:34:38.323+0000][11042.705s][info ][safepoint     ] Entering safepoint region: Cleanup
[2023-10-30T22:34:38.324+0000][11042.706s][info ][safepoint     ] Leaving safepoint region
[2023-10-30T22:34:38.324+0000][11042.706s][info ][safepoint     ] Total time for which application threads were stopped: 0.0012557 seconds, Stopping threads took: 0.0005190 seconds
[2023-10-30T22:34:39.325+0000][11043.707s][debug][safepoint     ] Safepoint synchronization initiated. (184 threads)
[2023-10-30T22:34:39.326+0000][11043.707s][info ][safepoint     ] Application time: 1.0007455 seconds
[2023-10-30T22:34:39.326+0000][11043.708s][info ][safepoint     ] Entering safepoint region: Cleanup
[2023-10-30T22:34:39.327+0000][11043.708s][info ][safepoint     ] Leaving safepoint region
[2023-10-30T22:34:39.327+0000][11043.709s][info ][safepoint     ] Total time for which application threads were stopped: 0.0010148 seconds, Stopping threads took: 0.0003639 seconds
[2023-10-30T22:34:40.328+0000][11044.710s][debug][safepoint     ] Safepoint synchronization initiated. (184 threads)
[2023-10-30T22:34:40.329+0000][11044.711s][info ][safepoint     ] Application time: 1.0016802 seconds
[2023-10-30T22:34:40.330+0000][11044.712s][info ][safepoint     ] Entering safepoint region: Cleanup
[2023-10-30T22:34:40.330+0000][11044.712s][info ][safepoint     ] Leaving safepoint region
[2023-10-30T22:34:40.331+0000][11044.712s][info ][safepoint     ] Total time for which application threads were stopped: 0.0009819 seconds, Stopping threads took: 0.0004778 seconds
[2023-10-30T22:34:41.331+0000][11045.713s][debug][safepoint     ] Safepoint synchronization initiated. (184 threads)
[2023-10-30T22:34:41.332+0000][11045.714s][info ][safepoint     ] Application time: 1.0008959 seconds
[2023-10-30T22:34:41.333+0000][11045.714s][info ][safepoint     ] Entering safepoint region: Cleanup
[2023-10-30T22:34:41.333+0000][11045.715s][info ][safepoint     ] Leaving safepoint region
[2023-10-30T22:34:41.334+0000][11045.716s][info ][safepoint     ] Total time for which application threads were stopped: 0.0013819 seconds, Stopping threads took: 0.0005944 seconds
[2023-10-30T22:34:42.335+0000][11046.716s][debug][safepoint     ] Safepoint synchronization initiated. (184 threads)
[2023-10-30T22:34:42.336+0000][11046.718s][info ][safepoint     ] Application time: 1.0012733 seconds
[2023-10-30T22:34:42.337+0000][11046.719s][info ][safepoint     ] Entering safepoint region: Cleanup
[2023-10-30T22:34:42.338+0000][11046.720s][info ][safepoint     ] Leaving safepoint region
[2023-10-30T22:34:42.339+0000][11046.721s][info ][safepoint     ] Total time for which application threads were stopped: 0.0019844 seconds, Stopping threads took: 0.0009361 seconds
[2023-10-30T22:34:43.340+0000][11047.722s][debug][safepoint     ] Safepoint synchronization initiated. (184 threads)
[2023-10-30T22:34:43.341+0000][11047.723s][info ][safepoint     ] Application time: 1.0014038 seconds
[2023-10-30T22:34:43.342+0000][11047.724s][info ][safepoint     ] Entering safepoint region: Cleanup
[2023-10-30T22:34:43.343+0000][11047.725s][info ][safepoint     ] Leaving safepoint region
[2023-10-30T22:34:43.344+0000][11047.726s][info ][safepoint     ] Total time for which application threads were stopped: 0.0020330 seconds, Stopping threads took: 0.0009268 seconds
[2023-10-30T22:34:44.345+0000][11048.727s][debug][safepoint     ] Safepoint synchronization initiated. (184 threads)
[2023-10-30T22:34:44.346+0000][11048.728s][info ][safepoint     ] Application time: 1.0013795 seconds
[2023-10-30T22:34:44.347+0000][11048.729s][info ][safepoint     ] Entering safepoint region: Cleanup
[2023-10-30T22:34:44.348+0000][11048.730s][info ][safepoint     ] Leaving safepoint region
[2023-10-30T22:34:44.349+0000][11048.731s][info ][safepoint     ] Total time for which application threads were stopped: 0.0024234 seconds, Stopping threads took: 0.0008980 seconds
[2023-10-30T22:34:45.350+0000][11049.732s][debug][safepoint     ] Safepoint synchronization initiated. (184 threads)
[2023-10-30T22:34:45.351+0000][11049.733s][info ][safepoint     ] Application time: 1.0008353 seconds
[2023-10-30T22:34:45.351+0000][11049.733s][info ][safepoint     ] Entering safepoint region: Cleanup
[2023-10-30T22:34:45.352+0000][11049.734s][info ][safepoint     ] Leaving safepoint region
[2023-10-30T22:34:45.353+0000][11049.734s][info ][safepoint     ] Total time for which application threads were stopped: 0.0012863 seconds, Stopping threads took: 0.0006451 seconds
[2023-10-30T22:34:46.353+0000][11050.735s][debug][safepoint     ] Safepoint synchronization initiated. (184 threads)
[2023-10-30T22:34:46.354+0000][11050.735s][info ][safepoint     ] Application time: 1.0007118 seconds
[2023-10-30T22:34:46.354+0000][11050.736s][info ][safepoint     ] Entering safepoint region: Cleanup
[2023-10-30T22:34:46.355+0000][11050.737s][info ][safepoint     ] Leaving safepoint region
[2023-10-30T22:34:46.355+0000][11050.737s][info ][safepoint     ] Total time for which application threads were stopped: 0.0009410 seconds, Stopping threads took: 0.0004287 seconds
[2023-10-30T22:34:47.356+0000][11051.737s][debug][safepoint     ] Safepoint synchronization initiated. (184 threads)
[2023-10-30T22:34:47.356+0000][11051.738s][info ][safepoint     ] Application time: 1.0008699 seconds
[2023-10-30T22:34:47.357+0000][11051.739s][info ][safepoint     ] Entering safepoint region: Cleanup
[2023-10-30T22:34:47.357+0000][11051.739s][info ][safepoint     ] Leaving safepoint region
[2023-10-30T22:34:47.358+0000][11051.740s][info ][safepoint     ] Total time for which application threads were stopped: 0.0011359 seconds, Stopping threads took: 0.0005398 seconds
[2023-10-30T22:34:48.358+0000][11052.740s][debug][safepoint     ] Safepoint synchronization initiated. (184 threads)
[2023-10-30T22:34:48.359+0000][11052.741s][info ][safepoint     ] Application time: 1.0004649 seconds
[2023-10-30T22:34:48.359+0000][11052.741s][info ][safepoint     ] Entering safepoint region: Cleanup
[2023-10-30T22:34:48.360+0000][11052.741s][info ][safepoint     ] Leaving safepoint region
[2023-10-30T22:34:48.360+0000][11052.742s][info ][safepoint     ] Total time for which application threads were stopped: 0.0007273 seconds, Stopping threads took: 0.0002909 seconds
[2023-10-30T22:34:49.360+0000][11053.742s][debug][safepoint     ] Safepoint synchronization initiated. (184 threads)
[2023-10-30T22:34:49.361+0000][11053.743s][info ][safepoint     ] Application time: 1.0007479 seconds
[2023-10-30T22:34:49.361+0000][11053.743s][info ][safepoint     ] Entering safepoint region: Cleanup
[2023-10-30T22:34:49.362+0000][11053.744s][info ][safepoint     ] Leaving safepoint region
[2023-10-30T22:34:49.362+0000][11053.744s][info ][safepoint     ] Total time for which application threads were stopped: 0.0008865 seconds, Stopping threads took: 0.0004157 seconds
[2023-10-30T22:34:50.363+0000][11054.745s][debug][safepoint     ] Safepoint synchronization initiated. (184 threads)
[2023-10-30T22:34:50.364+0000][11054.746s][info ][safepoint     ] Application time: 1.0013314 seconds
[2023-10-30T22:34:50.365+0000][11054.746s][info ][safepoint     ] Entering safepoint region: Cleanup
[2023-10-30T22:34:50.366+0000][11054.748s][info ][safepoint     ] Leaving safepoint region
[2023-10-30T22:34:50.367+0000][11054.748s][info ][safepoint     ] Total time for which application threads were stopped: 0.0019575 seconds, Stopping threads took: 0.0007948 seconds
[2023-10-30T22:34:51.367+0000][11055.749s][debug][safepoint     ] Safepoint synchronization initiated. (184 threads)
[2023-10-30T22:34:51.368+0000][11055.750s][info ][safepoint     ] Application time: 1.0007072 seconds
[2023-10-30T22:34:51.369+0000][11055.750s][info ][safepoint     ] Entering safepoint region: Cleanup
[2023-10-30T22:34:51.369+0000][11055.751s][info ][safepoint     ] Leaving safepoint region
[2023-10-30T22:34:51.370+0000][11055.751s][info ][safepoint     ] Total time for which application threads were stopped: 0.0011760 seconds, Stopping threads took: 0.0004759 seconds
[2023-10-30T22:34:52.370+0000][11056.752s][debug][safepoint     ] Safepoint synchronization initiated. (184 threads)
[2023-10-30T22:34:52.371+0000][11056.753s][info ][safepoint     ] Application time: 1.0010816 seconds
[2023-10-30T22:34:52.372+0000][11056.754s][info ][safepoint     ] Entering safepoint region: Cleanup
[2023-10-30T22:34:52.373+0000][11056.754s][info ][safepoint     ] Leaving safepoint region
[2023-10-30T22:34:52.373+0000][11056.755s][info ][safepoint     ] Total time for which application threads were stopped: 0.0013324 seconds, Stopping threads took: 0.0006089 seconds
[2023-10-30T22:34:53.374+0000][11057.756s][debug][safepoint     ] Safepoint synchronization initiated. (184 threads)
[2023-10-30T22:34:53.375+0000][11057.756s][info ][safepoint     ] Application time: 1.0007095 seconds
[2023-10-30T22:34:53.375+0000][11057.757s][info ][safepoint     ] Entering safepoint region: Cleanup
[2023-10-30T22:34:53.376+0000][11057.757s][info ][safepoint     ] Leaving safepoint region
[2023-10-30T22:34:53.376+0000][11057.758s][info ][safepoint     ] Total time for which application threads were stopped: 0.0011006 seconds, Stopping threads took: 0.0004990 seconds
[2023-10-30T22:34:54.377+0000][11058.759s][debug][safepoint     ] Safepoint synchronization initiated. (184 threads)
[2023-10-30T22:34:54.378+0000][11058.759s][info ][safepoint     ] Application time: 1.0010930 seconds
[2023-10-30T22:34:54.378+0000][11058.760s][info ][safepoint     ] Entering safepoint region: Cleanup
[2023-10-30T22:34:54.379+0000][11058.761s][info ][safepoint     ] Leaving safepoint region
[2023-10-30T22:34:54.380+0000][11058.761s][info ][safepoint     ] Total time for which application threads were stopped: 0.0011871 seconds, Stopping threads took: 0.0005479 seconds
[2023-10-30T22:34:55.380+0000][11059.762s][debug][safepoint     ] Safepoint synchronization initiated. (184 threads)
[2023-10-30T22:34:55.381+0000][11059.762s][info ][safepoint     ] Application time: 1.0005733 seconds
[2023-10-30T22:34:55.381+0000][11059.762s][info ][safepoint     ] Entering safepoint region: Cleanup
[2023-10-30T22:34:55.381+0000][11059.763s][info ][safepoint     ] Leaving safepoint region
[2023-10-30T22:34:55.382+0000][11059.763s][info ][safepoint     ] Total time for which application threads were stopped: 0.0008439 seconds, Stopping threads took: 0.0003473 seconds
[2023-10-30T22:34:56.382+0000][11060.764s][debug][safepoint     ] Safepoint synchronization initiated. (184 threads)
[2023-10-30T22:34:56.383+0000][11060.764s][info ][safepoint     ] Application time: 1.0005901 seconds
[2023-10-30T22:34:56.383+0000][11060.765s][debug][safepoint     ] ... found polling page return exception at pc = 0x00007f31612506e5, stub =0x00007f3158840600
[2023-10-30T22:34:56.385+0000][11060.766s][debug][safepoint     ] Waiting for 1 thread(s) to block
[2023-10-30T22:34:56.386+0000][11060.768s][info ][safepoint     ] Entering safepoint region: Cleanup
[2023-10-30T22:34:56.388+0000][11060.769s][info ][safepoint     ] Leaving safepoint region
[2023-10-30T22:34:56.389+0000][11060.770s][info ][safepoint     ] Total time for which application threads were stopped: 0.0054197 seconds, Stopping threads took: 0.0043133 seconds
[2023-10-30T22:34:57.389+0000][11061.771s][debug][safepoint     ] Safepoint synchronization initiated. (184 threads)
[2023-10-30T22:34:57.390+0000][11061.771s][info ][safepoint     ] Application time: 1.0005536 seconds
[2023-10-30T22:34:57.390+0000][11061.772s][info ][safepoint     ] Entering safepoint region: Cleanup
[2023-10-30T22:34:57.391+0000][11061.772s][info ][safepoint     ] Leaving safepoint region
[2023-10-30T22:34:57.391+0000][11061.772s][info ][safepoint     ] Total time for which application threads were stopped: 0.0008610 seconds, Stopping threads took: 0.0003642 seconds
[2023-10-30T22:34:58.391+0000][11062.773s][debug][safepoint     ] Safepoint synchronization initiated. (184 threads)
[2023-10-30T22:34:58.392+0000][11062.774s][info ][safepoint     ] Application time: 1.0008601 seconds
[2023-10-30T22:34:58.393+0000][11062.774s][info ][safepoint     ] Entering safepoint region: Cleanup
[2023-10-30T22:34:58.393+0000][11062.775s][info ][safepoint     ] Leaving safepoint region
[2023-10-30T22:34:58.394+0000][11062.775s][info ][safepoint     ] Total time for which application threads were stopped: 0.0012324 seconds, Stopping threads took: 0.0005600 seconds
[2023-10-30T22:34:59.394+0000][11063.776s][debug][safepoint     ] Safepoint synchronization initiated. (184 threads)
[2023-10-30T22:34:59.395+0000][11063.777s][info ][safepoint     ] Application time: 1.0012245 seconds
[2023-10-30T22:34:59.396+0000][11063.778s][info ][safepoint     ] Entering safepoint region: Cleanup
[2023-10-30T22:34:59.397+0000][11063.779s][info ][safepoint     ] Leaving safepoint region
[2023-10-30T22:34:59.398+0000][11063.780s][info ][safepoint     ] Total time for which application threads were stopped: 0.0020395 seconds, Stopping threads took: 0.0009967 seconds
[2023-10-30T22:34:59.397+0000][11063.779s][debug][safepoint     ] ... found polling page return exception at pc = 0x00007f3160b83dc4, stub =0x00007f3158840600
[2023-10-30T22:34:59.397+0000][11063.779s][debug][safepoint     ] ... found polling page return exception at pc = 0x00007f3160b83dc4, stub =0x00007f3158840600
[2023-10-30T22:35:00.399+0000][11064.781s][debug][safepoint     ] Safepoint synchronization initiated. (184 threads)
[2023-10-30T22:35:00.400+0000][11064.781s][info ][safepoint     ] Application time: 1.0007075 seconds
[2023-10-30T22:35:00.401+0000][11064.783s][info ][safepoint     ] Entering safepoint region: Cleanup
[2023-10-30T22:35:00.402+0000][11064.784s][info ][safepoint     ] Leaving safepoint region
[2023-10-30T22:35:00.403+0000][11064.784s][info ][safepoint     ] Total time for which application threads were stopped: 0.0013917 seconds, Stopping threads took: 0.0006587 seconds
[2023-10-30T22:35:01.403+0000][11065.785s][debug][safepoint     ] Safepoint synchronization initiated. (184 threads)
[2023-10-30T22:35:01.404+0000][11065.785s][info ][safepoint     ] Application time: 1.0005679 seconds
[2023-10-30T22:35:01.404+0000][11065.786s][info ][safepoint     ] Entering safepoint region: Cleanup
[2023-10-30T22:35:01.405+0000][11065.786s][info ][safepoint     ] Leaving safepoint region
[2023-10-30T22:35:01.405+0000][11065.787s][info ][safepoint     ] Total time for which application threads were stopped: 0.0009488 seconds, Stopping threads took: 0.0004071 seconds
[2023-10-30T22:35:02.406+0000][11066.787s][debug][safepoint     ] Safepoint synchronization initiated. (184 threads)
[2023-10-30T22:35:02.406+0000][11066.788s][info ][safepoint     ] Application time: 1.0008512 seconds
[2023-10-30T22:35:02.407+0000][11066.789s][info ][safepoint     ] Entering safepoint region: Cleanup
[2023-10-30T22:35:02.408+0000][11066.789s][info ][safepoint     ] Leaving safepoint region
[2023-10-30T22:35:02.408+0000][11066.790s][info ][safepoint     ] Total time for which application threads were stopped: 0.0010525 seconds, Stopping threads took: 0.0004022 seconds
[2023-10-30T22:35:03.409+0000][11067.790s][debug][safepoint     ] Safepoint synchronization initiated. (184 threads)
[2023-10-30T22:35:03.409+0000][11067.791s][info ][safepoint     ] Application time: 1.0007386 seconds
[2023-10-30T22:35:03.410+0000][11067.791s][info ][safepoint     ] Entering safepoint region: Cleanup
[2023-10-30T22:35:03.410+0000][11067.792s][info ][safepoint     ] Leaving safepoint region
[2023-10-30T22:35:03.411+0000][11067.792s][info ][safepoint     ] Total time for which application threads were stopped: 0.0011759 seconds, Stopping threads took: 0.0005040 seconds
[2023-10-30T22:35:04.412+0000][11068.793s][debug][safepoint     ] Safepoint synchronization initiated. (184 threads)
[2023-10-30T22:35:04.412+0000][11068.794s][info ][safepoint     ] Application time: 1.0009331 seconds
[2023-10-30T22:35:04.413+0000][11068.794s][info ][safepoint     ] Entering safepoint region: Cleanup
[2023-10-30T22:35:04.414+0000][11068.795s][info ][safepoint     ] Leaving safepoint region
[2023-10-30T22:35:04.414+0000][11068.796s][info ][safepoint     ] Total time for which application threads were stopped: 0.0012134 seconds, Stopping threads took: 0.0005359 seconds
[2023-10-30T22:35:05.415+0000][11069.796s][debug][safepoint     ] Safepoint synchronization initiated. (184 threads)
[2023-10-30T22:35:05.415+0000][11069.797s][info ][safepoint     ] Application time: 1.0008597 seconds
[2023-10-30T22:35:05.416+0000][11069.798s][info ][safepoint     ] Entering safepoint region: Cleanup
[2023-10-30T22:35:05.417+0000][11069.798s][info ][safepoint     ] Leaving safepoint region
[2023-10-30T22:35:05.417+0000][11069.799s][info ][safepoint     ] Total time for which application threads were stopped: 0.0011155 seconds, Stopping threads took: 0.0005401 seconds
[2023-10-30T22:35:05.417+0000][11069.798s][debug][safepoint     ] ... found polling page return exception at pc = 0x00007f3160b83dc4, stub =0x00007f3158840600
[2023-10-30T22:35:05.417+0000][11069.798s][debug][safepoint     ] ... found polling page return exception at pc = 0x00007f3160b83dc4, stub =0x00007f3158840600
[2023-10-30T22:35:05.417+0000][11069.798s][debug][safepoint     ] ... found polling page return exception at pc = 0x00007f3160b83dc4, stub =0x00007f3158840600
[2023-10-30T22:35:05.417+0000][11069.798s][debug][safepoint     ] ... found polling page return exception at pc = 0x00007f3160b83dc4, stub =0x00007f3158840600
[2023-10-30T22:35:05.417+0000][11069.798s][debug][safepoint     ] ... found polling page return exception at pc = 0x00007f3160b83dc4, stub =0x00007f3158840600
[2023-10-30T22:35:06.418+0000][11070.799s][debug][safepoint     ] Safepoint synchronization initiated. (184 threads)
[2023-10-30T22:35:06.418+0000][11070.800s][info ][safepoint     ] Application time: 1.0008919 seconds
[2023-10-30T22:35:06.419+0000][11070.801s][info ][safepoint     ] Entering safepoint region: Cleanup
[2023-10-30T22:35:06.420+0000][11070.801s][info ][safepoint     ] Leaving safepoint region
[2023-10-30T22:35:06.420+0000][11070.802s][info ][safepoint     ] Total time for which application threads were stopped: 0.0011760 seconds, Stopping threads took: 0.0004692 seconds
[2023-10-30T22:35:07.421+0000][11071.802s][debug][safepoint     ] Safepoint synchronization initiated. (184 threads)
[2023-10-30T22:35:07.421+0000][11071.803s][info ][safepoint     ] Application time: 1.0008663 seconds
[2023-10-30T22:35:07.422+0000][11071.804s][info ][safepoint     ] Entering safepoint region: Cleanup
[2023-10-30T22:35:07.423+0000][11071.804s][info ][safepoint     ] Leaving safepoint region
[2023-10-30T22:35:07.423+0000][11071.805s][info ][safepoint     ] Total time for which application threads were stopped: 0.0012769 seconds, Stopping threads took: 0.0005679 seconds
[2023-10-30T22:35:08.424+0000][11072.806s][debug][safepoint     ] Safepoint synchronization initiated. (184 threads)
[2023-10-30T22:35:08.425+0000][11072.806s][info ][safepoint     ] Application time: 1.0008766 seconds
[2023-10-30T22:35:08.425+0000][11072.807s][info ][safepoint     ] Entering safepoint region: Cleanup
[2023-10-30T22:35:08.426+0000][11072.808s][info ][safepoint     ] Leaving safepoint region
[2023-10-30T22:35:08.426+0000][11072.808s][info ][safepoint     ] Total time for which application threads were stopped: 0.0012869 seconds, Stopping threads took: 0.0005749 seconds
[2023-10-30T22:35:09.427+0000][11073.809s][debug][safepoint     ] Safepoint synchronization initiated. (184 threads)
[2023-10-30T22:35:09.428+0000][11073.809s][info ][safepoint     ] Application time: 1.0006977 seconds
[2023-10-30T22:35:09.428+0000][11073.810s][info ][safepoint     ] Entering safepoint region: Cleanup
[2023-10-30T22:35:09.429+0000][11073.810s][info ][safepoint     ] Leaving safepoint region
[2023-10-30T22:35:09.429+0000][11073.811s][info ][safepoint     ] Total time for which application threads were stopped: 0.0010442 seconds, Stopping threads took: 0.0004793 seconds
[2023-10-30T22:35:10.430+0000][11074.811s][debug][safepoint     ] Safepoint synchronization initiated. (183 threads)
[2023-10-30T22:35:10.431+0000][11074.812s][info ][safepoint     ] Application time: 1.0011121 seconds
[2023-10-30T22:35:10.431+0000][11074.813s][info ][safepoint     ] Entering safepoint region: Cleanup
[2023-10-30T22:35:10.432+0000][11074.814s][info ][safepoint     ] Leaving safepoint region
[2023-10-30T22:35:10.433+0000][11074.814s][info ][safepoint     ] Total time for which application threads were stopped: 0.0012180 seconds, Stopping threads took: 0.0005659 seconds
[2023-10-30T22:35:11.433+0000][11075.815s][debug][safepoint     ] Safepoint synchronization initiated. (183 threads)
[2023-10-30T22:35:11.434+0000][11075.815s][info ][safepoint     ] Application time: 1.0007589 seconds
[2023-10-30T22:35:11.434+0000][11075.816s][info ][safepoint     ] Entering safepoint region: Cleanup
[2023-10-30T22:35:11.435+0000][11075.817s][info ][safepoint     ] Leaving safepoint region
[2023-10-30T22:35:11.435+0000][11075.817s][info ][safepoint     ] Total time for which application threads were stopped: 0.0010975 seconds, Stopping threads took: 0.0005061 seconds
[2023-10-30T22:35:12.436+0000][11076.818s][debug][safepoint     ] Safepoint synchronization initiated. (183 threads)
[2023-10-30T22:35:12.437+0000][11076.818s][info ][safepoint     ] Application time: 1.0008368 seconds
[2023-10-30T22:35:12.437+0000][11076.819s][info ][safepoint     ] Entering safepoint region: Cleanup
[2023-10-30T22:35:12.438+0000][11076.820s][info ][safepoint     ] Leaving safepoint region
[2023-10-30T22:35:12.439+0000][11076.820s][info ][safepoint     ] Total time for which application threads were stopped: 0.0011993 seconds, Stopping threads took: 0.0005859 seconds
[2023-10-30T22:35:13.439+0000][11077.821s][debug][safepoint     ] Safepoint synchronization initiated. (183 threads)
[2023-10-30T22:35:13.440+0000][11077.822s][info ][safepoint     ] Application time: 1.0013376 seconds
[2023-10-30T22:35:13.441+0000][11077.823s][info ][safepoint     ] Entering safepoint region: Cleanup
[2023-10-30T22:35:13.442+0000][11077.824s][info ][safepoint     ] Leaving safepoint region
[2023-10-30T22:35:13.443+0000][11077.825s][info ][safepoint     ] Total time for which application threads were stopped: 0.0020132 seconds, Stopping threads took: 0.0009128 seconds
[2023-10-30T22:35:14.444+0000][11078.826s][debug][safepoint     ] Safepoint synchronization initiated. (183 threads)
[2023-10-30T22:35:14.445+0000][11078.826s][info ][safepoint     ] Application time: 1.0007450 seconds
[2023-10-30T22:35:14.445+0000][11078.827s][info ][safepoint     ] Entering safepoint region: Cleanup
[2023-10-30T22:35:14.446+0000][11078.827s][info ][safepoint     ] Leaving safepoint region
[2023-10-30T22:35:14.446+0000][11078.828s][info ][safepoint     ] Total time for which application threads were stopped: 0.0011557 seconds, Stopping threads took: 0.0005034 seconds
[2023-10-30T22:35:15.447+0000][11079.828s][debug][safepoint     ] Safepoint synchronization initiated. (183 threads)
[2023-10-30T22:35:15.448+0000][11079.830s][info ][safepoint     ] Application time: 1.0016416 seconds
[2023-10-30T22:35:15.449+0000][11079.831s][info ][safepoint     ] Entering safepoint region: Cleanup
[2023-10-30T22:35:15.451+0000][11079.832s][info ][safepoint     ] Leaving safepoint region
[2023-10-30T22:35:15.452+0000][11079.833s][info ][safepoint     ] Total time for which application threads were stopped: 0.0024570 seconds, Stopping threads took: 0.0011553 seconds
[2023-10-30T22:35:16.453+0000][11080.834s][debug][safepoint     ] Safepoint synchronization initiated. (183 threads)
[2023-10-30T22:35:16.454+0000][11080.835s][info ][safepoint     ] Application time: 1.0012897 seconds
[2023-10-30T22:35:16.455+0000][11080.836s][info ][safepoint     ] Entering safepoint region: Cleanup
[2023-10-30T22:35:16.456+0000][11080.838s][info ][safepoint     ] Leaving safepoint region
[2023-10-30T22:35:16.457+0000][11080.838s][info ][safepoint     ] Total time for which application threads were stopped: 0.0020988 seconds, Stopping threads took: 0.0010008 seconds
[2023-10-30T22:35:17.458+0000][11081.839s][debug][safepoint     ] Safepoint synchronization initiated. (183 threads)
[2023-10-30T22:35:17.459+0000][11081.840s][info ][safepoint     ] Application time: 1.0012044 seconds
[2023-10-30T22:35:17.459+0000][11081.841s][info ][safepoint     ] Entering safepoint region: Cleanup
[2023-10-30T22:35:17.461+0000][11081.842s][info ][safepoint     ] Leaving safepoint region
[2023-10-30T22:35:17.461+0000][11081.843s][info ][safepoint     ] Total time for which application threads were stopped: 0.0018502 seconds, Stopping threads took: 0.0009356 seconds
[2023-10-30T22:35:18.462+0000][11082.843s][debug][safepoint     ] Safepoint synchronization initiated. (183 threads)
[2023-10-30T22:35:18.463+0000][11082.844s][info ][safepoint     ] Application time: 1.0009074 seconds
[2023-10-30T22:35:18.463+0000][11082.845s][info ][safepoint     ] Entering safepoint region: Cleanup
[2023-10-30T22:35:18.464+0000][11082.845s][info ][safepoint     ] Leaving safepoint region
[2023-10-30T22:35:18.464+0000][11082.846s][info ][safepoint     ] Total time for which application threads were stopped: 0.0011768 seconds, Stopping threads took: 0.0005120 seconds
[2023-10-30T22:35:19.465+0000][11083.847s][debug][safepoint     ] Safepoint synchronization initiated. (183 threads)
[2023-10-30T22:35:19.466+0000][11083.847s][info ][safepoint     ] Application time: 1.0010623 seconds
[2023-10-30T22:35:19.467+0000][11083.848s][info ][safepoint     ] Entering safepoint region: Cleanup
[2023-10-30T22:35:19.468+0000][11083.849s][info ][safepoint     ] Leaving safepoint region
[2023-10-30T22:35:19.468+0000][11083.850s][info ][safepoint     ] Total time for which application threads were stopped: 0.0016866 seconds, Stopping threads took: 0.0007211 seconds
[2023-10-30T22:35:20.470+0000][11084.851s][debug][safepoint     ] Safepoint synchronization initiated. (183 threads)
[2023-10-30T22:35:20.470+0000][11084.852s][info ][safepoint     ] Application time: 1.0012673 seconds
[2023-10-30T22:35:20.471+0000][11084.853s][info ][safepoint     ] Entering safepoint region: Cleanup
[2023-10-30T22:35:20.473+0000][11084.854s][info ][safepoint     ] Leaving safepoint region
[2023-10-30T22:35:20.474+0000][11084.855s][info ][safepoint     ] Total time for which application threads were stopped: 0.0022225 seconds, Stopping threads took: 0.0009875 seconds
[2023-10-30T22:35:21.475+0000][11085.856s][debug][safepoint     ] Safepoint synchronization initiated. (183 threads)
[2023-10-30T22:35:21.476+0000][11085.857s][info ][safepoint     ] Application time: 1.0009474 seconds
[2023-10-30T22:35:21.476+0000][11085.858s][info ][safepoint     ] Entering safepoint region: Cleanup
[2023-10-30T22:35:21.477+0000][11085.859s][info ][safepoint     ] Leaving safepoint region
[2023-10-30T22:35:21.478+0000][11085.860s][info ][safepoint     ] Total time for which application threads were stopped: 0.0019051 seconds, Stopping threads took: 0.0007963 seconds
[2023-10-30T22:35:22.479+0000][11086.861s][debug][safepoint     ] Safepoint synchronization initiated. (183 threads)
[2023-10-30T22:35:22.480+0000][11086.861s][info ][safepoint     ] Application time: 1.0009080 seconds
[2023-10-30T22:35:22.480+0000][11086.862s][info ][safepoint     ] Entering safepoint region: Cleanup
[2023-10-30T22:35:22.481+0000][11086.863s][info ][safepoint     ] Leaving safepoint region
[2023-10-30T22:35:22.482+0000][11086.863s][info ][safepoint     ] Total time for which application threads were stopped: 0.0012182 seconds, Stopping threads took: 0.0005484 seconds
[2023-10-30T22:35:23.483+0000][11087.864s][debug][safepoint     ] Safepoint synchronization initiated. (183 threads)
[2023-10-30T22:35:23.483+0000][11087.865s][info ][safepoint     ] Application time: 1.0009727 seconds
[2023-10-30T22:35:23.484+0000][11087.865s][info ][safepoint     ] Entering safepoint region: Cleanup
[2023-10-30T22:35:23.485+0000][11087.866s][info ][safepoint     ] Leaving safepoint region
[2023-10-30T22:35:23.485+0000][11087.866s][info ][safepoint     ] Total time for which application threads were stopped: 0.0012061 seconds, Stopping threads took: 0.0005150 seconds
[2023-10-30T22:35:24.486+0000][11088.867s][debug][safepoint     ] Safepoint synchronization initiated. (183 threads)
[2023-10-30T22:35:24.487+0000][11088.868s][info ][safepoint     ] Application time: 1.0012998 seconds
[2023-10-30T22:35:24.488+0000][11088.869s][info ][safepoint     ] Entering safepoint region: Cleanup
[2023-10-30T22:35:24.489+0000][11088.870s][info ][safepoint     ] Leaving safepoint region
[2023-10-30T22:35:24.489+0000][11088.871s][info ][safepoint     ] Total time for which application threads were stopped: 0.0017834 seconds, Stopping threads took: 0.0008994 seconds
[2023-10-30T22:35:25.490+0000][11089.872s][debug][safepoint     ] Safepoint synchronization initiated. (183 threads)
[2023-10-30T22:35:25.491+0000][11089.873s][info ][safepoint     ] Application time: 1.0012345 seconds
[2023-10-30T22:35:25.492+0000][11089.874s][info ][safepoint     ] Entering safepoint region: Cleanup
[2023-10-30T22:35:25.494+0000][11089.875s][info ][safepoint     ] Leaving safepoint region
[2023-10-30T22:35:25.494+0000][11089.876s][info ][safepoint     ] Total time for which application threads were stopped: 0.0021743 seconds, Stopping threads took: 0.0010360 seconds
[2023-10-30T22:35:26.495+0000][11090.877s][debug][safepoint     ] Safepoint synchronization initiated. (183 threads)
[2023-10-30T22:35:26.497+0000][11090.878s][info ][safepoint     ] Application time: 1.0016783 seconds
[2023-10-30T22:35:26.498+0000][11090.879s][info ][safepoint     ] Entering safepoint region: Cleanup
[2023-10-30T22:35:26.499+0000][11090.881s][info ][safepoint     ] Leaving safepoint region
[2023-10-30T22:35:26.500+0000][11090.881s][info ][safepoint     ] Total time for which application threads were stopped: 0.0024991 seconds, Stopping threads took: 0.0010582 seconds
[2023-10-30T22:35:27.501+0000][11091.883s][debug][safepoint     ] Safepoint synchronization initiated. (183 threads)
[2023-10-30T22:35:27.502+0000][11091.883s][info ][safepoint     ] Application time: 1.0005788 seconds
[2023-10-30T22:35:27.503+0000][11091.884s][info ][safepoint     ] Entering safepoint region: Cleanup
[2023-10-30T22:35:27.504+0000][11091.885s][info ][safepoint     ] Leaving safepoint region
[2023-10-30T22:35:27.504+0000][11091.886s][info ][safepoint     ] Total time for which application threads were stopped: 0.0020332 seconds, Stopping threads took: 0.0011216 seconds
[2023-10-30T22:35:28.505+0000][11092.886s][debug][safepoint     ] Safepoint synchronization initiated. (183 threads)
[2023-10-30T22:35:28.506+0000][11092.887s][info ][safepoint     ] Application time: 1.0014239 seconds
[2023-10-30T22:35:28.507+0000][11092.888s][info ][safepoint     ] Entering safepoint region: Cleanup
[2023-10-30T22:35:28.508+0000][11092.890s][info ][safepoint     ] Leaving safepoint region
[2023-10-30T22:35:28.509+0000][11092.890s][info ][safepoint     ] Total time for which application threads were stopped: 0.0019565 seconds, Stopping threads took: 0.0008645 seconds
[2023-10-30T22:35:29.510+0000][11093.891s][debug][safepoint     ] Safepoint synchronization initiated. (183 threads)
[2023-10-30T22:35:29.511+0000][11093.892s][info ][safepoint     ] Application time: 1.0012448 seconds
[2023-10-30T22:35:29.512+0000][11093.893s][info ][safepoint     ] Entering safepoint region: Cleanup
[2023-10-30T22:35:29.513+0000][11093.894s][info ][safepoint     ] Leaving safepoint region
[2023-10-30T22:35:29.514+0000][11093.895s][info ][safepoint     ] Total time for which application threads were stopped: 0.0021205 seconds, Stopping threads took: 0.0009029 seconds
[2023-10-30T22:35:30.515+0000][11094.896s][debug][safepoint     ] Safepoint synchronization initiated. (183 threads)
[2023-10-30T22:35:30.516+0000][11094.897s][info ][safepoint     ] Application time: 1.0012784 seconds
[2023-10-30T22:35:30.517+0000][11094.898s][info ][safepoint     ] Entering safepoint region: Cleanup
[2023-10-30T22:35:30.518+0000][11094.900s][info ][safepoint     ] Leaving safepoint region
[2023-10-30T22:35:30.519+0000][11094.900s][info ][safepoint     ] Total time for which application threads were stopped: 0.0021939 seconds, Stopping threads took: 0.0008062 seconds
[2023-10-30T22:35:30.519+0000][11094.900s][debug][safepoint     ] ... found polling page return exception at pc = 0x00007f3160b83dc4, stub =0x00007f3158840600
[2023-10-30T22:35:30.519+0000][11094.900s][debug][safepoint     ] ... found polling page return exception at pc = 0x00007f3160b83dc4, stub =0x00007f3158840600
[2023-10-30T22:35:30.519+0000][11094.900s][debug][safepoint     ] ... found polling page return exception at pc = 0x00007f3160b83dc4, stub =0x00007f3158840600
[2023-10-30T22:35:30.519+0000][11094.900s][debug][safepoint     ] ... found polling page return exception at pc = 0x00007f3160b83dc4, stub =0x00007f3158840600
[2023-10-30T22:35:30.519+0000][11094.900s][debug][safepoint     ] ... found polling page return exception at pc = 0x00007f3160b83dc4, stub =0x00007f3158840600
[2023-10-30T22:35:31.520+0000][11095.902s][debug][safepoint     ] Safepoint synchronization initiated. (183 threads)
[2023-10-30T22:35:31.521+0000][11095.902s][info ][safepoint     ] Application time: 1.0009487 seconds
[2023-10-30T22:35:31.521+0000][11095.903s][info ][safepoint     ] Entering safepoint region: Cleanup
[2023-10-30T22:35:31.522+0000][11095.903s][info ][safepoint     ] Leaving safepoint region
[2023-10-30T22:35:31.522+0000][11095.904s][info ][safepoint     ] Total time for which application threads were stopped: 0.0011069 seconds, Stopping threads took: 0.0004774 seconds
[2023-10-30T22:35:32.523+0000][11096.904s][debug][safepoint     ] Safepoint synchronization initiated. (183 threads)
[2023-10-30T22:35:32.524+0000][11096.905s][info ][safepoint     ] Application time: 1.0008157 seconds
[2023-10-30T22:35:32.524+0000][11096.905s][info ][safepoint     ] Entering safepoint region: Cleanup
[2023-10-30T22:35:32.525+0000][11096.906s][info ][safepoint     ] Leaving safepoint region
[2023-10-30T22:35:32.525+0000][11096.907s][info ][safepoint     ] Total time for which application threads were stopped: 0.0012998 seconds, Stopping threads took: 0.0005382 seconds
[2023-10-30T22:35:33.526+0000][11097.907s][debug][safepoint     ] Safepoint synchronization initiated. (183 threads)
[2023-10-30T22:35:33.527+0000][11097.908s][info ][safepoint     ] Application time: 1.0007922 seconds
[2023-10-30T22:35:33.527+0000][11097.908s][info ][safepoint     ] Entering safepoint region: Cleanup
[2023-10-30T22:35:33.528+0000][11097.909s][info ][safepoint     ] Leaving safepoint region
[2023-10-30T22:35:33.528+0000][11097.910s][info ][safepoint     ] Total time for which application threads were stopped: 0.0011386 seconds, Stopping threads took: 0.0004411 seconds
[2023-10-30T22:35:34.529+0000][11098.910s][debug][safepoint     ] Safepoint synchronization initiated. (183 threads)
[2023-10-30T22:35:34.530+0000][11098.911s][info ][safepoint     ] Application time: 1.0009097 seconds
[2023-10-30T22:35:34.531+0000][11098.912s][info ][safepoint     ] Entering safepoint region: Cleanup
[2023-10-30T22:35:34.531+0000][11098.913s][info ][safepoint     ] Leaving safepoint region
[2023-10-30T22:35:34.532+0000][11098.913s][info ][safepoint     ] Total time for which application threads were stopped: 0.0013260 seconds, Stopping threads took: 0.0005693 seconds
[2023-10-30T22:35:35.533+0000][11099.914s][debug][safepoint     ] Safepoint synchronization initiated. (184 threads)
[2023-10-30T22:35:35.533+0000][11099.915s][info ][safepoint     ] Application time: 1.0010188 seconds
[2023-10-30T22:35:35.534+0000][11099.915s][info ][safepoint     ] Entering safepoint region: Cleanup
[2023-10-30T22:35:35.535+0000][11099.916s][info ][safepoint     ] Leaving safepoint region
[2023-10-30T22:35:35.535+0000][11099.916s][info ][safepoint     ] Total time for which application threads were stopped: 0.0011384 seconds, Stopping threads took: 0.0005115 seconds
[2023-10-30T22:35:36.536+0000][11100.917s][debug][safepoint     ] Safepoint synchronization initiated. (187 threads)
[2023-10-30T22:35:36.536+0000][11100.917s][info ][safepoint     ] Application time: 1.0006593 seconds
[2023-10-30T22:35:36.537+0000][11100.918s][info ][safepoint     ] Entering safepoint region: Cleanup
[2023-10-30T22:35:36.537+0000][11100.918s][info ][safepoint     ] Leaving safepoint region
[2023-10-30T22:35:36.538+0000][11100.919s][info ][safepoint     ] Total time for which application threads were stopped: 0.0012631 seconds, Stopping threads took: 0.0004990 seconds
[2023-10-30T22:35:37.538+0000][11101.920s][debug][safepoint     ] Safepoint synchronization initiated. (187 threads)
[2023-10-30T22:35:37.539+0000][11101.920s][info ][safepoint     ] Application time: 1.0010448 seconds
[2023-10-30T22:35:37.540+0000][11101.921s][info ][safepoint     ] Entering safepoint region: Cleanup
[2023-10-30T22:35:37.541+0000][11101.922s][info ][safepoint     ] Leaving safepoint region
[2023-10-30T22:35:37.542+0000][11101.923s][info ][safepoint     ] Total time for which application threads were stopped: 0.0016822 seconds, Stopping threads took: 0.0006877 seconds
[2023-10-30T22:35:38.542+0000][11102.924s][debug][safepoint     ] Safepoint synchronization initiated. (188 threads)
[2023-10-30T22:35:38.544+0000][11102.925s][info ][safepoint     ] Application time: 1.0013049 seconds
[2023-10-30T22:35:38.545+0000][11102.926s][info ][safepoint     ] Entering safepoint region: Cleanup
[2023-10-30T22:35:38.546+0000][11102.927s][info ][safepoint     ] Leaving safepoint region
[2023-10-30T22:35:38.546+0000][11102.928s][info ][safepoint     ] Total time for which application threads were stopped: 0.0019522 seconds, Stopping threads took: 0.0008201 seconds
[2023-10-30T22:35:39.547+0000][11103.929s][debug][safepoint     ] Safepoint synchronization initiated. (188 threads)
[2023-10-30T22:35:39.548+0000][11103.930s][info ][safepoint     ] Application time: 1.0012656 seconds
[2023-10-30T22:35:39.549+0000][11103.931s][info ][safepoint     ] Entering safepoint region: Cleanup
[2023-10-30T22:35:39.551+0000][11103.932s][info ][safepoint     ] Leaving safepoint region
[2023-10-30T22:35:39.551+0000][11103.933s][info ][safepoint     ] Total time for which application threads were stopped: 0.0020034 seconds, Stopping threads took: 0.0008324 seconds
[2023-10-30T22:35:40.552+0000][11104.934s][debug][safepoint     ] Safepoint synchronization initiated. (188 threads)
[2023-10-30T22:35:40.553+0000][11104.934s][info ][safepoint     ] Application time: 1.0011711 seconds
[2023-10-30T22:35:40.554+0000][11104.935s][info ][safepoint     ] Entering safepoint region: Cleanup
[2023-10-30T22:35:40.555+0000][11104.936s][info ][safepoint     ] Leaving safepoint region
[2023-10-30T22:35:40.556+0000][11104.937s][info ][safepoint     ] Total time for which application threads were stopped: 0.0015719 seconds, Stopping threads took: 0.0006507 seconds
[2023-10-30T22:35:41.556+0000][11105.938s][debug][safepoint     ] Safepoint synchronization initiated. (188 threads)
[2023-10-30T22:35:41.557+0000][11105.938s][info ][safepoint     ] Application time: 1.0008455 seconds
[2023-10-30T22:35:41.558+0000][11105.939s][info ][safepoint     ] Entering safepoint region: Cleanup
[2023-10-30T22:35:41.558+0000][11105.940s][info ][safepoint     ] Leaving safepoint region
[2023-10-30T22:35:41.559+0000][11105.940s][info ][safepoint     ] Total time for which application threads were stopped: 0.0011239 seconds, Stopping threads took: 0.0005749 seconds
[2023-10-30T22:35:42.559+0000][11106.941s][debug][safepoint     ] Safepoint synchronization initiated. (188 threads)
[2023-10-30T22:35:42.560+0000][11106.941s][info ][safepoint     ] Application time: 1.0007459 seconds
[2023-10-30T22:35:42.561+0000][11106.942s][info ][safepoint     ] Entering safepoint region: Cleanup
[2023-10-30T22:35:42.561+0000][11106.943s][info ][safepoint     ] Leaving safepoint region
[2023-10-30T22:35:42.562+0000][11106.943s][info ][safepoint     ] Total time for which application threads were stopped: 0.0011799 seconds, Stopping threads took: 0.0005418 seconds
[2023-10-30T22:35:43.562+0000][11107.944s][debug][safepoint     ] Safepoint synchronization initiated. (188 threads)
[2023-10-30T22:35:43.563+0000][11107.945s][info ][safepoint     ] Application time: 1.0012266 seconds
[2023-10-30T22:35:43.564+0000][11107.946s][info ][safepoint     ] Entering safepoint region: Cleanup
[2023-10-30T22:35:43.566+0000][11107.947s][info ][safepoint     ] Leaving safepoint region
[2023-10-30T22:35:43.566+0000][11107.948s][info ][safepoint     ] Total time for which application threads were stopped: 0.0020160 seconds, Stopping threads took: 0.0008435 seconds
[2023-10-30T22:35:44.567+0000][11108.949s][debug][safepoint     ] Safepoint synchronization initiated. (188 threads)
[2023-10-30T22:35:44.568+0000][11108.949s][info ][safepoint     ] Application time: 1.0006158 seconds
[2023-10-30T22:35:44.568+0000][11108.949s][info ][safepoint     ] Entering safepoint region: Cleanup
[2023-10-30T22:35:44.569+0000][11108.950s][info ][safepoint     ] Leaving safepoint region
[2023-10-30T22:35:44.569+0000][11108.950s][info ][safepoint     ] Total time for which application threads were stopped: 0.0009016 seconds, Stopping threads took: 0.0004052 seconds
[2023-10-30T22:35:45.570+0000][11109.951s][debug][safepoint     ] Safepoint synchronization initiated. (188 threads)
[2023-10-30T22:35:45.571+0000][11109.952s][info ][safepoint     ] Application time: 1.0016286 seconds
[2023-10-30T22:35:45.572+0000][11109.953s][info ][safepoint     ] Entering safepoint region: Cleanup
[2023-10-30T22:35:45.573+0000][11109.955s][info ][safepoint     ] Leaving safepoint region
[2023-10-30T22:35:45.574+0000][11109.955s][info ][safepoint     ] Total time for which application threads were stopped: 0.0022229 seconds, Stopping threads took: 0.0010517 seconds
[2023-10-30T22:35:46.575+0000][11110.956s][debug][safepoint     ] Safepoint synchronization initiated. (188 threads)
[2023-10-30T22:35:46.576+0000][11110.957s][info ][safepoint     ] Application time: 1.0008703 seconds
[2023-10-30T22:35:46.576+0000][11110.958s][info ][safepoint     ] Entering safepoint region: Cleanup
[2023-10-30T22:35:46.577+0000][11110.958s][info ][safepoint     ] Leaving safepoint region
[2023-10-30T22:35:46.577+0000][11110.959s][info ][safepoint     ] Total time for which application threads were stopped: 0.0011261 seconds, Stopping threads took: 0.0005790 seconds
[2023-10-30T22:35:47.578+0000][11111.959s][debug][safepoint     ] Safepoint synchronization initiated. (188 threads)
[2023-10-30T22:35:47.579+0000][11111.960s][info ][safepoint     ] Application time: 1.0015177 seconds
[2023-10-30T22:35:47.580+0000][11111.961s][info ][safepoint     ] Entering safepoint region: Cleanup
[2023-10-30T22:35:47.581+0000][11111.963s][info ][safepoint     ] Leaving safepoint region
[2023-10-30T22:35:47.582+0000][11111.963s][info ][safepoint     ] Total time for which application threads were stopped: 0.0018673 seconds, Stopping threads took: 0.0008187 seconds
[2023-10-30T22:35:48.583+0000][11112.964s][debug][safepoint     ] Safepoint synchronization initiated. (188 threads)
[2023-10-30T22:35:48.583+0000][11112.965s][info ][safepoint     ] Application time: 1.0005830 seconds
[2023-10-30T22:35:48.584+0000][11112.965s][debug][safepoint     ] Waiting for 1 thread(s) to block
[2023-10-30T22:35:48.584+0000][11112.965s][info ][safepoint     ] Entering safepoint region: Cleanup
[2023-10-30T22:35:48.585+0000][11112.966s][info ][safepoint     ] Leaving safepoint region
[2023-10-30T22:35:48.585+0000][11112.966s][info ][safepoint     ] Total time for which application threads were stopped: 0.0011876 seconds, Stopping threads took: 0.0007033 seconds
[2023-10-30T22:35:49.585+0000][11113.967s][debug][safepoint     ] Safepoint synchronization initiated. (188 threads)
[2023-10-30T22:35:49.587+0000][11113.968s][info ][safepoint     ] Application time: 1.0014014 seconds
[2023-10-30T22:35:49.587+0000][11113.968s][info ][safepoint     ] Entering safepoint region: Cleanup
[2023-10-30T22:35:49.588+0000][11113.969s][info ][safepoint     ] Leaving safepoint region
[2023-10-30T22:35:49.589+0000][11113.970s][info ][safepoint     ] Total time for which application threads were stopped: 0.0015351 seconds, Stopping threads took: 0.0006208 seconds
[2023-10-30T22:35:50.589+0000][11114.971s][debug][safepoint     ] Safepoint synchronization initiated. (188 threads)
[2023-10-30T22:35:50.591+0000][11114.972s][info ][safepoint     ] Application time: 1.0018197 seconds
[2023-10-30T22:35:50.592+0000][11114.973s][info ][safepoint     ] Entering safepoint region: Cleanup
[2023-10-30T22:35:50.593+0000][11114.974s][info ][safepoint     ] Leaving safepoint region
[2023-10-30T22:35:50.594+0000][11114.976s][info ][safepoint     ] Total time for which application threads were stopped: 0.0026932 seconds, Stopping threads took: 0.0005207 seconds
[2023-10-30T22:35:51.596+0000][11115.977s][debug][safepoint     ] Safepoint synchronization initiated. (188 threads)
[2023-10-30T22:35:51.597+0000][11115.978s][info ][safepoint     ] Application time: 1.0008779 seconds
[2023-10-30T22:35:51.597+0000][11115.978s][info ][safepoint     ] Entering safepoint region: Cleanup
[2023-10-30T22:35:51.598+0000][11115.979s][info ][safepoint     ] Leaving safepoint region
[2023-10-30T22:35:51.598+0000][11115.980s][info ][safepoint     ] Total time for which application threads were stopped: 0.0012828 seconds, Stopping threads took: 0.0005756 seconds
[2023-10-30T22:35:51.947+0000][11116.328s][debug][safepoint     ] Safepoint synchronization initiated. (188 threads)
[2023-10-30T22:35:51.947+0000][11116.329s][info ][safepoint     ] Application time: 0.3486045 seconds
[2023-10-30T22:35:51.948+0000][11116.329s][info ][safepoint     ] Entering safepoint region: G1CollectForAllocation
[2023-10-30T22:35:51.948+0000][11116.329s][info ][gc,start      ] GC(129) Pause Young (Prepare Mixed) (G1 Evacuation Pause)
[2023-10-30T22:35:51.949+0000][11116.330s][info ][gc,task       ] GC(129) Using 8 workers of 8 for evacuation
[2023-10-30T22:35:51.955+0000][11116.336s][info ][gc,phases     ] GC(129)   Pre Evacuate Collection Set: 0.0ms
[2023-10-30T22:35:51.955+0000][11116.336s][info ][gc,phases     ] GC(129)   Evacuate Collection Set: 3.0ms
[2023-10-30T22:35:51.956+0000][11116.337s][info ][gc,phases     ] GC(129)   Post Evacuate Collection Set: 2.3ms
[2023-10-30T22:35:51.956+0000][11116.338s][info ][gc,phases     ] GC(129)   Other: 1.1ms
[2023-10-30T22:35:51.957+0000][11116.338s][info ][gc,heap       ] GC(129) Eden regions: 160->0(16)
[2023-10-30T22:35:51.958+0000][11116.340s][info ][gc,heap       ] GC(129) Survivor regions: 2->2(21)
[2023-10-30T22:35:51.959+0000][11116.340s][info ][gc,heap       ] GC(129) Old regions: 143->143
[2023-10-30T22:35:51.959+0000][11116.341s][info ][gc,heap       ] GC(129) Humongous regions: 30->30
[2023-10-30T22:35:51.960+0000][11116.341s][info ][gc,metaspace  ] GC(129) Metaspace: 169080K(176724K)->169080K(176724K) NonClass: 149781K(154760K)->149781K(154760K) Class: 19299K(21964K)->19299K(21964K)
[2023-10-30T22:35:51.961+0000][11116.342s][info ][gc            ] GC(129) Pause Young (Prepare Mixed) (G1 Evacuation Pause) 333M->173M(372M) 12.510ms
[2023-10-30T22:35:51.961+0000][11116.342s][info ][gc,cpu        ] GC(129) User=0.03s Sys=0.01s Real=0.02s
[2023-10-30T22:35:51.961+0000][11116.343s][info ][safepoint     ] Leaving safepoint region
[2023-10-30T22:35:51.962+0000][11116.343s][info ][safepoint     ] Total time for which application threads were stopped: 0.0140432 seconds, Stopping threads took: 0.0003031 seconds
[2023-10-30T22:35:51.962+0000][11116.343s][info ][gc,stringdedup] Concurrent String Deduplication (11116.343s)
[2023-10-30T22:35:51.963+0000][11116.344s][info ][gc,stringdedup] Concurrent String Deduplication 656.0B->0.0B(656.0B) avg 54.7% (11116.343s, 11116.344s) 0.405ms
[2023-10-30T22:35:52.962+0000][11117.344s][debug][safepoint     ] Safepoint synchronization initiated. (188 threads)
[2023-10-30T22:35:52.963+0000][11117.344s][info ][safepoint     ] Application time: 1.0009369 seconds
[2023-10-30T22:35:52.965+0000][11117.346s][info ][safepoint     ] Entering safepoint region: Cleanup
[2023-10-30T22:35:52.966+0000][11117.347s][info ][safepoint     ] Leaving safepoint region
[2023-10-30T22:35:52.966+0000][11117.347s][info ][safepoint     ] Total time for which application threads were stopped: 0.0020182 seconds, Stopping threads took: 0.0012491 seconds
[2023-10-30T22:35:53.967+0000][11118.348s][debug][safepoint     ] Safepoint synchronization initiated. (188 threads)
[2023-10-30T22:35:53.968+0000][11118.349s][info ][safepoint     ] Application time: 1.0009580 seconds
[2023-10-30T22:35:53.969+0000][11118.350s][info ][safepoint     ] Entering safepoint region: Cleanup
[2023-10-30T22:35:53.969+0000][11118.350s][info ][safepoint     ] Leaving safepoint region
[2023-10-30T22:35:53.970+0000][11118.351s][info ][safepoint     ] Total time for which application threads were stopped: 0.0011612 seconds, Stopping threads took: 0.0005201 seconds
[2023-10-30T22:35:54.970+0000][11119.351s][debug][safepoint     ] Safepoint synchronization initiated. (188 threads)
[2023-10-30T22:35:54.971+0000][11119.352s][info ][safepoint     ] Application time: 1.0009866 seconds
[2023-10-30T22:35:54.972+0000][11119.353s][debug][safepoint     ] ... found polling page return exception at pc = 0x00007f31609c75c8, stub =0x00007f3158840600
[2023-10-30T22:35:54.973+0000][11119.354s][debug][safepoint     ] Waiting for 2 thread(s) to block
[2023-10-30T22:35:54.974+0000][11119.355s][info ][safepoint     ] Entering safepoint region: Cleanup
[2023-10-30T22:35:54.974+0000][11119.356s][info ][safepoint     ] Leaving safepoint region
[2023-10-30T22:35:54.975+0000][11119.356s][info ][safepoint     ] Total time for which application threads were stopped: 0.0031717 seconds, Stopping threads took: 0.0024409 seconds
[2023-10-30T22:35:55.976+0000][11120.357s][debug][safepoint     ] Safepoint synchronization initiated. (188 threads)
[2023-10-30T22:35:55.976+0000][11120.357s][info ][safepoint     ] Application time: 1.0007891 seconds
[2023-10-30T22:35:55.977+0000][11120.358s][info ][safepoint     ] Entering safepoint region: Cleanup
[2023-10-30T22:35:55.977+0000][11120.359s][info ][safepoint     ] Leaving safepoint region
[2023-10-30T22:35:55.978+0000][11120.359s][info ][safepoint     ] Total time for which application threads were stopped: 0.0011797 seconds, Stopping threads took: 0.0004816 seconds
[2023-10-30T22:35:56.979+0000][11121.360s][debug][safepoint     ] Safepoint synchronization initiated. (188 threads)
[2023-10-30T22:35:56.979+0000][11121.360s][info ][safepoint     ] Application time: 1.0008836 seconds
[2023-10-30T22:35:56.980+0000][11121.361s][debug][safepoint     ] ... found polling page return exception at pc = 0x00007f31609dc108, stub =0x00007f3158840600
[2023-10-30T22:35:56.981+0000][11121.362s][debug][safepoint     ] Waiting for 1 thread(s) to block
[2023-10-30T22:35:56.982+0000][11121.363s][info ][safepoint     ] Entering safepoint region: Cleanup
[2023-10-30T22:35:56.983+0000][11121.364s][info ][safepoint     ] Leaving safepoint region
[2023-10-30T22:35:56.983+0000][11121.364s][info ][safepoint     ] Total time for which application threads were stopped: 0.0032336 seconds, Stopping threads took: 0.0022904 seconds
[2023-10-30T22:35:57.984+0000][11122.365s][debug][safepoint     ] Safepoint synchronization initiated. (188 threads)
[2023-10-30T22:35:57.985+0000][11122.366s][info ][safepoint     ] Application time: 1.0009356 seconds
[2023-10-30T22:35:57.985+0000][11122.366s][info ][safepoint     ] Entering safepoint region: Cleanup
[2023-10-30T22:35:57.986+0000][11122.367s][info ][safepoint     ] Leaving safepoint region
[2023-10-30T22:35:57.986+0000][11122.367s][info ][safepoint     ] Total time for which application threads were stopped: 0.0011588 seconds, Stopping threads took: 0.0004608 seconds
[2023-10-30T22:35:58.987+0000][11123.368s][debug][safepoint     ] Safepoint synchronization initiated. (188 threads)
[2023-10-30T22:35:58.988+0000][11123.369s][info ][safepoint     ] Application time: 1.0012419 seconds
[2023-10-30T22:35:58.989+0000][11123.370s][info ][safepoint     ] Entering safepoint region: Cleanup
[2023-10-30T22:35:58.990+0000][11123.371s][info ][safepoint     ] Leaving safepoint region
[2023-10-30T22:35:58.990+0000][11123.371s][info ][safepoint     ] Total time for which application threads were stopped: 0.0015766 seconds, Stopping threads took: 0.0006632 seconds
[2023-10-30T22:35:59.991+0000][11124.372s][debug][safepoint     ] Safepoint synchronization initiated. (188 threads)
[2023-10-30T22:35:59.992+0000][11124.373s][info ][safepoint     ] Application time: 1.0013041 seconds
[2023-10-30T22:35:59.993+0000][11124.374s][info ][safepoint     ] Entering safepoint region: Cleanup
[2023-10-30T22:35:59.994+0000][11124.375s][info ][safepoint     ] Leaving safepoint region
[2023-10-30T22:35:59.995+0000][11124.376s][info ][safepoint     ] Total time for which application threads were stopped: 0.0018911 seconds, Stopping threads took: 0.0009784 seconds
[2023-10-30T22:36:00.996+0000][11125.377s][debug][safepoint     ] Safepoint synchronization initiated. (188 threads)
[2023-10-30T22:36:00.997+0000][11125.378s][info ][safepoint     ] Application time: 1.0007784 seconds
[2023-10-30T22:36:00.997+0000][11125.378s][info ][safepoint     ] Entering safepoint region: Cleanup
[2023-10-30T22:36:00.998+0000][11125.379s][info ][safepoint     ] Leaving safepoint region
[2023-10-30T22:36:00.999+0000][11125.380s][info ][safepoint     ] Total time for which application threads were stopped: 0.0014569 seconds, Stopping threads took: 0.0006938 seconds
[2023-10-30T22:36:01.999+0000][11126.380s][debug][safepoint     ] Safepoint synchronization initiated. (188 threads)
[2023-10-30T22:36:02.000+0000][11126.382s][info ][safepoint     ] Application time: 1.0013062 seconds
[2023-10-30T22:36:02.001+0000][11126.382s][info ][safepoint     ] Entering safepoint region: Cleanup
[2023-10-30T22:36:02.003+0000][11126.384s][info ][safepoint     ] Leaving safepoint region
[2023-10-30T22:36:02.003+0000][11126.384s][info ][safepoint     ] Total time for which application threads were stopped: 0.0020352 seconds, Stopping threads took: 0.0008946 seconds
[2023-10-30T22:36:03.005+0000][11127.386s][debug][safepoint     ] Safepoint synchronization initiated. (188 threads)
[2023-10-30T22:36:03.006+0000][11127.387s][info ][safepoint     ] Application time: 1.0014780 seconds
[2023-10-30T22:36:03.007+0000][11127.388s][info ][safepoint     ] Entering safepoint region: Cleanup
[2023-10-30T22:36:03.008+0000][11127.389s][info ][safepoint     ] Leaving safepoint region
[2023-10-30T22:36:03.009+0000][11127.390s][info ][safepoint     ] Total time for which application threads were stopped: 0.0024512 seconds, Stopping threads took: 0.0011070 seconds
[2023-10-30T22:36:04.010+0000][11128.391s][debug][safepoint     ] Safepoint synchronization initiated. (188 threads)
[2023-10-30T22:36:04.011+0000][11128.392s][info ][safepoint     ] Application time: 1.0008833 seconds
[2023-10-30T22:36:04.011+0000][11128.392s][info ][safepoint     ] Entering safepoint region: Cleanup
[2023-10-30T22:36:04.012+0000][11128.393s][info ][safepoint     ] Leaving safepoint region
[2023-10-30T22:36:04.013+0000][11128.394s][info ][safepoint     ] Total time for which application threads were stopped: 0.0013730 seconds, Stopping threads took: 0.0006046 seconds
[2023-10-30T22:36:05.013+0000][11129.394s][debug][safepoint     ] Safepoint synchronization initiated. (188 threads)
[2023-10-30T22:36:05.015+0000][11129.396s][info ][safepoint     ] Application time: 1.0015021 seconds
[2023-10-30T22:36:05.016+0000][11129.397s][info ][safepoint     ] Entering safepoint region: Cleanup
[2023-10-30T22:36:05.017+0000][11129.398s][info ][safepoint     ] Leaving safepoint region
[2023-10-30T22:36:05.018+0000][11129.399s][info ][safepoint     ] Total time for which application threads were stopped: 0.0022856 seconds, Stopping threads took: 0.0010166 seconds
[2023-10-30T22:36:06.019+0000][11130.400s][debug][safepoint     ] Safepoint synchronization initiated. (188 threads)
[2023-10-30T22:36:06.020+0000][11130.401s][info ][safepoint     ] Application time: 1.0011868 seconds
[2023-10-30T22:36:06.021+0000][11130.402s][info ][safepoint     ] Entering safepoint region: Cleanup
[2023-10-30T22:36:06.022+0000][11130.403s][info ][safepoint     ] Leaving safepoint region
[2023-10-30T22:36:06.023+0000][11130.404s][info ][safepoint     ] Total time for which application threads were stopped: 0.0018594 seconds, Stopping threads took: 0.0008513 seconds
[2023-10-30T22:36:07.024+0000][11131.405s][debug][safepoint     ] Safepoint synchronization initiated. (188 threads)
[2023-10-30T22:36:07.025+0000][11131.406s][info ][safepoint     ] Application time: 1.0012427 seconds
[2023-10-30T22:36:07.026+0000][11131.407s][info ][safepoint     ] Entering safepoint region: Cleanup
[2023-10-30T22:36:07.027+0000][11131.408s][info ][safepoint     ] Leaving safepoint region
[2023-10-30T22:36:07.027+0000][11131.408s][info ][safepoint     ] Total time for which application threads were stopped: 0.0018429 seconds, Stopping threads took: 0.0008662 seconds
[2023-10-30T22:36:08.028+0000][11132.409s][debug][safepoint     ] Safepoint synchronization initiated. (188 threads)
[2023-10-30T22:36:08.029+0000][11132.410s][info ][safepoint     ] Application time: 1.0011550 seconds
[2023-10-30T22:36:08.030+0000][11132.411s][info ][safepoint     ] Entering safepoint region: Cleanup
[2023-10-30T22:36:08.032+0000][11132.413s][info ][safepoint     ] Leaving safepoint region
[2023-10-30T22:36:08.033+0000][11132.414s][info ][safepoint     ] Total time for which application threads were stopped: 0.0022694 seconds, Stopping threads took: 0.0010557 seconds
[2023-10-30T22:36:08.833+0000][11133.214s][debug][safepoint     ] Safepoint synchronization initiated. (188 threads)
[2023-10-30T22:36:08.834+0000][11133.215s][info ][safepoint     ] Application time: 0.8007825 seconds
[2023-10-30T22:36:08.835+0000][11133.216s][info ][safepoint     ] Entering safepoint region: G1CollectForAllocation
[2023-10-30T22:36:08.836+0000][11133.217s][info ][gc,start      ] GC(130) Pause Young (Mixed) (G1 Evacuation Pause)
[2023-10-30T22:36:08.837+0000][11133.218s][info ][gc,task       ] GC(130) Using 8 workers of 8 for evacuation
[2023-10-30T22:36:08.845+0000][11133.226s][info ][gc,phases     ] GC(130)   Pre Evacuate Collection Set: 0.2ms
[2023-10-30T22:36:08.845+0000][11133.226s][info ][gc,phases     ] GC(130)   Evacuate Collection Set: 4.1ms
[2023-10-30T22:36:08.846+0000][11133.227s][info ][gc,phases     ] GC(130)   Post Evacuate Collection Set: 2.1ms
[2023-10-30T22:36:08.846+0000][11133.227s][info ][gc,phases     ] GC(130)   Other: 2.1ms
[2023-10-30T22:36:08.847+0000][11133.228s][info ][gc,heap       ] GC(130) Eden regions: 16->0(156)
[2023-10-30T22:36:08.847+0000][11133.228s][info ][gc,heap       ] GC(130) Survivor regions: 2->2(3)
[2023-10-30T22:36:08.848+0000][11133.229s][info ][gc,heap       ] GC(130) Old regions: 143->143
[2023-10-30T22:36:08.848+0000][11133.229s][info ][gc,heap       ] GC(130) Humongous regions: 30->30
[2023-10-30T22:36:08.849+0000][11133.230s][info ][gc,metaspace  ] GC(130) Metaspace: 169080K(176724K)->169080K(176724K) NonClass: 149781K(154760K)->149781K(154760K) Class: 19299K(21964K)->19299K(21964K)
[2023-10-30T22:36:08.849+0000][11133.230s][info ][gc            ] GC(130) Pause Young (Mixed) (G1 Evacuation Pause) 189M->172M(372M) 13.165ms
[2023-10-30T22:36:08.850+0000][11133.231s][info ][gc,cpu        ] GC(130) User=0.04s Sys=0.00s Real=0.02s
[2023-10-30T22:36:08.850+0000][11133.231s][info ][safepoint     ] Leaving safepoint region
[2023-10-30T22:36:08.851+0000][11133.232s][info ][safepoint     ] Total time for which application threads were stopped: 0.0157549 seconds, Stopping threads took: 0.0009297 seconds
[2023-10-30T22:36:08.851+0000][11133.232s][info ][gc,stringdedup] Concurrent String Deduplication (11133.232s)
[2023-10-30T22:36:08.852+0000][11133.233s][info ][gc,stringdedup] Concurrent String Deduplication 6832.0B->1752.0B(5080.0B) avg 54.7% (11133.232s, 11133.233s) 0.368ms
[2023-10-30T22:36:09.851+0000][11134.232s][debug][safepoint     ] Safepoint synchronization initiated. (189 threads)
[2023-10-30T22:36:09.852+0000][11134.233s][info ][safepoint     ] Application time: 1.0011571 seconds
[2023-10-30T22:36:09.853+0000][11134.234s][info ][safepoint     ] Entering safepoint region: Cleanup
[2023-10-30T22:36:09.854+0000][11134.235s][info ][safepoint     ] Leaving safepoint region
[2023-10-30T22:36:09.855+0000][11134.236s][info ][safepoint     ] Total time for which application threads were stopped: 0.0017311 seconds, Stopping threads took: 0.0008383 seconds
[2023-10-30T22:36:10.856+0000][11135.237s][debug][safepoint     ] Safepoint synchronization initiated. (189 threads)
[2023-10-30T22:36:10.857+0000][11135.238s][info ][safepoint     ] Application time: 1.0014567 seconds
[2023-10-30T22:36:10.858+0000][11135.239s][info ][safepoint     ] Entering safepoint region: Cleanup
[2023-10-30T22:36:10.860+0000][11135.241s][info ][safepoint     ] Leaving safepoint region
[2023-10-30T22:36:10.860+0000][11135.241s][info ][safepoint     ] Total time for which application threads were stopped: 0.0021235 seconds, Stopping threads took: 0.0009617 seconds
[2023-10-30T22:36:11.861+0000][11136.242s][debug][safepoint     ] Safepoint synchronization initiated. (189 threads)
[2023-10-30T22:36:11.863+0000][11136.244s][info ][safepoint     ] Application time: 1.0015116 seconds
[2023-10-30T22:36:11.864+0000][11136.245s][info ][safepoint     ] Entering safepoint region: Cleanup
[2023-10-30T22:36:11.865+0000][11136.246s][info ][safepoint     ] Leaving safepoint region
[2023-10-30T22:36:11.866+0000][11136.247s][info ][safepoint     ] Total time for which application threads were stopped: 0.0022745 seconds, Stopping threads took: 0.0010534 seconds
[2023-10-30T22:36:12.867+0000][11137.248s][debug][safepoint     ] Safepoint synchronization initiated. (189 threads)
[2023-10-30T22:36:12.868+0000][11137.249s][info ][safepoint     ] Application time: 1.0012249 seconds
[2023-10-30T22:36:12.869+0000][11137.250s][info ][safepoint     ] Entering safepoint region: Cleanup
[2023-10-30T22:36:12.870+0000][11137.251s][info ][safepoint     ] Leaving safepoint region
[2023-10-30T22:36:12.871+0000][11137.252s][info ][safepoint     ] Total time for which application threads were stopped: 0.0021453 seconds, Stopping threads took: 0.0010529 seconds
[2023-10-30T22:36:13.872+0000][11138.253s][debug][safepoint     ] Safepoint synchronization initiated. (189 threads)
[2023-10-30T22:36:13.873+0000][11138.254s][info ][safepoint     ] Application time: 1.0012605 seconds
[2023-10-30T22:36:13.874+0000][11138.255s][info ][safepoint     ] Entering safepoint region: Cleanup
[2023-10-30T22:36:13.875+0000][11138.256s][info ][safepoint     ] Leaving safepoint region
[2023-10-30T22:36:13.876+0000][11138.257s][info ][safepoint     ] Total time for which application threads were stopped: 0.0018824 seconds, Stopping threads took: 0.0008894 seconds
[2023-10-30T22:36:14.877+0000][11139.258s][debug][safepoint     ] Safepoint synchronization initiated. (188 threads)
[2023-10-30T22:36:14.878+0000][11139.259s][info ][safepoint     ] Application time: 1.0015082 seconds
[2023-10-30T22:36:14.879+0000][11139.260s][info ][safepoint     ] Entering safepoint region: Cleanup
[2023-10-30T22:36:14.880+0000][11139.261s][info ][safepoint     ] Leaving safepoint region
[2023-10-30T22:36:14.881+0000][11139.262s][info ][safepoint     ] Total time for which application threads were stopped: 0.0023161 seconds, Stopping threads took: 0.0009864 seconds
[2023-10-30T22:36:15.882+0000][11140.263s][debug][safepoint     ] Safepoint synchronization initiated. (188 threads)
[2023-10-30T22:36:15.883+0000][11140.264s][info ][safepoint     ] Application time: 1.0011433 seconds
[2023-10-30T22:36:15.884+0000][11140.265s][debug][safepoint     ] ... found polling page loop exception at pc = 0x00007f3160e65612, stub =0x00007f3158843680
[2023-10-30T22:36:15.885+0000][11140.266s][debug][safepoint     ] Waiting for 1 thread(s) to block
[2023-10-30T22:36:15.886+0000][11140.267s][info ][safepoint     ] Entering safepoint region: Cleanup
[2023-10-30T22:36:15.887+0000][11140.268s][info ][safepoint     ] Leaving safepoint region
[2023-10-30T22:36:15.888+0000][11140.269s][info ][safepoint     ] Total time for which application threads were stopped: 0.0034613 seconds, Stopping threads took: 0.0025851 seconds
[2023-10-30T22:36:16.889+0000][11141.270s][debug][safepoint     ] Safepoint synchronization initiated. (188 threads)
[2023-10-30T22:36:16.889+0000][11141.270s][info ][safepoint     ] Application time: 1.0011403 seconds
[2023-10-30T22:36:16.890+0000][11141.271s][info ][safepoint     ] Entering safepoint region: Cleanup
[2023-10-30T22:36:16.891+0000][11141.272s][info ][safepoint     ] Leaving safepoint region
[2023-10-30T22:36:16.892+0000][11141.273s][info ][safepoint     ] Total time for which application threads were stopped: 0.0015354 seconds, Stopping threads took: 0.0007000 seconds
[2023-10-30T22:36:17.892+0000][11142.273s][debug][safepoint     ] Safepoint synchronization initiated. (188 threads)
[2023-10-30T22:36:17.893+0000][11142.274s][info ][safepoint     ] Application time: 1.0005245 seconds
[2023-10-30T22:36:17.893+0000][11142.274s][info ][safepoint     ] Entering safepoint region: Cleanup
[2023-10-30T22:36:17.893+0000][11142.275s][info ][safepoint     ] Leaving safepoint region
[2023-10-30T22:36:17.894+0000][11142.275s][info ][safepoint     ] Total time for which application threads were stopped: 0.0008265 seconds, Stopping threads took: 0.0003821 seconds
[2023-10-30T22:36:18.894+0000][11143.275s][debug][safepoint     ] Safepoint synchronization initiated. (188 threads)
[2023-10-30T22:36:18.895+0000][11143.276s][info ][safepoint     ] Application time: 1.0011632 seconds
[2023-10-30T22:36:18.896+0000][11143.277s][info ][safepoint     ] Entering safepoint region: Cleanup
[2023-10-30T22:36:18.897+0000][11143.278s][info ][safepoint     ] Leaving safepoint region
[2023-10-30T22:36:18.898+0000][11143.279s][info ][safepoint     ] Total time for which application threads were stopped: 0.0019152 seconds, Stopping threads took: 0.0008685 seconds
[2023-10-30T22:36:19.899+0000][11144.280s][debug][safepoint     ] Safepoint synchronization initiated. (188 threads)
[2023-10-30T22:36:19.900+0000][11144.281s][info ][safepoint     ] Application time: 1.0014149 seconds
[2023-10-30T22:36:19.901+0000][11144.282s][info ][safepoint     ] Entering safepoint region: Cleanup
[2023-10-30T22:36:19.902+0000][11144.283s][info ][safepoint     ] Leaving safepoint region
[2023-10-30T22:36:19.903+0000][11144.284s][info ][safepoint     ] Total time for which application threads were stopped: 0.0018016 seconds, Stopping threads took: 0.0007602 seconds
[2023-10-30T22:36:20.904+0000][11145.285s][debug][safepoint     ] Safepoint synchronization initiated. (188 threads)
[2023-10-30T22:36:20.905+0000][11145.286s][info ][safepoint     ] Application time: 1.0010799 seconds
[2023-10-30T22:36:20.905+0000][11145.286s][info ][safepoint     ] Entering safepoint region: Cleanup
[2023-10-30T22:36:20.906+0000][11145.287s][info ][safepoint     ] Leaving safepoint region
[2023-10-30T22:36:20.907+0000][11145.288s][info ][safepoint     ] Total time for which application threads were stopped: 0.0015006 seconds, Stopping threads took: 0.0007038 seconds
[2023-10-30T22:36:21.908+0000][11146.289s][debug][safepoint     ] Safepoint synchronization initiated. (188 threads)
[2023-10-30T22:36:21.909+0000][11146.290s][info ][safepoint     ] Application time: 1.0011018 seconds
[2023-10-30T22:36:21.909+0000][11146.290s][info ][safepoint     ] Entering safepoint region: Cleanup
[2023-10-30T22:36:21.910+0000][11146.291s][info ][safepoint     ] Leaving safepoint region
[2023-10-30T22:36:21.911+0000][11146.292s][info ][safepoint     ] Total time for which application threads were stopped: 0.0013569 seconds, Stopping threads took: 0.0005043 seconds
[2023-10-30T22:36:22.912+0000][11147.293s][debug][safepoint     ] Safepoint synchronization initiated. (188 threads)
[2023-10-30T22:36:22.912+0000][11147.293s][info ][safepoint     ] Application time: 1.0007962 seconds
[2023-10-30T22:36:22.913+0000][11147.294s][info ][safepoint     ] Entering safepoint region: Cleanup
[2023-10-30T22:36:22.915+0000][11147.296s][info ][safepoint     ] Leaving safepoint region
[2023-10-30T22:36:22.915+0000][11147.296s][info ][safepoint     ] Total time for which application threads were stopped: 0.0019632 seconds, Stopping threads took: 0.0012324 seconds
[2023-10-30T22:36:23.916+0000][11148.297s][debug][safepoint     ] Safepoint synchronization initiated. (188 threads)
[2023-10-30T22:36:23.917+0000][11148.297s][info ][safepoint     ] Application time: 1.0009074 seconds
[2023-10-30T22:36:23.917+0000][11148.298s][info ][safepoint     ] Entering safepoint region: Cleanup
[2023-10-30T22:36:23.918+0000][11148.299s][info ][safepoint     ] Leaving safepoint region
[2023-10-30T22:36:23.918+0000][11148.299s][info ][safepoint     ] Total time for which application threads were stopped: 0.0013978 seconds, Stopping threads took: 0.0005346 seconds
[2023-10-30T22:36:24.920+0000][11149.301s][debug][safepoint     ] Safepoint synchronization initiated. (188 threads)
[2023-10-30T22:36:24.921+0000][11149.302s][info ][safepoint     ] Application time: 1.0009330 seconds
[2023-10-30T22:36:24.921+0000][11149.302s][info ][safepoint     ] Entering safepoint region: Cleanup
[2023-10-30T22:36:24.922+0000][11149.303s][info ][safepoint     ] Leaving safepoint region
[2023-10-30T22:36:24.922+0000][11149.303s][info ][safepoint     ] Total time for which application threads were stopped: 0.0010580 seconds, Stopping threads took: 0.0004822 seconds
[2023-10-30T22:36:25.923+0000][11150.304s][debug][safepoint     ] Safepoint synchronization initiated. (188 threads)
[2023-10-30T22:36:25.923+0000][11150.304s][info ][safepoint     ] Application time: 1.0006987 seconds
[2023-10-30T22:36:25.924+0000][11150.305s][info ][safepoint     ] Entering safepoint region: Cleanup
[2023-10-30T22:36:25.924+0000][11150.305s][info ][safepoint     ] Leaving safepoint region
[2023-10-30T22:36:25.925+0000][11150.306s][info ][safepoint     ] Total time for which application threads were stopped: 0.0010492 seconds, Stopping threads took: 0.0004514 seconds
[2023-10-30T22:36:26.926+0000][11151.306s][debug][safepoint     ] Safepoint synchronization initiated. (188 threads)
[2023-10-30T22:36:26.926+0000][11151.307s][info ][safepoint     ] Application time: 1.0010364 seconds
[2023-10-30T22:36:26.927+0000][11151.308s][info ][safepoint     ] Entering safepoint region: Cleanup
[2023-10-30T22:36:26.928+0000][11151.309s][info ][safepoint     ] Leaving safepoint region
[2023-10-30T22:36:26.928+0000][11151.309s][info ][safepoint     ] Total time for which application threads were stopped: 0.0014068 seconds, Stopping threads took: 0.0006391 seconds
[2023-10-30T22:36:27.929+0000][11152.310s][debug][safepoint     ] Safepoint synchronization initiated. (188 threads)
[2023-10-30T22:36:27.930+0000][11152.311s][info ][safepoint     ] Application time: 1.0009755 seconds
[2023-10-30T22:36:27.930+0000][11152.311s][info ][safepoint     ] Entering safepoint region: Cleanup
[2023-10-30T22:36:27.931+0000][11152.312s][info ][safepoint     ] Leaving safepoint region
[2023-10-30T22:36:27.932+0000][11152.313s][info ][safepoint     ] Total time for which application threads were stopped: 0.0014189 seconds, Stopping threads took: 0.0007605 seconds
[2023-10-30T22:36:28.933+0000][11153.313s][debug][safepoint     ] Safepoint synchronization initiated. (188 threads)
[2023-10-30T22:36:28.933+0000][11153.314s][info ][safepoint     ] Application time: 1.0008778 seconds
[2023-10-30T22:36:28.934+0000][11153.315s][info ][safepoint     ] Entering safepoint region: Cleanup
[2023-10-30T22:36:28.935+0000][11153.316s][info ][safepoint     ] Leaving safepoint region
[2023-10-30T22:36:28.935+0000][11153.316s][info ][safepoint     ] Total time for which application threads were stopped: 0.0013875 seconds, Stopping threads took: 0.0006557 seconds
[2023-10-30T22:36:29.936+0000][11154.317s][debug][safepoint     ] Safepoint synchronization initiated. (188 threads)
[2023-10-30T22:36:29.937+0000][11154.318s][info ][safepoint     ] Application time: 1.0011236 seconds
[2023-10-30T22:36:29.938+0000][11154.318s][info ][safepoint     ] Entering safepoint region: Cleanup
[2023-10-30T22:36:29.938+0000][11154.319s][info ][safepoint     ] Leaving safepoint region
[2023-10-30T22:36:29.939+0000][11154.320s][info ][safepoint     ] Total time for which application threads were stopped: 0.0014751 seconds, Stopping threads took: 0.0006836 seconds
[2023-10-30T22:36:30.940+0000][11155.321s][debug][safepoint     ] Safepoint synchronization initiated. (188 threads)
[2023-10-30T22:36:30.940+0000][11155.321s][info ][safepoint     ] Application time: 1.0010383 seconds
[2023-10-30T22:36:30.941+0000][11155.322s][info ][safepoint     ] Entering safepoint region: Cleanup
[2023-10-30T22:36:30.941+0000][11155.322s][info ][safepoint     ] Leaving safepoint region
[2023-10-30T22:36:30.942+0000][11155.323s][info ][safepoint     ] Total time for which application threads were stopped: 0.0008972 seconds, Stopping threads took: 0.0004010 seconds
[2023-10-30T22:36:31.942+0000][11156.323s][debug][safepoint     ] Safepoint synchronization initiated. (188 threads)
[2023-10-30T22:36:31.943+0000][11156.324s][info ][safepoint     ] Application time: 1.0009544 seconds
[2023-10-30T22:36:31.944+0000][11156.325s][info ][safepoint     ] Entering safepoint region: Cleanup
[2023-10-30T22:36:31.945+0000][11156.325s][info ][safepoint     ] Leaving safepoint region
[2023-10-30T22:36:31.945+0000][11156.326s][info ][safepoint     ] Total time for which application threads were stopped: 0.0015065 seconds, Stopping threads took: 0.0006885 seconds
[2023-10-30T22:36:32.946+0000][11157.327s][debug][safepoint     ] Safepoint synchronization initiated. (188 threads)
[2023-10-30T22:36:32.946+0000][11157.327s][info ][safepoint     ] Application time: 1.0005491 seconds
[2023-10-30T22:36:32.947+0000][11157.328s][info ][safepoint     ] Entering safepoint region: Cleanup
[2023-10-30T22:36:32.947+0000][11157.328s][info ][safepoint     ] Leaving safepoint region
[2023-10-30T22:36:32.948+0000][11157.329s][info ][safepoint     ] Total time for which application threads were stopped: 0.0009102 seconds, Stopping threads took: 0.0003998 seconds
[2023-10-30T22:36:33.948+0000][11158.329s][debug][safepoint     ] Safepoint synchronization initiated. (188 threads)
[2023-10-30T22:36:33.949+0000][11158.330s][info ][safepoint     ] Application time: 1.0006250 seconds
[2023-10-30T22:36:33.949+0000][11158.330s][info ][safepoint     ] Entering safepoint region: Cleanup
[2023-10-30T22:36:33.950+0000][11158.330s][info ][safepoint     ] Leaving safepoint region
[2023-10-30T22:36:33.950+0000][11158.331s][info ][safepoint     ] Total time for which application threads were stopped: 0.0010424 seconds, Stopping threads took: 0.0003914 seconds
[2023-10-30T22:36:34.950+0000][11159.331s][debug][safepoint     ] Safepoint synchronization initiated. (188 threads)
[2023-10-30T22:36:34.951+0000][11159.332s][info ][safepoint     ] Application time: 1.0006253 seconds
[2023-10-30T22:36:34.951+0000][11159.332s][info ][safepoint     ] Entering safepoint region: Cleanup
[2023-10-30T22:36:34.952+0000][11159.333s][info ][safepoint     ] Leaving safepoint region
[2023-10-30T22:36:34.952+0000][11159.333s][info ][safepoint     ] Total time for which application threads were stopped: 0.0010438 seconds, Stopping threads took: 0.0004638 seconds
[2023-10-30T22:36:35.953+0000][11160.334s][debug][safepoint     ] Safepoint synchronization initiated. (188 threads)
[2023-10-30T22:36:35.953+0000][11160.334s][info ][safepoint     ] Application time: 1.0007148 seconds
[2023-10-30T22:36:35.954+0000][11160.335s][info ][safepoint     ] Entering safepoint region: Cleanup
[2023-10-30T22:36:35.954+0000][11160.335s][info ][safepoint     ] Leaving safepoint region
[2023-10-30T22:36:35.955+0000][11160.335s][info ][safepoint     ] Total time for which application threads were stopped: 0.0007831 seconds, Stopping threads took: 0.0003113 seconds
[2023-10-30T22:36:36.955+0000][11161.336s][debug][safepoint     ] Safepoint synchronization initiated. (188 threads)
[2023-10-30T22:36:36.955+0000][11161.336s][info ][safepoint     ] Application time: 1.0005214 seconds
[2023-10-30T22:36:36.956+0000][11161.337s][info ][safepoint     ] Entering safepoint region: Cleanup
[2023-10-30T22:36:36.956+0000][11161.337s][info ][safepoint     ] Leaving safepoint region
[2023-10-30T22:36:36.956+0000][11161.337s][info ][safepoint     ] Total time for which application threads were stopped: 0.0008144 seconds, Stopping threads took: 0.0003419 seconds
[2023-10-30T22:36:37.957+0000][11162.338s][debug][safepoint     ] Safepoint synchronization initiated. (188 threads)
[2023-10-30T22:36:37.958+0000][11162.339s][info ][safepoint     ] Application time: 1.0013624 seconds
[2023-10-30T22:36:37.959+0000][11162.340s][debug][safepoint     ] ... found polling page return exception at pc = 0x00007f3160ba6644, stub =0x00007f3158840600
[2023-10-30T22:36:37.959+0000][11162.340s][debug][safepoint     ] ... found polling page return exception at pc = 0x00007f31608e1e86, stub =0x00007f3158840600
[2023-10-30T22:36:37.961+0000][11162.342s][debug][safepoint     ] Waiting for 2 thread(s) to block
[2023-10-30T22:36:37.962+0000][11162.343s][info ][safepoint     ] Entering safepoint region: Cleanup
[2023-10-30T22:36:37.963+0000][11162.344s][info ][safepoint     ] Leaving safepoint region
[2023-10-30T22:36:37.964+0000][11162.345s][info ][safepoint     ] Total time for which application threads were stopped: 0.0047569 seconds, Stopping threads took: 0.0038988 seconds
[2023-10-30T22:36:38.965+0000][11163.345s][debug][safepoint     ] Safepoint synchronization initiated. (188 threads)
[2023-10-30T22:36:38.965+0000][11163.346s][info ][safepoint     ] Application time: 1.0011371 seconds
[2023-10-30T22:36:38.966+0000][11163.347s][info ][safepoint     ] Entering safepoint region: Cleanup
[2023-10-30T22:36:38.967+0000][11163.348s][info ][safepoint     ] Leaving safepoint region
[2023-10-30T22:36:38.968+0000][11163.349s][info ][safepoint     ] Total time for which application threads were stopped: 0.0016543 seconds, Stopping threads took: 0.0007113 seconds
[2023-10-30T22:36:39.968+0000][11164.349s][debug][safepoint     ] Safepoint synchronization initiated. (188 threads)
[2023-10-30T22:36:39.969+0000][11164.350s][info ][safepoint     ] Application time: 1.0006916 seconds
[2023-10-30T22:36:39.970+0000][11164.350s][info ][safepoint     ] Entering safepoint region: Cleanup
[2023-10-30T22:36:39.970+0000][11164.351s][info ][safepoint     ] Leaving safepoint region
[2023-10-30T22:36:39.971+0000][11164.351s][info ][safepoint     ] Total time for which application threads were stopped: 0.0011014 seconds, Stopping threads took: 0.0004927 seconds
[2023-10-30T22:36:40.971+0000][11165.352s][debug][safepoint     ] Safepoint synchronization initiated. (188 threads)
[2023-10-30T22:36:40.972+0000][11165.353s][info ][safepoint     ] Application time: 1.0012901 seconds
[2023-10-30T22:36:40.973+0000][11165.354s][info ][safepoint     ] Entering safepoint region: Cleanup
[2023-10-30T22:36:40.974+0000][11165.355s][info ][safepoint     ] Leaving safepoint region
[2023-10-30T22:36:40.975+0000][11165.356s][info ][safepoint     ] Total time for which application threads were stopped: 0.0016741 seconds, Stopping threads took: 0.0007275 seconds
[2023-10-30T22:36:41.976+0000][11166.357s][debug][safepoint     ] Safepoint synchronization initiated. (188 threads)
[2023-10-30T22:36:41.976+0000][11166.357s][info ][safepoint     ] Application time: 1.0009775 seconds
[2023-10-30T22:36:41.977+0000][11166.358s][info ][safepoint     ] Entering safepoint region: Cleanup
[2023-10-30T22:36:41.978+0000][11166.359s][info ][safepoint     ] Leaving safepoint region
[2023-10-30T22:36:41.978+0000][11166.359s][info ][safepoint     ] Total time for which application threads were stopped: 0.0013563 seconds, Stopping threads took: 0.0005143 seconds
[2023-10-30T22:36:42.979+0000][11167.360s][debug][safepoint     ] Safepoint synchronization initiated. (188 threads)
[2023-10-30T22:36:42.980+0000][11167.361s][info ][safepoint     ] Application time: 1.0010652 seconds
[2023-10-30T22:36:42.981+0000][11167.362s][info ][safepoint     ] Entering safepoint region: Cleanup
[2023-10-30T22:36:42.982+0000][11167.363s][info ][safepoint     ] Leaving safepoint region
[2023-10-30T22:36:42.982+0000][11167.363s][info ][safepoint     ] Total time for which application threads were stopped: 0.0016017 seconds, Stopping threads took: 0.0007507 seconds
[2023-10-30T22:36:43.983+0000][11168.364s][debug][safepoint     ] Safepoint synchronization initiated. (188 threads)
[2023-10-30T22:36:43.984+0000][11168.364s][info ][safepoint     ] Application time: 1.0006172 seconds
[2023-10-30T22:36:43.984+0000][11168.365s][info ][safepoint     ] Entering safepoint region: Cleanup
[2023-10-30T22:36:43.985+0000][11168.365s][info ][safepoint     ] Leaving safepoint region
[2023-10-30T22:36:43.985+0000][11168.366s][info ][safepoint     ] Total time for which application threads were stopped: 0.0009881 seconds, Stopping threads took: 0.0003956 seconds
[2023-10-30T22:36:44.986+0000][11169.366s][debug][safepoint     ] Safepoint synchronization initiated. (188 threads)
[2023-10-30T22:36:44.987+0000][11169.368s][info ][safepoint     ] Application time: 1.0013889 seconds
[2023-10-30T22:36:44.988+0000][11169.369s][info ][safepoint     ] Entering safepoint region: Cleanup
[2023-10-30T22:36:44.989+0000][11169.370s][info ][safepoint     ] Leaving safepoint region
[2023-10-30T22:36:44.990+0000][11169.371s][info ][safepoint     ] Total time for which application threads were stopped: 0.0021861 seconds, Stopping threads took: 0.0010355 seconds
[2023-10-30T22:36:45.991+0000][11170.372s][debug][safepoint     ] Safepoint synchronization initiated. (188 threads)
[2023-10-30T22:36:45.992+0000][11170.372s][info ][safepoint     ] Application time: 1.0009249 seconds
[2023-10-30T22:36:45.992+0000][11170.373s][info ][safepoint     ] Entering safepoint region: Cleanup
[2023-10-30T22:36:45.993+0000][11170.374s][info ][safepoint     ] Leaving safepoint region
[2023-10-30T22:36:45.993+0000][11170.374s][info ][safepoint     ] Total time for which application threads were stopped: 0.0013302 seconds, Stopping threads took: 0.0005795 seconds
[2023-10-30T22:36:46.994+0000][11171.375s][debug][safepoint     ] Safepoint synchronization initiated. (188 threads)
[2023-10-30T22:36:46.995+0000][11171.376s][info ][safepoint     ] Application time: 1.0010563 seconds
[2023-10-30T22:36:46.996+0000][11171.377s][info ][safepoint     ] Entering safepoint region: Cleanup
[2023-10-30T22:36:46.997+0000][11171.378s][info ][safepoint     ] Leaving safepoint region
[2023-10-30T22:36:46.997+0000][11171.378s][info ][safepoint     ] Total time for which application threads were stopped: 0.0015949 seconds, Stopping threads took: 0.0007076 seconds
[2023-10-30T22:36:47.999+0000][11172.379s][debug][safepoint     ] Safepoint synchronization initiated. (188 threads)
[2023-10-30T22:36:47.999+0000][11172.380s][info ][safepoint     ] Application time: 1.0013647 seconds
[2023-10-30T22:36:48.000+0000][11172.381s][info ][safepoint     ] Entering safepoint region: Cleanup
[2023-10-30T22:36:48.002+0000][11172.382s][info ][safepoint     ] Leaving safepoint region
[2023-10-30T22:36:48.002+0000][11172.383s][info ][safepoint     ] Total time for which application threads were stopped: 0.0019159 seconds, Stopping threads took: 0.0008678 seconds
[2023-10-30T22:36:49.003+0000][11173.384s][debug][safepoint     ] Safepoint synchronization initiated. (188 threads)
[2023-10-30T22:36:49.004+0000][11173.385s][info ][safepoint     ] Application time: 1.0011984 seconds
[2023-10-30T22:36:49.006+0000][11173.386s][info ][safepoint     ] Entering safepoint region: Cleanup
[2023-10-30T22:36:49.007+0000][11173.387s][info ][safepoint     ] Leaving safepoint region
[2023-10-30T22:36:49.007+0000][11173.388s][info ][safepoint     ] Total time for which application threads were stopped: 0.0019950 seconds, Stopping threads took: 0.0010190 seconds
[2023-10-30T22:36:50.008+0000][11174.389s][debug][safepoint     ] Safepoint synchronization initiated. (188 threads)
[2023-10-30T22:36:50.009+0000][11174.390s][info ][safepoint     ] Application time: 1.0009817 seconds
[2023-10-30T22:36:50.009+0000][11174.390s][info ][safepoint     ] Entering safepoint region: Cleanup
[2023-10-30T22:36:50.010+0000][11174.391s][info ][safepoint     ] Leaving safepoint region
[2023-10-30T22:36:50.010+0000][11174.391s][info ][safepoint     ] Total time for which application threads were stopped: 0.0010572 seconds, Stopping threads took: 0.0004764 seconds
[2023-10-30T22:36:51.011+0000][11175.392s][debug][safepoint     ] Safepoint synchronization initiated. (188 threads)
[2023-10-30T22:36:51.012+0000][11175.393s][info ][safepoint     ] Application time: 1.0011470 seconds
[2023-10-30T22:36:51.013+0000][11175.394s][info ][safepoint     ] Entering safepoint region: Cleanup
[2023-10-30T22:36:51.014+0000][11175.395s][info ][safepoint     ] Leaving safepoint region
[2023-10-30T22:36:51.015+0000][11175.396s][info ][safepoint     ] Total time for which application threads were stopped: 0.0019907 seconds, Stopping threads took: 0.0008602 seconds
[2023-10-30T22:36:52.016+0000][11176.397s][debug][safepoint     ] Safepoint synchronization initiated. (188 threads)
[2023-10-30T22:36:52.016+0000][11176.397s][info ][safepoint     ] Application time: 1.0010186 seconds
[2023-10-30T22:36:52.017+0000][11176.398s][info ][safepoint     ] Entering safepoint region: Cleanup
[2023-10-30T22:36:52.018+0000][11176.399s][info ][safepoint     ] Leaving safepoint region
[2023-10-30T22:36:52.019+0000][11176.400s][info ][safepoint     ] Total time for which application threads were stopped: 0.0019581 seconds, Stopping threads took: 0.0008648 seconds
[2023-10-30T22:36:53.020+0000][11177.401s][debug][safepoint     ] Safepoint synchronization initiated. (188 threads)
[2023-10-30T22:36:53.021+0000][11177.402s][info ][safepoint     ] Application time: 1.0009979 seconds
[2023-10-30T22:36:53.022+0000][11177.403s][info ][safepoint     ] Entering safepoint region: Cleanup
[2023-10-30T22:36:53.023+0000][11177.404s][info ][safepoint     ] Leaving safepoint region
[2023-10-30T22:36:53.024+0000][11177.404s][info ][safepoint     ] Total time for which application threads were stopped: 0.0016787 seconds, Stopping threads took: 0.0007442 seconds
[2023-10-30T22:36:54.023+0000][11178.405s][debug][safepoint     ] Safepoint synchronization initiated. (188 threads)
[2023-10-30T22:36:54.024+0000][11178.406s][info ][safepoint     ] Application time: 1.0010076 seconds
[2023-10-30T22:36:54.025+0000][11178.407s][info ][safepoint     ] Entering safepoint region: Cleanup
[2023-10-30T22:36:54.026+0000][11178.408s][info ][safepoint     ] Leaving safepoint region
[2023-10-30T22:36:54.026+0000][11178.408s][info ][safepoint     ] Total time for which application threads were stopped: 0.0016396 seconds, Stopping threads took: 0.0008309 seconds
[2023-10-30T22:36:55.027+0000][11179.409s][debug][safepoint     ] Safepoint synchronization initiated. (188 threads)
[2023-10-30T22:36:55.028+0000][11179.410s][info ][safepoint     ] Application time: 1.0012307 seconds
[2023-10-30T22:36:55.029+0000][11179.411s][info ][safepoint     ] Entering safepoint region: Cleanup
[2023-10-30T22:36:55.030+0000][11179.412s][info ][safepoint     ] Leaving safepoint region
[2023-10-30T22:36:55.031+0000][11179.413s][info ][safepoint     ] Total time for which application threads were stopped: 0.0019735 seconds, Stopping threads took: 0.0009527 seconds
[2023-10-30T22:36:56.032+0000][11180.414s][debug][safepoint     ] Safepoint synchronization initiated. (188 threads)
[2023-10-30T22:36:56.033+0000][11180.415s][info ][safepoint     ] Application time: 1.0013634 seconds
[2023-10-30T22:36:56.034+0000][11180.416s][info ][safepoint     ] Entering safepoint region: Cleanup
[2023-10-30T22:36:56.036+0000][11180.418s][info ][safepoint     ] Leaving safepoint region
[2023-10-30T22:36:56.036+0000][11180.418s][info ][safepoint     ] Total time for which application threads were stopped: 0.0018767 seconds, Stopping threads took: 0.0008484 seconds
[2023-10-30T22:36:57.037+0000][11181.419s][debug][safepoint     ] Safepoint synchronization initiated. (188 threads)
[2023-10-30T22:36:57.039+0000][11181.421s][info ][safepoint     ] Application time: 1.0015369 seconds
[2023-10-30T22:36:57.039+0000][11181.422s][info ][safepoint     ] Entering safepoint region: Cleanup
[2023-10-30T22:36:57.041+0000][11181.423s][info ][safepoint     ] Leaving safepoint region
[2023-10-30T22:36:57.041+0000][11181.424s][info ][safepoint     ] Total time for which application threads were stopped: 0.0020273 seconds, Stopping threads took: 0.0008819 seconds
[2023-10-30T22:36:58.042+0000][11182.424s][debug][safepoint     ] Safepoint synchronization initiated. (188 threads)
[2023-10-30T22:36:58.043+0000][11182.425s][info ][safepoint     ] Application time: 1.0006102 seconds
[2023-10-30T22:36:58.043+0000][11182.425s][info ][safepoint     ] Entering safepoint region: Cleanup
[2023-10-30T22:36:58.044+0000][11182.426s][info ][safepoint     ] Leaving safepoint region
[2023-10-30T22:36:58.044+0000][11182.427s][info ][safepoint     ] Total time for which application threads were stopped: 0.0011550 seconds, Stopping threads took: 0.0005276 seconds
[2023-10-30T22:36:59.045+0000][11183.427s][debug][safepoint     ] Safepoint synchronization initiated. (188 threads)
[2023-10-30T22:36:59.046+0000][11183.428s][info ][safepoint     ] Application time: 1.0007852 seconds
[2023-10-30T22:36:59.047+0000][11183.429s][info ][safepoint     ] Entering safepoint region: Cleanup
[2023-10-30T22:36:59.047+0000][11183.429s][info ][safepoint     ] Leaving safepoint region
[2023-10-30T22:36:59.048+0000][11183.430s][info ][safepoint     ] Total time for which application threads were stopped: 0.0012193 seconds, Stopping threads took: 0.0005896 seconds
[2023-10-30T22:37:00.048+0000][11184.430s][debug][safepoint     ] Safepoint synchronization initiated. (188 threads)
[2023-10-30T22:37:00.049+0000][11184.431s][info ][safepoint     ] Application time: 1.0007724 seconds
[2023-10-30T22:37:00.050+0000][11184.432s][info ][safepoint     ] Entering safepoint region: Cleanup
[2023-10-30T22:37:00.051+0000][11184.433s][info ][safepoint     ] Leaving safepoint region
[2023-10-30T22:37:00.051+0000][11184.433s][info ][safepoint     ] Total time for which application threads were stopped: 0.0013890 seconds, Stopping threads took: 0.0008360 seconds
[2023-10-30T22:37:01.052+0000][11185.434s][debug][safepoint     ] Safepoint synchronization initiated. (188 threads)
[2023-10-30T22:37:01.052+0000][11185.434s][info ][safepoint     ] Application time: 1.0006747 seconds
[2023-10-30T22:37:01.052+0000][11185.435s][info ][safepoint     ] Entering safepoint region: Cleanup
[2023-10-30T22:37:01.053+0000][11185.435s][info ][safepoint     ] Leaving safepoint region
[2023-10-30T22:37:01.053+0000][11185.435s][info ][safepoint     ] Total time for which application threads were stopped: 0.0008539 seconds, Stopping threads took: 0.0003707 seconds
[2023-10-30T22:37:02.054+0000][11186.436s][debug][safepoint     ] Safepoint synchronization initiated. (188 threads)
[2023-10-30T22:37:02.055+0000][11186.437s][info ][safepoint     ] Application time: 1.0010635 seconds
[2023-10-30T22:37:02.056+0000][11186.438s][info ][safepoint     ] Entering safepoint region: Cleanup
[2023-10-30T22:37:02.057+0000][11186.439s][info ][safepoint     ] Leaving safepoint region
[2023-10-30T22:37:02.057+0000][11186.439s][info ][safepoint     ] Total time for which application threads were stopped: 0.0019373 seconds, Stopping threads took: 0.0008750 seconds
[2023-10-30T22:37:03.058+0000][11187.441s][debug][safepoint     ] Safepoint synchronization initiated. (188 threads)
[2023-10-30T22:37:03.060+0000][11187.442s][info ][safepoint     ] Application time: 1.0014619 seconds
[2023-10-30T22:37:03.060+0000][11187.442s][info ][safepoint     ] Entering safepoint region: Cleanup
[2023-10-30T22:37:03.060+0000][11187.442s][info ][safepoint     ] Leaving safepoint region
[2023-10-30T22:37:03.061+0000][11187.443s][info ][safepoint     ] Total time for which application threads were stopped: 0.0008318 seconds, Stopping threads took: 0.0003759 seconds
[2023-10-30T22:37:04.061+0000][11188.443s][debug][safepoint     ] Safepoint synchronization initiated. (188 threads)
[2023-10-30T22:37:04.062+0000][11188.444s][info ][safepoint     ] Application time: 1.0012556 seconds
[2023-10-30T22:37:04.063+0000][11188.445s][info ][safepoint     ] Entering safepoint region: Cleanup
[2023-10-30T22:37:04.064+0000][11188.446s][info ][safepoint     ] Leaving safepoint region
[2023-10-30T22:37:04.065+0000][11188.447s][info ][safepoint     ] Total time for which application threads were stopped: 0.0018922 seconds, Stopping threads took: 0.0008083 seconds
[2023-10-30T22:37:05.066+0000][11189.448s][debug][safepoint     ] Safepoint synchronization initiated. (188 threads)
[2023-10-30T22:37:05.067+0000][11189.449s][info ][safepoint     ] Application time: 1.0009207 seconds
[2023-10-30T22:37:05.067+0000][11189.449s][info ][safepoint     ] Entering safepoint region: Cleanup
[2023-10-30T22:37:05.068+0000][11189.450s][info ][safepoint     ] Leaving safepoint region
[2023-10-30T22:37:05.068+0000][11189.450s][info ][safepoint     ] Total time for which application threads were stopped: 0.0012717 seconds, Stopping threads took: 0.0006583 seconds
[2023-10-30T22:37:06.069+0000][11190.451s][debug][safepoint     ] Safepoint synchronization initiated. (188 threads)
[2023-10-30T22:37:06.070+0000][11190.452s][info ][safepoint     ] Application time: 1.0010889 seconds
[2023-10-30T22:37:06.071+0000][11190.453s][info ][safepoint     ] Entering safepoint region: Cleanup
[2023-10-30T22:37:06.071+0000][11190.453s][info ][safepoint     ] Leaving safepoint region
[2023-10-30T22:37:06.072+0000][11190.454s][info ][safepoint     ] Total time for which application threads were stopped: 0.0012715 seconds, Stopping threads took: 0.0005671 seconds
[2023-10-30T22:37:07.073+0000][11191.455s][debug][safepoint     ] Safepoint synchronization initiated. (188 threads)
[2023-10-30T22:37:07.073+0000][11191.455s][info ][safepoint     ] Application time: 1.0009390 seconds
[2023-10-30T22:37:07.074+0000][11191.456s][info ][safepoint     ] Entering safepoint region: Cleanup
[2023-10-30T22:37:07.075+0000][11191.457s][info ][safepoint     ] Leaving safepoint region
[2023-10-30T22:37:07.076+0000][11191.458s][info ][safepoint     ] Total time for which application threads were stopped: 0.0015699 seconds, Stopping threads took: 0.0006274 seconds
[2023-10-30T22:37:08.076+0000][11192.458s][debug][safepoint     ] Safepoint synchronization initiated. (188 threads)
[2023-10-30T22:37:08.077+0000][11192.459s][info ][safepoint     ] Application time: 1.0010373 seconds
[2023-10-30T22:37:08.078+0000][11192.460s][info ][safepoint     ] Entering safepoint region: Cleanup
[2023-10-30T22:37:08.079+0000][11192.461s][info ][safepoint     ] Leaving safepoint region
[2023-10-30T22:37:08.079+0000][11192.461s][info ][safepoint     ] Total time for which application threads were stopped: 0.0014445 seconds, Stopping threads took: 0.0006271 seconds
[2023-10-30T22:37:09.080+0000][11193.462s][debug][safepoint     ] Safepoint synchronization initiated. (188 threads)
[2023-10-30T22:37:09.081+0000][11193.463s][info ][safepoint     ] Application time: 1.0009871 seconds
[2023-10-30T22:37:09.082+0000][11193.464s][info ][safepoint     ] Entering safepoint region: Cleanup
[2023-10-30T22:37:09.082+0000][11193.464s][info ][safepoint     ] Leaving safepoint region
[2023-10-30T22:37:09.083+0000][11193.465s][info ][safepoint     ] Total time for which application threads were stopped: 0.0012409 seconds, Stopping threads took: 0.0005880 seconds
[2023-10-30T22:37:10.083+0000][11194.465s][debug][safepoint     ] Safepoint synchronization initiated. (188 threads)
[2023-10-30T22:37:10.084+0000][11194.466s][info ][safepoint     ] Application time: 1.0007248 seconds
[2023-10-30T22:37:10.085+0000][11194.467s][info ][safepoint     ] Entering safepoint region: Cleanup
[2023-10-30T22:37:10.085+0000][11194.467s][info ][safepoint     ] Leaving safepoint region
[2023-10-30T22:37:10.086+0000][11194.468s][info ][safepoint     ] Total time for which application threads were stopped: 0.0013328 seconds, Stopping threads took: 0.0005211 seconds
[2023-10-30T22:37:11.087+0000][11195.469s][debug][safepoint     ] Safepoint synchronization initiated. (188 threads)
[2023-10-30T22:37:11.087+0000][11195.469s][info ][safepoint     ] Application time: 1.0009535 seconds
[2023-10-30T22:37:11.088+0000][11195.470s][info ][safepoint     ] Entering safepoint region: Cleanup
[2023-10-30T22:37:11.089+0000][11195.471s][info ][safepoint     ] Leaving safepoint region
[2023-10-30T22:37:11.090+0000][11195.472s][info ][safepoint     ] Total time for which application threads were stopped: 0.0018980 seconds, Stopping threads took: 0.0005495 seconds
[2023-10-30T22:37:12.090+0000][11196.473s][debug][safepoint     ] Safepoint synchronization initiated. (188 threads)
[2023-10-30T22:37:12.091+0000][11196.473s][info ][safepoint     ] Application time: 1.0008114 seconds
[2023-10-30T22:37:12.092+0000][11196.474s][info ][safepoint     ] Entering safepoint region: Cleanup
[2023-10-30T22:37:12.092+0000][11196.474s][info ][safepoint     ] Leaving safepoint region
[2023-10-30T22:37:12.093+0000][11196.475s][info ][safepoint     ] Total time for which application threads were stopped: 0.0011129 seconds, Stopping threads took: 0.0005244 seconds
[2023-10-30T22:37:13.093+0000][11197.475s][debug][safepoint     ] Safepoint synchronization initiated. (188 threads)
[2023-10-30T22:37:13.094+0000][11197.476s][info ][safepoint     ] Application time: 1.0007988 seconds
[2023-10-30T22:37:13.095+0000][11197.477s][info ][safepoint     ] Entering safepoint region: Cleanup
[2023-10-30T22:37:13.096+0000][11197.478s][info ][safepoint     ] Leaving safepoint region
[2023-10-30T22:37:13.096+0000][11197.478s][info ][safepoint     ] Total time for which application threads were stopped: 0.0013125 seconds, Stopping threads took: 0.0006716 seconds
[2023-10-30T22:37:14.097+0000][11198.479s][debug][safepoint     ] Safepoint synchronization initiated. (188 threads)
[2023-10-30T22:37:14.097+0000][11198.480s][info ][safepoint     ] Application time: 1.0010882 seconds
[2023-10-30T22:37:14.098+0000][11198.480s][info ][safepoint     ] Entering safepoint region: Cleanup
[2023-10-30T22:37:14.099+0000][11198.481s][info ][safepoint     ] Leaving safepoint region
[2023-10-30T22:37:14.100+0000][11198.482s][info ][safepoint     ] Total time for which application threads were stopped: 0.0021177 seconds, Stopping threads took: 0.0007426 seconds
[2023-10-30T22:37:15.101+0000][11199.483s][debug][safepoint     ] Safepoint synchronization initiated. (188 threads)
[2023-10-30T22:37:15.102+0000][11199.484s][info ][safepoint     ] Application time: 1.0007097 seconds
[2023-10-30T22:37:15.102+0000][11199.484s][info ][safepoint     ] Entering safepoint region: Cleanup
[2023-10-30T22:37:15.103+0000][11199.485s][info ][safepoint     ] Leaving safepoint region
[2023-10-30T22:37:15.103+0000][11199.485s][info ][safepoint     ] Total time for which application threads were stopped: 0.0009555 seconds, Stopping threads took: 0.0003540 seconds
[2023-10-30T22:37:16.104+0000][11200.486s][debug][safepoint     ] Safepoint synchronization initiated. (188 threads)
[2023-10-30T22:37:16.104+0000][11200.486s][info ][safepoint     ] Application time: 1.0007709 seconds
[2023-10-30T22:37:16.105+0000][11200.487s][info ][safepoint     ] Entering safepoint region: Cleanup
[2023-10-30T22:37:16.105+0000][11200.487s][info ][safepoint     ] Leaving safepoint region
[2023-10-30T22:37:16.106+0000][11200.488s][info ][safepoint     ] Total time for which application threads were stopped: 0.0010331 seconds, Stopping threads took: 0.0005043 seconds
[2023-10-30T22:37:17.106+0000][11201.488s][debug][safepoint     ] Safepoint synchronization initiated. (188 threads)
[2023-10-30T22:37:17.107+0000][11201.489s][info ][safepoint     ] Application time: 1.0008444 seconds
[2023-10-30T22:37:17.108+0000][11201.490s][info ][safepoint     ] Entering safepoint region: Cleanup
[2023-10-30T22:37:17.109+0000][11201.492s][info ][safepoint     ] Leaving safepoint region
[2023-10-30T22:37:17.110+0000][11201.492s][info ][safepoint     ] Total time for which application threads were stopped: 0.0018956 seconds, Stopping threads took: 0.0011734 seconds
[2023-10-30T22:37:18.111+0000][11202.493s][debug][safepoint     ] Safepoint synchronization initiated. (188 threads)
[2023-10-30T22:37:18.111+0000][11202.493s][info ][safepoint     ] Application time: 1.0008996 seconds
[2023-10-30T22:37:18.112+0000][11202.494s][info ][safepoint     ] Entering safepoint region: Cleanup
[2023-10-30T22:37:18.113+0000][11202.495s][info ][safepoint     ] Leaving safepoint region
[2023-10-30T22:37:18.113+0000][11202.495s][info ][safepoint     ] Total time for which application threads were stopped: 0.0011605 seconds, Stopping threads took: 0.0004333 seconds
[2023-10-30T22:37:19.114+0000][11203.496s][debug][safepoint     ] Safepoint synchronization initiated. (188 threads)
[2023-10-30T22:37:19.114+0000][11203.496s][info ][safepoint     ] Application time: 1.0008285 seconds
[2023-10-30T22:37:19.115+0000][11203.497s][info ][safepoint     ] Entering safepoint region: Cleanup
[2023-10-30T22:37:19.116+0000][11203.498s][info ][safepoint     ] Leaving safepoint region
[2023-10-30T22:37:19.116+0000][11203.498s][info ][safepoint     ] Total time for which application threads were stopped: 0.0011166 seconds, Stopping threads took: 0.0004852 seconds
[2023-10-30T22:37:20.117+0000][11204.499s][debug][safepoint     ] Safepoint synchronization initiated. (188 threads)
[2023-10-30T22:37:20.118+0000][11204.500s][info ][safepoint     ] Application time: 1.0007389 seconds
[2023-10-30T22:37:20.118+0000][11204.500s][info ][safepoint     ] Entering safepoint region: Cleanup
[2023-10-30T22:37:20.119+0000][11204.501s][info ][safepoint     ] Leaving safepoint region
[2023-10-30T22:37:20.120+0000][11204.502s][info ][safepoint     ] Total time for which application threads were stopped: 0.0017045 seconds, Stopping threads took: 0.0009696 seconds
[2023-10-30T22:37:21.120+0000][11205.502s][debug][safepoint     ] Safepoint synchronization initiated. (188 threads)
[2023-10-30T22:37:21.121+0000][11205.503s][info ][safepoint     ] Application time: 1.0007622 seconds
[2023-10-30T22:37:21.122+0000][11205.504s][info ][safepoint     ] Entering safepoint region: Cleanup
[2023-10-30T22:37:21.122+0000][11205.504s][info ][safepoint     ] Leaving safepoint region
[2023-10-30T22:37:21.123+0000][11205.505s][info ][safepoint     ] Total time for which application threads were stopped: 0.0013198 seconds, Stopping threads took: 0.0005376 seconds
[2023-10-30T22:37:22.124+0000][11206.506s][debug][safepoint     ] Safepoint synchronization initiated. (188 threads)
[2023-10-30T22:37:22.124+0000][11206.506s][info ][safepoint     ] Application time: 1.0008276 seconds
[2023-10-30T22:37:22.125+0000][11206.507s][info ][safepoint     ] Entering safepoint region: Cleanup
[2023-10-30T22:37:22.126+0000][11206.508s][info ][safepoint     ] Leaving safepoint region
[2023-10-30T22:37:22.126+0000][11206.508s][info ][safepoint     ] Total time for which application threads were stopped: 0.0012682 seconds, Stopping threads took: 0.0006136 seconds
[2023-10-30T22:37:23.127+0000][11207.509s][debug][safepoint     ] Safepoint synchronization initiated. (188 threads)
[2023-10-30T22:37:23.127+0000][11207.509s][info ][safepoint     ] Application time: 1.0008612 seconds
[2023-10-30T22:37:23.128+0000][11207.510s][info ][safepoint     ] Entering safepoint region: Cleanup
[2023-10-30T22:37:23.129+0000][11207.511s][info ][safepoint     ] Leaving safepoint region
[2023-10-30T22:37:23.129+0000][11207.511s][info ][safepoint     ] Total time for which application threads were stopped: 0.0012137 seconds, Stopping threads took: 0.0005357 seconds
[2023-10-30T22:37:24.130+0000][11208.512s][debug][safepoint     ] Safepoint synchronization initiated. (188 threads)
[2023-10-30T22:37:24.130+0000][11208.512s][info ][safepoint     ] Application time: 1.0005651 seconds
[2023-10-30T22:37:24.131+0000][11208.513s][info ][safepoint     ] Entering safepoint region: Cleanup
[2023-10-30T22:37:24.131+0000][11208.513s][info ][safepoint     ] Leaving safepoint region
[2023-10-30T22:37:24.132+0000][11208.514s][info ][safepoint     ] Total time for which application threads were stopped: 0.0010844 seconds, Stopping threads took: 0.0004136 seconds
[2023-10-30T22:37:25.132+0000][11209.514s][debug][safepoint     ] Safepoint synchronization initiated. (188 threads)
[2023-10-30T22:37:25.133+0000][11209.515s][info ][safepoint     ] Application time: 1.0007232 seconds
[2023-10-30T22:37:25.133+0000][11209.515s][info ][safepoint     ] Entering safepoint region: Cleanup
[2023-10-30T22:37:25.134+0000][11209.516s][info ][safepoint     ] Leaving safepoint region
[2023-10-30T22:37:25.134+0000][11209.516s][info ][safepoint     ] Total time for which application threads were stopped: 0.0009823 seconds, Stopping threads took: 0.0004200 seconds
[2023-10-30T22:37:26.135+0000][11210.517s][debug][safepoint     ] Safepoint synchronization initiated. (188 threads)
[2023-10-30T22:37:26.135+0000][11210.517s][info ][safepoint     ] Application time: 1.0008677 seconds
[2023-10-30T22:37:26.136+0000][11210.518s][info ][safepoint     ] Entering safepoint region: Cleanup
[2023-10-30T22:37:26.137+0000][11210.519s][info ][safepoint     ] Leaving safepoint region
[2023-10-30T22:37:26.137+0000][11210.519s][info ][safepoint     ] Total time for which application threads were stopped: 0.0012756 seconds, Stopping threads took: 0.0005999 seconds
[2023-10-30T22:37:27.138+0000][11211.520s][debug][safepoint     ] Safepoint synchronization initiated. (188 threads)
[2023-10-30T22:37:27.139+0000][11211.521s][info ][safepoint     ] Application time: 1.0010444 seconds
[2023-10-30T22:37:27.139+0000][11211.521s][info ][safepoint     ] Entering safepoint region: Cleanup
[2023-10-30T22:37:27.140+0000][11211.522s][info ][safepoint     ] Leaving safepoint region
[2023-10-30T22:37:27.141+0000][11211.523s][info ][safepoint     ] Total time for which application threads were stopped: 0.0014538 seconds, Stopping threads took: 0.0005613 seconds
[2023-10-30T22:37:28.141+0000][11212.523s][debug][safepoint     ] Safepoint synchronization initiated. (188 threads)
[2023-10-30T22:37:28.142+0000][11212.524s][info ][safepoint     ] Application time: 1.0007889 seconds
[2023-10-30T22:37:28.143+0000][11212.525s][info ][safepoint     ] Entering safepoint region: Cleanup
[2023-10-30T22:37:28.143+0000][11212.525s][info ][safepoint     ] Leaving safepoint region
[2023-10-30T22:37:28.144+0000][11212.526s][info ][safepoint     ] Total time for which application threads were stopped: 0.0012451 seconds, Stopping threads took: 0.0005861 seconds
[2023-10-30T22:37:29.144+0000][11213.526s][debug][safepoint     ] Safepoint synchronization initiated. (188 threads)
[2023-10-30T22:37:29.145+0000][11213.527s][info ][safepoint     ] Application time: 1.0007172 seconds
[2023-10-30T22:37:29.146+0000][11213.528s][info ][safepoint     ] Entering safepoint region: Cleanup
[2023-10-30T22:37:29.146+0000][11213.528s][info ][safepoint     ] Leaving safepoint region
[2023-10-30T22:37:29.147+0000][11213.529s][info ][safepoint     ] Total time for which application threads were stopped: 0.0013715 seconds, Stopping threads took: 0.0006031 seconds
[2023-10-30T22:37:30.148+0000][11214.530s][debug][safepoint     ] Safepoint synchronization initiated. (188 threads)
[2023-10-30T22:37:30.149+0000][11214.531s][info ][safepoint     ] Application time: 1.0014814 seconds
[2023-10-30T22:37:30.150+0000][11214.531s][info ][safepoint     ] Entering safepoint region: Cleanup
[2023-10-30T22:37:30.150+0000][11214.532s][info ][safepoint     ] Leaving safepoint region
[2023-10-30T22:37:30.151+0000][11214.533s][info ][safepoint     ] Total time for which application threads were stopped: 0.0013006 seconds, Stopping threads took: 0.0006512 seconds
[2023-10-30T22:37:31.152+0000][11215.534s][debug][safepoint     ] Safepoint synchronization initiated. (188 threads)
[2023-10-30T22:37:31.152+0000][11215.534s][info ][safepoint     ] Application time: 1.0007787 seconds
[2023-10-30T22:37:31.153+0000][11215.535s][info ][safepoint     ] Entering safepoint region: Cleanup
[2023-10-30T22:37:31.153+0000][11215.535s][info ][safepoint     ] Leaving safepoint region
[2023-10-30T22:37:31.154+0000][11215.536s][info ][safepoint     ] Total time for which application threads were stopped: 0.0012650 seconds, Stopping threads took: 0.0005594 seconds
[2023-10-30T22:37:32.155+0000][11216.537s][debug][safepoint     ] Safepoint synchronization initiated. (188 threads)
[2023-10-30T22:37:32.156+0000][11216.537s][info ][safepoint     ] Application time: 1.0010907 seconds
[2023-10-30T22:37:32.156+0000][11216.538s][info ][safepoint     ] Entering safepoint region: Cleanup
[2023-10-30T22:37:32.157+0000][11216.539s][info ][safepoint     ] Leaving safepoint region
[2023-10-30T22:37:32.157+0000][11216.539s][info ][safepoint     ] Total time for which application threads were stopped: 0.0011188 seconds, Stopping threads took: 0.0005574 seconds
[2023-10-30T22:37:33.158+0000][11217.540s][debug][safepoint     ] Safepoint synchronization initiated. (188 threads)
[2023-10-30T22:37:33.158+0000][11217.540s][info ][safepoint     ] Application time: 1.0010166 seconds
[2023-10-30T22:37:33.159+0000][11217.541s][info ][safepoint     ] Entering safepoint region: Cleanup
[2023-10-30T22:37:33.160+0000][11217.542s][info ][safepoint     ] Leaving safepoint region
[2023-10-30T22:37:33.160+0000][11217.542s][info ][safepoint     ] Total time for which application threads were stopped: 0.0012883 seconds, Stopping threads took: 0.0005328 seconds
[2023-10-30T22:37:34.161+0000][11218.543s][debug][safepoint     ] Safepoint synchronization initiated. (188 threads)
[2023-10-30T22:37:34.162+0000][11218.544s][info ][safepoint     ] Application time: 1.0014243 seconds
[2023-10-30T22:37:34.163+0000][11218.545s][info ][safepoint     ] Entering safepoint region: Cleanup
[2023-10-30T22:37:34.164+0000][11218.546s][info ][safepoint     ] Leaving safepoint region
[2023-10-30T22:37:34.164+0000][11218.546s][info ][safepoint     ] Total time for which application threads were stopped: 0.0013701 seconds, Stopping threads took: 0.0005725 seconds
[2023-10-30T22:37:35.165+0000][11219.547s][debug][safepoint     ] Safepoint synchronization initiated. (188 threads)
[2023-10-30T22:37:35.166+0000][11219.548s][info ][safepoint     ] Application time: 1.0010153 seconds
[2023-10-30T22:37:35.166+0000][11219.548s][info ][safepoint     ] Entering safepoint region: Cleanup
[2023-10-30T22:37:35.167+0000][11219.549s][info ][safepoint     ] Leaving safepoint region
[2023-10-30T22:37:35.167+0000][11219.549s][info ][safepoint     ] Total time for which application threads were stopped: 0.0012709 seconds, Stopping threads took: 0.0005815 seconds
[2023-10-30T22:37:36.168+0000][11220.550s][debug][safepoint     ] Safepoint synchronization initiated. (188 threads)
[2023-10-30T22:37:36.169+0000][11220.551s][info ][safepoint     ] Application time: 1.0007749 seconds
[2023-10-30T22:37:36.169+0000][11220.551s][info ][safepoint     ] Entering safepoint region: Cleanup
[2023-10-30T22:37:36.170+0000][11220.552s][info ][safepoint     ] Leaving safepoint region
[2023-10-30T22:37:36.170+0000][11220.552s][info ][safepoint     ] Total time for which application threads were stopped: 0.0011963 seconds, Stopping threads took: 0.0004715 seconds
[2023-10-30T22:37:37.171+0000][11221.553s][debug][safepoint     ] Safepoint synchronization initiated. (188 threads)
[2023-10-30T22:37:37.172+0000][11221.554s][info ][safepoint     ] Application time: 1.0009112 seconds
[2023-10-30T22:37:37.172+0000][11221.554s][info ][safepoint     ] Entering safepoint region: Cleanup
[2023-10-30T22:37:37.173+0000][11221.555s][info ][safepoint     ] Leaving safepoint region
[2023-10-30T22:37:37.173+0000][11221.555s][info ][safepoint     ] Total time for which application threads were stopped: 0.0010415 seconds, Stopping threads took: 0.0004409 seconds
[2023-10-30T22:37:38.174+0000][11222.556s][debug][safepoint     ] Safepoint synchronization initiated. (188 threads)
[2023-10-30T22:37:38.175+0000][11222.556s][info ][safepoint     ] Application time: 1.0008053 seconds
[2023-10-30T22:37:38.175+0000][11222.557s][info ][safepoint     ] Entering safepoint region: Cleanup
[2023-10-30T22:37:38.176+0000][11222.558s][info ][safepoint     ] Leaving safepoint region
[2023-10-30T22:37:38.176+0000][11222.558s][info ][safepoint     ] Total time for which application threads were stopped: 0.0010771 seconds, Stopping threads took: 0.0004985 seconds
[2023-10-30T22:37:39.177+0000][11223.559s][debug][safepoint     ] Safepoint synchronization initiated. (186 threads)
[2023-10-30T22:37:39.177+0000][11223.559s][info ][safepoint     ] Application time: 1.0009460 seconds
[2023-10-30T22:37:39.178+0000][11223.560s][info ][safepoint     ] Entering safepoint region: Cleanup
[2023-10-30T22:37:39.179+0000][11223.561s][info ][safepoint     ] Leaving safepoint region
[2023-10-30T22:37:39.179+0000][11223.561s][info ][safepoint     ] Total time for which application threads were stopped: 0.0012694 seconds, Stopping threads took: 0.0005401 seconds
[2023-10-30T22:37:40.180+0000][11224.562s][debug][safepoint     ] Safepoint synchronization initiated. (186 threads)
[2023-10-30T22:37:40.181+0000][11224.563s][info ][safepoint     ] Application time: 1.0012364 seconds
[2023-10-30T22:37:40.182+0000][11224.564s][info ][safepoint     ] Entering safepoint region: Cleanup
[2023-10-30T22:37:40.183+0000][11224.565s][info ][safepoint     ] Leaving safepoint region
[2023-10-30T22:37:40.183+0000][11224.565s][info ][safepoint     ] Total time for which application threads were stopped: 0.0015218 seconds, Stopping threads took: 0.0007139 seconds
[2023-10-30T22:37:41.184+0000][11225.566s][debug][safepoint     ] Safepoint synchronization initiated. (186 threads)
[2023-10-30T22:37:41.185+0000][11225.567s][info ][safepoint     ] Application time: 1.0008549 seconds
[2023-10-30T22:37:41.185+0000][11225.567s][info ][safepoint     ] Entering safepoint region: Cleanup
[2023-10-30T22:37:41.186+0000][11225.568s][info ][safepoint     ] Leaving safepoint region
[2023-10-30T22:37:41.187+0000][11225.568s][info ][safepoint     ] Total time for which application threads were stopped: 0.0011277 seconds, Stopping threads took: 0.0005230 seconds
[2023-10-30T22:37:42.187+0000][11226.569s][debug][safepoint     ] Safepoint synchronization initiated. (186 threads)
[2023-10-30T22:37:42.188+0000][11226.570s][info ][safepoint     ] Application time: 1.0009379 seconds
[2023-10-30T22:37:42.188+0000][11226.570s][info ][safepoint     ] Entering safepoint region: Cleanup
[2023-10-30T22:37:42.189+0000][11226.571s][info ][safepoint     ] Leaving safepoint region
[2023-10-30T22:37:42.190+0000][11226.572s][info ][safepoint     ] Total time for which application threads were stopped: 0.0014063 seconds, Stopping threads took: 0.0005331 seconds
[2023-10-30T22:37:43.191+0000][11227.573s][debug][safepoint     ] Safepoint synchronization initiated. (186 threads)
[2023-10-30T22:37:43.191+0000][11227.573s][info ][safepoint     ] Application time: 1.0010821 seconds
[2023-10-30T22:37:43.192+0000][11227.574s][info ][safepoint     ] Entering safepoint region: Cleanup
[2023-10-30T22:37:43.193+0000][11227.575s][info ][safepoint     ] Leaving safepoint region
[2023-10-30T22:37:43.193+0000][11227.575s][info ][safepoint     ] Total time for which application threads were stopped: 0.0011508 seconds, Stopping threads took: 0.0004523 seconds
[2023-10-30T22:37:44.194+0000][11228.576s][debug][safepoint     ] Safepoint synchronization initiated. (186 threads)
[2023-10-30T22:37:44.195+0000][11228.577s][info ][safepoint     ] Application time: 1.0010488 seconds
[2023-10-30T22:37:44.195+0000][11228.577s][info ][safepoint     ] Entering safepoint region: Cleanup
[2023-10-30T22:37:44.196+0000][11228.578s][info ][safepoint     ] Leaving safepoint region
[2023-10-30T22:37:44.197+0000][11228.579s][info ][safepoint     ] Total time for which application threads were stopped: 0.0014763 seconds, Stopping threads took: 0.0006515 seconds
[2023-10-30T22:37:45.182+0000][11229.564s][debug][safepoint     ] Safepoint synchronization initiated. (187 threads)
[2023-10-30T22:37:45.182+0000][11229.564s][info ][safepoint     ] Application time: 0.9842356 seconds
[2023-10-30T22:37:45.183+0000][11229.565s][info ][safepoint     ] Entering safepoint region: G1CollectForAllocation
[2023-10-30T22:37:45.183+0000][11229.565s][info ][gc,start      ] GC(131) Pause Young (Concurrent Start) (G1 Humongous Allocation)
[2023-10-30T22:37:45.184+0000][11229.566s][info ][gc,task       ] GC(131) Using 8 workers of 8 for evacuation
[2023-10-30T22:37:45.192+0000][11229.574s][info ][gc,phases     ] GC(131)   Pre Evacuate Collection Set: 0.7ms
[2023-10-30T22:37:45.193+0000][11229.575s][info ][gc,phases     ] GC(131)   Evacuate Collection Set: 4.9ms
[2023-10-30T22:37:45.193+0000][11229.575s][info ][gc,phases     ] GC(131)   Post Evacuate Collection Set: 2.3ms
[2023-10-30T22:37:45.193+0000][11229.575s][info ][gc,phases     ] GC(131)   Other: 0.9ms
[2023-10-30T22:37:45.194+0000][11229.576s][info ][gc,heap       ] GC(131) Eden regions: 87->0(135)
[2023-10-30T22:37:45.194+0000][11229.576s][info ][gc,heap       ] GC(131) Survivor regions: 2->2(20)
[2023-10-30T22:37:45.195+0000][11229.577s][info ][gc,heap       ] GC(131) Old regions: 143->143
[2023-10-30T22:37:45.195+0000][11229.577s][info ][gc,heap       ] GC(131) Humongous regions: 30->30
[2023-10-30T22:37:45.196+0000][11229.578s][info ][gc,metaspace  ] GC(131) Metaspace: 169088K(176724K)->169088K(176724K) NonClass: 149788K(154760K)->149788K(154760K) Class: 19299K(21964K)->19299K(21964K)
[2023-10-30T22:37:45.196+0000][11229.578s][info ][gc            ] GC(131) Pause Young (Concurrent Start) (G1 Humongous Allocation) 259M->172M(372M) 12.733ms
[2023-10-30T22:37:45.197+0000][11229.578s][info ][gc,cpu        ] GC(131) User=0.04s Sys=0.00s Real=0.01s
[2023-10-30T22:37:45.197+0000][11229.579s][info ][gc            ] GC(132) Concurrent Cycle
[2023-10-30T22:37:45.197+0000][11229.579s][info ][gc,marking    ] GC(132) Concurrent Clear Claimed Marks
[2023-10-30T22:37:45.197+0000][11229.579s][info ][safepoint     ] Leaving safepoint region
[2023-10-30T22:37:45.199+0000][11229.581s][info ][safepoint     ] Total time for which application threads were stopped: 0.0158991 seconds, Stopping threads took: 0.0003805 seconds
[2023-10-30T22:37:45.200+0000][11229.582s][info ][gc,stringdedup] Concurrent String Deduplication (11229.582s)
[2023-10-30T22:37:45.200+0000][11229.582s][info ][gc,marking    ] GC(132) Concurrent Clear Claimed Marks 2.402ms
[2023-10-30T22:37:45.200+0000][11229.582s][info ][gc,stringdedup] Concurrent String Deduplication 3168.0B->360.0B(2808.0B) avg 54.7% (11229.582s, 11229.582s) 0.693ms
[2023-10-30T22:37:45.201+0000][11229.583s][info ][gc,marking    ] GC(132) Concurrent Scan Root Regions
[2023-10-30T22:37:45.207+0000][11229.589s][info ][gc,marking    ] GC(132) Concurrent Scan Root Regions 6.242ms
[2023-10-30T22:37:45.208+0000][11229.590s][info ][gc,marking    ] GC(132) Concurrent Mark (11229.589s)
[2023-10-30T22:37:45.208+0000][11229.590s][info ][gc,marking    ] GC(132) Concurrent Mark From Roots
[2023-10-30T22:37:45.209+0000][11229.591s][info ][gc,task       ] GC(132) Using 2 workers of 2 for marking
[2023-10-30T22:37:45.310+0000][11229.692s][info ][gc,marking    ] GC(132) Concurrent Mark From Roots 102.116ms
[2023-10-30T22:37:45.311+0000][11229.693s][info ][gc,marking    ] GC(132) Concurrent Preclean
[2023-10-30T22:37:45.312+0000][11229.693s][info ][gc,marking    ] GC(132) Concurrent Preclean 0.615ms
[2023-10-30T22:37:45.312+0000][11229.694s][info ][gc,marking    ] GC(132) Concurrent Mark (11229.589s, 11229.694s) 104.603ms
[2023-10-30T22:37:45.313+0000][11229.695s][debug][safepoint     ] Safepoint synchronization initiated. (187 threads)
[2023-10-30T22:37:45.313+0000][11229.695s][info ][safepoint     ] Application time: 0.1137311 seconds
[2023-10-30T22:37:45.314+0000][11229.696s][info ][safepoint     ] Entering safepoint region: CGC_Operation
[2023-10-30T22:37:45.315+0000][11229.697s][info ][gc,start      ] GC(132) Pause Remark
[2023-10-30T22:37:45.330+0000][11229.712s][info ][gc,stringtable] GC(132) Cleaned string and symbol table, strings: 72771 processed, 0 removed, symbols: 410499 processed, 2 removed
[2023-10-30T22:37:45.331+0000][11229.713s][info ][gc            ] GC(132) Pause Remark 180M->180M(372M) 16.518ms
[2023-10-30T22:37:45.332+0000][11229.714s][info ][gc,cpu        ] GC(132) User=0.11s Sys=0.00s Real=0.02s
[2023-10-30T22:37:45.332+0000][11229.714s][info ][safepoint     ] Leaving safepoint region
[2023-10-30T22:37:45.333+0000][11229.715s][info ][safepoint     ] Total time for which application threads were stopped: 0.0189848 seconds, Stopping threads took: 0.0005910 seconds
[2023-10-30T22:37:45.333+0000][11229.715s][info ][gc,marking    ] GC(132) Concurrent Rebuild Remembered Sets
[2023-10-30T22:37:45.400+0000][11229.782s][info ][gc,marking    ] GC(132) Concurrent Rebuild Remembered Sets 66.394ms
[2023-10-30T22:37:45.400+0000][11229.782s][debug][safepoint     ] Safepoint synchronization initiated. (187 threads)
[2023-10-30T22:37:45.401+0000][11229.783s][info ][safepoint     ] Application time: 0.0677310 seconds
[2023-10-30T22:37:45.402+0000][11229.784s][info ][safepoint     ] Entering safepoint region: CGC_Operation
[2023-10-30T22:37:45.402+0000][11229.784s][info ][gc,start      ] GC(132) Pause Cleanup
[2023-10-30T22:37:45.403+0000][11229.785s][info ][gc            ] GC(132) Pause Cleanup 180M->180M(372M) 0.789ms
[2023-10-30T22:37:45.404+0000][11229.786s][info ][gc,cpu        ] GC(132) User=0.00s Sys=0.00s Real=0.00s
[2023-10-30T22:37:45.404+0000][11229.786s][info ][safepoint     ] Leaving safepoint region
[2023-10-30T22:37:45.405+0000][11229.787s][info ][safepoint     ] Total time for which application threads were stopped: 0.0032005 seconds, Stopping threads took: 0.0006115 seconds
[2023-10-30T22:37:45.405+0000][11229.787s][info ][gc,marking    ] GC(132) Concurrent Cleanup for Next Mark
[2023-10-30T22:37:45.407+0000][11229.789s][info ][gc,marking    ] GC(132) Concurrent Cleanup for Next Mark 2.250ms
[2023-10-30T22:37:45.408+0000][11229.790s][info ][gc            ] GC(132) Concurrent Cycle 211.138ms
[2023-10-30T22:37:46.405+0000][11230.787s][debug][safepoint     ] Safepoint synchronization initiated. (188 threads)
[2023-10-30T22:37:46.406+0000][11230.788s][info ][safepoint     ] Application time: 1.0008699 seconds
[2023-10-30T22:37:46.407+0000][11230.789s][info ][safepoint     ] Entering safepoint region: Cleanup
[2023-10-30T22:37:46.407+0000][11230.789s][info ][safepoint     ] Leaving safepoint region
[2023-10-30T22:37:46.408+0000][11230.790s][info ][safepoint     ] Total time for which application threads were stopped: 0.0013295 seconds, Stopping threads took: 0.0005017 seconds
[2023-10-30T22:37:47.409+0000][11231.791s][debug][safepoint     ] Safepoint synchronization initiated. (189 threads)
[2023-10-30T22:37:47.409+0000][11231.791s][info ][safepoint     ] Application time: 1.0010584 seconds
[2023-10-30T22:37:47.410+0000][11231.792s][info ][safepoint     ] Entering safepoint region: Cleanup
[2023-10-30T22:37:47.411+0000][11231.793s][info ][safepoint     ] Leaving safepoint region
[2023-10-30T22:37:47.411+0000][11231.793s][info ][safepoint     ] Total time for which application threads were stopped: 0.0014060 seconds, Stopping threads took: 0.0005838 seconds
[2023-10-30T22:37:48.412+0000][11232.794s][debug][safepoint     ] Safepoint synchronization initiated. (189 threads)
[2023-10-30T22:37:48.413+0000][11232.795s][info ][safepoint     ] Application time: 1.0008576 seconds
[2023-10-30T22:37:48.413+0000][11232.795s][info ][safepoint     ] Entering safepoint region: Cleanup
[2023-10-30T22:37:48.414+0000][11232.796s][info ][safepoint     ] Leaving safepoint region
[2023-10-30T22:37:48.414+0000][11232.796s][info ][safepoint     ] Total time for which application threads were stopped: 0.0014037 seconds, Stopping threads took: 0.0006497 seconds
[2023-10-30T22:37:49.415+0000][11233.797s][debug][safepoint     ] Safepoint synchronization initiated. (189 threads)
[2023-10-30T22:37:49.416+0000][11233.798s][info ][safepoint     ] Application time: 1.0007949 seconds
[2023-10-30T22:37:49.417+0000][11233.798s][info ][safepoint     ] Entering safepoint region: Cleanup
[2023-10-30T22:37:49.417+0000][11233.799s][info ][safepoint     ] Leaving safepoint region
[2023-10-30T22:37:49.418+0000][11233.800s][info ][safepoint     ] Total time for which application threads were stopped: 0.0013121 seconds, Stopping threads took: 0.0005859 seconds
[2023-10-30T22:37:50.418+0000][11234.800s][debug][safepoint     ] Safepoint synchronization initiated. (189 threads)
[2023-10-30T22:37:50.419+0000][11234.801s][info ][safepoint     ] Application time: 1.0006123 seconds
[2023-10-30T22:37:50.419+0000][11234.801s][info ][safepoint     ] Entering safepoint region: Cleanup
[2023-10-30T22:37:50.420+0000][11234.802s][info ][safepoint     ] Leaving safepoint region
[2023-10-30T22:37:50.420+0000][11234.802s][info ][safepoint     ] Total time for which application threads were stopped: 0.0009740 seconds, Stopping threads took: 0.0004086 seconds
[2023-10-30T22:37:51.421+0000][11235.803s][debug][safepoint     ] Safepoint synchronization initiated. (189 threads)
[2023-10-30T22:37:51.421+0000][11235.803s][info ][safepoint     ] Application time: 1.0006612 seconds
[2023-10-30T22:37:51.422+0000][11235.804s][info ][safepoint     ] Entering safepoint region: Cleanup
[2023-10-30T22:37:51.422+0000][11235.804s][info ][safepoint     ] Leaving safepoint region
[2023-10-30T22:37:51.423+0000][11235.805s][info ][safepoint     ] Total time for which application threads were stopped: 0.0012957 seconds, Stopping threads took: 0.0004769 seconds
[2023-10-30T22:37:52.424+0000][11236.805s][debug][safepoint     ] Safepoint synchronization initiated. (189 threads)
[2023-10-30T22:37:52.424+0000][11236.806s][info ][safepoint     ] Application time: 1.0007756 seconds
[2023-10-30T22:37:52.425+0000][11236.807s][info ][safepoint     ] Entering safepoint region: Cleanup
[2023-10-30T22:37:52.425+0000][11236.807s][info ][safepoint     ] Leaving safepoint region
[2023-10-30T22:37:52.426+0000][11236.808s][info ][safepoint     ] Total time for which application threads were stopped: 0.0014347 seconds, Stopping threads took: 0.0005749 seconds
[2023-10-30T22:37:53.427+0000][11237.808s][debug][safepoint     ] Safepoint synchronization initiated. (189 threads)
[2023-10-30T22:37:53.427+0000][11237.809s][info ][safepoint     ] Application time: 1.0006800 seconds
[2023-10-30T22:37:53.428+0000][11237.809s][info ][safepoint     ] Entering safepoint region: Cleanup
[2023-10-30T22:37:53.428+0000][11237.810s][info ][safepoint     ] Leaving safepoint region
[2023-10-30T22:37:53.429+0000][11237.810s][info ][safepoint     ] Total time for which application threads were stopped: 0.0010231 seconds, Stopping threads took: 0.0004168 seconds
[2023-10-30T22:37:54.429+0000][11238.811s][debug][safepoint     ] Safepoint synchronization initiated. (189 threads)
[2023-10-30T22:37:54.430+0000][11238.812s][info ][safepoint     ] Application time: 1.0006880 seconds
[2023-10-30T22:37:54.430+0000][11238.812s][info ][safepoint     ] Entering safepoint region: Cleanup
[2023-10-30T22:37:54.431+0000][11238.813s][info ][safepoint     ] Leaving safepoint region
[2023-10-30T22:37:54.431+0000][11238.813s][info ][safepoint     ] Total time for which application threads were stopped: 0.0010039 seconds, Stopping threads took: 0.0004432 seconds
[2023-10-30T22:37:55.432+0000][11239.814s][debug][safepoint     ] Safepoint synchronization initiated. (189 threads)
[2023-10-30T22:37:55.432+0000][11239.814s][info ][safepoint     ] Application time: 1.0008767 seconds
[2023-10-30T22:37:55.433+0000][11239.815s][info ][safepoint     ] Entering safepoint region: Cleanup
[2023-10-30T22:37:55.433+0000][11239.815s][info ][safepoint     ] Leaving safepoint region
[2023-10-30T22:37:55.434+0000][11239.816s][info ][safepoint     ] Total time for which application threads were stopped: 0.0012016 seconds, Stopping threads took: 0.0004952 seconds
[2023-10-30T22:37:56.435+0000][11240.816s][debug][safepoint     ] Safepoint synchronization initiated. (189 threads)
[2023-10-30T22:37:56.435+0000][11240.817s][info ][safepoint     ] Application time: 1.0008323 seconds
[2023-10-30T22:37:56.436+0000][11240.818s][info ][safepoint     ] Entering safepoint region: Cleanup
[2023-10-30T22:37:56.436+0000][11240.818s][info ][safepoint     ] Leaving safepoint region
[2023-10-30T22:37:56.437+0000][11240.819s][info ][safepoint     ] Total time for which application threads were stopped: 0.0012595 seconds, Stopping threads took: 0.0004971 seconds
[2023-10-30T22:37:57.438+0000][11241.820s][debug][safepoint     ] Safepoint synchronization initiated. (189 threads)
[2023-10-30T22:37:57.438+0000][11241.820s][info ][safepoint     ] Application time: 1.0010799 seconds
[2023-10-30T22:37:57.439+0000][11241.821s][info ][safepoint     ] Entering safepoint region: Cleanup
[2023-10-30T22:37:57.440+0000][11241.822s][info ][safepoint     ] Leaving safepoint region
[2023-10-30T22:37:57.440+0000][11241.822s][info ][safepoint     ] Total time for which application threads were stopped: 0.0011973 seconds, Stopping threads took: 0.0004778 seconds
[2023-10-30T22:37:58.441+0000][11242.823s][debug][safepoint     ] Safepoint synchronization initiated. (189 threads)
[2023-10-30T22:37:58.441+0000][11242.823s][info ][safepoint     ] Application time: 1.0005187 seconds
[2023-10-30T22:37:58.442+0000][11242.823s][info ][safepoint     ] Entering safepoint region: Cleanup
[2023-10-30T22:37:58.442+0000][11242.824s][info ][safepoint     ] Leaving safepoint region
[2023-10-30T22:37:58.442+0000][11242.824s][info ][safepoint     ] Total time for which application threads were stopped: 0.0007796 seconds, Stopping threads took: 0.0003414 seconds
[2023-10-30T22:37:59.443+0000][11243.825s][debug][safepoint     ] Safepoint synchronization initiated. (189 threads)
[2023-10-30T22:37:59.444+0000][11243.826s][info ][safepoint     ] Application time: 1.0011424 seconds
[2023-10-30T22:37:59.445+0000][11243.826s][info ][safepoint     ] Entering safepoint region: Cleanup
[2023-10-30T22:37:59.446+0000][11243.828s][info ][safepoint     ] Leaving safepoint region
[2023-10-30T22:37:59.447+0000][11243.829s][info ][safepoint     ] Total time for which application threads were stopped: 0.0022812 seconds, Stopping threads took: 0.0008122 seconds
[2023-10-30T22:38:00.448+0000][11244.830s][debug][safepoint     ] Safepoint synchronization initiated. (189 threads)
[2023-10-30T22:38:00.448+0000][11244.830s][info ][safepoint     ] Application time: 1.0008105 seconds
[2023-10-30T22:38:00.450+0000][11244.832s][info ][safepoint     ] Entering safepoint region: Cleanup
[2023-10-30T22:38:00.451+0000][11244.832s][info ][safepoint     ] Leaving safepoint region
[2023-10-30T22:38:00.451+0000][11244.833s][info ][safepoint     ] Total time for which application threads were stopped: 0.0011201 seconds, Stopping threads took: 0.0004420 seconds
[2023-10-30T22:38:01.452+0000][11245.833s][debug][safepoint     ] Safepoint synchronization initiated. (189 threads)
[2023-10-30T22:38:01.452+0000][11245.834s][info ][safepoint     ] Application time: 1.0009595 seconds
[2023-10-30T22:38:01.453+0000][11245.835s][info ][safepoint     ] Entering safepoint region: Cleanup
[2023-10-30T22:38:01.455+0000][11245.837s][info ][safepoint     ] Leaving safepoint region
[2023-10-30T22:38:01.455+0000][11245.837s][info ][safepoint     ] Total time for which application threads were stopped: 0.0023169 seconds, Stopping threads took: 0.0009773 seconds
[2023-10-30T22:38:02.456+0000][11246.838s][debug][safepoint     ] Safepoint synchronization initiated. (189 threads)
[2023-10-30T22:38:02.457+0000][11246.839s][info ][safepoint     ] Application time: 1.0012316 seconds
[2023-10-30T22:38:02.458+0000][11246.840s][info ][safepoint     ] Entering safepoint region: Cleanup
[2023-10-30T22:38:02.458+0000][11246.840s][info ][safepoint     ] Leaving safepoint region
[2023-10-30T22:38:02.459+0000][11246.841s][info ][safepoint     ] Total time for which application threads were stopped: 0.0011150 seconds, Stopping threads took: 0.0004916 seconds
[2023-10-30T22:38:03.459+0000][11247.841s][debug][safepoint     ] Safepoint synchronization initiated. (189 threads)
[2023-10-30T22:38:03.460+0000][11247.842s][info ][safepoint     ] Application time: 1.0009670 seconds
[2023-10-30T22:38:03.461+0000][11247.843s][info ][safepoint     ] Entering safepoint region: Cleanup
[2023-10-30T22:38:03.462+0000][11247.844s][info ][safepoint     ] Leaving safepoint region
[2023-10-30T22:38:03.462+0000][11247.844s][info ][safepoint     ] Total time for which application threads were stopped: 0.0014462 seconds, Stopping threads took: 0.0006820 seconds
[2023-10-30T22:38:04.463+0000][11248.845s][debug][safepoint     ] Safepoint synchronization initiated. (189 threads)
[2023-10-30T22:38:04.468+0000][11248.849s][info ][safepoint     ] Application time: 1.0048542 seconds
[2023-10-30T22:38:04.470+0000][11248.852s][info ][safepoint     ] Entering safepoint region: Cleanup
[2023-10-30T22:38:04.471+0000][11248.853s][info ][safepoint     ] Leaving safepoint region
[2023-10-30T22:38:04.472+0000][11248.853s][info ][safepoint     ] Total time for which application threads were stopped: 0.0012488 seconds, Stopping threads took: 0.0006029 seconds
[2023-10-30T22:38:05.472+0000][11249.854s][debug][safepoint     ] Safepoint synchronization initiated. (189 threads)
[2023-10-30T22:38:05.473+0000][11249.855s][info ][safepoint     ] Application time: 1.0010528 seconds
[2023-10-30T22:38:05.474+0000][11249.856s][info ][safepoint     ] Entering safepoint region: Cleanup
[2023-10-30T22:38:05.475+0000][11249.856s][info ][safepoint     ] Leaving safepoint region
[2023-10-30T22:38:05.475+0000][11249.857s][info ][safepoint     ] Total time for which application threads were stopped: 0.0013888 seconds, Stopping threads took: 0.0005140 seconds
[2023-10-30T22:38:06.476+0000][11250.858s][debug][safepoint     ] Safepoint synchronization initiated. (189 threads)
[2023-10-30T22:38:06.477+0000][11250.858s][info ][safepoint     ] Application time: 1.0008201 seconds
[2023-10-30T22:38:06.477+0000][11250.859s][info ][safepoint     ] Entering safepoint region: Cleanup
[2023-10-30T22:38:06.478+0000][11250.860s][info ][safepoint     ] Leaving safepoint region
[2023-10-30T22:38:06.478+0000][11250.860s][info ][safepoint     ] Total time for which application threads were stopped: 0.0011994 seconds, Stopping threads took: 0.0005593 seconds
[2023-10-30T22:38:07.479+0000][11251.861s][debug][safepoint     ] Safepoint synchronization initiated. (189 threads)
[2023-10-30T22:38:07.480+0000][11251.861s][info ][safepoint     ] Application time: 1.0006982 seconds
[2023-10-30T22:38:07.480+0000][11251.862s][info ][safepoint     ] Entering safepoint region: Cleanup
[2023-10-30T22:38:07.481+0000][11251.862s][info ][safepoint     ] Leaving safepoint region
[2023-10-30T22:38:07.481+0000][11251.863s][info ][safepoint     ] Total time for which application threads were stopped: 0.0010514 seconds, Stopping threads took: 0.0004159 seconds
[2023-10-30T22:38:08.482+0000][11252.864s][debug][safepoint     ] Safepoint synchronization initiated. (189 threads)
[2023-10-30T22:38:08.482+0000][11252.864s][info ][safepoint     ] Application time: 1.0007732 seconds
[2023-10-30T22:38:08.483+0000][11252.865s][info ][safepoint     ] Entering safepoint region: Cleanup
[2023-10-30T22:38:08.483+0000][11252.865s][info ][safepoint     ] Leaving safepoint region
[2023-10-30T22:38:08.484+0000][11252.866s][info ][safepoint     ] Total time for which application threads were stopped: 0.0012346 seconds, Stopping threads took: 0.0004619 seconds
[2023-10-30T22:38:09.484+0000][11253.866s][debug][safepoint     ] Safepoint synchronization initiated. (189 threads)
[2023-10-30T22:38:09.485+0000][11253.867s][info ][safepoint     ] Application time: 1.0005466 seconds
[2023-10-30T22:38:09.485+0000][11253.867s][info ][safepoint     ] Entering safepoint region: Cleanup
[2023-10-30T22:38:09.486+0000][11253.868s][info ][safepoint     ] Leaving safepoint region
[2023-10-30T22:38:09.487+0000][11253.869s][info ][safepoint     ] Total time for which application threads were stopped: 0.0013761 seconds, Stopping threads took: 0.0006571 seconds
[2023-10-30T22:38:10.487+0000][11254.869s][debug][safepoint     ] Safepoint synchronization initiated. (189 threads)
[2023-10-30T22:38:10.488+0000][11254.870s][info ][safepoint     ] Application time: 1.0007372 seconds
[2023-10-30T22:38:10.489+0000][11254.871s][info ][safepoint     ] Entering safepoint region: Cleanup
[2023-10-30T22:38:10.490+0000][11254.872s][info ][safepoint     ] Leaving safepoint region
[2023-10-30T22:38:10.490+0000][11254.872s][info ][safepoint     ] Total time for which application threads were stopped: 0.0014321 seconds, Stopping threads took: 0.0007378 seconds
[2023-10-30T22:38:11.491+0000][11255.873s][debug][safepoint     ] Safepoint synchronization initiated. (189 threads)
[2023-10-30T22:38:11.492+0000][11255.874s][info ][safepoint     ] Application time: 1.0006177 seconds
[2023-10-30T22:38:11.492+0000][11255.874s][info ][safepoint     ] Entering safepoint region: Cleanup
[2023-10-30T22:38:11.493+0000][11255.875s][info ][safepoint     ] Leaving safepoint region
[2023-10-30T22:38:11.493+0000][11255.875s][info ][safepoint     ] Total time for which application threads were stopped: 0.0011655 seconds, Stopping threads took: 0.0004839 seconds
[2023-10-30T22:38:12.494+0000][11256.876s][debug][safepoint     ] Safepoint synchronization initiated. (189 threads)
[2023-10-30T22:38:12.495+0000][11256.876s][info ][safepoint     ] Application time: 1.0009321 seconds
[2023-10-30T22:38:12.496+0000][11256.878s][info ][safepoint     ] Entering safepoint region: Cleanup
[2023-10-30T22:38:12.497+0000][11256.879s][info ][safepoint     ] Leaving safepoint region
[2023-10-30T22:38:12.498+0000][11256.880s][info ][safepoint     ] Total time for which application threads were stopped: 0.0022465 seconds, Stopping threads took: 0.0014118 seconds
[2023-10-30T22:38:13.498+0000][11257.880s][debug][safepoint     ] Safepoint synchronization initiated. (189 threads)
[2023-10-30T22:38:13.499+0000][11257.881s][info ][safepoint     ] Application time: 1.0006673 seconds
[2023-10-30T22:38:13.499+0000][11257.881s][info ][safepoint     ] Entering safepoint region: Cleanup
[2023-10-30T22:38:13.500+0000][11257.882s][info ][safepoint     ] Leaving safepoint region
[2023-10-30T22:38:13.500+0000][11257.882s][info ][safepoint     ] Total time for which application threads were stopped: 0.0010207 seconds, Stopping threads took: 0.0004112 seconds
[2023-10-30T22:38:14.501+0000][11258.883s][debug][safepoint     ] Safepoint synchronization initiated. (189 threads)
[2023-10-30T22:38:14.513+0000][11258.895s][info ][safepoint     ] Application time: 1.0123775 seconds
[2023-10-30T22:38:14.518+0000][11258.900s][info ][safepoint     ] Entering safepoint region: Cleanup
[2023-10-30T22:38:14.521+0000][11258.903s][info ][safepoint     ] Leaving safepoint region
[2023-10-30T22:38:14.521+0000][11258.903s][info ][safepoint     ] Total time for which application threads were stopped: 0.0035776 seconds, Stopping threads took: 0.0027115 seconds
[2023-10-30T22:38:15.522+0000][11259.904s][debug][safepoint     ] Safepoint synchronization initiated. (189 threads)
[2023-10-30T22:38:15.523+0000][11259.905s][info ][safepoint     ] Application time: 1.0008335 seconds
[2023-10-30T22:38:15.523+0000][11259.905s][info ][safepoint     ] Entering safepoint region: Cleanup
[2023-10-30T22:38:15.524+0000][11259.906s][info ][safepoint     ] Leaving safepoint region
[2023-10-30T22:38:15.524+0000][11259.906s][info ][safepoint     ] Total time for which application threads were stopped: 0.0012101 seconds, Stopping threads took: 0.0004832 seconds
[2023-10-30T22:38:16.525+0000][11260.907s][debug][safepoint     ] Safepoint synchronization initiated. (189 threads)
[2023-10-30T22:38:16.526+0000][11260.908s][info ][safepoint     ] Application time: 1.0007392 seconds
[2023-10-30T22:38:16.526+0000][11260.908s][info ][safepoint     ] Entering safepoint region: Cleanup
[2023-10-30T22:38:16.527+0000][11260.909s][info ][safepoint     ] Leaving safepoint region
[2023-10-30T22:38:16.527+0000][11260.909s][info ][safepoint     ] Total time for which application threads were stopped: 0.0012896 seconds, Stopping threads took: 0.0005073 seconds
[2023-10-30T22:38:17.528+0000][11261.910s][debug][safepoint     ] Safepoint synchronization initiated. (189 threads)
[2023-10-30T22:38:17.529+0000][11261.910s][info ][safepoint     ] Application time: 1.0007331 seconds
[2023-10-30T22:38:17.529+0000][11261.911s][info ][safepoint     ] Entering safepoint region: Cleanup
[2023-10-30T22:38:17.530+0000][11261.912s][info ][safepoint     ] Leaving safepoint region
[2023-10-30T22:38:17.530+0000][11261.912s][info ][safepoint     ] Total time for which application threads were stopped: 0.0010565 seconds, Stopping threads took: 0.0004401 seconds
[2023-10-30T22:38:18.531+0000][11262.912s][debug][safepoint     ] Safepoint synchronization initiated. (189 threads)
[2023-10-30T22:38:18.531+0000][11262.913s][info ][safepoint     ] Application time: 1.0006657 seconds
[2023-10-30T22:38:18.532+0000][11262.914s][debug][safepoint     ] ... found polling page loop exception at pc = 0x00007f3160e65612, stub =0x00007f3158843680
[2023-10-30T22:38:18.532+0000][11262.914s][debug][safepoint     ] Waiting for 1 thread(s) to block
[2023-10-30T22:38:18.532+0000][11262.914s][info ][safepoint     ] Entering safepoint region: Cleanup
[2023-10-30T22:38:18.533+0000][11262.915s][info ][safepoint     ] Leaving safepoint region
[2023-10-30T22:38:18.533+0000][11262.915s][info ][safepoint     ] Total time for which application threads were stopped: 0.0018654 seconds, Stopping threads took: 0.0012843 seconds
[2023-10-30T22:38:19.534+0000][11263.916s][debug][safepoint     ] Safepoint synchronization initiated. (189 threads)
[2023-10-30T22:38:19.535+0000][11263.917s][info ][safepoint     ] Application time: 1.0008114 seconds
[2023-10-30T22:38:19.535+0000][11263.917s][info ][safepoint     ] Entering safepoint region: Cleanup
[2023-10-30T22:38:19.536+0000][11263.918s][info ][safepoint     ] Leaving safepoint region
[2023-10-30T22:38:19.536+0000][11263.918s][info ][safepoint     ] Total time for which application threads were stopped: 0.0011418 seconds, Stopping threads took: 0.0005214 seconds
[2023-10-30T22:38:20.537+0000][11264.919s][debug][safepoint     ] Safepoint synchronization initiated. (189 threads)
[2023-10-30T22:38:20.542+0000][11264.924s][info ][safepoint     ] Application time: 1.0055745 seconds
[2023-10-30T22:38:20.549+0000][11264.931s][info ][safepoint     ] Entering safepoint region: Cleanup
[2023-10-30T22:38:20.551+0000][11264.933s][info ][safepoint     ] Leaving safepoint region
[2023-10-30T22:38:20.552+0000][11264.934s][info ][safepoint     ] Total time for which application threads were stopped: 0.0034741 seconds, Stopping threads took: 0.0022431 seconds
[2023-10-30T22:38:21.557+0000][11265.938s][debug][safepoint     ] Safepoint synchronization initiated. (189 threads)
[2023-10-30T22:38:21.557+0000][11265.939s][info ][safepoint     ] Application time: 1.0008433 seconds
[2023-10-30T22:38:21.558+0000][11265.940s][info ][safepoint     ] Entering safepoint region: Cleanup
[2023-10-30T22:38:21.558+0000][11265.940s][info ][safepoint     ] Leaving safepoint region
[2023-10-30T22:38:21.559+0000][11265.941s][info ][safepoint     ] Total time for which application threads were stopped: 0.0011917 seconds, Stopping threads took: 0.0004864 seconds
[2023-10-30T22:38:22.559+0000][11266.941s][debug][safepoint     ] Safepoint synchronization initiated. (189 threads)
[2023-10-30T22:38:22.560+0000][11266.942s][info ][safepoint     ] Application time: 1.0008412 seconds
[2023-10-30T22:38:22.561+0000][11266.943s][info ][safepoint     ] Entering safepoint region: Cleanup
[2023-10-30T22:38:22.561+0000][11266.943s][info ][safepoint     ] Leaving safepoint region
[2023-10-30T22:38:22.562+0000][11266.944s][info ][safepoint     ] Total time for which application threads were stopped: 0.0013023 seconds, Stopping threads took: 0.0006016 seconds
[2023-10-30T22:38:23.563+0000][11267.944s][debug][safepoint     ] Safepoint synchronization initiated. (189 threads)
[2023-10-30T22:38:23.563+0000][11267.945s][info ][safepoint     ] Application time: 1.0007571 seconds
[2023-10-30T22:38:23.564+0000][11267.945s][info ][safepoint     ] Entering safepoint region: Cleanup
[2023-10-30T22:38:23.564+0000][11267.946s][info ][safepoint     ] Leaving safepoint region
[2023-10-30T22:38:23.565+0000][11267.947s][info ][safepoint     ] Total time for which application threads were stopped: 0.0011419 seconds, Stopping threads took: 0.0004874 seconds
[2023-10-30T22:38:24.565+0000][11268.947s][debug][safepoint     ] Safepoint synchronization initiated. (189 threads)
[2023-10-30T22:38:24.566+0000][11268.948s][info ][safepoint     ] Application time: 1.0008236 seconds
[2023-10-30T22:38:24.567+0000][11268.948s][info ][safepoint     ] Entering safepoint region: Cleanup
[2023-10-30T22:38:24.567+0000][11268.949s][info ][safepoint     ] Leaving safepoint region
[2023-10-30T22:38:24.568+0000][11268.950s][info ][safepoint     ] Total time for which application threads were stopped: 0.0012364 seconds, Stopping threads took: 0.0005568 seconds
[2023-10-30T22:38:25.568+0000][11269.950s][debug][safepoint     ] Safepoint synchronization initiated. (189 threads)
[2023-10-30T22:38:25.569+0000][11269.951s][info ][safepoint     ] Application time: 1.0008214 seconds
[2023-10-30T22:38:25.570+0000][11269.951s][info ][safepoint     ] Entering safepoint region: Cleanup
[2023-10-30T22:38:25.570+0000][11269.952s][info ][safepoint     ] Leaving safepoint region
[2023-10-30T22:38:25.571+0000][11269.953s][info ][safepoint     ] Total time for which application threads were stopped: 0.0012288 seconds, Stopping threads took: 0.0005647 seconds
[2023-10-30T22:38:26.571+0000][11270.953s][debug][safepoint     ] Safepoint synchronization initiated. (189 threads)
[2023-10-30T22:38:26.572+0000][11270.954s][info ][safepoint     ] Application time: 1.0006360 seconds
[2023-10-30T22:38:26.572+0000][11270.954s][info ][safepoint     ] Entering safepoint region: Cleanup
[2023-10-30T22:38:26.573+0000][11270.955s][info ][safepoint     ] Leaving safepoint region
[2023-10-30T22:38:26.573+0000][11270.955s][info ][safepoint     ] Total time for which application threads were stopped: 0.0010536 seconds, Stopping threads took: 0.0004793 seconds
[2023-10-30T22:38:27.574+0000][11271.956s][debug][safepoint     ] Safepoint synchronization initiated. (189 threads)
[2023-10-30T22:38:27.575+0000][11271.957s][info ][safepoint     ] Application time: 1.0010604 seconds
[2023-10-30T22:38:27.576+0000][11271.957s][info ][safepoint     ] Entering safepoint region: Cleanup
[2023-10-30T22:38:27.576+0000][11271.958s][info ][safepoint     ] Leaving safepoint region
[2023-10-30T22:38:27.577+0000][11271.959s][info ][safepoint     ] Total time for which application threads were stopped: 0.0015393 seconds, Stopping threads took: 0.0006429 seconds
[2023-10-30T22:38:28.578+0000][11272.960s][debug][safepoint     ] Safepoint synchronization initiated. (189 threads)
[2023-10-30T22:38:28.578+0000][11272.960s][info ][safepoint     ] Application time: 1.0006765 seconds
[2023-10-30T22:38:28.579+0000][11272.961s][info ][safepoint     ] Entering safepoint region: Cleanup
[2023-10-30T22:38:28.579+0000][11272.961s][info ][safepoint     ] Leaving safepoint region
[2023-10-30T22:38:28.580+0000][11272.962s][info ][safepoint     ] Total time for which application threads were stopped: 0.0011827 seconds, Stopping threads took: 0.0005199 seconds
[2023-10-30T22:38:29.581+0000][11273.962s][debug][safepoint     ] Safepoint synchronization initiated. (189 threads)
[2023-10-30T22:38:29.581+0000][11273.963s][info ][safepoint     ] Application time: 1.0007430 seconds
[2023-10-30T22:38:29.582+0000][11273.964s][info ][safepoint     ] Entering safepoint region: Cleanup
[2023-10-30T22:38:29.583+0000][11273.964s][info ][safepoint     ] Leaving safepoint region
[2023-10-30T22:38:29.583+0000][11273.965s][info ][safepoint     ] Total time for which application threads were stopped: 0.0013082 seconds, Stopping threads took: 0.0006125 seconds
[2023-10-30T22:38:30.584+0000][11274.965s][debug][safepoint     ] Safepoint synchronization initiated. (189 threads)
[2023-10-30T22:38:30.584+0000][11274.966s][info ][safepoint     ] Application time: 1.0009584 seconds
[2023-10-30T22:38:30.585+0000][11274.967s][info ][safepoint     ] Entering safepoint region: Cleanup
[2023-10-30T22:38:30.586+0000][11274.967s][info ][safepoint     ] Leaving safepoint region
[2023-10-30T22:38:30.586+0000][11274.968s][info ][safepoint     ] Total time for which application threads were stopped: 0.0015835 seconds, Stopping threads took: 0.0005166 seconds
[2023-10-30T22:38:30.586+0000][11274.967s][debug][safepoint     ] ... found polling page return exception at pc = 0x00007f3160b83dc4, stub =0x00007f3158840600
[2023-10-30T22:38:30.586+0000][11274.967s][debug][safepoint     ] ... found polling page return exception at pc = 0x00007f3160b83dc4, stub =0x00007f3158840600
[2023-10-30T22:38:30.586+0000][11274.967s][debug][safepoint     ] ... found polling page return exception at pc = 0x00007f3160b83dc4, stub =0x00007f3158840600
[2023-10-30T22:38:30.586+0000][11274.967s][debug][safepoint     ] ... found polling page return exception at pc = 0x00007f3160b83dc4, stub =0x00007f3158840600
[2023-10-30T22:38:30.586+0000][11274.967s][debug][safepoint     ] ... found polling page return exception at pc = 0x00007f3160b83dc4, stub =0x00007f3158840600
[2023-10-30T22:38:31.587+0000][11275.969s][debug][safepoint     ] Safepoint synchronization initiated. (189 threads)
[2023-10-30T22:38:31.588+0000][11275.970s][info ][safepoint     ] Application time: 1.0006823 seconds
[2023-10-30T22:38:31.588+0000][11275.970s][info ][safepoint     ] Entering safepoint region: Cleanup
[2023-10-30T22:38:31.589+0000][11275.971s][info ][safepoint     ] Leaving safepoint region
[2023-10-30T22:38:31.589+0000][11275.971s][info ][safepoint     ] Total time for which application threads were stopped: 0.0010708 seconds, Stopping threads took: 0.0004748 seconds
[2023-10-30T22:38:32.590+0000][11276.972s][debug][safepoint     ] Safepoint synchronization initiated. (189 threads)
[2023-10-30T22:38:32.591+0000][11276.973s][info ][safepoint     ] Application time: 1.0011535 seconds
[2023-10-30T22:38:32.592+0000][11276.974s][info ][safepoint     ] Entering safepoint region: Cleanup
[2023-10-30T22:38:32.593+0000][11276.975s][info ][safepoint     ] Leaving safepoint region
[2023-10-30T22:38:32.594+0000][11276.975s][info ][safepoint     ] Total time for which application threads were stopped: 0.0018040 seconds, Stopping threads took: 0.0008169 seconds
[2023-10-30T22:38:33.595+0000][11277.977s][debug][safepoint     ] Safepoint synchronization initiated. (189 threads)
[2023-10-30T22:38:33.596+0000][11277.977s][info ][safepoint     ] Application time: 1.0012831 seconds
[2023-10-30T22:38:33.597+0000][11277.978s][info ][safepoint     ] Entering safepoint region: Cleanup
[2023-10-30T22:38:33.598+0000][11277.979s][info ][safepoint     ] Leaving safepoint region
[2023-10-30T22:38:33.598+0000][11277.980s][info ][safepoint     ] Total time for which application threads were stopped: 0.0019345 seconds, Stopping threads took: 0.0008557 seconds
[2023-10-30T22:38:34.599+0000][11278.981s][debug][safepoint     ] Safepoint synchronization initiated. (189 threads)
[2023-10-30T22:38:34.600+0000][11278.982s][info ][safepoint     ] Application time: 1.0013401 seconds
[2023-10-30T22:38:34.601+0000][11278.983s][info ][safepoint     ] Entering safepoint region: Cleanup
[2023-10-30T22:38:34.602+0000][11278.984s][info ][safepoint     ] Leaving safepoint region
[2023-10-30T22:38:34.603+0000][11278.985s][info ][safepoint     ] Total time for which application threads were stopped: 0.0018589 seconds, Stopping threads took: 0.0008530 seconds
[2023-10-30T22:38:35.604+0000][11279.986s][debug][safepoint     ] Safepoint synchronization initiated. (189 threads)
[2023-10-30T22:38:35.605+0000][11279.987s][info ][safepoint     ] Application time: 1.0010060 seconds
[2023-10-30T22:38:35.605+0000][11279.987s][info ][safepoint     ] Entering safepoint region: Cleanup
[2023-10-30T22:38:35.606+0000][11279.988s][info ][safepoint     ] Leaving safepoint region
[2023-10-30T22:38:35.607+0000][11279.988s][info ][safepoint     ] Total time for which application threads were stopped: 0.0012464 seconds, Stopping threads took: 0.0005206 seconds
[2023-10-30T22:38:36.607+0000][11280.989s][debug][safepoint     ] Safepoint synchronization initiated. (189 threads)
[2023-10-30T22:38:36.608+0000][11280.990s][info ][safepoint     ] Application time: 1.0009790 seconds
[2023-10-30T22:38:36.609+0000][11280.991s][info ][safepoint     ] Entering safepoint region: Cleanup
[2023-10-30T22:38:36.609+0000][11280.991s][info ][safepoint     ] Leaving safepoint region
[2023-10-30T22:38:36.610+0000][11280.992s][info ][safepoint     ] Total time for which application threads were stopped: 0.0012746 seconds, Stopping threads took: 0.0005933 seconds
[2023-10-30T22:38:37.611+0000][11281.993s][debug][safepoint     ] Safepoint synchronization initiated. (189 threads)
[2023-10-30T22:38:37.612+0000][11281.994s][info ][safepoint     ] Application time: 1.0013984 seconds
[2023-10-30T22:38:37.613+0000][11281.995s][info ][safepoint     ] Entering safepoint region: Cleanup
[2023-10-30T22:38:37.614+0000][11281.996s][info ][safepoint     ] Leaving safepoint region
[2023-10-30T22:38:37.615+0000][11281.997s][info ][safepoint     ] Total time for which application threads were stopped: 0.0019247 seconds, Stopping threads took: 0.0008747 seconds
[2023-10-30T22:38:38.616+0000][11282.998s][debug][safepoint     ] Safepoint synchronization initiated. (189 threads)
[2023-10-30T22:38:38.617+0000][11282.999s][info ][safepoint     ] Application time: 1.0012132 seconds
[2023-10-30T22:38:38.618+0000][11283.000s][debug][safepoint     ] ... found polling page return exception at pc = 0x00007f3161054d21, stub =0x00007f3158840600
[2023-10-30T22:38:38.618+0000][11283.000s][debug][safepoint     ] ... found polling page return exception at pc = 0x00007f31609c75c8, stub =0x00007f3158840600
[2023-10-30T22:38:38.619+0000][11283.001s][debug][safepoint     ] Waiting for 2 thread(s) to block
[2023-10-30T22:38:38.620+0000][11283.002s][info ][safepoint     ] Entering safepoint region: Cleanup
[2023-10-30T22:38:38.622+0000][11283.003s][info ][safepoint     ] Leaving safepoint region
[2023-10-30T22:38:38.622+0000][11283.004s][info ][safepoint     ] Total time for which application threads were stopped: 0.0044552 seconds, Stopping threads took: 0.0036321 seconds
[2023-10-30T22:38:39.623+0000][11284.005s][debug][safepoint     ] Safepoint synchronization initiated. (189 threads)
[2023-10-30T22:38:39.624+0000][11284.006s][info ][safepoint     ] Application time: 1.0012159 seconds
[2023-10-30T22:38:39.625+0000][11284.007s][info ][safepoint     ] Entering safepoint region: Cleanup
[2023-10-30T22:38:39.626+0000][11284.008s][info ][safepoint     ] Leaving safepoint region
[2023-10-30T22:38:39.627+0000][11284.008s][info ][safepoint     ] Total time for which application threads were stopped: 0.0018664 seconds, Stopping threads took: 0.0007553 seconds
[2023-10-30T22:38:40.628+0000][11285.009s][debug][safepoint     ] Safepoint synchronization initiated. (189 threads)
[2023-10-30T22:38:40.628+0000][11285.010s][info ][safepoint     ] Application time: 1.0008888 seconds
[2023-10-30T22:38:40.629+0000][11285.011s][info ][safepoint     ] Entering safepoint region: Cleanup
[2023-10-30T22:38:40.630+0000][11285.012s][info ][safepoint     ] Leaving safepoint region
[2023-10-30T22:38:40.631+0000][11285.012s][info ][safepoint     ] Total time for which application threads were stopped: 0.0014835 seconds, Stopping threads took: 0.0006324 seconds
[2023-10-30T22:38:41.631+0000][11286.013s][debug][safepoint     ] Safepoint synchronization initiated. (189 threads)
[2023-10-30T22:38:41.632+0000][11286.014s][info ][safepoint     ] Application time: 1.0009427 seconds
[2023-10-30T22:38:41.632+0000][11286.014s][info ][safepoint     ] Entering safepoint region: Cleanup
[2023-10-30T22:38:41.633+0000][11286.015s][info ][safepoint     ] Leaving safepoint region
[2023-10-30T22:38:41.634+0000][11286.015s][info ][safepoint     ] Total time for which application threads were stopped: 0.0012619 seconds, Stopping threads took: 0.0005941 seconds
[2023-10-30T22:38:42.634+0000][11287.016s][debug][safepoint     ] Safepoint synchronization initiated. (189 threads)
[2023-10-30T22:38:42.635+0000][11287.017s][info ][safepoint     ] Application time: 1.0008429 seconds
[2023-10-30T22:38:42.636+0000][11287.017s][info ][safepoint     ] Entering safepoint region: Cleanup
[2023-10-30T22:38:42.636+0000][11287.018s][info ][safepoint     ] Leaving safepoint region
[2023-10-30T22:38:42.637+0000][11287.019s][info ][safepoint     ] Total time for which application threads were stopped: 0.0012692 seconds, Stopping threads took: 0.0006659 seconds
[2023-10-30T22:38:43.638+0000][11288.020s][debug][safepoint     ] Safepoint synchronization initiated. (189 threads)
[2023-10-30T22:38:43.639+0000][11288.021s][info ][safepoint     ] Application time: 1.0016898 seconds
[2023-10-30T22:38:43.640+0000][11288.022s][info ][safepoint     ] Entering safepoint region: Cleanup
[2023-10-30T22:38:43.641+0000][11288.023s][info ][safepoint     ] Leaving safepoint region
[2023-10-30T22:38:43.642+0000][11288.024s][info ][safepoint     ] Total time for which application threads were stopped: 0.0022210 seconds, Stopping threads took: 0.0010086 seconds
[2023-10-30T22:38:44.643+0000][11289.025s][debug][safepoint     ] Safepoint synchronization initiated. (189 threads)
[2023-10-30T22:38:44.644+0000][11289.026s][info ][safepoint     ] Application time: 1.0011527 seconds
[2023-10-30T22:38:44.645+0000][11289.027s][info ][safepoint     ] Entering safepoint region: Cleanup
[2023-10-30T22:38:44.646+0000][11289.028s][info ][safepoint     ] Leaving safepoint region
[2023-10-30T22:38:44.647+0000][11289.029s][info ][safepoint     ] Total time for which application threads were stopped: 0.0017967 seconds, Stopping threads took: 0.0008311 seconds
[2023-10-30T22:38:45.648+0000][11290.030s][debug][safepoint     ] Safepoint synchronization initiated. (189 threads)
[2023-10-30T22:38:45.649+0000][11290.031s][info ][safepoint     ] Application time: 1.0012432 seconds
[2023-10-30T22:38:45.650+0000][11290.032s][info ][safepoint     ] Entering safepoint region: Cleanup
[2023-10-30T22:38:45.651+0000][11290.033s][info ][safepoint     ] Leaving safepoint region
[2023-10-30T22:38:45.652+0000][11290.033s][info ][safepoint     ] Total time for which application threads were stopped: 0.0019188 seconds, Stopping threads took: 0.0009779 seconds
[2023-10-30T22:38:46.653+0000][11291.034s][debug][safepoint     ] Safepoint synchronization initiated. (189 threads)
[2023-10-30T22:38:46.653+0000][11291.035s][info ][safepoint     ] Application time: 1.0009200 seconds
[2023-10-30T22:38:46.654+0000][11291.036s][info ][safepoint     ] Entering safepoint region: Cleanup
[2023-10-30T22:38:46.655+0000][11291.037s][info ][safepoint     ] Leaving safepoint region
[2023-10-30T22:38:46.655+0000][11291.037s][info ][safepoint     ] Total time for which application threads were stopped: 0.0014613 seconds, Stopping threads took: 0.0005921 seconds
[2023-10-30T22:38:47.656+0000][11292.038s][debug][safepoint     ] Safepoint synchronization initiated. (188 threads)
[2023-10-30T22:38:47.657+0000][11292.039s][info ][safepoint     ] Application time: 1.0014545 seconds
[2023-10-30T22:38:47.659+0000][11292.040s][debug][safepoint     ] ... found polling page return exception at pc = 0x00007f3160b78876, stub =0x00007f3158840600
[2023-10-30T22:38:47.659+0000][11292.040s][debug][safepoint     ] ... found polling page return exception at pc = 0x00007f3160ab34f4, stub =0x00007f3158840600
[2023-10-30T22:38:47.660+0000][11292.042s][debug][safepoint     ] Waiting for 2 thread(s) to block
[2023-10-30T22:38:47.661+0000][11292.043s][info ][safepoint     ] Entering safepoint region: Cleanup
[2023-10-30T22:38:47.662+0000][11292.044s][info ][safepoint     ] Leaving safepoint region
[2023-10-30T22:38:47.663+0000][11292.045s][info ][safepoint     ] Total time for which application threads were stopped: 0.0044697 seconds, Stopping threads took: 0.0035636 seconds
[2023-10-30T22:38:48.664+0000][11293.046s][debug][safepoint     ] Safepoint synchronization initiated. (188 threads)
[2023-10-30T22:38:48.665+0000][11293.046s][info ][safepoint     ] Application time: 1.0008436 seconds
[2023-10-30T22:38:48.665+0000][11293.047s][info ][safepoint     ] Entering safepoint region: Cleanup
[2023-10-30T22:38:48.666+0000][11293.048s][info ][safepoint     ] Leaving safepoint region
[2023-10-30T22:38:48.666+0000][11293.048s][info ][safepoint     ] Total time for which application threads were stopped: 0.0012284 seconds, Stopping threads took: 0.0005028 seconds
[2023-10-30T22:38:49.667+0000][11294.049s][debug][safepoint     ] Safepoint synchronization initiated. (188 threads)
[2023-10-30T22:38:49.668+0000][11294.050s][info ][safepoint     ] Application time: 1.0013080 seconds
[2023-10-30T22:38:49.669+0000][11294.051s][info ][safepoint     ] Entering safepoint region: Cleanup
[2023-10-30T22:38:49.670+0000][11294.052s][info ][safepoint     ] Leaving safepoint region
[2023-10-30T22:38:49.671+0000][11294.053s][info ][safepoint     ] Total time for which application threads were stopped: 0.0017200 seconds, Stopping threads took: 0.0008800 seconds
[2023-10-30T22:38:50.672+0000][11295.054s][debug][safepoint     ] Safepoint synchronization initiated. (188 threads)
[2023-10-30T22:38:50.673+0000][11295.054s][info ][safepoint     ] Application time: 1.0011917 seconds
[2023-10-30T22:38:50.674+0000][11295.055s][info ][safepoint     ] Entering safepoint region: Cleanup
[2023-10-30T22:38:50.675+0000][11295.056s][info ][safepoint     ] Leaving safepoint region
[2023-10-30T22:38:50.675+0000][11295.057s][info ][safepoint     ] Total time for which application threads were stopped: 0.0019328 seconds, Stopping threads took: 0.0008135 seconds
[2023-10-30T22:38:51.676+0000][11296.058s][debug][safepoint     ] Safepoint synchronization initiated. (188 threads)
[2023-10-30T22:38:51.677+0000][11296.059s][info ][safepoint     ] Application time: 1.0010816 seconds
[2023-10-30T22:38:51.678+0000][11296.060s][info ][safepoint     ] Entering safepoint region: Cleanup
[2023-10-30T22:38:51.679+0000][11296.061s][info ][safepoint     ] Leaving safepoint region
[2023-10-30T22:38:51.679+0000][11296.061s][info ][safepoint     ] Total time for which application threads were stopped: 0.0013727 seconds, Stopping threads took: 0.0006961 seconds
[2023-10-30T22:38:52.680+0000][11297.062s][debug][safepoint     ] Safepoint synchronization initiated. (188 threads)
[2023-10-30T22:38:52.681+0000][11297.063s][info ][safepoint     ] Application time: 1.0015145 seconds
[2023-10-30T22:38:52.683+0000][11297.064s][info ][safepoint     ] Entering safepoint region: Cleanup
[2023-10-30T22:38:52.684+0000][11297.066s][info ][safepoint     ] Leaving safepoint region
[2023-10-30T22:38:52.685+0000][11297.067s][info ][safepoint     ] Total time for which application threads were stopped: 0.0026096 seconds, Stopping threads took: 0.0010555 seconds
[2023-10-30T22:38:53.686+0000][11298.068s][debug][safepoint     ] Safepoint synchronization initiated. (188 threads)
[2023-10-30T22:38:53.688+0000][11298.069s][info ][safepoint     ] Application time: 1.0017257 seconds
[2023-10-30T22:38:53.689+0000][11298.070s][info ][safepoint     ] Entering safepoint region: Cleanup
[2023-10-30T22:38:53.690+0000][11298.072s][info ][safepoint     ] Leaving safepoint region
[2023-10-30T22:38:53.691+0000][11298.072s][info ][safepoint     ] Total time for which application threads were stopped: 0.0020665 seconds, Stopping threads took: 0.0009545 seconds
[2023-10-30T22:38:54.692+0000][11299.074s][debug][safepoint     ] Safepoint synchronization initiated. (188 threads)
[2023-10-30T22:38:54.693+0000][11299.074s][info ][safepoint     ] Application time: 1.0011951 seconds
[2023-10-30T22:38:54.694+0000][11299.075s][info ][safepoint     ] Entering safepoint region: Cleanup
[2023-10-30T22:38:54.695+0000][11299.076s][info ][safepoint     ] Leaving safepoint region
[2023-10-30T22:38:54.695+0000][11299.077s][info ][safepoint     ] Total time for which application threads were stopped: 0.0018328 seconds, Stopping threads took: 0.0007725 seconds
[2023-10-30T22:38:55.696+0000][11300.078s][debug][safepoint     ] Safepoint synchronization initiated. (188 threads)
[2023-10-30T22:38:55.697+0000][11300.078s][info ][safepoint     ] Application time: 1.0005109 seconds
[2023-10-30T22:38:55.697+0000][11300.079s][info ][safepoint     ] Entering safepoint region: Cleanup
[2023-10-30T22:38:55.698+0000][11300.079s][info ][safepoint     ] Leaving safepoint region
[2023-10-30T22:38:55.698+0000][11300.080s][info ][safepoint     ] Total time for which application threads were stopped: 0.0010112 seconds, Stopping threads took: 0.0004119 seconds
[2023-10-30T22:38:56.699+0000][11301.080s][debug][safepoint     ] Safepoint synchronization initiated. (188 threads)
[2023-10-30T22:38:56.699+0000][11301.081s][info ][safepoint     ] Application time: 1.0010221 seconds
[2023-10-30T22:38:56.700+0000][11301.082s][info ][safepoint     ] Entering safepoint region: Cleanup
[2023-10-30T22:38:56.701+0000][11301.083s][info ][safepoint     ] Leaving safepoint region
[2023-10-30T22:38:56.702+0000][11301.083s][info ][safepoint     ] Total time for which application threads were stopped: 0.0016135 seconds, Stopping threads took: 0.0008257 seconds
[2023-10-30T22:38:57.703+0000][11302.084s][debug][safepoint     ] Safepoint synchronization initiated. (188 threads)
[2023-10-30T22:38:57.704+0000][11302.085s][info ][safepoint     ] Application time: 1.0011631 seconds
[2023-10-30T22:38:57.704+0000][11302.086s][info ][safepoint     ] Entering safepoint region: Cleanup
[2023-10-30T22:38:57.705+0000][11302.087s][info ][safepoint     ] Leaving safepoint region
[2023-10-30T22:38:57.706+0000][11302.088s][info ][safepoint     ] Total time for which application threads were stopped: 0.0018095 seconds, Stopping threads took: 0.0008282 seconds
[2023-10-30T22:38:58.707+0000][11303.089s][debug][safepoint     ] Safepoint synchronization initiated. (188 threads)
[2023-10-30T22:38:58.708+0000][11303.090s][info ][safepoint     ] Application time: 1.0011099 seconds
[2023-10-30T22:38:58.709+0000][11303.090s][info ][safepoint     ] Entering safepoint region: Cleanup
[2023-10-30T22:38:58.710+0000][11303.091s][info ][safepoint     ] Leaving safepoint region
[2023-10-30T22:38:58.711+0000][11303.092s][info ][safepoint     ] Total time for which application threads were stopped: 0.0018447 seconds, Stopping threads took: 0.0007010 seconds
[2023-10-30T22:38:59.712+0000][11304.093s][debug][safepoint     ] Safepoint synchronization initiated. (188 threads)
[2023-10-30T22:38:59.712+0000][11304.094s][info ][safepoint     ] Application time: 1.0010967 seconds
[2023-10-30T22:38:59.713+0000][11304.095s][info ][safepoint     ] Entering safepoint region: Cleanup
[2023-10-30T22:38:59.714+0000][11304.096s][info ][safepoint     ] Leaving safepoint region
[2023-10-30T22:38:59.715+0000][11304.096s][info ][safepoint     ] Total time for which application threads were stopped: 0.0014849 seconds, Stopping threads took: 0.0006233 seconds
[2023-10-30T22:39:00.715+0000][11305.097s][debug][safepoint     ] Safepoint synchronization initiated. (188 threads)
[2023-10-30T22:39:00.716+0000][11305.098s][info ][safepoint     ] Application time: 1.0006758 seconds
[2023-10-30T22:39:00.717+0000][11305.098s][info ][safepoint     ] Entering safepoint region: Cleanup
[2023-10-30T22:39:00.717+0000][11305.099s][info ][safepoint     ] Leaving safepoint region
[2023-10-30T22:39:00.718+0000][11305.099s][info ][safepoint     ] Total time for which application threads were stopped: 0.0013430 seconds, Stopping threads took: 0.0005496 seconds
[2023-10-30T22:39:01.719+0000][11306.100s][debug][safepoint     ] Safepoint synchronization initiated. (188 threads)
[2023-10-30T22:39:01.719+0000][11306.101s][info ][safepoint     ] Application time: 1.0009628 seconds
[2023-10-30T22:39:01.720+0000][11306.102s][info ][safepoint     ] Entering safepoint region: Cleanup
[2023-10-30T22:39:01.721+0000][11306.102s][info ][safepoint     ] Leaving safepoint region
[2023-10-30T22:39:01.721+0000][11306.103s][info ][safepoint     ] Total time for which application threads were stopped: 0.0012757 seconds, Stopping threads took: 0.0005791 seconds
[2023-10-30T22:39:02.722+0000][11307.103s][debug][safepoint     ] Safepoint synchronization initiated. (188 threads)
[2023-10-30T22:39:02.723+0000][11307.104s][info ][safepoint     ] Application time: 1.0009983 seconds
[2023-10-30T22:39:02.723+0000][11307.105s][info ][safepoint     ] Entering safepoint region: Cleanup
[2023-10-30T22:39:02.724+0000][11307.106s][info ][safepoint     ] Leaving safepoint region
[2023-10-30T22:39:02.725+0000][11307.107s][info ][safepoint     ] Total time for which application threads were stopped: 0.0017327 seconds, Stopping threads took: 0.0007270 seconds
[2023-10-30T22:39:03.726+0000][11308.108s][debug][safepoint     ] Safepoint synchronization initiated. (188 threads)
[2023-10-30T22:39:03.727+0000][11308.108s][info ][safepoint     ] Application time: 1.0009496 seconds
[2023-10-30T22:39:03.727+0000][11308.109s][info ][safepoint     ] Entering safepoint region: Cleanup
[2023-10-30T22:39:03.728+0000][11308.110s][info ][safepoint     ] Leaving safepoint region
[2023-10-30T22:39:03.729+0000][11308.111s][info ][safepoint     ] Total time for which application threads were stopped: 0.0015027 seconds, Stopping threads took: 0.0007086 seconds
[2023-10-30T22:39:04.730+0000][11309.112s][debug][safepoint     ] Safepoint synchronization initiated. (188 threads)
[2023-10-30T22:39:04.731+0000][11309.112s][info ][safepoint     ] Application time: 1.0012277 seconds
[2023-10-30T22:39:04.732+0000][11309.113s][info ][safepoint     ] Entering safepoint region: Cleanup
[2023-10-30T22:39:04.733+0000][11309.114s][info ][safepoint     ] Leaving safepoint region
[2023-10-30T22:39:04.733+0000][11309.115s][info ][safepoint     ] Total time for which application threads were stopped: 0.0015600 seconds, Stopping threads took: 0.0007004 seconds
[2023-10-30T22:39:05.734+0000][11310.116s][debug][safepoint     ] Safepoint synchronization initiated. (188 threads)
[2023-10-30T22:39:05.735+0000][11310.116s][info ][safepoint     ] Application time: 1.0010581 seconds
[2023-10-30T22:39:05.735+0000][11310.117s][info ][safepoint     ] Entering safepoint region: Cleanup
[2023-10-30T22:39:05.736+0000][11310.118s][info ][safepoint     ] Leaving safepoint region
[2023-10-30T22:39:05.737+0000][11310.119s][info ][safepoint     ] Total time for which application threads were stopped: 0.0016209 seconds, Stopping threads took: 0.0006660 seconds
[2023-10-30T22:39:06.738+0000][11311.119s][debug][safepoint     ] Safepoint synchronization initiated. (188 threads)
[2023-10-30T22:39:06.738+0000][11311.120s][info ][safepoint     ] Application time: 1.0005997 seconds
[2023-10-30T22:39:06.739+0000][11311.120s][info ][safepoint     ] Entering safepoint region: Cleanup
[2023-10-30T22:39:06.739+0000][11311.121s][info ][safepoint     ] Leaving safepoint region
[2023-10-30T22:39:06.739+0000][11311.121s][info ][safepoint     ] Total time for which application threads were stopped: 0.0009305 seconds, Stopping threads took: 0.0003645 seconds
[2023-10-30T22:39:07.740+0000][11312.122s][debug][safepoint     ] Safepoint synchronization initiated. (188 threads)
[2023-10-30T22:39:07.741+0000][11312.123s][info ][safepoint     ] Application time: 1.0013662 seconds
[2023-10-30T22:39:07.742+0000][11312.124s][info ][safepoint     ] Entering safepoint region: Cleanup
[2023-10-30T22:39:07.743+0000][11312.124s][info ][safepoint     ] Leaving safepoint region
[2023-10-30T22:39:07.743+0000][11312.125s][info ][safepoint     ] Total time for which application threads were stopped: 0.0010246 seconds, Stopping threads took: 0.0004048 seconds
[2023-10-30T22:39:08.743+0000][11313.125s][debug][safepoint     ] Safepoint synchronization initiated. (188 threads)
[2023-10-30T22:39:08.744+0000][11313.126s][info ][safepoint     ] Application time: 1.0007875 seconds
[2023-10-30T22:39:08.745+0000][11313.126s][info ][safepoint     ] Entering safepoint region: Cleanup
[2023-10-30T22:39:08.745+0000][11313.127s][info ][safepoint     ] Leaving safepoint region
[2023-10-30T22:39:08.746+0000][11313.127s][info ][safepoint     ] Total time for which application threads were stopped: 0.0011532 seconds, Stopping threads took: 0.0004831 seconds
[2023-10-30T22:39:09.746+0000][11314.128s][debug][safepoint     ] Safepoint synchronization initiated. (187 threads)
[2023-10-30T22:39:09.747+0000][11314.128s][info ][safepoint     ] Application time: 1.0007943 seconds
[2023-10-30T22:39:09.747+0000][11314.129s][info ][safepoint     ] Entering safepoint region: Cleanup
[2023-10-30T22:39:09.748+0000][11314.129s][info ][safepoint     ] Leaving safepoint region
[2023-10-30T22:39:09.748+0000][11314.130s][info ][safepoint     ] Total time for which application threads were stopped: 0.0011841 seconds, Stopping threads took: 0.0004047 seconds
[2023-10-30T22:39:10.749+0000][11315.131s][debug][safepoint     ] Safepoint synchronization initiated. (187 threads)
[2023-10-30T22:39:10.749+0000][11315.131s][info ][safepoint     ] Application time: 1.0005707 seconds
[2023-10-30T22:39:10.750+0000][11315.131s][info ][safepoint     ] Entering safepoint region: Cleanup
[2023-10-30T22:39:10.750+0000][11315.132s][info ][safepoint     ] Leaving safepoint region
[2023-10-30T22:39:10.751+0000][11315.132s][info ][safepoint     ] Total time for which application threads were stopped: 0.0009123 seconds, Stopping threads took: 0.0003512 seconds
[2023-10-30T22:39:11.751+0000][11316.133s][debug][safepoint     ] Safepoint synchronization initiated. (187 threads)
[2023-10-30T22:39:11.752+0000][11316.133s][info ][safepoint     ] Application time: 1.0005411 seconds
[2023-10-30T22:39:11.752+0000][11316.133s][info ][safepoint     ] Entering safepoint region: Cleanup
[2023-10-30T22:39:11.752+0000][11316.134s][info ][safepoint     ] Leaving safepoint region
[2023-10-30T22:39:11.753+0000][11316.134s][info ][safepoint     ] Total time for which application threads were stopped: 0.0007602 seconds, Stopping threads took: 0.0002887 seconds
[2023-10-30T22:39:12.753+0000][11317.135s][debug][safepoint     ] Safepoint synchronization initiated. (187 threads)
[2023-10-30T22:39:12.754+0000][11317.135s][info ][safepoint     ] Application time: 1.0008214 seconds
[2023-10-30T22:39:12.754+0000][11317.136s][info ][safepoint     ] Entering safepoint region: Cleanup
[2023-10-30T22:39:12.755+0000][11317.137s][info ][safepoint     ] Leaving safepoint region
[2023-10-30T22:39:12.755+0000][11317.137s][info ][safepoint     ] Total time for which application threads were stopped: 0.0011038 seconds, Stopping threads took: 0.0004798 seconds
[2023-10-30T22:39:13.756+0000][11318.138s][debug][safepoint     ] Safepoint synchronization initiated. (187 threads)
[2023-10-30T22:39:13.757+0000][11318.138s][info ][safepoint     ] Application time: 1.0011213 seconds
[2023-10-30T22:39:13.758+0000][11318.139s][info ][safepoint     ] Entering safepoint region: Cleanup
[2023-10-30T22:39:13.759+0000][11318.140s][info ][safepoint     ] Leaving safepoint region
[2023-10-30T22:39:13.759+0000][11318.141s][info ][safepoint     ] Total time for which application threads were stopped: 0.0018166 seconds, Stopping threads took: 0.0006908 seconds
[2023-10-30T22:39:14.760+0000][11319.142s][debug][safepoint     ] Safepoint synchronization initiated. (187 threads)
[2023-10-30T22:39:14.761+0000][11319.142s][info ][safepoint     ] Application time: 1.0008327 seconds
[2023-10-30T22:39:14.761+0000][11319.143s][info ][safepoint     ] Entering safepoint region: Cleanup
[2023-10-30T22:39:14.762+0000][11319.144s][info ][safepoint     ] Leaving safepoint region
[2023-10-30T22:39:14.762+0000][11319.144s][info ][safepoint     ] Total time for which application threads were stopped: 0.0011268 seconds, Stopping threads took: 0.0004750 seconds
[2023-10-30T22:39:15.763+0000][11320.145s][debug][safepoint     ] Safepoint synchronization initiated. (187 threads)
[2023-10-30T22:39:15.764+0000][11320.146s][info ][safepoint     ] Application time: 1.0014932 seconds
[2023-10-30T22:39:15.765+0000][11320.147s][info ][safepoint     ] Entering safepoint region: Cleanup
[2023-10-30T22:39:15.767+0000][11320.148s][info ][safepoint     ] Leaving safepoint region
[2023-10-30T22:39:15.767+0000][11320.149s][info ][safepoint     ] Total time for which application threads were stopped: 0.0020599 seconds, Stopping threads took: 0.0009397 seconds
[2023-10-30T22:39:16.768+0000][11321.150s][debug][safepoint     ] Safepoint synchronization initiated. (187 threads)
[2023-10-30T22:39:16.769+0000][11321.151s][info ][safepoint     ] Application time: 1.0011274 seconds
[2023-10-30T22:39:16.770+0000][11321.152s][info ][safepoint     ] Entering safepoint region: Cleanup
[2023-10-30T22:39:16.771+0000][11321.153s][info ][safepoint     ] Leaving safepoint region
[2023-10-30T22:39:16.772+0000][11321.153s][info ][safepoint     ] Total time for which application threads were stopped: 0.0015886 seconds, Stopping threads took: 0.0007377 seconds
[2023-10-30T22:39:17.772+0000][11322.154s][debug][safepoint     ] Safepoint synchronization initiated. (187 threads)
[2023-10-30T22:39:17.773+0000][11322.154s][info ][safepoint     ] Application time: 1.0005236 seconds
[2023-10-30T22:39:17.773+0000][11322.155s][info ][safepoint     ] Entering safepoint region: Cleanup
[2023-10-30T22:39:17.774+0000][11322.155s][info ][safepoint     ] Leaving safepoint region
[2023-10-30T22:39:17.774+0000][11322.156s][info ][safepoint     ] Total time for which application threads were stopped: 0.0008595 seconds, Stopping threads took: 0.0002969 seconds
[2023-10-30T22:39:18.774+0000][11323.156s][debug][safepoint     ] Safepoint synchronization initiated. (187 threads)
[2023-10-30T22:39:18.775+0000][11323.157s][info ][safepoint     ] Application time: 1.0010234 seconds
[2023-10-30T22:39:18.776+0000][11323.158s][info ][safepoint     ] Entering safepoint region: Cleanup
[2023-10-30T22:39:18.777+0000][11323.159s][info ][safepoint     ] Leaving safepoint region
[2023-10-30T22:39:18.778+0000][11323.160s][info ][safepoint     ] Total time for which application threads were stopped: 0.0018353 seconds, Stopping threads took: 0.0007669 seconds
[2023-10-30T22:39:19.779+0000][11324.160s][debug][safepoint     ] Safepoint synchronization initiated. (187 threads)
[2023-10-30T22:39:19.779+0000][11324.161s][info ][safepoint     ] Application time: 1.0007350 seconds
[2023-10-30T22:39:19.780+0000][11324.162s][info ][safepoint     ] Entering safepoint region: Cleanup
[2023-10-30T22:39:19.780+0000][11324.162s][info ][safepoint     ] Leaving safepoint region
[2023-10-30T22:39:19.781+0000][11324.163s][info ][safepoint     ] Total time for which application threads were stopped: 0.0010227 seconds, Stopping threads took: 0.0003772 seconds
[2023-10-30T22:39:20.782+0000][11325.163s][debug][safepoint     ] Safepoint synchronization initiated. (187 threads)
[2023-10-30T22:39:20.783+0000][11325.165s][info ][safepoint     ] Application time: 1.0016117 seconds
[2023-10-30T22:39:20.784+0000][11325.166s][info ][safepoint     ] Entering safepoint region: Cleanup
[2023-10-30T22:39:20.785+0000][11325.167s][info ][safepoint     ] Leaving safepoint region
[2023-10-30T22:39:20.786+0000][11325.167s][info ][safepoint     ] Total time for which application threads were stopped: 0.0019734 seconds, Stopping threads took: 0.0009520 seconds
[2023-10-30T22:39:21.787+0000][11326.168s][debug][safepoint     ] Safepoint synchronization initiated. (187 threads)
[2023-10-30T22:39:21.788+0000][11326.169s][info ][safepoint     ] Application time: 1.0010402 seconds
[2023-10-30T22:39:21.788+0000][11326.170s][info ][safepoint     ] Entering safepoint region: Cleanup
[2023-10-30T22:39:21.789+0000][11326.171s][info ][safepoint     ] Leaving safepoint region
[2023-10-30T22:39:21.790+0000][11326.171s][info ][safepoint     ] Total time for which application threads were stopped: 0.0014723 seconds, Stopping threads took: 0.0005636 seconds
[2023-10-30T22:39:22.791+0000][11327.172s][debug][safepoint     ] Safepoint synchronization initiated. (187 threads)
[2023-10-30T22:39:22.792+0000][11327.173s][info ][safepoint     ] Application time: 1.0011435 seconds
[2023-10-30T22:39:22.792+0000][11327.174s][info ][safepoint     ] Entering safepoint region: Cleanup
[2023-10-30T22:39:22.794+0000][11327.175s][info ][safepoint     ] Leaving safepoint region
[2023-10-30T22:39:22.794+0000][11327.176s][info ][safepoint     ] Total time for which application threads were stopped: 0.0018797 seconds, Stopping threads took: 0.0009302 seconds
[2023-10-30T22:39:23.795+0000][11328.177s][debug][safepoint     ] Safepoint synchronization initiated. (187 threads)
[2023-10-30T22:39:23.795+0000][11328.177s][info ][safepoint     ] Application time: 1.0007863 seconds
[2023-10-30T22:39:23.796+0000][11328.178s][info ][safepoint     ] Entering safepoint region: Cleanup
[2023-10-30T22:39:23.796+0000][11328.178s][info ][safepoint     ] Leaving safepoint region
[2023-10-30T22:39:23.797+0000][11328.179s][info ][safepoint     ] Total time for which application threads were stopped: 0.0010394 seconds, Stopping threads took: 0.0004517 seconds
[2023-10-30T22:39:24.797+0000][11329.179s][debug][safepoint     ] Safepoint synchronization initiated. (187 threads)
[2023-10-30T22:39:24.798+0000][11329.180s][info ][safepoint     ] Application time: 1.0005819 seconds
[2023-10-30T22:39:24.798+0000][11329.180s][info ][safepoint     ] Entering safepoint region: Cleanup
[2023-10-30T22:39:24.799+0000][11329.181s][info ][safepoint     ] Leaving safepoint region
[2023-10-30T22:39:24.799+0000][11329.181s][info ][safepoint     ] Total time for which application threads were stopped: 0.0010272 seconds, Stopping threads took: 0.0004190 seconds
[2023-10-30T22:39:25.799+0000][11330.182s][debug][safepoint     ] Safepoint synchronization initiated. (187 threads)
[2023-10-30T22:39:25.800+0000][11330.182s][info ][safepoint     ] Application time: 1.0005937 seconds
[2023-10-30T22:39:25.800+0000][11330.182s][info ][safepoint     ] Entering safepoint region: Cleanup
[2023-10-30T22:39:25.801+0000][11330.183s][info ][safepoint     ] Leaving safepoint region
[2023-10-30T22:39:25.801+0000][11330.183s][info ][safepoint     ] Total time for which application threads were stopped: 0.0008903 seconds, Stopping threads took: 0.0003737 seconds
[2023-10-30T22:39:26.802+0000][11331.184s][debug][safepoint     ] Safepoint synchronization initiated. (187 threads)
[2023-10-30T22:39:26.802+0000][11331.184s][info ][safepoint     ] Application time: 1.0005823 seconds
[2023-10-30T22:39:26.802+0000][11331.185s][info ][safepoint     ] Entering safepoint region: Cleanup
[2023-10-30T22:39:26.803+0000][11331.185s][info ][safepoint     ] Leaving safepoint region
[2023-10-30T22:39:26.803+0000][11331.185s][info ][safepoint     ] Total time for which application threads were stopped: 0.0009703 seconds, Stopping threads took: 0.0003516 seconds
[2023-10-30T22:39:27.804+0000][11332.186s][debug][safepoint     ] Safepoint synchronization initiated. (187 threads)
[2023-10-30T22:39:27.805+0000][11332.187s][info ][safepoint     ] Application time: 1.0007608 seconds
[2023-10-30T22:39:27.805+0000][11332.187s][info ][safepoint     ] Entering safepoint region: Cleanup
[2023-10-30T22:39:27.806+0000][11332.188s][info ][safepoint     ] Leaving safepoint region
[2023-10-30T22:39:27.806+0000][11332.188s][info ][safepoint     ] Total time for which application threads were stopped: 0.0010747 seconds, Stopping threads took: 0.0005174 seconds
[2023-10-30T22:39:28.807+0000][11333.189s][debug][safepoint     ] Safepoint synchronization initiated. (187 threads)
[2023-10-30T22:39:28.807+0000][11333.189s][info ][safepoint     ] Application time: 1.0006666 seconds
[2023-10-30T22:39:28.810+0000][11333.192s][info ][safepoint     ] Entering safepoint region: Cleanup
[2023-10-30T22:39:28.810+0000][11333.192s][info ][safepoint     ] Leaving safepoint region
[2023-10-30T22:39:28.811+0000][11333.193s][info ][safepoint     ] Total time for which application threads were stopped: 0.0011081 seconds, Stopping threads took: 0.0004909 seconds
[2023-10-30T22:39:29.811+0000][11334.193s][debug][safepoint     ] Safepoint synchronization initiated. (187 threads)
[2023-10-30T22:39:29.813+0000][11334.195s][info ][safepoint     ] Application time: 1.0021329 seconds
[2023-10-30T22:39:29.816+0000][11334.198s][info ][safepoint     ] Entering safepoint region: Cleanup
[2023-10-30T22:39:29.821+0000][11334.203s][info ][safepoint     ] Leaving safepoint region
[2023-10-30T22:39:29.822+0000][11334.204s][info ][safepoint     ] Total time for which application threads were stopped: 0.0058382 seconds, Stopping threads took: 0.0046369 seconds
[2023-10-30T22:39:30.822+0000][11335.204s][debug][safepoint     ] Safepoint synchronization initiated. (187 threads)
[2023-10-30T22:39:30.823+0000][11335.205s][info ][safepoint     ] Application time: 1.0005333 seconds
[2023-10-30T22:39:30.823+0000][11335.205s][info ][safepoint     ] Entering safepoint region: Cleanup
[2023-10-30T22:39:30.824+0000][11335.206s][info ][safepoint     ] Leaving safepoint region
[2023-10-30T22:39:30.824+0000][11335.206s][info ][safepoint     ] Total time for which application threads were stopped: 0.0008898 seconds, Stopping threads took: 0.0003789 seconds
[2023-10-30T22:39:31.824+0000][11336.206s][debug][safepoint     ] Safepoint synchronization initiated. (187 threads)
[2023-10-30T22:39:31.825+0000][11336.207s][info ][safepoint     ] Application time: 1.0005973 seconds
[2023-10-30T22:39:31.825+0000][11336.207s][info ][safepoint     ] Entering safepoint region: Cleanup
[2023-10-30T22:39:31.826+0000][11336.208s][info ][safepoint     ] Leaving safepoint region
[2023-10-30T22:39:31.826+0000][11336.208s][info ][safepoint     ] Total time for which application threads were stopped: 0.0008427 seconds, Stopping threads took: 0.0003458 seconds
[2023-10-30T22:39:32.827+0000][11337.209s][debug][safepoint     ] Safepoint synchronization initiated. (187 threads)
[2023-10-30T22:39:32.827+0000][11337.209s][info ][safepoint     ] Application time: 1.0009556 seconds
[2023-10-30T22:39:32.828+0000][11337.210s][info ][safepoint     ] Entering safepoint region: Cleanup
[2023-10-30T22:39:32.829+0000][11337.211s][info ][safepoint     ] Leaving safepoint region
[2023-10-30T22:39:32.829+0000][11337.212s][info ][safepoint     ] Total time for which application threads were stopped: 0.0016181 seconds, Stopping threads took: 0.0007307 seconds
[2023-10-30T22:39:33.830+0000][11338.212s][debug][safepoint     ] Safepoint synchronization initiated. (187 threads)
[2023-10-30T22:39:33.831+0000][11338.213s][info ][safepoint     ] Application time: 1.0010100 seconds
[2023-10-30T22:39:33.832+0000][11338.214s][info ][safepoint     ] Entering safepoint region: Cleanup
[2023-10-30T22:39:33.833+0000][11338.215s][info ][safepoint     ] Leaving safepoint region
[2023-10-30T22:39:33.833+0000][11338.215s][info ][safepoint     ] Total time for which application threads were stopped: 0.0009642 seconds, Stopping threads took: 0.0004255 seconds
[2023-10-30T22:39:34.834+0000][11339.216s][debug][safepoint     ] Safepoint synchronization initiated. (187 threads)
[2023-10-30T22:39:34.835+0000][11339.217s][info ][safepoint     ] Application time: 1.0015035 seconds
[2023-10-30T22:39:34.835+0000][11339.218s][info ][safepoint     ] Entering safepoint region: Cleanup
[2023-10-30T22:39:34.837+0000][11339.219s][info ][safepoint     ] Leaving safepoint region
[2023-10-30T22:39:34.837+0000][11339.219s][info ][safepoint     ] Total time for which application threads were stopped: 0.0017267 seconds, Stopping threads took: 0.0010664 seconds
[2023-10-30T22:39:35.838+0000][11340.220s][debug][safepoint     ] Safepoint synchronization initiated. (187 threads)
[2023-10-30T22:39:35.838+0000][11340.220s][info ][safepoint     ] Application time: 1.0006632 seconds
[2023-10-30T22:39:35.839+0000][11340.221s][info ][safepoint     ] Entering safepoint region: Cleanup
[2023-10-30T22:39:35.839+0000][11340.221s][info ][safepoint     ] Leaving safepoint region
[2023-10-30T22:39:35.840+0000][11340.222s][info ][safepoint     ] Total time for which application threads were stopped: 0.0010997 seconds, Stopping threads took: 0.0005755 seconds
[2023-10-30T22:39:36.840+0000][11341.222s][debug][safepoint     ] Safepoint synchronization initiated. (187 threads)
[2023-10-30T22:39:36.841+0000][11341.223s][info ][safepoint     ] Application time: 1.0012179 seconds
[2023-10-30T22:39:36.842+0000][11341.224s][info ][safepoint     ] Entering safepoint region: Cleanup
[2023-10-30T22:39:36.843+0000][11341.225s][info ][safepoint     ] Leaving safepoint region
[2023-10-30T22:39:36.843+0000][11341.226s][info ][safepoint     ] Total time for which application threads were stopped: 0.0015438 seconds, Stopping threads took: 0.0007322 seconds
[2023-10-30T22:39:37.844+0000][11342.226s][debug][safepoint     ] Safepoint synchronization initiated. (187 threads)
[2023-10-30T22:39:37.845+0000][11342.227s][info ][safepoint     ] Application time: 1.0008616 seconds
[2023-10-30T22:39:37.845+0000][11342.227s][info ][safepoint     ] Entering safepoint region: Cleanup
[2023-10-30T22:39:37.846+0000][11342.228s][info ][safepoint     ] Leaving safepoint region
[2023-10-30T22:39:37.846+0000][11342.228s][info ][safepoint     ] Total time for which application threads were stopped: 0.0009992 seconds, Stopping threads took: 0.0004406 seconds
[2023-10-30T22:39:38.847+0000][11343.229s][debug][safepoint     ] Safepoint synchronization initiated. (187 threads)
[2023-10-30T22:39:38.848+0000][11343.230s][info ][safepoint     ] Application time: 1.0010189 seconds
[2023-10-30T22:39:38.848+0000][11343.231s][info ][safepoint     ] Entering safepoint region: Cleanup
[2023-10-30T22:39:38.849+0000][11343.231s][info ][safepoint     ] Leaving safepoint region
[2023-10-30T22:39:38.850+0000][11343.232s][info ][safepoint     ] Total time for which application threads were stopped: 0.0015561 seconds, Stopping threads took: 0.0006842 seconds
[2023-10-30T22:39:39.851+0000][11344.233s][debug][safepoint     ] Safepoint synchronization initiated. (187 threads)
[2023-10-30T22:39:39.851+0000][11344.233s][info ][safepoint     ] Application time: 1.0006224 seconds
[2023-10-30T22:39:39.852+0000][11344.234s][info ][safepoint     ] Entering safepoint region: Cleanup
[2023-10-30T22:39:39.852+0000][11344.234s][info ][safepoint     ] Leaving safepoint region
[2023-10-30T22:39:39.853+0000][11344.235s][info ][safepoint     ] Total time for which application threads were stopped: 0.0010583 seconds, Stopping threads took: 0.0004422 seconds
[2023-10-30T22:39:40.853+0000][11345.235s][debug][safepoint     ] Safepoint synchronization initiated. (187 threads)
[2023-10-30T22:39:40.854+0000][11345.236s][info ][safepoint     ] Application time: 1.0007225 seconds
[2023-10-30T22:39:40.854+0000][11345.236s][info ][safepoint     ] Entering safepoint region: Cleanup
[2023-10-30T22:39:40.855+0000][11345.237s][info ][safepoint     ] Leaving safepoint region
[2023-10-30T22:39:40.855+0000][11345.237s][info ][safepoint     ] Total time for which application threads were stopped: 0.0009893 seconds, Stopping threads took: 0.0004626 seconds
[2023-10-30T22:39:41.856+0000][11346.238s][debug][safepoint     ] Safepoint synchronization initiated. (187 threads)
[2023-10-30T22:39:41.856+0000][11346.238s][info ][safepoint     ] Application time: 1.0005889 seconds
[2023-10-30T22:39:41.856+0000][11346.239s][info ][safepoint     ] Entering safepoint region: Cleanup
[2023-10-30T22:39:41.857+0000][11346.239s][info ][safepoint     ] Leaving safepoint region
[2023-10-30T22:39:41.857+0000][11346.239s][info ][safepoint     ] Total time for which application threads were stopped: 0.0008326 seconds, Stopping threads took: 0.0003457 seconds
[2023-10-30T22:39:42.858+0000][11347.240s][debug][safepoint     ] Safepoint synchronization initiated. (187 threads)
[2023-10-30T22:39:42.858+0000][11347.241s][info ][safepoint     ] Application time: 1.0008943 seconds
[2023-10-30T22:39:42.859+0000][11347.241s][info ][safepoint     ] Entering safepoint region: Cleanup
[2023-10-30T22:39:42.860+0000][11347.242s][info ][safepoint     ] Leaving safepoint region
[2023-10-30T22:39:42.860+0000][11347.242s][info ][safepoint     ] Total time for which application threads were stopped: 0.0012683 seconds, Stopping threads took: 0.0005289 seconds
[2023-10-30T22:39:43.861+0000][11348.243s][debug][safepoint     ] Safepoint synchronization initiated. (187 threads)
[2023-10-30T22:39:43.862+0000][11348.244s][info ][safepoint     ] Application time: 1.0008613 seconds
[2023-10-30T22:39:43.862+0000][11348.244s][info ][safepoint     ] Entering safepoint region: Cleanup
[2023-10-30T22:39:43.863+0000][11348.245s][info ][safepoint     ] Leaving safepoint region
[2023-10-30T22:39:43.863+0000][11348.245s][info ][safepoint     ] Total time for which application threads were stopped: 0.0011079 seconds, Stopping threads took: 0.0005182 seconds
[2023-10-30T22:39:44.864+0000][11349.246s][debug][safepoint     ] Safepoint synchronization initiated. (187 threads)
[2023-10-30T22:39:44.864+0000][11349.246s][info ][safepoint     ] Application time: 1.0007520 seconds
[2023-10-30T22:39:44.865+0000][11349.247s][info ][safepoint     ] Entering safepoint region: Cleanup
[2023-10-30T22:39:44.866+0000][11349.248s][info ][safepoint     ] Leaving safepoint region
[2023-10-30T22:39:44.866+0000][11349.248s][info ][safepoint     ] Total time for which application threads were stopped: 0.0013064 seconds, Stopping threads took: 0.0007025 seconds
[2023-10-30T22:39:45.867+0000][11350.249s][debug][safepoint     ] Safepoint synchronization initiated. (187 threads)
[2023-10-30T22:39:45.868+0000][11350.250s][info ][safepoint     ] Application time: 1.0014023 seconds
[2023-10-30T22:39:45.869+0000][11350.251s][info ][safepoint     ] Entering safepoint region: Cleanup
[2023-10-30T22:39:45.870+0000][11350.252s][info ][safepoint     ] Leaving safepoint region
[2023-10-30T22:39:45.871+0000][11350.253s][info ][safepoint     ] Total time for which application threads were stopped: 0.0023516 seconds, Stopping threads took: 0.0010270 seconds
[2023-10-30T22:39:46.872+0000][11351.254s][debug][safepoint     ] Safepoint synchronization initiated. (187 threads)
[2023-10-30T22:39:46.872+0000][11351.255s][info ][safepoint     ] Application time: 1.0006095 seconds
[2023-10-30T22:39:46.873+0000][11351.255s][info ][safepoint     ] Entering safepoint region: Cleanup
[2023-10-30T22:39:46.873+0000][11351.256s][info ][safepoint     ] Leaving safepoint region
[2023-10-30T22:39:46.874+0000][11351.256s][info ][safepoint     ] Total time for which application threads were stopped: 0.0009882 seconds, Stopping threads took: 0.0003776 seconds
[2023-10-30T22:39:47.875+0000][11352.257s][debug][safepoint     ] Safepoint synchronization initiated. (187 threads)
[2023-10-30T22:39:47.876+0000][11352.258s][info ][safepoint     ] Application time: 1.0012356 seconds
[2023-10-30T22:39:47.877+0000][11352.259s][info ][safepoint     ] Entering safepoint region: Cleanup
[2023-10-30T22:39:47.877+0000][11352.259s][info ][safepoint     ] Leaving safepoint region
[2023-10-30T22:39:47.878+0000][11352.260s][info ][safepoint     ] Total time for which application threads were stopped: 0.0018510 seconds, Stopping threads took: 0.0007267 seconds
[2023-10-30T22:39:48.880+0000][11353.262s][debug][safepoint     ] Safepoint synchronization initiated. (187 threads)
[2023-10-30T22:39:48.881+0000][11353.263s][info ][safepoint     ] Application time: 1.0012329 seconds
[2023-10-30T22:39:48.882+0000][11353.264s][info ][safepoint     ] Entering safepoint region: Cleanup
[2023-10-30T22:39:48.883+0000][11353.265s][info ][safepoint     ] Leaving safepoint region
[2023-10-30T22:39:48.884+0000][11353.266s][info ][safepoint     ] Total time for which application threads were stopped: 0.0019981 seconds, Stopping threads took: 0.0008890 seconds
[2023-10-30T22:39:49.885+0000][11354.267s][debug][safepoint     ] Safepoint synchronization initiated. (187 threads)
[2023-10-30T22:39:49.886+0000][11354.268s][info ][safepoint     ] Application time: 1.0012089 seconds
[2023-10-30T22:39:49.886+0000][11354.269s][info ][safepoint     ] Entering safepoint region: Cleanup
[2023-10-30T22:39:49.888+0000][11354.270s][info ][safepoint     ] Leaving safepoint region
[2023-10-30T22:39:49.888+0000][11354.270s][info ][safepoint     ] Total time for which application threads were stopped: 0.0016554 seconds, Stopping threads took: 0.0008175 seconds
[2023-10-30T22:39:50.889+0000][11355.271s][debug][safepoint     ] Safepoint synchronization initiated. (187 threads)
[2023-10-30T22:39:50.890+0000][11355.272s][info ][safepoint     ] Application time: 1.0013431 seconds
[2023-10-30T22:39:50.891+0000][11355.273s][info ][safepoint     ] Entering safepoint region: Cleanup
[2023-10-30T22:39:50.891+0000][11355.273s][info ][safepoint     ] Leaving safepoint region
[2023-10-30T22:39:50.892+0000][11355.274s][info ][safepoint     ] Total time for which application threads were stopped: 0.0014052 seconds, Stopping threads took: 0.0006184 seconds
