[2023-10-31T08:27:12.770+0000][0.066s][info][gc,heap] Heap region size: 1M
[2023-10-31T08:27:12.773+0000][0.068s][info][gc     ] Using G1
[2023-10-31T08:27:12.773+0000][0.069s][info][gc,heap,coops] Heap address: 0x0000000085a00000, size: 1958 MB, Compressed Oops mode: 32-bit
[2023-10-31T08:27:12.774+0000][0.069s][info][gc,cds       ] Mark closed archive regions in map: [0x00000000ffc00000, 0x00000000ffc6aff8]
[2023-10-31T08:27:12.774+0000][0.070s][info][gc,cds       ] Mark open archive regions in map: [0x00000000ff800000, 0x00000000ff847ff8]
[2023-10-31T08:27:12.812+0000][0.108s][debug][safepoint    ] Safepoint synchronization initiated. (9 threads)
[2023-10-31T08:27:12.814+0000][0.110s][info ][safepoint    ] Application time: 0.0214596 seconds
[2023-10-31T08:27:12.815+0000][0.110s][info ][safepoint    ] Entering safepoint region: Deoptimize
[2023-10-31T08:27:12.815+0000][0.111s][info ][safepoint    ] Leaving safepoint region
[2023-10-31T08:27:12.816+0000][0.111s][info ][safepoint    ] Total time for which application threads were stopped: 0.0009138 seconds, Stopping threads took: 0.0003708 seconds
[2023-10-31T08:27:13.256+0000][0.552s][debug][safepoint    ] Safepoint synchronization initiated. (11 threads)
[2023-10-31T08:27:13.257+0000][0.552s][info ][safepoint    ] Application time: 0.4407191 seconds
[2023-10-31T08:27:13.257+0000][0.553s][info ][safepoint    ] Entering safepoint region: G1CollectForAllocation
[2023-10-31T08:27:13.258+0000][0.554s][info ][gc,start     ] GC(0) Pause Young (Normal) (G1 Evacuation Pause)
[2023-10-31T08:27:13.259+0000][0.555s][info ][gc,task      ] GC(0) Using 3 workers of 8 for evacuation
[2023-10-31T08:27:13.270+0000][0.565s][info ][gc,phases    ] GC(0)   Pre Evacuate Collection Set: 0.0ms
[2023-10-31T08:27:13.270+0000][0.566s][info ][gc,phases    ] GC(0)   Evacuate Collection Set: 8.3ms
[2023-10-31T08:27:13.270+0000][0.566s][info ][gc,phases    ] GC(0)   Post Evacuate Collection Set: 1.6ms
[2023-10-31T08:27:13.271+0000][0.566s][info ][gc,phases    ] GC(0)   Other: 1.7ms
[2023-10-31T08:27:13.271+0000][0.567s][info ][gc,heap      ] GC(0) Eden regions: 59->0(66)
[2023-10-31T08:27:13.271+0000][0.567s][info ][gc,heap      ] GC(0) Survivor regions: 0->8(8)
[2023-10-31T08:27:13.272+0000][0.567s][info ][gc,heap      ] GC(0) Old regions: 2->2
[2023-10-31T08:27:13.272+0000][0.568s][info ][gc,heap      ] GC(0) Humongous regions: 2->0
[2023-10-31T08:27:13.272+0000][0.568s][info ][gc,metaspace ] GC(0) Metaspace: 2402K(5760K)->2402K(5760K) NonClass: 2199K(5120K)->2199K(5120K) Class: 203K(640K)->203K(640K)
[2023-10-31T08:27:13.273+0000][0.569s][info ][gc           ] GC(0) Pause Young (Normal) (G1 Evacuation Pause) 61M->8M(126M) 14.712ms
[2023-10-31T08:27:13.273+0000][0.569s][info ][gc,cpu       ] GC(0) User=0.07s Sys=0.00s Real=0.01s
[2023-10-31T08:27:13.274+0000][0.569s][info ][safepoint    ] Leaving safepoint region
[2023-10-31T08:27:13.274+0000][0.570s][info ][safepoint    ] Total time for which application threads were stopped: 0.0168595 seconds, Stopping threads took: 0.0006741 seconds
[2023-10-31T08:27:13.361+0000][0.657s][debug][safepoint    ] Safepoint synchronization initiated. (11 threads)
[2023-10-31T08:27:13.362+0000][0.658s][info ][safepoint    ] Application time: 0.0877158 seconds
[2023-10-31T08:27:13.362+0000][0.658s][info ][safepoint    ] Entering safepoint region: Deoptimize
[2023-10-31T08:27:13.363+0000][0.659s][info ][safepoint    ] Leaving safepoint region
[2023-10-31T08:27:13.363+0000][0.659s][info ][safepoint    ] Total time for which application threads were stopped: 0.0011016 seconds, Stopping threads took: 0.0003905 seconds
[2023-10-31T08:27:13.371+0000][0.667s][debug][safepoint    ] Safepoint synchronization initiated. (11 threads)
[2023-10-31T08:27:13.372+0000][0.667s][info ][safepoint    ] Application time: 0.0078096 seconds
[2023-10-31T08:27:13.372+0000][0.668s][info ][safepoint    ] Entering safepoint region: Deoptimize
[2023-10-31T08:27:13.373+0000][0.668s][info ][safepoint    ] Leaving safepoint region
[2023-10-31T08:27:13.373+0000][0.669s][info ][safepoint    ] Total time for which application threads were stopped: 0.0011584 seconds, Stopping threads took: 0.0003604 seconds
[2023-10-31T08:27:13.458+0000][0.753s][debug][safepoint    ] Safepoint synchronization initiated. (11 threads)
[2023-10-31T08:27:13.458+0000][0.754s][info ][safepoint    ] Application time: 0.0843786 seconds
[2023-10-31T08:27:13.459+0000][0.754s][info ][safepoint    ] Entering safepoint region: Deoptimize
[2023-10-31T08:27:13.459+0000][0.755s][info ][safepoint    ] Leaving safepoint region
[2023-10-31T08:27:13.460+0000][0.755s][info ][safepoint    ] Total time for which application threads were stopped: 0.0010204 seconds, Stopping threads took: 0.0003948 seconds
[2023-10-31T08:27:13.468+0000][0.764s][debug][safepoint    ] Safepoint synchronization initiated. (11 threads)
[2023-10-31T08:27:13.469+0000][0.764s][info ][safepoint    ] Application time: 0.0084744 seconds
[2023-10-31T08:27:13.469+0000][0.765s][info ][safepoint    ] Entering safepoint region: Deoptimize
[2023-10-31T08:27:13.470+0000][0.765s][info ][safepoint    ] Leaving safepoint region
[2023-10-31T08:27:13.470+0000][0.766s][info ][safepoint    ] Total time for which application threads were stopped: 0.0010914 seconds, Stopping threads took: 0.0003370 seconds
[2023-10-31T08:27:13.667+0000][0.962s][debug][safepoint    ] Safepoint synchronization initiated. (12 threads)
[2023-10-31T08:27:13.667+0000][0.963s][info ][safepoint    ] Application time: 0.1965964 seconds
[2023-10-31T08:27:13.667+0000][0.963s][info ][safepoint    ] Entering safepoint region: G1CollectForAllocation
[2023-10-31T08:27:13.668+0000][0.964s][info ][gc,start     ] GC(1) Pause Young (Normal) (G1 Evacuation Pause)
[2023-10-31T08:27:13.668+0000][0.964s][info ][gc,task      ] GC(1) Using 3 workers of 8 for evacuation
[2023-10-31T08:27:13.680+0000][0.976s][info ][gc,phases    ] GC(1)   Pre Evacuate Collection Set: 0.1ms
[2023-10-31T08:27:13.680+0000][0.976s][info ][gc,phases    ] GC(1)   Evacuate Collection Set: 10.0ms
[2023-10-31T08:27:13.681+0000][0.977s][info ][gc,phases    ] GC(1)   Post Evacuate Collection Set: 1.1ms
[2023-10-31T08:27:13.681+0000][0.977s][info ][gc,phases    ] GC(1)   Other: 0.8ms
[2023-10-31T08:27:13.682+0000][0.978s][info ][gc,heap      ] GC(1) Eden regions: 66->0(69)
[2023-10-31T08:27:13.682+0000][0.978s][info ][gc,heap      ] GC(1) Survivor regions: 8->2(10)
[2023-10-31T08:27:13.682+0000][0.978s][info ][gc,heap      ] GC(1) Old regions: 2->10
[2023-10-31T08:27:13.683+0000][0.979s][info ][gc,heap      ] GC(1) Humongous regions: 0->0
[2023-10-31T08:27:13.683+0000][0.979s][info ][gc,metaspace ] GC(1) Metaspace: 5193K(7424K)->5193K(7424K) NonClass: 4634K(6656K)->4634K(6656K) Class: 559K(768K)->559K(768K)
[2023-10-31T08:27:13.684+0000][0.979s][info ][gc           ] GC(1) Pause Young (Normal) (G1 Evacuation Pause) 74M->9M(126M) 15.723ms
[2023-10-31T08:27:13.684+0000][0.980s][info ][gc,cpu       ] GC(1) User=0.08s Sys=0.01s Real=0.02s
[2023-10-31T08:27:13.684+0000][0.980s][info ][safepoint    ] Leaving safepoint region
[2023-10-31T08:27:13.685+0000][0.981s][info ][safepoint    ] Total time for which application threads were stopped: 0.0174001 seconds, Stopping threads took: 0.0004386 seconds
[2023-10-31T08:27:13.686+0000][0.981s][info ][gc,stringdedup] Concurrent String Deduplication (0.981s)
[2023-10-31T08:27:13.700+0000][0.995s][info ][gc,stringdedup] Concurrent String Deduplication 2183.4K->2008.8K(174.6K) avg 7.1% (0.981s, 0.995s) 14.061ms
[2023-10-31T08:27:14.026+0000][1.322s][debug][safepoint     ] Safepoint synchronization initiated. (12 threads)
[2023-10-31T08:27:14.026+0000][1.322s][info ][safepoint     ] Application time: 0.3409734 seconds
[2023-10-31T08:27:14.027+0000][1.322s][info ][safepoint     ] Entering safepoint region: G1CollectForAllocation
[2023-10-31T08:27:14.027+0000][1.323s][info ][gc,start      ] GC(2) Pause Young (Normal) (G1 Evacuation Pause)
[2023-10-31T08:27:14.027+0000][1.323s][info ][gc,task       ] GC(2) Using 3 workers of 8 for evacuation
[2023-10-31T08:27:14.033+0000][1.329s][info ][gc,phases     ] GC(2)   Pre Evacuate Collection Set: 0.0ms
[2023-10-31T08:27:14.034+0000][1.330s][info ][gc,phases     ] GC(2)   Evacuate Collection Set: 3.5ms
[2023-10-31T08:27:14.036+0000][1.331s][info ][gc,phases     ] GC(2)   Post Evacuate Collection Set: 1.6ms
[2023-10-31T08:27:14.036+0000][1.332s][info ][gc,phases     ] GC(2)   Other: 0.7ms
[2023-10-31T08:27:14.036+0000][1.332s][info ][gc,heap       ] GC(2) Eden regions: 69->0(72)
[2023-10-31T08:27:14.037+0000][1.332s][info ][gc,heap       ] GC(2) Survivor regions: 2->2(9)
[2023-10-31T08:27:14.037+0000][1.333s][info ][gc,heap       ] GC(2) Old regions: 10->10
[2023-10-31T08:27:14.037+0000][1.333s][info ][gc,heap       ] GC(2) Humongous regions: 0->0
[2023-10-31T08:27:14.038+0000][1.333s][info ][gc,metaspace  ] GC(2) Metaspace: 7273K(9344K)->7273K(9344K) NonClass: 6439K(8192K)->6439K(8192K) Class: 833K(1152K)->833K(1152K)
[2023-10-31T08:27:14.038+0000][1.334s][info ][gc            ] GC(2) Pause Young (Normal) (G1 Evacuation Pause) 78M->10M(126M) 10.888ms
[2023-10-31T08:27:14.038+0000][1.334s][info ][gc,cpu        ] GC(2) User=0.04s Sys=0.00s Real=0.01s
[2023-10-31T08:27:14.039+0000][1.334s][info ][safepoint     ] Leaving safepoint region
[2023-10-31T08:27:14.039+0000][1.335s][info ][safepoint     ] Total time for which application threads were stopped: 0.0123471 seconds, Stopping threads took: 0.0002801 seconds
[2023-10-31T08:27:14.261+0000][1.557s][debug][safepoint     ] Safepoint synchronization initiated. (12 threads)
[2023-10-31T08:27:14.262+0000][1.557s][info ][safepoint     ] Application time: 0.2223467 seconds
[2023-10-31T08:27:14.262+0000][1.558s][info ][safepoint     ] Entering safepoint region: G1CollectForAllocation
[2023-10-31T08:27:14.263+0000][1.558s][info ][gc,start      ] GC(3) Pause Young (Normal) (G1 Evacuation Pause)
[2023-10-31T08:27:14.263+0000][1.559s][info ][gc,task       ] GC(3) Using 3 workers of 8 for evacuation
[2023-10-31T08:27:14.268+0000][1.564s][info ][gc,phases     ] GC(3)   Pre Evacuate Collection Set: 0.0ms
[2023-10-31T08:27:14.269+0000][1.564s][info ][gc,phases     ] GC(3)   Evacuate Collection Set: 2.8ms
[2023-10-31T08:27:14.269+0000][1.565s][info ][gc,phases     ] GC(3)   Post Evacuate Collection Set: 1.3ms
[2023-10-31T08:27:14.270+0000][1.565s][info ][gc,phases     ] GC(3)   Other: 1.1ms
[2023-10-31T08:27:14.270+0000][1.566s][info ][gc,heap       ] GC(3) Eden regions: 72->0(71)
[2023-10-31T08:27:14.271+0000][1.566s][info ][gc,heap       ] GC(3) Survivor regions: 2->3(10)
[2023-10-31T08:27:14.271+0000][1.567s][info ][gc,heap       ] GC(3) Old regions: 10->10
[2023-10-31T08:27:14.271+0000][1.567s][info ][gc,heap       ] GC(3) Humongous regions: 0->0
[2023-10-31T08:27:14.272+0000][1.567s][info ][gc,metaspace  ] GC(3) Metaspace: 10425K(11776K)->10425K(11776K) NonClass: 9143K(10240K)->9143K(10240K) Class: 1282K(1536K)->1282K(1536K)
[2023-10-31T08:27:14.272+0000][1.568s][info ][gc            ] GC(3) Pause Young (Normal) (G1 Evacuation Pause) 82M->11M(126M) 9.267ms
[2023-10-31T08:27:14.272+0000][1.568s][info ][gc,cpu        ] GC(3) User=0.00s Sys=0.01s Real=0.01s
[2023-10-31T08:27:14.273+0000][1.568s][info ][safepoint     ] Leaving safepoint region
[2023-10-31T08:27:14.273+0000][1.569s][info ][safepoint     ] Total time for which application threads were stopped: 0.0107505 seconds, Stopping threads took: 0.0005177 seconds
[2023-10-31T08:27:14.273+0000][1.569s][info ][gc,stringdedup] Concurrent String Deduplication (1.569s)
[2023-10-31T08:27:14.274+0000][1.570s][info ][gc,stringdedup] Concurrent String Deduplication 55496.0B->21968.0B(33528.0B) avg 8.3% (1.569s, 1.570s) 0.994ms
[2023-10-31T08:27:14.378+0000][1.673s][debug][safepoint     ] Safepoint synchronization initiated. (12 threads)
[2023-10-31T08:27:14.378+0000][1.674s][info ][safepoint     ] Application time: 0.1051353 seconds
[2023-10-31T08:27:14.379+0000][1.674s][info ][safepoint     ] Entering safepoint region: Deoptimize
[2023-10-31T08:27:14.379+0000][1.675s][info ][safepoint     ] Leaving safepoint region
[2023-10-31T08:27:14.380+0000][1.675s][info ][safepoint     ] Total time for which application threads were stopped: 0.0011038 seconds, Stopping threads took: 0.0003797 seconds
[2023-10-31T08:27:14.450+0000][1.746s][debug][safepoint     ] Safepoint synchronization initiated. (12 threads)
[2023-10-31T08:27:14.450+0000][1.746s][info ][safepoint     ] Application time: 0.0702868 seconds
[2023-10-31T08:27:14.451+0000][1.746s][info ][safepoint     ] Entering safepoint region: ICBufferFull
[2023-10-31T08:27:14.451+0000][1.747s][info ][safepoint     ] Leaving safepoint region
[2023-10-31T08:27:14.451+0000][1.747s][info ][safepoint     ] Total time for which application threads were stopped: 0.0007219 seconds, Stopping threads took: 0.0002886 seconds
[2023-10-31T08:27:14.507+0000][1.803s][debug][safepoint     ] Safepoint synchronization initiated. (12 threads)
[2023-10-31T08:27:14.508+0000][1.804s][info ][safepoint     ] Application time: 0.0562022 seconds
[2023-10-31T08:27:14.508+0000][1.804s][info ][safepoint     ] Entering safepoint region: G1CollectForAllocation
[2023-10-31T08:27:14.509+0000][1.804s][info ][gc,start      ] GC(4) Pause Young (Normal) (G1 Evacuation Pause)
[2023-10-31T08:27:14.509+0000][1.805s][info ][gc,task       ] GC(4) Using 3 workers of 8 for evacuation
[2023-10-31T08:27:14.516+0000][1.812s][info ][gc,phases     ] GC(4)   Pre Evacuate Collection Set: 0.0ms
[2023-10-31T08:27:14.516+0000][1.812s][info ][gc,phases     ] GC(4)   Evacuate Collection Set: 4.9ms
[2023-10-31T08:27:14.517+0000][1.812s][info ][gc,phases     ] GC(4)   Post Evacuate Collection Set: 1.3ms
[2023-10-31T08:27:14.517+0000][1.813s][info ][gc,phases     ] GC(4)   Other: 0.8ms
[2023-10-31T08:27:14.517+0000][1.813s][info ][gc,heap       ] GC(4) Eden regions: 71->0(83)
[2023-10-31T08:27:14.518+0000][1.813s][info ][gc,heap       ] GC(4) Survivor regions: 3->5(10)
[2023-10-31T08:27:14.518+0000][1.814s][info ][gc,heap       ] GC(4) Old regions: 10->10
[2023-10-31T08:27:14.518+0000][1.814s][info ][gc,heap       ] GC(4) Humongous regions: 0->0
[2023-10-31T08:27:14.519+0000][1.814s][info ][gc,metaspace  ] GC(4) Metaspace: 12172K(13056K)->12172K(13056K) NonClass: 10674K(11264K)->10674K(11264K) Class: 1498K(1792K)->1498K(1792K)
[2023-10-31T08:27:14.519+0000][1.815s][info ][gc            ] GC(4) Pause Young (Normal) (G1 Evacuation Pause) 82M->13M(154M) 10.118ms
[2023-10-31T08:27:14.519+0000][1.815s][info ][gc,cpu        ] GC(4) User=0.00s Sys=0.02s Real=0.01s
[2023-10-31T08:27:14.519+0000][1.815s][info ][safepoint     ] Leaving safepoint region
[2023-10-31T08:27:14.520+0000][1.815s][info ][safepoint     ] Total time for which application threads were stopped: 0.0114723 seconds, Stopping threads took: 0.0003323 seconds
[2023-10-31T08:27:14.520+0000][1.816s][info ][gc,stringdedup] Concurrent String Deduplication (1.816s)
[2023-10-31T08:27:14.522+0000][1.818s][info ][gc,stringdedup] Concurrent String Deduplication 114.2K->35776.0B(81120.0B) avg 10.9% (1.816s, 1.818s) 1.825ms
[2023-10-31T08:27:14.656+0000][1.951s][debug][safepoint     ] Safepoint synchronization initiated. (13 threads)
[2023-10-31T08:27:14.656+0000][1.952s][info ][safepoint     ] Application time: 0.1363663 seconds
[2023-10-31T08:27:14.657+0000][1.953s][info ][safepoint     ] Entering safepoint region: G1CollectForAllocation
[2023-10-31T08:27:14.657+0000][1.953s][info ][gc,start      ] GC(5) Pause Young (Normal) (G1 Evacuation Pause)
[2023-10-31T08:27:14.658+0000][1.954s][info ][gc,task       ] GC(5) Using 4 workers of 8 for evacuation
[2023-10-31T08:27:14.662+0000][1.958s][info ][gc,phases     ] GC(5)   Pre Evacuate Collection Set: 0.0ms
[2023-10-31T08:27:14.663+0000][1.959s][info ][gc,phases     ] GC(5)   Evacuate Collection Set: 3.1ms
[2023-10-31T08:27:14.663+0000][1.959s][info ][gc,phases     ] GC(5)   Post Evacuate Collection Set: 0.8ms
[2023-10-31T08:27:14.663+0000][1.959s][info ][gc,phases     ] GC(5)   Other: 1.1ms
[2023-10-31T08:27:14.664+0000][1.959s][info ][gc,heap       ] GC(5) Eden regions: 83->0(86)
[2023-10-31T08:27:14.664+0000][1.960s][info ][gc,heap       ] GC(5) Survivor regions: 5->6(11)
[2023-10-31T08:27:14.664+0000][1.960s][info ][gc,heap       ] GC(5) Old regions: 10->10
[2023-10-31T08:27:14.665+0000][1.960s][info ][gc,heap       ] GC(5) Humongous regions: 0->0
[2023-10-31T08:27:14.665+0000][1.961s][info ][gc,metaspace  ] GC(5) Metaspace: 15080K(16000K)->15080K(16000K) NonClass: 13189K(13824K)->13189K(13824K) Class: 1891K(2176K)->1891K(2176K)
[2023-10-31T08:27:14.665+0000][1.961s][info ][gc            ] GC(5) Pause Young (Normal) (G1 Evacuation Pause) 96M->14M(154M) 7.769ms
[2023-10-31T08:27:14.666+0000][1.961s][info ][gc,cpu        ] GC(5) User=0.01s Sys=0.00s Real=0.01s
[2023-10-31T08:27:14.666+0000][1.962s][info ][safepoint     ] Leaving safepoint region
[2023-10-31T08:27:14.666+0000][1.962s][info ][safepoint     ] Total time for which application threads were stopped: 0.0092925 seconds, Stopping threads took: 0.0003960 seconds
[2023-10-31T08:27:14.666+0000][1.962s][info ][gc,stringdedup] Concurrent String Deduplication (1.962s)
[2023-10-31T08:27:14.667+0000][1.963s][info ][gc,stringdedup] Concurrent String Deduplication 97704.0B->33376.0B(64328.0B) avg 12.9% (1.962s, 1.963s) 0.908ms
[2023-10-31T08:27:14.769+0000][2.065s][debug][safepoint     ] Safepoint synchronization initiated. (13 threads)
[2023-10-31T08:27:14.770+0000][2.066s][info ][safepoint     ] Application time: 0.1034131 seconds
[2023-10-31T08:27:14.770+0000][2.066s][info ][safepoint     ] Entering safepoint region: G1CollectForAllocation
[2023-10-31T08:27:14.771+0000][2.066s][info ][gc,start      ] GC(6) Pause Young (Normal) (G1 Evacuation Pause)
[2023-10-31T08:27:14.771+0000][2.067s][info ][gc,task       ] GC(6) Using 4 workers of 8 for evacuation
[2023-10-31T08:27:14.776+0000][2.072s][info ][gc,phases     ] GC(6)   Pre Evacuate Collection Set: 0.0ms
[2023-10-31T08:27:14.776+0000][2.072s][info ][gc,phases     ] GC(6)   Evacuate Collection Set: 3.7ms
[2023-10-31T08:27:14.777+0000][2.072s][info ][gc,phases     ] GC(6)   Post Evacuate Collection Set: 0.9ms
[2023-10-31T08:27:14.777+0000][2.073s][info ][gc,phases     ] GC(6)   Other: 0.6ms
[2023-10-31T08:27:14.777+0000][2.073s][info ][gc,heap       ] GC(6) Eden regions: 86->0(86)
[2023-10-31T08:27:14.778+0000][2.073s][info ][gc,heap       ] GC(6) Survivor regions: 6->6(12)
[2023-10-31T08:27:14.778+0000][2.074s][info ][gc,heap       ] GC(6) Old regions: 10->10
[2023-10-31T08:27:14.778+0000][2.074s][info ][gc,heap       ] GC(6) Humongous regions: 0->0
[2023-10-31T08:27:14.778+0000][2.074s][info ][gc,metaspace  ] GC(6) Metaspace: 16988K(17920K)->16988K(17920K) NonClass: 14760K(15360K)->14760K(15360K) Class: 2227K(2560K)->2227K(2560K)
[2023-10-31T08:27:14.779+0000][2.074s][info ][gc            ] GC(6) Pause Young (Normal) (G1 Evacuation Pause) 100M->14M(154M) 7.912ms
[2023-10-31T08:27:14.779+0000][2.075s][info ][gc,cpu        ] GC(6) User=0.02s Sys=0.00s Real=0.01s
[2023-10-31T08:27:14.779+0000][2.075s][info ][safepoint     ] Leaving safepoint region
[2023-10-31T08:27:14.780+0000][2.075s][info ][safepoint     ] Total time for which application threads were stopped: 0.0091591 seconds, Stopping threads took: 0.0002765 seconds
[2023-10-31T08:27:14.780+0000][2.076s][info ][gc,stringdedup] Concurrent String Deduplication (2.076s)
[2023-10-31T08:27:14.781+0000][2.077s][info ][gc,stringdedup] Concurrent String Deduplication 124.6K->98600.0B(28992.0B) avg 13.3% (2.076s, 2.077s) 1.576ms
[2023-10-31T08:27:14.790+0000][2.085s][debug][safepoint     ] Safepoint synchronization initiated. (13 threads)
[2023-10-31T08:27:14.790+0000][2.086s][info ][safepoint     ] Application time: 0.0105333 seconds
[2023-10-31T08:27:14.791+0000][2.086s][debug][safepoint     ] ... found polling page loop exception at pc = 0x00007f62e83b905a, stub =0x00007f62e0843680
[2023-10-31T08:27:14.791+0000][2.087s][debug][safepoint     ] Waiting for 1 thread(s) to block
[2023-10-31T08:27:14.791+0000][2.087s][info ][safepoint     ] Entering safepoint region: Deoptimize
[2023-10-31T08:27:14.792+0000][2.088s][info ][safepoint     ] Leaving safepoint region
[2023-10-31T08:27:14.792+0000][2.088s][info ][safepoint     ] Total time for which application threads were stopped: 0.0016766 seconds, Stopping threads took: 0.0009804 seconds
[2023-10-31T08:27:14.891+0000][2.187s][debug][safepoint     ] Safepoint synchronization initiated. (13 threads)
[2023-10-31T08:27:14.892+0000][2.187s][info ][safepoint     ] Application time: 0.0990805 seconds
[2023-10-31T08:27:14.892+0000][2.188s][info ][safepoint     ] Entering safepoint region: Deoptimize
[2023-10-31T08:27:14.893+0000][2.189s][info ][safepoint     ] Leaving safepoint region
[2023-10-31T08:27:14.893+0000][2.189s][info ][safepoint     ] Total time for which application threads were stopped: 0.0013637 seconds, Stopping threads took: 0.0003762 seconds
[2023-10-31T08:27:14.959+0000][2.254s][debug][safepoint     ] Safepoint synchronization initiated. (13 threads)
[2023-10-31T08:27:14.959+0000][2.255s][info ][safepoint     ] Application time: 0.0654118 seconds
[2023-10-31T08:27:14.960+0000][2.255s][debug][safepoint     ] ... found polling page return exception at pc = 0x00007f62e131497c, stub =0x00007f62e0840600
[2023-10-31T08:27:14.960+0000][2.256s][debug][safepoint     ] Waiting for 1 thread(s) to block
[2023-10-31T08:27:14.960+0000][2.256s][info ][safepoint     ] Entering safepoint region: G1CollectForAllocation
[2023-10-31T08:27:14.961+0000][2.256s][info ][gc,start      ] GC(7) Pause Young (Normal) (G1 Evacuation Pause)
[2023-10-31T08:27:14.961+0000][2.257s][info ][gc,task       ] GC(7) Using 4 workers of 8 for evacuation
[2023-10-31T08:27:14.967+0000][2.262s][info ][gc,phases     ] GC(7)   Pre Evacuate Collection Set: 0.0ms
[2023-10-31T08:27:14.967+0000][2.263s][info ][gc,phases     ] GC(7)   Evacuate Collection Set: 4.1ms
[2023-10-31T08:27:14.967+0000][2.263s][info ][gc,phases     ] GC(7)   Post Evacuate Collection Set: 1.0ms
[2023-10-31T08:27:14.968+0000][2.263s][info ][gc,phases     ] GC(7)   Other: 0.7ms
[2023-10-31T08:27:14.968+0000][2.264s][info ][gc,heap       ] GC(7) Eden regions: 86->0(84)
[2023-10-31T08:27:14.968+0000][2.264s][info ][gc,heap       ] GC(7) Survivor regions: 6->8(12)
[2023-10-31T08:27:14.968+0000][2.264s][info ][gc,heap       ] GC(7) Old regions: 10->10
[2023-10-31T08:27:14.969+0000][2.264s][info ][gc,heap       ] GC(7) Humongous regions: 0->0
[2023-10-31T08:27:14.969+0000][2.265s][info ][gc,metaspace  ] GC(7) Metaspace: 19754K(20736K)->19754K(20736K) NonClass: 17234K(17920K)->17234K(17920K) Class: 2519K(2816K)->2519K(2816K)
[2023-10-31T08:27:14.969+0000][2.265s][info ][gc            ] GC(7) Pause Young (Normal) (G1 Evacuation Pause) 100M->16M(154M) 8.793ms
[2023-10-31T08:27:14.970+0000][2.265s][info ][gc,cpu        ] GC(7) User=0.03s Sys=0.00s Real=0.01s
[2023-10-31T08:27:14.970+0000][2.266s][info ][safepoint     ] Leaving safepoint region
[2023-10-31T08:27:14.970+0000][2.266s][info ][safepoint     ] Total time for which application threads were stopped: 0.0108948 seconds, Stopping threads took: 0.0009935 seconds
[2023-10-31T08:27:14.971+0000][2.266s][info ][gc,stringdedup] Concurrent String Deduplication (2.266s)
[2023-10-31T08:27:14.972+0000][2.268s][info ][gc,stringdedup] Concurrent String Deduplication 69080.0B->22944.0B(46136.0B) avg 14.5% (2.266s, 2.268s) 1.134ms
[2023-10-31T08:27:15.002+0000][2.298s][debug][safepoint     ] Safepoint synchronization initiated. (13 threads)
[2023-10-31T08:27:15.003+0000][2.298s][info ][safepoint     ] Application time: 0.0320630 seconds
[2023-10-31T08:27:15.003+0000][2.299s][info ][safepoint     ] Entering safepoint region: CollectForMetadataAllocation
[2023-10-31T08:27:15.004+0000][2.299s][info ][gc,start      ] GC(8) Pause Young (Concurrent Start) (Metadata GC Threshold)
[2023-10-31T08:27:15.004+0000][2.300s][info ][gc,task       ] GC(8) Using 4 workers of 8 for evacuation
[2023-10-31T08:27:15.013+0000][2.309s][info ][gc,phases     ] GC(8)   Pre Evacuate Collection Set: 0.1ms
[2023-10-31T08:27:15.014+0000][2.309s][info ][gc,phases     ] GC(8)   Evacuate Collection Set: 7.4ms
[2023-10-31T08:27:15.014+0000][2.310s][info ][gc,phases     ] GC(8)   Post Evacuate Collection Set: 1.2ms
[2023-10-31T08:27:15.014+0000][2.310s][info ][gc,phases     ] GC(8)   Other: 0.8ms
[2023-10-31T08:27:15.014+0000][2.310s][info ][gc,heap       ] GC(8) Eden regions: 12->0(101)
[2023-10-31T08:27:15.015+0000][2.310s][info ][gc,heap       ] GC(8) Survivor regions: 8->7(12)
[2023-10-31T08:27:15.015+0000][2.311s][info ][gc,heap       ] GC(8) Old regions: 10->12
[2023-10-31T08:27:15.015+0000][2.311s][info ][gc,heap       ] GC(8) Humongous regions: 0->0
[2023-10-31T08:27:15.016+0000][2.311s][info ][gc,metaspace  ] GC(8) Metaspace: 20408K(21248K)->20408K(21248K) NonClass: 17828K(18432K)->17828K(18432K) Class: 2580K(2816K)->2580K(2816K)
[2023-10-31T08:27:15.016+0000][2.312s][info ][gc            ] GC(8) Pause Young (Concurrent Start) (Metadata GC Threshold) 28M->16M(185M) 12.349ms
[2023-10-31T08:27:15.016+0000][2.312s][info ][gc,cpu        ] GC(8) User=0.03s Sys=0.00s Real=0.01s
[2023-10-31T08:27:15.017+0000][2.312s][info ][gc            ] GC(9) Concurrent Cycle
[2023-10-31T08:27:15.017+0000][2.313s][info ][gc,marking    ] GC(9) Concurrent Clear Claimed Marks
[2023-10-31T08:27:15.017+0000][2.312s][info ][safepoint     ] Leaving safepoint region
[2023-10-31T08:27:15.017+0000][2.313s][info ][safepoint     ] Total time for which application threads were stopped: 0.0142809 seconds, Stopping threads took: 0.0003380 seconds
[2023-10-31T08:27:15.017+0000][2.313s][info ][gc,marking    ] GC(9) Concurrent Clear Claimed Marks 0.396ms
[2023-10-31T08:27:15.018+0000][2.313s][info ][gc,stringdedup] Concurrent String Deduplication (2.313s)
[2023-10-31T08:27:15.018+0000][2.314s][info ][gc,marking    ] GC(9) Concurrent Scan Root Regions
[2023-10-31T08:27:15.019+0000][2.314s][debug][safepoint     ] Safepoint synchronization initiated. (13 threads)
[2023-10-31T08:27:15.020+0000][2.316s][info ][safepoint     ] Application time: 0.0022617 seconds
[2023-10-31T08:27:15.021+0000][2.317s][debug][safepoint     ] ... found polling page return exception at pc = 0x00007f62e1182f3d, stub =0x00007f62e0840600
[2023-10-31T08:27:15.022+0000][2.318s][debug][safepoint     ] Waiting for 2 thread(s) to block
[2023-10-31T08:27:15.022+0000][2.318s][info ][gc,marking    ] GC(9) Concurrent Scan Root Regions 4.290ms
[2023-10-31T08:27:15.023+0000][2.318s][info ][gc,marking    ] GC(9) Concurrent Mark (2.318s)
[2023-10-31T08:27:15.023+0000][2.319s][info ][gc,marking    ] GC(9) Concurrent Mark From Roots
[2023-10-31T08:27:15.022+0000][2.318s][info ][safepoint     ] Entering safepoint region: CollectForMetadataAllocation
[2023-10-31T08:27:15.023+0000][2.319s][info ][gc,task       ] GC(9) Using 2 workers of 2 for marking
[2023-10-31T08:27:15.024+0000][2.320s][info ][safepoint     ] Leaving safepoint region
[2023-10-31T08:27:15.024+0000][2.320s][info ][safepoint     ] Total time for which application threads were stopped: 0.0030655 seconds, Stopping threads took: 0.0023126 seconds
[2023-10-31T08:27:15.026+0000][2.322s][info ][gc,stringdedup] Concurrent String Deduplication 101.2K->13632.0B(89952.0B) avg 17.0% (2.313s, 2.322s) 1.685ms
[2023-10-31T08:27:15.032+0000][2.328s][info ][gc,marking    ] GC(9) Concurrent Mark From Roots 9.279ms
[2023-10-31T08:27:15.033+0000][2.329s][info ][gc,marking    ] GC(9) Concurrent Preclean
[2023-10-31T08:27:15.033+0000][2.329s][info ][gc,marking    ] GC(9) Concurrent Preclean 0.461ms
[2023-10-31T08:27:15.034+0000][2.329s][info ][gc,marking    ] GC(9) Concurrent Mark (2.318s, 2.329s) 10.922ms
[2023-10-31T08:27:15.034+0000][2.330s][debug][safepoint     ] Safepoint synchronization initiated. (13 threads)
[2023-10-31T08:27:15.035+0000][2.331s][info ][safepoint     ] Application time: 0.0101262 seconds
[2023-10-31T08:27:15.035+0000][2.331s][debug][safepoint     ] ... found polling page return exception at pc = 0x00007f62e835f3b6, stub =0x00007f62e0840600
[2023-10-31T08:27:15.035+0000][2.331s][debug][safepoint     ] ... found polling page return exception at pc = 0x00007f62e119b96f, stub =0x00007f62e0840600
[2023-10-31T08:27:15.037+0000][2.333s][debug][safepoint     ] Waiting for 3 thread(s) to block
[2023-10-31T08:27:15.037+0000][2.333s][info ][safepoint     ] Entering safepoint region: CGC_Operation
[2023-10-31T08:27:15.038+0000][2.334s][info ][gc,start      ] GC(9) Pause Remark
[2023-10-31T08:27:15.040+0000][2.336s][info ][gc,stringtable] GC(9) Cleaned string and symbol table, strings: 8257 processed, 7 removed, symbols: 55061 processed, 115 removed
[2023-10-31T08:27:15.041+0000][2.337s][info ][gc            ] GC(9) Pause Remark 20M->20M(185M) 3.196ms
[2023-10-31T08:27:15.041+0000][2.337s][info ][gc,cpu        ] GC(9) User=0.01s Sys=0.00s Real=0.00s
[2023-10-31T08:27:15.042+0000][2.337s][info ][safepoint     ] Leaving safepoint region
[2023-10-31T08:27:15.042+0000][2.338s][info ][safepoint     ] Total time for which application threads were stopped: 0.0065176 seconds, Stopping threads took: 0.0023828 seconds
[2023-10-31T08:27:15.042+0000][2.338s][info ][gc,marking    ] GC(9) Concurrent Rebuild Remembered Sets
[2023-10-31T08:27:15.047+0000][2.342s][info ][gc,marking    ] GC(9) Concurrent Rebuild Remembered Sets 4.497ms
[2023-10-31T08:27:15.047+0000][2.343s][debug][safepoint     ] Safepoint synchronization initiated. (13 threads)
[2023-10-31T08:27:15.048+0000][2.343s][info ][safepoint     ] Application time: 0.0054854 seconds
[2023-10-31T08:27:15.048+0000][2.344s][debug][safepoint     ] Waiting for 1 thread(s) to block
[2023-10-31T08:27:15.048+0000][2.344s][info ][safepoint     ] Entering safepoint region: CGC_Operation
[2023-10-31T08:27:15.049+0000][2.344s][info ][gc,start      ] GC(9) Pause Cleanup
[2023-10-31T08:27:15.049+0000][2.345s][info ][gc            ] GC(9) Pause Cleanup 21M->21M(185M) 0.347ms
[2023-10-31T08:27:15.049+0000][2.345s][info ][gc,cpu        ] GC(9) User=0.00s Sys=0.00s Real=0.00s
[2023-10-31T08:27:15.050+0000][2.345s][info ][safepoint     ] Leaving safepoint region
[2023-10-31T08:27:15.050+0000][2.346s][info ][safepoint     ] Total time for which application threads were stopped: 0.0020127 seconds, Stopping threads took: 0.0006848 seconds
[2023-10-31T08:27:15.050+0000][2.346s][info ][gc,marking    ] GC(9) Concurrent Cleanup for Next Mark
[2023-10-31T08:27:15.052+0000][2.348s][info ][gc,marking    ] GC(9) Concurrent Cleanup for Next Mark 1.802ms
[2023-10-31T08:27:15.053+0000][2.348s][info ][gc            ] GC(9) Concurrent Cycle 36.156ms
[2023-10-31T08:27:15.199+0000][2.495s][debug][safepoint     ] Safepoint synchronization initiated. (13 threads)
[2023-10-31T08:27:15.200+0000][2.495s][info ][safepoint     ] Application time: 0.1492921 seconds
[2023-10-31T08:27:15.200+0000][2.496s][info ][safepoint     ] Entering safepoint region: Deoptimize
[2023-10-31T08:27:15.201+0000][2.496s][info ][safepoint     ] Leaving safepoint region
[2023-10-31T08:27:15.201+0000][2.497s][info ][safepoint     ] Total time for which application threads were stopped: 0.0011435 seconds, Stopping threads took: 0.0002931 seconds
[2023-10-31T08:27:15.252+0000][2.548s][debug][safepoint     ] Safepoint synchronization initiated. (12 threads)
[2023-10-31T08:27:15.253+0000][2.548s][info ][safepoint     ] Application time: 0.0511896 seconds
[2023-10-31T08:27:15.253+0000][2.549s][debug][safepoint     ] Waiting for 1 thread(s) to block
[2023-10-31T08:27:15.253+0000][2.549s][info ][safepoint     ] Entering safepoint region: G1CollectForAllocation
[2023-10-31T08:27:15.254+0000][2.549s][info ][gc,start      ] GC(10) Pause Young (Normal) (G1 Evacuation Pause)
[2023-10-31T08:27:15.254+0000][2.550s][info ][gc,task       ] GC(10) Using 4 workers of 8 for evacuation
[2023-10-31T08:27:15.261+0000][2.557s][info ][gc,phases     ] GC(10)   Pre Evacuate Collection Set: 0.0ms
[2023-10-31T08:27:15.261+0000][2.557s][info ][gc,phases     ] GC(10)   Evacuate Collection Set: 5.6ms
[2023-10-31T08:27:15.262+0000][2.557s][info ][gc,phases     ] GC(10)   Post Evacuate Collection Set: 1.1ms
[2023-10-31T08:27:15.262+0000][2.558s][info ][gc,phases     ] GC(10)   Other: 0.6ms
[2023-10-31T08:27:15.262+0000][2.558s][info ][gc,heap       ] GC(10) Eden regions: 101->0(102)
[2023-10-31T08:27:15.262+0000][2.558s][info ][gc,heap       ] GC(10) Survivor regions: 7->9(14)
[2023-10-31T08:27:15.263+0000][2.558s][info ][gc,heap       ] GC(10) Old regions: 12->12
[2023-10-31T08:27:15.263+0000][2.559s][info ][gc,heap       ] GC(10) Humongous regions: 0->0
[2023-10-31T08:27:15.263+0000][2.559s][info ][gc,metaspace  ] GC(10) Metaspace: 23920K(24828K)->23920K(24828K) NonClass: 20900K(21500K)->20900K(21500K) Class: 3019K(3328K)->3019K(3328K)
[2023-10-31T08:27:15.264+0000][2.559s][info ][gc            ] GC(10) Pause Young (Normal) (G1 Evacuation Pause) 117M->18M(185M) 9.947ms
[2023-10-31T08:27:15.264+0000][2.560s][info ][gc,cpu        ] GC(10) User=0.03s Sys=0.01s Real=0.01s
[2023-10-31T08:27:15.264+0000][2.560s][info ][safepoint     ] Leaving safepoint region
[2023-10-31T08:27:15.264+0000][2.560s][info ][safepoint     ] Total time for which application threads were stopped: 0.0115213 seconds, Stopping threads took: 0.0006423 seconds
[2023-10-31T08:27:15.265+0000][2.560s][info ][gc,stringdedup] Concurrent String Deduplication (2.560s)
[2023-10-31T08:27:15.268+0000][2.563s][info ][gc,stringdedup] Concurrent String Deduplication 773.6K->737.5K(36944.0B) avg 14.4% (2.560s, 2.563s) 2.969ms
[2023-10-31T08:27:15.502+0000][2.797s][debug][safepoint     ] Safepoint synchronization initiated. (12 threads)
[2023-10-31T08:27:15.502+0000][2.798s][info ][safepoint     ] Application time: 0.2373563 seconds
[2023-10-31T08:27:15.502+0000][2.798s][info ][safepoint     ] Entering safepoint region: G1CollectForAllocation
[2023-10-31T08:27:15.503+0000][2.799s][info ][gc,start      ] GC(11) Pause Young (Normal) (G1 Evacuation Pause)
[2023-10-31T08:27:15.503+0000][2.799s][info ][gc,task       ] GC(11) Using 4 workers of 8 for evacuation
[2023-10-31T08:27:15.513+0000][2.809s][info ][gc,phases     ] GC(11)   Pre Evacuate Collection Set: 0.0ms
[2023-10-31T08:27:15.514+0000][2.809s][info ][gc,phases     ] GC(11)   Evacuate Collection Set: 8.1ms
[2023-10-31T08:27:15.514+0000][2.810s][info ][gc,phases     ] GC(11)   Post Evacuate Collection Set: 1.3ms
[2023-10-31T08:27:15.514+0000][2.810s][info ][gc,phases     ] GC(11)   Other: 0.9ms
[2023-10-31T08:27:15.515+0000][2.810s][info ][gc,heap       ] GC(11) Eden regions: 102->0(102)
[2023-10-31T08:27:15.515+0000][2.811s][info ][gc,heap       ] GC(11) Survivor regions: 9->9(14)
[2023-10-31T08:27:15.516+0000][2.811s][info ][gc,heap       ] GC(11) Old regions: 12->15
[2023-10-31T08:27:15.516+0000][2.812s][info ][gc,heap       ] GC(11) Humongous regions: 0->0
[2023-10-31T08:27:15.516+0000][2.812s][info ][gc,metaspace  ] GC(11) Metaspace: 24215K(25212K)->24215K(25212K) NonClass: 21148K(21756K)->21148K(21756K) Class: 3066K(3456K)->3066K(3456K)
[2023-10-31T08:27:15.517+0000][2.812s][info ][gc            ] GC(11) Pause Young (Normal) (G1 Evacuation Pause) 120M->21M(185M) 13.820ms
[2023-10-31T08:27:15.517+0000][2.813s][info ][gc,cpu        ] GC(11) User=0.08s Sys=0.01s Real=0.02s
[2023-10-31T08:27:15.517+0000][2.813s][info ][safepoint     ] Leaving safepoint region
[2023-10-31T08:27:15.518+0000][2.813s][info ][safepoint     ] Total time for which application threads were stopped: 0.0152105 seconds, Stopping threads took: 0.0003588 seconds
[2023-10-31T08:27:15.518+0000][2.814s][info ][gc,stringdedup] Concurrent String Deduplication (2.814s)
[2023-10-31T08:27:15.518+0000][2.814s][info ][gc,stringdedup] Concurrent String Deduplication 32464.0B->18504.0B(13960.0B) avg 14.7% (2.814s, 2.814s) 0.600ms
[2023-10-31T08:27:15.801+0000][3.097s][debug][safepoint     ] Safepoint synchronization initiated. (12 threads)
[2023-10-31T08:27:15.802+0000][3.097s][info ][safepoint     ] Application time: 0.2837984 seconds
[2023-10-31T08:27:15.802+0000][3.098s][info ][safepoint     ] Entering safepoint region: G1CollectForAllocation
[2023-10-31T08:27:15.802+0000][3.098s][info ][gc,start      ] GC(12) Pause Young (Normal) (G1 Evacuation Pause)
[2023-10-31T08:27:15.803+0000][3.098s][info ][gc,task       ] GC(12) Using 4 workers of 8 for evacuation
[2023-10-31T08:27:15.810+0000][3.106s][info ][gc,phases     ] GC(12)   Pre Evacuate Collection Set: 0.0ms
[2023-10-31T08:27:15.811+0000][3.107s][info ][gc,phases     ] GC(12)   Evacuate Collection Set: 6.3ms
[2023-10-31T08:27:15.811+0000][3.107s][info ][gc,phases     ] GC(12)   Post Evacuate Collection Set: 1.0ms
[2023-10-31T08:27:15.812+0000][3.107s][info ][gc,phases     ] GC(12)   Other: 0.7ms
[2023-10-31T08:27:15.812+0000][3.108s][info ][gc,heap       ] GC(12) Eden regions: 102->0(101)
[2023-10-31T08:27:15.812+0000][3.108s][info ][gc,heap       ] GC(12) Survivor regions: 9->10(14)
[2023-10-31T08:27:15.813+0000][3.108s][info ][gc,heap       ] GC(12) Old regions: 15->16
[2023-10-31T08:27:15.813+0000][3.109s][info ][gc,heap       ] GC(12) Humongous regions: 0->0
[2023-10-31T08:27:15.813+0000][3.109s][info ][gc,metaspace  ] GC(12) Metaspace: 24628K(25724K)->24628K(25724K) NonClass: 21536K(22268K)->21536K(22268K) Class: 3091K(3456K)->3091K(3456K)
[2023-10-31T08:27:15.813+0000][3.109s][info ][gc            ] GC(12) Pause Young (Normal) (G1 Evacuation Pause) 123M->24M(185M) 11.092ms
[2023-10-31T08:27:15.814+0000][3.109s][info ][gc,cpu        ] GC(12) User=0.07s Sys=0.00s Real=0.02s
[2023-10-31T08:27:15.814+0000][3.110s][info ][safepoint     ] Leaving safepoint region
[2023-10-31T08:27:15.814+0000][3.110s][info ][safepoint     ] Total time for which application threads were stopped: 0.0123635 seconds, Stopping threads took: 0.0002718 seconds
[2023-10-31T08:27:15.815+0000][3.110s][info ][gc,stringdedup] Concurrent String Deduplication (3.110s)
[2023-10-31T08:27:15.819+0000][3.115s][info ][gc,stringdedup] Concurrent String Deduplication 687.6K->447.5K(240.1K) avg 17.8% (3.110s, 3.115s) 4.410ms
[2023-10-31T08:27:16.050+0000][3.346s][debug][safepoint     ] Safepoint synchronization initiated. (12 threads)
[2023-10-31T08:27:16.051+0000][3.346s][info ][safepoint     ] Application time: 0.2361271 seconds
[2023-10-31T08:27:16.051+0000][3.347s][info ][safepoint     ] Entering safepoint region: G1CollectForAllocation
[2023-10-31T08:27:16.052+0000][3.347s][info ][gc,start      ] GC(13) Pause Young (Normal) (G1 Evacuation Pause)
[2023-10-31T08:27:16.052+0000][3.348s][info ][gc,task       ] GC(13) Using 4 workers of 8 for evacuation
[2023-10-31T08:27:16.061+0000][3.357s][info ][gc,phases     ] GC(13)   Pre Evacuate Collection Set: 0.0ms
[2023-10-31T08:27:16.062+0000][3.357s][info ][gc,phases     ] GC(13)   Evacuate Collection Set: 7.3ms
[2023-10-31T08:27:16.062+0000][3.358s][info ][gc,phases     ] GC(13)   Post Evacuate Collection Set: 1.4ms
[2023-10-31T08:27:16.062+0000][3.358s][info ][gc,phases     ] GC(13)   Other: 0.8ms
[2023-10-31T08:27:16.063+0000][3.358s][info ][gc,heap       ] GC(13) Eden regions: 101->0(129)
[2023-10-31T08:27:16.063+0000][3.359s][info ][gc,heap       ] GC(13) Survivor regions: 10->9(14)
[2023-10-31T08:27:16.063+0000][3.359s][info ][gc,heap       ] GC(13) Old regions: 16->20
[2023-10-31T08:27:16.064+0000][3.359s][info ][gc,heap       ] GC(13) Humongous regions: 0->0
[2023-10-31T08:27:16.064+0000][3.360s][info ][gc,metaspace  ] GC(13) Metaspace: 24757K(25724K)->24757K(25724K) NonClass: 21650K(22268K)->21650K(22268K) Class: 3107K(3456K)->3107K(3456K)
[2023-10-31T08:27:16.064+0000][3.360s][info ][gc            ] GC(13) Pause Young (Normal) (G1 Evacuation Pause) 125M->26M(237M) 12.511ms
[2023-10-31T08:27:16.065+0000][3.360s][info ][gc,cpu        ] GC(13) User=0.05s Sys=0.02s Real=0.02s
[2023-10-31T08:27:16.065+0000][3.361s][info ][safepoint     ] Leaving safepoint region
[2023-10-31T08:27:16.065+0000][3.361s][info ][safepoint     ] Total time for which application threads were stopped: 0.0140192 seconds, Stopping threads took: 0.0003904 seconds
[2023-10-31T08:27:16.065+0000][3.361s][info ][gc,stringdedup] Concurrent String Deduplication (3.361s)
[2023-10-31T08:27:16.072+0000][3.367s][info ][gc,stringdedup] Concurrent String Deduplication 897.1K->389.9K(507.2K) avg 24.2% (3.361s, 3.367s) 6.017ms
[2023-10-31T08:27:16.236+0000][3.532s][debug][safepoint     ] Safepoint synchronization initiated. (13 threads)
[2023-10-31T08:27:16.237+0000][3.532s][info ][safepoint     ] Application time: 0.1710758 seconds
[2023-10-31T08:27:16.237+0000][3.533s][info ][safepoint     ] Entering safepoint region: G1CollectForAllocation
[2023-10-31T08:27:16.237+0000][3.533s][info ][gc,start      ] GC(14) Pause Young (Normal) (G1 Evacuation Pause)
[2023-10-31T08:27:16.238+0000][3.533s][info ][gc,task       ] GC(14) Using 5 workers of 8 for evacuation
[2023-10-31T08:27:16.243+0000][3.539s][info ][gc,phases     ] GC(14)   Pre Evacuate Collection Set: 0.0ms
[2023-10-31T08:27:16.243+0000][3.539s][info ][gc,phases     ] GC(14)   Evacuate Collection Set: 3.8ms
[2023-10-31T08:27:16.244+0000][3.539s][info ][gc,phases     ] GC(14)   Post Evacuate Collection Set: 1.0ms
[2023-10-31T08:27:16.244+0000][3.540s][info ][gc,phases     ] GC(14)   Other: 0.8ms
[2023-10-31T08:27:16.244+0000][3.540s][info ][gc,heap       ] GC(14) Eden regions: 129->0(133)
[2023-10-31T08:27:16.245+0000][3.540s][info ][gc,heap       ] GC(14) Survivor regions: 9->9(18)
[2023-10-31T08:27:16.245+0000][3.541s][info ][gc,heap       ] GC(14) Old regions: 20->20
[2023-10-31T08:27:16.245+0000][3.541s][info ][gc,heap       ] GC(14) Humongous regions: 0->0
[2023-10-31T08:27:16.245+0000][3.541s][info ][gc,metaspace  ] GC(14) Metaspace: 26139K(27132K)->26139K(27132K) NonClass: 22934K(23548K)->22934K(23548K) Class: 3204K(3584K)->3204K(3584K)
[2023-10-31T08:27:16.246+0000][3.542s][info ][gc            ] GC(14) Pause Young (Normal) (G1 Evacuation Pause) 155M->26M(237M) 8.601ms
[2023-10-31T08:27:16.246+0000][3.542s][info ][gc,cpu        ] GC(14) User=0.04s Sys=0.00s Real=0.01s
[2023-10-31T08:27:16.246+0000][3.542s][info ][safepoint     ] Leaving safepoint region
[2023-10-31T08:27:16.247+0000][3.542s][info ][safepoint     ] Total time for which application threads were stopped: 0.0097931 seconds, Stopping threads took: 0.0002718 seconds
[2023-10-31T08:27:16.247+0000][3.543s][info ][gc,stringdedup] Concurrent String Deduplication (3.543s)
[2023-10-31T08:27:16.251+0000][3.547s][info ][gc,stringdedup] Concurrent String Deduplication 789.1K->185.6K(603.6K) avg 30.9% (3.543s, 3.547s) 4.014ms
[2023-10-31T08:27:16.351+0000][3.646s][debug][safepoint     ] Safepoint synchronization initiated. (13 threads)
[2023-10-31T08:27:16.351+0000][3.647s][info ][safepoint     ] Application time: 0.1040835 seconds
[2023-10-31T08:27:16.351+0000][3.647s][info ][safepoint     ] Entering safepoint region: G1CollectForAllocation
[2023-10-31T08:27:16.352+0000][3.648s][info ][gc,start      ] GC(15) Pause Young (Normal) (G1 Evacuation Pause)
[2023-10-31T08:27:16.352+0000][3.648s][info ][gc,task       ] GC(15) Using 5 workers of 8 for evacuation
[2023-10-31T08:27:16.357+0000][3.653s][info ][gc,phases     ] GC(15)   Pre Evacuate Collection Set: 0.0ms
[2023-10-31T08:27:16.358+0000][3.654s][info ][gc,phases     ] GC(15)   Evacuate Collection Set: 3.5ms
[2023-10-31T08:27:16.358+0000][3.654s][info ][gc,phases     ] GC(15)   Post Evacuate Collection Set: 1.2ms
[2023-10-31T08:27:16.359+0000][3.655s][info ][gc,phases     ] GC(15)   Other: 0.8ms
[2023-10-31T08:27:16.359+0000][3.655s][info ][gc,heap       ] GC(15) Eden regions: 133->0(134)
[2023-10-31T08:27:16.360+0000][3.655s][info ][gc,heap       ] GC(15) Survivor regions: 9->8(18)
[2023-10-31T08:27:16.360+0000][3.656s][info ][gc,heap       ] GC(15) Old regions: 20->20
[2023-10-31T08:27:16.360+0000][3.656s][info ][gc,heap       ] GC(15) Humongous regions: 0->0
[2023-10-31T08:27:16.361+0000][3.656s][info ][gc,metaspace  ] GC(15) Metaspace: 26294K(27388K)->26294K(27388K) NonClass: 23071K(23804K)->23071K(23804K) Class: 3223K(3584K)->3223K(3584K)
[2023-10-31T08:27:16.361+0000][3.657s][info ][gc            ] GC(15) Pause Young (Normal) (G1 Evacuation Pause) 159M->26M(237M) 9.167ms
[2023-10-31T08:27:16.362+0000][3.657s][info ][gc,cpu        ] GC(15) User=0.04s Sys=0.00s Real=0.01s
[2023-10-31T08:27:16.362+0000][3.658s][info ][safepoint     ] Leaving safepoint region
[2023-10-31T08:27:16.362+0000][3.658s][info ][safepoint     ] Total time for which application threads were stopped: 0.0109219 seconds, Stopping threads took: 0.0003736 seconds
[2023-10-31T08:27:16.363+0000][3.658s][info ][gc,stringdedup] Concurrent String Deduplication (3.658s)
[2023-10-31T08:27:16.366+0000][3.662s][info ][gc,stringdedup] Concurrent String Deduplication 1196.3K->245.9K(950.4K) avg 38.7% (3.658s, 3.662s) 3.259ms
[2023-10-31T08:27:16.603+0000][3.898s][debug][safepoint     ] Safepoint synchronization initiated. (12 threads)
[2023-10-31T08:27:16.603+0000][3.899s][info ][safepoint     ] Application time: 0.2404001 seconds
[2023-10-31T08:27:16.604+0000][3.899s][info ][safepoint     ] Entering safepoint region: G1CollectForAllocation
[2023-10-31T08:27:16.604+0000][3.900s][info ][gc,start      ] GC(16) Pause Young (Normal) (G1 Evacuation Pause)
[2023-10-31T08:27:16.604+0000][3.900s][info ][gc,task       ] GC(16) Using 5 workers of 8 for evacuation
[2023-10-31T08:27:16.610+0000][3.905s][info ][gc,phases     ] GC(16)   Pre Evacuate Collection Set: 0.0ms
[2023-10-31T08:27:16.610+0000][3.906s][info ][gc,phases     ] GC(16)   Evacuate Collection Set: 3.6ms
[2023-10-31T08:27:16.611+0000][3.906s][info ][gc,phases     ] GC(16)   Post Evacuate Collection Set: 1.1ms
[2023-10-31T08:27:16.611+0000][3.907s][info ][gc,phases     ] GC(16)   Other: 0.7ms
[2023-10-31T08:27:16.611+0000][3.907s][info ][gc,heap       ] GC(16) Eden regions: 134->0(134)
[2023-10-31T08:27:16.612+0000][3.908s][info ][gc,heap       ] GC(16) Survivor regions: 8->8(18)
[2023-10-31T08:27:16.612+0000][3.908s][info ][gc,heap       ] GC(16) Old regions: 20->20
[2023-10-31T08:27:16.612+0000][3.908s][info ][gc,heap       ] GC(16) Humongous regions: 0->0
[2023-10-31T08:27:16.613+0000][3.909s][info ][gc,metaspace  ] GC(16) Metaspace: 28382K(29436K)->28382K(29436K) NonClass: 24938K(25596K)->24938K(25596K) Class: 3443K(3840K)->3443K(3840K)
[2023-10-31T08:27:16.613+0000][3.909s][info ][gc            ] GC(16) Pause Young (Normal) (G1 Evacuation Pause) 160M->26M(237M) 8.965ms
[2023-10-31T08:27:16.614+0000][3.909s][info ][gc,cpu        ] GC(16) User=0.04s Sys=0.00s Real=0.01s
[2023-10-31T08:27:16.614+0000][3.910s][info ][safepoint     ] Leaving safepoint region
[2023-10-31T08:27:16.614+0000][3.910s][info ][safepoint     ] Total time for which application threads were stopped: 0.0108857 seconds, Stopping threads took: 0.0004438 seconds
[2023-10-31T08:27:16.615+0000][3.911s][info ][gc,stringdedup] Concurrent String Deduplication (3.911s)
[2023-10-31T08:27:16.616+0000][3.912s][info ][gc,stringdedup] Concurrent String Deduplication 134.1K->38464.0B(98856.0B) avg 39.3% (3.911s, 3.912s) 1.561ms
[2023-10-31T08:27:16.926+0000][4.221s][debug][safepoint     ] Safepoint synchronization initiated. (12 threads)
[2023-10-31T08:27:16.926+0000][4.222s][info ][safepoint     ] Application time: 0.3114378 seconds
[2023-10-31T08:27:16.927+0000][4.222s][info ][safepoint     ] Entering safepoint region: G1CollectForAllocation
[2023-10-31T08:27:16.927+0000][4.223s][info ][gc,start      ] GC(17) Pause Young (Normal) (G1 Evacuation Pause)
[2023-10-31T08:27:16.928+0000][4.223s][info ][gc,task       ] GC(17) Using 5 workers of 8 for evacuation
[2023-10-31T08:27:16.934+0000][4.229s][info ][gc,phases     ] GC(17)   Pre Evacuate Collection Set: 0.0ms
[2023-10-31T08:27:16.934+0000][4.230s][info ][gc,phases     ] GC(17)   Evacuate Collection Set: 4.1ms
[2023-10-31T08:27:16.935+0000][4.230s][info ][gc,phases     ] GC(17)   Post Evacuate Collection Set: 1.5ms
[2023-10-31T08:27:16.935+0000][4.231s][info ][gc,phases     ] GC(17)   Other: 0.9ms
[2023-10-31T08:27:16.935+0000][4.231s][info ][gc,heap       ] GC(17) Eden regions: 134->0(162)
[2023-10-31T08:27:16.936+0000][4.232s][info ][gc,heap       ] GC(17) Survivor regions: 8->9(18)
[2023-10-31T08:27:16.936+0000][4.232s][info ][gc,heap       ] GC(17) Old regions: 20->20
[2023-10-31T08:27:16.937+0000][4.232s][info ][gc,heap       ] GC(17) Humongous regions: 0->0
[2023-10-31T08:27:16.937+0000][4.233s][info ][gc,metaspace  ] GC(17) Metaspace: 32267K(33404K)->32267K(33404K) NonClass: 28389K(29180K)->28389K(29180K) Class: 3877K(4224K)->3877K(4224K)
[2023-10-31T08:27:16.937+0000][4.233s][info ][gc            ] GC(17) Pause Young (Normal) (G1 Evacuation Pause) 160M->26M(285M) 10.036ms
[2023-10-31T08:27:16.938+0000][4.233s][info ][gc,cpu        ] GC(17) User=0.03s Sys=0.01s Real=0.01s
[2023-10-31T08:27:16.938+0000][4.234s][info ][safepoint     ] Leaving safepoint region
[2023-10-31T08:27:16.938+0000][4.234s][info ][safepoint     ] Total time for which application threads were stopped: 0.0116804 seconds, Stopping threads took: 0.0003851 seconds
[2023-10-31T08:27:16.939+0000][4.235s][info ][gc,stringdedup] Concurrent String Deduplication (4.235s)
[2023-10-31T08:27:16.939+0000][4.235s][info ][gc,stringdedup] Concurrent String Deduplication 29864.0B->2984.0B(26880.0B) avg 39.5% (4.235s, 4.235s) 0.510ms
[2023-10-31T08:27:17.116+0000][4.412s][debug][safepoint     ] Safepoint synchronization initiated. (12 threads)
[2023-10-31T08:27:17.116+0000][4.412s][info ][safepoint     ] Application time: 0.1776224 seconds
[2023-10-31T08:27:17.117+0000][4.412s][info ][safepoint     ] Entering safepoint region: Deoptimize
[2023-10-31T08:27:17.118+0000][4.413s][info ][safepoint     ] Leaving safepoint region
[2023-10-31T08:27:17.118+0000][4.414s][info ][safepoint     ] Total time for which application threads were stopped: 0.0012307 seconds, Stopping threads took: 0.0003236 seconds
[2023-10-31T08:27:17.307+0000][4.603s][debug][safepoint     ] Safepoint synchronization initiated. (12 threads)
[2023-10-31T08:27:17.308+0000][4.604s][info ][safepoint     ] Application time: 0.1896038 seconds
[2023-10-31T08:27:17.308+0000][4.604s][info ][safepoint     ] Entering safepoint region: G1CollectForAllocation
[2023-10-31T08:27:17.309+0000][4.605s][info ][gc,start      ] GC(18) Pause Young (Normal) (G1 Evacuation Pause)
[2023-10-31T08:27:17.310+0000][4.605s][info ][gc,task       ] GC(18) Using 6 workers of 8 for evacuation
[2023-10-31T08:27:17.317+0000][4.612s][info ][gc,phases     ] GC(18)   Pre Evacuate Collection Set: 0.0ms
[2023-10-31T08:27:17.317+0000][4.613s][info ][gc,phases     ] GC(18)   Evacuate Collection Set: 5.1ms
[2023-10-31T08:27:17.317+0000][4.613s][info ][gc,phases     ] GC(18)   Post Evacuate Collection Set: 1.7ms
[2023-10-31T08:27:17.318+0000][4.614s][info ][gc,phases     ] GC(18)   Other: 1.1ms
[2023-10-31T08:27:17.318+0000][4.614s][info ][gc,heap       ] GC(18) Eden regions: 162->0(161)
[2023-10-31T08:27:17.318+0000][4.614s][info ][gc,heap       ] GC(18) Survivor regions: 9->10(22)
[2023-10-31T08:27:17.319+0000][4.614s][info ][gc,heap       ] GC(18) Old regions: 20->20
[2023-10-31T08:27:17.319+0000][4.615s][info ][gc,heap       ] GC(18) Humongous regions: 0->0
[2023-10-31T08:27:17.319+0000][4.615s][info ][gc,metaspace  ] GC(18) Metaspace: 32823K(34044K)->32823K(34044K) NonClass: 28867K(29692K)->28867K(29692K) Class: 3955K(4352K)->3955K(4352K)
[2023-10-31T08:27:17.320+0000][4.615s][info ][gc            ] GC(18) Pause Young (Normal) (G1 Evacuation Pause) 188M->28M(285M) 10.743ms
[2023-10-31T08:27:17.320+0000][4.616s][info ][gc,cpu        ] GC(18) User=0.07s Sys=0.00s Real=0.01s
[2023-10-31T08:27:17.320+0000][4.616s][info ][safepoint     ] Leaving safepoint region
[2023-10-31T08:27:17.321+0000][4.616s][info ][safepoint     ] Total time for which application threads were stopped: 0.0123999 seconds, Stopping threads took: 0.0003148 seconds
[2023-10-31T08:27:17.321+0000][4.617s][info ][gc,stringdedup] Concurrent String Deduplication (4.617s)
[2023-10-31T08:27:17.323+0000][4.618s][info ][gc,stringdedup] Concurrent String Deduplication 324.6K->15288.0B(309.6K) avg 41.8% (4.617s, 4.618s) 1.450ms
[2023-10-31T08:27:17.409+0000][4.705s][debug][safepoint     ] Safepoint synchronization initiated. (12 threads)
[2023-10-31T08:27:17.410+0000][4.706s][info ][safepoint     ] Application time: 0.0888394 seconds
[2023-10-31T08:27:17.410+0000][4.706s][info ][safepoint     ] Entering safepoint region: Deoptimize
[2023-10-31T08:27:17.411+0000][4.707s][info ][safepoint     ] Leaving safepoint region
[2023-10-31T08:27:17.412+0000][4.707s][info ][safepoint     ] Total time for which application threads were stopped: 0.0014707 seconds, Stopping threads took: 0.0003627 seconds
[2023-10-31T08:27:17.605+0000][4.901s][debug][safepoint     ] Safepoint synchronization initiated. (12 threads)
[2023-10-31T08:27:17.606+0000][4.902s][info ][safepoint     ] Application time: 0.1937660 seconds
[2023-10-31T08:27:17.606+0000][4.902s][info ][safepoint     ] Entering safepoint region: Deoptimize
[2023-10-31T08:27:17.607+0000][4.903s][info ][safepoint     ] Leaving safepoint region
[2023-10-31T08:27:17.608+0000][4.903s][info ][safepoint     ] Total time for which application threads were stopped: 0.0013920 seconds, Stopping threads took: 0.0003719 seconds
[2023-10-31T08:27:17.613+0000][4.909s][debug][safepoint     ] Safepoint synchronization initiated. (12 threads)
[2023-10-31T08:27:17.614+0000][4.910s][info ][safepoint     ] Application time: 0.0058473 seconds
[2023-10-31T08:27:17.614+0000][4.910s][info ][safepoint     ] Entering safepoint region: Deoptimize
[2023-10-31T08:27:17.615+0000][4.911s][info ][safepoint     ] Leaving safepoint region
[2023-10-31T08:27:17.616+0000][4.911s][info ][safepoint     ] Total time for which application threads were stopped: 0.0013555 seconds, Stopping threads took: 0.0003941 seconds
[2023-10-31T08:27:17.631+0000][4.927s][debug][safepoint     ] Safepoint synchronization initiated. (12 threads)
[2023-10-31T08:27:17.632+0000][4.927s][info ][safepoint     ] Application time: 0.0158033 seconds
[2023-10-31T08:27:17.632+0000][4.928s][info ][safepoint     ] Entering safepoint region: Deoptimize
[2023-10-31T08:27:17.633+0000][4.929s][info ][safepoint     ] Leaving safepoint region
[2023-10-31T08:27:17.633+0000][4.929s][info ][safepoint     ] Total time for which application threads were stopped: 0.0012616 seconds, Stopping threads took: 0.0003582 seconds
[2023-10-31T08:27:17.651+0000][4.947s][debug][safepoint     ] Safepoint synchronization initiated. (12 threads)
[2023-10-31T08:27:17.651+0000][4.947s][info ][safepoint     ] Application time: 0.0175532 seconds
[2023-10-31T08:27:17.652+0000][4.947s][info ][safepoint     ] Entering safepoint region: G1CollectForAllocation
[2023-10-31T08:27:17.652+0000][4.948s][info ][gc,start      ] GC(19) Pause Young (Normal) (G1 Evacuation Pause)
[2023-10-31T08:27:17.653+0000][4.948s][info ][gc,task       ] GC(19) Using 6 workers of 8 for evacuation
[2023-10-31T08:27:17.660+0000][4.955s][info ][gc,phases     ] GC(19)   Pre Evacuate Collection Set: 0.0ms
[2023-10-31T08:27:17.660+0000][4.956s][info ][gc,phases     ] GC(19)   Evacuate Collection Set: 4.7ms
[2023-10-31T08:27:17.660+0000][4.956s][info ][gc,phases     ] GC(19)   Post Evacuate Collection Set: 1.8ms
[2023-10-31T08:27:17.661+0000][4.956s][info ][gc,phases     ] GC(19)   Other: 0.8ms
[2023-10-31T08:27:17.661+0000][4.957s][info ][gc,heap       ] GC(19) Eden regions: 161->0(160)
[2023-10-31T08:27:17.661+0000][4.957s][info ][gc,heap       ] GC(19) Survivor regions: 10->11(22)
[2023-10-31T08:27:17.661+0000][4.957s][info ][gc,heap       ] GC(19) Old regions: 20->20
[2023-10-31T08:27:17.662+0000][4.957s][info ][gc,heap       ] GC(19) Humongous regions: 0->0
[2023-10-31T08:27:17.662+0000][4.958s][info ][gc,metaspace  ] GC(19) Metaspace: 34669K(36048K)->34669K(36048K) NonClass: 30478K(31440K)->30478K(31440K) Class: 4190K(4608K)->4190K(4608K)
[2023-10-31T08:27:17.662+0000][4.958s][info ][gc            ] GC(19) Pause Young (Normal) (G1 Evacuation Pause) 189M->28M(285M) 9.997ms
[2023-10-31T08:27:17.663+0000][4.958s][info ][gc,cpu        ] GC(19) User=0.05s Sys=0.00s Real=0.01s
[2023-10-31T08:27:17.663+0000][4.959s][info ][safepoint     ] Leaving safepoint region
[2023-10-31T08:27:17.664+0000][4.959s][info ][safepoint     ] Total time for which application threads were stopped: 0.0119288 seconds, Stopping threads took: 0.0004473 seconds
[2023-10-31T08:27:17.664+0000][4.960s][info ][gc,stringdedup] Concurrent String Deduplication (4.960s)
[2023-10-31T08:27:17.665+0000][4.961s][info ][gc,stringdedup] Concurrent String Deduplication 159.0K->44992.0B(115.0K) avg 42.4% (4.960s, 4.961s) 1.345ms
[2023-10-31T08:27:17.673+0000][4.969s][debug][safepoint     ] Safepoint synchronization initiated. (12 threads)
[2023-10-31T08:27:17.673+0000][4.969s][info ][safepoint     ] Application time: 0.0093569 seconds
[2023-10-31T08:27:17.674+0000][4.970s][info ][safepoint     ] Entering safepoint region: Deoptimize
[2023-10-31T08:27:17.675+0000][4.971s][info ][safepoint     ] Leaving safepoint region
[2023-10-31T08:27:17.676+0000][4.971s][info ][safepoint     ] Total time for which application threads were stopped: 0.0017719 seconds, Stopping threads took: 0.0005054 seconds
[2023-10-31T08:27:17.687+0000][4.982s][debug][safepoint     ] Safepoint synchronization initiated. (12 threads)
[2023-10-31T08:27:17.687+0000][4.983s][info ][safepoint     ] Application time: 0.0112756 seconds
[2023-10-31T08:27:17.688+0000][4.983s][info ][safepoint     ] Entering safepoint region: CollectForMetadataAllocation
[2023-10-31T08:27:17.688+0000][4.984s][info ][gc,start      ] GC(20) Pause Young (Concurrent Start) (Metadata GC Threshold)
[2023-10-31T08:27:17.688+0000][4.984s][info ][gc,task       ] GC(20) Using 6 workers of 8 for evacuation
[2023-10-31T08:27:17.695+0000][4.991s][info ][gc,phases     ] GC(20)   Pre Evacuate Collection Set: 0.1ms
[2023-10-31T08:27:17.696+0000][4.991s][info ][gc,phases     ] GC(20)   Evacuate Collection Set: 4.7ms
[2023-10-31T08:27:17.696+0000][4.992s][info ][gc,phases     ] GC(20)   Post Evacuate Collection Set: 1.4ms
[2023-10-31T08:27:17.696+0000][4.992s][info ][gc,phases     ] GC(20)   Other: 0.8ms
[2023-10-31T08:27:17.697+0000][4.992s][info ][gc,heap       ] GC(20) Eden regions: 6->0(160)
[2023-10-31T08:27:17.697+0000][4.993s][info ][gc,heap       ] GC(20) Survivor regions: 11->11(22)
[2023-10-31T08:27:17.697+0000][4.993s][info ][gc,heap       ] GC(20) Old regions: 20->20
[2023-10-31T08:27:17.698+0000][4.993s][info ][gc,heap       ] GC(20) Humongous regions: 0->0
[2023-10-31T08:27:17.698+0000][4.994s][info ][gc,metaspace  ] GC(20) Metaspace: 34909K(36048K)->34909K(36048K) NonClass: 30692K(31440K)->30692K(31440K) Class: 4217K(4608K)->4217K(4608K)
[2023-10-31T08:27:17.698+0000][4.994s][info ][gc            ] GC(20) Pause Young (Concurrent Start) (Metadata GC Threshold) 34M->29M(285M) 10.035ms
[2023-10-31T08:27:17.698+0000][4.994s][info ][gc,cpu        ] GC(20) User=0.05s Sys=0.00s Real=0.01s
[2023-10-31T08:27:17.699+0000][4.994s][info ][gc            ] GC(21) Concurrent Cycle
[2023-10-31T08:27:17.699+0000][4.995s][info ][gc,marking    ] GC(21) Concurrent Clear Claimed Marks
[2023-10-31T08:27:17.699+0000][4.994s][info ][safepoint     ] Leaving safepoint region
[2023-10-31T08:27:17.700+0000][4.995s][info ][safepoint     ] Total time for which application threads were stopped: 0.0121965 seconds, Stopping threads took: 0.0003662 seconds
[2023-10-31T08:27:17.700+0000][4.995s][info ][gc,marking    ] GC(21) Concurrent Clear Claimed Marks 0.497ms
[2023-10-31T08:27:17.700+0000][4.996s][info ][gc,marking    ] GC(21) Concurrent Scan Root Regions
[2023-10-31T08:27:17.700+0000][4.996s][info ][gc,stringdedup] Concurrent String Deduplication (4.996s)
[2023-10-31T08:27:17.703+0000][4.999s][info ][gc,stringdedup] Concurrent String Deduplication 376.2K->181.3K(194.9K) avg 42.9% (4.996s, 4.999s) 3.319ms
[2023-10-31T08:27:17.705+0000][5.000s][info ][gc,marking    ] GC(21) Concurrent Scan Root Regions 4.153ms
[2023-10-31T08:27:17.705+0000][5.001s][info ][gc,marking    ] GC(21) Concurrent Mark (5.001s)
[2023-10-31T08:27:17.705+0000][5.001s][info ][gc,marking    ] GC(21) Concurrent Mark From Roots
[2023-10-31T08:27:17.706+0000][5.001s][info ][gc,task       ] GC(21) Using 2 workers of 2 for marking
[2023-10-31T08:27:17.721+0000][5.017s][info ][gc,marking    ] GC(21) Concurrent Mark From Roots 15.898ms
[2023-10-31T08:27:17.722+0000][5.017s][info ][gc,marking    ] GC(21) Concurrent Preclean
[2023-10-31T08:27:17.722+0000][5.018s][info ][gc,marking    ] GC(21) Concurrent Preclean 0.433ms
[2023-10-31T08:27:17.723+0000][5.018s][info ][gc,marking    ] GC(21) Concurrent Mark (5.001s, 5.018s) 17.598ms
[2023-10-31T08:27:17.723+0000][5.019s][debug][safepoint     ] Safepoint synchronization initiated. (12 threads)
[2023-10-31T08:27:17.723+0000][5.019s][info ][safepoint     ] Application time: 0.0234459 seconds
[2023-10-31T08:27:17.724+0000][5.020s][debug][safepoint     ] ... found polling page return exception at pc = 0x00007f62e84199dc, stub =0x00007f62e0840600
[2023-10-31T08:27:17.724+0000][5.020s][debug][safepoint     ] Waiting for 1 thread(s) to block
[2023-10-31T08:27:17.725+0000][5.020s][info ][safepoint     ] Entering safepoint region: CGC_Operation
[2023-10-31T08:27:17.725+0000][5.021s][info ][gc,start      ] GC(21) Pause Remark
[2023-10-31T08:27:17.729+0000][5.025s][info ][gc,stringtable] GC(21) Cleaned string and symbol table, strings: 12672 processed, 29 removed, symbols: 122355 processed, 336 removed
[2023-10-31T08:27:17.730+0000][5.026s][info ][gc            ] GC(21) Pause Remark 38M->38M(285M) 4.685ms
[2023-10-31T08:27:17.730+0000][5.026s][info ][gc,cpu        ] GC(21) User=0.02s Sys=0.00s Real=0.00s
[2023-10-31T08:27:17.730+0000][5.026s][info ][safepoint     ] Leaving safepoint region
[2023-10-31T08:27:17.731+0000][5.027s][info ][safepoint     ] Total time for which application threads were stopped: 0.0069484 seconds, Stopping threads took: 0.0011804 seconds
[2023-10-31T08:27:17.731+0000][5.027s][info ][gc,marking    ] GC(21) Concurrent Rebuild Remembered Sets
[2023-10-31T08:27:17.739+0000][5.035s][info ][gc,marking    ] GC(21) Concurrent Rebuild Remembered Sets 7.599ms
[2023-10-31T08:27:17.739+0000][5.035s][debug][safepoint     ] Safepoint synchronization initiated. (12 threads)
[2023-10-31T08:27:17.740+0000][5.035s][info ][safepoint     ] Application time: 0.0086194 seconds
[2023-10-31T08:27:17.740+0000][5.036s][debug][safepoint     ] ... found polling page loop exception at pc = 0x00007f62e844e665, stub =0x00007f62e0843680
[2023-10-31T08:27:17.740+0000][5.036s][debug][safepoint     ] Waiting for 1 thread(s) to block
[2023-10-31T08:27:17.741+0000][5.037s][info ][safepoint     ] Entering safepoint region: CGC_Operation
[2023-10-31T08:27:17.741+0000][5.037s][info ][gc,start      ] GC(21) Pause Cleanup
[2023-10-31T08:27:17.742+0000][5.037s][info ][gc            ] GC(21) Pause Cleanup 42M->42M(285M) 0.397ms
[2023-10-31T08:27:17.742+0000][5.038s][info ][gc,cpu        ] GC(21) User=0.00s Sys=0.00s Real=0.00s
[2023-10-31T08:27:17.742+0000][5.038s][info ][safepoint     ] Leaving safepoint region
[2023-10-31T08:27:17.743+0000][5.038s][info ][safepoint     ] Total time for which application threads were stopped: 0.0024333 seconds, Stopping threads took: 0.0010989 seconds
[2023-10-31T08:27:17.743+0000][5.039s][info ][gc,marking    ] GC(21) Concurrent Cleanup for Next Mark
[2023-10-31T08:27:17.745+0000][5.041s][info ][gc,marking    ] GC(21) Concurrent Cleanup for Next Mark 1.993ms
[2023-10-31T08:27:17.745+0000][5.041s][info ][gc            ] GC(21) Concurrent Cycle 46.763ms
[2023-10-31T08:27:17.866+0000][5.162s][debug][safepoint     ] Safepoint synchronization initiated. (11 threads)
[2023-10-31T08:27:17.867+0000][5.162s][info ][safepoint     ] Application time: 0.1237626 seconds
[2023-10-31T08:27:17.867+0000][5.163s][info ][safepoint     ] Entering safepoint region: Deoptimize
[2023-10-31T08:27:17.868+0000][5.164s][info ][safepoint     ] Leaving safepoint region
[2023-10-31T08:27:17.869+0000][5.164s][info ][safepoint     ] Total time for which application threads were stopped: 0.0015784 seconds, Stopping threads took: 0.0004850 seconds
[2023-10-31T08:27:18.038+0000][5.334s][debug][safepoint     ] Safepoint synchronization initiated. (11 threads)
[2023-10-31T08:27:18.039+0000][5.335s][info ][safepoint     ] Application time: 0.1698368 seconds
[2023-10-31T08:27:18.040+0000][5.335s][info ][safepoint     ] Entering safepoint region: G1CollectForAllocation
[2023-10-31T08:27:18.040+0000][5.336s][info ][gc,start      ] GC(22) Pause Young (Normal) (G1 Evacuation Pause)
[2023-10-31T08:27:18.041+0000][5.337s][info ][gc,task       ] GC(22) Using 6 workers of 8 for evacuation
[2023-10-31T08:27:18.050+0000][5.345s][info ][gc,phases     ] GC(22)   Pre Evacuate Collection Set: 0.0ms
[2023-10-31T08:27:18.050+0000][5.346s][info ][gc,phases     ] GC(22)   Evacuate Collection Set: 6.0ms
[2023-10-31T08:27:18.051+0000][5.347s][info ][gc,phases     ] GC(22)   Post Evacuate Collection Set: 2.0ms
[2023-10-31T08:27:18.052+0000][5.347s][info ][gc,phases     ] GC(22)   Other: 1.2ms
[2023-10-31T08:27:18.052+0000][5.348s][info ][gc,heap       ] GC(22) Eden regions: 160->0(196)
[2023-10-31T08:27:18.053+0000][5.348s][info ][gc,heap       ] GC(22) Survivor regions: 11->9(22)
[2023-10-31T08:27:18.053+0000][5.349s][info ][gc,heap       ] GC(22) Old regions: 20->22
[2023-10-31T08:27:18.054+0000][5.349s][info ][gc,heap       ] GC(22) Humongous regions: 0->0
[2023-10-31T08:27:18.054+0000][5.350s][info ][gc,metaspace  ] GC(22) Metaspace: 37292K(38480K)->37292K(38480K) NonClass: 32708K(33488K)->32708K(33488K) Class: 4583K(4992K)->4583K(4992K)
[2023-10-31T08:27:18.055+0000][5.350s][info ][gc            ] GC(22) Pause Young (Normal) (G1 Evacuation Pause) 189M->29M(342M) 14.331ms
[2023-10-31T08:27:18.055+0000][5.351s][info ][gc,cpu        ] GC(22) User=0.04s Sys=0.02s Real=0.02s
[2023-10-31T08:27:18.056+0000][5.352s][info ][safepoint     ] Leaving safepoint region
[2023-10-31T08:27:18.056+0000][5.352s][info ][safepoint     ] Total time for which application threads were stopped: 0.0167909 seconds, Stopping threads took: 0.0005391 seconds
[2023-10-31T08:27:18.057+0000][5.353s][info ][gc,stringdedup] Concurrent String Deduplication (5.353s)
[2023-10-31T08:27:18.059+0000][5.354s][info ][gc,stringdedup] Concurrent String Deduplication 202.4K->77472.0B(126.8K) avg 43.3% (5.353s, 5.354s) 1.665ms
[2023-10-31T08:27:18.164+0000][5.460s][debug][safepoint     ] Safepoint synchronization initiated. (11 threads)
[2023-10-31T08:27:18.165+0000][5.461s][info ][safepoint     ] Application time: 0.1080992 seconds
[2023-10-31T08:27:18.165+0000][5.461s][info ][safepoint     ] Entering safepoint region: Deoptimize
[2023-10-31T08:27:18.167+0000][5.462s][info ][safepoint     ] Leaving safepoint region
[2023-10-31T08:27:18.167+0000][5.463s][info ][safepoint     ] Total time for which application threads were stopped: 0.0017383 seconds, Stopping threads took: 0.0004452 seconds
[2023-10-31T08:27:18.437+0000][5.733s][debug][safepoint     ] Safepoint synchronization initiated. (12 threads)
[2023-10-31T08:27:18.438+0000][5.733s][info ][safepoint     ] Application time: 0.2701097 seconds
[2023-10-31T08:27:18.438+0000][5.734s][debug][safepoint     ] Waiting for 1 thread(s) to block
[2023-10-31T08:27:18.438+0000][5.734s][info ][safepoint     ] Entering safepoint region: ICBufferFull
[2023-10-31T08:27:18.439+0000][5.735s][info ][safepoint     ] Leaving safepoint region
[2023-10-31T08:27:18.439+0000][5.735s][info ][safepoint     ] Total time for which application threads were stopped: 0.0012244 seconds, Stopping threads took: 0.0007055 seconds
[2023-10-31T08:27:18.731+0000][6.027s][debug][safepoint     ] Safepoint synchronization initiated. (12 threads)
[2023-10-31T08:27:18.732+0000][6.027s][info ][safepoint     ] Application time: 0.2922081 seconds
[2023-10-31T08:27:18.732+0000][6.028s][info ][safepoint     ] Entering safepoint region: G1CollectForAllocation
[2023-10-31T08:27:18.733+0000][6.029s][info ][gc,start      ] GC(23) Pause Young (Normal) (G1 Evacuation Pause)
[2023-10-31T08:27:18.734+0000][6.029s][info ][gc,task       ] GC(23) Using 8 workers of 8 for evacuation
[2023-10-31T08:27:18.744+0000][6.040s][info ][gc,phases     ] GC(23)   Pre Evacuate Collection Set: 0.0ms
[2023-10-31T08:27:18.744+0000][6.040s][info ][gc,phases     ] GC(23)   Evacuate Collection Set: 8.1ms
[2023-10-31T08:27:18.745+0000][6.040s][info ][gc,phases     ] GC(23)   Post Evacuate Collection Set: 1.6ms
[2023-10-31T08:27:18.745+0000][6.041s][info ][gc,phases     ] GC(23)   Other: 1.2ms
[2023-10-31T08:27:18.745+0000][6.041s][info ][gc,heap       ] GC(23) Eden regions: 196->0(196)
[2023-10-31T08:27:18.746+0000][6.042s][info ][gc,heap       ] GC(23) Survivor regions: 9->9(26)
[2023-10-31T08:27:18.746+0000][6.042s][info ][gc,heap       ] GC(23) Old regions: 22->24
[2023-10-31T08:27:18.747+0000][6.042s][info ][gc,heap       ] GC(23) Humongous regions: 0->0
[2023-10-31T08:27:18.747+0000][6.043s][info ][gc,metaspace  ] GC(23) Metaspace: 40056K(41424K)->40056K(41424K) NonClass: 35129K(36048K)->35129K(36048K) Class: 4926K(5376K)->4926K(5376K)
[2023-10-31T08:27:18.747+0000][6.043s][info ][gc            ] GC(23) Pause Young (Normal) (G1 Evacuation Pause) 225M->31M(342M) 14.514ms
[2023-10-31T08:27:18.748+0000][6.044s][info ][gc,cpu        ] GC(23) User=0.10s Sys=0.01s Real=0.02s
[2023-10-31T08:27:18.748+0000][6.044s][info ][safepoint     ] Leaving safepoint region
[2023-10-31T08:27:18.749+0000][6.045s][info ][safepoint     ] Total time for which application threads were stopped: 0.0165653 seconds, Stopping threads took: 0.0004110 seconds
[2023-10-31T08:27:18.749+0000][6.045s][info ][gc,stringdedup] Concurrent String Deduplication (6.045s)
[2023-10-31T08:27:18.750+0000][6.046s][info ][gc,stringdedup] Concurrent String Deduplication 7904.0B->2704.0B(5200.0B) avg 43.3% (6.045s, 6.046s) 0.582ms
[2023-10-31T08:27:19.073+0000][6.369s][debug][safepoint     ] Safepoint synchronization initiated. (12 threads)
[2023-10-31T08:27:19.074+0000][6.370s][info ][safepoint     ] Application time: 0.3246990 seconds
[2023-10-31T08:27:19.074+0000][6.370s][info ][safepoint     ] Entering safepoint region: Deoptimize
[2023-10-31T08:27:19.075+0000][6.371s][info ][safepoint     ] Leaving safepoint region
[2023-10-31T08:27:19.076+0000][6.371s][info ][safepoint     ] Total time for which application threads were stopped: 0.0013460 seconds, Stopping threads took: 0.0003079 seconds
[2023-10-31T08:27:19.085+0000][6.381s][debug][safepoint     ] Safepoint synchronization initiated. (12 threads)
[2023-10-31T08:27:19.086+0000][6.382s][info ][safepoint     ] Application time: 0.0100562 seconds
[2023-10-31T08:27:19.086+0000][6.382s][info ][safepoint     ] Entering safepoint region: Deoptimize
[2023-10-31T08:27:19.087+0000][6.383s][info ][safepoint     ] Leaving safepoint region
[2023-10-31T08:27:19.088+0000][6.383s][info ][safepoint     ] Total time for which application threads were stopped: 0.0014082 seconds, Stopping threads took: 0.0003848 seconds
[2023-10-31T08:27:19.103+0000][6.399s][debug][safepoint     ] Safepoint synchronization initiated. (12 threads)
[2023-10-31T08:27:19.103+0000][6.399s][info ][safepoint     ] Application time: 0.0152037 seconds
[2023-10-31T08:27:19.104+0000][6.399s][info ][safepoint     ] Entering safepoint region: Deoptimize
[2023-10-31T08:27:19.105+0000][6.400s][info ][safepoint     ] Leaving safepoint region
[2023-10-31T08:27:19.105+0000][6.401s][info ][safepoint     ] Total time for which application threads were stopped: 0.0011906 seconds, Stopping threads took: 0.0002771 seconds
[2023-10-31T08:27:19.305+0000][6.600s][debug][safepoint     ] Safepoint synchronization initiated. (12 threads)
[2023-10-31T08:27:19.305+0000][6.601s][info ][safepoint     ] Application time: 0.2000669 seconds
[2023-10-31T08:27:19.306+0000][6.601s][info ][safepoint     ] Entering safepoint region: Deoptimize
[2023-10-31T08:27:19.307+0000][6.602s][info ][safepoint     ] Leaving safepoint region
[2023-10-31T08:27:19.307+0000][6.603s][info ][safepoint     ] Total time for which application threads were stopped: 0.0015253 seconds, Stopping threads took: 0.0004109 seconds
[2023-10-31T08:27:19.308+0000][6.604s][debug][safepoint     ] Safepoint synchronization initiated. (12 threads)
[2023-10-31T08:27:19.309+0000][6.604s][info ][safepoint     ] Application time: 0.0012573 seconds
[2023-10-31T08:27:19.309+0000][6.605s][info ][safepoint     ] Entering safepoint region: Deoptimize
[2023-10-31T08:27:19.310+0000][6.606s][info ][safepoint     ] Leaving safepoint region
[2023-10-31T08:27:19.311+0000][6.606s][info ][safepoint     ] Total time for which application threads were stopped: 0.0015425 seconds, Stopping threads took: 0.0003404 seconds
[2023-10-31T08:27:19.362+0000][6.658s][debug][safepoint     ] Safepoint synchronization initiated. (12 threads)
[2023-10-31T08:27:19.362+0000][6.658s][info ][safepoint     ] Application time: 0.0513454 seconds
[2023-10-31T08:27:19.363+0000][6.658s][info ][safepoint     ] Entering safepoint region: Deoptimize
[2023-10-31T08:27:19.364+0000][6.659s][info ][safepoint     ] Leaving safepoint region
[2023-10-31T08:27:19.364+0000][6.660s][info ][safepoint     ] Total time for which application threads were stopped: 0.0015430 seconds, Stopping threads took: 0.0003437 seconds
[2023-10-31T08:27:19.508+0000][6.804s][debug][safepoint     ] Safepoint synchronization initiated. (12 threads)
[2023-10-31T08:27:19.509+0000][6.805s][info ][safepoint     ] Application time: 0.1443243 seconds
[2023-10-31T08:27:19.509+0000][6.805s][debug][safepoint     ] Waiting for 1 thread(s) to block
[2023-10-31T08:27:19.510+0000][6.805s][info ][safepoint     ] Entering safepoint region: G1CollectForAllocation
[2023-10-31T08:27:19.510+0000][6.806s][info ][gc,start      ] GC(24) Pause Young (Normal) (G1 Evacuation Pause)
[2023-10-31T08:27:19.510+0000][6.806s][info ][gc,task       ] GC(24) Using 8 workers of 8 for evacuation
[2023-10-31T08:27:19.518+0000][6.814s][info ][gc,phases     ] GC(24)   Pre Evacuate Collection Set: 0.0ms
[2023-10-31T08:27:19.519+0000][6.815s][info ][gc,phases     ] GC(24)   Evacuate Collection Set: 5.3ms
[2023-10-31T08:27:19.519+0000][6.815s][info ][gc,phases     ] GC(24)   Post Evacuate Collection Set: 2.0ms
[2023-10-31T08:27:19.520+0000][6.815s][info ][gc,phases     ] GC(24)   Other: 0.8ms
[2023-10-31T08:27:19.520+0000][6.816s][info ][gc,heap       ] GC(24) Eden regions: 196->0(194)
[2023-10-31T08:27:19.520+0000][6.816s][info ][gc,heap       ] GC(24) Survivor regions: 9->11(26)
[2023-10-31T08:27:19.521+0000][6.816s][info ][gc,heap       ] GC(24) Old regions: 24->25
[2023-10-31T08:27:19.521+0000][6.817s][info ][gc,heap       ] GC(24) Humongous regions: 0->0
[2023-10-31T08:27:19.521+0000][6.817s][info ][gc,metaspace  ] GC(24) Metaspace: 44596K(45904K)->44596K(45904K) NonClass: 39040K(39888K)->39040K(39888K) Class: 5555K(6016K)->5555K(6016K)
[2023-10-31T08:27:19.522+0000][6.817s][info ][gc            ] GC(24) Pause Young (Normal) (G1 Evacuation Pause) 227M->34M(342M) 11.480ms
[2023-10-31T08:27:19.522+0000][6.818s][info ][gc,cpu        ] GC(24) User=0.05s Sys=0.00s Real=0.01s
[2023-10-31T08:27:19.522+0000][6.818s][info ][safepoint     ] Leaving safepoint region
[2023-10-31T08:27:19.523+0000][6.818s][info ][safepoint     ] Total time for which application threads were stopped: 0.0135253 seconds, Stopping threads took: 0.0007801 seconds
[2023-10-31T08:27:19.523+0000][6.819s][info ][gc,stringdedup] Concurrent String Deduplication (6.819s)
[2023-10-31T08:27:19.524+0000][6.820s][info ][gc,stringdedup] Concurrent String Deduplication 91480.0B->28896.0B(62584.0B) avg 43.6% (6.819s, 6.820s) 1.186ms
[2023-10-31T08:27:19.618+0000][6.913s][debug][safepoint     ] Safepoint synchronization initiated. (12 threads)
[2023-10-31T08:27:19.618+0000][6.914s][info ][safepoint     ] Application time: 0.0949522 seconds
[2023-10-31T08:27:19.618+0000][6.914s][info ][safepoint     ] Entering safepoint region: Deoptimize
[2023-10-31T08:27:19.620+0000][6.915s][info ][safepoint     ] Leaving safepoint region
[2023-10-31T08:27:19.620+0000][6.916s][info ][safepoint     ] Total time for which application threads were stopped: 0.0018657 seconds, Stopping threads took: 0.0004076 seconds
[2023-10-31T08:27:19.622+0000][6.918s][debug][safepoint     ] Safepoint synchronization initiated. (12 threads)
[2023-10-31T08:27:19.622+0000][6.918s][info ][safepoint     ] Application time: 0.0015789 seconds
[2023-10-31T08:27:19.623+0000][6.918s][info ][safepoint     ] Entering safepoint region: Deoptimize
[2023-10-31T08:27:19.624+0000][6.920s][info ][safepoint     ] Leaving safepoint region
[2023-10-31T08:27:19.624+0000][6.920s][info ][safepoint     ] Total time for which application threads were stopped: 0.0018911 seconds, Stopping threads took: 0.0004056 seconds
[2023-10-31T08:27:19.774+0000][7.070s][debug][safepoint     ] Safepoint synchronization initiated. (12 threads)
[2023-10-31T08:27:19.775+0000][7.070s][info ][safepoint     ] Application time: 0.1500035 seconds
[2023-10-31T08:27:19.775+0000][7.071s][info ][safepoint     ] Entering safepoint region: Deoptimize
[2023-10-31T08:27:19.777+0000][7.072s][info ][safepoint     ] Leaving safepoint region
[2023-10-31T08:27:19.777+0000][7.073s][info ][safepoint     ] Total time for which application threads were stopped: 0.0016741 seconds, Stopping threads took: 0.0004116 seconds
[2023-10-31T08:27:19.881+0000][7.177s][debug][safepoint     ] Safepoint synchronization initiated. (12 threads)
[2023-10-31T08:27:19.882+0000][7.178s][info ][safepoint     ] Application time: 0.1047553 seconds
[2023-10-31T08:27:19.882+0000][7.178s][info ][safepoint     ] Entering safepoint region: Deoptimize
[2023-10-31T08:27:19.884+0000][7.179s][info ][safepoint     ] Leaving safepoint region
[2023-10-31T08:27:19.884+0000][7.180s][info ][safepoint     ] Total time for which application threads were stopped: 0.0015677 seconds, Stopping threads took: 0.0003891 seconds
[2023-10-31T08:27:20.110+0000][7.406s][debug][safepoint     ] Safepoint synchronization initiated. (12 threads)
[2023-10-31T08:27:20.110+0000][7.406s][info ][safepoint     ] Application time: 0.2261325 seconds
[2023-10-31T08:27:20.111+0000][7.406s][info ][safepoint     ] Entering safepoint region: Deoptimize
[2023-10-31T08:27:20.112+0000][7.408s][info ][safepoint     ] Leaving safepoint region
[2023-10-31T08:27:20.112+0000][7.408s][info ][safepoint     ] Total time for which application threads were stopped: 0.0014825 seconds, Stopping threads took: 0.0003228 seconds
[2023-10-31T08:27:21.113+0000][8.409s][debug][safepoint     ] Safepoint synchronization initiated. (14 threads)
[2023-10-31T08:27:21.114+0000][8.410s][info ][safepoint     ] Application time: 1.0016206 seconds
[2023-10-31T08:27:21.115+0000][8.411s][info ][safepoint     ] Entering safepoint region: Cleanup
[2023-10-31T08:27:21.117+0000][8.412s][info ][safepoint     ] Leaving safepoint region
[2023-10-31T08:27:21.118+0000][8.413s][info ][safepoint     ] Total time for which application threads were stopped: 0.0023728 seconds, Stopping threads took: 0.0009344 seconds
[2023-10-31T08:27:21.166+0000][8.462s][debug][safepoint     ] Safepoint synchronization initiated. (14 threads)
[2023-10-31T08:27:21.166+0000][8.462s][info ][safepoint     ] Application time: 0.0477673 seconds
[2023-10-31T08:27:21.167+0000][8.463s][info ][safepoint     ] Entering safepoint region: Deoptimize
[2023-10-31T08:27:21.168+0000][8.464s][info ][safepoint     ] Leaving safepoint region
[2023-10-31T08:27:21.169+0000][8.464s][info ][safepoint     ] Total time for which application threads were stopped: 0.0017522 seconds, Stopping threads took: 0.0005106 seconds
[2023-10-31T08:27:21.234+0000][8.530s][debug][safepoint     ] Safepoint synchronization initiated. (14 threads)
[2023-10-31T08:27:21.235+0000][8.530s][info ][safepoint     ] Application time: 0.0654571 seconds
[2023-10-31T08:27:21.235+0000][8.531s][info ][safepoint     ] Entering safepoint region: Deoptimize
[2023-10-31T08:27:21.236+0000][8.532s][info ][safepoint     ] Leaving safepoint region
[2023-10-31T08:27:21.237+0000][8.533s][info ][safepoint     ] Total time for which application threads were stopped: 0.0016526 seconds, Stopping threads took: 0.0004730 seconds
[2023-10-31T08:27:21.336+0000][8.631s][debug][safepoint     ] Safepoint synchronization initiated. (14 threads)
[2023-10-31T08:27:21.336+0000][8.632s][info ][safepoint     ] Application time: 0.0988785 seconds
[2023-10-31T08:27:21.336+0000][8.632s][info ][safepoint     ] Entering safepoint region: G1CollectForAllocation
[2023-10-31T08:27:21.337+0000][8.633s][info ][gc,start      ] GC(25) Pause Young (Normal) (G1 Evacuation Pause)
[2023-10-31T08:27:21.337+0000][8.633s][info ][gc,task       ] GC(25) Using 8 workers of 8 for evacuation
[2023-10-31T08:27:21.356+0000][8.652s][info ][gc,phases     ] GC(25)   Pre Evacuate Collection Set: 0.0ms
[2023-10-31T08:27:21.357+0000][8.653s][info ][gc,phases     ] GC(25)   Evacuate Collection Set: 16.1ms
[2023-10-31T08:27:21.357+0000][8.653s][info ][gc,phases     ] GC(25)   Post Evacuate Collection Set: 2.3ms
[2023-10-31T08:27:21.358+0000][8.653s][info ][gc,phases     ] GC(25)   Other: 1.0ms
[2023-10-31T08:27:21.358+0000][8.654s][info ][gc,heap       ] GC(25) Eden regions: 194->0(190)
[2023-10-31T08:27:21.358+0000][8.654s][info ][gc,heap       ] GC(25) Survivor regions: 11->15(26)
[2023-10-31T08:27:21.359+0000][8.654s][info ][gc,heap       ] GC(25) Old regions: 25->26
[2023-10-31T08:27:21.359+0000][8.655s][info ][gc,heap       ] GC(25) Humongous regions: 0->0
[2023-10-31T08:27:21.359+0000][8.655s][info ][gc,metaspace  ] GC(25) Metaspace: 52262K(53584K)->52262K(53584K) NonClass: 45804K(46544K)->45804K(46544K) Class: 6457K(7040K)->6457K(7040K)
[2023-10-31T08:27:21.360+0000][8.655s][info ][gc            ] GC(25) Pause Young (Normal) (G1 Evacuation Pause) 228M->37M(342M) 22.588ms
[2023-10-31T08:27:21.360+0000][8.656s][info ][gc,cpu        ] GC(25) User=0.14s Sys=0.00s Real=0.02s
[2023-10-31T08:27:21.360+0000][8.656s][info ][safepoint     ] Leaving safepoint region
[2023-10-31T08:27:21.361+0000][8.656s][info ][safepoint     ] Total time for which application threads were stopped: 0.0241248 seconds, Stopping threads took: 0.0003269 seconds
[2023-10-31T08:27:21.361+0000][8.657s][info ][gc,stringdedup] Concurrent String Deduplication (8.657s)
[2023-10-31T08:27:21.364+0000][8.659s][info ][gc,stringdedup] Concurrent String Deduplication 307.2K->92008.0B(217.4K) avg 44.5% (8.657s, 8.659s) 2.727ms
[2023-10-31T08:27:21.600+0000][8.896s][debug][safepoint     ] Safepoint synchronization initiated. (14 threads)
[2023-10-31T08:27:21.601+0000][8.897s][info ][safepoint     ] Application time: 0.2403493 seconds
[2023-10-31T08:27:21.602+0000][8.897s][info ][safepoint     ] Entering safepoint region: ICBufferFull
[2023-10-31T08:27:21.602+0000][8.898s][info ][safepoint     ] Leaving safepoint region
[2023-10-31T08:27:21.603+0000][8.898s][info ][safepoint     ] Total time for which application threads were stopped: 0.0010102 seconds, Stopping threads took: 0.0004207 seconds
[2023-10-31T08:27:21.973+0000][9.268s][debug][safepoint     ] Safepoint synchronization initiated. (14 threads)
[2023-10-31T08:27:21.973+0000][9.269s][info ][safepoint     ] Application time: 0.3701493 seconds
[2023-10-31T08:27:21.974+0000][9.269s][info ][safepoint     ] Entering safepoint region: G1CollectForAllocation
[2023-10-31T08:27:21.974+0000][9.270s][info ][gc,start      ] GC(26) Pause Young (Normal) (G1 Evacuation Pause)
[2023-10-31T08:27:21.975+0000][9.270s][info ][gc,task       ] GC(26) Using 8 workers of 8 for evacuation
[2023-10-31T08:27:21.986+0000][9.282s][info ][gc,phases     ] GC(26)   Pre Evacuate Collection Set: 0.0ms
[2023-10-31T08:27:21.986+0000][9.282s][info ][gc,phases     ] GC(26)   Evacuate Collection Set: 8.8ms
[2023-10-31T08:27:21.987+0000][9.282s][info ][gc,phases     ] GC(26)   Post Evacuate Collection Set: 1.8ms
[2023-10-31T08:27:21.987+0000][9.283s][info ][gc,phases     ] GC(26)   Other: 0.9ms
[2023-10-31T08:27:21.987+0000][9.283s][info ][gc,heap       ] GC(26) Eden regions: 190->0(190)
[2023-10-31T08:27:21.988+0000][9.284s][info ][gc,heap       ] GC(26) Survivor regions: 15->15(26)
[2023-10-31T08:27:21.988+0000][9.284s][info ][gc,heap       ] GC(26) Old regions: 26->26
[2023-10-31T08:27:21.988+0000][9.284s][info ][gc,heap       ] GC(26) Humongous regions: 0->0
[2023-10-31T08:27:21.989+0000][9.285s][info ][gc,metaspace  ] GC(26) Metaspace: 55468K(57040K)->55468K(57040K) NonClass: 48608K(49616K)->48608K(49616K) Class: 6860K(7424K)->6860K(7424K)
[2023-10-31T08:27:21.989+0000][9.285s][info ][gc            ] GC(26) Pause Young (Normal) (G1 Evacuation Pause) 227M->38M(342M) 14.770ms
[2023-10-31T08:27:21.990+0000][9.285s][info ][gc,cpu        ] GC(26) User=0.07s Sys=0.00s Real=0.01s
[2023-10-31T08:27:21.990+0000][9.286s][info ][safepoint     ] Leaving safepoint region
[2023-10-31T08:27:21.990+0000][9.286s][info ][safepoint     ] Total time for which application threads were stopped: 0.0165620 seconds, Stopping threads took: 0.0003979 seconds
[2023-10-31T08:27:21.991+0000][9.286s][info ][gc,stringdedup] Concurrent String Deduplication (9.286s)
[2023-10-31T08:27:21.993+0000][9.289s][info ][gc,stringdedup] Concurrent String Deduplication 226.4K->96288.0B(132.4K) avg 44.9% (9.286s, 9.289s) 2.197ms
[2023-10-31T08:27:22.515+0000][9.811s][debug][safepoint     ] Safepoint synchronization initiated. (13 threads)
[2023-10-31T08:27:22.516+0000][9.812s][info ][safepoint     ] Application time: 0.5252961 seconds
[2023-10-31T08:27:22.516+0000][9.812s][info ][safepoint     ] Entering safepoint region: CollectForMetadataAllocation
[2023-10-31T08:27:22.517+0000][9.812s][info ][gc,start      ] GC(27) Pause Young (Concurrent Start) (Metadata GC Threshold)
[2023-10-31T08:27:22.517+0000][9.813s][info ][gc,task       ] GC(27) Using 8 workers of 8 for evacuation
[2023-10-31T08:27:22.529+0000][9.824s][info ][gc,phases     ] GC(27)   Pre Evacuate Collection Set: 0.1ms
[2023-10-31T08:27:22.529+0000][9.825s][info ][gc,phases     ] GC(27)   Evacuate Collection Set: 9.0ms
[2023-10-31T08:27:22.530+0000][9.826s][info ][gc,phases     ] GC(27)   Post Evacuate Collection Set: 2.0ms
[2023-10-31T08:27:22.530+0000][9.826s][info ][gc,phases     ] GC(27)   Other: 0.8ms
[2023-10-31T08:27:22.531+0000][9.827s][info ][gc,heap       ] GC(27) Eden regions: 148->0(190)
[2023-10-31T08:27:22.531+0000][9.827s][info ][gc,heap       ] GC(27) Survivor regions: 15->15(26)
[2023-10-31T08:27:22.532+0000][9.828s][info ][gc,heap       ] GC(27) Old regions: 26->28
[2023-10-31T08:27:22.533+0000][9.828s][info ][gc,heap       ] GC(27) Humongous regions: 0->0
[2023-10-31T08:27:22.533+0000][9.829s][info ][gc,metaspace  ] GC(27) Metaspace: 59095K(60496K)->59095K(60496K) NonClass: 51616K(52432K)->51616K(52432K) Class: 7479K(8064K)->7479K(8064K)
[2023-10-31T08:27:22.533+0000][9.829s][info ][gc            ] GC(27) Pause Young (Concurrent Start) (Metadata GC Threshold) 186M->40M(342M) 16.723ms
[2023-10-31T08:27:22.534+0000][9.829s][info ][gc,cpu        ] GC(27) User=0.06s Sys=0.00s Real=0.02s
[2023-10-31T08:27:22.534+0000][9.830s][info ][safepoint     ] Leaving safepoint region
[2023-10-31T08:27:22.534+0000][9.830s][info ][safepoint     ] Total time for which application threads were stopped: 0.0182192 seconds, Stopping threads took: 0.0003321 seconds
[2023-10-31T08:27:22.534+0000][9.830s][info ][gc            ] GC(28) Concurrent Cycle
[2023-10-31T08:27:22.535+0000][9.831s][info ][gc,marking    ] GC(28) Concurrent Clear Claimed Marks
[2023-10-31T08:27:22.535+0000][9.831s][info ][gc,stringdedup] Concurrent String Deduplication (9.831s)
[2023-10-31T08:27:22.536+0000][9.832s][info ][gc,marking    ] GC(28) Concurrent Clear Claimed Marks 0.638ms
[2023-10-31T08:27:22.536+0000][9.832s][info ][gc,marking    ] GC(28) Concurrent Scan Root Regions
[2023-10-31T08:27:22.538+0000][9.834s][info ][gc,stringdedup] Concurrent String Deduplication 311.4K->142.0K(169.4K) avg 45.2% (9.831s, 9.834s) 3.621ms
[2023-10-31T08:27:22.542+0000][9.838s][info ][gc,marking    ] GC(28) Concurrent Scan Root Regions 5.678ms
[2023-10-31T08:27:22.543+0000][9.838s][info ][gc,marking    ] GC(28) Concurrent Mark (9.838s)
[2023-10-31T08:27:22.543+0000][9.839s][info ][gc,marking    ] GC(28) Concurrent Mark From Roots
[2023-10-31T08:27:22.544+0000][9.839s][info ][gc,task       ] GC(28) Using 2 workers of 2 for marking
[2023-10-31T08:27:22.554+0000][9.850s][debug][safepoint     ] Safepoint synchronization initiated. (12 threads)
[2023-10-31T08:27:22.555+0000][9.851s][info ][safepoint     ] Application time: 0.0200322 seconds
[2023-10-31T08:27:22.555+0000][9.851s][info ][safepoint     ] Entering safepoint region: CollectForMetadataAllocation
[2023-10-31T08:27:22.556+0000][9.852s][info ][safepoint     ] Leaving safepoint region
[2023-10-31T08:27:22.557+0000][9.852s][info ][safepoint     ] Total time for which application threads were stopped: 0.0013802 seconds, Stopping threads took: 0.0005243 seconds
[2023-10-31T08:27:22.567+0000][9.862s][info ][gc,marking    ] GC(28) Concurrent Mark From Roots 23.383ms
[2023-10-31T08:27:22.567+0000][9.863s][info ][gc,marking    ] GC(28) Concurrent Preclean
[2023-10-31T08:27:22.568+0000][9.864s][info ][gc,marking    ] GC(28) Concurrent Preclean 0.576ms
[2023-10-31T08:27:22.568+0000][9.864s][info ][gc,marking    ] GC(28) Concurrent Mark (9.838s, 9.864s) 25.715ms
[2023-10-31T08:27:22.569+0000][9.865s][debug][safepoint     ] Safepoint synchronization initiated. (12 threads)
[2023-10-31T08:27:22.570+0000][9.865s][info ][safepoint     ] Application time: 0.0124887 seconds
[2023-10-31T08:27:22.570+0000][9.866s][debug][safepoint     ] ... found polling page return exception at pc = 0x00007f62e82caf72, stub =0x00007f62e0840600
[2023-10-31T08:27:22.572+0000][9.868s][debug][safepoint     ] Waiting for 1 thread(s) to block
[2023-10-31T08:27:22.573+0000][9.869s][info ][safepoint     ] Entering safepoint region: CGC_Operation
[2023-10-31T08:27:22.574+0000][9.869s][info ][gc,start      ] GC(28) Pause Remark
[2023-10-31T08:27:22.580+0000][9.876s][info ][gc,stringtable] GC(28) Cleaned string and symbol table, strings: 23504 processed, 1 removed, symbols: 192932 processed, 186 removed
[2023-10-31T08:27:22.581+0000][9.877s][info ][gc            ] GC(28) Pause Remark 48M->48M(342M) 7.248ms
[2023-10-31T08:27:22.582+0000][9.877s][info ][gc,cpu        ] GC(28) User=0.04s Sys=0.00s Real=0.00s
[2023-10-31T08:27:22.582+0000][9.878s][info ][safepoint     ] Leaving safepoint region
[2023-10-31T08:27:22.583+0000][9.879s][info ][safepoint     ] Total time for which application threads were stopped: 0.0126996 seconds, Stopping threads took: 0.0033591 seconds
[2023-10-31T08:27:22.583+0000][9.879s][info ][gc,marking    ] GC(28) Concurrent Rebuild Remembered Sets
[2023-10-31T08:27:22.595+0000][9.891s][info ][gc,marking    ] GC(28) Concurrent Rebuild Remembered Sets 11.476ms
[2023-10-31T08:27:22.596+0000][9.891s][debug][safepoint     ] Safepoint synchronization initiated. (12 threads)
[2023-10-31T08:27:22.596+0000][9.892s][info ][safepoint     ] Application time: 0.0130272 seconds
[2023-10-31T08:27:22.597+0000][9.893s][info ][safepoint     ] Entering safepoint region: CGC_Operation
[2023-10-31T08:27:22.598+0000][9.893s][info ][gc,start      ] GC(28) Pause Cleanup
[2023-10-31T08:27:22.598+0000][9.894s][info ][gc            ] GC(28) Pause Cleanup 50M->50M(342M) 0.708ms
[2023-10-31T08:27:22.599+0000][9.895s][info ][gc,cpu        ] GC(28) User=0.00s Sys=0.00s Real=0.00s
[2023-10-31T08:27:22.599+0000][9.895s][info ][safepoint     ] Leaving safepoint region
[2023-10-31T08:27:22.600+0000][9.896s][info ][safepoint     ] Total time for which application threads were stopped: 0.0028919 seconds, Stopping threads took: 0.0005764 seconds
[2023-10-31T08:27:22.600+0000][9.896s][info ][gc,marking    ] GC(28) Concurrent Cleanup for Next Mark
[2023-10-31T08:27:22.604+0000][9.900s][info ][gc,marking    ] GC(28) Concurrent Cleanup for Next Mark 3.825ms
[2023-10-31T08:27:22.605+0000][9.900s][info ][gc            ] GC(28) Concurrent Cycle 70.488ms
[2023-10-31T08:27:23.100+0000][10.396s][debug][safepoint     ] Safepoint synchronization initiated. (16 threads)
[2023-10-31T08:27:23.101+0000][10.396s][info ][safepoint     ] Application time: 0.5002615 seconds
[2023-10-31T08:27:23.101+0000][10.397s][debug][safepoint     ] Waiting for 1 thread(s) to block
[2023-10-31T08:27:23.102+0000][10.397s][info ][safepoint     ] Entering safepoint region: ICBufferFull
[2023-10-31T08:27:23.105+0000][10.400s][info ][safepoint     ] Leaving safepoint region
[2023-10-31T08:27:23.105+0000][10.401s][info ][safepoint     ] Total time for which application threads were stopped: 0.0041847 seconds, Stopping threads took: 0.0009992 seconds
[2023-10-31T08:27:23.237+0000][10.533s][debug][safepoint     ] Safepoint synchronization initiated. (16 threads)
[2023-10-31T08:27:23.238+0000][10.534s][info ][safepoint     ] Application time: 0.1320712 seconds
[2023-10-31T08:27:23.238+0000][10.534s][info ][safepoint     ] Entering safepoint region: Deoptimize
[2023-10-31T08:27:23.240+0000][10.536s][info ][safepoint     ] Leaving safepoint region
[2023-10-31T08:27:23.241+0000][10.536s][info ][safepoint     ] Total time for which application threads were stopped: 0.0023898 seconds, Stopping threads took: 0.0004164 seconds
[2023-10-31T08:27:23.424+0000][10.719s][debug][safepoint     ] Safepoint synchronization initiated. (16 threads)
[2023-10-31T08:27:23.424+0000][10.720s][info ][safepoint     ] Application time: 0.1830674 seconds
[2023-10-31T08:27:23.425+0000][10.721s][info ][safepoint     ] Entering safepoint region: G1CollectForAllocation
[2023-10-31T08:27:23.426+0000][10.721s][info ][gc,start      ] GC(29) Pause Young (Concurrent Start) (G1 Evacuation Pause)
[2023-10-31T08:27:23.426+0000][10.722s][info ][gc,task       ] GC(29) Using 8 workers of 8 for evacuation
[2023-10-31T08:27:23.468+0000][10.764s][info ][gc,phases     ] GC(29)   Pre Evacuate Collection Set: 0.3ms
[2023-10-31T08:27:23.469+0000][10.764s][info ][gc,phases     ] GC(29)   Evacuate Collection Set: 37.8ms
[2023-10-31T08:27:23.469+0000][10.765s][info ][gc,phases     ] GC(29)   Post Evacuate Collection Set: 2.8ms
[2023-10-31T08:27:23.470+0000][10.765s][info ][gc,phases     ] GC(29)   Other: 1.6ms
[2023-10-31T08:27:23.470+0000][10.766s][info ][gc,heap       ] GC(29) Eden regions: 190->0(188)
[2023-10-31T08:27:23.470+0000][10.766s][info ][gc,heap       ] GC(29) Survivor regions: 15->17(26)
[2023-10-31T08:27:23.471+0000][10.766s][info ][gc,heap       ] GC(29) Old regions: 28->28
[2023-10-31T08:27:23.471+0000][10.767s][info ][gc,heap       ] GC(29) Humongous regions: 0->0
[2023-10-31T08:27:23.472+0000][10.767s][info ][gc,metaspace  ] GC(29) Metaspace: 64974K(66640K)->64974K(66640K) NonClass: 56718K(57808K)->56718K(57808K) Class: 8256K(8832K)->8256K(8832K)
[2023-10-31T08:27:23.472+0000][10.768s][info ][gc            ] GC(29) Pause Young (Concurrent Start) (G1 Evacuation Pause) 230M->43M(342M) 46.556ms
[2023-10-31T08:27:23.473+0000][10.768s][info ][gc,cpu        ] GC(29) User=0.25s Sys=0.00s Real=0.04s
[2023-10-31T08:27:23.473+0000][10.769s][info ][safepoint     ] Leaving safepoint region
[2023-10-31T08:27:23.474+0000][10.769s][info ][safepoint     ] Total time for which application threads were stopped: 0.0490623 seconds, Stopping threads took: 0.0006405 seconds
[2023-10-31T08:27:23.473+0000][10.769s][info ][gc            ] GC(30) Concurrent Cycle
[2023-10-31T08:27:23.474+0000][10.770s][info ][gc,stringdedup] Concurrent String Deduplication (10.770s)
[2023-10-31T08:27:23.475+0000][10.771s][info ][gc,marking    ] GC(30) Concurrent Clear Claimed Marks
[2023-10-31T08:27:23.477+0000][10.773s][info ][gc,marking    ] GC(30) Concurrent Clear Claimed Marks 2.141ms
[2023-10-31T08:27:23.478+0000][10.773s][info ][gc,marking    ] GC(30) Concurrent Scan Root Regions
[2023-10-31T08:27:23.478+0000][10.774s][info ][gc,stringdedup] Concurrent String Deduplication 150.2K->43896.0B(107.3K) avg 45.6% (10.770s, 10.774s) 3.517ms
[2023-10-31T08:27:23.489+0000][10.785s][info ][gc,marking    ] GC(30) Concurrent Scan Root Regions 11.627ms
[2023-10-31T08:27:23.490+0000][10.786s][info ][gc,marking    ] GC(30) Concurrent Mark (10.786s)
[2023-10-31T08:27:23.490+0000][10.786s][info ][gc,marking    ] GC(30) Concurrent Mark From Roots
[2023-10-31T08:27:23.491+0000][10.787s][info ][gc,task       ] GC(30) Using 2 workers of 2 for marking
[2023-10-31T08:27:23.531+0000][10.827s][info ][gc,marking    ] GC(30) Concurrent Mark From Roots 40.367ms
[2023-10-31T08:27:23.531+0000][10.827s][info ][gc,marking    ] GC(30) Concurrent Preclean
[2023-10-31T08:27:23.532+0000][10.828s][info ][gc,marking    ] GC(30) Concurrent Preclean 0.707ms
[2023-10-31T08:27:23.533+0000][10.828s][info ][gc,marking    ] GC(30) Concurrent Mark (10.786s, 10.828s) 42.667ms
[2023-10-31T08:27:23.533+0000][10.829s][debug][safepoint     ] Safepoint synchronization initiated. (16 threads)
[2023-10-31T08:27:23.534+0000][10.830s][info ][safepoint     ] Application time: 0.0596353 seconds
[2023-10-31T08:27:23.535+0000][10.830s][debug][safepoint     ] ... found polling page loop exception at pc = 0x00007f62e844e665, stub =0x00007f62e0843680
[2023-10-31T08:27:23.535+0000][10.831s][debug][safepoint     ] Waiting for 1 thread(s) to block
[2023-10-31T08:27:23.536+0000][10.831s][info ][safepoint     ] Entering safepoint region: CGC_Operation
[2023-10-31T08:27:23.536+0000][10.832s][info ][gc,start      ] GC(30) Pause Remark
[2023-10-31T08:27:23.546+0000][10.841s][info ][gc,stringtable] GC(30) Cleaned string and symbol table, strings: 26177 processed, 0 removed, symbols: 207919 processed, 20 removed
[2023-10-31T08:27:23.547+0000][10.842s][info ][gc            ] GC(30) Pause Remark 52M->52M(342M) 10.133ms
[2023-10-31T08:27:23.547+0000][10.843s][info ][gc,cpu        ] GC(30) User=0.07s Sys=0.00s Real=0.01s
[2023-10-31T08:27:23.547+0000][10.843s][info ][safepoint     ] Leaving safepoint region
[2023-10-31T08:27:23.548+0000][10.844s][info ][safepoint     ] Total time for which application threads were stopped: 0.0132030 seconds, Stopping threads took: 0.0015565 seconds
[2023-10-31T08:27:23.548+0000][10.844s][info ][gc,marking    ] GC(30) Concurrent Rebuild Remembered Sets
[2023-10-31T08:27:23.571+0000][10.867s][info ][gc,marking    ] GC(30) Concurrent Rebuild Remembered Sets 22.839ms
[2023-10-31T08:27:23.572+0000][10.867s][debug][safepoint     ] Safepoint synchronization initiated. (16 threads)
[2023-10-31T08:27:23.572+0000][10.868s][info ][safepoint     ] Application time: 0.0240100 seconds
[2023-10-31T08:27:23.573+0000][10.869s][debug][safepoint     ] ... found polling page loop exception at pc = 0x00007f62e84725b5, stub =0x00007f62e0843680
[2023-10-31T08:27:23.573+0000][10.869s][debug][safepoint     ] Waiting for 1 thread(s) to block
[2023-10-31T08:27:23.574+0000][10.870s][info ][safepoint     ] Entering safepoint region: CGC_Operation
[2023-10-31T08:27:23.575+0000][10.870s][info ][gc,start      ] GC(30) Pause Cleanup
[2023-10-31T08:27:23.575+0000][10.871s][info ][gc            ] GC(30) Pause Cleanup 55M->55M(342M) 0.714ms
[2023-10-31T08:27:23.576+0000][10.872s][info ][gc,cpu        ] GC(30) User=0.00s Sys=0.00s Real=0.00s
[2023-10-31T08:27:23.577+0000][10.872s][info ][safepoint     ] Leaving safepoint region
[2023-10-31T08:27:23.577+0000][10.873s][info ][safepoint     ] Total time for which application threads were stopped: 0.0042783 seconds, Stopping threads took: 0.0017403 seconds
[2023-10-31T08:27:23.578+0000][10.873s][info ][gc,marking    ] GC(30) Concurrent Cleanup for Next Mark
[2023-10-31T08:27:23.580+0000][10.876s][info ][gc,marking    ] GC(30) Concurrent Cleanup for Next Mark 2.296ms
[2023-10-31T08:27:23.581+0000][10.876s][info ][gc            ] GC(30) Concurrent Cycle 107.367ms
[2023-10-31T08:27:24.267+0000][11.562s][debug][safepoint     ] Safepoint synchronization initiated. (16 threads)
[2023-10-31T08:27:24.267+0000][11.563s][info ][safepoint     ] Application time: 0.6897777 seconds
[2023-10-31T08:27:24.268+0000][11.564s][info ][safepoint     ] Entering safepoint region: ICBufferFull
[2023-10-31T08:27:24.269+0000][11.565s][info ][safepoint     ] Leaving safepoint region
[2023-10-31T08:27:24.270+0000][11.565s][info ][safepoint     ] Total time for which application threads were stopped: 0.0015431 seconds, Stopping threads took: 0.0006175 seconds
[2023-10-31T08:27:24.925+0000][12.221s][debug][safepoint     ] Safepoint synchronization initiated. (16 threads)
[2023-10-31T08:27:24.926+0000][12.222s][info ][safepoint     ] Application time: 0.6555673 seconds
[2023-10-31T08:27:24.926+0000][12.222s][info ][safepoint     ] Entering safepoint region: G1CollectForAllocation
[2023-10-31T08:27:24.927+0000][12.223s][info ][gc,start      ] GC(31) Pause Young (Normal) (G1 Evacuation Pause)
[2023-10-31T08:27:24.928+0000][12.223s][info ][gc,task       ] GC(31) Using 8 workers of 8 for evacuation
[2023-10-31T08:27:24.947+0000][12.242s][info ][gc,phases     ] GC(31)   Pre Evacuate Collection Set: 0.0ms
[2023-10-31T08:27:24.947+0000][12.243s][info ][gc,phases     ] GC(31)   Evacuate Collection Set: 15.2ms
[2023-10-31T08:27:24.948+0000][12.243s][info ][gc,phases     ] GC(31)   Post Evacuate Collection Set: 3.0ms
[2023-10-31T08:27:24.948+0000][12.244s][info ][gc,phases     ] GC(31)   Other: 1.4ms
[2023-10-31T08:27:24.949+0000][12.245s][info ][gc,heap       ] GC(31) Eden regions: 188->0(229)
[2023-10-31T08:27:24.950+0000][12.245s][info ][gc,heap       ] GC(31) Survivor regions: 17->15(26)
[2023-10-31T08:27:24.950+0000][12.246s][info ][gc,heap       ] GC(31) Old regions: 28->31
[2023-10-31T08:27:24.951+0000][12.247s][info ][gc,heap       ] GC(31) Humongous regions: 0->0
[2023-10-31T08:27:24.951+0000][12.247s][info ][gc,metaspace  ] GC(31) Metaspace: 68342K(69968K)->68342K(69968K) NonClass: 59559K(60624K)->59559K(60624K) Class: 8782K(9344K)->8782K(9344K)
[2023-10-31T08:27:24.952+0000][12.248s][info ][gc            ] GC(31) Pause Young (Normal) (G1 Evacuation Pause) 231M->44M(407M) 24.885ms
[2023-10-31T08:27:24.952+0000][12.248s][info ][gc,cpu        ] GC(31) User=0.11s Sys=0.02s Real=0.02s
[2023-10-31T08:27:24.953+0000][12.249s][info ][safepoint     ] Leaving safepoint region
[2023-10-31T08:27:24.953+0000][12.249s][info ][safepoint     ] Total time for which application threads were stopped: 0.0271509 seconds, Stopping threads took: 0.0004487 seconds
[2023-10-31T08:27:24.954+0000][12.250s][info ][gc,stringdedup] Concurrent String Deduplication (12.250s)
[2023-10-31T08:27:24.956+0000][12.251s][info ][gc,stringdedup] Concurrent String Deduplication 75240.0B->18808.0B(56432.0B) avg 45.8% (12.250s, 12.251s) 1.465ms
[2023-10-31T08:27:25.124+0000][12.420s][debug][safepoint     ] Safepoint synchronization initiated. (16 threads)
[2023-10-31T08:27:25.125+0000][12.421s][info ][safepoint     ] Application time: 0.1709365 seconds
[2023-10-31T08:27:25.126+0000][12.421s][debug][safepoint     ] Waiting for 1 thread(s) to block
[2023-10-31T08:27:25.126+0000][12.422s][info ][safepoint     ] Entering safepoint region: ICBufferFull
[2023-10-31T08:27:25.127+0000][12.423s][info ][safepoint     ] Leaving safepoint region
[2023-10-31T08:27:25.127+0000][12.423s][info ][safepoint     ] Total time for which application threads were stopped: 0.0017522 seconds, Stopping threads took: 0.0011543 seconds
[2023-10-31T08:27:25.236+0000][12.532s][debug][safepoint     ] Safepoint synchronization initiated. (16 threads)
[2023-10-31T08:27:25.237+0000][12.533s][info ][safepoint     ] Application time: 0.1094887 seconds
[2023-10-31T08:27:25.238+0000][12.534s][info ][safepoint     ] Entering safepoint region: ICBufferFull
[2023-10-31T08:27:25.239+0000][12.535s][info ][safepoint     ] Leaving safepoint region
[2023-10-31T08:27:25.240+0000][12.536s][info ][safepoint     ] Total time for which application threads were stopped: 0.0018891 seconds, Stopping threads took: 0.0006323 seconds
[2023-10-31T08:27:25.394+0000][12.690s][debug][safepoint     ] Safepoint synchronization initiated. (16 threads)
[2023-10-31T08:27:25.395+0000][12.691s][info ][safepoint     ] Application time: 0.1545734 seconds
[2023-10-31T08:27:25.396+0000][12.691s][info ][safepoint     ] Entering safepoint region: ICBufferFull
[2023-10-31T08:27:25.396+0000][12.692s][info ][safepoint     ] Leaving safepoint region
[2023-10-31T08:27:25.397+0000][12.693s][info ][safepoint     ] Total time for which application threads were stopped: 0.0012841 seconds, Stopping threads took: 0.0004868 seconds
[2023-10-31T08:27:25.530+0000][12.826s][debug][safepoint     ] Safepoint synchronization initiated. (17 threads)
[2023-10-31T08:27:25.531+0000][12.826s][info ][safepoint     ] Application time: 0.1328318 seconds
[2023-10-31T08:27:25.532+0000][12.827s][info ][safepoint     ] Entering safepoint region: ICBufferFull
[2023-10-31T08:27:25.532+0000][12.828s][info ][safepoint     ] Leaving safepoint region
[2023-10-31T08:27:25.533+0000][12.829s][info ][safepoint     ] Total time for which application threads were stopped: 0.0013693 seconds, Stopping threads took: 0.0005735 seconds
[2023-10-31T08:27:25.673+0000][12.969s][debug][safepoint     ] Safepoint synchronization initiated. (17 threads)
[2023-10-31T08:27:25.674+0000][12.970s][info ][safepoint     ] Application time: 0.1403855 seconds
[2023-10-31T08:27:25.674+0000][12.970s][info ][safepoint     ] Entering safepoint region: ICBufferFull
[2023-10-31T08:27:25.675+0000][12.971s][info ][safepoint     ] Leaving safepoint region
[2023-10-31T08:27:25.676+0000][12.971s][info ][safepoint     ] Total time for which application threads were stopped: 0.0014009 seconds, Stopping threads took: 0.0005144 seconds
[2023-10-31T08:27:26.368+0000][13.664s][debug][safepoint     ] Safepoint synchronization initiated. (17 threads)
[2023-10-31T08:27:26.368+0000][13.664s][info ][safepoint     ] Application time: 0.6921830 seconds
[2023-10-31T08:27:26.369+0000][13.665s][info ][safepoint     ] Entering safepoint region: ICBufferFull
[2023-10-31T08:27:26.370+0000][13.666s][info ][safepoint     ] Leaving safepoint region
[2023-10-31T08:27:26.371+0000][13.666s][info ][safepoint     ] Total time for which application threads were stopped: 0.0015963 seconds, Stopping threads took: 0.0006953 seconds
[2023-10-31T08:27:26.550+0000][13.846s][debug][safepoint     ] Safepoint synchronization initiated. (17 threads)
[2023-10-31T08:27:26.551+0000][13.847s][info ][safepoint     ] Application time: 0.1801263 seconds
[2023-10-31T08:27:26.552+0000][13.848s][info ][safepoint     ] Entering safepoint region: Deoptimize
[2023-10-31T08:27:26.554+0000][13.850s][info ][safepoint     ] Leaving safepoint region
[2023-10-31T08:27:26.555+0000][13.851s][info ][safepoint     ] Total time for which application threads were stopped: 0.0027262 seconds, Stopping threads took: 0.0005700 seconds
[2023-10-31T08:27:26.558+0000][13.854s][debug][safepoint     ] Safepoint synchronization initiated. (17 threads)
[2023-10-31T08:27:26.559+0000][13.854s][info ][safepoint     ] Application time: 0.0026539 seconds
[2023-10-31T08:27:26.559+0000][13.855s][info ][safepoint     ] Entering safepoint region: Deoptimize
[2023-10-31T08:27:26.562+0000][13.857s][info ][safepoint     ] Leaving safepoint region
[2023-10-31T08:27:26.562+0000][13.858s][info ][safepoint     ] Total time for which application threads were stopped: 0.0029076 seconds, Stopping threads took: 0.0006408 seconds
[2023-10-31T08:27:26.592+0000][13.888s][debug][safepoint     ] Safepoint synchronization initiated. (17 threads)
[2023-10-31T08:27:26.593+0000][13.888s][info ][safepoint     ] Application time: 0.0299503 seconds
[2023-10-31T08:27:26.593+0000][13.889s][info ][safepoint     ] Entering safepoint region: G1CollectForAllocation
[2023-10-31T08:27:26.594+0000][13.890s][info ][gc,start      ] GC(32) Pause Young (Normal) (G1 Evacuation Pause)
[2023-10-31T08:27:26.594+0000][13.890s][info ][gc,task       ] GC(32) Using 8 workers of 8 for evacuation
[2023-10-31T08:27:26.615+0000][13.911s][info ][gc,phases     ] GC(32)   Pre Evacuate Collection Set: 0.0ms
[2023-10-31T08:27:26.615+0000][13.911s][info ][gc,phases     ] GC(32)   Evacuate Collection Set: 16.6ms
[2023-10-31T08:27:26.616+0000][13.912s][info ][gc,phases     ] GC(32)   Post Evacuate Collection Set: 3.2ms
[2023-10-31T08:27:26.617+0000][13.912s][info ][gc,phases     ] GC(32)   Other: 1.1ms
[2023-10-31T08:27:26.617+0000][13.913s][info ][gc,heap       ] GC(32) Eden regions: 229->0(228)
[2023-10-31T08:27:26.618+0000][13.913s][info ][gc,heap       ] GC(32) Survivor regions: 15->16(31)
[2023-10-31T08:27:26.618+0000][13.914s][info ][gc,heap       ] GC(32) Old regions: 31->31
[2023-10-31T08:27:26.619+0000][13.914s][info ][gc,heap       ] GC(32) Humongous regions: 0->0
[2023-10-31T08:27:26.619+0000][13.915s][info ][gc,metaspace  ] GC(32) Metaspace: 72058K(74064K)->72058K(74064K) NonClass: 62863K(64208K)->62863K(64208K) Class: 9194K(9856K)->9194K(9856K)
[2023-10-31T08:27:26.620+0000][13.916s][info ][gc            ] GC(32) Pause Young (Normal) (G1 Evacuation Pause) 273M->45M(407M) 26.122ms
[2023-10-31T08:27:26.621+0000][13.916s][info ][gc,cpu        ] GC(32) User=0.15s Sys=0.00s Real=0.02s
[2023-10-31T08:27:26.621+0000][13.917s][info ][safepoint     ] Leaving safepoint region
[2023-10-31T08:27:26.622+0000][13.918s][info ][safepoint     ] Total time for which application threads were stopped: 0.0287155 seconds, Stopping threads took: 0.0005384 seconds
[2023-10-31T08:27:26.623+0000][13.919s][info ][gc,stringdedup] Concurrent String Deduplication (13.919s)
[2023-10-31T08:27:26.628+0000][13.923s][info ][gc,stringdedup] Concurrent String Deduplication 156.8K->54672.0B(103.4K) avg 46.1% (13.919s, 13.923s) 4.356ms
[2023-10-31T08:27:26.998+0000][14.294s][debug][safepoint     ] Safepoint synchronization initiated. (17 threads)
[2023-10-31T08:27:26.999+0000][14.295s][info ][safepoint     ] Application time: 0.3760820 seconds
[2023-10-31T08:27:26.999+0000][14.295s][info ][safepoint     ] Entering safepoint region: Deoptimize
[2023-10-31T08:27:27.002+0000][14.297s][info ][safepoint     ] Leaving safepoint region
[2023-10-31T08:27:27.002+0000][14.298s][info ][safepoint     ] Total time for which application threads were stopped: 0.0029352 seconds, Stopping threads took: 0.0005435 seconds
[2023-10-31T08:27:27.264+0000][14.559s][debug][safepoint     ] Safepoint synchronization initiated. (17 threads)
[2023-10-31T08:27:27.264+0000][14.560s][info ][safepoint     ] Application time: 0.2612451 seconds
[2023-10-31T08:27:27.265+0000][14.560s][info ][safepoint     ] Entering safepoint region: Deoptimize
[2023-10-31T08:27:27.266+0000][14.562s][info ][safepoint     ] Leaving safepoint region
[2023-10-31T08:27:27.267+0000][14.562s][info ][safepoint     ] Total time for which application threads were stopped: 0.0019434 seconds, Stopping threads took: 0.0003872 seconds
[2023-10-31T08:27:27.376+0000][14.671s][debug][safepoint     ] Safepoint synchronization initiated. (17 threads)
[2023-10-31T08:27:27.376+0000][14.672s][info ][safepoint     ] Application time: 0.1093098 seconds
[2023-10-31T08:27:27.377+0000][14.673s][info ][safepoint     ] Entering safepoint region: Deoptimize
[2023-10-31T08:27:27.379+0000][14.674s][info ][safepoint     ] Leaving safepoint region
[2023-10-31T08:27:27.379+0000][14.675s][info ][safepoint     ] Total time for which application threads were stopped: 0.0021165 seconds, Stopping threads took: 0.0004507 seconds
[2023-10-31T08:27:27.696+0000][14.991s][debug][safepoint     ] Safepoint synchronization initiated. (17 threads)
[2023-10-31T08:27:27.696+0000][14.992s][info ][safepoint     ] Application time: 0.3166378 seconds
[2023-10-31T08:27:27.697+0000][14.992s][info ][safepoint     ] Entering safepoint region: ICBufferFull
[2023-10-31T08:27:27.697+0000][14.993s][info ][safepoint     ] Leaving safepoint region
[2023-10-31T08:27:27.698+0000][14.994s][info ][safepoint     ] Total time for which application threads were stopped: 0.0012590 seconds, Stopping threads took: 0.0005376 seconds
[2023-10-31T08:27:27.910+0000][15.207s][debug][safepoint     ] Safepoint synchronization initiated. (17 threads)
[2023-10-31T08:27:27.911+0000][15.208s][info ][safepoint     ] Application time: 0.2134540 seconds
[2023-10-31T08:27:27.911+0000][15.208s][info ][safepoint     ] Entering safepoint region: ICBufferFull
[2023-10-31T08:27:27.912+0000][15.209s][info ][safepoint     ] Leaving safepoint region
[2023-10-31T08:27:27.913+0000][15.209s][info ][safepoint     ] Total time for which application threads were stopped: 0.0012553 seconds, Stopping threads took: 0.0004194 seconds
[2023-10-31T08:27:28.230+0000][15.527s][debug][safepoint     ] Safepoint synchronization initiated. (17 threads)
[2023-10-31T08:27:28.231+0000][15.527s][info ][safepoint     ] Application time: 0.3177425 seconds
[2023-10-31T08:27:28.231+0000][15.528s][info ][safepoint     ] Entering safepoint region: G1CollectForAllocation
[2023-10-31T08:27:28.232+0000][15.528s][info ][gc,start      ] GC(33) Pause Young (Normal) (G1 Evacuation Pause)
[2023-10-31T08:27:28.232+0000][15.529s][info ][gc,task       ] GC(33) Using 8 workers of 8 for evacuation
[2023-10-31T08:27:28.251+0000][15.548s][info ][gc,phases     ] GC(33)   Pre Evacuate Collection Set: 0.0ms
[2023-10-31T08:27:28.251+0000][15.548s][info ][gc,phases     ] GC(33)   Evacuate Collection Set: 15.8ms
[2023-10-31T08:27:28.252+0000][15.549s][info ][gc,phases     ] GC(33)   Post Evacuate Collection Set: 2.4ms
[2023-10-31T08:27:28.252+0000][15.549s][info ][gc,phases     ] GC(33)   Other: 0.9ms
[2023-10-31T08:27:28.253+0000][15.549s][info ][gc,heap       ] GC(33) Eden regions: 228->0(224)
[2023-10-31T08:27:28.253+0000][15.550s][info ][gc,heap       ] GC(33) Survivor regions: 16->20(31)
[2023-10-31T08:27:28.254+0000][15.550s][info ][gc,heap       ] GC(33) Old regions: 31->31
[2023-10-31T08:27:28.254+0000][15.551s][info ][gc,heap       ] GC(33) Humongous regions: 0->0
[2023-10-31T08:27:28.254+0000][15.551s][info ][gc,metaspace  ] GC(33) Metaspace: 77648K(79696K)->77648K(79696K) NonClass: 67804K(69072K)->67804K(69072K) Class: 9844K(10624K)->9844K(10624K)
[2023-10-31T08:27:28.255+0000][15.551s][info ][gc            ] GC(33) Pause Young (Normal) (G1 Evacuation Pause) 273M->48M(407M) 22.924ms
[2023-10-31T08:27:28.255+0000][15.552s][info ][gc,cpu        ] GC(33) User=0.16s Sys=0.01s Real=0.03s
[2023-10-31T08:27:28.256+0000][15.552s][info ][safepoint     ] Leaving safepoint region
[2023-10-31T08:27:28.256+0000][15.553s][info ][safepoint     ] Total time for which application threads were stopped: 0.0247642 seconds, Stopping threads took: 0.0003886 seconds
[2023-10-31T08:27:28.256+0000][15.553s][info ][gc,stringdedup] Concurrent String Deduplication (15.553s)
[2023-10-31T08:27:28.258+0000][15.555s][info ][gc,stringdedup] Concurrent String Deduplication 188.5K->44536.0B(145.1K) avg 46.7% (15.553s, 15.555s) 2.131ms
[2023-10-31T08:27:28.896+0000][16.192s][debug][safepoint     ] Safepoint synchronization initiated. (17 threads)
[2023-10-31T08:27:28.896+0000][16.193s][info ][safepoint     ] Application time: 0.6401462 seconds
[2023-10-31T08:27:28.897+0000][16.194s][info ][safepoint     ] Entering safepoint region: ICBufferFull
[2023-10-31T08:27:28.898+0000][16.195s][info ][safepoint     ] Leaving safepoint region
[2023-10-31T08:27:28.899+0000][16.195s][info ][safepoint     ] Total time for which application threads were stopped: 0.0018485 seconds, Stopping threads took: 0.0007623 seconds
[2023-10-31T08:27:29.481+0000][16.777s][debug][safepoint     ] Safepoint synchronization initiated. (17 threads)
[2023-10-31T08:27:29.481+0000][16.778s][info ][safepoint     ] Application time: 0.5820215 seconds
[2023-10-31T08:27:29.482+0000][16.778s][info ][safepoint     ] Entering safepoint region: ICBufferFull
[2023-10-31T08:27:29.483+0000][16.779s][info ][safepoint     ] Leaving safepoint region
[2023-10-31T08:27:29.483+0000][16.780s][info ][safepoint     ] Total time for which application threads were stopped: 0.0011720 seconds, Stopping threads took: 0.0004662 seconds
[2023-10-31T08:27:29.776+0000][17.073s][debug][safepoint     ] Safepoint synchronization initiated. (17 threads)
[2023-10-31T08:27:29.777+0000][17.074s][info ][safepoint     ] Application time: 0.2935236 seconds
[2023-10-31T08:27:29.777+0000][17.074s][info ][safepoint     ] Entering safepoint region: G1CollectForAllocation
[2023-10-31T08:27:29.778+0000][17.075s][info ][gc,start      ] GC(34) Pause Young (Normal) (G1 Evacuation Pause)
[2023-10-31T08:27:29.778+0000][17.075s][info ][gc,task       ] GC(34) Using 8 workers of 8 for evacuation
[2023-10-31T08:27:29.800+0000][17.097s][info ][gc,phases     ] GC(34)   Pre Evacuate Collection Set: 0.0ms
[2023-10-31T08:27:29.801+0000][17.097s][info ][gc,phases     ] GC(34)   Evacuate Collection Set: 19.1ms
[2023-10-31T08:27:29.801+0000][17.098s][info ][gc,phases     ] GC(34)   Post Evacuate Collection Set: 2.3ms
[2023-10-31T08:27:29.802+0000][17.098s][info ][gc,phases     ] GC(34)   Other: 0.9ms
[2023-10-31T08:27:29.802+0000][17.099s][info ][gc,heap       ] GC(34) Eden regions: 224->0(221)
[2023-10-31T08:27:29.802+0000][17.099s][info ][gc,heap       ] GC(34) Survivor regions: 20->23(31)
[2023-10-31T08:27:29.803+0000][17.100s][info ][gc,heap       ] GC(34) Old regions: 31->35
[2023-10-31T08:27:29.803+0000][17.100s][info ][gc,heap       ] GC(34) Humongous regions: 0->0
[2023-10-31T08:27:29.804+0000][17.100s][info ][gc,metaspace  ] GC(34) Metaspace: 79925K(82128K)->79925K(82128K) NonClass: 69976K(71376K)->69976K(71376K) Class: 9948K(10752K)->9948K(10752K)
[2023-10-31T08:27:29.804+0000][17.101s][info ][gc            ] GC(34) Pause Young (Normal) (G1 Evacuation Pause) 272M->55M(407M) 26.062ms
[2023-10-31T08:27:29.805+0000][17.101s][info ][gc,cpu        ] GC(34) User=0.16s Sys=0.02s Real=0.03s
[2023-10-31T08:27:29.805+0000][17.102s][info ][safepoint     ] Leaving safepoint region
[2023-10-31T08:27:29.805+0000][17.102s][info ][safepoint     ] Total time for which application threads were stopped: 0.0279640 seconds, Stopping threads took: 0.0004046 seconds
[2023-10-31T08:27:29.806+0000][17.102s][info ][gc,stringdedup] Concurrent String Deduplication (17.102s)
[2023-10-31T08:27:29.808+0000][17.105s][info ][gc,stringdedup] Concurrent String Deduplication 275.3K->174.2K(101.1K) avg 46.4% (17.102s, 17.105s) 2.689ms
[2023-10-31T08:27:30.019+0000][17.316s][debug][safepoint     ] Safepoint synchronization initiated. (17 threads)
[2023-10-31T08:27:30.020+0000][17.316s][info ][safepoint     ] Application time: 0.2138730 seconds
[2023-10-31T08:27:30.020+0000][17.317s][info ][safepoint     ] Entering safepoint region: Deoptimize
[2023-10-31T08:27:30.022+0000][17.319s][info ][safepoint     ] Leaving safepoint region
[2023-10-31T08:27:30.022+0000][17.319s][info ][safepoint     ] Total time for which application threads were stopped: 0.0023954 seconds, Stopping threads took: 0.0005565 seconds
[2023-10-31T08:27:30.517+0000][17.814s][debug][safepoint     ] Safepoint synchronization initiated. (17 threads)
[2023-10-31T08:27:30.518+0000][17.815s][info ][safepoint     ] Application time: 0.4949034 seconds
[2023-10-31T08:27:30.518+0000][17.815s][info ][safepoint     ] Entering safepoint region: ICBufferFull
[2023-10-31T08:27:30.519+0000][17.816s][info ][safepoint     ] Leaving safepoint region
[2023-10-31T08:27:30.519+0000][17.816s][info ][safepoint     ] Total time for which application threads were stopped: 0.0011420 seconds, Stopping threads took: 0.0004423 seconds
[2023-10-31T08:27:30.756+0000][18.053s][debug][safepoint     ] Safepoint synchronization initiated. (17 threads)
[2023-10-31T08:27:30.757+0000][18.053s][info ][safepoint     ] Application time: 0.2369958 seconds
[2023-10-31T08:27:30.757+0000][18.054s][info ][safepoint     ] Entering safepoint region: Deoptimize
[2023-10-31T08:27:30.760+0000][18.056s][info ][safepoint     ] Leaving safepoint region
[2023-10-31T08:27:30.760+0000][18.057s][info ][safepoint     ] Total time for which application threads were stopped: 0.0027209 seconds, Stopping threads took: 0.0005190 seconds
[2023-10-31T08:27:30.897+0000][18.194s][debug][safepoint     ] Safepoint synchronization initiated. (21 threads)
[2023-10-31T08:27:30.898+0000][18.195s][info ][safepoint     ] Application time: 0.1373081 seconds
[2023-10-31T08:27:30.898+0000][18.195s][info ][safepoint     ] Entering safepoint region: ICBufferFull
[2023-10-31T08:27:30.899+0000][18.196s][info ][safepoint     ] Leaving safepoint region
[2023-10-31T08:27:30.899+0000][18.196s][info ][safepoint     ] Total time for which application threads were stopped: 0.0011543 seconds, Stopping threads took: 0.0004503 seconds
[2023-10-31T08:27:31.047+0000][18.344s][debug][safepoint     ] Safepoint synchronization initiated. (21 threads)
[2023-10-31T08:27:31.048+0000][18.344s][info ][safepoint     ] Application time: 0.1479554 seconds
[2023-10-31T08:27:31.048+0000][18.345s][info ][safepoint     ] Entering safepoint region: G1CollectForAllocation
[2023-10-31T08:27:31.049+0000][18.346s][info ][gc,start      ] GC(35) Pause Young (Normal) (G1 Evacuation Pause)
[2023-10-31T08:27:31.050+0000][18.346s][info ][gc,task       ] GC(35) Using 8 workers of 8 for evacuation
[2023-10-31T08:27:31.069+0000][18.365s][info ][gc,phases     ] GC(35)   Pre Evacuate Collection Set: 0.0ms
[2023-10-31T08:27:31.069+0000][18.366s][info ][gc,phases     ] GC(35)   Evacuate Collection Set: 15.8ms
[2023-10-31T08:27:31.070+0000][18.367s][info ][gc,phases     ] GC(35)   Post Evacuate Collection Set: 2.4ms
[2023-10-31T08:27:31.070+0000][18.367s][info ][gc,phases     ] GC(35)   Other: 1.2ms
[2023-10-31T08:27:31.071+0000][18.368s][info ][gc,heap       ] GC(35) Eden regions: 221->0(222)
[2023-10-31T08:27:31.072+0000][18.368s][info ][gc,heap       ] GC(35) Survivor regions: 23->22(31)
[2023-10-31T08:27:31.072+0000][18.369s][info ][gc,heap       ] GC(35) Old regions: 35->42
[2023-10-31T08:27:31.073+0000][18.369s][info ][gc,heap       ] GC(35) Humongous regions: 0->0
[2023-10-31T08:27:31.073+0000][18.370s][info ][gc,metaspace  ] GC(35) Metaspace: 82908K(85328K)->82908K(85328K) NonClass: 72608K(74192K)->72608K(74192K) Class: 10300K(11136K)->10300K(11136K)
[2023-10-31T08:27:31.074+0000][18.370s][info ][gc            ] GC(35) Pause Young (Normal) (G1 Evacuation Pause) 276M->61M(407M) 24.681ms
[2023-10-31T08:27:31.074+0000][18.371s][info ][gc,cpu        ] GC(35) User=0.12s Sys=0.02s Real=0.03s
[2023-10-31T08:27:31.075+0000][18.372s][info ][safepoint     ] Leaving safepoint region
[2023-10-31T08:27:31.075+0000][18.372s][info ][safepoint     ] Total time for which application threads were stopped: 0.0270882 seconds, Stopping threads took: 0.0004763 seconds
[2023-10-31T08:27:31.076+0000][18.373s][info ][gc,stringdedup] Concurrent String Deduplication (18.373s)
[2023-10-31T08:27:31.079+0000][18.376s][info ][gc,stringdedup] Concurrent String Deduplication 280.7K->97112.0B(185.8K) avg 47.0% (18.373s, 18.376s) 3.203ms
[2023-10-31T08:27:31.523+0000][18.820s][debug][safepoint     ] Safepoint synchronization initiated. (20 threads)
[2023-10-31T08:27:31.523+0000][18.820s][info ][safepoint     ] Application time: 0.4475599 seconds
[2023-10-31T08:27:31.524+0000][18.821s][info ][safepoint     ] Entering safepoint region: ICBufferFull
[2023-10-31T08:27:31.525+0000][18.821s][info ][safepoint     ] Leaving safepoint region
[2023-10-31T08:27:31.525+0000][18.822s][info ][safepoint     ] Total time for which application threads were stopped: 0.0012196 seconds, Stopping threads took: 0.0004561 seconds
[2023-10-31T08:27:31.788+0000][19.085s][debug][safepoint     ] Safepoint synchronization initiated. (20 threads)
[2023-10-31T08:27:31.789+0000][19.085s][info ][safepoint     ] Application time: 0.2629123 seconds
[2023-10-31T08:27:31.789+0000][19.086s][info ][safepoint     ] Entering safepoint region: Deoptimize
[2023-10-31T08:27:31.791+0000][19.088s][info ][safepoint     ] Leaving safepoint region
[2023-10-31T08:27:31.792+0000][19.088s][info ][safepoint     ] Total time for which application threads were stopped: 0.0025840 seconds, Stopping threads took: 0.0004790 seconds
[2023-10-31T08:27:32.111+0000][19.408s][debug][safepoint     ] Safepoint synchronization initiated. (20 threads)
[2023-10-31T08:27:32.112+0000][19.409s][info ][safepoint     ] Application time: 0.3203151 seconds
[2023-10-31T08:27:32.113+0000][19.410s][info ][safepoint     ] Entering safepoint region: Deoptimize
[2023-10-31T08:27:32.115+0000][19.412s][info ][safepoint     ] Leaving safepoint region
[2023-10-31T08:27:32.116+0000][19.413s][info ][safepoint     ] Total time for which application threads were stopped: 0.0031347 seconds, Stopping threads took: 0.0005432 seconds
[2023-10-31T08:27:32.169+0000][19.465s][debug][safepoint     ] Safepoint synchronization initiated. (20 threads)
[2023-10-31T08:27:32.169+0000][19.466s][info ][safepoint     ] Application time: 0.0527206 seconds
[2023-10-31T08:27:32.170+0000][19.466s][info ][safepoint     ] Entering safepoint region: G1CollectForAllocation
[2023-10-31T08:27:32.171+0000][19.467s][info ][gc,start      ] GC(36) Pause Young (Normal) (G1 Evacuation Pause)
[2023-10-31T08:27:32.171+0000][19.468s][info ][gc,task       ] GC(36) Using 8 workers of 8 for evacuation
[2023-10-31T08:27:32.198+0000][19.495s][info ][gc,phases     ] GC(36)   Pre Evacuate Collection Set: 0.0ms
[2023-10-31T08:27:32.199+0000][19.495s][info ][gc,phases     ] GC(36)   Evacuate Collection Set: 23.8ms
[2023-10-31T08:27:32.199+0000][19.496s][info ][gc,phases     ] GC(36)   Post Evacuate Collection Set: 2.4ms
[2023-10-31T08:27:32.199+0000][19.496s][info ][gc,phases     ] GC(36)   Other: 1.2ms
[2023-10-31T08:27:32.200+0000][19.496s][info ][gc,heap       ] GC(36) Eden regions: 222->0(225)
[2023-10-31T08:27:32.200+0000][19.497s][info ][gc,heap       ] GC(36) Survivor regions: 22->19(31)
[2023-10-31T08:27:32.201+0000][19.497s][info ][gc,heap       ] GC(36) Old regions: 42->50
[2023-10-31T08:27:32.201+0000][19.498s][info ][gc,heap       ] GC(36) Humongous regions: 0->0
[2023-10-31T08:27:32.201+0000][19.498s][info ][gc,metaspace  ] GC(36) Metaspace: 85071K(87632K)->85071K(87632K) NonClass: 74566K(76240K)->74566K(76240K) Class: 10505K(11392K)->10505K(11392K)
[2023-10-31T08:27:32.203+0000][19.500s][info ][gc            ] GC(36) Pause Young (Normal) (G1 Evacuation Pause) 283M->66M(407M) 32.504ms
[2023-10-31T08:27:32.204+0000][19.500s][info ][gc,cpu        ] GC(36) User=0.21s Sys=0.00s Real=0.04s
[2023-10-31T08:27:32.204+0000][19.501s][info ][safepoint     ] Leaving safepoint region
[2023-10-31T08:27:32.204+0000][19.501s][info ][safepoint     ] Total time for which application threads were stopped: 0.0346307 seconds, Stopping threads took: 0.0004799 seconds
[2023-10-31T08:27:32.205+0000][19.502s][info ][gc,stringdedup] Concurrent String Deduplication (19.502s)
[2023-10-31T08:27:32.211+0000][19.507s][info ][gc,stringdedup] Concurrent String Deduplication 750.5K->169.3K(581.2K) avg 49.0% (19.502s, 19.507s) 5.714ms
[2023-10-31T08:27:32.294+0000][19.590s][debug][safepoint     ] Safepoint synchronization initiated. (21 threads)
[2023-10-31T08:27:32.294+0000][19.591s][info ][safepoint     ] Application time: 0.0892978 seconds
[2023-10-31T08:27:32.295+0000][19.591s][info ][safepoint     ] Entering safepoint region: Deoptimize
[2023-10-31T08:27:32.297+0000][19.593s][info ][safepoint     ] Leaving safepoint region
[2023-10-31T08:27:32.297+0000][19.594s][info ][safepoint     ] Total time for which application threads were stopped: 0.0023542 seconds, Stopping threads took: 0.0004300 seconds
[2023-10-31T08:27:32.526+0000][19.822s][debug][safepoint     ] Safepoint synchronization initiated. (21 threads)
[2023-10-31T08:27:32.526+0000][19.823s][info ][safepoint     ] Application time: 0.2289707 seconds
[2023-10-31T08:27:32.527+0000][19.824s][info ][safepoint     ] Entering safepoint region: Deoptimize
[2023-10-31T08:27:32.529+0000][19.826s][info ][safepoint     ] Leaving safepoint region
[2023-10-31T08:27:32.530+0000][19.826s][info ][safepoint     ] Total time for which application threads were stopped: 0.0026957 seconds, Stopping threads took: 0.0004478 seconds
[2023-10-31T08:27:32.927+0000][20.224s][debug][safepoint     ] Safepoint synchronization initiated. (23 threads)
[2023-10-31T08:27:32.928+0000][20.225s][info ][safepoint     ] Application time: 0.3978830 seconds
[2023-10-31T08:27:32.928+0000][20.225s][info ][safepoint     ] Entering safepoint region: Deoptimize
[2023-10-31T08:27:32.931+0000][20.227s][info ][safepoint     ] Leaving safepoint region
[2023-10-31T08:27:32.931+0000][20.228s][info ][safepoint     ] Total time for which application threads were stopped: 0.0027164 seconds, Stopping threads took: 0.0003732 seconds
[2023-10-31T08:27:32.940+0000][20.237s][debug][safepoint     ] Safepoint synchronization initiated. (23 threads)
[2023-10-31T08:27:32.941+0000][20.238s][info ][safepoint     ] Application time: 0.0094182 seconds
[2023-10-31T08:27:32.941+0000][20.238s][info ][safepoint     ] Entering safepoint region: Deoptimize
[2023-10-31T08:27:32.943+0000][20.240s][info ][safepoint     ] Leaving safepoint region
[2023-10-31T08:27:32.944+0000][20.240s][info ][safepoint     ] Total time for which application threads were stopped: 0.0024205 seconds, Stopping threads took: 0.0003995 seconds
[2023-10-31T08:27:33.118+0000][20.414s][debug][safepoint     ] Safepoint synchronization initiated. (23 threads)
[2023-10-31T08:27:33.118+0000][20.415s][info ][safepoint     ] Application time: 0.1740168 seconds
[2023-10-31T08:27:33.119+0000][20.415s][info ][safepoint     ] Entering safepoint region: Deoptimize
[2023-10-31T08:27:33.121+0000][20.417s][info ][safepoint     ] Leaving safepoint region
[2023-10-31T08:27:33.121+0000][20.418s][info ][safepoint     ] Total time for which application threads were stopped: 0.0023089 seconds, Stopping threads took: 0.0004636 seconds
[2023-10-31T08:27:33.220+0000][20.517s][debug][safepoint     ] Safepoint synchronization initiated. (23 threads)
[2023-10-31T08:27:33.221+0000][20.517s][info ][safepoint     ] Application time: 0.0990418 seconds
[2023-10-31T08:27:33.221+0000][20.518s][info ][safepoint     ] Entering safepoint region: Deoptimize
[2023-10-31T08:27:33.223+0000][20.520s][info ][safepoint     ] Leaving safepoint region
[2023-10-31T08:27:33.224+0000][20.520s][info ][safepoint     ] Total time for which application threads were stopped: 0.0026780 seconds, Stopping threads took: 0.0004021 seconds
[2023-10-31T08:27:33.244+0000][20.541s][debug][safepoint     ] Safepoint synchronization initiated. (23 threads)
[2023-10-31T08:27:33.245+0000][20.542s][info ][safepoint     ] Application time: 0.0208642 seconds
[2023-10-31T08:27:33.245+0000][20.542s][debug][safepoint     ] Waiting for 1 thread(s) to block
[2023-10-31T08:27:33.246+0000][20.543s][info ][safepoint     ] Entering safepoint region: ICBufferFull
[2023-10-31T08:27:33.247+0000][20.543s][info ][safepoint     ] Leaving safepoint region
[2023-10-31T08:27:33.247+0000][20.544s][info ][safepoint     ] Total time for which application threads were stopped: 0.0017748 seconds, Stopping threads took: 0.0010428 seconds
[2023-10-31T08:27:33.759+0000][21.056s][debug][safepoint     ] Safepoint synchronization initiated. (23 threads)
[2023-10-31T08:27:33.760+0000][21.056s][info ][safepoint     ] Application time: 0.5117769 seconds
[2023-10-31T08:27:33.760+0000][21.057s][info ][safepoint     ] Entering safepoint region: Deoptimize
[2023-10-31T08:27:33.762+0000][21.059s][info ][safepoint     ] Leaving safepoint region
[2023-10-31T08:27:33.762+0000][21.059s][info ][safepoint     ] Total time for which application threads were stopped: 0.0024439 seconds, Stopping threads took: 0.0003942 seconds
[2023-10-31T08:27:33.793+0000][21.090s][debug][safepoint     ] Safepoint synchronization initiated. (23 threads)
[2023-10-31T08:27:33.793+0000][21.090s][info ][safepoint     ] Application time: 0.0306435 seconds
[2023-10-31T08:27:33.794+0000][21.091s][debug][safepoint     ] Waiting for 1 thread(s) to block
[2023-10-31T08:27:33.794+0000][21.091s][info ][safepoint     ] Entering safepoint region: G1CollectForAllocation
[2023-10-31T08:27:33.795+0000][21.092s][info ][gc,start      ] GC(37) Pause Young (Normal) (G1 Evacuation Pause)
[2023-10-31T08:27:33.795+0000][21.092s][info ][gc,task       ] GC(37) Using 8 workers of 8 for evacuation
[2023-10-31T08:27:33.813+0000][21.110s][info ][gc,phases     ] GC(37)   Pre Evacuate Collection Set: 0.0ms
[2023-10-31T08:27:33.814+0000][21.110s][info ][gc,phases     ] GC(37)   Evacuate Collection Set: 14.6ms
[2023-10-31T08:27:33.814+0000][21.111s][info ][gc,phases     ] GC(37)   Post Evacuate Collection Set: 2.4ms
[2023-10-31T08:27:33.814+0000][21.111s][info ][gc,phases     ] GC(37)   Other: 1.0ms
[2023-10-31T08:27:33.815+0000][21.111s][info ][gc,heap       ] GC(37) Eden regions: 225->0(228)
[2023-10-31T08:27:33.815+0000][21.112s][info ][gc,heap       ] GC(37) Survivor regions: 19->16(31)
[2023-10-31T08:27:33.816+0000][21.112s][info ][gc,heap       ] GC(37) Old regions: 50->57
[2023-10-31T08:27:33.816+0000][21.113s][info ][gc,heap       ] GC(37) Humongous regions: 0->0
[2023-10-31T08:27:33.817+0000][21.113s][info ][gc,metaspace  ] GC(37) Metaspace: 94141K(96976K)->94141K(96976K) NonClass: 82438K(84176K)->82438K(84176K) Class: 11702K(12800K)->11702K(12800K)
[2023-10-31T08:27:33.817+0000][21.114s][info ][gc            ] GC(37) Pause Young (Normal) (G1 Evacuation Pause) 291M->70M(407M) 21.922ms
[2023-10-31T08:27:33.817+0000][21.114s][info ][gc,cpu        ] GC(37) User=0.13s Sys=0.00s Real=0.02s
[2023-10-31T08:27:33.818+0000][21.114s][info ][safepoint     ] Leaving safepoint region
[2023-10-31T08:27:33.818+0000][21.115s][info ][safepoint     ] Total time for which application threads were stopped: 0.0240813 seconds, Stopping threads took: 0.0009364 seconds
[2023-10-31T08:27:33.818+0000][21.115s][info ][gc,stringdedup] Concurrent String Deduplication (21.115s)
[2023-10-31T08:27:33.822+0000][21.119s][info ][gc,stringdedup] Concurrent String Deduplication 407.4K->122.0K(285.4K) avg 49.7% (21.115s, 21.119s) 3.672ms
[2023-10-31T08:27:33.881+0000][21.177s][debug][safepoint     ] Safepoint synchronization initiated. (23 threads)
[2023-10-31T08:27:33.881+0000][21.178s][info ][safepoint     ] Application time: 0.0628905 seconds
[2023-10-31T08:27:33.882+0000][21.178s][info ][safepoint     ] Entering safepoint region: Deoptimize
[2023-10-31T08:27:33.884+0000][21.180s][info ][safepoint     ] Leaving safepoint region
[2023-10-31T08:27:33.884+0000][21.181s][info ][safepoint     ] Total time for which application threads were stopped: 0.0025080 seconds, Stopping threads took: 0.0004022 seconds
[2023-10-31T08:27:34.003+0000][21.299s][debug][safepoint     ] Safepoint synchronization initiated. (23 threads)
[2023-10-31T08:27:34.004+0000][21.300s][info ][safepoint     ] Application time: 0.1190138 seconds
[2023-10-31T08:27:34.004+0000][21.301s][info ][safepoint     ] Entering safepoint region: Deoptimize
[2023-10-31T08:27:34.007+0000][21.303s][info ][safepoint     ] Leaving safepoint region
[2023-10-31T08:27:34.007+0000][21.304s][info ][safepoint     ] Total time for which application threads were stopped: 0.0031971 seconds, Stopping threads took: 0.0006546 seconds
[2023-10-31T08:27:34.657+0000][21.953s][debug][safepoint     ] Safepoint synchronization initiated. (27 threads)
[2023-10-31T08:27:34.657+0000][21.954s][info ][safepoint     ] Application time: 0.6496524 seconds
[2023-10-31T08:27:34.658+0000][21.955s][info ][safepoint     ] Entering safepoint region: ICBufferFull
[2023-10-31T08:27:34.659+0000][21.955s][info ][safepoint     ] Leaving safepoint region
[2023-10-31T08:27:34.659+0000][21.956s][info ][safepoint     ] Total time for which application threads were stopped: 0.0014034 seconds, Stopping threads took: 0.0005714 seconds
[2023-10-31T08:27:35.219+0000][22.515s][debug][safepoint     ] Safepoint synchronization initiated. (34 threads)
[2023-10-31T08:27:35.219+0000][22.516s][info ][safepoint     ] Application time: 0.5596414 seconds
[2023-10-31T08:27:35.220+0000][22.517s][info ][safepoint     ] Entering safepoint region: Deoptimize
[2023-10-31T08:27:35.223+0000][22.520s][info ][safepoint     ] Leaving safepoint region
[2023-10-31T08:27:35.224+0000][22.521s][info ][safepoint     ] Total time for which application threads were stopped: 0.0039744 seconds, Stopping threads took: 0.0006808 seconds
[2023-10-31T08:27:35.345+0000][22.642s][debug][safepoint     ] Safepoint synchronization initiated. (34 threads)
[2023-10-31T08:27:35.346+0000][22.642s][info ][safepoint     ] Application time: 0.1210836 seconds
[2023-10-31T08:27:35.346+0000][22.643s][info ][safepoint     ] Entering safepoint region: Deoptimize
[2023-10-31T08:27:35.348+0000][22.645s][info ][safepoint     ] Leaving safepoint region
[2023-10-31T08:27:35.349+0000][22.645s][info ][safepoint     ] Total time for which application threads were stopped: 0.0025822 seconds, Stopping threads took: 0.0004924 seconds
[2023-10-31T08:27:35.511+0000][22.808s][debug][safepoint     ] Safepoint synchronization initiated. (34 threads)
[2023-10-31T08:27:35.512+0000][22.809s][info ][safepoint     ] Application time: 0.1627551 seconds
[2023-10-31T08:27:35.512+0000][22.809s][info ][safepoint     ] Entering safepoint region: G1CollectForAllocation
[2023-10-31T08:27:35.513+0000][22.810s][info ][gc,start      ] GC(38) Pause Young (Normal) (G1 Evacuation Pause)
[2023-10-31T08:27:35.513+0000][22.810s][info ][gc,task       ] GC(38) Using 8 workers of 8 for evacuation
[2023-10-31T08:27:35.532+0000][22.828s][info ][gc,phases     ] GC(38)   Pre Evacuate Collection Set: 0.0ms
[2023-10-31T08:27:35.532+0000][22.829s][info ][gc,phases     ] GC(38)   Evacuate Collection Set: 15.3ms
[2023-10-31T08:27:35.533+0000][22.830s][info ][gc,phases     ] GC(38)   Post Evacuate Collection Set: 2.3ms
[2023-10-31T08:27:35.534+0000][22.830s][info ][gc,phases     ] GC(38)   Other: 1.1ms
[2023-10-31T08:27:35.534+0000][22.831s][info ][gc,heap       ] GC(38) Eden regions: 228->0(223)
[2023-10-31T08:27:35.535+0000][22.831s][info ][gc,heap       ] GC(38) Survivor regions: 16->21(31)
[2023-10-31T08:27:35.535+0000][22.832s][info ][gc,heap       ] GC(38) Old regions: 57->57
[2023-10-31T08:27:35.536+0000][22.832s][info ][gc,heap       ] GC(38) Humongous regions: 0->0
[2023-10-31T08:27:35.536+0000][22.833s][info ][gc,metaspace  ] GC(38) Metaspace: 97511K(100432K)->97511K(100432K) NonClass: 85459K(87248K)->85459K(87248K) Class: 12051K(13184K)->12051K(13184K)
[2023-10-31T08:27:35.537+0000][22.833s][info ][gc            ] GC(38) Pause Young (Normal) (G1 Evacuation Pause) 298M->75M(407M) 23.600ms
[2023-10-31T08:27:35.537+0000][22.834s][info ][gc,cpu        ] GC(38) User=0.13s Sys=0.00s Real=0.02s
[2023-10-31T08:27:35.538+0000][22.834s][info ][safepoint     ] Leaving safepoint region
[2023-10-31T08:27:35.538+0000][22.835s][info ][safepoint     ] Total time for which application threads were stopped: 0.0256492 seconds, Stopping threads took: 0.0005170 seconds
[2023-10-31T08:27:35.539+0000][22.835s][info ][gc,stringdedup] Concurrent String Deduplication (22.835s)
[2023-10-31T08:27:35.541+0000][22.838s][info ][gc,stringdedup] Concurrent String Deduplication 292.0K->84584.0B(209.4K) avg 50.2% (22.835s, 22.838s) 2.419ms
[2023-10-31T08:27:36.047+0000][23.344s][debug][safepoint     ] Safepoint synchronization initiated. (34 threads)
[2023-10-31T08:27:36.048+0000][23.345s][info ][safepoint     ] Application time: 0.5095685 seconds
[2023-10-31T08:27:36.048+0000][23.345s][info ][safepoint     ] Entering safepoint region: Deoptimize
[2023-10-31T08:27:36.050+0000][23.347s][info ][safepoint     ] Leaving safepoint region
[2023-10-31T08:27:36.051+0000][23.348s][info ][safepoint     ] Total time for which application threads were stopped: 0.0024261 seconds, Stopping threads took: 0.0004308 seconds
[2023-10-31T08:27:36.321+0000][23.618s][debug][safepoint     ] Safepoint synchronization initiated. (37 threads)
[2023-10-31T08:27:36.323+0000][23.619s][info ][safepoint     ] Application time: 0.2713121 seconds
[2023-10-31T08:27:36.323+0000][23.620s][info ][safepoint     ] Entering safepoint region: Deoptimize
[2023-10-31T08:27:36.326+0000][23.623s][info ][safepoint     ] Leaving safepoint region
[2023-10-31T08:27:36.327+0000][23.623s][info ][safepoint     ] Total time for which application threads were stopped: 0.0035806 seconds, Stopping threads took: 0.0008109 seconds
[2023-10-31T08:27:36.597+0000][23.894s][debug][safepoint     ] Safepoint synchronization initiated. (37 threads)
[2023-10-31T08:27:36.598+0000][23.894s][info ][safepoint     ] Application time: 0.2702975 seconds
[2023-10-31T08:27:36.598+0000][23.895s][info ][safepoint     ] Entering safepoint region: G1CollectForAllocation
[2023-10-31T08:27:36.599+0000][23.895s][info ][gc,start      ] GC(39) Pause Young (Normal) (G1 Evacuation Pause)
[2023-10-31T08:27:36.599+0000][23.896s][info ][gc,task       ] GC(39) Using 8 workers of 8 for evacuation
[2023-10-31T08:27:36.626+0000][23.923s][info ][gc,phases     ] GC(39)   Pre Evacuate Collection Set: 0.0ms
[2023-10-31T08:27:36.628+0000][23.924s][info ][gc,phases     ] GC(39)   Evacuate Collection Set: 23.0ms
[2023-10-31T08:27:36.628+0000][23.925s][info ][gc,phases     ] GC(39)   Post Evacuate Collection Set: 3.2ms
[2023-10-31T08:27:36.628+0000][23.925s][info ][gc,phases     ] GC(39)   Other: 1.3ms
[2023-10-31T08:27:36.629+0000][23.926s][info ][gc,heap       ] GC(39) Eden regions: 223->0(224)
[2023-10-31T08:27:36.630+0000][23.926s][info ][gc,heap       ] GC(39) Survivor regions: 21->20(31)
[2023-10-31T08:27:36.630+0000][23.927s][info ][gc,heap       ] GC(39) Old regions: 57->62
[2023-10-31T08:27:36.631+0000][23.927s][info ][gc,heap       ] GC(39) Humongous regions: 1->0
[2023-10-31T08:27:36.631+0000][23.928s][info ][gc,metaspace  ] GC(39) Metaspace: 102977K(106192K)->102977K(106192K) NonClass: 90456K(92624K)->90456K(92624K) Class: 12521K(13568K)->12521K(13568K)
[2023-10-31T08:27:36.632+0000][23.928s][info ][gc            ] GC(39) Pause Young (Normal) (G1 Evacuation Pause) 299M->79M(407M) 32.738ms
[2023-10-31T08:27:36.632+0000][23.929s][info ][gc,cpu        ] GC(39) User=0.21s Sys=0.00s Real=0.03s
[2023-10-31T08:27:36.633+0000][23.929s][info ][safepoint     ] Leaving safepoint region
[2023-10-31T08:27:36.633+0000][23.930s][info ][safepoint     ] Total time for which application threads were stopped: 0.0349895 seconds, Stopping threads took: 0.0005636 seconds
[2023-10-31T08:27:36.634+0000][23.930s][info ][gc,stringdedup] Concurrent String Deduplication (23.930s)
[2023-10-31T08:27:36.640+0000][23.937s][info ][gc,stringdedup] Concurrent String Deduplication 696.0K->443.9K(252.1K) avg 49.5% (23.930s, 23.937s) 6.458ms
[2023-10-31T08:27:37.148+0000][24.444s][debug][safepoint     ] Safepoint synchronization initiated. (38 threads)
[2023-10-31T08:27:37.148+0000][24.445s][info ][safepoint     ] Application time: 0.5148312 seconds
[2023-10-31T08:27:37.149+0000][24.445s][debug][safepoint     ] Waiting for 1 thread(s) to block
[2023-10-31T08:27:37.149+0000][24.446s][info ][safepoint     ] Entering safepoint region: ICBufferFull
[2023-10-31T08:27:37.150+0000][24.447s][info ][safepoint     ] Leaving safepoint region
[2023-10-31T08:27:37.150+0000][24.447s][info ][safepoint     ] Total time for which application threads were stopped: 0.0016528 seconds, Stopping threads took: 0.0008982 seconds
[2023-10-31T08:27:37.938+0000][25.234s][debug][safepoint     ] Safepoint synchronization initiated. (38 threads)
[2023-10-31T08:27:37.939+0000][25.235s][info ][safepoint     ] Application time: 0.7878448 seconds
[2023-10-31T08:27:37.939+0000][25.236s][info ][safepoint     ] Entering safepoint region: ICBufferFull
[2023-10-31T08:27:37.940+0000][25.237s][info ][safepoint     ] Leaving safepoint region
[2023-10-31T08:27:37.941+0000][25.238s][info ][safepoint     ] Total time for which application threads were stopped: 0.0019134 seconds, Stopping threads took: 0.0005833 seconds
[2023-10-31T08:27:37.989+0000][25.286s][debug][safepoint     ] Safepoint synchronization initiated. (38 threads)
[2023-10-31T08:27:37.990+0000][25.287s][info ][safepoint     ] Application time: 0.0446669 seconds
[2023-10-31T08:27:37.990+0000][25.287s][info ][safepoint     ] Entering safepoint region: G1CollectForAllocation
[2023-10-31T08:27:37.991+0000][25.288s][info ][gc,start      ] GC(40) Pause Young (Normal) (G1 Evacuation Pause)
[2023-10-31T08:27:37.992+0000][25.289s][info ][gc,task       ] GC(40) Using 8 workers of 8 for evacuation
[2023-10-31T08:27:38.030+0000][25.327s][info ][gc,phases     ] GC(40)   Pre Evacuate Collection Set: 0.0ms
[2023-10-31T08:27:38.031+0000][25.327s][info ][gc,phases     ] GC(40)   Evacuate Collection Set: 33.3ms
[2023-10-31T08:27:38.031+0000][25.328s][info ][gc,phases     ] GC(40)   Post Evacuate Collection Set: 4.0ms
[2023-10-31T08:27:38.031+0000][25.328s][info ][gc,phases     ] GC(40)   Other: 1.5ms
[2023-10-31T08:27:38.032+0000][25.329s][info ][gc,heap       ] GC(40) Eden regions: 224->0(222)
[2023-10-31T08:27:38.032+0000][25.329s][info ][gc,heap       ] GC(40) Survivor regions: 20->22(31)
[2023-10-31T08:27:38.033+0000][25.329s][info ][gc,heap       ] GC(40) Old regions: 62->66
[2023-10-31T08:27:38.033+0000][25.330s][info ][gc,heap       ] GC(40) Humongous regions: 0->0
[2023-10-31T08:27:38.034+0000][25.330s][info ][gc,metaspace  ] GC(40) Metaspace: 104780K(107984K)->104780K(107984K) NonClass: 92093K(94160K)->92093K(94160K) Class: 12687K(13824K)->12687K(13824K)
[2023-10-31T08:27:38.034+0000][25.331s][info ][gc            ] GC(40) Pause Young (Normal) (G1 Evacuation Pause) 303M->86M(407M) 43.010ms
[2023-10-31T08:27:38.035+0000][25.332s][info ][gc,cpu        ] GC(40) User=0.29s Sys=0.03s Real=0.05s
[2023-10-31T08:27:38.036+0000][25.332s][info ][safepoint     ] Leaving safepoint region
[2023-10-31T08:27:38.036+0000][25.333s][info ][safepoint     ] Total time for which application threads were stopped: 0.0456206 seconds, Stopping threads took: 0.0005163 seconds
[2023-10-31T08:27:38.037+0000][25.333s][info ][gc,stringdedup] Concurrent String Deduplication (25.333s)
[2023-10-31T08:27:38.041+0000][25.337s][info ][gc,stringdedup] Concurrent String Deduplication 443.5K->143.1K(300.4K) avg 50.1% (25.333s, 25.337s) 4.191ms
[2023-10-31T08:27:38.050+0000][25.347s][debug][safepoint     ] Safepoint synchronization initiated. (38 threads)
[2023-10-31T08:27:38.051+0000][25.348s][info ][safepoint     ] Application time: 0.0144275 seconds
[2023-10-31T08:27:38.051+0000][25.348s][info ][safepoint     ] Entering safepoint region: Deoptimize
[2023-10-31T08:27:38.053+0000][25.350s][info ][safepoint     ] Leaving safepoint region
[2023-10-31T08:27:38.054+0000][25.350s][info ][safepoint     ] Total time for which application threads were stopped: 0.0023276 seconds, Stopping threads took: 0.0004150 seconds
[2023-10-31T08:27:38.104+0000][25.400s][debug][safepoint     ] Safepoint synchronization initiated. (38 threads)
[2023-10-31T08:27:38.104+0000][25.401s][info ][safepoint     ] Application time: 0.0500830 seconds
[2023-10-31T08:27:38.105+0000][25.401s][info ][safepoint     ] Entering safepoint region: Deoptimize
[2023-10-31T08:27:38.106+0000][25.403s][info ][safepoint     ] Leaving safepoint region
[2023-10-31T08:27:38.107+0000][25.404s][info ][safepoint     ] Total time for which application threads were stopped: 0.0023233 seconds, Stopping threads took: 0.0004134 seconds
[2023-10-31T08:27:38.325+0000][25.622s][debug][safepoint     ] Safepoint synchronization initiated. (41 threads)
[2023-10-31T08:27:38.327+0000][25.623s][info ][safepoint     ] Application time: 0.2191871 seconds
[2023-10-31T08:27:38.327+0000][25.624s][info ][safepoint     ] Entering safepoint region: ICBufferFull
[2023-10-31T08:27:38.328+0000][25.625s][info ][safepoint     ] Leaving safepoint region
[2023-10-31T08:27:38.328+0000][25.625s][info ][safepoint     ] Total time for which application threads were stopped: 0.0014104 seconds, Stopping threads took: 0.0004713 seconds
[2023-10-31T08:27:39.235+0000][26.532s][debug][safepoint     ] Safepoint synchronization initiated. (40 threads)
[2023-10-31T08:27:39.236+0000][26.533s][info ][safepoint     ] Application time: 0.9072195 seconds
[2023-10-31T08:27:39.237+0000][26.533s][info ][safepoint     ] Entering safepoint region: ICBufferFull
[2023-10-31T08:27:39.238+0000][26.534s][info ][safepoint     ] Leaving safepoint region
[2023-10-31T08:27:39.238+0000][26.535s][info ][safepoint     ] Total time for which application threads were stopped: 0.0015211 seconds, Stopping threads took: 0.0005275 seconds
[2023-10-31T08:27:39.260+0000][26.557s][debug][safepoint     ] Safepoint synchronization initiated. (40 threads)
[2023-10-31T08:27:39.261+0000][26.558s][info ][safepoint     ] Application time: 0.0223876 seconds
[2023-10-31T08:27:39.262+0000][26.559s][info ][safepoint     ] Entering safepoint region: Deoptimize
[2023-10-31T08:27:39.265+0000][26.562s][info ][safepoint     ] Leaving safepoint region
[2023-10-31T08:27:39.266+0000][26.562s][info ][safepoint     ] Total time for which application threads were stopped: 0.0038718 seconds, Stopping threads took: 0.0005067 seconds
[2023-10-31T08:27:39.544+0000][26.841s][debug][safepoint     ] Safepoint synchronization initiated. (40 threads)
[2023-10-31T08:27:39.551+0000][26.848s][info ][safepoint     ] Application time: 0.2848962 seconds
[2023-10-31T08:27:39.552+0000][26.848s][info ][safepoint     ] Entering safepoint region: CollectForMetadataAllocation
[2023-10-31T08:27:39.553+0000][26.849s][info ][gc,start      ] GC(41) Pause Young (Concurrent Start) (Metadata GC Threshold)
[2023-10-31T08:27:39.553+0000][26.850s][info ][gc,task       ] GC(41) Using 8 workers of 8 for evacuation
[2023-10-31T08:27:39.613+0000][26.909s][info ][gc,phases     ] GC(41)   Pre Evacuate Collection Set: 0.6ms
[2023-10-31T08:27:39.614+0000][26.910s][info ][gc,phases     ] GC(41)   Evacuate Collection Set: 53.0ms
[2023-10-31T08:27:39.614+0000][26.911s][info ][gc,phases     ] GC(41)   Post Evacuate Collection Set: 4.9ms
[2023-10-31T08:27:39.615+0000][26.911s][info ][gc,phases     ] GC(41)   Other: 1.6ms
[2023-10-31T08:27:39.616+0000][26.912s][info ][gc,heap       ] GC(41) Eden regions: 139->0(225)
[2023-10-31T08:27:39.617+0000][26.913s][info ][gc,heap       ] GC(41) Survivor regions: 22->19(31)
[2023-10-31T08:27:39.617+0000][26.914s][info ][gc,heap       ] GC(41) Old regions: 66->71
[2023-10-31T08:27:39.618+0000][26.914s][info ][gc,heap       ] GC(41) Humongous regions: 0->0
[2023-10-31T08:27:39.618+0000][26.915s][info ][gc,metaspace  ] GC(41) Metaspace: 108740K(111696K)->108740K(111696K) NonClass: 95646K(97488K)->95646K(97488K) Class: 13093K(14208K)->13093K(14208K)
[2023-10-31T08:27:39.619+0000][26.915s][info ][gc            ] GC(41) Pause Young (Concurrent Start) (Metadata GC Threshold) 225M->88M(407M) 66.083ms
[2023-10-31T08:27:39.619+0000][26.916s][info ][gc,cpu        ] GC(41) User=0.40s Sys=0.01s Real=0.06s
[2023-10-31T08:27:39.620+0000][26.917s][info ][gc            ] GC(42) Concurrent Cycle
[2023-10-31T08:27:39.620+0000][26.917s][info ][safepoint     ] Leaving safepoint region
[2023-10-31T08:27:39.622+0000][26.919s][info ][safepoint     ] Total time for which application threads were stopped: 0.0700191 seconds, Stopping threads took: 0.0006011 seconds
[2023-10-31T08:27:39.621+0000][26.918s][info ][gc,marking    ] GC(42) Concurrent Clear Claimed Marks
[2023-10-31T08:27:39.623+0000][26.919s][info ][gc,stringdedup] Concurrent String Deduplication (26.919s)
[2023-10-31T08:27:39.625+0000][26.921s][info ][gc,marking    ] GC(42) Concurrent Clear Claimed Marks 3.384ms
[2023-10-31T08:27:39.630+0000][26.927s][debug][safepoint     ] Safepoint synchronization initiated. (40 threads)
[2023-10-31T08:27:39.631+0000][26.928s][info ][gc,marking    ] GC(42) Concurrent Scan Root Regions
[2023-10-31T08:27:39.633+0000][26.930s][info ][safepoint     ] Application time: 0.0104676 seconds
[2023-10-31T08:27:39.636+0000][26.933s][info ][safepoint     ] Entering safepoint region: CollectForMetadataAllocation
[2023-10-31T08:27:39.639+0000][26.936s][info ][safepoint     ] Leaving safepoint region
[2023-10-31T08:27:39.649+0000][26.945s][info ][safepoint     ] Total time for which application threads were stopped: 0.0123763 seconds, Stopping threads took: 0.0029121 seconds
[2023-10-31T08:27:39.666+0000][26.962s][info ][gc,marking    ] GC(42) Concurrent Scan Root Regions 34.552ms
[2023-10-31T08:27:39.672+0000][26.969s][info ][gc,marking    ] GC(42) Concurrent Mark (26.969s)
[2023-10-31T08:27:39.676+0000][26.973s][info ][gc,stringdedup] Concurrent String Deduplication 584.7K->412.9K(171.9K) avg 49.2% (26.919s, 26.973s) 29.385ms
[2023-10-31T08:27:39.679+0000][26.976s][info ][gc,marking    ] GC(42) Concurrent Mark From Roots
[2023-10-31T08:27:39.689+0000][26.985s][info ][gc,task       ] GC(42) Using 2 workers of 2 for marking
[2023-10-31T08:27:39.945+0000][27.241s][info ][gc,marking    ] GC(42) Concurrent Mark From Roots 265.140ms
[2023-10-31T08:27:39.974+0000][27.270s][info ][gc,marking    ] GC(42) Concurrent Preclean
[2023-10-31T08:27:39.993+0000][27.289s][info ][gc,marking    ] GC(42) Concurrent Preclean 18.947ms
[2023-10-31T08:27:39.994+0000][27.291s][info ][gc,marking    ] GC(42) Concurrent Mark (26.969s, 27.291s) 322.317ms
[2023-10-31T08:27:39.996+0000][27.292s][debug][safepoint     ] Safepoint synchronization initiated. (39 threads)
[2023-10-31T08:27:39.997+0000][27.294s][info ][safepoint     ] Application time: 0.3423468 seconds
[2023-10-31T08:27:40.011+0000][27.307s][debug][safepoint     ] ... found polling page return exception at pc = 0x00007f62e830e109, stub =0x00007f62e0840600
[2023-10-31T08:27:40.013+0000][27.310s][debug][safepoint     ] Waiting for 1 thread(s) to block
[2023-10-31T08:27:40.014+0000][27.311s][info ][safepoint     ] Entering safepoint region: CGC_Operation
[2023-10-31T08:27:40.015+0000][27.312s][info ][gc,start      ] GC(42) Pause Remark
[2023-10-31T08:27:40.070+0000][27.366s][info ][gc,stringtable] GC(42) Cleaned string and symbol table, strings: 53675 processed, 83 removed, symbols: 305903 processed, 361 removed
[2023-10-31T08:27:40.083+0000][27.379s][info ][gc            ] GC(42) Pause Remark 92M->92M(407M) 67.337ms
[2023-10-31T08:27:40.111+0000][27.408s][info ][gc,cpu        ] GC(42) User=0.37s Sys=0.01s Real=0.09s
[2023-10-31T08:27:40.119+0000][27.415s][info ][safepoint     ] Leaving safepoint region
[2023-10-31T08:27:40.120+0000][27.417s][info ][safepoint     ] Total time for which application threads were stopped: 0.1096941 seconds, Stopping threads took: 0.0042229 seconds
[2023-10-31T08:27:40.128+0000][27.425s][info ][gc,marking    ] GC(42) Concurrent Rebuild Remembered Sets
[2023-10-31T08:27:40.297+0000][27.594s][info ][gc,marking    ] GC(42) Concurrent Rebuild Remembered Sets 169.119ms
[2023-10-31T08:27:40.299+0000][27.595s][debug][safepoint     ] Safepoint synchronization initiated. (39 threads)
[2023-10-31T08:27:40.299+0000][27.596s][info ][safepoint     ] Application time: 0.1713728 seconds
[2023-10-31T08:27:40.300+0000][27.596s][debug][safepoint     ] ... found polling page return exception at pc = 0x00007f62e84dc5bc, stub =0x00007f62e0840600
[2023-10-31T08:27:40.301+0000][27.597s][debug][safepoint     ] Waiting for 1 thread(s) to block
[2023-10-31T08:27:40.301+0000][27.598s][info ][safepoint     ] Entering safepoint region: CGC_Operation
[2023-10-31T08:27:40.303+0000][27.599s][info ][gc,start      ] GC(42) Pause Cleanup
[2023-10-31T08:27:40.304+0000][27.600s][info ][gc            ] GC(42) Pause Cleanup 93M->93M(407M) 1.188ms
[2023-10-31T08:27:40.304+0000][27.601s][info ][gc,cpu        ] GC(42) User=0.00s Sys=0.00s Real=0.00s
[2023-10-31T08:27:40.305+0000][27.601s][info ][safepoint     ] Leaving safepoint region
[2023-10-31T08:27:40.305+0000][27.602s][info ][safepoint     ] Total time for which application threads were stopped: 0.0054785 seconds, Stopping threads took: 0.0021481 seconds
[2023-10-31T08:27:40.306+0000][27.602s][info ][gc,marking    ] GC(42) Concurrent Cleanup for Next Mark
[2023-10-31T08:27:40.313+0000][27.610s][info ][gc,marking    ] GC(42) Concurrent Cleanup for Next Mark 7.391ms
[2023-10-31T08:27:40.321+0000][27.617s][info ][gc            ] GC(42) Concurrent Cycle 700.581ms
[2023-10-31T08:27:41.315+0000][28.611s][debug][safepoint     ] Safepoint synchronization initiated. (41 threads)
[2023-10-31T08:27:41.317+0000][28.614s][info ][safepoint     ] Application time: 1.0111051 seconds
[2023-10-31T08:27:41.321+0000][28.617s][debug][safepoint     ] Waiting for 1 thread(s) to block
[2023-10-31T08:27:41.322+0000][28.618s][info ][safepoint     ] Entering safepoint region: Cleanup
[2023-10-31T08:27:41.322+0000][28.619s][info ][safepoint     ] Leaving safepoint region
[2023-10-31T08:27:41.323+0000][28.620s][info ][safepoint     ] Total time for which application threads were stopped: 0.0025416 seconds, Stopping threads took: 0.0015517 seconds
[2023-10-31T08:27:42.324+0000][29.620s][debug][safepoint     ] Safepoint synchronization initiated. (42 threads)
[2023-10-31T08:27:42.327+0000][29.623s][info ][safepoint     ] Application time: 1.0030598 seconds
[2023-10-31T08:27:42.327+0000][29.624s][debug][safepoint     ] Waiting for 1 thread(s) to block
[2023-10-31T08:27:42.328+0000][29.625s][info ][safepoint     ] Entering safepoint region: Cleanup
[2023-10-31T08:27:42.330+0000][29.626s][info ][safepoint     ] Leaving safepoint region
[2023-10-31T08:27:42.330+0000][29.627s][info ][safepoint     ] Total time for which application threads were stopped: 0.0029759 seconds, Stopping threads took: 0.0017657 seconds
[2023-10-31T08:27:43.222+0000][30.518s][debug][safepoint     ] Safepoint synchronization initiated. (42 threads)
[2023-10-31T08:27:43.223+0000][30.519s][info ][safepoint     ] Application time: 0.8917361 seconds
[2023-10-31T08:27:43.224+0000][30.521s][info ][safepoint     ] Entering safepoint region: Deoptimize
[2023-10-31T08:27:43.228+0000][30.524s][info ][safepoint     ] Leaving safepoint region
[2023-10-31T08:27:43.228+0000][30.525s][info ][safepoint     ] Total time for which application threads were stopped: 0.0042195 seconds, Stopping threads took: 0.0014447 seconds
[2023-10-31T08:27:43.421+0000][30.718s][debug][safepoint     ] Safepoint synchronization initiated. (42 threads)
[2023-10-31T08:27:43.423+0000][30.719s][info ][safepoint     ] Application time: 0.1938926 seconds
[2023-10-31T08:27:43.426+0000][30.722s][info ][safepoint     ] Entering safepoint region: Deoptimize
[2023-10-31T08:27:43.429+0000][30.725s][info ][safepoint     ] Leaving safepoint region
[2023-10-31T08:27:43.430+0000][30.727s][info ][safepoint     ] Total time for which application threads were stopped: 0.0048336 seconds, Stopping threads took: 0.0009403 seconds
[2023-10-31T08:27:43.502+0000][30.799s][debug][safepoint     ] Safepoint synchronization initiated. (42 threads)
[2023-10-31T08:27:43.503+0000][30.800s][info ][safepoint     ] Application time: 0.0712816 seconds
[2023-10-31T08:27:43.504+0000][30.800s][info ][safepoint     ] Entering safepoint region: Deoptimize
[2023-10-31T08:27:43.506+0000][30.803s][info ][safepoint     ] Leaving safepoint region
[2023-10-31T08:27:43.507+0000][30.804s][info ][safepoint     ] Total time for which application threads were stopped: 0.0035931 seconds, Stopping threads took: 0.0007410 seconds
[2023-10-31T08:27:43.606+0000][30.903s][debug][safepoint     ] Safepoint synchronization initiated. (42 threads)
[2023-10-31T08:27:43.607+0000][30.904s][info ][safepoint     ] Application time: 0.0995884 seconds
[2023-10-31T08:27:43.608+0000][30.904s][info ][safepoint     ] Entering safepoint region: Deoptimize
[2023-10-31T08:27:43.611+0000][30.907s][info ][safepoint     ] Leaving safepoint region
[2023-10-31T08:27:43.611+0000][30.908s][info ][safepoint     ] Total time for which application threads were stopped: 0.0037273 seconds, Stopping threads took: 0.0005980 seconds
[2023-10-31T08:27:43.888+0000][31.184s][debug][safepoint     ] Safepoint synchronization initiated. (42 threads)
[2023-10-31T08:27:43.888+0000][31.185s][info ][safepoint     ] Application time: 0.2760562 seconds
[2023-10-31T08:27:43.889+0000][31.186s][info ][safepoint     ] Entering safepoint region: Deoptimize
[2023-10-31T08:27:43.891+0000][31.188s][info ][safepoint     ] Leaving safepoint region
[2023-10-31T08:27:43.892+0000][31.189s][info ][safepoint     ] Total time for which application threads were stopped: 0.0027831 seconds, Stopping threads took: 0.0006104 seconds
[2023-10-31T08:27:43.894+0000][31.191s][debug][safepoint     ] Safepoint synchronization initiated. (42 threads)
[2023-10-31T08:27:43.894+0000][31.191s][info ][safepoint     ] Application time: 0.0019701 seconds
[2023-10-31T08:27:43.895+0000][31.192s][info ][safepoint     ] Entering safepoint region: Deoptimize
[2023-10-31T08:27:43.897+0000][31.194s][info ][safepoint     ] Leaving safepoint region
[2023-10-31T08:27:43.898+0000][31.194s][info ][safepoint     ] Total time for which application threads were stopped: 0.0028218 seconds, Stopping threads took: 0.0004620 seconds
[2023-10-31T08:27:43.912+0000][31.208s][debug][safepoint     ] Safepoint synchronization initiated. (42 threads)
[2023-10-31T08:27:43.912+0000][31.209s][info ][safepoint     ] Application time: 0.0139832 seconds
[2023-10-31T08:27:43.913+0000][31.209s][info ][safepoint     ] Entering safepoint region: G1CollectForAllocation
[2023-10-31T08:27:43.913+0000][31.210s][info ][gc,start      ] GC(43) Pause Young (Normal) (G1 Evacuation Pause)
[2023-10-31T08:27:43.914+0000][31.210s][info ][gc,task       ] GC(43) Using 8 workers of 8 for evacuation
[2023-10-31T08:27:43.950+0000][31.247s][info ][gc,phases     ] GC(43)   Pre Evacuate Collection Set: 0.0ms
[2023-10-31T08:27:43.951+0000][31.247s][info ][gc,phases     ] GC(43)   Evacuate Collection Set: 30.9ms
[2023-10-31T08:27:43.951+0000][31.248s][info ][gc,phases     ] GC(43)   Post Evacuate Collection Set: 5.0ms
[2023-10-31T08:27:43.951+0000][31.248s][info ][gc,phases     ] GC(43)   Other: 1.0ms
[2023-10-31T08:27:43.952+0000][31.249s][info ][gc,heap       ] GC(43) Eden regions: 225->0(224)
[2023-10-31T08:27:43.952+0000][31.249s][info ][gc,heap       ] GC(43) Survivor regions: 19->20(31)
[2023-10-31T08:27:43.953+0000][31.249s][info ][gc,heap       ] GC(43) Old regions: 71->76
[2023-10-31T08:27:43.953+0000][31.250s][info ][gc,heap       ] GC(43) Humongous regions: 0->0
[2023-10-31T08:27:43.953+0000][31.250s][info ][gc,metaspace  ] GC(43) Metaspace: 116613K(120144K)->116613K(120144K) NonClass: 102717K(104912K)->102717K(104912K) Class: 13896K(15232K)->13896K(15232K)
[2023-10-31T08:27:43.954+0000][31.250s][info ][gc            ] GC(43) Pause Young (Normal) (G1 Evacuation Pause) 313M->94M(407M) 40.434ms
[2023-10-31T08:27:43.954+0000][31.251s][info ][gc,cpu        ] GC(43) User=0.27s Sys=0.00s Real=0.04s
[2023-10-31T08:27:43.955+0000][31.251s][info ][safepoint     ] Leaving safepoint region
[2023-10-31T08:27:43.955+0000][31.252s][info ][safepoint     ] Total time for which application threads were stopped: 0.0423775 seconds, Stopping threads took: 0.0004701 seconds
[2023-10-31T08:27:43.956+0000][31.252s][info ][gc,stringdedup] Concurrent String Deduplication (31.252s)
[2023-10-31T08:27:43.959+0000][31.255s][info ][gc,stringdedup] Concurrent String Deduplication 465.8K->129.3K(336.5K) avg 49.9% (31.252s, 31.255s) 2.961ms
[2023-10-31T08:27:44.002+0000][31.299s][debug][safepoint     ] Safepoint synchronization initiated. (42 threads)
[2023-10-31T08:27:44.003+0000][31.299s][info ][safepoint     ] Application time: 0.0471413 seconds
[2023-10-31T08:27:44.003+0000][31.300s][debug][safepoint     ] Waiting for 1 thread(s) to block
[2023-10-31T08:27:44.004+0000][31.300s][info ][safepoint     ] Entering safepoint region: ICBufferFull
[2023-10-31T08:27:44.004+0000][31.301s][info ][safepoint     ] Leaving safepoint region
[2023-10-31T08:27:44.005+0000][31.302s][info ][safepoint     ] Total time for which application threads were stopped: 0.0018317 seconds, Stopping threads took: 0.0009491 seconds
[2023-10-31T08:27:45.006+0000][32.302s][debug][safepoint     ] Safepoint synchronization initiated. (43 threads)
[2023-10-31T08:27:45.006+0000][32.303s][info ][safepoint     ] Application time: 1.0009257 seconds
[2023-10-31T08:27:45.007+0000][32.303s][debug][safepoint     ] Waiting for 1 thread(s) to block
[2023-10-31T08:27:45.007+0000][32.304s][info ][safepoint     ] Entering safepoint region: Cleanup
[2023-10-31T08:27:45.008+0000][32.305s][info ][safepoint     ] Leaving safepoint region
[2023-10-31T08:27:45.009+0000][32.305s][info ][safepoint     ] Total time for which application threads were stopped: 0.0019776 seconds, Stopping threads took: 0.0012120 seconds
[2023-10-31T08:27:45.149+0000][32.445s][debug][safepoint     ] Safepoint synchronization initiated. (43 threads)
[2023-10-31T08:27:45.149+0000][32.446s][info ][safepoint     ] Application time: 0.1399527 seconds
[2023-10-31T08:27:45.150+0000][32.446s][info ][safepoint     ] Entering safepoint region: Deoptimize
[2023-10-31T08:27:45.153+0000][32.450s][info ][safepoint     ] Leaving safepoint region
[2023-10-31T08:27:45.154+0000][32.450s][info ][safepoint     ] Total time for which application threads were stopped: 0.0038788 seconds, Stopping threads took: 0.0004446 seconds
[2023-10-31T08:27:45.517+0000][32.814s][debug][safepoint     ] Safepoint synchronization initiated. (43 threads)
[2023-10-31T08:27:45.517+0000][32.814s][info ][safepoint     ] Application time: 0.3634508 seconds
[2023-10-31T08:27:45.518+0000][32.815s][info ][safepoint     ] Entering safepoint region: Deoptimize
[2023-10-31T08:27:45.520+0000][32.817s][info ][safepoint     ] Leaving safepoint region
[2023-10-31T08:27:45.521+0000][32.817s][info ][safepoint     ] Total time for which application threads were stopped: 0.0027559 seconds, Stopping threads took: 0.0004282 seconds
[2023-10-31T08:27:45.632+0000][32.928s][debug][safepoint     ] Safepoint synchronization initiated. (44 threads)
[2023-10-31T08:27:45.632+0000][32.929s][info ][safepoint     ] Application time: 0.1108147 seconds
[2023-10-31T08:27:45.633+0000][32.929s][info ][safepoint     ] Entering safepoint region: G1CollectForAllocation
[2023-10-31T08:27:45.633+0000][32.930s][info ][gc,start      ] GC(44) Pause Young (Normal) (G1 Evacuation Pause)
[2023-10-31T08:27:45.634+0000][32.931s][info ][gc,task       ] GC(44) Using 8 workers of 8 for evacuation
[2023-10-31T08:27:45.718+0000][33.015s][info ][gc,phases     ] GC(44)   Pre Evacuate Collection Set: 0.1ms
[2023-10-31T08:27:45.719+0000][33.015s][info ][gc,phases     ] GC(44)   Evacuate Collection Set: 75.7ms
[2023-10-31T08:27:45.719+0000][33.016s][info ][gc,phases     ] GC(44)   Post Evacuate Collection Set: 7.7ms
[2023-10-31T08:27:45.720+0000][33.016s][info ][gc,phases     ] GC(44)   Other: 1.2ms
[2023-10-31T08:27:45.720+0000][33.017s][info ][gc,heap       ] GC(44) Eden regions: 224->0(224)
[2023-10-31T08:27:45.721+0000][33.017s][info ][gc,heap       ] GC(44) Survivor regions: 20->20(31)
[2023-10-31T08:27:45.721+0000][33.018s][info ][gc,heap       ] GC(44) Old regions: 76->81
[2023-10-31T08:27:45.722+0000][33.018s][info ][gc,heap       ] GC(44) Humongous regions: 0->0
[2023-10-31T08:27:45.722+0000][33.019s][info ][gc,metaspace  ] GC(44) Metaspace: 122857K(126416K)->122857K(126416K) NonClass: 108217K(110544K)->108217K(110544K) Class: 14639K(15872K)->14639K(15872K)
[2023-10-31T08:27:45.723+0000][33.019s][info ][gc            ] GC(44) Pause Young (Normal) (G1 Evacuation Pause) 318M->98M(407M) 89.279ms
[2023-10-31T08:27:45.723+0000][33.020s][info ][gc,cpu        ] GC(44) User=0.61s Sys=0.02s Real=0.09s
[2023-10-31T08:27:45.724+0000][33.020s][info ][safepoint     ] Leaving safepoint region
[2023-10-31T08:27:45.724+0000][33.021s][info ][safepoint     ] Total time for which application threads were stopped: 0.0915589 seconds, Stopping threads took: 0.0004938 seconds
[2023-10-31T08:27:45.725+0000][33.022s][info ][gc,stringdedup] Concurrent String Deduplication (33.022s)
[2023-10-31T08:27:45.732+0000][33.028s][info ][gc,stringdedup] Concurrent String Deduplication 328.5K->134.9K(193.6K) avg 50.1% (33.022s, 33.028s) 6.816ms
[2023-10-31T08:27:46.725+0000][34.022s][debug][safepoint     ] Safepoint synchronization initiated. (44 threads)
[2023-10-31T08:27:46.726+0000][34.022s][info ][safepoint     ] Application time: 1.0008649 seconds
[2023-10-31T08:27:46.726+0000][34.023s][debug][safepoint     ] Waiting for 2 thread(s) to block
[2023-10-31T08:27:46.727+0000][34.023s][info ][safepoint     ] Entering safepoint region: Cleanup
[2023-10-31T08:27:46.728+0000][34.024s][info ][safepoint     ] Leaving safepoint region
[2023-10-31T08:27:46.728+0000][34.025s][info ][safepoint     ] Total time for which application threads were stopped: 0.0019200 seconds, Stopping threads took: 0.0011374 seconds
[2023-10-31T08:27:47.729+0000][35.026s][debug][safepoint     ] Safepoint synchronization initiated. (47 threads)
[2023-10-31T08:27:47.738+0000][35.034s][info ][safepoint     ] Application time: 1.0086842 seconds
[2023-10-31T08:27:47.744+0000][35.040s][debug][safepoint     ] ... found polling page return exception at pc = 0x00007f62e82f6c1b, stub =0x00007f62e0840600
[2023-10-31T08:27:47.744+0000][35.041s][debug][safepoint     ] Waiting for 2 thread(s) to block
[2023-10-31T08:27:47.746+0000][35.042s][info ][safepoint     ] Entering safepoint region: Cleanup
[2023-10-31T08:27:47.748+0000][35.045s][info ][safepoint     ] Leaving safepoint region
[2023-10-31T08:27:47.750+0000][35.046s][info ][safepoint     ] Total time for which application threads were stopped: 0.0059964 seconds, Stopping threads took: 0.0045386 seconds
[2023-10-31T08:27:48.752+0000][36.048s][debug][safepoint     ] Safepoint synchronization initiated. (47 threads)
[2023-10-31T08:27:48.760+0000][36.056s][info ][safepoint     ] Application time: 1.0081574 seconds
[2023-10-31T08:27:48.770+0000][36.067s][debug][safepoint     ] Waiting for 1 thread(s) to block
[2023-10-31T08:27:48.772+0000][36.068s][info ][safepoint     ] Entering safepoint region: Cleanup
[2023-10-31T08:27:48.773+0000][36.070s][info ][safepoint     ] Leaving safepoint region
[2023-10-31T08:27:48.775+0000][36.071s][info ][safepoint     ] Total time for which application threads were stopped: 0.0048181 seconds, Stopping threads took: 0.0026895 seconds
[2023-10-31T08:27:49.073+0000][36.369s][debug][safepoint     ] Safepoint synchronization initiated. (48 threads)
[2023-10-31T08:27:49.073+0000][36.370s][info ][safepoint     ] Application time: 0.2980422 seconds
[2023-10-31T08:27:49.074+0000][36.371s][info ][safepoint     ] Entering safepoint region: G1CollectForAllocation
[2023-10-31T08:27:49.075+0000][36.372s][info ][gc,start      ] GC(45) Pause Young (Normal) (G1 Evacuation Pause)
[2023-10-31T08:27:49.076+0000][36.372s][info ][gc,task       ] GC(45) Using 8 workers of 8 for evacuation
[2023-10-31T08:27:49.146+0000][36.443s][info ][gc,phases     ] GC(45)   Pre Evacuate Collection Set: 0.0ms
[2023-10-31T08:27:49.147+0000][36.444s][info ][gc,phases     ] GC(45)   Evacuate Collection Set: 63.6ms
[2023-10-31T08:27:49.148+0000][36.444s][info ][gc,phases     ] GC(45)   Post Evacuate Collection Set: 6.5ms
[2023-10-31T08:27:49.148+0000][36.445s][info ][gc,phases     ] GC(45)   Other: 1.4ms
[2023-10-31T08:27:49.149+0000][36.446s][info ][gc,heap       ] GC(45) Eden regions: 224->0(219)
[2023-10-31T08:27:49.150+0000][36.446s][info ][gc,heap       ] GC(45) Survivor regions: 20->25(31)
[2023-10-31T08:27:49.150+0000][36.447s][info ][gc,heap       ] GC(45) Old regions: 81->86
[2023-10-31T08:27:49.151+0000][36.448s][info ][gc,heap       ] GC(45) Humongous regions: 0->0
[2023-10-31T08:27:49.152+0000][36.448s][info ][gc,metaspace  ] GC(45) Metaspace: 130477K(134352K)->130477K(134352K) NonClass: 115264K(117712K)->115264K(117712K) Class: 15212K(16640K)->15212K(16640K)
[2023-10-31T08:27:49.153+0000][36.449s][info ][gc            ] GC(45) Pause Young (Normal) (G1 Evacuation Pause) 322M->108M(407M) 77.829ms
[2023-10-31T08:27:49.154+0000][36.451s][info ][gc,cpu        ] GC(45) User=0.53s Sys=0.00s Real=0.08s
[2023-10-31T08:27:49.157+0000][36.454s][info ][safepoint     ] Leaving safepoint region
[2023-10-31T08:27:49.159+0000][36.455s][info ][safepoint     ] Total time for which application threads were stopped: 0.0846676 seconds, Stopping threads took: 0.0007392 seconds
[2023-10-31T08:27:49.161+0000][36.457s][info ][gc,stringdedup] Concurrent String Deduplication (36.457s)
[2023-10-31T08:27:49.178+0000][36.475s][info ][gc,stringdedup] Concurrent String Deduplication 523.8K->175.1K(348.6K) avg 50.7% (36.457s, 36.475s) 17.721ms
[2023-10-31T08:27:50.161+0000][37.457s][debug][safepoint     ] Safepoint synchronization initiated. (54 threads)
[2023-10-31T08:27:50.183+0000][37.479s][info ][safepoint     ] Application time: 1.0221328 seconds
[2023-10-31T08:27:50.191+0000][37.488s][info ][safepoint     ] Entering safepoint region: Cleanup
[2023-10-31T08:27:50.193+0000][37.490s][info ][safepoint     ] Leaving safepoint region
[2023-10-31T08:27:50.194+0000][37.491s][info ][safepoint     ] Total time for which application threads were stopped: 0.0030967 seconds, Stopping threads took: 0.0017171 seconds
[2023-10-31T08:27:51.053+0000][38.350s][debug][safepoint     ] Safepoint synchronization initiated. (54 threads)
[2023-10-31T08:27:51.054+0000][38.351s][info ][safepoint     ] Application time: 0.8582648 seconds
[2023-10-31T08:27:51.055+0000][38.351s][info ][safepoint     ] Entering safepoint region: ICBufferFull
[2023-10-31T08:27:51.057+0000][38.354s][info ][safepoint     ] Leaving safepoint region
[2023-10-31T08:27:51.058+0000][38.354s][info ][safepoint     ] Total time for which application threads were stopped: 0.0032132 seconds, Stopping threads took: 0.0013271 seconds
[2023-10-31T08:27:51.240+0000][38.537s][debug][safepoint     ] Safepoint synchronization initiated. (54 threads)
[2023-10-31T08:27:51.248+0000][38.545s][info ][safepoint     ] Application time: 0.1895771 seconds
[2023-10-31T08:27:51.250+0000][38.547s][info ][safepoint     ] Entering safepoint region: Deoptimize
[2023-10-31T08:27:51.261+0000][38.558s][info ][safepoint     ] Leaving safepoint region
[2023-10-31T08:27:51.264+0000][38.561s][info ][safepoint     ] Total time for which application threads were stopped: 0.0145976 seconds, Stopping threads took: 0.0009386 seconds
[2023-10-31T08:27:52.265+0000][39.562s][debug][safepoint     ] Safepoint synchronization initiated. (64 threads)
[2023-10-31T08:27:52.266+0000][39.563s][info ][safepoint     ] Application time: 1.0009976 seconds
[2023-10-31T08:27:52.267+0000][39.563s][debug][safepoint     ] ... found polling page return exception at pc = 0x00007f62e835f3b6, stub =0x00007f62e0840600
[2023-10-31T08:27:52.268+0000][39.564s][debug][safepoint     ] Waiting for 1 thread(s) to block
[2023-10-31T08:27:52.268+0000][39.565s][info ][safepoint     ] Entering safepoint region: Cleanup
[2023-10-31T08:27:52.269+0000][39.566s][info ][safepoint     ] Leaving safepoint region
[2023-10-31T08:27:52.270+0000][39.567s][info ][safepoint     ] Total time for which application threads were stopped: 0.0030590 seconds, Stopping threads took: 0.0021583 seconds
[2023-10-31T08:27:53.106+0000][40.403s][debug][safepoint     ] Safepoint synchronization initiated. (65 threads)
[2023-10-31T08:27:53.107+0000][40.403s][info ][safepoint     ] Application time: 0.8361655 seconds
[2023-10-31T08:27:53.108+0000][40.405s][info ][safepoint     ] Entering safepoint region: G1CollectForAllocation
[2023-10-31T08:27:53.115+0000][40.411s][info ][gc,start      ] GC(46) Pause Young (Normal) (G1 Evacuation Pause)
[2023-10-31T08:27:53.118+0000][40.414s][info ][gc,task       ] GC(46) Using 8 workers of 8 for evacuation
[2023-10-31T08:27:53.193+0000][40.489s][info ][gc,phases     ] GC(46)   Pre Evacuate Collection Set: 0.0ms
[2023-10-31T08:27:53.195+0000][40.491s][info ][gc,phases     ] GC(46)   Evacuate Collection Set: 69.8ms
[2023-10-31T08:27:53.196+0000][40.492s][info ][gc,phases     ] GC(46)   Post Evacuate Collection Set: 3.9ms
[2023-10-31T08:27:53.196+0000][40.493s][info ][gc,phases     ] GC(46)   Other: 4.3ms
[2023-10-31T08:27:53.202+0000][40.499s][info ][gc,heap       ] GC(46) Eden regions: 219->0(224)
[2023-10-31T08:27:53.203+0000][40.499s][info ][gc,heap       ] GC(46) Survivor regions: 25->20(31)
[2023-10-31T08:27:53.203+0000][40.500s][info ][gc,heap       ] GC(46) Old regions: 86->94
[2023-10-31T08:27:53.204+0000][40.501s][info ][gc,heap       ] GC(46) Humongous regions: 0->0
[2023-10-31T08:27:53.205+0000][40.501s][info ][gc,metaspace  ] GC(46) Metaspace: 135858K(139472K)->135858K(139472K) NonClass: 120051K(122320K)->120051K(122320K) Class: 15807K(17152K)->15807K(17152K)
[2023-10-31T08:27:53.207+0000][40.504s][info ][gc            ] GC(46) Pause Young (Normal) (G1 Evacuation Pause) 327M->112M(407M) 92.501ms
[2023-10-31T08:27:53.208+0000][40.505s][info ][gc,cpu        ] GC(46) User=0.57s Sys=0.04s Real=0.09s
[2023-10-31T08:27:53.212+0000][40.509s][info ][safepoint     ] Leaving safepoint region
[2023-10-31T08:27:53.215+0000][40.511s][info ][safepoint     ] Total time for which application threads were stopped: 0.1067187 seconds, Stopping threads took: 0.0064189 seconds
[2023-10-31T08:27:53.215+0000][40.512s][info ][gc,stringdedup] Concurrent String Deduplication (40.512s)
[2023-10-31T08:27:53.227+0000][40.524s][info ][gc,stringdedup] Concurrent String Deduplication 170.7K->51480.0B(120.5K) avg 50.9% (40.512s, 40.524s) 11.573ms
[2023-10-31T08:27:53.948+0000][41.245s][debug][safepoint     ] Safepoint synchronization initiated. (65 threads)
[2023-10-31T08:27:53.949+0000][41.246s][info ][safepoint     ] Application time: 0.7336890 seconds
[2023-10-31T08:27:53.950+0000][41.246s][info ][safepoint     ] Entering safepoint region: Deoptimize
[2023-10-31T08:27:53.952+0000][41.249s][info ][safepoint     ] Leaving safepoint region
[2023-10-31T08:27:53.953+0000][41.249s][info ][safepoint     ] Total time for which application threads were stopped: 0.0032230 seconds, Stopping threads took: 0.0006066 seconds
[2023-10-31T08:27:53.954+0000][41.250s][debug][safepoint     ] Safepoint synchronization initiated. (65 threads)
[2023-10-31T08:27:53.954+0000][41.251s][info ][safepoint     ] Application time: 0.0009874 seconds
[2023-10-31T08:27:53.960+0000][41.256s][info ][safepoint     ] Entering safepoint region: Deoptimize
[2023-10-31T08:27:53.970+0000][41.267s][info ][safepoint     ] Leaving safepoint region
[2023-10-31T08:27:53.971+0000][41.268s][info ][safepoint     ] Total time for which application threads were stopped: 0.0115711 seconds, Stopping threads took: 0.0084402 seconds
[2023-10-31T08:27:53.974+0000][41.270s][debug][safepoint     ] Safepoint synchronization initiated. (65 threads)
[2023-10-31T08:27:53.974+0000][41.271s][info ][safepoint     ] Application time: 0.0025123 seconds
[2023-10-31T08:27:53.976+0000][41.273s][info ][safepoint     ] Entering safepoint region: Deoptimize
[2023-10-31T08:27:53.979+0000][41.276s][info ][safepoint     ] Leaving safepoint region
[2023-10-31T08:27:53.980+0000][41.277s][info ][safepoint     ] Total time for which application threads were stopped: 0.0042287 seconds, Stopping threads took: 0.0006764 seconds
[2023-10-31T08:27:54.022+0000][41.318s][debug][safepoint     ] Safepoint synchronization initiated. (65 threads)
[2023-10-31T08:27:54.029+0000][41.326s][info ][safepoint     ] Application time: 0.0479191 seconds
[2023-10-31T08:27:54.037+0000][41.333s][info ][safepoint     ] Entering safepoint region: Deoptimize
[2023-10-31T08:27:54.039+0000][41.336s][info ][safepoint     ] Leaving safepoint region
[2023-10-31T08:27:54.042+0000][41.339s][info ][safepoint     ] Total time for which application threads were stopped: 0.0054131 seconds, Stopping threads took: 0.0010696 seconds
[2023-10-31T08:27:54.924+0000][42.221s][debug][safepoint     ] Safepoint synchronization initiated. (67 threads)
[2023-10-31T08:27:54.927+0000][42.223s][info ][safepoint     ] Application time: 0.8842588 seconds
[2023-10-31T08:27:54.930+0000][42.227s][debug][safepoint     ] Waiting for 1 thread(s) to block
[2023-10-31T08:27:54.944+0000][42.241s][info ][safepoint     ] Entering safepoint region: Deoptimize
[2023-10-31T08:27:54.955+0000][42.252s][info ][safepoint     ] Leaving safepoint region
[2023-10-31T08:27:54.956+0000][42.253s][info ][safepoint     ] Total time for which application threads were stopped: 0.0286067 seconds, Stopping threads took: 0.0207088 seconds
[2023-10-31T08:27:55.957+0000][43.254s][debug][safepoint     ] Safepoint synchronization initiated. (67 threads)
[2023-10-31T08:27:55.958+0000][43.254s][info ][safepoint     ] Application time: 1.0010412 seconds
[2023-10-31T08:27:55.958+0000][43.255s][debug][safepoint     ] Waiting for 1 thread(s) to block
[2023-10-31T08:27:55.963+0000][43.260s][info ][safepoint     ] Entering safepoint region: Cleanup
[2023-10-31T08:27:55.964+0000][43.261s][info ][safepoint     ] Leaving safepoint region
[2023-10-31T08:27:55.965+0000][43.262s][info ][safepoint     ] Total time for which application threads were stopped: 0.0065146 seconds, Stopping threads took: 0.0055544 seconds
[2023-10-31T08:27:56.966+0000][44.262s][debug][safepoint     ] Safepoint synchronization initiated. (67 threads)
[2023-10-31T08:27:56.971+0000][44.268s][info ][safepoint     ] Application time: 1.0055728 seconds
[2023-10-31T08:27:56.980+0000][44.277s][debug][safepoint     ] ... found polling page return exception at pc = 0x00007f62e82d47b5, stub =0x00007f62e0840600
[2023-10-31T08:27:56.982+0000][44.279s][debug][safepoint     ] Waiting for 1 thread(s) to block
[2023-10-31T08:27:56.983+0000][44.280s][info ][safepoint     ] Entering safepoint region: Cleanup
[2023-10-31T08:27:56.988+0000][44.284s][info ][safepoint     ] Leaving safepoint region
[2023-10-31T08:27:56.989+0000][44.285s][info ][safepoint     ] Total time for which application threads were stopped: 0.0116913 seconds, Stopping threads took: 0.0101200 seconds
[2023-10-31T08:27:57.451+0000][44.747s][debug][safepoint     ] Safepoint synchronization initiated. (67 threads)
[2023-10-31T08:27:57.451+0000][44.748s][info ][safepoint     ] Application time: 0.4619170 seconds
[2023-10-31T08:27:57.452+0000][44.749s][info ][safepoint     ] Entering safepoint region: G1CollectForAllocation
[2023-10-31T08:27:57.453+0000][44.749s][info ][gc,start      ] GC(47) Pause Young (Normal) (G1 Evacuation Pause)
[2023-10-31T08:27:57.454+0000][44.750s][info ][gc,task       ] GC(47) Using 8 workers of 8 for evacuation
[2023-10-31T08:27:57.503+0000][44.799s][info ][gc,phases     ] GC(47)   Pre Evacuate Collection Set: 0.1ms
[2023-10-31T08:27:57.504+0000][44.800s][info ][gc,phases     ] GC(47)   Evacuate Collection Set: 43.1ms
[2023-10-31T08:27:57.504+0000][44.801s][info ][gc,phases     ] GC(47)   Post Evacuate Collection Set: 5.1ms
[2023-10-31T08:27:57.505+0000][44.802s][info ][gc,phases     ] GC(47)   Other: 1.8ms
[2023-10-31T08:27:57.505+0000][44.802s][info ][gc,heap       ] GC(47) Eden regions: 224->0(264)
[2023-10-31T08:27:57.506+0000][44.802s][info ][gc,heap       ] GC(47) Survivor regions: 20->18(31)
[2023-10-31T08:27:57.506+0000][44.803s][info ][gc,heap       ] GC(47) Old regions: 94->99
[2023-10-31T08:27:57.507+0000][44.803s][info ][gc,heap       ] GC(47) Humongous regions: 0->0
[2023-10-31T08:27:57.507+0000][44.804s][info ][gc,metaspace  ] GC(47) Metaspace: 138435K(142160K)->138435K(142160K) NonClass: 122278K(124624K)->122278K(124624K) Class: 16156K(17536K)->16156K(17536K)
[2023-10-31T08:27:57.508+0000][44.804s][info ][gc            ] GC(47) Pause Young (Normal) (G1 Evacuation Pause) 336M->115M(470M) 55.056ms
[2023-10-31T08:27:57.508+0000][44.805s][info ][gc,cpu        ] GC(47) User=0.35s Sys=0.01s Real=0.05s
[2023-10-31T08:27:57.509+0000][44.805s][info ][safepoint     ] Leaving safepoint region
[2023-10-31T08:27:57.509+0000][44.806s][info ][safepoint     ] Total time for which application threads were stopped: 0.0572621 seconds, Stopping threads took: 0.0005015 seconds
[2023-10-31T08:27:57.510+0000][44.806s][info ][gc,stringdedup] Concurrent String Deduplication (44.806s)
[2023-10-31T08:27:57.519+0000][44.816s][info ][gc,stringdedup] Concurrent String Deduplication 637.8K->115.9K(521.8K) avg 52.2% (44.806s, 44.816s) 9.326ms
[2023-10-31T08:27:57.878+0000][45.173s][debug][safepoint     ] Safepoint synchronization initiated. (67 threads)
[2023-10-31T08:27:57.878+0000][45.174s][info ][safepoint     ] Application time: 0.3678311 seconds
[2023-10-31T08:27:57.879+0000][45.175s][debug][safepoint     ] Waiting for 1 thread(s) to block
[2023-10-31T08:27:57.879+0000][45.175s][info ][safepoint     ] Entering safepoint region: Deoptimize
[2023-10-31T08:27:57.885+0000][45.181s][info ][safepoint     ] Leaving safepoint region
[2023-10-31T08:27:57.886+0000][45.182s][info ][safepoint     ] Total time for which application threads were stopped: 0.0073698 seconds, Stopping threads took: 0.0011696 seconds
[2023-10-31T08:27:57.937+0000][45.233s][debug][safepoint     ] Safepoint synchronization initiated. (67 threads)
[2023-10-31T08:27:57.938+0000][45.233s][info ][safepoint     ] Application time: 0.0508500 seconds
[2023-10-31T08:27:57.939+0000][45.235s][info ][safepoint     ] Entering safepoint region: Deoptimize
[2023-10-31T08:27:57.943+0000][45.239s][info ][safepoint     ] Leaving safepoint region
[2023-10-31T08:27:57.944+0000][45.240s][info ][safepoint     ] Total time for which application threads were stopped: 0.0051185 seconds, Stopping threads took: 0.0006663 seconds
[2023-10-31T08:27:58.597+0000][45.893s][debug][safepoint     ] Safepoint synchronization initiated. (67 threads)
[2023-10-31T08:27:58.597+0000][45.893s][info ][safepoint     ] Application time: 0.6529338 seconds
[2023-10-31T08:27:58.598+0000][45.894s][info ][safepoint     ] Entering safepoint region: Deoptimize
[2023-10-31T08:27:58.601+0000][45.897s][info ][safepoint     ] Leaving safepoint region
[2023-10-31T08:27:58.601+0000][45.897s][info ][safepoint     ] Total time for which application threads were stopped: 0.0035254 seconds, Stopping threads took: 0.0006302 seconds
[2023-10-31T08:27:58.706+0000][46.002s][debug][safepoint     ] Safepoint synchronization initiated. (67 threads)
[2023-10-31T08:27:58.707+0000][46.003s][info ][safepoint     ] Application time: 0.1052100 seconds
[2023-10-31T08:27:58.708+0000][46.004s][info ][safepoint     ] Entering safepoint region: Deoptimize
[2023-10-31T08:27:58.710+0000][46.006s][info ][safepoint     ] Leaving safepoint region
[2023-10-31T08:27:58.711+0000][46.007s][info ][safepoint     ] Total time for which application threads were stopped: 0.0029943 seconds, Stopping threads took: 0.0005258 seconds
[2023-10-31T08:27:59.372+0000][46.668s][debug][safepoint     ] Safepoint synchronization initiated. (76 threads)
[2023-10-31T08:27:59.373+0000][46.669s][info ][safepoint     ] Application time: 0.6612155 seconds
[2023-10-31T08:27:59.373+0000][46.669s][info ][safepoint     ] Entering safepoint region: G1CollectForAllocation
[2023-10-31T08:27:59.374+0000][46.670s][info ][gc,start      ] GC(48) Pause Young (Normal) (G1 Evacuation Pause)
[2023-10-31T08:27:59.374+0000][46.670s][info ][gc,task       ] GC(48) Using 8 workers of 8 for evacuation
[2023-10-31T08:27:59.414+0000][46.709s][info ][gc,phases     ] GC(48)   Pre Evacuate Collection Set: 0.0ms
[2023-10-31T08:27:59.414+0000][46.710s][info ][gc,phases     ] GC(48)   Evacuate Collection Set: 31.7ms
[2023-10-31T08:27:59.415+0000][46.710s][info ][gc,phases     ] GC(48)   Post Evacuate Collection Set: 7.1ms
[2023-10-31T08:27:59.415+0000][46.711s][info ][gc,phases     ] GC(48)   Other: 1.0ms
[2023-10-31T08:27:59.416+0000][46.711s][info ][gc,heap       ] GC(48) Eden regions: 264->0(260)
[2023-10-31T08:27:59.416+0000][46.712s][info ][gc,heap       ] GC(48) Survivor regions: 18->22(36)
[2023-10-31T08:27:59.416+0000][46.712s][info ][gc,heap       ] GC(48) Old regions: 99->99
[2023-10-31T08:27:59.417+0000][46.713s][info ][gc,heap       ] GC(48) Humongous regions: 0->0
[2023-10-31T08:27:59.417+0000][46.713s][info ][gc,metaspace  ] GC(48) Metaspace: 141248K(145360K)->141248K(145360K) NonClass: 124654K(127184K)->124654K(127184K) Class: 16593K(18176K)->16593K(18176K)
[2023-10-31T08:27:59.418+0000][46.714s][info ][gc            ] GC(48) Pause Young (Normal) (G1 Evacuation Pause) 379M->118M(470M) 44.249ms
[2023-10-31T08:27:59.418+0000][46.714s][info ][gc,cpu        ] GC(48) User=0.25s Sys=0.00s Real=0.04s
[2023-10-31T08:27:59.419+0000][46.715s][info ][safepoint     ] Leaving safepoint region
[2023-10-31T08:27:59.419+0000][46.715s][info ][safepoint     ] Total time for which application threads were stopped: 0.0464363 seconds, Stopping threads took: 0.0003882 seconds
[2023-10-31T08:27:59.420+0000][46.716s][info ][gc,stringdedup] Concurrent String Deduplication (46.716s)
[2023-10-31T08:27:59.425+0000][46.721s][info ][gc,stringdedup] Concurrent String Deduplication 340.4K->149.4K(191.0K) avg 52.2% (46.716s, 46.721s) 5.002ms
[2023-10-31T08:27:59.935+0000][47.231s][debug][safepoint     ] Safepoint synchronization initiated. (76 threads)
[2023-10-31T08:27:59.935+0000][47.231s][info ][safepoint     ] Application time: 0.5155753 seconds
[2023-10-31T08:27:59.936+0000][47.232s][info ][safepoint     ] Entering safepoint region: Deoptimize
[2023-10-31T08:27:59.939+0000][47.235s][info ][safepoint     ] Leaving safepoint region
[2023-10-31T08:27:59.939+0000][47.235s][info ][safepoint     ] Total time for which application threads were stopped: 0.0032895 seconds, Stopping threads took: 0.0007391 seconds
[2023-10-31T08:27:59.988+0000][47.284s][debug][safepoint     ] Safepoint synchronization initiated. (76 threads)
[2023-10-31T08:27:59.989+0000][47.285s][info ][safepoint     ] Application time: 0.0492011 seconds
[2023-10-31T08:27:59.990+0000][47.285s][info ][safepoint     ] Entering safepoint region: Deoptimize
[2023-10-31T08:27:59.992+0000][47.288s][info ][safepoint     ] Leaving safepoint region
[2023-10-31T08:27:59.993+0000][47.288s][info ][safepoint     ] Total time for which application threads were stopped: 0.0030437 seconds, Stopping threads took: 0.0005038 seconds
[2023-10-31T08:28:00.415+0000][47.711s][debug][safepoint     ] Safepoint synchronization initiated. (88 threads)
[2023-10-31T08:28:00.415+0000][47.711s][info ][safepoint     ] Application time: 0.4221853 seconds
[2023-10-31T08:28:00.416+0000][47.712s][info ][safepoint     ] Entering safepoint region: ICBufferFull
[2023-10-31T08:28:00.417+0000][47.713s][info ][safepoint     ] Leaving safepoint region
[2023-10-31T08:28:00.418+0000][47.714s][info ][safepoint     ] Total time for which application threads were stopped: 0.0015251 seconds, Stopping threads took: 0.0005552 seconds
[2023-10-31T08:28:01.233+0000][48.529s][debug][safepoint     ] Safepoint synchronization initiated. (88 threads)
[2023-10-31T08:28:01.234+0000][48.530s][info ][safepoint     ] Application time: 0.8158326 seconds
[2023-10-31T08:28:01.235+0000][48.531s][debug][safepoint     ] Waiting for 1 thread(s) to block
[2023-10-31T08:28:01.235+0000][48.531s][info ][safepoint     ] Entering safepoint region: ICBufferFull
[2023-10-31T08:28:01.236+0000][48.532s][info ][safepoint     ] Leaving safepoint region
[2023-10-31T08:28:01.237+0000][48.533s][info ][safepoint     ] Total time for which application threads were stopped: 0.0023125 seconds, Stopping threads took: 0.0014072 seconds
[2023-10-31T08:28:01.769+0000][49.065s][debug][safepoint     ] Safepoint synchronization initiated. (88 threads)
[2023-10-31T08:28:01.770+0000][49.066s][info ][safepoint     ] Application time: 0.5327627 seconds
[2023-10-31T08:28:01.771+0000][49.067s][info ][safepoint     ] Entering safepoint region: G1CollectForAllocation
[2023-10-31T08:28:01.772+0000][49.068s][info ][gc,start      ] GC(49) Pause Young (Normal) (G1 Evacuation Pause)
[2023-10-31T08:28:01.772+0000][49.068s][info ][gc,task       ] GC(49) Using 8 workers of 8 for evacuation
[2023-10-31T08:28:01.826+0000][49.122s][info ][gc,phases     ] GC(49)   Pre Evacuate Collection Set: 0.0ms
[2023-10-31T08:28:01.827+0000][49.123s][info ][gc,phases     ] GC(49)   Evacuate Collection Set: 43.3ms
[2023-10-31T08:28:01.828+0000][49.123s][info ][gc,phases     ] GC(49)   Post Evacuate Collection Set: 9.7ms
[2023-10-31T08:28:01.828+0000][49.124s][info ][gc,phases     ] GC(49)   Other: 1.5ms
[2023-10-31T08:28:01.828+0000][49.124s][info ][gc,heap       ] GC(49) Eden regions: 260->0(261)
[2023-10-31T08:28:01.829+0000][49.125s][info ][gc,heap       ] GC(49) Survivor regions: 22->21(36)
[2023-10-31T08:28:01.829+0000][49.125s][info ][gc,heap       ] GC(49) Old regions: 99->108
[2023-10-31T08:28:01.830+0000][49.126s][info ][gc,heap       ] GC(49) Humongous regions: 0->0
[2023-10-31T08:28:01.831+0000][49.127s][info ][gc,metaspace  ] GC(49) Metaspace: 145001K(149584K)->145001K(149584K) NonClass: 127908K(130768K)->127908K(130768K) Class: 17093K(18816K)->17093K(18816K)
[2023-10-31T08:28:01.832+0000][49.128s][info ][gc            ] GC(49) Pause Young (Normal) (G1 Evacuation Pause) 378M->126M(470M) 59.827ms
[2023-10-31T08:28:01.832+0000][49.128s][info ][gc,cpu        ] GC(49) User=0.42s Sys=0.00s Real=0.06s
[2023-10-31T08:28:01.833+0000][49.129s][info ][safepoint     ] Leaving safepoint region
[2023-10-31T08:28:01.833+0000][49.129s][info ][safepoint     ] Total time for which application threads were stopped: 0.0624680 seconds, Stopping threads took: 0.0006106 seconds
[2023-10-31T08:28:01.834+0000][49.130s][info ][gc,stringdedup] Concurrent String Deduplication (49.130s)
[2023-10-31T08:28:01.839+0000][49.135s][info ][gc,stringdedup] Concurrent String Deduplication 353.8K->193.2K(160.7K) avg 52.1% (49.130s, 49.135s) 4.858ms
[2023-10-31T08:28:02.834+0000][50.130s][debug][safepoint     ] Safepoint synchronization initiated. (88 threads)
[2023-10-31T08:28:02.835+0000][50.131s][info ][safepoint     ] Application time: 1.0009891 seconds
[2023-10-31T08:28:02.835+0000][50.131s][debug][safepoint     ] ... found polling page return exception at pc = 0x00007f62e8d4069b, stub =0x00007f62e0840600
[2023-10-31T08:28:02.836+0000][50.132s][debug][safepoint     ] Waiting for 2 thread(s) to block
[2023-10-31T08:28:02.837+0000][50.133s][info ][safepoint     ] Entering safepoint region: Cleanup
[2023-10-31T08:28:02.838+0000][50.133s][info ][safepoint     ] Leaving safepoint region
[2023-10-31T08:28:02.838+0000][50.134s][info ][safepoint     ] Total time for which application threads were stopped: 0.0028131 seconds, Stopping threads took: 0.0019296 seconds
[2023-10-31T08:28:03.651+0000][50.947s][debug][safepoint     ] Safepoint synchronization initiated. (88 threads)
[2023-10-31T08:28:03.653+0000][50.949s][info ][safepoint     ] Application time: 0.8143065 seconds
[2023-10-31T08:28:03.654+0000][50.950s][info ][safepoint     ] Entering safepoint region: ICBufferFull
[2023-10-31T08:28:03.655+0000][50.951s][info ][safepoint     ] Leaving safepoint region
[2023-10-31T08:28:03.655+0000][50.951s][info ][safepoint     ] Total time for which application threads were stopped: 0.0019073 seconds, Stopping threads took: 0.0006249 seconds
[2023-10-31T08:28:04.214+0000][51.510s][debug][safepoint     ] Safepoint synchronization initiated. (88 threads)
[2023-10-31T08:28:04.215+0000][51.511s][info ][safepoint     ] Application time: 0.5587107 seconds
[2023-10-31T08:28:04.215+0000][51.511s][info ][safepoint     ] Entering safepoint region: ICBufferFull
[2023-10-31T08:28:04.216+0000][51.512s][info ][safepoint     ] Leaving safepoint region
[2023-10-31T08:28:04.217+0000][51.513s][info ][safepoint     ] Total time for which application threads were stopped: 0.0014105 seconds, Stopping threads took: 0.0005172 seconds
[2023-10-31T08:28:04.236+0000][51.532s][debug][safepoint     ] Safepoint synchronization initiated. (88 threads)
[2023-10-31T08:28:04.237+0000][51.533s][info ][safepoint     ] Application time: 0.0196823 seconds
[2023-10-31T08:28:04.237+0000][51.533s][debug][safepoint     ] Waiting for 1 thread(s) to block
[2023-10-31T08:28:04.238+0000][51.534s][info ][safepoint     ] Entering safepoint region: G1CollectForAllocation
[2023-10-31T08:28:04.239+0000][51.535s][info ][gc,start      ] GC(50) Pause Young (Normal) (G1 Evacuation Pause)
[2023-10-31T08:28:04.239+0000][51.535s][info ][gc,task       ] GC(50) Using 8 workers of 8 for evacuation
[2023-10-31T08:28:04.285+0000][51.581s][info ][gc,phases     ] GC(50)   Pre Evacuate Collection Set: 0.0ms
[2023-10-31T08:28:04.286+0000][51.582s][info ][gc,phases     ] GC(50)   Evacuate Collection Set: 41.0ms
[2023-10-31T08:28:04.287+0000][51.583s][info ][gc,phases     ] GC(50)   Post Evacuate Collection Set: 4.3ms
[2023-10-31T08:28:04.287+0000][51.583s][info ][gc,phases     ] GC(50)   Other: 1.3ms
[2023-10-31T08:28:04.288+0000][51.584s][info ][gc,heap       ] GC(50) Eden regions: 261->0(260)
[2023-10-31T08:28:04.288+0000][51.584s][info ][gc,heap       ] GC(50) Survivor regions: 21->22(36)
[2023-10-31T08:28:04.289+0000][51.585s][info ][gc,heap       ] GC(50) Old regions: 108->113
[2023-10-31T08:28:04.289+0000][51.585s][info ][gc,heap       ] GC(50) Humongous regions: 0->0
[2023-10-31T08:28:04.290+0000][51.586s][info ][gc,metaspace  ] GC(50) Metaspace: 145766K(150352K)->145766K(150352K) NonClass: 128650K(131536K)->128650K(131536K) Class: 17116K(18816K)->17116K(18816K)
[2023-10-31T08:28:04.291+0000][51.586s][info ][gc            ] GC(50) Pause Young (Normal) (G1 Evacuation Pause) 387M->132M(470M) 51.675ms
[2023-10-31T08:28:04.291+0000][51.587s][info ][gc,cpu        ] GC(50) User=0.37s Sys=0.00s Real=0.05s
[2023-10-31T08:28:04.292+0000][51.588s][info ][safepoint     ] Leaving safepoint region
[2023-10-31T08:28:04.292+0000][51.588s][info ][safepoint     ] Total time for which application threads were stopped: 0.0548896 seconds, Stopping threads took: 0.0011434 seconds
[2023-10-31T08:28:04.293+0000][51.589s][info ][gc,stringdedup] Concurrent String Deduplication (51.589s)
[2023-10-31T08:28:04.301+0000][51.597s][info ][gc,stringdedup] Concurrent String Deduplication 252.8K->107.0K(145.8K) avg 52.2% (51.589s, 51.597s) 7.966ms
[2023-10-31T08:28:05.209+0000][52.505s][debug][safepoint     ] Safepoint synchronization initiated. (89 threads)
[2023-10-31T08:28:05.210+0000][52.506s][info ][safepoint     ] Application time: 0.9172930 seconds
[2023-10-31T08:28:05.211+0000][52.507s][info ][safepoint     ] Entering safepoint region: ICBufferFull
[2023-10-31T08:28:05.211+0000][52.507s][info ][safepoint     ] Leaving safepoint region
[2023-10-31T08:28:05.212+0000][52.508s][info ][safepoint     ] Total time for which application threads were stopped: 0.0013673 seconds, Stopping threads took: 0.0005014 seconds
[2023-10-31T08:28:05.527+0000][52.823s][debug][safepoint     ] Safepoint synchronization initiated. (89 threads)
[2023-10-31T08:28:05.528+0000][52.824s][info ][safepoint     ] Application time: 0.3154182 seconds
[2023-10-31T08:28:05.528+0000][52.824s][info ][safepoint     ] Entering safepoint region: G1CollectForAllocation
[2023-10-31T08:28:05.529+0000][52.825s][info ][gc,start      ] GC(51) Pause Young (Normal) (G1 Evacuation Pause)
[2023-10-31T08:28:05.530+0000][52.826s][info ][gc,task       ] GC(51) Using 8 workers of 8 for evacuation
[2023-10-31T08:28:05.559+0000][52.855s][info ][gc,phases     ] GC(51)   Pre Evacuate Collection Set: 0.0ms
[2023-10-31T08:28:05.560+0000][52.856s][info ][gc,phases     ] GC(51)   Evacuate Collection Set: 24.6ms
[2023-10-31T08:28:05.560+0000][52.856s][info ][gc,phases     ] GC(51)   Post Evacuate Collection Set: 3.9ms
[2023-10-31T08:28:05.561+0000][52.857s][info ][gc,phases     ] GC(51)   Other: 1.1ms
[2023-10-31T08:28:05.561+0000][52.857s][info ][gc,heap       ] GC(51) Eden regions: 260->0(259)
[2023-10-31T08:28:05.561+0000][52.857s][info ][gc,heap       ] GC(51) Survivor regions: 22->23(36)
[2023-10-31T08:28:05.562+0000][52.858s][info ][gc,heap       ] GC(51) Old regions: 113->116
[2023-10-31T08:28:05.562+0000][52.858s][info ][gc,heap       ] GC(51) Humongous regions: 0->0
[2023-10-31T08:28:05.563+0000][52.859s][info ][gc,metaspace  ] GC(51) Metaspace: 146245K(150736K)->146245K(150736K) NonClass: 129069K(131792K)->129069K(131792K) Class: 17176K(18944K)->17176K(18944K)
[2023-10-31T08:28:05.563+0000][52.859s][info ][gc            ] GC(51) Pause Young (Normal) (G1 Evacuation Pause) 392M->137M(470M) 33.873ms
[2023-10-31T08:28:05.564+0000][52.860s][info ][gc,cpu        ] GC(51) User=0.22s Sys=0.00s Real=0.04s
[2023-10-31T08:28:05.564+0000][52.860s][info ][safepoint     ] Leaving safepoint region
[2023-10-31T08:28:05.565+0000][52.860s][info ][safepoint     ] Total time for which application threads were stopped: 0.0361452 seconds, Stopping threads took: 0.0005852 seconds
[2023-10-31T08:28:05.565+0000][52.861s][info ][gc,stringdedup] Concurrent String Deduplication (52.861s)
[2023-10-31T08:28:05.572+0000][52.868s][info ][gc,stringdedup] Concurrent String Deduplication 689.3K->177.2K(512.0K) avg 53.0% (52.861s, 52.868s) 7.053ms
[2023-10-31T08:28:06.565+0000][53.861s][debug][safepoint     ] Safepoint synchronization initiated. (89 threads)
[2023-10-31T08:28:06.566+0000][53.862s][info ][safepoint     ] Application time: 1.0010355 seconds
[2023-10-31T08:28:06.567+0000][53.863s][debug][safepoint     ] ... found polling page return exception at pc = 0x00007f62e882903c, stub =0x00007f62e0840600
[2023-10-31T08:28:06.567+0000][53.863s][debug][safepoint     ] Waiting for 1 thread(s) to block
[2023-10-31T08:28:06.568+0000][53.864s][info ][safepoint     ] Entering safepoint region: Cleanup
[2023-10-31T08:28:06.570+0000][53.866s][info ][safepoint     ] Leaving safepoint region
[2023-10-31T08:28:06.570+0000][53.866s][info ][safepoint     ] Total time for which application threads were stopped: 0.0037066 seconds, Stopping threads took: 0.0024075 seconds
[2023-10-31T08:28:06.834+0000][54.130s][debug][safepoint     ] Safepoint synchronization initiated. (89 threads)
[2023-10-31T08:28:06.835+0000][54.131s][info ][safepoint     ] Application time: 0.2624725 seconds
[2023-10-31T08:28:06.837+0000][54.133s][info ][safepoint     ] Entering safepoint region: G1CollectForAllocation
[2023-10-31T08:28:06.839+0000][54.135s][info ][gc,start      ] GC(52) Pause Young (Normal) (G1 Evacuation Pause)
[2023-10-31T08:28:06.840+0000][54.136s][info ][gc,task       ] GC(52) Using 8 workers of 8 for evacuation
[2023-10-31T08:28:06.950+0000][54.246s][info ][gc,phases     ] GC(52)   Pre Evacuate Collection Set: 0.0ms
[2023-10-31T08:28:06.951+0000][54.247s][info ][gc,phases     ] GC(52)   Evacuate Collection Set: 95.2ms
[2023-10-31T08:28:06.951+0000][54.247s][info ][gc,phases     ] GC(52)   Post Evacuate Collection Set: 13.0ms
[2023-10-31T08:28:06.952+0000][54.248s][info ][gc,phases     ] GC(52)   Other: 2.4ms
[2023-10-31T08:28:06.952+0000][54.248s][info ][gc,heap       ] GC(52) Eden regions: 259->0(257)
[2023-10-31T08:28:06.953+0000][54.249s][info ][gc,heap       ] GC(52) Survivor regions: 23->23(36)
[2023-10-31T08:28:06.954+0000][54.249s][info ][gc,heap       ] GC(52) Old regions: 116->120
[2023-10-31T08:28:06.954+0000][54.250s][info ][gc,heap       ] GC(52) Humongous regions: 0->0
[2023-10-31T08:28:06.954+0000][54.250s][info ][gc,metaspace  ] GC(52) Metaspace: 146465K(150992K)->146465K(150992K) NonClass: 129276K(132048K)->129276K(132048K) Class: 17188K(18944K)->17188K(18944K)
[2023-10-31T08:28:06.955+0000][54.251s][info ][gc            ] GC(52) Pause Young (Normal) (G1 Evacuation Pause) 396M->141M(470M) 115.876ms
[2023-10-31T08:28:06.956+0000][54.252s][info ][gc,cpu        ] GC(52) User=0.76s Sys=0.02s Real=0.12s
[2023-10-31T08:28:06.956+0000][54.252s][info ][safepoint     ] Leaving safepoint region
[2023-10-31T08:28:06.957+0000][54.253s][info ][safepoint     ] Total time for which application threads were stopped: 0.1201193 seconds, Stopping threads took: 0.0017799 seconds
[2023-10-31T08:28:06.958+0000][54.254s][info ][gc,stringdedup] Concurrent String Deduplication (54.254s)
[2023-10-31T08:28:06.969+0000][54.264s][info ][gc,stringdedup] Concurrent String Deduplication 521.9K->208.9K(313.1K) avg 53.2% (54.254s, 54.264s) 10.929ms
[2023-10-31T08:28:07.958+0000][55.254s][debug][safepoint     ] Safepoint synchronization initiated. (89 threads)
[2023-10-31T08:28:07.959+0000][55.255s][info ][safepoint     ] Application time: 1.0013582 seconds
[2023-10-31T08:28:07.959+0000][55.255s][debug][safepoint     ] ... found polling page return exception at pc = 0x00007f62e908f077, stub =0x00007f62e0840600
[2023-10-31T08:28:07.960+0000][55.256s][debug][safepoint     ] Waiting for 2 thread(s) to block
[2023-10-31T08:28:07.961+0000][55.257s][info ][safepoint     ] Entering safepoint region: Cleanup
[2023-10-31T08:28:07.961+0000][55.257s][info ][safepoint     ] Leaving safepoint region
[2023-10-31T08:28:07.962+0000][55.258s][info ][safepoint     ] Total time for which application threads were stopped: 0.0027261 seconds, Stopping threads took: 0.0016392 seconds
[2023-10-31T08:28:08.238+0000][55.534s][debug][safepoint     ] Safepoint synchronization initiated. (89 threads)
[2023-10-31T08:28:08.239+0000][55.535s][info ][safepoint     ] Application time: 0.2761511 seconds
[2023-10-31T08:28:08.240+0000][55.536s][info ][safepoint     ] Entering safepoint region: G1CollectForAllocation
[2023-10-31T08:28:08.240+0000][55.536s][info ][gc,start      ] GC(53) Pause Young (Normal) (G1 Evacuation Pause)
[2023-10-31T08:28:08.241+0000][55.537s][info ][gc,task       ] GC(53) Using 8 workers of 8 for evacuation
[2023-10-31T08:28:08.278+0000][55.574s][info ][gc,phases     ] GC(53)   Pre Evacuate Collection Set: 0.0ms
[2023-10-31T08:28:08.279+0000][55.575s][info ][gc,phases     ] GC(53)   Evacuate Collection Set: 31.7ms
[2023-10-31T08:28:08.280+0000][55.575s][info ][gc,phases     ] GC(53)   Post Evacuate Collection Set: 4.7ms
[2023-10-31T08:28:08.280+0000][55.576s][info ][gc,phases     ] GC(53)   Other: 1.3ms
[2023-10-31T08:28:08.281+0000][55.577s][info ][gc,heap       ] GC(53) Eden regions: 257->0(261)
[2023-10-31T08:28:08.281+0000][55.577s][info ][gc,heap       ] GC(53) Survivor regions: 23->17(35)
[2023-10-31T08:28:08.282+0000][55.578s][info ][gc,heap       ] GC(53) Old regions: 120->128
[2023-10-31T08:28:08.283+0000][55.579s][info ][gc,heap       ] GC(53) Humongous regions: 0->0
[2023-10-31T08:28:08.284+0000][55.580s][info ][gc,metaspace  ] GC(53) Metaspace: 146694K(151248K)->146694K(151248K) NonClass: 129472K(132304K)->129472K(132304K) Class: 17222K(18944K)->17222K(18944K)
[2023-10-31T08:28:08.284+0000][55.580s][info ][gc            ] GC(53) Pause Young (Normal) (G1 Evacuation Pause) 398M->142M(470M) 43.703ms
[2023-10-31T08:28:08.285+0000][55.580s][info ][gc,cpu        ] GC(53) User=0.30s Sys=0.00s Real=0.05s
[2023-10-31T08:28:08.285+0000][55.581s][info ][safepoint     ] Leaving safepoint region
[2023-10-31T08:28:08.286+0000][55.582s][info ][safepoint     ] Total time for which application threads were stopped: 0.0461234 seconds, Stopping threads took: 0.0005634 seconds
[2023-10-31T08:28:08.286+0000][55.582s][info ][gc,stringdedup] Concurrent String Deduplication (55.582s)
[2023-10-31T08:28:08.291+0000][55.587s][info ][gc,stringdedup] Concurrent String Deduplication 491.2K->139.6K(351.6K) avg 53.7% (55.582s, 55.587s) 5.059ms
[2023-10-31T08:28:08.429+0000][55.725s][debug][safepoint     ] Safepoint synchronization initiated. (89 threads)
[2023-10-31T08:28:08.434+0000][55.730s][info ][safepoint     ] Application time: 0.1474480 seconds
[2023-10-31T08:28:08.434+0000][55.730s][info ][safepoint     ] Entering safepoint region: ICBufferFull
[2023-10-31T08:28:08.435+0000][55.731s][info ][safepoint     ] Leaving safepoint region
[2023-10-31T08:28:08.436+0000][55.732s][info ][safepoint     ] Total time for which application threads were stopped: 0.0019245 seconds, Stopping threads took: 0.0005625 seconds
[2023-10-31T08:28:09.437+0000][56.733s][debug][safepoint     ] Safepoint synchronization initiated. (89 threads)
[2023-10-31T08:28:09.438+0000][56.734s][info ][safepoint     ] Application time: 1.0011332 seconds
[2023-10-31T08:28:09.441+0000][56.737s][debug][safepoint     ] ... found polling page return exception at pc = 0x00007f62e8d4069b, stub =0x00007f62e0840600
[2023-10-31T08:28:09.442+0000][56.738s][debug][safepoint     ] Waiting for 1 thread(s) to block
[2023-10-31T08:28:09.443+0000][56.739s][info ][safepoint     ] Entering safepoint region: Cleanup
[2023-10-31T08:28:09.444+0000][56.740s][info ][safepoint     ] Leaving safepoint region
[2023-10-31T08:28:09.445+0000][56.741s][info ][safepoint     ] Total time for which application threads were stopped: 0.0056944 seconds, Stopping threads took: 0.0046545 seconds
[2023-10-31T08:28:09.480+0000][56.776s][debug][safepoint     ] Safepoint synchronization initiated. (89 threads)
[2023-10-31T08:28:09.481+0000][56.777s][info ][safepoint     ] Application time: 0.0349684 seconds
[2023-10-31T08:28:09.483+0000][56.779s][info ][safepoint     ] Entering safepoint region: G1CollectForAllocation
[2023-10-31T08:28:09.484+0000][56.780s][info ][gc,start      ] GC(54) Pause Young (Normal) (G1 Evacuation Pause)
[2023-10-31T08:28:09.485+0000][56.781s][info ][gc,task       ] GC(54) Using 8 workers of 8 for evacuation
[2023-10-31T08:28:09.530+0000][56.826s][info ][gc,phases     ] GC(54)   Pre Evacuate Collection Set: 0.0ms
[2023-10-31T08:28:09.530+0000][56.826s][info ][gc,phases     ] GC(54)   Evacuate Collection Set: 38.5ms
[2023-10-31T08:28:09.531+0000][56.827s][info ][gc,phases     ] GC(54)   Post Evacuate Collection Set: 5.7ms
[2023-10-31T08:28:09.531+0000][56.827s][info ][gc,phases     ] GC(54)   Other: 1.5ms
[2023-10-31T08:28:09.532+0000][56.828s][info ][gc,heap       ] GC(54) Eden regions: 261->0(257)
[2023-10-31T08:28:09.533+0000][56.829s][info ][gc,heap       ] GC(54) Survivor regions: 17->19(35)
[2023-10-31T08:28:09.534+0000][56.829s][info ][gc,heap       ] GC(54) Old regions: 128->128
[2023-10-31T08:28:09.534+0000][56.830s][info ][gc,heap       ] GC(54) Humongous regions: 0->0
[2023-10-31T08:28:09.535+0000][56.831s][info ][gc,metaspace  ] GC(54) Metaspace: 146752K(151248K)->146752K(151248K) NonClass: 129525K(132304K)->129525K(132304K) Class: 17227K(18944K)->17227K(18944K)
[2023-10-31T08:28:09.537+0000][56.832s][info ][gc            ] GC(54) Pause Young (Normal) (G1 Evacuation Pause) 403M->144M(470M) 52.546ms
[2023-10-31T08:28:09.538+0000][56.834s][info ][gc,cpu        ] GC(54) User=0.30s Sys=0.02s Real=0.05s
[2023-10-31T08:28:09.538+0000][56.834s][info ][safepoint     ] Leaving safepoint region
[2023-10-31T08:28:09.539+0000][56.835s][info ][safepoint     ] Total time for which application threads were stopped: 0.0559897 seconds, Stopping threads took: 0.0007804 seconds
[2023-10-31T08:28:09.539+0000][56.835s][info ][gc,stringdedup] Concurrent String Deduplication (56.835s)
[2023-10-31T08:28:09.545+0000][56.841s][info ][gc,stringdedup] Concurrent String Deduplication 336.7K->118.0K(218.7K) avg 53.9% (56.835s, 56.841s) 5.852ms
[2023-10-31T08:28:10.540+0000][57.836s][debug][safepoint     ] Safepoint synchronization initiated. (89 threads)
[2023-10-31T08:28:10.541+0000][57.836s][info ][safepoint     ] Application time: 1.0012207 seconds
[2023-10-31T08:28:10.544+0000][57.840s][debug][safepoint     ] ... found polling page return exception at pc = 0x00007f62e90af1bd, stub =0x00007f62e0840600
[2023-10-31T08:28:10.545+0000][57.841s][debug][safepoint     ] Waiting for 1 thread(s) to block
[2023-10-31T08:28:10.546+0000][57.842s][info ][safepoint     ] Entering safepoint region: Cleanup
[2023-10-31T08:28:10.547+0000][57.843s][info ][safepoint     ] Leaving safepoint region
[2023-10-31T08:28:10.547+0000][57.843s][info ][safepoint     ] Total time for which application threads were stopped: 0.0059177 seconds, Stopping threads took: 0.0050030 seconds
[2023-10-31T08:28:10.899+0000][58.195s][debug][safepoint     ] Safepoint synchronization initiated. (89 threads)
[2023-10-31T08:28:10.900+0000][58.196s][info ][safepoint     ] Application time: 0.3516728 seconds
[2023-10-31T08:28:10.900+0000][58.196s][debug][safepoint     ] Waiting for 1 thread(s) to block
[2023-10-31T08:28:10.901+0000][58.197s][info ][safepoint     ] Entering safepoint region: G1CollectForAllocation
[2023-10-31T08:28:10.902+0000][58.198s][info ][gc,start      ] GC(55) Pause Young (Normal) (G1 Evacuation Pause)
[2023-10-31T08:28:10.905+0000][58.201s][info ][gc,task       ] GC(55) Using 8 workers of 8 for evacuation
[2023-10-31T08:28:10.943+0000][58.239s][info ][gc,phases     ] GC(55)   Pre Evacuate Collection Set: 0.0ms
[2023-10-31T08:28:10.943+0000][58.239s][info ][gc,phases     ] GC(55)   Evacuate Collection Set: 32.4ms
[2023-10-31T08:28:10.944+0000][58.240s][info ][gc,phases     ] GC(55)   Post Evacuate Collection Set: 4.6ms
[2023-10-31T08:28:10.944+0000][58.240s][info ][gc,phases     ] GC(55)   Other: 3.9ms
[2023-10-31T08:28:10.945+0000][58.241s][info ][gc,heap       ] GC(55) Eden regions: 257->0(255)
[2023-10-31T08:28:10.945+0000][58.241s][info ][gc,heap       ] GC(55) Survivor regions: 19->20(35)
[2023-10-31T08:28:10.946+0000][58.242s][info ][gc,heap       ] GC(55) Old regions: 128->128
[2023-10-31T08:28:10.946+0000][58.242s][info ][gc,heap       ] GC(55) Humongous regions: 0->0
[2023-10-31T08:28:10.947+0000][58.243s][info ][gc,metaspace  ] GC(55) Metaspace: 146840K(151248K)->146840K(151248K) NonClass: 129606K(132304K)->129606K(132304K) Class: 17233K(18944K)->17233K(18944K)
[2023-10-31T08:28:10.948+0000][58.243s][info ][gc            ] GC(55) Pause Young (Normal) (G1 Evacuation Pause) 401M->146M(470M) 45.593ms
[2023-10-31T08:28:10.948+0000][58.244s][info ][gc,cpu        ] GC(55) User=0.30s Sys=0.00s Real=0.05s
[2023-10-31T08:28:10.949+0000][58.244s][info ][safepoint     ] Leaving safepoint region
[2023-10-31T08:28:10.949+0000][58.245s][info ][safepoint     ] Total time for which application threads were stopped: 0.0488511 seconds, Stopping threads took: 0.0012155 seconds
[2023-10-31T08:28:10.950+0000][58.246s][info ][gc,stringdedup] Concurrent String Deduplication (58.246s)
[2023-10-31T08:28:10.956+0000][58.252s][info ][gc,stringdedup] Concurrent String Deduplication 355.5K->111.7K(243.7K) avg 54.2% (58.246s, 58.252s) 6.071ms
[2023-10-31T08:28:11.630+0000][58.926s][debug][safepoint     ] Safepoint synchronization initiated. (97 threads)
[2023-10-31T08:28:11.630+0000][58.926s][info ][safepoint     ] Application time: 0.6808117 seconds
[2023-10-31T08:28:11.631+0000][58.927s][info ][safepoint     ] Entering safepoint region: Deoptimize
[2023-10-31T08:28:11.634+0000][58.930s][info ][safepoint     ] Leaving safepoint region
[2023-10-31T08:28:11.635+0000][58.931s][info ][safepoint     ] Total time for which application threads were stopped: 0.0036840 seconds, Stopping threads took: 0.0005668 seconds
[2023-10-31T08:28:12.033+0000][59.329s][debug][safepoint     ] Safepoint synchronization initiated. (118 threads)
[2023-10-31T08:28:12.034+0000][59.330s][info ][safepoint     ] Application time: 0.3988790 seconds
[2023-10-31T08:28:12.035+0000][59.331s][debug][safepoint     ] ... found polling page return exception at pc = 0x00007f62e8ddd8e8, stub =0x00007f62e0840600
[2023-10-31T08:28:12.036+0000][59.332s][debug][safepoint     ] Waiting for 1 thread(s) to block
[2023-10-31T08:28:12.037+0000][59.333s][info ][safepoint     ] Entering safepoint region: Deoptimize
[2023-10-31T08:28:12.043+0000][59.339s][info ][safepoint     ] Leaving safepoint region
[2023-10-31T08:28:12.044+0000][59.340s][info ][safepoint     ] Total time for which application threads were stopped: 0.0093246 seconds, Stopping threads took: 0.0049137 seconds
[2023-10-31T08:28:12.670+0000][59.966s][debug][safepoint     ] Safepoint synchronization initiated. (131 threads)
[2023-10-31T08:28:12.671+0000][59.967s][info ][safepoint     ] Application time: 0.6250630 seconds
[2023-10-31T08:28:12.671+0000][59.967s][info ][safepoint     ] Entering safepoint region: ICBufferFull
[2023-10-31T08:28:12.676+0000][59.971s][info ][safepoint     ] Leaving safepoint region
[2023-10-31T08:28:12.676+0000][59.972s][info ][safepoint     ] Total time for which application threads were stopped: 0.0048078 seconds, Stopping threads took: 0.0005537 seconds
[2023-10-31T08:28:12.897+0000][60.193s][debug][safepoint     ] Safepoint synchronization initiated. (149 threads)
[2023-10-31T08:28:12.898+0000][60.194s][info ][safepoint     ] Application time: 0.2211200 seconds
[2023-10-31T08:28:12.899+0000][60.195s][debug][safepoint     ] ... found polling page return exception at pc = 0x00007f62e851861b, stub =0x00007f62e0840600
[2023-10-31T08:28:12.899+0000][60.195s][debug][safepoint     ] Waiting for 3 thread(s) to block
[2023-10-31T08:28:12.900+0000][60.196s][info ][safepoint     ] Entering safepoint region: Deoptimize
[2023-10-31T08:28:12.907+0000][60.203s][info ][safepoint     ] Leaving safepoint region
[2023-10-31T08:28:12.909+0000][60.205s][info ][safepoint     ] Total time for which application threads were stopped: 0.0103215 seconds, Stopping threads took: 0.0026121 seconds
[2023-10-31T08:28:13.046+0000][60.342s][debug][safepoint     ] Safepoint synchronization initiated. (160 threads)
[2023-10-31T08:28:13.066+0000][60.362s][info ][safepoint     ] Application time: 0.1560876 seconds
[2023-10-31T08:28:13.070+0000][60.366s][info ][safepoint     ] Entering safepoint region: Deoptimize
[2023-10-31T08:28:13.079+0000][60.375s][info ][safepoint     ] Leaving safepoint region
[2023-10-31T08:28:13.082+0000][60.377s][info ][safepoint     ] Total time for which application threads were stopped: 0.0115019 seconds, Stopping threads took: 0.0015289 seconds
[2023-10-31T08:28:14.083+0000][61.378s][debug][safepoint     ] Safepoint synchronization initiated. (165 threads)
[2023-10-31T08:28:14.083+0000][61.379s][info ][safepoint     ] Application time: 1.0008517 seconds
[2023-10-31T08:28:14.084+0000][61.380s][info ][safepoint     ] Entering safepoint region: Cleanup
[2023-10-31T08:28:14.085+0000][61.380s][info ][safepoint     ] Leaving safepoint region
[2023-10-31T08:28:14.085+0000][61.381s][info ][safepoint     ] Total time for which application threads were stopped: 0.0012633 seconds, Stopping threads took: 0.0005313 seconds
[2023-10-31T08:28:15.086+0000][62.382s][debug][safepoint     ] Safepoint synchronization initiated. (166 threads)
[2023-10-31T08:28:15.086+0000][62.382s][info ][safepoint     ] Application time: 1.0005907 seconds
[2023-10-31T08:28:15.087+0000][62.382s][info ][safepoint     ] Entering safepoint region: Cleanup
[2023-10-31T08:28:15.087+0000][62.383s][info ][safepoint     ] Leaving safepoint region
[2023-10-31T08:28:15.088+0000][62.384s][info ][safepoint     ] Total time for which application threads were stopped: 0.0012419 seconds, Stopping threads took: 0.0004789 seconds
[2023-10-31T08:28:16.088+0000][63.384s][debug][safepoint     ] Safepoint synchronization initiated. (166 threads)
[2023-10-31T08:28:16.089+0000][63.385s][info ][safepoint     ] Application time: 1.0007079 seconds
[2023-10-31T08:28:16.089+0000][63.385s][info ][safepoint     ] Entering safepoint region: Cleanup
[2023-10-31T08:28:16.090+0000][63.386s][info ][safepoint     ] Leaving safepoint region
[2023-10-31T08:28:16.091+0000][63.387s][info ][safepoint     ] Total time for which application threads were stopped: 0.0012174 seconds, Stopping threads took: 0.0005609 seconds
[2023-10-31T08:28:17.091+0000][64.387s][debug][safepoint     ] Safepoint synchronization initiated. (166 threads)
[2023-10-31T08:28:17.092+0000][64.388s][info ][safepoint     ] Application time: 1.0008549 seconds
[2023-10-31T08:28:17.092+0000][64.388s][info ][safepoint     ] Entering safepoint region: Cleanup
[2023-10-31T08:28:17.093+0000][64.389s][info ][safepoint     ] Leaving safepoint region
[2023-10-31T08:28:17.094+0000][64.390s][info ][safepoint     ] Total time for which application threads were stopped: 0.0012388 seconds, Stopping threads took: 0.0005066 seconds
[2023-10-31T08:28:18.094+0000][65.390s][debug][safepoint     ] Safepoint synchronization initiated. (165 threads)
[2023-10-31T08:28:18.095+0000][65.391s][info ][safepoint     ] Application time: 1.0006819 seconds
[2023-10-31T08:28:18.095+0000][65.391s][info ][safepoint     ] Entering safepoint region: Cleanup
[2023-10-31T08:28:18.096+0000][65.392s][info ][safepoint     ] Leaving safepoint region
[2023-10-31T08:28:18.096+0000][65.392s][info ][safepoint     ] Total time for which application threads were stopped: 0.0013069 seconds, Stopping threads took: 0.0006792 seconds
[2023-10-31T08:28:19.097+0000][66.393s][debug][safepoint     ] Safepoint synchronization initiated. (165 threads)
[2023-10-31T08:28:19.098+0000][66.394s][info ][safepoint     ] Application time: 1.0007638 seconds
[2023-10-31T08:28:19.098+0000][66.394s][info ][safepoint     ] Entering safepoint region: Cleanup
[2023-10-31T08:28:19.099+0000][66.395s][info ][safepoint     ] Leaving safepoint region
[2023-10-31T08:28:19.100+0000][66.395s][info ][safepoint     ] Total time for which application threads were stopped: 0.0013637 seconds, Stopping threads took: 0.0005661 seconds
[2023-10-31T08:28:20.100+0000][67.396s][debug][safepoint     ] Safepoint synchronization initiated. (165 threads)
[2023-10-31T08:28:20.101+0000][67.397s][info ][safepoint     ] Application time: 1.0007033 seconds
[2023-10-31T08:28:20.101+0000][67.397s][info ][safepoint     ] Entering safepoint region: Cleanup
[2023-10-31T08:28:20.102+0000][67.398s][info ][safepoint     ] Leaving safepoint region
[2023-10-31T08:28:20.103+0000][67.399s][info ][safepoint     ] Total time for which application threads were stopped: 0.0012846 seconds, Stopping threads took: 0.0005726 seconds
[2023-10-31T08:28:21.103+0000][68.399s][debug][safepoint     ] Safepoint synchronization initiated. (164 threads)
[2023-10-31T08:28:21.104+0000][68.400s][info ][safepoint     ] Application time: 1.0006560 seconds
[2023-10-31T08:28:21.104+0000][68.400s][info ][safepoint     ] Entering safepoint region: Cleanup
[2023-10-31T08:28:21.105+0000][68.401s][info ][safepoint     ] Leaving safepoint region
[2023-10-31T08:28:21.105+0000][68.401s][info ][safepoint     ] Total time for which application threads were stopped: 0.0010218 seconds, Stopping threads took: 0.0004322 seconds
[2023-10-31T08:28:22.106+0000][69.402s][debug][safepoint     ] Safepoint synchronization initiated. (164 threads)
[2023-10-31T08:28:22.107+0000][69.403s][info ][safepoint     ] Application time: 1.0010368 seconds
[2023-10-31T08:28:22.107+0000][69.403s][info ][safepoint     ] Entering safepoint region: Cleanup
[2023-10-31T08:28:22.108+0000][69.404s][info ][safepoint     ] Leaving safepoint region
[2023-10-31T08:28:22.108+0000][69.404s][info ][safepoint     ] Total time for which application threads were stopped: 0.0012022 seconds, Stopping threads took: 0.0004823 seconds
[2023-10-31T08:28:23.109+0000][70.405s][debug][safepoint     ] Safepoint synchronization initiated. (164 threads)
[2023-10-31T08:28:23.110+0000][70.406s][info ][safepoint     ] Application time: 1.0008281 seconds
[2023-10-31T08:28:23.110+0000][70.406s][info ][safepoint     ] Entering safepoint region: Cleanup
[2023-10-31T08:28:23.111+0000][70.407s][info ][safepoint     ] Leaving safepoint region
[2023-10-31T08:28:23.112+0000][70.408s][info ][safepoint     ] Total time for which application threads were stopped: 0.0013233 seconds, Stopping threads took: 0.0005687 seconds
[2023-10-31T08:28:24.113+0000][71.408s][debug][safepoint     ] Safepoint synchronization initiated. (164 threads)
[2023-10-31T08:28:24.113+0000][71.409s][info ][safepoint     ] Application time: 1.0007702 seconds
[2023-10-31T08:28:24.114+0000][71.410s][info ][safepoint     ] Entering safepoint region: Cleanup
[2023-10-31T08:28:24.115+0000][71.411s][info ][safepoint     ] Leaving safepoint region
[2023-10-31T08:28:24.116+0000][71.412s][info ][safepoint     ] Total time for which application threads were stopped: 0.0020561 seconds, Stopping threads took: 0.0007133 seconds
[2023-10-31T08:28:25.116+0000][72.412s][debug][safepoint     ] Safepoint synchronization initiated. (165 threads)
[2023-10-31T08:28:25.118+0000][72.414s][info ][safepoint     ] Application time: 1.0018167 seconds
[2023-10-31T08:28:25.119+0000][72.415s][info ][safepoint     ] Entering safepoint region: Cleanup
[2023-10-31T08:28:25.120+0000][72.416s][info ][safepoint     ] Leaving safepoint region
[2023-10-31T08:28:25.120+0000][72.416s][info ][safepoint     ] Total time for which application threads were stopped: 0.0013166 seconds, Stopping threads took: 0.0005429 seconds
[2023-10-31T08:28:26.121+0000][73.417s][debug][safepoint     ] Safepoint synchronization initiated. (165 threads)
[2023-10-31T08:28:26.122+0000][73.418s][info ][safepoint     ] Application time: 1.0008246 seconds
[2023-10-31T08:28:26.123+0000][73.418s][info ][safepoint     ] Entering safepoint region: Cleanup
[2023-10-31T08:28:26.123+0000][73.419s][info ][safepoint     ] Leaving safepoint region
[2023-10-31T08:28:26.124+0000][73.420s][info ][safepoint     ] Total time for which application threads were stopped: 0.0014797 seconds, Stopping threads took: 0.0006117 seconds
[2023-10-31T08:28:27.125+0000][74.421s][debug][safepoint     ] Safepoint synchronization initiated. (165 threads)
[2023-10-31T08:28:27.125+0000][74.421s][info ][safepoint     ] Application time: 1.0008670 seconds
[2023-10-31T08:28:27.126+0000][74.422s][info ][safepoint     ] Entering safepoint region: Cleanup
[2023-10-31T08:28:27.127+0000][74.423s][info ][safepoint     ] Leaving safepoint region
[2023-10-31T08:28:27.127+0000][74.423s][info ][safepoint     ] Total time for which application threads were stopped: 0.0012150 seconds, Stopping threads took: 0.0005362 seconds
[2023-10-31T08:28:28.128+0000][75.424s][debug][safepoint     ] Safepoint synchronization initiated. (165 threads)
[2023-10-31T08:28:28.129+0000][75.425s][info ][safepoint     ] Application time: 1.0009091 seconds
[2023-10-31T08:28:28.130+0000][75.425s][info ][safepoint     ] Entering safepoint region: Cleanup
[2023-10-31T08:28:28.130+0000][75.426s][info ][safepoint     ] Leaving safepoint region
[2023-10-31T08:28:28.131+0000][75.426s][info ][safepoint     ] Total time for which application threads were stopped: 0.0012414 seconds, Stopping threads took: 0.0004961 seconds
[2023-10-31T08:28:29.131+0000][76.427s][debug][safepoint     ] Safepoint synchronization initiated. (165 threads)
[2023-10-31T08:28:29.132+0000][76.428s][info ][safepoint     ] Application time: 1.0009791 seconds
[2023-10-31T08:28:29.133+0000][76.429s][info ][safepoint     ] Entering safepoint region: Cleanup
[2023-10-31T08:28:29.134+0000][76.430s][info ][safepoint     ] Leaving safepoint region
[2023-10-31T08:28:29.135+0000][76.430s][info ][safepoint     ] Total time for which application threads were stopped: 0.0018733 seconds, Stopping threads took: 0.0011020 seconds
[2023-10-31T08:28:30.135+0000][77.431s][debug][safepoint     ] Safepoint synchronization initiated. (165 threads)
[2023-10-31T08:28:30.136+0000][77.432s][info ][safepoint     ] Application time: 1.0009149 seconds
[2023-10-31T08:28:30.137+0000][77.432s][info ][safepoint     ] Entering safepoint region: Cleanup
[2023-10-31T08:28:30.138+0000][77.433s][info ][safepoint     ] Leaving safepoint region
[2023-10-31T08:28:30.138+0000][77.434s][info ][safepoint     ] Total time for which application threads were stopped: 0.0015349 seconds, Stopping threads took: 0.0005817 seconds
[2023-10-31T08:28:31.139+0000][78.435s][debug][safepoint     ] Safepoint synchronization initiated. (165 threads)
[2023-10-31T08:28:31.139+0000][78.435s][info ][safepoint     ] Application time: 1.0008024 seconds
[2023-10-31T08:28:31.140+0000][78.436s][info ][safepoint     ] Entering safepoint region: Cleanup
[2023-10-31T08:28:31.141+0000][78.437s][info ][safepoint     ] Leaving safepoint region
[2023-10-31T08:28:31.141+0000][78.437s][info ][safepoint     ] Total time for which application threads were stopped: 0.0014281 seconds, Stopping threads took: 0.0006288 seconds
[2023-10-31T08:28:32.142+0000][79.438s][debug][safepoint     ] Safepoint synchronization initiated. (165 threads)
[2023-10-31T08:28:32.143+0000][79.438s][info ][safepoint     ] Application time: 1.0007545 seconds
[2023-10-31T08:28:32.143+0000][79.439s][info ][safepoint     ] Entering safepoint region: Cleanup
[2023-10-31T08:28:32.144+0000][79.440s][info ][safepoint     ] Leaving safepoint region
[2023-10-31T08:28:32.145+0000][79.440s][info ][safepoint     ] Total time for which application threads were stopped: 0.0012901 seconds, Stopping threads took: 0.0005860 seconds
[2023-10-31T08:28:33.145+0000][80.441s][debug][safepoint     ] Safepoint synchronization initiated. (165 threads)
[2023-10-31T08:28:33.146+0000][80.441s][info ][safepoint     ] Application time: 1.0007027 seconds
[2023-10-31T08:28:33.146+0000][80.442s][info ][safepoint     ] Entering safepoint region: Cleanup
[2023-10-31T08:28:33.147+0000][80.443s][info ][safepoint     ] Leaving safepoint region
[2023-10-31T08:28:33.147+0000][80.443s][info ][safepoint     ] Total time for which application threads were stopped: 0.0012144 seconds, Stopping threads took: 0.0004559 seconds
[2023-10-31T08:28:34.148+0000][81.444s][debug][safepoint     ] Safepoint synchronization initiated. (165 threads)
[2023-10-31T08:28:34.149+0000][81.444s][info ][safepoint     ] Application time: 1.0009165 seconds
[2023-10-31T08:28:34.149+0000][81.445s][info ][safepoint     ] Entering safepoint region: Cleanup
[2023-10-31T08:28:34.150+0000][81.446s][info ][safepoint     ] Leaving safepoint region
[2023-10-31T08:28:34.151+0000][81.446s][info ][safepoint     ] Total time for which application threads were stopped: 0.0012858 seconds, Stopping threads took: 0.0005111 seconds
[2023-10-31T08:28:35.151+0000][82.447s][debug][safepoint     ] Safepoint synchronization initiated. (165 threads)
[2023-10-31T08:28:35.152+0000][82.448s][info ][safepoint     ] Application time: 1.0009300 seconds
[2023-10-31T08:28:35.153+0000][82.448s][info ][safepoint     ] Entering safepoint region: Cleanup
[2023-10-31T08:28:35.153+0000][82.449s][info ][safepoint     ] Leaving safepoint region
[2023-10-31T08:28:35.154+0000][82.450s][info ][safepoint     ] Total time for which application threads were stopped: 0.0012276 seconds, Stopping threads took: 0.0005055 seconds
[2023-10-31T08:28:36.154+0000][83.450s][debug][safepoint     ] Safepoint synchronization initiated. (165 threads)
[2023-10-31T08:28:36.155+0000][83.451s][info ][safepoint     ] Application time: 1.0011695 seconds
[2023-10-31T08:28:36.156+0000][83.452s][info ][safepoint     ] Entering safepoint region: Cleanup
[2023-10-31T08:28:36.157+0000][83.453s][info ][safepoint     ] Leaving safepoint region
[2023-10-31T08:28:36.158+0000][83.453s][info ][safepoint     ] Total time for which application threads were stopped: 0.0015301 seconds, Stopping threads took: 0.0006133 seconds
[2023-10-31T08:28:37.158+0000][84.454s][debug][safepoint     ] Safepoint synchronization initiated. (165 threads)
[2023-10-31T08:28:37.159+0000][84.455s][info ][safepoint     ] Application time: 1.0009216 seconds
[2023-10-31T08:28:37.160+0000][84.455s][info ][safepoint     ] Entering safepoint region: Cleanup
[2023-10-31T08:28:37.160+0000][84.456s][info ][safepoint     ] Leaving safepoint region
[2023-10-31T08:28:37.161+0000][84.457s][info ][safepoint     ] Total time for which application threads were stopped: 0.0014784 seconds, Stopping threads took: 0.0006101 seconds
[2023-10-31T08:28:38.162+0000][85.457s][debug][safepoint     ] Safepoint synchronization initiated. (165 threads)
[2023-10-31T08:28:38.162+0000][85.458s][info ][safepoint     ] Application time: 1.0008627 seconds
[2023-10-31T08:28:38.164+0000][85.460s][info ][safepoint     ] Entering safepoint region: Cleanup
[2023-10-31T08:28:38.167+0000][85.463s][info ][safepoint     ] Leaving safepoint region
[2023-10-31T08:28:38.168+0000][85.464s][info ][safepoint     ] Total time for which application threads were stopped: 0.0037002 seconds, Stopping threads took: 0.0028712 seconds
[2023-10-31T08:28:39.169+0000][86.464s][debug][safepoint     ] Safepoint synchronization initiated. (165 threads)
[2023-10-31T08:28:39.171+0000][86.466s][info ][safepoint     ] Application time: 1.0020432 seconds
[2023-10-31T08:28:39.171+0000][86.467s][debug][safepoint     ] ... found polling page return exception at pc = 0x00007f62e844e96d, stub =0x00007f62e0840600
[2023-10-31T08:28:39.172+0000][86.467s][debug][safepoint     ] Waiting for 1 thread(s) to block
[2023-10-31T08:28:39.172+0000][86.468s][info ][safepoint     ] Entering safepoint region: Cleanup
[2023-10-31T08:28:39.174+0000][86.470s][info ][safepoint     ] Leaving safepoint region
[2023-10-31T08:28:39.174+0000][86.470s][info ][safepoint     ] Total time for which application threads were stopped: 0.0033032 seconds, Stopping threads took: 0.0025686 seconds
[2023-10-31T08:28:40.175+0000][87.471s][debug][safepoint     ] Safepoint synchronization initiated. (165 threads)
[2023-10-31T08:28:40.176+0000][87.471s][info ][safepoint     ] Application time: 1.0007395 seconds
[2023-10-31T08:28:40.176+0000][87.472s][info ][safepoint     ] Entering safepoint region: Cleanup
[2023-10-31T08:28:40.177+0000][87.473s][info ][safepoint     ] Leaving safepoint region
[2023-10-31T08:28:40.178+0000][87.473s][info ][safepoint     ] Total time for which application threads were stopped: 0.0014989 seconds, Stopping threads took: 0.0006904 seconds
[2023-10-31T08:28:41.178+0000][88.474s][debug][safepoint     ] Safepoint synchronization initiated. (165 threads)
[2023-10-31T08:28:41.179+0000][88.475s][info ][safepoint     ] Application time: 1.0007510 seconds
[2023-10-31T08:28:41.179+0000][88.475s][info ][safepoint     ] Entering safepoint region: Cleanup
[2023-10-31T08:28:41.180+0000][88.476s][info ][safepoint     ] Leaving safepoint region
[2023-10-31T08:28:41.181+0000][88.476s][info ][safepoint     ] Total time for which application threads were stopped: 0.0011138 seconds, Stopping threads took: 0.0004964 seconds
[2023-10-31T08:28:42.181+0000][89.477s][debug][safepoint     ] Safepoint synchronization initiated. (165 threads)
[2023-10-31T08:28:42.181+0000][89.477s][info ][safepoint     ] Application time: 1.0005969 seconds
[2023-10-31T08:28:42.182+0000][89.478s][info ][safepoint     ] Entering safepoint region: Cleanup
[2023-10-31T08:28:42.183+0000][89.478s][info ][safepoint     ] Leaving safepoint region
[2023-10-31T08:28:42.183+0000][89.479s][info ][safepoint     ] Total time for which application threads were stopped: 0.0012474 seconds, Stopping threads took: 0.0005148 seconds
[2023-10-31T08:28:43.184+0000][90.479s][debug][safepoint     ] Safepoint synchronization initiated. (165 threads)
[2023-10-31T08:28:43.184+0000][90.480s][info ][safepoint     ] Application time: 1.0007163 seconds
[2023-10-31T08:28:43.185+0000][90.481s][info ][safepoint     ] Entering safepoint region: Cleanup
[2023-10-31T08:28:43.186+0000][90.481s][info ][safepoint     ] Leaving safepoint region
[2023-10-31T08:28:43.186+0000][90.482s][info ][safepoint     ] Total time for which application threads were stopped: 0.0013682 seconds, Stopping threads took: 0.0005758 seconds
[2023-10-31T08:28:44.187+0000][91.482s][debug][safepoint     ] Safepoint synchronization initiated. (165 threads)
[2023-10-31T08:28:44.192+0000][91.487s][info ][safepoint     ] Application time: 1.0049333 seconds
[2023-10-31T08:28:44.195+0000][91.491s][info ][safepoint     ] Entering safepoint region: Cleanup
[2023-10-31T08:28:44.198+0000][91.494s][info ][safepoint     ] Leaving safepoint region
[2023-10-31T08:28:44.199+0000][91.495s][info ][safepoint     ] Total time for which application threads were stopped: 0.0042459 seconds, Stopping threads took: 0.0030319 seconds
[2023-10-31T08:28:45.201+0000][92.496s][debug][safepoint     ] Safepoint synchronization initiated. (165 threads)
[2023-10-31T08:28:45.201+0000][92.497s][info ][safepoint     ] Application time: 1.0006792 seconds
[2023-10-31T08:28:45.202+0000][92.497s][info ][safepoint     ] Entering safepoint region: Cleanup
[2023-10-31T08:28:45.202+0000][92.498s][info ][safepoint     ] Leaving safepoint region
[2023-10-31T08:28:45.203+0000][92.498s][info ][safepoint     ] Total time for which application threads were stopped: 0.0010796 seconds, Stopping threads took: 0.0004502 seconds
[2023-10-31T08:28:46.203+0000][93.499s][debug][safepoint     ] Safepoint synchronization initiated. (165 threads)
[2023-10-31T08:28:46.204+0000][93.500s][info ][safepoint     ] Application time: 1.0008136 seconds
[2023-10-31T08:28:46.204+0000][93.500s][info ][safepoint     ] Entering safepoint region: Cleanup
[2023-10-31T08:28:46.205+0000][93.501s][info ][safepoint     ] Leaving safepoint region
[2023-10-31T08:28:46.206+0000][93.501s][info ][safepoint     ] Total time for which application threads were stopped: 0.0011920 seconds, Stopping threads took: 0.0004660 seconds
[2023-10-31T08:28:47.206+0000][94.502s][debug][safepoint     ] Safepoint synchronization initiated. (165 threads)
[2023-10-31T08:28:47.207+0000][94.502s][info ][safepoint     ] Application time: 1.0006200 seconds
[2023-10-31T08:28:47.207+0000][94.503s][info ][safepoint     ] Entering safepoint region: Cleanup
[2023-10-31T08:28:47.208+0000][94.504s][info ][safepoint     ] Leaving safepoint region
[2023-10-31T08:28:47.208+0000][94.504s][info ][safepoint     ] Total time for which application threads were stopped: 0.0011154 seconds, Stopping threads took: 0.0005233 seconds
[2023-10-31T08:28:48.209+0000][95.504s][debug][safepoint     ] Safepoint synchronization initiated. (165 threads)
[2023-10-31T08:28:48.209+0000][95.505s][info ][safepoint     ] Application time: 1.0008027 seconds
[2023-10-31T08:28:48.210+0000][95.506s][info ][safepoint     ] Entering safepoint region: Cleanup
[2023-10-31T08:28:48.211+0000][95.506s][info ][safepoint     ] Leaving safepoint region
[2023-10-31T08:28:48.211+0000][95.507s][info ][safepoint     ] Total time for which application threads were stopped: 0.0012105 seconds, Stopping threads took: 0.0005244 seconds
[2023-10-31T08:28:49.212+0000][96.507s][debug][safepoint     ] Safepoint synchronization initiated. (165 threads)
[2023-10-31T08:28:49.212+0000][96.508s][info ][safepoint     ] Application time: 1.0008034 seconds
[2023-10-31T08:28:49.213+0000][96.509s][info ][safepoint     ] Entering safepoint region: Cleanup
[2023-10-31T08:28:49.213+0000][96.509s][info ][safepoint     ] Leaving safepoint region
[2023-10-31T08:28:49.214+0000][96.510s][info ][safepoint     ] Total time for which application threads were stopped: 0.0011513 seconds, Stopping threads took: 0.0004479 seconds
[2023-10-31T08:28:50.214+0000][97.510s][debug][safepoint     ] Safepoint synchronization initiated. (165 threads)
[2023-10-31T08:28:50.215+0000][97.511s][info ][safepoint     ] Application time: 1.0008925 seconds
[2023-10-31T08:28:50.216+0000][97.512s][info ][safepoint     ] Entering safepoint region: Cleanup
[2023-10-31T08:28:50.217+0000][97.512s][info ][safepoint     ] Leaving safepoint region
[2023-10-31T08:28:50.217+0000][97.513s][info ][safepoint     ] Total time for which application threads were stopped: 0.0012469 seconds, Stopping threads took: 0.0005595 seconds
[2023-10-31T08:28:51.218+0000][98.513s][debug][safepoint     ] Safepoint synchronization initiated. (165 threads)
[2023-10-31T08:28:51.228+0000][98.524s][info ][safepoint     ] Application time: 1.0108465 seconds
[2023-10-31T08:28:51.230+0000][98.526s][info ][safepoint     ] Entering safepoint region: Cleanup
[2023-10-31T08:28:51.233+0000][98.529s][info ][safepoint     ] Leaving safepoint region
[2023-10-31T08:28:51.239+0000][98.534s][info ][safepoint     ] Total time for which application threads were stopped: 0.0082926 seconds, Stopping threads took: 0.0024377 seconds
[2023-10-31T08:28:52.242+0000][99.537s][debug][safepoint     ] Safepoint synchronization initiated. (165 threads)
[2023-10-31T08:28:52.242+0000][99.538s][info ][safepoint     ] Application time: 1.0008069 seconds
[2023-10-31T08:28:52.243+0000][99.539s][info ][safepoint     ] Entering safepoint region: Cleanup
[2023-10-31T08:28:52.244+0000][99.539s][info ][safepoint     ] Leaving safepoint region
[2023-10-31T08:28:52.244+0000][99.540s][info ][safepoint     ] Total time for which application threads were stopped: 0.0012456 seconds, Stopping threads took: 0.0005671 seconds
[2023-10-31T08:28:53.245+0000][100.540s][debug][safepoint     ] Safepoint synchronization initiated. (165 threads)
[2023-10-31T08:28:53.245+0000][100.541s][info ][safepoint     ] Application time: 1.0006871 seconds
[2023-10-31T08:28:53.246+0000][100.541s][info ][safepoint     ] Entering safepoint region: Cleanup
[2023-10-31T08:28:53.246+0000][100.542s][info ][safepoint     ] Leaving safepoint region
[2023-10-31T08:28:53.247+0000][100.543s][info ][safepoint     ] Total time for which application threads were stopped: 0.0012231 seconds, Stopping threads took: 0.0005429 seconds
[2023-10-31T08:28:54.247+0000][101.543s][debug][safepoint     ] Safepoint synchronization initiated. (165 threads)
[2023-10-31T08:28:54.248+0000][101.544s][info ][safepoint     ] Application time: 1.0007396 seconds
[2023-10-31T08:28:54.249+0000][101.544s][info ][safepoint     ] Entering safepoint region: Cleanup
[2023-10-31T08:28:54.249+0000][101.545s][info ][safepoint     ] Leaving safepoint region
[2023-10-31T08:28:54.250+0000][101.546s][info ][safepoint     ] Total time for which application threads were stopped: 0.0011589 seconds, Stopping threads took: 0.0004678 seconds
[2023-10-31T08:28:55.250+0000][102.546s][debug][safepoint     ] Safepoint synchronization initiated. (165 threads)
[2023-10-31T08:28:55.251+0000][102.547s][info ][safepoint     ] Application time: 1.0008384 seconds
[2023-10-31T08:28:55.252+0000][102.547s][info ][safepoint     ] Entering safepoint region: Cleanup
[2023-10-31T08:28:55.254+0000][102.550s][info ][safepoint     ] Leaving safepoint region
[2023-10-31T08:28:55.255+0000][102.551s][info ][safepoint     ] Total time for which application threads were stopped: 0.0036982 seconds, Stopping threads took: 0.0015633 seconds
[2023-10-31T08:28:56.256+0000][103.552s][debug][safepoint     ] Safepoint synchronization initiated. (165 threads)
[2023-10-31T08:28:56.257+0000][103.553s][info ][safepoint     ] Application time: 1.0009530 seconds
[2023-10-31T08:28:56.257+0000][103.553s][info ][safepoint     ] Entering safepoint region: Cleanup
[2023-10-31T08:28:56.258+0000][103.554s][info ][safepoint     ] Leaving safepoint region
[2023-10-31T08:28:56.259+0000][103.554s][info ][safepoint     ] Total time for which application threads were stopped: 0.0013328 seconds, Stopping threads took: 0.0006079 seconds
[2023-10-31T08:28:57.260+0000][104.555s][debug][safepoint     ] Safepoint synchronization initiated. (165 threads)
[2023-10-31T08:28:57.261+0000][104.556s][info ][safepoint     ] Application time: 1.0012012 seconds
[2023-10-31T08:28:57.261+0000][104.557s][info ][safepoint     ] Entering safepoint region: Cleanup
[2023-10-31T08:28:57.262+0000][104.558s][info ][safepoint     ] Leaving safepoint region
[2023-10-31T08:28:57.263+0000][104.558s][info ][safepoint     ] Total time for which application threads were stopped: 0.0015638 seconds, Stopping threads took: 0.0006793 seconds
[2023-10-31T08:28:58.263+0000][105.559s][debug][safepoint     ] Safepoint synchronization initiated. (165 threads)
[2023-10-31T08:28:58.264+0000][105.560s][info ][safepoint     ] Application time: 1.0009380 seconds
[2023-10-31T08:28:58.264+0000][105.561s][info ][safepoint     ] Entering safepoint region: Cleanup
[2023-10-31T08:28:58.265+0000][105.561s][info ][safepoint     ] Leaving safepoint region
[2023-10-31T08:28:58.266+0000][105.562s][info ][safepoint     ] Total time for which application threads were stopped: 0.0011983 seconds, Stopping threads took: 0.0004844 seconds
[2023-10-31T08:28:59.266+0000][106.562s][debug][safepoint     ] Safepoint synchronization initiated. (165 threads)
[2023-10-31T08:28:59.267+0000][106.563s][info ][safepoint     ] Application time: 1.0009129 seconds
[2023-10-31T08:28:59.268+0000][106.564s][info ][safepoint     ] Entering safepoint region: Cleanup
[2023-10-31T08:28:59.268+0000][106.565s][info ][safepoint     ] Leaving safepoint region
[2023-10-31T08:28:59.269+0000][106.565s][info ][safepoint     ] Total time for which application threads were stopped: 0.0014346 seconds, Stopping threads took: 0.0006824 seconds
[2023-10-31T08:29:00.270+0000][107.566s][debug][safepoint     ] Safepoint synchronization initiated. (165 threads)
[2023-10-31T08:29:00.270+0000][107.567s][info ][safepoint     ] Application time: 1.0008397 seconds
[2023-10-31T08:29:00.271+0000][107.567s][info ][safepoint     ] Entering safepoint region: Cleanup
[2023-10-31T08:29:00.272+0000][107.568s][info ][safepoint     ] Leaving safepoint region
[2023-10-31T08:29:00.272+0000][107.568s][info ][safepoint     ] Total time for which application threads were stopped: 0.0013214 seconds, Stopping threads took: 0.0006491 seconds
[2023-10-31T08:29:01.273+0000][108.569s][debug][safepoint     ] Safepoint synchronization initiated. (165 threads)
[2023-10-31T08:29:01.274+0000][108.570s][info ][safepoint     ] Application time: 1.0010560 seconds
[2023-10-31T08:29:01.274+0000][108.571s][info ][safepoint     ] Entering safepoint region: Cleanup
[2023-10-31T08:29:01.275+0000][108.571s][info ][safepoint     ] Leaving safepoint region
[2023-10-31T08:29:01.275+0000][108.572s][info ][safepoint     ] Total time for which application threads were stopped: 0.0011989 seconds, Stopping threads took: 0.0004990 seconds
[2023-10-31T08:29:01.915+0000][109.211s][debug][safepoint     ] Safepoint synchronization initiated. (165 threads)
[2023-10-31T08:29:01.916+0000][109.212s][info ][safepoint     ] Application time: 0.6396819 seconds
[2023-10-31T08:29:01.916+0000][109.212s][info ][safepoint     ] Entering safepoint region: Deoptimize
[2023-10-31T08:29:01.923+0000][109.219s][info ][safepoint     ] Leaving safepoint region
[2023-10-31T08:29:01.923+0000][109.219s][info ][safepoint     ] Total time for which application threads were stopped: 0.0070900 seconds, Stopping threads took: 0.0007348 seconds
[2023-10-31T08:29:01.974+0000][109.270s][debug][safepoint     ] Safepoint synchronization initiated. (165 threads)
[2023-10-31T08:29:01.975+0000][109.271s][info ][safepoint     ] Application time: 0.0511190 seconds
[2023-10-31T08:29:01.976+0000][109.272s][info ][safepoint     ] Entering safepoint region: Deoptimize
[2023-10-31T08:29:01.979+0000][109.276s][info ][safepoint     ] Leaving safepoint region
[2023-10-31T08:29:01.980+0000][109.276s][info ][safepoint     ] Total time for which application threads were stopped: 0.0047364 seconds, Stopping threads took: 0.0005350 seconds
[2023-10-31T08:29:02.042+0000][109.338s][debug][safepoint     ] Safepoint synchronization initiated. (165 threads)
[2023-10-31T08:29:02.043+0000][109.339s][info ][safepoint     ] Application time: 0.0619009 seconds
[2023-10-31T08:29:02.043+0000][109.339s][info ][safepoint     ] Entering safepoint region: Deoptimize
[2023-10-31T08:29:02.046+0000][109.342s][info ][safepoint     ] Leaving safepoint region
[2023-10-31T08:29:02.046+0000][109.343s][info ][safepoint     ] Total time for which application threads were stopped: 0.0031208 seconds, Stopping threads took: 0.0005770 seconds
[2023-10-31T08:29:02.073+0000][109.369s][debug][safepoint     ] Safepoint synchronization initiated. (167 threads)
[2023-10-31T08:29:02.073+0000][109.370s][info ][safepoint     ] Application time: 0.0266524 seconds
[2023-10-31T08:29:02.074+0000][109.370s][info ][safepoint     ] Entering safepoint region: Deoptimize
[2023-10-31T08:29:02.077+0000][109.373s][info ][safepoint     ] Leaving safepoint region
[2023-10-31T08:29:02.078+0000][109.374s][info ][safepoint     ] Total time for which application threads were stopped: 0.0034940 seconds, Stopping threads took: 0.0004604 seconds
[2023-10-31T08:29:02.270+0000][109.566s][debug][safepoint     ] Safepoint synchronization initiated. (167 threads)
[2023-10-31T08:29:02.270+0000][109.566s][info ][safepoint     ] Application time: 0.1920562 seconds
[2023-10-31T08:29:02.271+0000][109.567s][info ][safepoint     ] Entering safepoint region: G1CollectForAllocation
[2023-10-31T08:29:02.271+0000][109.568s][info ][gc,start      ] GC(56) Pause Young (Normal) (G1 Evacuation Pause)
[2023-10-31T08:29:02.272+0000][109.568s][info ][gc,task       ] GC(56) Using 8 workers of 8 for evacuation
[2023-10-31T08:29:02.295+0000][109.591s][info ][gc,phases     ] GC(56)   Pre Evacuate Collection Set: 0.1ms
[2023-10-31T08:29:02.295+0000][109.591s][info ][gc,phases     ] GC(56)   Evacuate Collection Set: 17.8ms
[2023-10-31T08:29:02.296+0000][109.592s][info ][gc,phases     ] GC(56)   Post Evacuate Collection Set: 4.2ms
[2023-10-31T08:29:02.296+0000][109.592s][info ][gc,phases     ] GC(56)   Other: 1.1ms
[2023-10-31T08:29:02.297+0000][109.593s][info ][gc,heap       ] GC(56) Eden regions: 255->0(252)
[2023-10-31T08:29:02.297+0000][109.593s][info ][gc,heap       ] GC(56) Survivor regions: 20->19(35)
[2023-10-31T08:29:02.297+0000][109.594s][info ][gc,heap       ] GC(56) Old regions: 128->133
[2023-10-31T08:29:02.298+0000][109.594s][info ][gc,heap       ] GC(56) Humongous regions: 0->0
[2023-10-31T08:29:02.298+0000][109.594s][info ][gc,metaspace  ] GC(56) Metaspace: 154701K(159952K)->154701K(159952K) NonClass: 136486K(139728K)->136486K(139728K) Class: 18214K(20224K)->18214K(20224K)
[2023-10-31T08:29:02.299+0000][109.595s][info ][gc            ] GC(56) Pause Young (Normal) (G1 Evacuation Pause) 401M->149M(470M) 27.088ms
[2023-10-31T08:29:02.299+0000][109.595s][info ][gc,cpu        ] GC(56) User=0.16s Sys=0.00s Real=0.03s
[2023-10-31T08:29:02.299+0000][109.596s][info ][safepoint     ] Leaving safepoint region
[2023-10-31T08:29:02.300+0000][109.596s][info ][safepoint     ] Total time for which application threads were stopped: 0.0291427 seconds, Stopping threads took: 0.0005087 seconds
[2023-10-31T08:29:02.300+0000][109.596s][info ][gc,stringdedup] Concurrent String Deduplication (109.596s)
[2023-10-31T08:29:02.303+0000][109.599s][info ][gc,stringdedup] Concurrent String Deduplication 221.4K->88992.0B(134.5K) avg 54.3% (109.596s, 109.599s) 2.847ms
[2023-10-31T08:29:02.322+0000][109.619s][debug][safepoint     ] Safepoint synchronization initiated. (167 threads)
[2023-10-31T08:29:02.323+0000][109.619s][info ][safepoint     ] Application time: 0.0228565 seconds
[2023-10-31T08:29:02.324+0000][109.620s][info ][safepoint     ] Entering safepoint region: Deoptimize
[2023-10-31T08:29:02.326+0000][109.623s][info ][safepoint     ] Leaving safepoint region
[2023-10-31T08:29:02.326+0000][109.623s][debug][safepoint     ] ... found polling page return exception at pc = 0x00007f62e89d70c4, stub =0x00007f62e0840600
[2023-10-31T08:29:02.327+0000][109.623s][info ][safepoint     ] Total time for which application threads were stopped: 0.0033942 seconds, Stopping threads took: 0.0005369 seconds
[2023-10-31T08:29:03.328+0000][110.624s][debug][safepoint     ] Safepoint synchronization initiated. (167 threads)
[2023-10-31T08:29:03.329+0000][110.625s][info ][safepoint     ] Application time: 1.0009635 seconds
[2023-10-31T08:29:03.329+0000][110.626s][info ][safepoint     ] Entering safepoint region: Cleanup
[2023-10-31T08:29:03.330+0000][110.627s][info ][safepoint     ] Leaving safepoint region
[2023-10-31T08:29:03.331+0000][110.627s][info ][safepoint     ] Total time for which application threads were stopped: 0.0017290 seconds, Stopping threads took: 0.0006473 seconds
[2023-10-31T08:29:03.614+0000][110.910s][debug][safepoint     ] Safepoint synchronization initiated. (167 threads)
[2023-10-31T08:29:03.615+0000][110.911s][info ][safepoint     ] Application time: 0.2835326 seconds
[2023-10-31T08:29:03.617+0000][110.914s][debug][safepoint     ] ... found polling page loop exception at pc = 0x00007f62e89b1e24, stub =0x00007f62e0843680
[2023-10-31T08:29:03.621+0000][110.917s][debug][safepoint     ] Waiting for 1 thread(s) to block
[2023-10-31T08:29:03.622+0000][110.918s][info ][safepoint     ] Entering safepoint region: Deoptimize
[2023-10-31T08:29:03.626+0000][110.923s][info ][safepoint     ] Leaving safepoint region
[2023-10-31T08:29:03.627+0000][110.924s][info ][safepoint     ] Total time for which application threads were stopped: 0.0116189 seconds, Stopping threads took: 0.0068721 seconds
[2023-10-31T08:29:04.379+0000][111.675s][debug][safepoint     ] Safepoint synchronization initiated. (165 threads)
[2023-10-31T08:29:04.379+0000][111.675s][info ][safepoint     ] Application time: 0.7507609 seconds
[2023-10-31T08:29:04.380+0000][111.676s][info ][safepoint     ] Entering safepoint region: Deoptimize
[2023-10-31T08:29:04.383+0000][111.680s][info ][safepoint     ] Leaving safepoint region
[2023-10-31T08:29:04.384+0000][111.680s][info ][safepoint     ] Total time for which application threads were stopped: 0.0040469 seconds, Stopping threads took: 0.0006776 seconds
[2023-10-31T08:29:05.386+0000][112.682s][debug][safepoint     ] Safepoint synchronization initiated. (168 threads)
[2023-10-31T08:29:05.387+0000][112.683s][info ][safepoint     ] Application time: 1.0020344 seconds
[2023-10-31T08:29:05.388+0000][112.684s][info ][safepoint     ] Entering safepoint region: Cleanup
[2023-10-31T08:29:05.389+0000][112.685s][info ][safepoint     ] Leaving safepoint region
[2023-10-31T08:29:05.389+0000][112.685s][info ][safepoint     ] Total time for which application threads were stopped: 0.0015592 seconds, Stopping threads took: 0.0005787 seconds
[2023-10-31T08:29:06.390+0000][113.686s][debug][safepoint     ] Safepoint synchronization initiated. (167 threads)
[2023-10-31T08:29:06.391+0000][113.687s][info ][safepoint     ] Application time: 1.0013563 seconds
[2023-10-31T08:29:06.392+0000][113.688s][info ][safepoint     ] Entering safepoint region: Cleanup
[2023-10-31T08:29:06.393+0000][113.689s][info ][safepoint     ] Leaving safepoint region
[2023-10-31T08:29:06.395+0000][113.691s][info ][safepoint     ] Total time for which application threads were stopped: 0.0033759 seconds, Stopping threads took: 0.0006741 seconds
[2023-10-31T08:29:06.415+0000][113.711s][debug][safepoint     ] Safepoint synchronization initiated. (168 threads)
[2023-10-31T08:29:06.416+0000][113.712s][info ][safepoint     ] Application time: 0.0147409 seconds
[2023-10-31T08:29:06.417+0000][113.713s][info ][safepoint     ] Entering safepoint region: Deoptimize
[2023-10-31T08:29:06.420+0000][113.716s][info ][safepoint     ] Leaving safepoint region
[2023-10-31T08:29:06.421+0000][113.717s][info ][safepoint     ] Total time for which application threads were stopped: 0.0038558 seconds, Stopping threads took: 0.0006256 seconds
[2023-10-31T08:29:07.422+0000][114.718s][debug][safepoint     ] Safepoint synchronization initiated. (168 threads)
[2023-10-31T08:29:07.426+0000][114.722s][info ][safepoint     ] Application time: 1.0047055 seconds
[2023-10-31T08:29:07.427+0000][114.723s][debug][safepoint     ] Waiting for 1 thread(s) to block
[2023-10-31T08:29:07.428+0000][114.724s][info ][safepoint     ] Entering safepoint region: Cleanup
[2023-10-31T08:29:07.429+0000][114.725s][info ][safepoint     ] Leaving safepoint region
[2023-10-31T08:29:07.431+0000][114.727s][info ][safepoint     ] Total time for which application threads were stopped: 0.0037652 seconds, Stopping threads took: 0.0017840 seconds
[2023-10-31T08:29:08.432+0000][115.728s][debug][safepoint     ] Safepoint synchronization initiated. (168 threads)
[2023-10-31T08:29:08.432+0000][115.729s][info ][safepoint     ] Application time: 1.0010109 seconds
[2023-10-31T08:29:08.433+0000][115.729s][info ][safepoint     ] Entering safepoint region: Cleanup
[2023-10-31T08:29:08.434+0000][115.730s][info ][safepoint     ] Leaving safepoint region
[2023-10-31T08:29:08.434+0000][115.731s][info ][safepoint     ] Total time for which application threads were stopped: 0.0014205 seconds, Stopping threads took: 0.0005453 seconds
[2023-10-31T08:29:08.768+0000][116.064s][debug][safepoint     ] Safepoint synchronization initiated. (169 threads)
[2023-10-31T08:29:08.769+0000][116.066s][info ][safepoint     ] Application time: 0.3344091 seconds
[2023-10-31T08:29:08.770+0000][116.066s][info ][safepoint     ] Entering safepoint region: Deoptimize
[2023-10-31T08:29:08.774+0000][116.071s][info ][safepoint     ] Leaving safepoint region
[2023-10-31T08:29:08.775+0000][116.071s][info ][safepoint     ] Total time for which application threads were stopped: 0.0052051 seconds, Stopping threads took: 0.0006872 seconds
[2023-10-31T08:29:08.824+0000][116.120s][debug][safepoint     ] Safepoint synchronization initiated. (170 threads)
[2023-10-31T08:29:08.825+0000][116.121s][info ][safepoint     ] Application time: 0.0485859 seconds
[2023-10-31T08:29:08.825+0000][116.122s][debug][safepoint     ] Waiting for 1 thread(s) to block
[2023-10-31T08:29:08.826+0000][116.122s][info ][safepoint     ] Entering safepoint region: ICBufferFull
[2023-10-31T08:29:08.827+0000][116.123s][info ][safepoint     ] Leaving safepoint region
[2023-10-31T08:29:08.827+0000][116.124s][info ][safepoint     ] Total time for which application threads were stopped: 0.0020782 seconds, Stopping threads took: 0.0011311 seconds
[2023-10-31T08:29:09.733+0000][117.029s][debug][safepoint     ] Safepoint synchronization initiated. (172 threads)
[2023-10-31T08:29:09.733+0000][117.029s][info ][safepoint     ] Application time: 0.9054327 seconds
[2023-10-31T08:29:09.734+0000][117.030s][info ][safepoint     ] Entering safepoint region: Deoptimize
[2023-10-31T08:29:09.737+0000][117.034s][info ][safepoint     ] Leaving safepoint region
[2023-10-31T08:29:09.738+0000][117.035s][info ][safepoint     ] Total time for which application threads were stopped: 0.0044577 seconds, Stopping threads took: 0.0005401 seconds
[2023-10-31T08:29:10.739+0000][118.035s][debug][safepoint     ] Safepoint synchronization initiated. (171 threads)
[2023-10-31T08:29:10.740+0000][118.036s][info ][safepoint     ] Application time: 1.0011377 seconds
[2023-10-31T08:29:10.741+0000][118.037s][info ][safepoint     ] Entering safepoint region: Cleanup
[2023-10-31T08:29:10.742+0000][118.038s][info ][safepoint     ] Leaving safepoint region
[2023-10-31T08:29:10.742+0000][118.038s][info ][safepoint     ] Total time for which application threads were stopped: 0.0016168 seconds, Stopping threads took: 0.0006352 seconds
[2023-10-31T08:29:11.743+0000][119.039s][debug][safepoint     ] Safepoint synchronization initiated. (170 threads)
[2023-10-31T08:29:11.744+0000][119.040s][info ][safepoint     ] Application time: 1.0006739 seconds
[2023-10-31T08:29:11.744+0000][119.040s][info ][safepoint     ] Entering safepoint region: Cleanup
[2023-10-31T08:29:11.745+0000][119.041s][info ][safepoint     ] Leaving safepoint region
[2023-10-31T08:29:11.745+0000][119.042s][info ][safepoint     ] Total time for which application threads were stopped: 0.0013052 seconds, Stopping threads took: 0.0005363 seconds
[2023-10-31T08:29:12.141+0000][119.437s][debug][safepoint     ] Safepoint synchronization initiated. (173 threads)
[2023-10-31T08:29:12.141+0000][119.438s][info ][safepoint     ] Application time: 0.3956147 seconds
[2023-10-31T08:29:12.142+0000][119.438s][info ][safepoint     ] Entering safepoint region: G1CollectForAllocation
[2023-10-31T08:29:12.143+0000][119.439s][info ][gc,start      ] GC(57) Pause Young (Normal) (G1 Evacuation Pause)
[2023-10-31T08:29:12.143+0000][119.439s][info ][gc,task       ] GC(57) Using 8 workers of 8 for evacuation
[2023-10-31T08:29:12.167+0000][119.464s][info ][gc,phases     ] GC(57)   Pre Evacuate Collection Set: 0.0ms
[2023-10-31T08:29:12.168+0000][119.464s][info ][gc,phases     ] GC(57)   Evacuate Collection Set: 20.3ms
[2023-10-31T08:29:12.169+0000][119.465s][info ][gc,phases     ] GC(57)   Post Evacuate Collection Set: 3.3ms
[2023-10-31T08:29:12.169+0000][119.465s][info ][gc,phases     ] GC(57)   Other: 1.1ms
[2023-10-31T08:29:12.170+0000][119.466s][info ][gc,heap       ] GC(57) Eden regions: 252->0(246)
[2023-10-31T08:29:12.170+0000][119.466s][info ][gc,heap       ] GC(57) Survivor regions: 19->20(34)
[2023-10-31T08:29:12.171+0000][119.467s][info ][gc,heap       ] GC(57) Old regions: 133->137
[2023-10-31T08:29:12.171+0000][119.468s][info ][gc,heap       ] GC(57) Humongous regions: 0->0
[2023-10-31T08:29:12.172+0000][119.468s][info ][gc,metaspace  ] GC(57) Metaspace: 159094K(164432K)->159094K(164432K) NonClass: 140444K(143824K)->140444K(143824K) Class: 18650K(20608K)->18650K(20608K)
[2023-10-31T08:29:12.173+0000][119.469s][info ][gc            ] GC(57) Pause Young (Normal) (G1 Evacuation Pause) 401M->155M(470M) 29.936ms
[2023-10-31T08:29:12.173+0000][119.469s][info ][gc,cpu        ] GC(57) User=0.19s Sys=0.00s Real=0.04s
[2023-10-31T08:29:12.174+0000][119.470s][info ][safepoint     ] Leaving safepoint region
[2023-10-31T08:29:12.174+0000][119.471s][info ][safepoint     ] Total time for which application threads were stopped: 0.0324355 seconds, Stopping threads took: 0.0004666 seconds
[2023-10-31T08:29:12.175+0000][119.471s][info ][gc,stringdedup] Concurrent String Deduplication (119.471s)
[2023-10-31T08:29:12.177+0000][119.473s][info ][gc,stringdedup] Concurrent String Deduplication 221.5K->78848.0B(144.5K) avg 54.4% (119.471s, 119.473s) 1.996ms
[2023-10-31T08:29:13.175+0000][120.471s][debug][safepoint     ] Safepoint synchronization initiated. (177 threads)
[2023-10-31T08:29:13.176+0000][120.472s][info ][safepoint     ] Application time: 1.0007551 seconds
[2023-10-31T08:29:13.177+0000][120.473s][debug][safepoint     ] Waiting for 1 thread(s) to block
[2023-10-31T08:29:13.180+0000][120.476s][info ][safepoint     ] Entering safepoint region: Cleanup
[2023-10-31T08:29:13.182+0000][120.479s][info ][safepoint     ] Leaving safepoint region
[2023-10-31T08:29:13.184+0000][120.480s][info ][safepoint     ] Total time for which application threads were stopped: 0.0070035 seconds, Stopping threads took: 0.0052365 seconds
[2023-10-31T08:29:13.432+0000][120.729s][debug][safepoint     ] Safepoint synchronization initiated. (177 threads)
[2023-10-31T08:29:13.433+0000][120.730s][info ][safepoint     ] Application time: 0.2487776 seconds
[2023-10-31T08:29:13.436+0000][120.732s][debug][safepoint     ] Waiting for 1 thread(s) to block
[2023-10-31T08:29:13.436+0000][120.733s][info ][safepoint     ] Entering safepoint region: Deoptimize
[2023-10-31T08:29:13.440+0000][120.736s][info ][safepoint     ] Leaving safepoint region
[2023-10-31T08:29:13.441+0000][120.737s][info ][safepoint     ] Total time for which application threads were stopped: 0.0051255 seconds, Stopping threads took: 0.0013414 seconds
[2023-10-31T08:29:13.515+0000][120.812s][debug][safepoint     ] Safepoint synchronization initiated. (178 threads)
[2023-10-31T08:29:13.516+0000][120.812s][info ][safepoint     ] Application time: 0.0748977 seconds
[2023-10-31T08:29:13.517+0000][120.813s][debug][safepoint     ] ... found polling page return exception at pc = 0x00007f62e9291a16, stub =0x00007f62e0840600
[2023-10-31T08:29:13.517+0000][120.813s][debug][safepoint     ] Waiting for 2 thread(s) to block
[2023-10-31T08:29:13.518+0000][120.814s][info ][safepoint     ] Entering safepoint region: Deoptimize
[2023-10-31T08:29:13.520+0000][120.817s][info ][safepoint     ] Leaving safepoint region
[2023-10-31T08:29:13.521+0000][120.817s][info ][safepoint     ] Total time for which application threads were stopped: 0.0044247 seconds, Stopping threads took: 0.0014232 seconds
[2023-10-31T08:29:13.523+0000][120.819s][debug][safepoint     ] Safepoint synchronization initiated. (178 threads)
[2023-10-31T08:29:13.523+0000][120.819s][info ][safepoint     ] Application time: 0.0015465 seconds
[2023-10-31T08:29:13.524+0000][120.820s][info ][safepoint     ] Entering safepoint region: Deoptimize
[2023-10-31T08:29:13.527+0000][120.823s][info ][safepoint     ] Leaving safepoint region
[2023-10-31T08:29:13.528+0000][120.824s][info ][safepoint     ] Total time for which application threads were stopped: 0.0044807 seconds, Stopping threads took: 0.0004882 seconds
[2023-10-31T08:29:13.535+0000][120.831s][debug][safepoint     ] Safepoint synchronization initiated. (178 threads)
[2023-10-31T08:29:13.535+0000][120.832s][info ][safepoint     ] Application time: 0.0067948 seconds
[2023-10-31T08:29:13.536+0000][120.832s][debug][safepoint     ] ... found polling page return exception at pc = 0x00007f62e928d69b, stub =0x00007f62e0840600
[2023-10-31T08:29:13.537+0000][120.833s][debug][safepoint     ] Waiting for 2 thread(s) to block
[2023-10-31T08:29:13.537+0000][120.833s][info ][safepoint     ] Entering safepoint region: Deoptimize
[2023-10-31T08:29:13.541+0000][120.837s][info ][safepoint     ] Leaving safepoint region
[2023-10-31T08:29:13.541+0000][120.837s][info ][safepoint     ] Total time for which application threads were stopped: 0.0052279 seconds, Stopping threads took: 0.0017390 seconds
[2023-10-31T08:29:13.678+0000][120.975s][debug][safepoint     ] Safepoint synchronization initiated. (179 threads)
[2023-10-31T08:29:13.680+0000][120.976s][info ][safepoint     ] Application time: 0.1382124 seconds
[2023-10-31T08:29:13.682+0000][120.978s][debug][safepoint     ] ... found polling page return exception at pc = 0x00007f62e8a753ff, stub =0x00007f62e0840600
[2023-10-31T08:29:13.682+0000][120.978s][debug][safepoint     ] Waiting for 1 thread(s) to block
[2023-10-31T08:29:13.683+0000][120.979s][info ][safepoint     ] Entering safepoint region: Deoptimize
[2023-10-31T08:29:13.686+0000][120.982s][info ][safepoint     ] Leaving safepoint region
[2023-10-31T08:29:13.687+0000][120.983s][info ][safepoint     ] Total time for which application threads were stopped: 0.0056134 seconds, Stopping threads took: 0.0020037 seconds
[2023-10-31T08:29:13.699+0000][120.995s][debug][safepoint     ] Safepoint synchronization initiated. (179 threads)
[2023-10-31T08:29:13.700+0000][120.996s][info ][safepoint     ] Application time: 0.0120323 seconds
[2023-10-31T08:29:13.700+0000][120.997s][info ][safepoint     ] Entering safepoint region: Deoptimize
[2023-10-31T08:29:13.704+0000][121.000s][info ][safepoint     ] Leaving safepoint region
[2023-10-31T08:29:13.704+0000][121.000s][info ][safepoint     ] Total time for which application threads were stopped: 0.0039077 seconds, Stopping threads took: 0.0005618 seconds
[2023-10-31T08:29:14.705+0000][122.001s][debug][safepoint     ] Safepoint synchronization initiated. (177 threads)
[2023-10-31T08:29:14.706+0000][122.002s][info ][safepoint     ] Application time: 1.0008401 seconds
[2023-10-31T08:29:14.706+0000][122.002s][debug][safepoint     ] Waiting for 1 thread(s) to block
[2023-10-31T08:29:14.707+0000][122.003s][info ][safepoint     ] Entering safepoint region: Cleanup
[2023-10-31T08:29:14.708+0000][122.004s][info ][safepoint     ] Leaving safepoint region
[2023-10-31T08:29:14.709+0000][122.005s][info ][safepoint     ] Total time for which application threads were stopped: 0.0023116 seconds, Stopping threads took: 0.0012767 seconds
[2023-10-31T08:29:15.710+0000][123.006s][debug][safepoint     ] Safepoint synchronization initiated. (177 threads)
[2023-10-31T08:29:15.710+0000][123.006s][info ][safepoint     ] Application time: 1.0009427 seconds
[2023-10-31T08:29:15.711+0000][123.007s][info ][safepoint     ] Entering safepoint region: Cleanup
[2023-10-31T08:29:15.712+0000][123.008s][info ][safepoint     ] Leaving safepoint region
[2023-10-31T08:29:15.712+0000][123.008s][info ][safepoint     ] Total time for which application threads were stopped: 0.0014467 seconds, Stopping threads took: 0.0006556 seconds
[2023-10-31T08:29:16.713+0000][124.009s][debug][safepoint     ] Safepoint synchronization initiated. (177 threads)
[2023-10-31T08:29:16.714+0000][124.010s][info ][safepoint     ] Application time: 1.0008291 seconds
[2023-10-31T08:29:16.714+0000][124.010s][info ][safepoint     ] Entering safepoint region: Cleanup
[2023-10-31T08:29:16.715+0000][124.011s][info ][safepoint     ] Leaving safepoint region
[2023-10-31T08:29:16.715+0000][124.012s][info ][safepoint     ] Total time for which application threads were stopped: 0.0012748 seconds, Stopping threads took: 0.0006418 seconds
[2023-10-31T08:29:17.716+0000][125.012s][debug][safepoint     ] Safepoint synchronization initiated. (177 threads)
[2023-10-31T08:29:17.717+0000][125.013s][info ][safepoint     ] Application time: 1.0009711 seconds
[2023-10-31T08:29:17.718+0000][125.014s][info ][safepoint     ] Entering safepoint region: Cleanup
[2023-10-31T08:29:17.718+0000][125.014s][info ][safepoint     ] Leaving safepoint region
[2023-10-31T08:29:17.719+0000][125.015s][info ][safepoint     ] Total time for which application threads were stopped: 0.0013860 seconds, Stopping threads took: 0.0005041 seconds
[2023-10-31T08:29:18.720+0000][126.016s][debug][safepoint     ] Safepoint synchronization initiated. (179 threads)
[2023-10-31T08:29:18.720+0000][126.016s][info ][safepoint     ] Application time: 1.0007628 seconds
[2023-10-31T08:29:18.721+0000][126.017s][info ][safepoint     ] Entering safepoint region: Cleanup
[2023-10-31T08:29:18.721+0000][126.018s][info ][safepoint     ] Leaving safepoint region
[2023-10-31T08:29:18.722+0000][126.018s][info ][safepoint     ] Total time for which application threads were stopped: 0.0010219 seconds, Stopping threads took: 0.0004297 seconds
[2023-10-31T08:29:19.722+0000][127.019s][debug][safepoint     ] Safepoint synchronization initiated. (179 threads)
[2023-10-31T08:29:19.723+0000][127.019s][info ][safepoint     ] Application time: 1.0006193 seconds
[2023-10-31T08:29:19.724+0000][127.020s][info ][safepoint     ] Entering safepoint region: Cleanup
[2023-10-31T08:29:19.724+0000][127.020s][info ][safepoint     ] Leaving safepoint region
[2023-10-31T08:29:19.725+0000][127.021s][info ][safepoint     ] Total time for which application threads were stopped: 0.0016740 seconds, Stopping threads took: 0.0005160 seconds
[2023-10-31T08:29:20.726+0000][128.022s][debug][safepoint     ] Safepoint synchronization initiated. (179 threads)
[2023-10-31T08:29:20.727+0000][128.023s][info ][safepoint     ] Application time: 1.0009017 seconds
[2023-10-31T08:29:20.727+0000][128.023s][info ][safepoint     ] Entering safepoint region: Cleanup
[2023-10-31T08:29:20.728+0000][128.024s][info ][safepoint     ] Leaving safepoint region
[2023-10-31T08:29:20.729+0000][128.025s][info ][safepoint     ] Total time for which application threads were stopped: 0.0013951 seconds, Stopping threads took: 0.0005212 seconds
[2023-10-31T08:29:21.729+0000][129.025s][debug][safepoint     ] Safepoint synchronization initiated. (179 threads)
[2023-10-31T08:29:21.730+0000][129.026s][info ][safepoint     ] Application time: 1.0009688 seconds
[2023-10-31T08:29:21.731+0000][129.027s][info ][safepoint     ] Entering safepoint region: Cleanup
[2023-10-31T08:29:21.731+0000][129.027s][info ][safepoint     ] Leaving safepoint region
[2023-10-31T08:29:21.732+0000][129.028s][info ][safepoint     ] Total time for which application threads were stopped: 0.0013393 seconds, Stopping threads took: 0.0005934 seconds
[2023-10-31T08:29:22.733+0000][130.029s][debug][safepoint     ] Safepoint synchronization initiated. (179 threads)
[2023-10-31T08:29:22.733+0000][130.029s][info ][safepoint     ] Application time: 1.0008123 seconds
[2023-10-31T08:29:22.734+0000][130.030s][info ][safepoint     ] Entering safepoint region: Cleanup
[2023-10-31T08:29:22.735+0000][130.031s][info ][safepoint     ] Leaving safepoint region
[2023-10-31T08:29:22.735+0000][130.032s][info ][safepoint     ] Total time for which application threads were stopped: 0.0015129 seconds, Stopping threads took: 0.0006511 seconds
[2023-10-31T08:29:23.736+0000][131.032s][debug][safepoint     ] Safepoint synchronization initiated. (179 threads)
[2023-10-31T08:29:23.737+0000][131.033s][info ][safepoint     ] Application time: 1.0009153 seconds
[2023-10-31T08:29:23.737+0000][131.034s][info ][safepoint     ] Entering safepoint region: Cleanup
[2023-10-31T08:29:23.738+0000][131.034s][info ][safepoint     ] Leaving safepoint region
[2023-10-31T08:29:23.739+0000][131.035s][info ][safepoint     ] Total time for which application threads were stopped: 0.0014577 seconds, Stopping threads took: 0.0006029 seconds
[2023-10-31T08:29:24.740+0000][132.036s][debug][safepoint     ] Safepoint synchronization initiated. (179 threads)
[2023-10-31T08:29:24.740+0000][132.036s][info ][safepoint     ] Application time: 1.0007948 seconds
[2023-10-31T08:29:24.741+0000][132.037s][info ][safepoint     ] Entering safepoint region: Cleanup
[2023-10-31T08:29:24.742+0000][132.038s][info ][safepoint     ] Leaving safepoint region
[2023-10-31T08:29:24.742+0000][132.039s][info ][safepoint     ] Total time for which application threads were stopped: 0.0016039 seconds, Stopping threads took: 0.0006317 seconds
[2023-10-31T08:29:25.743+0000][133.039s][debug][safepoint     ] Safepoint synchronization initiated. (179 threads)
[2023-10-31T08:29:25.744+0000][133.040s][info ][safepoint     ] Application time: 1.0007429 seconds
[2023-10-31T08:29:25.744+0000][133.040s][info ][safepoint     ] Entering safepoint region: Cleanup
[2023-10-31T08:29:25.746+0000][133.042s][info ][safepoint     ] Leaving safepoint region
[2023-10-31T08:29:25.747+0000][133.043s][info ][safepoint     ] Total time for which application threads were stopped: 0.0023401 seconds, Stopping threads took: 0.0005832 seconds
[2023-10-31T08:29:26.747+0000][134.043s][debug][safepoint     ] Safepoint synchronization initiated. (179 threads)
[2023-10-31T08:29:26.748+0000][134.044s][info ][safepoint     ] Application time: 1.0006238 seconds
[2023-10-31T08:29:26.748+0000][134.044s][info ][safepoint     ] Entering safepoint region: Cleanup
[2023-10-31T08:29:26.749+0000][134.045s][info ][safepoint     ] Leaving safepoint region
[2023-10-31T08:29:26.749+0000][134.045s][info ][safepoint     ] Total time for which application threads were stopped: 0.0009088 seconds, Stopping threads took: 0.0004085 seconds
[2023-10-31T08:29:27.749+0000][135.046s][debug][safepoint     ] Safepoint synchronization initiated. (179 threads)
[2023-10-31T08:29:27.750+0000][135.046s][info ][safepoint     ] Application time: 1.0005321 seconds
[2023-10-31T08:29:27.750+0000][135.046s][info ][safepoint     ] Entering safepoint region: Cleanup
[2023-10-31T08:29:27.751+0000][135.047s][info ][safepoint     ] Leaving safepoint region
[2023-10-31T08:29:27.751+0000][135.047s][info ][safepoint     ] Total time for which application threads were stopped: 0.0008757 seconds, Stopping threads took: 0.0003926 seconds
[2023-10-31T08:29:28.752+0000][136.048s][debug][safepoint     ] Safepoint synchronization initiated. (179 threads)
[2023-10-31T08:29:28.752+0000][136.048s][info ][safepoint     ] Application time: 1.0008655 seconds
[2023-10-31T08:29:28.753+0000][136.049s][info ][safepoint     ] Entering safepoint region: Cleanup
[2023-10-31T08:29:28.754+0000][136.050s][info ][safepoint     ] Leaving safepoint region
[2023-10-31T08:29:28.754+0000][136.050s][info ][safepoint     ] Total time for which application threads were stopped: 0.0011785 seconds, Stopping threads took: 0.0005020 seconds
[2023-10-31T08:29:29.755+0000][137.051s][debug][safepoint     ] Safepoint synchronization initiated. (179 threads)
[2023-10-31T08:29:29.755+0000][137.052s][info ][safepoint     ] Application time: 1.0007500 seconds
[2023-10-31T08:29:29.756+0000][137.052s][info ][safepoint     ] Entering safepoint region: Cleanup
[2023-10-31T08:29:29.756+0000][137.053s][info ][safepoint     ] Leaving safepoint region
[2023-10-31T08:29:29.757+0000][137.053s][info ][safepoint     ] Total time for which application threads were stopped: 0.0010873 seconds, Stopping threads took: 0.0004863 seconds
[2023-10-31T08:29:30.757+0000][138.054s][debug][safepoint     ] Safepoint synchronization initiated. (179 threads)
[2023-10-31T08:29:30.758+0000][138.054s][info ][safepoint     ] Application time: 1.0009000 seconds
[2023-10-31T08:29:30.759+0000][138.055s][info ][safepoint     ] Entering safepoint region: Cleanup
[2023-10-31T08:29:30.759+0000][138.056s][info ][safepoint     ] Leaving safepoint region
[2023-10-31T08:29:30.760+0000][138.056s][info ][safepoint     ] Total time for which application threads were stopped: 0.0014119 seconds, Stopping threads took: 0.0006184 seconds
[2023-10-31T08:29:31.761+0000][139.057s][debug][safepoint     ] Safepoint synchronization initiated. (179 threads)
[2023-10-31T08:29:31.762+0000][139.058s][info ][safepoint     ] Application time: 1.0009098 seconds
[2023-10-31T08:29:31.762+0000][139.058s][info ][safepoint     ] Entering safepoint region: Cleanup
[2023-10-31T08:29:31.763+0000][139.059s][info ][safepoint     ] Leaving safepoint region
[2023-10-31T08:29:31.764+0000][139.060s][info ][safepoint     ] Total time for which application threads were stopped: 0.0016805 seconds, Stopping threads took: 0.0008897 seconds
[2023-10-31T08:29:32.764+0000][140.061s][debug][safepoint     ] Safepoint synchronization initiated. (179 threads)
[2023-10-31T08:29:32.765+0000][140.061s][info ][safepoint     ] Application time: 1.0009357 seconds
[2023-10-31T08:29:32.766+0000][140.062s][info ][safepoint     ] Entering safepoint region: Cleanup
[2023-10-31T08:29:32.766+0000][140.063s][info ][safepoint     ] Leaving safepoint region
[2023-10-31T08:29:32.767+0000][140.063s][info ][safepoint     ] Total time for which application threads were stopped: 0.0011312 seconds, Stopping threads took: 0.0005146 seconds
[2023-10-31T08:29:33.767+0000][141.064s][debug][safepoint     ] Safepoint synchronization initiated. (180 threads)
[2023-10-31T08:29:33.768+0000][141.064s][info ][safepoint     ] Application time: 1.0008374 seconds
[2023-10-31T08:29:33.768+0000][141.065s][info ][safepoint     ] Entering safepoint region: Cleanup
[2023-10-31T08:29:33.770+0000][141.066s][info ][safepoint     ] Leaving safepoint region
[2023-10-31T08:29:33.770+0000][141.066s][info ][safepoint     ] Total time for which application threads were stopped: 0.0016420 seconds, Stopping threads took: 0.0006871 seconds
[2023-10-31T08:29:34.771+0000][142.067s][debug][safepoint     ] Safepoint synchronization initiated. (180 threads)
[2023-10-31T08:29:34.771+0000][142.068s][info ][safepoint     ] Application time: 1.0008660 seconds
[2023-10-31T08:29:34.772+0000][142.068s][info ][safepoint     ] Entering safepoint region: Cleanup
[2023-10-31T08:29:34.773+0000][142.069s][info ][safepoint     ] Leaving safepoint region
[2023-10-31T08:29:34.773+0000][142.070s][info ][safepoint     ] Total time for which application threads were stopped: 0.0012869 seconds, Stopping threads took: 0.0005721 seconds
[2023-10-31T08:29:35.774+0000][143.070s][debug][safepoint     ] Safepoint synchronization initiated. (182 threads)
[2023-10-31T08:29:35.775+0000][143.071s][info ][safepoint     ] Application time: 1.0008681 seconds
[2023-10-31T08:29:35.775+0000][143.072s][info ][safepoint     ] Entering safepoint region: Cleanup
[2023-10-31T08:29:35.776+0000][143.073s][info ][safepoint     ] Leaving safepoint region
[2023-10-31T08:29:35.777+0000][143.073s][info ][safepoint     ] Total time for which application threads were stopped: 0.0016160 seconds, Stopping threads took: 0.0007070 seconds
[2023-10-31T08:29:36.778+0000][144.074s][debug][safepoint     ] Safepoint synchronization initiated. (182 threads)
[2023-10-31T08:29:36.778+0000][144.075s][info ][safepoint     ] Application time: 1.0009471 seconds
[2023-10-31T08:29:36.779+0000][144.075s][info ][safepoint     ] Entering safepoint region: Cleanup
[2023-10-31T08:29:36.780+0000][144.076s][info ][safepoint     ] Leaving safepoint region
[2023-10-31T08:29:36.780+0000][144.076s][info ][safepoint     ] Total time for which application threads were stopped: 0.0012536 seconds, Stopping threads took: 0.0005152 seconds
[2023-10-31T08:29:37.781+0000][145.077s][debug][safepoint     ] Safepoint synchronization initiated. (182 threads)
[2023-10-31T08:29:37.782+0000][145.078s][info ][safepoint     ] Application time: 1.0008645 seconds
[2023-10-31T08:29:37.782+0000][145.079s][info ][safepoint     ] Entering safepoint region: Cleanup
[2023-10-31T08:29:37.783+0000][145.079s][info ][safepoint     ] Leaving safepoint region
[2023-10-31T08:29:37.783+0000][145.080s][info ][safepoint     ] Total time for which application threads were stopped: 0.0011649 seconds, Stopping threads took: 0.0004526 seconds
[2023-10-31T08:29:38.784+0000][146.080s][debug][safepoint     ] Safepoint synchronization initiated. (181 threads)
[2023-10-31T08:29:38.785+0000][146.081s][info ][safepoint     ] Application time: 1.0009216 seconds
[2023-10-31T08:29:38.786+0000][146.082s][info ][safepoint     ] Entering safepoint region: Cleanup
[2023-10-31T08:29:38.786+0000][146.083s][info ][safepoint     ] Leaving safepoint region
[2023-10-31T08:29:38.787+0000][146.083s][info ][safepoint     ] Total time for which application threads were stopped: 0.0012464 seconds, Stopping threads took: 0.0005104 seconds
[2023-10-31T08:29:39.787+0000][147.084s][debug][safepoint     ] Safepoint synchronization initiated. (181 threads)
[2023-10-31T08:29:39.788+0000][147.084s][info ][safepoint     ] Application time: 1.0007128 seconds
[2023-10-31T08:29:39.789+0000][147.085s][info ][safepoint     ] Entering safepoint region: Cleanup
[2023-10-31T08:29:39.790+0000][147.086s][info ][safepoint     ] Leaving safepoint region
[2023-10-31T08:29:39.790+0000][147.086s][info ][safepoint     ] Total time for which application threads were stopped: 0.0013330 seconds, Stopping threads took: 0.0006702 seconds
[2023-10-31T08:29:40.791+0000][148.087s][debug][safepoint     ] Safepoint synchronization initiated. (181 threads)
[2023-10-31T08:29:40.791+0000][148.088s][info ][safepoint     ] Application time: 1.0009336 seconds
[2023-10-31T08:29:40.792+0000][148.088s][info ][safepoint     ] Entering safepoint region: Cleanup
[2023-10-31T08:29:40.793+0000][148.089s][info ][safepoint     ] Leaving safepoint region
[2023-10-31T08:29:40.793+0000][148.089s][info ][safepoint     ] Total time for which application threads were stopped: 0.0011534 seconds, Stopping threads took: 0.0005152 seconds
[2023-10-31T08:29:41.794+0000][149.090s][debug][safepoint     ] Safepoint synchronization initiated. (181 threads)
[2023-10-31T08:29:41.795+0000][149.092s][info ][safepoint     ] Application time: 1.0019971 seconds
[2023-10-31T08:29:41.796+0000][149.092s][info ][safepoint     ] Entering safepoint region: Cleanup
[2023-10-31T08:29:41.797+0000][149.093s][info ][safepoint     ] Leaving safepoint region
[2023-10-31T08:29:41.797+0000][149.094s][info ][safepoint     ] Total time for which application threads were stopped: 0.0013190 seconds, Stopping threads took: 0.0005461 seconds
[2023-10-31T08:29:42.798+0000][150.095s][debug][safepoint     ] Safepoint synchronization initiated. (181 threads)
[2023-10-31T08:29:42.800+0000][150.096s][info ][safepoint     ] Application time: 1.0017755 seconds
[2023-10-31T08:29:42.801+0000][150.097s][info ][safepoint     ] Entering safepoint region: Cleanup
[2023-10-31T08:29:42.801+0000][150.098s][info ][safepoint     ] Leaving safepoint region
[2023-10-31T08:29:42.802+0000][150.098s][info ][safepoint     ] Total time for which application threads were stopped: 0.0012641 seconds, Stopping threads took: 0.0005813 seconds
[2023-10-31T08:29:43.803+0000][151.099s][debug][safepoint     ] Safepoint synchronization initiated. (181 threads)
[2023-10-31T08:29:43.803+0000][151.099s][info ][safepoint     ] Application time: 1.0008519 seconds
[2023-10-31T08:29:43.804+0000][151.100s][info ][safepoint     ] Entering safepoint region: Cleanup
[2023-10-31T08:29:43.805+0000][151.101s][info ][safepoint     ] Leaving safepoint region
[2023-10-31T08:29:43.805+0000][151.101s][info ][safepoint     ] Total time for which application threads were stopped: 0.0012487 seconds, Stopping threads took: 0.0005880 seconds
[2023-10-31T08:29:44.806+0000][152.102s][debug][safepoint     ] Safepoint synchronization initiated. (181 threads)
[2023-10-31T08:29:44.806+0000][152.103s][info ][safepoint     ] Application time: 1.0007926 seconds
[2023-10-31T08:29:44.807+0000][152.103s][info ][safepoint     ] Entering safepoint region: Cleanup
[2023-10-31T08:29:44.808+0000][152.104s][info ][safepoint     ] Leaving safepoint region
[2023-10-31T08:29:44.808+0000][152.105s][info ][safepoint     ] Total time for which application threads were stopped: 0.0013719 seconds, Stopping threads took: 0.0006499 seconds
[2023-10-31T08:29:45.809+0000][153.105s][debug][safepoint     ] Safepoint synchronization initiated. (181 threads)
[2023-10-31T08:29:45.810+0000][153.106s][info ][safepoint     ] Application time: 1.0007705 seconds
[2023-10-31T08:29:45.810+0000][153.106s][info ][safepoint     ] Entering safepoint region: Cleanup
[2023-10-31T08:29:45.811+0000][153.107s][info ][safepoint     ] Leaving safepoint region
[2023-10-31T08:29:45.811+0000][153.107s][info ][safepoint     ] Total time for which application threads were stopped: 0.0011069 seconds, Stopping threads took: 0.0004292 seconds
[2023-10-31T08:29:46.812+0000][154.108s][debug][safepoint     ] Safepoint synchronization initiated. (181 threads)
[2023-10-31T08:29:46.813+0000][154.109s][info ][safepoint     ] Application time: 1.0009210 seconds
[2023-10-31T08:29:46.813+0000][154.110s][info ][safepoint     ] Entering safepoint region: Cleanup
[2023-10-31T08:29:46.814+0000][154.111s][info ][safepoint     ] Leaving safepoint region
[2023-10-31T08:29:46.815+0000][154.111s][info ][safepoint     ] Total time for which application threads were stopped: 0.0017111 seconds, Stopping threads took: 0.0007718 seconds
[2023-10-31T08:29:47.816+0000][155.112s][debug][safepoint     ] Safepoint synchronization initiated. (181 threads)
[2023-10-31T08:29:47.821+0000][155.117s][info ][safepoint     ] Application time: 1.0053881 seconds
[2023-10-31T08:29:47.824+0000][155.120s][info ][safepoint     ] Entering safepoint region: Cleanup
[2023-10-31T08:29:47.825+0000][155.122s][info ][safepoint     ] Leaving safepoint region
[2023-10-31T08:29:47.826+0000][155.122s][info ][safepoint     ] Total time for which application threads were stopped: 0.0025121 seconds, Stopping threads took: 0.0015854 seconds
[2023-10-31T08:29:48.827+0000][156.123s][debug][safepoint     ] Safepoint synchronization initiated. (180 threads)
[2023-10-31T08:29:48.828+0000][156.124s][info ][safepoint     ] Application time: 1.0010454 seconds
[2023-10-31T08:29:48.828+0000][156.124s][info ][safepoint     ] Entering safepoint region: Cleanup
[2023-10-31T08:29:48.829+0000][156.125s][info ][safepoint     ] Leaving safepoint region
[2023-10-31T08:29:48.830+0000][156.126s][info ][safepoint     ] Total time for which application threads were stopped: 0.0019663 seconds, Stopping threads took: 0.0006727 seconds
[2023-10-31T08:29:49.831+0000][157.127s][debug][safepoint     ] Safepoint synchronization initiated. (181 threads)
[2023-10-31T08:29:49.832+0000][157.128s][info ][safepoint     ] Application time: 1.0008911 seconds
[2023-10-31T08:29:49.832+0000][157.129s][info ][safepoint     ] Entering safepoint region: Cleanup
[2023-10-31T08:29:49.833+0000][157.129s][info ][safepoint     ] Leaving safepoint region
[2023-10-31T08:29:49.834+0000][157.130s][info ][safepoint     ] Total time for which application threads were stopped: 0.0012764 seconds, Stopping threads took: 0.0005515 seconds
[2023-10-31T08:29:50.834+0000][158.130s][debug][safepoint     ] Safepoint synchronization initiated. (181 threads)
[2023-10-31T08:29:50.835+0000][158.131s][info ][safepoint     ] Application time: 1.0010433 seconds
[2023-10-31T08:29:50.836+0000][158.132s][info ][safepoint     ] Entering safepoint region: Cleanup
[2023-10-31T08:29:50.837+0000][158.133s][info ][safepoint     ] Leaving safepoint region
[2023-10-31T08:29:50.837+0000][158.133s][info ][safepoint     ] Total time for which application threads were stopped: 0.0017263 seconds, Stopping threads took: 0.0008405 seconds
[2023-10-31T08:29:51.838+0000][159.134s][debug][safepoint     ] Safepoint synchronization initiated. (181 threads)
[2023-10-31T08:29:51.839+0000][159.135s][info ][safepoint     ] Application time: 1.0008754 seconds
[2023-10-31T08:29:51.839+0000][159.136s][info ][safepoint     ] Entering safepoint region: Cleanup
[2023-10-31T08:29:51.840+0000][159.137s][info ][safepoint     ] Leaving safepoint region
[2023-10-31T08:29:51.841+0000][159.137s][info ][safepoint     ] Total time for which application threads were stopped: 0.0016270 seconds, Stopping threads took: 0.0006920 seconds
[2023-10-31T08:29:53.842+0000][161.138s][debug][safepoint     ] Safepoint synchronization initiated. (181 threads)
[2023-10-31T08:29:53.843+0000][161.139s][info ][safepoint     ] Application time: 2.0011007 seconds
[2023-10-31T08:29:53.843+0000][161.140s][info ][safepoint     ] Entering safepoint region: Cleanup
[2023-10-31T08:29:53.845+0000][161.141s][info ][safepoint     ] Leaving safepoint region
[2023-10-31T08:29:53.846+0000][161.143s][info ][safepoint     ] Total time for which application threads were stopped: 0.0029272 seconds, Stopping threads took: 0.0008124 seconds
[2023-10-31T08:29:55.847+0000][163.143s][debug][safepoint     ] Safepoint synchronization initiated. (181 threads)
[2023-10-31T08:29:55.848+0000][163.144s][info ][safepoint     ] Application time: 2.0011432 seconds
[2023-10-31T08:29:55.849+0000][163.145s][info ][safepoint     ] Entering safepoint region: Cleanup
[2023-10-31T08:29:55.850+0000][163.146s][info ][safepoint     ] Leaving safepoint region
[2023-10-31T08:29:55.850+0000][163.147s][info ][safepoint     ] Total time for which application threads were stopped: 0.0017353 seconds, Stopping threads took: 0.0007803 seconds
[2023-10-31T08:29:56.851+0000][164.147s][debug][safepoint     ] Safepoint synchronization initiated. (181 threads)
[2023-10-31T08:29:56.853+0000][164.150s][info ][safepoint     ] Application time: 1.0023549 seconds
[2023-10-31T08:29:56.855+0000][164.151s][info ][safepoint     ] Entering safepoint region: Cleanup
[2023-10-31T08:29:56.857+0000][164.153s][info ][safepoint     ] Leaving safepoint region
[2023-10-31T08:29:56.858+0000][164.154s][info ][safepoint     ] Total time for which application threads were stopped: 0.0031612 seconds, Stopping threads took: 0.0018188 seconds
[2023-10-31T08:29:57.859+0000][165.155s][debug][safepoint     ] Safepoint synchronization initiated. (181 threads)
[2023-10-31T08:29:57.860+0000][165.156s][info ][safepoint     ] Application time: 1.0010167 seconds
[2023-10-31T08:29:57.861+0000][165.157s][info ][safepoint     ] Entering safepoint region: Cleanup
[2023-10-31T08:29:57.861+0000][165.158s][info ][safepoint     ] Leaving safepoint region
[2023-10-31T08:29:57.863+0000][165.159s][info ][safepoint     ] Total time for which application threads were stopped: 0.0022492 seconds, Stopping threads took: 0.0007377 seconds
[2023-10-31T08:29:58.864+0000][166.160s][debug][safepoint     ] Safepoint synchronization initiated. (181 threads)
[2023-10-31T08:29:58.864+0000][166.160s][info ][safepoint     ] Application time: 1.0008433 seconds
[2023-10-31T08:29:58.865+0000][166.161s][info ][safepoint     ] Entering safepoint region: Cleanup
[2023-10-31T08:29:58.865+0000][166.161s][info ][safepoint     ] Leaving safepoint region
[2023-10-31T08:29:58.866+0000][166.162s][info ][safepoint     ] Total time for which application threads were stopped: 0.0011406 seconds, Stopping threads took: 0.0004499 seconds
[2023-10-31T08:29:59.867+0000][167.163s][debug][safepoint     ] Safepoint synchronization initiated. (181 threads)
[2023-10-31T08:29:59.868+0000][167.164s][info ][safepoint     ] Application time: 1.0016688 seconds
[2023-10-31T08:29:59.869+0000][167.165s][info ][safepoint     ] Entering safepoint region: Cleanup
[2023-10-31T08:29:59.869+0000][167.166s][info ][safepoint     ] Leaving safepoint region
[2023-10-31T08:29:59.870+0000][167.166s][info ][safepoint     ] Total time for which application threads were stopped: 0.0016562 seconds, Stopping threads took: 0.0006136 seconds
[2023-10-31T08:30:00.871+0000][168.167s][debug][safepoint     ] Safepoint synchronization initiated. (181 threads)
[2023-10-31T08:30:00.872+0000][168.168s][info ][safepoint     ] Application time: 1.0007845 seconds
[2023-10-31T08:30:00.872+0000][168.168s][info ][safepoint     ] Entering safepoint region: Cleanup
[2023-10-31T08:30:00.873+0000][168.169s][info ][safepoint     ] Leaving safepoint region
[2023-10-31T08:30:00.873+0000][168.169s][info ][safepoint     ] Total time for which application threads were stopped: 0.0012019 seconds, Stopping threads took: 0.0004811 seconds
[2023-10-31T08:30:01.868+0000][169.164s][debug][safepoint     ] Safepoint synchronization initiated. (182 threads)
[2023-10-31T08:30:01.869+0000][169.165s][info ][safepoint     ] Application time: 0.9953182 seconds
[2023-10-31T08:30:01.870+0000][169.166s][info ][safepoint     ] Entering safepoint region: Deoptimize
[2023-10-31T08:30:01.882+0000][169.178s][debug][safepoint     ] ... found polling page return exception at pc = 0x00007f62e89d70c4, stub =0x00007f62e0840600
[2023-10-31T08:30:01.882+0000][169.178s][debug][safepoint     ] ... found polling page return exception at pc = 0x00007f62e89d70c4, stub =0x00007f62e0840600
[2023-10-31T08:30:01.882+0000][169.178s][info ][safepoint     ] Leaving safepoint region
[2023-10-31T08:30:01.885+0000][169.181s][info ][safepoint     ] Total time for which application threads were stopped: 0.0147237 seconds, Stopping threads took: 0.0007488 seconds
[2023-10-31T08:30:01.968+0000][169.264s][debug][safepoint     ] Safepoint synchronization initiated. (182 threads)
[2023-10-31T08:30:01.968+0000][169.264s][info ][safepoint     ] Application time: 0.0829762 seconds
[2023-10-31T08:30:01.969+0000][169.265s][info ][safepoint     ] Entering safepoint region: Deoptimize
[2023-10-31T08:30:01.973+0000][169.269s][info ][safepoint     ] Leaving safepoint region
[2023-10-31T08:30:01.974+0000][169.270s][info ][safepoint     ] Total time for which application threads were stopped: 0.0047961 seconds, Stopping threads took: 0.0006071 seconds
[2023-10-31T08:30:02.072+0000][169.368s][debug][safepoint     ] Safepoint synchronization initiated. (182 threads)
[2023-10-31T08:30:02.076+0000][169.372s][info ][safepoint     ] Application time: 0.1007977 seconds
[2023-10-31T08:30:02.077+0000][169.373s][info ][safepoint     ] Entering safepoint region: G1CollectForAllocation
[2023-10-31T08:30:02.079+0000][169.375s][info ][gc,start      ] GC(58) Pause Young (Normal) (G1 Evacuation Pause)
[2023-10-31T08:30:02.081+0000][169.377s][info ][gc,task       ] GC(58) Using 8 workers of 8 for evacuation
[2023-10-31T08:30:02.164+0000][169.460s][info ][gc,phases     ] GC(58)   Pre Evacuate Collection Set: 0.2ms
[2023-10-31T08:30:02.165+0000][169.461s][info ][gc,phases     ] GC(58)   Evacuate Collection Set: 58.9ms
[2023-10-31T08:30:02.165+0000][169.462s][info ][gc,phases     ] GC(58)   Post Evacuate Collection Set: 17.1ms
[2023-10-31T08:30:02.166+0000][169.462s][info ][gc,phases     ] GC(58)   Other: 9.0ms
[2023-10-31T08:30:02.167+0000][169.463s][info ][gc,heap       ] GC(58) Eden regions: 246->0(234)
[2023-10-31T08:30:02.168+0000][169.464s][info ][gc,heap       ] GC(58) Survivor regions: 20->22(34)
[2023-10-31T08:30:02.168+0000][169.464s][info ][gc,heap       ] GC(58) Old regions: 137->140
[2023-10-31T08:30:02.169+0000][169.465s][info ][gc,heap       ] GC(58) Humongous regions: 5->5
[2023-10-31T08:30:02.170+0000][169.466s][info ][gc,metaspace  ] GC(58) Metaspace: 166918K(172240K)->166918K(172240K) NonClass: 147465K(150736K)->147465K(150736K) Class: 19452K(21504K)->19452K(21504K)
[2023-10-31T08:30:02.170+0000][169.466s][info ][gc            ] GC(58) Pause Young (Normal) (G1 Evacuation Pause) 406M->164M(470M) 91.595ms
[2023-10-31T08:30:02.171+0000][169.467s][info ][gc,cpu        ] GC(58) User=0.57s Sys=0.00s Real=0.09s
[2023-10-31T08:30:02.171+0000][169.467s][info ][safepoint     ] Leaving safepoint region
[2023-10-31T08:30:02.173+0000][169.469s][info ][safepoint     ] Total time for which application threads were stopped: 0.0956918 seconds, Stopping threads took: 0.0007471 seconds
[2023-10-31T08:30:02.174+0000][169.470s][info ][gc,stringdedup] Concurrent String Deduplication (169.470s)
[2023-10-31T08:30:02.184+0000][169.480s][info ][gc,stringdedup] Concurrent String Deduplication 306.3K->163.9K(142.5K) avg 54.3% (169.470s, 169.480s) 10.452ms
[2023-10-31T08:30:03.174+0000][170.470s][debug][safepoint     ] Safepoint synchronization initiated. (188 threads)
[2023-10-31T08:30:03.175+0000][170.471s][info ][safepoint     ] Application time: 1.0014080 seconds
[2023-10-31T08:30:03.176+0000][170.472s][info ][safepoint     ] Entering safepoint region: Cleanup
[2023-10-31T08:30:03.178+0000][170.474s][info ][safepoint     ] Leaving safepoint region
[2023-10-31T08:30:03.178+0000][170.475s][info ][safepoint     ] Total time for which application threads were stopped: 0.0023072 seconds, Stopping threads took: 0.0012059 seconds
[2023-10-31T08:30:04.179+0000][171.475s][debug][safepoint     ] Safepoint synchronization initiated. (188 threads)
[2023-10-31T08:30:04.180+0000][171.476s][info ][safepoint     ] Application time: 1.0007881 seconds
[2023-10-31T08:30:04.180+0000][171.476s][info ][safepoint     ] Entering safepoint region: Cleanup
[2023-10-31T08:30:04.181+0000][171.477s][info ][safepoint     ] Leaving safepoint region
[2023-10-31T08:30:04.182+0000][171.478s][info ][safepoint     ] Total time for which application threads were stopped: 0.0012293 seconds, Stopping threads took: 0.0004895 seconds
[2023-10-31T08:30:05.182+0000][172.478s][debug][safepoint     ] Safepoint synchronization initiated. (187 threads)
[2023-10-31T08:30:05.183+0000][172.479s][info ][safepoint     ] Application time: 1.0008760 seconds
[2023-10-31T08:30:05.183+0000][172.479s][info ][safepoint     ] Entering safepoint region: Cleanup
[2023-10-31T08:30:05.184+0000][172.480s][info ][safepoint     ] Leaving safepoint region
[2023-10-31T08:30:05.184+0000][172.481s][info ][safepoint     ] Total time for which application threads were stopped: 0.0011955 seconds, Stopping threads took: 0.0004855 seconds
[2023-10-31T08:30:06.185+0000][173.481s][debug][safepoint     ] Safepoint synchronization initiated. (187 threads)
[2023-10-31T08:30:06.186+0000][173.482s][info ][safepoint     ] Application time: 1.0008767 seconds
[2023-10-31T08:30:06.186+0000][173.483s][info ][safepoint     ] Entering safepoint region: Cleanup
[2023-10-31T08:30:06.187+0000][173.483s][info ][safepoint     ] Leaving safepoint region
[2023-10-31T08:30:06.188+0000][173.484s][info ][safepoint     ] Total time for which application threads were stopped: 0.0013611 seconds, Stopping threads took: 0.0005844 seconds
[2023-10-31T08:30:07.189+0000][174.485s][debug][safepoint     ] Safepoint synchronization initiated. (187 threads)
[2023-10-31T08:30:07.189+0000][174.485s][info ][safepoint     ] Application time: 1.0008076 seconds
[2023-10-31T08:30:07.190+0000][174.486s][info ][safepoint     ] Entering safepoint region: Cleanup
[2023-10-31T08:30:07.190+0000][174.486s][info ][safepoint     ] Leaving safepoint region
[2023-10-31T08:30:07.191+0000][174.487s][info ][safepoint     ] Total time for which application threads were stopped: 0.0011746 seconds, Stopping threads took: 0.0004830 seconds
[2023-10-31T08:30:08.191+0000][175.488s][debug][safepoint     ] Safepoint synchronization initiated. (187 threads)
[2023-10-31T08:30:08.192+0000][175.488s][info ][safepoint     ] Application time: 1.0007505 seconds
[2023-10-31T08:30:08.193+0000][175.489s][info ][safepoint     ] Entering safepoint region: Cleanup
[2023-10-31T08:30:08.193+0000][175.489s][info ][safepoint     ] Leaving safepoint region
[2023-10-31T08:30:08.194+0000][175.490s][info ][safepoint     ] Total time for which application threads were stopped: 0.0011290 seconds, Stopping threads took: 0.0004183 seconds
[2023-10-31T08:30:09.194+0000][176.490s][debug][safepoint     ] Safepoint synchronization initiated. (186 threads)
[2023-10-31T08:30:09.195+0000][176.491s][info ][safepoint     ] Application time: 1.0008364 seconds
[2023-10-31T08:30:09.195+0000][176.491s][info ][safepoint     ] Entering safepoint region: Cleanup
[2023-10-31T08:30:09.196+0000][176.492s][info ][safepoint     ] Leaving safepoint region
[2023-10-31T08:30:09.197+0000][176.493s][info ][safepoint     ] Total time for which application threads were stopped: 0.0012056 seconds, Stopping threads took: 0.0005490 seconds
[2023-10-31T08:30:10.197+0000][177.493s][debug][safepoint     ] Safepoint synchronization initiated. (186 threads)
[2023-10-31T08:30:10.198+0000][177.494s][info ][safepoint     ] Application time: 1.0009232 seconds
[2023-10-31T08:30:10.199+0000][177.495s][info ][safepoint     ] Entering safepoint region: Cleanup
[2023-10-31T08:30:10.199+0000][177.495s][info ][safepoint     ] Leaving safepoint region
[2023-10-31T08:30:10.200+0000][177.496s][info ][safepoint     ] Total time for which application threads were stopped: 0.0012840 seconds, Stopping threads took: 0.0005534 seconds
[2023-10-31T08:30:11.200+0000][178.496s][debug][safepoint     ] Safepoint synchronization initiated. (186 threads)
[2023-10-31T08:30:11.201+0000][178.497s][info ][safepoint     ] Application time: 1.0008658 seconds
[2023-10-31T08:30:11.202+0000][178.498s][info ][safepoint     ] Entering safepoint region: Cleanup
[2023-10-31T08:30:11.202+0000][178.498s][info ][safepoint     ] Leaving safepoint region
[2023-10-31T08:30:11.203+0000][178.499s][info ][safepoint     ] Total time for which application threads were stopped: 0.0013614 seconds, Stopping threads took: 0.0006187 seconds
[2023-10-31T08:30:12.204+0000][179.500s][debug][safepoint     ] Safepoint synchronization initiated. (186 threads)
[2023-10-31T08:30:12.204+0000][179.500s][info ][safepoint     ] Application time: 1.0008140 seconds
[2023-10-31T08:30:12.205+0000][179.501s][info ][safepoint     ] Entering safepoint region: Cleanup
[2023-10-31T08:30:12.206+0000][179.502s][info ][safepoint     ] Leaving safepoint region
[2023-10-31T08:30:12.206+0000][179.502s][info ][safepoint     ] Total time for which application threads were stopped: 0.0012405 seconds, Stopping threads took: 0.0005071 seconds
[2023-10-31T08:30:13.207+0000][180.503s][debug][safepoint     ] Safepoint synchronization initiated. (186 threads)
[2023-10-31T08:30:13.207+0000][180.503s][info ][safepoint     ] Application time: 1.0009203 seconds
[2023-10-31T08:30:13.208+0000][180.504s][debug][safepoint     ] ... found polling page return exception at pc = 0x00007f62e23f122c, stub =0x00007f62e0840600
[2023-10-31T08:30:13.208+0000][180.504s][debug][safepoint     ] ... found polling page return exception at pc = 0x00007f62e8b5da18, stub =0x00007f62e0840600
[2023-10-31T08:30:13.209+0000][180.505s][debug][safepoint     ] Waiting for 3 thread(s) to block
[2023-10-31T08:30:13.210+0000][180.506s][info ][safepoint     ] Entering safepoint region: Cleanup
[2023-10-31T08:30:13.211+0000][180.507s][info ][safepoint     ] Leaving safepoint region
[2023-10-31T08:30:13.211+0000][180.507s][info ][safepoint     ] Total time for which application threads were stopped: 0.0033121 seconds, Stopping threads took: 0.0025352 seconds
[2023-10-31T08:30:14.212+0000][181.508s][debug][safepoint     ] Safepoint synchronization initiated. (186 threads)
[2023-10-31T08:30:14.213+0000][181.509s][info ][safepoint     ] Application time: 1.0009922 seconds
[2023-10-31T08:30:14.213+0000][181.509s][info ][safepoint     ] Entering safepoint region: Cleanup
[2023-10-31T08:30:14.214+0000][181.510s][info ][safepoint     ] Leaving safepoint region
[2023-10-31T08:30:14.214+0000][181.511s][info ][safepoint     ] Total time for which application threads were stopped: 0.0011665 seconds, Stopping threads took: 0.0005727 seconds
[2023-10-31T08:30:15.215+0000][182.511s][debug][safepoint     ] Safepoint synchronization initiated. (186 threads)
[2023-10-31T08:30:15.216+0000][182.512s][info ][safepoint     ] Application time: 1.0008951 seconds
[2023-10-31T08:30:15.216+0000][182.512s][info ][safepoint     ] Entering safepoint region: Cleanup
[2023-10-31T08:30:15.217+0000][182.513s][info ][safepoint     ] Leaving safepoint region
[2023-10-31T08:30:15.218+0000][182.514s][info ][safepoint     ] Total time for which application threads were stopped: 0.0015576 seconds, Stopping threads took: 0.0006797 seconds
[2023-10-31T08:30:16.219+0000][183.515s][debug][safepoint     ] Safepoint synchronization initiated. (186 threads)
[2023-10-31T08:30:16.219+0000][183.515s][info ][safepoint     ] Application time: 1.0008175 seconds
[2023-10-31T08:30:16.220+0000][183.516s][info ][safepoint     ] Entering safepoint region: Cleanup
[2023-10-31T08:30:16.221+0000][183.517s][info ][safepoint     ] Leaving safepoint region
[2023-10-31T08:30:16.221+0000][183.517s][info ][safepoint     ] Total time for which application threads were stopped: 0.0012653 seconds, Stopping threads took: 0.0005953 seconds
[2023-10-31T08:30:17.222+0000][184.518s][debug][safepoint     ] Safepoint synchronization initiated. (186 threads)
[2023-10-31T08:30:17.222+0000][184.518s][info ][safepoint     ] Application time: 1.0009314 seconds
[2023-10-31T08:30:17.223+0000][184.519s][info ][safepoint     ] Entering safepoint region: Cleanup
[2023-10-31T08:30:17.224+0000][184.520s][info ][safepoint     ] Leaving safepoint region
[2023-10-31T08:30:17.224+0000][184.520s][info ][safepoint     ] Total time for which application threads were stopped: 0.0010678 seconds, Stopping threads took: 0.0004128 seconds
[2023-10-31T08:30:18.225+0000][185.521s][debug][safepoint     ] Safepoint synchronization initiated. (186 threads)
[2023-10-31T08:30:18.225+0000][185.521s][info ][safepoint     ] Application time: 1.0007826 seconds
[2023-10-31T08:30:18.226+0000][185.522s][info ][safepoint     ] Entering safepoint region: Cleanup
[2023-10-31T08:30:18.226+0000][185.522s][info ][safepoint     ] Leaving safepoint region
[2023-10-31T08:30:18.227+0000][185.523s][info ][safepoint     ] Total time for which application threads were stopped: 0.0011946 seconds, Stopping threads took: 0.0004806 seconds
[2023-10-31T08:30:19.227+0000][186.524s][debug][safepoint     ] Safepoint synchronization initiated. (186 threads)
[2023-10-31T08:30:19.228+0000][186.524s][info ][safepoint     ] Application time: 1.0007133 seconds
[2023-10-31T08:30:19.228+0000][186.524s][debug][safepoint     ] ... found polling page return exception at pc = 0x00007f62e36a4591, stub =0x00007f62e0840600
[2023-10-31T08:30:19.229+0000][186.525s][debug][safepoint     ] Waiting for 1 thread(s) to block
[2023-10-31T08:30:19.229+0000][186.525s][info ][safepoint     ] Entering safepoint region: Cleanup
[2023-10-31T08:30:19.230+0000][186.526s][info ][safepoint     ] Leaving safepoint region
[2023-10-31T08:30:19.231+0000][186.527s][info ][safepoint     ] Total time for which application threads were stopped: 0.0021210 seconds, Stopping threads took: 0.0015059 seconds
[2023-10-31T08:30:20.231+0000][187.527s][debug][safepoint     ] Safepoint synchronization initiated. (186 threads)
[2023-10-31T08:30:20.232+0000][187.528s][info ][safepoint     ] Application time: 1.0008153 seconds
[2023-10-31T08:30:20.232+0000][187.528s][info ][safepoint     ] Entering safepoint region: Cleanup
[2023-10-31T08:30:20.233+0000][187.529s][info ][safepoint     ] Leaving safepoint region
[2023-10-31T08:30:20.234+0000][187.530s][info ][safepoint     ] Total time for which application threads were stopped: 0.0011596 seconds, Stopping threads took: 0.0004440 seconds
[2023-10-31T08:30:21.234+0000][188.530s][debug][safepoint     ] Safepoint synchronization initiated. (186 threads)
[2023-10-31T08:30:21.235+0000][188.531s][info ][safepoint     ] Application time: 1.0007656 seconds
[2023-10-31T08:30:21.235+0000][188.531s][info ][safepoint     ] Entering safepoint region: Cleanup
[2023-10-31T08:30:21.236+0000][188.532s][info ][safepoint     ] Leaving safepoint region
[2023-10-31T08:30:21.236+0000][188.533s][info ][safepoint     ] Total time for which application threads were stopped: 0.0012086 seconds, Stopping threads took: 0.0005523 seconds
[2023-10-31T08:30:22.237+0000][189.533s][debug][safepoint     ] Safepoint synchronization initiated. (186 threads)
[2023-10-31T08:30:22.238+0000][189.534s][info ][safepoint     ] Application time: 1.0009660 seconds
[2023-10-31T08:30:22.239+0000][189.535s][info ][safepoint     ] Entering safepoint region: Cleanup
[2023-10-31T08:30:22.241+0000][189.537s][info ][safepoint     ] Leaving safepoint region
[2023-10-31T08:30:22.242+0000][189.538s][info ][safepoint     ] Total time for which application threads were stopped: 0.0027381 seconds, Stopping threads took: 0.0014813 seconds
[2023-10-31T08:30:23.242+0000][190.538s][debug][safepoint     ] Safepoint synchronization initiated. (186 threads)
[2023-10-31T08:30:23.243+0000][190.539s][info ][safepoint     ] Application time: 1.0006978 seconds
[2023-10-31T08:30:23.243+0000][190.539s][info ][safepoint     ] Entering safepoint region: Cleanup
[2023-10-31T08:30:23.244+0000][190.540s][info ][safepoint     ] Leaving safepoint region
[2023-10-31T08:30:23.245+0000][190.541s][info ][safepoint     ] Total time for which application threads were stopped: 0.0013147 seconds, Stopping threads took: 0.0005169 seconds
[2023-10-31T08:30:24.245+0000][191.542s][debug][safepoint     ] Safepoint synchronization initiated. (186 threads)
[2023-10-31T08:30:24.246+0000][191.542s][info ][safepoint     ] Application time: 1.0007998 seconds
[2023-10-31T08:30:24.247+0000][191.543s][info ][safepoint     ] Entering safepoint region: Cleanup
[2023-10-31T08:30:24.248+0000][191.544s][info ][safepoint     ] Leaving safepoint region
[2023-10-31T08:30:24.248+0000][191.544s][info ][safepoint     ] Total time for which application threads were stopped: 0.0011969 seconds, Stopping threads took: 0.0005576 seconds
[2023-10-31T08:30:25.249+0000][192.545s][debug][safepoint     ] Safepoint synchronization initiated. (186 threads)
[2023-10-31T08:30:25.249+0000][192.545s][info ][safepoint     ] Application time: 1.0007938 seconds
[2023-10-31T08:30:25.250+0000][192.546s][info ][safepoint     ] Entering safepoint region: Cleanup
[2023-10-31T08:30:25.250+0000][192.546s][info ][safepoint     ] Leaving safepoint region
[2023-10-31T08:30:25.251+0000][192.547s][info ][safepoint     ] Total time for which application threads were stopped: 0.0012018 seconds, Stopping threads took: 0.0005142 seconds
[2023-10-31T08:30:26.251+0000][193.547s][debug][safepoint     ] Safepoint synchronization initiated. (186 threads)
[2023-10-31T08:30:26.252+0000][193.548s][info ][safepoint     ] Application time: 1.0008547 seconds
[2023-10-31T08:30:26.253+0000][193.549s][info ][safepoint     ] Entering safepoint region: Cleanup
[2023-10-31T08:30:26.254+0000][193.550s][info ][safepoint     ] Leaving safepoint region
[2023-10-31T08:30:26.254+0000][193.551s][info ][safepoint     ] Total time for which application threads were stopped: 0.0016268 seconds, Stopping threads took: 0.0007184 seconds
[2023-10-31T08:30:27.255+0000][194.551s][debug][safepoint     ] Safepoint synchronization initiated. (186 threads)
[2023-10-31T08:30:27.256+0000][194.552s][info ][safepoint     ] Application time: 1.0007197 seconds
[2023-10-31T08:30:27.256+0000][194.552s][info ][safepoint     ] Entering safepoint region: Cleanup
[2023-10-31T08:30:27.257+0000][194.553s][info ][safepoint     ] Leaving safepoint region
[2023-10-31T08:30:27.258+0000][194.554s][info ][safepoint     ] Total time for which application threads were stopped: 0.0012565 seconds, Stopping threads took: 0.0004680 seconds
[2023-10-31T08:30:28.258+0000][195.554s][debug][safepoint     ] Safepoint synchronization initiated. (186 threads)
[2023-10-31T08:30:28.259+0000][195.555s][info ][safepoint     ] Application time: 1.0007529 seconds
[2023-10-31T08:30:28.260+0000][195.556s][info ][safepoint     ] Entering safepoint region: Cleanup
[2023-10-31T08:30:28.260+0000][195.556s][info ][safepoint     ] Leaving safepoint region
[2023-10-31T08:30:28.260+0000][195.556s][info ][safepoint     ] Total time for which application threads were stopped: 0.0009664 seconds, Stopping threads took: 0.0004167 seconds
[2023-10-31T08:30:29.261+0000][196.557s][debug][safepoint     ] Safepoint synchronization initiated. (186 threads)
[2023-10-31T08:30:29.262+0000][196.557s][info ][safepoint     ] Application time: 1.0007399 seconds
[2023-10-31T08:30:29.262+0000][196.558s][info ][safepoint     ] Entering safepoint region: Cleanup
[2023-10-31T08:30:29.263+0000][196.559s][info ][safepoint     ] Leaving safepoint region
[2023-10-31T08:30:29.263+0000][196.559s][info ][safepoint     ] Total time for which application threads were stopped: 0.0013679 seconds, Stopping threads took: 0.0005814 seconds
[2023-10-31T08:30:30.264+0000][197.560s][debug][safepoint     ] Safepoint synchronization initiated. (186 threads)
[2023-10-31T08:30:30.265+0000][197.561s][info ][safepoint     ] Application time: 1.0009997 seconds
[2023-10-31T08:30:30.265+0000][197.561s][info ][safepoint     ] Entering safepoint region: Cleanup
[2023-10-31T08:30:30.266+0000][197.562s][info ][safepoint     ] Leaving safepoint region
[2023-10-31T08:30:30.267+0000][197.563s][info ][safepoint     ] Total time for which application threads were stopped: 0.0013107 seconds, Stopping threads took: 0.0005322 seconds
[2023-10-31T08:30:31.267+0000][198.563s][debug][safepoint     ] Safepoint synchronization initiated. (186 threads)
[2023-10-31T08:30:31.268+0000][198.564s][info ][safepoint     ] Application time: 1.0009622 seconds
[2023-10-31T08:30:31.269+0000][198.565s][info ][safepoint     ] Entering safepoint region: Cleanup
[2023-10-31T08:30:31.270+0000][198.566s][info ][safepoint     ] Leaving safepoint region
[2023-10-31T08:30:31.270+0000][198.566s][info ][safepoint     ] Total time for which application threads were stopped: 0.0014835 seconds, Stopping threads took: 0.0006657 seconds
[2023-10-31T08:30:32.271+0000][199.567s][debug][safepoint     ] Safepoint synchronization initiated. (186 threads)
[2023-10-31T08:30:32.272+0000][199.568s][info ][safepoint     ] Application time: 1.0007897 seconds
[2023-10-31T08:30:32.272+0000][199.568s][info ][safepoint     ] Entering safepoint region: Cleanup
[2023-10-31T08:30:32.273+0000][199.569s][info ][safepoint     ] Leaving safepoint region
[2023-10-31T08:30:32.274+0000][199.570s][info ][safepoint     ] Total time for which application threads were stopped: 0.0015760 seconds, Stopping threads took: 0.0006708 seconds
[2023-10-31T08:30:33.275+0000][200.570s][debug][safepoint     ] Safepoint synchronization initiated. (186 threads)
[2023-10-31T08:30:33.275+0000][200.571s][info ][safepoint     ] Application time: 1.0007670 seconds
[2023-10-31T08:30:33.276+0000][200.572s][info ][safepoint     ] Entering safepoint region: Cleanup
[2023-10-31T08:30:33.276+0000][200.572s][info ][safepoint     ] Leaving safepoint region
[2023-10-31T08:30:33.277+0000][200.573s][info ][safepoint     ] Total time for which application threads were stopped: 0.0012082 seconds, Stopping threads took: 0.0005339 seconds
[2023-10-31T08:30:34.277+0000][201.573s][debug][safepoint     ] Safepoint synchronization initiated. (186 threads)
[2023-10-31T08:30:34.278+0000][201.574s][info ][safepoint     ] Application time: 1.0008018 seconds
[2023-10-31T08:30:34.279+0000][201.575s][info ][safepoint     ] Entering safepoint region: Cleanup
[2023-10-31T08:30:34.279+0000][201.575s][info ][safepoint     ] Leaving safepoint region
[2023-10-31T08:30:34.280+0000][201.576s][info ][safepoint     ] Total time for which application threads were stopped: 0.0013200 seconds, Stopping threads took: 0.0006035 seconds
[2023-10-31T08:30:35.281+0000][202.577s][debug][safepoint     ] Safepoint synchronization initiated. (186 threads)
[2023-10-31T08:30:35.281+0000][202.577s][info ][safepoint     ] Application time: 1.0007549 seconds
[2023-10-31T08:30:35.282+0000][202.578s][info ][safepoint     ] Entering safepoint region: Cleanup
[2023-10-31T08:30:35.283+0000][202.579s][info ][safepoint     ] Leaving safepoint region
[2023-10-31T08:30:35.283+0000][202.579s][info ][safepoint     ] Total time for which application threads were stopped: 0.0012886 seconds, Stopping threads took: 0.0006370 seconds
[2023-10-31T08:30:36.284+0000][203.580s][debug][safepoint     ] Safepoint synchronization initiated. (186 threads)
[2023-10-31T08:30:36.284+0000][203.580s][info ][safepoint     ] Application time: 1.0007972 seconds
[2023-10-31T08:30:36.285+0000][203.581s][info ][safepoint     ] Entering safepoint region: Cleanup
[2023-10-31T08:30:36.286+0000][203.582s][info ][safepoint     ] Leaving safepoint region
[2023-10-31T08:30:36.286+0000][203.582s][info ][safepoint     ] Total time for which application threads were stopped: 0.0012845 seconds, Stopping threads took: 0.0005352 seconds
[2023-10-31T08:30:37.287+0000][204.583s][debug][safepoint     ] Safepoint synchronization initiated. (186 threads)
[2023-10-31T08:30:37.288+0000][204.583s][info ][safepoint     ] Application time: 1.0009175 seconds
[2023-10-31T08:30:37.288+0000][204.584s][info ][safepoint     ] Entering safepoint region: Cleanup
[2023-10-31T08:30:37.289+0000][204.585s][info ][safepoint     ] Leaving safepoint region
[2023-10-31T08:30:37.289+0000][204.585s][info ][safepoint     ] Total time for which application threads were stopped: 0.0013100 seconds, Stopping threads took: 0.0005283 seconds
[2023-10-31T08:30:38.290+0000][205.586s][debug][safepoint     ] Safepoint synchronization initiated. (186 threads)
[2023-10-31T08:30:38.291+0000][205.587s][info ][safepoint     ] Application time: 1.0009838 seconds
[2023-10-31T08:30:38.291+0000][205.587s][info ][safepoint     ] Entering safepoint region: Cleanup
[2023-10-31T08:30:38.292+0000][205.588s][info ][safepoint     ] Leaving safepoint region
[2023-10-31T08:30:38.293+0000][205.589s][info ][safepoint     ] Total time for which application threads were stopped: 0.0013273 seconds, Stopping threads took: 0.0005312 seconds
[2023-10-31T08:30:39.294+0000][206.590s][debug][safepoint     ] Safepoint synchronization initiated. (186 threads)
[2023-10-31T08:30:39.294+0000][206.590s][info ][safepoint     ] Application time: 1.0010647 seconds
[2023-10-31T08:30:39.295+0000][206.591s][info ][safepoint     ] Entering safepoint region: Cleanup
[2023-10-31T08:30:39.296+0000][206.592s][info ][safepoint     ] Leaving safepoint region
[2023-10-31T08:30:39.296+0000][206.592s][info ][safepoint     ] Total time for which application threads were stopped: 0.0013916 seconds, Stopping threads took: 0.0005247 seconds
[2023-10-31T08:30:40.298+0000][207.594s][debug][safepoint     ] Safepoint synchronization initiated. (186 threads)
[2023-10-31T08:30:40.299+0000][207.595s][info ][safepoint     ] Application time: 1.0021060 seconds
[2023-10-31T08:30:40.300+0000][207.596s][info ][safepoint     ] Entering safepoint region: Cleanup
[2023-10-31T08:30:40.301+0000][207.597s][info ][safepoint     ] Leaving safepoint region
[2023-10-31T08:30:40.301+0000][207.597s][info ][safepoint     ] Total time for which application threads were stopped: 0.0017055 seconds, Stopping threads took: 0.0004725 seconds
[2023-10-31T08:30:41.302+0000][208.598s][debug][safepoint     ] Safepoint synchronization initiated. (186 threads)
[2023-10-31T08:30:41.303+0000][208.599s][info ][safepoint     ] Application time: 1.0009332 seconds
[2023-10-31T08:30:41.303+0000][208.599s][info ][safepoint     ] Entering safepoint region: Cleanup
[2023-10-31T08:30:41.304+0000][208.600s][info ][safepoint     ] Leaving safepoint region
[2023-10-31T08:30:41.305+0000][208.601s][info ][safepoint     ] Total time for which application threads were stopped: 0.0014175 seconds, Stopping threads took: 0.0005965 seconds
[2023-10-31T08:30:42.305+0000][209.601s][debug][safepoint     ] Safepoint synchronization initiated. (186 threads)
[2023-10-31T08:30:42.306+0000][209.602s][info ][safepoint     ] Application time: 1.0006342 seconds
[2023-10-31T08:30:42.306+0000][209.602s][info ][safepoint     ] Entering safepoint region: Cleanup
[2023-10-31T08:30:42.307+0000][209.603s][info ][safepoint     ] Leaving safepoint region
[2023-10-31T08:30:42.307+0000][209.603s][info ][safepoint     ] Total time for which application threads were stopped: 0.0011228 seconds, Stopping threads took: 0.0005178 seconds
[2023-10-31T08:30:43.308+0000][210.604s][debug][safepoint     ] Safepoint synchronization initiated. (186 threads)
[2023-10-31T08:30:43.309+0000][210.605s][info ][safepoint     ] Application time: 1.0008079 seconds
[2023-10-31T08:30:43.309+0000][210.605s][info ][safepoint     ] Entering safepoint region: Cleanup
[2023-10-31T08:30:43.310+0000][210.606s][info ][safepoint     ] Leaving safepoint region
[2023-10-31T08:30:43.311+0000][210.607s][info ][safepoint     ] Total time for which application threads were stopped: 0.0015021 seconds, Stopping threads took: 0.0006951 seconds
[2023-10-31T08:30:44.311+0000][211.607s][debug][safepoint     ] Safepoint synchronization initiated. (186 threads)
[2023-10-31T08:30:44.312+0000][211.608s][info ][safepoint     ] Application time: 1.0008130 seconds
[2023-10-31T08:30:44.313+0000][211.609s][info ][safepoint     ] Entering safepoint region: Cleanup
[2023-10-31T08:30:44.314+0000][211.610s][info ][safepoint     ] Leaving safepoint region
[2023-10-31T08:30:44.314+0000][211.610s][info ][safepoint     ] Total time for which application threads were stopped: 0.0015820 seconds, Stopping threads took: 0.0007229 seconds
[2023-10-31T08:30:45.315+0000][212.611s][debug][safepoint     ] Safepoint synchronization initiated. (186 threads)
[2023-10-31T08:30:45.316+0000][212.611s][info ][safepoint     ] Application time: 1.0007532 seconds
[2023-10-31T08:30:45.316+0000][212.612s][info ][safepoint     ] Entering safepoint region: Cleanup
[2023-10-31T08:30:45.317+0000][212.613s][info ][safepoint     ] Leaving safepoint region
[2023-10-31T08:30:45.317+0000][212.613s][info ][safepoint     ] Total time for which application threads were stopped: 0.0013814 seconds, Stopping threads took: 0.0006206 seconds
[2023-10-31T08:30:46.318+0000][213.614s][debug][safepoint     ] Safepoint synchronization initiated. (186 threads)
[2023-10-31T08:30:46.319+0000][213.615s][info ][safepoint     ] Application time: 1.0007227 seconds
[2023-10-31T08:30:46.319+0000][213.615s][info ][safepoint     ] Entering safepoint region: Cleanup
[2023-10-31T08:30:46.320+0000][213.616s][info ][safepoint     ] Leaving safepoint region
[2023-10-31T08:30:46.320+0000][213.616s][info ][safepoint     ] Total time for which application threads were stopped: 0.0013182 seconds, Stopping threads took: 0.0005573 seconds
[2023-10-31T08:30:47.321+0000][214.617s][debug][safepoint     ] Safepoint synchronization initiated. (186 threads)
[2023-10-31T08:30:47.324+0000][214.620s][info ][safepoint     ] Application time: 1.0034552 seconds
[2023-10-31T08:30:47.326+0000][214.622s][info ][safepoint     ] Entering safepoint region: Cleanup
[2023-10-31T08:30:47.327+0000][214.623s][info ][safepoint     ] Leaving safepoint region
[2023-10-31T08:30:47.328+0000][214.624s][info ][safepoint     ] Total time for which application threads were stopped: 0.0023301 seconds, Stopping threads took: 0.0007425 seconds
[2023-10-31T08:30:48.330+0000][215.626s][debug][safepoint     ] Safepoint synchronization initiated. (186 threads)
[2023-10-31T08:30:48.330+0000][215.626s][info ][safepoint     ] Application time: 1.0006941 seconds
[2023-10-31T08:30:48.331+0000][215.627s][info ][safepoint     ] Entering safepoint region: Cleanup
[2023-10-31T08:30:48.331+0000][215.627s][info ][safepoint     ] Leaving safepoint region
[2023-10-31T08:30:48.332+0000][215.628s][info ][safepoint     ] Total time for which application threads were stopped: 0.0011251 seconds, Stopping threads took: 0.0004658 seconds
[2023-10-31T08:30:49.333+0000][216.628s][debug][safepoint     ] Safepoint synchronization initiated. (186 threads)
[2023-10-31T08:30:49.333+0000][216.629s][info ][safepoint     ] Application time: 1.0008394 seconds
[2023-10-31T08:30:49.334+0000][216.630s][info ][safepoint     ] Entering safepoint region: Cleanup
[2023-10-31T08:30:49.335+0000][216.631s][info ][safepoint     ] Leaving safepoint region
[2023-10-31T08:30:49.335+0000][216.631s][info ][safepoint     ] Total time for which application threads were stopped: 0.0013626 seconds, Stopping threads took: 0.0006059 seconds
[2023-10-31T08:30:50.336+0000][217.632s][debug][safepoint     ] Safepoint synchronization initiated. (186 threads)
[2023-10-31T08:30:50.336+0000][217.632s][info ][safepoint     ] Application time: 1.0006230 seconds
[2023-10-31T08:30:50.337+0000][217.633s][info ][safepoint     ] Entering safepoint region: Cleanup
[2023-10-31T08:30:50.337+0000][217.633s][info ][safepoint     ] Leaving safepoint region
[2023-10-31T08:30:50.338+0000][217.634s][info ][safepoint     ] Total time for which application threads were stopped: 0.0009830 seconds, Stopping threads took: 0.0003749 seconds
[2023-10-31T08:30:51.338+0000][218.634s][debug][safepoint     ] Safepoint synchronization initiated. (186 threads)
[2023-10-31T08:30:51.339+0000][218.634s][info ][safepoint     ] Application time: 1.0005779 seconds
[2023-10-31T08:30:51.339+0000][218.635s][info ][safepoint     ] Entering safepoint region: Cleanup
[2023-10-31T08:30:51.340+0000][218.636s][info ][safepoint     ] Leaving safepoint region
[2023-10-31T08:30:51.340+0000][218.636s][info ][safepoint     ] Total time for which application threads were stopped: 0.0011394 seconds, Stopping threads took: 0.0004322 seconds
[2023-10-31T08:30:52.341+0000][219.637s][debug][safepoint     ] Safepoint synchronization initiated. (186 threads)
[2023-10-31T08:30:52.341+0000][219.637s][info ][safepoint     ] Application time: 1.0008612 seconds
[2023-10-31T08:30:52.342+0000][219.638s][info ][safepoint     ] Entering safepoint region: Cleanup
[2023-10-31T08:30:52.342+0000][219.638s][info ][safepoint     ] Leaving safepoint region
[2023-10-31T08:30:52.343+0000][219.639s][info ][safepoint     ] Total time for which application threads were stopped: 0.0011328 seconds, Stopping threads took: 0.0005174 seconds
[2023-10-31T08:30:53.343+0000][220.639s][debug][safepoint     ] Safepoint synchronization initiated. (186 threads)
[2023-10-31T08:30:53.344+0000][220.640s][info ][safepoint     ] Application time: 1.0007108 seconds
[2023-10-31T08:30:53.344+0000][220.640s][info ][safepoint     ] Entering safepoint region: Cleanup
[2023-10-31T08:30:53.345+0000][220.641s][info ][safepoint     ] Leaving safepoint region
[2023-10-31T08:30:53.346+0000][220.642s][info ][safepoint     ] Total time for which application threads were stopped: 0.0012629 seconds, Stopping threads took: 0.0006129 seconds
[2023-10-31T08:30:54.346+0000][221.642s][debug][safepoint     ] Safepoint synchronization initiated. (186 threads)
[2023-10-31T08:30:54.347+0000][221.643s][info ][safepoint     ] Application time: 1.0008300 seconds
[2023-10-31T08:30:54.347+0000][221.643s][info ][safepoint     ] Entering safepoint region: Cleanup
[2023-10-31T08:30:54.348+0000][221.644s][info ][safepoint     ] Leaving safepoint region
[2023-10-31T08:30:54.348+0000][221.644s][info ][safepoint     ] Total time for which application threads were stopped: 0.0011789 seconds, Stopping threads took: 0.0004802 seconds
[2023-10-31T08:30:55.349+0000][222.645s][debug][safepoint     ] Safepoint synchronization initiated. (186 threads)
[2023-10-31T08:30:55.350+0000][222.646s][info ][safepoint     ] Application time: 1.0008570 seconds
[2023-10-31T08:30:55.350+0000][222.646s][info ][safepoint     ] Entering safepoint region: Cleanup
[2023-10-31T08:30:55.351+0000][222.647s][info ][safepoint     ] Leaving safepoint region
[2023-10-31T08:30:55.352+0000][222.648s][info ][safepoint     ] Total time for which application threads were stopped: 0.0012845 seconds, Stopping threads took: 0.0005614 seconds
[2023-10-31T08:30:56.352+0000][223.648s][debug][safepoint     ] Safepoint synchronization initiated. (186 threads)
[2023-10-31T08:30:56.353+0000][223.649s][info ][safepoint     ] Application time: 1.0007282 seconds
[2023-10-31T08:30:56.353+0000][223.649s][info ][safepoint     ] Entering safepoint region: Cleanup
[2023-10-31T08:30:56.354+0000][223.650s][info ][safepoint     ] Leaving safepoint region
[2023-10-31T08:30:56.354+0000][223.650s][info ][safepoint     ] Total time for which application threads were stopped: 0.0011065 seconds, Stopping threads took: 0.0004710 seconds
[2023-10-31T08:30:57.355+0000][224.651s][debug][safepoint     ] Safepoint synchronization initiated. (186 threads)
[2023-10-31T08:30:57.356+0000][224.652s][info ][safepoint     ] Application time: 1.0008628 seconds
[2023-10-31T08:30:57.356+0000][224.652s][info ][safepoint     ] Entering safepoint region: Cleanup
[2023-10-31T08:30:57.357+0000][224.653s][info ][safepoint     ] Leaving safepoint region
[2023-10-31T08:30:57.357+0000][224.653s][info ][safepoint     ] Total time for which application threads were stopped: 0.0012523 seconds, Stopping threads took: 0.0005320 seconds
[2023-10-31T08:30:58.358+0000][225.654s][debug][safepoint     ] Safepoint synchronization initiated. (186 threads)
[2023-10-31T08:30:58.359+0000][225.655s][info ][safepoint     ] Application time: 1.0009760 seconds
[2023-10-31T08:30:58.360+0000][225.655s][info ][safepoint     ] Entering safepoint region: Cleanup
[2023-10-31T08:30:58.360+0000][225.656s][info ][safepoint     ] Leaving safepoint region
[2023-10-31T08:30:58.361+0000][225.657s][info ][safepoint     ] Total time for which application threads were stopped: 0.0012573 seconds, Stopping threads took: 0.0005280 seconds
[2023-10-31T08:30:59.361+0000][226.657s][debug][safepoint     ] Safepoint synchronization initiated. (186 threads)
[2023-10-31T08:30:59.362+0000][226.658s][info ][safepoint     ] Application time: 1.0008936 seconds
[2023-10-31T08:30:59.363+0000][226.659s][info ][safepoint     ] Entering safepoint region: Cleanup
[2023-10-31T08:30:59.363+0000][226.659s][info ][safepoint     ] Leaving safepoint region
[2023-10-31T08:30:59.364+0000][226.660s][info ][safepoint     ] Total time for which application threads were stopped: 0.0012092 seconds, Stopping threads took: 0.0004926 seconds
[2023-10-31T08:31:00.365+0000][227.660s][debug][safepoint     ] Safepoint synchronization initiated. (186 threads)
[2023-10-31T08:31:00.365+0000][227.661s][info ][safepoint     ] Application time: 1.0008854 seconds
[2023-10-31T08:31:00.366+0000][227.662s][info ][safepoint     ] Entering safepoint region: Cleanup
[2023-10-31T08:31:00.367+0000][227.662s][info ][safepoint     ] Leaving safepoint region
[2023-10-31T08:31:00.367+0000][227.663s][info ][safepoint     ] Total time for which application threads were stopped: 0.0010612 seconds, Stopping threads took: 0.0004751 seconds
[2023-10-31T08:31:01.368+0000][228.664s][debug][safepoint     ] Safepoint synchronization initiated. (186 threads)
[2023-10-31T08:31:01.369+0000][228.665s][info ][safepoint     ] Application time: 1.0013124 seconds
[2023-10-31T08:31:01.370+0000][228.666s][info ][safepoint     ] Entering safepoint region: Cleanup
[2023-10-31T08:31:01.371+0000][228.667s][info ][safepoint     ] Leaving safepoint region
[2023-10-31T08:31:01.372+0000][228.668s][info ][safepoint     ] Total time for which application threads were stopped: 0.0020159 seconds, Stopping threads took: 0.0009200 seconds
[2023-10-31T08:31:02.373+0000][229.669s][debug][safepoint     ] Safepoint synchronization initiated. (186 threads)
[2023-10-31T08:31:02.373+0000][229.669s][info ][safepoint     ] Application time: 1.0008701 seconds
[2023-10-31T08:31:02.374+0000][229.670s][info ][safepoint     ] Entering safepoint region: Cleanup
[2023-10-31T08:31:02.375+0000][229.670s][info ][safepoint     ] Leaving safepoint region
[2023-10-31T08:31:02.375+0000][229.671s][info ][safepoint     ] Total time for which application threads were stopped: 0.0011759 seconds, Stopping threads took: 0.0005055 seconds
[2023-10-31T08:31:03.376+0000][230.671s][debug][safepoint     ] Safepoint synchronization initiated. (185 threads)
[2023-10-31T08:31:03.376+0000][230.672s][info ][safepoint     ] Application time: 1.0008628 seconds
[2023-10-31T08:31:03.377+0000][230.673s][info ][safepoint     ] Entering safepoint region: Cleanup
[2023-10-31T08:31:03.377+0000][230.673s][info ][safepoint     ] Leaving safepoint region
[2023-10-31T08:31:03.378+0000][230.674s][info ][safepoint     ] Total time for which application threads were stopped: 0.0010619 seconds, Stopping threads took: 0.0004025 seconds
[2023-10-31T08:31:04.379+0000][231.674s][debug][safepoint     ] Safepoint synchronization initiated. (185 threads)
[2023-10-31T08:31:04.379+0000][231.675s][info ][safepoint     ] Application time: 1.0008265 seconds
[2023-10-31T08:31:04.380+0000][231.676s][info ][safepoint     ] Entering safepoint region: Cleanup
[2023-10-31T08:31:04.381+0000][231.676s][info ][safepoint     ] Leaving safepoint region
[2023-10-31T08:31:04.381+0000][231.677s][info ][safepoint     ] Total time for which application threads were stopped: 0.0012968 seconds, Stopping threads took: 0.0005265 seconds
[2023-10-31T08:31:05.382+0000][232.678s][debug][safepoint     ] Safepoint synchronization initiated. (185 threads)
[2023-10-31T08:31:05.382+0000][232.678s][info ][safepoint     ] Application time: 1.0008917 seconds
[2023-10-31T08:31:05.383+0000][232.679s][info ][safepoint     ] Entering safepoint region: Cleanup
[2023-10-31T08:31:05.384+0000][232.680s][info ][safepoint     ] Leaving safepoint region
[2023-10-31T08:31:05.385+0000][232.681s][info ][safepoint     ] Total time for which application threads were stopped: 0.0016365 seconds, Stopping threads took: 0.0006353 seconds
[2023-10-31T08:31:06.385+0000][233.681s][debug][safepoint     ] Safepoint synchronization initiated. (185 threads)
[2023-10-31T08:31:06.386+0000][233.682s][info ][safepoint     ] Application time: 1.0009030 seconds
[2023-10-31T08:31:06.387+0000][233.683s][info ][safepoint     ] Entering safepoint region: Cleanup
[2023-10-31T08:31:06.388+0000][233.684s][info ][safepoint     ] Leaving safepoint region
[2023-10-31T08:31:06.388+0000][233.684s][info ][safepoint     ] Total time for which application threads were stopped: 0.0012954 seconds, Stopping threads took: 0.0005807 seconds
[2023-10-31T08:31:07.389+0000][234.685s][debug][safepoint     ] Safepoint synchronization initiated. (185 threads)
[2023-10-31T08:31:07.390+0000][234.685s][info ][safepoint     ] Application time: 1.0007167 seconds
[2023-10-31T08:31:07.390+0000][234.686s][info ][safepoint     ] Entering safepoint region: Cleanup
[2023-10-31T08:31:07.391+0000][234.687s][info ][safepoint     ] Leaving safepoint region
[2023-10-31T08:31:07.391+0000][234.687s][info ][safepoint     ] Total time for which application threads were stopped: 0.0011544 seconds, Stopping threads took: 0.0005062 seconds
[2023-10-31T08:31:08.392+0000][235.688s][debug][safepoint     ] Safepoint synchronization initiated. (185 threads)
[2023-10-31T08:31:08.393+0000][235.689s][info ][safepoint     ] Application time: 1.0011285 seconds
[2023-10-31T08:31:08.394+0000][235.689s][info ][safepoint     ] Entering safepoint region: Cleanup
[2023-10-31T08:31:08.394+0000][235.690s][info ][safepoint     ] Leaving safepoint region
[2023-10-31T08:31:08.395+0000][235.691s][info ][safepoint     ] Total time for which application threads were stopped: 0.0016399 seconds, Stopping threads took: 0.0006194 seconds
[2023-10-31T08:31:09.396+0000][236.692s][debug][safepoint     ] Safepoint synchronization initiated. (185 threads)
[2023-10-31T08:31:09.397+0000][236.693s][info ][safepoint     ] Application time: 1.0011285 seconds
[2023-10-31T08:31:09.397+0000][236.693s][info ][safepoint     ] Entering safepoint region: Cleanup
[2023-10-31T08:31:09.398+0000][236.694s][info ][safepoint     ] Leaving safepoint region
[2023-10-31T08:31:09.399+0000][236.695s][info ][safepoint     ] Total time for which application threads were stopped: 0.0013855 seconds, Stopping threads took: 0.0006444 seconds
[2023-10-31T08:31:10.399+0000][237.695s][debug][safepoint     ] Safepoint synchronization initiated. (185 threads)
[2023-10-31T08:31:10.400+0000][237.696s][info ][safepoint     ] Application time: 1.0006491 seconds
[2023-10-31T08:31:10.400+0000][237.696s][info ][safepoint     ] Entering safepoint region: Cleanup
[2023-10-31T08:31:10.401+0000][237.697s][info ][safepoint     ] Leaving safepoint region
[2023-10-31T08:31:10.401+0000][237.697s][info ][safepoint     ] Total time for which application threads were stopped: 0.0011047 seconds, Stopping threads took: 0.0005082 seconds
[2023-10-31T08:31:11.402+0000][238.698s][debug][safepoint     ] Safepoint synchronization initiated. (185 threads)
[2023-10-31T08:31:11.403+0000][238.698s][info ][safepoint     ] Application time: 1.0007299 seconds
[2023-10-31T08:31:11.403+0000][238.699s][info ][safepoint     ] Entering safepoint region: Cleanup
[2023-10-31T08:31:11.404+0000][238.700s][info ][safepoint     ] Leaving safepoint region
[2023-10-31T08:31:11.404+0000][238.700s][info ][safepoint     ] Total time for which application threads were stopped: 0.0012445 seconds, Stopping threads took: 0.0005920 seconds
[2023-10-31T08:31:12.405+0000][239.701s][debug][safepoint     ] Safepoint synchronization initiated. (184 threads)
[2023-10-31T08:31:12.405+0000][239.701s][info ][safepoint     ] Application time: 1.0006317 seconds
[2023-10-31T08:31:12.406+0000][239.702s][info ][safepoint     ] Entering safepoint region: Cleanup
[2023-10-31T08:31:12.406+0000][239.702s][info ][safepoint     ] Leaving safepoint region
[2023-10-31T08:31:12.407+0000][239.703s][info ][safepoint     ] Total time for which application threads were stopped: 0.0008751 seconds, Stopping threads took: 0.0004043 seconds
[2023-10-31T08:31:13.407+0000][240.703s][debug][safepoint     ] Safepoint synchronization initiated. (184 threads)
[2023-10-31T08:31:13.408+0000][240.704s][info ][safepoint     ] Application time: 1.0006512 seconds
[2023-10-31T08:31:13.408+0000][240.704s][info ][safepoint     ] Entering safepoint region: Cleanup
[2023-10-31T08:31:13.409+0000][240.705s][info ][safepoint     ] Leaving safepoint region
[2023-10-31T08:31:13.409+0000][240.705s][info ][safepoint     ] Total time for which application threads were stopped: 0.0012650 seconds, Stopping threads took: 0.0006280 seconds
[2023-10-31T08:31:14.410+0000][241.706s][debug][safepoint     ] Safepoint synchronization initiated. (184 threads)
[2023-10-31T08:31:14.411+0000][241.707s][info ][safepoint     ] Application time: 1.0009199 seconds
[2023-10-31T08:31:14.411+0000][241.707s][info ][safepoint     ] Entering safepoint region: Cleanup
[2023-10-31T08:31:14.412+0000][241.708s][info ][safepoint     ] Leaving safepoint region
[2023-10-31T08:31:14.413+0000][241.708s][info ][safepoint     ] Total time for which application threads were stopped: 0.0013205 seconds, Stopping threads took: 0.0006206 seconds
[2023-10-31T08:31:15.413+0000][242.709s][debug][safepoint     ] Safepoint synchronization initiated. (184 threads)
[2023-10-31T08:31:15.415+0000][242.711s][info ][safepoint     ] Application time: 1.0017750 seconds
[2023-10-31T08:31:15.416+0000][242.712s][info ][safepoint     ] Entering safepoint region: Cleanup
[2023-10-31T08:31:15.418+0000][242.714s][info ][safepoint     ] Leaving safepoint region
[2023-10-31T08:31:15.419+0000][242.715s][info ][safepoint     ] Total time for which application threads were stopped: 0.0033519 seconds, Stopping threads took: 0.0013906 seconds
[2023-10-31T08:31:19.420+0000][246.716s][debug][safepoint     ] Safepoint synchronization initiated. (182 threads)
[2023-10-31T08:31:19.421+0000][246.717s][info ][safepoint     ] Application time: 4.0014138 seconds
[2023-10-31T08:31:19.421+0000][246.717s][info ][safepoint     ] Entering safepoint region: Cleanup
[2023-10-31T08:31:19.423+0000][246.719s][info ][safepoint     ] Leaving safepoint region
[2023-10-31T08:31:19.425+0000][246.721s][info ][safepoint     ] Total time for which application threads were stopped: 0.0034681 seconds, Stopping threads took: 0.0007801 seconds
[2023-10-31T08:31:24.427+0000][251.723s][debug][safepoint     ] Safepoint synchronization initiated. (182 threads)
[2023-10-31T08:31:24.428+0000][251.724s][info ][safepoint     ] Application time: 5.0012371 seconds
[2023-10-31T08:31:24.429+0000][251.724s][info ][safepoint     ] Entering safepoint region: Cleanup
[2023-10-31T08:31:24.429+0000][251.725s][info ][safepoint     ] Leaving safepoint region
[2023-10-31T08:31:24.430+0000][251.726s][info ][safepoint     ] Total time for which application threads were stopped: 0.0012114 seconds, Stopping threads took: 0.0005543 seconds
[2023-10-31T08:31:28.430+0000][255.727s][debug][safepoint     ] Safepoint synchronization initiated. (183 threads)
[2023-10-31T08:31:28.431+0000][255.727s][info ][safepoint     ] Application time: 4.0013456 seconds
[2023-10-31T08:31:28.431+0000][255.728s][info ][safepoint     ] Entering safepoint region: Cleanup
[2023-10-31T08:31:28.432+0000][255.729s][info ][safepoint     ] Leaving safepoint region
[2023-10-31T08:31:28.433+0000][255.729s][info ][safepoint     ] Total time for which application threads were stopped: 0.0012928 seconds, Stopping threads took: 0.0005394 seconds
[2023-10-31T08:31:30.433+0000][257.730s][debug][safepoint     ] Safepoint synchronization initiated. (183 threads)
[2023-10-31T08:31:30.434+0000][257.731s][info ][safepoint     ] Application time: 2.0010279 seconds
[2023-10-31T08:31:30.435+0000][257.731s][info ][safepoint     ] Entering safepoint region: Cleanup
[2023-10-31T08:31:30.435+0000][257.732s][info ][safepoint     ] Leaving safepoint region
[2023-10-31T08:31:30.436+0000][257.732s][info ][safepoint     ] Total time for which application threads were stopped: 0.0013640 seconds, Stopping threads took: 0.0007576 seconds
[2023-10-31T08:31:31.436+0000][258.733s][debug][safepoint     ] Safepoint synchronization initiated. (183 threads)
[2023-10-31T08:31:31.437+0000][258.734s][info ][safepoint     ] Application time: 1.0006576 seconds
[2023-10-31T08:31:31.437+0000][258.734s][info ][safepoint     ] Entering safepoint region: Cleanup
[2023-10-31T08:31:31.438+0000][258.735s][info ][safepoint     ] Leaving safepoint region
[2023-10-31T08:31:31.439+0000][258.735s][info ][safepoint     ] Total time for which application threads were stopped: 0.0013603 seconds, Stopping threads took: 0.0005659 seconds
[2023-10-31T08:31:35.440+0000][262.737s][debug][safepoint     ] Safepoint synchronization initiated. (184 threads)
[2023-10-31T08:31:35.441+0000][262.737s][info ][safepoint     ] Application time: 4.0013431 seconds
[2023-10-31T08:31:35.441+0000][262.738s][info ][safepoint     ] Entering safepoint region: Cleanup
[2023-10-31T08:31:35.442+0000][262.738s][info ][safepoint     ] Leaving safepoint region
[2023-10-31T08:31:35.442+0000][262.739s][info ][safepoint     ] Total time for which application threads were stopped: 0.0009973 seconds, Stopping threads took: 0.0004537 seconds
[2023-10-31T08:31:36.443+0000][263.739s][debug][safepoint     ] Safepoint synchronization initiated. (184 threads)
[2023-10-31T08:31:36.443+0000][263.740s][info ][safepoint     ] Application time: 1.0008514 seconds
[2023-10-31T08:31:36.444+0000][263.740s][info ][safepoint     ] Entering safepoint region: Cleanup
[2023-10-31T08:31:36.444+0000][263.741s][info ][safepoint     ] Leaving safepoint region
[2023-10-31T08:31:36.445+0000][263.741s][info ][safepoint     ] Total time for which application threads were stopped: 0.0010371 seconds, Stopping threads took: 0.0004060 seconds
[2023-10-31T08:31:38.445+0000][265.742s][debug][safepoint     ] Safepoint synchronization initiated. (184 threads)
[2023-10-31T08:31:38.446+0000][265.743s][info ][safepoint     ] Application time: 2.0008611 seconds
[2023-10-31T08:31:38.447+0000][265.743s][info ][safepoint     ] Entering safepoint region: Cleanup
[2023-10-31T08:31:38.447+0000][265.744s][info ][safepoint     ] Leaving safepoint region
[2023-10-31T08:31:38.448+0000][265.744s][info ][safepoint     ] Total time for which application threads were stopped: 0.0012653 seconds, Stopping threads took: 0.0005316 seconds
[2023-10-31T08:31:39.448+0000][266.745s][debug][safepoint     ] Safepoint synchronization initiated. (184 threads)
[2023-10-31T08:31:39.449+0000][266.745s][info ][safepoint     ] Application time: 1.0005937 seconds
[2023-10-31T08:31:39.449+0000][266.746s][info ][safepoint     ] Entering safepoint region: Cleanup
[2023-10-31T08:31:39.450+0000][266.746s][info ][safepoint     ] Leaving safepoint region
[2023-10-31T08:31:39.450+0000][266.746s][info ][safepoint     ] Total time for which application threads were stopped: 0.0007684 seconds, Stopping threads took: 0.0003109 seconds
[2023-10-31T08:31:41.450+0000][268.747s][debug][safepoint     ] Safepoint synchronization initiated. (184 threads)
[2023-10-31T08:31:41.451+0000][268.748s][info ][safepoint     ] Application time: 2.0008443 seconds
[2023-10-31T08:31:41.451+0000][268.748s][info ][safepoint     ] Entering safepoint region: Cleanup
[2023-10-31T08:31:41.452+0000][268.749s][info ][safepoint     ] Leaving safepoint region
[2023-10-31T08:31:41.452+0000][268.749s][info ][safepoint     ] Total time for which application threads were stopped: 0.0009263 seconds, Stopping threads took: 0.0004092 seconds
[2023-10-31T08:31:42.453+0000][269.749s][debug][safepoint     ] Safepoint synchronization initiated. (184 threads)
[2023-10-31T08:31:42.453+0000][269.750s][info ][safepoint     ] Application time: 1.0005895 seconds
[2023-10-31T08:31:42.454+0000][269.750s][info ][safepoint     ] Entering safepoint region: Cleanup
[2023-10-31T08:31:42.454+0000][269.751s][info ][safepoint     ] Leaving safepoint region
[2023-10-31T08:31:42.455+0000][269.751s][info ][safepoint     ] Total time for which application threads were stopped: 0.0009380 seconds, Stopping threads took: 0.0003967 seconds
[2023-10-31T08:31:43.455+0000][270.752s][debug][safepoint     ] Safepoint synchronization initiated. (184 threads)
[2023-10-31T08:31:43.456+0000][270.753s][info ][safepoint     ] Application time: 1.0011964 seconds
[2023-10-31T08:31:43.457+0000][270.754s][info ][safepoint     ] Entering safepoint region: Cleanup
[2023-10-31T08:31:43.458+0000][270.755s][info ][safepoint     ] Leaving safepoint region
[2023-10-31T08:31:43.458+0000][270.755s][info ][safepoint     ] Total time for which application threads were stopped: 0.0015299 seconds, Stopping threads took: 0.0007276 seconds
[2023-10-31T08:31:44.459+0000][271.756s][debug][safepoint     ] Safepoint synchronization initiated. (186 threads)
[2023-10-31T08:31:44.461+0000][271.758s][info ][safepoint     ] Application time: 1.0021592 seconds
[2023-10-31T08:31:44.462+0000][271.759s][info ][safepoint     ] Entering safepoint region: Cleanup
[2023-10-31T08:31:44.463+0000][271.760s][info ][safepoint     ] Leaving safepoint region
[2023-10-31T08:31:44.464+0000][271.760s][info ][safepoint     ] Total time for which application threads were stopped: 0.0019576 seconds, Stopping threads took: 0.0009456 seconds
[2023-10-31T08:31:45.465+0000][272.761s][debug][safepoint     ] Safepoint synchronization initiated. (186 threads)
[2023-10-31T08:31:45.465+0000][272.762s][info ][safepoint     ] Application time: 1.0010177 seconds
[2023-10-31T08:31:45.466+0000][272.762s][info ][safepoint     ] Entering safepoint region: Cleanup
[2023-10-31T08:31:45.467+0000][272.763s][info ][safepoint     ] Leaving safepoint region
[2023-10-31T08:31:45.467+0000][272.764s][info ][safepoint     ] Total time for which application threads were stopped: 0.0014247 seconds, Stopping threads took: 0.0006396 seconds
[2023-10-31T08:31:46.468+0000][273.765s][debug][safepoint     ] Safepoint synchronization initiated. (186 threads)
[2023-10-31T08:31:46.469+0000][273.765s][info ][safepoint     ] Application time: 1.0011107 seconds
[2023-10-31T08:31:46.470+0000][273.766s][info ][safepoint     ] Entering safepoint region: Cleanup
[2023-10-31T08:31:46.471+0000][273.767s][info ][safepoint     ] Leaving safepoint region
[2023-10-31T08:31:46.471+0000][273.768s][info ][safepoint     ] Total time for which application threads were stopped: 0.0016540 seconds, Stopping threads took: 0.0007379 seconds
[2023-10-31T08:31:47.472+0000][274.769s][debug][safepoint     ] Safepoint synchronization initiated. (186 threads)
[2023-10-31T08:31:47.473+0000][274.769s][info ][safepoint     ] Application time: 1.0008745 seconds
[2023-10-31T08:31:47.473+0000][274.770s][info ][safepoint     ] Entering safepoint region: Cleanup
[2023-10-31T08:31:47.474+0000][274.771s][info ][safepoint     ] Leaving safepoint region
[2023-10-31T08:31:47.474+0000][274.771s][info ][safepoint     ] Total time for which application threads were stopped: 0.0010764 seconds, Stopping threads took: 0.0005104 seconds
[2023-10-31T08:31:48.475+0000][275.772s][debug][safepoint     ] Safepoint synchronization initiated. (186 threads)
[2023-10-31T08:31:48.475+0000][275.772s][info ][safepoint     ] Application time: 1.0005618 seconds
[2023-10-31T08:31:48.476+0000][275.772s][info ][safepoint     ] Entering safepoint region: Cleanup
[2023-10-31T08:31:48.476+0000][275.773s][info ][safepoint     ] Leaving safepoint region
[2023-10-31T08:31:48.477+0000][275.773s][info ][safepoint     ] Total time for which application threads were stopped: 0.0009417 seconds, Stopping threads took: 0.0004091 seconds
[2023-10-31T08:31:49.477+0000][276.774s][debug][safepoint     ] Safepoint synchronization initiated. (186 threads)
[2023-10-31T08:31:49.478+0000][276.774s][info ][safepoint     ] Application time: 1.0008150 seconds
[2023-10-31T08:31:49.478+0000][276.775s][info ][safepoint     ] Entering safepoint region: Cleanup
[2023-10-31T08:31:49.479+0000][276.776s][info ][safepoint     ] Leaving safepoint region
[2023-10-31T08:31:49.479+0000][276.776s][info ][safepoint     ] Total time for which application threads were stopped: 0.0011255 seconds, Stopping threads took: 0.0004782 seconds
[2023-10-31T08:31:50.480+0000][277.776s][debug][safepoint     ] Safepoint synchronization initiated. (186 threads)
[2023-10-31T08:31:50.480+0000][277.777s][info ][safepoint     ] Application time: 1.0006044 seconds
[2023-10-31T08:31:50.481+0000][277.777s][info ][safepoint     ] Entering safepoint region: Cleanup
[2023-10-31T08:31:50.481+0000][277.778s][info ][safepoint     ] Leaving safepoint region
[2023-10-31T08:31:50.482+0000][277.778s][info ][safepoint     ] Total time for which application threads were stopped: 0.0008262 seconds, Stopping threads took: 0.0003534 seconds
[2023-10-31T08:31:51.482+0000][278.779s][debug][safepoint     ] Safepoint synchronization initiated. (186 threads)
[2023-10-31T08:31:51.482+0000][278.779s][info ][safepoint     ] Application time: 1.0005474 seconds
[2023-10-31T08:31:51.483+0000][278.779s][info ][safepoint     ] Entering safepoint region: Cleanup
[2023-10-31T08:31:51.483+0000][278.780s][info ][safepoint     ] Leaving safepoint region
[2023-10-31T08:31:51.484+0000][278.780s][info ][safepoint     ] Total time for which application threads were stopped: 0.0009197 seconds, Stopping threads took: 0.0004201 seconds
[2023-10-31T08:31:52.484+0000][279.781s][debug][safepoint     ] Safepoint synchronization initiated. (186 threads)
[2023-10-31T08:31:52.484+0000][279.781s][info ][safepoint     ] Application time: 1.0004974 seconds
[2023-10-31T08:31:52.485+0000][279.781s][info ][safepoint     ] Entering safepoint region: Cleanup
[2023-10-31T08:31:52.485+0000][279.782s][info ][safepoint     ] Leaving safepoint region
[2023-10-31T08:31:52.486+0000][279.782s][info ][safepoint     ] Total time for which application threads were stopped: 0.0008167 seconds, Stopping threads took: 0.0003424 seconds
[2023-10-31T08:31:53.486+0000][280.783s][debug][safepoint     ] Safepoint synchronization initiated. (186 threads)
[2023-10-31T08:31:53.487+0000][280.784s][info ][safepoint     ] Application time: 1.0011870 seconds
[2023-10-31T08:31:53.488+0000][280.784s][info ][safepoint     ] Entering safepoint region: Cleanup
[2023-10-31T08:31:53.489+0000][280.786s][info ][safepoint     ] Leaving safepoint region
[2023-10-31T08:31:53.490+0000][280.786s][info ][safepoint     ] Total time for which application threads were stopped: 0.0018076 seconds, Stopping threads took: 0.0007609 seconds
[2023-10-31T08:31:54.490+0000][281.787s][debug][safepoint     ] Safepoint synchronization initiated. (186 threads)
[2023-10-31T08:31:54.491+0000][281.787s][info ][safepoint     ] Application time: 1.0003906 seconds
[2023-10-31T08:31:54.491+0000][281.787s][info ][safepoint     ] Entering safepoint region: Cleanup
[2023-10-31T08:31:54.491+0000][281.788s][info ][safepoint     ] Leaving safepoint region
[2023-10-31T08:31:54.492+0000][281.788s][info ][safepoint     ] Total time for which application threads were stopped: 0.0008156 seconds, Stopping threads took: 0.0003728 seconds
[2023-10-31T08:31:55.492+0000][282.789s][debug][safepoint     ] Safepoint synchronization initiated. (186 threads)
[2023-10-31T08:31:55.493+0000][282.790s][info ][safepoint     ] Application time: 1.0014562 seconds
[2023-10-31T08:31:55.494+0000][282.791s][info ][safepoint     ] Entering safepoint region: Cleanup
[2023-10-31T08:31:55.496+0000][282.792s][info ][safepoint     ] Leaving safepoint region
[2023-10-31T08:31:55.496+0000][282.793s][info ][safepoint     ] Total time for which application threads were stopped: 0.0021020 seconds, Stopping threads took: 0.0010037 seconds
[2023-10-31T08:31:56.498+0000][283.794s][debug][safepoint     ] Safepoint synchronization initiated. (186 threads)
[2023-10-31T08:31:56.498+0000][283.795s][info ][safepoint     ] Application time: 1.0006788 seconds
[2023-10-31T08:31:56.499+0000][283.795s][debug][safepoint     ] ... found polling page return exception at pc = 0x00007f62e8ad0d76, stub =0x00007f62e0840600
[2023-10-31T08:31:56.499+0000][283.795s][debug][safepoint     ] ... found polling page return exception at pc = 0x00007f62e8a81274, stub =0x00007f62e0840600
[2023-10-31T08:31:56.500+0000][283.796s][debug][safepoint     ] Waiting for 3 thread(s) to block
[2023-10-31T08:31:56.500+0000][283.797s][info ][safepoint     ] Entering safepoint region: Cleanup
[2023-10-31T08:31:56.501+0000][283.798s][info ][safepoint     ] Leaving safepoint region
[2023-10-31T08:31:56.501+0000][283.798s][info ][safepoint     ] Total time for which application threads were stopped: 0.0029982 seconds, Stopping threads took: 0.0023626 seconds
[2023-10-31T08:31:57.502+0000][284.799s][debug][safepoint     ] Safepoint synchronization initiated. (186 threads)
[2023-10-31T08:31:57.503+0000][284.799s][info ][safepoint     ] Application time: 1.0008830 seconds
[2023-10-31T08:31:57.503+0000][284.800s][info ][safepoint     ] Entering safepoint region: Cleanup
[2023-10-31T08:31:57.504+0000][284.801s][info ][safepoint     ] Leaving safepoint region
[2023-10-31T08:31:57.505+0000][284.801s][info ][safepoint     ] Total time for which application threads were stopped: 0.0013937 seconds, Stopping threads took: 0.0006517 seconds
[2023-10-31T08:31:58.506+0000][285.802s][debug][safepoint     ] Safepoint synchronization initiated. (186 threads)
[2023-10-31T08:31:58.507+0000][285.803s][info ][safepoint     ] Application time: 1.0015102 seconds
[2023-10-31T08:31:58.508+0000][285.804s][info ][safepoint     ] Entering safepoint region: Cleanup
[2023-10-31T08:31:58.509+0000][285.805s][info ][safepoint     ] Leaving safepoint region
[2023-10-31T08:31:58.509+0000][285.806s][info ][safepoint     ] Total time for which application threads were stopped: 0.0018818 seconds, Stopping threads took: 0.0007386 seconds
[2023-10-31T08:31:59.511+0000][286.807s][debug][safepoint     ] Safepoint synchronization initiated. (186 threads)
[2023-10-31T08:31:59.512+0000][286.808s][info ][safepoint     ] Application time: 1.0013494 seconds
[2023-10-31T08:31:59.512+0000][286.809s][info ][safepoint     ] Entering safepoint region: Cleanup
[2023-10-31T08:31:59.514+0000][286.810s][info ][safepoint     ] Leaving safepoint region
[2023-10-31T08:31:59.514+0000][286.811s][info ][safepoint     ] Total time for which application threads were stopped: 0.0018855 seconds, Stopping threads took: 0.0009717 seconds
[2023-10-31T08:32:00.515+0000][287.812s][debug][safepoint     ] Safepoint synchronization initiated. (186 threads)
[2023-10-31T08:32:00.516+0000][287.812s][info ][safepoint     ] Application time: 1.0007381 seconds
[2023-10-31T08:32:00.516+0000][287.813s][info ][safepoint     ] Entering safepoint region: Cleanup
[2023-10-31T08:32:00.517+0000][287.814s][info ][safepoint     ] Leaving safepoint region
[2023-10-31T08:32:00.517+0000][287.814s][info ][safepoint     ] Total time for which application threads were stopped: 0.0011845 seconds, Stopping threads took: 0.0005646 seconds
[2023-10-31T08:32:00.517+0000][287.814s][debug][safepoint     ] ... found polling page loop exception at pc = 0x00007f62e8693daa, stub =0x00007f62e0843680
[2023-10-31T08:32:01.518+0000][288.815s][debug][safepoint     ] Safepoint synchronization initiated. (186 threads)
[2023-10-31T08:32:01.519+0000][288.816s][info ][safepoint     ] Application time: 1.0011967 seconds
[2023-10-31T08:32:01.520+0000][288.816s][info ][safepoint     ] Entering safepoint region: Cleanup
[2023-10-31T08:32:01.521+0000][288.818s][info ][safepoint     ] Leaving safepoint region
[2023-10-31T08:32:01.522+0000][288.818s][info ][safepoint     ] Total time for which application threads were stopped: 0.0018854 seconds, Stopping threads took: 0.0008091 seconds
[2023-10-31T08:32:02.523+0000][289.819s][debug][safepoint     ] Safepoint synchronization initiated. (186 threads)
[2023-10-31T08:32:02.524+0000][289.821s][info ][safepoint     ] Application time: 1.0016567 seconds
[2023-10-31T08:32:02.524+0000][289.821s][debug][safepoint     ] ... found polling page return exception at pc = 0x00007f62e835c49d, stub =0x00007f62e0840600
[2023-10-31T08:32:02.525+0000][289.821s][debug][safepoint     ] Waiting for 1 thread(s) to block
[2023-10-31T08:32:02.526+0000][289.822s][info ][safepoint     ] Entering safepoint region: Cleanup
[2023-10-31T08:32:02.526+0000][289.823s][info ][safepoint     ] Leaving safepoint region
[2023-10-31T08:32:02.527+0000][289.823s][info ][safepoint     ] Total time for which application threads were stopped: 0.0022434 seconds, Stopping threads took: 0.0014489 seconds
[2023-10-31T08:32:03.527+0000][290.824s][debug][safepoint     ] Safepoint synchronization initiated. (186 threads)
[2023-10-31T08:32:03.528+0000][290.825s][info ][safepoint     ] Application time: 1.0007799 seconds
[2023-10-31T08:32:03.529+0000][290.825s][info ][safepoint     ] Entering safepoint region: Cleanup
[2023-10-31T08:32:03.529+0000][290.826s][info ][safepoint     ] Leaving safepoint region
[2023-10-31T08:32:03.530+0000][290.826s][info ][safepoint     ] Total time for which application threads were stopped: 0.0012316 seconds, Stopping threads took: 0.0005043 seconds
[2023-10-31T08:32:04.530+0000][291.827s][debug][safepoint     ] Safepoint synchronization initiated. (186 threads)
[2023-10-31T08:32:04.531+0000][291.828s][info ][safepoint     ] Application time: 1.0008199 seconds
[2023-10-31T08:32:04.531+0000][291.828s][info ][safepoint     ] Entering safepoint region: Cleanup
[2023-10-31T08:32:04.532+0000][291.829s][info ][safepoint     ] Leaving safepoint region
[2023-10-31T08:32:04.532+0000][291.829s][info ][safepoint     ] Total time for which application threads were stopped: 0.0010047 seconds, Stopping threads took: 0.0004842 seconds
[2023-10-31T08:32:05.533+0000][292.830s][debug][safepoint     ] Safepoint synchronization initiated. (186 threads)
[2023-10-31T08:32:05.533+0000][292.830s][info ][safepoint     ] Application time: 1.0006344 seconds
[2023-10-31T08:32:05.534+0000][292.830s][info ][safepoint     ] Entering safepoint region: Cleanup
[2023-10-31T08:32:05.534+0000][292.831s][info ][safepoint     ] Leaving safepoint region
[2023-10-31T08:32:05.535+0000][292.831s][info ][safepoint     ] Total time for which application threads were stopped: 0.0010573 seconds, Stopping threads took: 0.0003807 seconds
[2023-10-31T08:32:06.536+0000][293.832s][debug][safepoint     ] Safepoint synchronization initiated. (186 threads)
[2023-10-31T08:32:06.536+0000][293.833s][info ][safepoint     ] Application time: 1.0009003 seconds
[2023-10-31T08:32:06.537+0000][293.834s][info ][safepoint     ] Entering safepoint region: Cleanup
[2023-10-31T08:32:06.538+0000][293.834s][info ][safepoint     ] Leaving safepoint region
[2023-10-31T08:32:06.538+0000][293.835s][info ][safepoint     ] Total time for which application threads were stopped: 0.0012900 seconds, Stopping threads took: 0.0005750 seconds
[2023-10-31T08:32:07.539+0000][294.835s][debug][safepoint     ] Safepoint synchronization initiated. (186 threads)
[2023-10-31T08:32:07.539+0000][294.836s][info ][safepoint     ] Application time: 1.0007052 seconds
[2023-10-31T08:32:07.540+0000][294.836s][info ][safepoint     ] Entering safepoint region: Cleanup
[2023-10-31T08:32:07.540+0000][294.837s][info ][safepoint     ] Leaving safepoint region
[2023-10-31T08:32:07.541+0000][294.837s][info ][safepoint     ] Total time for which application threads were stopped: 0.0010027 seconds, Stopping threads took: 0.0003973 seconds
[2023-10-31T08:32:08.542+0000][295.838s][debug][safepoint     ] Safepoint synchronization initiated. (186 threads)
[2023-10-31T08:32:08.543+0000][295.839s][info ][safepoint     ] Application time: 1.0012133 seconds
[2023-10-31T08:32:08.543+0000][295.840s][info ][safepoint     ] Entering safepoint region: Cleanup
[2023-10-31T08:32:08.544+0000][295.841s][info ][safepoint     ] Leaving safepoint region
[2023-10-31T08:32:08.545+0000][295.841s][info ][safepoint     ] Total time for which application threads were stopped: 0.0016903 seconds, Stopping threads took: 0.0007158 seconds
[2023-10-31T08:32:09.545+0000][296.842s][debug][safepoint     ] Safepoint synchronization initiated. (186 threads)
[2023-10-31T08:32:09.546+0000][296.842s][info ][safepoint     ] Application time: 1.0005351 seconds
[2023-10-31T08:32:09.546+0000][296.843s][info ][safepoint     ] Entering safepoint region: Cleanup
[2023-10-31T08:32:09.547+0000][296.843s][info ][safepoint     ] Leaving safepoint region
[2023-10-31T08:32:09.547+0000][296.844s][info ][safepoint     ] Total time for which application threads were stopped: 0.0010131 seconds, Stopping threads took: 0.0003761 seconds
[2023-10-31T08:32:10.548+0000][297.845s][debug][safepoint     ] Safepoint synchronization initiated. (186 threads)
[2023-10-31T08:32:10.549+0000][297.846s][info ][safepoint     ] Application time: 1.0014329 seconds
[2023-10-31T08:32:10.550+0000][297.847s][info ][safepoint     ] Entering safepoint region: Cleanup
[2023-10-31T08:32:10.551+0000][297.847s][info ][safepoint     ] Leaving safepoint region
[2023-10-31T08:32:10.552+0000][297.848s][info ][safepoint     ] Total time for which application threads were stopped: 0.0017157 seconds, Stopping threads took: 0.0007084 seconds
[2023-10-31T08:32:10.551+0000][297.847s][debug][safepoint     ] ... found polling page return exception at pc = 0x00007f62e89d70c4, stub =0x00007f62e0840600
[2023-10-31T08:32:11.552+0000][298.849s][debug][safepoint     ] Safepoint synchronization initiated. (186 threads)
[2023-10-31T08:32:11.553+0000][298.849s][info ][safepoint     ] Application time: 1.0006000 seconds
[2023-10-31T08:32:11.553+0000][298.850s][info ][safepoint     ] Entering safepoint region: Cleanup
[2023-10-31T08:32:11.554+0000][298.851s][info ][safepoint     ] Leaving safepoint region
[2023-10-31T08:32:11.555+0000][298.851s][info ][safepoint     ] Total time for which application threads were stopped: 0.0013471 seconds, Stopping threads took: 0.0003932 seconds
[2023-10-31T08:32:12.555+0000][299.852s][debug][safepoint     ] Safepoint synchronization initiated. (186 threads)
[2023-10-31T08:32:12.556+0000][299.853s][info ][safepoint     ] Application time: 1.0009463 seconds
[2023-10-31T08:32:12.557+0000][299.853s][info ][safepoint     ] Entering safepoint region: Cleanup
[2023-10-31T08:32:12.558+0000][299.854s][info ][safepoint     ] Leaving safepoint region
[2023-10-31T08:32:12.558+0000][299.855s][info ][safepoint     ] Total time for which application threads were stopped: 0.0016362 seconds, Stopping threads took: 0.0007715 seconds
[2023-10-31T08:32:13.559+0000][300.856s][debug][safepoint     ] Safepoint synchronization initiated. (186 threads)
[2023-10-31T08:32:13.560+0000][300.857s][info ][safepoint     ] Application time: 1.0012479 seconds
[2023-10-31T08:32:13.561+0000][300.858s][info ][safepoint     ] Entering safepoint region: Cleanup
[2023-10-31T08:32:13.563+0000][300.859s][info ][safepoint     ] Leaving safepoint region
[2023-10-31T08:32:13.563+0000][300.860s][info ][safepoint     ] Total time for which application threads were stopped: 0.0019245 seconds, Stopping threads took: 0.0009948 seconds
[2023-10-31T08:32:14.565+0000][301.861s][debug][safepoint     ] Safepoint synchronization initiated. (186 threads)
[2023-10-31T08:32:14.565+0000][301.862s][info ][safepoint     ] Application time: 1.0011915 seconds
[2023-10-31T08:32:14.566+0000][301.863s][info ][safepoint     ] Entering safepoint region: Cleanup
[2023-10-31T08:32:14.567+0000][301.864s][info ][safepoint     ] Leaving safepoint region
[2023-10-31T08:32:14.568+0000][301.864s][info ][safepoint     ] Total time for which application threads were stopped: 0.0017088 seconds, Stopping threads took: 0.0007847 seconds
[2023-10-31T08:32:15.569+0000][302.865s][debug][safepoint     ] Safepoint synchronization initiated. (186 threads)
[2023-10-31T08:32:15.570+0000][302.866s][info ][safepoint     ] Application time: 1.0012778 seconds
[2023-10-31T08:32:15.571+0000][302.867s][info ][safepoint     ] Entering safepoint region: Cleanup
[2023-10-31T08:32:15.572+0000][302.868s][info ][safepoint     ] Leaving safepoint region
[2023-10-31T08:32:15.573+0000][302.869s][info ][safepoint     ] Total time for which application threads were stopped: 0.0019155 seconds, Stopping threads took: 0.0008280 seconds
[2023-10-31T08:32:16.574+0000][303.870s][debug][safepoint     ] Safepoint synchronization initiated. (186 threads)
[2023-10-31T08:32:16.575+0000][303.871s][info ][safepoint     ] Application time: 1.0013441 seconds
[2023-10-31T08:32:16.576+0000][303.872s][info ][safepoint     ] Entering safepoint region: Cleanup
[2023-10-31T08:32:16.577+0000][303.873s][info ][safepoint     ] Leaving safepoint region
[2023-10-31T08:32:16.578+0000][303.874s][info ][safepoint     ] Total time for which application threads were stopped: 0.0020384 seconds, Stopping threads took: 0.0009794 seconds
[2023-10-31T08:32:17.579+0000][304.875s][debug][safepoint     ] Safepoint synchronization initiated. (186 threads)
[2023-10-31T08:32:17.580+0000][304.877s][info ][safepoint     ] Application time: 1.0016949 seconds
[2023-10-31T08:32:17.581+0000][304.877s][info ][safepoint     ] Entering safepoint region: Cleanup
[2023-10-31T08:32:17.582+0000][304.879s][info ][safepoint     ] Leaving safepoint region
[2023-10-31T08:32:17.583+0000][304.880s][info ][safepoint     ] Total time for which application threads were stopped: 0.0022387 seconds, Stopping threads took: 0.0010355 seconds
[2023-10-31T08:32:18.584+0000][305.880s][debug][safepoint     ] Safepoint synchronization initiated. (186 threads)
[2023-10-31T08:32:18.584+0000][305.881s][info ][safepoint     ] Application time: 1.0006051 seconds
[2023-10-31T08:32:18.585+0000][305.881s][info ][safepoint     ] Entering safepoint region: Cleanup
[2023-10-31T08:32:18.585+0000][305.882s][info ][safepoint     ] Leaving safepoint region
[2023-10-31T08:32:18.586+0000][305.882s][info ][safepoint     ] Total time for which application threads were stopped: 0.0012020 seconds, Stopping threads took: 0.0004871 seconds
[2023-10-31T08:32:19.586+0000][306.883s][debug][safepoint     ] Safepoint synchronization initiated. (186 threads)
[2023-10-31T08:32:19.587+0000][306.884s][info ][safepoint     ] Application time: 1.0008366 seconds
[2023-10-31T08:32:19.588+0000][306.884s][info ][safepoint     ] Entering safepoint region: Cleanup
[2023-10-31T08:32:19.588+0000][306.885s][info ][safepoint     ] Leaving safepoint region
[2023-10-31T08:32:19.589+0000][306.885s][info ][safepoint     ] Total time for which application threads were stopped: 0.0013154 seconds, Stopping threads took: 0.0006300 seconds
[2023-10-31T08:32:20.590+0000][307.886s][debug][safepoint     ] Safepoint synchronization initiated. (186 threads)
[2023-10-31T08:32:20.591+0000][307.887s][info ][safepoint     ] Application time: 1.0014688 seconds
[2023-10-31T08:32:20.592+0000][307.888s][info ][safepoint     ] Entering safepoint region: Cleanup
[2023-10-31T08:32:20.593+0000][307.889s][info ][safepoint     ] Leaving safepoint region
[2023-10-31T08:32:20.594+0000][307.890s][info ][safepoint     ] Total time for which application threads were stopped: 0.0022041 seconds, Stopping threads took: 0.0010601 seconds
[2023-10-31T08:32:21.595+0000][308.891s][debug][safepoint     ] Safepoint synchronization initiated. (186 threads)
[2023-10-31T08:32:21.596+0000][308.893s][info ][safepoint     ] Application time: 1.0017347 seconds
[2023-10-31T08:32:21.597+0000][308.894s][info ][safepoint     ] Entering safepoint region: Cleanup
[2023-10-31T08:32:21.598+0000][308.894s][info ][safepoint     ] Leaving safepoint region
[2023-10-31T08:32:21.598+0000][308.895s][info ][safepoint     ] Total time for which application threads were stopped: 0.0011581 seconds, Stopping threads took: 0.0004693 seconds
[2023-10-31T08:32:22.599+0000][309.896s][debug][safepoint     ] Safepoint synchronization initiated. (186 threads)
[2023-10-31T08:32:22.600+0000][309.896s][info ][safepoint     ] Application time: 1.0009918 seconds
[2023-10-31T08:32:22.600+0000][309.897s][info ][safepoint     ] Entering safepoint region: Cleanup
[2023-10-31T08:32:22.601+0000][309.898s][info ][safepoint     ] Leaving safepoint region
[2023-10-31T08:32:22.602+0000][309.898s][info ][safepoint     ] Total time for which application threads were stopped: 0.0013605 seconds, Stopping threads took: 0.0006257 seconds
[2023-10-31T08:32:23.602+0000][310.899s][debug][safepoint     ] Safepoint synchronization initiated. (186 threads)
[2023-10-31T08:32:23.605+0000][310.901s][info ][safepoint     ] Application time: 1.0023492 seconds
[2023-10-31T08:32:23.605+0000][310.901s][info ][safepoint     ] Entering safepoint region: Cleanup
[2023-10-31T08:32:23.606+0000][310.902s][info ][safepoint     ] Leaving safepoint region
[2023-10-31T08:32:23.606+0000][310.903s][info ][safepoint     ] Total time for which application threads were stopped: 0.0010965 seconds, Stopping threads took: 0.0004691 seconds
[2023-10-31T08:32:24.607+0000][311.903s][debug][safepoint     ] Safepoint synchronization initiated. (186 threads)
[2023-10-31T08:32:24.607+0000][311.904s][info ][safepoint     ] Application time: 1.0010616 seconds
[2023-10-31T08:32:24.608+0000][311.905s][info ][safepoint     ] Entering safepoint region: Cleanup
[2023-10-31T08:32:24.609+0000][311.906s][info ][safepoint     ] Leaving safepoint region
[2023-10-31T08:32:24.610+0000][311.906s][info ][safepoint     ] Total time for which application threads were stopped: 0.0016049 seconds, Stopping threads took: 0.0007619 seconds
[2023-10-31T08:32:25.611+0000][312.907s][debug][safepoint     ] Safepoint synchronization initiated. (186 threads)
[2023-10-31T08:32:25.611+0000][312.908s][info ][safepoint     ] Application time: 1.0010472 seconds
[2023-10-31T08:32:25.612+0000][312.909s][info ][safepoint     ] Entering safepoint region: Cleanup
[2023-10-31T08:32:25.613+0000][312.910s][info ][safepoint     ] Leaving safepoint region
[2023-10-31T08:32:25.614+0000][312.910s][info ][safepoint     ] Total time for which application threads were stopped: 0.0017163 seconds, Stopping threads took: 0.0007211 seconds
[2023-10-31T08:32:26.614+0000][313.911s][debug][safepoint     ] Safepoint synchronization initiated. (186 threads)
[2023-10-31T08:32:26.615+0000][313.912s][info ][safepoint     ] Application time: 1.0006216 seconds
[2023-10-31T08:32:26.615+0000][313.912s][info ][safepoint     ] Entering safepoint region: Cleanup
[2023-10-31T08:32:26.616+0000][313.913s][info ][safepoint     ] Leaving safepoint region
[2023-10-31T08:32:26.616+0000][313.913s][info ][safepoint     ] Total time for which application threads were stopped: 0.0010761 seconds, Stopping threads took: 0.0003929 seconds
[2023-10-31T08:32:27.617+0000][314.914s][debug][safepoint     ] Safepoint synchronization initiated. (186 threads)
[2023-10-31T08:32:27.618+0000][314.914s][info ][safepoint     ] Application time: 1.0009545 seconds
[2023-10-31T08:32:27.618+0000][314.915s][info ][safepoint     ] Entering safepoint region: Cleanup
[2023-10-31T08:32:27.619+0000][314.916s][info ][safepoint     ] Leaving safepoint region
[2023-10-31T08:32:27.620+0000][314.916s][info ][safepoint     ] Total time for which application threads were stopped: 0.0015311 seconds, Stopping threads took: 0.0004948 seconds
[2023-10-31T08:32:28.621+0000][315.918s][debug][safepoint     ] Safepoint synchronization initiated. (186 threads)
[2023-10-31T08:32:28.622+0000][315.919s][info ][safepoint     ] Application time: 1.0015626 seconds
[2023-10-31T08:32:28.623+0000][315.920s][info ][safepoint     ] Entering safepoint region: Cleanup
[2023-10-31T08:32:28.625+0000][315.922s][info ][safepoint     ] Leaving safepoint region
[2023-10-31T08:32:28.626+0000][315.922s][info ][safepoint     ] Total time for which application threads were stopped: 0.0025597 seconds, Stopping threads took: 0.0011643 seconds
[2023-10-31T08:32:29.627+0000][316.924s][debug][safepoint     ] Safepoint synchronization initiated. (186 threads)
[2023-10-31T08:32:29.628+0000][316.925s][info ][safepoint     ] Application time: 1.0014604 seconds
[2023-10-31T08:32:29.629+0000][316.926s][info ][safepoint     ] Entering safepoint region: Cleanup
[2023-10-31T08:32:29.630+0000][316.927s][info ][safepoint     ] Leaving safepoint region
[2023-10-31T08:32:29.631+0000][316.928s][info ][safepoint     ] Total time for which application threads were stopped: 0.0020165 seconds, Stopping threads took: 0.0008949 seconds
[2023-10-31T08:32:30.632+0000][317.929s][debug][safepoint     ] Safepoint synchronization initiated. (186 threads)
[2023-10-31T08:32:30.633+0000][317.929s][info ][safepoint     ] Application time: 1.0008474 seconds
[2023-10-31T08:32:30.633+0000][317.930s][info ][safepoint     ] Entering safepoint region: Cleanup
[2023-10-31T08:32:30.634+0000][317.931s][info ][safepoint     ] Leaving safepoint region
[2023-10-31T08:32:30.635+0000][317.931s][info ][safepoint     ] Total time for which application threads were stopped: 0.0013470 seconds, Stopping threads took: 0.0005796 seconds
[2023-10-31T08:32:31.635+0000][318.932s][debug][safepoint     ] Safepoint synchronization initiated. (186 threads)
[2023-10-31T08:32:31.637+0000][318.933s][info ][safepoint     ] Application time: 1.0015607 seconds
[2023-10-31T08:32:31.638+0000][318.934s][info ][safepoint     ] Entering safepoint region: Cleanup
[2023-10-31T08:32:31.639+0000][318.936s][info ][safepoint     ] Leaving safepoint region
[2023-10-31T08:32:31.640+0000][318.936s][info ][safepoint     ] Total time for which application threads were stopped: 0.0021425 seconds, Stopping threads took: 0.0009689 seconds
[2023-10-31T08:32:32.641+0000][319.938s][debug][safepoint     ] Safepoint synchronization initiated. (186 threads)
[2023-10-31T08:32:32.642+0000][319.938s][info ][safepoint     ] Application time: 1.0008024 seconds
[2023-10-31T08:32:32.642+0000][319.939s][info ][safepoint     ] Entering safepoint region: Cleanup
[2023-10-31T08:32:32.643+0000][319.939s][info ][safepoint     ] Leaving safepoint region
[2023-10-31T08:32:32.643+0000][319.940s][info ][safepoint     ] Total time for which application threads were stopped: 0.0011746 seconds, Stopping threads took: 0.0005989 seconds
[2023-10-31T08:32:33.644+0000][320.940s][debug][safepoint     ] Safepoint synchronization initiated. (186 threads)
[2023-10-31T08:32:33.644+0000][320.941s][info ][safepoint     ] Application time: 1.0006292 seconds
[2023-10-31T08:32:33.645+0000][320.941s][info ][safepoint     ] Entering safepoint region: Cleanup
[2023-10-31T08:32:33.645+0000][320.942s][info ][safepoint     ] Leaving safepoint region
[2023-10-31T08:32:33.646+0000][320.942s][info ][safepoint     ] Total time for which application threads were stopped: 0.0010200 seconds, Stopping threads took: 0.0003841 seconds
[2023-10-31T08:32:34.646+0000][321.943s][debug][safepoint     ] Safepoint synchronization initiated. (186 threads)
[2023-10-31T08:32:34.647+0000][321.944s][info ][safepoint     ] Application time: 1.0009030 seconds
[2023-10-31T08:32:34.648+0000][321.944s][info ][safepoint     ] Entering safepoint region: Cleanup
[2023-10-31T08:32:34.649+0000][321.945s][info ][safepoint     ] Leaving safepoint region
[2023-10-31T08:32:34.649+0000][321.946s][info ][safepoint     ] Total time for which application threads were stopped: 0.0015588 seconds, Stopping threads took: 0.0006276 seconds
[2023-10-31T08:32:35.650+0000][322.947s][debug][safepoint     ] Safepoint synchronization initiated. (186 threads)
[2023-10-31T08:32:35.651+0000][322.948s][info ][safepoint     ] Application time: 1.0012138 seconds
[2023-10-31T08:32:35.652+0000][322.948s][info ][safepoint     ] Entering safepoint region: Cleanup
[2023-10-31T08:32:35.653+0000][322.950s][info ][safepoint     ] Leaving safepoint region
[2023-10-31T08:32:35.654+0000][322.950s][info ][safepoint     ] Total time for which application threads were stopped: 0.0017634 seconds, Stopping threads took: 0.0007941 seconds
[2023-10-31T08:32:36.654+0000][323.951s][debug][safepoint     ] Safepoint synchronization initiated. (186 threads)
[2023-10-31T08:32:36.655+0000][323.951s][info ][safepoint     ] Application time: 1.0006778 seconds
[2023-10-31T08:32:36.655+0000][323.952s][info ][safepoint     ] Entering safepoint region: Cleanup
[2023-10-31T08:32:36.656+0000][323.952s][info ][safepoint     ] Leaving safepoint region
[2023-10-31T08:32:36.656+0000][323.953s][info ][safepoint     ] Total time for which application threads were stopped: 0.0008200 seconds, Stopping threads took: 0.0003727 seconds
[2023-10-31T08:32:37.657+0000][324.953s][debug][safepoint     ] Safepoint synchronization initiated. (186 threads)
[2023-10-31T08:32:37.658+0000][324.954s][info ][safepoint     ] Application time: 1.0012616 seconds
[2023-10-31T08:32:37.659+0000][324.955s][info ][safepoint     ] Entering safepoint region: Cleanup
[2023-10-31T08:32:37.660+0000][324.956s][info ][safepoint     ] Leaving safepoint region
[2023-10-31T08:32:37.660+0000][324.957s][info ][safepoint     ] Total time for which application threads were stopped: 0.0017552 seconds, Stopping threads took: 0.0008715 seconds
[2023-10-31T08:32:38.661+0000][325.958s][debug][safepoint     ] Safepoint synchronization initiated. (186 threads)
[2023-10-31T08:32:38.663+0000][325.959s][info ][safepoint     ] Application time: 1.0017024 seconds
[2023-10-31T08:32:38.664+0000][325.960s][info ][safepoint     ] Entering safepoint region: Cleanup
[2023-10-31T08:32:38.665+0000][325.961s][info ][safepoint     ] Leaving safepoint region
[2023-10-31T08:32:38.665+0000][325.962s][info ][safepoint     ] Total time for which application threads were stopped: 0.0017420 seconds, Stopping threads took: 0.0007569 seconds
[2023-10-31T08:32:39.666+0000][326.963s][debug][safepoint     ] Safepoint synchronization initiated. (186 threads)
[2023-10-31T08:32:39.667+0000][326.964s][info ][safepoint     ] Application time: 1.0010641 seconds
[2023-10-31T08:32:39.668+0000][326.964s][info ][safepoint     ] Entering safepoint region: Cleanup
[2023-10-31T08:32:39.669+0000][326.965s][info ][safepoint     ] Leaving safepoint region
[2023-10-31T08:32:39.669+0000][326.966s][info ][safepoint     ] Total time for which application threads were stopped: 0.0012459 seconds, Stopping threads took: 0.0003990 seconds
[2023-10-31T08:32:40.670+0000][327.967s][debug][safepoint     ] Safepoint synchronization initiated. (186 threads)
[2023-10-31T08:32:40.672+0000][327.969s][info ][safepoint     ] Application time: 1.0025542 seconds
[2023-10-31T08:32:40.673+0000][327.970s][info ][safepoint     ] Entering safepoint region: Cleanup
[2023-10-31T08:32:40.674+0000][327.970s][info ][safepoint     ] Leaving safepoint region
[2023-10-31T08:32:40.674+0000][327.971s][info ][safepoint     ] Total time for which application threads were stopped: 0.0014457 seconds, Stopping threads took: 0.0006826 seconds
[2023-10-31T08:32:41.675+0000][328.972s][debug][safepoint     ] Safepoint synchronization initiated. (186 threads)
[2023-10-31T08:32:41.676+0000][328.972s][info ][safepoint     ] Application time: 1.0009693 seconds
[2023-10-31T08:32:41.676+0000][328.973s][info ][safepoint     ] Entering safepoint region: Cleanup
[2023-10-31T08:32:41.677+0000][328.974s][info ][safepoint     ] Leaving safepoint region
[2023-10-31T08:32:41.678+0000][328.974s][info ][safepoint     ] Total time for which application threads were stopped: 0.0012612 seconds, Stopping threads took: 0.0005620 seconds
[2023-10-31T08:32:42.679+0000][329.975s][debug][safepoint     ] Safepoint synchronization initiated. (186 threads)
[2023-10-31T08:32:42.680+0000][329.976s][info ][safepoint     ] Application time: 1.0016339 seconds
[2023-10-31T08:32:42.681+0000][329.977s][info ][safepoint     ] Entering safepoint region: Cleanup
[2023-10-31T08:32:42.681+0000][329.978s][info ][safepoint     ] Leaving safepoint region
[2023-10-31T08:32:42.682+0000][329.978s][info ][safepoint     ] Total time for which application threads were stopped: 0.0014417 seconds, Stopping threads took: 0.0006661 seconds
[2023-10-31T08:32:43.683+0000][330.979s][debug][safepoint     ] Safepoint synchronization initiated. (186 threads)
[2023-10-31T08:32:43.684+0000][330.980s][info ][safepoint     ] Application time: 1.0010040 seconds
[2023-10-31T08:32:43.684+0000][330.981s][info ][safepoint     ] Entering safepoint region: Cleanup
[2023-10-31T08:32:43.685+0000][330.982s][info ][safepoint     ] Leaving safepoint region
[2023-10-31T08:32:43.686+0000][330.982s][info ][safepoint     ] Total time for which application threads were stopped: 0.0012868 seconds, Stopping threads took: 0.0005872 seconds
[2023-10-31T08:32:44.686+0000][331.983s][debug][safepoint     ] Safepoint synchronization initiated. (185 threads)
[2023-10-31T08:32:44.687+0000][331.984s][info ][safepoint     ] Application time: 1.0014022 seconds
[2023-10-31T08:32:44.689+0000][331.985s][info ][safepoint     ] Entering safepoint region: Cleanup
[2023-10-31T08:32:44.690+0000][331.987s][info ][safepoint     ] Leaving safepoint region
[2023-10-31T08:32:44.691+0000][331.988s][info ][safepoint     ] Total time for which application threads were stopped: 0.0027484 seconds, Stopping threads took: 0.0010835 seconds
[2023-10-31T08:32:45.692+0000][332.989s][debug][safepoint     ] Safepoint synchronization initiated. (185 threads)
[2023-10-31T08:32:45.693+0000][332.990s][info ][safepoint     ] Application time: 1.0010960 seconds
[2023-10-31T08:32:45.694+0000][332.991s][info ][safepoint     ] Entering safepoint region: Cleanup
[2023-10-31T08:32:45.695+0000][332.991s][info ][safepoint     ] Leaving safepoint region
[2023-10-31T08:32:45.695+0000][332.992s][info ][safepoint     ] Total time for which application threads were stopped: 0.0013232 seconds, Stopping threads took: 0.0006117 seconds
[2023-10-31T08:32:45.695+0000][332.991s][debug][safepoint     ] ... found polling page return exception at pc = 0x00007f62e89d70c4, stub =0x00007f62e0840600
[2023-10-31T08:32:45.695+0000][332.991s][debug][safepoint     ] ... found polling page return exception at pc = 0x00007f62e89d70c4, stub =0x00007f62e0840600
[2023-10-31T08:32:45.695+0000][332.991s][debug][safepoint     ] ... found polling page return exception at pc = 0x00007f62e89d70c4, stub =0x00007f62e0840600
[2023-10-31T08:32:46.696+0000][333.993s][debug][safepoint     ] Safepoint synchronization initiated. (185 threads)
[2023-10-31T08:32:46.697+0000][333.994s][info ][safepoint     ] Application time: 1.0013430 seconds
[2023-10-31T08:32:46.698+0000][333.995s][info ][safepoint     ] Entering safepoint region: Cleanup
[2023-10-31T08:32:46.699+0000][333.996s][info ][safepoint     ] Leaving safepoint region
[2023-10-31T08:32:46.700+0000][333.997s][info ][safepoint     ] Total time for which application threads were stopped: 0.0020263 seconds, Stopping threads took: 0.0008710 seconds
[2023-10-31T08:32:47.701+0000][334.998s][debug][safepoint     ] Safepoint synchronization initiated. (185 threads)
[2023-10-31T08:32:47.702+0000][334.999s][info ][safepoint     ] Application time: 1.0013314 seconds
[2023-10-31T08:32:47.703+0000][334.999s][info ][safepoint     ] Entering safepoint region: Cleanup
[2023-10-31T08:32:47.704+0000][335.001s][info ][safepoint     ] Leaving safepoint region
[2023-10-31T08:32:47.705+0000][335.001s][info ][safepoint     ] Total time for which application threads were stopped: 0.0018372 seconds, Stopping threads took: 0.0008549 seconds
[2023-10-31T08:32:48.706+0000][336.002s][debug][safepoint     ] Safepoint synchronization initiated. (185 threads)
[2023-10-31T08:32:48.707+0000][336.003s][info ][safepoint     ] Application time: 1.0014678 seconds
[2023-10-31T08:32:48.708+0000][336.004s][info ][safepoint     ] Entering safepoint region: Cleanup
[2023-10-31T08:32:48.709+0000][336.005s][info ][safepoint     ] Leaving safepoint region
[2023-10-31T08:32:48.709+0000][336.006s][info ][safepoint     ] Total time for which application threads were stopped: 0.0016411 seconds, Stopping threads took: 0.0007480 seconds
[2023-10-31T08:32:49.710+0000][337.007s][debug][safepoint     ] Safepoint synchronization initiated. (185 threads)
[2023-10-31T08:32:49.711+0000][337.007s][info ][safepoint     ] Application time: 1.0009627 seconds
[2023-10-31T08:32:49.711+0000][337.008s][info ][safepoint     ] Entering safepoint region: Cleanup
[2023-10-31T08:32:49.712+0000][337.009s][info ][safepoint     ] Leaving safepoint region
[2023-10-31T08:32:49.712+0000][337.009s][info ][safepoint     ] Total time for which application threads were stopped: 0.0012043 seconds, Stopping threads took: 0.0005753 seconds
[2023-10-31T08:32:50.713+0000][338.010s][debug][safepoint     ] Safepoint synchronization initiated. (185 threads)
[2023-10-31T08:32:50.714+0000][338.011s][info ][safepoint     ] Application time: 1.0013129 seconds
[2023-10-31T08:32:50.716+0000][338.012s][info ][safepoint     ] Entering safepoint region: Cleanup
[2023-10-31T08:32:50.717+0000][338.014s][info ][safepoint     ] Leaving safepoint region
[2023-10-31T08:32:50.718+0000][338.015s][info ][safepoint     ] Total time for which application threads were stopped: 0.0024420 seconds, Stopping threads took: 0.0011268 seconds
[2023-10-31T08:32:51.719+0000][339.015s][debug][safepoint     ] Safepoint synchronization initiated. (185 threads)
[2023-10-31T08:32:51.720+0000][339.016s][info ][safepoint     ] Application time: 1.0008377 seconds
[2023-10-31T08:32:51.720+0000][339.017s][info ][safepoint     ] Entering safepoint region: Cleanup
[2023-10-31T08:32:51.721+0000][339.017s][info ][safepoint     ] Leaving safepoint region
[2023-10-31T08:32:51.721+0000][339.018s][info ][safepoint     ] Total time for which application threads were stopped: 0.0011821 seconds, Stopping threads took: 0.0005060 seconds
[2023-10-31T08:32:52.722+0000][340.019s][debug][safepoint     ] Safepoint synchronization initiated. (185 threads)
[2023-10-31T08:32:52.723+0000][340.020s][info ][safepoint     ] Application time: 1.0013935 seconds
[2023-10-31T08:32:52.725+0000][340.021s][info ][safepoint     ] Entering safepoint region: Cleanup
[2023-10-31T08:32:52.726+0000][340.023s][info ][safepoint     ] Leaving safepoint region
[2023-10-31T08:32:52.727+0000][340.024s][info ][safepoint     ] Total time for which application threads were stopped: 0.0025136 seconds, Stopping threads took: 0.0011750 seconds
[2023-10-31T08:32:53.728+0000][341.025s][debug][safepoint     ] Safepoint synchronization initiated. (185 threads)
[2023-10-31T08:32:53.729+0000][341.026s][info ][safepoint     ] Application time: 1.0009432 seconds
[2023-10-31T08:32:53.730+0000][341.026s][info ][safepoint     ] Entering safepoint region: Cleanup
[2023-10-31T08:32:53.730+0000][341.027s][info ][safepoint     ] Leaving safepoint region
[2023-10-31T08:32:53.731+0000][341.027s][info ][safepoint     ] Total time for which application threads were stopped: 0.0011975 seconds, Stopping threads took: 0.0005006 seconds
[2023-10-31T08:32:54.731+0000][342.028s][debug][safepoint     ] Safepoint synchronization initiated. (185 threads)
[2023-10-31T08:32:54.732+0000][342.029s][info ][safepoint     ] Application time: 1.0008856 seconds
[2023-10-31T08:32:54.733+0000][342.029s][info ][safepoint     ] Entering safepoint region: Cleanup
[2023-10-31T08:32:54.733+0000][342.030s][info ][safepoint     ] Leaving safepoint region
[2023-10-31T08:32:54.734+0000][342.030s][info ][safepoint     ] Total time for which application threads were stopped: 0.0010101 seconds, Stopping threads took: 0.0005009 seconds
[2023-10-31T08:32:55.734+0000][343.031s][debug][safepoint     ] Safepoint synchronization initiated. (185 threads)
[2023-10-31T08:32:55.735+0000][343.032s][info ][safepoint     ] Application time: 1.0010328 seconds
[2023-10-31T08:32:55.736+0000][343.032s][info ][safepoint     ] Entering safepoint region: Cleanup
[2023-10-31T08:32:55.737+0000][343.033s][info ][safepoint     ] Leaving safepoint region
[2023-10-31T08:32:55.737+0000][343.034s][info ][safepoint     ] Total time for which application threads were stopped: 0.0016512 seconds, Stopping threads took: 0.0007459 seconds
[2023-10-31T08:32:56.738+0000][344.035s][debug][safepoint     ] Safepoint synchronization initiated. (185 threads)
[2023-10-31T08:32:56.739+0000][344.036s][info ][safepoint     ] Application time: 1.0016606 seconds
[2023-10-31T08:32:56.741+0000][344.037s][info ][safepoint     ] Entering safepoint region: Cleanup
[2023-10-31T08:32:56.742+0000][344.038s][info ][safepoint     ] Leaving safepoint region
[2023-10-31T08:32:56.743+0000][344.039s][info ][safepoint     ] Total time for which application threads were stopped: 0.0020472 seconds, Stopping threads took: 0.0009817 seconds
[2023-10-31T08:32:56.742+0000][344.038s][debug][safepoint     ] ... found polling page return exception at pc = 0x00007f62e89d70c4, stub =0x00007f62e0840600
[2023-10-31T08:32:57.743+0000][345.040s][debug][safepoint     ] Safepoint synchronization initiated. (185 threads)
[2023-10-31T08:32:57.744+0000][345.041s][info ][safepoint     ] Application time: 1.0012842 seconds
[2023-10-31T08:32:57.746+0000][345.042s][info ][safepoint     ] Entering safepoint region: Cleanup
[2023-10-31T08:32:57.747+0000][345.043s][info ][safepoint     ] Leaving safepoint region
[2023-10-31T08:32:57.748+0000][345.044s][info ][safepoint     ] Total time for which application threads were stopped: 0.0021444 seconds, Stopping threads took: 0.0009539 seconds
[2023-10-31T08:32:58.749+0000][346.045s][debug][safepoint     ] Safepoint synchronization initiated. (185 threads)
[2023-10-31T08:32:58.749+0000][346.046s][info ][safepoint     ] Application time: 1.0006820 seconds
[2023-10-31T08:32:58.750+0000][346.046s][info ][safepoint     ] Entering safepoint region: Cleanup
[2023-10-31T08:32:58.750+0000][346.047s][info ][safepoint     ] Leaving safepoint region
[2023-10-31T08:32:58.750+0000][346.047s][info ][safepoint     ] Total time for which application threads were stopped: 0.0008809 seconds, Stopping threads took: 0.0004197 seconds
[2023-10-31T08:32:59.751+0000][347.047s][debug][safepoint     ] Safepoint synchronization initiated. (185 threads)
[2023-10-31T08:32:59.751+0000][347.048s][info ][safepoint     ] Application time: 1.0007781 seconds
[2023-10-31T08:32:59.752+0000][347.048s][info ][safepoint     ] Entering safepoint region: Cleanup
[2023-10-31T08:32:59.752+0000][347.049s][info ][safepoint     ] Leaving safepoint region
[2023-10-31T08:32:59.753+0000][347.049s][info ][safepoint     ] Total time for which application threads were stopped: 0.0009710 seconds, Stopping threads took: 0.0004873 seconds
[2023-10-31T08:33:00.754+0000][348.050s][debug][safepoint     ] Safepoint synchronization initiated. (185 threads)
[2023-10-31T08:33:00.755+0000][348.051s][info ][safepoint     ] Application time: 1.0015818 seconds
[2023-10-31T08:33:00.756+0000][348.052s][info ][safepoint     ] Entering safepoint region: Cleanup
[2023-10-31T08:33:00.757+0000][348.054s][info ][safepoint     ] Leaving safepoint region
[2023-10-31T08:33:00.758+0000][348.054s][info ][safepoint     ] Total time for which application threads were stopped: 0.0022144 seconds, Stopping threads took: 0.0010216 seconds
[2023-10-31T08:33:01.759+0000][349.056s][debug][safepoint     ] Safepoint synchronization initiated. (185 threads)
[2023-10-31T08:33:01.760+0000][349.057s][info ][safepoint     ] Application time: 1.0012986 seconds
[2023-10-31T08:33:01.761+0000][349.058s][info ][safepoint     ] Entering safepoint region: Cleanup
[2023-10-31T08:33:01.763+0000][349.059s][info ][safepoint     ] Leaving safepoint region
[2023-10-31T08:33:01.764+0000][349.060s][info ][safepoint     ] Total time for which application threads were stopped: 0.0023193 seconds, Stopping threads took: 0.0010027 seconds
[2023-10-31T08:33:02.765+0000][350.061s][debug][safepoint     ] Safepoint synchronization initiated. (185 threads)
[2023-10-31T08:33:02.766+0000][350.062s][info ][safepoint     ] Application time: 1.0015764 seconds
[2023-10-31T08:33:02.767+0000][350.064s][info ][safepoint     ] Entering safepoint region: Cleanup
[2023-10-31T08:33:02.768+0000][350.065s][info ][safepoint     ] Leaving safepoint region
[2023-10-31T08:33:02.769+0000][350.066s][info ][safepoint     ] Total time for which application threads were stopped: 0.0022905 seconds, Stopping threads took: 0.0010885 seconds
[2023-10-31T08:33:03.770+0000][351.067s][debug][safepoint     ] Safepoint synchronization initiated. (185 threads)
[2023-10-31T08:33:03.771+0000][351.068s][info ][safepoint     ] Application time: 1.0009880 seconds
[2023-10-31T08:33:03.772+0000][351.068s][info ][safepoint     ] Entering safepoint region: Cleanup
[2023-10-31T08:33:03.773+0000][351.069s][info ][safepoint     ] Leaving safepoint region
[2023-10-31T08:33:03.774+0000][351.070s][info ][safepoint     ] Total time for which application threads were stopped: 0.0016655 seconds, Stopping threads took: 0.0006757 seconds
[2023-10-31T08:33:04.774+0000][352.071s][debug][safepoint     ] Safepoint synchronization initiated. (185 threads)
[2023-10-31T08:33:04.775+0000][352.072s][info ][safepoint     ] Application time: 1.0009395 seconds
[2023-10-31T08:33:04.776+0000][352.072s][info ][safepoint     ] Entering safepoint region: Cleanup
[2023-10-31T08:33:04.776+0000][352.073s][info ][safepoint     ] Leaving safepoint region
[2023-10-31T08:33:04.777+0000][352.073s][info ][safepoint     ] Total time for which application threads were stopped: 0.0013280 seconds, Stopping threads took: 0.0006002 seconds
[2023-10-31T08:33:05.778+0000][353.074s][debug][safepoint     ] Safepoint synchronization initiated. (185 threads)
[2023-10-31T08:33:05.779+0000][353.075s][info ][safepoint     ] Application time: 1.0011209 seconds
[2023-10-31T08:33:05.779+0000][353.076s][info ][safepoint     ] Entering safepoint region: Cleanup
[2023-10-31T08:33:05.781+0000][353.077s][info ][safepoint     ] Leaving safepoint region
[2023-10-31T08:33:05.781+0000][353.078s][info ][safepoint     ] Total time for which application threads were stopped: 0.0019086 seconds, Stopping threads took: 0.0007827 seconds
[2023-10-31T08:33:06.782+0000][354.079s][debug][safepoint     ] Safepoint synchronization initiated. (185 threads)
[2023-10-31T08:33:06.784+0000][354.080s][info ][safepoint     ] Application time: 1.0017139 seconds
[2023-10-31T08:33:06.785+0000][354.081s][info ][safepoint     ] Entering safepoint region: Cleanup
[2023-10-31T08:33:06.786+0000][354.083s][info ][safepoint     ] Leaving safepoint region
[2023-10-31T08:33:06.787+0000][354.084s][info ][safepoint     ] Total time for which application threads were stopped: 0.0024175 seconds, Stopping threads took: 0.0010439 seconds
[2023-10-31T08:33:07.788+0000][355.085s][debug][safepoint     ] Safepoint synchronization initiated. (185 threads)
[2023-10-31T08:33:07.789+0000][355.086s][info ][safepoint     ] Application time: 1.0013718 seconds
[2023-10-31T08:33:07.790+0000][355.087s][debug][safepoint     ] ... found polling page return exception at pc = 0x00007f62e83c711e, stub =0x00007f62e0840600
[2023-10-31T08:33:07.790+0000][355.087s][debug][safepoint     ] ... found polling page return exception at pc = 0x00007f62e840b344, stub =0x00007f62e0840600
[2023-10-31T08:33:07.792+0000][355.088s][debug][safepoint     ] Waiting for 2 thread(s) to block
[2023-10-31T08:33:07.793+0000][355.089s][info ][safepoint     ] Entering safepoint region: Cleanup
[2023-10-31T08:33:07.794+0000][355.090s][info ][safepoint     ] Leaving safepoint region
[2023-10-31T08:33:07.794+0000][355.091s][info ][safepoint     ] Total time for which application threads were stopped: 0.0038241 seconds, Stopping threads took: 0.0030936 seconds
[2023-10-31T08:33:08.795+0000][356.091s][debug][safepoint     ] Safepoint synchronization initiated. (185 threads)
[2023-10-31T08:33:08.796+0000][356.092s][info ][safepoint     ] Application time: 1.0013375 seconds
[2023-10-31T08:33:08.797+0000][356.093s][info ][safepoint     ] Entering safepoint region: Cleanup
[2023-10-31T08:33:08.798+0000][356.095s][info ][safepoint     ] Leaving safepoint region
[2023-10-31T08:33:08.799+0000][356.096s][info ][safepoint     ] Total time for which application threads were stopped: 0.0022915 seconds, Stopping threads took: 0.0010090 seconds
[2023-10-31T08:33:09.800+0000][357.097s][debug][safepoint     ] Safepoint synchronization initiated. (185 threads)
[2023-10-31T08:33:09.802+0000][357.098s][info ][safepoint     ] Application time: 1.0016362 seconds
[2023-10-31T08:33:09.803+0000][357.099s][info ][safepoint     ] Entering safepoint region: Cleanup
[2023-10-31T08:33:09.804+0000][357.101s][info ][safepoint     ] Leaving safepoint region
[2023-10-31T08:33:09.805+0000][357.102s][info ][safepoint     ] Total time for which application threads were stopped: 0.0024569 seconds, Stopping threads took: 0.0010905 seconds
[2023-10-31T08:33:10.806+0000][358.103s][debug][safepoint     ] Safepoint synchronization initiated. (185 threads)
[2023-10-31T08:33:10.807+0000][358.103s][info ][safepoint     ] Application time: 1.0006237 seconds
[2023-10-31T08:33:10.807+0000][358.103s][info ][safepoint     ] Entering safepoint region: Cleanup
[2023-10-31T08:33:10.808+0000][358.104s][info ][safepoint     ] Leaving safepoint region
[2023-10-31T08:33:10.808+0000][358.104s][info ][safepoint     ] Total time for which application threads were stopped: 0.0009956 seconds, Stopping threads took: 0.0004346 seconds
[2023-10-31T08:33:11.809+0000][359.105s][debug][safepoint     ] Safepoint synchronization initiated. (185 threads)
[2023-10-31T08:33:11.809+0000][359.106s][info ][safepoint     ] Application time: 1.0007809 seconds
[2023-10-31T08:33:11.810+0000][359.106s][info ][safepoint     ] Entering safepoint region: Cleanup
[2023-10-31T08:33:11.810+0000][359.107s][info ][safepoint     ] Leaving safepoint region
[2023-10-31T08:33:11.811+0000][359.107s][info ][safepoint     ] Total time for which application threads were stopped: 0.0013509 seconds, Stopping threads took: 0.0005486 seconds
[2023-10-31T08:33:12.812+0000][360.108s][debug][safepoint     ] Safepoint synchronization initiated. (185 threads)
[2023-10-31T08:33:12.813+0000][360.109s][info ][safepoint     ] Application time: 1.0011863 seconds
[2023-10-31T08:33:12.813+0000][360.110s][info ][safepoint     ] Entering safepoint region: Cleanup
[2023-10-31T08:33:12.814+0000][360.110s][info ][safepoint     ] Leaving safepoint region
[2023-10-31T08:33:12.814+0000][360.111s][info ][safepoint     ] Total time for which application threads were stopped: 0.0010640 seconds, Stopping threads took: 0.0005081 seconds
[2023-10-31T08:33:13.815+0000][361.111s][debug][safepoint     ] Safepoint synchronization initiated. (184 threads)
[2023-10-31T08:33:13.816+0000][361.112s][info ][safepoint     ] Application time: 1.0012989 seconds
[2023-10-31T08:33:13.817+0000][361.113s][info ][safepoint     ] Entering safepoint region: Cleanup
[2023-10-31T08:33:13.818+0000][361.115s][info ][safepoint     ] Leaving safepoint region
[2023-10-31T08:33:13.819+0000][361.116s][info ][safepoint     ] Total time for which application threads were stopped: 0.0022360 seconds, Stopping threads took: 0.0009816 seconds
[2023-10-31T08:33:14.820+0000][362.117s][debug][safepoint     ] Safepoint synchronization initiated. (184 threads)
[2023-10-31T08:33:14.821+0000][362.117s][info ][safepoint     ] Application time: 1.0011001 seconds
[2023-10-31T08:33:14.822+0000][362.118s][debug][safepoint     ] ... found polling page return exception at pc = 0x00007f62e928ac9c, stub =0x00007f62e0840600
[2023-10-31T08:33:14.822+0000][362.118s][debug][safepoint     ] ... found polling page return exception at pc = 0x00007f62e92a6e9c, stub =0x00007f62e0840600
[2023-10-31T08:33:14.823+0000][362.119s][debug][safepoint     ] Waiting for 3 thread(s) to block
[2023-10-31T08:33:14.824+0000][362.121s][info ][safepoint     ] Entering safepoint region: Cleanup
[2023-10-31T08:33:14.825+0000][362.122s][info ][safepoint     ] Leaving safepoint region
[2023-10-31T08:33:14.826+0000][362.122s][info ][safepoint     ] Total time for which application threads were stopped: 0.0037865 seconds, Stopping threads took: 0.0030495 seconds
[2023-10-31T08:33:15.826+0000][363.123s][debug][safepoint     ] Safepoint synchronization initiated. (184 threads)
[2023-10-31T08:33:15.827+0000][363.124s][info ][safepoint     ] Application time: 1.0012995 seconds
[2023-10-31T08:33:15.828+0000][363.125s][info ][safepoint     ] Entering safepoint region: Cleanup
[2023-10-31T08:33:15.829+0000][363.126s][info ][safepoint     ] Leaving safepoint region
[2023-10-31T08:33:15.830+0000][363.126s][info ][safepoint     ] Total time for which application threads were stopped: 0.0018269 seconds, Stopping threads took: 0.0007296 seconds
[2023-10-31T08:33:15.829+0000][363.126s][debug][safepoint     ] ... found polling page return exception at pc = 0x00007f62e89d70c4, stub =0x00007f62e0840600
[2023-10-31T08:33:15.829+0000][363.126s][debug][safepoint     ] ... found polling page return exception at pc = 0x00007f62e89d70c4, stub =0x00007f62e0840600
[2023-10-31T08:33:15.829+0000][363.126s][debug][safepoint     ] ... found polling page return exception at pc = 0x00007f62e89d70c4, stub =0x00007f62e0840600
[2023-10-31T08:33:15.829+0000][363.126s][debug][safepoint     ] ... found polling page return exception at pc = 0x00007f62e89d70c4, stub =0x00007f62e0840600
[2023-10-31T08:33:16.831+0000][364.127s][debug][safepoint     ] Safepoint synchronization initiated. (184 threads)
[2023-10-31T08:33:16.831+0000][364.128s][info ][safepoint     ] Application time: 1.0006867 seconds
[2023-10-31T08:33:16.832+0000][364.128s][info ][safepoint     ] Entering safepoint region: Cleanup
[2023-10-31T08:33:16.832+0000][364.129s][info ][safepoint     ] Leaving safepoint region
[2023-10-31T08:33:16.833+0000][364.129s][info ][safepoint     ] Total time for which application threads were stopped: 0.0009815 seconds, Stopping threads took: 0.0003836 seconds
[2023-10-31T08:33:17.833+0000][365.130s][debug][safepoint     ] Safepoint synchronization initiated. (184 threads)
[2023-10-31T08:33:17.834+0000][365.130s][info ][safepoint     ] Application time: 1.0008257 seconds
[2023-10-31T08:33:17.835+0000][365.131s][info ][safepoint     ] Entering safepoint region: Cleanup
[2023-10-31T08:33:17.835+0000][365.132s][info ][safepoint     ] Leaving safepoint region
[2023-10-31T08:33:17.836+0000][365.132s][info ][safepoint     ] Total time for which application threads were stopped: 0.0011327 seconds, Stopping threads took: 0.0004648 seconds
[2023-10-31T08:33:18.836+0000][366.133s][debug][safepoint     ] Safepoint synchronization initiated. (184 threads)
[2023-10-31T08:33:18.837+0000][366.134s][info ][safepoint     ] Application time: 1.0009373 seconds
[2023-10-31T08:33:18.838+0000][366.134s][info ][safepoint     ] Entering safepoint region: Cleanup
[2023-10-31T08:33:18.838+0000][366.135s][info ][safepoint     ] Leaving safepoint region
[2023-10-31T08:33:18.839+0000][366.135s][info ][safepoint     ] Total time for which application threads were stopped: 0.0011449 seconds, Stopping threads took: 0.0005025 seconds
[2023-10-31T08:33:19.839+0000][367.136s][debug][safepoint     ] Safepoint synchronization initiated. (184 threads)
[2023-10-31T08:33:19.840+0000][367.137s][info ][safepoint     ] Application time: 1.0014437 seconds
[2023-10-31T08:33:19.841+0000][367.138s][info ][safepoint     ] Entering safepoint region: Cleanup
[2023-10-31T08:33:19.842+0000][367.139s][info ][safepoint     ] Leaving safepoint region
[2023-10-31T08:33:19.843+0000][367.139s][info ][safepoint     ] Total time for which application threads were stopped: 0.0014419 seconds, Stopping threads took: 0.0006717 seconds
[2023-10-31T08:33:20.843+0000][368.140s][debug][safepoint     ] Safepoint synchronization initiated. (184 threads)
[2023-10-31T08:33:20.844+0000][368.140s][info ][safepoint     ] Application time: 1.0005805 seconds
[2023-10-31T08:33:20.844+0000][368.141s][info ][safepoint     ] Entering safepoint region: Cleanup
[2023-10-31T08:33:20.845+0000][368.141s][info ][safepoint     ] Leaving safepoint region
[2023-10-31T08:33:20.845+0000][368.141s][info ][safepoint     ] Total time for which application threads were stopped: 0.0007558 seconds, Stopping threads took: 0.0003146 seconds
[2023-10-31T08:33:21.845+0000][369.142s][debug][safepoint     ] Safepoint synchronization initiated. (184 threads)
[2023-10-31T08:33:21.846+0000][369.143s][info ][safepoint     ] Application time: 1.0008546 seconds
[2023-10-31T08:33:21.847+0000][369.143s][info ][safepoint     ] Entering safepoint region: Cleanup
[2023-10-31T08:33:21.847+0000][369.144s][info ][safepoint     ] Leaving safepoint region
[2023-10-31T08:33:21.848+0000][369.145s][info ][safepoint     ] Total time for which application threads were stopped: 0.0017466 seconds, Stopping threads took: 0.0004384 seconds
[2023-10-31T08:33:22.850+0000][370.146s][debug][safepoint     ] Safepoint synchronization initiated. (184 threads)
[2023-10-31T08:33:22.850+0000][370.146s][info ][safepoint     ] Application time: 1.0006902 seconds
[2023-10-31T08:33:22.850+0000][370.147s][info ][safepoint     ] Entering safepoint region: Cleanup
[2023-10-31T08:33:22.851+0000][370.147s][info ][safepoint     ] Leaving safepoint region
[2023-10-31T08:33:22.851+0000][370.148s][info ][safepoint     ] Total time for which application threads were stopped: 0.0009212 seconds, Stopping threads took: 0.0004017 seconds
[2023-10-31T08:33:23.852+0000][371.148s][debug][safepoint     ] Safepoint synchronization initiated. (184 threads)
[2023-10-31T08:33:23.853+0000][371.149s][info ][safepoint     ] Application time: 1.0009965 seconds
[2023-10-31T08:33:23.853+0000][371.150s][info ][safepoint     ] Entering safepoint region: Cleanup
[2023-10-31T08:33:23.854+0000][371.150s][info ][safepoint     ] Leaving safepoint region
[2023-10-31T08:33:23.854+0000][371.151s][info ][safepoint     ] Total time for which application threads were stopped: 0.0013313 seconds, Stopping threads took: 0.0005333 seconds
[2023-10-31T08:33:24.855+0000][372.151s][debug][safepoint     ] Safepoint synchronization initiated. (184 threads)
[2023-10-31T08:33:24.855+0000][372.152s][info ][safepoint     ] Application time: 1.0005819 seconds
[2023-10-31T08:33:24.857+0000][372.153s][info ][safepoint     ] Entering safepoint region: Cleanup
[2023-10-31T08:33:24.858+0000][372.155s][info ][safepoint     ] Leaving safepoint region
[2023-10-31T08:33:24.859+0000][372.156s][info ][safepoint     ] Total time for which application threads were stopped: 0.0028746 seconds, Stopping threads took: 0.0009895 seconds
[2023-10-31T08:33:25.860+0000][373.157s][debug][safepoint     ] Safepoint synchronization initiated. (184 threads)
[2023-10-31T08:33:25.861+0000][373.158s][info ][safepoint     ] Application time: 1.0009014 seconds
[2023-10-31T08:33:25.862+0000][373.158s][info ][safepoint     ] Entering safepoint region: Cleanup
[2023-10-31T08:33:25.862+0000][373.159s][info ][safepoint     ] Leaving safepoint region
[2023-10-31T08:33:25.863+0000][373.159s][info ][safepoint     ] Total time for which application threads were stopped: 0.0012194 seconds, Stopping threads took: 0.0005816 seconds
[2023-10-31T08:33:26.863+0000][374.160s][debug][safepoint     ] Safepoint synchronization initiated. (184 threads)
[2023-10-31T08:33:26.864+0000][374.161s][info ][safepoint     ] Application time: 1.0008756 seconds
[2023-10-31T08:33:26.865+0000][374.161s][info ][safepoint     ] Entering safepoint region: Cleanup
[2023-10-31T08:33:26.865+0000][374.162s][info ][safepoint     ] Leaving safepoint region
[2023-10-31T08:33:26.866+0000][374.162s][info ][safepoint     ] Total time for which application threads were stopped: 0.0013352 seconds, Stopping threads took: 0.0006405 seconds
[2023-10-31T08:33:27.867+0000][375.163s][debug][safepoint     ] Safepoint synchronization initiated. (184 threads)
[2023-10-31T08:33:27.868+0000][375.164s][info ][safepoint     ] Application time: 1.0012178 seconds
[2023-10-31T08:33:27.869+0000][375.165s][info ][safepoint     ] Entering safepoint region: Cleanup
[2023-10-31T08:33:27.870+0000][375.166s][info ][safepoint     ] Leaving safepoint region
[2023-10-31T08:33:27.871+0000][375.167s][info ][safepoint     ] Total time for which application threads were stopped: 0.0018441 seconds, Stopping threads took: 0.0008999 seconds
[2023-10-31T08:33:28.871+0000][376.168s][debug][safepoint     ] Safepoint synchronization initiated. (184 threads)
[2023-10-31T08:33:28.872+0000][376.169s][info ][safepoint     ] Application time: 1.0009289 seconds
[2023-10-31T08:33:28.873+0000][376.169s][info ][safepoint     ] Entering safepoint region: Cleanup
[2023-10-31T08:33:28.874+0000][376.170s][info ][safepoint     ] Leaving safepoint region
[2023-10-31T08:33:28.874+0000][376.170s][info ][safepoint     ] Total time for which application threads were stopped: 0.0012176 seconds, Stopping threads took: 0.0005665 seconds
[2023-10-31T08:33:29.875+0000][377.171s][debug][safepoint     ] Safepoint synchronization initiated. (184 threads)
[2023-10-31T08:33:29.876+0000][377.172s][info ][safepoint     ] Application time: 1.0014523 seconds
[2023-10-31T08:33:29.877+0000][377.173s][info ][safepoint     ] Entering safepoint region: Cleanup
[2023-10-31T08:33:29.878+0000][377.175s][info ][safepoint     ] Leaving safepoint region
[2023-10-31T08:33:29.879+0000][377.176s][info ][safepoint     ] Total time for which application threads were stopped: 0.0025149 seconds, Stopping threads took: 0.0010690 seconds
[2023-10-31T08:33:30.881+0000][378.177s][debug][safepoint     ] Safepoint synchronization initiated. (184 threads)
[2023-10-31T08:33:30.882+0000][378.178s][info ][safepoint     ] Application time: 1.0017791 seconds
[2023-10-31T08:33:30.883+0000][378.180s][info ][safepoint     ] Entering safepoint region: Cleanup
[2023-10-31T08:33:30.885+0000][378.181s][info ][safepoint     ] Leaving safepoint region
[2023-10-31T08:33:30.885+0000][378.182s][info ][safepoint     ] Total time for which application threads were stopped: 0.0022641 seconds, Stopping threads took: 0.0010543 seconds
[2023-10-31T08:33:31.886+0000][379.183s][debug][safepoint     ] Safepoint synchronization initiated. (184 threads)
[2023-10-31T08:33:31.887+0000][379.183s][info ][safepoint     ] Application time: 1.0010992 seconds
[2023-10-31T08:33:31.888+0000][379.184s][info ][safepoint     ] Entering safepoint region: Cleanup
[2023-10-31T08:33:31.889+0000][379.185s][info ][safepoint     ] Leaving safepoint region
[2023-10-31T08:33:31.890+0000][379.186s][info ][safepoint     ] Total time for which application threads were stopped: 0.0019519 seconds, Stopping threads took: 0.0008669 seconds
[2023-10-31T08:33:32.891+0000][380.187s][debug][safepoint     ] Safepoint synchronization initiated. (184 threads)
[2023-10-31T08:33:32.891+0000][380.188s][info ][safepoint     ] Application time: 1.0007470 seconds
[2023-10-31T08:33:32.892+0000][380.188s][info ][safepoint     ] Entering safepoint region: Cleanup
[2023-10-31T08:33:32.892+0000][380.188s][info ][safepoint     ] Leaving safepoint region
[2023-10-31T08:33:32.892+0000][380.189s][info ][safepoint     ] Total time for which application threads were stopped: 0.0007342 seconds, Stopping threads took: 0.0003083 seconds
[2023-10-31T08:33:33.893+0000][381.189s][debug][safepoint     ] Safepoint synchronization initiated. (184 threads)
[2023-10-31T08:33:33.893+0000][381.190s][info ][safepoint     ] Application time: 1.0007581 seconds
[2023-10-31T08:33:33.894+0000][381.190s][info ][safepoint     ] Entering safepoint region: Cleanup
[2023-10-31T08:33:33.894+0000][381.191s][info ][safepoint     ] Leaving safepoint region
[2023-10-31T08:33:33.894+0000][381.191s][info ][safepoint     ] Total time for which application threads were stopped: 0.0008558 seconds, Stopping threads took: 0.0003439 seconds
[2023-10-31T08:33:34.895+0000][382.192s][debug][safepoint     ] Safepoint synchronization initiated. (184 threads)
[2023-10-31T08:33:34.896+0000][382.192s][info ][safepoint     ] Application time: 1.0011756 seconds
[2023-10-31T08:33:34.897+0000][382.193s][info ][safepoint     ] Entering safepoint region: Cleanup
[2023-10-31T08:33:34.898+0000][382.194s][info ][safepoint     ] Leaving safepoint region
[2023-10-31T08:33:34.898+0000][382.195s][info ][safepoint     ] Total time for which application threads were stopped: 0.0016591 seconds, Stopping threads took: 0.0007900 seconds
[2023-10-31T08:33:35.899+0000][383.196s][debug][safepoint     ] Safepoint synchronization initiated. (184 threads)
[2023-10-31T08:33:35.900+0000][383.197s][info ][safepoint     ] Application time: 1.0012692 seconds
[2023-10-31T08:33:35.901+0000][383.198s][info ][safepoint     ] Entering safepoint region: Cleanup
[2023-10-31T08:33:35.902+0000][383.199s][info ][safepoint     ] Leaving safepoint region
[2023-10-31T08:33:35.903+0000][383.200s][info ][safepoint     ] Total time for which application threads were stopped: 0.0018964 seconds, Stopping threads took: 0.0007588 seconds
[2023-10-31T08:33:36.904+0000][384.201s][debug][safepoint     ] Safepoint synchronization initiated. (182 threads)
[2023-10-31T08:33:36.905+0000][384.201s][info ][safepoint     ] Application time: 1.0006909 seconds
[2023-10-31T08:33:36.905+0000][384.202s][info ][safepoint     ] Entering safepoint region: Cleanup
[2023-10-31T08:33:36.906+0000][384.202s][info ][safepoint     ] Leaving safepoint region
[2023-10-31T08:33:36.906+0000][384.202s][info ][safepoint     ] Total time for which application threads were stopped: 0.0009818 seconds, Stopping threads took: 0.0004637 seconds
[2023-10-31T08:33:37.907+0000][385.203s][debug][safepoint     ] Safepoint synchronization initiated. (182 threads)
[2023-10-31T08:33:37.907+0000][385.203s][info ][safepoint     ] Application time: 1.0005718 seconds
[2023-10-31T08:33:37.907+0000][385.204s][info ][safepoint     ] Entering safepoint region: Cleanup
[2023-10-31T08:33:37.908+0000][385.204s][info ][safepoint     ] Leaving safepoint region
[2023-10-31T08:33:37.908+0000][385.205s][info ][safepoint     ] Total time for which application threads were stopped: 0.0009518 seconds, Stopping threads took: 0.0003659 seconds
[2023-10-31T08:33:38.909+0000][386.205s][debug][safepoint     ] Safepoint synchronization initiated. (182 threads)
[2023-10-31T08:33:38.910+0000][386.206s][info ][safepoint     ] Application time: 1.0012700 seconds
[2023-10-31T08:33:38.911+0000][386.207s][info ][safepoint     ] Entering safepoint region: Cleanup
[2023-10-31T08:33:38.912+0000][386.209s][info ][safepoint     ] Leaving safepoint region
[2023-10-31T08:33:38.913+0000][386.210s][info ][safepoint     ] Total time for which application threads were stopped: 0.0023094 seconds, Stopping threads took: 0.0009730 seconds
[2023-10-31T08:33:39.914+0000][387.211s][debug][safepoint     ] Safepoint synchronization initiated. (183 threads)
[2023-10-31T08:33:39.916+0000][387.212s][info ][safepoint     ] Application time: 1.0015255 seconds
[2023-10-31T08:33:39.916+0000][387.213s][info ][safepoint     ] Entering safepoint region: Cleanup
[2023-10-31T08:33:39.918+0000][387.215s][info ][safepoint     ] Leaving safepoint region
[2023-10-31T08:33:39.919+0000][387.216s][info ][safepoint     ] Total time for which application threads were stopped: 0.0027235 seconds, Stopping threads took: 0.0011713 seconds
[2023-10-31T08:33:40.920+0000][388.217s][debug][safepoint     ] Safepoint synchronization initiated. (183 threads)
[2023-10-31T08:33:40.921+0000][388.217s][info ][safepoint     ] Application time: 1.0008299 seconds
[2023-10-31T08:33:40.921+0000][388.218s][info ][safepoint     ] Entering safepoint region: Cleanup
[2023-10-31T08:33:40.922+0000][388.218s][info ][safepoint     ] Leaving safepoint region
[2023-10-31T08:33:40.922+0000][388.219s][info ][safepoint     ] Total time for which application threads were stopped: 0.0010558 seconds, Stopping threads took: 0.0004699 seconds
[2023-10-31T08:33:40.922+0000][388.218s][debug][safepoint     ] ... found polling page return exception at pc = 0x00007f62e89d70c4, stub =0x00007f62e0840600
[2023-10-31T08:33:41.923+0000][389.219s][debug][safepoint     ] Safepoint synchronization initiated. (183 threads)
[2023-10-31T08:33:41.923+0000][389.220s][info ][safepoint     ] Application time: 1.0006236 seconds
[2023-10-31T08:33:41.924+0000][389.220s][info ][safepoint     ] Entering safepoint region: Cleanup
[2023-10-31T08:33:41.924+0000][389.221s][info ][safepoint     ] Leaving safepoint region
[2023-10-31T08:33:41.925+0000][389.221s][info ][safepoint     ] Total time for which application threads were stopped: 0.0011053 seconds, Stopping threads took: 0.0004240 seconds
[2023-10-31T08:33:42.363+0000][389.659s][debug][safepoint     ] Safepoint synchronization initiated. (183 threads)
[2023-10-31T08:33:42.364+0000][389.660s][info ][safepoint     ] Application time: 0.4383299 seconds
[2023-10-31T08:33:42.365+0000][389.661s][info ][safepoint     ] Entering safepoint region: G1CollectForAllocation
[2023-10-31T08:33:42.366+0000][389.662s][info ][gc,start      ] GC(59) Pause Young (Normal) (G1 Evacuation Pause)
[2023-10-31T08:33:42.366+0000][389.662s][info ][gc,task       ] GC(59) Using 8 workers of 8 for evacuation
[2023-10-31T08:33:42.382+0000][389.678s][info ][gc,phases     ] GC(59)   Pre Evacuate Collection Set: 0.1ms
[2023-10-31T08:33:42.383+0000][389.679s][info ][gc,phases     ] GC(59)   Evacuate Collection Set: 11.4ms
[2023-10-31T08:33:42.383+0000][389.680s][info ][gc,phases     ] GC(59)   Post Evacuate Collection Set: 3.7ms
[2023-10-31T08:33:42.384+0000][389.680s][info ][gc,phases     ] GC(59)   Other: 1.3ms
[2023-10-31T08:33:42.384+0000][389.681s][info ][gc,heap       ] GC(59) Eden regions: 234->0(232)
[2023-10-31T08:33:42.385+0000][389.681s][info ][gc,heap       ] GC(59) Survivor regions: 22->18(32)
[2023-10-31T08:33:42.385+0000][389.682s][info ][gc,heap       ] GC(59) Old regions: 140->145
[2023-10-31T08:33:42.386+0000][389.682s][info ][gc,heap       ] GC(59) Humongous regions: 10->10
[2023-10-31T08:33:42.386+0000][389.683s][info ][gc,metaspace  ] GC(59) Metaspace: 168626K(174288K)->168626K(174288K) NonClass: 149033K(152528K)->149033K(152528K) Class: 19592K(21760K)->19592K(21760K)
[2023-10-31T08:33:42.387+0000][389.683s][info ][gc            ] GC(59) Pause Young (Normal) (G1 Evacuation Pause) 403M->171M(470M) 21.411ms
[2023-10-31T08:33:42.387+0000][389.684s][info ][gc,cpu        ] GC(59) User=0.10s Sys=0.00s Real=0.02s
[2023-10-31T08:33:42.388+0000][389.684s][info ][safepoint     ] Leaving safepoint region
[2023-10-31T08:33:42.388+0000][389.685s][info ][safepoint     ] Total time for which application threads were stopped: 0.0239180 seconds, Stopping threads took: 0.0008006 seconds
[2023-10-31T08:33:42.389+0000][389.685s][info ][gc,stringdedup] Concurrent String Deduplication (389.685s)
[2023-10-31T08:33:42.395+0000][389.691s][info ][gc,stringdedup] Concurrent String Deduplication 347.0K->157.5K(189.5K) avg 54.3% (389.685s, 389.691s) 5.579ms
[2023-10-31T08:33:43.389+0000][390.686s][debug][safepoint     ] Safepoint synchronization initiated. (183 threads)
[2023-10-31T08:33:43.391+0000][390.687s][info ][safepoint     ] Application time: 1.0016590 seconds
[2023-10-31T08:33:43.392+0000][390.688s][info ][safepoint     ] Entering safepoint region: Cleanup
[2023-10-31T08:33:43.393+0000][390.690s][info ][safepoint     ] Leaving safepoint region
[2023-10-31T08:33:43.394+0000][390.690s][info ][safepoint     ] Total time for which application threads were stopped: 0.0023928 seconds, Stopping threads took: 0.0011996 seconds
[2023-10-31T08:33:44.395+0000][391.692s][debug][safepoint     ] Safepoint synchronization initiated. (182 threads)
[2023-10-31T08:33:44.396+0000][391.693s][info ][safepoint     ] Application time: 1.0014560 seconds
[2023-10-31T08:33:44.397+0000][391.694s][info ][safepoint     ] Entering safepoint region: Cleanup
[2023-10-31T08:33:44.398+0000][391.695s][info ][safepoint     ] Leaving safepoint region
[2023-10-31T08:33:44.399+0000][391.695s][info ][safepoint     ] Total time for which application threads were stopped: 0.0018810 seconds, Stopping threads took: 0.0009156 seconds
[2023-10-31T08:33:45.400+0000][392.696s][debug][safepoint     ] Safepoint synchronization initiated. (182 threads)
[2023-10-31T08:33:45.401+0000][392.698s][info ][safepoint     ] Application time: 1.0015653 seconds
[2023-10-31T08:33:45.402+0000][392.699s][info ][safepoint     ] Entering safepoint region: Cleanup
[2023-10-31T08:33:45.404+0000][392.700s][info ][safepoint     ] Leaving safepoint region
[2023-10-31T08:33:45.405+0000][392.701s][info ][safepoint     ] Total time for which application threads were stopped: 0.0023302 seconds, Stopping threads took: 0.0010702 seconds
[2023-10-31T08:33:46.405+0000][393.702s][debug][safepoint     ] Safepoint synchronization initiated. (182 threads)
[2023-10-31T08:33:46.406+0000][393.702s][info ][safepoint     ] Application time: 1.0007719 seconds
[2023-10-31T08:33:46.407+0000][393.703s][info ][safepoint     ] Entering safepoint region: Cleanup
[2023-10-31T08:33:46.407+0000][393.704s][info ][safepoint     ] Leaving safepoint region
[2023-10-31T08:33:46.408+0000][393.704s][info ][safepoint     ] Total time for which application threads were stopped: 0.0012353 seconds, Stopping threads took: 0.0005232 seconds
[2023-10-31T08:33:47.408+0000][394.705s][debug][safepoint     ] Safepoint synchronization initiated. (182 threads)
[2023-10-31T08:33:47.410+0000][394.706s][info ][safepoint     ] Application time: 1.0013432 seconds
[2023-10-31T08:33:47.411+0000][394.707s][info ][safepoint     ] Entering safepoint region: Cleanup
[2023-10-31T08:33:47.412+0000][394.708s][info ][safepoint     ] Leaving safepoint region
[2023-10-31T08:33:47.413+0000][394.709s][info ][safepoint     ] Total time for which application threads were stopped: 0.0023322 seconds, Stopping threads took: 0.0010618 seconds
[2023-10-31T08:33:48.414+0000][395.710s][debug][safepoint     ] Safepoint synchronization initiated. (182 threads)
[2023-10-31T08:33:48.415+0000][395.711s][info ][safepoint     ] Application time: 1.0007408 seconds
[2023-10-31T08:33:48.415+0000][395.711s][info ][safepoint     ] Entering safepoint region: Cleanup
[2023-10-31T08:33:48.416+0000][395.712s][info ][safepoint     ] Leaving safepoint region
[2023-10-31T08:33:48.416+0000][395.712s][info ][safepoint     ] Total time for which application threads were stopped: 0.0010497 seconds, Stopping threads took: 0.0004164 seconds
[2023-10-31T08:33:49.417+0000][396.713s][debug][safepoint     ] Safepoint synchronization initiated. (182 threads)
[2023-10-31T08:33:49.418+0000][396.714s][info ][safepoint     ] Application time: 1.0013905 seconds
[2023-10-31T08:33:49.419+0000][396.715s][info ][safepoint     ] Entering safepoint region: Cleanup
[2023-10-31T08:33:49.420+0000][396.717s][info ][safepoint     ] Leaving safepoint region
[2023-10-31T08:33:49.421+0000][396.717s][info ][safepoint     ] Total time for which application threads were stopped: 0.0021628 seconds, Stopping threads took: 0.0010361 seconds
[2023-10-31T08:33:50.422+0000][397.719s][debug][safepoint     ] Safepoint synchronization initiated. (182 threads)
[2023-10-31T08:33:50.423+0000][397.720s][info ][safepoint     ] Application time: 1.0017265 seconds
[2023-10-31T08:33:50.425+0000][397.721s][info ][safepoint     ] Entering safepoint region: Cleanup
[2023-10-31T08:33:50.426+0000][397.722s][info ][safepoint     ] Leaving safepoint region
[2023-10-31T08:33:50.427+0000][397.723s][info ][safepoint     ] Total time for which application threads were stopped: 0.0020106 seconds, Stopping threads took: 0.0009581 seconds
[2023-10-31T08:33:51.428+0000][398.724s][debug][safepoint     ] Safepoint synchronization initiated. (182 threads)
[2023-10-31T08:33:51.429+0000][398.725s][info ][safepoint     ] Application time: 1.0015620 seconds
[2023-10-31T08:33:51.430+0000][398.726s][info ][safepoint     ] Entering safepoint region: Cleanup
[2023-10-31T08:33:51.431+0000][398.728s][info ][safepoint     ] Leaving safepoint region
[2023-10-31T08:33:51.432+0000][398.728s][info ][safepoint     ] Total time for which application threads were stopped: 0.0022175 seconds, Stopping threads took: 0.0010613 seconds
[2023-10-31T08:33:52.433+0000][399.729s][debug][safepoint     ] Safepoint synchronization initiated. (182 threads)
[2023-10-31T08:33:52.434+0000][399.730s][info ][safepoint     ] Application time: 1.0007851 seconds
[2023-10-31T08:33:52.434+0000][399.731s][info ][safepoint     ] Entering safepoint region: Cleanup
[2023-10-31T08:33:52.435+0000][399.731s][info ][safepoint     ] Leaving safepoint region
[2023-10-31T08:33:52.435+0000][399.731s][info ][safepoint     ] Total time for which application threads were stopped: 0.0010085 seconds, Stopping threads took: 0.0004406 seconds
[2023-10-31T08:33:53.436+0000][400.732s][debug][safepoint     ] Safepoint synchronization initiated. (182 threads)
[2023-10-31T08:33:53.436+0000][400.733s][info ][safepoint     ] Application time: 1.0008853 seconds
[2023-10-31T08:33:53.437+0000][400.733s][info ][safepoint     ] Entering safepoint region: Cleanup
[2023-10-31T08:33:53.438+0000][400.734s][info ][safepoint     ] Leaving safepoint region
[2023-10-31T08:33:53.438+0000][400.735s][info ][safepoint     ] Total time for which application threads were stopped: 0.0013428 seconds, Stopping threads took: 0.0005649 seconds
[2023-10-31T08:33:54.439+0000][401.736s][debug][safepoint     ] Safepoint synchronization initiated. (182 threads)
[2023-10-31T08:33:54.440+0000][401.737s][info ][safepoint     ] Application time: 1.0015374 seconds
[2023-10-31T08:33:54.442+0000][401.738s][info ][safepoint     ] Entering safepoint region: Cleanup
[2023-10-31T08:33:54.443+0000][401.739s][info ][safepoint     ] Leaving safepoint region
[2023-10-31T08:33:54.444+0000][401.740s][info ][safepoint     ] Total time for which application threads were stopped: 0.0020100 seconds, Stopping threads took: 0.0008364 seconds
[2023-10-31T08:33:55.444+0000][402.741s][debug][safepoint     ] Safepoint synchronization initiated. (182 threads)
[2023-10-31T08:33:55.445+0000][402.742s][info ][safepoint     ] Application time: 1.0012556 seconds
[2023-10-31T08:33:55.446+0000][402.743s][info ][safepoint     ] Entering safepoint region: Cleanup
[2023-10-31T08:33:55.448+0000][402.744s][info ][safepoint     ] Leaving safepoint region
[2023-10-31T08:33:55.448+0000][402.745s][info ][safepoint     ] Total time for which application threads were stopped: 0.0021116 seconds, Stopping threads took: 0.0008817 seconds
[2023-10-31T08:33:56.449+0000][403.746s][debug][safepoint     ] Safepoint synchronization initiated. (182 threads)
[2023-10-31T08:33:56.451+0000][403.747s][info ][safepoint     ] Application time: 1.0016319 seconds
[2023-10-31T08:33:56.452+0000][403.748s][info ][safepoint     ] Entering safepoint region: Cleanup
[2023-10-31T08:33:56.453+0000][403.750s][info ][safepoint     ] Leaving safepoint region
[2023-10-31T08:33:56.454+0000][403.750s][info ][safepoint     ] Total time for which application threads were stopped: 0.0020668 seconds, Stopping threads took: 0.0010218 seconds
[2023-10-31T08:33:57.455+0000][404.751s][debug][safepoint     ] Safepoint synchronization initiated. (182 threads)
[2023-10-31T08:33:57.456+0000][404.752s][info ][safepoint     ] Application time: 1.0013073 seconds
[2023-10-31T08:33:57.457+0000][404.753s][info ][safepoint     ] Entering safepoint region: Cleanup
[2023-10-31T08:33:57.458+0000][404.754s][info ][safepoint     ] Leaving safepoint region
[2023-10-31T08:33:57.458+0000][404.755s][info ][safepoint     ] Total time for which application threads were stopped: 0.0016296 seconds, Stopping threads took: 0.0007033 seconds
[2023-10-31T08:33:58.459+0000][405.756s][debug][safepoint     ] Safepoint synchronization initiated. (182 threads)
[2023-10-31T08:33:58.461+0000][405.757s][info ][safepoint     ] Application time: 1.0017162 seconds
[2023-10-31T08:33:58.462+0000][405.758s][info ][safepoint     ] Entering safepoint region: Cleanup
[2023-10-31T08:33:58.463+0000][405.760s][info ][safepoint     ] Leaving safepoint region
[2023-10-31T08:33:58.464+0000][405.760s][info ][safepoint     ] Total time for which application threads were stopped: 0.0020592 seconds, Stopping threads took: 0.0010588 seconds
[2023-10-31T08:33:59.465+0000][406.761s][debug][safepoint     ] Safepoint synchronization initiated. (182 threads)
[2023-10-31T08:33:59.466+0000][406.762s][info ][safepoint     ] Application time: 1.0012003 seconds
[2023-10-31T08:33:59.467+0000][406.763s][info ][safepoint     ] Entering safepoint region: Cleanup
[2023-10-31T08:33:59.468+0000][406.765s][info ][safepoint     ] Leaving safepoint region
[2023-10-31T08:33:59.469+0000][406.765s][info ][safepoint     ] Total time for which application threads were stopped: 0.0020703 seconds, Stopping threads took: 0.0010615 seconds
[2023-10-31T08:34:00.470+0000][407.766s][debug][safepoint     ] Safepoint synchronization initiated. (182 threads)
[2023-10-31T08:34:00.471+0000][407.767s][info ][safepoint     ] Application time: 1.0015317 seconds
[2023-10-31T08:34:00.472+0000][407.768s][info ][safepoint     ] Entering safepoint region: Cleanup
[2023-10-31T08:34:00.473+0000][407.770s][info ][safepoint     ] Leaving safepoint region
[2023-10-31T08:34:00.474+0000][407.771s][info ][safepoint     ] Total time for which application threads were stopped: 0.0023431 seconds, Stopping threads took: 0.0010315 seconds
[2023-10-31T08:34:01.475+0000][408.772s][debug][safepoint     ] Safepoint synchronization initiated. (182 threads)
[2023-10-31T08:34:01.476+0000][408.773s][info ][safepoint     ] Application time: 1.0015927 seconds
[2023-10-31T08:34:01.478+0000][408.774s][info ][safepoint     ] Entering safepoint region: Cleanup
[2023-10-31T08:34:01.479+0000][408.775s][info ][safepoint     ] Leaving safepoint region
[2023-10-31T08:34:01.480+0000][408.776s][info ][safepoint     ] Total time for which application threads were stopped: 0.0021771 seconds, Stopping threads took: 0.0009082 seconds
[2023-10-31T08:34:02.481+0000][409.777s][debug][safepoint     ] Safepoint synchronization initiated. (182 threads)
[2023-10-31T08:34:02.481+0000][409.778s][info ][safepoint     ] Application time: 1.0007916 seconds
[2023-10-31T08:34:02.482+0000][409.778s][info ][safepoint     ] Entering safepoint region: Cleanup
[2023-10-31T08:34:02.482+0000][409.779s][info ][safepoint     ] Leaving safepoint region
[2023-10-31T08:34:02.483+0000][409.779s][info ][safepoint     ] Total time for which application threads were stopped: 0.0009170 seconds, Stopping threads took: 0.0004156 seconds
[2023-10-31T08:34:03.483+0000][410.780s][debug][safepoint     ] Safepoint synchronization initiated. (182 threads)
[2023-10-31T08:34:03.484+0000][410.781s][info ][safepoint     ] Application time: 1.0014532 seconds
[2023-10-31T08:34:03.485+0000][410.782s][info ][safepoint     ] Entering safepoint region: Cleanup
[2023-10-31T08:34:03.486+0000][410.783s][info ][safepoint     ] Leaving safepoint region
[2023-10-31T08:34:03.487+0000][410.784s][info ][safepoint     ] Total time for which application threads were stopped: 0.0020706 seconds, Stopping threads took: 0.0009115 seconds
[2023-10-31T08:34:04.488+0000][411.785s][debug][safepoint     ] Safepoint synchronization initiated. (182 threads)
[2023-10-31T08:34:04.489+0000][411.786s][info ][safepoint     ] Application time: 1.0014126 seconds
[2023-10-31T08:34:04.491+0000][411.787s][info ][safepoint     ] Entering safepoint region: Cleanup
[2023-10-31T08:34:04.492+0000][411.789s][info ][safepoint     ] Leaving safepoint region
[2023-10-31T08:34:04.493+0000][411.789s][info ][safepoint     ] Total time for which application threads were stopped: 0.0023223 seconds, Stopping threads took: 0.0011610 seconds
[2023-10-31T08:34:05.494+0000][412.790s][debug][safepoint     ] Safepoint synchronization initiated. (182 threads)
[2023-10-31T08:34:05.495+0000][412.791s][info ][safepoint     ] Application time: 1.0012310 seconds
[2023-10-31T08:34:05.496+0000][412.792s][info ][safepoint     ] Entering safepoint region: Cleanup
[2023-10-31T08:34:05.497+0000][412.794s][info ][safepoint     ] Leaving safepoint region
[2023-10-31T08:34:05.498+0000][412.794s][info ][safepoint     ] Total time for which application threads were stopped: 0.0021858 seconds, Stopping threads took: 0.0009488 seconds
[2023-10-31T08:34:06.499+0000][413.796s][debug][safepoint     ] Safepoint synchronization initiated. (182 threads)
[2023-10-31T08:34:06.500+0000][413.797s][info ][safepoint     ] Application time: 1.0016911 seconds
[2023-10-31T08:34:06.501+0000][413.798s][info ][safepoint     ] Entering safepoint region: Cleanup
[2023-10-31T08:34:06.503+0000][413.799s][info ][safepoint     ] Leaving safepoint region
[2023-10-31T08:34:06.504+0000][413.800s][info ][safepoint     ] Total time for which application threads were stopped: 0.0024552 seconds, Stopping threads took: 0.0011082 seconds
[2023-10-31T08:34:07.505+0000][414.801s][debug][safepoint     ] Safepoint synchronization initiated. (182 threads)
[2023-10-31T08:34:07.506+0000][414.802s][info ][safepoint     ] Application time: 1.0012282 seconds
[2023-10-31T08:34:07.507+0000][414.804s][info ][safepoint     ] Entering safepoint region: Cleanup
[2023-10-31T08:34:07.508+0000][414.805s][info ][safepoint     ] Leaving safepoint region
[2023-10-31T08:34:07.509+0000][414.806s][info ][safepoint     ] Total time for which application threads were stopped: 0.0022464 seconds, Stopping threads took: 0.0009928 seconds
[2023-10-31T08:34:08.510+0000][415.807s][debug][safepoint     ] Safepoint synchronization initiated. (182 threads)
[2023-10-31T08:34:08.511+0000][415.808s][info ][safepoint     ] Application time: 1.0012898 seconds
[2023-10-31T08:34:08.512+0000][415.808s][info ][safepoint     ] Entering safepoint region: Cleanup
[2023-10-31T08:34:08.513+0000][415.810s][info ][safepoint     ] Leaving safepoint region
[2023-10-31T08:34:08.514+0000][415.810s][info ][safepoint     ] Total time for which application threads were stopped: 0.0019134 seconds, Stopping threads took: 0.0009392 seconds
[2023-10-31T08:34:09.515+0000][416.811s][debug][safepoint     ] Safepoint synchronization initiated. (182 threads)
[2023-10-31T08:34:09.516+0000][416.812s][info ][safepoint     ] Application time: 1.0012552 seconds
[2023-10-31T08:34:09.517+0000][416.813s][debug][safepoint     ] ... found polling page return exception at pc = 0x00007f62e8ad0d76, stub =0x00007f62e0840600
[2023-10-31T08:34:09.518+0000][416.814s][debug][safepoint     ] Waiting for 1 thread(s) to block
[2023-10-31T08:34:09.519+0000][416.815s][info ][safepoint     ] Entering safepoint region: Cleanup
[2023-10-31T08:34:09.520+0000][416.816s][info ][safepoint     ] Leaving safepoint region
[2023-10-31T08:34:09.520+0000][416.817s][info ][safepoint     ] Total time for which application threads were stopped: 0.0036178 seconds, Stopping threads took: 0.0026306 seconds
[2023-10-31T08:34:10.521+0000][417.818s][debug][safepoint     ] Safepoint synchronization initiated. (182 threads)
[2023-10-31T08:34:10.522+0000][417.819s][info ][safepoint     ] Application time: 1.0012025 seconds
[2023-10-31T08:34:10.523+0000][417.820s][info ][safepoint     ] Entering safepoint region: Cleanup
[2023-10-31T08:34:10.524+0000][417.820s][info ][safepoint     ] Leaving safepoint region
[2023-10-31T08:34:10.524+0000][417.821s][info ][safepoint     ] Total time for which application threads were stopped: 0.0013434 seconds, Stopping threads took: 0.0006283 seconds
[2023-10-31T08:34:11.525+0000][418.822s][debug][safepoint     ] Safepoint synchronization initiated. (182 threads)
[2023-10-31T08:34:11.525+0000][418.822s][info ][safepoint     ] Application time: 1.0006916 seconds
[2023-10-31T08:34:11.526+0000][418.823s][info ][safepoint     ] Entering safepoint region: Cleanup
[2023-10-31T08:34:11.526+0000][418.823s][info ][safepoint     ] Leaving safepoint region
[2023-10-31T08:34:11.527+0000][418.823s][info ][safepoint     ] Total time for which application threads were stopped: 0.0009147 seconds, Stopping threads took: 0.0003600 seconds
[2023-10-31T08:34:12.527+0000][419.824s][debug][safepoint     ] Safepoint synchronization initiated. (182 threads)
[2023-10-31T08:34:12.528+0000][419.824s][info ][safepoint     ] Application time: 1.0005947 seconds
[2023-10-31T08:34:12.528+0000][419.825s][info ][safepoint     ] Entering safepoint region: Cleanup
[2023-10-31T08:34:12.528+0000][419.825s][info ][safepoint     ] Leaving safepoint region
[2023-10-31T08:34:12.529+0000][419.825s][info ][safepoint     ] Total time for which application threads were stopped: 0.0007735 seconds, Stopping threads took: 0.0003103 seconds
[2023-10-31T08:34:13.529+0000][420.826s][debug][safepoint     ] Safepoint synchronization initiated. (181 threads)
[2023-10-31T08:34:13.530+0000][420.827s][info ][safepoint     ] Application time: 1.0011761 seconds
[2023-10-31T08:34:13.531+0000][420.828s][info ][safepoint     ] Entering safepoint region: Cleanup
[2023-10-31T08:34:13.533+0000][420.830s][info ][safepoint     ] Leaving safepoint region
[2023-10-31T08:34:13.534+0000][420.830s][info ][safepoint     ] Total time for which application threads were stopped: 0.0026746 seconds, Stopping threads took: 0.0012851 seconds
[2023-10-31T08:34:19.536+0000][426.832s][debug][safepoint     ] Safepoint synchronization initiated. (181 threads)
[2023-10-31T08:34:19.536+0000][426.833s][info ][safepoint     ] Application time: 6.0022785 seconds
[2023-10-31T08:34:19.537+0000][426.834s][info ][safepoint     ] Entering safepoint region: Cleanup
[2023-10-31T08:34:19.538+0000][426.834s][info ][safepoint     ] Leaving safepoint region
[2023-10-31T08:34:19.538+0000][426.835s][info ][safepoint     ] Total time for which application threads were stopped: 0.0011904 seconds, Stopping threads took: 0.0005570 seconds
[2023-10-31T08:34:23.540+0000][430.836s][debug][safepoint     ] Safepoint synchronization initiated. (181 threads)
[2023-10-31T08:34:23.540+0000][430.837s][info ][safepoint     ] Application time: 4.0016264 seconds
[2023-10-31T08:34:23.541+0000][430.838s][debug][safepoint     ] Waiting for 2 thread(s) to block
[2023-10-31T08:34:23.542+0000][430.839s][info ][safepoint     ] Entering safepoint region: Cleanup
[2023-10-31T08:34:23.543+0000][430.839s][info ][safepoint     ] Leaving safepoint region
[2023-10-31T08:34:23.544+0000][430.840s][info ][safepoint     ] Total time for which application threads were stopped: 0.0026160 seconds, Stopping threads took: 0.0016516 seconds
[2023-10-31T08:34:38.547+0000][445.844s][debug][safepoint     ] Safepoint synchronization initiated. (181 threads)
[2023-10-31T08:34:38.548+0000][445.845s][info ][safepoint     ] Application time: 15.0042812 seconds
[2023-10-31T08:34:38.549+0000][445.846s][info ][safepoint     ] Entering safepoint region: Cleanup
[2023-10-31T08:34:38.550+0000][445.847s][info ][safepoint     ] Leaving safepoint region
[2023-10-31T08:34:38.551+0000][445.848s][info ][safepoint     ] Total time for which application threads were stopped: 0.0018588 seconds, Stopping threads took: 0.0008864 seconds
[2023-10-31T08:35:12.559+0000][479.855s][debug][safepoint     ] Safepoint synchronization initiated. (180 threads)
[2023-10-31T08:35:12.560+0000][479.856s][info ][safepoint     ] Application time: 34.0075928 seconds
[2023-10-31T08:35:12.560+0000][479.856s][info ][safepoint     ] Entering safepoint region: Cleanup
[2023-10-31T08:35:12.560+0000][479.857s][info ][safepoint     ] Leaving safepoint region
[2023-10-31T08:35:12.561+0000][479.857s][info ][safepoint     ] Total time for which application threads were stopped: 0.0009819 seconds, Stopping threads took: 0.0003754 seconds
[2023-10-31T08:35:19.562+0000][486.859s][debug][safepoint     ] Safepoint synchronization initiated. (180 threads)
[2023-10-31T08:35:19.563+0000][486.860s][info ][safepoint     ] Application time: 7.0020895 seconds
[2023-10-31T08:35:19.564+0000][486.860s][info ][safepoint     ] Entering safepoint region: Cleanup
[2023-10-31T08:35:19.565+0000][486.861s][info ][safepoint     ] Leaving safepoint region
[2023-10-31T08:35:19.565+0000][486.862s][info ][safepoint     ] Total time for which application threads were stopped: 0.0012449 seconds, Stopping threads took: 0.0006021 seconds
[2023-10-31T08:35:23.566+0000][490.863s][debug][safepoint     ] Safepoint synchronization initiated. (182 threads)
[2023-10-31T08:35:23.567+0000][490.864s][info ][safepoint     ] Application time: 4.0016960 seconds
[2023-10-31T08:35:23.568+0000][490.865s][info ][safepoint     ] Entering safepoint region: Cleanup
[2023-10-31T08:35:23.570+0000][490.866s][info ][safepoint     ] Leaving safepoint region
[2023-10-31T08:35:23.570+0000][490.867s][info ][safepoint     ] Total time for which application threads were stopped: 0.0021486 seconds, Stopping threads took: 0.0008235 seconds
[2023-10-31T08:35:25.571+0000][492.868s][debug][safepoint     ] Safepoint synchronization initiated. (182 threads)
[2023-10-31T08:35:25.572+0000][492.868s][info ][safepoint     ] Application time: 2.0008463 seconds
[2023-10-31T08:35:25.572+0000][492.869s][info ][safepoint     ] Entering safepoint region: Cleanup
[2023-10-31T08:35:25.573+0000][492.869s][info ][safepoint     ] Leaving safepoint region
[2023-10-31T08:35:25.573+0000][492.870s][info ][safepoint     ] Total time for which application threads were stopped: 0.0009233 seconds, Stopping threads took: 0.0004019 seconds
[2023-10-31T08:35:29.574+0000][496.871s][debug][safepoint     ] Safepoint synchronization initiated. (184 threads)
[2023-10-31T08:35:29.575+0000][496.871s][info ][safepoint     ] Application time: 4.0013095 seconds
[2023-10-31T08:35:29.575+0000][496.872s][info ][safepoint     ] Entering safepoint region: Cleanup
[2023-10-31T08:35:29.576+0000][496.873s][info ][safepoint     ] Leaving safepoint region
[2023-10-31T08:35:29.577+0000][496.873s][info ][safepoint     ] Total time for which application threads were stopped: 0.0012954 seconds, Stopping threads took: 0.0005323 seconds
[2023-10-31T08:35:30.578+0000][497.874s][debug][safepoint     ] Safepoint synchronization initiated. (184 threads)
[2023-10-31T08:35:30.578+0000][497.875s][info ][safepoint     ] Application time: 1.0009779 seconds
[2023-10-31T08:35:30.579+0000][497.875s][info ][safepoint     ] Entering safepoint region: Cleanup
[2023-10-31T08:35:30.579+0000][497.876s][info ][safepoint     ] Leaving safepoint region
[2023-10-31T08:35:30.580+0000][497.876s][info ][safepoint     ] Total time for which application threads were stopped: 0.0010749 seconds, Stopping threads took: 0.0004906 seconds
[2023-10-31T08:35:43.583+0000][510.879s][debug][safepoint     ] Safepoint synchronization initiated. (184 threads)
[2023-10-31T08:35:43.584+0000][510.880s][info ][safepoint     ] Application time: 13.0033505 seconds
[2023-10-31T08:35:43.584+0000][510.880s][info ][safepoint     ] Entering safepoint region: Cleanup
[2023-10-31T08:35:43.585+0000][510.881s][info ][safepoint     ] Leaving safepoint region
[2023-10-31T08:35:43.585+0000][510.882s][info ][safepoint     ] Total time for which application threads were stopped: 0.0013483 seconds, Stopping threads took: 0.0005438 seconds
[2023-10-31T08:35:44.586+0000][511.882s][debug][safepoint     ] Safepoint synchronization initiated. (184 threads)
[2023-10-31T08:35:44.587+0000][511.883s][info ][safepoint     ] Application time: 1.0012042 seconds
[2023-10-31T08:35:44.588+0000][511.884s][info ][safepoint     ] Entering safepoint region: Cleanup
[2023-10-31T08:35:44.589+0000][511.886s][info ][safepoint     ] Leaving safepoint region
[2023-10-31T08:35:44.590+0000][511.886s][info ][safepoint     ] Total time for which application threads were stopped: 0.0022525 seconds, Stopping threads took: 0.0007654 seconds
[2023-10-31T08:35:45.590+0000][512.887s][debug][safepoint     ] Safepoint synchronization initiated. (184 threads)
[2023-10-31T08:35:45.591+0000][512.888s][info ][safepoint     ] Application time: 1.0009859 seconds
[2023-10-31T08:35:45.592+0000][512.888s][info ][safepoint     ] Entering safepoint region: Cleanup
[2023-10-31T08:35:45.593+0000][512.889s][info ][safepoint     ] Leaving safepoint region
[2023-10-31T08:35:45.593+0000][512.890s][info ][safepoint     ] Total time for which application threads were stopped: 0.0014103 seconds, Stopping threads took: 0.0005147 seconds
[2023-10-31T08:35:47.594+0000][514.891s][debug][safepoint     ] Safepoint synchronization initiated. (187 threads)
[2023-10-31T08:35:47.595+0000][514.891s][info ][safepoint     ] Application time: 2.0012881 seconds
[2023-10-31T08:35:47.596+0000][514.892s][info ][safepoint     ] Entering safepoint region: Cleanup
[2023-10-31T08:35:47.596+0000][514.893s][info ][safepoint     ] Leaving safepoint region
[2023-10-31T08:35:47.597+0000][514.893s][info ][safepoint     ] Total time for which application threads were stopped: 0.0011774 seconds, Stopping threads took: 0.0004753 seconds
[2023-10-31T08:35:48.597+0000][515.894s][debug][safepoint     ] Safepoint synchronization initiated. (187 threads)
[2023-10-31T08:35:48.598+0000][515.894s][info ][safepoint     ] Application time: 1.0008069 seconds
[2023-10-31T08:35:48.599+0000][515.895s][info ][safepoint     ] Entering safepoint region: Cleanup
[2023-10-31T08:35:48.599+0000][515.896s][info ][safepoint     ] Leaving safepoint region
[2023-10-31T08:35:48.600+0000][515.896s][info ][safepoint     ] Total time for which application threads were stopped: 0.0011278 seconds, Stopping threads took: 0.0006036 seconds
[2023-10-31T08:35:49.600+0000][516.897s][debug][safepoint     ] Safepoint synchronization initiated. (187 threads)
[2023-10-31T08:35:49.601+0000][516.897s][info ][safepoint     ] Application time: 1.0008072 seconds
[2023-10-31T08:35:49.601+0000][516.898s][info ][safepoint     ] Entering safepoint region: Cleanup
[2023-10-31T08:35:49.602+0000][516.899s][info ][safepoint     ] Leaving safepoint region
[2023-10-31T08:35:49.603+0000][516.900s][info ][safepoint     ] Total time for which application threads were stopped: 0.0020972 seconds, Stopping threads took: 0.0005805 seconds
[2023-10-31T08:35:50.605+0000][517.901s][debug][safepoint     ] Safepoint synchronization initiated. (187 threads)
[2023-10-31T08:35:50.606+0000][517.903s][info ][safepoint     ] Application time: 1.0015869 seconds
[2023-10-31T08:35:50.607+0000][517.903s][info ][safepoint     ] Entering safepoint region: Cleanup
[2023-10-31T08:35:50.608+0000][517.904s][info ][safepoint     ] Leaving safepoint region
[2023-10-31T08:35:50.608+0000][517.905s][info ][safepoint     ] Total time for which application threads were stopped: 0.0015799 seconds, Stopping threads took: 0.0005028 seconds
[2023-10-31T08:35:51.609+0000][518.905s][debug][safepoint     ] Safepoint synchronization initiated. (187 threads)
[2023-10-31T08:35:51.610+0000][518.906s][info ][safepoint     ] Application time: 1.0011152 seconds
[2023-10-31T08:35:51.610+0000][518.907s][info ][safepoint     ] Entering safepoint region: Cleanup
[2023-10-31T08:35:51.611+0000][518.908s][info ][safepoint     ] Leaving safepoint region
[2023-10-31T08:35:51.612+0000][518.908s][info ][safepoint     ] Total time for which application threads were stopped: 0.0017348 seconds, Stopping threads took: 0.0007644 seconds
[2023-10-31T08:35:52.613+0000][519.909s][debug][safepoint     ] Safepoint synchronization initiated. (187 threads)
[2023-10-31T08:35:52.614+0000][519.910s][info ][safepoint     ] Application time: 1.0008662 seconds
[2023-10-31T08:35:52.614+0000][519.910s][info ][safepoint     ] Entering safepoint region: Cleanup
[2023-10-31T08:35:52.615+0000][519.911s][info ][safepoint     ] Leaving safepoint region
[2023-10-31T08:35:52.615+0000][519.912s][info ][safepoint     ] Total time for which application threads were stopped: 0.0012124 seconds, Stopping threads took: 0.0004590 seconds
[2023-10-31T08:35:53.616+0000][520.912s][debug][safepoint     ] Safepoint synchronization initiated. (187 threads)
[2023-10-31T08:35:53.616+0000][520.913s][info ][safepoint     ] Application time: 1.0007955 seconds
[2023-10-31T08:35:53.617+0000][520.914s][info ][safepoint     ] Entering safepoint region: Cleanup
[2023-10-31T08:35:53.618+0000][520.914s][info ][safepoint     ] Leaving safepoint region
[2023-10-31T08:35:53.618+0000][520.915s][info ][safepoint     ] Total time for which application threads were stopped: 0.0012022 seconds, Stopping threads took: 0.0005351 seconds
[2023-10-31T08:35:54.619+0000][521.915s][debug][safepoint     ] Safepoint synchronization initiated. (187 threads)
[2023-10-31T08:35:54.620+0000][521.916s][info ][safepoint     ] Application time: 1.0009304 seconds
[2023-10-31T08:35:54.620+0000][521.917s][info ][safepoint     ] Entering safepoint region: Cleanup
[2023-10-31T08:35:54.621+0000][521.918s][info ][safepoint     ] Leaving safepoint region
[2023-10-31T08:35:54.622+0000][521.918s][info ][safepoint     ] Total time for which application threads were stopped: 0.0016643 seconds, Stopping threads took: 0.0009415 seconds
[2023-10-31T08:35:55.623+0000][522.919s][debug][safepoint     ] Safepoint synchronization initiated. (187 threads)
[2023-10-31T08:35:55.624+0000][522.920s][info ][safepoint     ] Application time: 1.0011097 seconds
[2023-10-31T08:35:55.624+0000][522.921s][info ][safepoint     ] Entering safepoint region: Cleanup
[2023-10-31T08:35:55.625+0000][522.921s][info ][safepoint     ] Leaving safepoint region
[2023-10-31T08:35:55.626+0000][522.922s][info ][safepoint     ] Total time for which application threads were stopped: 0.0013810 seconds, Stopping threads took: 0.0006561 seconds
[2023-10-31T08:35:56.626+0000][523.923s][debug][safepoint     ] Safepoint synchronization initiated. (187 threads)
[2023-10-31T08:35:56.627+0000][523.924s][info ][safepoint     ] Application time: 1.0011062 seconds
[2023-10-31T08:35:56.628+0000][523.925s][info ][safepoint     ] Entering safepoint region: Cleanup
[2023-10-31T08:35:56.629+0000][523.925s][info ][safepoint     ] Leaving safepoint region
[2023-10-31T08:35:56.630+0000][523.926s][info ][safepoint     ] Total time for which application threads were stopped: 0.0014399 seconds, Stopping threads took: 0.0007434 seconds
[2023-10-31T08:35:57.630+0000][524.927s][debug][safepoint     ] Safepoint synchronization initiated. (187 threads)
[2023-10-31T08:35:57.631+0000][524.927s][info ][safepoint     ] Application time: 1.0010779 seconds
[2023-10-31T08:35:57.632+0000][524.928s][info ][safepoint     ] Entering safepoint region: Cleanup
[2023-10-31T08:35:57.632+0000][524.929s][info ][safepoint     ] Leaving safepoint region
[2023-10-31T08:35:57.633+0000][524.929s][info ][safepoint     ] Total time for which application threads were stopped: 0.0013180 seconds, Stopping threads took: 0.0006777 seconds
[2023-10-31T08:35:58.633+0000][525.930s][debug][safepoint     ] Safepoint synchronization initiated. (187 threads)
[2023-10-31T08:35:58.635+0000][525.931s][info ][safepoint     ] Application time: 1.0012225 seconds
[2023-10-31T08:35:58.636+0000][525.932s][info ][safepoint     ] Entering safepoint region: Cleanup
[2023-10-31T08:35:58.637+0000][525.933s][info ][safepoint     ] Leaving safepoint region
[2023-10-31T08:35:58.637+0000][525.934s][info ][safepoint     ] Total time for which application threads were stopped: 0.0018249 seconds, Stopping threads took: 0.0007282 seconds
[2023-10-31T08:35:59.638+0000][526.934s][debug][safepoint     ] Safepoint synchronization initiated. (187 threads)
[2023-10-31T08:35:59.639+0000][526.935s][info ][safepoint     ] Application time: 1.0010555 seconds
[2023-10-31T08:35:59.640+0000][526.936s][info ][safepoint     ] Entering safepoint region: Cleanup
[2023-10-31T08:35:59.640+0000][526.937s][info ][safepoint     ] Leaving safepoint region
[2023-10-31T08:35:59.641+0000][526.937s][info ][safepoint     ] Total time for which application threads were stopped: 0.0013641 seconds, Stopping threads took: 0.0005347 seconds
[2023-10-31T08:36:00.642+0000][527.938s][debug][safepoint     ] Safepoint synchronization initiated. (187 threads)
[2023-10-31T08:36:00.643+0000][527.939s][info ][safepoint     ] Application time: 1.0010023 seconds
[2023-10-31T08:36:00.643+0000][527.940s][debug][safepoint     ] ... found polling page return exception at pc = 0x00007f62e8d4c486, stub =0x00007f62e0840600
[2023-10-31T08:36:00.644+0000][527.940s][debug][safepoint     ] Waiting for 2 thread(s) to block
[2023-10-31T08:36:00.645+0000][527.941s][info ][safepoint     ] Entering safepoint region: Cleanup
[2023-10-31T08:36:00.645+0000][527.942s][info ][safepoint     ] Leaving safepoint region
[2023-10-31T08:36:00.646+0000][527.942s][info ][safepoint     ] Total time for which application threads were stopped: 0.0024413 seconds, Stopping threads took: 0.0018171 seconds
[2023-10-31T08:36:01.647+0000][528.943s][debug][safepoint     ] Safepoint synchronization initiated. (187 threads)
[2023-10-31T08:36:01.647+0000][528.944s][info ][safepoint     ] Application time: 1.0010560 seconds
[2023-10-31T08:36:01.648+0000][528.945s][info ][safepoint     ] Entering safepoint region: Cleanup
[2023-10-31T08:36:01.649+0000][528.946s][info ][safepoint     ] Leaving safepoint region
[2023-10-31T08:36:01.650+0000][528.946s][info ][safepoint     ] Total time for which application threads were stopped: 0.0016114 seconds, Stopping threads took: 0.0007261 seconds
[2023-10-31T08:36:02.651+0000][529.947s][debug][safepoint     ] Safepoint synchronization initiated. (187 threads)
[2023-10-31T08:36:02.651+0000][529.948s][info ][safepoint     ] Application time: 1.0009875 seconds
[2023-10-31T08:36:02.652+0000][529.948s][debug][safepoint     ] ... found polling page return exception at pc = 0x00007f62e92b2b0f, stub =0x00007f62e0840600
[2023-10-31T08:36:02.652+0000][529.949s][debug][safepoint     ] Waiting for 1 thread(s) to block
[2023-10-31T08:36:02.653+0000][529.949s][info ][safepoint     ] Entering safepoint region: Cleanup
[2023-10-31T08:36:02.654+0000][529.950s][info ][safepoint     ] Leaving safepoint region
[2023-10-31T08:36:02.654+0000][529.950s][info ][safepoint     ] Total time for which application threads were stopped: 0.0019780 seconds, Stopping threads took: 0.0013964 seconds
[2023-10-31T08:36:03.654+0000][530.951s][debug][safepoint     ] Safepoint synchronization initiated. (187 threads)
[2023-10-31T08:36:03.655+0000][530.952s][info ][safepoint     ] Application time: 1.0010452 seconds
[2023-10-31T08:36:03.656+0000][530.952s][info ][safepoint     ] Entering safepoint region: Cleanup
[2023-10-31T08:36:03.657+0000][530.953s][info ][safepoint     ] Leaving safepoint region
[2023-10-31T08:36:03.657+0000][530.953s][info ][safepoint     ] Total time for which application threads were stopped: 0.0013022 seconds, Stopping threads took: 0.0005728 seconds
[2023-10-31T08:36:04.658+0000][531.954s][debug][safepoint     ] Safepoint synchronization initiated. (187 threads)
[2023-10-31T08:36:04.658+0000][531.955s][info ][safepoint     ] Application time: 1.0007774 seconds
[2023-10-31T08:36:04.659+0000][531.955s][info ][safepoint     ] Entering safepoint region: Cleanup
[2023-10-31T08:36:04.660+0000][531.956s][info ][safepoint     ] Leaving safepoint region
[2023-10-31T08:36:04.660+0000][531.957s][info ][safepoint     ] Total time for which application threads were stopped: 0.0012982 seconds, Stopping threads took: 0.0006175 seconds
[2023-10-31T08:36:05.661+0000][532.957s][debug][safepoint     ] Safepoint synchronization initiated. (187 threads)
[2023-10-31T08:36:05.662+0000][532.958s][info ][safepoint     ] Application time: 1.0008269 seconds
[2023-10-31T08:36:05.663+0000][532.959s][info ][safepoint     ] Entering safepoint region: Cleanup
[2023-10-31T08:36:05.664+0000][532.960s][info ][safepoint     ] Leaving safepoint region
[2023-10-31T08:36:05.664+0000][532.961s][info ][safepoint     ] Total time for which application threads were stopped: 0.0017544 seconds, Stopping threads took: 0.0010250 seconds
[2023-10-31T08:36:06.665+0000][533.961s][debug][safepoint     ] Safepoint synchronization initiated. (187 threads)
[2023-10-31T08:36:06.665+0000][533.962s][info ][safepoint     ] Application time: 1.0007555 seconds
[2023-10-31T08:36:06.666+0000][533.962s][info ][safepoint     ] Entering safepoint region: Cleanup
[2023-10-31T08:36:06.666+0000][533.963s][info ][safepoint     ] Leaving safepoint region
[2023-10-31T08:36:06.667+0000][533.963s][info ][safepoint     ] Total time for which application threads were stopped: 0.0009713 seconds, Stopping threads took: 0.0005354 seconds
[2023-10-31T08:36:07.667+0000][534.964s][debug][safepoint     ] Safepoint synchronization initiated. (187 threads)
[2023-10-31T08:36:07.668+0000][534.964s][info ][safepoint     ] Application time: 1.0010284 seconds
[2023-10-31T08:36:07.669+0000][534.965s][info ][safepoint     ] Entering safepoint region: Cleanup
[2023-10-31T08:36:07.670+0000][534.966s][info ][safepoint     ] Leaving safepoint region
[2023-10-31T08:36:07.670+0000][534.967s][info ][safepoint     ] Total time for which application threads were stopped: 0.0015867 seconds, Stopping threads took: 0.0006961 seconds
[2023-10-31T08:36:08.671+0000][535.968s][debug][safepoint     ] Safepoint synchronization initiated. (187 threads)
[2023-10-31T08:36:08.672+0000][535.969s][info ][safepoint     ] Application time: 1.0012523 seconds
[2023-10-31T08:36:08.673+0000][535.970s][info ][safepoint     ] Entering safepoint region: Cleanup
[2023-10-31T08:36:08.674+0000][535.971s][info ][safepoint     ] Leaving safepoint region
[2023-10-31T08:36:08.675+0000][535.971s][info ][safepoint     ] Total time for which application threads were stopped: 0.0018421 seconds, Stopping threads took: 0.0008489 seconds
[2023-10-31T08:36:09.676+0000][536.972s][debug][safepoint     ] Safepoint synchronization initiated. (187 threads)
[2023-10-31T08:36:09.676+0000][536.973s][info ][safepoint     ] Application time: 1.0005961 seconds
[2023-10-31T08:36:09.677+0000][536.973s][info ][safepoint     ] Entering safepoint region: Cleanup
[2023-10-31T08:36:09.677+0000][536.974s][info ][safepoint     ] Leaving safepoint region
[2023-10-31T08:36:09.678+0000][536.974s][info ][safepoint     ] Total time for which application threads were stopped: 0.0010150 seconds, Stopping threads took: 0.0004047 seconds
[2023-10-31T08:36:10.678+0000][537.975s][debug][safepoint     ] Safepoint synchronization initiated. (187 threads)
[2023-10-31T08:36:10.693+0000][537.990s][info ][safepoint     ] Application time: 1.0149745 seconds
[2023-10-31T08:36:10.694+0000][537.990s][info ][safepoint     ] Entering safepoint region: Cleanup
[2023-10-31T08:36:10.695+0000][537.991s][info ][safepoint     ] Leaving safepoint region
[2023-10-31T08:36:10.695+0000][537.991s][info ][safepoint     ] Total time for which application threads were stopped: 0.0012666 seconds, Stopping threads took: 0.0005566 seconds
[2023-10-31T08:36:11.696+0000][538.992s][debug][safepoint     ] Safepoint synchronization initiated. (187 threads)
[2023-10-31T08:36:11.697+0000][538.993s][info ][safepoint     ] Application time: 1.0010647 seconds
[2023-10-31T08:36:11.698+0000][538.994s][info ][safepoint     ] Entering safepoint region: Cleanup
[2023-10-31T08:36:11.699+0000][538.995s][info ][safepoint     ] Leaving safepoint region
[2023-10-31T08:36:11.700+0000][538.996s][info ][safepoint     ] Total time for which application threads were stopped: 0.0020037 seconds, Stopping threads took: 0.0009765 seconds
[2023-10-31T08:36:12.700+0000][539.997s][debug][safepoint     ] Safepoint synchronization initiated. (187 threads)
[2023-10-31T08:36:12.701+0000][539.998s][info ][safepoint     ] Application time: 1.0009321 seconds
[2023-10-31T08:36:12.702+0000][539.998s][info ][safepoint     ] Entering safepoint region: Cleanup
[2023-10-31T08:36:12.703+0000][539.999s][info ][safepoint     ] Leaving safepoint region
[2023-10-31T08:36:12.703+0000][540.000s][info ][safepoint     ] Total time for which application threads were stopped: 0.0013173 seconds, Stopping threads took: 0.0006497 seconds
[2023-10-31T08:36:13.704+0000][541.000s][debug][safepoint     ] Safepoint synchronization initiated. (187 threads)
[2023-10-31T08:36:13.705+0000][541.001s][info ][safepoint     ] Application time: 1.0011469 seconds
[2023-10-31T08:36:13.706+0000][541.003s][info ][safepoint     ] Entering safepoint region: Cleanup
[2023-10-31T08:36:13.708+0000][541.004s][info ][safepoint     ] Leaving safepoint region
[2023-10-31T08:36:13.708+0000][541.005s][info ][safepoint     ] Total time for which application threads were stopped: 0.0020577 seconds, Stopping threads took: 0.0012804 seconds
[2023-10-31T08:36:14.709+0000][542.006s][debug][safepoint     ] Safepoint synchronization initiated. (187 threads)
[2023-10-31T08:36:14.711+0000][542.007s][info ][safepoint     ] Application time: 1.0021160 seconds
[2023-10-31T08:36:14.712+0000][542.008s][info ][safepoint     ] Entering safepoint region: Cleanup
[2023-10-31T08:36:14.712+0000][542.009s][info ][safepoint     ] Leaving safepoint region
[2023-10-31T08:36:14.713+0000][542.009s][info ][safepoint     ] Total time for which application threads were stopped: 0.0013505 seconds, Stopping threads took: 0.0005556 seconds
[2023-10-31T08:36:15.714+0000][543.010s][debug][safepoint     ] Safepoint synchronization initiated. (187 threads)
[2023-10-31T08:36:15.714+0000][543.011s][info ][safepoint     ] Application time: 1.0009452 seconds
[2023-10-31T08:36:15.715+0000][543.011s][info ][safepoint     ] Entering safepoint region: Cleanup
[2023-10-31T08:36:15.716+0000][543.012s][info ][safepoint     ] Leaving safepoint region
[2023-10-31T08:36:15.716+0000][543.012s][info ][safepoint     ] Total time for which application threads were stopped: 0.0012446 seconds, Stopping threads took: 0.0006076 seconds
[2023-10-31T08:36:15.716+0000][543.012s][debug][safepoint     ] ... found polling page return exception at pc = 0x00007f62e89d70c4, stub =0x00007f62e0840600
[2023-10-31T08:36:15.716+0000][543.012s][debug][safepoint     ] ... found polling page return exception at pc = 0x00007f62e89d70c4, stub =0x00007f62e0840600
[2023-10-31T08:36:15.716+0000][543.012s][debug][safepoint     ] ... found polling page return exception at pc = 0x00007f62e89d70c4, stub =0x00007f62e0840600
[2023-10-31T08:36:15.716+0000][543.012s][debug][safepoint     ] ... found polling page return exception at pc = 0x00007f62e89d70c4, stub =0x00007f62e0840600
[2023-10-31T08:36:15.716+0000][543.012s][debug][safepoint     ] ... found polling page return exception at pc = 0x00007f62e89d70c4, stub =0x00007f62e0840600
[2023-10-31T08:36:15.716+0000][543.012s][debug][safepoint     ] ... found polling page return exception at pc = 0x00007f62e89d70c4, stub =0x00007f62e0840600
[2023-10-31T08:36:16.717+0000][544.013s][debug][safepoint     ] Safepoint synchronization initiated. (187 threads)
[2023-10-31T08:36:16.717+0000][544.014s][info ][safepoint     ] Application time: 1.0008240 seconds
[2023-10-31T08:36:16.718+0000][544.014s][info ][safepoint     ] Entering safepoint region: Cleanup
[2023-10-31T08:36:16.719+0000][544.015s][info ][safepoint     ] Leaving safepoint region
[2023-10-31T08:36:16.719+0000][544.015s][info ][safepoint     ] Total time for which application threads were stopped: 0.0012053 seconds, Stopping threads took: 0.0005170 seconds
[2023-10-31T08:36:17.720+0000][545.016s][debug][safepoint     ] Safepoint synchronization initiated. (187 threads)
[2023-10-31T08:36:17.720+0000][545.017s][info ][safepoint     ] Application time: 1.0007692 seconds
[2023-10-31T08:36:17.721+0000][545.017s][info ][safepoint     ] Entering safepoint region: Cleanup
[2023-10-31T08:36:17.722+0000][545.018s][info ][safepoint     ] Leaving safepoint region
[2023-10-31T08:36:17.722+0000][545.019s][info ][safepoint     ] Total time for which application threads were stopped: 0.0013079 seconds, Stopping threads took: 0.0005698 seconds
[2023-10-31T08:36:18.723+0000][546.019s][debug][safepoint     ] Safepoint synchronization initiated. (187 threads)
[2023-10-31T08:36:18.724+0000][546.020s][info ][safepoint     ] Application time: 1.0009179 seconds
[2023-10-31T08:36:18.724+0000][546.021s][info ][safepoint     ] Entering safepoint region: Cleanup
[2023-10-31T08:36:18.725+0000][546.022s][info ][safepoint     ] Leaving safepoint region
[2023-10-31T08:36:18.726+0000][546.022s][info ][safepoint     ] Total time for which application threads were stopped: 0.0015567 seconds, Stopping threads took: 0.0006877 seconds
[2023-10-31T08:36:19.727+0000][547.023s][debug][safepoint     ] Safepoint synchronization initiated. (187 threads)
[2023-10-31T08:36:19.727+0000][547.023s][info ][safepoint     ] Application time: 1.0005301 seconds
[2023-10-31T08:36:19.727+0000][547.024s][info ][safepoint     ] Entering safepoint region: Cleanup
[2023-10-31T08:36:19.728+0000][547.024s][info ][safepoint     ] Leaving safepoint region
[2023-10-31T08:36:19.728+0000][547.024s][info ][safepoint     ] Total time for which application threads were stopped: 0.0008308 seconds, Stopping threads took: 0.0003639 seconds
[2023-10-31T08:36:20.729+0000][548.025s][debug][safepoint     ] Safepoint synchronization initiated. (187 threads)
[2023-10-31T08:36:20.729+0000][548.026s][info ][safepoint     ] Application time: 1.0009478 seconds
[2023-10-31T08:36:20.730+0000][548.026s][info ][safepoint     ] Entering safepoint region: Cleanup
[2023-10-31T08:36:20.731+0000][548.027s][info ][safepoint     ] Leaving safepoint region
[2023-10-31T08:36:20.731+0000][548.028s][info ][safepoint     ] Total time for which application threads were stopped: 0.0013762 seconds, Stopping threads took: 0.0006479 seconds
[2023-10-31T08:36:21.732+0000][549.029s][debug][safepoint     ] Safepoint synchronization initiated. (187 threads)
[2023-10-31T08:36:21.733+0000][549.029s][info ][safepoint     ] Application time: 1.0006968 seconds
[2023-10-31T08:36:21.733+0000][549.029s][info ][safepoint     ] Entering safepoint region: Cleanup
[2023-10-31T08:36:21.734+0000][549.030s][info ][safepoint     ] Leaving safepoint region
[2023-10-31T08:36:21.734+0000][549.030s][info ][safepoint     ] Total time for which application threads were stopped: 0.0009973 seconds, Stopping threads took: 0.0004785 seconds
[2023-10-31T08:36:22.735+0000][550.031s][debug][safepoint     ] Safepoint synchronization initiated. (187 threads)
[2023-10-31T08:36:22.736+0000][550.032s][info ][safepoint     ] Application time: 1.0013087 seconds
[2023-10-31T08:36:22.737+0000][550.033s][info ][safepoint     ] Entering safepoint region: Cleanup
[2023-10-31T08:36:22.737+0000][550.034s][info ][safepoint     ] Leaving safepoint region
[2023-10-31T08:36:22.738+0000][550.034s][info ][safepoint     ] Total time for which application threads were stopped: 0.0012074 seconds, Stopping threads took: 0.0004588 seconds
[2023-10-31T08:36:23.739+0000][551.035s][debug][safepoint     ] Safepoint synchronization initiated. (187 threads)
[2023-10-31T08:36:23.739+0000][551.036s][info ][safepoint     ] Application time: 1.0011285 seconds
[2023-10-31T08:36:23.740+0000][551.036s][info ][safepoint     ] Entering safepoint region: Cleanup
[2023-10-31T08:36:23.741+0000][551.037s][info ][safepoint     ] Leaving safepoint region
[2023-10-31T08:36:23.741+0000][551.038s][info ][safepoint     ] Total time for which application threads were stopped: 0.0012513 seconds, Stopping threads took: 0.0005658 seconds
[2023-10-31T08:36:24.742+0000][552.038s][debug][safepoint     ] Safepoint synchronization initiated. (187 threads)
[2023-10-31T08:36:24.742+0000][552.039s][info ][safepoint     ] Application time: 1.0007270 seconds
[2023-10-31T08:36:24.743+0000][552.039s][info ][safepoint     ] Entering safepoint region: Cleanup
[2023-10-31T08:36:24.744+0000][552.040s][info ][safepoint     ] Leaving safepoint region
[2023-10-31T08:36:24.744+0000][552.040s][info ][safepoint     ] Total time for which application threads were stopped: 0.0010970 seconds, Stopping threads took: 0.0005031 seconds
[2023-10-31T08:36:25.745+0000][553.041s][debug][safepoint     ] Safepoint synchronization initiated. (187 threads)
[2023-10-31T08:36:25.745+0000][553.042s][info ][safepoint     ] Application time: 1.0011220 seconds
[2023-10-31T08:36:25.746+0000][553.043s][info ][safepoint     ] Entering safepoint region: Cleanup
[2023-10-31T08:36:25.747+0000][553.043s][info ][safepoint     ] Leaving safepoint region
[2023-10-31T08:36:25.748+0000][553.044s][info ][safepoint     ] Total time for which application threads were stopped: 0.0014169 seconds, Stopping threads took: 0.0005842 seconds
[2023-10-31T08:36:26.748+0000][554.045s][debug][safepoint     ] Safepoint synchronization initiated. (187 threads)
[2023-10-31T08:36:26.749+0000][554.045s][info ][safepoint     ] Application time: 1.0006729 seconds
[2023-10-31T08:36:26.749+0000][554.046s][info ][safepoint     ] Entering safepoint region: Cleanup
[2023-10-31T08:36:26.750+0000][554.046s][info ][safepoint     ] Leaving safepoint region
[2023-10-31T08:36:26.750+0000][554.047s][info ][safepoint     ] Total time for which application threads were stopped: 0.0010507 seconds, Stopping threads took: 0.0004467 seconds
[2023-10-31T08:36:27.751+0000][555.047s][debug][safepoint     ] Safepoint synchronization initiated. (187 threads)
[2023-10-31T08:36:27.752+0000][555.048s][info ][safepoint     ] Application time: 1.0009718 seconds
[2023-10-31T08:36:27.752+0000][555.049s][info ][safepoint     ] Entering safepoint region: Cleanup
[2023-10-31T08:36:27.753+0000][555.049s][info ][safepoint     ] Leaving safepoint region
[2023-10-31T08:36:27.754+0000][555.050s][info ][safepoint     ] Total time for which application threads were stopped: 0.0013299 seconds, Stopping threads took: 0.0005984 seconds
[2023-10-31T08:36:28.754+0000][556.051s][debug][safepoint     ] Safepoint synchronization initiated. (187 threads)
[2023-10-31T08:36:28.755+0000][556.051s][info ][safepoint     ] Application time: 1.0007865 seconds
[2023-10-31T08:36:28.756+0000][556.052s][info ][safepoint     ] Entering safepoint region: Cleanup
[2023-10-31T08:36:28.756+0000][556.053s][info ][safepoint     ] Leaving safepoint region
[2023-10-31T08:36:28.757+0000][556.053s][info ][safepoint     ] Total time for which application threads were stopped: 0.0011870 seconds, Stopping threads took: 0.0004605 seconds
[2023-10-31T08:36:29.758+0000][557.054s][debug][safepoint     ] Safepoint synchronization initiated. (187 threads)
[2023-10-31T08:36:29.759+0000][557.055s][info ][safepoint     ] Application time: 1.0011311 seconds
[2023-10-31T08:36:29.759+0000][557.055s][info ][safepoint     ] Entering safepoint region: Cleanup
[2023-10-31T08:36:29.760+0000][557.056s][info ][safepoint     ] Leaving safepoint region
[2023-10-31T08:36:29.760+0000][557.056s][info ][safepoint     ] Total time for which application threads were stopped: 0.0011025 seconds, Stopping threads took: 0.0004942 seconds
[2023-10-31T08:36:30.761+0000][558.057s][debug][safepoint     ] Safepoint synchronization initiated. (187 threads)
[2023-10-31T08:36:30.761+0000][558.058s][info ][safepoint     ] Application time: 1.0008801 seconds
[2023-10-31T08:36:30.762+0000][558.058s][info ][safepoint     ] Entering safepoint region: Cleanup
[2023-10-31T08:36:30.763+0000][558.059s][info ][safepoint     ] Leaving safepoint region
[2023-10-31T08:36:30.763+0000][558.060s][info ][safepoint     ] Total time for which application threads were stopped: 0.0012159 seconds, Stopping threads took: 0.0006054 seconds
[2023-10-31T08:36:31.764+0000][559.061s][debug][safepoint     ] Safepoint synchronization initiated. (187 threads)
[2023-10-31T08:36:31.765+0000][559.061s][info ][safepoint     ] Application time: 1.0012516 seconds
[2023-10-31T08:36:31.767+0000][559.063s][info ][safepoint     ] Entering safepoint region: Cleanup
[2023-10-31T08:36:31.767+0000][559.064s][info ][safepoint     ] Leaving safepoint region
[2023-10-31T08:36:31.768+0000][559.064s][info ][safepoint     ] Total time for which application threads were stopped: 0.0011566 seconds, Stopping threads took: 0.0004539 seconds
[2023-10-31T08:36:32.768+0000][560.065s][debug][safepoint     ] Safepoint synchronization initiated. (187 threads)
[2023-10-31T08:36:32.769+0000][560.066s][info ][safepoint     ] Application time: 1.0011829 seconds
[2023-10-31T08:36:32.770+0000][560.066s][info ][safepoint     ] Entering safepoint region: Cleanup
[2023-10-31T08:36:32.771+0000][560.068s][info ][safepoint     ] Leaving safepoint region
[2023-10-31T08:36:32.772+0000][560.068s][info ][safepoint     ] Total time for which application threads were stopped: 0.0018883 seconds, Stopping threads took: 0.0008183 seconds
[2023-10-31T08:36:33.773+0000][561.069s][debug][safepoint     ] Safepoint synchronization initiated. (187 threads)
[2023-10-31T08:36:33.774+0000][561.070s][info ][safepoint     ] Application time: 1.0013521 seconds
[2023-10-31T08:36:33.775+0000][561.071s][info ][safepoint     ] Entering safepoint region: Cleanup
[2023-10-31T08:36:33.776+0000][561.072s][info ][safepoint     ] Leaving safepoint region
[2023-10-31T08:36:33.777+0000][561.073s][info ][safepoint     ] Total time for which application threads were stopped: 0.0019607 seconds, Stopping threads took: 0.0007974 seconds
[2023-10-31T08:36:34.778+0000][562.074s][debug][safepoint     ] Safepoint synchronization initiated. (187 threads)
[2023-10-31T08:36:34.778+0000][562.074s][info ][safepoint     ] Application time: 1.0006906 seconds
[2023-10-31T08:36:34.779+0000][562.075s][info ][safepoint     ] Entering safepoint region: Cleanup
[2023-10-31T08:36:34.779+0000][562.076s][info ][safepoint     ] Leaving safepoint region
[2023-10-31T08:36:34.780+0000][562.076s][info ][safepoint     ] Total time for which application threads were stopped: 0.0010776 seconds, Stopping threads took: 0.0004608 seconds
[2023-10-31T08:36:35.780+0000][563.077s][debug][safepoint     ] Safepoint synchronization initiated. (187 threads)
[2023-10-31T08:36:35.781+0000][563.077s][info ][safepoint     ] Application time: 1.0009577 seconds
[2023-10-31T08:36:35.782+0000][563.078s][info ][safepoint     ] Entering safepoint region: Cleanup
[2023-10-31T08:36:35.783+0000][563.079s][info ][safepoint     ] Leaving safepoint region
[2023-10-31T08:36:35.783+0000][563.079s][info ][safepoint     ] Total time for which application threads were stopped: 0.0014170 seconds, Stopping threads took: 0.0006119 seconds
[2023-10-31T08:36:36.784+0000][564.080s][debug][safepoint     ] Safepoint synchronization initiated. (187 threads)
[2023-10-31T08:36:36.785+0000][564.081s][info ][safepoint     ] Application time: 1.0007502 seconds
[2023-10-31T08:36:36.785+0000][564.081s][info ][safepoint     ] Entering safepoint region: Cleanup
[2023-10-31T08:36:36.786+0000][564.082s][info ][safepoint     ] Leaving safepoint region
[2023-10-31T08:36:36.786+0000][564.082s][info ][safepoint     ] Total time for which application threads were stopped: 0.0011455 seconds, Stopping threads took: 0.0004812 seconds
[2023-10-31T08:36:37.787+0000][565.083s][debug][safepoint     ] Safepoint synchronization initiated. (187 threads)
[2023-10-31T08:36:37.787+0000][565.083s][info ][safepoint     ] Application time: 1.0005236 seconds
[2023-10-31T08:36:37.787+0000][565.084s][info ][safepoint     ] Entering safepoint region: Cleanup
[2023-10-31T08:36:37.788+0000][565.084s][info ][safepoint     ] Leaving safepoint region
[2023-10-31T08:36:37.788+0000][565.084s][info ][safepoint     ] Total time for which application threads were stopped: 0.0008316 seconds, Stopping threads took: 0.0003556 seconds
[2023-10-31T08:36:38.789+0000][566.085s][debug][safepoint     ] Safepoint synchronization initiated. (187 threads)
[2023-10-31T08:36:38.789+0000][566.085s][info ][safepoint     ] Application time: 1.0007082 seconds
[2023-10-31T08:36:38.790+0000][566.086s][info ][safepoint     ] Entering safepoint region: Cleanup
[2023-10-31T08:36:38.790+0000][566.086s][info ][safepoint     ] Leaving safepoint region
[2023-10-31T08:36:38.790+0000][566.087s][info ][safepoint     ] Total time for which application threads were stopped: 0.0007698 seconds, Stopping threads took: 0.0002966 seconds
[2023-10-31T08:36:39.791+0000][567.087s][debug][safepoint     ] Safepoint synchronization initiated. (187 threads)
[2023-10-31T08:36:39.792+0000][567.088s][info ][safepoint     ] Application time: 1.0014648 seconds
[2023-10-31T08:36:39.793+0000][567.089s][info ][safepoint     ] Entering safepoint region: Cleanup
[2023-10-31T08:36:39.794+0000][567.091s][info ][safepoint     ] Leaving safepoint region
[2023-10-31T08:36:39.795+0000][567.092s][info ][safepoint     ] Total time for which application threads were stopped: 0.0022340 seconds, Stopping threads took: 0.0010011 seconds
[2023-10-31T08:36:40.796+0000][568.093s][debug][safepoint     ] Safepoint synchronization initiated. (187 threads)
[2023-10-31T08:36:40.797+0000][568.093s][info ][safepoint     ] Application time: 1.0006836 seconds
[2023-10-31T08:36:40.797+0000][568.094s][info ][safepoint     ] Entering safepoint region: Cleanup
[2023-10-31T08:36:40.798+0000][568.094s][info ][safepoint     ] Leaving safepoint region
[2023-10-31T08:36:40.798+0000][568.095s][info ][safepoint     ] Total time for which application threads were stopped: 0.0010897 seconds, Stopping threads took: 0.0005054 seconds
[2023-10-31T08:36:41.799+0000][569.095s][debug][safepoint     ] Safepoint synchronization initiated. (187 threads)
[2023-10-31T08:36:41.800+0000][569.096s][info ][safepoint     ] Application time: 1.0007021 seconds
[2023-10-31T08:36:41.800+0000][569.096s][info ][safepoint     ] Entering safepoint region: Cleanup
[2023-10-31T08:36:41.801+0000][569.097s][info ][safepoint     ] Leaving safepoint region
[2023-10-31T08:36:41.801+0000][569.097s][info ][safepoint     ] Total time for which application threads were stopped: 0.0010585 seconds, Stopping threads took: 0.0004462 seconds
[2023-10-31T08:36:42.802+0000][570.098s][debug][safepoint     ] Safepoint synchronization initiated. (187 threads)
[2023-10-31T08:36:42.803+0000][570.099s][info ][safepoint     ] Application time: 1.0007996 seconds
[2023-10-31T08:36:42.803+0000][570.099s][info ][safepoint     ] Entering safepoint region: Cleanup
[2023-10-31T08:36:42.804+0000][570.100s][info ][safepoint     ] Leaving safepoint region
[2023-10-31T08:36:42.804+0000][570.101s][info ][safepoint     ] Total time for which application threads were stopped: 0.0013426 seconds, Stopping threads took: 0.0004623 seconds
[2023-10-31T08:36:43.805+0000][571.101s][debug][safepoint     ] Safepoint synchronization initiated. (187 threads)
[2023-10-31T08:36:43.806+0000][571.102s][info ][safepoint     ] Application time: 1.0011247 seconds
[2023-10-31T08:36:43.806+0000][571.103s][info ][safepoint     ] Entering safepoint region: Cleanup
[2023-10-31T08:36:43.807+0000][571.103s][info ][safepoint     ] Leaving safepoint region
[2023-10-31T08:36:43.807+0000][571.104s][info ][safepoint     ] Total time for which application threads were stopped: 0.0010203 seconds, Stopping threads took: 0.0004869 seconds
[2023-10-31T08:36:44.808+0000][572.104s][debug][safepoint     ] Safepoint synchronization initiated. (187 threads)
[2023-10-31T08:36:44.809+0000][572.105s][info ][safepoint     ] Application time: 1.0008253 seconds
[2023-10-31T08:36:44.809+0000][572.105s][info ][safepoint     ] Entering safepoint region: Cleanup
[2023-10-31T08:36:44.810+0000][572.106s][info ][safepoint     ] Leaving safepoint region
[2023-10-31T08:36:44.810+0000][572.107s][info ][safepoint     ] Total time for which application threads were stopped: 0.0012026 seconds, Stopping threads took: 0.0005299 seconds
[2023-10-31T08:36:45.811+0000][573.107s][debug][safepoint     ] Safepoint synchronization initiated. (187 threads)
[2023-10-31T08:36:45.811+0000][573.108s][info ][safepoint     ] Application time: 1.0006350 seconds
[2023-10-31T08:36:45.812+0000][573.108s][info ][safepoint     ] Entering safepoint region: Cleanup
[2023-10-31T08:36:45.812+0000][573.108s][info ][safepoint     ] Leaving safepoint region
[2023-10-31T08:36:45.812+0000][573.109s][info ][safepoint     ] Total time for which application threads were stopped: 0.0007745 seconds, Stopping threads took: 0.0003237 seconds
[2023-10-31T08:36:46.813+0000][574.109s][debug][safepoint     ] Safepoint synchronization initiated. (187 threads)
[2023-10-31T08:36:46.813+0000][574.110s][info ][safepoint     ] Application time: 1.0007454 seconds
[2023-10-31T08:36:46.814+0000][574.110s][info ][safepoint     ] Entering safepoint region: Cleanup
[2023-10-31T08:36:46.815+0000][574.112s][info ][safepoint     ] Leaving safepoint region
[2023-10-31T08:36:46.817+0000][574.114s][info ][safepoint     ] Total time for which application threads were stopped: 0.0034081 seconds, Stopping threads took: 0.0007843 seconds
[2023-10-31T08:36:46.816+0000][574.112s][debug][safepoint     ] ... found polling page return exception at pc = 0x00007f62e89d70c4, stub =0x00007f62e0840600
[2023-10-31T08:36:46.816+0000][574.112s][debug][safepoint     ] ... found polling page return exception at pc = 0x00007f62e89d70c4, stub =0x00007f62e0840600
[2023-10-31T08:36:47.818+0000][575.114s][debug][safepoint     ] Safepoint synchronization initiated. (186 threads)
[2023-10-31T08:36:47.818+0000][575.115s][info ][safepoint     ] Application time: 1.0006204 seconds
[2023-10-31T08:36:47.819+0000][575.115s][info ][safepoint     ] Entering safepoint region: Cleanup
[2023-10-31T08:36:47.819+0000][575.116s][info ][safepoint     ] Leaving safepoint region
[2023-10-31T08:36:47.820+0000][575.116s][info ][safepoint     ] Total time for which application threads were stopped: 0.0010290 seconds, Stopping threads took: 0.0005415 seconds
[2023-10-31T08:36:48.820+0000][576.117s][debug][safepoint     ] Safepoint synchronization initiated. (186 threads)
[2023-10-31T08:36:48.821+0000][576.117s][info ][safepoint     ] Application time: 1.0008983 seconds
[2023-10-31T08:36:48.821+0000][576.118s][info ][safepoint     ] Entering safepoint region: Cleanup
[2023-10-31T08:36:48.822+0000][576.118s][info ][safepoint     ] Leaving safepoint region
[2023-10-31T08:36:48.822+0000][576.119s][info ][safepoint     ] Total time for which application threads were stopped: 0.0012063 seconds, Stopping threads took: 0.0003951 seconds
[2023-10-31T08:36:49.823+0000][577.119s][debug][safepoint     ] Safepoint synchronization initiated. (186 threads)
[2023-10-31T08:36:49.823+0000][577.120s][info ][safepoint     ] Application time: 1.0006852 seconds
[2023-10-31T08:36:49.824+0000][577.120s][info ][safepoint     ] Entering safepoint region: Cleanup
[2023-10-31T08:36:49.825+0000][577.121s][info ][safepoint     ] Leaving safepoint region
[2023-10-31T08:36:49.825+0000][577.122s][info ][safepoint     ] Total time for which application threads were stopped: 0.0013197 seconds, Stopping threads took: 0.0007417 seconds
[2023-10-31T08:36:50.826+0000][578.122s][debug][safepoint     ] Safepoint synchronization initiated. (186 threads)
[2023-10-31T08:36:50.827+0000][578.123s][info ][safepoint     ] Application time: 1.0009206 seconds
[2023-10-31T08:36:50.828+0000][578.124s][info ][safepoint     ] Entering safepoint region: Cleanup
[2023-10-31T08:36:50.830+0000][578.127s][info ][safepoint     ] Leaving safepoint region
[2023-10-31T08:36:50.831+0000][578.127s][info ][safepoint     ] Total time for which application threads were stopped: 0.0033216 seconds, Stopping threads took: 0.0016914 seconds
[2023-10-31T08:36:51.832+0000][579.128s][debug][safepoint     ] Safepoint synchronization initiated. (186 threads)
[2023-10-31T08:36:51.832+0000][579.129s][info ][safepoint     ] Application time: 1.0008784 seconds
[2023-10-31T08:36:51.833+0000][579.130s][info ][safepoint     ] Entering safepoint region: Cleanup
[2023-10-31T08:36:51.836+0000][579.132s][info ][safepoint     ] Leaving safepoint region
[2023-10-31T08:36:51.837+0000][579.133s][info ][safepoint     ] Total time for which application threads were stopped: 0.0032835 seconds, Stopping threads took: 0.0017938 seconds
[2023-10-31T08:36:52.837+0000][580.133s][debug][safepoint     ] Safepoint synchronization initiated. (186 threads)
[2023-10-31T08:36:52.838+0000][580.134s][info ][safepoint     ] Application time: 1.0009404 seconds
[2023-10-31T08:36:52.839+0000][580.135s][info ][safepoint     ] Entering safepoint region: Cleanup
[2023-10-31T08:36:52.840+0000][580.136s][info ][safepoint     ] Leaving safepoint region
[2023-10-31T08:36:52.840+0000][580.137s][info ][safepoint     ] Total time for which application threads were stopped: 0.0015308 seconds, Stopping threads took: 0.0007291 seconds
[2023-10-31T08:36:53.841+0000][581.138s][debug][safepoint     ] Safepoint synchronization initiated. (186 threads)
[2023-10-31T08:36:53.842+0000][581.138s][info ][safepoint     ] Application time: 1.0010669 seconds
[2023-10-31T08:36:53.843+0000][581.139s][info ][safepoint     ] Entering safepoint region: Cleanup
[2023-10-31T08:36:53.843+0000][581.140s][info ][safepoint     ] Leaving safepoint region
[2023-10-31T08:36:53.844+0000][581.140s][info ][safepoint     ] Total time for which application threads were stopped: 0.0011935 seconds, Stopping threads took: 0.0005578 seconds
[2023-10-31T08:36:54.844+0000][582.141s][debug][safepoint     ] Safepoint synchronization initiated. (186 threads)
[2023-10-31T08:36:54.845+0000][582.141s][info ][safepoint     ] Application time: 1.0007510 seconds
[2023-10-31T08:36:54.846+0000][582.142s][info ][safepoint     ] Entering safepoint region: Cleanup
[2023-10-31T08:36:54.846+0000][582.142s][info ][safepoint     ] Leaving safepoint region
[2023-10-31T08:36:54.847+0000][582.143s][info ][safepoint     ] Total time for which application threads were stopped: 0.0010786 seconds, Stopping threads took: 0.0004663 seconds
[2023-10-31T08:36:55.847+0000][583.143s][debug][safepoint     ] Safepoint synchronization initiated. (186 threads)
[2023-10-31T08:36:55.848+0000][583.144s][info ][safepoint     ] Application time: 1.0006639 seconds
[2023-10-31T08:36:55.848+0000][583.144s][info ][safepoint     ] Entering safepoint region: Cleanup
[2023-10-31T08:36:55.849+0000][583.145s][info ][safepoint     ] Leaving safepoint region
[2023-10-31T08:36:55.849+0000][583.145s][info ][safepoint     ] Total time for which application threads were stopped: 0.0010467 seconds, Stopping threads took: 0.0004530 seconds
[2023-10-31T08:36:56.850+0000][584.146s][debug][safepoint     ] Safepoint synchronization initiated. (186 threads)
[2023-10-31T08:36:56.851+0000][584.147s][info ][safepoint     ] Application time: 1.0009919 seconds
[2023-10-31T08:36:56.851+0000][584.147s][info ][safepoint     ] Entering safepoint region: Cleanup
[2023-10-31T08:36:56.852+0000][584.148s][info ][safepoint     ] Leaving safepoint region
[2023-10-31T08:36:56.852+0000][584.149s][info ][safepoint     ] Total time for which application threads were stopped: 0.0012666 seconds, Stopping threads took: 0.0004828 seconds
[2023-10-31T08:36:57.853+0000][585.149s][debug][safepoint     ] Safepoint synchronization initiated. (186 threads)
[2023-10-31T08:36:57.854+0000][585.150s][info ][safepoint     ] Application time: 1.0008959 seconds
[2023-10-31T08:36:57.855+0000][585.151s][info ][safepoint     ] Entering safepoint region: Cleanup
[2023-10-31T08:36:57.855+0000][585.152s][info ][safepoint     ] Leaving safepoint region
[2023-10-31T08:36:57.856+0000][585.152s][info ][safepoint     ] Total time for which application threads were stopped: 0.0014672 seconds, Stopping threads took: 0.0006772 seconds
[2023-10-31T08:36:58.857+0000][586.153s][debug][safepoint     ] Safepoint synchronization initiated. (186 threads)
[2023-10-31T08:36:58.857+0000][586.153s][info ][safepoint     ] Application time: 1.0007488 seconds
[2023-10-31T08:36:58.858+0000][586.154s][info ][safepoint     ] Entering safepoint region: Cleanup
[2023-10-31T08:36:58.858+0000][586.154s][info ][safepoint     ] Leaving safepoint region
[2023-10-31T08:36:58.859+0000][586.155s][info ][safepoint     ] Total time for which application threads were stopped: 0.0010660 seconds, Stopping threads took: 0.0004196 seconds
[2023-10-31T08:36:59.859+0000][587.156s][debug][safepoint     ] Safepoint synchronization initiated. (186 threads)
[2023-10-31T08:36:59.860+0000][587.156s][info ][safepoint     ] Application time: 1.0007571 seconds
[2023-10-31T08:36:59.860+0000][587.157s][info ][safepoint     ] Entering safepoint region: Cleanup
[2023-10-31T08:36:59.861+0000][587.157s][info ][safepoint     ] Leaving safepoint region
[2023-10-31T08:36:59.862+0000][587.158s][info ][safepoint     ] Total time for which application threads were stopped: 0.0012373 seconds, Stopping threads took: 0.0005407 seconds
[2023-10-31T08:37:00.862+0000][588.159s][debug][safepoint     ] Safepoint synchronization initiated. (186 threads)
[2023-10-31T08:37:00.864+0000][588.160s][info ][safepoint     ] Application time: 1.0020162 seconds
[2023-10-31T08:37:00.865+0000][588.161s][info ][safepoint     ] Entering safepoint region: Cleanup
[2023-10-31T08:37:00.865+0000][588.161s][info ][safepoint     ] Leaving safepoint region
[2023-10-31T08:37:00.866+0000][588.162s][info ][safepoint     ] Total time for which application threads were stopped: 0.0015674 seconds, Stopping threads took: 0.0003927 seconds
[2023-10-31T08:37:01.867+0000][589.163s][debug][safepoint     ] Safepoint synchronization initiated. (186 threads)
[2023-10-31T08:37:01.868+0000][589.165s][info ][safepoint     ] Application time: 1.0018509 seconds
[2023-10-31T08:37:01.870+0000][589.166s][info ][safepoint     ] Entering safepoint region: Cleanup
[2023-10-31T08:37:01.871+0000][589.167s][info ][safepoint     ] Leaving safepoint region
[2023-10-31T08:37:01.872+0000][589.168s][info ][safepoint     ] Total time for which application threads were stopped: 0.0024460 seconds, Stopping threads took: 0.0013569 seconds
[2023-10-31T08:37:02.873+0000][590.169s][debug][safepoint     ] Safepoint synchronization initiated. (186 threads)
[2023-10-31T08:37:02.873+0000][590.170s][info ][safepoint     ] Application time: 1.0007834 seconds
[2023-10-31T08:37:02.874+0000][590.170s][info ][safepoint     ] Entering safepoint region: Cleanup
[2023-10-31T08:37:02.875+0000][590.171s][info ][safepoint     ] Leaving safepoint region
[2023-10-31T08:37:02.875+0000][590.171s][info ][safepoint     ] Total time for which application threads were stopped: 0.0011934 seconds, Stopping threads took: 0.0005147 seconds
[2023-10-31T08:37:03.876+0000][591.172s][debug][safepoint     ] Safepoint synchronization initiated. (186 threads)
[2023-10-31T08:37:03.876+0000][591.172s][info ][safepoint     ] Application time: 1.0005961 seconds
[2023-10-31T08:37:03.877+0000][591.173s][info ][safepoint     ] Entering safepoint region: Cleanup
[2023-10-31T08:37:03.877+0000][591.173s][info ][safepoint     ] Leaving safepoint region
[2023-10-31T08:37:03.878+0000][591.174s][info ][safepoint     ] Total time for which application threads were stopped: 0.0011283 seconds, Stopping threads took: 0.0004608 seconds
[2023-10-31T08:37:04.878+0000][592.175s][debug][safepoint     ] Safepoint synchronization initiated. (186 threads)
[2023-10-31T08:37:04.879+0000][592.175s][info ][safepoint     ] Application time: 1.0006119 seconds
[2023-10-31T08:37:04.880+0000][592.176s][info ][safepoint     ] Entering safepoint region: Cleanup
[2023-10-31T08:37:04.880+0000][592.176s][info ][safepoint     ] Leaving safepoint region
[2023-10-31T08:37:04.880+0000][592.177s][info ][safepoint     ] Total time for which application threads were stopped: 0.0009629 seconds, Stopping threads took: 0.0004147 seconds
[2023-10-31T08:37:05.881+0000][593.177s][debug][safepoint     ] Safepoint synchronization initiated. (186 threads)
[2023-10-31T08:37:05.881+0000][593.178s][info ][safepoint     ] Application time: 1.0006688 seconds
[2023-10-31T08:37:05.882+0000][593.178s][info ][safepoint     ] Entering safepoint region: Cleanup
[2023-10-31T08:37:05.882+0000][593.179s][info ][safepoint     ] Leaving safepoint region
[2023-10-31T08:37:05.883+0000][593.179s][info ][safepoint     ] Total time for which application threads were stopped: 0.0010723 seconds, Stopping threads took: 0.0004612 seconds
[2023-10-31T08:37:06.883+0000][594.179s][debug][safepoint     ] Safepoint synchronization initiated. (186 threads)
[2023-10-31T08:37:06.884+0000][594.180s][info ][safepoint     ] Application time: 1.0005942 seconds
[2023-10-31T08:37:06.884+0000][594.180s][info ][safepoint     ] Entering safepoint region: Cleanup
[2023-10-31T08:37:06.885+0000][594.181s][info ][safepoint     ] Leaving safepoint region
[2023-10-31T08:37:06.885+0000][594.182s][info ][safepoint     ] Total time for which application threads were stopped: 0.0011679 seconds, Stopping threads took: 0.0005459 seconds
[2023-10-31T08:37:07.886+0000][595.182s][debug][safepoint     ] Safepoint synchronization initiated. (186 threads)
[2023-10-31T08:37:07.887+0000][595.183s][info ][safepoint     ] Application time: 1.0008665 seconds
[2023-10-31T08:37:07.887+0000][595.183s][info ][safepoint     ] Entering safepoint region: Cleanup
[2023-10-31T08:37:07.888+0000][595.184s][info ][safepoint     ] Leaving safepoint region
[2023-10-31T08:37:07.888+0000][595.185s][info ][safepoint     ] Total time for which application threads were stopped: 0.0011784 seconds, Stopping threads took: 0.0005357 seconds
[2023-10-31T08:37:08.889+0000][596.185s][debug][safepoint     ] Safepoint synchronization initiated. (186 threads)
[2023-10-31T08:37:08.890+0000][596.186s][info ][safepoint     ] Application time: 1.0008079 seconds
[2023-10-31T08:37:08.890+0000][596.186s][info ][safepoint     ] Entering safepoint region: Cleanup
[2023-10-31T08:37:08.891+0000][596.187s][info ][safepoint     ] Leaving safepoint region
[2023-10-31T08:37:08.891+0000][596.188s][info ][safepoint     ] Total time for which application threads were stopped: 0.0013237 seconds, Stopping threads took: 0.0006395 seconds
[2023-10-31T08:37:09.892+0000][597.188s][debug][safepoint     ] Safepoint synchronization initiated. (186 threads)
[2023-10-31T08:37:09.893+0000][597.189s][info ][safepoint     ] Application time: 1.0008556 seconds
[2023-10-31T08:37:09.893+0000][597.189s][info ][safepoint     ] Entering safepoint region: Cleanup
[2023-10-31T08:37:09.894+0000][597.190s][info ][safepoint     ] Leaving safepoint region
[2023-10-31T08:37:09.895+0000][597.191s][info ][safepoint     ] Total time for which application threads were stopped: 0.0013584 seconds, Stopping threads took: 0.0005357 seconds
[2023-10-31T08:37:10.895+0000][598.191s][debug][safepoint     ] Safepoint synchronization initiated. (186 threads)
[2023-10-31T08:37:10.896+0000][598.192s][info ][safepoint     ] Application time: 1.0007861 seconds
[2023-10-31T08:37:10.896+0000][598.193s][info ][safepoint     ] Entering safepoint region: Cleanup
[2023-10-31T08:37:10.897+0000][598.193s][info ][safepoint     ] Leaving safepoint region
[2023-10-31T08:37:10.898+0000][598.194s][info ][safepoint     ] Total time for which application threads were stopped: 0.0012687 seconds, Stopping threads took: 0.0005924 seconds
[2023-10-31T08:37:11.898+0000][599.195s][debug][safepoint     ] Safepoint synchronization initiated. (186 threads)
[2023-10-31T08:37:11.899+0000][599.195s][info ][safepoint     ] Application time: 1.0007648 seconds
[2023-10-31T08:37:11.899+0000][599.196s][info ][safepoint     ] Entering safepoint region: Cleanup
[2023-10-31T08:37:11.900+0000][599.196s][info ][safepoint     ] Leaving safepoint region
[2023-10-31T08:37:11.901+0000][599.197s][info ][safepoint     ] Total time for which application threads were stopped: 0.0013412 seconds, Stopping threads took: 0.0005685 seconds
[2023-10-31T08:37:12.901+0000][600.198s][debug][safepoint     ] Safepoint synchronization initiated. (186 threads)
[2023-10-31T08:37:12.902+0000][600.198s][info ][safepoint     ] Application time: 1.0007155 seconds
[2023-10-31T08:37:12.902+0000][600.199s][info ][safepoint     ] Entering safepoint region: Cleanup
[2023-10-31T08:37:12.903+0000][600.199s][info ][safepoint     ] Leaving safepoint region
[2023-10-31T08:37:12.904+0000][600.200s][info ][safepoint     ] Total time for which application threads were stopped: 0.0012099 seconds, Stopping threads took: 0.0004518 seconds
[2023-10-31T08:37:13.904+0000][601.201s][debug][safepoint     ] Safepoint synchronization initiated. (185 threads)
[2023-10-31T08:37:13.905+0000][601.202s][info ][safepoint     ] Application time: 1.0013128 seconds
[2023-10-31T08:37:13.906+0000][601.202s][info ][safepoint     ] Entering safepoint region: Cleanup
[2023-10-31T08:37:13.907+0000][601.204s][info ][safepoint     ] Leaving safepoint region
[2023-10-31T08:37:13.908+0000][601.204s][info ][safepoint     ] Total time for which application threads were stopped: 0.0019755 seconds, Stopping threads took: 0.0009661 seconds
[2023-10-31T08:37:14.909+0000][602.205s][debug][safepoint     ] Safepoint synchronization initiated. (185 threads)
[2023-10-31T08:37:14.909+0000][602.206s][info ][safepoint     ] Application time: 1.0007732 seconds
[2023-10-31T08:37:14.910+0000][602.206s][info ][safepoint     ] Entering safepoint region: Cleanup
[2023-10-31T08:37:14.911+0000][602.207s][info ][safepoint     ] Leaving safepoint region
[2023-10-31T08:37:14.911+0000][602.207s][info ][safepoint     ] Total time for which application threads were stopped: 0.0012248 seconds, Stopping threads took: 0.0005117 seconds
[2023-10-31T08:37:15.912+0000][603.208s][debug][safepoint     ] Safepoint synchronization initiated. (185 threads)
[2023-10-31T08:37:15.913+0000][603.209s][info ][safepoint     ] Application time: 1.0010642 seconds
[2023-10-31T08:37:15.913+0000][603.209s][info ][safepoint     ] Entering safepoint region: Cleanup
[2023-10-31T08:37:15.914+0000][603.210s][info ][safepoint     ] Leaving safepoint region
[2023-10-31T08:37:15.915+0000][603.211s][info ][safepoint     ] Total time for which application threads were stopped: 0.0015480 seconds, Stopping threads took: 0.0007552 seconds
[2023-10-31T08:37:16.915+0000][604.212s][debug][safepoint     ] Safepoint synchronization initiated. (185 threads)
[2023-10-31T08:37:16.916+0000][604.212s][info ][safepoint     ] Application time: 1.0011220 seconds
[2023-10-31T08:37:16.917+0000][604.213s][info ][safepoint     ] Entering safepoint region: Cleanup
[2023-10-31T08:37:16.918+0000][604.214s][info ][safepoint     ] Leaving safepoint region
[2023-10-31T08:37:16.919+0000][604.215s][info ][safepoint     ] Total time for which application threads were stopped: 0.0016761 seconds, Stopping threads took: 0.0008017 seconds
[2023-10-31T08:37:17.919+0000][605.216s][debug][safepoint     ] Safepoint synchronization initiated. (185 threads)
[2023-10-31T08:37:17.921+0000][605.218s][info ][safepoint     ] Application time: 1.0020288 seconds
[2023-10-31T08:37:17.923+0000][605.219s][info ][safepoint     ] Entering safepoint region: Cleanup
[2023-10-31T08:37:17.924+0000][605.220s][info ][safepoint     ] Leaving safepoint region
[2023-10-31T08:37:17.925+0000][605.221s][info ][safepoint     ] Total time for which application threads were stopped: 0.0017991 seconds, Stopping threads took: 0.0008983 seconds
[2023-10-31T08:37:18.925+0000][606.222s][debug][safepoint     ] Safepoint synchronization initiated. (185 threads)
[2023-10-31T08:37:18.927+0000][606.223s][info ][safepoint     ] Application time: 1.0014795 seconds
[2023-10-31T08:37:18.928+0000][606.224s][info ][safepoint     ] Entering safepoint region: Cleanup
[2023-10-31T08:37:18.929+0000][606.225s][info ][safepoint     ] Leaving safepoint region
[2023-10-31T08:37:18.930+0000][606.226s][info ][safepoint     ] Total time for which application threads were stopped: 0.0025501 seconds, Stopping threads took: 0.0011018 seconds
[2023-10-31T08:37:19.931+0000][607.228s][debug][safepoint     ] Safepoint synchronization initiated. (185 threads)
[2023-10-31T08:37:19.932+0000][607.228s][info ][safepoint     ] Application time: 1.0008161 seconds
[2023-10-31T08:37:19.932+0000][607.229s][info ][safepoint     ] Entering safepoint region: Cleanup
[2023-10-31T08:37:19.933+0000][607.229s][info ][safepoint     ] Leaving safepoint region
[2023-10-31T08:37:19.933+0000][607.230s][info ][safepoint     ] Total time for which application threads were stopped: 0.0010771 seconds, Stopping threads took: 0.0004512 seconds
[2023-10-31T08:37:20.934+0000][608.230s][debug][safepoint     ] Safepoint synchronization initiated. (185 threads)
[2023-10-31T08:37:20.935+0000][608.231s][info ][safepoint     ] Application time: 1.0012147 seconds
[2023-10-31T08:37:20.936+0000][608.232s][info ][safepoint     ] Entering safepoint region: Cleanup
[2023-10-31T08:37:20.937+0000][608.233s][info ][safepoint     ] Leaving safepoint region
[2023-10-31T08:37:20.938+0000][608.234s][info ][safepoint     ] Total time for which application threads were stopped: 0.0020412 seconds, Stopping threads took: 0.0008452 seconds
[2023-10-31T08:37:21.939+0000][609.235s][debug][safepoint     ] Safepoint synchronization initiated. (185 threads)
[2023-10-31T08:37:21.940+0000][609.236s][info ][safepoint     ] Application time: 1.0011973 seconds
[2023-10-31T08:37:21.941+0000][609.237s][info ][safepoint     ] Entering safepoint region: Cleanup
[2023-10-31T08:37:21.942+0000][609.238s][info ][safepoint     ] Leaving safepoint region
[2023-10-31T08:37:21.942+0000][609.238s][info ][safepoint     ] Total time for which application threads were stopped: 0.0013938 seconds, Stopping threads took: 0.0007491 seconds
[2023-10-31T08:37:22.943+0000][610.239s][debug][safepoint     ] Safepoint synchronization initiated. (185 threads)
[2023-10-31T08:37:22.944+0000][610.240s][info ][safepoint     ] Application time: 1.0016563 seconds
[2023-10-31T08:37:22.945+0000][610.242s][info ][safepoint     ] Entering safepoint region: Cleanup
[2023-10-31T08:37:22.947+0000][610.243s][info ][safepoint     ] Leaving safepoint region
[2023-10-31T08:37:22.948+0000][610.244s][info ][safepoint     ] Total time for which application threads were stopped: 0.0022422 seconds, Stopping threads took: 0.0008978 seconds
[2023-10-31T08:37:23.948+0000][611.245s][debug][safepoint     ] Safepoint synchronization initiated. (185 threads)
[2023-10-31T08:37:23.949+0000][611.245s][info ][safepoint     ] Application time: 1.0008111 seconds
[2023-10-31T08:37:23.950+0000][611.246s][info ][safepoint     ] Entering safepoint region: Cleanup
[2023-10-31T08:37:23.950+0000][611.246s][info ][safepoint     ] Leaving safepoint region
[2023-10-31T08:37:23.951+0000][611.247s][info ][safepoint     ] Total time for which application threads were stopped: 0.0011617 seconds, Stopping threads took: 0.0005038 seconds
[2023-10-31T08:37:24.951+0000][612.248s][debug][safepoint     ] Safepoint synchronization initiated. (185 threads)
[2023-10-31T08:37:24.952+0000][612.248s][info ][safepoint     ] Application time: 1.0010285 seconds
[2023-10-31T08:37:24.953+0000][612.249s][info ][safepoint     ] Entering safepoint region: Cleanup
[2023-10-31T08:37:24.955+0000][612.251s][info ][safepoint     ] Leaving safepoint region
[2023-10-31T08:37:24.955+0000][612.251s][info ][safepoint     ] Total time for which application threads were stopped: 0.0020452 seconds, Stopping threads took: 0.0013484 seconds
[2023-10-31T08:37:25.956+0000][613.252s][debug][safepoint     ] Safepoint synchronization initiated. (185 threads)
[2023-10-31T08:37:25.957+0000][613.253s][info ][safepoint     ] Application time: 1.0010198 seconds
[2023-10-31T08:37:25.957+0000][613.253s][info ][safepoint     ] Entering safepoint region: Cleanup
[2023-10-31T08:37:25.958+0000][613.254s][info ][safepoint     ] Leaving safepoint region
[2023-10-31T08:37:25.959+0000][613.255s][info ][safepoint     ] Total time for which application threads were stopped: 0.0016094 seconds, Stopping threads took: 0.0005985 seconds
[2023-10-31T08:37:26.959+0000][614.256s][debug][safepoint     ] Safepoint synchronization initiated. (185 threads)
[2023-10-31T08:37:26.961+0000][614.257s][info ][safepoint     ] Application time: 1.0014976 seconds
[2023-10-31T08:37:26.961+0000][614.258s][info ][safepoint     ] Entering safepoint region: Cleanup
[2023-10-31T08:37:26.963+0000][614.259s][info ][safepoint     ] Leaving safepoint region
[2023-10-31T08:37:26.963+0000][614.260s][info ][safepoint     ] Total time for which application threads were stopped: 0.0019847 seconds, Stopping threads took: 0.0009286 seconds
[2023-10-31T08:37:26.963+0000][614.259s][debug][safepoint     ] ... found polling page return exception at pc = 0x00007f62e89d70c4, stub =0x00007f62e0840600
[2023-10-31T08:37:26.963+0000][614.259s][debug][safepoint     ] ... found polling page return exception at pc = 0x00007f62e89d70c4, stub =0x00007f62e0840600
[2023-10-31T08:37:26.963+0000][614.259s][debug][safepoint     ] ... found polling page return exception at pc = 0x00007f62e89d70c4, stub =0x00007f62e0840600
[2023-10-31T08:37:26.963+0000][614.259s][debug][safepoint     ] ... found polling page return exception at pc = 0x00007f62e89d70c4, stub =0x00007f62e0840600
[2023-10-31T08:37:26.963+0000][614.259s][debug][safepoint     ] ... found polling page return exception at pc = 0x00007f62e89d70c4, stub =0x00007f62e0840600
[2023-10-31T08:37:26.963+0000][614.259s][debug][safepoint     ] ... found polling page return exception at pc = 0x00007f62e89d70c4, stub =0x00007f62e0840600
[2023-10-31T08:37:27.965+0000][615.261s][debug][safepoint     ] Safepoint synchronization initiated. (185 threads)
[2023-10-31T08:37:27.966+0000][615.262s][info ][safepoint     ] Application time: 1.0014826 seconds
[2023-10-31T08:37:27.967+0000][615.263s][info ][safepoint     ] Entering safepoint region: Cleanup
[2023-10-31T08:37:27.968+0000][615.264s][info ][safepoint     ] Leaving safepoint region
[2023-10-31T08:37:27.969+0000][615.265s][info ][safepoint     ] Total time for which application threads were stopped: 0.0021652 seconds, Stopping threads took: 0.0010690 seconds
[2023-10-31T08:37:28.970+0000][616.266s][debug][safepoint     ] Safepoint synchronization initiated. (185 threads)
[2023-10-31T08:37:28.971+0000][616.267s][info ][safepoint     ] Application time: 1.0015395 seconds
[2023-10-31T08:37:28.972+0000][616.269s][info ][safepoint     ] Entering safepoint region: Cleanup
[2023-10-31T08:37:28.974+0000][616.270s][info ][safepoint     ] Leaving safepoint region
[2023-10-31T08:37:28.975+0000][616.271s][info ][safepoint     ] Total time for which application threads were stopped: 0.0023482 seconds, Stopping threads took: 0.0009459 seconds
[2023-10-31T08:37:29.976+0000][617.272s][debug][safepoint     ] Safepoint synchronization initiated. (185 threads)
[2023-10-31T08:37:29.979+0000][617.275s][info ][safepoint     ] Application time: 1.0030094 seconds
[2023-10-31T08:37:29.980+0000][617.276s][info ][safepoint     ] Entering safepoint region: Cleanup
[2023-10-31T08:37:29.982+0000][617.278s][info ][safepoint     ] Leaving safepoint region
[2023-10-31T08:37:29.983+0000][617.279s][info ][safepoint     ] Total time for which application threads were stopped: 0.0033121 seconds, Stopping threads took: 0.0014279 seconds
[2023-10-31T08:37:30.984+0000][618.280s][debug][safepoint     ] Safepoint synchronization initiated. (183 threads)
[2023-10-31T08:37:30.985+0000][618.281s][info ][safepoint     ] Application time: 1.0011282 seconds
[2023-10-31T08:37:30.985+0000][618.281s][info ][safepoint     ] Entering safepoint region: Cleanup
[2023-10-31T08:37:30.986+0000][618.282s][info ][safepoint     ] Leaving safepoint region
[2023-10-31T08:37:30.987+0000][618.283s][info ][safepoint     ] Total time for which application threads were stopped: 0.0015440 seconds, Stopping threads took: 0.0007675 seconds
[2023-10-31T08:37:31.987+0000][619.284s][debug][safepoint     ] Safepoint synchronization initiated. (183 threads)
[2023-10-31T08:37:31.989+0000][619.285s][info ][safepoint     ] Application time: 1.0021840 seconds
[2023-10-31T08:37:31.991+0000][619.287s][info ][safepoint     ] Entering safepoint region: Cleanup
[2023-10-31T08:37:31.991+0000][619.287s][info ][safepoint     ] Leaving safepoint region
[2023-10-31T08:37:31.992+0000][619.288s][info ][safepoint     ] Total time for which application threads were stopped: 0.0014654 seconds, Stopping threads took: 0.0005431 seconds
[2023-10-31T08:37:32.993+0000][620.289s][debug][safepoint     ] Safepoint synchronization initiated. (183 threads)
[2023-10-31T08:37:32.994+0000][620.290s][info ][safepoint     ] Application time: 1.0016968 seconds
[2023-10-31T08:37:32.995+0000][620.292s][info ][safepoint     ] Entering safepoint region: Cleanup
[2023-10-31T08:37:32.997+0000][620.293s][info ][safepoint     ] Leaving safepoint region
[2023-10-31T08:37:32.998+0000][620.294s][info ][safepoint     ] Total time for which application threads were stopped: 0.0025184 seconds, Stopping threads took: 0.0011592 seconds
[2023-10-31T08:37:33.999+0000][621.295s][debug][safepoint     ] Safepoint synchronization initiated. (183 threads)
[2023-10-31T08:37:34.000+0000][621.297s][info ][safepoint     ] Application time: 1.0017069 seconds
[2023-10-31T08:37:34.002+0000][621.298s][info ][safepoint     ] Entering safepoint region: Cleanup
[2023-10-31T08:37:34.003+0000][621.299s][info ][safepoint     ] Leaving safepoint region
[2023-10-31T08:37:34.004+0000][621.300s][info ][safepoint     ] Total time for which application threads were stopped: 0.0027104 seconds, Stopping threads took: 0.0010281 seconds
[2023-10-31T08:37:35.006+0000][622.302s][debug][safepoint     ] Safepoint synchronization initiated. (183 threads)
[2023-10-31T08:37:35.006+0000][622.302s][info ][safepoint     ] Application time: 1.0007512 seconds
[2023-10-31T08:37:35.007+0000][622.303s][info ][safepoint     ] Entering safepoint region: Cleanup
[2023-10-31T08:37:35.007+0000][622.303s][info ][safepoint     ] Leaving safepoint region
[2023-10-31T08:37:35.008+0000][622.304s][info ][safepoint     ] Total time for which application threads were stopped: 0.0012675 seconds, Stopping threads took: 0.0004963 seconds
[2023-10-31T08:37:36.009+0000][623.305s][debug][safepoint     ] Safepoint synchronization initiated. (183 threads)
[2023-10-31T08:37:36.009+0000][623.306s][info ][safepoint     ] Application time: 1.0010264 seconds
[2023-10-31T08:37:36.010+0000][623.306s][info ][safepoint     ] Entering safepoint region: Cleanup
[2023-10-31T08:37:36.011+0000][623.307s][info ][safepoint     ] Leaving safepoint region
[2023-10-31T08:37:36.011+0000][623.308s][info ][safepoint     ] Total time for which application threads were stopped: 0.0014301 seconds, Stopping threads took: 0.0006954 seconds
[2023-10-31T08:37:37.012+0000][624.308s][debug][safepoint     ] Safepoint synchronization initiated. (183 threads)
[2023-10-31T08:37:37.013+0000][624.309s][info ][safepoint     ] Application time: 1.0008118 seconds
[2023-10-31T08:37:37.013+0000][624.310s][info ][safepoint     ] Entering safepoint region: Cleanup
[2023-10-31T08:37:37.014+0000][624.311s][info ][safepoint     ] Leaving safepoint region
[2023-10-31T08:37:37.015+0000][624.311s][info ][safepoint     ] Total time for which application threads were stopped: 0.0014781 seconds, Stopping threads took: 0.0007344 seconds
[2023-10-31T08:37:38.016+0000][625.312s][debug][safepoint     ] Safepoint synchronization initiated. (183 threads)
[2023-10-31T08:37:38.017+0000][625.313s][info ][safepoint     ] Application time: 1.0011837 seconds
[2023-10-31T08:37:38.018+0000][625.314s][info ][safepoint     ] Entering safepoint region: Cleanup
[2023-10-31T08:37:38.019+0000][625.315s][info ][safepoint     ] Leaving safepoint region
[2023-10-31T08:37:38.019+0000][625.315s][info ][safepoint     ] Total time for which application threads were stopped: 0.0017844 seconds, Stopping threads took: 0.0008547 seconds
[2023-10-31T08:37:39.020+0000][626.316s][debug][safepoint     ] Safepoint synchronization initiated. (183 threads)
[2023-10-31T08:37:39.022+0000][626.318s][info ][safepoint     ] Application time: 1.0014969 seconds
[2023-10-31T08:37:39.023+0000][626.319s][info ][safepoint     ] Entering safepoint region: Cleanup
[2023-10-31T08:37:39.024+0000][626.320s][info ][safepoint     ] Leaving safepoint region
[2023-10-31T08:37:39.025+0000][626.321s][info ][safepoint     ] Total time for which application threads were stopped: 0.0022288 seconds, Stopping threads took: 0.0009975 seconds
[2023-10-31T08:37:40.026+0000][627.322s][debug][safepoint     ] Safepoint synchronization initiated. (183 threads)
[2023-10-31T08:37:40.026+0000][627.322s][info ][safepoint     ] Application time: 1.0005175 seconds
[2023-10-31T08:37:40.026+0000][627.322s][info ][safepoint     ] Entering safepoint region: Cleanup
[2023-10-31T08:37:40.027+0000][627.323s][info ][safepoint     ] Leaving safepoint region
[2023-10-31T08:37:40.027+0000][627.323s][info ][safepoint     ] Total time for which application threads were stopped: 0.0010196 seconds, Stopping threads took: 0.0003850 seconds
[2023-10-31T08:37:41.028+0000][628.324s][debug][safepoint     ] Safepoint synchronization initiated. (183 threads)
[2023-10-31T08:37:41.028+0000][628.325s][info ][safepoint     ] Application time: 1.0006815 seconds
[2023-10-31T08:37:41.029+0000][628.325s][info ][safepoint     ] Entering safepoint region: Cleanup
[2023-10-31T08:37:41.029+0000][628.325s][info ][safepoint     ] Leaving safepoint region
[2023-10-31T08:37:41.030+0000][628.326s][info ][safepoint     ] Total time for which application threads were stopped: 0.0008997 seconds, Stopping threads took: 0.0004162 seconds
[2023-10-31T08:37:42.030+0000][629.326s][debug][safepoint     ] Safepoint synchronization initiated. (183 threads)
[2023-10-31T08:37:42.031+0000][629.327s][info ][safepoint     ] Application time: 1.0009542 seconds
[2023-10-31T08:37:42.032+0000][629.328s][info ][safepoint     ] Entering safepoint region: Cleanup
[2023-10-31T08:37:42.032+0000][629.328s][info ][safepoint     ] Leaving safepoint region
[2023-10-31T08:37:42.033+0000][629.329s][info ][safepoint     ] Total time for which application threads were stopped: 0.0011619 seconds, Stopping threads took: 0.0004937 seconds
[2023-10-31T08:37:43.033+0000][630.329s][debug][safepoint     ] Safepoint synchronization initiated. (183 threads)
[2023-10-31T08:37:43.034+0000][630.330s][info ][safepoint     ] Application time: 1.0005222 seconds
[2023-10-31T08:37:43.034+0000][630.330s][info ][safepoint     ] Entering safepoint region: Cleanup
[2023-10-31T08:37:43.035+0000][630.331s][info ][safepoint     ] Leaving safepoint region
[2023-10-31T08:37:43.035+0000][630.331s][info ][safepoint     ] Total time for which application threads were stopped: 0.0009598 seconds, Stopping threads took: 0.0003841 seconds
[2023-10-31T08:37:44.035+0000][631.332s][debug][safepoint     ] Safepoint synchronization initiated. (183 threads)
[2023-10-31T08:37:44.036+0000][631.332s][info ][safepoint     ] Application time: 1.0009228 seconds
[2023-10-31T08:37:44.037+0000][631.333s][info ][safepoint     ] Entering safepoint region: Cleanup
[2023-10-31T08:37:44.038+0000][631.334s][info ][safepoint     ] Leaving safepoint region
[2023-10-31T08:37:44.039+0000][631.335s][info ][safepoint     ] Total time for which application threads were stopped: 0.0017687 seconds, Stopping threads took: 0.0007730 seconds
[2023-10-31T08:37:45.040+0000][632.336s][debug][safepoint     ] Safepoint synchronization initiated. (183 threads)
[2023-10-31T08:37:45.040+0000][632.336s][info ][safepoint     ] Application time: 1.0007876 seconds
[2023-10-31T08:37:45.041+0000][632.337s][info ][safepoint     ] Entering safepoint region: Cleanup
[2023-10-31T08:37:45.041+0000][632.337s][info ][safepoint     ] Leaving safepoint region
[2023-10-31T08:37:45.042+0000][632.338s][info ][safepoint     ] Total time for which application threads were stopped: 0.0010872 seconds, Stopping threads took: 0.0005062 seconds
[2023-10-31T08:37:46.043+0000][633.339s][debug][safepoint     ] Safepoint synchronization initiated. (185 threads)
[2023-10-31T08:37:46.044+0000][633.340s][info ][safepoint     ] Application time: 1.0016208 seconds
[2023-10-31T08:37:46.045+0000][633.341s][info ][safepoint     ] Entering safepoint region: Cleanup
[2023-10-31T08:37:46.046+0000][633.342s][info ][safepoint     ] Leaving safepoint region
[2023-10-31T08:37:46.047+0000][633.343s][info ][safepoint     ] Total time for which application threads were stopped: 0.0021978 seconds, Stopping threads took: 0.0008834 seconds
[2023-10-31T08:37:47.048+0000][634.344s][debug][safepoint     ] Safepoint synchronization initiated. (185 threads)
[2023-10-31T08:37:47.049+0000][634.345s][info ][safepoint     ] Application time: 1.0008014 seconds
[2023-10-31T08:37:47.049+0000][634.345s][info ][safepoint     ] Entering safepoint region: Cleanup
[2023-10-31T08:37:47.050+0000][634.346s][info ][safepoint     ] Leaving safepoint region
[2023-10-31T08:37:47.051+0000][634.347s][info ][safepoint     ] Total time for which application threads were stopped: 0.0014978 seconds, Stopping threads took: 0.0005009 seconds
[2023-10-31T08:37:48.051+0000][635.348s][debug][safepoint     ] Safepoint synchronization initiated. (186 threads)
[2023-10-31T08:37:48.053+0000][635.349s][info ][safepoint     ] Application time: 1.0013839 seconds
[2023-10-31T08:37:48.054+0000][635.350s][info ][safepoint     ] Entering safepoint region: Cleanup
[2023-10-31T08:37:48.055+0000][635.352s][info ][safepoint     ] Leaving safepoint region
[2023-10-31T08:37:48.056+0000][635.353s][info ][safepoint     ] Total time for which application threads were stopped: 0.0027937 seconds, Stopping threads took: 0.0012125 seconds
[2023-10-31T08:37:49.058+0000][636.354s][debug][safepoint     ] Safepoint synchronization initiated. (186 threads)
[2023-10-31T08:37:49.059+0000][636.355s][info ][safepoint     ] Application time: 1.0014444 seconds
[2023-10-31T08:37:49.060+0000][636.356s][info ][safepoint     ] Entering safepoint region: Cleanup
[2023-10-31T08:37:49.061+0000][636.358s][info ][safepoint     ] Leaving safepoint region
[2023-10-31T08:37:49.062+0000][636.358s][info ][safepoint     ] Total time for which application threads were stopped: 0.0022048 seconds, Stopping threads took: 0.0010323 seconds
[2023-10-31T08:37:50.063+0000][637.359s][debug][safepoint     ] Safepoint synchronization initiated. (186 threads)
[2023-10-31T08:37:50.064+0000][637.360s][info ][safepoint     ] Application time: 1.0009246 seconds
[2023-10-31T08:37:50.065+0000][637.361s][info ][safepoint     ] Entering safepoint region: Cleanup
[2023-10-31T08:37:50.065+0000][637.362s][info ][safepoint     ] Leaving safepoint region
[2023-10-31T08:37:50.066+0000][637.362s][info ][safepoint     ] Total time for which application threads were stopped: 0.0014032 seconds, Stopping threads took: 0.0007010 seconds
[2023-10-31T08:37:50.802+0000][638.098s][debug][safepoint     ] Safepoint synchronization initiated. (186 threads)
[2023-10-31T08:37:50.803+0000][638.099s][info ][safepoint     ] Application time: 0.7366550 seconds
[2023-10-31T08:37:50.803+0000][638.100s][info ][safepoint     ] Entering safepoint region: G1CollectForAllocation
[2023-10-31T08:37:50.804+0000][638.100s][info ][gc,start      ] GC(60) Pause Young (Normal) (G1 Evacuation Pause)
[2023-10-31T08:37:50.805+0000][638.101s][info ][gc,task       ] GC(60) Using 8 workers of 8 for evacuation
[2023-10-31T08:37:50.822+0000][638.118s][info ][gc,phases     ] GC(60)   Pre Evacuate Collection Set: 0.0ms
[2023-10-31T08:37:50.823+0000][638.119s][info ][gc,phases     ] GC(60)   Evacuate Collection Set: 13.6ms
[2023-10-31T08:37:50.823+0000][638.119s][info ][gc,phases     ] GC(60)   Post Evacuate Collection Set: 3.1ms
[2023-10-31T08:37:50.824+0000][638.120s][info ][gc,phases     ] GC(60)   Other: 1.3ms
[2023-10-31T08:37:50.824+0000][638.120s][info ][gc,heap       ] GC(60) Eden regions: 232->0(222)
[2023-10-31T08:37:50.825+0000][638.121s][info ][gc,heap       ] GC(60) Survivor regions: 18->17(32)
[2023-10-31T08:37:50.825+0000][638.121s][info ][gc,heap       ] GC(60) Old regions: 145->147
[2023-10-31T08:37:50.826+0000][638.122s][info ][gc,heap       ] GC(60) Humongous regions: 20->20
[2023-10-31T08:37:50.826+0000][638.123s][info ][gc,metaspace  ] GC(60) Metaspace: 169164K(174928K)->169164K(174928K) NonClass: 149540K(153040K)->149540K(153040K) Class: 19623K(21888K)->19623K(21888K)
[2023-10-31T08:37:50.827+0000][638.123s][info ][gc            ] GC(60) Pause Young (Normal) (G1 Evacuation Pause) 413M->181M(470M) 22.881ms
[2023-10-31T08:37:50.828+0000][638.124s][info ][gc,cpu        ] GC(60) User=0.12s Sys=0.00s Real=0.02s
[2023-10-31T08:37:50.828+0000][638.124s][info ][safepoint     ] Leaving safepoint region
[2023-10-31T08:37:50.829+0000][638.125s][info ][safepoint     ] Total time for which application threads were stopped: 0.0251023 seconds, Stopping threads took: 0.0004899 seconds
[2023-10-31T08:37:50.829+0000][638.125s][info ][gc,stringdedup] Concurrent String Deduplication (638.125s)
[2023-10-31T08:37:50.832+0000][638.128s][info ][gc,stringdedup] Concurrent String Deduplication 265.6K->105.3K(160.3K) avg 54.4% (638.125s, 638.128s) 2.999ms
[2023-10-31T08:37:51.829+0000][639.125s][debug][safepoint     ] Safepoint synchronization initiated. (186 threads)
[2023-10-31T08:37:51.830+0000][639.126s][info ][safepoint     ] Application time: 1.0013506 seconds
[2023-10-31T08:37:51.831+0000][639.127s][info ][safepoint     ] Entering safepoint region: Cleanup
[2023-10-31T08:37:51.832+0000][639.128s][info ][safepoint     ] Leaving safepoint region
[2023-10-31T08:37:51.833+0000][639.129s][info ][safepoint     ] Total time for which application threads were stopped: 0.0014933 seconds, Stopping threads took: 0.0005777 seconds
[2023-10-31T08:37:52.833+0000][640.129s][debug][safepoint     ] Safepoint synchronization initiated. (186 threads)
[2023-10-31T08:37:52.834+0000][640.130s][info ][safepoint     ] Application time: 1.0010997 seconds
[2023-10-31T08:37:52.835+0000][640.131s][info ][safepoint     ] Entering safepoint region: Cleanup
[2023-10-31T08:37:52.836+0000][640.132s][info ][safepoint     ] Leaving safepoint region
[2023-10-31T08:37:52.836+0000][640.133s][info ][safepoint     ] Total time for which application threads were stopped: 0.0016249 seconds, Stopping threads took: 0.0007456 seconds
[2023-10-31T08:37:53.837+0000][641.133s][debug][safepoint     ] Safepoint synchronization initiated. (186 threads)
[2023-10-31T08:37:53.838+0000][641.134s][info ][safepoint     ] Application time: 1.0007994 seconds
[2023-10-31T08:37:53.839+0000][641.135s][info ][safepoint     ] Entering safepoint region: Cleanup
[2023-10-31T08:37:53.839+0000][641.135s][info ][safepoint     ] Leaving safepoint region
[2023-10-31T08:37:53.840+0000][641.136s][info ][safepoint     ] Total time for which application threads were stopped: 0.0012002 seconds, Stopping threads took: 0.0005128 seconds
[2023-10-31T08:37:54.840+0000][642.136s][debug][safepoint     ] Safepoint synchronization initiated. (186 threads)
[2023-10-31T08:37:54.841+0000][642.137s][info ][safepoint     ] Application time: 1.0007431 seconds
[2023-10-31T08:37:54.842+0000][642.138s][info ][safepoint     ] Entering safepoint region: Cleanup
[2023-10-31T08:37:54.842+0000][642.138s][info ][safepoint     ] Leaving safepoint region
[2023-10-31T08:37:54.843+0000][642.139s][info ][safepoint     ] Total time for which application threads were stopped: 0.0013462 seconds, Stopping threads took: 0.0005705 seconds
[2023-10-31T08:37:55.844+0000][643.140s][debug][safepoint     ] Safepoint synchronization initiated. (186 threads)
[2023-10-31T08:37:55.844+0000][643.140s][info ][safepoint     ] Application time: 1.0009582 seconds
[2023-10-31T08:37:55.845+0000][643.141s][info ][safepoint     ] Entering safepoint region: Cleanup
[2023-10-31T08:37:55.846+0000][643.142s][info ][safepoint     ] Leaving safepoint region
[2023-10-31T08:37:55.846+0000][643.143s][info ][safepoint     ] Total time for which application threads were stopped: 0.0014105 seconds, Stopping threads took: 0.0005917 seconds
[2023-10-31T08:37:56.847+0000][644.143s][debug][safepoint     ] Safepoint synchronization initiated. (186 threads)
[2023-10-31T08:37:56.848+0000][644.144s][info ][safepoint     ] Application time: 1.0011224 seconds
[2023-10-31T08:37:56.849+0000][644.145s][info ][safepoint     ] Entering safepoint region: Cleanup
[2023-10-31T08:37:56.850+0000][644.146s][info ][safepoint     ] Leaving safepoint region
[2023-10-31T08:37:56.850+0000][644.146s][info ][safepoint     ] Total time for which application threads were stopped: 0.0013903 seconds, Stopping threads took: 0.0006956 seconds
[2023-10-31T08:37:57.851+0000][645.147s][debug][safepoint     ] Safepoint synchronization initiated. (186 threads)
[2023-10-31T08:37:57.851+0000][645.148s][info ][safepoint     ] Application time: 1.0008824 seconds
[2023-10-31T08:37:57.852+0000][645.148s][info ][safepoint     ] Entering safepoint region: Cleanup
[2023-10-31T08:37:57.853+0000][645.149s][info ][safepoint     ] Leaving safepoint region
[2023-10-31T08:37:57.853+0000][645.149s][info ][safepoint     ] Total time for which application threads were stopped: 0.0012210 seconds, Stopping threads took: 0.0004943 seconds
[2023-10-31T08:37:58.854+0000][646.150s][debug][safepoint     ] Safepoint synchronization initiated. (186 threads)
[2023-10-31T08:37:58.854+0000][646.150s][info ][safepoint     ] Application time: 1.0006949 seconds
[2023-10-31T08:37:58.855+0000][646.151s][info ][safepoint     ] Entering safepoint region: Cleanup
[2023-10-31T08:37:58.855+0000][646.152s][info ][safepoint     ] Leaving safepoint region
[2023-10-31T08:37:58.856+0000][646.152s][info ][safepoint     ] Total time for which application threads were stopped: 0.0010452 seconds, Stopping threads took: 0.0004662 seconds
[2023-10-31T08:37:59.856+0000][647.153s][debug][safepoint     ] Safepoint synchronization initiated. (188 threads)
[2023-10-31T08:37:59.858+0000][647.154s][info ][safepoint     ] Application time: 1.0014009 seconds
[2023-10-31T08:37:59.859+0000][647.155s][info ][safepoint     ] Entering safepoint region: Cleanup
[2023-10-31T08:37:59.860+0000][647.156s][info ][safepoint     ] Leaving safepoint region
[2023-10-31T08:37:59.861+0000][647.157s][info ][safepoint     ] Total time for which application threads were stopped: 0.0021406 seconds, Stopping threads took: 0.0008928 seconds
[2023-10-31T08:38:00.862+0000][648.158s][debug][safepoint     ] Safepoint synchronization initiated. (188 threads)
[2023-10-31T08:38:00.863+0000][648.159s][info ][safepoint     ] Application time: 1.0010384 seconds
[2023-10-31T08:38:00.863+0000][648.159s][info ][safepoint     ] Entering safepoint region: Cleanup
[2023-10-31T08:38:00.864+0000][648.160s][info ][safepoint     ] Leaving safepoint region
[2023-10-31T08:38:00.864+0000][648.160s][info ][safepoint     ] Total time for which application threads were stopped: 0.0011257 seconds, Stopping threads took: 0.0005178 seconds
[2023-10-31T08:38:01.865+0000][649.161s][debug][safepoint     ] Safepoint synchronization initiated. (188 threads)
[2023-10-31T08:38:01.865+0000][649.161s][info ][safepoint     ] Application time: 1.0009765 seconds
[2023-10-31T08:38:01.866+0000][649.162s][info ][safepoint     ] Entering safepoint region: Cleanup
[2023-10-31T08:38:01.867+0000][649.163s][info ][safepoint     ] Leaving safepoint region
[2023-10-31T08:38:01.868+0000][649.164s][info ][safepoint     ] Total time for which application threads were stopped: 0.0014665 seconds, Stopping threads took: 0.0007866 seconds
[2023-10-31T08:38:02.868+0000][650.164s][debug][safepoint     ] Safepoint synchronization initiated. (188 threads)
[2023-10-31T08:38:02.869+0000][650.166s][info ][safepoint     ] Application time: 1.0012674 seconds
[2023-10-31T08:38:02.870+0000][650.166s][info ][safepoint     ] Entering safepoint region: Cleanup
[2023-10-31T08:38:02.872+0000][650.168s][info ][safepoint     ] Leaving safepoint region
[2023-10-31T08:38:02.872+0000][650.168s][info ][safepoint     ] Total time for which application threads were stopped: 0.0019534 seconds, Stopping threads took: 0.0008813 seconds
[2023-10-31T08:38:03.873+0000][651.169s][debug][safepoint     ] Safepoint synchronization initiated. (188 threads)
[2023-10-31T08:38:03.874+0000][651.170s][info ][safepoint     ] Application time: 1.0011170 seconds
[2023-10-31T08:38:03.875+0000][651.171s][info ][safepoint     ] Entering safepoint region: Cleanup
[2023-10-31T08:38:03.876+0000][651.172s][info ][safepoint     ] Leaving safepoint region
[2023-10-31T08:38:03.877+0000][651.173s][info ][safepoint     ] Total time for which application threads were stopped: 0.0016878 seconds, Stopping threads took: 0.0007912 seconds
[2023-10-31T08:38:03.876+0000][651.172s][debug][safepoint     ] ... found polling page return exception at pc = 0x00007f62e89d70c4, stub =0x00007f62e0840600
[2023-10-31T08:38:04.878+0000][652.174s][debug][safepoint     ] Safepoint synchronization initiated. (188 threads)
[2023-10-31T08:38:04.878+0000][652.174s][info ][safepoint     ] Application time: 1.0011117 seconds
[2023-10-31T08:38:04.879+0000][652.175s][info ][safepoint     ] Entering safepoint region: Cleanup
[2023-10-31T08:38:04.880+0000][652.176s][info ][safepoint     ] Leaving safepoint region
[2023-10-31T08:38:04.881+0000][652.177s][info ][safepoint     ] Total time for which application threads were stopped: 0.0017039 seconds, Stopping threads took: 0.0006919 seconds
[2023-10-31T08:38:05.882+0000][653.178s][debug][safepoint     ] Safepoint synchronization initiated. (188 threads)
[2023-10-31T08:38:05.883+0000][653.179s][info ][safepoint     ] Application time: 1.0013114 seconds
[2023-10-31T08:38:05.884+0000][653.180s][info ][safepoint     ] Entering safepoint region: Cleanup
[2023-10-31T08:38:05.885+0000][653.181s][info ][safepoint     ] Leaving safepoint region
[2023-10-31T08:38:05.886+0000][653.182s][info ][safepoint     ] Total time for which application threads were stopped: 0.0020910 seconds, Stopping threads took: 0.0010274 seconds
[2023-10-31T08:38:06.887+0000][654.183s][debug][safepoint     ] Safepoint synchronization initiated. (188 threads)
[2023-10-31T08:38:06.888+0000][654.184s][info ][safepoint     ] Application time: 1.0011918 seconds
[2023-10-31T08:38:06.889+0000][654.185s][info ][safepoint     ] Entering safepoint region: Cleanup
[2023-10-31T08:38:06.890+0000][654.186s][info ][safepoint     ] Leaving safepoint region
[2023-10-31T08:38:06.891+0000][654.187s][info ][safepoint     ] Total time for which application threads were stopped: 0.0018677 seconds, Stopping threads took: 0.0008130 seconds
[2023-10-31T08:38:07.891+0000][655.188s][debug][safepoint     ] Safepoint synchronization initiated. (188 threads)
[2023-10-31T08:38:07.892+0000][655.188s][info ][safepoint     ] Application time: 1.0009633 seconds
[2023-10-31T08:38:07.893+0000][655.189s][info ][safepoint     ] Entering safepoint region: Cleanup
[2023-10-31T08:38:07.894+0000][655.190s][info ][safepoint     ] Leaving safepoint region
[2023-10-31T08:38:07.894+0000][655.190s][info ][safepoint     ] Total time for which application threads were stopped: 0.0010905 seconds, Stopping threads took: 0.0005759 seconds
[2023-10-31T08:38:08.894+0000][656.190s][debug][safepoint     ] Safepoint synchronization initiated. (188 threads)
[2023-10-31T08:38:08.895+0000][656.191s][info ][safepoint     ] Application time: 1.0009773 seconds
[2023-10-31T08:38:08.896+0000][656.192s][info ][safepoint     ] Entering safepoint region: Cleanup
[2023-10-31T08:38:08.897+0000][656.193s][info ][safepoint     ] Leaving safepoint region
[2023-10-31T08:38:08.897+0000][656.193s][info ][safepoint     ] Total time for which application threads were stopped: 0.0013146 seconds, Stopping threads took: 0.0005641 seconds
[2023-10-31T08:38:09.898+0000][657.194s][debug][safepoint     ] Safepoint synchronization initiated. (188 threads)
[2023-10-31T08:38:09.898+0000][657.195s][info ][safepoint     ] Application time: 1.0008613 seconds
[2023-10-31T08:38:09.899+0000][657.195s][info ][safepoint     ] Entering safepoint region: Cleanup
[2023-10-31T08:38:09.900+0000][657.196s][info ][safepoint     ] Leaving safepoint region
[2023-10-31T08:38:09.900+0000][657.196s][info ][safepoint     ] Total time for which application threads were stopped: 0.0013043 seconds, Stopping threads took: 0.0005268 seconds
[2023-10-31T08:38:10.901+0000][658.197s][debug][safepoint     ] Safepoint synchronization initiated. (188 threads)
[2023-10-31T08:38:10.902+0000][658.198s][info ][safepoint     ] Application time: 1.0009312 seconds
[2023-10-31T08:38:10.902+0000][658.198s][info ][safepoint     ] Entering safepoint region: Cleanup
[2023-10-31T08:38:10.903+0000][658.199s][info ][safepoint     ] Leaving safepoint region
[2023-10-31T08:38:10.904+0000][658.200s][info ][safepoint     ] Total time for which application threads were stopped: 0.0013691 seconds, Stopping threads took: 0.0005417 seconds
[2023-10-31T08:38:11.904+0000][659.200s][debug][safepoint     ] Safepoint synchronization initiated. (188 threads)
[2023-10-31T08:38:11.905+0000][659.201s][info ][safepoint     ] Application time: 1.0008352 seconds
[2023-10-31T08:38:11.906+0000][659.202s][info ][safepoint     ] Entering safepoint region: Cleanup
[2023-10-31T08:38:11.906+0000][659.202s][info ][safepoint     ] Leaving safepoint region
[2023-10-31T08:38:11.907+0000][659.203s][info ][safepoint     ] Total time for which application threads were stopped: 0.0012524 seconds, Stopping threads took: 0.0005193 seconds
[2023-10-31T08:38:12.908+0000][660.204s][debug][safepoint     ] Safepoint synchronization initiated. (188 threads)
[2023-10-31T08:38:12.909+0000][660.205s][info ][safepoint     ] Application time: 1.0013904 seconds
[2023-10-31T08:38:12.910+0000][660.206s][info ][safepoint     ] Entering safepoint region: Cleanup
[2023-10-31T08:38:12.911+0000][660.207s][info ][safepoint     ] Leaving safepoint region
[2023-10-31T08:38:12.911+0000][660.207s][info ][safepoint     ] Total time for which application threads were stopped: 0.0014669 seconds, Stopping threads took: 0.0007786 seconds
[2023-10-31T08:38:13.912+0000][661.208s][debug][safepoint     ] Safepoint synchronization initiated. (188 threads)
[2023-10-31T08:38:13.912+0000][661.208s][info ][safepoint     ] Application time: 1.0007371 seconds
[2023-10-31T08:38:13.913+0000][661.209s][info ][safepoint     ] Entering safepoint region: Cleanup
[2023-10-31T08:38:13.913+0000][661.209s][info ][safepoint     ] Leaving safepoint region
[2023-10-31T08:38:13.914+0000][661.210s][info ][safepoint     ] Total time for which application threads were stopped: 0.0009733 seconds, Stopping threads took: 0.0004296 seconds
[2023-10-31T08:38:14.914+0000][662.210s][debug][safepoint     ] Safepoint synchronization initiated. (188 threads)
[2023-10-31T08:38:14.916+0000][662.212s][info ][safepoint     ] Application time: 1.0015876 seconds
[2023-10-31T08:38:14.918+0000][662.214s][info ][safepoint     ] Entering safepoint region: Cleanup
[2023-10-31T08:38:14.918+0000][662.215s][info ][safepoint     ] Leaving safepoint region
[2023-10-31T08:38:14.919+0000][662.215s][info ][safepoint     ] Total time for which application threads were stopped: 0.0018296 seconds, Stopping threads took: 0.0008616 seconds
[2023-10-31T08:38:15.920+0000][663.216s][debug][safepoint     ] Safepoint synchronization initiated. (188 threads)
[2023-10-31T08:38:15.921+0000][663.217s][info ][safepoint     ] Application time: 1.0016409 seconds
[2023-10-31T08:38:15.922+0000][663.218s][info ][safepoint     ] Entering safepoint region: Cleanup
[2023-10-31T08:38:15.923+0000][663.219s][info ][safepoint     ] Leaving safepoint region
[2023-10-31T08:38:15.923+0000][663.219s][info ][safepoint     ] Total time for which application threads were stopped: 0.0012880 seconds, Stopping threads took: 0.0005457 seconds
[2023-10-31T08:38:16.924+0000][664.220s][debug][safepoint     ] Safepoint synchronization initiated. (188 threads)
[2023-10-31T08:38:16.925+0000][664.221s][info ][safepoint     ] Application time: 1.0013321 seconds
[2023-10-31T08:38:16.926+0000][664.222s][info ][safepoint     ] Entering safepoint region: Cleanup
[2023-10-31T08:38:16.927+0000][664.223s][info ][safepoint     ] Leaving safepoint region
[2023-10-31T08:38:16.928+0000][664.224s][info ][safepoint     ] Total time for which application threads were stopped: 0.0018126 seconds, Stopping threads took: 0.0008226 seconds
[2023-10-31T08:38:17.929+0000][665.225s][debug][safepoint     ] Safepoint synchronization initiated. (188 threads)
[2023-10-31T08:38:17.930+0000][665.226s][info ][safepoint     ] Application time: 1.0010476 seconds
[2023-10-31T08:38:17.930+0000][665.226s][info ][safepoint     ] Entering safepoint region: Cleanup
[2023-10-31T08:38:17.931+0000][665.227s][info ][safepoint     ] Leaving safepoint region
[2023-10-31T08:38:17.932+0000][665.228s][info ][safepoint     ] Total time for which application threads were stopped: 0.0013769 seconds, Stopping threads took: 0.0006341 seconds
[2023-10-31T08:38:18.933+0000][666.229s][debug][safepoint     ] Safepoint synchronization initiated. (188 threads)
[2023-10-31T08:38:18.933+0000][666.229s][info ][safepoint     ] Application time: 1.0010280 seconds
[2023-10-31T08:38:18.934+0000][666.230s][info ][safepoint     ] Entering safepoint region: Cleanup
[2023-10-31T08:38:18.935+0000][666.231s][info ][safepoint     ] Leaving safepoint region
[2023-10-31T08:38:18.935+0000][666.231s][info ][safepoint     ] Total time for which application threads were stopped: 0.0013654 seconds, Stopping threads took: 0.0006866 seconds
[2023-10-31T08:38:19.936+0000][667.232s][debug][safepoint     ] Safepoint synchronization initiated. (188 threads)
[2023-10-31T08:38:19.937+0000][667.233s][info ][safepoint     ] Application time: 1.0007500 seconds
[2023-10-31T08:38:19.937+0000][667.233s][info ][safepoint     ] Entering safepoint region: Cleanup
[2023-10-31T08:38:19.938+0000][667.234s][info ][safepoint     ] Leaving safepoint region
[2023-10-31T08:38:19.938+0000][667.234s][info ][safepoint     ] Total time for which application threads were stopped: 0.0010783 seconds, Stopping threads took: 0.0003786 seconds
[2023-10-31T08:38:20.939+0000][668.235s][debug][safepoint     ] Safepoint synchronization initiated. (188 threads)
[2023-10-31T08:38:20.939+0000][668.235s][info ][safepoint     ] Application time: 1.0006019 seconds
[2023-10-31T08:38:20.940+0000][668.236s][info ][safepoint     ] Entering safepoint region: Cleanup
[2023-10-31T08:38:20.940+0000][668.236s][info ][safepoint     ] Leaving safepoint region
[2023-10-31T08:38:20.940+0000][668.236s][info ][safepoint     ] Total time for which application threads were stopped: 0.0009113 seconds, Stopping threads took: 0.0003514 seconds
[2023-10-31T08:38:21.941+0000][669.237s][debug][safepoint     ] Safepoint synchronization initiated. (188 threads)
[2023-10-31T08:38:21.942+0000][669.238s][info ][safepoint     ] Application time: 1.0014764 seconds
[2023-10-31T08:38:21.943+0000][669.239s][info ][safepoint     ] Entering safepoint region: Cleanup
[2023-10-31T08:38:21.943+0000][669.239s][info ][safepoint     ] Leaving safepoint region
[2023-10-31T08:38:21.944+0000][669.240s][info ][safepoint     ] Total time for which application threads were stopped: 0.0013210 seconds, Stopping threads took: 0.0005383 seconds
[2023-10-31T08:38:22.945+0000][670.241s][debug][safepoint     ] Safepoint synchronization initiated. (188 threads)
[2023-10-31T08:38:22.945+0000][670.241s][info ][safepoint     ] Application time: 1.0009265 seconds
[2023-10-31T08:38:22.946+0000][670.242s][info ][safepoint     ] Entering safepoint region: Cleanup
[2023-10-31T08:38:22.947+0000][670.243s][info ][safepoint     ] Leaving safepoint region
[2023-10-31T08:38:22.947+0000][670.243s][info ][safepoint     ] Total time for which application threads were stopped: 0.0012663 seconds, Stopping threads took: 0.0005930 seconds
[2023-10-31T08:38:23.948+0000][671.244s][debug][safepoint     ] Safepoint synchronization initiated. (188 threads)
[2023-10-31T08:38:23.949+0000][671.245s][info ][safepoint     ] Application time: 1.0009758 seconds
[2023-10-31T08:38:23.949+0000][671.245s][info ][safepoint     ] Entering safepoint region: Cleanup
[2023-10-31T08:38:23.950+0000][671.246s][info ][safepoint     ] Leaving safepoint region
[2023-10-31T08:38:23.951+0000][671.247s][info ][safepoint     ] Total time for which application threads were stopped: 0.0014587 seconds, Stopping threads took: 0.0006857 seconds
[2023-10-31T08:38:24.952+0000][672.248s][debug][safepoint     ] Safepoint synchronization initiated. (188 threads)
[2023-10-31T08:38:24.952+0000][672.248s][info ][safepoint     ] Application time: 1.0010346 seconds
[2023-10-31T08:38:24.953+0000][672.249s][info ][safepoint     ] Entering safepoint region: Cleanup
[2023-10-31T08:38:24.954+0000][672.250s][info ][safepoint     ] Leaving safepoint region
[2023-10-31T08:38:24.955+0000][672.251s][info ][safepoint     ] Total time for which application threads were stopped: 0.0017210 seconds, Stopping threads took: 0.0009520 seconds
[2023-10-31T08:38:25.955+0000][673.251s][debug][safepoint     ] Safepoint synchronization initiated. (188 threads)
[2023-10-31T08:38:25.956+0000][673.252s][info ][safepoint     ] Application time: 1.0010561 seconds
[2023-10-31T08:38:25.957+0000][673.253s][info ][safepoint     ] Entering safepoint region: Cleanup
[2023-10-31T08:38:25.958+0000][673.254s][info ][safepoint     ] Leaving safepoint region
[2023-10-31T08:38:25.959+0000][673.255s][info ][safepoint     ] Total time for which application threads were stopped: 0.0017117 seconds, Stopping threads took: 0.0007675 seconds
[2023-10-31T08:38:26.960+0000][674.256s][debug][safepoint     ] Safepoint synchronization initiated. (188 threads)
[2023-10-31T08:38:26.962+0000][674.258s][info ][safepoint     ] Application time: 1.0023114 seconds
[2023-10-31T08:38:26.962+0000][674.258s][info ][safepoint     ] Entering safepoint region: Cleanup
[2023-10-31T08:38:26.963+0000][674.259s][info ][safepoint     ] Leaving safepoint region
[2023-10-31T08:38:26.964+0000][674.260s][info ][safepoint     ] Total time for which application threads were stopped: 0.0014955 seconds, Stopping threads took: 0.0004705 seconds
[2023-10-31T08:38:27.964+0000][675.260s][debug][safepoint     ] Safepoint synchronization initiated. (188 threads)
[2023-10-31T08:38:27.966+0000][675.263s][info ][safepoint     ] Application time: 1.0022606 seconds
[2023-10-31T08:38:27.967+0000][675.264s][info ][safepoint     ] Entering safepoint region: Cleanup
[2023-10-31T08:38:27.968+0000][675.264s][info ][safepoint     ] Leaving safepoint region
[2023-10-31T08:38:27.969+0000][675.265s][info ][safepoint     ] Total time for which application threads were stopped: 0.0016166 seconds, Stopping threads took: 0.0007192 seconds
[2023-10-31T08:38:28.970+0000][676.266s][debug][safepoint     ] Safepoint synchronization initiated. (188 threads)
[2023-10-31T08:38:28.970+0000][676.267s][info ][safepoint     ] Application time: 1.0010512 seconds
[2023-10-31T08:38:28.971+0000][676.267s][info ][safepoint     ] Entering safepoint region: Cleanup
[2023-10-31T08:38:28.972+0000][676.268s][info ][safepoint     ] Leaving safepoint region
[2023-10-31T08:38:28.973+0000][676.269s][info ][safepoint     ] Total time for which application threads were stopped: 0.0014075 seconds, Stopping threads took: 0.0006495 seconds
[2023-10-31T08:38:29.973+0000][677.270s][debug][safepoint     ] Safepoint synchronization initiated. (188 threads)
[2023-10-31T08:38:29.974+0000][677.270s][info ][safepoint     ] Application time: 1.0010990 seconds
[2023-10-31T08:38:29.975+0000][677.271s][info ][safepoint     ] Entering safepoint region: Cleanup
[2023-10-31T08:38:29.976+0000][677.272s][info ][safepoint     ] Leaving safepoint region
[2023-10-31T08:38:29.976+0000][677.272s][info ][safepoint     ] Total time for which application threads were stopped: 0.0013717 seconds, Stopping threads took: 0.0006369 seconds
[2023-10-31T08:38:30.977+0000][678.273s][debug][safepoint     ] Safepoint synchronization initiated. (188 threads)
[2023-10-31T08:38:30.977+0000][678.274s][info ][safepoint     ] Application time: 1.0006496 seconds
[2023-10-31T08:38:30.978+0000][678.274s][info ][safepoint     ] Entering safepoint region: Cleanup
[2023-10-31T08:38:30.978+0000][678.275s][info ][safepoint     ] Leaving safepoint region
[2023-10-31T08:38:30.979+0000][678.275s][info ][safepoint     ] Total time for which application threads were stopped: 0.0010406 seconds, Stopping threads took: 0.0003986 seconds
[2023-10-31T08:38:31.979+0000][679.276s][debug][safepoint     ] Safepoint synchronization initiated. (188 threads)
[2023-10-31T08:38:31.980+0000][679.276s][info ][safepoint     ] Application time: 1.0009883 seconds
[2023-10-31T08:38:31.981+0000][679.277s][info ][safepoint     ] Entering safepoint region: Cleanup
[2023-10-31T08:38:31.981+0000][679.278s][info ][safepoint     ] Leaving safepoint region
[2023-10-31T08:38:31.982+0000][679.278s][info ][safepoint     ] Total time for which application threads were stopped: 0.0013295 seconds, Stopping threads took: 0.0005861 seconds
[2023-10-31T08:38:32.983+0000][680.279s][debug][safepoint     ] Safepoint synchronization initiated. (188 threads)
[2023-10-31T08:38:32.984+0000][680.280s][info ][safepoint     ] Application time: 1.0011264 seconds
[2023-10-31T08:38:32.984+0000][680.281s][info ][safepoint     ] Entering safepoint region: Cleanup
[2023-10-31T08:38:32.985+0000][680.281s][info ][safepoint     ] Leaving safepoint region
[2023-10-31T08:38:32.985+0000][680.282s][info ][safepoint     ] Total time for which application threads were stopped: 0.0012180 seconds, Stopping threads took: 0.0005034 seconds
[2023-10-31T08:38:33.986+0000][681.282s][debug][safepoint     ] Safepoint synchronization initiated. (188 threads)
[2023-10-31T08:38:33.987+0000][681.283s][info ][safepoint     ] Application time: 1.0008427 seconds
[2023-10-31T08:38:33.987+0000][681.284s][info ][safepoint     ] Entering safepoint region: Cleanup
[2023-10-31T08:38:33.988+0000][681.284s][info ][safepoint     ] Leaving safepoint region
[2023-10-31T08:38:33.988+0000][681.285s][info ][safepoint     ] Total time for which application threads were stopped: 0.0012465 seconds, Stopping threads took: 0.0004782 seconds
[2023-10-31T08:38:34.989+0000][682.286s][debug][safepoint     ] Safepoint synchronization initiated. (188 threads)
[2023-10-31T08:38:34.990+0000][682.287s][info ][safepoint     ] Application time: 1.0011621 seconds
[2023-10-31T08:38:34.991+0000][682.287s][info ][safepoint     ] Entering safepoint region: Cleanup
[2023-10-31T08:38:34.992+0000][682.288s][info ][safepoint     ] Leaving safepoint region
[2023-10-31T08:38:34.993+0000][682.289s][info ][safepoint     ] Total time for which application threads were stopped: 0.0021066 seconds, Stopping threads took: 0.0004920 seconds
[2023-10-31T08:38:35.994+0000][683.291s][debug][safepoint     ] Safepoint synchronization initiated. (188 threads)
[2023-10-31T08:38:35.995+0000][683.291s][info ][safepoint     ] Application time: 1.0008394 seconds
[2023-10-31T08:38:35.995+0000][683.292s][info ][safepoint     ] Entering safepoint region: Cleanup
[2023-10-31T08:38:35.996+0000][683.292s][info ][safepoint     ] Leaving safepoint region
[2023-10-31T08:38:35.997+0000][683.293s][info ][safepoint     ] Total time for which application threads were stopped: 0.0012421 seconds, Stopping threads took: 0.0005318 seconds
[2023-10-31T08:38:36.997+0000][684.294s][debug][safepoint     ] Safepoint synchronization initiated. (188 threads)
[2023-10-31T08:38:36.998+0000][684.294s][info ][safepoint     ] Application time: 1.0008473 seconds
[2023-10-31T08:38:36.999+0000][684.295s][info ][safepoint     ] Entering safepoint region: Cleanup
[2023-10-31T08:38:37.000+0000][684.296s][info ][safepoint     ] Leaving safepoint region
[2023-10-31T08:38:37.001+0000][684.297s][info ][safepoint     ] Total time for which application threads were stopped: 0.0022614 seconds, Stopping threads took: 0.0005808 seconds
[2023-10-31T08:38:38.002+0000][685.298s][debug][safepoint     ] Safepoint synchronization initiated. (188 threads)
[2023-10-31T08:38:38.003+0000][685.299s][info ][safepoint     ] Application time: 1.0007716 seconds
[2023-10-31T08:38:38.003+0000][685.300s][info ][safepoint     ] Entering safepoint region: Cleanup
[2023-10-31T08:38:38.004+0000][685.301s][info ][safepoint     ] Leaving safepoint region
[2023-10-31T08:38:38.006+0000][685.302s][info ][safepoint     ] Total time for which application threads were stopped: 0.0024624 seconds, Stopping threads took: 0.0005185 seconds
[2023-10-31T08:38:39.007+0000][686.303s][debug][safepoint     ] Safepoint synchronization initiated. (188 threads)
[2023-10-31T08:38:39.007+0000][686.304s][info ][safepoint     ] Application time: 1.0007263 seconds
[2023-10-31T08:38:39.008+0000][686.304s][info ][safepoint     ] Entering safepoint region: Cleanup
[2023-10-31T08:38:39.009+0000][686.305s][info ][safepoint     ] Leaving safepoint region
[2023-10-31T08:38:39.009+0000][686.306s][info ][safepoint     ] Total time for which application threads were stopped: 0.0013692 seconds, Stopping threads took: 0.0006002 seconds
[2023-10-31T08:38:40.010+0000][687.306s][debug][safepoint     ] Safepoint synchronization initiated. (188 threads)
[2023-10-31T08:38:40.011+0000][687.307s][info ][safepoint     ] Application time: 1.0010936 seconds
[2023-10-31T08:38:40.012+0000][687.308s][info ][safepoint     ] Entering safepoint region: Cleanup
[2023-10-31T08:38:40.012+0000][687.309s][info ][safepoint     ] Leaving safepoint region
[2023-10-31T08:38:40.013+0000][687.309s][info ][safepoint     ] Total time for which application threads were stopped: 0.0013747 seconds, Stopping threads took: 0.0005904 seconds
[2023-10-31T08:38:41.014+0000][688.310s][debug][safepoint     ] Safepoint synchronization initiated. (188 threads)
[2023-10-31T08:38:41.014+0000][688.310s][info ][safepoint     ] Application time: 1.0008828 seconds
[2023-10-31T08:38:41.015+0000][688.311s][info ][safepoint     ] Entering safepoint region: Cleanup
[2023-10-31T08:38:41.015+0000][688.312s][info ][safepoint     ] Leaving safepoint region
[2023-10-31T08:38:41.016+0000][688.312s][info ][safepoint     ] Total time for which application threads were stopped: 0.0012274 seconds, Stopping threads took: 0.0004983 seconds
[2023-10-31T08:38:42.017+0000][689.313s][debug][safepoint     ] Safepoint synchronization initiated. (188 threads)
[2023-10-31T08:38:42.018+0000][689.314s][info ][safepoint     ] Application time: 1.0013355 seconds
[2023-10-31T08:38:42.018+0000][689.314s][info ][safepoint     ] Entering safepoint region: Cleanup
[2023-10-31T08:38:42.019+0000][689.315s][info ][safepoint     ] Leaving safepoint region
[2023-10-31T08:38:42.019+0000][689.316s][info ][safepoint     ] Total time for which application threads were stopped: 0.0012813 seconds, Stopping threads took: 0.0005333 seconds
[2023-10-31T08:38:43.020+0000][690.316s][debug][safepoint     ] Safepoint synchronization initiated. (188 threads)
[2023-10-31T08:38:43.021+0000][690.317s][info ][safepoint     ] Application time: 1.0006764 seconds
[2023-10-31T08:38:43.021+0000][690.318s][info ][safepoint     ] Entering safepoint region: Cleanup
[2023-10-31T08:38:43.022+0000][690.318s][info ][safepoint     ] Leaving safepoint region
[2023-10-31T08:38:43.023+0000][690.319s][info ][safepoint     ] Total time for which application threads were stopped: 0.0014378 seconds, Stopping threads took: 0.0006139 seconds
[2023-10-31T08:38:44.024+0000][691.320s][debug][safepoint     ] Safepoint synchronization initiated. (188 threads)
[2023-10-31T08:38:44.024+0000][691.320s][info ][safepoint     ] Application time: 1.0007335 seconds
[2023-10-31T08:38:44.024+0000][691.321s][info ][safepoint     ] Entering safepoint region: Cleanup
[2023-10-31T08:38:44.025+0000][691.321s][info ][safepoint     ] Leaving safepoint region
[2023-10-31T08:38:44.026+0000][691.322s][info ][safepoint     ] Total time for which application threads were stopped: 0.0011330 seconds, Stopping threads took: 0.0004481 seconds
[2023-10-31T08:38:45.026+0000][692.322s][debug][safepoint     ] Safepoint synchronization initiated. (188 threads)
[2023-10-31T08:38:45.027+0000][692.323s][info ][safepoint     ] Application time: 1.0007562 seconds
[2023-10-31T08:38:45.027+0000][692.323s][info ][safepoint     ] Entering safepoint region: Cleanup
[2023-10-31T08:38:45.028+0000][692.324s][info ][safepoint     ] Leaving safepoint region
[2023-10-31T08:38:45.029+0000][692.325s][info ][safepoint     ] Total time for which application threads were stopped: 0.0015872 seconds, Stopping threads took: 0.0005304 seconds
[2023-10-31T08:38:46.029+0000][693.325s][debug][safepoint     ] Safepoint synchronization initiated. (188 threads)
[2023-10-31T08:38:46.030+0000][693.326s][info ][safepoint     ] Application time: 1.0005479 seconds
[2023-10-31T08:38:46.030+0000][693.326s][info ][safepoint     ] Entering safepoint region: Cleanup
[2023-10-31T08:38:46.030+0000][693.327s][info ][safepoint     ] Leaving safepoint region
[2023-10-31T08:38:46.031+0000][693.327s][info ][safepoint     ] Total time for which application threads were stopped: 0.0007839 seconds, Stopping threads took: 0.0003167 seconds
[2023-10-31T08:38:47.031+0000][694.328s][debug][safepoint     ] Safepoint synchronization initiated. (188 threads)
[2023-10-31T08:38:47.032+0000][694.328s][info ][safepoint     ] Application time: 1.0009438 seconds
[2023-10-31T08:38:47.033+0000][694.329s][info ][safepoint     ] Entering safepoint region: Cleanup
[2023-10-31T08:38:47.033+0000][694.330s][info ][safepoint     ] Leaving safepoint region
[2023-10-31T08:38:47.034+0000][694.330s][info ][safepoint     ] Total time for which application threads were stopped: 0.0014212 seconds, Stopping threads took: 0.0005550 seconds
[2023-10-31T08:38:48.035+0000][695.331s][debug][safepoint     ] Safepoint synchronization initiated. (188 threads)
[2023-10-31T08:38:48.036+0000][695.332s][info ][safepoint     ] Application time: 1.0011042 seconds
[2023-10-31T08:38:48.036+0000][695.333s][info ][safepoint     ] Entering safepoint region: Cleanup
[2023-10-31T08:38:48.037+0000][695.333s][info ][safepoint     ] Leaving safepoint region
[2023-10-31T08:38:48.038+0000][695.334s][info ][safepoint     ] Total time for which application threads were stopped: 0.0014009 seconds, Stopping threads took: 0.0006458 seconds
[2023-10-31T08:38:49.039+0000][696.335s][debug][safepoint     ] Safepoint synchronization initiated. (188 threads)
[2023-10-31T08:38:49.039+0000][696.335s][info ][safepoint     ] Application time: 1.0009503 seconds
[2023-10-31T08:38:49.040+0000][696.336s][info ][safepoint     ] Entering safepoint region: Cleanup
[2023-10-31T08:38:49.041+0000][696.337s][info ][safepoint     ] Leaving safepoint region
[2023-10-31T08:38:49.041+0000][696.338s][info ][safepoint     ] Total time for which application threads were stopped: 0.0015147 seconds, Stopping threads took: 0.0006609 seconds
[2023-10-31T08:38:50.042+0000][697.338s][debug][safepoint     ] Safepoint synchronization initiated. (188 threads)
[2023-10-31T08:38:50.043+0000][697.339s][info ][safepoint     ] Application time: 1.0006570 seconds
[2023-10-31T08:38:50.043+0000][697.339s][info ][safepoint     ] Entering safepoint region: Cleanup
[2023-10-31T08:38:50.044+0000][697.340s][info ][safepoint     ] Leaving safepoint region
[2023-10-31T08:38:50.044+0000][697.340s][info ][safepoint     ] Total time for which application threads were stopped: 0.0009691 seconds, Stopping threads took: 0.0004067 seconds
[2023-10-31T08:38:51.045+0000][698.341s][debug][safepoint     ] Safepoint synchronization initiated. (188 threads)
[2023-10-31T08:38:51.045+0000][698.342s][info ][safepoint     ] Application time: 1.0009394 seconds
[2023-10-31T08:38:51.046+0000][698.342s][info ][safepoint     ] Entering safepoint region: Cleanup
[2023-10-31T08:38:51.047+0000][698.343s][info ][safepoint     ] Leaving safepoint region
[2023-10-31T08:38:51.047+0000][698.343s][info ][safepoint     ] Total time for which application threads were stopped: 0.0012941 seconds, Stopping threads took: 0.0005410 seconds
[2023-10-31T08:38:52.048+0000][699.344s][debug][safepoint     ] Safepoint synchronization initiated. (188 threads)
[2023-10-31T08:38:52.048+0000][699.344s][info ][safepoint     ] Application time: 1.0004767 seconds
[2023-10-31T08:38:52.048+0000][699.345s][info ][safepoint     ] Entering safepoint region: Cleanup
[2023-10-31T08:38:52.049+0000][699.345s][info ][safepoint     ] Leaving safepoint region
[2023-10-31T08:38:52.049+0000][699.345s][info ][safepoint     ] Total time for which application threads were stopped: 0.0007387 seconds, Stopping threads took: 0.0003059 seconds
[2023-10-31T08:38:53.049+0000][700.346s][debug][safepoint     ] Safepoint synchronization initiated. (188 threads)
[2023-10-31T08:38:53.050+0000][700.346s][info ][safepoint     ] Application time: 1.0009184 seconds
[2023-10-31T08:38:53.051+0000][700.347s][info ][safepoint     ] Entering safepoint region: Cleanup
[2023-10-31T08:38:53.051+0000][700.348s][info ][safepoint     ] Leaving safepoint region
[2023-10-31T08:38:53.052+0000][700.348s][info ][safepoint     ] Total time for which application threads were stopped: 0.0011812 seconds, Stopping threads took: 0.0004743 seconds
[2023-10-31T08:38:54.052+0000][701.349s][debug][safepoint     ] Safepoint synchronization initiated. (188 threads)
[2023-10-31T08:38:54.054+0000][701.350s][info ][safepoint     ] Application time: 1.0017174 seconds
[2023-10-31T08:38:54.056+0000][701.352s][info ][safepoint     ] Entering safepoint region: Cleanup
[2023-10-31T08:38:54.058+0000][701.354s][info ][safepoint     ] Leaving safepoint region
[2023-10-31T08:38:54.058+0000][701.354s][info ][safepoint     ] Total time for which application threads were stopped: 0.0026261 seconds, Stopping threads took: 0.0017139 seconds
[2023-10-31T08:38:55.059+0000][702.355s][debug][safepoint     ] Safepoint synchronization initiated. (188 threads)
[2023-10-31T08:38:55.060+0000][702.357s][info ][safepoint     ] Application time: 1.0016521 seconds
[2023-10-31T08:38:55.061+0000][702.357s][info ][safepoint     ] Entering safepoint region: Cleanup
[2023-10-31T08:38:55.062+0000][702.358s][info ][safepoint     ] Leaving safepoint region
[2023-10-31T08:38:55.062+0000][702.358s][info ][safepoint     ] Total time for which application threads were stopped: 0.0011669 seconds, Stopping threads took: 0.0005463 seconds
[2023-10-31T08:38:56.063+0000][703.359s][debug][safepoint     ] Safepoint synchronization initiated. (188 threads)
[2023-10-31T08:38:56.063+0000][703.360s][info ][safepoint     ] Application time: 1.0008950 seconds
[2023-10-31T08:38:56.064+0000][703.360s][info ][safepoint     ] Entering safepoint region: Cleanup
[2023-10-31T08:38:56.065+0000][703.361s][info ][safepoint     ] Leaving safepoint region
[2023-10-31T08:38:56.065+0000][703.361s][info ][safepoint     ] Total time for which application threads were stopped: 0.0012698 seconds, Stopping threads took: 0.0006052 seconds
[2023-10-31T08:38:57.066+0000][704.362s][debug][safepoint     ] Safepoint synchronization initiated. (188 threads)
[2023-10-31T08:38:57.066+0000][704.363s][info ][safepoint     ] Application time: 1.0009803 seconds
[2023-10-31T08:38:57.067+0000][704.363s][info ][safepoint     ] Entering safepoint region: Cleanup
[2023-10-31T08:38:57.068+0000][704.364s][info ][safepoint     ] Leaving safepoint region
[2023-10-31T08:38:57.069+0000][704.365s][info ][safepoint     ] Total time for which application threads were stopped: 0.0014840 seconds, Stopping threads took: 0.0006499 seconds
[2023-10-31T08:38:58.070+0000][705.366s][debug][safepoint     ] Safepoint synchronization initiated. (188 threads)
[2023-10-31T08:38:58.070+0000][705.366s][info ][safepoint     ] Application time: 1.0008122 seconds
[2023-10-31T08:38:58.071+0000][705.367s][info ][safepoint     ] Entering safepoint region: Cleanup
[2023-10-31T08:38:58.072+0000][705.368s][info ][safepoint     ] Leaving safepoint region
[2023-10-31T08:38:58.072+0000][705.368s][info ][safepoint     ] Total time for which application threads were stopped: 0.0011270 seconds, Stopping threads took: 0.0004666 seconds
[2023-10-31T08:38:59.073+0000][706.369s][debug][safepoint     ] Safepoint synchronization initiated. (188 threads)
[2023-10-31T08:38:59.074+0000][706.370s][info ][safepoint     ] Application time: 1.0013401 seconds
[2023-10-31T08:38:59.075+0000][706.371s][info ][safepoint     ] Entering safepoint region: Cleanup
[2023-10-31T08:38:59.076+0000][706.372s][info ][safepoint     ] Leaving safepoint region
[2023-10-31T08:38:59.077+0000][706.372s][info ][safepoint     ] Total time for which application threads were stopped: 0.0019049 seconds, Stopping threads took: 0.0009044 seconds
[2023-10-31T08:39:00.078+0000][707.374s][debug][safepoint     ] Safepoint synchronization initiated. (187 threads)
[2023-10-31T08:39:00.079+0000][707.375s][info ][safepoint     ] Application time: 1.0011762 seconds
[2023-10-31T08:39:00.079+0000][707.375s][info ][safepoint     ] Entering safepoint region: Cleanup
[2023-10-31T08:39:00.080+0000][707.376s][info ][safepoint     ] Leaving safepoint region
[2023-10-31T08:39:00.081+0000][707.377s][info ][safepoint     ] Total time for which application threads were stopped: 0.0018249 seconds, Stopping threads took: 0.0008182 seconds
[2023-10-31T08:39:01.082+0000][708.378s][debug][safepoint     ] Safepoint synchronization initiated. (188 threads)
[2023-10-31T08:39:01.083+0000][708.379s][info ][safepoint     ] Application time: 1.0007507 seconds
[2023-10-31T08:39:01.083+0000][708.379s][info ][safepoint     ] Entering safepoint region: Cleanup
[2023-10-31T08:39:01.084+0000][708.380s][info ][safepoint     ] Leaving safepoint region
[2023-10-31T08:39:01.084+0000][708.380s][info ][safepoint     ] Total time for which application threads were stopped: 0.0013022 seconds, Stopping threads took: 0.0006164 seconds
[2023-10-31T08:39:02.085+0000][709.381s][debug][safepoint     ] Safepoint synchronization initiated. (188 threads)
[2023-10-31T08:39:02.086+0000][709.382s][info ][safepoint     ] Application time: 1.0015381 seconds
[2023-10-31T08:39:02.088+0000][709.384s][info ][safepoint     ] Entering safepoint region: Cleanup
[2023-10-31T08:39:02.089+0000][709.385s][info ][safepoint     ] Leaving safepoint region
[2023-10-31T08:39:02.090+0000][709.386s][info ][safepoint     ] Total time for which application threads were stopped: 0.0024533 seconds, Stopping threads took: 0.0010359 seconds
[2023-10-31T08:39:03.091+0000][710.387s][debug][safepoint     ] Safepoint synchronization initiated. (188 threads)
[2023-10-31T08:39:03.092+0000][710.388s][info ][safepoint     ] Application time: 1.0014163 seconds
[2023-10-31T08:39:03.093+0000][710.389s][info ][safepoint     ] Entering safepoint region: Cleanup
[2023-10-31T08:39:03.094+0000][710.390s][info ][safepoint     ] Leaving safepoint region
[2023-10-31T08:39:03.095+0000][710.391s][info ][safepoint     ] Total time for which application threads were stopped: 0.0021855 seconds, Stopping threads took: 0.0009316 seconds
[2023-10-31T08:39:04.096+0000][711.392s][debug][safepoint     ] Safepoint synchronization initiated. (189 threads)
[2023-10-31T08:39:04.097+0000][711.393s][info ][safepoint     ] Application time: 1.0010659 seconds
[2023-10-31T08:39:04.098+0000][711.394s][info ][safepoint     ] Entering safepoint region: Cleanup
[2023-10-31T08:39:04.099+0000][711.395s][info ][safepoint     ] Leaving safepoint region
[2023-10-31T08:39:04.099+0000][711.395s][info ][safepoint     ] Total time for which application threads were stopped: 0.0015095 seconds, Stopping threads took: 0.0007306 seconds
[2023-10-31T08:39:05.100+0000][712.396s][debug][safepoint     ] Safepoint synchronization initiated. (189 threads)
[2023-10-31T08:39:05.101+0000][712.397s][info ][safepoint     ] Application time: 1.0013666 seconds
[2023-10-31T08:39:05.102+0000][712.398s][info ][safepoint     ] Entering safepoint region: Cleanup
[2023-10-31T08:39:05.104+0000][712.400s][info ][safepoint     ] Leaving safepoint region
[2023-10-31T08:39:05.105+0000][712.400s][info ][safepoint     ] Total time for which application threads were stopped: 0.0021560 seconds, Stopping threads took: 0.0010269 seconds
[2023-10-31T08:39:06.106+0000][713.402s][debug][safepoint     ] Safepoint synchronization initiated. (189 threads)
[2023-10-31T08:39:06.107+0000][713.402s][info ][safepoint     ] Application time: 1.0010807 seconds
[2023-10-31T08:39:06.107+0000][713.403s][info ][safepoint     ] Entering safepoint region: Cleanup
[2023-10-31T08:39:06.108+0000][713.404s][info ][safepoint     ] Leaving safepoint region
[2023-10-31T08:39:06.109+0000][713.405s][info ][safepoint     ] Total time for which application threads were stopped: 0.0015484 seconds, Stopping threads took: 0.0006305 seconds
[2023-10-31T08:39:07.110+0000][714.406s][debug][safepoint     ] Safepoint synchronization initiated. (189 threads)
[2023-10-31T08:39:07.111+0000][714.407s][info ][safepoint     ] Application time: 1.0012065 seconds
[2023-10-31T08:39:07.112+0000][714.408s][info ][safepoint     ] Entering safepoint region: Cleanup
[2023-10-31T08:39:07.113+0000][714.409s][info ][safepoint     ] Leaving safepoint region
[2023-10-31T08:39:07.113+0000][714.409s][info ][safepoint     ] Total time for which application threads were stopped: 0.0016457 seconds, Stopping threads took: 0.0007823 seconds
[2023-10-31T08:39:08.114+0000][715.410s][debug][safepoint     ] Safepoint synchronization initiated. (189 threads)
[2023-10-31T08:39:08.115+0000][715.411s][info ][safepoint     ] Application time: 1.0014857 seconds
[2023-10-31T08:39:08.116+0000][715.412s][info ][safepoint     ] Entering safepoint region: Cleanup
[2023-10-31T08:39:08.118+0000][715.414s][info ][safepoint     ] Leaving safepoint region
[2023-10-31T08:39:08.118+0000][715.414s][info ][safepoint     ] Total time for which application threads were stopped: 0.0019896 seconds, Stopping threads took: 0.0009793 seconds
[2023-10-31T08:39:09.119+0000][716.415s][debug][safepoint     ] Safepoint synchronization initiated. (189 threads)
[2023-10-31T08:39:09.120+0000][716.416s][info ][safepoint     ] Application time: 1.0014399 seconds
[2023-10-31T08:39:09.122+0000][716.418s][info ][safepoint     ] Entering safepoint region: Cleanup
[2023-10-31T08:39:09.123+0000][716.419s][info ][safepoint     ] Leaving safepoint region
[2023-10-31T08:39:09.124+0000][716.420s][info ][safepoint     ] Total time for which application threads were stopped: 0.0023096 seconds, Stopping threads took: 0.0010406 seconds
[2023-10-31T08:39:10.125+0000][717.421s][debug][safepoint     ] Safepoint synchronization initiated. (189 threads)
[2023-10-31T08:39:10.126+0000][717.422s][info ][safepoint     ] Application time: 1.0015318 seconds
[2023-10-31T08:39:10.127+0000][717.423s][info ][safepoint     ] Entering safepoint region: Cleanup
[2023-10-31T08:39:10.129+0000][717.424s][info ][safepoint     ] Leaving safepoint region
[2023-10-31T08:39:10.129+0000][717.425s][info ][safepoint     ] Total time for which application threads were stopped: 0.0023459 seconds, Stopping threads took: 0.0010341 seconds
[2023-10-31T08:39:11.130+0000][718.426s][debug][safepoint     ] Safepoint synchronization initiated. (189 threads)
[2023-10-31T08:39:11.131+0000][718.427s][info ][safepoint     ] Application time: 1.0010485 seconds
[2023-10-31T08:39:11.132+0000][718.428s][info ][safepoint     ] Entering safepoint region: Cleanup
[2023-10-31T08:39:11.133+0000][718.429s][info ][safepoint     ] Leaving safepoint region
[2023-10-31T08:39:11.134+0000][718.430s][info ][safepoint     ] Total time for which application threads were stopped: 0.0017719 seconds, Stopping threads took: 0.0008383 seconds
[2023-10-31T08:39:12.135+0000][719.431s][debug][safepoint     ] Safepoint synchronization initiated. (189 threads)
[2023-10-31T08:39:12.135+0000][719.431s][info ][safepoint     ] Application time: 1.0010167 seconds
[2023-10-31T08:39:12.136+0000][719.432s][info ][safepoint     ] Entering safepoint region: Cleanup
[2023-10-31T08:39:12.137+0000][719.433s][info ][safepoint     ] Leaving safepoint region
[2023-10-31T08:39:12.138+0000][719.434s][info ][safepoint     ] Total time for which application threads were stopped: 0.0014431 seconds, Stopping threads took: 0.0006859 seconds
[2023-10-31T08:39:13.138+0000][720.434s][debug][safepoint     ] Safepoint synchronization initiated. (189 threads)
[2023-10-31T08:39:13.139+0000][720.435s][info ][safepoint     ] Application time: 1.0004596 seconds
[2023-10-31T08:39:13.139+0000][720.435s][info ][safepoint     ] Entering safepoint region: Cleanup
[2023-10-31T08:39:13.140+0000][720.435s][info ][safepoint     ] Leaving safepoint region
[2023-10-31T08:39:13.140+0000][720.436s][info ][safepoint     ] Total time for which application threads were stopped: 0.0008960 seconds, Stopping threads took: 0.0003887 seconds
[2023-10-31T08:39:14.140+0000][721.436s][debug][safepoint     ] Safepoint synchronization initiated. (189 threads)
[2023-10-31T08:39:14.142+0000][721.438s][info ][safepoint     ] Application time: 1.0016816 seconds
[2023-10-31T08:39:14.143+0000][721.439s][info ][safepoint     ] Entering safepoint region: Cleanup
[2023-10-31T08:39:14.144+0000][721.440s][info ][safepoint     ] Leaving safepoint region
[2023-10-31T08:39:14.145+0000][721.441s][info ][safepoint     ] Total time for which application threads were stopped: 0.0025252 seconds, Stopping threads took: 0.0010242 seconds
[2023-10-31T08:39:15.146+0000][722.442s][debug][safepoint     ] Safepoint synchronization initiated. (189 threads)
[2023-10-31T08:39:15.147+0000][722.443s][info ][safepoint     ] Application time: 1.0007238 seconds
[2023-10-31T08:39:15.147+0000][722.443s][info ][safepoint     ] Entering safepoint region: Cleanup
[2023-10-31T08:39:15.148+0000][722.444s][info ][safepoint     ] Leaving safepoint region
[2023-10-31T08:39:15.148+0000][722.444s][info ][safepoint     ] Total time for which application threads were stopped: 0.0008513 seconds, Stopping threads took: 0.0003804 seconds
[2023-10-31T08:39:16.149+0000][723.445s][debug][safepoint     ] Safepoint synchronization initiated. (189 threads)
[2023-10-31T08:39:16.149+0000][723.445s][info ][safepoint     ] Application time: 1.0009028 seconds
[2023-10-31T08:39:16.150+0000][723.446s][info ][safepoint     ] Entering safepoint region: Cleanup
[2023-10-31T08:39:16.150+0000][723.446s][info ][safepoint     ] Leaving safepoint region
[2023-10-31T08:39:16.150+0000][723.446s][info ][safepoint     ] Total time for which application threads were stopped: 0.0009365 seconds, Stopping threads took: 0.0003761 seconds
[2023-10-31T08:39:17.151+0000][724.447s][debug][safepoint     ] Safepoint synchronization initiated. (189 threads)
[2023-10-31T08:39:17.153+0000][724.449s][info ][safepoint     ] Application time: 1.0019822 seconds
[2023-10-31T08:39:17.154+0000][724.450s][info ][safepoint     ] Entering safepoint region: Cleanup
[2023-10-31T08:39:17.155+0000][724.451s][info ][safepoint     ] Leaving safepoint region
[2023-10-31T08:39:17.155+0000][724.451s][info ][safepoint     ] Total time for which application threads were stopped: 0.0017199 seconds, Stopping threads took: 0.0007810 seconds
[2023-10-31T08:39:18.156+0000][725.452s][debug][safepoint     ] Safepoint synchronization initiated. (189 threads)
[2023-10-31T08:39:18.158+0000][725.454s][info ][safepoint     ] Application time: 1.0016391 seconds
[2023-10-31T08:39:18.159+0000][725.454s][info ][safepoint     ] Entering safepoint region: Cleanup
[2023-10-31T08:39:18.160+0000][725.456s][info ][safepoint     ] Leaving safepoint region
[2023-10-31T08:39:18.160+0000][725.456s][info ][safepoint     ] Total time for which application threads were stopped: 0.0017156 seconds, Stopping threads took: 0.0008378 seconds
[2023-10-31T08:39:19.161+0000][726.457s][debug][safepoint     ] Safepoint synchronization initiated. (189 threads)
[2023-10-31T08:39:19.162+0000][726.458s][info ][safepoint     ] Application time: 1.0013358 seconds
[2023-10-31T08:39:19.163+0000][726.459s][info ][safepoint     ] Entering safepoint region: Cleanup
[2023-10-31T08:39:19.164+0000][726.460s][info ][safepoint     ] Leaving safepoint region
[2023-10-31T08:39:19.164+0000][726.460s][info ][safepoint     ] Total time for which application threads were stopped: 0.0013069 seconds, Stopping threads took: 0.0005875 seconds
[2023-10-31T08:39:20.165+0000][727.461s][debug][safepoint     ] Safepoint synchronization initiated. (189 threads)
[2023-10-31T08:39:20.166+0000][727.461s][info ][safepoint     ] Application time: 1.0008004 seconds
[2023-10-31T08:39:20.166+0000][727.462s][info ][safepoint     ] Entering safepoint region: Cleanup
[2023-10-31T08:39:20.167+0000][727.463s][info ][safepoint     ] Leaving safepoint region
[2023-10-31T08:39:20.168+0000][727.464s][info ][safepoint     ] Total time for which application threads were stopped: 0.0013188 seconds, Stopping threads took: 0.0005364 seconds
[2023-10-31T08:39:21.169+0000][728.464s][debug][safepoint     ] Safepoint synchronization initiated. (189 threads)
[2023-10-31T08:39:21.170+0000][728.466s][info ][safepoint     ] Application time: 1.0014985 seconds
[2023-10-31T08:39:21.171+0000][728.467s][info ][safepoint     ] Entering safepoint region: Cleanup
[2023-10-31T08:39:21.172+0000][728.468s][info ][safepoint     ] Leaving safepoint region
[2023-10-31T08:39:21.173+0000][728.468s][info ][safepoint     ] Total time for which application threads were stopped: 0.0018063 seconds, Stopping threads took: 0.0008065 seconds
[2023-10-31T08:39:22.173+0000][729.469s][debug][safepoint     ] Safepoint synchronization initiated. (189 threads)
[2023-10-31T08:39:22.175+0000][729.471s][info ][safepoint     ] Application time: 1.0015862 seconds
[2023-10-31T08:39:22.176+0000][729.472s][info ][safepoint     ] Entering safepoint region: Cleanup
[2023-10-31T08:39:22.177+0000][729.473s][info ][safepoint     ] Leaving safepoint region
[2023-10-31T08:39:22.178+0000][729.474s][info ][safepoint     ] Total time for which application threads were stopped: 0.0022239 seconds, Stopping threads took: 0.0008869 seconds
[2023-10-31T08:39:23.179+0000][730.475s][debug][safepoint     ] Safepoint synchronization initiated. (189 threads)
[2023-10-31T08:39:23.179+0000][730.475s][info ][safepoint     ] Application time: 1.0008442 seconds
[2023-10-31T08:39:23.180+0000][730.476s][info ][safepoint     ] Entering safepoint region: Cleanup
[2023-10-31T08:39:23.180+0000][730.476s][info ][safepoint     ] Leaving safepoint region
[2023-10-31T08:39:23.181+0000][730.477s][info ][safepoint     ] Total time for which application threads were stopped: 0.0010774 seconds, Stopping threads took: 0.0005036 seconds
[2023-10-31T08:39:24.181+0000][731.477s][debug][safepoint     ] Safepoint synchronization initiated. (189 threads)
[2023-10-31T08:39:24.183+0000][731.479s][info ][safepoint     ] Application time: 1.0015828 seconds
[2023-10-31T08:39:24.184+0000][731.480s][info ][safepoint     ] Entering safepoint region: Cleanup
[2023-10-31T08:39:24.186+0000][731.482s][info ][safepoint     ] Leaving safepoint region
[2023-10-31T08:39:24.187+0000][731.483s][info ][safepoint     ] Total time for which application threads were stopped: 0.0028933 seconds, Stopping threads took: 0.0011343 seconds
[2023-10-31T08:39:25.188+0000][732.484s][debug][safepoint     ] Safepoint synchronization initiated. (189 threads)
[2023-10-31T08:39:25.188+0000][732.484s][info ][safepoint     ] Application time: 1.0007115 seconds
[2023-10-31T08:39:25.189+0000][732.485s][info ][safepoint     ] Entering safepoint region: Cleanup
[2023-10-31T08:39:25.189+0000][732.485s][info ][safepoint     ] Leaving safepoint region
[2023-10-31T08:39:25.190+0000][732.486s][info ][safepoint     ] Total time for which application threads were stopped: 0.0011674 seconds, Stopping threads took: 0.0005302 seconds
[2023-10-31T08:39:26.191+0000][733.487s][debug][safepoint     ] Safepoint synchronization initiated. (189 threads)
[2023-10-31T08:39:26.191+0000][733.487s][info ][safepoint     ] Application time: 1.0010973 seconds
[2023-10-31T08:39:26.192+0000][733.488s][info ][safepoint     ] Entering safepoint region: Cleanup
[2023-10-31T08:39:26.193+0000][733.489s][info ][safepoint     ] Leaving safepoint region
[2023-10-31T08:39:26.193+0000][733.489s][info ][safepoint     ] Total time for which application threads were stopped: 0.0011810 seconds, Stopping threads took: 0.0005562 seconds
[2023-10-31T08:39:27.194+0000][734.490s][debug][safepoint     ] Safepoint synchronization initiated. (189 threads)
[2023-10-31T08:39:27.195+0000][734.491s][info ][safepoint     ] Application time: 1.0016209 seconds
[2023-10-31T08:39:27.196+0000][734.492s][info ][safepoint     ] Entering safepoint region: Cleanup
[2023-10-31T08:39:27.198+0000][734.493s][info ][safepoint     ] Leaving safepoint region
[2023-10-31T08:39:27.198+0000][734.494s][info ][safepoint     ] Total time for which application threads were stopped: 0.0022025 seconds, Stopping threads took: 0.0010452 seconds
[2023-10-31T08:39:28.200+0000][735.495s][debug][safepoint     ] Safepoint synchronization initiated. (189 threads)
[2023-10-31T08:39:28.201+0000][735.496s][info ][safepoint     ] Application time: 1.0014317 seconds
[2023-10-31T08:39:28.202+0000][735.497s][info ][safepoint     ] Entering safepoint region: Cleanup
[2023-10-31T08:39:28.203+0000][735.499s][info ][safepoint     ] Leaving safepoint region
[2023-10-31T08:39:28.203+0000][735.499s][info ][safepoint     ] Total time for which application threads were stopped: 0.0019025 seconds, Stopping threads took: 0.0009149 seconds
[2023-10-31T08:39:29.204+0000][736.500s][debug][safepoint     ] Safepoint synchronization initiated. (189 threads)
[2023-10-31T08:39:29.205+0000][736.501s][info ][safepoint     ] Application time: 1.0013008 seconds
[2023-10-31T08:39:29.206+0000][736.502s][info ][safepoint     ] Entering safepoint region: Cleanup
[2023-10-31T08:39:29.207+0000][736.503s][info ][safepoint     ] Leaving safepoint region
[2023-10-31T08:39:29.207+0000][736.503s][info ][safepoint     ] Total time for which application threads were stopped: 0.0012976 seconds, Stopping threads took: 0.0005657 seconds
[2023-10-31T08:39:30.208+0000][737.504s][debug][safepoint     ] Safepoint synchronization initiated. (189 threads)
[2023-10-31T08:39:30.209+0000][737.505s][info ][safepoint     ] Application time: 1.0011919 seconds
[2023-10-31T08:39:30.210+0000][737.506s][info ][safepoint     ] Entering safepoint region: Cleanup
[2023-10-31T08:39:30.211+0000][737.507s][info ][safepoint     ] Leaving safepoint region
[2023-10-31T08:39:30.211+0000][737.507s][info ][safepoint     ] Total time for which application threads were stopped: 0.0017220 seconds, Stopping threads took: 0.0007467 seconds
[2023-10-31T08:39:31.212+0000][738.508s][debug][safepoint     ] Safepoint synchronization initiated. (189 threads)
[2023-10-31T08:39:31.213+0000][738.509s][info ][safepoint     ] Application time: 1.0009919 seconds
[2023-10-31T08:39:31.214+0000][738.510s][info ][safepoint     ] Entering safepoint region: Cleanup
[2023-10-31T08:39:31.215+0000][738.510s][info ][safepoint     ] Leaving safepoint region
[2023-10-31T08:39:31.215+0000][738.511s][info ][safepoint     ] Total time for which application threads were stopped: 0.0014481 seconds, Stopping threads took: 0.0006937 seconds
[2023-10-31T08:39:32.216+0000][739.512s][debug][safepoint     ] Safepoint synchronization initiated. (189 threads)
[2023-10-31T08:39:32.217+0000][739.512s][info ][safepoint     ] Application time: 1.0011030 seconds
[2023-10-31T08:39:32.217+0000][739.513s][info ][safepoint     ] Entering safepoint region: Cleanup
[2023-10-31T08:39:32.218+0000][739.514s][info ][safepoint     ] Leaving safepoint region
[2023-10-31T08:39:32.219+0000][739.515s][info ][safepoint     ] Total time for which application threads were stopped: 0.0016531 seconds, Stopping threads took: 0.0007975 seconds
[2023-10-31T08:39:33.220+0000][740.515s][debug][safepoint     ] Safepoint synchronization initiated. (189 threads)
[2023-10-31T08:39:33.220+0000][740.516s][info ][safepoint     ] Application time: 1.0007405 seconds
[2023-10-31T08:39:33.221+0000][740.516s][info ][safepoint     ] Entering safepoint region: Cleanup
[2023-10-31T08:39:33.221+0000][740.517s][info ][safepoint     ] Leaving safepoint region
[2023-10-31T08:39:33.222+0000][740.518s][info ][safepoint     ] Total time for which application threads were stopped: 0.0011497 seconds, Stopping threads took: 0.0005777 seconds
[2023-10-31T08:39:34.222+0000][741.518s][debug][safepoint     ] Safepoint synchronization initiated. (189 threads)
[2023-10-31T08:39:34.223+0000][741.519s][info ][safepoint     ] Application time: 1.0006523 seconds
[2023-10-31T08:39:34.223+0000][741.519s][info ][safepoint     ] Entering safepoint region: Cleanup
[2023-10-31T08:39:34.224+0000][741.519s][info ][safepoint     ] Leaving safepoint region
[2023-10-31T08:39:34.224+0000][741.520s][info ][safepoint     ] Total time for which application threads were stopped: 0.0007988 seconds, Stopping threads took: 0.0003351 seconds
[2023-10-31T08:39:35.225+0000][742.520s][debug][safepoint     ] Safepoint synchronization initiated. (189 threads)
[2023-10-31T08:39:35.226+0000][742.522s][info ][safepoint     ] Application time: 1.0016494 seconds
[2023-10-31T08:39:35.227+0000][742.523s][info ][safepoint     ] Entering safepoint region: Cleanup
[2023-10-31T08:39:35.228+0000][742.524s][info ][safepoint     ] Leaving safepoint region
[2023-10-31T08:39:35.229+0000][742.525s][info ][safepoint     ] Total time for which application threads were stopped: 0.0020240 seconds, Stopping threads took: 0.0007965 seconds
[2023-10-31T08:39:36.230+0000][743.525s][debug][safepoint     ] Safepoint synchronization initiated. (189 threads)
[2023-10-31T08:39:36.230+0000][743.526s][info ][safepoint     ] Application time: 1.0010633 seconds
[2023-10-31T08:39:36.231+0000][743.527s][info ][safepoint     ] Entering safepoint region: Cleanup
[2023-10-31T08:39:36.232+0000][743.528s][info ][safepoint     ] Leaving safepoint region
[2023-10-31T08:39:36.233+0000][743.529s][info ][safepoint     ] Total time for which application threads were stopped: 0.0017424 seconds, Stopping threads took: 0.0006404 seconds
[2023-10-31T08:39:37.234+0000][744.529s][debug][safepoint     ] Safepoint synchronization initiated. (189 threads)
[2023-10-31T08:39:37.235+0000][744.531s][info ][safepoint     ] Application time: 1.0016512 seconds
[2023-10-31T08:39:37.236+0000][744.532s][info ][safepoint     ] Entering safepoint region: Cleanup
[2023-10-31T08:39:37.237+0000][744.533s][info ][safepoint     ] Leaving safepoint region
[2023-10-31T08:39:37.238+0000][744.534s][info ][safepoint     ] Total time for which application threads were stopped: 0.0019298 seconds, Stopping threads took: 0.0009597 seconds
[2023-10-31T08:39:38.239+0000][745.535s][debug][safepoint     ] Safepoint synchronization initiated. (189 threads)
[2023-10-31T08:39:38.240+0000][745.536s][info ][safepoint     ] Application time: 1.0012081 seconds
[2023-10-31T08:39:38.241+0000][745.537s][info ][safepoint     ] Entering safepoint region: Cleanup
[2023-10-31T08:39:38.242+0000][745.538s][info ][safepoint     ] Leaving safepoint region
[2023-10-31T08:39:38.243+0000][745.538s][info ][safepoint     ] Total time for which application threads were stopped: 0.0019118 seconds, Stopping threads took: 0.0007316 seconds
[2023-10-31T08:39:39.244+0000][746.539s][debug][safepoint     ] Safepoint synchronization initiated. (189 threads)
[2023-10-31T08:39:39.244+0000][746.540s][info ][safepoint     ] Application time: 1.0010152 seconds
[2023-10-31T08:39:39.245+0000][746.541s][info ][safepoint     ] Entering safepoint region: Cleanup
[2023-10-31T08:39:39.246+0000][746.542s][info ][safepoint     ] Leaving safepoint region
[2023-10-31T08:39:39.247+0000][746.543s][info ][safepoint     ] Total time for which application threads were stopped: 0.0019150 seconds, Stopping threads took: 0.0007899 seconds
[2023-10-31T08:39:40.248+0000][747.544s][debug][safepoint     ] Safepoint synchronization initiated. (189 threads)
[2023-10-31T08:39:40.249+0000][747.545s][info ][safepoint     ] Application time: 1.0015461 seconds
[2023-10-31T08:39:40.251+0000][747.546s][info ][safepoint     ] Entering safepoint region: Cleanup
[2023-10-31T08:39:40.252+0000][747.548s][info ][safepoint     ] Leaving safepoint region
[2023-10-31T08:39:40.253+0000][747.549s][info ][safepoint     ] Total time for which application threads were stopped: 0.0022225 seconds, Stopping threads took: 0.0009097 seconds
[2023-10-31T08:39:41.254+0000][748.550s][debug][safepoint     ] Safepoint synchronization initiated. (189 threads)
[2023-10-31T08:39:41.255+0000][748.550s][info ][safepoint     ] Application time: 1.0010595 seconds
[2023-10-31T08:39:41.255+0000][748.551s][info ][safepoint     ] Entering safepoint region: Cleanup
[2023-10-31T08:39:41.256+0000][748.552s][info ][safepoint     ] Leaving safepoint region
[2023-10-31T08:39:41.257+0000][748.552s][info ][safepoint     ] Total time for which application threads were stopped: 0.0013229 seconds, Stopping threads took: 0.0004831 seconds
[2023-10-31T08:39:42.257+0000][749.553s][debug][safepoint     ] Safepoint synchronization initiated. (189 threads)
[2023-10-31T08:39:42.259+0000][749.554s][info ][safepoint     ] Application time: 1.0014658 seconds
[2023-10-31T08:39:42.260+0000][749.556s][info ][safepoint     ] Entering safepoint region: Cleanup
[2023-10-31T08:39:42.261+0000][749.557s][info ][safepoint     ] Leaving safepoint region
[2023-10-31T08:39:42.262+0000][749.558s][info ][safepoint     ] Total time for which application threads were stopped: 0.0023657 seconds, Stopping threads took: 0.0012028 seconds
[2023-10-31T08:39:43.263+0000][750.559s][debug][safepoint     ] Safepoint synchronization initiated. (189 threads)
[2023-10-31T08:39:43.264+0000][750.560s][info ][safepoint     ] Application time: 1.0015408 seconds
[2023-10-31T08:39:43.265+0000][750.561s][info ][safepoint     ] Entering safepoint region: Cleanup
[2023-10-31T08:39:43.266+0000][750.562s][info ][safepoint     ] Leaving safepoint region
[2023-10-31T08:39:43.267+0000][750.563s][info ][safepoint     ] Total time for which application threads were stopped: 0.0018856 seconds, Stopping threads took: 0.0008243 seconds
[2023-10-31T08:39:44.268+0000][751.564s][debug][safepoint     ] Safepoint synchronization initiated. (189 threads)
[2023-10-31T08:39:44.269+0000][751.564s][info ][safepoint     ] Application time: 1.0008480 seconds
[2023-10-31T08:39:44.269+0000][751.565s][info ][safepoint     ] Entering safepoint region: Cleanup
[2023-10-31T08:39:44.270+0000][751.566s][info ][safepoint     ] Leaving safepoint region
[2023-10-31T08:39:44.270+0000][751.566s][info ][safepoint     ] Total time for which application threads were stopped: 0.0012844 seconds, Stopping threads took: 0.0006069 seconds
[2023-10-31T08:39:45.271+0000][752.567s][debug][safepoint     ] Safepoint synchronization initiated. (189 threads)
[2023-10-31T08:39:45.272+0000][752.568s][info ][safepoint     ] Application time: 1.0012617 seconds
[2023-10-31T08:39:45.273+0000][752.569s][info ][safepoint     ] Entering safepoint region: Cleanup
[2023-10-31T08:39:45.274+0000][752.570s][info ][safepoint     ] Leaving safepoint region
[2023-10-31T08:39:45.275+0000][752.571s][info ][safepoint     ] Total time for which application threads were stopped: 0.0020415 seconds, Stopping threads took: 0.0008837 seconds
[2023-10-31T08:39:46.276+0000][753.572s][debug][safepoint     ] Safepoint synchronization initiated. (189 threads)
[2023-10-31T08:39:46.277+0000][753.573s][info ][safepoint     ] Application time: 1.0014172 seconds
[2023-10-31T08:39:46.278+0000][753.574s][info ][safepoint     ] Entering safepoint region: Cleanup
[2023-10-31T08:39:46.279+0000][753.575s][info ][safepoint     ] Leaving safepoint region
[2023-10-31T08:39:46.280+0000][753.576s][info ][safepoint     ] Total time for which application threads were stopped: 0.0021909 seconds, Stopping threads took: 0.0009672 seconds
[2023-10-31T08:39:47.281+0000][754.577s][debug][safepoint     ] Safepoint synchronization initiated. (189 threads)
[2023-10-31T08:39:47.282+0000][754.578s][info ][safepoint     ] Application time: 1.0012507 seconds
[2023-10-31T08:39:47.283+0000][754.579s][info ][safepoint     ] Entering safepoint region: Cleanup
[2023-10-31T08:39:47.285+0000][754.580s][info ][safepoint     ] Leaving safepoint region
[2023-10-31T08:39:47.286+0000][754.581s][info ][safepoint     ] Total time for which application threads were stopped: 0.0022991 seconds, Stopping threads took: 0.0010557 seconds
[2023-10-31T08:39:48.287+0000][755.582s][debug][safepoint     ] Safepoint synchronization initiated. (189 threads)
[2023-10-31T08:39:48.288+0000][755.584s][info ][safepoint     ] Application time: 1.0014932 seconds
[2023-10-31T08:39:48.289+0000][755.585s][info ][safepoint     ] Entering safepoint region: Cleanup
[2023-10-31T08:39:48.290+0000][755.586s][info ][safepoint     ] Leaving safepoint region
[2023-10-31T08:39:48.291+0000][755.587s][info ][safepoint     ] Total time for which application threads were stopped: 0.0024659 seconds, Stopping threads took: 0.0011704 seconds
[2023-10-31T08:39:49.292+0000][756.588s][debug][safepoint     ] Safepoint synchronization initiated. (189 threads)
[2023-10-31T08:39:49.293+0000][756.589s][info ][safepoint     ] Application time: 1.0008773 seconds
[2023-10-31T08:39:49.294+0000][756.589s][info ][safepoint     ] Entering safepoint region: Cleanup
[2023-10-31T08:39:49.294+0000][756.590s][info ][safepoint     ] Leaving safepoint region
[2023-10-31T08:39:49.295+0000][756.591s][info ][safepoint     ] Total time for which application threads were stopped: 0.0011813 seconds, Stopping threads took: 0.0004582 seconds
[2023-10-31T08:39:50.295+0000][757.591s][debug][safepoint     ] Safepoint synchronization initiated. (189 threads)
[2023-10-31T08:39:50.296+0000][757.592s][info ][safepoint     ] Application time: 1.0011705 seconds
[2023-10-31T08:39:50.297+0000][757.593s][info ][safepoint     ] Entering safepoint region: Cleanup
[2023-10-31T08:39:50.299+0000][757.595s][info ][safepoint     ] Leaving safepoint region
[2023-10-31T08:39:50.300+0000][757.595s][info ][safepoint     ] Total time for which application threads were stopped: 0.0023157 seconds, Stopping threads took: 0.0011280 seconds
[2023-10-31T08:39:51.301+0000][758.596s][debug][safepoint     ] Safepoint synchronization initiated. (189 threads)
[2023-10-31T08:39:51.302+0000][758.597s][info ][safepoint     ] Application time: 1.0011767 seconds
[2023-10-31T08:39:51.303+0000][758.598s][info ][safepoint     ] Entering safepoint region: Cleanup
[2023-10-31T08:39:51.304+0000][758.600s][info ][safepoint     ] Leaving safepoint region
[2023-10-31T08:39:51.305+0000][758.600s][info ][safepoint     ] Total time for which application threads were stopped: 0.0021383 seconds, Stopping threads took: 0.0008911 seconds
[2023-10-31T08:39:52.306+0000][759.602s][debug][safepoint     ] Safepoint synchronization initiated. (189 threads)
[2023-10-31T08:39:52.307+0000][759.603s][info ][safepoint     ] Application time: 1.0011529 seconds
[2023-10-31T08:39:52.307+0000][759.603s][info ][safepoint     ] Entering safepoint region: Cleanup
[2023-10-31T08:39:52.308+0000][759.604s][info ][safepoint     ] Leaving safepoint region
[2023-10-31T08:39:52.309+0000][759.604s][info ][safepoint     ] Total time for which application threads were stopped: 0.0012546 seconds, Stopping threads took: 0.0006085 seconds
[2023-10-31T08:39:53.309+0000][760.605s][debug][safepoint     ] Safepoint synchronization initiated. (189 threads)
[2023-10-31T08:39:53.311+0000][760.607s][info ][safepoint     ] Application time: 1.0015354 seconds
[2023-10-31T08:39:53.312+0000][760.608s][info ][safepoint     ] Entering safepoint region: Cleanup
[2023-10-31T08:39:53.314+0000][760.610s][info ][safepoint     ] Leaving safepoint region
[2023-10-31T08:39:53.315+0000][760.611s][info ][safepoint     ] Total time for which application threads were stopped: 0.0032835 seconds, Stopping threads took: 0.0010394 seconds
[2023-10-31T08:39:54.316+0000][761.612s][debug][safepoint     ] Safepoint synchronization initiated. (189 threads)
[2023-10-31T08:39:54.317+0000][761.613s][info ][safepoint     ] Application time: 1.0011043 seconds
[2023-10-31T08:39:54.318+0000][761.614s][info ][safepoint     ] Entering safepoint region: Cleanup
[2023-10-31T08:39:54.319+0000][761.614s][info ][safepoint     ] Leaving safepoint region
[2023-10-31T08:39:54.319+0000][761.615s][info ][safepoint     ] Total time for which application threads were stopped: 0.0014136 seconds, Stopping threads took: 0.0006186 seconds
[2023-10-31T08:39:55.320+0000][762.616s][debug][safepoint     ] Safepoint synchronization initiated. (189 threads)
[2023-10-31T08:39:55.321+0000][762.617s][info ][safepoint     ] Application time: 1.0013654 seconds
[2023-10-31T08:39:55.322+0000][762.618s][info ][safepoint     ] Entering safepoint region: Cleanup
[2023-10-31T08:39:55.323+0000][762.619s][info ][safepoint     ] Leaving safepoint region
[2023-10-31T08:39:55.324+0000][762.620s][info ][safepoint     ] Total time for which application threads were stopped: 0.0023747 seconds, Stopping threads took: 0.0009498 seconds
[2023-10-31T08:39:56.325+0000][763.621s][debug][safepoint     ] Safepoint synchronization initiated. (189 threads)
[2023-10-31T08:39:56.326+0000][763.622s][info ][safepoint     ] Application time: 1.0012967 seconds
[2023-10-31T08:39:56.327+0000][763.623s][info ][safepoint     ] Entering safepoint region: Cleanup
[2023-10-31T08:39:56.328+0000][763.624s][info ][safepoint     ] Leaving safepoint region
[2023-10-31T08:39:56.329+0000][763.625s][info ][safepoint     ] Total time for which application threads were stopped: 0.0019650 seconds, Stopping threads took: 0.0009955 seconds
[2023-10-31T08:39:57.330+0000][764.626s][debug][safepoint     ] Safepoint synchronization initiated. (189 threads)
[2023-10-31T08:39:57.331+0000][764.626s][info ][safepoint     ] Application time: 1.0009577 seconds
[2023-10-31T08:39:57.331+0000][764.627s][info ][safepoint     ] Entering safepoint region: Cleanup
[2023-10-31T08:39:57.332+0000][764.628s][info ][safepoint     ] Leaving safepoint region
[2023-10-31T08:39:57.332+0000][764.628s][info ][safepoint     ] Total time for which application threads were stopped: 0.0012797 seconds, Stopping threads took: 0.0005438 seconds
[2023-10-31T08:39:58.333+0000][765.629s][debug][safepoint     ] Safepoint synchronization initiated. (189 threads)
[2023-10-31T08:39:58.334+0000][765.630s][info ][safepoint     ] Application time: 1.0008544 seconds
[2023-10-31T08:39:58.334+0000][765.630s][info ][safepoint     ] Entering safepoint region: Cleanup
[2023-10-31T08:39:58.335+0000][765.631s][info ][safepoint     ] Leaving safepoint region
[2023-10-31T08:39:58.335+0000][765.631s][info ][safepoint     ] Total time for which application threads were stopped: 0.0011302 seconds, Stopping threads took: 0.0004499 seconds
[2023-10-31T08:39:59.336+0000][766.632s][debug][safepoint     ] Safepoint synchronization initiated. (189 threads)
[2023-10-31T08:39:59.337+0000][766.632s][info ][safepoint     ] Application time: 1.0009139 seconds
[2023-10-31T08:39:59.337+0000][766.633s][info ][safepoint     ] Entering safepoint region: Cleanup
[2023-10-31T08:39:59.338+0000][766.634s][info ][safepoint     ] Leaving safepoint region
[2023-10-31T08:39:59.339+0000][766.634s][info ][safepoint     ] Total time for which application threads were stopped: 0.0014597 seconds, Stopping threads took: 0.0005973 seconds
[2023-10-31T08:40:00.339+0000][767.635s][debug][safepoint     ] Safepoint synchronization initiated. (189 threads)
[2023-10-31T08:40:00.340+0000][767.636s][info ][safepoint     ] Application time: 1.0012447 seconds
[2023-10-31T08:40:00.341+0000][767.637s][info ][safepoint     ] Entering safepoint region: Cleanup
[2023-10-31T08:40:00.342+0000][767.638s][info ][safepoint     ] Leaving safepoint region
[2023-10-31T08:40:00.343+0000][767.639s][info ][safepoint     ] Total time for which application threads were stopped: 0.0018066 seconds, Stopping threads took: 0.0008427 seconds
[2023-10-31T08:40:01.344+0000][768.639s][debug][safepoint     ] Safepoint synchronization initiated. (189 threads)
[2023-10-31T08:40:01.345+0000][768.641s][info ][safepoint     ] Application time: 1.0015165 seconds
[2023-10-31T08:40:01.347+0000][768.642s][info ][safepoint     ] Entering safepoint region: Cleanup
[2023-10-31T08:40:01.348+0000][768.643s][info ][safepoint     ] Leaving safepoint region
[2023-10-31T08:40:01.349+0000][768.644s][info ][safepoint     ] Total time for which application threads were stopped: 0.0023079 seconds, Stopping threads took: 0.0009531 seconds
[2023-10-31T08:40:02.350+0000][769.645s][debug][safepoint     ] Safepoint synchronization initiated. (188 threads)
[2023-10-31T08:40:02.350+0000][769.646s][info ][safepoint     ] Application time: 1.0006675 seconds
[2023-10-31T08:40:02.351+0000][769.646s][info ][safepoint     ] Entering safepoint region: Cleanup
[2023-10-31T08:40:02.351+0000][769.647s][info ][safepoint     ] Leaving safepoint region
[2023-10-31T08:40:02.352+0000][769.647s][info ][safepoint     ] Total time for which application threads were stopped: 0.0009972 seconds, Stopping threads took: 0.0004068 seconds
[2023-10-31T08:40:03.352+0000][770.648s][debug][safepoint     ] Safepoint synchronization initiated. (188 threads)
[2023-10-31T08:40:03.353+0000][770.649s][info ][safepoint     ] Application time: 1.0011253 seconds
[2023-10-31T08:40:03.354+0000][770.650s][info ][safepoint     ] Entering safepoint region: Cleanup
[2023-10-31T08:40:03.355+0000][770.651s][info ][safepoint     ] Leaving safepoint region
[2023-10-31T08:40:03.356+0000][770.652s][info ][safepoint     ] Total time for which application threads were stopped: 0.0020104 seconds, Stopping threads took: 0.0008195 seconds
[2023-10-31T08:40:04.357+0000][771.653s][debug][safepoint     ] Safepoint synchronization initiated. (188 threads)
[2023-10-31T08:40:04.357+0000][771.653s][info ][safepoint     ] Application time: 1.0004682 seconds
[2023-10-31T08:40:04.358+0000][771.653s][info ][safepoint     ] Entering safepoint region: Cleanup
[2023-10-31T08:40:04.358+0000][771.654s][info ][safepoint     ] Leaving safepoint region
[2023-10-31T08:40:04.358+0000][771.654s][info ][safepoint     ] Total time for which application threads were stopped: 0.0007367 seconds, Stopping threads took: 0.0003085 seconds
[2023-10-31T08:40:05.359+0000][772.654s][debug][safepoint     ] Safepoint synchronization initiated. (188 threads)
[2023-10-31T08:40:05.360+0000][772.656s][info ][safepoint     ] Application time: 1.0013083 seconds
[2023-10-31T08:40:05.361+0000][772.656s][info ][safepoint     ] Entering safepoint region: Cleanup
[2023-10-31T08:40:05.362+0000][772.658s][info ][safepoint     ] Leaving safepoint region
[2023-10-31T08:40:05.363+0000][772.658s][info ][safepoint     ] Total time for which application threads were stopped: 0.0017864 seconds, Stopping threads took: 0.0008310 seconds
[2023-10-31T08:40:06.363+0000][773.659s][debug][safepoint     ] Safepoint synchronization initiated. (188 threads)
[2023-10-31T08:40:06.364+0000][773.660s][info ][safepoint     ] Application time: 1.0008999 seconds
[2023-10-31T08:40:06.365+0000][773.660s][info ][safepoint     ] Entering safepoint region: Cleanup
[2023-10-31T08:40:06.365+0000][773.661s][info ][safepoint     ] Leaving safepoint region
[2023-10-31T08:40:06.366+0000][773.661s][info ][safepoint     ] Total time for which application threads were stopped: 0.0012440 seconds, Stopping threads took: 0.0005169 seconds
[2023-10-31T08:40:07.367+0000][774.662s][debug][safepoint     ] Safepoint synchronization initiated. (188 threads)
[2023-10-31T08:40:07.368+0000][774.663s][info ][safepoint     ] Application time: 1.0012218 seconds
[2023-10-31T08:40:07.368+0000][774.664s][info ][safepoint     ] Entering safepoint region: Cleanup
[2023-10-31T08:40:07.370+0000][774.665s][info ][safepoint     ] Leaving safepoint region
[2023-10-31T08:40:07.370+0000][774.666s][info ][safepoint     ] Total time for which application threads were stopped: 0.0021107 seconds, Stopping threads took: 0.0010988 seconds
[2023-10-31T08:40:08.371+0000][775.667s][debug][safepoint     ] Safepoint synchronization initiated. (188 threads)
[2023-10-31T08:40:08.372+0000][775.667s][info ][safepoint     ] Application time: 1.0008150 seconds
[2023-10-31T08:40:08.372+0000][775.668s][info ][safepoint     ] Entering safepoint region: Cleanup
[2023-10-31T08:40:08.373+0000][775.669s][info ][safepoint     ] Leaving safepoint region
[2023-10-31T08:40:08.374+0000][775.669s][info ][safepoint     ] Total time for which application threads were stopped: 0.0012468 seconds, Stopping threads took: 0.0005089 seconds
[2023-10-31T08:40:09.374+0000][776.670s][debug][safepoint     ] Safepoint synchronization initiated. (188 threads)
[2023-10-31T08:40:09.376+0000][776.671s][info ][safepoint     ] Application time: 1.0014658 seconds
[2023-10-31T08:40:09.377+0000][776.672s][info ][safepoint     ] Entering safepoint region: Cleanup
[2023-10-31T08:40:09.378+0000][776.674s][info ][safepoint     ] Leaving safepoint region
[2023-10-31T08:40:09.379+0000][776.675s][info ][safepoint     ] Total time for which application threads were stopped: 0.0024537 seconds, Stopping threads took: 0.0011070 seconds
[2023-10-31T08:40:10.380+0000][777.676s][debug][safepoint     ] Safepoint synchronization initiated. (188 threads)
[2023-10-31T08:40:10.381+0000][777.677s][info ][safepoint     ] Application time: 1.0014901 seconds
[2023-10-31T08:40:10.382+0000][777.678s][info ][safepoint     ] Entering safepoint region: Cleanup
[2023-10-31T08:40:10.384+0000][777.680s][info ][safepoint     ] Leaving safepoint region
[2023-10-31T08:40:10.385+0000][777.680s][info ][safepoint     ] Total time for which application threads were stopped: 0.0023932 seconds, Stopping threads took: 0.0010932 seconds
[2023-10-31T08:40:11.386+0000][778.681s][debug][safepoint     ] Safepoint synchronization initiated. (188 threads)
[2023-10-31T08:40:11.387+0000][778.682s][info ][safepoint     ] Application time: 1.0010522 seconds
[2023-10-31T08:40:11.387+0000][778.683s][info ][safepoint     ] Entering safepoint region: Cleanup
[2023-10-31T08:40:11.388+0000][778.684s][info ][safepoint     ] Leaving safepoint region
[2023-10-31T08:40:11.389+0000][778.685s][info ][safepoint     ] Total time for which application threads were stopped: 0.0016042 seconds, Stopping threads took: 0.0007024 seconds
[2023-10-31T08:40:12.390+0000][779.686s][debug][safepoint     ] Safepoint synchronization initiated. (188 threads)
[2023-10-31T08:40:12.391+0000][779.687s][info ][safepoint     ] Application time: 1.0015079 seconds
[2023-10-31T08:40:12.392+0000][779.688s][info ][safepoint     ] Entering safepoint region: Cleanup
[2023-10-31T08:40:12.394+0000][779.689s][info ][safepoint     ] Leaving safepoint region
[2023-10-31T08:40:12.394+0000][779.690s][info ][safepoint     ] Total time for which application threads were stopped: 0.0022793 seconds, Stopping threads took: 0.0010953 seconds
[2023-10-31T08:40:13.396+0000][780.691s][debug][safepoint     ] Safepoint synchronization initiated. (187 threads)
[2023-10-31T08:40:13.397+0000][780.692s][info ][safepoint     ] Application time: 1.0013417 seconds
[2023-10-31T08:40:13.398+0000][780.693s][info ][safepoint     ] Entering safepoint region: Cleanup
[2023-10-31T08:40:13.399+0000][780.695s][info ][safepoint     ] Leaving safepoint region
[2023-10-31T08:40:13.400+0000][780.696s][info ][safepoint     ] Total time for which application threads were stopped: 0.0023378 seconds, Stopping threads took: 0.0010079 seconds
[2023-10-31T08:40:14.401+0000][781.697s][debug][safepoint     ] Safepoint synchronization initiated. (187 threads)
[2023-10-31T08:40:14.402+0000][781.698s][info ][safepoint     ] Application time: 1.0009373 seconds
[2023-10-31T08:40:14.402+0000][781.698s][info ][safepoint     ] Entering safepoint region: Cleanup
[2023-10-31T08:40:14.403+0000][781.699s][info ][safepoint     ] Leaving safepoint region
[2023-10-31T08:40:14.404+0000][781.699s][info ][safepoint     ] Total time for which application threads were stopped: 0.0011709 seconds, Stopping threads took: 0.0005515 seconds
[2023-10-31T08:40:15.404+0000][782.700s][debug][safepoint     ] Safepoint synchronization initiated. (187 threads)
[2023-10-31T08:40:15.405+0000][782.700s][info ][safepoint     ] Application time: 1.0005369 seconds
[2023-10-31T08:40:15.405+0000][782.701s][info ][safepoint     ] Entering safepoint region: Cleanup
[2023-10-31T08:40:15.405+0000][782.701s][info ][safepoint     ] Leaving safepoint region
[2023-10-31T08:40:15.406+0000][782.701s][info ][safepoint     ] Total time for which application threads were stopped: 0.0008460 seconds, Stopping threads took: 0.0003887 seconds
[2023-10-31T08:40:16.406+0000][783.702s][debug][safepoint     ] Safepoint synchronization initiated. (187 threads)
[2023-10-31T08:40:16.407+0000][783.703s][info ][safepoint     ] Application time: 1.0012424 seconds
[2023-10-31T08:40:16.408+0000][783.704s][info ][safepoint     ] Entering safepoint region: Cleanup
[2023-10-31T08:40:16.409+0000][783.705s][info ][safepoint     ] Leaving safepoint region
[2023-10-31T08:40:16.410+0000][783.705s][info ][safepoint     ] Total time for which application threads were stopped: 0.0018303 seconds, Stopping threads took: 0.0008585 seconds
[2023-10-31T08:40:17.411+0000][784.706s][debug][safepoint     ] Safepoint synchronization initiated. (187 threads)
[2023-10-31T08:40:17.411+0000][784.707s][info ][safepoint     ] Application time: 1.0008136 seconds
[2023-10-31T08:40:17.412+0000][784.707s][info ][safepoint     ] Entering safepoint region: Cleanup
[2023-10-31T08:40:17.412+0000][784.708s][info ][safepoint     ] Leaving safepoint region
[2023-10-31T08:40:17.413+0000][784.708s][info ][safepoint     ] Total time for which application threads were stopped: 0.0011394 seconds, Stopping threads took: 0.0005077 seconds
[2023-10-31T08:40:18.413+0000][785.709s][debug][safepoint     ] Safepoint synchronization initiated. (187 threads)
[2023-10-31T08:40:18.414+0000][785.710s][info ][safepoint     ] Application time: 1.0009263 seconds
[2023-10-31T08:40:18.415+0000][785.711s][info ][safepoint     ] Entering safepoint region: Cleanup
[2023-10-31T08:40:18.416+0000][785.712s][info ][safepoint     ] Leaving safepoint region
[2023-10-31T08:40:18.417+0000][785.712s][info ][safepoint     ] Total time for which application threads were stopped: 0.0018501 seconds, Stopping threads took: 0.0007348 seconds
[2023-10-31T08:40:19.418+0000][786.713s][debug][safepoint     ] Safepoint synchronization initiated. (187 threads)
[2023-10-31T08:40:19.419+0000][786.714s][info ][safepoint     ] Application time: 1.0010121 seconds
[2023-10-31T08:40:19.419+0000][786.715s][info ][safepoint     ] Entering safepoint region: Cleanup
[2023-10-31T08:40:19.420+0000][786.715s][info ][safepoint     ] Leaving safepoint region
[2023-10-31T08:40:19.420+0000][786.716s][info ][safepoint     ] Total time for which application threads were stopped: 0.0010841 seconds, Stopping threads took: 0.0003951 seconds
[2023-10-31T08:40:20.421+0000][787.717s][debug][safepoint     ] Safepoint synchronization initiated. (187 threads)
[2023-10-31T08:40:20.422+0000][787.718s][info ][safepoint     ] Application time: 1.0012848 seconds
[2023-10-31T08:40:20.423+0000][787.719s][info ][safepoint     ] Entering safepoint region: Cleanup
[2023-10-31T08:40:20.424+0000][787.720s][info ][safepoint     ] Leaving safepoint region
[2023-10-31T08:40:20.425+0000][787.720s][info ][safepoint     ] Total time for which application threads were stopped: 0.0018161 seconds, Stopping threads took: 0.0007783 seconds
[2023-10-31T08:40:21.426+0000][788.721s][debug][safepoint     ] Safepoint synchronization initiated. (187 threads)
[2023-10-31T08:40:21.426+0000][788.722s][info ][safepoint     ] Application time: 1.0008935 seconds
[2023-10-31T08:40:21.427+0000][788.723s][info ][safepoint     ] Entering safepoint region: Cleanup
[2023-10-31T08:40:21.428+0000][788.724s][info ][safepoint     ] Leaving safepoint region
[2023-10-31T08:40:21.428+0000][788.724s][info ][safepoint     ] Total time for which application threads were stopped: 0.0014850 seconds, Stopping threads took: 0.0006590 seconds
[2023-10-31T08:40:22.429+0000][789.725s][debug][safepoint     ] Safepoint synchronization initiated. (187 threads)
[2023-10-31T08:40:22.431+0000][789.726s][info ][safepoint     ] Application time: 1.0014577 seconds
[2023-10-31T08:40:22.432+0000][789.727s][info ][safepoint     ] Entering safepoint region: Cleanup
[2023-10-31T08:40:22.433+0000][789.728s][info ][safepoint     ] Leaving safepoint region
[2023-10-31T08:40:22.433+0000][789.729s][info ][safepoint     ] Total time for which application threads were stopped: 0.0019898 seconds, Stopping threads took: 0.0009421 seconds
[2023-10-31T08:40:23.434+0000][790.730s][debug][safepoint     ] Safepoint synchronization initiated. (187 threads)
[2023-10-31T08:40:23.435+0000][790.731s][info ][safepoint     ] Application time: 1.0007937 seconds
[2023-10-31T08:40:23.436+0000][790.731s][info ][safepoint     ] Entering safepoint region: Cleanup
[2023-10-31T08:40:23.436+0000][790.732s][info ][safepoint     ] Leaving safepoint region
[2023-10-31T08:40:23.437+0000][790.733s][info ][safepoint     ] Total time for which application threads were stopped: 0.0013035 seconds, Stopping threads took: 0.0007061 seconds
[2023-10-31T08:40:24.437+0000][791.733s][debug][safepoint     ] Safepoint synchronization initiated. (187 threads)
[2023-10-31T08:40:24.438+0000][791.734s][info ][safepoint     ] Application time: 1.0006608 seconds
[2023-10-31T08:40:24.438+0000][791.734s][info ][safepoint     ] Entering safepoint region: Cleanup
[2023-10-31T08:40:24.439+0000][791.735s][info ][safepoint     ] Leaving safepoint region
[2023-10-31T08:40:24.440+0000][791.735s][info ][safepoint     ] Total time for which application threads were stopped: 0.0012821 seconds, Stopping threads took: 0.0005596 seconds
[2023-10-31T08:40:25.440+0000][792.736s][debug][safepoint     ] Safepoint synchronization initiated. (187 threads)
[2023-10-31T08:40:25.442+0000][792.737s][info ][safepoint     ] Application time: 1.0014667 seconds
[2023-10-31T08:40:25.443+0000][792.738s][info ][safepoint     ] Entering safepoint region: Cleanup
[2023-10-31T08:40:25.444+0000][792.740s][info ][safepoint     ] Leaving safepoint region
[2023-10-31T08:40:25.445+0000][792.740s][info ][safepoint     ] Total time for which application threads were stopped: 0.0022081 seconds, Stopping threads took: 0.0010650 seconds
[2023-10-31T08:40:26.446+0000][793.741s][debug][safepoint     ] Safepoint synchronization initiated. (187 threads)
[2023-10-31T08:40:26.446+0000][793.742s][info ][safepoint     ] Application time: 1.0008756 seconds
[2023-10-31T08:40:26.447+0000][793.743s][info ][safepoint     ] Entering safepoint region: Cleanup
[2023-10-31T08:40:26.448+0000][793.743s][info ][safepoint     ] Leaving safepoint region
[2023-10-31T08:40:26.448+0000][793.744s][info ][safepoint     ] Total time for which application threads were stopped: 0.0012671 seconds, Stopping threads took: 0.0005304 seconds
[2023-10-31T08:40:27.449+0000][794.745s][debug][safepoint     ] Safepoint synchronization initiated. (187 threads)
[2023-10-31T08:40:27.451+0000][794.746s][info ][safepoint     ] Application time: 1.0016717 seconds
[2023-10-31T08:40:27.453+0000][794.749s][info ][safepoint     ] Entering safepoint region: Cleanup
[2023-10-31T08:40:27.454+0000][794.750s][info ][safepoint     ] Leaving safepoint region
[2023-10-31T08:40:27.455+0000][794.750s][info ][safepoint     ] Total time for which application threads were stopped: 0.0022719 seconds, Stopping threads took: 0.0014221 seconds
[2023-10-31T08:40:28.456+0000][795.751s][debug][safepoint     ] Safepoint synchronization initiated. (187 threads)
[2023-10-31T08:40:28.457+0000][795.753s][info ][safepoint     ] Application time: 1.0014448 seconds
[2023-10-31T08:40:28.458+0000][795.754s][info ][safepoint     ] Entering safepoint region: Cleanup
[2023-10-31T08:40:28.459+0000][795.755s][info ][safepoint     ] Leaving safepoint region
[2023-10-31T08:40:28.460+0000][795.756s][info ][safepoint     ] Total time for which application threads were stopped: 0.0022008 seconds, Stopping threads took: 0.0009953 seconds
[2023-10-31T08:40:29.461+0000][796.757s][debug][safepoint     ] Safepoint synchronization initiated. (187 threads)
[2023-10-31T08:40:29.462+0000][796.758s][info ][safepoint     ] Application time: 1.0010239 seconds
[2023-10-31T08:40:29.462+0000][796.758s][info ][safepoint     ] Entering safepoint region: Cleanup
[2023-10-31T08:40:29.463+0000][796.759s][info ][safepoint     ] Leaving safepoint region
[2023-10-31T08:40:29.464+0000][796.759s][info ][safepoint     ] Total time for which application threads were stopped: 0.0014460 seconds, Stopping threads took: 0.0006302 seconds
[2023-10-31T08:40:30.465+0000][797.761s][debug][safepoint     ] Safepoint synchronization initiated. (187 threads)
[2023-10-31T08:40:30.466+0000][797.762s][info ][safepoint     ] Application time: 1.0014769 seconds
[2023-10-31T08:40:30.468+0000][797.763s][info ][safepoint     ] Entering safepoint region: Cleanup
[2023-10-31T08:40:30.469+0000][797.765s][info ][safepoint     ] Leaving safepoint region
[2023-10-31T08:40:30.470+0000][797.766s][info ][safepoint     ] Total time for which application threads were stopped: 0.0025404 seconds, Stopping threads took: 0.0011149 seconds
[2023-10-31T08:40:31.471+0000][798.767s][debug][safepoint     ] Safepoint synchronization initiated. (187 threads)
[2023-10-31T08:40:31.473+0000][798.768s][info ][safepoint     ] Application time: 1.0019027 seconds
[2023-10-31T08:40:31.474+0000][798.769s][info ][safepoint     ] Entering safepoint region: Cleanup
[2023-10-31T08:40:31.475+0000][798.771s][info ][safepoint     ] Leaving safepoint region
[2023-10-31T08:40:31.476+0000][798.772s][info ][safepoint     ] Total time for which application threads were stopped: 0.0022919 seconds, Stopping threads took: 0.0010218 seconds
[2023-10-31T08:40:32.477+0000][799.773s][debug][safepoint     ] Safepoint synchronization initiated. (187 threads)
[2023-10-31T08:40:32.479+0000][799.774s][info ][safepoint     ] Application time: 1.0014712 seconds
[2023-10-31T08:40:32.480+0000][799.775s][info ][safepoint     ] Entering safepoint region: Cleanup
[2023-10-31T08:40:32.481+0000][799.776s][info ][safepoint     ] Leaving safepoint region
[2023-10-31T08:40:32.482+0000][799.777s][info ][safepoint     ] Total time for which application threads were stopped: 0.0021568 seconds, Stopping threads took: 0.0009175 seconds
[2023-10-31T08:40:33.483+0000][800.778s][debug][safepoint     ] Safepoint synchronization initiated. (187 threads)
[2023-10-31T08:40:33.484+0000][800.780s][info ][safepoint     ] Application time: 1.0014833 seconds
[2023-10-31T08:40:33.485+0000][800.781s][info ][safepoint     ] Entering safepoint region: Cleanup
[2023-10-31T08:40:33.486+0000][800.782s][info ][safepoint     ] Leaving safepoint region
[2023-10-31T08:40:33.487+0000][800.783s][info ][safepoint     ] Total time for which application threads were stopped: 0.0022964 seconds, Stopping threads took: 0.0008686 seconds
[2023-10-31T08:40:34.488+0000][801.784s][debug][safepoint     ] Safepoint synchronization initiated. (187 threads)
[2023-10-31T08:40:34.489+0000][801.784s][info ][safepoint     ] Application time: 1.0007352 seconds
[2023-10-31T08:40:34.489+0000][801.785s][info ][safepoint     ] Entering safepoint region: Cleanup
[2023-10-31T08:40:34.490+0000][801.786s][info ][safepoint     ] Leaving safepoint region
[2023-10-31T08:40:34.491+0000][801.786s][info ][safepoint     ] Total time for which application threads were stopped: 0.0011337 seconds, Stopping threads took: 0.0004267 seconds
[2023-10-31T08:40:35.491+0000][802.787s][debug][safepoint     ] Safepoint synchronization initiated. (187 threads)
[2023-10-31T08:40:35.492+0000][802.787s][info ][safepoint     ] Application time: 1.0007639 seconds
[2023-10-31T08:40:35.492+0000][802.788s][info ][safepoint     ] Entering safepoint region: Cleanup
[2023-10-31T08:40:35.493+0000][802.788s][info ][safepoint     ] Leaving safepoint region
[2023-10-31T08:40:35.493+0000][802.789s][info ][safepoint     ] Total time for which application threads were stopped: 0.0008875 seconds, Stopping threads took: 0.0003751 seconds
[2023-10-31T08:40:36.493+0000][803.789s][debug][safepoint     ] Safepoint synchronization initiated. (187 threads)
[2023-10-31T08:40:36.495+0000][803.790s][info ][safepoint     ] Application time: 1.0014443 seconds
[2023-10-31T08:40:36.496+0000][803.792s][info ][safepoint     ] Entering safepoint region: Cleanup
[2023-10-31T08:40:36.497+0000][803.793s][info ][safepoint     ] Leaving safepoint region
[2023-10-31T08:40:36.498+0000][803.794s][info ][safepoint     ] Total time for which application threads were stopped: 0.0022736 seconds, Stopping threads took: 0.0010400 seconds
[2023-10-31T08:40:37.499+0000][804.795s][debug][safepoint     ] Safepoint synchronization initiated. (187 threads)
[2023-10-31T08:40:37.501+0000][804.796s][info ][safepoint     ] Application time: 1.0015589 seconds
[2023-10-31T08:40:37.502+0000][804.797s][info ][safepoint     ] Entering safepoint region: Cleanup
[2023-10-31T08:40:37.503+0000][804.798s][info ][safepoint     ] Leaving safepoint region
[2023-10-31T08:40:37.504+0000][804.799s][info ][safepoint     ] Total time for which application threads were stopped: 0.0022234 seconds, Stopping threads took: 0.0009241 seconds
[2023-10-31T08:40:38.505+0000][805.800s][debug][safepoint     ] Safepoint synchronization initiated. (187 threads)
[2023-10-31T08:40:38.506+0000][805.801s][info ][safepoint     ] Application time: 1.0013925 seconds
[2023-10-31T08:40:38.507+0000][805.802s][info ][safepoint     ] Entering safepoint region: Cleanup
[2023-10-31T08:40:38.508+0000][805.803s][info ][safepoint     ] Leaving safepoint region
[2023-10-31T08:40:38.509+0000][805.804s][info ][safepoint     ] Total time for which application threads were stopped: 0.0020284 seconds, Stopping threads took: 0.0009295 seconds
[2023-10-31T08:40:39.510+0000][806.805s][debug][safepoint     ] Safepoint synchronization initiated. (187 threads)
[2023-10-31T08:40:39.511+0000][806.806s][info ][safepoint     ] Application time: 1.0012040 seconds
[2023-10-31T08:40:39.512+0000][806.807s][info ][safepoint     ] Entering safepoint region: Cleanup
[2023-10-31T08:40:39.513+0000][806.808s][info ][safepoint     ] Leaving safepoint region
[2023-10-31T08:40:39.514+0000][806.809s][info ][safepoint     ] Total time for which application threads were stopped: 0.0023453 seconds, Stopping threads took: 0.0009928 seconds
[2023-10-31T08:40:40.515+0000][807.810s][debug][safepoint     ] Safepoint synchronization initiated. (187 threads)
[2023-10-31T08:40:40.516+0000][807.812s][info ][safepoint     ] Application time: 1.0015838 seconds
[2023-10-31T08:40:40.518+0000][807.813s][info ][safepoint     ] Entering safepoint region: Cleanup
[2023-10-31T08:40:40.519+0000][807.814s][info ][safepoint     ] Leaving safepoint region
[2023-10-31T08:40:40.519+0000][807.815s][info ][safepoint     ] Total time for which application threads were stopped: 0.0015922 seconds, Stopping threads took: 0.0006153 seconds
[2023-10-31T08:40:41.520+0000][808.816s][debug][safepoint     ] Safepoint synchronization initiated. (187 threads)
[2023-10-31T08:40:41.521+0000][808.817s][info ][safepoint     ] Application time: 1.0010232 seconds
[2023-10-31T08:40:41.522+0000][808.817s][info ][safepoint     ] Entering safepoint region: Cleanup
[2023-10-31T08:40:41.523+0000][808.818s][info ][safepoint     ] Leaving safepoint region
[2023-10-31T08:40:41.523+0000][808.819s][info ][safepoint     ] Total time for which application threads were stopped: 0.0013887 seconds, Stopping threads took: 0.0006195 seconds
[2023-10-31T08:40:42.524+0000][809.819s][debug][safepoint     ] Safepoint synchronization initiated. (187 threads)
[2023-10-31T08:40:42.524+0000][809.820s][info ][safepoint     ] Application time: 1.0008335 seconds
[2023-10-31T08:40:42.525+0000][809.821s][info ][safepoint     ] Entering safepoint region: Cleanup
[2023-10-31T08:40:42.526+0000][809.821s][info ][safepoint     ] Leaving safepoint region
[2023-10-31T08:40:42.526+0000][809.822s][info ][safepoint     ] Total time for which application threads were stopped: 0.0011974 seconds, Stopping threads took: 0.0004875 seconds
[2023-10-31T08:40:43.527+0000][810.822s][debug][safepoint     ] Safepoint synchronization initiated. (187 threads)
[2023-10-31T08:40:43.528+0000][810.824s][info ][safepoint     ] Application time: 1.0015252 seconds
[2023-10-31T08:40:43.529+0000][810.825s][info ][safepoint     ] Entering safepoint region: Cleanup
[2023-10-31T08:40:43.531+0000][810.826s][info ][safepoint     ] Leaving safepoint region
[2023-10-31T08:40:43.532+0000][810.827s][info ][safepoint     ] Total time for which application threads were stopped: 0.0026462 seconds, Stopping threads took: 0.0011330 seconds
[2023-10-31T08:40:44.533+0000][811.828s][debug][safepoint     ] Safepoint synchronization initiated. (187 threads)
[2023-10-31T08:40:44.533+0000][811.829s][info ][safepoint     ] Application time: 1.0008051 seconds
[2023-10-31T08:40:44.534+0000][811.830s][info ][safepoint     ] Entering safepoint region: Cleanup
[2023-10-31T08:40:44.535+0000][811.830s][info ][safepoint     ] Leaving safepoint region
[2023-10-31T08:40:44.535+0000][811.831s][info ][safepoint     ] Total time for which application threads were stopped: 0.0011222 seconds, Stopping threads took: 0.0004918 seconds
[2023-10-31T08:40:45.536+0000][812.831s][debug][safepoint     ] Safepoint synchronization initiated. (187 threads)
[2023-10-31T08:40:45.537+0000][812.832s][info ][safepoint     ] Application time: 1.0013577 seconds
[2023-10-31T08:40:45.538+0000][812.834s][info ][safepoint     ] Entering safepoint region: Cleanup
[2023-10-31T08:40:45.539+0000][812.835s][info ][safepoint     ] Leaving safepoint region
[2023-10-31T08:40:45.540+0000][812.836s][info ][safepoint     ] Total time for which application threads were stopped: 0.0023707 seconds, Stopping threads took: 0.0011136 seconds
[2023-10-31T08:40:46.542+0000][813.837s][debug][safepoint     ] Safepoint synchronization initiated. (187 threads)
[2023-10-31T08:40:46.543+0000][813.839s][info ][safepoint     ] Application time: 1.0015024 seconds
[2023-10-31T08:40:46.544+0000][813.839s][info ][safepoint     ] Entering safepoint region: Cleanup
[2023-10-31T08:40:46.545+0000][813.841s][info ][safepoint     ] Leaving safepoint region
[2023-10-31T08:40:46.546+0000][813.842s][info ][safepoint     ] Total time for which application threads were stopped: 0.0021950 seconds, Stopping threads took: 0.0010072 seconds
[2023-10-31T08:40:47.547+0000][814.843s][debug][safepoint     ] Safepoint synchronization initiated. (187 threads)
[2023-10-31T08:40:47.548+0000][814.844s][info ][safepoint     ] Application time: 1.0015380 seconds
[2023-10-31T08:40:47.549+0000][814.845s][info ][safepoint     ] Entering safepoint region: Cleanup
[2023-10-31T08:40:47.551+0000][814.846s][info ][safepoint     ] Leaving safepoint region
[2023-10-31T08:40:47.551+0000][814.847s][info ][safepoint     ] Total time for which application threads were stopped: 0.0021456 seconds, Stopping threads took: 0.0008586 seconds
[2023-10-31T08:40:48.553+0000][815.848s][debug][safepoint     ] Safepoint synchronization initiated. (187 threads)
[2023-10-31T08:40:48.554+0000][815.849s][info ][safepoint     ] Application time: 1.0016413 seconds
[2023-10-31T08:40:48.555+0000][815.851s][info ][safepoint     ] Entering safepoint region: Cleanup
[2023-10-31T08:40:48.557+0000][815.852s][info ][safepoint     ] Leaving safepoint region
[2023-10-31T08:40:48.558+0000][815.853s][info ][safepoint     ] Total time for which application threads were stopped: 0.0025460 seconds, Stopping threads took: 0.0009928 seconds
[2023-10-31T08:40:49.559+0000][816.854s][debug][safepoint     ] Safepoint synchronization initiated. (187 threads)
[2023-10-31T08:40:49.560+0000][816.856s][info ][safepoint     ] Application time: 1.0015489 seconds
[2023-10-31T08:40:49.561+0000][816.857s][info ][safepoint     ] Entering safepoint region: Cleanup
[2023-10-31T08:40:49.562+0000][816.858s][info ][safepoint     ] Leaving safepoint region
[2023-10-31T08:40:49.563+0000][816.859s][info ][safepoint     ] Total time for which application threads were stopped: 0.0022544 seconds, Stopping threads took: 0.0010043 seconds
[2023-10-31T08:40:50.565+0000][817.860s][debug][safepoint     ] Safepoint synchronization initiated. (187 threads)
[2023-10-31T08:40:50.565+0000][817.861s][info ][safepoint     ] Application time: 1.0007424 seconds
[2023-10-31T08:40:50.566+0000][817.861s][debug][safepoint     ] ... found polling page return exception at pc = 0x00007f62e93f51fc, stub =0x00007f62e0840600
[2023-10-31T08:40:50.566+0000][817.862s][debug][safepoint     ] Waiting for 1 thread(s) to block
[2023-10-31T08:40:50.566+0000][817.862s][info ][safepoint     ] Entering safepoint region: Cleanup
[2023-10-31T08:40:50.567+0000][817.863s][info ][safepoint     ] Leaving safepoint region
[2023-10-31T08:40:50.567+0000][817.863s][info ][safepoint     ] Total time for which application threads were stopped: 0.0018546 seconds, Stopping threads took: 0.0012602 seconds
[2023-10-31T08:40:51.568+0000][818.864s][debug][safepoint     ] Safepoint synchronization initiated. (187 threads)
[2023-10-31T08:40:51.570+0000][818.865s][info ][safepoint     ] Application time: 1.0017182 seconds
[2023-10-31T08:40:51.571+0000][818.866s][info ][safepoint     ] Entering safepoint region: Cleanup
[2023-10-31T08:40:51.572+0000][818.868s][info ][safepoint     ] Leaving safepoint region
[2023-10-31T08:40:51.573+0000][818.869s][info ][safepoint     ] Total time for which application threads were stopped: 0.0025505 seconds, Stopping threads took: 0.0011170 seconds
[2023-10-31T08:40:52.574+0000][819.870s][debug][safepoint     ] Safepoint synchronization initiated. (187 threads)
[2023-10-31T08:40:52.576+0000][819.871s][info ][safepoint     ] Application time: 1.0014043 seconds
[2023-10-31T08:40:52.577+0000][819.872s][info ][safepoint     ] Entering safepoint region: Cleanup
[2023-10-31T08:40:52.578+0000][819.874s][info ][safepoint     ] Leaving safepoint region
[2023-10-31T08:40:52.579+0000][819.875s][info ][safepoint     ] Total time for which application threads were stopped: 0.0024631 seconds, Stopping threads took: 0.0010854 seconds
[2023-10-31T08:40:53.580+0000][820.876s][debug][safepoint     ] Safepoint synchronization initiated. (187 threads)
[2023-10-31T08:40:53.582+0000][820.877s][info ][safepoint     ] Application time: 1.0016329 seconds
[2023-10-31T08:40:53.583+0000][820.878s][info ][safepoint     ] Entering safepoint region: Cleanup
[2023-10-31T08:40:53.584+0000][820.880s][info ][safepoint     ] Leaving safepoint region
[2023-10-31T08:40:53.585+0000][820.881s][info ][safepoint     ] Total time for which application threads were stopped: 0.0023276 seconds, Stopping threads took: 0.0009929 seconds
[2023-10-31T08:40:54.586+0000][821.882s][debug][safepoint     ] Safepoint synchronization initiated. (187 threads)
[2023-10-31T08:40:54.587+0000][821.883s][info ][safepoint     ] Application time: 1.0015156 seconds
[2023-10-31T08:40:54.588+0000][821.884s][info ][safepoint     ] Entering safepoint region: Cleanup
[2023-10-31T08:40:54.590+0000][821.885s][info ][safepoint     ] Leaving safepoint region
[2023-10-31T08:40:54.591+0000][821.886s][info ][safepoint     ] Total time for which application threads were stopped: 0.0024044 seconds, Stopping threads took: 0.0011241 seconds
[2023-10-31T08:40:55.592+0000][822.888s][debug][safepoint     ] Safepoint synchronization initiated. (187 threads)
[2023-10-31T08:40:55.593+0000][822.889s][info ][safepoint     ] Application time: 1.0017253 seconds
[2023-10-31T08:40:55.595+0000][822.890s][info ][safepoint     ] Entering safepoint region: Cleanup
[2023-10-31T08:40:55.596+0000][822.891s][info ][safepoint     ] Leaving safepoint region
[2023-10-31T08:40:55.597+0000][822.893s][info ][safepoint     ] Total time for which application threads were stopped: 0.0026115 seconds, Stopping threads took: 0.0011187 seconds
[2023-10-31T08:40:55.596+0000][822.891s][debug][safepoint     ] ... found polling page return exception at pc = 0x00007f62e89d70c4, stub =0x00007f62e0840600
[2023-10-31T08:40:55.596+0000][822.891s][debug][safepoint     ] ... found polling page return exception at pc = 0x00007f62e89d70c4, stub =0x00007f62e0840600
[2023-10-31T08:40:55.596+0000][822.891s][debug][safepoint     ] ... found polling page return exception at pc = 0x00007f62e89d70c4, stub =0x00007f62e0840600
[2023-10-31T08:40:55.596+0000][822.892s][debug][safepoint     ] ... found polling page return exception at pc = 0x00007f62e89d70c4, stub =0x00007f62e0840600
[2023-10-31T08:40:55.596+0000][822.891s][debug][safepoint     ] ... found polling page return exception at pc = 0x00007f62e89d70c4, stub =0x00007f62e0840600
[2023-10-31T08:40:56.598+0000][823.894s][debug][safepoint     ] Safepoint synchronization initiated. (187 threads)
[2023-10-31T08:40:56.599+0000][823.895s][info ][safepoint     ] Application time: 1.0012744 seconds
[2023-10-31T08:40:56.600+0000][823.896s][info ][safepoint     ] Entering safepoint region: Cleanup
[2023-10-31T08:40:56.602+0000][823.897s][info ][safepoint     ] Leaving safepoint region
[2023-10-31T08:40:56.603+0000][823.898s][info ][safepoint     ] Total time for which application threads were stopped: 0.0023133 seconds, Stopping threads took: 0.0010259 seconds
[2023-10-31T08:40:57.604+0000][824.899s][debug][safepoint     ] Safepoint synchronization initiated. (187 threads)
[2023-10-31T08:40:57.604+0000][824.900s][info ][safepoint     ] Application time: 1.0006660 seconds
[2023-10-31T08:40:57.605+0000][824.900s][info ][safepoint     ] Entering safepoint region: Cleanup
[2023-10-31T08:40:57.605+0000][824.901s][info ][safepoint     ] Leaving safepoint region
[2023-10-31T08:40:57.606+0000][824.901s][info ][safepoint     ] Total time for which application threads were stopped: 0.0010145 seconds, Stopping threads took: 0.0004148 seconds
[2023-10-31T08:40:58.606+0000][825.902s][debug][safepoint     ] Safepoint synchronization initiated. (187 threads)
[2023-10-31T08:40:58.607+0000][825.903s][info ][safepoint     ] Application time: 1.0011606 seconds
[2023-10-31T08:40:58.608+0000][825.903s][info ][safepoint     ] Entering safepoint region: Cleanup
[2023-10-31T08:40:58.609+0000][825.904s][info ][safepoint     ] Leaving safepoint region
[2023-10-31T08:40:58.610+0000][825.905s][info ][safepoint     ] Total time for which application threads were stopped: 0.0016831 seconds, Stopping threads took: 0.0006725 seconds
[2023-10-31T08:40:59.610+0000][826.906s][debug][safepoint     ] Safepoint synchronization initiated. (187 threads)
[2023-10-31T08:40:59.611+0000][826.907s][info ][safepoint     ] Application time: 1.0011614 seconds
[2023-10-31T08:40:59.612+0000][826.908s][info ][safepoint     ] Entering safepoint region: Cleanup
[2023-10-31T08:40:59.613+0000][826.909s][info ][safepoint     ] Leaving safepoint region
[2023-10-31T08:40:59.614+0000][826.909s][info ][safepoint     ] Total time for which application threads were stopped: 0.0019116 seconds, Stopping threads took: 0.0008564 seconds
[2023-10-31T08:41:00.615+0000][827.910s][debug][safepoint     ] Safepoint synchronization initiated. (187 threads)
[2023-10-31T08:41:00.616+0000][827.912s][info ][safepoint     ] Application time: 1.0016476 seconds
[2023-10-31T08:41:00.618+0000][827.913s][info ][safepoint     ] Entering safepoint region: Cleanup
[2023-10-31T08:41:00.619+0000][827.914s][info ][safepoint     ] Leaving safepoint region
[2023-10-31T08:41:00.620+0000][827.915s][info ][safepoint     ] Total time for which application threads were stopped: 0.0022414 seconds, Stopping threads took: 0.0010272 seconds
[2023-10-31T08:41:19.625+0000][846.921s][debug][safepoint     ] Safepoint synchronization initiated. (185 threads)
[2023-10-31T08:41:19.626+0000][846.922s][info ][safepoint     ] Application time: 19.0057460 seconds
[2023-10-31T08:41:19.627+0000][846.923s][info ][safepoint     ] Entering safepoint region: Cleanup
[2023-10-31T08:41:19.629+0000][846.924s][info ][safepoint     ] Leaving safepoint region
[2023-10-31T08:41:19.630+0000][846.925s][info ][safepoint     ] Total time for which application threads were stopped: 0.0021571 seconds, Stopping threads took: 0.0009998 seconds
[2023-10-31T08:41:35.634+0000][862.929s][debug][safepoint     ] Safepoint synchronization initiated. (185 threads)
[2023-10-31T08:41:35.634+0000][862.930s][info ][safepoint     ] Application time: 16.0041519 seconds
[2023-10-31T08:41:35.635+0000][862.931s][info ][safepoint     ] Entering safepoint region: Cleanup
[2023-10-31T08:41:35.636+0000][862.931s][info ][safepoint     ] Leaving safepoint region
[2023-10-31T08:41:35.636+0000][862.932s][info ][safepoint     ] Total time for which application threads were stopped: 0.0013783 seconds, Stopping threads took: 0.0004974 seconds
[2023-10-31T08:41:51.168+0000][878.463s][debug][safepoint     ] Safepoint synchronization initiated. (185 threads)
[2023-10-31T08:41:51.168+0000][878.464s][info ][safepoint     ] Application time: 15.5311293 seconds
[2023-10-31T08:41:51.169+0000][878.464s][info ][safepoint     ] Entering safepoint region: G1CollectForAllocation
[2023-10-31T08:41:51.169+0000][878.465s][info ][gc,start      ] GC(61) Pause Young (Normal) (G1 Evacuation Pause)
[2023-10-31T08:41:51.170+0000][878.465s][info ][gc,task       ] GC(61) Using 8 workers of 8 for evacuation
[2023-10-31T08:41:51.183+0000][878.479s][info ][gc,phases     ] GC(61)   Pre Evacuate Collection Set: 0.0ms
[2023-10-31T08:41:51.184+0000][878.479s][info ][gc,phases     ] GC(61)   Evacuate Collection Set: 9.5ms
[2023-10-31T08:41:51.185+0000][878.480s][info ][gc,phases     ] GC(61)   Post Evacuate Collection Set: 3.2ms
[2023-10-31T08:41:51.185+0000][878.481s][info ][gc,phases     ] GC(61)   Other: 1.3ms
[2023-10-31T08:41:51.186+0000][878.481s][info ][gc,heap       ] GC(61) Eden regions: 222->0(219)
[2023-10-31T08:41:51.186+0000][878.482s][info ][gc,heap       ] GC(61) Survivor regions: 17->16(30)
[2023-10-31T08:41:51.187+0000][878.482s][info ][gc,heap       ] GC(61) Old regions: 147->147
[2023-10-31T08:41:51.187+0000][878.483s][info ][gc,heap       ] GC(61) Humongous regions: 25->25
[2023-10-31T08:41:51.188+0000][878.483s][info ][gc,metaspace  ] GC(61) Metaspace: 169527K(175440K)->169527K(175440K) NonClass: 149896K(153552K)->149896K(153552K) Class: 19630K(21888K)->19630K(21888K)
[2023-10-31T08:41:51.189+0000][878.484s][info ][gc            ] GC(61) Pause Young (Normal) (G1 Evacuation Pause) 408M->186M(470M) 19.313ms
[2023-10-31T08:41:51.189+0000][878.485s][info ][gc,cpu        ] GC(61) User=0.09s Sys=0.00s Real=0.02s
[2023-10-31T08:41:51.190+0000][878.485s][debug][safepoint     ] ... found polling page loop exception at pc = 0x00007f62e8693daa, stub =0x00007f62e0843680
[2023-10-31T08:41:51.190+0000][878.485s][info ][safepoint     ] Leaving safepoint region
[2023-10-31T08:41:51.191+0000][878.486s][info ][safepoint     ] Total time for which application threads were stopped: 0.0220229 seconds, Stopping threads took: 0.0004294 seconds
[2023-10-31T08:41:51.191+0000][878.486s][info ][gc,stringdedup] Concurrent String Deduplication (878.486s)
[2023-10-31T08:41:51.194+0000][878.489s][info ][gc,stringdedup] Concurrent String Deduplication 164.6K->97672.0B(70904.0B) avg 54.3% (878.486s, 878.489s) 2.794ms
[2023-10-31T08:42:04.194+0000][891.489s][debug][safepoint     ] Safepoint synchronization initiated. (184 threads)
[2023-10-31T08:42:04.194+0000][891.490s][info ][safepoint     ] Application time: 13.0035872 seconds
[2023-10-31T08:42:04.195+0000][891.490s][info ][safepoint     ] Entering safepoint region: Cleanup
[2023-10-31T08:42:04.196+0000][891.491s][info ][safepoint     ] Leaving safepoint region
[2023-10-31T08:42:04.196+0000][891.492s][info ][safepoint     ] Total time for which application threads were stopped: 0.0011274 seconds, Stopping threads took: 0.0005059 seconds
[2023-10-31T08:42:08.197+0000][895.493s][debug][safepoint     ] Safepoint synchronization initiated. (184 threads)
[2023-10-31T08:42:08.198+0000][895.494s][info ][safepoint     ] Application time: 4.0018689 seconds
[2023-10-31T08:42:08.199+0000][895.494s][info ][safepoint     ] Entering safepoint region: Cleanup
[2023-10-31T08:42:08.200+0000][895.496s][info ][safepoint     ] Leaving safepoint region
[2023-10-31T08:42:08.200+0000][895.496s][info ][safepoint     ] Total time for which application threads were stopped: 0.0016896 seconds, Stopping threads took: 0.0008707 seconds
[2023-10-31T08:42:20.203+0000][907.499s][debug][safepoint     ] Safepoint synchronization initiated. (184 threads)
[2023-10-31T08:42:20.205+0000][907.500s][info ][safepoint     ] Application time: 12.0037508 seconds
[2023-10-31T08:42:20.206+0000][907.501s][info ][safepoint     ] Entering safepoint region: Cleanup
[2023-10-31T08:42:20.207+0000][907.503s][info ][safepoint     ] Leaving safepoint region
[2023-10-31T08:42:20.208+0000][907.503s][info ][safepoint     ] Total time for which application threads were stopped: 0.0021822 seconds, Stopping threads took: 0.0010424 seconds
[2023-10-31T08:42:38.213+0000][925.509s][debug][safepoint     ] Safepoint synchronization initiated. (184 threads)
[2023-10-31T08:42:38.214+0000][925.510s][info ][safepoint     ] Application time: 18.0056403 seconds
[2023-10-31T08:42:38.215+0000][925.511s][info ][safepoint     ] Entering safepoint region: Cleanup
[2023-10-31T08:42:38.216+0000][925.512s][info ][safepoint     ] Leaving safepoint region
[2023-10-31T08:42:38.217+0000][925.513s][info ][safepoint     ] Total time for which application threads were stopped: 0.0018470 seconds, Stopping threads took: 0.0007697 seconds
[2023-10-31T08:43:04.223+0000][951.519s][debug][safepoint     ] Safepoint synchronization initiated. (182 threads)
[2023-10-31T08:43:04.224+0000][951.520s][info ][safepoint     ] Application time: 26.0065889 seconds
[2023-10-31T08:43:04.225+0000][951.521s][info ][safepoint     ] Entering safepoint region: Cleanup
[2023-10-31T08:43:04.226+0000][951.521s][info ][safepoint     ] Leaving safepoint region
[2023-10-31T08:43:04.226+0000][951.522s][info ][safepoint     ] Total time for which application threads were stopped: 0.0014229 seconds, Stopping threads took: 0.0006061 seconds
[2023-10-31T08:43:07.227+0000][954.523s][debug][safepoint     ] Safepoint synchronization initiated. (183 threads)
[2023-10-31T08:43:07.228+0000][954.524s][info ][safepoint     ] Application time: 3.0019754 seconds
[2023-10-31T08:43:07.229+0000][954.525s][info ][safepoint     ] Entering safepoint region: Cleanup
[2023-10-31T08:43:07.231+0000][954.527s][info ][safepoint     ] Leaving safepoint region
[2023-10-31T08:43:07.232+0000][954.527s][info ][safepoint     ] Total time for which application threads were stopped: 0.0022196 seconds, Stopping threads took: 0.0009168 seconds
[2023-10-31T08:43:12.233+0000][959.529s][debug][safepoint     ] Safepoint synchronization initiated. (183 threads)
[2023-10-31T08:43:12.234+0000][959.530s][info ][safepoint     ] Application time: 5.0018433 seconds
[2023-10-31T08:43:12.235+0000][959.531s][info ][safepoint     ] Entering safepoint region: Cleanup
[2023-10-31T08:43:12.236+0000][959.532s][info ][safepoint     ] Leaving safepoint region
[2023-10-31T08:43:12.236+0000][959.532s][info ][safepoint     ] Total time for which application threads were stopped: 0.0013565 seconds, Stopping threads took: 0.0005510 seconds
[2023-10-31T08:44:11.009+0000][1018.306s][debug][safepoint     ] Safepoint synchronization initiated. (183 threads)
[2023-10-31T08:44:11.010+0000][1018.307s][info ][safepoint     ] Application time: 58.7739584 seconds
[2023-10-31T08:44:11.011+0000][1018.307s][info ][safepoint     ] Entering safepoint region: Deoptimize
[2023-10-31T08:44:11.022+0000][1018.319s][info ][safepoint     ] Leaving safepoint region
[2023-10-31T08:44:11.023+0000][1018.320s][info ][safepoint     ] Total time for which application threads were stopped: 0.0123760 seconds, Stopping threads took: 0.0006732 seconds
[2023-10-31T08:44:13.024+0000][1020.320s][debug][safepoint     ] Safepoint synchronization initiated. (183 threads)
[2023-10-31T08:44:13.024+0000][1020.321s][info ][safepoint     ] Application time: 2.0009172 seconds
[2023-10-31T08:44:13.025+0000][1020.322s][info ][safepoint     ] Entering safepoint region: Cleanup
[2023-10-31T08:44:13.026+0000][1020.322s][info ][safepoint     ] Leaving safepoint region
[2023-10-31T08:44:13.026+0000][1020.323s][info ][safepoint     ] Total time for which application threads were stopped: 0.0011924 seconds, Stopping threads took: 0.0005090 seconds
[2023-10-31T08:44:20.028+0000][1027.325s][debug][safepoint     ] Safepoint synchronization initiated. (183 threads)
[2023-10-31T08:44:20.029+0000][1027.326s][info ][safepoint     ] Application time: 7.0027862 seconds
[2023-10-31T08:44:20.030+0000][1027.327s][info ][safepoint     ] Entering safepoint region: Cleanup
[2023-10-31T08:44:20.032+0000][1027.328s][info ][safepoint     ] Leaving safepoint region
[2023-10-31T08:44:20.033+0000][1027.329s][info ][safepoint     ] Total time for which application threads were stopped: 0.0022442 seconds, Stopping threads took: 0.0010332 seconds
[2023-10-31T08:44:48.039+0000][1055.336s][debug][safepoint     ] Safepoint synchronization initiated. (183 threads)
[2023-10-31T08:44:48.040+0000][1055.336s][info ][safepoint     ] Application time: 28.0062636 seconds
[2023-10-31T08:44:48.040+0000][1055.337s][info ][safepoint     ] Entering safepoint region: Cleanup
[2023-10-31T08:44:48.041+0000][1055.337s][info ][safepoint     ] Leaving safepoint region
[2023-10-31T08:44:48.041+0000][1055.337s][info ][safepoint     ] Total time for which application threads were stopped: 0.0009727 seconds, Stopping threads took: 0.0003980 seconds
[2023-10-31T08:45:07.044+0000][1074.341s][debug][safepoint     ] Safepoint synchronization initiated. (183 threads)
[2023-10-31T08:45:07.045+0000][1074.341s][info ][safepoint     ] Application time: 19.0034681 seconds
[2023-10-31T08:45:07.045+0000][1074.342s][info ][safepoint     ] Entering safepoint region: Cleanup
[2023-10-31T08:45:07.046+0000][1074.342s][info ][safepoint     ] Leaving safepoint region
[2023-10-31T08:45:07.046+0000][1074.343s][info ][safepoint     ] Total time for which application threads were stopped: 0.0011701 seconds, Stopping threads took: 0.0004654 seconds
[2023-10-31T08:45:38.052+0000][1105.348s][debug][safepoint     ] Safepoint synchronization initiated. (183 threads)
[2023-10-31T08:45:38.052+0000][1105.349s][info ][safepoint     ] Application time: 31.0054964 seconds
[2023-10-31T08:45:38.053+0000][1105.349s][info ][safepoint     ] Entering safepoint region: Cleanup
[2023-10-31T08:45:38.054+0000][1105.350s][info ][safepoint     ] Leaving safepoint region
[2023-10-31T08:45:38.054+0000][1105.350s][info ][safepoint     ] Total time for which application threads were stopped: 0.0011899 seconds, Stopping threads took: 0.0005044 seconds
[2023-10-31T08:45:56.698+0000][1123.994s][debug][safepoint     ] Safepoint synchronization initiated. (183 threads)
[2023-10-31T08:45:56.698+0000][1123.995s][info ][safepoint     ] Application time: 18.6441573 seconds
[2023-10-31T08:45:56.699+0000][1123.996s][info ][safepoint     ] Entering safepoint region: G1CollectForAllocation
[2023-10-31T08:45:56.700+0000][1123.997s][info ][gc,start      ] GC(62) Pause Young (Normal) (G1 Evacuation Pause)
[2023-10-31T08:45:56.701+0000][1123.997s][info ][gc,task       ] GC(62) Using 8 workers of 8 for evacuation
[2023-10-31T08:45:56.716+0000][1124.012s][info ][gc,phases     ] GC(62)   Pre Evacuate Collection Set: 0.1ms
[2023-10-31T08:45:56.716+0000][1124.013s][info ][gc,phases     ] GC(62)   Evacuate Collection Set: 9.6ms
[2023-10-31T08:45:56.717+0000][1124.013s][info ][gc,phases     ] GC(62)   Post Evacuate Collection Set: 4.2ms
[2023-10-31T08:45:56.717+0000][1124.014s][info ][gc,phases     ] GC(62)   Other: 1.5ms
[2023-10-31T08:45:56.718+0000][1124.014s][info ][gc,heap       ] GC(62) Eden regions: 219->0(219)
[2023-10-31T08:45:56.718+0000][1124.015s][info ][gc,heap       ] GC(62) Survivor regions: 16->16(30)
[2023-10-31T08:45:56.719+0000][1124.015s][info ][gc,heap       ] GC(62) Old regions: 147->147
[2023-10-31T08:45:56.719+0000][1124.016s][info ][gc,heap       ] GC(62) Humongous regions: 25->25
[2023-10-31T08:45:56.720+0000][1124.016s][info ][gc,metaspace  ] GC(62) Metaspace: 169628K(175440K)->169628K(175440K) NonClass: 149993K(153552K)->149993K(153552K) Class: 19635K(21888K)->19635K(21888K)
[2023-10-31T08:45:56.720+0000][1124.017s][info ][gc            ] GC(62) Pause Young (Normal) (G1 Evacuation Pause) 405M->186M(470M) 20.253ms
[2023-10-31T08:45:56.721+0000][1124.017s][info ][gc,cpu        ] GC(62) User=0.10s Sys=0.00s Real=0.02s
[2023-10-31T08:45:56.722+0000][1124.018s][info ][safepoint     ] Leaving safepoint region
[2023-10-31T08:45:56.722+0000][1124.019s][info ][safepoint     ] Total time for which application threads were stopped: 0.0232512 seconds, Stopping threads took: 0.0007458 seconds
[2023-10-31T08:45:56.723+0000][1124.019s][info ][gc,stringdedup] Concurrent String Deduplication (1124.019s)
[2023-10-31T08:45:56.723+0000][1124.020s][info ][gc,stringdedup] Concurrent String Deduplication 18144.0B->6840.0B(11304.0B) avg 54.3% (1124.019s, 1124.020s) 0.584ms
[2023-10-31T08:46:05.725+0000][1133.021s][debug][safepoint     ] Safepoint synchronization initiated. (183 threads)
[2023-10-31T08:46:05.726+0000][1133.022s][info ][safepoint     ] Application time: 9.0028535 seconds
[2023-10-31T08:46:05.726+0000][1133.023s][info ][safepoint     ] Entering safepoint region: Cleanup
[2023-10-31T08:46:05.727+0000][1133.023s][info ][safepoint     ] Leaving safepoint region
[2023-10-31T08:46:05.727+0000][1133.023s][info ][safepoint     ] Total time for which application threads were stopped: 0.0010027 seconds, Stopping threads took: 0.0004346 seconds
[2023-10-31T08:46:19.731+0000][1147.027s][debug][safepoint     ] Safepoint synchronization initiated. (183 threads)
[2023-10-31T08:46:19.732+0000][1147.028s][info ][safepoint     ] Application time: 14.0041498 seconds
[2023-10-31T08:46:19.733+0000][1147.029s][debug][safepoint     ] ... found polling page return exception at pc = 0x00007f62e928ac9c, stub =0x00007f62e0840600
[2023-10-31T08:46:19.733+0000][1147.030s][debug][safepoint     ] Waiting for 2 thread(s) to block
[2023-10-31T08:46:19.734+0000][1147.031s][info ][safepoint     ] Entering safepoint region: Cleanup
[2023-10-31T08:46:19.735+0000][1147.031s][info ][safepoint     ] Leaving safepoint region
[2023-10-31T08:46:19.736+0000][1147.032s][info ][safepoint     ] Total time for which application threads were stopped: 0.0030402 seconds, Stopping threads took: 0.0022206 seconds
[2023-10-31T08:46:45.742+0000][1173.038s][debug][safepoint     ] Safepoint synchronization initiated. (183 threads)
[2023-10-31T08:46:45.743+0000][1173.039s][info ][safepoint     ] Application time: 26.0068397 seconds
[2023-10-31T08:46:45.743+0000][1173.040s][info ][safepoint     ] Entering safepoint region: Cleanup
[2023-10-31T08:46:45.744+0000][1173.041s][info ][safepoint     ] Leaving safepoint region
[2023-10-31T08:46:45.745+0000][1173.041s][info ][safepoint     ] Total time for which application threads were stopped: 0.0014541 seconds, Stopping threads took: 0.0006280 seconds
[2023-10-31T08:47:04.749+0000][1192.046s][debug][safepoint     ] Safepoint synchronization initiated. (183 threads)
[2023-10-31T08:47:04.750+0000][1192.046s][info ][safepoint     ] Application time: 19.0047823 seconds
[2023-10-31T08:47:04.750+0000][1192.047s][info ][safepoint     ] Entering safepoint region: Cleanup
[2023-10-31T08:47:04.751+0000][1192.048s][info ][safepoint     ] Leaving safepoint region
[2023-10-31T08:47:04.751+0000][1192.048s][info ][safepoint     ] Total time for which application threads were stopped: 0.0010339 seconds, Stopping threads took: 0.0004444 seconds
[2023-10-31T08:47:06.752+0000][1194.049s][debug][safepoint     ] Safepoint synchronization initiated. (183 threads)
[2023-10-31T08:47:06.753+0000][1194.049s][info ][safepoint     ] Application time: 2.0009595 seconds
[2023-10-31T08:47:06.753+0000][1194.050s][info ][safepoint     ] Entering safepoint region: Cleanup
[2023-10-31T08:47:06.754+0000][1194.051s][info ][safepoint     ] Leaving safepoint region
[2023-10-31T08:47:06.755+0000][1194.051s][info ][safepoint     ] Total time for which application threads were stopped: 0.0016735 seconds, Stopping threads took: 0.0006564 seconds
[2023-10-31T08:47:13.757+0000][1201.053s][debug][safepoint     ] Safepoint synchronization initiated. (183 threads)
[2023-10-31T08:47:13.757+0000][1201.054s][info ][safepoint     ] Application time: 7.0015658 seconds
[2023-10-31T08:47:13.757+0000][1201.054s][info ][safepoint     ] Entering safepoint region: Cleanup
[2023-10-31T08:47:13.758+0000][1201.055s][info ][safepoint     ] Leaving safepoint region
[2023-10-31T08:47:13.759+0000][1201.055s][info ][safepoint     ] Total time for which application threads were stopped: 0.0011055 seconds, Stopping threads took: 0.0003314 seconds
[2023-10-31T08:47:18.760+0000][1206.056s][debug][safepoint     ] Safepoint synchronization initiated. (183 threads)
[2023-10-31T08:47:18.760+0000][1206.057s][info ][safepoint     ] Application time: 5.0014673 seconds
[2023-10-31T08:47:18.761+0000][1206.057s][info ][safepoint     ] Entering safepoint region: Cleanup
[2023-10-31T08:47:18.762+0000][1206.058s][info ][safepoint     ] Leaving safepoint region
[2023-10-31T08:47:18.762+0000][1206.059s][info ][safepoint     ] Total time for which application threads were stopped: 0.0012836 seconds, Stopping threads took: 0.0005287 seconds
[2023-10-31T08:48:11.776+0000][1259.072s][debug][safepoint     ] Safepoint synchronization initiated. (182 threads)
[2023-10-31T08:48:11.777+0000][1259.073s][info ][safepoint     ] Application time: 53.0138530 seconds
[2023-10-31T08:48:11.777+0000][1259.074s][info ][safepoint     ] Entering safepoint region: Cleanup
[2023-10-31T08:48:11.779+0000][1259.075s][info ][safepoint     ] Leaving safepoint region
[2023-10-31T08:48:11.779+0000][1259.076s][info ][safepoint     ] Total time for which application threads were stopped: 0.0020527 seconds, Stopping threads took: 0.0009575 seconds
[2023-10-31T08:48:13.780+0000][1261.077s][debug][safepoint     ] Safepoint synchronization initiated. (183 threads)
[2023-10-31T08:48:13.781+0000][1261.078s][info ][safepoint     ] Application time: 2.0014047 seconds
[2023-10-31T08:48:13.782+0000][1261.079s][info ][safepoint     ] Entering safepoint region: Cleanup
[2023-10-31T08:48:13.783+0000][1261.080s][info ][safepoint     ] Leaving safepoint region
[2023-10-31T08:48:13.784+0000][1261.080s][info ][safepoint     ] Total time for which application threads were stopped: 0.0018178 seconds, Stopping threads took: 0.0008295 seconds
[2023-10-31T08:48:24.787+0000][1272.083s][debug][safepoint     ] Safepoint synchronization initiated. (183 threads)
[2023-10-31T08:48:24.787+0000][1272.084s][info ][safepoint     ] Application time: 11.0027811 seconds
[2023-10-31T08:48:24.788+0000][1272.084s][info ][safepoint     ] Entering safepoint region: Cleanup
[2023-10-31T08:48:24.789+0000][1272.085s][info ][safepoint     ] Leaving safepoint region
[2023-10-31T08:48:24.789+0000][1272.086s][info ][safepoint     ] Total time for which application threads were stopped: 0.0013519 seconds, Stopping threads took: 0.0005672 seconds
[2023-10-31T08:49:07.794+0000][1315.094s][debug][safepoint     ] Safepoint synchronization initiated. (183 threads)
[2023-10-31T08:49:07.795+0000][1315.095s][info ][safepoint     ] Application time: 43.0093550 seconds
[2023-10-31T08:49:07.797+0000][1315.097s][info ][safepoint     ] Entering safepoint region: Cleanup
[2023-10-31T08:49:07.798+0000][1315.098s][info ][safepoint     ] Leaving safepoint region
[2023-10-31T08:49:07.799+0000][1315.099s][info ][safepoint     ] Total time for which application threads were stopped: 0.0023399 seconds, Stopping threads took: 0.0010985 seconds
[2023-10-31T08:49:12.800+0000][1320.100s][debug][safepoint     ] Safepoint synchronization initiated. (183 threads)
[2023-10-31T08:49:12.801+0000][1320.101s][info ][safepoint     ] Application time: 5.0013902 seconds
[2023-10-31T08:49:12.802+0000][1320.101s][info ][safepoint     ] Entering safepoint region: Cleanup
[2023-10-31T08:49:12.802+0000][1320.102s][info ][safepoint     ] Leaving safepoint region
[2023-10-31T08:49:12.803+0000][1320.103s][info ][safepoint     ] Total time for which application threads were stopped: 0.0011372 seconds, Stopping threads took: 0.0004277 seconds
[2023-10-31T08:49:12.802+0000][1320.102s][debug][safepoint     ] ... found polling page return exception at pc = 0x00007f62e89d70c4, stub =0x00007f62e0840600
[2023-10-31T08:49:12.802+0000][1320.102s][debug][safepoint     ] ... found polling page return exception at pc = 0x00007f62e89d70c4, stub =0x00007f62e0840600
[2023-10-31T08:49:12.802+0000][1320.102s][debug][safepoint     ] ... found polling page return exception at pc = 0x00007f62e89d70c4, stub =0x00007f62e0840600
[2023-10-31T08:49:31.810+0000][1339.107s][debug][safepoint     ] Safepoint synchronization initiated. (183 threads)
[2023-10-31T08:49:31.810+0000][1339.108s][info ][safepoint     ] Application time: 19.0048437 seconds
[2023-10-31T08:49:31.811+0000][1339.108s][info ][safepoint     ] Entering safepoint region: Cleanup
[2023-10-31T08:49:31.812+0000][1339.109s][info ][safepoint     ] Leaving safepoint region
[2023-10-31T08:49:31.812+0000][1339.110s][info ][safepoint     ] Total time for which application threads were stopped: 0.0013491 seconds, Stopping threads took: 0.0005686 seconds
[2023-10-31T08:50:03.595+0000][1370.891s][debug][safepoint     ] Safepoint synchronization initiated. (183 threads)
[2023-10-31T08:50:03.596+0000][1370.893s][info ][safepoint     ] Application time: 31.7826853 seconds
[2023-10-31T08:50:03.598+0000][1370.894s][info ][safepoint     ] Entering safepoint region: G1CollectForAllocation
[2023-10-31T08:50:03.599+0000][1370.896s][info ][gc,start      ] GC(63) Pause Young (Normal) (G1 Evacuation Pause)
[2023-10-31T08:50:03.600+0000][1370.896s][info ][gc,task       ] GC(63) Using 8 workers of 8 for evacuation
[2023-10-31T08:50:03.623+0000][1370.919s][info ][gc,phases     ] GC(63)   Pre Evacuate Collection Set: 0.1ms
[2023-10-31T08:50:03.623+0000][1370.920s][info ][gc,phases     ] GC(63)   Evacuate Collection Set: 16.2ms
[2023-10-31T08:50:03.624+0000][1370.920s][info ][gc,phases     ] GC(63)   Post Evacuate Collection Set: 5.3ms
[2023-10-31T08:50:03.624+0000][1370.921s][info ][gc,phases     ] GC(63)   Other: 2.1ms
[2023-10-31T08:50:03.625+0000][1370.921s][info ][gc,heap       ] GC(63) Eden regions: 219->0(219)
[2023-10-31T08:50:03.625+0000][1370.922s][info ][gc,heap       ] GC(63) Survivor regions: 16->16(30)
[2023-10-31T08:50:03.626+0000][1370.922s][info ][gc,heap       ] GC(63) Old regions: 147->147
[2023-10-31T08:50:03.626+0000][1370.923s][info ][gc,heap       ] GC(63) Humongous regions: 25->25
[2023-10-31T08:50:03.627+0000][1370.924s][info ][gc,metaspace  ] GC(63) Metaspace: 169707K(175440K)->169707K(175440K) NonClass: 150071K(153552K)->150071K(153552K) Class: 19635K(21888K)->19635K(21888K)
[2023-10-31T08:50:03.628+0000][1370.924s][info ][gc            ] GC(63) Pause Young (Normal) (G1 Evacuation Pause) 405M->186M(470M) 28.621ms
[2023-10-31T08:50:03.628+0000][1370.925s][info ][gc,cpu        ] GC(63) User=0.16s Sys=0.00s Real=0.03s
[2023-10-31T08:50:03.629+0000][1370.925s][info ][safepoint     ] Leaving safepoint region
[2023-10-31T08:50:03.629+0000][1370.926s][info ][safepoint     ] Total time for which application threads were stopped: 0.0319216 seconds, Stopping threads took: 0.0011295 seconds
[2023-10-31T08:50:03.630+0000][1370.926s][info ][gc,stringdedup] Concurrent String Deduplication (1370.926s)
[2023-10-31T08:50:03.630+0000][1370.927s][info ][gc,stringdedup] Concurrent String Deduplication 11008.0B->1880.0B(9128.0B) avg 54.3% (1370.926s, 1370.927s) 0.712ms
[2023-10-31T08:50:12.632+0000][1379.928s][debug][safepoint     ] Safepoint synchronization initiated. (182 threads)
[2023-10-31T08:50:12.633+0000][1379.929s][info ][safepoint     ] Application time: 9.0031973 seconds
[2023-10-31T08:50:12.634+0000][1379.930s][info ][safepoint     ] Entering safepoint region: Cleanup
[2023-10-31T08:50:12.635+0000][1379.931s][info ][safepoint     ] Leaving safepoint region
[2023-10-31T08:50:12.635+0000][1379.932s][info ][safepoint     ] Total time for which application threads were stopped: 0.0017658 seconds, Stopping threads took: 0.0008334 seconds
[2023-10-31T08:50:13.636+0000][1380.933s][debug][safepoint     ] Safepoint synchronization initiated. (181 threads)
[2023-10-31T08:50:13.637+0000][1380.934s][info ][safepoint     ] Application time: 1.0009629 seconds
[2023-10-31T08:50:13.638+0000][1380.934s][info ][safepoint     ] Entering safepoint region: Cleanup
[2023-10-31T08:50:13.639+0000][1380.935s][info ][safepoint     ] Leaving safepoint region
[2023-10-31T08:50:13.639+0000][1380.936s][info ][safepoint     ] Total time for which application threads were stopped: 0.0015627 seconds, Stopping threads took: 0.0006047 seconds
[2023-10-31T08:50:18.641+0000][1385.938s][debug][safepoint     ] Safepoint synchronization initiated. (181 threads)
[2023-10-31T08:50:18.642+0000][1385.939s][info ][safepoint     ] Application time: 5.0023275 seconds
[2023-10-31T08:50:18.643+0000][1385.940s][info ][safepoint     ] Entering safepoint region: Cleanup
[2023-10-31T08:50:18.645+0000][1385.941s][info ][safepoint     ] Leaving safepoint region
[2023-10-31T08:50:18.645+0000][1385.942s][info ][safepoint     ] Total time for which application threads were stopped: 0.0019688 seconds, Stopping threads took: 0.0010194 seconds
[2023-10-31T08:50:19.646+0000][1386.943s][debug][safepoint     ] Safepoint synchronization initiated. (181 threads)
[2023-10-31T08:50:19.647+0000][1386.944s][info ][safepoint     ] Application time: 1.0011265 seconds
[2023-10-31T08:50:19.648+0000][1386.944s][info ][safepoint     ] Entering safepoint region: Cleanup
[2023-10-31T08:50:19.649+0000][1386.945s][info ][safepoint     ] Leaving safepoint region
[2023-10-31T08:50:19.649+0000][1386.946s][info ][safepoint     ] Total time for which application threads were stopped: 0.0015102 seconds, Stopping threads took: 0.0007458 seconds
[2023-10-31T08:50:35.654+0000][1402.950s][debug][safepoint     ] Safepoint synchronization initiated. (182 threads)
[2023-10-31T08:50:35.655+0000][1402.951s][info ][safepoint     ] Application time: 16.0048110 seconds
[2023-10-31T08:50:35.656+0000][1402.952s][info ][safepoint     ] Entering safepoint region: Cleanup
[2023-10-31T08:50:35.657+0000][1402.953s][info ][safepoint     ] Leaving safepoint region
[2023-10-31T08:50:35.657+0000][1402.953s][info ][safepoint     ] Total time for which application threads were stopped: 0.0013644 seconds, Stopping threads took: 0.0005830 seconds
[2023-10-31T08:50:36.658+0000][1403.954s][debug][safepoint     ] Safepoint synchronization initiated. (186 threads)
[2023-10-31T08:50:36.659+0000][1403.954s][info ][safepoint     ] Application time: 1.0008145 seconds
[2023-10-31T08:50:36.659+0000][1403.955s][info ][safepoint     ] Entering safepoint region: Cleanup
[2023-10-31T08:50:36.660+0000][1403.956s][info ][safepoint     ] Leaving safepoint region
[2023-10-31T08:50:36.660+0000][1403.956s][info ][safepoint     ] Total time for which application threads were stopped: 0.0012792 seconds, Stopping threads took: 0.0004800 seconds
[2023-10-31T08:50:37.661+0000][1404.957s][debug][safepoint     ] Safepoint synchronization initiated. (186 threads)
[2023-10-31T08:50:37.662+0000][1404.958s][info ][safepoint     ] Application time: 1.0009730 seconds
[2023-10-31T08:50:37.662+0000][1404.958s][info ][safepoint     ] Entering safepoint region: Cleanup
[2023-10-31T08:50:37.663+0000][1404.959s][info ][safepoint     ] Leaving safepoint region
[2023-10-31T08:50:37.664+0000][1404.960s][info ][safepoint     ] Total time for which application threads were stopped: 0.0015072 seconds, Stopping threads took: 0.0004879 seconds
[2023-10-31T08:50:38.665+0000][1405.961s][debug][safepoint     ] Safepoint synchronization initiated. (192 threads)
[2023-10-31T08:50:38.667+0000][1405.962s][info ][safepoint     ] Application time: 1.0022473 seconds
[2023-10-31T08:50:38.667+0000][1405.963s][debug][safepoint     ] ... found polling page return exception at pc = 0x00007f62e89a6b83, stub =0x00007f62e0840600
[2023-10-31T08:50:38.669+0000][1405.964s][debug][safepoint     ] Waiting for 1 thread(s) to block
[2023-10-31T08:50:38.669+0000][1405.965s][info ][safepoint     ] Entering safepoint region: Cleanup
[2023-10-31T08:50:38.670+0000][1405.966s][info ][safepoint     ] Leaving safepoint region
[2023-10-31T08:50:38.671+0000][1405.967s][info ][safepoint     ] Total time for which application threads were stopped: 0.0034982 seconds, Stopping threads took: 0.0020383 seconds
[2023-10-31T08:50:39.672+0000][1406.968s][debug][safepoint     ] Safepoint synchronization initiated. (192 threads)
[2023-10-31T08:50:39.673+0000][1406.968s][info ][safepoint     ] Application time: 1.0012601 seconds
[2023-10-31T08:50:39.673+0000][1406.969s][info ][safepoint     ] Entering safepoint region: Cleanup
[2023-10-31T08:50:39.675+0000][1406.970s][info ][safepoint     ] Leaving safepoint region
[2023-10-31T08:50:39.675+0000][1406.971s][info ][safepoint     ] Total time for which application threads were stopped: 0.0019601 seconds, Stopping threads took: 0.0008920 seconds
[2023-10-31T08:50:40.676+0000][1407.972s][debug][safepoint     ] Safepoint synchronization initiated. (192 threads)
[2023-10-31T08:50:40.677+0000][1407.973s][info ][safepoint     ] Application time: 1.0012299 seconds
[2023-10-31T08:50:40.678+0000][1407.974s][info ][safepoint     ] Entering safepoint region: Cleanup
[2023-10-31T08:50:40.679+0000][1407.975s][info ][safepoint     ] Leaving safepoint region
[2023-10-31T08:50:40.679+0000][1407.975s][info ][safepoint     ] Total time for which application threads were stopped: 0.0013002 seconds, Stopping threads took: 0.0006463 seconds
[2023-10-31T08:50:41.680+0000][1408.976s][debug][safepoint     ] Safepoint synchronization initiated. (192 threads)
[2023-10-31T08:50:41.681+0000][1408.977s][info ][safepoint     ] Application time: 1.0012967 seconds
[2023-10-31T08:50:41.682+0000][1408.978s][info ][safepoint     ] Entering safepoint region: Cleanup
[2023-10-31T08:50:41.683+0000][1408.979s][info ][safepoint     ] Leaving safepoint region
[2023-10-31T08:50:41.684+0000][1408.979s][info ][safepoint     ] Total time for which application threads were stopped: 0.0017232 seconds, Stopping threads took: 0.0007273 seconds
[2023-10-31T08:50:42.685+0000][1409.981s][debug][safepoint     ] Safepoint synchronization initiated. (192 threads)
[2023-10-31T08:50:42.685+0000][1409.981s][info ][safepoint     ] Application time: 1.0009130 seconds
[2023-10-31T08:50:42.686+0000][1409.982s][info ][safepoint     ] Entering safepoint region: Cleanup
[2023-10-31T08:50:42.687+0000][1409.983s][info ][safepoint     ] Leaving safepoint region
[2023-10-31T08:50:42.687+0000][1409.983s][info ][safepoint     ] Total time for which application threads were stopped: 0.0013136 seconds, Stopping threads took: 0.0006179 seconds
[2023-10-31T08:50:43.688+0000][1410.984s][debug][safepoint     ] Safepoint synchronization initiated. (192 threads)
[2023-10-31T08:50:43.689+0000][1410.985s][info ][safepoint     ] Application time: 1.0011581 seconds
[2023-10-31T08:50:43.690+0000][1410.986s][info ][safepoint     ] Entering safepoint region: Cleanup
[2023-10-31T08:50:43.691+0000][1410.987s][info ][safepoint     ] Leaving safepoint region
[2023-10-31T08:50:43.692+0000][1410.988s][info ][safepoint     ] Total time for which application threads were stopped: 0.0018534 seconds, Stopping threads took: 0.0007369 seconds
[2023-10-31T08:50:44.693+0000][1411.989s][debug][safepoint     ] Safepoint synchronization initiated. (192 threads)
[2023-10-31T08:50:44.693+0000][1411.989s][info ][safepoint     ] Application time: 1.0009434 seconds
[2023-10-31T08:50:44.694+0000][1411.990s][info ][safepoint     ] Entering safepoint region: Cleanup
[2023-10-31T08:50:44.695+0000][1411.991s][info ][safepoint     ] Leaving safepoint region
[2023-10-31T08:50:44.695+0000][1411.991s][info ][safepoint     ] Total time for which application threads were stopped: 0.0014224 seconds, Stopping threads took: 0.0005411 seconds
[2023-10-31T08:50:45.696+0000][1412.992s][debug][safepoint     ] Safepoint synchronization initiated. (192 threads)
[2023-10-31T08:50:45.697+0000][1412.993s][info ][safepoint     ] Application time: 1.0008802 seconds
[2023-10-31T08:50:45.698+0000][1412.993s][info ][safepoint     ] Entering safepoint region: Cleanup
[2023-10-31T08:50:45.698+0000][1412.994s][info ][safepoint     ] Leaving safepoint region
[2023-10-31T08:50:45.699+0000][1412.995s][info ][safepoint     ] Total time for which application threads were stopped: 0.0014145 seconds, Stopping threads took: 0.0006778 seconds
[2023-10-31T08:50:46.700+0000][1413.996s][debug][safepoint     ] Safepoint synchronization initiated. (192 threads)
[2023-10-31T08:50:46.701+0000][1413.997s][info ][safepoint     ] Application time: 1.0015312 seconds
[2023-10-31T08:50:46.702+0000][1413.998s][info ][safepoint     ] Entering safepoint region: Cleanup
[2023-10-31T08:50:46.704+0000][1414.000s][info ][safepoint     ] Leaving safepoint region
[2023-10-31T08:50:46.704+0000][1414.000s][info ][safepoint     ] Total time for which application threads were stopped: 0.0022879 seconds, Stopping threads took: 0.0009445 seconds
[2023-10-31T08:50:47.706+0000][1415.001s][debug][safepoint     ] Safepoint synchronization initiated. (192 threads)
[2023-10-31T08:50:47.706+0000][1415.002s][info ][safepoint     ] Application time: 1.0010843 seconds
[2023-10-31T08:50:47.707+0000][1415.003s][info ][safepoint     ] Entering safepoint region: Cleanup
[2023-10-31T08:50:47.708+0000][1415.004s][info ][safepoint     ] Leaving safepoint region
[2023-10-31T08:50:47.708+0000][1415.004s][info ][safepoint     ] Total time for which application threads were stopped: 0.0014400 seconds, Stopping threads took: 0.0005816 seconds
[2023-10-31T08:50:48.709+0000][1416.005s][debug][safepoint     ] Safepoint synchronization initiated. (192 threads)
[2023-10-31T08:50:48.710+0000][1416.005s][info ][safepoint     ] Application time: 1.0008071 seconds
[2023-10-31T08:50:48.710+0000][1416.006s][info ][safepoint     ] Entering safepoint region: Cleanup
[2023-10-31T08:50:48.711+0000][1416.007s][info ][safepoint     ] Leaving safepoint region
[2023-10-31T08:50:48.712+0000][1416.008s][info ][safepoint     ] Total time for which application threads were stopped: 0.0015550 seconds, Stopping threads took: 0.0006382 seconds
[2023-10-31T08:50:49.713+0000][1417.008s][debug][safepoint     ] Safepoint synchronization initiated. (192 threads)
[2023-10-31T08:50:49.713+0000][1417.009s][info ][safepoint     ] Application time: 1.0013158 seconds
[2023-10-31T08:50:49.714+0000][1417.010s][info ][safepoint     ] Entering safepoint region: Cleanup
[2023-10-31T08:50:49.715+0000][1417.011s][info ][safepoint     ] Leaving safepoint region
[2023-10-31T08:50:49.715+0000][1417.011s][info ][safepoint     ] Total time for which application threads were stopped: 0.0012383 seconds, Stopping threads took: 0.0005056 seconds
[2023-10-31T08:50:50.716+0000][1418.012s][debug][safepoint     ] Safepoint synchronization initiated. (192 threads)
[2023-10-31T08:50:50.716+0000][1418.012s][info ][safepoint     ] Application time: 1.0007879 seconds
[2023-10-31T08:50:50.717+0000][1418.013s][info ][safepoint     ] Entering safepoint region: Cleanup
[2023-10-31T08:50:50.718+0000][1418.014s][info ][safepoint     ] Leaving safepoint region
[2023-10-31T08:50:50.718+0000][1418.014s][info ][safepoint     ] Total time for which application threads were stopped: 0.0013270 seconds, Stopping threads took: 0.0005878 seconds
[2023-10-31T08:50:51.719+0000][1419.015s][debug][safepoint     ] Safepoint synchronization initiated. (192 threads)
[2023-10-31T08:50:51.719+0000][1419.015s][info ][safepoint     ] Application time: 1.0007410 seconds
[2023-10-31T08:50:51.720+0000][1419.016s][info ][safepoint     ] Entering safepoint region: Cleanup
[2023-10-31T08:50:51.720+0000][1419.016s][info ][safepoint     ] Leaving safepoint region
[2023-10-31T08:50:51.721+0000][1419.017s][info ][safepoint     ] Total time for which application threads were stopped: 0.0012948 seconds, Stopping threads took: 0.0004889 seconds
[2023-10-31T08:50:52.722+0000][1420.018s][debug][safepoint     ] Safepoint synchronization initiated. (192 threads)
[2023-10-31T08:50:52.723+0000][1420.018s][info ][safepoint     ] Application time: 1.0010044 seconds
[2023-10-31T08:50:52.723+0000][1420.019s][debug][safepoint     ] ... found polling page return exception at pc = 0x00007f62e901a665, stub =0x00007f62e0840600
[2023-10-31T08:50:52.724+0000][1420.019s][debug][safepoint     ] Waiting for 1 thread(s) to block
[2023-10-31T08:50:52.724+0000][1420.020s][info ][safepoint     ] Entering safepoint region: Cleanup
[2023-10-31T08:50:52.725+0000][1420.021s][info ][safepoint     ] Leaving safepoint region
[2023-10-31T08:50:52.726+0000][1420.021s][info ][safepoint     ] Total time for which application threads were stopped: 0.0025398 seconds, Stopping threads took: 0.0015921 seconds
[2023-10-31T08:50:53.726+0000][1421.022s][debug][safepoint     ] Safepoint synchronization initiated. (192 threads)
[2023-10-31T08:50:53.727+0000][1421.023s][info ][safepoint     ] Application time: 1.0010310 seconds
[2023-10-31T08:50:53.728+0000][1421.023s][info ][safepoint     ] Entering safepoint region: Cleanup
[2023-10-31T08:50:53.728+0000][1421.024s][info ][safepoint     ] Leaving safepoint region
[2023-10-31T08:50:53.729+0000][1421.025s][info ][safepoint     ] Total time for which application threads were stopped: 0.0012575 seconds, Stopping threads took: 0.0006515 seconds
[2023-10-31T08:50:53.728+0000][1421.024s][debug][safepoint     ] ... found polling page return exception at pc = 0x00007f62e89d70c4, stub =0x00007f62e0840600
[2023-10-31T08:50:53.728+0000][1421.024s][debug][safepoint     ] ... found polling page return exception at pc = 0x00007f62e89d70c4, stub =0x00007f62e0840600
[2023-10-31T08:50:53.728+0000][1421.024s][debug][safepoint     ] ... found polling page return exception at pc = 0x00007f62e89d70c4, stub =0x00007f62e0840600
[2023-10-31T08:50:54.729+0000][1422.025s][debug][safepoint     ] Safepoint synchronization initiated. (192 threads)
[2023-10-31T08:50:54.731+0000][1422.027s][info ][safepoint     ] Application time: 1.0022074 seconds
[2023-10-31T08:50:54.732+0000][1422.028s][info ][safepoint     ] Entering safepoint region: Cleanup
[2023-10-31T08:50:54.733+0000][1422.029s][info ][safepoint     ] Leaving safepoint region
[2023-10-31T08:50:54.734+0000][1422.029s][info ][safepoint     ] Total time for which application threads were stopped: 0.0015733 seconds, Stopping threads took: 0.0007348 seconds
[2023-10-31T08:50:55.734+0000][1423.030s][debug][safepoint     ] Safepoint synchronization initiated. (192 threads)
[2023-10-31T08:50:55.735+0000][1423.031s][info ][safepoint     ] Application time: 1.0007648 seconds
[2023-10-31T08:50:55.735+0000][1423.031s][info ][safepoint     ] Entering safepoint region: Cleanup
[2023-10-31T08:50:55.736+0000][1423.032s][info ][safepoint     ] Leaving safepoint region
[2023-10-31T08:50:55.737+0000][1423.033s][info ][safepoint     ] Total time for which application threads were stopped: 0.0015124 seconds, Stopping threads took: 0.0007547 seconds
[2023-10-31T08:50:56.738+0000][1424.034s][debug][safepoint     ] Safepoint synchronization initiated. (192 threads)
[2023-10-31T08:50:56.738+0000][1424.034s][info ][safepoint     ] Application time: 1.0010555 seconds
[2023-10-31T08:50:56.739+0000][1424.035s][info ][safepoint     ] Entering safepoint region: Cleanup
[2023-10-31T08:50:56.740+0000][1424.036s][info ][safepoint     ] Leaving safepoint region
[2023-10-31T08:50:56.740+0000][1424.036s][info ][safepoint     ] Total time for which application threads were stopped: 0.0012179 seconds, Stopping threads took: 0.0005822 seconds
[2023-10-31T08:50:57.741+0000][1425.037s][debug][safepoint     ] Safepoint synchronization initiated. (192 threads)
[2023-10-31T08:50:57.742+0000][1425.037s][info ][safepoint     ] Application time: 1.0008790 seconds
[2023-10-31T08:50:57.742+0000][1425.038s][info ][safepoint     ] Entering safepoint region: Cleanup
[2023-10-31T08:50:57.743+0000][1425.039s][info ][safepoint     ] Leaving safepoint region
[2023-10-31T08:50:57.743+0000][1425.039s][info ][safepoint     ] Total time for which application threads were stopped: 0.0012414 seconds, Stopping threads took: 0.0005872 seconds
[2023-10-31T08:50:58.744+0000][1426.040s][debug][safepoint     ] Safepoint synchronization initiated. (192 threads)
[2023-10-31T08:50:58.745+0000][1426.040s][info ][safepoint     ] Application time: 1.0005633 seconds
[2023-10-31T08:50:58.745+0000][1426.041s][info ][safepoint     ] Entering safepoint region: Cleanup
[2023-10-31T08:50:58.746+0000][1426.041s][info ][safepoint     ] Leaving safepoint region
[2023-10-31T08:50:58.746+0000][1426.042s][info ][safepoint     ] Total time for which application threads were stopped: 0.0011249 seconds, Stopping threads took: 0.0004634 seconds
[2023-10-31T08:50:59.747+0000][1427.043s][debug][safepoint     ] Safepoint synchronization initiated. (192 threads)
[2023-10-31T08:50:59.748+0000][1427.043s][info ][safepoint     ] Application time: 1.0008736 seconds
[2023-10-31T08:50:59.748+0000][1427.044s][info ][safepoint     ] Entering safepoint region: Cleanup
[2023-10-31T08:50:59.749+0000][1427.045s][info ][safepoint     ] Leaving safepoint region
[2023-10-31T08:50:59.750+0000][1427.045s][info ][safepoint     ] Total time for which application threads were stopped: 0.0012432 seconds, Stopping threads took: 0.0005428 seconds
[2023-10-31T08:51:00.751+0000][1428.046s][debug][safepoint     ] Safepoint synchronization initiated. (192 threads)
[2023-10-31T08:51:00.753+0000][1428.048s][info ][safepoint     ] Application time: 1.0026323 seconds
[2023-10-31T08:51:00.759+0000][1428.055s][info ][safepoint     ] Entering safepoint region: Cleanup
[2023-10-31T08:51:00.760+0000][1428.056s][info ][safepoint     ] Leaving safepoint region
[2023-10-31T08:51:00.761+0000][1428.056s][info ][safepoint     ] Total time for which application threads were stopped: 0.0019150 seconds, Stopping threads took: 0.0012989 seconds
[2023-10-31T08:51:01.761+0000][1429.057s][debug][safepoint     ] Safepoint synchronization initiated. (192 threads)
[2023-10-31T08:51:01.762+0000][1429.058s][info ][safepoint     ] Application time: 1.0012628 seconds
[2023-10-31T08:51:01.763+0000][1429.059s][info ][safepoint     ] Entering safepoint region: Cleanup
[2023-10-31T08:51:01.764+0000][1429.059s][info ][safepoint     ] Leaving safepoint region
[2023-10-31T08:51:01.765+0000][1429.060s][info ][safepoint     ] Total time for which application threads were stopped: 0.0012542 seconds, Stopping threads took: 0.0004969 seconds
[2023-10-31T08:51:02.765+0000][1430.060s][debug][safepoint     ] Safepoint synchronization initiated. (192 threads)
[2023-10-31T08:51:02.766+0000][1430.061s][info ][safepoint     ] Application time: 1.0007284 seconds
[2023-10-31T08:51:02.766+0000][1430.061s][info ][safepoint     ] Entering safepoint region: Cleanup
[2023-10-31T08:51:02.768+0000][1430.063s][info ][safepoint     ] Leaving safepoint region
[2023-10-31T08:51:02.768+0000][1430.064s][info ][safepoint     ] Total time for which application threads were stopped: 0.0022081 seconds, Stopping threads took: 0.0008503 seconds
[2023-10-31T08:51:03.769+0000][1431.064s][debug][safepoint     ] Safepoint synchronization initiated. (192 threads)
[2023-10-31T08:51:03.769+0000][1431.065s][info ][safepoint     ] Application time: 1.0006940 seconds
[2023-10-31T08:51:03.770+0000][1431.065s][info ][safepoint     ] Entering safepoint region: Cleanup
[2023-10-31T08:51:03.770+0000][1431.066s][info ][safepoint     ] Leaving safepoint region
[2023-10-31T08:51:03.771+0000][1431.066s][info ][safepoint     ] Total time for which application threads were stopped: 0.0009903 seconds, Stopping threads took: 0.0004175 seconds
[2023-10-31T08:51:04.771+0000][1432.067s][debug][safepoint     ] Safepoint synchronization initiated. (192 threads)
[2023-10-31T08:51:04.773+0000][1432.068s][info ][safepoint     ] Application time: 1.0016596 seconds
[2023-10-31T08:51:04.774+0000][1432.069s][info ][safepoint     ] Entering safepoint region: Cleanup
[2023-10-31T08:51:04.775+0000][1432.070s][info ][safepoint     ] Leaving safepoint region
[2023-10-31T08:51:04.776+0000][1432.071s][info ][safepoint     ] Total time for which application threads were stopped: 0.0025388 seconds, Stopping threads took: 0.0006639 seconds
[2023-10-31T08:51:05.777+0000][1433.072s][debug][safepoint     ] Safepoint synchronization initiated. (192 threads)
[2023-10-31T08:51:05.777+0000][1433.073s][info ][safepoint     ] Application time: 1.0007637 seconds
[2023-10-31T08:51:05.778+0000][1433.073s][info ][safepoint     ] Entering safepoint region: Cleanup
[2023-10-31T08:51:05.778+0000][1433.074s][info ][safepoint     ] Leaving safepoint region
[2023-10-31T08:51:05.779+0000][1433.074s][info ][safepoint     ] Total time for which application threads were stopped: 0.0012534 seconds, Stopping threads took: 0.0004570 seconds
[2023-10-31T08:51:06.780+0000][1434.075s][debug][safepoint     ] Safepoint synchronization initiated. (192 threads)
[2023-10-31T08:51:06.781+0000][1434.076s][info ][safepoint     ] Application time: 1.0011699 seconds
[2023-10-31T08:51:06.781+0000][1434.077s][info ][safepoint     ] Entering safepoint region: Cleanup
[2023-10-31T08:51:06.782+0000][1434.077s][info ][safepoint     ] Leaving safepoint region
[2023-10-31T08:51:06.782+0000][1434.078s][info ][safepoint     ] Total time for which application threads were stopped: 0.0012877 seconds, Stopping threads took: 0.0005420 seconds
[2023-10-31T08:51:07.783+0000][1435.078s][debug][safepoint     ] Safepoint synchronization initiated. (192 threads)
[2023-10-31T08:51:07.785+0000][1435.080s][info ][safepoint     ] Application time: 1.0016939 seconds
[2023-10-31T08:51:07.786+0000][1435.081s][info ][safepoint     ] Entering safepoint region: Cleanup
[2023-10-31T08:51:07.788+0000][1435.084s][info ][safepoint     ] Leaving safepoint region
[2023-10-31T08:51:07.789+0000][1435.085s][info ][safepoint     ] Total time for which application threads were stopped: 0.0033823 seconds, Stopping threads took: 0.0017086 seconds
[2023-10-31T08:51:08.790+0000][1436.086s][debug][safepoint     ] Safepoint synchronization initiated. (192 threads)
[2023-10-31T08:51:08.791+0000][1436.087s][info ][safepoint     ] Application time: 1.0013319 seconds
[2023-10-31T08:51:08.792+0000][1436.087s][info ][safepoint     ] Entering safepoint region: Cleanup
[2023-10-31T08:51:08.793+0000][1436.088s][info ][safepoint     ] Leaving safepoint region
[2023-10-31T08:51:08.793+0000][1436.089s][info ][safepoint     ] Total time for which application threads were stopped: 0.0015481 seconds, Stopping threads took: 0.0008837 seconds
[2023-10-31T08:51:09.794+0000][1437.089s][debug][safepoint     ] Safepoint synchronization initiated. (192 threads)
[2023-10-31T08:51:09.795+0000][1437.090s][info ][safepoint     ] Application time: 1.0012695 seconds
[2023-10-31T08:51:09.796+0000][1437.091s][info ][safepoint     ] Entering safepoint region: Cleanup
[2023-10-31T08:51:09.797+0000][1437.092s][info ][safepoint     ] Leaving safepoint region
[2023-10-31T08:51:09.797+0000][1437.093s][info ][safepoint     ] Total time for which application threads were stopped: 0.0017813 seconds, Stopping threads took: 0.0005822 seconds
[2023-10-31T08:51:10.799+0000][1438.094s][debug][safepoint     ] Safepoint synchronization initiated. (192 threads)
[2023-10-31T08:51:10.799+0000][1438.095s][info ][safepoint     ] Application time: 1.0007924 seconds
[2023-10-31T08:51:10.801+0000][1438.096s][info ][safepoint     ] Entering safepoint region: Cleanup
[2023-10-31T08:51:10.802+0000][1438.098s][info ][safepoint     ] Leaving safepoint region
[2023-10-31T08:51:10.804+0000][1438.100s][info ][safepoint     ] Total time for which application threads were stopped: 0.0036666 seconds, Stopping threads took: 0.0008912 seconds
[2023-10-31T08:51:11.806+0000][1439.102s][debug][safepoint     ] Safepoint synchronization initiated. (192 threads)
[2023-10-31T08:51:11.808+0000][1439.103s][info ][safepoint     ] Application time: 1.0015380 seconds
[2023-10-31T08:51:11.809+0000][1439.105s][info ][safepoint     ] Entering safepoint region: Cleanup
[2023-10-31T08:51:11.811+0000][1439.106s][info ][safepoint     ] Leaving safepoint region
[2023-10-31T08:51:11.811+0000][1439.106s][info ][safepoint     ] Total time for which application threads were stopped: 0.0020183 seconds, Stopping threads took: 0.0012897 seconds
[2023-10-31T08:51:12.811+0000][1440.107s][debug][safepoint     ] Safepoint synchronization initiated. (192 threads)
[2023-10-31T08:51:12.812+0000][1440.107s][info ][safepoint     ] Application time: 1.0005834 seconds
[2023-10-31T08:51:12.812+0000][1440.108s][info ][safepoint     ] Entering safepoint region: Cleanup
[2023-10-31T08:51:12.813+0000][1440.109s][info ][safepoint     ] Leaving safepoint region
[2023-10-31T08:51:12.814+0000][1440.109s][info ][safepoint     ] Total time for which application threads were stopped: 0.0013360 seconds, Stopping threads took: 0.0005142 seconds
[2023-10-31T08:51:13.814+0000][1441.110s][debug][safepoint     ] Safepoint synchronization initiated. (192 threads)
[2023-10-31T08:51:13.815+0000][1441.110s][info ][safepoint     ] Application time: 1.0008382 seconds
[2023-10-31T08:51:13.816+0000][1441.111s][info ][safepoint     ] Entering safepoint region: Cleanup
[2023-10-31T08:51:13.816+0000][1441.112s][info ][safepoint     ] Leaving safepoint region
[2023-10-31T08:51:13.817+0000][1441.112s][info ][safepoint     ] Total time for which application threads were stopped: 0.0011380 seconds, Stopping threads took: 0.0005048 seconds
[2023-10-31T08:51:14.817+0000][1442.113s][debug][safepoint     ] Safepoint synchronization initiated. (192 threads)
[2023-10-31T08:51:14.818+0000][1442.113s][info ][safepoint     ] Application time: 1.0006683 seconds
[2023-10-31T08:51:14.818+0000][1442.113s][info ][safepoint     ] Entering safepoint region: Cleanup
[2023-10-31T08:51:14.819+0000][1442.114s][info ][safepoint     ] Leaving safepoint region
[2023-10-31T08:51:14.819+0000][1442.114s][info ][safepoint     ] Total time for which application threads were stopped: 0.0008827 seconds, Stopping threads took: 0.0004067 seconds
[2023-10-31T08:51:15.820+0000][1443.115s][debug][safepoint     ] Safepoint synchronization initiated. (192 threads)
[2023-10-31T08:51:15.820+0000][1443.116s][info ][safepoint     ] Application time: 1.0009604 seconds
[2023-10-31T08:51:15.821+0000][1443.116s][info ][safepoint     ] Entering safepoint region: Cleanup
[2023-10-31T08:51:15.821+0000][1443.117s][info ][safepoint     ] Leaving safepoint region
[2023-10-31T08:51:15.822+0000][1443.117s][info ][safepoint     ] Total time for which application threads were stopped: 0.0013003 seconds, Stopping threads took: 0.0004894 seconds
[2023-10-31T08:51:16.823+0000][1444.118s][debug][safepoint     ] Safepoint synchronization initiated. (192 threads)
[2023-10-31T08:51:16.823+0000][1444.119s][info ][safepoint     ] Application time: 1.0007855 seconds
[2023-10-31T08:51:16.824+0000][1444.119s][info ][safepoint     ] Entering safepoint region: Cleanup
[2023-10-31T08:51:16.825+0000][1444.120s][info ][safepoint     ] Leaving safepoint region
[2023-10-31T08:51:16.825+0000][1444.120s][info ][safepoint     ] Total time for which application threads were stopped: 0.0012862 seconds, Stopping threads took: 0.0006196 seconds
[2023-10-31T08:51:17.826+0000][1445.121s][debug][safepoint     ] Safepoint synchronization initiated. (192 threads)
[2023-10-31T08:51:17.826+0000][1445.122s][info ][safepoint     ] Application time: 1.0007836 seconds
[2023-10-31T08:51:17.827+0000][1445.122s][info ][safepoint     ] Entering safepoint region: Cleanup
[2023-10-31T08:51:17.828+0000][1445.123s][info ][safepoint     ] Leaving safepoint region
[2023-10-31T08:51:17.828+0000][1445.123s][info ][safepoint     ] Total time for which application threads were stopped: 0.0011775 seconds, Stopping threads took: 0.0005374 seconds
[2023-10-31T08:51:18.829+0000][1446.124s][debug][safepoint     ] Safepoint synchronization initiated. (192 threads)
[2023-10-31T08:51:18.829+0000][1446.125s][info ][safepoint     ] Application time: 1.0007223 seconds
[2023-10-31T08:51:18.830+0000][1446.125s][info ][safepoint     ] Entering safepoint region: Cleanup
[2023-10-31T08:51:18.830+0000][1446.125s][info ][safepoint     ] Leaving safepoint region
[2023-10-31T08:51:18.831+0000][1446.126s][info ][safepoint     ] Total time for which application threads were stopped: 0.0010863 seconds, Stopping threads took: 0.0003583 seconds
[2023-10-31T08:51:19.831+0000][1447.126s][debug][safepoint     ] Safepoint synchronization initiated. (192 threads)
[2023-10-31T08:51:19.832+0000][1447.127s][info ][safepoint     ] Application time: 1.0008482 seconds
[2023-10-31T08:51:19.832+0000][1447.128s][info ][safepoint     ] Entering safepoint region: Cleanup
[2023-10-31T08:51:19.833+0000][1447.128s][info ][safepoint     ] Leaving safepoint region
[2023-10-31T08:51:19.834+0000][1447.129s][info ][safepoint     ] Total time for which application threads were stopped: 0.0015538 seconds, Stopping threads took: 0.0004997 seconds
[2023-10-31T08:51:20.834+0000][1448.130s][debug][safepoint     ] Safepoint synchronization initiated. (192 threads)
[2023-10-31T08:51:20.835+0000][1448.130s][info ][safepoint     ] Application time: 1.0007618 seconds
[2023-10-31T08:51:20.836+0000][1448.131s][info ][safepoint     ] Entering safepoint region: Cleanup
[2023-10-31T08:51:20.836+0000][1448.132s][info ][safepoint     ] Leaving safepoint region
[2023-10-31T08:51:20.837+0000][1448.132s][info ][safepoint     ] Total time for which application threads were stopped: 0.0012226 seconds, Stopping threads took: 0.0006144 seconds
[2023-10-31T08:51:21.837+0000][1449.133s][debug][safepoint     ] Safepoint synchronization initiated. (192 threads)
[2023-10-31T08:51:21.838+0000][1449.133s][info ][safepoint     ] Application time: 1.0006066 seconds
[2023-10-31T08:51:21.838+0000][1449.134s][info ][safepoint     ] Entering safepoint region: Cleanup
[2023-10-31T08:51:21.839+0000][1449.134s][info ][safepoint     ] Leaving safepoint region
[2023-10-31T08:51:21.839+0000][1449.135s][info ][safepoint     ] Total time for which application threads were stopped: 0.0010156 seconds, Stopping threads took: 0.0004640 seconds
[2023-10-31T08:51:22.840+0000][1450.135s][debug][safepoint     ] Safepoint synchronization initiated. (192 threads)
[2023-10-31T08:51:22.841+0000][1450.136s][info ][safepoint     ] Application time: 1.0010289 seconds
[2023-10-31T08:51:22.841+0000][1450.136s][info ][safepoint     ] Entering safepoint region: Cleanup
[2023-10-31T08:51:22.842+0000][1450.137s][info ][safepoint     ] Leaving safepoint region
[2023-10-31T08:51:22.842+0000][1450.138s][info ][safepoint     ] Total time for which application threads were stopped: 0.0012316 seconds, Stopping threads took: 0.0005353 seconds
[2023-10-31T08:51:23.843+0000][1451.138s][debug][safepoint     ] Safepoint synchronization initiated. (192 threads)
[2023-10-31T08:51:23.844+0000][1451.139s][info ][safepoint     ] Application time: 1.0011057 seconds
[2023-10-31T08:51:23.845+0000][1451.140s][info ][safepoint     ] Entering safepoint region: Cleanup
[2023-10-31T08:51:23.846+0000][1451.142s][info ][safepoint     ] Leaving safepoint region
[2023-10-31T08:51:23.848+0000][1451.143s][info ][safepoint     ] Total time for which application threads were stopped: 0.0030336 seconds, Stopping threads took: 0.0010509 seconds
[2023-10-31T08:51:24.848+0000][1452.144s][debug][safepoint     ] Safepoint synchronization initiated. (192 threads)
[2023-10-31T08:51:24.851+0000][1452.146s][info ][safepoint     ] Application time: 1.0026868 seconds
[2023-10-31T08:51:24.852+0000][1452.147s][info ][safepoint     ] Entering safepoint region: Cleanup
[2023-10-31T08:51:24.853+0000][1452.148s][info ][safepoint     ] Leaving safepoint region
[2023-10-31T08:51:24.853+0000][1452.149s][info ][safepoint     ] Total time for which application threads were stopped: 0.0014603 seconds, Stopping threads took: 0.0006904 seconds
[2023-10-31T08:51:25.854+0000][1453.149s][debug][safepoint     ] Safepoint synchronization initiated. (192 threads)
[2023-10-31T08:51:25.855+0000][1453.150s][info ][safepoint     ] Application time: 1.0008982 seconds
[2023-10-31T08:51:25.856+0000][1453.151s][info ][safepoint     ] Entering safepoint region: Cleanup
[2023-10-31T08:51:25.856+0000][1453.152s][info ][safepoint     ] Leaving safepoint region
[2023-10-31T08:51:25.857+0000][1453.152s][info ][safepoint     ] Total time for which application threads were stopped: 0.0015739 seconds, Stopping threads took: 0.0006107 seconds
[2023-10-31T08:51:26.858+0000][1454.153s][debug][safepoint     ] Safepoint synchronization initiated. (192 threads)
[2023-10-31T08:51:26.859+0000][1454.154s][info ][safepoint     ] Application time: 1.0009078 seconds
[2023-10-31T08:51:26.859+0000][1454.154s][info ][safepoint     ] Entering safepoint region: Cleanup
[2023-10-31T08:51:26.860+0000][1454.155s][info ][safepoint     ] Leaving safepoint region
[2023-10-31T08:51:26.861+0000][1454.156s][info ][safepoint     ] Total time for which application threads were stopped: 0.0015296 seconds, Stopping threads took: 0.0007119 seconds
[2023-10-31T08:51:27.862+0000][1455.157s][debug][safepoint     ] Safepoint synchronization initiated. (192 threads)
[2023-10-31T08:51:27.863+0000][1455.157s][info ][safepoint     ] Application time: 1.0008391 seconds
[2023-10-31T08:51:27.863+0000][1455.158s][info ][safepoint     ] Entering safepoint region: Cleanup
[2023-10-31T08:51:27.864+0000][1455.159s][info ][safepoint     ] Leaving safepoint region
[2023-10-31T08:51:27.864+0000][1455.159s][info ][safepoint     ] Total time for which application threads were stopped: 0.0010072 seconds, Stopping threads took: 0.0003962 seconds
[2023-10-31T08:51:28.865+0000][1456.160s][debug][safepoint     ] Safepoint synchronization initiated. (192 threads)
[2023-10-31T08:51:28.866+0000][1456.160s][info ][safepoint     ] Application time: 1.0010564 seconds
[2023-10-31T08:51:28.866+0000][1456.161s][info ][safepoint     ] Entering safepoint region: Cleanup
[2023-10-31T08:51:28.867+0000][1456.162s][info ][safepoint     ] Leaving safepoint region
[2023-10-31T08:51:28.868+0000][1456.162s][info ][safepoint     ] Total time for which application threads were stopped: 0.0015041 seconds, Stopping threads took: 0.0008270 seconds
[2023-10-31T08:51:29.868+0000][1457.163s][debug][safepoint     ] Safepoint synchronization initiated. (192 threads)
[2023-10-31T08:51:29.869+0000][1457.164s][info ][safepoint     ] Application time: 1.0008535 seconds
[2023-10-31T08:51:29.870+0000][1457.164s][info ][safepoint     ] Entering safepoint region: Cleanup
[2023-10-31T08:51:29.870+0000][1457.165s][info ][safepoint     ] Leaving safepoint region
[2023-10-31T08:51:29.871+0000][1457.165s][info ][safepoint     ] Total time for which application threads were stopped: 0.0011639 seconds, Stopping threads took: 0.0005279 seconds
[2023-10-31T08:51:30.871+0000][1458.166s][debug][safepoint     ] Safepoint synchronization initiated. (192 threads)
[2023-10-31T08:51:30.872+0000][1458.167s][info ][safepoint     ] Application time: 1.0012601 seconds
[2023-10-31T08:51:30.873+0000][1458.168s][info ][safepoint     ] Entering safepoint region: Cleanup
[2023-10-31T08:51:30.874+0000][1458.169s][info ][safepoint     ] Leaving safepoint region
[2023-10-31T08:51:30.874+0000][1458.169s][info ][safepoint     ] Total time for which application threads were stopped: 0.0013133 seconds, Stopping threads took: 0.0006903 seconds
[2023-10-31T08:51:31.875+0000][1459.170s][debug][safepoint     ] Safepoint synchronization initiated. (192 threads)
[2023-10-31T08:51:31.875+0000][1459.170s][info ][safepoint     ] Application time: 1.0009572 seconds
[2023-10-31T08:51:31.876+0000][1459.171s][info ][safepoint     ] Entering safepoint region: Cleanup
[2023-10-31T08:51:31.877+0000][1459.172s][info ][safepoint     ] Leaving safepoint region
[2023-10-31T08:51:31.877+0000][1459.172s][info ][safepoint     ] Total time for which application threads were stopped: 0.0013245 seconds, Stopping threads took: 0.0006340 seconds
[2023-10-31T08:51:32.878+0000][1460.173s][debug][safepoint     ] Safepoint synchronization initiated. (192 threads)
[2023-10-31T08:51:32.879+0000][1460.174s][info ][safepoint     ] Application time: 1.0007678 seconds
[2023-10-31T08:51:32.879+0000][1460.174s][info ][safepoint     ] Entering safepoint region: Cleanup
[2023-10-31T08:51:32.880+0000][1460.175s][info ][safepoint     ] Leaving safepoint region
[2023-10-31T08:51:32.880+0000][1460.175s][info ][safepoint     ] Total time for which application threads were stopped: 0.0010485 seconds, Stopping threads took: 0.0004665 seconds
[2023-10-31T08:51:33.881+0000][1461.176s][debug][safepoint     ] Safepoint synchronization initiated. (192 threads)
[2023-10-31T08:51:33.882+0000][1461.177s][info ][safepoint     ] Application time: 1.0017244 seconds
[2023-10-31T08:51:33.884+0000][1461.178s][info ][safepoint     ] Entering safepoint region: Cleanup
[2023-10-31T08:51:33.885+0000][1461.180s][info ][safepoint     ] Leaving safepoint region
[2023-10-31T08:51:33.886+0000][1461.181s][info ][safepoint     ] Total time for which application threads were stopped: 0.0027642 seconds, Stopping threads took: 0.0011533 seconds
[2023-10-31T08:51:34.887+0000][1462.182s][debug][safepoint     ] Safepoint synchronization initiated. (192 threads)
[2023-10-31T08:51:34.888+0000][1462.183s][info ][safepoint     ] Application time: 1.0005434 seconds
[2023-10-31T08:51:34.888+0000][1462.183s][info ][safepoint     ] Entering safepoint region: Cleanup
[2023-10-31T08:51:34.889+0000][1462.184s][info ][safepoint     ] Leaving safepoint region
[2023-10-31T08:51:34.889+0000][1462.184s][info ][safepoint     ] Total time for which application threads were stopped: 0.0009292 seconds, Stopping threads took: 0.0003608 seconds
[2023-10-31T08:51:35.890+0000][1463.185s][debug][safepoint     ] Safepoint synchronization initiated. (192 threads)
[2023-10-31T08:51:35.891+0000][1463.186s][info ][safepoint     ] Application time: 1.0014484 seconds
[2023-10-31T08:51:35.892+0000][1463.187s][info ][safepoint     ] Entering safepoint region: Cleanup
[2023-10-31T08:51:35.894+0000][1463.189s][info ][safepoint     ] Leaving safepoint region
[2023-10-31T08:51:35.895+0000][1463.190s][info ][safepoint     ] Total time for which application threads were stopped: 0.0026180 seconds, Stopping threads took: 0.0012072 seconds
[2023-10-31T08:51:36.896+0000][1464.191s][debug][safepoint     ] Safepoint synchronization initiated. (192 threads)
[2023-10-31T08:51:36.897+0000][1464.192s][info ][safepoint     ] Application time: 1.0013462 seconds
[2023-10-31T08:51:36.898+0000][1464.193s][info ][safepoint     ] Entering safepoint region: Cleanup
[2023-10-31T08:51:36.899+0000][1464.194s][info ][safepoint     ] Leaving safepoint region
[2023-10-31T08:51:36.900+0000][1464.195s][info ][safepoint     ] Total time for which application threads were stopped: 0.0020403 seconds, Stopping threads took: 0.0008850 seconds
[2023-10-31T08:51:37.901+0000][1465.196s][debug][safepoint     ] Safepoint synchronization initiated. (192 threads)
[2023-10-31T08:51:37.902+0000][1465.197s][info ][safepoint     ] Application time: 1.0013942 seconds
[2023-10-31T08:51:37.903+0000][1465.198s][info ][safepoint     ] Entering safepoint region: Cleanup
[2023-10-31T08:51:37.905+0000][1465.200s][info ][safepoint     ] Leaving safepoint region
[2023-10-31T08:51:37.906+0000][1465.201s][info ][safepoint     ] Total time for which application threads were stopped: 0.0024613 seconds, Stopping threads took: 0.0011909 seconds
[2023-10-31T08:51:38.907+0000][1466.202s][debug][safepoint     ] Safepoint synchronization initiated. (191 threads)
[2023-10-31T08:51:38.907+0000][1466.202s][info ][safepoint     ] Application time: 1.0008545 seconds
[2023-10-31T08:51:38.908+0000][1466.203s][info ][safepoint     ] Entering safepoint region: Cleanup
[2023-10-31T08:51:38.909+0000][1466.203s][info ][safepoint     ] Leaving safepoint region
[2023-10-31T08:51:38.909+0000][1466.204s][info ][safepoint     ] Total time for which application threads were stopped: 0.0011238 seconds, Stopping threads took: 0.0005215 seconds
[2023-10-31T08:51:38.909+0000][1466.204s][debug][safepoint     ] ... found polling page return exception at pc = 0x00007f62e89d70c4, stub =0x00007f62e0840600
[2023-10-31T08:51:38.909+0000][1466.204s][debug][safepoint     ] ... found polling page return exception at pc = 0x00007f62e89d70c4, stub =0x00007f62e0840600
[2023-10-31T08:51:38.909+0000][1466.204s][debug][safepoint     ] ... found polling page return exception at pc = 0x00007f62e89d70c4, stub =0x00007f62e0840600
[2023-10-31T08:51:39.910+0000][1467.205s][debug][safepoint     ] Safepoint synchronization initiated. (192 threads)
[2023-10-31T08:51:39.911+0000][1467.206s][info ][safepoint     ] Application time: 1.0015185 seconds
[2023-10-31T08:51:39.912+0000][1467.207s][info ][safepoint     ] Entering safepoint region: Cleanup
[2023-10-31T08:51:39.914+0000][1467.208s][info ][safepoint     ] Leaving safepoint region
[2023-10-31T08:51:39.914+0000][1467.209s][info ][safepoint     ] Total time for which application threads were stopped: 0.0022631 seconds, Stopping threads took: 0.0009663 seconds
[2023-10-31T08:51:40.915+0000][1468.210s][debug][safepoint     ] Safepoint synchronization initiated. (192 threads)
[2023-10-31T08:51:40.917+0000][1468.211s][info ][safepoint     ] Application time: 1.0014506 seconds
[2023-10-31T08:51:40.918+0000][1468.213s][info ][safepoint     ] Entering safepoint region: Cleanup
[2023-10-31T08:51:40.919+0000][1468.214s][info ][safepoint     ] Leaving safepoint region
[2023-10-31T08:51:40.920+0000][1468.215s][info ][safepoint     ] Total time for which application threads were stopped: 0.0026545 seconds, Stopping threads took: 0.0010698 seconds
[2023-10-31T08:51:41.921+0000][1469.216s][debug][safepoint     ] Safepoint synchronization initiated. (192 threads)
[2023-10-31T08:51:41.922+0000][1469.217s][info ][safepoint     ] Application time: 1.0011580 seconds
[2023-10-31T08:51:41.923+0000][1469.218s][info ][safepoint     ] Entering safepoint region: Cleanup
[2023-10-31T08:51:41.924+0000][1469.219s][info ][safepoint     ] Leaving safepoint region
[2023-10-31T08:51:41.925+0000][1469.220s][info ][safepoint     ] Total time for which application threads were stopped: 0.0018097 seconds, Stopping threads took: 0.0008789 seconds
[2023-10-31T08:51:42.926+0000][1470.220s][debug][safepoint     ] Safepoint synchronization initiated. (192 threads)
[2023-10-31T08:51:42.926+0000][1470.221s][info ][safepoint     ] Application time: 1.0009172 seconds
[2023-10-31T08:51:42.927+0000][1470.222s][info ][safepoint     ] Entering safepoint region: Cleanup
[2023-10-31T08:51:42.927+0000][1470.222s][info ][safepoint     ] Leaving safepoint region
[2023-10-31T08:51:42.928+0000][1470.223s][info ][safepoint     ] Total time for which application threads were stopped: 0.0010601 seconds, Stopping threads took: 0.0004216 seconds
[2023-10-31T08:51:43.928+0000][1471.223s][debug][safepoint     ] Safepoint synchronization initiated. (192 threads)
[2023-10-31T08:51:43.929+0000][1471.224s][info ][safepoint     ] Application time: 1.0011374 seconds
[2023-10-31T08:51:43.930+0000][1471.225s][info ][safepoint     ] Entering safepoint region: Cleanup
[2023-10-31T08:51:43.931+0000][1471.226s][info ][safepoint     ] Leaving safepoint region
[2023-10-31T08:51:43.932+0000][1471.227s][info ][safepoint     ] Total time for which application threads were stopped: 0.0017833 seconds, Stopping threads took: 0.0008901 seconds
[2023-10-31T08:51:44.933+0000][1472.227s][debug][safepoint     ] Safepoint synchronization initiated. (192 threads)
[2023-10-31T08:51:44.933+0000][1472.228s][info ][safepoint     ] Application time: 1.0006474 seconds
[2023-10-31T08:51:44.933+0000][1472.228s][info ][safepoint     ] Entering safepoint region: Cleanup
[2023-10-31T08:51:44.934+0000][1472.229s][info ][safepoint     ] Leaving safepoint region
[2023-10-31T08:51:44.934+0000][1472.229s][info ][safepoint     ] Total time for which application threads were stopped: 0.0011289 seconds, Stopping threads took: 0.0005298 seconds
[2023-10-31T08:51:45.935+0000][1473.230s][debug][safepoint     ] Safepoint synchronization initiated. (192 threads)
[2023-10-31T08:51:45.935+0000][1473.230s][info ][safepoint     ] Application time: 1.0005833 seconds
[2023-10-31T08:51:45.936+0000][1473.231s][info ][safepoint     ] Entering safepoint region: Cleanup
[2023-10-31T08:51:45.936+0000][1473.231s][info ][safepoint     ] Leaving safepoint region
[2023-10-31T08:51:45.937+0000][1473.232s][info ][safepoint     ] Total time for which application threads were stopped: 0.0009286 seconds, Stopping threads took: 0.0003998 seconds
[2023-10-31T08:51:46.937+0000][1474.232s][debug][safepoint     ] Safepoint synchronization initiated. (192 threads)
[2023-10-31T08:51:46.938+0000][1474.233s][info ][safepoint     ] Application time: 1.0012419 seconds
[2023-10-31T08:51:46.939+0000][1474.234s][info ][safepoint     ] Entering safepoint region: Cleanup
[2023-10-31T08:51:46.940+0000][1474.235s][info ][safepoint     ] Leaving safepoint region
[2023-10-31T08:51:46.941+0000][1474.235s][info ][safepoint     ] Total time for which application threads were stopped: 0.0016192 seconds, Stopping threads took: 0.0008230 seconds
[2023-10-31T08:51:47.941+0000][1475.236s][debug][safepoint     ] Safepoint synchronization initiated. (192 threads)
[2023-10-31T08:51:47.942+0000][1475.237s][info ][safepoint     ] Application time: 1.0006583 seconds
[2023-10-31T08:51:47.942+0000][1475.237s][info ][safepoint     ] Entering safepoint region: Cleanup
[2023-10-31T08:51:47.943+0000][1475.238s][info ][safepoint     ] Leaving safepoint region
[2023-10-31T08:51:47.943+0000][1475.238s][info ][safepoint     ] Total time for which application threads were stopped: 0.0012711 seconds, Stopping threads took: 0.0007584 seconds
[2023-10-31T08:51:48.944+0000][1476.239s][debug][safepoint     ] Safepoint synchronization initiated. (192 threads)
[2023-10-31T08:51:48.944+0000][1476.239s][info ][safepoint     ] Application time: 1.0005626 seconds
[2023-10-31T08:51:48.945+0000][1476.240s][info ][safepoint     ] Entering safepoint region: Cleanup
[2023-10-31T08:51:48.945+0000][1476.240s][info ][safepoint     ] Leaving safepoint region
[2023-10-31T08:51:48.946+0000][1476.241s][info ][safepoint     ] Total time for which application threads were stopped: 0.0011499 seconds, Stopping threads took: 0.0005358 seconds
[2023-10-31T08:51:49.946+0000][1477.241s][debug][safepoint     ] Safepoint synchronization initiated. (192 threads)
[2023-10-31T08:51:49.947+0000][1477.242s][info ][safepoint     ] Application time: 1.0005763 seconds
[2023-10-31T08:51:49.947+0000][1477.242s][info ][safepoint     ] Entering safepoint region: Cleanup
[2023-10-31T08:51:49.948+0000][1477.243s][info ][safepoint     ] Leaving safepoint region
[2023-10-31T08:51:49.948+0000][1477.243s][info ][safepoint     ] Total time for which application threads were stopped: 0.0009220 seconds, Stopping threads took: 0.0004058 seconds
[2023-10-31T08:51:50.949+0000][1478.243s][debug][safepoint     ] Safepoint synchronization initiated. (192 threads)
[2023-10-31T08:51:50.949+0000][1478.244s][info ][safepoint     ] Application time: 1.0006780 seconds
[2023-10-31T08:51:50.950+0000][1478.245s][info ][safepoint     ] Entering safepoint region: Cleanup
[2023-10-31T08:51:50.950+0000][1478.245s][info ][safepoint     ] Leaving safepoint region
[2023-10-31T08:51:50.951+0000][1478.246s][info ][safepoint     ] Total time for which application threads were stopped: 0.0013272 seconds, Stopping threads took: 0.0005959 seconds
[2023-10-31T08:51:51.952+0000][1479.247s][debug][safepoint     ] Safepoint synchronization initiated. (192 threads)
[2023-10-31T08:51:51.952+0000][1479.247s][info ][safepoint     ] Application time: 1.0008658 seconds
[2023-10-31T08:51:51.953+0000][1479.248s][info ][safepoint     ] Entering safepoint region: Cleanup
[2023-10-31T08:51:51.954+0000][1479.249s][info ][safepoint     ] Leaving safepoint region
[2023-10-31T08:51:51.954+0000][1479.249s][info ][safepoint     ] Total time for which application threads were stopped: 0.0013530 seconds, Stopping threads took: 0.0005977 seconds
[2023-10-31T08:51:52.955+0000][1480.250s][debug][safepoint     ] Safepoint synchronization initiated. (192 threads)
[2023-10-31T08:51:52.956+0000][1480.251s][info ][safepoint     ] Application time: 1.0010128 seconds
[2023-10-31T08:51:52.956+0000][1480.251s][info ][safepoint     ] Entering safepoint region: Cleanup
[2023-10-31T08:51:52.957+0000][1480.252s][info ][safepoint     ] Leaving safepoint region
[2023-10-31T08:51:52.958+0000][1480.253s][info ][safepoint     ] Total time for which application threads were stopped: 0.0014769 seconds, Stopping threads took: 0.0007077 seconds
[2023-10-31T08:51:53.959+0000][1481.253s][debug][safepoint     ] Safepoint synchronization initiated. (192 threads)
[2023-10-31T08:51:53.960+0000][1481.255s][info ][safepoint     ] Application time: 1.0015175 seconds
[2023-10-31T08:51:53.961+0000][1481.256s][info ][safepoint     ] Entering safepoint region: Cleanup
[2023-10-31T08:51:53.962+0000][1481.257s][info ][safepoint     ] Leaving safepoint region
[2023-10-31T08:51:53.963+0000][1481.258s][info ][safepoint     ] Total time for which application threads were stopped: 0.0024797 seconds, Stopping threads took: 0.0009849 seconds
[2023-10-31T08:51:54.964+0000][1482.259s][debug][safepoint     ] Safepoint synchronization initiated. (192 threads)
[2023-10-31T08:51:54.965+0000][1482.260s][info ][safepoint     ] Application time: 1.0005456 seconds
[2023-10-31T08:51:54.965+0000][1482.260s][info ][safepoint     ] Entering safepoint region: Cleanup
[2023-10-31T08:51:54.966+0000][1482.261s][info ][safepoint     ] Leaving safepoint region
[2023-10-31T08:51:54.966+0000][1482.261s][info ][safepoint     ] Total time for which application threads were stopped: 0.0011392 seconds, Stopping threads took: 0.0004393 seconds
[2023-10-31T08:51:55.967+0000][1483.262s][debug][safepoint     ] Safepoint synchronization initiated. (192 threads)
[2023-10-31T08:51:55.967+0000][1483.262s][info ][safepoint     ] Application time: 1.0007026 seconds
[2023-10-31T08:51:55.968+0000][1483.263s][info ][safepoint     ] Entering safepoint region: Cleanup
[2023-10-31T08:51:55.969+0000][1483.264s][info ][safepoint     ] Leaving safepoint region
[2023-10-31T08:51:55.969+0000][1483.264s][debug][safepoint     ] ... found polling page return exception at pc = 0x00007f62e89d70c4, stub =0x00007f62e0840600
[2023-10-31T08:51:55.969+0000][1483.264s][debug][safepoint     ] ... found polling page return exception at pc = 0x00007f62e89d70c4, stub =0x00007f62e0840600
[2023-10-31T08:51:55.969+0000][1483.264s][debug][safepoint     ] ... found polling page return exception at pc = 0x00007f62e89d70c4, stub =0x00007f62e0840600
[2023-10-31T08:51:55.969+0000][1483.264s][debug][safepoint     ] ... found polling page return exception at pc = 0x00007f62e89d70c4, stub =0x00007f62e0840600
[2023-10-31T08:51:55.969+0000][1483.264s][debug][safepoint     ] ... found polling page return exception at pc = 0x00007f62e89d70c4, stub =0x00007f62e0840600
[2023-10-31T08:51:55.970+0000][1483.265s][info ][safepoint     ] Total time for which application threads were stopped: 0.0018597 seconds, Stopping threads took: 0.0009683 seconds
[2023-10-31T08:51:56.973+0000][1484.268s][debug][safepoint     ] Safepoint synchronization initiated. (192 threads)
[2023-10-31T08:51:56.974+0000][1484.269s][info ][safepoint     ] Application time: 1.0007793 seconds
[2023-10-31T08:51:56.974+0000][1484.269s][info ][safepoint     ] Entering safepoint region: Cleanup
[2023-10-31T08:51:56.975+0000][1484.269s][info ][safepoint     ] Leaving safepoint region
[2023-10-31T08:51:56.975+0000][1484.270s][info ][safepoint     ] Total time for which application threads were stopped: 0.0008625 seconds, Stopping threads took: 0.0003730 seconds
[2023-10-31T08:51:57.976+0000][1485.270s][debug][safepoint     ] Safepoint synchronization initiated. (192 threads)
[2023-10-31T08:51:57.976+0000][1485.271s][info ][safepoint     ] Application time: 1.0007579 seconds
[2023-10-31T08:51:57.977+0000][1485.271s][info ][safepoint     ] Entering safepoint region: Cleanup
[2023-10-31T08:51:57.978+0000][1485.272s][info ][safepoint     ] Leaving safepoint region
[2023-10-31T08:51:57.978+0000][1485.272s][info ][safepoint     ] Total time for which application threads were stopped: 0.0011187 seconds, Stopping threads took: 0.0005276 seconds
[2023-10-31T08:51:58.979+0000][1486.273s][debug][safepoint     ] Safepoint synchronization initiated. (192 threads)
[2023-10-31T08:51:58.979+0000][1486.274s][info ][safepoint     ] Application time: 1.0009071 seconds
[2023-10-31T08:51:58.980+0000][1486.274s][info ][safepoint     ] Entering safepoint region: Cleanup
[2023-10-31T08:51:58.981+0000][1486.275s][info ][safepoint     ] Leaving safepoint region
[2023-10-31T08:51:58.981+0000][1486.276s][info ][safepoint     ] Total time for which application threads were stopped: 0.0014608 seconds, Stopping threads took: 0.0005412 seconds
[2023-10-31T08:51:59.982+0000][1487.277s][debug][safepoint     ] Safepoint synchronization initiated. (192 threads)
[2023-10-31T08:51:59.983+0000][1487.278s][info ][safepoint     ] Application time: 1.0012527 seconds
[2023-10-31T08:51:59.984+0000][1487.278s][info ][safepoint     ] Entering safepoint region: Cleanup
[2023-10-31T08:51:59.985+0000][1487.279s][info ][safepoint     ] Leaving safepoint region
[2023-10-31T08:51:59.986+0000][1487.280s][info ][safepoint     ] Total time for which application threads were stopped: 0.0021041 seconds, Stopping threads took: 0.0006677 seconds
[2023-10-31T08:52:00.987+0000][1488.281s][debug][safepoint     ] Safepoint synchronization initiated. (192 threads)
[2023-10-31T08:52:00.988+0000][1488.282s][info ][safepoint     ] Application time: 1.0014779 seconds
[2023-10-31T08:52:00.989+0000][1488.283s][info ][safepoint     ] Entering safepoint region: Cleanup
[2023-10-31T08:52:00.990+0000][1488.285s][info ][safepoint     ] Leaving safepoint region
[2023-10-31T08:52:00.991+0000][1488.285s][info ][safepoint     ] Total time for which application threads were stopped: 0.0020785 seconds, Stopping threads took: 0.0010169 seconds
[2023-10-31T08:52:01.992+0000][1489.287s][debug][safepoint     ] Safepoint synchronization initiated. (192 threads)
[2023-10-31T08:52:01.993+0000][1489.288s][info ][safepoint     ] Application time: 1.0016821 seconds
[2023-10-31T08:52:01.994+0000][1489.289s][info ][safepoint     ] Entering safepoint region: Cleanup
[2023-10-31T08:52:01.996+0000][1489.290s][info ][safepoint     ] Leaving safepoint region
[2023-10-31T08:52:01.997+0000][1489.291s][info ][safepoint     ] Total time for which application threads were stopped: 0.0021704 seconds, Stopping threads took: 0.0010154 seconds
[2023-10-31T08:52:02.998+0000][1490.292s][debug][safepoint     ] Safepoint synchronization initiated. (192 threads)
[2023-10-31T08:52:02.998+0000][1490.293s][info ][safepoint     ] Application time: 1.0010862 seconds
[2023-10-31T08:52:02.999+0000][1490.294s][info ][safepoint     ] Entering safepoint region: Cleanup
[2023-10-31T08:52:03.000+0000][1490.294s][info ][safepoint     ] Leaving safepoint region
[2023-10-31T08:52:03.000+0000][1490.295s][info ][safepoint     ] Total time for which application threads were stopped: 0.0013350 seconds, Stopping threads took: 0.0006751 seconds
[2023-10-31T08:52:04.001+0000][1491.295s][debug][safepoint     ] Safepoint synchronization initiated. (192 threads)
[2023-10-31T08:52:04.002+0000][1491.297s][info ][safepoint     ] Application time: 1.0013464 seconds
[2023-10-31T08:52:04.003+0000][1491.298s][info ][safepoint     ] Entering safepoint region: Cleanup
[2023-10-31T08:52:04.004+0000][1491.299s][info ][safepoint     ] Leaving safepoint region
[2023-10-31T08:52:04.005+0000][1491.299s][info ][safepoint     ] Total time for which application threads were stopped: 0.0018667 seconds, Stopping threads took: 0.0008571 seconds
[2023-10-31T08:52:05.006+0000][1492.300s][debug][safepoint     ] Safepoint synchronization initiated. (192 threads)
[2023-10-31T08:52:05.006+0000][1492.301s][info ][safepoint     ] Application time: 1.0008550 seconds
[2023-10-31T08:52:05.007+0000][1492.301s][info ][safepoint     ] Entering safepoint region: Cleanup
[2023-10-31T08:52:05.008+0000][1492.302s][info ][safepoint     ] Leaving safepoint region
[2023-10-31T08:52:05.008+0000][1492.303s][info ][safepoint     ] Total time for which application threads were stopped: 0.0013638 seconds, Stopping threads took: 0.0006413 seconds
[2023-10-31T08:52:06.009+0000][1493.303s][debug][safepoint     ] Safepoint synchronization initiated. (192 threads)
[2023-10-31T08:52:06.009+0000][1493.304s][info ][safepoint     ] Application time: 1.0008806 seconds
[2023-10-31T08:52:06.010+0000][1493.305s][info ][safepoint     ] Entering safepoint region: Cleanup
[2023-10-31T08:52:06.011+0000][1493.305s][info ][safepoint     ] Leaving safepoint region
[2023-10-31T08:52:06.011+0000][1493.306s][info ][safepoint     ] Total time for which application threads were stopped: 0.0013347 seconds, Stopping threads took: 0.0005532 seconds
[2023-10-31T08:52:07.012+0000][1494.307s][debug][safepoint     ] Safepoint synchronization initiated. (192 threads)
[2023-10-31T08:52:07.013+0000][1494.308s][info ][safepoint     ] Application time: 1.0015965 seconds
[2023-10-31T08:52:07.015+0000][1494.309s][info ][safepoint     ] Entering safepoint region: Cleanup
[2023-10-31T08:52:07.016+0000][1494.311s][info ][safepoint     ] Leaving safepoint region
[2023-10-31T08:52:07.017+0000][1494.311s][info ][safepoint     ] Total time for which application threads were stopped: 0.0022678 seconds, Stopping threads took: 0.0010235 seconds
[2023-10-31T08:52:08.018+0000][1495.312s][debug][safepoint     ] Safepoint synchronization initiated. (192 threads)
[2023-10-31T08:52:08.019+0000][1495.313s][info ][safepoint     ] Application time: 1.0011850 seconds
[2023-10-31T08:52:08.020+0000][1495.314s][info ][safepoint     ] Entering safepoint region: Cleanup
[2023-10-31T08:52:08.021+0000][1495.315s][info ][safepoint     ] Leaving safepoint region
[2023-10-31T08:52:08.022+0000][1495.316s][info ][safepoint     ] Total time for which application threads were stopped: 0.0019991 seconds, Stopping threads took: 0.0008310 seconds
[2023-10-31T08:52:09.023+0000][1496.317s][debug][safepoint     ] Safepoint synchronization initiated. (192 threads)
[2023-10-31T08:52:09.024+0000][1496.318s][info ][safepoint     ] Application time: 1.0011779 seconds
[2023-10-31T08:52:09.024+0000][1496.319s][info ][safepoint     ] Entering safepoint region: Cleanup
[2023-10-31T08:52:09.025+0000][1496.319s][info ][safepoint     ] Leaving safepoint region
[2023-10-31T08:52:09.025+0000][1496.320s][info ][safepoint     ] Total time for which application threads were stopped: 0.0012790 seconds, Stopping threads took: 0.0004874 seconds
[2023-10-31T08:52:10.026+0000][1497.321s][debug][safepoint     ] Safepoint synchronization initiated. (192 threads)
[2023-10-31T08:52:10.027+0000][1497.321s][info ][safepoint     ] Application time: 1.0006652 seconds
[2023-10-31T08:52:10.027+0000][1497.322s][info ][safepoint     ] Entering safepoint region: Cleanup
[2023-10-31T08:52:10.028+0000][1497.322s][info ][safepoint     ] Leaving safepoint region
[2023-10-31T08:52:10.028+0000][1497.323s][info ][safepoint     ] Total time for which application threads were stopped: 0.0013145 seconds, Stopping threads took: 0.0005658 seconds
[2023-10-31T08:52:11.029+0000][1498.324s][debug][safepoint     ] Safepoint synchronization initiated. (192 threads)
[2023-10-31T08:52:11.030+0000][1498.324s][info ][safepoint     ] Application time: 1.0011845 seconds
[2023-10-31T08:52:11.031+0000][1498.325s][info ][safepoint     ] Entering safepoint region: Cleanup
[2023-10-31T08:52:11.032+0000][1498.326s][info ][safepoint     ] Leaving safepoint region
[2023-10-31T08:52:11.032+0000][1498.327s][info ][safepoint     ] Total time for which application threads were stopped: 0.0017024 seconds, Stopping threads took: 0.0006618 seconds
[2023-10-31T08:52:12.033+0000][1499.328s][debug][safepoint     ] Safepoint synchronization initiated. (192 threads)
[2023-10-31T08:52:12.034+0000][1499.329s][info ][safepoint     ] Application time: 1.0014061 seconds
[2023-10-31T08:52:12.035+0000][1499.330s][debug][safepoint     ] ... found polling page loop exception at pc = 0x00007f62e94c62aa, stub =0x00007f62e0843680
[2023-10-31T08:52:12.036+0000][1499.331s][debug][safepoint     ] Waiting for 1 thread(s) to block
[2023-10-31T08:52:12.037+0000][1499.332s][info ][safepoint     ] Entering safepoint region: Cleanup
[2023-10-31T08:52:12.038+0000][1499.333s][info ][safepoint     ] Leaving safepoint region
[2023-10-31T08:52:12.039+0000][1499.334s][info ][safepoint     ] Total time for which application threads were stopped: 0.0038682 seconds, Stopping threads took: 0.0028129 seconds
[2023-10-31T08:52:13.040+0000][1500.335s][debug][safepoint     ] Safepoint synchronization initiated. (192 threads)
[2023-10-31T08:52:13.041+0000][1500.336s][info ][safepoint     ] Application time: 1.0013198 seconds
[2023-10-31T08:52:13.042+0000][1500.337s][info ][safepoint     ] Entering safepoint region: Cleanup
[2023-10-31T08:52:13.043+0000][1500.338s][info ][safepoint     ] Leaving safepoint region
[2023-10-31T08:52:13.044+0000][1500.339s][info ][safepoint     ] Total time for which application threads were stopped: 0.0020413 seconds, Stopping threads took: 0.0008520 seconds
[2023-10-31T08:52:14.045+0000][1501.340s][debug][safepoint     ] Safepoint synchronization initiated. (192 threads)
[2023-10-31T08:52:14.046+0000][1501.341s][info ][safepoint     ] Application time: 1.0012271 seconds
[2023-10-31T08:52:14.047+0000][1501.342s][info ][safepoint     ] Entering safepoint region: Cleanup
[2023-10-31T08:52:14.048+0000][1501.343s][info ][safepoint     ] Leaving safepoint region
[2023-10-31T08:52:14.049+0000][1501.343s][info ][safepoint     ] Total time for which application threads were stopped: 0.0018660 seconds, Stopping threads took: 0.0008867 seconds
[2023-10-31T08:52:15.050+0000][1502.344s][debug][safepoint     ] Safepoint synchronization initiated. (192 threads)
[2023-10-31T08:52:15.050+0000][1502.345s][info ][safepoint     ] Application time: 1.0006982 seconds
[2023-10-31T08:52:15.051+0000][1502.345s][info ][safepoint     ] Entering safepoint region: Cleanup
[2023-10-31T08:52:15.052+0000][1502.346s][info ][safepoint     ] Leaving safepoint region
[2023-10-31T08:52:15.052+0000][1502.347s][info ][safepoint     ] Total time for which application threads were stopped: 0.0012162 seconds, Stopping threads took: 0.0005212 seconds
[2023-10-31T08:52:16.053+0000][1503.347s][debug][safepoint     ] Safepoint synchronization initiated. (192 threads)
[2023-10-31T08:52:16.053+0000][1503.348s][info ][safepoint     ] Application time: 1.0008147 seconds
[2023-10-31T08:52:16.054+0000][1503.348s][info ][safepoint     ] Entering safepoint region: Cleanup
[2023-10-31T08:52:16.055+0000][1503.349s][info ][safepoint     ] Leaving safepoint region
[2023-10-31T08:52:16.055+0000][1503.350s][info ][safepoint     ] Total time for which application threads were stopped: 0.0012502 seconds, Stopping threads took: 0.0005726 seconds
[2023-10-31T08:52:17.056+0000][1504.350s][debug][safepoint     ] Safepoint synchronization initiated. (192 threads)
[2023-10-31T08:52:17.056+0000][1504.351s][info ][safepoint     ] Application time: 1.0005699 seconds
[2023-10-31T08:52:17.057+0000][1504.351s][info ][safepoint     ] Entering safepoint region: Cleanup
[2023-10-31T08:52:17.057+0000][1504.352s][info ][safepoint     ] Leaving safepoint region
[2023-10-31T08:52:17.058+0000][1504.352s][info ][safepoint     ] Total time for which application threads were stopped: 0.0014296 seconds, Stopping threads took: 0.0005206 seconds
[2023-10-31T08:52:18.058+0000][1505.353s][debug][safepoint     ] Safepoint synchronization initiated. (192 threads)
[2023-10-31T08:52:18.059+0000][1505.354s][info ][safepoint     ] Application time: 1.0009046 seconds
[2023-10-31T08:52:18.060+0000][1505.354s][info ][safepoint     ] Entering safepoint region: Cleanup
[2023-10-31T08:52:18.061+0000][1505.355s][info ][safepoint     ] Leaving safepoint region
[2023-10-31T08:52:18.061+0000][1505.356s][info ][safepoint     ] Total time for which application threads were stopped: 0.0013401 seconds, Stopping threads took: 0.0005402 seconds
[2023-10-31T08:52:19.062+0000][1506.357s][debug][safepoint     ] Safepoint synchronization initiated. (192 threads)
[2023-10-31T08:52:19.063+0000][1506.357s][info ][safepoint     ] Application time: 1.0009341 seconds
[2023-10-31T08:52:19.063+0000][1506.358s][info ][safepoint     ] Entering safepoint region: Cleanup
[2023-10-31T08:52:19.064+0000][1506.359s][info ][safepoint     ] Leaving safepoint region
[2023-10-31T08:52:19.065+0000][1506.359s][info ][safepoint     ] Total time for which application threads were stopped: 0.0012280 seconds, Stopping threads took: 0.0005957 seconds
[2023-10-31T08:52:20.065+0000][1507.360s][debug][safepoint     ] Safepoint synchronization initiated. (192 threads)
[2023-10-31T08:52:20.066+0000][1507.361s][info ][safepoint     ] Application time: 1.0012211 seconds
[2023-10-31T08:52:20.067+0000][1507.362s][info ][safepoint     ] Entering safepoint region: Cleanup
[2023-10-31T08:52:20.068+0000][1507.363s][info ][safepoint     ] Leaving safepoint region
[2023-10-31T08:52:20.069+0000][1507.364s][info ][safepoint     ] Total time for which application threads were stopped: 0.0018815 seconds, Stopping threads took: 0.0008020 seconds
[2023-10-31T08:52:21.070+0000][1508.365s][debug][safepoint     ] Safepoint synchronization initiated. (192 threads)
[2023-10-31T08:52:21.071+0000][1508.366s][info ][safepoint     ] Application time: 1.0013610 seconds
[2023-10-31T08:52:21.072+0000][1508.367s][info ][safepoint     ] Entering safepoint region: Cleanup
[2023-10-31T08:52:21.074+0000][1508.368s][info ][safepoint     ] Leaving safepoint region
[2023-10-31T08:52:21.074+0000][1508.369s][info ][safepoint     ] Total time for which application threads were stopped: 0.0021639 seconds, Stopping threads took: 0.0009258 seconds
[2023-10-31T08:52:22.075+0000][1509.370s][debug][safepoint     ] Safepoint synchronization initiated. (192 threads)
[2023-10-31T08:52:22.077+0000][1509.371s][info ][safepoint     ] Application time: 1.0014832 seconds
[2023-10-31T08:52:22.078+0000][1509.372s][info ][safepoint     ] Entering safepoint region: Cleanup
[2023-10-31T08:52:22.079+0000][1509.374s][info ][safepoint     ] Leaving safepoint region
[2023-10-31T08:52:22.080+0000][1509.375s][info ][safepoint     ] Total time for which application threads were stopped: 0.0022823 seconds, Stopping threads took: 0.0009157 seconds
[2023-10-31T08:52:23.081+0000][1510.376s][debug][safepoint     ] Safepoint synchronization initiated. (192 threads)
[2023-10-31T08:52:23.082+0000][1510.376s][info ][safepoint     ] Application time: 1.0008406 seconds
[2023-10-31T08:52:23.083+0000][1510.377s][info ][safepoint     ] Entering safepoint region: Cleanup
[2023-10-31T08:52:23.083+0000][1510.378s][info ][safepoint     ] Leaving safepoint region
[2023-10-31T08:52:23.084+0000][1510.378s][info ][safepoint     ] Total time for which application threads were stopped: 0.0014582 seconds, Stopping threads took: 0.0006718 seconds
[2023-10-31T08:52:24.084+0000][1511.379s][debug][safepoint     ] Safepoint synchronization initiated. (192 threads)
[2023-10-31T08:52:24.086+0000][1511.380s][info ][safepoint     ] Application time: 1.0016186 seconds
[2023-10-31T08:52:24.087+0000][1511.381s][info ][safepoint     ] Entering safepoint region: Cleanup
[2023-10-31T08:52:24.088+0000][1511.382s][info ][safepoint     ] Leaving safepoint region
[2023-10-31T08:52:24.088+0000][1511.383s][info ][safepoint     ] Total time for which application threads were stopped: 0.0014939 seconds, Stopping threads took: 0.0006755 seconds
[2023-10-31T08:52:25.089+0000][1512.384s][debug][safepoint     ] Safepoint synchronization initiated. (192 threads)
[2023-10-31T08:52:25.090+0000][1512.384s][info ][safepoint     ] Application time: 1.0010443 seconds
[2023-10-31T08:52:25.090+0000][1512.385s][info ][safepoint     ] Entering safepoint region: Cleanup
[2023-10-31T08:52:25.091+0000][1512.386s][info ][safepoint     ] Leaving safepoint region
[2023-10-31T08:52:25.092+0000][1512.386s][info ][safepoint     ] Total time for which application threads were stopped: 0.0012766 seconds, Stopping threads took: 0.0006209 seconds
[2023-10-31T08:52:26.092+0000][1513.387s][debug][safepoint     ] Safepoint synchronization initiated. (192 threads)
[2023-10-31T08:52:26.093+0000][1513.388s][info ][safepoint     ] Application time: 1.0012585 seconds
[2023-10-31T08:52:26.094+0000][1513.389s][info ][safepoint     ] Entering safepoint region: Cleanup
[2023-10-31T08:52:26.095+0000][1513.390s][info ][safepoint     ] Leaving safepoint region
[2023-10-31T08:52:26.096+0000][1513.391s][info ][safepoint     ] Total time for which application threads were stopped: 0.0017251 seconds, Stopping threads took: 0.0007146 seconds
[2023-10-31T08:52:27.097+0000][1514.392s][debug][safepoint     ] Safepoint synchronization initiated. (192 threads)
[2023-10-31T08:52:27.098+0000][1514.393s][info ][safepoint     ] Application time: 1.0013688 seconds
[2023-10-31T08:52:27.099+0000][1514.394s][info ][safepoint     ] Entering safepoint region: Cleanup
[2023-10-31T08:52:27.100+0000][1514.395s][info ][safepoint     ] Leaving safepoint region
[2023-10-31T08:52:27.101+0000][1514.395s][info ][safepoint     ] Total time for which application threads were stopped: 0.0018472 seconds, Stopping threads took: 0.0008255 seconds
[2023-10-31T08:52:28.102+0000][1515.396s][debug][safepoint     ] Safepoint synchronization initiated. (192 threads)
[2023-10-31T08:52:28.103+0000][1515.397s][info ][safepoint     ] Application time: 1.0014220 seconds
[2023-10-31T08:52:28.104+0000][1515.398s][debug][safepoint     ] ... found polling page return exception at pc = 0x00007f62e947f1da, stub =0x00007f62e0840600
[2023-10-31T08:52:28.104+0000][1515.398s][debug][safepoint     ] Waiting for 1 thread(s) to block
[2023-10-31T08:52:28.105+0000][1515.399s][info ][safepoint     ] Entering safepoint region: Cleanup
[2023-10-31T08:52:28.106+0000][1515.400s][info ][safepoint     ] Leaving safepoint region
[2023-10-31T08:52:28.106+0000][1515.400s][info ][safepoint     ] Total time for which application threads were stopped: 0.0023605 seconds, Stopping threads took: 0.0016666 seconds
[2023-10-31T08:52:29.107+0000][1516.401s][debug][safepoint     ] Safepoint synchronization initiated. (192 threads)
[2023-10-31T08:52:29.108+0000][1516.402s][info ][safepoint     ] Application time: 1.0015275 seconds
[2023-10-31T08:52:29.109+0000][1516.403s][info ][safepoint     ] Entering safepoint region: Cleanup
[2023-10-31T08:52:29.111+0000][1516.405s][info ][safepoint     ] Leaving safepoint region
[2023-10-31T08:52:29.111+0000][1516.406s][info ][safepoint     ] Total time for which application threads were stopped: 0.0021381 seconds, Stopping threads took: 0.0009118 seconds
[2023-10-31T08:52:30.112+0000][1517.407s][debug][safepoint     ] Safepoint synchronization initiated. (192 threads)
[2023-10-31T08:52:30.113+0000][1517.407s][info ][safepoint     ] Application time: 1.0007031 seconds
[2023-10-31T08:52:30.114+0000][1517.408s][info ][safepoint     ] Entering safepoint region: Cleanup
[2023-10-31T08:52:30.114+0000][1517.408s][info ][safepoint     ] Leaving safepoint region
[2023-10-31T08:52:30.115+0000][1517.409s][info ][safepoint     ] Total time for which application threads were stopped: 0.0012539 seconds, Stopping threads took: 0.0005445 seconds
[2023-10-31T08:52:31.115+0000][1518.410s][debug][safepoint     ] Safepoint synchronization initiated. (192 threads)
[2023-10-31T08:52:31.116+0000][1518.410s][info ][safepoint     ] Application time: 1.0006582 seconds
[2023-10-31T08:52:31.116+0000][1518.411s][info ][safepoint     ] Entering safepoint region: Cleanup
[2023-10-31T08:52:31.117+0000][1518.411s][info ][safepoint     ] Leaving safepoint region
[2023-10-31T08:52:31.117+0000][1518.412s][info ][safepoint     ] Total time for which application threads were stopped: 0.0010698 seconds, Stopping threads took: 0.0005137 seconds
[2023-10-31T08:52:32.118+0000][1519.412s][debug][safepoint     ] Safepoint synchronization initiated. (192 threads)
[2023-10-31T08:52:32.119+0000][1519.413s][info ][safepoint     ] Application time: 1.0013519 seconds
[2023-10-31T08:52:32.120+0000][1519.414s][info ][safepoint     ] Entering safepoint region: Cleanup
[2023-10-31T08:52:32.121+0000][1519.415s][info ][safepoint     ] Leaving safepoint region
[2023-10-31T08:52:32.122+0000][1519.416s][info ][safepoint     ] Total time for which application threads were stopped: 0.0018077 seconds, Stopping threads took: 0.0008465 seconds
[2023-10-31T08:52:33.123+0000][1520.417s][debug][safepoint     ] Safepoint synchronization initiated. (192 threads)
[2023-10-31T08:52:33.123+0000][1520.418s][info ][safepoint     ] Application time: 1.0008294 seconds
[2023-10-31T08:52:33.124+0000][1520.418s][info ][safepoint     ] Entering safepoint region: Cleanup
[2023-10-31T08:52:33.125+0000][1520.419s][info ][safepoint     ] Leaving safepoint region
[2023-10-31T08:52:33.125+0000][1520.419s][info ][safepoint     ] Total time for which application threads were stopped: 0.0011683 seconds, Stopping threads took: 0.0005264 seconds
[2023-10-31T08:52:34.126+0000][1521.420s][debug][safepoint     ] Safepoint synchronization initiated. (192 threads)
[2023-10-31T08:52:34.127+0000][1521.421s][info ][safepoint     ] Application time: 1.0009142 seconds
[2023-10-31T08:52:34.131+0000][1521.425s][info ][safepoint     ] Entering safepoint region: Cleanup
[2023-10-31T08:52:34.132+0000][1521.427s][info ][safepoint     ] Leaving safepoint region
[2023-10-31T08:52:34.133+0000][1521.427s][info ][safepoint     ] Total time for which application threads were stopped: 0.0018210 seconds, Stopping threads took: 0.0012243 seconds
[2023-10-31T08:52:35.133+0000][1522.428s][debug][safepoint     ] Safepoint synchronization initiated. (192 threads)
[2023-10-31T08:52:35.134+0000][1522.428s][info ][safepoint     ] Application time: 1.0007958 seconds
[2023-10-31T08:52:35.135+0000][1522.429s][info ][safepoint     ] Entering safepoint region: Cleanup
[2023-10-31T08:52:35.136+0000][1522.430s][info ][safepoint     ] Leaving safepoint region
[2023-10-31T08:52:35.137+0000][1522.431s][info ][safepoint     ] Total time for which application threads were stopped: 0.0024917 seconds, Stopping threads took: 0.0009562 seconds
[2023-10-31T08:52:36.138+0000][1523.432s][debug][safepoint     ] Safepoint synchronization initiated. (192 threads)
[2023-10-31T08:52:36.139+0000][1523.433s][info ][safepoint     ] Application time: 1.0007801 seconds
[2023-10-31T08:52:36.139+0000][1523.434s][info ][safepoint     ] Entering safepoint region: Cleanup
[2023-10-31T08:52:36.140+0000][1523.435s][info ][safepoint     ] Leaving safepoint region
[2023-10-31T08:52:36.141+0000][1523.435s][info ][safepoint     ] Total time for which application threads were stopped: 0.0019147 seconds, Stopping threads took: 0.0008632 seconds
[2023-10-31T08:52:37.142+0000][1524.436s][debug][safepoint     ] Safepoint synchronization initiated. (192 threads)
[2023-10-31T08:52:37.142+0000][1524.436s][info ][safepoint     ] Application time: 1.0006674 seconds
[2023-10-31T08:52:37.143+0000][1524.437s][info ][safepoint     ] Entering safepoint region: Cleanup
[2023-10-31T08:52:37.144+0000][1524.438s][info ][safepoint     ] Leaving safepoint region
[2023-10-31T08:52:37.144+0000][1524.438s][info ][safepoint     ] Total time for which application threads were stopped: 0.0013380 seconds, Stopping threads took: 0.0005460 seconds
[2023-10-31T08:52:38.145+0000][1525.439s][debug][safepoint     ] Safepoint synchronization initiated. (192 threads)
[2023-10-31T08:52:38.145+0000][1525.440s][info ][safepoint     ] Application time: 1.0010303 seconds
[2023-10-31T08:52:38.146+0000][1525.440s][info ][safepoint     ] Entering safepoint region: Cleanup
[2023-10-31T08:52:38.147+0000][1525.441s][info ][safepoint     ] Leaving safepoint region
[2023-10-31T08:52:38.148+0000][1525.442s][info ][safepoint     ] Total time for which application threads were stopped: 0.0013872 seconds, Stopping threads took: 0.0006110 seconds
[2023-10-31T08:52:39.148+0000][1526.442s][debug][safepoint     ] Safepoint synchronization initiated. (192 threads)
[2023-10-31T08:52:39.149+0000][1526.443s][info ][safepoint     ] Application time: 1.0009146 seconds
[2023-10-31T08:52:39.149+0000][1526.444s][info ][safepoint     ] Entering safepoint region: Cleanup
[2023-10-31T08:52:39.150+0000][1526.444s][info ][safepoint     ] Leaving safepoint region
[2023-10-31T08:52:39.151+0000][1526.445s][info ][safepoint     ] Total time for which application threads were stopped: 0.0012885 seconds, Stopping threads took: 0.0005402 seconds
[2023-10-31T08:52:40.151+0000][1527.445s][debug][safepoint     ] Safepoint synchronization initiated. (192 threads)
[2023-10-31T08:52:40.152+0000][1527.446s][info ][safepoint     ] Application time: 1.0007081 seconds
[2023-10-31T08:52:40.152+0000][1527.446s][info ][safepoint     ] Entering safepoint region: Cleanup
[2023-10-31T08:52:40.153+0000][1527.447s][info ][safepoint     ] Leaving safepoint region
[2023-10-31T08:52:40.154+0000][1527.448s][info ][safepoint     ] Total time for which application threads were stopped: 0.0014126 seconds, Stopping threads took: 0.0004707 seconds
[2023-10-31T08:52:41.154+0000][1528.448s][debug][safepoint     ] Safepoint synchronization initiated. (190 threads)
[2023-10-31T08:52:41.155+0000][1528.449s][info ][safepoint     ] Application time: 1.0007605 seconds
[2023-10-31T08:52:41.156+0000][1528.450s][info ][safepoint     ] Entering safepoint region: Cleanup
[2023-10-31T08:52:41.157+0000][1528.451s][info ][safepoint     ] Leaving safepoint region
[2023-10-31T08:52:41.157+0000][1528.451s][info ][safepoint     ] Total time for which application threads were stopped: 0.0014685 seconds, Stopping threads took: 0.0004985 seconds
[2023-10-31T08:52:42.158+0000][1529.452s][debug][safepoint     ] Safepoint synchronization initiated. (190 threads)
[2023-10-31T08:52:42.159+0000][1529.453s][info ][safepoint     ] Application time: 1.0013585 seconds
[2023-10-31T08:52:42.160+0000][1529.454s][info ][safepoint     ] Entering safepoint region: Cleanup
[2023-10-31T08:52:42.161+0000][1529.456s][info ][safepoint     ] Leaving safepoint region
[2023-10-31T08:52:42.162+0000][1529.456s][info ][safepoint     ] Total time for which application threads were stopped: 0.0022653 seconds, Stopping threads took: 0.0010945 seconds
[2023-10-31T08:52:43.163+0000][1530.457s][debug][safepoint     ] Safepoint synchronization initiated. (189 threads)
[2023-10-31T08:52:43.164+0000][1530.458s][info ][safepoint     ] Application time: 1.0007369 seconds
[2023-10-31T08:52:43.164+0000][1530.459s][info ][safepoint     ] Entering safepoint region: Cleanup
[2023-10-31T08:52:43.165+0000][1530.459s][info ][safepoint     ] Leaving safepoint region
[2023-10-31T08:52:43.165+0000][1530.460s][info ][safepoint     ] Total time for which application threads were stopped: 0.0011115 seconds, Stopping threads took: 0.0004856 seconds
[2023-10-31T08:52:44.166+0000][1531.460s][debug][safepoint     ] Safepoint synchronization initiated. (189 threads)
[2023-10-31T08:52:44.167+0000][1531.461s][info ][safepoint     ] Application time: 1.0012519 seconds
[2023-10-31T08:52:44.168+0000][1531.463s][debug][safepoint     ] ... found polling page return exception at pc = 0x00007f62e840b344, stub =0x00007f62e0840600
[2023-10-31T08:52:44.168+0000][1531.463s][debug][safepoint     ] ... found polling page return exception at pc = 0x00007f62e897be9c, stub =0x00007f62e0840600
[2023-10-31T08:52:44.170+0000][1531.465s][debug][safepoint     ] Waiting for 2 thread(s) to block
[2023-10-31T08:52:44.172+0000][1531.466s][info ][safepoint     ] Entering safepoint region: Cleanup
[2023-10-31T08:52:44.172+0000][1531.467s][info ][safepoint     ] Leaving safepoint region
[2023-10-31T08:52:44.173+0000][1531.467s][info ][safepoint     ] Total time for which application threads were stopped: 0.0049316 seconds, Stopping threads took: 0.0039454 seconds
[2023-10-31T08:52:45.174+0000][1532.468s][debug][safepoint     ] Safepoint synchronization initiated. (189 threads)
[2023-10-31T08:52:45.175+0000][1532.469s][info ][safepoint     ] Application time: 1.0009413 seconds
[2023-10-31T08:52:45.175+0000][1532.470s][info ][safepoint     ] Entering safepoint region: Cleanup
[2023-10-31T08:52:45.176+0000][1532.470s][info ][safepoint     ] Leaving safepoint region
[2023-10-31T08:52:45.176+0000][1532.471s][info ][safepoint     ] Total time for which application threads were stopped: 0.0011044 seconds, Stopping threads took: 0.0004845 seconds
[2023-10-31T08:52:46.177+0000][1533.471s][debug][safepoint     ] Safepoint synchronization initiated. (189 threads)
[2023-10-31T08:52:46.178+0000][1533.472s][info ][safepoint     ] Application time: 1.0008759 seconds
[2023-10-31T08:52:46.178+0000][1533.473s][info ][safepoint     ] Entering safepoint region: Cleanup
[2023-10-31T08:52:46.179+0000][1533.474s][info ][safepoint     ] Leaving safepoint region
[2023-10-31T08:52:46.180+0000][1533.474s][info ][safepoint     ] Total time for which application threads were stopped: 0.0015420 seconds, Stopping threads took: 0.0007172 seconds
[2023-10-31T08:52:47.180+0000][1534.475s][debug][safepoint     ] Safepoint synchronization initiated. (189 threads)
[2023-10-31T08:52:47.181+0000][1534.475s][info ][safepoint     ] Application time: 1.0010193 seconds
[2023-10-31T08:52:47.182+0000][1534.476s][info ][safepoint     ] Entering safepoint region: Cleanup
[2023-10-31T08:52:47.182+0000][1534.476s][info ][safepoint     ] Leaving safepoint region
[2023-10-31T08:52:47.183+0000][1534.477s][info ][safepoint     ] Total time for which application threads were stopped: 0.0009347 seconds, Stopping threads took: 0.0004674 seconds
[2023-10-31T08:52:48.183+0000][1535.477s][debug][safepoint     ] Safepoint synchronization initiated. (189 threads)
[2023-10-31T08:52:48.185+0000][1535.479s][info ][safepoint     ] Application time: 1.0015639 seconds
[2023-10-31T08:52:48.185+0000][1535.480s][info ][safepoint     ] Entering safepoint region: Cleanup
[2023-10-31T08:52:48.187+0000][1535.481s][info ][safepoint     ] Leaving safepoint region
[2023-10-31T08:52:48.187+0000][1535.481s][info ][safepoint     ] Total time for which application threads were stopped: 0.0018006 seconds, Stopping threads took: 0.0008104 seconds
[2023-10-31T08:52:49.188+0000][1536.482s][debug][safepoint     ] Safepoint synchronization initiated. (189 threads)
[2023-10-31T08:52:49.189+0000][1536.483s][info ][safepoint     ] Application time: 1.0009433 seconds
[2023-10-31T08:52:49.190+0000][1536.484s][info ][safepoint     ] Entering safepoint region: Cleanup
[2023-10-31T08:52:49.190+0000][1536.485s][info ][safepoint     ] Leaving safepoint region
[2023-10-31T08:52:49.191+0000][1536.485s][info ][safepoint     ] Total time for which application threads were stopped: 0.0015699 seconds, Stopping threads took: 0.0007341 seconds
[2023-10-31T08:52:50.192+0000][1537.486s][debug][safepoint     ] Safepoint synchronization initiated. (189 threads)
[2023-10-31T08:52:50.193+0000][1537.487s][info ][safepoint     ] Application time: 1.0010603 seconds
[2023-10-31T08:52:50.193+0000][1537.488s][info ][safepoint     ] Entering safepoint region: Cleanup
[2023-10-31T08:52:50.194+0000][1537.488s][info ][safepoint     ] Leaving safepoint region
[2023-10-31T08:52:50.195+0000][1537.489s][info ][safepoint     ] Total time for which application threads were stopped: 0.0012582 seconds, Stopping threads took: 0.0005503 seconds
[2023-10-31T08:52:51.195+0000][1538.489s][debug][safepoint     ] Safepoint synchronization initiated. (189 threads)
[2023-10-31T08:52:51.196+0000][1538.490s][info ][safepoint     ] Application time: 1.0007636 seconds
[2023-10-31T08:52:51.196+0000][1538.490s][info ][safepoint     ] Entering safepoint region: Cleanup
[2023-10-31T08:52:51.197+0000][1538.491s][info ][safepoint     ] Leaving safepoint region
[2023-10-31T08:52:51.197+0000][1538.492s][info ][safepoint     ] Total time for which application threads were stopped: 0.0012281 seconds, Stopping threads took: 0.0005661 seconds
[2023-10-31T08:52:52.198+0000][1539.492s][debug][safepoint     ] Safepoint synchronization initiated. (189 threads)
[2023-10-31T08:52:52.198+0000][1539.493s][info ][safepoint     ] Application time: 1.0006065 seconds
[2023-10-31T08:52:52.200+0000][1539.494s][info ][safepoint     ] Entering safepoint region: Cleanup
[2023-10-31T08:52:52.201+0000][1539.495s][info ][safepoint     ] Leaving safepoint region
[2023-10-31T08:52:52.201+0000][1539.495s][info ][safepoint     ] Total time for which application threads were stopped: 0.0017269 seconds, Stopping threads took: 0.0010667 seconds
[2023-10-31T08:52:53.202+0000][1540.496s][debug][safepoint     ] Safepoint synchronization initiated. (189 threads)
[2023-10-31T08:52:53.203+0000][1540.497s][info ][safepoint     ] Application time: 1.0009690 seconds
[2023-10-31T08:52:53.203+0000][1540.497s][info ][safepoint     ] Entering safepoint region: Cleanup
[2023-10-31T08:52:53.204+0000][1540.498s][info ][safepoint     ] Leaving safepoint region
[2023-10-31T08:52:53.204+0000][1540.499s][info ][safepoint     ] Total time for which application threads were stopped: 0.0013400 seconds, Stopping threads took: 0.0006154 seconds
[2023-10-31T08:52:54.205+0000][1541.499s][debug][safepoint     ] Safepoint synchronization initiated. (189 threads)
[2023-10-31T08:52:54.206+0000][1541.500s][info ][safepoint     ] Application time: 1.0007419 seconds
[2023-10-31T08:52:54.206+0000][1541.500s][info ][safepoint     ] Entering safepoint region: Cleanup
[2023-10-31T08:52:54.207+0000][1541.501s][info ][safepoint     ] Leaving safepoint region
[2023-10-31T08:52:54.208+0000][1541.502s][info ][safepoint     ] Total time for which application threads were stopped: 0.0013319 seconds, Stopping threads took: 0.0005841 seconds
[2023-10-31T08:52:55.208+0000][1542.502s][debug][safepoint     ] Safepoint synchronization initiated. (189 threads)
[2023-10-31T08:52:55.209+0000][1542.503s][info ][safepoint     ] Application time: 1.0008351 seconds
[2023-10-31T08:52:55.210+0000][1542.504s][info ][safepoint     ] Entering safepoint region: Cleanup
[2023-10-31T08:52:55.211+0000][1542.505s][info ][safepoint     ] Leaving safepoint region
[2023-10-31T08:52:55.211+0000][1542.505s][info ][safepoint     ] Total time for which application threads were stopped: 0.0014263 seconds, Stopping threads took: 0.0007622 seconds
[2023-10-31T08:52:56.212+0000][1543.506s][debug][safepoint     ] Safepoint synchronization initiated. (189 threads)
[2023-10-31T08:52:56.212+0000][1543.506s][info ][safepoint     ] Application time: 1.0006851 seconds
[2023-10-31T08:52:56.212+0000][1543.507s][info ][safepoint     ] Entering safepoint region: Cleanup
[2023-10-31T08:52:56.213+0000][1543.507s][info ][safepoint     ] Leaving safepoint region
[2023-10-31T08:52:56.213+0000][1543.507s][info ][safepoint     ] Total time for which application threads were stopped: 0.0009275 seconds, Stopping threads took: 0.0004112 seconds
[2023-10-31T08:52:57.214+0000][1544.508s][debug][safepoint     ] Safepoint synchronization initiated. (189 threads)
[2023-10-31T08:52:57.214+0000][1544.509s][info ][safepoint     ] Application time: 1.0007103 seconds
[2023-10-31T08:52:57.215+0000][1544.509s][info ][safepoint     ] Entering safepoint region: Cleanup
[2023-10-31T08:52:57.215+0000][1544.510s][info ][safepoint     ] Leaving safepoint region
[2023-10-31T08:52:57.216+0000][1544.510s][info ][safepoint     ] Total time for which application threads were stopped: 0.0010328 seconds, Stopping threads took: 0.0005394 seconds
[2023-10-31T08:52:58.217+0000][1545.511s][debug][safepoint     ] Safepoint synchronization initiated. (189 threads)
[2023-10-31T08:52:58.217+0000][1545.511s][info ][safepoint     ] Application time: 1.0009737 seconds
[2023-10-31T08:52:58.218+0000][1545.512s][info ][safepoint     ] Entering safepoint region: Cleanup
[2023-10-31T08:52:58.219+0000][1545.513s][info ][safepoint     ] Leaving safepoint region
[2023-10-31T08:52:58.219+0000][1545.513s][info ][safepoint     ] Total time for which application threads were stopped: 0.0015267 seconds, Stopping threads took: 0.0005365 seconds
[2023-10-31T08:52:59.220+0000][1546.514s][debug][safepoint     ] Safepoint synchronization initiated. (189 threads)
[2023-10-31T08:52:59.221+0000][1546.515s][info ][safepoint     ] Application time: 1.0009202 seconds
[2023-10-31T08:52:59.221+0000][1546.515s][info ][safepoint     ] Entering safepoint region: Cleanup
[2023-10-31T08:52:59.222+0000][1546.516s][info ][safepoint     ] Leaving safepoint region
[2023-10-31T08:52:59.222+0000][1546.516s][info ][safepoint     ] Total time for which application threads were stopped: 0.0011775 seconds, Stopping threads took: 0.0005492 seconds
[2023-10-31T08:53:00.223+0000][1547.517s][debug][safepoint     ] Safepoint synchronization initiated. (189 threads)
[2023-10-31T08:53:00.224+0000][1547.518s][info ][safepoint     ] Application time: 1.0006234 seconds
[2023-10-31T08:53:00.224+0000][1547.518s][info ][safepoint     ] Entering safepoint region: Cleanup
[2023-10-31T08:53:00.225+0000][1547.519s][info ][safepoint     ] Leaving safepoint region
[2023-10-31T08:53:00.225+0000][1547.519s][info ][safepoint     ] Total time for which application threads were stopped: 0.0008747 seconds, Stopping threads took: 0.0002956 seconds
[2023-10-31T08:53:01.226+0000][1548.520s][debug][safepoint     ] Safepoint synchronization initiated. (189 threads)
[2023-10-31T08:53:01.227+0000][1548.521s][info ][safepoint     ] Application time: 1.0011145 seconds
[2023-10-31T08:53:01.227+0000][1548.522s][info ][safepoint     ] Entering safepoint region: Cleanup
[2023-10-31T08:53:01.229+0000][1548.523s][info ][safepoint     ] Leaving safepoint region
[2023-10-31T08:53:01.229+0000][1548.523s][info ][safepoint     ] Total time for which application threads were stopped: 0.0018768 seconds, Stopping threads took: 0.0008265 seconds
[2023-10-31T08:53:02.230+0000][1549.524s][debug][safepoint     ] Safepoint synchronization initiated. (189 threads)
[2023-10-31T08:53:02.231+0000][1549.526s][info ][safepoint     ] Application time: 1.0014515 seconds
[2023-10-31T08:53:02.233+0000][1549.527s][info ][safepoint     ] Entering safepoint region: Cleanup
[2023-10-31T08:53:02.234+0000][1549.528s][info ][safepoint     ] Leaving safepoint region
[2023-10-31T08:53:02.235+0000][1549.529s][info ][safepoint     ] Total time for which application threads were stopped: 0.0021164 seconds, Stopping threads took: 0.0008852 seconds
[2023-10-31T08:53:03.235+0000][1550.530s][debug][safepoint     ] Safepoint synchronization initiated. (189 threads)
[2023-10-31T08:53:03.236+0000][1550.530s][info ][safepoint     ] Application time: 1.0011331 seconds
[2023-10-31T08:53:03.237+0000][1550.531s][info ][safepoint     ] Entering safepoint region: Cleanup
[2023-10-31T08:53:03.238+0000][1550.532s][info ][safepoint     ] Leaving safepoint region
[2023-10-31T08:53:03.239+0000][1550.533s][info ][safepoint     ] Total time for which application threads were stopped: 0.0015278 seconds, Stopping threads took: 0.0007423 seconds
[2023-10-31T08:53:04.240+0000][1551.534s][debug][safepoint     ] Safepoint synchronization initiated. (189 threads)
[2023-10-31T08:53:04.241+0000][1551.535s][info ][safepoint     ] Application time: 1.0014887 seconds
[2023-10-31T08:53:04.242+0000][1551.536s][info ][safepoint     ] Entering safepoint region: Cleanup
[2023-10-31T08:53:04.243+0000][1551.537s][info ][safepoint     ] Leaving safepoint region
[2023-10-31T08:53:04.244+0000][1551.538s][info ][safepoint     ] Total time for which application threads were stopped: 0.0026740 seconds, Stopping threads took: 0.0010551 seconds
[2023-10-31T08:53:05.245+0000][1552.539s][debug][safepoint     ] Safepoint synchronization initiated. (189 threads)
[2023-10-31T08:53:05.246+0000][1552.540s][info ][safepoint     ] Application time: 1.0007207 seconds
[2023-10-31T08:53:05.246+0000][1552.540s][info ][safepoint     ] Entering safepoint region: Cleanup
[2023-10-31T08:53:05.247+0000][1552.541s][info ][safepoint     ] Leaving safepoint region
[2023-10-31T08:53:05.248+0000][1552.542s][info ][safepoint     ] Total time for which application threads were stopped: 0.0011709 seconds, Stopping threads took: 0.0004568 seconds
[2023-10-31T08:53:06.248+0000][1553.542s][debug][safepoint     ] Safepoint synchronization initiated. (189 threads)
[2023-10-31T08:53:06.249+0000][1553.543s][info ][safepoint     ] Application time: 1.0012856 seconds
[2023-10-31T08:53:06.250+0000][1553.544s][info ][safepoint     ] Entering safepoint region: Cleanup
[2023-10-31T08:53:06.251+0000][1553.545s][info ][safepoint     ] Leaving safepoint region
[2023-10-31T08:53:06.252+0000][1553.546s][info ][safepoint     ] Total time for which application threads were stopped: 0.0015325 seconds, Stopping threads took: 0.0006749 seconds
[2023-10-31T08:53:07.252+0000][1554.546s][debug][safepoint     ] Safepoint synchronization initiated. (189 threads)
[2023-10-31T08:53:07.253+0000][1554.547s][info ][safepoint     ] Application time: 1.0011228 seconds
[2023-10-31T08:53:07.254+0000][1554.548s][info ][safepoint     ] Entering safepoint region: Cleanup
[2023-10-31T08:53:07.255+0000][1554.549s][info ][safepoint     ] Leaving safepoint region
[2023-10-31T08:53:07.255+0000][1554.549s][info ][safepoint     ] Total time for which application threads were stopped: 0.0015051 seconds, Stopping threads took: 0.0005330 seconds
[2023-10-31T08:53:08.257+0000][1555.551s][debug][safepoint     ] Safepoint synchronization initiated. (189 threads)
[2023-10-31T08:53:08.257+0000][1555.551s][info ][safepoint     ] Application time: 1.0009862 seconds
[2023-10-31T08:53:08.258+0000][1555.552s][info ][safepoint     ] Entering safepoint region: Cleanup
[2023-10-31T08:53:08.259+0000][1555.553s][info ][safepoint     ] Leaving safepoint region
[2023-10-31T08:53:08.259+0000][1555.553s][info ][safepoint     ] Total time for which application threads were stopped: 0.0011942 seconds, Stopping threads took: 0.0005162 seconds
[2023-10-31T08:53:09.260+0000][1556.554s][debug][safepoint     ] Safepoint synchronization initiated. (189 threads)
[2023-10-31T08:53:09.261+0000][1556.555s][info ][safepoint     ] Application time: 1.0014447 seconds
[2023-10-31T08:53:09.262+0000][1556.556s][info ][safepoint     ] Entering safepoint region: Cleanup
[2023-10-31T08:53:09.263+0000][1556.557s][info ][safepoint     ] Leaving safepoint region
[2023-10-31T08:53:09.264+0000][1556.558s][info ][safepoint     ] Total time for which application threads were stopped: 0.0020222 seconds, Stopping threads took: 0.0008868 seconds
[2023-10-31T08:53:10.265+0000][1557.559s][debug][safepoint     ] Safepoint synchronization initiated. (189 threads)
[2023-10-31T08:53:10.267+0000][1557.561s][info ][safepoint     ] Application time: 1.0016284 seconds
[2023-10-31T08:53:10.268+0000][1557.562s][info ][safepoint     ] Entering safepoint region: Cleanup
[2023-10-31T08:53:10.269+0000][1557.563s][info ][safepoint     ] Leaving safepoint region
[2023-10-31T08:53:10.270+0000][1557.564s][info ][safepoint     ] Total time for which application threads were stopped: 0.0025324 seconds, Stopping threads took: 0.0010411 seconds
[2023-10-31T08:53:11.271+0000][1558.565s][debug][safepoint     ] Safepoint synchronization initiated. (189 threads)
[2023-10-31T08:53:11.272+0000][1558.566s][info ][safepoint     ] Application time: 1.0011544 seconds
[2023-10-31T08:53:11.272+0000][1558.567s][info ][safepoint     ] Entering safepoint region: Cleanup
[2023-10-31T08:53:11.273+0000][1558.567s][info ][safepoint     ] Leaving safepoint region
[2023-10-31T08:53:11.274+0000][1558.568s][info ][safepoint     ] Total time for which application threads were stopped: 0.0010836 seconds, Stopping threads took: 0.0005676 seconds
[2023-10-31T08:53:12.274+0000][1559.568s][debug][safepoint     ] Safepoint synchronization initiated. (189 threads)
[2023-10-31T08:53:12.275+0000][1559.569s][info ][safepoint     ] Application time: 1.0007995 seconds
[2023-10-31T08:53:12.276+0000][1559.570s][info ][safepoint     ] Entering safepoint region: Cleanup
[2023-10-31T08:53:12.276+0000][1559.570s][info ][safepoint     ] Leaving safepoint region
[2023-10-31T08:53:12.277+0000][1559.571s][info ][safepoint     ] Total time for which application threads were stopped: 0.0011122 seconds, Stopping threads took: 0.0005106 seconds
[2023-10-31T08:53:13.277+0000][1560.571s][debug][safepoint     ] Safepoint synchronization initiated. (188 threads)
[2023-10-31T08:53:13.278+0000][1560.572s][info ][safepoint     ] Application time: 1.0010710 seconds
[2023-10-31T08:53:13.279+0000][1560.573s][info ][safepoint     ] Entering safepoint region: Cleanup
[2023-10-31T08:53:13.280+0000][1560.574s][info ][safepoint     ] Leaving safepoint region
[2023-10-31T08:53:13.281+0000][1560.575s][info ][safepoint     ] Total time for which application threads were stopped: 0.0017184 seconds, Stopping threads took: 0.0008120 seconds
[2023-10-31T08:53:14.282+0000][1561.576s][debug][safepoint     ] Safepoint synchronization initiated. (188 threads)
[2023-10-31T08:53:14.282+0000][1561.576s][info ][safepoint     ] Application time: 1.0010217 seconds
[2023-10-31T08:53:14.283+0000][1561.577s][info ][safepoint     ] Entering safepoint region: Cleanup
[2023-10-31T08:53:14.284+0000][1561.578s][info ][safepoint     ] Leaving safepoint region
[2023-10-31T08:53:14.284+0000][1561.578s][info ][safepoint     ] Total time for which application threads were stopped: 0.0011738 seconds, Stopping threads took: 0.0005050 seconds
[2023-10-31T08:53:15.285+0000][1562.579s][debug][safepoint     ] Safepoint synchronization initiated. (188 threads)
[2023-10-31T08:53:15.286+0000][1562.580s][info ][safepoint     ] Application time: 1.0011775 seconds
[2023-10-31T08:53:15.287+0000][1562.581s][info ][safepoint     ] Entering safepoint region: Cleanup
[2023-10-31T08:53:15.288+0000][1562.582s][info ][safepoint     ] Leaving safepoint region
[2023-10-31T08:53:15.288+0000][1562.582s][info ][safepoint     ] Total time for which application threads were stopped: 0.0016792 seconds, Stopping threads took: 0.0007300 seconds
[2023-10-31T08:53:16.289+0000][1563.583s][debug][safepoint     ] Safepoint synchronization initiated. (188 threads)
[2023-10-31T08:53:16.290+0000][1563.584s][info ][safepoint     ] Application time: 1.0009217 seconds
[2023-10-31T08:53:16.291+0000][1563.585s][info ][safepoint     ] Entering safepoint region: Cleanup
[2023-10-31T08:53:16.291+0000][1563.585s][info ][safepoint     ] Leaving safepoint region
[2023-10-31T08:53:16.292+0000][1563.586s][info ][safepoint     ] Total time for which application threads were stopped: 0.0013974 seconds, Stopping threads took: 0.0005482 seconds
[2023-10-31T08:53:17.293+0000][1564.587s][debug][safepoint     ] Safepoint synchronization initiated. (188 threads)
[2023-10-31T08:53:17.293+0000][1564.587s][info ][safepoint     ] Application time: 1.0006950 seconds
[2023-10-31T08:53:17.294+0000][1564.588s][info ][safepoint     ] Entering safepoint region: Cleanup
[2023-10-31T08:53:17.294+0000][1564.588s][info ][safepoint     ] Leaving safepoint region
[2023-10-31T08:53:17.295+0000][1564.589s][info ][safepoint     ] Total time for which application threads were stopped: 0.0011920 seconds, Stopping threads took: 0.0004781 seconds
[2023-10-31T08:53:18.295+0000][1565.589s][debug][safepoint     ] Safepoint synchronization initiated. (188 threads)
[2023-10-31T08:53:18.296+0000][1565.590s][info ][safepoint     ] Application time: 1.0006693 seconds
[2023-10-31T08:53:18.296+0000][1565.590s][info ][safepoint     ] Entering safepoint region: Cleanup
[2023-10-31T08:53:18.297+0000][1565.591s][info ][safepoint     ] Leaving safepoint region
[2023-10-31T08:53:18.297+0000][1565.591s][info ][safepoint     ] Total time for which application threads were stopped: 0.0011397 seconds, Stopping threads took: 0.0004691 seconds
[2023-10-31T08:53:19.298+0000][1566.592s][debug][safepoint     ] Safepoint synchronization initiated. (188 threads)
[2023-10-31T08:53:19.299+0000][1566.593s][info ][safepoint     ] Application time: 1.0010724 seconds
[2023-10-31T08:53:19.300+0000][1566.594s][info ][safepoint     ] Entering safepoint region: Cleanup
[2023-10-31T08:53:19.300+0000][1566.594s][info ][safepoint     ] Leaving safepoint region
[2023-10-31T08:53:19.301+0000][1566.595s][info ][safepoint     ] Total time for which application threads were stopped: 0.0011627 seconds, Stopping threads took: 0.0005681 seconds
[2023-10-31T08:53:20.301+0000][1567.595s][debug][safepoint     ] Safepoint synchronization initiated. (188 threads)
[2023-10-31T08:53:20.302+0000][1567.596s][info ][safepoint     ] Application time: 1.0006729 seconds
[2023-10-31T08:53:20.302+0000][1567.596s][info ][safepoint     ] Entering safepoint region: Cleanup
[2023-10-31T08:53:20.303+0000][1567.597s][info ][safepoint     ] Leaving safepoint region
[2023-10-31T08:53:20.303+0000][1567.597s][info ][safepoint     ] Total time for which application threads were stopped: 0.0011324 seconds, Stopping threads took: 0.0004974 seconds
[2023-10-31T08:53:21.304+0000][1568.598s][debug][safepoint     ] Safepoint synchronization initiated. (188 threads)
[2023-10-31T08:53:21.305+0000][1568.599s][info ][safepoint     ] Application time: 1.0010369 seconds
[2023-10-31T08:53:21.306+0000][1568.600s][info ][safepoint     ] Entering safepoint region: Cleanup
[2023-10-31T08:53:21.307+0000][1568.601s][info ][safepoint     ] Leaving safepoint region
[2023-10-31T08:53:21.307+0000][1568.601s][info ][safepoint     ] Total time for which application threads were stopped: 0.0013947 seconds, Stopping threads took: 0.0006929 seconds
[2023-10-31T08:53:22.308+0000][1569.602s][debug][safepoint     ] Safepoint synchronization initiated. (188 threads)
[2023-10-31T08:53:22.309+0000][1569.603s][info ][safepoint     ] Application time: 1.0010040 seconds
[2023-10-31T08:53:22.309+0000][1569.603s][info ][safepoint     ] Entering safepoint region: Cleanup
[2023-10-31T08:53:22.310+0000][1569.604s][info ][safepoint     ] Leaving safepoint region
[2023-10-31T08:53:22.311+0000][1569.605s][info ][safepoint     ] Total time for which application threads were stopped: 0.0016700 seconds, Stopping threads took: 0.0007480 seconds
[2023-10-31T08:53:23.312+0000][1570.606s][debug][safepoint     ] Safepoint synchronization initiated. (188 threads)
[2023-10-31T08:53:23.312+0000][1570.606s][info ][safepoint     ] Application time: 1.0007561 seconds
[2023-10-31T08:53:23.313+0000][1570.607s][info ][safepoint     ] Entering safepoint region: Cleanup
[2023-10-31T08:53:23.313+0000][1570.607s][info ][safepoint     ] Leaving safepoint region
[2023-10-31T08:53:23.314+0000][1570.608s][info ][safepoint     ] Total time for which application threads were stopped: 0.0010386 seconds, Stopping threads took: 0.0004543 seconds
[2023-10-31T08:53:24.314+0000][1571.608s][debug][safepoint     ] Safepoint synchronization initiated. (188 threads)
[2023-10-31T08:53:24.315+0000][1571.609s][info ][safepoint     ] Application time: 1.0009523 seconds
[2023-10-31T08:53:24.315+0000][1571.610s][info ][safepoint     ] Entering safepoint region: Cleanup
[2023-10-31T08:53:24.316+0000][1571.610s][info ][safepoint     ] Leaving safepoint region
[2023-10-31T08:53:24.317+0000][1571.611s][info ][safepoint     ] Total time for which application threads were stopped: 0.0011436 seconds, Stopping threads took: 0.0004385 seconds
[2023-10-31T08:53:25.317+0000][1572.611s][debug][safepoint     ] Safepoint synchronization initiated. (188 threads)
[2023-10-31T08:53:25.319+0000][1572.613s][info ][safepoint     ] Application time: 1.0015768 seconds
[2023-10-31T08:53:25.320+0000][1572.614s][info ][safepoint     ] Entering safepoint region: Cleanup
[2023-10-31T08:53:25.321+0000][1572.615s][info ][safepoint     ] Leaving safepoint region
[2023-10-31T08:53:25.322+0000][1572.616s][info ][safepoint     ] Total time for which application threads were stopped: 0.0021617 seconds, Stopping threads took: 0.0010306 seconds
[2023-10-31T08:53:26.323+0000][1573.617s][debug][safepoint     ] Safepoint synchronization initiated. (188 threads)
[2023-10-31T08:53:26.324+0000][1573.618s][info ][safepoint     ] Application time: 1.0015260 seconds
[2023-10-31T08:53:26.325+0000][1573.619s][info ][safepoint     ] Entering safepoint region: Cleanup
[2023-10-31T08:53:26.326+0000][1573.620s][info ][safepoint     ] Leaving safepoint region
[2023-10-31T08:53:26.327+0000][1573.621s][info ][safepoint     ] Total time for which application threads were stopped: 0.0021981 seconds, Stopping threads took: 0.0009852 seconds
[2023-10-31T08:53:27.328+0000][1574.622s][debug][safepoint     ] Safepoint synchronization initiated. (188 threads)
[2023-10-31T08:53:27.329+0000][1574.623s][info ][safepoint     ] Application time: 1.0007538 seconds
[2023-10-31T08:53:27.329+0000][1574.623s][info ][safepoint     ] Entering safepoint region: Cleanup
[2023-10-31T08:53:27.330+0000][1574.624s][info ][safepoint     ] Leaving safepoint region
[2023-10-31T08:53:27.330+0000][1574.624s][info ][safepoint     ] Total time for which application threads were stopped: 0.0011388 seconds, Stopping threads took: 0.0005189 seconds
[2023-10-31T08:53:28.331+0000][1575.625s][debug][safepoint     ] Safepoint synchronization initiated. (188 threads)
[2023-10-31T08:53:28.332+0000][1575.626s][info ][safepoint     ] Application time: 1.0012935 seconds
[2023-10-31T08:53:28.333+0000][1575.627s][info ][safepoint     ] Entering safepoint region: Cleanup
[2023-10-31T08:53:28.334+0000][1575.628s][info ][safepoint     ] Leaving safepoint region
[2023-10-31T08:53:28.335+0000][1575.629s][info ][safepoint     ] Total time for which application threads were stopped: 0.0020788 seconds, Stopping threads took: 0.0008871 seconds
[2023-10-31T08:53:29.336+0000][1576.630s][debug][safepoint     ] Safepoint synchronization initiated. (188 threads)
[2023-10-31T08:53:29.337+0000][1576.631s][info ][safepoint     ] Application time: 1.0012757 seconds
[2023-10-31T08:53:29.338+0000][1576.632s][info ][safepoint     ] Entering safepoint region: Cleanup
[2023-10-31T08:53:29.339+0000][1576.633s][info ][safepoint     ] Leaving safepoint region
[2023-10-31T08:53:29.340+0000][1576.634s][info ][safepoint     ] Total time for which application threads were stopped: 0.0023582 seconds, Stopping threads took: 0.0009424 seconds
[2023-10-31T08:53:30.341+0000][1577.635s][debug][safepoint     ] Safepoint synchronization initiated. (188 threads)
[2023-10-31T08:53:30.342+0000][1577.636s][info ][safepoint     ] Application time: 1.0010029 seconds
[2023-10-31T08:53:30.342+0000][1577.636s][info ][safepoint     ] Entering safepoint region: Cleanup
[2023-10-31T08:53:30.343+0000][1577.637s][info ][safepoint     ] Leaving safepoint region
[2023-10-31T08:53:30.343+0000][1577.637s][info ][safepoint     ] Total time for which application threads were stopped: 0.0012203 seconds, Stopping threads took: 0.0005224 seconds
[2023-10-31T08:53:31.344+0000][1578.638s][debug][safepoint     ] Safepoint synchronization initiated. (188 threads)
[2023-10-31T08:53:31.345+0000][1578.638s][info ][safepoint     ] Application time: 1.0006585 seconds
[2023-10-31T08:53:31.345+0000][1578.639s][info ][safepoint     ] Entering safepoint region: Cleanup
[2023-10-31T08:53:31.346+0000][1578.640s][info ][safepoint     ] Leaving safepoint region
[2023-10-31T08:53:31.346+0000][1578.640s][info ][safepoint     ] Total time for which application threads were stopped: 0.0011585 seconds, Stopping threads took: 0.0004917 seconds
[2023-10-31T08:53:32.347+0000][1579.641s][debug][safepoint     ] Safepoint synchronization initiated. (188 threads)
[2023-10-31T08:53:32.348+0000][1579.642s][info ][safepoint     ] Application time: 1.0014594 seconds
[2023-10-31T08:53:32.349+0000][1579.642s][info ][safepoint     ] Entering safepoint region: Cleanup
[2023-10-31T08:53:32.350+0000][1579.643s][info ][safepoint     ] Leaving safepoint region
[2023-10-31T08:53:32.350+0000][1579.644s][info ][safepoint     ] Total time for which application threads were stopped: 0.0015158 seconds, Stopping threads took: 0.0006313 seconds
[2023-10-31T08:53:33.351+0000][1580.645s][debug][safepoint     ] Safepoint synchronization initiated. (188 threads)
[2023-10-31T08:53:33.351+0000][1580.645s][info ][safepoint     ] Application time: 1.0006025 seconds
[2023-10-31T08:53:33.352+0000][1580.645s][info ][safepoint     ] Entering safepoint region: Cleanup
[2023-10-31T08:53:33.352+0000][1580.646s][info ][safepoint     ] Leaving safepoint region
[2023-10-31T08:53:33.353+0000][1580.646s][info ][safepoint     ] Total time for which application threads were stopped: 0.0010202 seconds, Stopping threads took: 0.0003919 seconds
[2023-10-31T08:53:34.353+0000][1581.647s][debug][safepoint     ] Safepoint synchronization initiated. (188 threads)
[2023-10-31T08:53:34.354+0000][1581.648s][info ][safepoint     ] Application time: 1.0010855 seconds
[2023-10-31T08:53:34.355+0000][1581.649s][info ][safepoint     ] Entering safepoint region: Cleanup
[2023-10-31T08:53:34.356+0000][1581.649s][info ][safepoint     ] Leaving safepoint region
[2023-10-31T08:53:34.356+0000][1581.650s][info ][safepoint     ] Total time for which application threads were stopped: 0.0014081 seconds, Stopping threads took: 0.0005346 seconds
[2023-10-31T08:53:35.357+0000][1582.651s][debug][safepoint     ] Safepoint synchronization initiated. (188 threads)
[2023-10-31T08:53:35.358+0000][1582.652s][info ][safepoint     ] Application time: 1.0010207 seconds
[2023-10-31T08:53:35.359+0000][1582.652s][info ][safepoint     ] Entering safepoint region: Cleanup
[2023-10-31T08:53:35.359+0000][1582.653s][info ][safepoint     ] Leaving safepoint region
[2023-10-31T08:53:35.360+0000][1582.654s][info ][safepoint     ] Total time for which application threads were stopped: 0.0013215 seconds, Stopping threads took: 0.0006014 seconds
[2023-10-31T08:53:36.361+0000][1583.654s][debug][safepoint     ] Safepoint synchronization initiated. (188 threads)
[2023-10-31T08:53:36.361+0000][1583.655s][info ][safepoint     ] Application time: 1.0009595 seconds
[2023-10-31T08:53:36.362+0000][1583.656s][info ][safepoint     ] Entering safepoint region: Cleanup
[2023-10-31T08:53:36.363+0000][1583.657s][info ][safepoint     ] Leaving safepoint region
[2023-10-31T08:53:36.364+0000][1583.658s][info ][safepoint     ] Total time for which application threads were stopped: 0.0018732 seconds, Stopping threads took: 0.0007326 seconds
[2023-10-31T08:53:37.365+0000][1584.659s][debug][safepoint     ] Safepoint synchronization initiated. (188 threads)
[2023-10-31T08:53:37.366+0000][1584.659s][info ][safepoint     ] Application time: 1.0007360 seconds
[2023-10-31T08:53:37.366+0000][1584.660s][info ][safepoint     ] Entering safepoint region: Cleanup
[2023-10-31T08:53:37.367+0000][1584.661s][info ][safepoint     ] Leaving safepoint region
[2023-10-31T08:53:37.368+0000][1584.662s][info ][safepoint     ] Total time for which application threads were stopped: 0.0024434 seconds, Stopping threads took: 0.0005119 seconds
[2023-10-31T08:53:38.369+0000][1585.663s][debug][safepoint     ] Safepoint synchronization initiated. (188 threads)
[2023-10-31T08:53:38.370+0000][1585.664s][info ][safepoint     ] Application time: 1.0008019 seconds
[2023-10-31T08:53:38.370+0000][1585.664s][info ][safepoint     ] Entering safepoint region: Cleanup
[2023-10-31T08:53:38.371+0000][1585.665s][info ][safepoint     ] Leaving safepoint region
[2023-10-31T08:53:38.372+0000][1585.666s][info ][safepoint     ] Total time for which application threads were stopped: 0.0014548 seconds, Stopping threads took: 0.0006566 seconds
[2023-10-31T08:53:39.372+0000][1586.666s][debug][safepoint     ] Safepoint synchronization initiated. (188 threads)
[2023-10-31T08:53:39.373+0000][1586.667s][info ][safepoint     ] Application time: 1.0007936 seconds
[2023-10-31T08:53:39.375+0000][1586.668s][info ][safepoint     ] Entering safepoint region: Cleanup
[2023-10-31T08:53:39.375+0000][1586.669s][info ][safepoint     ] Leaving safepoint region
[2023-10-31T08:53:39.376+0000][1586.670s][info ][safepoint     ] Total time for which application threads were stopped: 0.0014836 seconds, Stopping threads took: 0.0008228 seconds
[2023-10-31T08:53:40.377+0000][1587.670s][debug][safepoint     ] Safepoint synchronization initiated. (187 threads)
[2023-10-31T08:53:40.377+0000][1587.671s][info ][safepoint     ] Application time: 1.0012542 seconds
[2023-10-31T08:53:40.378+0000][1587.672s][info ][safepoint     ] Entering safepoint region: Cleanup
[2023-10-31T08:53:40.379+0000][1587.673s][info ][safepoint     ] Leaving safepoint region
[2023-10-31T08:53:40.380+0000][1587.674s][info ][safepoint     ] Total time for which application threads were stopped: 0.0017564 seconds, Stopping threads took: 0.0007604 seconds
[2023-10-31T08:53:41.381+0000][1588.675s][debug][safepoint     ] Safepoint synchronization initiated. (187 threads)
[2023-10-31T08:53:41.382+0000][1588.676s][info ][safepoint     ] Application time: 1.0014032 seconds
[2023-10-31T08:53:41.383+0000][1588.677s][info ][safepoint     ] Entering safepoint region: Cleanup
[2023-10-31T08:53:41.384+0000][1588.678s][info ][safepoint     ] Leaving safepoint region
[2023-10-31T08:53:41.385+0000][1588.679s][info ][safepoint     ] Total time for which application threads were stopped: 0.0019813 seconds, Stopping threads took: 0.0007460 seconds
[2023-10-31T08:53:42.386+0000][1589.680s][debug][safepoint     ] Safepoint synchronization initiated. (187 threads)
[2023-10-31T08:53:42.386+0000][1589.680s][info ][safepoint     ] Application time: 1.0007471 seconds
[2023-10-31T08:53:42.387+0000][1589.681s][info ][safepoint     ] Entering safepoint region: Cleanup
[2023-10-31T08:53:42.387+0000][1589.681s][info ][safepoint     ] Leaving safepoint region
[2023-10-31T08:53:42.388+0000][1589.682s][info ][safepoint     ] Total time for which application threads were stopped: 0.0011086 seconds, Stopping threads took: 0.0004532 seconds
[2023-10-31T08:53:43.388+0000][1590.682s][debug][safepoint     ] Safepoint synchronization initiated. (186 threads)
[2023-10-31T08:53:43.389+0000][1590.683s][info ][safepoint     ] Application time: 1.0006358 seconds
[2023-10-31T08:53:43.389+0000][1590.683s][info ][safepoint     ] Entering safepoint region: Cleanup
[2023-10-31T08:53:43.390+0000][1590.684s][info ][safepoint     ] Leaving safepoint region
[2023-10-31T08:53:43.390+0000][1590.684s][info ][safepoint     ] Total time for which application threads were stopped: 0.0011076 seconds, Stopping threads took: 0.0005187 seconds
[2023-10-31T08:53:44.391+0000][1591.685s][debug][safepoint     ] Safepoint synchronization initiated. (186 threads)
[2023-10-31T08:53:44.391+0000][1591.685s][info ][safepoint     ] Application time: 1.0006620 seconds
[2023-10-31T08:53:44.392+0000][1591.686s][info ][safepoint     ] Entering safepoint region: Cleanup
[2023-10-31T08:53:44.393+0000][1591.686s][info ][safepoint     ] Leaving safepoint region
[2023-10-31T08:53:44.393+0000][1591.687s][info ][safepoint     ] Total time for which application threads were stopped: 0.0011606 seconds, Stopping threads took: 0.0005581 seconds
[2023-10-31T08:53:45.394+0000][1592.687s][debug][safepoint     ] Safepoint synchronization initiated. (186 threads)
[2023-10-31T08:53:45.395+0000][1592.689s][info ][safepoint     ] Application time: 1.0014051 seconds
[2023-10-31T08:53:45.396+0000][1592.689s][info ][safepoint     ] Entering safepoint region: Cleanup
[2023-10-31T08:53:45.397+0000][1592.691s][info ][safepoint     ] Leaving safepoint region
[2023-10-31T08:53:45.398+0000][1592.692s][info ][safepoint     ] Total time for which application threads were stopped: 0.0024686 seconds, Stopping threads took: 0.0010760 seconds
[2023-10-31T08:53:46.399+0000][1593.693s][debug][safepoint     ] Safepoint synchronization initiated. (186 threads)
[2023-10-31T08:53:46.400+0000][1593.694s][info ][safepoint     ] Application time: 1.0015602 seconds
[2023-10-31T08:53:46.401+0000][1593.695s][info ][safepoint     ] Entering safepoint region: Cleanup
[2023-10-31T08:53:46.402+0000][1593.696s][info ][safepoint     ] Leaving safepoint region
[2023-10-31T08:53:46.403+0000][1593.697s][info ][safepoint     ] Total time for which application threads were stopped: 0.0020211 seconds, Stopping threads took: 0.0008599 seconds
[2023-10-31T08:53:47.404+0000][1594.698s][debug][safepoint     ] Safepoint synchronization initiated. (186 threads)
[2023-10-31T08:53:47.405+0000][1594.699s][info ][safepoint     ] Application time: 1.0011703 seconds
[2023-10-31T08:53:47.406+0000][1594.700s][info ][safepoint     ] Entering safepoint region: Cleanup
[2023-10-31T08:53:47.407+0000][1594.701s][info ][safepoint     ] Leaving safepoint region
[2023-10-31T08:53:47.408+0000][1594.702s][info ][safepoint     ] Total time for which application threads were stopped: 0.0018076 seconds, Stopping threads took: 0.0007466 seconds
[2023-10-31T08:53:48.409+0000][1595.702s][debug][safepoint     ] Safepoint synchronization initiated. (186 threads)
[2023-10-31T08:53:48.409+0000][1595.703s][info ][safepoint     ] Application time: 1.0010044 seconds
[2023-10-31T08:53:48.410+0000][1595.704s][info ][safepoint     ] Entering safepoint region: Cleanup
[2023-10-31T08:53:48.411+0000][1595.705s][info ][safepoint     ] Leaving safepoint region
[2023-10-31T08:53:48.412+0000][1595.706s][info ][safepoint     ] Total time for which application threads were stopped: 0.0018713 seconds, Stopping threads took: 0.0008102 seconds
[2023-10-31T08:53:49.413+0000][1596.707s][debug][safepoint     ] Safepoint synchronization initiated. (186 threads)
[2023-10-31T08:53:49.413+0000][1596.707s][info ][safepoint     ] Application time: 1.0006208 seconds
[2023-10-31T08:53:49.414+0000][1596.708s][info ][safepoint     ] Entering safepoint region: Cleanup
[2023-10-31T08:53:49.414+0000][1596.708s][info ][safepoint     ] Leaving safepoint region
[2023-10-31T08:53:49.415+0000][1596.709s][info ][safepoint     ] Total time for which application threads were stopped: 0.0010005 seconds, Stopping threads took: 0.0003908 seconds
[2023-10-31T08:53:50.415+0000][1597.709s][debug][safepoint     ] Safepoint synchronization initiated. (186 threads)
[2023-10-31T08:53:50.416+0000][1597.710s][info ][safepoint     ] Application time: 1.0006905 seconds
[2023-10-31T08:53:50.417+0000][1597.710s][info ][safepoint     ] Entering safepoint region: Cleanup
[2023-10-31T08:53:50.417+0000][1597.711s][info ][safepoint     ] Leaving safepoint region
[2023-10-31T08:53:50.418+0000][1597.711s][info ][safepoint     ] Total time for which application threads were stopped: 0.0011340 seconds, Stopping threads took: 0.0005123 seconds
[2023-10-31T08:53:51.418+0000][1598.712s][debug][safepoint     ] Safepoint synchronization initiated. (186 threads)
[2023-10-31T08:53:51.419+0000][1598.713s][info ][safepoint     ] Application time: 1.0007146 seconds
[2023-10-31T08:53:51.419+0000][1598.713s][info ][safepoint     ] Entering safepoint region: Cleanup
[2023-10-31T08:53:51.420+0000][1598.714s][info ][safepoint     ] Leaving safepoint region
[2023-10-31T08:53:51.420+0000][1598.714s][info ][safepoint     ] Total time for which application threads were stopped: 0.0010317 seconds, Stopping threads took: 0.0003996 seconds
[2023-10-31T08:53:52.421+0000][1599.715s][debug][safepoint     ] Safepoint synchronization initiated. (186 threads)
[2023-10-31T08:53:52.422+0000][1599.716s][info ][safepoint     ] Application time: 1.0013324 seconds
[2023-10-31T08:53:52.422+0000][1599.716s][info ][safepoint     ] Entering safepoint region: Cleanup
[2023-10-31T08:53:52.423+0000][1599.717s][info ][safepoint     ] Leaving safepoint region
[2023-10-31T08:53:52.424+0000][1599.718s][info ][safepoint     ] Total time for which application threads were stopped: 0.0015831 seconds, Stopping threads took: 0.0006682 seconds
[2023-10-31T08:53:53.424+0000][1600.718s][debug][safepoint     ] Safepoint synchronization initiated. (186 threads)
[2023-10-31T08:53:53.425+0000][1600.719s][info ][safepoint     ] Application time: 1.0005794 seconds
[2023-10-31T08:53:53.425+0000][1600.719s][info ][safepoint     ] Entering safepoint region: Cleanup
[2023-10-31T08:53:53.426+0000][1600.720s][info ][safepoint     ] Leaving safepoint region
[2023-10-31T08:53:53.426+0000][1600.720s][info ][safepoint     ] Total time for which application threads were stopped: 0.0007892 seconds, Stopping threads took: 0.0003306 seconds
[2023-10-31T08:53:54.426+0000][1601.720s][debug][safepoint     ] Safepoint synchronization initiated. (187 threads)
[2023-10-31T08:53:54.427+0000][1601.721s][info ][safepoint     ] Application time: 1.0007271 seconds
[2023-10-31T08:53:54.428+0000][1601.721s][info ][safepoint     ] Entering safepoint region: Cleanup
[2023-10-31T08:53:54.428+0000][1601.722s][info ][safepoint     ] Leaving safepoint region
[2023-10-31T08:53:54.429+0000][1601.722s][info ][safepoint     ] Total time for which application threads were stopped: 0.0011138 seconds, Stopping threads took: 0.0004373 seconds
[2023-10-31T08:53:55.430+0000][1602.723s][debug][safepoint     ] Safepoint synchronization initiated. (187 threads)
[2023-10-31T08:53:55.430+0000][1602.724s][info ][safepoint     ] Application time: 1.0011927 seconds
[2023-10-31T08:53:55.431+0000][1602.725s][info ][safepoint     ] Entering safepoint region: Cleanup
[2023-10-31T08:53:55.432+0000][1602.726s][info ][safepoint     ] Leaving safepoint region
[2023-10-31T08:53:55.432+0000][1602.726s][info ][safepoint     ] Total time for which application threads were stopped: 0.0012954 seconds, Stopping threads took: 0.0006138 seconds
[2023-10-31T08:53:56.433+0000][1603.727s][debug][safepoint     ] Safepoint synchronization initiated. (186 threads)
[2023-10-31T08:53:56.434+0000][1603.727s][info ][safepoint     ] Application time: 1.0008579 seconds
[2023-10-31T08:53:56.434+0000][1603.728s][info ][safepoint     ] Entering safepoint region: Cleanup
[2023-10-31T08:53:56.435+0000][1603.729s][info ][safepoint     ] Leaving safepoint region
[2023-10-31T08:53:56.435+0000][1603.729s][info ][safepoint     ] Total time for which application threads were stopped: 0.0012456 seconds, Stopping threads took: 0.0005412 seconds
[2023-10-31T08:53:57.436+0000][1604.730s][debug][safepoint     ] Safepoint synchronization initiated. (186 threads)
[2023-10-31T08:53:57.437+0000][1604.730s][info ][safepoint     ] Application time: 1.0008993 seconds
[2023-10-31T08:53:57.437+0000][1604.731s][info ][safepoint     ] Entering safepoint region: Cleanup
[2023-10-31T08:53:57.438+0000][1604.732s][info ][safepoint     ] Leaving safepoint region
[2023-10-31T08:53:57.439+0000][1604.732s][info ][safepoint     ] Total time for which application threads were stopped: 0.0013108 seconds, Stopping threads took: 0.0005547 seconds
[2023-10-31T08:53:58.439+0000][1605.733s][debug][safepoint     ] Safepoint synchronization initiated. (186 threads)
[2023-10-31T08:53:58.440+0000][1605.734s][info ][safepoint     ] Application time: 1.0007954 seconds
[2023-10-31T08:53:58.441+0000][1605.734s][info ][safepoint     ] Entering safepoint region: Cleanup
[2023-10-31T08:53:58.441+0000][1605.735s][info ][safepoint     ] Leaving safepoint region
[2023-10-31T08:53:58.442+0000][1605.735s][info ][safepoint     ] Total time for which application threads were stopped: 0.0011399 seconds, Stopping threads took: 0.0004481 seconds
[2023-10-31T08:53:59.442+0000][1606.736s][debug][safepoint     ] Safepoint synchronization initiated. (186 threads)
[2023-10-31T08:53:59.443+0000][1606.736s][info ][safepoint     ] Application time: 1.0006063 seconds
[2023-10-31T08:53:59.443+0000][1606.737s][info ][safepoint     ] Entering safepoint region: Cleanup
[2023-10-31T08:53:59.444+0000][1606.737s][info ][safepoint     ] Leaving safepoint region
[2023-10-31T08:53:59.444+0000][1606.738s][info ][safepoint     ] Total time for which application threads were stopped: 0.0009971 seconds, Stopping threads took: 0.0004832 seconds
[2023-10-31T08:53:59.452+0000][1606.745s][debug][safepoint     ] Safepoint synchronization initiated. (186 threads)
[2023-10-31T08:53:59.452+0000][1606.746s][info ][safepoint     ] Application time: 0.0075212 seconds
[2023-10-31T08:53:59.452+0000][1606.746s][info ][safepoint     ] Entering safepoint region: G1CollectForAllocation
[2023-10-31T08:53:59.453+0000][1606.747s][info ][gc,start      ] GC(64) Pause Young (Normal) (G1 Evacuation Pause)
[2023-10-31T08:53:59.453+0000][1606.747s][info ][gc,task       ] GC(64) Using 8 workers of 8 for evacuation
[2023-10-31T08:53:59.469+0000][1606.762s][info ][gc,phases     ] GC(64)   Pre Evacuate Collection Set: 0.1ms
[2023-10-31T08:53:59.469+0000][1606.763s][info ][gc,phases     ] GC(64)   Evacuate Collection Set: 9.5ms
[2023-10-31T08:53:59.470+0000][1606.763s][info ][gc,phases     ] GC(64)   Post Evacuate Collection Set: 5.2ms
[2023-10-31T08:53:59.470+0000][1606.764s][info ][gc,phases     ] GC(64)   Other: 0.9ms
[2023-10-31T08:53:59.470+0000][1606.764s][info ][gc,heap       ] GC(64) Eden regions: 219->0(209)
[2023-10-31T08:53:59.471+0000][1606.764s][info ][gc,heap       ] GC(64) Survivor regions: 16->16(30)
[2023-10-31T08:53:59.471+0000][1606.765s][info ][gc,heap       ] GC(64) Old regions: 147->147
[2023-10-31T08:53:59.472+0000][1606.765s][info ][gc,heap       ] GC(64) Humongous regions: 35->35
[2023-10-31T08:53:59.472+0000][1606.766s][info ][gc,metaspace  ] GC(64) Metaspace: 170071K(175696K)->170071K(175696K) NonClass: 150423K(153808K)->150423K(153808K) Class: 19647K(21888K)->19647K(21888K)
[2023-10-31T08:53:59.473+0000][1606.766s][info ][gc            ] GC(64) Pause Young (Normal) (G1 Evacuation Pause) 415M->196M(470M) 19.500ms
[2023-10-31T08:53:59.473+0000][1606.767s][info ][gc,cpu        ] GC(64) User=0.10s Sys=0.00s Real=0.02s
[2023-10-31T08:53:59.473+0000][1606.767s][info ][safepoint     ] Leaving safepoint region
[2023-10-31T08:53:59.474+0000][1606.767s][info ][safepoint     ] Total time for which application threads were stopped: 0.0213365 seconds, Stopping threads took: 0.0003750 seconds
[2023-10-31T08:53:59.474+0000][1606.768s][info ][gc,stringdedup] Concurrent String Deduplication (1606.768s)
[2023-10-31T08:53:59.475+0000][1606.768s][info ][gc,stringdedup] Concurrent String Deduplication 1064.0B->912.0B(152.0B) avg 54.3% (1606.768s, 1606.768s) 0.620ms
[2023-10-31T08:54:00.475+0000][1607.768s][debug][safepoint     ] Safepoint synchronization initiated. (186 threads)
[2023-10-31T08:54:00.476+0000][1607.769s][info ][safepoint     ] Application time: 1.0015706 seconds
[2023-10-31T08:54:00.476+0000][1607.770s][info ][safepoint     ] Entering safepoint region: Cleanup
[2023-10-31T08:54:00.477+0000][1607.771s][info ][safepoint     ] Leaving safepoint region
[2023-10-31T08:54:00.477+0000][1607.771s][info ][safepoint     ] Total time for which application threads were stopped: 0.0012417 seconds, Stopping threads took: 0.0006621 seconds
[2023-10-31T08:54:01.478+0000][1608.771s][debug][safepoint     ] Safepoint synchronization initiated. (186 threads)
[2023-10-31T08:54:01.478+0000][1608.772s][info ][safepoint     ] Application time: 1.0004709 seconds
[2023-10-31T08:54:01.479+0000][1608.772s][info ][safepoint     ] Entering safepoint region: Cleanup
[2023-10-31T08:54:01.479+0000][1608.773s][info ][safepoint     ] Leaving safepoint region
[2023-10-31T08:54:01.479+0000][1608.773s][info ][safepoint     ] Total time for which application threads were stopped: 0.0007965 seconds, Stopping threads took: 0.0003553 seconds
[2023-10-31T08:54:02.480+0000][1609.773s][debug][safepoint     ] Safepoint synchronization initiated. (186 threads)
[2023-10-31T08:54:02.480+0000][1609.774s][info ][safepoint     ] Application time: 1.0008219 seconds
[2023-10-31T08:54:02.481+0000][1609.774s][info ][safepoint     ] Entering safepoint region: Cleanup
[2023-10-31T08:54:02.482+0000][1609.775s][info ][safepoint     ] Leaving safepoint region
[2023-10-31T08:54:02.482+0000][1609.776s][info ][safepoint     ] Total time for which application threads were stopped: 0.0014873 seconds, Stopping threads took: 0.0006366 seconds
[2023-10-31T08:54:03.483+0000][1610.777s][debug][safepoint     ] Safepoint synchronization initiated. (186 threads)
[2023-10-31T08:54:03.483+0000][1610.777s][info ][safepoint     ] Application time: 1.0006204 seconds
[2023-10-31T08:54:03.484+0000][1610.777s][info ][safepoint     ] Entering safepoint region: Cleanup
[2023-10-31T08:54:03.484+0000][1610.778s][info ][safepoint     ] Leaving safepoint region
[2023-10-31T08:54:03.485+0000][1610.778s][info ][safepoint     ] Total time for which application threads were stopped: 0.0010016 seconds, Stopping threads took: 0.0004706 seconds
[2023-10-31T08:54:04.486+0000][1611.779s][debug][safepoint     ] Safepoint synchronization initiated. (186 threads)
[2023-10-31T08:54:04.486+0000][1611.780s][info ][safepoint     ] Application time: 1.0006027 seconds
[2023-10-31T08:54:04.486+0000][1611.780s][info ][safepoint     ] Entering safepoint region: Cleanup
[2023-10-31T08:54:04.487+0000][1611.781s][info ][safepoint     ] Leaving safepoint region
[2023-10-31T08:54:04.488+0000][1611.781s][info ][safepoint     ] Total time for which application threads were stopped: 0.0010804 seconds, Stopping threads took: 0.0004122 seconds
[2023-10-31T08:54:05.489+0000][1612.783s][debug][safepoint     ] Safepoint synchronization initiated. (186 threads)
[2023-10-31T08:54:05.490+0000][1612.783s][info ][safepoint     ] Application time: 1.0016490 seconds
[2023-10-31T08:54:05.490+0000][1612.784s][info ][safepoint     ] Entering safepoint region: Cleanup
[2023-10-31T08:54:05.491+0000][1612.785s][info ][safepoint     ] Leaving safepoint region
[2023-10-31T08:54:05.492+0000][1612.785s][info ][safepoint     ] Total time for which application threads were stopped: 0.0014010 seconds, Stopping threads took: 0.0006771 seconds
[2023-10-31T08:54:06.493+0000][1613.786s][debug][safepoint     ] Safepoint synchronization initiated. (186 threads)
[2023-10-31T08:54:06.494+0000][1613.787s][info ][safepoint     ] Application time: 1.0016119 seconds
[2023-10-31T08:54:06.495+0000][1613.788s][info ][safepoint     ] Entering safepoint region: Cleanup
[2023-10-31T08:54:06.496+0000][1613.789s][info ][safepoint     ] Leaving safepoint region
[2023-10-31T08:54:06.496+0000][1613.790s][info ][safepoint     ] Total time for which application threads were stopped: 0.0017238 seconds, Stopping threads took: 0.0008036 seconds
[2023-10-31T08:54:07.497+0000][1614.791s][debug][safepoint     ] Safepoint synchronization initiated. (186 threads)
[2023-10-31T08:54:07.497+0000][1614.791s][info ][safepoint     ] Application time: 1.0006001 seconds
[2023-10-31T08:54:07.498+0000][1614.792s][info ][safepoint     ] Entering safepoint region: Cleanup
[2023-10-31T08:54:07.498+0000][1614.792s][info ][safepoint     ] Leaving safepoint region
[2023-10-31T08:54:07.499+0000][1614.792s][info ][safepoint     ] Total time for which application threads were stopped: 0.0009748 seconds, Stopping threads took: 0.0004450 seconds
[2023-10-31T08:54:08.500+0000][1615.793s][debug][safepoint     ] Safepoint synchronization initiated. (186 threads)
[2023-10-31T08:54:08.501+0000][1615.794s][info ][safepoint     ] Application time: 1.0013081 seconds
[2023-10-31T08:54:08.501+0000][1615.795s][info ][safepoint     ] Entering safepoint region: Cleanup
[2023-10-31T08:54:08.502+0000][1615.796s][info ][safepoint     ] Leaving safepoint region
[2023-10-31T08:54:08.503+0000][1615.796s][info ][safepoint     ] Total time for which application threads were stopped: 0.0016579 seconds, Stopping threads took: 0.0008995 seconds
[2023-10-31T08:54:09.503+0000][1616.797s][debug][safepoint     ] Safepoint synchronization initiated. (186 threads)
[2023-10-31T08:54:09.504+0000][1616.798s][info ][safepoint     ] Application time: 1.0007285 seconds
[2023-10-31T08:54:09.505+0000][1616.798s][info ][safepoint     ] Entering safepoint region: Cleanup
[2023-10-31T08:54:09.505+0000][1616.799s][info ][safepoint     ] Leaving safepoint region
[2023-10-31T08:54:09.506+0000][1616.799s][info ][safepoint     ] Total time for which application threads were stopped: 0.0013809 seconds, Stopping threads took: 0.0005951 seconds
[2023-10-31T08:54:10.507+0000][1617.800s][debug][safepoint     ] Safepoint synchronization initiated. (186 threads)
[2023-10-31T08:54:10.508+0000][1617.801s][info ][safepoint     ] Application time: 1.0015243 seconds
[2023-10-31T08:54:10.509+0000][1617.803s][info ][safepoint     ] Entering safepoint region: Cleanup
[2023-10-31T08:54:10.510+0000][1617.804s][info ][safepoint     ] Leaving safepoint region
[2023-10-31T08:54:10.511+0000][1617.805s][info ][safepoint     ] Total time for which application threads were stopped: 0.0022535 seconds, Stopping threads took: 0.0009602 seconds
[2023-10-31T08:54:11.512+0000][1618.806s][debug][safepoint     ] Safepoint synchronization initiated. (186 threads)
[2023-10-31T08:54:11.513+0000][1618.807s][info ][safepoint     ] Application time: 1.0013143 seconds
[2023-10-31T08:54:11.514+0000][1618.808s][info ][safepoint     ] Entering safepoint region: Cleanup
[2023-10-31T08:54:11.516+0000][1618.809s][info ][safepoint     ] Leaving safepoint region
[2023-10-31T08:54:11.517+0000][1618.810s][info ][safepoint     ] Total time for which application threads were stopped: 0.0022484 seconds, Stopping threads took: 0.0009990 seconds
[2023-10-31T08:54:12.518+0000][1619.811s][debug][safepoint     ] Safepoint synchronization initiated. (186 threads)
[2023-10-31T08:54:12.518+0000][1619.812s][info ][safepoint     ] Application time: 1.0009183 seconds
[2023-10-31T08:54:12.519+0000][1619.812s][info ][safepoint     ] Entering safepoint region: Cleanup
[2023-10-31T08:54:12.520+0000][1619.813s][info ][safepoint     ] Leaving safepoint region
[2023-10-31T08:54:12.520+0000][1619.814s][info ][safepoint     ] Total time for which application threads were stopped: 0.0012668 seconds, Stopping threads took: 0.0006168 seconds
[2023-10-31T08:54:13.521+0000][1620.814s][debug][safepoint     ] Safepoint synchronization initiated. (186 threads)
[2023-10-31T08:54:13.521+0000][1620.815s][info ][safepoint     ] Application time: 1.0006292 seconds
[2023-10-31T08:54:13.522+0000][1620.815s][info ][safepoint     ] Entering safepoint region: Cleanup
[2023-10-31T08:54:13.522+0000][1620.816s][info ][safepoint     ] Leaving safepoint region
[2023-10-31T08:54:13.523+0000][1620.816s][info ][safepoint     ] Total time for which application threads were stopped: 0.0009555 seconds, Stopping threads took: 0.0004175 seconds
[2023-10-31T08:54:14.524+0000][1621.817s][debug][safepoint     ] Safepoint synchronization initiated. (186 threads)
[2023-10-31T08:54:14.524+0000][1621.818s][info ][safepoint     ] Application time: 1.0008326 seconds
[2023-10-31T08:54:14.525+0000][1621.818s][info ][safepoint     ] Entering safepoint region: Cleanup
[2023-10-31T08:54:14.526+0000][1621.819s][info ][safepoint     ] Leaving safepoint region
[2023-10-31T08:54:14.526+0000][1621.820s][info ][safepoint     ] Total time for which application threads were stopped: 0.0012240 seconds, Stopping threads took: 0.0005366 seconds
[2023-10-31T08:54:15.527+0000][1622.820s][debug][safepoint     ] Safepoint synchronization initiated. (186 threads)
[2023-10-31T08:54:15.528+0000][1622.821s][info ][safepoint     ] Application time: 1.0011057 seconds
[2023-10-31T08:54:15.529+0000][1622.822s][info ][safepoint     ] Entering safepoint region: Cleanup
[2023-10-31T08:54:15.530+0000][1622.823s][info ][safepoint     ] Leaving safepoint region
[2023-10-31T08:54:15.530+0000][1622.824s][info ][safepoint     ] Total time for which application threads were stopped: 0.0017001 seconds, Stopping threads took: 0.0008517 seconds
[2023-10-31T08:54:16.531+0000][1623.825s][debug][safepoint     ] Safepoint synchronization initiated. (186 threads)
[2023-10-31T08:54:16.532+0000][1623.825s][info ][safepoint     ] Application time: 1.0007750 seconds
[2023-10-31T08:54:16.532+0000][1623.826s][info ][safepoint     ] Entering safepoint region: Cleanup
[2023-10-31T08:54:16.533+0000][1623.826s][info ][safepoint     ] Leaving safepoint region
[2023-10-31T08:54:16.533+0000][1623.827s][info ][safepoint     ] Total time for which application threads were stopped: 0.0012848 seconds, Stopping threads took: 0.0005139 seconds
[2023-10-31T08:54:17.534+0000][1624.828s][debug][safepoint     ] Safepoint synchronization initiated. (186 threads)
[2023-10-31T08:54:17.535+0000][1624.829s][info ][safepoint     ] Application time: 1.0014403 seconds
[2023-10-31T08:54:17.536+0000][1624.829s][info ][safepoint     ] Entering safepoint region: Cleanup
[2023-10-31T08:54:17.537+0000][1624.831s][info ][safepoint     ] Leaving safepoint region
[2023-10-31T08:54:17.538+0000][1624.832s][info ][safepoint     ] Total time for which application threads were stopped: 0.0021514 seconds, Stopping threads took: 0.0010217 seconds
[2023-10-31T08:54:18.539+0000][1625.832s][debug][safepoint     ] Safepoint synchronization initiated. (186 threads)
[2023-10-31T08:54:18.539+0000][1625.833s][info ][safepoint     ] Application time: 1.0006207 seconds
[2023-10-31T08:54:18.540+0000][1625.833s][info ][safepoint     ] Entering safepoint region: Cleanup
[2023-10-31T08:54:18.541+0000][1625.834s][info ][safepoint     ] Leaving safepoint region
[2023-10-31T08:54:18.541+0000][1625.835s][info ][safepoint     ] Total time for which application threads were stopped: 0.0013011 seconds, Stopping threads took: 0.0004979 seconds
[2023-10-31T08:54:19.541+0000][1626.835s][debug][safepoint     ] Safepoint synchronization initiated. (186 threads)
[2023-10-31T08:54:19.542+0000][1626.836s][info ][safepoint     ] Application time: 1.0006958 seconds
[2023-10-31T08:54:19.543+0000][1626.836s][info ][safepoint     ] Entering safepoint region: Cleanup
[2023-10-31T08:54:19.543+0000][1626.837s][info ][safepoint     ] Leaving safepoint region
[2023-10-31T08:54:19.544+0000][1626.837s][info ][safepoint     ] Total time for which application threads were stopped: 0.0011867 seconds, Stopping threads took: 0.0004995 seconds
[2023-10-31T08:54:20.544+0000][1627.838s][debug][safepoint     ] Safepoint synchronization initiated. (186 threads)
[2023-10-31T08:54:20.545+0000][1627.839s][info ][safepoint     ] Application time: 1.0012156 seconds
[2023-10-31T08:54:20.546+0000][1627.840s][info ][safepoint     ] Entering safepoint region: Cleanup
[2023-10-31T08:54:20.548+0000][1627.841s][info ][safepoint     ] Leaving safepoint region
[2023-10-31T08:54:20.548+0000][1627.842s][info ][safepoint     ] Total time for which application threads were stopped: 0.0020041 seconds, Stopping threads took: 0.0009878 seconds
[2023-10-31T08:54:21.549+0000][1628.843s][debug][safepoint     ] Safepoint synchronization initiated. (186 threads)
[2023-10-31T08:54:21.550+0000][1628.843s][info ][safepoint     ] Application time: 1.0009365 seconds
[2023-10-31T08:54:21.550+0000][1628.844s][info ][safepoint     ] Entering safepoint region: Cleanup
[2023-10-31T08:54:21.551+0000][1628.845s][info ][safepoint     ] Leaving safepoint region
[2023-10-31T08:54:21.552+0000][1628.845s][info ][safepoint     ] Total time for which application threads were stopped: 0.0013915 seconds, Stopping threads took: 0.0006306 seconds
[2023-10-31T08:54:22.552+0000][1629.846s][debug][safepoint     ] Safepoint synchronization initiated. (186 threads)
[2023-10-31T08:54:22.553+0000][1629.846s][info ][safepoint     ] Application time: 1.0007092 seconds
[2023-10-31T08:54:22.553+0000][1629.847s][info ][safepoint     ] Entering safepoint region: Cleanup
[2023-10-31T08:54:22.554+0000][1629.848s][info ][safepoint     ] Leaving safepoint region
[2023-10-31T08:54:22.555+0000][1629.848s][info ][safepoint     ] Total time for which application threads were stopped: 0.0013681 seconds, Stopping threads took: 0.0005842 seconds
[2023-10-31T08:54:23.555+0000][1630.849s][debug][safepoint     ] Safepoint synchronization initiated. (186 threads)
[2023-10-31T08:54:23.556+0000][1630.850s][info ][safepoint     ] Application time: 1.0009069 seconds
[2023-10-31T08:54:23.557+0000][1630.851s][info ][safepoint     ] Entering safepoint region: Cleanup
[2023-10-31T08:54:23.558+0000][1630.852s][info ][safepoint     ] Leaving safepoint region
[2023-10-31T08:54:23.559+0000][1630.852s][info ][safepoint     ] Total time for which application threads were stopped: 0.0018909 seconds, Stopping threads took: 0.0007458 seconds
[2023-10-31T08:54:24.560+0000][1631.853s][debug][safepoint     ] Safepoint synchronization initiated. (186 threads)
[2023-10-31T08:54:24.560+0000][1631.854s][info ][safepoint     ] Application time: 1.0005942 seconds
[2023-10-31T08:54:24.561+0000][1631.854s][info ][safepoint     ] Entering safepoint region: Cleanup
[2023-10-31T08:54:24.561+0000][1631.855s][info ][safepoint     ] Leaving safepoint region
[2023-10-31T08:54:24.562+0000][1631.855s][info ][safepoint     ] Total time for which application threads were stopped: 0.0009977 seconds, Stopping threads took: 0.0004464 seconds
[2023-10-31T08:54:25.563+0000][1632.856s][debug][safepoint     ] Safepoint synchronization initiated. (186 threads)
[2023-10-31T08:54:25.564+0000][1632.857s][info ][safepoint     ] Application time: 1.0011629 seconds
[2023-10-31T08:54:25.565+0000][1632.858s][info ][safepoint     ] Entering safepoint region: Cleanup
[2023-10-31T08:54:25.566+0000][1632.859s][info ][safepoint     ] Leaving safepoint region
[2023-10-31T08:54:25.566+0000][1632.860s][info ][safepoint     ] Total time for which application threads were stopped: 0.0017994 seconds, Stopping threads took: 0.0007455 seconds
[2023-10-31T08:54:26.567+0000][1633.861s][debug][safepoint     ] Safepoint synchronization initiated. (186 threads)
[2023-10-31T08:54:26.568+0000][1633.862s][info ][safepoint     ] Application time: 1.0012382 seconds
[2023-10-31T08:54:26.569+0000][1633.862s][info ][safepoint     ] Entering safepoint region: Cleanup
[2023-10-31T08:54:26.570+0000][1633.864s][info ][safepoint     ] Leaving safepoint region
[2023-10-31T08:54:26.571+0000][1633.864s][info ][safepoint     ] Total time for which application threads were stopped: 0.0017366 seconds, Stopping threads took: 0.0008107 seconds
[2023-10-31T08:54:27.571+0000][1634.865s][debug][safepoint     ] Safepoint synchronization initiated. (186 threads)
[2023-10-31T08:54:27.573+0000][1634.867s][info ][safepoint     ] Application time: 1.0018460 seconds
[2023-10-31T08:54:27.574+0000][1634.867s][info ][safepoint     ] Entering safepoint region: Cleanup
[2023-10-31T08:54:27.574+0000][1634.868s][info ][safepoint     ] Leaving safepoint region
[2023-10-31T08:54:27.575+0000][1634.868s][info ][safepoint     ] Total time for which application threads were stopped: 0.0013705 seconds, Stopping threads took: 0.0004829 seconds
[2023-10-31T08:54:28.575+0000][1635.869s][debug][safepoint     ] Safepoint synchronization initiated. (186 threads)
[2023-10-31T08:54:28.576+0000][1635.870s][info ][safepoint     ] Application time: 1.0008036 seconds
[2023-10-31T08:54:28.576+0000][1635.870s][info ][safepoint     ] Entering safepoint region: Cleanup
[2023-10-31T08:54:28.577+0000][1635.871s][info ][safepoint     ] Leaving safepoint region
[2023-10-31T08:54:28.578+0000][1635.872s][info ][safepoint     ] Total time for which application threads were stopped: 0.0013683 seconds, Stopping threads took: 0.0006630 seconds
[2023-10-31T08:54:29.578+0000][1636.872s][debug][safepoint     ] Safepoint synchronization initiated. (186 threads)
[2023-10-31T08:54:29.579+0000][1636.873s][info ][safepoint     ] Application time: 1.0007003 seconds
[2023-10-31T08:54:29.579+0000][1636.873s][info ][safepoint     ] Entering safepoint region: Cleanup
[2023-10-31T08:54:29.580+0000][1636.874s][info ][safepoint     ] Leaving safepoint region
[2023-10-31T08:54:29.580+0000][1636.874s][info ][safepoint     ] Total time for which application threads were stopped: 0.0009739 seconds, Stopping threads took: 0.0003992 seconds
[2023-10-31T08:54:30.581+0000][1637.875s][debug][safepoint     ] Safepoint synchronization initiated. (186 threads)
[2023-10-31T08:54:30.582+0000][1637.876s][info ][safepoint     ] Application time: 1.0012065 seconds
[2023-10-31T08:54:30.583+0000][1637.877s][info ][safepoint     ] Entering safepoint region: Cleanup
[2023-10-31T08:54:30.583+0000][1637.878s][info ][safepoint     ] Leaving safepoint region
[2023-10-31T08:54:30.584+0000][1637.878s][info ][safepoint     ] Total time for which application threads were stopped: 0.0016237 seconds, Stopping threads took: 0.0006970 seconds
[2023-10-31T08:54:31.585+0000][1638.879s][debug][safepoint     ] Safepoint synchronization initiated. (186 threads)
[2023-10-31T08:54:31.586+0000][1638.880s][info ][safepoint     ] Application time: 1.0013061 seconds
[2023-10-31T08:54:31.587+0000][1638.881s][info ][safepoint     ] Entering safepoint region: Cleanup
[2023-10-31T08:54:31.588+0000][1638.882s][info ][safepoint     ] Leaving safepoint region
[2023-10-31T08:54:31.589+0000][1638.883s][info ][safepoint     ] Total time for which application threads were stopped: 0.0021333 seconds, Stopping threads took: 0.0009096 seconds
[2023-10-31T08:54:32.590+0000][1639.884s][debug][safepoint     ] Safepoint synchronization initiated. (186 threads)
[2023-10-31T08:54:32.591+0000][1639.885s][info ][safepoint     ] Application time: 1.0011581 seconds
[2023-10-31T08:54:32.592+0000][1639.886s][info ][safepoint     ] Entering safepoint region: Cleanup
[2023-10-31T08:54:32.592+0000][1639.886s][info ][safepoint     ] Leaving safepoint region
[2023-10-31T08:54:32.593+0000][1639.887s][info ][safepoint     ] Total time for which application threads were stopped: 0.0011945 seconds, Stopping threads took: 0.0004672 seconds
[2023-10-31T08:54:33.594+0000][1640.888s][debug][safepoint     ] Safepoint synchronization initiated. (186 threads)
[2023-10-31T08:54:33.594+0000][1640.888s][info ][safepoint     ] Application time: 1.0007766 seconds
[2023-10-31T08:54:33.595+0000][1640.889s][info ][safepoint     ] Entering safepoint region: Cleanup
[2023-10-31T08:54:33.595+0000][1640.889s][info ][safepoint     ] Leaving safepoint region
[2023-10-31T08:54:33.596+0000][1640.890s][info ][safepoint     ] Total time for which application threads were stopped: 0.0010077 seconds, Stopping threads took: 0.0003996 seconds
[2023-10-31T08:54:34.596+0000][1641.890s][debug][safepoint     ] Safepoint synchronization initiated. (186 threads)
[2023-10-31T08:54:34.597+0000][1641.891s][info ][safepoint     ] Application time: 1.0010636 seconds
[2023-10-31T08:54:34.598+0000][1641.892s][info ][safepoint     ] Entering safepoint region: Cleanup
[2023-10-31T08:54:34.598+0000][1641.892s][info ][safepoint     ] Leaving safepoint region
[2023-10-31T08:54:34.599+0000][1641.893s][info ][safepoint     ] Total time for which application threads were stopped: 0.0009874 seconds, Stopping threads took: 0.0004507 seconds
[2023-10-31T08:54:35.599+0000][1642.893s][debug][safepoint     ] Safepoint synchronization initiated. (186 threads)
[2023-10-31T08:54:35.600+0000][1642.894s][info ][safepoint     ] Application time: 1.0006435 seconds
[2023-10-31T08:54:35.600+0000][1642.894s][info ][safepoint     ] Entering safepoint region: Cleanup
[2023-10-31T08:54:35.601+0000][1642.895s][info ][safepoint     ] Leaving safepoint region
[2023-10-31T08:54:35.601+0000][1642.895s][info ][safepoint     ] Total time for which application threads were stopped: 0.0011080 seconds, Stopping threads took: 0.0004665 seconds
[2023-10-31T08:54:36.602+0000][1643.896s][debug][safepoint     ] Safepoint synchronization initiated. (186 threads)
[2023-10-31T08:54:36.602+0000][1643.896s][info ][safepoint     ] Application time: 1.0007406 seconds
[2023-10-31T08:54:36.603+0000][1643.897s][info ][safepoint     ] Entering safepoint region: Cleanup
[2023-10-31T08:54:36.603+0000][1643.897s][info ][safepoint     ] Leaving safepoint region
[2023-10-31T08:54:36.604+0000][1643.898s][info ][safepoint     ] Total time for which application threads were stopped: 0.0011295 seconds, Stopping threads took: 0.0004721 seconds
[2023-10-31T08:54:37.604+0000][1644.898s][debug][safepoint     ] Safepoint synchronization initiated. (186 threads)
[2023-10-31T08:54:37.605+0000][1644.899s][info ][safepoint     ] Application time: 1.0008491 seconds
[2023-10-31T08:54:37.606+0000][1644.900s][info ][safepoint     ] Entering safepoint region: Cleanup
[2023-10-31T08:54:37.606+0000][1644.900s][info ][safepoint     ] Leaving safepoint region
[2023-10-31T08:54:37.607+0000][1644.901s][info ][safepoint     ] Total time for which application threads were stopped: 0.0013083 seconds, Stopping threads took: 0.0005364 seconds
[2023-10-31T08:54:38.608+0000][1645.902s][debug][safepoint     ] Safepoint synchronization initiated. (186 threads)
[2023-10-31T08:54:38.608+0000][1645.902s][info ][safepoint     ] Application time: 1.0007523 seconds
[2023-10-31T08:54:38.609+0000][1645.903s][info ][safepoint     ] Entering safepoint region: Cleanup
[2023-10-31T08:54:38.609+0000][1645.903s][info ][safepoint     ] Leaving safepoint region
[2023-10-31T08:54:38.610+0000][1645.904s][info ][safepoint     ] Total time for which application threads were stopped: 0.0009627 seconds, Stopping threads took: 0.0004397 seconds
[2023-10-31T08:54:39.610+0000][1646.904s][debug][safepoint     ] Safepoint synchronization initiated. (186 threads)
[2023-10-31T08:54:39.611+0000][1646.905s][info ][safepoint     ] Application time: 1.0011779 seconds
[2023-10-31T08:54:39.612+0000][1646.906s][info ][safepoint     ] Entering safepoint region: Cleanup
[2023-10-31T08:54:39.613+0000][1646.907s][info ][safepoint     ] Leaving safepoint region
[2023-10-31T08:54:39.614+0000][1646.908s][info ][safepoint     ] Total time for which application threads were stopped: 0.0020117 seconds, Stopping threads took: 0.0009174 seconds
[2023-10-31T08:54:40.615+0000][1647.909s][debug][safepoint     ] Safepoint synchronization initiated. (185 threads)
[2023-10-31T08:54:40.616+0000][1647.910s][info ][safepoint     ] Application time: 1.0011583 seconds
[2023-10-31T08:54:40.617+0000][1647.911s][info ][safepoint     ] Entering safepoint region: Cleanup
[2023-10-31T08:54:40.618+0000][1647.912s][info ][safepoint     ] Leaving safepoint region
[2023-10-31T08:54:40.619+0000][1647.913s][info ][safepoint     ] Total time for which application threads were stopped: 0.0019498 seconds, Stopping threads took: 0.0007839 seconds
[2023-10-31T08:54:41.620+0000][1648.914s][debug][safepoint     ] Safepoint synchronization initiated. (185 threads)
[2023-10-31T08:54:41.620+0000][1648.914s][info ][safepoint     ] Application time: 1.0011119 seconds
[2023-10-31T08:54:41.621+0000][1648.915s][info ][safepoint     ] Entering safepoint region: Cleanup
[2023-10-31T08:54:41.622+0000][1648.916s][info ][safepoint     ] Leaving safepoint region
[2023-10-31T08:54:41.622+0000][1648.916s][info ][safepoint     ] Total time for which application threads were stopped: 0.0012676 seconds, Stopping threads took: 0.0006199 seconds
[2023-10-31T08:54:42.623+0000][1649.917s][debug][safepoint     ] Safepoint synchronization initiated. (185 threads)
[2023-10-31T08:54:42.624+0000][1649.918s][info ][safepoint     ] Application time: 1.0011502 seconds
[2023-10-31T08:54:42.625+0000][1649.919s][info ][safepoint     ] Entering safepoint region: Cleanup
[2023-10-31T08:54:42.625+0000][1649.919s][info ][safepoint     ] Leaving safepoint region
[2023-10-31T08:54:42.626+0000][1649.920s][info ][safepoint     ] Total time for which application threads were stopped: 0.0013160 seconds, Stopping threads took: 0.0005072 seconds
[2023-10-31T08:54:43.626+0000][1650.921s][debug][safepoint     ] Safepoint synchronization initiated. (185 threads)
[2023-10-31T08:54:43.627+0000][1650.921s][info ][safepoint     ] Application time: 1.0004802 seconds
[2023-10-31T08:54:43.627+0000][1650.921s][info ][safepoint     ] Entering safepoint region: Cleanup
[2023-10-31T08:54:43.628+0000][1650.922s][info ][safepoint     ] Leaving safepoint region
[2023-10-31T08:54:43.628+0000][1650.922s][info ][safepoint     ] Total time for which application threads were stopped: 0.0009784 seconds, Stopping threads took: 0.0004209 seconds
[2023-10-31T08:54:44.629+0000][1651.923s][debug][safepoint     ] Safepoint synchronization initiated. (185 threads)
[2023-10-31T08:54:44.629+0000][1651.923s][info ][safepoint     ] Application time: 1.0008401 seconds
[2023-10-31T08:54:44.630+0000][1651.924s][info ][safepoint     ] Entering safepoint region: Cleanup
[2023-10-31T08:54:44.631+0000][1651.925s][info ][safepoint     ] Leaving safepoint region
[2023-10-31T08:54:44.631+0000][1651.925s][info ][safepoint     ] Total time for which application threads were stopped: 0.0012232 seconds, Stopping threads took: 0.0005073 seconds
[2023-10-31T08:54:45.632+0000][1652.926s][debug][safepoint     ] Safepoint synchronization initiated. (185 threads)
[2023-10-31T08:54:45.633+0000][1652.927s][info ][safepoint     ] Application time: 1.0015697 seconds
[2023-10-31T08:54:45.634+0000][1652.928s][info ][safepoint     ] Entering safepoint region: Cleanup
[2023-10-31T08:54:45.635+0000][1652.929s][info ][safepoint     ] Leaving safepoint region
[2023-10-31T08:54:45.636+0000][1652.930s][info ][safepoint     ] Total time for which application threads were stopped: 0.0020815 seconds, Stopping threads took: 0.0009192 seconds
[2023-10-31T08:54:46.637+0000][1653.931s][debug][safepoint     ] Safepoint synchronization initiated. (185 threads)
[2023-10-31T08:54:46.638+0000][1653.932s][info ][safepoint     ] Application time: 1.0011925 seconds
[2023-10-31T08:54:46.639+0000][1653.933s][info ][safepoint     ] Entering safepoint region: Cleanup
[2023-10-31T08:54:46.640+0000][1653.934s][info ][safepoint     ] Leaving safepoint region
[2023-10-31T08:54:46.640+0000][1653.935s][info ][safepoint     ] Total time for which application threads were stopped: 0.0014817 seconds, Stopping threads took: 0.0007440 seconds
[2023-10-31T08:54:47.641+0000][1654.935s][debug][safepoint     ] Safepoint synchronization initiated. (185 threads)
[2023-10-31T08:54:47.642+0000][1654.936s][info ][safepoint     ] Application time: 1.0012630 seconds
[2023-10-31T08:54:47.643+0000][1654.937s][info ][safepoint     ] Entering safepoint region: Cleanup
[2023-10-31T08:54:47.644+0000][1654.938s][info ][safepoint     ] Leaving safepoint region
[2023-10-31T08:54:47.645+0000][1654.939s][info ][safepoint     ] Total time for which application threads were stopped: 0.0018430 seconds, Stopping threads took: 0.0007981 seconds
[2023-10-31T08:54:48.646+0000][1655.940s][debug][safepoint     ] Safepoint synchronization initiated. (184 threads)
[2023-10-31T08:54:48.647+0000][1655.941s][info ][safepoint     ] Application time: 1.0011899 seconds
[2023-10-31T08:54:48.647+0000][1655.941s][info ][safepoint     ] Entering safepoint region: Cleanup
[2023-10-31T08:54:48.649+0000][1655.943s][info ][safepoint     ] Leaving safepoint region
[2023-10-31T08:54:48.649+0000][1655.943s][info ][safepoint     ] Total time for which application threads were stopped: 0.0020475 seconds, Stopping threads took: 0.0009335 seconds
[2023-10-31T08:54:49.650+0000][1656.944s][debug][safepoint     ] Safepoint synchronization initiated. (184 threads)
[2023-10-31T08:54:49.651+0000][1656.945s][info ][safepoint     ] Application time: 1.0008640 seconds
[2023-10-31T08:54:49.652+0000][1656.946s][info ][safepoint     ] Entering safepoint region: Cleanup
[2023-10-31T08:54:49.652+0000][1656.946s][info ][safepoint     ] Leaving safepoint region
[2023-10-31T08:54:49.653+0000][1656.947s][info ][safepoint     ] Total time for which application threads were stopped: 0.0011471 seconds, Stopping threads took: 0.0005039 seconds
[2023-10-31T08:54:50.654+0000][1657.948s][debug][safepoint     ] Safepoint synchronization initiated. (184 threads)
[2023-10-31T08:54:50.655+0000][1657.949s][info ][safepoint     ] Application time: 1.0017601 seconds
[2023-10-31T08:54:50.656+0000][1657.950s][info ][safepoint     ] Entering safepoint region: Cleanup
[2023-10-31T08:54:50.657+0000][1657.951s][info ][safepoint     ] Leaving safepoint region
[2023-10-31T08:54:50.658+0000][1657.952s][info ][safepoint     ] Total time for which application threads were stopped: 0.0022451 seconds, Stopping threads took: 0.0009997 seconds
[2023-10-31T08:54:51.659+0000][1658.953s][debug][safepoint     ] Safepoint synchronization initiated. (184 threads)
[2023-10-31T08:54:51.660+0000][1658.954s][info ][safepoint     ] Application time: 1.0013563 seconds
[2023-10-31T08:54:51.661+0000][1658.955s][info ][safepoint     ] Entering safepoint region: Cleanup
[2023-10-31T08:54:51.663+0000][1658.957s][info ][safepoint     ] Leaving safepoint region
[2023-10-31T08:54:51.663+0000][1658.958s][info ][safepoint     ] Total time for which application threads were stopped: 0.0021571 seconds, Stopping threads took: 0.0008592 seconds
[2023-10-31T08:54:51.663+0000][1658.957s][debug][safepoint     ] ... found polling page return exception at pc = 0x00007f62e89d70c4, stub =0x00007f62e0840600
[2023-10-31T08:54:51.663+0000][1658.957s][debug][safepoint     ] ... found polling page return exception at pc = 0x00007f62e89d70c4, stub =0x00007f62e0840600
[2023-10-31T08:54:51.663+0000][1658.957s][debug][safepoint     ] ... found polling page return exception at pc = 0x00007f62e89d70c4, stub =0x00007f62e0840600
[2023-10-31T08:54:51.663+0000][1658.957s][debug][safepoint     ] ... found polling page return exception at pc = 0x00007f62e89d70c4, stub =0x00007f62e0840600
[2023-10-31T08:54:52.664+0000][1659.958s][debug][safepoint     ] Safepoint synchronization initiated. (184 threads)
[2023-10-31T08:54:52.665+0000][1659.959s][info ][safepoint     ] Application time: 1.0007831 seconds
[2023-10-31T08:54:52.665+0000][1659.960s][info ][safepoint     ] Entering safepoint region: Cleanup
[2023-10-31T08:54:52.666+0000][1659.960s][info ][safepoint     ] Leaving safepoint region
[2023-10-31T08:54:52.667+0000][1659.961s][info ][safepoint     ] Total time for which application threads were stopped: 0.0010925 seconds, Stopping threads took: 0.0005132 seconds
[2023-10-31T08:54:53.667+0000][1660.961s][debug][safepoint     ] Safepoint synchronization initiated. (184 threads)
[2023-10-31T08:54:53.668+0000][1660.962s][info ][safepoint     ] Application time: 1.0012535 seconds
[2023-10-31T08:54:53.669+0000][1660.963s][info ][safepoint     ] Entering safepoint region: Cleanup
[2023-10-31T08:54:53.670+0000][1660.964s][info ][safepoint     ] Leaving safepoint region
[2023-10-31T08:54:53.671+0000][1660.965s][info ][safepoint     ] Total time for which application threads were stopped: 0.0020740 seconds, Stopping threads took: 0.0008501 seconds
[2023-10-31T08:54:54.672+0000][1661.966s][debug][safepoint     ] Safepoint synchronization initiated. (183 threads)
[2023-10-31T08:54:54.674+0000][1661.968s][info ][safepoint     ] Application time: 1.0016352 seconds
[2023-10-31T08:54:54.675+0000][1661.969s][info ][safepoint     ] Entering safepoint region: Cleanup
[2023-10-31T08:54:54.676+0000][1661.970s][info ][safepoint     ] Leaving safepoint region
[2023-10-31T08:54:54.677+0000][1661.971s][info ][safepoint     ] Total time for which application threads were stopped: 0.0020463 seconds, Stopping threads took: 0.0009508 seconds
[2023-10-31T08:54:55.678+0000][1662.972s][debug][safepoint     ] Safepoint synchronization initiated. (183 threads)
[2023-10-31T08:54:55.678+0000][1662.973s][info ][safepoint     ] Application time: 1.0007803 seconds
[2023-10-31T08:54:55.679+0000][1662.973s][info ][safepoint     ] Entering safepoint region: Cleanup
[2023-10-31T08:54:55.680+0000][1662.974s][info ][safepoint     ] Leaving safepoint region
[2023-10-31T08:54:55.680+0000][1662.974s][info ][safepoint     ] Total time for which application threads were stopped: 0.0012574 seconds, Stopping threads took: 0.0005672 seconds
[2023-10-31T08:54:55.680+0000][1662.974s][debug][safepoint     ] ... found polling page return exception at pc = 0x00007f62e89d70c4, stub =0x00007f62e0840600
[2023-10-31T08:54:55.680+0000][1662.974s][debug][safepoint     ] ... found polling page return exception at pc = 0x00007f62e89d70c4, stub =0x00007f62e0840600
[2023-10-31T08:54:55.680+0000][1662.974s][debug][safepoint     ] ... found polling page return exception at pc = 0x00007f62e89d70c4, stub =0x00007f62e0840600
[2023-10-31T08:54:55.680+0000][1662.974s][debug][safepoint     ] ... found polling page return exception at pc = 0x00007f62e89d70c4, stub =0x00007f62e0840600
[2023-10-31T08:54:56.681+0000][1663.975s][debug][safepoint     ] Safepoint synchronization initiated. (183 threads)
[2023-10-31T08:54:56.682+0000][1663.976s][info ][safepoint     ] Application time: 1.0006346 seconds
[2023-10-31T08:54:56.682+0000][1663.976s][info ][safepoint     ] Entering safepoint region: Cleanup
[2023-10-31T08:54:56.682+0000][1663.976s][info ][safepoint     ] Leaving safepoint region
[2023-10-31T08:54:56.683+0000][1663.977s][info ][safepoint     ] Total time for which application threads were stopped: 0.0008410 seconds, Stopping threads took: 0.0003640 seconds
[2023-10-31T08:54:57.683+0000][1664.977s][debug][safepoint     ] Safepoint synchronization initiated. (183 threads)
[2023-10-31T08:54:57.685+0000][1664.979s][info ][safepoint     ] Application time: 1.0017184 seconds
[2023-10-31T08:54:57.686+0000][1664.980s][info ][safepoint     ] Entering safepoint region: Cleanup
[2023-10-31T08:54:57.686+0000][1664.980s][info ][safepoint     ] Leaving safepoint region
[2023-10-31T08:54:57.687+0000][1664.981s][info ][safepoint     ] Total time for which application threads were stopped: 0.0014822 seconds, Stopping threads took: 0.0005824 seconds
[2023-10-31T08:54:58.688+0000][1665.982s][debug][safepoint     ] Safepoint synchronization initiated. (183 threads)
[2023-10-31T08:54:58.688+0000][1665.982s][info ][safepoint     ] Application time: 1.0007345 seconds
[2023-10-31T08:54:58.689+0000][1665.983s][info ][safepoint     ] Entering safepoint region: Cleanup
[2023-10-31T08:54:58.689+0000][1665.983s][info ][safepoint     ] Leaving safepoint region
[2023-10-31T08:54:58.689+0000][1665.984s][info ][safepoint     ] Total time for which application threads were stopped: 0.0009418 seconds, Stopping threads took: 0.0004222 seconds
[2023-10-31T08:54:59.690+0000][1666.984s][debug][safepoint     ] Safepoint synchronization initiated. (183 threads)
[2023-10-31T08:54:59.691+0000][1666.985s][info ][safepoint     ] Application time: 1.0007853 seconds
[2023-10-31T08:54:59.691+0000][1666.985s][info ][safepoint     ] Entering safepoint region: Cleanup
[2023-10-31T08:54:59.692+0000][1666.986s][info ][safepoint     ] Leaving safepoint region
[2023-10-31T08:54:59.692+0000][1666.986s][info ][safepoint     ] Total time for which application threads were stopped: 0.0012893 seconds, Stopping threads took: 0.0006154 seconds
[2023-10-31T08:55:00.693+0000][1667.987s][debug][safepoint     ] Safepoint synchronization initiated. (183 threads)
[2023-10-31T08:55:00.694+0000][1667.988s][info ][safepoint     ] Application time: 1.0010101 seconds
[2023-10-31T08:55:00.694+0000][1667.989s][info ][safepoint     ] Entering safepoint region: Cleanup
[2023-10-31T08:55:00.695+0000][1667.989s][info ][safepoint     ] Leaving safepoint region
[2023-10-31T08:55:00.696+0000][1667.990s][info ][safepoint     ] Total time for which application threads were stopped: 0.0011704 seconds, Stopping threads took: 0.0005422 seconds
[2023-10-31T08:55:01.696+0000][1668.990s][debug][safepoint     ] Safepoint synchronization initiated. (183 threads)
[2023-10-31T08:55:01.697+0000][1668.992s][info ][safepoint     ] Application time: 1.0014402 seconds
[2023-10-31T08:55:01.698+0000][1668.993s][info ][safepoint     ] Entering safepoint region: Cleanup
[2023-10-31T08:55:01.700+0000][1668.994s][info ][safepoint     ] Leaving safepoint region
[2023-10-31T08:55:01.700+0000][1668.995s][info ][safepoint     ] Total time for which application threads were stopped: 0.0020623 seconds, Stopping threads took: 0.0009693 seconds
[2023-10-31T08:55:02.701+0000][1669.996s][debug][safepoint     ] Safepoint synchronization initiated. (183 threads)
[2023-10-31T08:55:02.702+0000][1669.996s][info ][safepoint     ] Application time: 1.0007207 seconds
[2023-10-31T08:55:02.702+0000][1669.997s][info ][safepoint     ] Entering safepoint region: Cleanup
[2023-10-31T08:55:02.703+0000][1669.997s][info ][safepoint     ] Leaving safepoint region
[2023-10-31T08:55:02.703+0000][1669.998s][info ][safepoint     ] Total time for which application threads were stopped: 0.0010179 seconds, Stopping threads took: 0.0004437 seconds
[2023-10-31T08:55:03.704+0000][1670.998s][debug][safepoint     ] Safepoint synchronization initiated. (183 threads)
[2023-10-31T08:55:03.704+0000][1670.999s][info ][safepoint     ] Application time: 1.0005858 seconds
[2023-10-31T08:55:03.705+0000][1670.999s][info ][safepoint     ] Entering safepoint region: Cleanup
[2023-10-31T08:55:03.705+0000][1671.000s][info ][safepoint     ] Leaving safepoint region
[2023-10-31T08:55:03.706+0000][1671.000s][info ][safepoint     ] Total time for which application threads were stopped: 0.0009873 seconds, Stopping threads took: 0.0004621 seconds
[2023-10-31T08:55:04.706+0000][1672.000s][debug][safepoint     ] Safepoint synchronization initiated. (183 threads)
[2023-10-31T08:55:04.707+0000][1672.001s][info ][safepoint     ] Application time: 1.0011101 seconds
[2023-10-31T08:55:04.708+0000][1672.002s][info ][safepoint     ] Entering safepoint region: Cleanup
[2023-10-31T08:55:04.709+0000][1672.003s][info ][safepoint     ] Leaving safepoint region
[2023-10-31T08:55:04.709+0000][1672.004s][info ][safepoint     ] Total time for which application threads were stopped: 0.0013573 seconds, Stopping threads took: 0.0005814 seconds
[2023-10-31T08:55:05.710+0000][1673.005s][debug][safepoint     ] Safepoint synchronization initiated. (183 threads)
[2023-10-31T08:55:05.711+0000][1673.005s][info ][safepoint     ] Application time: 1.0012738 seconds
[2023-10-31T08:55:05.712+0000][1673.006s][info ][safepoint     ] Entering safepoint region: Cleanup
[2023-10-31T08:55:05.713+0000][1673.007s][info ][safepoint     ] Leaving safepoint region
[2023-10-31T08:55:05.714+0000][1673.008s][info ][safepoint     ] Total time for which application threads were stopped: 0.0018136 seconds, Stopping threads took: 0.0008014 seconds
[2023-10-31T08:55:06.715+0000][1674.009s][debug][safepoint     ] Safepoint synchronization initiated. (183 threads)
[2023-10-31T08:55:06.715+0000][1674.009s][info ][safepoint     ] Application time: 1.0007628 seconds
[2023-10-31T08:55:06.716+0000][1674.010s][info ][safepoint     ] Entering safepoint region: Cleanup
[2023-10-31T08:55:06.716+0000][1674.010s][info ][safepoint     ] Leaving safepoint region
[2023-10-31T08:55:06.717+0000][1674.011s][info ][safepoint     ] Total time for which application threads were stopped: 0.0010165 seconds, Stopping threads took: 0.0004788 seconds
[2023-10-31T08:55:07.717+0000][1675.011s][debug][safepoint     ] Safepoint synchronization initiated. (183 threads)
[2023-10-31T08:55:07.718+0000][1675.012s][info ][safepoint     ] Application time: 1.0009249 seconds
[2023-10-31T08:55:07.719+0000][1675.013s][info ][safepoint     ] Entering safepoint region: Cleanup
[2023-10-31T08:55:07.719+0000][1675.013s][info ][safepoint     ] Leaving safepoint region
[2023-10-31T08:55:07.720+0000][1675.014s][info ][safepoint     ] Total time for which application threads were stopped: 0.0012826 seconds, Stopping threads took: 0.0005704 seconds
[2023-10-31T08:55:08.720+0000][1676.014s][debug][safepoint     ] Safepoint synchronization initiated. (183 threads)
[2023-10-31T08:55:08.721+0000][1676.015s][info ][safepoint     ] Application time: 1.0008193 seconds
[2023-10-31T08:55:08.722+0000][1676.016s][info ][safepoint     ] Entering safepoint region: Cleanup
[2023-10-31T08:55:08.722+0000][1676.016s][info ][safepoint     ] Leaving safepoint region
[2023-10-31T08:55:08.723+0000][1676.017s][info ][safepoint     ] Total time for which application threads were stopped: 0.0012141 seconds, Stopping threads took: 0.0005158 seconds
[2023-10-31T08:55:09.724+0000][1677.018s][debug][safepoint     ] Safepoint synchronization initiated. (183 threads)
[2023-10-31T08:55:09.724+0000][1677.019s][info ][safepoint     ] Application time: 1.0009093 seconds
[2023-10-31T08:55:09.725+0000][1677.019s][info ][safepoint     ] Entering safepoint region: Cleanup
[2023-10-31T08:55:09.726+0000][1677.020s][info ][safepoint     ] Leaving safepoint region
[2023-10-31T08:55:09.726+0000][1677.020s][info ][safepoint     ] Total time for which application threads were stopped: 0.0011959 seconds, Stopping threads took: 0.0005775 seconds
[2023-10-31T08:55:10.727+0000][1678.021s][debug][safepoint     ] Safepoint synchronization initiated. (183 threads)
[2023-10-31T08:55:10.728+0000][1678.022s][info ][safepoint     ] Application time: 1.0010499 seconds
[2023-10-31T08:55:10.728+0000][1678.022s][info ][safepoint     ] Entering safepoint region: Cleanup
[2023-10-31T08:55:10.729+0000][1678.023s][info ][safepoint     ] Leaving safepoint region
[2023-10-31T08:55:10.730+0000][1678.024s][info ][safepoint     ] Total time for which application threads were stopped: 0.0013467 seconds, Stopping threads took: 0.0006168 seconds
[2023-10-31T08:55:11.730+0000][1679.024s][debug][safepoint     ] Safepoint synchronization initiated. (183 threads)
[2023-10-31T08:55:11.732+0000][1679.026s][info ][safepoint     ] Application time: 1.0014701 seconds
[2023-10-31T08:55:11.733+0000][1679.027s][info ][safepoint     ] Entering safepoint region: Cleanup
[2023-10-31T08:55:11.734+0000][1679.028s][info ][safepoint     ] Leaving safepoint region
[2023-10-31T08:55:11.735+0000][1679.029s][info ][safepoint     ] Total time for which application threads were stopped: 0.0019413 seconds, Stopping threads took: 0.0008476 seconds
[2023-10-31T08:55:12.736+0000][1680.030s][debug][safepoint     ] Safepoint synchronization initiated. (183 threads)
[2023-10-31T08:55:12.736+0000][1680.030s][info ][safepoint     ] Application time: 1.0007204 seconds
[2023-10-31T08:55:12.737+0000][1680.031s][info ][safepoint     ] Entering safepoint region: Cleanup
[2023-10-31T08:55:12.737+0000][1680.032s][info ][safepoint     ] Leaving safepoint region
[2023-10-31T08:55:12.738+0000][1680.032s][info ][safepoint     ] Total time for which application threads were stopped: 0.0013682 seconds, Stopping threads took: 0.0005676 seconds
[2023-10-31T08:55:13.739+0000][1681.033s][debug][safepoint     ] Safepoint synchronization initiated. (183 threads)
[2023-10-31T08:55:13.739+0000][1681.033s][info ][safepoint     ] Application time: 1.0007879 seconds
[2023-10-31T08:55:13.740+0000][1681.034s][info ][safepoint     ] Entering safepoint region: Cleanup
[2023-10-31T08:55:13.740+0000][1681.034s][info ][safepoint     ] Leaving safepoint region
[2023-10-31T08:55:13.741+0000][1681.035s][info ][safepoint     ] Total time for which application threads were stopped: 0.0009493 seconds, Stopping threads took: 0.0004311 seconds
[2023-10-31T08:55:14.741+0000][1682.035s][debug][safepoint     ] Safepoint synchronization initiated. (183 threads)
[2023-10-31T08:55:14.742+0000][1682.036s][info ][safepoint     ] Application time: 1.0006160 seconds
[2023-10-31T08:55:14.742+0000][1682.036s][debug][safepoint     ] Waiting for 1 thread(s) to block
[2023-10-31T08:55:14.743+0000][1682.037s][info ][safepoint     ] Entering safepoint region: Cleanup
[2023-10-31T08:55:14.744+0000][1682.038s][info ][safepoint     ] Leaving safepoint region
[2023-10-31T08:55:14.744+0000][1682.039s][info ][safepoint     ] Total time for which application threads were stopped: 0.0025553 seconds, Stopping threads took: 0.0018176 seconds
[2023-10-31T08:55:15.745+0000][1683.039s][debug][safepoint     ] Safepoint synchronization initiated. (183 threads)
[2023-10-31T08:55:15.746+0000][1683.040s][info ][safepoint     ] Application time: 1.0009336 seconds
[2023-10-31T08:55:15.747+0000][1683.041s][debug][safepoint     ] ... found polling page return exception at pc = 0x00007f62e9409c1b, stub =0x00007f62e0840600
[2023-10-31T08:55:15.747+0000][1683.041s][debug][safepoint     ] Waiting for 1 thread(s) to block
[2023-10-31T08:55:15.748+0000][1683.042s][info ][safepoint     ] Entering safepoint region: Cleanup
[2023-10-31T08:55:15.749+0000][1683.043s][info ][safepoint     ] Leaving safepoint region
[2023-10-31T08:55:15.749+0000][1683.043s][info ][safepoint     ] Total time for which application threads were stopped: 0.0023604 seconds, Stopping threads took: 0.0017174 seconds
[2023-10-31T08:55:16.750+0000][1684.044s][debug][safepoint     ] Safepoint synchronization initiated. (184 threads)
[2023-10-31T08:55:16.750+0000][1684.044s][info ][safepoint     ] Application time: 1.0008533 seconds
[2023-10-31T08:55:16.751+0000][1684.045s][info ][safepoint     ] Entering safepoint region: Cleanup
[2023-10-31T08:55:16.751+0000][1684.045s][info ][safepoint     ] Leaving safepoint region
[2023-10-31T08:55:16.752+0000][1684.046s][info ][safepoint     ] Total time for which application threads were stopped: 0.0012763 seconds, Stopping threads took: 0.0005058 seconds
[2023-10-31T08:55:17.752+0000][1685.047s][debug][safepoint     ] Safepoint synchronization initiated. (184 threads)
[2023-10-31T08:55:17.753+0000][1685.047s][info ][safepoint     ] Application time: 1.0006617 seconds
[2023-10-31T08:55:17.753+0000][1685.048s][info ][safepoint     ] Entering safepoint region: Cleanup
[2023-10-31T08:55:17.754+0000][1685.048s][info ][safepoint     ] Leaving safepoint region
[2023-10-31T08:55:17.754+0000][1685.049s][info ][safepoint     ] Total time for which application threads were stopped: 0.0010386 seconds, Stopping threads took: 0.0004215 seconds
[2023-10-31T08:55:18.755+0000][1686.049s][debug][safepoint     ] Safepoint synchronization initiated. (184 threads)
[2023-10-31T08:55:18.756+0000][1686.050s][info ][safepoint     ] Application time: 1.0007845 seconds
[2023-10-31T08:55:18.756+0000][1686.050s][info ][safepoint     ] Entering safepoint region: Cleanup
[2023-10-31T08:55:18.757+0000][1686.051s][info ][safepoint     ] Leaving safepoint region
[2023-10-31T08:55:18.757+0000][1686.051s][info ][safepoint     ] Total time for which application threads were stopped: 0.0010367 seconds, Stopping threads took: 0.0004054 seconds
[2023-10-31T08:55:19.757+0000][1687.052s][debug][safepoint     ] Safepoint synchronization initiated. (184 threads)
[2023-10-31T08:55:19.758+0000][1687.052s][info ][safepoint     ] Application time: 1.0007911 seconds
[2023-10-31T08:55:19.759+0000][1687.053s][info ][safepoint     ] Entering safepoint region: Cleanup
[2023-10-31T08:55:19.759+0000][1687.053s][info ][safepoint     ] Leaving safepoint region
[2023-10-31T08:55:19.760+0000][1687.054s][info ][safepoint     ] Total time for which application threads were stopped: 0.0010163 seconds, Stopping threads took: 0.0004341 seconds
[2023-10-31T08:55:20.760+0000][1688.054s][debug][safepoint     ] Safepoint synchronization initiated. (185 threads)
[2023-10-31T08:55:20.761+0000][1688.055s][info ][safepoint     ] Application time: 1.0008256 seconds
[2023-10-31T08:55:20.761+0000][1688.055s][info ][safepoint     ] Entering safepoint region: Cleanup
[2023-10-31T08:55:20.762+0000][1688.056s][info ][safepoint     ] Leaving safepoint region
[2023-10-31T08:55:20.762+0000][1688.057s][info ][safepoint     ] Total time for which application threads were stopped: 0.0012330 seconds, Stopping threads took: 0.0004588 seconds
[2023-10-31T08:55:21.763+0000][1689.057s][debug][safepoint     ] Safepoint synchronization initiated. (185 threads)
[2023-10-31T08:55:21.764+0000][1689.058s][info ][safepoint     ] Application time: 1.0006474 seconds
[2023-10-31T08:55:21.764+0000][1689.058s][info ][safepoint     ] Entering safepoint region: Cleanup
[2023-10-31T08:55:21.765+0000][1689.059s][info ][safepoint     ] Leaving safepoint region
[2023-10-31T08:55:21.765+0000][1689.059s][info ][safepoint     ] Total time for which application threads were stopped: 0.0009429 seconds, Stopping threads took: 0.0004036 seconds
[2023-10-31T08:55:22.766+0000][1690.060s][debug][safepoint     ] Safepoint synchronization initiated. (185 threads)
[2023-10-31T08:55:22.766+0000][1690.060s][info ][safepoint     ] Application time: 1.0008411 seconds
[2023-10-31T08:55:22.767+0000][1690.061s][info ][safepoint     ] Entering safepoint region: Cleanup
[2023-10-31T08:55:22.768+0000][1690.062s][info ][safepoint     ] Leaving safepoint region
[2023-10-31T08:55:22.768+0000][1690.062s][info ][safepoint     ] Total time for which application threads were stopped: 0.0013874 seconds, Stopping threads took: 0.0006502 seconds
[2023-10-31T08:55:23.769+0000][1691.063s][debug][safepoint     ] Safepoint synchronization initiated. (185 threads)
[2023-10-31T08:55:23.770+0000][1691.064s][info ][safepoint     ] Application time: 1.0011670 seconds
[2023-10-31T08:55:23.771+0000][1691.065s][info ][safepoint     ] Entering safepoint region: Cleanup
[2023-10-31T08:55:23.772+0000][1691.066s][info ][safepoint     ] Leaving safepoint region
[2023-10-31T08:55:23.773+0000][1691.067s][info ][safepoint     ] Total time for which application threads were stopped: 0.0021522 seconds, Stopping threads took: 0.0009164 seconds
[2023-10-31T08:55:24.774+0000][1692.068s][debug][safepoint     ] Safepoint synchronization initiated. (185 threads)
[2023-10-31T08:55:24.774+0000][1692.068s][info ][safepoint     ] Application time: 1.0008191 seconds
[2023-10-31T08:55:24.775+0000][1692.069s][info ][safepoint     ] Entering safepoint region: Cleanup
[2023-10-31T08:55:24.775+0000][1692.069s][info ][safepoint     ] Leaving safepoint region
[2023-10-31T08:55:24.776+0000][1692.070s][info ][safepoint     ] Total time for which application threads were stopped: 0.0009733 seconds, Stopping threads took: 0.0003998 seconds
[2023-10-31T08:55:25.776+0000][1693.070s][debug][safepoint     ] Safepoint synchronization initiated. (185 threads)
[2023-10-31T08:55:25.777+0000][1693.071s][info ][safepoint     ] Application time: 1.0011501 seconds
[2023-10-31T08:55:25.778+0000][1693.072s][info ][safepoint     ] Entering safepoint region: Cleanup
[2023-10-31T08:55:25.779+0000][1693.073s][info ][safepoint     ] Leaving safepoint region
[2023-10-31T08:55:25.780+0000][1693.074s][info ][safepoint     ] Total time for which application threads were stopped: 0.0016464 seconds, Stopping threads took: 0.0007141 seconds
[2023-10-31T08:55:26.781+0000][1694.075s][debug][safepoint     ] Safepoint synchronization initiated. (185 threads)
[2023-10-31T08:55:26.781+0000][1694.075s][info ][safepoint     ] Application time: 1.0009585 seconds
[2023-10-31T08:55:26.782+0000][1694.076s][info ][safepoint     ] Entering safepoint region: Cleanup
[2023-10-31T08:55:26.783+0000][1694.077s][info ][safepoint     ] Leaving safepoint region
[2023-10-31T08:55:26.783+0000][1694.077s][info ][safepoint     ] Total time for which application threads were stopped: 0.0012181 seconds, Stopping threads took: 0.0005260 seconds
[2023-10-31T08:55:27.784+0000][1695.078s][debug][safepoint     ] Safepoint synchronization initiated. (185 threads)
[2023-10-31T08:55:27.784+0000][1695.078s][info ][safepoint     ] Application time: 1.0006961 seconds
[2023-10-31T08:55:27.785+0000][1695.079s][info ][safepoint     ] Entering safepoint region: Cleanup
[2023-10-31T08:55:27.785+0000][1695.079s][info ][safepoint     ] Leaving safepoint region
[2023-10-31T08:55:27.786+0000][1695.080s][info ][safepoint     ] Total time for which application threads were stopped: 0.0010161 seconds, Stopping threads took: 0.0003421 seconds
[2023-10-31T08:55:28.786+0000][1696.080s][debug][safepoint     ] Safepoint synchronization initiated. (186 threads)
[2023-10-31T08:55:28.787+0000][1696.081s][info ][safepoint     ] Application time: 1.0009962 seconds
[2023-10-31T08:55:28.788+0000][1696.082s][info ][safepoint     ] Entering safepoint region: Cleanup
[2023-10-31T08:55:28.789+0000][1696.083s][info ][safepoint     ] Leaving safepoint region
[2023-10-31T08:55:28.789+0000][1696.083s][info ][safepoint     ] Total time for which application threads were stopped: 0.0016097 seconds, Stopping threads took: 0.0007461 seconds
[2023-10-31T08:55:29.790+0000][1697.084s][debug][safepoint     ] Safepoint synchronization initiated. (186 threads)
[2023-10-31T08:55:29.791+0000][1697.085s][info ][safepoint     ] Application time: 1.0009537 seconds
[2023-10-31T08:55:29.791+0000][1697.085s][info ][safepoint     ] Entering safepoint region: Cleanup
[2023-10-31T08:55:29.792+0000][1697.086s][info ][safepoint     ] Leaving safepoint region
[2023-10-31T08:55:29.793+0000][1697.087s][info ][safepoint     ] Total time for which application threads were stopped: 0.0016544 seconds, Stopping threads took: 0.0008157 seconds
[2023-10-31T08:55:30.794+0000][1698.088s][debug][safepoint     ] Safepoint synchronization initiated. (186 threads)
[2023-10-31T08:55:30.794+0000][1698.088s][info ][safepoint     ] Application time: 1.0007029 seconds
[2023-10-31T08:55:30.795+0000][1698.089s][debug][safepoint     ] Waiting for 1 thread(s) to block
[2023-10-31T08:55:30.795+0000][1698.089s][info ][safepoint     ] Entering safepoint region: Cleanup
[2023-10-31T08:55:30.796+0000][1698.090s][info ][safepoint     ] Leaving safepoint region
[2023-10-31T08:55:30.796+0000][1698.090s][info ][safepoint     ] Total time for which application threads were stopped: 0.0015146 seconds, Stopping threads took: 0.0008538 seconds
[2023-10-31T08:55:31.797+0000][1699.091s][debug][safepoint     ] Safepoint synchronization initiated. (186 threads)
[2023-10-31T08:55:31.798+0000][1699.092s][info ][safepoint     ] Application time: 1.0012497 seconds
[2023-10-31T08:55:31.799+0000][1699.093s][info ][safepoint     ] Entering safepoint region: Cleanup
[2023-10-31T08:55:31.800+0000][1699.094s][info ][safepoint     ] Leaving safepoint region
[2023-10-31T08:55:31.800+0000][1699.094s][info ][safepoint     ] Total time for which application threads were stopped: 0.0014867 seconds, Stopping threads took: 0.0005421 seconds
[2023-10-31T08:55:32.801+0000][1700.095s][debug][safepoint     ] Safepoint synchronization initiated. (186 threads)
[2023-10-31T08:55:32.801+0000][1700.095s][info ][safepoint     ] Application time: 1.0005443 seconds
[2023-10-31T08:55:32.802+0000][1700.096s][info ][safepoint     ] Entering safepoint region: Cleanup
[2023-10-31T08:55:32.802+0000][1700.096s][info ][safepoint     ] Leaving safepoint region
[2023-10-31T08:55:32.802+0000][1700.096s][info ][safepoint     ] Total time for which application threads were stopped: 0.0007654 seconds, Stopping threads took: 0.0003223 seconds
[2023-10-31T08:55:33.803+0000][1701.097s][debug][safepoint     ] Safepoint synchronization initiated. (186 threads)
[2023-10-31T08:55:33.804+0000][1701.098s][info ][safepoint     ] Application time: 1.0016419 seconds
[2023-10-31T08:55:33.805+0000][1701.099s][info ][safepoint     ] Entering safepoint region: Cleanup
[2023-10-31T08:55:33.807+0000][1701.101s][info ][safepoint     ] Leaving safepoint region
[2023-10-31T08:55:33.808+0000][1701.102s][info ][safepoint     ] Total time for which application threads were stopped: 0.0022158 seconds, Stopping threads took: 0.0009644 seconds
[2023-10-31T08:55:34.809+0000][1702.103s][debug][safepoint     ] Safepoint synchronization initiated. (186 threads)
[2023-10-31T08:55:34.810+0000][1702.104s][info ][safepoint     ] Application time: 1.0010758 seconds
[2023-10-31T08:55:34.810+0000][1702.104s][info ][safepoint     ] Entering safepoint region: Cleanup
[2023-10-31T08:55:34.811+0000][1702.105s][info ][safepoint     ] Leaving safepoint region
[2023-10-31T08:55:34.812+0000][1702.106s][info ][safepoint     ] Total time for which application threads were stopped: 0.0016543 seconds, Stopping threads took: 0.0005948 seconds
[2023-10-31T08:55:35.812+0000][1703.106s][debug][safepoint     ] Safepoint synchronization initiated. (186 threads)
[2023-10-31T08:55:35.815+0000][1703.109s][info ][safepoint     ] Application time: 1.0023784 seconds
[2023-10-31T08:55:35.817+0000][1703.111s][info ][safepoint     ] Entering safepoint region: Cleanup
[2023-10-31T08:55:35.818+0000][1703.112s][info ][safepoint     ] Leaving safepoint region
[2023-10-31T08:55:35.819+0000][1703.113s][info ][safepoint     ] Total time for which application threads were stopped: 0.0024379 seconds, Stopping threads took: 0.0013549 seconds
[2023-10-31T08:55:36.821+0000][1704.115s][debug][safepoint     ] Safepoint synchronization initiated. (186 threads)
[2023-10-31T08:55:36.821+0000][1704.115s][info ][safepoint     ] Application time: 1.0006429 seconds
[2023-10-31T08:55:36.822+0000][1704.116s][info ][safepoint     ] Entering safepoint region: Cleanup
[2023-10-31T08:55:36.822+0000][1704.116s][info ][safepoint     ] Leaving safepoint region
[2023-10-31T08:55:36.823+0000][1704.117s][info ][safepoint     ] Total time for which application threads were stopped: 0.0010782 seconds, Stopping threads took: 0.0004343 seconds
[2023-10-31T08:55:37.823+0000][1705.117s][debug][safepoint     ] Safepoint synchronization initiated. (186 threads)
[2023-10-31T08:55:37.828+0000][1705.122s][info ][safepoint     ] Application time: 1.0050198 seconds
[2023-10-31T08:55:37.829+0000][1705.123s][info ][safepoint     ] Entering safepoint region: Cleanup
[2023-10-31T08:55:37.833+0000][1705.127s][info ][safepoint     ] Leaving safepoint region
[2023-10-31T08:55:37.837+0000][1705.131s][info ][safepoint     ] Total time for which application threads were stopped: 0.0081271 seconds, Stopping threads took: 0.0035488 seconds
[2023-10-31T08:55:38.839+0000][1706.133s][debug][safepoint     ] Safepoint synchronization initiated. (186 threads)
[2023-10-31T08:55:38.840+0000][1706.134s][info ][safepoint     ] Application time: 1.0014739 seconds
[2023-10-31T08:55:38.841+0000][1706.135s][info ][safepoint     ] Entering safepoint region: Cleanup
[2023-10-31T08:55:38.842+0000][1706.136s][info ][safepoint     ] Leaving safepoint region
[2023-10-31T08:55:38.843+0000][1706.137s][info ][safepoint     ] Total time for which application threads were stopped: 0.0020898 seconds, Stopping threads took: 0.0009850 seconds
[2023-10-31T08:55:39.844+0000][1707.138s][debug][safepoint     ] Safepoint synchronization initiated. (186 threads)
[2023-10-31T08:55:39.844+0000][1707.138s][info ][safepoint     ] Application time: 1.0008561 seconds
[2023-10-31T08:55:39.845+0000][1707.139s][info ][safepoint     ] Entering safepoint region: Cleanup
[2023-10-31T08:55:39.846+0000][1707.140s][info ][safepoint     ] Leaving safepoint region
[2023-10-31T08:55:39.846+0000][1707.140s][info ][safepoint     ] Total time for which application threads were stopped: 0.0012521 seconds, Stopping threads took: 0.0006773 seconds
[2023-10-31T08:55:40.847+0000][1708.141s][debug][safepoint     ] Safepoint synchronization initiated. (186 threads)
[2023-10-31T08:55:40.848+0000][1708.142s][info ][safepoint     ] Application time: 1.0011983 seconds
[2023-10-31T08:55:40.849+0000][1708.143s][info ][safepoint     ] Entering safepoint region: Cleanup
[2023-10-31T08:55:40.850+0000][1708.144s][info ][safepoint     ] Leaving safepoint region
[2023-10-31T08:55:40.850+0000][1708.144s][info ][safepoint     ] Total time for which application threads were stopped: 0.0015459 seconds, Stopping threads took: 0.0007280 seconds
[2023-10-31T08:55:41.851+0000][1709.145s][debug][safepoint     ] Safepoint synchronization initiated. (186 threads)
[2023-10-31T08:55:41.851+0000][1709.145s][info ][safepoint     ] Application time: 1.0006027 seconds
[2023-10-31T08:55:41.852+0000][1709.146s][info ][safepoint     ] Entering safepoint region: Cleanup
[2023-10-31T08:55:41.852+0000][1709.146s][info ][safepoint     ] Leaving safepoint region
[2023-10-31T08:55:41.853+0000][1709.147s][info ][safepoint     ] Total time for which application threads were stopped: 0.0010599 seconds, Stopping threads took: 0.0003835 seconds
[2023-10-31T08:55:42.854+0000][1710.148s][debug][safepoint     ] Safepoint synchronization initiated. (186 threads)
[2023-10-31T08:55:42.854+0000][1710.148s][info ][safepoint     ] Application time: 1.0009010 seconds
[2023-10-31T08:55:42.855+0000][1710.149s][info ][safepoint     ] Entering safepoint region: Cleanup
[2023-10-31T08:55:42.856+0000][1710.150s][info ][safepoint     ] Leaving safepoint region
[2023-10-31T08:55:42.856+0000][1710.150s][info ][safepoint     ] Total time for which application threads were stopped: 0.0013283 seconds, Stopping threads took: 0.0004854 seconds
[2023-10-31T08:55:43.857+0000][1711.151s][debug][safepoint     ] Safepoint synchronization initiated. (186 threads)
[2023-10-31T08:55:43.858+0000][1711.152s][info ][safepoint     ] Application time: 1.0008939 seconds
[2023-10-31T08:55:43.858+0000][1711.152s][debug][safepoint     ] ... found polling page loop exception at pc = 0x00007f62e84635a1, stub =0x00007f62e0843680
[2023-10-31T08:55:43.858+0000][1711.152s][debug][safepoint     ] ... found polling page return exception at pc = 0x00007f62e8ad0d76, stub =0x00007f62e0840600
[2023-10-31T08:55:43.859+0000][1711.153s][debug][safepoint     ] Waiting for 2 thread(s) to block
[2023-10-31T08:55:43.860+0000][1711.154s][info ][safepoint     ] Entering safepoint region: Cleanup
[2023-10-31T08:55:43.861+0000][1711.155s][info ][safepoint     ] Leaving safepoint region
[2023-10-31T08:55:43.861+0000][1711.155s][info ][safepoint     ] Total time for which application threads were stopped: 0.0030155 seconds, Stopping threads took: 0.0022819 seconds
[2023-10-31T08:55:44.862+0000][1712.156s][debug][safepoint     ] Safepoint synchronization initiated. (186 threads)
[2023-10-31T08:55:44.863+0000][1712.157s][info ][safepoint     ] Application time: 1.0011725 seconds
[2023-10-31T08:55:44.863+0000][1712.157s][info ][safepoint     ] Entering safepoint region: Cleanup
[2023-10-31T08:55:44.864+0000][1712.158s][info ][safepoint     ] Leaving safepoint region
[2023-10-31T08:55:44.865+0000][1712.159s][info ][safepoint     ] Total time for which application threads were stopped: 0.0013434 seconds, Stopping threads took: 0.0006858 seconds
[2023-10-31T08:55:45.865+0000][1713.159s][debug][safepoint     ] Safepoint synchronization initiated. (186 threads)
[2023-10-31T08:55:45.866+0000][1713.160s][info ][safepoint     ] Application time: 1.0005022 seconds
[2023-10-31T08:55:45.866+0000][1713.160s][info ][safepoint     ] Entering safepoint region: Cleanup
[2023-10-31T08:55:45.866+0000][1713.160s][info ][safepoint     ] Leaving safepoint region
[2023-10-31T08:55:45.867+0000][1713.161s][info ][safepoint     ] Total time for which application threads were stopped: 0.0007532 seconds, Stopping threads took: 0.0003021 seconds
[2023-10-31T08:55:46.867+0000][1714.161s][debug][safepoint     ] Safepoint synchronization initiated. (186 threads)
[2023-10-31T08:55:46.868+0000][1714.162s][info ][safepoint     ] Application time: 1.0007256 seconds
[2023-10-31T08:55:46.868+0000][1714.162s][info ][safepoint     ] Entering safepoint region: Cleanup
[2023-10-31T08:55:46.869+0000][1714.163s][info ][safepoint     ] Leaving safepoint region
[2023-10-31T08:55:46.869+0000][1714.163s][info ][safepoint     ] Total time for which application threads were stopped: 0.0011306 seconds, Stopping threads took: 0.0004755 seconds
[2023-10-31T08:55:47.870+0000][1715.164s][debug][safepoint     ] Safepoint synchronization initiated. (186 threads)
[2023-10-31T08:55:47.870+0000][1715.164s][info ][safepoint     ] Application time: 1.0007439 seconds
[2023-10-31T08:55:47.871+0000][1715.165s][info ][safepoint     ] Entering safepoint region: Cleanup
[2023-10-31T08:55:47.871+0000][1715.165s][info ][safepoint     ] Leaving safepoint region
[2023-10-31T08:55:47.872+0000][1715.166s][info ][safepoint     ] Total time for which application threads were stopped: 0.0010325 seconds, Stopping threads took: 0.0003808 seconds
[2023-10-31T08:55:48.872+0000][1716.166s][debug][safepoint     ] Safepoint synchronization initiated. (186 threads)
[2023-10-31T08:55:48.873+0000][1716.167s][info ][safepoint     ] Application time: 1.0007819 seconds
[2023-10-31T08:55:48.873+0000][1716.167s][info ][safepoint     ] Entering safepoint region: Cleanup
[2023-10-31T08:55:48.875+0000][1716.169s][info ][safepoint     ] Leaving safepoint region
[2023-10-31T08:55:48.876+0000][1716.170s][info ][safepoint     ] Total time for which application threads were stopped: 0.0029698 seconds, Stopping threads took: 0.0009310 seconds
[2023-10-31T08:55:49.513+0000][1716.807s][debug][safepoint     ] Safepoint synchronization initiated. (186 threads)
[2023-10-31T08:55:49.513+0000][1716.807s][info ][safepoint     ] Application time: 0.6363555 seconds
[2023-10-31T08:55:49.514+0000][1716.808s][info ][safepoint     ] Entering safepoint region: G1CollectForAllocation
[2023-10-31T08:55:49.514+0000][1716.808s][info ][gc,start      ] GC(65) Pause Young (Normal) (G1 Evacuation Pause)
[2023-10-31T08:55:49.515+0000][1716.809s][info ][gc,task       ] GC(65) Using 8 workers of 8 for evacuation
[2023-10-31T08:55:49.533+0000][1716.827s][info ][gc,phases     ] GC(65)   Pre Evacuate Collection Set: 0.1ms
[2023-10-31T08:55:49.534+0000][1716.828s][info ][gc,phases     ] GC(65)   Evacuate Collection Set: 13.6ms
[2023-10-31T08:55:49.535+0000][1716.829s][info ][gc,phases     ] GC(65)   Post Evacuate Collection Set: 4.6ms
[2023-10-31T08:55:49.535+0000][1716.829s][info ][gc,phases     ] GC(65)   Other: 0.9ms
[2023-10-31T08:55:49.536+0000][1716.830s][info ][gc,heap       ] GC(65) Eden regions: 209->0(209)
[2023-10-31T08:55:49.536+0000][1716.830s][info ][gc,heap       ] GC(65) Survivor regions: 16->14(29)
[2023-10-31T08:55:49.537+0000][1716.831s][info ][gc,heap       ] GC(65) Old regions: 147->151
[2023-10-31T08:55:49.537+0000][1716.831s][info ][gc,heap       ] GC(65) Humongous regions: 35->35
[2023-10-31T08:55:49.538+0000][1716.832s][info ][gc,metaspace  ] GC(65) Metaspace: 170704K(176464K)->170704K(176464K) NonClass: 150999K(154576K)->150999K(154576K) Class: 19704K(21888K)->19704K(21888K)
[2023-10-31T08:55:49.538+0000][1716.832s][info ][gc            ] GC(65) Pause Young (Normal) (G1 Evacuation Pause) 405M->197M(470M) 23.803ms
[2023-10-31T08:55:49.539+0000][1716.833s][info ][gc,cpu        ] GC(65) User=0.13s Sys=0.00s Real=0.03s
[2023-10-31T08:55:49.539+0000][1716.833s][info ][safepoint     ] Leaving safepoint region
[2023-10-31T08:55:49.540+0000][1716.834s][info ][safepoint     ] Total time for which application threads were stopped: 0.0257930 seconds, Stopping threads took: 0.0003233 seconds
[2023-10-31T08:55:49.540+0000][1716.834s][info ][gc,stringdedup] Concurrent String Deduplication (1716.834s)
[2023-10-31T08:55:49.541+0000][1716.835s][info ][gc,stringdedup] Concurrent String Deduplication 112.0B->112.0B(0.0B) avg 54.3% (1716.834s, 1716.835s) 0.569ms
[2023-10-31T08:55:50.540+0000][1717.834s][debug][safepoint     ] Safepoint synchronization initiated. (186 threads)
[2023-10-31T08:55:50.541+0000][1717.835s][info ][safepoint     ] Application time: 1.0006440 seconds
[2023-10-31T08:55:50.541+0000][1717.835s][info ][safepoint     ] Entering safepoint region: Cleanup
[2023-10-31T08:55:50.541+0000][1717.835s][info ][safepoint     ] Leaving safepoint region
[2023-10-31T08:55:50.542+0000][1717.836s][info ][safepoint     ] Total time for which application threads were stopped: 0.0007587 seconds, Stopping threads took: 0.0002969 seconds
[2023-10-31T08:55:51.542+0000][1718.836s][debug][safepoint     ] Safepoint synchronization initiated. (186 threads)
[2023-10-31T08:55:51.543+0000][1718.837s][info ][safepoint     ] Application time: 1.0006592 seconds
[2023-10-31T08:55:51.543+0000][1718.837s][info ][safepoint     ] Entering safepoint region: Cleanup
[2023-10-31T08:55:51.544+0000][1718.838s][info ][safepoint     ] Leaving safepoint region
[2023-10-31T08:55:51.545+0000][1718.839s][info ][safepoint     ] Total time for which application threads were stopped: 0.0014531 seconds, Stopping threads took: 0.0004336 seconds
[2023-10-31T08:55:52.546+0000][1719.840s][debug][safepoint     ] Safepoint synchronization initiated. (186 threads)
[2023-10-31T08:55:52.549+0000][1719.843s][info ][safepoint     ] Application time: 1.0030374 seconds
[2023-10-31T08:55:52.557+0000][1719.851s][info ][safepoint     ] Entering safepoint region: Cleanup
[2023-10-31T08:55:52.562+0000][1719.856s][info ][safepoint     ] Leaving safepoint region
[2023-10-31T08:55:52.565+0000][1719.859s][info ][safepoint     ] Total time for which application threads were stopped: 0.0075130 seconds, Stopping threads took: 0.0050810 seconds
[2023-10-31T08:55:53.566+0000][1720.860s][debug][safepoint     ] Safepoint synchronization initiated. (186 threads)
[2023-10-31T08:55:53.566+0000][1720.860s][info ][safepoint     ] Application time: 1.0007057 seconds
[2023-10-31T08:55:53.567+0000][1720.861s][info ][safepoint     ] Entering safepoint region: Cleanup
[2023-10-31T08:55:53.569+0000][1720.863s][info ][safepoint     ] Leaving safepoint region
[2023-10-31T08:55:53.569+0000][1720.863s][info ][safepoint     ] Total time for which application threads were stopped: 0.0023130 seconds, Stopping threads took: 0.0014756 seconds
[2023-10-31T08:55:54.570+0000][1721.864s][debug][safepoint     ] Safepoint synchronization initiated. (186 threads)
[2023-10-31T08:55:54.570+0000][1721.864s][info ][safepoint     ] Application time: 1.0008918 seconds
[2023-10-31T08:55:54.571+0000][1721.865s][info ][safepoint     ] Entering safepoint region: Cleanup
[2023-10-31T08:55:54.571+0000][1721.865s][info ][safepoint     ] Leaving safepoint region
[2023-10-31T08:55:54.572+0000][1721.866s][info ][safepoint     ] Total time for which application threads were stopped: 0.0011932 seconds, Stopping threads took: 0.0004647 seconds
[2023-10-31T08:55:55.573+0000][1722.867s][debug][safepoint     ] Safepoint synchronization initiated. (186 threads)
[2023-10-31T08:55:55.573+0000][1722.867s][info ][safepoint     ] Application time: 1.0009700 seconds
[2023-10-31T08:55:55.574+0000][1722.868s][info ][safepoint     ] Entering safepoint region: Cleanup
[2023-10-31T08:55:55.575+0000][1722.869s][info ][safepoint     ] Leaving safepoint region
[2023-10-31T08:55:55.575+0000][1722.869s][info ][safepoint     ] Total time for which application threads were stopped: 0.0011598 seconds, Stopping threads took: 0.0005842 seconds
[2023-10-31T08:55:56.575+0000][1723.869s][debug][safepoint     ] Safepoint synchronization initiated. (186 threads)
[2023-10-31T08:55:56.577+0000][1723.871s][info ][safepoint     ] Application time: 1.0016325 seconds
[2023-10-31T08:55:56.577+0000][1723.871s][info ][safepoint     ] Entering safepoint region: Cleanup
[2023-10-31T08:55:56.578+0000][1723.872s][info ][safepoint     ] Leaving safepoint region
[2023-10-31T08:55:56.579+0000][1723.873s][info ][safepoint     ] Total time for which application threads were stopped: 0.0013328 seconds, Stopping threads took: 0.0004053 seconds
[2023-10-31T08:55:57.579+0000][1724.873s][debug][safepoint     ] Safepoint synchronization initiated. (189 threads)
[2023-10-31T08:55:57.580+0000][1724.874s][info ][safepoint     ] Application time: 1.0008593 seconds
[2023-10-31T08:55:57.581+0000][1724.875s][info ][safepoint     ] Entering safepoint region: Cleanup
[2023-10-31T08:55:57.581+0000][1724.875s][info ][safepoint     ] Leaving safepoint region
[2023-10-31T08:55:57.582+0000][1724.876s][info ][safepoint     ] Total time for which application threads were stopped: 0.0011356 seconds, Stopping threads took: 0.0004540 seconds
[2023-10-31T08:55:58.582+0000][1725.876s][debug][safepoint     ] Safepoint synchronization initiated. (189 threads)
[2023-10-31T08:55:58.583+0000][1725.877s][info ][safepoint     ] Application time: 1.0013391 seconds
[2023-10-31T08:55:58.584+0000][1725.878s][info ][safepoint     ] Entering safepoint region: Cleanup
[2023-10-31T08:55:58.586+0000][1725.880s][info ][safepoint     ] Leaving safepoint region
[2023-10-31T08:55:58.586+0000][1725.880s][info ][safepoint     ] Total time for which application threads were stopped: 0.0021700 seconds, Stopping threads took: 0.0010217 seconds
[2023-10-31T08:55:59.587+0000][1726.881s][debug][safepoint     ] Safepoint synchronization initiated. (189 threads)
[2023-10-31T08:55:59.588+0000][1726.882s][info ][safepoint     ] Application time: 1.0007464 seconds
[2023-10-31T08:55:59.589+0000][1726.883s][info ][safepoint     ] Entering safepoint region: Cleanup
[2023-10-31T08:55:59.590+0000][1726.884s][info ][safepoint     ] Leaving safepoint region
[2023-10-31T08:55:59.591+0000][1726.885s][info ][safepoint     ] Total time for which application threads were stopped: 0.0026302 seconds, Stopping threads took: 0.0008115 seconds
[2023-10-31T08:56:00.592+0000][1727.886s][debug][safepoint     ] Safepoint synchronization initiated. (189 threads)
[2023-10-31T08:56:00.593+0000][1727.886s][info ][safepoint     ] Application time: 1.0005729 seconds
[2023-10-31T08:56:00.593+0000][1727.887s][info ][safepoint     ] Entering safepoint region: Cleanup
[2023-10-31T08:56:00.594+0000][1727.888s][info ][safepoint     ] Leaving safepoint region
[2023-10-31T08:56:00.594+0000][1727.888s][info ][safepoint     ] Total time for which application threads were stopped: 0.0012099 seconds, Stopping threads took: 0.0006095 seconds
[2023-10-31T08:56:01.595+0000][1728.889s][debug][safepoint     ] Safepoint synchronization initiated. (189 threads)
[2023-10-31T08:56:01.595+0000][1728.889s][info ][safepoint     ] Application time: 1.0009721 seconds
[2023-10-31T08:56:01.596+0000][1728.890s][info ][safepoint     ] Entering safepoint region: Cleanup
[2023-10-31T08:56:01.597+0000][1728.891s][info ][safepoint     ] Leaving safepoint region
[2023-10-31T08:56:01.598+0000][1728.892s][info ][safepoint     ] Total time for which application threads were stopped: 0.0018943 seconds, Stopping threads took: 0.0005364 seconds
[2023-10-31T08:56:02.599+0000][1729.893s][debug][safepoint     ] Safepoint synchronization initiated. (189 threads)
[2023-10-31T08:56:02.600+0000][1729.894s][info ][safepoint     ] Application time: 1.0007570 seconds
[2023-10-31T08:56:02.600+0000][1729.894s][info ][safepoint     ] Entering safepoint region: Cleanup
[2023-10-31T08:56:02.601+0000][1729.895s][info ][safepoint     ] Leaving safepoint region
[2023-10-31T08:56:02.601+0000][1729.895s][info ][safepoint     ] Total time for which application threads were stopped: 0.0010427 seconds, Stopping threads took: 0.0004750 seconds
[2023-10-31T08:56:03.602+0000][1730.896s][debug][safepoint     ] Safepoint synchronization initiated. (189 threads)
[2023-10-31T08:56:03.602+0000][1730.896s][info ][safepoint     ] Application time: 1.0006892 seconds
[2023-10-31T08:56:03.603+0000][1730.897s][info ][safepoint     ] Entering safepoint region: Cleanup
[2023-10-31T08:56:03.603+0000][1730.897s][info ][safepoint     ] Leaving safepoint region
[2023-10-31T08:56:03.604+0000][1730.898s][info ][safepoint     ] Total time for which application threads were stopped: 0.0011506 seconds, Stopping threads took: 0.0005464 seconds
[2023-10-31T08:56:04.605+0000][1731.899s][debug][safepoint     ] Safepoint synchronization initiated. (189 threads)
[2023-10-31T08:56:04.606+0000][1731.900s][info ][safepoint     ] Application time: 1.0013969 seconds
[2023-10-31T08:56:04.606+0000][1731.900s][info ][safepoint     ] Entering safepoint region: Cleanup
[2023-10-31T08:56:04.608+0000][1731.902s][info ][safepoint     ] Leaving safepoint region
[2023-10-31T08:56:04.609+0000][1731.903s][info ][safepoint     ] Total time for which application threads were stopped: 0.0022053 seconds, Stopping threads took: 0.0010694 seconds
[2023-10-31T08:56:05.610+0000][1732.904s][debug][safepoint     ] Safepoint synchronization initiated. (189 threads)
[2023-10-31T08:56:05.610+0000][1732.904s][info ][safepoint     ] Application time: 1.0007635 seconds
[2023-10-31T08:56:05.611+0000][1732.905s][info ][safepoint     ] Entering safepoint region: Cleanup
[2023-10-31T08:56:05.611+0000][1732.905s][info ][safepoint     ] Leaving safepoint region
[2023-10-31T08:56:05.612+0000][1732.906s][info ][safepoint     ] Total time for which application threads were stopped: 0.0009810 seconds, Stopping threads took: 0.0003680 seconds
[2023-10-31T08:56:06.612+0000][1733.906s][debug][safepoint     ] Safepoint synchronization initiated. (189 threads)
[2023-10-31T08:56:06.614+0000][1733.908s][info ][safepoint     ] Application time: 1.0014828 seconds
[2023-10-31T08:56:06.615+0000][1733.909s][info ][safepoint     ] Entering safepoint region: Cleanup
[2023-10-31T08:56:06.616+0000][1733.910s][info ][safepoint     ] Leaving safepoint region
[2023-10-31T08:56:06.617+0000][1733.910s][info ][safepoint     ] Total time for which application threads were stopped: 0.0020034 seconds, Stopping threads took: 0.0008689 seconds
[2023-10-31T08:56:07.618+0000][1734.912s][debug][safepoint     ] Safepoint synchronization initiated. (189 threads)
[2023-10-31T08:56:07.618+0000][1734.912s][info ][safepoint     ] Application time: 1.0007683 seconds
[2023-10-31T08:56:07.619+0000][1734.913s][info ][safepoint     ] Entering safepoint region: Cleanup
[2023-10-31T08:56:07.619+0000][1734.913s][info ][safepoint     ] Leaving safepoint region
[2023-10-31T08:56:07.620+0000][1734.914s][info ][safepoint     ] Total time for which application threads were stopped: 0.0010676 seconds, Stopping threads took: 0.0004534 seconds
[2023-10-31T08:56:08.620+0000][1735.914s][debug][safepoint     ] Safepoint synchronization initiated. (189 threads)
[2023-10-31T08:56:08.621+0000][1735.915s][info ][safepoint     ] Application time: 1.0012372 seconds
[2023-10-31T08:56:08.622+0000][1735.916s][info ][safepoint     ] Entering safepoint region: Cleanup
[2023-10-31T08:56:08.623+0000][1735.917s][info ][safepoint     ] Leaving safepoint region
[2023-10-31T08:56:08.624+0000][1735.918s][info ][safepoint     ] Total time for which application threads were stopped: 0.0020675 seconds, Stopping threads took: 0.0008706 seconds
[2023-10-31T08:56:09.625+0000][1736.919s][debug][safepoint     ] Safepoint synchronization initiated. (189 threads)
[2023-10-31T08:56:09.626+0000][1736.920s][info ][safepoint     ] Application time: 1.0013896 seconds
[2023-10-31T08:56:09.627+0000][1736.921s][info ][safepoint     ] Entering safepoint region: Cleanup
[2023-10-31T08:56:09.629+0000][1736.923s][info ][safepoint     ] Leaving safepoint region
[2023-10-31T08:56:09.630+0000][1736.924s][info ][safepoint     ] Total time for which application threads were stopped: 0.0024909 seconds, Stopping threads took: 0.0011146 seconds
[2023-10-31T08:56:10.631+0000][1737.925s][debug][safepoint     ] Safepoint synchronization initiated. (189 threads)
[2023-10-31T08:56:10.632+0000][1737.926s][info ][safepoint     ] Application time: 1.0010354 seconds
[2023-10-31T08:56:10.632+0000][1737.926s][info ][safepoint     ] Entering safepoint region: Cleanup
[2023-10-31T08:56:10.633+0000][1737.927s][info ][safepoint     ] Leaving safepoint region
[2023-10-31T08:56:10.634+0000][1737.928s][info ][safepoint     ] Total time for which application threads were stopped: 0.0014668 seconds, Stopping threads took: 0.0006102 seconds
[2023-10-31T08:56:11.635+0000][1738.929s][debug][safepoint     ] Safepoint synchronization initiated. (189 threads)
[2023-10-31T08:56:11.635+0000][1738.929s][info ][safepoint     ] Application time: 1.0006553 seconds
[2023-10-31T08:56:11.636+0000][1738.930s][info ][safepoint     ] Entering safepoint region: Cleanup
[2023-10-31T08:56:11.636+0000][1738.930s][info ][safepoint     ] Leaving safepoint region
[2023-10-31T08:56:11.637+0000][1738.931s][info ][safepoint     ] Total time for which application threads were stopped: 0.0011452 seconds, Stopping threads took: 0.0004560 seconds
[2023-10-31T08:56:12.638+0000][1739.932s][debug][safepoint     ] Safepoint synchronization initiated. (189 threads)
[2023-10-31T08:56:12.642+0000][1739.936s][info ][safepoint     ] Application time: 1.0044814 seconds
[2023-10-31T08:56:12.643+0000][1739.937s][info ][safepoint     ] Entering safepoint region: Cleanup
[2023-10-31T08:56:12.643+0000][1739.937s][info ][safepoint     ] Leaving safepoint region
[2023-10-31T08:56:12.644+0000][1739.938s][info ][safepoint     ] Total time for which application threads were stopped: 0.0013243 seconds, Stopping threads took: 0.0006587 seconds
[2023-10-31T08:56:13.644+0000][1740.938s][debug][safepoint     ] Safepoint synchronization initiated. (189 threads)
[2023-10-31T08:56:13.645+0000][1740.939s][info ][safepoint     ] Application time: 1.0005536 seconds
[2023-10-31T08:56:13.645+0000][1740.939s][info ][safepoint     ] Entering safepoint region: Cleanup
[2023-10-31T08:56:13.646+0000][1740.940s][info ][safepoint     ] Leaving safepoint region
[2023-10-31T08:56:13.646+0000][1740.940s][info ][safepoint     ] Total time for which application threads were stopped: 0.0008443 seconds, Stopping threads took: 0.0003585 seconds
[2023-10-31T08:56:14.646+0000][1741.940s][debug][safepoint     ] Safepoint synchronization initiated. (189 threads)
[2023-10-31T08:56:14.647+0000][1741.941s][info ][safepoint     ] Application time: 1.0005418 seconds
[2023-10-31T08:56:14.647+0000][1741.941s][info ][safepoint     ] Entering safepoint region: Cleanup
[2023-10-31T08:56:14.648+0000][1741.942s][info ][safepoint     ] Leaving safepoint region
[2023-10-31T08:56:14.648+0000][1741.942s][info ][safepoint     ] Total time for which application threads were stopped: 0.0008159 seconds, Stopping threads took: 0.0003422 seconds
[2023-10-31T08:56:15.649+0000][1742.943s][debug][safepoint     ] Safepoint synchronization initiated. (189 threads)
[2023-10-31T08:56:15.650+0000][1742.944s][info ][safepoint     ] Application time: 1.0013001 seconds
[2023-10-31T08:56:15.651+0000][1742.945s][info ][safepoint     ] Entering safepoint region: Cleanup
[2023-10-31T08:56:15.652+0000][1742.946s][info ][safepoint     ] Leaving safepoint region
[2023-10-31T08:56:15.652+0000][1742.946s][info ][safepoint     ] Total time for which application threads were stopped: 0.0019168 seconds, Stopping threads took: 0.0009060 seconds
[2023-10-31T08:56:16.653+0000][1743.947s][debug][safepoint     ] Safepoint synchronization initiated. (189 threads)
[2023-10-31T08:56:16.654+0000][1743.948s][info ][safepoint     ] Application time: 1.0008972 seconds
[2023-10-31T08:56:16.655+0000][1743.949s][info ][safepoint     ] Entering safepoint region: Cleanup
[2023-10-31T08:56:16.655+0000][1743.949s][info ][safepoint     ] Leaving safepoint region
[2023-10-31T08:56:16.656+0000][1743.950s][info ][safepoint     ] Total time for which application threads were stopped: 0.0013331 seconds, Stopping threads took: 0.0005901 seconds
[2023-10-31T08:56:17.657+0000][1744.951s][debug][safepoint     ] Safepoint synchronization initiated. (189 threads)
[2023-10-31T08:56:17.658+0000][1744.952s][info ][safepoint     ] Application time: 1.0011101 seconds
[2023-10-31T08:56:17.658+0000][1744.952s][info ][safepoint     ] Entering safepoint region: Cleanup
[2023-10-31T08:56:17.659+0000][1744.953s][info ][safepoint     ] Leaving safepoint region
[2023-10-31T08:56:17.659+0000][1744.953s][info ][safepoint     ] Total time for which application threads were stopped: 0.0012267 seconds, Stopping threads took: 0.0004933 seconds
[2023-10-31T08:56:18.660+0000][1745.954s][debug][safepoint     ] Safepoint synchronization initiated. (189 threads)
[2023-10-31T08:56:18.661+0000][1745.955s][info ][safepoint     ] Application time: 1.0014059 seconds
[2023-10-31T08:56:18.662+0000][1745.956s][info ][safepoint     ] Entering safepoint region: Cleanup
[2023-10-31T08:56:18.664+0000][1745.958s][info ][safepoint     ] Leaving safepoint region
[2023-10-31T08:56:18.665+0000][1745.959s][info ][safepoint     ] Total time for which application threads were stopped: 0.0023550 seconds, Stopping threads took: 0.0010761 seconds
[2023-10-31T08:56:19.666+0000][1746.960s][debug][safepoint     ] Safepoint synchronization initiated. (189 threads)
[2023-10-31T08:56:19.667+0000][1746.961s][info ][safepoint     ] Application time: 1.0013893 seconds
[2023-10-31T08:56:19.668+0000][1746.962s][info ][safepoint     ] Entering safepoint region: Cleanup
[2023-10-31T08:56:19.669+0000][1746.963s][info ][safepoint     ] Leaving safepoint region
[2023-10-31T08:56:19.670+0000][1746.964s][info ][safepoint     ] Total time for which application threads were stopped: 0.0021396 seconds, Stopping threads took: 0.0009015 seconds
[2023-10-31T08:56:20.671+0000][1747.965s][debug][safepoint     ] Safepoint synchronization initiated. (189 threads)
[2023-10-31T08:56:20.672+0000][1747.966s][info ][safepoint     ] Application time: 1.0006548 seconds
[2023-10-31T08:56:20.672+0000][1747.966s][info ][safepoint     ] Entering safepoint region: Cleanup
[2023-10-31T08:56:20.673+0000][1747.967s][info ][safepoint     ] Leaving safepoint region
[2023-10-31T08:56:20.673+0000][1747.967s][info ][safepoint     ] Total time for which application threads were stopped: 0.0010095 seconds, Stopping threads took: 0.0004234 seconds
[2023-10-31T08:56:21.674+0000][1748.968s][debug][safepoint     ] Safepoint synchronization initiated. (189 threads)
[2023-10-31T08:56:21.689+0000][1748.983s][info ][safepoint     ] Application time: 1.0152047 seconds
[2023-10-31T08:56:21.689+0000][1748.983s][info ][safepoint     ] Entering safepoint region: Cleanup
[2023-10-31T08:56:21.690+0000][1748.984s][info ][safepoint     ] Leaving safepoint region
[2023-10-31T08:56:21.690+0000][1748.984s][info ][safepoint     ] Total time for which application threads were stopped: 0.0012400 seconds, Stopping threads took: 0.0005590 seconds
[2023-10-31T08:56:22.691+0000][1749.985s][debug][safepoint     ] Safepoint synchronization initiated. (189 threads)
[2023-10-31T08:56:22.693+0000][1749.987s][info ][safepoint     ] Application time: 1.0015512 seconds
[2023-10-31T08:56:22.694+0000][1749.988s][info ][safepoint     ] Entering safepoint region: Cleanup
[2023-10-31T08:56:22.695+0000][1749.989s][info ][safepoint     ] Leaving safepoint region
[2023-10-31T08:56:22.696+0000][1749.990s][info ][safepoint     ] Total time for which application threads were stopped: 0.0025872 seconds, Stopping threads took: 0.0010041 seconds
[2023-10-31T08:56:23.697+0000][1750.991s][debug][safepoint     ] Safepoint synchronization initiated. (189 threads)
[2023-10-31T08:56:23.698+0000][1750.992s][info ][safepoint     ] Application time: 1.0011292 seconds
[2023-10-31T08:56:23.699+0000][1750.993s][info ][safepoint     ] Entering safepoint region: Cleanup
[2023-10-31T08:56:23.700+0000][1750.994s][info ][safepoint     ] Leaving safepoint region
[2023-10-31T08:56:23.701+0000][1750.995s][info ][safepoint     ] Total time for which application threads were stopped: 0.0020816 seconds, Stopping threads took: 0.0008983 seconds
[2023-10-31T08:56:24.702+0000][1751.996s][debug][safepoint     ] Safepoint synchronization initiated. (189 threads)
[2023-10-31T08:56:24.703+0000][1751.997s][info ][safepoint     ] Application time: 1.0012262 seconds
[2023-10-31T08:56:24.704+0000][1751.998s][debug][safepoint     ] Waiting for 1 thread(s) to block
[2023-10-31T08:56:24.705+0000][1751.999s][info ][safepoint     ] Entering safepoint region: Cleanup
[2023-10-31T08:56:24.706+0000][1752.000s][info ][safepoint     ] Leaving safepoint region
[2023-10-31T08:56:24.707+0000][1752.001s][info ][safepoint     ] Total time for which application threads were stopped: 0.0029728 seconds, Stopping threads took: 0.0019643 seconds
[2023-10-31T08:56:25.708+0000][1753.002s][debug][safepoint     ] Safepoint synchronization initiated. (189 threads)
[2023-10-31T08:56:25.708+0000][1753.002s][info ][safepoint     ] Application time: 1.0006810 seconds
[2023-10-31T08:56:25.709+0000][1753.003s][info ][safepoint     ] Entering safepoint region: Cleanup
[2023-10-31T08:56:25.709+0000][1753.003s][info ][safepoint     ] Leaving safepoint region
[2023-10-31T08:56:25.710+0000][1753.004s][info ][safepoint     ] Total time for which application threads were stopped: 0.0009559 seconds, Stopping threads took: 0.0003544 seconds
[2023-10-31T08:56:26.710+0000][1754.004s][debug][safepoint     ] Safepoint synchronization initiated. (189 threads)
[2023-10-31T08:56:26.712+0000][1754.006s][info ][safepoint     ] Application time: 1.0015427 seconds
[2023-10-31T08:56:26.713+0000][1754.007s][info ][safepoint     ] Entering safepoint region: Cleanup
[2023-10-31T08:56:26.714+0000][1754.008s][info ][safepoint     ] Leaving safepoint region
[2023-10-31T08:56:26.715+0000][1754.009s][info ][safepoint     ] Total time for which application threads were stopped: 0.0023480 seconds, Stopping threads took: 0.0011273 seconds
[2023-10-31T08:56:27.716+0000][1755.010s][debug][safepoint     ] Safepoint synchronization initiated. (189 threads)
[2023-10-31T08:56:27.717+0000][1755.011s][info ][safepoint     ] Application time: 1.0010387 seconds
[2023-10-31T08:56:27.717+0000][1755.011s][info ][safepoint     ] Entering safepoint region: Cleanup
[2023-10-31T08:56:27.718+0000][1755.012s][info ][safepoint     ] Leaving safepoint region
[2023-10-31T08:56:27.719+0000][1755.013s][info ][safepoint     ] Total time for which application threads were stopped: 0.0013586 seconds, Stopping threads took: 0.0005849 seconds
[2023-10-31T08:56:28.719+0000][1756.013s][debug][safepoint     ] Safepoint synchronization initiated. (189 threads)
[2023-10-31T08:56:28.720+0000][1756.015s][info ][safepoint     ] Application time: 1.0016718 seconds
[2023-10-31T08:56:28.721+0000][1756.016s][info ][safepoint     ] Entering safepoint region: Cleanup
[2023-10-31T08:56:28.723+0000][1756.017s][info ][safepoint     ] Leaving safepoint region
[2023-10-31T08:56:28.724+0000][1756.018s][info ][safepoint     ] Total time for which application threads were stopped: 0.0023192 seconds, Stopping threads took: 0.0011959 seconds
[2023-10-31T08:56:29.725+0000][1757.019s][debug][safepoint     ] Safepoint synchronization initiated. (189 threads)
[2023-10-31T08:56:29.726+0000][1757.020s][info ][safepoint     ] Application time: 1.0012773 seconds
[2023-10-31T08:56:29.727+0000][1757.022s][info ][safepoint     ] Entering safepoint region: Cleanup
[2023-10-31T08:56:29.728+0000][1757.023s][info ][safepoint     ] Leaving safepoint region
[2023-10-31T08:56:29.729+0000][1757.024s][info ][safepoint     ] Total time for which application threads were stopped: 0.0022083 seconds, Stopping threads took: 0.0010200 seconds
[2023-10-31T08:56:30.730+0000][1758.024s][debug][safepoint     ] Safepoint synchronization initiated. (189 threads)
[2023-10-31T08:56:30.731+0000][1758.025s][info ][safepoint     ] Application time: 1.0010375 seconds
[2023-10-31T08:56:30.731+0000][1758.026s][info ][safepoint     ] Entering safepoint region: Cleanup
[2023-10-31T08:56:30.732+0000][1758.027s][info ][safepoint     ] Leaving safepoint region
[2023-10-31T08:56:30.733+0000][1758.028s][info ][safepoint     ] Total time for which application threads were stopped: 0.0015960 seconds, Stopping threads took: 0.0005937 seconds
[2023-10-31T08:56:31.734+0000][1759.028s][debug][safepoint     ] Safepoint synchronization initiated. (189 threads)
[2023-10-31T08:56:31.735+0000][1759.029s][info ][safepoint     ] Application time: 1.0011770 seconds
[2023-10-31T08:56:31.736+0000][1759.030s][info ][safepoint     ] Entering safepoint region: Cleanup
[2023-10-31T08:56:31.737+0000][1759.031s][info ][safepoint     ] Leaving safepoint region
[2023-10-31T08:56:31.737+0000][1759.032s][info ][safepoint     ] Total time for which application threads were stopped: 0.0017956 seconds, Stopping threads took: 0.0008220 seconds
[2023-10-31T08:56:32.738+0000][1760.033s][debug][safepoint     ] Safepoint synchronization initiated. (189 threads)
[2023-10-31T08:56:32.739+0000][1760.034s][info ][safepoint     ] Application time: 1.0009040 seconds
[2023-10-31T08:56:32.740+0000][1760.034s][info ][safepoint     ] Entering safepoint region: Cleanup
[2023-10-31T08:56:32.740+0000][1760.035s][info ][safepoint     ] Leaving safepoint region
[2023-10-31T08:56:32.741+0000][1760.036s][info ][safepoint     ] Total time for which application threads were stopped: 0.0013125 seconds, Stopping threads took: 0.0005829 seconds
[2023-10-31T08:56:33.742+0000][1761.036s][debug][safepoint     ] Safepoint synchronization initiated. (189 threads)
[2023-10-31T08:56:33.742+0000][1761.037s][info ][safepoint     ] Application time: 1.0009185 seconds
[2023-10-31T08:56:33.743+0000][1761.038s][info ][safepoint     ] Entering safepoint region: Cleanup
[2023-10-31T08:56:33.744+0000][1761.038s][info ][safepoint     ] Leaving safepoint region
[2023-10-31T08:56:33.744+0000][1761.039s][info ][safepoint     ] Total time for which application threads were stopped: 0.0013250 seconds, Stopping threads took: 0.0006100 seconds
[2023-10-31T08:56:34.745+0000][1762.040s][debug][safepoint     ] Safepoint synchronization initiated. (189 threads)
[2023-10-31T08:56:34.746+0000][1762.041s][info ][safepoint     ] Application time: 1.0015204 seconds
[2023-10-31T08:56:34.747+0000][1762.042s][info ][safepoint     ] Entering safepoint region: Cleanup
[2023-10-31T08:56:34.748+0000][1762.043s][info ][safepoint     ] Leaving safepoint region
[2023-10-31T08:56:34.749+0000][1762.043s][info ][safepoint     ] Total time for which application threads were stopped: 0.0018460 seconds, Stopping threads took: 0.0008358 seconds
[2023-10-31T08:56:35.750+0000][1763.044s][debug][safepoint     ] Safepoint synchronization initiated. (189 threads)
[2023-10-31T08:56:35.751+0000][1763.045s][info ][safepoint     ] Application time: 1.0013294 seconds
[2023-10-31T08:56:35.752+0000][1763.046s][info ][safepoint     ] Entering safepoint region: Cleanup
[2023-10-31T08:56:35.753+0000][1763.048s][info ][safepoint     ] Leaving safepoint region
[2023-10-31T08:56:35.754+0000][1763.048s][info ][safepoint     ] Total time for which application threads were stopped: 0.0020428 seconds, Stopping threads took: 0.0009218 seconds
[2023-10-31T08:56:36.755+0000][1764.050s][debug][safepoint     ] Safepoint synchronization initiated. (189 threads)
[2023-10-31T08:56:36.756+0000][1764.051s][info ][safepoint     ] Application time: 1.0015828 seconds
[2023-10-31T08:56:36.758+0000][1764.052s][info ][safepoint     ] Entering safepoint region: Cleanup
[2023-10-31T08:56:36.759+0000][1764.053s][info ][safepoint     ] Leaving safepoint region
[2023-10-31T08:56:36.759+0000][1764.054s][info ][safepoint     ] Total time for which application threads were stopped: 0.0018894 seconds, Stopping threads took: 0.0009800 seconds
[2023-10-31T08:56:37.760+0000][1765.055s][debug][safepoint     ] Safepoint synchronization initiated. (189 threads)
[2023-10-31T08:56:37.762+0000][1765.057s][info ][safepoint     ] Application time: 1.0016227 seconds
[2023-10-31T08:56:37.763+0000][1765.058s][info ][safepoint     ] Entering safepoint region: Cleanup
[2023-10-31T08:56:37.765+0000][1765.059s][info ][safepoint     ] Leaving safepoint region
[2023-10-31T08:56:37.766+0000][1765.060s][info ][safepoint     ] Total time for which application threads were stopped: 0.0028324 seconds, Stopping threads took: 0.0011153 seconds
[2023-10-31T08:56:38.767+0000][1766.062s][debug][safepoint     ] Safepoint synchronization initiated. (189 threads)
[2023-10-31T08:56:38.768+0000][1766.063s][info ][safepoint     ] Application time: 1.0015514 seconds
[2023-10-31T08:56:38.769+0000][1766.064s][info ][safepoint     ] Entering safepoint region: Cleanup
[2023-10-31T08:56:38.771+0000][1766.065s][info ][safepoint     ] Leaving safepoint region
[2023-10-31T08:56:38.771+0000][1766.066s][info ][safepoint     ] Total time for which application threads were stopped: 0.0022760 seconds, Stopping threads took: 0.0011089 seconds
[2023-10-31T08:56:39.772+0000][1767.067s][debug][safepoint     ] Safepoint synchronization initiated. (189 threads)
[2023-10-31T08:56:39.773+0000][1767.068s][info ][safepoint     ] Application time: 1.0008663 seconds
[2023-10-31T08:56:39.774+0000][1767.068s][info ][safepoint     ] Entering safepoint region: Cleanup
[2023-10-31T08:56:39.774+0000][1767.069s][info ][safepoint     ] Leaving safepoint region
[2023-10-31T08:56:39.775+0000][1767.070s][info ][safepoint     ] Total time for which application threads were stopped: 0.0012899 seconds, Stopping threads took: 0.0005601 seconds
[2023-10-31T08:56:40.775+0000][1768.070s][debug][safepoint     ] Safepoint synchronization initiated. (189 threads)
[2023-10-31T08:56:40.776+0000][1768.071s][info ][safepoint     ] Application time: 1.0006650 seconds
[2023-10-31T08:56:40.776+0000][1768.071s][info ][safepoint     ] Entering safepoint region: Cleanup
[2023-10-31T08:56:40.777+0000][1768.072s][info ][safepoint     ] Leaving safepoint region
[2023-10-31T08:56:40.777+0000][1768.072s][info ][safepoint     ] Total time for which application threads were stopped: 0.0010039 seconds, Stopping threads took: 0.0004446 seconds
[2023-10-31T08:56:41.778+0000][1769.073s][debug][safepoint     ] Safepoint synchronization initiated. (189 threads)
[2023-10-31T08:56:41.780+0000][1769.074s][info ][safepoint     ] Application time: 1.0016745 seconds
[2023-10-31T08:56:41.781+0000][1769.076s][info ][safepoint     ] Entering safepoint region: Cleanup
[2023-10-31T08:56:41.782+0000][1769.077s][info ][safepoint     ] Leaving safepoint region
[2023-10-31T08:56:41.783+0000][1769.078s][info ][safepoint     ] Total time for which application threads were stopped: 0.0026958 seconds, Stopping threads took: 0.0012424 seconds
[2023-10-31T08:56:42.784+0000][1770.079s][debug][safepoint     ] Safepoint synchronization initiated. (189 threads)
[2023-10-31T08:56:42.785+0000][1770.080s][info ][safepoint     ] Application time: 1.0007303 seconds
[2023-10-31T08:56:42.786+0000][1770.080s][info ][safepoint     ] Entering safepoint region: Cleanup
[2023-10-31T08:56:42.787+0000][1770.081s][info ][safepoint     ] Leaving safepoint region
[2023-10-31T08:56:42.787+0000][1770.082s][info ][safepoint     ] Total time for which application threads were stopped: 0.0014700 seconds, Stopping threads took: 0.0006553 seconds
[2023-10-31T08:56:43.788+0000][1771.083s][debug][safepoint     ] Safepoint synchronization initiated. (189 threads)
[2023-10-31T08:56:43.789+0000][1771.084s][info ][safepoint     ] Application time: 1.0012288 seconds
[2023-10-31T08:56:43.790+0000][1771.085s][info ][safepoint     ] Entering safepoint region: Cleanup
[2023-10-31T08:56:43.791+0000][1771.086s][info ][safepoint     ] Leaving safepoint region
[2023-10-31T08:56:43.792+0000][1771.086s][info ][safepoint     ] Total time for which application threads were stopped: 0.0019386 seconds, Stopping threads took: 0.0009264 seconds
[2023-10-31T08:56:44.792+0000][1772.087s][debug][safepoint     ] Safepoint synchronization initiated. (189 threads)
[2023-10-31T08:56:44.793+0000][1772.088s][info ][safepoint     ] Application time: 1.0005436 seconds
[2023-10-31T08:56:44.793+0000][1772.088s][info ][safepoint     ] Entering safepoint region: Cleanup
[2023-10-31T08:56:44.794+0000][1772.089s][info ][safepoint     ] Leaving safepoint region
[2023-10-31T08:56:44.795+0000][1772.089s][info ][safepoint     ] Total time for which application threads were stopped: 0.0012691 seconds, Stopping threads took: 0.0005728 seconds
[2023-10-31T08:56:45.795+0000][1773.090s][debug][safepoint     ] Safepoint synchronization initiated. (189 threads)
[2023-10-31T08:56:45.796+0000][1773.090s][info ][safepoint     ] Application time: 1.0006114 seconds
[2023-10-31T08:56:45.796+0000][1773.091s][info ][safepoint     ] Entering safepoint region: Cleanup
[2023-10-31T08:56:45.797+0000][1773.092s][info ][safepoint     ] Leaving safepoint region
[2023-10-31T08:56:45.797+0000][1773.092s][info ][safepoint     ] Total time for which application threads were stopped: 0.0012763 seconds, Stopping threads took: 0.0004741 seconds
[2023-10-31T08:56:46.798+0000][1774.093s][debug][safepoint     ] Safepoint synchronization initiated. (191 threads)
[2023-10-31T08:56:46.799+0000][1774.093s][info ][safepoint     ] Application time: 1.0007655 seconds
[2023-10-31T08:56:46.799+0000][1774.094s][info ][safepoint     ] Entering safepoint region: Cleanup
[2023-10-31T08:56:46.800+0000][1774.095s][info ][safepoint     ] Leaving safepoint region
[2023-10-31T08:56:46.800+0000][1774.095s][info ][safepoint     ] Total time for which application threads were stopped: 0.0012421 seconds, Stopping threads took: 0.0005190 seconds
[2023-10-31T08:56:47.801+0000][1775.096s][debug][safepoint     ] Safepoint synchronization initiated. (191 threads)
[2023-10-31T08:56:47.802+0000][1775.097s][info ][safepoint     ] Application time: 1.0015396 seconds
[2023-10-31T08:56:47.803+0000][1775.098s][info ][safepoint     ] Entering safepoint region: Cleanup
[2023-10-31T08:56:47.805+0000][1775.100s][info ][safepoint     ] Leaving safepoint region
[2023-10-31T08:56:47.806+0000][1775.100s][info ][safepoint     ] Total time for which application threads were stopped: 0.0023591 seconds, Stopping threads took: 0.0011855 seconds
[2023-10-31T08:56:48.807+0000][1776.101s][debug][safepoint     ] Safepoint synchronization initiated. (191 threads)
[2023-10-31T08:56:48.807+0000][1776.102s][info ][safepoint     ] Application time: 1.0010841 seconds
[2023-10-31T08:56:48.808+0000][1776.103s][info ][safepoint     ] Entering safepoint region: Cleanup
[2023-10-31T08:56:48.809+0000][1776.103s][info ][safepoint     ] Leaving safepoint region
[2023-10-31T08:56:48.809+0000][1776.104s][info ][safepoint     ] Total time for which application threads were stopped: 0.0010557 seconds, Stopping threads took: 0.0004395 seconds
[2023-10-31T08:56:49.810+0000][1777.104s][debug][safepoint     ] Safepoint synchronization initiated. (191 threads)
[2023-10-31T08:56:49.811+0000][1777.105s][info ][safepoint     ] Application time: 1.0011745 seconds
[2023-10-31T08:56:49.811+0000][1777.106s][info ][safepoint     ] Entering safepoint region: Cleanup
[2023-10-31T08:56:49.812+0000][1777.107s][info ][safepoint     ] Leaving safepoint region
[2023-10-31T08:56:49.813+0000][1777.107s][info ][safepoint     ] Total time for which application threads were stopped: 0.0014322 seconds, Stopping threads took: 0.0006206 seconds
[2023-10-31T08:56:50.813+0000][1778.108s][debug][safepoint     ] Safepoint synchronization initiated. (191 threads)
[2023-10-31T08:56:50.814+0000][1778.109s][info ][safepoint     ] Application time: 1.0006121 seconds
[2023-10-31T08:56:50.814+0000][1778.109s][info ][safepoint     ] Entering safepoint region: Cleanup
[2023-10-31T08:56:50.815+0000][1778.110s][info ][safepoint     ] Leaving safepoint region
[2023-10-31T08:56:50.815+0000][1778.110s][info ][safepoint     ] Total time for which application threads were stopped: 0.0009755 seconds, Stopping threads took: 0.0004473 seconds
[2023-10-31T08:56:51.816+0000][1779.110s][debug][safepoint     ] Safepoint synchronization initiated. (191 threads)
[2023-10-31T08:56:51.816+0000][1779.111s][info ][safepoint     ] Application time: 1.0005379 seconds
[2023-10-31T08:56:51.817+0000][1779.111s][info ][safepoint     ] Entering safepoint region: Cleanup
[2023-10-31T08:56:51.817+0000][1779.112s][info ][safepoint     ] Leaving safepoint region
[2023-10-31T08:56:51.818+0000][1779.112s][info ][safepoint     ] Total time for which application threads were stopped: 0.0010828 seconds, Stopping threads took: 0.0004675 seconds
[2023-10-31T08:56:52.818+0000][1780.113s][debug][safepoint     ] Safepoint synchronization initiated. (191 threads)
[2023-10-31T08:56:52.819+0000][1780.114s][info ][safepoint     ] Application time: 1.0008529 seconds
[2023-10-31T08:56:52.819+0000][1780.114s][info ][safepoint     ] Entering safepoint region: Cleanup
[2023-10-31T08:56:52.820+0000][1780.115s][info ][safepoint     ] Leaving safepoint region
[2023-10-31T08:56:52.821+0000][1780.115s][info ][safepoint     ] Total time for which application threads were stopped: 0.0012424 seconds, Stopping threads took: 0.0005355 seconds
[2023-10-31T08:56:53.821+0000][1781.116s][debug][safepoint     ] Safepoint synchronization initiated. (191 threads)
[2023-10-31T08:56:53.822+0000][1781.117s][info ][safepoint     ] Application time: 1.0012752 seconds
[2023-10-31T08:56:53.823+0000][1781.118s][info ][safepoint     ] Entering safepoint region: Cleanup
[2023-10-31T08:56:53.824+0000][1781.119s][info ][safepoint     ] Leaving safepoint region
[2023-10-31T08:56:53.824+0000][1781.119s][info ][safepoint     ] Total time for which application threads were stopped: 0.0013814 seconds, Stopping threads took: 0.0006841 seconds
[2023-10-31T08:56:54.825+0000][1782.120s][debug][safepoint     ] Safepoint synchronization initiated. (191 threads)
[2023-10-31T08:56:54.826+0000][1782.120s][info ][safepoint     ] Application time: 1.0006955 seconds
[2023-10-31T08:56:54.826+0000][1782.121s][info ][safepoint     ] Entering safepoint region: Cleanup
[2023-10-31T08:56:54.826+0000][1782.121s][info ][safepoint     ] Leaving safepoint region
[2023-10-31T08:56:54.827+0000][1782.121s][info ][safepoint     ] Total time for which application threads were stopped: 0.0008527 seconds, Stopping threads took: 0.0003496 seconds
[2023-10-31T08:56:55.827+0000][1783.122s][debug][safepoint     ] Safepoint synchronization initiated. (191 threads)
[2023-10-31T08:56:55.828+0000][1783.123s][info ][safepoint     ] Application time: 1.0006628 seconds
[2023-10-31T08:56:55.828+0000][1783.123s][info ][safepoint     ] Entering safepoint region: Cleanup
[2023-10-31T08:56:55.829+0000][1783.124s][info ][safepoint     ] Leaving safepoint region
[2023-10-31T08:56:55.830+0000][1783.124s][info ][safepoint     ] Total time for which application threads were stopped: 0.0012849 seconds, Stopping threads took: 0.0005832 seconds
[2023-10-31T08:56:56.830+0000][1784.125s][debug][safepoint     ] Safepoint synchronization initiated. (191 threads)
[2023-10-31T08:56:56.831+0000][1784.126s][info ][safepoint     ] Application time: 1.0008552 seconds
[2023-10-31T08:56:56.832+0000][1784.126s][info ][safepoint     ] Entering safepoint region: Cleanup
[2023-10-31T08:56:56.832+0000][1784.127s][info ][safepoint     ] Leaving safepoint region
[2023-10-31T08:56:56.833+0000][1784.128s][info ][safepoint     ] Total time for which application threads were stopped: 0.0013413 seconds, Stopping threads took: 0.0004962 seconds
[2023-10-31T08:56:57.833+0000][1785.128s][debug][safepoint     ] Safepoint synchronization initiated. (189 threads)
[2023-10-31T08:56:57.834+0000][1785.129s][info ][safepoint     ] Application time: 1.0006193 seconds
[2023-10-31T08:56:57.834+0000][1785.129s][info ][safepoint     ] Entering safepoint region: Cleanup
[2023-10-31T08:56:57.835+0000][1785.130s][info ][safepoint     ] Leaving safepoint region
[2023-10-31T08:56:57.835+0000][1785.130s][info ][safepoint     ] Total time for which application threads were stopped: 0.0008483 seconds, Stopping threads took: 0.0003909 seconds
[2023-10-31T08:56:58.836+0000][1786.130s][debug][safepoint     ] Safepoint synchronization initiated. (189 threads)
[2023-10-31T08:56:58.837+0000][1786.131s][info ][safepoint     ] Application time: 1.0007624 seconds
[2023-10-31T08:56:58.837+0000][1786.131s][debug][safepoint     ] Waiting for 1 thread(s) to block
[2023-10-31T08:56:58.838+0000][1786.132s][info ][safepoint     ] Entering safepoint region: Cleanup
[2023-10-31T08:56:58.838+0000][1786.132s][info ][safepoint     ] Leaving safepoint region
[2023-10-31T08:56:58.839+0000][1786.133s][info ][safepoint     ] Total time for which application threads were stopped: 0.0013690 seconds, Stopping threads took: 0.0008732 seconds
[2023-10-31T08:56:59.839+0000][1787.133s][debug][safepoint     ] Safepoint synchronization initiated. (189 threads)
[2023-10-31T08:56:59.840+0000][1787.134s][info ][safepoint     ] Application time: 1.0011877 seconds
[2023-10-31T08:56:59.841+0000][1787.135s][info ][safepoint     ] Entering safepoint region: Cleanup
[2023-10-31T08:56:59.841+0000][1787.135s][info ][safepoint     ] Leaving safepoint region
[2023-10-31T08:56:59.842+0000][1787.136s][info ][safepoint     ] Total time for which application threads were stopped: 0.0011725 seconds, Stopping threads took: 0.0004866 seconds
[2023-10-31T08:57:00.843+0000][1788.137s][debug][safepoint     ] Safepoint synchronization initiated. (190 threads)
[2023-10-31T08:57:00.843+0000][1788.137s][info ][safepoint     ] Application time: 1.0010736 seconds
[2023-10-31T08:57:00.844+0000][1788.138s][info ][safepoint     ] Entering safepoint region: Cleanup
[2023-10-31T08:57:00.845+0000][1788.139s][info ][safepoint     ] Leaving safepoint region
[2023-10-31T08:57:00.845+0000][1788.139s][info ][safepoint     ] Total time for which application threads were stopped: 0.0010617 seconds, Stopping threads took: 0.0005233 seconds
[2023-10-31T08:57:01.846+0000][1789.140s][debug][safepoint     ] Safepoint synchronization initiated. (190 threads)
[2023-10-31T08:57:01.846+0000][1789.140s][info ][safepoint     ] Application time: 1.0008517 seconds
[2023-10-31T08:57:01.847+0000][1789.141s][info ][safepoint     ] Entering safepoint region: Cleanup
[2023-10-31T08:57:01.848+0000][1789.142s][info ][safepoint     ] Leaving safepoint region
[2023-10-31T08:57:01.848+0000][1789.142s][info ][safepoint     ] Total time for which application threads were stopped: 0.0013641 seconds, Stopping threads took: 0.0006348 seconds
[2023-10-31T08:57:02.849+0000][1790.143s][debug][safepoint     ] Safepoint synchronization initiated. (190 threads)
[2023-10-31T08:57:02.850+0000][1790.144s][info ][safepoint     ] Application time: 1.0009694 seconds
[2023-10-31T08:57:02.850+0000][1790.145s][info ][safepoint     ] Entering safepoint region: Cleanup
[2023-10-31T08:57:02.851+0000][1790.146s][info ][safepoint     ] Leaving safepoint region
[2023-10-31T08:57:02.852+0000][1790.146s][info ][safepoint     ] Total time for which application threads were stopped: 0.0017196 seconds, Stopping threads took: 0.0006877 seconds
[2023-10-31T08:57:03.853+0000][1791.147s][debug][safepoint     ] Safepoint synchronization initiated. (190 threads)
[2023-10-31T08:57:03.853+0000][1791.147s][info ][safepoint     ] Application time: 1.0006930 seconds
[2023-10-31T08:57:03.854+0000][1791.148s][info ][safepoint     ] Entering safepoint region: Cleanup
[2023-10-31T08:57:03.854+0000][1791.148s][info ][safepoint     ] Leaving safepoint region
[2023-10-31T08:57:03.855+0000][1791.149s][info ][safepoint     ] Total time for which application threads were stopped: 0.0011809 seconds, Stopping threads took: 0.0004394 seconds
[2023-10-31T08:57:04.856+0000][1792.150s][debug][safepoint     ] Safepoint synchronization initiated. (190 threads)
[2023-10-31T08:57:04.856+0000][1792.150s][info ][safepoint     ] Application time: 1.0008446 seconds
[2023-10-31T08:57:04.857+0000][1792.151s][info ][safepoint     ] Entering safepoint region: Cleanup
[2023-10-31T08:57:04.858+0000][1792.152s][info ][safepoint     ] Leaving safepoint region
[2023-10-31T08:57:04.858+0000][1792.152s][info ][safepoint     ] Total time for which application threads were stopped: 0.0012626 seconds, Stopping threads took: 0.0006366 seconds
[2023-10-31T08:57:05.859+0000][1793.153s][debug][safepoint     ] Safepoint synchronization initiated. (190 threads)
[2023-10-31T08:57:05.871+0000][1793.165s][info ][safepoint     ] Application time: 1.0129244 seconds
[2023-10-31T08:57:05.888+0000][1793.182s][info ][safepoint     ] Entering safepoint region: Cleanup
[2023-10-31T08:57:05.900+0000][1793.194s][info ][safepoint     ] Leaving safepoint region
[2023-10-31T08:57:05.902+0000][1793.196s][info ][safepoint     ] Total time for which application threads were stopped: 0.0144848 seconds, Stopping threads took: 0.0118496 seconds
[2023-10-31T08:57:06.904+0000][1794.198s][debug][safepoint     ] Safepoint synchronization initiated. (190 threads)
[2023-10-31T08:57:06.905+0000][1794.199s][info ][safepoint     ] Application time: 1.0006427 seconds
[2023-10-31T08:57:06.905+0000][1794.199s][info ][safepoint     ] Entering safepoint region: Cleanup
[2023-10-31T08:57:06.906+0000][1794.200s][info ][safepoint     ] Leaving safepoint region
[2023-10-31T08:57:06.906+0000][1794.200s][info ][safepoint     ] Total time for which application threads were stopped: 0.0010528 seconds, Stopping threads took: 0.0004551 seconds
[2023-10-31T08:57:07.906+0000][1795.200s][debug][safepoint     ] Safepoint synchronization initiated. (190 threads)
[2023-10-31T08:57:07.908+0000][1795.202s][info ][safepoint     ] Application time: 1.0017217 seconds
[2023-10-31T08:57:07.908+0000][1795.202s][info ][safepoint     ] Entering safepoint region: Cleanup
[2023-10-31T08:57:07.909+0000][1795.203s][info ][safepoint     ] Leaving safepoint region
[2023-10-31T08:57:07.910+0000][1795.204s][info ][safepoint     ] Total time for which application threads were stopped: 0.0012372 seconds, Stopping threads took: 0.0005619 seconds
[2023-10-31T08:57:08.910+0000][1796.204s][debug][safepoint     ] Safepoint synchronization initiated. (190 threads)
[2023-10-31T08:57:08.911+0000][1796.205s][info ][safepoint     ] Application time: 1.0005461 seconds
[2023-10-31T08:57:08.911+0000][1796.205s][info ][safepoint     ] Entering safepoint region: Cleanup
[2023-10-31T08:57:08.911+0000][1796.205s][info ][safepoint     ] Leaving safepoint region
[2023-10-31T08:57:08.912+0000][1796.206s][info ][safepoint     ] Total time for which application threads were stopped: 0.0008337 seconds, Stopping threads took: 0.0003419 seconds
[2023-10-31T08:57:09.912+0000][1797.206s][debug][safepoint     ] Safepoint synchronization initiated. (190 threads)
[2023-10-31T08:57:09.913+0000][1797.207s][info ][safepoint     ] Application time: 1.0008932 seconds
[2023-10-31T08:57:09.914+0000][1797.208s][info ][safepoint     ] Entering safepoint region: Cleanup
[2023-10-31T08:57:09.914+0000][1797.208s][info ][safepoint     ] Leaving safepoint region
[2023-10-31T08:57:09.915+0000][1797.209s][info ][safepoint     ] Total time for which application threads were stopped: 0.0012899 seconds, Stopping threads took: 0.0005324 seconds
[2023-10-31T08:57:10.916+0000][1798.210s][debug][safepoint     ] Safepoint synchronization initiated. (190 threads)
[2023-10-31T08:57:10.916+0000][1798.210s][info ][safepoint     ] Application time: 1.0008449 seconds
[2023-10-31T08:57:10.917+0000][1798.211s][info ][safepoint     ] Entering safepoint region: Cleanup
[2023-10-31T08:57:10.918+0000][1798.212s][info ][safepoint     ] Leaving safepoint region
[2023-10-31T08:57:10.918+0000][1798.212s][info ][safepoint     ] Total time for which application threads were stopped: 0.0012308 seconds, Stopping threads took: 0.0005916 seconds
[2023-10-31T08:57:11.919+0000][1799.213s][debug][safepoint     ] Safepoint synchronization initiated. (190 threads)
[2023-10-31T08:57:11.920+0000][1799.214s][info ][safepoint     ] Application time: 1.0011655 seconds
[2023-10-31T08:57:11.920+0000][1799.214s][info ][safepoint     ] Entering safepoint region: Cleanup
[2023-10-31T08:57:11.921+0000][1799.215s][info ][safepoint     ] Leaving safepoint region
[2023-10-31T08:57:11.922+0000][1799.216s][info ][safepoint     ] Total time for which application threads were stopped: 0.0016560 seconds, Stopping threads took: 0.0007551 seconds
[2023-10-31T08:57:12.923+0000][1800.217s][debug][safepoint     ] Safepoint synchronization initiated. (190 threads)
[2023-10-31T08:57:12.924+0000][1800.218s][info ][safepoint     ] Application time: 1.0010539 seconds
[2023-10-31T08:57:12.924+0000][1800.218s][info ][safepoint     ] Entering safepoint region: Cleanup
[2023-10-31T08:57:12.925+0000][1800.219s][info ][safepoint     ] Leaving safepoint region
[2023-10-31T08:57:12.926+0000][1800.220s][info ][safepoint     ] Total time for which application threads were stopped: 0.0013743 seconds, Stopping threads took: 0.0004354 seconds
[2023-10-31T08:57:13.926+0000][1801.220s][debug][safepoint     ] Safepoint synchronization initiated. (189 threads)
[2023-10-31T08:57:13.927+0000][1801.221s][info ][safepoint     ] Application time: 1.0005706 seconds
[2023-10-31T08:57:13.927+0000][1801.221s][info ][safepoint     ] Entering safepoint region: Cleanup
[2023-10-31T08:57:13.928+0000][1801.222s][info ][safepoint     ] Leaving safepoint region
[2023-10-31T08:57:13.928+0000][1801.222s][info ][safepoint     ] Total time for which application threads were stopped: 0.0010012 seconds, Stopping threads took: 0.0004962 seconds
[2023-10-31T08:57:14.929+0000][1802.224s][debug][safepoint     ] Safepoint synchronization initiated. (189 threads)
[2023-10-31T08:57:14.932+0000][1802.227s][info ][safepoint     ] Application time: 1.0039523 seconds
[2023-10-31T08:57:14.933+0000][1802.227s][info ][safepoint     ] Entering safepoint region: Cleanup
[2023-10-31T08:57:14.934+0000][1802.228s][info ][safepoint     ] Leaving safepoint region
[2023-10-31T08:57:14.934+0000][1802.228s][info ][safepoint     ] Total time for which application threads were stopped: 0.0011553 seconds, Stopping threads took: 0.0004185 seconds
[2023-10-31T08:57:15.935+0000][1803.229s][debug][safepoint     ] Safepoint synchronization initiated. (189 threads)
[2023-10-31T08:57:15.935+0000][1803.229s][info ][safepoint     ] Application time: 1.0006545 seconds
[2023-10-31T08:57:15.936+0000][1803.230s][info ][safepoint     ] Entering safepoint region: Cleanup
[2023-10-31T08:57:15.936+0000][1803.230s][info ][safepoint     ] Leaving safepoint region
[2023-10-31T08:57:15.937+0000][1803.231s][info ][safepoint     ] Total time for which application threads were stopped: 0.0010467 seconds, Stopping threads took: 0.0004083 seconds
[2023-10-31T08:57:16.938+0000][1804.232s][debug][safepoint     ] Safepoint synchronization initiated. (188 threads)
[2023-10-31T08:57:16.939+0000][1804.233s][info ][safepoint     ] Application time: 1.0015695 seconds
[2023-10-31T08:57:16.939+0000][1804.233s][info ][safepoint     ] Entering safepoint region: Cleanup
[2023-10-31T08:57:16.940+0000][1804.234s][info ][safepoint     ] Leaving safepoint region
[2023-10-31T08:57:16.941+0000][1804.235s][info ][safepoint     ] Total time for which application threads were stopped: 0.0014463 seconds, Stopping threads took: 0.0005760 seconds
[2023-10-31T08:57:17.941+0000][1805.235s][debug][safepoint     ] Safepoint synchronization initiated. (188 threads)
[2023-10-31T08:57:17.942+0000][1805.236s][info ][safepoint     ] Application time: 1.0011871 seconds
[2023-10-31T08:57:17.943+0000][1805.237s][info ][safepoint     ] Entering safepoint region: Cleanup
[2023-10-31T08:57:17.944+0000][1805.238s][info ][safepoint     ] Leaving safepoint region
[2023-10-31T08:57:17.944+0000][1805.238s][info ][safepoint     ] Total time for which application threads were stopped: 0.0014739 seconds, Stopping threads took: 0.0007147 seconds
[2023-10-31T08:57:18.945+0000][1806.239s][debug][safepoint     ] Safepoint synchronization initiated. (188 threads)
[2023-10-31T08:57:18.946+0000][1806.240s][info ][safepoint     ] Application time: 1.0008378 seconds
[2023-10-31T08:57:18.946+0000][1806.240s][info ][safepoint     ] Entering safepoint region: Cleanup
[2023-10-31T08:57:18.947+0000][1806.241s][info ][safepoint     ] Leaving safepoint region
[2023-10-31T08:57:18.947+0000][1806.242s][info ][safepoint     ] Total time for which application threads were stopped: 0.0012116 seconds, Stopping threads took: 0.0005334 seconds
[2023-10-31T08:57:19.948+0000][1807.242s][debug][safepoint     ] Safepoint synchronization initiated. (188 threads)
[2023-10-31T08:57:19.949+0000][1807.243s][info ][safepoint     ] Application time: 1.0014459 seconds
[2023-10-31T08:57:19.951+0000][1807.245s][info ][safepoint     ] Entering safepoint region: Cleanup
[2023-10-31T08:57:19.952+0000][1807.246s][info ][safepoint     ] Leaving safepoint region
[2023-10-31T08:57:19.953+0000][1807.247s][info ][safepoint     ] Total time for which application threads were stopped: 0.0020613 seconds, Stopping threads took: 0.0010110 seconds
[2023-10-31T08:57:20.954+0000][1808.248s][debug][safepoint     ] Safepoint synchronization initiated. (188 threads)
[2023-10-31T08:57:20.954+0000][1808.248s][info ][safepoint     ] Application time: 1.0007923 seconds
[2023-10-31T08:57:20.955+0000][1808.249s][info ][safepoint     ] Entering safepoint region: Cleanup
[2023-10-31T08:57:20.955+0000][1808.249s][info ][safepoint     ] Leaving safepoint region
[2023-10-31T08:57:20.956+0000][1808.250s][info ][safepoint     ] Total time for which application threads were stopped: 0.0012383 seconds, Stopping threads took: 0.0005291 seconds
[2023-10-31T08:57:21.956+0000][1809.251s][debug][safepoint     ] Safepoint synchronization initiated. (188 threads)
[2023-10-31T08:57:21.957+0000][1809.251s][info ][safepoint     ] Application time: 1.0006806 seconds
[2023-10-31T08:57:21.957+0000][1809.252s][info ][safepoint     ] Entering safepoint region: Cleanup
[2023-10-31T08:57:21.958+0000][1809.252s][info ][safepoint     ] Leaving safepoint region
[2023-10-31T08:57:21.958+0000][1809.253s][info ][safepoint     ] Total time for which application threads were stopped: 0.0010272 seconds, Stopping threads took: 0.0003880 seconds
[2023-10-31T08:57:22.959+0000][1810.253s][debug][safepoint     ] Safepoint synchronization initiated. (188 threads)
[2023-10-31T08:57:22.960+0000][1810.254s][info ][safepoint     ] Application time: 1.0009668 seconds
[2023-10-31T08:57:22.960+0000][1810.254s][info ][safepoint     ] Entering safepoint region: Cleanup
[2023-10-31T08:57:22.961+0000][1810.255s][info ][safepoint     ] Leaving safepoint region
[2023-10-31T08:57:22.962+0000][1810.256s][info ][safepoint     ] Total time for which application threads were stopped: 0.0013665 seconds, Stopping threads took: 0.0005414 seconds
[2023-10-31T08:57:23.962+0000][1811.256s][debug][safepoint     ] Safepoint synchronization initiated. (188 threads)
[2023-10-31T08:57:23.963+0000][1811.257s][info ][safepoint     ] Application time: 1.0008572 seconds
[2023-10-31T08:57:23.964+0000][1811.258s][info ][safepoint     ] Entering safepoint region: Cleanup
[2023-10-31T08:57:23.964+0000][1811.258s][info ][safepoint     ] Leaving safepoint region
[2023-10-31T08:57:23.965+0000][1811.259s][info ][safepoint     ] Total time for which application threads were stopped: 0.0013184 seconds, Stopping threads took: 0.0005921 seconds
[2023-10-31T08:57:24.965+0000][1812.259s][debug][safepoint     ] Safepoint synchronization initiated. (188 threads)
[2023-10-31T08:57:24.966+0000][1812.260s][info ][safepoint     ] Application time: 1.0008514 seconds
[2023-10-31T08:57:24.967+0000][1812.261s][info ][safepoint     ] Entering safepoint region: Cleanup
[2023-10-31T08:57:24.968+0000][1812.262s][info ][safepoint     ] Leaving safepoint region
[2023-10-31T08:57:24.968+0000][1812.262s][info ][safepoint     ] Total time for which application threads were stopped: 0.0012457 seconds, Stopping threads took: 0.0006247 seconds
[2023-10-31T08:57:25.969+0000][1813.263s][debug][safepoint     ] Safepoint synchronization initiated. (188 threads)
[2023-10-31T08:57:25.969+0000][1813.263s][info ][safepoint     ] Application time: 1.0009131 seconds
[2023-10-31T08:57:25.970+0000][1813.264s][info ][safepoint     ] Entering safepoint region: Cleanup
[2023-10-31T08:57:25.971+0000][1813.265s][info ][safepoint     ] Leaving safepoint region
[2023-10-31T08:57:25.971+0000][1813.265s][info ][safepoint     ] Total time for which application threads were stopped: 0.0011895 seconds, Stopping threads took: 0.0005064 seconds
[2023-10-31T08:57:26.972+0000][1814.266s][debug][safepoint     ] Safepoint synchronization initiated. (188 threads)
[2023-10-31T08:57:26.972+0000][1814.266s][info ][safepoint     ] Application time: 1.0005391 seconds
[2023-10-31T08:57:26.973+0000][1814.267s][info ][safepoint     ] Entering safepoint region: Cleanup
[2023-10-31T08:57:26.973+0000][1814.267s][info ][safepoint     ] Leaving safepoint region
[2023-10-31T08:57:26.974+0000][1814.268s][info ][safepoint     ] Total time for which application threads were stopped: 0.0011977 seconds, Stopping threads took: 0.0004444 seconds
[2023-10-31T08:57:27.975+0000][1815.268s][debug][safepoint     ] Safepoint synchronization initiated. (188 threads)
[2023-10-31T08:57:27.975+0000][1815.269s][info ][safepoint     ] Application time: 1.0007947 seconds
[2023-10-31T08:57:27.976+0000][1815.270s][info ][safepoint     ] Entering safepoint region: Cleanup
[2023-10-31T08:57:27.976+0000][1815.270s][info ][safepoint     ] Leaving safepoint region
[2023-10-31T08:57:27.977+0000][1815.271s][info ][safepoint     ] Total time for which application threads were stopped: 0.0012902 seconds, Stopping threads took: 0.0005191 seconds
[2023-10-31T08:57:28.978+0000][1816.271s][debug][safepoint     ] Safepoint synchronization initiated. (186 threads)
[2023-10-31T08:57:28.978+0000][1816.272s][info ][safepoint     ] Application time: 1.0005055 seconds
[2023-10-31T08:57:28.978+0000][1816.272s][info ][safepoint     ] Entering safepoint region: Cleanup
[2023-10-31T08:57:28.979+0000][1816.273s][info ][safepoint     ] Leaving safepoint region
[2023-10-31T08:57:28.979+0000][1816.273s][info ][safepoint     ] Total time for which application threads were stopped: 0.0009880 seconds, Stopping threads took: 0.0004079 seconds
[2023-10-31T08:57:29.980+0000][1817.274s][debug][safepoint     ] Safepoint synchronization initiated. (186 threads)
[2023-10-31T08:57:29.981+0000][1817.274s][info ][safepoint     ] Application time: 1.0008578 seconds
[2023-10-31T08:57:29.981+0000][1817.275s][info ][safepoint     ] Entering safepoint region: Cleanup
[2023-10-31T08:57:29.982+0000][1817.276s][info ][safepoint     ] Leaving safepoint region
[2023-10-31T08:57:29.982+0000][1817.276s][info ][safepoint     ] Total time for which application threads were stopped: 0.0011039 seconds, Stopping threads took: 0.0004870 seconds
[2023-10-31T08:57:30.983+0000][1818.277s][debug][safepoint     ] Safepoint synchronization initiated. (186 threads)
[2023-10-31T08:57:30.983+0000][1818.277s][info ][safepoint     ] Application time: 1.0007310 seconds
[2023-10-31T08:57:30.984+0000][1818.278s][info ][safepoint     ] Entering safepoint region: Cleanup
[2023-10-31T08:57:30.984+0000][1818.278s][info ][safepoint     ] Leaving safepoint region
[2023-10-31T08:57:30.985+0000][1818.279s][info ][safepoint     ] Total time for which application threads were stopped: 0.0010752 seconds, Stopping threads took: 0.0004544 seconds
[2023-10-31T08:57:31.985+0000][1819.279s][debug][safepoint     ] Safepoint synchronization initiated. (186 threads)
[2023-10-31T08:57:31.986+0000][1819.280s][info ][safepoint     ] Application time: 1.0007352 seconds
[2023-10-31T08:57:31.987+0000][1819.280s][info ][safepoint     ] Entering safepoint region: Cleanup
[2023-10-31T08:57:31.987+0000][1819.281s][info ][safepoint     ] Leaving safepoint region
[2023-10-31T08:57:31.988+0000][1819.282s][info ][safepoint     ] Total time for which application threads were stopped: 0.0013730 seconds, Stopping threads took: 0.0006309 seconds
[2023-10-31T08:57:32.989+0000][1820.282s][debug][safepoint     ] Safepoint synchronization initiated. (186 threads)
[2023-10-31T08:57:32.989+0000][1820.283s][info ][safepoint     ] Application time: 1.0008685 seconds
[2023-10-31T08:57:32.990+0000][1820.283s][info ][safepoint     ] Entering safepoint region: Cleanup
[2023-10-31T08:57:32.990+0000][1820.284s][info ][safepoint     ] Leaving safepoint region
[2023-10-31T08:57:32.991+0000][1820.285s][info ][safepoint     ] Total time for which application threads were stopped: 0.0011315 seconds, Stopping threads took: 0.0005453 seconds
[2023-10-31T08:57:33.991+0000][1821.285s][debug][safepoint     ] Safepoint synchronization initiated. (186 threads)
[2023-10-31T08:57:33.992+0000][1821.286s][info ][safepoint     ] Application time: 1.0009950 seconds
[2023-10-31T08:57:33.993+0000][1821.287s][info ][safepoint     ] Entering safepoint region: Cleanup
[2023-10-31T08:57:33.994+0000][1821.287s][info ][safepoint     ] Leaving safepoint region
[2023-10-31T08:57:33.994+0000][1821.288s][info ][safepoint     ] Total time for which application threads were stopped: 0.0013044 seconds, Stopping threads took: 0.0005675 seconds
[2023-10-31T08:57:34.995+0000][1822.288s][debug][safepoint     ] Safepoint synchronization initiated. (186 threads)
[2023-10-31T08:57:34.995+0000][1822.289s][info ][safepoint     ] Application time: 1.0007051 seconds
[2023-10-31T08:57:34.996+0000][1822.289s][info ][safepoint     ] Entering safepoint region: Cleanup
[2023-10-31T08:57:34.996+0000][1822.290s][info ][safepoint     ] Leaving safepoint region
[2023-10-31T08:57:34.996+0000][1822.290s][info ][safepoint     ] Total time for which application threads were stopped: 0.0008843 seconds, Stopping threads took: 0.0004231 seconds
[2023-10-31T08:57:35.997+0000][1823.291s][debug][safepoint     ] Safepoint synchronization initiated. (186 threads)
[2023-10-31T08:57:35.998+0000][1823.292s][info ][safepoint     ] Application time: 1.0015175 seconds
[2023-10-31T08:57:35.999+0000][1823.292s][info ][safepoint     ] Entering safepoint region: Cleanup
[2023-10-31T08:57:35.999+0000][1823.293s][info ][safepoint     ] Leaving safepoint region
[2023-10-31T08:57:36.000+0000][1823.293s][info ][safepoint     ] Total time for which application threads were stopped: 0.0008570 seconds, Stopping threads took: 0.0003243 seconds
[2023-10-31T08:57:37.000+0000][1824.294s][debug][safepoint     ] Safepoint synchronization initiated. (186 threads)
[2023-10-31T08:57:37.001+0000][1824.295s][info ][safepoint     ] Application time: 1.0013204 seconds
[2023-10-31T08:57:37.002+0000][1824.296s][info ][safepoint     ] Entering safepoint region: Cleanup
[2023-10-31T08:57:37.003+0000][1824.297s][info ][safepoint     ] Leaving safepoint region
[2023-10-31T08:57:37.004+0000][1824.298s][info ][safepoint     ] Total time for which application threads were stopped: 0.0018997 seconds, Stopping threads took: 0.0008104 seconds
[2023-10-31T08:57:38.005+0000][1825.299s][debug][safepoint     ] Safepoint synchronization initiated. (186 threads)
[2023-10-31T08:57:38.005+0000][1825.299s][info ][safepoint     ] Application time: 1.0006664 seconds
[2023-10-31T08:57:38.006+0000][1825.300s][info ][safepoint     ] Entering safepoint region: Cleanup
[2023-10-31T08:57:38.006+0000][1825.300s][info ][safepoint     ] Leaving safepoint region
[2023-10-31T08:57:38.007+0000][1825.301s][info ][safepoint     ] Total time for which application threads were stopped: 0.0009765 seconds, Stopping threads took: 0.0004820 seconds
[2023-10-31T08:57:39.007+0000][1826.301s][debug][safepoint     ] Safepoint synchronization initiated. (186 threads)
[2023-10-31T08:57:39.008+0000][1826.302s][info ][safepoint     ] Application time: 1.0007538 seconds
[2023-10-31T08:57:39.008+0000][1826.302s][info ][safepoint     ] Entering safepoint region: Cleanup
[2023-10-31T08:57:39.009+0000][1826.303s][info ][safepoint     ] Leaving safepoint region
[2023-10-31T08:57:39.010+0000][1826.304s][info ][safepoint     ] Total time for which application threads were stopped: 0.0019394 seconds, Stopping threads took: 0.0005385 seconds
[2023-10-31T08:57:40.011+0000][1827.305s][debug][safepoint     ] Safepoint synchronization initiated. (186 threads)
[2023-10-31T08:57:40.012+0000][1827.305s][info ][safepoint     ] Application time: 1.0010265 seconds
[2023-10-31T08:57:40.012+0000][1827.306s][info ][safepoint     ] Entering safepoint region: Cleanup
[2023-10-31T08:57:40.013+0000][1827.307s][info ][safepoint     ] Leaving safepoint region
[2023-10-31T08:57:40.014+0000][1827.308s][info ][safepoint     ] Total time for which application threads were stopped: 0.0015142 seconds, Stopping threads took: 0.0006032 seconds
[2023-10-31T08:57:41.015+0000][1828.308s][debug][safepoint     ] Safepoint synchronization initiated. (186 threads)
[2023-10-31T08:57:41.016+0000][1828.309s][info ][safepoint     ] Application time: 1.0011128 seconds
[2023-10-31T08:57:41.017+0000][1828.310s][info ][safepoint     ] Entering safepoint region: Cleanup
[2023-10-31T08:57:41.018+0000][1828.312s][info ][safepoint     ] Leaving safepoint region
[2023-10-31T08:57:41.019+0000][1828.312s][info ][safepoint     ] Total time for which application threads were stopped: 0.0022044 seconds, Stopping threads took: 0.0010594 seconds
[2023-10-31T08:57:42.020+0000][1829.313s][debug][safepoint     ] Safepoint synchronization initiated. (186 threads)
[2023-10-31T08:57:42.020+0000][1829.314s][info ][safepoint     ] Application time: 1.0007996 seconds
[2023-10-31T08:57:42.021+0000][1829.315s][info ][safepoint     ] Entering safepoint region: Cleanup
[2023-10-31T08:57:42.022+0000][1829.315s][info ][safepoint     ] Leaving safepoint region
[2023-10-31T08:57:42.022+0000][1829.316s][info ][safepoint     ] Total time for which application threads were stopped: 0.0012914 seconds, Stopping threads took: 0.0005320 seconds
[2023-10-31T08:57:43.023+0000][1830.317s][debug][safepoint     ] Safepoint synchronization initiated. (186 threads)
[2023-10-31T08:57:43.024+0000][1830.317s][info ][safepoint     ] Application time: 1.0012843 seconds
[2023-10-31T08:57:43.024+0000][1830.318s][info ][safepoint     ] Entering safepoint region: Cleanup
[2023-10-31T08:57:43.025+0000][1830.319s][info ][safepoint     ] Leaving safepoint region
[2023-10-31T08:57:43.025+0000][1830.319s][info ][safepoint     ] Total time for which application threads were stopped: 0.0011943 seconds, Stopping threads took: 0.0004843 seconds
[2023-10-31T08:57:44.026+0000][1831.320s][debug][safepoint     ] Safepoint synchronization initiated. (186 threads)
[2023-10-31T08:57:44.026+0000][1831.320s][info ][safepoint     ] Application time: 1.0005034 seconds
[2023-10-31T08:57:44.027+0000][1831.320s][info ][safepoint     ] Entering safepoint region: Cleanup
[2023-10-31T08:57:44.027+0000][1831.321s][info ][safepoint     ] Leaving safepoint region
[2023-10-31T08:57:44.027+0000][1831.321s][info ][safepoint     ] Total time for which application threads were stopped: 0.0008387 seconds, Stopping threads took: 0.0003560 seconds
[2023-10-31T08:57:45.028+0000][1832.322s][debug][safepoint     ] Safepoint synchronization initiated. (186 threads)
[2023-10-31T08:57:45.028+0000][1832.322s][info ][safepoint     ] Application time: 1.0005676 seconds
[2023-10-31T08:57:45.029+0000][1832.322s][info ][safepoint     ] Entering safepoint region: Cleanup
[2023-10-31T08:57:45.029+0000][1832.323s][info ][safepoint     ] Leaving safepoint region
[2023-10-31T08:57:45.029+0000][1832.323s][info ][safepoint     ] Total time for which application threads were stopped: 0.0007503 seconds, Stopping threads took: 0.0002974 seconds
[2023-10-31T08:57:46.030+0000][1833.324s][debug][safepoint     ] Safepoint synchronization initiated. (186 threads)
[2023-10-31T08:57:46.031+0000][1833.324s][info ][safepoint     ] Application time: 1.0009570 seconds
[2023-10-31T08:57:46.031+0000][1833.325s][info ][safepoint     ] Entering safepoint region: Cleanup
[2023-10-31T08:57:46.032+0000][1833.326s][info ][safepoint     ] Leaving safepoint region
[2023-10-31T08:57:46.032+0000][1833.326s][info ][safepoint     ] Total time for which application threads were stopped: 0.0012560 seconds, Stopping threads took: 0.0005084 seconds
[2023-10-31T08:57:47.033+0000][1834.327s][debug][safepoint     ] Safepoint synchronization initiated. (186 threads)
[2023-10-31T08:57:47.034+0000][1834.328s][info ][safepoint     ] Application time: 1.0008879 seconds
[2023-10-31T08:57:47.034+0000][1834.328s][info ][safepoint     ] Entering safepoint region: Cleanup
[2023-10-31T08:57:47.035+0000][1834.329s][info ][safepoint     ] Leaving safepoint region
[2023-10-31T08:57:47.036+0000][1834.329s][info ][safepoint     ] Total time for which application threads were stopped: 0.0013144 seconds, Stopping threads took: 0.0005805 seconds
[2023-10-31T08:57:48.036+0000][1835.330s][debug][safepoint     ] Safepoint synchronization initiated. (186 threads)
[2023-10-31T08:57:48.037+0000][1835.331s][info ][safepoint     ] Application time: 1.0007164 seconds
[2023-10-31T08:57:48.038+0000][1835.331s][info ][safepoint     ] Entering safepoint region: Cleanup
[2023-10-31T08:57:48.038+0000][1835.332s][info ][safepoint     ] Leaving safepoint region
[2023-10-31T08:57:48.039+0000][1835.333s][info ][safepoint     ] Total time for which application threads were stopped: 0.0011911 seconds, Stopping threads took: 0.0004412 seconds
[2023-10-31T08:57:49.039+0000][1836.333s][debug][safepoint     ] Safepoint synchronization initiated. (186 threads)
[2023-10-31T08:57:49.040+0000][1836.334s][info ][safepoint     ] Application time: 1.0007571 seconds
[2023-10-31T08:57:49.040+0000][1836.334s][info ][safepoint     ] Entering safepoint region: Cleanup
[2023-10-31T08:57:49.041+0000][1836.335s][info ][safepoint     ] Leaving safepoint region
[2023-10-31T08:57:49.042+0000][1836.336s][info ][safepoint     ] Total time for which application threads were stopped: 0.0014627 seconds, Stopping threads took: 0.0005377 seconds
[2023-10-31T08:57:50.042+0000][1837.336s][debug][safepoint     ] Safepoint synchronization initiated. (186 threads)
[2023-10-31T08:57:50.043+0000][1837.337s][info ][safepoint     ] Application time: 1.0007399 seconds
[2023-10-31T08:57:50.044+0000][1837.337s][info ][safepoint     ] Entering safepoint region: Cleanup
[2023-10-31T08:57:50.044+0000][1837.338s][info ][safepoint     ] Leaving safepoint region
[2023-10-31T08:57:50.045+0000][1837.338s][info ][safepoint     ] Total time for which application threads were stopped: 0.0010896 seconds, Stopping threads took: 0.0004704 seconds
[2023-10-31T08:57:51.045+0000][1838.339s][debug][safepoint     ] Safepoint synchronization initiated. (186 threads)
[2023-10-31T08:57:51.046+0000][1838.340s][info ][safepoint     ] Application time: 1.0007865 seconds
[2023-10-31T08:57:51.046+0000][1838.340s][info ][safepoint     ] Entering safepoint region: Cleanup
[2023-10-31T08:57:51.047+0000][1838.341s][info ][safepoint     ] Leaving safepoint region
[2023-10-31T08:57:51.048+0000][1838.341s][info ][safepoint     ] Total time for which application threads were stopped: 0.0012216 seconds, Stopping threads took: 0.0005681 seconds
[2023-10-31T08:57:52.048+0000][1839.342s][debug][safepoint     ] Safepoint synchronization initiated. (187 threads)
[2023-10-31T08:57:52.059+0000][1839.352s][info ][safepoint     ] Application time: 1.0105128 seconds
[2023-10-31T08:57:52.059+0000][1839.353s][info ][safepoint     ] Entering safepoint region: Cleanup
[2023-10-31T08:57:52.060+0000][1839.354s][info ][safepoint     ] Leaving safepoint region
[2023-10-31T08:57:52.060+0000][1839.354s][info ][safepoint     ] Total time for which application threads were stopped: 0.0011165 seconds, Stopping threads took: 0.0005024 seconds
[2023-10-31T08:57:53.061+0000][1840.355s][debug][safepoint     ] Safepoint synchronization initiated. (187 threads)
[2023-10-31T08:57:53.061+0000][1840.355s][info ][safepoint     ] Application time: 1.0006701 seconds
[2023-10-31T08:57:53.062+0000][1840.356s][info ][safepoint     ] Entering safepoint region: Cleanup
[2023-10-31T08:57:53.062+0000][1840.356s][info ][safepoint     ] Leaving safepoint region
[2023-10-31T08:57:53.063+0000][1840.356s][info ][safepoint     ] Total time for which application threads were stopped: 0.0009244 seconds, Stopping threads took: 0.0003847 seconds
[2023-10-31T08:57:54.063+0000][1841.357s][debug][safepoint     ] Safepoint synchronization initiated. (187 threads)
[2023-10-31T08:57:54.064+0000][1841.358s][info ][safepoint     ] Application time: 1.0008458 seconds
[2023-10-31T08:57:54.064+0000][1841.358s][info ][safepoint     ] Entering safepoint region: Cleanup
[2023-10-31T08:57:54.065+0000][1841.359s][info ][safepoint     ] Leaving safepoint region
[2023-10-31T08:57:54.065+0000][1841.359s][info ][safepoint     ] Total time for which application threads were stopped: 0.0010053 seconds, Stopping threads took: 0.0004211 seconds
[2023-10-31T08:57:55.066+0000][1842.360s][debug][safepoint     ] Safepoint synchronization initiated. (187 threads)
[2023-10-31T08:57:55.066+0000][1842.360s][info ][safepoint     ] Application time: 1.0007200 seconds
[2023-10-31T08:57:55.067+0000][1842.361s][info ][safepoint     ] Entering safepoint region: Cleanup
[2023-10-31T08:57:55.067+0000][1842.361s][info ][safepoint     ] Leaving safepoint region
[2023-10-31T08:57:55.068+0000][1842.362s][info ][safepoint     ] Total time for which application threads were stopped: 0.0010120 seconds, Stopping threads took: 0.0003968 seconds
[2023-10-31T08:57:56.068+0000][1843.362s][debug][safepoint     ] Safepoint synchronization initiated. (187 threads)
[2023-10-31T08:57:56.069+0000][1843.363s][info ][safepoint     ] Application time: 1.0007107 seconds
[2023-10-31T08:57:56.069+0000][1843.363s][info ][safepoint     ] Entering safepoint region: Cleanup
[2023-10-31T08:57:56.070+0000][1843.364s][info ][safepoint     ] Leaving safepoint region
[2023-10-31T08:57:56.071+0000][1843.365s][info ][safepoint     ] Total time for which application threads were stopped: 0.0014986 seconds, Stopping threads took: 0.0004695 seconds
[2023-10-31T08:57:57.071+0000][1844.365s][debug][safepoint     ] Safepoint synchronization initiated. (187 threads)
[2023-10-31T08:57:57.072+0000][1844.366s][info ][safepoint     ] Application time: 1.0006368 seconds
[2023-10-31T08:57:57.072+0000][1844.366s][info ][safepoint     ] Entering safepoint region: Cleanup
[2023-10-31T08:57:57.073+0000][1844.367s][info ][safepoint     ] Leaving safepoint region
[2023-10-31T08:57:57.073+0000][1844.367s][info ][safepoint     ] Total time for which application threads were stopped: 0.0009792 seconds, Stopping threads took: 0.0004874 seconds
[2023-10-31T08:57:58.074+0000][1845.368s][debug][safepoint     ] Safepoint synchronization initiated. (187 threads)
[2023-10-31T08:57:58.074+0000][1845.368s][info ][safepoint     ] Application time: 1.0005530 seconds
[2023-10-31T08:57:58.075+0000][1845.368s][info ][safepoint     ] Entering safepoint region: Cleanup
[2023-10-31T08:57:58.075+0000][1845.369s][info ][safepoint     ] Leaving safepoint region
[2023-10-31T08:57:58.076+0000][1845.369s][info ][safepoint     ] Total time for which application threads were stopped: 0.0008340 seconds, Stopping threads took: 0.0003646 seconds
[2023-10-31T08:57:59.076+0000][1846.370s][debug][safepoint     ] Safepoint synchronization initiated. (187 threads)
[2023-10-31T08:57:59.076+0000][1846.370s][info ][safepoint     ] Application time: 1.0005798 seconds
[2023-10-31T08:57:59.077+0000][1846.370s][info ][safepoint     ] Entering safepoint region: Cleanup
[2023-10-31T08:57:59.077+0000][1846.371s][info ][safepoint     ] Leaving safepoint region
[2023-10-31T08:57:59.078+0000][1846.371s][info ][safepoint     ] Total time for which application threads were stopped: 0.0008817 seconds, Stopping threads took: 0.0003506 seconds
[2023-10-31T08:58:00.078+0000][1847.372s][debug][safepoint     ] Safepoint synchronization initiated. (187 threads)
[2023-10-31T08:58:00.079+0000][1847.372s][info ][safepoint     ] Application time: 1.0009209 seconds
[2023-10-31T08:58:00.079+0000][1847.373s][info ][safepoint     ] Entering safepoint region: Cleanup
[2023-10-31T08:58:00.080+0000][1847.374s][info ][safepoint     ] Leaving safepoint region
[2023-10-31T08:58:00.081+0000][1847.374s][info ][safepoint     ] Total time for which application threads were stopped: 0.0011946 seconds, Stopping threads took: 0.0004224 seconds
[2023-10-31T08:58:01.081+0000][1848.375s][debug][safepoint     ] Safepoint synchronization initiated. (187 threads)
[2023-10-31T08:58:01.082+0000][1848.375s][info ][safepoint     ] Application time: 1.0005967 seconds
[2023-10-31T08:58:01.082+0000][1848.376s][info ][safepoint     ] Entering safepoint region: Cleanup
[2023-10-31T08:58:01.083+0000][1848.376s][info ][safepoint     ] Leaving safepoint region
[2023-10-31T08:58:01.083+0000][1848.377s][info ][safepoint     ] Total time for which application threads were stopped: 0.0009115 seconds, Stopping threads took: 0.0003983 seconds
[2023-10-31T08:58:02.084+0000][1849.377s][debug][safepoint     ] Safepoint synchronization initiated. (187 threads)
[2023-10-31T08:58:02.084+0000][1849.378s][info ][safepoint     ] Application time: 1.0011291 seconds
[2023-10-31T08:58:02.085+0000][1849.379s][info ][safepoint     ] Entering safepoint region: Cleanup
[2023-10-31T08:58:02.086+0000][1849.379s][info ][safepoint     ] Leaving safepoint region
[2023-10-31T08:58:02.088+0000][1849.381s][info ][safepoint     ] Total time for which application threads were stopped: 0.0029101 seconds, Stopping threads took: 0.0004874 seconds
[2023-10-31T08:58:03.089+0000][1850.382s][debug][safepoint     ] Safepoint synchronization initiated. (187 threads)
[2023-10-31T08:58:03.089+0000][1850.383s][info ][safepoint     ] Application time: 1.0008255 seconds
[2023-10-31T08:58:03.090+0000][1850.384s][info ][safepoint     ] Entering safepoint region: Cleanup
[2023-10-31T08:58:03.091+0000][1850.385s][info ][safepoint     ] Leaving safepoint region
[2023-10-31T08:58:03.091+0000][1850.385s][info ][safepoint     ] Total time for which application threads were stopped: 0.0015071 seconds, Stopping threads took: 0.0006241 seconds
[2023-10-31T08:58:04.092+0000][1851.386s][debug][safepoint     ] Safepoint synchronization initiated. (187 threads)
[2023-10-31T08:58:04.093+0000][1851.387s][info ][safepoint     ] Application time: 1.0009341 seconds
[2023-10-31T08:58:04.094+0000][1851.388s][info ][safepoint     ] Entering safepoint region: Cleanup
[2023-10-31T08:58:04.095+0000][1851.389s][info ][safepoint     ] Leaving safepoint region
[2023-10-31T08:58:04.096+0000][1851.389s][info ][safepoint     ] Total time for which application threads were stopped: 0.0021710 seconds, Stopping threads took: 0.0015147 seconds
[2023-10-31T08:58:05.097+0000][1852.390s][debug][safepoint     ] Safepoint synchronization initiated. (187 threads)
[2023-10-31T08:58:05.098+0000][1852.391s][info ][safepoint     ] Application time: 1.0013092 seconds
[2023-10-31T08:58:05.099+0000][1852.392s][info ][safepoint     ] Entering safepoint region: Cleanup
[2023-10-31T08:58:05.100+0000][1852.393s][info ][safepoint     ] Leaving safepoint region
[2023-10-31T08:58:05.100+0000][1852.394s][info ][safepoint     ] Total time for which application threads were stopped: 0.0018751 seconds, Stopping threads took: 0.0007983 seconds
[2023-10-31T08:58:06.101+0000][1853.395s][debug][safepoint     ] Safepoint synchronization initiated. (187 threads)
[2023-10-31T08:58:06.102+0000][1853.395s][info ][safepoint     ] Application time: 1.0008168 seconds
[2023-10-31T08:58:06.102+0000][1853.396s][info ][safepoint     ] Entering safepoint region: Cleanup
[2023-10-31T08:58:06.103+0000][1853.397s][info ][safepoint     ] Leaving safepoint region
[2023-10-31T08:58:06.103+0000][1853.397s][info ][safepoint     ] Total time for which application threads were stopped: 0.0012106 seconds, Stopping threads took: 0.0004839 seconds
[2023-10-31T08:58:07.104+0000][1854.398s][debug][safepoint     ] Safepoint synchronization initiated. (187 threads)
[2023-10-31T08:58:07.104+0000][1854.398s][info ][safepoint     ] Application time: 1.0006166 seconds
[2023-10-31T08:58:07.105+0000][1854.398s][info ][safepoint     ] Entering safepoint region: Cleanup
[2023-10-31T08:58:07.105+0000][1854.399s][info ][safepoint     ] Leaving safepoint region
[2023-10-31T08:58:07.106+0000][1854.399s][info ][safepoint     ] Total time for which application threads were stopped: 0.0009217 seconds, Stopping threads took: 0.0004196 seconds
[2023-10-31T08:58:08.106+0000][1855.400s][debug][safepoint     ] Safepoint synchronization initiated. (187 threads)
[2023-10-31T08:58:08.108+0000][1855.401s][info ][safepoint     ] Application time: 1.0016693 seconds
[2023-10-31T08:58:08.110+0000][1855.403s][info ][safepoint     ] Entering safepoint region: Cleanup
[2023-10-31T08:58:08.110+0000][1855.404s][info ][safepoint     ] Leaving safepoint region
[2023-10-31T08:58:08.111+0000][1855.404s][info ][safepoint     ] Total time for which application threads were stopped: 0.0017837 seconds, Stopping threads took: 0.0011665 seconds
[2023-10-31T08:58:09.112+0000][1856.405s][debug][safepoint     ] Safepoint synchronization initiated. (187 threads)
[2023-10-31T08:58:09.113+0000][1856.407s][info ][safepoint     ] Application time: 1.0018636 seconds
[2023-10-31T08:58:09.114+0000][1856.408s][info ][safepoint     ] Entering safepoint region: Cleanup
[2023-10-31T08:58:09.116+0000][1856.409s][info ][safepoint     ] Leaving safepoint region
[2023-10-31T08:58:09.116+0000][1856.410s][info ][safepoint     ] Total time for which application threads were stopped: 0.0021742 seconds, Stopping threads took: 0.0008828 seconds
[2023-10-31T08:58:10.117+0000][1857.411s][debug][safepoint     ] Safepoint synchronization initiated. (187 threads)
[2023-10-31T08:58:10.118+0000][1857.412s][info ][safepoint     ] Application time: 1.0011909 seconds
[2023-10-31T08:58:10.119+0000][1857.413s][info ][safepoint     ] Entering safepoint region: Cleanup
[2023-10-31T08:58:10.120+0000][1857.414s][info ][safepoint     ] Leaving safepoint region
[2023-10-31T08:58:10.121+0000][1857.414s][info ][safepoint     ] Total time for which application threads were stopped: 0.0019737 seconds, Stopping threads took: 0.0008181 seconds
[2023-10-31T08:58:11.122+0000][1858.415s][debug][safepoint     ] Safepoint synchronization initiated. (187 threads)
[2023-10-31T08:58:11.123+0000][1858.416s][info ][safepoint     ] Application time: 1.0012722 seconds
[2023-10-31T08:58:11.124+0000][1858.417s][info ][safepoint     ] Entering safepoint region: Cleanup
[2023-10-31T08:58:11.125+0000][1858.418s][info ][safepoint     ] Leaving safepoint region
[2023-10-31T08:58:11.126+0000][1858.419s][info ][safepoint     ] Total time for which application threads were stopped: 0.0018589 seconds, Stopping threads took: 0.0007496 seconds
[2023-10-31T08:58:12.126+0000][1859.420s][debug][safepoint     ] Safepoint synchronization initiated. (187 threads)
[2023-10-31T08:58:12.127+0000][1859.421s][info ][safepoint     ] Application time: 1.0006633 seconds
[2023-10-31T08:58:12.131+0000][1859.424s][debug][safepoint     ] ... found polling page return exception at pc = 0x00007f62e8ad0d76, stub =0x00007f62e0840600
[2023-10-31T08:58:12.131+0000][1859.424s][debug][safepoint     ] ... found polling page return exception at pc = 0x00007f62e836aed8, stub =0x00007f62e0840600
[2023-10-31T08:58:12.131+0000][1859.424s][debug][safepoint     ] ... found polling page return exception at pc = 0x00007f62e93eb7db, stub =0x00007f62e0840600
[2023-10-31T08:58:12.131+0000][1859.424s][debug][safepoint     ] ... found polling page return exception at pc = 0x00007f62e93eb7db, stub =0x00007f62e0840600
[2023-10-31T08:58:12.131+0000][1859.424s][debug][safepoint     ] ... found polling page return exception at pc = 0x00007f62e93eb7db, stub =0x00007f62e0840600
[2023-10-31T08:58:12.131+0000][1859.424s][debug][safepoint     ] ... found polling page return exception at pc = 0x00007f62e8ad0d76, stub =0x00007f62e0840600
[2023-10-31T08:58:12.131+0000][1859.424s][debug][safepoint     ] ... found polling page return exception at pc = 0x00007f62e93eb7db, stub =0x00007f62e0840600
[2023-10-31T08:58:12.131+0000][1859.424s][debug][safepoint     ] ... found polling page return exception at pc = 0x00007f62e93eb7db, stub =0x00007f62e0840600
[2023-10-31T08:58:12.131+0000][1859.424s][debug][safepoint     ] ... found polling page return exception at pc = 0x00007f62e93eb7db, stub =0x00007f62e0840600
[2023-10-31T08:58:12.131+0000][1859.424s][debug][safepoint     ] ... found polling page return exception at pc = 0x00007f62e93eb7db, stub =0x00007f62e0840600
[2023-10-31T08:58:12.131+0000][1859.424s][debug][safepoint     ] ... found polling page return exception at pc = 0x00007f62e93eb7db, stub =0x00007f62e0840600
[2023-10-31T08:58:12.131+0000][1859.424s][debug][safepoint     ] ... found polling page return exception at pc = 0x00007f62e93eb7db, stub =0x00007f62e0840600
[2023-10-31T08:58:12.131+0000][1859.424s][debug][safepoint     ] ... found polling page return exception at pc = 0x00007f62e93eb7db, stub =0x00007f62e0840600
[2023-10-31T08:58:12.131+0000][1859.424s][debug][safepoint     ] ... found polling page return exception at pc = 0x00007f62e93eb7db, stub =0x00007f62e0840600
[2023-10-31T08:58:12.131+0000][1859.424s][debug][safepoint     ] ... found polling page return exception at pc = 0x00007f62e93eb7db, stub =0x00007f62e0840600
[2023-10-31T08:58:12.131+0000][1859.424s][debug][safepoint     ] ... found polling page return exception at pc = 0x00007f62e93eb7db, stub =0x00007f62e0840600
[2023-10-31T08:58:12.131+0000][1859.424s][debug][safepoint     ] ... found polling page return exception at pc = 0x00007f62e93eb7db, stub =0x00007f62e0840600
[2023-10-31T08:58:12.131+0000][1859.424s][debug][safepoint     ] ... found polling page return exception at pc = 0x00007f62e93eb7db, stub =0x00007f62e0840600
[2023-10-31T08:58:12.131+0000][1859.424s][debug][safepoint     ] ... found polling page return exception at pc = 0x00007f62e93eb7db, stub =0x00007f62e0840600
[2023-10-31T08:58:12.131+0000][1859.424s][debug][safepoint     ] ... found polling page return exception at pc = 0x00007f62e93eb7db, stub =0x00007f62e0840600
[2023-10-31T08:58:12.131+0000][1859.424s][debug][safepoint     ] ... found polling page return exception at pc = 0x00007f62e93eb7db, stub =0x00007f62e0840600
[2023-10-31T08:58:12.131+0000][1859.424s][debug][safepoint     ] ... found polling page return exception at pc = 0x00007f62e8ad0d76, stub =0x00007f62e0840600
[2023-10-31T08:58:12.131+0000][1859.424s][debug][safepoint     ] ... found polling page return exception at pc = 0x00007f62e93eb7db, stub =0x00007f62e0840600
[2023-10-31T08:58:12.131+0000][1859.424s][debug][safepoint     ] ... found polling page return exception at pc = 0x00007f62e93eb7db, stub =0x00007f62e0840600
[2023-10-31T08:58:12.131+0000][1859.424s][debug][safepoint     ] ... found polling page return exception at pc = 0x00007f62e8d4c486, stub =0x00007f62e0840600
[2023-10-31T08:58:12.131+0000][1859.424s][debug][safepoint     ] ... found polling page return exception at pc = 0x00007f62e93eb7db, stub =0x00007f62e0840600
[2023-10-31T08:58:12.131+0000][1859.424s][debug][safepoint     ] ... found polling page return exception at pc = 0x00007f62e93eb7db, stub =0x00007f62e0840600
[2023-10-31T08:58:12.131+0000][1859.424s][debug][safepoint     ] ... found polling page return exception at pc = 0x00007f62e93eb7db, stub =0x00007f62e0840600
[2023-10-31T08:58:12.131+0000][1859.424s][debug][safepoint     ] ... found polling page loop exception at pc = 0x00007f62e93eafe7, stub =0x00007f62e0843680
[2023-10-31T08:58:12.131+0000][1859.424s][debug][safepoint     ] ... found polling page return exception at pc = 0x00007f62e93eb7db, stub =0x00007f62e0840600
[2023-10-31T08:58:12.131+0000][1859.424s][debug][safepoint     ] ... found polling page return exception at pc = 0x00007f62e93eb7db, stub =0x00007f62e0840600
[2023-10-31T08:58:12.142+0000][1859.436s][debug][safepoint     ] ... found polling page return exception at pc = 0x00007f62e93eb7db, stub =0x00007f62e0840600
[2023-10-31T08:58:12.131+0000][1859.424s][debug][safepoint     ] ... found polling page return exception at pc = 0x00007f62e93eb7db, stub =0x00007f62e0840600
[2023-10-31T08:58:12.131+0000][1859.424s][debug][safepoint     ] ... found polling page return exception at pc = 0x00007f62e93eb7db, stub =0x00007f62e0840600
[2023-10-31T08:58:12.131+0000][1859.424s][debug][safepoint     ] ... found polling page return exception at pc = 0x00007f62e93eb7db, stub =0x00007f62e0840600
[2023-10-31T08:58:12.131+0000][1859.425s][debug][safepoint     ] ... found polling page return exception at pc = 0x00007f62e8d4c486, stub =0x00007f62e0840600
[2023-10-31T08:58:12.131+0000][1859.425s][debug][safepoint     ] ... found polling page return exception at pc = 0x00007f62e93eb7db, stub =0x00007f62e0840600
[2023-10-31T08:58:12.142+0000][1859.436s][debug][safepoint     ] ... found polling page return exception at pc = 0x00007f62e93eb7db, stub =0x00007f62e0840600
[2023-10-31T08:58:12.131+0000][1859.424s][debug][safepoint     ] ... found polling page return exception at pc = 0x00007f62e93eb7db, stub =0x00007f62e0840600
[2023-10-31T08:58:12.146+0000][1859.440s][debug][safepoint     ] Waiting for 39 thread(s) to block
[2023-10-31T08:58:12.147+0000][1859.441s][info ][safepoint     ] Entering safepoint region: Cleanup
[2023-10-31T08:58:12.148+0000][1859.441s][info ][safepoint     ] Leaving safepoint region
[2023-10-31T08:58:12.148+0000][1859.442s][info ][safepoint     ] Total time for which application threads were stopped: 0.0206837 seconds, Stopping threads took: 0.0201877 seconds
[2023-10-31T08:58:13.148+0000][1860.442s][debug][safepoint     ] Safepoint synchronization initiated. (186 threads)
[2023-10-31T08:58:13.149+0000][1860.443s][info ][safepoint     ] Application time: 1.0008228 seconds
[2023-10-31T08:58:13.150+0000][1860.443s][info ][safepoint     ] Entering safepoint region: Cleanup
[2023-10-31T08:58:13.150+0000][1860.444s][info ][safepoint     ] Leaving safepoint region
[2023-10-31T08:58:13.151+0000][1860.444s][info ][safepoint     ] Total time for which application threads were stopped: 0.0012337 seconds, Stopping threads took: 0.0005312 seconds
[2023-10-31T08:58:14.151+0000][1861.445s][debug][safepoint     ] Safepoint synchronization initiated. (186 threads)
[2023-10-31T08:58:14.152+0000][1861.446s][info ][safepoint     ] Application time: 1.0007503 seconds
[2023-10-31T08:58:14.153+0000][1861.446s][info ][safepoint     ] Entering safepoint region: Cleanup
[2023-10-31T08:58:14.154+0000][1861.447s][info ][safepoint     ] Leaving safepoint region
[2023-10-31T08:58:14.154+0000][1861.448s][info ][safepoint     ] Total time for which application threads were stopped: 0.0012484 seconds, Stopping threads took: 0.0006209 seconds
[2023-10-31T08:58:15.155+0000][1862.449s][debug][safepoint     ] Safepoint synchronization initiated. (186 threads)
[2023-10-31T08:58:15.156+0000][1862.449s][info ][safepoint     ] Application time: 1.0012752 seconds
[2023-10-31T08:58:15.157+0000][1862.450s][info ][safepoint     ] Entering safepoint region: Cleanup
[2023-10-31T08:58:15.158+0000][1862.451s][info ][safepoint     ] Leaving safepoint region
[2023-10-31T08:58:15.159+0000][1862.452s][info ][safepoint     ] Total time for which application threads were stopped: 0.0021037 seconds, Stopping threads took: 0.0009318 seconds
[2023-10-31T08:58:16.160+0000][1863.453s][debug][safepoint     ] Safepoint synchronization initiated. (186 threads)
[2023-10-31T08:58:16.160+0000][1863.454s][info ][safepoint     ] Application time: 1.0009218 seconds
[2023-10-31T08:58:16.161+0000][1863.454s][info ][safepoint     ] Entering safepoint region: Cleanup
[2023-10-31T08:58:16.162+0000][1863.455s][info ][safepoint     ] Leaving safepoint region
[2023-10-31T08:58:16.162+0000][1863.456s][info ][safepoint     ] Total time for which application threads were stopped: 0.0013426 seconds, Stopping threads took: 0.0005898 seconds
[2023-10-31T08:58:17.163+0000][1864.457s][debug][safepoint     ] Safepoint synchronization initiated. (186 threads)
[2023-10-31T08:58:17.164+0000][1864.457s][info ][safepoint     ] Application time: 1.0010542 seconds
[2023-10-31T08:58:17.164+0000][1864.458s][info ][safepoint     ] Entering safepoint region: Cleanup
[2023-10-31T08:58:17.165+0000][1864.459s][info ][safepoint     ] Leaving safepoint region
[2023-10-31T08:58:17.166+0000][1864.459s][info ][safepoint     ] Total time for which application threads were stopped: 0.0014600 seconds, Stopping threads took: 0.0007367 seconds
[2023-10-31T08:58:18.166+0000][1865.460s][debug][safepoint     ] Safepoint synchronization initiated. (186 threads)
[2023-10-31T08:58:18.167+0000][1865.461s][info ][safepoint     ] Application time: 1.0008524 seconds
[2023-10-31T08:58:18.168+0000][1865.461s][info ][safepoint     ] Entering safepoint region: Cleanup
[2023-10-31T08:58:18.168+0000][1865.462s][info ][safepoint     ] Leaving safepoint region
[2023-10-31T08:58:18.169+0000][1865.462s][info ][safepoint     ] Total time for which application threads were stopped: 0.0011667 seconds, Stopping threads took: 0.0005532 seconds
[2023-10-31T08:58:19.169+0000][1866.463s][debug][safepoint     ] Safepoint synchronization initiated. (186 threads)
[2023-10-31T08:58:19.170+0000][1866.463s][info ][safepoint     ] Application time: 1.0005219 seconds
[2023-10-31T08:58:19.170+0000][1866.464s][info ][safepoint     ] Entering safepoint region: Cleanup
[2023-10-31T08:58:19.170+0000][1866.464s][info ][safepoint     ] Leaving safepoint region
[2023-10-31T08:58:19.171+0000][1866.465s][info ][safepoint     ] Total time for which application threads were stopped: 0.0009194 seconds, Stopping threads took: 0.0003201 seconds
[2023-10-31T08:58:20.172+0000][1867.465s][debug][safepoint     ] Safepoint synchronization initiated. (186 threads)
[2023-10-31T08:58:20.172+0000][1867.466s][info ][safepoint     ] Application time: 1.0011689 seconds
[2023-10-31T08:58:20.173+0000][1867.467s][info ][safepoint     ] Entering safepoint region: Cleanup
[2023-10-31T08:58:20.174+0000][1867.468s][info ][safepoint     ] Leaving safepoint region
[2023-10-31T08:58:20.175+0000][1867.468s][info ][safepoint     ] Total time for which application threads were stopped: 0.0015133 seconds, Stopping threads took: 0.0007458 seconds
[2023-10-31T08:58:21.175+0000][1868.469s][debug][safepoint     ] Safepoint synchronization initiated. (186 threads)
[2023-10-31T08:58:21.176+0000][1868.469s][info ][safepoint     ] Application time: 1.0007866 seconds
[2023-10-31T08:58:21.177+0000][1868.470s][info ][safepoint     ] Entering safepoint region: Cleanup
[2023-10-31T08:58:21.177+0000][1868.471s][info ][safepoint     ] Leaving safepoint region
[2023-10-31T08:58:21.178+0000][1868.471s][info ][safepoint     ] Total time for which application threads were stopped: 0.0013461 seconds, Stopping threads took: 0.0005518 seconds
[2023-10-31T08:58:22.179+0000][1869.472s][debug][safepoint     ] Safepoint synchronization initiated. (186 threads)
[2023-10-31T08:58:22.180+0000][1869.474s][info ][safepoint     ] Application time: 1.0016161 seconds
[2023-10-31T08:58:22.181+0000][1869.475s][info ][safepoint     ] Entering safepoint region: Cleanup
[2023-10-31T08:58:22.182+0000][1869.476s][info ][safepoint     ] Leaving safepoint region
[2023-10-31T08:58:22.183+0000][1869.477s][info ][safepoint     ] Total time for which application threads were stopped: 0.0021384 seconds, Stopping threads took: 0.0010452 seconds
[2023-10-31T08:58:23.184+0000][1870.478s][debug][safepoint     ] Safepoint synchronization initiated. (186 threads)
[2023-10-31T08:58:23.185+0000][1870.478s][info ][safepoint     ] Application time: 1.0007524 seconds
[2023-10-31T08:58:23.186+0000][1870.479s][info ][safepoint     ] Entering safepoint region: Cleanup
[2023-10-31T08:58:23.187+0000][1870.480s][info ][safepoint     ] Leaving safepoint region
[2023-10-31T08:58:23.187+0000][1870.481s][info ][safepoint     ] Total time for which application threads were stopped: 0.0012298 seconds, Stopping threads took: 0.0005422 seconds
[2023-10-31T08:58:24.188+0000][1871.481s][debug][safepoint     ] Safepoint synchronization initiated. (186 threads)
[2023-10-31T08:58:24.189+0000][1871.482s][info ][safepoint     ] Application time: 1.0012049 seconds
[2023-10-31T08:58:24.190+0000][1871.483s][info ][safepoint     ] Entering safepoint region: Cleanup
[2023-10-31T08:58:24.191+0000][1871.484s][info ][safepoint     ] Leaving safepoint region
[2023-10-31T08:58:24.192+0000][1871.485s][info ][safepoint     ] Total time for which application threads were stopped: 0.0021593 seconds, Stopping threads took: 0.0009578 seconds
[2023-10-31T08:58:25.193+0000][1872.486s][debug][safepoint     ] Safepoint synchronization initiated. (186 threads)
[2023-10-31T08:58:25.194+0000][1872.488s][info ][safepoint     ] Application time: 1.0014827 seconds
[2023-10-31T08:58:25.195+0000][1872.489s][info ][safepoint     ] Entering safepoint region: Cleanup
[2023-10-31T08:58:25.196+0000][1872.490s][info ][safepoint     ] Leaving safepoint region
[2023-10-31T08:58:25.197+0000][1872.491s][info ][safepoint     ] Total time for which application threads were stopped: 0.0020053 seconds, Stopping threads took: 0.0007860 seconds
[2023-10-31T08:58:26.198+0000][1873.491s][debug][safepoint     ] Safepoint synchronization initiated. (186 threads)
[2023-10-31T08:58:26.199+0000][1873.492s][info ][safepoint     ] Application time: 1.0012572 seconds
[2023-10-31T08:58:26.200+0000][1873.493s][info ][safepoint     ] Entering safepoint region: Cleanup
[2023-10-31T08:58:26.201+0000][1873.494s][info ][safepoint     ] Leaving safepoint region
[2023-10-31T08:58:26.202+0000][1873.495s][info ][safepoint     ] Total time for which application threads were stopped: 0.0018590 seconds, Stopping threads took: 0.0008784 seconds
[2023-10-31T08:58:27.203+0000][1874.496s][debug][safepoint     ] Safepoint synchronization initiated. (186 threads)
[2023-10-31T08:58:27.204+0000][1874.497s][info ][safepoint     ] Application time: 1.0013953 seconds
[2023-10-31T08:58:27.204+0000][1874.498s][info ][safepoint     ] Entering safepoint region: Cleanup
[2023-10-31T08:58:27.206+0000][1874.499s][info ][safepoint     ] Leaving safepoint region
[2023-10-31T08:58:27.206+0000][1874.500s][info ][safepoint     ] Total time for which application threads were stopped: 0.0020502 seconds, Stopping threads took: 0.0008258 seconds
[2023-10-31T08:58:28.207+0000][1875.501s][debug][safepoint     ] Safepoint synchronization initiated. (186 threads)
[2023-10-31T08:58:28.208+0000][1875.502s][info ][safepoint     ] Application time: 1.0008715 seconds
[2023-10-31T08:58:28.209+0000][1875.502s][info ][safepoint     ] Entering safepoint region: Cleanup
[2023-10-31T08:58:28.209+0000][1875.503s][info ][safepoint     ] Leaving safepoint region
[2023-10-31T08:58:28.210+0000][1875.503s][info ][safepoint     ] Total time for which application threads were stopped: 0.0012104 seconds, Stopping threads took: 0.0005136 seconds
[2023-10-31T08:58:29.211+0000][1876.504s][debug][safepoint     ] Safepoint synchronization initiated. (186 threads)
[2023-10-31T08:58:29.212+0000][1876.505s][info ][safepoint     ] Application time: 1.0012011 seconds
[2023-10-31T08:58:29.212+0000][1876.506s][info ][safepoint     ] Entering safepoint region: Cleanup
[2023-10-31T08:58:29.213+0000][1876.507s][info ][safepoint     ] Leaving safepoint region
[2023-10-31T08:58:29.214+0000][1876.508s][info ][safepoint     ] Total time for which application threads were stopped: 0.0017189 seconds, Stopping threads took: 0.0006802 seconds
[2023-10-31T08:58:30.215+0000][1877.509s][debug][safepoint     ] Safepoint synchronization initiated. (186 threads)
[2023-10-31T08:58:30.216+0000][1877.510s][info ][safepoint     ] Application time: 1.0014012 seconds
[2023-10-31T08:58:30.217+0000][1877.511s][info ][safepoint     ] Entering safepoint region: Cleanup
[2023-10-31T08:58:30.218+0000][1877.512s][info ][safepoint     ] Leaving safepoint region
[2023-10-31T08:58:30.219+0000][1877.512s][info ][safepoint     ] Total time for which application threads were stopped: 0.0018878 seconds, Stopping threads took: 0.0007549 seconds
[2023-10-31T08:58:31.220+0000][1878.513s][debug][safepoint     ] Safepoint synchronization initiated. (186 threads)
[2023-10-31T08:58:31.221+0000][1878.514s][info ][safepoint     ] Application time: 1.0012054 seconds
[2023-10-31T08:58:31.222+0000][1878.515s][info ][safepoint     ] Entering safepoint region: Cleanup
[2023-10-31T08:58:31.223+0000][1878.516s][info ][safepoint     ] Leaving safepoint region
[2023-10-31T08:58:31.223+0000][1878.517s][info ][safepoint     ] Total time for which application threads were stopped: 0.0018409 seconds, Stopping threads took: 0.0007424 seconds
[2023-10-31T08:58:32.224+0000][1879.518s][debug][safepoint     ] Safepoint synchronization initiated. (186 threads)
[2023-10-31T08:58:32.225+0000][1879.518s][info ][safepoint     ] Application time: 1.0007230 seconds
[2023-10-31T08:58:32.225+0000][1879.519s][info ][safepoint     ] Entering safepoint region: Cleanup
[2023-10-31T08:58:32.226+0000][1879.519s][info ][safepoint     ] Leaving safepoint region
[2023-10-31T08:58:32.226+0000][1879.520s][info ][safepoint     ] Total time for which application threads were stopped: 0.0013075 seconds, Stopping threads took: 0.0005581 seconds
[2023-10-31T08:58:33.227+0000][1880.521s][debug][safepoint     ] Safepoint synchronization initiated. (186 threads)
[2023-10-31T08:58:33.228+0000][1880.521s][info ][safepoint     ] Application time: 1.0011063 seconds
[2023-10-31T08:58:33.229+0000][1880.522s][info ][safepoint     ] Entering safepoint region: Cleanup
[2023-10-31T08:58:33.229+0000][1880.523s][info ][safepoint     ] Leaving safepoint region
[2023-10-31T08:58:33.230+0000][1880.523s][info ][safepoint     ] Total time for which application threads were stopped: 0.0013241 seconds, Stopping threads took: 0.0005849 seconds
[2023-10-31T08:58:34.231+0000][1881.524s][debug][safepoint     ] Safepoint synchronization initiated. (186 threads)
[2023-10-31T08:58:34.232+0000][1881.525s][info ][safepoint     ] Application time: 1.0014738 seconds
[2023-10-31T08:58:34.233+0000][1881.526s][info ][safepoint     ] Entering safepoint region: Cleanup
[2023-10-31T08:58:34.234+0000][1881.528s][info ][safepoint     ] Leaving safepoint region
[2023-10-31T08:58:34.235+0000][1881.529s][info ][safepoint     ] Total time for which application threads were stopped: 0.0022559 seconds, Stopping threads took: 0.0009977 seconds
[2023-10-31T08:58:35.236+0000][1882.529s][debug][safepoint     ] Safepoint synchronization initiated. (186 threads)
[2023-10-31T08:58:35.237+0000][1882.530s][info ][safepoint     ] Application time: 1.0006615 seconds
[2023-10-31T08:58:35.237+0000][1882.530s][info ][safepoint     ] Entering safepoint region: Cleanup
[2023-10-31T08:58:35.238+0000][1882.531s][info ][safepoint     ] Leaving safepoint region
[2023-10-31T08:58:35.238+0000][1882.531s][info ][safepoint     ] Total time for which application threads were stopped: 0.0010007 seconds, Stopping threads took: 0.0004058 seconds
[2023-10-31T08:58:36.239+0000][1883.532s][debug][safepoint     ] Safepoint synchronization initiated. (186 threads)
[2023-10-31T08:58:36.240+0000][1883.533s][info ][safepoint     ] Application time: 1.0012569 seconds
[2023-10-31T08:58:36.240+0000][1883.534s][info ][safepoint     ] Entering safepoint region: Cleanup
[2023-10-31T08:58:36.242+0000][1883.535s][info ][safepoint     ] Leaving safepoint region
[2023-10-31T08:58:36.242+0000][1883.536s][info ][safepoint     ] Total time for which application threads were stopped: 0.0019131 seconds, Stopping threads took: 0.0008858 seconds
[2023-10-31T08:58:37.243+0000][1884.536s][debug][safepoint     ] Safepoint synchronization initiated. (186 threads)
[2023-10-31T08:58:37.244+0000][1884.537s][info ][safepoint     ] Application time: 1.0006922 seconds
[2023-10-31T08:58:37.244+0000][1884.538s][info ][safepoint     ] Entering safepoint region: Cleanup
[2023-10-31T08:58:37.245+0000][1884.538s][info ][safepoint     ] Leaving safepoint region
[2023-10-31T08:58:37.245+0000][1884.539s][info ][safepoint     ] Total time for which application threads were stopped: 0.0011477 seconds, Stopping threads took: 0.0004096 seconds
[2023-10-31T08:58:38.246+0000][1885.539s][debug][safepoint     ] Safepoint synchronization initiated. (186 threads)
[2023-10-31T08:58:38.246+0000][1885.540s][info ][safepoint     ] Application time: 1.0007345 seconds
[2023-10-31T08:58:38.247+0000][1885.540s][info ][safepoint     ] Entering safepoint region: Cleanup
[2023-10-31T08:58:38.248+0000][1885.541s][info ][safepoint     ] Leaving safepoint region
[2023-10-31T08:58:38.248+0000][1885.542s][info ][safepoint     ] Total time for which application threads were stopped: 0.0012072 seconds, Stopping threads took: 0.0005829 seconds
[2023-10-31T08:58:39.249+0000][1886.542s][debug][safepoint     ] Safepoint synchronization initiated. (186 threads)
[2023-10-31T08:58:39.249+0000][1886.542s][info ][safepoint     ] Application time: 1.0004995 seconds
[2023-10-31T08:58:39.249+0000][1886.543s][info ][safepoint     ] Entering safepoint region: Cleanup
[2023-10-31T08:58:39.250+0000][1886.543s][info ][safepoint     ] Leaving safepoint region
[2023-10-31T08:58:39.250+0000][1886.544s][info ][safepoint     ] Total time for which application threads were stopped: 0.0009152 seconds, Stopping threads took: 0.0004016 seconds
[2023-10-31T08:58:40.251+0000][1887.544s][debug][safepoint     ] Safepoint synchronization initiated. (186 threads)
[2023-10-31T08:58:40.252+0000][1887.545s][info ][safepoint     ] Application time: 1.0011138 seconds
[2023-10-31T08:58:40.252+0000][1887.546s][info ][safepoint     ] Entering safepoint region: Cleanup
[2023-10-31T08:58:40.254+0000][1887.547s][info ][safepoint     ] Leaving safepoint region
[2023-10-31T08:58:40.254+0000][1887.548s][info ][safepoint     ] Total time for which application threads were stopped: 0.0017711 seconds, Stopping threads took: 0.0007876 seconds
[2023-10-31T08:58:41.255+0000][1888.548s][debug][safepoint     ] Safepoint synchronization initiated. (186 threads)
[2023-10-31T08:58:41.256+0000][1888.550s][info ][safepoint     ] Application time: 1.0015628 seconds
[2023-10-31T08:58:41.257+0000][1888.551s][info ][safepoint     ] Entering safepoint region: Cleanup
[2023-10-31T08:58:41.258+0000][1888.552s][info ][safepoint     ] Leaving safepoint region
[2023-10-31T08:58:41.259+0000][1888.552s][info ][safepoint     ] Total time for which application threads were stopped: 0.0018644 seconds, Stopping threads took: 0.0008699 seconds
[2023-10-31T08:58:42.260+0000][1889.553s][debug][safepoint     ] Safepoint synchronization initiated. (186 threads)
[2023-10-31T08:58:42.261+0000][1889.554s][info ][safepoint     ] Application time: 1.0013652 seconds
[2023-10-31T08:58:42.262+0000][1889.556s][info ][safepoint     ] Entering safepoint region: Cleanup
[2023-10-31T08:58:42.263+0000][1889.557s][info ][safepoint     ] Leaving safepoint region
[2023-10-31T08:58:42.264+0000][1889.558s][info ][safepoint     ] Total time for which application threads were stopped: 0.0020148 seconds, Stopping threads took: 0.0008288 seconds
[2023-10-31T08:58:43.265+0000][1890.558s][debug][safepoint     ] Safepoint synchronization initiated. (186 threads)
[2023-10-31T08:58:43.266+0000][1890.560s][info ][safepoint     ] Application time: 1.0012934 seconds
[2023-10-31T08:58:43.267+0000][1890.560s][info ][safepoint     ] Entering safepoint region: Cleanup
[2023-10-31T08:58:43.268+0000][1890.561s][info ][safepoint     ] Leaving safepoint region
[2023-10-31T08:58:43.269+0000][1890.562s][info ][safepoint     ] Total time for which application threads were stopped: 0.0019513 seconds, Stopping threads took: 0.0008270 seconds
[2023-10-31T08:58:44.270+0000][1891.563s][debug][safepoint     ] Safepoint synchronization initiated. (186 threads)
[2023-10-31T08:58:44.270+0000][1891.564s][info ][safepoint     ] Application time: 1.0007211 seconds
[2023-10-31T08:58:44.270+0000][1891.564s][info ][safepoint     ] Entering safepoint region: Cleanup
[2023-10-31T08:58:44.271+0000][1891.565s][info ][safepoint     ] Leaving safepoint region
[2023-10-31T08:58:44.272+0000][1891.565s][info ][safepoint     ] Total time for which application threads were stopped: 0.0010533 seconds, Stopping threads took: 0.0003787 seconds
[2023-10-31T08:58:45.272+0000][1892.566s][debug][safepoint     ] Safepoint synchronization initiated. (186 threads)
[2023-10-31T08:58:45.273+0000][1892.566s][info ][safepoint     ] Application time: 1.0009694 seconds
[2023-10-31T08:58:45.273+0000][1892.567s][info ][safepoint     ] Entering safepoint region: Cleanup
[2023-10-31T08:58:45.274+0000][1892.568s][info ][safepoint     ] Leaving safepoint region
[2023-10-31T08:58:45.275+0000][1892.568s][info ][safepoint     ] Total time for which application threads were stopped: 0.0013711 seconds, Stopping threads took: 0.0006254 seconds
[2023-10-31T08:58:46.275+0000][1893.569s][debug][safepoint     ] Safepoint synchronization initiated. (186 threads)
[2023-10-31T08:58:46.276+0000][1893.570s][info ][safepoint     ] Application time: 1.0009043 seconds
[2023-10-31T08:58:46.277+0000][1893.570s][info ][safepoint     ] Entering safepoint region: Cleanup
[2023-10-31T08:58:46.278+0000][1893.571s][info ][safepoint     ] Leaving safepoint region
[2023-10-31T08:58:46.278+0000][1893.572s][info ][safepoint     ] Total time for which application threads were stopped: 0.0013686 seconds, Stopping threads took: 0.0006117 seconds
[2023-10-31T08:58:47.279+0000][1894.572s][debug][safepoint     ] Safepoint synchronization initiated. (186 threads)
[2023-10-31T08:58:47.279+0000][1894.573s][info ][safepoint     ] Application time: 1.0009266 seconds
[2023-10-31T08:58:47.280+0000][1894.574s][info ][safepoint     ] Entering safepoint region: Cleanup
[2023-10-31T08:58:47.281+0000][1894.574s][info ][safepoint     ] Leaving safepoint region
[2023-10-31T08:58:47.282+0000][1894.575s][info ][safepoint     ] Total time for which application threads were stopped: 0.0015434 seconds, Stopping threads took: 0.0006231 seconds
[2023-10-31T08:58:48.282+0000][1895.576s][debug][safepoint     ] Safepoint synchronization initiated. (186 threads)
[2023-10-31T08:58:48.283+0000][1895.577s][info ][safepoint     ] Application time: 1.0013673 seconds
[2023-10-31T08:58:48.284+0000][1895.578s][info ][safepoint     ] Entering safepoint region: Cleanup
[2023-10-31T08:58:48.286+0000][1895.579s][info ][safepoint     ] Leaving safepoint region
[2023-10-31T08:58:48.287+0000][1895.580s][info ][safepoint     ] Total time for which application threads were stopped: 0.0025276 seconds, Stopping threads took: 0.0010424 seconds
[2023-10-31T08:58:49.288+0000][1896.581s][debug][safepoint     ] Safepoint synchronization initiated. (186 threads)
[2023-10-31T08:58:49.289+0000][1896.582s][info ][safepoint     ] Application time: 1.0010687 seconds
[2023-10-31T08:58:49.289+0000][1896.583s][info ][safepoint     ] Entering safepoint region: Cleanup
[2023-10-31T08:58:49.290+0000][1896.584s][info ][safepoint     ] Leaving safepoint region
[2023-10-31T08:58:49.291+0000][1896.584s][info ][safepoint     ] Total time for which application threads were stopped: 0.0014264 seconds, Stopping threads took: 0.0006897 seconds
[2023-10-31T08:58:50.291+0000][1897.585s][debug][safepoint     ] Safepoint synchronization initiated. (186 threads)
[2023-10-31T08:58:50.292+0000][1897.585s][info ][safepoint     ] Application time: 1.0006786 seconds
[2023-10-31T08:58:50.293+0000][1897.586s][info ][safepoint     ] Entering safepoint region: Cleanup
[2023-10-31T08:58:50.293+0000][1897.587s][info ][safepoint     ] Leaving safepoint region
[2023-10-31T08:58:50.294+0000][1897.587s][info ][safepoint     ] Total time for which application threads were stopped: 0.0011811 seconds, Stopping threads took: 0.0004852 seconds
[2023-10-31T08:58:51.295+0000][1898.588s][debug][safepoint     ] Safepoint synchronization initiated. (186 threads)
[2023-10-31T08:58:51.296+0000][1898.589s][info ][safepoint     ] Application time: 1.0014926 seconds
[2023-10-31T08:58:51.297+0000][1898.590s][info ][safepoint     ] Entering safepoint region: Cleanup
[2023-10-31T08:58:51.298+0000][1898.592s][info ][safepoint     ] Leaving safepoint region
[2023-10-31T08:58:51.299+0000][1898.592s][info ][safepoint     ] Total time for which application threads were stopped: 0.0023614 seconds, Stopping threads took: 0.0010026 seconds
[2023-10-31T08:58:52.300+0000][1899.593s][debug][safepoint     ] Safepoint synchronization initiated. (186 threads)
[2023-10-31T08:58:52.301+0000][1899.594s][info ][safepoint     ] Application time: 1.0011404 seconds
[2023-10-31T08:58:52.302+0000][1899.595s][info ][safepoint     ] Entering safepoint region: Cleanup
[2023-10-31T08:58:52.302+0000][1899.596s][info ][safepoint     ] Leaving safepoint region
[2023-10-31T08:58:52.303+0000][1899.597s][info ][safepoint     ] Total time for which application threads were stopped: 0.0015641 seconds, Stopping threads took: 0.0006631 seconds
[2023-10-31T08:58:53.304+0000][1900.597s][debug][safepoint     ] Safepoint synchronization initiated. (186 threads)
[2023-10-31T08:58:53.305+0000][1900.598s][info ][safepoint     ] Application time: 1.0012053 seconds
[2023-10-31T08:58:53.306+0000][1900.599s][info ][safepoint     ] Entering safepoint region: Cleanup
[2023-10-31T08:58:53.307+0000][1900.600s][info ][safepoint     ] Leaving safepoint region
[2023-10-31T08:58:53.308+0000][1900.601s][info ][safepoint     ] Total time for which application threads were stopped: 0.0020192 seconds, Stopping threads took: 0.0008877 seconds
[2023-10-31T08:58:54.309+0000][1901.603s][debug][safepoint     ] Safepoint synchronization initiated. (186 threads)
[2023-10-31T08:58:54.310+0000][1901.604s][info ][safepoint     ] Application time: 1.0017663 seconds
[2023-10-31T08:58:54.311+0000][1901.604s][info ][safepoint     ] Entering safepoint region: Cleanup
[2023-10-31T08:58:54.311+0000][1901.605s][info ][safepoint     ] Leaving safepoint region
[2023-10-31T08:58:54.312+0000][1901.605s][info ][safepoint     ] Total time for which application threads were stopped: 0.0010906 seconds, Stopping threads took: 0.0005451 seconds
[2023-10-31T08:58:55.313+0000][1902.606s][debug][safepoint     ] Safepoint synchronization initiated. (186 threads)
[2023-10-31T08:58:55.314+0000][1902.608s][info ][safepoint     ] Application time: 1.0021882 seconds
[2023-10-31T08:58:55.315+0000][1902.608s][info ][safepoint     ] Entering safepoint region: Cleanup
[2023-10-31T08:58:55.316+0000][1902.610s][info ][safepoint     ] Leaving safepoint region
[2023-10-31T08:58:55.317+0000][1902.610s][info ][safepoint     ] Total time for which application threads were stopped: 0.0017309 seconds, Stopping threads took: 0.0010466 seconds
[2023-10-31T08:58:56.317+0000][1903.611s][debug][safepoint     ] Safepoint synchronization initiated. (186 threads)
[2023-10-31T08:58:56.318+0000][1903.611s][info ][safepoint     ] Application time: 1.0005851 seconds
[2023-10-31T08:58:56.318+0000][1903.611s][info ][safepoint     ] Entering safepoint region: Cleanup
[2023-10-31T08:58:56.318+0000][1903.612s][info ][safepoint     ] Leaving safepoint region
[2023-10-31T08:58:56.319+0000][1903.612s][info ][safepoint     ] Total time for which application threads were stopped: 0.0007992 seconds, Stopping threads took: 0.0003265 seconds
[2023-10-31T08:58:57.319+0000][1904.613s][debug][safepoint     ] Safepoint synchronization initiated. (186 threads)
[2023-10-31T08:58:57.320+0000][1904.613s][info ][safepoint     ] Application time: 1.0008843 seconds
[2023-10-31T08:58:57.320+0000][1904.614s][info ][safepoint     ] Entering safepoint region: Cleanup
[2023-10-31T08:58:57.321+0000][1904.615s][info ][safepoint     ] Leaving safepoint region
[2023-10-31T08:58:57.322+0000][1904.615s][info ][safepoint     ] Total time for which application threads were stopped: 0.0012686 seconds, Stopping threads took: 0.0004661 seconds
[2023-10-31T08:58:58.323+0000][1905.616s][debug][safepoint     ] Safepoint synchronization initiated. (186 threads)
[2023-10-31T08:58:58.323+0000][1905.617s][info ][safepoint     ] Application time: 1.0010501 seconds
[2023-10-31T08:58:58.324+0000][1905.617s][info ][safepoint     ] Entering safepoint region: Cleanup
[2023-10-31T08:58:58.325+0000][1905.619s][info ][safepoint     ] Leaving safepoint region
[2023-10-31T08:58:58.326+0000][1905.619s][info ][safepoint     ] Total time for which application threads were stopped: 0.0019300 seconds, Stopping threads took: 0.0006631 seconds
[2023-10-31T08:58:59.327+0000][1906.620s][debug][safepoint     ] Safepoint synchronization initiated. (186 threads)
[2023-10-31T08:58:59.328+0000][1906.621s][info ][safepoint     ] Application time: 1.0012097 seconds
[2023-10-31T08:58:59.329+0000][1906.622s][info ][safepoint     ] Entering safepoint region: Cleanup
[2023-10-31T08:58:59.330+0000][1906.623s][info ][safepoint     ] Leaving safepoint region
[2023-10-31T08:58:59.330+0000][1906.624s][info ][safepoint     ] Total time for which application threads were stopped: 0.0016684 seconds, Stopping threads took: 0.0007206 seconds
[2023-10-31T08:59:00.331+0000][1907.625s][debug][safepoint     ] Safepoint synchronization initiated. (186 threads)
[2023-10-31T08:59:00.332+0000][1907.625s][info ][safepoint     ] Application time: 1.0010603 seconds
[2023-10-31T08:59:00.333+0000][1907.626s][info ][safepoint     ] Entering safepoint region: Cleanup
[2023-10-31T08:59:00.333+0000][1907.627s][info ][safepoint     ] Leaving safepoint region
[2023-10-31T08:59:00.334+0000][1907.627s][info ][safepoint     ] Total time for which application threads were stopped: 0.0012372 seconds, Stopping threads took: 0.0004822 seconds
[2023-10-31T08:59:01.334+0000][1908.628s][debug][safepoint     ] Safepoint synchronization initiated. (186 threads)
[2023-10-31T08:59:01.335+0000][1908.628s][info ][safepoint     ] Application time: 1.0006986 seconds
[2023-10-31T08:59:01.336+0000][1908.629s][info ][safepoint     ] Entering safepoint region: Cleanup
[2023-10-31T08:59:01.336+0000][1908.630s][info ][safepoint     ] Leaving safepoint region
[2023-10-31T08:59:01.337+0000][1908.630s][info ][safepoint     ] Total time for which application threads were stopped: 0.0012004 seconds, Stopping threads took: 0.0005360 seconds
[2023-10-31T08:59:02.338+0000][1909.631s][debug][safepoint     ] Safepoint synchronization initiated. (186 threads)
[2023-10-31T08:59:02.339+0000][1909.632s][info ][safepoint     ] Application time: 1.0016083 seconds
[2023-10-31T08:59:02.340+0000][1909.633s][info ][safepoint     ] Entering safepoint region: Cleanup
[2023-10-31T08:59:02.341+0000][1909.635s][info ][safepoint     ] Leaving safepoint region
[2023-10-31T08:59:02.342+0000][1909.636s][info ][safepoint     ] Total time for which application threads were stopped: 0.0024481 seconds, Stopping threads took: 0.0011335 seconds
[2023-10-31T08:59:03.344+0000][1910.637s][debug][safepoint     ] Safepoint synchronization initiated. (186 threads)
[2023-10-31T08:59:03.344+0000][1910.638s][info ][safepoint     ] Application time: 1.0009433 seconds
[2023-10-31T08:59:03.345+0000][1910.638s][info ][safepoint     ] Entering safepoint region: Cleanup
[2023-10-31T08:59:03.346+0000][1910.639s][info ][safepoint     ] Leaving safepoint region
[2023-10-31T08:59:03.346+0000][1910.640s][info ][safepoint     ] Total time for which application threads were stopped: 0.0012485 seconds, Stopping threads took: 0.0005886 seconds
[2023-10-31T08:59:04.347+0000][1911.640s][debug][safepoint     ] Safepoint synchronization initiated. (186 threads)
[2023-10-31T08:59:04.348+0000][1911.642s][info ][safepoint     ] Application time: 1.0015446 seconds
[2023-10-31T08:59:04.349+0000][1911.643s][info ][safepoint     ] Entering safepoint region: Cleanup
[2023-10-31T08:59:04.350+0000][1911.644s][info ][safepoint     ] Leaving safepoint region
[2023-10-31T08:59:04.351+0000][1911.645s][info ][safepoint     ] Total time for which application threads were stopped: 0.0019882 seconds, Stopping threads took: 0.0007862 seconds
[2023-10-31T08:59:05.352+0000][1912.646s][debug][safepoint     ] Safepoint synchronization initiated. (186 threads)
[2023-10-31T08:59:05.353+0000][1912.646s][info ][safepoint     ] Application time: 1.0008208 seconds
[2023-10-31T08:59:05.353+0000][1912.647s][info ][safepoint     ] Entering safepoint region: Cleanup
[2023-10-31T08:59:05.354+0000][1912.647s][info ][safepoint     ] Leaving safepoint region
[2023-10-31T08:59:05.355+0000][1912.648s][info ][safepoint     ] Total time for which application threads were stopped: 0.0012360 seconds, Stopping threads took: 0.0005796 seconds
[2023-10-31T08:59:06.355+0000][1913.648s][debug][safepoint     ] Safepoint synchronization initiated. (186 threads)
[2023-10-31T08:59:06.356+0000][1913.649s][info ][safepoint     ] Application time: 1.0007489 seconds
[2023-10-31T08:59:06.356+0000][1913.650s][info ][safepoint     ] Entering safepoint region: Cleanup
[2023-10-31T08:59:06.357+0000][1913.651s][info ][safepoint     ] Leaving safepoint region
[2023-10-31T08:59:06.358+0000][1913.651s][info ][safepoint     ] Total time for which application threads were stopped: 0.0020262 seconds, Stopping threads took: 0.0005176 seconds
[2023-10-31T08:59:07.359+0000][1914.652s][debug][safepoint     ] Safepoint synchronization initiated. (186 threads)
[2023-10-31T08:59:07.360+0000][1914.653s][info ][safepoint     ] Application time: 1.0012304 seconds
[2023-10-31T08:59:07.361+0000][1914.654s][info ][safepoint     ] Entering safepoint region: Cleanup
[2023-10-31T08:59:07.362+0000][1914.655s][info ][safepoint     ] Leaving safepoint region
[2023-10-31T08:59:07.363+0000][1914.656s][info ][safepoint     ] Total time for which application threads were stopped: 0.0021451 seconds, Stopping threads took: 0.0009370 seconds
[2023-10-31T08:59:08.364+0000][1915.657s][debug][safepoint     ] Safepoint synchronization initiated. (186 threads)
[2023-10-31T08:59:08.365+0000][1915.658s][info ][safepoint     ] Application time: 1.0011016 seconds
[2023-10-31T08:59:08.366+0000][1915.659s][info ][safepoint     ] Entering safepoint region: Cleanup
[2023-10-31T08:59:08.367+0000][1915.660s][info ][safepoint     ] Leaving safepoint region
[2023-10-31T08:59:08.367+0000][1915.661s][info ][safepoint     ] Total time for which application threads were stopped: 0.0018299 seconds, Stopping threads took: 0.0007664 seconds
[2023-10-31T08:59:09.368+0000][1916.662s][debug][safepoint     ] Safepoint synchronization initiated. (186 threads)
[2023-10-31T08:59:09.369+0000][1916.662s][info ][safepoint     ] Application time: 1.0008413 seconds
[2023-10-31T08:59:09.369+0000][1916.663s][info ][safepoint     ] Entering safepoint region: Cleanup
[2023-10-31T08:59:09.370+0000][1916.663s][info ][safepoint     ] Leaving safepoint region
[2023-10-31T08:59:09.371+0000][1916.664s][info ][safepoint     ] Total time for which application threads were stopped: 0.0012544 seconds, Stopping threads took: 0.0005229 seconds
[2023-10-31T08:59:10.371+0000][1917.665s][debug][safepoint     ] Safepoint synchronization initiated. (186 threads)
[2023-10-31T08:59:10.372+0000][1917.666s][info ][safepoint     ] Application time: 1.0013603 seconds
[2023-10-31T08:59:10.373+0000][1917.667s][info ][safepoint     ] Entering safepoint region: Cleanup
[2023-10-31T08:59:10.375+0000][1917.668s][info ][safepoint     ] Leaving safepoint region
[2023-10-31T08:59:10.376+0000][1917.669s][info ][safepoint     ] Total time for which application threads were stopped: 0.0022835 seconds, Stopping threads took: 0.0009015 seconds
[2023-10-31T08:59:11.377+0000][1918.670s][debug][safepoint     ] Safepoint synchronization initiated. (186 threads)
[2023-10-31T08:59:11.378+0000][1918.671s][info ][safepoint     ] Application time: 1.0015000 seconds
[2023-10-31T08:59:11.379+0000][1918.672s][info ][safepoint     ] Entering safepoint region: Cleanup
[2023-10-31T08:59:11.380+0000][1918.673s][info ][safepoint     ] Leaving safepoint region
[2023-10-31T08:59:11.381+0000][1918.674s][info ][safepoint     ] Total time for which application threads were stopped: 0.0020437 seconds, Stopping threads took: 0.0009198 seconds
[2023-10-31T08:59:12.382+0000][1919.675s][debug][safepoint     ] Safepoint synchronization initiated. (186 threads)
[2023-10-31T08:59:12.383+0000][1919.676s][info ][safepoint     ] Application time: 1.0011354 seconds
[2023-10-31T08:59:12.384+0000][1919.677s][info ][safepoint     ] Entering safepoint region: Cleanup
[2023-10-31T08:59:12.385+0000][1919.678s][info ][safepoint     ] Leaving safepoint region
[2023-10-31T08:59:12.386+0000][1919.679s][info ][safepoint     ] Total time for which application threads were stopped: 0.0019636 seconds, Stopping threads took: 0.0008183 seconds
[2023-10-31T08:59:13.386+0000][1920.680s][debug][safepoint     ] Safepoint synchronization initiated. (186 threads)
[2023-10-31T08:59:13.387+0000][1920.681s][info ][safepoint     ] Application time: 1.0009399 seconds
[2023-10-31T08:59:13.388+0000][1920.681s][info ][safepoint     ] Entering safepoint region: Cleanup
[2023-10-31T08:59:13.388+0000][1920.682s][info ][safepoint     ] Leaving safepoint region
[2023-10-31T08:59:13.389+0000][1920.682s][info ][safepoint     ] Total time for which application threads were stopped: 0.0013007 seconds, Stopping threads took: 0.0006119 seconds
[2023-10-31T08:59:14.390+0000][1921.683s][debug][safepoint     ] Safepoint synchronization initiated. (186 threads)
[2023-10-31T08:59:14.390+0000][1921.684s][info ][safepoint     ] Application time: 1.0007428 seconds
[2023-10-31T08:59:14.391+0000][1921.684s][info ][safepoint     ] Entering safepoint region: Cleanup
[2023-10-31T08:59:14.391+0000][1921.684s][info ][safepoint     ] Leaving safepoint region
[2023-10-31T08:59:14.391+0000][1921.685s][info ][safepoint     ] Total time for which application threads were stopped: 0.0009022 seconds, Stopping threads took: 0.0003959 seconds
[2023-10-31T08:59:15.392+0000][1922.685s][debug][safepoint     ] Safepoint synchronization initiated. (186 threads)
[2023-10-31T08:59:15.392+0000][1922.686s][info ][safepoint     ] Application time: 1.0007588 seconds
[2023-10-31T08:59:15.393+0000][1922.686s][info ][safepoint     ] Entering safepoint region: Cleanup
[2023-10-31T08:59:15.394+0000][1922.687s][info ][safepoint     ] Leaving safepoint region
[2023-10-31T08:59:15.394+0000][1922.688s][info ][safepoint     ] Total time for which application threads were stopped: 0.0011746 seconds, Stopping threads took: 0.0005735 seconds
[2023-10-31T08:59:16.395+0000][1923.688s][debug][safepoint     ] Safepoint synchronization initiated. (186 threads)
[2023-10-31T08:59:16.396+0000][1923.689s][info ][safepoint     ] Application time: 1.0013846 seconds
[2023-10-31T08:59:16.397+0000][1923.690s][info ][safepoint     ] Entering safepoint region: Cleanup
[2023-10-31T08:59:16.398+0000][1923.692s][info ][safepoint     ] Leaving safepoint region
[2023-10-31T08:59:16.399+0000][1923.693s][info ][safepoint     ] Total time for which application threads were stopped: 0.0021750 seconds, Stopping threads took: 0.0008900 seconds
[2023-10-31T08:59:17.400+0000][1924.693s][debug][safepoint     ] Safepoint synchronization initiated. (186 threads)
[2023-10-31T08:59:17.401+0000][1924.694s][info ][safepoint     ] Application time: 1.0006340 seconds
[2023-10-31T08:59:17.401+0000][1924.694s][info ][safepoint     ] Entering safepoint region: Cleanup
[2023-10-31T08:59:17.402+0000][1924.695s][info ][safepoint     ] Leaving safepoint region
[2023-10-31T08:59:17.402+0000][1924.695s][info ][safepoint     ] Total time for which application threads were stopped: 0.0009805 seconds, Stopping threads took: 0.0004120 seconds
[2023-10-31T08:59:18.403+0000][1925.696s][debug][safepoint     ] Safepoint synchronization initiated. (186 threads)
[2023-10-31T08:59:18.404+0000][1925.697s][info ][safepoint     ] Application time: 1.0014910 seconds
[2023-10-31T08:59:18.405+0000][1925.698s][info ][safepoint     ] Entering safepoint region: Cleanup
[2023-10-31T08:59:18.406+0000][1925.700s][info ][safepoint     ] Leaving safepoint region
[2023-10-31T08:59:18.407+0000][1925.700s][info ][safepoint     ] Total time for which application threads were stopped: 0.0022993 seconds, Stopping threads took: 0.0010088 seconds
[2023-10-31T08:59:19.408+0000][1926.702s][debug][safepoint     ] Safepoint synchronization initiated. (186 threads)
[2023-10-31T08:59:19.409+0000][1926.702s][info ][safepoint     ] Application time: 1.0012778 seconds
[2023-10-31T08:59:19.410+0000][1926.703s][info ][safepoint     ] Entering safepoint region: Cleanup
[2023-10-31T08:59:19.411+0000][1926.704s][info ][safepoint     ] Leaving safepoint region
[2023-10-31T08:59:19.412+0000][1926.705s][info ][safepoint     ] Total time for which application threads were stopped: 0.0017830 seconds, Stopping threads took: 0.0007734 seconds
[2023-10-31T08:59:20.413+0000][1927.706s][debug][safepoint     ] Safepoint synchronization initiated. (186 threads)
[2023-10-31T08:59:20.413+0000][1927.707s][info ][safepoint     ] Application time: 1.0009926 seconds
[2023-10-31T08:59:20.414+0000][1927.707s][info ][safepoint     ] Entering safepoint region: Cleanup
[2023-10-31T08:59:20.415+0000][1927.708s][info ][safepoint     ] Leaving safepoint region
[2023-10-31T08:59:20.415+0000][1927.709s][info ][safepoint     ] Total time for which application threads were stopped: 0.0013390 seconds, Stopping threads took: 0.0005490 seconds
[2023-10-31T08:59:21.416+0000][1928.710s][debug][safepoint     ] Safepoint synchronization initiated. (186 threads)
[2023-10-31T08:59:21.417+0000][1928.710s][info ][safepoint     ] Application time: 1.0010399 seconds
[2023-10-31T08:59:21.418+0000][1928.711s][info ][safepoint     ] Entering safepoint region: Cleanup
[2023-10-31T08:59:21.418+0000][1928.712s][info ][safepoint     ] Leaving safepoint region
[2023-10-31T08:59:21.419+0000][1928.712s][info ][safepoint     ] Total time for which application threads were stopped: 0.0014187 seconds, Stopping threads took: 0.0005160 seconds
[2023-10-31T08:59:22.420+0000][1929.713s][debug][safepoint     ] Safepoint synchronization initiated. (186 threads)
[2023-10-31T08:59:22.420+0000][1929.714s][info ][safepoint     ] Application time: 1.0008720 seconds
[2023-10-31T08:59:22.421+0000][1929.714s][info ][safepoint     ] Entering safepoint region: Cleanup
[2023-10-31T08:59:22.421+0000][1929.715s][info ][safepoint     ] Leaving safepoint region
[2023-10-31T08:59:22.422+0000][1929.715s][info ][safepoint     ] Total time for which application threads were stopped: 0.0012195 seconds, Stopping threads took: 0.0005542 seconds
[2023-10-31T08:59:23.423+0000][1930.716s][debug][safepoint     ] Safepoint synchronization initiated. (186 threads)
[2023-10-31T08:59:23.423+0000][1930.716s][info ][safepoint     ] Application time: 1.0008417 seconds
[2023-10-31T08:59:23.424+0000][1930.717s][info ][safepoint     ] Entering safepoint region: Cleanup
[2023-10-31T08:59:23.424+0000][1930.718s][info ][safepoint     ] Leaving safepoint region
[2023-10-31T08:59:23.425+0000][1930.718s][info ][safepoint     ] Total time for which application threads were stopped: 0.0012199 seconds, Stopping threads took: 0.0005310 seconds
[2023-10-31T08:59:24.425+0000][1931.719s][debug][safepoint     ] Safepoint synchronization initiated. (186 threads)
[2023-10-31T08:59:24.426+0000][1931.719s][info ][safepoint     ] Application time: 1.0005138 seconds
[2023-10-31T08:59:24.426+0000][1931.719s][info ][safepoint     ] Entering safepoint region: Cleanup
[2023-10-31T08:59:24.426+0000][1931.720s][info ][safepoint     ] Leaving safepoint region
[2023-10-31T08:59:24.427+0000][1931.720s][info ][safepoint     ] Total time for which application threads were stopped: 0.0009294 seconds, Stopping threads took: 0.0003317 seconds
[2023-10-31T08:59:25.427+0000][1932.721s][debug][safepoint     ] Safepoint synchronization initiated. (186 threads)
[2023-10-31T08:59:25.428+0000][1932.721s][info ][safepoint     ] Application time: 1.0008524 seconds
[2023-10-31T08:59:25.429+0000][1932.722s][info ][safepoint     ] Entering safepoint region: Cleanup
[2023-10-31T08:59:25.430+0000][1932.723s][info ][safepoint     ] Leaving safepoint region
[2023-10-31T08:59:25.430+0000][1932.724s][info ][safepoint     ] Total time for which application threads were stopped: 0.0014398 seconds, Stopping threads took: 0.0006294 seconds
[2023-10-31T08:59:25.430+0000][1932.723s][debug][safepoint     ] ... found polling page return exception at pc = 0x00007f62e89d70c4, stub =0x00007f62e0840600
[2023-10-31T08:59:25.430+0000][1932.723s][debug][safepoint     ] ... found polling page return exception at pc = 0x00007f62e89d70c4, stub =0x00007f62e0840600
[2023-10-31T08:59:25.430+0000][1932.723s][debug][safepoint     ] ... found polling page return exception at pc = 0x00007f62e89d70c4, stub =0x00007f62e0840600
[2023-10-31T08:59:25.430+0000][1932.723s][debug][safepoint     ] ... found polling page return exception at pc = 0x00007f62e89d70c4, stub =0x00007f62e0840600
[2023-10-31T08:59:25.430+0000][1932.723s][debug][safepoint     ] ... found polling page return exception at pc = 0x00007f62e89d70c4, stub =0x00007f62e0840600
[2023-10-31T08:59:25.430+0000][1932.723s][debug][safepoint     ] ... found polling page return exception at pc = 0x00007f62e89d70c4, stub =0x00007f62e0840600
[2023-10-31T08:59:26.431+0000][1933.724s][debug][safepoint     ] Safepoint synchronization initiated. (186 threads)
[2023-10-31T08:59:26.432+0000][1933.726s][info ][safepoint     ] Application time: 1.0015244 seconds
[2023-10-31T08:59:26.433+0000][1933.727s][info ][safepoint     ] Entering safepoint region: Cleanup
[2023-10-31T08:59:26.435+0000][1933.728s][info ][safepoint     ] Leaving safepoint region
[2023-10-31T08:59:26.436+0000][1933.729s][info ][safepoint     ] Total time for which application threads were stopped: 0.0022677 seconds, Stopping threads took: 0.0010608 seconds
[2023-10-31T08:59:27.437+0000][1934.730s][debug][safepoint     ] Safepoint synchronization initiated. (186 threads)
[2023-10-31T08:59:27.438+0000][1934.731s][info ][safepoint     ] Application time: 1.0012195 seconds
[2023-10-31T08:59:27.439+0000][1934.732s][info ][safepoint     ] Entering safepoint region: Cleanup
[2023-10-31T08:59:27.440+0000][1934.733s][info ][safepoint     ] Leaving safepoint region
[2023-10-31T08:59:27.440+0000][1934.734s][info ][safepoint     ] Total time for which application threads were stopped: 0.0018134 seconds, Stopping threads took: 0.0007770 seconds
[2023-10-31T08:59:28.441+0000][1935.735s][debug][safepoint     ] Safepoint synchronization initiated. (186 threads)
[2023-10-31T08:59:28.442+0000][1935.736s][info ][safepoint     ] Application time: 1.0012944 seconds
[2023-10-31T08:59:28.443+0000][1935.737s][info ][safepoint     ] Entering safepoint region: Cleanup
[2023-10-31T08:59:28.445+0000][1935.738s][info ][safepoint     ] Leaving safepoint region
[2023-10-31T08:59:28.446+0000][1935.739s][info ][safepoint     ] Total time for which application threads were stopped: 0.0025057 seconds, Stopping threads took: 0.0011060 seconds
[2023-10-31T08:59:29.447+0000][1936.740s][debug][safepoint     ] Safepoint synchronization initiated. (186 threads)
[2023-10-31T08:59:29.448+0000][1936.741s][info ][safepoint     ] Application time: 1.0010207 seconds
[2023-10-31T08:59:29.448+0000][1936.741s][info ][safepoint     ] Entering safepoint region: Cleanup
[2023-10-31T08:59:29.449+0000][1936.742s][info ][safepoint     ] Leaving safepoint region
[2023-10-31T08:59:29.450+0000][1936.743s][info ][safepoint     ] Total time for which application threads were stopped: 0.0015458 seconds, Stopping threads took: 0.0005651 seconds
[2023-10-31T08:59:30.451+0000][1937.744s][debug][safepoint     ] Safepoint synchronization initiated. (186 threads)
[2023-10-31T08:59:30.452+0000][1937.745s][info ][safepoint     ] Application time: 1.0013588 seconds
[2023-10-31T08:59:30.453+0000][1937.746s][debug][safepoint     ] ... found polling page return exception at pc = 0x00007f62e835c49d, stub =0x00007f62e0840600
[2023-10-31T08:59:30.453+0000][1937.746s][debug][safepoint     ] Waiting for 1 thread(s) to block
[2023-10-31T08:59:30.454+0000][1937.747s][info ][safepoint     ] Entering safepoint region: Cleanup
[2023-10-31T08:59:30.455+0000][1937.749s][info ][safepoint     ] Leaving safepoint region
[2023-10-31T08:59:30.456+0000][1937.749s][info ][safepoint     ] Total time for which application threads were stopped: 0.0035964 seconds, Stopping threads took: 0.0024550 seconds
[2023-10-31T08:59:31.457+0000][1938.750s][debug][safepoint     ] Safepoint synchronization initiated. (186 threads)
[2023-10-31T08:59:31.458+0000][1938.751s][info ][safepoint     ] Application time: 1.0009232 seconds
[2023-10-31T08:59:31.458+0000][1938.752s][info ][safepoint     ] Entering safepoint region: Cleanup
[2023-10-31T08:59:31.459+0000][1938.753s][info ][safepoint     ] Leaving safepoint region
[2023-10-31T08:59:31.460+0000][1938.753s][info ][safepoint     ] Total time for which application threads were stopped: 0.0013870 seconds, Stopping threads took: 0.0006251 seconds
[2023-10-31T08:59:32.460+0000][1939.754s][debug][safepoint     ] Safepoint synchronization initiated. (186 threads)
[2023-10-31T08:59:32.461+0000][1939.754s][info ][safepoint     ] Application time: 1.0009881 seconds
[2023-10-31T08:59:32.462+0000][1939.755s][info ][safepoint     ] Entering safepoint region: Cleanup
[2023-10-31T08:59:32.463+0000][1939.756s][info ][safepoint     ] Leaving safepoint region
[2023-10-31T08:59:32.463+0000][1939.756s][info ][safepoint     ] Total time for which application threads were stopped: 0.0014380 seconds, Stopping threads took: 0.0006324 seconds
[2023-10-31T08:59:33.464+0000][1940.757s][debug][safepoint     ] Safepoint synchronization initiated. (186 threads)
[2023-10-31T08:59:33.465+0000][1940.758s][info ][safepoint     ] Application time: 1.0008076 seconds
[2023-10-31T08:59:33.465+0000][1940.758s][info ][safepoint     ] Entering safepoint region: Cleanup
[2023-10-31T08:59:33.466+0000][1940.759s][info ][safepoint     ] Leaving safepoint region
[2023-10-31T08:59:33.466+0000][1940.759s][info ][safepoint     ] Total time for which application threads were stopped: 0.0012085 seconds, Stopping threads took: 0.0005094 seconds
[2023-10-31T08:59:34.467+0000][1941.760s][debug][safepoint     ] Safepoint synchronization initiated. (186 threads)
[2023-10-31T08:59:34.467+0000][1941.761s][info ][safepoint     ] Application time: 1.0006588 seconds
[2023-10-31T08:59:34.468+0000][1941.761s][info ][safepoint     ] Entering safepoint region: Cleanup
[2023-10-31T08:59:34.469+0000][1941.762s][info ][safepoint     ] Leaving safepoint region
[2023-10-31T08:59:34.469+0000][1941.762s][info ][safepoint     ] Total time for which application threads were stopped: 0.0010772 seconds, Stopping threads took: 0.0004484 seconds
[2023-10-31T08:59:35.470+0000][1942.763s][debug][safepoint     ] Safepoint synchronization initiated. (186 threads)
[2023-10-31T08:59:35.470+0000][1942.764s][info ][safepoint     ] Application time: 1.0011500 seconds
[2023-10-31T08:59:35.471+0000][1942.764s][info ][safepoint     ] Entering safepoint region: Cleanup
[2023-10-31T08:59:35.473+0000][1942.766s][info ][safepoint     ] Leaving safepoint region
[2023-10-31T08:59:35.473+0000][1942.766s][info ][safepoint     ] Total time for which application threads were stopped: 0.0019947 seconds, Stopping threads took: 0.0008439 seconds
[2023-10-31T08:59:36.474+0000][1943.767s][debug][safepoint     ] Safepoint synchronization initiated. (186 threads)
[2023-10-31T08:59:36.475+0000][1943.768s][info ][safepoint     ] Application time: 1.0011754 seconds
[2023-10-31T08:59:36.476+0000][1943.769s][info ][safepoint     ] Entering safepoint region: Cleanup
[2023-10-31T08:59:36.477+0000][1943.770s][info ][safepoint     ] Leaving safepoint region
[2023-10-31T08:59:36.478+0000][1943.771s][info ][safepoint     ] Total time for which application threads were stopped: 0.0017938 seconds, Stopping threads took: 0.0007330 seconds
[2023-10-31T08:59:37.479+0000][1944.772s][debug][safepoint     ] Safepoint synchronization initiated. (186 threads)
[2023-10-31T08:59:37.480+0000][1944.773s][info ][safepoint     ] Application time: 1.0011771 seconds
[2023-10-31T08:59:37.481+0000][1944.774s][info ][safepoint     ] Entering safepoint region: Cleanup
[2023-10-31T08:59:37.482+0000][1944.775s][info ][safepoint     ] Leaving safepoint region
[2023-10-31T08:59:37.483+0000][1944.776s][info ][safepoint     ] Total time for which application threads were stopped: 0.0020519 seconds, Stopping threads took: 0.0007932 seconds
[2023-10-31T08:59:38.483+0000][1945.777s][debug][safepoint     ] Safepoint synchronization initiated. (186 threads)
[2023-10-31T08:59:38.484+0000][1945.777s][info ][safepoint     ] Application time: 1.0008751 seconds
[2023-10-31T08:59:38.485+0000][1945.778s][debug][safepoint     ] ... found polling page return exception at pc = 0x00007f62e840b344, stub =0x00007f62e0840600
[2023-10-31T08:59:38.485+0000][1945.778s][debug][safepoint     ] Waiting for 1 thread(s) to block
[2023-10-31T08:59:38.486+0000][1945.779s][info ][safepoint     ] Entering safepoint region: Cleanup
[2023-10-31T08:59:38.487+0000][1945.780s][info ][safepoint     ] Leaving safepoint region
[2023-10-31T08:59:38.488+0000][1945.781s][info ][safepoint     ] Total time for which application threads were stopped: 0.0027923 seconds, Stopping threads took: 0.0019320 seconds
[2023-10-31T08:59:39.488+0000][1946.781s][debug][safepoint     ] Safepoint synchronization initiated. (186 threads)
[2023-10-31T08:59:39.489+0000][1946.782s][info ][safepoint     ] Application time: 1.0005927 seconds
[2023-10-31T08:59:39.489+0000][1946.782s][info ][safepoint     ] Entering safepoint region: Cleanup
[2023-10-31T08:59:39.490+0000][1946.783s][info ][safepoint     ] Leaving safepoint region
[2023-10-31T08:59:39.490+0000][1946.783s][info ][safepoint     ] Total time for which application threads were stopped: 0.0007700 seconds, Stopping threads took: 0.0003174 seconds
[2023-10-31T08:59:40.380+0000][1947.674s][debug][safepoint     ] Safepoint synchronization initiated. (186 threads)
[2023-10-31T08:59:40.381+0000][1947.674s][info ][safepoint     ] Application time: 0.8909760 seconds
[2023-10-31T08:59:40.381+0000][1947.674s][info ][safepoint     ] Entering safepoint region: G1CollectForAllocation
[2023-10-31T08:59:40.382+0000][1947.675s][info ][gc,start      ] GC(66) Pause Young (Normal) (G1 Evacuation Pause)
[2023-10-31T08:59:40.382+0000][1947.675s][info ][gc,task       ] GC(66) Using 8 workers of 8 for evacuation
[2023-10-31T08:59:40.394+0000][1947.688s][info ][gc,phases     ] GC(66)   Pre Evacuate Collection Set: 0.1ms
[2023-10-31T08:59:40.395+0000][1947.688s][info ][gc,phases     ] GC(66)   Evacuate Collection Set: 7.9ms
[2023-10-31T08:59:40.395+0000][1947.689s][info ][gc,phases     ] GC(66)   Post Evacuate Collection Set: 3.8ms
[2023-10-31T08:59:40.396+0000][1947.689s][info ][gc,phases     ] GC(66)   Other: 0.8ms
[2023-10-31T08:59:40.396+0000][1947.689s][info ][gc,heap       ] GC(66) Eden regions: 209->0(202)
[2023-10-31T08:59:40.397+0000][1947.690s][info ][gc,heap       ] GC(66) Survivor regions: 14->15(28)
[2023-10-31T08:59:40.397+0000][1947.690s][info ][gc,heap       ] GC(66) Old regions: 151->151
[2023-10-31T08:59:40.397+0000][1947.690s][info ][gc,heap       ] GC(66) Humongous regions: 40->40
[2023-10-31T08:59:40.398+0000][1947.691s][info ][gc,metaspace  ] GC(66) Metaspace: 170815K(176592K)->170815K(176592K) NonClass: 151106K(154576K)->151106K(154576K) Class: 19709K(22016K)->19709K(22016K)
[2023-10-31T08:59:40.398+0000][1947.691s][info ][gc            ] GC(66) Pause Young (Normal) (G1 Evacuation Pause) 411M->203M(470M) 16.114ms
[2023-10-31T08:59:40.398+0000][1947.691s][info ][gc,cpu        ] GC(66) User=0.08s Sys=0.00s Real=0.02s
[2023-10-31T08:59:40.399+0000][1947.692s][info ][safepoint     ] Leaving safepoint region
[2023-10-31T08:59:40.399+0000][1947.692s][info ][safepoint     ] Total time for which application threads were stopped: 0.0177077 seconds, Stopping threads took: 0.0003155 seconds
[2023-10-31T08:59:40.399+0000][1947.693s][info ][gc,stringdedup] Concurrent String Deduplication (1947.693s)
[2023-10-31T08:59:40.400+0000][1947.693s][info ][gc,stringdedup] Concurrent String Deduplication 8656.0B->1744.0B(6912.0B) avg 54.3% (1947.693s, 1947.693s) 0.486ms
[2023-10-31T08:59:41.400+0000][1948.693s][debug][safepoint     ] Safepoint synchronization initiated. (186 threads)
[2023-10-31T08:59:41.400+0000][1948.694s][info ][safepoint     ] Application time: 1.0010678 seconds
[2023-10-31T08:59:41.401+0000][1948.694s][info ][safepoint     ] Entering safepoint region: Cleanup
[2023-10-31T08:59:41.402+0000][1948.695s][info ][safepoint     ] Leaving safepoint region
[2023-10-31T08:59:41.402+0000][1948.696s][info ][safepoint     ] Total time for which application threads were stopped: 0.0014300 seconds, Stopping threads took: 0.0006652 seconds
[2023-10-31T08:59:42.403+0000][1949.696s][debug][safepoint     ] Safepoint synchronization initiated. (186 threads)
[2023-10-31T08:59:42.404+0000][1949.697s][info ][safepoint     ] Application time: 1.0008494 seconds
[2023-10-31T08:59:42.404+0000][1949.697s][info ][safepoint     ] Entering safepoint region: Cleanup
[2023-10-31T08:59:42.405+0000][1949.698s][info ][safepoint     ] Leaving safepoint region
[2023-10-31T08:59:42.406+0000][1949.699s][info ][safepoint     ] Total time for which application threads were stopped: 0.0012839 seconds, Stopping threads took: 0.0005619 seconds
[2023-10-31T08:59:43.406+0000][1950.699s][debug][safepoint     ] Safepoint synchronization initiated. (186 threads)
[2023-10-31T08:59:43.407+0000][1950.700s][info ][safepoint     ] Application time: 1.0006233 seconds
[2023-10-31T08:59:43.407+0000][1950.700s][info ][safepoint     ] Entering safepoint region: Cleanup
[2023-10-31T08:59:43.408+0000][1950.701s][info ][safepoint     ] Leaving safepoint region
[2023-10-31T08:59:43.408+0000][1950.702s][info ][safepoint     ] Total time for which application threads were stopped: 0.0013400 seconds, Stopping threads took: 0.0005172 seconds
[2023-10-31T08:59:44.409+0000][1951.702s][debug][safepoint     ] Safepoint synchronization initiated. (186 threads)
[2023-10-31T08:59:44.410+0000][1951.703s][info ][safepoint     ] Application time: 1.0007239 seconds
[2023-10-31T08:59:44.410+0000][1951.703s][info ][safepoint     ] Entering safepoint region: Cleanup
[2023-10-31T08:59:44.411+0000][1951.704s][info ][safepoint     ] Leaving safepoint region
[2023-10-31T08:59:44.411+0000][1951.704s][info ][safepoint     ] Total time for which application threads were stopped: 0.0009870 seconds, Stopping threads took: 0.0004244 seconds
[2023-10-31T08:59:45.412+0000][1952.705s][debug][safepoint     ] Safepoint synchronization initiated. (186 threads)
[2023-10-31T08:59:45.413+0000][1952.706s][info ][safepoint     ] Application time: 1.0014852 seconds
[2023-10-31T08:59:45.413+0000][1952.707s][info ][safepoint     ] Entering safepoint region: Cleanup
[2023-10-31T08:59:45.414+0000][1952.707s][info ][safepoint     ] Leaving safepoint region
[2023-10-31T08:59:45.414+0000][1952.707s][info ][safepoint     ] Total time for which application threads were stopped: 0.0008888 seconds, Stopping threads took: 0.0003916 seconds
[2023-10-31T08:59:46.415+0000][1953.708s][debug][safepoint     ] Safepoint synchronization initiated. (186 threads)
[2023-10-31T08:59:46.416+0000][1953.709s][info ][safepoint     ] Application time: 1.0009727 seconds
[2023-10-31T08:59:46.417+0000][1953.710s][info ][safepoint     ] Entering safepoint region: Cleanup
[2023-10-31T08:59:46.418+0000][1953.711s][info ][safepoint     ] Leaving safepoint region
[2023-10-31T08:59:46.418+0000][1953.711s][info ][safepoint     ] Total time for which application threads were stopped: 0.0017632 seconds, Stopping threads took: 0.0010772 seconds
[2023-10-31T08:59:47.419+0000][1954.712s][debug][safepoint     ] Safepoint synchronization initiated. (186 threads)
[2023-10-31T08:59:47.420+0000][1954.713s][info ][safepoint     ] Application time: 1.0010273 seconds
[2023-10-31T08:59:47.420+0000][1954.714s][info ][safepoint     ] Entering safepoint region: Cleanup
[2023-10-31T08:59:47.421+0000][1954.714s][info ][safepoint     ] Leaving safepoint region
[2023-10-31T08:59:47.421+0000][1954.715s][info ][safepoint     ] Total time for which application threads were stopped: 0.0010372 seconds, Stopping threads took: 0.0004404 seconds
[2023-10-31T08:59:48.422+0000][1955.715s][debug][safepoint     ] Safepoint synchronization initiated. (186 threads)
[2023-10-31T08:59:48.422+0000][1955.716s][info ][safepoint     ] Application time: 1.0006013 seconds
[2023-10-31T08:59:48.423+0000][1955.716s][info ][safepoint     ] Entering safepoint region: Cleanup
[2023-10-31T08:59:48.424+0000][1955.717s][info ][safepoint     ] Leaving safepoint region
[2023-10-31T08:59:48.424+0000][1955.717s][info ][safepoint     ] Total time for which application threads were stopped: 0.0011349 seconds, Stopping threads took: 0.0005018 seconds
[2023-10-31T08:59:49.424+0000][1956.718s][debug][safepoint     ] Safepoint synchronization initiated. (186 threads)
[2023-10-31T08:59:49.425+0000][1956.718s][info ][safepoint     ] Application time: 1.0005811 seconds
[2023-10-31T08:59:49.425+0000][1956.719s][info ][safepoint     ] Entering safepoint region: Cleanup
[2023-10-31T08:59:49.426+0000][1956.719s][info ][safepoint     ] Leaving safepoint region
[2023-10-31T08:59:49.427+0000][1956.720s][info ][safepoint     ] Total time for which application threads were stopped: 0.0011998 seconds, Stopping threads took: 0.0004619 seconds
[2023-10-31T08:59:50.427+0000][1957.720s][debug][safepoint     ] Safepoint synchronization initiated. (186 threads)
[2023-10-31T08:59:50.428+0000][1957.721s][info ][safepoint     ] Application time: 1.0008160 seconds
[2023-10-31T08:59:50.428+0000][1957.721s][info ][safepoint     ] Entering safepoint region: Cleanup
[2023-10-31T08:59:50.429+0000][1957.722s][info ][safepoint     ] Leaving safepoint region
[2023-10-31T08:59:50.429+0000][1957.723s][info ][safepoint     ] Total time for which application threads were stopped: 0.0011865 seconds, Stopping threads took: 0.0005008 seconds
[2023-10-31T08:59:51.430+0000][1958.723s][debug][safepoint     ] Safepoint synchronization initiated. (186 threads)
[2023-10-31T08:59:51.431+0000][1958.724s][info ][safepoint     ] Application time: 1.0011424 seconds
[2023-10-31T08:59:51.432+0000][1958.725s][info ][safepoint     ] Entering safepoint region: Cleanup
[2023-10-31T08:59:51.433+0000][1958.726s][info ][safepoint     ] Leaving safepoint region
[2023-10-31T08:59:51.433+0000][1958.726s][info ][safepoint     ] Total time for which application threads were stopped: 0.0016202 seconds, Stopping threads took: 0.0006662 seconds
[2023-10-31T08:59:52.434+0000][1959.727s][debug][safepoint     ] Safepoint synchronization initiated. (186 threads)
[2023-10-31T08:59:52.434+0000][1959.728s][info ][safepoint     ] Application time: 1.0005997 seconds
[2023-10-31T08:59:52.435+0000][1959.728s][info ][safepoint     ] Entering safepoint region: Cleanup
[2023-10-31T08:59:52.435+0000][1959.729s][info ][safepoint     ] Leaving safepoint region
[2023-10-31T08:59:52.436+0000][1959.729s][info ][safepoint     ] Total time for which application threads were stopped: 0.0008939 seconds, Stopping threads took: 0.0004313 seconds
[2023-10-31T08:59:53.436+0000][1960.729s][debug][safepoint     ] Safepoint synchronization initiated. (186 threads)
[2023-10-31T08:59:53.437+0000][1960.730s][info ][safepoint     ] Application time: 1.0007791 seconds
[2023-10-31T08:59:53.437+0000][1960.730s][info ][safepoint     ] Entering safepoint region: Cleanup
[2023-10-31T08:59:53.438+0000][1960.731s][info ][safepoint     ] Leaving safepoint region
[2023-10-31T08:59:53.438+0000][1960.731s][info ][safepoint     ] Total time for which application threads were stopped: 0.0010406 seconds, Stopping threads took: 0.0004302 seconds
[2023-10-31T08:59:54.439+0000][1961.732s][debug][safepoint     ] Safepoint synchronization initiated. (186 threads)
[2023-10-31T08:59:54.440+0000][1961.733s][info ][safepoint     ] Application time: 1.0014611 seconds
[2023-10-31T08:59:54.441+0000][1961.734s][info ][safepoint     ] Entering safepoint region: Cleanup
[2023-10-31T08:59:54.442+0000][1961.736s][info ][safepoint     ] Leaving safepoint region
[2023-10-31T08:59:54.443+0000][1961.737s][info ][safepoint     ] Total time for which application threads were stopped: 0.0022715 seconds, Stopping threads took: 0.0008892 seconds
[2023-10-31T08:59:55.444+0000][1962.737s][debug][safepoint     ] Safepoint synchronization initiated. (186 threads)
[2023-10-31T08:59:55.445+0000][1962.738s][info ][safepoint     ] Application time: 1.0008469 seconds
[2023-10-31T08:59:55.445+0000][1962.739s][info ][safepoint     ] Entering safepoint region: Cleanup
[2023-10-31T08:59:55.446+0000][1962.739s][info ][safepoint     ] Leaving safepoint region
[2023-10-31T08:59:55.447+0000][1962.740s][info ][safepoint     ] Total time for which application threads were stopped: 0.0012401 seconds, Stopping threads took: 0.0005744 seconds
[2023-10-31T08:59:56.447+0000][1963.740s][debug][safepoint     ] Safepoint synchronization initiated. (186 threads)
[2023-10-31T08:59:56.448+0000][1963.741s][info ][safepoint     ] Application time: 1.0013154 seconds
[2023-10-31T08:59:56.449+0000][1963.742s][info ][safepoint     ] Entering safepoint region: Cleanup
[2023-10-31T08:59:56.450+0000][1963.743s][info ][safepoint     ] Leaving safepoint region
[2023-10-31T08:59:56.451+0000][1963.744s][info ][safepoint     ] Total time for which application threads were stopped: 0.0019947 seconds, Stopping threads took: 0.0008771 seconds
[2023-10-31T08:59:57.452+0000][1964.745s][debug][safepoint     ] Safepoint synchronization initiated. (186 threads)
[2023-10-31T08:59:57.453+0000][1964.746s][info ][safepoint     ] Application time: 1.0010940 seconds
[2023-10-31T08:59:57.454+0000][1964.747s][info ][safepoint     ] Entering safepoint region: Cleanup
[2023-10-31T08:59:57.455+0000][1964.748s][info ][safepoint     ] Leaving safepoint region
[2023-10-31T08:59:57.455+0000][1964.748s][info ][safepoint     ] Total time for which application threads were stopped: 0.0017508 seconds, Stopping threads took: 0.0007845 seconds
[2023-10-31T08:59:58.456+0000][1965.749s][debug][safepoint     ] Safepoint synchronization initiated. (186 threads)
[2023-10-31T08:59:58.457+0000][1965.750s][info ][safepoint     ] Application time: 1.0007053 seconds
[2023-10-31T08:59:58.457+0000][1965.750s][info ][safepoint     ] Entering safepoint region: Cleanup
[2023-10-31T08:59:58.458+0000][1965.751s][info ][safepoint     ] Leaving safepoint region
[2023-10-31T08:59:58.459+0000][1965.752s][info ][safepoint     ] Total time for which application threads were stopped: 0.0016364 seconds, Stopping threads took: 0.0006044 seconds
[2023-10-31T08:59:59.460+0000][1966.753s][debug][safepoint     ] Safepoint synchronization initiated. (186 threads)
[2023-10-31T08:59:59.461+0000][1966.754s][info ][safepoint     ] Application time: 1.0009493 seconds
[2023-10-31T08:59:59.461+0000][1966.754s][info ][safepoint     ] Entering safepoint region: Cleanup
[2023-10-31T08:59:59.462+0000][1966.755s][info ][safepoint     ] Leaving safepoint region
[2023-10-31T08:59:59.463+0000][1966.756s][info ][safepoint     ] Total time for which application threads were stopped: 0.0012591 seconds, Stopping threads took: 0.0005291 seconds
[2023-10-31T09:00:00.463+0000][1967.756s][debug][safepoint     ] Safepoint synchronization initiated. (186 threads)
[2023-10-31T09:00:00.464+0000][1967.757s][info ][safepoint     ] Application time: 1.0006481 seconds
[2023-10-31T09:00:00.464+0000][1967.757s][info ][safepoint     ] Entering safepoint region: Cleanup
[2023-10-31T09:00:00.465+0000][1967.758s][info ][safepoint     ] Leaving safepoint region
[2023-10-31T09:00:00.466+0000][1967.759s][info ][safepoint     ] Total time for which application threads were stopped: 0.0014430 seconds, Stopping threads took: 0.0005027 seconds
[2023-10-31T09:00:01.466+0000][1968.759s][debug][safepoint     ] Safepoint synchronization initiated. (186 threads)
[2023-10-31T09:00:01.467+0000][1968.760s][info ][safepoint     ] Application time: 1.0006678 seconds
[2023-10-31T09:00:01.467+0000][1968.760s][info ][safepoint     ] Entering safepoint region: Cleanup
[2023-10-31T09:00:01.468+0000][1968.761s][info ][safepoint     ] Leaving safepoint region
[2023-10-31T09:00:01.468+0000][1968.761s][info ][safepoint     ] Total time for which application threads were stopped: 0.0010006 seconds, Stopping threads took: 0.0004342 seconds
[2023-10-31T09:00:02.469+0000][1969.762s][debug][safepoint     ] Safepoint synchronization initiated. (186 threads)
[2023-10-31T09:00:02.469+0000][1969.762s][info ][safepoint     ] Application time: 1.0010080 seconds
[2023-10-31T09:00:02.470+0000][1969.763s][info ][safepoint     ] Entering safepoint region: Cleanup
[2023-10-31T09:00:02.470+0000][1969.763s][info ][safepoint     ] Leaving safepoint region
[2023-10-31T09:00:02.471+0000][1969.764s][info ][safepoint     ] Total time for which application threads were stopped: 0.0011506 seconds, Stopping threads took: 0.0004447 seconds
[2023-10-31T09:00:03.471+0000][1970.764s][debug][safepoint     ] Safepoint synchronization initiated. (186 threads)
[2023-10-31T09:00:03.472+0000][1970.765s][info ][safepoint     ] Application time: 1.0007637 seconds
[2023-10-31T09:00:03.473+0000][1970.766s][info ][safepoint     ] Entering safepoint region: Cleanup
[2023-10-31T09:00:03.473+0000][1970.766s][info ][safepoint     ] Leaving safepoint region
[2023-10-31T09:00:03.474+0000][1970.767s][info ][safepoint     ] Total time for which application threads were stopped: 0.0010473 seconds, Stopping threads took: 0.0004720 seconds
[2023-10-31T09:00:04.474+0000][1971.767s][debug][safepoint     ] Safepoint synchronization initiated. (186 threads)
[2023-10-31T09:00:04.475+0000][1971.768s][info ][safepoint     ] Application time: 1.0010613 seconds
[2023-10-31T09:00:04.476+0000][1971.769s][info ][safepoint     ] Entering safepoint region: Cleanup
[2023-10-31T09:00:04.477+0000][1971.770s][info ][safepoint     ] Leaving safepoint region
[2023-10-31T09:00:04.477+0000][1971.770s][info ][safepoint     ] Total time for which application threads were stopped: 0.0014043 seconds, Stopping threads took: 0.0005433 seconds
[2023-10-31T09:00:05.478+0000][1972.771s][debug][safepoint     ] Safepoint synchronization initiated. (186 threads)
[2023-10-31T09:00:05.479+0000][1972.772s][info ][safepoint     ] Application time: 1.0012416 seconds
[2023-10-31T09:00:05.480+0000][1972.773s][info ][safepoint     ] Entering safepoint region: Cleanup
[2023-10-31T09:00:05.480+0000][1972.773s][info ][safepoint     ] Leaving safepoint region
[2023-10-31T09:00:05.480+0000][1972.773s][info ][safepoint     ] Total time for which application threads were stopped: 0.0010263 seconds, Stopping threads took: 0.0004444 seconds
[2023-10-31T09:00:06.481+0000][1973.774s][debug][safepoint     ] Safepoint synchronization initiated. (186 threads)
[2023-10-31T09:00:06.482+0000][1973.775s][info ][safepoint     ] Application time: 1.0008841 seconds
[2023-10-31T09:00:06.482+0000][1973.775s][info ][safepoint     ] Entering safepoint region: Cleanup
[2023-10-31T09:00:06.483+0000][1973.776s][info ][safepoint     ] Leaving safepoint region
[2023-10-31T09:00:06.484+0000][1973.777s][info ][safepoint     ] Total time for which application threads were stopped: 0.0017103 seconds, Stopping threads took: 0.0006984 seconds
[2023-10-31T09:00:07.485+0000][1974.778s][debug][safepoint     ] Safepoint synchronization initiated. (186 threads)
[2023-10-31T09:00:07.486+0000][1974.779s][info ][safepoint     ] Application time: 1.0013737 seconds
[2023-10-31T09:00:07.487+0000][1974.780s][info ][safepoint     ] Entering safepoint region: Cleanup
[2023-10-31T09:00:07.488+0000][1974.781s][info ][safepoint     ] Leaving safepoint region
[2023-10-31T09:00:07.489+0000][1974.782s][info ][safepoint     ] Total time for which application threads were stopped: 0.0024912 seconds, Stopping threads took: 0.0010321 seconds
[2023-10-31T09:00:08.490+0000][1975.783s][debug][safepoint     ] Safepoint synchronization initiated. (186 threads)
[2023-10-31T09:00:08.491+0000][1975.784s][info ][safepoint     ] Application time: 1.0008047 seconds
[2023-10-31T09:00:08.491+0000][1975.784s][info ][safepoint     ] Entering safepoint region: Cleanup
[2023-10-31T09:00:08.492+0000][1975.785s][info ][safepoint     ] Leaving safepoint region
[2023-10-31T09:00:08.493+0000][1975.786s][info ][safepoint     ] Total time for which application threads were stopped: 0.0011727 seconds, Stopping threads took: 0.0005194 seconds
[2023-10-31T09:00:09.493+0000][1976.786s][debug][safepoint     ] Safepoint synchronization initiated. (186 threads)
[2023-10-31T09:00:09.494+0000][1976.787s][info ][safepoint     ] Application time: 1.0014530 seconds
[2023-10-31T09:00:09.495+0000][1976.788s][info ][safepoint     ] Entering safepoint region: Cleanup
[2023-10-31T09:00:09.496+0000][1976.789s][info ][safepoint     ] Leaving safepoint region
[2023-10-31T09:00:09.497+0000][1976.790s][info ][safepoint     ] Total time for which application threads were stopped: 0.0018411 seconds, Stopping threads took: 0.0008333 seconds
[2023-10-31T09:00:10.498+0000][1977.791s][debug][safepoint     ] Safepoint synchronization initiated. (186 threads)
[2023-10-31T09:00:10.499+0000][1977.792s][info ][safepoint     ] Application time: 1.0008043 seconds
[2023-10-31T09:00:10.499+0000][1977.792s][info ][safepoint     ] Entering safepoint region: Cleanup
[2023-10-31T09:00:10.500+0000][1977.793s][info ][safepoint     ] Leaving safepoint region
[2023-10-31T09:00:10.500+0000][1977.793s][info ][safepoint     ] Total time for which application threads were stopped: 0.0012806 seconds, Stopping threads took: 0.0005372 seconds
[2023-10-31T09:00:11.501+0000][1978.794s][debug][safepoint     ] Safepoint synchronization initiated. (186 threads)
[2023-10-31T09:00:11.502+0000][1978.795s][info ][safepoint     ] Application time: 1.0010491 seconds
[2023-10-31T09:00:11.503+0000][1978.796s][info ][safepoint     ] Entering safepoint region: Cleanup
[2023-10-31T09:00:11.503+0000][1978.796s][info ][safepoint     ] Leaving safepoint region
[2023-10-31T09:00:11.504+0000][1978.797s][info ][safepoint     ] Total time for which application threads were stopped: 0.0012321 seconds, Stopping threads took: 0.0004958 seconds
[2023-10-31T09:00:12.505+0000][1979.798s][debug][safepoint     ] Safepoint synchronization initiated. (186 threads)
[2023-10-31T09:00:12.505+0000][1979.798s][info ][safepoint     ] Application time: 1.0009088 seconds
[2023-10-31T09:00:12.506+0000][1979.799s][info ][safepoint     ] Entering safepoint region: Cleanup
[2023-10-31T09:00:12.506+0000][1979.799s][info ][safepoint     ] Leaving safepoint region
[2023-10-31T09:00:12.507+0000][1979.800s][info ][safepoint     ] Total time for which application threads were stopped: 0.0011003 seconds, Stopping threads took: 0.0004879 seconds
[2023-10-31T09:00:13.507+0000][1980.800s][debug][safepoint     ] Safepoint synchronization initiated. (186 threads)
[2023-10-31T09:00:13.508+0000][1980.801s][info ][safepoint     ] Application time: 1.0005762 seconds
[2023-10-31T09:00:13.508+0000][1980.801s][info ][safepoint     ] Entering safepoint region: Cleanup
[2023-10-31T09:00:13.509+0000][1980.802s][info ][safepoint     ] Leaving safepoint region
[2023-10-31T09:00:13.510+0000][1980.803s][info ][safepoint     ] Total time for which application threads were stopped: 0.0013970 seconds, Stopping threads took: 0.0005402 seconds
[2023-10-31T09:00:14.510+0000][1981.803s][debug][safepoint     ] Safepoint synchronization initiated. (186 threads)
[2023-10-31T09:00:14.511+0000][1981.804s][info ][safepoint     ] Application time: 1.0011611 seconds
[2023-10-31T09:00:14.512+0000][1981.805s][info ][safepoint     ] Entering safepoint region: Cleanup
[2023-10-31T09:00:14.513+0000][1981.806s][info ][safepoint     ] Leaving safepoint region
[2023-10-31T09:00:14.514+0000][1981.807s][info ][safepoint     ] Total time for which application threads were stopped: 0.0020887 seconds, Stopping threads took: 0.0009628 seconds
[2023-10-31T09:00:15.515+0000][1982.808s][debug][safepoint     ] Safepoint synchronization initiated. (186 threads)
[2023-10-31T09:00:15.516+0000][1982.809s][info ][safepoint     ] Application time: 1.0012186 seconds
[2023-10-31T09:00:15.517+0000][1982.810s][info ][safepoint     ] Entering safepoint region: Cleanup
[2023-10-31T09:00:15.518+0000][1982.811s][info ][safepoint     ] Leaving safepoint region
[2023-10-31T09:00:15.518+0000][1982.811s][info ][safepoint     ] Total time for which application threads were stopped: 0.0014194 seconds, Stopping threads took: 0.0005982 seconds
[2023-10-31T09:00:16.519+0000][1983.812s][debug][safepoint     ] Safepoint synchronization initiated. (186 threads)
[2023-10-31T09:00:16.520+0000][1983.813s][info ][safepoint     ] Application time: 1.0011711 seconds
[2023-10-31T09:00:16.521+0000][1983.814s][info ][safepoint     ] Entering safepoint region: Cleanup
[2023-10-31T09:00:16.521+0000][1983.814s][info ][safepoint     ] Leaving safepoint region
[2023-10-31T09:00:16.522+0000][1983.815s][info ][safepoint     ] Total time for which application threads were stopped: 0.0014834 seconds, Stopping threads took: 0.0007005 seconds
[2023-10-31T09:00:17.523+0000][1984.816s][debug][safepoint     ] Safepoint synchronization initiated. (186 threads)
[2023-10-31T09:00:17.524+0000][1984.817s][info ][safepoint     ] Application time: 1.0014612 seconds
[2023-10-31T09:00:17.525+0000][1984.818s][info ][safepoint     ] Entering safepoint region: Cleanup
[2023-10-31T09:00:17.526+0000][1984.819s][info ][safepoint     ] Leaving safepoint region
[2023-10-31T09:00:17.527+0000][1984.820s][info ][safepoint     ] Total time for which application threads were stopped: 0.0022059 seconds, Stopping threads took: 0.0008371 seconds
[2023-10-31T09:00:18.528+0000][1985.821s][debug][safepoint     ] Safepoint synchronization initiated. (186 threads)
[2023-10-31T09:00:18.529+0000][1985.822s][info ][safepoint     ] Application time: 1.0007149 seconds
[2023-10-31T09:00:18.529+0000][1985.822s][info ][safepoint     ] Entering safepoint region: Cleanup
[2023-10-31T09:00:18.530+0000][1985.823s][info ][safepoint     ] Leaving safepoint region
[2023-10-31T09:00:18.530+0000][1985.823s][info ][safepoint     ] Total time for which application threads were stopped: 0.0011506 seconds, Stopping threads took: 0.0004922 seconds
[2023-10-31T09:00:19.531+0000][1986.824s][debug][safepoint     ] Safepoint synchronization initiated. (186 threads)
[2023-10-31T09:00:19.531+0000][1986.824s][info ][safepoint     ] Application time: 1.0005968 seconds
[2023-10-31T09:00:19.532+0000][1986.825s][info ][safepoint     ] Entering safepoint region: Cleanup
[2023-10-31T09:00:19.532+0000][1986.825s][info ][safepoint     ] Leaving safepoint region
[2023-10-31T09:00:19.533+0000][1986.826s][info ][safepoint     ] Total time for which application threads were stopped: 0.0008284 seconds, Stopping threads took: 0.0003490 seconds
[2023-10-31T09:00:20.533+0000][1987.826s][debug][safepoint     ] Safepoint synchronization initiated. (186 threads)
[2023-10-31T09:00:20.534+0000][1987.827s][info ][safepoint     ] Application time: 1.0014899 seconds
[2023-10-31T09:00:20.536+0000][1987.829s][info ][safepoint     ] Entering safepoint region: Cleanup
[2023-10-31T09:00:20.537+0000][1987.830s][info ][safepoint     ] Leaving safepoint region
[2023-10-31T09:00:20.538+0000][1987.831s][info ][safepoint     ] Total time for which application threads were stopped: 0.0025666 seconds, Stopping threads took: 0.0010807 seconds
[2023-10-31T09:00:21.539+0000][1988.832s][debug][safepoint     ] Safepoint synchronization initiated. (186 threads)
[2023-10-31T09:00:21.540+0000][1988.833s][info ][safepoint     ] Application time: 1.0012563 seconds
[2023-10-31T09:00:21.541+0000][1988.834s][info ][safepoint     ] Entering safepoint region: Cleanup
[2023-10-31T09:00:21.543+0000][1988.836s][info ][safepoint     ] Leaving safepoint region
[2023-10-31T09:00:21.544+0000][1988.837s][info ][safepoint     ] Total time for which application threads were stopped: 0.0024324 seconds, Stopping threads took: 0.0011319 seconds
[2023-10-31T09:00:22.545+0000][1989.838s][debug][safepoint     ] Safepoint synchronization initiated. (186 threads)
[2023-10-31T09:00:22.546+0000][1989.839s][info ][safepoint     ] Application time: 1.0012925 seconds
[2023-10-31T09:00:22.547+0000][1989.840s][info ][safepoint     ] Entering safepoint region: Cleanup
[2023-10-31T09:00:22.548+0000][1989.841s][info ][safepoint     ] Leaving safepoint region
[2023-10-31T09:00:22.548+0000][1989.841s][info ][safepoint     ] Total time for which application threads were stopped: 0.0019354 seconds, Stopping threads took: 0.0008259 seconds
[2023-10-31T09:00:23.550+0000][1990.843s][debug][safepoint     ] Safepoint synchronization initiated. (186 threads)
[2023-10-31T09:00:23.550+0000][1990.843s][info ][safepoint     ] Application time: 1.0011234 seconds
[2023-10-31T09:00:23.551+0000][1990.844s][info ][safepoint     ] Entering safepoint region: Cleanup
[2023-10-31T09:00:23.552+0000][1990.845s][info ][safepoint     ] Leaving safepoint region
[2023-10-31T09:00:23.552+0000][1990.845s][info ][safepoint     ] Total time for which application threads were stopped: 0.0011748 seconds, Stopping threads took: 0.0004488 seconds
[2023-10-31T09:00:24.553+0000][1991.846s][debug][safepoint     ] Safepoint synchronization initiated. (186 threads)
[2023-10-31T09:00:24.554+0000][1991.847s][info ][safepoint     ] Application time: 1.0010600 seconds
[2023-10-31T09:00:24.554+0000][1991.847s][info ][safepoint     ] Entering safepoint region: Cleanup
[2023-10-31T09:00:24.555+0000][1991.848s][info ][safepoint     ] Leaving safepoint region
[2023-10-31T09:00:24.556+0000][1991.849s][info ][safepoint     ] Total time for which application threads were stopped: 0.0014030 seconds, Stopping threads took: 0.0005653 seconds
[2023-10-31T09:00:25.556+0000][1992.849s][debug][safepoint     ] Safepoint synchronization initiated. (186 threads)
[2023-10-31T09:00:25.558+0000][1992.851s][info ][safepoint     ] Application time: 1.0013753 seconds
[2023-10-31T09:00:25.559+0000][1992.852s][info ][safepoint     ] Entering safepoint region: Cleanup
[2023-10-31T09:00:25.560+0000][1992.853s][info ][safepoint     ] Leaving safepoint region
[2023-10-31T09:00:25.561+0000][1992.854s][info ][safepoint     ] Total time for which application threads were stopped: 0.0021311 seconds, Stopping threads took: 0.0008839 seconds
[2023-10-31T09:00:26.562+0000][1993.855s][debug][safepoint     ] Safepoint synchronization initiated. (186 threads)
[2023-10-31T09:00:26.562+0000][1993.855s][info ][safepoint     ] Application time: 1.0009433 seconds
[2023-10-31T09:00:26.563+0000][1993.856s][info ][safepoint     ] Entering safepoint region: Cleanup
[2023-10-31T09:00:26.564+0000][1993.857s][info ][safepoint     ] Leaving safepoint region
[2023-10-31T09:00:26.564+0000][1993.857s][info ][safepoint     ] Total time for which application threads were stopped: 0.0014669 seconds, Stopping threads took: 0.0006197 seconds
[2023-10-31T09:00:27.565+0000][1994.858s][debug][safepoint     ] Safepoint synchronization initiated. (186 threads)
[2023-10-31T09:00:27.566+0000][1994.859s][info ][safepoint     ] Application time: 1.0012680 seconds
[2023-10-31T09:00:27.567+0000][1994.860s][info ][safepoint     ] Entering safepoint region: Cleanup
[2023-10-31T09:00:27.568+0000][1994.861s][info ][safepoint     ] Leaving safepoint region
[2023-10-31T09:00:27.569+0000][1994.862s][info ][safepoint     ] Total time for which application threads were stopped: 0.0019730 seconds, Stopping threads took: 0.0008888 seconds
[2023-10-31T09:00:28.569+0000][1995.863s][debug][safepoint     ] Safepoint synchronization initiated. (186 threads)
[2023-10-31T09:00:28.571+0000][1995.864s][info ][safepoint     ] Application time: 1.0016160 seconds
[2023-10-31T09:00:28.572+0000][1995.865s][info ][safepoint     ] Entering safepoint region: Cleanup
[2023-10-31T09:00:28.573+0000][1995.867s][info ][safepoint     ] Leaving safepoint region
[2023-10-31T09:00:28.574+0000][1995.868s][info ][safepoint     ] Total time for which application threads were stopped: 0.0025464 seconds, Stopping threads took: 0.0010698 seconds
[2023-10-31T09:00:29.575+0000][1996.869s][debug][safepoint     ] Safepoint synchronization initiated. (186 threads)
[2023-10-31T09:00:29.576+0000][1996.870s][info ][safepoint     ] Application time: 1.0009388 seconds
[2023-10-31T09:00:29.577+0000][1996.870s][info ][safepoint     ] Entering safepoint region: Cleanup
[2023-10-31T09:00:29.577+0000][1996.871s][info ][safepoint     ] Leaving safepoint region
[2023-10-31T09:00:29.578+0000][1996.872s][info ][safepoint     ] Total time for which application threads were stopped: 0.0014512 seconds, Stopping threads took: 0.0006860 seconds
[2023-10-31T09:00:30.579+0000][1997.872s][debug][safepoint     ] Safepoint synchronization initiated. (186 threads)
[2023-10-31T09:00:30.579+0000][1997.873s][info ][safepoint     ] Application time: 1.0008563 seconds
[2023-10-31T09:00:30.580+0000][1997.874s][info ][safepoint     ] Entering safepoint region: Cleanup
[2023-10-31T09:00:30.581+0000][1997.874s][info ][safepoint     ] Leaving safepoint region
[2023-10-31T09:00:30.581+0000][1997.875s][info ][safepoint     ] Total time for which application threads were stopped: 0.0012768 seconds, Stopping threads took: 0.0005250 seconds
[2023-10-31T09:00:31.582+0000][1998.876s][debug][safepoint     ] Safepoint synchronization initiated. (186 threads)
[2023-10-31T09:00:31.583+0000][1998.877s][info ][safepoint     ] Application time: 1.0014019 seconds
[2023-10-31T09:00:31.584+0000][1998.878s][info ][safepoint     ] Entering safepoint region: Cleanup
[2023-10-31T09:00:31.585+0000][1998.879s][info ][safepoint     ] Leaving safepoint region
[2023-10-31T09:00:31.586+0000][1998.880s][info ][safepoint     ] Total time for which application threads were stopped: 0.0019458 seconds, Stopping threads took: 0.0009798 seconds
[2023-10-31T09:00:32.587+0000][1999.881s][debug][safepoint     ] Safepoint synchronization initiated. (186 threads)
[2023-10-31T09:00:32.587+0000][1999.881s][info ][safepoint     ] Application time: 1.0006394 seconds
[2023-10-31T09:00:32.588+0000][1999.882s][info ][safepoint     ] Entering safepoint region: Cleanup
[2023-10-31T09:00:32.589+0000][1999.882s][info ][safepoint     ] Leaving safepoint region
[2023-10-31T09:00:32.589+0000][1999.883s][info ][safepoint     ] Total time for which application threads were stopped: 0.0012630 seconds, Stopping threads took: 0.0006079 seconds
[2023-10-31T09:00:33.590+0000][2000.883s][debug][safepoint     ] Safepoint synchronization initiated. (186 threads)
[2023-10-31T09:00:33.590+0000][2000.884s][info ][safepoint     ] Application time: 1.0008942 seconds
[2023-10-31T09:00:33.591+0000][2000.884s][info ][safepoint     ] Entering safepoint region: Cleanup
[2023-10-31T09:00:33.592+0000][2000.885s][info ][safepoint     ] Leaving safepoint region
[2023-10-31T09:00:33.592+0000][2000.886s][info ][safepoint     ] Total time for which application threads were stopped: 0.0012328 seconds, Stopping threads took: 0.0005551 seconds
[2023-10-31T09:00:34.593+0000][2001.886s][debug][safepoint     ] Safepoint synchronization initiated. (186 threads)
[2023-10-31T09:00:34.594+0000][2001.887s][info ][safepoint     ] Application time: 1.0015205 seconds
[2023-10-31T09:00:34.595+0000][2001.888s][info ][safepoint     ] Entering safepoint region: Cleanup
[2023-10-31T09:00:34.595+0000][2001.889s][info ][safepoint     ] Leaving safepoint region
[2023-10-31T09:00:34.596+0000][2001.890s][info ][safepoint     ] Total time for which application threads were stopped: 0.0016294 seconds, Stopping threads took: 0.0006628 seconds
[2023-10-31T09:00:35.597+0000][2002.890s][debug][safepoint     ] Safepoint synchronization initiated. (186 threads)
[2023-10-31T09:00:35.598+0000][2002.892s][info ][safepoint     ] Application time: 1.0013331 seconds
[2023-10-31T09:00:35.599+0000][2002.893s][info ][safepoint     ] Entering safepoint region: Cleanup
[2023-10-31T09:00:35.600+0000][2002.894s][info ][safepoint     ] Leaving safepoint region
[2023-10-31T09:00:35.601+0000][2002.895s][info ][safepoint     ] Total time for which application threads were stopped: 0.0024844 seconds, Stopping threads took: 0.0010688 seconds
[2023-10-31T09:00:36.602+0000][2003.896s][debug][safepoint     ] Safepoint synchronization initiated. (186 threads)
[2023-10-31T09:00:36.603+0000][2003.896s][info ][safepoint     ] Application time: 1.0007249 seconds
[2023-10-31T09:00:36.603+0000][2003.897s][info ][safepoint     ] Entering safepoint region: Cleanup
[2023-10-31T09:00:36.604+0000][2003.898s][info ][safepoint     ] Leaving safepoint region
[2023-10-31T09:00:36.605+0000][2003.898s][info ][safepoint     ] Total time for which application threads were stopped: 0.0013423 seconds, Stopping threads took: 0.0003631 seconds
[2023-10-31T09:00:37.605+0000][2004.899s][debug][safepoint     ] Safepoint synchronization initiated. (186 threads)
[2023-10-31T09:00:37.606+0000][2004.900s][info ][safepoint     ] Application time: 1.0012952 seconds
[2023-10-31T09:00:37.607+0000][2004.901s][info ][safepoint     ] Entering safepoint region: Cleanup
[2023-10-31T09:00:37.609+0000][2004.902s][info ][safepoint     ] Leaving safepoint region
[2023-10-31T09:00:37.610+0000][2004.903s][info ][safepoint     ] Total time for which application threads were stopped: 0.0021499 seconds, Stopping threads took: 0.0010517 seconds
[2023-10-31T09:00:37.609+0000][2004.903s][debug][safepoint     ] ... found polling page return exception at pc = 0x00007f62e89d70c4, stub =0x00007f62e0840600
[2023-10-31T09:00:37.609+0000][2004.902s][debug][safepoint     ] ... found polling page return exception at pc = 0x00007f62e89d70c4, stub =0x00007f62e0840600
[2023-10-31T09:00:38.611+0000][2005.904s][debug][safepoint     ] Safepoint synchronization initiated. (186 threads)
[2023-10-31T09:00:38.611+0000][2005.905s][info ][safepoint     ] Application time: 1.0007260 seconds
[2023-10-31T09:00:38.612+0000][2005.905s][info ][safepoint     ] Entering safepoint region: Cleanup
[2023-10-31T09:00:38.612+0000][2005.906s][info ][safepoint     ] Leaving safepoint region
[2023-10-31T09:00:38.613+0000][2005.906s][info ][safepoint     ] Total time for which application threads were stopped: 0.0010591 seconds, Stopping threads took: 0.0004760 seconds
[2023-10-31T09:00:39.613+0000][2006.907s][debug][safepoint     ] Safepoint synchronization initiated. (186 threads)
[2023-10-31T09:00:39.614+0000][2006.907s][info ][safepoint     ] Application time: 1.0007378 seconds
[2023-10-31T09:00:39.614+0000][2006.908s][info ][safepoint     ] Entering safepoint region: Cleanup
[2023-10-31T09:00:39.615+0000][2006.908s][info ][safepoint     ] Leaving safepoint region
[2023-10-31T09:00:39.615+0000][2006.909s][info ][safepoint     ] Total time for which application threads were stopped: 0.0010395 seconds, Stopping threads took: 0.0004337 seconds
[2023-10-31T09:00:40.618+0000][2007.911s][debug][safepoint     ] Safepoint synchronization initiated. (186 threads)
[2023-10-31T09:00:40.619+0000][2007.912s][info ][safepoint     ] Application time: 1.0014118 seconds
[2023-10-31T09:00:40.620+0000][2007.913s][info ][safepoint     ] Entering safepoint region: Cleanup
[2023-10-31T09:00:40.620+0000][2007.914s][info ][safepoint     ] Leaving safepoint region
[2023-10-31T09:00:40.621+0000][2007.915s][info ][safepoint     ] Total time for which application threads were stopped: 0.0016214 seconds, Stopping threads took: 0.0007445 seconds
[2023-10-31T09:00:41.622+0000][2008.916s][debug][safepoint     ] Safepoint synchronization initiated. (186 threads)
[2023-10-31T09:00:41.623+0000][2008.917s][info ][safepoint     ] Application time: 1.0013137 seconds
[2023-10-31T09:00:41.624+0000][2008.918s][info ][safepoint     ] Entering safepoint region: Cleanup
[2023-10-31T09:00:41.625+0000][2008.919s][info ][safepoint     ] Leaving safepoint region
[2023-10-31T09:00:41.626+0000][2008.919s][info ][safepoint     ] Total time for which application threads were stopped: 0.0019194 seconds, Stopping threads took: 0.0009239 seconds
[2023-10-31T09:00:42.627+0000][2009.920s][debug][safepoint     ] Safepoint synchronization initiated. (186 threads)
[2023-10-31T09:00:42.627+0000][2009.921s][info ][safepoint     ] Application time: 1.0005783 seconds
[2023-10-31T09:00:42.627+0000][2009.921s][info ][safepoint     ] Entering safepoint region: Cleanup
[2023-10-31T09:00:42.628+0000][2009.921s][info ][safepoint     ] Leaving safepoint region
[2023-10-31T09:00:42.628+0000][2009.922s][info ][safepoint     ] Total time for which application threads were stopped: 0.0007793 seconds, Stopping threads took: 0.0003030 seconds
[2023-10-31T09:00:43.629+0000][2010.922s][debug][safepoint     ] Safepoint synchronization initiated. (186 threads)
[2023-10-31T09:00:43.629+0000][2010.923s][info ][safepoint     ] Application time: 1.0008168 seconds
[2023-10-31T09:00:43.630+0000][2010.923s][info ][safepoint     ] Entering safepoint region: Cleanup
[2023-10-31T09:00:43.631+0000][2010.924s][info ][safepoint     ] Leaving safepoint region
[2023-10-31T09:00:43.631+0000][2010.925s][info ][safepoint     ] Total time for which application threads were stopped: 0.0013820 seconds, Stopping threads took: 0.0006474 seconds
[2023-10-31T09:00:44.632+0000][2011.926s][debug][safepoint     ] Safepoint synchronization initiated. (186 threads)
[2023-10-31T09:00:44.634+0000][2011.927s][info ][safepoint     ] Application time: 1.0014479 seconds
[2023-10-31T09:00:44.635+0000][2011.928s][info ][safepoint     ] Entering safepoint region: Cleanup
[2023-10-31T09:00:44.636+0000][2011.930s][info ][safepoint     ] Leaving safepoint region
[2023-10-31T09:00:44.638+0000][2011.932s][info ][safepoint     ] Total time for which application threads were stopped: 0.0036701 seconds, Stopping threads took: 0.0014100 seconds
[2023-10-31T09:00:45.639+0000][2012.933s][debug][safepoint     ] Safepoint synchronization initiated. (186 threads)
[2023-10-31T09:00:45.640+0000][2012.933s][info ][safepoint     ] Application time: 1.0006283 seconds
[2023-10-31T09:00:45.640+0000][2012.934s][info ][safepoint     ] Entering safepoint region: Cleanup
[2023-10-31T09:00:45.641+0000][2012.934s][info ][safepoint     ] Leaving safepoint region
[2023-10-31T09:00:45.641+0000][2012.934s][info ][safepoint     ] Total time for which application threads were stopped: 0.0008613 seconds, Stopping threads took: 0.0003995 seconds
[2023-10-31T09:00:46.641+0000][2013.935s][debug][safepoint     ] Safepoint synchronization initiated. (186 threads)
[2023-10-31T09:00:46.642+0000][2013.936s][info ][safepoint     ] Application time: 1.0013962 seconds
[2023-10-31T09:00:46.643+0000][2013.937s][info ][safepoint     ] Entering safepoint region: Cleanup
[2023-10-31T09:00:46.644+0000][2013.938s][info ][safepoint     ] Leaving safepoint region
[2023-10-31T09:00:46.645+0000][2013.939s][info ][safepoint     ] Total time for which application threads were stopped: 0.0019787 seconds, Stopping threads took: 0.0007700 seconds
[2023-10-31T09:00:47.646+0000][2014.940s][debug][safepoint     ] Safepoint synchronization initiated. (186 threads)
[2023-10-31T09:00:47.647+0000][2014.941s][info ][safepoint     ] Application time: 1.0011785 seconds
[2023-10-31T09:00:47.648+0000][2014.941s][info ][safepoint     ] Entering safepoint region: Cleanup
[2023-10-31T09:00:47.649+0000][2014.942s][info ][safepoint     ] Leaving safepoint region
[2023-10-31T09:00:47.650+0000][2014.943s][info ][safepoint     ] Total time for which application threads were stopped: 0.0021722 seconds, Stopping threads took: 0.0008637 seconds
[2023-10-31T09:00:48.651+0000][2015.944s][debug][safepoint     ] Safepoint synchronization initiated. (186 threads)
[2023-10-31T09:00:48.652+0000][2015.945s][info ][safepoint     ] Application time: 1.0011086 seconds
[2023-10-31T09:00:48.652+0000][2015.946s][info ][safepoint     ] Entering safepoint region: Cleanup
[2023-10-31T09:00:48.653+0000][2015.947s][info ][safepoint     ] Leaving safepoint region
[2023-10-31T09:00:48.653+0000][2015.947s][info ][safepoint     ] Total time for which application threads were stopped: 0.0010743 seconds, Stopping threads took: 0.0005182 seconds
[2023-10-31T09:00:49.654+0000][2016.948s][debug][safepoint     ] Safepoint synchronization initiated. (186 threads)
[2023-10-31T09:00:49.655+0000][2016.948s][info ][safepoint     ] Application time: 1.0006908 seconds
[2023-10-31T09:00:49.655+0000][2016.949s][info ][safepoint     ] Entering safepoint region: Cleanup
[2023-10-31T09:00:49.656+0000][2016.949s][info ][safepoint     ] Leaving safepoint region
[2023-10-31T09:00:49.656+0000][2016.950s][info ][safepoint     ] Total time for which application threads were stopped: 0.0010378 seconds, Stopping threads took: 0.0004216 seconds
[2023-10-31T09:00:50.657+0000][2017.950s][debug][safepoint     ] Safepoint synchronization initiated. (186 threads)
[2023-10-31T09:00:50.657+0000][2017.951s][info ][safepoint     ] Application time: 1.0008850 seconds
[2023-10-31T09:00:50.658+0000][2017.952s][info ][safepoint     ] Entering safepoint region: Cleanup
[2023-10-31T09:00:50.659+0000][2017.952s][info ][safepoint     ] Leaving safepoint region
[2023-10-31T09:00:50.659+0000][2017.953s][info ][safepoint     ] Total time for which application threads were stopped: 0.0014593 seconds, Stopping threads took: 0.0006684 seconds
[2023-10-31T09:00:51.660+0000][2018.954s][debug][safepoint     ] Safepoint synchronization initiated. (186 threads)
[2023-10-31T09:00:51.661+0000][2018.955s][info ][safepoint     ] Application time: 1.0008813 seconds
[2023-10-31T09:00:51.662+0000][2018.955s][info ][safepoint     ] Entering safepoint region: Cleanup
[2023-10-31T09:00:51.662+0000][2018.956s][info ][safepoint     ] Leaving safepoint region
[2023-10-31T09:00:51.663+0000][2018.956s][info ][safepoint     ] Total time for which application threads were stopped: 0.0013575 seconds, Stopping threads took: 0.0006287 seconds
[2023-10-31T09:00:52.664+0000][2019.957s][debug][safepoint     ] Safepoint synchronization initiated. (186 threads)
[2023-10-31T09:00:52.664+0000][2019.958s][info ][safepoint     ] Application time: 1.0010064 seconds
[2023-10-31T09:00:52.665+0000][2019.958s][info ][safepoint     ] Entering safepoint region: Cleanup
[2023-10-31T09:00:52.666+0000][2019.959s][info ][safepoint     ] Leaving safepoint region
[2023-10-31T09:00:52.666+0000][2019.960s][info ][safepoint     ] Total time for which application threads were stopped: 0.0011175 seconds, Stopping threads took: 0.0006103 seconds
[2023-10-31T09:00:53.666+0000][2020.960s][debug][safepoint     ] Safepoint synchronization initiated. (186 threads)
[2023-10-31T09:00:53.667+0000][2020.961s][info ][safepoint     ] Application time: 1.0009942 seconds
[2023-10-31T09:00:53.668+0000][2020.962s][info ][safepoint     ] Entering safepoint region: Cleanup
[2023-10-31T09:00:53.669+0000][2020.963s][info ][safepoint     ] Leaving safepoint region
[2023-10-31T09:00:53.670+0000][2020.963s][info ][safepoint     ] Total time for which application threads were stopped: 0.0015767 seconds, Stopping threads took: 0.0008203 seconds
[2023-10-31T09:00:54.671+0000][2021.964s][debug][safepoint     ] Safepoint synchronization initiated. (186 threads)
[2023-10-31T09:00:54.672+0000][2021.965s][info ][safepoint     ] Application time: 1.0014034 seconds
[2023-10-31T09:00:54.672+0000][2021.966s][info ][safepoint     ] Entering safepoint region: Cleanup
[2023-10-31T09:00:54.673+0000][2021.967s][info ][safepoint     ] Leaving safepoint region
[2023-10-31T09:00:54.674+0000][2021.968s][info ][safepoint     ] Total time for which application threads were stopped: 0.0019347 seconds, Stopping threads took: 0.0008414 seconds
[2023-10-31T09:00:55.675+0000][2022.968s][debug][safepoint     ] Safepoint synchronization initiated. (186 threads)
[2023-10-31T09:00:55.676+0000][2022.969s][info ][safepoint     ] Application time: 1.0010292 seconds
[2023-10-31T09:00:55.677+0000][2022.970s][info ][safepoint     ] Entering safepoint region: Cleanup
[2023-10-31T09:00:55.678+0000][2022.971s][info ][safepoint     ] Leaving safepoint region
[2023-10-31T09:00:55.679+0000][2022.972s][info ][safepoint     ] Total time for which application threads were stopped: 0.0019667 seconds, Stopping threads took: 0.0007933 seconds
[2023-10-31T09:00:56.680+0000][2023.973s][debug][safepoint     ] Safepoint synchronization initiated. (186 threads)
[2023-10-31T09:00:56.681+0000][2023.974s][info ][safepoint     ] Application time: 1.0014652 seconds
[2023-10-31T09:00:56.682+0000][2023.975s][info ][safepoint     ] Entering safepoint region: Cleanup
[2023-10-31T09:00:56.683+0000][2023.976s][info ][safepoint     ] Leaving safepoint region
[2023-10-31T09:00:56.683+0000][2023.977s][info ][safepoint     ] Total time for which application threads were stopped: 0.0019833 seconds, Stopping threads took: 0.0009054 seconds
[2023-10-31T09:00:57.684+0000][2024.978s][debug][safepoint     ] Safepoint synchronization initiated. (186 threads)
[2023-10-31T09:00:57.686+0000][2024.979s][info ][safepoint     ] Application time: 1.0013418 seconds
[2023-10-31T09:00:57.686+0000][2024.980s][info ][safepoint     ] Entering safepoint region: Cleanup
[2023-10-31T09:00:57.687+0000][2024.981s][info ][safepoint     ] Leaving safepoint region
[2023-10-31T09:00:57.688+0000][2024.981s][info ][safepoint     ] Total time for which application threads were stopped: 0.0016176 seconds, Stopping threads took: 0.0006725 seconds
[2023-10-31T09:00:58.690+0000][2025.982s][debug][safepoint     ] Safepoint synchronization initiated. (186 threads)
[2023-10-31T09:00:58.691+0000][2025.984s][info ][safepoint     ] Application time: 1.0015979 seconds
[2023-10-31T09:00:58.692+0000][2025.985s][info ][safepoint     ] Entering safepoint region: Cleanup
[2023-10-31T09:00:58.694+0000][2025.986s][info ][safepoint     ] Leaving safepoint region
[2023-10-31T09:00:58.695+0000][2025.987s][info ][safepoint     ] Total time for which application threads were stopped: 0.0025921 seconds, Stopping threads took: 0.0010698 seconds
[2023-10-31T09:00:59.696+0000][2026.988s][debug][safepoint     ] Safepoint synchronization initiated. (186 threads)
[2023-10-31T09:00:59.696+0000][2026.989s][info ][safepoint     ] Application time: 1.0006846 seconds
[2023-10-31T09:00:59.697+0000][2026.989s][info ][safepoint     ] Entering safepoint region: Cleanup
[2023-10-31T09:00:59.698+0000][2026.990s][info ][safepoint     ] Leaving safepoint region
[2023-10-31T09:00:59.698+0000][2026.991s][info ][safepoint     ] Total time for which application threads were stopped: 0.0013150 seconds, Stopping threads took: 0.0005813 seconds
[2023-10-31T09:01:00.699+0000][2027.992s][debug][safepoint     ] Safepoint synchronization initiated. (186 threads)
[2023-10-31T09:01:00.700+0000][2027.992s][info ][safepoint     ] Application time: 1.0011821 seconds
[2023-10-31T09:01:00.701+0000][2027.993s][info ][safepoint     ] Entering safepoint region: Cleanup
[2023-10-31T09:01:00.701+0000][2027.994s][info ][safepoint     ] Leaving safepoint region
[2023-10-31T09:01:00.702+0000][2027.995s][info ][safepoint     ] Total time for which application threads were stopped: 0.0016209 seconds, Stopping threads took: 0.0007106 seconds
[2023-10-31T09:01:01.703+0000][2028.996s][debug][safepoint     ] Safepoint synchronization initiated. (186 threads)
[2023-10-31T09:01:01.704+0000][2028.997s][info ][safepoint     ] Application time: 1.0012992 seconds
[2023-10-31T09:01:01.705+0000][2028.998s][info ][safepoint     ] Entering safepoint region: Cleanup
[2023-10-31T09:01:01.706+0000][2028.999s][info ][safepoint     ] Leaving safepoint region
[2023-10-31T09:01:01.707+0000][2029.000s][info ][safepoint     ] Total time for which application threads were stopped: 0.0019437 seconds, Stopping threads took: 0.0009633 seconds
[2023-10-31T09:01:02.708+0000][2030.001s][debug][safepoint     ] Safepoint synchronization initiated. (186 threads)
[2023-10-31T09:01:02.709+0000][2030.001s][info ][safepoint     ] Application time: 1.0007149 seconds
[2023-10-31T09:01:02.709+0000][2030.002s][info ][safepoint     ] Entering safepoint region: Cleanup
[2023-10-31T09:01:02.709+0000][2030.002s][info ][safepoint     ] Leaving safepoint region
[2023-10-31T09:01:02.710+0000][2030.002s][info ][safepoint     ] Total time for which application threads were stopped: 0.0007981 seconds, Stopping threads took: 0.0003308 seconds
[2023-10-31T09:01:03.710+0000][2031.003s][debug][safepoint     ] Safepoint synchronization initiated. (186 threads)
[2023-10-31T09:01:03.711+0000][2031.003s][info ][safepoint     ] Application time: 1.0006655 seconds
[2023-10-31T09:01:03.711+0000][2031.004s][info ][safepoint     ] Entering safepoint region: Cleanup
[2023-10-31T09:01:03.712+0000][2031.004s][info ][safepoint     ] Leaving safepoint region
[2023-10-31T09:01:03.712+0000][2031.005s][info ][safepoint     ] Total time for which application threads were stopped: 0.0008779 seconds, Stopping threads took: 0.0003768 seconds
[2023-10-31T09:01:04.712+0000][2032.005s][debug][safepoint     ] Safepoint synchronization initiated. (186 threads)
[2023-10-31T09:01:04.713+0000][2032.006s][info ][safepoint     ] Application time: 1.0007619 seconds
[2023-10-31T09:01:04.714+0000][2032.006s][info ][safepoint     ] Entering safepoint region: Cleanup
[2023-10-31T09:01:04.714+0000][2032.007s][info ][safepoint     ] Leaving safepoint region
[2023-10-31T09:01:04.715+0000][2032.008s][info ][safepoint     ] Total time for which application threads were stopped: 0.0013496 seconds, Stopping threads took: 0.0006093 seconds
[2023-10-31T09:01:05.716+0000][2033.008s][debug][safepoint     ] Safepoint synchronization initiated. (186 threads)
[2023-10-31T09:01:05.716+0000][2033.009s][info ][safepoint     ] Application time: 1.0007958 seconds
[2023-10-31T09:01:05.717+0000][2033.009s][info ][safepoint     ] Entering safepoint region: Cleanup
[2023-10-31T09:01:05.717+0000][2033.010s][info ][safepoint     ] Leaving safepoint region
[2023-10-31T09:01:05.718+0000][2033.010s][info ][safepoint     ] Total time for which application threads were stopped: 0.0011910 seconds, Stopping threads took: 0.0005430 seconds
[2023-10-31T09:01:06.718+0000][2034.011s][debug][safepoint     ] Safepoint synchronization initiated. (186 threads)
[2023-10-31T09:01:06.719+0000][2034.011s][info ][safepoint     ] Application time: 1.0005285 seconds
[2023-10-31T09:01:06.719+0000][2034.012s][info ][safepoint     ] Entering safepoint region: Cleanup
[2023-10-31T09:01:06.720+0000][2034.012s][info ][safepoint     ] Leaving safepoint region
[2023-10-31T09:01:06.720+0000][2034.013s][info ][safepoint     ] Total time for which application threads were stopped: 0.0007963 seconds, Stopping threads took: 0.0003258 seconds
[2023-10-31T09:01:07.720+0000][2035.013s][debug][safepoint     ] Safepoint synchronization initiated. (186 threads)
[2023-10-31T09:01:07.721+0000][2035.014s][info ][safepoint     ] Application time: 1.0007055 seconds
[2023-10-31T09:01:07.721+0000][2035.014s][info ][safepoint     ] Entering safepoint region: Cleanup
[2023-10-31T09:01:07.722+0000][2035.015s][info ][safepoint     ] Leaving safepoint region
[2023-10-31T09:01:07.723+0000][2035.015s][info ][safepoint     ] Total time for which application threads were stopped: 0.0012668 seconds, Stopping threads took: 0.0006478 seconds
[2023-10-31T09:01:08.723+0000][2036.016s][debug][safepoint     ] Safepoint synchronization initiated. (186 threads)
[2023-10-31T09:01:08.724+0000][2036.017s][info ][safepoint     ] Application time: 1.0010762 seconds
[2023-10-31T09:01:08.725+0000][2036.018s][info ][safepoint     ] Entering safepoint region: Cleanup
[2023-10-31T09:01:08.726+0000][2036.018s][info ][safepoint     ] Leaving safepoint region
[2023-10-31T09:01:08.726+0000][2036.019s][info ][safepoint     ] Total time for which application threads were stopped: 0.0014097 seconds, Stopping threads took: 0.0006814 seconds
[2023-10-31T09:01:09.727+0000][2037.020s][debug][safepoint     ] Safepoint synchronization initiated. (186 threads)
[2023-10-31T09:01:09.728+0000][2037.020s][info ][safepoint     ] Application time: 1.0008519 seconds
[2023-10-31T09:01:09.728+0000][2037.021s][info ][safepoint     ] Entering safepoint region: Cleanup
[2023-10-31T09:01:09.729+0000][2037.022s][info ][safepoint     ] Leaving safepoint region
[2023-10-31T09:01:09.730+0000][2037.022s][info ][safepoint     ] Total time for which application threads were stopped: 0.0013919 seconds, Stopping threads took: 0.0006149 seconds
[2023-10-31T09:01:10.730+0000][2038.023s][debug][safepoint     ] Safepoint synchronization initiated. (186 threads)
[2023-10-31T09:01:10.732+0000][2038.025s][info ][safepoint     ] Application time: 1.0017634 seconds
[2023-10-31T09:01:10.733+0000][2038.026s][info ][safepoint     ] Entering safepoint region: Cleanup
[2023-10-31T09:01:10.734+0000][2038.027s][info ][safepoint     ] Leaving safepoint region
[2023-10-31T09:01:10.735+0000][2038.028s][info ][safepoint     ] Total time for which application threads were stopped: 0.0023458 seconds, Stopping threads took: 0.0010713 seconds
[2023-10-31T09:01:11.736+0000][2039.029s][debug][safepoint     ] Safepoint synchronization initiated. (186 threads)
[2023-10-31T09:01:11.737+0000][2039.030s][info ][safepoint     ] Application time: 1.0010003 seconds
[2023-10-31T09:01:11.738+0000][2039.030s][info ][safepoint     ] Entering safepoint region: Cleanup
[2023-10-31T09:01:11.739+0000][2039.031s][info ][safepoint     ] Leaving safepoint region
[2023-10-31T09:01:11.739+0000][2039.032s][info ][safepoint     ] Total time for which application threads were stopped: 0.0015881 seconds, Stopping threads took: 0.0006466 seconds
[2023-10-31T09:01:12.740+0000][2040.033s][debug][safepoint     ] Safepoint synchronization initiated. (186 threads)
[2023-10-31T09:01:12.741+0000][2040.033s][info ][safepoint     ] Application time: 1.0008089 seconds
[2023-10-31T09:01:12.741+0000][2040.034s][info ][safepoint     ] Entering safepoint region: Cleanup
[2023-10-31T09:01:12.742+0000][2040.035s][info ][safepoint     ] Leaving safepoint region
[2023-10-31T09:01:12.742+0000][2040.035s][info ][safepoint     ] Total time for which application threads were stopped: 0.0010584 seconds, Stopping threads took: 0.0005045 seconds
[2023-10-31T09:01:13.743+0000][2041.036s][debug][safepoint     ] Safepoint synchronization initiated. (186 threads)
[2023-10-31T09:01:13.743+0000][2041.036s][info ][safepoint     ] Application time: 1.0006635 seconds
[2023-10-31T09:01:13.744+0000][2041.037s][info ][safepoint     ] Entering safepoint region: Cleanup
[2023-10-31T09:01:13.745+0000][2041.037s][info ][safepoint     ] Leaving safepoint region
[2023-10-31T09:01:13.745+0000][2041.038s][info ][safepoint     ] Total time for which application threads were stopped: 0.0012594 seconds, Stopping threads took: 0.0007043 seconds
[2023-10-31T09:01:14.746+0000][2042.038s][debug][safepoint     ] Safepoint synchronization initiated. (186 threads)
[2023-10-31T09:01:14.746+0000][2042.039s][info ][safepoint     ] Application time: 1.0009654 seconds
[2023-10-31T09:01:14.747+0000][2042.040s][info ][safepoint     ] Entering safepoint region: Cleanup
[2023-10-31T09:01:14.748+0000][2042.041s][info ][safepoint     ] Leaving safepoint region
[2023-10-31T09:01:14.749+0000][2042.041s][info ][safepoint     ] Total time for which application threads were stopped: 0.0016621 seconds, Stopping threads took: 0.0007310 seconds
[2023-10-31T09:01:14.748+0000][2042.041s][debug][safepoint     ] ... found polling page return exception at pc = 0x00007f62e89d70c4, stub =0x00007f62e0840600
[2023-10-31T09:01:14.748+0000][2042.041s][debug][safepoint     ] ... found polling page return exception at pc = 0x00007f62e89d70c4, stub =0x00007f62e0840600
[2023-10-31T09:01:14.748+0000][2042.041s][debug][safepoint     ] ... found polling page return exception at pc = 0x00007f62e89d70c4, stub =0x00007f62e0840600
[2023-10-31T09:01:15.749+0000][2043.042s][debug][safepoint     ] Safepoint synchronization initiated. (186 threads)
[2023-10-31T09:01:15.750+0000][2043.043s][info ][safepoint     ] Application time: 1.0007253 seconds
[2023-10-31T09:01:15.750+0000][2043.043s][info ][safepoint     ] Entering safepoint region: Cleanup
[2023-10-31T09:01:15.751+0000][2043.044s][info ][safepoint     ] Leaving safepoint region
[2023-10-31T09:01:15.751+0000][2043.044s][info ][safepoint     ] Total time for which application threads were stopped: 0.0007632 seconds, Stopping threads took: 0.0003128 seconds
[2023-10-31T09:01:16.751+0000][2044.044s][debug][safepoint     ] Safepoint synchronization initiated. (186 threads)
[2023-10-31T09:01:16.752+0000][2044.045s][info ][safepoint     ] Application time: 1.0005735 seconds
[2023-10-31T09:01:16.753+0000][2044.045s][info ][safepoint     ] Entering safepoint region: Cleanup
[2023-10-31T09:01:16.753+0000][2044.046s][info ][safepoint     ] Leaving safepoint region
[2023-10-31T09:01:16.754+0000][2044.046s][info ][safepoint     ] Total time for which application threads were stopped: 0.0011307 seconds, Stopping threads took: 0.0005469 seconds
[2023-10-31T09:01:17.754+0000][2045.047s][debug][safepoint     ] Safepoint synchronization initiated. (186 threads)
[2023-10-31T09:01:17.755+0000][2045.048s][info ][safepoint     ] Application time: 1.0009909 seconds
[2023-10-31T09:01:17.756+0000][2045.048s][info ][safepoint     ] Entering safepoint region: Cleanup
[2023-10-31T09:01:17.757+0000][2045.049s][info ][safepoint     ] Leaving safepoint region
[2023-10-31T09:01:17.757+0000][2045.050s][info ][safepoint     ] Total time for which application threads were stopped: 0.0011230 seconds, Stopping threads took: 0.0006273 seconds
[2023-10-31T09:01:18.758+0000][2046.050s][debug][safepoint     ] Safepoint synchronization initiated. (186 threads)
[2023-10-31T09:01:18.759+0000][2046.051s][info ][safepoint     ] Application time: 1.0011894 seconds
[2023-10-31T09:01:18.759+0000][2046.052s][info ][safepoint     ] Entering safepoint region: Cleanup
[2023-10-31T09:01:18.761+0000][2046.053s][info ][safepoint     ] Leaving safepoint region
[2023-10-31T09:01:18.761+0000][2046.054s][info ][safepoint     ] Total time for which application threads were stopped: 0.0020116 seconds, Stopping threads took: 0.0008488 seconds
[2023-10-31T09:01:19.762+0000][2047.055s][debug][safepoint     ] Safepoint synchronization initiated. (186 threads)
[2023-10-31T09:01:19.763+0000][2047.056s][info ][safepoint     ] Application time: 1.0009214 seconds
[2023-10-31T09:01:19.764+0000][2047.056s][info ][safepoint     ] Entering safepoint region: Cleanup
[2023-10-31T09:01:19.764+0000][2047.057s][info ][safepoint     ] Leaving safepoint region
[2023-10-31T09:01:19.765+0000][2047.057s][info ][safepoint     ] Total time for which application threads were stopped: 0.0012348 seconds, Stopping threads took: 0.0006346 seconds
[2023-10-31T09:01:20.765+0000][2048.058s][debug][safepoint     ] Safepoint synchronization initiated. (186 threads)
[2023-10-31T09:01:20.766+0000][2048.059s][info ][safepoint     ] Application time: 1.0008603 seconds
[2023-10-31T09:01:20.767+0000][2048.059s][info ][safepoint     ] Entering safepoint region: Cleanup
[2023-10-31T09:01:20.767+0000][2048.060s][info ][safepoint     ] Leaving safepoint region
[2023-10-31T09:01:20.768+0000][2048.061s][info ][safepoint     ] Total time for which application threads were stopped: 0.0014015 seconds, Stopping threads took: 0.0005722 seconds
[2023-10-31T09:01:21.769+0000][2049.061s][debug][safepoint     ] Safepoint synchronization initiated. (186 threads)
[2023-10-31T09:01:21.769+0000][2049.062s][info ][safepoint     ] Application time: 1.0006705 seconds
[2023-10-31T09:01:21.770+0000][2049.062s][info ][safepoint     ] Entering safepoint region: Cleanup
[2023-10-31T09:01:21.770+0000][2049.063s][info ][safepoint     ] Leaving safepoint region
[2023-10-31T09:01:21.774+0000][2049.067s][info ][safepoint     ] Total time for which application threads were stopped: 0.0043654 seconds, Stopping threads took: 0.0005085 seconds
[2023-10-31T09:01:22.775+0000][2050.068s][debug][safepoint     ] Safepoint synchronization initiated. (186 threads)
[2023-10-31T09:01:22.776+0000][2050.069s][info ][safepoint     ] Application time: 1.0012219 seconds
[2023-10-31T09:01:22.777+0000][2050.069s][info ][safepoint     ] Entering safepoint region: Cleanup
[2023-10-31T09:01:22.778+0000][2050.070s][info ][safepoint     ] Leaving safepoint region
[2023-10-31T09:01:22.778+0000][2050.071s][info ][safepoint     ] Total time for which application threads were stopped: 0.0018099 seconds, Stopping threads took: 0.0008342 seconds
[2023-10-31T09:01:23.779+0000][2051.072s][debug][safepoint     ] Safepoint synchronization initiated. (186 threads)
[2023-10-31T09:01:23.780+0000][2051.072s][info ][safepoint     ] Application time: 1.0006262 seconds
[2023-10-31T09:01:23.780+0000][2051.073s][info ][safepoint     ] Entering safepoint region: Cleanup
[2023-10-31T09:01:23.781+0000][2051.073s][info ][safepoint     ] Leaving safepoint region
[2023-10-31T09:01:23.781+0000][2051.074s][info ][safepoint     ] Total time for which application threads were stopped: 0.0009860 seconds, Stopping threads took: 0.0003587 seconds
[2023-10-31T09:01:24.782+0000][2052.074s][debug][safepoint     ] Safepoint synchronization initiated. (186 threads)
[2023-10-31T09:01:24.782+0000][2052.075s][info ][safepoint     ] Application time: 1.0007752 seconds
[2023-10-31T09:01:24.783+0000][2052.075s][info ][safepoint     ] Entering safepoint region: Cleanup
[2023-10-31T09:01:24.783+0000][2052.076s][info ][safepoint     ] Leaving safepoint region
[2023-10-31T09:01:24.784+0000][2052.077s][info ][safepoint     ] Total time for which application threads were stopped: 0.0012482 seconds, Stopping threads took: 0.0005510 seconds
[2023-10-31T09:01:25.785+0000][2053.078s][debug][safepoint     ] Safepoint synchronization initiated. (186 threads)
[2023-10-31T09:01:25.786+0000][2053.079s][info ][safepoint     ] Application time: 1.0018408 seconds
[2023-10-31T09:01:25.787+0000][2053.080s][info ][safepoint     ] Entering safepoint region: Cleanup
[2023-10-31T09:01:25.788+0000][2053.081s][info ][safepoint     ] Leaving safepoint region
[2023-10-31T09:01:25.789+0000][2053.082s][info ][safepoint     ] Total time for which application threads were stopped: 0.0016171 seconds, Stopping threads took: 0.0006557 seconds
[2023-10-31T09:01:26.790+0000][2054.082s][debug][safepoint     ] Safepoint synchronization initiated. (186 threads)
[2023-10-31T09:01:26.790+0000][2054.083s][info ][safepoint     ] Application time: 1.0007253 seconds
[2023-10-31T09:01:26.791+0000][2054.083s][info ][safepoint     ] Entering safepoint region: Cleanup
[2023-10-31T09:01:26.791+0000][2054.084s][info ][safepoint     ] Leaving safepoint region
[2023-10-31T09:01:26.792+0000][2054.084s][info ][safepoint     ] Total time for which application threads were stopped: 0.0010867 seconds, Stopping threads took: 0.0004853 seconds
[2023-10-31T09:01:27.793+0000][2055.085s][debug][safepoint     ] Safepoint synchronization initiated. (186 threads)
[2023-10-31T09:01:27.794+0000][2055.087s][info ][safepoint     ] Application time: 1.0015639 seconds
[2023-10-31T09:01:27.795+0000][2055.088s][info ][safepoint     ] Entering safepoint region: Cleanup
[2023-10-31T09:01:27.797+0000][2055.089s][info ][safepoint     ] Leaving safepoint region
[2023-10-31T09:01:27.798+0000][2055.090s][info ][safepoint     ] Total time for which application threads were stopped: 0.0025150 seconds, Stopping threads took: 0.0011200 seconds
[2023-10-31T09:01:28.799+0000][2056.092s][debug][safepoint     ] Safepoint synchronization initiated. (186 threads)
[2023-10-31T09:01:28.800+0000][2056.092s][info ][safepoint     ] Application time: 1.0012057 seconds
[2023-10-31T09:01:28.800+0000][2056.093s][info ][safepoint     ] Entering safepoint region: Cleanup
[2023-10-31T09:01:28.801+0000][2056.094s][info ][safepoint     ] Leaving safepoint region
[2023-10-31T09:01:28.802+0000][2056.094s][info ][safepoint     ] Total time for which application threads were stopped: 0.0012013 seconds, Stopping threads took: 0.0005353 seconds
[2023-10-31T09:01:29.803+0000][2057.095s][debug][safepoint     ] Safepoint synchronization initiated. (186 threads)
[2023-10-31T09:01:29.804+0000][2057.096s][info ][safepoint     ] Application time: 1.0016230 seconds
[2023-10-31T09:01:29.805+0000][2057.098s][debug][safepoint     ] ... found polling page loop exception at pc = 0x00007f62e84635a1, stub =0x00007f62e0843680
[2023-10-31T09:01:29.806+0000][2057.099s][debug][safepoint     ] Waiting for 2 thread(s) to block
[2023-10-31T09:01:29.807+0000][2057.100s][info ][safepoint     ] Entering safepoint region: Cleanup
[2023-10-31T09:01:29.808+0000][2057.101s][info ][safepoint     ] Leaving safepoint region
[2023-10-31T09:01:29.810+0000][2057.102s][info ][safepoint     ] Total time for which application threads were stopped: 0.0046733 seconds, Stopping threads took: 0.0027093 seconds
[2023-10-31T09:01:30.811+0000][2058.103s][debug][safepoint     ] Safepoint synchronization initiated. (186 threads)
[2023-10-31T09:01:30.812+0000][2058.104s][info ][safepoint     ] Application time: 1.0013476 seconds
[2023-10-31T09:01:30.813+0000][2058.105s][info ][safepoint     ] Entering safepoint region: Cleanup
[2023-10-31T09:01:30.814+0000][2058.106s][info ][safepoint     ] Leaving safepoint region
[2023-10-31T09:01:30.814+0000][2058.107s][info ][safepoint     ] Total time for which application threads were stopped: 0.0018517 seconds, Stopping threads took: 0.0009347 seconds
[2023-10-31T09:01:30.814+0000][2058.107s][debug][safepoint     ] ... found polling page return exception at pc = 0x00007f62e89d70c4, stub =0x00007f62e0840600
[2023-10-31T09:01:30.814+0000][2058.107s][debug][safepoint     ] ... found polling page return exception at pc = 0x00007f62e89d70c4, stub =0x00007f62e0840600
[2023-10-31T09:01:30.814+0000][2058.107s][debug][safepoint     ] ... found polling page return exception at pc = 0x00007f62e89d70c4, stub =0x00007f62e0840600
[2023-10-31T09:01:31.815+0000][2059.108s][debug][safepoint     ] Safepoint synchronization initiated. (186 threads)
[2023-10-31T09:01:31.816+0000][2059.109s][info ][safepoint     ] Application time: 1.0009217 seconds
[2023-10-31T09:01:31.817+0000][2059.109s][info ][safepoint     ] Entering safepoint region: Cleanup
[2023-10-31T09:01:31.817+0000][2059.110s][info ][safepoint     ] Leaving safepoint region
[2023-10-31T09:01:31.818+0000][2059.111s][info ][safepoint     ] Total time for which application threads were stopped: 0.0014045 seconds, Stopping threads took: 0.0006314 seconds
[2023-10-31T09:01:32.818+0000][2060.111s][debug][safepoint     ] Safepoint synchronization initiated. (186 threads)
[2023-10-31T09:01:32.819+0000][2060.112s][info ][safepoint     ] Application time: 1.0005765 seconds
[2023-10-31T09:01:32.819+0000][2060.112s][info ][safepoint     ] Entering safepoint region: Cleanup
[2023-10-31T09:01:32.820+0000][2060.113s][info ][safepoint     ] Leaving safepoint region
[2023-10-31T09:01:32.820+0000][2060.113s][info ][safepoint     ] Total time for which application threads were stopped: 0.0009147 seconds, Stopping threads took: 0.0004060 seconds
[2023-10-31T09:01:33.821+0000][2061.114s][debug][safepoint     ] Safepoint synchronization initiated. (186 threads)
[2023-10-31T09:01:33.823+0000][2061.116s][info ][safepoint     ] Application time: 1.0026656 seconds
[2023-10-31T09:01:33.824+0000][2061.116s][info ][safepoint     ] Entering safepoint region: Cleanup
[2023-10-31T09:01:33.825+0000][2061.118s][info ][safepoint     ] Leaving safepoint region
[2023-10-31T09:01:33.826+0000][2061.119s][info ][safepoint     ] Total time for which application threads were stopped: 0.0023732 seconds, Stopping threads took: 0.0006324 seconds
[2023-10-31T09:01:34.827+0000][2062.119s][debug][safepoint     ] Safepoint synchronization initiated. (186 threads)
[2023-10-31T09:01:34.828+0000][2062.121s][info ][safepoint     ] Application time: 1.0020010 seconds
[2023-10-31T09:01:34.829+0000][2062.122s][info ][safepoint     ] Entering safepoint region: Cleanup
[2023-10-31T09:01:34.830+0000][2062.123s][info ][safepoint     ] Leaving safepoint region
[2023-10-31T09:01:34.830+0000][2062.123s][info ][safepoint     ] Total time for which application threads were stopped: 0.0011596 seconds, Stopping threads took: 0.0005301 seconds
[2023-10-31T09:01:35.831+0000][2063.124s][debug][safepoint     ] Safepoint synchronization initiated. (186 threads)
[2023-10-31T09:01:35.832+0000][2063.125s][info ][safepoint     ] Application time: 1.0012131 seconds
[2023-10-31T09:01:35.833+0000][2063.126s][info ][safepoint     ] Entering safepoint region: Cleanup
[2023-10-31T09:01:35.834+0000][2063.127s][info ][safepoint     ] Leaving safepoint region
[2023-10-31T09:01:35.835+0000][2063.127s][info ][safepoint     ] Total time for which application threads were stopped: 0.0018628 seconds, Stopping threads took: 0.0008363 seconds
[2023-10-31T09:01:36.836+0000][2064.128s][debug][safepoint     ] Safepoint synchronization initiated. (186 threads)
[2023-10-31T09:01:36.836+0000][2064.129s][info ][safepoint     ] Application time: 1.0005521 seconds
[2023-10-31T09:01:36.836+0000][2064.129s][info ][safepoint     ] Entering safepoint region: Cleanup
[2023-10-31T09:01:36.837+0000][2064.130s][info ][safepoint     ] Leaving safepoint region
[2023-10-31T09:01:36.837+0000][2064.130s][info ][safepoint     ] Total time for which application threads were stopped: 0.0009156 seconds, Stopping threads took: 0.0003939 seconds
[2023-10-31T09:01:37.838+0000][2065.130s][debug][safepoint     ] Safepoint synchronization initiated. (186 threads)
[2023-10-31T09:01:37.843+0000][2065.136s][info ][safepoint     ] Application time: 1.0058998 seconds
[2023-10-31T09:01:37.847+0000][2065.139s][info ][safepoint     ] Entering safepoint region: Cleanup
[2023-10-31T09:01:37.856+0000][2065.149s][info ][safepoint     ] Leaving safepoint region
[2023-10-31T09:01:37.860+0000][2065.152s][info ][safepoint     ] Total time for which application threads were stopped: 0.0128853 seconds, Stopping threads took: 0.0095498 seconds
[2023-10-31T09:01:38.867+0000][2066.159s][debug][safepoint     ] Safepoint synchronization initiated. (186 threads)
[2023-10-31T09:01:38.867+0000][2066.160s][info ][safepoint     ] Application time: 1.0010120 seconds
[2023-10-31T09:01:38.868+0000][2066.161s][info ][safepoint     ] Entering safepoint region: Cleanup
[2023-10-31T09:01:38.869+0000][2066.162s][info ][safepoint     ] Leaving safepoint region
[2023-10-31T09:01:38.870+0000][2066.162s][info ][safepoint     ] Total time for which application threads were stopped: 0.0015833 seconds, Stopping threads took: 0.0007067 seconds
[2023-10-31T09:01:39.870+0000][2067.163s][debug][safepoint     ] Safepoint synchronization initiated. (186 threads)
[2023-10-31T09:01:39.873+0000][2067.166s][info ][safepoint     ] Application time: 1.0029559 seconds
[2023-10-31T09:01:39.874+0000][2067.167s][info ][safepoint     ] Entering safepoint region: Cleanup
[2023-10-31T09:01:39.877+0000][2067.170s][info ][safepoint     ] Leaving safepoint region
[2023-10-31T09:01:39.878+0000][2067.171s][info ][safepoint     ] Total time for which application threads were stopped: 0.0039484 seconds, Stopping threads took: 0.0031749 seconds
[2023-10-31T09:01:40.880+0000][2068.172s][debug][safepoint     ] Safepoint synchronization initiated. (186 threads)
[2023-10-31T09:01:40.881+0000][2068.174s][info ][safepoint     ] Application time: 1.0016615 seconds
[2023-10-31T09:01:40.883+0000][2068.175s][info ][safepoint     ] Entering safepoint region: Cleanup
[2023-10-31T09:01:40.883+0000][2068.176s][info ][safepoint     ] Leaving safepoint region
[2023-10-31T09:01:40.884+0000][2068.176s][info ][safepoint     ] Total time for which application threads were stopped: 0.0012187 seconds, Stopping threads took: 0.0005147 seconds
[2023-10-31T09:01:41.884+0000][2069.177s][debug][safepoint     ] Safepoint synchronization initiated. (186 threads)
[2023-10-31T09:01:41.885+0000][2069.178s][info ][safepoint     ] Application time: 1.0009262 seconds
[2023-10-31T09:01:41.886+0000][2069.178s][info ][safepoint     ] Entering safepoint region: Cleanup
[2023-10-31T09:01:41.886+0000][2069.179s][info ][safepoint     ] Leaving safepoint region
[2023-10-31T09:01:41.887+0000][2069.179s][info ][safepoint     ] Total time for which application threads were stopped: 0.0010940 seconds, Stopping threads took: 0.0004393 seconds
[2023-10-31T09:01:42.887+0000][2070.180s][debug][safepoint     ] Safepoint synchronization initiated. (186 threads)
[2023-10-31T09:01:42.887+0000][2070.180s][info ][safepoint     ] Application time: 1.0005814 seconds
[2023-10-31T09:01:42.888+0000][2070.181s][info ][safepoint     ] Entering safepoint region: Cleanup
[2023-10-31T09:01:42.888+0000][2070.181s][info ][safepoint     ] Leaving safepoint region
[2023-10-31T09:01:42.889+0000][2070.181s][info ][safepoint     ] Total time for which application threads were stopped: 0.0008893 seconds, Stopping threads took: 0.0003944 seconds
[2023-10-31T09:01:43.889+0000][2071.182s][debug][safepoint     ] Safepoint synchronization initiated. (186 threads)
[2023-10-31T09:01:43.890+0000][2071.183s][info ][safepoint     ] Application time: 1.0012711 seconds
[2023-10-31T09:01:43.892+0000][2071.185s][info ][safepoint     ] Entering safepoint region: Cleanup
[2023-10-31T09:01:43.893+0000][2071.186s][info ][safepoint     ] Leaving safepoint region
[2023-10-31T09:01:43.894+0000][2071.186s][info ][safepoint     ] Total time for which application threads were stopped: 0.0016689 seconds, Stopping threads took: 0.0009629 seconds
[2023-10-31T09:01:44.894+0000][2072.187s][debug][safepoint     ] Safepoint synchronization initiated. (186 threads)
[2023-10-31T09:01:44.895+0000][2072.188s][info ][safepoint     ] Application time: 1.0011084 seconds
[2023-10-31T09:01:44.896+0000][2072.189s][info ][safepoint     ] Entering safepoint region: Cleanup
[2023-10-31T09:01:44.897+0000][2072.189s][info ][safepoint     ] Leaving safepoint region
[2023-10-31T09:01:44.897+0000][2072.190s][info ][safepoint     ] Total time for which application threads were stopped: 0.0016159 seconds, Stopping threads took: 0.0005596 seconds
[2023-10-31T09:01:45.899+0000][2073.191s][debug][safepoint     ] Safepoint synchronization initiated. (186 threads)
[2023-10-31T09:01:45.899+0000][2073.192s][info ][safepoint     ] Application time: 1.0010018 seconds
[2023-10-31T09:01:45.900+0000][2073.193s][info ][safepoint     ] Entering safepoint region: Cleanup
[2023-10-31T09:01:45.902+0000][2073.195s][info ][safepoint     ] Leaving safepoint region
[2023-10-31T09:01:45.903+0000][2073.195s][info ][safepoint     ] Total time for which application threads were stopped: 0.0027356 seconds, Stopping threads took: 0.0018342 seconds
[2023-10-31T09:01:46.903+0000][2074.196s][debug][safepoint     ] Safepoint synchronization initiated. (186 threads)
[2023-10-31T09:01:46.904+0000][2074.197s][info ][safepoint     ] Application time: 1.0009265 seconds
[2023-10-31T09:01:46.904+0000][2074.197s][info ][safepoint     ] Entering safepoint region: Cleanup
[2023-10-31T09:01:46.905+0000][2074.198s][info ][safepoint     ] Leaving safepoint region
[2023-10-31T09:01:46.906+0000][2074.198s][info ][safepoint     ] Total time for which application threads were stopped: 0.0013729 seconds, Stopping threads took: 0.0005282 seconds
[2023-10-31T09:01:47.906+0000][2075.199s][debug][safepoint     ] Safepoint synchronization initiated. (186 threads)
[2023-10-31T09:01:47.907+0000][2075.200s][info ][safepoint     ] Application time: 1.0008125 seconds
[2023-10-31T09:01:47.908+0000][2075.200s][info ][safepoint     ] Entering safepoint region: Cleanup
[2023-10-31T09:01:47.908+0000][2075.201s][info ][safepoint     ] Leaving safepoint region
[2023-10-31T09:01:47.909+0000][2075.201s][info ][safepoint     ] Total time for which application threads were stopped: 0.0012668 seconds, Stopping threads took: 0.0005290 seconds
[2023-10-31T09:01:48.909+0000][2076.202s][debug][safepoint     ] Safepoint synchronization initiated. (186 threads)
[2023-10-31T09:01:48.910+0000][2076.203s][info ][safepoint     ] Application time: 1.0008500 seconds
[2023-10-31T09:01:48.911+0000][2076.203s][info ][safepoint     ] Entering safepoint region: Cleanup
[2023-10-31T09:01:48.911+0000][2076.204s][info ][safepoint     ] Leaving safepoint region
[2023-10-31T09:01:48.912+0000][2076.204s][info ][safepoint     ] Total time for which application threads were stopped: 0.0011291 seconds, Stopping threads took: 0.0004159 seconds
[2023-10-31T09:01:49.912+0000][2077.205s][debug][safepoint     ] Safepoint synchronization initiated. (186 threads)
[2023-10-31T09:01:49.913+0000][2077.206s][info ][safepoint     ] Application time: 1.0007366 seconds
[2023-10-31T09:01:49.913+0000][2077.206s][info ][safepoint     ] Entering safepoint region: Cleanup
[2023-10-31T09:01:49.914+0000][2077.207s][info ][safepoint     ] Leaving safepoint region
[2023-10-31T09:01:49.915+0000][2077.207s][info ][safepoint     ] Total time for which application threads were stopped: 0.0012008 seconds, Stopping threads took: 0.0004807 seconds
[2023-10-31T09:01:50.915+0000][2078.208s][debug][safepoint     ] Safepoint synchronization initiated. (186 threads)
[2023-10-31T09:01:50.916+0000][2078.209s][info ][safepoint     ] Application time: 1.0007864 seconds
[2023-10-31T09:01:50.916+0000][2078.209s][info ][safepoint     ] Entering safepoint region: Cleanup
[2023-10-31T09:01:50.917+0000][2078.210s][info ][safepoint     ] Leaving safepoint region
[2023-10-31T09:01:50.918+0000][2078.210s][info ][safepoint     ] Total time for which application threads were stopped: 0.0012220 seconds, Stopping threads took: 0.0005141 seconds
[2023-10-31T09:01:51.918+0000][2079.211s][debug][safepoint     ] Safepoint synchronization initiated. (186 threads)
[2023-10-31T09:01:51.919+0000][2079.212s][info ][safepoint     ] Application time: 1.0009476 seconds
[2023-10-31T09:01:51.919+0000][2079.212s][info ][safepoint     ] Entering safepoint region: Cleanup
[2023-10-31T09:01:51.920+0000][2079.213s][info ][safepoint     ] Leaving safepoint region
[2023-10-31T09:01:51.921+0000][2079.213s][info ][safepoint     ] Total time for which application threads were stopped: 0.0012447 seconds, Stopping threads took: 0.0005247 seconds
[2023-10-31T09:01:52.921+0000][2080.214s][debug][safepoint     ] Safepoint synchronization initiated. (186 threads)
[2023-10-31T09:01:52.922+0000][2080.215s][info ][safepoint     ] Application time: 1.0008170 seconds
[2023-10-31T09:01:52.923+0000][2080.215s][info ][safepoint     ] Entering safepoint region: Cleanup
[2023-10-31T09:01:52.925+0000][2080.217s][info ][safepoint     ] Leaving safepoint region
[2023-10-31T09:01:52.926+0000][2080.219s][info ][safepoint     ] Total time for which application threads were stopped: 0.0039246 seconds, Stopping threads took: 0.0019402 seconds
[2023-10-31T09:01:53.927+0000][2081.220s][debug][safepoint     ] Safepoint synchronization initiated. (186 threads)
[2023-10-31T09:01:53.929+0000][2081.222s][info ][safepoint     ] Application time: 1.0018348 seconds
[2023-10-31T09:01:53.930+0000][2081.223s][info ][safepoint     ] Entering safepoint region: Cleanup
[2023-10-31T09:01:53.930+0000][2081.223s][info ][safepoint     ] Leaving safepoint region
[2023-10-31T09:01:53.931+0000][2081.224s][info ][safepoint     ] Total time for which application threads were stopped: 0.0010065 seconds, Stopping threads took: 0.0004275 seconds
[2023-10-31T09:01:54.931+0000][2082.224s][debug][safepoint     ] Safepoint synchronization initiated. (186 threads)
[2023-10-31T09:01:54.932+0000][2082.225s][info ][safepoint     ] Application time: 1.0009547 seconds
[2023-10-31T09:01:54.933+0000][2082.225s][info ][safepoint     ] Entering safepoint region: Cleanup
[2023-10-31T09:01:54.933+0000][2082.226s][info ][safepoint     ] Leaving safepoint region
[2023-10-31T09:01:54.934+0000][2082.227s][info ][safepoint     ] Total time for which application threads were stopped: 0.0012943 seconds, Stopping threads took: 0.0006162 seconds
[2023-10-31T09:01:55.935+0000][2083.227s][debug][safepoint     ] Safepoint synchronization initiated. (186 threads)
[2023-10-31T09:01:55.935+0000][2083.228s][info ][safepoint     ] Application time: 1.0010241 seconds
[2023-10-31T09:01:55.936+0000][2083.229s][info ][safepoint     ] Entering safepoint region: Cleanup
[2023-10-31T09:01:55.937+0000][2083.230s][info ][safepoint     ] Leaving safepoint region
[2023-10-31T09:01:55.937+0000][2083.230s][info ][safepoint     ] Total time for which application threads were stopped: 0.0012493 seconds, Stopping threads took: 0.0005628 seconds
[2023-10-31T09:01:56.938+0000][2084.231s][debug][safepoint     ] Safepoint synchronization initiated. (186 threads)
[2023-10-31T09:01:56.939+0000][2084.231s][info ][safepoint     ] Application time: 1.0008475 seconds
[2023-10-31T09:01:56.939+0000][2084.232s][info ][safepoint     ] Entering safepoint region: Cleanup
[2023-10-31T09:01:56.940+0000][2084.233s][info ][safepoint     ] Leaving safepoint region
[2023-10-31T09:01:56.940+0000][2084.233s][info ][safepoint     ] Total time for which application threads were stopped: 0.0010792 seconds, Stopping threads took: 0.0004596 seconds
[2023-10-31T09:01:57.941+0000][2085.234s][debug][safepoint     ] Safepoint synchronization initiated. (186 threads)
[2023-10-31T09:01:57.941+0000][2085.234s][info ][safepoint     ] Application time: 1.0004813 seconds
[2023-10-31T09:01:57.941+0000][2085.234s][info ][safepoint     ] Entering safepoint region: Cleanup
[2023-10-31T09:01:57.942+0000][2085.235s][info ][safepoint     ] Leaving safepoint region
[2023-10-31T09:01:57.942+0000][2085.235s][info ][safepoint     ] Total time for which application threads were stopped: 0.0009034 seconds, Stopping threads took: 0.0004163 seconds
[2023-10-31T09:01:58.943+0000][2086.236s][debug][safepoint     ] Safepoint synchronization initiated. (186 threads)
[2023-10-31T09:01:58.944+0000][2086.237s][info ][safepoint     ] Application time: 1.0013774 seconds
[2023-10-31T09:01:58.945+0000][2086.238s][info ][safepoint     ] Entering safepoint region: Cleanup
[2023-10-31T09:01:58.946+0000][2086.239s][info ][safepoint     ] Leaving safepoint region
[2023-10-31T09:01:58.947+0000][2086.240s][info ][safepoint     ] Total time for which application threads were stopped: 0.0022039 seconds, Stopping threads took: 0.0008399 seconds
[2023-10-31T09:01:59.948+0000][2087.241s][debug][safepoint     ] Safepoint synchronization initiated. (186 threads)
[2023-10-31T09:01:59.949+0000][2087.242s][info ][safepoint     ] Application time: 1.0013002 seconds
[2023-10-31T09:01:59.950+0000][2087.243s][info ][safepoint     ] Entering safepoint region: Cleanup
[2023-10-31T09:01:59.952+0000][2087.244s][info ][safepoint     ] Leaving safepoint region
[2023-10-31T09:01:59.952+0000][2087.245s][info ][safepoint     ] Total time for which application threads were stopped: 0.0020467 seconds, Stopping threads took: 0.0009112 seconds
[2023-10-31T09:02:00.953+0000][2088.246s][debug][safepoint     ] Safepoint synchronization initiated. (185 threads)
[2023-10-31T09:02:00.954+0000][2088.247s][info ][safepoint     ] Application time: 1.0008541 seconds
[2023-10-31T09:02:00.954+0000][2088.247s][info ][safepoint     ] Entering safepoint region: Cleanup
[2023-10-31T09:02:00.955+0000][2088.248s][info ][safepoint     ] Leaving safepoint region
[2023-10-31T09:02:00.956+0000][2088.248s][info ][safepoint     ] Total time for which application threads were stopped: 0.0012387 seconds, Stopping threads took: 0.0005514 seconds
[2023-10-31T09:02:01.956+0000][2089.249s][debug][safepoint     ] Safepoint synchronization initiated. (185 threads)
[2023-10-31T09:02:01.957+0000][2089.250s][info ][safepoint     ] Application time: 1.0007422 seconds
[2023-10-31T09:02:01.957+0000][2089.250s][info ][safepoint     ] Entering safepoint region: Cleanup
[2023-10-31T09:02:01.958+0000][2089.251s][info ][safepoint     ] Leaving safepoint region
[2023-10-31T09:02:01.958+0000][2089.251s][info ][safepoint     ] Total time for which application threads were stopped: 0.0010036 seconds, Stopping threads took: 0.0004071 seconds
[2023-10-31T09:02:02.959+0000][2090.252s][debug][safepoint     ] Safepoint synchronization initiated. (185 threads)
[2023-10-31T09:02:02.960+0000][2090.253s][info ][safepoint     ] Application time: 1.0017429 seconds
[2023-10-31T09:02:02.961+0000][2090.254s][info ][safepoint     ] Entering safepoint region: Cleanup
[2023-10-31T09:02:02.962+0000][2090.254s][info ][safepoint     ] Leaving safepoint region
[2023-10-31T09:02:02.962+0000][2090.255s][info ][safepoint     ] Total time for which application threads were stopped: 0.0012062 seconds, Stopping threads took: 0.0005058 seconds
[2023-10-31T09:02:03.963+0000][2091.256s][debug][safepoint     ] Safepoint synchronization initiated. (186 threads)
[2023-10-31T09:02:03.963+0000][2091.256s][info ][safepoint     ] Application time: 1.0009316 seconds
[2023-10-31T09:02:03.964+0000][2091.257s][debug][safepoint     ] ... found polling page return exception at pc = 0x00007f62e89a5308, stub =0x00007f62e0840600
[2023-10-31T09:02:03.964+0000][2091.257s][debug][safepoint     ] Waiting for 1 thread(s) to block
[2023-10-31T09:02:03.965+0000][2091.258s][info ][safepoint     ] Entering safepoint region: Cleanup
[2023-10-31T09:02:03.966+0000][2091.259s][info ][safepoint     ] Leaving safepoint region
[2023-10-31T09:02:03.966+0000][2091.259s][info ][safepoint     ] Total time for which application threads were stopped: 0.0023445 seconds, Stopping threads took: 0.0015700 seconds
[2023-10-31T09:02:04.967+0000][2092.260s][debug][safepoint     ] Safepoint synchronization initiated. (186 threads)
[2023-10-31T09:02:04.968+0000][2092.261s][info ][safepoint     ] Application time: 1.0014618 seconds
[2023-10-31T09:02:04.969+0000][2092.262s][info ][safepoint     ] Entering safepoint region: Cleanup
[2023-10-31T09:02:04.970+0000][2092.263s][info ][safepoint     ] Leaving safepoint region
[2023-10-31T09:02:04.971+0000][2092.263s][info ][safepoint     ] Total time for which application threads were stopped: 0.0018167 seconds, Stopping threads took: 0.0010568 seconds
[2023-10-31T09:02:05.971+0000][2093.264s][debug][safepoint     ] Safepoint synchronization initiated. (186 threads)
[2023-10-31T09:02:05.973+0000][2093.265s][info ][safepoint     ] Application time: 1.0015628 seconds
[2023-10-31T09:02:05.974+0000][2093.267s][info ][safepoint     ] Entering safepoint region: Cleanup
[2023-10-31T09:02:05.975+0000][2093.268s][info ][safepoint     ] Leaving safepoint region
[2023-10-31T09:02:05.976+0000][2093.269s][info ][safepoint     ] Total time for which application threads were stopped: 0.0024858 seconds, Stopping threads took: 0.0010944 seconds
[2023-10-31T09:02:06.977+0000][2094.270s][debug][safepoint     ] Safepoint synchronization initiated. (186 threads)
[2023-10-31T09:02:06.979+0000][2094.272s][info ][safepoint     ] Application time: 1.0017259 seconds
[2023-10-31T09:02:06.980+0000][2094.273s][info ][safepoint     ] Entering safepoint region: Cleanup
[2023-10-31T09:02:06.981+0000][2094.274s][info ][safepoint     ] Leaving safepoint region
[2023-10-31T09:02:06.982+0000][2094.275s][info ][safepoint     ] Total time for which application threads were stopped: 0.0022803 seconds, Stopping threads took: 0.0009608 seconds
[2023-10-31T09:02:07.983+0000][2095.276s][debug][safepoint     ] Safepoint synchronization initiated. (186 threads)
[2023-10-31T09:02:07.984+0000][2095.277s][info ][safepoint     ] Application time: 1.0012542 seconds
[2023-10-31T09:02:07.985+0000][2095.278s][info ][safepoint     ] Entering safepoint region: Cleanup
[2023-10-31T09:02:07.986+0000][2095.279s][info ][safepoint     ] Leaving safepoint region
[2023-10-31T09:02:07.987+0000][2095.280s][info ][safepoint     ] Total time for which application threads were stopped: 0.0018698 seconds, Stopping threads took: 0.0007625 seconds
[2023-10-31T09:02:08.988+0000][2096.281s][debug][safepoint     ] Safepoint synchronization initiated. (186 threads)
[2023-10-31T09:02:08.988+0000][2096.281s][info ][safepoint     ] Application time: 1.0007589 seconds
[2023-10-31T09:02:08.989+0000][2096.282s][info ][safepoint     ] Entering safepoint region: Cleanup
[2023-10-31T09:02:08.989+0000][2096.282s][info ][safepoint     ] Leaving safepoint region
[2023-10-31T09:02:08.990+0000][2096.282s][info ][safepoint     ] Total time for which application threads were stopped: 0.0008467 seconds, Stopping threads took: 0.0003651 seconds
[2023-10-31T09:02:09.991+0000][2097.283s][debug][safepoint     ] Safepoint synchronization initiated. (186 threads)
[2023-10-31T09:02:10.001+0000][2097.294s][info ][safepoint     ] Application time: 1.0114256 seconds
[2023-10-31T09:02:10.021+0000][2097.313s][info ][safepoint     ] Entering safepoint region: Cleanup
[2023-10-31T09:02:10.021+0000][2097.314s][info ][safepoint     ] Leaving safepoint region
[2023-10-31T09:02:10.022+0000][2097.315s][info ][safepoint     ] Total time for which application threads were stopped: 0.0012095 seconds, Stopping threads took: 0.0005719 seconds
[2023-10-31T09:02:11.022+0000][2098.315s][debug][safepoint     ] Safepoint synchronization initiated. (186 threads)
[2023-10-31T09:02:11.023+0000][2098.316s][info ][safepoint     ] Application time: 1.0006910 seconds
[2023-10-31T09:02:11.023+0000][2098.316s][info ][safepoint     ] Entering safepoint region: Cleanup
[2023-10-31T09:02:11.024+0000][2098.317s][info ][safepoint     ] Leaving safepoint region
[2023-10-31T09:02:11.024+0000][2098.317s][info ][safepoint     ] Total time for which application threads were stopped: 0.0008449 seconds, Stopping threads took: 0.0003614 seconds
[2023-10-31T09:02:12.025+0000][2099.317s][debug][safepoint     ] Safepoint synchronization initiated. (186 threads)
[2023-10-31T09:02:12.025+0000][2099.318s][info ][safepoint     ] Application time: 1.0007556 seconds
[2023-10-31T09:02:12.026+0000][2099.319s][info ][safepoint     ] Entering safepoint region: Cleanup
[2023-10-31T09:02:12.026+0000][2099.319s][info ][safepoint     ] Leaving safepoint region
[2023-10-31T09:02:12.027+0000][2099.320s][info ][safepoint     ] Total time for which application threads were stopped: 0.0011257 seconds, Stopping threads took: 0.0005504 seconds
[2023-10-31T09:02:13.028+0000][2100.321s][debug][safepoint     ] Safepoint synchronization initiated. (186 threads)
[2023-10-31T09:02:13.029+0000][2100.322s][info ][safepoint     ] Application time: 1.0020021 seconds
[2023-10-31T09:02:13.031+0000][2100.324s][info ][safepoint     ] Entering safepoint region: Cleanup
[2023-10-31T09:02:13.031+0000][2100.324s][info ][safepoint     ] Leaving safepoint region
[2023-10-31T09:02:13.032+0000][2100.325s][info ][safepoint     ] Total time for which application threads were stopped: 0.0010181 seconds, Stopping threads took: 0.0004564 seconds
[2023-10-31T09:02:14.032+0000][2101.325s][debug][safepoint     ] Safepoint synchronization initiated. (186 threads)
[2023-10-31T09:02:14.033+0000][2101.325s][info ][safepoint     ] Application time: 1.0006228 seconds
[2023-10-31T09:02:14.033+0000][2101.326s][info ][safepoint     ] Entering safepoint region: Cleanup
[2023-10-31T09:02:14.034+0000][2101.327s][info ][safepoint     ] Leaving safepoint region
[2023-10-31T09:02:14.034+0000][2101.327s][info ][safepoint     ] Total time for which application threads were stopped: 0.0012246 seconds, Stopping threads took: 0.0005408 seconds
[2023-10-31T09:02:15.035+0000][2102.328s][debug][safepoint     ] Safepoint synchronization initiated. (186 threads)
[2023-10-31T09:02:15.035+0000][2102.328s][info ][safepoint     ] Application time: 1.0006187 seconds
[2023-10-31T09:02:15.036+0000][2102.329s][info ][safepoint     ] Entering safepoint region: Cleanup
[2023-10-31T09:02:15.037+0000][2102.329s][info ][safepoint     ] Leaving safepoint region
[2023-10-31T09:02:15.037+0000][2102.330s][info ][safepoint     ] Total time for which application threads were stopped: 0.0010169 seconds, Stopping threads took: 0.0004397 seconds
[2023-10-31T09:02:16.037+0000][2103.330s][debug][safepoint     ] Safepoint synchronization initiated. (186 threads)
[2023-10-31T09:02:16.038+0000][2103.330s][info ][safepoint     ] Application time: 1.0005072 seconds
[2023-10-31T09:02:16.038+0000][2103.331s][info ][safepoint     ] Entering safepoint region: Cleanup
[2023-10-31T09:02:16.039+0000][2103.331s][info ][safepoint     ] Leaving safepoint region
[2023-10-31T09:02:16.039+0000][2103.332s][info ][safepoint     ] Total time for which application threads were stopped: 0.0009902 seconds, Stopping threads took: 0.0003741 seconds
[2023-10-31T09:02:17.039+0000][2104.332s][debug][safepoint     ] Safepoint synchronization initiated. (186 threads)
[2023-10-31T09:02:17.040+0000][2104.333s][info ][safepoint     ] Application time: 1.0009394 seconds
[2023-10-31T09:02:17.041+0000][2104.334s][info ][safepoint     ] Entering safepoint region: Cleanup
[2023-10-31T09:02:17.042+0000][2104.334s][info ][safepoint     ] Leaving safepoint region
[2023-10-31T09:02:17.042+0000][2104.335s][info ][safepoint     ] Total time for which application threads were stopped: 0.0013308 seconds, Stopping threads took: 0.0006340 seconds
[2023-10-31T09:02:18.043+0000][2105.336s][debug][safepoint     ] Safepoint synchronization initiated. (186 threads)
[2023-10-31T09:02:18.044+0000][2105.336s][info ][safepoint     ] Application time: 1.0010379 seconds
[2023-10-31T09:02:18.044+0000][2105.337s][info ][safepoint     ] Entering safepoint region: Cleanup
[2023-10-31T09:02:18.045+0000][2105.337s][info ][safepoint     ] Leaving safepoint region
[2023-10-31T09:02:18.045+0000][2105.338s][info ][safepoint     ] Total time for which application threads were stopped: 0.0009011 seconds, Stopping threads took: 0.0003839 seconds
[2023-10-31T09:02:19.046+0000][2106.338s][debug][safepoint     ] Safepoint synchronization initiated. (186 threads)
[2023-10-31T09:02:19.047+0000][2106.339s][info ][safepoint     ] Application time: 1.0011773 seconds
[2023-10-31T09:02:19.047+0000][2106.340s][info ][safepoint     ] Entering safepoint region: Cleanup
[2023-10-31T09:02:19.049+0000][2106.341s][info ][safepoint     ] Leaving safepoint region
[2023-10-31T09:02:19.049+0000][2106.342s][info ][safepoint     ] Total time for which application threads were stopped: 0.0019284 seconds, Stopping threads took: 0.0008831 seconds
[2023-10-31T09:02:20.050+0000][2107.343s][debug][safepoint     ] Safepoint synchronization initiated. (186 threads)
[2023-10-31T09:02:20.051+0000][2107.344s][info ][safepoint     ] Application time: 1.0013654 seconds
[2023-10-31T09:02:20.053+0000][2107.345s][info ][safepoint     ] Entering safepoint region: Cleanup
[2023-10-31T09:02:20.054+0000][2107.347s][info ][safepoint     ] Leaving safepoint region
[2023-10-31T09:02:20.055+0000][2107.348s][info ][safepoint     ] Total time for which application threads were stopped: 0.0024606 seconds, Stopping threads took: 0.0010278 seconds
[2023-10-31T09:02:21.056+0000][2108.349s][debug][safepoint     ] Safepoint synchronization initiated. (186 threads)
[2023-10-31T09:02:21.057+0000][2108.349s][info ][safepoint     ] Application time: 1.0010083 seconds
[2023-10-31T09:02:21.057+0000][2108.350s][info ][safepoint     ] Entering safepoint region: Cleanup
[2023-10-31T09:02:21.059+0000][2108.351s][info ][safepoint     ] Leaving safepoint region
[2023-10-31T09:02:21.059+0000][2108.352s][info ][safepoint     ] Total time for which application threads were stopped: 0.0017957 seconds, Stopping threads took: 0.0008162 seconds
[2023-10-31T09:02:22.060+0000][2109.353s][debug][safepoint     ] Safepoint synchronization initiated. (186 threads)
[2023-10-31T09:02:22.062+0000][2109.354s][info ][safepoint     ] Application time: 1.0016553 seconds
[2023-10-31T09:02:22.063+0000][2109.355s][info ][safepoint     ] Entering safepoint region: Cleanup
[2023-10-31T09:02:22.064+0000][2109.357s][info ][safepoint     ] Leaving safepoint region
[2023-10-31T09:02:22.065+0000][2109.358s][info ][safepoint     ] Total time for which application threads were stopped: 0.0022814 seconds, Stopping threads took: 0.0012367 seconds
[2023-10-31T09:02:23.066+0000][2110.359s][debug][safepoint     ] Safepoint synchronization initiated. (186 threads)
[2023-10-31T09:02:23.067+0000][2110.360s][info ][safepoint     ] Application time: 1.0011027 seconds
[2023-10-31T09:02:23.067+0000][2110.360s][info ][safepoint     ] Entering safepoint region: Cleanup
[2023-10-31T09:02:23.069+0000][2110.362s][info ][safepoint     ] Leaving safepoint region
[2023-10-31T09:02:23.070+0000][2110.363s][info ][safepoint     ] Total time for which application threads were stopped: 0.0026547 seconds, Stopping threads took: 0.0007191 seconds
[2023-10-31T09:02:24.071+0000][2111.364s][debug][safepoint     ] Safepoint synchronization initiated. (186 threads)
[2023-10-31T09:02:24.072+0000][2111.365s][info ][safepoint     ] Application time: 1.0013832 seconds
[2023-10-31T09:02:24.073+0000][2111.366s][info ][safepoint     ] Entering safepoint region: Cleanup
[2023-10-31T09:02:24.074+0000][2111.367s][info ][safepoint     ] Leaving safepoint region
[2023-10-31T09:02:24.075+0000][2111.368s][info ][safepoint     ] Total time for which application threads were stopped: 0.0024088 seconds, Stopping threads took: 0.0011434 seconds
[2023-10-31T09:02:25.076+0000][2112.369s][debug][safepoint     ] Safepoint synchronization initiated. (186 threads)
[2023-10-31T09:02:25.078+0000][2112.370s][info ][safepoint     ] Application time: 1.0014915 seconds
[2023-10-31T09:02:25.079+0000][2112.371s][info ][safepoint     ] Entering safepoint region: Cleanup
[2023-10-31T09:02:25.080+0000][2112.373s][info ][safepoint     ] Leaving safepoint region
[2023-10-31T09:02:25.081+0000][2112.373s][info ][safepoint     ] Total time for which application threads were stopped: 0.0021179 seconds, Stopping threads took: 0.0010525 seconds
[2023-10-31T09:02:26.082+0000][2113.375s][debug][safepoint     ] Safepoint synchronization initiated. (186 threads)
[2023-10-31T09:02:26.083+0000][2113.376s][info ][safepoint     ] Application time: 1.0014417 seconds
[2023-10-31T09:02:26.084+0000][2113.377s][info ][safepoint     ] Entering safepoint region: Cleanup
[2023-10-31T09:02:26.086+0000][2113.378s][info ][safepoint     ] Leaving safepoint region
[2023-10-31T09:02:26.087+0000][2113.379s][info ][safepoint     ] Total time for which application threads were stopped: 0.0024099 seconds, Stopping threads took: 0.0011449 seconds
[2023-10-31T09:02:27.088+0000][2114.381s][debug][safepoint     ] Safepoint synchronization initiated. (186 threads)
[2023-10-31T09:02:27.089+0000][2114.382s][info ][safepoint     ] Application time: 1.0014221 seconds
[2023-10-31T09:02:27.090+0000][2114.383s][info ][safepoint     ] Entering safepoint region: Cleanup
[2023-10-31T09:02:27.091+0000][2114.384s][info ][safepoint     ] Leaving safepoint region
[2023-10-31T09:02:27.092+0000][2114.384s][info ][safepoint     ] Total time for which application threads were stopped: 0.0019018 seconds, Stopping threads took: 0.0010014 seconds
[2023-10-31T09:02:28.092+0000][2115.386s][debug][safepoint     ] Safepoint synchronization initiated. (186 threads)
[2023-10-31T09:02:28.093+0000][2115.387s][info ][safepoint     ] Application time: 1.0013554 seconds
[2023-10-31T09:02:28.094+0000][2115.387s][info ][safepoint     ] Entering safepoint region: Cleanup
[2023-10-31T09:02:28.095+0000][2115.388s][info ][safepoint     ] Leaving safepoint region
[2023-10-31T09:02:28.095+0000][2115.388s][info ][safepoint     ] Total time for which application threads were stopped: 0.0011631 seconds, Stopping threads took: 0.0004258 seconds
[2023-10-31T09:02:29.096+0000][2116.389s][debug][safepoint     ] Safepoint synchronization initiated. (186 threads)
[2023-10-31T09:02:29.096+0000][2116.390s][info ][safepoint     ] Application time: 1.0007518 seconds
[2023-10-31T09:02:29.097+0000][2116.390s][info ][safepoint     ] Entering safepoint region: Cleanup
[2023-10-31T09:02:29.098+0000][2116.391s][info ][safepoint     ] Leaving safepoint region
[2023-10-31T09:02:29.099+0000][2116.392s][info ][safepoint     ] Total time for which application threads were stopped: 0.0016732 seconds, Stopping threads took: 0.0007097 seconds
[2023-10-31T09:02:30.100+0000][2117.393s][debug][safepoint     ] Safepoint synchronization initiated. (186 threads)
[2023-10-31T09:02:30.100+0000][2117.394s][info ][safepoint     ] Application time: 1.0009703 seconds
[2023-10-31T09:02:30.101+0000][2117.394s][info ][safepoint     ] Entering safepoint region: Cleanup
[2023-10-31T09:02:30.102+0000][2117.395s][info ][safepoint     ] Leaving safepoint region
[2023-10-31T09:02:30.102+0000][2117.396s][info ][safepoint     ] Total time for which application threads were stopped: 0.0013593 seconds, Stopping threads took: 0.0006865 seconds
[2023-10-31T09:02:31.103+0000][2118.396s][debug][safepoint     ] Safepoint synchronization initiated. (186 threads)
[2023-10-31T09:02:31.104+0000][2118.397s][info ][safepoint     ] Application time: 1.0009960 seconds
[2023-10-31T09:02:31.104+0000][2118.398s][info ][safepoint     ] Entering safepoint region: Cleanup
[2023-10-31T09:02:31.105+0000][2118.399s][info ][safepoint     ] Leaving safepoint region
[2023-10-31T09:02:31.106+0000][2118.399s][info ][safepoint     ] Total time for which application threads were stopped: 0.0012723 seconds, Stopping threads took: 0.0005860 seconds
[2023-10-31T09:02:32.106+0000][2119.400s][debug][safepoint     ] Safepoint synchronization initiated. (186 threads)
[2023-10-31T09:02:32.108+0000][2119.401s][info ][safepoint     ] Application time: 1.0015969 seconds
[2023-10-31T09:02:32.108+0000][2119.401s][info ][safepoint     ] Entering safepoint region: Cleanup
[2023-10-31T09:02:32.109+0000][2119.402s][info ][safepoint     ] Leaving safepoint region
[2023-10-31T09:02:32.109+0000][2119.402s][info ][safepoint     ] Total time for which application threads were stopped: 0.0010783 seconds, Stopping threads took: 0.0004662 seconds
[2023-10-31T09:02:33.110+0000][2120.403s][debug][safepoint     ] Safepoint synchronization initiated. (186 threads)
[2023-10-31T09:02:33.110+0000][2120.403s][info ][safepoint     ] Application time: 1.0007273 seconds
[2023-10-31T09:02:33.111+0000][2120.404s][info ][safepoint     ] Entering safepoint region: Cleanup
[2023-10-31T09:02:33.112+0000][2120.405s][info ][safepoint     ] Leaving safepoint region
[2023-10-31T09:02:33.112+0000][2120.405s][info ][safepoint     ] Total time for which application threads were stopped: 0.0013745 seconds, Stopping threads took: 0.0005602 seconds
[2023-10-31T09:02:34.113+0000][2121.406s][debug][safepoint     ] Safepoint synchronization initiated. (186 threads)
[2023-10-31T09:02:34.113+0000][2121.407s][info ][safepoint     ] Application time: 1.0008264 seconds
[2023-10-31T09:02:34.114+0000][2121.407s][info ][safepoint     ] Entering safepoint region: Cleanup
[2023-10-31T09:02:34.115+0000][2121.408s][info ][safepoint     ] Leaving safepoint region
[2023-10-31T09:02:34.115+0000][2121.409s][info ][safepoint     ] Total time for which application threads were stopped: 0.0012714 seconds, Stopping threads took: 0.0004633 seconds
[2023-10-31T09:02:35.116+0000][2122.409s][debug][safepoint     ] Safepoint synchronization initiated. (186 threads)
[2023-10-31T09:02:35.117+0000][2122.410s][info ][safepoint     ] Application time: 1.0013901 seconds
[2023-10-31T09:02:35.118+0000][2122.411s][info ][safepoint     ] Entering safepoint region: Cleanup
[2023-10-31T09:02:35.119+0000][2122.412s][info ][safepoint     ] Leaving safepoint region
[2023-10-31T09:02:35.120+0000][2122.413s][info ][safepoint     ] Total time for which application threads were stopped: 0.0018990 seconds, Stopping threads took: 0.0008552 seconds
[2023-10-31T09:02:36.121+0000][2123.414s][debug][safepoint     ] Safepoint synchronization initiated. (186 threads)
[2023-10-31T09:02:36.122+0000][2123.415s][info ][safepoint     ] Application time: 1.0014548 seconds
[2023-10-31T09:02:36.123+0000][2123.416s][info ][safepoint     ] Entering safepoint region: Cleanup
[2023-10-31T09:02:36.124+0000][2123.417s][info ][safepoint     ] Leaving safepoint region
[2023-10-31T09:02:36.125+0000][2123.418s][info ][safepoint     ] Total time for which application threads were stopped: 0.0018968 seconds, Stopping threads took: 0.0007903 seconds
[2023-10-31T09:02:37.125+0000][2124.419s][debug][safepoint     ] Safepoint synchronization initiated. (186 threads)
[2023-10-31T09:02:37.126+0000][2124.420s][info ][safepoint     ] Application time: 1.0011869 seconds
[2023-10-31T09:02:37.127+0000][2124.421s][info ][safepoint     ] Entering safepoint region: Cleanup
[2023-10-31T09:02:37.129+0000][2124.422s][info ][safepoint     ] Leaving safepoint region
[2023-10-31T09:02:37.129+0000][2124.423s][info ][safepoint     ] Total time for which application threads were stopped: 0.0020348 seconds, Stopping threads took: 0.0009591 seconds
[2023-10-31T09:02:38.130+0000][2125.424s][debug][safepoint     ] Safepoint synchronization initiated. (186 threads)
[2023-10-31T09:02:38.131+0000][2125.424s][info ][safepoint     ] Application time: 1.0006538 seconds
[2023-10-31T09:02:38.131+0000][2125.425s][info ][safepoint     ] Entering safepoint region: Cleanup
[2023-10-31T09:02:38.132+0000][2125.425s][info ][safepoint     ] Leaving safepoint region
[2023-10-31T09:02:38.132+0000][2125.426s][info ][safepoint     ] Total time for which application threads were stopped: 0.0010314 seconds, Stopping threads took: 0.0004557 seconds
[2023-10-31T09:02:39.133+0000][2126.426s][debug][safepoint     ] Safepoint synchronization initiated. (186 threads)
[2023-10-31T09:02:39.133+0000][2126.427s][info ][safepoint     ] Application time: 1.0006529 seconds
[2023-10-31T09:02:39.134+0000][2126.427s][info ][safepoint     ] Entering safepoint region: Cleanup
[2023-10-31T09:02:39.134+0000][2126.427s][info ][safepoint     ] Leaving safepoint region
[2023-10-31T09:02:39.134+0000][2126.428s][info ][safepoint     ] Total time for which application threads were stopped: 0.0007342 seconds, Stopping threads took: 0.0003008 seconds
[2023-10-31T09:02:40.136+0000][2127.429s][debug][safepoint     ] Safepoint synchronization initiated. (186 threads)
[2023-10-31T09:02:40.137+0000][2127.430s][info ][safepoint     ] Application time: 1.0023825 seconds
[2023-10-31T09:02:40.138+0000][2127.431s][info ][safepoint     ] Entering safepoint region: Cleanup
[2023-10-31T09:02:40.139+0000][2127.432s][info ][safepoint     ] Leaving safepoint region
[2023-10-31T09:02:40.140+0000][2127.434s][info ][safepoint     ] Total time for which application threads were stopped: 0.0028327 seconds, Stopping threads took: 0.0013232 seconds
[2023-10-31T09:02:41.141+0000][2128.434s][debug][safepoint     ] Safepoint synchronization initiated. (186 threads)
[2023-10-31T09:02:41.142+0000][2128.436s][info ][safepoint     ] Application time: 1.0015187 seconds
[2023-10-31T09:02:41.143+0000][2128.436s][info ][safepoint     ] Entering safepoint region: Cleanup
[2023-10-31T09:02:41.145+0000][2128.439s][info ][safepoint     ] Leaving safepoint region
[2023-10-31T09:02:41.146+0000][2128.439s][info ][safepoint     ] Total time for which application threads were stopped: 0.0027009 seconds, Stopping threads took: 0.0013156 seconds
[2023-10-31T09:02:42.146+0000][2129.440s][debug][safepoint     ] Safepoint synchronization initiated. (186 threads)
[2023-10-31T09:02:42.147+0000][2129.440s][info ][safepoint     ] Application time: 1.0008273 seconds
[2023-10-31T09:02:42.148+0000][2129.441s][info ][safepoint     ] Entering safepoint region: Cleanup
[2023-10-31T09:02:42.148+0000][2129.442s][info ][safepoint     ] Leaving safepoint region
[2023-10-31T09:02:42.149+0000][2129.442s][info ][safepoint     ] Total time for which application threads were stopped: 0.0012089 seconds, Stopping threads took: 0.0004999 seconds
[2023-10-31T09:02:43.149+0000][2130.443s][debug][safepoint     ] Safepoint synchronization initiated. (186 threads)
[2023-10-31T09:02:43.168+0000][2130.462s][info ][safepoint     ] Application time: 1.0190134 seconds
[2023-10-31T09:02:43.169+0000][2130.462s][info ][safepoint     ] Entering safepoint region: Cleanup
[2023-10-31T09:02:43.170+0000][2130.463s][info ][safepoint     ] Leaving safepoint region
[2023-10-31T09:02:43.170+0000][2130.463s][info ][safepoint     ] Total time for which application threads were stopped: 0.0012164 seconds, Stopping threads took: 0.0005145 seconds
[2023-10-31T09:02:44.171+0000][2131.464s][debug][safepoint     ] Safepoint synchronization initiated. (186 threads)
[2023-10-31T09:02:44.172+0000][2131.465s][info ][safepoint     ] Application time: 1.0013621 seconds
[2023-10-31T09:02:44.173+0000][2131.466s][info ][safepoint     ] Entering safepoint region: Cleanup
[2023-10-31T09:02:44.174+0000][2131.467s][info ][safepoint     ] Leaving safepoint region
[2023-10-31T09:02:44.175+0000][2131.468s][info ][safepoint     ] Total time for which application threads were stopped: 0.0021394 seconds, Stopping threads took: 0.0009260 seconds
[2023-10-31T09:02:45.176+0000][2132.469s][debug][safepoint     ] Safepoint synchronization initiated. (186 threads)
[2023-10-31T09:02:45.176+0000][2132.470s][info ][safepoint     ] Application time: 1.0009587 seconds
[2023-10-31T09:02:45.177+0000][2132.470s][info ][safepoint     ] Entering safepoint region: Cleanup
[2023-10-31T09:02:45.178+0000][2132.471s][info ][safepoint     ] Leaving safepoint region
[2023-10-31T09:02:45.178+0000][2132.471s][info ][safepoint     ] Total time for which application threads were stopped: 0.0012951 seconds, Stopping threads took: 0.0005362 seconds
[2023-10-31T09:02:46.179+0000][2133.472s][debug][safepoint     ] Safepoint synchronization initiated. (186 threads)
[2023-10-31T09:02:46.179+0000][2133.473s][info ][safepoint     ] Application time: 1.0008145 seconds
[2023-10-31T09:02:46.180+0000][2133.474s][info ][safepoint     ] Entering safepoint region: Cleanup
[2023-10-31T09:02:46.181+0000][2133.474s][info ][safepoint     ] Leaving safepoint region
[2023-10-31T09:02:46.182+0000][2133.475s][info ][safepoint     ] Total time for which application threads were stopped: 0.0016534 seconds, Stopping threads took: 0.0007527 seconds
[2023-10-31T09:02:47.183+0000][2134.476s][debug][safepoint     ] Safepoint synchronization initiated. (186 threads)
[2023-10-31T09:02:47.183+0000][2134.476s][info ][safepoint     ] Application time: 1.0007227 seconds
[2023-10-31T09:02:47.184+0000][2134.477s][info ][safepoint     ] Entering safepoint region: Cleanup
[2023-10-31T09:02:47.184+0000][2134.478s][info ][safepoint     ] Leaving safepoint region
[2023-10-31T09:02:47.185+0000][2134.478s][info ][safepoint     ] Total time for which application threads were stopped: 0.0011699 seconds, Stopping threads took: 0.0005030 seconds
[2023-10-31T09:02:48.185+0000][2135.479s][debug][safepoint     ] Safepoint synchronization initiated. (186 threads)
[2023-10-31T09:02:48.186+0000][2135.479s][info ][safepoint     ] Application time: 1.0007092 seconds
[2023-10-31T09:02:48.186+0000][2135.480s][info ][safepoint     ] Entering safepoint region: Cleanup
[2023-10-31T09:02:48.187+0000][2135.480s][info ][safepoint     ] Leaving safepoint region
[2023-10-31T09:02:48.187+0000][2135.481s][info ][safepoint     ] Total time for which application threads were stopped: 0.0010295 seconds, Stopping threads took: 0.0004832 seconds
[2023-10-31T09:02:49.188+0000][2136.481s][debug][safepoint     ] Safepoint synchronization initiated. (186 threads)
[2023-10-31T09:02:49.189+0000][2136.482s][info ][safepoint     ] Application time: 1.0008803 seconds
[2023-10-31T09:02:49.189+0000][2136.482s][info ][safepoint     ] Entering safepoint region: Cleanup
[2023-10-31T09:02:49.190+0000][2136.483s][info ][safepoint     ] Leaving safepoint region
[2023-10-31T09:02:49.190+0000][2136.484s][info ][safepoint     ] Total time for which application threads were stopped: 0.0013328 seconds, Stopping threads took: 0.0005337 seconds
[2023-10-31T09:02:50.191+0000][2137.485s][debug][safepoint     ] Safepoint synchronization initiated. (186 threads)
[2023-10-31T09:02:50.192+0000][2137.485s][info ][safepoint     ] Application time: 1.0010679 seconds
[2023-10-31T09:02:50.193+0000][2137.486s][info ][safepoint     ] Entering safepoint region: Cleanup
[2023-10-31T09:02:50.194+0000][2137.487s][info ][safepoint     ] Leaving safepoint region
[2023-10-31T09:02:50.194+0000][2137.488s][info ][safepoint     ] Total time for which application threads were stopped: 0.0015652 seconds, Stopping threads took: 0.0008151 seconds
[2023-10-31T09:02:51.195+0000][2138.488s][debug][safepoint     ] Safepoint synchronization initiated. (186 threads)
[2023-10-31T09:02:51.195+0000][2138.489s][info ][safepoint     ] Application time: 1.0007077 seconds
[2023-10-31T09:02:51.196+0000][2138.489s][info ][safepoint     ] Entering safepoint region: Cleanup
[2023-10-31T09:02:51.197+0000][2138.490s][info ][safepoint     ] Leaving safepoint region
[2023-10-31T09:02:51.197+0000][2138.491s][info ][safepoint     ] Total time for which application threads were stopped: 0.0013171 seconds, Stopping threads took: 0.0005703 seconds
[2023-10-31T09:02:52.198+0000][2139.491s][debug][safepoint     ] Safepoint synchronization initiated. (186 threads)
[2023-10-31T09:02:52.199+0000][2139.493s][info ][safepoint     ] Application time: 1.0014922 seconds
[2023-10-31T09:02:52.200+0000][2139.493s][info ][safepoint     ] Entering safepoint region: Cleanup
[2023-10-31T09:02:52.201+0000][2139.495s][info ][safepoint     ] Leaving safepoint region
[2023-10-31T09:02:52.202+0000][2139.496s][info ][safepoint     ] Total time for which application threads were stopped: 0.0021082 seconds, Stopping threads took: 0.0007946 seconds
[2023-10-31T09:02:53.203+0000][2140.496s][debug][safepoint     ] Safepoint synchronization initiated. (186 threads)
[2023-10-31T09:02:53.204+0000][2140.497s][info ][safepoint     ] Application time: 1.0005986 seconds
[2023-10-31T09:02:53.204+0000][2140.497s][info ][safepoint     ] Entering safepoint region: Cleanup
[2023-10-31T09:02:53.205+0000][2140.498s][info ][safepoint     ] Leaving safepoint region
[2023-10-31T09:02:53.205+0000][2140.498s][info ][safepoint     ] Total time for which application threads were stopped: 0.0010760 seconds, Stopping threads took: 0.0004256 seconds
[2023-10-31T09:02:54.206+0000][2141.499s][debug][safepoint     ] Safepoint synchronization initiated. (186 threads)
[2023-10-31T09:02:54.207+0000][2141.500s][info ][safepoint     ] Application time: 1.0016627 seconds
[2023-10-31T09:02:54.208+0000][2141.501s][info ][safepoint     ] Entering safepoint region: Cleanup
[2023-10-31T09:02:54.209+0000][2141.502s][info ][safepoint     ] Leaving safepoint region
[2023-10-31T09:02:54.209+0000][2141.503s][info ][safepoint     ] Total time for which application threads were stopped: 0.0015593 seconds, Stopping threads took: 0.0007134 seconds
[2023-10-31T09:02:55.210+0000][2142.503s][debug][safepoint     ] Safepoint synchronization initiated. (186 threads)
[2023-10-31T09:02:55.211+0000][2142.504s][info ][safepoint     ] Application time: 1.0013088 seconds
[2023-10-31T09:02:55.212+0000][2142.505s][info ][safepoint     ] Entering safepoint region: Cleanup
[2023-10-31T09:02:55.213+0000][2142.506s][info ][safepoint     ] Leaving safepoint region
[2023-10-31T09:02:55.213+0000][2142.507s][info ][safepoint     ] Total time for which application threads were stopped: 0.0016225 seconds, Stopping threads took: 0.0007149 seconds
[2023-10-31T09:02:56.214+0000][2143.508s][debug][safepoint     ] Safepoint synchronization initiated. (186 threads)
[2023-10-31T09:02:56.215+0000][2143.508s][info ][safepoint     ] Application time: 1.0008051 seconds
[2023-10-31T09:02:56.215+0000][2143.509s][info ][safepoint     ] Entering safepoint region: Cleanup
[2023-10-31T09:02:56.216+0000][2143.509s][info ][safepoint     ] Leaving safepoint region
[2023-10-31T09:02:56.217+0000][2143.510s][info ][safepoint     ] Total time for which application threads were stopped: 0.0011193 seconds, Stopping threads took: 0.0004738 seconds
[2023-10-31T09:02:57.217+0000][2144.511s][debug][safepoint     ] Safepoint synchronization initiated. (186 threads)
[2023-10-31T09:02:57.218+0000][2144.512s][info ][safepoint     ] Application time: 1.0014336 seconds
[2023-10-31T09:02:57.219+0000][2144.512s][info ][safepoint     ] Entering safepoint region: Cleanup
[2023-10-31T09:02:57.220+0000][2144.514s][info ][safepoint     ] Leaving safepoint region
[2023-10-31T09:02:57.221+0000][2144.514s][info ][safepoint     ] Total time for which application threads were stopped: 0.0020328 seconds, Stopping threads took: 0.0009350 seconds
[2023-10-31T09:02:58.222+0000][2145.515s][debug][safepoint     ] Safepoint synchronization initiated. (186 threads)
[2023-10-31T09:02:58.223+0000][2145.517s][info ][safepoint     ] Application time: 1.0013744 seconds
[2023-10-31T09:02:58.224+0000][2145.518s][info ][safepoint     ] Entering safepoint region: Cleanup
[2023-10-31T09:02:58.226+0000][2145.519s][info ][safepoint     ] Leaving safepoint region
[2023-10-31T09:02:58.226+0000][2145.520s][info ][safepoint     ] Total time for which application threads were stopped: 0.0021793 seconds, Stopping threads took: 0.0009163 seconds
[2023-10-31T09:02:59.227+0000][2146.521s][debug][safepoint     ] Safepoint synchronization initiated. (186 threads)
[2023-10-31T09:02:59.229+0000][2146.522s][info ][safepoint     ] Application time: 1.0014693 seconds
[2023-10-31T09:02:59.230+0000][2146.523s][info ][safepoint     ] Entering safepoint region: Cleanup
[2023-10-31T09:02:59.231+0000][2146.524s][info ][safepoint     ] Leaving safepoint region
[2023-10-31T09:02:59.232+0000][2146.525s][info ][safepoint     ] Total time for which application threads were stopped: 0.0021685 seconds, Stopping threads took: 0.0009567 seconds
[2023-10-31T09:03:00.233+0000][2147.526s][debug][safepoint     ] Safepoint synchronization initiated. (186 threads)
[2023-10-31T09:03:00.234+0000][2147.527s][info ][safepoint     ] Application time: 1.0015532 seconds
[2023-10-31T09:03:00.235+0000][2147.528s][info ][safepoint     ] Entering safepoint region: Cleanup
[2023-10-31T09:03:00.236+0000][2147.529s][info ][safepoint     ] Leaving safepoint region
[2023-10-31T09:03:00.237+0000][2147.530s][info ][safepoint     ] Total time for which application threads were stopped: 0.0020716 seconds, Stopping threads took: 0.0009238 seconds
[2023-10-31T09:03:01.238+0000][2148.531s][debug][safepoint     ] Safepoint synchronization initiated. (186 threads)
[2023-10-31T09:03:01.239+0000][2148.532s][info ][safepoint     ] Application time: 1.0014182 seconds
[2023-10-31T09:03:01.240+0000][2148.533s][info ][safepoint     ] Entering safepoint region: Cleanup
[2023-10-31T09:03:01.241+0000][2148.535s][info ][safepoint     ] Leaving safepoint region
[2023-10-31T09:03:01.242+0000][2148.535s][info ][safepoint     ] Total time for which application threads were stopped: 0.0022437 seconds, Stopping threads took: 0.0010132 seconds
[2023-10-31T09:03:01.241+0000][2148.535s][debug][safepoint     ] ... found polling page return exception at pc = 0x00007f62e89d70c4, stub =0x00007f62e0840600
[2023-10-31T09:03:01.241+0000][2148.535s][debug][safepoint     ] ... found polling page return exception at pc = 0x00007f62e89d70c4, stub =0x00007f62e0840600
[2023-10-31T09:03:02.243+0000][2149.537s][debug][safepoint     ] Safepoint synchronization initiated. (186 threads)
[2023-10-31T09:03:02.244+0000][2149.537s][info ][safepoint     ] Application time: 1.0008386 seconds
[2023-10-31T09:03:02.245+0000][2149.538s][info ][safepoint     ] Entering safepoint region: Cleanup
[2023-10-31T09:03:02.245+0000][2149.539s][info ][safepoint     ] Leaving safepoint region
[2023-10-31T09:03:02.246+0000][2149.539s][info ][safepoint     ] Total time for which application threads were stopped: 0.0011961 seconds, Stopping threads took: 0.0006147 seconds
[2023-10-31T09:03:03.246+0000][2150.540s][debug][safepoint     ] Safepoint synchronization initiated. (186 threads)
[2023-10-31T09:03:03.248+0000][2150.541s][info ][safepoint     ] Application time: 1.0013909 seconds
[2023-10-31T09:03:03.248+0000][2150.541s][info ][safepoint     ] Entering safepoint region: Cleanup
[2023-10-31T09:03:03.249+0000][2150.542s][info ][safepoint     ] Leaving safepoint region
[2023-10-31T09:03:03.249+0000][2150.542s][info ][safepoint     ] Total time for which application threads were stopped: 0.0011897 seconds, Stopping threads took: 0.0004990 seconds
[2023-10-31T09:03:04.250+0000][2151.543s][debug][safepoint     ] Safepoint synchronization initiated. (186 threads)
[2023-10-31T09:03:04.250+0000][2151.543s][info ][safepoint     ] Application time: 1.0005794 seconds
[2023-10-31T09:03:04.251+0000][2151.544s][info ][safepoint     ] Entering safepoint region: Cleanup
[2023-10-31T09:03:04.251+0000][2151.544s][info ][safepoint     ] Leaving safepoint region
[2023-10-31T09:03:04.252+0000][2151.545s][info ][safepoint     ] Total time for which application threads were stopped: 0.0010750 seconds, Stopping threads took: 0.0003888 seconds
[2023-10-31T09:03:05.252+0000][2152.545s][debug][safepoint     ] Safepoint synchronization initiated. (186 threads)
[2023-10-31T09:03:05.253+0000][2152.546s][info ][safepoint     ] Application time: 1.0008262 seconds
[2023-10-31T09:03:05.253+0000][2152.547s][info ][safepoint     ] Entering safepoint region: Cleanup
[2023-10-31T09:03:05.254+0000][2152.547s][info ][safepoint     ] Leaving safepoint region
[2023-10-31T09:03:05.255+0000][2152.548s][info ][safepoint     ] Total time for which application threads were stopped: 0.0011756 seconds, Stopping threads took: 0.0004451 seconds
[2023-10-31T09:03:06.255+0000][2153.549s][debug][safepoint     ] Safepoint synchronization initiated. (186 threads)
[2023-10-31T09:03:06.256+0000][2153.549s][info ][safepoint     ] Application time: 1.0010013 seconds
[2023-10-31T09:03:06.256+0000][2153.550s][info ][safepoint     ] Entering safepoint region: Cleanup
[2023-10-31T09:03:06.257+0000][2153.550s][info ][safepoint     ] Leaving safepoint region
[2023-10-31T09:03:06.258+0000][2153.551s][info ][safepoint     ] Total time for which application threads were stopped: 0.0013260 seconds, Stopping threads took: 0.0005617 seconds
[2023-10-31T09:03:07.258+0000][2154.552s][debug][safepoint     ] Safepoint synchronization initiated. (186 threads)
[2023-10-31T09:03:07.259+0000][2154.552s][info ][safepoint     ] Application time: 1.0007559 seconds
[2023-10-31T09:03:07.260+0000][2154.553s][info ][safepoint     ] Entering safepoint region: Cleanup
[2023-10-31T09:03:07.260+0000][2154.554s][info ][safepoint     ] Leaving safepoint region
[2023-10-31T09:03:07.261+0000][2154.554s][info ][safepoint     ] Total time for which application threads were stopped: 0.0013034 seconds, Stopping threads took: 0.0006067 seconds
[2023-10-31T09:03:08.261+0000][2155.555s][debug][safepoint     ] Safepoint synchronization initiated. (186 threads)
[2023-10-31T09:03:08.262+0000][2155.555s][info ][safepoint     ] Application time: 1.0006473 seconds
[2023-10-31T09:03:08.262+0000][2155.556s][info ][safepoint     ] Entering safepoint region: Cleanup
[2023-10-31T09:03:08.263+0000][2155.556s][info ][safepoint     ] Leaving safepoint region
[2023-10-31T09:03:08.263+0000][2155.557s][info ][safepoint     ] Total time for which application threads were stopped: 0.0009970 seconds, Stopping threads took: 0.0004119 seconds
[2023-10-31T09:03:09.264+0000][2156.557s][debug][safepoint     ] Safepoint synchronization initiated. (186 threads)
[2023-10-31T09:03:09.266+0000][2156.559s][info ][safepoint     ] Application time: 1.0022022 seconds
[2023-10-31T09:03:09.267+0000][2156.560s][info ][safepoint     ] Entering safepoint region: Cleanup
[2023-10-31T09:03:09.267+0000][2156.560s][info ][safepoint     ] Leaving safepoint region
[2023-10-31T09:03:09.268+0000][2156.561s][info ][safepoint     ] Total time for which application threads were stopped: 0.0015769 seconds, Stopping threads took: 0.0005400 seconds
[2023-10-31T09:03:10.269+0000][2157.562s][debug][safepoint     ] Safepoint synchronization initiated. (186 threads)
[2023-10-31T09:03:10.269+0000][2157.563s][info ][safepoint     ] Application time: 1.0008989 seconds
[2023-10-31T09:03:10.270+0000][2157.563s][info ][safepoint     ] Entering safepoint region: Cleanup
[2023-10-31T09:03:10.271+0000][2157.564s][info ][safepoint     ] Leaving safepoint region
[2023-10-31T09:03:10.271+0000][2157.564s][info ][safepoint     ] Total time for which application threads were stopped: 0.0012224 seconds, Stopping threads took: 0.0005875 seconds
[2023-10-31T09:03:11.272+0000][2158.565s][debug][safepoint     ] Safepoint synchronization initiated. (186 threads)
[2023-10-31T09:03:11.273+0000][2158.567s][info ][safepoint     ] Application time: 1.0017052 seconds
[2023-10-31T09:03:11.274+0000][2158.568s][info ][safepoint     ] Entering safepoint region: Cleanup
[2023-10-31T09:03:11.276+0000][2158.569s][info ][safepoint     ] Leaving safepoint region
[2023-10-31T09:03:11.277+0000][2158.570s][info ][safepoint     ] Total time for which application threads were stopped: 0.0024257 seconds, Stopping threads took: 0.0009596 seconds
[2023-10-31T09:03:12.278+0000][2159.571s][debug][safepoint     ] Safepoint synchronization initiated. (186 threads)
[2023-10-31T09:03:12.279+0000][2159.573s][info ][safepoint     ] Application time: 1.0014401 seconds
[2023-10-31T09:03:12.280+0000][2159.574s][info ][safepoint     ] Entering safepoint region: Cleanup
[2023-10-31T09:03:12.282+0000][2159.575s][info ][safepoint     ] Leaving safepoint region
[2023-10-31T09:03:12.283+0000][2159.576s][info ][safepoint     ] Total time for which application threads were stopped: 0.0022431 seconds, Stopping threads took: 0.0010132 seconds
[2023-10-31T09:03:13.284+0000][2160.577s][debug][safepoint     ] Safepoint synchronization initiated. (186 threads)
[2023-10-31T09:03:13.285+0000][2160.578s][info ][safepoint     ] Application time: 1.0015392 seconds
[2023-10-31T09:03:13.286+0000][2160.579s][info ][safepoint     ] Entering safepoint region: Cleanup
[2023-10-31T09:03:13.287+0000][2160.581s][info ][safepoint     ] Leaving safepoint region
[2023-10-31T09:03:13.288+0000][2160.581s][info ][safepoint     ] Total time for which application threads were stopped: 0.0020842 seconds, Stopping threads took: 0.0009247 seconds
[2023-10-31T09:03:14.289+0000][2161.582s][debug][safepoint     ] Safepoint synchronization initiated. (186 threads)
[2023-10-31T09:03:14.290+0000][2161.583s][info ][safepoint     ] Application time: 1.0008784 seconds
[2023-10-31T09:03:14.290+0000][2161.583s][info ][safepoint     ] Entering safepoint region: Cleanup
[2023-10-31T09:03:14.291+0000][2161.584s][info ][safepoint     ] Leaving safepoint region
[2023-10-31T09:03:14.292+0000][2161.585s][info ][safepoint     ] Total time for which application threads were stopped: 0.0013427 seconds, Stopping threads took: 0.0006132 seconds
[2023-10-31T09:03:15.292+0000][2162.586s][debug][safepoint     ] Safepoint synchronization initiated. (186 threads)
[2023-10-31T09:03:15.293+0000][2162.586s][info ][safepoint     ] Application time: 1.0009094 seconds
[2023-10-31T09:03:15.294+0000][2162.587s][info ][safepoint     ] Entering safepoint region: Cleanup
[2023-10-31T09:03:15.294+0000][2162.588s][info ][safepoint     ] Leaving safepoint region
[2023-10-31T09:03:15.295+0000][2162.588s][info ][safepoint     ] Total time for which application threads were stopped: 0.0012767 seconds, Stopping threads took: 0.0005451 seconds
[2023-10-31T09:03:16.295+0000][2163.589s][debug][safepoint     ] Safepoint synchronization initiated. (186 threads)
[2023-10-31T09:03:16.296+0000][2163.589s][info ][safepoint     ] Application time: 1.0007475 seconds
[2023-10-31T09:03:16.297+0000][2163.590s][info ][safepoint     ] Entering safepoint region: Cleanup
[2023-10-31T09:03:16.297+0000][2163.591s][info ][safepoint     ] Leaving safepoint region
[2023-10-31T09:03:16.298+0000][2163.591s][info ][safepoint     ] Total time for which application threads were stopped: 0.0013122 seconds, Stopping threads took: 0.0006117 seconds
[2023-10-31T09:03:16.297+0000][2163.591s][debug][safepoint     ] ... found polling page return exception at pc = 0x00007f62e89d70c4, stub =0x00007f62e0840600
[2023-10-31T09:03:16.297+0000][2163.591s][debug][safepoint     ] ... found polling page return exception at pc = 0x00007f62e89d70c4, stub =0x00007f62e0840600
[2023-10-31T09:03:16.297+0000][2163.591s][debug][safepoint     ] ... found polling page return exception at pc = 0x00007f62e89d70c4, stub =0x00007f62e0840600
[2023-10-31T09:03:16.297+0000][2163.591s][debug][safepoint     ] ... found polling page return exception at pc = 0x00007f62e89d70c4, stub =0x00007f62e0840600
[2023-10-31T09:03:16.297+0000][2163.591s][debug][safepoint     ] ... found polling page return exception at pc = 0x00007f62e89d70c4, stub =0x00007f62e0840600
[2023-10-31T09:03:16.297+0000][2163.591s][debug][safepoint     ] ... found polling page return exception at pc = 0x00007f62e89d70c4, stub =0x00007f62e0840600
[2023-10-31T09:03:17.299+0000][2164.592s][debug][safepoint     ] Safepoint synchronization initiated. (186 threads)
[2023-10-31T09:03:17.300+0000][2164.593s][info ][safepoint     ] Application time: 1.0012045 seconds
[2023-10-31T09:03:17.301+0000][2164.594s][info ][safepoint     ] Entering safepoint region: Cleanup
[2023-10-31T09:03:17.302+0000][2164.595s][info ][safepoint     ] Leaving safepoint region
[2023-10-31T09:03:17.302+0000][2164.596s][info ][safepoint     ] Total time for which application threads were stopped: 0.0018767 seconds, Stopping threads took: 0.0008527 seconds
[2023-10-31T09:03:18.304+0000][2165.597s][debug][safepoint     ] Safepoint synchronization initiated. (186 threads)
[2023-10-31T09:03:18.305+0000][2165.598s][info ][safepoint     ] Application time: 1.0015530 seconds
[2023-10-31T09:03:18.305+0000][2165.598s][info ][safepoint     ] Entering safepoint region: Cleanup
[2023-10-31T09:03:18.306+0000][2165.599s][info ][safepoint     ] Leaving safepoint region
[2023-10-31T09:03:18.307+0000][2165.600s][info ][safepoint     ] Total time for which application threads were stopped: 0.0014567 seconds, Stopping threads took: 0.0006682 seconds
[2023-10-31T09:03:19.307+0000][2166.601s][debug][safepoint     ] Safepoint synchronization initiated. (186 threads)
[2023-10-31T09:03:19.308+0000][2166.601s][info ][safepoint     ] Application time: 1.0007316 seconds
[2023-10-31T09:03:19.308+0000][2166.602s][info ][safepoint     ] Entering safepoint region: Cleanup
[2023-10-31T09:03:19.309+0000][2166.603s][info ][safepoint     ] Leaving safepoint region
[2023-10-31T09:03:19.310+0000][2166.603s][info ][safepoint     ] Total time for which application threads were stopped: 0.0016557 seconds, Stopping threads took: 0.0008524 seconds
[2023-10-31T09:03:20.310+0000][2167.604s][debug][safepoint     ] Safepoint synchronization initiated. (186 threads)
[2023-10-31T09:03:20.311+0000][2167.604s][info ][safepoint     ] Application time: 1.0006947 seconds
[2023-10-31T09:03:20.311+0000][2167.605s][info ][safepoint     ] Entering safepoint region: Cleanup
[2023-10-31T09:03:20.312+0000][2167.605s][info ][safepoint     ] Leaving safepoint region
[2023-10-31T09:03:20.313+0000][2167.606s][info ][safepoint     ] Total time for which application threads were stopped: 0.0011008 seconds, Stopping threads took: 0.0004510 seconds
[2023-10-31T09:03:21.313+0000][2168.606s][debug][safepoint     ] Safepoint synchronization initiated. (186 threads)
[2023-10-31T09:03:21.314+0000][2168.607s][info ][safepoint     ] Application time: 1.0007235 seconds
[2023-10-31T09:03:21.314+0000][2168.608s][info ][safepoint     ] Entering safepoint region: Cleanup
[2023-10-31T09:03:21.315+0000][2168.608s][info ][safepoint     ] Leaving safepoint region
[2023-10-31T09:03:21.315+0000][2168.609s][info ][safepoint     ] Total time for which application threads were stopped: 0.0011932 seconds, Stopping threads took: 0.0005048 seconds
[2023-10-31T09:03:22.316+0000][2169.609s][debug][safepoint     ] Safepoint synchronization initiated. (186 threads)
[2023-10-31T09:03:22.317+0000][2169.610s][info ][safepoint     ] Application time: 1.0008281 seconds
[2023-10-31T09:03:22.317+0000][2169.611s][info ][safepoint     ] Entering safepoint region: Cleanup
[2023-10-31T09:03:22.318+0000][2169.611s][info ][safepoint     ] Leaving safepoint region
[2023-10-31T09:03:22.319+0000][2169.612s][info ][safepoint     ] Total time for which application threads were stopped: 0.0011003 seconds, Stopping threads took: 0.0004664 seconds
[2023-10-31T09:03:23.319+0000][2170.612s][debug][safepoint     ] Safepoint synchronization initiated. (186 threads)
[2023-10-31T09:03:23.320+0000][2170.613s][info ][safepoint     ] Application time: 1.0012653 seconds
[2023-10-31T09:03:23.321+0000][2170.615s][info ][safepoint     ] Entering safepoint region: Cleanup
[2023-10-31T09:03:23.323+0000][2170.616s][info ][safepoint     ] Leaving safepoint region
[2023-10-31T09:03:23.323+0000][2170.617s][info ][safepoint     ] Total time for which application threads were stopped: 0.0022009 seconds, Stopping threads took: 0.0010070 seconds
[2023-10-31T09:03:24.324+0000][2171.618s][debug][safepoint     ] Safepoint synchronization initiated. (186 threads)
[2023-10-31T09:03:24.325+0000][2171.618s][info ][safepoint     ] Application time: 1.0007674 seconds
[2023-10-31T09:03:24.325+0000][2171.619s][info ][safepoint     ] Entering safepoint region: Cleanup
[2023-10-31T09:03:24.326+0000][2171.619s][info ][safepoint     ] Leaving safepoint region
[2023-10-31T09:03:24.326+0000][2171.620s][info ][safepoint     ] Total time for which application threads were stopped: 0.0010414 seconds, Stopping threads took: 0.0004304 seconds
[2023-10-31T09:03:25.327+0000][2172.620s][debug][safepoint     ] Safepoint synchronization initiated. (186 threads)
[2023-10-31T09:03:25.328+0000][2172.621s][info ][safepoint     ] Application time: 1.0007856 seconds
[2023-10-31T09:03:25.328+0000][2172.621s][info ][safepoint     ] Entering safepoint region: Cleanup
[2023-10-31T09:03:25.329+0000][2172.622s][info ][safepoint     ] Leaving safepoint region
[2023-10-31T09:03:25.329+0000][2172.622s][info ][safepoint     ] Total time for which application threads were stopped: 0.0011852 seconds, Stopping threads took: 0.0005482 seconds
[2023-10-31T09:03:26.313+0000][2173.606s][debug][safepoint     ] Safepoint synchronization initiated. (186 threads)
[2023-10-31T09:03:26.314+0000][2173.607s][info ][safepoint     ] Application time: 0.9842211 seconds
[2023-10-31T09:03:26.315+0000][2173.608s][info ][safepoint     ] Entering safepoint region: G1CollectForAllocation
[2023-10-31T09:03:26.316+0000][2173.610s][info ][gc,start      ] GC(67) Pause Young (Normal) (G1 Evacuation Pause)
[2023-10-31T09:03:26.317+0000][2173.611s][info ][gc,task       ] GC(67) Using 8 workers of 8 for evacuation
[2023-10-31T09:03:26.336+0000][2173.629s][info ][gc,phases     ] GC(67)   Pre Evacuate Collection Set: 1.1ms
[2023-10-31T09:03:26.336+0000][2173.629s][info ][gc,phases     ] GC(67)   Evacuate Collection Set: 11.3ms
[2023-10-31T09:03:26.336+0000][2173.630s][info ][gc,phases     ] GC(67)   Post Evacuate Collection Set: 4.7ms
[2023-10-31T09:03:26.337+0000][2173.630s][info ][gc,phases     ] GC(67)   Other: 2.2ms
[2023-10-31T09:03:26.337+0000][2173.631s][info ][gc,heap       ] GC(67) Eden regions: 202->0(208)
[2023-10-31T09:03:26.338+0000][2173.631s][info ][gc,heap       ] GC(67) Survivor regions: 15->10(28)
[2023-10-31T09:03:26.338+0000][2173.632s][info ][gc,heap       ] GC(67) Old regions: 151->155
[2023-10-31T09:03:26.339+0000][2173.632s][info ][gc,heap       ] GC(67) Humongous regions: 40->40
[2023-10-31T09:03:26.339+0000][2173.633s][info ][gc,metaspace  ] GC(67) Metaspace: 170864K(176592K)->170864K(176592K) NonClass: 151154K(154576K)->151154K(154576K) Class: 19709K(22016K)->19709K(22016K)
[2023-10-31T09:03:26.340+0000][2173.633s][info ][gc            ] GC(67) Pause Young (Normal) (G1 Evacuation Pause) 405M->202M(470M) 23.655ms
[2023-10-31T09:03:26.341+0000][2173.634s][info ][gc,cpu        ] GC(67) User=0.11s Sys=0.01s Real=0.02s
[2023-10-31T09:03:26.341+0000][2173.634s][info ][safepoint     ] Leaving safepoint region
[2023-10-31T09:03:26.342+0000][2173.635s][info ][safepoint     ] Total time for which application threads were stopped: 0.0268503 seconds, Stopping threads took: 0.0009078 seconds
[2023-10-31T09:03:26.342+0000][2173.636s][info ][gc,stringdedup] Concurrent String Deduplication (2173.636s)
[2023-10-31T09:03:26.350+0000][2173.643s][info ][gc,stringdedup] Concurrent String Deduplication 87128.0B->48592.0B(38536.0B) avg 54.3% (2173.636s, 2173.643s) 7.367ms
[2023-10-31T09:03:27.342+0000][2174.636s][debug][safepoint     ] Safepoint synchronization initiated. (186 threads)
[2023-10-31T09:03:27.344+0000][2174.637s][info ][safepoint     ] Application time: 1.0013067 seconds
[2023-10-31T09:03:27.344+0000][2174.638s][info ][safepoint     ] Entering safepoint region: Cleanup
[2023-10-31T09:03:27.345+0000][2174.639s][info ][safepoint     ] Leaving safepoint region
[2023-10-31T09:03:27.346+0000][2174.640s][info ][safepoint     ] Total time for which application threads were stopped: 0.0019670 seconds, Stopping threads took: 0.0007917 seconds
[2023-10-31T09:03:28.347+0000][2175.641s][debug][safepoint     ] Safepoint synchronization initiated. (186 threads)
[2023-10-31T09:03:28.348+0000][2175.641s][info ][safepoint     ] Application time: 1.0008514 seconds
[2023-10-31T09:03:28.349+0000][2175.642s][info ][safepoint     ] Entering safepoint region: Cleanup
[2023-10-31T09:03:28.349+0000][2175.642s][info ][safepoint     ] Leaving safepoint region
[2023-10-31T09:03:28.350+0000][2175.643s][info ][safepoint     ] Total time for which application threads were stopped: 0.0012045 seconds, Stopping threads took: 0.0005408 seconds
[2023-10-31T09:03:29.350+0000][2176.644s][debug][safepoint     ] Safepoint synchronization initiated. (186 threads)
[2023-10-31T09:03:29.351+0000][2176.644s][info ][safepoint     ] Application time: 1.0010198 seconds
[2023-10-31T09:03:29.352+0000][2176.645s][info ][safepoint     ] Entering safepoint region: Cleanup
[2023-10-31T09:03:29.353+0000][2176.646s][info ][safepoint     ] Leaving safepoint region
[2023-10-31T09:03:29.354+0000][2176.647s][info ][safepoint     ] Total time for which application threads were stopped: 0.0016646 seconds, Stopping threads took: 0.0007739 seconds
[2023-10-31T09:03:30.354+0000][2177.647s][debug][safepoint     ] Safepoint synchronization initiated. (186 threads)
[2023-10-31T09:03:30.355+0000][2177.648s][info ][safepoint     ] Application time: 1.0007467 seconds
[2023-10-31T09:03:30.355+0000][2177.649s][info ][safepoint     ] Entering safepoint region: Cleanup
[2023-10-31T09:03:30.356+0000][2177.649s][info ][safepoint     ] Leaving safepoint region
[2023-10-31T09:03:30.356+0000][2177.650s][info ][safepoint     ] Total time for which application threads were stopped: 0.0010930 seconds, Stopping threads took: 0.0004306 seconds
[2023-10-31T09:03:31.357+0000][2178.650s][debug][safepoint     ] Safepoint synchronization initiated. (186 threads)
[2023-10-31T09:03:31.358+0000][2178.651s][info ][safepoint     ] Application time: 1.0009621 seconds
[2023-10-31T09:03:31.359+0000][2178.652s][info ][safepoint     ] Entering safepoint region: Cleanup
[2023-10-31T09:03:31.359+0000][2178.653s][info ][safepoint     ] Leaving safepoint region
[2023-10-31T09:03:31.360+0000][2178.653s][info ][safepoint     ] Total time for which application threads were stopped: 0.0014781 seconds, Stopping threads took: 0.0007229 seconds
[2023-10-31T09:03:32.361+0000][2179.654s][debug][safepoint     ] Safepoint synchronization initiated. (186 threads)
[2023-10-31T09:03:32.361+0000][2179.655s][info ][safepoint     ] Application time: 1.0008761 seconds
[2023-10-31T09:03:32.362+0000][2179.655s][info ][safepoint     ] Entering safepoint region: Cleanup
[2023-10-31T09:03:32.363+0000][2179.656s][info ][safepoint     ] Leaving safepoint region
[2023-10-31T09:03:32.363+0000][2179.656s][info ][safepoint     ] Total time for which application threads were stopped: 0.0011807 seconds, Stopping threads took: 0.0005054 seconds
[2023-10-31T09:03:33.364+0000][2180.657s][debug][safepoint     ] Safepoint synchronization initiated. (186 threads)
[2023-10-31T09:03:33.364+0000][2180.657s][info ][safepoint     ] Application time: 1.0007641 seconds
[2023-10-31T09:03:33.365+0000][2180.658s][info ][safepoint     ] Entering safepoint region: Cleanup
[2023-10-31T09:03:33.366+0000][2180.659s][info ][safepoint     ] Leaving safepoint region
[2023-10-31T09:03:33.367+0000][2180.660s][info ][safepoint     ] Total time for which application threads were stopped: 0.0018896 seconds, Stopping threads took: 0.0005345 seconds
[2023-10-31T09:03:34.367+0000][2181.660s][debug][safepoint     ] Safepoint synchronization initiated. (186 threads)
[2023-10-31T09:03:34.368+0000][2181.661s][info ][safepoint     ] Application time: 1.0008256 seconds
[2023-10-31T09:03:34.368+0000][2181.662s][info ][safepoint     ] Entering safepoint region: Cleanup
[2023-10-31T09:03:34.369+0000][2181.662s][info ][safepoint     ] Leaving safepoint region
[2023-10-31T09:03:34.369+0000][2181.663s][info ][safepoint     ] Total time for which application threads were stopped: 0.0011116 seconds, Stopping threads took: 0.0005675 seconds
[2023-10-31T09:03:35.370+0000][2182.663s][debug][safepoint     ] Safepoint synchronization initiated. (186 threads)
[2023-10-31T09:03:35.371+0000][2182.664s][info ][safepoint     ] Application time: 1.0013991 seconds
[2023-10-31T09:03:35.372+0000][2182.665s][info ][safepoint     ] Entering safepoint region: Cleanup
[2023-10-31T09:03:35.373+0000][2182.666s][info ][safepoint     ] Leaving safepoint region
[2023-10-31T09:03:35.374+0000][2182.667s][info ][safepoint     ] Total time for which application threads were stopped: 0.0016125 seconds, Stopping threads took: 0.0007649 seconds
[2023-10-31T09:03:36.375+0000][2183.668s][debug][safepoint     ] Safepoint synchronization initiated. (186 threads)
[2023-10-31T09:03:36.375+0000][2183.669s][info ][safepoint     ] Application time: 1.0010367 seconds
[2023-10-31T09:03:36.376+0000][2183.670s][info ][safepoint     ] Entering safepoint region: Cleanup
[2023-10-31T09:03:36.379+0000][2183.672s][info ][safepoint     ] Leaving safepoint region
[2023-10-31T09:03:36.380+0000][2183.673s][info ][safepoint     ] Total time for which application threads were stopped: 0.0031343 seconds, Stopping threads took: 0.0019278 seconds
[2023-10-31T09:03:37.380+0000][2184.674s][debug][safepoint     ] Safepoint synchronization initiated. (186 threads)
[2023-10-31T09:03:37.381+0000][2184.674s][info ][safepoint     ] Application time: 1.0009000 seconds
[2023-10-31T09:03:37.382+0000][2184.675s][info ][safepoint     ] Entering safepoint region: Cleanup
[2023-10-31T09:03:37.383+0000][2184.676s][info ][safepoint     ] Leaving safepoint region
[2023-10-31T09:03:37.384+0000][2184.677s][info ][safepoint     ] Total time for which application threads were stopped: 0.0016538 seconds, Stopping threads took: 0.0006940 seconds
[2023-10-31T09:03:38.384+0000][2185.678s][debug][safepoint     ] Safepoint synchronization initiated. (186 threads)
[2023-10-31T09:03:38.385+0000][2185.678s][info ][safepoint     ] Application time: 1.0012193 seconds
[2023-10-31T09:03:38.386+0000][2185.679s][info ][safepoint     ] Entering safepoint region: Cleanup
[2023-10-31T09:03:38.387+0000][2185.681s][info ][safepoint     ] Leaving safepoint region
[2023-10-31T09:03:38.388+0000][2185.681s][info ][safepoint     ] Total time for which application threads were stopped: 0.0019486 seconds, Stopping threads took: 0.0008881 seconds
[2023-10-31T09:03:39.389+0000][2186.682s][debug][safepoint     ] Safepoint synchronization initiated. (186 threads)
[2023-10-31T09:03:39.390+0000][2186.683s][info ][safepoint     ] Application time: 1.0007335 seconds
[2023-10-31T09:03:39.390+0000][2186.683s][debug][safepoint     ] ... found polling page return exception at pc = 0x00007f62e840b344, stub =0x00007f62e0840600
[2023-10-31T09:03:39.390+0000][2186.683s][debug][safepoint     ] ... found polling page return exception at pc = 0x00007f62e93eb7db, stub =0x00007f62e0840600
[2023-10-31T09:03:39.390+0000][2186.683s][debug][safepoint     ] ... found polling page return exception at pc = 0x00007f62e93eb7db, stub =0x00007f62e0840600
[2023-10-31T09:03:39.390+0000][2186.683s][debug][safepoint     ] ... found polling page return exception at pc = 0x00007f62e93eb7db, stub =0x00007f62e0840600
[2023-10-31T09:03:39.390+0000][2186.683s][debug][safepoint     ] ... found polling page return exception at pc = 0x00007f62e93eb7db, stub =0x00007f62e0840600
[2023-10-31T09:03:39.390+0000][2186.683s][debug][safepoint     ] ... found polling page return exception at pc = 0x00007f62e93eb7db, stub =0x00007f62e0840600
[2023-10-31T09:03:39.393+0000][2186.686s][debug][safepoint     ] Waiting for 6 thread(s) to block
[2023-10-31T09:03:39.394+0000][2186.687s][info ][safepoint     ] Entering safepoint region: Cleanup
[2023-10-31T09:03:39.395+0000][2186.688s][info ][safepoint     ] Leaving safepoint region
[2023-10-31T09:03:39.396+0000][2186.689s][info ][safepoint     ] Total time for which application threads were stopped: 0.0055112 seconds, Stopping threads took: 0.0046995 seconds
[2023-10-31T09:03:40.396+0000][2187.689s][debug][safepoint     ] Safepoint synchronization initiated. (186 threads)
[2023-10-31T09:03:40.397+0000][2187.690s][info ][safepoint     ] Application time: 1.0007540 seconds
[2023-10-31T09:03:40.397+0000][2187.690s][info ][safepoint     ] Entering safepoint region: Cleanup
[2023-10-31T09:03:40.398+0000][2187.691s][info ][safepoint     ] Leaving safepoint region
[2023-10-31T09:03:40.398+0000][2187.691s][info ][safepoint     ] Total time for which application threads were stopped: 0.0010753 seconds, Stopping threads took: 0.0004287 seconds
[2023-10-31T09:03:41.399+0000][2188.692s][debug][safepoint     ] Safepoint synchronization initiated. (186 threads)
[2023-10-31T09:03:41.400+0000][2188.693s][info ][safepoint     ] Application time: 1.0008960 seconds
[2023-10-31T09:03:41.400+0000][2188.693s][info ][safepoint     ] Entering safepoint region: Cleanup
[2023-10-31T09:03:41.401+0000][2188.694s][info ][safepoint     ] Leaving safepoint region
[2023-10-31T09:03:41.402+0000][2188.695s][info ][safepoint     ] Total time for which application threads were stopped: 0.0013044 seconds, Stopping threads took: 0.0006546 seconds
[2023-10-31T09:03:42.402+0000][2189.695s][debug][safepoint     ] Safepoint synchronization initiated. (186 threads)
[2023-10-31T09:03:42.403+0000][2189.696s][info ][safepoint     ] Application time: 1.0008675 seconds
[2023-10-31T09:03:42.403+0000][2189.696s][info ][safepoint     ] Entering safepoint region: Cleanup
[2023-10-31T09:03:42.404+0000][2189.697s][info ][safepoint     ] Leaving safepoint region
[2023-10-31T09:03:42.405+0000][2189.698s][info ][safepoint     ] Total time for which application threads were stopped: 0.0012935 seconds, Stopping threads took: 0.0005443 seconds
[2023-10-31T09:03:43.405+0000][2190.698s][debug][safepoint     ] Safepoint synchronization initiated. (186 threads)
[2023-10-31T09:03:43.406+0000][2190.699s][info ][safepoint     ] Application time: 1.0008603 seconds
[2023-10-31T09:03:43.407+0000][2190.700s][info ][safepoint     ] Entering safepoint region: Cleanup
[2023-10-31T09:03:43.407+0000][2190.700s][info ][safepoint     ] Leaving safepoint region
[2023-10-31T09:03:43.408+0000][2190.701s][info ][safepoint     ] Total time for which application threads were stopped: 0.0013085 seconds, Stopping threads took: 0.0005514 seconds
[2023-10-31T09:03:44.408+0000][2191.702s][debug][safepoint     ] Safepoint synchronization initiated. (186 threads)
[2023-10-31T09:03:44.409+0000][2191.702s][info ][safepoint     ] Application time: 1.0008283 seconds
[2023-10-31T09:03:44.410+0000][2191.703s][info ][safepoint     ] Entering safepoint region: Cleanup
[2023-10-31T09:03:44.410+0000][2191.703s][info ][safepoint     ] Leaving safepoint region
[2023-10-31T09:03:44.411+0000][2191.704s][info ][safepoint     ] Total time for which application threads were stopped: 0.0010866 seconds, Stopping threads took: 0.0004656 seconds
[2023-10-31T09:03:45.411+0000][2192.705s][debug][safepoint     ] Safepoint synchronization initiated. (186 threads)
[2023-10-31T09:03:45.412+0000][2192.705s][info ][safepoint     ] Application time: 1.0008195 seconds
[2023-10-31T09:03:45.413+0000][2192.706s][info ][safepoint     ] Entering safepoint region: Cleanup
[2023-10-31T09:03:45.413+0000][2192.707s][info ][safepoint     ] Leaving safepoint region
[2023-10-31T09:03:45.414+0000][2192.707s][info ][safepoint     ] Total time for which application threads were stopped: 0.0013423 seconds, Stopping threads took: 0.0006285 seconds
[2023-10-31T09:03:46.415+0000][2193.708s][debug][safepoint     ] Safepoint synchronization initiated. (186 threads)
[2023-10-31T09:03:46.416+0000][2193.709s][info ][safepoint     ] Application time: 1.0015675 seconds
[2023-10-31T09:03:46.417+0000][2193.710s][info ][safepoint     ] Entering safepoint region: Cleanup
[2023-10-31T09:03:46.419+0000][2193.712s][info ][safepoint     ] Leaving safepoint region
[2023-10-31T09:03:46.419+0000][2193.712s][info ][safepoint     ] Total time for which application threads were stopped: 0.0020847 seconds, Stopping threads took: 0.0010431 seconds
[2023-10-31T09:03:47.420+0000][2194.713s][debug][safepoint     ] Safepoint synchronization initiated. (186 threads)
[2023-10-31T09:03:47.421+0000][2194.714s][info ][safepoint     ] Application time: 1.0007382 seconds
[2023-10-31T09:03:47.421+0000][2194.714s][info ][safepoint     ] Entering safepoint region: Cleanup
[2023-10-31T09:03:47.422+0000][2194.715s][info ][safepoint     ] Leaving safepoint region
[2023-10-31T09:03:47.422+0000][2194.715s][info ][safepoint     ] Total time for which application threads were stopped: 0.0011248 seconds, Stopping threads took: 0.0004403 seconds
[2023-10-31T09:03:48.423+0000][2195.716s][debug][safepoint     ] Safepoint synchronization initiated. (186 threads)
[2023-10-31T09:03:48.424+0000][2195.717s][info ][safepoint     ] Application time: 1.0007891 seconds
[2023-10-31T09:03:48.424+0000][2195.717s][info ][safepoint     ] Entering safepoint region: Cleanup
[2023-10-31T09:03:48.425+0000][2195.718s][info ][safepoint     ] Leaving safepoint region
[2023-10-31T09:03:48.426+0000][2195.719s][info ][safepoint     ] Total time for which application threads were stopped: 0.0015260 seconds, Stopping threads took: 0.0006633 seconds
[2023-10-31T09:03:49.426+0000][2196.719s][debug][safepoint     ] Safepoint synchronization initiated. (186 threads)
[2023-10-31T09:03:49.427+0000][2196.720s][info ][safepoint     ] Application time: 1.0006672 seconds
[2023-10-31T09:03:49.427+0000][2196.720s][info ][safepoint     ] Entering safepoint region: Cleanup
[2023-10-31T09:03:49.428+0000][2196.721s][info ][safepoint     ] Leaving safepoint region
[2023-10-31T09:03:49.428+0000][2196.721s][info ][safepoint     ] Total time for which application threads were stopped: 0.0011520 seconds, Stopping threads took: 0.0004865 seconds
[2023-10-31T09:03:50.429+0000][2197.722s][debug][safepoint     ] Safepoint synchronization initiated. (186 threads)
[2023-10-31T09:03:50.429+0000][2197.723s][info ][safepoint     ] Application time: 1.0007335 seconds
[2023-10-31T09:03:50.430+0000][2197.723s][info ][safepoint     ] Entering safepoint region: Cleanup
[2023-10-31T09:03:50.431+0000][2197.724s][info ][safepoint     ] Leaving safepoint region
[2023-10-31T09:03:50.431+0000][2197.724s][info ][safepoint     ] Total time for which application threads were stopped: 0.0012704 seconds, Stopping threads took: 0.0005965 seconds
[2023-10-31T09:03:51.432+0000][2198.725s][debug][safepoint     ] Safepoint synchronization initiated. (186 threads)
[2023-10-31T09:03:51.432+0000][2198.725s][info ][safepoint     ] Application time: 1.0007569 seconds
[2023-10-31T09:03:51.433+0000][2198.726s][info ][safepoint     ] Entering safepoint region: Cleanup
[2023-10-31T09:03:51.434+0000][2198.727s][info ][safepoint     ] Leaving safepoint region
[2023-10-31T09:03:51.434+0000][2198.727s][info ][safepoint     ] Total time for which application threads were stopped: 0.0012319 seconds, Stopping threads took: 0.0006044 seconds
[2023-10-31T09:03:52.435+0000][2199.728s][debug][safepoint     ] Safepoint synchronization initiated. (186 threads)
[2023-10-31T09:03:52.436+0000][2199.729s][info ][safepoint     ] Application time: 1.0014151 seconds
[2023-10-31T09:03:52.437+0000][2199.730s][info ][safepoint     ] Entering safepoint region: Cleanup
[2023-10-31T09:03:52.438+0000][2199.731s][info ][safepoint     ] Leaving safepoint region
[2023-10-31T09:03:52.439+0000][2199.732s][info ][safepoint     ] Total time for which application threads were stopped: 0.0020549 seconds, Stopping threads took: 0.0009795 seconds
[2023-10-31T09:03:53.440+0000][2200.733s][debug][safepoint     ] Safepoint synchronization initiated. (186 threads)
[2023-10-31T09:03:53.441+0000][2200.734s][info ][safepoint     ] Application time: 1.0011183 seconds
[2023-10-31T09:03:53.441+0000][2200.735s][info ][safepoint     ] Entering safepoint region: Cleanup
[2023-10-31T09:03:53.442+0000][2200.736s][info ][safepoint     ] Leaving safepoint region
[2023-10-31T09:03:53.443+0000][2200.736s][info ][safepoint     ] Total time for which application threads were stopped: 0.0017476 seconds, Stopping threads took: 0.0008032 seconds
[2023-10-31T09:03:54.444+0000][2201.737s][debug][safepoint     ] Safepoint synchronization initiated. (186 threads)
[2023-10-31T09:03:54.444+0000][2201.737s][info ][safepoint     ] Application time: 1.0005498 seconds
[2023-10-31T09:03:54.445+0000][2201.738s][info ][safepoint     ] Entering safepoint region: Cleanup
[2023-10-31T09:03:54.445+0000][2201.739s][info ][safepoint     ] Leaving safepoint region
[2023-10-31T09:03:54.446+0000][2201.739s][info ][safepoint     ] Total time for which application threads were stopped: 0.0011779 seconds, Stopping threads took: 0.0005751 seconds
[2023-10-31T09:03:55.446+0000][2202.739s][debug][safepoint     ] Safepoint synchronization initiated. (186 threads)
[2023-10-31T09:03:55.447+0000][2202.740s][info ][safepoint     ] Application time: 1.0012081 seconds
[2023-10-31T09:03:55.448+0000][2202.741s][info ][safepoint     ] Entering safepoint region: Cleanup
[2023-10-31T09:03:55.449+0000][2202.742s][info ][safepoint     ] Leaving safepoint region
[2023-10-31T09:03:55.450+0000][2202.743s][info ][safepoint     ] Total time for which application threads were stopped: 0.0018878 seconds, Stopping threads took: 0.0008359 seconds
[2023-10-31T09:03:56.451+0000][2203.744s][debug][safepoint     ] Safepoint synchronization initiated. (186 threads)
[2023-10-31T09:03:56.452+0000][2203.745s][info ][safepoint     ] Application time: 1.0009015 seconds
[2023-10-31T09:03:56.452+0000][2203.745s][debug][safepoint     ] ... found polling page return exception at pc = 0x00007f62e840b344, stub =0x00007f62e0840600
[2023-10-31T09:03:56.452+0000][2203.745s][debug][safepoint     ] ... found polling page return exception at pc = 0x00007f62e89a5308, stub =0x00007f62e0840600
[2023-10-31T09:03:56.452+0000][2203.745s][debug][safepoint     ] ... found polling page return exception at pc = 0x00007f62e840b344, stub =0x00007f62e0840600
[2023-10-31T09:03:56.452+0000][2203.745s][debug][safepoint     ] ... found polling page return exception at pc = 0x00007f62e840b344, stub =0x00007f62e0840600
[2023-10-31T09:03:56.452+0000][2203.746s][debug][safepoint     ] ... found polling page return exception at pc = 0x00007f62e8ad0d76, stub =0x00007f62e0840600
[2023-10-31T09:03:56.456+0000][2203.749s][debug][safepoint     ] Waiting for 5 thread(s) to block
[2023-10-31T09:03:56.457+0000][2203.750s][info ][safepoint     ] Entering safepoint region: Cleanup
[2023-10-31T09:03:56.458+0000][2203.751s][info ][safepoint     ] Leaving safepoint region
[2023-10-31T09:03:56.458+0000][2203.751s][info ][safepoint     ] Total time for which application threads were stopped: 0.0057742 seconds, Stopping threads took: 0.0051791 seconds
[2023-10-31T09:03:57.459+0000][2204.752s][debug][safepoint     ] Safepoint synchronization initiated. (186 threads)
[2023-10-31T09:03:57.460+0000][2204.753s][info ][safepoint     ] Application time: 1.0010540 seconds
[2023-10-31T09:03:57.460+0000][2204.753s][info ][safepoint     ] Entering safepoint region: Cleanup
[2023-10-31T09:03:57.461+0000][2204.754s][info ][safepoint     ] Leaving safepoint region
[2023-10-31T09:03:57.461+0000][2204.754s][info ][safepoint     ] Total time for which application threads were stopped: 0.0012681 seconds, Stopping threads took: 0.0006482 seconds
[2023-10-31T09:03:58.462+0000][2205.755s][debug][safepoint     ] Safepoint synchronization initiated. (186 threads)
[2023-10-31T09:03:58.463+0000][2205.756s][info ][safepoint     ] Application time: 1.0011523 seconds
[2023-10-31T09:03:58.464+0000][2205.757s][info ][safepoint     ] Entering safepoint region: Cleanup
[2023-10-31T09:03:58.465+0000][2205.758s][info ][safepoint     ] Leaving safepoint region
[2023-10-31T09:03:58.466+0000][2205.759s][info ][safepoint     ] Total time for which application threads were stopped: 0.0019738 seconds, Stopping threads took: 0.0008183 seconds
[2023-10-31T09:03:59.467+0000][2206.760s][debug][safepoint     ] Safepoint synchronization initiated. (186 threads)
[2023-10-31T09:03:59.468+0000][2206.761s][info ][safepoint     ] Application time: 1.0010676 seconds
[2023-10-31T09:03:59.469+0000][2206.762s][info ][safepoint     ] Entering safepoint region: Cleanup
[2023-10-31T09:03:59.470+0000][2206.763s][info ][safepoint     ] Leaving safepoint region
[2023-10-31T09:03:59.470+0000][2206.763s][info ][safepoint     ] Total time for which application threads were stopped: 0.0018273 seconds, Stopping threads took: 0.0007414 seconds
[2023-10-31T09:04:00.471+0000][2207.764s][debug][safepoint     ] Safepoint synchronization initiated. (186 threads)
[2023-10-31T09:04:00.472+0000][2207.765s][info ][safepoint     ] Application time: 1.0009506 seconds
[2023-10-31T09:04:00.473+0000][2207.766s][info ][safepoint     ] Entering safepoint region: Cleanup
[2023-10-31T09:04:00.473+0000][2207.766s][info ][safepoint     ] Leaving safepoint region
[2023-10-31T09:04:00.474+0000][2207.767s][info ][safepoint     ] Total time for which application threads were stopped: 0.0013295 seconds, Stopping threads took: 0.0006150 seconds
[2023-10-31T09:04:00.473+0000][2207.766s][debug][safepoint     ] ... found polling page return exception at pc = 0x00007f62e89d70c4, stub =0x00007f62e0840600
[2023-10-31T09:04:00.473+0000][2207.766s][debug][safepoint     ] ... found polling page return exception at pc = 0x00007f62e89d70c4, stub =0x00007f62e0840600
[2023-10-31T09:04:00.473+0000][2207.766s][debug][safepoint     ] ... found polling page return exception at pc = 0x00007f62e89d70c4, stub =0x00007f62e0840600
[2023-10-31T09:04:00.473+0000][2207.766s][debug][safepoint     ] ... found polling page return exception at pc = 0x00007f62e89d70c4, stub =0x00007f62e0840600
[2023-10-31T09:04:00.473+0000][2207.766s][debug][safepoint     ] ... found polling page return exception at pc = 0x00007f62e89d70c4, stub =0x00007f62e0840600
[2023-10-31T09:04:01.475+0000][2208.768s][debug][safepoint     ] Safepoint synchronization initiated. (186 threads)
[2023-10-31T09:04:01.476+0000][2208.769s][info ][safepoint     ] Application time: 1.0014657 seconds
[2023-10-31T09:04:01.477+0000][2208.770s][info ][safepoint     ] Entering safepoint region: Cleanup
[2023-10-31T09:04:01.478+0000][2208.771s][info ][safepoint     ] Leaving safepoint region
[2023-10-31T09:04:01.479+0000][2208.772s][info ][safepoint     ] Total time for which application threads were stopped: 0.0020401 seconds, Stopping threads took: 0.0008264 seconds
[2023-10-31T09:04:02.480+0000][2209.773s][debug][safepoint     ] Safepoint synchronization initiated. (186 threads)
[2023-10-31T09:04:02.481+0000][2209.774s][info ][safepoint     ] Application time: 1.0007771 seconds
[2023-10-31T09:04:02.481+0000][2209.774s][info ][safepoint     ] Entering safepoint region: Cleanup
[2023-10-31T09:04:02.482+0000][2209.775s][info ][safepoint     ] Leaving safepoint region
[2023-10-31T09:04:02.482+0000][2209.775s][info ][safepoint     ] Total time for which application threads were stopped: 0.0012026 seconds, Stopping threads took: 0.0004922 seconds
[2023-10-31T09:04:03.483+0000][2210.776s][debug][safepoint     ] Safepoint synchronization initiated. (186 threads)
[2023-10-31T09:04:03.484+0000][2210.777s][info ][safepoint     ] Application time: 1.0016276 seconds
[2023-10-31T09:04:03.486+0000][2210.778s][info ][safepoint     ] Entering safepoint region: Cleanup
[2023-10-31T09:04:03.487+0000][2210.780s][info ][safepoint     ] Leaving safepoint region
[2023-10-31T09:04:03.488+0000][2210.781s][info ][safepoint     ] Total time for which application threads were stopped: 0.0022540 seconds, Stopping threads took: 0.0009275 seconds
[2023-10-31T09:04:04.489+0000][2211.782s][debug][safepoint     ] Safepoint synchronization initiated. (186 threads)
[2023-10-31T09:04:04.489+0000][2211.782s][info ][safepoint     ] Application time: 1.0007411 seconds
[2023-10-31T09:04:04.490+0000][2211.783s][info ][safepoint     ] Entering safepoint region: Cleanup
[2023-10-31T09:04:04.490+0000][2211.783s][info ][safepoint     ] Leaving safepoint region
[2023-10-31T09:04:04.491+0000][2211.783s][info ][safepoint     ] Total time for which application threads were stopped: 0.0009228 seconds, Stopping threads took: 0.0003875 seconds
[2023-10-31T09:04:05.491+0000][2212.784s][debug][safepoint     ] Safepoint synchronization initiated. (186 threads)
[2023-10-31T09:04:05.492+0000][2212.785s][info ][safepoint     ] Application time: 1.0008290 seconds
[2023-10-31T09:04:05.492+0000][2212.785s][info ][safepoint     ] Entering safepoint region: Cleanup
[2023-10-31T09:04:05.493+0000][2212.786s][info ][safepoint     ] Leaving safepoint region
[2023-10-31T09:04:05.493+0000][2212.786s][info ][safepoint     ] Total time for which application threads were stopped: 0.0012713 seconds, Stopping threads took: 0.0006527 seconds
[2023-10-31T09:04:06.494+0000][2213.787s][debug][safepoint     ] Safepoint synchronization initiated. (186 threads)
[2023-10-31T09:04:06.495+0000][2213.788s][info ][safepoint     ] Application time: 1.0007829 seconds
[2023-10-31T09:04:06.495+0000][2213.788s][info ][safepoint     ] Entering safepoint region: Cleanup
[2023-10-31T09:04:06.496+0000][2213.789s][info ][safepoint     ] Leaving safepoint region
[2023-10-31T09:04:06.496+0000][2213.789s][info ][safepoint     ] Total time for which application threads were stopped: 0.0011664 seconds, Stopping threads took: 0.0005193 seconds
[2023-10-31T09:04:07.497+0000][2214.790s][debug][safepoint     ] Safepoint synchronization initiated. (186 threads)
[2023-10-31T09:04:07.498+0000][2214.791s][info ][safepoint     ] Application time: 1.0010348 seconds
[2023-10-31T09:04:07.499+0000][2214.792s][info ][safepoint     ] Entering safepoint region: Cleanup
[2023-10-31T09:04:07.500+0000][2214.793s][info ][safepoint     ] Leaving safepoint region
[2023-10-31T09:04:07.500+0000][2214.793s][info ][safepoint     ] Total time for which application threads were stopped: 0.0014159 seconds, Stopping threads took: 0.0006548 seconds
[2023-10-31T09:04:08.501+0000][2215.794s][debug][safepoint     ] Safepoint synchronization initiated. (186 threads)
[2023-10-31T09:04:08.501+0000][2215.794s][info ][safepoint     ] Application time: 1.0006654 seconds
[2023-10-31T09:04:08.502+0000][2215.795s][info ][safepoint     ] Entering safepoint region: Cleanup
[2023-10-31T09:04:08.503+0000][2215.795s][info ][safepoint     ] Leaving safepoint region
[2023-10-31T09:04:08.503+0000][2215.796s][info ][safepoint     ] Total time for which application threads were stopped: 0.0010887 seconds, Stopping threads took: 0.0005378 seconds
[2023-10-31T09:04:09.504+0000][2216.796s][debug][safepoint     ] Safepoint synchronization initiated. (186 threads)
[2023-10-31T09:04:09.504+0000][2216.797s][info ][safepoint     ] Application time: 1.0009799 seconds
[2023-10-31T09:04:09.505+0000][2216.798s][info ][safepoint     ] Entering safepoint region: Cleanup
[2023-10-31T09:04:09.506+0000][2216.799s][info ][safepoint     ] Leaving safepoint region
[2023-10-31T09:04:09.507+0000][2216.800s][info ][safepoint     ] Total time for which application threads were stopped: 0.0019768 seconds, Stopping threads took: 0.0006735 seconds
[2023-10-31T09:04:10.508+0000][2217.801s][debug][safepoint     ] Safepoint synchronization initiated. (186 threads)
[2023-10-31T09:04:10.509+0000][2217.802s][info ][safepoint     ] Application time: 1.0010752 seconds
[2023-10-31T09:04:10.513+0000][2217.806s][debug][safepoint     ] ... found polling page return exception at pc = 0x00007f62e8e72c00, stub =0x00007f62e0840600
[2023-10-31T09:04:10.514+0000][2217.807s][debug][safepoint     ] Waiting for 1 thread(s) to block
[2023-10-31T09:04:10.515+0000][2217.808s][info ][safepoint     ] Entering safepoint region: Cleanup
[2023-10-31T09:04:10.516+0000][2217.808s][info ][safepoint     ] Leaving safepoint region
[2023-10-31T09:04:10.516+0000][2217.809s][info ][safepoint     ] Total time for which application threads were stopped: 0.0067416 seconds, Stopping threads took: 0.0058672 seconds
[2023-10-31T09:04:11.517+0000][2218.810s][debug][safepoint     ] Safepoint synchronization initiated. (186 threads)
[2023-10-31T09:04:11.517+0000][2218.810s][info ][safepoint     ] Application time: 1.0007739 seconds
[2023-10-31T09:04:11.518+0000][2218.811s][info ][safepoint     ] Entering safepoint region: Cleanup
[2023-10-31T09:04:11.518+0000][2218.811s][info ][safepoint     ] Leaving safepoint region
[2023-10-31T09:04:11.519+0000][2218.812s][info ][safepoint     ] Total time for which application threads were stopped: 0.0010467 seconds, Stopping threads took: 0.0003545 seconds
[2023-10-31T09:04:12.519+0000][2219.812s][debug][safepoint     ] Safepoint synchronization initiated. (186 threads)
[2023-10-31T09:04:12.520+0000][2219.813s][info ][safepoint     ] Application time: 1.0009199 seconds
[2023-10-31T09:04:12.521+0000][2219.814s][info ][safepoint     ] Entering safepoint region: Cleanup
[2023-10-31T09:04:12.522+0000][2219.814s][info ][safepoint     ] Leaving safepoint region
[2023-10-31T09:04:12.522+0000][2219.815s][info ][safepoint     ] Total time for which application threads were stopped: 0.0013916 seconds, Stopping threads took: 0.0006029 seconds
[2023-10-31T09:04:13.523+0000][2220.816s][debug][safepoint     ] Safepoint synchronization initiated. (187 threads)
[2023-10-31T09:04:13.524+0000][2220.816s][info ][safepoint     ] Application time: 1.0009079 seconds
[2023-10-31T09:04:13.524+0000][2220.817s][info ][safepoint     ] Entering safepoint region: Cleanup
[2023-10-31T09:04:13.525+0000][2220.818s][info ][safepoint     ] Leaving safepoint region
[2023-10-31T09:04:13.526+0000][2220.819s][info ][safepoint     ] Total time for which application threads were stopped: 0.0016133 seconds, Stopping threads took: 0.0006520 seconds
[2023-10-31T09:04:14.527+0000][2221.820s][debug][safepoint     ] Safepoint synchronization initiated. (187 threads)
[2023-10-31T09:04:14.528+0000][2221.821s][info ][safepoint     ] Application time: 1.0015260 seconds
[2023-10-31T09:04:14.528+0000][2221.821s][info ][safepoint     ] Entering safepoint region: Cleanup
[2023-10-31T09:04:14.529+0000][2221.822s][info ][safepoint     ] Leaving safepoint region
[2023-10-31T09:04:14.530+0000][2221.823s][info ][safepoint     ] Total time for which application threads were stopped: 0.0013365 seconds, Stopping threads took: 0.0005996 seconds
[2023-10-31T09:04:14.529+0000][2221.822s][debug][safepoint     ] ... found polling page return exception at pc = 0x00007f62e89d70c4, stub =0x00007f62e0840600
[2023-10-31T09:04:14.529+0000][2221.822s][debug][safepoint     ] ... found polling page return exception at pc = 0x00007f62e89d70c4, stub =0x00007f62e0840600
[2023-10-31T09:04:14.529+0000][2221.822s][debug][safepoint     ] ... found polling page return exception at pc = 0x00007f62e89d70c4, stub =0x00007f62e0840600
[2023-10-31T09:04:14.529+0000][2221.822s][debug][safepoint     ] ... found polling page return exception at pc = 0x00007f62e89d70c4, stub =0x00007f62e0840600
[2023-10-31T09:04:14.529+0000][2221.822s][debug][safepoint     ] ... found polling page return exception at pc = 0x00007f62e89d70c4, stub =0x00007f62e0840600
[2023-10-31T09:04:14.529+0000][2221.822s][debug][safepoint     ] ... found polling page return exception at pc = 0x00007f62e89d70c4, stub =0x00007f62e0840600
[2023-10-31T09:04:15.530+0000][2222.823s][debug][safepoint     ] Safepoint synchronization initiated. (187 threads)
[2023-10-31T09:04:15.531+0000][2222.824s][info ][safepoint     ] Application time: 1.0006810 seconds
[2023-10-31T09:04:15.531+0000][2222.824s][info ][safepoint     ] Entering safepoint region: Cleanup
[2023-10-31T09:04:15.532+0000][2222.825s][info ][safepoint     ] Leaving safepoint region
[2023-10-31T09:04:15.532+0000][2222.825s][info ][safepoint     ] Total time for which application threads were stopped: 0.0009941 seconds, Stopping threads took: 0.0004306 seconds
[2023-10-31T09:04:16.533+0000][2223.826s][debug][safepoint     ] Safepoint synchronization initiated. (187 threads)
[2023-10-31T09:04:16.534+0000][2223.826s][info ][safepoint     ] Application time: 1.0008571 seconds
[2023-10-31T09:04:16.534+0000][2223.827s][info ][safepoint     ] Entering safepoint region: Cleanup
[2023-10-31T09:04:16.535+0000][2223.828s][info ][safepoint     ] Leaving safepoint region
[2023-10-31T09:04:16.536+0000][2223.829s][info ][safepoint     ] Total time for which application threads were stopped: 0.0016729 seconds, Stopping threads took: 0.0007668 seconds
[2023-10-31T09:04:17.536+0000][2224.829s][debug][safepoint     ] Safepoint synchronization initiated. (187 threads)
[2023-10-31T09:04:17.537+0000][2224.830s][info ][safepoint     ] Application time: 1.0006184 seconds
[2023-10-31T09:04:17.537+0000][2224.830s][info ][safepoint     ] Entering safepoint region: Cleanup
[2023-10-31T09:04:17.538+0000][2224.831s][info ][safepoint     ] Leaving safepoint region
[2023-10-31T09:04:17.538+0000][2224.831s][info ][safepoint     ] Total time for which application threads were stopped: 0.0008658 seconds, Stopping threads took: 0.0003617 seconds
[2023-10-31T09:04:18.538+0000][2225.831s][debug][safepoint     ] Safepoint synchronization initiated. (187 threads)
[2023-10-31T09:04:18.539+0000][2225.832s][info ][safepoint     ] Application time: 1.0005714 seconds
[2023-10-31T09:04:18.539+0000][2225.832s][info ][safepoint     ] Entering safepoint region: Cleanup
[2023-10-31T09:04:18.540+0000][2225.833s][info ][safepoint     ] Leaving safepoint region
[2023-10-31T09:04:18.540+0000][2225.833s][info ][safepoint     ] Total time for which application threads were stopped: 0.0009654 seconds, Stopping threads took: 0.0004970 seconds
[2023-10-31T09:04:19.541+0000][2226.833s][debug][safepoint     ] Safepoint synchronization initiated. (187 threads)
[2023-10-31T09:04:19.541+0000][2226.834s][info ][safepoint     ] Application time: 1.0005585 seconds
[2023-10-31T09:04:19.541+0000][2226.834s][info ][safepoint     ] Entering safepoint region: Cleanup
[2023-10-31T09:04:19.542+0000][2226.835s][info ][safepoint     ] Leaving safepoint region
[2023-10-31T09:04:19.542+0000][2226.835s][info ][safepoint     ] Total time for which application threads were stopped: 0.0009814 seconds, Stopping threads took: 0.0004004 seconds
[2023-10-31T09:04:20.543+0000][2227.836s][debug][safepoint     ] Safepoint synchronization initiated. (187 threads)
[2023-10-31T09:04:20.544+0000][2227.837s][info ][safepoint     ] Application time: 1.0011183 seconds
[2023-10-31T09:04:20.545+0000][2227.837s][info ][safepoint     ] Entering safepoint region: Cleanup
[2023-10-31T09:04:20.545+0000][2227.838s][info ][safepoint     ] Leaving safepoint region
[2023-10-31T09:04:20.546+0000][2227.839s][info ][safepoint     ] Total time for which application threads were stopped: 0.0012981 seconds, Stopping threads took: 0.0004689 seconds
[2023-10-31T09:04:21.546+0000][2228.839s][debug][safepoint     ] Safepoint synchronization initiated. (187 threads)
[2023-10-31T09:04:21.547+0000][2228.840s][info ][safepoint     ] Application time: 1.0007201 seconds
[2023-10-31T09:04:21.547+0000][2228.840s][debug][safepoint     ] ... found polling page return exception at pc = 0x00007f62e8687f9d, stub =0x00007f62e0840600
[2023-10-31T09:04:21.548+0000][2228.841s][debug][safepoint     ] Waiting for 1 thread(s) to block
[2023-10-31T09:04:21.548+0000][2228.841s][info ][safepoint     ] Entering safepoint region: Cleanup
[2023-10-31T09:04:21.549+0000][2228.842s][info ][safepoint     ] Leaving safepoint region
[2023-10-31T09:04:21.549+0000][2228.842s][info ][safepoint     ] Total time for which application threads were stopped: 0.0019037 seconds, Stopping threads took: 0.0013196 seconds
[2023-10-31T09:04:22.550+0000][2229.843s][debug][safepoint     ] Safepoint synchronization initiated. (187 threads)
[2023-10-31T09:04:22.550+0000][2229.843s][info ][safepoint     ] Application time: 1.0008851 seconds
[2023-10-31T09:04:22.551+0000][2229.844s][info ][safepoint     ] Entering safepoint region: Cleanup
[2023-10-31T09:04:22.552+0000][2229.844s][info ][safepoint     ] Leaving safepoint region
[2023-10-31T09:04:22.552+0000][2229.845s][info ][safepoint     ] Total time for which application threads were stopped: 0.0011662 seconds, Stopping threads took: 0.0005362 seconds
[2023-10-31T09:04:23.553+0000][2230.845s][debug][safepoint     ] Safepoint synchronization initiated. (187 threads)
[2023-10-31T09:04:23.553+0000][2230.846s][info ][safepoint     ] Application time: 1.0006879 seconds
[2023-10-31T09:04:23.554+0000][2230.846s][info ][safepoint     ] Entering safepoint region: Cleanup
[2023-10-31T09:04:23.554+0000][2230.847s][info ][safepoint     ] Leaving safepoint region
[2023-10-31T09:04:23.555+0000][2230.847s][info ][safepoint     ] Total time for which application threads were stopped: 0.0010288 seconds, Stopping threads took: 0.0004031 seconds
[2023-10-31T09:04:24.555+0000][2231.848s][debug][safepoint     ] Safepoint synchronization initiated. (187 threads)
[2023-10-31T09:04:24.556+0000][2231.849s][info ][safepoint     ] Application time: 1.0014793 seconds
[2023-10-31T09:04:24.557+0000][2231.850s][info ][safepoint     ] Entering safepoint region: Cleanup
[2023-10-31T09:04:24.558+0000][2231.851s][info ][safepoint     ] Leaving safepoint region
[2023-10-31T09:04:24.559+0000][2231.852s][info ][safepoint     ] Total time for which application threads were stopped: 0.0019947 seconds, Stopping threads took: 0.0008487 seconds
[2023-10-31T09:04:25.560+0000][2232.853s][debug][safepoint     ] Safepoint synchronization initiated. (187 threads)
[2023-10-31T09:04:25.561+0000][2232.854s][info ][safepoint     ] Application time: 1.0009255 seconds
[2023-10-31T09:04:25.561+0000][2232.854s][info ][safepoint     ] Entering safepoint region: Cleanup
[2023-10-31T09:04:25.562+0000][2232.855s][info ][safepoint     ] Leaving safepoint region
[2023-10-31T09:04:25.562+0000][2232.855s][info ][safepoint     ] Total time for which application threads were stopped: 0.0010602 seconds, Stopping threads took: 0.0004526 seconds
[2023-10-31T09:04:26.563+0000][2233.856s][debug][safepoint     ] Safepoint synchronization initiated. (187 threads)
[2023-10-31T09:04:26.564+0000][2233.857s][info ][safepoint     ] Application time: 1.0015112 seconds
[2023-10-31T09:04:26.565+0000][2233.858s][info ][safepoint     ] Entering safepoint region: Cleanup
[2023-10-31T09:04:26.567+0000][2233.859s][info ][safepoint     ] Leaving safepoint region
[2023-10-31T09:04:26.567+0000][2233.860s][info ][safepoint     ] Total time for which application threads were stopped: 0.0023488 seconds, Stopping threads took: 0.0010780 seconds
[2023-10-31T09:04:27.568+0000][2234.861s][debug][safepoint     ] Safepoint synchronization initiated. (187 threads)
[2023-10-31T09:04:27.569+0000][2234.862s][info ][safepoint     ] Application time: 1.0006698 seconds
[2023-10-31T09:04:27.569+0000][2234.862s][info ][safepoint     ] Entering safepoint region: Cleanup
[2023-10-31T09:04:27.570+0000][2234.863s][info ][safepoint     ] Leaving safepoint region
[2023-10-31T09:04:27.570+0000][2234.863s][info ][safepoint     ] Total time for which application threads were stopped: 0.0011147 seconds, Stopping threads took: 0.0004681 seconds
[2023-10-31T09:04:28.571+0000][2235.864s][debug][safepoint     ] Safepoint synchronization initiated. (187 threads)
[2023-10-31T09:04:28.572+0000][2235.865s][info ][safepoint     ] Application time: 1.0009625 seconds
[2023-10-31T09:04:28.572+0000][2235.865s][info ][safepoint     ] Entering safepoint region: Cleanup
[2023-10-31T09:04:28.573+0000][2235.866s][info ][safepoint     ] Leaving safepoint region
[2023-10-31T09:04:28.574+0000][2235.867s][info ][safepoint     ] Total time for which application threads were stopped: 0.0015950 seconds, Stopping threads took: 0.0007731 seconds
[2023-10-31T09:04:29.575+0000][2236.868s][debug][safepoint     ] Safepoint synchronization initiated. (187 threads)
[2023-10-31T09:04:29.576+0000][2236.869s][info ][safepoint     ] Application time: 1.0014110 seconds
[2023-10-31T09:04:29.577+0000][2236.870s][info ][safepoint     ] Entering safepoint region: Cleanup
[2023-10-31T09:04:29.578+0000][2236.871s][info ][safepoint     ] Leaving safepoint region
[2023-10-31T09:04:29.579+0000][2236.872s][info ][safepoint     ] Total time for which application threads were stopped: 0.0020836 seconds, Stopping threads took: 0.0008703 seconds
[2023-10-31T09:04:30.580+0000][2237.873s][debug][safepoint     ] Safepoint synchronization initiated. (187 threads)
[2023-10-31T09:04:30.581+0000][2237.873s][info ][safepoint     ] Application time: 1.0007722 seconds
[2023-10-31T09:04:30.581+0000][2237.874s][info ][safepoint     ] Entering safepoint region: Cleanup
[2023-10-31T09:04:30.582+0000][2237.875s][info ][safepoint     ] Leaving safepoint region
[2023-10-31T09:04:30.582+0000][2237.875s][info ][safepoint     ] Total time for which application threads were stopped: 0.0012901 seconds, Stopping threads took: 0.0005299 seconds
[2023-10-31T09:04:31.583+0000][2238.876s][debug][safepoint     ] Safepoint synchronization initiated. (187 threads)
[2023-10-31T09:04:31.584+0000][2238.877s][info ][safepoint     ] Application time: 1.0008407 seconds
[2023-10-31T09:04:31.584+0000][2238.877s][info ][safepoint     ] Entering safepoint region: Cleanup
[2023-10-31T09:04:31.585+0000][2238.878s][info ][safepoint     ] Leaving safepoint region
[2023-10-31T09:04:31.585+0000][2238.878s][info ][safepoint     ] Total time for which application threads were stopped: 0.0012190 seconds, Stopping threads took: 0.0005156 seconds
[2023-10-31T09:04:32.586+0000][2239.879s][debug][safepoint     ] Safepoint synchronization initiated. (187 threads)
[2023-10-31T09:04:32.587+0000][2239.880s][info ][safepoint     ] Application time: 1.0010677 seconds
[2023-10-31T09:04:32.588+0000][2239.881s][info ][safepoint     ] Entering safepoint region: Cleanup
[2023-10-31T09:04:32.588+0000][2239.881s][info ][safepoint     ] Leaving safepoint region
[2023-10-31T09:04:32.589+0000][2239.882s][info ][safepoint     ] Total time for which application threads were stopped: 0.0012531 seconds, Stopping threads took: 0.0005743 seconds
[2023-10-31T09:04:33.589+0000][2240.882s][debug][safepoint     ] Safepoint synchronization initiated. (187 threads)
[2023-10-31T09:04:33.590+0000][2240.883s][info ][safepoint     ] Application time: 1.0008866 seconds
[2023-10-31T09:04:33.591+0000][2240.884s][info ][safepoint     ] Entering safepoint region: Cleanup
[2023-10-31T09:04:33.592+0000][2240.885s][info ][safepoint     ] Leaving safepoint region
[2023-10-31T09:04:33.592+0000][2240.885s][info ][safepoint     ] Total time for which application threads were stopped: 0.0014132 seconds, Stopping threads took: 0.0006270 seconds
[2023-10-31T09:04:34.593+0000][2241.886s][debug][safepoint     ] Safepoint synchronization initiated. (187 threads)
[2023-10-31T09:04:34.594+0000][2241.887s][info ][safepoint     ] Application time: 1.0009616 seconds
[2023-10-31T09:04:34.594+0000][2241.887s][info ][safepoint     ] Entering safepoint region: Cleanup
[2023-10-31T09:04:34.595+0000][2241.888s][info ][safepoint     ] Leaving safepoint region
[2023-10-31T09:04:34.596+0000][2241.889s][info ][safepoint     ] Total time for which application threads were stopped: 0.0013857 seconds, Stopping threads took: 0.0006168 seconds
[2023-10-31T09:04:35.596+0000][2242.889s][debug][safepoint     ] Safepoint synchronization initiated. (187 threads)
[2023-10-31T09:04:35.597+0000][2242.890s][info ][safepoint     ] Application time: 1.0005202 seconds
[2023-10-31T09:04:35.597+0000][2242.890s][info ][safepoint     ] Entering safepoint region: Cleanup
[2023-10-31T09:04:35.598+0000][2242.890s][info ][safepoint     ] Leaving safepoint region
[2023-10-31T09:04:35.598+0000][2242.891s][info ][safepoint     ] Total time for which application threads were stopped: 0.0009699 seconds, Stopping threads took: 0.0003351 seconds
[2023-10-31T09:04:36.599+0000][2243.892s][debug][safepoint     ] Safepoint synchronization initiated. (187 threads)
[2023-10-31T09:04:36.599+0000][2243.892s][info ][safepoint     ] Application time: 1.0010236 seconds
[2023-10-31T09:04:36.600+0000][2243.893s][info ][safepoint     ] Entering safepoint region: Cleanup
[2023-10-31T09:04:36.601+0000][2243.894s][info ][safepoint     ] Leaving safepoint region
[2023-10-31T09:04:36.602+0000][2243.895s][info ][safepoint     ] Total time for which application threads were stopped: 0.0018702 seconds, Stopping threads took: 0.0007542 seconds
[2023-10-31T09:04:37.603+0000][2244.896s][debug][safepoint     ] Safepoint synchronization initiated. (187 threads)
[2023-10-31T09:04:37.603+0000][2244.896s][info ][safepoint     ] Application time: 1.0006647 seconds
[2023-10-31T09:04:37.604+0000][2244.897s][info ][safepoint     ] Entering safepoint region: Cleanup
[2023-10-31T09:04:37.605+0000][2244.897s][info ][safepoint     ] Leaving safepoint region
[2023-10-31T09:04:37.605+0000][2244.898s][info ][safepoint     ] Total time for which application threads were stopped: 0.0010362 seconds, Stopping threads took: 0.0004782 seconds
[2023-10-31T09:04:38.605+0000][2245.898s][debug][safepoint     ] Safepoint synchronization initiated. (187 threads)
[2023-10-31T09:04:38.606+0000][2245.899s][info ][safepoint     ] Application time: 1.0010380 seconds
[2023-10-31T09:04:38.608+0000][2245.901s][info ][safepoint     ] Entering safepoint region: Cleanup
[2023-10-31T09:04:38.609+0000][2245.902s][info ][safepoint     ] Leaving safepoint region
[2023-10-31T09:04:38.610+0000][2245.902s][info ][safepoint     ] Total time for which application threads were stopped: 0.0017848 seconds, Stopping threads took: 0.0009515 seconds
[2023-10-31T09:04:39.611+0000][2246.903s][debug][safepoint     ] Safepoint synchronization initiated. (187 threads)
[2023-10-31T09:04:39.611+0000][2246.904s][info ][safepoint     ] Application time: 1.0010734 seconds
[2023-10-31T09:04:39.612+0000][2246.905s][info ][safepoint     ] Entering safepoint region: Cleanup
[2023-10-31T09:04:39.613+0000][2246.906s][info ][safepoint     ] Leaving safepoint region
[2023-10-31T09:04:39.614+0000][2246.907s][info ][safepoint     ] Total time for which application threads were stopped: 0.0018389 seconds, Stopping threads took: 0.0008369 seconds
[2023-10-31T09:04:40.615+0000][2247.908s][debug][safepoint     ] Safepoint synchronization initiated. (187 threads)
[2023-10-31T09:04:40.617+0000][2247.910s][info ][safepoint     ] Application time: 1.0023576 seconds
[2023-10-31T09:04:40.620+0000][2247.913s][info ][safepoint     ] Entering safepoint region: Cleanup
[2023-10-31T09:04:40.633+0000][2247.925s][info ][safepoint     ] Leaving safepoint region
[2023-10-31T09:04:40.641+0000][2247.934s][info ][safepoint     ] Total time for which application threads were stopped: 0.0212952 seconds, Stopping threads took: 0.0050671 seconds
[2023-10-31T09:04:41.645+0000][2248.938s][debug][safepoint     ] Safepoint synchronization initiated. (187 threads)
[2023-10-31T09:04:41.647+0000][2248.940s][info ][safepoint     ] Application time: 1.0016263 seconds
[2023-10-31T09:04:41.648+0000][2248.941s][info ][safepoint     ] Entering safepoint region: Cleanup
[2023-10-31T09:04:41.649+0000][2248.942s][info ][safepoint     ] Leaving safepoint region
[2023-10-31T09:04:41.650+0000][2248.943s][info ][safepoint     ] Total time for which application threads were stopped: 0.0021026 seconds, Stopping threads took: 0.0008848 seconds
[2023-10-31T09:04:42.651+0000][2249.944s][debug][safepoint     ] Safepoint synchronization initiated. (187 threads)
[2023-10-31T09:04:42.652+0000][2249.945s][info ][safepoint     ] Application time: 1.0009825 seconds
[2023-10-31T09:04:42.653+0000][2249.946s][info ][safepoint     ] Entering safepoint region: Cleanup
[2023-10-31T09:04:42.654+0000][2249.947s][info ][safepoint     ] Leaving safepoint region
[2023-10-31T09:04:42.654+0000][2249.947s][info ][safepoint     ] Total time for which application threads were stopped: 0.0017318 seconds, Stopping threads took: 0.0008054 seconds
[2023-10-31T09:04:43.655+0000][2250.948s][debug][safepoint     ] Safepoint synchronization initiated. (187 threads)
[2023-10-31T09:04:43.656+0000][2250.949s][info ][safepoint     ] Application time: 1.0006850 seconds
[2023-10-31T09:04:43.656+0000][2250.949s][info ][safepoint     ] Entering safepoint region: Cleanup
[2023-10-31T09:04:43.657+0000][2250.950s][info ][safepoint     ] Leaving safepoint region
[2023-10-31T09:04:43.657+0000][2250.950s][info ][safepoint     ] Total time for which application threads were stopped: 0.0011258 seconds, Stopping threads took: 0.0005004 seconds
[2023-10-31T09:04:44.658+0000][2251.951s][debug][safepoint     ] Safepoint synchronization initiated. (187 threads)
[2023-10-31T09:04:44.659+0000][2251.952s][info ][safepoint     ] Application time: 1.0014370 seconds
[2023-10-31T09:04:44.660+0000][2251.953s][info ][safepoint     ] Entering safepoint region: Cleanup
[2023-10-31T09:04:44.661+0000][2251.954s][info ][safepoint     ] Leaving safepoint region
[2023-10-31T09:04:44.662+0000][2251.955s][info ][safepoint     ] Total time for which application threads were stopped: 0.0018465 seconds, Stopping threads took: 0.0009055 seconds
[2023-10-31T09:04:45.663+0000][2252.956s][debug][safepoint     ] Safepoint synchronization initiated. (187 threads)
[2023-10-31T09:04:45.663+0000][2252.956s][info ][safepoint     ] Application time: 1.0008146 seconds
[2023-10-31T09:04:45.664+0000][2252.957s][info ][safepoint     ] Entering safepoint region: Cleanup
[2023-10-31T09:04:45.665+0000][2252.957s][info ][safepoint     ] Leaving safepoint region
[2023-10-31T09:04:45.665+0000][2252.958s][info ][safepoint     ] Total time for which application threads were stopped: 0.0012160 seconds, Stopping threads took: 0.0005016 seconds
[2023-10-31T09:04:46.666+0000][2253.959s][debug][safepoint     ] Safepoint synchronization initiated. (187 threads)
[2023-10-31T09:04:46.667+0000][2253.960s][info ][safepoint     ] Application time: 1.0014039 seconds
[2023-10-31T09:04:46.668+0000][2253.961s][info ][safepoint     ] Entering safepoint region: Cleanup
[2023-10-31T09:04:46.669+0000][2253.962s][info ][safepoint     ] Leaving safepoint region
[2023-10-31T09:04:46.670+0000][2253.963s][info ][safepoint     ] Total time for which application threads were stopped: 0.0023072 seconds, Stopping threads took: 0.0010552 seconds
[2023-10-31T09:04:47.672+0000][2254.965s][debug][safepoint     ] Safepoint synchronization initiated. (187 threads)
[2023-10-31T09:04:47.673+0000][2254.966s][info ][safepoint     ] Application time: 1.0017942 seconds
[2023-10-31T09:04:47.674+0000][2254.967s][info ][safepoint     ] Entering safepoint region: Cleanup
[2023-10-31T09:04:47.675+0000][2254.968s][info ][safepoint     ] Leaving safepoint region
[2023-10-31T09:04:47.676+0000][2254.969s][info ][safepoint     ] Total time for which application threads were stopped: 0.0022838 seconds, Stopping threads took: 0.0010137 seconds
[2023-10-31T09:04:48.678+0000][2255.971s][debug][safepoint     ] Safepoint synchronization initiated. (187 threads)
[2023-10-31T09:04:48.679+0000][2255.972s][info ][safepoint     ] Application time: 1.0014126 seconds
[2023-10-31T09:04:48.680+0000][2255.973s][info ][safepoint     ] Entering safepoint region: Cleanup
[2023-10-31T09:04:48.681+0000][2255.974s][info ][safepoint     ] Leaving safepoint region
[2023-10-31T09:04:48.682+0000][2255.975s][info ][safepoint     ] Total time for which application threads were stopped: 0.0020816 seconds, Stopping threads took: 0.0008560 seconds
[2023-10-31T09:04:49.683+0000][2256.976s][debug][safepoint     ] Safepoint synchronization initiated. (187 threads)
[2023-10-31T09:04:49.684+0000][2256.977s][info ][safepoint     ] Application time: 1.0010834 seconds
[2023-10-31T09:04:49.684+0000][2256.977s][info ][safepoint     ] Entering safepoint region: Cleanup
[2023-10-31T09:04:49.685+0000][2256.978s][info ][safepoint     ] Leaving safepoint region
[2023-10-31T09:04:49.686+0000][2256.978s][info ][safepoint     ] Total time for which application threads were stopped: 0.0014077 seconds, Stopping threads took: 0.0005086 seconds
[2023-10-31T09:04:50.686+0000][2257.979s][debug][safepoint     ] Safepoint synchronization initiated. (187 threads)
[2023-10-31T09:04:50.687+0000][2257.980s][info ][safepoint     ] Application time: 1.0012113 seconds
[2023-10-31T09:04:50.688+0000][2257.981s][info ][safepoint     ] Entering safepoint region: Cleanup
[2023-10-31T09:04:50.690+0000][2257.982s][info ][safepoint     ] Leaving safepoint region
[2023-10-31T09:04:50.690+0000][2257.983s][info ][safepoint     ] Total time for which application threads were stopped: 0.0019302 seconds, Stopping threads took: 0.0009755 seconds
[2023-10-31T09:04:51.691+0000][2258.984s][debug][safepoint     ] Safepoint synchronization initiated. (187 threads)
[2023-10-31T09:04:51.692+0000][2258.985s][info ][safepoint     ] Application time: 1.0012968 seconds
[2023-10-31T09:04:51.693+0000][2258.986s][info ][safepoint     ] Entering safepoint region: Cleanup
[2023-10-31T09:04:51.694+0000][2258.987s][info ][safepoint     ] Leaving safepoint region
[2023-10-31T09:04:51.695+0000][2258.988s][info ][safepoint     ] Total time for which application threads were stopped: 0.0019815 seconds, Stopping threads took: 0.0008323 seconds
[2023-10-31T09:04:52.696+0000][2259.989s][debug][safepoint     ] Safepoint synchronization initiated. (187 threads)
[2023-10-31T09:04:52.697+0000][2259.990s][info ][safepoint     ] Application time: 1.0012350 seconds
[2023-10-31T09:04:52.698+0000][2259.991s][info ][safepoint     ] Entering safepoint region: Cleanup
[2023-10-31T09:04:52.699+0000][2259.992s][info ][safepoint     ] Leaving safepoint region
[2023-10-31T09:04:52.699+0000][2259.992s][info ][safepoint     ] Total time for which application threads were stopped: 0.0016063 seconds, Stopping threads took: 0.0006782 seconds
[2023-10-31T09:04:53.700+0000][2260.993s][debug][safepoint     ] Safepoint synchronization initiated. (187 threads)
[2023-10-31T09:04:53.701+0000][2260.994s][info ][safepoint     ] Application time: 1.0010706 seconds
[2023-10-31T09:04:53.702+0000][2260.995s][info ][safepoint     ] Entering safepoint region: Cleanup
[2023-10-31T09:04:53.703+0000][2260.995s][info ][safepoint     ] Leaving safepoint region
[2023-10-31T09:04:53.703+0000][2260.996s][info ][safepoint     ] Total time for which application threads were stopped: 0.0014776 seconds, Stopping threads took: 0.0006616 seconds
[2023-10-31T09:04:54.704+0000][2261.997s][debug][safepoint     ] Safepoint synchronization initiated. (187 threads)
[2023-10-31T09:04:54.704+0000][2261.997s][info ][safepoint     ] Application time: 1.0005411 seconds
[2023-10-31T09:04:54.705+0000][2261.998s][info ][safepoint     ] Entering safepoint region: Cleanup
[2023-10-31T09:04:54.705+0000][2261.998s][info ][safepoint     ] Leaving safepoint region
[2023-10-31T09:04:54.705+0000][2261.998s][info ][safepoint     ] Total time for which application threads were stopped: 0.0008939 seconds, Stopping threads took: 0.0003485 seconds
[2023-10-31T09:04:55.706+0000][2262.999s][debug][safepoint     ] Safepoint synchronization initiated. (187 threads)
[2023-10-31T09:04:55.706+0000][2262.999s][info ][safepoint     ] Application time: 1.0007137 seconds
[2023-10-31T09:04:55.707+0000][2263.000s][info ][safepoint     ] Entering safepoint region: Cleanup
[2023-10-31T09:04:55.708+0000][2263.000s][info ][safepoint     ] Leaving safepoint region
[2023-10-31T09:04:55.708+0000][2263.001s][info ][safepoint     ] Total time for which application threads were stopped: 0.0010216 seconds, Stopping threads took: 0.0004322 seconds
[2023-10-31T09:04:56.709+0000][2264.001s][debug][safepoint     ] Safepoint synchronization initiated. (187 threads)
[2023-10-31T09:04:56.709+0000][2264.002s][info ][safepoint     ] Application time: 1.0005616 seconds
[2023-10-31T09:04:56.709+0000][2264.002s][info ][safepoint     ] Entering safepoint region: Cleanup
[2023-10-31T09:04:56.710+0000][2264.003s][info ][safepoint     ] Leaving safepoint region
[2023-10-31T09:04:56.710+0000][2264.003s][info ][safepoint     ] Total time for which application threads were stopped: 0.0007344 seconds, Stopping threads took: 0.0002649 seconds
[2023-10-31T09:04:57.710+0000][2265.003s][debug][safepoint     ] Safepoint synchronization initiated. (187 threads)
[2023-10-31T09:04:57.711+0000][2265.004s][info ][safepoint     ] Application time: 1.0007615 seconds
[2023-10-31T09:04:57.711+0000][2265.004s][info ][safepoint     ] Entering safepoint region: Cleanup
[2023-10-31T09:04:57.712+0000][2265.005s][info ][safepoint     ] Leaving safepoint region
[2023-10-31T09:04:57.712+0000][2265.005s][info ][safepoint     ] Total time for which application threads were stopped: 0.0010675 seconds, Stopping threads took: 0.0004598 seconds
[2023-10-31T09:04:58.713+0000][2266.006s][debug][safepoint     ] Safepoint synchronization initiated. (187 threads)
[2023-10-31T09:04:58.713+0000][2266.006s][info ][safepoint     ] Application time: 1.0005364 seconds
[2023-10-31T09:04:58.714+0000][2266.007s][info ][safepoint     ] Entering safepoint region: Cleanup
[2023-10-31T09:04:58.714+0000][2266.007s][info ][safepoint     ] Leaving safepoint region
[2023-10-31T09:04:58.714+0000][2266.007s][info ][safepoint     ] Total time for which application threads were stopped: 0.0008021 seconds, Stopping threads took: 0.0003796 seconds
[2023-10-31T09:04:59.715+0000][2267.008s][debug][safepoint     ] Safepoint synchronization initiated. (187 threads)
[2023-10-31T09:04:59.715+0000][2267.008s][info ][safepoint     ] Application time: 1.0005465 seconds
[2023-10-31T09:04:59.716+0000][2267.009s][info ][safepoint     ] Entering safepoint region: Cleanup
[2023-10-31T09:04:59.716+0000][2267.009s][info ][safepoint     ] Leaving safepoint region
[2023-10-31T09:04:59.716+0000][2267.009s][info ][safepoint     ] Total time for which application threads were stopped: 0.0007947 seconds, Stopping threads took: 0.0003367 seconds
[2023-10-31T09:05:00.717+0000][2268.010s][debug][safepoint     ] Safepoint synchronization initiated. (187 threads)
[2023-10-31T09:05:00.717+0000][2268.010s][info ][safepoint     ] Application time: 1.0007590 seconds
[2023-10-31T09:05:00.718+0000][2268.011s][info ][safepoint     ] Entering safepoint region: Cleanup
[2023-10-31T09:05:00.718+0000][2268.011s][info ][safepoint     ] Leaving safepoint region
[2023-10-31T09:05:00.719+0000][2268.012s][info ][safepoint     ] Total time for which application threads were stopped: 0.0010455 seconds, Stopping threads took: 0.0004001 seconds
[2023-10-31T09:05:01.720+0000][2269.012s][debug][safepoint     ] Safepoint synchronization initiated. (187 threads)
[2023-10-31T09:05:01.721+0000][2269.014s][info ][safepoint     ] Application time: 1.0013066 seconds
[2023-10-31T09:05:01.721+0000][2269.014s][info ][safepoint     ] Entering safepoint region: Cleanup
[2023-10-31T09:05:01.722+0000][2269.015s][info ][safepoint     ] Leaving safepoint region
[2023-10-31T09:05:01.722+0000][2269.015s][info ][safepoint     ] Total time for which application threads were stopped: 0.0010992 seconds, Stopping threads took: 0.0004963 seconds
[2023-10-31T09:05:02.723+0000][2270.016s][debug][safepoint     ] Safepoint synchronization initiated. (187 threads)
[2023-10-31T09:05:02.723+0000][2270.016s][info ][safepoint     ] Application time: 1.0004956 seconds
[2023-10-31T09:05:02.723+0000][2270.016s][info ][safepoint     ] Entering safepoint region: Cleanup
[2023-10-31T09:05:02.724+0000][2270.017s][info ][safepoint     ] Leaving safepoint region
[2023-10-31T09:05:02.724+0000][2270.017s][info ][safepoint     ] Total time for which application threads were stopped: 0.0007787 seconds, Stopping threads took: 0.0003329 seconds
[2023-10-31T09:05:03.725+0000][2271.018s][debug][safepoint     ] Safepoint synchronization initiated. (187 threads)
[2023-10-31T09:05:03.725+0000][2271.018s][info ][safepoint     ] Application time: 1.0008448 seconds
[2023-10-31T09:05:03.726+0000][2271.019s][info ][safepoint     ] Entering safepoint region: Cleanup
[2023-10-31T09:05:03.726+0000][2271.019s][info ][safepoint     ] Leaving safepoint region
[2023-10-31T09:05:03.727+0000][2271.019s][info ][safepoint     ] Total time for which application threads were stopped: 0.0008244 seconds, Stopping threads took: 0.0003764 seconds
[2023-10-31T09:05:04.727+0000][2272.020s][debug][safepoint     ] Safepoint synchronization initiated. (187 threads)
[2023-10-31T09:05:04.728+0000][2272.021s][info ][safepoint     ] Application time: 1.0016250 seconds
[2023-10-31T09:05:04.730+0000][2272.023s][info ][safepoint     ] Entering safepoint region: Cleanup
[2023-10-31T09:05:04.731+0000][2272.024s][info ][safepoint     ] Leaving safepoint region
[2023-10-31T09:05:04.732+0000][2272.025s][info ][safepoint     ] Total time for which application threads were stopped: 0.0021271 seconds, Stopping threads took: 0.0009756 seconds
[2023-10-31T09:05:05.733+0000][2273.026s][debug][safepoint     ] Safepoint synchronization initiated. (187 threads)
[2023-10-31T09:05:05.733+0000][2273.026s][info ][safepoint     ] Application time: 1.0009130 seconds
[2023-10-31T09:05:05.734+0000][2273.027s][info ][safepoint     ] Entering safepoint region: Cleanup
[2023-10-31T09:05:05.735+0000][2273.028s][info ][safepoint     ] Leaving safepoint region
[2023-10-31T09:05:05.735+0000][2273.028s][info ][safepoint     ] Total time for which application threads were stopped: 0.0010743 seconds, Stopping threads took: 0.0005344 seconds
[2023-10-31T09:05:06.736+0000][2274.029s][debug][safepoint     ] Safepoint synchronization initiated. (187 threads)
[2023-10-31T09:05:06.736+0000][2274.029s][info ][safepoint     ] Application time: 1.0008062 seconds
[2023-10-31T09:05:06.737+0000][2274.030s][info ][safepoint     ] Entering safepoint region: Cleanup
[2023-10-31T09:05:06.737+0000][2274.030s][info ][safepoint     ] Leaving safepoint region
[2023-10-31T09:05:06.738+0000][2274.031s][info ][safepoint     ] Total time for which application threads were stopped: 0.0010423 seconds, Stopping threads took: 0.0004559 seconds
[2023-10-31T09:05:07.738+0000][2275.031s][debug][safepoint     ] Safepoint synchronization initiated. (187 threads)
[2023-10-31T09:05:07.739+0000][2275.032s][info ][safepoint     ] Application time: 1.0006833 seconds
[2023-10-31T09:05:07.739+0000][2275.032s][info ][safepoint     ] Entering safepoint region: Cleanup
[2023-10-31T09:05:07.740+0000][2275.033s][info ][safepoint     ] Leaving safepoint region
[2023-10-31T09:05:07.740+0000][2275.033s][info ][safepoint     ] Total time for which application threads were stopped: 0.0008853 seconds, Stopping threads took: 0.0004758 seconds
[2023-10-31T09:05:08.740+0000][2276.033s][debug][safepoint     ] Safepoint synchronization initiated. (187 threads)
[2023-10-31T09:05:08.742+0000][2276.035s][info ][safepoint     ] Application time: 1.0014013 seconds
[2023-10-31T09:05:08.742+0000][2276.035s][info ][safepoint     ] Entering safepoint region: Cleanup
[2023-10-31T09:05:08.743+0000][2276.036s][info ][safepoint     ] Leaving safepoint region
[2023-10-31T09:05:08.744+0000][2276.037s][info ][safepoint     ] Total time for which application threads were stopped: 0.0016864 seconds, Stopping threads took: 0.0007689 seconds
[2023-10-31T09:05:09.745+0000][2277.038s][debug][safepoint     ] Safepoint synchronization initiated. (187 threads)
[2023-10-31T09:05:09.746+0000][2277.039s][info ][safepoint     ] Application time: 1.0015312 seconds
[2023-10-31T09:05:09.747+0000][2277.040s][info ][safepoint     ] Entering safepoint region: Cleanup
[2023-10-31T09:05:09.749+0000][2277.042s][info ][safepoint     ] Leaving safepoint region
[2023-10-31T09:05:09.749+0000][2277.042s][info ][safepoint     ] Total time for which application threads were stopped: 0.0021480 seconds, Stopping threads took: 0.0009547 seconds
[2023-10-31T09:05:10.750+0000][2278.043s][debug][safepoint     ] Safepoint synchronization initiated. (187 threads)
[2023-10-31T09:05:10.751+0000][2278.044s][info ][safepoint     ] Application time: 1.0006461 seconds
[2023-10-31T09:05:10.751+0000][2278.044s][info ][safepoint     ] Entering safepoint region: Cleanup
[2023-10-31T09:05:10.752+0000][2278.045s][info ][safepoint     ] Leaving safepoint region
[2023-10-31T09:05:10.752+0000][2278.045s][info ][safepoint     ] Total time for which application threads were stopped: 0.0008486 seconds, Stopping threads took: 0.0003690 seconds
[2023-10-31T09:05:11.752+0000][2279.045s][debug][safepoint     ] Safepoint synchronization initiated. (187 threads)
[2023-10-31T09:05:11.753+0000][2279.046s][info ][safepoint     ] Application time: 1.0007064 seconds
[2023-10-31T09:05:11.753+0000][2279.046s][info ][safepoint     ] Entering safepoint region: Cleanup
[2023-10-31T09:05:11.754+0000][2279.047s][info ][safepoint     ] Leaving safepoint region
[2023-10-31T09:05:11.754+0000][2279.047s][info ][safepoint     ] Total time for which application threads were stopped: 0.0007947 seconds, Stopping threads took: 0.0003612 seconds
[2023-10-31T09:05:12.754+0000][2280.047s][debug][safepoint     ] Safepoint synchronization initiated. (187 threads)
[2023-10-31T09:05:12.755+0000][2280.048s][info ][safepoint     ] Application time: 1.0005629 seconds
[2023-10-31T09:05:12.755+0000][2280.048s][info ][safepoint     ] Entering safepoint region: Cleanup
[2023-10-31T09:05:12.756+0000][2280.049s][info ][safepoint     ] Leaving safepoint region
[2023-10-31T09:05:12.756+0000][2280.049s][info ][safepoint     ] Total time for which application threads were stopped: 0.0008215 seconds, Stopping threads took: 0.0003173 seconds
[2023-10-31T09:05:12.756+0000][2280.049s][debug][safepoint     ] ... found polling page return exception at pc = 0x00007f62e89d70c4, stub =0x00007f62e0840600
[2023-10-31T09:05:12.756+0000][2280.049s][debug][safepoint     ] ... found polling page return exception at pc = 0x00007f62e89d70c4, stub =0x00007f62e0840600
[2023-10-31T09:05:12.756+0000][2280.049s][debug][safepoint     ] ... found polling page return exception at pc = 0x00007f62e89d70c4, stub =0x00007f62e0840600
[2023-10-31T09:05:12.756+0000][2280.049s][debug][safepoint     ] ... found polling page return exception at pc = 0x00007f62e89d70c4, stub =0x00007f62e0840600
[2023-10-31T09:05:12.756+0000][2280.049s][debug][safepoint     ] ... found polling page return exception at pc = 0x00007f62e89d70c4, stub =0x00007f62e0840600
[2023-10-31T09:05:12.756+0000][2280.049s][debug][safepoint     ] ... found polling page return exception at pc = 0x00007f62e89d70c4, stub =0x00007f62e0840600
[2023-10-31T09:05:12.756+0000][2280.049s][debug][safepoint     ] ... found polling page return exception at pc = 0x00007f62e89d70c4, stub =0x00007f62e0840600
[2023-10-31T09:05:13.757+0000][2281.049s][debug][safepoint     ] Safepoint synchronization initiated. (187 threads)
[2023-10-31T09:05:13.757+0000][2281.050s][info ][safepoint     ] Application time: 1.0010622 seconds
[2023-10-31T09:05:13.758+0000][2281.051s][info ][safepoint     ] Entering safepoint region: Cleanup
[2023-10-31T09:05:13.759+0000][2281.052s][info ][safepoint     ] Leaving safepoint region
[2023-10-31T09:05:13.759+0000][2281.052s][info ][safepoint     ] Total time for which application threads were stopped: 0.0012279 seconds, Stopping threads took: 0.0005350 seconds
[2023-10-31T09:05:14.760+0000][2282.053s][debug][safepoint     ] Safepoint synchronization initiated. (187 threads)
[2023-10-31T09:05:14.760+0000][2282.053s][info ][safepoint     ] Application time: 1.0006673 seconds
[2023-10-31T09:05:14.761+0000][2282.054s][info ][safepoint     ] Entering safepoint region: Cleanup
[2023-10-31T09:05:14.761+0000][2282.054s][info ][safepoint     ] Leaving safepoint region
[2023-10-31T09:05:14.762+0000][2282.055s][info ][safepoint     ] Total time for which application threads were stopped: 0.0009354 seconds, Stopping threads took: 0.0003917 seconds
[2023-10-31T09:05:15.762+0000][2283.055s][debug][safepoint     ] Safepoint synchronization initiated. (187 threads)
[2023-10-31T09:05:15.763+0000][2283.056s][info ][safepoint     ] Application time: 1.0008627 seconds
[2023-10-31T09:05:15.763+0000][2283.056s][info ][safepoint     ] Entering safepoint region: Cleanup
[2023-10-31T09:05:15.764+0000][2283.057s][info ][safepoint     ] Leaving safepoint region
[2023-10-31T09:05:15.765+0000][2283.057s][info ][safepoint     ] Total time for which application threads were stopped: 0.0011368 seconds, Stopping threads took: 0.0004734 seconds
[2023-10-31T09:05:16.765+0000][2284.058s][debug][safepoint     ] Safepoint synchronization initiated. (187 threads)
[2023-10-31T09:05:16.766+0000][2284.059s][info ][safepoint     ] Application time: 1.0008922 seconds
[2023-10-31T09:05:16.767+0000][2284.059s][info ][safepoint     ] Entering safepoint region: Cleanup
[2023-10-31T09:05:16.767+0000][2284.060s][info ][safepoint     ] Leaving safepoint region
[2023-10-31T09:05:16.768+0000][2284.061s][info ][safepoint     ] Total time for which application threads were stopped: 0.0012736 seconds, Stopping threads took: 0.0006162 seconds
[2023-10-31T09:05:17.769+0000][2285.062s][debug][safepoint     ] Safepoint synchronization initiated. (187 threads)
[2023-10-31T09:05:17.769+0000][2285.062s][info ][safepoint     ] Application time: 1.0011138 seconds
[2023-10-31T09:05:17.770+0000][2285.063s][info ][safepoint     ] Entering safepoint region: Cleanup
[2023-10-31T09:05:17.771+0000][2285.064s][info ][safepoint     ] Leaving safepoint region
[2023-10-31T09:05:17.772+0000][2285.065s][info ][safepoint     ] Total time for which application threads were stopped: 0.0017187 seconds, Stopping threads took: 0.0007045 seconds
[2023-10-31T09:05:18.773+0000][2286.066s][debug][safepoint     ] Safepoint synchronization initiated. (187 threads)
[2023-10-31T09:05:18.774+0000][2286.066s][info ][safepoint     ] Application time: 1.0012341 seconds
[2023-10-31T09:05:18.774+0000][2286.067s][info ][safepoint     ] Entering safepoint region: Cleanup
[2023-10-31T09:05:18.775+0000][2286.068s][info ][safepoint     ] Leaving safepoint region
[2023-10-31T09:05:18.776+0000][2286.069s][info ][safepoint     ] Total time for which application threads were stopped: 0.0014669 seconds, Stopping threads took: 0.0006686 seconds
[2023-10-31T09:05:19.776+0000][2287.069s][debug][safepoint     ] Safepoint synchronization initiated. (187 threads)
[2023-10-31T09:05:19.777+0000][2287.070s][info ][safepoint     ] Application time: 1.0008316 seconds
[2023-10-31T09:05:19.778+0000][2287.071s][info ][safepoint     ] Entering safepoint region: Cleanup
[2023-10-31T09:05:19.778+0000][2287.071s][info ][safepoint     ] Leaving safepoint region
[2023-10-31T09:05:19.779+0000][2287.072s][info ][safepoint     ] Total time for which application threads were stopped: 0.0013743 seconds, Stopping threads took: 0.0005162 seconds
[2023-10-31T09:05:20.780+0000][2288.073s][debug][safepoint     ] Safepoint synchronization initiated. (187 threads)
[2023-10-31T09:05:20.780+0000][2288.073s][info ][safepoint     ] Application time: 1.0008524 seconds
[2023-10-31T09:05:20.781+0000][2288.074s][info ][safepoint     ] Entering safepoint region: Cleanup
[2023-10-31T09:05:20.782+0000][2288.075s][info ][safepoint     ] Leaving safepoint region
[2023-10-31T09:05:20.782+0000][2288.075s][info ][safepoint     ] Total time for which application threads were stopped: 0.0011653 seconds, Stopping threads took: 0.0004925 seconds
[2023-10-31T09:05:21.783+0000][2289.076s][debug][safepoint     ] Safepoint synchronization initiated. (187 threads)
[2023-10-31T09:05:21.783+0000][2289.076s][info ][safepoint     ] Application time: 1.0005823 seconds
[2023-10-31T09:05:21.783+0000][2289.076s][info ][safepoint     ] Entering safepoint region: Cleanup
[2023-10-31T09:05:21.784+0000][2289.077s][info ][safepoint     ] Leaving safepoint region
[2023-10-31T09:05:21.784+0000][2289.077s][info ][safepoint     ] Total time for which application threads were stopped: 0.0007526 seconds, Stopping threads took: 0.0002926 seconds
[2023-10-31T09:05:22.784+0000][2290.077s][debug][safepoint     ] Safepoint synchronization initiated. (187 threads)
[2023-10-31T09:05:22.785+0000][2290.078s][info ][safepoint     ] Application time: 1.0008702 seconds
[2023-10-31T09:05:22.786+0000][2290.079s][info ][safepoint     ] Entering safepoint region: Cleanup
[2023-10-31T09:05:22.787+0000][2290.079s][info ][safepoint     ] Leaving safepoint region
[2023-10-31T09:05:22.787+0000][2290.080s][info ][safepoint     ] Total time for which application threads were stopped: 0.0012827 seconds, Stopping threads took: 0.0005938 seconds
[2023-10-31T09:05:23.788+0000][2291.080s][debug][safepoint     ] Safepoint synchronization initiated. (187 threads)
[2023-10-31T09:05:23.788+0000][2291.081s][info ][safepoint     ] Application time: 1.0005295 seconds
[2023-10-31T09:05:23.789+0000][2291.082s][info ][safepoint     ] Entering safepoint region: Cleanup
[2023-10-31T09:05:23.789+0000][2291.082s][info ][safepoint     ] Leaving safepoint region
[2023-10-31T09:05:23.790+0000][2291.082s][info ][safepoint     ] Total time for which application threads were stopped: 0.0009814 seconds, Stopping threads took: 0.0004475 seconds
[2023-10-31T09:05:24.790+0000][2292.083s][debug][safepoint     ] Safepoint synchronization initiated. (187 threads)
[2023-10-31T09:05:24.791+0000][2292.084s][info ][safepoint     ] Application time: 1.0007884 seconds
[2023-10-31T09:05:24.791+0000][2292.084s][info ][safepoint     ] Entering safepoint region: Cleanup
[2023-10-31T09:05:24.792+0000][2292.085s][info ][safepoint     ] Leaving safepoint region
[2023-10-31T09:05:24.793+0000][2292.086s][info ][safepoint     ] Total time for which application threads were stopped: 0.0013505 seconds, Stopping threads took: 0.0005893 seconds
[2023-10-31T09:05:25.793+0000][2293.086s][debug][safepoint     ] Safepoint synchronization initiated. (187 threads)
[2023-10-31T09:05:25.794+0000][2293.087s][info ][safepoint     ] Application time: 1.0007401 seconds
[2023-10-31T09:05:25.795+0000][2293.087s][info ][safepoint     ] Entering safepoint region: Cleanup
[2023-10-31T09:05:25.795+0000][2293.088s][info ][safepoint     ] Leaving safepoint region
[2023-10-31T09:05:25.796+0000][2293.089s][info ][safepoint     ] Total time for which application threads were stopped: 0.0011870 seconds, Stopping threads took: 0.0004686 seconds
[2023-10-31T09:05:26.796+0000][2294.089s][debug][safepoint     ] Safepoint synchronization initiated. (187 threads)
[2023-10-31T09:05:26.797+0000][2294.090s][info ][safepoint     ] Application time: 1.0008877 seconds
[2023-10-31T09:05:26.797+0000][2294.090s][info ][safepoint     ] Entering safepoint region: Cleanup
[2023-10-31T09:05:26.798+0000][2294.091s][info ][safepoint     ] Leaving safepoint region
[2023-10-31T09:05:26.798+0000][2294.091s][info ][safepoint     ] Total time for which application threads were stopped: 0.0009756 seconds, Stopping threads took: 0.0004040 seconds
[2023-10-31T09:05:27.799+0000][2295.092s][debug][safepoint     ] Safepoint synchronization initiated. (187 threads)
[2023-10-31T09:05:27.800+0000][2295.092s][info ][safepoint     ] Application time: 1.0008203 seconds
[2023-10-31T09:05:27.800+0000][2295.093s][info ][safepoint     ] Entering safepoint region: Cleanup
[2023-10-31T09:05:27.801+0000][2295.094s][info ][safepoint     ] Leaving safepoint region
[2023-10-31T09:05:27.801+0000][2295.094s][info ][safepoint     ] Total time for which application threads were stopped: 0.0011638 seconds, Stopping threads took: 0.0005150 seconds
[2023-10-31T09:05:28.802+0000][2296.095s][debug][safepoint     ] Safepoint synchronization initiated. (187 threads)
[2023-10-31T09:05:28.803+0000][2296.095s][info ][safepoint     ] Application time: 1.0008945 seconds
[2023-10-31T09:05:28.803+0000][2296.096s][info ][safepoint     ] Entering safepoint region: Cleanup
[2023-10-31T09:05:28.804+0000][2296.097s][info ][safepoint     ] Leaving safepoint region
[2023-10-31T09:05:28.804+0000][2296.097s][info ][safepoint     ] Total time for which application threads were stopped: 0.0013312 seconds, Stopping threads took: 0.0005485 seconds
[2023-10-31T09:05:29.805+0000][2297.098s][debug][safepoint     ] Safepoint synchronization initiated. (187 threads)
[2023-10-31T09:05:29.806+0000][2297.099s][info ][safepoint     ] Application time: 1.0009000 seconds
[2023-10-31T09:05:29.806+0000][2297.099s][info ][safepoint     ] Entering safepoint region: Cleanup
[2023-10-31T09:05:29.807+0000][2297.100s][info ][safepoint     ] Leaving safepoint region
[2023-10-31T09:05:29.807+0000][2297.100s][info ][safepoint     ] Total time for which application threads were stopped: 0.0012053 seconds, Stopping threads took: 0.0005478 seconds
[2023-10-31T09:05:30.808+0000][2298.101s][debug][safepoint     ] Safepoint synchronization initiated. (187 threads)
[2023-10-31T09:05:30.809+0000][2298.102s][info ][safepoint     ] Application time: 1.0008365 seconds
[2023-10-31T09:05:30.809+0000][2298.102s][info ][safepoint     ] Entering safepoint region: Cleanup
[2023-10-31T09:05:30.810+0000][2298.103s][info ][safepoint     ] Leaving safepoint region
[2023-10-31T09:05:30.811+0000][2298.104s][info ][safepoint     ] Total time for which application threads were stopped: 0.0014414 seconds, Stopping threads took: 0.0006735 seconds
[2023-10-31T09:05:31.811+0000][2299.104s][debug][safepoint     ] Safepoint synchronization initiated. (187 threads)
[2023-10-31T09:05:31.812+0000][2299.105s][info ][safepoint     ] Application time: 1.0005479 seconds
[2023-10-31T09:05:31.812+0000][2299.105s][info ][safepoint     ] Entering safepoint region: Cleanup
[2023-10-31T09:05:31.813+0000][2299.106s][info ][safepoint     ] Leaving safepoint region
[2023-10-31T09:05:31.813+0000][2299.106s][info ][safepoint     ] Total time for which application threads were stopped: 0.0009173 seconds, Stopping threads took: 0.0003682 seconds
[2023-10-31T09:05:32.814+0000][2300.107s][debug][safepoint     ] Safepoint synchronization initiated. (187 threads)
[2023-10-31T09:05:32.814+0000][2300.107s][info ][safepoint     ] Application time: 1.0005070 seconds
[2023-10-31T09:05:32.815+0000][2300.107s][info ][safepoint     ] Entering safepoint region: Cleanup
[2023-10-31T09:05:32.815+0000][2300.108s][info ][safepoint     ] Leaving safepoint region
[2023-10-31T09:05:32.816+0000][2300.109s][info ][safepoint     ] Total time for which application threads were stopped: 0.0013714 seconds, Stopping threads took: 0.0004211 seconds
[2023-10-31T09:05:33.816+0000][2301.109s][debug][safepoint     ] Safepoint synchronization initiated. (187 threads)
[2023-10-31T09:05:33.817+0000][2301.110s][info ][safepoint     ] Application time: 1.0009775 seconds
[2023-10-31T09:05:33.818+0000][2301.111s][info ][safepoint     ] Entering safepoint region: Cleanup
[2023-10-31T09:05:33.819+0000][2301.111s][info ][safepoint     ] Leaving safepoint region
[2023-10-31T09:05:33.819+0000][2301.112s][info ][safepoint     ] Total time for which application threads were stopped: 0.0012600 seconds, Stopping threads took: 0.0005622 seconds
[2023-10-31T09:05:34.820+0000][2302.113s][debug][safepoint     ] Safepoint synchronization initiated. (187 threads)
[2023-10-31T09:05:34.821+0000][2302.113s][info ][safepoint     ] Application time: 1.0007741 seconds
[2023-10-31T09:05:34.821+0000][2302.114s][info ][safepoint     ] Entering safepoint region: Cleanup
[2023-10-31T09:05:34.822+0000][2302.114s][info ][safepoint     ] Leaving safepoint region
[2023-10-31T09:05:34.822+0000][2302.115s][info ][safepoint     ] Total time for which application threads were stopped: 0.0010415 seconds, Stopping threads took: 0.0004581 seconds
[2023-10-31T09:05:35.823+0000][2303.115s][debug][safepoint     ] Safepoint synchronization initiated. (187 threads)
[2023-10-31T09:05:35.823+0000][2303.116s][info ][safepoint     ] Application time: 1.0007406 seconds
[2023-10-31T09:05:35.824+0000][2303.116s][info ][safepoint     ] Entering safepoint region: Cleanup
[2023-10-31T09:05:35.824+0000][2303.117s][info ][safepoint     ] Leaving safepoint region
[2023-10-31T09:05:35.825+0000][2303.117s][info ][safepoint     ] Total time for which application threads were stopped: 0.0010348 seconds, Stopping threads took: 0.0004284 seconds
[2023-10-31T09:05:36.825+0000][2304.118s][debug][safepoint     ] Safepoint synchronization initiated. (187 threads)
[2023-10-31T09:05:36.826+0000][2304.119s][info ][safepoint     ] Application time: 1.0007567 seconds
[2023-10-31T09:05:36.826+0000][2304.119s][info ][safepoint     ] Entering safepoint region: Cleanup
[2023-10-31T09:05:36.827+0000][2304.120s][info ][safepoint     ] Leaving safepoint region
[2023-10-31T09:05:36.827+0000][2304.120s][info ][safepoint     ] Total time for which application threads were stopped: 0.0009495 seconds, Stopping threads took: 0.0003744 seconds
[2023-10-31T09:05:37.828+0000][2305.120s][debug][safepoint     ] Safepoint synchronization initiated. (187 threads)
[2023-10-31T09:05:37.829+0000][2305.121s][info ][safepoint     ] Application time: 1.0011696 seconds
[2023-10-31T09:05:37.830+0000][2305.122s][info ][safepoint     ] Entering safepoint region: Cleanup
[2023-10-31T09:05:37.831+0000][2305.124s][info ][safepoint     ] Leaving safepoint region
[2023-10-31T09:05:37.832+0000][2305.124s][info ][safepoint     ] Total time for which application threads were stopped: 0.0021390 seconds, Stopping threads took: 0.0009814 seconds
[2023-10-31T09:05:38.833+0000][2306.126s][debug][safepoint     ] Safepoint synchronization initiated. (187 threads)
[2023-10-31T09:05:38.833+0000][2306.126s][info ][safepoint     ] Application time: 1.0007360 seconds
[2023-10-31T09:05:38.834+0000][2306.126s][info ][safepoint     ] Entering safepoint region: Cleanup
[2023-10-31T09:05:38.834+0000][2306.127s][info ][safepoint     ] Leaving safepoint region
[2023-10-31T09:05:38.835+0000][2306.128s][info ][safepoint     ] Total time for which application threads were stopped: 0.0010953 seconds, Stopping threads took: 0.0004618 seconds
[2023-10-31T09:05:39.835+0000][2307.128s][debug][safepoint     ] Safepoint synchronization initiated. (187 threads)
[2023-10-31T09:05:39.836+0000][2307.129s][info ][safepoint     ] Application time: 1.0007860 seconds
[2023-10-31T09:05:39.837+0000][2307.129s][info ][safepoint     ] Entering safepoint region: Cleanup
[2023-10-31T09:05:39.837+0000][2307.130s][info ][safepoint     ] Leaving safepoint region
[2023-10-31T09:05:39.838+0000][2307.131s][info ][safepoint     ] Total time for which application threads were stopped: 0.0012755 seconds, Stopping threads took: 0.0006001 seconds
[2023-10-31T09:05:40.839+0000][2308.131s][debug][safepoint     ] Safepoint synchronization initiated. (187 threads)
[2023-10-31T09:05:40.840+0000][2308.132s][info ][safepoint     ] Application time: 1.0012628 seconds
[2023-10-31T09:05:40.840+0000][2308.133s][info ][safepoint     ] Entering safepoint region: Cleanup
[2023-10-31T09:05:40.842+0000][2308.134s][info ][safepoint     ] Leaving safepoint region
[2023-10-31T09:05:40.842+0000][2308.135s][info ][safepoint     ] Total time for which application threads were stopped: 0.0018513 seconds, Stopping threads took: 0.0008571 seconds
[2023-10-31T09:05:41.843+0000][2309.136s][debug][safepoint     ] Safepoint synchronization initiated. (187 threads)
[2023-10-31T09:05:41.844+0000][2309.136s][info ][safepoint     ] Application time: 1.0007139 seconds
[2023-10-31T09:05:41.844+0000][2309.137s][info ][safepoint     ] Entering safepoint region: Cleanup
[2023-10-31T09:05:41.845+0000][2309.137s][info ][safepoint     ] Leaving safepoint region
[2023-10-31T09:05:41.845+0000][2309.138s][info ][safepoint     ] Total time for which application threads were stopped: 0.0008682 seconds, Stopping threads took: 0.0003861 seconds
[2023-10-31T09:05:42.845+0000][2310.138s][debug][safepoint     ] Safepoint synchronization initiated. (187 threads)
[2023-10-31T09:05:42.846+0000][2310.139s][info ][safepoint     ] Application time: 1.0007665 seconds
[2023-10-31T09:05:42.847+0000][2310.139s][info ][safepoint     ] Entering safepoint region: Cleanup
[2023-10-31T09:05:42.847+0000][2310.140s][info ][safepoint     ] Leaving safepoint region
[2023-10-31T09:05:42.847+0000][2310.140s][debug][safepoint     ] ... found polling page return exception at pc = 0x00007f62e89d70c4, stub =0x00007f62e0840600
[2023-10-31T09:05:42.848+0000][2310.141s][info ][safepoint     ] Total time for which application threads were stopped: 0.0013364 seconds, Stopping threads took: 0.0006143 seconds
[2023-10-31T09:05:43.849+0000][2311.141s][debug][safepoint     ] Safepoint synchronization initiated. (187 threads)
[2023-10-31T09:05:43.849+0000][2311.142s][info ][safepoint     ] Application time: 1.0005130 seconds
[2023-10-31T09:05:43.849+0000][2311.142s][info ][safepoint     ] Entering safepoint region: Cleanup
[2023-10-31T09:05:43.850+0000][2311.143s][info ][safepoint     ] Leaving safepoint region
[2023-10-31T09:05:43.850+0000][2311.143s][info ][safepoint     ] Total time for which application threads were stopped: 0.0008462 seconds, Stopping threads took: 0.0003599 seconds
[2023-10-31T09:05:44.851+0000][2312.144s][debug][safepoint     ] Safepoint synchronization initiated. (187 threads)
[2023-10-31T09:05:44.851+0000][2312.144s][info ][safepoint     ] Application time: 1.0007319 seconds
[2023-10-31T09:05:44.852+0000][2312.145s][info ][safepoint     ] Entering safepoint region: Cleanup
[2023-10-31T09:05:44.852+0000][2312.145s][info ][safepoint     ] Leaving safepoint region
[2023-10-31T09:05:44.853+0000][2312.146s][info ][safepoint     ] Total time for which application threads were stopped: 0.0011204 seconds, Stopping threads took: 0.0004689 seconds
[2023-10-31T09:05:45.854+0000][2313.146s][debug][safepoint     ] Safepoint synchronization initiated. (187 threads)
[2023-10-31T09:05:45.854+0000][2313.147s][info ][safepoint     ] Application time: 1.0009699 seconds
[2023-10-31T09:05:45.855+0000][2313.148s][info ][safepoint     ] Entering safepoint region: Cleanup
[2023-10-31T09:05:45.856+0000][2313.148s][info ][safepoint     ] Leaving safepoint region
[2023-10-31T09:05:45.856+0000][2313.149s][info ][safepoint     ] Total time for which application threads were stopped: 0.0011298 seconds, Stopping threads took: 0.0005300 seconds
[2023-10-31T09:05:46.857+0000][2314.149s][debug][safepoint     ] Safepoint synchronization initiated. (187 threads)
[2023-10-31T09:05:46.857+0000][2314.150s][info ][safepoint     ] Application time: 1.0008853 seconds
[2023-10-31T09:05:46.858+0000][2314.151s][debug][safepoint     ] ... found polling page return exception at pc = 0x00007f62e8d4c486, stub =0x00007f62e0840600
[2023-10-31T09:05:46.858+0000][2314.151s][debug][safepoint     ] Waiting for 1 thread(s) to block
[2023-10-31T09:05:46.859+0000][2314.151s][info ][safepoint     ] Entering safepoint region: Cleanup
[2023-10-31T09:05:46.859+0000][2314.152s][info ][safepoint     ] Leaving safepoint region
[2023-10-31T09:05:46.860+0000][2314.152s][info ][safepoint     ] Total time for which application threads were stopped: 0.0018941 seconds, Stopping threads took: 0.0013883 seconds
[2023-10-31T09:05:47.860+0000][2315.153s][debug][safepoint     ] Safepoint synchronization initiated. (187 threads)
[2023-10-31T09:05:47.861+0000][2315.154s][info ][safepoint     ] Application time: 1.0014584 seconds
[2023-10-31T09:05:47.863+0000][2315.155s][info ][safepoint     ] Entering safepoint region: Cleanup
[2023-10-31T09:05:47.864+0000][2315.157s][info ][safepoint     ] Leaving safepoint region
[2023-10-31T09:05:47.865+0000][2315.157s][info ][safepoint     ] Total time for which application threads were stopped: 0.0021792 seconds, Stopping threads took: 0.0009949 seconds
[2023-10-31T09:05:48.866+0000][2316.158s][debug][safepoint     ] Safepoint synchronization initiated. (187 threads)
[2023-10-31T09:05:48.866+0000][2316.159s][info ][safepoint     ] Application time: 1.0006652 seconds
[2023-10-31T09:05:48.867+0000][2316.159s][info ][safepoint     ] Entering safepoint region: Cleanup
[2023-10-31T09:05:48.867+0000][2316.160s][info ][safepoint     ] Leaving safepoint region
[2023-10-31T09:05:48.868+0000][2316.160s][info ][safepoint     ] Total time for which application threads were stopped: 0.0010413 seconds, Stopping threads took: 0.0004452 seconds
[2023-10-31T09:05:49.868+0000][2317.161s][debug][safepoint     ] Safepoint synchronization initiated. (187 threads)
[2023-10-31T09:05:49.869+0000][2317.161s][info ][safepoint     ] Application time: 1.0006299 seconds
[2023-10-31T09:05:49.869+0000][2317.162s][info ][safepoint     ] Entering safepoint region: Cleanup
[2023-10-31T09:05:49.870+0000][2317.162s][info ][safepoint     ] Leaving safepoint region
[2023-10-31T09:05:49.870+0000][2317.163s][info ][safepoint     ] Total time for which application threads were stopped: 0.0008838 seconds, Stopping threads took: 0.0003775 seconds
[2023-10-31T09:05:50.870+0000][2318.163s][debug][safepoint     ] Safepoint synchronization initiated. (187 threads)
[2023-10-31T09:05:50.871+0000][2318.163s][info ][safepoint     ] Application time: 1.0005749 seconds
[2023-10-31T09:05:50.871+0000][2318.164s][info ][safepoint     ] Entering safepoint region: Cleanup
[2023-10-31T09:05:50.872+0000][2318.164s][info ][safepoint     ] Leaving safepoint region
[2023-10-31T09:05:50.872+0000][2318.165s][info ][safepoint     ] Total time for which application threads were stopped: 0.0008743 seconds, Stopping threads took: 0.0004156 seconds
[2023-10-31T09:05:51.872+0000][2319.165s][debug][safepoint     ] Safepoint synchronization initiated. (187 threads)
[2023-10-31T09:05:51.875+0000][2319.167s][info ][safepoint     ] Application time: 1.0025135 seconds
[2023-10-31T09:05:51.875+0000][2319.168s][info ][safepoint     ] Entering safepoint region: Cleanup
[2023-10-31T09:05:51.877+0000][2319.169s][info ][safepoint     ] Leaving safepoint region
[2023-10-31T09:05:51.878+0000][2319.170s][info ][safepoint     ] Total time for which application threads were stopped: 0.0022030 seconds, Stopping threads took: 0.0012425 seconds
[2023-10-31T09:05:52.879+0000][2320.172s][debug][safepoint     ] Safepoint synchronization initiated. (187 threads)
[2023-10-31T09:05:52.880+0000][2320.173s][info ][safepoint     ] Application time: 1.0011330 seconds
[2023-10-31T09:05:52.880+0000][2320.173s][info ][safepoint     ] Entering safepoint region: Cleanup
[2023-10-31T09:05:52.881+0000][2320.174s][info ][safepoint     ] Leaving safepoint region
[2023-10-31T09:05:52.882+0000][2320.175s][info ][safepoint     ] Total time for which application threads were stopped: 0.0014571 seconds, Stopping threads took: 0.0006949 seconds
[2023-10-31T09:05:53.883+0000][2321.175s][debug][safepoint     ] Safepoint synchronization initiated. (187 threads)
[2023-10-31T09:05:53.883+0000][2321.176s][info ][safepoint     ] Application time: 1.0009802 seconds
[2023-10-31T09:05:53.885+0000][2321.177s][info ][safepoint     ] Entering safepoint region: Cleanup
[2023-10-31T09:05:53.886+0000][2321.179s][info ][safepoint     ] Leaving safepoint region
[2023-10-31T09:05:53.886+0000][2321.179s][info ][safepoint     ] Total time for which application threads were stopped: 0.0022069 seconds, Stopping threads took: 0.0013944 seconds
[2023-10-31T09:05:54.887+0000][2322.180s][debug][safepoint     ] Safepoint synchronization initiated. (187 threads)
[2023-10-31T09:05:54.888+0000][2322.181s][info ][safepoint     ] Application time: 1.0009265 seconds
[2023-10-31T09:05:54.888+0000][2322.181s][info ][safepoint     ] Entering safepoint region: Cleanup
[2023-10-31T09:05:54.889+0000][2322.182s][info ][safepoint     ] Leaving safepoint region
[2023-10-31T09:05:54.889+0000][2322.182s][info ][safepoint     ] Total time for which application threads were stopped: 0.0010414 seconds, Stopping threads took: 0.0005522 seconds
[2023-10-31T09:05:55.890+0000][2323.183s][debug][safepoint     ] Safepoint synchronization initiated. (187 threads)
[2023-10-31T09:05:55.891+0000][2323.184s][info ][safepoint     ] Application time: 1.0009948 seconds
[2023-10-31T09:05:55.892+0000][2323.184s][info ][safepoint     ] Entering safepoint region: Cleanup
[2023-10-31T09:05:55.892+0000][2323.185s][info ][safepoint     ] Leaving safepoint region
[2023-10-31T09:05:55.893+0000][2323.186s][info ][safepoint     ] Total time for which application threads were stopped: 0.0014005 seconds, Stopping threads took: 0.0006618 seconds
[2023-10-31T09:05:56.894+0000][2324.187s][debug][safepoint     ] Safepoint synchronization initiated. (187 threads)
[2023-10-31T09:05:56.894+0000][2324.187s][info ][safepoint     ] Application time: 1.0005999 seconds
[2023-10-31T09:05:56.895+0000][2324.187s][info ][safepoint     ] Entering safepoint region: Cleanup
[2023-10-31T09:05:56.895+0000][2324.188s][info ][safepoint     ] Leaving safepoint region
[2023-10-31T09:05:56.895+0000][2324.188s][info ][safepoint     ] Total time for which application threads were stopped: 0.0009893 seconds, Stopping threads took: 0.0003558 seconds
[2023-10-31T09:05:57.896+0000][2325.189s][debug][safepoint     ] Safepoint synchronization initiated. (187 threads)
[2023-10-31T09:05:57.897+0000][2325.189s][info ][safepoint     ] Application time: 1.0005873 seconds
[2023-10-31T09:05:57.897+0000][2325.190s][info ][safepoint     ] Entering safepoint region: Cleanup
[2023-10-31T09:05:57.897+0000][2325.190s][info ][safepoint     ] Leaving safepoint region
[2023-10-31T09:05:57.898+0000][2325.190s][info ][safepoint     ] Total time for which application threads were stopped: 0.0008534 seconds, Stopping threads took: 0.0004218 seconds
[2023-10-31T09:05:58.898+0000][2326.191s][debug][safepoint     ] Safepoint synchronization initiated. (187 threads)
[2023-10-31T09:05:58.899+0000][2326.192s][info ][safepoint     ] Application time: 1.0010691 seconds
[2023-10-31T09:05:58.900+0000][2326.193s][info ][safepoint     ] Entering safepoint region: Cleanup
[2023-10-31T09:05:58.901+0000][2326.193s][info ][safepoint     ] Leaving safepoint region
[2023-10-31T09:05:58.901+0000][2326.194s][info ][safepoint     ] Total time for which application threads were stopped: 0.0013917 seconds, Stopping threads took: 0.0006680 seconds
[2023-10-31T09:05:59.902+0000][2327.195s][debug][safepoint     ] Safepoint synchronization initiated. (187 threads)
[2023-10-31T09:05:59.902+0000][2327.195s][info ][safepoint     ] Application time: 1.0008081 seconds
[2023-10-31T09:05:59.903+0000][2327.196s][info ][safepoint     ] Entering safepoint region: Cleanup
[2023-10-31T09:05:59.904+0000][2327.197s][info ][safepoint     ] Leaving safepoint region
[2023-10-31T09:05:59.904+0000][2327.197s][info ][safepoint     ] Total time for which application threads were stopped: 0.0012991 seconds, Stopping threads took: 0.0005185 seconds
[2023-10-31T09:06:00.905+0000][2328.198s][debug][safepoint     ] Safepoint synchronization initiated. (187 threads)
[2023-10-31T09:06:00.906+0000][2328.198s][info ][safepoint     ] Application time: 1.0006383 seconds
[2023-10-31T09:06:00.906+0000][2328.199s][info ][safepoint     ] Entering safepoint region: Cleanup
[2023-10-31T09:06:00.907+0000][2328.199s][info ][safepoint     ] Leaving safepoint region
[2023-10-31T09:06:00.907+0000][2328.200s][info ][safepoint     ] Total time for which application threads were stopped: 0.0013223 seconds, Stopping threads took: 0.0004352 seconds
[2023-10-31T09:06:01.908+0000][2329.200s][debug][safepoint     ] Safepoint synchronization initiated. (187 threads)
[2023-10-31T09:06:01.908+0000][2329.201s][info ][safepoint     ] Application time: 1.0006466 seconds
[2023-10-31T09:06:01.909+0000][2329.201s][info ][safepoint     ] Entering safepoint region: Cleanup
[2023-10-31T09:06:01.909+0000][2329.202s][info ][safepoint     ] Leaving safepoint region
[2023-10-31T09:06:01.910+0000][2329.202s][info ][safepoint     ] Total time for which application threads were stopped: 0.0010501 seconds, Stopping threads took: 0.0004935 seconds
[2023-10-31T09:06:02.910+0000][2330.203s][debug][safepoint     ] Safepoint synchronization initiated. (187 threads)
[2023-10-31T09:06:02.912+0000][2330.205s][info ][safepoint     ] Application time: 1.0021260 seconds
[2023-10-31T09:06:02.913+0000][2330.206s][info ][safepoint     ] Entering safepoint region: Cleanup
[2023-10-31T09:06:02.914+0000][2330.207s][info ][safepoint     ] Leaving safepoint region
[2023-10-31T09:06:02.915+0000][2330.207s][info ][safepoint     ] Total time for which application threads were stopped: 0.0011897 seconds, Stopping threads took: 0.0004850 seconds
[2023-10-31T09:06:02.914+0000][2330.207s][debug][safepoint     ] ... found polling page return exception at pc = 0x00007f62e89d70c4, stub =0x00007f62e0840600
[2023-10-31T09:06:02.914+0000][2330.207s][debug][safepoint     ] ... found polling page return exception at pc = 0x00007f62e89d70c4, stub =0x00007f62e0840600
[2023-10-31T09:06:02.914+0000][2330.207s][debug][safepoint     ] ... found polling page return exception at pc = 0x00007f62e89d70c4, stub =0x00007f62e0840600
[2023-10-31T09:06:02.914+0000][2330.207s][debug][safepoint     ] ... found polling page return exception at pc = 0x00007f62e89d70c4, stub =0x00007f62e0840600
[2023-10-31T09:06:03.916+0000][2331.208s][debug][safepoint     ] Safepoint synchronization initiated. (187 threads)
[2023-10-31T09:06:03.916+0000][2331.209s][info ][safepoint     ] Application time: 1.0009728 seconds
[2023-10-31T09:06:03.917+0000][2331.210s][info ][safepoint     ] Entering safepoint region: Cleanup
[2023-10-31T09:06:03.918+0000][2331.211s][info ][safepoint     ] Leaving safepoint region
[2023-10-31T09:06:03.918+0000][2331.211s][info ][safepoint     ] Total time for which application threads were stopped: 0.0013568 seconds, Stopping threads took: 0.0006682 seconds
[2023-10-31T09:06:04.919+0000][2332.212s][debug][safepoint     ] Safepoint synchronization initiated. (187 threads)
[2023-10-31T09:06:04.920+0000][2332.212s][info ][safepoint     ] Application time: 1.0008904 seconds
[2023-10-31T09:06:04.920+0000][2332.213s][info ][safepoint     ] Entering safepoint region: Cleanup
[2023-10-31T09:06:04.921+0000][2332.214s][info ][safepoint     ] Leaving safepoint region
[2023-10-31T09:06:04.922+0000][2332.215s][info ][safepoint     ] Total time for which application threads were stopped: 0.0014729 seconds, Stopping threads took: 0.0006809 seconds
[2023-10-31T09:06:05.923+0000][2333.215s][debug][safepoint     ] Safepoint synchronization initiated. (187 threads)
[2023-10-31T09:06:05.923+0000][2333.216s][info ][safepoint     ] Application time: 1.0009895 seconds
[2023-10-31T09:06:05.924+0000][2333.217s][info ][safepoint     ] Entering safepoint region: Cleanup
[2023-10-31T09:06:05.925+0000][2333.218s][info ][safepoint     ] Leaving safepoint region
[2023-10-31T09:06:05.926+0000][2333.219s][info ][safepoint     ] Total time for which application threads were stopped: 0.0018252 seconds, Stopping threads took: 0.0008636 seconds
[2023-10-31T09:06:06.927+0000][2334.219s][debug][safepoint     ] Safepoint synchronization initiated. (187 threads)
[2023-10-31T09:06:06.927+0000][2334.220s][info ][safepoint     ] Application time: 1.0006641 seconds
[2023-10-31T09:06:06.928+0000][2334.221s][info ][safepoint     ] Entering safepoint region: Cleanup
[2023-10-31T09:06:06.929+0000][2334.221s][info ][safepoint     ] Leaving safepoint region
[2023-10-31T09:06:06.929+0000][2334.222s][info ][safepoint     ] Total time for which application threads were stopped: 0.0013665 seconds, Stopping threads took: 0.0006230 seconds
[2023-10-31T09:06:07.930+0000][2335.222s][debug][safepoint     ] Safepoint synchronization initiated. (187 threads)
[2023-10-31T09:06:07.931+0000][2335.223s][info ][safepoint     ] Application time: 1.0008436 seconds
[2023-10-31T09:06:07.931+0000][2335.224s][info ][safepoint     ] Entering safepoint region: Cleanup
[2023-10-31T09:06:07.932+0000][2335.225s][info ][safepoint     ] Leaving safepoint region
[2023-10-31T09:06:07.932+0000][2335.225s][info ][safepoint     ] Total time for which application threads were stopped: 0.0012059 seconds, Stopping threads took: 0.0005264 seconds
[2023-10-31T09:06:07.932+0000][2335.225s][debug][safepoint     ] ... found polling page return exception at pc = 0x00007f62e89d70c4, stub =0x00007f62e0840600
[2023-10-31T09:06:07.932+0000][2335.225s][debug][safepoint     ] ... found polling page return exception at pc = 0x00007f62e89d70c4, stub =0x00007f62e0840600
[2023-10-31T09:06:07.932+0000][2335.225s][debug][safepoint     ] ... found polling page return exception at pc = 0x00007f62e89d70c4, stub =0x00007f62e0840600
[2023-10-31T09:06:07.932+0000][2335.225s][debug][safepoint     ] ... found polling page return exception at pc = 0x00007f62e89d70c4, stub =0x00007f62e0840600
[2023-10-31T09:06:07.932+0000][2335.225s][debug][safepoint     ] ... found polling page return exception at pc = 0x00007f62e89d70c4, stub =0x00007f62e0840600
[2023-10-31T09:06:07.932+0000][2335.225s][debug][safepoint     ] ... found polling page return exception at pc = 0x00007f62e89d70c4, stub =0x00007f62e0840600
[2023-10-31T09:06:07.932+0000][2335.225s][debug][safepoint     ] ... found polling page return exception at pc = 0x00007f62e89d70c4, stub =0x00007f62e0840600
[2023-10-31T09:06:08.933+0000][2336.226s][debug][safepoint     ] Safepoint synchronization initiated. (187 threads)
[2023-10-31T09:06:08.934+0000][2336.226s][info ][safepoint     ] Application time: 1.0007928 seconds
[2023-10-31T09:06:08.934+0000][2336.227s][info ][safepoint     ] Entering safepoint region: Cleanup
[2023-10-31T09:06:08.935+0000][2336.227s][info ][safepoint     ] Leaving safepoint region
[2023-10-31T09:06:08.935+0000][2336.228s][info ][safepoint     ] Total time for which application threads were stopped: 0.0012310 seconds, Stopping threads took: 0.0004954 seconds
[2023-10-31T09:06:09.936+0000][2337.229s][debug][safepoint     ] Safepoint synchronization initiated. (187 threads)
[2023-10-31T09:06:09.937+0000][2337.230s][info ][safepoint     ] Application time: 1.0012996 seconds
[2023-10-31T09:06:09.938+0000][2337.231s][info ][safepoint     ] Entering safepoint region: Cleanup
[2023-10-31T09:06:09.939+0000][2337.232s][info ][safepoint     ] Leaving safepoint region
[2023-10-31T09:06:09.940+0000][2337.233s][info ][safepoint     ] Total time for which application threads were stopped: 0.0020425 seconds, Stopping threads took: 0.0009225 seconds
[2023-10-31T09:06:10.941+0000][2338.234s][debug][safepoint     ] Safepoint synchronization initiated. (187 threads)
[2023-10-31T09:06:10.942+0000][2338.234s][info ][safepoint     ] Application time: 1.0007217 seconds
[2023-10-31T09:06:10.942+0000][2338.235s][info ][safepoint     ] Entering safepoint region: Cleanup
[2023-10-31T09:06:10.943+0000][2338.235s][info ][safepoint     ] Leaving safepoint region
[2023-10-31T09:06:10.943+0000][2338.236s][info ][safepoint     ] Total time for which application threads were stopped: 0.0008371 seconds, Stopping threads took: 0.0003975 seconds
[2023-10-31T09:06:11.943+0000][2339.236s][debug][safepoint     ] Safepoint synchronization initiated. (187 threads)
[2023-10-31T09:06:11.944+0000][2339.237s][info ][safepoint     ] Application time: 1.0006209 seconds
[2023-10-31T09:06:11.944+0000][2339.237s][info ][safepoint     ] Entering safepoint region: Cleanup
[2023-10-31T09:06:11.945+0000][2339.238s][info ][safepoint     ] Leaving safepoint region
[2023-10-31T09:06:11.946+0000][2339.238s][info ][safepoint     ] Total time for which application threads were stopped: 0.0012446 seconds, Stopping threads took: 0.0004835 seconds
[2023-10-31T09:06:12.946+0000][2340.239s][debug][safepoint     ] Safepoint synchronization initiated. (187 threads)
[2023-10-31T09:06:12.947+0000][2340.240s][info ][safepoint     ] Application time: 1.0007859 seconds
[2023-10-31T09:06:12.948+0000][2340.241s][info ][safepoint     ] Entering safepoint region: Cleanup
[2023-10-31T09:06:12.949+0000][2340.241s][info ][safepoint     ] Leaving safepoint region
[2023-10-31T09:06:12.949+0000][2340.242s][info ][safepoint     ] Total time for which application threads were stopped: 0.0015718 seconds, Stopping threads took: 0.0006543 seconds
[2023-10-31T09:06:13.950+0000][2341.243s][debug][safepoint     ] Safepoint synchronization initiated. (186 threads)
[2023-10-31T09:06:13.951+0000][2341.244s][info ][safepoint     ] Application time: 1.0014083 seconds
[2023-10-31T09:06:13.952+0000][2341.245s][info ][safepoint     ] Entering safepoint region: Cleanup
[2023-10-31T09:06:13.953+0000][2341.246s][info ][safepoint     ] Leaving safepoint region
[2023-10-31T09:06:13.954+0000][2341.247s][info ][safepoint     ] Total time for which application threads were stopped: 0.0020228 seconds, Stopping threads took: 0.0009421 seconds
[2023-10-31T09:06:14.955+0000][2342.248s][debug][safepoint     ] Safepoint synchronization initiated. (186 threads)
[2023-10-31T09:06:14.956+0000][2342.249s][info ][safepoint     ] Application time: 1.0010768 seconds
[2023-10-31T09:06:14.957+0000][2342.250s][info ][safepoint     ] Entering safepoint region: Cleanup
[2023-10-31T09:06:14.958+0000][2342.251s][info ][safepoint     ] Leaving safepoint region
[2023-10-31T09:06:14.959+0000][2342.252s][info ][safepoint     ] Total time for which application threads were stopped: 0.0020941 seconds, Stopping threads took: 0.0009563 seconds
[2023-10-31T09:06:15.960+0000][2343.253s][debug][safepoint     ] Safepoint synchronization initiated. (186 threads)
[2023-10-31T09:06:15.961+0000][2343.254s][info ][safepoint     ] Application time: 1.0014524 seconds
[2023-10-31T09:06:15.962+0000][2343.255s][info ][safepoint     ] Entering safepoint region: Cleanup
[2023-10-31T09:06:15.964+0000][2343.256s][info ][safepoint     ] Leaving safepoint region
[2023-10-31T09:06:15.965+0000][2343.257s][info ][safepoint     ] Total time for which application threads were stopped: 0.0021904 seconds, Stopping threads took: 0.0009614 seconds
[2023-10-31T09:06:16.965+0000][2344.258s][debug][safepoint     ] Safepoint synchronization initiated. (186 threads)
[2023-10-31T09:06:16.966+0000][2344.259s][info ][safepoint     ] Application time: 1.0006579 seconds
[2023-10-31T09:06:16.966+0000][2344.259s][info ][safepoint     ] Entering safepoint region: Cleanup
[2023-10-31T09:06:16.967+0000][2344.260s][info ][safepoint     ] Leaving safepoint region
[2023-10-31T09:06:16.968+0000][2344.260s][info ][safepoint     ] Total time for which application threads were stopped: 0.0012109 seconds, Stopping threads took: 0.0005045 seconds
[2023-10-31T09:06:17.968+0000][2345.261s][debug][safepoint     ] Safepoint synchronization initiated. (186 threads)
[2023-10-31T09:06:17.969+0000][2345.262s][info ][safepoint     ] Application time: 1.0009295 seconds
[2023-10-31T09:06:17.970+0000][2345.262s][info ][safepoint     ] Entering safepoint region: Cleanup
[2023-10-31T09:06:17.970+0000][2345.263s][info ][safepoint     ] Leaving safepoint region
[2023-10-31T09:06:17.971+0000][2345.264s][info ][safepoint     ] Total time for which application threads were stopped: 0.0013557 seconds, Stopping threads took: 0.0006498 seconds
[2023-10-31T09:06:18.972+0000][2346.264s][debug][safepoint     ] Safepoint synchronization initiated. (186 threads)
[2023-10-31T09:06:18.972+0000][2346.265s][info ][safepoint     ] Application time: 1.0007926 seconds
[2023-10-31T09:06:18.973+0000][2346.265s][info ][safepoint     ] Entering safepoint region: Cleanup
[2023-10-31T09:06:18.974+0000][2346.266s][info ][safepoint     ] Leaving safepoint region
[2023-10-31T09:06:18.974+0000][2346.267s][info ][safepoint     ] Total time for which application threads were stopped: 0.0013604 seconds, Stopping threads took: 0.0005977 seconds
[2023-10-31T09:06:19.975+0000][2347.267s][debug][safepoint     ] Safepoint synchronization initiated. (186 threads)
[2023-10-31T09:06:19.976+0000][2347.269s][info ][safepoint     ] Application time: 1.0014451 seconds
[2023-10-31T09:06:19.977+0000][2347.270s][info ][safepoint     ] Entering safepoint region: Cleanup
[2023-10-31T09:06:19.979+0000][2347.272s][info ][safepoint     ] Leaving safepoint region
[2023-10-31T09:06:19.979+0000][2347.272s][info ][safepoint     ] Total time for which application threads were stopped: 0.0026180 seconds, Stopping threads took: 0.0015557 seconds
[2023-10-31T09:06:20.980+0000][2348.273s][debug][safepoint     ] Safepoint synchronization initiated. (186 threads)
[2023-10-31T09:06:20.981+0000][2348.273s][info ][safepoint     ] Application time: 1.0007831 seconds
[2023-10-31T09:06:20.981+0000][2348.274s][info ][safepoint     ] Entering safepoint region: Cleanup
[2023-10-31T09:06:20.982+0000][2348.275s][info ][safepoint     ] Leaving safepoint region
[2023-10-31T09:06:20.983+0000][2348.276s][info ][safepoint     ] Total time for which application threads were stopped: 0.0021560 seconds, Stopping threads took: 0.0007426 seconds
[2023-10-31T09:06:21.984+0000][2349.277s][debug][safepoint     ] Safepoint synchronization initiated. (186 threads)
[2023-10-31T09:06:21.985+0000][2349.278s][info ][safepoint     ] Application time: 1.0007660 seconds
[2023-10-31T09:06:21.986+0000][2349.278s][info ][safepoint     ] Entering safepoint region: Cleanup
[2023-10-31T09:06:21.986+0000][2349.279s][info ][safepoint     ] Leaving safepoint region
[2023-10-31T09:06:21.987+0000][2349.279s][info ][safepoint     ] Total time for which application threads were stopped: 0.0012659 seconds, Stopping threads took: 0.0006079 seconds
[2023-10-31T09:06:22.987+0000][2350.280s][debug][safepoint     ] Safepoint synchronization initiated. (186 threads)
[2023-10-31T09:06:22.988+0000][2350.281s][info ][safepoint     ] Application time: 1.0007158 seconds
[2023-10-31T09:06:22.988+0000][2350.281s][info ][safepoint     ] Entering safepoint region: Cleanup
[2023-10-31T09:06:22.989+0000][2350.282s][info ][safepoint     ] Leaving safepoint region
[2023-10-31T09:06:22.990+0000][2350.282s][info ][safepoint     ] Total time for which application threads were stopped: 0.0012223 seconds, Stopping threads took: 0.0005738 seconds
[2023-10-31T09:06:23.990+0000][2351.283s][debug][safepoint     ] Safepoint synchronization initiated. (186 threads)
[2023-10-31T09:06:23.991+0000][2351.284s][info ][safepoint     ] Application time: 1.0010563 seconds
[2023-10-31T09:06:23.992+0000][2351.284s][info ][safepoint     ] Entering safepoint region: Cleanup
[2023-10-31T09:06:23.992+0000][2351.285s][info ][safepoint     ] Leaving safepoint region
[2023-10-31T09:06:23.993+0000][2351.285s][info ][safepoint     ] Total time for which application threads were stopped: 0.0011472 seconds, Stopping threads took: 0.0004613 seconds
[2023-10-31T09:06:24.993+0000][2352.286s][debug][safepoint     ] Safepoint synchronization initiated. (186 threads)
[2023-10-31T09:06:24.994+0000][2352.287s][info ][safepoint     ] Application time: 1.0006926 seconds
[2023-10-31T09:06:24.994+0000][2352.287s][info ][safepoint     ] Entering safepoint region: Cleanup
[2023-10-31T09:06:24.995+0000][2352.288s][info ][safepoint     ] Leaving safepoint region
[2023-10-31T09:06:24.995+0000][2352.288s][info ][safepoint     ] Total time for which application threads were stopped: 0.0009770 seconds, Stopping threads took: 0.0004833 seconds
[2023-10-31T09:06:25.996+0000][2353.288s][debug][safepoint     ] Safepoint synchronization initiated. (186 threads)
[2023-10-31T09:06:25.997+0000][2353.289s][info ][safepoint     ] Application time: 1.0012539 seconds
[2023-10-31T09:06:25.998+0000][2353.290s][info ][safepoint     ] Entering safepoint region: Cleanup
[2023-10-31T09:06:25.999+0000][2353.292s][info ][safepoint     ] Leaving safepoint region
[2023-10-31T09:06:26.000+0000][2353.293s][info ][safepoint     ] Total time for which application threads were stopped: 0.0021570 seconds, Stopping threads took: 0.0009535 seconds
[2023-10-31T09:06:27.001+0000][2354.294s][debug][safepoint     ] Safepoint synchronization initiated. (186 threads)
[2023-10-31T09:06:27.002+0000][2354.295s][info ][safepoint     ] Application time: 1.0017825 seconds
[2023-10-31T09:06:27.004+0000][2354.296s][info ][safepoint     ] Entering safepoint region: Cleanup
[2023-10-31T09:06:27.005+0000][2354.297s][info ][safepoint     ] Leaving safepoint region
[2023-10-31T09:06:27.006+0000][2354.298s][info ][safepoint     ] Total time for which application threads were stopped: 0.0020313 seconds, Stopping threads took: 0.0008114 seconds
[2023-10-31T09:06:28.007+0000][2355.299s][debug][safepoint     ] Safepoint synchronization initiated. (186 threads)
[2023-10-31T09:06:28.007+0000][2355.300s][info ][safepoint     ] Application time: 1.0008861 seconds
[2023-10-31T09:06:28.008+0000][2355.301s][info ][safepoint     ] Entering safepoint region: Cleanup
[2023-10-31T09:06:28.009+0000][2355.301s][info ][safepoint     ] Leaving safepoint region
[2023-10-31T09:06:28.009+0000][2355.302s][info ][safepoint     ] Total time for which application threads were stopped: 0.0012266 seconds, Stopping threads took: 0.0005401 seconds
[2023-10-31T09:06:29.010+0000][2356.303s][debug][safepoint     ] Safepoint synchronization initiated. (186 threads)
[2023-10-31T09:06:29.011+0000][2356.304s][info ][safepoint     ] Application time: 1.0013796 seconds
[2023-10-31T09:06:29.012+0000][2356.304s][info ][safepoint     ] Entering safepoint region: Cleanup
[2023-10-31T09:06:29.012+0000][2356.305s][info ][safepoint     ] Leaving safepoint region
[2023-10-31T09:06:29.013+0000][2356.305s][info ][safepoint     ] Total time for which application threads were stopped: 0.0011237 seconds, Stopping threads took: 0.0003849 seconds
[2023-10-31T09:06:30.013+0000][2357.306s][debug][safepoint     ] Safepoint synchronization initiated. (186 threads)
[2023-10-31T09:06:30.015+0000][2357.307s][info ][safepoint     ] Application time: 1.0014876 seconds
[2023-10-31T09:06:30.016+0000][2357.308s][info ][safepoint     ] Entering safepoint region: Cleanup
[2023-10-31T09:06:30.017+0000][2357.310s][info ][safepoint     ] Leaving safepoint region
[2023-10-31T09:06:30.018+0000][2357.311s][info ][safepoint     ] Total time for which application threads were stopped: 0.0022798 seconds, Stopping threads took: 0.0010448 seconds
[2023-10-31T09:06:31.019+0000][2358.312s][debug][safepoint     ] Safepoint synchronization initiated. (186 threads)
[2023-10-31T09:06:31.020+0000][2358.313s][info ][safepoint     ] Application time: 1.0012656 seconds
[2023-10-31T09:06:31.021+0000][2358.314s][info ][safepoint     ] Entering safepoint region: Cleanup
[2023-10-31T09:06:31.022+0000][2358.315s][info ][safepoint     ] Leaving safepoint region
[2023-10-31T09:06:31.023+0000][2358.316s][info ][safepoint     ] Total time for which application threads were stopped: 0.0022330 seconds, Stopping threads took: 0.0010012 seconds
[2023-10-31T09:06:32.024+0000][2359.317s][debug][safepoint     ] Safepoint synchronization initiated. (186 threads)
[2023-10-31T09:06:32.025+0000][2359.318s][info ][safepoint     ] Application time: 1.0014356 seconds
[2023-10-31T09:06:32.026+0000][2359.319s][info ][safepoint     ] Entering safepoint region: Cleanup
[2023-10-31T09:06:32.028+0000][2359.320s][info ][safepoint     ] Leaving safepoint region
[2023-10-31T09:06:32.028+0000][2359.321s][info ][safepoint     ] Total time for which application threads were stopped: 0.0019972 seconds, Stopping threads took: 0.0008959 seconds
[2023-10-31T09:06:33.029+0000][2360.322s][debug][safepoint     ] Safepoint synchronization initiated. (186 threads)
[2023-10-31T09:06:33.031+0000][2360.323s][info ][safepoint     ] Application time: 1.0014994 seconds
[2023-10-31T09:06:33.032+0000][2360.325s][info ][safepoint     ] Entering safepoint region: Cleanup
[2023-10-31T09:06:33.033+0000][2360.326s][info ][safepoint     ] Leaving safepoint region
[2023-10-31T09:06:33.034+0000][2360.327s][info ][safepoint     ] Total time for which application threads were stopped: 0.0023939 seconds, Stopping threads took: 0.0010302 seconds
[2023-10-31T09:06:34.035+0000][2361.328s][debug][safepoint     ] Safepoint synchronization initiated. (186 threads)
[2023-10-31T09:06:34.036+0000][2361.329s][info ][safepoint     ] Application time: 1.0005860 seconds
[2023-10-31T09:06:34.036+0000][2361.329s][info ][safepoint     ] Entering safepoint region: Cleanup
[2023-10-31T09:06:34.037+0000][2361.329s][info ][safepoint     ] Leaving safepoint region
[2023-10-31T09:06:34.037+0000][2361.330s][info ][safepoint     ] Total time for which application threads were stopped: 0.0008857 seconds, Stopping threads took: 0.0003157 seconds
[2023-10-31T09:06:35.038+0000][2362.330s][debug][safepoint     ] Safepoint synchronization initiated. (186 threads)
[2023-10-31T09:06:35.039+0000][2362.331s][info ][safepoint     ] Application time: 1.0011940 seconds
[2023-10-31T09:06:35.039+0000][2362.332s][info ][safepoint     ] Entering safepoint region: Cleanup
[2023-10-31T09:06:35.040+0000][2362.333s][info ][safepoint     ] Leaving safepoint region
[2023-10-31T09:06:35.041+0000][2362.333s][info ][safepoint     ] Total time for which application threads were stopped: 0.0012435 seconds, Stopping threads took: 0.0005677 seconds
[2023-10-31T09:06:36.041+0000][2363.334s][debug][safepoint     ] Safepoint synchronization initiated. (186 threads)
[2023-10-31T09:06:36.042+0000][2363.335s][info ][safepoint     ] Application time: 1.0007359 seconds
[2023-10-31T09:06:36.042+0000][2363.335s][info ][safepoint     ] Entering safepoint region: Cleanup
[2023-10-31T09:06:36.043+0000][2363.336s][info ][safepoint     ] Leaving safepoint region
[2023-10-31T09:06:36.043+0000][2363.336s][info ][safepoint     ] Total time for which application threads were stopped: 0.0011234 seconds, Stopping threads took: 0.0004872 seconds
[2023-10-31T09:06:37.044+0000][2364.337s][debug][safepoint     ] Safepoint synchronization initiated. (186 threads)
[2023-10-31T09:06:37.044+0000][2364.337s][info ][safepoint     ] Application time: 1.0005898 seconds
[2023-10-31T09:06:37.045+0000][2364.337s][info ][safepoint     ] Entering safepoint region: Cleanup
[2023-10-31T09:06:37.045+0000][2364.338s][info ][safepoint     ] Leaving safepoint region
[2023-10-31T09:06:37.046+0000][2364.338s][info ][safepoint     ] Total time for which application threads were stopped: 0.0010032 seconds, Stopping threads took: 0.0004367 seconds
[2023-10-31T09:06:38.046+0000][2365.339s][debug][safepoint     ] Safepoint synchronization initiated. (186 threads)
[2023-10-31T09:06:38.047+0000][2365.340s][info ][safepoint     ] Application time: 1.0009796 seconds
[2023-10-31T09:06:38.048+0000][2365.341s][info ][safepoint     ] Entering safepoint region: Cleanup
[2023-10-31T09:06:38.049+0000][2365.341s][info ][safepoint     ] Leaving safepoint region
[2023-10-31T09:06:38.049+0000][2365.342s][info ][safepoint     ] Total time for which application threads were stopped: 0.0011832 seconds, Stopping threads took: 0.0005621 seconds
[2023-10-31T09:06:39.050+0000][2366.342s][debug][safepoint     ] Safepoint synchronization initiated. (186 threads)
[2023-10-31T09:06:39.051+0000][2366.343s][info ][safepoint     ] Application time: 1.0010891 seconds
[2023-10-31T09:06:39.051+0000][2366.344s][info ][safepoint     ] Entering safepoint region: Cleanup
[2023-10-31T09:06:39.052+0000][2366.345s][info ][safepoint     ] Leaving safepoint region
[2023-10-31T09:06:39.053+0000][2366.346s][info ][safepoint     ] Total time for which application threads were stopped: 0.0014961 seconds, Stopping threads took: 0.0007071 seconds
[2023-10-31T09:06:40.053+0000][2367.346s][debug][safepoint     ] Safepoint synchronization initiated. (186 threads)
[2023-10-31T09:06:40.054+0000][2367.347s][info ][safepoint     ] Application time: 1.0007521 seconds
[2023-10-31T09:06:40.055+0000][2367.347s][info ][safepoint     ] Entering safepoint region: Cleanup
[2023-10-31T09:06:40.055+0000][2367.348s][info ][safepoint     ] Leaving safepoint region
[2023-10-31T09:06:40.056+0000][2367.348s][info ][safepoint     ] Total time for which application threads were stopped: 0.0011963 seconds, Stopping threads took: 0.0004685 seconds
[2023-10-31T09:06:41.056+0000][2368.349s][debug][safepoint     ] Safepoint synchronization initiated. (186 threads)
[2023-10-31T09:06:41.057+0000][2368.350s][info ][safepoint     ] Application time: 1.0013863 seconds
[2023-10-31T09:06:41.058+0000][2368.351s][info ][safepoint     ] Entering safepoint region: Cleanup
[2023-10-31T09:06:41.059+0000][2368.352s][info ][safepoint     ] Leaving safepoint region
[2023-10-31T09:06:41.060+0000][2368.353s][info ][safepoint     ] Total time for which application threads were stopped: 0.0019009 seconds, Stopping threads took: 0.0009128 seconds
[2023-10-31T09:06:42.061+0000][2369.354s][debug][safepoint     ] Safepoint synchronization initiated. (186 threads)
[2023-10-31T09:06:42.061+0000][2369.354s][info ][safepoint     ] Application time: 1.0005731 seconds
[2023-10-31T09:06:42.062+0000][2369.355s][info ][safepoint     ] Entering safepoint region: Cleanup
[2023-10-31T09:06:42.062+0000][2369.355s][info ][safepoint     ] Leaving safepoint region
[2023-10-31T09:06:42.063+0000][2369.355s][info ][safepoint     ] Total time for which application threads were stopped: 0.0008696 seconds, Stopping threads took: 0.0003785 seconds
[2023-10-31T09:06:43.063+0000][2370.356s][debug][safepoint     ] Safepoint synchronization initiated. (186 threads)
[2023-10-31T09:06:43.064+0000][2370.356s][info ][safepoint     ] Application time: 1.0008352 seconds
[2023-10-31T09:06:43.064+0000][2370.357s][info ][safepoint     ] Entering safepoint region: Cleanup
[2023-10-31T09:06:43.065+0000][2370.358s][info ][safepoint     ] Leaving safepoint region
[2023-10-31T09:06:43.065+0000][2370.358s][info ][safepoint     ] Total time for which application threads were stopped: 0.0011092 seconds, Stopping threads took: 0.0004346 seconds
[2023-10-31T09:06:44.066+0000][2371.359s][debug][safepoint     ] Safepoint synchronization initiated. (186 threads)
[2023-10-31T09:06:44.066+0000][2371.359s][info ][safepoint     ] Application time: 1.0006888 seconds
[2023-10-31T09:06:44.067+0000][2371.359s][info ][safepoint     ] Entering safepoint region: Cleanup
[2023-10-31T09:06:44.067+0000][2371.360s][info ][safepoint     ] Leaving safepoint region
[2023-10-31T09:06:44.068+0000][2371.360s][info ][safepoint     ] Total time for which application threads were stopped: 0.0008274 seconds, Stopping threads took: 0.0003345 seconds
[2023-10-31T09:06:45.068+0000][2372.361s][debug][safepoint     ] Safepoint synchronization initiated. (186 threads)
[2023-10-31T09:06:45.069+0000][2372.362s][info ][safepoint     ] Application time: 1.0014476 seconds
[2023-10-31T09:06:45.070+0000][2372.363s][info ][safepoint     ] Entering safepoint region: Cleanup
[2023-10-31T09:06:45.071+0000][2372.364s][info ][safepoint     ] Leaving safepoint region
[2023-10-31T09:06:45.072+0000][2372.365s][info ][safepoint     ] Total time for which application threads were stopped: 0.0020042 seconds, Stopping threads took: 0.0008763 seconds
[2023-10-31T09:06:46.073+0000][2373.366s][debug][safepoint     ] Safepoint synchronization initiated. (186 threads)
[2023-10-31T09:06:46.074+0000][2373.366s][info ][safepoint     ] Application time: 1.0007078 seconds
[2023-10-31T09:06:46.074+0000][2373.367s][info ][safepoint     ] Entering safepoint region: Cleanup
[2023-10-31T09:06:46.075+0000][2373.367s][info ][safepoint     ] Leaving safepoint region
[2023-10-31T09:06:46.075+0000][2373.368s][info ][safepoint     ] Total time for which application threads were stopped: 0.0008337 seconds, Stopping threads took: 0.0003515 seconds
[2023-10-31T09:06:47.075+0000][2374.368s][debug][safepoint     ] Safepoint synchronization initiated. (186 threads)
[2023-10-31T09:06:47.076+0000][2374.369s][info ][safepoint     ] Application time: 1.0009984 seconds
[2023-10-31T09:06:47.077+0000][2374.370s][info ][safepoint     ] Entering safepoint region: Cleanup
[2023-10-31T09:06:47.078+0000][2374.370s][info ][safepoint     ] Leaving safepoint region
[2023-10-31T09:06:47.078+0000][2374.371s][info ][safepoint     ] Total time for which application threads were stopped: 0.0012109 seconds, Stopping threads took: 0.0005116 seconds
[2023-10-31T09:06:48.079+0000][2375.372s][debug][safepoint     ] Safepoint synchronization initiated. (186 threads)
[2023-10-31T09:06:48.079+0000][2375.372s][info ][safepoint     ] Application time: 1.0007333 seconds
[2023-10-31T09:06:48.080+0000][2375.373s][info ][safepoint     ] Entering safepoint region: Cleanup
[2023-10-31T09:06:48.081+0000][2375.373s][info ][safepoint     ] Leaving safepoint region
[2023-10-31T09:06:48.081+0000][2375.374s][info ][safepoint     ] Total time for which application threads were stopped: 0.0011912 seconds, Stopping threads took: 0.0005118 seconds
[2023-10-31T09:06:49.082+0000][2376.374s][debug][safepoint     ] Safepoint synchronization initiated. (186 threads)
[2023-10-31T09:06:49.082+0000][2376.375s][info ][safepoint     ] Application time: 1.0006141 seconds
[2023-10-31T09:06:49.083+0000][2376.375s][info ][safepoint     ] Entering safepoint region: Cleanup
[2023-10-31T09:06:49.083+0000][2376.376s][info ][safepoint     ] Leaving safepoint region
[2023-10-31T09:06:49.084+0000][2376.376s][info ][safepoint     ] Total time for which application threads were stopped: 0.0011227 seconds, Stopping threads took: 0.0005574 seconds
[2023-10-31T09:06:50.084+0000][2377.377s][debug][safepoint     ] Safepoint synchronization initiated. (186 threads)
[2023-10-31T09:06:50.084+0000][2377.377s][info ][safepoint     ] Application time: 1.0004774 seconds
[2023-10-31T09:06:50.085+0000][2377.378s][info ][safepoint     ] Entering safepoint region: Cleanup
[2023-10-31T09:06:50.085+0000][2377.378s][info ][safepoint     ] Leaving safepoint region
[2023-10-31T09:06:50.086+0000][2377.378s][info ][safepoint     ] Total time for which application threads were stopped: 0.0008075 seconds, Stopping threads took: 0.0003584 seconds
[2023-10-31T09:06:51.086+0000][2378.379s][debug][safepoint     ] Safepoint synchronization initiated. (186 threads)
[2023-10-31T09:06:51.087+0000][2378.380s][info ][safepoint     ] Application time: 1.0010692 seconds
[2023-10-31T09:06:51.088+0000][2378.380s][info ][safepoint     ] Entering safepoint region: Cleanup
[2023-10-31T09:06:51.088+0000][2378.381s][info ][safepoint     ] Leaving safepoint region
[2023-10-31T09:06:51.089+0000][2378.381s][info ][safepoint     ] Total time for which application threads were stopped: 0.0011906 seconds, Stopping threads took: 0.0005306 seconds
[2023-10-31T09:06:52.089+0000][2379.382s][debug][safepoint     ] Safepoint synchronization initiated. (186 threads)
[2023-10-31T09:06:52.090+0000][2379.383s][info ][safepoint     ] Application time: 1.0008856 seconds
[2023-10-31T09:06:52.091+0000][2379.383s][info ][safepoint     ] Entering safepoint region: Cleanup
[2023-10-31T09:06:52.091+0000][2379.384s][info ][safepoint     ] Leaving safepoint region
[2023-10-31T09:06:52.092+0000][2379.385s][info ][safepoint     ] Total time for which application threads were stopped: 0.0012032 seconds, Stopping threads took: 0.0005092 seconds
[2023-10-31T09:06:53.093+0000][2380.385s][debug][safepoint     ] Safepoint synchronization initiated. (186 threads)
[2023-10-31T09:06:53.093+0000][2380.386s][info ][safepoint     ] Application time: 1.0010400 seconds
[2023-10-31T09:06:53.094+0000][2380.387s][info ][safepoint     ] Entering safepoint region: Cleanup
[2023-10-31T09:06:53.095+0000][2380.388s][info ][safepoint     ] Leaving safepoint region
[2023-10-31T09:06:53.095+0000][2380.388s][info ][safepoint     ] Total time for which application threads were stopped: 0.0013403 seconds, Stopping threads took: 0.0006024 seconds
[2023-10-31T09:06:54.096+0000][2381.389s][debug][safepoint     ] Safepoint synchronization initiated. (186 threads)
[2023-10-31T09:06:54.096+0000][2381.389s][info ][safepoint     ] Application time: 1.0005917 seconds
[2023-10-31T09:06:54.097+0000][2381.389s][info ][safepoint     ] Entering safepoint region: Cleanup
[2023-10-31T09:06:54.097+0000][2381.390s][info ][safepoint     ] Leaving safepoint region
[2023-10-31T09:06:54.098+0000][2381.390s][info ][safepoint     ] Total time for which application threads were stopped: 0.0010507 seconds, Stopping threads took: 0.0003540 seconds
[2023-10-31T09:06:55.098+0000][2382.391s][debug][safepoint     ] Safepoint synchronization initiated. (186 threads)
[2023-10-31T09:06:55.100+0000][2382.392s][info ][safepoint     ] Application time: 1.0015852 seconds
[2023-10-31T09:06:55.101+0000][2382.393s][info ][safepoint     ] Entering safepoint region: Cleanup
[2023-10-31T09:06:55.102+0000][2382.395s][info ][safepoint     ] Leaving safepoint region
[2023-10-31T09:06:55.103+0000][2382.396s][info ][safepoint     ] Total time for which application threads were stopped: 0.0022407 seconds, Stopping threads took: 0.0010358 seconds
[2023-10-31T09:06:56.104+0000][2383.396s][debug][safepoint     ] Safepoint synchronization initiated. (186 threads)
[2023-10-31T09:06:56.104+0000][2383.397s][info ][safepoint     ] Application time: 1.0007554 seconds
[2023-10-31T09:06:56.105+0000][2383.398s][info ][safepoint     ] Entering safepoint region: Cleanup
[2023-10-31T09:06:56.106+0000][2383.399s][info ][safepoint     ] Leaving safepoint region
[2023-10-31T09:06:56.106+0000][2383.399s][info ][safepoint     ] Total time for which application threads were stopped: 0.0012994 seconds, Stopping threads took: 0.0006443 seconds
[2023-10-31T09:06:57.107+0000][2384.400s][debug][safepoint     ] Safepoint synchronization initiated. (186 threads)
[2023-10-31T09:06:57.108+0000][2384.401s][info ][safepoint     ] Application time: 1.0011633 seconds
[2023-10-31T09:06:57.109+0000][2384.402s][info ][safepoint     ] Entering safepoint region: Cleanup
[2023-10-31T09:06:57.110+0000][2384.403s][info ][safepoint     ] Leaving safepoint region
[2023-10-31T09:06:57.111+0000][2384.403s][info ][safepoint     ] Total time for which application threads were stopped: 0.0017551 seconds, Stopping threads took: 0.0008545 seconds
[2023-10-31T09:06:58.112+0000][2385.404s][debug][safepoint     ] Safepoint synchronization initiated. (186 threads)
[2023-10-31T09:06:58.112+0000][2385.405s][info ][safepoint     ] Application time: 1.0009420 seconds
[2023-10-31T09:06:58.113+0000][2385.406s][info ][safepoint     ] Entering safepoint region: Cleanup
[2023-10-31T09:06:58.113+0000][2385.406s][info ][safepoint     ] Leaving safepoint region
[2023-10-31T09:06:58.114+0000][2385.407s][info ][safepoint     ] Total time for which application threads were stopped: 0.0012983 seconds, Stopping threads took: 0.0005620 seconds
[2023-10-31T09:06:59.115+0000][2386.407s][debug][safepoint     ] Safepoint synchronization initiated. (186 threads)
[2023-10-31T09:06:59.116+0000][2386.408s][info ][safepoint     ] Application time: 1.0011107 seconds
[2023-10-31T09:06:59.116+0000][2386.409s][info ][safepoint     ] Entering safepoint region: Cleanup
[2023-10-31T09:06:59.117+0000][2386.409s][info ][safepoint     ] Leaving safepoint region
[2023-10-31T09:06:59.117+0000][2386.410s][info ][safepoint     ] Total time for which application threads were stopped: 0.0010760 seconds, Stopping threads took: 0.0004274 seconds
[2023-10-31T09:07:00.118+0000][2387.411s][debug][safepoint     ] Safepoint synchronization initiated. (186 threads)
[2023-10-31T09:07:00.119+0000][2387.411s][info ][safepoint     ] Application time: 1.0009057 seconds
[2023-10-31T09:07:00.119+0000][2387.412s][info ][safepoint     ] Entering safepoint region: Cleanup
[2023-10-31T09:07:00.120+0000][2387.413s][info ][safepoint     ] Leaving safepoint region
[2023-10-31T09:07:00.123+0000][2387.416s][info ][safepoint     ] Total time for which application threads were stopped: 0.0040003 seconds, Stopping threads took: 0.0005577 seconds
[2023-10-31T09:07:01.125+0000][2388.417s][debug][safepoint     ] Safepoint synchronization initiated. (186 threads)
[2023-10-31T09:07:01.130+0000][2388.423s][info ][safepoint     ] Application time: 1.0058977 seconds
[2023-10-31T09:07:01.131+0000][2388.424s][info ][safepoint     ] Entering safepoint region: Cleanup
[2023-10-31T09:07:01.137+0000][2388.430s][info ][safepoint     ] Leaving safepoint region
[2023-10-31T09:07:01.138+0000][2388.431s][info ][safepoint     ] Total time for which application threads were stopped: 0.0074210 seconds, Stopping threads took: 0.0054541 seconds
[2023-10-31T09:07:02.140+0000][2389.433s][debug][safepoint     ] Safepoint synchronization initiated. (186 threads)
[2023-10-31T09:07:02.145+0000][2389.438s][info ][safepoint     ] Application time: 1.0051864 seconds
[2023-10-31T09:07:02.146+0000][2389.439s][info ][safepoint     ] Entering safepoint region: Cleanup
[2023-10-31T09:07:02.148+0000][2389.440s][info ][safepoint     ] Leaving safepoint region
[2023-10-31T09:07:02.148+0000][2389.441s][info ][safepoint     ] Total time for which application threads were stopped: 0.0018942 seconds, Stopping threads took: 0.0009906 seconds
[2023-10-31T09:07:03.149+0000][2390.442s][debug][safepoint     ] Safepoint synchronization initiated. (186 threads)
[2023-10-31T09:07:03.177+0000][2390.470s][info ][safepoint     ] Application time: 1.0282964 seconds
[2023-10-31T09:07:03.221+0000][2390.514s][info ][safepoint     ] Entering safepoint region: Cleanup
[2023-10-31T09:07:03.249+0000][2390.542s][info ][safepoint     ] Leaving safepoint region
[2023-10-31T09:07:03.271+0000][2390.564s][info ][safepoint     ] Total time for which application threads were stopped: 0.0500838 seconds, Stopping threads took: 0.0283261 seconds
[2023-10-31T09:07:04.283+0000][2391.576s][debug][safepoint     ] Safepoint synchronization initiated. (185 threads)
[2023-10-31T09:07:04.308+0000][2391.601s][info ][safepoint     ] Application time: 1.0252027 seconds
[2023-10-31T09:07:04.332+0000][2391.625s][info ][safepoint     ] Entering safepoint region: Cleanup
[2023-10-31T09:07:04.397+0000][2391.689s][info ][safepoint     ] Leaving safepoint region
[2023-10-31T09:07:04.410+0000][2391.703s][info ][safepoint     ] Total time for which application threads were stopped: 0.0777871 seconds, Stopping threads took: 0.0642288 seconds
[2023-10-31T09:07:05.414+0000][2392.707s][debug][safepoint     ] Safepoint synchronization initiated. (185 threads)
[2023-10-31T09:07:05.432+0000][2392.725s][info ][safepoint     ] Application time: 1.0176272 seconds
[2023-10-31T09:07:05.440+0000][2392.733s][info ][safepoint     ] Entering safepoint region: Cleanup
[2023-10-31T09:07:05.458+0000][2392.751s][info ][safepoint     ] Leaving safepoint region
[2023-10-31T09:07:05.464+0000][2392.757s][info ][safepoint     ] Total time for which application threads were stopped: 0.0237271 seconds, Stopping threads took: 0.0177944 seconds
[2023-10-31T09:07:06.483+0000][2393.776s][debug][safepoint     ] Safepoint synchronization initiated. (186 threads)
[2023-10-31T09:07:06.485+0000][2393.778s][info ][safepoint     ] Application time: 1.0021187 seconds
[2023-10-31T09:07:06.500+0000][2393.793s][info ][safepoint     ] Entering safepoint region: Cleanup
[2023-10-31T09:07:06.506+0000][2393.799s][info ][safepoint     ] Leaving safepoint region
[2023-10-31T09:07:06.508+0000][2393.801s][info ][safepoint     ] Total time for which application threads were stopped: 0.0084155 seconds, Stopping threads took: 0.0011030 seconds
[2023-10-31T09:07:07.509+0000][2394.802s][debug][safepoint     ] Safepoint synchronization initiated. (186 threads)
[2023-10-31T09:07:07.510+0000][2394.803s][info ][safepoint     ] Application time: 1.0009059 seconds
[2023-10-31T09:07:07.510+0000][2394.803s][info ][safepoint     ] Entering safepoint region: Cleanup
[2023-10-31T09:07:07.511+0000][2394.804s][info ][safepoint     ] Leaving safepoint region
[2023-10-31T09:07:07.512+0000][2394.805s][info ][safepoint     ] Total time for which application threads were stopped: 0.0014483 seconds, Stopping threads took: 0.0006299 seconds
[2023-10-31T09:07:08.513+0000][2395.805s][debug][safepoint     ] Safepoint synchronization initiated. (186 threads)
[2023-10-31T09:07:08.513+0000][2395.806s][info ][safepoint     ] Application time: 1.0010265 seconds
[2023-10-31T09:07:08.514+0000][2395.807s][info ][safepoint     ] Entering safepoint region: Cleanup
[2023-10-31T09:07:08.515+0000][2395.808s][info ][safepoint     ] Leaving safepoint region
[2023-10-31T09:07:08.516+0000][2395.809s][info ][safepoint     ] Total time for which application threads were stopped: 0.0016271 seconds, Stopping threads took: 0.0006465 seconds
[2023-10-31T09:07:09.516+0000][2396.809s][debug][safepoint     ] Safepoint synchronization initiated. (186 threads)
[2023-10-31T09:07:09.517+0000][2396.810s][info ][safepoint     ] Application time: 1.0007324 seconds
[2023-10-31T09:07:09.518+0000][2396.811s][info ][safepoint     ] Entering safepoint region: Cleanup
[2023-10-31T09:07:09.519+0000][2396.811s][info ][safepoint     ] Leaving safepoint region
[2023-10-31T09:07:09.520+0000][2396.812s][info ][safepoint     ] Total time for which application threads were stopped: 0.0019806 seconds, Stopping threads took: 0.0007056 seconds
[2023-10-31T09:07:10.520+0000][2397.813s][debug][safepoint     ] Safepoint synchronization initiated. (186 threads)
[2023-10-31T09:07:10.521+0000][2397.814s][info ][safepoint     ] Application time: 1.0006780 seconds
[2023-10-31T09:07:10.521+0000][2397.814s][info ][safepoint     ] Entering safepoint region: Cleanup
[2023-10-31T09:07:10.522+0000][2397.815s][info ][safepoint     ] Leaving safepoint region
[2023-10-31T09:07:10.523+0000][2397.816s][info ][safepoint     ] Total time for which application threads were stopped: 0.0014411 seconds, Stopping threads took: 0.0007790 seconds
[2023-10-31T09:07:11.523+0000][2398.816s][debug][safepoint     ] Safepoint synchronization initiated. (186 threads)
[2023-10-31T09:07:11.524+0000][2398.817s][info ][safepoint     ] Application time: 1.0007795 seconds
[2023-10-31T09:07:11.525+0000][2398.817s][info ][safepoint     ] Entering safepoint region: Cleanup
[2023-10-31T09:07:11.525+0000][2398.818s][info ][safepoint     ] Leaving safepoint region
[2023-10-31T09:07:11.526+0000][2398.819s][info ][safepoint     ] Total time for which application threads were stopped: 0.0011814 seconds, Stopping threads took: 0.0004641 seconds
[2023-10-31T09:07:12.526+0000][2399.819s][debug][safepoint     ] Safepoint synchronization initiated. (186 threads)
[2023-10-31T09:07:12.527+0000][2399.820s][info ][safepoint     ] Application time: 1.0005959 seconds
[2023-10-31T09:07:12.527+0000][2399.820s][info ][safepoint     ] Entering safepoint region: Cleanup
[2023-10-31T09:07:12.528+0000][2399.821s][info ][safepoint     ] Leaving safepoint region
[2023-10-31T09:07:12.528+0000][2399.821s][info ][safepoint     ] Total time for which application threads were stopped: 0.0011223 seconds, Stopping threads took: 0.0004716 seconds
[2023-10-31T09:07:12.528+0000][2399.821s][debug][safepoint     ] ... found polling page return exception at pc = 0x00007f62e89d70c4, stub =0x00007f62e0840600
[2023-10-31T09:07:12.528+0000][2399.821s][debug][safepoint     ] ... found polling page return exception at pc = 0x00007f62e89d70c4, stub =0x00007f62e0840600
[2023-10-31T09:07:13.529+0000][2400.822s][debug][safepoint     ] Safepoint synchronization initiated. (187 threads)
[2023-10-31T09:07:13.529+0000][2400.822s][info ][safepoint     ] Application time: 1.0005269 seconds
[2023-10-31T09:07:13.530+0000][2400.822s][info ][safepoint     ] Entering safepoint region: Cleanup
[2023-10-31T09:07:13.530+0000][2400.823s][info ][safepoint     ] Leaving safepoint region
[2023-10-31T09:07:13.530+0000][2400.823s][info ][safepoint     ] Total time for which application threads were stopped: 0.0008132 seconds, Stopping threads took: 0.0003275 seconds
[2023-10-31T09:07:14.531+0000][2401.824s][debug][safepoint     ] Safepoint synchronization initiated. (187 threads)
[2023-10-31T09:07:14.532+0000][2401.824s][info ][safepoint     ] Application time: 1.0009435 seconds
[2023-10-31T09:07:14.532+0000][2401.825s][info ][safepoint     ] Entering safepoint region: Cleanup
[2023-10-31T09:07:14.533+0000][2401.826s][info ][safepoint     ] Leaving safepoint region
[2023-10-31T09:07:14.534+0000][2401.827s][info ][safepoint     ] Total time for which application threads were stopped: 0.0014496 seconds, Stopping threads took: 0.0004542 seconds
[2023-10-31T09:07:15.535+0000][2402.827s][debug][safepoint     ] Safepoint synchronization initiated. (187 threads)
[2023-10-31T09:07:15.535+0000][2402.828s][info ][safepoint     ] Application time: 1.0005401 seconds
[2023-10-31T09:07:15.535+0000][2402.828s][info ][safepoint     ] Entering safepoint region: Cleanup
[2023-10-31T09:07:15.536+0000][2402.829s][info ][safepoint     ] Leaving safepoint region
[2023-10-31T09:07:15.536+0000][2402.829s][info ][safepoint     ] Total time for which application threads were stopped: 0.0008094 seconds, Stopping threads took: 0.0003442 seconds
[2023-10-31T09:07:16.537+0000][2403.829s][debug][safepoint     ] Safepoint synchronization initiated. (187 threads)
[2023-10-31T09:07:16.538+0000][2403.830s][info ][safepoint     ] Application time: 1.0011927 seconds
[2023-10-31T09:07:16.538+0000][2403.831s][info ][safepoint     ] Entering safepoint region: Cleanup
[2023-10-31T09:07:16.539+0000][2403.832s][info ][safepoint     ] Leaving safepoint region
[2023-10-31T09:07:16.540+0000][2403.833s][info ][safepoint     ] Total time for which application threads were stopped: 0.0016625 seconds, Stopping threads took: 0.0007345 seconds
[2023-10-31T09:07:17.541+0000][2404.834s][debug][safepoint     ] Safepoint synchronization initiated. (187 threads)
[2023-10-31T09:07:17.542+0000][2404.835s][info ][safepoint     ] Application time: 1.0011756 seconds
[2023-10-31T09:07:17.543+0000][2404.836s][info ][safepoint     ] Entering safepoint region: Cleanup
[2023-10-31T09:07:17.544+0000][2404.837s][info ][safepoint     ] Leaving safepoint region
[2023-10-31T09:07:17.545+0000][2404.837s][info ][safepoint     ] Total time for which application threads were stopped: 0.0020145 seconds, Stopping threads took: 0.0008635 seconds
[2023-10-31T09:07:18.546+0000][2405.839s][debug][safepoint     ] Safepoint synchronization initiated. (187 threads)
[2023-10-31T09:07:18.547+0000][2405.839s][info ][safepoint     ] Application time: 1.0009000 seconds
[2023-10-31T09:07:18.547+0000][2405.840s][info ][safepoint     ] Entering safepoint region: Cleanup
[2023-10-31T09:07:18.548+0000][2405.841s][info ][safepoint     ] Leaving safepoint region
[2023-10-31T09:07:18.548+0000][2405.841s][info ][safepoint     ] Total time for which application threads were stopped: 0.0013020 seconds, Stopping threads took: 0.0005235 seconds
[2023-10-31T09:07:19.157+0000][2406.449s][debug][safepoint     ] Safepoint synchronization initiated. (187 threads)
[2023-10-31T09:07:19.158+0000][2406.451s][info ][safepoint     ] Application time: 0.6091025 seconds
[2023-10-31T09:07:19.159+0000][2406.452s][info ][safepoint     ] Entering safepoint region: G1CollectForAllocation
[2023-10-31T09:07:19.160+0000][2406.453s][info ][gc,start      ] GC(68) Pause Young (Normal) (G1 Evacuation Pause)
[2023-10-31T09:07:19.161+0000][2406.454s][info ][gc,task       ] GC(68) Using 8 workers of 8 for evacuation
[2023-10-31T09:07:19.173+0000][2406.466s][info ][gc,phases     ] GC(68)   Pre Evacuate Collection Set: 0.6ms
[2023-10-31T09:07:19.174+0000][2406.466s][info ][gc,phases     ] GC(68)   Evacuate Collection Set: 6.6ms
[2023-10-31T09:07:19.174+0000][2406.467s][info ][gc,phases     ] GC(68)   Post Evacuate Collection Set: 3.9ms
[2023-10-31T09:07:19.175+0000][2406.467s][info ][gc,phases     ] GC(68)   Other: 1.9ms
[2023-10-31T09:07:19.175+0000][2406.468s][info ][gc,heap       ] GC(68) Eden regions: 208->0(210)
[2023-10-31T09:07:19.176+0000][2406.468s][info ][gc,heap       ] GC(68) Survivor regions: 10->7(28)
[2023-10-31T09:07:19.176+0000][2406.469s][info ][gc,heap       ] GC(68) Old regions: 155->158
[2023-10-31T09:07:19.177+0000][2406.469s][info ][gc,heap       ] GC(68) Humongous regions: 40->40
[2023-10-31T09:07:19.177+0000][2406.470s][info ][gc,metaspace  ] GC(68) Metaspace: 170900K(176848K)->170900K(176848K) NonClass: 151190K(154832K)->151190K(154832K) Class: 19709K(22016K)->19709K(22016K)
[2023-10-31T09:07:19.178+0000][2406.470s][info ][gc            ] GC(68) Pause Young (Normal) (G1 Evacuation Pause) 410M->203M(470M) 17.439ms
[2023-10-31T09:07:19.178+0000][2406.471s][info ][gc,cpu        ] GC(68) User=0.07s Sys=0.00s Real=0.02s
[2023-10-31T09:07:19.179+0000][2406.472s][info ][safepoint     ] Leaving safepoint region
[2023-10-31T09:07:19.179+0000][2406.472s][info ][safepoint     ] Total time for which application threads were stopped: 0.0204092 seconds, Stopping threads took: 0.0009201 seconds
[2023-10-31T09:07:19.180+0000][2406.473s][info ][gc,stringdedup] Concurrent String Deduplication (2406.473s)
[2023-10-31T09:07:19.181+0000][2406.473s][info ][gc,stringdedup] Concurrent String Deduplication 55568.0B->1024.0B(54544.0B) avg 54.4% (2406.473s, 2406.473s) 0.790ms
[2023-10-31T09:07:20.180+0000][2407.473s][debug][safepoint     ] Safepoint synchronization initiated. (187 threads)
[2023-10-31T09:07:20.181+0000][2407.474s][info ][safepoint     ] Application time: 1.0012510 seconds
[2023-10-31T09:07:20.182+0000][2407.475s][info ][safepoint     ] Entering safepoint region: Cleanup
[2023-10-31T09:07:20.183+0000][2407.476s][info ][safepoint     ] Leaving safepoint region
[2023-10-31T09:07:20.184+0000][2407.476s][info ][safepoint     ] Total time for which application threads were stopped: 0.0017342 seconds, Stopping threads took: 0.0007312 seconds
[2023-10-31T09:07:21.185+0000][2408.477s][debug][safepoint     ] Safepoint synchronization initiated. (187 threads)
[2023-10-31T09:07:21.186+0000][2408.478s][info ][safepoint     ] Application time: 1.0012214 seconds
[2023-10-31T09:07:21.187+0000][2408.479s][info ][safepoint     ] Entering safepoint region: Cleanup
[2023-10-31T09:07:21.188+0000][2408.481s][info ][safepoint     ] Leaving safepoint region
[2023-10-31T09:07:21.189+0000][2408.481s][info ][safepoint     ] Total time for which application threads were stopped: 0.0021862 seconds, Stopping threads took: 0.0009534 seconds
[2023-10-31T09:07:22.190+0000][2409.483s][debug][safepoint     ] Safepoint synchronization initiated. (187 threads)
[2023-10-31T09:07:22.191+0000][2409.484s][info ][safepoint     ] Application time: 1.0015144 seconds
[2023-10-31T09:07:22.192+0000][2409.485s][info ][safepoint     ] Entering safepoint region: Cleanup
[2023-10-31T09:07:22.193+0000][2409.486s][info ][safepoint     ] Leaving safepoint region
[2023-10-31T09:07:22.194+0000][2409.487s][info ][safepoint     ] Total time for which application threads were stopped: 0.0021260 seconds, Stopping threads took: 0.0009102 seconds
[2023-10-31T09:07:23.195+0000][2410.488s][debug][safepoint     ] Safepoint synchronization initiated. (187 threads)
[2023-10-31T09:07:23.196+0000][2410.489s][info ][safepoint     ] Application time: 1.0013604 seconds
[2023-10-31T09:07:23.197+0000][2410.490s][info ][safepoint     ] Entering safepoint region: Cleanup
[2023-10-31T09:07:23.199+0000][2410.491s][info ][safepoint     ] Leaving safepoint region
[2023-10-31T09:07:23.200+0000][2410.492s][info ][safepoint     ] Total time for which application threads were stopped: 0.0023737 seconds, Stopping threads took: 0.0011019 seconds
[2023-10-31T09:07:24.201+0000][2411.493s][debug][safepoint     ] Safepoint synchronization initiated. (187 threads)
[2023-10-31T09:07:24.201+0000][2411.494s][info ][safepoint     ] Application time: 1.0008008 seconds
[2023-10-31T09:07:24.202+0000][2411.495s][info ][safepoint     ] Entering safepoint region: Cleanup
[2023-10-31T09:07:24.203+0000][2411.495s][info ][safepoint     ] Leaving safepoint region
[2023-10-31T09:07:24.203+0000][2411.496s][info ][safepoint     ] Total time for which application threads were stopped: 0.0013454 seconds, Stopping threads took: 0.0006057 seconds
[2023-10-31T09:07:25.204+0000][2412.497s][debug][safepoint     ] Safepoint synchronization initiated. (187 threads)
[2023-10-31T09:07:25.204+0000][2412.497s][info ][safepoint     ] Application time: 1.0006493 seconds
[2023-10-31T09:07:25.205+0000][2412.497s][info ][safepoint     ] Entering safepoint region: Cleanup
[2023-10-31T09:07:25.205+0000][2412.498s][info ][safepoint     ] Leaving safepoint region
[2023-10-31T09:07:25.206+0000][2412.498s][info ][safepoint     ] Total time for which application threads were stopped: 0.0011279 seconds, Stopping threads took: 0.0004328 seconds
[2023-10-31T09:07:26.206+0000][2413.499s][debug][safepoint     ] Safepoint synchronization initiated. (187 threads)
[2023-10-31T09:07:26.206+0000][2413.499s][info ][safepoint     ] Application time: 1.0004962 seconds
[2023-10-31T09:07:26.207+0000][2413.500s][info ][safepoint     ] Entering safepoint region: Cleanup
[2023-10-31T09:07:26.207+0000][2413.500s][info ][safepoint     ] Leaving safepoint region
[2023-10-31T09:07:26.208+0000][2413.500s][info ][safepoint     ] Total time for which application threads were stopped: 0.0009639 seconds, Stopping threads took: 0.0003157 seconds
[2023-10-31T09:07:27.208+0000][2414.501s][debug][safepoint     ] Safepoint synchronization initiated. (187 threads)
[2023-10-31T09:07:27.210+0000][2414.502s][info ][safepoint     ] Application time: 1.0015806 seconds
[2023-10-31T09:07:27.210+0000][2414.503s][info ][safepoint     ] Entering safepoint region: Cleanup
[2023-10-31T09:07:27.212+0000][2414.504s][info ][safepoint     ] Leaving safepoint region
[2023-10-31T09:07:27.212+0000][2414.505s][info ][safepoint     ] Total time for which application threads were stopped: 0.0020019 seconds, Stopping threads took: 0.0010115 seconds
[2023-10-31T09:07:28.212+0000][2415.506s][debug][safepoint     ] Safepoint synchronization initiated. (187 threads)
[2023-10-31T09:07:28.213+0000][2415.507s][info ][safepoint     ] Application time: 1.0007370 seconds
[2023-10-31T09:07:28.213+0000][2415.507s][info ][safepoint     ] Entering safepoint region: Cleanup
[2023-10-31T09:07:28.214+0000][2415.508s][info ][safepoint     ] Leaving safepoint region
[2023-10-31T09:07:28.214+0000][2415.508s][info ][safepoint     ] Total time for which application threads were stopped: 0.0012296 seconds, Stopping threads took: 0.0005777 seconds
[2023-10-31T09:07:29.215+0000][2416.509s][debug][safepoint     ] Safepoint synchronization initiated. (187 threads)
[2023-10-31T09:07:29.216+0000][2416.510s][info ][safepoint     ] Application time: 1.0012086 seconds
[2023-10-31T09:07:29.217+0000][2416.511s][info ][safepoint     ] Entering safepoint region: Cleanup
[2023-10-31T09:07:29.218+0000][2416.512s][info ][safepoint     ] Leaving safepoint region
[2023-10-31T09:07:29.218+0000][2416.512s][info ][safepoint     ] Total time for which application threads were stopped: 0.0016459 seconds, Stopping threads took: 0.0006864 seconds
[2023-10-31T09:07:30.219+0000][2417.513s][debug][safepoint     ] Safepoint synchronization initiated. (187 threads)
[2023-10-31T09:07:30.220+0000][2417.514s][info ][safepoint     ] Application time: 1.0012813 seconds
[2023-10-31T09:07:30.221+0000][2417.515s][info ][safepoint     ] Entering safepoint region: Cleanup
[2023-10-31T09:07:30.223+0000][2417.517s][info ][safepoint     ] Leaving safepoint region
[2023-10-31T09:07:30.224+0000][2417.517s][info ][safepoint     ] Total time for which application threads were stopped: 0.0022281 seconds, Stopping threads took: 0.0010169 seconds
[2023-10-31T09:07:31.225+0000][2418.518s][debug][safepoint     ] Safepoint synchronization initiated. (187 threads)
[2023-10-31T09:07:31.225+0000][2418.519s][info ][safepoint     ] Application time: 1.0012226 seconds
[2023-10-31T09:07:31.226+0000][2418.520s][info ][safepoint     ] Entering safepoint region: Cleanup
[2023-10-31T09:07:31.228+0000][2418.521s][info ][safepoint     ] Leaving safepoint region
[2023-10-31T09:07:31.228+0000][2418.522s][info ][safepoint     ] Total time for which application threads were stopped: 0.0020283 seconds, Stopping threads took: 0.0009310 seconds
[2023-10-31T09:07:32.229+0000][2419.523s][debug][safepoint     ] Safepoint synchronization initiated. (187 threads)
[2023-10-31T09:07:32.230+0000][2419.523s][info ][safepoint     ] Application time: 1.0004989 seconds
[2023-10-31T09:07:32.230+0000][2419.524s][info ][safepoint     ] Entering safepoint region: Cleanup
[2023-10-31T09:07:32.230+0000][2419.524s][info ][safepoint     ] Leaving safepoint region
[2023-10-31T09:07:32.231+0000][2419.524s][info ][safepoint     ] Total time for which application threads were stopped: 0.0007455 seconds, Stopping threads took: 0.0003278 seconds
[2023-10-31T09:07:33.231+0000][2420.525s][debug][safepoint     ] Safepoint synchronization initiated. (187 threads)
[2023-10-31T09:07:33.233+0000][2420.526s][info ][safepoint     ] Application time: 1.0016283 seconds
[2023-10-31T09:07:33.234+0000][2420.528s][info ][safepoint     ] Entering safepoint region: Cleanup
[2023-10-31T09:07:33.235+0000][2420.529s][info ][safepoint     ] Leaving safepoint region
[2023-10-31T09:07:33.236+0000][2420.530s][info ][safepoint     ] Total time for which application threads were stopped: 0.0023576 seconds, Stopping threads took: 0.0009903 seconds
[2023-10-31T09:07:34.237+0000][2421.531s][debug][safepoint     ] Safepoint synchronization initiated. (187 threads)
[2023-10-31T09:07:34.238+0000][2421.532s][info ][safepoint     ] Application time: 1.0012474 seconds
[2023-10-31T09:07:34.239+0000][2421.533s][info ][safepoint     ] Entering safepoint region: Cleanup
[2023-10-31T09:07:34.240+0000][2421.534s][info ][safepoint     ] Leaving safepoint region
[2023-10-31T09:07:34.241+0000][2421.535s][info ][safepoint     ] Total time for which application threads were stopped: 0.0019307 seconds, Stopping threads took: 0.0008220 seconds
[2023-10-31T09:07:35.242+0000][2422.535s][debug][safepoint     ] Safepoint synchronization initiated. (187 threads)
[2023-10-31T09:07:35.243+0000][2422.537s][info ][safepoint     ] Application time: 1.0015463 seconds
[2023-10-31T09:07:35.244+0000][2422.538s][info ][safepoint     ] Entering safepoint region: Cleanup
[2023-10-31T09:07:35.245+0000][2422.539s][info ][safepoint     ] Leaving safepoint region
[2023-10-31T09:07:35.246+0000][2422.540s][info ][safepoint     ] Total time for which application threads were stopped: 0.0024364 seconds, Stopping threads took: 0.0010596 seconds
[2023-10-31T09:07:36.247+0000][2423.541s][debug][safepoint     ] Safepoint synchronization initiated. (187 threads)
[2023-10-31T09:07:36.249+0000][2423.543s][info ][safepoint     ] Application time: 1.0016867 seconds
[2023-10-31T09:07:36.250+0000][2423.543s][info ][safepoint     ] Entering safepoint region: Cleanup
[2023-10-31T09:07:36.251+0000][2423.545s][info ][safepoint     ] Leaving safepoint region
[2023-10-31T09:07:36.251+0000][2423.545s][info ][safepoint     ] Total time for which application threads were stopped: 0.0019576 seconds, Stopping threads took: 0.0009095 seconds
[2023-10-31T09:07:37.252+0000][2424.546s][debug][safepoint     ] Safepoint synchronization initiated. (187 threads)
[2023-10-31T09:07:37.254+0000][2424.548s][info ][safepoint     ] Application time: 1.0015525 seconds
[2023-10-31T09:07:37.255+0000][2424.549s][info ][safepoint     ] Entering safepoint region: Cleanup
[2023-10-31T09:07:37.256+0000][2424.550s][info ][safepoint     ] Leaving safepoint region
[2023-10-31T09:07:37.257+0000][2424.551s][info ][safepoint     ] Total time for which application threads were stopped: 0.0025665 seconds, Stopping threads took: 0.0010402 seconds
[2023-10-31T09:07:38.259+0000][2425.552s][debug][safepoint     ] Safepoint synchronization initiated. (187 threads)
[2023-10-31T09:07:38.260+0000][2425.554s][info ][safepoint     ] Application time: 1.0015606 seconds
[2023-10-31T09:07:38.261+0000][2425.555s][info ][safepoint     ] Entering safepoint region: Cleanup
[2023-10-31T09:07:38.262+0000][2425.556s][info ][safepoint     ] Leaving safepoint region
[2023-10-31T09:07:38.263+0000][2425.557s][info ][safepoint     ] Total time for which application threads were stopped: 0.0026479 seconds, Stopping threads took: 0.0010785 seconds
[2023-10-31T09:07:39.265+0000][2426.558s][debug][safepoint     ] Safepoint synchronization initiated. (187 threads)
[2023-10-31T09:07:39.266+0000][2426.559s][info ][safepoint     ] Application time: 1.0011623 seconds
[2023-10-31T09:07:39.266+0000][2426.560s][info ][safepoint     ] Entering safepoint region: Cleanup
[2023-10-31T09:07:39.268+0000][2426.561s][info ][safepoint     ] Leaving safepoint region
[2023-10-31T09:07:39.268+0000][2426.562s][info ][safepoint     ] Total time for which application threads were stopped: 0.0019573 seconds, Stopping threads took: 0.0009075 seconds
[2023-10-31T09:07:40.269+0000][2427.563s][debug][safepoint     ] Safepoint synchronization initiated. (187 threads)
[2023-10-31T09:07:40.270+0000][2427.564s][info ][safepoint     ] Application time: 1.0009769 seconds
[2023-10-31T09:07:40.271+0000][2427.565s][info ][safepoint     ] Entering safepoint region: Cleanup
[2023-10-31T09:07:40.272+0000][2427.565s][info ][safepoint     ] Leaving safepoint region
[2023-10-31T09:07:40.272+0000][2427.566s][info ][safepoint     ] Total time for which application threads were stopped: 0.0011334 seconds, Stopping threads took: 0.0005664 seconds
[2023-10-31T09:07:41.273+0000][2428.566s][debug][safepoint     ] Safepoint synchronization initiated. (187 threads)
[2023-10-31T09:07:41.273+0000][2428.567s][info ][safepoint     ] Application time: 1.0008187 seconds
[2023-10-31T09:07:41.274+0000][2428.568s][info ][safepoint     ] Entering safepoint region: Cleanup
[2023-10-31T09:07:41.275+0000][2428.568s][info ][safepoint     ] Leaving safepoint region
[2023-10-31T09:07:41.275+0000][2428.569s][info ][safepoint     ] Total time for which application threads were stopped: 0.0011476 seconds, Stopping threads took: 0.0006196 seconds
[2023-10-31T09:07:42.275+0000][2429.569s][debug][safepoint     ] Safepoint synchronization initiated. (187 threads)
[2023-10-31T09:07:42.276+0000][2429.570s][info ][safepoint     ] Application time: 1.0006260 seconds
[2023-10-31T09:07:42.276+0000][2429.570s][info ][safepoint     ] Entering safepoint region: Cleanup
[2023-10-31T09:07:42.277+0000][2429.571s][info ][safepoint     ] Leaving safepoint region
[2023-10-31T09:07:42.277+0000][2429.571s][info ][safepoint     ] Total time for which application threads were stopped: 0.0008522 seconds, Stopping threads took: 0.0003672 seconds
[2023-10-31T09:07:43.278+0000][2430.572s][debug][safepoint     ] Safepoint synchronization initiated. (187 threads)
[2023-10-31T09:07:43.278+0000][2430.572s][info ][safepoint     ] Application time: 1.0007728 seconds
[2023-10-31T09:07:43.279+0000][2430.573s][info ][safepoint     ] Entering safepoint region: Cleanup
[2023-10-31T09:07:43.280+0000][2430.574s][info ][safepoint     ] Leaving safepoint region
[2023-10-31T09:07:43.280+0000][2430.574s][info ][safepoint     ] Total time for which application threads were stopped: 0.0011478 seconds, Stopping threads took: 0.0004867 seconds
[2023-10-31T09:07:44.281+0000][2431.575s][debug][safepoint     ] Safepoint synchronization initiated. (187 threads)
[2023-10-31T09:07:44.282+0000][2431.576s][info ][safepoint     ] Application time: 1.0011492 seconds
[2023-10-31T09:07:44.283+0000][2431.576s][info ][safepoint     ] Entering safepoint region: Cleanup
[2023-10-31T09:07:44.284+0000][2431.577s][info ][safepoint     ] Leaving safepoint region
[2023-10-31T09:07:44.284+0000][2431.578s][info ][safepoint     ] Total time for which application threads were stopped: 0.0017899 seconds, Stopping threads took: 0.0008963 seconds
[2023-10-31T09:07:45.285+0000][2432.579s][debug][safepoint     ] Safepoint synchronization initiated. (187 threads)
[2023-10-31T09:07:45.286+0000][2432.580s][info ][safepoint     ] Application time: 1.0010485 seconds
[2023-10-31T09:07:45.287+0000][2432.580s][info ][safepoint     ] Entering safepoint region: Cleanup
[2023-10-31T09:07:45.288+0000][2432.581s][info ][safepoint     ] Leaving safepoint region
[2023-10-31T09:07:45.288+0000][2432.582s][info ][safepoint     ] Total time for which application threads were stopped: 0.0015038 seconds, Stopping threads took: 0.0006187 seconds
[2023-10-31T09:07:46.289+0000][2433.583s][debug][safepoint     ] Safepoint synchronization initiated. (187 threads)
[2023-10-31T09:07:46.290+0000][2433.584s][info ][safepoint     ] Application time: 1.0012205 seconds
[2023-10-31T09:07:46.291+0000][2433.585s][info ][safepoint     ] Entering safepoint region: Cleanup
[2023-10-31T09:07:46.292+0000][2433.586s][info ][safepoint     ] Leaving safepoint region
[2023-10-31T09:07:46.293+0000][2433.586s][info ][safepoint     ] Total time for which application threads were stopped: 0.0017361 seconds, Stopping threads took: 0.0008095 seconds
[2023-10-31T09:07:47.294+0000][2434.587s][debug][safepoint     ] Safepoint synchronization initiated. (187 threads)
[2023-10-31T09:07:47.294+0000][2434.588s][info ][safepoint     ] Application time: 1.0011462 seconds
[2023-10-31T09:07:47.295+0000][2434.589s][info ][safepoint     ] Entering safepoint region: Cleanup
[2023-10-31T09:07:47.297+0000][2434.590s][info ][safepoint     ] Leaving safepoint region
[2023-10-31T09:07:47.297+0000][2434.591s][info ][safepoint     ] Total time for which application threads were stopped: 0.0020058 seconds, Stopping threads took: 0.0008354 seconds
[2023-10-31T09:07:48.298+0000][2435.592s][debug][safepoint     ] Safepoint synchronization initiated. (187 threads)
[2023-10-31T09:07:48.299+0000][2435.593s][info ][safepoint     ] Application time: 1.0008127 seconds
[2023-10-31T09:07:48.299+0000][2435.593s][info ][safepoint     ] Entering safepoint region: Cleanup
[2023-10-31T09:07:48.300+0000][2435.594s][info ][safepoint     ] Leaving safepoint region
[2023-10-31T09:07:48.300+0000][2435.594s][info ][safepoint     ] Total time for which application threads were stopped: 0.0010361 seconds, Stopping threads took: 0.0005569 seconds
[2023-10-31T09:07:49.301+0000][2436.595s][debug][safepoint     ] Safepoint synchronization initiated. (187 threads)
[2023-10-31T09:07:49.301+0000][2436.595s][info ][safepoint     ] Application time: 1.0007241 seconds
[2023-10-31T09:07:49.302+0000][2436.596s][info ][safepoint     ] Entering safepoint region: Cleanup
[2023-10-31T09:07:49.302+0000][2436.596s][info ][safepoint     ] Leaving safepoint region
[2023-10-31T09:07:49.303+0000][2436.596s][info ][safepoint     ] Total time for which application threads were stopped: 0.0007244 seconds, Stopping threads took: 0.0003011 seconds
[2023-10-31T09:07:50.303+0000][2437.597s][debug][safepoint     ] Safepoint synchronization initiated. (187 threads)
[2023-10-31T09:07:50.304+0000][2437.598s][info ][safepoint     ] Application time: 1.0010784 seconds
[2023-10-31T09:07:50.304+0000][2437.598s][info ][safepoint     ] Entering safepoint region: Cleanup
[2023-10-31T09:07:50.305+0000][2437.599s][info ][safepoint     ] Leaving safepoint region
[2023-10-31T09:07:50.306+0000][2437.600s][info ][safepoint     ] Total time for which application threads were stopped: 0.0015694 seconds, Stopping threads took: 0.0007815 seconds
[2023-10-31T09:07:51.307+0000][2438.601s][debug][safepoint     ] Safepoint synchronization initiated. (187 threads)
[2023-10-31T09:07:51.308+0000][2438.602s][info ][safepoint     ] Application time: 1.0012435 seconds
[2023-10-31T09:07:51.309+0000][2438.603s][info ][safepoint     ] Entering safepoint region: Cleanup
[2023-10-31T09:07:51.310+0000][2438.604s][info ][safepoint     ] Leaving safepoint region
[2023-10-31T09:07:51.311+0000][2438.604s][info ][safepoint     ] Total time for which application threads were stopped: 0.0019892 seconds, Stopping threads took: 0.0008866 seconds
[2023-10-31T09:07:52.312+0000][2439.605s][debug][safepoint     ] Safepoint synchronization initiated. (187 threads)
[2023-10-31T09:07:52.312+0000][2439.606s][info ][safepoint     ] Application time: 1.0007023 seconds
[2023-10-31T09:07:52.313+0000][2439.606s][info ][safepoint     ] Entering safepoint region: Cleanup
[2023-10-31T09:07:52.313+0000][2439.607s][info ][safepoint     ] Leaving safepoint region
[2023-10-31T09:07:52.313+0000][2439.607s][info ][safepoint     ] Total time for which application threads were stopped: 0.0007523 seconds, Stopping threads took: 0.0003137 seconds
[2023-10-31T09:07:53.314+0000][2440.608s][debug][safepoint     ] Safepoint synchronization initiated. (187 threads)
[2023-10-31T09:07:53.314+0000][2440.608s][info ][safepoint     ] Application time: 1.0007316 seconds
[2023-10-31T09:07:53.315+0000][2440.609s][info ][safepoint     ] Entering safepoint region: Cleanup
[2023-10-31T09:07:53.316+0000][2440.609s][info ][safepoint     ] Leaving safepoint region
[2023-10-31T09:07:53.316+0000][2440.610s][info ][safepoint     ] Total time for which application threads were stopped: 0.0012423 seconds, Stopping threads took: 0.0005702 seconds
[2023-10-31T09:07:54.316+0000][2441.610s][debug][safepoint     ] Safepoint synchronization initiated. (187 threads)
[2023-10-31T09:07:54.317+0000][2441.611s][info ][safepoint     ] Application time: 1.0010826 seconds
[2023-10-31T09:07:54.318+0000][2441.612s][info ][safepoint     ] Entering safepoint region: Cleanup
[2023-10-31T09:07:54.319+0000][2441.613s][info ][safepoint     ] Leaving safepoint region
[2023-10-31T09:07:54.320+0000][2441.614s][info ][safepoint     ] Total time for which application threads were stopped: 0.0017475 seconds, Stopping threads took: 0.0007659 seconds
[2023-10-31T09:07:55.321+0000][2442.615s][debug][safepoint     ] Safepoint synchronization initiated. (187 threads)
[2023-10-31T09:07:55.322+0000][2442.616s][info ][safepoint     ] Application time: 1.0017914 seconds
[2023-10-31T09:07:55.323+0000][2442.617s][info ][safepoint     ] Entering safepoint region: Cleanup
[2023-10-31T09:07:55.324+0000][2442.618s][info ][safepoint     ] Leaving safepoint region
[2023-10-31T09:07:55.325+0000][2442.619s][info ][safepoint     ] Total time for which application threads were stopped: 0.0023900 seconds, Stopping threads took: 0.0010824 seconds
[2023-10-31T09:07:56.326+0000][2443.620s][debug][safepoint     ] Safepoint synchronization initiated. (187 threads)
[2023-10-31T09:07:56.327+0000][2443.621s][info ][safepoint     ] Application time: 1.0008477 seconds
[2023-10-31T09:07:56.328+0000][2443.622s][info ][safepoint     ] Entering safepoint region: Cleanup
[2023-10-31T09:07:56.328+0000][2443.622s][info ][safepoint     ] Leaving safepoint region
[2023-10-31T09:07:56.329+0000][2443.623s][info ][safepoint     ] Total time for which application threads were stopped: 0.0012694 seconds, Stopping threads took: 0.0004633 seconds
[2023-10-31T09:07:57.330+0000][2444.623s][debug][safepoint     ] Safepoint synchronization initiated. (187 threads)
[2023-10-31T09:07:57.330+0000][2444.624s][info ][safepoint     ] Application time: 1.0011003 seconds
[2023-10-31T09:07:57.331+0000][2444.625s][info ][safepoint     ] Entering safepoint region: Cleanup
[2023-10-31T09:07:57.332+0000][2444.626s][info ][safepoint     ] Leaving safepoint region
[2023-10-31T09:07:57.333+0000][2444.627s][info ][safepoint     ] Total time for which application threads were stopped: 0.0019619 seconds, Stopping threads took: 0.0008798 seconds
[2023-10-31T09:07:58.335+0000][2445.628s][debug][safepoint     ] Safepoint synchronization initiated. (187 threads)
[2023-10-31T09:07:58.336+0000][2445.629s][info ][safepoint     ] Application time: 1.0009499 seconds
[2023-10-31T09:07:58.337+0000][2445.629s][info ][safepoint     ] Entering safepoint region: Cleanup
[2023-10-31T09:07:58.338+0000][2445.630s][info ][safepoint     ] Leaving safepoint region
[2023-10-31T09:07:58.338+0000][2445.631s][info ][safepoint     ] Total time for which application threads were stopped: 0.0016854 seconds, Stopping threads took: 0.0007169 seconds
[2023-10-31T09:07:59.339+0000][2446.632s][debug][safepoint     ] Safepoint synchronization initiated. (187 threads)
[2023-10-31T09:07:59.340+0000][2446.633s][info ][safepoint     ] Application time: 1.0015171 seconds
[2023-10-31T09:07:59.341+0000][2446.634s][info ][safepoint     ] Entering safepoint region: Cleanup
[2023-10-31T09:07:59.342+0000][2446.635s][info ][safepoint     ] Leaving safepoint region
[2023-10-31T09:07:59.343+0000][2446.636s][info ][safepoint     ] Total time for which application threads were stopped: 0.0018584 seconds, Stopping threads took: 0.0010340 seconds
[2023-10-31T09:08:00.344+0000][2447.636s][debug][safepoint     ] Safepoint synchronization initiated. (187 threads)
[2023-10-31T09:08:00.345+0000][2447.638s][info ][safepoint     ] Application time: 1.0014231 seconds
[2023-10-31T09:08:00.346+0000][2447.638s][info ][safepoint     ] Entering safepoint region: Cleanup
[2023-10-31T09:08:00.347+0000][2447.639s][info ][safepoint     ] Leaving safepoint region
[2023-10-31T09:08:00.347+0000][2447.640s][info ][safepoint     ] Total time for which application threads were stopped: 0.0015852 seconds, Stopping threads took: 0.0007246 seconds
[2023-10-31T09:08:01.348+0000][2448.641s][debug][safepoint     ] Safepoint synchronization initiated. (187 threads)
[2023-10-31T09:08:01.349+0000][2448.641s][info ][safepoint     ] Application time: 1.0008538 seconds
[2023-10-31T09:08:01.349+0000][2448.642s][info ][safepoint     ] Entering safepoint region: Cleanup
[2023-10-31T09:08:01.350+0000][2448.642s][info ][safepoint     ] Leaving safepoint region
[2023-10-31T09:08:01.350+0000][2448.643s][info ][safepoint     ] Total time for which application threads were stopped: 0.0010920 seconds, Stopping threads took: 0.0004025 seconds
[2023-10-31T09:08:02.351+0000][2449.644s][debug][safepoint     ] Safepoint synchronization initiated. (187 threads)
[2023-10-31T09:08:02.352+0000][2449.644s][info ][safepoint     ] Application time: 1.0009416 seconds
[2023-10-31T09:08:02.352+0000][2449.645s][info ][safepoint     ] Entering safepoint region: Cleanup
[2023-10-31T09:08:02.353+0000][2449.646s][info ][safepoint     ] Leaving safepoint region
[2023-10-31T09:08:02.354+0000][2449.646s][info ][safepoint     ] Total time for which application threads were stopped: 0.0012900 seconds, Stopping threads took: 0.0005225 seconds
[2023-10-31T09:08:03.354+0000][2450.647s][debug][safepoint     ] Safepoint synchronization initiated. (187 threads)
[2023-10-31T09:08:03.355+0000][2450.648s][info ][safepoint     ] Application time: 1.0008130 seconds
[2023-10-31T09:08:03.356+0000][2450.648s][info ][safepoint     ] Entering safepoint region: Cleanup
[2023-10-31T09:08:03.356+0000][2450.649s][info ][safepoint     ] Leaving safepoint region
[2023-10-31T09:08:03.357+0000][2450.650s][info ][safepoint     ] Total time for which application threads were stopped: 0.0016116 seconds, Stopping threads took: 0.0007090 seconds
[2023-10-31T09:08:04.358+0000][2451.650s][debug][safepoint     ] Safepoint synchronization initiated. (187 threads)
[2023-10-31T09:08:04.358+0000][2451.651s][info ][safepoint     ] Application time: 1.0006931 seconds
[2023-10-31T09:08:04.359+0000][2451.651s][info ][safepoint     ] Entering safepoint region: Cleanup
[2023-10-31T09:08:04.359+0000][2451.652s][info ][safepoint     ] Leaving safepoint region
[2023-10-31T09:08:04.360+0000][2451.652s][info ][safepoint     ] Total time for which application threads were stopped: 0.0010268 seconds, Stopping threads took: 0.0004425 seconds
[2023-10-31T09:08:05.360+0000][2452.653s][debug][safepoint     ] Safepoint synchronization initiated. (187 threads)
[2023-10-31T09:08:05.361+0000][2452.653s][info ][safepoint     ] Application time: 1.0007569 seconds
[2023-10-31T09:08:05.361+0000][2452.654s][info ][safepoint     ] Entering safepoint region: Cleanup
[2023-10-31T09:08:05.362+0000][2452.654s][info ][safepoint     ] Leaving safepoint region
[2023-10-31T09:08:05.362+0000][2452.655s][info ][safepoint     ] Total time for which application threads were stopped: 0.0009565 seconds, Stopping threads took: 0.0003698 seconds
[2023-10-31T09:08:05.362+0000][2452.654s][debug][safepoint     ] ... found polling page return exception at pc = 0x00007f62e89d70c4, stub =0x00007f62e0840600
[2023-10-31T09:08:05.362+0000][2452.654s][debug][safepoint     ] ... found polling page return exception at pc = 0x00007f62e89d70c4, stub =0x00007f62e0840600
[2023-10-31T09:08:05.362+0000][2452.654s][debug][safepoint     ] ... found polling page return exception at pc = 0x00007f62e89d70c4, stub =0x00007f62e0840600
[2023-10-31T09:08:05.362+0000][2452.654s][debug][safepoint     ] ... found polling page return exception at pc = 0x00007f62e89d70c4, stub =0x00007f62e0840600
[2023-10-31T09:08:05.362+0000][2452.654s][debug][safepoint     ] ... found polling page return exception at pc = 0x00007f62e89d70c4, stub =0x00007f62e0840600
[2023-10-31T09:08:05.362+0000][2452.654s][debug][safepoint     ] ... found polling page return exception at pc = 0x00007f62e89d70c4, stub =0x00007f62e0840600
[2023-10-31T09:08:06.363+0000][2453.655s][debug][safepoint     ] Safepoint synchronization initiated. (187 threads)
[2023-10-31T09:08:06.364+0000][2453.656s][info ][safepoint     ] Application time: 1.0013235 seconds
[2023-10-31T09:08:06.365+0000][2453.657s][info ][safepoint     ] Entering safepoint region: Cleanup
[2023-10-31T09:08:06.366+0000][2453.659s][info ][safepoint     ] Leaving safepoint region
[2023-10-31T09:08:06.366+0000][2453.659s][info ][safepoint     ] Total time for which application threads were stopped: 0.0017336 seconds, Stopping threads took: 0.0010722 seconds
[2023-10-31T09:08:07.367+0000][2454.660s][debug][safepoint     ] Safepoint synchronization initiated. (187 threads)
[2023-10-31T09:08:07.368+0000][2454.661s][info ][safepoint     ] Application time: 1.0011599 seconds
[2023-10-31T09:08:07.369+0000][2454.662s][info ][safepoint     ] Entering safepoint region: Cleanup
[2023-10-31T09:08:07.370+0000][2454.663s][info ][safepoint     ] Leaving safepoint region
[2023-10-31T09:08:07.371+0000][2454.663s][info ][safepoint     ] Total time for which application threads were stopped: 0.0018452 seconds, Stopping threads took: 0.0009126 seconds
[2023-10-31T09:08:08.371+0000][2455.664s][debug][safepoint     ] Safepoint synchronization initiated. (187 threads)
[2023-10-31T09:08:08.372+0000][2455.665s][info ][safepoint     ] Application time: 1.0006850 seconds
[2023-10-31T09:08:08.373+0000][2455.665s][info ][safepoint     ] Entering safepoint region: Cleanup
[2023-10-31T09:08:08.373+0000][2455.666s][info ][safepoint     ] Leaving safepoint region
[2023-10-31T09:08:08.374+0000][2455.667s][info ][safepoint     ] Total time for which application threads were stopped: 0.0013378 seconds, Stopping threads took: 0.0006273 seconds
[2023-10-31T09:08:09.375+0000][2456.667s][debug][safepoint     ] Safepoint synchronization initiated. (187 threads)
[2023-10-31T09:08:09.375+0000][2456.668s][info ][safepoint     ] Application time: 1.0010721 seconds
[2023-10-31T09:08:09.376+0000][2456.669s][info ][safepoint     ] Entering safepoint region: Cleanup
[2023-10-31T09:08:09.377+0000][2456.669s][info ][safepoint     ] Leaving safepoint region
[2023-10-31T09:08:09.377+0000][2456.670s][info ][safepoint     ] Total time for which application threads were stopped: 0.0011260 seconds, Stopping threads took: 0.0005149 seconds
[2023-10-31T09:08:10.377+0000][2457.670s][debug][safepoint     ] Safepoint synchronization initiated. (187 threads)
[2023-10-31T09:08:10.378+0000][2457.671s][info ][safepoint     ] Application time: 1.0006750 seconds
[2023-10-31T09:08:10.378+0000][2457.671s][info ][safepoint     ] Entering safepoint region: Cleanup
[2023-10-31T09:08:10.379+0000][2457.672s][info ][safepoint     ] Leaving safepoint region
[2023-10-31T09:08:10.379+0000][2457.672s][info ][safepoint     ] Total time for which application threads were stopped: 0.0010630 seconds, Stopping threads took: 0.0003640 seconds
[2023-10-31T09:08:11.381+0000][2458.674s][debug][safepoint     ] Safepoint synchronization initiated. (187 threads)
[2023-10-31T09:08:11.382+0000][2458.674s][info ][safepoint     ] Application time: 1.0012877 seconds
[2023-10-31T09:08:11.383+0000][2458.675s][info ][safepoint     ] Entering safepoint region: Cleanup
[2023-10-31T09:08:11.384+0000][2458.677s][info ][safepoint     ] Leaving safepoint region
[2023-10-31T09:08:11.385+0000][2458.677s][info ][safepoint     ] Total time for which application threads were stopped: 0.0019361 seconds, Stopping threads took: 0.0008513 seconds
[2023-10-31T09:08:12.385+0000][2459.678s][debug][safepoint     ] Safepoint synchronization initiated. (187 threads)
[2023-10-31T09:08:12.386+0000][2459.679s][info ][safepoint     ] Application time: 1.0005543 seconds
[2023-10-31T09:08:12.386+0000][2459.679s][info ][safepoint     ] Entering safepoint region: Cleanup
[2023-10-31T09:08:12.387+0000][2459.679s][info ][safepoint     ] Leaving safepoint region
[2023-10-31T09:08:12.387+0000][2459.680s][info ][safepoint     ] Total time for which application threads were stopped: 0.0009167 seconds, Stopping threads took: 0.0003722 seconds
[2023-10-31T09:08:13.388+0000][2460.680s][debug][safepoint     ] Safepoint synchronization initiated. (186 threads)
[2023-10-31T09:08:13.388+0000][2460.681s][info ][safepoint     ] Application time: 1.0007550 seconds
[2023-10-31T09:08:13.389+0000][2460.681s][info ][safepoint     ] Entering safepoint region: Cleanup
[2023-10-31T09:08:13.390+0000][2460.682s][info ][safepoint     ] Leaving safepoint region
[2023-10-31T09:08:13.390+0000][2460.683s][info ][safepoint     ] Total time for which application threads were stopped: 0.0012910 seconds, Stopping threads took: 0.0005778 seconds
[2023-10-31T09:08:14.391+0000][2461.683s][debug][safepoint     ] Safepoint synchronization initiated. (186 threads)
[2023-10-31T09:08:14.392+0000][2461.685s][info ][safepoint     ] Application time: 1.0015773 seconds
[2023-10-31T09:08:14.393+0000][2461.686s][info ][safepoint     ] Entering safepoint region: Cleanup
[2023-10-31T09:08:14.395+0000][2461.687s][info ][safepoint     ] Leaving safepoint region
[2023-10-31T09:08:14.395+0000][2461.688s][info ][safepoint     ] Total time for which application threads were stopped: 0.0024307 seconds, Stopping threads took: 0.0011455 seconds
[2023-10-31T09:08:15.396+0000][2462.689s][debug][safepoint     ] Safepoint synchronization initiated. (186 threads)
[2023-10-31T09:08:15.397+0000][2462.690s][info ][safepoint     ] Application time: 1.0007393 seconds
[2023-10-31T09:08:15.398+0000][2462.690s][info ][safepoint     ] Entering safepoint region: Cleanup
[2023-10-31T09:08:15.398+0000][2462.691s][info ][safepoint     ] Leaving safepoint region
[2023-10-31T09:08:15.398+0000][2462.691s][info ][safepoint     ] Total time for which application threads were stopped: 0.0008374 seconds, Stopping threads took: 0.0003622 seconds
[2023-10-31T09:08:16.399+0000][2463.692s][debug][safepoint     ] Safepoint synchronization initiated. (186 threads)
[2023-10-31T09:08:16.400+0000][2463.693s][info ][safepoint     ] Application time: 1.0014291 seconds
[2023-10-31T09:08:16.401+0000][2463.694s][info ][safepoint     ] Entering safepoint region: Cleanup
[2023-10-31T09:08:16.402+0000][2463.695s][info ][safepoint     ] Leaving safepoint region
[2023-10-31T09:08:16.403+0000][2463.695s][info ][safepoint     ] Total time for which application threads were stopped: 0.0018576 seconds, Stopping threads took: 0.0008146 seconds
[2023-10-31T09:08:17.404+0000][2464.696s][debug][safepoint     ] Safepoint synchronization initiated. (186 threads)
[2023-10-31T09:08:17.404+0000][2464.697s][info ][safepoint     ] Application time: 1.0007394 seconds
[2023-10-31T09:08:17.405+0000][2464.697s][info ][safepoint     ] Entering safepoint region: Cleanup
[2023-10-31T09:08:17.405+0000][2464.698s][info ][safepoint     ] Leaving safepoint region
[2023-10-31T09:08:17.406+0000][2464.699s][info ][safepoint     ] Total time for which application threads were stopped: 0.0012439 seconds, Stopping threads took: 0.0005973 seconds
[2023-10-31T09:08:18.407+0000][2465.699s][debug][safepoint     ] Safepoint synchronization initiated. (186 threads)
[2023-10-31T09:08:18.407+0000][2465.700s][info ][safepoint     ] Application time: 1.0010145 seconds
[2023-10-31T09:08:18.408+0000][2465.701s][info ][safepoint     ] Entering safepoint region: Cleanup
[2023-10-31T09:08:18.409+0000][2465.702s][info ][safepoint     ] Leaving safepoint region
[2023-10-31T09:08:18.409+0000][2465.702s][info ][safepoint     ] Total time for which application threads were stopped: 0.0014336 seconds, Stopping threads took: 0.0006330 seconds
[2023-10-31T09:08:19.410+0000][2466.703s][debug][safepoint     ] Safepoint synchronization initiated. (186 threads)
[2023-10-31T09:08:19.411+0000][2466.704s][info ][safepoint     ] Application time: 1.0015536 seconds
[2023-10-31T09:08:19.412+0000][2466.705s][info ][safepoint     ] Entering safepoint region: Cleanup
[2023-10-31T09:08:19.413+0000][2466.706s][info ][safepoint     ] Leaving safepoint region
[2023-10-31T09:08:19.414+0000][2466.707s][info ][safepoint     ] Total time for which application threads were stopped: 0.0019807 seconds, Stopping threads took: 0.0008246 seconds
[2023-10-31T09:08:20.415+0000][2467.708s][debug][safepoint     ] Safepoint synchronization initiated. (186 threads)
[2023-10-31T09:08:20.416+0000][2467.709s][info ][safepoint     ] Application time: 1.0011363 seconds
[2023-10-31T09:08:20.417+0000][2467.710s][info ][safepoint     ] Entering safepoint region: Cleanup
[2023-10-31T09:08:20.418+0000][2467.711s][info ][safepoint     ] Leaving safepoint region
[2023-10-31T09:08:20.419+0000][2467.711s][info ][safepoint     ] Total time for which application threads were stopped: 0.0016907 seconds, Stopping threads took: 0.0007513 seconds
[2023-10-31T09:08:21.420+0000][2468.712s][debug][safepoint     ] Safepoint synchronization initiated. (186 threads)
[2023-10-31T09:08:21.420+0000][2468.713s][info ][safepoint     ] Application time: 1.0008074 seconds
[2023-10-31T09:08:21.421+0000][2468.714s][info ][safepoint     ] Entering safepoint region: Cleanup
[2023-10-31T09:08:21.422+0000][2468.714s][info ][safepoint     ] Leaving safepoint region
[2023-10-31T09:08:21.422+0000][2468.715s][info ][safepoint     ] Total time for which application threads were stopped: 0.0012889 seconds, Stopping threads took: 0.0005227 seconds
[2023-10-31T09:08:22.423+0000][2469.716s][debug][safepoint     ] Safepoint synchronization initiated. (186 threads)
[2023-10-31T09:08:22.424+0000][2469.716s][info ][safepoint     ] Application time: 1.0008657 seconds
[2023-10-31T09:08:22.424+0000][2469.717s][info ][safepoint     ] Entering safepoint region: Cleanup
[2023-10-31T09:08:22.425+0000][2469.718s][info ][safepoint     ] Leaving safepoint region
[2023-10-31T09:08:22.425+0000][2469.718s][info ][safepoint     ] Total time for which application threads were stopped: 0.0012914 seconds, Stopping threads took: 0.0005656 seconds
[2023-10-31T09:08:23.426+0000][2470.719s][debug][safepoint     ] Safepoint synchronization initiated. (186 threads)
[2023-10-31T09:08:23.427+0000][2470.720s][info ][safepoint     ] Application time: 1.0014812 seconds
[2023-10-31T09:08:23.429+0000][2470.721s][info ][safepoint     ] Entering safepoint region: Cleanup
[2023-10-31T09:08:23.430+0000][2470.723s][info ][safepoint     ] Leaving safepoint region
[2023-10-31T09:08:23.431+0000][2470.724s][info ][safepoint     ] Total time for which application threads were stopped: 0.0023847 seconds, Stopping threads took: 0.0010094 seconds
[2023-10-31T09:08:24.432+0000][2471.725s][debug][safepoint     ] Safepoint synchronization initiated. (186 threads)
[2023-10-31T09:08:24.433+0000][2471.726s][info ][safepoint     ] Application time: 1.0015537 seconds
[2023-10-31T09:08:24.434+0000][2471.727s][info ][safepoint     ] Entering safepoint region: Cleanup
[2023-10-31T09:08:24.436+0000][2471.729s][info ][safepoint     ] Leaving safepoint region
[2023-10-31T09:08:24.437+0000][2471.729s][info ][safepoint     ] Total time for which application threads were stopped: 0.0025645 seconds, Stopping threads took: 0.0011489 seconds
[2023-10-31T09:08:25.438+0000][2472.731s][debug][safepoint     ] Safepoint synchronization initiated. (186 threads)
[2023-10-31T09:08:25.439+0000][2472.732s][info ][safepoint     ] Application time: 1.0013847 seconds
[2023-10-31T09:08:25.440+0000][2472.733s][info ][safepoint     ] Entering safepoint region: Cleanup
[2023-10-31T09:08:25.442+0000][2472.734s][info ][safepoint     ] Leaving safepoint region
[2023-10-31T09:08:25.443+0000][2472.735s][info ][safepoint     ] Total time for which application threads were stopped: 0.0023767 seconds, Stopping threads took: 0.0010541 seconds
[2023-10-31T09:08:26.444+0000][2473.736s][debug][safepoint     ] Safepoint synchronization initiated. (186 threads)
[2023-10-31T09:08:26.444+0000][2473.737s][info ][safepoint     ] Application time: 1.0008445 seconds
[2023-10-31T09:08:26.445+0000][2473.737s][info ][safepoint     ] Entering safepoint region: Cleanup
[2023-10-31T09:08:26.445+0000][2473.738s][info ][safepoint     ] Leaving safepoint region
[2023-10-31T09:08:26.446+0000][2473.739s][info ][safepoint     ] Total time for which application threads were stopped: 0.0012332 seconds, Stopping threads took: 0.0006074 seconds
[2023-10-31T09:08:27.446+0000][2474.739s][debug][safepoint     ] Safepoint synchronization initiated. (186 threads)
[2023-10-31T09:08:27.447+0000][2474.740s][info ][safepoint     ] Application time: 1.0008823 seconds
[2023-10-31T09:08:27.448+0000][2474.741s][info ][safepoint     ] Entering safepoint region: Cleanup
[2023-10-31T09:08:27.449+0000][2474.742s][info ][safepoint     ] Leaving safepoint region
[2023-10-31T09:08:27.450+0000][2474.742s][info ][safepoint     ] Total time for which application threads were stopped: 0.0016135 seconds, Stopping threads took: 0.0006799 seconds
[2023-10-31T09:08:28.450+0000][2475.743s][debug][safepoint     ] Safepoint synchronization initiated. (186 threads)
[2023-10-31T09:08:28.451+0000][2475.744s][info ][safepoint     ] Application time: 1.0008698 seconds
[2023-10-31T09:08:28.452+0000][2475.745s][info ][safepoint     ] Entering safepoint region: Cleanup
[2023-10-31T09:08:28.453+0000][2475.746s][info ][safepoint     ] Leaving safepoint region
[2023-10-31T09:08:28.453+0000][2475.746s][info ][safepoint     ] Total time for which application threads were stopped: 0.0014933 seconds, Stopping threads took: 0.0009036 seconds
[2023-10-31T09:08:29.454+0000][2476.747s][debug][safepoint     ] Safepoint synchronization initiated. (186 threads)
[2023-10-31T09:08:29.455+0000][2476.748s][info ][safepoint     ] Application time: 1.0012317 seconds
[2023-10-31T09:08:29.455+0000][2476.748s][info ][safepoint     ] Entering safepoint region: Cleanup
[2023-10-31T09:08:29.456+0000][2476.749s][info ][safepoint     ] Leaving safepoint region
[2023-10-31T09:08:29.457+0000][2476.750s][info ][safepoint     ] Total time for which application threads were stopped: 0.0018038 seconds, Stopping threads took: 0.0007871 seconds
[2023-10-31T09:08:30.458+0000][2477.751s][debug][safepoint     ] Safepoint synchronization initiated. (186 threads)
[2023-10-31T09:08:30.459+0000][2477.751s][info ][safepoint     ] Application time: 1.0006890 seconds
[2023-10-31T09:08:30.459+0000][2477.752s][info ][safepoint     ] Entering safepoint region: Cleanup
[2023-10-31T09:08:30.460+0000][2477.753s][info ][safepoint     ] Leaving safepoint region
[2023-10-31T09:08:30.460+0000][2477.753s][info ][safepoint     ] Total time for which application threads were stopped: 0.0010989 seconds, Stopping threads took: 0.0004505 seconds
[2023-10-31T09:08:31.461+0000][2478.754s][debug][safepoint     ] Safepoint synchronization initiated. (186 threads)
[2023-10-31T09:08:31.461+0000][2478.754s][info ][safepoint     ] Application time: 1.0008138 seconds
[2023-10-31T09:08:31.462+0000][2478.755s][info ][safepoint     ] Entering safepoint region: Cleanup
[2023-10-31T09:08:31.462+0000][2478.755s][info ][safepoint     ] Leaving safepoint region
[2023-10-31T09:08:31.463+0000][2478.756s][info ][safepoint     ] Total time for which application threads were stopped: 0.0010955 seconds, Stopping threads took: 0.0004995 seconds
[2023-10-31T09:08:32.463+0000][2479.756s][debug][safepoint     ] Safepoint synchronization initiated. (186 threads)
[2023-10-31T09:08:32.464+0000][2479.757s][info ][safepoint     ] Application time: 1.0005812 seconds
[2023-10-31T09:08:32.464+0000][2479.757s][info ][safepoint     ] Entering safepoint region: Cleanup
[2023-10-31T09:08:32.464+0000][2479.757s][info ][safepoint     ] Leaving safepoint region
[2023-10-31T09:08:32.465+0000][2479.758s][info ][safepoint     ] Total time for which application threads were stopped: 0.0007613 seconds, Stopping threads took: 0.0002912 seconds
[2023-10-31T09:08:33.465+0000][2480.758s][debug][safepoint     ] Safepoint synchronization initiated. (186 threads)
[2023-10-31T09:08:33.467+0000][2480.760s][info ][safepoint     ] Application time: 1.0015454 seconds
[2023-10-31T09:08:33.468+0000][2480.761s][info ][safepoint     ] Entering safepoint region: Cleanup
[2023-10-31T09:08:33.469+0000][2480.762s][info ][safepoint     ] Leaving safepoint region
[2023-10-31T09:08:33.470+0000][2480.763s][info ][safepoint     ] Total time for which application threads were stopped: 0.0023670 seconds, Stopping threads took: 0.0010337 seconds
[2023-10-31T09:08:34.471+0000][2481.764s][debug][safepoint     ] Safepoint synchronization initiated. (186 threads)
[2023-10-31T09:08:34.472+0000][2481.765s][info ][safepoint     ] Application time: 1.0009218 seconds
[2023-10-31T09:08:34.472+0000][2481.765s][info ][safepoint     ] Entering safepoint region: Cleanup
[2023-10-31T09:08:34.473+0000][2481.766s][info ][safepoint     ] Leaving safepoint region
[2023-10-31T09:08:34.474+0000][2481.767s][info ][safepoint     ] Total time for which application threads were stopped: 0.0018382 seconds, Stopping threads took: 0.0005805 seconds
[2023-10-31T09:08:35.475+0000][2482.768s][debug][safepoint     ] Safepoint synchronization initiated. (186 threads)
[2023-10-31T09:08:35.476+0000][2482.769s][info ][safepoint     ] Application time: 1.0013762 seconds
[2023-10-31T09:08:35.477+0000][2482.770s][info ][safepoint     ] Entering safepoint region: Cleanup
[2023-10-31T09:08:35.478+0000][2482.771s][info ][safepoint     ] Leaving safepoint region
[2023-10-31T09:08:35.479+0000][2482.772s][info ][safepoint     ] Total time for which application threads were stopped: 0.0020697 seconds, Stopping threads took: 0.0009682 seconds
[2023-10-31T09:08:36.480+0000][2483.773s][debug][safepoint     ] Safepoint synchronization initiated. (186 threads)
[2023-10-31T09:08:36.480+0000][2483.773s][info ][safepoint     ] Application time: 1.0007653 seconds
[2023-10-31T09:08:36.481+0000][2483.774s][info ][safepoint     ] Entering safepoint region: Cleanup
[2023-10-31T09:08:36.481+0000][2483.774s][info ][safepoint     ] Leaving safepoint region
[2023-10-31T09:08:36.481+0000][2483.774s][debug][safepoint     ] ... found polling page return exception at pc = 0x00007f62e89d70c4, stub =0x00007f62e0840600
[2023-10-31T09:08:36.481+0000][2483.774s][debug][safepoint     ] ... found polling page return exception at pc = 0x00007f62e89d70c4, stub =0x00007f62e0840600
[2023-10-31T09:08:36.481+0000][2483.774s][debug][safepoint     ] ... found polling page return exception at pc = 0x00007f62e89d70c4, stub =0x00007f62e0840600
[2023-10-31T09:08:36.481+0000][2483.774s][debug][safepoint     ] ... found polling page return exception at pc = 0x00007f62e89d70c4, stub =0x00007f62e0840600
[2023-10-31T09:08:36.481+0000][2483.774s][debug][safepoint     ] ... found polling page return exception at pc = 0x00007f62e89d70c4, stub =0x00007f62e0840600
[2023-10-31T09:08:36.481+0000][2483.774s][debug][safepoint     ] ... found polling page return exception at pc = 0x00007f62e89d70c4, stub =0x00007f62e0840600
[2023-10-31T09:08:36.481+0000][2483.774s][debug][safepoint     ] ... found polling page return exception at pc = 0x00007f62e89d70c4, stub =0x00007f62e0840600
[2023-10-31T09:08:36.482+0000][2483.775s][info ][safepoint     ] Total time for which application threads were stopped: 0.0010595 seconds, Stopping threads took: 0.0004351 seconds
[2023-10-31T09:08:37.485+0000][2484.778s][debug][safepoint     ] Safepoint synchronization initiated. (186 threads)
[2023-10-31T09:08:37.487+0000][2484.779s][info ][safepoint     ] Application time: 1.0014426 seconds
[2023-10-31T09:08:37.488+0000][2484.780s][info ][safepoint     ] Entering safepoint region: Cleanup
[2023-10-31T09:08:37.489+0000][2484.782s][info ][safepoint     ] Leaving safepoint region
[2023-10-31T09:08:37.490+0000][2484.782s][info ][safepoint     ] Total time for which application threads were stopped: 0.0020585 seconds, Stopping threads took: 0.0010041 seconds
[2023-10-31T09:08:38.490+0000][2485.783s][debug][safepoint     ] Safepoint synchronization initiated. (186 threads)
[2023-10-31T09:08:38.491+0000][2485.784s][info ][safepoint     ] Application time: 1.0008849 seconds
[2023-10-31T09:08:38.492+0000][2485.785s][info ][safepoint     ] Entering safepoint region: Cleanup
[2023-10-31T09:08:38.492+0000][2485.785s][info ][safepoint     ] Leaving safepoint region
[2023-10-31T09:08:38.493+0000][2485.786s][info ][safepoint     ] Total time for which application threads were stopped: 0.0013382 seconds, Stopping threads took: 0.0005782 seconds
[2023-10-31T09:08:39.494+0000][2486.787s][debug][safepoint     ] Safepoint synchronization initiated. (186 threads)
[2023-10-31T09:08:39.494+0000][2486.787s][info ][safepoint     ] Application time: 1.0007528 seconds
[2023-10-31T09:08:39.495+0000][2486.788s][info ][safepoint     ] Entering safepoint region: Cleanup
[2023-10-31T09:08:39.495+0000][2486.788s][info ][safepoint     ] Leaving safepoint region
[2023-10-31T09:08:39.496+0000][2486.789s][info ][safepoint     ] Total time for which application threads were stopped: 0.0011293 seconds, Stopping threads took: 0.0005456 seconds
[2023-10-31T09:08:40.496+0000][2487.789s][debug][safepoint     ] Safepoint synchronization initiated. (186 threads)
[2023-10-31T09:08:40.497+0000][2487.790s][info ][safepoint     ] Application time: 1.0011056 seconds
[2023-10-31T09:08:40.498+0000][2487.791s][info ][safepoint     ] Entering safepoint region: Cleanup
[2023-10-31T09:08:40.499+0000][2487.792s][info ][safepoint     ] Leaving safepoint region
[2023-10-31T09:08:40.500+0000][2487.793s][info ][safepoint     ] Total time for which application threads were stopped: 0.0016778 seconds, Stopping threads took: 0.0007202 seconds
[2023-10-31T09:08:41.501+0000][2488.794s][debug][safepoint     ] Safepoint synchronization initiated. (186 threads)
[2023-10-31T09:08:41.501+0000][2488.794s][info ][safepoint     ] Application time: 1.0007836 seconds
[2023-10-31T09:08:41.502+0000][2488.795s][info ][safepoint     ] Entering safepoint region: Cleanup
[2023-10-31T09:08:41.502+0000][2488.795s][info ][safepoint     ] Leaving safepoint region
[2023-10-31T09:08:41.503+0000][2488.796s][info ][safepoint     ] Total time for which application threads were stopped: 0.0009193 seconds, Stopping threads took: 0.0003454 seconds
[2023-10-31T09:08:42.503+0000][2489.796s][debug][safepoint     ] Safepoint synchronization initiated. (186 threads)
[2023-10-31T09:08:42.504+0000][2489.797s][info ][safepoint     ] Application time: 1.0008021 seconds
[2023-10-31T09:08:42.504+0000][2489.797s][info ][safepoint     ] Entering safepoint region: Cleanup
[2023-10-31T09:08:42.505+0000][2489.798s][info ][safepoint     ] Leaving safepoint region
[2023-10-31T09:08:42.506+0000][2489.799s][info ][safepoint     ] Total time for which application threads were stopped: 0.0016307 seconds, Stopping threads took: 0.0007081 seconds
[2023-10-31T09:08:43.507+0000][2490.800s][debug][safepoint     ] Safepoint synchronization initiated. (186 threads)
[2023-10-31T09:08:43.507+0000][2490.800s][info ][safepoint     ] Application time: 1.0010227 seconds
[2023-10-31T09:08:43.508+0000][2490.801s][info ][safepoint     ] Entering safepoint region: Cleanup
[2023-10-31T09:08:43.509+0000][2490.802s][info ][safepoint     ] Leaving safepoint region
[2023-10-31T09:08:43.510+0000][2490.803s][info ][safepoint     ] Total time for which application threads were stopped: 0.0017638 seconds, Stopping threads took: 0.0007219 seconds
[2023-10-31T09:08:44.511+0000][2491.804s][debug][safepoint     ] Safepoint synchronization initiated. (186 threads)
[2023-10-31T09:08:44.512+0000][2491.805s][info ][safepoint     ] Application time: 1.0012799 seconds
[2023-10-31T09:08:44.513+0000][2491.806s][info ][safepoint     ] Entering safepoint region: Cleanup
[2023-10-31T09:08:44.513+0000][2491.806s][info ][safepoint     ] Leaving safepoint region
[2023-10-31T09:08:44.514+0000][2491.807s][info ][safepoint     ] Total time for which application threads were stopped: 0.0012199 seconds, Stopping threads took: 0.0005199 seconds
[2023-10-31T09:08:45.515+0000][2492.808s][debug][safepoint     ] Safepoint synchronization initiated. (186 threads)
[2023-10-31T09:08:45.515+0000][2492.808s][info ][safepoint     ] Application time: 1.0010659 seconds
[2023-10-31T09:08:45.516+0000][2492.809s][info ][safepoint     ] Entering safepoint region: Cleanup
[2023-10-31T09:08:45.517+0000][2492.810s][info ][safepoint     ] Leaving safepoint region
[2023-10-31T09:08:45.517+0000][2492.810s][info ][safepoint     ] Total time for which application threads were stopped: 0.0010675 seconds, Stopping threads took: 0.0004923 seconds
[2023-10-31T09:08:46.518+0000][2493.811s][debug][safepoint     ] Safepoint synchronization initiated. (186 threads)
[2023-10-31T09:08:46.518+0000][2493.811s][info ][safepoint     ] Application time: 1.0008459 seconds
[2023-10-31T09:08:46.519+0000][2493.812s][info ][safepoint     ] Entering safepoint region: Cleanup
[2023-10-31T09:08:46.520+0000][2493.812s][info ][safepoint     ] Leaving safepoint region
[2023-10-31T09:08:46.520+0000][2493.813s][info ][safepoint     ] Total time for which application threads were stopped: 0.0012126 seconds, Stopping threads took: 0.0004962 seconds
[2023-10-31T09:08:47.521+0000][2494.814s][debug][safepoint     ] Safepoint synchronization initiated. (186 threads)
[2023-10-31T09:08:47.522+0000][2494.815s][info ][safepoint     ] Application time: 1.0013009 seconds
[2023-10-31T09:08:47.523+0000][2494.816s][info ][safepoint     ] Entering safepoint region: Cleanup
[2023-10-31T09:08:47.524+0000][2494.817s][info ][safepoint     ] Leaving safepoint region
[2023-10-31T09:08:47.524+0000][2494.817s][info ][safepoint     ] Total time for which application threads were stopped: 0.0017509 seconds, Stopping threads took: 0.0009326 seconds
[2023-10-31T09:08:48.525+0000][2495.818s][debug][safepoint     ] Safepoint synchronization initiated. (186 threads)
[2023-10-31T09:08:48.526+0000][2495.819s][info ][safepoint     ] Application time: 1.0009940 seconds
[2023-10-31T09:08:48.526+0000][2495.819s][info ][safepoint     ] Entering safepoint region: Cleanup
[2023-10-31T09:08:48.527+0000][2495.820s][info ][safepoint     ] Leaving safepoint region
[2023-10-31T09:08:48.528+0000][2495.821s][info ][safepoint     ] Total time for which application threads were stopped: 0.0013947 seconds, Stopping threads took: 0.0005197 seconds
[2023-10-31T09:08:49.528+0000][2496.821s][debug][safepoint     ] Safepoint synchronization initiated. (186 threads)
[2023-10-31T09:08:49.529+0000][2496.822s][info ][safepoint     ] Application time: 1.0009558 seconds
[2023-10-31T09:08:49.530+0000][2496.823s][info ][safepoint     ] Entering safepoint region: Cleanup
[2023-10-31T09:08:49.531+0000][2496.824s][info ][safepoint     ] Leaving safepoint region
[2023-10-31T09:08:49.531+0000][2496.824s][info ][safepoint     ] Total time for which application threads were stopped: 0.0015213 seconds, Stopping threads took: 0.0006462 seconds
[2023-10-31T09:08:50.532+0000][2497.825s][debug][safepoint     ] Safepoint synchronization initiated. (186 threads)
[2023-10-31T09:08:50.533+0000][2497.826s][info ][safepoint     ] Application time: 1.0014593 seconds
[2023-10-31T09:08:50.534+0000][2497.827s][info ][safepoint     ] Entering safepoint region: Cleanup
[2023-10-31T09:08:50.535+0000][2497.828s][info ][safepoint     ] Leaving safepoint region
[2023-10-31T09:08:50.536+0000][2497.829s][info ][safepoint     ] Total time for which application threads were stopped: 0.0018510 seconds, Stopping threads took: 0.0007973 seconds
[2023-10-31T09:08:51.537+0000][2498.830s][debug][safepoint     ] Safepoint synchronization initiated. (186 threads)
[2023-10-31T09:08:51.538+0000][2498.831s][info ][safepoint     ] Application time: 1.0011380 seconds
[2023-10-31T09:08:51.539+0000][2498.832s][info ][safepoint     ] Entering safepoint region: Cleanup
[2023-10-31T09:08:51.540+0000][2498.832s][info ][safepoint     ] Leaving safepoint region
[2023-10-31T09:08:51.540+0000][2498.833s][info ][safepoint     ] Total time for which application threads were stopped: 0.0013729 seconds, Stopping threads took: 0.0005754 seconds
[2023-10-31T09:08:52.541+0000][2499.834s][debug][safepoint     ] Safepoint synchronization initiated. (186 threads)
[2023-10-31T09:08:52.541+0000][2499.834s][info ][safepoint     ] Application time: 1.0006605 seconds
[2023-10-31T09:08:52.542+0000][2499.835s][debug][safepoint     ] ... found polling page return exception at pc = 0x00007f62e89a5308, stub =0x00007f62e0840600
[2023-10-31T09:08:52.542+0000][2499.835s][debug][safepoint     ] Waiting for 2 thread(s) to block
[2023-10-31T09:08:52.543+0000][2499.836s][info ][safepoint     ] Entering safepoint region: Cleanup
[2023-10-31T09:08:52.543+0000][2499.836s][info ][safepoint     ] Leaving safepoint region
[2023-10-31T09:08:52.544+0000][2499.837s][info ][safepoint     ] Total time for which application threads were stopped: 0.0022155 seconds, Stopping threads took: 0.0015177 seconds
[2023-10-31T09:08:53.545+0000][2500.838s][debug][safepoint     ] Safepoint synchronization initiated. (186 threads)
[2023-10-31T09:08:53.545+0000][2500.838s][info ][safepoint     ] Application time: 1.0008876 seconds
[2023-10-31T09:08:53.546+0000][2500.839s][info ][safepoint     ] Entering safepoint region: Cleanup
[2023-10-31T09:08:53.547+0000][2500.840s][info ][safepoint     ] Leaving safepoint region
[2023-10-31T09:08:53.548+0000][2500.841s][info ][safepoint     ] Total time for which application threads were stopped: 0.0016979 seconds, Stopping threads took: 0.0007607 seconds
[2023-10-31T09:08:54.549+0000][2501.842s][debug][safepoint     ] Safepoint synchronization initiated. (186 threads)
[2023-10-31T09:08:54.550+0000][2501.843s][info ][safepoint     ] Application time: 1.0015110 seconds
[2023-10-31T09:08:54.551+0000][2501.844s][info ][safepoint     ] Entering safepoint region: Cleanup
[2023-10-31T09:08:54.552+0000][2501.845s][info ][safepoint     ] Leaving safepoint region
[2023-10-31T09:08:54.552+0000][2501.845s][info ][safepoint     ] Total time for which application threads were stopped: 0.0017167 seconds, Stopping threads took: 0.0007941 seconds
[2023-10-31T09:08:55.553+0000][2502.846s][debug][safepoint     ] Safepoint synchronization initiated. (186 threads)
[2023-10-31T09:08:55.554+0000][2502.847s][info ][safepoint     ] Application time: 1.0014977 seconds
[2023-10-31T09:08:55.556+0000][2502.848s][info ][safepoint     ] Entering safepoint region: Cleanup
[2023-10-31T09:08:55.557+0000][2502.850s][info ][safepoint     ] Leaving safepoint region
[2023-10-31T09:08:55.558+0000][2502.850s][info ][safepoint     ] Total time for which application threads were stopped: 0.0020912 seconds, Stopping threads took: 0.0007254 seconds
[2023-10-31T09:08:56.559+0000][2503.852s][debug][safepoint     ] Safepoint synchronization initiated. (186 threads)
[2023-10-31T09:08:56.560+0000][2503.853s][info ][safepoint     ] Application time: 1.0014969 seconds
[2023-10-31T09:08:56.561+0000][2503.854s][info ][safepoint     ] Entering safepoint region: Cleanup
[2023-10-31T09:08:56.562+0000][2503.855s][info ][safepoint     ] Leaving safepoint region
[2023-10-31T09:08:56.563+0000][2503.856s][info ][safepoint     ] Total time for which application threads were stopped: 0.0021839 seconds, Stopping threads took: 0.0010575 seconds
[2023-10-31T09:08:57.564+0000][2504.857s][debug][safepoint     ] Safepoint synchronization initiated. (186 threads)
[2023-10-31T09:08:57.565+0000][2504.858s][info ][safepoint     ] Application time: 1.0015743 seconds
[2023-10-31T09:08:57.566+0000][2504.859s][info ][safepoint     ] Entering safepoint region: Cleanup
[2023-10-31T09:08:57.567+0000][2504.860s][info ][safepoint     ] Leaving safepoint region
[2023-10-31T09:08:57.568+0000][2504.861s][info ][safepoint     ] Total time for which application threads were stopped: 0.0024356 seconds, Stopping threads took: 0.0010915 seconds
[2023-10-31T09:08:58.569+0000][2505.862s][debug][safepoint     ] Safepoint synchronization initiated. (186 threads)
[2023-10-31T09:08:58.570+0000][2505.863s][info ][safepoint     ] Application time: 1.0010531 seconds
[2023-10-31T09:08:58.571+0000][2505.864s][info ][safepoint     ] Entering safepoint region: Cleanup
[2023-10-31T09:08:58.572+0000][2505.865s][info ][safepoint     ] Leaving safepoint region
[2023-10-31T09:08:58.572+0000][2505.865s][info ][safepoint     ] Total time for which application threads were stopped: 0.0012500 seconds, Stopping threads took: 0.0006250 seconds
[2023-10-31T09:08:59.573+0000][2506.866s][debug][safepoint     ] Safepoint synchronization initiated. (186 threads)
[2023-10-31T09:08:59.573+0000][2506.866s][info ][safepoint     ] Application time: 1.0008575 seconds
[2023-10-31T09:08:59.574+0000][2506.867s][info ][safepoint     ] Entering safepoint region: Cleanup
[2023-10-31T09:08:59.575+0000][2506.868s][info ][safepoint     ] Leaving safepoint region
[2023-10-31T09:08:59.576+0000][2506.869s][info ][safepoint     ] Total time for which application threads were stopped: 0.0018191 seconds, Stopping threads took: 0.0011209 seconds
[2023-10-31T09:09:00.576+0000][2507.869s][debug][safepoint     ] Safepoint synchronization initiated. (186 threads)
[2023-10-31T09:09:00.578+0000][2507.871s][info ][safepoint     ] Application time: 1.0012969 seconds
[2023-10-31T09:09:00.578+0000][2507.871s][info ][safepoint     ] Entering safepoint region: Cleanup
[2023-10-31T09:09:00.580+0000][2507.873s][info ][safepoint     ] Leaving safepoint region
[2023-10-31T09:09:00.580+0000][2507.873s][info ][safepoint     ] Total time for which application threads were stopped: 0.0020546 seconds, Stopping threads took: 0.0008634 seconds
[2023-10-31T09:09:01.581+0000][2508.874s][debug][safepoint     ] Safepoint synchronization initiated. (186 threads)
[2023-10-31T09:09:01.582+0000][2508.875s][info ][safepoint     ] Application time: 1.0012502 seconds
[2023-10-31T09:09:01.583+0000][2508.876s][info ][safepoint     ] Entering safepoint region: Cleanup
[2023-10-31T09:09:01.584+0000][2508.878s][info ][safepoint     ] Leaving safepoint region
[2023-10-31T09:09:01.585+0000][2508.878s][info ][safepoint     ] Total time for which application threads were stopped: 0.0018652 seconds, Stopping threads took: 0.0008380 seconds
[2023-10-31T09:09:02.586+0000][2509.879s][debug][safepoint     ] Safepoint synchronization initiated. (186 threads)
[2023-10-31T09:09:02.587+0000][2509.880s][info ][safepoint     ] Application time: 1.0010807 seconds
[2023-10-31T09:09:02.588+0000][2509.881s][info ][safepoint     ] Entering safepoint region: Cleanup
[2023-10-31T09:09:02.589+0000][2509.882s][info ][safepoint     ] Leaving safepoint region
[2023-10-31T09:09:02.589+0000][2509.882s][info ][safepoint     ] Total time for which application threads were stopped: 0.0017277 seconds, Stopping threads took: 0.0007898 seconds
[2023-10-31T09:09:03.590+0000][2510.883s][debug][safepoint     ] Safepoint synchronization initiated. (186 threads)
[2023-10-31T09:09:03.591+0000][2510.884s][info ][safepoint     ] Application time: 1.0009322 seconds
[2023-10-31T09:09:03.592+0000][2510.885s][info ][safepoint     ] Entering safepoint region: Cleanup
[2023-10-31T09:09:03.593+0000][2510.886s][info ][safepoint     ] Leaving safepoint region
[2023-10-31T09:09:03.593+0000][2510.886s][info ][safepoint     ] Total time for which application threads were stopped: 0.0015739 seconds, Stopping threads took: 0.0006248 seconds
[2023-10-31T09:09:04.594+0000][2511.887s][debug][safepoint     ] Safepoint synchronization initiated. (186 threads)
[2023-10-31T09:09:04.595+0000][2511.888s][info ][safepoint     ] Application time: 1.0007218 seconds
[2023-10-31T09:09:04.595+0000][2511.888s][info ][safepoint     ] Entering safepoint region: Cleanup
[2023-10-31T09:09:04.596+0000][2511.889s][info ][safepoint     ] Leaving safepoint region
[2023-10-31T09:09:04.596+0000][2511.889s][info ][safepoint     ] Total time for which application threads were stopped: 0.0009465 seconds, Stopping threads took: 0.0004407 seconds
[2023-10-31T09:09:05.597+0000][2512.890s][debug][safepoint     ] Safepoint synchronization initiated. (186 threads)
[2023-10-31T09:09:05.597+0000][2512.890s][info ][safepoint     ] Application time: 1.0011230 seconds
[2023-10-31T09:09:05.598+0000][2512.891s][info ][safepoint     ] Entering safepoint region: Cleanup
[2023-10-31T09:09:05.599+0000][2512.892s][info ][safepoint     ] Leaving safepoint region
[2023-10-31T09:09:05.600+0000][2512.893s][info ][safepoint     ] Total time for which application threads were stopped: 0.0017981 seconds, Stopping threads took: 0.0008819 seconds
[2023-10-31T09:09:06.601+0000][2513.894s][debug][safepoint     ] Safepoint synchronization initiated. (186 threads)
[2023-10-31T09:09:06.601+0000][2513.894s][info ][safepoint     ] Application time: 1.0007799 seconds
[2023-10-31T09:09:06.602+0000][2513.895s][info ][safepoint     ] Entering safepoint region: Cleanup
[2023-10-31T09:09:06.603+0000][2513.896s][info ][safepoint     ] Leaving safepoint region
[2023-10-31T09:09:06.603+0000][2513.896s][info ][safepoint     ] Total time for which application threads were stopped: 0.0011207 seconds, Stopping threads took: 0.0005345 seconds
[2023-10-31T09:09:07.604+0000][2514.897s][debug][safepoint     ] Safepoint synchronization initiated. (186 threads)
[2023-10-31T09:09:07.605+0000][2514.898s][info ][safepoint     ] Application time: 1.0013778 seconds
[2023-10-31T09:09:07.606+0000][2514.899s][info ][safepoint     ] Entering safepoint region: Cleanup
[2023-10-31T09:09:07.608+0000][2514.901s][info ][safepoint     ] Leaving safepoint region
[2023-10-31T09:09:07.608+0000][2514.902s][info ][safepoint     ] Total time for which application threads were stopped: 0.0022105 seconds, Stopping threads took: 0.0009605 seconds
[2023-10-31T09:09:08.609+0000][2515.902s][debug][safepoint     ] Safepoint synchronization initiated. (186 threads)
[2023-10-31T09:09:08.610+0000][2515.903s][info ][safepoint     ] Application time: 1.0012473 seconds
[2023-10-31T09:09:08.611+0000][2515.904s][info ][safepoint     ] Entering safepoint region: Cleanup
[2023-10-31T09:09:08.612+0000][2515.905s][info ][safepoint     ] Leaving safepoint region
[2023-10-31T09:09:08.613+0000][2515.906s][info ][safepoint     ] Total time for which application threads were stopped: 0.0017687 seconds, Stopping threads took: 0.0008470 seconds
[2023-10-31T09:09:08.612+0000][2515.906s][debug][safepoint     ] ... found polling page return exception at pc = 0x00007f62e89d70c4, stub =0x00007f62e0840600
[2023-10-31T09:09:08.612+0000][2515.905s][debug][safepoint     ] ... found polling page return exception at pc = 0x00007f62e89d70c4, stub =0x00007f62e0840600
[2023-10-31T09:09:09.614+0000][2516.907s][debug][safepoint     ] Safepoint synchronization initiated. (186 threads)
[2023-10-31T09:09:09.615+0000][2516.908s][info ][safepoint     ] Application time: 1.0012236 seconds
[2023-10-31T09:09:09.616+0000][2516.909s][info ][safepoint     ] Entering safepoint region: Cleanup
[2023-10-31T09:09:09.617+0000][2516.910s][info ][safepoint     ] Leaving safepoint region
[2023-10-31T09:09:09.617+0000][2516.910s][info ][safepoint     ] Total time for which application threads were stopped: 0.0017400 seconds, Stopping threads took: 0.0007906 seconds
[2023-10-31T09:09:10.618+0000][2517.911s][debug][safepoint     ] Safepoint synchronization initiated. (186 threads)
[2023-10-31T09:09:10.619+0000][2517.912s][info ][safepoint     ] Application time: 1.0011101 seconds
[2023-10-31T09:09:10.620+0000][2517.913s][info ][safepoint     ] Entering safepoint region: Cleanup
[2023-10-31T09:09:10.621+0000][2517.914s][info ][safepoint     ] Leaving safepoint region
[2023-10-31T09:09:10.621+0000][2517.914s][info ][safepoint     ] Total time for which application threads were stopped: 0.0015123 seconds, Stopping threads took: 0.0006486 seconds
[2023-10-31T09:09:11.622+0000][2518.915s][debug][safepoint     ] Safepoint synchronization initiated. (186 threads)
[2023-10-31T09:09:11.623+0000][2518.916s][info ][safepoint     ] Application time: 1.0011061 seconds
[2023-10-31T09:09:11.623+0000][2518.916s][info ][safepoint     ] Entering safepoint region: Cleanup
[2023-10-31T09:09:11.624+0000][2518.917s][info ][safepoint     ] Leaving safepoint region
[2023-10-31T09:09:11.625+0000][2518.918s][info ][safepoint     ] Total time for which application threads were stopped: 0.0013883 seconds, Stopping threads took: 0.0005656 seconds
[2023-10-31T09:09:12.626+0000][2519.919s][debug][safepoint     ] Safepoint synchronization initiated. (186 threads)
[2023-10-31T09:09:12.627+0000][2519.920s][info ][safepoint     ] Application time: 1.0012318 seconds
[2023-10-31T09:09:12.627+0000][2519.920s][info ][safepoint     ] Entering safepoint region: Cleanup
[2023-10-31T09:09:12.629+0000][2519.922s][info ][safepoint     ] Leaving safepoint region
[2023-10-31T09:09:12.629+0000][2519.922s][info ][safepoint     ] Total time for which application threads were stopped: 0.0020838 seconds, Stopping threads took: 0.0008519 seconds
[2023-10-31T09:09:13.630+0000][2520.923s][debug][safepoint     ] Safepoint synchronization initiated. (187 threads)
[2023-10-31T09:09:13.631+0000][2520.924s][info ][safepoint     ] Application time: 1.0011888 seconds
[2023-10-31T09:09:13.632+0000][2520.925s][info ][safepoint     ] Entering safepoint region: Cleanup
[2023-10-31T09:09:13.632+0000][2520.925s][info ][safepoint     ] Leaving safepoint region
[2023-10-31T09:09:13.633+0000][2520.926s][info ][safepoint     ] Total time for which application threads were stopped: 0.0010411 seconds, Stopping threads took: 0.0004603 seconds
[2023-10-31T09:09:14.633+0000][2521.926s][debug][safepoint     ] Safepoint synchronization initiated. (187 threads)
[2023-10-31T09:09:14.634+0000][2521.927s][info ][safepoint     ] Application time: 1.0011635 seconds
[2023-10-31T09:09:14.635+0000][2521.928s][debug][safepoint     ] ... found polling page return exception at pc = 0x00007f62e89a5308, stub =0x00007f62e0840600
[2023-10-31T09:09:14.636+0000][2521.929s][debug][safepoint     ] Waiting for 2 thread(s) to block
[2023-10-31T09:09:14.638+0000][2521.931s][info ][safepoint     ] Entering safepoint region: Cleanup
[2023-10-31T09:09:14.638+0000][2521.931s][info ][safepoint     ] Leaving safepoint region
[2023-10-31T09:09:14.639+0000][2521.932s][info ][safepoint     ] Total time for which application threads were stopped: 0.0038849 seconds, Stopping threads took: 0.0030954 seconds
[2023-10-31T09:09:15.640+0000][2522.933s][debug][safepoint     ] Safepoint synchronization initiated. (187 threads)
[2023-10-31T09:09:15.641+0000][2522.934s][info ][safepoint     ] Application time: 1.0009129 seconds
[2023-10-31T09:09:15.641+0000][2522.934s][info ][safepoint     ] Entering safepoint region: Cleanup
[2023-10-31T09:09:15.642+0000][2522.935s][info ][safepoint     ] Leaving safepoint region
[2023-10-31T09:09:15.643+0000][2522.936s][info ][safepoint     ] Total time for which application threads were stopped: 0.0015045 seconds, Stopping threads took: 0.0005661 seconds
[2023-10-31T09:09:16.643+0000][2523.936s][debug][safepoint     ] Safepoint synchronization initiated. (187 threads)
[2023-10-31T09:09:16.644+0000][2523.937s][info ][safepoint     ] Application time: 1.0011844 seconds
[2023-10-31T09:09:16.646+0000][2523.939s][info ][safepoint     ] Entering safepoint region: Cleanup
[2023-10-31T09:09:16.647+0000][2523.940s][info ][safepoint     ] Leaving safepoint region
[2023-10-31T09:09:16.648+0000][2523.941s][info ][safepoint     ] Total time for which application threads were stopped: 0.0022360 seconds, Stopping threads took: 0.0010274 seconds
[2023-10-31T09:09:17.649+0000][2524.942s][debug][safepoint     ] Safepoint synchronization initiated. (187 threads)
[2023-10-31T09:09:17.650+0000][2524.943s][info ][safepoint     ] Application time: 1.0013157 seconds
[2023-10-31T09:09:17.651+0000][2524.944s][info ][safepoint     ] Entering safepoint region: Cleanup
[2023-10-31T09:09:17.652+0000][2524.945s][info ][safepoint     ] Leaving safepoint region
[2023-10-31T09:09:17.652+0000][2524.945s][info ][safepoint     ] Total time for which application threads were stopped: 0.0016240 seconds, Stopping threads took: 0.0007313 seconds
[2023-10-31T09:09:18.653+0000][2525.946s][debug][safepoint     ] Safepoint synchronization initiated. (187 threads)
[2023-10-31T09:09:18.654+0000][2525.947s][info ][safepoint     ] Application time: 1.0014229 seconds
[2023-10-31T09:09:18.655+0000][2525.948s][debug][safepoint     ] ... found polling page return exception at pc = 0x00007f62e86114f4, stub =0x00007f62e0840600
[2023-10-31T09:09:18.655+0000][2525.948s][debug][safepoint     ] ... found polling page return exception at pc = 0x00007f62e947f1da, stub =0x00007f62e0840600
[2023-10-31T09:09:18.655+0000][2525.948s][debug][safepoint     ] ... found polling page return exception at pc = 0x00007f62e947f1da, stub =0x00007f62e0840600
[2023-10-31T09:09:18.658+0000][2525.951s][debug][safepoint     ] Waiting for 3 thread(s) to block
[2023-10-31T09:09:18.659+0000][2525.952s][info ][safepoint     ] Entering safepoint region: Cleanup
[2023-10-31T09:09:18.660+0000][2525.953s][info ][safepoint     ] Leaving safepoint region
[2023-10-31T09:09:18.661+0000][2525.954s][info ][safepoint     ] Total time for which application threads were stopped: 0.0057756 seconds, Stopping threads took: 0.0047409 seconds
[2023-10-31T09:09:19.662+0000][2526.955s][debug][safepoint     ] Safepoint synchronization initiated. (187 threads)
[2023-10-31T09:09:19.663+0000][2526.956s][info ][safepoint     ] Application time: 1.0013387 seconds
[2023-10-31T09:09:19.664+0000][2526.957s][info ][safepoint     ] Entering safepoint region: Cleanup
[2023-10-31T09:09:19.665+0000][2526.958s][info ][safepoint     ] Leaving safepoint region
[2023-10-31T09:09:19.666+0000][2526.959s][info ][safepoint     ] Total time for which application threads were stopped: 0.0020570 seconds, Stopping threads took: 0.0008114 seconds
[2023-10-31T09:09:20.667+0000][2527.960s][debug][safepoint     ] Safepoint synchronization initiated. (187 threads)
[2023-10-31T09:09:20.668+0000][2527.961s][info ][safepoint     ] Application time: 1.0011680 seconds
[2023-10-31T09:09:20.669+0000][2527.962s][info ][safepoint     ] Entering safepoint region: Cleanup
[2023-10-31T09:09:20.670+0000][2527.963s][info ][safepoint     ] Leaving safepoint region
[2023-10-31T09:09:20.670+0000][2527.963s][info ][safepoint     ] Total time for which application threads were stopped: 0.0014937 seconds, Stopping threads took: 0.0008375 seconds
[2023-10-31T09:09:21.671+0000][2528.964s][debug][safepoint     ] Safepoint synchronization initiated. (187 threads)
[2023-10-31T09:09:21.672+0000][2528.965s][info ][safepoint     ] Application time: 1.0015398 seconds
[2023-10-31T09:09:21.673+0000][2528.966s][info ][safepoint     ] Entering safepoint region: Cleanup
[2023-10-31T09:09:21.675+0000][2528.968s][info ][safepoint     ] Leaving safepoint region
[2023-10-31T09:09:21.675+0000][2528.968s][info ][safepoint     ] Total time for which application threads were stopped: 0.0022373 seconds, Stopping threads took: 0.0010312 seconds
[2023-10-31T09:09:22.676+0000][2529.969s][debug][safepoint     ] Safepoint synchronization initiated. (187 threads)
[2023-10-31T09:09:22.677+0000][2529.970s][info ][safepoint     ] Application time: 1.0007162 seconds
[2023-10-31T09:09:22.677+0000][2529.970s][info ][safepoint     ] Entering safepoint region: Cleanup
[2023-10-31T09:09:22.678+0000][2529.971s][info ][safepoint     ] Leaving safepoint region
[2023-10-31T09:09:22.678+0000][2529.971s][info ][safepoint     ] Total time for which application threads were stopped: 0.0009592 seconds, Stopping threads took: 0.0004049 seconds
[2023-10-31T09:09:23.678+0000][2530.972s][debug][safepoint     ] Safepoint synchronization initiated. (187 threads)
[2023-10-31T09:09:23.679+0000][2530.972s][info ][safepoint     ] Application time: 1.0007413 seconds
[2023-10-31T09:09:23.680+0000][2530.973s][info ][safepoint     ] Entering safepoint region: Cleanup
[2023-10-31T09:09:23.680+0000][2530.973s][info ][safepoint     ] Leaving safepoint region
[2023-10-31T09:09:23.681+0000][2530.974s][info ][safepoint     ] Total time for which application threads were stopped: 0.0012337 seconds, Stopping threads took: 0.0005400 seconds
[2023-10-31T09:09:24.682+0000][2531.975s][debug][safepoint     ] Safepoint synchronization initiated. (187 threads)
[2023-10-31T09:09:24.683+0000][2531.976s][info ][safepoint     ] Application time: 1.0015196 seconds
[2023-10-31T09:09:24.684+0000][2531.977s][info ][safepoint     ] Entering safepoint region: Cleanup
[2023-10-31T09:09:24.685+0000][2531.978s][info ][safepoint     ] Leaving safepoint region
[2023-10-31T09:09:24.686+0000][2531.979s][info ][safepoint     ] Total time for which application threads were stopped: 0.0022576 seconds, Stopping threads took: 0.0011493 seconds
[2023-10-31T09:09:25.687+0000][2532.980s][debug][safepoint     ] Safepoint synchronization initiated. (187 threads)
[2023-10-31T09:09:25.688+0000][2532.981s][info ][safepoint     ] Application time: 1.0013713 seconds
[2023-10-31T09:09:25.689+0000][2532.982s][info ][safepoint     ] Entering safepoint region: Cleanup
[2023-10-31T09:09:25.690+0000][2532.983s][info ][safepoint     ] Leaving safepoint region
[2023-10-31T09:09:25.691+0000][2532.984s][info ][safepoint     ] Total time for which application threads were stopped: 0.0020269 seconds, Stopping threads took: 0.0009779 seconds
[2023-10-31T09:09:26.692+0000][2533.985s][debug][safepoint     ] Safepoint synchronization initiated. (187 threads)
[2023-10-31T09:09:26.693+0000][2533.986s][info ][safepoint     ] Application time: 1.0012564 seconds
[2023-10-31T09:09:26.694+0000][2533.987s][info ][safepoint     ] Entering safepoint region: Cleanup
[2023-10-31T09:09:26.695+0000][2533.988s][info ][safepoint     ] Leaving safepoint region
[2023-10-31T09:09:26.696+0000][2533.989s][info ][safepoint     ] Total time for which application threads were stopped: 0.0018192 seconds, Stopping threads took: 0.0008273 seconds
[2023-10-31T09:09:27.697+0000][2534.990s][debug][safepoint     ] Safepoint synchronization initiated. (187 threads)
[2023-10-31T09:09:27.698+0000][2534.991s][info ][safepoint     ] Application time: 1.0010610 seconds
[2023-10-31T09:09:27.698+0000][2534.991s][info ][safepoint     ] Entering safepoint region: Cleanup
[2023-10-31T09:09:27.699+0000][2534.992s][info ][safepoint     ] Leaving safepoint region
[2023-10-31T09:09:27.700+0000][2534.993s][info ][safepoint     ] Total time for which application threads were stopped: 0.0013976 seconds, Stopping threads took: 0.0005733 seconds
[2023-10-31T09:09:28.700+0000][2535.993s][debug][safepoint     ] Safepoint synchronization initiated. (187 threads)
[2023-10-31T09:09:28.701+0000][2535.994s][info ][safepoint     ] Application time: 1.0010195 seconds
[2023-10-31T09:09:28.702+0000][2535.995s][info ][safepoint     ] Entering safepoint region: Cleanup
[2023-10-31T09:09:28.703+0000][2535.996s][info ][safepoint     ] Leaving safepoint region
[2023-10-31T09:09:28.703+0000][2535.996s][info ][safepoint     ] Total time for which application threads were stopped: 0.0016054 seconds, Stopping threads took: 0.0006537 seconds
[2023-10-31T09:09:29.704+0000][2536.997s][debug][safepoint     ] Safepoint synchronization initiated. (187 threads)
[2023-10-31T09:09:29.705+0000][2536.998s][info ][safepoint     ] Application time: 1.0013874 seconds
[2023-10-31T09:09:29.706+0000][2536.999s][info ][safepoint     ] Entering safepoint region: Cleanup
[2023-10-31T09:09:29.708+0000][2537.001s][info ][safepoint     ] Leaving safepoint region
[2023-10-31T09:09:29.709+0000][2537.002s][info ][safepoint     ] Total time for which application threads were stopped: 0.0025963 seconds, Stopping threads took: 0.0010852 seconds
[2023-10-31T09:09:30.710+0000][2538.003s][debug][safepoint     ] Safepoint synchronization initiated. (187 threads)
[2023-10-31T09:09:30.711+0000][2538.004s][info ][safepoint     ] Application time: 1.0015125 seconds
[2023-10-31T09:09:30.712+0000][2538.005s][info ][safepoint     ] Entering safepoint region: Cleanup
[2023-10-31T09:09:30.714+0000][2538.007s][info ][safepoint     ] Leaving safepoint region
[2023-10-31T09:09:30.714+0000][2538.007s][info ][safepoint     ] Total time for which application threads were stopped: 0.0020908 seconds, Stopping threads took: 0.0009449 seconds
[2023-10-31T09:09:31.715+0000][2539.008s][debug][safepoint     ] Safepoint synchronization initiated. (187 threads)
[2023-10-31T09:09:31.716+0000][2539.009s][info ][safepoint     ] Application time: 1.0011348 seconds
[2023-10-31T09:09:31.717+0000][2539.010s][info ][safepoint     ] Entering safepoint region: Cleanup
[2023-10-31T09:09:31.718+0000][2539.011s][info ][safepoint     ] Leaving safepoint region
[2023-10-31T09:09:31.719+0000][2539.012s][info ][safepoint     ] Total time for which application threads were stopped: 0.0021079 seconds, Stopping threads took: 0.0010565 seconds
[2023-10-31T09:09:31.718+0000][2539.011s][debug][safepoint     ] ... found polling page return exception at pc = 0x00007f62e89d70c4, stub =0x00007f62e0840600
[2023-10-31T09:09:32.720+0000][2540.014s][debug][safepoint     ] Safepoint synchronization initiated. (187 threads)
[2023-10-31T09:09:32.722+0000][2540.015s][info ][safepoint     ] Application time: 1.0015199 seconds
[2023-10-31T09:09:32.723+0000][2540.016s][info ][safepoint     ] Entering safepoint region: Cleanup
[2023-10-31T09:09:32.724+0000][2540.017s][info ][safepoint     ] Leaving safepoint region
[2023-10-31T09:09:32.725+0000][2540.018s][info ][safepoint     ] Total time for which application threads were stopped: 0.0024092 seconds, Stopping threads took: 0.0010083 seconds
[2023-10-31T09:09:33.726+0000][2541.019s][debug][safepoint     ] Safepoint synchronization initiated. (187 threads)
[2023-10-31T09:09:33.727+0000][2541.021s][info ][safepoint     ] Application time: 1.0014497 seconds
[2023-10-31T09:09:33.728+0000][2541.022s][info ][safepoint     ] Entering safepoint region: Cleanup
[2023-10-31T09:09:33.730+0000][2541.023s][info ][safepoint     ] Leaving safepoint region
[2023-10-31T09:09:33.731+0000][2541.024s][info ][safepoint     ] Total time for which application threads were stopped: 0.0023170 seconds, Stopping threads took: 0.0011072 seconds
[2023-10-31T09:09:34.732+0000][2542.025s][debug][safepoint     ] Safepoint synchronization initiated. (187 threads)
[2023-10-31T09:09:34.733+0000][2542.026s][info ][safepoint     ] Application time: 1.0014287 seconds
[2023-10-31T09:09:34.734+0000][2542.027s][info ][safepoint     ] Entering safepoint region: Cleanup
[2023-10-31T09:09:34.735+0000][2542.028s][info ][safepoint     ] Leaving safepoint region
[2023-10-31T09:09:34.736+0000][2542.029s][info ][safepoint     ] Total time for which application threads were stopped: 0.0020983 seconds, Stopping threads took: 0.0008453 seconds
[2023-10-31T09:09:35.737+0000][2543.030s][debug][safepoint     ] Safepoint synchronization initiated. (187 threads)
[2023-10-31T09:09:35.738+0000][2543.031s][info ][safepoint     ] Application time: 1.0012724 seconds
[2023-10-31T09:09:35.739+0000][2543.032s][info ][safepoint     ] Entering safepoint region: Cleanup
[2023-10-31T09:09:35.740+0000][2543.033s][info ][safepoint     ] Leaving safepoint region
[2023-10-31T09:09:35.741+0000][2543.034s][info ][safepoint     ] Total time for which application threads were stopped: 0.0021122 seconds, Stopping threads took: 0.0010280 seconds
[2023-10-31T09:09:36.742+0000][2544.035s][debug][safepoint     ] Safepoint synchronization initiated. (187 threads)
[2023-10-31T09:09:36.743+0000][2544.037s][info ][safepoint     ] Application time: 1.0017518 seconds
[2023-10-31T09:09:36.745+0000][2544.038s][info ][safepoint     ] Entering safepoint region: Cleanup
[2023-10-31T09:09:36.746+0000][2544.039s][info ][safepoint     ] Leaving safepoint region
[2023-10-31T09:09:36.747+0000][2544.040s][info ][safepoint     ] Total time for which application threads were stopped: 0.0025456 seconds, Stopping threads took: 0.0010414 seconds
[2023-10-31T09:09:37.748+0000][2545.042s][debug][safepoint     ] Safepoint synchronization initiated. (187 threads)
[2023-10-31T09:09:37.749+0000][2545.042s][info ][safepoint     ] Application time: 1.0010050 seconds
[2023-10-31T09:09:37.750+0000][2545.043s][info ][safepoint     ] Entering safepoint region: Cleanup
[2023-10-31T09:09:37.750+0000][2545.044s][info ][safepoint     ] Leaving safepoint region
[2023-10-31T09:09:37.751+0000][2545.044s][info ][safepoint     ] Total time for which application threads were stopped: 0.0011927 seconds, Stopping threads took: 0.0005490 seconds
[2023-10-31T09:09:38.752+0000][2546.045s][debug][safepoint     ] Safepoint synchronization initiated. (187 threads)
[2023-10-31T09:09:38.753+0000][2546.046s][info ][safepoint     ] Application time: 1.0012368 seconds
[2023-10-31T09:09:38.754+0000][2546.047s][info ][safepoint     ] Entering safepoint region: Cleanup
[2023-10-31T09:09:38.755+0000][2546.048s][info ][safepoint     ] Leaving safepoint region
[2023-10-31T09:09:38.756+0000][2546.049s][info ][safepoint     ] Total time for which application threads were stopped: 0.0023319 seconds, Stopping threads took: 0.0010789 seconds
[2023-10-31T09:09:39.757+0000][2547.050s][debug][safepoint     ] Safepoint synchronization initiated. (187 threads)
[2023-10-31T09:09:39.758+0000][2547.051s][info ][safepoint     ] Application time: 1.0013317 seconds
[2023-10-31T09:09:39.759+0000][2547.052s][info ][safepoint     ] Entering safepoint region: Cleanup
[2023-10-31T09:09:39.760+0000][2547.053s][info ][safepoint     ] Leaving safepoint region
[2023-10-31T09:09:39.761+0000][2547.054s][info ][safepoint     ] Total time for which application threads were stopped: 0.0017952 seconds, Stopping threads took: 0.0007356 seconds
[2023-10-31T09:09:40.762+0000][2548.055s][debug][safepoint     ] Safepoint synchronization initiated. (187 threads)
[2023-10-31T09:09:40.762+0000][2548.056s][info ][safepoint     ] Application time: 1.0011930 seconds
[2023-10-31T09:09:40.763+0000][2548.056s][info ][safepoint     ] Entering safepoint region: Cleanup
[2023-10-31T09:09:40.764+0000][2548.058s][info ][safepoint     ] Leaving safepoint region
[2023-10-31T09:09:40.765+0000][2548.058s][info ][safepoint     ] Total time for which application threads were stopped: 0.0016820 seconds, Stopping threads took: 0.0008258 seconds
[2023-10-31T09:09:41.766+0000][2549.059s][debug][safepoint     ] Safepoint synchronization initiated. (187 threads)
[2023-10-31T09:09:41.767+0000][2549.060s][info ][safepoint     ] Application time: 1.0013975 seconds
[2023-10-31T09:09:41.768+0000][2549.061s][info ][safepoint     ] Entering safepoint region: Cleanup
[2023-10-31T09:09:41.769+0000][2549.062s][info ][safepoint     ] Leaving safepoint region
[2023-10-31T09:09:41.770+0000][2549.063s][info ][safepoint     ] Total time for which application threads were stopped: 0.0023899 seconds, Stopping threads took: 0.0010794 seconds
[2023-10-31T09:09:42.771+0000][2550.065s][debug][safepoint     ] Safepoint synchronization initiated. (187 threads)
[2023-10-31T09:09:42.772+0000][2550.065s][info ][safepoint     ] Application time: 1.0008630 seconds
[2023-10-31T09:09:42.772+0000][2550.066s][info ][safepoint     ] Entering safepoint region: Cleanup
[2023-10-31T09:09:42.773+0000][2550.066s][info ][safepoint     ] Leaving safepoint region
[2023-10-31T09:09:42.773+0000][2550.067s][info ][safepoint     ] Total time for which application threads were stopped: 0.0010875 seconds, Stopping threads took: 0.0004408 seconds
[2023-10-31T09:09:43.774+0000][2551.067s][debug][safepoint     ] Safepoint synchronization initiated. (187 threads)
[2023-10-31T09:09:43.774+0000][2551.068s][info ][safepoint     ] Application time: 1.0005778 seconds
[2023-10-31T09:09:43.775+0000][2551.068s][info ][safepoint     ] Entering safepoint region: Cleanup
[2023-10-31T09:09:43.776+0000][2551.069s][info ][safepoint     ] Leaving safepoint region
[2023-10-31T09:09:43.776+0000][2551.069s][info ][safepoint     ] Total time for which application threads were stopped: 0.0012812 seconds, Stopping threads took: 0.0005229 seconds
[2023-10-31T09:09:43.776+0000][2551.069s][debug][safepoint     ] ... found polling page return exception at pc = 0x00007f62e89d70c4, stub =0x00007f62e0840600
[2023-10-31T09:09:43.776+0000][2551.069s][debug][safepoint     ] ... found polling page return exception at pc = 0x00007f62e89d70c4, stub =0x00007f62e0840600
[2023-10-31T09:09:43.776+0000][2551.069s][debug][safepoint     ] ... found polling page return exception at pc = 0x00007f62e89d70c4, stub =0x00007f62e0840600
[2023-10-31T09:09:44.777+0000][2552.070s][debug][safepoint     ] Safepoint synchronization initiated. (187 threads)
[2023-10-31T09:09:44.778+0000][2552.071s][info ][safepoint     ] Application time: 1.0015622 seconds
[2023-10-31T09:09:44.779+0000][2552.072s][info ][safepoint     ] Entering safepoint region: Cleanup
[2023-10-31T09:09:44.781+0000][2552.074s][info ][safepoint     ] Leaving safepoint region
[2023-10-31T09:09:44.781+0000][2552.075s][info ][safepoint     ] Total time for which application threads were stopped: 0.0022550 seconds, Stopping threads took: 0.0010310 seconds
[2023-10-31T09:09:45.782+0000][2553.076s][debug][safepoint     ] Safepoint synchronization initiated. (187 threads)
[2023-10-31T09:09:45.783+0000][2553.076s][info ][safepoint     ] Application time: 1.0005217 seconds
[2023-10-31T09:09:45.783+0000][2553.076s][info ][safepoint     ] Entering safepoint region: Cleanup
[2023-10-31T09:09:45.783+0000][2553.077s][info ][safepoint     ] Leaving safepoint region
[2023-10-31T09:09:45.784+0000][2553.077s][info ][safepoint     ] Total time for which application threads were stopped: 0.0007473 seconds, Stopping threads took: 0.0003199 seconds
[2023-10-31T09:09:46.784+0000][2554.077s][debug][safepoint     ] Safepoint synchronization initiated. (187 threads)
[2023-10-31T09:09:46.785+0000][2554.078s][info ][safepoint     ] Application time: 1.0009842 seconds
[2023-10-31T09:09:46.786+0000][2554.079s][info ][safepoint     ] Entering safepoint region: Cleanup
[2023-10-31T09:09:46.787+0000][2554.080s][info ][safepoint     ] Leaving safepoint region
[2023-10-31T09:09:46.787+0000][2554.080s][info ][safepoint     ] Total time for which application threads were stopped: 0.0016763 seconds, Stopping threads took: 0.0007400 seconds
[2023-10-31T09:09:47.788+0000][2555.082s][debug][safepoint     ] Safepoint synchronization initiated. (187 threads)
[2023-10-31T09:09:47.789+0000][2555.082s][info ][safepoint     ] Application time: 1.0009907 seconds
[2023-10-31T09:09:47.790+0000][2555.083s][info ][safepoint     ] Entering safepoint region: Cleanup
[2023-10-31T09:09:47.790+0000][2555.084s][info ][safepoint     ] Leaving safepoint region
[2023-10-31T09:09:47.791+0000][2555.084s][info ][safepoint     ] Total time for which application threads were stopped: 0.0012567 seconds, Stopping threads took: 0.0005876 seconds
[2023-10-31T09:09:48.792+0000][2556.085s][debug][safepoint     ] Safepoint synchronization initiated. (187 threads)
[2023-10-31T09:09:48.792+0000][2556.086s][info ][safepoint     ] Application time: 1.0011503 seconds
[2023-10-31T09:09:48.793+0000][2556.086s][info ][safepoint     ] Entering safepoint region: Cleanup
[2023-10-31T09:09:48.793+0000][2556.087s][info ][safepoint     ] Leaving safepoint region
[2023-10-31T09:09:48.794+0000][2556.087s][info ][safepoint     ] Total time for which application threads were stopped: 0.0008760 seconds, Stopping threads took: 0.0003519 seconds
[2023-10-31T09:09:49.794+0000][2557.087s][debug][safepoint     ] Safepoint synchronization initiated. (187 threads)
[2023-10-31T09:09:49.796+0000][2557.089s][info ][safepoint     ] Application time: 1.0016192 seconds
[2023-10-31T09:09:49.797+0000][2557.090s][info ][safepoint     ] Entering safepoint region: Cleanup
[2023-10-31T09:09:49.798+0000][2557.091s][info ][safepoint     ] Leaving safepoint region
[2023-10-31T09:09:49.799+0000][2557.092s][info ][safepoint     ] Total time for which application threads were stopped: 0.0021488 seconds, Stopping threads took: 0.0010322 seconds
[2023-10-31T09:09:50.800+0000][2558.093s][debug][safepoint     ] Safepoint synchronization initiated. (187 threads)
[2023-10-31T09:09:50.800+0000][2558.093s][info ][safepoint     ] Application time: 1.0005060 seconds
[2023-10-31T09:09:50.800+0000][2558.093s][info ][safepoint     ] Entering safepoint region: Cleanup
[2023-10-31T09:09:50.801+0000][2558.094s][info ][safepoint     ] Leaving safepoint region
[2023-10-31T09:09:50.801+0000][2558.094s][info ][safepoint     ] Total time for which application threads were stopped: 0.0007614 seconds, Stopping threads took: 0.0003006 seconds
[2023-10-31T09:09:51.802+0000][2559.095s][debug][safepoint     ] Safepoint synchronization initiated. (187 threads)
[2023-10-31T09:09:51.802+0000][2559.096s][info ][safepoint     ] Application time: 1.0011324 seconds
[2023-10-31T09:09:51.803+0000][2559.096s][info ][safepoint     ] Entering safepoint region: Cleanup
[2023-10-31T09:09:51.804+0000][2559.097s][info ][safepoint     ] Leaving safepoint region
[2023-10-31T09:09:51.805+0000][2559.098s][info ][safepoint     ] Total time for which application threads were stopped: 0.0015732 seconds, Stopping threads took: 0.0006944 seconds
[2023-10-31T09:09:52.805+0000][2560.099s][debug][safepoint     ] Safepoint synchronization initiated. (187 threads)
[2023-10-31T09:09:52.807+0000][2560.100s][info ][safepoint     ] Application time: 1.0016028 seconds
[2023-10-31T09:09:52.808+0000][2560.101s][info ][safepoint     ] Entering safepoint region: Cleanup
[2023-10-31T09:09:52.809+0000][2560.102s][info ][safepoint     ] Leaving safepoint region
[2023-10-31T09:09:52.810+0000][2560.103s][info ][safepoint     ] Total time for which application threads were stopped: 0.0020422 seconds, Stopping threads took: 0.0010453 seconds
[2023-10-31T09:09:53.811+0000][2561.104s][debug][safepoint     ] Safepoint synchronization initiated. (187 threads)
[2023-10-31T09:09:53.811+0000][2561.104s][info ][safepoint     ] Application time: 1.0007355 seconds
[2023-10-31T09:09:53.812+0000][2561.105s][info ][safepoint     ] Entering safepoint region: Cleanup
[2023-10-31T09:09:53.812+0000][2561.105s][info ][safepoint     ] Leaving safepoint region
[2023-10-31T09:09:53.813+0000][2561.106s][info ][safepoint     ] Total time for which application threads were stopped: 0.0010330 seconds, Stopping threads took: 0.0004407 seconds
[2023-10-31T09:09:54.813+0000][2562.106s][debug][safepoint     ] Safepoint synchronization initiated. (187 threads)
[2023-10-31T09:09:54.814+0000][2562.107s][info ][safepoint     ] Application time: 1.0011734 seconds
[2023-10-31T09:09:54.815+0000][2562.108s][info ][safepoint     ] Entering safepoint region: Cleanup
[2023-10-31T09:09:54.816+0000][2562.109s][info ][safepoint     ] Leaving safepoint region
[2023-10-31T09:09:54.817+0000][2562.110s][info ][safepoint     ] Total time for which application threads were stopped: 0.0017554 seconds, Stopping threads took: 0.0007647 seconds
[2023-10-31T09:09:55.818+0000][2563.111s][debug][safepoint     ] Safepoint synchronization initiated. (187 threads)
[2023-10-31T09:09:55.818+0000][2563.111s][info ][safepoint     ] Application time: 1.0008543 seconds
[2023-10-31T09:09:55.819+0000][2563.112s][info ][safepoint     ] Entering safepoint region: Cleanup
[2023-10-31T09:09:55.819+0000][2563.113s][info ][safepoint     ] Leaving safepoint region
[2023-10-31T09:09:55.820+0000][2563.113s][info ][safepoint     ] Total time for which application threads were stopped: 0.0012083 seconds, Stopping threads took: 0.0004374 seconds
[2023-10-31T09:09:56.821+0000][2564.114s][debug][safepoint     ] Safepoint synchronization initiated. (187 threads)
[2023-10-31T09:09:56.821+0000][2564.114s][info ][safepoint     ] Application time: 1.0005953 seconds
[2023-10-31T09:09:56.821+0000][2564.115s][info ][safepoint     ] Entering safepoint region: Cleanup
[2023-10-31T09:09:56.822+0000][2564.115s][info ][safepoint     ] Leaving safepoint region
[2023-10-31T09:09:56.822+0000][2564.115s][info ][safepoint     ] Total time for which application threads were stopped: 0.0008745 seconds, Stopping threads took: 0.0003684 seconds
[2023-10-31T09:09:57.823+0000][2565.116s][debug][safepoint     ] Safepoint synchronization initiated. (187 threads)
[2023-10-31T09:09:57.824+0000][2565.117s][info ][safepoint     ] Application time: 1.0015653 seconds
[2023-10-31T09:09:57.825+0000][2565.118s][info ][safepoint     ] Entering safepoint region: Cleanup
[2023-10-31T09:09:57.827+0000][2565.120s][info ][safepoint     ] Leaving safepoint region
[2023-10-31T09:09:57.828+0000][2565.121s][info ][safepoint     ] Total time for which application threads were stopped: 0.0025825 seconds, Stopping threads took: 0.0012218 seconds
[2023-10-31T09:09:58.829+0000][2566.122s][debug][safepoint     ] Safepoint synchronization initiated. (187 threads)
[2023-10-31T09:09:58.829+0000][2566.123s][info ][safepoint     ] Application time: 1.0009650 seconds
[2023-10-31T09:09:58.830+0000][2566.124s][info ][safepoint     ] Entering safepoint region: Cleanup
[2023-10-31T09:09:58.831+0000][2566.125s][info ][safepoint     ] Leaving safepoint region
[2023-10-31T09:09:58.832+0000][2566.125s][info ][safepoint     ] Total time for which application threads were stopped: 0.0017733 seconds, Stopping threads took: 0.0011123 seconds
[2023-10-31T09:09:59.833+0000][2567.126s][debug][safepoint     ] Safepoint synchronization initiated. (187 threads)
[2023-10-31T09:09:59.834+0000][2567.127s][info ][safepoint     ] Application time: 1.0015409 seconds
[2023-10-31T09:09:59.835+0000][2567.128s][info ][safepoint     ] Entering safepoint region: Cleanup
[2023-10-31T09:09:59.836+0000][2567.129s][info ][safepoint     ] Leaving safepoint region
[2023-10-31T09:09:59.837+0000][2567.130s][info ][safepoint     ] Total time for which application threads were stopped: 0.0018936 seconds, Stopping threads took: 0.0007258 seconds
[2023-10-31T09:10:00.838+0000][2568.131s][debug][safepoint     ] Safepoint synchronization initiated. (187 threads)
[2023-10-31T09:10:00.839+0000][2568.132s][info ][safepoint     ] Application time: 1.0011122 seconds
[2023-10-31T09:10:00.839+0000][2568.132s][info ][safepoint     ] Entering safepoint region: Cleanup
[2023-10-31T09:10:00.840+0000][2568.133s][info ][safepoint     ] Leaving safepoint region
[2023-10-31T09:10:00.840+0000][2568.134s][info ][safepoint     ] Total time for which application threads were stopped: 0.0012709 seconds, Stopping threads took: 0.0005854 seconds
[2023-10-31T09:10:01.841+0000][2569.134s][debug][safepoint     ] Safepoint synchronization initiated. (187 threads)
[2023-10-31T09:10:01.842+0000][2569.135s][info ][safepoint     ] Application time: 1.0007108 seconds
[2023-10-31T09:10:01.842+0000][2569.135s][info ][safepoint     ] Entering safepoint region: Cleanup
[2023-10-31T09:10:01.843+0000][2569.136s][info ][safepoint     ] Leaving safepoint region
[2023-10-31T09:10:01.843+0000][2569.136s][info ][safepoint     ] Total time for which application threads were stopped: 0.0011306 seconds, Stopping threads took: 0.0004954 seconds
[2023-10-31T09:10:02.844+0000][2570.137s][debug][safepoint     ] Safepoint synchronization initiated. (187 threads)
[2023-10-31T09:10:02.844+0000][2570.137s][info ][safepoint     ] Application time: 1.0006232 seconds
[2023-10-31T09:10:02.844+0000][2570.138s][info ][safepoint     ] Entering safepoint region: Cleanup
[2023-10-31T09:10:02.845+0000][2570.138s][info ][safepoint     ] Leaving safepoint region
[2023-10-31T09:10:02.845+0000][2570.139s][info ][safepoint     ] Total time for which application threads were stopped: 0.0008590 seconds, Stopping threads took: 0.0003271 seconds
[2023-10-31T09:10:03.846+0000][2571.139s][debug][safepoint     ] Safepoint synchronization initiated. (187 threads)
[2023-10-31T09:10:03.846+0000][2571.139s][info ][safepoint     ] Application time: 1.0006000 seconds
[2023-10-31T09:10:03.847+0000][2571.140s][info ][safepoint     ] Entering safepoint region: Cleanup
[2023-10-31T09:10:03.847+0000][2571.141s][info ][safepoint     ] Leaving safepoint region
[2023-10-31T09:10:03.848+0000][2571.141s][info ][safepoint     ] Total time for which application threads were stopped: 0.0009949 seconds, Stopping threads took: 0.0004371 seconds
[2023-10-31T09:10:04.848+0000][2572.141s][debug][safepoint     ] Safepoint synchronization initiated. (187 threads)
[2023-10-31T09:10:04.849+0000][2572.143s][info ][safepoint     ] Application time: 1.0013149 seconds
[2023-10-31T09:10:04.850+0000][2572.143s][info ][safepoint     ] Entering safepoint region: Cleanup
[2023-10-31T09:10:04.851+0000][2572.145s][info ][safepoint     ] Leaving safepoint region
[2023-10-31T09:10:04.852+0000][2572.145s][info ][safepoint     ] Total time for which application threads were stopped: 0.0019471 seconds, Stopping threads took: 0.0009302 seconds
[2023-10-31T09:10:05.853+0000][2573.146s][debug][safepoint     ] Safepoint synchronization initiated. (187 threads)
[2023-10-31T09:10:05.854+0000][2573.147s][info ][safepoint     ] Application time: 1.0008726 seconds
[2023-10-31T09:10:05.854+0000][2573.147s][info ][safepoint     ] Entering safepoint region: Cleanup
[2023-10-31T09:10:05.855+0000][2573.148s][info ][safepoint     ] Leaving safepoint region
[2023-10-31T09:10:05.855+0000][2573.149s][info ][safepoint     ] Total time for which application threads were stopped: 0.0014390 seconds, Stopping threads took: 0.0006054 seconds
[2023-10-31T09:10:06.856+0000][2574.149s][debug][safepoint     ] Safepoint synchronization initiated. (187 threads)
[2023-10-31T09:10:06.857+0000][2574.150s][info ][safepoint     ] Application time: 1.0009770 seconds
[2023-10-31T09:10:06.857+0000][2574.151s][info ][safepoint     ] Entering safepoint region: Cleanup
[2023-10-31T09:10:06.858+0000][2574.151s][info ][safepoint     ] Leaving safepoint region
[2023-10-31T09:10:06.859+0000][2574.152s][info ][safepoint     ] Total time for which application threads were stopped: 0.0013953 seconds, Stopping threads took: 0.0006508 seconds
[2023-10-31T09:10:07.859+0000][2575.153s][debug][safepoint     ] Safepoint synchronization initiated. (187 threads)
[2023-10-31T09:10:07.860+0000][2575.154s][info ][safepoint     ] Application time: 1.0012954 seconds
[2023-10-31T09:10:07.861+0000][2575.155s][info ][safepoint     ] Entering safepoint region: Cleanup
[2023-10-31T09:10:07.863+0000][2575.156s][info ][safepoint     ] Leaving safepoint region
[2023-10-31T09:10:07.864+0000][2575.157s][info ][safepoint     ] Total time for which application threads were stopped: 0.0020721 seconds, Stopping threads took: 0.0008608 seconds
[2023-10-31T09:10:08.864+0000][2576.158s][debug][safepoint     ] Safepoint synchronization initiated. (187 threads)
[2023-10-31T09:10:08.865+0000][2576.158s][info ][safepoint     ] Application time: 1.0009425 seconds
[2023-10-31T09:10:08.866+0000][2576.159s][info ][safepoint     ] Entering safepoint region: Cleanup
[2023-10-31T09:10:08.866+0000][2576.159s][info ][safepoint     ] Leaving safepoint region
[2023-10-31T09:10:08.866+0000][2576.160s][info ][safepoint     ] Total time for which application threads were stopped: 0.0009610 seconds, Stopping threads took: 0.0004822 seconds
[2023-10-31T09:10:09.867+0000][2577.160s][debug][safepoint     ] Safepoint synchronization initiated. (187 threads)
[2023-10-31T09:10:09.868+0000][2577.161s][info ][safepoint     ] Application time: 1.0011933 seconds
[2023-10-31T09:10:09.869+0000][2577.162s][info ][safepoint     ] Entering safepoint region: Cleanup
[2023-10-31T09:10:09.870+0000][2577.163s][info ][safepoint     ] Leaving safepoint region
[2023-10-31T09:10:09.871+0000][2577.164s][info ][safepoint     ] Total time for which application threads were stopped: 0.0020935 seconds, Stopping threads took: 0.0009313 seconds
[2023-10-31T09:10:10.872+0000][2578.165s][debug][safepoint     ] Safepoint synchronization initiated. (187 threads)
[2023-10-31T09:10:10.872+0000][2578.166s][info ][safepoint     ] Application time: 1.0006553 seconds
[2023-10-31T09:10:10.873+0000][2578.166s][info ][safepoint     ] Entering safepoint region: Cleanup
[2023-10-31T09:10:10.873+0000][2578.166s][info ][safepoint     ] Leaving safepoint region
[2023-10-31T09:10:10.873+0000][2578.167s][info ][safepoint     ] Total time for which application threads were stopped: 0.0008353 seconds, Stopping threads took: 0.0003518 seconds
[2023-10-31T09:10:11.874+0000][2579.167s][debug][safepoint     ] Safepoint synchronization initiated. (187 threads)
[2023-10-31T09:10:11.875+0000][2579.168s][info ][safepoint     ] Application time: 1.0009712 seconds
[2023-10-31T09:10:11.875+0000][2579.168s][info ][safepoint     ] Entering safepoint region: Cleanup
[2023-10-31T09:10:11.876+0000][2579.169s][info ][safepoint     ] Leaving safepoint region
[2023-10-31T09:10:11.876+0000][2579.170s][info ][safepoint     ] Total time for which application threads were stopped: 0.0012219 seconds, Stopping threads took: 0.0004956 seconds
[2023-10-31T09:10:12.877+0000][2580.170s][debug][safepoint     ] Safepoint synchronization initiated. (187 threads)
[2023-10-31T09:10:12.877+0000][2580.171s][info ][safepoint     ] Application time: 1.0006679 seconds
[2023-10-31T09:10:12.878+0000][2580.171s][info ][safepoint     ] Entering safepoint region: Cleanup
[2023-10-31T09:10:12.878+0000][2580.172s][info ][safepoint     ] Leaving safepoint region
[2023-10-31T09:10:12.879+0000][2580.173s][info ][safepoint     ] Total time for which application threads were stopped: 0.0015935 seconds, Stopping threads took: 0.0004676 seconds
[2023-10-31T09:10:13.880+0000][2581.173s][debug][safepoint     ] Safepoint synchronization initiated. (187 threads)
[2023-10-31T09:10:13.880+0000][2581.174s][info ][safepoint     ] Application time: 1.0004777 seconds
[2023-10-31T09:10:13.883+0000][2581.176s][info ][safepoint     ] Entering safepoint region: Cleanup
[2023-10-31T09:10:13.884+0000][2581.177s][info ][safepoint     ] Leaving safepoint region
[2023-10-31T09:10:13.884+0000][2581.178s][info ][safepoint     ] Total time for which application threads were stopped: 0.0016181 seconds, Stopping threads took: 0.0008486 seconds
[2023-10-31T09:10:14.885+0000][2582.178s][debug][safepoint     ] Safepoint synchronization initiated. (187 threads)
[2023-10-31T09:10:14.886+0000][2582.179s][info ][safepoint     ] Application time: 1.0007858 seconds
[2023-10-31T09:10:14.886+0000][2582.179s][info ][safepoint     ] Entering safepoint region: Cleanup
[2023-10-31T09:10:14.887+0000][2582.180s][info ][safepoint     ] Leaving safepoint region
[2023-10-31T09:10:14.888+0000][2582.181s][info ][safepoint     ] Total time for which application threads were stopped: 0.0015457 seconds, Stopping threads took: 0.0006219 seconds
[2023-10-31T09:10:15.888+0000][2583.182s][debug][safepoint     ] Safepoint synchronization initiated. (187 threads)
[2023-10-31T09:10:15.889+0000][2583.182s][info ][safepoint     ] Application time: 1.0007014 seconds
[2023-10-31T09:10:15.889+0000][2583.183s][debug][safepoint     ] ... found polling page return exception at pc = 0x00007f62e8a81274, stub =0x00007f62e0840600
[2023-10-31T09:10:15.890+0000][2583.183s][debug][safepoint     ] Waiting for 2 thread(s) to block
[2023-10-31T09:10:15.890+0000][2583.184s][info ][safepoint     ] Entering safepoint region: Cleanup
[2023-10-31T09:10:15.891+0000][2583.184s][info ][safepoint     ] Leaving safepoint region
[2023-10-31T09:10:15.891+0000][2583.185s][info ][safepoint     ] Total time for which application threads were stopped: 0.0021045 seconds, Stopping threads took: 0.0015063 seconds
[2023-10-31T09:10:16.892+0000][2584.185s][debug][safepoint     ] Safepoint synchronization initiated. (187 threads)
[2023-10-31T09:10:16.893+0000][2584.186s][info ][safepoint     ] Application time: 1.0009806 seconds
[2023-10-31T09:10:16.893+0000][2584.187s][info ][safepoint     ] Entering safepoint region: Cleanup
[2023-10-31T09:10:16.894+0000][2584.187s][info ][safepoint     ] Leaving safepoint region
[2023-10-31T09:10:16.894+0000][2584.188s][info ][safepoint     ] Total time for which application threads were stopped: 0.0011553 seconds, Stopping threads took: 0.0005396 seconds
[2023-10-31T09:10:17.895+0000][2585.188s][debug][safepoint     ] Safepoint synchronization initiated. (187 threads)
[2023-10-31T09:10:17.896+0000][2585.189s][info ][safepoint     ] Application time: 1.0007427 seconds
[2023-10-31T09:10:17.896+0000][2585.189s][info ][safepoint     ] Entering safepoint region: Cleanup
[2023-10-31T09:10:17.897+0000][2585.190s][info ][safepoint     ] Leaving safepoint region
[2023-10-31T09:10:17.897+0000][2585.191s][info ][safepoint     ] Total time for which application threads were stopped: 0.0013042 seconds, Stopping threads took: 0.0005543 seconds
[2023-10-31T09:10:18.898+0000][2586.191s][debug][safepoint     ] Safepoint synchronization initiated. (187 threads)
[2023-10-31T09:10:18.898+0000][2586.192s][info ][safepoint     ] Application time: 1.0006768 seconds
[2023-10-31T09:10:18.899+0000][2586.192s][info ][safepoint     ] Entering safepoint region: Cleanup
[2023-10-31T09:10:18.900+0000][2586.193s][info ][safepoint     ] Leaving safepoint region
[2023-10-31T09:10:18.900+0000][2586.193s][info ][safepoint     ] Total time for which application threads were stopped: 0.0010791 seconds, Stopping threads took: 0.0004375 seconds
[2023-10-31T09:10:19.901+0000][2587.194s][debug][safepoint     ] Safepoint synchronization initiated. (187 threads)
[2023-10-31T09:10:19.901+0000][2587.194s][info ][safepoint     ] Application time: 1.0006656 seconds
[2023-10-31T09:10:19.901+0000][2587.195s][info ][safepoint     ] Entering safepoint region: Cleanup
[2023-10-31T09:10:19.902+0000][2587.195s][info ][safepoint     ] Leaving safepoint region
[2023-10-31T09:10:19.902+0000][2587.196s][info ][safepoint     ] Total time for which application threads were stopped: 0.0009048 seconds, Stopping threads took: 0.0004257 seconds
[2023-10-31T09:10:20.903+0000][2588.196s][debug][safepoint     ] Safepoint synchronization initiated. (187 threads)
[2023-10-31T09:10:20.904+0000][2588.197s][info ][safepoint     ] Application time: 1.0013271 seconds
[2023-10-31T09:10:20.905+0000][2588.198s][info ][safepoint     ] Entering safepoint region: Cleanup
[2023-10-31T09:10:20.906+0000][2588.200s][info ][safepoint     ] Leaving safepoint region
[2023-10-31T09:10:20.907+0000][2588.200s][info ][safepoint     ] Total time for which application threads were stopped: 0.0024139 seconds, Stopping threads took: 0.0011295 seconds
[2023-10-31T09:10:21.908+0000][2589.201s][debug][safepoint     ] Safepoint synchronization initiated. (187 threads)
[2023-10-31T09:10:21.909+0000][2589.202s][info ][safepoint     ] Application time: 1.0011699 seconds
[2023-10-31T09:10:21.910+0000][2589.203s][info ][safepoint     ] Entering safepoint region: Cleanup
[2023-10-31T09:10:21.911+0000][2589.204s][info ][safepoint     ] Leaving safepoint region
[2023-10-31T09:10:21.912+0000][2589.205s][info ][safepoint     ] Total time for which application threads were stopped: 0.0019576 seconds, Stopping threads took: 0.0008907 seconds
[2023-10-31T09:10:22.913+0000][2590.206s][debug][safepoint     ] Safepoint synchronization initiated. (187 threads)
[2023-10-31T09:10:22.914+0000][2590.207s][info ][safepoint     ] Application time: 1.0011524 seconds
[2023-10-31T09:10:22.914+0000][2590.208s][info ][safepoint     ] Entering safepoint region: Cleanup
[2023-10-31T09:10:22.915+0000][2590.209s][info ][safepoint     ] Leaving safepoint region
[2023-10-31T09:10:22.916+0000][2590.209s][info ][safepoint     ] Total time for which application threads were stopped: 0.0016195 seconds, Stopping threads took: 0.0006683 seconds
[2023-10-31T09:10:23.917+0000][2591.210s][debug][safepoint     ] Safepoint synchronization initiated. (187 threads)
[2023-10-31T09:10:23.918+0000][2591.211s][info ][safepoint     ] Application time: 1.0012653 seconds
[2023-10-31T09:10:23.919+0000][2591.212s][info ][safepoint     ] Entering safepoint region: Cleanup
[2023-10-31T09:10:23.919+0000][2591.213s][info ][safepoint     ] Leaving safepoint region
[2023-10-31T09:10:23.920+0000][2591.213s][info ][safepoint     ] Total time for which application threads were stopped: 0.0015450 seconds, Stopping threads took: 0.0006580 seconds
[2023-10-31T09:10:24.921+0000][2592.214s][debug][safepoint     ] Safepoint synchronization initiated. (187 threads)
[2023-10-31T09:10:24.922+0000][2592.215s][info ][safepoint     ] Application time: 1.0010407 seconds
[2023-10-31T09:10:24.922+0000][2592.216s][info ][safepoint     ] Entering safepoint region: Cleanup
[2023-10-31T09:10:24.923+0000][2592.217s][info ][safepoint     ] Leaving safepoint region
[2023-10-31T09:10:24.924+0000][2592.217s][info ][safepoint     ] Total time for which application threads were stopped: 0.0015958 seconds, Stopping threads took: 0.0006665 seconds
[2023-10-31T09:10:25.924+0000][2593.218s][debug][safepoint     ] Safepoint synchronization initiated. (187 threads)
[2023-10-31T09:10:25.925+0000][2593.218s][info ][safepoint     ] Application time: 1.0006474 seconds
[2023-10-31T09:10:25.925+0000][2593.219s][info ][safepoint     ] Entering safepoint region: Cleanup
[2023-10-31T09:10:25.926+0000][2593.219s][info ][safepoint     ] Leaving safepoint region
[2023-10-31T09:10:25.926+0000][2593.220s][info ][safepoint     ] Total time for which application threads were stopped: 0.0009990 seconds, Stopping threads took: 0.0004833 seconds
[2023-10-31T09:10:26.927+0000][2594.220s][debug][safepoint     ] Safepoint synchronization initiated. (187 threads)
[2023-10-31T09:10:26.927+0000][2594.221s][info ][safepoint     ] Application time: 1.0008144 seconds
[2023-10-31T09:10:26.928+0000][2594.221s][info ][safepoint     ] Entering safepoint region: Cleanup
[2023-10-31T09:10:26.928+0000][2594.222s][info ][safepoint     ] Leaving safepoint region
[2023-10-31T09:10:26.929+0000][2594.222s][info ][safepoint     ] Total time for which application threads were stopped: 0.0010375 seconds, Stopping threads took: 0.0004401 seconds
[2023-10-31T09:10:27.928+0000][2595.223s][debug][safepoint     ] Safepoint synchronization initiated. (187 threads)
[2023-10-31T09:10:27.929+0000][2595.223s][info ][safepoint     ] Application time: 1.0004134 seconds
[2023-10-31T09:10:27.929+0000][2595.223s][info ][safepoint     ] Entering safepoint region: Cleanup
[2023-10-31T09:10:27.929+0000][2595.224s][info ][safepoint     ] Leaving safepoint region
[2023-10-31T09:10:27.929+0000][2595.224s][info ][safepoint     ] Total time for which application threads were stopped: 0.0007036 seconds, Stopping threads took: 0.0002609 seconds
[2023-10-31T09:10:28.930+0000][2596.224s][debug][safepoint     ] Safepoint synchronization initiated. (187 threads)
[2023-10-31T09:10:28.931+0000][2596.225s][info ][safepoint     ] Application time: 1.0008821 seconds
[2023-10-31T09:10:28.931+0000][2596.225s][info ][safepoint     ] Entering safepoint region: Cleanup
[2023-10-31T09:10:28.932+0000][2596.226s][info ][safepoint     ] Leaving safepoint region
[2023-10-31T09:10:28.932+0000][2596.227s][info ][safepoint     ] Total time for which application threads were stopped: 0.0011698 seconds, Stopping threads took: 0.0005144 seconds
[2023-10-31T09:10:29.933+0000][2597.227s][debug][safepoint     ] Safepoint synchronization initiated. (187 threads)
[2023-10-31T09:10:29.934+0000][2597.228s][info ][safepoint     ] Application time: 1.0014468 seconds
[2023-10-31T09:10:29.935+0000][2597.230s][info ][safepoint     ] Entering safepoint region: Cleanup
[2023-10-31T09:10:29.937+0000][2597.231s][info ][safepoint     ] Leaving safepoint region
[2023-10-31T09:10:29.937+0000][2597.232s][info ][safepoint     ] Total time for which application threads were stopped: 0.0021123 seconds, Stopping threads took: 0.0008830 seconds
[2023-10-31T09:10:30.938+0000][2598.233s][debug][safepoint     ] Safepoint synchronization initiated. (187 threads)
[2023-10-31T09:10:30.939+0000][2598.233s][info ][safepoint     ] Application time: 1.0011874 seconds
[2023-10-31T09:10:30.940+0000][2598.234s][info ][safepoint     ] Entering safepoint region: Cleanup
[2023-10-31T09:10:30.941+0000][2598.235s][info ][safepoint     ] Leaving safepoint region
[2023-10-31T09:10:30.942+0000][2598.236s][info ][safepoint     ] Total time for which application threads were stopped: 0.0017549 seconds, Stopping threads took: 0.0008298 seconds
[2023-10-31T09:10:31.942+0000][2599.237s][debug][safepoint     ] Safepoint synchronization initiated. (187 threads)
[2023-10-31T09:10:31.943+0000][2599.237s][info ][safepoint     ] Application time: 1.0008510 seconds
[2023-10-31T09:10:31.944+0000][2599.238s][info ][safepoint     ] Entering safepoint region: Cleanup
[2023-10-31T09:10:31.944+0000][2599.239s][info ][safepoint     ] Leaving safepoint region
[2023-10-31T09:10:31.945+0000][2599.239s][info ][safepoint     ] Total time for which application threads were stopped: 0.0014062 seconds, Stopping threads took: 0.0006048 seconds
[2023-10-31T09:10:32.946+0000][2600.240s][debug][safepoint     ] Safepoint synchronization initiated. (187 threads)
[2023-10-31T09:10:32.947+0000][2600.241s][info ][safepoint     ] Application time: 1.0014147 seconds
[2023-10-31T09:10:32.948+0000][2600.242s][info ][safepoint     ] Entering safepoint region: Cleanup
[2023-10-31T09:10:32.949+0000][2600.244s][info ][safepoint     ] Leaving safepoint region
[2023-10-31T09:10:32.950+0000][2600.244s][info ][safepoint     ] Total time for which application threads were stopped: 0.0021135 seconds, Stopping threads took: 0.0008560 seconds
[2023-10-31T09:10:33.951+0000][2601.246s][debug][safepoint     ] Safepoint synchronization initiated. (187 threads)
[2023-10-31T09:10:33.952+0000][2601.247s][info ][safepoint     ] Application time: 1.0015171 seconds
[2023-10-31T09:10:33.954+0000][2601.248s][info ][safepoint     ] Entering safepoint region: Cleanup
[2023-10-31T09:10:33.955+0000][2601.249s][info ][safepoint     ] Leaving safepoint region
[2023-10-31T09:10:33.955+0000][2601.250s][info ][safepoint     ] Total time for which application threads were stopped: 0.0019118 seconds, Stopping threads took: 0.0008279 seconds
[2023-10-31T09:10:34.956+0000][2602.251s][debug][safepoint     ] Safepoint synchronization initiated. (187 threads)
[2023-10-31T09:10:34.957+0000][2602.251s][info ][safepoint     ] Application time: 1.0011288 seconds
[2023-10-31T09:10:34.958+0000][2602.252s][info ][safepoint     ] Entering safepoint region: Cleanup
[2023-10-31T09:10:34.959+0000][2602.253s][info ][safepoint     ] Leaving safepoint region
[2023-10-31T09:10:34.960+0000][2602.254s][info ][safepoint     ] Total time for which application threads were stopped: 0.0019184 seconds, Stopping threads took: 0.0008312 seconds
[2023-10-31T09:10:35.961+0000][2603.255s][debug][safepoint     ] Safepoint synchronization initiated. (187 threads)
[2023-10-31T09:10:35.961+0000][2603.256s][info ][safepoint     ] Application time: 1.0008156 seconds
[2023-10-31T09:10:35.962+0000][2603.256s][info ][safepoint     ] Entering safepoint region: Cleanup
[2023-10-31T09:10:35.962+0000][2603.257s][info ][safepoint     ] Leaving safepoint region
[2023-10-31T09:10:35.963+0000][2603.257s][info ][safepoint     ] Total time for which application threads were stopped: 0.0010430 seconds, Stopping threads took: 0.0004355 seconds
[2023-10-31T09:10:36.963+0000][2604.258s][debug][safepoint     ] Safepoint synchronization initiated. (187 threads)
[2023-10-31T09:10:36.964+0000][2604.258s][info ][safepoint     ] Application time: 1.0009007 seconds
[2023-10-31T09:10:36.965+0000][2604.259s][info ][safepoint     ] Entering safepoint region: Cleanup
[2023-10-31T09:10:36.965+0000][2604.259s][info ][safepoint     ] Leaving safepoint region
[2023-10-31T09:10:36.966+0000][2604.260s][info ][safepoint     ] Total time for which application threads were stopped: 0.0010145 seconds, Stopping threads took: 0.0004656 seconds
[2023-10-31T09:10:37.966+0000][2605.260s][debug][safepoint     ] Safepoint synchronization initiated. (187 threads)
[2023-10-31T09:10:37.967+0000][2605.261s][info ][safepoint     ] Application time: 1.0009475 seconds
[2023-10-31T09:10:37.968+0000][2605.262s][info ][safepoint     ] Entering safepoint region: Cleanup
[2023-10-31T09:10:37.968+0000][2605.263s][info ][safepoint     ] Leaving safepoint region
[2023-10-31T09:10:37.969+0000][2605.263s][info ][safepoint     ] Total time for which application threads were stopped: 0.0012046 seconds, Stopping threads took: 0.0005845 seconds
[2023-10-31T09:10:38.969+0000][2606.264s][debug][safepoint     ] Safepoint synchronization initiated. (187 threads)
[2023-10-31T09:10:38.970+0000][2606.264s][info ][safepoint     ] Application time: 1.0009269 seconds
[2023-10-31T09:10:38.971+0000][2606.265s][info ][safepoint     ] Entering safepoint region: Cleanup
[2023-10-31T09:10:38.971+0000][2606.266s][info ][safepoint     ] Leaving safepoint region
[2023-10-31T09:10:38.972+0000][2606.266s][info ][safepoint     ] Total time for which application threads were stopped: 0.0011872 seconds, Stopping threads took: 0.0004792 seconds
[2023-10-31T09:10:39.972+0000][2607.267s][debug][safepoint     ] Safepoint synchronization initiated. (187 threads)
[2023-10-31T09:10:39.973+0000][2607.267s][info ][safepoint     ] Application time: 1.0007599 seconds
[2023-10-31T09:10:39.973+0000][2607.268s][info ][safepoint     ] Entering safepoint region: Cleanup
[2023-10-31T09:10:39.974+0000][2607.268s][info ][safepoint     ] Leaving safepoint region
[2023-10-31T09:10:39.974+0000][2607.269s][info ][safepoint     ] Total time for which application threads were stopped: 0.0011356 seconds, Stopping threads took: 0.0005227 seconds
[2023-10-31T09:10:40.975+0000][2608.269s][debug][safepoint     ] Safepoint synchronization initiated. (187 threads)
[2023-10-31T09:10:40.976+0000][2608.270s][info ][safepoint     ] Application time: 1.0007778 seconds
[2023-10-31T09:10:40.976+0000][2608.270s][info ][safepoint     ] Entering safepoint region: Cleanup
[2023-10-31T09:10:40.977+0000][2608.271s][info ][safepoint     ] Leaving safepoint region
[2023-10-31T09:10:40.977+0000][2608.271s][info ][safepoint     ] Total time for which application threads were stopped: 0.0010183 seconds, Stopping threads took: 0.0005129 seconds
[2023-10-31T09:10:41.978+0000][2609.272s][debug][safepoint     ] Safepoint synchronization initiated. (187 threads)
[2023-10-31T09:10:41.978+0000][2609.272s][info ][safepoint     ] Application time: 1.0005639 seconds
[2023-10-31T09:10:41.978+0000][2609.273s][info ][safepoint     ] Entering safepoint region: Cleanup
[2023-10-31T09:10:41.979+0000][2609.273s][info ][safepoint     ] Leaving safepoint region
[2023-10-31T09:10:41.979+0000][2609.273s][info ][safepoint     ] Total time for which application threads were stopped: 0.0007731 seconds, Stopping threads took: 0.0003367 seconds
[2023-10-31T09:10:42.979+0000][2610.274s][debug][safepoint     ] Safepoint synchronization initiated. (187 threads)
[2023-10-31T09:10:42.980+0000][2610.274s][info ][safepoint     ] Application time: 1.0007592 seconds
[2023-10-31T09:10:42.981+0000][2610.275s][info ][safepoint     ] Entering safepoint region: Cleanup
[2023-10-31T09:10:42.981+0000][2610.276s][info ][safepoint     ] Leaving safepoint region
[2023-10-31T09:10:42.982+0000][2610.276s][info ][safepoint     ] Total time for which application threads were stopped: 0.0011252 seconds, Stopping threads took: 0.0004432 seconds
[2023-10-31T09:10:43.982+0000][2611.277s][debug][safepoint     ] Safepoint synchronization initiated. (187 threads)
[2023-10-31T09:10:43.983+0000][2611.277s][info ][safepoint     ] Application time: 1.0004761 seconds
[2023-10-31T09:10:43.983+0000][2611.277s][info ][safepoint     ] Entering safepoint region: Cleanup
[2023-10-31T09:10:43.984+0000][2611.278s][info ][safepoint     ] Leaving safepoint region
[2023-10-31T09:10:43.984+0000][2611.278s][info ][safepoint     ] Total time for which application threads were stopped: 0.0011271 seconds, Stopping threads took: 0.0003935 seconds
[2023-10-31T09:10:44.985+0000][2612.279s][debug][safepoint     ] Safepoint synchronization initiated. (187 threads)
[2023-10-31T09:10:44.986+0000][2612.280s][info ][safepoint     ] Application time: 1.0010858 seconds
[2023-10-31T09:10:44.986+0000][2612.281s][info ][safepoint     ] Entering safepoint region: Cleanup
[2023-10-31T09:10:44.987+0000][2612.281s][info ][safepoint     ] Leaving safepoint region
[2023-10-31T09:10:44.987+0000][2612.281s][info ][safepoint     ] Total time for which application threads were stopped: 0.0008283 seconds, Stopping threads took: 0.0003809 seconds
[2023-10-31T09:10:45.987+0000][2613.282s][debug][safepoint     ] Safepoint synchronization initiated. (187 threads)
[2023-10-31T09:10:45.988+0000][2613.282s][info ][safepoint     ] Application time: 1.0008994 seconds
[2023-10-31T09:10:45.989+0000][2613.283s][info ][safepoint     ] Entering safepoint region: Cleanup
[2023-10-31T09:10:45.989+0000][2613.284s][info ][safepoint     ] Leaving safepoint region
[2023-10-31T09:10:45.990+0000][2613.284s][info ][safepoint     ] Total time for which application threads were stopped: 0.0013663 seconds, Stopping threads took: 0.0005490 seconds
[2023-10-31T09:10:46.991+0000][2614.285s][debug][safepoint     ] Safepoint synchronization initiated. (187 threads)
[2023-10-31T09:10:46.992+0000][2614.286s][info ][safepoint     ] Application time: 1.0015466 seconds
[2023-10-31T09:10:46.993+0000][2614.287s][info ][safepoint     ] Entering safepoint region: Cleanup
[2023-10-31T09:10:46.994+0000][2614.289s][info ][safepoint     ] Leaving safepoint region
[2023-10-31T09:10:46.995+0000][2614.289s][info ][safepoint     ] Total time for which application threads were stopped: 0.0022015 seconds, Stopping threads took: 0.0008677 seconds
[2023-10-31T09:10:47.996+0000][2615.290s][debug][safepoint     ] Safepoint synchronization initiated. (187 threads)
[2023-10-31T09:10:47.997+0000][2615.291s][info ][safepoint     ] Application time: 1.0008944 seconds
[2023-10-31T09:10:47.997+0000][2615.292s][info ][safepoint     ] Entering safepoint region: Cleanup
[2023-10-31T09:10:47.998+0000][2615.292s][info ][safepoint     ] Leaving safepoint region
[2023-10-31T09:10:47.999+0000][2615.293s][info ][safepoint     ] Total time for which application threads were stopped: 0.0013721 seconds, Stopping threads took: 0.0006093 seconds
[2023-10-31T09:10:49.000+0000][2616.294s][debug][safepoint     ] Safepoint synchronization initiated. (187 threads)
[2023-10-31T09:10:49.001+0000][2616.295s][info ][safepoint     ] Application time: 1.0017914 seconds
[2023-10-31T09:10:49.002+0000][2616.297s][info ][safepoint     ] Entering safepoint region: Cleanup
[2023-10-31T09:10:49.004+0000][2616.298s][info ][safepoint     ] Leaving safepoint region
[2023-10-31T09:10:49.005+0000][2616.299s][info ][safepoint     ] Total time for which application threads were stopped: 0.0026338 seconds, Stopping threads took: 0.0012135 seconds
[2023-10-31T09:10:50.006+0000][2617.300s][debug][safepoint     ] Safepoint synchronization initiated. (187 threads)
[2023-10-31T09:10:50.007+0000][2617.302s][info ][safepoint     ] Application time: 1.0016015 seconds
[2023-10-31T09:10:50.008+0000][2617.303s][info ][safepoint     ] Entering safepoint region: Cleanup
[2023-10-31T09:10:50.010+0000][2617.304s][info ][safepoint     ] Leaving safepoint region
[2023-10-31T09:10:50.010+0000][2617.305s][info ][safepoint     ] Total time for which application threads were stopped: 0.0022550 seconds, Stopping threads took: 0.0009877 seconds
[2023-10-31T09:10:51.012+0000][2618.306s][debug][safepoint     ] Safepoint synchronization initiated. (187 threads)
[2023-10-31T09:10:51.013+0000][2618.307s][info ][safepoint     ] Application time: 1.0014108 seconds
[2023-10-31T09:10:51.014+0000][2618.308s][info ][safepoint     ] Entering safepoint region: Cleanup
[2023-10-31T09:10:51.015+0000][2618.309s][info ][safepoint     ] Leaving safepoint region
[2023-10-31T09:10:51.016+0000][2618.310s][info ][safepoint     ] Total time for which application threads were stopped: 0.0022717 seconds, Stopping threads took: 0.0009853 seconds
[2023-10-31T09:10:52.017+0000][2619.311s][debug][safepoint     ] Safepoint synchronization initiated. (187 threads)
[2023-10-31T09:10:52.017+0000][2619.312s][info ][safepoint     ] Application time: 1.0007273 seconds
[2023-10-31T09:10:52.018+0000][2619.312s][info ][safepoint     ] Entering safepoint region: Cleanup
[2023-10-31T09:10:52.018+0000][2619.313s][info ][safepoint     ] Leaving safepoint region
[2023-10-31T09:10:52.019+0000][2619.313s][info ][safepoint     ] Total time for which application threads were stopped: 0.0010428 seconds, Stopping threads took: 0.0005194 seconds
[2023-10-31T09:10:53.019+0000][2620.314s][debug][safepoint     ] Safepoint synchronization initiated. (187 threads)
[2023-10-31T09:10:53.020+0000][2620.314s][info ][safepoint     ] Application time: 1.0005398 seconds
[2023-10-31T09:10:53.020+0000][2620.314s][info ][safepoint     ] Entering safepoint region: Cleanup
[2023-10-31T09:10:53.021+0000][2620.315s][info ][safepoint     ] Leaving safepoint region
[2023-10-31T09:10:53.021+0000][2620.315s][info ][safepoint     ] Total time for which application threads were stopped: 0.0008253 seconds, Stopping threads took: 0.0003480 seconds
[2023-10-31T09:10:54.021+0000][2621.316s][debug][safepoint     ] Safepoint synchronization initiated. (187 threads)
[2023-10-31T09:10:54.022+0000][2621.316s][info ][safepoint     ] Application time: 1.0006986 seconds
[2023-10-31T09:10:54.022+0000][2621.317s][info ][safepoint     ] Entering safepoint region: Cleanup
[2023-10-31T09:10:54.023+0000][2621.317s][info ][safepoint     ] Leaving safepoint region
[2023-10-31T09:10:54.023+0000][2621.317s][info ][safepoint     ] Total time for which application threads were stopped: 0.0008593 seconds, Stopping threads took: 0.0003829 seconds
[2023-10-31T09:10:55.024+0000][2622.318s][debug][safepoint     ] Safepoint synchronization initiated. (187 threads)
[2023-10-31T09:10:55.024+0000][2622.319s][info ][safepoint     ] Application time: 1.0009573 seconds
[2023-10-31T09:10:55.025+0000][2622.319s][info ][safepoint     ] Entering safepoint region: Cleanup
[2023-10-31T09:10:55.026+0000][2622.320s][info ][safepoint     ] Leaving safepoint region
[2023-10-31T09:10:55.026+0000][2622.320s][info ][safepoint     ] Total time for which application threads were stopped: 0.0012064 seconds, Stopping threads took: 0.0006123 seconds
[2023-10-31T09:10:56.027+0000][2623.321s][debug][safepoint     ] Safepoint synchronization initiated. (187 threads)
[2023-10-31T09:10:56.027+0000][2623.322s][info ][safepoint     ] Application time: 1.0007994 seconds
[2023-10-31T09:10:56.028+0000][2623.322s][info ][safepoint     ] Entering safepoint region: Cleanup
[2023-10-31T09:10:56.029+0000][2623.323s][info ][safepoint     ] Leaving safepoint region
[2023-10-31T09:10:56.029+0000][2623.324s][info ][safepoint     ] Total time for which application threads were stopped: 0.0014033 seconds, Stopping threads took: 0.0006288 seconds
[2023-10-31T09:10:57.030+0000][2624.324s][debug][safepoint     ] Safepoint synchronization initiated. (187 threads)
[2023-10-31T09:10:57.031+0000][2624.325s][info ][safepoint     ] Application time: 1.0009257 seconds
[2023-10-31T09:10:57.031+0000][2624.326s][info ][safepoint     ] Entering safepoint region: Cleanup
[2023-10-31T09:10:57.032+0000][2624.326s][info ][safepoint     ] Leaving safepoint region
[2023-10-31T09:10:57.033+0000][2624.327s][info ][safepoint     ] Total time for which application threads were stopped: 0.0011856 seconds, Stopping threads took: 0.0005240 seconds
[2023-10-31T09:10:58.034+0000][2625.328s][debug][safepoint     ] Safepoint synchronization initiated. (187 threads)
[2023-10-31T09:10:58.035+0000][2625.329s][info ][safepoint     ] Application time: 1.0011629 seconds
[2023-10-31T09:10:58.036+0000][2625.329s][info ][safepoint     ] Entering safepoint region: Cleanup
[2023-10-31T09:10:58.037+0000][2625.330s][info ][safepoint     ] Leaving safepoint region
[2023-10-31T09:10:58.038+0000][2625.331s][info ][safepoint     ] Total time for which application threads were stopped: 0.0019559 seconds, Stopping threads took: 0.0008771 seconds
[2023-10-31T09:10:59.039+0000][2626.332s][debug][safepoint     ] Safepoint synchronization initiated. (187 threads)
[2023-10-31T09:10:59.040+0000][2626.333s][info ][safepoint     ] Application time: 1.0011379 seconds
[2023-10-31T09:10:59.041+0000][2626.334s][info ][safepoint     ] Entering safepoint region: Cleanup
[2023-10-31T09:10:59.042+0000][2626.335s][info ][safepoint     ] Leaving safepoint region
[2023-10-31T09:10:59.042+0000][2626.336s][info ][safepoint     ] Total time for which application threads were stopped: 0.0017642 seconds, Stopping threads took: 0.0007441 seconds
[2023-10-31T09:11:00.043+0000][2627.337s][debug][safepoint     ] Safepoint synchronization initiated. (187 threads)
[2023-10-31T09:11:00.044+0000][2627.338s][info ][safepoint     ] Application time: 1.0011211 seconds
[2023-10-31T09:11:00.045+0000][2627.338s][info ][safepoint     ] Entering safepoint region: Cleanup
[2023-10-31T09:11:00.046+0000][2627.339s][info ][safepoint     ] Leaving safepoint region
[2023-10-31T09:11:00.046+0000][2627.340s][info ][safepoint     ] Total time for which application threads were stopped: 0.0012568 seconds, Stopping threads took: 0.0005627 seconds
[2023-10-31T09:11:01.047+0000][2628.340s][debug][safepoint     ] Safepoint synchronization initiated. (187 threads)
[2023-10-31T09:11:01.048+0000][2628.342s][info ][safepoint     ] Application time: 1.0014795 seconds
[2023-10-31T09:11:01.049+0000][2628.343s][info ][safepoint     ] Entering safepoint region: Cleanup
[2023-10-31T09:11:01.050+0000][2628.344s][info ][safepoint     ] Leaving safepoint region
[2023-10-31T09:11:01.051+0000][2628.345s][info ][safepoint     ] Total time for which application threads were stopped: 0.0023492 seconds, Stopping threads took: 0.0010621 seconds
[2023-10-31T09:11:02.052+0000][2629.346s][debug][safepoint     ] Safepoint synchronization initiated. (187 threads)
[2023-10-31T09:11:02.053+0000][2629.347s][info ][safepoint     ] Application time: 1.0009786 seconds
[2023-10-31T09:11:02.054+0000][2629.347s][info ][safepoint     ] Entering safepoint region: Cleanup
[2023-10-31T09:11:02.054+0000][2629.348s][info ][safepoint     ] Leaving safepoint region
[2023-10-31T09:11:02.055+0000][2629.348s][info ][safepoint     ] Total time for which application threads were stopped: 0.0013650 seconds, Stopping threads took: 0.0006181 seconds
[2023-10-31T09:11:03.056+0000][2630.349s][debug][safepoint     ] Safepoint synchronization initiated. (187 threads)
[2023-10-31T09:11:03.056+0000][2630.350s][info ][safepoint     ] Application time: 1.0008168 seconds
[2023-10-31T09:11:03.057+0000][2630.351s][info ][safepoint     ] Entering safepoint region: Cleanup
[2023-10-31T09:11:03.058+0000][2630.351s][info ][safepoint     ] Leaving safepoint region
[2023-10-31T09:11:03.058+0000][2630.352s][info ][safepoint     ] Total time for which application threads were stopped: 0.0013534 seconds, Stopping threads took: 0.0005222 seconds
[2023-10-31T09:11:04.059+0000][2631.353s][debug][safepoint     ] Safepoint synchronization initiated. (187 threads)
[2023-10-31T09:11:04.060+0000][2631.353s][info ][safepoint     ] Application time: 1.0005947 seconds
[2023-10-31T09:11:04.060+0000][2631.354s][info ][safepoint     ] Entering safepoint region: Cleanup
[2023-10-31T09:11:04.061+0000][2631.354s][info ][safepoint     ] Leaving safepoint region
[2023-10-31T09:11:04.061+0000][2631.354s][info ][safepoint     ] Total time for which application threads were stopped: 0.0008054 seconds, Stopping threads took: 0.0003136 seconds
[2023-10-31T09:11:05.061+0000][2632.355s][debug][safepoint     ] Safepoint synchronization initiated. (187 threads)
[2023-10-31T09:11:05.062+0000][2632.356s][info ][safepoint     ] Application time: 1.0010871 seconds
[2023-10-31T09:11:05.063+0000][2632.357s][info ][safepoint     ] Entering safepoint region: Cleanup
[2023-10-31T09:11:05.064+0000][2632.358s][info ][safepoint     ] Leaving safepoint region
[2023-10-31T09:11:05.065+0000][2632.358s][info ][safepoint     ] Total time for which application threads were stopped: 0.0014941 seconds, Stopping threads took: 0.0007443 seconds
[2023-10-31T09:11:06.065+0000][2633.359s][debug][safepoint     ] Safepoint synchronization initiated. (187 threads)
[2023-10-31T09:11:06.066+0000][2633.359s][info ][safepoint     ] Application time: 1.0007520 seconds
[2023-10-31T09:11:06.066+0000][2633.360s][info ][safepoint     ] Entering safepoint region: Cleanup
[2023-10-31T09:11:06.067+0000][2633.361s][info ][safepoint     ] Leaving safepoint region
[2023-10-31T09:11:06.068+0000][2633.361s][info ][safepoint     ] Total time for which application threads were stopped: 0.0012861 seconds, Stopping threads took: 0.0005781 seconds
[2023-10-31T09:11:07.068+0000][2634.362s][debug][safepoint     ] Safepoint synchronization initiated. (187 threads)
[2023-10-31T09:11:07.069+0000][2634.362s][info ][safepoint     ] Application time: 1.0006940 seconds
[2023-10-31T09:11:07.069+0000][2634.363s][info ][safepoint     ] Entering safepoint region: Cleanup
[2023-10-31T09:11:07.070+0000][2634.363s][info ][safepoint     ] Leaving safepoint region
[2023-10-31T09:11:07.070+0000][2634.363s][info ][safepoint     ] Total time for which application threads were stopped: 0.0007492 seconds, Stopping threads took: 0.0002996 seconds
[2023-10-31T09:11:08.071+0000][2635.364s][debug][safepoint     ] Safepoint synchronization initiated. (187 threads)
[2023-10-31T09:11:08.072+0000][2635.365s][info ][safepoint     ] Application time: 1.0013141 seconds
[2023-10-31T09:11:08.072+0000][2635.366s][info ][safepoint     ] Entering safepoint region: Cleanup
[2023-10-31T09:11:08.073+0000][2635.366s][info ][safepoint     ] Leaving safepoint region
[2023-10-31T09:11:08.073+0000][2635.367s][info ][safepoint     ] Total time for which application threads were stopped: 0.0012384 seconds, Stopping threads took: 0.0005673 seconds
[2023-10-31T09:11:09.074+0000][2636.368s][debug][safepoint     ] Safepoint synchronization initiated. (187 threads)
[2023-10-31T09:11:09.075+0000][2636.369s][info ][safepoint     ] Application time: 1.0010692 seconds
[2023-10-31T09:11:09.076+0000][2636.369s][info ][safepoint     ] Entering safepoint region: Cleanup
[2023-10-31T09:11:09.076+0000][2636.370s][info ][safepoint     ] Leaving safepoint region
[2023-10-31T09:11:09.077+0000][2636.370s][info ][safepoint     ] Total time for which application threads were stopped: 0.0012608 seconds, Stopping threads took: 0.0005504 seconds
[2023-10-31T09:11:10.078+0000][2637.371s][debug][safepoint     ] Safepoint synchronization initiated. (187 threads)
[2023-10-31T09:11:10.078+0000][2637.372s][info ][safepoint     ] Application time: 1.0007965 seconds
[2023-10-31T09:11:10.079+0000][2637.372s][info ][safepoint     ] Entering safepoint region: Cleanup
[2023-10-31T09:11:10.080+0000][2637.373s][info ][safepoint     ] Leaving safepoint region
[2023-10-31T09:11:10.080+0000][2637.374s][info ][safepoint     ] Total time for which application threads were stopped: 0.0013944 seconds, Stopping threads took: 0.0006337 seconds
[2023-10-31T09:11:11.081+0000][2638.374s][debug][safepoint     ] Safepoint synchronization initiated. (187 threads)
[2023-10-31T09:11:11.082+0000][2638.375s][info ][safepoint     ] Application time: 1.0008559 seconds
[2023-10-31T09:11:11.082+0000][2638.376s][info ][safepoint     ] Entering safepoint region: Cleanup
[2023-10-31T09:11:11.083+0000][2638.376s][info ][safepoint     ] Leaving safepoint region
[2023-10-31T09:11:11.083+0000][2638.377s][info ][safepoint     ] Total time for which application threads were stopped: 0.0010845 seconds, Stopping threads took: 0.0004945 seconds
[2023-10-31T09:11:12.084+0000][2639.377s][debug][safepoint     ] Safepoint synchronization initiated. (187 threads)
[2023-10-31T09:11:12.084+0000][2639.377s][info ][safepoint     ] Application time: 1.0004736 seconds
[2023-10-31T09:11:12.084+0000][2639.378s][info ][safepoint     ] Entering safepoint region: Cleanup
[2023-10-31T09:11:12.085+0000][2639.378s][info ][safepoint     ] Leaving safepoint region
[2023-10-31T09:11:12.085+0000][2639.378s][info ][safepoint     ] Total time for which application threads were stopped: 0.0007994 seconds, Stopping threads took: 0.0003784 seconds
[2023-10-31T09:11:13.085+0000][2640.379s][debug][safepoint     ] Safepoint synchronization initiated. (187 threads)
[2023-10-31T09:11:13.086+0000][2640.380s][info ][safepoint     ] Application time: 1.0010069 seconds
[2023-10-31T09:11:13.087+0000][2640.380s][info ][safepoint     ] Entering safepoint region: Cleanup
[2023-10-31T09:11:13.088+0000][2640.381s][info ][safepoint     ] Leaving safepoint region
[2023-10-31T09:11:13.088+0000][2640.382s][info ][safepoint     ] Total time for which application threads were stopped: 0.0013678 seconds, Stopping threads took: 0.0006275 seconds
[2023-10-31T09:11:14.089+0000][2641.382s][debug][safepoint     ] Safepoint synchronization initiated. (186 threads)
[2023-10-31T09:11:14.089+0000][2641.383s][info ][safepoint     ] Application time: 1.0007397 seconds
[2023-10-31T09:11:14.090+0000][2641.383s][info ][safepoint     ] Entering safepoint region: Cleanup
[2023-10-31T09:11:14.091+0000][2641.384s][info ][safepoint     ] Leaving safepoint region
[2023-10-31T09:11:14.091+0000][2641.384s][info ][safepoint     ] Total time for which application threads were stopped: 0.0010222 seconds, Stopping threads took: 0.0004066 seconds
[2023-10-31T09:11:15.092+0000][2642.385s][debug][safepoint     ] Safepoint synchronization initiated. (186 threads)
[2023-10-31T09:11:15.093+0000][2642.386s][info ][safepoint     ] Application time: 1.0014743 seconds
[2023-10-31T09:11:15.094+0000][2642.387s][info ][safepoint     ] Entering safepoint region: Cleanup
[2023-10-31T09:11:15.095+0000][2642.389s][info ][safepoint     ] Leaving safepoint region
[2023-10-31T09:11:15.096+0000][2642.390s][info ][safepoint     ] Total time for which application threads were stopped: 0.0024977 seconds, Stopping threads took: 0.0010768 seconds
[2023-10-31T09:11:15.159+0000][2642.453s][debug][safepoint     ] Safepoint synchronization initiated. (186 threads)
[2023-10-31T09:11:15.160+0000][2642.454s][info ][safepoint     ] Application time: 0.0631433 seconds
[2023-10-31T09:11:15.161+0000][2642.454s][info ][safepoint     ] Entering safepoint region: G1CollectForAllocation
[2023-10-31T09:11:15.162+0000][2642.456s][info ][gc,start      ] GC(69) Pause Young (Normal) (G1 Evacuation Pause)
[2023-10-31T09:11:15.163+0000][2642.456s][info ][gc,task       ] GC(69) Using 8 workers of 8 for evacuation
[2023-10-31T09:11:15.172+0000][2642.466s][info ][gc,phases     ] GC(69)   Pre Evacuate Collection Set: 0.2ms
[2023-10-31T09:11:15.173+0000][2642.466s][info ][gc,phases     ] GC(69)   Evacuate Collection Set: 4.7ms
[2023-10-31T09:11:15.173+0000][2642.467s][info ][gc,phases     ] GC(69)   Post Evacuate Collection Set: 3.6ms
[2023-10-31T09:11:15.173+0000][2642.467s][info ][gc,phases     ] GC(69)   Other: 1.6ms
[2023-10-31T09:11:15.174+0000][2642.467s][info ][gc,heap       ] GC(69) Eden regions: 210->0(211)
[2023-10-31T09:11:15.174+0000][2642.468s][info ][gc,heap       ] GC(69) Survivor regions: 7->5(28)
[2023-10-31T09:11:15.175+0000][2642.468s][info ][gc,heap       ] GC(69) Old regions: 158->160
[2023-10-31T09:11:15.175+0000][2642.469s][info ][gc,heap       ] GC(69) Humongous regions: 40->40
[2023-10-31T09:11:15.176+0000][2642.469s][info ][gc,metaspace  ] GC(69) Metaspace: 170962K(176848K)->170962K(176848K) NonClass: 151253K(154832K)->151253K(154832K) Class: 19709K(22016K)->19709K(22016K)
[2023-10-31T09:11:15.176+0000][2642.470s][info ][gc            ] GC(69) Pause Young (Normal) (G1 Evacuation Pause) 413M->203M(470M) 14.185ms
[2023-10-31T09:11:15.177+0000][2642.470s][info ][gc,cpu        ] GC(69) User=0.04s Sys=0.01s Real=0.02s
[2023-10-31T09:11:15.177+0000][2642.471s][info ][safepoint     ] Leaving safepoint region
[2023-10-31T09:11:15.178+0000][2642.471s][info ][safepoint     ] Total time for which application threads were stopped: 0.0168886 seconds, Stopping threads took: 0.0007581 seconds
[2023-10-31T09:11:15.178+0000][2642.472s][info ][gc,stringdedup] Concurrent String Deduplication (2642.472s)
[2023-10-31T09:11:15.179+0000][2642.472s][info ][gc,stringdedup] Concurrent String Deduplication 320.0B->48.0B(272.0B) avg 54.4% (2642.472s, 2642.472s) 0.488ms
[2023-10-31T09:11:16.178+0000][2643.472s][debug][safepoint     ] Safepoint synchronization initiated. (186 threads)
[2023-10-31T09:11:16.179+0000][2643.472s][info ][safepoint     ] Application time: 1.0006952 seconds
[2023-10-31T09:11:16.179+0000][2643.473s][info ][safepoint     ] Entering safepoint region: Cleanup
[2023-10-31T09:11:16.180+0000][2643.473s][info ][safepoint     ] Leaving safepoint region
[2023-10-31T09:11:16.180+0000][2643.474s][info ][safepoint     ] Total time for which application threads were stopped: 0.0009879 seconds, Stopping threads took: 0.0004174 seconds
[2023-10-31T09:11:17.181+0000][2644.474s][debug][safepoint     ] Safepoint synchronization initiated. (186 threads)
[2023-10-31T09:11:17.182+0000][2644.475s][info ][safepoint     ] Application time: 1.0012732 seconds
[2023-10-31T09:11:17.183+0000][2644.476s][info ][safepoint     ] Entering safepoint region: Cleanup
[2023-10-31T09:11:17.184+0000][2644.478s][info ][safepoint     ] Leaving safepoint region
[2023-10-31T09:11:17.185+0000][2644.479s][info ][safepoint     ] Total time for which application threads were stopped: 0.0022679 seconds, Stopping threads took: 0.0009331 seconds
[2023-10-31T09:11:18.186+0000][2645.480s][debug][safepoint     ] Safepoint synchronization initiated. (186 threads)
[2023-10-31T09:11:18.187+0000][2645.481s][info ][safepoint     ] Application time: 1.0013754 seconds
[2023-10-31T09:11:18.188+0000][2645.482s][info ][safepoint     ] Entering safepoint region: Cleanup
[2023-10-31T09:11:18.190+0000][2645.483s][info ][safepoint     ] Leaving safepoint region
[2023-10-31T09:11:18.191+0000][2645.484s][info ][safepoint     ] Total time for which application threads were stopped: 0.0022104 seconds, Stopping threads took: 0.0008721 seconds
[2023-10-31T09:11:19.191+0000][2646.485s][debug][safepoint     ] Safepoint synchronization initiated. (186 threads)
[2023-10-31T09:11:19.192+0000][2646.486s][info ][safepoint     ] Application time: 1.0007391 seconds
[2023-10-31T09:11:19.193+0000][2646.486s][info ][safepoint     ] Entering safepoint region: Cleanup
[2023-10-31T09:11:19.193+0000][2646.487s][info ][safepoint     ] Leaving safepoint region
[2023-10-31T09:11:19.194+0000][2646.487s][info ][safepoint     ] Total time for which application threads were stopped: 0.0011518 seconds, Stopping threads took: 0.0005745 seconds
[2023-10-31T09:11:20.194+0000][2647.488s][debug][safepoint     ] Safepoint synchronization initiated. (186 threads)
[2023-10-31T09:11:20.195+0000][2647.489s][info ][safepoint     ] Application time: 1.0013959 seconds
[2023-10-31T09:11:20.196+0000][2647.490s][info ][safepoint     ] Entering safepoint region: Cleanup
[2023-10-31T09:11:20.198+0000][2647.491s][info ][safepoint     ] Leaving safepoint region
[2023-10-31T09:11:20.199+0000][2647.492s][info ][safepoint     ] Total time for which application threads were stopped: 0.0021778 seconds, Stopping threads took: 0.0009610 seconds
[2023-10-31T09:11:21.200+0000][2648.493s][debug][safepoint     ] Safepoint synchronization initiated. (186 threads)
[2023-10-31T09:11:21.201+0000][2648.494s][info ][safepoint     ] Application time: 1.0014126 seconds
[2023-10-31T09:11:21.201+0000][2648.495s][info ][safepoint     ] Entering safepoint region: Cleanup
[2023-10-31T09:11:21.202+0000][2648.495s][info ][safepoint     ] Leaving safepoint region
[2023-10-31T09:11:21.202+0000][2648.496s][info ][safepoint     ] Total time for which application threads were stopped: 0.0012310 seconds, Stopping threads took: 0.0004944 seconds
[2023-10-31T09:11:22.203+0000][2649.497s][debug][safepoint     ] Safepoint synchronization initiated. (186 threads)
[2023-10-31T09:11:22.204+0000][2649.497s][info ][safepoint     ] Application time: 1.0010037 seconds
[2023-10-31T09:11:22.205+0000][2649.498s][info ][safepoint     ] Entering safepoint region: Cleanup
[2023-10-31T09:11:22.205+0000][2649.499s][info ][safepoint     ] Leaving safepoint region
[2023-10-31T09:11:22.206+0000][2649.499s][info ][safepoint     ] Total time for which application threads were stopped: 0.0010996 seconds, Stopping threads took: 0.0005397 seconds
[2023-10-31T09:11:23.206+0000][2650.500s][debug][safepoint     ] Safepoint synchronization initiated. (186 threads)
[2023-10-31T09:11:23.208+0000][2650.501s][info ][safepoint     ] Application time: 1.0013844 seconds
[2023-10-31T09:11:23.209+0000][2650.502s][info ][safepoint     ] Entering safepoint region: Cleanup
[2023-10-31T09:11:23.210+0000][2650.503s][info ][safepoint     ] Leaving safepoint region
[2023-10-31T09:11:23.211+0000][2650.504s][info ][safepoint     ] Total time for which application threads were stopped: 0.0020956 seconds, Stopping threads took: 0.0009104 seconds
[2023-10-31T09:11:23.210+0000][2650.503s][debug][safepoint     ] ... found polling page return exception at pc = 0x00007f62e89d70c4, stub =0x00007f62e0840600
[2023-10-31T09:11:23.210+0000][2650.503s][debug][safepoint     ] ... found polling page return exception at pc = 0x00007f62e89d70c4, stub =0x00007f62e0840600
[2023-10-31T09:11:23.210+0000][2650.504s][debug][safepoint     ] ... found polling page return exception at pc = 0x00007f62e89d70c4, stub =0x00007f62e0840600
[2023-10-31T09:11:23.210+0000][2650.503s][debug][safepoint     ] ... found polling page return exception at pc = 0x00007f62e89d70c4, stub =0x00007f62e0840600
[2023-10-31T09:11:24.211+0000][2651.505s][debug][safepoint     ] Safepoint synchronization initiated. (186 threads)
[2023-10-31T09:11:24.212+0000][2651.505s][info ][safepoint     ] Application time: 1.0006650 seconds
[2023-10-31T09:11:24.212+0000][2651.506s][info ][safepoint     ] Entering safepoint region: Cleanup
[2023-10-31T09:11:24.213+0000][2651.506s][info ][safepoint     ] Leaving safepoint region
[2023-10-31T09:11:24.213+0000][2651.507s][info ][safepoint     ] Total time for which application threads were stopped: 0.0009087 seconds, Stopping threads took: 0.0003991 seconds
[2023-10-31T09:11:25.214+0000][2652.507s][debug][safepoint     ] Safepoint synchronization initiated. (186 threads)
[2023-10-31T09:11:25.214+0000][2652.508s][info ][safepoint     ] Application time: 1.0007486 seconds
[2023-10-31T09:11:25.215+0000][2652.508s][info ][safepoint     ] Entering safepoint region: Cleanup
[2023-10-31T09:11:25.215+0000][2652.509s][info ][safepoint     ] Leaving safepoint region
[2023-10-31T09:11:25.216+0000][2652.509s][info ][safepoint     ] Total time for which application threads were stopped: 0.0009598 seconds, Stopping threads took: 0.0004120 seconds
[2023-10-31T09:11:26.216+0000][2653.509s][debug][safepoint     ] Safepoint synchronization initiated. (186 threads)
[2023-10-31T09:11:26.217+0000][2653.510s][info ][safepoint     ] Application time: 1.0007517 seconds
[2023-10-31T09:11:26.217+0000][2653.511s][info ][safepoint     ] Entering safepoint region: Cleanup
[2023-10-31T09:11:26.218+0000][2653.511s][info ][safepoint     ] Leaving safepoint region
[2023-10-31T09:11:26.218+0000][2653.512s][info ][safepoint     ] Total time for which application threads were stopped: 0.0012140 seconds, Stopping threads took: 0.0004782 seconds
[2023-10-31T09:11:27.219+0000][2654.512s][debug][safepoint     ] Safepoint synchronization initiated. (186 threads)
[2023-10-31T09:11:27.219+0000][2654.513s][info ][safepoint     ] Application time: 1.0006381 seconds
[2023-10-31T09:11:27.220+0000][2654.513s][info ][safepoint     ] Entering safepoint region: Cleanup
[2023-10-31T09:11:27.220+0000][2654.514s][info ][safepoint     ] Leaving safepoint region
[2023-10-31T09:11:27.221+0000][2654.514s][info ][safepoint     ] Total time for which application threads were stopped: 0.0010325 seconds, Stopping threads took: 0.0003624 seconds
[2023-10-31T09:11:28.222+0000][2655.515s][debug][safepoint     ] Safepoint synchronization initiated. (186 threads)
[2023-10-31T09:11:28.222+0000][2655.515s][info ][safepoint     ] Application time: 1.0007960 seconds
[2023-10-31T09:11:28.222+0000][2655.516s][info ][safepoint     ] Entering safepoint region: Cleanup
[2023-10-31T09:11:28.223+0000][2655.516s][info ][safepoint     ] Leaving safepoint region
[2023-10-31T09:11:28.223+0000][2655.517s][info ][safepoint     ] Total time for which application threads were stopped: 0.0008914 seconds, Stopping threads took: 0.0003862 seconds
[2023-10-31T09:11:29.224+0000][2656.517s][debug][safepoint     ] Safepoint synchronization initiated. (186 threads)
[2023-10-31T09:11:29.225+0000][2656.518s][info ][safepoint     ] Application time: 1.0010089 seconds
[2023-10-31T09:11:29.225+0000][2656.519s][info ][safepoint     ] Entering safepoint region: Cleanup
[2023-10-31T09:11:29.226+0000][2656.519s][info ][safepoint     ] Leaving safepoint region
[2023-10-31T09:11:29.227+0000][2656.520s][info ][safepoint     ] Total time for which application threads were stopped: 0.0012496 seconds, Stopping threads took: 0.0005256 seconds
[2023-10-31T09:11:30.227+0000][2657.520s][debug][safepoint     ] Safepoint synchronization initiated. (186 threads)
[2023-10-31T09:11:30.228+0000][2657.521s][info ][safepoint     ] Application time: 1.0007196 seconds
[2023-10-31T09:11:30.228+0000][2657.521s][info ][safepoint     ] Entering safepoint region: Cleanup
[2023-10-31T09:11:30.229+0000][2657.522s][info ][safepoint     ] Leaving safepoint region
[2023-10-31T09:11:30.229+0000][2657.522s][info ][safepoint     ] Total time for which application threads were stopped: 0.0009761 seconds, Stopping threads took: 0.0004359 seconds
[2023-10-31T09:11:31.230+0000][2658.523s][debug][safepoint     ] Safepoint synchronization initiated. (186 threads)
[2023-10-31T09:11:31.231+0000][2658.524s][info ][safepoint     ] Application time: 1.0012738 seconds
[2023-10-31T09:11:31.231+0000][2658.524s][info ][safepoint     ] Entering safepoint region: Cleanup
[2023-10-31T09:11:31.232+0000][2658.525s][info ][safepoint     ] Leaving safepoint region
[2023-10-31T09:11:31.232+0000][2658.525s][info ][safepoint     ] Total time for which application threads were stopped: 0.0010490 seconds, Stopping threads took: 0.0004346 seconds
[2023-10-31T09:11:32.233+0000][2659.526s][debug][safepoint     ] Safepoint synchronization initiated. (186 threads)
[2023-10-31T09:11:32.233+0000][2659.527s][info ][safepoint     ] Application time: 1.0008672 seconds
[2023-10-31T09:11:32.234+0000][2659.527s][info ][safepoint     ] Entering safepoint region: Cleanup
[2023-10-31T09:11:32.235+0000][2659.528s][info ][safepoint     ] Leaving safepoint region
[2023-10-31T09:11:32.235+0000][2659.528s][info ][safepoint     ] Total time for which application threads were stopped: 0.0012016 seconds, Stopping threads took: 0.0005481 seconds
[2023-10-31T09:11:33.236+0000][2660.529s][debug][safepoint     ] Safepoint synchronization initiated. (186 threads)
[2023-10-31T09:11:33.237+0000][2660.530s][info ][safepoint     ] Application time: 1.0012909 seconds
[2023-10-31T09:11:33.238+0000][2660.531s][info ][safepoint     ] Entering safepoint region: Cleanup
[2023-10-31T09:11:33.239+0000][2660.532s][info ][safepoint     ] Leaving safepoint region
[2023-10-31T09:11:33.240+0000][2660.533s][info ][safepoint     ] Total time for which application threads were stopped: 0.0021763 seconds, Stopping threads took: 0.0009518 seconds
[2023-10-31T09:11:34.241+0000][2661.534s][debug][safepoint     ] Safepoint synchronization initiated. (186 threads)
[2023-10-31T09:11:34.241+0000][2661.535s][info ][safepoint     ] Application time: 1.0006932 seconds
[2023-10-31T09:11:34.242+0000][2661.535s][info ][safepoint     ] Entering safepoint region: Cleanup
[2023-10-31T09:11:34.242+0000][2661.536s][info ][safepoint     ] Leaving safepoint region
[2023-10-31T09:11:34.243+0000][2661.536s][info ][safepoint     ] Total time for which application threads were stopped: 0.0010709 seconds, Stopping threads took: 0.0004353 seconds
[2023-10-31T09:11:35.243+0000][2662.537s][debug][safepoint     ] Safepoint synchronization initiated. (186 threads)
[2023-10-31T09:11:35.244+0000][2662.537s][info ][safepoint     ] Application time: 1.0007176 seconds
[2023-10-31T09:11:35.244+0000][2662.538s][info ][safepoint     ] Entering safepoint region: Cleanup
[2023-10-31T09:11:35.245+0000][2662.539s][info ][safepoint     ] Leaving safepoint region
[2023-10-31T09:11:35.246+0000][2662.539s][info ][safepoint     ] Total time for which application threads were stopped: 0.0014375 seconds, Stopping threads took: 0.0007875 seconds
[2023-10-31T09:11:36.247+0000][2663.540s][debug][safepoint     ] Safepoint synchronization initiated. (186 threads)
[2023-10-31T09:11:36.248+0000][2663.541s][info ][safepoint     ] Application time: 1.0014879 seconds
[2023-10-31T09:11:36.248+0000][2663.542s][info ][safepoint     ] Entering safepoint region: Cleanup
[2023-10-31T09:11:36.249+0000][2663.543s][info ][safepoint     ] Leaving safepoint region
[2023-10-31T09:11:36.250+0000][2663.543s][info ][safepoint     ] Total time for which application threads were stopped: 0.0017241 seconds, Stopping threads took: 0.0007480 seconds
[2023-10-31T09:11:37.251+0000][2664.544s][debug][safepoint     ] Safepoint synchronization initiated. (186 threads)
[2023-10-31T09:11:37.252+0000][2664.545s][info ][safepoint     ] Application time: 1.0009377 seconds
[2023-10-31T09:11:37.252+0000][2664.546s][info ][safepoint     ] Entering safepoint region: Cleanup
[2023-10-31T09:11:37.253+0000][2664.546s][info ][safepoint     ] Leaving safepoint region
[2023-10-31T09:11:37.254+0000][2664.547s][info ][safepoint     ] Total time for which application threads were stopped: 0.0012879 seconds, Stopping threads took: 0.0004598 seconds
[2023-10-31T09:11:38.254+0000][2665.548s][debug][safepoint     ] Safepoint synchronization initiated. (186 threads)
[2023-10-31T09:11:38.255+0000][2665.548s][info ][safepoint     ] Application time: 1.0010074 seconds
[2023-10-31T09:11:38.256+0000][2665.549s][info ][safepoint     ] Entering safepoint region: Cleanup
[2023-10-31T09:11:38.257+0000][2665.550s][info ][safepoint     ] Leaving safepoint region
[2023-10-31T09:11:38.258+0000][2665.551s][info ][safepoint     ] Total time for which application threads were stopped: 0.0017842 seconds, Stopping threads took: 0.0007917 seconds
[2023-10-31T09:11:39.258+0000][2666.552s][debug][safepoint     ] Safepoint synchronization initiated. (186 threads)
[2023-10-31T09:11:39.259+0000][2666.553s][info ][safepoint     ] Application time: 1.0010335 seconds
[2023-10-31T09:11:39.260+0000][2666.553s][info ][safepoint     ] Entering safepoint region: Cleanup
[2023-10-31T09:11:39.262+0000][2666.555s][info ][safepoint     ] Leaving safepoint region
[2023-10-31T09:11:39.262+0000][2666.556s][info ][safepoint     ] Total time for which application threads were stopped: 0.0022271 seconds, Stopping threads took: 0.0009430 seconds
[2023-10-31T09:11:40.263+0000][2667.557s][debug][safepoint     ] Safepoint synchronization initiated. (186 threads)
[2023-10-31T09:11:40.265+0000][2667.558s][info ][safepoint     ] Application time: 1.0015564 seconds
[2023-10-31T09:11:40.266+0000][2667.559s][info ][safepoint     ] Entering safepoint region: Cleanup
[2023-10-31T09:11:40.267+0000][2667.561s][info ][safepoint     ] Leaving safepoint region
[2023-10-31T09:11:40.268+0000][2667.562s][info ][safepoint     ] Total time for which application threads were stopped: 0.0024224 seconds, Stopping threads took: 0.0009796 seconds
[2023-10-31T09:11:41.269+0000][2668.563s][debug][safepoint     ] Safepoint synchronization initiated. (186 threads)
[2023-10-31T09:11:41.270+0000][2668.563s][info ][safepoint     ] Application time: 1.0006301 seconds
[2023-10-31T09:11:41.270+0000][2668.564s][info ][safepoint     ] Entering safepoint region: Cleanup
[2023-10-31T09:11:41.271+0000][2668.564s][info ][safepoint     ] Leaving safepoint region
[2023-10-31T09:11:41.271+0000][2668.565s][info ][safepoint     ] Total time for which application threads were stopped: 0.0008706 seconds, Stopping threads took: 0.0004298 seconds
[2023-10-31T09:11:42.272+0000][2669.565s][debug][safepoint     ] Safepoint synchronization initiated. (186 threads)
[2023-10-31T09:11:42.273+0000][2669.566s][info ][safepoint     ] Application time: 1.0014385 seconds
[2023-10-31T09:11:42.274+0000][2669.567s][info ][safepoint     ] Entering safepoint region: Cleanup
[2023-10-31T09:11:42.275+0000][2669.568s][info ][safepoint     ] Leaving safepoint region
[2023-10-31T09:11:42.276+0000][2669.569s][info ][safepoint     ] Total time for which application threads were stopped: 0.0019794 seconds, Stopping threads took: 0.0006842 seconds
[2023-10-31T09:11:42.275+0000][2669.568s][debug][safepoint     ] ... found polling page return exception at pc = 0x00007f62e89d70c4, stub =0x00007f62e0840600
[2023-10-31T09:11:43.276+0000][2670.570s][debug][safepoint     ] Safepoint synchronization initiated. (186 threads)
[2023-10-31T09:11:43.277+0000][2670.570s][info ][safepoint     ] Application time: 1.0006600 seconds
[2023-10-31T09:11:43.277+0000][2670.571s][info ][safepoint     ] Entering safepoint region: Cleanup
[2023-10-31T09:11:43.278+0000][2670.571s][info ][safepoint     ] Leaving safepoint region
[2023-10-31T09:11:43.278+0000][2670.572s][info ][safepoint     ] Total time for which application threads were stopped: 0.0010469 seconds, Stopping threads took: 0.0004491 seconds
[2023-10-31T09:11:44.279+0000][2671.572s][debug][safepoint     ] Safepoint synchronization initiated. (186 threads)
[2023-10-31T09:11:44.280+0000][2671.573s][info ][safepoint     ] Application time: 1.0008453 seconds
[2023-10-31T09:11:44.280+0000][2671.573s][info ][safepoint     ] Entering safepoint region: Cleanup
[2023-10-31T09:11:44.281+0000][2671.574s][info ][safepoint     ] Leaving safepoint region
[2023-10-31T09:11:44.281+0000][2671.574s][info ][safepoint     ] Total time for which application threads were stopped: 0.0009524 seconds, Stopping threads took: 0.0004011 seconds
[2023-10-31T09:11:45.281+0000][2672.575s][debug][safepoint     ] Safepoint synchronization initiated. (186 threads)
[2023-10-31T09:11:45.282+0000][2672.575s][info ][safepoint     ] Application time: 1.0007164 seconds
[2023-10-31T09:11:45.282+0000][2672.576s][info ][safepoint     ] Entering safepoint region: Cleanup
[2023-10-31T09:11:45.283+0000][2672.576s][info ][safepoint     ] Leaving safepoint region
[2023-10-31T09:11:45.283+0000][2672.577s][info ][safepoint     ] Total time for which application threads were stopped: 0.0008669 seconds, Stopping threads took: 0.0003859 seconds
[2023-10-31T09:11:46.284+0000][2673.577s][debug][safepoint     ] Safepoint synchronization initiated. (186 threads)
[2023-10-31T09:11:46.284+0000][2673.578s][info ][safepoint     ] Application time: 1.0008249 seconds
[2023-10-31T09:11:46.285+0000][2673.578s][info ][safepoint     ] Entering safepoint region: Cleanup
[2023-10-31T09:11:46.286+0000][2673.579s][info ][safepoint     ] Leaving safepoint region
[2023-10-31T09:11:46.286+0000][2673.579s][info ][safepoint     ] Total time for which application threads were stopped: 0.0011335 seconds, Stopping threads took: 0.0004928 seconds
[2023-10-31T09:11:47.287+0000][2674.580s][debug][safepoint     ] Safepoint synchronization initiated. (186 threads)
[2023-10-31T09:11:47.287+0000][2674.580s][info ][safepoint     ] Application time: 1.0008676 seconds
[2023-10-31T09:11:47.288+0000][2674.581s][info ][safepoint     ] Entering safepoint region: Cleanup
[2023-10-31T09:11:47.289+0000][2674.582s][info ][safepoint     ] Leaving safepoint region
[2023-10-31T09:11:47.289+0000][2674.583s][info ][safepoint     ] Total time for which application threads were stopped: 0.0014733 seconds, Stopping threads took: 0.0007159 seconds
[2023-10-31T09:11:48.290+0000][2675.583s][debug][safepoint     ] Safepoint synchronization initiated. (186 threads)
[2023-10-31T09:11:48.291+0000][2675.584s][info ][safepoint     ] Application time: 1.0010423 seconds
[2023-10-31T09:11:48.292+0000][2675.585s][info ][safepoint     ] Entering safepoint region: Cleanup
[2023-10-31T09:11:48.292+0000][2675.586s][info ][safepoint     ] Leaving safepoint region
[2023-10-31T09:11:48.293+0000][2675.586s][info ][safepoint     ] Total time for which application threads were stopped: 0.0014142 seconds, Stopping threads took: 0.0006994 seconds
[2023-10-31T09:11:49.294+0000][2676.587s][debug][safepoint     ] Safepoint synchronization initiated. (186 threads)
[2023-10-31T09:11:49.294+0000][2676.588s][info ][safepoint     ] Application time: 1.0010146 seconds
[2023-10-31T09:11:49.295+0000][2676.588s][info ][safepoint     ] Entering safepoint region: Cleanup
[2023-10-31T09:11:49.296+0000][2676.589s][info ][safepoint     ] Leaving safepoint region
[2023-10-31T09:11:49.296+0000][2676.590s][info ][safepoint     ] Total time for which application threads were stopped: 0.0015671 seconds, Stopping threads took: 0.0007039 seconds
[2023-10-31T09:11:50.297+0000][2677.591s][debug][safepoint     ] Safepoint synchronization initiated. (186 threads)
[2023-10-31T09:11:50.298+0000][2677.592s][info ][safepoint     ] Application time: 1.0013606 seconds
[2023-10-31T09:11:50.299+0000][2677.593s][info ][safepoint     ] Entering safepoint region: Cleanup
[2023-10-31T09:11:50.301+0000][2677.594s][info ][safepoint     ] Leaving safepoint region
[2023-10-31T09:11:50.302+0000][2677.595s][info ][safepoint     ] Total time for which application threads were stopped: 0.0022145 seconds, Stopping threads took: 0.0010225 seconds
[2023-10-31T09:11:51.302+0000][2678.596s][debug][safepoint     ] Safepoint synchronization initiated. (186 threads)
[2023-10-31T09:11:51.303+0000][2678.596s][info ][safepoint     ] Application time: 1.0007587 seconds
[2023-10-31T09:11:51.304+0000][2678.597s][info ][safepoint     ] Entering safepoint region: Cleanup
[2023-10-31T09:11:51.304+0000][2678.598s][info ][safepoint     ] Leaving safepoint region
[2023-10-31T09:11:51.305+0000][2678.598s][info ][safepoint     ] Total time for which application threads were stopped: 0.0012678 seconds, Stopping threads took: 0.0006067 seconds
[2023-10-31T09:11:52.305+0000][2679.599s][debug][safepoint     ] Safepoint synchronization initiated. (186 threads)
[2023-10-31T09:11:52.306+0000][2679.600s][info ][safepoint     ] Application time: 1.0010957 seconds
[2023-10-31T09:11:52.307+0000][2679.601s][info ][safepoint     ] Entering safepoint region: Cleanup
[2023-10-31T09:11:52.308+0000][2679.602s][info ][safepoint     ] Leaving safepoint region
[2023-10-31T09:11:52.309+0000][2679.602s][info ][safepoint     ] Total time for which application threads were stopped: 0.0018310 seconds, Stopping threads took: 0.0007901 seconds
[2023-10-31T09:11:53.310+0000][2680.603s][debug][safepoint     ] Safepoint synchronization initiated. (186 threads)
[2023-10-31T09:11:53.311+0000][2680.604s][info ][safepoint     ] Application time: 1.0011453 seconds
[2023-10-31T09:11:53.312+0000][2680.605s][info ][safepoint     ] Entering safepoint region: Cleanup
[2023-10-31T09:11:53.313+0000][2680.606s][info ][safepoint     ] Leaving safepoint region
[2023-10-31T09:11:53.314+0000][2680.607s][info ][safepoint     ] Total time for which application threads were stopped: 0.0021973 seconds, Stopping threads took: 0.0009406 seconds
[2023-10-31T09:11:54.315+0000][2681.608s][debug][safepoint     ] Safepoint synchronization initiated. (186 threads)
[2023-10-31T09:11:54.315+0000][2681.609s][info ][safepoint     ] Application time: 1.0007651 seconds
[2023-10-31T09:11:54.316+0000][2681.609s][info ][safepoint     ] Entering safepoint region: Cleanup
[2023-10-31T09:11:54.316+0000][2681.610s][info ][safepoint     ] Leaving safepoint region
[2023-10-31T09:11:54.317+0000][2681.610s][info ][safepoint     ] Total time for which application threads were stopped: 0.0009337 seconds, Stopping threads took: 0.0003768 seconds
[2023-10-31T09:11:55.317+0000][2682.611s][debug][safepoint     ] Safepoint synchronization initiated. (186 threads)
[2023-10-31T09:11:55.319+0000][2682.612s][info ][safepoint     ] Application time: 1.0015359 seconds
[2023-10-31T09:11:55.320+0000][2682.613s][info ][safepoint     ] Entering safepoint region: Cleanup
[2023-10-31T09:11:55.321+0000][2682.615s][info ][safepoint     ] Leaving safepoint region
[2023-10-31T09:11:55.322+0000][2682.616s][info ][safepoint     ] Total time for which application threads were stopped: 0.0024460 seconds, Stopping threads took: 0.0010110 seconds
[2023-10-31T09:11:56.323+0000][2683.617s][debug][safepoint     ] Safepoint synchronization initiated. (186 threads)
[2023-10-31T09:11:56.324+0000][2683.617s][info ][safepoint     ] Application time: 1.0012104 seconds
[2023-10-31T09:11:56.325+0000][2683.618s][info ][safepoint     ] Entering safepoint region: Cleanup
[2023-10-31T09:11:56.326+0000][2683.619s][info ][safepoint     ] Leaving safepoint region
[2023-10-31T09:11:56.327+0000][2683.620s][info ][safepoint     ] Total time for which application threads were stopped: 0.0016839 seconds, Stopping threads took: 0.0006294 seconds
[2023-10-31T09:11:57.328+0000][2684.621s][debug][safepoint     ] Safepoint synchronization initiated. (186 threads)
[2023-10-31T09:11:57.329+0000][2684.622s][info ][safepoint     ] Application time: 1.0014085 seconds
[2023-10-31T09:11:57.330+0000][2684.623s][info ][safepoint     ] Entering safepoint region: Cleanup
[2023-10-31T09:11:57.331+0000][2684.624s][info ][safepoint     ] Leaving safepoint region
[2023-10-31T09:11:57.332+0000][2684.625s][info ][safepoint     ] Total time for which application threads were stopped: 0.0022196 seconds, Stopping threads took: 0.0010529 seconds
[2023-10-31T09:11:58.333+0000][2685.626s][debug][safepoint     ] Safepoint synchronization initiated. (186 threads)
[2023-10-31T09:11:58.334+0000][2685.627s][info ][safepoint     ] Application time: 1.0015534 seconds
[2023-10-31T09:11:58.335+0000][2685.628s][info ][safepoint     ] Entering safepoint region: Cleanup
[2023-10-31T09:11:58.337+0000][2685.630s][info ][safepoint     ] Leaving safepoint region
[2023-10-31T09:11:58.338+0000][2685.631s][info ][safepoint     ] Total time for which application threads were stopped: 0.0024270 seconds, Stopping threads took: 0.0011313 seconds
[2023-10-31T09:11:59.339+0000][2686.632s][debug][safepoint     ] Safepoint synchronization initiated. (186 threads)
[2023-10-31T09:11:59.340+0000][2686.633s][info ][safepoint     ] Application time: 1.0013735 seconds
[2023-10-31T09:11:59.341+0000][2686.634s][info ][safepoint     ] Entering safepoint region: Cleanup
[2023-10-31T09:11:59.342+0000][2686.635s][info ][safepoint     ] Leaving safepoint region
[2023-10-31T09:11:59.343+0000][2686.636s][info ][safepoint     ] Total time for which application threads were stopped: 0.0021520 seconds, Stopping threads took: 0.0009774 seconds
[2023-10-31T09:12:00.344+0000][2687.637s][debug][safepoint     ] Safepoint synchronization initiated. (186 threads)
[2023-10-31T09:12:00.345+0000][2687.638s][info ][safepoint     ] Application time: 1.0013591 seconds
[2023-10-31T09:12:00.346+0000][2687.639s][info ][safepoint     ] Entering safepoint region: Cleanup
[2023-10-31T09:12:00.348+0000][2687.641s][info ][safepoint     ] Leaving safepoint region
[2023-10-31T09:12:00.348+0000][2687.642s][info ][safepoint     ] Total time for which application threads were stopped: 0.0023647 seconds, Stopping threads took: 0.0010703 seconds
[2023-10-31T09:12:01.349+0000][2688.643s][debug][safepoint     ] Safepoint synchronization initiated. (186 threads)
[2023-10-31T09:12:01.350+0000][2688.643s][info ][safepoint     ] Application time: 1.0009488 seconds
[2023-10-31T09:12:01.351+0000][2688.644s][info ][safepoint     ] Entering safepoint region: Cleanup
[2023-10-31T09:12:01.352+0000][2688.646s][info ][safepoint     ] Leaving safepoint region
[2023-10-31T09:12:01.354+0000][2688.647s][info ][safepoint     ] Total time for which application threads were stopped: 0.0028290 seconds, Stopping threads took: 0.0009612 seconds
[2023-10-31T09:12:02.355+0000][2689.648s][debug][safepoint     ] Safepoint synchronization initiated. (186 threads)
[2023-10-31T09:12:02.355+0000][2689.648s][info ][safepoint     ] Application time: 1.0008344 seconds
[2023-10-31T09:12:02.356+0000][2689.649s][info ][safepoint     ] Entering safepoint region: Cleanup
[2023-10-31T09:12:02.357+0000][2689.650s][info ][safepoint     ] Leaving safepoint region
[2023-10-31T09:12:02.357+0000][2689.651s][info ][safepoint     ] Total time for which application threads were stopped: 0.0015004 seconds, Stopping threads took: 0.0006194 seconds
[2023-10-31T09:12:03.358+0000][2690.651s][debug][safepoint     ] Safepoint synchronization initiated. (186 threads)
[2023-10-31T09:12:03.359+0000][2690.652s][info ][safepoint     ] Application time: 1.0011043 seconds
[2023-10-31T09:12:03.360+0000][2690.653s][info ][safepoint     ] Entering safepoint region: Cleanup
[2023-10-31T09:12:03.361+0000][2690.654s][info ][safepoint     ] Leaving safepoint region
[2023-10-31T09:12:03.361+0000][2690.655s][info ][safepoint     ] Total time for which application threads were stopped: 0.0016516 seconds, Stopping threads took: 0.0007288 seconds
[2023-10-31T09:12:04.362+0000][2691.655s][debug][safepoint     ] Safepoint synchronization initiated. (186 threads)
[2023-10-31T09:12:04.363+0000][2691.656s][info ][safepoint     ] Application time: 1.0006689 seconds
[2023-10-31T09:12:04.363+0000][2691.656s][info ][safepoint     ] Entering safepoint region: Cleanup
[2023-10-31T09:12:04.364+0000][2691.657s][info ][safepoint     ] Leaving safepoint region
[2023-10-31T09:12:04.364+0000][2691.657s][info ][safepoint     ] Total time for which application threads were stopped: 0.0007924 seconds, Stopping threads took: 0.0003377 seconds
[2023-10-31T09:12:05.364+0000][2692.657s][debug][safepoint     ] Safepoint synchronization initiated. (186 threads)
[2023-10-31T09:12:05.365+0000][2692.658s][info ][safepoint     ] Application time: 1.0007697 seconds
[2023-10-31T09:12:05.366+0000][2692.659s][info ][safepoint     ] Entering safepoint region: Cleanup
[2023-10-31T09:12:05.368+0000][2692.661s][info ][safepoint     ] Leaving safepoint region
[2023-10-31T09:12:05.368+0000][2692.661s][info ][safepoint     ] Total time for which application threads were stopped: 0.0028081 seconds, Stopping threads took: 0.0015280 seconds
[2023-10-31T09:12:06.369+0000][2693.662s][debug][safepoint     ] Safepoint synchronization initiated. (186 threads)
[2023-10-31T09:12:06.370+0000][2693.663s][info ][safepoint     ] Application time: 1.0015660 seconds
[2023-10-31T09:12:06.371+0000][2693.664s][info ][safepoint     ] Entering safepoint region: Cleanup
[2023-10-31T09:12:06.372+0000][2693.666s][info ][safepoint     ] Leaving safepoint region
[2023-10-31T09:12:06.373+0000][2693.666s][info ][safepoint     ] Total time for which application threads were stopped: 0.0018128 seconds, Stopping threads took: 0.0008674 seconds
[2023-10-31T09:12:07.374+0000][2694.667s][debug][safepoint     ] Safepoint synchronization initiated. (185 threads)
[2023-10-31T09:12:07.375+0000][2694.668s][info ][safepoint     ] Application time: 1.0014896 seconds
[2023-10-31T09:12:07.376+0000][2694.669s][info ][safepoint     ] Entering safepoint region: Cleanup
[2023-10-31T09:12:07.378+0000][2694.671s][info ][safepoint     ] Leaving safepoint region
[2023-10-31T09:12:07.378+0000][2694.671s][info ][safepoint     ] Total time for which application threads were stopped: 0.0021055 seconds, Stopping threads took: 0.0008502 seconds
[2023-10-31T09:12:08.379+0000][2695.672s][debug][safepoint     ] Safepoint synchronization initiated. (185 threads)
[2023-10-31T09:12:08.380+0000][2695.673s][info ][safepoint     ] Application time: 1.0007515 seconds
[2023-10-31T09:12:08.380+0000][2695.673s][info ][safepoint     ] Entering safepoint region: Cleanup
[2023-10-31T09:12:08.381+0000][2695.674s][info ][safepoint     ] Leaving safepoint region
[2023-10-31T09:12:08.381+0000][2695.675s][info ][safepoint     ] Total time for which application threads were stopped: 0.0013397 seconds, Stopping threads took: 0.0005440 seconds
[2023-10-31T09:12:09.382+0000][2696.675s][debug][safepoint     ] Safepoint synchronization initiated. (185 threads)
[2023-10-31T09:12:09.383+0000][2696.677s][info ][safepoint     ] Application time: 1.0014720 seconds
[2023-10-31T09:12:09.384+0000][2696.678s][info ][safepoint     ] Entering safepoint region: Cleanup
[2023-10-31T09:12:09.386+0000][2696.679s][info ][safepoint     ] Leaving safepoint region
[2023-10-31T09:12:09.387+0000][2696.680s][info ][safepoint     ] Total time for which application threads were stopped: 0.0023174 seconds, Stopping threads took: 0.0008714 seconds
[2023-10-31T09:12:10.388+0000][2697.681s][debug][safepoint     ] Safepoint synchronization initiated. (186 threads)
[2023-10-31T09:12:10.389+0000][2697.682s][info ][safepoint     ] Application time: 1.0014639 seconds
[2023-10-31T09:12:10.390+0000][2697.683s][info ][safepoint     ] Entering safepoint region: Cleanup
[2023-10-31T09:12:10.391+0000][2697.684s][info ][safepoint     ] Leaving safepoint region
[2023-10-31T09:12:10.392+0000][2697.685s][info ][safepoint     ] Total time for which application threads were stopped: 0.0020192 seconds, Stopping threads took: 0.0008727 seconds
[2023-10-31T09:12:11.393+0000][2698.686s][debug][safepoint     ] Safepoint synchronization initiated. (186 threads)
[2023-10-31T09:12:11.393+0000][2698.687s][info ][safepoint     ] Application time: 1.0010634 seconds
[2023-10-31T09:12:11.394+0000][2698.687s][info ][safepoint     ] Entering safepoint region: Cleanup
[2023-10-31T09:12:11.395+0000][2698.689s][info ][safepoint     ] Leaving safepoint region
[2023-10-31T09:12:11.396+0000][2698.689s][info ][safepoint     ] Total time for which application threads were stopped: 0.0018148 seconds, Stopping threads took: 0.0006867 seconds
[2023-10-31T09:12:12.396+0000][2699.690s][debug][safepoint     ] Safepoint synchronization initiated. (186 threads)
[2023-10-31T09:12:12.397+0000][2699.691s][info ][safepoint     ] Application time: 1.0012126 seconds
[2023-10-31T09:12:12.398+0000][2699.692s][info ][safepoint     ] Entering safepoint region: Cleanup
[2023-10-31T09:12:12.400+0000][2699.693s][info ][safepoint     ] Leaving safepoint region
[2023-10-31T09:12:12.400+0000][2699.693s][info ][safepoint     ] Total time for which application threads were stopped: 0.0019979 seconds, Stopping threads took: 0.0008812 seconds
[2023-10-31T09:12:13.401+0000][2700.694s][debug][safepoint     ] Safepoint synchronization initiated. (186 threads)
[2023-10-31T09:12:13.402+0000][2700.695s][info ][safepoint     ] Application time: 1.0009364 seconds
[2023-10-31T09:12:13.402+0000][2700.696s][info ][safepoint     ] Entering safepoint region: Cleanup
[2023-10-31T09:12:13.403+0000][2700.696s][info ][safepoint     ] Leaving safepoint region
[2023-10-31T09:12:13.404+0000][2700.697s][info ][safepoint     ] Total time for which application threads were stopped: 0.0013109 seconds, Stopping threads took: 0.0006050 seconds
[2023-10-31T09:12:14.404+0000][2701.697s][debug][safepoint     ] Safepoint synchronization initiated. (186 threads)
[2023-10-31T09:12:14.405+0000][2701.698s][info ][safepoint     ] Application time: 1.0005250 seconds
[2023-10-31T09:12:14.405+0000][2701.698s][info ][safepoint     ] Entering safepoint region: Cleanup
[2023-10-31T09:12:14.406+0000][2701.699s][info ][safepoint     ] Leaving safepoint region
[2023-10-31T09:12:14.406+0000][2701.699s][info ][safepoint     ] Total time for which application threads were stopped: 0.0008509 seconds, Stopping threads took: 0.0003385 seconds
[2023-10-31T09:12:15.406+0000][2702.700s][debug][safepoint     ] Safepoint synchronization initiated. (186 threads)
[2023-10-31T09:12:15.407+0000][2702.700s][info ][safepoint     ] Application time: 1.0007703 seconds
[2023-10-31T09:12:15.407+0000][2702.701s][info ][safepoint     ] Entering safepoint region: Cleanup
[2023-10-31T09:12:15.408+0000][2702.701s][info ][safepoint     ] Leaving safepoint region
[2023-10-31T09:12:15.408+0000][2702.702s][info ][safepoint     ] Total time for which application threads were stopped: 0.0009845 seconds, Stopping threads took: 0.0004437 seconds
[2023-10-31T09:12:16.409+0000][2703.702s][debug][safepoint     ] Safepoint synchronization initiated. (186 threads)
[2023-10-31T09:12:16.410+0000][2703.703s][info ][safepoint     ] Application time: 1.0011364 seconds
[2023-10-31T09:12:16.411+0000][2703.704s][info ][safepoint     ] Entering safepoint region: Cleanup
[2023-10-31T09:12:16.412+0000][2703.705s][info ][safepoint     ] Leaving safepoint region
[2023-10-31T09:12:16.412+0000][2703.706s][info ][safepoint     ] Total time for which application threads were stopped: 0.0017139 seconds, Stopping threads took: 0.0007501 seconds
[2023-10-31T09:12:17.413+0000][2704.707s][debug][safepoint     ] Safepoint synchronization initiated. (186 threads)
[2023-10-31T09:12:17.414+0000][2704.707s][info ][safepoint     ] Application time: 1.0009163 seconds
[2023-10-31T09:12:17.415+0000][2704.708s][info ][safepoint     ] Entering safepoint region: Cleanup
[2023-10-31T09:12:17.416+0000][2704.709s][info ][safepoint     ] Leaving safepoint region
[2023-10-31T09:12:17.416+0000][2704.709s][info ][safepoint     ] Total time for which application threads were stopped: 0.0011545 seconds, Stopping threads took: 0.0005096 seconds
[2023-10-31T09:12:18.417+0000][2705.710s][debug][safepoint     ] Safepoint synchronization initiated. (186 threads)
[2023-10-31T09:12:18.418+0000][2705.711s][info ][safepoint     ] Application time: 1.0015819 seconds
[2023-10-31T09:12:18.419+0000][2705.712s][info ][safepoint     ] Entering safepoint region: Cleanup
[2023-10-31T09:12:18.420+0000][2705.714s][info ][safepoint     ] Leaving safepoint region
[2023-10-31T09:12:18.421+0000][2705.714s][info ][safepoint     ] Total time for which application threads were stopped: 0.0022554 seconds, Stopping threads took: 0.0010212 seconds
[2023-10-31T09:12:19.422+0000][2706.715s][debug][safepoint     ] Safepoint synchronization initiated. (186 threads)
[2023-10-31T09:12:19.423+0000][2706.717s][info ][safepoint     ] Application time: 1.0013365 seconds
[2023-10-31T09:12:19.424+0000][2706.717s][info ][safepoint     ] Entering safepoint region: Cleanup
[2023-10-31T09:12:19.425+0000][2706.719s][info ][safepoint     ] Leaving safepoint region
[2023-10-31T09:12:19.426+0000][2706.719s][info ][safepoint     ] Total time for which application threads were stopped: 0.0021151 seconds, Stopping threads took: 0.0009344 seconds
[2023-10-31T09:12:20.427+0000][2707.721s][debug][safepoint     ] Safepoint synchronization initiated. (186 threads)
[2023-10-31T09:12:20.429+0000][2707.722s][info ][safepoint     ] Application time: 1.0016109 seconds
[2023-10-31T09:12:20.430+0000][2707.723s][info ][safepoint     ] Entering safepoint region: Cleanup
[2023-10-31T09:12:20.431+0000][2707.724s][info ][safepoint     ] Leaving safepoint region
[2023-10-31T09:12:20.432+0000][2707.725s][info ][safepoint     ] Total time for which application threads were stopped: 0.0023280 seconds, Stopping threads took: 0.0010076 seconds
[2023-10-31T09:12:21.433+0000][2708.726s][debug][safepoint     ] Safepoint synchronization initiated. (186 threads)
[2023-10-31T09:12:21.434+0000][2708.727s][info ][safepoint     ] Application time: 1.0012958 seconds
[2023-10-31T09:12:21.435+0000][2708.728s][info ][safepoint     ] Entering safepoint region: Cleanup
[2023-10-31T09:12:21.436+0000][2708.729s][info ][safepoint     ] Leaving safepoint region
[2023-10-31T09:12:21.437+0000][2708.730s][info ][safepoint     ] Total time for which application threads were stopped: 0.0015877 seconds, Stopping threads took: 0.0007599 seconds
[2023-10-31T09:12:22.437+0000][2709.731s][debug][safepoint     ] Safepoint synchronization initiated. (186 threads)
[2023-10-31T09:12:22.439+0000][2709.732s][info ][safepoint     ] Application time: 1.0014147 seconds
[2023-10-31T09:12:22.440+0000][2709.733s][info ][safepoint     ] Entering safepoint region: Cleanup
[2023-10-31T09:12:22.441+0000][2709.734s][info ][safepoint     ] Leaving safepoint region
[2023-10-31T09:12:22.442+0000][2709.735s][info ][safepoint     ] Total time for which application threads were stopped: 0.0025189 seconds, Stopping threads took: 0.0011528 seconds
[2023-10-31T09:12:23.443+0000][2710.737s][debug][safepoint     ] Safepoint synchronization initiated. (186 threads)
[2023-10-31T09:12:23.445+0000][2710.738s][info ][safepoint     ] Application time: 1.0016928 seconds
[2023-10-31T09:12:23.446+0000][2710.739s][info ][safepoint     ] Entering safepoint region: Cleanup
[2023-10-31T09:12:23.447+0000][2710.740s][info ][safepoint     ] Leaving safepoint region
[2023-10-31T09:12:23.448+0000][2710.741s][info ][safepoint     ] Total time for which application threads were stopped: 0.0023300 seconds, Stopping threads took: 0.0009440 seconds
[2023-10-31T09:12:24.449+0000][2711.742s][debug][safepoint     ] Safepoint synchronization initiated. (186 threads)
[2023-10-31T09:12:24.451+0000][2711.744s][info ][safepoint     ] Application time: 1.0016990 seconds
[2023-10-31T09:12:24.452+0000][2711.745s][info ][safepoint     ] Entering safepoint region: Cleanup
[2023-10-31T09:12:24.453+0000][2711.746s][info ][safepoint     ] Leaving safepoint region
[2023-10-31T09:12:24.454+0000][2711.747s][info ][safepoint     ] Total time for which application threads were stopped: 0.0022972 seconds, Stopping threads took: 0.0010638 seconds
[2023-10-31T09:12:25.455+0000][2712.748s][debug][safepoint     ] Safepoint synchronization initiated. (186 threads)
[2023-10-31T09:12:25.455+0000][2712.749s][info ][safepoint     ] Application time: 1.0008805 seconds
[2023-10-31T09:12:25.456+0000][2712.749s][info ][safepoint     ] Entering safepoint region: Cleanup
[2023-10-31T09:12:25.457+0000][2712.750s][info ][safepoint     ] Leaving safepoint region
[2023-10-31T09:12:25.457+0000][2712.750s][info ][safepoint     ] Total time for which application threads were stopped: 0.0010774 seconds, Stopping threads took: 0.0004507 seconds
[2023-10-31T09:12:26.458+0000][2713.751s][debug][safepoint     ] Safepoint synchronization initiated. (186 threads)
[2023-10-31T09:12:26.458+0000][2713.751s][info ][safepoint     ] Application time: 1.0008450 seconds
[2023-10-31T09:12:26.459+0000][2713.752s][info ][safepoint     ] Entering safepoint region: Cleanup
[2023-10-31T09:12:26.460+0000][2713.753s][info ][safepoint     ] Leaving safepoint region
[2023-10-31T09:12:26.460+0000][2713.753s][info ][safepoint     ] Total time for which application threads were stopped: 0.0015202 seconds, Stopping threads took: 0.0007912 seconds
[2023-10-31T09:12:27.461+0000][2714.754s][debug][safepoint     ] Safepoint synchronization initiated. (186 threads)
[2023-10-31T09:12:27.462+0000][2714.755s][info ][safepoint     ] Application time: 1.0013216 seconds
[2023-10-31T09:12:27.463+0000][2714.756s][info ][safepoint     ] Entering safepoint region: Cleanup
[2023-10-31T09:12:27.464+0000][2714.757s][info ][safepoint     ] Leaving safepoint region
[2023-10-31T09:12:27.464+0000][2714.757s][info ][safepoint     ] Total time for which application threads were stopped: 0.0017205 seconds, Stopping threads took: 0.0006411 seconds
[2023-10-31T09:12:28.464+0000][2715.758s][debug][safepoint     ] Safepoint synchronization initiated. (186 threads)
[2023-10-31T09:12:28.464+0000][2715.759s][info ][safepoint     ] Application time: 1.0009780 seconds
[2023-10-31T09:12:28.465+0000][2715.760s][info ][safepoint     ] Entering safepoint region: Cleanup
[2023-10-31T09:12:28.466+0000][2715.760s][info ][safepoint     ] Leaving safepoint region
[2023-10-31T09:12:28.466+0000][2715.761s][info ][safepoint     ] Total time for which application threads were stopped: 0.0010916 seconds, Stopping threads took: 0.0005026 seconds
[2023-10-31T09:12:29.467+0000][2716.761s][debug][safepoint     ] Safepoint synchronization initiated. (186 threads)
[2023-10-31T09:12:29.467+0000][2716.762s][info ][safepoint     ] Application time: 1.0008140 seconds
[2023-10-31T09:12:29.468+0000][2716.762s][info ][safepoint     ] Entering safepoint region: Cleanup
[2023-10-31T09:12:29.468+0000][2716.763s][info ][safepoint     ] Leaving safepoint region
[2023-10-31T09:12:29.469+0000][2716.763s][info ][safepoint     ] Total time for which application threads were stopped: 0.0009567 seconds, Stopping threads took: 0.0003550 seconds
[2023-10-31T09:12:30.469+0000][2717.764s][debug][safepoint     ] Safepoint synchronization initiated. (186 threads)
[2023-10-31T09:12:30.470+0000][2717.765s][info ][safepoint     ] Application time: 1.0009200 seconds
[2023-10-31T09:12:30.471+0000][2717.765s][info ][safepoint     ] Entering safepoint region: Cleanup
[2023-10-31T09:12:30.472+0000][2717.766s][info ][safepoint     ] Leaving safepoint region
[2023-10-31T09:12:30.472+0000][2717.767s][info ][safepoint     ] Total time for which application threads were stopped: 0.0016518 seconds, Stopping threads took: 0.0006961 seconds
[2023-10-31T09:12:31.473+0000][2718.767s][debug][safepoint     ] Safepoint synchronization initiated. (186 threads)
[2023-10-31T09:12:31.473+0000][2718.768s][info ][safepoint     ] Application time: 1.0008472 seconds
[2023-10-31T09:12:31.474+0000][2718.769s][info ][safepoint     ] Entering safepoint region: Cleanup
[2023-10-31T09:12:31.475+0000][2718.770s][info ][safepoint     ] Leaving safepoint region
[2023-10-31T09:12:31.475+0000][2718.770s][info ][safepoint     ] Total time for which application threads were stopped: 0.0015267 seconds, Stopping threads took: 0.0008229 seconds
[2023-10-31T09:12:32.476+0000][2719.771s][debug][safepoint     ] Safepoint synchronization initiated. (186 threads)
[2023-10-31T09:12:32.477+0000][2719.771s][info ][safepoint     ] Application time: 1.0007378 seconds
[2023-10-31T09:12:32.477+0000][2719.772s][info ][safepoint     ] Entering safepoint region: Cleanup
[2023-10-31T09:12:32.478+0000][2719.772s][info ][safepoint     ] Leaving safepoint region
[2023-10-31T09:12:32.478+0000][2719.773s][info ][safepoint     ] Total time for which application threads were stopped: 0.0009970 seconds, Stopping threads took: 0.0004042 seconds
[2023-10-31T09:12:33.478+0000][2720.773s][debug][safepoint     ] Safepoint synchronization initiated. (186 threads)
[2023-10-31T09:12:33.479+0000][2720.774s][info ][safepoint     ] Application time: 1.0007625 seconds
[2023-10-31T09:12:33.479+0000][2720.774s][info ][safepoint     ] Entering safepoint region: Cleanup
[2023-10-31T09:12:33.480+0000][2720.774s][info ][safepoint     ] Leaving safepoint region
[2023-10-31T09:12:33.480+0000][2720.775s][info ][safepoint     ] Total time for which application threads were stopped: 0.0007893 seconds, Stopping threads took: 0.0003156 seconds
[2023-10-31T09:12:34.481+0000][2721.775s][debug][safepoint     ] Safepoint synchronization initiated. (186 threads)
[2023-10-31T09:12:34.482+0000][2721.776s][info ][safepoint     ] Application time: 1.0011222 seconds
[2023-10-31T09:12:34.482+0000][2721.777s][info ][safepoint     ] Entering safepoint region: Cleanup
[2023-10-31T09:12:34.483+0000][2721.778s][info ][safepoint     ] Leaving safepoint region
[2023-10-31T09:12:34.484+0000][2721.779s][info ][safepoint     ] Total time for which application threads were stopped: 0.0017463 seconds, Stopping threads took: 0.0007310 seconds
[2023-10-31T09:12:35.485+0000][2722.780s][debug][safepoint     ] Safepoint synchronization initiated. (186 threads)
[2023-10-31T09:12:35.486+0000][2722.781s][info ][safepoint     ] Application time: 1.0012084 seconds
[2023-10-31T09:12:35.487+0000][2722.782s][info ][safepoint     ] Entering safepoint region: Cleanup
[2023-10-31T09:12:35.488+0000][2722.783s][info ][safepoint     ] Leaving safepoint region
[2023-10-31T09:12:35.489+0000][2722.783s][info ][safepoint     ] Total time for which application threads were stopped: 0.0019691 seconds, Stopping threads took: 0.0009270 seconds
[2023-10-31T09:12:36.490+0000][2723.784s][debug][safepoint     ] Safepoint synchronization initiated. (186 threads)
[2023-10-31T09:12:36.490+0000][2723.785s][info ][safepoint     ] Application time: 1.0010165 seconds
[2023-10-31T09:12:36.491+0000][2723.786s][info ][safepoint     ] Entering safepoint region: Cleanup
[2023-10-31T09:12:36.492+0000][2723.787s][info ][safepoint     ] Leaving safepoint region
[2023-10-31T09:12:36.493+0000][2723.787s][info ][safepoint     ] Total time for which application threads were stopped: 0.0014145 seconds, Stopping threads took: 0.0006561 seconds
[2023-10-31T09:12:37.493+0000][2724.788s][debug][safepoint     ] Safepoint synchronization initiated. (186 threads)
[2023-10-31T09:12:37.494+0000][2724.789s][info ][safepoint     ] Application time: 1.0016194 seconds
[2023-10-31T09:12:37.496+0000][2724.790s][info ][safepoint     ] Entering safepoint region: Cleanup
[2023-10-31T09:12:37.497+0000][2724.792s][info ][safepoint     ] Leaving safepoint region
[2023-10-31T09:12:37.498+0000][2724.793s][info ][safepoint     ] Total time for which application threads were stopped: 0.0025757 seconds, Stopping threads took: 0.0011731 seconds
[2023-10-31T09:12:38.499+0000][2725.794s][debug][safepoint     ] Safepoint synchronization initiated. (186 threads)
[2023-10-31T09:12:38.500+0000][2725.795s][info ][safepoint     ] Application time: 1.0013852 seconds
[2023-10-31T09:12:38.501+0000][2725.796s][info ][safepoint     ] Entering safepoint region: Cleanup
[2023-10-31T09:12:38.502+0000][2725.797s][info ][safepoint     ] Leaving safepoint region
[2023-10-31T09:12:38.503+0000][2725.798s][info ][safepoint     ] Total time for which application threads were stopped: 0.0016337 seconds, Stopping threads took: 0.0007598 seconds
[2023-10-31T09:12:39.504+0000][2726.798s][debug][safepoint     ] Safepoint synchronization initiated. (186 threads)
[2023-10-31T09:12:39.504+0000][2726.799s][info ][safepoint     ] Application time: 1.0007956 seconds
[2023-10-31T09:12:39.505+0000][2726.800s][info ][safepoint     ] Entering safepoint region: Cleanup
[2023-10-31T09:12:39.506+0000][2726.800s][info ][safepoint     ] Leaving safepoint region
[2023-10-31T09:12:39.506+0000][2726.801s][info ][safepoint     ] Total time for which application threads were stopped: 0.0012659 seconds, Stopping threads took: 0.0006039 seconds
[2023-10-31T09:12:40.507+0000][2727.802s][debug][safepoint     ] Safepoint synchronization initiated. (186 threads)
[2023-10-31T09:12:40.508+0000][2727.803s][info ][safepoint     ] Application time: 1.0017216 seconds
[2023-10-31T09:12:40.510+0000][2727.804s][info ][safepoint     ] Entering safepoint region: Cleanup
[2023-10-31T09:12:40.511+0000][2727.806s][info ][safepoint     ] Leaving safepoint region
[2023-10-31T09:12:40.512+0000][2727.806s][info ][safepoint     ] Total time for which application threads were stopped: 0.0023115 seconds, Stopping threads took: 0.0010572 seconds
[2023-10-31T09:12:41.513+0000][2728.808s][debug][safepoint     ] Safepoint synchronization initiated. (186 threads)
[2023-10-31T09:12:41.514+0000][2728.808s][info ][safepoint     ] Application time: 1.0009087 seconds
[2023-10-31T09:12:41.514+0000][2728.809s][info ][safepoint     ] Entering safepoint region: Cleanup
[2023-10-31T09:12:41.515+0000][2728.809s][info ][safepoint     ] Leaving safepoint region
[2023-10-31T09:12:41.515+0000][2728.810s][info ][safepoint     ] Total time for which application threads were stopped: 0.0012517 seconds, Stopping threads took: 0.0004990 seconds
[2023-10-31T09:12:42.516+0000][2729.811s][debug][safepoint     ] Safepoint synchronization initiated. (186 threads)
[2023-10-31T09:12:42.517+0000][2729.812s][info ][safepoint     ] Application time: 1.0015668 seconds
[2023-10-31T09:12:42.518+0000][2729.813s][info ][safepoint     ] Entering safepoint region: Cleanup
[2023-10-31T09:12:42.520+0000][2729.814s][info ][safepoint     ] Leaving safepoint region
[2023-10-31T09:12:42.520+0000][2729.815s][info ][safepoint     ] Total time for which application threads were stopped: 0.0021207 seconds, Stopping threads took: 0.0010112 seconds
[2023-10-31T09:12:43.521+0000][2730.816s][debug][safepoint     ] Safepoint synchronization initiated. (186 threads)
[2023-10-31T09:12:43.522+0000][2730.817s][info ][safepoint     ] Application time: 1.0009005 seconds
[2023-10-31T09:12:43.523+0000][2730.817s][info ][safepoint     ] Entering safepoint region: Cleanup
[2023-10-31T09:12:43.523+0000][2730.818s][info ][safepoint     ] Leaving safepoint region
[2023-10-31T09:12:43.524+0000][2730.818s][info ][safepoint     ] Total time for which application threads were stopped: 0.0010129 seconds, Stopping threads took: 0.0003951 seconds
[2023-10-31T09:12:44.524+0000][2731.819s][debug][safepoint     ] Safepoint synchronization initiated. (186 threads)
[2023-10-31T09:12:44.525+0000][2731.820s][info ][safepoint     ] Application time: 1.0013062 seconds
[2023-10-31T09:12:44.526+0000][2731.821s][info ][safepoint     ] Entering safepoint region: Cleanup
[2023-10-31T09:12:44.528+0000][2731.822s][info ][safepoint     ] Leaving safepoint region
[2023-10-31T09:12:44.528+0000][2731.823s][info ][safepoint     ] Total time for which application threads were stopped: 0.0019378 seconds, Stopping threads took: 0.0008564 seconds
[2023-10-31T09:12:45.529+0000][2732.824s][debug][safepoint     ] Safepoint synchronization initiated. (186 threads)
[2023-10-31T09:12:45.531+0000][2732.825s][info ][safepoint     ] Application time: 1.0016195 seconds
[2023-10-31T09:12:45.532+0000][2732.826s][info ][safepoint     ] Entering safepoint region: Cleanup
[2023-10-31T09:12:45.533+0000][2732.828s][info ][safepoint     ] Leaving safepoint region
[2023-10-31T09:12:45.534+0000][2732.828s][info ][safepoint     ] Total time for which application threads were stopped: 0.0022512 seconds, Stopping threads took: 0.0009589 seconds
[2023-10-31T09:12:46.535+0000][2733.829s][debug][safepoint     ] Safepoint synchronization initiated. (186 threads)
[2023-10-31T09:12:46.535+0000][2733.830s][info ][safepoint     ] Application time: 1.0006436 seconds
[2023-10-31T09:12:46.536+0000][2733.830s][info ][safepoint     ] Entering safepoint region: Cleanup
[2023-10-31T09:12:46.536+0000][2733.831s][info ][safepoint     ] Leaving safepoint region
[2023-10-31T09:12:46.537+0000][2733.831s][info ][safepoint     ] Total time for which application threads were stopped: 0.0011097 seconds, Stopping threads took: 0.0004357 seconds
[2023-10-31T09:12:47.537+0000][2734.832s][debug][safepoint     ] Safepoint synchronization initiated. (186 threads)
[2023-10-31T09:12:47.539+0000][2734.833s][info ][safepoint     ] Application time: 1.0014091 seconds
[2023-10-31T09:12:47.540+0000][2734.834s][info ][safepoint     ] Entering safepoint region: Cleanup
[2023-10-31T09:12:47.541+0000][2734.835s][info ][safepoint     ] Leaving safepoint region
[2023-10-31T09:12:47.542+0000][2734.836s][info ][safepoint     ] Total time for which application threads were stopped: 0.0021773 seconds, Stopping threads took: 0.0009485 seconds
[2023-10-31T09:12:48.543+0000][2735.837s][debug][safepoint     ] Safepoint synchronization initiated. (186 threads)
[2023-10-31T09:12:48.544+0000][2735.838s][info ][safepoint     ] Application time: 1.0010551 seconds
[2023-10-31T09:12:48.544+0000][2735.839s][debug][safepoint     ] ... found polling page return exception at pc = 0x00007f62e8697e30, stub =0x00007f62e0840600
[2023-10-31T09:12:48.545+0000][2735.839s][debug][safepoint     ] Waiting for 1 thread(s) to block
[2023-10-31T09:12:48.545+0000][2735.840s][info ][safepoint     ] Entering safepoint region: Cleanup
[2023-10-31T09:12:48.546+0000][2735.840s][info ][safepoint     ] Leaving safepoint region
[2023-10-31T09:12:48.546+0000][2735.841s][info ][safepoint     ] Total time for which application threads were stopped: 0.0020925 seconds, Stopping threads took: 0.0014221 seconds
[2023-10-31T09:12:49.547+0000][2736.841s][debug][safepoint     ] Safepoint synchronization initiated. (186 threads)
[2023-10-31T09:12:49.548+0000][2736.842s][info ][safepoint     ] Application time: 1.0010842 seconds
[2023-10-31T09:12:49.549+0000][2736.843s][info ][safepoint     ] Entering safepoint region: Cleanup
[2023-10-31T09:12:49.549+0000][2736.844s][info ][safepoint     ] Leaving safepoint region
[2023-10-31T09:12:49.550+0000][2736.845s][info ][safepoint     ] Total time for which application threads were stopped: 0.0015878 seconds, Stopping threads took: 0.0006386 seconds
[2023-10-31T09:12:50.551+0000][2737.846s][debug][safepoint     ] Safepoint synchronization initiated. (186 threads)
[2023-10-31T09:12:50.552+0000][2737.846s][info ][safepoint     ] Application time: 1.0011519 seconds
[2023-10-31T09:12:50.553+0000][2737.847s][info ][safepoint     ] Entering safepoint region: Cleanup
[2023-10-31T09:12:50.554+0000][2737.848s][info ][safepoint     ] Leaving safepoint region
[2023-10-31T09:12:50.555+0000][2737.849s][info ][safepoint     ] Total time for which application threads were stopped: 0.0020291 seconds, Stopping threads took: 0.0009341 seconds
[2023-10-31T09:12:51.556+0000][2738.850s][debug][safepoint     ] Safepoint synchronization initiated. (186 threads)
[2023-10-31T09:12:51.556+0000][2738.851s][info ][safepoint     ] Application time: 1.0011340 seconds
[2023-10-31T09:12:51.557+0000][2738.852s][info ][safepoint     ] Entering safepoint region: Cleanup
[2023-10-31T09:12:51.558+0000][2738.853s][info ][safepoint     ] Leaving safepoint region
[2023-10-31T09:12:51.559+0000][2738.853s][info ][safepoint     ] Total time for which application threads were stopped: 0.0015927 seconds, Stopping threads took: 0.0006442 seconds
[2023-10-31T09:12:52.560+0000][2739.854s][debug][safepoint     ] Safepoint synchronization initiated. (186 threads)
[2023-10-31T09:12:52.561+0000][2739.855s][info ][safepoint     ] Application time: 1.0012771 seconds
[2023-10-31T09:12:52.562+0000][2739.856s][info ][safepoint     ] Entering safepoint region: Cleanup
[2023-10-31T09:12:52.563+0000][2739.857s][info ][safepoint     ] Leaving safepoint region
[2023-10-31T09:12:52.563+0000][2739.858s][info ][safepoint     ] Total time for which application threads were stopped: 0.0017809 seconds, Stopping threads took: 0.0007922 seconds
[2023-10-31T09:12:53.564+0000][2740.859s][debug][safepoint     ] Safepoint synchronization initiated. (186 threads)
[2023-10-31T09:12:53.565+0000][2740.860s][info ][safepoint     ] Application time: 1.0013205 seconds
[2023-10-31T09:12:53.567+0000][2740.861s][info ][safepoint     ] Entering safepoint region: Cleanup
[2023-10-31T09:12:53.568+0000][2740.862s][info ][safepoint     ] Leaving safepoint region
[2023-10-31T09:12:53.569+0000][2740.863s][info ][safepoint     ] Total time for which application threads were stopped: 0.0020647 seconds, Stopping threads took: 0.0009649 seconds
[2023-10-31T09:12:54.570+0000][2741.864s][debug][safepoint     ] Safepoint synchronization initiated. (186 threads)
[2023-10-31T09:12:54.571+0000][2741.866s][info ][safepoint     ] Application time: 1.0018614 seconds
[2023-10-31T09:12:54.572+0000][2741.867s][info ][safepoint     ] Entering safepoint region: Cleanup
[2023-10-31T09:12:54.574+0000][2741.868s][info ][safepoint     ] Leaving safepoint region
[2023-10-31T09:12:54.575+0000][2741.869s][info ][safepoint     ] Total time for which application threads were stopped: 0.0023720 seconds, Stopping threads took: 0.0011208 seconds
[2023-10-31T09:12:55.576+0000][2742.870s][debug][safepoint     ] Safepoint synchronization initiated. (186 threads)
[2023-10-31T09:12:55.577+0000][2742.871s][info ][safepoint     ] Application time: 1.0012544 seconds
[2023-10-31T09:12:55.578+0000][2742.873s][info ][safepoint     ] Entering safepoint region: Cleanup
[2023-10-31T09:12:55.579+0000][2742.874s][info ][safepoint     ] Leaving safepoint region
[2023-10-31T09:12:55.580+0000][2742.875s][info ][safepoint     ] Total time for which application threads were stopped: 0.0020907 seconds, Stopping threads took: 0.0009879 seconds
[2023-10-31T09:12:56.581+0000][2743.876s][debug][safepoint     ] Safepoint synchronization initiated. (186 threads)
[2023-10-31T09:12:56.582+0000][2743.877s][info ][safepoint     ] Application time: 1.0013401 seconds
[2023-10-31T09:12:56.583+0000][2743.878s][info ][safepoint     ] Entering safepoint region: Cleanup
[2023-10-31T09:12:56.584+0000][2743.879s][info ][safepoint     ] Leaving safepoint region
[2023-10-31T09:12:56.585+0000][2743.879s][info ][safepoint     ] Total time for which application threads were stopped: 0.0018922 seconds, Stopping threads took: 0.0008587 seconds
[2023-10-31T09:12:57.586+0000][2744.880s][debug][safepoint     ] Safepoint synchronization initiated. (186 threads)
[2023-10-31T09:12:57.587+0000][2744.881s][info ][safepoint     ] Application time: 1.0014239 seconds
[2023-10-31T09:12:57.588+0000][2744.883s][info ][safepoint     ] Entering safepoint region: Cleanup
[2023-10-31T09:12:57.589+0000][2744.884s][info ][safepoint     ] Leaving safepoint region
[2023-10-31T09:12:57.590+0000][2744.885s][info ][safepoint     ] Total time for which application threads were stopped: 0.0020915 seconds, Stopping threads took: 0.0008934 seconds
[2023-10-31T09:12:58.591+0000][2745.886s][debug][safepoint     ] Safepoint synchronization initiated. (186 threads)
[2023-10-31T09:12:58.591+0000][2745.886s][info ][safepoint     ] Application time: 1.0007332 seconds
[2023-10-31T09:12:58.592+0000][2745.887s][info ][safepoint     ] Entering safepoint region: Cleanup
[2023-10-31T09:12:58.592+0000][2745.887s][info ][safepoint     ] Leaving safepoint region
[2023-10-31T09:12:58.593+0000][2745.888s][info ][safepoint     ] Total time for which application threads were stopped: 0.0011647 seconds, Stopping threads took: 0.0005557 seconds
[2023-10-31T09:12:59.594+0000][2746.888s][debug][safepoint     ] Safepoint synchronization initiated. (186 threads)
[2023-10-31T09:12:59.595+0000][2746.890s][info ][safepoint     ] Application time: 1.0014522 seconds
[2023-10-31T09:12:59.596+0000][2746.890s][info ][safepoint     ] Entering safepoint region: Cleanup
[2023-10-31T09:12:59.597+0000][2746.891s][info ][safepoint     ] Leaving safepoint region
[2023-10-31T09:12:59.597+0000][2746.892s][info ][safepoint     ] Total time for which application threads were stopped: 0.0018510 seconds, Stopping threads took: 0.0007654 seconds
[2023-10-31T09:13:00.598+0000][2747.893s][debug][safepoint     ] Safepoint synchronization initiated. (186 threads)
[2023-10-31T09:13:00.599+0000][2747.894s][info ][safepoint     ] Application time: 1.0012844 seconds
[2023-10-31T09:13:00.600+0000][2747.895s][info ][safepoint     ] Entering safepoint region: Cleanup
[2023-10-31T09:13:00.602+0000][2747.896s][info ][safepoint     ] Leaving safepoint region
[2023-10-31T09:13:00.602+0000][2747.897s][info ][safepoint     ] Total time for which application threads were stopped: 0.0020128 seconds, Stopping threads took: 0.0008758 seconds
[2023-10-31T09:13:01.604+0000][2748.898s][debug][safepoint     ] Safepoint synchronization initiated. (186 threads)
[2023-10-31T09:13:01.605+0000][2748.900s][info ][safepoint     ] Application time: 1.0015369 seconds
[2023-10-31T09:13:01.606+0000][2748.900s][info ][safepoint     ] Entering safepoint region: Cleanup
[2023-10-31T09:13:01.607+0000][2748.902s][info ][safepoint     ] Leaving safepoint region
[2023-10-31T09:13:01.608+0000][2748.903s][info ][safepoint     ] Total time for which application threads were stopped: 0.0022617 seconds, Stopping threads took: 0.0009650 seconds
[2023-10-31T09:13:02.609+0000][2749.903s][debug][safepoint     ] Safepoint synchronization initiated. (186 threads)
[2023-10-31T09:13:02.610+0000][2749.904s][info ][safepoint     ] Application time: 1.0009991 seconds
[2023-10-31T09:13:02.610+0000][2749.905s][info ][safepoint     ] Entering safepoint region: Cleanup
[2023-10-31T09:13:02.612+0000][2749.906s][info ][safepoint     ] Leaving safepoint region
[2023-10-31T09:13:02.612+0000][2749.907s][info ][safepoint     ] Total time for which application threads were stopped: 0.0018088 seconds, Stopping threads took: 0.0008290 seconds
[2023-10-31T09:13:03.613+0000][2750.908s][debug][safepoint     ] Safepoint synchronization initiated. (186 threads)
[2023-10-31T09:13:03.614+0000][2750.909s][info ][safepoint     ] Application time: 1.0012265 seconds
[2023-10-31T09:13:03.615+0000][2750.910s][info ][safepoint     ] Entering safepoint region: Cleanup
[2023-10-31T09:13:03.616+0000][2750.911s][info ][safepoint     ] Leaving safepoint region
[2023-10-31T09:13:03.617+0000][2750.911s][info ][safepoint     ] Total time for which application threads were stopped: 0.0018104 seconds, Stopping threads took: 0.0008041 seconds
[2023-10-31T09:13:04.618+0000][2751.912s][debug][safepoint     ] Safepoint synchronization initiated. (186 threads)
[2023-10-31T09:13:04.618+0000][2751.913s][info ][safepoint     ] Application time: 1.0011519 seconds
[2023-10-31T09:13:04.619+0000][2751.914s][info ][safepoint     ] Entering safepoint region: Cleanup
[2023-10-31T09:13:04.620+0000][2751.915s][info ][safepoint     ] Leaving safepoint region
[2023-10-31T09:13:04.621+0000][2751.916s][info ][safepoint     ] Total time for which application threads were stopped: 0.0016042 seconds, Stopping threads took: 0.0007752 seconds
[2023-10-31T09:13:05.622+0000][2752.917s][debug][safepoint     ] Safepoint synchronization initiated. (186 threads)
[2023-10-31T09:13:05.622+0000][2752.917s][info ][safepoint     ] Application time: 1.0008696 seconds
[2023-10-31T09:13:05.623+0000][2752.918s][info ][safepoint     ] Entering safepoint region: Cleanup
[2023-10-31T09:13:05.624+0000][2752.919s][info ][safepoint     ] Leaving safepoint region
[2023-10-31T09:13:05.624+0000][2752.919s][info ][safepoint     ] Total time for which application threads were stopped: 0.0011941 seconds, Stopping threads took: 0.0005552 seconds
[2023-10-31T09:13:06.625+0000][2753.920s][debug][safepoint     ] Safepoint synchronization initiated. (186 threads)
[2023-10-31T09:13:06.626+0000][2753.921s][info ][safepoint     ] Application time: 1.0012211 seconds
[2023-10-31T09:13:06.627+0000][2753.922s][info ][safepoint     ] Entering safepoint region: Cleanup
[2023-10-31T09:13:06.629+0000][2753.923s][info ][safepoint     ] Leaving safepoint region
[2023-10-31T09:13:06.629+0000][2753.924s][info ][safepoint     ] Total time for which application threads were stopped: 0.0024815 seconds, Stopping threads took: 0.0011778 seconds
[2023-10-31T09:13:07.630+0000][2754.925s][debug][safepoint     ] Safepoint synchronization initiated. (186 threads)
[2023-10-31T09:13:07.631+0000][2754.926s][info ][safepoint     ] Application time: 1.0011519 seconds
[2023-10-31T09:13:07.632+0000][2754.927s][info ][safepoint     ] Entering safepoint region: Cleanup
[2023-10-31T09:13:07.633+0000][2754.928s][info ][safepoint     ] Leaving safepoint region
[2023-10-31T09:13:07.634+0000][2754.929s][info ][safepoint     ] Total time for which application threads were stopped: 0.0018723 seconds, Stopping threads took: 0.0008108 seconds
[2023-10-31T09:13:08.635+0000][2755.930s][debug][safepoint     ] Safepoint synchronization initiated. (186 threads)
[2023-10-31T09:13:08.636+0000][2755.931s][info ][safepoint     ] Application time: 1.0011808 seconds
[2023-10-31T09:13:08.637+0000][2755.932s][info ][safepoint     ] Entering safepoint region: Cleanup
[2023-10-31T09:13:08.638+0000][2755.933s][info ][safepoint     ] Leaving safepoint region
[2023-10-31T09:13:08.639+0000][2755.934s][info ][safepoint     ] Total time for which application threads were stopped: 0.0021914 seconds, Stopping threads took: 0.0008751 seconds
[2023-10-31T09:13:09.640+0000][2756.935s][debug][safepoint     ] Safepoint synchronization initiated. (186 threads)
[2023-10-31T09:13:09.641+0000][2756.936s][info ][safepoint     ] Application time: 1.0010431 seconds
[2023-10-31T09:13:09.642+0000][2756.936s][info ][safepoint     ] Entering safepoint region: Cleanup
[2023-10-31T09:13:09.642+0000][2756.937s][info ][safepoint     ] Leaving safepoint region
[2023-10-31T09:13:09.643+0000][2756.938s][info ][safepoint     ] Total time for which application threads were stopped: 0.0012587 seconds, Stopping threads took: 0.0005406 seconds
[2023-10-31T09:13:10.643+0000][2757.938s][debug][safepoint     ] Safepoint synchronization initiated. (186 threads)
[2023-10-31T09:13:10.644+0000][2757.939s][info ][safepoint     ] Application time: 1.0006675 seconds
[2023-10-31T09:13:10.644+0000][2757.939s][info ][safepoint     ] Entering safepoint region: Cleanup
[2023-10-31T09:13:10.645+0000][2757.940s][info ][safepoint     ] Leaving safepoint region
[2023-10-31T09:13:10.645+0000][2757.940s][info ][safepoint     ] Total time for which application threads were stopped: 0.0008621 seconds, Stopping threads took: 0.0003360 seconds
[2023-10-31T09:13:11.646+0000][2758.940s][debug][safepoint     ] Safepoint synchronization initiated. (186 threads)
[2023-10-31T09:13:11.646+0000][2758.941s][info ][safepoint     ] Application time: 1.0007189 seconds
[2023-10-31T09:13:11.647+0000][2758.941s][info ][safepoint     ] Entering safepoint region: Cleanup
[2023-10-31T09:13:11.647+0000][2758.942s][info ][safepoint     ] Leaving safepoint region
[2023-10-31T09:13:11.648+0000][2758.942s][info ][safepoint     ] Total time for which application threads were stopped: 0.0010473 seconds, Stopping threads took: 0.0004253 seconds
[2023-10-31T09:13:12.648+0000][2759.943s][debug][safepoint     ] Safepoint synchronization initiated. (186 threads)
[2023-10-31T09:13:12.649+0000][2759.944s][info ][safepoint     ] Application time: 1.0009280 seconds
[2023-10-31T09:13:12.650+0000][2759.945s][info ][safepoint     ] Entering safepoint region: Cleanup
[2023-10-31T09:13:12.651+0000][2759.945s][info ][safepoint     ] Leaving safepoint region
[2023-10-31T09:13:12.651+0000][2759.946s][info ][safepoint     ] Total time for which application threads were stopped: 0.0016772 seconds, Stopping threads took: 0.0007286 seconds
[2023-10-31T09:13:13.652+0000][2760.947s][debug][safepoint     ] Safepoint synchronization initiated. (186 threads)
[2023-10-31T09:13:13.653+0000][2760.948s][info ][safepoint     ] Application time: 1.0011045 seconds
[2023-10-31T09:13:13.654+0000][2760.949s][info ][safepoint     ] Entering safepoint region: Cleanup
[2023-10-31T09:13:13.655+0000][2760.950s][info ][safepoint     ] Leaving safepoint region
[2023-10-31T09:13:13.656+0000][2760.951s][info ][safepoint     ] Total time for which application threads were stopped: 0.0019382 seconds, Stopping threads took: 0.0007877 seconds
[2023-10-31T09:13:14.657+0000][2761.951s][debug][safepoint     ] Safepoint synchronization initiated. (186 threads)
[2023-10-31T09:13:14.657+0000][2761.952s][info ][safepoint     ] Application time: 1.0009461 seconds
[2023-10-31T09:13:14.658+0000][2761.953s][info ][safepoint     ] Entering safepoint region: Cleanup
[2023-10-31T09:13:14.659+0000][2761.953s][info ][safepoint     ] Leaving safepoint region
[2023-10-31T09:13:14.659+0000][2761.954s][info ][safepoint     ] Total time for which application threads were stopped: 0.0012671 seconds, Stopping threads took: 0.0005433 seconds
[2023-10-31T09:13:15.660+0000][2762.955s][debug][safepoint     ] Safepoint synchronization initiated. (186 threads)
[2023-10-31T09:13:15.661+0000][2762.956s][info ][safepoint     ] Application time: 1.0012926 seconds
[2023-10-31T09:13:15.662+0000][2762.957s][info ][safepoint     ] Entering safepoint region: Cleanup
[2023-10-31T09:13:15.663+0000][2762.958s][info ][safepoint     ] Leaving safepoint region
[2023-10-31T09:13:15.664+0000][2762.959s][info ][safepoint     ] Total time for which application threads were stopped: 0.0018868 seconds, Stopping threads took: 0.0007816 seconds
[2023-10-31T09:13:16.665+0000][2763.959s][debug][safepoint     ] Safepoint synchronization initiated. (186 threads)
[2023-10-31T09:13:16.665+0000][2763.960s][info ][safepoint     ] Application time: 1.0007445 seconds
[2023-10-31T09:13:16.666+0000][2763.961s][info ][safepoint     ] Entering safepoint region: Cleanup
[2023-10-31T09:13:16.666+0000][2763.961s][info ][safepoint     ] Leaving safepoint region
[2023-10-31T09:13:16.667+0000][2763.962s][info ][safepoint     ] Total time for which application threads were stopped: 0.0012475 seconds, Stopping threads took: 0.0005376 seconds
[2023-10-31T09:13:17.668+0000][2764.962s][debug][safepoint     ] Safepoint synchronization initiated. (186 threads)
[2023-10-31T09:13:17.668+0000][2764.963s][info ][safepoint     ] Application time: 1.0007370 seconds
[2023-10-31T09:13:17.669+0000][2764.964s][info ][safepoint     ] Entering safepoint region: Cleanup
[2023-10-31T09:13:17.670+0000][2764.964s][info ][safepoint     ] Leaving safepoint region
[2023-10-31T09:13:17.670+0000][2764.965s][info ][safepoint     ] Total time for which application threads were stopped: 0.0012271 seconds, Stopping threads took: 0.0005812 seconds
[2023-10-31T09:13:18.671+0000][2765.965s][debug][safepoint     ] Safepoint synchronization initiated. (186 threads)
[2023-10-31T09:13:18.671+0000][2765.966s][info ][safepoint     ] Application time: 1.0008412 seconds
[2023-10-31T09:13:18.672+0000][2765.967s][info ][safepoint     ] Entering safepoint region: Cleanup
[2023-10-31T09:13:18.673+0000][2765.967s][info ][safepoint     ] Leaving safepoint region
[2023-10-31T09:13:18.673+0000][2765.968s][info ][safepoint     ] Total time for which application threads were stopped: 0.0012084 seconds, Stopping threads took: 0.0004601 seconds
[2023-10-31T09:13:19.674+0000][2766.968s][debug][safepoint     ] Safepoint synchronization initiated. (186 threads)
[2023-10-31T09:13:19.674+0000][2766.969s][info ][safepoint     ] Application time: 1.0006849 seconds
[2023-10-31T09:13:19.675+0000][2766.969s][info ][safepoint     ] Entering safepoint region: Cleanup
[2023-10-31T09:13:19.675+0000][2766.970s][info ][safepoint     ] Leaving safepoint region
[2023-10-31T09:13:19.675+0000][2766.970s][info ][safepoint     ] Total time for which application threads were stopped: 0.0009295 seconds, Stopping threads took: 0.0003323 seconds
[2023-10-31T09:13:20.676+0000][2767.971s][debug][safepoint     ] Safepoint synchronization initiated. (186 threads)
[2023-10-31T09:13:20.677+0000][2767.971s][info ][safepoint     ] Application time: 1.0008096 seconds
[2023-10-31T09:13:20.677+0000][2767.972s][info ][safepoint     ] Entering safepoint region: Cleanup
[2023-10-31T09:13:20.678+0000][2767.973s][info ][safepoint     ] Leaving safepoint region
[2023-10-31T09:13:20.679+0000][2767.973s][info ][safepoint     ] Total time for which application threads were stopped: 0.0012439 seconds, Stopping threads took: 0.0004693 seconds
[2023-10-31T09:13:21.679+0000][2768.974s][debug][safepoint     ] Safepoint synchronization initiated. (186 threads)
[2023-10-31T09:13:21.680+0000][2768.975s][info ][safepoint     ] Application time: 1.0008105 seconds
[2023-10-31T09:13:21.680+0000][2768.975s][info ][safepoint     ] Entering safepoint region: Cleanup
[2023-10-31T09:13:21.681+0000][2768.976s][info ][safepoint     ] Leaving safepoint region
[2023-10-31T09:13:21.682+0000][2768.976s][info ][safepoint     ] Total time for which application threads were stopped: 0.0012602 seconds, Stopping threads took: 0.0005767 seconds
[2023-10-31T09:13:22.682+0000][2769.977s][debug][safepoint     ] Safepoint synchronization initiated. (186 threads)
[2023-10-31T09:13:22.683+0000][2769.978s][info ][safepoint     ] Application time: 1.0009793 seconds
[2023-10-31T09:13:22.684+0000][2769.978s][info ][safepoint     ] Entering safepoint region: Cleanup
[2023-10-31T09:13:22.685+0000][2769.980s][info ][safepoint     ] Leaving safepoint region
[2023-10-31T09:13:22.685+0000][2769.980s][info ][safepoint     ] Total time for which application threads were stopped: 0.0018282 seconds, Stopping threads took: 0.0007277 seconds
[2023-10-31T09:13:23.686+0000][2770.981s][debug][safepoint     ] Safepoint synchronization initiated. (186 threads)
[2023-10-31T09:13:23.687+0000][2770.982s][info ][safepoint     ] Application time: 1.0009452 seconds
[2023-10-31T09:13:23.688+0000][2770.982s][info ][safepoint     ] Entering safepoint region: Cleanup
[2023-10-31T09:13:23.689+0000][2770.983s][info ][safepoint     ] Leaving safepoint region
[2023-10-31T09:13:23.689+0000][2770.984s][info ][safepoint     ] Total time for which application threads were stopped: 0.0014578 seconds, Stopping threads took: 0.0007160 seconds
[2023-10-31T09:13:24.690+0000][2771.985s][debug][safepoint     ] Safepoint synchronization initiated. (186 threads)
[2023-10-31T09:13:24.690+0000][2771.985s][info ][safepoint     ] Application time: 1.0008408 seconds
[2023-10-31T09:13:24.691+0000][2771.986s][info ][safepoint     ] Entering safepoint region: Cleanup
[2023-10-31T09:13:24.692+0000][2771.987s][info ][safepoint     ] Leaving safepoint region
[2023-10-31T09:13:24.692+0000][2771.987s][info ][safepoint     ] Total time for which application threads were stopped: 0.0013734 seconds, Stopping threads took: 0.0005223 seconds
[2023-10-31T09:13:25.693+0000][2772.988s][debug][safepoint     ] Safepoint synchronization initiated. (186 threads)
[2023-10-31T09:13:25.694+0000][2772.989s][info ][safepoint     ] Application time: 1.0010874 seconds
[2023-10-31T09:13:25.695+0000][2772.990s][info ][safepoint     ] Entering safepoint region: Cleanup
[2023-10-31T09:13:25.695+0000][2772.990s][info ][safepoint     ] Leaving safepoint region
[2023-10-31T09:13:25.696+0000][2772.991s][info ][safepoint     ] Total time for which application threads were stopped: 0.0012780 seconds, Stopping threads took: 0.0005032 seconds
[2023-10-31T09:13:26.697+0000][2773.992s][debug][safepoint     ] Safepoint synchronization initiated. (186 threads)
[2023-10-31T09:13:26.698+0000][2773.993s][info ][safepoint     ] Application time: 1.0009189 seconds
[2023-10-31T09:13:26.698+0000][2773.993s][info ][safepoint     ] Entering safepoint region: Cleanup
[2023-10-31T09:13:26.699+0000][2773.994s][info ][safepoint     ] Leaving safepoint region
[2023-10-31T09:13:26.700+0000][2773.994s][info ][safepoint     ] Total time for which application threads were stopped: 0.0013833 seconds, Stopping threads took: 0.0004643 seconds
[2023-10-31T09:13:27.700+0000][2774.995s][debug][safepoint     ] Safepoint synchronization initiated. (186 threads)
[2023-10-31T09:13:27.701+0000][2774.996s][info ][safepoint     ] Application time: 1.0007897 seconds
[2023-10-31T09:13:27.701+0000][2774.996s][info ][safepoint     ] Entering safepoint region: Cleanup
[2023-10-31T09:13:27.702+0000][2774.997s][info ][safepoint     ] Leaving safepoint region
[2023-10-31T09:13:27.703+0000][2774.998s][info ][safepoint     ] Total time for which application threads were stopped: 0.0013674 seconds, Stopping threads took: 0.0005568 seconds
[2023-10-31T09:13:28.704+0000][2775.998s][debug][safepoint     ] Safepoint synchronization initiated. (186 threads)
[2023-10-31T09:13:28.704+0000][2775.999s][info ][safepoint     ] Application time: 1.0012928 seconds
[2023-10-31T09:13:28.705+0000][2776.000s][info ][safepoint     ] Entering safepoint region: Cleanup
[2023-10-31T09:13:28.706+0000][2776.001s][info ][safepoint     ] Leaving safepoint region
[2023-10-31T09:13:28.707+0000][2776.002s][info ][safepoint     ] Total time for which application threads were stopped: 0.0016522 seconds, Stopping threads took: 0.0007395 seconds
[2023-10-31T09:13:29.708+0000][2777.002s][debug][safepoint     ] Safepoint synchronization initiated. (186 threads)
[2023-10-31T09:13:29.708+0000][2777.003s][info ][safepoint     ] Application time: 1.0005547 seconds
[2023-10-31T09:13:29.708+0000][2777.003s][info ][safepoint     ] Entering safepoint region: Cleanup
[2023-10-31T09:13:29.709+0000][2777.004s][info ][safepoint     ] Leaving safepoint region
[2023-10-31T09:13:29.709+0000][2777.004s][info ][safepoint     ] Total time for which application threads were stopped: 0.0008083 seconds, Stopping threads took: 0.0003313 seconds
[2023-10-31T09:13:30.710+0000][2778.005s][debug][safepoint     ] Safepoint synchronization initiated. (186 threads)
[2023-10-31T09:13:30.710+0000][2778.005s][info ][safepoint     ] Application time: 1.0010819 seconds
[2023-10-31T09:13:30.711+0000][2778.006s][info ][safepoint     ] Entering safepoint region: Cleanup
[2023-10-31T09:13:30.712+0000][2778.007s][info ][safepoint     ] Leaving safepoint region
[2023-10-31T09:13:30.712+0000][2778.007s][info ][safepoint     ] Total time for which application threads were stopped: 0.0014443 seconds, Stopping threads took: 0.0007118 seconds
[2023-10-31T09:13:31.713+0000][2779.008s][debug][safepoint     ] Safepoint synchronization initiated. (186 threads)
[2023-10-31T09:13:31.715+0000][2779.010s][info ][safepoint     ] Application time: 1.0016683 seconds
[2023-10-31T09:13:31.716+0000][2779.010s][info ][safepoint     ] Entering safepoint region: Cleanup
[2023-10-31T09:13:31.717+0000][2779.012s][info ][safepoint     ] Leaving safepoint region
[2023-10-31T09:13:31.717+0000][2779.012s][info ][safepoint     ] Total time for which application threads were stopped: 0.0018124 seconds, Stopping threads took: 0.0007021 seconds
[2023-10-31T09:13:32.718+0000][2780.013s][debug][safepoint     ] Safepoint synchronization initiated. (186 threads)
[2023-10-31T09:13:32.719+0000][2780.014s][info ][safepoint     ] Application time: 1.0009198 seconds
[2023-10-31T09:13:32.720+0000][2780.014s][info ][safepoint     ] Entering safepoint region: Cleanup
[2023-10-31T09:13:32.720+0000][2780.015s][info ][safepoint     ] Leaving safepoint region
[2023-10-31T09:13:32.721+0000][2780.016s][info ][safepoint     ] Total time for which application threads were stopped: 0.0012201 seconds, Stopping threads took: 0.0004704 seconds
[2023-10-31T09:13:33.721+0000][2781.016s][debug][safepoint     ] Safepoint synchronization initiated. (186 threads)
[2023-10-31T09:13:33.722+0000][2781.017s][info ][safepoint     ] Application time: 1.0013447 seconds
[2023-10-31T09:13:33.723+0000][2781.018s][info ][safepoint     ] Entering safepoint region: Cleanup
[2023-10-31T09:13:33.725+0000][2781.019s][info ][safepoint     ] Leaving safepoint region
[2023-10-31T09:13:33.725+0000][2781.020s][info ][safepoint     ] Total time for which application threads were stopped: 0.0019722 seconds, Stopping threads took: 0.0008916 seconds
[2023-10-31T09:13:34.726+0000][2782.021s][debug][safepoint     ] Safepoint synchronization initiated. (186 threads)
[2023-10-31T09:13:34.727+0000][2782.022s][info ][safepoint     ] Application time: 1.0011150 seconds
[2023-10-31T09:13:34.728+0000][2782.023s][info ][safepoint     ] Entering safepoint region: Cleanup
[2023-10-31T09:13:34.729+0000][2782.024s][info ][safepoint     ] Leaving safepoint region
[2023-10-31T09:13:34.730+0000][2782.025s][info ][safepoint     ] Total time for which application threads were stopped: 0.0019587 seconds, Stopping threads took: 0.0007910 seconds
[2023-10-31T09:13:35.731+0000][2783.026s][debug][safepoint     ] Safepoint synchronization initiated. (186 threads)
[2023-10-31T09:13:35.732+0000][2783.027s][info ][safepoint     ] Application time: 1.0012927 seconds
[2023-10-31T09:13:35.733+0000][2783.028s][info ][safepoint     ] Entering safepoint region: Cleanup
[2023-10-31T09:13:35.734+0000][2783.029s][info ][safepoint     ] Leaving safepoint region
[2023-10-31T09:13:35.734+0000][2783.029s][info ][safepoint     ] Total time for which application threads were stopped: 0.0018219 seconds, Stopping threads took: 0.0007810 seconds
[2023-10-31T09:13:36.735+0000][2784.030s][debug][safepoint     ] Safepoint synchronization initiated. (186 threads)
[2023-10-31T09:13:36.736+0000][2784.031s][info ][safepoint     ] Application time: 1.0011225 seconds
[2023-10-31T09:13:36.737+0000][2784.032s][info ][safepoint     ] Entering safepoint region: Cleanup
[2023-10-31T09:13:36.738+0000][2784.033s][info ][safepoint     ] Leaving safepoint region
[2023-10-31T09:13:36.739+0000][2784.034s][info ][safepoint     ] Total time for which application threads were stopped: 0.0021446 seconds, Stopping threads took: 0.0009333 seconds
[2023-10-31T09:13:37.740+0000][2785.035s][debug][safepoint     ] Safepoint synchronization initiated. (186 threads)
[2023-10-31T09:13:37.741+0000][2785.036s][info ][safepoint     ] Application time: 1.0006179 seconds
[2023-10-31T09:13:37.741+0000][2785.036s][info ][safepoint     ] Entering safepoint region: Cleanup
[2023-10-31T09:13:37.742+0000][2785.036s][info ][safepoint     ] Leaving safepoint region
[2023-10-31T09:13:37.742+0000][2785.037s][info ][safepoint     ] Total time for which application threads were stopped: 0.0007540 seconds, Stopping threads took: 0.0003009 seconds
[2023-10-31T09:13:38.742+0000][2786.037s][debug][safepoint     ] Safepoint synchronization initiated. (186 threads)
[2023-10-31T09:13:38.743+0000][2786.038s][info ][safepoint     ] Application time: 1.0010369 seconds
[2023-10-31T09:13:38.744+0000][2786.039s][info ][safepoint     ] Entering safepoint region: Cleanup
[2023-10-31T09:13:38.744+0000][2786.039s][info ][safepoint     ] Leaving safepoint region
[2023-10-31T09:13:38.745+0000][2786.040s][info ][safepoint     ] Total time for which application threads were stopped: 0.0011835 seconds, Stopping threads took: 0.0005844 seconds
[2023-10-31T09:13:39.745+0000][2787.040s][debug][safepoint     ] Safepoint synchronization initiated. (186 threads)
[2023-10-31T09:13:39.746+0000][2787.041s][info ][safepoint     ] Application time: 1.0010086 seconds
[2023-10-31T09:13:39.747+0000][2787.042s][info ][safepoint     ] Entering safepoint region: Cleanup
[2023-10-31T09:13:39.748+0000][2787.043s][info ][safepoint     ] Leaving safepoint region
[2023-10-31T09:13:39.749+0000][2787.043s][info ][safepoint     ] Total time for which application threads were stopped: 0.0016500 seconds, Stopping threads took: 0.0006499 seconds
[2023-10-31T09:13:40.749+0000][2788.044s][debug][safepoint     ] Safepoint synchronization initiated. (186 threads)
[2023-10-31T09:13:40.750+0000][2788.045s][info ][safepoint     ] Application time: 1.0006240 seconds
[2023-10-31T09:13:40.750+0000][2788.045s][info ][safepoint     ] Entering safepoint region: Cleanup
[2023-10-31T09:13:40.751+0000][2788.046s][info ][safepoint     ] Leaving safepoint region
[2023-10-31T09:13:40.751+0000][2788.046s][info ][safepoint     ] Total time for which application threads were stopped: 0.0009975 seconds, Stopping threads took: 0.0004404 seconds
[2023-10-31T09:13:41.752+0000][2789.047s][debug][safepoint     ] Safepoint synchronization initiated. (186 threads)
[2023-10-31T09:13:41.753+0000][2789.048s][info ][safepoint     ] Application time: 1.0011227 seconds
[2023-10-31T09:13:41.753+0000][2789.048s][info ][safepoint     ] Entering safepoint region: Cleanup
[2023-10-31T09:13:41.754+0000][2789.049s][info ][safepoint     ] Leaving safepoint region
[2023-10-31T09:13:41.754+0000][2789.049s][info ][safepoint     ] Total time for which application threads were stopped: 0.0009946 seconds, Stopping threads took: 0.0003539 seconds
[2023-10-31T09:13:42.755+0000][2790.050s][debug][safepoint     ] Safepoint synchronization initiated. (186 threads)
[2023-10-31T09:13:42.756+0000][2790.051s][info ][safepoint     ] Application time: 1.0016788 seconds
[2023-10-31T09:13:42.757+0000][2790.052s][info ][safepoint     ] Entering safepoint region: Cleanup
[2023-10-31T09:13:42.759+0000][2790.054s][info ][safepoint     ] Leaving safepoint region
[2023-10-31T09:13:42.760+0000][2790.055s][info ][safepoint     ] Total time for which application threads were stopped: 0.0024522 seconds, Stopping threads took: 0.0010227 seconds
[2023-10-31T09:13:43.761+0000][2791.056s][debug][safepoint     ] Safepoint synchronization initiated. (186 threads)
[2023-10-31T09:13:43.762+0000][2791.057s][info ][safepoint     ] Application time: 1.0009961 seconds
[2023-10-31T09:13:43.762+0000][2791.057s][info ][safepoint     ] Entering safepoint region: Cleanup
[2023-10-31T09:13:43.763+0000][2791.058s][info ][safepoint     ] Leaving safepoint region
[2023-10-31T09:13:43.763+0000][2791.058s][info ][safepoint     ] Total time for which application threads were stopped: 0.0012225 seconds, Stopping threads took: 0.0006105 seconds
[2023-10-31T09:13:44.764+0000][2792.059s][debug][safepoint     ] Safepoint synchronization initiated. (186 threads)
[2023-10-31T09:13:44.765+0000][2792.060s][info ][safepoint     ] Application time: 1.0011779 seconds
[2023-10-31T09:13:44.766+0000][2792.061s][info ][safepoint     ] Entering safepoint region: Cleanup
[2023-10-31T09:13:44.767+0000][2792.062s][info ][safepoint     ] Leaving safepoint region
[2023-10-31T09:13:44.767+0000][2792.062s][info ][safepoint     ] Total time for which application threads were stopped: 0.0014932 seconds, Stopping threads took: 0.0006431 seconds
[2023-10-31T09:13:45.768+0000][2793.063s][debug][safepoint     ] Safepoint synchronization initiated. (186 threads)
[2023-10-31T09:13:45.769+0000][2793.063s][info ][safepoint     ] Application time: 1.0007229 seconds
[2023-10-31T09:13:45.769+0000][2793.064s][info ][safepoint     ] Entering safepoint region: Cleanup
[2023-10-31T09:13:45.769+0000][2793.064s][info ][safepoint     ] Leaving safepoint region
[2023-10-31T09:13:45.770+0000][2793.065s][info ][safepoint     ] Total time for which application threads were stopped: 0.0008302 seconds, Stopping threads took: 0.0003274 seconds
[2023-10-31T09:13:46.770+0000][2794.065s][debug][safepoint     ] Safepoint synchronization initiated. (186 threads)
[2023-10-31T09:13:46.772+0000][2794.067s][info ][safepoint     ] Application time: 1.0016963 seconds
[2023-10-31T09:13:46.773+0000][2794.068s][info ][safepoint     ] Entering safepoint region: Cleanup
[2023-10-31T09:13:46.774+0000][2794.069s][info ][safepoint     ] Leaving safepoint region
[2023-10-31T09:13:46.775+0000][2794.070s][info ][safepoint     ] Total time for which application threads were stopped: 0.0022751 seconds, Stopping threads took: 0.0010822 seconds
[2023-10-31T09:13:47.776+0000][2795.071s][debug][safepoint     ] Safepoint synchronization initiated. (186 threads)
[2023-10-31T09:13:47.777+0000][2795.071s][info ][safepoint     ] Application time: 1.0009843 seconds
[2023-10-31T09:13:47.777+0000][2795.072s][info ][safepoint     ] Entering safepoint region: Cleanup
[2023-10-31T09:13:47.778+0000][2795.073s][info ][safepoint     ] Leaving safepoint region
[2023-10-31T09:13:47.779+0000][2795.074s][info ][safepoint     ] Total time for which application threads were stopped: 0.0015855 seconds, Stopping threads took: 0.0006264 seconds
[2023-10-31T09:13:48.779+0000][2796.074s][debug][safepoint     ] Safepoint synchronization initiated. (186 threads)
[2023-10-31T09:13:48.780+0000][2796.075s][info ][safepoint     ] Application time: 1.0006869 seconds
[2023-10-31T09:13:48.781+0000][2796.076s][info ][safepoint     ] Entering safepoint region: Cleanup
[2023-10-31T09:13:48.781+0000][2796.076s][info ][safepoint     ] Leaving safepoint region
[2023-10-31T09:13:48.782+0000][2796.077s][info ][safepoint     ] Total time for which application threads were stopped: 0.0010815 seconds, Stopping threads took: 0.0005034 seconds
[2023-10-31T09:13:49.782+0000][2797.077s][debug][safepoint     ] Safepoint synchronization initiated. (186 threads)
[2023-10-31T09:13:49.783+0000][2797.078s][info ][safepoint     ] Application time: 1.0014436 seconds
[2023-10-31T09:13:49.784+0000][2797.079s][info ][safepoint     ] Entering safepoint region: Cleanup
[2023-10-31T09:13:49.786+0000][2797.080s][info ][safepoint     ] Leaving safepoint region
[2023-10-31T09:13:49.786+0000][2797.081s][info ][safepoint     ] Total time for which application threads were stopped: 0.0019142 seconds, Stopping threads took: 0.0008236 seconds
[2023-10-31T09:13:50.787+0000][2798.082s][debug][safepoint     ] Safepoint synchronization initiated. (186 threads)
[2023-10-31T09:13:50.788+0000][2798.083s][info ][safepoint     ] Application time: 1.0007193 seconds
[2023-10-31T09:13:50.788+0000][2798.083s][info ][safepoint     ] Entering safepoint region: Cleanup
[2023-10-31T09:13:50.789+0000][2798.084s][info ][safepoint     ] Leaving safepoint region
[2023-10-31T09:13:50.790+0000][2798.085s][info ][safepoint     ] Total time for which application threads were stopped: 0.0016037 seconds, Stopping threads took: 0.0009994 seconds
[2023-10-31T09:13:51.791+0000][2799.085s][debug][safepoint     ] Safepoint synchronization initiated. (186 threads)
[2023-10-31T09:13:51.791+0000][2799.086s][info ][safepoint     ] Application time: 1.0009043 seconds
[2023-10-31T09:13:51.792+0000][2799.087s][info ][safepoint     ] Entering safepoint region: Cleanup
[2023-10-31T09:13:51.792+0000][2799.087s][info ][safepoint     ] Leaving safepoint region
[2023-10-31T09:13:51.793+0000][2799.088s][info ][safepoint     ] Total time for which application threads were stopped: 0.0010399 seconds, Stopping threads took: 0.0004465 seconds
[2023-10-31T09:13:52.793+0000][2800.088s][debug][safepoint     ] Safepoint synchronization initiated. (186 threads)
[2023-10-31T09:13:52.794+0000][2800.089s][info ][safepoint     ] Application time: 1.0009547 seconds
[2023-10-31T09:13:52.795+0000][2800.090s][info ][safepoint     ] Entering safepoint region: Cleanup
[2023-10-31T09:13:52.796+0000][2800.091s][info ][safepoint     ] Leaving safepoint region
[2023-10-31T09:13:52.796+0000][2800.091s][info ][safepoint     ] Total time for which application threads were stopped: 0.0016393 seconds, Stopping threads took: 0.0006745 seconds
[2023-10-31T09:13:53.797+0000][2801.092s][debug][safepoint     ] Safepoint synchronization initiated. (186 threads)
[2023-10-31T09:13:53.798+0000][2801.093s][info ][safepoint     ] Application time: 1.0013114 seconds
[2023-10-31T09:13:53.799+0000][2801.094s][info ][safepoint     ] Entering safepoint region: Cleanup
[2023-10-31T09:13:53.801+0000][2801.095s][info ][safepoint     ] Leaving safepoint region
[2023-10-31T09:13:53.801+0000][2801.096s][info ][safepoint     ] Total time for which application threads were stopped: 0.0021835 seconds, Stopping threads took: 0.0009524 seconds
[2023-10-31T09:13:54.802+0000][2802.097s][debug][safepoint     ] Safepoint synchronization initiated. (186 threads)
[2023-10-31T09:13:54.803+0000][2802.098s][info ][safepoint     ] Application time: 1.0010032 seconds
[2023-10-31T09:13:54.804+0000][2802.099s][info ][safepoint     ] Entering safepoint region: Cleanup
[2023-10-31T09:13:54.805+0000][2802.100s][info ][safepoint     ] Leaving safepoint region
[2023-10-31T09:13:54.806+0000][2802.100s][info ][safepoint     ] Total time for which application threads were stopped: 0.0017415 seconds, Stopping threads took: 0.0007160 seconds
[2023-10-31T09:13:55.806+0000][2803.101s][debug][safepoint     ] Safepoint synchronization initiated. (186 threads)
[2023-10-31T09:13:55.807+0000][2803.102s][info ][safepoint     ] Application time: 1.0005787 seconds
[2023-10-31T09:13:55.807+0000][2803.102s][info ][safepoint     ] Entering safepoint region: Cleanup
[2023-10-31T09:13:55.808+0000][2803.103s][info ][safepoint     ] Leaving safepoint region
[2023-10-31T09:13:55.808+0000][2803.103s][info ][safepoint     ] Total time for which application threads were stopped: 0.0007692 seconds, Stopping threads took: 0.0003059 seconds
[2023-10-31T09:13:56.808+0000][2804.103s][debug][safepoint     ] Safepoint synchronization initiated. (186 threads)
[2023-10-31T09:13:56.809+0000][2804.104s][info ][safepoint     ] Application time: 1.0006233 seconds
[2023-10-31T09:13:56.809+0000][2804.104s][info ][safepoint     ] Entering safepoint region: Cleanup
[2023-10-31T09:13:56.810+0000][2804.105s][info ][safepoint     ] Leaving safepoint region
[2023-10-31T09:13:56.810+0000][2804.105s][info ][safepoint     ] Total time for which application threads were stopped: 0.0009870 seconds, Stopping threads took: 0.0003577 seconds
[2023-10-31T09:13:57.811+0000][2805.106s][debug][safepoint     ] Safepoint synchronization initiated. (186 threads)
[2023-10-31T09:13:57.811+0000][2805.106s][info ][safepoint     ] Application time: 1.0005243 seconds
[2023-10-31T09:13:57.811+0000][2805.106s][info ][safepoint     ] Entering safepoint region: Cleanup
[2023-10-31T09:13:57.812+0000][2805.107s][info ][safepoint     ] Leaving safepoint region
[2023-10-31T09:13:57.812+0000][2805.107s][info ][safepoint     ] Total time for which application threads were stopped: 0.0007590 seconds, Stopping threads took: 0.0003178 seconds
[2023-10-31T09:13:58.813+0000][2806.108s][debug][safepoint     ] Safepoint synchronization initiated. (186 threads)
[2023-10-31T09:13:58.813+0000][2806.108s][info ][safepoint     ] Application time: 1.0008455 seconds
[2023-10-31T09:13:58.814+0000][2806.109s][info ][safepoint     ] Entering safepoint region: Cleanup
[2023-10-31T09:13:58.815+0000][2806.110s][info ][safepoint     ] Leaving safepoint region
[2023-10-31T09:13:58.815+0000][2806.110s][info ][safepoint     ] Total time for which application threads were stopped: 0.0014807 seconds, Stopping threads took: 0.0006586 seconds
[2023-10-31T09:13:59.816+0000][2807.111s][debug][safepoint     ] Safepoint synchronization initiated. (186 threads)
[2023-10-31T09:13:59.817+0000][2807.112s][info ][safepoint     ] Application time: 1.0014771 seconds
[2023-10-31T09:13:59.818+0000][2807.113s][info ][safepoint     ] Entering safepoint region: Cleanup
[2023-10-31T09:13:59.819+0000][2807.114s][info ][safepoint     ] Leaving safepoint region
[2023-10-31T09:13:59.820+0000][2807.115s][info ][safepoint     ] Total time for which application threads were stopped: 0.0020630 seconds, Stopping threads took: 0.0009173 seconds
[2023-10-31T09:14:00.821+0000][2808.116s][debug][safepoint     ] Safepoint synchronization initiated. (186 threads)
[2023-10-31T09:14:00.822+0000][2808.117s][info ][safepoint     ] Application time: 1.0011262 seconds
[2023-10-31T09:14:00.823+0000][2808.118s][info ][safepoint     ] Entering safepoint region: Cleanup
[2023-10-31T09:14:00.824+0000][2808.119s][info ][safepoint     ] Leaving safepoint region
[2023-10-31T09:14:00.825+0000][2808.120s][info ][safepoint     ] Total time for which application threads were stopped: 0.0018455 seconds, Stopping threads took: 0.0008535 seconds
[2023-10-31T09:14:01.826+0000][2809.120s][debug][safepoint     ] Safepoint synchronization initiated. (186 threads)
[2023-10-31T09:14:01.826+0000][2809.121s][info ][safepoint     ] Application time: 1.0008814 seconds
[2023-10-31T09:14:01.827+0000][2809.122s][info ][safepoint     ] Entering safepoint region: Cleanup
[2023-10-31T09:14:01.827+0000][2809.122s][info ][safepoint     ] Leaving safepoint region
[2023-10-31T09:14:01.828+0000][2809.123s][info ][safepoint     ] Total time for which application threads were stopped: 0.0011564 seconds, Stopping threads took: 0.0004794 seconds
[2023-10-31T09:14:02.829+0000][2810.124s][debug][safepoint     ] Safepoint synchronization initiated. (186 threads)
[2023-10-31T09:14:02.830+0000][2810.124s][info ][safepoint     ] Application time: 1.0011188 seconds
[2023-10-31T09:14:02.830+0000][2810.125s][info ][safepoint     ] Entering safepoint region: Cleanup
[2023-10-31T09:14:02.831+0000][2810.126s][info ][safepoint     ] Leaving safepoint region
[2023-10-31T09:14:02.832+0000][2810.126s][info ][safepoint     ] Total time for which application threads were stopped: 0.0013386 seconds, Stopping threads took: 0.0005012 seconds
[2023-10-31T09:14:03.832+0000][2811.127s][debug][safepoint     ] Safepoint synchronization initiated. (186 threads)
[2023-10-31T09:14:03.833+0000][2811.128s][info ][safepoint     ] Application time: 1.0012425 seconds
[2023-10-31T09:14:03.834+0000][2811.129s][info ][safepoint     ] Entering safepoint region: Cleanup
[2023-10-31T09:14:03.835+0000][2811.130s][info ][safepoint     ] Leaving safepoint region
[2023-10-31T09:14:03.836+0000][2811.131s][info ][safepoint     ] Total time for which application threads were stopped: 0.0017974 seconds, Stopping threads took: 0.0007797 seconds
[2023-10-31T09:14:04.837+0000][2812.132s][debug][safepoint     ] Safepoint synchronization initiated. (186 threads)
[2023-10-31T09:14:04.838+0000][2812.133s][info ][safepoint     ] Application time: 1.0012409 seconds
[2023-10-31T09:14:04.839+0000][2812.134s][info ][safepoint     ] Entering safepoint region: Cleanup
[2023-10-31T09:14:04.840+0000][2812.135s][info ][safepoint     ] Leaving safepoint region
[2023-10-31T09:14:04.841+0000][2812.136s][info ][safepoint     ] Total time for which application threads were stopped: 0.0019830 seconds, Stopping threads took: 0.0010813 seconds
[2023-10-31T09:14:05.842+0000][2813.137s][debug][safepoint     ] Safepoint synchronization initiated. (186 threads)
[2023-10-31T09:14:05.842+0000][2813.137s][info ][safepoint     ] Application time: 1.0009380 seconds
[2023-10-31T09:14:05.843+0000][2813.138s][info ][safepoint     ] Entering safepoint region: Cleanup
[2023-10-31T09:14:05.844+0000][2813.139s][info ][safepoint     ] Leaving safepoint region
[2023-10-31T09:14:05.844+0000][2813.139s][info ][safepoint     ] Total time for which application threads were stopped: 0.0011306 seconds, Stopping threads took: 0.0004556 seconds
[2023-10-31T09:14:06.845+0000][2814.140s][debug][safepoint     ] Safepoint synchronization initiated. (186 threads)
[2023-10-31T09:14:06.846+0000][2814.141s][info ][safepoint     ] Application time: 1.0009981 seconds
[2023-10-31T09:14:06.846+0000][2814.141s][info ][safepoint     ] Entering safepoint region: Cleanup
[2023-10-31T09:14:06.847+0000][2814.142s][info ][safepoint     ] Leaving safepoint region
[2023-10-31T09:14:06.848+0000][2814.142s][info ][safepoint     ] Total time for which application threads were stopped: 0.0014905 seconds, Stopping threads took: 0.0006056 seconds
[2023-10-31T09:14:07.848+0000][2815.143s][debug][safepoint     ] Safepoint synchronization initiated. (186 threads)
[2023-10-31T09:14:07.849+0000][2815.144s][info ][safepoint     ] Application time: 1.0014487 seconds
[2023-10-31T09:14:07.850+0000][2815.145s][info ][safepoint     ] Entering safepoint region: Cleanup
[2023-10-31T09:14:07.851+0000][2815.146s][info ][safepoint     ] Leaving safepoint region
[2023-10-31T09:14:07.852+0000][2815.147s][info ][safepoint     ] Total time for which application threads were stopped: 0.0013173 seconds, Stopping threads took: 0.0005872 seconds
[2023-10-31T09:14:08.852+0000][2816.147s][debug][safepoint     ] Safepoint synchronization initiated. (186 threads)
[2023-10-31T09:14:08.853+0000][2816.148s][info ][safepoint     ] Application time: 1.0010028 seconds
[2023-10-31T09:14:08.854+0000][2816.149s][info ][safepoint     ] Entering safepoint region: Cleanup
[2023-10-31T09:14:08.855+0000][2816.150s][info ][safepoint     ] Leaving safepoint region
[2023-10-31T09:14:08.856+0000][2816.151s][info ][safepoint     ] Total time for which application threads were stopped: 0.0017495 seconds, Stopping threads took: 0.0007848 seconds
[2023-10-31T09:14:09.857+0000][2817.152s][debug][safepoint     ] Safepoint synchronization initiated. (186 threads)
[2023-10-31T09:14:09.857+0000][2817.152s][info ][safepoint     ] Application time: 1.0008570 seconds
[2023-10-31T09:14:09.858+0000][2817.153s][info ][safepoint     ] Entering safepoint region: Cleanup
[2023-10-31T09:14:09.859+0000][2817.154s][info ][safepoint     ] Leaving safepoint region
[2023-10-31T09:14:09.859+0000][2817.154s][info ][safepoint     ] Total time for which application threads were stopped: 0.0013045 seconds, Stopping threads took: 0.0005502 seconds
[2023-10-31T09:14:10.860+0000][2818.155s][debug][safepoint     ] Safepoint synchronization initiated. (186 threads)
[2023-10-31T09:14:10.860+0000][2818.155s][info ][safepoint     ] Application time: 1.0008334 seconds
[2023-10-31T09:14:10.861+0000][2818.156s][info ][safepoint     ] Entering safepoint region: Cleanup
[2023-10-31T09:14:10.862+0000][2818.157s][info ][safepoint     ] Leaving safepoint region
[2023-10-31T09:14:10.863+0000][2818.157s][info ][safepoint     ] Total time for which application threads were stopped: 0.0014154 seconds, Stopping threads took: 0.0006405 seconds
[2023-10-31T09:14:11.863+0000][2819.158s][debug][safepoint     ] Safepoint synchronization initiated. (186 threads)
[2023-10-31T09:14:11.864+0000][2819.159s][info ][safepoint     ] Application time: 1.0009559 seconds
[2023-10-31T09:14:11.865+0000][2819.160s][info ][safepoint     ] Entering safepoint region: Cleanup
[2023-10-31T09:14:11.866+0000][2819.161s][info ][safepoint     ] Leaving safepoint region
[2023-10-31T09:14:11.866+0000][2819.161s][info ][safepoint     ] Total time for which application threads were stopped: 0.0013933 seconds, Stopping threads took: 0.0005458 seconds
[2023-10-31T09:14:12.867+0000][2820.162s][debug][safepoint     ] Safepoint synchronization initiated. (186 threads)
[2023-10-31T09:14:12.868+0000][2820.162s][info ][safepoint     ] Application time: 1.0007088 seconds
[2023-10-31T09:14:12.868+0000][2820.163s][info ][safepoint     ] Entering safepoint region: Cleanup
[2023-10-31T09:14:12.869+0000][2820.163s][info ][safepoint     ] Leaving safepoint region
[2023-10-31T09:14:12.869+0000][2820.164s][info ][safepoint     ] Total time for which application threads were stopped: 0.0011039 seconds, Stopping threads took: 0.0004479 seconds
[2023-10-31T09:14:13.870+0000][2821.164s][debug][safepoint     ] Safepoint synchronization initiated. (186 threads)
[2023-10-31T09:14:13.870+0000][2821.165s][info ][safepoint     ] Application time: 1.0004474 seconds
[2023-10-31T09:14:13.870+0000][2821.165s][info ][safepoint     ] Entering safepoint region: Cleanup
[2023-10-31T09:14:13.871+0000][2821.166s][info ][safepoint     ] Leaving safepoint region
[2023-10-31T09:14:13.871+0000][2821.166s][info ][safepoint     ] Total time for which application threads were stopped: 0.0012258 seconds, Stopping threads took: 0.0005775 seconds
[2023-10-31T09:14:14.872+0000][2822.167s][debug][safepoint     ] Safepoint synchronization initiated. (186 threads)
[2023-10-31T09:14:14.873+0000][2822.168s][info ][safepoint     ] Application time: 1.0010623 seconds
[2023-10-31T09:14:14.874+0000][2822.169s][info ][safepoint     ] Entering safepoint region: Cleanup
[2023-10-31T09:14:14.874+0000][2822.169s][info ][safepoint     ] Leaving safepoint region
[2023-10-31T09:14:14.875+0000][2822.170s][info ][safepoint     ] Total time for which application threads were stopped: 0.0014642 seconds, Stopping threads took: 0.0006187 seconds
[2023-10-31T09:14:15.876+0000][2823.171s][debug][safepoint     ] Safepoint synchronization initiated. (186 threads)
[2023-10-31T09:14:15.876+0000][2823.171s][info ][safepoint     ] Application time: 1.0008653 seconds
[2023-10-31T09:14:15.877+0000][2823.172s][info ][safepoint     ] Entering safepoint region: Cleanup
[2023-10-31T09:14:15.878+0000][2823.173s][info ][safepoint     ] Leaving safepoint region
[2023-10-31T09:14:15.879+0000][2823.174s][info ][safepoint     ] Total time for which application threads were stopped: 0.0018658 seconds, Stopping threads took: 0.0008221 seconds
[2023-10-31T09:14:16.879+0000][2824.174s][debug][safepoint     ] Safepoint synchronization initiated. (186 threads)
[2023-10-31T09:14:16.880+0000][2824.175s][info ][safepoint     ] Application time: 1.0010218 seconds
[2023-10-31T09:14:16.881+0000][2824.176s][info ][safepoint     ] Entering safepoint region: Cleanup
[2023-10-31T09:14:16.882+0000][2824.177s][info ][safepoint     ] Leaving safepoint region
[2023-10-31T09:14:16.883+0000][2824.177s][info ][safepoint     ] Total time for which application threads were stopped: 0.0013568 seconds, Stopping threads took: 0.0006527 seconds
[2023-10-31T09:14:17.883+0000][2825.178s][debug][safepoint     ] Safepoint synchronization initiated. (186 threads)
[2023-10-31T09:14:17.884+0000][2825.179s][info ][safepoint     ] Application time: 1.0008450 seconds
[2023-10-31T09:14:17.884+0000][2825.179s][info ][safepoint     ] Entering safepoint region: Cleanup
[2023-10-31T09:14:17.885+0000][2825.180s][info ][safepoint     ] Leaving safepoint region
[2023-10-31T09:14:17.886+0000][2825.181s][info ][safepoint     ] Total time for which application threads were stopped: 0.0012321 seconds, Stopping threads took: 0.0004816 seconds
[2023-10-31T09:14:18.886+0000][2826.181s][debug][safepoint     ] Safepoint synchronization initiated. (186 threads)
[2023-10-31T09:14:18.887+0000][2826.182s][info ][safepoint     ] Application time: 1.0008891 seconds
[2023-10-31T09:14:18.888+0000][2826.182s][info ][safepoint     ] Entering safepoint region: Cleanup
[2023-10-31T09:14:18.888+0000][2826.183s][info ][safepoint     ] Leaving safepoint region
[2023-10-31T09:14:18.889+0000][2826.184s][info ][safepoint     ] Total time for which application threads were stopped: 0.0011655 seconds, Stopping threads took: 0.0004513 seconds
[2023-10-31T09:14:19.889+0000][2827.184s][debug][safepoint     ] Safepoint synchronization initiated. (186 threads)
[2023-10-31T09:14:19.890+0000][2827.185s][info ][safepoint     ] Application time: 1.0006808 seconds
[2023-10-31T09:14:19.890+0000][2827.185s][info ][safepoint     ] Entering safepoint region: Cleanup
[2023-10-31T09:14:19.891+0000][2827.186s][info ][safepoint     ] Leaving safepoint region
[2023-10-31T09:14:19.891+0000][2827.186s][info ][safepoint     ] Total time for which application threads were stopped: 0.0010281 seconds, Stopping threads took: 0.0004665 seconds
[2023-10-31T09:14:20.892+0000][2828.187s][debug][safepoint     ] Safepoint synchronization initiated. (186 threads)
[2023-10-31T09:14:20.893+0000][2828.188s][info ][safepoint     ] Application time: 1.0012014 seconds
[2023-10-31T09:14:20.894+0000][2828.189s][info ][safepoint     ] Entering safepoint region: Cleanup
[2023-10-31T09:14:20.895+0000][2828.190s][info ][safepoint     ] Leaving safepoint region
[2023-10-31T09:14:20.896+0000][2828.191s][info ][safepoint     ] Total time for which application threads were stopped: 0.0020071 seconds, Stopping threads took: 0.0009857 seconds
[2023-10-31T09:14:21.897+0000][2829.192s][debug][safepoint     ] Safepoint synchronization initiated. (186 threads)
[2023-10-31T09:14:21.897+0000][2829.192s][info ][safepoint     ] Application time: 1.0009750 seconds
[2023-10-31T09:14:21.898+0000][2829.193s][info ][safepoint     ] Entering safepoint region: Cleanup
[2023-10-31T09:14:21.898+0000][2829.193s][info ][safepoint     ] Leaving safepoint region
[2023-10-31T09:14:21.899+0000][2829.194s][info ][safepoint     ] Total time for which application threads were stopped: 0.0011197 seconds, Stopping threads took: 0.0004566 seconds
[2023-10-31T09:14:22.900+0000][2830.195s][debug][safepoint     ] Safepoint synchronization initiated. (186 threads)
[2023-10-31T09:14:22.900+0000][2830.195s][info ][safepoint     ] Application time: 1.0007881 seconds
[2023-10-31T09:14:22.901+0000][2830.196s][info ][safepoint     ] Entering safepoint region: Cleanup
[2023-10-31T09:14:22.901+0000][2830.196s][info ][safepoint     ] Leaving safepoint region
[2023-10-31T09:14:22.902+0000][2830.197s][info ][safepoint     ] Total time for which application threads were stopped: 0.0010427 seconds, Stopping threads took: 0.0003332 seconds
[2023-10-31T09:14:23.902+0000][2831.197s][debug][safepoint     ] Safepoint synchronization initiated. (186 threads)
[2023-10-31T09:14:23.903+0000][2831.198s][info ][safepoint     ] Application time: 1.0012981 seconds
[2023-10-31T09:14:23.904+0000][2831.199s][info ][safepoint     ] Entering safepoint region: Cleanup
[2023-10-31T09:14:23.906+0000][2831.200s][info ][safepoint     ] Leaving safepoint region
[2023-10-31T09:14:23.906+0000][2831.201s][info ][safepoint     ] Total time for which application threads were stopped: 0.0018639 seconds, Stopping threads took: 0.0007914 seconds
[2023-10-31T09:14:24.907+0000][2832.202s][debug][safepoint     ] Safepoint synchronization initiated. (186 threads)
[2023-10-31T09:14:24.908+0000][2832.203s][info ][safepoint     ] Application time: 1.0010035 seconds
[2023-10-31T09:14:24.909+0000][2832.203s][info ][safepoint     ] Entering safepoint region: Cleanup
[2023-10-31T09:14:24.909+0000][2832.204s][info ][safepoint     ] Leaving safepoint region
[2023-10-31T09:14:24.910+0000][2832.205s][info ][safepoint     ] Total time for which application threads were stopped: 0.0014420 seconds, Stopping threads took: 0.0006136 seconds
[2023-10-31T09:14:25.911+0000][2833.206s][debug][safepoint     ] Safepoint synchronization initiated. (186 threads)
[2023-10-31T09:14:25.912+0000][2833.207s][info ][safepoint     ] Application time: 1.0014500 seconds
[2023-10-31T09:14:25.913+0000][2833.208s][info ][safepoint     ] Entering safepoint region: Cleanup
[2023-10-31T09:14:25.914+0000][2833.209s][info ][safepoint     ] Leaving safepoint region
[2023-10-31T09:14:25.915+0000][2833.210s][info ][safepoint     ] Total time for which application threads were stopped: 0.0021457 seconds, Stopping threads took: 0.0010626 seconds
[2023-10-31T09:14:26.916+0000][2834.211s][debug][safepoint     ] Safepoint synchronization initiated. (186 threads)
[2023-10-31T09:14:26.917+0000][2834.212s][info ][safepoint     ] Application time: 1.0009578 seconds
[2023-10-31T09:14:26.918+0000][2834.212s][info ][safepoint     ] Entering safepoint region: Cleanup
[2023-10-31T09:14:26.918+0000][2834.213s][info ][safepoint     ] Leaving safepoint region
[2023-10-31T09:14:26.919+0000][2834.214s][info ][safepoint     ] Total time for which application threads were stopped: 0.0015384 seconds, Stopping threads took: 0.0006983 seconds
[2023-10-31T09:14:27.920+0000][2835.215s][debug][safepoint     ] Safepoint synchronization initiated. (186 threads)
[2023-10-31T09:14:27.921+0000][2835.215s][info ][safepoint     ] Application time: 1.0009288 seconds
[2023-10-31T09:14:27.921+0000][2835.216s][info ][safepoint     ] Entering safepoint region: Cleanup
[2023-10-31T09:14:27.922+0000][2835.217s][info ][safepoint     ] Leaving safepoint region
[2023-10-31T09:14:27.922+0000][2835.217s][info ][safepoint     ] Total time for which application threads were stopped: 0.0012369 seconds, Stopping threads took: 0.0005360 seconds
[2023-10-31T09:14:28.924+0000][2836.219s][debug][safepoint     ] Safepoint synchronization initiated. (186 threads)
[2023-10-31T09:14:28.925+0000][2836.220s][info ][safepoint     ] Application time: 1.0012380 seconds
[2023-10-31T09:14:28.926+0000][2836.220s][info ][safepoint     ] Entering safepoint region: Cleanup
[2023-10-31T09:14:28.927+0000][2836.221s][info ][safepoint     ] Leaving safepoint region
[2023-10-31T09:14:28.927+0000][2836.222s][info ][safepoint     ] Total time for which application threads were stopped: 0.0016402 seconds, Stopping threads took: 0.0007435 seconds
[2023-10-31T09:14:28.927+0000][2836.221s][debug][safepoint     ] ... found polling page return exception at pc = 0x00007f62e89d70c4, stub =0x00007f62e0840600
[2023-10-31T09:14:28.927+0000][2836.221s][debug][safepoint     ] ... found polling page return exception at pc = 0x00007f62e89d70c4, stub =0x00007f62e0840600
[2023-10-31T09:14:28.927+0000][2836.221s][debug][safepoint     ] ... found polling page return exception at pc = 0x00007f62e89d70c4, stub =0x00007f62e0840600
[2023-10-31T09:14:29.928+0000][2837.223s][debug][safepoint     ] Safepoint synchronization initiated. (186 threads)
[2023-10-31T09:14:29.929+0000][2837.224s][info ][safepoint     ] Application time: 1.0009314 seconds
[2023-10-31T09:14:29.929+0000][2837.224s][info ][safepoint     ] Entering safepoint region: Cleanup
[2023-10-31T09:14:29.930+0000][2837.225s][info ][safepoint     ] Leaving safepoint region
[2023-10-31T09:14:29.931+0000][2837.226s][info ][safepoint     ] Total time for which application threads were stopped: 0.0015026 seconds, Stopping threads took: 0.0006646 seconds
[2023-10-31T09:14:30.932+0000][2838.227s][debug][safepoint     ] Safepoint synchronization initiated. (186 threads)
[2023-10-31T09:14:30.932+0000][2838.227s][info ][safepoint     ] Application time: 1.0005336 seconds
[2023-10-31T09:14:30.932+0000][2838.227s][info ][safepoint     ] Entering safepoint region: Cleanup
[2023-10-31T09:14:30.933+0000][2838.228s][info ][safepoint     ] Leaving safepoint region
[2023-10-31T09:14:30.933+0000][2838.228s][info ][safepoint     ] Total time for which application threads were stopped: 0.0009701 seconds, Stopping threads took: 0.0004309 seconds
[2023-10-31T09:14:31.934+0000][2839.229s][debug][safepoint     ] Safepoint synchronization initiated. (186 threads)
[2023-10-31T09:14:31.935+0000][2839.230s][info ][safepoint     ] Application time: 1.0009242 seconds
[2023-10-31T09:14:31.935+0000][2839.230s][info ][safepoint     ] Entering safepoint region: Cleanup
[2023-10-31T09:14:31.936+0000][2839.231s][info ][safepoint     ] Leaving safepoint region
[2023-10-31T09:14:31.937+0000][2839.232s][info ][safepoint     ] Total time for which application threads were stopped: 0.0014684 seconds, Stopping threads took: 0.0006730 seconds
[2023-10-31T09:14:32.937+0000][2840.232s][debug][safepoint     ] Safepoint synchronization initiated. (186 threads)
[2023-10-31T09:14:32.938+0000][2840.233s][info ][safepoint     ] Application time: 1.0010653 seconds
[2023-10-31T09:14:32.939+0000][2840.234s][info ][safepoint     ] Entering safepoint region: Cleanup
[2023-10-31T09:14:32.940+0000][2840.235s][info ][safepoint     ] Leaving safepoint region
[2023-10-31T09:14:32.941+0000][2840.236s][info ][safepoint     ] Total time for which application threads were stopped: 0.0016589 seconds, Stopping threads took: 0.0007377 seconds
[2023-10-31T09:14:33.942+0000][2841.236s][debug][safepoint     ] Safepoint synchronization initiated. (186 threads)
[2023-10-31T09:14:33.942+0000][2841.237s][info ][safepoint     ] Application time: 1.0008046 seconds
[2023-10-31T09:14:33.943+0000][2841.237s][info ][safepoint     ] Entering safepoint region: Cleanup
[2023-10-31T09:14:33.943+0000][2841.238s][info ][safepoint     ] Leaving safepoint region
[2023-10-31T09:14:33.944+0000][2841.238s][info ][safepoint     ] Total time for which application threads were stopped: 0.0010363 seconds, Stopping threads took: 0.0004841 seconds
[2023-10-31T09:14:34.944+0000][2842.239s][debug][safepoint     ] Safepoint synchronization initiated. (186 threads)
[2023-10-31T09:14:34.945+0000][2842.240s][info ][safepoint     ] Application time: 1.0012249 seconds
[2023-10-31T09:14:34.946+0000][2842.241s][info ][safepoint     ] Entering safepoint region: Cleanup
[2023-10-31T09:14:34.947+0000][2842.242s][info ][safepoint     ] Leaving safepoint region
[2023-10-31T09:14:34.948+0000][2842.243s][info ][safepoint     ] Total time for which application threads were stopped: 0.0018182 seconds, Stopping threads took: 0.0007816 seconds
[2023-10-31T09:14:35.949+0000][2843.244s][debug][safepoint     ] Safepoint synchronization initiated. (186 threads)
[2023-10-31T09:14:35.950+0000][2843.245s][info ][safepoint     ] Application time: 1.0010525 seconds
[2023-10-31T09:14:35.950+0000][2843.245s][info ][safepoint     ] Entering safepoint region: Cleanup
[2023-10-31T09:14:35.951+0000][2843.246s][info ][safepoint     ] Leaving safepoint region
[2023-10-31T09:14:35.952+0000][2843.246s][info ][safepoint     ] Total time for which application threads were stopped: 0.0012664 seconds, Stopping threads took: 0.0006434 seconds
[2023-10-31T09:14:36.952+0000][2844.247s][debug][safepoint     ] Safepoint synchronization initiated. (186 threads)
[2023-10-31T09:14:36.953+0000][2844.248s][info ][safepoint     ] Application time: 1.0008611 seconds
[2023-10-31T09:14:36.953+0000][2844.248s][info ][safepoint     ] Entering safepoint region: Cleanup
[2023-10-31T09:14:36.954+0000][2844.249s][info ][safepoint     ] Leaving safepoint region
[2023-10-31T09:14:36.955+0000][2844.250s][info ][safepoint     ] Total time for which application threads were stopped: 0.0012815 seconds, Stopping threads took: 0.0006299 seconds
[2023-10-31T09:14:37.955+0000][2845.250s][debug][safepoint     ] Safepoint synchronization initiated. (186 threads)
[2023-10-31T09:14:37.956+0000][2845.251s][info ][safepoint     ] Application time: 1.0009629 seconds
[2023-10-31T09:14:37.957+0000][2845.252s][info ][safepoint     ] Entering safepoint region: Cleanup
[2023-10-31T09:14:37.958+0000][2845.252s][info ][safepoint     ] Leaving safepoint region
[2023-10-31T09:14:37.958+0000][2845.253s][info ][safepoint     ] Total time for which application threads were stopped: 0.0013703 seconds, Stopping threads took: 0.0005922 seconds
[2023-10-31T09:14:38.959+0000][2846.254s][debug][safepoint     ] Safepoint synchronization initiated. (186 threads)
[2023-10-31T09:14:38.960+0000][2846.255s][info ][safepoint     ] Application time: 1.0014188 seconds
[2023-10-31T09:14:38.961+0000][2846.256s][info ][safepoint     ] Entering safepoint region: Cleanup
[2023-10-31T09:14:38.963+0000][2846.258s][info ][safepoint     ] Leaving safepoint region
[2023-10-31T09:14:38.963+0000][2846.258s][info ][safepoint     ] Total time for which application threads were stopped: 0.0024007 seconds, Stopping threads took: 0.0013445 seconds
[2023-10-31T09:14:39.964+0000][2847.259s][debug][safepoint     ] Safepoint synchronization initiated. (186 threads)
[2023-10-31T09:14:39.965+0000][2847.260s][info ][safepoint     ] Application time: 1.0009402 seconds
[2023-10-31T09:14:39.965+0000][2847.260s][info ][safepoint     ] Entering safepoint region: Cleanup
[2023-10-31T09:14:39.966+0000][2847.261s][info ][safepoint     ] Leaving safepoint region
[2023-10-31T09:14:39.967+0000][2847.261s][info ][safepoint     ] Total time for which application threads were stopped: 0.0011479 seconds, Stopping threads took: 0.0004291 seconds
[2023-10-31T09:14:40.967+0000][2848.262s][debug][safepoint     ] Safepoint synchronization initiated. (186 threads)
[2023-10-31T09:14:40.968+0000][2848.263s][info ][safepoint     ] Application time: 1.0011473 seconds
[2023-10-31T09:14:40.969+0000][2848.264s][info ][safepoint     ] Entering safepoint region: Cleanup
[2023-10-31T09:14:40.970+0000][2848.265s][info ][safepoint     ] Leaving safepoint region
[2023-10-31T09:14:40.971+0000][2848.266s][info ][safepoint     ] Total time for which application threads were stopped: 0.0018005 seconds, Stopping threads took: 0.0007616 seconds
[2023-10-31T09:14:41.972+0000][2849.267s][debug][safepoint     ] Safepoint synchronization initiated. (186 threads)
[2023-10-31T09:14:41.972+0000][2849.267s][info ][safepoint     ] Application time: 1.0008036 seconds
[2023-10-31T09:14:41.973+0000][2849.268s][info ][safepoint     ] Entering safepoint region: Cleanup
[2023-10-31T09:14:41.973+0000][2849.268s][info ][safepoint     ] Leaving safepoint region
[2023-10-31T09:14:41.974+0000][2849.269s][info ][safepoint     ] Total time for which application threads were stopped: 0.0011921 seconds, Stopping threads took: 0.0005353 seconds
[2023-10-31T09:14:42.975+0000][2850.269s][debug][safepoint     ] Safepoint synchronization initiated. (186 threads)
[2023-10-31T09:14:42.975+0000][2850.270s][info ][safepoint     ] Application time: 1.0007265 seconds
[2023-10-31T09:14:42.976+0000][2850.270s][info ][safepoint     ] Entering safepoint region: Cleanup
[2023-10-31T09:14:42.976+0000][2850.271s][info ][safepoint     ] Leaving safepoint region
[2023-10-31T09:14:42.977+0000][2850.272s][info ][safepoint     ] Total time for which application threads were stopped: 0.0014699 seconds, Stopping threads took: 0.0006862 seconds
[2023-10-31T09:14:43.978+0000][2851.272s][debug][safepoint     ] Safepoint synchronization initiated. (186 threads)
[2023-10-31T09:14:43.978+0000][2851.273s][info ][safepoint     ] Application time: 1.0006447 seconds
[2023-10-31T09:14:43.979+0000][2851.273s][info ][safepoint     ] Entering safepoint region: Cleanup
[2023-10-31T09:14:43.979+0000][2851.274s][info ][safepoint     ] Leaving safepoint region
[2023-10-31T09:14:43.980+0000][2851.275s][info ][safepoint     ] Total time for which application threads were stopped: 0.0011443 seconds, Stopping threads took: 0.0004786 seconds
[2023-10-31T09:14:44.980+0000][2852.275s][debug][safepoint     ] Safepoint synchronization initiated. (186 threads)
[2023-10-31T09:14:44.981+0000][2852.276s][info ][safepoint     ] Application time: 1.0006793 seconds
[2023-10-31T09:14:44.981+0000][2852.276s][info ][safepoint     ] Entering safepoint region: Cleanup
[2023-10-31T09:14:44.982+0000][2852.277s][info ][safepoint     ] Leaving safepoint region
[2023-10-31T09:14:44.982+0000][2852.277s][info ][safepoint     ] Total time for which application threads were stopped: 0.0011452 seconds, Stopping threads took: 0.0005350 seconds
[2023-10-31T09:14:45.983+0000][2853.278s][debug][safepoint     ] Safepoint synchronization initiated. (186 threads)
[2023-10-31T09:14:45.983+0000][2853.278s][info ][safepoint     ] Application time: 1.0005438 seconds
[2023-10-31T09:14:45.984+0000][2853.278s][info ][safepoint     ] Entering safepoint region: Cleanup
[2023-10-31T09:14:45.984+0000][2853.279s][info ][safepoint     ] Leaving safepoint region
[2023-10-31T09:14:45.984+0000][2853.279s][info ][safepoint     ] Total time for which application threads were stopped: 0.0009206 seconds, Stopping threads took: 0.0003516 seconds
[2023-10-31T09:14:46.985+0000][2854.280s][debug][safepoint     ] Safepoint synchronization initiated. (186 threads)
[2023-10-31T09:14:46.986+0000][2854.281s][info ][safepoint     ] Application time: 1.0009708 seconds
[2023-10-31T09:14:46.987+0000][2854.281s][info ][safepoint     ] Entering safepoint region: Cleanup
[2023-10-31T09:14:46.987+0000][2854.282s][info ][safepoint     ] Leaving safepoint region
[2023-10-31T09:14:46.988+0000][2854.283s][info ][safepoint     ] Total time for which application threads were stopped: 0.0013756 seconds, Stopping threads took: 0.0005834 seconds
[2023-10-31T09:14:47.989+0000][2855.284s][debug][safepoint     ] Safepoint synchronization initiated. (186 threads)
[2023-10-31T09:14:47.990+0000][2855.285s][info ][safepoint     ] Application time: 1.0012041 seconds
[2023-10-31T09:14:47.990+0000][2855.285s][info ][safepoint     ] Entering safepoint region: Cleanup
[2023-10-31T09:14:47.991+0000][2855.286s][info ][safepoint     ] Leaving safepoint region
[2023-10-31T09:14:47.992+0000][2855.287s][info ][safepoint     ] Total time for which application threads were stopped: 0.0015903 seconds, Stopping threads took: 0.0007098 seconds
[2023-10-31T09:14:48.993+0000][2856.288s][debug][safepoint     ] Safepoint synchronization initiated. (186 threads)
[2023-10-31T09:14:48.994+0000][2856.289s][info ][safepoint     ] Application time: 1.0012201 seconds
[2023-10-31T09:14:48.995+0000][2856.290s][info ][safepoint     ] Entering safepoint region: Cleanup
[2023-10-31T09:14:48.996+0000][2856.291s][info ][safepoint     ] Leaving safepoint region
[2023-10-31T09:14:48.996+0000][2856.291s][info ][safepoint     ] Total time for which application threads were stopped: 0.0016925 seconds, Stopping threads took: 0.0007429 seconds
[2023-10-31T09:14:49.997+0000][2857.292s][debug][safepoint     ] Safepoint synchronization initiated. (186 threads)
[2023-10-31T09:14:49.998+0000][2857.293s][info ][safepoint     ] Application time: 1.0006519 seconds
[2023-10-31T09:14:49.998+0000][2857.293s][info ][safepoint     ] Entering safepoint region: Cleanup
[2023-10-31T09:14:49.999+0000][2857.294s][info ][safepoint     ] Leaving safepoint region
[2023-10-31T09:14:49.999+0000][2857.294s][info ][safepoint     ] Total time for which application threads were stopped: 0.0009851 seconds, Stopping threads took: 0.0004238 seconds
[2023-10-31T09:14:50.999+0000][2858.294s][debug][safepoint     ] Safepoint synchronization initiated. (186 threads)
[2023-10-31T09:14:51.000+0000][2858.295s][info ][safepoint     ] Application time: 1.0005844 seconds
[2023-10-31T09:14:51.000+0000][2858.295s][info ][safepoint     ] Entering safepoint region: Cleanup
[2023-10-31T09:14:51.001+0000][2858.296s][info ][safepoint     ] Leaving safepoint region
[2023-10-31T09:14:51.001+0000][2858.296s][info ][safepoint     ] Total time for which application threads were stopped: 0.0009923 seconds, Stopping threads took: 0.0004374 seconds
[2023-10-31T09:14:52.002+0000][2859.297s][debug][safepoint     ] Safepoint synchronization initiated. (186 threads)
[2023-10-31T09:14:52.002+0000][2859.297s][info ][safepoint     ] Application time: 1.0007500 seconds
[2023-10-31T09:14:52.003+0000][2859.298s][info ][safepoint     ] Entering safepoint region: Cleanup
[2023-10-31T09:14:52.003+0000][2859.298s][info ][safepoint     ] Leaving safepoint region
[2023-10-31T09:14:52.004+0000][2859.299s][info ][safepoint     ] Total time for which application threads were stopped: 0.0011646 seconds, Stopping threads took: 0.0004846 seconds
[2023-10-31T09:14:53.004+0000][2860.299s][debug][safepoint     ] Safepoint synchronization initiated. (186 threads)
[2023-10-31T09:14:53.005+0000][2860.300s][info ][safepoint     ] Application time: 1.0005385 seconds
[2023-10-31T09:14:53.005+0000][2860.300s][info ][safepoint     ] Entering safepoint region: Cleanup
[2023-10-31T09:14:53.006+0000][2860.301s][info ][safepoint     ] Leaving safepoint region
[2023-10-31T09:14:53.006+0000][2860.301s][info ][safepoint     ] Total time for which application threads were stopped: 0.0008010 seconds, Stopping threads took: 0.0003521 seconds
[2023-10-31T09:14:54.006+0000][2861.301s][debug][safepoint     ] Safepoint synchronization initiated. (186 threads)
[2023-10-31T09:14:54.007+0000][2861.302s][info ][safepoint     ] Application time: 1.0005209 seconds
[2023-10-31T09:14:54.007+0000][2861.302s][info ][safepoint     ] Entering safepoint region: Cleanup
[2023-10-31T09:14:54.008+0000][2861.302s][info ][safepoint     ] Leaving safepoint region
[2023-10-31T09:14:54.008+0000][2861.303s][info ][safepoint     ] Total time for which application threads were stopped: 0.0007530 seconds, Stopping threads took: 0.0003094 seconds
[2023-10-31T09:14:55.008+0000][2862.303s][debug][safepoint     ] Safepoint synchronization initiated. (186 threads)
[2023-10-31T09:14:55.009+0000][2862.304s][info ][safepoint     ] Application time: 1.0010176 seconds
[2023-10-31T09:14:55.010+0000][2862.305s][info ][safepoint     ] Entering safepoint region: Cleanup
[2023-10-31T09:14:55.010+0000][2862.305s][info ][safepoint     ] Leaving safepoint region
[2023-10-31T09:14:55.011+0000][2862.306s][info ][safepoint     ] Total time for which application threads were stopped: 0.0010905 seconds, Stopping threads took: 0.0005028 seconds
[2023-10-31T09:14:56.011+0000][2863.306s][debug][safepoint     ] Safepoint synchronization initiated. (186 threads)
[2023-10-31T09:14:56.012+0000][2863.307s][info ][safepoint     ] Application time: 1.0005480 seconds
[2023-10-31T09:14:56.012+0000][2863.307s][info ][safepoint     ] Entering safepoint region: Cleanup
[2023-10-31T09:14:56.013+0000][2863.308s][info ][safepoint     ] Leaving safepoint region
[2023-10-31T09:14:56.013+0000][2863.308s][info ][safepoint     ] Total time for which application threads were stopped: 0.0009734 seconds, Stopping threads took: 0.0004024 seconds
[2023-10-31T09:14:57.014+0000][2864.309s][debug][safepoint     ] Safepoint synchronization initiated. (186 threads)
[2023-10-31T09:14:57.015+0000][2864.309s][info ][safepoint     ] Application time: 1.0012013 seconds
[2023-10-31T09:14:57.015+0000][2864.310s][info ][safepoint     ] Entering safepoint region: Cleanup
[2023-10-31T09:14:57.017+0000][2864.311s][info ][safepoint     ] Leaving safepoint region
[2023-10-31T09:14:57.017+0000][2864.312s][info ][safepoint     ] Total time for which application threads were stopped: 0.0017920 seconds, Stopping threads took: 0.0008516 seconds
[2023-10-31T09:14:58.018+0000][2865.313s][debug][safepoint     ] Safepoint synchronization initiated. (186 threads)
[2023-10-31T09:14:58.019+0000][2865.314s][info ][safepoint     ] Application time: 1.0012824 seconds
[2023-10-31T09:14:58.020+0000][2865.315s][info ][safepoint     ] Entering safepoint region: Cleanup
[2023-10-31T09:14:58.021+0000][2865.316s][info ][safepoint     ] Leaving safepoint region
[2023-10-31T09:14:58.022+0000][2865.317s][info ][safepoint     ] Total time for which application threads were stopped: 0.0018610 seconds, Stopping threads took: 0.0007959 seconds
[2023-10-31T09:14:59.023+0000][2866.318s][debug][safepoint     ] Safepoint synchronization initiated. (186 threads)
[2023-10-31T09:14:59.024+0000][2866.319s][info ][safepoint     ] Application time: 1.0009879 seconds
[2023-10-31T09:14:59.024+0000][2866.319s][info ][safepoint     ] Entering safepoint region: Cleanup
[2023-10-31T09:14:59.025+0000][2866.320s][info ][safepoint     ] Leaving safepoint region
[2023-10-31T09:14:59.026+0000][2866.321s][info ][safepoint     ] Total time for which application threads were stopped: 0.0012743 seconds, Stopping threads took: 0.0005427 seconds
[2023-10-31T09:15:00.026+0000][2867.321s][debug][safepoint     ] Safepoint synchronization initiated. (186 threads)
[2023-10-31T09:15:00.027+0000][2867.322s][info ][safepoint     ] Application time: 1.0007476 seconds
[2023-10-31T09:15:00.027+0000][2867.322s][info ][safepoint     ] Entering safepoint region: Cleanup
[2023-10-31T09:15:00.028+0000][2867.323s][info ][safepoint     ] Leaving safepoint region
[2023-10-31T09:15:00.028+0000][2867.323s][info ][safepoint     ] Total time for which application threads were stopped: 0.0009147 seconds, Stopping threads took: 0.0003884 seconds
[2023-10-31T09:15:01.029+0000][2868.324s][debug][safepoint     ] Safepoint synchronization initiated. (186 threads)
[2023-10-31T09:15:01.030+0000][2868.325s][info ][safepoint     ] Application time: 1.0010400 seconds
[2023-10-31T09:15:01.030+0000][2868.325s][info ][safepoint     ] Entering safepoint region: Cleanup
[2023-10-31T09:15:01.031+0000][2868.326s][info ][safepoint     ] Leaving safepoint region
[2023-10-31T09:15:01.032+0000][2868.327s][info ][safepoint     ] Total time for which application threads were stopped: 0.0016897 seconds, Stopping threads took: 0.0007809 seconds
[2023-10-31T09:15:02.033+0000][2869.328s][debug][safepoint     ] Safepoint synchronization initiated. (186 threads)
[2023-10-31T09:15:02.034+0000][2869.329s][info ][safepoint     ] Application time: 1.0015878 seconds
[2023-10-31T09:15:02.035+0000][2869.330s][info ][safepoint     ] Entering safepoint region: Cleanup
[2023-10-31T09:15:02.037+0000][2869.332s][info ][safepoint     ] Leaving safepoint region
[2023-10-31T09:15:02.038+0000][2869.333s][info ][safepoint     ] Total time for which application threads were stopped: 0.0024083 seconds, Stopping threads took: 0.0010885 seconds
[2023-10-31T09:15:03.039+0000][2870.334s][debug][safepoint     ] Safepoint synchronization initiated. (186 threads)
[2023-10-31T09:15:03.040+0000][2870.334s][info ][safepoint     ] Application time: 1.0010314 seconds
[2023-10-31T09:15:03.040+0000][2870.335s][info ][safepoint     ] Entering safepoint region: Cleanup
[2023-10-31T09:15:03.041+0000][2870.336s][info ][safepoint     ] Leaving safepoint region
[2023-10-31T09:15:03.041+0000][2870.336s][info ][safepoint     ] Total time for which application threads were stopped: 0.0012971 seconds, Stopping threads took: 0.0005800 seconds
[2023-10-31T09:15:04.042+0000][2871.337s][debug][safepoint     ] Safepoint synchronization initiated. (186 threads)
[2023-10-31T09:15:04.043+0000][2871.338s][info ][safepoint     ] Application time: 1.0009763 seconds
[2023-10-31T09:15:04.044+0000][2871.339s][info ][safepoint     ] Entering safepoint region: Cleanup
[2023-10-31T09:15:04.045+0000][2871.339s][info ][safepoint     ] Leaving safepoint region
[2023-10-31T09:15:04.045+0000][2871.340s][info ][safepoint     ] Total time for which application threads were stopped: 0.0015713 seconds, Stopping threads took: 0.0006922 seconds
[2023-10-31T09:15:05.046+0000][2872.341s][debug][safepoint     ] Safepoint synchronization initiated. (186 threads)
[2023-10-31T09:15:05.047+0000][2872.342s][info ][safepoint     ] Application time: 1.0009012 seconds
[2023-10-31T09:15:05.047+0000][2872.342s][info ][safepoint     ] Entering safepoint region: Cleanup
[2023-10-31T09:15:05.048+0000][2872.343s][info ][safepoint     ] Leaving safepoint region
[2023-10-31T09:15:05.049+0000][2872.344s][info ][safepoint     ] Total time for which application threads were stopped: 0.0014008 seconds, Stopping threads took: 0.0005713 seconds
[2023-10-31T09:15:06.049+0000][2873.344s][debug][safepoint     ] Safepoint synchronization initiated. (186 threads)
[2023-10-31T09:15:06.050+0000][2873.345s][info ][safepoint     ] Application time: 1.0008701 seconds
[2023-10-31T09:15:06.051+0000][2873.345s][info ][safepoint     ] Entering safepoint region: Cleanup
[2023-10-31T09:15:06.051+0000][2873.346s][info ][safepoint     ] Leaving safepoint region
[2023-10-31T09:15:06.052+0000][2873.347s][info ][safepoint     ] Total time for which application threads were stopped: 0.0014351 seconds, Stopping threads took: 0.0006232 seconds
[2023-10-31T09:15:07.053+0000][2874.347s][debug][safepoint     ] Safepoint synchronization initiated. (186 threads)
[2023-10-31T09:15:07.053+0000][2874.348s][info ][safepoint     ] Application time: 1.0004734 seconds
[2023-10-31T09:15:07.053+0000][2874.348s][info ][safepoint     ] Entering safepoint region: Cleanup
[2023-10-31T09:15:07.054+0000][2874.349s][info ][safepoint     ] Leaving safepoint region
[2023-10-31T09:15:07.054+0000][2874.349s][info ][safepoint     ] Total time for which application threads were stopped: 0.0007527 seconds, Stopping threads took: 0.0003309 seconds
[2023-10-31T09:15:08.055+0000][2875.349s][debug][safepoint     ] Safepoint synchronization initiated. (186 threads)
[2023-10-31T09:15:08.055+0000][2875.350s][info ][safepoint     ] Application time: 1.0006630 seconds
[2023-10-31T09:15:08.055+0000][2875.350s][info ][safepoint     ] Entering safepoint region: Cleanup
[2023-10-31T09:15:08.056+0000][2875.351s][info ][safepoint     ] Leaving safepoint region
[2023-10-31T09:15:08.056+0000][2875.351s][info ][safepoint     ] Total time for which application threads were stopped: 0.0011093 seconds, Stopping threads took: 0.0004419 seconds
[2023-10-31T09:15:09.057+0000][2876.352s][debug][safepoint     ] Safepoint synchronization initiated. (186 threads)
[2023-10-31T09:15:09.058+0000][2876.353s][info ][safepoint     ] Application time: 1.0014281 seconds
[2023-10-31T09:15:09.059+0000][2876.354s][info ][safepoint     ] Entering safepoint region: Cleanup
[2023-10-31T09:15:09.061+0000][2876.356s][info ][safepoint     ] Leaving safepoint region
[2023-10-31T09:15:09.062+0000][2876.356s][info ][safepoint     ] Total time for which application threads were stopped: 0.0022819 seconds, Stopping threads took: 0.0009334 seconds
[2023-10-31T09:15:10.063+0000][2877.358s][debug][safepoint     ] Safepoint synchronization initiated. (186 threads)
[2023-10-31T09:15:10.064+0000][2877.359s][info ][safepoint     ] Application time: 1.0014462 seconds
[2023-10-31T09:15:10.065+0000][2877.360s][info ][safepoint     ] Entering safepoint region: Cleanup
[2023-10-31T09:15:10.066+0000][2877.361s][info ][safepoint     ] Leaving safepoint region
[2023-10-31T09:15:10.067+0000][2877.362s][info ][safepoint     ] Total time for which application threads were stopped: 0.0020243 seconds, Stopping threads took: 0.0008327 seconds
[2023-10-31T09:15:11.068+0000][2878.363s][debug][safepoint     ] Safepoint synchronization initiated. (186 threads)
[2023-10-31T09:15:11.069+0000][2878.363s][info ][safepoint     ] Application time: 1.0011758 seconds
[2023-10-31T09:15:11.069+0000][2878.364s][info ][safepoint     ] Entering safepoint region: Cleanup
[2023-10-31T09:15:11.070+0000][2878.365s][info ][safepoint     ] Leaving safepoint region
[2023-10-31T09:15:11.071+0000][2878.366s][info ][safepoint     ] Total time for which application threads were stopped: 0.0015955 seconds, Stopping threads took: 0.0007105 seconds
[2023-10-31T09:15:12.072+0000][2879.367s][debug][safepoint     ] Safepoint synchronization initiated. (186 threads)
[2023-10-31T09:15:12.073+0000][2879.367s][info ][safepoint     ] Application time: 1.0010205 seconds
[2023-10-31T09:15:12.073+0000][2879.368s][info ][safepoint     ] Entering safepoint region: Cleanup
[2023-10-31T09:15:12.074+0000][2879.369s][info ][safepoint     ] Leaving safepoint region
[2023-10-31T09:15:12.075+0000][2879.370s][info ][safepoint     ] Total time for which application threads were stopped: 0.0013962 seconds, Stopping threads took: 0.0006256 seconds
[2023-10-31T09:15:12.484+0000][2879.779s][debug][safepoint     ] Safepoint synchronization initiated. (186 threads)
[2023-10-31T09:15:12.486+0000][2879.780s][info ][safepoint     ] Application time: 0.4104625 seconds
[2023-10-31T09:15:12.487+0000][2879.782s][info ][safepoint     ] Entering safepoint region: G1CollectForAllocation
[2023-10-31T09:15:12.488+0000][2879.783s][info ][gc,start      ] GC(70) Pause Young (Normal) (G1 Evacuation Pause)
[2023-10-31T09:15:12.489+0000][2879.784s][info ][gc,task       ] GC(70) Using 8 workers of 8 for evacuation
[2023-10-31T09:15:12.497+0000][2879.792s][info ][gc,phases     ] GC(70)   Pre Evacuate Collection Set: 0.1ms
[2023-10-31T09:15:12.498+0000][2879.792s][info ][gc,phases     ] GC(70)   Evacuate Collection Set: 3.3ms
[2023-10-31T09:15:12.498+0000][2879.793s][info ][gc,phases     ] GC(70)   Post Evacuate Collection Set: 3.6ms
[2023-10-31T09:15:12.499+0000][2879.794s][info ][gc,phases     ] GC(70)   Other: 1.7ms
[2023-10-31T09:15:12.499+0000][2879.794s][info ][gc,heap       ] GC(70) Eden regions: 211->0(211)
[2023-10-31T09:15:12.500+0000][2879.795s][info ][gc,heap       ] GC(70) Survivor regions: 5->4(27)
[2023-10-31T09:15:12.500+0000][2879.795s][info ][gc,heap       ] GC(70) Old regions: 160->161
[2023-10-31T09:15:12.501+0000][2879.796s][info ][gc,heap       ] GC(70) Humongous regions: 40->40
[2023-10-31T09:15:12.501+0000][2879.796s][info ][gc,metaspace  ] GC(70) Metaspace: 170994K(176848K)->170994K(176848K) NonClass: 151284K(154832K)->151284K(154832K) Class: 19709K(22016K)->19709K(22016K)
[2023-10-31T09:15:12.502+0000][2879.797s][info ][gc            ] GC(70) Pause Young (Normal) (G1 Evacuation Pause) 414M->202M(470M) 13.748ms
[2023-10-31T09:15:12.503+0000][2879.797s][info ][gc,cpu        ] GC(70) User=0.04s Sys=0.00s Real=0.01s
[2023-10-31T09:15:12.503+0000][2879.798s][info ][safepoint     ] Leaving safepoint region
[2023-10-31T09:15:12.504+0000][2879.799s][info ][safepoint     ] Total time for which application threads were stopped: 0.0169654 seconds, Stopping threads took: 0.0009147 seconds
[2023-10-31T09:15:12.504+0000][2879.799s][info ][gc,stringdedup] Concurrent String Deduplication (2879.799s)
[2023-10-31T09:15:12.505+0000][2879.800s][info ][gc,stringdedup] Concurrent String Deduplication 24.0B->0.0B(24.0B) avg 54.4% (2879.799s, 2879.800s) 0.456ms
[2023-10-31T09:15:13.504+0000][2880.799s][debug][safepoint     ] Safepoint synchronization initiated. (186 threads)
[2023-10-31T09:15:13.505+0000][2880.800s][info ][safepoint     ] Application time: 1.0013124 seconds
[2023-10-31T09:15:13.507+0000][2880.801s][info ][safepoint     ] Entering safepoint region: Cleanup
[2023-10-31T09:15:13.508+0000][2880.803s][info ][safepoint     ] Leaving safepoint region
[2023-10-31T09:15:13.509+0000][2880.803s][info ][safepoint     ] Total time for which application threads were stopped: 0.0020508 seconds, Stopping threads took: 0.0007982 seconds
[2023-10-31T09:15:14.510+0000][2881.804s][debug][safepoint     ] Safepoint synchronization initiated. (186 threads)
[2023-10-31T09:15:14.510+0000][2881.805s][info ][safepoint     ] Application time: 1.0006759 seconds
[2023-10-31T09:15:14.510+0000][2881.805s][info ][safepoint     ] Entering safepoint region: Cleanup
[2023-10-31T09:15:14.511+0000][2881.806s][info ][safepoint     ] Leaving safepoint region
[2023-10-31T09:15:14.511+0000][2881.806s][info ][safepoint     ] Total time for which application threads were stopped: 0.0008335 seconds, Stopping threads took: 0.0003728 seconds
[2023-10-31T09:15:15.512+0000][2882.807s][debug][safepoint     ] Safepoint synchronization initiated. (186 threads)
[2023-10-31T09:15:15.512+0000][2882.807s][info ][safepoint     ] Application time: 1.0005339 seconds
[2023-10-31T09:15:15.513+0000][2882.807s][info ][safepoint     ] Entering safepoint region: Cleanup
[2023-10-31T09:15:15.513+0000][2882.808s][info ][safepoint     ] Leaving safepoint region
[2023-10-31T09:15:15.513+0000][2882.808s][info ][safepoint     ] Total time for which application threads were stopped: 0.0009734 seconds, Stopping threads took: 0.0003339 seconds
[2023-10-31T09:15:16.514+0000][2883.809s][debug][safepoint     ] Safepoint synchronization initiated. (186 threads)
[2023-10-31T09:15:16.515+0000][2883.810s][info ][safepoint     ] Application time: 1.0010845 seconds
[2023-10-31T09:15:16.516+0000][2883.810s][info ][safepoint     ] Entering safepoint region: Cleanup
[2023-10-31T09:15:16.517+0000][2883.811s][info ][safepoint     ] Leaving safepoint region
[2023-10-31T09:15:16.517+0000][2883.812s][info ][safepoint     ] Total time for which application threads were stopped: 0.0017758 seconds, Stopping threads took: 0.0007096 seconds
[2023-10-31T09:15:17.518+0000][2884.813s][debug][safepoint     ] Safepoint synchronization initiated. (186 threads)
[2023-10-31T09:15:17.519+0000][2884.814s][info ][safepoint     ] Application time: 1.0012184 seconds
[2023-10-31T09:15:17.520+0000][2884.815s][info ][safepoint     ] Entering safepoint region: Cleanup
[2023-10-31T09:15:17.521+0000][2884.816s][info ][safepoint     ] Leaving safepoint region
[2023-10-31T09:15:17.522+0000][2884.817s][info ][safepoint     ] Total time for which application threads were stopped: 0.0016670 seconds, Stopping threads took: 0.0007020 seconds
[2023-10-31T09:15:18.523+0000][2885.818s][debug][safepoint     ] Safepoint synchronization initiated. (186 threads)
[2023-10-31T09:15:18.523+0000][2885.818s][info ][safepoint     ] Application time: 1.0008684 seconds
[2023-10-31T09:15:18.524+0000][2885.819s][info ][safepoint     ] Entering safepoint region: Cleanup
[2023-10-31T09:15:18.524+0000][2885.819s][info ][safepoint     ] Leaving safepoint region
[2023-10-31T09:15:18.525+0000][2885.820s][info ][safepoint     ] Total time for which application threads were stopped: 0.0011365 seconds, Stopping threads took: 0.0005602 seconds
[2023-10-31T09:15:19.526+0000][2886.820s][debug][safepoint     ] Safepoint synchronization initiated. (186 threads)
[2023-10-31T09:15:19.527+0000][2886.821s][info ][safepoint     ] Application time: 1.0012934 seconds
[2023-10-31T09:15:19.527+0000][2886.822s][info ][safepoint     ] Entering safepoint region: Cleanup
[2023-10-31T09:15:19.528+0000][2886.823s][info ][safepoint     ] Leaving safepoint region
[2023-10-31T09:15:19.529+0000][2886.824s][info ][safepoint     ] Total time for which application threads were stopped: 0.0017957 seconds, Stopping threads took: 0.0006916 seconds
[2023-10-31T09:15:20.530+0000][2887.825s][debug][safepoint     ] Safepoint synchronization initiated. (186 threads)
[2023-10-31T09:15:20.531+0000][2887.826s][info ][safepoint     ] Application time: 1.0010743 seconds
[2023-10-31T09:15:20.532+0000][2887.827s][info ][safepoint     ] Entering safepoint region: Cleanup
[2023-10-31T09:15:20.532+0000][2887.827s][info ][safepoint     ] Leaving safepoint region
[2023-10-31T09:15:20.533+0000][2887.828s][info ][safepoint     ] Total time for which application threads were stopped: 0.0012409 seconds, Stopping threads took: 0.0005079 seconds
[2023-10-31T09:15:21.533+0000][2888.828s][debug][safepoint     ] Safepoint synchronization initiated. (186 threads)
[2023-10-31T09:15:21.534+0000][2888.829s][info ][safepoint     ] Application time: 1.0005049 seconds
[2023-10-31T09:15:21.534+0000][2888.829s][info ][safepoint     ] Entering safepoint region: Cleanup
[2023-10-31T09:15:21.535+0000][2888.830s][info ][safepoint     ] Leaving safepoint region
[2023-10-31T09:15:21.535+0000][2888.830s][info ][safepoint     ] Total time for which application threads were stopped: 0.0007570 seconds, Stopping threads took: 0.0003023 seconds
[2023-10-31T09:15:22.535+0000][2889.830s][debug][safepoint     ] Safepoint synchronization initiated. (186 threads)
[2023-10-31T09:15:22.536+0000][2889.831s][info ][safepoint     ] Application time: 1.0012029 seconds
[2023-10-31T09:15:22.537+0000][2889.832s][info ][safepoint     ] Entering safepoint region: Cleanup
[2023-10-31T09:15:22.538+0000][2889.833s][info ][safepoint     ] Leaving safepoint region
[2023-10-31T09:15:22.539+0000][2889.834s][info ][safepoint     ] Total time for which application threads were stopped: 0.0019003 seconds, Stopping threads took: 0.0008110 seconds
[2023-10-31T09:15:23.540+0000][2890.835s][debug][safepoint     ] Safepoint synchronization initiated. (186 threads)
[2023-10-31T09:15:23.541+0000][2890.836s][info ][safepoint     ] Application time: 1.0012439 seconds
[2023-10-31T09:15:23.542+0000][2890.837s][info ][safepoint     ] Entering safepoint region: Cleanup
[2023-10-31T09:15:23.543+0000][2890.838s][info ][safepoint     ] Leaving safepoint region
[2023-10-31T09:15:23.544+0000][2890.839s][info ][safepoint     ] Total time for which application threads were stopped: 0.0020796 seconds, Stopping threads took: 0.0008183 seconds
[2023-10-31T09:15:24.545+0000][2891.840s][debug][safepoint     ] Safepoint synchronization initiated. (186 threads)
[2023-10-31T09:15:24.546+0000][2891.841s][info ][safepoint     ] Application time: 1.0012690 seconds
[2023-10-31T09:15:24.547+0000][2891.842s][info ][safepoint     ] Entering safepoint region: Cleanup
[2023-10-31T09:15:24.548+0000][2891.843s][info ][safepoint     ] Leaving safepoint region
[2023-10-31T09:15:24.549+0000][2891.843s][info ][safepoint     ] Total time for which application threads were stopped: 0.0018124 seconds, Stopping threads took: 0.0008405 seconds
[2023-10-31T09:15:25.549+0000][2892.844s][debug][safepoint     ] Safepoint synchronization initiated. (186 threads)
[2023-10-31T09:15:25.550+0000][2892.845s][info ][safepoint     ] Application time: 1.0010065 seconds
[2023-10-31T09:15:25.551+0000][2892.846s][info ][safepoint     ] Entering safepoint region: Cleanup
[2023-10-31T09:15:25.551+0000][2892.846s][info ][safepoint     ] Leaving safepoint region
[2023-10-31T09:15:25.552+0000][2892.847s][info ][safepoint     ] Total time for which application threads were stopped: 0.0013024 seconds, Stopping threads took: 0.0005438 seconds
[2023-10-31T09:15:26.553+0000][2893.847s][debug][safepoint     ] Safepoint synchronization initiated. (186 threads)
[2023-10-31T09:15:26.553+0000][2893.848s][info ][safepoint     ] Application time: 1.0007305 seconds
[2023-10-31T09:15:26.554+0000][2893.849s][info ][safepoint     ] Entering safepoint region: Cleanup
[2023-10-31T09:15:26.554+0000][2893.849s][info ][safepoint     ] Leaving safepoint region
[2023-10-31T09:15:26.555+0000][2893.850s][info ][safepoint     ] Total time for which application threads were stopped: 0.0010499 seconds, Stopping threads took: 0.0003933 seconds
[2023-10-31T09:15:27.555+0000][2894.850s][debug][safepoint     ] Safepoint synchronization initiated. (186 threads)
[2023-10-31T09:15:27.556+0000][2894.851s][info ][safepoint     ] Application time: 1.0009221 seconds
[2023-10-31T09:15:27.557+0000][2894.852s][info ][safepoint     ] Entering safepoint region: Cleanup
[2023-10-31T09:15:27.558+0000][2894.853s][info ][safepoint     ] Leaving safepoint region
[2023-10-31T09:15:27.558+0000][2894.853s][info ][safepoint     ] Total time for which application threads were stopped: 0.0016580 seconds, Stopping threads took: 0.0006767 seconds
[2023-10-31T09:15:28.559+0000][2895.854s][debug][safepoint     ] Safepoint synchronization initiated. (186 threads)
[2023-10-31T09:15:28.561+0000][2895.855s][info ][safepoint     ] Application time: 1.0016603 seconds
[2023-10-31T09:15:28.561+0000][2895.856s][info ][safepoint     ] Entering safepoint region: Cleanup
[2023-10-31T09:15:28.563+0000][2895.858s][info ][safepoint     ] Leaving safepoint region
[2023-10-31T09:15:28.563+0000][2895.858s][info ][safepoint     ] Total time for which application threads were stopped: 0.0019056 seconds, Stopping threads took: 0.0008945 seconds
[2023-10-31T09:15:29.564+0000][2896.859s][debug][safepoint     ] Safepoint synchronization initiated. (186 threads)
[2023-10-31T09:15:29.565+0000][2896.860s][info ][safepoint     ] Application time: 1.0009933 seconds
[2023-10-31T09:15:29.566+0000][2896.861s][info ][safepoint     ] Entering safepoint region: Cleanup
[2023-10-31T09:15:29.567+0000][2896.862s][info ][safepoint     ] Leaving safepoint region
[2023-10-31T09:15:29.568+0000][2896.863s][info ][safepoint     ] Total time for which application threads were stopped: 0.0016345 seconds, Stopping threads took: 0.0006457 seconds
[2023-10-31T09:15:30.569+0000][2897.864s][debug][safepoint     ] Safepoint synchronization initiated. (186 threads)
[2023-10-31T09:15:30.570+0000][2897.865s][info ][safepoint     ] Application time: 1.0013634 seconds
[2023-10-31T09:15:30.571+0000][2897.866s][info ][safepoint     ] Entering safepoint region: Cleanup
[2023-10-31T09:15:30.572+0000][2897.867s][info ][safepoint     ] Leaving safepoint region
[2023-10-31T09:15:30.573+0000][2897.868s][info ][safepoint     ] Total time for which application threads were stopped: 0.0021715 seconds, Stopping threads took: 0.0009445 seconds
[2023-10-31T09:15:31.574+0000][2898.869s][debug][safepoint     ] Safepoint synchronization initiated. (186 threads)
[2023-10-31T09:15:31.575+0000][2898.870s][info ][safepoint     ] Application time: 1.0017139 seconds
[2023-10-31T09:15:31.576+0000][2898.871s][info ][safepoint     ] Entering safepoint region: Cleanup
[2023-10-31T09:15:31.577+0000][2898.872s][info ][safepoint     ] Leaving safepoint region
[2023-10-31T09:15:31.578+0000][2898.873s][info ][safepoint     ] Total time for which application threads were stopped: 0.0021534 seconds, Stopping threads took: 0.0009645 seconds
[2023-10-31T09:15:32.579+0000][2899.874s][debug][safepoint     ] Safepoint synchronization initiated. (186 threads)
[2023-10-31T09:15:32.580+0000][2899.875s][info ][safepoint     ] Application time: 1.0014212 seconds
[2023-10-31T09:15:32.581+0000][2899.876s][info ][safepoint     ] Entering safepoint region: Cleanup
[2023-10-31T09:15:32.583+0000][2899.878s][info ][safepoint     ] Leaving safepoint region
[2023-10-31T09:15:32.583+0000][2899.878s][info ][safepoint     ] Total time for which application threads were stopped: 0.0020468 seconds, Stopping threads took: 0.0009045 seconds
[2023-10-31T09:15:33.584+0000][2900.879s][debug][safepoint     ] Safepoint synchronization initiated. (186 threads)
[2023-10-31T09:15:33.585+0000][2900.880s][info ][safepoint     ] Application time: 1.0012924 seconds
[2023-10-31T09:15:33.586+0000][2900.881s][info ][safepoint     ] Entering safepoint region: Cleanup
[2023-10-31T09:15:33.588+0000][2900.882s][info ][safepoint     ] Leaving safepoint region
[2023-10-31T09:15:33.588+0000][2900.883s][info ][safepoint     ] Total time for which application threads were stopped: 0.0020997 seconds, Stopping threads took: 0.0009867 seconds
[2023-10-31T09:15:34.589+0000][2901.884s][debug][safepoint     ] Safepoint synchronization initiated. (186 threads)
[2023-10-31T09:15:34.590+0000][2901.885s][info ][safepoint     ] Application time: 1.0013968 seconds
[2023-10-31T09:15:34.591+0000][2901.886s][info ][safepoint     ] Entering safepoint region: Cleanup
[2023-10-31T09:15:34.593+0000][2901.888s][info ][safepoint     ] Leaving safepoint region
[2023-10-31T09:15:34.593+0000][2901.888s][info ][safepoint     ] Total time for which application threads were stopped: 0.0021915 seconds, Stopping threads took: 0.0009194 seconds
[2023-10-31T09:15:35.595+0000][2902.889s][debug][safepoint     ] Safepoint synchronization initiated. (186 threads)
[2023-10-31T09:15:35.595+0000][2902.890s][info ][safepoint     ] Application time: 1.0011349 seconds
[2023-10-31T09:15:35.596+0000][2902.891s][info ][safepoint     ] Entering safepoint region: Cleanup
[2023-10-31T09:15:35.598+0000][2902.892s][info ][safepoint     ] Leaving safepoint region
[2023-10-31T09:15:35.598+0000][2902.893s][info ][safepoint     ] Total time for which application threads were stopped: 0.0019385 seconds, Stopping threads took: 0.0008249 seconds
[2023-10-31T09:15:36.599+0000][2903.894s][debug][safepoint     ] Safepoint synchronization initiated. (186 threads)
[2023-10-31T09:15:36.601+0000][2903.896s][info ][safepoint     ] Application time: 1.0018278 seconds
[2023-10-31T09:15:36.602+0000][2903.897s][info ][safepoint     ] Entering safepoint region: Cleanup
[2023-10-31T09:15:36.603+0000][2903.898s][info ][safepoint     ] Leaving safepoint region
[2023-10-31T09:15:36.604+0000][2903.899s][info ][safepoint     ] Total time for which application threads were stopped: 0.0020081 seconds, Stopping threads took: 0.0009993 seconds
[2023-10-31T09:15:37.605+0000][2904.900s][debug][safepoint     ] Safepoint synchronization initiated. (186 threads)
[2023-10-31T09:15:37.606+0000][2904.901s][info ][safepoint     ] Application time: 1.0012924 seconds
[2023-10-31T09:15:37.606+0000][2904.901s][debug][safepoint     ] ... found polling page return exception at pc = 0x00007f62e94a1bac, stub =0x00007f62e0840600
[2023-10-31T09:15:37.607+0000][2904.902s][debug][safepoint     ] Waiting for 1 thread(s) to block
[2023-10-31T09:15:37.608+0000][2904.903s][info ][safepoint     ] Entering safepoint region: Cleanup
[2023-10-31T09:15:37.609+0000][2904.904s][info ][safepoint     ] Leaving safepoint region
[2023-10-31T09:15:37.610+0000][2904.905s][info ][safepoint     ] Total time for which application threads were stopped: 0.0032713 seconds, Stopping threads took: 0.0022953 seconds
[2023-10-31T09:15:38.611+0000][2905.905s][debug][safepoint     ] Safepoint synchronization initiated. (186 threads)
[2023-10-31T09:15:38.612+0000][2905.907s][info ][safepoint     ] Application time: 1.0017007 seconds
[2023-10-31T09:15:38.613+0000][2905.908s][info ][safepoint     ] Entering safepoint region: Cleanup
[2023-10-31T09:15:38.614+0000][2905.909s][info ][safepoint     ] Leaving safepoint region
[2023-10-31T09:15:38.615+0000][2905.910s][info ][safepoint     ] Total time for which application threads were stopped: 0.0021582 seconds, Stopping threads took: 0.0009039 seconds
[2023-10-31T09:15:39.616+0000][2906.911s][debug][safepoint     ] Safepoint synchronization initiated. (186 threads)
[2023-10-31T09:15:39.617+0000][2906.912s][info ][safepoint     ] Application time: 1.0008929 seconds
[2023-10-31T09:15:39.618+0000][2906.913s][info ][safepoint     ] Entering safepoint region: Cleanup
[2023-10-31T09:15:39.619+0000][2906.914s][info ][safepoint     ] Leaving safepoint region
[2023-10-31T09:15:39.619+0000][2906.914s][info ][safepoint     ] Total time for which application threads were stopped: 0.0017820 seconds, Stopping threads took: 0.0007992 seconds
[2023-10-31T09:15:40.620+0000][2907.915s][debug][safepoint     ] Safepoint synchronization initiated. (186 threads)
[2023-10-31T09:15:40.621+0000][2907.916s][info ][safepoint     ] Application time: 1.0005578 seconds
[2023-10-31T09:15:40.621+0000][2907.916s][info ][safepoint     ] Entering safepoint region: Cleanup
[2023-10-31T09:15:40.621+0000][2907.916s][info ][safepoint     ] Leaving safepoint region
[2023-10-31T09:15:40.622+0000][2907.917s][info ][safepoint     ] Total time for which application threads were stopped: 0.0007314 seconds, Stopping threads took: 0.0002945 seconds
[2023-10-31T09:15:41.622+0000][2908.917s][debug][safepoint     ] Safepoint synchronization initiated. (186 threads)
[2023-10-31T09:15:41.622+0000][2908.917s][info ][safepoint     ] Application time: 1.0006151 seconds
[2023-10-31T09:15:41.623+0000][2908.918s][info ][safepoint     ] Entering safepoint region: Cleanup
[2023-10-31T09:15:41.624+0000][2908.918s][info ][safepoint     ] Leaving safepoint region
[2023-10-31T09:15:41.624+0000][2908.919s][info ][safepoint     ] Total time for which application threads were stopped: 0.0014459 seconds, Stopping threads took: 0.0004492 seconds
[2023-10-31T09:15:42.625+0000][2909.920s][debug][safepoint     ] Safepoint synchronization initiated. (186 threads)
[2023-10-31T09:15:42.626+0000][2909.921s][info ][safepoint     ] Application time: 1.0009945 seconds
[2023-10-31T09:15:42.626+0000][2909.921s][info ][safepoint     ] Entering safepoint region: Cleanup
[2023-10-31T09:15:42.627+0000][2909.922s][info ][safepoint     ] Leaving safepoint region
[2023-10-31T09:15:42.627+0000][2909.922s][info ][safepoint     ] Total time for which application threads were stopped: 0.0012906 seconds, Stopping threads took: 0.0005950 seconds
[2023-10-31T09:15:43.628+0000][2910.923s][debug][safepoint     ] Safepoint synchronization initiated. (186 threads)
[2023-10-31T09:15:43.629+0000][2910.924s][info ][safepoint     ] Application time: 1.0014268 seconds
[2023-10-31T09:15:43.631+0000][2910.926s][info ][safepoint     ] Entering safepoint region: Cleanup
[2023-10-31T09:15:43.632+0000][2910.927s][info ][safepoint     ] Leaving safepoint region
[2023-10-31T09:15:43.633+0000][2910.928s][info ][safepoint     ] Total time for which application threads were stopped: 0.0023664 seconds, Stopping threads took: 0.0011771 seconds
[2023-10-31T09:15:44.634+0000][2911.929s][debug][safepoint     ] Safepoint synchronization initiated. (186 threads)
[2023-10-31T09:15:44.635+0000][2911.930s][info ][safepoint     ] Application time: 1.0011412 seconds
[2023-10-31T09:15:44.635+0000][2911.930s][info ][safepoint     ] Entering safepoint region: Cleanup
[2023-10-31T09:15:44.636+0000][2911.931s][info ][safepoint     ] Leaving safepoint region
[2023-10-31T09:15:44.637+0000][2911.932s][info ][safepoint     ] Total time for which application threads were stopped: 0.0013310 seconds, Stopping threads took: 0.0006235 seconds
[2023-10-31T09:15:45.638+0000][2912.933s][debug][safepoint     ] Safepoint synchronization initiated. (186 threads)
[2023-10-31T09:15:45.639+0000][2912.934s][info ][safepoint     ] Application time: 1.0015962 seconds
[2023-10-31T09:15:45.640+0000][2912.935s][info ][safepoint     ] Entering safepoint region: Cleanup
[2023-10-31T09:15:45.642+0000][2912.937s][info ][safepoint     ] Leaving safepoint region
[2023-10-31T09:15:45.643+0000][2912.938s][info ][safepoint     ] Total time for which application threads were stopped: 0.0027322 seconds, Stopping threads took: 0.0012498 seconds
[2023-10-31T09:15:46.644+0000][2913.939s][debug][safepoint     ] Safepoint synchronization initiated. (186 threads)
[2023-10-31T09:15:46.645+0000][2913.939s][info ][safepoint     ] Application time: 1.0008005 seconds
[2023-10-31T09:15:46.645+0000][2913.940s][info ][safepoint     ] Entering safepoint region: Cleanup
[2023-10-31T09:15:46.646+0000][2913.941s][info ][safepoint     ] Leaving safepoint region
[2023-10-31T09:15:46.646+0000][2913.941s][info ][safepoint     ] Total time for which application threads were stopped: 0.0012966 seconds, Stopping threads took: 0.0005687 seconds
[2023-10-31T09:15:47.647+0000][2914.942s][debug][safepoint     ] Safepoint synchronization initiated. (186 threads)
[2023-10-31T09:15:47.648+0000][2914.943s][info ][safepoint     ] Application time: 1.0009009 seconds
[2023-10-31T09:15:47.648+0000][2914.943s][info ][safepoint     ] Entering safepoint region: Cleanup
[2023-10-31T09:15:47.649+0000][2914.944s][info ][safepoint     ] Leaving safepoint region
[2023-10-31T09:15:47.649+0000][2914.944s][info ][safepoint     ] Total time for which application threads were stopped: 0.0013343 seconds, Stopping threads took: 0.0006097 seconds
[2023-10-31T09:15:48.650+0000][2915.945s][debug][safepoint     ] Safepoint synchronization initiated. (186 threads)
[2023-10-31T09:15:48.651+0000][2915.946s][info ][safepoint     ] Application time: 1.0010996 seconds
[2023-10-31T09:15:48.652+0000][2915.947s][info ][safepoint     ] Entering safepoint region: Cleanup
[2023-10-31T09:15:48.652+0000][2915.947s][info ][safepoint     ] Leaving safepoint region
[2023-10-31T09:15:48.653+0000][2915.948s][info ][safepoint     ] Total time for which application threads were stopped: 0.0013821 seconds, Stopping threads took: 0.0005392 seconds
[2023-10-31T09:15:49.654+0000][2916.949s][debug][safepoint     ] Safepoint synchronization initiated. (186 threads)
[2023-10-31T09:15:49.654+0000][2916.949s][info ][safepoint     ] Application time: 1.0006450 seconds
[2023-10-31T09:15:49.655+0000][2916.950s][info ][safepoint     ] Entering safepoint region: Cleanup
[2023-10-31T09:15:49.655+0000][2916.950s][info ][safepoint     ] Leaving safepoint region
[2023-10-31T09:15:49.656+0000][2916.951s][info ][safepoint     ] Total time for which application threads were stopped: 0.0010124 seconds, Stopping threads took: 0.0004191 seconds
[2023-10-31T09:15:50.657+0000][2917.952s][debug][safepoint     ] Safepoint synchronization initiated. (186 threads)
[2023-10-31T09:15:50.657+0000][2917.952s][info ][safepoint     ] Application time: 1.0009902 seconds
[2023-10-31T09:15:50.658+0000][2917.953s][info ][safepoint     ] Entering safepoint region: Cleanup
[2023-10-31T09:15:50.659+0000][2917.954s][info ][safepoint     ] Leaving safepoint region
[2023-10-31T09:15:50.659+0000][2917.954s][info ][safepoint     ] Total time for which application threads were stopped: 0.0012929 seconds, Stopping threads took: 0.0005202 seconds
[2023-10-31T09:15:51.660+0000][2918.955s][debug][safepoint     ] Safepoint synchronization initiated. (186 threads)
[2023-10-31T09:15:51.661+0000][2918.956s][info ][safepoint     ] Application time: 1.0013865 seconds
[2023-10-31T09:15:51.662+0000][2918.957s][info ][safepoint     ] Entering safepoint region: Cleanup
[2023-10-31T09:15:51.664+0000][2918.959s][info ][safepoint     ] Leaving safepoint region
[2023-10-31T09:15:51.665+0000][2918.960s][info ][safepoint     ] Total time for which application threads were stopped: 0.0025096 seconds, Stopping threads took: 0.0011709 seconds
[2023-10-31T09:15:52.666+0000][2919.961s][debug][safepoint     ] Safepoint synchronization initiated. (186 threads)
[2023-10-31T09:15:52.667+0000][2919.962s][info ][safepoint     ] Application time: 1.0011516 seconds
[2023-10-31T09:15:52.668+0000][2919.963s][info ][safepoint     ] Entering safepoint region: Cleanup
[2023-10-31T09:15:52.669+0000][2919.964s][info ][safepoint     ] Leaving safepoint region
[2023-10-31T09:15:52.670+0000][2919.965s][info ][safepoint     ] Total time for which application threads were stopped: 0.0018113 seconds, Stopping threads took: 0.0009195 seconds
[2023-10-31T09:15:53.670+0000][2920.965s][debug][safepoint     ] Safepoint synchronization initiated. (186 threads)
[2023-10-31T09:15:53.671+0000][2920.966s][info ][safepoint     ] Application time: 1.0007821 seconds
[2023-10-31T09:15:53.671+0000][2920.966s][info ][safepoint     ] Entering safepoint region: Cleanup
[2023-10-31T09:15:53.672+0000][2920.967s][info ][safepoint     ] Leaving safepoint region
[2023-10-31T09:15:53.672+0000][2920.967s][info ][safepoint     ] Total time for which application threads were stopped: 0.0008913 seconds, Stopping threads took: 0.0003810 seconds
[2023-10-31T09:15:54.673+0000][2921.968s][debug][safepoint     ] Safepoint synchronization initiated. (186 threads)
[2023-10-31T09:15:54.673+0000][2921.968s][info ][safepoint     ] Application time: 1.0006552 seconds
[2023-10-31T09:15:54.674+0000][2921.969s][info ][safepoint     ] Entering safepoint region: Cleanup
[2023-10-31T09:15:54.674+0000][2921.969s][info ][safepoint     ] Leaving safepoint region
[2023-10-31T09:15:54.674+0000][2921.969s][info ][safepoint     ] Total time for which application threads were stopped: 0.0008656 seconds, Stopping threads took: 0.0004107 seconds
[2023-10-31T09:15:55.675+0000][2922.970s][debug][safepoint     ] Safepoint synchronization initiated. (186 threads)
[2023-10-31T09:15:55.675+0000][2922.970s][info ][safepoint     ] Application time: 1.0007689 seconds
[2023-10-31T09:15:55.676+0000][2922.971s][info ][safepoint     ] Entering safepoint region: Cleanup
[2023-10-31T09:15:55.676+0000][2922.971s][info ][safepoint     ] Leaving safepoint region
[2023-10-31T09:15:55.677+0000][2922.972s][info ][safepoint     ] Total time for which application threads were stopped: 0.0009880 seconds, Stopping threads took: 0.0003503 seconds
[2023-10-31T09:15:56.677+0000][2923.972s][debug][safepoint     ] Safepoint synchronization initiated. (186 threads)
[2023-10-31T09:15:56.679+0000][2923.974s][info ][safepoint     ] Application time: 1.0016096 seconds
[2023-10-31T09:15:56.680+0000][2923.975s][info ][safepoint     ] Entering safepoint region: Cleanup
[2023-10-31T09:15:56.681+0000][2923.976s][info ][safepoint     ] Leaving safepoint region
[2023-10-31T09:15:56.682+0000][2923.977s][info ][safepoint     ] Total time for which application threads were stopped: 0.0021274 seconds, Stopping threads took: 0.0009003 seconds
[2023-10-31T09:15:57.683+0000][2924.978s][debug][safepoint     ] Safepoint synchronization initiated. (186 threads)
[2023-10-31T09:15:57.684+0000][2924.979s][info ][safepoint     ] Application time: 1.0013533 seconds
[2023-10-31T09:15:57.685+0000][2924.980s][info ][safepoint     ] Entering safepoint region: Cleanup
[2023-10-31T09:15:57.686+0000][2924.981s][info ][safepoint     ] Leaving safepoint region
[2023-10-31T09:15:57.687+0000][2924.982s][info ][safepoint     ] Total time for which application threads were stopped: 0.0017767 seconds, Stopping threads took: 0.0007683 seconds
[2023-10-31T09:15:58.687+0000][2925.982s][debug][safepoint     ] Safepoint synchronization initiated. (186 threads)
[2023-10-31T09:15:58.688+0000][2925.983s][info ][safepoint     ] Application time: 1.0005892 seconds
[2023-10-31T09:15:58.688+0000][2925.983s][info ][safepoint     ] Entering safepoint region: Cleanup
[2023-10-31T09:15:58.688+0000][2925.983s][info ][safepoint     ] Leaving safepoint region
[2023-10-31T09:15:58.689+0000][2925.984s][info ][safepoint     ] Total time for which application threads were stopped: 0.0007130 seconds, Stopping threads took: 0.0002840 seconds
[2023-10-31T09:15:59.689+0000][2926.984s][debug][safepoint     ] Safepoint synchronization initiated. (186 threads)
[2023-10-31T09:15:59.689+0000][2926.984s][info ][safepoint     ] Application time: 1.0004835 seconds
[2023-10-31T09:15:59.690+0000][2926.985s][info ][safepoint     ] Entering safepoint region: Cleanup
[2023-10-31T09:15:59.690+0000][2926.985s][info ][safepoint     ] Leaving safepoint region
[2023-10-31T09:15:59.691+0000][2926.986s][info ][safepoint     ] Total time for which application threads were stopped: 0.0008401 seconds, Stopping threads took: 0.0003319 seconds
[2023-10-31T09:16:00.691+0000][2927.986s][debug][safepoint     ] Safepoint synchronization initiated. (186 threads)
[2023-10-31T09:16:00.692+0000][2927.987s][info ][safepoint     ] Application time: 1.0014842 seconds
[2023-10-31T09:16:00.694+0000][2927.989s][info ][safepoint     ] Entering safepoint region: Cleanup
[2023-10-31T09:16:00.695+0000][2927.990s][info ][safepoint     ] Leaving safepoint region
[2023-10-31T09:16:00.696+0000][2927.991s][info ][safepoint     ] Total time for which application threads were stopped: 0.0022106 seconds, Stopping threads took: 0.0009425 seconds
[2023-10-31T09:16:01.697+0000][2928.992s][debug][safepoint     ] Safepoint synchronization initiated. (186 threads)
[2023-10-31T09:16:01.698+0000][2928.993s][info ][safepoint     ] Application time: 1.0007312 seconds
[2023-10-31T09:16:01.698+0000][2928.993s][info ][safepoint     ] Entering safepoint region: Cleanup
[2023-10-31T09:16:01.699+0000][2928.994s][info ][safepoint     ] Leaving safepoint region
[2023-10-31T09:16:01.699+0000][2928.994s][info ][safepoint     ] Total time for which application threads were stopped: 0.0009424 seconds, Stopping threads took: 0.0004351 seconds
[2023-10-31T09:16:02.699+0000][2929.994s][debug][safepoint     ] Safepoint synchronization initiated. (186 threads)
[2023-10-31T09:16:02.700+0000][2929.995s][info ][safepoint     ] Application time: 1.0007632 seconds
[2023-10-31T09:16:02.700+0000][2929.995s][info ][safepoint     ] Entering safepoint region: Cleanup
[2023-10-31T09:16:02.701+0000][2929.996s][info ][safepoint     ] Leaving safepoint region
[2023-10-31T09:16:02.702+0000][2929.997s][info ][safepoint     ] Total time for which application threads were stopped: 0.0012297 seconds, Stopping threads took: 0.0004562 seconds
[2023-10-31T09:16:03.702+0000][2930.997s][debug][safepoint     ] Safepoint synchronization initiated. (186 threads)
[2023-10-31T09:16:03.703+0000][2930.998s][info ][safepoint     ] Application time: 1.0008785 seconds
[2023-10-31T09:16:03.704+0000][2930.999s][info ][safepoint     ] Entering safepoint region: Cleanup
[2023-10-31T09:16:03.705+0000][2931.000s][info ][safepoint     ] Leaving safepoint region
[2023-10-31T09:16:03.705+0000][2931.000s][info ][safepoint     ] Total time for which application threads were stopped: 0.0013039 seconds, Stopping threads took: 0.0006641 seconds
[2023-10-31T09:16:04.706+0000][2932.001s][debug][safepoint     ] Safepoint synchronization initiated. (186 threads)
[2023-10-31T09:16:04.707+0000][2932.002s][info ][safepoint     ] Application time: 1.0012791 seconds
[2023-10-31T09:16:04.708+0000][2932.003s][info ][safepoint     ] Entering safepoint region: Cleanup
[2023-10-31T09:16:04.709+0000][2932.004s][info ][safepoint     ] Leaving safepoint region
[2023-10-31T09:16:04.710+0000][2932.005s][info ][safepoint     ] Total time for which application threads were stopped: 0.0019251 seconds, Stopping threads took: 0.0008548 seconds
[2023-10-31T09:16:05.711+0000][2933.006s][debug][safepoint     ] Safepoint synchronization initiated. (186 threads)
[2023-10-31T09:16:05.712+0000][2933.007s][info ][safepoint     ] Application time: 1.0008818 seconds
[2023-10-31T09:16:05.712+0000][2933.007s][info ][safepoint     ] Entering safepoint region: Cleanup
[2023-10-31T09:16:05.713+0000][2933.008s][info ][safepoint     ] Leaving safepoint region
[2023-10-31T09:16:05.714+0000][2933.009s][info ][safepoint     ] Total time for which application threads were stopped: 0.0015542 seconds, Stopping threads took: 0.0006950 seconds
[2023-10-31T09:16:06.715+0000][2934.010s][debug][safepoint     ] Safepoint synchronization initiated. (186 threads)
[2023-10-31T09:16:06.715+0000][2934.010s][info ][safepoint     ] Application time: 1.0007863 seconds
[2023-10-31T09:16:06.716+0000][2934.011s][info ][safepoint     ] Entering safepoint region: Cleanup
[2023-10-31T09:16:06.717+0000][2934.012s][info ][safepoint     ] Leaving safepoint region
[2023-10-31T09:16:06.717+0000][2934.012s][info ][safepoint     ] Total time for which application threads were stopped: 0.0014355 seconds, Stopping threads took: 0.0006447 seconds
[2023-10-31T09:16:07.718+0000][2935.013s][debug][safepoint     ] Safepoint synchronization initiated. (186 threads)
[2023-10-31T09:16:07.719+0000][2935.014s][info ][safepoint     ] Application time: 1.0008593 seconds
[2023-10-31T09:16:07.719+0000][2935.014s][info ][safepoint     ] Entering safepoint region: Cleanup
[2023-10-31T09:16:07.720+0000][2935.015s][info ][safepoint     ] Leaving safepoint region
[2023-10-31T09:16:07.721+0000][2935.016s][info ][safepoint     ] Total time for which application threads were stopped: 0.0013792 seconds, Stopping threads took: 0.0005585 seconds
[2023-10-31T09:16:08.722+0000][2936.017s][debug][safepoint     ] Safepoint synchronization initiated. (186 threads)
[2023-10-31T09:16:08.722+0000][2936.017s][info ][safepoint     ] Application time: 1.0008896 seconds
[2023-10-31T09:16:08.723+0000][2936.018s][info ][safepoint     ] Entering safepoint region: Cleanup
[2023-10-31T09:16:08.724+0000][2936.019s][info ][safepoint     ] Leaving safepoint region
[2023-10-31T09:16:08.724+0000][2936.019s][info ][safepoint     ] Total time for which application threads were stopped: 0.0013520 seconds, Stopping threads took: 0.0006344 seconds
[2023-10-31T09:16:09.725+0000][2937.020s][debug][safepoint     ] Safepoint synchronization initiated. (186 threads)
[2023-10-31T09:16:09.725+0000][2937.020s][info ][safepoint     ] Application time: 1.0006873 seconds
[2023-10-31T09:16:09.726+0000][2937.021s][info ][safepoint     ] Entering safepoint region: Cleanup
[2023-10-31T09:16:09.726+0000][2937.021s][info ][safepoint     ] Leaving safepoint region
[2023-10-31T09:16:09.727+0000][2937.022s][info ][safepoint     ] Total time for which application threads were stopped: 0.0009019 seconds, Stopping threads took: 0.0004134 seconds
[2023-10-31T09:16:10.727+0000][2938.022s][debug][safepoint     ] Safepoint synchronization initiated. (186 threads)
[2023-10-31T09:16:10.728+0000][2938.023s][info ][safepoint     ] Application time: 1.0007660 seconds
[2023-10-31T09:16:10.728+0000][2938.023s][info ][safepoint     ] Entering safepoint region: Cleanup
[2023-10-31T09:16:10.729+0000][2938.024s][info ][safepoint     ] Leaving safepoint region
[2023-10-31T09:16:10.729+0000][2938.024s][info ][safepoint     ] Total time for which application threads were stopped: 0.0013549 seconds, Stopping threads took: 0.0005928 seconds
[2023-10-31T09:16:11.730+0000][2939.025s][debug][safepoint     ] Safepoint synchronization initiated. (186 threads)
[2023-10-31T09:16:11.731+0000][2939.026s][info ][safepoint     ] Application time: 1.0013644 seconds
[2023-10-31T09:16:11.732+0000][2939.027s][info ][safepoint     ] Entering safepoint region: Cleanup
[2023-10-31T09:16:11.733+0000][2939.028s][info ][safepoint     ] Leaving safepoint region
[2023-10-31T09:16:11.733+0000][2939.028s][info ][safepoint     ] Total time for which application threads were stopped: 0.0013771 seconds, Stopping threads took: 0.0005959 seconds
[2023-10-31T09:16:12.734+0000][2940.029s][debug][safepoint     ] Safepoint synchronization initiated. (186 threads)
[2023-10-31T09:16:12.735+0000][2940.030s][info ][safepoint     ] Application time: 1.0015511 seconds
[2023-10-31T09:16:12.736+0000][2940.031s][info ][safepoint     ] Entering safepoint region: Cleanup
[2023-10-31T09:16:12.738+0000][2940.033s][info ][safepoint     ] Leaving safepoint region
[2023-10-31T09:16:12.739+0000][2940.034s][info ][safepoint     ] Total time for which application threads were stopped: 0.0024147 seconds, Stopping threads took: 0.0010776 seconds
[2023-10-31T09:16:13.740+0000][2941.035s][debug][safepoint     ] Safepoint synchronization initiated. (186 threads)
[2023-10-31T09:16:13.741+0000][2941.036s][info ][safepoint     ] Application time: 1.0013755 seconds
[2023-10-31T09:16:13.742+0000][2941.037s][info ][safepoint     ] Entering safepoint region: Cleanup
[2023-10-31T09:16:13.743+0000][2941.038s][info ][safepoint     ] Leaving safepoint region
[2023-10-31T09:16:13.744+0000][2941.039s][info ][safepoint     ] Total time for which application threads were stopped: 0.0023351 seconds, Stopping threads took: 0.0008984 seconds
[2023-10-31T09:16:14.745+0000][2942.040s][debug][safepoint     ] Safepoint synchronization initiated. (186 threads)
[2023-10-31T09:16:14.746+0000][2942.041s][info ][safepoint     ] Application time: 1.0010489 seconds
[2023-10-31T09:16:14.747+0000][2942.042s][info ][safepoint     ] Entering safepoint region: Cleanup
[2023-10-31T09:16:14.748+0000][2942.043s][info ][safepoint     ] Leaving safepoint region
[2023-10-31T09:16:14.748+0000][2942.043s][info ][safepoint     ] Total time for which application threads were stopped: 0.0016838 seconds, Stopping threads took: 0.0007974 seconds
[2023-10-31T09:16:15.749+0000][2943.044s][debug][safepoint     ] Safepoint synchronization initiated. (186 threads)
[2023-10-31T09:16:15.750+0000][2943.045s][info ][safepoint     ] Application time: 1.0008937 seconds
[2023-10-31T09:16:15.750+0000][2943.045s][info ][safepoint     ] Entering safepoint region: Cleanup
[2023-10-31T09:16:15.751+0000][2943.046s][info ][safepoint     ] Leaving safepoint region
[2023-10-31T09:16:15.752+0000][2943.046s][info ][safepoint     ] Total time for which application threads were stopped: 0.0011636 seconds, Stopping threads took: 0.0004417 seconds
[2023-10-31T09:16:16.752+0000][2944.047s][debug][safepoint     ] Safepoint synchronization initiated. (186 threads)
[2023-10-31T09:16:16.753+0000][2944.048s][info ][safepoint     ] Application time: 1.0013161 seconds
[2023-10-31T09:16:16.754+0000][2944.049s][info ][safepoint     ] Entering safepoint region: Cleanup
[2023-10-31T09:16:16.755+0000][2944.050s][info ][safepoint     ] Leaving safepoint region
[2023-10-31T09:16:16.756+0000][2944.051s][info ][safepoint     ] Total time for which application threads were stopped: 0.0019239 seconds, Stopping threads took: 0.0009093 seconds
[2023-10-31T09:16:17.757+0000][2945.052s][debug][safepoint     ] Safepoint synchronization initiated. (186 threads)
[2023-10-31T09:16:17.758+0000][2945.053s][info ][safepoint     ] Application time: 1.0010379 seconds
[2023-10-31T09:16:17.759+0000][2945.054s][info ][safepoint     ] Entering safepoint region: Cleanup
[2023-10-31T09:16:17.760+0000][2945.055s][info ][safepoint     ] Leaving safepoint region
[2023-10-31T09:16:17.760+0000][2945.055s][info ][safepoint     ] Total time for which application threads were stopped: 0.0015180 seconds, Stopping threads took: 0.0007099 seconds
[2023-10-31T09:16:18.761+0000][2946.056s][debug][safepoint     ] Safepoint synchronization initiated. (186 threads)
[2023-10-31T09:16:18.762+0000][2946.057s][info ][safepoint     ] Application time: 1.0010387 seconds
[2023-10-31T09:16:18.762+0000][2946.057s][info ][safepoint     ] Entering safepoint region: Cleanup
[2023-10-31T09:16:18.763+0000][2946.058s][info ][safepoint     ] Leaving safepoint region
[2023-10-31T09:16:18.764+0000][2946.059s][info ][safepoint     ] Total time for which application threads were stopped: 0.0015279 seconds, Stopping threads took: 0.0007055 seconds
[2023-10-31T09:16:19.765+0000][2947.060s][debug][safepoint     ] Safepoint synchronization initiated. (186 threads)
[2023-10-31T09:16:19.766+0000][2947.061s][info ][safepoint     ] Application time: 1.0013981 seconds
[2023-10-31T09:16:19.767+0000][2947.062s][info ][safepoint     ] Entering safepoint region: Cleanup
[2023-10-31T09:16:19.769+0000][2947.064s][info ][safepoint     ] Leaving safepoint region
[2023-10-31T09:16:19.770+0000][2947.065s][info ][safepoint     ] Total time for which application threads were stopped: 0.0025048 seconds, Stopping threads took: 0.0011136 seconds
[2023-10-31T09:16:20.771+0000][2948.066s][debug][safepoint     ] Safepoint synchronization initiated. (186 threads)
[2023-10-31T09:16:20.772+0000][2948.067s][info ][safepoint     ] Application time: 1.0015258 seconds
[2023-10-31T09:16:20.773+0000][2948.068s][info ][safepoint     ] Entering safepoint region: Cleanup
[2023-10-31T09:16:20.775+0000][2948.069s][info ][safepoint     ] Leaving safepoint region
[2023-10-31T09:16:20.775+0000][2948.070s][info ][safepoint     ] Total time for which application threads were stopped: 0.0025586 seconds, Stopping threads took: 0.0011223 seconds
[2023-10-31T09:16:21.777+0000][2949.072s][debug][safepoint     ] Safepoint synchronization initiated. (186 threads)
[2023-10-31T09:16:21.778+0000][2949.073s][info ][safepoint     ] Application time: 1.0013994 seconds
[2023-10-31T09:16:21.779+0000][2949.074s][info ][safepoint     ] Entering safepoint region: Cleanup
[2023-10-31T09:16:21.780+0000][2949.075s][info ][safepoint     ] Leaving safepoint region
[2023-10-31T09:16:21.781+0000][2949.076s][info ][safepoint     ] Total time for which application threads were stopped: 0.0024179 seconds, Stopping threads took: 0.0010883 seconds
[2023-10-31T09:16:22.782+0000][2950.077s][debug][safepoint     ] Safepoint synchronization initiated. (186 threads)
[2023-10-31T09:16:22.783+0000][2950.078s][info ][safepoint     ] Application time: 1.0009104 seconds
[2023-10-31T09:16:22.784+0000][2950.079s][info ][safepoint     ] Entering safepoint region: Cleanup
[2023-10-31T09:16:22.784+0000][2950.079s][info ][safepoint     ] Leaving safepoint region
[2023-10-31T09:16:22.785+0000][2950.080s][info ][safepoint     ] Total time for which application threads were stopped: 0.0011780 seconds, Stopping threads took: 0.0005129 seconds
[2023-10-31T09:16:23.785+0000][2951.080s][debug][safepoint     ] Safepoint synchronization initiated. (186 threads)
[2023-10-31T09:16:23.786+0000][2951.081s][info ][safepoint     ] Application time: 1.0007994 seconds
[2023-10-31T09:16:23.787+0000][2951.082s][info ][safepoint     ] Entering safepoint region: Cleanup
[2023-10-31T09:16:23.788+0000][2951.083s][info ][safepoint     ] Leaving safepoint region
[2023-10-31T09:16:23.788+0000][2951.083s][info ][safepoint     ] Total time for which application threads were stopped: 0.0015403 seconds, Stopping threads took: 0.0007172 seconds
[2023-10-31T09:16:24.789+0000][2952.084s][debug][safepoint     ] Safepoint synchronization initiated. (186 threads)
[2023-10-31T09:16:24.789+0000][2952.084s][info ][safepoint     ] Application time: 1.0006469 seconds
[2023-10-31T09:16:24.790+0000][2952.085s][info ][safepoint     ] Entering safepoint region: Cleanup
[2023-10-31T09:16:24.790+0000][2952.085s][info ][safepoint     ] Leaving safepoint region
[2023-10-31T09:16:24.791+0000][2952.086s][info ][safepoint     ] Total time for which application threads were stopped: 0.0008480 seconds, Stopping threads took: 0.0003580 seconds
[2023-10-31T09:16:25.791+0000][2953.086s][debug][safepoint     ] Safepoint synchronization initiated. (186 threads)
[2023-10-31T09:16:25.792+0000][2953.087s][info ][safepoint     ] Application time: 1.0009203 seconds
[2023-10-31T09:16:25.792+0000][2953.087s][info ][safepoint     ] Entering safepoint region: Cleanup
[2023-10-31T09:16:25.793+0000][2953.088s][info ][safepoint     ] Leaving safepoint region
[2023-10-31T09:16:25.794+0000][2953.088s][info ][safepoint     ] Total time for which application threads were stopped: 0.0011668 seconds, Stopping threads took: 0.0005344 seconds
[2023-10-31T09:16:26.794+0000][2954.089s][debug][safepoint     ] Safepoint synchronization initiated. (186 threads)
[2023-10-31T09:16:26.795+0000][2954.090s][info ][safepoint     ] Application time: 1.0010634 seconds
[2023-10-31T09:16:26.796+0000][2954.091s][info ][safepoint     ] Entering safepoint region: Cleanup
[2023-10-31T09:16:26.797+0000][2954.092s][info ][safepoint     ] Leaving safepoint region
[2023-10-31T09:16:26.797+0000][2954.092s][info ][safepoint     ] Total time for which application threads were stopped: 0.0015087 seconds, Stopping threads took: 0.0007543 seconds
[2023-10-31T09:16:27.798+0000][2955.093s][debug][safepoint     ] Safepoint synchronization initiated. (186 threads)
[2023-10-31T09:16:27.798+0000][2955.093s][info ][safepoint     ] Application time: 1.0006501 seconds
[2023-10-31T09:16:27.799+0000][2955.094s][info ][safepoint     ] Entering safepoint region: Cleanup
[2023-10-31T09:16:27.799+0000][2955.094s][info ][safepoint     ] Leaving safepoint region
[2023-10-31T09:16:27.800+0000][2955.095s][info ][safepoint     ] Total time for which application threads were stopped: 0.0011139 seconds, Stopping threads took: 0.0004926 seconds
[2023-10-31T09:16:28.800+0000][2956.095s][debug][safepoint     ] Safepoint synchronization initiated. (186 threads)
[2023-10-31T09:16:28.801+0000][2956.096s][info ][safepoint     ] Application time: 1.0008433 seconds
[2023-10-31T09:16:28.802+0000][2956.097s][info ][safepoint     ] Entering safepoint region: Cleanup
[2023-10-31T09:16:28.803+0000][2956.098s][info ][safepoint     ] Leaving safepoint region
[2023-10-31T09:16:28.803+0000][2956.098s][info ][safepoint     ] Total time for which application threads were stopped: 0.0013674 seconds, Stopping threads took: 0.0005853 seconds
[2023-10-31T09:16:29.804+0000][2957.099s][debug][safepoint     ] Safepoint synchronization initiated. (186 threads)
[2023-10-31T09:16:29.817+0000][2957.112s][info ][safepoint     ] Application time: 1.0129816 seconds
[2023-10-31T09:16:29.844+0000][2957.139s][debug][safepoint     ] ... found polling page return exception at pc = 0x00007f62e840b344, stub =0x00007f62e0840600
[2023-10-31T09:16:29.853+0000][2957.148s][debug][safepoint     ] Waiting for 1 thread(s) to block
[2023-10-31T09:16:29.858+0000][2957.153s][info ][safepoint     ] Entering safepoint region: Cleanup
[2023-10-31T09:16:29.866+0000][2957.161s][info ][safepoint     ] Leaving safepoint region
[2023-10-31T09:16:29.874+0000][2957.169s][info ][safepoint     ] Total time for which application threads were stopped: 0.0456365 seconds, Stopping threads took: 0.0375038 seconds
[2023-10-31T09:16:30.880+0000][2958.175s][debug][safepoint     ] Safepoint synchronization initiated. (186 threads)
[2023-10-31T09:16:30.884+0000][2958.179s][info ][safepoint     ] Application time: 1.0034370 seconds
[2023-10-31T09:16:30.885+0000][2958.180s][info ][safepoint     ] Entering safepoint region: Cleanup
[2023-10-31T09:16:30.886+0000][2958.181s][info ][safepoint     ] Leaving safepoint region
[2023-10-31T09:16:30.886+0000][2958.181s][info ][safepoint     ] Total time for which application threads were stopped: 0.0015967 seconds, Stopping threads took: 0.0009849 seconds
[2023-10-31T09:16:31.887+0000][2959.182s][debug][safepoint     ] Safepoint synchronization initiated. (186 threads)
[2023-10-31T09:16:31.888+0000][2959.182s][info ][safepoint     ] Application time: 1.0010123 seconds
[2023-10-31T09:16:31.888+0000][2959.183s][info ][safepoint     ] Entering safepoint region: Cleanup
[2023-10-31T09:16:31.889+0000][2959.184s][info ][safepoint     ] Leaving safepoint region
[2023-10-31T09:16:31.889+0000][2959.184s][info ][safepoint     ] Total time for which application threads were stopped: 0.0014393 seconds, Stopping threads took: 0.0006378 seconds
[2023-10-31T09:16:32.890+0000][2960.185s][debug][safepoint     ] Safepoint synchronization initiated. (186 threads)
[2023-10-31T09:16:32.891+0000][2960.185s][info ][safepoint     ] Application time: 1.0006298 seconds
[2023-10-31T09:16:32.891+0000][2960.186s][info ][safepoint     ] Entering safepoint region: Cleanup
[2023-10-31T09:16:32.893+0000][2960.188s][info ][safepoint     ] Leaving safepoint region
[2023-10-31T09:16:32.893+0000][2960.188s][info ][safepoint     ] Total time for which application threads were stopped: 0.0016982 seconds, Stopping threads took: 0.0011991 seconds
[2023-10-31T09:16:33.893+0000][2961.188s][debug][safepoint     ] Safepoint synchronization initiated. (186 threads)
[2023-10-31T09:16:33.894+0000][2961.189s][info ][safepoint     ] Application time: 1.0008029 seconds
[2023-10-31T09:16:33.895+0000][2961.190s][info ][safepoint     ] Entering safepoint region: Cleanup
[2023-10-31T09:16:33.895+0000][2961.190s][info ][safepoint     ] Leaving safepoint region
[2023-10-31T09:16:33.896+0000][2961.191s][info ][safepoint     ] Total time for which application threads were stopped: 0.0012900 seconds, Stopping threads took: 0.0004936 seconds
[2023-10-31T09:16:34.896+0000][2962.191s][debug][safepoint     ] Safepoint synchronization initiated. (186 threads)
[2023-10-31T09:16:34.898+0000][2962.193s][info ][safepoint     ] Application time: 1.0015185 seconds
[2023-10-31T09:16:34.899+0000][2962.194s][info ][safepoint     ] Entering safepoint region: Cleanup
[2023-10-31T09:16:34.899+0000][2962.194s][info ][safepoint     ] Leaving safepoint region
[2023-10-31T09:16:34.900+0000][2962.195s][info ][safepoint     ] Total time for which application threads were stopped: 0.0011066 seconds, Stopping threads took: 0.0005287 seconds
[2023-10-31T09:16:35.900+0000][2963.195s][debug][safepoint     ] Safepoint synchronization initiated. (186 threads)
[2023-10-31T09:16:35.901+0000][2963.196s][info ][safepoint     ] Application time: 1.0013409 seconds
[2023-10-31T09:16:35.902+0000][2963.197s][info ][safepoint     ] Entering safepoint region: Cleanup
[2023-10-31T09:16:35.904+0000][2963.199s][info ][safepoint     ] Leaving safepoint region
[2023-10-31T09:16:35.904+0000][2963.199s][info ][safepoint     ] Total time for which application threads were stopped: 0.0020663 seconds, Stopping threads took: 0.0009569 seconds
[2023-10-31T09:16:36.905+0000][2964.200s][debug][safepoint     ] Safepoint synchronization initiated. (186 threads)
[2023-10-31T09:16:36.906+0000][2964.201s][info ][safepoint     ] Application time: 1.0009165 seconds
[2023-10-31T09:16:36.907+0000][2964.202s][info ][safepoint     ] Entering safepoint region: Cleanup
[2023-10-31T09:16:36.907+0000][2964.202s][info ][safepoint     ] Leaving safepoint region
[2023-10-31T09:16:36.908+0000][2964.203s][info ][safepoint     ] Total time for which application threads were stopped: 0.0013198 seconds, Stopping threads took: 0.0005662 seconds
[2023-10-31T09:16:37.909+0000][2965.204s][debug][safepoint     ] Safepoint synchronization initiated. (186 threads)
[2023-10-31T09:16:37.909+0000][2965.204s][info ][safepoint     ] Application time: 1.0005570 seconds
[2023-10-31T09:16:37.909+0000][2965.204s][info ][safepoint     ] Entering safepoint region: Cleanup
[2023-10-31T09:16:37.910+0000][2965.205s][info ][safepoint     ] Leaving safepoint region
[2023-10-31T09:16:37.910+0000][2965.205s][info ][safepoint     ] Total time for which application threads were stopped: 0.0008898 seconds, Stopping threads took: 0.0003417 seconds
[2023-10-31T09:16:38.911+0000][2966.206s][debug][safepoint     ] Safepoint synchronization initiated. (186 threads)
[2023-10-31T09:16:38.912+0000][2966.207s][info ][safepoint     ] Application time: 1.0016814 seconds
[2023-10-31T09:16:38.913+0000][2966.208s][info ][safepoint     ] Entering safepoint region: Cleanup
[2023-10-31T09:16:38.915+0000][2966.210s][info ][safepoint     ] Leaving safepoint region
[2023-10-31T09:16:38.916+0000][2966.211s][info ][safepoint     ] Total time for which application threads were stopped: 0.0023224 seconds, Stopping threads took: 0.0010635 seconds
[2023-10-31T09:16:39.917+0000][2967.212s][debug][safepoint     ] Safepoint synchronization initiated. (186 threads)
[2023-10-31T09:16:39.917+0000][2967.212s][info ][safepoint     ] Application time: 1.0006370 seconds
[2023-10-31T09:16:39.918+0000][2967.213s][info ][safepoint     ] Entering safepoint region: Cleanup
[2023-10-31T09:16:39.919+0000][2967.213s][info ][safepoint     ] Leaving safepoint region
[2023-10-31T09:16:39.919+0000][2967.214s][info ][safepoint     ] Total time for which application threads were stopped: 0.0014029 seconds, Stopping threads took: 0.0004736 seconds
[2023-10-31T09:16:40.920+0000][2968.215s][debug][safepoint     ] Safepoint synchronization initiated. (186 threads)
[2023-10-31T09:16:40.920+0000][2968.215s][info ][safepoint     ] Application time: 1.0005949 seconds
[2023-10-31T09:16:40.921+0000][2968.216s][info ][safepoint     ] Entering safepoint region: Cleanup
[2023-10-31T09:16:40.921+0000][2968.216s][info ][safepoint     ] Leaving safepoint region
[2023-10-31T09:16:40.922+0000][2968.217s][info ][safepoint     ] Total time for which application threads were stopped: 0.0010112 seconds, Stopping threads took: 0.0004504 seconds
[2023-10-31T09:16:41.922+0000][2969.217s][debug][safepoint     ] Safepoint synchronization initiated. (186 threads)
[2023-10-31T09:16:41.923+0000][2969.218s][info ][safepoint     ] Application time: 1.0009177 seconds
[2023-10-31T09:16:41.924+0000][2969.219s][info ][safepoint     ] Entering safepoint region: Cleanup
[2023-10-31T09:16:41.924+0000][2969.219s][info ][safepoint     ] Leaving safepoint region
[2023-10-31T09:16:41.925+0000][2969.220s][info ][safepoint     ] Total time for which application threads were stopped: 0.0013153 seconds, Stopping threads took: 0.0005778 seconds
[2023-10-31T09:16:42.926+0000][2970.221s][debug][safepoint     ] Safepoint synchronization initiated. (186 threads)
[2023-10-31T09:16:42.926+0000][2970.221s][info ][safepoint     ] Application time: 1.0006555 seconds
[2023-10-31T09:16:42.927+0000][2970.222s][info ][safepoint     ] Entering safepoint region: Cleanup
[2023-10-31T09:16:42.927+0000][2970.222s][info ][safepoint     ] Leaving safepoint region
[2023-10-31T09:16:42.928+0000][2970.223s][info ][safepoint     ] Total time for which application threads were stopped: 0.0012419 seconds, Stopping threads took: 0.0004105 seconds
[2023-10-31T09:16:43.928+0000][2971.223s][debug][safepoint     ] Safepoint synchronization initiated. (186 threads)
[2023-10-31T09:16:43.929+0000][2971.224s][info ][safepoint     ] Application time: 1.0005254 seconds
[2023-10-31T09:16:43.929+0000][2971.224s][info ][safepoint     ] Entering safepoint region: Cleanup
[2023-10-31T09:16:43.930+0000][2971.225s][info ][safepoint     ] Leaving safepoint region
[2023-10-31T09:16:43.930+0000][2971.225s][info ][safepoint     ] Total time for which application threads were stopped: 0.0012690 seconds, Stopping threads took: 0.0004953 seconds
[2023-10-31T09:16:44.931+0000][2972.226s][debug][safepoint     ] Safepoint synchronization initiated. (186 threads)
[2023-10-31T09:16:44.932+0000][2972.227s][info ][safepoint     ] Application time: 1.0012141 seconds
[2023-10-31T09:16:44.933+0000][2972.228s][info ][safepoint     ] Entering safepoint region: Cleanup
[2023-10-31T09:16:44.934+0000][2972.229s][info ][safepoint     ] Leaving safepoint region
[2023-10-31T09:16:44.935+0000][2972.230s][info ][safepoint     ] Total time for which application threads were stopped: 0.0023451 seconds, Stopping threads took: 0.0007479 seconds
[2023-10-31T09:16:45.936+0000][2973.231s][debug][safepoint     ] Safepoint synchronization initiated. (186 threads)
[2023-10-31T09:16:45.938+0000][2973.233s][info ][safepoint     ] Application time: 1.0017450 seconds
[2023-10-31T09:16:45.939+0000][2973.234s][info ][safepoint     ] Entering safepoint region: Cleanup
[2023-10-31T09:16:45.940+0000][2973.235s][info ][safepoint     ] Leaving safepoint region
[2023-10-31T09:16:45.940+0000][2973.235s][info ][safepoint     ] Total time for which application threads were stopped: 0.0019458 seconds, Stopping threads took: 0.0010751 seconds
[2023-10-31T09:16:46.941+0000][2974.236s][debug][safepoint     ] Safepoint synchronization initiated. (186 threads)
[2023-10-31T09:16:46.942+0000][2974.237s][info ][safepoint     ] Application time: 1.0009232 seconds
[2023-10-31T09:16:46.943+0000][2974.238s][info ][safepoint     ] Entering safepoint region: Cleanup
[2023-10-31T09:16:46.944+0000][2974.239s][info ][safepoint     ] Leaving safepoint region
[2023-10-31T09:16:46.944+0000][2974.239s][info ][safepoint     ] Total time for which application threads were stopped: 0.0013964 seconds, Stopping threads took: 0.0005893 seconds
[2023-10-31T09:16:47.945+0000][2975.240s][debug][safepoint     ] Safepoint synchronization initiated. (186 threads)
[2023-10-31T09:16:47.945+0000][2975.240s][info ][safepoint     ] Application time: 1.0007029 seconds
[2023-10-31T09:16:47.946+0000][2975.241s][info ][safepoint     ] Entering safepoint region: Cleanup
[2023-10-31T09:16:47.946+0000][2975.241s][info ][safepoint     ] Leaving safepoint region
[2023-10-31T09:16:47.947+0000][2975.242s][info ][safepoint     ] Total time for which application threads were stopped: 0.0010020 seconds, Stopping threads took: 0.0003695 seconds
[2023-10-31T09:16:48.948+0000][2976.243s][debug][safepoint     ] Safepoint synchronization initiated. (186 threads)
[2023-10-31T09:16:48.948+0000][2976.243s][info ][safepoint     ] Application time: 1.0012410 seconds
[2023-10-31T09:16:48.949+0000][2976.244s][info ][safepoint     ] Entering safepoint region: Cleanup
[2023-10-31T09:16:48.950+0000][2976.245s][info ][safepoint     ] Leaving safepoint region
[2023-10-31T09:16:48.951+0000][2976.246s][info ][safepoint     ] Total time for which application threads were stopped: 0.0016467 seconds, Stopping threads took: 0.0007476 seconds
[2023-10-31T09:16:49.952+0000][2977.247s][debug][safepoint     ] Safepoint synchronization initiated. (186 threads)
[2023-10-31T09:16:49.953+0000][2977.248s][info ][safepoint     ] Application time: 1.0015986 seconds
[2023-10-31T09:16:49.954+0000][2977.249s][info ][safepoint     ] Entering safepoint region: Cleanup
[2023-10-31T09:16:49.955+0000][2977.250s][info ][safepoint     ] Leaving safepoint region
[2023-10-31T09:16:49.956+0000][2977.251s][info ][safepoint     ] Total time for which application threads were stopped: 0.0020149 seconds, Stopping threads took: 0.0009034 seconds
[2023-10-31T09:16:50.957+0000][2978.252s][debug][safepoint     ] Safepoint synchronization initiated. (186 threads)
[2023-10-31T09:16:50.958+0000][2978.253s][info ][safepoint     ] Application time: 1.0007517 seconds
[2023-10-31T09:16:50.958+0000][2978.253s][info ][safepoint     ] Entering safepoint region: Cleanup
[2023-10-31T09:16:50.959+0000][2978.254s][info ][safepoint     ] Leaving safepoint region
[2023-10-31T09:16:50.959+0000][2978.254s][info ][safepoint     ] Total time for which application threads were stopped: 0.0008928 seconds, Stopping threads took: 0.0003601 seconds
[2023-10-31T09:16:51.960+0000][2979.255s][debug][safepoint     ] Safepoint synchronization initiated. (186 threads)
[2023-10-31T09:16:51.961+0000][2979.256s][info ][safepoint     ] Application time: 1.0013938 seconds
[2023-10-31T09:16:51.963+0000][2979.257s][info ][safepoint     ] Entering safepoint region: Cleanup
[2023-10-31T09:16:51.964+0000][2979.259s][info ][safepoint     ] Leaving safepoint region
[2023-10-31T09:16:51.965+0000][2979.260s][info ][safepoint     ] Total time for which application threads were stopped: 0.0021505 seconds, Stopping threads took: 0.0008708 seconds
[2023-10-31T09:16:52.966+0000][2980.261s][debug][safepoint     ] Safepoint synchronization initiated. (186 threads)
[2023-10-31T09:16:52.966+0000][2980.261s][info ][safepoint     ] Application time: 1.0006780 seconds
[2023-10-31T09:16:52.967+0000][2980.262s][info ][safepoint     ] Entering safepoint region: Cleanup
[2023-10-31T09:16:52.967+0000][2980.262s][info ][safepoint     ] Leaving safepoint region
[2023-10-31T09:16:52.968+0000][2980.263s][info ][safepoint     ] Total time for which application threads were stopped: 0.0011291 seconds, Stopping threads took: 0.0005164 seconds
[2023-10-31T09:16:53.968+0000][2981.263s][debug][safepoint     ] Safepoint synchronization initiated. (186 threads)
[2023-10-31T09:16:53.969+0000][2981.264s][info ][safepoint     ] Application time: 1.0005900 seconds
[2023-10-31T09:16:53.969+0000][2981.264s][info ][safepoint     ] Entering safepoint region: Cleanup
[2023-10-31T09:16:53.970+0000][2981.265s][info ][safepoint     ] Leaving safepoint region
[2023-10-31T09:16:53.970+0000][2981.265s][info ][safepoint     ] Total time for which application threads were stopped: 0.0010811 seconds, Stopping threads took: 0.0005290 seconds
[2023-10-31T09:16:54.971+0000][2982.266s][debug][safepoint     ] Safepoint synchronization initiated. (186 threads)
[2023-10-31T09:16:54.972+0000][2982.267s][info ][safepoint     ] Application time: 1.0015127 seconds
[2023-10-31T09:16:54.973+0000][2982.268s][info ][safepoint     ] Entering safepoint region: Cleanup
[2023-10-31T09:16:54.975+0000][2982.270s][info ][safepoint     ] Leaving safepoint region
[2023-10-31T09:16:54.976+0000][2982.271s][info ][safepoint     ] Total time for which application threads were stopped: 0.0023759 seconds, Stopping threads took: 0.0010585 seconds
[2023-10-31T09:16:55.977+0000][2983.272s][debug][safepoint     ] Safepoint synchronization initiated. (186 threads)
[2023-10-31T09:16:55.978+0000][2983.273s][info ][safepoint     ] Application time: 1.0012141 seconds
[2023-10-31T09:16:55.979+0000][2983.273s][info ][safepoint     ] Entering safepoint region: Cleanup
[2023-10-31T09:16:55.980+0000][2983.275s][info ][safepoint     ] Leaving safepoint region
[2023-10-31T09:16:55.980+0000][2983.275s][info ][safepoint     ] Total time for which application threads were stopped: 0.0017999 seconds, Stopping threads took: 0.0008364 seconds
[2023-10-31T09:16:56.981+0000][2984.276s][debug][safepoint     ] Safepoint synchronization initiated. (186 threads)
[2023-10-31T09:16:56.982+0000][2984.277s][info ][safepoint     ] Application time: 1.0011197 seconds
[2023-10-31T09:16:56.983+0000][2984.278s][info ][safepoint     ] Entering safepoint region: Cleanup
[2023-10-31T09:16:56.984+0000][2984.279s][info ][safepoint     ] Leaving safepoint region
[2023-10-31T09:16:56.985+0000][2984.280s][info ][safepoint     ] Total time for which application threads were stopped: 0.0021199 seconds, Stopping threads took: 0.0008002 seconds
[2023-10-31T09:16:57.986+0000][2985.281s][debug][safepoint     ] Safepoint synchronization initiated. (186 threads)
[2023-10-31T09:16:57.987+0000][2985.282s][info ][safepoint     ] Application time: 1.0008104 seconds
[2023-10-31T09:16:57.987+0000][2985.282s][info ][safepoint     ] Entering safepoint region: Cleanup
[2023-10-31T09:16:57.988+0000][2985.283s][info ][safepoint     ] Leaving safepoint region
[2023-10-31T09:16:57.988+0000][2985.283s][info ][safepoint     ] Total time for which application threads were stopped: 0.0011444 seconds, Stopping threads took: 0.0005139 seconds
[2023-10-31T09:16:58.989+0000][2986.284s][debug][safepoint     ] Safepoint synchronization initiated. (186 threads)
[2023-10-31T09:16:58.990+0000][2986.285s][info ][safepoint     ] Application time: 1.0011237 seconds
[2023-10-31T09:16:58.991+0000][2986.285s][info ][safepoint     ] Entering safepoint region: Cleanup
[2023-10-31T09:16:58.991+0000][2986.286s][info ][safepoint     ] Leaving safepoint region
[2023-10-31T09:16:58.992+0000][2986.287s][info ][safepoint     ] Total time for which application threads were stopped: 0.0013516 seconds, Stopping threads took: 0.0005984 seconds
[2023-10-31T09:16:59.993+0000][2987.287s][debug][safepoint     ] Safepoint synchronization initiated. (186 threads)
[2023-10-31T09:16:59.993+0000][2987.288s][info ][safepoint     ] Application time: 1.0008896 seconds
[2023-10-31T09:16:59.994+0000][2987.289s][info ][safepoint     ] Entering safepoint region: Cleanup
[2023-10-31T09:16:59.995+0000][2987.289s][info ][safepoint     ] Leaving safepoint region
[2023-10-31T09:16:59.995+0000][2987.290s][info ][safepoint     ] Total time for which application threads were stopped: 0.0013271 seconds, Stopping threads took: 0.0005756 seconds
[2023-10-31T09:17:00.996+0000][2988.291s][debug][safepoint     ] Safepoint synchronization initiated. (186 threads)
[2023-10-31T09:17:00.996+0000][2988.291s][info ][safepoint     ] Application time: 1.0006947 seconds
[2023-10-31T09:17:00.997+0000][2988.292s][info ][safepoint     ] Entering safepoint region: Cleanup
[2023-10-31T09:17:00.997+0000][2988.292s][info ][safepoint     ] Leaving safepoint region
[2023-10-31T09:17:00.998+0000][2988.293s][info ][safepoint     ] Total time for which application threads were stopped: 0.0010121 seconds, Stopping threads took: 0.0004426 seconds
[2023-10-31T09:17:01.998+0000][2989.293s][debug][safepoint     ] Safepoint synchronization initiated. (186 threads)
[2023-10-31T09:17:01.999+0000][2989.294s][info ][safepoint     ] Application time: 1.0007321 seconds
[2023-10-31T09:17:01.999+0000][2989.294s][info ][safepoint     ] Entering safepoint region: Cleanup
[2023-10-31T09:17:02.000+0000][2989.295s][info ][safepoint     ] Leaving safepoint region
[2023-10-31T09:17:02.000+0000][2989.295s][info ][safepoint     ] Total time for which application threads were stopped: 0.0009253 seconds, Stopping threads took: 0.0003986 seconds
[2023-10-31T09:17:03.001+0000][2990.296s][debug][safepoint     ] Safepoint synchronization initiated. (186 threads)
[2023-10-31T09:17:03.002+0000][2990.297s][info ][safepoint     ] Application time: 1.0009793 seconds
[2023-10-31T09:17:03.002+0000][2990.297s][info ][safepoint     ] Entering safepoint region: Cleanup
[2023-10-31T09:17:03.003+0000][2990.298s][info ][safepoint     ] Leaving safepoint region
[2023-10-31T09:17:03.004+0000][2990.299s][info ][safepoint     ] Total time for which application threads were stopped: 0.0014572 seconds, Stopping threads took: 0.0007251 seconds
[2023-10-31T09:17:04.005+0000][2991.299s][debug][safepoint     ] Safepoint synchronization initiated. (186 threads)
[2023-10-31T09:17:04.005+0000][2991.300s][info ][safepoint     ] Application time: 1.0007545 seconds
[2023-10-31T09:17:04.006+0000][2991.301s][info ][safepoint     ] Entering safepoint region: Cleanup
[2023-10-31T09:17:04.007+0000][2991.301s][info ][safepoint     ] Leaving safepoint region
[2023-10-31T09:17:04.007+0000][2991.302s][info ][safepoint     ] Total time for which application threads were stopped: 0.0014473 seconds, Stopping threads took: 0.0006038 seconds
[2023-10-31T09:17:05.008+0000][2992.303s][debug][safepoint     ] Safepoint synchronization initiated. (186 threads)
[2023-10-31T09:17:05.009+0000][2992.303s][info ][safepoint     ] Application time: 1.0010436 seconds
[2023-10-31T09:17:05.009+0000][2992.304s][info ][safepoint     ] Entering safepoint region: Cleanup
[2023-10-31T09:17:05.010+0000][2992.305s][info ][safepoint     ] Leaving safepoint region
[2023-10-31T09:17:05.010+0000][2992.305s][info ][safepoint     ] Total time for which application threads were stopped: 0.0012180 seconds, Stopping threads took: 0.0005531 seconds
[2023-10-31T09:17:06.011+0000][2993.306s][debug][safepoint     ] Safepoint synchronization initiated. (186 threads)
[2023-10-31T09:17:06.012+0000][2993.307s][info ][safepoint     ] Application time: 1.0010156 seconds
[2023-10-31T09:17:06.013+0000][2993.308s][info ][safepoint     ] Entering safepoint region: Cleanup
[2023-10-31T09:17:06.013+0000][2993.308s][info ][safepoint     ] Leaving safepoint region
[2023-10-31T09:17:06.014+0000][2993.309s][info ][safepoint     ] Total time for which application threads were stopped: 0.0013005 seconds, Stopping threads took: 0.0005701 seconds
[2023-10-31T09:17:07.014+0000][2994.309s][debug][safepoint     ] Safepoint synchronization initiated. (186 threads)
[2023-10-31T09:17:07.015+0000][2994.310s][info ][safepoint     ] Application time: 1.0006518 seconds
[2023-10-31T09:17:07.016+0000][2994.310s][info ][safepoint     ] Entering safepoint region: Cleanup
[2023-10-31T09:17:07.016+0000][2994.311s][info ][safepoint     ] Leaving safepoint region
[2023-10-31T09:17:07.017+0000][2994.312s][info ][safepoint     ] Total time for which application threads were stopped: 0.0012462 seconds, Stopping threads took: 0.0005627 seconds
[2023-10-31T09:17:08.017+0000][2995.312s][debug][safepoint     ] Safepoint synchronization initiated. (186 threads)
[2023-10-31T09:17:08.018+0000][2995.313s][info ][safepoint     ] Application time: 1.0008457 seconds
[2023-10-31T09:17:08.019+0000][2995.314s][info ][safepoint     ] Entering safepoint region: Cleanup
[2023-10-31T09:17:08.020+0000][2995.314s][info ][safepoint     ] Leaving safepoint region
[2023-10-31T09:17:08.020+0000][2995.315s][info ][safepoint     ] Total time for which application threads were stopped: 0.0012798 seconds, Stopping threads took: 0.0004349 seconds
[2023-10-31T09:17:09.021+0000][2996.315s][debug][safepoint     ] Safepoint synchronization initiated. (186 threads)
[2023-10-31T09:17:09.021+0000][2996.316s][info ][safepoint     ] Application time: 1.0005813 seconds
[2023-10-31T09:17:09.022+0000][2996.316s][info ][safepoint     ] Entering safepoint region: Cleanup
[2023-10-31T09:17:09.022+0000][2996.317s][info ][safepoint     ] Leaving safepoint region
[2023-10-31T09:17:09.023+0000][2996.318s][info ][safepoint     ] Total time for which application threads were stopped: 0.0017666 seconds, Stopping threads took: 0.0004492 seconds
[2023-10-31T09:17:10.024+0000][2997.319s][debug][safepoint     ] Safepoint synchronization initiated. (185 threads)
[2023-10-31T09:17:10.026+0000][2997.321s][info ][safepoint     ] Application time: 1.0018636 seconds
[2023-10-31T09:17:10.027+0000][2997.321s][info ][safepoint     ] Entering safepoint region: Cleanup
[2023-10-31T09:17:10.027+0000][2997.322s][info ][safepoint     ] Leaving safepoint region
[2023-10-31T09:17:10.028+0000][2997.323s][info ][safepoint     ] Total time for which application threads were stopped: 0.0012444 seconds, Stopping threads took: 0.0006419 seconds
[2023-10-31T09:17:11.028+0000][2998.323s][debug][safepoint     ] Safepoint synchronization initiated. (185 threads)
[2023-10-31T09:17:11.029+0000][2998.324s][info ][safepoint     ] Application time: 1.0008999 seconds
[2023-10-31T09:17:11.030+0000][2998.325s][info ][safepoint     ] Entering safepoint region: Cleanup
[2023-10-31T09:17:11.030+0000][2998.325s][info ][safepoint     ] Leaving safepoint region
[2023-10-31T09:17:11.031+0000][2998.326s][info ][safepoint     ] Total time for which application threads were stopped: 0.0013520 seconds, Stopping threads took: 0.0005964 seconds
[2023-10-31T09:17:12.032+0000][2999.326s][debug][safepoint     ] Safepoint synchronization initiated. (185 threads)
[2023-10-31T09:17:12.032+0000][2999.327s][info ][safepoint     ] Application time: 1.0009436 seconds
[2023-10-31T09:17:12.033+0000][2999.328s][info ][safepoint     ] Entering safepoint region: Cleanup
[2023-10-31T09:17:12.034+0000][2999.329s][info ][safepoint     ] Leaving safepoint region
[2023-10-31T09:17:12.034+0000][2999.329s][info ][safepoint     ] Total time for which application threads were stopped: 0.0013878 seconds, Stopping threads took: 0.0006172 seconds
[2023-10-31T09:17:13.035+0000][3000.330s][debug][safepoint     ] Safepoint synchronization initiated. (186 threads)
[2023-10-31T09:17:13.036+0000][3000.331s][info ][safepoint     ] Application time: 1.0014298 seconds
[2023-10-31T09:17:13.037+0000][3000.332s][info ][safepoint     ] Entering safepoint region: Cleanup
[2023-10-31T09:17:13.039+0000][3000.334s][info ][safepoint     ] Leaving safepoint region
[2023-10-31T09:17:13.040+0000][3000.334s][info ][safepoint     ] Total time for which application threads were stopped: 0.0022498 seconds, Stopping threads took: 0.0009502 seconds
[2023-10-31T09:17:14.041+0000][3001.335s][debug][safepoint     ] Safepoint synchronization initiated. (186 threads)
[2023-10-31T09:17:14.041+0000][3001.336s][info ][safepoint     ] Application time: 1.0010075 seconds
[2023-10-31T09:17:14.042+0000][3001.337s][info ][safepoint     ] Entering safepoint region: Cleanup
[2023-10-31T09:17:14.043+0000][3001.338s][info ][safepoint     ] Leaving safepoint region
[2023-10-31T09:17:14.044+0000][3001.338s][info ][safepoint     ] Total time for which application threads were stopped: 0.0014819 seconds, Stopping threads took: 0.0006910 seconds
[2023-10-31T09:17:15.044+0000][3002.339s][debug][safepoint     ] Safepoint synchronization initiated. (186 threads)
[2023-10-31T09:17:15.045+0000][3002.340s][info ][safepoint     ] Application time: 1.0005777 seconds
[2023-10-31T09:17:15.045+0000][3002.340s][info ][safepoint     ] Entering safepoint region: Cleanup
[2023-10-31T09:17:15.046+0000][3002.340s][info ][safepoint     ] Leaving safepoint region
[2023-10-31T09:17:15.046+0000][3002.341s][info ][safepoint     ] Total time for which application threads were stopped: 0.0009734 seconds, Stopping threads took: 0.0004142 seconds
[2023-10-31T09:17:16.046+0000][3003.341s][debug][safepoint     ] Safepoint synchronization initiated. (186 threads)
[2023-10-31T09:17:16.047+0000][3003.342s][info ][safepoint     ] Application time: 1.0008781 seconds
[2023-10-31T09:17:16.048+0000][3003.343s][info ][safepoint     ] Entering safepoint region: Cleanup
[2023-10-31T09:17:16.049+0000][3003.344s][info ][safepoint     ] Leaving safepoint region
[2023-10-31T09:17:16.049+0000][3003.344s][info ][safepoint     ] Total time for which application threads were stopped: 0.0015002 seconds, Stopping threads took: 0.0007264 seconds
[2023-10-31T09:17:17.050+0000][3004.345s][debug][safepoint     ] Safepoint synchronization initiated. (186 threads)
[2023-10-31T09:17:17.051+0000][3004.346s][info ][safepoint     ] Application time: 1.0014218 seconds
[2023-10-31T09:17:17.053+0000][3004.347s][info ][safepoint     ] Entering safepoint region: Cleanup
[2023-10-31T09:17:17.054+0000][3004.349s][info ][safepoint     ] Leaving safepoint region
[2023-10-31T09:17:17.055+0000][3004.349s][info ][safepoint     ] Total time for which application threads were stopped: 0.0021286 seconds, Stopping threads took: 0.0009236 seconds
[2023-10-31T09:17:18.056+0000][3005.351s][debug][safepoint     ] Safepoint synchronization initiated. (186 threads)
[2023-10-31T09:17:18.057+0000][3005.352s][info ][safepoint     ] Application time: 1.0012155 seconds
[2023-10-31T09:17:18.058+0000][3005.352s][info ][safepoint     ] Entering safepoint region: Cleanup
[2023-10-31T09:17:18.059+0000][3005.353s][info ][safepoint     ] Leaving safepoint region
[2023-10-31T09:17:18.059+0000][3005.354s][info ][safepoint     ] Total time for which application threads were stopped: 0.0017273 seconds, Stopping threads took: 0.0008198 seconds
[2023-10-31T09:17:19.060+0000][3006.355s][debug][safepoint     ] Safepoint synchronization initiated. (186 threads)
[2023-10-31T09:17:19.061+0000][3006.356s][info ][safepoint     ] Application time: 1.0011706 seconds
[2023-10-31T09:17:19.062+0000][3006.357s][info ][safepoint     ] Entering safepoint region: Cleanup
[2023-10-31T09:17:19.063+0000][3006.358s][info ][safepoint     ] Leaving safepoint region
[2023-10-31T09:17:19.064+0000][3006.359s][info ][safepoint     ] Total time for which application threads were stopped: 0.0018888 seconds, Stopping threads took: 0.0007530 seconds
[2023-10-31T09:17:20.065+0000][3007.360s][debug][safepoint     ] Safepoint synchronization initiated. (186 threads)
[2023-10-31T09:17:20.066+0000][3007.361s][info ][safepoint     ] Application time: 1.0009949 seconds
[2023-10-31T09:17:20.066+0000][3007.361s][info ][safepoint     ] Entering safepoint region: Cleanup
[2023-10-31T09:17:20.067+0000][3007.362s][info ][safepoint     ] Leaving safepoint region
[2023-10-31T09:17:20.067+0000][3007.362s][info ][safepoint     ] Total time for which application threads were stopped: 0.0012358 seconds, Stopping threads took: 0.0006360 seconds
[2023-10-31T09:17:21.068+0000][3008.363s][debug][safepoint     ] Safepoint synchronization initiated. (186 threads)
[2023-10-31T09:17:21.069+0000][3008.364s][info ][safepoint     ] Application time: 1.0012175 seconds
[2023-10-31T09:17:21.070+0000][3008.365s][info ][safepoint     ] Entering safepoint region: Cleanup
[2023-10-31T09:17:21.071+0000][3008.366s][info ][safepoint     ] Leaving safepoint region
[2023-10-31T09:17:21.072+0000][3008.367s][info ][safepoint     ] Total time for which application threads were stopped: 0.0019912 seconds, Stopping threads took: 0.0009080 seconds
[2023-10-31T09:17:22.073+0000][3009.368s][debug][safepoint     ] Safepoint synchronization initiated. (186 threads)
[2023-10-31T09:17:22.074+0000][3009.369s][info ][safepoint     ] Application time: 1.0014447 seconds
[2023-10-31T09:17:22.076+0000][3009.370s][info ][safepoint     ] Entering safepoint region: Cleanup
[2023-10-31T09:17:22.077+0000][3009.372s][info ][safepoint     ] Leaving safepoint region
[2023-10-31T09:17:22.078+0000][3009.373s][info ][safepoint     ] Total time for which application threads were stopped: 0.0023163 seconds, Stopping threads took: 0.0010632 seconds
[2023-10-31T09:17:23.079+0000][3010.374s][debug][safepoint     ] Safepoint synchronization initiated. (186 threads)
[2023-10-31T09:17:23.080+0000][3010.375s][info ][safepoint     ] Application time: 1.0013514 seconds
[2023-10-31T09:17:23.081+0000][3010.376s][info ][safepoint     ] Entering safepoint region: Cleanup
[2023-10-31T09:17:23.083+0000][3010.377s][info ][safepoint     ] Leaving safepoint region
[2023-10-31T09:17:23.083+0000][3010.378s][info ][safepoint     ] Total time for which application threads were stopped: 0.0025807 seconds, Stopping threads took: 0.0008697 seconds
[2023-10-31T09:17:24.084+0000][3011.379s][debug][safepoint     ] Safepoint synchronization initiated. (186 threads)
[2023-10-31T09:17:24.086+0000][3011.381s][info ][safepoint     ] Application time: 1.0016956 seconds
[2023-10-31T09:17:24.087+0000][3011.382s][info ][safepoint     ] Entering safepoint region: Cleanup
[2023-10-31T09:17:24.088+0000][3011.383s][info ][safepoint     ] Leaving safepoint region
[2023-10-31T09:17:24.089+0000][3011.384s][info ][safepoint     ] Total time for which application threads were stopped: 0.0026295 seconds, Stopping threads took: 0.0010811 seconds
[2023-10-31T09:17:25.090+0000][3012.385s][debug][safepoint     ] Safepoint synchronization initiated. (186 threads)
[2023-10-31T09:17:25.091+0000][3012.386s][info ][safepoint     ] Application time: 1.0007355 seconds
[2023-10-31T09:17:25.091+0000][3012.386s][info ][safepoint     ] Entering safepoint region: Cleanup
[2023-10-31T09:17:25.092+0000][3012.387s][info ][safepoint     ] Leaving safepoint region
[2023-10-31T09:17:25.092+0000][3012.387s][info ][safepoint     ] Total time for which application threads were stopped: 0.0011431 seconds, Stopping threads took: 0.0006095 seconds
[2023-10-31T09:17:26.093+0000][3013.388s][debug][safepoint     ] Safepoint synchronization initiated. (186 threads)
[2023-10-31T09:17:26.094+0000][3013.389s][info ][safepoint     ] Application time: 1.0014248 seconds
[2023-10-31T09:17:26.096+0000][3013.391s][info ][safepoint     ] Entering safepoint region: Cleanup
[2023-10-31T09:17:26.097+0000][3013.392s][info ][safepoint     ] Leaving safepoint region
[2023-10-31T09:17:26.097+0000][3013.392s][info ][safepoint     ] Total time for which application threads were stopped: 0.0015750 seconds, Stopping threads took: 0.0006536 seconds
[2023-10-31T09:17:27.098+0000][3014.393s][debug][safepoint     ] Safepoint synchronization initiated. (186 threads)
[2023-10-31T09:17:27.099+0000][3014.394s][info ][safepoint     ] Application time: 1.0012281 seconds
[2023-10-31T09:17:27.100+0000][3014.395s][info ][safepoint     ] Entering safepoint region: Cleanup
[2023-10-31T09:17:27.101+0000][3014.396s][info ][safepoint     ] Leaving safepoint region
[2023-10-31T09:17:27.102+0000][3014.397s][info ][safepoint     ] Total time for which application threads were stopped: 0.0019655 seconds, Stopping threads took: 0.0008943 seconds
[2023-10-31T09:17:28.103+0000][3015.398s][debug][safepoint     ] Safepoint synchronization initiated. (186 threads)
[2023-10-31T09:17:28.104+0000][3015.399s][info ][safepoint     ] Application time: 1.0009048 seconds
[2023-10-31T09:17:28.105+0000][3015.399s][info ][safepoint     ] Entering safepoint region: Cleanup
[2023-10-31T09:17:28.105+0000][3015.400s][info ][safepoint     ] Leaving safepoint region
[2023-10-31T09:17:28.106+0000][3015.401s][info ][safepoint     ] Total time for which application threads were stopped: 0.0015868 seconds, Stopping threads took: 0.0005251 seconds
[2023-10-31T09:17:29.107+0000][3016.402s][debug][safepoint     ] Safepoint synchronization initiated. (186 threads)
[2023-10-31T09:17:29.109+0000][3016.403s][info ][safepoint     ] Application time: 1.0013431 seconds
[2023-10-31T09:17:29.109+0000][3016.404s][info ][safepoint     ] Entering safepoint region: Cleanup
[2023-10-31T09:17:29.111+0000][3016.405s][info ][safepoint     ] Leaving safepoint region
[2023-10-31T09:17:29.111+0000][3016.406s][info ][safepoint     ] Total time for which application threads were stopped: 0.0019934 seconds, Stopping threads took: 0.0009066 seconds
[2023-10-31T09:17:30.112+0000][3017.407s][debug][safepoint     ] Safepoint synchronization initiated. (186 threads)
[2023-10-31T09:17:30.113+0000][3017.408s][info ][safepoint     ] Application time: 1.0009808 seconds
[2023-10-31T09:17:30.114+0000][3017.409s][info ][safepoint     ] Entering safepoint region: Cleanup
[2023-10-31T09:17:30.114+0000][3017.409s][info ][safepoint     ] Leaving safepoint region
[2023-10-31T09:17:30.115+0000][3017.410s][info ][safepoint     ] Total time for which application threads were stopped: 0.0013318 seconds, Stopping threads took: 0.0005933 seconds
[2023-10-31T09:17:31.116+0000][3018.410s][debug][safepoint     ] Safepoint synchronization initiated. (186 threads)
[2023-10-31T09:17:31.117+0000][3018.412s][info ][safepoint     ] Application time: 1.0013647 seconds
[2023-10-31T09:17:31.118+0000][3018.413s][info ][safepoint     ] Entering safepoint region: Cleanup
[2023-10-31T09:17:31.119+0000][3018.414s][info ][safepoint     ] Leaving safepoint region
[2023-10-31T09:17:31.120+0000][3018.415s][info ][safepoint     ] Total time for which application threads were stopped: 0.0018309 seconds, Stopping threads took: 0.0008578 seconds
[2023-10-31T09:17:32.121+0000][3019.415s][debug][safepoint     ] Safepoint synchronization initiated. (186 threads)
[2023-10-31T09:17:32.121+0000][3019.416s][info ][safepoint     ] Application time: 1.0006115 seconds
[2023-10-31T09:17:32.121+0000][3019.416s][info ][safepoint     ] Entering safepoint region: Cleanup
[2023-10-31T09:17:32.122+0000][3019.417s][info ][safepoint     ] Leaving safepoint region
[2023-10-31T09:17:32.122+0000][3019.417s][info ][safepoint     ] Total time for which application threads were stopped: 0.0008465 seconds, Stopping threads took: 0.0003828 seconds
[2023-10-31T09:17:33.123+0000][3020.418s][debug][safepoint     ] Safepoint synchronization initiated. (186 threads)
[2023-10-31T09:17:33.124+0000][3020.419s][info ][safepoint     ] Application time: 1.0013330 seconds
[2023-10-31T09:17:33.125+0000][3020.420s][info ][safepoint     ] Entering safepoint region: Cleanup
[2023-10-31T09:17:33.126+0000][3020.421s][info ][safepoint     ] Leaving safepoint region
[2023-10-31T09:17:33.127+0000][3020.422s][info ][safepoint     ] Total time for which application threads were stopped: 0.0020251 seconds, Stopping threads took: 0.0008816 seconds
[2023-10-31T09:17:34.128+0000][3021.423s][debug][safepoint     ] Safepoint synchronization initiated. (186 threads)
[2023-10-31T09:17:34.129+0000][3021.424s][info ][safepoint     ] Application time: 1.0012433 seconds
[2023-10-31T09:17:34.130+0000][3021.425s][info ][safepoint     ] Entering safepoint region: Cleanup
[2023-10-31T09:17:34.131+0000][3021.426s][info ][safepoint     ] Leaving safepoint region
[2023-10-31T09:17:34.132+0000][3021.427s][info ][safepoint     ] Total time for which application threads were stopped: 0.0020327 seconds, Stopping threads took: 0.0008301 seconds
[2023-10-31T09:17:35.133+0000][3022.428s][debug][safepoint     ] Safepoint synchronization initiated. (186 threads)
[2023-10-31T09:17:35.134+0000][3022.429s][info ][safepoint     ] Application time: 1.0012645 seconds
[2023-10-31T09:17:35.135+0000][3022.429s][info ][safepoint     ] Entering safepoint region: Cleanup
[2023-10-31T09:17:35.136+0000][3022.430s][info ][safepoint     ] Leaving safepoint region
[2023-10-31T09:17:35.136+0000][3022.431s][info ][safepoint     ] Total time for which application threads were stopped: 0.0016843 seconds, Stopping threads took: 0.0008101 seconds
[2023-10-31T09:17:36.137+0000][3023.432s][debug][safepoint     ] Safepoint synchronization initiated. (186 threads)
[2023-10-31T09:17:36.138+0000][3023.433s][info ][safepoint     ] Application time: 1.0008085 seconds
[2023-10-31T09:17:36.138+0000][3023.433s][info ][safepoint     ] Entering safepoint region: Cleanup
[2023-10-31T09:17:36.139+0000][3023.433s][info ][safepoint     ] Leaving safepoint region
[2023-10-31T09:17:36.139+0000][3023.434s][info ][safepoint     ] Total time for which application threads were stopped: 0.0008710 seconds, Stopping threads took: 0.0003548 seconds
[2023-10-31T09:17:37.139+0000][3024.434s][debug][safepoint     ] Safepoint synchronization initiated. (186 threads)
[2023-10-31T09:17:37.140+0000][3024.435s][info ][safepoint     ] Application time: 1.0008518 seconds
[2023-10-31T09:17:37.141+0000][3024.435s][info ][safepoint     ] Entering safepoint region: Cleanup
[2023-10-31T09:17:37.141+0000][3024.436s][info ][safepoint     ] Leaving safepoint region
[2023-10-31T09:17:37.142+0000][3024.437s][info ][safepoint     ] Total time for which application threads were stopped: 0.0015039 seconds, Stopping threads took: 0.0005918 seconds
[2023-10-31T09:17:38.143+0000][3025.438s][debug][safepoint     ] Safepoint synchronization initiated. (186 threads)
[2023-10-31T09:17:38.145+0000][3025.439s][info ][safepoint     ] Application time: 1.0014176 seconds
[2023-10-31T09:17:38.145+0000][3025.440s][info ][safepoint     ] Entering safepoint region: Cleanup
[2023-10-31T09:17:38.147+0000][3025.442s][info ][safepoint     ] Leaving safepoint region
[2023-10-31T09:17:38.148+0000][3025.442s][info ][safepoint     ] Total time for which application threads were stopped: 0.0021761 seconds, Stopping threads took: 0.0009266 seconds
[2023-10-31T09:17:39.149+0000][3026.443s][debug][safepoint     ] Safepoint synchronization initiated. (186 threads)
[2023-10-31T09:17:39.150+0000][3026.445s][info ][safepoint     ] Application time: 1.0015701 seconds
[2023-10-31T09:17:39.151+0000][3026.446s][info ][safepoint     ] Entering safepoint region: Cleanup
[2023-10-31T09:17:39.152+0000][3026.447s][info ][safepoint     ] Leaving safepoint region
[2023-10-31T09:17:39.153+0000][3026.448s][info ][safepoint     ] Total time for which application threads were stopped: 0.0023797 seconds, Stopping threads took: 0.0010932 seconds
[2023-10-31T09:17:40.154+0000][3027.449s][debug][safepoint     ] Safepoint synchronization initiated. (186 threads)
[2023-10-31T09:17:40.155+0000][3027.449s][info ][safepoint     ] Application time: 1.0006498 seconds
[2023-10-31T09:17:40.155+0000][3027.450s][info ][safepoint     ] Entering safepoint region: Cleanup
[2023-10-31T09:17:40.156+0000][3027.451s][info ][safepoint     ] Leaving safepoint region
[2023-10-31T09:17:40.156+0000][3027.451s][info ][safepoint     ] Total time for which application threads were stopped: 0.0011923 seconds, Stopping threads took: 0.0005205 seconds
[2023-10-31T09:17:41.157+0000][3028.452s][debug][safepoint     ] Safepoint synchronization initiated. (186 threads)
[2023-10-31T09:17:41.158+0000][3028.453s][info ][safepoint     ] Application time: 1.0010021 seconds
[2023-10-31T09:17:41.158+0000][3028.453s][info ][safepoint     ] Entering safepoint region: Cleanup
[2023-10-31T09:17:41.159+0000][3028.454s][info ][safepoint     ] Leaving safepoint region
[2023-10-31T09:17:41.160+0000][3028.455s][info ][safepoint     ] Total time for which application threads were stopped: 0.0016428 seconds, Stopping threads took: 0.0006896 seconds
[2023-10-31T09:17:42.161+0000][3029.456s][debug][safepoint     ] Safepoint synchronization initiated. (186 threads)
[2023-10-31T09:17:42.162+0000][3029.457s][info ][safepoint     ] Application time: 1.0012536 seconds
[2023-10-31T09:17:42.163+0000][3029.457s][info ][safepoint     ] Entering safepoint region: Cleanup
[2023-10-31T09:17:42.164+0000][3029.458s][info ][safepoint     ] Leaving safepoint region
[2023-10-31T09:17:42.164+0000][3029.459s][info ][safepoint     ] Total time for which application threads were stopped: 0.0017463 seconds, Stopping threads took: 0.0007196 seconds
[2023-10-31T09:17:43.165+0000][3030.460s][debug][safepoint     ] Safepoint synchronization initiated. (186 threads)
[2023-10-31T09:17:43.166+0000][3030.461s][info ][safepoint     ] Application time: 1.0012596 seconds
[2023-10-31T09:17:43.167+0000][3030.462s][info ][safepoint     ] Entering safepoint region: Cleanup
[2023-10-31T09:17:43.168+0000][3030.463s][info ][safepoint     ] Leaving safepoint region
[2023-10-31T09:17:43.169+0000][3030.464s][info ][safepoint     ] Total time for which application threads were stopped: 0.0018806 seconds, Stopping threads took: 0.0008000 seconds
[2023-10-31T09:17:44.170+0000][3031.465s][debug][safepoint     ] Safepoint synchronization initiated. (186 threads)
[2023-10-31T09:17:44.171+0000][3031.465s][info ][safepoint     ] Application time: 1.0006090 seconds
[2023-10-31T09:17:44.171+0000][3031.466s][info ][safepoint     ] Entering safepoint region: Cleanup
[2023-10-31T09:17:44.171+0000][3031.466s][info ][safepoint     ] Leaving safepoint region
[2023-10-31T09:17:44.172+0000][3031.466s][info ][safepoint     ] Total time for which application threads were stopped: 0.0008219 seconds, Stopping threads took: 0.0003422 seconds
[2023-10-31T09:17:45.172+0000][3032.467s][debug][safepoint     ] Safepoint synchronization initiated. (186 threads)
[2023-10-31T09:17:45.173+0000][3032.468s][info ][safepoint     ] Application time: 1.0008645 seconds
[2023-10-31T09:17:45.173+0000][3032.468s][info ][safepoint     ] Entering safepoint region: Cleanup
[2023-10-31T09:17:45.174+0000][3032.469s][info ][safepoint     ] Leaving safepoint region
[2023-10-31T09:17:45.175+0000][3032.469s][info ][safepoint     ] Total time for which application threads were stopped: 0.0012207 seconds, Stopping threads took: 0.0005544 seconds
[2023-10-31T09:17:46.175+0000][3033.470s][debug][safepoint     ] Safepoint synchronization initiated. (186 threads)
[2023-10-31T09:17:46.176+0000][3033.471s][info ][safepoint     ] Application time: 1.0007284 seconds
[2023-10-31T09:17:46.176+0000][3033.471s][info ][safepoint     ] Entering safepoint region: Cleanup
[2023-10-31T09:17:46.177+0000][3033.472s][info ][safepoint     ] Leaving safepoint region
[2023-10-31T09:17:46.178+0000][3033.472s][info ][safepoint     ] Total time for which application threads were stopped: 0.0013307 seconds, Stopping threads took: 0.0005843 seconds
[2023-10-31T09:17:47.178+0000][3034.473s][debug][safepoint     ] Safepoint synchronization initiated. (186 threads)
[2023-10-31T09:17:47.179+0000][3034.474s][info ][safepoint     ] Application time: 1.0009280 seconds
[2023-10-31T09:17:47.179+0000][3034.474s][info ][safepoint     ] Entering safepoint region: Cleanup
[2023-10-31T09:17:47.180+0000][3034.475s][info ][safepoint     ] Leaving safepoint region
[2023-10-31T09:17:47.181+0000][3034.475s][info ][safepoint     ] Total time for which application threads were stopped: 0.0011313 seconds, Stopping threads took: 0.0005121 seconds
[2023-10-31T09:17:48.181+0000][3035.476s][debug][safepoint     ] Safepoint synchronization initiated. (186 threads)
[2023-10-31T09:17:48.182+0000][3035.477s][info ][safepoint     ] Application time: 1.0008143 seconds
[2023-10-31T09:17:48.184+0000][3035.478s][info ][safepoint     ] Entering safepoint region: Cleanup
[2023-10-31T09:17:48.184+0000][3035.479s][info ][safepoint     ] Leaving safepoint region
[2023-10-31T09:17:48.185+0000][3035.480s][info ][safepoint     ] Total time for which application threads were stopped: 0.0017616 seconds, Stopping threads took: 0.0011140 seconds
[2023-10-31T09:17:49.185+0000][3036.480s][debug][safepoint     ] Safepoint synchronization initiated. (186 threads)
[2023-10-31T09:17:49.186+0000][3036.481s][info ][safepoint     ] Application time: 1.0007761 seconds
[2023-10-31T09:17:49.187+0000][3036.481s][info ][safepoint     ] Entering safepoint region: Cleanup
[2023-10-31T09:17:49.187+0000][3036.482s][info ][safepoint     ] Leaving safepoint region
[2023-10-31T09:17:49.188+0000][3036.483s][info ][safepoint     ] Total time for which application threads were stopped: 0.0011880 seconds, Stopping threads took: 0.0004768 seconds
[2023-10-31T09:17:50.188+0000][3037.483s][debug][safepoint     ] Safepoint synchronization initiated. (186 threads)
[2023-10-31T09:17:50.189+0000][3037.484s][info ][safepoint     ] Application time: 1.0009989 seconds
[2023-10-31T09:17:50.190+0000][3037.485s][info ][safepoint     ] Entering safepoint region: Cleanup
[2023-10-31T09:17:50.191+0000][3037.486s][info ][safepoint     ] Leaving safepoint region
[2023-10-31T09:17:50.191+0000][3037.486s][info ][safepoint     ] Total time for which application threads were stopped: 0.0013820 seconds, Stopping threads took: 0.0007764 seconds
[2023-10-31T09:17:51.192+0000][3038.487s][debug][safepoint     ] Safepoint synchronization initiated. (186 threads)
[2023-10-31T09:17:51.193+0000][3038.487s][info ][safepoint     ] Application time: 1.0010251 seconds
[2023-10-31T09:17:51.194+0000][3038.488s][info ][safepoint     ] Entering safepoint region: Cleanup
[2023-10-31T09:17:51.195+0000][3038.489s][info ][safepoint     ] Leaving safepoint region
[2023-10-31T09:17:51.195+0000][3038.490s][info ][safepoint     ] Total time for which application threads were stopped: 0.0017950 seconds, Stopping threads took: 0.0007750 seconds
[2023-10-31T09:17:52.196+0000][3039.491s][debug][safepoint     ] Safepoint synchronization initiated. (186 threads)
[2023-10-31T09:17:52.197+0000][3039.492s][info ][safepoint     ] Application time: 1.0008968 seconds
[2023-10-31T09:17:52.198+0000][3039.492s][info ][safepoint     ] Entering safepoint region: Cleanup
[2023-10-31T09:17:52.198+0000][3039.493s][info ][safepoint     ] Leaving safepoint region
[2023-10-31T09:17:52.199+0000][3039.494s][info ][safepoint     ] Total time for which application threads were stopped: 0.0013703 seconds, Stopping threads took: 0.0006020 seconds
[2023-10-31T09:17:53.200+0000][3040.494s][debug][safepoint     ] Safepoint synchronization initiated. (186 threads)
[2023-10-31T09:17:53.200+0000][3040.495s][info ][safepoint     ] Application time: 1.0009910 seconds
[2023-10-31T09:17:53.201+0000][3040.496s][info ][safepoint     ] Entering safepoint region: Cleanup
[2023-10-31T09:17:53.201+0000][3040.496s][info ][safepoint     ] Leaving safepoint region
[2023-10-31T09:17:53.202+0000][3040.497s][info ][safepoint     ] Total time for which application threads were stopped: 0.0012717 seconds, Stopping threads took: 0.0005230 seconds
[2023-10-31T09:17:54.203+0000][3041.498s][debug][safepoint     ] Safepoint synchronization initiated. (186 threads)
[2023-10-31T09:17:54.203+0000][3041.498s][info ][safepoint     ] Application time: 1.0008400 seconds
[2023-10-31T09:17:54.204+0000][3041.499s][info ][safepoint     ] Entering safepoint region: Cleanup
[2023-10-31T09:17:54.204+0000][3041.499s][info ][safepoint     ] Leaving safepoint region
[2023-10-31T09:17:54.205+0000][3041.499s][info ][safepoint     ] Total time for which application threads were stopped: 0.0009150 seconds, Stopping threads took: 0.0003656 seconds
[2023-10-31T09:17:55.205+0000][3042.500s][debug][safepoint     ] Safepoint synchronization initiated. (186 threads)
[2023-10-31T09:17:55.206+0000][3042.500s][info ][safepoint     ] Application time: 1.0005093 seconds
[2023-10-31T09:17:55.206+0000][3042.501s][info ][safepoint     ] Entering safepoint region: Cleanup
[2023-10-31T09:17:55.206+0000][3042.501s][info ][safepoint     ] Leaving safepoint region
[2023-10-31T09:17:55.207+0000][3042.502s][info ][safepoint     ] Total time for which application threads were stopped: 0.0009635 seconds, Stopping threads took: 0.0003511 seconds
[2023-10-31T09:17:56.207+0000][3043.502s][debug][safepoint     ] Safepoint synchronization initiated. (186 threads)
[2023-10-31T09:17:56.208+0000][3043.503s][info ][safepoint     ] Application time: 1.0006659 seconds
[2023-10-31T09:17:56.208+0000][3043.503s][info ][safepoint     ] Entering safepoint region: Cleanup
[2023-10-31T09:17:56.209+0000][3043.504s][info ][safepoint     ] Leaving safepoint region
[2023-10-31T09:17:56.210+0000][3043.504s][info ][safepoint     ] Total time for which application threads were stopped: 0.0012349 seconds, Stopping threads took: 0.0005353 seconds
[2023-10-31T09:17:57.210+0000][3044.505s][debug][safepoint     ] Safepoint synchronization initiated. (186 threads)
[2023-10-31T09:17:57.211+0000][3044.506s][info ][safepoint     ] Application time: 1.0008572 seconds
[2023-10-31T09:17:57.211+0000][3044.506s][info ][safepoint     ] Entering safepoint region: Cleanup
[2023-10-31T09:17:57.212+0000][3044.507s][info ][safepoint     ] Leaving safepoint region
[2023-10-31T09:17:57.213+0000][3044.508s][info ][safepoint     ] Total time for which application threads were stopped: 0.0020677 seconds, Stopping threads took: 0.0004859 seconds
[2023-10-31T09:17:58.215+0000][3045.509s][debug][safepoint     ] Safepoint synchronization initiated. (186 threads)
[2023-10-31T09:17:58.215+0000][3045.510s][info ][safepoint     ] Application time: 1.0005706 seconds
[2023-10-31T09:17:58.216+0000][3045.510s][info ][safepoint     ] Entering safepoint region: Cleanup
[2023-10-31T09:17:58.216+0000][3045.511s][info ][safepoint     ] Leaving safepoint region
[2023-10-31T09:17:58.217+0000][3045.511s][info ][safepoint     ] Total time for which application threads were stopped: 0.0009237 seconds, Stopping threads took: 0.0003837 seconds
[2023-10-31T09:17:59.217+0000][3046.511s][debug][safepoint     ] Safepoint synchronization initiated. (186 threads)
[2023-10-31T09:17:59.218+0000][3046.512s][info ][safepoint     ] Application time: 1.0008535 seconds
[2023-10-31T09:17:59.218+0000][3046.513s][info ][safepoint     ] Entering safepoint region: Cleanup
[2023-10-31T09:17:59.219+0000][3046.513s][info ][safepoint     ] Leaving safepoint region
[2023-10-31T09:17:59.219+0000][3046.514s][info ][safepoint     ] Total time for which application threads were stopped: 0.0011292 seconds, Stopping threads took: 0.0005109 seconds
[2023-10-31T09:18:00.220+0000][3047.514s][debug][safepoint     ] Safepoint synchronization initiated. (186 threads)
[2023-10-31T09:18:00.220+0000][3047.515s][info ][safepoint     ] Application time: 1.0006001 seconds
[2023-10-31T09:18:00.221+0000][3047.515s][info ][safepoint     ] Entering safepoint region: Cleanup
[2023-10-31T09:18:00.222+0000][3047.516s][info ][safepoint     ] Leaving safepoint region
[2023-10-31T09:18:00.222+0000][3047.516s][info ][safepoint     ] Total time for which application threads were stopped: 0.0011205 seconds, Stopping threads took: 0.0004592 seconds
[2023-10-31T09:18:01.223+0000][3048.517s][debug][safepoint     ] Safepoint synchronization initiated. (186 threads)
[2023-10-31T09:18:01.224+0000][3048.518s][info ][safepoint     ] Application time: 1.0009493 seconds
[2023-10-31T09:18:01.224+0000][3048.519s][info ][safepoint     ] Entering safepoint region: Cleanup
[2023-10-31T09:18:01.225+0000][3048.519s][info ][safepoint     ] Leaving safepoint region
[2023-10-31T09:18:01.226+0000][3048.520s][info ][safepoint     ] Total time for which application threads were stopped: 0.0012923 seconds, Stopping threads took: 0.0005500 seconds
[2023-10-31T09:18:02.227+0000][3049.521s][debug][safepoint     ] Safepoint synchronization initiated. (186 threads)
[2023-10-31T09:18:02.228+0000][3049.522s][info ][safepoint     ] Application time: 1.0015010 seconds
[2023-10-31T09:18:02.229+0000][3049.523s][info ][safepoint     ] Entering safepoint region: Cleanup
[2023-10-31T09:18:02.230+0000][3049.525s][info ][safepoint     ] Leaving safepoint region
[2023-10-31T09:18:02.231+0000][3049.526s][info ][safepoint     ] Total time for which application threads were stopped: 0.0022270 seconds, Stopping threads took: 0.0010621 seconds
[2023-10-31T09:18:03.232+0000][3050.527s][debug][safepoint     ] Safepoint synchronization initiated. (186 threads)
[2023-10-31T09:18:03.233+0000][3050.527s][info ][safepoint     ] Application time: 1.0008977 seconds
[2023-10-31T09:18:03.233+0000][3050.528s][info ][safepoint     ] Entering safepoint region: Cleanup
[2023-10-31T09:18:03.234+0000][3050.529s][info ][safepoint     ] Leaving safepoint region
[2023-10-31T09:18:03.235+0000][3050.529s][info ][safepoint     ] Total time for which application threads were stopped: 0.0013440 seconds, Stopping threads took: 0.0005123 seconds
[2023-10-31T09:18:04.236+0000][3051.530s][debug][safepoint     ] Safepoint synchronization initiated. (186 threads)
[2023-10-31T09:18:04.237+0000][3051.531s][info ][safepoint     ] Application time: 1.0012765 seconds
[2023-10-31T09:18:04.238+0000][3051.532s][info ][safepoint     ] Entering safepoint region: Cleanup
[2023-10-31T09:18:04.239+0000][3051.533s][info ][safepoint     ] Leaving safepoint region
[2023-10-31T09:18:04.239+0000][3051.534s][info ][safepoint     ] Total time for which application threads were stopped: 0.0020069 seconds, Stopping threads took: 0.0009195 seconds
[2023-10-31T09:18:05.240+0000][3052.535s][debug][safepoint     ] Safepoint synchronization initiated. (186 threads)
[2023-10-31T09:18:05.242+0000][3052.536s][info ][safepoint     ] Application time: 1.0014265 seconds
[2023-10-31T09:18:05.243+0000][3052.537s][info ][safepoint     ] Entering safepoint region: Cleanup
[2023-10-31T09:18:05.244+0000][3052.538s][info ][safepoint     ] Leaving safepoint region
[2023-10-31T09:18:05.245+0000][3052.539s][info ][safepoint     ] Total time for which application threads were stopped: 0.0023775 seconds, Stopping threads took: 0.0009704 seconds
[2023-10-31T09:18:06.246+0000][3053.540s][debug][safepoint     ] Safepoint synchronization initiated. (186 threads)
[2023-10-31T09:18:06.247+0000][3053.541s][info ][safepoint     ] Application time: 1.0008055 seconds
[2023-10-31T09:18:06.247+0000][3053.541s][info ][safepoint     ] Entering safepoint region: Cleanup
[2023-10-31T09:18:06.248+0000][3053.542s][info ][safepoint     ] Leaving safepoint region
[2023-10-31T09:18:06.248+0000][3053.543s][info ][safepoint     ] Total time for which application threads were stopped: 0.0012421 seconds, Stopping threads took: 0.0005469 seconds
[2023-10-31T09:18:07.249+0000][3054.543s][debug][safepoint     ] Safepoint synchronization initiated. (186 threads)
[2023-10-31T09:18:07.249+0000][3054.544s][info ][safepoint     ] Application time: 1.0006040 seconds
[2023-10-31T09:18:07.250+0000][3054.544s][info ][safepoint     ] Entering safepoint region: Cleanup
[2023-10-31T09:18:07.250+0000][3054.545s][info ][safepoint     ] Leaving safepoint region
[2023-10-31T09:18:07.250+0000][3054.545s][info ][safepoint     ] Total time for which application threads were stopped: 0.0008579 seconds, Stopping threads took: 0.0003370 seconds
[2023-10-31T09:18:08.251+0000][3055.545s][debug][safepoint     ] Safepoint synchronization initiated. (186 threads)
[2023-10-31T09:18:08.252+0000][3055.546s][info ][safepoint     ] Application time: 1.0011023 seconds
[2023-10-31T09:18:08.252+0000][3055.547s][info ][safepoint     ] Entering safepoint region: Cleanup
[2023-10-31T09:18:08.253+0000][3055.548s][info ][safepoint     ] Leaving safepoint region
[2023-10-31T09:18:08.254+0000][3055.548s][info ][safepoint     ] Total time for which application threads were stopped: 0.0016913 seconds, Stopping threads took: 0.0007740 seconds
[2023-10-31T09:18:09.255+0000][3056.549s][debug][safepoint     ] Safepoint synchronization initiated. (186 threads)
[2023-10-31T09:18:09.256+0000][3056.551s][info ][safepoint     ] Application time: 1.0014070 seconds
[2023-10-31T09:18:09.257+0000][3056.552s][info ][safepoint     ] Entering safepoint region: Cleanup
[2023-10-31T09:18:09.259+0000][3056.553s][info ][safepoint     ] Leaving safepoint region
[2023-10-31T09:18:09.259+0000][3056.554s][info ][safepoint     ] Total time for which application threads were stopped: 0.0021630 seconds, Stopping threads took: 0.0011393 seconds
[2023-10-31T09:18:10.260+0000][3057.555s][debug][safepoint     ] Safepoint synchronization initiated. (186 threads)
[2023-10-31T09:18:10.261+0000][3057.555s][info ][safepoint     ] Application time: 1.0006166 seconds
[2023-10-31T09:18:10.261+0000][3057.556s][info ][safepoint     ] Entering safepoint region: Cleanup
[2023-10-31T09:18:10.262+0000][3057.556s][info ][safepoint     ] Leaving safepoint region
[2023-10-31T09:18:10.262+0000][3057.557s][info ][safepoint     ] Total time for which application threads were stopped: 0.0011159 seconds, Stopping threads took: 0.0005111 seconds
[2023-10-31T09:18:11.263+0000][3058.557s][debug][safepoint     ] Safepoint synchronization initiated. (186 threads)
[2023-10-31T09:18:11.263+0000][3058.558s][info ][safepoint     ] Application time: 1.0006145 seconds
[2023-10-31T09:18:11.264+0000][3058.558s][info ][safepoint     ] Entering safepoint region: Cleanup
[2023-10-31T09:18:11.265+0000][3058.560s][info ][safepoint     ] Leaving safepoint region
[2023-10-31T09:18:11.266+0000][3058.560s][info ][safepoint     ] Total time for which application threads were stopped: 0.0020300 seconds, Stopping threads took: 0.0006455 seconds
[2023-10-31T09:18:12.266+0000][3059.561s][debug][safepoint     ] Safepoint synchronization initiated. (186 threads)
[2023-10-31T09:18:12.267+0000][3059.561s][info ][safepoint     ] Application time: 1.0008717 seconds
[2023-10-31T09:18:12.267+0000][3059.562s][info ][safepoint     ] Entering safepoint region: Cleanup
[2023-10-31T09:18:12.268+0000][3059.562s][info ][safepoint     ] Leaving safepoint region
[2023-10-31T09:18:12.268+0000][3059.563s][info ][safepoint     ] Total time for which application threads were stopped: 0.0010790 seconds, Stopping threads took: 0.0004651 seconds
[2023-10-31T09:18:13.269+0000][3060.564s][debug][safepoint     ] Safepoint synchronization initiated. (186 threads)
[2023-10-31T09:18:13.270+0000][3060.565s][info ][safepoint     ] Application time: 1.0013509 seconds
[2023-10-31T09:18:13.271+0000][3060.565s][info ][safepoint     ] Entering safepoint region: Cleanup
[2023-10-31T09:18:13.271+0000][3060.566s][info ][safepoint     ] Leaving safepoint region
[2023-10-31T09:18:13.272+0000][3060.566s][info ][safepoint     ] Total time for which application threads were stopped: 0.0010079 seconds, Stopping threads took: 0.0004860 seconds
[2023-10-31T09:18:14.272+0000][3061.567s][debug][safepoint     ] Safepoint synchronization initiated. (186 threads)
[2023-10-31T09:18:14.273+0000][3061.568s][info ][safepoint     ] Application time: 1.0014048 seconds
[2023-10-31T09:18:14.274+0000][3061.569s][info ][safepoint     ] Entering safepoint region: Cleanup
[2023-10-31T09:18:14.276+0000][3061.570s][info ][safepoint     ] Leaving safepoint region
[2023-10-31T09:18:14.276+0000][3061.571s][info ][safepoint     ] Total time for which application threads were stopped: 0.0021571 seconds, Stopping threads took: 0.0008584 seconds
[2023-10-31T09:18:15.278+0000][3062.572s][debug][safepoint     ] Safepoint synchronization initiated. (186 threads)
[2023-10-31T09:18:15.279+0000][3062.573s][info ][safepoint     ] Application time: 1.0013823 seconds
[2023-10-31T09:18:15.280+0000][3062.574s][info ][safepoint     ] Entering safepoint region: Cleanup
[2023-10-31T09:18:15.281+0000][3062.576s][info ][safepoint     ] Leaving safepoint region
[2023-10-31T09:18:15.282+0000][3062.577s][info ][safepoint     ] Total time for which application threads were stopped: 0.0024981 seconds, Stopping threads took: 0.0010426 seconds
[2023-10-31T09:18:16.283+0000][3063.578s][debug][safepoint     ] Safepoint synchronization initiated. (186 threads)
[2023-10-31T09:18:16.284+0000][3063.578s][info ][safepoint     ] Application time: 1.0009194 seconds
[2023-10-31T09:18:16.285+0000][3063.579s][info ][safepoint     ] Entering safepoint region: Cleanup
[2023-10-31T09:18:16.285+0000][3063.580s][info ][safepoint     ] Leaving safepoint region
[2023-10-31T09:18:16.286+0000][3063.580s][info ][safepoint     ] Total time for which application threads were stopped: 0.0012409 seconds, Stopping threads took: 0.0004604 seconds
[2023-10-31T09:18:17.286+0000][3064.581s][debug][safepoint     ] Safepoint synchronization initiated. (186 threads)
[2023-10-31T09:18:17.287+0000][3064.581s][info ][safepoint     ] Application time: 1.0006091 seconds
[2023-10-31T09:18:17.287+0000][3064.582s][info ][safepoint     ] Entering safepoint region: Cleanup
[2023-10-31T09:18:17.288+0000][3064.582s][info ][safepoint     ] Leaving safepoint region
[2023-10-31T09:18:17.288+0000][3064.583s][info ][safepoint     ] Total time for which application threads were stopped: 0.0011447 seconds, Stopping threads took: 0.0005077 seconds
[2023-10-31T09:18:18.289+0000][3065.583s][debug][safepoint     ] Safepoint synchronization initiated. (186 threads)
[2023-10-31T09:18:18.290+0000][3065.584s][info ][safepoint     ] Application time: 1.0010872 seconds
[2023-10-31T09:18:18.291+0000][3065.585s][info ][safepoint     ] Entering safepoint region: Cleanup
[2023-10-31T09:18:18.292+0000][3065.586s][info ][safepoint     ] Leaving safepoint region
[2023-10-31T09:18:18.293+0000][3065.587s][info ][safepoint     ] Total time for which application threads were stopped: 0.0018879 seconds, Stopping threads took: 0.0008244 seconds
[2023-10-31T09:18:19.294+0000][3066.588s][debug][safepoint     ] Safepoint synchronization initiated. (186 threads)
[2023-10-31T09:18:19.295+0000][3066.589s][info ][safepoint     ] Application time: 1.0015850 seconds
[2023-10-31T09:18:19.296+0000][3066.590s][info ][safepoint     ] Entering safepoint region: Cleanup
[2023-10-31T09:18:19.297+0000][3066.592s][info ][safepoint     ] Leaving safepoint region
[2023-10-31T09:18:19.298+0000][3066.593s][info ][safepoint     ] Total time for which application threads were stopped: 0.0026007 seconds, Stopping threads took: 0.0008678 seconds
[2023-10-31T09:18:20.299+0000][3067.594s][debug][safepoint     ] Safepoint synchronization initiated. (186 threads)
[2023-10-31T09:18:20.301+0000][3067.595s][info ][safepoint     ] Application time: 1.0013916 seconds
[2023-10-31T09:18:20.302+0000][3067.596s][info ][safepoint     ] Entering safepoint region: Cleanup
[2023-10-31T09:18:20.303+0000][3067.597s][info ][safepoint     ] Leaving safepoint region
[2023-10-31T09:18:20.304+0000][3067.598s][info ][safepoint     ] Total time for which application threads were stopped: 0.0018926 seconds, Stopping threads took: 0.0008149 seconds
[2023-10-31T09:18:21.304+0000][3068.599s][debug][safepoint     ] Safepoint synchronization initiated. (186 threads)
[2023-10-31T09:18:21.305+0000][3068.599s][info ][safepoint     ] Application time: 1.0006228 seconds
[2023-10-31T09:18:21.305+0000][3068.600s][info ][safepoint     ] Entering safepoint region: Cleanup
[2023-10-31T09:18:21.306+0000][3068.601s][info ][safepoint     ] Leaving safepoint region
[2023-10-31T09:18:21.307+0000][3068.601s][info ][safepoint     ] Total time for which application threads were stopped: 0.0015328 seconds, Stopping threads took: 0.0006526 seconds
[2023-10-31T09:18:22.307+0000][3069.602s][debug][safepoint     ] Safepoint synchronization initiated. (186 threads)
[2023-10-31T09:18:22.308+0000][3069.603s][info ][safepoint     ] Application time: 1.0011264 seconds
[2023-10-31T09:18:22.309+0000][3069.604s][info ][safepoint     ] Entering safepoint region: Cleanup
[2023-10-31T09:18:22.310+0000][3069.605s][info ][safepoint     ] Leaving safepoint region
[2023-10-31T09:18:22.311+0000][3069.605s][info ][safepoint     ] Total time for which application threads were stopped: 0.0017623 seconds, Stopping threads took: 0.0007352 seconds
[2023-10-31T09:18:23.312+0000][3070.606s][debug][safepoint     ] Safepoint synchronization initiated. (186 threads)
[2023-10-31T09:18:23.312+0000][3070.606s][info ][safepoint     ] Application time: 1.0004551 seconds
[2023-10-31T09:18:23.312+0000][3070.607s][info ][safepoint     ] Entering safepoint region: Cleanup
[2023-10-31T09:18:23.313+0000][3070.607s][info ][safepoint     ] Leaving safepoint region
[2023-10-31T09:18:23.313+0000][3070.607s][info ][safepoint     ] Total time for which application threads were stopped: 0.0007070 seconds, Stopping threads took: 0.0002641 seconds
[2023-10-31T09:18:24.313+0000][3071.608s][debug][safepoint     ] Safepoint synchronization initiated. (186 threads)
[2023-10-31T09:18:24.314+0000][3071.608s][info ][safepoint     ] Application time: 1.0005624 seconds
[2023-10-31T09:18:24.314+0000][3071.608s][info ][safepoint     ] Entering safepoint region: Cleanup
[2023-10-31T09:18:24.314+0000][3071.609s][info ][safepoint     ] Leaving safepoint region
[2023-10-31T09:18:24.315+0000][3071.609s][info ][safepoint     ] Total time for which application threads were stopped: 0.0008438 seconds, Stopping threads took: 0.0003290 seconds
[2023-10-31T09:18:25.315+0000][3072.610s][debug][safepoint     ] Safepoint synchronization initiated. (186 threads)
[2023-10-31T09:18:25.316+0000][3072.611s][info ][safepoint     ] Application time: 1.0012825 seconds
[2023-10-31T09:18:25.317+0000][3072.612s][info ][safepoint     ] Entering safepoint region: Cleanup
[2023-10-31T09:18:25.319+0000][3072.613s][info ][safepoint     ] Leaving safepoint region
[2023-10-31T09:18:25.319+0000][3072.614s][info ][safepoint     ] Total time for which application threads were stopped: 0.0020812 seconds, Stopping threads took: 0.0009379 seconds
[2023-10-31T09:18:26.321+0000][3073.615s][debug][safepoint     ] Safepoint synchronization initiated. (186 threads)
[2023-10-31T09:18:26.323+0000][3073.617s][info ][safepoint     ] Application time: 1.0029037 seconds
[2023-10-31T09:18:26.324+0000][3073.618s][info ][safepoint     ] Entering safepoint region: Cleanup
[2023-10-31T09:18:26.324+0000][3073.619s][info ][safepoint     ] Leaving safepoint region
[2023-10-31T09:18:26.325+0000][3073.619s][info ][safepoint     ] Total time for which application threads were stopped: 0.0012067 seconds, Stopping threads took: 0.0005272 seconds
[2023-10-31T09:18:27.325+0000][3074.620s][debug][safepoint     ] Safepoint synchronization initiated. (186 threads)
[2023-10-31T09:18:27.326+0000][3074.620s][info ][safepoint     ] Application time: 1.0005349 seconds
[2023-10-31T09:18:27.326+0000][3074.621s][info ][safepoint     ] Entering safepoint region: Cleanup
[2023-10-31T09:18:27.327+0000][3074.621s][info ][safepoint     ] Leaving safepoint region
[2023-10-31T09:18:27.327+0000][3074.622s][info ][safepoint     ] Total time for which application threads were stopped: 0.0008805 seconds, Stopping threads took: 0.0004071 seconds
[2023-10-31T09:18:28.328+0000][3075.622s][debug][safepoint     ] Safepoint synchronization initiated. (186 threads)
[2023-10-31T09:18:28.329+0000][3075.623s][info ][safepoint     ] Application time: 1.0013621 seconds
[2023-10-31T09:18:28.330+0000][3075.624s][info ][safepoint     ] Entering safepoint region: Cleanup
[2023-10-31T09:18:28.331+0000][3075.626s][info ][safepoint     ] Leaving safepoint region
[2023-10-31T09:18:28.332+0000][3075.626s][info ][safepoint     ] Total time for which application threads were stopped: 0.0019588 seconds, Stopping threads took: 0.0009183 seconds
[2023-10-31T09:18:29.333+0000][3076.627s][debug][safepoint     ] Safepoint synchronization initiated. (186 threads)
[2023-10-31T09:18:29.334+0000][3076.628s][info ][safepoint     ] Application time: 1.0013910 seconds
[2023-10-31T09:18:29.335+0000][3076.629s][info ][safepoint     ] Entering safepoint region: Cleanup
[2023-10-31T09:18:29.336+0000][3076.631s][info ][safepoint     ] Leaving safepoint region
[2023-10-31T09:18:29.337+0000][3076.632s][info ][safepoint     ] Total time for which application threads were stopped: 0.0024033 seconds, Stopping threads took: 0.0008575 seconds
[2023-10-31T09:18:30.338+0000][3077.633s][debug][safepoint     ] Safepoint synchronization initiated. (186 threads)
[2023-10-31T09:18:30.339+0000][3077.634s][info ][safepoint     ] Application time: 1.0013070 seconds
[2023-10-31T09:18:30.341+0000][3077.635s][info ][safepoint     ] Entering safepoint region: Cleanup
[2023-10-31T09:18:30.342+0000][3077.636s][info ][safepoint     ] Leaving safepoint region
[2023-10-31T09:18:30.342+0000][3077.637s][info ][safepoint     ] Total time for which application threads were stopped: 0.0018194 seconds, Stopping threads took: 0.0008651 seconds
[2023-10-31T09:18:31.343+0000][3078.638s][debug][safepoint     ] Safepoint synchronization initiated. (186 threads)
[2023-10-31T09:18:31.344+0000][3078.639s][info ][safepoint     ] Application time: 1.0013181 seconds
[2023-10-31T09:18:31.345+0000][3078.639s][info ][safepoint     ] Entering safepoint region: Cleanup
[2023-10-31T09:18:31.346+0000][3078.640s][info ][safepoint     ] Leaving safepoint region
[2023-10-31T09:18:31.346+0000][3078.641s][info ][safepoint     ] Total time for which application threads were stopped: 0.0016219 seconds, Stopping threads took: 0.0006343 seconds
[2023-10-31T09:18:32.347+0000][3079.642s][debug][safepoint     ] Safepoint synchronization initiated. (186 threads)
[2023-10-31T09:18:32.348+0000][3079.643s][info ][safepoint     ] Application time: 1.0014260 seconds
[2023-10-31T09:18:32.349+0000][3079.644s][info ][safepoint     ] Entering safepoint region: Cleanup
[2023-10-31T09:18:32.351+0000][3079.645s][info ][safepoint     ] Leaving safepoint region
[2023-10-31T09:18:32.352+0000][3079.646s][info ][safepoint     ] Total time for which application threads were stopped: 0.0022296 seconds, Stopping threads took: 0.0009452 seconds
[2023-10-31T09:18:33.353+0000][3080.647s][debug][safepoint     ] Safepoint synchronization initiated. (186 threads)
[2023-10-31T09:18:33.354+0000][3080.648s][info ][safepoint     ] Application time: 1.0015802 seconds
[2023-10-31T09:18:33.355+0000][3080.649s][info ][safepoint     ] Entering safepoint region: Cleanup
[2023-10-31T09:18:33.356+0000][3080.651s][info ][safepoint     ] Leaving safepoint region
[2023-10-31T09:18:33.357+0000][3080.652s][info ][safepoint     ] Total time for which application threads were stopped: 0.0024379 seconds, Stopping threads took: 0.0010258 seconds
[2023-10-31T09:18:34.358+0000][3081.653s][debug][safepoint     ] Safepoint synchronization initiated. (186 threads)
[2023-10-31T09:18:34.359+0000][3081.654s][info ][safepoint     ] Application time: 1.0011286 seconds
[2023-10-31T09:18:34.360+0000][3081.655s][info ][safepoint     ] Entering safepoint region: Cleanup
[2023-10-31T09:18:34.361+0000][3081.656s][info ][safepoint     ] Leaving safepoint region
[2023-10-31T09:18:34.362+0000][3081.656s][info ][safepoint     ] Total time for which application threads were stopped: 0.0019092 seconds, Stopping threads took: 0.0008737 seconds
[2023-10-31T09:18:35.363+0000][3082.657s][debug][safepoint     ] Safepoint synchronization initiated. (186 threads)
[2023-10-31T09:18:35.363+0000][3082.658s][info ][safepoint     ] Application time: 1.0006947 seconds
[2023-10-31T09:18:35.364+0000][3082.658s][info ][safepoint     ] Entering safepoint region: Cleanup
[2023-10-31T09:18:35.365+0000][3082.659s][info ][safepoint     ] Leaving safepoint region
[2023-10-31T09:18:35.365+0000][3082.659s][info ][safepoint     ] Total time for which application threads were stopped: 0.0010932 seconds, Stopping threads took: 0.0004727 seconds
[2023-10-31T09:18:36.366+0000][3083.660s][debug][safepoint     ] Safepoint synchronization initiated. (186 threads)
[2023-10-31T09:18:36.366+0000][3083.661s][info ][safepoint     ] Application time: 1.0009696 seconds
[2023-10-31T09:18:36.367+0000][3083.661s][info ][safepoint     ] Entering safepoint region: Cleanup
[2023-10-31T09:18:36.368+0000][3083.662s][info ][safepoint     ] Leaving safepoint region
[2023-10-31T09:18:36.368+0000][3083.663s][info ][safepoint     ] Total time for which application threads were stopped: 0.0013641 seconds, Stopping threads took: 0.0006292 seconds
[2023-10-31T09:18:37.369+0000][3084.663s][debug][safepoint     ] Safepoint synchronization initiated. (186 threads)
[2023-10-31T09:18:37.370+0000][3084.664s][info ][safepoint     ] Application time: 1.0008328 seconds
[2023-10-31T09:18:37.370+0000][3084.664s][info ][safepoint     ] Entering safepoint region: Cleanup
[2023-10-31T09:18:37.371+0000][3084.665s][info ][safepoint     ] Leaving safepoint region
[2023-10-31T09:18:37.371+0000][3084.666s][info ][safepoint     ] Total time for which application threads were stopped: 0.0011760 seconds, Stopping threads took: 0.0004423 seconds
[2023-10-31T09:18:38.372+0000][3085.666s][debug][safepoint     ] Safepoint synchronization initiated. (186 threads)
[2023-10-31T09:18:38.373+0000][3085.667s][info ][safepoint     ] Application time: 1.0011088 seconds
[2023-10-31T09:18:38.373+0000][3085.668s][info ][safepoint     ] Entering safepoint region: Cleanup
[2023-10-31T09:18:38.375+0000][3085.669s][info ][safepoint     ] Leaving safepoint region
[2023-10-31T09:18:38.375+0000][3085.669s][info ][safepoint     ] Total time for which application threads were stopped: 0.0015953 seconds, Stopping threads took: 0.0008841 seconds
[2023-10-31T09:18:39.376+0000][3086.671s][debug][safepoint     ] Safepoint synchronization initiated. (186 threads)
[2023-10-31T09:18:39.377+0000][3086.671s][info ][safepoint     ] Application time: 1.0012964 seconds
[2023-10-31T09:18:39.378+0000][3086.672s][info ][safepoint     ] Entering safepoint region: Cleanup
[2023-10-31T09:18:39.379+0000][3086.673s][info ][safepoint     ] Leaving safepoint region
[2023-10-31T09:18:39.380+0000][3086.674s][info ][safepoint     ] Total time for which application threads were stopped: 0.0018390 seconds, Stopping threads took: 0.0007232 seconds
[2023-10-31T09:18:40.381+0000][3087.675s][debug][safepoint     ] Safepoint synchronization initiated. (186 threads)
[2023-10-31T09:18:40.382+0000][3087.676s][info ][safepoint     ] Application time: 1.0012239 seconds
[2023-10-31T09:18:40.383+0000][3087.677s][info ][safepoint     ] Entering safepoint region: Cleanup
[2023-10-31T09:18:40.384+0000][3087.679s][info ][safepoint     ] Leaving safepoint region
[2023-10-31T09:18:40.385+0000][3087.679s][info ][safepoint     ] Total time for which application threads were stopped: 0.0023215 seconds, Stopping threads took: 0.0010393 seconds
[2023-10-31T09:18:41.386+0000][3088.681s][debug][safepoint     ] Safepoint synchronization initiated. (186 threads)
[2023-10-31T09:18:41.387+0000][3088.682s][info ][safepoint     ] Application time: 1.0013015 seconds
[2023-10-31T09:18:41.388+0000][3088.683s][info ][safepoint     ] Entering safepoint region: Cleanup
[2023-10-31T09:18:41.389+0000][3088.684s][info ][safepoint     ] Leaving safepoint region
[2023-10-31T09:18:41.390+0000][3088.685s][info ][safepoint     ] Total time for which application threads were stopped: 0.0020089 seconds, Stopping threads took: 0.0008805 seconds
[2023-10-31T09:18:42.391+0000][3089.685s][debug][safepoint     ] Safepoint synchronization initiated. (186 threads)
[2023-10-31T09:18:42.392+0000][3089.686s][info ][safepoint     ] Application time: 1.0007480 seconds
[2023-10-31T09:18:42.392+0000][3089.687s][info ][safepoint     ] Entering safepoint region: Cleanup
[2023-10-31T09:18:42.393+0000][3089.687s][info ][safepoint     ] Leaving safepoint region
[2023-10-31T09:18:42.393+0000][3089.688s][info ][safepoint     ] Total time for which application threads were stopped: 0.0012103 seconds, Stopping threads took: 0.0005429 seconds
[2023-10-31T09:18:43.394+0000][3090.689s][debug][safepoint     ] Safepoint synchronization initiated. (186 threads)
[2023-10-31T09:18:43.395+0000][3090.689s][info ][safepoint     ] Application time: 1.0006779 seconds
[2023-10-31T09:18:43.395+0000][3090.690s][info ][safepoint     ] Entering safepoint region: Cleanup
[2023-10-31T09:18:43.396+0000][3090.690s][info ][safepoint     ] Leaving safepoint region
[2023-10-31T09:18:43.396+0000][3090.690s][info ][safepoint     ] Total time for which application threads were stopped: 0.0008577 seconds, Stopping threads took: 0.0003801 seconds
[2023-10-31T09:18:44.396+0000][3091.691s][debug][safepoint     ] Safepoint synchronization initiated. (186 threads)
[2023-10-31T09:18:44.397+0000][3091.691s][info ][safepoint     ] Application time: 1.0008442 seconds
[2023-10-31T09:18:44.398+0000][3091.692s][info ][safepoint     ] Entering safepoint region: Cleanup
[2023-10-31T09:18:44.398+0000][3091.693s][info ][safepoint     ] Leaving safepoint region
[2023-10-31T09:18:44.399+0000][3091.693s][info ][safepoint     ] Total time for which application threads were stopped: 0.0012014 seconds, Stopping threads took: 0.0005399 seconds
[2023-10-31T09:18:45.399+0000][3092.694s][debug][safepoint     ] Safepoint synchronization initiated. (186 threads)
[2023-10-31T09:18:45.400+0000][3092.694s][info ][safepoint     ] Application time: 1.0006901 seconds
[2023-10-31T09:18:45.400+0000][3092.695s][info ][safepoint     ] Entering safepoint region: Cleanup
[2023-10-31T09:18:45.401+0000][3092.695s][info ][safepoint     ] Leaving safepoint region
[2023-10-31T09:18:45.401+0000][3092.696s][info ][safepoint     ] Total time for which application threads were stopped: 0.0011078 seconds, Stopping threads took: 0.0005067 seconds
[2023-10-31T09:18:46.402+0000][3093.697s][debug][safepoint     ] Safepoint synchronization initiated. (186 threads)
[2023-10-31T09:18:46.403+0000][3093.698s][info ][safepoint     ] Application time: 1.0013949 seconds
[2023-10-31T09:18:46.404+0000][3093.698s][info ][safepoint     ] Entering safepoint region: Cleanup
[2023-10-31T09:18:46.404+0000][3093.699s][info ][safepoint     ] Leaving safepoint region
[2023-10-31T09:18:46.405+0000][3093.699s][info ][safepoint     ] Total time for which application threads were stopped: 0.0011281 seconds, Stopping threads took: 0.0004787 seconds
[2023-10-31T09:18:47.406+0000][3094.700s][debug][safepoint     ] Safepoint synchronization initiated. (186 threads)
[2023-10-31T09:18:47.407+0000][3094.701s][info ][safepoint     ] Application time: 1.0013739 seconds
[2023-10-31T09:18:47.408+0000][3094.702s][info ][safepoint     ] Entering safepoint region: Cleanup
[2023-10-31T09:18:47.409+0000][3094.704s][info ][safepoint     ] Leaving safepoint region
[2023-10-31T09:18:47.410+0000][3094.704s][info ][safepoint     ] Total time for which application threads were stopped: 0.0022210 seconds, Stopping threads took: 0.0009803 seconds
[2023-10-31T09:18:48.411+0000][3095.706s][debug][safepoint     ] Safepoint synchronization initiated. (186 threads)
[2023-10-31T09:18:48.412+0000][3095.707s][info ][safepoint     ] Application time: 1.0016891 seconds
[2023-10-31T09:18:48.413+0000][3095.708s][info ][safepoint     ] Entering safepoint region: Cleanup
[2023-10-31T09:18:48.415+0000][3095.709s][info ][safepoint     ] Leaving safepoint region
[2023-10-31T09:18:48.416+0000][3095.710s][info ][safepoint     ] Total time for which application threads were stopped: 0.0022730 seconds, Stopping threads took: 0.0011318 seconds
[2023-10-31T09:18:49.417+0000][3096.711s][debug][safepoint     ] Safepoint synchronization initiated. (186 threads)
[2023-10-31T09:18:49.418+0000][3096.712s][info ][safepoint     ] Application time: 1.0013701 seconds
[2023-10-31T09:18:49.419+0000][3096.713s][info ][safepoint     ] Entering safepoint region: Cleanup
[2023-10-31T09:18:49.420+0000][3096.714s][info ][safepoint     ] Leaving safepoint region
[2023-10-31T09:18:49.420+0000][3096.715s][info ][safepoint     ] Total time for which application threads were stopped: 0.0017875 seconds, Stopping threads took: 0.0007016 seconds
[2023-10-31T09:18:50.421+0000][3097.715s][debug][safepoint     ] Safepoint synchronization initiated. (186 threads)
[2023-10-31T09:18:50.422+0000][3097.716s][info ][safepoint     ] Application time: 1.0008737 seconds
[2023-10-31T09:18:50.422+0000][3097.717s][info ][safepoint     ] Entering safepoint region: Cleanup
[2023-10-31T09:18:50.423+0000][3097.717s][info ][safepoint     ] Leaving safepoint region
[2023-10-31T09:18:50.424+0000][3097.718s][info ][safepoint     ] Total time for which application threads were stopped: 0.0013062 seconds, Stopping threads took: 0.0005528 seconds
[2023-10-31T09:18:51.424+0000][3098.719s][debug][safepoint     ] Safepoint synchronization initiated. (186 threads)
[2023-10-31T09:18:51.425+0000][3098.719s][info ][safepoint     ] Application time: 1.0007819 seconds
[2023-10-31T09:18:51.425+0000][3098.720s][info ][safepoint     ] Entering safepoint region: Cleanup
[2023-10-31T09:18:51.426+0000][3098.720s][info ][safepoint     ] Leaving safepoint region
[2023-10-31T09:18:51.426+0000][3098.721s][info ][safepoint     ] Total time for which application threads were stopped: 0.0009966 seconds, Stopping threads took: 0.0004582 seconds
[2023-10-31T09:18:52.427+0000][3099.721s][debug][safepoint     ] Safepoint synchronization initiated. (186 threads)
[2023-10-31T09:18:52.427+0000][3099.722s][info ][safepoint     ] Application time: 1.0007933 seconds
[2023-10-31T09:18:52.428+0000][3099.722s][info ][safepoint     ] Entering safepoint region: Cleanup
[2023-10-31T09:18:52.429+0000][3099.723s][info ][safepoint     ] Leaving safepoint region
[2023-10-31T09:18:52.429+0000][3099.724s][info ][safepoint     ] Total time for which application threads were stopped: 0.0012491 seconds, Stopping threads took: 0.0005001 seconds
[2023-10-31T09:18:53.430+0000][3100.724s][debug][safepoint     ] Safepoint synchronization initiated. (186 threads)
[2023-10-31T09:18:53.431+0000][3100.725s][info ][safepoint     ] Application time: 1.0011466 seconds
[2023-10-31T09:18:53.432+0000][3100.726s][info ][safepoint     ] Entering safepoint region: Cleanup
[2023-10-31T09:18:53.433+0000][3100.727s][info ][safepoint     ] Leaving safepoint region
[2023-10-31T09:18:53.433+0000][3100.728s][info ][safepoint     ] Total time for which application threads were stopped: 0.0016229 seconds, Stopping threads took: 0.0007805 seconds
[2023-10-31T09:18:54.434+0000][3101.728s][debug][safepoint     ] Safepoint synchronization initiated. (186 threads)
[2023-10-31T09:18:54.435+0000][3101.729s][info ][safepoint     ] Application time: 1.0010642 seconds
[2023-10-31T09:18:54.436+0000][3101.730s][info ][safepoint     ] Entering safepoint region: Cleanup
[2023-10-31T09:18:54.436+0000][3101.731s][info ][safepoint     ] Leaving safepoint region
[2023-10-31T09:18:54.437+0000][3101.731s][info ][safepoint     ] Total time for which application threads were stopped: 0.0011792 seconds, Stopping threads took: 0.0005193 seconds
[2023-10-31T09:18:55.437+0000][3102.732s][debug][safepoint     ] Safepoint synchronization initiated. (186 threads)
[2023-10-31T09:18:55.438+0000][3102.732s][info ][safepoint     ] Application time: 1.0007529 seconds
[2023-10-31T09:18:55.438+0000][3102.733s][info ][safepoint     ] Entering safepoint region: Cleanup
[2023-10-31T09:18:55.439+0000][3102.733s][info ][safepoint     ] Leaving safepoint region
[2023-10-31T09:18:55.439+0000][3102.734s][info ][safepoint     ] Total time for which application threads were stopped: 0.0011123 seconds, Stopping threads took: 0.0004590 seconds
[2023-10-31T09:18:56.440+0000][3103.734s][debug][safepoint     ] Safepoint synchronization initiated. (186 threads)
[2023-10-31T09:18:56.441+0000][3103.735s][info ][safepoint     ] Application time: 1.0007731 seconds
[2023-10-31T09:18:56.441+0000][3103.736s][info ][safepoint     ] Entering safepoint region: Cleanup
[2023-10-31T09:18:56.442+0000][3103.736s][info ][safepoint     ] Leaving safepoint region
[2023-10-31T09:18:56.442+0000][3103.737s][info ][safepoint     ] Total time for which application threads were stopped: 0.0012958 seconds, Stopping threads took: 0.0005519 seconds
[2023-10-31T09:18:57.443+0000][3104.737s][debug][safepoint     ] Safepoint synchronization initiated. (186 threads)
[2023-10-31T09:18:57.444+0000][3104.738s][info ][safepoint     ] Application time: 1.0008762 seconds
[2023-10-31T09:18:57.444+0000][3104.739s][info ][safepoint     ] Entering safepoint region: Cleanup
[2023-10-31T09:18:57.445+0000][3104.739s][info ][safepoint     ] Leaving safepoint region
[2023-10-31T09:18:57.445+0000][3104.740s][info ][safepoint     ] Total time for which application threads were stopped: 0.0012111 seconds, Stopping threads took: 0.0004572 seconds
[2023-10-31T09:18:58.446+0000][3105.741s][debug][safepoint     ] Safepoint synchronization initiated. (186 threads)
[2023-10-31T09:18:58.447+0000][3105.742s][info ][safepoint     ] Application time: 1.0015095 seconds
[2023-10-31T09:18:58.448+0000][3105.743s][info ][safepoint     ] Entering safepoint region: Cleanup
[2023-10-31T09:18:58.449+0000][3105.744s][info ][safepoint     ] Leaving safepoint region
[2023-10-31T09:18:58.450+0000][3105.745s][info ][safepoint     ] Total time for which application threads were stopped: 0.0021393 seconds, Stopping threads took: 0.0009427 seconds
[2023-10-31T09:18:59.451+0000][3106.746s][debug][safepoint     ] Safepoint synchronization initiated. (186 threads)
[2023-10-31T09:18:59.452+0000][3106.747s][info ][safepoint     ] Application time: 1.0011377 seconds
[2023-10-31T09:18:59.453+0000][3106.748s][info ][safepoint     ] Entering safepoint region: Cleanup
[2023-10-31T09:18:59.454+0000][3106.749s][info ][safepoint     ] Leaving safepoint region
[2023-10-31T09:18:59.455+0000][3106.749s][info ][safepoint     ] Total time for which application threads were stopped: 0.0016159 seconds, Stopping threads took: 0.0007697 seconds
[2023-10-31T09:19:00.455+0000][3107.750s][debug][safepoint     ] Safepoint synchronization initiated. (186 threads)
[2023-10-31T09:19:00.456+0000][3107.751s][info ][safepoint     ] Application time: 1.0007401 seconds
[2023-10-31T09:19:00.456+0000][3107.751s][debug][safepoint     ] ... found polling page return exception at pc = 0x00007f62e93eb7db, stub =0x00007f62e0840600
[2023-10-31T09:19:00.456+0000][3107.751s][debug][safepoint     ] ... found polling page return exception at pc = 0x00007f62e947f1da, stub =0x00007f62e0840600
[2023-10-31T09:19:00.457+0000][3107.752s][debug][safepoint     ] Waiting for 3 thread(s) to block
[2023-10-31T09:19:00.458+0000][3107.753s][info ][safepoint     ] Entering safepoint region: Cleanup
[2023-10-31T09:19:00.458+0000][3107.753s][info ][safepoint     ] Leaving safepoint region
[2023-10-31T09:19:00.459+0000][3107.754s][info ][safepoint     ] Total time for which application threads were stopped: 0.0027981 seconds, Stopping threads took: 0.0021778 seconds
[2023-10-31T09:19:01.460+0000][3108.754s][debug][safepoint     ] Safepoint synchronization initiated. (186 threads)
[2023-10-31T09:19:01.460+0000][3108.755s][info ][safepoint     ] Application time: 1.0008690 seconds
[2023-10-31T09:19:01.461+0000][3108.756s][info ][safepoint     ] Entering safepoint region: Cleanup
[2023-10-31T09:19:01.461+0000][3108.756s][info ][safepoint     ] Leaving safepoint region
[2023-10-31T09:19:01.462+0000][3108.757s][info ][safepoint     ] Total time for which application threads were stopped: 0.0012707 seconds, Stopping threads took: 0.0005567 seconds
[2023-10-31T09:19:02.463+0000][3109.758s][debug][safepoint     ] Safepoint synchronization initiated. (186 threads)
[2023-10-31T09:19:02.464+0000][3109.758s][info ][safepoint     ] Application time: 1.0011833 seconds
[2023-10-31T09:19:02.465+0000][3109.759s][info ][safepoint     ] Entering safepoint region: Cleanup
[2023-10-31T09:19:02.466+0000][3109.761s][info ][safepoint     ] Leaving safepoint region
[2023-10-31T09:19:02.467+0000][3109.762s][info ][safepoint     ] Total time for which application threads were stopped: 0.0022566 seconds, Stopping threads took: 0.0009700 seconds
[2023-10-31T09:19:03.468+0000][3110.763s][debug][safepoint     ] Safepoint synchronization initiated. (186 threads)
[2023-10-31T09:19:03.469+0000][3110.763s][info ][safepoint     ] Application time: 1.0009278 seconds
[2023-10-31T09:19:03.469+0000][3110.764s][info ][safepoint     ] Entering safepoint region: Cleanup
[2023-10-31T09:19:03.470+0000][3110.765s][info ][safepoint     ] Leaving safepoint region
[2023-10-31T09:19:03.471+0000][3110.765s][info ][safepoint     ] Total time for which application threads were stopped: 0.0013823 seconds, Stopping threads took: 0.0005850 seconds
[2023-10-31T09:19:04.471+0000][3111.766s][debug][safepoint     ] Safepoint synchronization initiated. (186 threads)
[2023-10-31T09:19:04.472+0000][3111.767s][info ][safepoint     ] Application time: 1.0008487 seconds
[2023-10-31T09:19:04.473+0000][3111.767s][info ][safepoint     ] Entering safepoint region: Cleanup
[2023-10-31T09:19:04.473+0000][3111.768s][info ][safepoint     ] Leaving safepoint region
[2023-10-31T09:19:04.474+0000][3111.769s][info ][safepoint     ] Total time for which application threads were stopped: 0.0012238 seconds, Stopping threads took: 0.0006100 seconds
[2023-10-31T09:19:05.475+0000][3112.769s][debug][safepoint     ] Safepoint synchronization initiated. (186 threads)
[2023-10-31T09:19:05.475+0000][3112.770s][info ][safepoint     ] Application time: 1.0011631 seconds
[2023-10-31T09:19:05.476+0000][3112.771s][info ][safepoint     ] Entering safepoint region: Cleanup
[2023-10-31T09:19:05.477+0000][3112.772s][info ][safepoint     ] Leaving safepoint region
[2023-10-31T09:19:05.478+0000][3112.773s][info ][safepoint     ] Total time for which application threads were stopped: 0.0018069 seconds, Stopping threads took: 0.0008282 seconds
[2023-10-31T09:19:06.479+0000][3113.774s][debug][safepoint     ] Safepoint synchronization initiated. (186 threads)
[2023-10-31T09:19:06.480+0000][3113.775s][info ][safepoint     ] Application time: 1.0011099 seconds
[2023-10-31T09:19:06.481+0000][3113.775s][info ][safepoint     ] Entering safepoint region: Cleanup
[2023-10-31T09:19:06.482+0000][3113.776s][info ][safepoint     ] Leaving safepoint region
[2023-10-31T09:19:06.482+0000][3113.777s][info ][safepoint     ] Total time for which application threads were stopped: 0.0019236 seconds, Stopping threads took: 0.0008982 seconds
[2023-10-31T09:19:07.483+0000][3114.778s][debug][safepoint     ] Safepoint synchronization initiated. (186 threads)
[2023-10-31T09:19:07.484+0000][3114.779s][info ][safepoint     ] Application time: 1.0008028 seconds
[2023-10-31T09:19:07.484+0000][3114.779s][info ][safepoint     ] Entering safepoint region: Cleanup
[2023-10-31T09:19:07.485+0000][3114.780s][info ][safepoint     ] Leaving safepoint region
[2023-10-31T09:19:07.486+0000][3114.781s][info ][safepoint     ] Total time for which application threads were stopped: 0.0013047 seconds, Stopping threads took: 0.0005248 seconds
[2023-10-31T09:19:08.486+0000][3115.781s][debug][safepoint     ] Safepoint synchronization initiated. (186 threads)
[2023-10-31T09:19:08.487+0000][3115.782s][info ][safepoint     ] Application time: 1.0008076 seconds
[2023-10-31T09:19:08.487+0000][3115.782s][info ][safepoint     ] Entering safepoint region: Cleanup
[2023-10-31T09:19:08.488+0000][3115.783s][info ][safepoint     ] Leaving safepoint region
[2023-10-31T09:19:08.489+0000][3115.783s][info ][safepoint     ] Total time for which application threads were stopped: 0.0011101 seconds, Stopping threads took: 0.0005665 seconds
[2023-10-31T09:19:09.300+0000][3116.595s][debug][safepoint     ] Safepoint synchronization initiated. (186 threads)
[2023-10-31T09:19:09.300+0000][3116.595s][info ][safepoint     ] Application time: 0.8116595 seconds
[2023-10-31T09:19:09.301+0000][3116.596s][info ][safepoint     ] Entering safepoint region: G1CollectForAllocation
[2023-10-31T09:19:09.302+0000][3116.597s][info ][gc,start      ] GC(71) Pause Young (Normal) (G1 Evacuation Pause)
[2023-10-31T09:19:09.302+0000][3116.597s][info ][gc,task       ] GC(71) Using 8 workers of 8 for evacuation
[2023-10-31T09:19:09.321+0000][3116.615s][info ][gc,phases     ] GC(71)   Pre Evacuate Collection Set: 0.1ms
[2023-10-31T09:19:09.321+0000][3116.616s][info ][gc,phases     ] GC(71)   Evacuate Collection Set: 13.9ms
[2023-10-31T09:19:09.322+0000][3116.617s][info ][gc,phases     ] GC(71)   Post Evacuate Collection Set: 3.6ms
[2023-10-31T09:19:09.322+0000][3116.617s][info ][gc,phases     ] GC(71)   Other: 1.2ms
[2023-10-31T09:19:09.323+0000][3116.618s][info ][gc,heap       ] GC(71) Eden regions: 211->0(212)
[2023-10-31T09:19:09.323+0000][3116.618s][info ][gc,heap       ] GC(71) Survivor regions: 4->4(27)
[2023-10-31T09:19:09.324+0000][3116.618s][info ][gc,heap       ] GC(71) Old regions: 161->161
[2023-10-31T09:19:09.324+0000][3116.619s][info ][gc,heap       ] GC(71) Humongous regions: 40->40
[2023-10-31T09:19:09.325+0000][3116.619s][info ][gc,metaspace  ] GC(71) Metaspace: 171035K(176848K)->171035K(176848K) NonClass: 151325K(154832K)->151325K(154832K) Class: 19709K(22016K)->19709K(22016K)
[2023-10-31T09:19:09.325+0000][3116.620s][info ][gc            ] GC(71) Pause Young (Normal) (G1 Evacuation Pause) 413M->203M(470M) 23.427ms
[2023-10-31T09:19:09.326+0000][3116.621s][info ][gc,cpu        ] GC(71) User=0.13s Sys=0.00s Real=0.03s
[2023-10-31T09:19:09.326+0000][3116.621s][info ][safepoint     ] Leaving safepoint region
[2023-10-31T09:19:09.327+0000][3116.622s][info ][safepoint     ] Total time for which application threads were stopped: 0.0258525 seconds, Stopping threads took: 0.0005005 seconds
[2023-10-31T09:19:09.327+0000][3116.622s][info ][gc,stringdedup] Concurrent String Deduplication (3116.622s)
[2023-10-31T09:19:09.328+0000][3116.623s][info ][gc,stringdedup] Concurrent String Deduplication 0.0B->0.0B(0.0B) avg 54.4% (3116.622s, 3116.623s) 0.540ms
[2023-10-31T09:19:10.328+0000][3117.623s][debug][safepoint     ] Safepoint synchronization initiated. (186 threads)
[2023-10-31T09:19:10.329+0000][3117.624s][info ][safepoint     ] Application time: 1.0015474 seconds
[2023-10-31T09:19:10.330+0000][3117.625s][info ][safepoint     ] Entering safepoint region: Cleanup
[2023-10-31T09:19:10.331+0000][3117.626s][info ][safepoint     ] Leaving safepoint region
[2023-10-31T09:19:10.331+0000][3117.626s][info ][safepoint     ] Total time for which application threads were stopped: 0.0012833 seconds, Stopping threads took: 0.0006408 seconds
[2023-10-31T09:19:11.332+0000][3118.627s][debug][safepoint     ] Safepoint synchronization initiated. (186 threads)
[2023-10-31T09:19:11.333+0000][3118.628s][info ][safepoint     ] Application time: 1.0015472 seconds
[2023-10-31T09:19:11.334+0000][3118.629s][info ][safepoint     ] Entering safepoint region: Cleanup
[2023-10-31T09:19:11.336+0000][3118.631s][info ][safepoint     ] Leaving safepoint region
[2023-10-31T09:19:11.337+0000][3118.632s][info ][safepoint     ] Total time for which application threads were stopped: 0.0024438 seconds, Stopping threads took: 0.0010686 seconds
[2023-10-31T09:19:12.338+0000][3119.633s][debug][safepoint     ] Safepoint synchronization initiated. (186 threads)
[2023-10-31T09:19:12.339+0000][3119.634s][info ][safepoint     ] Application time: 1.0012659 seconds
[2023-10-31T09:19:12.340+0000][3119.635s][info ][safepoint     ] Entering safepoint region: Cleanup
[2023-10-31T09:19:12.340+0000][3119.635s][info ][safepoint     ] Leaving safepoint region
[2023-10-31T09:19:12.341+0000][3119.636s][info ][safepoint     ] Total time for which application threads were stopped: 0.0011340 seconds, Stopping threads took: 0.0004934 seconds
[2023-10-31T09:19:13.341+0000][3120.636s][debug][safepoint     ] Safepoint synchronization initiated. (186 threads)
[2023-10-31T09:19:13.343+0000][3120.638s][info ][safepoint     ] Application time: 1.0020351 seconds
[2023-10-31T09:19:13.344+0000][3120.639s][info ][safepoint     ] Entering safepoint region: Cleanup
[2023-10-31T09:19:13.345+0000][3120.639s][info ][safepoint     ] Leaving safepoint region
[2023-10-31T09:19:13.345+0000][3120.640s][info ][safepoint     ] Total time for which application threads were stopped: 0.0014281 seconds, Stopping threads took: 0.0005913 seconds
[2023-10-31T09:19:14.346+0000][3121.641s][debug][safepoint     ] Safepoint synchronization initiated. (186 threads)
[2023-10-31T09:19:14.347+0000][3121.642s][info ][safepoint     ] Application time: 1.0012988 seconds
[2023-10-31T09:19:14.348+0000][3121.643s][info ][safepoint     ] Entering safepoint region: Cleanup
[2023-10-31T09:19:14.349+0000][3121.644s][info ][safepoint     ] Leaving safepoint region
[2023-10-31T09:19:14.350+0000][3121.644s][info ][safepoint     ] Total time for which application threads were stopped: 0.0017404 seconds, Stopping threads took: 0.0007511 seconds
[2023-10-31T09:19:15.350+0000][3122.645s][debug][safepoint     ] Safepoint synchronization initiated. (186 threads)
[2023-10-31T09:19:15.351+0000][3122.646s][info ][safepoint     ] Application time: 1.0009768 seconds
[2023-10-31T09:19:15.352+0000][3122.647s][info ][safepoint     ] Entering safepoint region: Cleanup
[2023-10-31T09:19:15.353+0000][3122.648s][info ][safepoint     ] Leaving safepoint region
[2023-10-31T09:19:15.353+0000][3122.648s][info ][safepoint     ] Total time for which application threads were stopped: 0.0013597 seconds, Stopping threads took: 0.0006437 seconds
[2023-10-31T09:19:16.354+0000][3123.649s][debug][safepoint     ] Safepoint synchronization initiated. (186 threads)
[2023-10-31T09:19:16.355+0000][3123.649s][info ][safepoint     ] Application time: 1.0009242 seconds
[2023-10-31T09:19:16.355+0000][3123.650s][info ][safepoint     ] Entering safepoint region: Cleanup
[2023-10-31T09:19:16.356+0000][3123.651s][info ][safepoint     ] Leaving safepoint region
[2023-10-31T09:19:16.356+0000][3123.651s][info ][safepoint     ] Total time for which application threads were stopped: 0.0013033 seconds, Stopping threads took: 0.0005473 seconds
[2023-10-31T09:19:17.357+0000][3124.652s][debug][safepoint     ] Safepoint synchronization initiated. (186 threads)
[2023-10-31T09:19:17.358+0000][3124.653s][info ][safepoint     ] Application time: 1.0009509 seconds
[2023-10-31T09:19:17.358+0000][3124.653s][info ][safepoint     ] Entering safepoint region: Cleanup
[2023-10-31T09:19:17.359+0000][3124.654s][info ][safepoint     ] Leaving safepoint region
[2023-10-31T09:19:17.360+0000][3124.654s][info ][safepoint     ] Total time for which application threads were stopped: 0.0012880 seconds, Stopping threads took: 0.0006216 seconds
[2023-10-31T09:19:18.360+0000][3125.655s][debug][safepoint     ] Safepoint synchronization initiated. (186 threads)
[2023-10-31T09:19:18.362+0000][3125.656s][info ][safepoint     ] Application time: 1.0014352 seconds
[2023-10-31T09:19:18.363+0000][3125.657s][info ][safepoint     ] Entering safepoint region: Cleanup
[2023-10-31T09:19:18.364+0000][3125.659s][info ][safepoint     ] Leaving safepoint region
[2023-10-31T09:19:18.365+0000][3125.660s][info ][safepoint     ] Total time for which application threads were stopped: 0.0023328 seconds, Stopping threads took: 0.0010430 seconds
[2023-10-31T09:19:19.366+0000][3126.661s][debug][safepoint     ] Safepoint synchronization initiated. (186 threads)
[2023-10-31T09:19:19.367+0000][3126.662s][info ][safepoint     ] Application time: 1.0009124 seconds
[2023-10-31T09:19:19.368+0000][3126.662s][info ][safepoint     ] Entering safepoint region: Cleanup
[2023-10-31T09:19:19.368+0000][3126.663s][info ][safepoint     ] Leaving safepoint region
[2023-10-31T09:19:19.369+0000][3126.663s][info ][safepoint     ] Total time for which application threads were stopped: 0.0012088 seconds, Stopping threads took: 0.0004219 seconds
[2023-10-31T09:19:20.369+0000][3127.664s][debug][safepoint     ] Safepoint synchronization initiated. (186 threads)
[2023-10-31T09:19:20.370+0000][3127.665s][info ][safepoint     ] Application time: 1.0011770 seconds
[2023-10-31T09:19:20.371+0000][3127.666s][info ][safepoint     ] Entering safepoint region: Cleanup
[2023-10-31T09:19:20.373+0000][3127.667s][info ][safepoint     ] Leaving safepoint region
[2023-10-31T09:19:20.373+0000][3127.668s][info ][safepoint     ] Total time for which application threads were stopped: 0.0020145 seconds, Stopping threads took: 0.0009643 seconds
[2023-10-31T09:19:21.374+0000][3128.669s][debug][safepoint     ] Safepoint synchronization initiated. (186 threads)
[2023-10-31T09:19:21.375+0000][3128.670s][info ][safepoint     ] Application time: 1.0008755 seconds
[2023-10-31T09:19:21.375+0000][3128.670s][info ][safepoint     ] Entering safepoint region: Cleanup
[2023-10-31T09:19:21.376+0000][3128.671s][info ][safepoint     ] Leaving safepoint region
[2023-10-31T09:19:21.377+0000][3128.671s][info ][safepoint     ] Total time for which application threads were stopped: 0.0011011 seconds, Stopping threads took: 0.0004931 seconds
[2023-10-31T09:19:22.377+0000][3129.672s][debug][safepoint     ] Safepoint synchronization initiated. (186 threads)
[2023-10-31T09:19:22.378+0000][3129.673s][info ][safepoint     ] Application time: 1.0007955 seconds
[2023-10-31T09:19:22.378+0000][3129.673s][info ][safepoint     ] Entering safepoint region: Cleanup
[2023-10-31T09:19:22.379+0000][3129.674s][info ][safepoint     ] Leaving safepoint region
[2023-10-31T09:19:22.379+0000][3129.674s][info ][safepoint     ] Total time for which application threads were stopped: 0.0011896 seconds, Stopping threads took: 0.0005079 seconds
[2023-10-31T09:19:23.380+0000][3130.675s][debug][safepoint     ] Safepoint synchronization initiated. (186 threads)
[2023-10-31T09:19:23.381+0000][3130.676s][info ][safepoint     ] Application time: 1.0009457 seconds
[2023-10-31T09:19:23.381+0000][3130.676s][info ][safepoint     ] Entering safepoint region: Cleanup
[2023-10-31T09:19:23.382+0000][3130.677s][info ][safepoint     ] Leaving safepoint region
[2023-10-31T09:19:23.383+0000][3130.678s][info ][safepoint     ] Total time for which application threads were stopped: 0.0014974 seconds, Stopping threads took: 0.0006621 seconds
[2023-10-31T09:19:24.384+0000][3131.679s][debug][safepoint     ] Safepoint synchronization initiated. (186 threads)
[2023-10-31T09:19:24.385+0000][3131.680s][info ][safepoint     ] Application time: 1.0016976 seconds
[2023-10-31T09:19:24.386+0000][3131.681s][info ][safepoint     ] Entering safepoint region: Cleanup
[2023-10-31T09:19:24.388+0000][3131.682s][info ][safepoint     ] Leaving safepoint region
[2023-10-31T09:19:24.388+0000][3131.683s][info ][safepoint     ] Total time for which application threads were stopped: 0.0022335 seconds, Stopping threads took: 0.0009218 seconds
[2023-10-31T09:19:25.390+0000][3132.685s][debug][safepoint     ] Safepoint synchronization initiated. (186 threads)
[2023-10-31T09:19:25.391+0000][3132.686s][info ][safepoint     ] Application time: 1.0016482 seconds
[2023-10-31T09:19:25.392+0000][3132.687s][info ][safepoint     ] Entering safepoint region: Cleanup
[2023-10-31T09:19:25.393+0000][3132.688s][info ][safepoint     ] Leaving safepoint region
[2023-10-31T09:19:25.394+0000][3132.689s][info ][safepoint     ] Total time for which application threads were stopped: 0.0022392 seconds, Stopping threads took: 0.0010916 seconds
[2023-10-31T09:19:26.395+0000][3133.690s][debug][safepoint     ] Safepoint synchronization initiated. (186 threads)
[2023-10-31T09:19:26.396+0000][3133.691s][info ][safepoint     ] Application time: 1.0010467 seconds
[2023-10-31T09:19:26.397+0000][3133.692s][info ][safepoint     ] Entering safepoint region: Cleanup
[2023-10-31T09:19:26.398+0000][3133.692s][info ][safepoint     ] Leaving safepoint region
[2023-10-31T09:19:26.398+0000][3133.693s][info ][safepoint     ] Total time for which application threads were stopped: 0.0013439 seconds, Stopping threads took: 0.0005935 seconds
[2023-10-31T09:19:27.399+0000][3134.694s][debug][safepoint     ] Safepoint synchronization initiated. (186 threads)
[2023-10-31T09:19:27.414+0000][3134.709s][info ][safepoint     ] Application time: 1.0155393 seconds
[2023-10-31T09:19:27.415+0000][3134.710s][info ][safepoint     ] Entering safepoint region: Cleanup
[2023-10-31T09:19:27.416+0000][3134.710s][info ][safepoint     ] Leaving safepoint region
[2023-10-31T09:19:27.416+0000][3134.711s][info ][safepoint     ] Total time for which application threads were stopped: 0.0013508 seconds, Stopping threads took: 0.0006060 seconds
[2023-10-31T09:19:28.417+0000][3135.712s][debug][safepoint     ] Safepoint synchronization initiated. (186 threads)
[2023-10-31T09:19:28.418+0000][3135.713s][info ][safepoint     ] Application time: 1.0015404 seconds
[2023-10-31T09:19:28.419+0000][3135.714s][info ][safepoint     ] Entering safepoint region: Cleanup
[2023-10-31T09:19:28.421+0000][3135.715s][info ][safepoint     ] Leaving safepoint region
[2023-10-31T09:19:28.422+0000][3135.716s][info ][safepoint     ] Total time for which application threads were stopped: 0.0023671 seconds, Stopping threads took: 0.0010298 seconds
[2023-10-31T09:19:29.423+0000][3136.717s][debug][safepoint     ] Safepoint synchronization initiated. (186 threads)
[2023-10-31T09:19:29.423+0000][3136.718s][info ][safepoint     ] Application time: 1.0010558 seconds
[2023-10-31T09:19:29.424+0000][3136.719s][info ][safepoint     ] Entering safepoint region: Cleanup
[2023-10-31T09:19:29.425+0000][3136.720s][info ][safepoint     ] Leaving safepoint region
[2023-10-31T09:19:29.426+0000][3136.720s][info ][safepoint     ] Total time for which application threads were stopped: 0.0015367 seconds, Stopping threads took: 0.0006624 seconds
[2023-10-31T09:19:30.426+0000][3137.721s][debug][safepoint     ] Safepoint synchronization initiated. (186 threads)
[2023-10-31T09:19:30.428+0000][3137.723s][info ][safepoint     ] Application time: 1.0014348 seconds
[2023-10-31T09:19:30.429+0000][3137.724s][info ][safepoint     ] Entering safepoint region: Cleanup
[2023-10-31T09:19:30.430+0000][3137.725s][info ][safepoint     ] Leaving safepoint region
[2023-10-31T09:19:30.431+0000][3137.726s][info ][safepoint     ] Total time for which application threads were stopped: 0.0022887 seconds, Stopping threads took: 0.0011058 seconds
[2023-10-31T09:19:31.432+0000][3138.727s][debug][safepoint     ] Safepoint synchronization initiated. (186 threads)
[2023-10-31T09:19:31.458+0000][3138.753s][info ][safepoint     ] Application time: 1.0266072 seconds
[2023-10-31T09:19:31.470+0000][3138.765s][info ][safepoint     ] Entering safepoint region: Cleanup
[2023-10-31T09:19:31.483+0000][3138.778s][info ][safepoint     ] Leaving safepoint region
[2023-10-31T09:19:31.498+0000][3138.793s][info ][safepoint     ] Total time for which application threads were stopped: 0.0282133 seconds, Stopping threads took: 0.0125436 seconds
[2023-10-31T09:19:32.516+0000][3139.811s][debug][safepoint     ] Safepoint synchronization initiated. (186 threads)
[2023-10-31T09:19:32.517+0000][3139.812s][info ][safepoint     ] Application time: 1.0006434 seconds
[2023-10-31T09:19:32.517+0000][3139.812s][info ][safepoint     ] Entering safepoint region: Cleanup
[2023-10-31T09:19:32.518+0000][3139.813s][info ][safepoint     ] Leaving safepoint region
[2023-10-31T09:19:32.518+0000][3139.813s][info ][safepoint     ] Total time for which application threads were stopped: 0.0011602 seconds, Stopping threads took: 0.0005099 seconds
[2023-10-31T09:19:33.519+0000][3140.814s][debug][safepoint     ] Safepoint synchronization initiated. (186 threads)
[2023-10-31T09:19:33.520+0000][3140.815s][info ][safepoint     ] Application time: 1.0013184 seconds
[2023-10-31T09:19:33.521+0000][3140.816s][info ][safepoint     ] Entering safepoint region: Cleanup
[2023-10-31T09:19:33.522+0000][3140.817s][info ][safepoint     ] Leaving safepoint region
[2023-10-31T09:19:33.523+0000][3140.818s][info ][safepoint     ] Total time for which application threads were stopped: 0.0020560 seconds, Stopping threads took: 0.0009211 seconds
[2023-10-31T09:19:34.524+0000][3141.819s][debug][safepoint     ] Safepoint synchronization initiated. (186 threads)
[2023-10-31T09:19:34.525+0000][3141.820s][info ][safepoint     ] Application time: 1.0012309 seconds
[2023-10-31T09:19:34.526+0000][3141.821s][info ][safepoint     ] Entering safepoint region: Cleanup
[2023-10-31T09:19:34.527+0000][3141.822s][info ][safepoint     ] Leaving safepoint region
[2023-10-31T09:19:34.528+0000][3141.823s][info ][safepoint     ] Total time for which application threads were stopped: 0.0021196 seconds, Stopping threads took: 0.0009451 seconds
[2023-10-31T09:19:35.529+0000][3142.824s][debug][safepoint     ] Safepoint synchronization initiated. (186 threads)
[2023-10-31T09:19:35.530+0000][3142.825s][info ][safepoint     ] Application time: 1.0012495 seconds
[2023-10-31T09:19:35.531+0000][3142.826s][info ][safepoint     ] Entering safepoint region: Cleanup
[2023-10-31T09:19:35.532+0000][3142.827s][info ][safepoint     ] Leaving safepoint region
[2023-10-31T09:19:35.533+0000][3142.828s][info ][safepoint     ] Total time for which application threads were stopped: 0.0018173 seconds, Stopping threads took: 0.0007170 seconds
[2023-10-31T09:19:36.534+0000][3143.829s][debug][safepoint     ] Safepoint synchronization initiated. (186 threads)
[2023-10-31T09:19:36.534+0000][3143.829s][info ][safepoint     ] Application time: 1.0008974 seconds
[2023-10-31T09:19:36.535+0000][3143.830s][info ][safepoint     ] Entering safepoint region: Cleanup
[2023-10-31T09:19:36.536+0000][3143.831s][info ][safepoint     ] Leaving safepoint region
[2023-10-31T09:19:36.536+0000][3143.831s][info ][safepoint     ] Total time for which application threads were stopped: 0.0013568 seconds, Stopping threads took: 0.0005257 seconds
[2023-10-31T09:19:37.537+0000][3144.832s][debug][safepoint     ] Safepoint synchronization initiated. (186 threads)
[2023-10-31T09:19:37.538+0000][3144.833s][info ][safepoint     ] Application time: 1.0015449 seconds
[2023-10-31T09:19:37.540+0000][3144.835s][info ][safepoint     ] Entering safepoint region: Cleanup
[2023-10-31T09:19:37.541+0000][3144.836s][info ][safepoint     ] Leaving safepoint region
[2023-10-31T09:19:37.542+0000][3144.837s][info ][safepoint     ] Total time for which application threads were stopped: 0.0022911 seconds, Stopping threads took: 0.0010732 seconds
[2023-10-31T09:19:38.543+0000][3145.838s][debug][safepoint     ] Safepoint synchronization initiated. (186 threads)
[2023-10-31T09:19:38.544+0000][3145.839s][info ][safepoint     ] Application time: 1.0015784 seconds
[2023-10-31T09:19:38.545+0000][3145.840s][info ][safepoint     ] Entering safepoint region: Cleanup
[2023-10-31T09:19:38.547+0000][3145.842s][info ][safepoint     ] Leaving safepoint region
[2023-10-31T09:19:38.548+0000][3145.843s][info ][safepoint     ] Total time for which application threads were stopped: 0.0025311 seconds, Stopping threads took: 0.0011468 seconds
[2023-10-31T09:19:39.550+0000][3146.844s][debug][safepoint     ] Safepoint synchronization initiated. (186 threads)
[2023-10-31T09:19:39.550+0000][3146.845s][info ][safepoint     ] Application time: 1.0011142 seconds
[2023-10-31T09:19:39.551+0000][3146.846s][info ][safepoint     ] Entering safepoint region: Cleanup
[2023-10-31T09:19:39.551+0000][3146.846s][info ][safepoint     ] Leaving safepoint region
[2023-10-31T09:19:39.552+0000][3146.847s][info ][safepoint     ] Total time for which application threads were stopped: 0.0015218 seconds, Stopping threads took: 0.0004723 seconds
[2023-10-31T09:19:40.554+0000][3147.849s][debug][safepoint     ] Safepoint synchronization initiated. (186 threads)
[2023-10-31T09:19:40.555+0000][3147.849s][info ][safepoint     ] Application time: 1.0011934 seconds
[2023-10-31T09:19:40.555+0000][3147.850s][info ][safepoint     ] Entering safepoint region: Cleanup
[2023-10-31T09:19:40.556+0000][3147.851s][info ][safepoint     ] Leaving safepoint region
[2023-10-31T09:19:40.556+0000][3147.851s][info ][safepoint     ] Total time for which application threads were stopped: 0.0011062 seconds, Stopping threads took: 0.0004288 seconds
[2023-10-31T09:19:41.557+0000][3148.852s][debug][safepoint     ] Safepoint synchronization initiated. (186 threads)
[2023-10-31T09:19:41.557+0000][3148.852s][info ][safepoint     ] Application time: 1.0008204 seconds
[2023-10-31T09:19:41.558+0000][3148.853s][info ][safepoint     ] Entering safepoint region: Cleanup
[2023-10-31T09:19:41.559+0000][3148.854s][info ][safepoint     ] Leaving safepoint region
[2023-10-31T09:19:41.559+0000][3148.854s][info ][safepoint     ] Total time for which application threads were stopped: 0.0014652 seconds, Stopping threads took: 0.0006919 seconds
[2023-10-31T09:19:42.560+0000][3149.855s][debug][safepoint     ] Safepoint synchronization initiated. (186 threads)
[2023-10-31T09:19:42.560+0000][3149.855s][info ][safepoint     ] Application time: 1.0005318 seconds
[2023-10-31T09:19:42.561+0000][3149.856s][info ][safepoint     ] Entering safepoint region: Cleanup
[2023-10-31T09:19:42.561+0000][3149.856s][info ][safepoint     ] Leaving safepoint region
[2023-10-31T09:19:42.562+0000][3149.856s][info ][safepoint     ] Total time for which application threads were stopped: 0.0007971 seconds, Stopping threads took: 0.0003025 seconds
[2023-10-31T09:19:43.562+0000][3150.857s][debug][safepoint     ] Safepoint synchronization initiated. (186 threads)
[2023-10-31T09:19:43.563+0000][3150.858s][info ][safepoint     ] Application time: 1.0010077 seconds
[2023-10-31T09:19:43.563+0000][3150.858s][info ][safepoint     ] Entering safepoint region: Cleanup
[2023-10-31T09:19:43.564+0000][3150.859s][info ][safepoint     ] Leaving safepoint region
[2023-10-31T09:19:43.565+0000][3150.860s][info ][safepoint     ] Total time for which application threads were stopped: 0.0012820 seconds, Stopping threads took: 0.0005641 seconds
[2023-10-31T09:19:44.565+0000][3151.860s][debug][safepoint     ] Safepoint synchronization initiated. (186 threads)
[2023-10-31T09:19:44.566+0000][3151.861s][info ][safepoint     ] Application time: 1.0007276 seconds
[2023-10-31T09:19:44.566+0000][3151.861s][info ][safepoint     ] Entering safepoint region: Cleanup
[2023-10-31T09:19:44.567+0000][3151.862s][info ][safepoint     ] Leaving safepoint region
[2023-10-31T09:19:44.568+0000][3151.863s][info ][safepoint     ] Total time for which application threads were stopped: 0.0012350 seconds, Stopping threads took: 0.0004995 seconds
[2023-10-31T09:19:45.568+0000][3152.863s][debug][safepoint     ] Safepoint synchronization initiated. (186 threads)
[2023-10-31T09:19:45.569+0000][3152.864s][info ][safepoint     ] Application time: 1.0008951 seconds
[2023-10-31T09:19:45.570+0000][3152.865s][info ][safepoint     ] Entering safepoint region: Cleanup
[2023-10-31T09:19:45.571+0000][3152.866s][info ][safepoint     ] Leaving safepoint region
[2023-10-31T09:19:45.571+0000][3152.866s][info ][safepoint     ] Total time for which application threads were stopped: 0.0016004 seconds, Stopping threads took: 0.0006492 seconds
[2023-10-31T09:19:46.572+0000][3153.867s][debug][safepoint     ] Safepoint synchronization initiated. (186 threads)
[2023-10-31T09:19:46.573+0000][3153.868s][info ][safepoint     ] Application time: 1.0007772 seconds
[2023-10-31T09:19:46.573+0000][3153.868s][info ][safepoint     ] Entering safepoint region: Cleanup
[2023-10-31T09:19:46.574+0000][3153.869s][info ][safepoint     ] Leaving safepoint region
[2023-10-31T09:19:46.574+0000][3153.869s][info ][safepoint     ] Total time for which application threads were stopped: 0.0010059 seconds, Stopping threads took: 0.0003897 seconds
[2023-10-31T09:19:47.574+0000][3154.869s][debug][safepoint     ] Safepoint synchronization initiated. (186 threads)
[2023-10-31T09:19:47.575+0000][3154.870s][info ][safepoint     ] Application time: 1.0007261 seconds
[2023-10-31T09:19:47.576+0000][3154.871s][info ][safepoint     ] Entering safepoint region: Cleanup
[2023-10-31T09:19:47.576+0000][3154.871s][info ][safepoint     ] Leaving safepoint region
[2023-10-31T09:19:47.577+0000][3154.872s][info ][safepoint     ] Total time for which application threads were stopped: 0.0012375 seconds, Stopping threads took: 0.0005892 seconds
[2023-10-31T09:19:48.578+0000][3155.873s][debug][safepoint     ] Safepoint synchronization initiated. (186 threads)
[2023-10-31T09:19:48.578+0000][3155.873s][info ][safepoint     ] Application time: 1.0010044 seconds
[2023-10-31T09:19:48.579+0000][3155.874s][debug][safepoint     ] ... found polling page return exception at pc = 0x00007f62e93eb7db, stub =0x00007f62e0840600
[2023-10-31T09:19:48.579+0000][3155.874s][debug][safepoint     ] Waiting for 1 thread(s) to block
[2023-10-31T09:19:48.580+0000][3155.875s][info ][safepoint     ] Entering safepoint region: Cleanup
[2023-10-31T09:19:48.581+0000][3155.876s][info ][safepoint     ] Leaving safepoint region
[2023-10-31T09:19:48.581+0000][3155.876s][info ][safepoint     ] Total time for which application threads were stopped: 0.0023276 seconds, Stopping threads took: 0.0016144 seconds
[2023-10-31T09:19:49.582+0000][3156.877s][debug][safepoint     ] Safepoint synchronization initiated. (186 threads)
[2023-10-31T09:19:49.583+0000][3156.877s][info ][safepoint     ] Application time: 1.0008281 seconds
[2023-10-31T09:19:49.583+0000][3156.878s][info ][safepoint     ] Entering safepoint region: Cleanup
[2023-10-31T09:19:49.584+0000][3156.879s][info ][safepoint     ] Leaving safepoint region
[2023-10-31T09:19:49.584+0000][3156.879s][info ][safepoint     ] Total time for which application threads were stopped: 0.0012962 seconds, Stopping threads took: 0.0004726 seconds
[2023-10-31T09:19:50.585+0000][3157.880s][debug][safepoint     ] Safepoint synchronization initiated. (186 threads)
[2023-10-31T09:19:50.586+0000][3157.881s][info ][safepoint     ] Application time: 1.0010011 seconds
[2023-10-31T09:19:50.586+0000][3157.881s][info ][safepoint     ] Entering safepoint region: Cleanup
[2023-10-31T09:19:50.587+0000][3157.882s][info ][safepoint     ] Leaving safepoint region
[2023-10-31T09:19:50.588+0000][3157.883s][info ][safepoint     ] Total time for which application threads were stopped: 0.0012911 seconds, Stopping threads took: 0.0005393 seconds
[2023-10-31T09:19:51.588+0000][3158.883s][debug][safepoint     ] Safepoint synchronization initiated. (186 threads)
[2023-10-31T09:19:51.589+0000][3158.884s][info ][safepoint     ] Application time: 1.0012979 seconds
[2023-10-31T09:19:51.590+0000][3158.885s][info ][safepoint     ] Entering safepoint region: Cleanup
[2023-10-31T09:19:51.591+0000][3158.886s][info ][safepoint     ] Leaving safepoint region
[2023-10-31T09:19:51.592+0000][3158.887s][info ][safepoint     ] Total time for which application threads were stopped: 0.0017807 seconds, Stopping threads took: 0.0008168 seconds
[2023-10-31T09:19:52.593+0000][3159.888s][debug][safepoint     ] Safepoint synchronization initiated. (186 threads)
[2023-10-31T09:19:52.594+0000][3159.889s][info ][safepoint     ] Application time: 1.0014838 seconds
[2023-10-31T09:19:52.595+0000][3159.890s][info ][safepoint     ] Entering safepoint region: Cleanup
[2023-10-31T09:19:52.596+0000][3159.891s][info ][safepoint     ] Leaving safepoint region
[2023-10-31T09:19:52.597+0000][3159.892s][info ][safepoint     ] Total time for which application threads were stopped: 0.0021339 seconds, Stopping threads took: 0.0008297 seconds
[2023-10-31T09:19:53.599+0000][3160.893s][debug][safepoint     ] Safepoint synchronization initiated. (186 threads)
[2023-10-31T09:19:53.599+0000][3160.894s][info ][safepoint     ] Application time: 1.0007116 seconds
[2023-10-31T09:19:53.600+0000][3160.895s][info ][safepoint     ] Entering safepoint region: Cleanup
[2023-10-31T09:19:53.600+0000][3160.895s][info ][safepoint     ] Leaving safepoint region
[2023-10-31T09:19:53.601+0000][3160.896s][info ][safepoint     ] Total time for which application threads were stopped: 0.0012746 seconds, Stopping threads took: 0.0005641 seconds
[2023-10-31T09:19:54.602+0000][3161.896s][debug][safepoint     ] Safepoint synchronization initiated. (186 threads)
[2023-10-31T09:19:54.602+0000][3161.897s][info ][safepoint     ] Application time: 1.0007698 seconds
[2023-10-31T09:19:54.603+0000][3161.898s][info ][safepoint     ] Entering safepoint region: Cleanup
[2023-10-31T09:19:54.603+0000][3161.898s][info ][safepoint     ] Leaving safepoint region
[2023-10-31T09:19:54.604+0000][3161.899s][info ][safepoint     ] Total time for which application threads were stopped: 0.0013259 seconds, Stopping threads took: 0.0006303 seconds
[2023-10-31T09:19:55.605+0000][3162.900s][debug][safepoint     ] Safepoint synchronization initiated. (186 threads)
[2023-10-31T09:19:55.606+0000][3162.900s][info ][safepoint     ] Application time: 1.0010768 seconds
[2023-10-31T09:19:55.606+0000][3162.901s][info ][safepoint     ] Entering safepoint region: Cleanup
[2023-10-31T09:19:55.607+0000][3162.902s][info ][safepoint     ] Leaving safepoint region
[2023-10-31T09:19:55.608+0000][3162.903s][info ][safepoint     ] Total time for which application threads were stopped: 0.0015396 seconds, Stopping threads took: 0.0007234 seconds
[2023-10-31T09:19:56.609+0000][3163.904s][debug][safepoint     ] Safepoint synchronization initiated. (186 threads)
[2023-10-31T09:19:56.610+0000][3163.905s][info ][safepoint     ] Application time: 1.0015932 seconds
[2023-10-31T09:19:56.611+0000][3163.906s][info ][safepoint     ] Entering safepoint region: Cleanup
[2023-10-31T09:19:56.612+0000][3163.907s][info ][safepoint     ] Leaving safepoint region
[2023-10-31T09:19:56.613+0000][3163.908s][info ][safepoint     ] Total time for which application threads were stopped: 0.0021239 seconds, Stopping threads took: 0.0009148 seconds
[2023-10-31T09:19:57.614+0000][3164.909s][debug][safepoint     ] Safepoint synchronization initiated. (186 threads)
[2023-10-31T09:19:57.615+0000][3164.910s][info ][safepoint     ] Application time: 1.0016013 seconds
[2023-10-31T09:19:57.617+0000][3164.912s][debug][safepoint     ] ... found polling page return exception at pc = 0x00007f62e86114f4, stub =0x00007f62e0840600
[2023-10-31T09:19:57.617+0000][3164.912s][debug][safepoint     ] ... found polling page return exception at pc = 0x00007f62e8591380, stub =0x00007f62e0840600
[2023-10-31T09:19:57.619+0000][3164.914s][debug][safepoint     ] Waiting for 4 thread(s) to block
[2023-10-31T09:19:57.620+0000][3164.915s][info ][safepoint     ] Entering safepoint region: Cleanup
[2023-10-31T09:19:57.622+0000][3164.916s][info ][safepoint     ] Leaving safepoint region
[2023-10-31T09:19:57.622+0000][3164.917s][info ][safepoint     ] Total time for which application threads were stopped: 0.0056422 seconds, Stopping threads took: 0.0047340 seconds
[2023-10-31T09:19:58.623+0000][3165.918s][debug][safepoint     ] Safepoint synchronization initiated. (186 threads)
[2023-10-31T09:19:58.625+0000][3165.920s][info ][safepoint     ] Application time: 1.0017396 seconds
[2023-10-31T09:19:58.626+0000][3165.921s][info ][safepoint     ] Entering safepoint region: Cleanup
[2023-10-31T09:19:58.627+0000][3165.922s][info ][safepoint     ] Leaving safepoint region
[2023-10-31T09:19:58.628+0000][3165.923s][info ][safepoint     ] Total time for which application threads were stopped: 0.0021107 seconds, Stopping threads took: 0.0009339 seconds
[2023-10-31T09:19:59.629+0000][3166.924s][debug][safepoint     ] Safepoint synchronization initiated. (186 threads)
[2023-10-31T09:19:59.630+0000][3166.925s][info ][safepoint     ] Application time: 1.0011032 seconds
[2023-10-31T09:19:59.631+0000][3166.926s][info ][safepoint     ] Entering safepoint region: Cleanup
[2023-10-31T09:19:59.632+0000][3166.927s][info ][safepoint     ] Leaving safepoint region
[2023-10-31T09:19:59.632+0000][3166.927s][info ][safepoint     ] Total time for which application threads were stopped: 0.0019143 seconds, Stopping threads took: 0.0009352 seconds
[2023-10-31T09:20:00.633+0000][3167.928s][debug][safepoint     ] Safepoint synchronization initiated. (186 threads)
[2023-10-31T09:20:00.635+0000][3167.929s][info ][safepoint     ] Application time: 1.0013719 seconds
[2023-10-31T09:20:00.636+0000][3167.931s][info ][safepoint     ] Entering safepoint region: Cleanup
[2023-10-31T09:20:00.637+0000][3167.932s][info ][safepoint     ] Leaving safepoint region
[2023-10-31T09:20:00.638+0000][3167.933s][info ][safepoint     ] Total time for which application threads were stopped: 0.0025324 seconds, Stopping threads took: 0.0011877 seconds
[2023-10-31T09:20:01.639+0000][3168.934s][debug][safepoint     ] Safepoint synchronization initiated. (186 threads)
[2023-10-31T09:20:01.640+0000][3168.935s][info ][safepoint     ] Application time: 1.0010736 seconds
[2023-10-31T09:20:01.641+0000][3168.936s][info ][safepoint     ] Entering safepoint region: Cleanup
[2023-10-31T09:20:01.642+0000][3168.937s][info ][safepoint     ] Leaving safepoint region
[2023-10-31T09:20:01.643+0000][3168.938s][info ][safepoint     ] Total time for which application threads were stopped: 0.0019297 seconds, Stopping threads took: 0.0008699 seconds
[2023-10-31T09:20:02.644+0000][3169.939s][debug][safepoint     ] Safepoint synchronization initiated. (186 threads)
[2023-10-31T09:20:02.645+0000][3169.940s][info ][safepoint     ] Application time: 1.0014991 seconds
[2023-10-31T09:20:02.646+0000][3169.941s][info ][safepoint     ] Entering safepoint region: Cleanup
[2023-10-31T09:20:02.648+0000][3169.943s][info ][safepoint     ] Leaving safepoint region
[2023-10-31T09:20:02.649+0000][3169.944s][info ][safepoint     ] Total time for which application threads were stopped: 0.0023482 seconds, Stopping threads took: 0.0010376 seconds
[2023-10-31T09:20:03.650+0000][3170.945s][debug][safepoint     ] Safepoint synchronization initiated. (186 threads)
[2023-10-31T09:20:03.651+0000][3170.946s][info ][safepoint     ] Application time: 1.0014744 seconds
[2023-10-31T09:20:03.652+0000][3170.947s][info ][safepoint     ] Entering safepoint region: Cleanup
[2023-10-31T09:20:03.654+0000][3170.948s][info ][safepoint     ] Leaving safepoint region
[2023-10-31T09:20:03.654+0000][3170.949s][info ][safepoint     ] Total time for which application threads were stopped: 0.0024139 seconds, Stopping threads took: 0.0010631 seconds
[2023-10-31T09:20:04.655+0000][3171.950s][debug][safepoint     ] Safepoint synchronization initiated. (186 threads)
[2023-10-31T09:20:04.656+0000][3171.951s][info ][safepoint     ] Application time: 1.0007916 seconds
[2023-10-31T09:20:04.657+0000][3171.952s][info ][safepoint     ] Entering safepoint region: Cleanup
[2023-10-31T09:20:04.657+0000][3171.952s][info ][safepoint     ] Leaving safepoint region
[2023-10-31T09:20:04.658+0000][3171.953s][info ][safepoint     ] Total time for which application threads were stopped: 0.0010863 seconds, Stopping threads took: 0.0003762 seconds
[2023-10-31T09:20:05.658+0000][3172.953s][debug][safepoint     ] Safepoint synchronization initiated. (186 threads)
[2023-10-31T09:20:05.659+0000][3172.954s][info ][safepoint     ] Application time: 1.0012528 seconds
[2023-10-31T09:20:05.660+0000][3172.955s][debug][safepoint     ] ... found polling page loop exception at pc = 0x00007f62e93eafe7, stub =0x00007f62e0843680
[2023-10-31T09:20:05.660+0000][3172.955s][debug][safepoint     ] ... found polling page return exception at pc = 0x00007f62e836aed8, stub =0x00007f62e0840600
[2023-10-31T09:20:05.660+0000][3172.955s][debug][safepoint     ] ... found polling page return exception at pc = 0x00007f62e86114f4, stub =0x00007f62e0840600
[2023-10-31T09:20:05.660+0000][3172.955s][debug][safepoint     ] ... found polling page return exception at pc = 0x00007f62e8c01874, stub =0x00007f62e0840600
[2023-10-31T09:20:05.660+0000][3172.955s][debug][safepoint     ] ... found polling page return exception at pc = 0x00007f62e840b344, stub =0x00007f62e0840600
[2023-10-31T09:20:05.665+0000][3172.960s][debug][safepoint     ] Waiting for 5 thread(s) to block
[2023-10-31T09:20:05.666+0000][3172.961s][info ][safepoint     ] Entering safepoint region: Cleanup
[2023-10-31T09:20:05.667+0000][3172.962s][info ][safepoint     ] Leaving safepoint region
[2023-10-31T09:20:05.667+0000][3172.962s][info ][safepoint     ] Total time for which application threads were stopped: 0.0069895 seconds, Stopping threads took: 0.0062453 seconds
[2023-10-31T09:20:06.668+0000][3173.963s][debug][safepoint     ] Safepoint synchronization initiated. (186 threads)
[2023-10-31T09:20:06.669+0000][3173.964s][info ][safepoint     ] Application time: 1.0014806 seconds
[2023-10-31T09:20:06.671+0000][3173.965s][info ][safepoint     ] Entering safepoint region: Cleanup
[2023-10-31T09:20:06.672+0000][3173.967s][info ][safepoint     ] Leaving safepoint region
[2023-10-31T09:20:06.673+0000][3173.968s][info ][safepoint     ] Total time for which application threads were stopped: 0.0022680 seconds, Stopping threads took: 0.0010186 seconds
[2023-10-31T09:20:07.674+0000][3174.969s][debug][safepoint     ] Safepoint synchronization initiated. (186 threads)
[2023-10-31T09:20:07.675+0000][3174.970s][info ][safepoint     ] Application time: 1.0009473 seconds
[2023-10-31T09:20:07.675+0000][3174.970s][info ][safepoint     ] Entering safepoint region: Cleanup
[2023-10-31T09:20:07.676+0000][3174.971s][info ][safepoint     ] Leaving safepoint region
[2023-10-31T09:20:07.677+0000][3174.972s][info ][safepoint     ] Total time for which application threads were stopped: 0.0016562 seconds, Stopping threads took: 0.0007519 seconds
[2023-10-31T09:20:08.678+0000][3175.973s][debug][safepoint     ] Safepoint synchronization initiated. (186 threads)
[2023-10-31T09:20:08.679+0000][3175.974s][info ][safepoint     ] Application time: 1.0013877 seconds
[2023-10-31T09:20:08.680+0000][3175.975s][info ][safepoint     ] Entering safepoint region: Cleanup
[2023-10-31T09:20:08.681+0000][3175.976s][info ][safepoint     ] Leaving safepoint region
[2023-10-31T09:20:08.682+0000][3175.977s][info ][safepoint     ] Total time for which application threads were stopped: 0.0017609 seconds, Stopping threads took: 0.0008371 seconds
[2023-10-31T09:20:09.683+0000][3176.978s][debug][safepoint     ] Safepoint synchronization initiated. (186 threads)
[2023-10-31T09:20:09.684+0000][3176.979s][info ][safepoint     ] Application time: 1.0014147 seconds
[2023-10-31T09:20:09.685+0000][3176.980s][info ][safepoint     ] Entering safepoint region: Cleanup
[2023-10-31T09:20:09.686+0000][3176.981s][info ][safepoint     ] Leaving safepoint region
[2023-10-31T09:20:09.687+0000][3176.982s][info ][safepoint     ] Total time for which application threads were stopped: 0.0017787 seconds, Stopping threads took: 0.0007717 seconds
[2023-10-31T09:20:09.686+0000][3176.981s][debug][safepoint     ] ... found polling page return exception at pc = 0x00007f62e89d70c4, stub =0x00007f62e0840600
[2023-10-31T09:20:09.686+0000][3176.981s][debug][safepoint     ] ... found polling page return exception at pc = 0x00007f62e89d70c4, stub =0x00007f62e0840600
[2023-10-31T09:20:09.686+0000][3176.981s][debug][safepoint     ] ... found polling page return exception at pc = 0x00007f62e89d70c4, stub =0x00007f62e0840600
[2023-10-31T09:20:09.686+0000][3176.981s][debug][safepoint     ] ... found polling page return exception at pc = 0x00007f62e89d70c4, stub =0x00007f62e0840600
[2023-10-31T09:20:10.688+0000][3177.983s][debug][safepoint     ] Safepoint synchronization initiated. (186 threads)
[2023-10-31T09:20:10.689+0000][3177.984s][info ][safepoint     ] Application time: 1.0012219 seconds
[2023-10-31T09:20:10.690+0000][3177.985s][info ][safepoint     ] Entering safepoint region: Cleanup
[2023-10-31T09:20:10.691+0000][3177.986s][info ][safepoint     ] Leaving safepoint region
[2023-10-31T09:20:10.691+0000][3177.986s][info ][safepoint     ] Total time for which application threads were stopped: 0.0016461 seconds, Stopping threads took: 0.0006761 seconds
[2023-10-31T09:20:11.692+0000][3178.987s][debug][safepoint     ] Safepoint synchronization initiated. (186 threads)
[2023-10-31T09:20:11.693+0000][3178.988s][info ][safepoint     ] Application time: 1.0016011 seconds
[2023-10-31T09:20:11.694+0000][3178.989s][info ][safepoint     ] Entering safepoint region: Cleanup
[2023-10-31T09:20:11.696+0000][3178.991s][info ][safepoint     ] Leaving safepoint region
[2023-10-31T09:20:11.697+0000][3178.992s][info ][safepoint     ] Total time for which application threads were stopped: 0.0024284 seconds, Stopping threads took: 0.0010430 seconds
[2023-10-31T09:20:12.698+0000][3179.993s][debug][safepoint     ] Safepoint synchronization initiated. (186 threads)
[2023-10-31T09:20:12.698+0000][3179.993s][info ][safepoint     ] Application time: 1.0006123 seconds
[2023-10-31T09:20:12.699+0000][3179.994s][info ][safepoint     ] Entering safepoint region: Cleanup
[2023-10-31T09:20:12.699+0000][3179.994s][info ][safepoint     ] Leaving safepoint region
[2023-10-31T09:20:12.699+0000][3179.994s][info ][safepoint     ] Total time for which application threads were stopped: 0.0007230 seconds, Stopping threads took: 0.0002886 seconds
[2023-10-31T09:20:13.700+0000][3180.995s][debug][safepoint     ] Safepoint synchronization initiated. (187 threads)
[2023-10-31T09:20:13.700+0000][3180.995s][info ][safepoint     ] Application time: 1.0005197 seconds
[2023-10-31T09:20:13.701+0000][3180.995s][info ][safepoint     ] Entering safepoint region: Cleanup
[2023-10-31T09:20:13.701+0000][3180.996s][info ][safepoint     ] Leaving safepoint region
[2023-10-31T09:20:13.701+0000][3180.996s][info ][safepoint     ] Total time for which application threads were stopped: 0.0007400 seconds, Stopping threads took: 0.0003094 seconds
[2023-10-31T09:20:14.702+0000][3181.997s][debug][safepoint     ] Safepoint synchronization initiated. (187 threads)
[2023-10-31T09:20:14.702+0000][3181.997s][info ][safepoint     ] Application time: 1.0006631 seconds
[2023-10-31T09:20:14.703+0000][3181.998s][info ][safepoint     ] Entering safepoint region: Cleanup
[2023-10-31T09:20:14.703+0000][3181.998s][info ][safepoint     ] Leaving safepoint region
[2023-10-31T09:20:14.704+0000][3181.999s][info ][safepoint     ] Total time for which application threads were stopped: 0.0010463 seconds, Stopping threads took: 0.0004702 seconds
[2023-10-31T09:20:15.704+0000][3182.999s][debug][safepoint     ] Safepoint synchronization initiated. (187 threads)
[2023-10-31T09:20:15.705+0000][3183.000s][info ][safepoint     ] Application time: 1.0009376 seconds
[2023-10-31T09:20:15.706+0000][3183.001s][info ][safepoint     ] Entering safepoint region: Cleanup
[2023-10-31T09:20:15.707+0000][3183.002s][info ][safepoint     ] Leaving safepoint region
[2023-10-31T09:20:15.707+0000][3183.002s][info ][safepoint     ] Total time for which application threads were stopped: 0.0019144 seconds, Stopping threads took: 0.0008545 seconds
[2023-10-31T09:20:16.708+0000][3184.003s][debug][safepoint     ] Safepoint synchronization initiated. (187 threads)
[2023-10-31T09:20:16.710+0000][3184.005s][info ][safepoint     ] Application time: 1.0014868 seconds
[2023-10-31T09:20:16.711+0000][3184.006s][info ][safepoint     ] Entering safepoint region: Cleanup
[2023-10-31T09:20:16.712+0000][3184.007s][info ][safepoint     ] Leaving safepoint region
[2023-10-31T09:20:16.713+0000][3184.008s][info ][safepoint     ] Total time for which application threads were stopped: 0.0024947 seconds, Stopping threads took: 0.0010944 seconds
[2023-10-31T09:20:17.714+0000][3185.009s][debug][safepoint     ] Safepoint synchronization initiated. (187 threads)
[2023-10-31T09:20:17.715+0000][3185.010s][info ][safepoint     ] Application time: 1.0010014 seconds
[2023-10-31T09:20:17.716+0000][3185.011s][info ][safepoint     ] Entering safepoint region: Cleanup
[2023-10-31T09:20:17.717+0000][3185.012s][info ][safepoint     ] Leaving safepoint region
[2023-10-31T09:20:17.718+0000][3185.013s][info ][safepoint     ] Total time for which application threads were stopped: 0.0014763 seconds, Stopping threads took: 0.0007335 seconds
[2023-10-31T09:20:18.718+0000][3186.013s][debug][safepoint     ] Safepoint synchronization initiated. (187 threads)
[2023-10-31T09:20:18.719+0000][3186.014s][info ][safepoint     ] Application time: 1.0006755 seconds
[2023-10-31T09:20:18.719+0000][3186.014s][info ][safepoint     ] Entering safepoint region: Cleanup
[2023-10-31T09:20:18.720+0000][3186.015s][info ][safepoint     ] Leaving safepoint region
[2023-10-31T09:20:18.721+0000][3186.016s][info ][safepoint     ] Total time for which application threads were stopped: 0.0012947 seconds, Stopping threads took: 0.0005657 seconds
[2023-10-31T09:20:19.721+0000][3187.016s][debug][safepoint     ] Safepoint synchronization initiated. (187 threads)
[2023-10-31T09:20:19.722+0000][3187.017s][info ][safepoint     ] Application time: 1.0006464 seconds
[2023-10-31T09:20:19.722+0000][3187.017s][info ][safepoint     ] Entering safepoint region: Cleanup
[2023-10-31T09:20:19.723+0000][3187.018s][info ][safepoint     ] Leaving safepoint region
[2023-10-31T09:20:19.723+0000][3187.018s][info ][safepoint     ] Total time for which application threads were stopped: 0.0009535 seconds, Stopping threads took: 0.0004196 seconds
[2023-10-31T09:20:20.724+0000][3188.019s][debug][safepoint     ] Safepoint synchronization initiated. (187 threads)
[2023-10-31T09:20:20.725+0000][3188.020s][info ][safepoint     ] Application time: 1.0009637 seconds
[2023-10-31T09:20:20.726+0000][3188.021s][info ][safepoint     ] Entering safepoint region: Cleanup
[2023-10-31T09:20:20.727+0000][3188.022s][info ][safepoint     ] Leaving safepoint region
[2023-10-31T09:20:20.727+0000][3188.022s][info ][safepoint     ] Total time for which application threads were stopped: 0.0017668 seconds, Stopping threads took: 0.0008451 seconds
[2023-10-31T09:20:21.728+0000][3189.023s][debug][safepoint     ] Safepoint synchronization initiated. (187 threads)
[2023-10-31T09:20:21.729+0000][3189.024s][info ][safepoint     ] Application time: 1.0011919 seconds
[2023-10-31T09:20:21.730+0000][3189.025s][info ][safepoint     ] Entering safepoint region: Cleanup
[2023-10-31T09:20:21.731+0000][3189.026s][info ][safepoint     ] Leaving safepoint region
[2023-10-31T09:20:21.732+0000][3189.027s][info ][safepoint     ] Total time for which application threads were stopped: 0.0015454 seconds, Stopping threads took: 0.0007147 seconds
[2023-10-31T09:20:22.732+0000][3190.027s][debug][safepoint     ] Safepoint synchronization initiated. (187 threads)
[2023-10-31T09:20:22.733+0000][3190.028s][info ][safepoint     ] Application time: 1.0007910 seconds
[2023-10-31T09:20:22.734+0000][3190.028s][info ][safepoint     ] Entering safepoint region: Cleanup
[2023-10-31T09:20:22.734+0000][3190.029s][info ][safepoint     ] Leaving safepoint region
[2023-10-31T09:20:22.735+0000][3190.030s][info ][safepoint     ] Total time for which application threads were stopped: 0.0011024 seconds, Stopping threads took: 0.0004846 seconds
[2023-10-31T09:20:23.735+0000][3191.030s][debug][safepoint     ] Safepoint synchronization initiated. (187 threads)
[2023-10-31T09:20:23.736+0000][3191.031s][info ][safepoint     ] Application time: 1.0006492 seconds
[2023-10-31T09:20:23.736+0000][3191.031s][info ][safepoint     ] Entering safepoint region: Cleanup
[2023-10-31T09:20:23.737+0000][3191.032s][info ][safepoint     ] Leaving safepoint region
[2023-10-31T09:20:23.737+0000][3191.032s][info ][safepoint     ] Total time for which application threads were stopped: 0.0010052 seconds, Stopping threads took: 0.0003942 seconds
[2023-10-31T09:20:24.738+0000][3192.033s][debug][safepoint     ] Safepoint synchronization initiated. (187 threads)
[2023-10-31T09:20:24.738+0000][3192.033s][info ][safepoint     ] Application time: 1.0008355 seconds
[2023-10-31T09:20:24.739+0000][3192.034s][info ][safepoint     ] Entering safepoint region: Cleanup
[2023-10-31T09:20:24.740+0000][3192.034s][info ][safepoint     ] Leaving safepoint region
[2023-10-31T09:20:24.740+0000][3192.035s][info ][safepoint     ] Total time for which application threads were stopped: 0.0009651 seconds, Stopping threads took: 0.0004194 seconds
[2023-10-31T09:20:25.740+0000][3193.035s][debug][safepoint     ] Safepoint synchronization initiated. (187 threads)
[2023-10-31T09:20:25.741+0000][3193.036s][info ][safepoint     ] Application time: 1.0006283 seconds
[2023-10-31T09:20:25.741+0000][3193.036s][info ][safepoint     ] Entering safepoint region: Cleanup
[2023-10-31T09:20:25.742+0000][3193.037s][info ][safepoint     ] Leaving safepoint region
[2023-10-31T09:20:25.742+0000][3193.037s][info ][safepoint     ] Total time for which application threads were stopped: 0.0009409 seconds, Stopping threads took: 0.0003653 seconds
[2023-10-31T09:20:26.743+0000][3194.038s][debug][safepoint     ] Safepoint synchronization initiated. (187 threads)
[2023-10-31T09:20:26.744+0000][3194.039s][info ][safepoint     ] Application time: 1.0009372 seconds
[2023-10-31T09:20:26.744+0000][3194.039s][info ][safepoint     ] Entering safepoint region: Cleanup
[2023-10-31T09:20:26.745+0000][3194.040s][info ][safepoint     ] Leaving safepoint region
[2023-10-31T09:20:26.746+0000][3194.040s][info ][safepoint     ] Total time for which application threads were stopped: 0.0013445 seconds, Stopping threads took: 0.0007100 seconds
[2023-10-31T09:20:27.746+0000][3195.041s][debug][safepoint     ] Safepoint synchronization initiated. (187 threads)
[2023-10-31T09:20:27.747+0000][3195.042s][info ][safepoint     ] Application time: 1.0013583 seconds
[2023-10-31T09:20:27.748+0000][3195.043s][info ][safepoint     ] Entering safepoint region: Cleanup
[2023-10-31T09:20:27.749+0000][3195.044s][info ][safepoint     ] Leaving safepoint region
[2023-10-31T09:20:27.750+0000][3195.045s][info ][safepoint     ] Total time for which application threads were stopped: 0.0019566 seconds, Stopping threads took: 0.0008548 seconds
[2023-10-31T09:20:28.751+0000][3196.046s][debug][safepoint     ] Safepoint synchronization initiated. (187 threads)
[2023-10-31T09:20:28.752+0000][3196.047s][info ][safepoint     ] Application time: 1.0009512 seconds
[2023-10-31T09:20:28.752+0000][3196.047s][info ][safepoint     ] Entering safepoint region: Cleanup
[2023-10-31T09:20:28.753+0000][3196.048s][info ][safepoint     ] Leaving safepoint region
[2023-10-31T09:20:28.754+0000][3196.049s][info ][safepoint     ] Total time for which application threads were stopped: 0.0014077 seconds, Stopping threads took: 0.0007413 seconds
[2023-10-31T09:20:29.755+0000][3197.050s][debug][safepoint     ] Safepoint synchronization initiated. (187 threads)
[2023-10-31T09:20:29.756+0000][3197.051s][info ][safepoint     ] Application time: 1.0014585 seconds
[2023-10-31T09:20:29.757+0000][3197.052s][info ][safepoint     ] Entering safepoint region: Cleanup
[2023-10-31T09:20:29.758+0000][3197.053s][info ][safepoint     ] Leaving safepoint region
[2023-10-31T09:20:29.758+0000][3197.053s][info ][safepoint     ] Total time for which application threads were stopped: 0.0018025 seconds, Stopping threads took: 0.0007376 seconds
[2023-10-31T09:20:30.759+0000][3198.054s][debug][safepoint     ] Safepoint synchronization initiated. (187 threads)
[2023-10-31T09:20:30.760+0000][3198.055s][info ][safepoint     ] Application time: 1.0011432 seconds
[2023-10-31T09:20:30.761+0000][3198.056s][info ][safepoint     ] Entering safepoint region: Cleanup
[2023-10-31T09:20:30.762+0000][3198.057s][info ][safepoint     ] Leaving safepoint region
[2023-10-31T09:20:30.763+0000][3198.058s][info ][safepoint     ] Total time for which application threads were stopped: 0.0019823 seconds, Stopping threads took: 0.0008850 seconds
[2023-10-31T09:20:31.764+0000][3199.059s][debug][safepoint     ] Safepoint synchronization initiated. (187 threads)
[2023-10-31T09:20:31.765+0000][3199.060s][info ][safepoint     ] Application time: 1.0011143 seconds
[2023-10-31T09:20:31.765+0000][3199.060s][info ][safepoint     ] Entering safepoint region: Cleanup
[2023-10-31T09:20:31.766+0000][3199.061s][info ][safepoint     ] Leaving safepoint region
[2023-10-31T09:20:31.767+0000][3199.062s][info ][safepoint     ] Total time for which application threads were stopped: 0.0016533 seconds, Stopping threads took: 0.0008006 seconds
[2023-10-31T09:20:32.768+0000][3200.063s][debug][safepoint     ] Safepoint synchronization initiated. (187 threads)
[2023-10-31T09:20:32.768+0000][3200.063s][info ][safepoint     ] Application time: 1.0005799 seconds
[2023-10-31T09:20:32.769+0000][3200.064s][info ][safepoint     ] Entering safepoint region: Cleanup
[2023-10-31T09:20:32.769+0000][3200.064s][info ][safepoint     ] Leaving safepoint region
[2023-10-31T09:20:32.770+0000][3200.064s][info ][safepoint     ] Total time for which application threads were stopped: 0.0008365 seconds, Stopping threads took: 0.0003889 seconds
[2023-10-31T09:20:33.770+0000][3201.065s][debug][safepoint     ] Safepoint synchronization initiated. (187 threads)
[2023-10-31T09:20:33.771+0000][3201.066s][info ][safepoint     ] Application time: 1.0012254 seconds
[2023-10-31T09:20:33.772+0000][3201.067s][info ][safepoint     ] Entering safepoint region: Cleanup
[2023-10-31T09:20:33.773+0000][3201.068s][info ][safepoint     ] Leaving safepoint region
[2023-10-31T09:20:33.774+0000][3201.069s][info ][safepoint     ] Total time for which application threads were stopped: 0.0018626 seconds, Stopping threads took: 0.0007706 seconds
[2023-10-31T09:20:34.775+0000][3202.070s][debug][safepoint     ] Safepoint synchronization initiated. (187 threads)
[2023-10-31T09:20:34.776+0000][3202.071s][info ][safepoint     ] Application time: 1.0013184 seconds
[2023-10-31T09:20:34.777+0000][3202.072s][debug][safepoint     ] ... found polling page return exception at pc = 0x00007f62e8b5da18, stub =0x00007f62e0840600
[2023-10-31T09:20:34.779+0000][3202.074s][debug][safepoint     ] Waiting for 1 thread(s) to block
[2023-10-31T09:20:34.780+0000][3202.075s][info ][safepoint     ] Entering safepoint region: Cleanup
[2023-10-31T09:20:34.781+0000][3202.076s][info ][safepoint     ] Leaving safepoint region
[2023-10-31T09:20:34.782+0000][3202.076s][info ][safepoint     ] Total time for which application threads were stopped: 0.0048613 seconds, Stopping threads took: 0.0039542 seconds
[2023-10-31T09:20:35.782+0000][3203.077s][debug][safepoint     ] Safepoint synchronization initiated. (187 threads)
[2023-10-31T09:20:35.783+0000][3203.078s][info ][safepoint     ] Application time: 1.0014217 seconds
[2023-10-31T09:20:35.784+0000][3203.079s][info ][safepoint     ] Entering safepoint region: Cleanup
[2023-10-31T09:20:35.786+0000][3203.081s][info ][safepoint     ] Leaving safepoint region
[2023-10-31T09:20:35.786+0000][3203.081s][info ][safepoint     ] Total time for which application threads were stopped: 0.0021861 seconds, Stopping threads took: 0.0009120 seconds
[2023-10-31T09:20:36.788+0000][3204.082s][debug][safepoint     ] Safepoint synchronization initiated. (187 threads)
[2023-10-31T09:20:36.788+0000][3204.083s][info ][safepoint     ] Application time: 1.0006592 seconds
[2023-10-31T09:20:36.788+0000][3204.083s][info ][safepoint     ] Entering safepoint region: Cleanup
[2023-10-31T09:20:36.789+0000][3204.084s][info ][safepoint     ] Leaving safepoint region
[2023-10-31T09:20:36.789+0000][3204.084s][info ][safepoint     ] Total time for which application threads were stopped: 0.0008433 seconds, Stopping threads took: 0.0003513 seconds
[2023-10-31T09:20:37.790+0000][3205.085s][debug][safepoint     ] Safepoint synchronization initiated. (187 threads)
[2023-10-31T09:20:37.791+0000][3205.086s][info ][safepoint     ] Application time: 1.0012518 seconds
[2023-10-31T09:20:37.791+0000][3205.086s][info ][safepoint     ] Entering safepoint region: Cleanup
[2023-10-31T09:20:37.792+0000][3205.087s][info ][safepoint     ] Leaving safepoint region
[2023-10-31T09:20:37.793+0000][3205.088s][info ][safepoint     ] Total time for which application threads were stopped: 0.0015629 seconds, Stopping threads took: 0.0007147 seconds
[2023-10-31T09:20:38.794+0000][3206.089s][debug][safepoint     ] Safepoint synchronization initiated. (187 threads)
[2023-10-31T09:20:38.795+0000][3206.090s][info ][safepoint     ] Application time: 1.0014220 seconds
[2023-10-31T09:20:38.796+0000][3206.091s][info ][safepoint     ] Entering safepoint region: Cleanup
[2023-10-31T09:20:38.797+0000][3206.092s][info ][safepoint     ] Leaving safepoint region
[2023-10-31T09:20:38.798+0000][3206.093s][info ][safepoint     ] Total time for which application threads were stopped: 0.0024465 seconds, Stopping threads took: 0.0010407 seconds
[2023-10-31T09:20:39.800+0000][3207.095s][debug][safepoint     ] Safepoint synchronization initiated. (187 threads)
[2023-10-31T09:20:39.800+0000][3207.095s][info ][safepoint     ] Application time: 1.0013264 seconds
[2023-10-31T09:20:39.801+0000][3207.096s][info ][safepoint     ] Entering safepoint region: Cleanup
[2023-10-31T09:20:39.802+0000][3207.097s][info ][safepoint     ] Leaving safepoint region
[2023-10-31T09:20:39.802+0000][3207.097s][info ][safepoint     ] Total time for which application threads were stopped: 0.0013749 seconds, Stopping threads took: 0.0005715 seconds
[2023-10-31T09:20:40.803+0000][3208.098s][debug][safepoint     ] Safepoint synchronization initiated. (187 threads)
[2023-10-31T09:20:40.804+0000][3208.099s][info ][safepoint     ] Application time: 1.0010698 seconds
[2023-10-31T09:20:40.805+0000][3208.100s][info ][safepoint     ] Entering safepoint region: Cleanup
[2023-10-31T09:20:40.806+0000][3208.100s][info ][safepoint     ] Leaving safepoint region
[2023-10-31T09:20:40.806+0000][3208.101s][info ][safepoint     ] Total time for which application threads were stopped: 0.0014168 seconds, Stopping threads took: 0.0007419 seconds
[2023-10-31T09:20:41.807+0000][3209.101s][debug][safepoint     ] Safepoint synchronization initiated. (187 threads)
[2023-10-31T09:20:41.807+0000][3209.102s][info ][safepoint     ] Application time: 1.0006814 seconds
[2023-10-31T09:20:41.808+0000][3209.103s][info ][safepoint     ] Entering safepoint region: Cleanup
[2023-10-31T09:20:41.808+0000][3209.103s][info ][safepoint     ] Leaving safepoint region
[2023-10-31T09:20:41.809+0000][3209.104s][info ][safepoint     ] Total time for which application threads were stopped: 0.0010848 seconds, Stopping threads took: 0.0004560 seconds
[2023-10-31T09:20:42.809+0000][3210.104s][debug][safepoint     ] Safepoint synchronization initiated. (187 threads)
[2023-10-31T09:20:42.810+0000][3210.105s][info ][safepoint     ] Application time: 1.0009170 seconds
[2023-10-31T09:20:42.811+0000][3210.106s][info ][safepoint     ] Entering safepoint region: Cleanup
[2023-10-31T09:20:42.811+0000][3210.106s][info ][safepoint     ] Leaving safepoint region
[2023-10-31T09:20:42.812+0000][3210.107s][info ][safepoint     ] Total time for which application threads were stopped: 0.0014236 seconds, Stopping threads took: 0.0006105 seconds
[2023-10-31T09:20:43.813+0000][3211.108s][debug][safepoint     ] Safepoint synchronization initiated. (187 threads)
[2023-10-31T09:20:43.814+0000][3211.109s][info ][safepoint     ] Application time: 1.0015179 seconds
[2023-10-31T09:20:43.815+0000][3211.110s][info ][safepoint     ] Entering safepoint region: Cleanup
[2023-10-31T09:20:43.816+0000][3211.111s][info ][safepoint     ] Leaving safepoint region
[2023-10-31T09:20:43.817+0000][3211.112s][info ][safepoint     ] Total time for which application threads were stopped: 0.0021297 seconds, Stopping threads took: 0.0008886 seconds
[2023-10-31T09:20:44.818+0000][3212.113s][debug][safepoint     ] Safepoint synchronization initiated. (187 threads)
[2023-10-31T09:20:44.819+0000][3212.114s][info ][safepoint     ] Application time: 1.0015616 seconds
[2023-10-31T09:20:44.820+0000][3212.115s][debug][safepoint     ] ... found polling page return exception at pc = 0x00007f62e947f1da, stub =0x00007f62e0840600
[2023-10-31T09:20:44.820+0000][3212.115s][debug][safepoint     ] ... found polling page return exception at pc = 0x00007f62e83c711e, stub =0x00007f62e0840600
[2023-10-31T09:20:44.820+0000][3212.115s][debug][safepoint     ] ... found polling page return exception at pc = 0x00007f62e8ad0d76, stub =0x00007f62e0840600
[2023-10-31T09:20:44.823+0000][3212.118s][debug][safepoint     ] Waiting for 3 thread(s) to block
[2023-10-31T09:20:44.824+0000][3212.119s][info ][safepoint     ] Entering safepoint region: Cleanup
[2023-10-31T09:20:44.825+0000][3212.120s][info ][safepoint     ] Leaving safepoint region
[2023-10-31T09:20:44.825+0000][3212.120s][info ][safepoint     ] Total time for which application threads were stopped: 0.0051313 seconds, Stopping threads took: 0.0043319 seconds
[2023-10-31T09:20:45.826+0000][3213.121s][debug][safepoint     ] Safepoint synchronization initiated. (187 threads)
[2023-10-31T09:20:45.827+0000][3213.122s][info ][safepoint     ] Application time: 1.0012192 seconds
[2023-10-31T09:20:45.828+0000][3213.123s][info ][safepoint     ] Entering safepoint region: Cleanup
[2023-10-31T09:20:45.829+0000][3213.124s][info ][safepoint     ] Leaving safepoint region
[2023-10-31T09:20:45.830+0000][3213.125s][info ][safepoint     ] Total time for which application threads were stopped: 0.0022031 seconds, Stopping threads took: 0.0009023 seconds
[2023-10-31T09:20:46.831+0000][3214.126s][debug][safepoint     ] Safepoint synchronization initiated. (187 threads)
[2023-10-31T09:20:46.832+0000][3214.127s][info ][safepoint     ] Application time: 1.0008187 seconds
[2023-10-31T09:20:46.833+0000][3214.127s][info ][safepoint     ] Entering safepoint region: Cleanup
[2023-10-31T09:20:46.833+0000][3214.128s][info ][safepoint     ] Leaving safepoint region
[2023-10-31T09:20:46.834+0000][3214.129s][info ][safepoint     ] Total time for which application threads were stopped: 0.0011712 seconds, Stopping threads took: 0.0005634 seconds
[2023-10-31T09:20:47.834+0000][3215.129s][debug][safepoint     ] Safepoint synchronization initiated. (187 threads)
[2023-10-31T09:20:47.835+0000][3215.130s][info ][safepoint     ] Application time: 1.0005817 seconds
[2023-10-31T09:20:47.835+0000][3215.130s][info ][safepoint     ] Entering safepoint region: Cleanup
[2023-10-31T09:20:47.836+0000][3215.130s][info ][safepoint     ] Leaving safepoint region
[2023-10-31T09:20:47.836+0000][3215.131s][info ][safepoint     ] Total time for which application threads were stopped: 0.0009018 seconds, Stopping threads took: 0.0003511 seconds
[2023-10-31T09:20:48.836+0000][3216.131s][debug][safepoint     ] Safepoint synchronization initiated. (187 threads)
[2023-10-31T09:20:48.837+0000][3216.132s][info ][safepoint     ] Application time: 1.0008215 seconds
[2023-10-31T09:20:48.838+0000][3216.133s][info ][safepoint     ] Entering safepoint region: Cleanup
[2023-10-31T09:20:48.838+0000][3216.133s][info ][safepoint     ] Leaving safepoint region
[2023-10-31T09:20:48.839+0000][3216.134s][info ][safepoint     ] Total time for which application threads were stopped: 0.0013071 seconds, Stopping threads took: 0.0005260 seconds
[2023-10-31T09:20:49.839+0000][3217.134s][debug][safepoint     ] Safepoint synchronization initiated. (187 threads)
[2023-10-31T09:20:49.840+0000][3217.135s][info ][safepoint     ] Application time: 1.0005267 seconds
[2023-10-31T09:20:49.840+0000][3217.135s][info ][safepoint     ] Entering safepoint region: Cleanup
[2023-10-31T09:20:49.841+0000][3217.136s][info ][safepoint     ] Leaving safepoint region
[2023-10-31T09:20:49.841+0000][3217.136s][info ][safepoint     ] Total time for which application threads were stopped: 0.0011950 seconds, Stopping threads took: 0.0004336 seconds
[2023-10-31T09:20:50.842+0000][3218.137s][debug][safepoint     ] Safepoint synchronization initiated. (187 threads)
[2023-10-31T09:20:50.842+0000][3218.137s][info ][safepoint     ] Application time: 1.0005247 seconds
[2023-10-31T09:20:50.843+0000][3218.137s][info ][safepoint     ] Entering safepoint region: Cleanup
[2023-10-31T09:20:50.843+0000][3218.138s][info ][safepoint     ] Leaving safepoint region
[2023-10-31T09:20:50.844+0000][3218.139s][info ][safepoint     ] Total time for which application threads were stopped: 0.0011471 seconds, Stopping threads took: 0.0004977 seconds
[2023-10-31T09:20:50.843+0000][3218.138s][debug][safepoint     ] ... found polling page return exception at pc = 0x00007f62e89d70c4, stub =0x00007f62e0840600
[2023-10-31T09:20:50.843+0000][3218.138s][debug][safepoint     ] ... found polling page return exception at pc = 0x00007f62e89d70c4, stub =0x00007f62e0840600
[2023-10-31T09:20:50.843+0000][3218.138s][debug][safepoint     ] ... found polling page return exception at pc = 0x00007f62e89d70c4, stub =0x00007f62e0840600
[2023-10-31T09:20:50.843+0000][3218.138s][debug][safepoint     ] ... found polling page return exception at pc = 0x00007f62e89d70c4, stub =0x00007f62e0840600
[2023-10-31T09:20:50.843+0000][3218.138s][debug][safepoint     ] ... found polling page return exception at pc = 0x00007f62e89d70c4, stub =0x00007f62e0840600
[2023-10-31T09:20:50.843+0000][3218.138s][debug][safepoint     ] ... found polling page return exception at pc = 0x00007f62e89d70c4, stub =0x00007f62e0840600
[2023-10-31T09:20:50.843+0000][3218.138s][debug][safepoint     ] ... found polling page return exception at pc = 0x00007f62e89d70c4, stub =0x00007f62e0840600
[2023-10-31T09:20:51.844+0000][3219.139s][debug][safepoint     ] Safepoint synchronization initiated. (187 threads)
[2023-10-31T09:20:51.845+0000][3219.139s][info ][safepoint     ] Application time: 1.0005011 seconds
[2023-10-31T09:20:51.845+0000][3219.140s][info ][safepoint     ] Entering safepoint region: Cleanup
[2023-10-31T09:20:51.846+0000][3219.141s][info ][safepoint     ] Leaving safepoint region
[2023-10-31T09:20:51.846+0000][3219.141s][info ][safepoint     ] Total time for which application threads were stopped: 0.0012121 seconds, Stopping threads took: 0.0006715 seconds
[2023-10-31T09:20:52.847+0000][3220.142s][debug][safepoint     ] Safepoint synchronization initiated. (187 threads)
[2023-10-31T09:20:52.847+0000][3220.142s][info ][safepoint     ] Application time: 1.0009489 seconds
[2023-10-31T09:20:52.848+0000][3220.143s][info ][safepoint     ] Entering safepoint region: Cleanup
[2023-10-31T09:20:52.849+0000][3220.144s][info ][safepoint     ] Leaving safepoint region
[2023-10-31T09:20:52.849+0000][3220.144s][info ][safepoint     ] Total time for which application threads were stopped: 0.0012219 seconds, Stopping threads took: 0.0004891 seconds
[2023-10-31T09:20:53.850+0000][3221.145s][debug][safepoint     ] Safepoint synchronization initiated. (188 threads)
[2023-10-31T09:20:53.851+0000][3221.146s][info ][safepoint     ] Application time: 1.0012252 seconds
[2023-10-31T09:20:53.852+0000][3221.147s][info ][safepoint     ] Entering safepoint region: Cleanup
[2023-10-31T09:20:53.853+0000][3221.148s][info ][safepoint     ] Leaving safepoint region
[2023-10-31T09:20:53.854+0000][3221.149s][info ][safepoint     ] Total time for which application threads were stopped: 0.0020050 seconds, Stopping threads took: 0.0008818 seconds
[2023-10-31T09:20:54.855+0000][3222.150s][debug][safepoint     ] Safepoint synchronization initiated. (190 threads)
[2023-10-31T09:20:54.856+0000][3222.151s][info ][safepoint     ] Application time: 1.0011144 seconds
[2023-10-31T09:20:54.857+0000][3222.151s][info ][safepoint     ] Entering safepoint region: Cleanup
[2023-10-31T09:20:54.858+0000][3222.153s][info ][safepoint     ] Leaving safepoint region
[2023-10-31T09:20:54.858+0000][3222.153s][info ][safepoint     ] Total time for which application threads were stopped: 0.0019045 seconds, Stopping threads took: 0.0008019 seconds
[2023-10-31T09:20:55.859+0000][3223.154s][debug][safepoint     ] Safepoint synchronization initiated. (190 threads)
[2023-10-31T09:20:55.860+0000][3223.155s][info ][safepoint     ] Application time: 1.0007526 seconds
[2023-10-31T09:20:55.860+0000][3223.155s][info ][safepoint     ] Entering safepoint region: Cleanup
[2023-10-31T09:20:55.861+0000][3223.156s][info ][safepoint     ] Leaving safepoint region
[2023-10-31T09:20:55.861+0000][3223.156s][info ][safepoint     ] Total time for which application threads were stopped: 0.0008569 seconds, Stopping threads took: 0.0003559 seconds
[2023-10-31T09:20:56.861+0000][3224.156s][debug][safepoint     ] Safepoint synchronization initiated. (190 threads)
[2023-10-31T09:20:56.868+0000][3224.163s][info ][safepoint     ] Application time: 1.0069419 seconds
[2023-10-31T09:20:56.869+0000][3224.164s][info ][safepoint     ] Entering safepoint region: Cleanup
[2023-10-31T09:20:56.870+0000][3224.165s][info ][safepoint     ] Leaving safepoint region
[2023-10-31T09:20:56.870+0000][3224.165s][info ][safepoint     ] Total time for which application threads were stopped: 0.0015067 seconds, Stopping threads took: 0.0005538 seconds
[2023-10-31T09:20:57.871+0000][3225.166s][debug][safepoint     ] Safepoint synchronization initiated. (190 threads)
[2023-10-31T09:20:57.872+0000][3225.167s][info ][safepoint     ] Application time: 1.0006930 seconds
[2023-10-31T09:20:57.872+0000][3225.167s][info ][safepoint     ] Entering safepoint region: Cleanup
[2023-10-31T09:20:57.873+0000][3225.168s][info ][safepoint     ] Leaving safepoint region
[2023-10-31T09:20:57.873+0000][3225.168s][info ][safepoint     ] Total time for which application threads were stopped: 0.0010534 seconds, Stopping threads took: 0.0004788 seconds
[2023-10-31T09:20:58.874+0000][3226.169s][debug][safepoint     ] Safepoint synchronization initiated. (190 threads)
[2023-10-31T09:20:58.875+0000][3226.170s][info ][safepoint     ] Application time: 1.0011093 seconds
[2023-10-31T09:20:58.876+0000][3226.170s][info ][safepoint     ] Entering safepoint region: Cleanup
[2023-10-31T09:20:58.877+0000][3226.171s][info ][safepoint     ] Leaving safepoint region
[2023-10-31T09:20:58.877+0000][3226.172s][info ][safepoint     ] Total time for which application threads were stopped: 0.0016505 seconds, Stopping threads took: 0.0007191 seconds
[2023-10-31T09:20:59.878+0000][3227.173s][debug][safepoint     ] Safepoint synchronization initiated. (190 threads)
[2023-10-31T09:20:59.879+0000][3227.174s][info ][safepoint     ] Application time: 1.0012063 seconds
[2023-10-31T09:20:59.880+0000][3227.175s][info ][safepoint     ] Entering safepoint region: Cleanup
[2023-10-31T09:20:59.881+0000][3227.176s][info ][safepoint     ] Leaving safepoint region
[2023-10-31T09:20:59.881+0000][3227.176s][info ][safepoint     ] Total time for which application threads were stopped: 0.0013874 seconds, Stopping threads took: 0.0005232 seconds
[2023-10-31T09:21:00.882+0000][3228.177s][debug][safepoint     ] Safepoint synchronization initiated. (190 threads)
[2023-10-31T09:21:00.883+0000][3228.178s][info ][safepoint     ] Application time: 1.0014190 seconds
[2023-10-31T09:21:00.884+0000][3228.179s][info ][safepoint     ] Entering safepoint region: Cleanup
[2023-10-31T09:21:00.885+0000][3228.180s][info ][safepoint     ] Leaving safepoint region
[2023-10-31T09:21:00.886+0000][3228.181s][info ][safepoint     ] Total time for which application threads were stopped: 0.0018007 seconds, Stopping threads took: 0.0007263 seconds
[2023-10-31T09:21:01.887+0000][3229.182s][debug][safepoint     ] Safepoint synchronization initiated. (190 threads)
[2023-10-31T09:21:01.888+0000][3229.183s][info ][safepoint     ] Application time: 1.0008910 seconds
[2023-10-31T09:21:01.888+0000][3229.183s][info ][safepoint     ] Entering safepoint region: Cleanup
[2023-10-31T09:21:01.889+0000][3229.184s][info ][safepoint     ] Leaving safepoint region
[2023-10-31T09:21:01.889+0000][3229.184s][info ][safepoint     ] Total time for which application threads were stopped: 0.0011542 seconds, Stopping threads took: 0.0004838 seconds
[2023-10-31T09:21:02.890+0000][3230.185s][debug][safepoint     ] Safepoint synchronization initiated. (190 threads)
[2023-10-31T09:21:02.891+0000][3230.186s][info ][safepoint     ] Application time: 1.0010662 seconds
[2023-10-31T09:21:02.891+0000][3230.186s][info ][safepoint     ] Entering safepoint region: Cleanup
[2023-10-31T09:21:02.892+0000][3230.187s][info ][safepoint     ] Leaving safepoint region
[2023-10-31T09:21:02.892+0000][3230.187s][info ][safepoint     ] Total time for which application threads were stopped: 0.0011188 seconds, Stopping threads took: 0.0004801 seconds
[2023-10-31T09:21:03.893+0000][3231.188s][debug][safepoint     ] Safepoint synchronization initiated. (190 threads)
[2023-10-31T09:21:03.894+0000][3231.189s][info ][safepoint     ] Application time: 1.0013408 seconds
[2023-10-31T09:21:03.895+0000][3231.190s][info ][safepoint     ] Entering safepoint region: Cleanup
[2023-10-31T09:21:03.896+0000][3231.191s][info ][safepoint     ] Leaving safepoint region
[2023-10-31T09:21:03.897+0000][3231.192s][info ][safepoint     ] Total time for which application threads were stopped: 0.0020543 seconds, Stopping threads took: 0.0008652 seconds
[2023-10-31T09:21:04.898+0000][3232.193s][debug][safepoint     ] Safepoint synchronization initiated. (190 threads)
[2023-10-31T09:21:04.899+0000][3232.194s][info ][safepoint     ] Application time: 1.0009263 seconds
[2023-10-31T09:21:04.899+0000][3232.194s][info ][safepoint     ] Entering safepoint region: Cleanup
[2023-10-31T09:21:04.900+0000][3232.195s][info ][safepoint     ] Leaving safepoint region
[2023-10-31T09:21:04.901+0000][3232.195s][info ][safepoint     ] Total time for which application threads were stopped: 0.0013202 seconds, Stopping threads took: 0.0005812 seconds
[2023-10-31T09:21:05.901+0000][3233.196s][debug][safepoint     ] Safepoint synchronization initiated. (190 threads)
[2023-10-31T09:21:05.903+0000][3233.197s][info ][safepoint     ] Application time: 1.0013877 seconds
[2023-10-31T09:21:05.903+0000][3233.198s][info ][safepoint     ] Entering safepoint region: Cleanup
[2023-10-31T09:21:05.904+0000][3233.198s][info ][safepoint     ] Leaving safepoint region
[2023-10-31T09:21:05.904+0000][3233.199s][info ][safepoint     ] Total time for which application threads were stopped: 0.0011252 seconds, Stopping threads took: 0.0004450 seconds
[2023-10-31T09:21:06.905+0000][3234.199s][debug][safepoint     ] Safepoint synchronization initiated. (190 threads)
[2023-10-31T09:21:06.905+0000][3234.200s][info ][safepoint     ] Application time: 1.0008261 seconds
[2023-10-31T09:21:06.906+0000][3234.201s][info ][safepoint     ] Entering safepoint region: Cleanup
[2023-10-31T09:21:06.906+0000][3234.201s][info ][safepoint     ] Leaving safepoint region
[2023-10-31T09:21:06.907+0000][3234.202s][info ][safepoint     ] Total time for which application threads were stopped: 0.0010730 seconds, Stopping threads took: 0.0005323 seconds
[2023-10-31T09:21:07.907+0000][3235.202s][debug][safepoint     ] Safepoint synchronization initiated. (190 threads)
[2023-10-31T09:21:07.908+0000][3235.203s][info ][safepoint     ] Application time: 1.0008340 seconds
[2023-10-31T09:21:07.909+0000][3235.203s][info ][safepoint     ] Entering safepoint region: Cleanup
[2023-10-31T09:21:07.909+0000][3235.204s][info ][safepoint     ] Leaving safepoint region
[2023-10-31T09:21:07.910+0000][3235.205s][info ][safepoint     ] Total time for which application threads were stopped: 0.0012173 seconds, Stopping threads took: 0.0005391 seconds
[2023-10-31T09:21:08.910+0000][3236.205s][debug][safepoint     ] Safepoint synchronization initiated. (190 threads)
[2023-10-31T09:21:08.911+0000][3236.206s][info ][safepoint     ] Application time: 1.0007476 seconds
[2023-10-31T09:21:08.912+0000][3236.206s][info ][safepoint     ] Entering safepoint region: Cleanup
[2023-10-31T09:21:08.912+0000][3236.207s][info ][safepoint     ] Leaving safepoint region
[2023-10-31T09:21:08.913+0000][3236.207s][info ][safepoint     ] Total time for which application threads were stopped: 0.0011432 seconds, Stopping threads took: 0.0004631 seconds
[2023-10-31T09:21:09.913+0000][3237.208s][debug][safepoint     ] Safepoint synchronization initiated. (190 threads)
[2023-10-31T09:21:09.914+0000][3237.209s][info ][safepoint     ] Application time: 1.0008345 seconds
[2023-10-31T09:21:09.915+0000][3237.209s][info ][safepoint     ] Entering safepoint region: Cleanup
[2023-10-31T09:21:09.915+0000][3237.210s][info ][safepoint     ] Leaving safepoint region
[2023-10-31T09:21:09.916+0000][3237.211s][info ][safepoint     ] Total time for which application threads were stopped: 0.0013255 seconds, Stopping threads took: 0.0005683 seconds
[2023-10-31T09:21:10.916+0000][3238.211s][debug][safepoint     ] Safepoint synchronization initiated. (190 threads)
[2023-10-31T09:21:10.917+0000][3238.212s][info ][safepoint     ] Application time: 1.0010787 seconds
[2023-10-31T09:21:10.918+0000][3238.213s][info ][safepoint     ] Entering safepoint region: Cleanup
[2023-10-31T09:21:10.919+0000][3238.213s][info ][safepoint     ] Leaving safepoint region
[2023-10-31T09:21:10.919+0000][3238.214s][info ][safepoint     ] Total time for which application threads were stopped: 0.0012381 seconds, Stopping threads took: 0.0005318 seconds
[2023-10-31T09:21:11.920+0000][3239.214s][debug][safepoint     ] Safepoint synchronization initiated. (190 threads)
[2023-10-31T09:21:11.920+0000][3239.215s][info ][safepoint     ] Application time: 1.0006640 seconds
[2023-10-31T09:21:11.921+0000][3239.216s][info ][safepoint     ] Entering safepoint region: Cleanup
[2023-10-31T09:21:11.922+0000][3239.216s][info ][safepoint     ] Leaving safepoint region
[2023-10-31T09:21:11.922+0000][3239.217s][info ][safepoint     ] Total time for which application threads were stopped: 0.0013985 seconds, Stopping threads took: 0.0005713 seconds
[2023-10-31T09:21:12.923+0000][3240.218s][debug][safepoint     ] Safepoint synchronization initiated. (190 threads)
[2023-10-31T09:21:12.924+0000][3240.218s][info ][safepoint     ] Application time: 1.0008899 seconds
[2023-10-31T09:21:12.924+0000][3240.219s][info ][safepoint     ] Entering safepoint region: Cleanup
[2023-10-31T09:21:12.925+0000][3240.220s][info ][safepoint     ] Leaving safepoint region
[2023-10-31T09:21:12.925+0000][3240.220s][info ][safepoint     ] Total time for which application threads were stopped: 0.0013423 seconds, Stopping threads took: 0.0005144 seconds
[2023-10-31T09:21:13.926+0000][3241.221s][debug][safepoint     ] Safepoint synchronization initiated. (190 threads)
[2023-10-31T09:21:13.927+0000][3241.221s][info ][safepoint     ] Application time: 1.0006993 seconds
[2023-10-31T09:21:13.927+0000][3241.222s][info ][safepoint     ] Entering safepoint region: Cleanup
[2023-10-31T09:21:13.928+0000][3241.223s][info ][safepoint     ] Leaving safepoint region
[2023-10-31T09:21:13.928+0000][3241.223s][info ][safepoint     ] Total time for which application threads were stopped: 0.0011409 seconds, Stopping threads took: 0.0005710 seconds
[2023-10-31T09:21:14.929+0000][3242.224s][debug][safepoint     ] Safepoint synchronization initiated. (190 threads)
[2023-10-31T09:21:14.929+0000][3242.224s][info ][safepoint     ] Application time: 1.0008544 seconds
[2023-10-31T09:21:14.930+0000][3242.225s][info ][safepoint     ] Entering safepoint region: Cleanup
[2023-10-31T09:21:14.931+0000][3242.225s][info ][safepoint     ] Leaving safepoint region
[2023-10-31T09:21:14.931+0000][3242.226s][info ][safepoint     ] Total time for which application threads were stopped: 0.0011894 seconds, Stopping threads took: 0.0005108 seconds
[2023-10-31T09:21:15.932+0000][3243.226s][debug][safepoint     ] Safepoint synchronization initiated. (190 threads)
[2023-10-31T09:21:15.932+0000][3243.227s][info ][safepoint     ] Application time: 1.0006503 seconds
[2023-10-31T09:21:15.933+0000][3243.227s][info ][safepoint     ] Entering safepoint region: Cleanup
[2023-10-31T09:21:15.933+0000][3243.228s][info ][safepoint     ] Leaving safepoint region
[2023-10-31T09:21:15.934+0000][3243.229s][info ][safepoint     ] Total time for which application threads were stopped: 0.0012890 seconds, Stopping threads took: 0.0005221 seconds
[2023-10-31T09:21:16.935+0000][3244.229s][debug][safepoint     ] Safepoint synchronization initiated. (190 threads)
[2023-10-31T09:21:16.935+0000][3244.230s][info ][safepoint     ] Application time: 1.0008282 seconds
[2023-10-31T09:21:16.936+0000][3244.231s][info ][safepoint     ] Entering safepoint region: Cleanup
[2023-10-31T09:21:16.936+0000][3244.231s][info ][safepoint     ] Leaving safepoint region
[2023-10-31T09:21:16.937+0000][3244.232s][info ][safepoint     ] Total time for which application threads were stopped: 0.0012915 seconds, Stopping threads took: 0.0005476 seconds
[2023-10-31T09:21:17.938+0000][3245.233s][debug][safepoint     ] Safepoint synchronization initiated. (190 threads)
[2023-10-31T09:21:17.938+0000][3245.233s][info ][safepoint     ] Application time: 1.0008609 seconds
[2023-10-31T09:21:17.939+0000][3245.234s][info ][safepoint     ] Entering safepoint region: Cleanup
[2023-10-31T09:21:17.940+0000][3245.235s][info ][safepoint     ] Leaving safepoint region
[2023-10-31T09:21:17.940+0000][3245.235s][info ][safepoint     ] Total time for which application threads were stopped: 0.0013498 seconds, Stopping threads took: 0.0005468 seconds
[2023-10-31T09:21:18.941+0000][3246.236s][debug][safepoint     ] Safepoint synchronization initiated. (190 threads)
[2023-10-31T09:21:18.942+0000][3246.237s][info ][safepoint     ] Application time: 1.0011327 seconds
[2023-10-31T09:21:18.943+0000][3246.237s][info ][safepoint     ] Entering safepoint region: Cleanup
[2023-10-31T09:21:18.943+0000][3246.238s][info ][safepoint     ] Leaving safepoint region
[2023-10-31T09:21:18.944+0000][3246.239s][info ][safepoint     ] Total time for which application threads were stopped: 0.0014338 seconds, Stopping threads took: 0.0005430 seconds
[2023-10-31T09:21:19.945+0000][3247.240s][debug][safepoint     ] Safepoint synchronization initiated. (190 threads)
[2023-10-31T09:21:19.946+0000][3247.241s][info ][safepoint     ] Application time: 1.0015043 seconds
[2023-10-31T09:21:19.947+0000][3247.242s][info ][safepoint     ] Entering safepoint region: Cleanup
[2023-10-31T09:21:19.949+0000][3247.244s][info ][safepoint     ] Leaving safepoint region
[2023-10-31T09:21:19.950+0000][3247.244s][info ][safepoint     ] Total time for which application threads were stopped: 0.0025598 seconds, Stopping threads took: 0.0011803 seconds
[2023-10-31T09:21:20.951+0000][3248.245s][debug][safepoint     ] Safepoint synchronization initiated. (190 threads)
[2023-10-31T09:21:20.951+0000][3248.246s][info ][safepoint     ] Application time: 1.0007717 seconds
[2023-10-31T09:21:20.952+0000][3248.247s][info ][safepoint     ] Entering safepoint region: Cleanup
[2023-10-31T09:21:20.952+0000][3248.247s][info ][safepoint     ] Leaving safepoint region
[2023-10-31T09:21:20.953+0000][3248.248s][info ][safepoint     ] Total time for which application threads were stopped: 0.0012874 seconds, Stopping threads took: 0.0004883 seconds
[2023-10-31T09:21:21.954+0000][3249.249s][debug][safepoint     ] Safepoint synchronization initiated. (190 threads)
[2023-10-31T09:21:21.955+0000][3249.249s][info ][safepoint     ] Application time: 1.0010752 seconds
[2023-10-31T09:21:21.955+0000][3249.250s][info ][safepoint     ] Entering safepoint region: Cleanup
[2023-10-31T09:21:21.956+0000][3249.251s][info ][safepoint     ] Leaving safepoint region
[2023-10-31T09:21:21.957+0000][3249.252s][info ][safepoint     ] Total time for which application threads were stopped: 0.0015447 seconds, Stopping threads took: 0.0006719 seconds
[2023-10-31T09:21:22.957+0000][3250.252s][debug][safepoint     ] Safepoint synchronization initiated. (190 threads)
[2023-10-31T09:21:22.958+0000][3250.253s][info ][safepoint     ] Application time: 1.0005340 seconds
[2023-10-31T09:21:22.958+0000][3250.253s][debug][safepoint     ] ... found polling page return exception at pc = 0x00007f62e93eb7db, stub =0x00007f62e0840600
[2023-10-31T09:21:22.958+0000][3250.253s][debug][safepoint     ] ... found polling page return exception at pc = 0x00007f62e93eb7db, stub =0x00007f62e0840600
[2023-10-31T09:21:22.958+0000][3250.253s][debug][safepoint     ] ... found polling page return exception at pc = 0x00007f62e93eb7db, stub =0x00007f62e0840600
[2023-10-31T09:21:22.958+0000][3250.253s][debug][safepoint     ] ... found polling page return exception at pc = 0x00007f62e93eb7db, stub =0x00007f62e0840600
[2023-10-31T09:21:22.960+0000][3250.255s][debug][safepoint     ] Waiting for 4 thread(s) to block
[2023-10-31T09:21:22.960+0000][3250.255s][info ][safepoint     ] Entering safepoint region: Cleanup
[2023-10-31T09:21:22.961+0000][3250.256s][info ][safepoint     ] Leaving safepoint region
[2023-10-31T09:21:22.961+0000][3250.256s][info ][safepoint     ] Total time for which application threads were stopped: 0.0027858 seconds, Stopping threads took: 0.0022755 seconds
[2023-10-31T09:21:23.962+0000][3251.257s][debug][safepoint     ] Safepoint synchronization initiated. (190 threads)
[2023-10-31T09:21:23.963+0000][3251.258s][info ][safepoint     ] Application time: 1.0013181 seconds
[2023-10-31T09:21:23.964+0000][3251.259s][info ][safepoint     ] Entering safepoint region: Cleanup
[2023-10-31T09:21:23.965+0000][3251.260s][info ][safepoint     ] Leaving safepoint region
[2023-10-31T09:21:23.965+0000][3251.260s][info ][safepoint     ] Total time for which application threads were stopped: 0.0017023 seconds, Stopping threads took: 0.0007733 seconds
[2023-10-31T09:21:24.967+0000][3252.261s][debug][safepoint     ] Safepoint synchronization initiated. (190 threads)
[2023-10-31T09:21:24.968+0000][3252.262s][info ][safepoint     ] Application time: 1.0013344 seconds
[2023-10-31T09:21:24.969+0000][3252.263s][info ][safepoint     ] Entering safepoint region: Cleanup
[2023-10-31T09:21:24.970+0000][3252.265s][info ][safepoint     ] Leaving safepoint region
[2023-10-31T09:21:24.971+0000][3252.266s][info ][safepoint     ] Total time for which application threads were stopped: 0.0021670 seconds, Stopping threads took: 0.0010526 seconds
[2023-10-31T09:21:25.972+0000][3253.267s][debug][safepoint     ] Safepoint synchronization initiated. (190 threads)
[2023-10-31T09:21:25.973+0000][3253.268s][info ][safepoint     ] Application time: 1.0014069 seconds
[2023-10-31T09:21:25.974+0000][3253.269s][info ][safepoint     ] Entering safepoint region: Cleanup
[2023-10-31T09:21:25.975+0000][3253.270s][info ][safepoint     ] Leaving safepoint region
[2023-10-31T09:21:25.976+0000][3253.271s][info ][safepoint     ] Total time for which application threads were stopped: 0.0022608 seconds, Stopping threads took: 0.0008275 seconds
[2023-10-31T09:21:26.977+0000][3254.272s][debug][safepoint     ] Safepoint synchronization initiated. (190 threads)
[2023-10-31T09:21:26.978+0000][3254.273s][info ][safepoint     ] Application time: 1.0011818 seconds
[2023-10-31T09:21:26.979+0000][3254.274s][info ][safepoint     ] Entering safepoint region: Cleanup
[2023-10-31T09:21:26.980+0000][3254.275s][info ][safepoint     ] Leaving safepoint region
[2023-10-31T09:21:26.981+0000][3254.275s][info ][safepoint     ] Total time for which application threads were stopped: 0.0017972 seconds, Stopping threads took: 0.0008835 seconds
[2023-10-31T09:21:27.981+0000][3255.276s][debug][safepoint     ] Safepoint synchronization initiated. (190 threads)
[2023-10-31T09:21:27.982+0000][3255.277s][info ][safepoint     ] Application time: 1.0006479 seconds
[2023-10-31T09:21:27.982+0000][3255.277s][info ][safepoint     ] Entering safepoint region: Cleanup
[2023-10-31T09:21:27.983+0000][3255.278s][info ][safepoint     ] Leaving safepoint region
[2023-10-31T09:21:27.983+0000][3255.278s][info ][safepoint     ] Total time for which application threads were stopped: 0.0011481 seconds, Stopping threads took: 0.0004572 seconds
[2023-10-31T09:21:28.984+0000][3256.279s][debug][safepoint     ] Safepoint synchronization initiated. (190 threads)
[2023-10-31T09:21:28.985+0000][3256.280s][info ][safepoint     ] Application time: 1.0012822 seconds
[2023-10-31T09:21:28.986+0000][3256.281s][info ][safepoint     ] Entering safepoint region: Cleanup
[2023-10-31T09:21:28.987+0000][3256.282s][info ][safepoint     ] Leaving safepoint region
[2023-10-31T09:21:28.988+0000][3256.282s][info ][safepoint     ] Total time for which application threads were stopped: 0.0018789 seconds, Stopping threads took: 0.0008749 seconds
[2023-10-31T09:21:29.989+0000][3257.284s][debug][safepoint     ] Safepoint synchronization initiated. (190 threads)
[2023-10-31T09:21:29.990+0000][3257.285s][info ][safepoint     ] Application time: 1.0012881 seconds
[2023-10-31T09:21:29.991+0000][3257.285s][info ][safepoint     ] Entering safepoint region: Cleanup
[2023-10-31T09:21:29.992+0000][3257.287s][info ][safepoint     ] Leaving safepoint region
[2023-10-31T09:21:29.992+0000][3257.287s][info ][safepoint     ] Total time for which application threads were stopped: 0.0019099 seconds, Stopping threads took: 0.0008436 seconds
[2023-10-31T09:21:30.994+0000][3258.288s][debug][safepoint     ] Safepoint synchronization initiated. (190 threads)
[2023-10-31T09:21:30.995+0000][3258.290s][info ][safepoint     ] Application time: 1.0015093 seconds
[2023-10-31T09:21:30.996+0000][3258.291s][info ][safepoint     ] Entering safepoint region: Cleanup
[2023-10-31T09:21:30.997+0000][3258.292s][info ][safepoint     ] Leaving safepoint region
[2023-10-31T09:21:30.998+0000][3258.293s][info ][safepoint     ] Total time for which application threads were stopped: 0.0020155 seconds, Stopping threads took: 0.0008798 seconds
[2023-10-31T09:21:31.999+0000][3259.294s][debug][safepoint     ] Safepoint synchronization initiated. (190 threads)
[2023-10-31T09:21:32.000+0000][3259.295s][info ][safepoint     ] Application time: 1.0013110 seconds
[2023-10-31T09:21:32.001+0000][3259.295s][info ][safepoint     ] Entering safepoint region: Cleanup
[2023-10-31T09:21:32.002+0000][3259.297s][info ][safepoint     ] Leaving safepoint region
[2023-10-31T09:21:32.003+0000][3259.297s][info ][safepoint     ] Total time for which application threads were stopped: 0.0019518 seconds, Stopping threads took: 0.0007989 seconds
[2023-10-31T09:21:33.004+0000][3260.298s][debug][safepoint     ] Safepoint synchronization initiated. (190 threads)
[2023-10-31T09:21:33.004+0000][3260.299s][info ][safepoint     ] Application time: 1.0008702 seconds
[2023-10-31T09:21:33.005+0000][3260.300s][info ][safepoint     ] Entering safepoint region: Cleanup
[2023-10-31T09:21:33.006+0000][3260.301s][info ][safepoint     ] Leaving safepoint region
[2023-10-31T09:21:33.006+0000][3260.301s][info ][safepoint     ] Total time for which application threads were stopped: 0.0013451 seconds, Stopping threads took: 0.0006525 seconds
[2023-10-31T09:21:34.007+0000][3261.302s][debug][safepoint     ] Safepoint synchronization initiated. (190 threads)
[2023-10-31T09:21:34.008+0000][3261.303s][info ][safepoint     ] Application time: 1.0014606 seconds
[2023-10-31T09:21:34.009+0000][3261.304s][info ][safepoint     ] Entering safepoint region: Cleanup
[2023-10-31T09:21:34.010+0000][3261.305s][info ][safepoint     ] Leaving safepoint region
[2023-10-31T09:21:34.011+0000][3261.306s][info ][safepoint     ] Total time for which application threads were stopped: 0.0021065 seconds, Stopping threads took: 0.0009221 seconds
[2023-10-31T09:21:35.012+0000][3262.307s][debug][safepoint     ] Safepoint synchronization initiated. (190 threads)
[2023-10-31T09:21:35.013+0000][3262.308s][info ][safepoint     ] Application time: 1.0015080 seconds
[2023-10-31T09:21:35.014+0000][3262.309s][info ][safepoint     ] Entering safepoint region: Cleanup
[2023-10-31T09:21:35.016+0000][3262.310s][info ][safepoint     ] Leaving safepoint region
[2023-10-31T09:21:35.016+0000][3262.311s][info ][safepoint     ] Total time for which application threads were stopped: 0.0020186 seconds, Stopping threads took: 0.0009658 seconds
[2023-10-31T09:21:36.017+0000][3263.312s][debug][safepoint     ] Safepoint synchronization initiated. (190 threads)
[2023-10-31T09:21:36.018+0000][3263.313s][info ][safepoint     ] Application time: 1.0011670 seconds
[2023-10-31T09:21:36.019+0000][3263.314s][info ][safepoint     ] Entering safepoint region: Cleanup
[2023-10-31T09:21:36.020+0000][3263.315s][info ][safepoint     ] Leaving safepoint region
[2023-10-31T09:21:36.021+0000][3263.316s][info ][safepoint     ] Total time for which application threads were stopped: 0.0018108 seconds, Stopping threads took: 0.0008077 seconds
[2023-10-31T09:21:37.022+0000][3264.317s][debug][safepoint     ] Safepoint synchronization initiated. (190 threads)
[2023-10-31T09:21:37.023+0000][3264.318s][info ][safepoint     ] Application time: 1.0016988 seconds
[2023-10-31T09:21:37.024+0000][3264.319s][info ][safepoint     ] Entering safepoint region: Cleanup
[2023-10-31T09:21:37.026+0000][3264.321s][info ][safepoint     ] Leaving safepoint region
[2023-10-31T09:21:37.027+0000][3264.322s][info ][safepoint     ] Total time for which application threads were stopped: 0.0025798 seconds, Stopping threads took: 0.0010751 seconds
[2023-10-31T09:21:38.028+0000][3265.323s][debug][safepoint     ] Safepoint synchronization initiated. (190 threads)
[2023-10-31T09:21:38.029+0000][3265.323s][info ][safepoint     ] Application time: 1.0006993 seconds
[2023-10-31T09:21:38.029+0000][3265.324s][info ][safepoint     ] Entering safepoint region: Cleanup
[2023-10-31T09:21:38.030+0000][3265.325s][info ][safepoint     ] Leaving safepoint region
[2023-10-31T09:21:38.031+0000][3265.325s][info ][safepoint     ] Total time for which application threads were stopped: 0.0015564 seconds, Stopping threads took: 0.0005930 seconds
[2023-10-31T09:21:39.032+0000][3266.327s][debug][safepoint     ] Safepoint synchronization initiated. (190 threads)
[2023-10-31T09:21:39.033+0000][3266.327s][info ][safepoint     ] Application time: 1.0009739 seconds
[2023-10-31T09:21:39.033+0000][3266.328s][info ][safepoint     ] Entering safepoint region: Cleanup
[2023-10-31T09:21:39.034+0000][3266.328s][info ][safepoint     ] Leaving safepoint region
[2023-10-31T09:21:39.034+0000][3266.329s][info ][safepoint     ] Total time for which application threads were stopped: 0.0010963 seconds, Stopping threads took: 0.0004896 seconds
[2023-10-31T09:21:40.035+0000][3267.330s][debug][safepoint     ] Safepoint synchronization initiated. (190 threads)
[2023-10-31T09:21:40.036+0000][3267.330s][info ][safepoint     ] Application time: 1.0010465 seconds
[2023-10-31T09:21:40.036+0000][3267.331s][info ][safepoint     ] Entering safepoint region: Cleanup
[2023-10-31T09:21:40.037+0000][3267.332s][info ][safepoint     ] Leaving safepoint region
[2023-10-31T09:21:40.038+0000][3267.332s][info ][safepoint     ] Total time for which application threads were stopped: 0.0013499 seconds, Stopping threads took: 0.0005652 seconds
[2023-10-31T09:21:41.039+0000][3268.333s][debug][safepoint     ] Safepoint synchronization initiated. (190 threads)
[2023-10-31T09:21:41.040+0000][3268.335s][info ][safepoint     ] Application time: 1.0019794 seconds
[2023-10-31T09:21:41.041+0000][3268.336s][info ][safepoint     ] Entering safepoint region: Cleanup
[2023-10-31T09:21:41.043+0000][3268.338s][info ][safepoint     ] Leaving safepoint region
[2023-10-31T09:21:41.044+0000][3268.339s][info ][safepoint     ] Total time for which application threads were stopped: 0.0027044 seconds, Stopping threads took: 0.0012113 seconds
[2023-10-31T09:21:42.045+0000][3269.340s][debug][safepoint     ] Safepoint synchronization initiated. (190 threads)
[2023-10-31T09:21:42.046+0000][3269.341s][info ][safepoint     ] Application time: 1.0013332 seconds
[2023-10-31T09:21:42.047+0000][3269.342s][info ][safepoint     ] Entering safepoint region: Cleanup
[2023-10-31T09:21:42.049+0000][3269.343s][info ][safepoint     ] Leaving safepoint region
[2023-10-31T09:21:42.049+0000][3269.344s][info ][safepoint     ] Total time for which application threads were stopped: 0.0021396 seconds, Stopping threads took: 0.0009661 seconds
[2023-10-31T09:21:43.050+0000][3270.345s][debug][safepoint     ] Safepoint synchronization initiated. (190 threads)
[2023-10-31T09:21:43.051+0000][3270.346s][info ][safepoint     ] Application time: 1.0008148 seconds
[2023-10-31T09:21:43.052+0000][3270.346s][info ][safepoint     ] Entering safepoint region: Cleanup
[2023-10-31T09:21:43.052+0000][3270.347s][info ][safepoint     ] Leaving safepoint region
[2023-10-31T09:21:43.053+0000][3270.348s][info ][safepoint     ] Total time for which application threads were stopped: 0.0012565 seconds, Stopping threads took: 0.0005717 seconds
[2023-10-31T09:21:44.054+0000][3271.348s][debug][safepoint     ] Safepoint synchronization initiated. (190 threads)
[2023-10-31T09:21:44.054+0000][3271.349s][info ][safepoint     ] Application time: 1.0007964 seconds
[2023-10-31T09:21:44.055+0000][3271.349s][info ][safepoint     ] Entering safepoint region: Cleanup
[2023-10-31T09:21:44.055+0000][3271.350s][info ][safepoint     ] Leaving safepoint region
[2023-10-31T09:21:44.056+0000][3271.351s][info ][safepoint     ] Total time for which application threads were stopped: 0.0011269 seconds, Stopping threads took: 0.0004775 seconds
[2023-10-31T09:21:45.056+0000][3272.351s][debug][safepoint     ] Safepoint synchronization initiated. (190 threads)
[2023-10-31T09:21:45.057+0000][3272.352s][info ][safepoint     ] Application time: 1.0006563 seconds
[2023-10-31T09:21:45.057+0000][3272.352s][info ][safepoint     ] Entering safepoint region: Cleanup
[2023-10-31T09:21:45.058+0000][3272.353s][info ][safepoint     ] Leaving safepoint region
[2023-10-31T09:21:45.058+0000][3272.353s][info ][safepoint     ] Total time for which application threads were stopped: 0.0009399 seconds, Stopping threads took: 0.0004159 seconds
[2023-10-31T09:21:46.059+0000][3273.354s][debug][safepoint     ] Safepoint synchronization initiated. (190 threads)
[2023-10-31T09:21:46.060+0000][3273.355s][info ][safepoint     ] Application time: 1.0014261 seconds
[2023-10-31T09:21:46.061+0000][3273.356s][info ][safepoint     ] Entering safepoint region: Cleanup
[2023-10-31T09:21:46.062+0000][3273.357s][info ][safepoint     ] Leaving safepoint region
[2023-10-31T09:21:46.063+0000][3273.358s][info ][safepoint     ] Total time for which application threads were stopped: 0.0020113 seconds, Stopping threads took: 0.0008965 seconds
[2023-10-31T09:21:47.064+0000][3274.359s][debug][safepoint     ] Safepoint synchronization initiated. (190 threads)
[2023-10-31T09:21:47.065+0000][3274.360s][info ][safepoint     ] Application time: 1.0012446 seconds
[2023-10-31T09:21:47.066+0000][3274.360s][info ][safepoint     ] Entering safepoint region: Cleanup
[2023-10-31T09:21:47.066+0000][3274.361s][info ][safepoint     ] Leaving safepoint region
[2023-10-31T09:21:47.067+0000][3274.362s][info ][safepoint     ] Total time for which application threads were stopped: 0.0012766 seconds, Stopping threads took: 0.0006177 seconds
[2023-10-31T09:21:48.067+0000][3275.362s][debug][safepoint     ] Safepoint synchronization initiated. (190 threads)
[2023-10-31T09:21:48.068+0000][3275.363s][info ][safepoint     ] Application time: 1.0012524 seconds
[2023-10-31T09:21:48.070+0000][3275.364s][info ][safepoint     ] Entering safepoint region: Cleanup
[2023-10-31T09:21:48.071+0000][3275.365s][info ][safepoint     ] Leaving safepoint region
[2023-10-31T09:21:48.071+0000][3275.366s][info ][safepoint     ] Total time for which application threads were stopped: 0.0019504 seconds, Stopping threads took: 0.0008305 seconds
[2023-10-31T09:21:49.073+0000][3276.367s][debug][safepoint     ] Safepoint synchronization initiated. (190 threads)
[2023-10-31T09:21:49.074+0000][3276.369s][info ][safepoint     ] Application time: 1.0015455 seconds
[2023-10-31T09:21:49.075+0000][3276.370s][info ][safepoint     ] Entering safepoint region: Cleanup
[2023-10-31T09:21:49.076+0000][3276.371s][info ][safepoint     ] Leaving safepoint region
[2023-10-31T09:21:49.077+0000][3276.371s][info ][safepoint     ] Total time for which application threads were stopped: 0.0019410 seconds, Stopping threads took: 0.0008801 seconds
[2023-10-31T09:21:50.078+0000][3277.372s][debug][safepoint     ] Safepoint synchronization initiated. (190 threads)
[2023-10-31T09:21:50.078+0000][3277.373s][info ][safepoint     ] Application time: 1.0006412 seconds
[2023-10-31T09:21:50.078+0000][3277.373s][info ][safepoint     ] Entering safepoint region: Cleanup
[2023-10-31T09:21:50.079+0000][3277.374s][info ][safepoint     ] Leaving safepoint region
[2023-10-31T09:21:50.079+0000][3277.374s][info ][safepoint     ] Total time for which application threads were stopped: 0.0008193 seconds, Stopping threads took: 0.0003468 seconds
[2023-10-31T09:21:51.080+0000][3278.375s][debug][safepoint     ] Safepoint synchronization initiated. (190 threads)
[2023-10-31T09:21:51.081+0000][3278.376s][info ][safepoint     ] Application time: 1.0014716 seconds
[2023-10-31T09:21:51.082+0000][3278.377s][info ][safepoint     ] Entering safepoint region: Cleanup
[2023-10-31T09:21:51.083+0000][3278.378s][info ][safepoint     ] Leaving safepoint region
[2023-10-31T09:21:51.084+0000][3278.379s][info ][safepoint     ] Total time for which application threads were stopped: 0.0019423 seconds, Stopping threads took: 0.0008888 seconds
[2023-10-31T09:21:52.085+0000][3279.379s][debug][safepoint     ] Safepoint synchronization initiated. (190 threads)
[2023-10-31T09:21:52.086+0000][3279.380s][info ][safepoint     ] Application time: 1.0011575 seconds
[2023-10-31T09:21:52.086+0000][3279.381s][info ][safepoint     ] Entering safepoint region: Cleanup
[2023-10-31T09:21:52.088+0000][3279.383s][info ][safepoint     ] Leaving safepoint region
[2023-10-31T09:21:52.088+0000][3279.383s][info ][safepoint     ] Total time for which application threads were stopped: 0.0020657 seconds, Stopping threads took: 0.0009251 seconds
[2023-10-31T09:21:53.090+0000][3280.384s][debug][safepoint     ] Safepoint synchronization initiated. (190 threads)
[2023-10-31T09:21:53.091+0000][3280.386s][info ][safepoint     ] Application time: 1.0014626 seconds
[2023-10-31T09:21:53.092+0000][3280.387s][info ][safepoint     ] Entering safepoint region: Cleanup
[2023-10-31T09:21:53.093+0000][3280.388s][info ][safepoint     ] Leaving safepoint region
[2023-10-31T09:21:53.094+0000][3280.389s][info ][safepoint     ] Total time for which application threads were stopped: 0.0020565 seconds, Stopping threads took: 0.0007976 seconds
[2023-10-31T09:21:54.095+0000][3281.389s][debug][safepoint     ] Safepoint synchronization initiated. (190 threads)
[2023-10-31T09:21:54.095+0000][3281.390s][info ][safepoint     ] Application time: 1.0005066 seconds
[2023-10-31T09:21:54.095+0000][3281.390s][info ][safepoint     ] Entering safepoint region: Cleanup
[2023-10-31T09:21:54.096+0000][3281.391s][info ][safepoint     ] Leaving safepoint region
[2023-10-31T09:21:54.096+0000][3281.391s][info ][safepoint     ] Total time for which application threads were stopped: 0.0008475 seconds, Stopping threads took: 0.0003505 seconds
[2023-10-31T09:21:55.097+0000][3282.391s][debug][safepoint     ] Safepoint synchronization initiated. (188 threads)
[2023-10-31T09:21:55.097+0000][3282.392s][info ][safepoint     ] Application time: 1.0007415 seconds
[2023-10-31T09:21:55.098+0000][3282.392s][info ][safepoint     ] Entering safepoint region: Cleanup
[2023-10-31T09:21:55.098+0000][3282.393s][info ][safepoint     ] Leaving safepoint region
[2023-10-31T09:21:55.099+0000][3282.394s][info ][safepoint     ] Total time for which application threads were stopped: 0.0012899 seconds, Stopping threads took: 0.0006327 seconds
[2023-10-31T09:21:56.099+0000][3283.394s][debug][safepoint     ] Safepoint synchronization initiated. (188 threads)
[2023-10-31T09:21:56.100+0000][3283.395s][info ][safepoint     ] Application time: 1.0007659 seconds
[2023-10-31T09:21:56.100+0000][3283.395s][info ][safepoint     ] Entering safepoint region: Cleanup
[2023-10-31T09:21:56.101+0000][3283.396s][info ][safepoint     ] Leaving safepoint region
[2023-10-31T09:21:56.101+0000][3283.396s][info ][safepoint     ] Total time for which application threads were stopped: 0.0009599 seconds, Stopping threads took: 0.0003979 seconds
[2023-10-31T09:21:57.102+0000][3284.397s][debug][safepoint     ] Safepoint synchronization initiated. (188 threads)
[2023-10-31T09:21:57.103+0000][3284.398s][info ][safepoint     ] Application time: 1.0012058 seconds
[2023-10-31T09:21:57.104+0000][3284.398s][info ][safepoint     ] Entering safepoint region: Cleanup
[2023-10-31T09:21:57.105+0000][3284.399s][info ][safepoint     ] Leaving safepoint region
[2023-10-31T09:21:57.105+0000][3284.400s][info ][safepoint     ] Total time for which application threads were stopped: 0.0015891 seconds, Stopping threads took: 0.0008892 seconds
[2023-10-31T09:21:58.106+0000][3285.401s][debug][safepoint     ] Safepoint synchronization initiated. (188 threads)
[2023-10-31T09:21:58.107+0000][3285.401s][info ][safepoint     ] Application time: 1.0009530 seconds
[2023-10-31T09:21:58.107+0000][3285.402s][info ][safepoint     ] Entering safepoint region: Cleanup
[2023-10-31T09:21:58.109+0000][3285.404s][info ][safepoint     ] Leaving safepoint region
[2023-10-31T09:21:58.110+0000][3285.405s][info ][safepoint     ] Total time for which application threads were stopped: 0.0030422 seconds, Stopping threads took: 0.0010954 seconds
[2023-10-31T09:21:59.111+0000][3286.406s][debug][safepoint     ] Safepoint synchronization initiated. (188 threads)
[2023-10-31T09:21:59.112+0000][3286.407s][info ][safepoint     ] Application time: 1.0010144 seconds
[2023-10-31T09:21:59.112+0000][3286.407s][info ][safepoint     ] Entering safepoint region: Cleanup
[2023-10-31T09:21:59.113+0000][3286.408s][info ][safepoint     ] Leaving safepoint region
[2023-10-31T09:21:59.114+0000][3286.408s][info ][safepoint     ] Total time for which application threads were stopped: 0.0011581 seconds, Stopping threads took: 0.0005372 seconds
[2023-10-31T09:22:00.114+0000][3287.409s][debug][safepoint     ] Safepoint synchronization initiated. (188 threads)
[2023-10-31T09:22:00.115+0000][3287.409s][info ][safepoint     ] Application time: 1.0006262 seconds
[2023-10-31T09:22:00.115+0000][3287.410s][info ][safepoint     ] Entering safepoint region: Cleanup
[2023-10-31T09:22:00.115+0000][3287.410s][info ][safepoint     ] Leaving safepoint region
[2023-10-31T09:22:00.116+0000][3287.411s][info ][safepoint     ] Total time for which application threads were stopped: 0.0007660 seconds, Stopping threads took: 0.0003289 seconds
[2023-10-31T09:22:01.116+0000][3288.411s][debug][safepoint     ] Safepoint synchronization initiated. (188 threads)
[2023-10-31T09:22:01.117+0000][3288.411s][info ][safepoint     ] Application time: 1.0005260 seconds
[2023-10-31T09:22:01.117+0000][3288.412s][info ][safepoint     ] Entering safepoint region: Cleanup
[2023-10-31T09:22:01.117+0000][3288.412s][info ][safepoint     ] Leaving safepoint region
[2023-10-31T09:22:01.118+0000][3288.412s][info ][safepoint     ] Total time for which application threads were stopped: 0.0007485 seconds, Stopping threads took: 0.0003141 seconds
[2023-10-31T09:22:02.118+0000][3289.413s][debug][safepoint     ] Safepoint synchronization initiated. (188 threads)
[2023-10-31T09:22:02.119+0000][3289.414s][info ][safepoint     ] Application time: 1.0014924 seconds
[2023-10-31T09:22:02.120+0000][3289.415s][info ][safepoint     ] Entering safepoint region: Cleanup
[2023-10-31T09:22:02.122+0000][3289.417s][info ][safepoint     ] Leaving safepoint region
[2023-10-31T09:22:02.123+0000][3289.417s][info ][safepoint     ] Total time for which application threads were stopped: 0.0022084 seconds, Stopping threads took: 0.0009649 seconds
[2023-10-31T09:22:03.124+0000][3290.418s][debug][safepoint     ] Safepoint synchronization initiated. (188 threads)
[2023-10-31T09:22:03.124+0000][3290.419s][info ][safepoint     ] Application time: 1.0006896 seconds
[2023-10-31T09:22:03.125+0000][3290.419s][info ][safepoint     ] Entering safepoint region: Cleanup
[2023-10-31T09:22:03.125+0000][3290.420s][info ][safepoint     ] Leaving safepoint region
[2023-10-31T09:22:03.126+0000][3290.420s][info ][safepoint     ] Total time for which application threads were stopped: 0.0011170 seconds, Stopping threads took: 0.0005003 seconds
[2023-10-31T09:22:04.126+0000][3291.421s][debug][safepoint     ] Safepoint synchronization initiated. (188 threads)
[2023-10-31T09:22:04.127+0000][3291.422s][info ][safepoint     ] Application time: 1.0010302 seconds
[2023-10-31T09:22:04.128+0000][3291.423s][info ][safepoint     ] Entering safepoint region: Cleanup
[2023-10-31T09:22:04.129+0000][3291.423s][info ][safepoint     ] Leaving safepoint region
[2023-10-31T09:22:04.129+0000][3291.424s][info ][safepoint     ] Total time for which application threads were stopped: 0.0014294 seconds, Stopping threads took: 0.0006141 seconds
[2023-10-31T09:22:05.130+0000][3292.425s][debug][safepoint     ] Safepoint synchronization initiated. (188 threads)
[2023-10-31T09:22:05.130+0000][3292.425s][info ][safepoint     ] Application time: 1.0006410 seconds
[2023-10-31T09:22:05.131+0000][3292.426s][info ][safepoint     ] Entering safepoint region: Cleanup
[2023-10-31T09:22:05.131+0000][3292.426s][info ][safepoint     ] Leaving safepoint region
[2023-10-31T09:22:05.132+0000][3292.426s][info ][safepoint     ] Total time for which application threads were stopped: 0.0009370 seconds, Stopping threads took: 0.0004328 seconds
[2023-10-31T09:22:06.132+0000][3293.427s][debug][safepoint     ] Safepoint synchronization initiated. (188 threads)
[2023-10-31T09:22:06.133+0000][3293.428s][info ][safepoint     ] Application time: 1.0008439 seconds
[2023-10-31T09:22:06.133+0000][3293.428s][info ][safepoint     ] Entering safepoint region: Cleanup
[2023-10-31T09:22:06.134+0000][3293.429s][info ][safepoint     ] Leaving safepoint region
[2023-10-31T09:22:06.135+0000][3293.430s][info ][safepoint     ] Total time for which application threads were stopped: 0.0016669 seconds, Stopping threads took: 0.0004571 seconds
[2023-10-31T09:22:07.136+0000][3294.431s][debug][safepoint     ] Safepoint synchronization initiated. (188 threads)
[2023-10-31T09:22:07.137+0000][3294.432s][info ][safepoint     ] Application time: 1.0006979 seconds
[2023-10-31T09:22:07.137+0000][3294.432s][info ][safepoint     ] Entering safepoint region: Cleanup
[2023-10-31T09:22:07.139+0000][3294.433s][info ][safepoint     ] Leaving safepoint region
[2023-10-31T09:22:07.139+0000][3294.434s][info ][safepoint     ] Total time for which application threads were stopped: 0.0016165 seconds, Stopping threads took: 0.0010657 seconds
[2023-10-31T09:22:08.140+0000][3295.434s][debug][safepoint     ] Safepoint synchronization initiated. (188 threads)
[2023-10-31T09:22:08.141+0000][3295.436s][info ][safepoint     ] Application time: 1.0018295 seconds
[2023-10-31T09:22:08.142+0000][3295.437s][info ][safepoint     ] Entering safepoint region: Cleanup
[2023-10-31T09:22:08.142+0000][3295.437s][info ][safepoint     ] Leaving safepoint region
[2023-10-31T09:22:08.143+0000][3295.438s][info ][safepoint     ] Total time for which application threads were stopped: 0.0009347 seconds, Stopping threads took: 0.0003661 seconds
[2023-10-31T09:22:09.143+0000][3296.438s][debug][safepoint     ] Safepoint synchronization initiated. (188 threads)
[2023-10-31T09:22:09.144+0000][3296.438s][info ][safepoint     ] Application time: 1.0006129 seconds
[2023-10-31T09:22:09.144+0000][3296.439s][info ][safepoint     ] Entering safepoint region: Cleanup
[2023-10-31T09:22:09.145+0000][3296.439s][info ][safepoint     ] Leaving safepoint region
[2023-10-31T09:22:09.145+0000][3296.440s][info ][safepoint     ] Total time for which application threads were stopped: 0.0008079 seconds, Stopping threads took: 0.0003418 seconds
[2023-10-31T09:22:10.145+0000][3297.440s][debug][safepoint     ] Safepoint synchronization initiated. (188 threads)
[2023-10-31T09:22:10.147+0000][3297.441s][info ][safepoint     ] Application time: 1.0013456 seconds
[2023-10-31T09:22:10.148+0000][3297.442s][info ][safepoint     ] Entering safepoint region: Cleanup
[2023-10-31T09:22:10.148+0000][3297.443s][info ][safepoint     ] Leaving safepoint region
[2023-10-31T09:22:10.149+0000][3297.444s][info ][safepoint     ] Total time for which application threads were stopped: 0.0014192 seconds, Stopping threads took: 0.0006763 seconds
[2023-10-31T09:22:11.150+0000][3298.444s][debug][safepoint     ] Safepoint synchronization initiated. (188 threads)
[2023-10-31T09:22:11.150+0000][3298.445s][info ][safepoint     ] Application time: 1.0007258 seconds
[2023-10-31T09:22:11.151+0000][3298.446s][info ][safepoint     ] Entering safepoint region: Cleanup
[2023-10-31T09:22:11.152+0000][3298.447s][info ][safepoint     ] Leaving safepoint region
[2023-10-31T09:22:11.153+0000][3298.447s][info ][safepoint     ] Total time for which application threads were stopped: 0.0019114 seconds, Stopping threads took: 0.0007760 seconds
[2023-10-31T09:22:12.153+0000][3299.448s][debug][safepoint     ] Safepoint synchronization initiated. (188 threads)
[2023-10-31T09:22:12.154+0000][3299.449s][info ][safepoint     ] Application time: 1.0007448 seconds
[2023-10-31T09:22:12.154+0000][3299.449s][info ][safepoint     ] Entering safepoint region: Cleanup
[2023-10-31T09:22:12.155+0000][3299.450s][info ][safepoint     ] Leaving safepoint region
[2023-10-31T09:22:12.155+0000][3299.450s][info ][safepoint     ] Total time for which application threads were stopped: 0.0012221 seconds, Stopping threads took: 0.0006139 seconds
[2023-10-31T09:22:13.156+0000][3300.451s][debug][safepoint     ] Safepoint synchronization initiated. (187 threads)
[2023-10-31T09:22:13.157+0000][3300.452s][info ][safepoint     ] Application time: 1.0009646 seconds
[2023-10-31T09:22:13.157+0000][3300.452s][info ][safepoint     ] Entering safepoint region: Cleanup
[2023-10-31T09:22:13.158+0000][3300.453s][info ][safepoint     ] Leaving safepoint region
[2023-10-31T09:22:13.159+0000][3300.454s][info ][safepoint     ] Total time for which application threads were stopped: 0.0014958 seconds, Stopping threads took: 0.0006947 seconds
[2023-10-31T09:22:14.160+0000][3301.454s][debug][safepoint     ] Safepoint synchronization initiated. (187 threads)
[2023-10-31T09:22:14.160+0000][3301.455s][info ][safepoint     ] Application time: 1.0005050 seconds
[2023-10-31T09:22:14.160+0000][3301.455s][info ][safepoint     ] Entering safepoint region: Cleanup
[2023-10-31T09:22:14.161+0000][3301.456s][info ][safepoint     ] Leaving safepoint region
[2023-10-31T09:22:14.161+0000][3301.456s][info ][safepoint     ] Total time for which application threads were stopped: 0.0009235 seconds, Stopping threads took: 0.0003818 seconds
[2023-10-31T09:22:15.162+0000][3302.457s][debug][safepoint     ] Safepoint synchronization initiated. (187 threads)
[2023-10-31T09:22:15.162+0000][3302.457s][info ][safepoint     ] Application time: 1.0010651 seconds
[2023-10-31T09:22:15.163+0000][3302.458s][info ][safepoint     ] Entering safepoint region: Cleanup
[2023-10-31T09:22:15.164+0000][3302.459s][info ][safepoint     ] Leaving safepoint region
[2023-10-31T09:22:15.164+0000][3302.459s][info ][safepoint     ] Total time for which application threads were stopped: 0.0014496 seconds, Stopping threads took: 0.0007645 seconds
[2023-10-31T09:22:16.165+0000][3303.460s][debug][safepoint     ] Safepoint synchronization initiated. (187 threads)
[2023-10-31T09:22:16.166+0000][3303.460s][info ][safepoint     ] Application time: 1.0005481 seconds
[2023-10-31T09:22:16.166+0000][3303.461s][info ][safepoint     ] Entering safepoint region: Cleanup
[2023-10-31T09:22:16.168+0000][3303.462s][info ][safepoint     ] Leaving safepoint region
[2023-10-31T09:22:16.168+0000][3303.463s][info ][safepoint     ] Total time for which application threads were stopped: 0.0022010 seconds, Stopping threads took: 0.0009814 seconds
[2023-10-31T09:22:17.169+0000][3304.464s][debug][safepoint     ] Safepoint synchronization initiated. (187 threads)
[2023-10-31T09:22:17.169+0000][3304.464s][info ][safepoint     ] Application time: 1.0006099 seconds
[2023-10-31T09:22:17.170+0000][3304.464s][info ][safepoint     ] Entering safepoint region: Cleanup
[2023-10-31T09:22:17.170+0000][3304.465s][info ][safepoint     ] Leaving safepoint region
[2023-10-31T09:22:17.170+0000][3304.465s][info ][safepoint     ] Total time for which application threads were stopped: 0.0008046 seconds, Stopping threads took: 0.0003340 seconds
[2023-10-31T09:22:18.171+0000][3305.466s][debug][safepoint     ] Safepoint synchronization initiated. (187 threads)
[2023-10-31T09:22:18.171+0000][3305.466s][info ][safepoint     ] Application time: 1.0005511 seconds
[2023-10-31T09:22:18.172+0000][3305.467s][info ][safepoint     ] Entering safepoint region: Cleanup
[2023-10-31T09:22:18.172+0000][3305.467s][info ][safepoint     ] Leaving safepoint region
[2023-10-31T09:22:18.173+0000][3305.467s][info ][safepoint     ] Total time for which application threads were stopped: 0.0010409 seconds, Stopping threads took: 0.0004285 seconds
[2023-10-31T09:22:19.173+0000][3306.468s][debug][safepoint     ] Safepoint synchronization initiated. (187 threads)
[2023-10-31T09:22:19.174+0000][3306.468s][info ][safepoint     ] Application time: 1.0005171 seconds
[2023-10-31T09:22:19.174+0000][3306.469s][info ][safepoint     ] Entering safepoint region: Cleanup
[2023-10-31T09:22:19.174+0000][3306.469s][info ][safepoint     ] Leaving safepoint region
[2023-10-31T09:22:19.175+0000][3306.469s][info ][safepoint     ] Total time for which application threads were stopped: 0.0007592 seconds, Stopping threads took: 0.0003113 seconds
[2023-10-31T09:22:20.175+0000][3307.470s][debug][safepoint     ] Safepoint synchronization initiated. (187 threads)
[2023-10-31T09:22:20.175+0000][3307.470s][info ][safepoint     ] Application time: 1.0004939 seconds
[2023-10-31T09:22:20.176+0000][3307.471s][info ][safepoint     ] Entering safepoint region: Cleanup
[2023-10-31T09:22:20.176+0000][3307.471s][info ][safepoint     ] Leaving safepoint region
[2023-10-31T09:22:20.177+0000][3307.472s][info ][safepoint     ] Total time for which application threads were stopped: 0.0008575 seconds, Stopping threads took: 0.0003413 seconds
[2023-10-31T09:22:21.177+0000][3308.472s][debug][safepoint     ] Safepoint synchronization initiated. (187 threads)
[2023-10-31T09:22:21.178+0000][3308.473s][info ][safepoint     ] Application time: 1.0008455 seconds
[2023-10-31T09:22:21.178+0000][3308.473s][info ][safepoint     ] Entering safepoint region: Cleanup
[2023-10-31T09:22:21.179+0000][3308.474s][info ][safepoint     ] Leaving safepoint region
[2023-10-31T09:22:21.179+0000][3308.474s][info ][safepoint     ] Total time for which application threads were stopped: 0.0010097 seconds, Stopping threads took: 0.0004724 seconds
[2023-10-31T09:22:22.180+0000][3309.475s][debug][safepoint     ] Safepoint synchronization initiated. (187 threads)
[2023-10-31T09:22:22.180+0000][3309.475s][info ][safepoint     ] Application time: 1.0006209 seconds
[2023-10-31T09:22:22.181+0000][3309.476s][info ][safepoint     ] Entering safepoint region: Cleanup
[2023-10-31T09:22:22.181+0000][3309.476s][info ][safepoint     ] Leaving safepoint region
[2023-10-31T09:22:22.181+0000][3309.476s][info ][safepoint     ] Total time for which application threads were stopped: 0.0007650 seconds, Stopping threads took: 0.0003184 seconds
[2023-10-31T09:22:23.182+0000][3310.477s][debug][safepoint     ] Safepoint synchronization initiated. (187 threads)
[2023-10-31T09:22:23.183+0000][3310.478s][info ][safepoint     ] Application time: 1.0011842 seconds
[2023-10-31T09:22:23.183+0000][3310.478s][info ][safepoint     ] Entering safepoint region: Cleanup
[2023-10-31T09:22:23.184+0000][3310.479s][info ][safepoint     ] Leaving safepoint region
[2023-10-31T09:22:23.185+0000][3310.479s][info ][safepoint     ] Total time for which application threads were stopped: 0.0012730 seconds, Stopping threads took: 0.0005540 seconds
[2023-10-31T09:22:24.185+0000][3311.480s][debug][safepoint     ] Safepoint synchronization initiated. (187 threads)
[2023-10-31T09:22:24.186+0000][3311.481s][info ][safepoint     ] Application time: 1.0009914 seconds
[2023-10-31T09:22:24.187+0000][3311.482s][info ][safepoint     ] Entering safepoint region: Cleanup
[2023-10-31T09:22:24.188+0000][3311.483s][info ][safepoint     ] Leaving safepoint region
[2023-10-31T09:22:24.189+0000][3311.483s][info ][safepoint     ] Total time for which application threads were stopped: 0.0016989 seconds, Stopping threads took: 0.0007888 seconds
[2023-10-31T09:22:25.189+0000][3312.484s][debug][safepoint     ] Safepoint synchronization initiated. (187 threads)
[2023-10-31T09:22:25.190+0000][3312.485s][info ][safepoint     ] Application time: 1.0011358 seconds
[2023-10-31T09:22:25.191+0000][3312.486s][info ][safepoint     ] Entering safepoint region: Cleanup
[2023-10-31T09:22:25.192+0000][3312.487s][info ][safepoint     ] Leaving safepoint region
[2023-10-31T09:22:25.192+0000][3312.487s][info ][safepoint     ] Total time for which application threads were stopped: 0.0014370 seconds, Stopping threads took: 0.0005880 seconds
[2023-10-31T09:22:26.193+0000][3313.488s][debug][safepoint     ] Safepoint synchronization initiated. (187 threads)
[2023-10-31T09:22:26.195+0000][3313.490s][info ][safepoint     ] Application time: 1.0016973 seconds
[2023-10-31T09:22:26.196+0000][3313.490s][info ][safepoint     ] Entering safepoint region: Cleanup
[2023-10-31T09:22:26.197+0000][3313.492s][info ][safepoint     ] Leaving safepoint region
[2023-10-31T09:22:26.198+0000][3313.492s][info ][safepoint     ] Total time for which application threads were stopped: 0.0020419 seconds, Stopping threads took: 0.0009164 seconds
[2023-10-31T09:22:27.198+0000][3314.493s][debug][safepoint     ] Safepoint synchronization initiated. (187 threads)
[2023-10-31T09:22:27.199+0000][3314.494s][info ][safepoint     ] Application time: 1.0011061 seconds
[2023-10-31T09:22:27.200+0000][3314.495s][info ][safepoint     ] Entering safepoint region: Cleanup
[2023-10-31T09:22:27.201+0000][3314.496s][info ][safepoint     ] Leaving safepoint region
[2023-10-31T09:22:27.201+0000][3314.496s][info ][safepoint     ] Total time for which application threads were stopped: 0.0015415 seconds, Stopping threads took: 0.0006757 seconds
[2023-10-31T09:22:28.202+0000][3315.497s][debug][safepoint     ] Safepoint synchronization initiated. (187 threads)
[2023-10-31T09:22:28.203+0000][3315.498s][info ][safepoint     ] Application time: 1.0008429 seconds
[2023-10-31T09:22:28.204+0000][3315.498s][info ][safepoint     ] Entering safepoint region: Cleanup
[2023-10-31T09:22:28.204+0000][3315.499s][info ][safepoint     ] Leaving safepoint region
[2023-10-31T09:22:28.205+0000][3315.499s][info ][safepoint     ] Total time for which application threads were stopped: 0.0011127 seconds, Stopping threads took: 0.0004765 seconds
[2023-10-31T09:22:29.205+0000][3316.500s][debug][safepoint     ] Safepoint synchronization initiated. (187 threads)
[2023-10-31T09:22:29.206+0000][3316.501s][info ][safepoint     ] Application time: 1.0008628 seconds
[2023-10-31T09:22:29.206+0000][3316.501s][info ][safepoint     ] Entering safepoint region: Cleanup
[2023-10-31T09:22:29.207+0000][3316.502s][info ][safepoint     ] Leaving safepoint region
[2023-10-31T09:22:29.207+0000][3316.502s][info ][safepoint     ] Total time for which application threads were stopped: 0.0010311 seconds, Stopping threads took: 0.0005108 seconds
[2023-10-31T09:22:30.208+0000][3317.503s][debug][safepoint     ] Safepoint synchronization initiated. (187 threads)
[2023-10-31T09:22:30.209+0000][3317.504s][info ][safepoint     ] Application time: 1.0011545 seconds
[2023-10-31T09:22:30.210+0000][3317.504s][info ][safepoint     ] Entering safepoint region: Cleanup
[2023-10-31T09:22:30.211+0000][3317.505s][info ][safepoint     ] Leaving safepoint region
[2023-10-31T09:22:30.211+0000][3317.506s][info ][safepoint     ] Total time for which application threads were stopped: 0.0016454 seconds, Stopping threads took: 0.0007542 seconds
[2023-10-31T09:22:31.212+0000][3318.507s][debug][safepoint     ] Safepoint synchronization initiated. (187 threads)
[2023-10-31T09:22:31.213+0000][3318.508s][info ][safepoint     ] Application time: 1.0013478 seconds
[2023-10-31T09:22:31.214+0000][3318.509s][info ][safepoint     ] Entering safepoint region: Cleanup
[2023-10-31T09:22:31.215+0000][3318.510s][info ][safepoint     ] Leaving safepoint region
[2023-10-31T09:22:31.216+0000][3318.511s][info ][safepoint     ] Total time for which application threads were stopped: 0.0019885 seconds, Stopping threads took: 0.0009114 seconds
[2023-10-31T09:22:32.217+0000][3319.512s][debug][safepoint     ] Safepoint synchronization initiated. (187 threads)
[2023-10-31T09:22:32.218+0000][3319.512s][info ][safepoint     ] Application time: 1.0005474 seconds
[2023-10-31T09:22:32.218+0000][3319.513s][info ][safepoint     ] Entering safepoint region: Cleanup
[2023-10-31T09:22:32.218+0000][3319.513s][info ][safepoint     ] Leaving safepoint region
[2023-10-31T09:22:32.219+0000][3319.514s][info ][safepoint     ] Total time for which application threads were stopped: 0.0008720 seconds, Stopping threads took: 0.0003480 seconds
[2023-10-31T09:22:33.219+0000][3320.514s][debug][safepoint     ] Safepoint synchronization initiated. (187 threads)
[2023-10-31T09:22:33.220+0000][3320.515s][info ][safepoint     ] Application time: 1.0006744 seconds
[2023-10-31T09:22:33.220+0000][3320.515s][info ][safepoint     ] Entering safepoint region: Cleanup
[2023-10-31T09:22:33.221+0000][3320.516s][info ][safepoint     ] Leaving safepoint region
[2023-10-31T09:22:33.221+0000][3320.516s][info ][safepoint     ] Total time for which application threads were stopped: 0.0012193 seconds, Stopping threads took: 0.0005900 seconds
[2023-10-31T09:22:34.222+0000][3321.517s][debug][safepoint     ] Safepoint synchronization initiated. (187 threads)
[2023-10-31T09:22:34.232+0000][3321.527s][info ][safepoint     ] Application time: 1.0104189 seconds
[2023-10-31T09:22:34.241+0000][3321.536s][info ][safepoint     ] Entering safepoint region: Cleanup
[2023-10-31T09:22:34.249+0000][3321.544s][info ][safepoint     ] Leaving safepoint region
[2023-10-31T09:22:34.258+0000][3321.553s][info ][safepoint     ] Total time for which application threads were stopped: 0.0173466 seconds, Stopping threads took: 0.0080528 seconds
[2023-10-31T09:22:35.268+0000][3322.563s][debug][safepoint     ] Safepoint synchronization initiated. (187 threads)
[2023-10-31T09:22:35.287+0000][3322.582s][info ][safepoint     ] Application time: 1.0198613 seconds
[2023-10-31T09:22:35.293+0000][3322.587s][info ][safepoint     ] Entering safepoint region: Cleanup
[2023-10-31T09:22:35.327+0000][3322.622s][info ][safepoint     ] Leaving safepoint region
[2023-10-31T09:22:35.339+0000][3322.634s][info ][safepoint     ] Total time for which application threads were stopped: 0.0463540 seconds, Stopping threads took: 0.0344641 seconds
[2023-10-31T09:22:36.360+0000][3323.655s][debug][safepoint     ] Safepoint synchronization initiated. (187 threads)
[2023-10-31T09:22:36.361+0000][3323.656s][info ][safepoint     ] Application time: 1.0007548 seconds
[2023-10-31T09:22:36.361+0000][3323.656s][info ][safepoint     ] Entering safepoint region: Cleanup
[2023-10-31T09:22:36.362+0000][3323.657s][info ][safepoint     ] Leaving safepoint region
[2023-10-31T09:22:36.362+0000][3323.657s][info ][safepoint     ] Total time for which application threads were stopped: 0.0010120 seconds, Stopping threads took: 0.0005292 seconds
[2023-10-31T09:22:37.363+0000][3324.657s][debug][safepoint     ] Safepoint synchronization initiated. (187 threads)
[2023-10-31T09:22:37.365+0000][3324.660s][info ][safepoint     ] Application time: 1.0023514 seconds
[2023-10-31T09:22:37.373+0000][3324.667s][info ][safepoint     ] Entering safepoint region: Cleanup
[2023-10-31T09:22:37.380+0000][3324.675s][info ][safepoint     ] Leaving safepoint region
[2023-10-31T09:22:37.382+0000][3324.677s][info ][safepoint     ] Total time for which application threads were stopped: 0.0097061 seconds, Stopping threads took: 0.0076189 seconds
[2023-10-31T09:22:38.387+0000][3325.682s][debug][safepoint     ] Safepoint synchronization initiated. (187 threads)
[2023-10-31T09:22:38.388+0000][3325.683s][info ][safepoint     ] Application time: 1.0014157 seconds
[2023-10-31T09:22:38.389+0000][3325.684s][info ][safepoint     ] Entering safepoint region: Cleanup
[2023-10-31T09:22:38.390+0000][3325.685s][info ][safepoint     ] Leaving safepoint region
[2023-10-31T09:22:38.390+0000][3325.685s][info ][safepoint     ] Total time for which application threads were stopped: 0.0014274 seconds, Stopping threads took: 0.0005497 seconds
[2023-10-31T09:22:39.391+0000][3326.686s][debug][safepoint     ] Safepoint synchronization initiated. (187 threads)
[2023-10-31T09:22:39.392+0000][3326.686s][info ][safepoint     ] Application time: 1.0006713 seconds
[2023-10-31T09:22:39.392+0000][3326.687s][info ][safepoint     ] Entering safepoint region: Cleanup
[2023-10-31T09:22:39.393+0000][3326.688s][info ][safepoint     ] Leaving safepoint region
[2023-10-31T09:22:39.393+0000][3326.688s][info ][safepoint     ] Total time for which application threads were stopped: 0.0013285 seconds, Stopping threads took: 0.0005969 seconds
[2023-10-31T09:22:40.394+0000][3327.689s][debug][safepoint     ] Safepoint synchronization initiated. (187 threads)
[2023-10-31T09:22:40.395+0000][3327.690s][info ][safepoint     ] Application time: 1.0012810 seconds
[2023-10-31T09:22:40.396+0000][3327.691s][info ][safepoint     ] Entering safepoint region: Cleanup
[2023-10-31T09:22:40.397+0000][3327.692s][info ][safepoint     ] Leaving safepoint region
[2023-10-31T09:22:40.398+0000][3327.692s][info ][safepoint     ] Total time for which application threads were stopped: 0.0016631 seconds, Stopping threads took: 0.0006028 seconds
[2023-10-31T09:22:41.399+0000][3328.694s][debug][safepoint     ] Safepoint synchronization initiated. (187 threads)
[2023-10-31T09:22:41.401+0000][3328.696s][info ][safepoint     ] Application time: 1.0023900 seconds
[2023-10-31T09:22:41.402+0000][3328.697s][info ][safepoint     ] Entering safepoint region: Cleanup
[2023-10-31T09:22:41.403+0000][3328.697s][info ][safepoint     ] Leaving safepoint region
[2023-10-31T09:22:41.403+0000][3328.698s][info ][safepoint     ] Total time for which application threads were stopped: 0.0013424 seconds, Stopping threads took: 0.0006326 seconds
[2023-10-31T09:22:42.404+0000][3329.699s][debug][safepoint     ] Safepoint synchronization initiated. (187 threads)
[2023-10-31T09:22:42.405+0000][3329.700s][info ][safepoint     ] Application time: 1.0013567 seconds
[2023-10-31T09:22:42.406+0000][3329.701s][info ][safepoint     ] Entering safepoint region: Cleanup
[2023-10-31T09:22:42.407+0000][3329.702s][info ][safepoint     ] Leaving safepoint region
[2023-10-31T09:22:42.408+0000][3329.702s][info ][safepoint     ] Total time for which application threads were stopped: 0.0018819 seconds, Stopping threads took: 0.0009195 seconds
[2023-10-31T09:22:43.409+0000][3330.704s][debug][safepoint     ] Safepoint synchronization initiated. (187 threads)
[2023-10-31T09:22:43.409+0000][3330.704s][info ][safepoint     ] Application time: 1.0007294 seconds
[2023-10-31T09:22:43.410+0000][3330.704s][info ][safepoint     ] Entering safepoint region: Cleanup
[2023-10-31T09:22:43.410+0000][3330.705s][info ][safepoint     ] Leaving safepoint region
[2023-10-31T09:22:43.410+0000][3330.705s][info ][safepoint     ] Total time for which application threads were stopped: 0.0009839 seconds, Stopping threads took: 0.0004252 seconds
[2023-10-31T09:22:44.411+0000][3331.706s][debug][safepoint     ] Safepoint synchronization initiated. (187 threads)
[2023-10-31T09:22:44.412+0000][3331.706s][info ][safepoint     ] Application time: 1.0006964 seconds
[2023-10-31T09:22:44.412+0000][3331.707s][info ][safepoint     ] Entering safepoint region: Cleanup
[2023-10-31T09:22:44.413+0000][3331.707s][info ][safepoint     ] Leaving safepoint region
[2023-10-31T09:22:44.413+0000][3331.708s][info ][safepoint     ] Total time for which application threads were stopped: 0.0010705 seconds, Stopping threads took: 0.0005450 seconds
[2023-10-31T09:22:45.413+0000][3332.708s][debug][safepoint     ] Safepoint synchronization initiated. (187 threads)
[2023-10-31T09:22:45.414+0000][3332.709s][info ][safepoint     ] Application time: 1.0008506 seconds
[2023-10-31T09:22:45.415+0000][3332.709s][info ][safepoint     ] Entering safepoint region: Cleanup
[2023-10-31T09:22:45.415+0000][3332.710s][info ][safepoint     ] Leaving safepoint region
[2023-10-31T09:22:45.416+0000][3332.711s][info ][safepoint     ] Total time for which application threads were stopped: 0.0012590 seconds, Stopping threads took: 0.0005261 seconds
[2023-10-31T09:22:46.417+0000][3333.711s][debug][safepoint     ] Safepoint synchronization initiated. (187 threads)
[2023-10-31T09:22:46.417+0000][3333.712s][info ][safepoint     ] Application time: 1.0008735 seconds
[2023-10-31T09:22:46.418+0000][3333.713s][info ][safepoint     ] Entering safepoint region: Cleanup
[2023-10-31T09:22:46.419+0000][3333.713s][info ][safepoint     ] Leaving safepoint region
[2023-10-31T09:22:46.419+0000][3333.714s][info ][safepoint     ] Total time for which application threads were stopped: 0.0012349 seconds, Stopping threads took: 0.0004653 seconds
[2023-10-31T09:22:47.420+0000][3334.715s][debug][safepoint     ] Safepoint synchronization initiated. (187 threads)
[2023-10-31T09:22:47.421+0000][3334.715s][info ][safepoint     ] Application time: 1.0010298 seconds
[2023-10-31T09:22:47.421+0000][3334.716s][info ][safepoint     ] Entering safepoint region: Cleanup
[2023-10-31T09:22:47.422+0000][3334.717s][info ][safepoint     ] Leaving safepoint region
[2023-10-31T09:22:47.423+0000][3334.717s][info ][safepoint     ] Total time for which application threads were stopped: 0.0014696 seconds, Stopping threads took: 0.0006087 seconds
[2023-10-31T09:22:48.423+0000][3335.718s][debug][safepoint     ] Safepoint synchronization initiated. (187 threads)
[2023-10-31T09:22:48.424+0000][3335.719s][info ][safepoint     ] Application time: 1.0008254 seconds
[2023-10-31T09:22:48.424+0000][3335.719s][info ][safepoint     ] Entering safepoint region: Cleanup
[2023-10-31T09:22:48.425+0000][3335.720s][info ][safepoint     ] Leaving safepoint region
[2023-10-31T09:22:48.426+0000][3335.720s][info ][safepoint     ] Total time for which application threads were stopped: 0.0012543 seconds, Stopping threads took: 0.0005426 seconds
[2023-10-31T09:22:49.426+0000][3336.721s][debug][safepoint     ] Safepoint synchronization initiated. (187 threads)
[2023-10-31T09:22:49.427+0000][3336.721s][info ][safepoint     ] Application time: 1.0006720 seconds
[2023-10-31T09:22:49.427+0000][3336.722s][info ][safepoint     ] Entering safepoint region: Cleanup
[2023-10-31T09:22:49.428+0000][3336.723s][info ][safepoint     ] Leaving safepoint region
[2023-10-31T09:22:49.428+0000][3336.723s][info ][safepoint     ] Total time for which application threads were stopped: 0.0012038 seconds, Stopping threads took: 0.0005534 seconds
[2023-10-31T09:22:50.429+0000][3337.723s][debug][safepoint     ] Safepoint synchronization initiated. (187 threads)
[2023-10-31T09:22:50.429+0000][3337.724s][info ][safepoint     ] Application time: 1.0004654 seconds
[2023-10-31T09:22:50.429+0000][3337.724s][info ][safepoint     ] Entering safepoint region: Cleanup
[2023-10-31T09:22:50.430+0000][3337.725s][info ][safepoint     ] Leaving safepoint region
[2023-10-31T09:22:50.430+0000][3337.725s][info ][safepoint     ] Total time for which application threads were stopped: 0.0007624 seconds, Stopping threads took: 0.0003100 seconds
[2023-10-31T09:22:51.430+0000][3338.725s][debug][safepoint     ] Safepoint synchronization initiated. (187 threads)
[2023-10-31T09:22:51.431+0000][3338.726s][info ][safepoint     ] Application time: 1.0005854 seconds
[2023-10-31T09:22:51.431+0000][3338.726s][info ][safepoint     ] Entering safepoint region: Cleanup
[2023-10-31T09:22:51.432+0000][3338.727s][info ][safepoint     ] Leaving safepoint region
[2023-10-31T09:22:51.433+0000][3338.727s][info ][safepoint     ] Total time for which application threads were stopped: 0.0011353 seconds, Stopping threads took: 0.0004667 seconds
[2023-10-31T09:22:52.433+0000][3339.728s][debug][safepoint     ] Safepoint synchronization initiated. (187 threads)
[2023-10-31T09:22:52.434+0000][3339.729s][info ][safepoint     ] Application time: 1.0010245 seconds
[2023-10-31T09:22:52.435+0000][3339.730s][info ][safepoint     ] Entering safepoint region: Cleanup
[2023-10-31T09:22:52.436+0000][3339.731s][info ][safepoint     ] Leaving safepoint region
[2023-10-31T09:22:52.436+0000][3339.731s][info ][safepoint     ] Total time for which application threads were stopped: 0.0016430 seconds, Stopping threads took: 0.0007290 seconds
[2023-10-31T09:22:53.437+0000][3340.732s][debug][safepoint     ] Safepoint synchronization initiated. (187 threads)
[2023-10-31T09:22:53.438+0000][3340.732s][info ][safepoint     ] Application time: 1.0006165 seconds
[2023-10-31T09:22:53.438+0000][3340.733s][info ][safepoint     ] Entering safepoint region: Cleanup
[2023-10-31T09:22:53.439+0000][3340.734s][info ][safepoint     ] Leaving safepoint region
[2023-10-31T09:22:53.439+0000][3340.734s][info ][safepoint     ] Total time for which application threads were stopped: 0.0010734 seconds, Stopping threads took: 0.0004706 seconds
[2023-10-31T09:22:54.440+0000][3341.735s][debug][safepoint     ] Safepoint synchronization initiated. (187 threads)
[2023-10-31T09:22:54.441+0000][3341.735s][info ][safepoint     ] Application time: 1.0010844 seconds
[2023-10-31T09:22:54.441+0000][3341.736s][info ][safepoint     ] Entering safepoint region: Cleanup
[2023-10-31T09:22:54.442+0000][3341.737s][info ][safepoint     ] Leaving safepoint region
[2023-10-31T09:22:54.442+0000][3341.737s][info ][safepoint     ] Total time for which application threads were stopped: 0.0011275 seconds, Stopping threads took: 0.0005074 seconds
[2023-10-31T09:22:55.443+0000][3342.738s][debug][safepoint     ] Safepoint synchronization initiated. (187 threads)
[2023-10-31T09:22:55.444+0000][3342.739s][info ][safepoint     ] Application time: 1.0010042 seconds
[2023-10-31T09:22:55.444+0000][3342.739s][info ][safepoint     ] Entering safepoint region: Cleanup
[2023-10-31T09:22:55.445+0000][3342.740s][info ][safepoint     ] Leaving safepoint region
[2023-10-31T09:22:55.446+0000][3342.741s][info ][safepoint     ] Total time for which application threads were stopped: 0.0014691 seconds, Stopping threads took: 0.0005693 seconds
[2023-10-31T09:22:56.447+0000][3343.741s][debug][safepoint     ] Safepoint synchronization initiated. (187 threads)
[2023-10-31T09:22:56.447+0000][3343.742s][info ][safepoint     ] Application time: 1.0008025 seconds
[2023-10-31T09:22:56.448+0000][3343.743s][info ][safepoint     ] Entering safepoint region: Cleanup
[2023-10-31T09:22:56.448+0000][3343.743s][info ][safepoint     ] Leaving safepoint region
[2023-10-31T09:22:56.449+0000][3343.744s][info ][safepoint     ] Total time for which application threads were stopped: 0.0013491 seconds, Stopping threads took: 0.0005169 seconds
[2023-10-31T09:22:57.450+0000][3344.745s][debug][safepoint     ] Safepoint synchronization initiated. (187 threads)
[2023-10-31T09:22:57.451+0000][3344.746s][info ][safepoint     ] Application time: 1.0010567 seconds
[2023-10-31T09:22:57.452+0000][3344.746s][info ][safepoint     ] Entering safepoint region: Cleanup
[2023-10-31T09:22:57.452+0000][3344.747s][info ][safepoint     ] Leaving safepoint region
[2023-10-31T09:22:57.453+0000][3344.748s][info ][safepoint     ] Total time for which application threads were stopped: 0.0015434 seconds, Stopping threads took: 0.0006550 seconds
[2023-10-31T09:22:58.454+0000][3345.749s][debug][safepoint     ] Safepoint synchronization initiated. (187 threads)
[2023-10-31T09:22:58.455+0000][3345.749s][info ][safepoint     ] Application time: 1.0008750 seconds
[2023-10-31T09:22:58.455+0000][3345.750s][info ][safepoint     ] Entering safepoint region: Cleanup
[2023-10-31T09:22:58.456+0000][3345.751s][info ][safepoint     ] Leaving safepoint region
[2023-10-31T09:22:58.457+0000][3345.752s][info ][safepoint     ] Total time for which application threads were stopped: 0.0015990 seconds, Stopping threads took: 0.0007831 seconds
[2023-10-31T09:22:59.458+0000][3346.752s][debug][safepoint     ] Safepoint synchronization initiated. (187 threads)
[2023-10-31T09:22:59.458+0000][3346.753s][info ][safepoint     ] Application time: 1.0005637 seconds
[2023-10-31T09:22:59.458+0000][3346.753s][info ][safepoint     ] Entering safepoint region: Cleanup
[2023-10-31T09:22:59.459+0000][3346.754s][info ][safepoint     ] Leaving safepoint region
[2023-10-31T09:22:59.459+0000][3346.754s][info ][safepoint     ] Total time for which application threads were stopped: 0.0008181 seconds, Stopping threads took: 0.0003428 seconds
[2023-10-31T09:23:00.460+0000][3347.754s][debug][safepoint     ] Safepoint synchronization initiated. (187 threads)
[2023-10-31T09:23:00.461+0000][3347.755s][info ][safepoint     ] Application time: 1.0012377 seconds
[2023-10-31T09:23:00.462+0000][3347.756s][info ][safepoint     ] Entering safepoint region: Cleanup
[2023-10-31T09:23:00.463+0000][3347.758s][info ][safepoint     ] Leaving safepoint region
[2023-10-31T09:23:00.464+0000][3347.758s][info ][safepoint     ] Total time for which application threads were stopped: 0.0020421 seconds, Stopping threads took: 0.0009309 seconds
[2023-10-31T09:23:01.465+0000][3348.759s][debug][safepoint     ] Safepoint synchronization initiated. (187 threads)
[2023-10-31T09:23:01.465+0000][3348.760s][info ][safepoint     ] Application time: 1.0005973 seconds
[2023-10-31T09:23:01.465+0000][3348.760s][info ][safepoint     ] Entering safepoint region: Cleanup
[2023-10-31T09:23:01.466+0000][3348.761s][info ][safepoint     ] Leaving safepoint region
[2023-10-31T09:23:01.466+0000][3348.761s][info ][safepoint     ] Total time for which application threads were stopped: 0.0007751 seconds, Stopping threads took: 0.0003242 seconds
[2023-10-31T09:23:02.467+0000][3349.761s][debug][safepoint     ] Safepoint synchronization initiated. (187 threads)
[2023-10-31T09:23:02.468+0000][3349.762s][info ][safepoint     ] Application time: 1.0012288 seconds
[2023-10-31T09:23:02.468+0000][3349.763s][info ][safepoint     ] Entering safepoint region: Cleanup
[2023-10-31T09:23:02.469+0000][3349.764s][info ][safepoint     ] Leaving safepoint region
[2023-10-31T09:23:02.470+0000][3349.764s][info ][safepoint     ] Total time for which application threads were stopped: 0.0014985 seconds, Stopping threads took: 0.0006861 seconds
[2023-10-31T09:23:03.471+0000][3350.765s][debug][safepoint     ] Safepoint synchronization initiated. (187 threads)
[2023-10-31T09:23:03.471+0000][3350.766s][info ][safepoint     ] Application time: 1.0007174 seconds
[2023-10-31T09:23:03.472+0000][3350.766s][info ][safepoint     ] Entering safepoint region: Cleanup
[2023-10-31T09:23:03.472+0000][3350.767s][info ][safepoint     ] Leaving safepoint region
[2023-10-31T09:23:03.473+0000][3350.767s][info ][safepoint     ] Total time for which application threads were stopped: 0.0011754 seconds, Stopping threads took: 0.0005680 seconds
[2023-10-31T09:23:04.473+0000][3351.768s][debug][safepoint     ] Safepoint synchronization initiated. (187 threads)
[2023-10-31T09:23:04.474+0000][3351.768s][info ][safepoint     ] Application time: 1.0006045 seconds
[2023-10-31T09:23:04.474+0000][3351.769s][info ][safepoint     ] Entering safepoint region: Cleanup
[2023-10-31T09:23:04.475+0000][3351.769s][info ][safepoint     ] Leaving safepoint region
[2023-10-31T09:23:04.475+0000][3351.770s][info ][safepoint     ] Total time for which application threads were stopped: 0.0008567 seconds, Stopping threads took: 0.0003603 seconds
[2023-10-31T09:23:05.476+0000][3352.771s][debug][safepoint     ] Safepoint synchronization initiated. (187 threads)
[2023-10-31T09:23:05.478+0000][3352.772s][info ][safepoint     ] Application time: 1.0024751 seconds
[2023-10-31T09:23:05.478+0000][3352.773s][info ][safepoint     ] Entering safepoint region: Cleanup
[2023-10-31T09:23:05.479+0000][3352.774s][info ][safepoint     ] Leaving safepoint region
[2023-10-31T09:23:05.479+0000][3352.774s][info ][safepoint     ] Total time for which application threads were stopped: 0.0010785 seconds, Stopping threads took: 0.0005289 seconds
[2023-10-31T09:23:05.929+0000][3353.223s][debug][safepoint     ] Safepoint synchronization initiated. (187 threads)
[2023-10-31T09:23:05.929+0000][3353.224s][info ][safepoint     ] Application time: 0.4497403 seconds
[2023-10-31T09:23:05.930+0000][3353.224s][info ][safepoint     ] Entering safepoint region: G1CollectForAllocation
[2023-10-31T09:23:05.930+0000][3353.225s][info ][gc,start      ] GC(72) Pause Young (Normal) (G1 Evacuation Pause)
[2023-10-31T09:23:05.931+0000][3353.226s][info ][gc,task       ] GC(72) Using 8 workers of 8 for evacuation
[2023-10-31T09:23:05.942+0000][3353.237s][info ][gc,phases     ] GC(72)   Pre Evacuate Collection Set: 0.1ms
[2023-10-31T09:23:05.943+0000][3353.237s][info ][gc,phases     ] GC(72)   Evacuate Collection Set: 2.5ms
[2023-10-31T09:23:05.943+0000][3353.238s][info ][gc,phases     ] GC(72)   Post Evacuate Collection Set: 5.9ms
[2023-10-31T09:23:05.944+0000][3353.238s][info ][gc,phases     ] GC(72)   Other: 3.0ms
[2023-10-31T09:23:05.944+0000][3353.239s][info ][gc,heap       ] GC(72) Eden regions: 212->0(209)
[2023-10-31T09:23:05.945+0000][3353.239s][info ][gc,heap       ] GC(72) Survivor regions: 4->4(27)
[2023-10-31T09:23:05.945+0000][3353.240s][info ][gc,heap       ] GC(72) Old regions: 161->161
[2023-10-31T09:23:05.946+0000][3353.240s][info ][gc,heap       ] GC(72) Humongous regions: 45->45
[2023-10-31T09:23:05.946+0000][3353.241s][info ][gc,metaspace  ] GC(72) Metaspace: 171156K(177104K)->171156K(177104K) NonClass: 151447K(155088K)->151447K(155088K) Class: 19709K(22016K)->19709K(22016K)
[2023-10-31T09:23:05.947+0000][3353.241s][info ][gc            ] GC(72) Pause Young (Normal) (G1 Evacuation Pause) 420M->208M(470M) 16.219ms
[2023-10-31T09:23:05.947+0000][3353.242s][info ][gc,cpu        ] GC(72) User=0.04s Sys=0.00s Real=0.02s
[2023-10-31T09:23:05.948+0000][3353.242s][info ][safepoint     ] Leaving safepoint region
[2023-10-31T09:23:05.948+0000][3353.243s][info ][safepoint     ] Total time for which application threads were stopped: 0.0181723 seconds, Stopping threads took: 0.0004733 seconds
[2023-10-31T09:23:05.948+0000][3353.243s][info ][gc,stringdedup] Concurrent String Deduplication (3353.243s)
[2023-10-31T09:23:05.949+0000][3353.243s][info ][gc,stringdedup] Concurrent String Deduplication 0.0B->0.0B(0.0B) avg 54.4% (3353.243s, 3353.243s) 0.429ms
[2023-10-31T09:23:06.949+0000][3354.243s][debug][safepoint     ] Safepoint synchronization initiated. (187 threads)
[2023-10-31T09:23:06.949+0000][3354.244s][info ][safepoint     ] Application time: 1.0011942 seconds
[2023-10-31T09:23:06.950+0000][3354.245s][info ][safepoint     ] Entering safepoint region: Cleanup
[2023-10-31T09:23:06.951+0000][3354.246s][info ][safepoint     ] Leaving safepoint region
[2023-10-31T09:23:06.952+0000][3354.246s][info ][safepoint     ] Total time for which application threads were stopped: 0.0015898 seconds, Stopping threads took: 0.0007173 seconds
[2023-10-31T09:23:07.952+0000][3355.247s][debug][safepoint     ] Safepoint synchronization initiated. (187 threads)
[2023-10-31T09:23:07.953+0000][3355.248s][info ][safepoint     ] Application time: 1.0006634 seconds
[2023-10-31T09:23:07.954+0000][3355.248s][info ][safepoint     ] Entering safepoint region: Cleanup
[2023-10-31T09:23:07.954+0000][3355.249s][info ][safepoint     ] Leaving safepoint region
[2023-10-31T09:23:07.955+0000][3355.249s][info ][safepoint     ] Total time for which application threads were stopped: 0.0010342 seconds, Stopping threads took: 0.0004873 seconds
[2023-10-31T09:23:08.955+0000][3356.250s][debug][safepoint     ] Safepoint synchronization initiated. (187 threads)
[2023-10-31T09:23:08.956+0000][3356.250s][info ][safepoint     ] Application time: 1.0007042 seconds
[2023-10-31T09:23:08.956+0000][3356.251s][info ][safepoint     ] Entering safepoint region: Cleanup
[2023-10-31T09:23:08.957+0000][3356.251s][info ][safepoint     ] Leaving safepoint region
[2023-10-31T09:23:08.957+0000][3356.252s][info ][safepoint     ] Total time for which application threads were stopped: 0.0009490 seconds, Stopping threads took: 0.0004478 seconds
[2023-10-31T09:23:09.957+0000][3357.252s][debug][safepoint     ] Safepoint synchronization initiated. (187 threads)
[2023-10-31T09:23:09.958+0000][3357.253s][info ][safepoint     ] Application time: 1.0010870 seconds
[2023-10-31T09:23:09.959+0000][3357.254s][info ][safepoint     ] Entering safepoint region: Cleanup
[2023-10-31T09:23:09.960+0000][3357.255s][info ][safepoint     ] Leaving safepoint region
[2023-10-31T09:23:09.961+0000][3357.256s][info ][safepoint     ] Total time for which application threads were stopped: 0.0020867 seconds, Stopping threads took: 0.0009411 seconds
[2023-10-31T09:23:10.962+0000][3358.257s][debug][safepoint     ] Safepoint synchronization initiated. (187 threads)
[2023-10-31T09:23:10.963+0000][3358.257s][info ][safepoint     ] Application time: 1.0006318 seconds
[2023-10-31T09:23:10.963+0000][3358.258s][info ][safepoint     ] Entering safepoint region: Cleanup
[2023-10-31T09:23:10.966+0000][3358.261s][info ][safepoint     ] Leaving safepoint region
[2023-10-31T09:23:10.967+0000][3358.261s][info ][safepoint     ] Total time for which application threads were stopped: 0.0032439 seconds, Stopping threads took: 0.0026685 seconds
[2023-10-31T09:23:11.967+0000][3359.262s][debug][safepoint     ] Safepoint synchronization initiated. (187 threads)
[2023-10-31T09:23:11.968+0000][3359.263s][info ][safepoint     ] Application time: 1.0009452 seconds
[2023-10-31T09:23:11.968+0000][3359.263s][info ][safepoint     ] Entering safepoint region: Cleanup
[2023-10-31T09:23:11.969+0000][3359.264s][info ][safepoint     ] Leaving safepoint region
[2023-10-31T09:23:11.970+0000][3359.265s][info ][safepoint     ] Total time for which application threads were stopped: 0.0014162 seconds, Stopping threads took: 0.0006817 seconds
[2023-10-31T09:23:12.971+0000][3360.265s][debug][safepoint     ] Safepoint synchronization initiated. (187 threads)
[2023-10-31T09:23:12.971+0000][3360.266s][info ][safepoint     ] Application time: 1.0007500 seconds
[2023-10-31T09:23:12.972+0000][3360.266s][info ][safepoint     ] Entering safepoint region: Cleanup
[2023-10-31T09:23:12.972+0000][3360.267s][info ][safepoint     ] Leaving safepoint region
[2023-10-31T09:23:12.973+0000][3360.267s][info ][safepoint     ] Total time for which application threads were stopped: 0.0010998 seconds, Stopping threads took: 0.0004369 seconds
[2023-10-31T09:23:13.973+0000][3361.268s][debug][safepoint     ] Safepoint synchronization initiated. (186 threads)
[2023-10-31T09:23:13.974+0000][3361.268s][info ][safepoint     ] Application time: 1.0006355 seconds
[2023-10-31T09:23:13.974+0000][3361.269s][info ][safepoint     ] Entering safepoint region: Cleanup
[2023-10-31T09:23:13.975+0000][3361.270s][info ][safepoint     ] Leaving safepoint region
[2023-10-31T09:23:13.975+0000][3361.270s][info ][safepoint     ] Total time for which application threads were stopped: 0.0010570 seconds, Stopping threads took: 0.0004403 seconds
[2023-10-31T09:23:14.976+0000][3362.270s][debug][safepoint     ] Safepoint synchronization initiated. (186 threads)
[2023-10-31T09:23:14.976+0000][3362.271s][info ][safepoint     ] Application time: 1.0005717 seconds
[2023-10-31T09:23:14.977+0000][3362.271s][info ][safepoint     ] Entering safepoint region: Cleanup
[2023-10-31T09:23:14.977+0000][3362.272s][info ][safepoint     ] Leaving safepoint region
[2023-10-31T09:23:14.977+0000][3362.272s][info ][safepoint     ] Total time for which application threads were stopped: 0.0008457 seconds, Stopping threads took: 0.0003286 seconds
[2023-10-31T09:23:15.978+0000][3363.272s][debug][safepoint     ] Safepoint synchronization initiated. (186 threads)
[2023-10-31T09:23:15.978+0000][3363.273s][info ][safepoint     ] Application time: 1.0005063 seconds
[2023-10-31T09:23:15.979+0000][3363.273s][info ][safepoint     ] Entering safepoint region: Cleanup
[2023-10-31T09:23:15.979+0000][3363.274s][info ][safepoint     ] Leaving safepoint region
[2023-10-31T09:23:15.979+0000][3363.274s][info ][safepoint     ] Total time for which application threads were stopped: 0.0008124 seconds, Stopping threads took: 0.0003702 seconds
[2023-10-31T09:23:16.980+0000][3364.275s][debug][safepoint     ] Safepoint synchronization initiated. (186 threads)
[2023-10-31T09:23:16.981+0000][3364.275s][info ][safepoint     ] Application time: 1.0010338 seconds
[2023-10-31T09:23:16.981+0000][3364.276s][info ][safepoint     ] Entering safepoint region: Cleanup
[2023-10-31T09:23:16.982+0000][3364.277s][info ][safepoint     ] Leaving safepoint region
[2023-10-31T09:23:16.983+0000][3364.277s][info ][safepoint     ] Total time for which application threads were stopped: 0.0014411 seconds, Stopping threads took: 0.0006131 seconds
[2023-10-31T09:23:17.984+0000][3365.278s][debug][safepoint     ] Safepoint synchronization initiated. (186 threads)
[2023-10-31T09:23:17.984+0000][3365.279s][info ][safepoint     ] Application time: 1.0008515 seconds
[2023-10-31T09:23:17.985+0000][3365.280s][info ][safepoint     ] Entering safepoint region: Cleanup
[2023-10-31T09:23:17.986+0000][3365.281s][info ][safepoint     ] Leaving safepoint region
[2023-10-31T09:23:17.987+0000][3365.281s][info ][safepoint     ] Total time for which application threads were stopped: 0.0016997 seconds, Stopping threads took: 0.0010308 seconds
[2023-10-31T09:23:18.987+0000][3366.282s][debug][safepoint     ] Safepoint synchronization initiated. (186 threads)
[2023-10-31T09:23:18.988+0000][3366.283s][info ][safepoint     ] Application time: 1.0007175 seconds
[2023-10-31T09:23:18.988+0000][3366.283s][info ][safepoint     ] Entering safepoint region: Cleanup
[2023-10-31T09:23:18.989+0000][3366.284s][info ][safepoint     ] Leaving safepoint region
[2023-10-31T09:23:18.990+0000][3366.284s][info ][safepoint     ] Total time for which application threads were stopped: 0.0011492 seconds, Stopping threads took: 0.0005458 seconds
[2023-10-31T09:23:19.990+0000][3367.285s][debug][safepoint     ] Safepoint synchronization initiated. (186 threads)
[2023-10-31T09:23:19.991+0000][3367.285s][info ][safepoint     ] Application time: 1.0006937 seconds
[2023-10-31T09:23:19.991+0000][3367.286s][info ][safepoint     ] Entering safepoint region: Cleanup
[2023-10-31T09:23:19.992+0000][3367.287s][info ][safepoint     ] Leaving safepoint region
[2023-10-31T09:23:19.993+0000][3367.288s][info ][safepoint     ] Total time for which application threads were stopped: 0.0018193 seconds, Stopping threads took: 0.0005311 seconds
[2023-10-31T09:23:20.995+0000][3368.289s][debug][safepoint     ] Safepoint synchronization initiated. (186 threads)
[2023-10-31T09:23:20.995+0000][3368.290s][info ][safepoint     ] Application time: 1.0010724 seconds
[2023-10-31T09:23:20.996+0000][3368.291s][info ][safepoint     ] Entering safepoint region: Cleanup
[2023-10-31T09:23:20.997+0000][3368.291s][info ][safepoint     ] Leaving safepoint region
[2023-10-31T09:23:20.997+0000][3368.292s][info ][safepoint     ] Total time for which application threads were stopped: 0.0010364 seconds, Stopping threads took: 0.0004184 seconds
[2023-10-31T09:23:21.997+0000][3369.292s][debug][safepoint     ] Safepoint synchronization initiated. (186 threads)
[2023-10-31T09:23:21.998+0000][3369.293s][info ][safepoint     ] Application time: 1.0007490 seconds
[2023-10-31T09:23:21.999+0000][3369.293s][info ][safepoint     ] Entering safepoint region: Cleanup
[2023-10-31T09:23:21.999+0000][3369.294s][info ][safepoint     ] Leaving safepoint region
[2023-10-31T09:23:22.000+0000][3369.294s][info ][safepoint     ] Total time for which application threads were stopped: 0.0011920 seconds, Stopping threads took: 0.0005587 seconds
[2023-10-31T09:23:23.000+0000][3370.295s][debug][safepoint     ] Safepoint synchronization initiated. (186 threads)
[2023-10-31T09:23:23.001+0000][3370.296s][info ][safepoint     ] Application time: 1.0006165 seconds
[2023-10-31T09:23:23.001+0000][3370.296s][info ][safepoint     ] Entering safepoint region: Cleanup
[2023-10-31T09:23:23.002+0000][3370.297s][info ][safepoint     ] Leaving safepoint region
[2023-10-31T09:23:23.002+0000][3370.297s][info ][safepoint     ] Total time for which application threads were stopped: 0.0009170 seconds, Stopping threads took: 0.0004549 seconds
[2023-10-31T09:23:24.003+0000][3371.298s][debug][safepoint     ] Safepoint synchronization initiated. (186 threads)
[2023-10-31T09:23:24.004+0000][3371.299s][info ][safepoint     ] Application time: 1.0012626 seconds
[2023-10-31T09:23:24.005+0000][3371.299s][info ][safepoint     ] Entering safepoint region: Cleanup
[2023-10-31T09:23:24.005+0000][3371.300s][info ][safepoint     ] Leaving safepoint region
[2023-10-31T09:23:24.006+0000][3371.300s][info ][safepoint     ] Total time for which application threads were stopped: 0.0012479 seconds, Stopping threads took: 0.0004761 seconds
[2023-10-31T09:23:25.006+0000][3372.301s][debug][safepoint     ] Safepoint synchronization initiated. (186 threads)
[2023-10-31T09:23:25.007+0000][3372.302s][info ][safepoint     ] Application time: 1.0008264 seconds
[2023-10-31T09:23:25.008+0000][3372.302s][info ][safepoint     ] Entering safepoint region: Cleanup
[2023-10-31T09:23:25.008+0000][3372.303s][info ][safepoint     ] Leaving safepoint region
[2023-10-31T09:23:25.009+0000][3372.304s][info ][safepoint     ] Total time for which application threads were stopped: 0.0013212 seconds, Stopping threads took: 0.0005792 seconds
[2023-10-31T09:23:26.010+0000][3373.304s][debug][safepoint     ] Safepoint synchronization initiated. (186 threads)
[2023-10-31T09:23:26.010+0000][3373.305s][info ][safepoint     ] Application time: 1.0005613 seconds
[2023-10-31T09:23:26.010+0000][3373.305s][info ][safepoint     ] Entering safepoint region: Cleanup
[2023-10-31T09:23:26.011+0000][3373.305s][info ][safepoint     ] Leaving safepoint region
[2023-10-31T09:23:26.011+0000][3373.306s][info ][safepoint     ] Total time for which application threads were stopped: 0.0007764 seconds, Stopping threads took: 0.0003280 seconds
[2023-10-31T09:23:27.012+0000][3374.306s][debug][safepoint     ] Safepoint synchronization initiated. (186 threads)
[2023-10-31T09:23:27.012+0000][3374.307s][info ][safepoint     ] Application time: 1.0005844 seconds
[2023-10-31T09:23:27.012+0000][3374.307s][info ][safepoint     ] Entering safepoint region: Cleanup
[2023-10-31T09:23:27.013+0000][3374.307s][info ][safepoint     ] Leaving safepoint region
[2023-10-31T09:23:27.013+0000][3374.308s][info ][safepoint     ] Total time for which application threads were stopped: 0.0007987 seconds, Stopping threads took: 0.0003014 seconds
[2023-10-31T09:23:28.014+0000][3375.308s][debug][safepoint     ] Safepoint synchronization initiated. (186 threads)
[2023-10-31T09:23:28.014+0000][3375.309s][info ][safepoint     ] Application time: 1.0008574 seconds
[2023-10-31T09:23:28.015+0000][3375.309s][info ][safepoint     ] Entering safepoint region: Cleanup
[2023-10-31T09:23:28.015+0000][3375.310s][info ][safepoint     ] Leaving safepoint region
[2023-10-31T09:23:28.016+0000][3375.311s][info ][safepoint     ] Total time for which application threads were stopped: 0.0012356 seconds, Stopping threads took: 0.0005183 seconds
[2023-10-31T09:23:29.017+0000][3376.311s][debug][safepoint     ] Safepoint synchronization initiated. (186 threads)
[2023-10-31T09:23:29.017+0000][3376.312s][info ][safepoint     ] Application time: 1.0008263 seconds
[2023-10-31T09:23:29.018+0000][3376.312s][info ][safepoint     ] Entering safepoint region: Cleanup
[2023-10-31T09:23:29.018+0000][3376.313s][info ][safepoint     ] Leaving safepoint region
[2023-10-31T09:23:29.019+0000][3376.313s][info ][safepoint     ] Total time for which application threads were stopped: 0.0009863 seconds, Stopping threads took: 0.0004294 seconds
[2023-10-31T09:23:30.019+0000][3377.314s][debug][safepoint     ] Safepoint synchronization initiated. (186 threads)
[2023-10-31T09:23:30.019+0000][3377.314s][info ][safepoint     ] Application time: 1.0004784 seconds
[2023-10-31T09:23:30.020+0000][3377.314s][info ][safepoint     ] Entering safepoint region: Cleanup
[2023-10-31T09:23:30.020+0000][3377.315s][info ][safepoint     ] Leaving safepoint region
[2023-10-31T09:23:30.020+0000][3377.315s][info ][safepoint     ] Total time for which application threads were stopped: 0.0007611 seconds, Stopping threads took: 0.0003204 seconds
[2023-10-31T09:23:31.021+0000][3378.315s][debug][safepoint     ] Safepoint synchronization initiated. (186 threads)
[2023-10-31T09:23:31.033+0000][3378.328s][info ][safepoint     ] Application time: 1.0123118 seconds
[2023-10-31T09:23:31.034+0000][3378.328s][info ][safepoint     ] Entering safepoint region: Cleanup
[2023-10-31T09:23:31.034+0000][3378.329s][info ][safepoint     ] Leaving safepoint region
[2023-10-31T09:23:31.035+0000][3378.329s][info ][safepoint     ] Total time for which application threads were stopped: 0.0012481 seconds, Stopping threads took: 0.0005594 seconds
[2023-10-31T09:23:32.035+0000][3379.330s][debug][safepoint     ] Safepoint synchronization initiated. (186 threads)
[2023-10-31T09:23:32.036+0000][3379.331s][info ][safepoint     ] Application time: 1.0008114 seconds
[2023-10-31T09:23:32.037+0000][3379.331s][info ][safepoint     ] Entering safepoint region: Cleanup
[2023-10-31T09:23:32.038+0000][3379.332s][info ][safepoint     ] Leaving safepoint region
[2023-10-31T09:23:32.038+0000][3379.333s][info ][safepoint     ] Total time for which application threads were stopped: 0.0013412 seconds, Stopping threads took: 0.0005834 seconds
[2023-10-31T09:23:33.039+0000][3380.333s][debug][safepoint     ] Safepoint synchronization initiated. (186 threads)
[2023-10-31T09:23:33.040+0000][3380.334s][info ][safepoint     ] Application time: 1.0009958 seconds
[2023-10-31T09:23:33.041+0000][3380.335s][info ][safepoint     ] Entering safepoint region: Cleanup
[2023-10-31T09:23:33.041+0000][3380.336s][info ][safepoint     ] Leaving safepoint region
[2023-10-31T09:23:33.042+0000][3380.337s][info ][safepoint     ] Total time for which application threads were stopped: 0.0018107 seconds, Stopping threads took: 0.0007091 seconds
[2023-10-31T09:23:34.043+0000][3381.338s][debug][safepoint     ] Safepoint synchronization initiated. (186 threads)
[2023-10-31T09:23:34.044+0000][3381.338s][info ][safepoint     ] Application time: 1.0007985 seconds
[2023-10-31T09:23:34.044+0000][3381.339s][info ][safepoint     ] Entering safepoint region: Cleanup
[2023-10-31T09:23:34.045+0000][3381.340s][info ][safepoint     ] Leaving safepoint region
[2023-10-31T09:23:34.046+0000][3381.340s][info ][safepoint     ] Total time for which application threads were stopped: 0.0011039 seconds, Stopping threads took: 0.0004459 seconds
[2023-10-31T09:23:35.046+0000][3382.341s][debug][safepoint     ] Safepoint synchronization initiated. (186 threads)
[2023-10-31T09:23:35.047+0000][3382.342s][info ][safepoint     ] Application time: 1.0012795 seconds
[2023-10-31T09:23:35.048+0000][3382.343s][info ][safepoint     ] Entering safepoint region: Cleanup
[2023-10-31T09:23:35.049+0000][3382.344s][info ][safepoint     ] Leaving safepoint region
[2023-10-31T09:23:35.050+0000][3382.345s][info ][safepoint     ] Total time for which application threads were stopped: 0.0020202 seconds, Stopping threads took: 0.0007958 seconds
[2023-10-31T09:23:36.051+0000][3383.346s][debug][safepoint     ] Safepoint synchronization initiated. (186 threads)
[2023-10-31T09:23:36.052+0000][3383.346s][info ][safepoint     ] Application time: 1.0004984 seconds
[2023-10-31T09:23:36.052+0000][3383.347s][info ][safepoint     ] Entering safepoint region: Cleanup
[2023-10-31T09:23:36.052+0000][3383.347s][info ][safepoint     ] Leaving safepoint region
[2023-10-31T09:23:36.053+0000][3383.347s][info ][safepoint     ] Total time for which application threads were stopped: 0.0007327 seconds, Stopping threads took: 0.0003099 seconds
[2023-10-31T09:23:37.053+0000][3384.348s][debug][safepoint     ] Safepoint synchronization initiated. (186 threads)
[2023-10-31T09:23:37.054+0000][3384.348s][info ][safepoint     ] Application time: 1.0005838 seconds
[2023-10-31T09:23:37.054+0000][3384.349s][info ][safepoint     ] Entering safepoint region: Cleanup
[2023-10-31T09:23:37.055+0000][3384.349s][info ][safepoint     ] Leaving safepoint region
[2023-10-31T09:23:37.055+0000][3384.350s][info ][safepoint     ] Total time for which application threads were stopped: 0.0010411 seconds, Stopping threads took: 0.0004707 seconds
[2023-10-31T09:23:38.056+0000][3385.350s][debug][safepoint     ] Safepoint synchronization initiated. (186 threads)
[2023-10-31T09:23:38.056+0000][3385.351s][info ][safepoint     ] Application time: 1.0006473 seconds
[2023-10-31T09:23:38.056+0000][3385.351s][info ][safepoint     ] Entering safepoint region: Cleanup
[2023-10-31T09:23:38.057+0000][3385.352s][info ][safepoint     ] Leaving safepoint region
[2023-10-31T09:23:38.057+0000][3385.352s][info ][safepoint     ] Total time for which application threads were stopped: 0.0008214 seconds, Stopping threads took: 0.0003392 seconds
[2023-10-31T09:23:39.058+0000][3386.352s][debug][safepoint     ] Safepoint synchronization initiated. (186 threads)
[2023-10-31T09:23:39.059+0000][3386.354s][info ][safepoint     ] Application time: 1.0015063 seconds
[2023-10-31T09:23:39.060+0000][3386.355s][info ][safepoint     ] Entering safepoint region: Cleanup
[2023-10-31T09:23:39.061+0000][3386.356s][info ][safepoint     ] Leaving safepoint region
[2023-10-31T09:23:39.062+0000][3386.357s][info ][safepoint     ] Total time for which application threads were stopped: 0.0019276 seconds, Stopping threads took: 0.0008420 seconds
[2023-10-31T09:23:40.063+0000][3387.358s][debug][safepoint     ] Safepoint synchronization initiated. (186 threads)
[2023-10-31T09:23:40.064+0000][3387.359s][info ][safepoint     ] Application time: 1.0012501 seconds
[2023-10-31T09:23:40.065+0000][3387.360s][info ][safepoint     ] Entering safepoint region: Cleanup
[2023-10-31T09:23:40.066+0000][3387.361s][info ][safepoint     ] Leaving safepoint region
[2023-10-31T09:23:40.067+0000][3387.362s][info ][safepoint     ] Total time for which application threads were stopped: 0.0021812 seconds, Stopping threads took: 0.0010021 seconds
[2023-10-31T09:23:41.068+0000][3388.363s][debug][safepoint     ] Safepoint synchronization initiated. (186 threads)
[2023-10-31T09:23:41.069+0000][3388.364s][info ][safepoint     ] Application time: 1.0012344 seconds
[2023-10-31T09:23:41.070+0000][3388.364s][info ][safepoint     ] Entering safepoint region: Cleanup
[2023-10-31T09:23:41.071+0000][3388.365s][info ][safepoint     ] Leaving safepoint region
[2023-10-31T09:23:41.071+0000][3388.366s][info ][safepoint     ] Total time for which application threads were stopped: 0.0017135 seconds, Stopping threads took: 0.0007606 seconds
[2023-10-31T09:23:42.072+0000][3389.367s][debug][safepoint     ] Safepoint synchronization initiated. (186 threads)
[2023-10-31T09:23:42.073+0000][3389.367s][info ][safepoint     ] Application time: 1.0005901 seconds
[2023-10-31T09:23:42.073+0000][3389.368s][info ][safepoint     ] Entering safepoint region: Cleanup
[2023-10-31T09:23:42.074+0000][3389.368s][info ][safepoint     ] Leaving safepoint region
[2023-10-31T09:23:42.074+0000][3389.369s][info ][safepoint     ] Total time for which application threads were stopped: 0.0011007 seconds, Stopping threads took: 0.0004860 seconds
[2023-10-31T09:23:43.075+0000][3390.369s][debug][safepoint     ] Safepoint synchronization initiated. (186 threads)
[2023-10-31T09:23:43.075+0000][3390.370s][info ][safepoint     ] Application time: 1.0006989 seconds
[2023-10-31T09:23:43.076+0000][3390.370s][info ][safepoint     ] Entering safepoint region: Cleanup
[2023-10-31T09:23:43.077+0000][3390.371s][info ][safepoint     ] Leaving safepoint region
[2023-10-31T09:23:43.077+0000][3390.372s][info ][safepoint     ] Total time for which application threads were stopped: 0.0011991 seconds, Stopping threads took: 0.0004790 seconds
[2023-10-31T09:23:44.078+0000][3391.373s][debug][safepoint     ] Safepoint synchronization initiated. (186 threads)
[2023-10-31T09:23:44.098+0000][3391.392s][info ][safepoint     ] Application time: 1.0197665 seconds
[2023-10-31T09:23:44.099+0000][3391.393s][info ][safepoint     ] Entering safepoint region: Cleanup
[2023-10-31T09:23:44.099+0000][3391.394s][info ][safepoint     ] Leaving safepoint region
[2023-10-31T09:23:44.100+0000][3391.394s][info ][safepoint     ] Total time for which application threads were stopped: 0.0012570 seconds, Stopping threads took: 0.0006057 seconds
[2023-10-31T09:23:45.101+0000][3392.395s][debug][safepoint     ] Safepoint synchronization initiated. (186 threads)
[2023-10-31T09:23:45.102+0000][3392.396s][info ][safepoint     ] Application time: 1.0013130 seconds
[2023-10-31T09:23:45.102+0000][3392.397s][info ][safepoint     ] Entering safepoint region: Cleanup
[2023-10-31T09:23:45.103+0000][3392.397s][info ][safepoint     ] Leaving safepoint region
[2023-10-31T09:23:45.104+0000][3392.398s][info ][safepoint     ] Total time for which application threads were stopped: 0.0016384 seconds, Stopping threads took: 0.0005408 seconds
[2023-10-31T09:23:46.104+0000][3393.399s][debug][safepoint     ] Safepoint synchronization initiated. (186 threads)
[2023-10-31T09:23:46.105+0000][3393.399s][info ][safepoint     ] Application time: 1.0006735 seconds
[2023-10-31T09:23:46.105+0000][3393.400s][info ][safepoint     ] Entering safepoint region: Cleanup
[2023-10-31T09:23:46.106+0000][3393.401s][info ][safepoint     ] Leaving safepoint region
[2023-10-31T09:23:46.107+0000][3393.401s][info ][safepoint     ] Total time for which application threads were stopped: 0.0012373 seconds, Stopping threads took: 0.0005147 seconds
[2023-10-31T09:23:47.107+0000][3394.402s][debug][safepoint     ] Safepoint synchronization initiated. (186 threads)
[2023-10-31T09:23:47.108+0000][3394.403s][info ][safepoint     ] Application time: 1.0012103 seconds
[2023-10-31T09:23:47.109+0000][3394.404s][info ][safepoint     ] Entering safepoint region: Cleanup
[2023-10-31T09:23:47.110+0000][3394.405s][info ][safepoint     ] Leaving safepoint region
[2023-10-31T09:23:47.111+0000][3394.405s][info ][safepoint     ] Total time for which application threads were stopped: 0.0016370 seconds, Stopping threads took: 0.0008830 seconds
[2023-10-31T09:23:48.112+0000][3395.406s][debug][safepoint     ] Safepoint synchronization initiated. (186 threads)
[2023-10-31T09:23:48.112+0000][3395.407s][info ][safepoint     ] Application time: 1.0008789 seconds
[2023-10-31T09:23:48.113+0000][3395.407s][info ][safepoint     ] Entering safepoint region: Cleanup
[2023-10-31T09:23:48.113+0000][3395.408s][info ][safepoint     ] Leaving safepoint region
[2023-10-31T09:23:48.114+0000][3395.408s][info ][safepoint     ] Total time for which application threads were stopped: 0.0012349 seconds, Stopping threads took: 0.0005125 seconds
[2023-10-31T09:23:49.114+0000][3396.409s][debug][safepoint     ] Safepoint synchronization initiated. (186 threads)
[2023-10-31T09:23:49.115+0000][3396.410s][info ][safepoint     ] Application time: 1.0007931 seconds
[2023-10-31T09:23:49.116+0000][3396.410s][info ][safepoint     ] Entering safepoint region: Cleanup
[2023-10-31T09:23:49.116+0000][3396.411s][info ][safepoint     ] Leaving safepoint region
[2023-10-31T09:23:49.117+0000][3396.411s][info ][safepoint     ] Total time for which application threads were stopped: 0.0012518 seconds, Stopping threads took: 0.0005190 seconds
[2023-10-31T09:23:50.118+0000][3397.412s][debug][safepoint     ] Safepoint synchronization initiated. (186 threads)
[2023-10-31T09:23:50.118+0000][3397.413s][info ][safepoint     ] Application time: 1.0007063 seconds
[2023-10-31T09:23:50.119+0000][3397.413s][info ][safepoint     ] Entering safepoint region: Cleanup
[2023-10-31T09:23:50.119+0000][3397.414s][info ][safepoint     ] Leaving safepoint region
[2023-10-31T09:23:50.120+0000][3397.414s][info ][safepoint     ] Total time for which application threads were stopped: 0.0011504 seconds, Stopping threads took: 0.0005050 seconds
[2023-10-31T09:23:51.121+0000][3398.415s][debug][safepoint     ] Safepoint synchronization initiated. (186 threads)
[2023-10-31T09:23:51.121+0000][3398.416s][info ][safepoint     ] Application time: 1.0012976 seconds
[2023-10-31T09:23:51.122+0000][3398.417s][info ][safepoint     ] Entering safepoint region: Cleanup
[2023-10-31T09:23:51.123+0000][3398.417s][info ][safepoint     ] Leaving safepoint region
[2023-10-31T09:23:51.123+0000][3398.418s][info ][safepoint     ] Total time for which application threads were stopped: 0.0011579 seconds, Stopping threads took: 0.0004934 seconds
[2023-10-31T09:23:52.124+0000][3399.419s][debug][safepoint     ] Safepoint synchronization initiated. (186 threads)
[2023-10-31T09:23:52.125+0000][3399.420s][info ][safepoint     ] Application time: 1.0013053 seconds
[2023-10-31T09:23:52.126+0000][3399.420s][info ][safepoint     ] Entering safepoint region: Cleanup
[2023-10-31T09:23:52.127+0000][3399.422s][info ][safepoint     ] Leaving safepoint region
[2023-10-31T09:23:52.128+0000][3399.422s][info ][safepoint     ] Total time for which application threads were stopped: 0.0020489 seconds, Stopping threads took: 0.0009292 seconds
[2023-10-31T09:23:53.128+0000][3400.423s][debug][safepoint     ] Safepoint synchronization initiated. (186 threads)
[2023-10-31T09:23:53.130+0000][3400.424s][info ][safepoint     ] Application time: 1.0012589 seconds
[2023-10-31T09:23:53.131+0000][3400.425s][info ][safepoint     ] Entering safepoint region: Cleanup
[2023-10-31T09:23:53.132+0000][3400.426s][info ][safepoint     ] Leaving safepoint region
[2023-10-31T09:23:53.132+0000][3400.427s][info ][safepoint     ] Total time for which application threads were stopped: 0.0017783 seconds, Stopping threads took: 0.0007769 seconds
[2023-10-31T09:23:54.133+0000][3401.428s][debug][safepoint     ] Safepoint synchronization initiated. (186 threads)
[2023-10-31T09:23:54.134+0000][3401.428s][info ][safepoint     ] Application time: 1.0008986 seconds
[2023-10-31T09:23:54.135+0000][3401.430s][info ][safepoint     ] Entering safepoint region: Cleanup
[2023-10-31T09:23:54.137+0000][3401.432s][info ][safepoint     ] Leaving safepoint region
[2023-10-31T09:23:54.137+0000][3401.432s][info ][safepoint     ] Total time for which application threads were stopped: 0.0026574 seconds, Stopping threads took: 0.0017237 seconds
[2023-10-31T09:23:55.138+0000][3402.433s][debug][safepoint     ] Safepoint synchronization initiated. (189 threads)
[2023-10-31T09:23:55.139+0000][3402.433s][info ][safepoint     ] Application time: 1.0009097 seconds
[2023-10-31T09:23:55.139+0000][3402.434s][info ][safepoint     ] Entering safepoint region: Cleanup
[2023-10-31T09:23:55.140+0000][3402.435s][info ][safepoint     ] Leaving safepoint region
[2023-10-31T09:23:55.140+0000][3402.435s][info ][safepoint     ] Total time for which application threads were stopped: 0.0011424 seconds, Stopping threads took: 0.0004588 seconds
[2023-10-31T09:23:56.141+0000][3403.436s][debug][safepoint     ] Safepoint synchronization initiated. (189 threads)
[2023-10-31T09:23:56.142+0000][3403.436s][info ][safepoint     ] Application time: 1.0008948 seconds
[2023-10-31T09:23:56.142+0000][3403.437s][info ][safepoint     ] Entering safepoint region: Cleanup
[2023-10-31T09:23:56.143+0000][3403.438s][info ][safepoint     ] Leaving safepoint region
[2023-10-31T09:23:56.143+0000][3403.438s][info ][safepoint     ] Total time for which application threads were stopped: 0.0012560 seconds, Stopping threads took: 0.0005369 seconds
[2023-10-31T09:23:57.144+0000][3404.439s][debug][safepoint     ] Safepoint synchronization initiated. (189 threads)
[2023-10-31T09:23:57.145+0000][3404.439s][info ][safepoint     ] Application time: 1.0007310 seconds
[2023-10-31T09:23:57.145+0000][3404.440s][info ][safepoint     ] Entering safepoint region: Cleanup
[2023-10-31T09:23:57.146+0000][3404.441s][info ][safepoint     ] Leaving safepoint region
[2023-10-31T09:23:57.146+0000][3404.441s][info ][safepoint     ] Total time for which application threads were stopped: 0.0012185 seconds, Stopping threads took: 0.0004968 seconds
[2023-10-31T09:23:58.147+0000][3405.442s][debug][safepoint     ] Safepoint synchronization initiated. (189 threads)
[2023-10-31T09:23:58.148+0000][3405.442s][info ][safepoint     ] Application time: 1.0007887 seconds
[2023-10-31T09:23:58.148+0000][3405.443s][info ][safepoint     ] Entering safepoint region: Cleanup
[2023-10-31T09:23:58.149+0000][3405.443s][info ][safepoint     ] Leaving safepoint region
[2023-10-31T09:23:58.149+0000][3405.444s][info ][safepoint     ] Total time for which application threads were stopped: 0.0009731 seconds, Stopping threads took: 0.0004484 seconds
[2023-10-31T09:23:59.150+0000][3406.444s][debug][safepoint     ] Safepoint synchronization initiated. (189 threads)
[2023-10-31T09:23:59.150+0000][3406.445s][info ][safepoint     ] Application time: 1.0007713 seconds
[2023-10-31T09:23:59.151+0000][3406.445s][info ][safepoint     ] Entering safepoint region: Cleanup
[2023-10-31T09:23:59.151+0000][3406.446s][info ][safepoint     ] Leaving safepoint region
[2023-10-31T09:23:59.152+0000][3406.446s][info ][safepoint     ] Total time for which application threads were stopped: 0.0010741 seconds, Stopping threads took: 0.0004503 seconds
[2023-10-31T09:24:00.153+0000][3407.447s][debug][safepoint     ] Safepoint synchronization initiated. (189 threads)
[2023-10-31T09:24:00.153+0000][3407.448s][info ][safepoint     ] Application time: 1.0009314 seconds
[2023-10-31T09:24:00.154+0000][3407.448s][info ][safepoint     ] Entering safepoint region: Cleanup
[2023-10-31T09:24:00.154+0000][3407.449s][info ][safepoint     ] Leaving safepoint region
[2023-10-31T09:24:00.155+0000][3407.450s][info ][safepoint     ] Total time for which application threads were stopped: 0.0013535 seconds, Stopping threads took: 0.0005104 seconds
[2023-10-31T09:24:01.156+0000][3408.450s][debug][safepoint     ] Safepoint synchronization initiated. (189 threads)
[2023-10-31T09:24:01.156+0000][3408.451s][info ][safepoint     ] Application time: 1.0008422 seconds
[2023-10-31T09:24:01.157+0000][3408.451s][info ][safepoint     ] Entering safepoint region: Cleanup
[2023-10-31T09:24:01.158+0000][3408.452s][info ][safepoint     ] Leaving safepoint region
[2023-10-31T09:24:01.158+0000][3408.453s][info ][safepoint     ] Total time for which application threads were stopped: 0.0013688 seconds, Stopping threads took: 0.0005692 seconds
[2023-10-31T09:24:02.159+0000][3409.453s][debug][safepoint     ] Safepoint synchronization initiated. (189 threads)
[2023-10-31T09:24:02.159+0000][3409.454s][info ][safepoint     ] Application time: 1.0007787 seconds
[2023-10-31T09:24:02.160+0000][3409.455s][info ][safepoint     ] Entering safepoint region: Cleanup
[2023-10-31T09:24:02.161+0000][3409.456s][info ][safepoint     ] Leaving safepoint region
[2023-10-31T09:24:02.162+0000][3409.457s][info ][safepoint     ] Total time for which application threads were stopped: 0.0019829 seconds, Stopping threads took: 0.0012127 seconds
[2023-10-31T09:24:03.163+0000][3410.457s][debug][safepoint     ] Safepoint synchronization initiated. (189 threads)
[2023-10-31T09:24:03.164+0000][3410.458s][info ][safepoint     ] Application time: 1.0011034 seconds
[2023-10-31T09:24:03.164+0000][3410.459s][info ][safepoint     ] Entering safepoint region: Cleanup
[2023-10-31T09:24:03.165+0000][3410.460s][info ][safepoint     ] Leaving safepoint region
[2023-10-31T09:24:03.166+0000][3410.460s][info ][safepoint     ] Total time for which application threads were stopped: 0.0014899 seconds, Stopping threads took: 0.0006708 seconds
[2023-10-31T09:24:04.166+0000][3411.461s][debug][safepoint     ] Safepoint synchronization initiated. (189 threads)
[2023-10-31T09:24:04.167+0000][3411.462s][info ][safepoint     ] Application time: 1.0008474 seconds
[2023-10-31T09:24:04.168+0000][3411.462s][info ][safepoint     ] Entering safepoint region: Cleanup
[2023-10-31T09:24:04.168+0000][3411.463s][info ][safepoint     ] Leaving safepoint region
[2023-10-31T09:24:04.169+0000][3411.463s][info ][safepoint     ] Total time for which application threads were stopped: 0.0011080 seconds, Stopping threads took: 0.0004987 seconds
[2023-10-31T09:24:05.169+0000][3412.464s][debug][safepoint     ] Safepoint synchronization initiated. (189 threads)
[2023-10-31T09:24:05.170+0000][3412.465s][info ][safepoint     ] Application time: 1.0014259 seconds
[2023-10-31T09:24:05.171+0000][3412.466s][info ][safepoint     ] Entering safepoint region: Cleanup
[2023-10-31T09:24:05.172+0000][3412.467s][info ][safepoint     ] Leaving safepoint region
[2023-10-31T09:24:05.173+0000][3412.468s][info ][safepoint     ] Total time for which application threads were stopped: 0.0018151 seconds, Stopping threads took: 0.0008304 seconds
[2023-10-31T09:24:06.174+0000][3413.468s][debug][safepoint     ] Safepoint synchronization initiated. (189 threads)
[2023-10-31T09:24:06.174+0000][3413.469s][info ][safepoint     ] Application time: 1.0008186 seconds
[2023-10-31T09:24:06.175+0000][3413.470s][info ][safepoint     ] Entering safepoint region: Cleanup
[2023-10-31T09:24:06.176+0000][3413.470s][info ][safepoint     ] Leaving safepoint region
[2023-10-31T09:24:06.176+0000][3413.471s][info ][safepoint     ] Total time for which application threads were stopped: 0.0014817 seconds, Stopping threads took: 0.0005757 seconds
[2023-10-31T09:24:07.177+0000][3414.472s][debug][safepoint     ] Safepoint synchronization initiated. (189 threads)
[2023-10-31T09:24:07.178+0000][3414.473s][info ][safepoint     ] Application time: 1.0010977 seconds
[2023-10-31T09:24:07.179+0000][3414.473s][info ][safepoint     ] Entering safepoint region: Cleanup
[2023-10-31T09:24:07.180+0000][3414.474s][info ][safepoint     ] Leaving safepoint region
[2023-10-31T09:24:07.180+0000][3414.475s][info ][safepoint     ] Total time for which application threads were stopped: 0.0015822 seconds, Stopping threads took: 0.0006993 seconds
[2023-10-31T09:24:08.181+0000][3415.476s][debug][safepoint     ] Safepoint synchronization initiated. (189 threads)
[2023-10-31T09:24:08.181+0000][3415.476s][info ][safepoint     ] Application time: 1.0005122 seconds
[2023-10-31T09:24:08.182+0000][3415.476s][info ][safepoint     ] Entering safepoint region: Cleanup
[2023-10-31T09:24:08.182+0000][3415.477s][info ][safepoint     ] Leaving safepoint region
[2023-10-31T09:24:08.183+0000][3415.477s][info ][safepoint     ] Total time for which application threads were stopped: 0.0008864 seconds, Stopping threads took: 0.0002662 seconds
[2023-10-31T09:24:09.183+0000][3416.478s][debug][safepoint     ] Safepoint synchronization initiated. (189 threads)
[2023-10-31T09:24:09.184+0000][3416.478s][info ][safepoint     ] Application time: 1.0008469 seconds
[2023-10-31T09:24:09.184+0000][3416.479s][info ][safepoint     ] Entering safepoint region: Cleanup
[2023-10-31T09:24:09.185+0000][3416.480s][info ][safepoint     ] Leaving safepoint region
[2023-10-31T09:24:09.185+0000][3416.480s][info ][safepoint     ] Total time for which application threads were stopped: 0.0012655 seconds, Stopping threads took: 0.0004603 seconds
[2023-10-31T09:24:10.186+0000][3417.481s][debug][safepoint     ] Safepoint synchronization initiated. (189 threads)
[2023-10-31T09:24:10.186+0000][3417.481s][info ][safepoint     ] Application time: 1.0005963 seconds
[2023-10-31T09:24:10.187+0000][3417.482s][info ][safepoint     ] Entering safepoint region: Cleanup
[2023-10-31T09:24:10.187+0000][3417.482s][info ][safepoint     ] Leaving safepoint region
[2023-10-31T09:24:10.188+0000][3417.482s][info ][safepoint     ] Total time for which application threads were stopped: 0.0008043 seconds, Stopping threads took: 0.0003521 seconds
[2023-10-31T09:24:11.188+0000][3418.483s][debug][safepoint     ] Safepoint synchronization initiated. (189 threads)
[2023-10-31T09:24:11.189+0000][3418.483s][info ][safepoint     ] Application time: 1.0008504 seconds
[2023-10-31T09:24:11.189+0000][3418.484s][info ][safepoint     ] Entering safepoint region: Cleanup
[2023-10-31T09:24:11.191+0000][3418.486s][info ][safepoint     ] Leaving safepoint region
[2023-10-31T09:24:11.192+0000][3418.487s][info ][safepoint     ] Total time for which application threads were stopped: 0.0029011 seconds, Stopping threads took: 0.0008036 seconds
[2023-10-31T09:24:11.191+0000][3418.486s][debug][safepoint     ] ... found polling page return exception at pc = 0x00007f62e89d70c4, stub =0x00007f62e0840600
[2023-10-31T09:24:11.191+0000][3418.486s][debug][safepoint     ] ... found polling page return exception at pc = 0x00007f62e89d70c4, stub =0x00007f62e0840600
[2023-10-31T09:24:11.191+0000][3418.486s][debug][safepoint     ] ... found polling page return exception at pc = 0x00007f62e89d70c4, stub =0x00007f62e0840600
[2023-10-31T09:24:11.191+0000][3418.486s][debug][safepoint     ] ... found polling page return exception at pc = 0x00007f62e89d70c4, stub =0x00007f62e0840600
[2023-10-31T09:24:11.191+0000][3418.486s][debug][safepoint     ] ... found polling page return exception at pc = 0x00007f62e89d70c4, stub =0x00007f62e0840600
[2023-10-31T09:24:11.191+0000][3418.486s][debug][safepoint     ] ... found polling page return exception at pc = 0x00007f62e89d70c4, stub =0x00007f62e0840600
[2023-10-31T09:24:11.191+0000][3418.486s][debug][safepoint     ] ... found polling page return exception at pc = 0x00007f62e89d70c4, stub =0x00007f62e0840600
[2023-10-31T09:24:12.194+0000][3419.488s][debug][safepoint     ] Safepoint synchronization initiated. (189 threads)
[2023-10-31T09:24:12.194+0000][3419.489s][info ][safepoint     ] Application time: 1.0006704 seconds
[2023-10-31T09:24:12.194+0000][3419.489s][info ][safepoint     ] Entering safepoint region: Cleanup
[2023-10-31T09:24:12.195+0000][3419.489s][info ][safepoint     ] Leaving safepoint region
[2023-10-31T09:24:12.195+0000][3419.490s][info ][safepoint     ] Total time for which application threads were stopped: 0.0008046 seconds, Stopping threads took: 0.0002831 seconds
[2023-10-31T09:24:13.196+0000][3420.490s][debug][safepoint     ] Safepoint synchronization initiated. (189 threads)
[2023-10-31T09:24:13.196+0000][3420.491s][info ][safepoint     ] Application time: 1.0006636 seconds
[2023-10-31T09:24:13.196+0000][3420.491s][info ][safepoint     ] Entering safepoint region: Cleanup
[2023-10-31T09:24:13.197+0000][3420.492s][info ][safepoint     ] Leaving safepoint region
[2023-10-31T09:24:13.198+0000][3420.492s][info ][safepoint     ] Total time for which application threads were stopped: 0.0011470 seconds, Stopping threads took: 0.0004808 seconds
[2023-10-31T09:24:14.200+0000][3421.494s][debug][safepoint     ] Safepoint synchronization initiated. (189 threads)
[2023-10-31T09:24:14.200+0000][3421.495s][info ][safepoint     ] Application time: 1.0006890 seconds
[2023-10-31T09:24:14.201+0000][3421.495s][info ][safepoint     ] Entering safepoint region: Cleanup
[2023-10-31T09:24:14.201+0000][3421.496s][info ][safepoint     ] Leaving safepoint region
[2023-10-31T09:24:14.202+0000][3421.497s][info ][safepoint     ] Total time for which application threads were stopped: 0.0013869 seconds, Stopping threads took: 0.0003701 seconds
[2023-10-31T09:24:15.204+0000][3422.499s][debug][safepoint     ] Safepoint synchronization initiated. (189 threads)
[2023-10-31T09:24:15.205+0000][3422.499s][info ][safepoint     ] Application time: 1.0007505 seconds
[2023-10-31T09:24:15.205+0000][3422.500s][info ][safepoint     ] Entering safepoint region: Cleanup
[2023-10-31T09:24:15.206+0000][3422.500s][info ][safepoint     ] Leaving safepoint region
[2023-10-31T09:24:15.206+0000][3422.501s][info ][safepoint     ] Total time for which application threads were stopped: 0.0009511 seconds, Stopping threads took: 0.0004075 seconds
[2023-10-31T09:24:16.207+0000][3423.501s][debug][safepoint     ] Safepoint synchronization initiated. (189 threads)
[2023-10-31T09:24:16.207+0000][3423.501s][info ][safepoint     ] Application time: 1.0005217 seconds
[2023-10-31T09:24:16.207+0000][3423.502s][info ][safepoint     ] Entering safepoint region: Cleanup
[2023-10-31T09:24:16.208+0000][3423.502s][info ][safepoint     ] Leaving safepoint region
[2023-10-31T09:24:16.208+0000][3423.503s][info ][safepoint     ] Total time for which application threads were stopped: 0.0008127 seconds, Stopping threads took: 0.0003231 seconds
[2023-10-31T09:24:17.209+0000][3424.503s][debug][safepoint     ] Safepoint synchronization initiated. (189 threads)
[2023-10-31T09:24:17.209+0000][3424.504s][info ][safepoint     ] Application time: 1.0007925 seconds
[2023-10-31T09:24:17.210+0000][3424.504s][info ][safepoint     ] Entering safepoint region: Cleanup
[2023-10-31T09:24:17.210+0000][3424.505s][info ][safepoint     ] Leaving safepoint region
[2023-10-31T09:24:17.211+0000][3424.505s][info ][safepoint     ] Total time for which application threads were stopped: 0.0012242 seconds, Stopping threads took: 0.0005536 seconds
[2023-10-31T09:24:18.211+0000][3425.506s][debug][safepoint     ] Safepoint synchronization initiated. (189 threads)
[2023-10-31T09:24:18.212+0000][3425.506s][info ][safepoint     ] Application time: 1.0006507 seconds
[2023-10-31T09:24:18.212+0000][3425.507s][info ][safepoint     ] Entering safepoint region: Cleanup
[2023-10-31T09:24:18.213+0000][3425.508s][info ][safepoint     ] Leaving safepoint region
[2023-10-31T09:24:18.214+0000][3425.508s][info ][safepoint     ] Total time for which application threads were stopped: 0.0012080 seconds, Stopping threads took: 0.0005504 seconds
[2023-10-31T09:24:19.214+0000][3426.509s][debug][safepoint     ] Safepoint synchronization initiated. (189 threads)
[2023-10-31T09:24:19.215+0000][3426.509s][info ][safepoint     ] Application time: 1.0008277 seconds
[2023-10-31T09:24:19.215+0000][3426.510s][info ][safepoint     ] Entering safepoint region: Cleanup
[2023-10-31T09:24:19.216+0000][3426.510s][info ][safepoint     ] Leaving safepoint region
[2023-10-31T09:24:19.216+0000][3426.511s][info ][safepoint     ] Total time for which application threads were stopped: 0.0010267 seconds, Stopping threads took: 0.0003955 seconds
[2023-10-31T09:24:20.217+0000][3427.511s][debug][safepoint     ] Safepoint synchronization initiated. (189 threads)
[2023-10-31T09:24:20.217+0000][3427.512s][info ][safepoint     ] Application time: 1.0008000 seconds
[2023-10-31T09:24:20.218+0000][3427.513s][info ][safepoint     ] Entering safepoint region: Cleanup
[2023-10-31T09:24:20.219+0000][3427.513s][info ][safepoint     ] Leaving safepoint region
[2023-10-31T09:24:20.219+0000][3427.514s][info ][safepoint     ] Total time for which application threads were stopped: 0.0012725 seconds, Stopping threads took: 0.0004832 seconds
[2023-10-31T09:24:21.220+0000][3428.514s][debug][safepoint     ] Safepoint synchronization initiated. (189 threads)
[2023-10-31T09:24:21.221+0000][3428.515s][info ][safepoint     ] Application time: 1.0008709 seconds
[2023-10-31T09:24:21.221+0000][3428.516s][info ][safepoint     ] Entering safepoint region: Cleanup
[2023-10-31T09:24:21.222+0000][3428.516s][info ][safepoint     ] Leaving safepoint region
[2023-10-31T09:24:21.222+0000][3428.517s][info ][safepoint     ] Total time for which application threads were stopped: 0.0012130 seconds, Stopping threads took: 0.0004651 seconds
[2023-10-31T09:24:22.223+0000][3429.517s][debug][safepoint     ] Safepoint synchronization initiated. (189 threads)
[2023-10-31T09:24:22.223+0000][3429.518s][info ][safepoint     ] Application time: 1.0006438 seconds
[2023-10-31T09:24:22.224+0000][3429.519s][info ][safepoint     ] Entering safepoint region: Cleanup
[2023-10-31T09:24:22.225+0000][3429.519s][info ][safepoint     ] Leaving safepoint region
[2023-10-31T09:24:22.225+0000][3429.520s][info ][safepoint     ] Total time for which application threads were stopped: 0.0010904 seconds, Stopping threads took: 0.0004244 seconds
[2023-10-31T09:24:23.226+0000][3430.520s][debug][safepoint     ] Safepoint synchronization initiated. (189 threads)
[2023-10-31T09:24:23.226+0000][3430.521s][info ][safepoint     ] Application time: 1.0007130 seconds
[2023-10-31T09:24:23.227+0000][3430.521s][info ][safepoint     ] Entering safepoint region: Cleanup
[2023-10-31T09:24:23.227+0000][3430.522s][info ][safepoint     ] Leaving safepoint region
[2023-10-31T09:24:23.228+0000][3430.522s][info ][safepoint     ] Total time for which application threads were stopped: 0.0011814 seconds, Stopping threads took: 0.0005639 seconds
[2023-10-31T09:24:24.229+0000][3431.523s][debug][safepoint     ] Safepoint synchronization initiated. (189 threads)
[2023-10-31T09:24:24.229+0000][3431.524s][info ][safepoint     ] Application time: 1.0008048 seconds
[2023-10-31T09:24:24.230+0000][3431.524s][info ][safepoint     ] Entering safepoint region: Cleanup
[2023-10-31T09:24:24.230+0000][3431.525s][info ][safepoint     ] Leaving safepoint region
[2023-10-31T09:24:24.231+0000][3431.526s][info ][safepoint     ] Total time for which application threads were stopped: 0.0011707 seconds, Stopping threads took: 0.0005210 seconds
[2023-10-31T09:24:25.232+0000][3432.526s][debug][safepoint     ] Safepoint synchronization initiated. (189 threads)
[2023-10-31T09:24:25.232+0000][3432.527s][info ][safepoint     ] Application time: 1.0009657 seconds
[2023-10-31T09:24:25.233+0000][3432.528s][info ][safepoint     ] Entering safepoint region: Cleanup
[2023-10-31T09:24:25.234+0000][3432.528s][info ][safepoint     ] Leaving safepoint region
[2023-10-31T09:24:25.234+0000][3432.529s][info ][safepoint     ] Total time for which application threads were stopped: 0.0012509 seconds, Stopping threads took: 0.0005316 seconds
[2023-10-31T09:24:26.235+0000][3433.530s][debug][safepoint     ] Safepoint synchronization initiated. (189 threads)
[2023-10-31T09:24:26.236+0000][3433.530s][info ][safepoint     ] Application time: 1.0006528 seconds
[2023-10-31T09:24:26.236+0000][3433.531s][info ][safepoint     ] Entering safepoint region: Cleanup
[2023-10-31T09:24:26.237+0000][3433.531s][info ][safepoint     ] Leaving safepoint region
[2023-10-31T09:24:26.237+0000][3433.532s][info ][safepoint     ] Total time for which application threads were stopped: 0.0011829 seconds, Stopping threads took: 0.0005324 seconds
[2023-10-31T09:24:27.238+0000][3434.532s][debug][safepoint     ] Safepoint synchronization initiated. (189 threads)
[2023-10-31T09:24:27.238+0000][3434.533s][info ][safepoint     ] Application time: 1.0006382 seconds
[2023-10-31T09:24:27.239+0000][3434.533s][info ][safepoint     ] Entering safepoint region: Cleanup
[2023-10-31T09:24:27.240+0000][3434.534s][info ][safepoint     ] Leaving safepoint region
[2023-10-31T09:24:27.240+0000][3434.535s][info ][safepoint     ] Total time for which application threads were stopped: 0.0012513 seconds, Stopping threads took: 0.0004531 seconds
[2023-10-31T09:24:28.241+0000][3435.535s][debug][safepoint     ] Safepoint synchronization initiated. (189 threads)
[2023-10-31T09:24:28.241+0000][3435.536s][info ][safepoint     ] Application time: 1.0007223 seconds
[2023-10-31T09:24:28.242+0000][3435.536s][info ][safepoint     ] Entering safepoint region: Cleanup
[2023-10-31T09:24:28.243+0000][3435.537s][info ][safepoint     ] Leaving safepoint region
[2023-10-31T09:24:28.243+0000][3435.538s][info ][safepoint     ] Total time for which application threads were stopped: 0.0012246 seconds, Stopping threads took: 0.0004914 seconds
[2023-10-31T09:24:29.244+0000][3436.538s][debug][safepoint     ] Safepoint synchronization initiated. (189 threads)
[2023-10-31T09:24:29.245+0000][3436.540s][info ][safepoint     ] Application time: 1.0016156 seconds
[2023-10-31T09:24:29.246+0000][3436.541s][info ][safepoint     ] Entering safepoint region: Cleanup
[2023-10-31T09:24:29.248+0000][3436.542s][info ][safepoint     ] Leaving safepoint region
[2023-10-31T09:24:29.248+0000][3436.543s][info ][safepoint     ] Total time for which application threads were stopped: 0.0022944 seconds, Stopping threads took: 0.0009377 seconds
[2023-10-31T09:24:30.249+0000][3437.544s][debug][safepoint     ] Safepoint synchronization initiated. (189 threads)
[2023-10-31T09:24:30.250+0000][3437.545s][info ][safepoint     ] Application time: 1.0009341 seconds
[2023-10-31T09:24:30.251+0000][3437.545s][info ][safepoint     ] Entering safepoint region: Cleanup
[2023-10-31T09:24:30.252+0000][3437.546s][info ][safepoint     ] Leaving safepoint region
[2023-10-31T09:24:30.252+0000][3437.547s][info ][safepoint     ] Total time for which application threads were stopped: 0.0015580 seconds, Stopping threads took: 0.0007530 seconds
[2023-10-31T09:24:31.253+0000][3438.548s][debug][safepoint     ] Safepoint synchronization initiated. (189 threads)
[2023-10-31T09:24:31.254+0000][3438.548s][info ][safepoint     ] Application time: 1.0009327 seconds
[2023-10-31T09:24:31.254+0000][3438.549s][info ][safepoint     ] Entering safepoint region: Cleanup
[2023-10-31T09:24:31.255+0000][3438.550s][info ][safepoint     ] Leaving safepoint region
[2023-10-31T09:24:31.256+0000][3438.550s][info ][safepoint     ] Total time for which application threads were stopped: 0.0012752 seconds, Stopping threads took: 0.0005826 seconds
[2023-10-31T09:24:32.256+0000][3439.551s][debug][safepoint     ] Safepoint synchronization initiated. (189 threads)
[2023-10-31T09:24:32.257+0000][3439.552s][info ][safepoint     ] Application time: 1.0008133 seconds
[2023-10-31T09:24:32.258+0000][3439.552s][info ][safepoint     ] Entering safepoint region: Cleanup
[2023-10-31T09:24:32.258+0000][3439.553s][info ][safepoint     ] Leaving safepoint region
[2023-10-31T09:24:32.259+0000][3439.553s][info ][safepoint     ] Total time for which application threads were stopped: 0.0013588 seconds, Stopping threads took: 0.0006679 seconds
[2023-10-31T09:24:33.260+0000][3440.554s][debug][safepoint     ] Safepoint synchronization initiated. (189 threads)
[2023-10-31T09:24:33.260+0000][3440.555s][info ][safepoint     ] Application time: 1.0008517 seconds
[2023-10-31T09:24:33.261+0000][3440.555s][info ][safepoint     ] Entering safepoint region: Cleanup
[2023-10-31T09:24:33.261+0000][3440.556s][info ][safepoint     ] Leaving safepoint region
[2023-10-31T09:24:33.262+0000][3440.556s][info ][safepoint     ] Total time for which application threads were stopped: 0.0012637 seconds, Stopping threads took: 0.0005268 seconds
[2023-10-31T09:24:34.263+0000][3441.557s][debug][safepoint     ] Safepoint synchronization initiated. (189 threads)
[2023-10-31T09:24:34.264+0000][3441.558s][info ][safepoint     ] Application time: 1.0011801 seconds
[2023-10-31T09:24:34.265+0000][3441.559s][info ][safepoint     ] Entering safepoint region: Cleanup
[2023-10-31T09:24:34.265+0000][3441.560s][info ][safepoint     ] Leaving safepoint region
[2023-10-31T09:24:34.266+0000][3441.561s][info ][safepoint     ] Total time for which application threads were stopped: 0.0015842 seconds, Stopping threads took: 0.0006776 seconds
[2023-10-31T09:24:35.267+0000][3442.562s][debug][safepoint     ] Safepoint synchronization initiated. (189 threads)
[2023-10-31T09:24:35.268+0000][3442.562s][info ][safepoint     ] Application time: 1.0008999 seconds
[2023-10-31T09:24:35.268+0000][3442.563s][info ][safepoint     ] Entering safepoint region: Cleanup
[2023-10-31T09:24:35.269+0000][3442.563s][info ][safepoint     ] Leaving safepoint region
[2023-10-31T09:24:35.269+0000][3442.564s][info ][safepoint     ] Total time for which application threads were stopped: 0.0012082 seconds, Stopping threads took: 0.0004669 seconds
[2023-10-31T09:24:36.270+0000][3443.565s][debug][safepoint     ] Safepoint synchronization initiated. (189 threads)
[2023-10-31T09:24:36.271+0000][3443.566s][info ][safepoint     ] Application time: 1.0011386 seconds
[2023-10-31T09:24:36.272+0000][3443.566s][info ][safepoint     ] Entering safepoint region: Cleanup
[2023-10-31T09:24:36.273+0000][3443.567s][info ][safepoint     ] Leaving safepoint region
[2023-10-31T09:24:36.274+0000][3443.568s][info ][safepoint     ] Total time for which application threads were stopped: 0.0018540 seconds, Stopping threads took: 0.0007960 seconds
[2023-10-31T09:24:37.274+0000][3444.569s][debug][safepoint     ] Safepoint synchronization initiated. (189 threads)
[2023-10-31T09:24:37.276+0000][3444.570s][info ][safepoint     ] Application time: 1.0015310 seconds
[2023-10-31T09:24:37.277+0000][3444.571s][info ][safepoint     ] Entering safepoint region: Cleanup
[2023-10-31T09:24:37.278+0000][3444.572s][info ][safepoint     ] Leaving safepoint region
[2023-10-31T09:24:37.279+0000][3444.573s][info ][safepoint     ] Total time for which application threads were stopped: 0.0021368 seconds, Stopping threads took: 0.0010371 seconds
[2023-10-31T09:24:38.280+0000][3445.574s][debug][safepoint     ] Safepoint synchronization initiated. (189 threads)
[2023-10-31T09:24:38.280+0000][3445.575s][info ][safepoint     ] Application time: 1.0009857 seconds
[2023-10-31T09:24:38.281+0000][3445.576s][info ][safepoint     ] Entering safepoint region: Cleanup
[2023-10-31T09:24:38.282+0000][3445.576s][info ][safepoint     ] Leaving safepoint region
[2023-10-31T09:24:38.282+0000][3445.577s][info ][safepoint     ] Total time for which application threads were stopped: 0.0013327 seconds, Stopping threads took: 0.0005667 seconds
[2023-10-31T09:24:39.284+0000][3446.578s][debug][safepoint     ] Safepoint synchronization initiated. (189 threads)
[2023-10-31T09:24:39.285+0000][3446.579s][info ][safepoint     ] Application time: 1.0018357 seconds
[2023-10-31T09:24:39.285+0000][3446.580s][info ][safepoint     ] Entering safepoint region: Cleanup
[2023-10-31T09:24:39.286+0000][3446.580s][info ][safepoint     ] Leaving safepoint region
[2023-10-31T09:24:39.286+0000][3446.581s][info ][safepoint     ] Total time for which application threads were stopped: 0.0009422 seconds, Stopping threads took: 0.0004715 seconds
[2023-10-31T09:24:40.287+0000][3447.581s][debug][safepoint     ] Safepoint synchronization initiated. (189 threads)
[2023-10-31T09:24:40.288+0000][3447.583s][info ][safepoint     ] Application time: 1.0017280 seconds
[2023-10-31T09:24:40.289+0000][3447.583s][info ][safepoint     ] Entering safepoint region: Cleanup
[2023-10-31T09:24:40.290+0000][3447.584s][info ][safepoint     ] Leaving safepoint region
[2023-10-31T09:24:40.290+0000][3447.585s][info ][safepoint     ] Total time for which application threads were stopped: 0.0013947 seconds, Stopping threads took: 0.0005570 seconds
[2023-10-31T09:24:41.291+0000][3448.585s][debug][safepoint     ] Safepoint synchronization initiated. (189 threads)
[2023-10-31T09:24:41.292+0000][3448.586s][info ][safepoint     ] Application time: 1.0008575 seconds
[2023-10-31T09:24:41.292+0000][3448.587s][info ][safepoint     ] Entering safepoint region: Cleanup
[2023-10-31T09:24:41.293+0000][3448.588s][info ][safepoint     ] Leaving safepoint region
[2023-10-31T09:24:41.294+0000][3448.588s][info ][safepoint     ] Total time for which application threads were stopped: 0.0017474 seconds, Stopping threads took: 0.0008564 seconds
[2023-10-31T09:24:42.295+0000][3449.589s][debug][safepoint     ] Safepoint synchronization initiated. (189 threads)
[2023-10-31T09:24:42.295+0000][3449.590s][info ][safepoint     ] Application time: 1.0008531 seconds
[2023-10-31T09:24:42.296+0000][3449.591s][info ][safepoint     ] Entering safepoint region: Cleanup
[2023-10-31T09:24:42.297+0000][3449.592s][info ][safepoint     ] Leaving safepoint region
[2023-10-31T09:24:42.298+0000][3449.592s][info ][safepoint     ] Total time for which application threads were stopped: 0.0016917 seconds, Stopping threads took: 0.0007904 seconds
[2023-10-31T09:24:43.298+0000][3450.593s][debug][safepoint     ] Safepoint synchronization initiated. (189 threads)
[2023-10-31T09:24:43.299+0000][3450.593s][info ][safepoint     ] Application time: 1.0008442 seconds
[2023-10-31T09:24:43.299+0000][3450.594s][info ][safepoint     ] Entering safepoint region: Cleanup
[2023-10-31T09:24:43.300+0000][3450.595s][info ][safepoint     ] Leaving safepoint region
[2023-10-31T09:24:43.301+0000][3450.595s][info ][safepoint     ] Total time for which application threads were stopped: 0.0011958 seconds, Stopping threads took: 0.0005447 seconds
[2023-10-31T09:24:44.301+0000][3451.596s][debug][safepoint     ] Safepoint synchronization initiated. (189 threads)
[2023-10-31T09:24:44.302+0000][3451.596s][info ][safepoint     ] Application time: 1.0004670 seconds
[2023-10-31T09:24:44.302+0000][3451.597s][info ][safepoint     ] Entering safepoint region: Cleanup
[2023-10-31T09:24:44.302+0000][3451.597s][info ][safepoint     ] Leaving safepoint region
[2023-10-31T09:24:44.303+0000][3451.597s][info ][safepoint     ] Total time for which application threads were stopped: 0.0009369 seconds, Stopping threads took: 0.0004139 seconds
[2023-10-31T09:24:45.303+0000][3452.598s][debug][safepoint     ] Safepoint synchronization initiated. (189 threads)
[2023-10-31T09:24:45.304+0000][3452.598s][info ][safepoint     ] Application time: 1.0006525 seconds
[2023-10-31T09:24:45.304+0000][3452.599s][info ][safepoint     ] Entering safepoint region: Cleanup
[2023-10-31T09:24:45.305+0000][3452.599s][info ][safepoint     ] Leaving safepoint region
[2023-10-31T09:24:45.305+0000][3452.600s][info ][safepoint     ] Total time for which application threads were stopped: 0.0011604 seconds, Stopping threads took: 0.0003777 seconds
[2023-10-31T09:24:46.306+0000][3453.601s][debug][safepoint     ] Safepoint synchronization initiated. (189 threads)
[2023-10-31T09:24:46.307+0000][3453.601s][info ][safepoint     ] Application time: 1.0007053 seconds
[2023-10-31T09:24:46.307+0000][3453.602s][info ][safepoint     ] Entering safepoint region: Cleanup
[2023-10-31T09:24:46.308+0000][3453.602s][info ][safepoint     ] Leaving safepoint region
[2023-10-31T09:24:46.308+0000][3453.603s][info ][safepoint     ] Total time for which application threads were stopped: 0.0009933 seconds, Stopping threads took: 0.0005143 seconds
[2023-10-31T09:24:47.309+0000][3454.603s][debug][safepoint     ] Safepoint synchronization initiated. (189 threads)
[2023-10-31T09:24:47.310+0000][3454.604s][info ][safepoint     ] Application time: 1.0012327 seconds
[2023-10-31T09:24:47.311+0000][3454.605s][info ][safepoint     ] Entering safepoint region: Cleanup
[2023-10-31T09:24:47.312+0000][3454.606s][info ][safepoint     ] Leaving safepoint region
[2023-10-31T09:24:47.312+0000][3454.607s][info ][safepoint     ] Total time for which application threads were stopped: 0.0016412 seconds, Stopping threads took: 0.0008553 seconds
[2023-10-31T09:24:48.313+0000][3455.608s][debug][safepoint     ] Safepoint synchronization initiated. (189 threads)
[2023-10-31T09:24:48.314+0000][3455.609s][info ][safepoint     ] Application time: 1.0013457 seconds
[2023-10-31T09:24:48.315+0000][3455.610s][info ][safepoint     ] Entering safepoint region: Cleanup
[2023-10-31T09:24:48.316+0000][3455.611s][info ][safepoint     ] Leaving safepoint region
[2023-10-31T09:24:48.317+0000][3455.612s][info ][safepoint     ] Total time for which application threads were stopped: 0.0022147 seconds, Stopping threads took: 0.0010428 seconds
[2023-10-31T09:24:49.318+0000][3456.613s][debug][safepoint     ] Safepoint synchronization initiated. (189 threads)
[2023-10-31T09:24:49.319+0000][3456.614s][info ][safepoint     ] Application time: 1.0014773 seconds
[2023-10-31T09:24:49.320+0000][3456.615s][info ][safepoint     ] Entering safepoint region: Cleanup
[2023-10-31T09:24:49.322+0000][3456.616s][info ][safepoint     ] Leaving safepoint region
[2023-10-31T09:24:49.323+0000][3456.617s][info ][safepoint     ] Total time for which application threads were stopped: 0.0024627 seconds, Stopping threads took: 0.0009972 seconds
[2023-10-31T09:24:50.324+0000][3457.618s][debug][safepoint     ] Safepoint synchronization initiated. (189 threads)
[2023-10-31T09:24:50.325+0000][3457.619s][info ][safepoint     ] Application time: 1.0010620 seconds
[2023-10-31T09:24:50.325+0000][3457.620s][info ][safepoint     ] Entering safepoint region: Cleanup
[2023-10-31T09:24:50.326+0000][3457.620s][info ][safepoint     ] Leaving safepoint region
[2023-10-31T09:24:50.326+0000][3457.621s][info ][safepoint     ] Total time for which application threads were stopped: 0.0010961 seconds, Stopping threads took: 0.0004585 seconds
[2023-10-31T09:24:51.327+0000][3458.621s][debug][safepoint     ] Safepoint synchronization initiated. (189 threads)
[2023-10-31T09:24:51.328+0000][3458.623s][info ][safepoint     ] Application time: 1.0014384 seconds
[2023-10-31T09:24:51.329+0000][3458.623s][info ][safepoint     ] Entering safepoint region: Cleanup
[2023-10-31T09:24:51.330+0000][3458.625s][info ][safepoint     ] Leaving safepoint region
[2023-10-31T09:24:51.331+0000][3458.625s][info ][safepoint     ] Total time for which application threads were stopped: 0.0018721 seconds, Stopping threads took: 0.0007884 seconds
[2023-10-31T09:24:52.332+0000][3459.626s][debug][safepoint     ] Safepoint synchronization initiated. (189 threads)
[2023-10-31T09:24:52.333+0000][3459.627s][info ][safepoint     ] Application time: 1.0014169 seconds
[2023-10-31T09:24:52.334+0000][3459.629s][info ][safepoint     ] Entering safepoint region: Cleanup
[2023-10-31T09:24:52.335+0000][3459.630s][info ][safepoint     ] Leaving safepoint region
[2023-10-31T09:24:52.336+0000][3459.631s][info ][safepoint     ] Total time for which application threads were stopped: 0.0021184 seconds, Stopping threads took: 0.0010556 seconds
[2023-10-31T09:24:53.337+0000][3460.632s][debug][safepoint     ] Safepoint synchronization initiated. (189 threads)
[2023-10-31T09:24:53.339+0000][3460.633s][info ][safepoint     ] Application time: 1.0017387 seconds
[2023-10-31T09:24:53.340+0000][3460.634s][info ][safepoint     ] Entering safepoint region: Cleanup
[2023-10-31T09:24:53.341+0000][3460.636s][info ][safepoint     ] Leaving safepoint region
[2023-10-31T09:24:53.342+0000][3460.637s][info ][safepoint     ] Total time for which application threads were stopped: 0.0025859 seconds, Stopping threads took: 0.0010452 seconds
[2023-10-31T09:24:54.343+0000][3461.638s][debug][safepoint     ] Safepoint synchronization initiated. (189 threads)
[2023-10-31T09:24:54.344+0000][3461.639s][info ][safepoint     ] Application time: 1.0011780 seconds
[2023-10-31T09:24:54.345+0000][3461.639s][info ][safepoint     ] Entering safepoint region: Cleanup
[2023-10-31T09:24:54.346+0000][3461.640s][info ][safepoint     ] Leaving safepoint region
[2023-10-31T09:24:54.346+0000][3461.641s][info ][safepoint     ] Total time for which application threads were stopped: 0.0013949 seconds, Stopping threads took: 0.0006075 seconds
[2023-10-31T09:24:55.347+0000][3462.642s][debug][safepoint     ] Safepoint synchronization initiated. (189 threads)
[2023-10-31T09:24:55.348+0000][3462.643s][info ][safepoint     ] Application time: 1.0016233 seconds
[2023-10-31T09:24:55.350+0000][3462.644s][info ][safepoint     ] Entering safepoint region: Cleanup
[2023-10-31T09:24:55.351+0000][3462.646s][info ][safepoint     ] Leaving safepoint region
[2023-10-31T09:24:55.352+0000][3462.646s][info ][safepoint     ] Total time for which application threads were stopped: 0.0023530 seconds, Stopping threads took: 0.0011415 seconds
[2023-10-31T09:24:56.353+0000][3463.647s][debug][safepoint     ] Safepoint synchronization initiated. (189 threads)
[2023-10-31T09:24:56.353+0000][3463.648s][info ][safepoint     ] Application time: 1.0007793 seconds
[2023-10-31T09:24:56.354+0000][3463.648s][info ][safepoint     ] Entering safepoint region: Cleanup
[2023-10-31T09:24:56.355+0000][3463.649s][info ][safepoint     ] Leaving safepoint region
[2023-10-31T09:24:56.355+0000][3463.650s][info ][safepoint     ] Total time for which application threads were stopped: 0.0012233 seconds, Stopping threads took: 0.0006240 seconds
[2023-10-31T09:24:57.356+0000][3464.650s][debug][safepoint     ] Safepoint synchronization initiated. (189 threads)
[2023-10-31T09:24:57.357+0000][3464.651s][info ][safepoint     ] Application time: 1.0012974 seconds
[2023-10-31T09:24:57.358+0000][3464.652s][info ][safepoint     ] Entering safepoint region: Cleanup
[2023-10-31T09:24:57.359+0000][3464.654s][info ][safepoint     ] Leaving safepoint region
[2023-10-31T09:24:57.360+0000][3464.654s][info ][safepoint     ] Total time for which application threads were stopped: 0.0020457 seconds, Stopping threads took: 0.0008679 seconds
[2023-10-31T09:24:58.361+0000][3465.655s][debug][safepoint     ] Safepoint synchronization initiated. (188 threads)
[2023-10-31T09:24:58.362+0000][3465.657s][info ][safepoint     ] Application time: 1.0016361 seconds
[2023-10-31T09:24:58.363+0000][3465.658s][info ][safepoint     ] Entering safepoint region: Cleanup
[2023-10-31T09:24:58.365+0000][3465.659s][info ][safepoint     ] Leaving safepoint region
[2023-10-31T09:24:58.366+0000][3465.660s][info ][safepoint     ] Total time for which application threads were stopped: 0.0023930 seconds, Stopping threads took: 0.0010102 seconds
[2023-10-31T09:24:59.367+0000][3466.661s][debug][safepoint     ] Safepoint synchronization initiated. (188 threads)
[2023-10-31T09:24:59.367+0000][3466.662s][info ][safepoint     ] Application time: 1.0008285 seconds
[2023-10-31T09:24:59.368+0000][3466.662s][info ][safepoint     ] Entering safepoint region: Cleanup
[2023-10-31T09:24:59.368+0000][3466.663s][info ][safepoint     ] Leaving safepoint region
[2023-10-31T09:24:59.369+0000][3466.663s][info ][safepoint     ] Total time for which application threads were stopped: 0.0010704 seconds, Stopping threads took: 0.0004482 seconds
[2023-10-31T09:25:00.369+0000][3467.664s][debug][safepoint     ] Safepoint synchronization initiated. (188 threads)
[2023-10-31T09:25:00.370+0000][3467.665s][info ][safepoint     ] Application time: 1.0011020 seconds
[2023-10-31T09:25:00.371+0000][3467.665s][info ][safepoint     ] Entering safepoint region: Cleanup
[2023-10-31T09:25:00.371+0000][3467.666s][info ][safepoint     ] Leaving safepoint region
[2023-10-31T09:25:00.372+0000][3467.666s][info ][safepoint     ] Total time for which application threads were stopped: 0.0012512 seconds, Stopping threads took: 0.0005629 seconds
[2023-10-31T09:25:01.373+0000][3468.667s][debug][safepoint     ] Safepoint synchronization initiated. (188 threads)
[2023-10-31T09:25:01.373+0000][3468.668s][info ][safepoint     ] Application time: 1.0005545 seconds
[2023-10-31T09:25:01.373+0000][3468.668s][info ][safepoint     ] Entering safepoint region: Cleanup
[2023-10-31T09:25:01.374+0000][3468.668s][info ][safepoint     ] Leaving safepoint region
[2023-10-31T09:25:01.374+0000][3468.669s][info ][safepoint     ] Total time for which application threads were stopped: 0.0009575 seconds, Stopping threads took: 0.0003655 seconds
[2023-10-31T09:25:02.375+0000][3469.670s][debug][safepoint     ] Safepoint synchronization initiated. (188 threads)
[2023-10-31T09:25:02.377+0000][3469.671s][info ][safepoint     ] Application time: 1.0018759 seconds
[2023-10-31T09:25:02.377+0000][3469.672s][info ][safepoint     ] Entering safepoint region: Cleanup
[2023-10-31T09:25:02.378+0000][3469.673s][info ][safepoint     ] Leaving safepoint region
[2023-10-31T09:25:02.379+0000][3469.673s][info ][safepoint     ] Total time for which application threads were stopped: 0.0016496 seconds, Stopping threads took: 0.0005312 seconds
[2023-10-31T09:25:03.379+0000][3470.674s][debug][safepoint     ] Safepoint synchronization initiated. (188 threads)
[2023-10-31T09:25:03.380+0000][3470.674s][info ][safepoint     ] Application time: 1.0010076 seconds
[2023-10-31T09:25:03.380+0000][3470.675s][info ][safepoint     ] Entering safepoint region: Cleanup
[2023-10-31T09:25:03.381+0000][3470.676s][info ][safepoint     ] Leaving safepoint region
[2023-10-31T09:25:03.382+0000][3470.676s][info ][safepoint     ] Total time for which application threads were stopped: 0.0012630 seconds, Stopping threads took: 0.0005795 seconds
[2023-10-31T09:25:04.382+0000][3471.677s][debug][safepoint     ] Safepoint synchronization initiated. (188 threads)
[2023-10-31T09:25:04.384+0000][3471.678s][info ][safepoint     ] Application time: 1.0015442 seconds
[2023-10-31T09:25:04.385+0000][3471.679s][info ][safepoint     ] Entering safepoint region: Cleanup
[2023-10-31T09:25:04.386+0000][3471.681s][info ][safepoint     ] Leaving safepoint region
[2023-10-31T09:25:04.387+0000][3471.682s][info ][safepoint     ] Total time for which application threads were stopped: 0.0025074 seconds, Stopping threads took: 0.0010417 seconds
[2023-10-31T09:25:05.388+0000][3472.683s][debug][safepoint     ] Safepoint synchronization initiated. (188 threads)
[2023-10-31T09:25:05.389+0000][3472.683s][info ][safepoint     ] Application time: 1.0007348 seconds
[2023-10-31T09:25:05.389+0000][3472.684s][info ][safepoint     ] Entering safepoint region: Cleanup
[2023-10-31T09:25:05.390+0000][3472.684s][info ][safepoint     ] Leaving safepoint region
[2023-10-31T09:25:05.390+0000][3472.685s][info ][safepoint     ] Total time for which application threads were stopped: 0.0009174 seconds, Stopping threads took: 0.0003910 seconds
[2023-10-31T09:25:06.391+0000][3473.685s][debug][safepoint     ] Safepoint synchronization initiated. (188 threads)
[2023-10-31T09:25:06.391+0000][3473.686s][info ][safepoint     ] Application time: 1.0006207 seconds
[2023-10-31T09:25:06.391+0000][3473.686s][info ][safepoint     ] Entering safepoint region: Cleanup
[2023-10-31T09:25:06.392+0000][3473.686s][info ][safepoint     ] Leaving safepoint region
[2023-10-31T09:25:06.392+0000][3473.687s][info ][safepoint     ] Total time for which application threads were stopped: 0.0008123 seconds, Stopping threads took: 0.0003304 seconds
[2023-10-31T09:25:07.393+0000][3474.688s][debug][safepoint     ] Safepoint synchronization initiated. (188 threads)
[2023-10-31T09:25:07.394+0000][3474.688s][info ][safepoint     ] Application time: 1.0009261 seconds
[2023-10-31T09:25:07.394+0000][3474.689s][info ][safepoint     ] Entering safepoint region: Cleanup
[2023-10-31T09:25:07.395+0000][3474.690s][info ][safepoint     ] Leaving safepoint region
[2023-10-31T09:25:07.396+0000][3474.690s][info ][safepoint     ] Total time for which application threads were stopped: 0.0013197 seconds, Stopping threads took: 0.0006320 seconds
[2023-10-31T09:25:08.396+0000][3475.691s][debug][safepoint     ] Safepoint synchronization initiated. (188 threads)
[2023-10-31T09:25:08.397+0000][3475.691s][info ][safepoint     ] Application time: 1.0006573 seconds
[2023-10-31T09:25:08.397+0000][3475.692s][info ][safepoint     ] Entering safepoint region: Cleanup
[2023-10-31T09:25:08.398+0000][3475.692s][info ][safepoint     ] Leaving safepoint region
[2023-10-31T09:25:08.398+0000][3475.693s][info ][safepoint     ] Total time for which application threads were stopped: 0.0010177 seconds, Stopping threads took: 0.0004859 seconds
[2023-10-31T09:25:09.399+0000][3476.693s][debug][safepoint     ] Safepoint synchronization initiated. (188 threads)
[2023-10-31T09:25:09.399+0000][3476.694s][info ][safepoint     ] Application time: 1.0005056 seconds
[2023-10-31T09:25:09.401+0000][3476.696s][info ][safepoint     ] Entering safepoint region: Cleanup
[2023-10-31T09:25:09.402+0000][3476.696s][info ][safepoint     ] Leaving safepoint region
[2023-10-31T09:25:09.402+0000][3476.697s][info ][safepoint     ] Total time for which application threads were stopped: 0.0017062 seconds, Stopping threads took: 0.0010586 seconds
[2023-10-31T09:25:10.403+0000][3477.698s][debug][safepoint     ] Safepoint synchronization initiated. (188 threads)
[2023-10-31T09:25:10.405+0000][3477.699s][info ][safepoint     ] Application time: 1.0018614 seconds
[2023-10-31T09:25:10.405+0000][3477.700s][info ][safepoint     ] Entering safepoint region: Cleanup
[2023-10-31T09:25:10.406+0000][3477.701s][info ][safepoint     ] Leaving safepoint region
[2023-10-31T09:25:10.407+0000][3477.701s][info ][safepoint     ] Total time for which application threads were stopped: 0.0012907 seconds, Stopping threads took: 0.0005307 seconds
[2023-10-31T09:25:11.407+0000][3478.702s][debug][safepoint     ] Safepoint synchronization initiated. (188 threads)
[2023-10-31T09:25:11.408+0000][3478.702s][info ][safepoint     ] Application time: 1.0007699 seconds
[2023-10-31T09:25:11.408+0000][3478.703s][info ][safepoint     ] Entering safepoint region: Cleanup
[2023-10-31T09:25:11.409+0000][3478.704s][info ][safepoint     ] Leaving safepoint region
[2023-10-31T09:25:11.410+0000][3478.704s][info ][safepoint     ] Total time for which application threads were stopped: 0.0012647 seconds, Stopping threads took: 0.0005721 seconds
[2023-10-31T09:25:12.410+0000][3479.705s][debug][safepoint     ] Safepoint synchronization initiated. (188 threads)
[2023-10-31T09:25:12.411+0000][3479.705s][info ][safepoint     ] Application time: 1.0005898 seconds
[2023-10-31T09:25:12.411+0000][3479.706s][info ][safepoint     ] Entering safepoint region: Cleanup
[2023-10-31T09:25:12.411+0000][3479.706s][info ][safepoint     ] Leaving safepoint region
[2023-10-31T09:25:12.412+0000][3479.706s][info ][safepoint     ] Total time for which application threads were stopped: 0.0008141 seconds, Stopping threads took: 0.0003472 seconds
[2023-10-31T09:25:13.412+0000][3480.707s][debug][safepoint     ] Safepoint synchronization initiated. (187 threads)
[2023-10-31T09:25:13.413+0000][3480.708s][info ][safepoint     ] Application time: 1.0009742 seconds
[2023-10-31T09:25:13.414+0000][3480.708s][info ][safepoint     ] Entering safepoint region: Cleanup
[2023-10-31T09:25:13.414+0000][3480.709s][info ][safepoint     ] Leaving safepoint region
[2023-10-31T09:25:13.415+0000][3480.710s][info ][safepoint     ] Total time for which application threads were stopped: 0.0012897 seconds, Stopping threads took: 0.0005794 seconds
[2023-10-31T09:25:14.416+0000][3481.710s][debug][safepoint     ] Safepoint synchronization initiated. (187 threads)
[2023-10-31T09:25:14.417+0000][3481.711s][info ][safepoint     ] Application time: 1.0009882 seconds
[2023-10-31T09:25:14.417+0000][3481.712s][info ][safepoint     ] Entering safepoint region: Cleanup
[2023-10-31T09:25:14.418+0000][3481.713s][info ][safepoint     ] Leaving safepoint region
[2023-10-31T09:25:14.419+0000][3481.713s][info ][safepoint     ] Total time for which application threads were stopped: 0.0016155 seconds, Stopping threads took: 0.0007273 seconds
[2023-10-31T09:25:15.420+0000][3482.714s][debug][safepoint     ] Safepoint synchronization initiated. (187 threads)
[2023-10-31T09:25:15.420+0000][3482.715s][info ][safepoint     ] Application time: 1.0008652 seconds
[2023-10-31T09:25:15.421+0000][3482.715s][info ][safepoint     ] Entering safepoint region: Cleanup
[2023-10-31T09:25:15.422+0000][3482.716s][info ][safepoint     ] Leaving safepoint region
[2023-10-31T09:25:15.422+0000][3482.717s][info ][safepoint     ] Total time for which application threads were stopped: 0.0012737 seconds, Stopping threads took: 0.0004290 seconds
[2023-10-31T09:25:16.423+0000][3483.717s][debug][safepoint     ] Safepoint synchronization initiated. (187 threads)
[2023-10-31T09:25:16.424+0000][3483.718s][info ][safepoint     ] Application time: 1.0011173 seconds
[2023-10-31T09:25:16.425+0000][3483.719s][info ][safepoint     ] Entering safepoint region: Cleanup
[2023-10-31T09:25:16.425+0000][3483.720s][info ][safepoint     ] Leaving safepoint region
[2023-10-31T09:25:16.426+0000][3483.721s][info ][safepoint     ] Total time for which application threads were stopped: 0.0016336 seconds, Stopping threads took: 0.0006875 seconds
[2023-10-31T09:25:17.427+0000][3484.721s][debug][safepoint     ] Safepoint synchronization initiated. (187 threads)
[2023-10-31T09:25:17.427+0000][3484.722s][info ][safepoint     ] Application time: 1.0005344 seconds
[2023-10-31T09:25:17.428+0000][3484.722s][info ][safepoint     ] Entering safepoint region: Cleanup
[2023-10-31T09:25:17.428+0000][3484.723s][info ][safepoint     ] Leaving safepoint region
[2023-10-31T09:25:17.429+0000][3484.723s][info ][safepoint     ] Total time for which application threads were stopped: 0.0008248 seconds, Stopping threads took: 0.0003810 seconds
[2023-10-31T09:25:18.429+0000][3485.724s][debug][safepoint     ] Safepoint synchronization initiated. (187 threads)
[2023-10-31T09:25:18.430+0000][3485.725s][info ][safepoint     ] Application time: 1.0015306 seconds
[2023-10-31T09:25:18.431+0000][3485.726s][info ][safepoint     ] Entering safepoint region: Cleanup
[2023-10-31T09:25:18.433+0000][3485.727s][info ][safepoint     ] Leaving safepoint region
[2023-10-31T09:25:18.434+0000][3485.728s][info ][safepoint     ] Total time for which application threads were stopped: 0.0023548 seconds, Stopping threads took: 0.0010767 seconds
[2023-10-31T09:25:19.435+0000][3486.729s][debug][safepoint     ] Safepoint synchronization initiated. (187 threads)
[2023-10-31T09:25:19.435+0000][3486.730s][info ][safepoint     ] Application time: 1.0008461 seconds
[2023-10-31T09:25:19.436+0000][3486.731s][info ][safepoint     ] Entering safepoint region: Cleanup
[2023-10-31T09:25:19.437+0000][3486.732s][info ][safepoint     ] Leaving safepoint region
[2023-10-31T09:25:19.438+0000][3486.732s][info ][safepoint     ] Total time for which application threads were stopped: 0.0014817 seconds, Stopping threads took: 0.0007124 seconds
[2023-10-31T09:25:20.438+0000][3487.733s][debug][safepoint     ] Safepoint synchronization initiated. (187 threads)
[2023-10-31T09:25:20.439+0000][3487.734s][info ][safepoint     ] Application time: 1.0010933 seconds
[2023-10-31T09:25:20.440+0000][3487.735s][info ][safepoint     ] Entering safepoint region: Cleanup
[2023-10-31T09:25:20.441+0000][3487.736s][info ][safepoint     ] Leaving safepoint region
[2023-10-31T09:25:20.442+0000][3487.736s][info ][safepoint     ] Total time for which application threads were stopped: 0.0017634 seconds, Stopping threads took: 0.0007082 seconds
[2023-10-31T09:25:21.442+0000][3488.737s][debug][safepoint     ] Safepoint synchronization initiated. (187 threads)
[2023-10-31T09:25:21.443+0000][3488.738s][info ][safepoint     ] Application time: 1.0006856 seconds
[2023-10-31T09:25:21.444+0000][3488.738s][info ][safepoint     ] Entering safepoint region: Cleanup
[2023-10-31T09:25:21.445+0000][3488.739s][info ][safepoint     ] Leaving safepoint region
[2023-10-31T09:25:21.445+0000][3488.739s][info ][safepoint     ] Total time for which application threads were stopped: 0.0011582 seconds, Stopping threads took: 0.0004922 seconds
[2023-10-31T09:25:22.446+0000][3489.740s][debug][safepoint     ] Safepoint synchronization initiated. (187 threads)
[2023-10-31T09:25:22.447+0000][3489.741s][info ][safepoint     ] Application time: 1.0012782 seconds
[2023-10-31T09:25:22.447+0000][3489.742s][info ][safepoint     ] Entering safepoint region: Cleanup
[2023-10-31T09:25:22.448+0000][3489.743s][info ][safepoint     ] Leaving safepoint region
[2023-10-31T09:25:22.449+0000][3489.743s][info ][safepoint     ] Total time for which application threads were stopped: 0.0014255 seconds, Stopping threads took: 0.0005800 seconds
[2023-10-31T09:25:23.449+0000][3490.744s][debug][safepoint     ] Safepoint synchronization initiated. (187 threads)
[2023-10-31T09:25:23.451+0000][3490.745s][info ][safepoint     ] Application time: 1.0015403 seconds
[2023-10-31T09:25:23.452+0000][3490.746s][info ][safepoint     ] Entering safepoint region: Cleanup
[2023-10-31T09:25:23.453+0000][3490.747s][info ][safepoint     ] Leaving safepoint region
[2023-10-31T09:25:23.454+0000][3490.748s][info ][safepoint     ] Total time for which application threads were stopped: 0.0020255 seconds, Stopping threads took: 0.0009243 seconds
[2023-10-31T09:25:24.455+0000][3491.749s][debug][safepoint     ] Safepoint synchronization initiated. (187 threads)
[2023-10-31T09:25:24.456+0000][3491.750s][info ][safepoint     ] Application time: 1.0013733 seconds
[2023-10-31T09:25:24.457+0000][3491.751s][info ][safepoint     ] Entering safepoint region: Cleanup
[2023-10-31T09:25:24.458+0000][3491.753s][info ][safepoint     ] Leaving safepoint region
[2023-10-31T09:25:24.459+0000][3491.754s][info ][safepoint     ] Total time for which application threads were stopped: 0.0025644 seconds, Stopping threads took: 0.0011611 seconds
[2023-10-31T09:25:25.461+0000][3492.755s][debug][safepoint     ] Safepoint synchronization initiated. (187 threads)
[2023-10-31T09:25:25.462+0000][3492.756s][info ][safepoint     ] Application time: 1.0014837 seconds
[2023-10-31T09:25:25.463+0000][3492.757s][info ][safepoint     ] Entering safepoint region: Cleanup
[2023-10-31T09:25:25.464+0000][3492.759s][info ][safepoint     ] Leaving safepoint region
[2023-10-31T09:25:25.465+0000][3492.760s][info ][safepoint     ] Total time for which application threads were stopped: 0.0023209 seconds, Stopping threads took: 0.0010103 seconds
[2023-10-31T09:25:26.466+0000][3493.761s][debug][safepoint     ] Safepoint synchronization initiated. (187 threads)
[2023-10-31T09:25:26.467+0000][3493.762s][info ][safepoint     ] Application time: 1.0013018 seconds
[2023-10-31T09:25:26.468+0000][3493.763s][info ][safepoint     ] Entering safepoint region: Cleanup
[2023-10-31T09:25:26.469+0000][3493.764s][info ][safepoint     ] Leaving safepoint region
[2023-10-31T09:25:26.470+0000][3493.765s][info ][safepoint     ] Total time for which application threads were stopped: 0.0018836 seconds, Stopping threads took: 0.0008315 seconds
[2023-10-31T09:25:27.471+0000][3494.766s][debug][safepoint     ] Safepoint synchronization initiated. (187 threads)
[2023-10-31T09:25:27.472+0000][3494.767s][info ][safepoint     ] Application time: 1.0013357 seconds
[2023-10-31T09:25:27.473+0000][3494.768s][info ][safepoint     ] Entering safepoint region: Cleanup
[2023-10-31T09:25:27.474+0000][3494.769s][info ][safepoint     ] Leaving safepoint region
[2023-10-31T09:25:27.475+0000][3494.769s][info ][safepoint     ] Total time for which application threads were stopped: 0.0018608 seconds, Stopping threads took: 0.0008952 seconds
[2023-10-31T09:25:28.476+0000][3495.770s][debug][safepoint     ] Safepoint synchronization initiated. (187 threads)
[2023-10-31T09:25:28.477+0000][3495.772s][info ][safepoint     ] Application time: 1.0018036 seconds
[2023-10-31T09:25:28.478+0000][3495.773s][info ][safepoint     ] Entering safepoint region: Cleanup
[2023-10-31T09:25:28.480+0000][3495.774s][info ][safepoint     ] Leaving safepoint region
[2023-10-31T09:25:28.481+0000][3495.775s][info ][safepoint     ] Total time for which application threads were stopped: 0.0023801 seconds, Stopping threads took: 0.0011291 seconds
[2023-10-31T09:25:29.482+0000][3496.777s][debug][safepoint     ] Safepoint synchronization initiated. (187 threads)
[2023-10-31T09:25:29.483+0000][3496.778s][info ][safepoint     ] Application time: 1.0013322 seconds
[2023-10-31T09:25:29.484+0000][3496.779s][info ][safepoint     ] Entering safepoint region: Cleanup
[2023-10-31T09:25:29.485+0000][3496.780s][info ][safepoint     ] Leaving safepoint region
[2023-10-31T09:25:29.486+0000][3496.780s][info ][safepoint     ] Total time for which application threads were stopped: 0.0017334 seconds, Stopping threads took: 0.0007314 seconds
[2023-10-31T09:25:30.487+0000][3497.781s][debug][safepoint     ] Safepoint synchronization initiated. (187 threads)
[2023-10-31T09:25:30.488+0000][3497.783s][info ][safepoint     ] Application time: 1.0015614 seconds
[2023-10-31T09:25:30.489+0000][3497.784s][info ][safepoint     ] Entering safepoint region: Cleanup
[2023-10-31T09:25:30.491+0000][3497.785s][info ][safepoint     ] Leaving safepoint region
[2023-10-31T09:25:30.491+0000][3497.786s][info ][safepoint     ] Total time for which application threads were stopped: 0.0023206 seconds, Stopping threads took: 0.0009890 seconds
[2023-10-31T09:25:31.493+0000][3498.787s][debug][safepoint     ] Safepoint synchronization initiated. (187 threads)
[2023-10-31T09:25:31.494+0000][3498.788s][info ][safepoint     ] Application time: 1.0013940 seconds
[2023-10-31T09:25:31.495+0000][3498.789s][info ][safepoint     ] Entering safepoint region: Cleanup
[2023-10-31T09:25:31.496+0000][3498.790s][info ][safepoint     ] Leaving safepoint region
[2023-10-31T09:25:31.496+0000][3498.791s][info ][safepoint     ] Total time for which application threads were stopped: 0.0017722 seconds, Stopping threads took: 0.0008186 seconds
[2023-10-31T09:25:32.497+0000][3499.792s][debug][safepoint     ] Safepoint synchronization initiated. (187 threads)
[2023-10-31T09:25:32.498+0000][3499.793s][info ][safepoint     ] Application time: 1.0012987 seconds
[2023-10-31T09:25:32.499+0000][3499.794s][info ][safepoint     ] Entering safepoint region: Cleanup
[2023-10-31T09:25:32.500+0000][3499.794s][info ][safepoint     ] Leaving safepoint region
[2023-10-31T09:25:32.501+0000][3499.795s][info ][safepoint     ] Total time for which application threads were stopped: 0.0017450 seconds, Stopping threads took: 0.0007136 seconds
[2023-10-31T09:25:33.502+0000][3500.796s][debug][safepoint     ] Safepoint synchronization initiated. (187 threads)
[2023-10-31T09:25:33.503+0000][3500.798s][info ][safepoint     ] Application time: 1.0016013 seconds
[2023-10-31T09:25:33.504+0000][3500.799s][info ][safepoint     ] Entering safepoint region: Cleanup
[2023-10-31T09:25:33.506+0000][3500.800s][info ][safepoint     ] Leaving safepoint region
[2023-10-31T09:25:33.506+0000][3500.801s][info ][safepoint     ] Total time for which application threads were stopped: 0.0022375 seconds, Stopping threads took: 0.0011834 seconds
[2023-10-31T09:25:34.507+0000][3501.802s][debug][safepoint     ] Safepoint synchronization initiated. (187 threads)
[2023-10-31T09:25:34.509+0000][3501.804s][info ][safepoint     ] Application time: 1.0017620 seconds
[2023-10-31T09:25:34.510+0000][3501.804s][info ][safepoint     ] Entering safepoint region: Cleanup
[2023-10-31T09:25:34.511+0000][3501.805s][info ][safepoint     ] Leaving safepoint region
[2023-10-31T09:25:34.512+0000][3501.807s][info ][safepoint     ] Total time for which application threads were stopped: 0.0023196 seconds, Stopping threads took: 0.0005263 seconds
[2023-10-31T09:25:35.514+0000][3502.808s][debug][safepoint     ] Safepoint synchronization initiated. (187 threads)
[2023-10-31T09:25:35.515+0000][3502.809s][info ][safepoint     ] Application time: 1.0009486 seconds
[2023-10-31T09:25:35.515+0000][3502.810s][info ][safepoint     ] Entering safepoint region: Cleanup
[2023-10-31T09:25:35.516+0000][3502.810s][info ][safepoint     ] Leaving safepoint region
[2023-10-31T09:25:35.516+0000][3502.811s][info ][safepoint     ] Total time for which application threads were stopped: 0.0011796 seconds, Stopping threads took: 0.0005391 seconds
[2023-10-31T09:25:36.517+0000][3503.812s][debug][safepoint     ] Safepoint synchronization initiated. (187 threads)
[2023-10-31T09:25:36.518+0000][3503.812s][info ][safepoint     ] Application time: 1.0007723 seconds
[2023-10-31T09:25:36.518+0000][3503.813s][info ][safepoint     ] Entering safepoint region: Cleanup
[2023-10-31T09:25:36.519+0000][3503.813s][info ][safepoint     ] Leaving safepoint region
[2023-10-31T09:25:36.519+0000][3503.814s][info ][safepoint     ] Total time for which application threads were stopped: 0.0013598 seconds, Stopping threads took: 0.0006548 seconds
[2023-10-31T09:25:37.520+0000][3504.815s][debug][safepoint     ] Safepoint synchronization initiated. (187 threads)
[2023-10-31T09:25:37.521+0000][3504.815s][info ][safepoint     ] Application time: 1.0010983 seconds
[2023-10-31T09:25:37.522+0000][3504.816s][info ][safepoint     ] Entering safepoint region: Cleanup
[2023-10-31T09:25:37.523+0000][3504.817s][info ][safepoint     ] Leaving safepoint region
[2023-10-31T09:25:37.523+0000][3504.818s][info ][safepoint     ] Total time for which application threads were stopped: 0.0014578 seconds, Stopping threads took: 0.0006898 seconds
[2023-10-31T09:25:38.524+0000][3505.818s][debug][safepoint     ] Safepoint synchronization initiated. (187 threads)
[2023-10-31T09:25:38.525+0000][3505.820s][info ][safepoint     ] Application time: 1.0014328 seconds
[2023-10-31T09:25:38.526+0000][3505.821s][info ][safepoint     ] Entering safepoint region: Cleanup
[2023-10-31T09:25:38.528+0000][3505.822s][info ][safepoint     ] Leaving safepoint region
[2023-10-31T09:25:38.528+0000][3505.823s][info ][safepoint     ] Total time for which application threads were stopped: 0.0020993 seconds, Stopping threads took: 0.0010373 seconds
[2023-10-31T09:25:39.529+0000][3506.824s][debug][safepoint     ] Safepoint synchronization initiated. (187 threads)
[2023-10-31T09:25:39.530+0000][3506.825s][info ][safepoint     ] Application time: 1.0012678 seconds
[2023-10-31T09:25:39.531+0000][3506.826s][info ][safepoint     ] Entering safepoint region: Cleanup
[2023-10-31T09:25:39.533+0000][3506.827s][info ][safepoint     ] Leaving safepoint region
[2023-10-31T09:25:39.533+0000][3506.828s][info ][safepoint     ] Total time for which application threads were stopped: 0.0021785 seconds, Stopping threads took: 0.0009598 seconds
[2023-10-31T09:25:40.535+0000][3507.829s][debug][safepoint     ] Safepoint synchronization initiated. (187 threads)
[2023-10-31T09:25:40.535+0000][3507.830s][info ][safepoint     ] Application time: 1.0009970 seconds
[2023-10-31T09:25:40.536+0000][3507.831s][info ][safepoint     ] Entering safepoint region: Cleanup
[2023-10-31T09:25:40.537+0000][3507.831s][info ][safepoint     ] Leaving safepoint region
[2023-10-31T09:25:40.537+0000][3507.832s][info ][safepoint     ] Total time for which application threads were stopped: 0.0011806 seconds, Stopping threads took: 0.0005604 seconds
[2023-10-31T09:25:41.538+0000][3508.832s][debug][safepoint     ] Safepoint synchronization initiated. (187 threads)
[2023-10-31T09:25:41.538+0000][3508.833s][info ][safepoint     ] Application time: 1.0006089 seconds
[2023-10-31T09:25:41.539+0000][3508.833s][info ][safepoint     ] Entering safepoint region: Cleanup
[2023-10-31T09:25:41.540+0000][3508.834s][info ][safepoint     ] Leaving safepoint region
[2023-10-31T09:25:41.540+0000][3508.834s][info ][safepoint     ] Total time for which application threads were stopped: 0.0010252 seconds, Stopping threads took: 0.0004562 seconds
[2023-10-31T09:25:42.541+0000][3509.835s][debug][safepoint     ] Safepoint synchronization initiated. (187 threads)
[2023-10-31T09:25:42.541+0000][3509.836s][info ][safepoint     ] Application time: 1.0008106 seconds
[2023-10-31T09:25:42.542+0000][3509.836s][info ][safepoint     ] Entering safepoint region: Cleanup
[2023-10-31T09:25:42.542+0000][3509.837s][info ][safepoint     ] Leaving safepoint region
[2023-10-31T09:25:42.543+0000][3509.837s][info ][safepoint     ] Total time for which application threads were stopped: 0.0012819 seconds, Stopping threads took: 0.0005433 seconds
[2023-10-31T09:25:43.544+0000][3510.838s][debug][safepoint     ] Safepoint synchronization initiated. (187 threads)
[2023-10-31T09:25:43.544+0000][3510.839s][info ][safepoint     ] Application time: 1.0009709 seconds
[2023-10-31T09:25:43.545+0000][3510.839s][info ][safepoint     ] Entering safepoint region: Cleanup
[2023-10-31T09:25:43.545+0000][3510.840s][info ][safepoint     ] Leaving safepoint region
[2023-10-31T09:25:43.546+0000][3510.840s][info ][safepoint     ] Total time for which application threads were stopped: 0.0009971 seconds, Stopping threads took: 0.0003878 seconds
[2023-10-31T09:25:44.546+0000][3511.841s][debug][safepoint     ] Safepoint synchronization initiated. (187 threads)
[2023-10-31T09:25:44.547+0000][3511.842s][info ][safepoint     ] Application time: 1.0010154 seconds
[2023-10-31T09:25:44.548+0000][3511.842s][info ][safepoint     ] Entering safepoint region: Cleanup
[2023-10-31T09:25:44.548+0000][3511.843s][info ][safepoint     ] Leaving safepoint region
[2023-10-31T09:25:44.549+0000][3511.843s][info ][safepoint     ] Total time for which application threads were stopped: 0.0010027 seconds, Stopping threads took: 0.0004586 seconds
[2023-10-31T09:25:45.549+0000][3512.844s][debug][safepoint     ] Safepoint synchronization initiated. (187 threads)
[2023-10-31T09:25:45.550+0000][3512.845s][info ][safepoint     ] Application time: 1.0013828 seconds
[2023-10-31T09:25:45.551+0000][3512.846s][info ][safepoint     ] Entering safepoint region: Cleanup
[2023-10-31T09:25:45.553+0000][3512.847s][info ][safepoint     ] Leaving safepoint region
[2023-10-31T09:25:45.553+0000][3512.848s][info ][safepoint     ] Total time for which application threads were stopped: 0.0019223 seconds, Stopping threads took: 0.0007438 seconds
[2023-10-31T09:25:46.554+0000][3513.849s][debug][safepoint     ] Safepoint synchronization initiated. (187 threads)
[2023-10-31T09:25:46.555+0000][3513.849s][info ][safepoint     ] Application time: 1.0005715 seconds
[2023-10-31T09:25:46.555+0000][3513.850s][info ][safepoint     ] Entering safepoint region: Cleanup
[2023-10-31T09:25:46.556+0000][3513.850s][info ][safepoint     ] Leaving safepoint region
[2023-10-31T09:25:46.556+0000][3513.850s][info ][safepoint     ] Total time for which application threads were stopped: 0.0008615 seconds, Stopping threads took: 0.0003772 seconds
[2023-10-31T09:25:47.556+0000][3514.851s][debug][safepoint     ] Safepoint synchronization initiated. (187 threads)
[2023-10-31T09:25:47.557+0000][3514.851s][info ][safepoint     ] Application time: 1.0006854 seconds
[2023-10-31T09:25:47.557+0000][3514.852s][info ][safepoint     ] Entering safepoint region: Cleanup
[2023-10-31T09:25:47.558+0000][3514.853s][info ][safepoint     ] Leaving safepoint region
[2023-10-31T09:25:47.558+0000][3514.853s][info ][safepoint     ] Total time for which application threads were stopped: 0.0010241 seconds, Stopping threads took: 0.0004497 seconds
[2023-10-31T09:25:48.559+0000][3515.854s][debug][safepoint     ] Safepoint synchronization initiated. (187 threads)
[2023-10-31T09:25:48.561+0000][3515.855s][info ][safepoint     ] Application time: 1.0018559 seconds
[2023-10-31T09:25:48.561+0000][3515.856s][info ][safepoint     ] Entering safepoint region: Cleanup
[2023-10-31T09:25:48.562+0000][3515.856s][info ][safepoint     ] Leaving safepoint region
[2023-10-31T09:25:48.562+0000][3515.857s][info ][safepoint     ] Total time for which application threads were stopped: 0.0012533 seconds, Stopping threads took: 0.0005418 seconds
[2023-10-31T09:25:49.563+0000][3516.857s][debug][safepoint     ] Safepoint synchronization initiated. (187 threads)
[2023-10-31T09:25:49.564+0000][3516.858s][info ][safepoint     ] Application time: 1.0007997 seconds
[2023-10-31T09:25:49.564+0000][3516.859s][info ][safepoint     ] Entering safepoint region: Cleanup
[2023-10-31T09:25:49.565+0000][3516.859s][info ][safepoint     ] Leaving safepoint region
[2023-10-31T09:25:49.565+0000][3516.860s][info ][safepoint     ] Total time for which application threads were stopped: 0.0011863 seconds, Stopping threads took: 0.0005158 seconds
[2023-10-31T09:25:50.566+0000][3517.861s][debug][safepoint     ] Safepoint synchronization initiated. (187 threads)
[2023-10-31T09:25:50.567+0000][3517.861s][info ][safepoint     ] Application time: 1.0010276 seconds
[2023-10-31T09:25:50.567+0000][3517.862s][info ][safepoint     ] Entering safepoint region: Cleanup
[2023-10-31T09:25:50.568+0000][3517.863s][info ][safepoint     ] Leaving safepoint region
[2023-10-31T09:25:50.569+0000][3517.863s][info ][safepoint     ] Total time for which application threads were stopped: 0.0013621 seconds, Stopping threads took: 0.0006044 seconds
[2023-10-31T09:25:51.570+0000][3518.864s][debug][safepoint     ] Safepoint synchronization initiated. (187 threads)
[2023-10-31T09:25:51.571+0000][3518.865s][info ][safepoint     ] Application time: 1.0016709 seconds
[2023-10-31T09:25:51.572+0000][3518.866s][info ][safepoint     ] Entering safepoint region: Cleanup
[2023-10-31T09:25:51.573+0000][3518.868s][info ][safepoint     ] Leaving safepoint region
[2023-10-31T09:25:51.574+0000][3518.868s][info ][safepoint     ] Total time for which application threads were stopped: 0.0020528 seconds, Stopping threads took: 0.0010037 seconds
[2023-10-31T09:25:52.575+0000][3519.869s][debug][safepoint     ] Safepoint synchronization initiated. (187 threads)
[2023-10-31T09:25:52.576+0000][3519.870s][info ][safepoint     ] Application time: 1.0010526 seconds
[2023-10-31T09:25:52.576+0000][3519.871s][info ][safepoint     ] Entering safepoint region: Cleanup
[2023-10-31T09:25:52.577+0000][3519.871s][info ][safepoint     ] Leaving safepoint region
[2023-10-31T09:25:52.577+0000][3519.872s][info ][safepoint     ] Total time for which application threads were stopped: 0.0009877 seconds, Stopping threads took: 0.0004976 seconds
[2023-10-31T09:25:53.578+0000][3520.872s][debug][safepoint     ] Safepoint synchronization initiated. (187 threads)
[2023-10-31T09:25:53.578+0000][3520.873s][info ][safepoint     ] Application time: 1.0006917 seconds
[2023-10-31T09:25:53.579+0000][3520.873s][info ][safepoint     ] Entering safepoint region: Cleanup
[2023-10-31T09:25:53.579+0000][3520.874s][info ][safepoint     ] Leaving safepoint region
[2023-10-31T09:25:53.580+0000][3520.874s][info ][safepoint     ] Total time for which application threads were stopped: 0.0012265 seconds, Stopping threads took: 0.0005259 seconds
[2023-10-31T09:25:54.581+0000][3521.875s][debug][safepoint     ] Safepoint synchronization initiated. (187 threads)
[2023-10-31T09:25:54.582+0000][3521.876s][info ][safepoint     ] Application time: 1.0016071 seconds
[2023-10-31T09:25:54.583+0000][3521.878s][info ][safepoint     ] Entering safepoint region: Cleanup
[2023-10-31T09:25:54.585+0000][3521.879s][info ][safepoint     ] Leaving safepoint region
[2023-10-31T09:25:54.586+0000][3521.880s][info ][safepoint     ] Total time for which application threads were stopped: 0.0025435 seconds, Stopping threads took: 0.0011798 seconds
[2023-10-31T09:25:55.587+0000][3522.881s][debug][safepoint     ] Safepoint synchronization initiated. (187 threads)
[2023-10-31T09:25:55.588+0000][3522.883s][info ][safepoint     ] Application time: 1.0016299 seconds
[2023-10-31T09:25:55.589+0000][3522.884s][info ][safepoint     ] Entering safepoint region: Cleanup
[2023-10-31T09:25:55.590+0000][3522.885s][info ][safepoint     ] Leaving safepoint region
[2023-10-31T09:25:55.591+0000][3522.886s][info ][safepoint     ] Total time for which application threads were stopped: 0.0022186 seconds, Stopping threads took: 0.0009818 seconds
[2023-10-31T09:25:56.592+0000][3523.887s][debug][safepoint     ] Safepoint synchronization initiated. (187 threads)
[2023-10-31T09:25:56.593+0000][3523.887s][info ][safepoint     ] Application time: 1.0006813 seconds
[2023-10-31T09:25:56.593+0000][3523.888s][info ][safepoint     ] Entering safepoint region: Cleanup
[2023-10-31T09:25:56.594+0000][3523.888s][info ][safepoint     ] Leaving safepoint region
[2023-10-31T09:25:56.594+0000][3523.889s][info ][safepoint     ] Total time for which application threads were stopped: 0.0010280 seconds, Stopping threads took: 0.0004188 seconds
[2023-10-31T09:25:57.595+0000][3524.889s][debug][safepoint     ] Safepoint synchronization initiated. (187 threads)
[2023-10-31T09:25:57.595+0000][3524.890s][info ][safepoint     ] Application time: 1.0005564 seconds
[2023-10-31T09:25:57.596+0000][3524.890s][info ][safepoint     ] Entering safepoint region: Cleanup
[2023-10-31T09:25:57.596+0000][3524.891s][info ][safepoint     ] Leaving safepoint region
[2023-10-31T09:25:57.597+0000][3524.891s][info ][safepoint     ] Total time for which application threads were stopped: 0.0010617 seconds, Stopping threads took: 0.0005725 seconds
[2023-10-31T09:25:58.597+0000][3525.892s][debug][safepoint     ] Safepoint synchronization initiated. (187 threads)
[2023-10-31T09:25:58.598+0000][3525.892s][info ][safepoint     ] Application time: 1.0008823 seconds
[2023-10-31T09:25:58.598+0000][3525.893s][info ][safepoint     ] Entering safepoint region: Cleanup
[2023-10-31T09:25:58.599+0000][3525.894s][info ][safepoint     ] Leaving safepoint region
[2023-10-31T09:25:58.599+0000][3525.894s][info ][safepoint     ] Total time for which application threads were stopped: 0.0011383 seconds, Stopping threads took: 0.0005047 seconds
[2023-10-31T09:25:59.600+0000][3526.895s][debug][safepoint     ] Safepoint synchronization initiated. (187 threads)
[2023-10-31T09:25:59.601+0000][3526.896s][info ][safepoint     ] Application time: 1.0012925 seconds
[2023-10-31T09:25:59.602+0000][3526.897s][info ][safepoint     ] Entering safepoint region: Cleanup
[2023-10-31T09:25:59.603+0000][3526.898s][info ][safepoint     ] Leaving safepoint region
[2023-10-31T09:25:59.604+0000][3526.899s][info ][safepoint     ] Total time for which application threads were stopped: 0.0021202 seconds, Stopping threads took: 0.0008924 seconds
[2023-10-31T09:26:00.605+0000][3527.900s][debug][safepoint     ] Safepoint synchronization initiated. (187 threads)
[2023-10-31T09:26:00.606+0000][3527.900s][info ][safepoint     ] Application time: 1.0007482 seconds
[2023-10-31T09:26:00.607+0000][3527.902s][info ][safepoint     ] Entering safepoint region: Cleanup
[2023-10-31T09:26:00.609+0000][3527.904s][info ][safepoint     ] Leaving safepoint region
[2023-10-31T09:26:00.610+0000][3527.904s][info ][safepoint     ] Total time for which application threads were stopped: 0.0027239 seconds, Stopping threads took: 0.0016818 seconds
[2023-10-31T09:26:01.610+0000][3528.905s][debug][safepoint     ] Safepoint synchronization initiated. (187 threads)
[2023-10-31T09:26:01.611+0000][3528.906s][info ][safepoint     ] Application time: 1.0013713 seconds
[2023-10-31T09:26:01.612+0000][3528.906s][info ][safepoint     ] Entering safepoint region: Cleanup
[2023-10-31T09:26:01.613+0000][3528.907s][info ][safepoint     ] Leaving safepoint region
[2023-10-31T09:26:01.613+0000][3528.908s][info ][safepoint     ] Total time for which application threads were stopped: 0.0012592 seconds, Stopping threads took: 0.0006191 seconds
[2023-10-31T09:26:02.614+0000][3529.909s][debug][safepoint     ] Safepoint synchronization initiated. (187 threads)
[2023-10-31T09:26:02.615+0000][3529.909s][info ][safepoint     ] Application time: 1.0011855 seconds
[2023-10-31T09:26:02.615+0000][3529.910s][info ][safepoint     ] Entering safepoint region: Cleanup
[2023-10-31T09:26:02.616+0000][3529.911s][info ][safepoint     ] Leaving safepoint region
[2023-10-31T09:26:02.617+0000][3529.911s][info ][safepoint     ] Total time for which application threads were stopped: 0.0014359 seconds, Stopping threads took: 0.0006181 seconds
[2023-10-31T09:26:02.616+0000][3529.911s][debug][safepoint     ] ... found polling page return exception at pc = 0x00007f62e89d70c4, stub =0x00007f62e0840600
[2023-10-31T09:26:02.616+0000][3529.911s][debug][safepoint     ] ... found polling page return exception at pc = 0x00007f62e89d70c4, stub =0x00007f62e0840600
[2023-10-31T09:26:02.616+0000][3529.911s][debug][safepoint     ] ... found polling page return exception at pc = 0x00007f62e89d70c4, stub =0x00007f62e0840600
[2023-10-31T09:26:02.616+0000][3529.911s][debug][safepoint     ] ... found polling page return exception at pc = 0x00007f62e89d70c4, stub =0x00007f62e0840600
[2023-10-31T09:26:02.616+0000][3529.911s][debug][safepoint     ] ... found polling page return exception at pc = 0x00007f62e89d70c4, stub =0x00007f62e0840600
[2023-10-31T09:26:03.618+0000][3530.912s][debug][safepoint     ] Safepoint synchronization initiated. (187 threads)
[2023-10-31T09:26:03.618+0000][3530.913s][info ][safepoint     ] Application time: 1.0009660 seconds
[2023-10-31T09:26:03.619+0000][3530.913s][info ][safepoint     ] Entering safepoint region: Cleanup
[2023-10-31T09:26:03.620+0000][3530.914s][info ][safepoint     ] Leaving safepoint region
[2023-10-31T09:26:03.620+0000][3530.915s][info ][safepoint     ] Total time for which application threads were stopped: 0.0012261 seconds, Stopping threads took: 0.0004936 seconds
[2023-10-31T09:26:04.621+0000][3531.915s][debug][safepoint     ] Safepoint synchronization initiated. (187 threads)
[2023-10-31T09:26:04.622+0000][3531.917s][info ][safepoint     ] Application time: 1.0014363 seconds
[2023-10-31T09:26:04.623+0000][3531.917s][info ][safepoint     ] Entering safepoint region: Cleanup
[2023-10-31T09:26:04.624+0000][3531.919s][info ][safepoint     ] Leaving safepoint region
[2023-10-31T09:26:04.625+0000][3531.919s][info ][safepoint     ] Total time for which application threads were stopped: 0.0020381 seconds, Stopping threads took: 0.0008115 seconds
[2023-10-31T09:26:05.625+0000][3532.920s][debug][safepoint     ] Safepoint synchronization initiated. (187 threads)
[2023-10-31T09:26:05.627+0000][3532.921s][info ][safepoint     ] Application time: 1.0014986 seconds
[2023-10-31T09:26:05.628+0000][3532.922s][info ][safepoint     ] Entering safepoint region: Cleanup
[2023-10-31T09:26:05.629+0000][3532.924s][info ][safepoint     ] Leaving safepoint region
[2023-10-31T09:26:05.630+0000][3532.925s][info ][safepoint     ] Total time for which application threads were stopped: 0.0025136 seconds, Stopping threads took: 0.0010450 seconds
[2023-10-31T09:26:06.631+0000][3533.926s][debug][safepoint     ] Safepoint synchronization initiated. (187 threads)
[2023-10-31T09:26:06.632+0000][3533.926s][info ][safepoint     ] Application time: 1.0006577 seconds
[2023-10-31T09:26:06.632+0000][3533.927s][info ][safepoint     ] Entering safepoint region: Cleanup
[2023-10-31T09:26:06.633+0000][3533.927s][info ][safepoint     ] Leaving safepoint region
[2023-10-31T09:26:06.633+0000][3533.928s][info ][safepoint     ] Total time for which application threads were stopped: 0.0010254 seconds, Stopping threads took: 0.0003925 seconds
[2023-10-31T09:26:07.634+0000][3534.929s][debug][safepoint     ] Safepoint synchronization initiated. (187 threads)
[2023-10-31T09:26:07.635+0000][3534.929s][info ][safepoint     ] Application time: 1.0011852 seconds
[2023-10-31T09:26:07.636+0000][3534.930s][info ][safepoint     ] Entering safepoint region: Cleanup
[2023-10-31T09:26:07.636+0000][3534.931s][info ][safepoint     ] Leaving safepoint region
[2023-10-31T09:26:07.637+0000][3534.931s][info ][safepoint     ] Total time for which application threads were stopped: 0.0011953 seconds, Stopping threads took: 0.0005068 seconds
[2023-10-31T09:26:08.638+0000][3535.932s][debug][safepoint     ] Safepoint synchronization initiated. (187 threads)
[2023-10-31T09:26:08.639+0000][3535.933s][info ][safepoint     ] Application time: 1.0012177 seconds
[2023-10-31T09:26:08.639+0000][3535.934s][info ][safepoint     ] Entering safepoint region: Cleanup
[2023-10-31T09:26:08.641+0000][3535.935s][info ][safepoint     ] Leaving safepoint region
[2023-10-31T09:26:08.642+0000][3535.936s][info ][safepoint     ] Total time for which application threads were stopped: 0.0021854 seconds, Stopping threads took: 0.0008587 seconds
[2023-10-31T09:26:09.643+0000][3536.937s][debug][safepoint     ] Safepoint synchronization initiated. (189 threads)
[2023-10-31T09:26:09.644+0000][3536.939s][info ][safepoint     ] Application time: 1.0017930 seconds
[2023-10-31T09:26:09.645+0000][3536.940s][info ][safepoint     ] Entering safepoint region: Cleanup
[2023-10-31T09:26:09.646+0000][3536.941s][info ][safepoint     ] Leaving safepoint region
[2023-10-31T09:26:09.647+0000][3536.942s][info ][safepoint     ] Total time for which application threads were stopped: 0.0023609 seconds, Stopping threads took: 0.0008915 seconds
[2023-10-31T09:26:10.648+0000][3537.943s][debug][safepoint     ] Safepoint synchronization initiated. (189 threads)
[2023-10-31T09:26:10.649+0000][3537.944s][info ][safepoint     ] Application time: 1.0008778 seconds
[2023-10-31T09:26:10.650+0000][3537.944s][info ][safepoint     ] Entering safepoint region: Cleanup
[2023-10-31T09:26:10.651+0000][3537.945s][info ][safepoint     ] Leaving safepoint region
[2023-10-31T09:26:10.651+0000][3537.946s][info ][safepoint     ] Total time for which application threads were stopped: 0.0013780 seconds, Stopping threads took: 0.0006164 seconds
[2023-10-31T09:26:11.652+0000][3538.946s][debug][safepoint     ] Safepoint synchronization initiated. (189 threads)
[2023-10-31T09:26:11.653+0000][3538.947s][info ][safepoint     ] Application time: 1.0012506 seconds
[2023-10-31T09:26:11.654+0000][3538.948s][info ][safepoint     ] Entering safepoint region: Cleanup
[2023-10-31T09:26:11.655+0000][3538.949s][info ][safepoint     ] Leaving safepoint region
[2023-10-31T09:26:11.655+0000][3538.950s][info ][safepoint     ] Total time for which application threads were stopped: 0.0017371 seconds, Stopping threads took: 0.0007870 seconds
[2023-10-31T09:26:12.656+0000][3539.951s][debug][safepoint     ] Safepoint synchronization initiated. (189 threads)
[2023-10-31T09:26:12.657+0000][3539.952s][info ][safepoint     ] Application time: 1.0011759 seconds
[2023-10-31T09:26:12.658+0000][3539.952s][info ][safepoint     ] Entering safepoint region: Cleanup
[2023-10-31T09:26:12.659+0000][3539.953s][info ][safepoint     ] Leaving safepoint region
[2023-10-31T09:26:12.659+0000][3539.954s][info ][safepoint     ] Total time for which application threads were stopped: 0.0015972 seconds, Stopping threads took: 0.0007266 seconds
[2023-10-31T09:26:13.660+0000][3540.955s][debug][safepoint     ] Safepoint synchronization initiated. (188 threads)
[2023-10-31T09:26:13.661+0000][3540.956s][info ][safepoint     ] Application time: 1.0010353 seconds
[2023-10-31T09:26:13.662+0000][3540.956s][info ][safepoint     ] Entering safepoint region: Cleanup
[2023-10-31T09:26:13.663+0000][3540.957s][info ][safepoint     ] Leaving safepoint region
[2023-10-31T09:26:13.664+0000][3540.958s][info ][safepoint     ] Total time for which application threads were stopped: 0.0016961 seconds, Stopping threads took: 0.0005628 seconds
[2023-10-31T09:26:14.665+0000][3541.959s][debug][safepoint     ] Safepoint synchronization initiated. (186 threads)
[2023-10-31T09:26:14.666+0000][3541.960s][info ][safepoint     ] Application time: 1.0011491 seconds
[2023-10-31T09:26:14.666+0000][3541.961s][info ][safepoint     ] Entering safepoint region: Cleanup
[2023-10-31T09:26:14.667+0000][3541.961s][info ][safepoint     ] Leaving safepoint region
[2023-10-31T09:26:14.667+0000][3541.962s][info ][safepoint     ] Total time for which application threads were stopped: 0.0012508 seconds, Stopping threads took: 0.0005008 seconds
[2023-10-31T09:26:15.668+0000][3542.963s][debug][safepoint     ] Safepoint synchronization initiated. (186 threads)
[2023-10-31T09:26:15.669+0000][3542.964s][info ][safepoint     ] Application time: 1.0013028 seconds
[2023-10-31T09:26:15.670+0000][3542.965s][info ][safepoint     ] Entering safepoint region: Cleanup
[2023-10-31T09:26:15.671+0000][3542.966s][info ][safepoint     ] Leaving safepoint region
[2023-10-31T09:26:15.672+0000][3542.967s][info ][safepoint     ] Total time for which application threads were stopped: 0.0019034 seconds, Stopping threads took: 0.0008008 seconds
[2023-10-31T09:26:16.673+0000][3543.968s][debug][safepoint     ] Safepoint synchronization initiated. (186 threads)
[2023-10-31T09:26:16.674+0000][3543.968s][info ][safepoint     ] Application time: 1.0008564 seconds
[2023-10-31T09:26:16.674+0000][3543.969s][info ][safepoint     ] Entering safepoint region: Cleanup
[2023-10-31T09:26:16.675+0000][3543.970s][info ][safepoint     ] Leaving safepoint region
[2023-10-31T09:26:16.675+0000][3543.970s][info ][safepoint     ] Total time for which application threads were stopped: 0.0012399 seconds, Stopping threads took: 0.0005800 seconds
[2023-10-31T09:26:17.676+0000][3544.971s][debug][safepoint     ] Safepoint synchronization initiated. (188 threads)
[2023-10-31T09:26:17.677+0000][3544.971s][info ][safepoint     ] Application time: 1.0010267 seconds
[2023-10-31T09:26:17.678+0000][3544.972s][info ][safepoint     ] Entering safepoint region: Cleanup
[2023-10-31T09:26:17.678+0000][3544.973s][info ][safepoint     ] Leaving safepoint region
[2023-10-31T09:26:17.679+0000][3544.973s][info ][safepoint     ] Total time for which application threads were stopped: 0.0013408 seconds, Stopping threads took: 0.0006761 seconds
[2023-10-31T09:26:18.680+0000][3545.974s][debug][safepoint     ] Safepoint synchronization initiated. (188 threads)
[2023-10-31T09:26:18.681+0000][3545.975s][info ][safepoint     ] Application time: 1.0013470 seconds
[2023-10-31T09:26:18.682+0000][3545.976s][info ][safepoint     ] Entering safepoint region: Cleanup
[2023-10-31T09:26:18.683+0000][3545.978s][info ][safepoint     ] Leaving safepoint region
[2023-10-31T09:26:18.684+0000][3545.978s][info ][safepoint     ] Total time for which application threads were stopped: 0.0022468 seconds, Stopping threads took: 0.0009361 seconds
[2023-10-31T09:26:19.685+0000][3546.980s][debug][safepoint     ] Safepoint synchronization initiated. (188 threads)
[2023-10-31T09:26:19.686+0000][3546.980s][info ][safepoint     ] Application time: 1.0009836 seconds
[2023-10-31T09:26:19.686+0000][3546.981s][info ][safepoint     ] Entering safepoint region: Cleanup
[2023-10-31T09:26:19.687+0000][3546.982s][info ][safepoint     ] Leaving safepoint region
[2023-10-31T09:26:19.688+0000][3546.982s][info ][safepoint     ] Total time for which application threads were stopped: 0.0013501 seconds, Stopping threads took: 0.0005843 seconds
[2023-10-31T09:26:20.688+0000][3547.983s][debug][safepoint     ] Safepoint synchronization initiated. (188 threads)
[2023-10-31T09:26:20.689+0000][3547.984s][info ][safepoint     ] Application time: 1.0009753 seconds
[2023-10-31T09:26:20.690+0000][3547.984s][info ][safepoint     ] Entering safepoint region: Cleanup
[2023-10-31T09:26:20.690+0000][3547.985s][info ][safepoint     ] Leaving safepoint region
[2023-10-31T09:26:20.691+0000][3547.985s][info ][safepoint     ] Total time for which application threads were stopped: 0.0010867 seconds, Stopping threads took: 0.0004409 seconds
[2023-10-31T09:26:21.691+0000][3548.986s][debug][safepoint     ] Safepoint synchronization initiated. (188 threads)
[2023-10-31T09:26:21.692+0000][3548.987s][info ][safepoint     ] Application time: 1.0012819 seconds
[2023-10-31T09:26:21.693+0000][3548.988s][info ][safepoint     ] Entering safepoint region: Cleanup
[2023-10-31T09:26:21.695+0000][3548.989s][info ][safepoint     ] Leaving safepoint region
[2023-10-31T09:26:21.695+0000][3548.990s][info ][safepoint     ] Total time for which application threads were stopped: 0.0019769 seconds, Stopping threads took: 0.0009352 seconds
[2023-10-31T09:26:22.696+0000][3549.991s][debug][safepoint     ] Safepoint synchronization initiated. (188 threads)
[2023-10-31T09:26:22.698+0000][3549.992s][info ][safepoint     ] Application time: 1.0016707 seconds
[2023-10-31T09:26:22.699+0000][3549.993s][info ][safepoint     ] Entering safepoint region: Cleanup
[2023-10-31T09:26:22.700+0000][3549.995s][info ][safepoint     ] Leaving safepoint region
[2023-10-31T09:26:22.701+0000][3549.995s][info ][safepoint     ] Total time for which application threads were stopped: 0.0021472 seconds, Stopping threads took: 0.0009826 seconds
[2023-10-31T09:26:23.702+0000][3550.996s][debug][safepoint     ] Safepoint synchronization initiated. (188 threads)
[2023-10-31T09:26:23.703+0000][3550.998s][info ][safepoint     ] Application time: 1.0017680 seconds
[2023-10-31T09:26:23.704+0000][3550.999s][info ][safepoint     ] Entering safepoint region: Cleanup
[2023-10-31T09:26:23.706+0000][3551.000s][info ][safepoint     ] Leaving safepoint region
[2023-10-31T09:26:23.707+0000][3551.001s][info ][safepoint     ] Total time for which application threads were stopped: 0.0022411 seconds, Stopping threads took: 0.0010425 seconds
[2023-10-31T09:26:24.708+0000][3552.002s][debug][safepoint     ] Safepoint synchronization initiated. (186 threads)
[2023-10-31T09:26:24.709+0000][3552.003s][info ][safepoint     ] Application time: 1.0013955 seconds
[2023-10-31T09:26:24.710+0000][3552.004s][info ][safepoint     ] Entering safepoint region: Cleanup
[2023-10-31T09:26:24.711+0000][3552.006s][info ][safepoint     ] Leaving safepoint region
[2023-10-31T09:26:24.712+0000][3552.007s][info ][safepoint     ] Total time for which application threads were stopped: 0.0023253 seconds, Stopping threads took: 0.0010469 seconds
[2023-10-31T09:26:25.713+0000][3553.008s][debug][safepoint     ] Safepoint synchronization initiated. (186 threads)
[2023-10-31T09:26:25.714+0000][3553.009s][info ][safepoint     ] Application time: 1.0012517 seconds
[2023-10-31T09:26:25.715+0000][3553.010s][info ][safepoint     ] Entering safepoint region: Cleanup
[2023-10-31T09:26:25.716+0000][3553.011s][info ][safepoint     ] Leaving safepoint region
[2023-10-31T09:26:25.717+0000][3553.011s][info ][safepoint     ] Total time for which application threads were stopped: 0.0018472 seconds, Stopping threads took: 0.0008294 seconds
[2023-10-31T09:26:26.718+0000][3554.012s][debug][safepoint     ] Safepoint synchronization initiated. (186 threads)
[2023-10-31T09:26:26.719+0000][3554.013s][info ][safepoint     ] Application time: 1.0009221 seconds
[2023-10-31T09:26:26.719+0000][3554.014s][info ][safepoint     ] Entering safepoint region: Cleanup
[2023-10-31T09:26:26.720+0000][3554.015s][info ][safepoint     ] Leaving safepoint region
[2023-10-31T09:26:26.721+0000][3554.015s][info ][safepoint     ] Total time for which application threads were stopped: 0.0014213 seconds, Stopping threads took: 0.0006118 seconds
[2023-10-31T09:26:27.721+0000][3555.016s][debug][safepoint     ] Safepoint synchronization initiated. (186 threads)
[2023-10-31T09:26:27.722+0000][3555.017s][info ][safepoint     ] Application time: 1.0010700 seconds
[2023-10-31T09:26:27.723+0000][3555.017s][info ][safepoint     ] Entering safepoint region: Cleanup
[2023-10-31T09:26:27.724+0000][3555.018s][info ][safepoint     ] Leaving safepoint region
[2023-10-31T09:26:27.724+0000][3555.019s][info ][safepoint     ] Total time for which application threads were stopped: 0.0013347 seconds, Stopping threads took: 0.0006516 seconds
[2023-10-31T09:26:28.725+0000][3556.020s][debug][safepoint     ] Safepoint synchronization initiated. (186 threads)
[2023-10-31T09:26:28.726+0000][3556.021s][info ][safepoint     ] Application time: 1.0013010 seconds
[2023-10-31T09:26:28.727+0000][3556.022s][info ][safepoint     ] Entering safepoint region: Cleanup
[2023-10-31T09:26:28.728+0000][3556.023s][info ][safepoint     ] Leaving safepoint region
[2023-10-31T09:26:28.729+0000][3556.024s][info ][safepoint     ] Total time for which application threads were stopped: 0.0023525 seconds, Stopping threads took: 0.0010335 seconds
[2023-10-31T09:26:29.730+0000][3557.025s][debug][safepoint     ] Safepoint synchronization initiated. (186 threads)
[2023-10-31T09:26:29.732+0000][3557.026s][info ][safepoint     ] Application time: 1.0016150 seconds
[2023-10-31T09:26:29.733+0000][3557.027s][info ][safepoint     ] Entering safepoint region: Cleanup
[2023-10-31T09:26:29.734+0000][3557.029s][info ][safepoint     ] Leaving safepoint region
[2023-10-31T09:26:29.735+0000][3557.030s][info ][safepoint     ] Total time for which application threads were stopped: 0.0022585 seconds, Stopping threads took: 0.0008792 seconds
[2023-10-31T09:26:30.736+0000][3558.030s][debug][safepoint     ] Safepoint synchronization initiated. (186 threads)
[2023-10-31T09:26:30.736+0000][3558.031s][info ][safepoint     ] Application time: 1.0006638 seconds
[2023-10-31T09:26:30.737+0000][3558.031s][info ][safepoint     ] Entering safepoint region: Cleanup
[2023-10-31T09:26:30.737+0000][3558.032s][info ][safepoint     ] Leaving safepoint region
[2023-10-31T09:26:30.738+0000][3558.032s][info ][safepoint     ] Total time for which application threads were stopped: 0.0008773 seconds, Stopping threads took: 0.0003496 seconds
[2023-10-31T09:26:31.738+0000][3559.033s][debug][safepoint     ] Safepoint synchronization initiated. (186 threads)
[2023-10-31T09:26:31.739+0000][3559.034s][info ][safepoint     ] Application time: 1.0012896 seconds
[2023-10-31T09:26:31.740+0000][3559.035s][info ][safepoint     ] Entering safepoint region: Cleanup
[2023-10-31T09:26:31.741+0000][3559.036s][info ][safepoint     ] Leaving safepoint region
[2023-10-31T09:26:31.742+0000][3559.036s][info ][safepoint     ] Total time for which application threads were stopped: 0.0016925 seconds, Stopping threads took: 0.0007173 seconds
[2023-10-31T09:26:32.743+0000][3560.037s][debug][safepoint     ] Safepoint synchronization initiated. (186 threads)
[2023-10-31T09:26:32.744+0000][3560.039s][info ][safepoint     ] Application time: 1.0016887 seconds
[2023-10-31T09:26:32.745+0000][3560.040s][info ][safepoint     ] Entering safepoint region: Cleanup
[2023-10-31T09:26:32.746+0000][3560.040s][info ][safepoint     ] Leaving safepoint region
[2023-10-31T09:26:32.746+0000][3560.041s][info ][safepoint     ] Total time for which application threads were stopped: 0.0012280 seconds, Stopping threads took: 0.0005041 seconds
[2023-10-31T09:26:33.747+0000][3561.042s][debug][safepoint     ] Safepoint synchronization initiated. (186 threads)
[2023-10-31T09:26:33.748+0000][3561.043s][info ][safepoint     ] Application time: 1.0014679 seconds
[2023-10-31T09:26:33.749+0000][3561.044s][info ][safepoint     ] Entering safepoint region: Cleanup
[2023-10-31T09:26:33.751+0000][3561.045s][info ][safepoint     ] Leaving safepoint region
[2023-10-31T09:26:33.752+0000][3561.046s][info ][safepoint     ] Total time for which application threads were stopped: 0.0024002 seconds, Stopping threads took: 0.0010210 seconds
[2023-10-31T09:26:34.753+0000][3562.047s][debug][safepoint     ] Safepoint synchronization initiated. (186 threads)
[2023-10-31T09:26:34.754+0000][3562.048s][info ][safepoint     ] Application time: 1.0013418 seconds
[2023-10-31T09:26:34.755+0000][3562.049s][info ][safepoint     ] Entering safepoint region: Cleanup
[2023-10-31T09:26:34.756+0000][3562.050s][info ][safepoint     ] Leaving safepoint region
[2023-10-31T09:26:34.757+0000][3562.051s][info ][safepoint     ] Total time for which application threads were stopped: 0.0019916 seconds, Stopping threads took: 0.0008605 seconds
[2023-10-31T09:26:35.758+0000][3563.052s][debug][safepoint     ] Safepoint synchronization initiated. (186 threads)
[2023-10-31T09:26:35.758+0000][3563.053s][info ][safepoint     ] Application time: 1.0007420 seconds
[2023-10-31T09:26:35.759+0000][3563.053s][info ][safepoint     ] Entering safepoint region: Cleanup
[2023-10-31T09:26:35.759+0000][3563.054s][info ][safepoint     ] Leaving safepoint region
[2023-10-31T09:26:35.760+0000][3563.054s][info ][safepoint     ] Total time for which application threads were stopped: 0.0011680 seconds, Stopping threads took: 0.0004962 seconds
[2023-10-31T09:26:39.761+0000][3567.056s][debug][safepoint     ] Safepoint synchronization initiated. (188 threads)
[2023-10-31T09:26:39.762+0000][3567.057s][info ][safepoint     ] Application time: 4.0016743 seconds
[2023-10-31T09:26:39.763+0000][3567.057s][info ][safepoint     ] Entering safepoint region: Cleanup
[2023-10-31T09:26:39.763+0000][3567.058s][info ][safepoint     ] Leaving safepoint region
[2023-10-31T09:26:39.765+0000][3567.059s][info ][safepoint     ] Total time for which application threads were stopped: 0.0022809 seconds, Stopping threads took: 0.0005355 seconds
[2023-10-31T09:26:40.767+0000][3568.061s][debug][safepoint     ] Safepoint synchronization initiated. (188 threads)
[2023-10-31T09:26:40.767+0000][3568.062s][info ][safepoint     ] Application time: 1.0006702 seconds
[2023-10-31T09:26:40.768+0000][3568.062s][info ][safepoint     ] Entering safepoint region: Cleanup
[2023-10-31T09:26:40.768+0000][3568.063s][info ][safepoint     ] Leaving safepoint region
[2023-10-31T09:26:40.769+0000][3568.063s][info ][safepoint     ] Total time for which application threads were stopped: 0.0012574 seconds, Stopping threads took: 0.0005372 seconds
[2023-10-31T09:26:41.770+0000][3569.064s][debug][safepoint     ] Safepoint synchronization initiated. (188 threads)
[2023-10-31T09:26:41.771+0000][3569.065s][info ][safepoint     ] Application time: 1.0012222 seconds
[2023-10-31T09:26:41.771+0000][3569.066s][info ][safepoint     ] Entering safepoint region: Cleanup
[2023-10-31T09:26:41.772+0000][3569.067s][info ][safepoint     ] Leaving safepoint region
[2023-10-31T09:26:41.773+0000][3569.068s][info ][safepoint     ] Total time for which application threads were stopped: 0.0016147 seconds, Stopping threads took: 0.0007225 seconds
[2023-10-31T09:26:42.774+0000][3570.069s][debug][safepoint     ] Safepoint synchronization initiated. (188 threads)
[2023-10-31T09:26:42.775+0000][3570.070s][info ][safepoint     ] Application time: 1.0012536 seconds
[2023-10-31T09:26:42.776+0000][3570.070s][info ][safepoint     ] Entering safepoint region: Cleanup
[2023-10-31T09:26:42.777+0000][3570.071s][info ][safepoint     ] Leaving safepoint region
[2023-10-31T09:26:42.777+0000][3570.072s][info ][safepoint     ] Total time for which application threads were stopped: 0.0018358 seconds, Stopping threads took: 0.0008383 seconds
[2023-10-31T09:26:43.778+0000][3571.073s][debug][safepoint     ] Safepoint synchronization initiated. (188 threads)
[2023-10-31T09:26:43.779+0000][3571.074s][info ][safepoint     ] Application time: 1.0012178 seconds
[2023-10-31T09:26:43.780+0000][3571.075s][info ][safepoint     ] Entering safepoint region: Cleanup
[2023-10-31T09:26:43.781+0000][3571.076s][info ][safepoint     ] Leaving safepoint region
[2023-10-31T09:26:43.782+0000][3571.076s][info ][safepoint     ] Total time for which application threads were stopped: 0.0018638 seconds, Stopping threads took: 0.0007696 seconds
[2023-10-31T09:26:48.783+0000][3576.078s][debug][safepoint     ] Safepoint synchronization initiated. (187 threads)
[2023-10-31T09:26:48.784+0000][3576.079s][info ][safepoint     ] Application time: 5.0018999 seconds
[2023-10-31T09:26:48.785+0000][3576.080s][info ][safepoint     ] Entering safepoint region: Cleanup
[2023-10-31T09:26:48.786+0000][3576.080s][info ][safepoint     ] Leaving safepoint region
[2023-10-31T09:26:48.786+0000][3576.081s][info ][safepoint     ] Total time for which application threads were stopped: 0.0010126 seconds, Stopping threads took: 0.0004443 seconds
[2023-10-31T09:26:59.179+0000][3586.474s][debug][safepoint     ] Safepoint synchronization initiated. (187 threads)
[2023-10-31T09:26:59.179+0000][3586.474s][info ][safepoint     ] Application time: 10.3928169 seconds
[2023-10-31T09:26:59.180+0000][3586.474s][info ][safepoint     ] Entering safepoint region: G1CollectForAllocation
[2023-10-31T09:26:59.180+0000][3586.475s][info ][gc,start      ] GC(73) Pause Young (Normal) (G1 Evacuation Pause)
[2023-10-31T09:26:59.181+0000][3586.475s][info ][gc,task       ] GC(73) Using 8 workers of 8 for evacuation
[2023-10-31T09:26:59.201+0000][3586.496s][info ][gc,phases     ] GC(73)   Pre Evacuate Collection Set: 0.1ms
[2023-10-31T09:26:59.202+0000][3586.497s][info ][gc,phases     ] GC(73)   Evacuate Collection Set: 12.4ms
[2023-10-31T09:26:59.202+0000][3586.497s][info ][gc,phases     ] GC(73)   Post Evacuate Collection Set: 7.6ms
[2023-10-31T09:26:59.203+0000][3586.497s][info ][gc,phases     ] GC(73)   Other: 0.9ms
[2023-10-31T09:26:59.203+0000][3586.498s][info ][gc,heap       ] GC(73) Eden regions: 209->0(207)
[2023-10-31T09:26:59.204+0000][3586.498s][info ][gc,heap       ] GC(73) Survivor regions: 4->5(27)
[2023-10-31T09:26:59.204+0000][3586.499s][info ][gc,heap       ] GC(73) Old regions: 161->161
[2023-10-31T09:26:59.205+0000][3586.499s][info ][gc,heap       ] GC(73) Humongous regions: 45->45
[2023-10-31T09:26:59.205+0000][3586.500s][info ][gc,metaspace  ] GC(73) Metaspace: 171250K(177104K)->171250K(177104K) NonClass: 151540K(155088K)->151540K(155088K) Class: 19709K(22016K)->19709K(22016K)
[2023-10-31T09:26:59.206+0000][3586.500s][info ][gc            ] GC(73) Pause Young (Normal) (G1 Evacuation Pause) 417M->208M(470M) 25.282ms
[2023-10-31T09:26:59.206+0000][3586.501s][info ][gc,cpu        ] GC(73) User=0.13s Sys=0.01s Real=0.03s
[2023-10-31T09:26:59.207+0000][3586.501s][info ][safepoint     ] Leaving safepoint region
[2023-10-31T09:26:59.207+0000][3586.502s][info ][safepoint     ] Total time for which application threads were stopped: 0.0273938 seconds, Stopping threads took: 0.0002944 seconds
[2023-10-31T09:26:59.208+0000][3586.502s][info ][gc,stringdedup] Concurrent String Deduplication (3586.502s)
[2023-10-31T09:26:59.208+0000][3586.503s][info ][gc,stringdedup] Concurrent String Deduplication 0.0B->0.0B(0.0B) avg 54.4% (3586.502s, 3586.503s) 0.445ms
[2023-10-31T09:27:08.210+0000][3595.505s][debug][safepoint     ] Safepoint synchronization initiated. (187 threads)
[2023-10-31T09:27:08.211+0000][3595.505s][info ][safepoint     ] Application time: 9.0032611 seconds
[2023-10-31T09:27:08.211+0000][3595.506s][info ][safepoint     ] Entering safepoint region: Cleanup
[2023-10-31T09:27:08.213+0000][3595.507s][info ][safepoint     ] Leaving safepoint region
[2023-10-31T09:27:08.213+0000][3595.508s][info ][safepoint     ] Total time for which application threads were stopped: 0.0019291 seconds, Stopping threads took: 0.0008313 seconds
[2023-10-31T09:28:06.228+0000][3653.523s][debug][safepoint     ] Safepoint synchronization initiated. (186 threads)
[2023-10-31T09:28:06.229+0000][3653.523s][info ][safepoint     ] Application time: 58.0148032 seconds
[2023-10-31T09:28:06.230+0000][3653.524s][info ][safepoint     ] Entering safepoint region: Cleanup
[2023-10-31T09:28:06.231+0000][3653.525s][info ][safepoint     ] Leaving safepoint region
[2023-10-31T09:28:06.231+0000][3653.526s][info ][safepoint     ] Total time for which application threads were stopped: 0.0015699 seconds, Stopping threads took: 0.0007624 seconds
[2023-10-31T09:28:07.232+0000][3654.527s][debug][safepoint     ] Safepoint synchronization initiated. (186 threads)
[2023-10-31T09:28:07.233+0000][3654.528s][info ][safepoint     ] Application time: 1.0015180 seconds
[2023-10-31T09:28:07.235+0000][3654.529s][info ][safepoint     ] Entering safepoint region: Cleanup
[2023-10-31T09:28:07.236+0000][3654.531s][info ][safepoint     ] Leaving safepoint region
[2023-10-31T09:28:07.237+0000][3654.532s][info ][safepoint     ] Total time for which application threads were stopped: 0.0023661 seconds, Stopping threads took: 0.0009454 seconds
[2023-10-31T09:28:08.238+0000][3655.533s][debug][safepoint     ] Safepoint synchronization initiated. (186 threads)
[2023-10-31T09:28:08.239+0000][3655.534s][info ][safepoint     ] Application time: 1.0016162 seconds
[2023-10-31T09:28:08.240+0000][3655.535s][info ][safepoint     ] Entering safepoint region: Cleanup
[2023-10-31T09:28:08.242+0000][3655.537s][info ][safepoint     ] Leaving safepoint region
[2023-10-31T09:28:08.243+0000][3655.538s][info ][safepoint     ] Total time for which application threads were stopped: 0.0026690 seconds, Stopping threads took: 0.0010951 seconds
[2023-10-31T09:28:09.244+0000][3656.539s][debug][safepoint     ] Safepoint synchronization initiated. (186 threads)
[2023-10-31T09:28:09.245+0000][3656.540s][info ][safepoint     ] Application time: 1.0010284 seconds
[2023-10-31T09:28:09.246+0000][3656.540s][info ][safepoint     ] Entering safepoint region: Cleanup
[2023-10-31T09:28:09.247+0000][3656.541s][info ][safepoint     ] Leaving safepoint region
[2023-10-31T09:28:09.247+0000][3656.542s][info ][safepoint     ] Total time for which application threads were stopped: 0.0017669 seconds, Stopping threads took: 0.0008384 seconds
[2023-10-31T09:28:10.248+0000][3657.543s][debug][safepoint     ] Safepoint synchronization initiated. (186 threads)
[2023-10-31T09:28:10.249+0000][3657.543s][info ][safepoint     ] Application time: 1.0008066 seconds
[2023-10-31T09:28:10.249+0000][3657.544s][info ][safepoint     ] Entering safepoint region: Cleanup
[2023-10-31T09:28:10.250+0000][3657.544s][info ][safepoint     ] Leaving safepoint region
[2023-10-31T09:28:10.250+0000][3657.545s][info ][safepoint     ] Total time for which application threads were stopped: 0.0011037 seconds, Stopping threads took: 0.0004726 seconds
[2023-10-31T09:28:11.251+0000][3658.546s][debug][safepoint     ] Safepoint synchronization initiated. (186 threads)
[2023-10-31T09:28:11.252+0000][3658.546s][info ][safepoint     ] Application time: 1.0008701 seconds
[2023-10-31T09:28:11.252+0000][3658.547s][info ][safepoint     ] Entering safepoint region: Cleanup
[2023-10-31T09:28:11.253+0000][3658.547s][info ][safepoint     ] Leaving safepoint region
[2023-10-31T09:28:11.253+0000][3658.548s][info ][safepoint     ] Total time for which application threads were stopped: 0.0011251 seconds, Stopping threads took: 0.0004376 seconds
[2023-10-31T09:28:12.254+0000][3659.548s][debug][safepoint     ] Safepoint synchronization initiated. (186 threads)
[2023-10-31T09:28:12.255+0000][3659.549s][info ][safepoint     ] Application time: 1.0011542 seconds
[2023-10-31T09:28:12.256+0000][3659.550s][info ][safepoint     ] Entering safepoint region: Cleanup
[2023-10-31T09:28:12.256+0000][3659.551s][info ][safepoint     ] Leaving safepoint region
[2023-10-31T09:28:12.257+0000][3659.551s][info ][safepoint     ] Total time for which application threads were stopped: 0.0011741 seconds, Stopping threads took: 0.0005015 seconds
[2023-10-31T09:28:13.257+0000][3660.552s][debug][safepoint     ] Safepoint synchronization initiated. (188 threads)
[2023-10-31T09:28:13.258+0000][3660.553s][info ][safepoint     ] Application time: 1.0011380 seconds
[2023-10-31T09:28:13.259+0000][3660.554s][info ][safepoint     ] Entering safepoint region: Cleanup
[2023-10-31T09:28:13.260+0000][3660.555s][info ][safepoint     ] Leaving safepoint region
[2023-10-31T09:28:13.261+0000][3660.555s][info ][safepoint     ] Total time for which application threads were stopped: 0.0015512 seconds, Stopping threads took: 0.0007084 seconds
[2023-10-31T09:28:14.262+0000][3661.556s][debug][safepoint     ] Safepoint synchronization initiated. (188 threads)
[2023-10-31T09:28:14.262+0000][3661.557s][info ][safepoint     ] Application time: 1.0007947 seconds
[2023-10-31T09:28:14.263+0000][3661.557s][info ][safepoint     ] Entering safepoint region: Cleanup
[2023-10-31T09:28:14.263+0000][3661.558s][info ][safepoint     ] Leaving safepoint region
[2023-10-31T09:28:14.264+0000][3661.559s][info ][safepoint     ] Total time for which application threads were stopped: 0.0014474 seconds, Stopping threads took: 0.0006327 seconds
[2023-10-31T09:28:15.265+0000][3662.559s][debug][safepoint     ] Safepoint synchronization initiated. (188 threads)
[2023-10-31T09:28:15.265+0000][3662.560s][info ][safepoint     ] Application time: 1.0010019 seconds
[2023-10-31T09:28:15.266+0000][3662.561s][info ][safepoint     ] Entering safepoint region: Cleanup
[2023-10-31T09:28:15.267+0000][3662.562s][info ][safepoint     ] Leaving safepoint region
[2023-10-31T09:28:15.268+0000][3662.562s][info ][safepoint     ] Total time for which application threads were stopped: 0.0016639 seconds, Stopping threads took: 0.0006833 seconds
[2023-10-31T09:28:16.269+0000][3663.563s][debug][safepoint     ] Safepoint synchronization initiated. (188 threads)
[2023-10-31T09:28:16.270+0000][3663.564s][info ][safepoint     ] Application time: 1.0007728 seconds
[2023-10-31T09:28:16.270+0000][3663.565s][info ][safepoint     ] Entering safepoint region: Cleanup
[2023-10-31T09:28:16.271+0000][3663.566s][info ][safepoint     ] Leaving safepoint region
[2023-10-31T09:28:16.271+0000][3663.566s][info ][safepoint     ] Total time for which application threads were stopped: 0.0014374 seconds, Stopping threads took: 0.0006366 seconds
[2023-10-31T09:28:17.272+0000][3664.567s][debug][safepoint     ] Safepoint synchronization initiated. (188 threads)
[2023-10-31T09:28:17.273+0000][3664.568s][info ][safepoint     ] Application time: 1.0014722 seconds
[2023-10-31T09:28:17.274+0000][3664.569s][info ][safepoint     ] Entering safepoint region: Cleanup
[2023-10-31T09:28:17.276+0000][3664.570s][info ][safepoint     ] Leaving safepoint region
[2023-10-31T09:28:17.276+0000][3664.571s][info ][safepoint     ] Total time for which application threads were stopped: 0.0021605 seconds, Stopping threads took: 0.0009890 seconds
[2023-10-31T09:28:18.278+0000][3665.572s][debug][safepoint     ] Safepoint synchronization initiated. (188 threads)
[2023-10-31T09:28:18.279+0000][3665.573s][info ][safepoint     ] Application time: 1.0013156 seconds
[2023-10-31T09:28:18.280+0000][3665.574s][info ][safepoint     ] Entering safepoint region: Cleanup
[2023-10-31T09:28:18.281+0000][3665.575s][info ][safepoint     ] Leaving safepoint region
[2023-10-31T09:28:18.281+0000][3665.576s][info ][safepoint     ] Total time for which application threads were stopped: 0.0017132 seconds, Stopping threads took: 0.0007010 seconds
[2023-10-31T09:28:19.282+0000][3666.577s][debug][safepoint     ] Safepoint synchronization initiated. (188 threads)
[2023-10-31T09:28:19.284+0000][3666.578s][info ][safepoint     ] Application time: 1.0018404 seconds
[2023-10-31T09:28:19.285+0000][3666.579s][info ][safepoint     ] Entering safepoint region: Cleanup
[2023-10-31T09:28:19.286+0000][3666.581s][info ][safepoint     ] Leaving safepoint region
[2023-10-31T09:28:19.287+0000][3666.581s][info ][safepoint     ] Total time for which application threads were stopped: 0.0018731 seconds, Stopping threads took: 0.0008858 seconds
[2023-10-31T09:28:20.288+0000][3667.582s][debug][safepoint     ] Safepoint synchronization initiated. (188 threads)
[2023-10-31T09:28:20.288+0000][3667.583s][info ][safepoint     ] Application time: 1.0008127 seconds
[2023-10-31T09:28:20.289+0000][3667.583s][info ][safepoint     ] Entering safepoint region: Cleanup
[2023-10-31T09:28:20.289+0000][3667.584s][info ][safepoint     ] Leaving safepoint region
[2023-10-31T09:28:20.290+0000][3667.584s][info ][safepoint     ] Total time for which application threads were stopped: 0.0011550 seconds, Stopping threads took: 0.0004918 seconds
[2023-10-31T09:28:21.291+0000][3668.585s][debug][safepoint     ] Safepoint synchronization initiated. (188 threads)
[2023-10-31T09:28:21.291+0000][3668.586s][info ][safepoint     ] Application time: 1.0012060 seconds
[2023-10-31T09:28:21.292+0000][3668.587s][info ][safepoint     ] Entering safepoint region: Cleanup
[2023-10-31T09:28:21.293+0000][3668.588s][info ][safepoint     ] Leaving safepoint region
[2023-10-31T09:28:21.294+0000][3668.589s][info ][safepoint     ] Total time for which application threads were stopped: 0.0017594 seconds, Stopping threads took: 0.0008437 seconds
[2023-10-31T09:28:22.295+0000][3669.589s][debug][safepoint     ] Safepoint synchronization initiated. (188 threads)
[2023-10-31T09:28:22.296+0000][3669.590s][info ][safepoint     ] Application time: 1.0010535 seconds
[2023-10-31T09:28:22.297+0000][3669.591s][info ][safepoint     ] Entering safepoint region: Cleanup
[2023-10-31T09:28:22.298+0000][3669.592s][info ][safepoint     ] Leaving safepoint region
[2023-10-31T09:28:22.298+0000][3669.593s][info ][safepoint     ] Total time for which application threads were stopped: 0.0017317 seconds, Stopping threads took: 0.0008968 seconds
[2023-10-31T09:28:23.299+0000][3670.594s][debug][safepoint     ] Safepoint synchronization initiated. (188 threads)
[2023-10-31T09:28:23.301+0000][3670.596s][info ][safepoint     ] Application time: 1.0023353 seconds
[2023-10-31T09:28:23.302+0000][3670.596s][info ][safepoint     ] Entering safepoint region: Cleanup
[2023-10-31T09:28:23.303+0000][3670.597s][info ][safepoint     ] Leaving safepoint region
[2023-10-31T09:28:23.303+0000][3670.598s][info ][safepoint     ] Total time for which application threads were stopped: 0.0011799 seconds, Stopping threads took: 0.0004950 seconds
[2023-10-31T09:28:23.303+0000][3670.597s][debug][safepoint     ] ... found polling page return exception at pc = 0x00007f62e89d70c4, stub =0x00007f62e0840600
[2023-10-31T09:28:23.303+0000][3670.597s][debug][safepoint     ] ... found polling page return exception at pc = 0x00007f62e89d70c4, stub =0x00007f62e0840600
[2023-10-31T09:28:23.303+0000][3670.597s][debug][safepoint     ] ... found polling page return exception at pc = 0x00007f62e89d70c4, stub =0x00007f62e0840600
[2023-10-31T09:28:24.304+0000][3671.598s][debug][safepoint     ] Safepoint synchronization initiated. (188 threads)
[2023-10-31T09:28:24.305+0000][3671.599s][info ][safepoint     ] Application time: 1.0012256 seconds
[2023-10-31T09:28:24.305+0000][3671.600s][info ][safepoint     ] Entering safepoint region: Cleanup
[2023-10-31T09:28:24.306+0000][3671.600s][info ][safepoint     ] Leaving safepoint region
[2023-10-31T09:28:24.306+0000][3671.601s][info ][safepoint     ] Total time for which application threads were stopped: 0.0010722 seconds, Stopping threads took: 0.0004674 seconds
[2023-10-31T09:28:25.307+0000][3672.602s][debug][safepoint     ] Safepoint synchronization initiated. (188 threads)
[2023-10-31T09:28:25.308+0000][3672.603s][info ][safepoint     ] Application time: 1.0012273 seconds
[2023-10-31T09:28:25.309+0000][3672.604s][info ][safepoint     ] Entering safepoint region: Cleanup
[2023-10-31T09:28:25.311+0000][3672.605s][info ][safepoint     ] Leaving safepoint region
[2023-10-31T09:28:25.311+0000][3672.606s][info ][safepoint     ] Total time for which application threads were stopped: 0.0022279 seconds, Stopping threads took: 0.0011018 seconds
[2023-10-31T09:28:26.312+0000][3673.607s][debug][safepoint     ] Safepoint synchronization initiated. (188 threads)
[2023-10-31T09:28:26.313+0000][3673.608s][info ][safepoint     ] Application time: 1.0013981 seconds
[2023-10-31T09:28:26.314+0000][3673.609s][info ][safepoint     ] Entering safepoint region: Cleanup
[2023-10-31T09:28:26.315+0000][3673.610s][info ][safepoint     ] Leaving safepoint region
[2023-10-31T09:28:26.316+0000][3673.610s][info ][safepoint     ] Total time for which application threads were stopped: 0.0013912 seconds, Stopping threads took: 0.0006906 seconds
[2023-10-31T09:28:27.316+0000][3674.611s][debug][safepoint     ] Safepoint synchronization initiated. (188 threads)
[2023-10-31T09:28:27.317+0000][3674.612s][info ][safepoint     ] Application time: 1.0013224 seconds
[2023-10-31T09:28:27.318+0000][3674.613s][info ][safepoint     ] Entering safepoint region: Cleanup
[2023-10-31T09:28:27.319+0000][3674.614s][info ][safepoint     ] Leaving safepoint region
[2023-10-31T09:28:27.320+0000][3674.615s][info ][safepoint     ] Total time for which application threads were stopped: 0.0018332 seconds, Stopping threads took: 0.0008774 seconds
[2023-10-31T09:28:28.321+0000][3675.615s][debug][safepoint     ] Safepoint synchronization initiated. (188 threads)
[2023-10-31T09:28:28.322+0000][3675.616s][info ][safepoint     ] Application time: 1.0013917 seconds
[2023-10-31T09:28:28.323+0000][3675.618s][info ][safepoint     ] Entering safepoint region: Cleanup
